04-08 14:29:27.437  2387  2387 W ViewRootImpl: Cancelling event due to no window focus: KeyEvent { action=ACTION_UP, keyCode=KEYCODE_4, scanCode=0, metaState=0, flags=0x28, repeatCount=0, eventTime=1901980, downTime=1901980, deviceId=-1, source=0x101 }
04-08 14:29:27.438  2387  2387 W ViewRootImpl: Cancelling event due to no window focus: KeyEvent { action=ACTION_UP, keyCode=KEYCODE_4, scanCode=0, metaState=0, flags=0x28, repeatCount=0, eventTime=1901980, downTime=1901980, deviceId=-1, source=0x101 }
04-08 14:29:27.445  2387  2387 W ViewRootImpl: Cancelling event due to no window focus: KeyEvent { action=ACTION_UP, keyCode=KEYCODE_4, scanCode=0, metaState=0, flags=0x28, repeatCount=0, eventTime=1901980, downTime=1901980, deviceId=-1, source=0x101 }
04-08 14:29:27.447  2387  2387 W ViewRootImpl: Cancelling event due to no window focus: KeyEvent { action=ACTION_UP, keyCode=KEYCODE_4, scanCode=0, metaState=0, flags=0x28, repeatCount=0, eventTime=1901980, downTime=1901980, deviceId=-1, source=0x101 }
04-08 14:29:27.462  2387  2387 W ViewRootImpl: Cancelling event due to no window focus: KeyEvent { action=ACTION_UP, keyCode=KEYCODE_4, scanCode=0, metaState=0, flags=0x80000028, repeatCount=0, eventTime=1901980, downTime=1901980, deviceId=-1, source=0x101 }
04-08 14:29:27.464  2387  2387 W ViewRootImpl: Cancelling event due to no window focus: KeyEvent { action=ACTION_UP, keyCode=KEYCODE_4, scanCode=0, metaState=0, flags=0x80000028, repeatCount=0, eventTime=1901980, downTime=1901980, deviceId=-1, source=0x101 }
04-08 14:29:27.465  2387  2387 W ViewRootImpl: Cancelling event due to no window focus: KeyEvent { action=ACTION_UP, keyCode=KEYCODE_4, scanCode=0, metaState=0, flags=0x80000028, repeatCount=0, eventTime=1901980, downTime=1901980, deviceId=-1, source=0x101 }
04-08 14:29:36.403   712   806 I ActivityManager: START u0 {act=android.intent.action.SHOW_BRIGHTNESS_DIALOG cmp=com.android.systemui/.settings.BrightnessDialog} from uid 1000 on display 0
04-08 14:29:39.596   712  1198 W ProcessCpuTracker: Skipping unknown process pid 15060
04-08 14:29:50.781   712   904 W ActivityManager: getTasks: caller 10054 does not hold GET_TASKS; limiting output
04-08 14:29:55.000  2387  2387 W ViewRootImpl: Dropping event due to no window focus: KeyEvent { action=ACTION_DOWN, keyCode=KEYCODE_DPAD_LEFT, scanCode=0, metaState=0, flags=0x8, repeatCount=0, eventTime=1927782, downTime=1927782, deviceId=-1, source=0x101 }
04-08 14:29:55.001  2387  2387 W ViewRootImpl: Cancelling event due to no window focus: KeyEvent { action=ACTION_UP, keyCode=KEYCODE_DPAD_LEFT, scanCode=0, metaState=0, flags=0x28, repeatCount=0, eventTime=1927785, downTime=1927785, deviceId=-1, source=0x101 }
04-08 14:29:55.012  2387  2387 W ViewRootImpl: Cancelling event due to no window focus: KeyEvent { action=ACTION_UP, keyCode=KEYCODE_DPAD_LEFT, scanCode=0, metaState=0, flags=0x28, repeatCount=0, eventTime=1927785, downTime=1927785, deviceId=-1, source=0x101 }
04-08 14:29:55.012  2387  2387 W ViewRootImpl: Cancelling event due to no window focus: KeyEvent { action=ACTION_UP, keyCode=KEYCODE_DPAD_LEFT, scanCode=0, metaState=0, flags=0x28, repeatCount=0, eventTime=1927785, downTime=1927785, deviceId=-1, source=0x101 }
04-08 14:29:55.016  2387  2387 W ViewRootImpl: Cancelling event due to no window focus: KeyEvent { action=ACTION_UP, keyCode=KEYCODE_DPAD_LEFT, scanCode=0, metaState=0, flags=0x28, repeatCount=0, eventTime=1927785, downTime=1927785, deviceId=-1, source=0x101 }
04-08 14:29:55.016  2387  2387 W ViewRootImpl: Cancelling event due to no window focus: KeyEvent { action=ACTION_UP, keyCode=KEYCODE_DPAD_LEFT, scanCode=0, metaState=0, flags=0x28, repeatCount=0, eventTime=1927785, downTime=1927785, deviceId=-1, source=0x101 }
04-08 14:29:55.017  2387  2387 W ViewRootImpl: Cancelling event due to no window focus: KeyEvent { action=ACTION_UP, keyCode=KEYCODE_DPAD_LEFT, scanCode=0, metaState=0, flags=0x28, repeatCount=0, eventTime=1927785, downTime=1927785, deviceId=-1, source=0x101 }
04-08 14:29:55.033  2387  2387 W ViewRootImpl: Cancelling event due to no window focus: KeyEvent { action=ACTION_UP, keyCode=KEYCODE_DPAD_LEFT, scanCode=0, metaState=0, flags=0x80000028, repeatCount=0, eventTime=1927785, downTime=1927785, deviceId=-1, source=0x101 }
04-08 14:29:55.034  2387  2387 W ViewRootImpl: Cancelling event due to no window focus: KeyEvent { action=ACTION_UP, keyCode=KEYCODE_DPAD_LEFT, scanCode=0, metaState=0, flags=0x80000028, repeatCount=0, eventTime=1927785, downTime=1927785, deviceId=-1, source=0x101 }
04-08 14:29:55.047  2387  2387 W ViewRootImpl: Cancelling event due to no window focus: KeyEvent { action=ACTION_UP, keyCode=KEYCODE_DPAD_LEFT, scanCode=0, metaState=0, flags=0x80000028, repeatCount=0, eventTime=1927785, downTime=1927785, deviceId=-1, source=0x101 }
04-08 14:29:57.525   712 13229 I ActivityManager: START u0 {act=android.intent.action.VIEW dat=youku://userChannel pkg=com.youku.phone cmp=com.youku.phone/com.youku.userchannel.ShowUserChannel (has extras)} from uid 10054 on display 0
04-08 14:29:57.540   712 13229 V WindowManager: addAppToken: AppWindowToken{4ea1f7d token=Token{f12d1d4 ActivityRecord{2fb60b27 u0 com.youku.phone/com.youku.userchannel.ShowUserChannel t3}}} to stack=1 task=3 at 5
04-08 14:29:58.047   712   777 W ActivityManager: Activity pause timeout for ActivityRecord{336d34fd u0 com.youku.phone/com.youku.ui.activity.DetailActivity t3}
04-08 14:29:58.335   712 22159 W InputManager: Input event injection from pid 2366 failed.
04-08 14:29:58.339   712   904 W InputManager: Input event injection from pid 2366 failed.
04-08 14:29:58.363   712 13229 W InputManager: Input event injection from pid 2366 failed.
04-08 14:29:58.367   712  1198 W InputManager: Input event injection from pid 2366 failed.
04-08 14:29:58.388   712  1269 W InputManager: Input event injection from pid 2366 failed.
04-08 14:29:59.409   712   904 W InputManager: Input event injection from pid 2366 failed.
04-08 14:29:59.413   712 13229 W InputManager: Input event injection from pid 2366 failed.
04-08 14:30:00.796   712   777 W ActivityManager: Launch timeout has expired, giving up wake lock!
04-08 14:30:05.444   712   806 I WindowManager: Input event dispatching timed out sending to application AppWindowToken{4ea1f7d token=Token{f12d1d4 ActivityRecord{2fb60b27 u0 com.youku.phone/com.youku.userchannel.ShowUserChannel t3}}}.  Reason: Waiting because no window has focus but there is a focused application that may eventually add a window when it finishes starting up.
04-08 14:30:05.660   712  1199 W InputManager: Input event injection from pid 2366 timed out.
04-08 14:30:06.238   712   777 I ActivityManager: Skipping duplicate ANR: ProcessRecord{37f86969 2387:com.youku.phone/u0a54} Input dispatching timed out (Waiting because no window has focus but there is a focused application that may eventually add a window when it finishes starting up.)
04-08 14:30:08.148   712   777 W ActivityManager: Activity destroy timeout for ActivityRecord{16a5d3f8 u0 com.youku.phone/com.youku.ui.activity.WebViewActivity t3 f}
04-08 14:30:09.531   712   728 W ActivityManager: getTasks: caller 10054 does not hold GET_TASKS; limiting output
04-08 14:30:10.435   712  1269 V WindowManager: Adding window Window{22a2c135 u0 com.youku.phone/com.youku.userchannel.ShowUserChannel} at 8 of 14 (after Window{37bb85b4 u0 com.youku.phone/com.youku.ui.activity.DetailActivity})
04-08 14:30:10.437   712   777 W BroadcastQueue: Timeout of broadcast BroadcastRecord{3a2899ca u-1 android.intent.action.TIME_TICK} - receiver=android.os.BinderProxy@2c5513ee, started 10000ms ago
04-08 14:30:10.438   712   777 W BroadcastQueue: Receiver during timeout: BroadcastFilter{295a6f1c u0 ReceiverList{2460308f 2387 com.youku.phone/10054/u0 remote:2c5513ee}}
04-08 14:30:10.455   712   777 I ActivityManager: Skipping duplicate ANR: ProcessRecord{37f86969 2387:com.youku.phone/u0a54} Broadcast of Intent { act=android.intent.action.TIME_TICK flg=0x50000014 (has extras) }
04-08 14:30:10.539   712   728 W WindowManager: Failed looking up window
04-08 14:30:10.539   712   728 W WindowManager: java.lang.IllegalArgumentException: Requested window android.os.BinderProxy@1561f909 does not exist
04-08 14:30:10.539   712   728 W WindowManager: 	at com.android.server.wm.WindowManagerService.windowForClientLocked(WindowManagerService.java:8539)
04-08 14:30:10.539   712   728 W WindowManager: 	at com.android.server.wm.WindowManagerService.windowForClientLocked(WindowManagerService.java:8530)
04-08 14:30:10.539   712   728 W WindowManager: 	at com.android.server.wm.WindowManagerService.removeWindow(WindowManagerService.java:2593)
04-08 14:30:10.539   712   728 W WindowManager: 	at com.android.server.wm.Session.remove(Session.java:187)
04-08 14:30:10.539   712   728 W WindowManager: 	at android.view.IWindowSession$Stub.onTransact(IWindowSession.java:233)
04-08 14:30:10.539   712   728 W WindowManager: 	at com.android.server.wm.Session.onTransact(Session.java:130)
04-08 14:30:10.539   712   728 W WindowManager: 	at android.os.Binder.execTransact(Binder.java:446)
04-08 14:30:10.669   712   806 I WindowManager: Input event dispatching timed out sending to application AppWindowToken{4ea1f7d token=Token{f12d1d4 ActivityRecord{2fb60b27 u0 com.youku.phone/com.youku.userchannel.ShowUserChannel t3}}}.  Reason: Waiting because no window has focus but there is a focused application that may eventually add a window when it finishes starting up.
04-08 14:30:10.976   712   777 I ActivityManager: Skipping duplicate ANR: ProcessRecord{37f86969 2387:com.youku.phone/u0a54} Input dispatching timed out (Waiting because no window has focus but there is a focused application that may eventually add a window when it finishes starting up.)
04-08 14:30:11.478  2387  2387 W ViewRootImpl: Cancelling event due to no window focus: KeyEvent { action=ACTION_UP, keyCode=KEYCODE_DPAD_UP, scanCode=0, metaState=0, flags=0x80000028, repeatCount=0, eventTime=1940281, downTime=1940281, deviceId=-1, source=0x101 }
04-08 14:30:11.478  2387  2387 W ViewRootImpl: Cancelling event due to no window focus: KeyEvent { action=ACTION_UP, keyCode=KEYCODE_DPAD_UP, scanCode=0, metaState=0, flags=0x80000028, repeatCount=0, eventTime=1940281, downTime=1940281, deviceId=-1, source=0x101 }
04-08 14:30:11.479  2387  2387 W ViewRootImpl: Cancelling event due to no window focus: KeyEvent { action=ACTION_UP, keyCode=KEYCODE_DPAD_UP, scanCode=0, metaState=0, flags=0x80000028, repeatCount=0, eventTime=1940281, downTime=1940281, deviceId=-1, source=0x101 }
04-08 14:30:11.479  2387  2387 W ViewRootImpl: Cancelling event due to no window focus: KeyEvent { action=ACTION_UP, keyCode=KEYCODE_DPAD_UP, scanCode=0, metaState=0, flags=0x80000028, repeatCount=0, eventTime=1940281, downTime=1940281, deviceId=-1, source=0x101 }
04-08 14:30:11.487  2387  2387 W ViewRootImpl: Cancelling event due to no window focus: KeyEvent { action=ACTION_UP, keyCode=KEYCODE_DPAD_UP, scanCode=0, metaState=0, flags=0x80000028, repeatCount=0, eventTime=1940281, downTime=1940281, deviceId=-1, source=0x101 }
04-08 14:30:11.488  2387  2387 W ViewRootImpl: Cancelling event due to no window focus: KeyEvent { action=ACTION_UP, keyCode=KEYCODE_DPAD_UP, scanCode=0, metaState=0, flags=0x80000028, repeatCount=0, eventTime=1940281, downTime=1940281, deviceId=-1, source=0x101 }
04-08 14:30:11.489  2387  2387 W ViewRootImpl: Cancelling event due to no window focus: KeyEvent { action=ACTION_UP, keyCode=KEYCODE_DPAD_UP, scanCode=0, metaState=0, flags=0x80000028, repeatCount=0, eventTime=1940281, downTime=1940281, deviceId=-1, source=0x101 }
04-08 14:30:11.489  2387  2387 W ViewRootImpl: Cancelling event due to no window focus: KeyEvent { action=ACTION_UP, keyCode=KEYCODE_DPAD_UP, scanCode=0, metaState=0, flags=0x80000028, repeatCount=0, eventTime=1940281, downTime=1940281, deviceId=-1, source=0x101 }
04-08 14:30:11.490  2387  2387 W ViewRootImpl: Cancelling event due to no window focus: KeyEvent { action=ACTION_UP, keyCode=KEYCODE_DPAD_UP, scanCode=0, metaState=0, flags=0x80000028, repeatCount=0, eventTime=1940281, downTime=1940281, deviceId=-1, source=0x101 }
04-08 14:30:38.022   712 13229 I ActivityManager: START u0 {cmp=com.youku.phone/com.youku.ui.activity.DetailActivity (has extras)} from uid 10054 on display 0
04-08 14:30:38.051   712 13229 V WindowManager: addAppToken: AppWindowToken{2d03097a token=Token{d8761a5 ActivityRecord{fc0a39c u0 com.youku.phone/com.youku.ui.activity.DetailActivity t3}}} to stack=1 task=3 at 5
04-08 14:30:38.884   712   904 W InputManager: Input event injection from pid 2366 failed.
04-08 14:30:38.888   712   728 W InputManager: Input event injection from pid 2366 failed.
04-08 14:30:39.896   712  1154 W InputManager: Input event injection from pid 2366 failed.
04-08 14:30:39.903   712 13229 W InputManager: Input event injection from pid 2366 failed.
04-08 14:30:41.312   712   836 E NativeCrashListener: Exception dealing with report
04-08 14:30:41.312   712   836 E NativeCrashListener: android.system.ErrnoException: read failed: EAGAIN (Try again)
04-08 14:30:41.312   712   836 E NativeCrashListener: 	at libcore.io.Posix.readBytes(Native Method)
04-08 14:30:41.312   712   836 E NativeCrashListener: 	at libcore.io.Posix.read(Posix.java:165)
04-08 14:30:41.312   712   836 E NativeCrashListener: 	at libcore.io.BlockGuardOs.read(BlockGuardOs.java:230)
04-08 14:30:41.312   712   836 E NativeCrashListener: 	at android.system.Os.read(Os.java:350)
04-08 14:30:41.312   712   836 E NativeCrashListener: 	at com.android.server.am.NativeCrashListener.consumeNativeCrashData(NativeCrashListener.java:240)
04-08 14:30:41.312   712   836 E NativeCrashListener: 	at com.android.server.am.NativeCrashListener.run(NativeCrashListener.java:138)
04-08 14:30:42.283   712   778 I BootReceiver: Copying /data/tombstones/tombstone_01 to DropBox (SYSTEM_TOMBSTONE)
04-08 14:30:43.876   712  1198 V WindowManager: Adding window Window{221861ce u0 com.youku.phone/com.youku.ui.activity.DetailActivity} at 9 of 15 (after Window{22a2c135 u0 com.youku.phone/com.youku.userchannel.ShowUserChannel})
04-08 14:30:44.570   712  1198 V WindowManager: Adding window Window{304adca6 u0 SurfaceView} at 9 of 16 (before Window{221861ce u0 com.youku.phone/com.youku.ui.activity.DetailActivity})
04-08 14:30:44.593  2387  2387 W ViewRootImpl: Dropping event due to no window focus: KeyEvent { action=ACTION_DOWN, keyCode=KEYCODE_DPAD_CENTER, scanCode=0, metaState=0, flags=0x8, repeatCount=0, eventTime=1975531, downTime=1975531, deviceId=-1, source=0x101 }
04-08 14:30:44.778   712   816 D WifiService: Client connection lost with reason: 4
04-08 14:30:44.917  2387  2387 W ViewRootImpl: Cancelling event due to no window focus: KeyEvent { action=ACTION_UP, keyCode=KEYCODE_DPAD_CENTER, scanCode=0, metaState=0, flags=0x28, repeatCount=0, eventTime=1979150, downTime=1979150, deviceId=-1, source=0x101 }
04-08 14:30:44.918  2387  2387 W ViewRootImpl: Cancelling event due to no window focus: KeyEvent { action=ACTION_UP, keyCode=KEYCODE_DPAD_CENTER, scanCode=0, metaState=0, flags=0x28, repeatCount=0, eventTime=1979150, downTime=1979150, deviceId=-1, source=0x101 }
04-08 14:30:44.918  2387  2387 W ViewRootImpl: Cancelling event due to no window focus: KeyEvent { action=ACTION_UP, keyCode=KEYCODE_DPAD_CENTER, scanCode=0, metaState=0, flags=0x28, repeatCount=0, eventTime=1979150, downTime=1979150, deviceId=-1, source=0x101 }
04-08 14:30:44.919  2387  2387 W ViewRootImpl: Cancelling event due to no window focus: KeyEvent { action=ACTION_UP, keyCode=KEYCODE_DPAD_CENTER, scanCode=0, metaState=0, flags=0x28, repeatCount=0, eventTime=1979150, downTime=1979150, deviceId=-1, source=0x101 }
04-08 14:30:44.919  2387  2387 W ViewRootImpl: Cancelling event due to no window focus: KeyEvent { action=ACTION_UP, keyCode=KEYCODE_DPAD_CENTER, scanCode=0, metaState=0, flags=0x28, repeatCount=0, eventTime=1979150, downTime=1979150, deviceId=-1, source=0x101 }
04-08 14:30:44.921   712 22159 I ActivityManager: Process com.youku.phone:channel (pid 17459) has died
04-08 14:30:44.922   712 22159 W ActivityManager: Scheduling restart of crashed service com.youku.phone/com.alibaba.analytics.AnalyticsService in 1000ms
04-08 14:30:44.922   712 22159 W ActivityManager: Scheduling restart of crashed service com.youku.phone/com.taobao.accs.ChannelService in 10999ms
04-08 14:30:44.925  2387  2387 W ViewRootImpl: Cancelling event due to no window focus: KeyEvent { action=ACTION_UP, keyCode=KEYCODE_DPAD_CENTER, scanCode=0, metaState=0, flags=0x28, repeatCount=0, eventTime=1979150, downTime=1979150, deviceId=-1, source=0x101 }
04-08 14:30:44.928  2387  2387 W ViewRootImpl: Cancelling event due to no window focus: KeyEvent { action=ACTION_UP, keyCode=KEYCODE_DPAD_CENTER, scanCode=0, metaState=0, flags=0x80000028, repeatCount=0, eventTime=1979150, downTime=1979150, deviceId=-1, source=0x101 }
04-08 14:30:44.929  2387  2387 W ViewRootImpl: Cancelling event due to no window focus: KeyEvent { action=ACTION_UP, keyCode=KEYCODE_DPAD_CENTER, scanCode=0, metaState=0, flags=0x80000028, repeatCount=0, eventTime=1979150, downTime=1979150, deviceId=-1, source=0x101 }
04-08 14:30:44.929  2387  2387 W ViewRootImpl: Cancelling event due to no window focus: KeyEvent { action=ACTION_UP, keyCode=KEYCODE_DPAD_CENTER, scanCode=0, metaState=0, flags=0x80000028, repeatCount=0, eventTime=1979150, downTime=1979150, deviceId=-1, source=0x101 }
04-08 14:30:46.055   712   777 I ActivityManager: Start proc 30955:com.youku.phone:channel/u0a54 for service com.youku.phone/com.alibaba.analytics.AnalyticsService
04-08 14:30:46.271 30955 30955 W ResourcesManager: Asset path '/system/framework/android.test.runner.jar' does not exist or contains no resources.
04-08 14:30:48.380   712   777 W ActivityManager: Launch timeout has expired, giving up wake lock!
04-08 14:30:49.692   712 19362 W ProcessCpuTracker: Skipping unknown process pid 31693
04-08 14:31:01.949   712 19362 I ActivityManager: START u0 {act=com.youku.action.YoukuWebview cmp=com.youku.phone/com.youku.ui.activity.WebViewActivity (has extras)} from uid 10054 on display 0
04-08 14:31:01.969   712 19362 V WindowManager: addAppToken: AppWindowToken{3246da7e token=Token{260b8439 ActivityRecord{1c942400 u0 com.youku.phone/com.youku.ui.activity.WebViewActivity t3}}} to stack=1 task=3 at 5
04-08 14:31:02.483   712   777 W ActivityManager: Activity pause timeout for ActivityRecord{fc0a39c u0 com.youku.phone/com.youku.ui.activity.DetailActivity t3}
04-08 14:31:02.514   712  1262 W InputManager: Input event injection from pid 2366 failed.
04-08 14:31:02.518   712   728 W InputManager: Input event injection from pid 2366 failed.
04-08 14:31:02.522   712  1154 W InputManager: Input event injection from pid 2366 failed.
04-08 14:31:02.525   712 19362 W InputManager: Input event injection from pid 2366 failed.
04-08 14:31:02.528   712  1262 W InputManager: Input event injection from pid 2366 failed.
04-08 14:31:02.532   712   728 W InputManager: Input event injection from pid 2366 failed.
04-08 14:31:02.536   712  1154 W InputManager: Input event injection from pid 2366 failed.
04-08 14:31:08.544   712   806 I WindowManager: Input event dispatching timed out sending to application AppWindowToken{3246da7e token=Token{260b8439 ActivityRecord{1c942400 u0 com.youku.phone/com.youku.ui.activity.WebViewActivity t3}}}.  Reason: Waiting because no window has focus but there is a focused application that may eventually add a window when it finishes starting up.
04-08 14:31:13.730   712  1154 W InputManager: Input event injection from pid 2366 failed.
04-08 14:31:13.958   712   777 W ProcessCpuTracker: Skipping unknown process pid 4274
04-08 14:31:14.089   712   777 W ActivityManager: Launch timeout has expired, giving up wake lock!
04-08 14:31:15.142   712   777 I ActivityManager: Skipping duplicate ANR: ProcessRecord{37f86969 2387:com.youku.phone/u0a54} Input dispatching timed out (Waiting because no window has focus but there is a focused application that may eventually add a window when it finishes starting up.)
04-08 14:31:16.580   712   816 D WifiService: New client listening to asynchronous messages
04-08 14:31:17.568   712 19362 W ActivityManager: Unable to start service Intent { pkg=com.youku.phone cmp=com.youku.phone/com.taobao.accs.ChannelService$KernelService } U=0: not found
04-08 14:31:17.604   712  1154 W ActivityManager: getTasks: caller 10054 does not hold GET_TASKS; limiting output
04-08 14:31:17.703   712  1037 V WindowManager: Adding window Window{448caf4 u0 com.youku.phone/com.youku.ui.activity.WebViewActivity} at 9 of 15 (after Window{221861ce u0 com.youku.phone/com.youku.ui.activity.DetailActivity})
04-08 14:31:18.150  2387  2387 W ViewRootImpl: Cancelling event due to no window focus: KeyEvent { action=ACTION_UP, keyCode=KEYCODE_BUTTON_16, scanCode=0, metaState=0, flags=0x80000028, repeatCount=0, eventTime=2008352, downTime=2008352, deviceId=-1, source=0x101 }
04-08 14:31:18.150  2387  2387 W ViewRootImpl: Cancelling event due to no window focus: KeyEvent { action=ACTION_UP, keyCode=KEYCODE_BUTTON_16, scanCode=0, metaState=0, flags=0x80000028, repeatCount=0, eventTime=2008352, downTime=2008352, deviceId=-1, source=0x101 }
04-08 14:31:18.151  2387  2387 W ViewRootImpl: Cancelling event due to no window focus: KeyEvent { action=ACTION_UP, keyCode=KEYCODE_BUTTON_16, scanCode=0, metaState=0, flags=0x80000028, repeatCount=0, eventTime=2008352, downTime=2008352, deviceId=-1, source=0x101 }
04-08 14:31:18.155  2387  2387 W ViewRootImpl: Cancelling event due to no window focus: KeyEvent { action=ACTION_UP, keyCode=KEYCODE_BUTTON_16, scanCode=0, metaState=0, flags=0x80000028, repeatCount=0, eventTime=2008352, downTime=2008352, deviceId=-1, source=0x101 }
04-08 14:31:18.156  2387  2387 W ViewRootImpl: Cancelling event due to no window focus: KeyEvent { action=ACTION_UP, keyCode=KEYCODE_BUTTON_16, scanCode=0, metaState=0, flags=0x80000028, repeatCount=0, eventTime=2008352, downTime=2008352, deviceId=-1, source=0x101 }
04-08 14:31:18.156  2387  2387 W ViewRootImpl: Cancelling event due to no window focus: KeyEvent { action=ACTION_UP, keyCode=KEYCODE_BUTTON_16, scanCode=0, metaState=0, flags=0x80000028, repeatCount=0, eventTime=2008352, downTime=2008352, deviceId=-1, source=0x101 }
04-08 14:31:18.158  2387  2387 W ViewRootImpl: Cancelling event due to no window focus: KeyEvent { action=ACTION_UP, keyCode=KEYCODE_BUTTON_16, scanCode=0, metaState=0, flags=0x80000028, repeatCount=0, eventTime=2008352, downTime=2008352, deviceId=-1, source=0x101 }
04-08 14:31:18.159  2387  2387 W ViewRootImpl: Cancelling event due to no window focus: KeyEvent { action=ACTION_UP, keyCode=KEYCODE_BUTTON_16, scanCode=0, metaState=0, flags=0x80000028, repeatCount=0, eventTime=2008352, downTime=2008352, deviceId=-1, source=0x101 }
04-08 14:31:18.160  2387  2387 W ViewRootImpl: Cancelling event due to no window focus: KeyEvent { action=ACTION_UP, keyCode=KEYCODE_BUTTON_16, scanCode=0, metaState=0, flags=0x80000028, repeatCount=0, eventTime=2008352, downTime=2008352, deviceId=-1, source=0x101 }
04-08 14:31:19.033   712  1198 W ProcessCpuTracker: Skipping unknown process pid 7218
04-08 14:31:22.385   712   904 W BackupManagerService: dataChanged but no participant pkg='com.android.providers.settings' uid=10054
04-08 14:31:29.737   712   728 W ProcessCpuTracker: Skipping unknown process pid 9494
04-08 14:31:34.541   712   728 W ActivityManager: getTasks: caller 10054 does not hold GET_TASKS; limiting output
04-08 14:31:36.676   712   729 W InputManager: Input event injection from pid 2366 failed.
04-08 14:31:36.682   712   904 W InputManager: Input event injection from pid 2366 failed.
04-08 14:31:38.417  2387  2387 W ViewRootImpl: Dropping event due to no window focus: KeyEvent { action=ACTION_DOWN, keyCode=KEYCODE_DPAD_LEFT, scanCode=0, metaState=0, flags=0x8, repeatCount=0, eventTime=2032305, downTime=2032305, deviceId=-1, source=0x101 }
04-08 14:31:38.424  2387  2387 W ViewRootImpl: Cancelling event due to no window focus: KeyEvent { action=ACTION_UP, keyCode=KEYCODE_DPAD_LEFT, scanCode=0, metaState=0, flags=0x28, repeatCount=0, eventTime=2032307, downTime=2032307, deviceId=-1, source=0x101 }
04-08 14:31:38.424  2387  2387 W ViewRootImpl: Cancelling event due to no window focus: KeyEvent { action=ACTION_UP, keyCode=KEYCODE_DPAD_LEFT, scanCode=0, metaState=0, flags=0x28, repeatCount=0, eventTime=2032307, downTime=2032307, deviceId=-1, source=0x101 }
04-08 14:31:38.441  2387  2387 W ViewRootImpl: Cancelling event due to no window focus: KeyEvent { action=ACTION_UP, keyCode=KEYCODE_DPAD_LEFT, scanCode=0, metaState=0, flags=0x28, repeatCount=0, eventTime=2032307, downTime=2032307, deviceId=-1, source=0x101 }
04-08 14:31:38.444  2387  2387 W ViewRootImpl: Cancelling event due to no window focus: KeyEvent { action=ACTION_UP, keyCode=KEYCODE_DPAD_LEFT, scanCode=0, metaState=0, flags=0x28, repeatCount=0, eventTime=2032307, downTime=2032307, deviceId=-1, source=0x101 }
04-08 14:31:38.460  2387  2387 W ViewRootImpl: Cancelling event due to no window focus: KeyEvent { action=ACTION_UP, keyCode=KEYCODE_DPAD_LEFT, scanCode=0, metaState=0, flags=0x28, repeatCount=0, eventTime=2032307, downTime=2032307, deviceId=-1, source=0x101 }
04-08 14:31:38.472  2387  2387 W ViewRootImpl: Cancelling event due to no window focus: KeyEvent { action=ACTION_UP, keyCode=KEYCODE_DPAD_LEFT, scanCode=0, metaState=0, flags=0x28, repeatCount=0, eventTime=2032307, downTime=2032307, deviceId=-1, source=0x101 }
04-08 14:31:38.514  2387  2387 W ViewRootImpl: Cancelling event due to no window focus: KeyEvent { action=ACTION_UP, keyCode=KEYCODE_DPAD_LEFT, scanCode=0, metaState=0, flags=0x80000028, repeatCount=0, eventTime=2032307, downTime=2032307, deviceId=-1, source=0x101 }
04-08 14:31:38.519  2387  2387 W ViewRootImpl: Cancelling event due to no window focus: KeyEvent { action=ACTION_UP, keyCode=KEYCODE_DPAD_LEFT, scanCode=0, metaState=0, flags=0x80000028, repeatCount=0, eventTime=2032307, downTime=2032307, deviceId=-1, source=0x101 }
04-08 14:31:38.519  2387  2387 W ViewRootImpl: Cancelling event due to no window focus: KeyEvent { action=ACTION_UP, keyCode=KEYCODE_DPAD_LEFT, scanCode=0, metaState=0, flags=0x80000028, repeatCount=0, eventTime=2032307, downTime=2032307, deviceId=-1, source=0x101 }
04-08 14:31:44.558   712   777 W ActivityManager: Launch timeout has expired, giving up wake lock!
04-08 14:31:48.652   712   806 I WindowManager: Input event dispatching timed out sending to com.youku.phone/com.youku.ui.activity.DetailActivity.  Reason: Waiting to send key event because the focused window has not finished processing all of the input events that were previously delivered to it.  Outbound queue length: 0.  Wait queue length: 9.
04-08 14:31:48.846   712 19362 W InputManager: Input event injection from pid 2366 timed out.
04-08 14:31:49.613   712   777 I ActivityManager: Skipping duplicate ANR: ProcessRecord{37f86969 2387:com.youku.phone/u0a54} Input dispatching timed out (Waiting to send key event because the focused window has not finished processing all of the input events that were previously delivered to it.  Outbound queue length: 0.  Wait queue length: 9.)
04-08 14:31:53.862   712   806 I WindowManager: Input event dispatching timed out sending to com.youku.phone/com.youku.ui.activity.DetailActivity.  Reason: Waiting to send key event because the focused window has not finished processing all of the input events that were previously delivered to it.  Outbound queue length: 0.  Wait queue length: 9.
04-08 14:31:54.122   712   728 W InputManager: Input event injection from pid 2366 timed out.
04-08 14:31:54.177   712   777 I ActivityManager: Skipping duplicate ANR: ProcessRecord{37f86969 2387:com.youku.phone/u0a54} Input dispatching timed out (Waiting to send key event because the focused window has not finished processing all of the input events that were previously delivered to it.  Outbound queue length: 0.  Wait queue length: 9.)
04-08 14:31:54.967   712   777 W ActivityManager: Activity destroy timeout for ActivityRecord{1c942400 u0 com.youku.phone/com.youku.ui.activity.WebViewActivity t3 f}
04-08 14:32:04.568   712 17119 W WindowManager: Failed looking up window
04-08 14:32:04.568   712 17119 W WindowManager: java.lang.IllegalArgumentException: Requested window android.os.BinderProxy@1d1b4c7 does not exist
04-08 14:32:04.568   712 17119 W WindowManager: 	at com.android.server.wm.WindowManagerService.windowForClientLocked(WindowManagerService.java:8539)
04-08 14:32:04.568   712 17119 W WindowManager: 	at com.android.server.wm.WindowManagerService.windowForClientLocked(WindowManagerService.java:8530)
04-08 14:32:04.568   712 17119 W WindowManager: 	at com.android.server.wm.WindowManagerService.removeWindow(WindowManagerService.java:2593)
04-08 14:32:04.568   712 17119 W WindowManager: 	at com.android.server.wm.Session.remove(Session.java:187)
04-08 14:32:04.568   712 17119 W WindowManager: 	at android.view.IWindowSession$Stub.onTransact(IWindowSession.java:233)
04-08 14:32:04.568   712 17119 W WindowManager: 	at com.android.server.wm.Session.onTransact(Session.java:130)
04-08 14:32:04.568   712 17119 W WindowManager: 	at android.os.Binder.execTransact(Binder.java:446)
04-08 14:32:09.296   712  1037 W ProcessCpuTracker: Skipping unknown process pid 18911
04-08 14:32:09.297   712  1037 W ProcessCpuTracker: Skipping unknown process pid 18913
04-08 14:32:22.398  2387  2387 W ViewRootImpl: Dropping event due to no window focus: KeyEvent { action=ACTION_DOWN, keyCode=KEYCODE_DPAD_RIGHT, scanCode=0, metaState=0, flags=0x8, repeatCount=0, eventTime=2076904, downTime=2076904, deviceId=-1, source=0x101 }
04-08 14:32:22.407  2387  2387 W ViewRootImpl: Cancelling event due to no window focus: KeyEvent { action=ACTION_UP, keyCode=KEYCODE_DPAD_RIGHT, scanCode=0, metaState=0, flags=0x28, repeatCount=0, eventTime=2077015, downTime=2077015, deviceId=-1, source=0x101 }
04-08 14:32:22.408  2387  2387 W ViewRootImpl: Cancelling event due to no window focus: KeyEvent { action=ACTION_UP, keyCode=KEYCODE_DPAD_RIGHT, scanCode=0, metaState=0, flags=0x28, repeatCount=0, eventTime=2077015, downTime=2077015, deviceId=-1, source=0x101 }
04-08 14:32:22.477  2387  2387 W ViewRootImpl: Cancelling event due to no window focus: KeyEvent { action=ACTION_UP, keyCode=KEYCODE_DPAD_RIGHT, scanCode=0, metaState=0, flags=0x28, repeatCount=0, eventTime=2077015, downTime=2077015, deviceId=-1, source=0x101 }
04-08 14:32:28.428   712   806 I WindowManager: Input event dispatching timed out sending to com.youku.phone/com.youku.ui.activity.DetailActivity.  Reason: Waiting to send non-key event because the touched window has not finished processing certain input events that were delivered to it over 500.0ms ago.  Wait queue length: 1.  Wait queue head age: 6028.2ms.
04-08 14:32:28.642   712   728 W InputManager: Input event injection from pid 2366 timed out.
04-08 14:32:29.369   712  1198 W InputManager: Input event injection from pid 2366 failed.
04-08 14:32:29.384   712   729 W InputManager: Input event injection from pid 2366 failed.
04-08 14:32:29.495   712   777 W ProcessCpuTracker: Skipping unknown process pid 23866
04-08 14:32:29.496   712   777 W ProcessCpuTracker: Skipping unknown process pid 23867
04-08 14:32:29.512   712   777 W ProcessCpuTracker: Skipping unknown process pid 23868
04-08 14:32:29.559   712   777 I ActivityManager: Skipping duplicate ANR: ProcessRecord{37f86969 2387:com.youku.phone/u0a54} Input dispatching timed out (Waiting to send non-key event because the touched window has not finished processing certain input events that were delivered to it over 500.0ms ago.  Wait queue length: 1.  Wait queue head age: 6028.2ms.)
04-08 14:32:32.764  2387  2387 W ViewRootImpl: Cancelling event due to no window focus: KeyEvent { action=ACTION_UP, keyCode=KEYCODE_DPAD_RIGHT, scanCode=0, metaState=0, flags=0x28, repeatCount=0, eventTime=2077015, downTime=2077015, deviceId=-1, source=0x101 }
04-08 14:32:32.764  2387  2387 W ViewRootImpl: Cancelling event due to no window focus: KeyEvent { action=ACTION_UP, keyCode=KEYCODE_DPAD_RIGHT, scanCode=0, metaState=0, flags=0x28, repeatCount=0, eventTime=2077015, downTime=2077015, deviceId=-1, source=0x101 }
04-08 14:32:32.768  2387  2387 W ViewRootImpl: Cancelling event due to no window focus: KeyEvent { action=ACTION_UP, keyCode=KEYCODE_DPAD_RIGHT, scanCode=0, metaState=0, flags=0x28, repeatCount=0, eventTime=2077015, downTime=2077015, deviceId=-1, source=0x101 }
04-08 14:32:32.782  2387  2387 W ViewRootImpl: Cancelling event due to no window focus: KeyEvent { action=ACTION_UP, keyCode=KEYCODE_DPAD_RIGHT, scanCode=0, metaState=0, flags=0x80000028, repeatCount=0, eventTime=2077015, downTime=2077015, deviceId=-1, source=0x101 }
04-08 14:32:32.784  2387  2387 W ViewRootImpl: Cancelling event due to no window focus: KeyEvent { action=ACTION_UP, keyCode=KEYCODE_DPAD_RIGHT, scanCode=0, metaState=0, flags=0x80000028, repeatCount=0, eventTime=2077015, downTime=2077015, deviceId=-1, source=0x101 }
04-08 14:32:32.785  2387  2387 W ViewRootImpl: Cancelling event due to no window focus: KeyEvent { action=ACTION_UP, keyCode=KEYCODE_DPAD_RIGHT, scanCode=0, metaState=0, flags=0x80000028, repeatCount=0, eventTime=2077015, downTime=2077015, deviceId=-1, source=0x101 }
04-08 14:32:32.812  2387  2387 W ViewRootImpl: Dropping event due to no window focus: KeyEvent { action=ACTION_DOWN, keyCode=KEYCODE_DPAD_CENTER, scanCode=0, metaState=0, flags=0x8, repeatCount=0, eventTime=2085012, downTime=2085012, deviceId=-1, source=0x101 }
04-08 14:32:34.076   712   904 W InputMethodManagerService: Window already focused, ignoring focus gain of: com.android.internal.view.IInputMethodClient$Stub$Proxy@32d38c51 attribute=null, token = android.os.BinderProxy@3bc56c9
04-08 14:32:43.422   712   780 I ActivityManager: Start proc 27227:com.android.systemui:screenshot/u0a13 for service com.android.systemui/.screenshot.TakeScreenshotService
04-08 14:32:45.075   712 19362 I ActivityManager: START u0 {act=com.android.systemui.recents.SHOW_RECENTS flg=0x10804000 cmp=com.android.systemui/.recents.RecentsActivity} from uid 10013 on display 0
04-08 14:32:45.609   712  1198 I ActivityManager: START u0 {act=com.youku.action.YoukuWebview cmp=com.youku.phone/com.youku.ui.activity.WebViewActivity (has extras)} from uid 10054 on display 0
04-08 14:32:45.675   712  1198 V WindowManager: addAppToken: AppWindowToken{28714a8 token=Token{192104cb ActivityRecord{2697e39a u0 com.youku.phone/com.youku.ui.activity.WebViewActivity t3}}} to stack=1 task=3 at 5
04-08 14:32:46.183   712   777 W ActivityManager: Activity pause timeout for ActivityRecord{fc0a39c u0 com.youku.phone/com.youku.ui.activity.DetailActivity t3}
04-08 14:32:46.211   712 17119 W InputManager: Input event injection from pid 2366 failed.
04-08 14:32:46.214   712 22159 W InputManager: Input event injection from pid 2366 failed.
04-08 14:32:55.677   712   777 W ActivityManager: Launch timeout has expired, giving up wake lock!
04-08 14:32:55.904   712   806 I WindowManager: Input event dispatching timed out sending to application AppWindowToken{28714a8 token=Token{192104cb ActivityRecord{2697e39a u0 com.youku.phone/com.youku.ui.activity.WebViewActivity t3}}}.  Reason: Waiting because no window has focus but there is a focused application that may eventually add a window when it finishes starting up.
04-08 14:32:56.463   712 22159 W InputManager: Input event injection from pid 2366 timed out.
04-08 14:32:56.541   712   777 I ActivityManager: Skipping duplicate ANR: ProcessRecord{37f86969 2387:com.youku.phone/u0a54} Input dispatching timed out (Waiting because no window has focus but there is a focused application that may eventually add a window when it finishes starting up.)
04-08 14:32:56.738   712 22159 W InputMethodManagerService: Starting input on non-focused client com.android.internal.view.IInputMethodClient$Stub$Proxy@3e4020fb (uid=10054 pid=2387)
04-08 14:33:01.488   712   806 I WindowManager: Input event dispatching timed out sending to application AppWindowToken{28714a8 token=Token{192104cb ActivityRecord{2697e39a u0 com.youku.phone/com.youku.ui.activity.WebViewActivity t3}}}.  Reason: Waiting because no window has focus but there is a focused application that may eventually add a window when it finishes starting up.
04-08 14:33:01.682   712   904 W InputManager: Input event injection from pid 2366 timed out.
04-08 14:33:02.793   712   777 I ActivityManager: Skipping duplicate ANR: ProcessRecord{37f86969 2387:com.youku.phone/u0a54} Input dispatching timed out (Waiting because no window has focus but there is a focused application that may eventually add a window when it finishes starting up.)
04-08 14:33:07.686   712   806 I WindowManager: Input event dispatching timed out sending to application AppWindowToken{28714a8 token=Token{192104cb ActivityRecord{2697e39a u0 com.youku.phone/com.youku.ui.activity.WebViewActivity t3}}}.  Reason: Waiting because no window has focus but there is a focused application that may eventually add a window when it finishes starting up.
04-08 14:33:07.731   712 19362 W ActivityManager: getTasks: caller 10054 does not hold GET_TASKS; limiting output
04-08 14:33:07.891   712  1037 W InputManager: Input event injection from pid 2366 timed out.
04-08 14:33:08.125   712   777 I ActivityManager: Skipping duplicate ANR: ProcessRecord{37f86969 2387:com.youku.phone/u0a54} Input dispatching timed out (Waiting because no window has focus but there is a focused application that may eventually add a window when it finishes starting up.)
04-08 14:33:08.651   712 17119 V WindowManager: Adding window Window{15fcf7d8 u0 com.youku.phone/com.youku.ui.activity.WebViewActivity} at 9 of 15 (after Window{221861ce u0 com.youku.phone/com.youku.ui.activity.DetailActivity})
04-08 14:33:09.117  2387  2387 W ViewRootImpl: Cancelling event due to no window focus: KeyEvent { action=ACTION_UP, keyCode=KEYCODE_DPAD_LEFT, scanCode=0, metaState=0, flags=0x80000028, repeatCount=0, eventTime=2122716, downTime=2122716, deviceId=-1, source=0x101 }
04-08 14:33:09.120  2387  2387 W ViewRootImpl: Cancelling event due to no window focus: KeyEvent { action=ACTION_UP, keyCode=KEYCODE_DPAD_LEFT, scanCode=0, metaState=0, flags=0x80000028, repeatCount=0, eventTime=2122716, downTime=2122716, deviceId=-1, source=0x101 }
04-08 14:33:09.120  2387  2387 W ViewRootImpl: Cancelling event due to no window focus: KeyEvent { action=ACTION_UP, keyCode=KEYCODE_DPAD_LEFT, scanCode=0, metaState=0, flags=0x80000028, repeatCount=0, eventTime=2122716, downTime=2122716, deviceId=-1, source=0x101 }
04-08 14:33:09.121  2387  2387 W ViewRootImpl: Cancelling event due to no window focus: KeyEvent { action=ACTION_UP, keyCode=KEYCODE_DPAD_LEFT, scanCode=0, metaState=0, flags=0x80000028, repeatCount=0, eventTime=2122716, downTime=2122716, deviceId=-1, source=0x101 }
04-08 14:33:09.127  2387  2387 W ViewRootImpl: Cancelling event due to no window focus: KeyEvent { action=ACTION_UP, keyCode=KEYCODE_DPAD_LEFT, scanCode=0, metaState=0, flags=0x80000028, repeatCount=0, eventTime=2122716, downTime=2122716, deviceId=-1, source=0x101 }
04-08 14:33:09.129  2387  2387 W ViewRootImpl: Cancelling event due to no window focus: KeyEvent { action=ACTION_UP, keyCode=KEYCODE_DPAD_LEFT, scanCode=0, metaState=0, flags=0x80000028, repeatCount=0, eventTime=2122716, downTime=2122716, deviceId=-1, source=0x101 }
04-08 14:33:09.131  2387  2387 W ViewRootImpl: Cancelling event due to no window focus: KeyEvent { action=ACTION_UP, keyCode=KEYCODE_DPAD_LEFT, scanCode=0, metaState=0, flags=0x80000028, repeatCount=0, eventTime=2122716, downTime=2122716, deviceId=-1, source=0x101 }
04-08 14:33:09.143  2387  2387 W ViewRootImpl: Cancelling event due to no window focus: KeyEvent { action=ACTION_UP, keyCode=KEYCODE_DPAD_LEFT, scanCode=0, metaState=0, flags=0x80000028, repeatCount=0, eventTime=2122716, downTime=2122716, deviceId=-1, source=0x101 }
04-08 14:33:09.147  2387  2387 W ViewRootImpl: Cancelling event due to no window focus: KeyEvent { action=ACTION_UP, keyCode=KEYCODE_DPAD_LEFT, scanCode=0, metaState=0, flags=0x80000028, repeatCount=0, eventTime=2122716, downTime=2122716, deviceId=-1, source=0x101 }
04-08 14:33:10.546   712   777 I ActivityManager: Killing 1703:com.android.voicedialer/u0a15 (adj 15): empty for 1800s
04-08 14:33:10.767   712   777 E libprocessgroup: failed to kill 1 processes for processgroup 1703
04-08 14:33:11.291   712   777 I ActivityManager: Killing 3060:com.android.gallery3d/u0a31 (adj 15): empty for 1800s
04-08 14:33:11.501   712   777 E libprocessgroup: failed to kill 1 processes for processgroup 3060
04-08 14:33:13.202   712   777 I ActivityManager: Killing 3264:com.android.browser/u0a19 (adj 15): empty for 1800s
04-08 14:33:13.600   712   777 I ActivityManager: Killing 1803:com.android.exchange/u0a29 (adj 15): empty for 1800s
04-08 14:33:13.765   712   777 I ActivityManager: Killing 1781:com.android.email/u0a28 (adj 15): empty for 1800s
04-08 14:33:19.304   712 19362 W ProcessCpuTracker: Skipping unknown process pid 3970
04-08 14:33:33.740   712  1261 I ActivityManager: START u0 {act=android.intent.action.MAIN cat=[android.intent.category.LAUNCHER] flg=0x10200000 cmp=com.youku.phone/.ActivityWelcome} from uid 0 on display 0
04-08 14:33:35.584   712  1261 W ActivityManager: getTasks: caller 10054 does not hold GET_TASKS; limiting output
04-08 14:33:36.095   712   777 W ActivityManager: Activity pause timeout for ActivityRecord{2697e39a u0 com.youku.phone/com.youku.ui.activity.WebViewActivity t3 f}
04-08 14:33:36.110   712 22159 W InputManager: Input event injection from pid 2366 failed.
04-08 14:33:36.113   712   728 W InputManager: Input event injection from pid 2366 failed.
04-08 14:33:37.119   712  1037 I ActivityManager: START u0 {act=android.intent.action.MAIN cat=[android.intent.category.LAUNCHER] flg=0x10200000 cmp=com.youku.phone/.ActivityWelcome} from uid 0 on display 0
04-08 14:33:38.187   712  1261 W InputManager: Input event injection from pid 2366 failed.
04-08 14:33:38.191   712  1198 W InputManager: Input event injection from pid 2366 failed.
04-08 14:33:44.222   712   806 I WindowManager: Input event dispatching timed out sending to application AppWindowToken{2d03097a token=Token{d8761a5 ActivityRecord{fc0a39c u0 com.youku.phone/com.youku.ui.activity.DetailActivity t3}}}.  Reason: Waiting because no window has focus but there is a focused application that may eventually add a window when it finishes starting up.
04-08 14:33:44.522   712   728 W InputManager: Input event injection from pid 2366 timed out.
04-08 14:33:44.587   712   777 I ActivityManager: Skipping duplicate ANR: ProcessRecord{37f86969 2387:com.youku.phone/u0a54} Input dispatching timed out (Waiting because no window has focus but there is a focused application that may eventually add a window when it finishes starting up.)
04-08 14:33:45.595   712   777 W ActivityManager: Launch timeout has expired, giving up wake lock!
04-08 14:33:49.590   712   806 I WindowManager: Input event dispatching timed out sending to application AppWindowToken{2d03097a token=Token{d8761a5 ActivityRecord{fc0a39c u0 com.youku.phone/com.youku.ui.activity.DetailActivity t3}}}.  Reason: Waiting because no window has focus but there is a focused application that may eventually add a window when it finishes starting up.
04-08 14:33:49.961   712 19362 W InputManager: Input event injection from pid 2366 timed out.
04-08 14:33:50.020   712   777 I ActivityManager: Skipping duplicate ANR: ProcessRecord{37f86969 2387:com.youku.phone/u0a54} Input dispatching timed out (Waiting because no window has focus but there is a focused application that may eventually add a window when it finishes starting up.)
04-08 14:33:54.160  2387  2387 W ViewRootImpl: Dropping event due to no window focus: KeyEvent { action=ACTION_DOWN, keyCode=KEYCODE_DPAD_LEFT, scanCode=0, metaState=0, flags=0x8, repeatCount=0, eventTime=2165582, downTime=2165582, deviceId=-1, source=0x101 }
04-08 14:33:54.164  2387  2387 W ViewRootImpl: Cancelling event due to no window focus: KeyEvent { action=ACTION_UP, keyCode=KEYCODE_DPAD_LEFT, scanCode=0, metaState=0, flags=0x28, repeatCount=0, eventTime=2167337, downTime=2167337, deviceId=-1, source=0x101 }
04-08 14:33:54.165  2387  2387 W ViewRootImpl: Cancelling event due to no window focus: KeyEvent { action=ACTION_UP, keyCode=KEYCODE_DPAD_LEFT, scanCode=0, metaState=0, flags=0x28, repeatCount=0, eventTime=2167337, downTime=2167337, deviceId=-1, source=0x101 }
04-08 14:33:54.165  2387  2387 W ViewRootImpl: Cancelling event due to no window focus: KeyEvent { action=ACTION_UP, keyCode=KEYCODE_DPAD_LEFT, scanCode=0, metaState=0, flags=0x28, repeatCount=0, eventTime=2167337, downTime=2167337, deviceId=-1, source=0x101 }
04-08 14:33:54.171  2387  2387 W ViewRootImpl: Cancelling event due to no window focus: KeyEvent { action=ACTION_UP, keyCode=KEYCODE_DPAD_LEFT, scanCode=0, metaState=0, flags=0x28, repeatCount=0, eventTime=2167337, downTime=2167337, deviceId=-1, source=0x101 }
04-08 14:33:54.174  2387  2387 W ViewRootImpl: Cancelling event due to no window focus: KeyEvent { action=ACTION_UP, keyCode=KEYCODE_DPAD_LEFT, scanCode=0, metaState=0, flags=0x28, repeatCount=0, eventTime=2167337, downTime=2167337, deviceId=-1, source=0x101 }
04-08 14:33:54.179  2387  2387 W ViewRootImpl: Cancelling event due to no window focus: KeyEvent { action=ACTION_UP, keyCode=KEYCODE_DPAD_LEFT, scanCode=0, metaState=0, flags=0x28, repeatCount=0, eventTime=2167337, downTime=2167337, deviceId=-1, source=0x101 }
04-08 14:33:54.215  2387  2387 W ViewRootImpl: Cancelling event due to no window focus: KeyEvent { action=ACTION_UP, keyCode=KEYCODE_DPAD_LEFT, scanCode=0, metaState=0, flags=0x80000028, repeatCount=0, eventTime=2167337, downTime=2167337, deviceId=-1, source=0x101 }
04-08 14:33:54.216  2387  2387 W ViewRootImpl: Cancelling event due to no window focus: KeyEvent { action=ACTION_UP, keyCode=KEYCODE_DPAD_LEFT, scanCode=0, metaState=0, flags=0x80000028, repeatCount=0, eventTime=2167337, downTime=2167337, deviceId=-1, source=0x101 }
04-08 14:33:54.216  2387  2387 W ViewRootImpl: Cancelling event due to no window focus: KeyEvent { action=ACTION_UP, keyCode=KEYCODE_DPAD_LEFT, scanCode=0, metaState=0, flags=0x80000028, repeatCount=0, eventTime=2167337, downTime=2167337, deviceId=-1, source=0x101 }
04-08 14:33:55.534  2387  2387 W ViewRootImpl: Dropping event due to no window focus: KeyEvent { action=ACTION_DOWN, keyCode=KEYCODE_MENU, scanCode=0, metaState=0, flags=0x8, repeatCount=0, eventTime=2169781, downTime=2169781, deviceId=-1, source=0x101 }
04-08 14:33:55.536  2387  2387 W ViewRootImpl: Cancelling event due to no window focus: KeyEvent { action=ACTION_UP, keyCode=KEYCODE_MENU, scanCode=0, metaState=0, flags=0x28, repeatCount=0, eventTime=2169890, downTime=2169890, deviceId=-1, source=0x101 }
04-08 14:33:55.537  2387  2387 W ViewRootImpl: Cancelling event due to no window focus: KeyEvent { action=ACTION_UP, keyCode=KEYCODE_MENU, scanCode=0, metaState=0, flags=0x28, repeatCount=0, eventTime=2169890, downTime=2169890, deviceId=-1, source=0x101 }
04-08 14:33:55.537  2387  2387 W ViewRootImpl: Cancelling event due to no window focus: KeyEvent { action=ACTION_UP, keyCode=KEYCODE_MENU, scanCode=0, metaState=0, flags=0x28, repeatCount=0, eventTime=2169890, downTime=2169890, deviceId=-1, source=0x101 }
04-08 14:33:55.541  2387  2387 W ViewRootImpl: Cancelling event due to no window focus: KeyEvent { action=ACTION_UP, keyCode=KEYCODE_MENU, scanCode=0, metaState=0, flags=0x28, repeatCount=0, eventTime=2169890, downTime=2169890, deviceId=-1, source=0x101 }
04-08 14:33:55.541  2387  2387 W ViewRootImpl: Cancelling event due to no window focus: KeyEvent { action=ACTION_UP, keyCode=KEYCODE_MENU, scanCode=0, metaState=0, flags=0x28, repeatCount=0, eventTime=2169890, downTime=2169890, deviceId=-1, source=0x101 }
04-08 14:33:55.542  2387  2387 W ViewRootImpl: Cancelling event due to no window focus: KeyEvent { action=ACTION_UP, keyCode=KEYCODE_MENU, scanCode=0, metaState=0, flags=0x28, repeatCount=0, eventTime=2169890, downTime=2169890, deviceId=-1, source=0x101 }
04-08 14:34:05.542   712 19362 I ActivityManager: START u0 {act=com.youku.action.YoukuWebview cmp=com.youku.phone/com.youku.ui.activity.WebViewActivity (has extras)} from uid 10054 on display 0
04-08 14:34:05.592   712 19362 V WindowManager: addAppToken: AppWindowToken{37a8c4ab token=Token{382936fa ActivityRecord{20dbd525 u0 com.youku.phone/com.youku.ui.activity.WebViewActivity t3}}} to stack=1 task=3 at 5
04-08 14:34:06.096   712   777 W ActivityManager: Activity pause timeout for ActivityRecord{fc0a39c u0 com.youku.phone/com.youku.ui.activity.DetailActivity t3}
04-08 14:34:08.724   712  1198 W InputMethodManagerService: Starting input on non-focused client com.android.internal.view.IInputMethodClient$Stub$Proxy@3e4020fb (uid=10054 pid=2387)
04-08 14:34:09.089   712 13229 W ActivityManager: getTasks: caller 10054 does not hold GET_TASKS; limiting output
04-08 14:34:09.227   712   904 V WindowManager: Adding window Window{9cf1e23 u0 com.youku.phone/com.youku.ui.activity.WebViewActivity} at 9 of 15 (after Window{221861ce u0 com.youku.phone/com.youku.ui.activity.DetailActivity})
04-08 14:34:10.125  2387  2387 W ViewRootImpl: Dropping event due to no window focus: KeyEvent { action=ACTION_DOWN, keyCode=KEYCODE_DPAD_LEFT, scanCode=0, metaState=0, flags=0x8, repeatCount=0, eventTime=2180413, downTime=2180413, deviceId=-1, source=0x101 }
04-08 14:34:10.126  2387  2387 W ViewRootImpl: Cancelling event due to no window focus: KeyEvent { action=ACTION_UP, keyCode=KEYCODE_DPAD_LEFT, scanCode=0, metaState=0, flags=0x28, repeatCount=0, eventTime=2184253, downTime=2184253, deviceId=-1, source=0x101 }
