08-04 04:43:19.173  1120  1120 D TelephonyManager: getSimOperatorNumeric(): default subId=1
08-04 04:43:19.174  1120  1120 D TelephonyManager: getTelephonyProperty: return propVal='46001' phoneId=0 property='gsm.sim.operator.numeric' defaultVal='' prop=46001
08-04 04:43:19.183  1120  1177 D TelephonyManager: getTelephonyProperty: return propVal='cn' phoneId=0 property='gsm.sim.operator.iso-country' defaultVal='' prop=cn
08-04 04:43:19.183  1120  1177 D SubscriptionController: [getSubInfoRecord] id:1 iccid:89860115921101579076 simSlotIndex:0 displayName:CARD 1 nameSource:0 iconTint:-16746133 dataRoaming:0 mcc:460 mnc:1 countIso:cn
08-04 04:43:19.184  1120  1120 D SubscriptionController: [setMccMnc]+ mcc/mnc:460/1 subId:1
08-04 04:43:19.187  1120  1177 D PhoneFactory: getPhone:- phoneId != DEFAULT_PHONE_ID return sProxyPhones[phoneId] phoneId=0 phone=Handler (com.android.internal.telephony.PhoneProxy) {5e7ec3c}
08-04 04:43:19.190  1120  1177 D SubscriptionController: [getActiveSubInfoList]- 1 infos return
08-04 04:43:19.202  1120  1120 D SubscriptionController: notifySubscriptionInfoChanged:
08-04 04:43:19.207  1120  1120 D PhoneFactory: getPhone:- phoneId != DEFAULT_PHONE_ID return sProxyPhones[phoneId] phoneId=0 phone=Handler (com.android.internal.telephony.PhoneProxy) {5e7ec3c}
08-04 04:43:19.220   712   712 D TelephonyManager: getSimOperatorNumeric(): default subId=1
08-04 04:43:19.221   712   712 D TelephonyManager: getTelephonyProperty: return propVal='46001' phoneId=0 property='gsm.sim.operator.numeric' defaultVal='' prop=46001
08-04 04:43:19.223  1120  1120 D SubscriptionController: [getActiveSubInfoList]+
08-04 04:43:19.225  1120  1120 D SubscriptionController: selection:sim_id>=0 null
08-04 04:43:19.232  1120  1120 D TelephonyManager: getTelephonyProperty: return propVal='cn' phoneId=0 property='gsm.sim.operator.iso-country' defaultVal='' prop=cn
08-04 04:43:19.232  1120  1120 D SubscriptionController: [getSubInfoRecord] id:1 iccid:89860115921101579076 simSlotIndex:0 displayName:CARD 1 nameSource:0 iconTint:-16746133 dataRoaming:0 mcc:460 mnc:1 countIso:cn
08-04 04:43:19.234  1120  1120 D PhoneFactory: getPhone:- phoneId != DEFAULT_PHONE_ID return sProxyPhones[phoneId] phoneId=0 phone=Handler (com.android.internal.telephony.PhoneProxy) {5e7ec3c}
08-04 04:43:19.238  1120  1120 D SubscriptionController: [getActiveSubInfoList]- 1 infos return
08-04 04:43:19.240  1120  1120 D SubscriptionController: [getActiveSubInfoForSubscriber]+ subId=1 subInfo={id=1, iccId=89860115921101579076 simSlotIndex=0 displayName=CARD 1 carrierName=Emergency calls only nameSource=0 iconTint=-16746133 dataRoaming=0 iconBitmap=android.graphics.Bitmap@2d5700cc mcc 460 mnc 1}
08-04 04:43:19.241  1120  1120 D TelephonyManager: getTelephonyProperty: return propVal='null' phoneId=0 property='gsm.sim.operator.alpha' defaultVal='' prop=
08-04 04:43:19.241  1120  1120 D SubscriptionInfoUpdater: sim name = CARD 1
08-04 04:43:19.255  1120  1120 D SubscriptionInfoUpdater: Broadcasting intent ACTION_SIM_STATE_CHANGED LOADED reason null for mCardIndex : 0
08-04 04:43:19.256  1120  1347 D SubscriptionController: [getActiveSubInfoList]+
08-04 04:43:19.258  1120  1347 D SubscriptionController: selection:sim_id>=0 null
08-04 04:43:19.270   712   776 D TelephonyManager: getSimOperatorNumeric(): default subId=1
08-04 04:43:19.272  1120  1347 D TelephonyManager: getTelephonyProperty: return propVal='cn' phoneId=0 property='gsm.sim.operator.iso-country' defaultVal='' prop=cn
08-04 04:43:19.274  1120  1347 D SubscriptionController: [getSubInfoRecord] id:1 iccid:89860115921101579076 simSlotIndex:0 displayName:CARD 1 nameSource:0 iconTint:-16746133 dataRoaming:0 mcc:460 mnc:1 countIso:cn
08-04 04:43:19.274   712   776 D TelephonyManager: getTelephonyProperty: return propVal='46001' phoneId=0 property='gsm.sim.operator.numeric' defaultVal='' prop=46001
08-04 04:43:19.277  1120  1347 D PhoneFactory: getPhone:- phoneId != DEFAULT_PHONE_ID return sProxyPhones[phoneId] phoneId=0 phone=Handler (com.android.internal.telephony.PhoneProxy) {5e7ec3c}
08-04 04:43:19.280  1120  1347 D SubscriptionController: [getActiveSubInfoList]- 1 infos return
08-04 04:43:19.286  1120  1120 D ProxyController: handleMessage msg.what=2
08-04 04:43:19.286  1120  1120 D ProxyController: onStartRadioCapabilityResponse: Ignore session=-342650136 rc=null
08-04 04:43:19.287  1120  1120 D DCT     : [0]handleMessage msg={ when=-327ms what=270337 obj=android.os.AsyncResult@1c1e222a target=com.android.internal.telephony.dataconnection.DcTracker }
08-04 04:43:19.287  1120  1120 D DCT     : [0]onRadioAvailable
08-04 04:43:19.288  1120  1120 D DCT     : [0]isDataAllowed getRecordsLoaded=true
08-04 04:43:19.289  1120  1120 D DCT     : [0]isDataAllowed: not allowed due to - Attached= false
08-04 04:43:19.289  1120  1120 D DCT     : [ApnContext:default] getApnSetting: apnSetting=null
08-04 04:43:19.291  1120  1120 D PhoneFactory: getPhone:- phoneId != DEFAULT_PHONE_ID return sProxyPhones[phoneId] phoneId=0 phone=Handler (com.android.internal.telephony.PhoneProxy) {5e7ec3c}
08-04 04:43:19.295  1120  1177 D SubscriptionController: [getActiveSubInfoList]+
08-04 04:43:19.296  1120  1120 D DCT     : [0]isDataAllowed getRecordsLoaded=true
08-04 04:43:19.296  1120  1120 D DCT     : [0]isDataAllowed: not allowed due to - Attached= false
08-04 04:43:19.296  1120  1120 D DCT     : [ApnContext:mms] getApnSetting: apnSetting=null
08-04 04:43:19.297  1120  1120 D PhoneFactory: getPhone:- phoneId != DEFAULT_PHONE_ID return sProxyPhones[phoneId] phoneId=0 phone=Handler (com.android.internal.telephony.PhoneProxy) {5e7ec3c}
08-04 04:43:19.298  1120  1177 D SubscriptionController: selection:sim_id>=0 null
08-04 04:43:19.302  1120  1120 D DCT     : [0]isDataAllowed getRecordsLoaded=true
08-04 04:43:19.303  1120  1120 D DCT     : [0]isDataAllowed: not allowed due to - Attached= false
08-04 04:43:19.303  1120  1120 D DCT     : [ApnContext:cbs] getApnSetting: apnSetting=null
08-04 04:43:19.304  1120  1120 D PhoneFactory: getPhone:- phoneId != DEFAULT_PHONE_ID return sProxyPhones[phoneId] phoneId=0 phone=Handler (com.android.internal.telephony.PhoneProxy) {5e7ec3c}
08-04 04:43:19.307  1120  1120 D DCT     : [0]isDataAllowed getRecordsLoaded=true
08-04 04:43:19.308  1120  1120 D DCT     : [0]isDataAllowed: not allowed due to - Attached= false
08-04 04:43:19.308  1120  1120 D DCT     : [ApnContext:fota] getApnSetting: apnSetting=null
08-04 04:43:19.309  1120  1177 D TelephonyManager: getTelephonyProperty: return propVal='cn' phoneId=0 property='gsm.sim.operator.iso-country' defaultVal='' prop=cn
08-04 04:43:19.309  1120  1120 D PhoneFactory: getPhone:- phoneId != DEFAULT_PHONE_ID return sProxyPhones[phoneId] phoneId=0 phone=Handler (com.android.internal.telephony.PhoneProxy) {5e7ec3c}
08-04 04:43:19.309  1120  1177 D SubscriptionController: [getSubInfoRecord] id:1 iccid:89860115921101579076 simSlotIndex:0 displayName:CARD 1 nameSource:0 iconTint:-16746133 dataRoaming:0 mcc:460 mnc:1 countIso:cn
08-04 04:43:19.311  1120  1177 D PhoneFactory: getPhone:- phoneId != DEFAULT_PHONE_ID return sProxyPhones[phoneId] phoneId=0 phone=Handler (com.android.internal.telephony.PhoneProxy) {5e7ec3c}
08-04 04:43:19.314  1120  1120 D DCT     : [0]isDataAllowed getRecordsLoaded=true
08-04 04:43:19.315  1120  1120 D DCT     : [0]isDataAllowed: not allowed due to - Attached= false
08-04 04:43:19.315  1120  1177 D SubscriptionController: [getActiveSubInfoList]- 1 infos return
08-04 04:43:19.315  1120  1120 D DCT     : [ApnContext:supl] getApnSetting: apnSetting=null
08-04 04:43:19.316  1120  1120 D PhoneFactory: getPhone:- phoneId != DEFAULT_PHONE_ID return sProxyPhones[phoneId] phoneId=0 phone=Handler (com.android.internal.telephony.PhoneProxy) {5e7ec3c}
08-04 04:43:19.326  1120  1120 D DCT     : [0]isDataAllowed getRecordsLoaded=true
08-04 04:43:19.326  1120  1120 D DCT     : [0]isDataAllowed: not allowed due to - Attached= false
08-04 04:43:19.327  1120  1120 D DCT     : [ApnContext:ia] getApnSetting: apnSetting=null
08-04 04:43:19.327  1120  1120 D PhoneFactory: getPhone:- phoneId != DEFAULT_PHONE_ID return sProxyPhones[phoneId] phoneId=0 phone=Handler (com.android.internal.telephony.PhoneProxy) {5e7ec3c}
08-04 04:43:19.328  1120  1347 D SubscriptionController: [getActiveSubInfoList]+
08-04 04:43:19.330  1120  1347 D SubscriptionController: selection:sim_id>=0 null
08-04 04:43:19.331  1120  1120 D DCT     : [0]isDataAllowed getRecordsLoaded=true
08-04 04:43:19.331  1120  1120 D DCT     : [0]isDataAllowed: not allowed due to - Attached= false
08-04 04:43:19.332  1120  1120 D DCT     : [ApnContext:dun] getApnSetting: apnSetting=null
08-04 04:43:19.332  1120  1120 D PhoneFactory: getPhone:- phoneId != DEFAULT_PHONE_ID return sProxyPhones[phoneId] phoneId=0 phone=Handler (com.android.internal.telephony.PhoneProxy) {5e7ec3c}
08-04 04:43:19.336  1120  1120 D DCT     : [0]isDataAllowed getRecordsLoaded=true
08-04 04:43:19.336  1120  1120 D DCT     : [0]isDataAllowed: not allowed due to - Attached= false
08-04 04:43:19.337  1120  1120 D DCT     : [ApnContext:hipri] getApnSetting: apnSetting=null
08-04 04:43:19.337  1120  1120 D PhoneFactory: getPhone:- phoneId != DEFAULT_PHONE_ID return sProxyPhones[phoneId] phoneId=0 phone=Handler (com.android.internal.telephony.PhoneProxy) {5e7ec3c}
08-04 04:43:19.341  1120  1120 D DCT     : [0]isDataAllowed getRecordsLoaded=true
08-04 04:43:19.343  1120  1120 D DCT     : [0]isDataAllowed: not allowed due to - Attached= false
08-04 04:43:19.343  1120  1120 D DCT     : [ApnContext:ims] getApnSetting: apnSetting=null
08-04 04:43:19.344  1120  1347 D TelephonyManager: getTelephonyProperty: return propVal='cn' phoneId=0 property='gsm.sim.operator.iso-country' defaultVal='' prop=cn
08-04 04:43:19.344  1120  1120 D PhoneFactory: getPhone:- phoneId != DEFAULT_PHONE_ID return sProxyPhones[phoneId] phoneId=0 phone=Handler (com.android.internal.telephony.PhoneProxy) {5e7ec3c}
08-04 04:43:19.344  1120  1347 D SubscriptionController: [getSubInfoRecord] id:1 iccid:89860115921101579076 simSlotIndex:0 displayName:CARD 1 nameSource:0 iconTint:-16746133 dataRoaming:0 mcc:460 mnc:1 countIso:cn
08-04 04:43:19.345  1120  1347 D PhoneFactory: getPhone:- phoneId != DEFAULT_PHONE_ID return sProxyPhones[phoneId] phoneId=0 phone=Handler (com.android.internal.telephony.PhoneProxy) {5e7ec3c}
08-04 04:43:19.347  1120  1120 D DCT     : [0]overall state is IDLE
08-04 04:43:19.348  1120  1120 D DCT     : [0]handleMessage msg={ when=-388ms what=270345 obj=android.os.AsyncResult@17eb2791 target=com.android.internal.telephony.dataconnection.DcTracker }
08-04 04:43:19.348  1120  1120 D DCT     : [0]onDataConnectionDetached: stop polling and notify detached
08-04 04:43:19.348  1120  1120 D DCT     : [0]stopNetStatPoll
08-04 04:43:19.350  1120  1347 D SubscriptionController: [getActiveSubInfoList]- 1 infos return
08-04 04:43:19.350  1120  1120 D DCT     : [0]stopDataStallAlarm: current tag=23640 mDataStallAlarmIntent=null
08-04 04:43:19.350  1120  1120 D DCT     : [0]notifyDataConnection: reason=dataDetached
08-04 04:43:19.351  1120  1120 D DCT     : [0]isDataAllowed getRecordsLoaded=true
08-04 04:43:19.351  1120  1120 D DCT     : [0]isDataAllowed: not allowed due to - Attached= false
08-04 04:43:19.352  1120  1120 D DCT     : [ApnContext:default] getApnSetting: apnSetting=null
08-04 04:43:19.352  1120  1120 D PhoneFactory: getPhone:- phoneId != DEFAULT_PHONE_ID return sProxyPhones[phoneId] phoneId=0 phone=Handler (com.android.internal.telephony.PhoneProxy) {5e7ec3c}
08-04 04:43:19.356  1120  1120 D DCT     : [0]isDataAllowed getRecordsLoaded=true
08-04 04:43:19.360  1120  1120 D DCT     : [0]isDataAllowed: not allowed due to - Attached= false
08-04 04:43:19.360  1120  1120 D DCT     : [ApnContext:mms] getApnSetting: apnSetting=null
08-04 04:43:19.361  1120  1120 D PhoneFactory: getPhone:- phoneId != DEFAULT_PHONE_ID return sProxyPhones[phoneId] phoneId=0 phone=Handler (com.android.internal.telephony.PhoneProxy) {5e7ec3c}
08-04 04:43:19.364  1120  1120 D DCT     : [0]isDataAllowed getRecordsLoaded=true
08-04 04:43:19.365  1120  1120 D DCT     : [0]isDataAllowed: not allowed due to - Attached= false
08-04 04:43:19.365  1120  1120 D DCT     : [ApnContext:cbs] getApnSetting: apnSetting=null
08-04 04:43:19.366  1120  1120 D PhoneFactory: getPhone:- phoneId != DEFAULT_PHONE_ID return sProxyPhones[phoneId] phoneId=0 phone=Handler (com.android.internal.telephony.PhoneProxy) {5e7ec3c}
08-04 04:43:19.369  1120  1120 D DCT     : [0]isDataAllowed getRecordsLoaded=true
08-04 04:43:19.369  1120  1120 D DCT     : [0]isDataAllowed: not allowed due to - Attached= false
08-04 04:43:19.369  1120  1120 D DCT     : [ApnContext:fota] getApnSetting: apnSetting=null
08-04 04:43:19.370  1120  1120 D PhoneFactory: getPhone:- phoneId != DEFAULT_PHONE_ID return sProxyPhones[phoneId] phoneId=0 phone=Handler (com.android.internal.telephony.PhoneProxy) {5e7ec3c}
08-04 04:43:19.370  1120  1303 D GsmCellBroadcastHandler: mWakeLock released
08-04 04:43:19.375  1120  1120 D DCT     : [0]isDataAllowed getRecordsLoaded=true
08-04 04:43:19.376  1120  1120 D DCT     : [0]isDataAllowed: not allowed due to - Attached= false
08-04 04:43:19.376  1120  1120 D DCT     : [ApnContext:supl] getApnSetting: apnSetting=null
08-04 04:43:19.377  1120  1120 D PhoneFactory: getPhone:- phoneId != DEFAULT_PHONE_ID return sProxyPhones[phoneId] phoneId=0 phone=Handler (com.android.internal.telephony.PhoneProxy) {5e7ec3c}
08-04 04:43:19.380  1120  1120 D DCT     : [0]isDataAllowed getRecordsLoaded=true
08-04 04:43:19.381  1120  1120 D DCT     : [0]isDataAllowed: not allowed due to - Attached= false
08-04 04:43:19.381  1120  1120 D DCT     : [ApnContext:ia] getApnSetting: apnSetting=null
08-04 04:43:19.381  1120  1120 D PhoneFactory: getPhone:- phoneId != DEFAULT_PHONE_ID return sProxyPhones[phoneId] phoneId=0 phone=Handler (com.android.internal.telephony.PhoneProxy) {5e7ec3c}
08-04 04:43:19.385  1120  1120 D DCT     : [0]isDataAllowed getRecordsLoaded=true
08-04 04:43:19.386  1120  1120 D DCT     : [0]isDataAllowed: not allowed due to - Attached= false
08-04 04:43:19.387  1120  1120 D DCT     : [ApnContext:dun] getApnSetting: apnSetting=null
08-04 04:43:19.387  1120  1120 D PhoneFactory: getPhone:- phoneId != DEFAULT_PHONE_ID return sProxyPhones[phoneId] phoneId=0 phone=Handler (com.android.internal.telephony.PhoneProxy) {5e7ec3c}
08-04 04:43:19.391  1120  1120 D DCT     : [0]isDataAllowed getRecordsLoaded=true
08-04 04:43:19.392  1120  1120 D DCT     : [0]isDataAllowed: not allowed due to - Attached= false
08-04 04:43:19.392  1120  1120 D DCT     : [ApnContext:hipri] getApnSetting: apnSetting=null
08-04 04:43:19.393  1120  1120 D PhoneFactory: getPhone:- phoneId != DEFAULT_PHONE_ID return sProxyPhones[phoneId] phoneId=0 phone=Handler (com.android.internal.telephony.PhoneProxy) {5e7ec3c}
08-04 04:43:19.396  1120  1120 D DCT     : [0]isDataAllowed getRecordsLoaded=true
08-04 04:43:19.397  1120  1120 D DCT     : [0]isDataAllowed: not allowed due to - Attached= false
08-04 04:43:19.397  1120  1120 D DCT     : [ApnContext:ims] getApnSetting: apnSetting=null
08-04 04:43:19.398  1120  1120 D PhoneFactory: getPhone:- phoneId != DEFAULT_PHONE_ID return sProxyPhones[phoneId] phoneId=0 phone=Handler (com.android.internal.telephony.PhoneProxy) {5e7ec3c}
08-04 04:43:19.402  1120  1120 D DCT     : [0]handleMessage msg={ when=-442ms what=270348 obj=android.os.AsyncResult@5436f6 target=com.android.internal.telephony.dataconnection.DcTracker }
08-04 04:43:19.402  1120  1120 D DCT     : [0]onRoamingOff
08-04 04:43:19.403  1120  1120 D DCT     : [0]getDataOnRoamingEnabled: phoneSubId=1 isDataRoamingEnabled=true
08-04 04:43:19.403  1120  1120 D DCT     : [0]notifyDataConnection: reason=roamingOff
08-04 04:43:19.405  1120  1120 D DCT     : [0]isDataAllowed getRecordsLoaded=true
08-04 04:43:19.406  1120  1120 D DCT     : [0]isDataAllowed: not allowed due to - Attached= false
08-04 04:43:19.406  1120  1120 D DCT     : [ApnContext:default] getApnSetting: apnSetting=null
08-04 04:43:19.407  1120  1120 D PhoneFactory: getPhone:- phoneId != DEFAULT_PHONE_ID return sProxyPhones[phoneId] phoneId=0 phone=Handler (com.android.internal.telephony.PhoneProxy) {5e7ec3c}
08-04 04:43:19.410  1120  1120 D DCT     : [0]isDataAllowed getRecordsLoaded=true
08-04 04:43:19.411  1120  1120 D DCT     : [0]isDataAllowed: not allowed due to - Attached= false
08-04 04:43:19.411  1120  1120 D DCT     : [ApnContext:mms] getApnSetting: apnSetting=null
08-04 04:43:19.412  1120  1120 D PhoneFactory: getPhone:- phoneId != DEFAULT_PHONE_ID return sProxyPhones[phoneId] phoneId=0 phone=Handler (com.android.internal.telephony.PhoneProxy) {5e7ec3c}
08-04 04:43:19.415  1120  1120 D DCT     : [0]isDataAllowed getRecordsLoaded=true
08-04 04:43:19.416  1120  1120 D DCT     : [0]isDataAllowed: not allowed due to - Attached= false
08-04 04:43:19.416  1120  1120 D DCT     : [ApnContext:cbs] getApnSetting: apnSetting=null
08-04 04:43:19.416  1120  1120 D PhoneFactory: getPhone:- phoneId != DEFAULT_PHONE_ID return sProxyPhones[phoneId] phoneId=0 phone=Handler (com.android.internal.telephony.PhoneProxy) {5e7ec3c}
08-04 04:43:19.420  1120  1120 D DCT     : [0]isDataAllowed getRecordsLoaded=true
08-04 04:43:19.420  1120  1120 D DCT     : [0]isDataAllowed: not allowed due to - Attached= false
08-04 04:43:19.420  1120  1120 D DCT     : [ApnContext:fota] getApnSetting: apnSetting=null
08-04 04:43:19.421  1120  1120 D PhoneFactory: getPhone:- phoneId != DEFAULT_PHONE_ID return sProxyPhones[phoneId] phoneId=0 phone=Handler (com.android.internal.telephony.PhoneProxy) {5e7ec3c}
08-04 04:43:19.425  1120  1120 D DCT     : [0]isDataAllowed getRecordsLoaded=true
08-04 04:43:19.426  1120  1120 D DCT     : [0]isDataAllowed: not allowed due to - Attached= false
08-04 04:43:19.426  1120  1120 D DCT     : [ApnContext:supl] getApnSetting: apnSetting=null
08-04 04:43:19.426  1120  1120 D PhoneFactory: getPhone:- phoneId != DEFAULT_PHONE_ID return sProxyPhones[phoneId] phoneId=0 phone=Handler (com.android.internal.telephony.PhoneProxy) {5e7ec3c}
08-04 04:43:19.430  1120  1120 D DCT     : [0]isDataAllowed getRecordsLoaded=true
08-04 04:43:19.431  1120  1120 D DCT     : [0]isDataAllowed: not allowed due to - Attached= false
08-04 04:43:19.431  1120  1120 D DCT     : [ApnContext:ia] getApnSetting: apnSetting=null
08-04 04:43:19.431  1120  1120 D PhoneFactory: getPhone:- phoneId != DEFAULT_PHONE_ID return sProxyPhones[phoneId] phoneId=0 phone=Handler (com.android.internal.telephony.PhoneProxy) {5e7ec3c}
08-04 04:43:19.435  1120  1120 D DCT     : [0]isDataAllowed getRecordsLoaded=true
08-04 04:43:19.436  1120  1120 D DCT     : [0]isDataAllowed: not allowed due to - Attached= false
08-04 04:43:19.436  1120  1120 D DCT     : [ApnContext:dun] getApnSetting: apnSetting=null
08-04 04:43:19.437  1120  1120 D PhoneFactory: getPhone:- phoneId != DEFAULT_PHONE_ID return sProxyPhones[phoneId] phoneId=0 phone=Handler (com.android.internal.telephony.PhoneProxy) {5e7ec3c}
08-04 04:43:19.441  1120  1120 D DCT     : [0]isDataAllowed getRecordsLoaded=true
08-04 04:43:19.441  1120  1120 D DCT     : [0]isDataAllowed: not allowed due to - Attached= false
08-04 04:43:19.442  1120  1120 D DCT     : [ApnContext:hipri] getApnSetting: apnSetting=null
08-04 04:43:19.442  1120  1120 D PhoneFactory: getPhone:- phoneId != DEFAULT_PHONE_ID return sProxyPhones[phoneId] phoneId=0 phone=Handler (com.android.internal.telephony.PhoneProxy) {5e7ec3c}
08-04 04:43:19.446  1120  1120 D DCT     : [0]isDataAllowed getRecordsLoaded=true
08-04 04:43:19.447  1120  1120 D DCT     : [0]isDataAllowed: not allowed due to - Attached= false
08-04 04:43:19.447  1120  1120 D DCT     : [ApnContext:ims] getApnSetting: apnSetting=null
08-04 04:43:19.448  1120  1120 D PhoneFactory: getPhone:- phoneId != DEFAULT_PHONE_ID return sProxyPhones[phoneId] phoneId=0 phone=Handler (com.android.internal.telephony.PhoneProxy) {5e7ec3c}
08-04 04:43:19.451  1120  1120 D DCT     : [0]handleMessage msg={ when=-490ms what=270377 obj=android.os.AsyncResult@4de8af7 target=com.android.internal.telephony.dataconnection.DcTracker }
08-04 04:43:19.451  1120  1120 D DCT     : [0]setupDataOnConnectableApns: nwTypeChanged
08-04 04:43:19.452  1120  1120 D DCT     : [0]setupDataOnConnectableApns: apnContext {mApnType=hipri mState=IDLE mWaitingApns={null} mWaitingApnsPermanentFailureCountDown=0 mApnSetting={null} mReason=radioTurnedOff mDataEnabled=false mDependencyMet=true}
08-04 04:43:19.452  1120  1120 D DCT     : [0]setupDataOnConnectableApns: apnContext {mApnType=mms mState=IDLE mWaitingApns={null} mWaitingApnsPermanentFailureCountDown=0 mApnSetting={null} mReason=radioTurnedOff mDataEnabled=false mDependencyMet=true}
08-04 04:43:19.453  1120  1120 D DCT     : [0]setupDataOnConnectableApns: apnContext {mApnType=supl mState=IDLE mWaitingApns={null} mWaitingApnsPermanentFailureCountDown=0 mApnSetting={null} mReason=radioTurnedOff mDataEnabled=false mDependencyMet=true}
08-04 04:43:19.453  1120  1120 D DCT     : [0]setupDataOnConnectableApns: apnContext {mApnType=cbs mState=IDLE mWaitingApns={null} mWaitingApnsPermanentFailureCountDown=0 mApnSetting={null} mReason=radioTurnedOff mDataEnabled=false mDependencyMet=true}
08-04 04:43:19.454  1120  1120 D DCT     : [0]setupDataOnConnectableApns: apnContext {mApnType=dun mState=IDLE mWaitingApns={null} mWaitingApnsPermanentFailureCountDown=0 mApnSetting={null} mReason=radioTurnedOff mDataEnabled=false mDependencyMet=true}
08-04 04:43:19.454  1120  1120 D DCT     : [0]setupDataOnConnectableApns: apnContext {mApnType=fota mState=IDLE mWaitingApns={null} mWaitingApnsPermanentFailureCountDown=0 mApnSetting={null} mReason=radioTurnedOff mDataEnabled=false mDependencyMet=true}
08-04 04:43:19.455  1120  1120 D DCT     : [0]setupDataOnConnectableApns: apnContext {mApnType=ims mState=IDLE mWaitingApns={null} mWaitingApnsPermanentFailureCountDown=0 mApnSetting={null} mReason=radioTurnedOff mDataEnabled=false mDependencyMet=true}
08-04 04:43:19.455  1120  1120 D DCT     : [0]setupDataOnConnectableApns: apnContext {mApnType=default mState=IDLE mWaitingApns={null} mWaitingApnsPermanentFailureCountDown=0 mApnSetting={null} mReason=radioTurnedOff mDataEnabled=false mDependencyMet=true}
08-04 04:43:19.456  1120  1120 D DCT     : [0]setupDataOnConnectableApns: apnContext {mApnType=ia mState=IDLE mWaitingApns={null} mWaitingApnsPermanentFailureCountDown=0 mApnSetting={null} mReason=radioTurnedOff mDataEnabled=false mDependencyMet=true}
08-04 04:43:19.456  1120  1120 D DCT     : [0]handleMessage msg={ when=-495ms what=270377 obj=android.os.AsyncResult@13229d64 target=com.android.internal.telephony.dataconnection.DcTracker }
08-04 04:43:19.456  1120  1120 D DCT     : [0]setupDataOnConnectableApns: nwTypeChanged
08-04 04:43:19.457  1120  1120 D DCT     : [0]setupDataOnConnectableApns: apnContext {mApnType=hipri mState=IDLE mWaitingApns={null} mWaitingApnsPermanentFailureCountDown=0 mApnSetting={null} mReason=radioTurnedOff mDataEnabled=false mDependencyMet=true}
08-04 04:43:19.457  1120  1120 D DCT     : [0]setupDataOnConnectableApns: apnContext {mApnType=mms mState=IDLE mWaitingApns={null} mWaitingApnsPermanentFailureCountDown=0 mApnSetting={null} mReason=radioTurnedOff mDataEnabled=false mDependencyMet=true}
08-04 04:43:19.458  1120  1120 D DCT     : [0]setupDataOnConnectableApns: apnContext {mApnType=supl mState=IDLE mWaitingApns={null} mWaitingApnsPermanentFailureCountDown=0 mApnSetting={null} mReason=radioTurnedOff mDataEnabled=false mDependencyMet=true}
08-04 04:43:19.458  1120  1120 D DCT     : [0]setupDataOnConnectableApns: apnContext {mApnType=cbs mState=IDLE mWaitingApns={null} mWaitingApnsPermanentFailureCountDown=0 mApnSetting={null} mReason=radioTurnedOff mDataEnabled=false mDependencyMet=true}
08-04 04:43:19.459  1120  1120 D DCT     : [0]setupDataOnConnectableApns: apnContext {mApnType=dun mState=IDLE mWaitingApns={null} mWaitingApnsPermanentFailureCountDown=0 mApnSetting={null} mReason=radioTurnedOff mDataEnabled=false mDependencyMet=true}
08-04 04:43:19.459  1120  1120 D DCT     : [0]setupDataOnConnectableApns: apnContext {mApnType=fota mState=IDLE mWaitingApns={null} mWaitingApnsPermanentFailureCountDown=0 mApnSetting={null} mReason=radioTurnedOff mDataEnabled=false mDependencyMet=true}
08-04 04:43:19.460  1120  1120 D DCT     : [0]setupDataOnConnectableApns: apnContext {mApnType=ims mState=IDLE mWaitingApns={null} mWaitingApnsPermanentFailureCountDown=0 mApnSetting={null} mReason=radioTurnedOff mDataEnabled=false mDependencyMet=true}
08-04 04:43:19.460  1120  1120 D DCT     : [0]setupDataOnConnectableApns: apnContext {mApnType=default mState=IDLE mWaitingApns={null} mWaitingApnsPermanentFailureCountDown=0 mApnSetting={null} mReason=radioTurnedOff mDataEnabled=false mDependencyMet=true}
08-04 04:43:19.461  1120  1120 D DCT     : [0]setupDataOnConnectableApns: apnContext {mApnType=ia mState=IDLE mWaitingApns={null} mWaitingApnsPermanentFailureCountDown=0 mApnSetting={null} mReason=radioTurnedOff mDataEnabled=false mDependencyMet=true}
08-04 04:43:19.461  1120  1120 D RILJ    : [3717]> OPERATOR [SUB0]
08-04 04:43:19.463  1120  1120 D RILJ    : [3718]> DATA_REGISTRATION_STATE [SUB0]
08-04 04:43:19.463  1120  1324 D CellBroadcastHandler: mWakeLock released
08-04 04:43:19.464   192  1458 D RILC    : RequestComplete, RIL_SOCKET_1
08-04 04:43:19.464   192  1458 E RILC    : Send Response to RIL_SOCKET_1
08-04 04:43:19.465  1120  1287 D RILJ    : [3717]< OPERATOR {null, null, null} [SUB0]
08-04 04:43:19.465  1120  1120 D RILJ    : [3719]> VOICE_REGISTRATION_STATE [SUB0]
08-04 04:43:19.466   192  1459 D RILC    : RequestComplete, RIL_SOCKET_1
08-04 04:43:19.466   192  1459 E RILC    : Send Response to RIL_SOCKET_1
08-04 04:43:19.467  1120  1120 D RILJ    : [3720]> QUERY_NETWORK_SELECTION_MODE [SUB0]
08-04 04:43:19.467  1120  1287 D RILJ    : [3718]< DATA_REGISTRATION_STATE {3, null, null, null, 15, 20, null, null, null, null, null} [SUB0]
08-04 04:43:19.469   192  1460 I RILQ    : (0/192):RIL[0][cmd-20(864)] qcril_qmi_nas_update_data_rte: completed, new drte 0 with confidence 4
08-04 04:43:19.469  1120  1120 D DefaultPhoneNotifier: notifySignalStrength: mRegistry=com.android.internal.telephony.ITelephonyRegistry$Stub$Proxy@98c46e6 ss=SignalStrength: 99 0 -120 -160 -120 -1 -1 99 2147483647 2147483647 2147483647 2147483647 gsm|lte sender=Handler (com.android.internal.telephony.gsm.GSMPhone) {20220dc5}
08-04 04:43:19.470   192  1460 D RILC    : RequestComplete, RIL_SOCKET_1
08-04 04:43:19.470   192  1460 E RILC    : Send Response to RIL_SOCKET_1
08-04 04:43:19.471  1120  1287 D RILJ    : [3719]< VOICE_REGISTRATION_STATE {2, null, null, 0, null, null, null, 0, null, null, null, null, null, 0, null} [SUB0]
08-04 04:43:19.472   192  1461 D RILC    : RequestComplete, RIL_SOCKET_1
08-04 04:43:19.472   192  1461 E RILC    : Send Response to RIL_SOCKET_1
08-04 04:43:19.473  1120  1120 D DCT     : [0]handleMessage msg={ when=-423ms what=270337 obj=android.os.AsyncResult@1109abcd target=com.android.internal.telephony.dataconnection.DcTracker }
08-04 04:43:19.473  1120  1120 D DCT     : [0]onRadioAvailable
08-04 04:43:19.473  1120  1287 D RILJ    : [3720]< QUERY_NETWORK_SELECTION_MODE {0} [SUB0]
08-04 04:43:19.473  1120  1120 D DCT     : [0]isDataAllowed getRecordsLoaded=true
08-04 04:43:19.474  1120  1120 D DCT     : [0]isDataAllowed: not allowed due to - Attached= false
08-04 04:43:19.474  1120  1120 D DCT     : [ApnContext:default] getApnSetting: apnSetting=null
08-04 04:43:19.475  1120  1120 D PhoneFactory: getPhone:- phoneId != DEFAULT_PHONE_ID return sProxyPhones[phoneId] phoneId=0 phone=Handler (com.android.internal.telephony.PhoneProxy) {5e7ec3c}
08-04 04:43:19.479  1120  1120 D DCT     : [0]isDataAllowed getRecordsLoaded=true
08-04 04:43:19.479  1120  1120 D DCT     : [0]isDataAllowed: not allowed due to - Attached= false
08-04 04:43:19.480  1120  1120 D DCT     : [ApnContext:mms] getApnSetting: apnSetting=null
08-04 04:43:19.480  1120  1120 D PhoneFactory: getPhone:- phoneId != DEFAULT_PHONE_ID return sProxyPhones[phoneId] phoneId=0 phone=Handler (com.android.internal.telephony.PhoneProxy) {5e7ec3c}
08-04 04:43:19.485  1120  1120 D DCT     : [0]isDataAllowed getRecordsLoaded=true
08-04 04:43:19.486  1120  1120 D DCT     : [0]isDataAllowed: not allowed due to - Attached= false
08-04 04:43:19.486  1120  1120 D DCT     : [ApnContext:cbs] getApnSetting: apnSetting=null
08-04 04:43:19.487  1120  1120 D PhoneFactory: getPhone:- phoneId != DEFAULT_PHONE_ID return sProxyPhones[phoneId] phoneId=0 phone=Handler (com.android.internal.telephony.PhoneProxy) {5e7ec3c}
08-04 04:43:19.495  1120  1120 D DCT     : [0]isDataAllowed getRecordsLoaded=true
08-04 04:43:19.496  1120  1120 D DCT     : [0]isDataAllowed: not allowed due to - Attached= false
08-04 04:43:19.496  1120  1120 D DCT     : [ApnContext:fota] getApnSetting: apnSetting=null
08-04 04:43:19.497  1120  1120 D PhoneFactory: getPhone:- phoneId != DEFAULT_PHONE_ID return sProxyPhones[phoneId] phoneId=0 phone=Handler (com.android.internal.telephony.PhoneProxy) {5e7ec3c}
08-04 04:43:19.502  1120  1120 D DCT     : [0]isDataAllowed getRecordsLoaded=true
08-04 04:43:19.503  1120  1120 D DCT     : [0]isDataAllowed: not allowed due to - Attached= false
08-04 04:43:19.503  1120  1120 D DCT     : [ApnContext:supl] getApnSetting: apnSetting=null
08-04 04:43:19.504  1120  1120 D PhoneFactory: getPhone:- phoneId != DEFAULT_PHONE_ID return sProxyPhones[phoneId] phoneId=0 phone=Handler (com.android.internal.telephony.PhoneProxy) {5e7ec3c}
08-04 04:43:19.510  1120  1120 D DCT     : [0]isDataAllowed getRecordsLoaded=true
08-04 04:43:19.511  1120  1120 D DCT     : [0]isDataAllowed: not allowed due to - Attached= false
08-04 04:43:19.511  1120  1120 D DCT     : [ApnContext:ia] getApnSetting: apnSetting=null
08-04 04:43:19.512  1120  1120 D PhoneFactory: getPhone:- phoneId != DEFAULT_PHONE_ID return sProxyPhones[phoneId] phoneId=0 phone=Handler (com.android.internal.telephony.PhoneProxy) {5e7ec3c}
08-04 04:43:19.521  1120  1120 D DCT     : [0]isDataAllowed getRecordsLoaded=true
08-04 04:43:19.523  1120  1120 D DCT     : [0]isDataAllowed: not allowed due to - Attached= false
08-04 04:43:19.523  1120  1120 D DCT     : [ApnContext:dun] getApnSetting: apnSetting=null
08-04 04:43:19.524  1120  1120 D PhoneFactory: getPhone:- phoneId != DEFAULT_PHONE_ID return sProxyPhones[phoneId] phoneId=0 phone=Handler (com.android.internal.telephony.PhoneProxy) {5e7ec3c}
08-04 04:43:19.529  1120  1120 D DCT     : [0]isDataAllowed getRecordsLoaded=true
08-04 04:43:19.530  1120  1120 D DCT     : [0]isDataAllowed: not allowed due to - Attached= false
08-04 04:43:19.530  1120  1120 D DCT     : [ApnContext:hipri] getApnSetting: apnSetting=null
08-04 04:43:19.531  1120  1120 D PhoneFactory: getPhone:- phoneId != DEFAULT_PHONE_ID return sProxyPhones[phoneId] phoneId=0 phone=Handler (com.android.internal.telephony.PhoneProxy) {5e7ec3c}
08-04 04:43:19.536  1120  1120 D DCT     : [0]isDataAllowed getRecordsLoaded=true
08-04 04:43:19.537  1120  1120 D DCT     : [0]isDataAllowed: not allowed due to - Attached= false
08-04 04:43:19.537  1120  1120 D DCT     : [ApnContext:ims] getApnSetting: apnSetting=null
08-04 04:43:19.538  1120  1120 D PhoneFactory: getPhone:- phoneId != DEFAULT_PHONE_ID return sProxyPhones[phoneId] phoneId=0 phone=Handler (com.android.internal.telephony.PhoneProxy) {5e7ec3c}
08-04 04:43:19.541  1120  1333 D CdmaServiceCategoryProgramHandler: mWakeLock released
08-04 04:43:19.544  1120  1120 D DCT     : [0]overall state is IDLE
08-04 04:43:19.544  1120  1120 D DCT     : [0]handleMessage msg={ when=-495ms what=270345 obj=android.os.AsyncResult@2104cc82 target=com.android.internal.telephony.dataconnection.DcTracker }
08-04 04:43:19.545  1120  1120 D DCT     : [0]onDataConnectionDetached: stop polling and notify detached
08-04 04:43:19.545  1120  1120 D DCT     : [0]stopNetStatPoll
08-04 04:43:19.548  1120  1120 D DCT     : [0]stopDataStallAlarm: current tag=23641 mDataStallAlarmIntent=null
08-04 04:43:19.548  1120  1120 D DCT     : [0]notifyDataConnection: reason=dataDetached
08-04 04:43:19.550  1120  1120 D DCT     : [0]isDataAllowed getRecordsLoaded=true
08-04 04:43:19.551  1120  1120 D DCT     : [0]isDataAllowed: not allowed due to - Attached= false
08-04 04:43:19.551  1120  1120 D DCT     : [ApnContext:default] getApnSetting: apnSetting=null
08-04 04:43:19.552  1120  1120 D PhoneFactory: getPhone:- phoneId != DEFAULT_PHONE_ID return sProxyPhones[phoneId] phoneId=0 phone=Handler (com.android.internal.telephony.PhoneProxy) {5e7ec3c}
08-04 04:43:19.558  1120  1120 D DCT     : [0]isDataAllowed getRecordsLoaded=true
08-04 04:43:19.559  1120  1120 D DCT     : [0]isDataAllowed: not allowed due to - Attached= false
08-04 04:43:19.559  1120  1120 D DCT     : [ApnContext:mms] getApnSetting: apnSetting=null
08-04 04:43:19.560  1120  1120 D PhoneFactory: getPhone:- phoneId != DEFAULT_PHONE_ID return sProxyPhones[phoneId] phoneId=0 phone=Handler (com.android.internal.telephony.PhoneProxy) {5e7ec3c}
08-04 04:43:19.565  1120  1120 D DCT     : [0]isDataAllowed getRecordsLoaded=true
08-04 04:43:19.566  1120  1120 D DCT     : [0]isDataAllowed: not allowed due to - Attached= false
08-04 04:43:19.566  1120  1120 D DCT     : [ApnContext:cbs] getApnSetting: apnSetting=null
08-04 04:43:19.567  1120  1120 D PhoneFactory: getPhone:- phoneId != DEFAULT_PHONE_ID return sProxyPhones[phoneId] phoneId=0 phone=Handler (com.android.internal.telephony.PhoneProxy) {5e7ec3c}
08-04 04:43:19.573   192   267 I RILC    : RIL_SOCKET_1 UNSOLICITED: UNSOL_STK_PROACTIVE_COMMAND length:676
08-04 04:43:19.573   192   267 E RILC    : Send Response to RIL_SOCKET_1
08-04 04:43:19.574  1120  1120 D DCT     : [0]isDataAllowed getRecordsLoaded=true
08-04 04:43:19.574  1120  1287 D RILJ    : [UNSL]< UNSOL_STK_PROACTIVE_COMMAND [SUB0]
08-04 04:43:19.575  1120  1120 D DCT     : [0]isDataAllowed: not allowed due to - Attached= false
08-04 04:43:19.576  1120  1120 D DCT     : [ApnContext:fota] getApnSetting: apnSetting=null
08-04 04:43:19.576  1120  1120 D PhoneFactory: getPhone:- phoneId != DEFAULT_PHONE_ID return sProxyPhones[phoneId] phoneId=0 phone=Handler (com.android.internal.telephony.PhoneProxy) {5e7ec3c}
08-04 04:43:19.582  1120  1120 D DCT     : [0]isDataAllowed getRecordsLoaded=true
08-04 04:43:19.583  1120  1120 D DCT     : [0]isDataAllowed: not allowed due to - Attached= false
08-04 04:43:19.584  1120  1120 D DCT     : [ApnContext:supl] getApnSetting: apnSetting=null
08-04 04:43:19.585  1120  1120 D PhoneFactory: getPhone:- phoneId != DEFAULT_PHONE_ID return sProxyPhones[phoneId] phoneId=0 phone=Handler (com.android.internal.telephony.PhoneProxy) {5e7ec3c}
08-04 04:43:19.591  1120  1120 D DCT     : [0]isDataAllowed getRecordsLoaded=true
08-04 04:43:19.592  1120  1120 D DCT     : [0]isDataAllowed: not allowed due to - Attached= false
08-04 04:43:19.593  1120  1120 D DCT     : [ApnContext:ia] getApnSetting: apnSetting=null
08-04 04:43:19.594  1120  1120 D PhoneFactory: getPhone:- phoneId != DEFAULT_PHONE_ID return sProxyPhones[phoneId] phoneId=0 phone=Handler (com.android.internal.telephony.PhoneProxy) {5e7ec3c}
08-04 04:43:19.604  1120  1120 D DCT     : [0]isDataAllowed getRecordsLoaded=true
08-04 04:43:19.605  1120  1120 D DCT     : [0]isDataAllowed: not allowed due to - Attached= false
08-04 04:43:19.606  1120  1120 D DCT     : [ApnContext:dun] getApnSetting: apnSetting=null
08-04 04:43:19.607  1120  1120 D PhoneFactory: getPhone:- phoneId != DEFAULT_PHONE_ID return sProxyPhones[phoneId] phoneId=0 phone=Handler (com.android.internal.telephony.PhoneProxy) {5e7ec3c}
08-04 04:43:19.614  1120  1120 D DCT     : [0]isDataAllowed getRecordsLoaded=true
08-04 04:43:19.615  1120  1120 D DCT     : [0]isDataAllowed: not allowed due to - Attached= false
08-04 04:43:19.615  1120  1120 D DCT     : [ApnContext:hipri] getApnSetting: apnSetting=null
08-04 04:43:19.616  1120  1304 D GsmInboundSmsHandler: IdleState.processMessage:5
08-04 04:43:19.616  1120  1325 D CdmaInboundSmsHandler: IdleState.processMessage:5
08-04 04:43:19.616  1120  1120 D PhoneFactory: getPhone:- phoneId != DEFAULT_PHONE_ID return sProxyPhones[phoneId] phoneId=0 phone=Handler (com.android.internal.telephony.PhoneProxy) {5e7ec3c}
08-04 04:43:19.616  1120  1325 D CdmaInboundSmsHandler: Idle state processing message type 5
08-04 04:43:19.616  1120  1304 D GsmInboundSmsHandler: Idle state processing message type 5
08-04 04:43:19.617  1120  1325 D CdmaInboundSmsHandler: mWakeLock released
08-04 04:43:19.618  1120  1304 D GsmInboundSmsHandler: mWakeLock released
08-04 04:43:19.623  1120  1120 D DCT     : [0]isDataAllowed getRecordsLoaded=true
08-04 04:43:19.624  1120  1120 D DCT     : [0]isDataAllowed: not allowed due to - Attached= false
08-04 04:43:19.624  1120  1120 D DCT     : [ApnContext:ims] getApnSetting: apnSetting=null
08-04 04:43:19.625  1120  1120 D PhoneFactory: getPhone:- phoneId != DEFAULT_PHONE_ID return sProxyPhones[phoneId] phoneId=0 phone=Handler (com.android.internal.telephony.PhoneProxy) {5e7ec3c}
08-04 04:43:19.630  1120  1120 D DCT     : [0]handleMessage msg={ when=-581ms what=270348 obj=android.os.AsyncResult@33e6df93 target=com.android.internal.telephony.dataconnection.DcTracker }
08-04 04:43:19.630  1120  1120 D DCT     : [0]onRoamingOff
08-04 04:43:19.631  1120  1120 D DCT     : [0]getDataOnRoamingEnabled: phoneSubId=1 isDataRoamingEnabled=true
08-04 04:43:19.632  1120  1120 D DCT     : [0]notifyDataConnection: reason=roamingOff
08-04 04:43:19.633  1120  1120 D DCT     : [0]isDataAllowed getRecordsLoaded=true
08-04 04:43:19.634  1120  1120 D DCT     : [0]isDataAllowed: not allowed due to - Attached= false
08-04 04:43:19.635  1120  1120 D DCT     : [ApnContext:default] getApnSetting: apnSetting=null
08-04 04:43:19.636  1120  1120 D PhoneFactory: getPhone:- phoneId != DEFAULT_PHONE_ID return sProxyPhones[phoneId] phoneId=0 phone=Handler (com.android.internal.telephony.PhoneProxy) {5e7ec3c}
08-04 04:43:19.643  1120  1120 D DCT     : [0]isDataAllowed getRecordsLoaded=true
08-04 04:43:19.644  1120  1120 D DCT     : [0]isDataAllowed: not allowed due to - Attached= false
08-04 04:43:19.644  1120  1120 D DCT     : [ApnContext:mms] getApnSetting: apnSetting=null
08-04 04:43:19.645  1120  1120 D PhoneFactory: getPhone:- phoneId != DEFAULT_PHONE_ID return sProxyPhones[phoneId] phoneId=0 phone=Handler (com.android.internal.telephony.PhoneProxy) {5e7ec3c}
08-04 04:43:19.650  1120  1120 D DCT     : [0]isDataAllowed getRecordsLoaded=true
08-04 04:43:19.651  1120  1120 D DCT     : [0]isDataAllowed: not allowed due to - Attached= false
08-04 04:43:19.652  1120  1120 D DCT     : [ApnContext:cbs] getApnSetting: apnSetting=null
08-04 04:43:19.653  1120  1120 D PhoneFactory: getPhone:- phoneId != DEFAULT_PHONE_ID return sProxyPhones[phoneId] phoneId=0 phone=Handler (com.android.internal.telephony.PhoneProxy) {5e7ec3c}
08-04 04:43:19.657  1120  1120 D DCT     : [0]isDataAllowed getRecordsLoaded=true
08-04 04:43:19.658  1120  1120 D DCT     : [0]isDataAllowed: not allowed due to - Attached= false
08-04 04:43:19.658  1120  1120 D DCT     : [ApnContext:fota] getApnSetting: apnSetting=null
08-04 04:43:19.659  1120  1120 D PhoneFactory: getPhone:- phoneId != DEFAULT_PHONE_ID return sProxyPhones[phoneId] phoneId=0 phone=Handler (com.android.internal.telephony.PhoneProxy) {5e7ec3c}
08-04 04:43:19.664  1120  1120 D DCT     : [0]isDataAllowed getRecordsLoaded=true
08-04 04:43:19.665  1120  1120 D DCT     : [0]isDataAllowed: not allowed due to - Attached= false
08-04 04:43:19.665  1120  1120 D DCT     : [ApnContext:supl] getApnSetting: apnSetting=null
08-04 04:43:19.666  1120  1120 D PhoneFactory: getPhone:- phoneId != DEFAULT_PHONE_ID return sProxyPhones[phoneId] phoneId=0 phone=Handler (com.android.internal.telephony.PhoneProxy) {5e7ec3c}
08-04 04:43:19.670  1120  1120 D DCT     : [0]isDataAllowed getRecordsLoaded=true
08-04 04:43:19.672  1120  1120 D DCT     : [0]isDataAllowed: not allowed due to - Attached= false
08-04 04:43:19.672  1120  1120 D DCT     : [ApnContext:ia] getApnSetting: apnSetting=null
08-04 04:43:19.672  1120  1120 D PhoneFactory: getPhone:- phoneId != DEFAULT_PHONE_ID return sProxyPhones[phoneId] phoneId=0 phone=Handler (com.android.internal.telephony.PhoneProxy) {5e7ec3c}
08-04 04:43:19.677  1120  1120 D DCT     : [0]isDataAllowed getRecordsLoaded=true
08-04 04:43:19.678  1120  1120 D DCT     : [0]isDataAllowed: not allowed due to - Attached= false
08-04 04:43:19.678  1120  1120 D DCT     : [ApnContext:dun] getApnSetting: apnSetting=null
08-04 04:43:19.678  1120  1120 D PhoneFactory: getPhone:- phoneId != DEFAULT_PHONE_ID return sProxyPhones[phoneId] phoneId=0 phone=Handler (com.android.internal.telephony.PhoneProxy) {5e7ec3c}
08-04 04:43:19.683  1120  1120 D DCT     : [0]isDataAllowed getRecordsLoaded=true
08-04 04:43:19.684  1120  1120 D DCT     : [0]isDataAllowed: not allowed due to - Attached= false
08-04 04:43:19.684  1120  1120 D DCT     : [ApnContext:hipri] getApnSetting: apnSetting=null
08-04 04:43:19.686  1120  1120 D PhoneFactory: getPhone:- phoneId != DEFAULT_PHONE_ID return sProxyPhones[phoneId] phoneId=0 phone=Handler (com.android.internal.telephony.PhoneProxy) {5e7ec3c}
08-04 04:43:19.692  1120  1120 D DCT     : [0]isDataAllowed getRecordsLoaded=true
08-04 04:43:19.693  1120  1120 D DCT     : [0]isDataAllowed: not allowed due to - Attached= false
08-04 04:43:19.693  1120  1120 D DCT     : [ApnContext:ims] getApnSetting: apnSetting=null
08-04 04:43:19.694  1120  1120 D PhoneFactory: getPhone:- phoneId != DEFAULT_PHONE_ID return sProxyPhones[phoneId] phoneId=0 phone=Handler (com.android.internal.telephony.PhoneProxy) {5e7ec3c}
08-04 04:43:19.700  1120  1120 D DCT     : [0]handleMessage msg={ when=-649ms what=270377 obj=android.os.AsyncResult@301e2bd0 target=com.android.internal.telephony.dataconnection.DcTracker }
08-04 04:43:19.700  1120  1120 D DCT     : [0]setupDataOnConnectableApns: nwTypeChanged
08-04 04:43:19.701  1120  1120 D DCT     : [0]setupDataOnConnectableApns: apnContext {mApnType=hipri mState=IDLE mWaitingApns={null} mWaitingApnsPermanentFailureCountDown=0 mApnSetting={null} mReason=radioTurnedOff mDataEnabled=false mDependencyMet=true}
08-04 04:43:19.701  1120  1120 D DCT     : [0]setupDataOnConnectableApns: apnContext {mApnType=mms mState=IDLE mWaitingApns={null} mWaitingApnsPermanentFailureCountDown=0 mApnSetting={null} mReason=radioTurnedOff mDataEnabled=false mDependencyMet=true}
08-04 04:43:19.702  1120  1120 D DCT     : [0]setupDataOnConnectableApns: apnContext {mApnType=supl mState=IDLE mWaitingApns={null} mWaitingApnsPermanentFailureCountDown=0 mApnSetting={null} mReason=radioTurnedOff mDataEnabled=false mDependencyMet=true}
08-04 04:43:19.703  1120  1120 D DCT     : [0]setupDataOnConnectableApns: apnContext {mApnType=cbs mState=IDLE mWaitingApns={null} mWaitingApnsPermanentFailureCountDown=0 mApnSetting={null} mReason=radioTurnedOff mDataEnabled=false mDependencyMet=true}
08-04 04:43:19.704  1120  1120 D DCT     : [0]setupDataOnConnectableApns: apnContext {mApnType=dun mState=IDLE mWaitingApns={null} mWaitingApnsPermanentFailureCountDown=0 mApnSetting={null} mReason=radioTurnedOff mDataEnabled=false mDependencyMet=true}
08-04 04:43:19.705  1120  1120 D DCT     : [0]setupDataOnConnectableApns: apnContext {mApnType=fota mState=IDLE mWaitingApns={null} mWaitingApnsPermanentFailureCountDown=0 mApnSetting={null} mReason=radioTurnedOff mDataEnabled=false mDependencyMet=true}
08-04 04:43:19.705  1120  1120 D DCT     : [0]setupDataOnConnectableApns: apnContext {mApnType=ims mState=IDLE mWaitingApns={null} mWaitingApnsPermanentFailureCountDown=0 mApnSetting={null} mReason=radioTurnedOff mDataEnabled=false mDependencyMet=true}
08-04 04:43:19.706  1120  1120 D DCT     : [0]setupDataOnConnectableApns: apnContext {mApnType=default mState=IDLE mWaitingApns={null} mWaitingApnsPermanentFailureCountDown=0 mApnSetting={null} mReason=radioTurnedOff mDataEnabled=false mDependencyMet=true}
08-04 04:43:19.707  1120  1120 D DCT     : [0]setupDataOnConnectableApns: apnContext {mApnType=ia mState=IDLE mWaitingApns={null} mWaitingApnsPermanentFailureCountDown=0 mApnSetting={null} mReason=radioTurnedOff mDataEnabled=false mDependencyMet=true}
08-04 04:43:19.708  1120  1120 D DCT     : [0]handleMessage msg={ when=-658ms what=270377 obj=android.os.AsyncResult@211237c9 target=com.android.internal.telephony.dataconnection.DcTracker }
08-04 04:43:19.708  1120  1120 D DCT     : [0]setupDataOnConnectableApns: nwTypeChanged
08-04 04:43:19.709  1120  1120 D DCT     : [0]setupDataOnConnectableApns: apnContext {mApnType=hipri mState=IDLE mWaitingApns={null} mWaitingApnsPermanentFailureCountDown=0 mApnSetting={null} mReason=radioTurnedOff mDataEnabled=false mDependencyMet=true}
08-04 04:43:19.710  1120  1120 D DCT     : [0]setupDataOnConnectableApns: apnContext {mApnType=mms mState=IDLE mWaitingApns={null} mWaitingApnsPermanentFailureCountDown=0 mApnSetting={null} mReason=radioTurnedOff mDataEnabled=false mDependencyMet=true}
08-04 04:43:19.711  1120  1120 D DCT     : [0]setupDataOnConnectableApns: apnContext {mApnType=supl mState=IDLE mWaitingApns={null} mWaitingApnsPermanentFailureCountDown=0 mApnSetting={null} mReason=radioTurnedOff mDataEnabled=false mDependencyMet=true}
08-04 04:43:19.711  1120  1120 D DCT     : [0]setupDataOnConnectableApns: apnContext {mApnType=cbs mState=IDLE mWaitingApns={null} mWaitingApnsPermanentFailureCountDown=0 mApnSetting={null} mReason=radioTurnedOff mDataEnabled=false mDependencyMet=true}
08-04 04:43:19.712  1120  1120 D DCT     : [0]setupDataOnConnectableApns: apnContext {mApnType=dun mState=IDLE mWaitingApns={null} mWaitingApnsPermanentFailureCountDown=0 mApnSetting={null} mReason=radioTurnedOff mDataEnabled=false mDependencyMet=true}
08-04 04:43:19.713  1120  1120 D DCT     : [0]setupDataOnConnectableApns: apnContext {mApnType=fota mState=IDLE mWaitingApns={null} mWaitingApnsPermanentFailureCountDown=0 mApnSetting={null} mReason=radioTurnedOff mDataEnabled=false mDependencyMet=true}
08-04 04:43:19.714  1120  1120 D DCT     : [0]setupDataOnConnectableApns: apnContext {mApnType=ims mState=IDLE mWaitingApns={null} mWaitingApnsPermanentFailureCountDown=0 mApnSetting={null} mReason=radioTurnedOff mDataEnabled=false mDependencyMet=true}
08-04 04:43:19.715  1120  1120 D DCT     : [0]setupDataOnConnectableApns: apnContext {mApnType=default mState=IDLE mWaitingApns={null} mWaitingApnsPermanentFailureCountDown=0 mApnSetting={null} mReason=radioTurnedOff mDataEnabled=false mDependencyMet=true}
08-04 04:43:19.716  1120  1120 D DCT     : [0]setupDataOnConnectableApns: apnContext {mApnType=ia mState=IDLE mWaitingApns={null} mWaitingApnsPermanentFailureCountDown=0 mApnSetting={null} mReason=radioTurnedOff mDataEnabled=false mDependencyMet=true}
08-04 04:43:19.716  1120  1120 D DCT     : [0]handleMessage msg={ when=-666ms what=270377 obj=android.os.AsyncResult@10372ece target=com.android.internal.telephony.dataconnection.DcTracker }
08-04 04:43:19.717  1120  1120 D DCT     : [0]setupDataOnConnectableApns: nwTypeChanged
08-04 04:43:19.718  1120  1120 D DCT     : [0]setupDataOnConnectableApns: apnContext {mApnType=hipri mState=IDLE mWaitingApns={null} mWaitingApnsPermanentFailureCountDown=0 mApnSetting={null} mReason=radioTurnedOff mDataEnabled=false mDependencyMet=true}
08-04 04:43:19.718  1120  1120 D DCT     : [0]setupDataOnConnectableApns: apnContext {mApnType=mms mState=IDLE mWaitingApns={null} mWaitingApnsPermanentFailureCountDown=0 mApnSetting={null} mReason=radioTurnedOff mDataEnabled=false mDependencyMet=true}
08-04 04:43:19.719  1120  1120 D DCT     : [0]setupDataOnConnectableApns: apnContext {mApnType=supl mState=IDLE mWaitingApns={null} mWaitingApnsPermanentFailureCountDown=0 mApnSetting={null} mReason=radioTurnedOff mDataEnabled=false mDependencyMet=true}
08-04 04:43:19.720  1120  1120 D DCT     : [0]setupDataOnConnectableApns: apnContext {mApnType=cbs mState=IDLE mWaitingApns={null} mWaitingApnsPermanentFailureCountDown=0 mApnSetting={null} mReason=radioTurnedOff mDataEnabled=false mDependencyMet=true}
08-04 04:43:19.721  1120  1120 D DCT     : [0]setupDataOnConnectableApns: apnContext {mApnType=dun mState=IDLE mWaitingApns={null} mWaitingApnsPermanentFailureCountDown=0 mApnSetting={null} mReason=radioTurnedOff mDataEnabled=false mDependencyMet=true}
08-04 04:43:19.722  1120  1120 D DCT     : [0]setupDataOnConnectableApns: apnContext {mApnType=fota mState=IDLE mWaitingApns={null} mWaitingApnsPermanentFailureCountDown=0 mApnSetting={null} mReason=radioTurnedOff mDataEnabled=false mDependencyMet=true}
08-04 04:43:19.722  1120  1120 D DCT     : [0]setupDataOnConnectableApns: apnContext {mApnType=ims mState=IDLE mWaitingApns={null} mWaitingApnsPermanentFailureCountDown=0 mApnSetting={null} mReason=radioTurnedOff mDataEnabled=false mDependencyMet=true}
08-04 04:43:19.723  1120  1120 D DCT     : [0]setupDataOnConnectableApns: apnContext {mApnType=default mState=IDLE mWaitingApns={null} mWaitingApnsPermanentFailureCountDown=0 mApnSetting={null} mReason=radioTurnedOff mDataEnabled=false mDependencyMet=true}
08-04 04:43:19.724  1120  1120 D DCT     : [0]setupDataOnConnectableApns: apnContext {mApnType=ia mState=IDLE mWaitingApns={null} mWaitingApnsPermanentFailureCountDown=0 mApnSetting={null} mReason=radioTurnedOff mDataEnabled=false mDependencyMet=true}
08-04 04:43:19.724  1120  1120 D GsmSST  : [GsmSST] SubscriptionListener.onSubscriptionInfoChanged
08-04 04:43:19.725  1120  1120 D PhoneFactory: calculatePreferredNetworkType: phoneSubId = 1 networkType = 10
08-04 04:43:19.726  1120  1120 D RILJ    : [3721]> REQUEST_SET_PREFERRED_NETWORK_TYPE : 10 [SUB0]
08-04 04:43:19.731  1120  1120 D TelephonyManager: setTelephonyProperty: success phoneId=0 property=gsm.network.type value: Unknown propVal=Unknown
08-04 04:43:19.731   192  1462 D RILC    : RequestComplete, RIL_SOCKET_1
