08-04 04:43:16.933  1120  1120 D DCT     : [0]cleanUpConnection: E tearDown=false reason=radioTurnedOff apnContext={mApnType=dun mState=IDLE mWaitingApns={null} mWaitingApnsPermanentFailureCountDown=0 mApnSetting={null} mReason=radioTurnedOff mDataEnabled=false mDependencyMet=true}
08-04 04:43:16.933  1120  1120 D SubscriptionController: [getSubId]- mSlotIdToSubIdMap.size == 0, return DummySubIds slotIdx=0
08-04 04:43:16.933  1120  1120 D SubscriptionController: getDummySubIds: slotIdx=0 return 1 DummySubIds with each subId=-2
08-04 04:43:16.934  1120  1120 D DCT     : [0]isDataAllowed: not allowed due to - Attached= false - SIM not loaded
08-04 04:43:16.934  1120  1120 D DCT     : [ApnContext:dun] getApnSetting: apnSetting=null
08-04 04:43:16.935  1120  1120 D SubscriptionController: [getPhoneId]- invalid subId return=-1
08-04 04:43:16.938  1120  1120 D PhoneFactory: getPhone:- phoneId != DEFAULT_PHONE_ID return sProxyPhones[phoneId] phoneId=-1 phone=null
08-04 04:43:16.940   712  1037 D SubscriptionManager: [getPhoneId]- fail
08-04 04:43:16.943  1120  1120 D DCT     : [0]cleanUpConnection: X tearDown=false reason=radioTurnedOff apnContext={mApnType=dun mState=IDLE mWaitingApns={null} mWaitingApnsPermanentFailureCountDown=0 mApnSetting={null} mReason=radioTurnedOff mDataEnabled=false mDependencyMet=true} dcac=null
08-04 04:43:16.943  1120  1120 D DCT     : [0]cleanUpConnection: E tearDown=false reason=radioTurnedOff apnContext={mApnType=hipri mState=IDLE mWaitingApns={null} mWaitingApnsPermanentFailureCountDown=0 mApnSetting={null} mReason=radioTurnedOff mDataEnabled=false mDependencyMet=true}
08-04 04:43:16.943  1120  1120 D SubscriptionController: [getSubId]- mSlotIdToSubIdMap.size == 0, return DummySubIds slotIdx=0
08-04 04:43:16.944  1120  1120 D SubscriptionController: getDummySubIds: slotIdx=0 return 1 DummySubIds with each subId=-2
08-04 04:43:16.945  1120  1120 D DCT     : [0]isDataAllowed: not allowed due to - Attached= false - SIM not loaded
08-04 04:43:16.945  1120  1120 D DCT     : [ApnContext:hipri] getApnSetting: apnSetting=null
08-04 04:43:16.945  1120  1120 D SubscriptionController: [getPhoneId]- invalid subId return=-1
08-04 04:43:16.949  1120  1120 D PhoneFactory: getPhone:- phoneId != DEFAULT_PHONE_ID return sProxyPhones[phoneId] phoneId=-1 phone=null
08-04 04:43:16.950   712  1261 D SubscriptionManager: [getPhoneId]- fail
08-04 04:43:16.952  1120  1120 D DCT     : [0]cleanUpConnection: X tearDown=false reason=radioTurnedOff apnContext={mApnType=hipri mState=IDLE mWaitingApns={null} mWaitingApnsPermanentFailureCountDown=0 mApnSetting={null} mReason=radioTurnedOff mDataEnabled=false mDependencyMet=true} dcac=null
08-04 04:43:16.953  1120  1120 D DCT     : [0]cleanUpConnection: E tearDown=false reason=radioTurnedOff apnContext={mApnType=ims mState=IDLE mWaitingApns={null} mWaitingApnsPermanentFailureCountDown=0 mApnSetting={null} mReason=radioTurnedOff mDataEnabled=false mDependencyMet=true}
08-04 04:43:16.953  1120  1120 D SubscriptionController: [getSubId]- mSlotIdToSubIdMap.size == 0, return DummySubIds slotIdx=0
08-04 04:43:16.953  1120  1120 D SubscriptionController: getDummySubIds: slotIdx=0 return 1 DummySubIds with each subId=-2
08-04 04:43:16.955  1120  1120 D DCT     : [0]isDataAllowed: not allowed due to - Attached= false - SIM not loaded
08-04 04:43:16.955  1120  1120 D DCT     : [ApnContext:ims] getApnSetting: apnSetting=null
08-04 04:43:16.955  1120  1120 D SubscriptionController: [getPhoneId]- invalid subId return=-1
08-04 04:43:16.958  1120  1120 D PhoneFactory: getPhone:- phoneId != DEFAULT_PHONE_ID return sProxyPhones[phoneId] phoneId=-1 phone=null
08-04 04:43:16.958   712   729 D SubscriptionManager: [getPhoneId]- fail
08-04 04:43:16.961  1120  1120 D DCT     : [0]cleanUpConnection: X tearDown=false reason=radioTurnedOff apnContext={mApnType=ims mState=IDLE mWaitingApns={null} mWaitingApnsPermanentFailureCountDown=0 mApnSetting={null} mReason=radioTurnedOff mDataEnabled=false mDependencyMet=true} dcac=null
08-04 04:43:16.961  1120  1120 D DCT     : [0]stopNetStatPoll
08-04 04:43:16.961  1120  1120 D SubscriptionController: [getSubId]- mSlotIdToSubIdMap.size == 0, return DummySubIds slotIdx=0
08-04 04:43:16.961  1120  1120 D SubscriptionController: getDummySubIds: slotIdx=0 return 1 DummySubIds with each subId=-2
08-04 04:43:16.962   712  1154 D SubscriptionManager: [getPhoneId]- fail
08-04 04:43:16.962  1120  1120 D DCT     : [0]stopDataStallAlarm: current tag=23638 mDataStallAlarmIntent=null
08-04 04:43:16.962  1120  1120 D DCT     : [0]cleanUpConnection: mDisconnectPendingCount = 0
08-04 04:43:16.963  1120  1120 D SubscriptionController: [getSubId]- mSlotIdToSubIdMap.size == 0, return DummySubIds slotIdx=0
08-04 04:43:16.963  1120  1120 D SubscriptionController: getDummySubIds: slotIdx=0 return 1 DummySubIds with each subId=-2
08-04 04:43:16.964  1120  1120 D DCT     : [0]isDataAllowed: not allowed due to - Attached= false - SIM not loaded
08-04 04:43:16.964  1120  1120 D DCT     : [ApnContext:default] getApnSetting: apnSetting=null
08-04 04:43:16.964  1120  1120 D SubscriptionController: [getPhoneId]- invalid subId return=-1
08-04 04:43:16.967  1120  1120 D PhoneFactory: getPhone:- phoneId != DEFAULT_PHONE_ID return sProxyPhones[phoneId] phoneId=-1 phone=null
08-04 04:43:16.968   712   904 D SubscriptionManager: [getPhoneId]- fail
08-04 04:43:16.970  1120  1120 D SubscriptionController: [getSubId]- mSlotIdToSubIdMap.size == 0, return DummySubIds slotIdx=0
08-04 04:43:16.970  1120  1120 D SubscriptionController: getDummySubIds: slotIdx=0 return 1 DummySubIds with each subId=-2
08-04 04:43:16.972  1120  1120 D DCT     : [0]isDataAllowed: not allowed due to - Attached= false - SIM not loaded
08-04 04:43:16.972  1120  1120 D DCT     : [ApnContext:mms] getApnSetting: apnSetting=null
08-04 04:43:16.972  1120  1120 D SubscriptionController: [getPhoneId]- invalid subId return=-1
08-04 04:43:16.979  1120  1120 D PhoneFactory: getPhone:- phoneId != DEFAULT_PHONE_ID return sProxyPhones[phoneId] phoneId=-1 phone=null
08-04 04:43:16.979   712  1198 D SubscriptionManager: [getPhoneId]- fail
08-04 04:43:16.982  1120  1120 D SubscriptionController: [getSubId]- mSlotIdToSubIdMap.size == 0, return DummySubIds slotIdx=0
08-04 04:43:16.982  1120  1120 D SubscriptionController: getDummySubIds: slotIdx=0 return 1 DummySubIds with each subId=-2
08-04 04:43:16.984  1120  1120 D DCT     : [0]isDataAllowed: not allowed due to - Attached= false - SIM not loaded
08-04 04:43:16.984  1120  1120 D DCT     : [ApnContext:cbs] getApnSetting: apnSetting=null
08-04 04:43:16.985  1120  1120 D SubscriptionController: [getPhoneId]- invalid subId return=-1
08-04 04:43:16.987  1120  1120 D PhoneFactory: getPhone:- phoneId != DEFAULT_PHONE_ID return sProxyPhones[phoneId] phoneId=-1 phone=null
08-04 04:43:16.988   712   904 D SubscriptionManager: [getPhoneId]- fail
08-04 04:43:16.991  1120  1120 D SubscriptionController: [getSubId]- mSlotIdToSubIdMap.size == 0, return DummySubIds slotIdx=0
08-04 04:43:16.991  1120  1120 D SubscriptionController: getDummySubIds: slotIdx=0 return 1 DummySubIds with each subId=-2
08-04 04:43:16.993  1120  1120 D DCT     : [0]isDataAllowed: not allowed due to - Attached= false - SIM not loaded
08-04 04:43:16.993  1120  1120 D DCT     : [ApnContext:fota] getApnSetting: apnSetting=null
08-04 04:43:16.993  1120  1120 D SubscriptionController: [getPhoneId]- invalid subId return=-1
08-04 04:43:16.996  1120  1120 D PhoneFactory: getPhone:- phoneId != DEFAULT_PHONE_ID return sProxyPhones[phoneId] phoneId=-1 phone=null
08-04 04:43:16.997   712   728 D SubscriptionManager: [getPhoneId]- fail
08-04 04:43:17.000  1120  1120 D SubscriptionController: [getSubId]- mSlotIdToSubIdMap.size == 0, return DummySubIds slotIdx=0
08-04 04:43:17.002  1120  1120 D SubscriptionController: getDummySubIds: slotIdx=0 return 1 DummySubIds with each subId=-2
08-04 04:43:17.004  1120  1120 D DCT     : [0]isDataAllowed: not allowed due to - Attached= false - SIM not loaded
08-04 04:43:17.004  1120  1120 D DCT     : [ApnContext:supl] getApnSetting: apnSetting=null
08-04 04:43:17.004  1120  1120 D SubscriptionController: [getPhoneId]- invalid subId return=-1
08-04 04:43:17.009  1120  1120 D PhoneFactory: getPhone:- phoneId != DEFAULT_PHONE_ID return sProxyPhones[phoneId] phoneId=-1 phone=null
08-04 04:43:17.010   712   729 D SubscriptionManager: [getPhoneId]- fail
08-04 04:43:17.022  1120  1120 D SubscriptionController: [getSubId]- mSlotIdToSubIdMap.size == 0, return DummySubIds slotIdx=0
08-04 04:43:17.022  1120  1120 D SubscriptionController: getDummySubIds: slotIdx=0 return 1 DummySubIds with each subId=-2
08-04 04:43:17.024  1120  1120 D DCT     : [0]isDataAllowed: not allowed due to - Attached= false - SIM not loaded
08-04 04:43:17.024  1120  1120 D DCT     : [ApnContext:ia] getApnSetting: apnSetting=null
08-04 04:43:17.024  1120  1120 D SubscriptionController: [getPhoneId]- invalid subId return=-1
08-04 04:43:17.028  1120  1120 D PhoneFactory: getPhone:- phoneId != DEFAULT_PHONE_ID return sProxyPhones[phoneId] phoneId=-1 phone=null
08-04 04:43:17.032   712  1198 D SubscriptionManager: [getPhoneId]- fail
08-04 04:43:17.138  1120  1120 D SubscriptionController: [getSubId]- mSlotIdToSubIdMap.size == 0, return DummySubIds slotIdx=0
08-04 04:43:17.139  1120  1120 D SubscriptionController: getDummySubIds: slotIdx=0 return 1 DummySubIds with each subId=-2
08-04 04:43:17.140  1120  1120 D DCT     : [0]isDataAllowed: not allowed due to - Attached= false - SIM not loaded
08-04 04:43:17.140  1120  1120 D DCT     : [ApnContext:dun] getApnSetting: apnSetting=null
08-04 04:43:17.140  1120  1120 D SubscriptionController: [getPhoneId]- invalid subId return=-1
08-04 04:43:17.143  1120  1120 D PhoneFactory: getPhone:- phoneId != DEFAULT_PHONE_ID return sProxyPhones[phoneId] phoneId=-1 phone=null
08-04 04:43:17.144   712   729 D SubscriptionManager: [getPhoneId]- fail
08-04 04:43:17.147  1120  1120 D SubscriptionController: [getSubId]- mSlotIdToSubIdMap.size == 0, return DummySubIds slotIdx=0
08-04 04:43:17.147  1120  1120 D SubscriptionController: getDummySubIds: slotIdx=0 return 1 DummySubIds with each subId=-2
08-04 04:43:17.148  1120  1120 D DCT     : [0]isDataAllowed: not allowed due to - Attached= false - SIM not loaded
08-04 04:43:17.149  1120  1120 D DCT     : [ApnContext:hipri] getApnSetting: apnSetting=null
08-04 04:43:17.149  1120  1120 D SubscriptionController: [getPhoneId]- invalid subId return=-1
08-04 04:43:17.152  1120  1120 D PhoneFactory: getPhone:- phoneId != DEFAULT_PHONE_ID return sProxyPhones[phoneId] phoneId=-1 phone=null
08-04 04:43:17.153   712  1154 D SubscriptionManager: [getPhoneId]- fail
08-04 04:43:17.155  1120  1120 D SubscriptionController: [getSubId]- mSlotIdToSubIdMap.size == 0, return DummySubIds slotIdx=0
08-04 04:43:17.155  1120  1120 D SubscriptionController: getDummySubIds: slotIdx=0 return 1 DummySubIds with each subId=-2
08-04 04:43:17.156  1120  1120 D DCT     : [0]isDataAllowed: not allowed due to - Attached= false - SIM not loaded
08-04 04:43:17.157  1120  1120 D DCT     : [ApnContext:ims] getApnSetting: apnSetting=null
08-04 04:43:17.158  1120  1120 D SubscriptionController: [getPhoneId]- invalid subId return=-1
08-04 04:43:17.163  1120  1120 D PhoneFactory: getPhone:- phoneId != DEFAULT_PHONE_ID return sProxyPhones[phoneId] phoneId=-1 phone=null
08-04 04:43:17.164   712  1262 D SubscriptionManager: [getPhoneId]- fail
08-04 04:43:17.183  1120  1120 D DCT     : [0]handleMessage msg={ when=-921ms what=270345 obj=android.os.AsyncResult@37503c40 target=com.android.internal.telephony.dataconnection.DcTracker }
08-04 04:43:17.183  1120  1120 D DCT     : [0]onDataConnectionDetached: stop polling and notify detached
08-04 04:43:17.183  1120  1120 D DCT     : [0]stopNetStatPoll
08-04 04:43:17.183  1120  1120 D SubscriptionController: [getSubId]- mSlotIdToSubIdMap.size == 0, return DummySubIds slotIdx=0
08-04 04:43:17.186  1120  1120 D SubscriptionController: getDummySubIds: slotIdx=0 return 1 DummySubIds with each subId=-2
08-04 04:43:17.187   712  1154 D SubscriptionManager: [getPhoneId]- fail
08-04 04:43:17.188  1120  1120 D DCT     : [0]stopDataStallAlarm: current tag=23639 mDataStallAlarmIntent=null
08-04 04:43:17.188  1120  1120 D DCT     : [0]notifyDataConnection: reason=dataDetached
08-04 04:43:17.188  1120  1120 D SubscriptionController: [getSubId]- mSlotIdToSubIdMap.size == 0, return DummySubIds slotIdx=0
08-04 04:43:17.189  1120  1120 D SubscriptionController: getDummySubIds: slotIdx=0 return 1 DummySubIds with each subId=-2
08-04 04:43:17.191  1120  1120 D DCT     : [0]isDataAllowed: not allowed due to - Attached= false - SIM not loaded
08-04 04:43:17.192  1120  1120 D DCT     : [ApnContext:default] getApnSetting: apnSetting=null
08-04 04:43:17.194  1120  1120 D SubscriptionController: [getPhoneId]- invalid subId return=-1
08-04 04:43:17.199  1120  1120 D PhoneFactory: getPhone:- phoneId != DEFAULT_PHONE_ID return sProxyPhones[phoneId] phoneId=-1 phone=null
08-04 04:43:17.200   712  1037 D SubscriptionManager: [getPhoneId]- fail
08-04 04:43:17.203  1120  1120 D SubscriptionController: [getSubId]- mSlotIdToSubIdMap.size == 0, return DummySubIds slotIdx=0
08-04 04:43:17.203  1120  1120 D SubscriptionController: getDummySubIds: slotIdx=0 return 1 DummySubIds with each subId=-2
08-04 04:43:17.204  1120  1120 D DCT     : [0]isDataAllowed: not allowed due to - Attached= false - SIM not loaded
08-04 04:43:17.205  1120  1120 D DCT     : [ApnContext:mms] getApnSetting: apnSetting=null
08-04 04:43:17.208   192   666 I RILQ    : (0/192):RIL[0][qmi_cb] qcril_qmi_nas_update_data_rte: completed, new drte 0 with confidence 4
08-04 04:43:17.210   192   666 I RILC    : RIL_SOCKET_1 UNSOLICITED: UNSOL_RESPONSE_VOICE_NETWORK_STATE_CHANGED length:8
08-04 04:43:17.210   192   666 E RILC    : Send Response to RIL_SOCKET_1
08-04 04:43:17.211  1120  1287 D RILJ    : [UNSL]< UNSOL_RESPONSE_VOICE_NETWORK_STATE_CHANGED [SUB0]
08-04 04:43:17.211  1120  1120 D SubscriptionController: [getPhoneId]- invalid subId return=-1
08-04 04:43:17.214  1120  1120 D PhoneFactory: getPhone:- phoneId != DEFAULT_PHONE_ID return sProxyPhones[phoneId] phoneId=-1 phone=null
08-04 04:43:17.216   712  1262 D SubscriptionManager: [getPhoneId]- fail
08-04 04:43:17.220  1120  1120 D SubscriptionController: [getSubId]- mSlotIdToSubIdMap.size == 0, return DummySubIds slotIdx=0
08-04 04:43:17.220  1120  1120 D SubscriptionController: getDummySubIds: slotIdx=0 return 1 DummySubIds with each subId=-2
08-04 04:43:17.232  1120  1120 D DCT     : [0]isDataAllowed: not allowed due to - Attached= false - SIM not loaded
08-04 04:43:17.233  1120  1120 D DCT     : [ApnContext:cbs] getApnSetting: apnSetting=null
08-04 04:43:17.233  1120  1120 D SubscriptionController: [getPhoneId]- invalid subId return=-1
08-04 04:43:17.235  1120  1120 D PhoneFactory: getPhone:- phoneId != DEFAULT_PHONE_ID return sProxyPhones[phoneId] phoneId=-1 phone=null
08-04 04:43:17.236   712   729 D SubscriptionManager: [getPhoneId]- fail
08-04 04:43:17.238  1120  1120 D SubscriptionController: [getSubId]- mSlotIdToSubIdMap.size == 0, return DummySubIds slotIdx=0
08-04 04:43:17.238  1120  1120 D SubscriptionController: getDummySubIds: slotIdx=0 return 1 DummySubIds with each subId=-2
08-04 04:43:17.239  1120  1120 D DCT     : [0]isDataAllowed: not allowed due to - Attached= false - SIM not loaded
08-04 04:43:17.239  1120  1120 D DCT     : [ApnContext:fota] getApnSetting: apnSetting=null
08-04 04:43:17.240  1120  1120 D SubscriptionController: [getPhoneId]- invalid subId return=-1
08-04 04:43:17.242  1120  1120 D PhoneFactory: getPhone:- phoneId != DEFAULT_PHONE_ID return sProxyPhones[phoneId] phoneId=-1 phone=null
08-04 04:43:17.242   712  1154 D SubscriptionManager: [getPhoneId]- fail
08-04 04:43:17.245  1120  1120 D SubscriptionController: [getSubId]- mSlotIdToSubIdMap.size == 0, return DummySubIds slotIdx=0
08-04 04:43:17.245  1120  1120 D SubscriptionController: getDummySubIds: slotIdx=0 return 1 DummySubIds with each subId=-2
08-04 04:43:17.251  1120  1120 D DCT     : [0]isDataAllowed: not allowed due to - Attached= false - SIM not loaded
08-04 04:43:17.252  1120  1120 D DCT     : [ApnContext:supl] getApnSetting: apnSetting=null
08-04 04:43:17.253  1120  1120 D SubscriptionController: [getPhoneId]- invalid subId return=-1
08-04 04:43:17.255  1120  1120 D PhoneFactory: getPhone:- phoneId != DEFAULT_PHONE_ID return sProxyPhones[phoneId] phoneId=-1 phone=null
08-04 04:43:17.256   712   904 D SubscriptionManager: [getPhoneId]- fail
08-04 04:43:17.258  1120  1120 D SubscriptionController: [getSubId]- mSlotIdToSubIdMap.size == 0, return DummySubIds slotIdx=0
08-04 04:43:17.258  1120  1120 D SubscriptionController: getDummySubIds: slotIdx=0 return 1 DummySubIds with each subId=-2
08-04 04:43:17.261  1120  1120 D DCT     : [0]isDataAllowed: not allowed due to - Attached= false - SIM not loaded
08-04 04:43:17.261  1120  1120 D DCT     : [ApnContext:ia] getApnSetting: apnSetting=null
08-04 04:43:17.263  1120  1120 D SubscriptionController: [getPhoneId]- invalid subId return=-1
08-04 04:43:17.267  1120  1120 D PhoneFactory: getPhone:- phoneId != DEFAULT_PHONE_ID return sProxyPhones[phoneId] phoneId=-1 phone=null
08-04 04:43:17.272   712  1198 D SubscriptionManager: [getPhoneId]- fail
08-04 04:43:17.276  1120  1120 D SubscriptionController: [getSubId]- mSlotIdToSubIdMap.size == 0, return DummySubIds slotIdx=0
08-04 04:43:17.276  1120  1120 D SubscriptionController: getDummySubIds: slotIdx=0 return 1 DummySubIds with each subId=-2
08-04 04:43:17.295  1120  1120 D DCT     : [0]isDataAllowed: not allowed due to - Attached= false - SIM not loaded
08-04 04:43:17.295  1120  1120 D DCT     : [ApnContext:dun] getApnSetting: apnSetting=null
08-04 04:43:17.297  1120  1120 D SubscriptionController: [getPhoneId]- invalid subId return=-1
08-04 04:43:17.300  1120  1120 D PhoneFactory: getPhone:- phoneId != DEFAULT_PHONE_ID return sProxyPhones[phoneId] phoneId=-1 phone=null
08-04 04:43:17.300   712   904 D SubscriptionManager: [getPhoneId]- fail
08-04 04:43:17.313  1120  1120 D SubscriptionController: [getSubId]- mSlotIdToSubIdMap.size == 0, return DummySubIds slotIdx=0
08-04 04:43:17.313  1120  1120 D SubscriptionController: getDummySubIds: slotIdx=0 return 1 DummySubIds with each subId=-2
08-04 04:43:17.314  1120  1120 D DCT     : [0]isDataAllowed: not allowed due to - Attached= false - SIM not loaded
08-04 04:43:17.314  1120  1120 D DCT     : [ApnContext:hipri] getApnSetting: apnSetting=null
08-04 04:43:17.315  1120  1120 D SubscriptionController: [getPhoneId]- invalid subId return=-1
08-04 04:43:17.317  1120  1120 D PhoneFactory: getPhone:- phoneId != DEFAULT_PHONE_ID return sProxyPhones[phoneId] phoneId=-1 phone=null
08-04 04:43:17.318   712  1037 D SubscriptionManager: [getPhoneId]- fail
08-04 04:43:17.320  1120  1120 D SubscriptionController: [getSubId]- mSlotIdToSubIdMap.size == 0, return DummySubIds slotIdx=0
08-04 04:43:17.320  1120  1120 D SubscriptionController: getDummySubIds: slotIdx=0 return 1 DummySubIds with each subId=-2
08-04 04:43:17.321  1120  1120 D DCT     : [0]isDataAllowed: not allowed due to - Attached= false - SIM not loaded
08-04 04:43:17.321  1120  1120 D DCT     : [ApnContext:ims] getApnSetting: apnSetting=null
08-04 04:43:17.322  1120  1120 D SubscriptionController: [getPhoneId]- invalid subId return=-1
08-04 04:43:17.324  1120  1120 D PhoneFactory: getPhone:- phoneId != DEFAULT_PHONE_ID return sProxyPhones[phoneId] phoneId=-1 phone=null
08-04 04:43:17.324   712  1199 D SubscriptionManager: [getPhoneId]- fail
08-04 04:43:17.328  1120  1120 D DCT     : [0]handleMessage msg={ when=-1s67ms what=270348 obj=android.os.AsyncResult@19055779 target=com.android.internal.telephony.dataconnection.DcTracker }
08-04 04:43:17.328  1120  1120 D DCT     : [0]onRoamingOff
08-04 04:43:17.328  1120  1120 D SubscriptionController: [getSubId]- mSlotIdToSubIdMap.size == 0, return DummySubIds slotIdx=0
08-04 04:43:17.328  1120  1120 D SubscriptionController: getDummySubIds: slotIdx=0 return 1 DummySubIds with each subId=-2
08-04 04:43:17.331  1120  1120 D DCT     : [0]getDataOnRoamingEnabled: phoneSubId=-2 isDataRoamingEnabled=true
08-04 04:43:17.331  1120  1120 D DCT     : [0]notifyDataConnection: reason=roamingOff
08-04 04:43:17.331  1120  1120 D SubscriptionController: [getSubId]- mSlotIdToSubIdMap.size == 0, return DummySubIds slotIdx=0
08-04 04:43:17.331  1120  1120 D SubscriptionController: getDummySubIds: slotIdx=0 return 1 DummySubIds with each subId=-2
08-04 04:43:17.333  1120  1120 D DCT     : [0]isDataAllowed: not allowed due to - Attached= false - SIM not loaded
08-04 04:43:17.333  1120  1120 D DCT     : [ApnContext:default] getApnSetting: apnSetting=null
08-04 04:43:17.333  1120  1120 D SubscriptionController: [getPhoneId]- invalid subId return=-1
08-04 04:43:17.336  1120  1120 D PhoneFactory: getPhone:- phoneId != DEFAULT_PHONE_ID return sProxyPhones[phoneId] phoneId=-1 phone=null
08-04 04:43:17.337   712  1262 D SubscriptionManager: [getPhoneId]- fail
08-04 04:43:17.339  1120  1120 D SubscriptionController: [getSubId]- mSlotIdToSubIdMap.size == 0, return DummySubIds slotIdx=0
08-04 04:43:17.339  1120  1120 D SubscriptionController: getDummySubIds: slotIdx=0 return 1 DummySubIds with each subId=-2
08-04 04:43:17.340  1120  1120 D DCT     : [0]isDataAllowed: not allowed due to - Attached= false - SIM not loaded
08-04 04:43:17.340  1120  1120 D DCT     : [ApnContext:mms] getApnSetting: apnSetting=null
08-04 04:43:17.341  1120  1120 D SubscriptionController: [getPhoneId]- invalid subId return=-1
08-04 04:43:17.343  1120  1120 D PhoneFactory: getPhone:- phoneId != DEFAULT_PHONE_ID return sProxyPhones[phoneId] phoneId=-1 phone=null
08-04 04:43:17.343   712  1037 D SubscriptionManager: [getPhoneId]- fail
08-04 04:43:17.346  1120  1120 D SubscriptionController: [getSubId]- mSlotIdToSubIdMap.size == 0, return DummySubIds slotIdx=0
08-04 04:43:17.346  1120  1120 D SubscriptionController: getDummySubIds: slotIdx=0 return 1 DummySubIds with each subId=-2
08-04 04:43:17.347  1120  1120 D DCT     : [0]isDataAllowed: not allowed due to - Attached= false - SIM not loaded
08-04 04:43:17.347  1120  1120 D DCT     : [ApnContext:cbs] getApnSetting: apnSetting=null
08-04 04:43:17.348  1120  1120 D SubscriptionController: [getPhoneId]- invalid subId return=-1
08-04 04:43:17.350  1120  1120 D PhoneFactory: getPhone:- phoneId != DEFAULT_PHONE_ID return sProxyPhones[phoneId] phoneId=-1 phone=null
08-04 04:43:17.351   712   729 D SubscriptionManager: [getPhoneId]- fail
08-04 04:43:17.353  1120  1120 D SubscriptionController: [getSubId]- mSlotIdToSubIdMap.size == 0, return DummySubIds slotIdx=0
08-04 04:43:17.353  1120  1120 D SubscriptionController: getDummySubIds: slotIdx=0 return 1 DummySubIds with each subId=-2
08-04 04:43:17.354  1120  1120 D DCT     : [0]isDataAllowed: not allowed due to - Attached= false - SIM not loaded
08-04 04:43:17.354  1120  1120 D DCT     : [ApnContext:fota] getApnSetting: apnSetting=null
08-04 04:43:17.355  1120  1120 D SubscriptionController: [getPhoneId]- invalid subId return=-1
08-04 04:43:17.357  1120  1120 D PhoneFactory: getPhone:- phoneId != DEFAULT_PHONE_ID return sProxyPhones[phoneId] phoneId=-1 phone=null
08-04 04:43:17.358   712   904 D SubscriptionManager: [getPhoneId]- fail
08-04 04:43:17.360  1120  1120 D SubscriptionController: [getSubId]- mSlotIdToSubIdMap.size == 0, return DummySubIds slotIdx=0
08-04 04:43:17.360  1120  1120 D SubscriptionController: getDummySubIds: slotIdx=0 return 1 DummySubIds with each subId=-2
08-04 04:43:17.361  1120  1120 D DCT     : [0]isDataAllowed: not allowed due to - Attached= false - SIM not loaded
08-04 04:43:17.362  1120  1120 D DCT     : [ApnContext:supl] getApnSetting: apnSetting=null
08-04 04:43:17.362  1120  1120 D SubscriptionController: [getPhoneId]- invalid subId return=-1
08-04 04:43:17.364  1120  1120 D PhoneFactory: getPhone:- phoneId != DEFAULT_PHONE_ID return sProxyPhones[phoneId] phoneId=-1 phone=null
08-04 04:43:17.365   712   728 D SubscriptionManager: [getPhoneId]- fail
08-04 04:43:17.367  1120  1120 D SubscriptionController: [getSubId]- mSlotIdToSubIdMap.size == 0, return DummySubIds slotIdx=0
08-04 04:43:17.367  1120  1120 D SubscriptionController: getDummySubIds: slotIdx=0 return 1 DummySubIds with each subId=-2
08-04 04:43:17.371  1120  1120 D DCT     : [0]isDataAllowed: not allowed due to - Attached= false - SIM not loaded
08-04 04:43:17.371  1120  1120 D DCT     : [ApnContext:ia] getApnSetting: apnSetting=null
08-04 04:43:17.371  1120  1120 D SubscriptionController: [getPhoneId]- invalid subId return=-1
08-04 04:43:17.373  1120  1120 D PhoneFactory: getPhone:- phoneId != DEFAULT_PHONE_ID return sProxyPhones[phoneId] phoneId=-1 phone=null
08-04 04:43:17.374   712  1261 D SubscriptionManager: [getPhoneId]- fail
08-04 04:43:17.376  1120  1120 D SubscriptionController: [getSubId]- mSlotIdToSubIdMap.size == 0, return DummySubIds slotIdx=0
08-04 04:43:17.376  1120  1120 D SubscriptionController: getDummySubIds: slotIdx=0 return 1 DummySubIds with each subId=-2
08-04 04:43:17.378  1120  1120 D DCT     : [0]isDataAllowed: not allowed due to - Attached= false - SIM not loaded
08-04 04:43:17.378  1120  1120 D DCT     : [ApnContext:dun] getApnSetting: apnSetting=null
08-04 04:43:17.378  1120  1120 D SubscriptionController: [getPhoneId]- invalid subId return=-1
08-04 04:43:17.380  1120  1120 D PhoneFactory: getPhone:- phoneId != DEFAULT_PHONE_ID return sProxyPhones[phoneId] phoneId=-1 phone=null
08-04 04:43:17.381   712   904 D SubscriptionManager: [getPhoneId]- fail
08-04 04:43:17.383  1120  1120 D SubscriptionController: [getSubId]- mSlotIdToSubIdMap.size == 0, return DummySubIds slotIdx=0
08-04 04:43:17.383  1120  1120 D SubscriptionController: getDummySubIds: slotIdx=0 return 1 DummySubIds with each subId=-2
08-04 04:43:17.385  1120  1120 D DCT     : [0]isDataAllowed: not allowed due to - Attached= false - SIM not loaded
08-04 04:43:17.385  1120  1120 D DCT     : [ApnContext:hipri] getApnSetting: apnSetting=null
08-04 04:43:17.386  1120  1120 D SubscriptionController: [getPhoneId]- invalid subId return=-1
08-04 04:43:17.388  1120  1120 D PhoneFactory: getPhone:- phoneId != DEFAULT_PHONE_ID return sProxyPhones[phoneId] phoneId=-1 phone=null
08-04 04:43:17.389   712  1262 D SubscriptionManager: [getPhoneId]- fail
08-04 04:43:17.391  1120  1120 D SubscriptionController: [getSubId]- mSlotIdToSubIdMap.size == 0, return DummySubIds slotIdx=0
08-04 04:43:17.391  1120  1120 D SubscriptionController: getDummySubIds: slotIdx=0 return 1 DummySubIds with each subId=-2
08-04 04:43:17.393  1120  1120 D DCT     : [0]isDataAllowed: not allowed due to - Attached= false - SIM not loaded
08-04 04:43:17.393  1120  1120 D DCT     : [ApnContext:ims] getApnSetting: apnSetting=null
08-04 04:43:17.393  1120  1120 D SubscriptionController: [getPhoneId]- invalid subId return=-1
08-04 04:43:17.395  1120  1120 D PhoneFactory: getPhone:- phoneId != DEFAULT_PHONE_ID return sProxyPhones[phoneId] phoneId=-1 phone=null
08-04 04:43:17.396   712  1199 D SubscriptionManager: [getPhoneId]- fail
08-04 04:43:17.399  1120  1120 D DCT     : [0]handleMessage msg={ when=-1s137ms what=270377 obj=android.os.AsyncResult@28834cbe target=com.android.internal.telephony.dataconnection.DcTracker }
08-04 04:43:17.399  1120  1120 D DCT     : [0]setupDataOnConnectableApns: nwTypeChanged
08-04 04:43:17.400  1120  1120 D DCT     : [0]setupDataOnConnectableApns: apnContext {mApnType=hipri mState=IDLE mWaitingApns={null} mWaitingApnsPermanentFailureCountDown=0 mApnSetting={null} mReason=radioTurnedOff mDataEnabled=false mDependencyMet=true}
08-04 04:43:17.400  1120  1120 D DCT     : [0]setupDataOnConnectableApns: apnContext {mApnType=mms mState=IDLE mWaitingApns={null} mWaitingApnsPermanentFailureCountDown=0 mApnSetting={null} mReason=radioTurnedOff mDataEnabled=false mDependencyMet=true}
08-04 04:43:17.401  1120  1120 D DCT     : [0]setupDataOnConnectableApns: apnContext {mApnType=supl mState=IDLE mWaitingApns={null} mWaitingApnsPermanentFailureCountDown=0 mApnSetting={null} mReason=radioTurnedOff mDataEnabled=false mDependencyMet=true}
08-04 04:43:17.401  1120  1120 D DCT     : [0]setupDataOnConnectableApns: apnContext {mApnType=cbs mState=IDLE mWaitingApns={null} mWaitingApnsPermanentFailureCountDown=0 mApnSetting={null} mReason=radioTurnedOff mDataEnabled=false mDependencyMet=true}
08-04 04:43:17.402  1120  1120 D DCT     : [0]setupDataOnConnectableApns: apnContext {mApnType=dun mState=IDLE mWaitingApns={null} mWaitingApnsPermanentFailureCountDown=0 mApnSetting={null} mReason=radioTurnedOff mDataEnabled=false mDependencyMet=true}
08-04 04:43:17.402  1120  1120 D DCT     : [0]setupDataOnConnectableApns: apnContext {mApnType=fota mState=IDLE mWaitingApns={null} mWaitingApnsPermanentFailureCountDown=0 mApnSetting={null} mReason=radioTurnedOff mDataEnabled=false mDependencyMet=true}
08-04 04:43:17.403  1120  1120 D DCT     : [0]setupDataOnConnectableApns: apnContext {mApnType=ims mState=IDLE mWaitingApns={null} mWaitingApnsPermanentFailureCountDown=0 mApnSetting={null} mReason=radioTurnedOff mDataEnabled=false mDependencyMet=true}
08-04 04:43:17.403  1120  1120 D DCT     : [0]setupDataOnConnectableApns: apnContext {mApnType=default mState=IDLE mWaitingApns={null} mWaitingApnsPermanentFailureCountDown=0 mApnSetting={null} mReason=radioTurnedOff mDataEnabled=false mDependencyMet=true}
08-04 04:43:17.404  1120  1120 D DCT     : [0]setupDataOnConnectableApns: apnContext {mApnType=ia mState=IDLE mWaitingApns={null} mWaitingApnsPermanentFailureCountDown=0 mApnSetting={null} mReason=radioTurnedOff mDataEnabled=false mDependencyMet=true}
08-04 04:43:17.404  1120  1120 D DCT     : [0]onReceive: action=android.net.wifi.STATE_CHANGE
08-04 04:43:17.405  1120  1120 D DCT     : [0]NETWORK_STATE_CHANGED_ACTION: mIsWifiConnected=false
08-04 04:43:17.405  1120  1120 D RILJ    : [3657]> BASEBAND_VERSION [SUB0]
08-04 04:43:17.429  1120  1120 D RILJ    : [3658]> GET_IMEI [SUB0]
08-04 04:43:17.433  1120  1120 D RILJ    : [3659]> GET_IMEISV [SUB0]
08-04 04:43:17.434  1120  1120 D RILJ    : [3660]> RIL_REQUEST_GET_RADIO_CAPABILITY [SUB0]
08-04 04:43:17.436  1120  1120 D SubscriptionController: [getSubId]- mSlotIdToSubIdMap.size == 0, return DummySubIds slotIdx=0
08-04 04:43:17.436   192   238 D RILC    : RequestComplete, RIL_SOCKET_1
08-04 04:43:17.436   192   238 E RILC    : Send Response to RIL_SOCKET_1
08-04 04:43:17.436  1120  1120 D SubscriptionController: getDummySubIds: slotIdx=0 return 1 DummySubIds with each subId=-2
08-04 04:43:17.436  1120  1120 D GsmSMSDispatcher: GsmSMSDispatcher: subId = -2 slotId = 0
08-04 04:43:17.437  1120  1287 D RilRequest: [3660]< RIL_REQUEST_GET_RADIO_CAPABILITY error: com.android.internal.telephony.CommandException: GENERIC_FAILURE ret=
08-04 04:43:17.437  1120  1120 E IccCardProxy: setExternalState: !override and newstate unchanged from NOT_READY
08-04 04:43:17.437  1120  1120 E IccCardProxy: setExternalState: !override and newstate unchanged from NOT_READY
08-04 04:43:17.437  1120  1120 D DctController: EVENT_PHONE1_DATA_DETACH.
08-04 04:43:17.438  1120  1335 D DcSwitchSM: [DcSwitchStateMachine-0] DefaultState: shouldn't happen but ignore msg.what=0x4400b
08-04 04:43:17.438  1120  1120 D DcSwitchAsyncChannel: [DcSwitchAsyncChannel-0]: EVENT_DATA_DETACHED
08-04 04:43:17.440  1120  1120 D SubscriptionController: [getSubId]- mSlotIdToSubIdMap.size == 0, return DummySubIds slotIdx=0
08-04 04:43:17.440  1120  1120 D SubscriptionController: getDummySubIds: slotIdx=0 return 1 DummySubIds with each subId=-2
08-04 04:43:17.440  1120  1120 D DctController: [TNF -2]got request NetworkRequest [ id=1, legacyType=-1, [ Capabilities: INTERNET&NOT_RESTRICTED&TRUSTED&NOT_VPN] ] with score 0
08-04 04:43:17.441  1120  1120 D SubscriptionController: [getSubId]- mSlotIdToSubIdMap.size == 0, return DummySubIds slotIdx=0
08-04 04:43:17.441  1120  1120 D SubscriptionController: getDummySubIds: slotIdx=0 return 1 DummySubIds with each subId=-2
08-04 04:43:17.442  1120  1120 D DctController: [TNF -2]Cellular needs Network for NetworkRequest [ id=1, legacyType=-1, [ Capabilities: INTERNET&NOT_RESTRICTED&TRUSTED&NOT_VPN] ]
08-04 04:43:17.442  1120  1120 D SubscriptionController: [getSubId]- mSlotIdToSubIdMap.size == 0, return DummySubIds slotIdx=0
08-04 04:43:17.442  1120  1120 D SubscriptionController: getDummySubIds: slotIdx=0 return 1 DummySubIds with each subId=-2
08-04 04:43:17.442  1120  1120 D SubscriptionController: [getSubId]- mSlotIdToSubIdMap.size == 0, return DummySubIds slotIdx=0
08-04 04:43:17.442  1120  1120 D SubscriptionController: getDummySubIds: slotIdx=0 return 1 DummySubIds with each subId=-2
08-04 04:43:17.443  1120  1120 D DctController: [TNF -2]Sub Info has not been ready, pending request.
08-04 04:43:17.443  1120  1120 V WAP PUSH: wappush manager connected to 363480647
08-04 04:43:17.444  1120  1120 V WAP PUSH: wappush manager connected to 529020514
08-04 04:43:17.444  1120  1120 D SubscriptionInfoUpdater: [Receiver]+
08-04 04:43:17.444  1120  1120 D SubscriptionInfoUpdater: Action: android.intent.action.SIM_STATE_CHANGED
08-04 04:43:17.444  1120  1120 D SubscriptionInfoUpdater: slotId: 0
08-04 04:43:17.445  1120  1120 D SubscriptionInfoUpdater: simStatus: NOT_READY
08-04 04:43:17.445  1120  1120 D SubscriptionInfoUpdater: Ignoring simStatus: NOT_READY
08-04 04:43:17.445  1120  1120 D SubscriptionInfoUpdater: [Receiver]-
08-04 04:43:17.445   192  1403 D RILC    : RequestComplete, RIL_SOCKET_1
08-04 04:43:17.445   192  1403 E RILC    : Send Response to RIL_SOCKET_1
08-04 04:43:17.446  1120  1287 D RILJ    : [3658]< GET_IMEI  [SUB0]
08-04 04:43:17.446  1120  1120 D DebugService: DebugService DebugService:
08-04 04:43:17.446   192  1404 D RILC    : RequestComplete, RIL_SOCKET_1
08-04 04:43:17.446   192  1404 E RILC    : Send Response to RIL_SOCKET_1
08-04 04:43:17.447  1120  1287 D RILJ    : [3659]< GET_IMEISV  [SUB0]
08-04 04:43:17.451  1120  1120 D SipService: SipService: started!
08-04 04:43:17.457   192  1402 D RILC    : RequestComplete, RIL_SOCKET_1
08-04 04:43:17.457   192  1402 E RILC    : Send Response to RIL_SOCKET_1
08-04 04:43:17.458  1120  1287 D RILJ    : [3657]< BASEBAND_VERSION M8974A-2.0.50.2.26 [SUB0]
08-04 04:43:17.461  1120  1120 D SipService: start:
08-04 04:43:17.461  1120  1120 D RILJ    : [3661]> RIL_REQUEST_QUERY_TTY_MODE [SUB0]
08-04 04:43:17.463  1120  1120 D DCT     : [0]handleMessage msg={ when=-666ms what=270369 obj=android.os.AsyncResult@30faf235 target=com.android.internal.telephony.dataconnection.DcTracker }
08-04 04:43:17.464  1120  1120 D SubscriptionController: [getSubId]- mSlotIdToSubIdMap.size == 0, return DummySubIds slotIdx=0
08-04 04:43:17.464  1120  1120 D SubscriptionController: getDummySubIds: slotIdx=0 return 1 DummySubIds with each subId=-2
08-04 04:43:17.464  1120  1120 D GsmSMSDispatcher: GsmSMSDispatcher: subId = -2 slotId = 0
08-04 04:43:17.464  1120  1120 E IccCardProxy: setExternalState: !override and newstate unchanged from NOT_READY
08-04 04:43:17.464  1120  1120 D GsmSST  : [GsmSST] SubscriptionListener.onSubscriptionInfoChanged
08-04 04:43:17.464  1120  1120 D SubscriptionController: [getSubId]- mSlotIdToSubIdMap.size == 0, return DummySubIds slotIdx=0
08-04 04:43:17.464  1120  1120 D SubscriptionController: getDummySubIds: slotIdx=0 return 1 DummySubIds with each subId=-2
08-04 04:43:17.465  1120  1120 D DCT     : [0]SubscriptionListener.onSubscriptionInfoChanged
08-04 04:43:17.465  1120  1120 D SubscriptionController: [getSubId]- mSlotIdToSubIdMap.size == 0, return DummySubIds slotIdx=0
08-04 04:43:17.465  1120  1120 D SubscriptionController: getDummySubIds: slotIdx=0 return 1 DummySubIds with each subId=-2
08-04 04:43:17.465  1120  1120 D DctController: onSubInfoReady mPhoneNum=1
08-04 04:43:17.465  1120  1120 D SubscriptionController: [getSubId]- mSlotIdToSubIdMap.size == 0, return DummySubIds slotIdx=0
08-04 04:43:17.465  1120  1120 D SubscriptionController: getDummySubIds: slotIdx=0 return 1 DummySubIds with each subId=-2
08-04 04:43:17.465  1120  1120 D DctController: onSubInfoReady handle pending requests subId=-2
08-04 04:43:17.466  1120  1120 D SubscriptionController: [getSubId]- mSlotIdToSubIdMap.size == 0, return DummySubIds slotIdx=0
08-04 04:43:17.466  1120  1120 D SubscriptionController: getDummySubIds: slotIdx=0 return 1 DummySubIds with each subId=-2
08-04 04:43:17.466  1120  1120 D DctController: [TNF -2]evalPendingRequest, pending request size is 1
08-04 04:43:17.467  1120  1120 D SubscriptionController: [getSubId]- mSlotIdToSubIdMap.size == 0, return DummySubIds slotIdx=0
08-04 04:43:17.467  1120  1120 D SubscriptionController: getDummySubIds: slotIdx=0 return 1 DummySubIds with each subId=-2
08-04 04:43:17.467  1120  1120 D DctController: [TNF -2]evalPendingRequest: request = NetworkRequest [ id=1, legacyType=-1, [ Capabilities: INTERNET&NOT_RESTRICTED&TRUSTED&NOT_VPN] ]
08-04 04:43:17.468  1120  1120 D SubscriptionController: [getSubId]- mSlotIdToSubIdMap.size == 0, return DummySubIds slotIdx=0
08-04 04:43:17.469  1120  1120 D SubscriptionController: getDummySubIds: slotIdx=0 return 1 DummySubIds with each subId=-2
08-04 04:43:17.469  1120  1120 D DctController: [TNF -2]Cellular needs Network for NetworkRequest [ id=1, legacyType=-1, [ Capabilities: INTERNET&NOT_RESTRICTED&TRUSTED&NOT_VPN] ]
08-04 04:43:17.469  1120  1120 D SubscriptionController: [getSubId]- mSlotIdToSubIdMap.size == 0, return DummySubIds slotIdx=0
08-04 04:43:17.469  1120  1120 D SubscriptionController: getDummySubIds: slotIdx=0 return 1 DummySubIds with each subId=-2
08-04 04:43:17.469  1120  1120 D SubscriptionController: [getSubId]- mSlotIdToSubIdMap.size == 0, return DummySubIds slotIdx=0
08-04 04:43:17.469  1120  1120 D SubscriptionController: getDummySubIds: slotIdx=0 return 1 DummySubIds with each subId=-2
08-04 04:43:17.469  1120  1120 D DctController: [TNF -2]Sub Info has not been ready, pending request.
08-04 04:43:17.469  1120  1120 D DctController: processRequests
08-04 04:43:17.470  1120  1120 D SubscriptionController: [getSubId]- mSlotIdToSubIdMap.size == 0, return DummySubIds slotIdx=0
08-04 04:43:17.470  1120  1120 D SubscriptionController: getDummySubIds: slotIdx=0 return 1 DummySubIds with each subId=-2
08-04 04:43:17.471  1120  1120 D SubscriptionController: [getSubId]- mSlotIdToSubIdMap.size == 0, return DummySubIds slotIdx=0
08-04 04:43:17.471  1120  1120 D SubscriptionController: getDummySubIds: slotIdx=0 return 1 DummySubIds with each subId=-2
08-04 04:43:17.472  1120  1120 D SubscriptionController: [getPhoneId]- invalid subId return=-1
08-04 04:43:17.475  1120  1120 D PhoneFactory: getPhone:- phoneId != DEFAULT_PHONE_ID return sProxyPhones[phoneId] phoneId=-1 phone=null
08-04 04:43:17.475   192  1407 D RILC    : RequestComplete, RIL_SOCKET_1
08-04 04:43:17.475   192  1407 E RILC    : Send Response to RIL_SOCKET_1
08-04 04:43:17.476  1120  1287 D RILJ    : [3661]< RIL_REQUEST_QUERY_TTY_MODE {0} [SUB0]
08-04 04:43:17.477  1120  1120 D SubscriptionManager: [getPhoneId]- fail
08-04 04:43:17.539  1120  1120 E PhoneBase: Error! registerForCallWaiting() in PhoneBase should not be called, CDMAPhone inactive.
08-04 04:43:17.611  1120  1120 D SubscriptionController: [getActiveSubInfoList]+
08-04 04:43:17.613  1120  1120 D SubscriptionController: [getActiveSubInfoList] Sub Controller not ready
08-04 04:43:17.615  1120  1120 D GsmSST  : [GsmSST] mDeviceShuttingDown = false
08-04 04:43:17.615  1120  1120 D GsmSST  : [GsmSST] mDesiredPowerState = true
08-04 04:43:17.615  1120  1120 D GsmSST  : [GsmSST] getRadioState = RADIO_ON
08-04 04:43:17.615  1120  1120 D GsmSST  : [GsmSST] mPowerOffDelayNeed = true
08-04 04:43:17.616  1120  1120 D GsmSST  : [GsmSST] mAlarmSwitch = false
08-04 04:43:17.616  1120  1120 D RILJ    : [3662]> OPERATOR [SUB0]
08-04 04:43:17.618   192  1411 D RILC    : RequestComplete, RIL_SOCKET_1
08-04 04:43:17.618   192  1411 E RILC    : Send Response to RIL_SOCKET_1
08-04 04:43:17.618  1120  1120 D RILJ    : [3663]> DATA_REGISTRATION_STATE [SUB0]
08-04 04:43:17.619  1120  1287 D RILJ    : [3662]< OPERATOR {null, null, null} [SUB0]
08-04 04:43:17.620  1120  1120 D RILJ    : [3664]> VOICE_REGISTRATION_STATE [SUB0]
08-04 04:43:17.621  1120  1120 D RILJ    : [3665]> QUERY_NETWORK_SELECTION_MODE [SUB0]
08-04 04:43:17.622  1120  1120 D UiccController: Received EVENT_ICC_STATUS_CHANGED, calling getIccCardStatus
08-04 04:43:17.623  1120  1120 D RILJ    : [3666]> GET_SIM_STATUS [SUB0]
08-04 04:43:17.624  1120  1120 D RILJ    : [3667]> GET_CURRENT_CALLS [SUB0]
08-04 04:43:17.626   192  1414 D RILC    : RequestComplete, RIL_SOCKET_1
08-04 04:43:17.626   192  1414 E RILC    : Send Response to RIL_SOCKET_1
08-04 04:43:17.627  1120  1287 D RILJ    : [3665]< QUERY_NETWORK_SELECTION_MODE {0} [SUB0]
08-04 04:43:17.628   192  1412 D RILC    : RequestComplete, RIL_SOCKET_1
08-04 04:43:17.628   192  1412 E RILC    : Send Response to RIL_SOCKET_1
08-04 04:43:17.628   192  1413 I RILQ    : (0/192):RIL[0][cmd-20(704)] qcril_qmi_nas_update_data_rte: completed, new drte 0 with confidence 4
08-04 04:43:17.629  1120  1287 D RILJ    : [3663]< DATA_REGISTRATION_STATE {0, null, null, null, 0, 20, null, 446, 2929439, null, null} [SUB0]
08-04 04:43:17.629  1120  1120 D RILJ    : [3668]> RIL_REQUEST_VOICE_RADIO_TECH [SUB0]
08-04 04:43:17.630   192   238 D RILC    : RequestComplete, RIL_SOCKET_1
08-04 04:43:17.630   192   238 E RILC    : Send Response to RIL_SOCKET_1
08-04 04:43:17.630   192  1413 D RILC    : RequestComplete, RIL_SOCKET_1
08-04 04:43:17.630   192  1413 E RILC    : Send Response to RIL_SOCKET_1
08-04 04:43:17.630   192   238 I RILQ    : (0/192):RIL[0][main] qcril_qmi_get_call_list_to_send: RILVI: calls rep: reported/skipped 0/0 calls
08-04 04:43:17.630   192   238 D RILC    : RequestComplete, RIL_SOCKET_1
08-04 04:43:17.630   192   238 E RILC    : Send Response to RIL_SOCKET_1
08-04 04:43:17.632   192  1416 D RILC    : RequestComplete, RIL_SOCKET_1
08-04 04:43:17.632   192  1416 E RILC    : Send Response to RIL_SOCKET_1
08-04 04:43:17.634  1120  1287 D RILJ    : [3666]< GET_SIM_STATUS IccCardState {CARDSTATE_PRESENT,PINSTATE_ENABLED_NOT_VERIFIED,num_apps=1,gsm_id=0{APPTYPE_USIM,APPSTATE_READY,pin1=PINSTATE_DISABLED,pin2=PINSTATE_ENABLED_NOT_VERIFIED},cdma_id=-1,ims_id=-1} [SUB0]
08-04 04:43:17.634  1120  1287 D RILJ    : [3664]< VOICE_REGISTRATION_STATE {2, null, null, 0, null, null, null, 0, null, null, null, null, null, 0, null} [SUB0]
08-04 04:43:17.635  1120  1120 D RILJ    : [3669]> RIL_REQUEST_IMS_REGISTRATION_STATE [SUB0]
08-04 04:43:17.635  1120  1287 D RILJ    : [3667]< GET_CURRENT_CALLS   [SUB0]
08-04 04:43:17.637  1120  1287 D RILJ    : [3668]< RIL_REQUEST_VOICE_RADIO_TECH {3} [SUB0]
08-04 04:43:17.637  1120  1120 D RILJ    : [3670]> RIL_REQUEST_CDMA_GET_SUBSCRIPTION_SOURCE [SUB0]
08-04 04:43:17.639  1120  1120 D RILJ    : [3671]> OPERATOR [SUB0]
08-04 04:43:17.640   192   666 D RILC    : RequestComplete, RIL_SOCKET_1
08-04 04:43:17.640   192   666 E RILC    : Send Response to RIL_SOCKET_1
08-04 04:43:17.641   192  1419 D RILC    : RequestComplete, RIL_SOCKET_1
08-04 04:43:17.641   192  1419 E RILC    : Send Response to RIL_SOCKET_1
08-04 04:43:17.641  1120  1287 D RilRequest: [3669]< RIL_REQUEST_IMS_REGISTRATION_STATE error: com.android.internal.telephony.CommandException: GENERIC_FAILURE ret=
08-04 04:43:17.641  1120  1287 D RilRequest: [3670]< RIL_REQUEST_CDMA_GET_SUBSCRIPTION_SOURCE error: com.android.internal.telephony.CommandException: GENERIC_FAILURE ret=
08-04 04:43:17.642   192  1420 D RILC    : RequestComplete, RIL_SOCKET_1
08-04 04:43:17.642   192  1420 E RILC    : Send Response to RIL_SOCKET_1
08-04 04:43:17.642  1120  1287 D RILJ    : [3671]< OPERATOR {null, null, null} [SUB0]
08-04 04:43:17.643  1120  1120 D RILJ    : [3672]> DATA_REGISTRATION_STATE [SUB0]
08-04 04:43:17.645  1120  1120 D RILJ    : [3673]> VOICE_REGISTRATION_STATE [SUB0]
08-04 04:43:17.647  1120  1120 D RILJ    : [3674]> QUERY_NETWORK_SELECTION_MODE [SUB0]
08-04 04:43:17.649   192  1423 D RILC    : RequestComplete, RIL_SOCKET_1
08-04 04:43:17.649   192  1423 E RILC    : Send Response to RIL_SOCKET_1
08-04 04:43:17.649  1120  1120 D SubscriptionController: [getSubId]- mSlotIdToSubIdMap.size == 0, return DummySubIds slotIdx=0
08-04 04:43:17.650  1120  1287 D RILJ    : [3674]< QUERY_NETWORK_SELECTION_MODE {0} [SUB0]
08-04 04:43:17.650  1120  1120 D SubscriptionController: getDummySubIds: slotIdx=0 return 1 DummySubIds with each subId=-2
08-04 04:43:17.651   192  1422 I RILQ    : (0/192):RIL[0][cmd-20(64)] qcril_qmi_nas_update_data_rte: completed, new drte 0 with confidence 4
08-04 04:43:17.651  1120  1120 D DefaultPhoneNotifier: notifySignalStrength: mRegistry=com.android.internal.telephony.ITelephonyRegistry$Stub$Proxy@98c46e6 ss=SignalStrength: 99 0 -120 -160 -120 -1 -1 99 2147483647 2147483647 2147483647 2147483647 gsm|lte sender=Handler (com.android.internal.telephony.gsm.GSMPhone) {20220dc5}
08-04 04:43:17.651   712  1269 D SubscriptionManager: [getPhoneId]- fail
08-04 04:43:17.652   712  1269 D TelephonyRegistry: notifySignalStrengthForSubscriber: invalid phoneId=-1
08-04 04:43:17.652   192  1421 D RILC    : RequestComplete, RIL_SOCKET_1
08-04 04:43:17.652   192  1421 E RILC    : Send Response to RIL_SOCKET_1
08-04 04:43:17.653   192  1422 D RILC    : RequestComplete, RIL_SOCKET_1
08-04 04:43:17.653   192  1422 E RILC    : Send Response to RIL_SOCKET_1
08-04 04:43:17.653  1120  1287 D RILJ    : [3672]< DATA_REGISTRATION_STATE {0, null, null, null, 0, 20, null, 446, 2929439, null, null} [SUB0]
08-04 04:43:17.654  1120  1287 D RILJ    : [3673]< VOICE_REGISTRATION_STATE {2, null, null, 0, null, null, null, 0, null, null, null, null, null, 0, null} [SUB0]
08-04 04:43:17.657  1120  1183 D SubscriptionController: [getActiveSubInfoList]+
08-04 04:43:17.657  1120  1120 D SubscriptionController: [getSubId]- mSlotIdToSubIdMap.size == 0, return DummySubIds slotIdx=0
08-04 04:43:17.658  1120  1120 D SubscriptionController: getDummySubIds: slotIdx=0 return 1 DummySubIds with each subId=-2
08-04 04:43:17.658  1120  1120 D DCT     : [0]handleMessage msg={ when=-814ms what=270377 obj=android.os.AsyncResult@16315358 target=com.android.internal.telephony.dataconnection.DcTracker }
08-04 04:43:17.658  1120  1120 D DCT     : [0]setupDataOnConnectableApns: nwTypeChanged
08-04 04:43:17.659  1120  1183 D SubscriptionController: [getActiveSubInfoList] Sub Controller not ready
08-04 04:43:17.659  1120  1120 D DCT     : [0]setupDataOnConnectableApns: apnContext {mApnType=hipri mState=IDLE mWaitingApns={null} mWaitingApnsPermanentFailureCountDown=0 mApnSetting={null} mReason=radioTurnedOff mDataEnabled=false mDependencyMet=true}
08-04 04:43:17.659  1120  1120 D DCT     : [0]setupDataOnConnectableApns: apnContext {mApnType=mms mState=IDLE mWaitingApns={null} mWaitingApnsPermanentFailureCountDown=0 mApnSetting={null} mReason=radioTurnedOff mDataEnabled=false mDependencyMet=true}
08-04 04:43:17.660  1120  1120 D DCT     : [0]setupDataOnConnectableApns: apnContext {mApnType=supl mState=IDLE mWaitingApns={null} mWaitingApnsPermanentFailureCountDown=0 mApnSetting={null} mReason=radioTurnedOff mDataEnabled=false mDependencyMet=true}
08-04 04:43:17.660  1120  1120 D DCT     : [0]setupDataOnConnectableApns: apnContext {mApnType=cbs mState=IDLE mWaitingApns={null} mWaitingApnsPermanentFailureCountDown=0 mApnSetting={null} mReason=radioTurnedOff mDataEnabled=false mDependencyMet=true}
08-04 04:43:17.661  1120  1120 D DCT     : [0]setupDataOnConnectableApns: apnContext {mApnType=dun mState=IDLE mWaitingApns={null} mWaitingApnsPermanentFailureCountDown=0 mApnSetting={null} mReason=radioTurnedOff mDataEnabled=false mDependencyMet=true}
08-04 04:43:17.661  1120  1120 D DCT     : [0]setupDataOnConnectableApns: apnContext {mApnType=fota mState=IDLE mWaitingApns={null} mWaitingApnsPermanentFailureCountDown=0 mApnSetting={null} mReason=radioTurnedOff mDataEnabled=false mDependencyMet=true}
08-04 04:43:17.661  1120  1120 D DCT     : [0]setupDataOnConnectableApns: apnContext {mApnType=ims mState=IDLE mWaitingApns={null} mWaitingApnsPermanentFailureCountDown=0 mApnSetting={null} mReason=radioTurnedOff mDataEnabled=false mDependencyMet=true}
08-04 04:43:17.662  1120  1120 D DCT     : [0]setupDataOnConnectableApns: apnContext {mApnType=default mState=IDLE mWaitingApns={null} mWaitingApnsPermanentFailureCountDown=0 mApnSetting={null} mReason=radioTurnedOff mDataEnabled=false mDependencyMet=true}
08-04 04:43:17.662  1120  1120 D DCT     : [0]setupDataOnConnectableApns: apnContext {mApnType=ia mState=IDLE mWaitingApns={null} mWaitingApnsPermanentFailureCountDown=0 mApnSetting={null} mReason=radioTurnedOff mDataEnabled=false mDependencyMet=true}
08-04 04:43:17.663  1120  1120 D SubscriptionManager: [getPhoneId]- fail
08-04 04:43:17.663  1120  1120 D SubscriptionController: [getSubId]- mSlotIdToSubIdMap.size == 0, return DummySubIds slotIdx=0
08-04 04:43:17.663  1120  1120 D SubscriptionController: getDummySubIds: slotIdx=0 return 1 DummySubIds with each subId=-2
08-04 04:43:17.663  1120  1120 D DCT     : [0]getDataOnRoamingEnabled: phoneSubId=-2 isDataRoamingEnabled=true
08-04 04:43:17.664  1120  1120 D SubscriptionManager: [getPhoneId]- fail
08-04 04:43:17.665  1120  1120 D SubscriptionController: [getSubId]- mSlotIdToSubIdMap.size == 0, return DummySubIds slotIdx=0
08-04 04:43:17.665  1120  1120 D SubscriptionController: getDummySubIds: slotIdx=0 return 1 DummySubIds with each subId=-2
08-04 04:43:17.665  1120  1120 D DCT     : [0]getDataOnRoamingEnabled: phoneSubId=-2 isDataRoamingEnabled=true
08-04 04:43:17.666  1120  1120 D SubscriptionManager: [getPhoneId]- fail
08-04 04:43:17.666  1120  1120 D SubscriptionController: [getSubId]- mSlotIdToSubIdMap.size == 0, return DummySubIds slotIdx=0
