04-08 14:51:35.323   712   777 I ActivityManager: Skipping duplicate ANR: ProcessRecord{37f86969 2387:com.youku.phone/u0a54} Input dispatching timed out (Waiting to send key event because the focused window has not finished processing all of the input events that were previously delivered to it.  Outbound queue length: 0.  Wait queue length: 1.)
04-08 14:51:41.328   712   806 I WindowManager: Input event dispatching timed out sending to com.youku.phone/com.youku.ui.activity.DetailActivity.  Reason: Waiting to send key event because the focused window has not finished processing all of the input events that were previously delivered to it.  Outbound queue length: 0.  Wait queue length: 2.
04-08 14:51:41.693   712   777 I ActivityManager: Skipping duplicate ANR: ProcessRecord{37f86969 2387:com.youku.phone/u0a54} Input dispatching timed out (Waiting to send key event because the focused window has not finished processing all of the input events that were previously delivered to it.  Outbound queue length: 0.  Wait queue length: 2.)
04-08 14:51:41.696   712  1154 W InputManager: Input event injection from pid 2366 timed out.
04-08 14:51:46.733   712   806 I WindowManager: Input event dispatching timed out sending to com.youku.phone/com.youku.ui.activity.DetailActivity.  Reason: Waiting to send key event because the focused window has not finished processing all of the input events that were previously delivered to it.  Outbound queue length: 0.  Wait queue length: 2.
04-08 14:51:47.060   712   728 W InputManager: Input event injection from pid 2366 timed out.
04-08 14:51:47.114   712   777 I ActivityManager: Skipping duplicate ANR: ProcessRecord{37f86969 2387:com.youku.phone/u0a54} Input dispatching timed out (Waiting to send key event because the focused window has not finished processing all of the input events that were previously delivered to it.  Outbound queue length: 0.  Wait queue length: 2.)
04-08 14:51:53.066   712   806 I WindowManager: Input event dispatching timed out sending to com.youku.phone/com.youku.ui.activity.DetailActivity.  Reason: Waiting to send key event because the focused window has not finished processing all of the input events that were previously delivered to it.  Outbound queue length: 0.  Wait queue length: 2.
04-08 14:51:53.439   712  1154 W InputManager: Input event injection from pid 2366 timed out.
04-08 14:51:53.545   712   777 I ActivityManager: Skipping duplicate ANR: ProcessRecord{37f86969 2387:com.youku.phone/u0a54} Input dispatching timed out (Waiting to send key event because the focused window has not finished processing all of the input events that were previously delivered to it.  Outbound queue length: 0.  Wait queue length: 2.)
04-08 14:51:58.454   712   806 I WindowManager: Input event dispatching timed out sending to com.youku.phone/com.youku.ui.activity.DetailActivity.  Reason: Waiting to send key event because the focused window has not finished processing all of the input events that were previously delivered to it.  Outbound queue length: 0.  Wait queue length: 2.
04-08 14:51:58.714   712  1037 W InputManager: Input event injection from pid 2366 timed out.
04-08 14:51:58.768   712   777 I ActivityManager: Skipping duplicate ANR: ProcessRecord{37f86969 2387:com.youku.phone/u0a54} Input dispatching timed out (Waiting to send key event because the focused window has not finished processing all of the input events that were previously delivered to it.  Outbound queue length: 0.  Wait queue length: 2.)
04-08 14:52:06.485   712   728 I ActivityManager: START u0 {cmp=com.youku.phone/com.youku.ui.activity.WebViewActivity (has extras)} from uid 10054 on display 0
04-08 14:52:06.505   712   728 V WindowManager: addAppToken: AppWindowToken{24314393 token=Token{3c2a4082 ActivityRecord{3c4c6fcd u0 com.youku.phone/com.youku.ui.activity.WebViewActivity t3}}} to stack=1 task=3 at 7
04-08 14:52:07.016   712   777 W ActivityManager: Activity pause timeout for ActivityRecord{3d7f0650 u0 com.youku.phone/com.youku.ui.activity.DetailActivity t3}
04-08 14:52:07.435   712   806 W IntentResolver: resolveIntent failed: found match, but none with CATEGORY_DEFAULT
04-08 14:52:07.435   712   806 I ActivityManager: START u0 {act=android.intent.action.MAIN cat=[android.intent.category.LAUNCHER] flg=0x10000000 sel=act=android.intent.action.MAIN cat=[android.intent.category.APP_CALCULATOR]}} from uid 1000 on display 0
04-08 14:52:08.469   712   729 W InputManager: Input event injection from pid 2366 failed.
04-08 14:52:08.474   712  1154 W InputManager: Input event injection from pid 2366 failed.
04-08 14:52:08.479   712 17111 W InputManager: Input event injection from pid 2366 failed.
04-08 14:52:08.487   712   728 W InputManager: Input event injection from pid 2366 failed.
04-08 14:52:08.517   712   729 W InputManager: Input event injection from pid 2366 failed.
04-08 14:52:08.525   712  1154 W InputManager: Input event injection from pid 2366 failed.
04-08 14:52:08.547   712 19362 W InputManager: Input event injection from pid 2366 failed.
04-08 14:52:08.561   712 22160 W InputManager: Input event injection from pid 2366 failed.
04-08 14:52:08.573   712   729 W InputManager: Input event injection from pid 2366 failed.
04-08 14:52:08.593   712   904 W InputManager: Input event injection from pid 2366 failed.
04-08 14:52:08.612   712 19362 W InputManager: Input event injection from pid 2366 failed.
04-08 14:52:08.629   712   904 W InputManager: Input event injection from pid 2366 failed.
04-08 14:52:08.643   712 22160 W InputManager: Input event injection from pid 2366 failed.
04-08 14:52:08.875   712   712 W ViewRootImpl: Cancelling event due to no window focus: KeyEvent { action=ACTION_UP, keyCode=KEYCODE_CALCULATOR, scanCode=0, metaState=0, flags=0x80000028, repeatCount=0, eventTime=3262059, downTime=3262059, deviceId=-1, source=0x101 }
04-08 14:52:08.879   712   712 W ViewRootImpl: Cancelling event due to no window focus: KeyEvent { action=ACTION_UP, keyCode=KEYCODE_CALCULATOR, scanCode=0, metaState=0, flags=0x80000028, repeatCount=0, eventTime=3262059, downTime=3262059, deviceId=-1, source=0x101 }
04-08 14:52:08.880   712   712 W ViewRootImpl: Cancelling event due to no window focus: KeyEvent { action=ACTION_UP, keyCode=KEYCODE_CALCULATOR, scanCode=0, metaState=0, flags=0x80000028, repeatCount=0, eventTime=3262059, downTime=3262059, deviceId=-1, source=0x101 }
04-08 14:52:08.891   712   712 W ViewRootImpl: Cancelling event due to no window focus: KeyEvent { action=ACTION_UP, keyCode=KEYCODE_CALCULATOR, scanCode=0, metaState=0, flags=0x80000028, repeatCount=0, eventTime=3262059, downTime=3262059, deviceId=-1, source=0x101 }
04-08 14:52:08.892   712   712 W ViewRootImpl: Cancelling event due to no window focus: KeyEvent { action=ACTION_UP, keyCode=KEYCODE_CALCULATOR, scanCode=0, metaState=0, flags=0x80000028, repeatCount=0, eventTime=3262059, downTime=3262059, deviceId=-1, source=0x101 }
04-08 14:52:08.897   712   712 W ViewRootImpl: Cancelling event due to no window focus: KeyEvent { action=ACTION_UP, keyCode=KEYCODE_CALCULATOR, scanCode=0, metaState=0, flags=0x80000028, repeatCount=0, eventTime=3262059, downTime=3262059, deviceId=-1, source=0x101 }
04-08 14:52:08.933   712   712 W ViewRootImpl: Cancelling event due to no window focus: KeyEvent { action=ACTION_UP, keyCode=KEYCODE_CALCULATOR, scanCode=0, metaState=0, flags=0x80000028, repeatCount=0, eventTime=3262059, downTime=3262059, deviceId=-1, source=0x101 }
04-08 14:52:08.940   712   712 W ViewRootImpl: Cancelling event due to no window focus: KeyEvent { action=ACTION_UP, keyCode=KEYCODE_CALCULATOR, scanCode=0, metaState=0, flags=0x80000028, repeatCount=0, eventTime=3262059, downTime=3262059, deviceId=-1, source=0x101 }
04-08 14:52:08.946   712   712 W ViewRootImpl: Cancelling event due to no window focus: KeyEvent { action=ACTION_UP, keyCode=KEYCODE_CALCULATOR, scanCode=0, metaState=0, flags=0x80000028, repeatCount=0, eventTime=3262059, downTime=3262059, deviceId=-1, source=0x101 }
04-08 14:52:16.515   712   777 W ActivityManager: Launch timeout has expired, giving up wake lock!
04-08 14:52:19.838   712  1154 W ActivityManager: getTasks: caller 10054 does not hold GET_TASKS; limiting output
04-08 14:52:19.928   712   728 V WindowManager: Adding window Window{c5df1c4 u0 com.youku.phone/com.youku.ui.activity.WebViewActivity} at 11 of 17 (after Window{3ea197f3 u0 com.youku.phone/com.youku.ui.activity.DetailActivity})
04-08 14:52:19.947   712  1154 V WindowManager: Adding window Window{2fdc27e2 u0 PopupWindow:b3bc622} at 11 of 18 (after Window{3ea197f3 u0 com.youku.phone/com.youku.ui.activity.DetailActivity})
04-08 14:52:20.311   712   777 W ProcessCpuTracker: Skipping unknown process pid 23104
04-08 14:52:20.313   712   777 W ProcessCpuTracker: Skipping unknown process pid 23110
04-08 14:52:20.649  2387  2387 W ViewRootImpl: Dropping event due to no window focus: KeyEvent { action=ACTION_DOWN, keyCode=KEYCODE_MENU, scanCode=0, metaState=0, flags=0x8, repeatCount=0, eventTime=3270662, downTime=3270662, deviceId=-1, source=0x101 }
04-08 14:52:20.668  2387  2387 W ViewRootImpl: Cancelling event due to no window focus: KeyEvent { action=ACTION_UP, keyCode=KEYCODE_MENU, scanCode=0, metaState=0, flags=0x28, repeatCount=0, eventTime=3274973, downTime=3274973, deviceId=-1, source=0x101 }
04-08 14:52:20.669  2387  2387 W ViewRootImpl: Cancelling event due to no window focus: KeyEvent { action=ACTION_UP, keyCode=KEYCODE_MENU, scanCode=0, metaState=0, flags=0x28, repeatCount=0, eventTime=3274973, downTime=3274973, deviceId=-1, source=0x101 }
04-08 14:52:20.681  2387  2387 W ViewRootImpl: Cancelling event due to no window focus: KeyEvent { action=ACTION_UP, keyCode=KEYCODE_MENU, scanCode=0, metaState=0, flags=0x28, repeatCount=0, eventTime=3274973, downTime=3274973, deviceId=-1, source=0x101 }
04-08 14:52:20.682  2387  2387 W ViewRootImpl: Cancelling event due to no window focus: KeyEvent { action=ACTION_UP, keyCode=KEYCODE_MENU, scanCode=0, metaState=0, flags=0x28, repeatCount=0, eventTime=3274973, downTime=3274973, deviceId=-1, source=0x101 }
04-08 14:52:20.690  2387  2387 W ViewRootImpl: Cancelling event due to no window focus: KeyEvent { action=ACTION_UP, keyCode=KEYCODE_MENU, scanCode=0, metaState=0, flags=0x28, repeatCount=0, eventTime=3274973, downTime=3274973, deviceId=-1, source=0x101 }
04-08 14:52:20.693  2387  2387 W ViewRootImpl: Cancelling event due to no window focus: KeyEvent { action=ACTION_UP, keyCode=KEYCODE_MENU, scanCode=0, metaState=0, flags=0x28, repeatCount=0, eventTime=3274973, downTime=3274973, deviceId=-1, source=0x101 }
04-08 14:52:24.781   712  1154 I ActivityManager: START u0 {act=android.intent.action.MAIN cat=[android.intent.category.LAUNCHER] flg=0x10200000 cmp=com.youku.phone/.ActivityWelcome} from uid 0 on display 0
04-08 14:52:25.225   712  1037 W ProcessCpuTracker: Skipping unknown process pid 24324
04-08 14:52:30.321   712 19362 W ProcessCpuTracker: Skipping unknown process pid 25146
04-08 14:52:30.327   712 19362 W ProcessCpuTracker: Skipping unknown process pid 25156
04-08 14:52:56.643   712   728 I ActivityManager: START u0 {act=android.intent.action.MAIN cat=[android.intent.category.LAUNCHER] flg=0x10200000 cmp=com.youku.phone/.ActivityWelcome} from uid 0 on display 0
04-08 14:53:00.036   712 17119 I ActivityManager: START u0 {act=android.intent.action.MAIN cat=[android.intent.category.LAUNCHER] flg=0x10200000 cmp=com.youku.phone/.ActivityWelcome} from uid 0 on display 0
04-08 14:53:17.698   712   729 V WindowManager: not Base app: Adding window Window{3492f1eb u0 com.youku.phone/com.youku.ui.activity.WebViewActivity} at 12 of 18
04-08 14:53:20.639   712 19362 W ProcessCpuTracker: Skipping unknown process pid 5246
04-08 14:53:25.096   712   777 I ActivityManager: Waited long enough for: ServiceRecord{2fb00773 u0 com.android.music/.MediaPlaybackService}
04-08 14:53:25.792   712 17111 I ActivityManager: START u0 {act=android.intent.action.VIEW dat=laifeng://room/99158} from uid 10054 on display 0
04-08 14:53:31.859  2387  2387 E ActivityThread: Failed to find provider info for com.immomo.momo.sdkProvider
04-08 14:53:32.069   712   904 V WindowManager: not Base app: Adding window Window{68353f4 u0 com.youku.phone/com.youku.ui.activity.WebViewActivity} at 12 of 18
04-08 14:53:32.081  2387  2387 W ViewRootImpl: Cancelling event due to no window focus: KeyEvent { action=ACTION_UP, keyCode=KEYCODE_NUMPAD_COMMA, scanCode=0, metaState=0, flags=0x80000028, repeatCount=0, eventTime=3346437, downTime=3346437, deviceId=-1, source=0x101 }
04-08 14:53:32.081  2387  2387 W ViewRootImpl: Cancelling event due to no window focus: KeyEvent { action=ACTION_UP, keyCode=KEYCODE_NUMPAD_COMMA, scanCode=0, metaState=0, flags=0x80000028, repeatCount=0, eventTime=3346437, downTime=3346437, deviceId=-1, source=0x101 }
04-08 14:53:32.082  2387  2387 W ViewRootImpl: Cancelling event due to no window focus: KeyEvent { action=ACTION_UP, keyCode=KEYCODE_NUMPAD_COMMA, scanCode=0, metaState=0, flags=0x80000028, repeatCount=0, eventTime=3346437, downTime=3346437, deviceId=-1, source=0x101 }
04-08 14:53:32.083  2387  2387 W ViewRootImpl: Cancelling event due to no window focus: KeyEvent { action=ACTION_UP, keyCode=KEYCODE_NUMPAD_COMMA, scanCode=0, metaState=0, flags=0x80000028, repeatCount=0, eventTime=3346437, downTime=3346437, deviceId=-1, source=0x101 }
04-08 14:53:32.083  2387  2387 W ViewRootImpl: Cancelling event due to no window focus: KeyEvent { action=ACTION_UP, keyCode=KEYCODE_NUMPAD_COMMA, scanCode=0, metaState=0, flags=0x80000028, repeatCount=0, eventTime=3346437, downTime=3346437, deviceId=-1, source=0x101 }
04-08 14:53:32.087  2387  2387 W ViewRootImpl: Cancelling event due to no window focus: KeyEvent { action=ACTION_UP, keyCode=KEYCODE_NUMPAD_COMMA, scanCode=0, metaState=0, flags=0x80000028, repeatCount=0, eventTime=3346437, downTime=3346437, deviceId=-1, source=0x101 }
04-08 14:53:32.088  2387  2387 W ViewRootImpl: Cancelling event due to no window focus: KeyEvent { action=ACTION_UP, keyCode=KEYCODE_NUMPAD_COMMA, scanCode=0, metaState=0, flags=0x80000028, repeatCount=0, eventTime=3346437, downTime=3346437, deviceId=-1, source=0x101 }
04-08 14:53:32.088  2387  2387 W ViewRootImpl: Cancelling event due to no window focus: KeyEvent { action=ACTION_UP, keyCode=KEYCODE_NUMPAD_COMMA, scanCode=0, metaState=0, flags=0x80000028, repeatCount=0, eventTime=3346437, downTime=3346437, deviceId=-1, source=0x101 }
04-08 14:53:32.089  2387  2387 W ViewRootImpl: Cancelling event due to no window focus: KeyEvent { action=ACTION_UP, keyCode=KEYCODE_NUMPAD_COMMA, scanCode=0, metaState=0, flags=0x80000028, repeatCount=0, eventTime=3346437, downTime=3346437, deviceId=-1, source=0x101 }
04-08 14:53:37.283  2387  2387 W ViewRootImpl: Dropping event due to root view being removed: MotionEvent { action=ACTION_MOVE, id[0]=0, x[0]=46.160538, y[0]=958.0797, toolType[0]=TOOL_TYPE_UNKNOWN, buttonState=0, metaState=0, flags=0x0, edgeFlags=0x0, pointerCount=1, historySize=0, eventTime=3351804, downTime=3351798, deviceId=0, source=0x1002 }
04-08 14:53:37.284  2387  2387 W ViewRootImpl: Dropping event due to root view being removed: MotionEvent { action=ACTION_UP, id[0]=0, x[0]=54.23802, y[0]=965.0709, toolType[0]=TOOL_TYPE_UNKNOWN, buttonState=0, metaState=0, flags=0x0, edgeFlags=0x0, pointerCount=1, historySize=0, eventTime=3351806, downTime=3351798, deviceId=0, source=0x1002 }
04-08 14:53:40.537   712  1198 W ProcessCpuTracker: Skipping unknown process pid 10182
04-08 14:53:40.567   712  1198 W ProcessCpuTracker: Skipping unknown process pid 10184
04-08 14:53:46.750   712 22159 I ActivityManager: START u0 {act=android.intent.action.VIEW dat=http://lfpkg.ykimg.com/package/2017/3/29/package/84245/laifeng_bfkxb_3_8_3_330.apk flg=0x10000000 cmp=com.android.browser/.BrowserActivity} from uid 10054 on display 0
04-08 14:53:54.819   712 17111 W ActivityManager: getTasks: caller 10054 does not hold GET_TASKS; limiting output
04-08 14:53:57.226  2387  2387 W ViewRootImpl: Dropping event due to no window focus: MotionEvent { action=ACTION_MOVE, id[0]=0, x[0]=2.0, y[0]=-5.0, toolType[0]=TOOL_TYPE_UNKNOWN, buttonState=0, metaState=0, flags=0x0, edgeFlags=0x0, pointerCount=1, historySize=6, eventTime=3371107, downTime=-1, deviceId=0, source=0x10004 }
04-08 14:53:57.233  2387  2387 W ViewRootImpl: Dropping event due to no window focus: KeyEvent { action=ACTION_DOWN, keyCode=KEYCODE_VOLUME_DOWN, scanCode=0, metaState=0, flags=0x8, repeatCount=0, eventTime=3371113, downTime=3371113, deviceId=-1, source=0x101 }
04-08 14:53:57.243  2387  2387 W ViewRootImpl: Cancelling event due to no window focus: KeyEvent { action=ACTION_UP, keyCode=KEYCODE_VOLUME_DOWN, scanCode=0, metaState=0, flags=0x28, repeatCount=0, eventTime=3371851, downTime=3371851, deviceId=-1, source=0x101 }
04-08 14:53:57.244  2387  2387 W ViewRootImpl: Cancelling event due to no window focus: KeyEvent { action=ACTION_UP, keyCode=KEYCODE_VOLUME_DOWN, scanCode=0, metaState=0, flags=0x28, repeatCount=0, eventTime=3371851, downTime=3371851, deviceId=-1, source=0x101 }
04-08 14:53:57.244  2387  2387 W ViewRootImpl: Cancelling event due to no window focus: KeyEvent { action=ACTION_UP, keyCode=KEYCODE_VOLUME_DOWN, scanCode=0, metaState=0, flags=0x28, repeatCount=0, eventTime=3371851, downTime=3371851, deviceId=-1, source=0x101 }
04-08 14:53:57.931  2387  2387 W ViewRootImpl: Cancelling event due to no window focus: KeyEvent { action=ACTION_UP, keyCode=KEYCODE_VOLUME_DOWN, scanCode=0, metaState=0, flags=0x28, repeatCount=0, eventTime=3371851, downTime=3371851, deviceId=-1, source=0x101 }
04-08 14:53:57.935  2387  2387 W ViewRootImpl: Cancelling event due to no window focus: KeyEvent { action=ACTION_UP, keyCode=KEYCODE_VOLUME_DOWN, scanCode=0, metaState=0, flags=0x28, repeatCount=0, eventTime=3371851, downTime=3371851, deviceId=-1, source=0x101 }
04-08 14:53:57.935  2387  2387 W ViewRootImpl: Cancelling event due to no window focus: KeyEvent { action=ACTION_UP, keyCode=KEYCODE_VOLUME_DOWN, scanCode=0, metaState=0, flags=0x28, repeatCount=0, eventTime=3371851, downTime=3371851, deviceId=-1, source=0x101 }
04-08 14:53:58.251  2387  2387 W ViewRootImpl: Dropping event due to no window focus: KeyEvent { action=ACTION_DOWN, keyCode=KEYCODE_DPAD_LEFT, scanCode=0, metaState=0, flags=0x400, repeatCount=0, eventTime=3372550, downTime=3372550, deviceId=-1, source=0x101 }
04-08 14:53:58.252  2387  2387 W ViewRootImpl: Cancelling event due to no window focus: KeyEvent { action=ACTION_UP, keyCode=KEYCODE_DPAD_LEFT, scanCode=0, metaState=0, flags=0x420, repeatCount=0, eventTime=3372550, downTime=3372550, deviceId=-1, source=0x101 }
04-08 14:53:58.252  2387  2387 W ViewRootImpl: Cancelling event due to no window focus: KeyEvent { action=ACTION_UP, keyCode=KEYCODE_DPAD_LEFT, scanCode=0, metaState=0, flags=0x420, repeatCount=0, eventTime=3372550, downTime=3372550, deviceId=-1, source=0x101 }
04-08 14:53:58.253  2387  2387 W ViewRootImpl: Cancelling event due to no window focus: KeyEvent { action=ACTION_UP, keyCode=KEYCODE_DPAD_LEFT, scanCode=0, metaState=0, flags=0x420, repeatCount=0, eventTime=3372550, downTime=3372550, deviceId=-1, source=0x101 }
04-08 14:53:58.254  2387  2387 W ViewRootImpl: Dropping event due to no window focus: KeyEvent { action=ACTION_DOWN, keyCode=KEYCODE_DPAD_LEFT, scanCode=0, metaState=0, flags=0x400, repeatCount=0, eventTime=3372550, downTime=3372550, deviceId=-1, source=0x101 }
04-08 14:53:58.254  2387  2387 W ViewRootImpl: Cancelling event due to no window focus: KeyEvent { action=ACTION_UP, keyCode=KEYCODE_DPAD_LEFT, scanCode=0, metaState=0, flags=0x420, repeatCount=0, eventTime=3372550, downTime=3372550, deviceId=-1, source=0x101 }
04-08 14:53:58.255  2387  2387 W ViewRootImpl: Cancelling event due to no window focus: KeyEvent { action=ACTION_UP, keyCode=KEYCODE_DPAD_LEFT, scanCode=0, metaState=0, flags=0x420, repeatCount=0, eventTime=3372550, downTime=3372550, deviceId=-1, source=0x101 }
04-08 14:53:58.255  2387  2387 W ViewRootImpl: Cancelling event due to no window focus: KeyEvent { action=ACTION_UP, keyCode=KEYCODE_DPAD_LEFT, scanCode=0, metaState=0, flags=0x420, repeatCount=0, eventTime=3372550, downTime=3372550, deviceId=-1, source=0x101 }
04-08 14:53:58.256  2387  2387 W ViewRootImpl: Dropping event due to no window focus: KeyEvent { action=ACTION_DOWN, keyCode=KEYCODE_DPAD_LEFT, scanCode=0, metaState=0, flags=0x400, repeatCount=0, eventTime=3372550, downTime=3372550, deviceId=-1, source=0x101 }
04-08 14:53:58.257  2387  2387 W ViewRootImpl: Cancelling event due to no window focus: KeyEvent { action=ACTION_UP, keyCode=KEYCODE_DPAD_LEFT, scanCode=0, metaState=0, flags=0x420, repeatCount=0, eventTime=3372550, downTime=3372550, deviceId=-1, source=0x101 }
04-08 14:53:58.257  2387  2387 W ViewRootImpl: Cancelling event due to no window focus: KeyEvent { action=ACTION_UP, keyCode=KEYCODE_DPAD_LEFT, scanCode=0, metaState=0, flags=0x420, repeatCount=0, eventTime=3372550, downTime=3372550, deviceId=-1, source=0x101 }
04-08 14:53:58.258  2387  2387 W ViewRootImpl: Cancelling event due to no window focus: KeyEvent { action=ACTION_UP, keyCode=KEYCODE_DPAD_LEFT, scanCode=0, metaState=0, flags=0x420, repeatCount=0, eventTime=3372550, downTime=3372550, deviceId=-1, source=0x101 }
04-08 14:53:58.258  2387  2387 W ViewRootImpl: Dropping event due to no window focus: KeyEvent { action=ACTION_DOWN, keyCode=KEYCODE_DPAD_LEFT, scanCode=0, metaState=0, flags=0x400, repeatCount=0, eventTime=3372550, downTime=3372550, deviceId=-1, source=0x101 }
04-08 14:53:58.271  2387  2387 W ViewRootImpl: Cancelling event due to no window focus: KeyEvent { action=ACTION_UP, keyCode=KEYCODE_DPAD_LEFT, scanCode=0, metaState=0, flags=0x420, repeatCount=0, eventTime=3372550, downTime=3372550, deviceId=-1, source=0x101 }
04-08 14:53:58.272  2387  2387 W ViewRootImpl: Cancelling event due to no window focus: KeyEvent { action=ACTION_UP, keyCode=KEYCODE_DPAD_LEFT, scanCode=0, metaState=0, flags=0x420, repeatCount=0, eventTime=3372550, downTime=3372550, deviceId=-1, source=0x101 }
04-08 14:53:58.273  2387  2387 W ViewRootImpl: Cancelling event due to no window focus: KeyEvent { action=ACTION_UP, keyCode=KEYCODE_DPAD_LEFT, scanCode=0, metaState=0, flags=0x420, repeatCount=0, eventTime=3372550, downTime=3372550, deviceId=-1, source=0x101 }
04-08 14:53:58.700  2387  2387 W ViewRootImpl: Cancelling event due to no window focus: KeyEvent { action=ACTION_UP, keyCode=KEYCODE_DPAD_LEFT, scanCode=0, metaState=0, flags=0x420, repeatCount=0, eventTime=3372550, downTime=3372550, deviceId=-1, source=0x101 }
04-08 14:53:58.711  2387  2387 W ViewRootImpl: Cancelling event due to no window focus: KeyEvent { action=ACTION_UP, keyCode=KEYCODE_DPAD_LEFT, scanCode=0, metaState=0, flags=0x420, repeatCount=0, eventTime=3372550, downTime=3372550, deviceId=-1, source=0x101 }
04-08 14:53:58.711  2387  2387 W ViewRootImpl: Cancelling event due to no window focus: KeyEvent { action=ACTION_UP, keyCode=KEYCODE_DPAD_LEFT, scanCode=0, metaState=0, flags=0x420, repeatCount=0, eventTime=3372550, downTime=3372550, deviceId=-1, source=0x101 }
04-08 14:53:58.736  2387  2387 W ViewRootImpl: Cancelling event due to no window focus: KeyEvent { action=ACTION_UP, keyCode=KEYCODE_DPAD_LEFT, scanCode=0, metaState=0, flags=0x80000420, repeatCount=0, eventTime=3372550, downTime=3372550, deviceId=-1, source=0x101 }
04-08 14:53:58.737  2387  2387 W ViewRootImpl: Cancelling event due to no window focus: KeyEvent { action=ACTION_UP, keyCode=KEYCODE_DPAD_LEFT, scanCode=0, metaState=0, flags=0x80000420, repeatCount=0, eventTime=3372550, downTime=3372550, deviceId=-1, source=0x101 }
04-08 14:53:58.737  2387  2387 W ViewRootImpl: Cancelling event due to no window focus: KeyEvent { action=ACTION_UP, keyCode=KEYCODE_DPAD_LEFT, scanCode=0, metaState=0, flags=0x80000420, repeatCount=0, eventTime=3372550, downTime=3372550, deviceId=-1, source=0x101 }
04-08 14:53:58.738  2387  2387 W ViewRootImpl: Cancelling event due to no window focus: KeyEvent { action=ACTION_UP, keyCode=KEYCODE_DPAD_LEFT, scanCode=0, metaState=0, flags=0x420, repeatCount=0, eventTime=3372550, downTime=3372550, deviceId=-1, source=0x101 }
04-08 14:53:58.738  2387  2387 W ViewRootImpl: Cancelling event due to no window focus: KeyEvent { action=ACTION_UP, keyCode=KEYCODE_DPAD_LEFT, scanCode=0, metaState=0, flags=0x420, repeatCount=0, eventTime=3372550, downTime=3372550, deviceId=-1, source=0x101 }
04-08 14:53:58.739  2387  2387 W ViewRootImpl: Cancelling event due to no window focus: KeyEvent { action=ACTION_UP, keyCode=KEYCODE_DPAD_LEFT, scanCode=0, metaState=0, flags=0x420, repeatCount=0, eventTime=3372550, downTime=3372550, deviceId=-1, source=0x101 }
04-08 14:53:58.781  2387  2387 W ViewRootImpl: Cancelling event due to no window focus: KeyEvent { action=ACTION_UP, keyCode=KEYCODE_DPAD_LEFT, scanCode=0, metaState=0, flags=0x80000420, repeatCount=0, eventTime=3372550, downTime=3372550, deviceId=-1, source=0x101 }
04-08 14:53:58.784  2387  2387 W ViewRootImpl: Cancelling event due to no window focus: KeyEvent { action=ACTION_UP, keyCode=KEYCODE_DPAD_LEFT, scanCode=0, metaState=0, flags=0x80000420, repeatCount=0, eventTime=3372550, downTime=3372550, deviceId=-1, source=0x101 }
04-08 14:53:58.785  2387  2387 W ViewRootImpl: Cancelling event due to no window focus: KeyEvent { action=ACTION_UP, keyCode=KEYCODE_DPAD_LEFT, scanCode=0, metaState=0, flags=0x80000420, repeatCount=0, eventTime=3372550, downTime=3372550, deviceId=-1, source=0x101 }
04-08 14:53:58.823  2387  2387 W ViewRootImpl: Cancelling event due to no window focus: KeyEvent { action=ACTION_UP, keyCode=KEYCODE_DPAD_LEFT, scanCode=0, metaState=0, flags=0x420, repeatCount=0, eventTime=3372550, downTime=3372550, deviceId=-1, source=0x101 }
04-08 14:53:58.823  2387  2387 W ViewRootImpl: Cancelling event due to no window focus: KeyEvent { action=ACTION_UP, keyCode=KEYCODE_DPAD_LEFT, scanCode=0, metaState=0, flags=0x420, repeatCount=0, eventTime=3372550, downTime=3372550, deviceId=-1, source=0x101 }
04-08 14:53:58.824  2387  2387 W ViewRootImpl: Cancelling event due to no window focus: KeyEvent { action=ACTION_UP, keyCode=KEYCODE_DPAD_LEFT, scanCode=0, metaState=0, flags=0x420, repeatCount=0, eventTime=3372550, downTime=3372550, deviceId=-1, source=0x101 }
04-08 14:53:58.835  2387  2387 W ViewRootImpl: Cancelling event due to no window focus: KeyEvent { action=ACTION_UP, keyCode=KEYCODE_DPAD_LEFT, scanCode=0, metaState=0, flags=0x80000420, repeatCount=0, eventTime=3372550, downTime=3372550, deviceId=-1, source=0x101 }
04-08 14:53:58.843  2387  2387 W ViewRootImpl: Cancelling event due to no window focus: KeyEvent { action=ACTION_UP, keyCode=KEYCODE_DPAD_LEFT, scanCode=0, metaState=0, flags=0x80000420, repeatCount=0, eventTime=3372550, downTime=3372550, deviceId=-1, source=0x101 }
04-08 14:53:58.843  2387  2387 W ViewRootImpl: Cancelling event due to no window focus: KeyEvent { action=ACTION_UP, keyCode=KEYCODE_DPAD_LEFT, scanCode=0, metaState=0, flags=0x80000420, repeatCount=0, eventTime=3372550, downTime=3372550, deviceId=-1, source=0x101 }
04-08 14:53:58.847  2387  2387 W ViewRootImpl: Cancelling event due to no window focus: KeyEvent { action=ACTION_UP, keyCode=KEYCODE_DPAD_LEFT, scanCode=0, metaState=0, flags=0x420, repeatCount=0, eventTime=3372550, downTime=3372550, deviceId=-1, source=0x101 }
04-08 14:53:58.856  2387  2387 W ViewRootImpl: Cancelling event due to no window focus: KeyEvent { action=ACTION_UP, keyCode=KEYCODE_DPAD_LEFT, scanCode=0, metaState=0, flags=0x420, repeatCount=0, eventTime=3372550, downTime=3372550, deviceId=-1, source=0x101 }
04-08 14:53:58.857  2387  2387 W ViewRootImpl: Cancelling event due to no window focus: KeyEvent { action=ACTION_UP, keyCode=KEYCODE_DPAD_LEFT, scanCode=0, metaState=0, flags=0x420, repeatCount=0, eventTime=3372550, downTime=3372550, deviceId=-1, source=0x101 }
04-08 14:53:58.867  2387  2387 W ViewRootImpl: Cancelling event due to no window focus: KeyEvent { action=ACTION_UP, keyCode=KEYCODE_DPAD_LEFT, scanCode=0, metaState=0, flags=0x80000420, repeatCount=0, eventTime=3372550, downTime=3372550, deviceId=-1, source=0x101 }
04-08 14:53:58.870  2387  2387 W ViewRootImpl: Cancelling event due to no window focus: KeyEvent { action=ACTION_UP, keyCode=KEYCODE_DPAD_LEFT, scanCode=0, metaState=0, flags=0x80000420, repeatCount=0, eventTime=3372550, downTime=3372550, deviceId=-1, source=0x101 }
04-08 14:53:58.871  2387  2387 W ViewRootImpl: Cancelling event due to no window focus: KeyEvent { action=ACTION_UP, keyCode=KEYCODE_DPAD_LEFT, scanCode=0, metaState=0, flags=0x80000420, repeatCount=0, eventTime=3372550, downTime=3372550, deviceId=-1, source=0x101 }
04-08 14:54:03.338   712   904 V WindowManager: Adding window Window{fd12d8c u0 AtchDlg:com.youku.phone/com.youku.ui.activity.DetailActivity} at 11 of 18 (after Window{3ea197f3 u0 com.youku.phone/com.youku.ui.activity.DetailActivity})
04-08 14:54:03.358  2387  2387 W ViewRootImpl: Dropping event due to no window focus: KeyEvent { action=ACTION_DOWN, keyCode=KEYCODE_DPAD_LEFT, scanCode=0, metaState=0, flags=0x8, repeatCount=0, eventTime=3374319, downTime=3374319, deviceId=-1, source=0x101 }
04-08 14:54:03.949  2387  2387 W ViewRootImpl: Cancelling event due to no window focus: KeyEvent { action=ACTION_UP, keyCode=KEYCODE_DPAD_LEFT, scanCode=0, metaState=0, flags=0x28, repeatCount=0, eventTime=3378005, downTime=3378005, deviceId=-1, source=0x101 }
04-08 14:54:03.949  2387  2387 W ViewRootImpl: Cancelling event due to no window focus: KeyEvent { action=ACTION_UP, keyCode=KEYCODE_DPAD_LEFT, scanCode=0, metaState=0, flags=0x28, repeatCount=0, eventTime=3378005, downTime=3378005, deviceId=-1, source=0x101 }
04-08 14:54:03.950  2387  2387 W ViewRootImpl: Cancelling event due to no window focus: KeyEvent { action=ACTION_UP, keyCode=KEYCODE_DPAD_LEFT, scanCode=0, metaState=0, flags=0x28, repeatCount=0, eventTime=3378005, downTime=3378005, deviceId=-1, source=0x101 }
04-08 14:54:03.950  2387  2387 W ViewRootImpl: Cancelling event due to no window focus: KeyEvent { action=ACTION_UP, keyCode=KEYCODE_DPAD_LEFT, scanCode=0, metaState=0, flags=0x28, repeatCount=0, eventTime=3378005, downTime=3378005, deviceId=-1, source=0x101 }
04-08 14:54:03.951  2387  2387 W ViewRootImpl: Cancelling event due to no window focus: KeyEvent { action=ACTION_UP, keyCode=KEYCODE_DPAD_LEFT, scanCode=0, metaState=0, flags=0x28, repeatCount=0, eventTime=3378005, downTime=3378005, deviceId=-1, source=0x101 }
04-08 14:54:03.952  2387  2387 W ViewRootImpl: Cancelling event due to no window focus: KeyEvent { action=ACTION_UP, keyCode=KEYCODE_DPAD_LEFT, scanCode=0, metaState=0, flags=0x28, repeatCount=0, eventTime=3378005, downTime=3378005, deviceId=-1, source=0x101 }
04-08 14:54:03.964  2387  2387 W ViewRootImpl: Cancelling event due to no window focus: KeyEvent { action=ACTION_UP, keyCode=KEYCODE_DPAD_LEFT, scanCode=0, metaState=0, flags=0x80000028, repeatCount=0, eventTime=3378005, downTime=3378005, deviceId=-1, source=0x101 }
04-08 14:54:03.965  2387  2387 W ViewRootImpl: Cancelling event due to no window focus: KeyEvent { action=ACTION_UP, keyCode=KEYCODE_DPAD_LEFT, scanCode=0, metaState=0, flags=0x80000028, repeatCount=0, eventTime=3378005, downTime=3378005, deviceId=-1, source=0x101 }
04-08 14:54:03.966  2387  2387 W ViewRootImpl: Cancelling event due to no window focus: KeyEvent { action=ACTION_UP, keyCode=KEYCODE_DPAD_LEFT, scanCode=0, metaState=0, flags=0x80000028, repeatCount=0, eventTime=3378005, downTime=3378005, deviceId=-1, source=0x101 }
04-08 14:54:04.830   712   777 W ActivityManager: Launch timeout has expired, giving up wake lock!
04-08 14:54:06.036   712 22160 W InputMethodManagerService: Window already focused, ignoring focus gain of: com.android.internal.view.IInputMethodClient$Stub$Proxy@105dd151 attribute=null, token = android.os.BinderProxy@14faa62
04-08 14:54:06.920   712 22159 I ActivityManager: START u0 {act=android.intent.action.VIEW dat=youku://userChannel pkg=com.youku.phone cmp=com.youku.phone/com.youku.userchannel.ShowUserChannel (has extras)} from uid 10054 on display 0
04-08 14:54:06.936   712 22159 V WindowManager: addAppToken: AppWindowToken{139da224 token=Token{1183aab7 ActivityRecord{35efdb6 u0 com.youku.phone/com.youku.userchannel.ShowUserChannel t3}}} to stack=1 task=3 at 7
04-08 14:54:07.445   712   777 W ActivityManager: Activity pause timeout for ActivityRecord{3d7f0650 u0 com.youku.phone/com.youku.ui.activity.DetailActivity t3}
04-08 14:54:08.378   712 22159 W ActivityManager: getTasks: caller 10054 does not hold GET_TASKS; limiting output
04-08 14:54:09.465   712  1199 V WindowManager: Adding window Window{15d53f42 u0 com.youku.phone/com.youku.userchannel.ShowUserChannel} at 11 of 17 (after Window{3ea197f3 u0 com.youku.phone/com.youku.ui.activity.DetailActivity})
04-08 14:54:09.778  2387  2387 W ViewRootImpl: Dropping event due to no window focus: KeyEvent { action=ACTION_DOWN, keyCode=KEYCODE_DPAD_DOWN, scanCode=0, metaState=0, flags=0x8, repeatCount=0, eventTime=3382110, downTime=3382110, deviceId=-1, source=0x101 }
04-08 14:54:09.786  2387  2387 W ViewRootImpl: Cancelling event due to no window focus: KeyEvent { action=ACTION_UP, keyCode=KEYCODE_DPAD_DOWN, scanCode=0, metaState=0, flags=0x28, repeatCount=0, eventTime=3384313, downTime=3384313, deviceId=-1, source=0x101 }
04-08 14:54:09.786  2387  2387 W ViewRootImpl: Cancelling event due to no window focus: KeyEvent { action=ACTION_UP, keyCode=KEYCODE_DPAD_DOWN, scanCode=0, metaState=0, flags=0x28, repeatCount=0, eventTime=3384313, downTime=3384313, deviceId=-1, source=0x101 }
04-08 14:54:09.792  2387  2387 W ViewRootImpl: Cancelling event due to no window focus: KeyEvent { action=ACTION_UP, keyCode=KEYCODE_DPAD_DOWN, scanCode=0, metaState=0, flags=0x28, repeatCount=0, eventTime=3384313, downTime=3384313, deviceId=-1, source=0x101 }
04-08 14:54:09.795  2387  2387 W ViewRootImpl: Cancelling event due to no window focus: KeyEvent { action=ACTION_UP, keyCode=KEYCODE_DPAD_DOWN, scanCode=0, metaState=0, flags=0x28, repeatCount=0, eventTime=3384313, downTime=3384313, deviceId=-1, source=0x101 }
04-08 14:54:09.799  2387  2387 W ViewRootImpl: Cancelling event due to no window focus: KeyEvent { action=ACTION_UP, keyCode=KEYCODE_DPAD_DOWN, scanCode=0, metaState=0, flags=0x28, repeatCount=0, eventTime=3384313, downTime=3384313, deviceId=-1, source=0x101 }
04-08 14:54:09.827  2387  2387 W ViewRootImpl: Cancelling event due to no window focus: KeyEvent { action=ACTION_UP, keyCode=KEYCODE_DPAD_DOWN, scanCode=0, metaState=0, flags=0x28, repeatCount=0, eventTime=3384313, downTime=3384313, deviceId=-1, source=0x101 }
04-08 14:54:09.841  2387  2387 W ViewRootImpl: Cancelling event due to no window focus: KeyEvent { action=ACTION_UP, keyCode=KEYCODE_DPAD_DOWN, scanCode=0, metaState=0, flags=0x80000028, repeatCount=0, eventTime=3384313, downTime=3384313, deviceId=-1, source=0x101 }
04-08 14:54:09.841  2387  2387 W ViewRootImpl: Cancelling event due to no window focus: KeyEvent { action=ACTION_UP, keyCode=KEYCODE_DPAD_DOWN, scanCode=0, metaState=0, flags=0x80000028, repeatCount=0, eventTime=3384313, downTime=3384313, deviceId=-1, source=0x101 }
04-08 14:54:09.845  2387  2387 W ViewRootImpl: Cancelling event due to no window focus: KeyEvent { action=ACTION_UP, keyCode=KEYCODE_DPAD_DOWN, scanCode=0, metaState=0, flags=0x80000028, repeatCount=0, eventTime=3384313, downTime=3384313, deviceId=-1, source=0x101 }
04-08 14:54:09.978   712 22160 W ActivityManager: getTasks: caller 10054 does not hold GET_TASKS; limiting output
04-08 14:54:16.942   712   777 W ActivityManager: Launch timeout has expired, giving up wake lock!
04-08 14:54:46.058   712  1199 I ActivityManager: START u0 {cmp=com.youku.phone/com.youku.ui.activity.DetailActivity (has extras)} from uid 10054 on display 0
04-08 14:54:46.077   712  1199 V WindowManager: addAppToken: AppWindowToken{223ffcf2 token=Token{3ca97fd ActivityRecord{bfdc54 u0 com.youku.phone/com.youku.ui.activity.DetailActivity t3}}} to stack=1 task=3 at 7
04-08 14:54:50.844   712 17111 W ProcessCpuTracker: Skipping unknown process pid 26667
04-08 14:54:51.597   712   806 I WindowManager: Input event dispatching timed out sending to application AppWindowToken{223ffcf2 token=Token{3ca97fd ActivityRecord{bfdc54 u0 com.youku.phone/com.youku.ui.activity.DetailActivity t3}}}.  Reason: Waiting because no window has focus but there is a focused application that may eventually add a window when it finishes starting up.
04-08 14:54:51.898   712  1262 W InputManager: Input event injection from pid 2366 timed out.
04-08 14:54:52.839   712   777 I ActivityManager: Skipping duplicate ANR: ProcessRecord{37f86969 2387:com.youku.phone/u0a54} Input dispatching timed out (Waiting because no window has focus but there is a focused application that may eventually add a window when it finishes starting up.)
04-08 14:54:56.080   712   777 W ActivityManager: Launch timeout has expired, giving up wake lock!
04-08 14:54:56.938   712   806 I WindowManager: Input event dispatching timed out sending to application AppWindowToken{223ffcf2 token=Token{3ca97fd ActivityRecord{bfdc54 u0 com.youku.phone/com.youku.ui.activity.DetailActivity t3}}}.  Reason: Waiting because no window has focus but there is a focused application that may eventually add a window when it finishes starting up.
04-08 14:54:56.991   712   777 W ActivityManager: Activity destroy timeout for ActivityRecord{3d7f0650 u0 com.youku.phone/com.youku.ui.activity.DetailActivity t3 f}
04-08 14:54:57.220   712  1269 W InputManager: Input event injection from pid 2366 timed out.
04-08 14:54:57.286   712   777 I ActivityManager: Skipping duplicate ANR: ProcessRecord{37f86969 2387:com.youku.phone/u0a54} Input dispatching timed out (Waiting because no window has focus but there is a focused application that may eventually add a window when it finishes starting up.)
04-08 14:55:03.231   712   806 I WindowManager: Input event dispatching timed out sending to application AppWindowToken{223ffcf2 token=Token{3ca97fd ActivityRecord{bfdc54 u0 com.youku.phone/com.youku.ui.activity.DetailActivity t3}}}.  Reason: Waiting because no window has focus but there is a focused application that may eventually add a window when it finishes starting up.
04-08 14:55:03.409   712  1269 W InputManager: Input event injection from pid 2366 timed out.
04-08 14:55:03.439   712   777 I ActivityManager: Skipping duplicate ANR: ProcessRecord{37f86969 2387:com.youku.phone/u0a54} Input dispatching timed out (Waiting because no window has focus but there is a focused application that may eventually add a window when it finishes starting up.)
04-08 14:55:06.720   712  1154 V WindowManager: Adding window Window{250201ab u0 com.youku.phone/com.youku.ui.activity.DetailActivity} at 9 of 15 (after Window{15d53f42 u0 com.youku.phone/com.youku.userchannel.ShowUserChannel})
04-08 14:55:07.472   712  1199 V WindowManager: Adding window Window{772fb23 u0 SurfaceView} at 9 of 16 (before Window{250201ab u0 com.youku.phone/com.youku.ui.activity.DetailActivity})
04-08 14:55:07.509  2387  2387 W ViewRootImpl: Cancelling event due to no window focus: KeyEvent { action=ACTION_UP, keyCode=KEYCODE_DPAD_CENTER, scanCode=0, metaState=0, flags=0x80000028, repeatCount=0, eventTime=3438030, downTime=3438030, deviceId=-1, source=0x101 }
04-08 14:55:07.523  2387  2387 W ViewRootImpl: Cancelling event due to no window focus: KeyEvent { action=ACTION_UP, keyCode=KEYCODE_DPAD_CENTER, scanCode=0, metaState=0, flags=0x80000028, repeatCount=0, eventTime=3438030, downTime=3438030, deviceId=-1, source=0x101 }
04-08 14:55:07.524  2387  2387 W ViewRootImpl: Cancelling event due to no window focus: KeyEvent { action=ACTION_UP, keyCode=KEYCODE_DPAD_CENTER, scanCode=0, metaState=0, flags=0x80000028, repeatCount=0, eventTime=3438030, downTime=3438030, deviceId=-1, source=0x101 }
04-08 14:55:07.524  2387  2387 W ViewRootImpl: Cancelling event due to no window focus: KeyEvent { action=ACTION_UP, keyCode=KEYCODE_DPAD_CENTER, scanCode=0, metaState=0, flags=0x80000028, repeatCount=0, eventTime=3438030, downTime=3438030, deviceId=-1, source=0x101 }
04-08 14:55:07.529  2387  2387 W ViewRootImpl: Cancelling event due to no window focus: KeyEvent { action=ACTION_UP, keyCode=KEYCODE_DPAD_CENTER, scanCode=0, metaState=0, flags=0x80000028, repeatCount=0, eventTime=3438030, downTime=3438030, deviceId=-1, source=0x101 }
04-08 14:55:07.532  2387  2387 W ViewRootImpl: Cancelling event due to no window focus: KeyEvent { action=ACTION_UP, keyCode=KEYCODE_DPAD_CENTER, scanCode=0, metaState=0, flags=0x80000028, repeatCount=0, eventTime=3438030, downTime=3438030, deviceId=-1, source=0x101 }
04-08 14:55:07.538  2387  2387 W ViewRootImpl: Cancelling event due to no window focus: KeyEvent { action=ACTION_UP, keyCode=KEYCODE_DPAD_CENTER, scanCode=0, metaState=0, flags=0x80000028, repeatCount=0, eventTime=3438030, downTime=3438030, deviceId=-1, source=0x101 }
04-08 14:55:07.538  2387  2387 W ViewRootImpl: Cancelling event due to no window focus: KeyEvent { action=ACTION_UP, keyCode=KEYCODE_DPAD_CENTER, scanCode=0, metaState=0, flags=0x80000028, repeatCount=0, eventTime=3438030, downTime=3438030, deviceId=-1, source=0x101 }
04-08 14:55:07.539  2387  2387 W ViewRootImpl: Cancelling event due to no window focus: KeyEvent { action=ACTION_UP, keyCode=KEYCODE_DPAD_CENTER, scanCode=0, metaState=0, flags=0x80000028, repeatCount=0, eventTime=3438030, downTime=3438030, deviceId=-1, source=0x101 }
04-08 14:55:07.614   712 22159 W WindowManager: Failed looking up window
04-08 14:55:07.614   712 22159 W WindowManager: java.lang.IllegalArgumentException: Requested window android.os.BinderProxy@36b40261 does not exist
04-08 14:55:07.614   712 22159 W WindowManager: 	at com.android.server.wm.WindowManagerService.windowForClientLocked(WindowManagerService.java:8539)
04-08 14:55:07.614   712 22159 W WindowManager: 	at com.android.server.wm.WindowManagerService.windowForClientLocked(WindowManagerService.java:8530)
04-08 14:55:07.614   712 22159 W WindowManager: 	at com.android.server.wm.WindowManagerService.removeWindow(WindowManagerService.java:2593)
04-08 14:55:07.614   712 22159 W WindowManager: 	at com.android.server.wm.Session.remove(Session.java:187)
04-08 14:55:07.614   712 22159 W WindowManager: 	at android.view.IWindowSession$Stub.onTransact(IWindowSession.java:233)
04-08 14:55:07.614   712 22159 W WindowManager: 	at com.android.server.wm.Session.onTransact(Session.java:130)
04-08 14:55:07.614   712 22159 W WindowManager: 	at android.os.Binder.execTransact(Binder.java:446)
04-08 14:55:07.767   712   904 W WindowManager: Failed looking up window
04-08 14:55:07.767   712   904 W WindowManager: java.lang.IllegalArgumentException: Requested window android.os.BinderProxy@14faa62 does not exist
04-08 14:55:07.767   712   904 W WindowManager: 	at com.android.server.wm.WindowManagerService.windowForClientLocked(WindowManagerService.java:8539)
04-08 14:55:07.767   712   904 W WindowManager: 	at com.android.server.wm.WindowManagerService.windowForClientLocked(WindowManagerService.java:8530)
04-08 14:55:07.767   712   904 W WindowManager: 	at com.android.server.wm.WindowManagerService.removeWindow(WindowManagerService.java:2593)
04-08 14:55:07.767   712   904 W WindowManager: 	at com.android.server.wm.Session.remove(Session.java:187)
04-08 14:55:07.767   712   904 W WindowManager: 	at android.view.IWindowSession$Stub.onTransact(IWindowSession.java:233)
04-08 14:55:07.767   712   904 W WindowManager: 	at com.android.server.wm.Session.onTransact(Session.java:130)
04-08 14:55:07.767   712   904 W WindowManager: 	at android.os.Binder.execTransact(Binder.java:446)
04-08 14:55:10.600   712   904 W ProcessCpuTracker: Skipping unknown process pid 31534
04-08 14:55:10.606   712   904 W ProcessCpuTracker: Skipping unknown process pid 31536
04-08 14:55:13.671   712  1154 V WindowManager: Adding window Window{3cb5464c u0 AtchDlg:com.youku.phone/com.youku.ui.activity.DetailActivity} at 11 of 17 (after Window{250201ab u0 com.youku.phone/com.youku.ui.activity.DetailActivity})
04-08 14:55:15.428   712  1199 W InputMethodManagerService: Window already focused, ignoring focus gain of: com.android.internal.view.IInputMethodClient$Stub$Proxy@1a167b38 attribute=null, token = android.os.BinderProxy@1c5d47fa
04-08 14:55:17.525   712  1262 I ActivityManager: START u0 {act=com.youku.action.YoukuWebview cmp=com.youku.phone/com.youku.ui.activity.WebViewActivity (has extras)} from uid 10054 on display 0
04-08 14:55:17.541   712  1262 V WindowManager: addAppToken: AppWindowToken{5be6677 token=Token{36a45076 ActivityRecord{3a6db711 u0 com.youku.phone/com.youku.ui.activity.WebViewActivity t3}}} to stack=1 task=3 at 7
04-08 14:55:18.740   712 13229 W ActivityManager: getTasks: caller 10054 does not hold GET_TASKS; limiting output
04-08 14:55:18.782   712   729 V WindowManager: Adding window Window{13a5ad6f u0 com.youku.phone/com.youku.ui.activity.WebViewActivity} at 11 of 17 (after Window{250201ab u0 com.youku.phone/com.youku.ui.activity.DetailActivity})
04-08 14:55:18.929  2387  2387 W ViewRootImpl: Dropping event due to no window focus: KeyEvent { action=ACTION_DOWN, keyCode=KEYCODE_MENU, scanCode=0, metaState=0, flags=0x8, repeatCount=0, eventTime=3452560, downTime=3452560, deviceId=-1, source=0x101 }
04-08 14:55:18.930  2387  2387 W ViewRootImpl: Cancelling event due to no window focus: KeyEvent { action=ACTION_UP, keyCode=KEYCODE_MENU, scanCode=0, metaState=0, flags=0x28, repeatCount=0, eventTime=3453492, downTime=3453492, deviceId=-1, source=0x101 }
04-08 14:55:18.931  2387  2387 W ViewRootImpl: Cancelling event due to no window focus: KeyEvent { action=ACTION_UP, keyCode=KEYCODE_MENU, scanCode=0, metaState=0, flags=0x28, repeatCount=0, eventTime=3453492, downTime=3453492, deviceId=-1, source=0x101 }
04-08 14:55:18.931  2387  2387 W ViewRootImpl: Cancelling event due to no window focus: KeyEvent { action=ACTION_UP, keyCode=KEYCODE_MENU, scanCode=0, metaState=0, flags=0x28, repeatCount=0, eventTime=3453492, downTime=3453492, deviceId=-1, source=0x101 }
04-08 14:55:18.934  2387  2387 W ViewRootImpl: Cancelling event due to no window focus: KeyEvent { action=ACTION_UP, keyCode=KEYCODE_MENU, scanCode=0, metaState=0, flags=0x28, repeatCount=0, eventTime=3453492, downTime=3453492, deviceId=-1, source=0x101 }
04-08 14:55:18.936  2387  2387 W ViewRootImpl: Cancelling event due to no window focus: KeyEvent { action=ACTION_UP, keyCode=KEYCODE_MENU, scanCode=0, metaState=0, flags=0x28, repeatCount=0, eventTime=3453492, downTime=3453492, deviceId=-1, source=0x101 }
04-08 14:55:18.936  2387  2387 W ViewRootImpl: Cancelling event due to no window focus: KeyEvent { action=ACTION_UP, keyCode=KEYCODE_MENU, scanCode=0, metaState=0, flags=0x28, repeatCount=0, eventTime=3453492, downTime=3453492, deviceId=-1, source=0x101 }
04-08 14:55:20.837   712   729 W ProcessCpuTracker: Skipping unknown process pid 1103
04-08 14:55:34.729   712   904 V WindowManager: not Base app: Adding window Window{3ffdd680 u0 com.youku.phone/com.youku.ui.activity.WebViewActivity} at 12 of 18
04-08 14:55:35.722   712 13229 W InputManager: Input event injection from pid 2366 failed.
04-08 14:55:43.370   712 22159 I ActivityManager: START u0 {act=android.intent.action.MAIN cat=[android.intent.category.LAUNCHER] flg=0x10200000 cmp=com.youku.phone/.ActivityWelcome} from uid 0 on display 0
04-08 14:55:50.591   712  1269 W ProcessCpuTracker: Skipping unknown process pid 8884
04-08 14:56:10.873   712  1269 W ProcessCpuTracker: Skipping unknown process pid 13310
04-08 14:56:10.944   712  1269 W ProcessCpuTracker: Skipping unknown process pid 13312
04-08 14:56:10.948   712  1269 W ProcessCpuTracker: Skipping unknown process pid 13314
04-08 14:56:20.092   712   904 W ActivityManager: getTasks: caller 10054 does not hold GET_TASKS; limiting output
04-08 14:56:24.488  2387  2387 W ViewRootImpl: Dropping event due to no window focus: KeyEvent { action=ACTION_DOWN, keyCode=KEYCODE_DPAD_LEFT, scanCode=0, metaState=0, flags=0x8, repeatCount=0, eventTime=3515738, downTime=3515738, deviceId=-1, source=0x101 }
04-08 14:56:24.495  2387  2387 W ViewRootImpl: Cancelling event due to no window focus: KeyEvent { action=ACTION_UP, keyCode=KEYCODE_DPAD_LEFT, scanCode=0, metaState=0, flags=0x28, repeatCount=0, eventTime=3517467, downTime=3517467, deviceId=-1, source=0x101 }
04-08 14:56:24.496  2387  2387 W ViewRootImpl: Cancelling event due to no window focus: KeyEvent { action=ACTION_UP, keyCode=KEYCODE_DPAD_LEFT, scanCode=0, metaState=0, flags=0x28, repeatCount=0, eventTime=3517467, downTime=3517467, deviceId=-1, source=0x101 }
04-08 14:56:24.519  2387  2387 W ViewRootImpl: Cancelling event due to no window focus: KeyEvent { action=ACTION_UP, keyCode=KEYCODE_DPAD_LEFT, scanCode=0, metaState=0, flags=0x28, repeatCount=0, eventTime=3517467, downTime=3517467, deviceId=-1, source=0x101 }
04-08 14:56:24.520  2387  2387 W ViewRootImpl: Cancelling event due to no window focus: KeyEvent { action=ACTION_UP, keyCode=KEYCODE_DPAD_LEFT, scanCode=0, metaState=0, flags=0x28, repeatCount=0, eventTime=3517467, downTime=3517467, deviceId=-1, source=0x101 }
04-08 14:56:24.521  2387  2387 W ViewRootImpl: Cancelling event due to no window focus: KeyEvent { action=ACTION_UP, keyCode=KEYCODE_DPAD_LEFT, scanCode=0, metaState=0, flags=0x28, repeatCount=0, eventTime=3517467, downTime=3517467, deviceId=-1, source=0x101 }
04-08 14:56:24.522  2387  2387 W ViewRootImpl: Cancelling event due to no window focus: KeyEvent { action=ACTION_UP, keyCode=KEYCODE_DPAD_LEFT, scanCode=0, metaState=0, flags=0x28, repeatCount=0, eventTime=3517467, downTime=3517467, deviceId=-1, source=0x101 }
04-08 14:56:24.562  2387  2387 W ViewRootImpl: Cancelling event due to no window focus: KeyEvent { action=ACTION_UP, keyCode=KEYCODE_DPAD_LEFT, scanCode=0, metaState=0, flags=0x80000028, repeatCount=0, eventTime=3517467, downTime=3517467, deviceId=-1, source=0x101 }
