08-04 04:43:19.731   192  1462 E RILC    : Send Response to RIL_SOCKET_1
08-04 04:43:19.732  1120  1287 D RILJ    : [3721]< REQUEST_SET_PREFERRED_NETWORK_TYPE  [SUB0]
08-04 04:43:19.734  1120  1120 D SubscriptionController: [setCarrierText]+ text:No service. subId:1
08-04 04:43:19.765  1120  1120 D SubscriptionController: notifySubscriptionInfoChanged:
08-04 04:43:19.769   712   712 D TelephonyManager: getSimOperatorNumeric(): default subId=1
08-04 04:43:19.771   712   712 D TelephonyManager: getTelephonyProperty: return propVal='46001' phoneId=0 property='gsm.sim.operator.numeric' defaultVal='' prop=46001
08-04 04:43:19.787  1120  1120 D DctController: onSubInfoReady mPhoneNum=1
08-04 04:43:19.787  1120  1120 D DctController: onSubInfoReady handle pending requests subId=1
08-04 04:43:19.788  1120  1120 D DctController: [TNF 1]evalPendingRequest, pending request size is 1
08-04 04:43:19.789  1120  1120 D DctController: [TNF 1]evalPendingRequest: request = NetworkRequest [ id=1, legacyType=-1, [ Capabilities: INTERNET&NOT_RESTRICTED&TRUSTED&NOT_VPN] ]
08-04 04:43:19.791  1120  1120 D DctController: [TNF 1]Cellular needs Network for NetworkRequest [ id=1, legacyType=-1, [ Capabilities: INTERNET&NOT_RESTRICTED&TRUSTED&NOT_VPN] ]
08-04 04:43:19.793  1120  1120 D DctController: requestNetwork request=NetworkRequest [ id=1, legacyType=-1, [ Capabilities: INTERNET&NOT_RESTRICTED&TRUSTED&NOT_VPN] ], priority=0
08-04 04:43:19.793  1120  1120 D DctController: processRequests
08-04 04:43:19.793  1120  1120 D DctController: processRequests
08-04 04:43:19.795  1120  1120 D SubscriptionController: [getActiveSubInfoList]+
08-04 04:43:19.799  1120  1120 D SubscriptionController: selection:sim_id>=0 null
08-04 04:43:19.819  1120  1120 D TelephonyManager: getTelephonyProperty: return propVal='cn' phoneId=0 property='gsm.sim.operator.iso-country' defaultVal='' prop=cn
08-04 04:43:19.820  1120  1120 D SubscriptionController: [getSubInfoRecord] id:1 iccid:89860115921101579076 simSlotIndex:0 displayName:CARD 1 nameSource:0 iconTint:-16746133 dataRoaming:0 mcc:460 mnc:1 countIso:cn
08-04 04:43:19.822  1120  1120 D PhoneFactory: getPhone:- phoneId != DEFAULT_PHONE_ID return sProxyPhones[phoneId] phoneId=0 phone=Handler (com.android.internal.telephony.PhoneProxy) {5e7ec3c}
08-04 04:43:19.827  1120  1120 D SubscriptionController: [getActiveSubInfoList]- 1 infos return
08-04 04:43:19.838  1120  1120 E PhoneBase: Error! unregisterForCallWaiting() in PhoneBase should not be called, CDMAPhone inactive.
08-04 04:43:19.840  1120  1120 D PhoneFactory: getPhone:- phoneId != DEFAULT_PHONE_ID return sProxyPhones[phoneId] phoneId=0 phone=Handler (com.android.internal.telephony.PhoneProxy) {5e7ec3c}
08-04 04:43:19.843  1120  1120 D TelephonyManager: getTelephonyProperty: return propVal='null' phoneId=0 property='gsm.operator.alpha' defaultVal='' prop=
08-04 04:43:19.898  1120  1120 E PhoneBase: Error! registerForCallWaiting() in PhoneBase should not be called, CDMAPhone inactive.
08-04 04:43:19.954  1120  1120 D DCT     : [0]SubscriptionListener.onSubscriptionInfoChanged
08-04 04:43:19.956  1120  1120 D RILJ    : [3722]> OPERATOR [SUB0]
08-04 04:43:19.957   192  1463 D RILC    : RequestComplete, RIL_SOCKET_1
08-04 04:43:19.957   192  1463 E RILC    : Send Response to RIL_SOCKET_1
08-04 04:43:19.958  1120  1120 D RILJ    : [3723]> DATA_REGISTRATION_STATE [SUB0]
08-04 04:43:19.958  1120  1287 D RILJ    : [3722]< OPERATOR {null, null, null} [SUB0]
08-04 04:43:19.960  1120  1120 D RILJ    : [3724]> VOICE_REGISTRATION_STATE [SUB0]
08-04 04:43:19.961   192  1464 D RILC    : RequestComplete, RIL_SOCKET_1
08-04 04:43:19.961   192  1464 E RILC    : Send Response to RIL_SOCKET_1
08-04 04:43:19.961  1120  1287 D RILJ    : [3723]< DATA_REGISTRATION_STATE {3, null, null, null, 15, 20, null, null, null, null, null} [SUB0]
08-04 04:43:19.961  1120  1120 D RILJ    : [3725]> QUERY_NETWORK_SELECTION_MODE [SUB0]
08-04 04:43:19.962   192  1465 I RILQ    : (0/192):RIL[0][cmd-20(64)] qcril_qmi_nas_update_data_rte: completed, new drte 0 with confidence 4
08-04 04:43:19.964   192  1465 D RILC    : RequestComplete, RIL_SOCKET_1
08-04 04:43:19.964   192  1465 E RILC    : Send Response to RIL_SOCKET_1
08-04 04:43:19.964  1120  1120 D RILJ    : [3726]> OPERATOR [SUB0]
08-04 04:43:19.965  1120  1287 D RILJ    : [3724]< VOICE_REGISTRATION_STATE {2, null, null, 0, null, null, null, 0, null, null, null, null, null, 0, null} [SUB0]
08-04 04:43:19.966   192  1466 D RILC    : RequestComplete, RIL_SOCKET_1
08-04 04:43:19.966   192  1466 E RILC    : Send Response to RIL_SOCKET_1
08-04 04:43:19.966  1120  1287 D RILJ    : [3725]< QUERY_NETWORK_SELECTION_MODE {0} [SUB0]
08-04 04:43:19.967   192  1467 D RILC    : RequestComplete, RIL_SOCKET_1
08-04 04:43:19.967   192  1467 E RILC    : Send Response to RIL_SOCKET_1
08-04 04:43:19.968  1120  1287 D RILJ    : [3726]< OPERATOR {null, null, null} [SUB0]
08-04 04:43:19.968  1120  1120 D RILJ    : [3727]> DATA_REGISTRATION_STATE [SUB0]
08-04 04:43:19.971  1120  1120 D RILJ    : [3728]> VOICE_REGISTRATION_STATE [SUB0]
08-04 04:43:19.972  1120  1120 D RILJ    : [3729]> QUERY_NETWORK_SELECTION_MODE [SUB0]
08-04 04:43:19.972   192  1468 D RILC    : RequestComplete, RIL_SOCKET_1
08-04 04:43:19.972   192  1468 E RILC    : Send Response to RIL_SOCKET_1
08-04 04:43:19.973  1120  1287 D RILJ    : [3727]< DATA_REGISTRATION_STATE {3, null, null, null, 15, 20, null, 446, -1, null, null} [SUB0]
08-04 04:43:19.974   192  1470 D RILC    : RequestComplete, RIL_SOCKET_1
08-04 04:43:19.974  1120  1120 D RILJ    : [3730]> OPERATOR [SUB0]
08-04 04:43:19.974   192  1470 E RILC    : Send Response to RIL_SOCKET_1
08-04 04:43:19.975   192  1469 I RILQ    : (0/192):RIL[0][cmd-20(64)] qcril_qmi_nas_update_data_rte: completed, new drte 0 with confidence 4
08-04 04:43:19.976  1120  1120 D RILJ    : [3731]> DATA_REGISTRATION_STATE [SUB0]
08-04 04:43:19.976  1120  1287 D RILJ    : [3729]< QUERY_NETWORK_SELECTION_MODE {0} [SUB0]
08-04 04:43:19.977   192  1469 D RILC    : RequestComplete, RIL_SOCKET_1
08-04 04:43:19.977   192  1469 E RILC    : Send Response to RIL_SOCKET_1
08-04 04:43:19.978  1120  1120 D RILJ    : [3732]> VOICE_REGISTRATION_STATE [SUB0]
08-04 04:43:19.979   192  1472 D RILC    : RequestComplete, RIL_SOCKET_1
08-04 04:43:19.979   192  1472 E RILC    : Send Response to RIL_SOCKET_1
08-04 04:43:19.982  1120  1287 D RILJ    : [3728]< VOICE_REGISTRATION_STATE {2, null, null, 0, null, null, null, 0, null, null, null, null, null, 0, null} [SUB0]
08-04 04:43:19.982   192  1471 D RILC    : RequestComplete, RIL_SOCKET_1
08-04 04:43:19.982   192  1471 E RILC    : Send Response to RIL_SOCKET_1
08-04 04:43:19.983  1120  1120 D RILJ    : [3733]> QUERY_NETWORK_SELECTION_MODE [SUB0]
08-04 04:43:19.983  1120  1287 D RILJ    : [3731]< DATA_REGISTRATION_STATE {3, null, null, null, 15, 20, null, 446, -1, null, null} [SUB0]
08-04 04:43:19.984  1120  1120 D GsmSST  : [GsmSST] SubscriptionListener.onSubscriptionInfoChanged
08-04 04:43:19.984  1120  1120 D DCT     : [0]SubscriptionListener.onSubscriptionInfoChanged
08-04 04:43:19.984  1120  1287 D RILJ    : [3730]< OPERATOR {null, null, null} [SUB0]
08-04 04:43:19.984   192  1474 D RILC    : RequestComplete, RIL_SOCKET_1
08-04 04:43:19.984   192  1474 E RILC    : Send Response to RIL_SOCKET_1
08-04 04:43:19.985   192  1473 I RILQ    : (0/192):RIL[0][cmd-20(344)] qcril_qmi_nas_update_data_rte: completed, new drte 0 with confidence 4
08-04 04:43:19.986  1120  1287 D RILJ    : [3733]< QUERY_NETWORK_SELECTION_MODE {0} [SUB0]
08-04 04:43:19.987  1120  1120 D DctController: onSubInfoReady mPhoneNum=1
08-04 04:43:19.987  1120  1120 D DctController: onSubInfoReady handle pending requests subId=1
08-04 04:43:19.988  1120  1120 D DctController: [TNF 1]evalPendingRequest, pending request size is 0
08-04 04:43:19.988  1120  1120 D DctController: processRequests
08-04 04:43:19.988  1120  1120 D SubscriptionController: [getActiveSubInfoList]+
08-04 04:43:19.991  1120  1120 D SubscriptionController: selection:sim_id>=0 null
08-04 04:43:19.992   192  1473 D RILC    : RequestComplete, RIL_SOCKET_1
08-04 04:43:19.993   192  1473 E RILC    : Send Response to RIL_SOCKET_1
08-04 04:43:19.993  1120  1287 D RILJ    : [3732]< VOICE_REGISTRATION_STATE {2, null, null, 0, null, null, null, 0, null, null, null, null, null, 0, null} [SUB0]
08-04 04:43:20.003  1120  1120 D TelephonyManager: getTelephonyProperty: return propVal='cn' phoneId=0 property='gsm.sim.operator.iso-country' defaultVal='' prop=cn
08-04 04:43:20.003  1120  1120 D SubscriptionController: [getSubInfoRecord] id:1 iccid:89860115921101579076 simSlotIndex:0 displayName:CARD 1 nameSource:0 iconTint:-16746133 dataRoaming:0 mcc:460 mnc:1 countIso:cn
08-04 04:43:20.004  1120  1120 D PhoneFactory: getPhone:- phoneId != DEFAULT_PHONE_ID return sProxyPhones[phoneId] phoneId=0 phone=Handler (com.android.internal.telephony.PhoneProxy) {5e7ec3c}
08-04 04:43:20.007  1120  1120 D SubscriptionController: [getActiveSubInfoList]- 1 infos return
08-04 04:43:20.011  1120  1120 E PhoneBase: Error! unregisterForCallWaiting() in PhoneBase should not be called, CDMAPhone inactive.
08-04 04:43:20.014  1120  1120 D PhoneFactory: getPhone:- phoneId != DEFAULT_PHONE_ID return sProxyPhones[phoneId] phoneId=0 phone=Handler (com.android.internal.telephony.PhoneProxy) {5e7ec3c}
08-04 04:43:20.018  1120  1120 D TelephonyManager: getTelephonyProperty: return propVal='null' phoneId=0 property='gsm.operator.alpha' defaultVal='' prop=
08-04 04:43:20.076  1120  1120 E PhoneBase: Error! registerForCallWaiting() in PhoneBase should not be called, CDMAPhone inactive.
08-04 04:43:20.080  1120  1120 D SubscriptionInfoUpdater: [Receiver]+
08-04 04:43:20.080  1120  1120 D SubscriptionInfoUpdater: Action: android.intent.action.SIM_STATE_CHANGED
08-04 04:43:20.081  1120  1120 D SubscriptionInfoUpdater: slotId: 0
08-04 04:43:20.081  1120  1120 D SubscriptionInfoUpdater: simStatus: LOADED
08-04 04:43:20.081  1120  1120 D SubscriptionInfoUpdater: Ignoring simStatus: LOADED
08-04 04:43:20.081  1120  1120 D SubscriptionInfoUpdater: [Receiver]-
08-04 04:43:20.082  1120  1120 D PhoneFactory: getPhone:- phoneId != DEFAULT_PHONE_ID return sProxyPhones[phoneId] phoneId=0 phone=Handler (com.android.internal.telephony.PhoneProxy) {5e7ec3c}
08-04 04:43:20.082  1120  1120 D DCT     : [0]getDataOnRoamingEnabled: phoneSubId=1 isDataRoamingEnabled=true
08-04 04:43:20.083  1120  1120 D PhoneFactory: getPhone:- phoneId != DEFAULT_PHONE_ID return sProxyPhones[phoneId] phoneId=0 phone=Handler (com.android.internal.telephony.PhoneProxy) {5e7ec3c}
08-04 04:43:20.084  1120  1120 D DCT     : [0]getDataOnRoamingEnabled: phoneSubId=1 isDataRoamingEnabled=true
08-04 04:43:20.085  1120  1120 D PhoneFactory: getPhone:- phoneId != DEFAULT_PHONE_ID return sProxyPhones[phoneId] phoneId=0 phone=Handler (com.android.internal.telephony.PhoneProxy) {5e7ec3c}
08-04 04:43:20.085  1120  1120 D DCT     : [0]getDataOnRoamingEnabled: phoneSubId=1 isDataRoamingEnabled=true
08-04 04:43:20.086  1120  1120 D PhoneFactory: getPhone:- phoneId != DEFAULT_PHONE_ID return sProxyPhones[phoneId] phoneId=0 phone=Handler (com.android.internal.telephony.PhoneProxy) {5e7ec3c}
08-04 04:43:20.087  1120  1120 D DCT     : [0]getDataOnRoamingEnabled: phoneSubId=1 isDataRoamingEnabled=true
08-04 04:43:20.087  1120  1120 D PhoneFactory: getPhone:- phoneId != DEFAULT_PHONE_ID return sProxyPhones[phoneId] phoneId=0 phone=Handler (com.android.internal.telephony.PhoneProxy) {5e7ec3c}
08-04 04:43:20.088  1120  1120 D DCT     : [0]getDataOnRoamingEnabled: phoneSubId=1 isDataRoamingEnabled=true
08-04 04:43:20.089  1120  1120 D PhoneFactory: getPhone:- phoneId != DEFAULT_PHONE_ID return sProxyPhones[phoneId] phoneId=0 phone=Handler (com.android.internal.telephony.PhoneProxy) {5e7ec3c}
08-04 04:43:20.089  1120  1120 D DCT     : [0]getDataOnRoamingEnabled: phoneSubId=1 isDataRoamingEnabled=true
08-04 04:43:20.090  1120  1120 D PhoneFactory: getPhone:- phoneId != DEFAULT_PHONE_ID return sProxyPhones[phoneId] phoneId=0 phone=Handler (com.android.internal.telephony.PhoneProxy) {5e7ec3c}
08-04 04:43:20.090  1120  1120 D DCT     : [0]getDataOnRoamingEnabled: phoneSubId=1 isDataRoamingEnabled=true
08-04 04:43:20.091  1120  1120 D PhoneFactory: getPhone:- phoneId != DEFAULT_PHONE_ID return sProxyPhones[phoneId] phoneId=0 phone=Handler (com.android.internal.telephony.PhoneProxy) {5e7ec3c}
08-04 04:43:20.092  1120  1120 D DCT     : [0]getDataOnRoamingEnabled: phoneSubId=1 isDataRoamingEnabled=true
08-04 04:43:20.093  1120  1120 D PhoneFactory: getPhone:- phoneId != DEFAULT_PHONE_ID return sProxyPhones[phoneId] phoneId=0 phone=Handler (com.android.internal.telephony.PhoneProxy) {5e7ec3c}
08-04 04:43:20.093  1120  1120 D DCT     : [0]getDataOnRoamingEnabled: phoneSubId=1 isDataRoamingEnabled=true
08-04 04:43:20.094  1120  1120 D PhoneFactory: getPhone:- phoneId != DEFAULT_PHONE_ID return sProxyPhones[phoneId] phoneId=0 phone=Handler (com.android.internal.telephony.PhoneProxy) {5e7ec3c}
08-04 04:43:20.095  1120  1120 D DCT     : [0]getDataOnRoamingEnabled: phoneSubId=1 isDataRoamingEnabled=true
08-04 04:43:20.096  1120  1120 D PhoneFactory: getPhone:- phoneId != DEFAULT_PHONE_ID return sProxyPhones[phoneId] phoneId=0 phone=Handler (com.android.internal.telephony.PhoneProxy) {5e7ec3c}
08-04 04:43:20.096  1120  1120 D DCT     : [0]getDataOnRoamingEnabled: phoneSubId=1 isDataRoamingEnabled=true
08-04 04:43:20.097  1120  1120 D PhoneFactory: getPhone:- phoneId != DEFAULT_PHONE_ID return sProxyPhones[phoneId] phoneId=0 phone=Handler (com.android.internal.telephony.PhoneProxy) {5e7ec3c}
08-04 04:43:20.098  1120  1120 D DCT     : [0]getDataOnRoamingEnabled: phoneSubId=1 isDataRoamingEnabled=true
08-04 04:43:20.099  1120  1120 D PhoneFactory: getPhone:- phoneId != DEFAULT_PHONE_ID return sProxyPhones[phoneId] phoneId=0 phone=Handler (com.android.internal.telephony.PhoneProxy) {5e7ec3c}
08-04 04:43:20.099  1120  1120 D DCT     : [0]getDataOnRoamingEnabled: phoneSubId=1 isDataRoamingEnabled=true
08-04 04:43:20.101  1120  1120 D PhoneFactory: getPhone:- phoneId != DEFAULT_PHONE_ID return sProxyPhones[phoneId] phoneId=0 phone=Handler (com.android.internal.telephony.PhoneProxy) {5e7ec3c}
08-04 04:43:20.101  1120  1120 D DCT     : [0]getDataOnRoamingEnabled: phoneSubId=1 isDataRoamingEnabled=true
08-04 04:43:20.102  1120  1120 D PhoneFactory: getPhone:- phoneId != DEFAULT_PHONE_ID return sProxyPhones[phoneId] phoneId=0 phone=Handler (com.android.internal.telephony.PhoneProxy) {5e7ec3c}
08-04 04:43:20.102  1120  1120 D DCT     : [0]getDataOnRoamingEnabled: phoneSubId=1 isDataRoamingEnabled=true
08-04 04:43:20.103  1120  1120 D PhoneFactory: getPhone:- phoneId != DEFAULT_PHONE_ID return sProxyPhones[phoneId] phoneId=0 phone=Handler (com.android.internal.telephony.PhoneProxy) {5e7ec3c}
08-04 04:43:20.104  1120  1120 D DCT     : [0]getDataOnRoamingEnabled: phoneSubId=1 isDataRoamingEnabled=true
08-04 04:43:20.105  1120  1120 D PhoneFactory: getPhone:- phoneId != DEFAULT_PHONE_ID return sProxyPhones[phoneId] phoneId=0 phone=Handler (com.android.internal.telephony.PhoneProxy) {5e7ec3c}
08-04 04:43:20.105  1120  1120 D DCT     : [0]getDataOnRoamingEnabled: phoneSubId=1 isDataRoamingEnabled=true
08-04 04:43:20.106  1120  1120 D PhoneFactory: getPhone:- phoneId != DEFAULT_PHONE_ID return sProxyPhones[phoneId] phoneId=0 phone=Handler (com.android.internal.telephony.PhoneProxy) {5e7ec3c}
08-04 04:43:20.106  1120  1120 D DCT     : [0]getDataOnRoamingEnabled: phoneSubId=1 isDataRoamingEnabled=true
08-04 04:43:20.107  1120  1120 D PhoneFactory: getPhone:- phoneId != DEFAULT_PHONE_ID return sProxyPhones[phoneId] phoneId=0 phone=Handler (com.android.internal.telephony.PhoneProxy) {5e7ec3c}
08-04 04:43:20.108  1120  1120 D DCT     : [0]getDataOnRoamingEnabled: phoneSubId=1 isDataRoamingEnabled=true
08-04 04:43:20.109  1120  1120 D PhoneFactory: getPhone:- phoneId != DEFAULT_PHONE_ID return sProxyPhones[phoneId] phoneId=0 phone=Handler (com.android.internal.telephony.PhoneProxy) {5e7ec3c}
08-04 04:43:20.109  1120  1120 D DCT     : [0]getDataOnRoamingEnabled: phoneSubId=1 isDataRoamingEnabled=true
08-04 04:43:20.110  1120  1120 D PhoneFactory: getPhone:- phoneId != DEFAULT_PHONE_ID return sProxyPhones[phoneId] phoneId=0 phone=Handler (com.android.internal.telephony.PhoneProxy) {5e7ec3c}
08-04 04:43:20.111  1120  1120 D DCT     : [0]getDataOnRoamingEnabled: phoneSubId=1 isDataRoamingEnabled=true
08-04 04:43:20.112  1120  1120 D PhoneFactory: getPhone:- phoneId != DEFAULT_PHONE_ID return sProxyPhones[phoneId] phoneId=0 phone=Handler (com.android.internal.telephony.PhoneProxy) {5e7ec3c}
08-04 04:43:20.112  1120  1120 D DCT     : [0]getDataOnRoamingEnabled: phoneSubId=1 isDataRoamingEnabled=true
08-04 04:43:20.113  1120  1120 D PhoneFactory: getPhone:- phoneId != DEFAULT_PHONE_ID return sProxyPhones[phoneId] phoneId=0 phone=Handler (com.android.internal.telephony.PhoneProxy) {5e7ec3c}
08-04 04:43:20.113  1120  1120 D DCT     : [0]getDataOnRoamingEnabled: phoneSubId=1 isDataRoamingEnabled=true
08-04 04:43:20.114  1120  1120 D PhoneFactory: getPhone:- phoneId != DEFAULT_PHONE_ID return sProxyPhones[phoneId] phoneId=0 phone=Handler (com.android.internal.telephony.PhoneProxy) {5e7ec3c}
08-04 04:43:20.115  1120  1120 D DCT     : [0]getDataOnRoamingEnabled: phoneSubId=1 isDataRoamingEnabled=true
08-04 04:43:20.116  1120  1120 D PhoneFactory: getPhone:- phoneId != DEFAULT_PHONE_ID return sProxyPhones[phoneId] phoneId=0 phone=Handler (com.android.internal.telephony.PhoneProxy) {5e7ec3c}
08-04 04:43:20.116  1120  1120 D DCT     : [0]getDataOnRoamingEnabled: phoneSubId=1 isDataRoamingEnabled=true
08-04 04:43:20.117  1120  1120 D PhoneFactory: getPhone:- phoneId != DEFAULT_PHONE_ID return sProxyPhones[phoneId] phoneId=0 phone=Handler (com.android.internal.telephony.PhoneProxy) {5e7ec3c}
08-04 04:43:20.117  1120  1120 D DCT     : [0]getDataOnRoamingEnabled: phoneSubId=1 isDataRoamingEnabled=true
08-04 04:43:20.118  1120  1120 D PhoneFactory: getPhone:- phoneId != DEFAULT_PHONE_ID return sProxyPhones[phoneId] phoneId=0 phone=Handler (com.android.internal.telephony.PhoneProxy) {5e7ec3c}
08-04 04:43:20.119  1120  1120 D DCT     : [0]getDataOnRoamingEnabled: phoneSubId=1 isDataRoamingEnabled=true
08-04 04:43:20.120  1120  1120 D PhoneFactory: getPhone:- phoneId != DEFAULT_PHONE_ID return sProxyPhones[phoneId] phoneId=0 phone=Handler (com.android.internal.telephony.PhoneProxy) {5e7ec3c}
08-04 04:43:20.120  1120  1120 D DCT     : [0]getDataOnRoamingEnabled: phoneSubId=1 isDataRoamingEnabled=true
08-04 04:43:20.121  1120  1120 D PhoneFactory: getPhone:- phoneId != DEFAULT_PHONE_ID return sProxyPhones[phoneId] phoneId=0 phone=Handler (com.android.internal.telephony.PhoneProxy) {5e7ec3c}
08-04 04:43:20.121  1120  1120 D DCT     : [0]getDataOnRoamingEnabled: phoneSubId=1 isDataRoamingEnabled=true
08-04 04:43:20.122  1120  1120 D PhoneFactory: getPhone:- phoneId != DEFAULT_PHONE_ID return sProxyPhones[phoneId] phoneId=0 phone=Handler (com.android.internal.telephony.PhoneProxy) {5e7ec3c}
08-04 04:43:20.123  1120  1120 D DCT     : [0]getDataOnRoamingEnabled: phoneSubId=1 isDataRoamingEnabled=true
08-04 04:43:20.124  1120  1120 D PhoneFactory: getPhone:- phoneId != DEFAULT_PHONE_ID return sProxyPhones[phoneId] phoneId=0 phone=Handler (com.android.internal.telephony.PhoneProxy) {5e7ec3c}
08-04 04:43:20.124  1120  1120 D DCT     : [0]getDataOnRoamingEnabled: phoneSubId=1 isDataRoamingEnabled=true
08-04 04:43:20.125  1120  1120 D PhoneFactory: getPhone:- phoneId != DEFAULT_PHONE_ID return sProxyPhones[phoneId] phoneId=0 phone=Handler (com.android.internal.telephony.PhoneProxy) {5e7ec3c}
08-04 04:43:20.125  1120  1120 D DCT     : [0]getDataOnRoamingEnabled: phoneSubId=1 isDataRoamingEnabled=true
08-04 04:43:20.126  1120  1120 D PhoneFactory: getPhone:- phoneId != DEFAULT_PHONE_ID return sProxyPhones[phoneId] phoneId=0 phone=Handler (com.android.internal.telephony.PhoneProxy) {5e7ec3c}
08-04 04:43:20.127  1120  1120 D DCT     : [0]getDataOnRoamingEnabled: phoneSubId=1 isDataRoamingEnabled=true
08-04 04:43:20.128  1120  1120 D PhoneFactory: getPhone:- phoneId != DEFAULT_PHONE_ID return sProxyPhones[phoneId] phoneId=0 phone=Handler (com.android.internal.telephony.PhoneProxy) {5e7ec3c}
08-04 04:43:20.128  1120  1120 D DCT     : [0]getDataOnRoamingEnabled: phoneSubId=1 isDataRoamingEnabled=true
08-04 04:43:20.129  1120  1120 D PhoneFactory: getPhone:- phoneId != DEFAULT_PHONE_ID return sProxyPhones[phoneId] phoneId=0 phone=Handler (com.android.internal.telephony.PhoneProxy) {5e7ec3c}
08-04 04:43:20.129  1120  1120 D DCT     : [0]getDataOnRoamingEnabled: phoneSubId=1 isDataRoamingEnabled=true
08-04 04:43:20.130  1120  1120 D PhoneFactory: getPhone:- phoneId != DEFAULT_PHONE_ID return sProxyPhones[phoneId] phoneId=0 phone=Handler (com.android.internal.telephony.PhoneProxy) {5e7ec3c}
08-04 04:43:20.131  1120  1120 D DCT     : [0]getDataOnRoamingEnabled: phoneSubId=1 isDataRoamingEnabled=true
08-04 04:43:20.132  1120  1120 D PhoneFactory: getPhone:- phoneId != DEFAULT_PHONE_ID return sProxyPhones[phoneId] phoneId=0 phone=Handler (com.android.internal.telephony.PhoneProxy) {5e7ec3c}
08-04 04:43:20.132  1120  1120 D DCT     : [0]getDataOnRoamingEnabled: phoneSubId=1 isDataRoamingEnabled=true
08-04 04:43:20.133  1120  1120 D PhoneFactory: getPhone:- phoneId != DEFAULT_PHONE_ID return sProxyPhones[phoneId] phoneId=0 phone=Handler (com.android.internal.telephony.PhoneProxy) {5e7ec3c}
08-04 04:43:20.133  1120  1120 D DCT     : [0]getDataOnRoamingEnabled: phoneSubId=1 isDataRoamingEnabled=true
08-04 04:43:20.134  1120  1120 D PhoneFactory: getPhone:- phoneId != DEFAULT_PHONE_ID return sProxyPhones[phoneId] phoneId=0 phone=Handler (com.android.internal.telephony.PhoneProxy) {5e7ec3c}
08-04 04:43:20.135  1120  1120 D DCT     : [0]getDataOnRoamingEnabled: phoneSubId=1 isDataRoamingEnabled=true
08-04 04:43:20.135  1120  1120 D CAT     : CatService: handleMessage[2]
08-04 04:43:20.135  1120  1120 D CAT     : CatService: ril message arrived,slotid:0
08-04 04:43:20.136  1120  1120 D PhoneFactory: getPhone:- phoneId != DEFAULT_PHONE_ID return sProxyPhones[phoneId] phoneId=0 phone=Handler (com.android.internal.telephony.PhoneProxy) {5e7ec3c}
08-04 04:43:20.137  1120  1120 D DCT     : [0]getDataOnRoamingEnabled: phoneSubId=1 isDataRoamingEnabled=true
08-04 04:43:20.138  1120  1120 D PhoneFactory: getPhone:- phoneId != DEFAULT_PHONE_ID return sProxyPhones[phoneId] phoneId=0 phone=Handler (com.android.internal.telephony.PhoneProxy) {5e7ec3c}
08-04 04:43:20.138  1120  1120 D DCT     : [0]getDataOnRoamingEnabled: phoneSubId=1 isDataRoamingEnabled=true
08-04 04:43:20.138  1120  1433 D CAT     : CommandParamsFactory: process SelectItem
08-04 04:43:20.139  1120  1120 D PhoneFactory: getPhone:- phoneId != DEFAULT_PHONE_ID return sProxyPhones[phoneId] phoneId=0 phone=Handler (com.android.internal.telephony.PhoneProxy) {5e7ec3c}
08-04 04:43:20.140  1120  1120 D DCT     : [0]getDataOnRoamingEnabled: phoneSubId=1 isDataRoamingEnabled=true
08-04 04:43:20.141  1120  1120 D PhoneFactory: getPhone:- phoneId != DEFAULT_PHONE_ID return sProxyPhones[phoneId] phoneId=0 phone=Handler (com.android.internal.telephony.PhoneProxy) {5e7ec3c}
08-04 04:43:20.141  1120  1120 D DCT     : [0]getDataOnRoamingEnabled: phoneSubId=1 isDataRoamingEnabled=true
08-04 04:43:20.142  1120  1120 D PhoneFactory: getPhone:- phoneId != DEFAULT_PHONE_ID return sProxyPhones[phoneId] phoneId=0 phone=Handler (com.android.internal.telephony.PhoneProxy) {5e7ec3c}
08-04 04:43:20.142  1120  1120 D DCT     : [0]getDataOnRoamingEnabled: phoneSubId=1 isDataRoamingEnabled=true
08-04 04:43:20.143  1120  1120 D PhoneFactory: getPhone:- phoneId != DEFAULT_PHONE_ID return sProxyPhones[phoneId] phoneId=0 phone=Handler (com.android.internal.telephony.PhoneProxy) {5e7ec3c}
08-04 04:43:20.144  1120  1120 D DCT     : [0]getDataOnRoamingEnabled: phoneSubId=1 isDataRoamingEnabled=true
08-04 04:43:20.145  1120  1120 D PhoneFactory: getPhone:- phoneId != DEFAULT_PHONE_ID return sProxyPhones[phoneId] phoneId=0 phone=Handler (com.android.internal.telephony.PhoneProxy) {5e7ec3c}
08-04 04:43:20.145  1120  1120 D DCT     : [0]getDataOnRoamingEnabled: phoneSubId=1 isDataRoamingEnabled=true
08-04 04:43:20.146  1120  1120 D PhoneFactory: getPhone:- phoneId != DEFAULT_PHONE_ID return sProxyPhones[phoneId] phoneId=0 phone=Handler (com.android.internal.telephony.PhoneProxy) {5e7ec3c}
08-04 04:43:20.146  1120  1120 D DCT     : [0]getDataOnRoamingEnabled: phoneSubId=1 isDataRoamingEnabled=true
08-04 04:43:20.147  1120  1120 D PhoneFactory: getPhone:- phoneId != DEFAULT_PHONE_ID return sProxyPhones[phoneId] phoneId=0 phone=Handler (com.android.internal.telephony.PhoneProxy) {5e7ec3c}
08-04 04:43:20.148  1120  1120 D DCT     : [0]getDataOnRoamingEnabled: phoneSubId=1 isDataRoamingEnabled=true
08-04 04:43:20.149  1120  1120 D PhoneFactory: getPhone:- phoneId != DEFAULT_PHONE_ID return sProxyPhones[phoneId] phoneId=0 phone=Handler (com.android.internal.telephony.PhoneProxy) {5e7ec3c}
08-04 04:43:20.149  1120  1120 D DCT     : [0]getDataOnRoamingEnabled: phoneSubId=1 isDataRoamingEnabled=true
08-04 04:43:20.150  1120  1120 D PhoneFactory: getPhone:- phoneId != DEFAULT_PHONE_ID return sProxyPhones[phoneId] phoneId=0 phone=Handler (com.android.internal.telephony.PhoneProxy) {5e7ec3c}
08-04 04:43:20.151  1120  1120 D DCT     : [0]getDataOnRoamingEnabled: phoneSubId=1 isDataRoamingEnabled=true
08-04 04:43:20.152  1120  1120 D PhoneFactory: getPhone:- phoneId != DEFAULT_PHONE_ID return sProxyPhones[phoneId] phoneId=0 phone=Handler (com.android.internal.telephony.PhoneProxy) {5e7ec3c}
08-04 04:43:20.152  1120  1120 D DCT     : [0]getDataOnRoamingEnabled: phoneSubId=1 isDataRoamingEnabled=true
08-04 04:43:20.153  1120  1120 D PhoneFactory: getPhone:- phoneId != DEFAULT_PHONE_ID return sProxyPhones[phoneId] phoneId=0 phone=Handler (com.android.internal.telephony.PhoneProxy) {5e7ec3c}
08-04 04:43:20.153  1120  1120 D DCT     : [0]getDataOnRoamingEnabled: phoneSubId=1 isDataRoamingEnabled=true
08-04 04:43:20.154  1120  1120 D PhoneFactory: getPhone:- phoneId != DEFAULT_PHONE_ID return sProxyPhones[phoneId] phoneId=0 phone=Handler (com.android.internal.telephony.PhoneProxy) {5e7ec3c}
08-04 04:43:20.155  1120  1120 D DCT     : [0]getDataOnRoamingEnabled: phoneSubId=1 isDataRoamingEnabled=true
08-04 04:43:20.156  1120  1120 D PhoneFactory: getPhone:- phoneId != DEFAULT_PHONE_ID return sProxyPhones[phoneId] phoneId=0 phone=Handler (com.android.internal.telephony.PhoneProxy) {5e7ec3c}
08-04 04:43:20.156  1120  1120 D DCT     : [0]getDataOnRoamingEnabled: phoneSubId=1 isDataRoamingEnabled=true
08-04 04:43:20.156  1120  1120 D GsmSST  : [GsmSST] SubscriptionListener.onSubscriptionInfoChanged
08-04 04:43:20.156  1120  1120 D DctController: onSubInfoReady mPhoneNum=1
08-04 04:43:20.157  1120  1120 D DctController: onSubInfoReady handle pending requests subId=1
08-04 04:43:20.157  1120  1120 D DctController: [TNF 1]evalPendingRequest, pending request size is 0
08-04 04:43:20.157  1120  1120 D DctController: processRequests
08-04 04:43:20.157  1120  1120 D DCT     : [0]SubscriptionListener.onSubscriptionInfoChanged
08-04 04:43:20.163  1120  1120 D SubscriptionController: [getActiveSubInfoList]+
08-04 04:43:20.165  1120  1120 D SubscriptionController: selection:sim_id>=0 null
08-04 04:43:20.165   192   238 I RILC    : RIL_SOCKET_1 UNSOLICITED: UNSOL_RESPONSE_VOICE_NETWORK_STATE_CHANGED length:8
08-04 04:43:20.166   192   238 E RILC    : Send Response to RIL_SOCKET_1
08-04 04:43:20.166  1120  1287 D RILJ    : [UNSL]< UNSOL_RESPONSE_VOICE_NETWORK_STATE_CHANGED [SUB0]
08-04 04:43:20.178  1120  1120 D TelephonyManager: getTelephonyProperty: return propVal='cn' phoneId=0 property='gsm.sim.operator.iso-country' defaultVal='' prop=cn
08-04 04:43:20.178  1120  1120 D SubscriptionController: [getSubInfoRecord] id:1 iccid:89860115921101579076 simSlotIndex:0 displayName:CARD 1 nameSource:0 iconTint:-16746133 dataRoaming:0 mcc:460 mnc:1 countIso:cn
08-04 04:43:20.179  1120  1120 D PhoneFactory: getPhone:- phoneId != DEFAULT_PHONE_ID return sProxyPhones[phoneId] phoneId=0 phone=Handler (com.android.internal.telephony.PhoneProxy) {5e7ec3c}
08-04 04:43:20.184  1120  1120 D SubscriptionController: [getActiveSubInfoList]- 1 infos return
08-04 04:43:20.189  1120  1120 E PhoneBase: Error! unregisterForCallWaiting() in PhoneBase should not be called, CDMAPhone inactive.
08-04 04:43:20.191  1120  1120 D PhoneFactory: getPhone:- phoneId != DEFAULT_PHONE_ID return sProxyPhones[phoneId] phoneId=0 phone=Handler (com.android.internal.telephony.PhoneProxy) {5e7ec3c}
08-04 04:43:20.195  1120  1120 D TelephonyManager: getTelephonyProperty: return propVal='null' phoneId=0 property='gsm.operator.alpha' defaultVal='' prop=
08-04 04:43:20.234  1120  1347 D SubscriptionController: [getActiveSubInfoList]+
08-04 04:43:20.236  1120  1347 D SubscriptionController: selection:sim_id>=0 null
08-04 04:43:20.244  1120  1120 E PhoneBase: Error! registerForCallWaiting() in PhoneBase should not be called, CDMAPhone inactive.
08-04 04:43:20.248  1120  1347 D TelephonyManager: getTelephonyProperty: return propVal='cn' phoneId=0 property='gsm.sim.operator.iso-country' defaultVal='' prop=cn
08-04 04:43:20.248  1120  1347 D SubscriptionController: [getSubInfoRecord] id:1 iccid:89860115921101579076 simSlotIndex:0 displayName:CARD 1 nameSource:0 iconTint:-16746133 dataRoaming:0 mcc:460 mnc:1 countIso:cn
08-04 04:43:20.249  1120  1120 D DctController: handleMessage msg={ when=-456ms what=100 target=com.android.internal.telephony.dataconnection.DctController }
08-04 04:43:20.249  1120  1347 D PhoneFactory: getPhone:- phoneId != DEFAULT_PHONE_ID return sProxyPhones[phoneId] phoneId=0 phone=Handler (com.android.internal.telephony.PhoneProxy) {5e7ec3c}
08-04 04:43:20.250  1120  1120 D DctController: selectExecPhone requestInfo = [ request=NetworkRequest [ id=1, legacyType=-1, [ Capabilities: INTERNET&NOT_RESTRICTED&TRUSTED&NOT_VPN] ], executed=false, priority=0]
08-04 04:43:20.250  1120  1120 D DctController: getTopPriorityRequestPhoneId = 0, priority = 0
08-04 04:43:20.251  1120  1120 D DcSwitchAsyncChannel: [DcSwitchAsyncChannel-0]: rspIsIdle=true
08-04 04:43:20.251  1120  1120 D DctController: onProcessRequest phoneId=0, activePhoneId=-1
08-04 04:43:20.252  1120  1335 D DcSwitchSM: [DcSwitchStateMachine-0] IdleState: REQ_CONNECT
08-04 04:43:20.252  1120  1335 D RILJ    : [3734]> RIL_REQUEST_ALLOW_DATA [SUB0]
08-04 04:43:20.253  1120  1347 D SubscriptionController: [getActiveSubInfoList]- 1 infos return
08-04 04:43:20.254  1120  1335 D DcSwitchSM: [DcSwitchStateMachine-0] AttachingState: enter
08-04 04:43:20.254  1120  1120 D DcSwitchAsyncChannel: [DcSwitchAsyncChannel-0]: rspConnect=1
08-04 04:43:20.255  1120  1120 D DctController: handleMessage msg={ when=-461ms what=100 target=com.android.internal.telephony.dataconnection.DctController }
08-04 04:43:20.255   192   238 D RILC    : RequestComplete, RIL_SOCKET_1
08-04 04:43:20.255   192   238 E RILC    : Send Response to RIL_SOCKET_1
08-04 04:43:20.255  1120  1120 D DctController: selectExecPhone requestInfo = [ request=NetworkRequest [ id=1, legacyType=-1, [ Capabilities: INTERNET&NOT_RESTRICTED&TRUSTED&NOT_VPN] ], executed=false, priority=0]
08-04 04:43:20.255  1120  1287 D RilRequest: [3734]< RIL_REQUEST_ALLOW_DATA error: com.android.internal.telephony.CommandException: REQUEST_NOT_SUPPORTED ret=
08-04 04:43:20.256  1120  1120 D DctController: getTopPriorityRequestPhoneId = 0, priority = 0
08-04 04:43:20.256  1120  1120 D DcSwitchAsyncChannel: [DcSwitchAsyncChannel-0]: rspIsIdle=false
08-04 04:43:20.257  1120  1120 D DctController: onProcessRequest phoneId=0, activePhoneId=0
08-04 04:43:20.257  1120  1335 D DcSwitchSM: [DcSwitchStateMachine-0] AttachingState: REQ_CONNECT
08-04 04:43:20.257  1120  1335 D RILJ    : [3735]> RIL_REQUEST_ALLOW_DATA [SUB0]
08-04 04:43:20.260   192   238 D RILC    : RequestComplete, RIL_SOCKET_1
08-04 04:43:20.260   192   238 E RILC    : Send Response to RIL_SOCKET_1
08-04 04:43:20.260  1120  1120 D DcSwitchAsyncChannel: [DcSwitchAsyncChannel-0]: rspConnect=1
08-04 04:43:20.261  1120  1287 D RilRequest: [3735]< RIL_REQUEST_ALLOW_DATA error: com.android.internal.telephony.CommandException: REQUEST_NOT_SUPPORTED ret=
08-04 04:43:20.264  1120  1120 D PHONE   : [ServiceState] setDataRegState=1
08-04 04:43:20.264  1120  1120 D PHONE   : [ServiceState] setDataRadioTechnology=0
08-04 04:43:20.264  1120  1120 D GsmSST  : [GsmSST] handlPollStateResultMessage: GsmSST setDataRegState=1 regState=3 dataRadioTechnology=0
08-04 04:43:20.265  1120  1120 D DctController: handleMessage msg={ when=-277ms what=100 target=com.android.internal.telephony.dataconnection.DctController }
08-04 04:43:20.266  1120  1120 D DctController: selectExecPhone requestInfo = [ request=NetworkRequest [ id=1, legacyType=-1, [ Capabilities: INTERNET&NOT_RESTRICTED&TRUSTED&NOT_VPN] ], executed=false, priority=0]
08-04 04:43:20.266  1120  1120 D DctController: getTopPriorityRequestPhoneId = 0, priority = 0
08-04 04:43:20.268  1120  1120 D DcSwitchAsyncChannel: [DcSwitchAsyncChannel-0]: rspIsIdle=false
08-04 04:43:20.268  1120  1120 D DctController: onProcessRequest phoneId=0, activePhoneId=0
08-04 04:43:20.269  1120  1335 D DcSwitchSM: [DcSwitchStateMachine-0] AttachingState: REQ_CONNECT
08-04 04:43:20.269  1120  1335 D RILJ    : [3736]> RIL_REQUEST_ALLOW_DATA [SUB0]
08-04 04:43:20.273  1120  1120 D DcSwitchAsyncChannel: [DcSwitchAsyncChannel-0]: rspConnect=1
08-04 04:43:20.273   192   238 D RILC    : RequestComplete, RIL_SOCKET_1
08-04 04:43:20.273   192   238 E RILC    : Send Response to RIL_SOCKET_1
08-04 04:43:20.273  1120  1120 D PHONE   : [ServiceState] setVoiceRegState=1
08-04 04:43:20.273  1120  1120 E PHONE   : [ServiceState] setState deprecated use setVoiceRegState()
08-04 04:43:20.273  1120  1287 D RilRequest: [3736]< RIL_REQUEST_ALLOW_DATA error: com.android.internal.telephony.CommandException: REQUEST_NOT_SUPPORTED ret=
08-04 04:43:20.276  1120  1120 D GsmSST  : [GsmSST] Poll ServiceState done:  oldSS=[1 1 voice home data home null null null null null null  Unknown Unknown CSS not supported -1 -1 RoamInd=-1 DefRoamInd=-1 EmergOnly=false] newSS=[1 1 voice home data home null null null null null null  Unknown Unknown CSS not supported -1 -1 RoamInd=-1 DefRoamInd=-1 EmergOnly=false] oldMaxDataCalls=20 mNewMaxDataCalls=20 oldReasonDataDenied=-1 mNewReasonDataDenied=15
08-04 04:43:20.276  1120  1120 D PHONE   : [ServiceState] setNullState=1
08-04 04:43:20.277  1120  1120 D CAT     : CatService: handleMessage[10]
08-04 04:43:20.277  1120  1120 D CAT     : CatService: SET_UP_MENU
08-04 04:43:20.279  1120  1120 D CAT     : CatService: encodeOptionalTags() Unsupported Cmd details=CmdDetails: compRequired=true commandNumber=1 typeOfCommand=37 commandQualifier=0
08-04 04:43:20.280  1120  1120 D RILJ    : [3737]> REQUEST_STK_SEND_TERMINAL_RESPONSE [SUB0]
08-04 04:43:20.282  1120  1120 D CAT     : CatService: Sending CmdMsg: com.android.internal.telephony.cat.CatCmdMessage@daa223d on slotid:0
08-04 04:43:20.285  1120  1120 D DctController: handleMessage msg={ when=-128ms what=100 target=com.android.internal.telephony.dataconnection.DctController }
08-04 04:43:20.287  1120  1120 D DctController: selectExecPhone requestInfo = [ request=NetworkRequest [ id=1, legacyType=-1, [ Capabilities: INTERNET&NOT_RESTRICTED&TRUSTED&NOT_VPN] ], executed=false, priority=0]
08-04 04:43:20.288  1120  1120 D DctController: getTopPriorityRequestPhoneId = 0, priority = 0
08-04 04:43:20.289  1120  1120 D DcSwitchAsyncChannel: [DcSwitchAsyncChannel-0]: rspIsIdle=false
08-04 04:43:20.289  1120  1120 D DctController: onProcessRequest phoneId=0, activePhoneId=0
08-04 04:43:20.290  1120  1335 D DcSwitchSM: [DcSwitchStateMachine-0] AttachingState: REQ_CONNECT
08-04 04:43:20.291  1120  1335 D RILJ    : [3738]> RIL_REQUEST_ALLOW_DATA [SUB0]
08-04 04:43:20.292   192   238 D RILC    : RequestComplete, RIL_SOCKET_1
08-04 04:43:20.292   192   238 E RILC    : Send Response to RIL_SOCKET_1
08-04 04:43:20.292   192   267 I RILC    : RIL_SOCKET_1 UNSOLICITED: UNSOL_STK_SESSION_END length:8
08-04 04:43:20.292   192   267 E RILC    : Send Response to RIL_SOCKET_1
08-04 04:43:20.293  1120  1287 D RILJ    : [3737]< REQUEST_STK_SEND_TERMINAL_RESPONSE  [SUB0]
08-04 04:43:20.293   192   238 D RILC    : RequestComplete, RIL_SOCKET_1
08-04 04:43:20.293   192   238 E RILC    : Send Response to RIL_SOCKET_1
08-04 04:43:20.293  1120  1120 D DcSwitchAsyncChannel: [DcSwitchAsyncChannel-0]: rspConnect=1
08-04 04:43:20.293  1120  1287 D RILJ    : [UNSL]< UNSOL_STK_SESSION_END [SUB0]
08-04 04:43:20.293  1120  1120 D RILJ    : [3739]> OPERATOR [SUB0]
08-04 04:43:20.294  1120  1287 D RilRequest: [3738]< RIL_REQUEST_ALLOW_DATA error: com.android.internal.telephony.CommandException: REQUEST_NOT_SUPPORTED ret=
08-04 04:43:20.295  1120  1120 D RILJ    : [3740]> DATA_REGISTRATION_STATE [SUB0]
08-04 04:43:20.295   192  1475 D RILC    : RequestComplete, RIL_SOCKET_1
08-04 04:43:20.296   192  1475 E RILC    : Send Response to RIL_SOCKET_1
08-04 04:43:20.296  1120  1287 D RILJ    : [3739]< OPERATOR {null, null, null} [SUB0]
08-04 04:43:20.297  1120  1120 D RILJ    : [3741]> VOICE_REGISTRATION_STATE [SUB0]
08-04 04:43:20.298  1120  1120 D RILJ    : [3742]> QUERY_NETWORK_SELECTION_MODE [SUB0]
08-04 04:43:20.300  1120  1120 D CAT     : CatService: handleMessage[1]
08-04 04:43:20.301  1120  1120 D CAT     : CatService: ril message arrived,slotid:0
08-04 04:43:20.301   192  1476 D RILC    : RequestComplete, RIL_SOCKET_1
08-04 04:43:20.301  1120  1120 D CAT     : CatService: handleMessage[10]
08-04 04:43:20.301   192  1476 E RILC    : Send Response to RIL_SOCKET_1
08-04 04:43:20.301  1120  1120 D CAT     : CatService: SESSION END on 0
08-04 04:43:20.302  1120  1287 D RILJ    : [3740]< DATA_REGISTRATION_STATE {3, null, null, null, 15, 20, null, 102, -1, null, null} [SUB0]
08-04 04:43:20.303   192  1477 I RILQ    : (0/192):RIL[0][cmd-20(64)] qcril_qmi_nas_update_data_rte: completed, new drte 0 with confidence 4
08-04 04:43:20.303  1120  1120 D PHONE   : [ServiceState] setDataRegState=1
08-04 04:43:20.303  1120  1120 D PHONE   : [ServiceState] setDataRadioTechnology=0
08-04 04:43:20.303  1120  1120 D GsmSST  : [GsmSST] handlPollStateResultMessage: GsmSST setDataRegState=1 regState=3 dataRadioTechnology=0
08-04 04:43:20.305   192  1478 D RILC    : RequestComplete, RIL_SOCKET_1
08-04 04:43:20.305   192  1478 E RILC    : Send Response to RIL_SOCKET_1
08-04 04:43:20.306  1120  1287 D RILJ    : [3742]< QUERY_NETWORK_SELECTION_MODE {0} [SUB0]
08-04 04:43:20.307   192  1477 D RILC    : RequestComplete, RIL_SOCKET_1
08-04 04:43:20.307   192  1477 E RILC    : Send Response to RIL_SOCKET_1
08-04 04:43:20.308  1120  1287 D RILJ    : [3741]< VOICE_REGISTRATION_STATE {2, null, null, 0, null, null, null, 0, null, null, null, null, null, 0, null} [SUB0]
08-04 04:43:20.309  1120  1120 D PHONE   : [ServiceState] setVoiceRegState=1
08-04 04:43:20.309  1120  1120 E PHONE   : [ServiceState] setState deprecated use setVoiceRegState()
08-04 04:43:20.310  1120  1120 D GsmSST  : [GsmSST] Poll ServiceState done:  oldSS=[1 1 voice home data home null null null null null null  Unknown Unknown CSS not supported -1 -1 RoamInd=-1 DefRoamInd=-1 EmergOnly=false] newSS=[1 1 voice home data home null null null null null null  Unknown Unknown CSS not supported -1 -1 RoamInd=-1 DefRoamInd=-1 EmergOnly=false] oldMaxDataCalls=20 mNewMaxDataCalls=20 oldReasonDataDenied=15 mNewReasonDataDenied=15
08-04 04:43:20.311  1120  1120 D PHONE   : [ServiceState] setNullState=1
08-04 04:43:20.365   192   666 I RILQ    : (0/192):RIL[0][qmi_cb] qcril_qmi_nas_update_data_rte: completed, new drte 0 with confidence 4
08-04 04:43:20.368   192   666 I RILC    : RIL_SOCKET_1 UNSOLICITED: UNSOL_RESPONSE_VOICE_NETWORK_STATE_CHANGED length:8
08-04 04:43:20.368   192   666 E RILC    : Send Response to RIL_SOCKET_1
08-04 04:43:20.368  1120  1287 D RILJ    : [UNSL]< UNSOL_RESPONSE_VOICE_NETWORK_STATE_CHANGED [SUB0]
08-04 04:43:20.369  1120  1120 D RILJ    : [3743]> OPERATOR [SUB0]
08-04 04:43:20.371  1120  1120 D RILJ    : [3744]> DATA_REGISTRATION_STATE [SUB0]
08-04 04:43:20.372   192  1479 D RILC    : RequestComplete, RIL_SOCKET_1
08-04 04:43:20.372   192  1479 E RILC    : Send Response to RIL_SOCKET_1
08-04 04:43:20.373  1120  1120 D RILJ    : [3745]> VOICE_REGISTRATION_STATE [SUB0]
08-04 04:43:20.373  1120  1287 D RILJ    : [3743]< OPERATOR {null, null, null} [SUB0]
08-04 04:43:20.375  1120  1120 D RILJ    : [3746]> QUERY_NETWORK_SELECTION_MODE [SUB0]
08-04 04:43:20.377   192  1482 D RILC    : RequestComplete, RIL_SOCKET_1
08-04 04:43:20.377   192  1482 E RILC    : Send Response to RIL_SOCKET_1
08-04 04:43:20.377  1120  1287 D RILJ    : [3746]< QUERY_NETWORK_SELECTION_MODE {0} [SUB0]
08-04 04:43:20.378   192  1481 I RILQ    : (0/192):RIL[0][cmd-20(64)] qcril_qmi_nas_update_data_rte: completed, new drte 0 with confidence 4
08-04 04:43:20.381   192  1481 D RILC    : RequestComplete, RIL_SOCKET_1
08-04 04:43:20.381   192  1481 E RILC    : Send Response to RIL_SOCKET_1
08-04 04:43:20.382  1120  1287 D RILJ    : [3745]< VOICE_REGISTRATION_STATE {2, null, null, 0, null, null, null, 0, null, null, null, null, null, 0, null} [SUB0]
08-04 04:43:20.382  1120  1120 D PHONE   : [ServiceState] setVoiceRegState=1
08-04 04:43:20.382  1120  1120 E PHONE   : [ServiceState] setState deprecated use setVoiceRegState()
08-04 04:43:20.382   192  1480 D RILC    : RequestComplete, RIL_SOCKET_1
08-04 04:43:20.383   192  1480 E RILC    : Send Response to RIL_SOCKET_1
08-04 04:43:20.383  1120  1287 D RILJ    : [3744]< DATA_REGISTRATION_STATE {3, null, null, null, 15, 20, null, null, null, null, null} [SUB0]
08-04 04:43:20.384  1120  1120 D PHONE   : [ServiceState] setDataRegState=1
08-04 04:43:20.384  1120  1120 D PHONE   : [ServiceState] setDataRadioTechnology=0
08-04 04:43:20.384  1120  1120 D GsmSST  : [GsmSST] handlPollStateResultMessage: GsmSST setDataRegState=1 regState=3 dataRadioTechnology=0
08-04 04:43:20.385  1120  1120 D GsmSST  : [GsmSST] Poll ServiceState done:  oldSS=[1 1 voice home data home null null null null null null  Unknown Unknown CSS not supported -1 -1 RoamInd=-1 DefRoamInd=-1 EmergOnly=false] newSS=[1 1 voice home data home null null null null null null  Unknown Unknown CSS not supported -1 -1 RoamInd=-1 DefRoamInd=-1 EmergOnly=false] oldMaxDataCalls=20 mNewMaxDataCalls=20 oldReasonDataDenied=15 mNewReasonDataDenied=15
08-04 04:43:20.385  1120  1120 D PHONE   : [ServiceState] setNullState=1
08-04 04:43:21.248  1120  1177 D SubscriptionController: [getActiveSubInfoList]+
08-04 04:43:21.250  1120  1177 D SubscriptionController: selection:sim_id>=0 null
08-04 04:43:21.267  1120  1177 D TelephonyManager: getTelephonyProperty: return propVal='cn' phoneId=0 property='gsm.sim.operator.iso-country' defaultVal='' prop=cn
08-04 04:43:21.268  1120  1177 D SubscriptionController: [getSubInfoRecord] id:1 iccid:89860115921101579076 simSlotIndex:0 displayName:CARD 1 nameSource:0 iconTint:-16746133 dataRoaming:0 mcc:460 mnc:1 countIso:cn
08-04 04:43:21.270  1120  1177 D PhoneFactory: getPhone:- phoneId != DEFAULT_PHONE_ID return sProxyPhones[phoneId] phoneId=0 phone=Handler (com.android.internal.telephony.PhoneProxy) {5e7ec3c}
08-04 04:43:21.275  1120  1177 D SubscriptionController: [getActiveSubInfoList]- 1 infos return
08-04 04:43:21.339  1120  1177 D SubscriptionController: [getActiveSubInfoList]+
08-04 04:43:21.344  1120  1177 D SubscriptionController: selection:sim_id>=0 null
08-04 04:43:21.368  1120  1177 D TelephonyManager: getTelephonyProperty: return propVal='cn' phoneId=0 property='gsm.sim.operator.iso-country' defaultVal='' prop=cn
08-04 04:43:21.369  1120  1177 D SubscriptionController: [getSubInfoRecord] id:1 iccid:89860115921101579076 simSlotIndex:0 displayName:CARD 1 nameSource:0 iconTint:-16746133 dataRoaming:0 mcc:460 mnc:1 countIso:cn
08-04 04:43:21.372  1120  1177 D PhoneFactory: getPhone:- phoneId != DEFAULT_PHONE_ID return sProxyPhones[phoneId] phoneId=0 phone=Handler (com.android.internal.telephony.PhoneProxy) {5e7ec3c}
08-04 04:43:21.378  1120  1177 D SubscriptionController: [getActiveSubInfoList]- 1 infos return
08-04 04:43:21.399  1120  1183 D SubscriptionController: [getActiveSubInfoList]+
08-04 04:43:21.402  1120  1183 D SubscriptionController: selection:sim_id>=0 null
08-04 04:43:21.413  1120  1183 D TelephonyManager: getTelephonyProperty: return propVal='cn' phoneId=0 property='gsm.sim.operator.iso-country' defaultVal='' prop=cn
08-04 04:43:21.414  1120  1183 D SubscriptionController: [getSubInfoRecord] id:1 iccid:89860115921101579076 simSlotIndex:0 displayName:CARD 1 nameSource:0 iconTint:-16746133 dataRoaming:0 mcc:460 mnc:1 countIso:cn
08-04 04:43:21.415  1120  1183 D PhoneFactory: getPhone:- phoneId != DEFAULT_PHONE_ID return sProxyPhones[phoneId] phoneId=0 phone=Handler (com.android.internal.telephony.PhoneProxy) {5e7ec3c}
08-04 04:43:21.418  1120  1183 D SubscriptionController: [getActiveSubInfoList]- 1 infos return
08-04 04:43:21.428  1120  1339 D SubscriptionController: [getActiveSubInfoList]+
08-04 04:43:21.430  1120  1339 D SubscriptionController: selection:sim_id>=0 null
08-04 04:43:21.440  1120  1339 D TelephonyManager: getTelephonyProperty: return propVal='cn' phoneId=0 property='gsm.sim.operator.iso-country' defaultVal='' prop=cn
08-04 04:43:21.446  1120  1339 D SubscriptionController: [getSubInfoRecord] id:1 iccid:89860115921101579076 simSlotIndex:0 displayName:CARD 1 nameSource:0 iconTint:-16746133 dataRoaming:0 mcc:460 mnc:1 countIso:cn
08-04 04:43:21.447  1120  1339 D PhoneFactory: getPhone:- phoneId != DEFAULT_PHONE_ID return sProxyPhones[phoneId] phoneId=0 phone=Handler (com.android.internal.telephony.PhoneProxy) {5e7ec3c}
08-04 04:43:21.450  1120  1339 D SubscriptionController: [getActiveSubInfoList]- 1 infos return
08-04 04:43:21.466  1120  1177 D PhoneFactory: getPhone:- phoneId != DEFAULT_PHONE_ID return sProxyPhones[phoneId] phoneId=0 phone=Handler (com.android.internal.telephony.PhoneProxy) {5e7ec3c}
08-04 04:43:21.466  1120  1177 D SubscriptionController: getSimStateForSubscriber:  simState=READY ordinal=5
08-04 04:43:21.467   857   857 D SubscriptionManager: getSimStateForSubscriber: simState=5 subId=1
08-04 04:43:21.467   857   857 D TelephonyManager: getSimState: simState=5 slotIdx=0
08-04 04:43:21.539  1120  1183 D SubscriptionController: [getActiveSubInfoList]+
08-04 04:43:21.542  1120  1183 D SubscriptionController: selection:sim_id>=0 null
08-04 04:43:21.552  1120  1183 D TelephonyManager: getTelephonyProperty: return propVal='cn' phoneId=0 property='gsm.sim.operator.iso-country' defaultVal='' prop=cn
08-04 04:43:21.553  1120  1183 D SubscriptionController: [getSubInfoRecord] id:1 iccid:89860115921101579076 simSlotIndex:0 displayName:CARD 1 nameSource:0 iconTint:-16746133 dataRoaming:0 mcc:460 mnc:1 countIso:cn
08-04 04:43:21.554  1120  1183 D PhoneFactory: getPhone:- phoneId != DEFAULT_PHONE_ID return sProxyPhones[phoneId] phoneId=0 phone=Handler (com.android.internal.telephony.PhoneProxy) {5e7ec3c}
08-04 04:43:21.558  1120  1183 D SubscriptionController: [getActiveSubInfoList]- 1 infos return
08-04 04:43:21.571  1120  1339 D SubscriptionController: [getActiveSubInfoList]+
08-04 04:43:21.575  1120  1339 D SubscriptionController: selection:sim_id>=0 null
08-04 04:43:21.592  1120  1339 D TelephonyManager: getTelephonyProperty: return propVal='cn' phoneId=0 property='gsm.sim.operator.iso-country' defaultVal='' prop=cn
08-04 04:43:21.593  1120  1339 D SubscriptionController: [getSubInfoRecord] id:1 iccid:89860115921101579076 simSlotIndex:0 displayName:CARD 1 nameSource:0 iconTint:-16746133 dataRoaming:0 mcc:460 mnc:1 countIso:cn
08-04 04:43:21.595  1120  1339 D PhoneFactory: getPhone:- phoneId != DEFAULT_PHONE_ID return sProxyPhones[phoneId] phoneId=0 phone=Handler (com.android.internal.telephony.PhoneProxy) {5e7ec3c}
08-04 04:43:21.599  1120  1339 D SubscriptionController: [getActiveSubInfoList]- 1 infos return
08-04 04:43:21.613  1120  1347 D SubscriptionController: [getActiveSubInfoList]+
08-04 04:43:21.615  1120  1347 D SubscriptionController: selection:sim_id>=0 null
08-04 04:43:21.629  1120  1347 D TelephonyManager: getTelephonyProperty: return propVal='cn' phoneId=0 property='gsm.sim.operator.iso-country' defaultVal='' prop=cn
08-04 04:43:21.629  1120  1347 D SubscriptionController: [getSubInfoRecord] id:1 iccid:89860115921101579076 simSlotIndex:0 displayName:CARD 1 nameSource:0 iconTint:-16746133 dataRoaming:0 mcc:460 mnc:1 countIso:cn
08-04 04:43:21.632  1120  1347 D PhoneFactory: getPhone:- phoneId != DEFAULT_PHONE_ID return sProxyPhones[phoneId] phoneId=0 phone=Handler (com.android.internal.telephony.PhoneProxy) {5e7ec3c}
08-04 04:43:21.636  1120  1347 D SubscriptionController: [getActiveSubInfoList]- 1 infos return
08-04 04:43:21.651  1120  1177 D SubscriptionController: [getActiveSubInfoList]+
08-04 04:43:21.655  1120  1177 D SubscriptionController: selection:sim_id>=0 null
08-04 04:43:21.675  1120  1177 D TelephonyManager: getTelephonyProperty: return propVal='cn' phoneId=0 property='gsm.sim.operator.iso-country' defaultVal='' prop=cn
08-04 04:43:21.676  1120  1177 D SubscriptionController: [getSubInfoRecord] id:1 iccid:89860115921101579076 simSlotIndex:0 displayName:CARD 1 nameSource:0 iconTint:-16746133 dataRoaming:0 mcc:460 mnc:1 countIso:cn
08-04 04:43:21.677  1120  1177 D PhoneFactory: getPhone:- phoneId != DEFAULT_PHONE_ID return sProxyPhones[phoneId] phoneId=0 phone=Handler (com.android.internal.telephony.PhoneProxy) {5e7ec3c}
08-04 04:43:21.682  1120  1177 D SubscriptionController: [getActiveSubInfoList]- 1 infos return
08-04 04:43:21.697  1120  1339 D PhoneFactory: getPhone:- phoneId != DEFAULT_PHONE_ID return sProxyPhones[phoneId] phoneId=0 phone=Handler (com.android.internal.telephony.PhoneProxy) {5e7ec3c}
