04-08 15:07:13.216   712 22160 I force_gc: Binder
04-08 15:07:17.125   712  1199 I force_gc: Binder
04-08 15:07:20.148   857   857 I force_gc: Binder
04-08 15:07:22.681   712  1199 I force_gc: Binder
04-08 15:07:26.529   712   729 I force_gc: Binder
04-08 15:07:28.230   857   857 I force_gc: Binder
04-08 15:07:30.733   712 17119 I force_gc: Binder
04-08 15:07:31.742   857   857 I force_gc: Binder
04-08 15:07:34.219   712   729 I force_gc: Binder
04-08 15:07:34.517  2387  2387 I menu_opened: 0
04-08 15:07:35.573   857   857 I force_gc: Binder
04-08 15:07:37.106   712   729 I force_gc: Binder
04-08 15:07:38.358   857   857 I force_gc: Binder
04-08 15:07:39.940   712   729 I force_gc: Binder
04-08 15:07:43.032   176   176 I sf_frame_dur: [VolumePanel,0,0,0,0,1,0,0]
04-08 15:07:43.236  2387  2387 I menu_opened: 0
04-08 15:07:45.796   712   712 I notification_enqueue: [10013,27227,com.android.systemui,789,NULL,0,Notification(pri=0 contentView=null vibrate=null sound=null defaults=0x0 flags=0x20 color=0xff607d8b vis=PRIVATE publicVersion=Notification(pri=0 contentView=com.android.systemui/0x1090077 vibrate=null sound=null defaults=0x0 flags=0x0 color=0xff607d8b category=progress vis=PRIVATE)),0]
04-08 15:07:46.014   176   176 I sf_frame_dur: [ScreenshotAnimation,9,11,3,1,1,0,1]
04-08 15:07:49.620   712  1037 I notification_expansion: [0|com.android.systemui|789|null|10013,0,1]
04-08 15:07:49.642   712   728 I notification_expansion: [-1|android|17040644|null|1000,0,0]
04-08 15:07:50.461   712 17111 I force_gc: Binder
04-08 15:07:55.142   712 17119 I force_gc: Binder
04-08 15:07:59.628   712  1037 I force_gc: Binder
04-08 15:08:01.022  2387  2387 I menu_opened: 0
04-08 15:08:14.075   712   777 I am_broadcast_discard_filter: [0,228324562,android.intent.action.TIME_TICK,1,304069405]
04-08 15:08:14.169   712   777 I am_anr  : [0,857,com.android.systemui,1086864909,Broadcast of Intent { act=android.intent.action.TIME_TICK flg=0x50000014 (has extras) }]
04-08 15:08:34.690   857   857 I sysui_panelholder_touch: [0,463,39]
04-08 15:08:36.118   712  1154 I notification_panel_revealed: []
04-08 15:08:36.459   712   728 I notification_visibility_changed: [0|com.android.systemui|789|null|10013;-1|android|17040644|null|1000;-1|android|17040636|null|1000,]
04-08 15:08:41.169   712 22160 I notification_visibility_changed: [,-1|android|17040636|null|1000]
04-08 15:08:41.390   712  1261 I notification_visibility_changed: [,0|com.android.systemui|789|null|10013;-1|android|17040644|null|1000]
04-08 15:08:41.394   712  1154 I notification_panel_hidden: []
04-08 15:08:50.791   712  1037 I force_gc: Binder
04-08 15:08:51.429   857   857 I force_gc: Binder
04-08 15:08:54.368   712   904 I force_gc: Binder
04-08 15:08:57.176   857   857 I force_gc: Binder
04-08 15:08:57.459   712   729 I force_gc: Binder
04-08 15:09:06.197   712   712 I notification_enqueue: [10013,27227,com.android.systemui,789,NULL,0,Notification(pri=0 contentView=null vibrate=null sound=null defaults=0x0 flags=0x10 color=0xff607d8b actions=1 vis=PRIVATE publicVersion=Notification(pri=0 contentView=com.android.systemui/0x1090077 vibrate=null sound=null defaults=0x0 flags=0x10 color=0xff607d8b category=progress vis=PRIVATE)),1]
04-08 15:09:06.259   712 19362 I notification_expansion: [0|com.android.systemui|789|null|10013,0,0]
04-08 15:09:09.694   712   904 I notification_expansion: [0|com.android.systemui|789|null|10013,0,1]
04-08 15:09:10.224   712   777 I am_broadcast_discard_filter: [0,680739093,android.intent.action.TIME_TICK,11,878573261]
04-08 15:09:10.545   712 22159 I force_gc: Binder
04-08 15:09:13.581   712 22159 I force_gc: Binder
04-08 15:09:16.394   857   857 I force_gc: Binder
04-08 15:09:16.661   712  1037 I force_gc: Binder
04-08 15:09:21.988   857   857 I force_gc: Binder
04-08 15:09:22.463   712  1261 I force_gc: Binder
04-08 15:09:25.425   712 17119 I force_gc: Binder
04-08 15:09:26.440   857   857 I force_gc: Binder
04-08 15:09:28.661   712   904 I force_gc: Binder
04-08 15:09:29.137  2387  2387 I menu_opened: 0
04-08 15:09:29.547   857   857 I force_gc: Binder
04-08 15:09:31.632   712 22159 I force_gc: Binder
04-08 15:09:34.229  2387  2387 I menu_opened: 0
04-08 15:09:34.381   712   729 I force_gc: Binder
04-08 15:09:35.713   857   857 I force_gc: Binder
04-08 15:09:37.544   712 22159 I force_gc: Binder
04-08 15:09:39.010   857   857 I force_gc: Binder
04-08 15:09:41.076   712   728 I force_gc: Binder
04-08 15:09:44.112   712  1269 I force_gc: Binder
04-08 15:09:45.798   857   857 I force_gc: Binder
04-08 15:09:47.996   712   728 I force_gc: Binder
04-08 15:09:49.519   857   857 I force_gc: Binder
04-08 15:09:51.883   712   904 I force_gc: Binder
04-08 15:09:56.374   712  1199 I force_gc: Binder
04-08 15:09:56.983  2387  2387 I menu_opened: 0
04-08 15:10:00.993   857   857 I force_gc: Binder
04-08 15:10:01.613   712   728 I force_gc: Binder
04-08 15:10:09.560   857   857 I force_gc: Binder
04-08 15:10:09.922   712   729 I force_gc: Binder
04-08 15:10:10.446   712   712 I free_storage_changed: 12925034496
04-08 15:10:11.797   857   857 I sysui_panelholder_touch: [0,777,33]
04-08 15:10:12.137   712   729 I notification_panel_revealed: []
04-08 15:10:12.209   712 17119 I notification_visibility_changed: [0|com.android.systemui|789|null|10013;-1|android|17040644|null|1000;-1|android|17040636|null|1000,]
04-08 15:10:12.995   857   857 I sysui_panelholder_touch: [0,295,208]
04-08 15:10:13.469   712 19362 I notification_visibility_changed: [,0|com.android.systemui|789|null|10013;-1|android|17040644|null|1000;-1|android|17040636|null|1000]
04-08 15:10:13.486   712 19362 I notification_panel_hidden: []
04-08 15:10:16.518   712 17119 I force_gc: Binder
04-08 15:10:19.064  2387  2387 I menu_opened: 0
04-08 15:10:19.846   857   857 I force_gc: Binder
04-08 15:10:20.966   712   904 I force_gc: Binder
04-08 15:10:22.100   712   904 I am_home_stack_moved: [0,0,1,1,intentActivityFound]
04-08 15:10:22.100   712   904 I wm_task_moved: [3,1,0]
04-08 15:10:23.150   712 17119 I am_home_stack_moved: [0,0,1,1,intentActivityFound]
04-08 15:10:23.150   712 17119 I wm_task_moved: [3,1,0]
04-08 15:10:24.842   712  1262 I force_gc: Binder
04-08 15:10:28.359   712   904 I force_gc: Binder
04-08 15:10:28.946   857   857 I force_gc: Binder
04-08 15:10:30.782  2387  2387 I menu_opened: 0
04-08 15:10:32.214   712  1269 I force_gc: Binder
04-08 15:10:36.618   712   729 I force_gc: Binder
04-08 15:10:39.634   857   857 I force_gc: Binder
04-08 15:10:40.515   712   904 I force_gc: Binder
04-08 15:10:40.573  2387  2387 I menu_opened: 0
04-08 15:10:45.908   712 19362 I am_finish_activity: [0,973168939,3,com.youku.phone/com.youku.ui.activity.DetailActivity,app-request]
04-08 15:10:45.910   712 19362 I am_home_stack_moved: [0,0,1,1,finishActivity adjustTopFocus setFocusedActivity]
04-08 15:10:45.910   712 19362 I am_focused_activity: [0,com.youku.phone/com.youku.userchannel.ShowUserChannel]
04-08 15:10:45.910   712 19362 I am_pause_activity: [0,973168939,com.youku.phone/com.youku.ui.activity.DetailActivity]
04-08 15:10:46.119   176   176 I sf_frame_dur: [VolumePanel,0,0,0,0,0,1,0]
04-08 15:10:46.418   712   777 I am_resume_activity: [0,154135486,3,com.youku.phone/com.youku.userchannel.ShowUserChannel]
04-08 15:10:46.657   712  1154 I force_gc: Binder
04-08 15:10:47.215  2387  2387 I am_on_paused_called: [0,com.youku.ui.activity.DetailActivity]
04-08 15:10:47.215   712  1199 I am_failed_to_pause: [0,973168939,com.youku.phone/com.youku.ui.activity.DetailActivity,(none)]
04-08 15:10:47.832  2387  2387 I am_on_resume_called: [0,com.youku.userchannel.ShowUserChannel]
04-08 15:10:48.816   176   176 I sf_frame_dur: [SurfaceView,192,171,190,120,56,24,15]
04-08 15:10:48.884   176   176 I sf_frame_dur: [com.youku.phone/com.youku.ui.activity.DetailActivity,2887,2367,851,135,39,21,42]
04-08 15:10:50.042   712 19362 I am_destroy_activity: [0,973168939,3,com.youku.phone/com.youku.ui.activity.DetailActivity,finish-imm]
04-08 15:10:50.149   712   712 I notification_cancel: [10054,2387,com.youku.phone,11250603,NULL,0,0,64,8,NULL]
04-08 15:10:50.338   857   857 I force_gc: Binder
04-08 15:10:50.745   712  1199 I force_gc: Binder
04-08 15:10:51.130   712 19362 I am_kill : [0,2481,com.youku.phone:dex2oat,15,empty for 3987s]
04-08 15:10:51.150   857   857 I sysui_panelholder_touch: [0,895,1]
04-08 15:10:51.314   712  1154 I notification_panel_revealed: []
04-08 15:10:51.423   712   904 I notification_visibility_changed: [0|com.android.systemui|789|null|10013;-1|android|17040644|null|1000;-1|android|17040636|null|1000,]
04-08 15:10:53.338   712  1199 I notification_visibility_changed: [,-1|android|17040636|null|1000]
04-08 15:10:53.997   712  1262 I notification_visibility_changed: [,0|com.android.systemui|789|null|10013;-1|android|17040644|null|1000]
04-08 15:10:54.011   712   904 I notification_panel_hidden: []
04-08 15:10:56.538  2442  2442 I auditd  : type=1400 audit(0.0:430): avc: denied { read } for comm="OnLineMonitor" name="mem" dev="debugfs" ino=17253 scontext=u:r:untrusted_app:s0 tcontext=u:object_r:debugfs:s0 tclass=file
04-08 15:10:56.608  2442  2442 I auditd  : type=1400 audit(0.0:431): avc: denied { read } for comm="OnLineMonitor" name="mem" dev="debugfs" ino=17253 scontext=u:r:untrusted_app:s0 tcontext=u:object_r:debugfs:s0 tclass=file
04-08 15:10:56.913   712  1199 I am_home_stack_moved: [0,0,1,1,sourceStackToFront]
04-08 15:10:56.913   712  1199 I wm_task_moved: [3,1,0]
04-08 15:10:56.925   712  1199 I am_create_activity: [0,562030253,3,com.youku.phone/com.youku.ui.activity.DetailActivity,NULL,NULL,NULL,0]
04-08 15:10:56.926   712  1199 I am_pause_activity: [0,154135486,com.youku.phone/com.youku.userchannel.ShowUserChannel]
04-08 15:10:56.934   712  1199 I am_home_stack_moved: [0,0,1,1,startedActivity setFocusedActivity]
04-08 15:10:56.936   712  1199 I am_focused_activity: [0,com.youku.phone/com.youku.ui.activity.DetailActivity]
04-08 15:10:57.058  2387  2387 I am_on_paused_called: [0,com.youku.userchannel.ShowUserChannel]
04-08 15:10:57.094   712 19362 I am_restart_activity: [0,562030253,3,com.youku.phone/com.youku.ui.activity.DetailActivity]
04-08 15:10:57.498   712   777 I am_broadcast_discard_app: [0,642927664,com.youku.pushsdk.pushservice.ALARM_TICK,0,ResolveInfo{23d2362e com.youku.phone/com.youku.pushsdk.receiver.YoukuAppActionReceiver m=0x108000}]
04-08 15:10:57.734   712   777 I am_anr  : [0,2703,com.push.Youku_PushService,9977412,Broadcast of Intent { act=com.youku.pushsdk.pushservice.ALARM_TICK flg=0x14 cmp=com.youku.phone/com.youku.pushsdk.receiver.YoukuAppActionReceiver (has extras) }]
04-08 15:11:06.118   712   904 I am_proc_died: [0,2481,com.youku.phone:dex2oat]
04-08 15:11:11.034   712 17119 I force_gc: Binder
04-08 15:11:14.375   712  1199 I force_gc: Binder
04-08 15:11:16.876   857   857 I force_gc: Binder
04-08 15:11:17.763   712   904 I force_gc: Binder
04-08 15:11:19.618   857   857 I force_gc: Binder
04-08 15:11:20.513   712  1154 I force_gc: Binder
04-08 15:11:23.021   712  1199 I force_gc: Binder
04-08 15:11:24.628  2442  2442 I auditd  : type=1400 audit(0.0:432): avc: denied { read } for comm="OnLineMonitor" name="mem" dev="debugfs" ino=17253 scontext=u:r:untrusted_app:s0 tcontext=u:object_r:debugfs:s0 tclass=file
04-08 15:11:24.628  2442  2442 I auditd  : type=1400 audit(0.0:433): avc: denied { read } for comm="OnLineMonitor" name="mem" dev="debugfs" ino=17253 scontext=u:r:untrusted_app:s0 tcontext=u:object_r:debugfs:s0 tclass=file
04-08 15:11:24.697   857   857 I force_gc: Binder
04-08 15:11:26.143   712   904 I force_gc: Binder
04-08 15:11:26.823   712   712 I notification_cancel: [10054,2387,com.youku.phone,11250603,NULL,0,0,64,8,NULL]
04-08 15:11:27.139  2387  2387 I am_on_resume_called: [0,com.youku.ui.activity.DetailActivity]
04-08 15:11:27.620   857   857 I force_gc: Binder
04-08 15:11:28.544   176   176 I sf_frame_dur: [com.youku.phone/com.youku.userchannel.ShowUserChannel,0,0,1,0,3,2,4]
04-08 15:11:28.714   712   782 I am_activity_launch_time: [0,562030253,com.youku.phone/com.youku.ui.activity.DetailActivity,31624,31624]
04-08 15:11:28.743   712  1262 I force_gc: Binder
04-08 15:11:30.143   857   857 I force_gc: Binder
04-08 15:11:31.470   712 22160 I force_gc: Binder
04-08 15:11:35.299   712 22160 I force_gc: Binder
04-08 15:11:38.523   857   857 I force_gc: Binder
04-08 15:11:39.013   712  1198 I force_gc: Binder
04-08 15:11:42.294   857   857 I force_gc: Binder
04-08 15:11:43.210   712 22160 I force_gc: Binder
04-08 15:11:47.187   712 19362 I force_gc: Binder
04-08 15:11:49.813   857   857 I force_gc: Binder
04-08 15:11:50.871   712 19362 I force_gc: Binder
04-08 15:11:59.598   712 22160 I force_gc: Binder
04-08 15:12:06.358  2442  2442 I auditd  : type=1400 audit(0.0:434): avc: denied { read } for comm="OnLineMonitor" name="mem" dev="debugfs" ino=17253 scontext=u:r:untrusted_app:s0 tcontext=u:object_r:debugfs:s0 tclass=file
04-08 15:12:06.368  2442  2442 I auditd  : type=1400 audit(0.0:435): avc: denied { read } for comm="OnLineMonitor" name="mem" dev="debugfs" ino=17253 scontext=u:r:untrusted_app:s0 tcontext=u:object_r:debugfs:s0 tclass=file
04-08 15:12:08.298   712 13229 I force_gc: Binder
04-08 15:12:11.013   857   857 I force_gc: Binder
04-08 15:12:11.178  2442  2442 I auditd  : type=1400 audit(0.0:436): avc: denied { read } for comm="OnLineMonitor" name="mem" dev="debugfs" ino=17253 scontext=u:r:untrusted_app:s0 tcontext=u:object_r:debugfs:s0 tclass=file
04-08 15:12:11.188  2442  2442 I auditd  : type=1400 audit(0.0:437): avc: denied { read } for comm="OnLineMonitor" name="mem" dev="debugfs" ino=17253 scontext=u:r:untrusted_app:s0 tcontext=u:object_r:debugfs:s0 tclass=file
04-08 15:12:13.015   712 22160 I force_gc: Binder
04-08 15:12:15.031  2387  2387 I menu_opened: 0
04-08 15:12:16.822   712  1199 I force_gc: Binder
04-08 15:12:17.191   712 17119 I am_finish_activity: [0,562030253,3,com.youku.phone/com.youku.ui.activity.DetailActivity,app-request]
04-08 15:12:17.196   712 17119 I am_home_stack_moved: [0,0,1,1,finishActivity adjustTopFocus setFocusedActivity]
04-08 15:12:17.196   712 17119 I am_focused_activity: [0,com.youku.phone/com.youku.userchannel.ShowUserChannel]
04-08 15:12:17.196   712 17119 I am_pause_activity: [0,562030253,com.youku.phone/com.youku.ui.activity.DetailActivity]
04-08 15:12:17.596  2387  2387 I am_on_paused_called: [0,com.youku.ui.activity.DetailActivity]
04-08 15:12:17.613   712  1261 I am_resume_activity: [0,154135486,3,com.youku.phone/com.youku.userchannel.ShowUserChannel]
04-08 15:12:17.930  2387  2387 I am_on_resume_called: [0,com.youku.userchannel.ShowUserChannel]
04-08 15:12:18.876   176   176 I sf_frame_dur: [com.youku.phone/com.youku.ui.activity.DetailActivity,434,595,82,5,7,2,3]
04-08 15:12:19.038   712   904 I am_destroy_activity: [0,562030253,3,com.youku.phone/com.youku.ui.activity.DetailActivity,finish-imm]
04-08 15:12:19.092   712   712 I notification_cancel: [10054,2387,com.youku.phone,11250603,NULL,0,0,64,8,NULL]
04-08 15:12:19.638  2442  2442 I auditd  : type=1400 audit(0.0:438): avc: denied { read } for comm="OnLineMonitor" name="mem" dev="debugfs" ino=17253 scontext=u:r:untrusted_app:s0 tcontext=u:object_r:debugfs:s0 tclass=file
04-08 15:12:19.668  2442  2442 I auditd  : type=1400 audit(0.0:439): avc: denied { read } for comm="OnLineMonitor" name="mem" dev="debugfs" ino=17253 scontext=u:r:untrusted_app:s0 tcontext=u:object_r:debugfs:s0 tclass=file
04-08 15:12:19.962   857   857 I force_gc: Binder
04-08 15:12:21.314   712   904 I force_gc: Binder
04-08 15:12:23.928  2442  2442 I auditd  : type=1400 audit(0.0:440): avc: denied { read } for comm="OnLineMonitor" name="mem" dev="debugfs" ino=17253 scontext=u:r:untrusted_app:s0 tcontext=u:object_r:debugfs:s0 tclass=file
04-08 15:12:23.978  2442  2442 I auditd  : type=1400 audit(0.0:441): avc: denied { read } for comm="OnLineMonitor" name="mem" dev="debugfs" ino=17253 scontext=u:r:untrusted_app:s0 tcontext=u:object_r:debugfs:s0 tclass=file
04-08 15:12:27.221   712  1261 I force_gc: Binder
04-08 15:12:27.515   712   712 I notification_enqueue: [10013,27227,com.android.systemui,789,NULL,0,Notification(pri=0 contentView=null vibrate=null sound=null defaults=0x0 flags=0x20 color=0xff607d8b vis=PRIVATE publicVersion=Notification(pri=0 contentView=com.android.systemui/0x1090077 vibrate=null sound=null defaults=0x0 flags=0x0 color=0xff607d8b category=progress vis=PRIVATE)),1]
04-08 15:12:27.749   176   176 I sf_frame_dur: [ScreenshotAnimation,23,8,2,2,0,2,0]
04-08 15:12:27.938   712 19362 I notification_expansion: [0|com.android.systemui|789|null|10013,0,0]
04-08 15:12:28.930   712  1199 I notification_expansion: [0|com.android.systemui|789|null|10013,0,1]
04-08 15:12:32.842   712   712 I notification_enqueue: [10013,27227,com.android.systemui,789,NULL,0,Notification(pri=0 contentView=null vibrate=null sound=null defaults=0x0 flags=0x10 color=0xff607d8b actions=1 vis=PRIVATE publicVersion=Notification(pri=0 contentView=com.android.systemui/0x1090077 vibrate=null sound=null defaults=0x0 flags=0x10 color=0xff607d8b category=progress vis=PRIVATE)),1]
04-08 15:12:33.259   712  1199 I notification_expansion: [0|com.android.systemui|789|null|10013,0,0]
04-08 15:12:33.468  2442  2442 I auditd  : type=1400 audit(0.0:442): avc: denied { read } for comm="OnLineMonitor" name="mem" dev="debugfs" ino=17253 scontext=u:r:untrusted_app:s0 tcontext=u:object_r:debugfs:s0 tclass=file
04-08 15:12:33.508  2442  2442 I auditd  : type=1400 audit(0.0:443): avc: denied { read } for comm="OnLineMonitor" name="mem" dev="debugfs" ino=17253 scontext=u:r:untrusted_app:s0 tcontext=u:object_r:debugfs:s0 tclass=file
04-08 15:12:34.601   712 13229 I notification_expansion: [0|com.android.systemui|789|null|10013,0,1]
04-08 15:12:35.620   712 13229 I force_gc: Binder
04-08 15:12:37.774   712 17119 I am_home_stack_moved: [0,0,1,1,sourceStackToFront]
04-08 15:12:37.775   712 17119 I wm_task_moved: [3,1,0]
04-08 15:12:37.793   712 17119 I am_create_activity: [0,692109550,3,com.youku.phone/com.youku.ui.activity.DetailActivity,NULL,NULL,NULL,0]
04-08 15:12:37.794   712 17119 I am_pause_activity: [0,154135486,com.youku.phone/com.youku.userchannel.ShowUserChannel]
04-08 15:12:37.815   712 17119 I am_home_stack_moved: [0,0,1,1,startedActivity setFocusedActivity]
04-08 15:12:37.819   712 17119 I am_focused_activity: [0,com.youku.phone/com.youku.ui.activity.DetailActivity]
04-08 15:12:38.015  2387  2387 I am_on_paused_called: [0,com.youku.userchannel.ShowUserChannel]
04-08 15:12:38.022   712  1199 I am_restart_activity: [0,692109550,3,com.youku.phone/com.youku.ui.activity.DetailActivity]
04-08 15:12:38.859   857   857 I force_gc: Binder
04-08 15:12:39.276   712  1261 I force_gc: Binder
04-08 15:12:39.628  2442  2442 I auditd  : type=1400 audit(0.0:444): avc: denied { read } for comm="OnLineMonitor" name="mem" dev="debugfs" ino=17253 scontext=u:r:untrusted_app:s0 tcontext=u:object_r:debugfs:s0 tclass=file
04-08 15:12:39.638  2442  2442 I auditd  : type=1400 audit(0.0:445): avc: denied { read } for comm="OnLineMonitor" name="mem" dev="debugfs" ino=17253 scontext=u:r:untrusted_app:s0 tcontext=u:object_r:debugfs:s0 tclass=file
04-08 15:12:41.018   712   712 I notification_cancel: [10054,2387,com.youku.phone,11250603,NULL,0,0,64,8,NULL]
04-08 15:12:41.118  2387  2387 I am_on_resume_called: [0,com.youku.ui.activity.DetailActivity]
04-08 15:12:41.493   857   857 I force_gc: Binder
04-08 15:12:41.867   712 13229 I force_gc: Binder
04-08 15:12:42.773   712   782 I am_activity_launch_time: [0,692109550,com.youku.phone/com.youku.ui.activity.DetailActivity,4752,4752]
04-08 15:12:43.514  2387  2387 I menu_opened: 0
04-08 15:12:43.588   176   176 I sf_frame_dur: [com.youku.phone/com.youku.userchannel.ShowUserChannel,2,1,4,1,3,4,5]
04-08 15:12:44.624   712  1261 I force_gc: Binder
04-08 15:12:46.012   857   857 I force_gc: Binder
04-08 15:12:46.223   712  1037 I battery_level: [85,4083,420]
04-08 15:12:46.302   712   712 I notification_cancel: [10013,857,com.android.systemui,100,low_battery,-1,0,64,8,NULL]
04-08 15:12:46.569   712  1037 I am_home_stack_moved: [0,0,1,1,intentActivityFound]
04-08 15:12:46.569   712  1037 I wm_task_moved: [3,1,0]
04-08 15:12:47.644   176   176 I sf_frame_dur: [VolumePanel,0,1,1,0,0,0,0]
04-08 15:12:48.397   712  1261 I force_gc: Binder
04-08 15:12:49.629   857   857 I force_gc: Binder
04-08 15:12:49.914  2387  2387 I menu_opened: 0
04-08 15:12:56.473   176   176 I sf_frame_dur: [SafetyWarning,3,5,2,0,0,1,0]
04-08 15:12:56.734   712 17119 I force_gc: Binder
04-08 15:12:56.888  2442  2442 I auditd  : type=1400 audit(0.0:446): avc: denied { read } for comm="OnLineMonitor" name="mem" dev="debugfs" ino=17253 scontext=u:r:untrusted_app:s0 tcontext=u:object_r:debugfs:s0 tclass=file
04-08 15:12:56.888  2442  2442 I auditd  : type=1400 audit(0.0:447): avc: denied { read } for comm="OnLineMonitor" name="mem" dev="debugfs" ino=17253 scontext=u:r:untrusted_app:s0 tcontext=u:object_r:debugfs:s0 tclass=file
04-08 15:12:59.364   857   857 I force_gc: Binder
04-08 15:12:59.569  2387  2387 I menu_opened: 0
04-08 15:13:00.460   712 13229 I force_gc: Binder
04-08 15:13:08.744   712   904 I am_home_stack_moved: [0,0,1,1,intentActivityFound]
04-08 15:13:08.744   712   904 I wm_task_moved: [3,1,0]
04-08 15:13:09.864   712 22160 I force_gc: Binder
04-08 15:13:12.213   857   857 I force_gc: Binder
04-08 15:13:13.258  2442  2442 I auditd  : type=1400 audit(0.0:448): avc: denied { read } for comm="OnLineMonitor" name="mem" dev="debugfs" ino=17253 scontext=u:r:untrusted_app:s0 tcontext=u:object_r:debugfs:s0 tclass=file
04-08 15:13:13.278  2442  2442 I auditd  : type=1400 audit(0.0:449): avc: denied { read } for comm="OnLineMonitor" name="mem" dev="debugfs" ino=17253 scontext=u:r:untrusted_app:s0 tcontext=u:object_r:debugfs:s0 tclass=file
04-08 15:13:14.026   712 17119 I force_gc: Binder
04-08 15:13:14.614   857   857 I sysui_panelholder_touch: [0,667,72]
04-08 15:13:14.781   712  1037 I notification_panel_revealed: []
04-08 15:13:14.859   712   904 I notification_visibility_changed: [0|com.android.systemui|789|null|10013;-1|android|17040644|null|1000;-1|android|17040636|null|1000,]
04-08 15:13:17.250   712 17119 I notification_clicked: 0|com.android.systemui|789|null|10013
04-08 15:13:17.250   712   712 I notification_cancel: [10013,857,com.android.systemui,789,NULL,0,16,64,1,NULL]
04-08 15:13:17.253   712   712 I notification_canceled: [0|com.android.systemui|789|null|10013,1]
04-08 15:13:17.321   712  1037 I notification_visibility_changed: [,0|com.android.systemui|789|null|10013;-1|android|17040644|null|1000;-1|android|17040636|null|1000]
04-08 15:13:17.326   712 17119 I notification_panel_hidden: []
04-08 15:13:18.164   712  1037 I notification_expansion: [-1|android|17040644|null|1000,0,1]
04-08 15:13:18.591   712  1199 I am_home_stack_moved: [0,0,1,1,intentActivityFound]
04-08 15:13:18.608   712  1199 I wm_task_moved: [3,1,0]
04-08 15:13:20.725  2387  2387 I menu_opened: 0
04-08 15:13:21.177   712  1262 I force_gc: Binder
04-08 15:13:21.512   857   857 I force_gc: Binder
04-08 15:13:24.038  2442  2442 I auditd  : type=1400 audit(0.0:450): avc: denied { read } for comm="OnLineMonitor" name="mem" dev="debugfs" ino=17253 scontext=u:r:untrusted_app:s0 tcontext=u:object_r:debugfs:s0 tclass=file
04-08 15:13:24.038  2442  2442 I auditd  : type=1400 audit(0.0:451): avc: denied { read } for comm="OnLineMonitor" name="mem" dev="debugfs" ino=17253 scontext=u:r:untrusted_app:s0 tcontext=u:object_r:debugfs:s0 tclass=file
04-08 15:13:26.275   712   904 I force_gc: Binder
04-08 15:13:27.366   857   857 I force_gc: Binder
04-08 15:13:29.382   712  1262 I am_finish_activity: [0,692109550,3,com.youku.phone/com.youku.ui.activity.DetailActivity,app-request]
04-08 15:13:29.384   712  1262 I am_home_stack_moved: [0,0,1,1,finishActivity adjustTopFocus setFocusedActivity]
04-08 15:13:29.385   712  1262 I am_focused_activity: [0,com.youku.phone/com.youku.userchannel.ShowUserChannel]
04-08 15:13:29.385   712  1262 I am_pause_activity: [0,692109550,com.youku.phone/com.youku.ui.activity.DetailActivity]
04-08 15:13:29.613   712 17119 I force_gc: Binder
04-08 15:13:29.893   712   777 I am_resume_activity: [0,154135486,3,com.youku.phone/com.youku.userchannel.ShowUserChannel]
04-08 15:13:30.130  2387  2387 I am_on_paused_called: [0,com.youku.ui.activity.DetailActivity]
04-08 15:13:30.134   712  1261 I am_failed_to_pause: [0,692109550,com.youku.phone/com.youku.ui.activity.DetailActivity,(none)]
04-08 15:13:30.880  2387  2387 I am_on_resume_called: [0,com.youku.userchannel.ShowUserChannel]
04-08 15:13:31.220   857   857 I force_gc: Binder
04-08 15:13:32.119   176   176 I sf_frame_dur: [com.youku.phone/com.youku.ui.activity.DetailActivity,551,537,64,17,5,5,5]
04-08 15:13:32.646   712 22160 I am_destroy_activity: [0,692109550,3,com.youku.phone/com.youku.ui.activity.DetailActivity,finish-imm]
04-08 15:13:32.781   712   712 I notification_cancel: [10054,2387,com.youku.phone,11250603,NULL,0,0,64,8,NULL]
04-08 15:13:34.223   712 17119 I force_gc: Binder
04-08 15:13:34.720   712  1261 I am_home_stack_moved: [0,0,1,1,sourceStackToFront]
04-08 15:13:34.720   712  1261 I wm_task_moved: [3,1,0]
04-08 15:13:34.726   712  1261 I am_create_activity: [0,747281268,3,com.youku.phone/com.youku.ui.activity.DetailActivity,NULL,NULL,NULL,0]
04-08 15:13:34.728   712  1261 I am_pause_activity: [0,154135486,com.youku.phone/com.youku.userchannel.ShowUserChannel]
04-08 15:13:34.731   712  1261 I am_home_stack_moved: [0,0,1,1,startedActivity setFocusedActivity]
04-08 15:13:34.733   712  1261 I am_focused_activity: [0,com.youku.phone/com.youku.ui.activity.DetailActivity]
04-08 15:13:34.835  2387  2387 I am_on_paused_called: [0,com.youku.userchannel.ShowUserChannel]
04-08 15:13:34.850   712  1261 I am_restart_activity: [0,747281268,3,com.youku.phone/com.youku.ui.activity.DetailActivity]
04-08 15:13:36.178  2442  2442 I auditd  : type=1400 audit(0.0:452): avc: denied { read } for comm="OnLineMonitor" name="mem" dev="debugfs" ino=17253 scontext=u:r:untrusted_app:s0 tcontext=u:object_r:debugfs:s0 tclass=file
04-08 15:13:36.278  2442  2442 I auditd  : type=1400 audit(0.0:453): avc: denied { read } for comm="OnLineMonitor" name="mem" dev="debugfs" ino=17253 scontext=u:r:untrusted_app:s0 tcontext=u:object_r:debugfs:s0 tclass=file
04-08 15:13:38.921   857   857 I force_gc: Binder
04-08 15:13:39.299   712  1199 I force_gc: Binder
04-08 15:13:44.728   712 22160 I force_gc: Binder
04-08 15:13:47.423   857   857 I force_gc: Binder
04-08 15:13:48.092   712   904 I force_gc: Binder
04-08 15:13:50.217   857   857 I force_gc: Binder
04-08 15:13:50.992   712   904 I force_gc: Binder
04-08 15:13:53.715   712  1261 I force_gc: Binder
04-08 15:13:56.271   857   857 I force_gc: Binder
04-08 15:13:56.563   712  1037 I force_gc: Binder
04-08 15:13:58.621   712   712 I notification_cancel: [10054,2387,com.youku.phone,11250603,NULL,0,0,64,8,NULL]
04-08 15:13:58.718  2387  2387 I am_on_resume_called: [0,com.youku.ui.activity.DetailActivity]
04-08 15:13:58.970   857   857 I force_gc: Binder
04-08 15:13:59.410   712 22160 I force_gc: Binder
04-08 15:14:01.209   712   782 I am_activity_launch_time: [0,747281268,com.youku.phone/com.youku.ui.activity.DetailActivity,26361,26361]
04-08 15:14:01.538   176   176 I sf_frame_dur: [com.youku.phone/com.youku.userchannel.ShowUserChannel,0,0,0,0,0,1,1]
04-08 15:14:03.758   712  1037 I force_gc: Binder
04-08 15:14:04.780   857   857 I force_gc: Binder
04-08 15:14:06.258   712 17119 I force_gc: Binder
04-08 15:14:07.123   857   857 I force_gc: Binder
04-08 15:14:07.653   857   857 I sysui_panelholder_touch: [0,905,9]
04-08 15:14:07.676   712 22160 I notification_panel_revealed: []
04-08 15:14:07.684   712  1037 I notification_visibility_changed: [-1|android|17040644|null|1000;-1|android|17040636|null|1000,]
04-08 15:14:08.295   712  1199 I notification_visibility_changed: [,-1|android|17040644|null|1000;-1|android|17040636|null|1000]
04-08 15:14:08.296   712  1261 I notification_panel_hidden: []
04-08 15:14:09.238   712   728 I force_gc: Binder
04-08 15:14:10.393   857   857 I force_gc: Binder
04-08 15:14:12.893   712  1261 I force_gc: Binder
04-08 15:14:14.913  2387  2387 I menu_opened: 0
04-08 15:14:16.625   712  1262 I force_gc: Binder
04-08 15:14:17.972   712  1269 I am_home_stack_moved: [0,0,1,1,intentActivityFound]
04-08 15:14:17.972   712  1269 I wm_task_moved: [3,1,0]
04-08 15:14:19.025  2387  2387 I menu_opened: 0
04-08 15:14:19.464   857   857 I force_gc: Binder
04-08 15:14:19.828  2442  2442 I auditd  : type=1400 audit(0.0:454): avc: denied { read } for comm="OnLineMonitor" name="mem" dev="debugfs" ino=17253 scontext=u:r:untrusted_app:s0 tcontext=u:object_r:debugfs:s0 tclass=file
04-08 15:14:19.868  2442  2442 I auditd  : type=1400 audit(0.0:455): avc: denied { read } for comm="OnLineMonitor" name="mem" dev="debugfs" ino=17253 scontext=u:r:untrusted_app:s0 tcontext=u:object_r:debugfs:s0 tclass=file
04-08 15:14:20.919   712   728 I force_gc: Binder
04-08 15:14:24.192  2387  2387 I menu_opened: 0
04-08 15:14:24.972   712   728 I force_gc: Binder
04-08 15:14:29.493   712  1199 I force_gc: Binder
04-08 15:14:30.078  2442  2442 I auditd  : type=1400 audit(0.0:456): avc: denied { read } for comm="OnLineMonitor" name="mem" dev="debugfs" ino=17253 scontext=u:r:untrusted_app:s0 tcontext=u:object_r:debugfs:s0 tclass=file
04-08 15:14:30.128  2442  2442 I auditd  : type=1400 audit(0.0:457): avc: denied { read } for comm="OnLineMonitor" name="mem" dev="debugfs" ino=17253 scontext=u:r:untrusted_app:s0 tcontext=u:object_r:debugfs:s0 tclass=file
04-08 15:14:30.817   857   857 I force_gc: Binder
04-08 15:14:33.948   712 17111 I force_gc: Binder
04-08 15:14:37.644   712 17119 I force_gc: Binder
04-08 15:14:38.565   857   857 I force_gc: Binder
04-08 15:14:39.328  2442  2442 I auditd  : type=1400 audit(0.0:458): avc: denied { read } for comm="OnLineMonitor" name="mem" dev="debugfs" ino=17253 scontext=u:r:untrusted_app:s0 tcontext=u:object_r:debugfs:s0 tclass=file
04-08 15:14:39.328  2442  2442 I auditd  : type=1400 audit(0.0:459): avc: denied { read } for comm="OnLineMonitor" name="mem" dev="debugfs" ino=17253 scontext=u:r:untrusted_app:s0 tcontext=u:object_r:debugfs:s0 tclass=file
04-08 15:14:41.674   712  1154 I force_gc: Binder
04-08 15:14:42.471   857   857 I force_gc: Binder
04-08 15:14:45.844   712   904 I force_gc: Binder
04-08 15:14:49.348   857   857 I force_gc: Binder
04-08 15:14:49.774   712 17119 I force_gc: Binder
04-08 15:14:51.985  2387  2387 I menu_opened: 0
04-08 15:14:52.905   712   904 I force_gc: Binder
04-08 15:14:55.621   857   857 I force_gc: Binder
04-08 15:14:55.691   712  1198 I force_gc: Binder
04-08 15:14:59.169   857   857 I force_gc: Binder
04-08 15:14:59.360   712 17111 I force_gc: Binder
04-08 15:15:03.121   712   729 I force_gc: Binder
04-08 15:15:03.618   712  1199 I am_home_stack_moved: [0,0,1,1,intentActivityFound]
04-08 15:15:03.618   712  1199 I wm_task_moved: [3,1,0]
04-08 15:15:06.897   712  1261 I force_gc: Binder
04-08 15:15:08.448   857   857 I force_gc: Binder
04-08 15:15:12.068   712  1198 I force_gc: Binder
04-08 15:15:16.101   712  1269 I force_gc: Binder
04-08 15:15:16.471  2387  2387 I menu_opened: 0
04-08 15:15:17.910   857   857 I force_gc: Binder
04-08 15:15:19.651   712  1269 I force_gc: Binder
04-08 15:15:21.492   857   857 I force_gc: Binder
04-08 15:15:24.363   712 17119 I force_gc: Binder
04-08 15:15:28.462   857   857 I force_gc: Binder
04-08 15:15:28.482   176   176 I sf_frame_dur: [VolumePanel,0,1,0,1,0,0,0]
04-08 15:15:28.541  2387  2387 I menu_opened: 0
04-08 15:15:28.550   712   729 I force_gc: Binder
04-08 15:15:31.069   857   857 I force_gc: Binder
04-08 15:15:31.181   712 19362 I force_gc: Binder
04-08 15:15:33.684   712  1261 I force_gc: Binder
04-08 15:15:34.992   857   857 I force_gc: Binder
04-08 15:15:36.463   712   729 I force_gc: Binder
04-08 15:15:38.154   857   857 I force_gc: Binder
04-08 15:15:39.910  2387  2387 I menu_opened: 0
04-08 15:15:39.974   712 17119 I force_gc: Binder
04-08 15:15:44.486   712  1269 I force_gc: Binder
04-08 15:15:47.900   857   857 I force_gc: Binder
04-08 15:15:48.273   712  1198 I force_gc: Binder
04-08 15:15:51.661   857   857 I force_gc: Binder
04-08 15:15:52.493   712 22159 I force_gc: Binder
04-08 15:15:58.149   712   729 I force_gc: Binder
04-08 15:15:59.215   857   857 I force_gc: Binder
04-08 15:16:04.023   712   729 I force_gc: Binder
04-08 15:16:05.285  2387  2387 I menu_opened: 0
04-08 15:16:07.593   857   857 I force_gc: Binder
04-08 15:16:08.266   712 22159 I force_gc: Binder
04-08 15:16:11.769   857   857 I force_gc: Binder
04-08 15:16:14.476   712 17119 I force_gc: Binder
04-08 15:16:18.096   857   857 I force_gc: Binder
04-08 15:16:18.367   712  1269 I force_gc: Binder
04-08 15:16:20.546  2387  2387 I menu_opened: 0
04-08 15:16:21.677   857   857 I force_gc: Binder
04-08 15:16:22.365   712   729 I force_gc: Binder
04-08 15:16:23.895   712  1261 I am_finish_activity: [0,747281268,3,com.youku.phone/com.youku.ui.activity.DetailActivity,app-request]
04-08 15:16:23.897   712  1261 I am_home_stack_moved: [0,0,1,1,finishActivity adjustTopFocus setFocusedActivity]
04-08 15:16:23.898   712  1261 I am_focused_activity: [0,com.youku.phone/com.youku.userchannel.ShowUserChannel]
04-08 15:16:23.898   712  1261 I am_pause_activity: [0,747281268,com.youku.phone/com.youku.ui.activity.DetailActivity]
04-08 15:16:24.277  2387  2387 I am_on_paused_called: [0,com.youku.ui.activity.DetailActivity]
04-08 15:16:24.284   712   729 I am_resume_activity: [0,154135486,3,com.youku.phone/com.youku.userchannel.ShowUserChannel]
04-08 15:16:24.400  2387  2387 I am_on_resume_called: [0,com.youku.userchannel.ShowUserChannel]
04-08 15:16:25.012   712   777 I am_destroy_activity: [0,747281268,3,com.youku.phone/com.youku.ui.activity.DetailActivity,finish-imm]
04-08 15:16:25.017   176   176 I sf_frame_dur: [com.youku.phone/com.youku.ui.activity.DetailActivity,0,1,0,0,0,1,1]
04-08 15:16:25.047   712   712 I notification_cancel: [10054,2387,com.youku.phone,11250603,NULL,0,0,64,8,NULL]
04-08 15:16:25.962   712  1261 I force_gc: Binder
04-08 15:16:26.238  2442  2442 I auditd  : type=1400 audit(0.0:460): avc: denied { read } for comm="OnLineMonitor" name="mem" dev="debugfs" ino=17253 scontext=u:r:untrusted_app:s0 tcontext=u:object_r:debugfs:s0 tclass=file
04-08 15:16:26.248  2442  2442 I auditd  : type=1400 audit(0.0:461): avc: denied { read } for comm="OnLineMonitor" name="mem" dev="debugfs" ino=17253 scontext=u:r:untrusted_app:s0 tcontext=u:object_r:debugfs:s0 tclass=file
04-08 15:16:27.564   857   857 I force_gc: Binder
04-08 15:16:28.687   712  1269 I force_gc: Binder
04-08 15:16:30.078   857   857 I force_gc: Binder
04-08 15:16:30.438  2387  2387 I menu_item_selected: [0,分享]
04-08 15:16:31.138  2442  2442 I auditd  : type=1400 audit(0.0:462): avc: denied { read } for comm="OnLineMonitor" name="mem" dev="debugfs" ino=17253 scontext=u:r:untrusted_app:s0 tcontext=u:object_r:debugfs:s0 tclass=file
04-08 15:16:31.138  2442  2442 I auditd  : type=1400 audit(0.0:463): avc: denied { read } for comm="OnLineMonitor" name="mem" dev="debugfs" ino=17253 scontext=u:r:untrusted_app:s0 tcontext=u:object_r:debugfs:s0 tclass=file
04-08 15:16:31.340   712 22159 I force_gc: Binder
04-08 15:16:35.298   712  1199 I force_gc: Binder
04-08 15:16:37.178  2442  2442 I auditd  : type=1400 audit(0.0:464): avc: denied { read } for comm="OnLineMonitor" name="mem" dev="debugfs" ino=17253 scontext=u:r:untrusted_app:s0 tcontext=u:object_r:debugfs:s0 tclass=file
04-08 15:16:37.188  2442  2442 I auditd  : type=1400 audit(0.0:465): avc: denied { read } for comm="OnLineMonitor" name="mem" dev="debugfs" ino=17253 scontext=u:r:untrusted_app:s0 tcontext=u:object_r:debugfs:s0 tclass=file
04-08 15:16:38.839   712   728 I force_gc: Binder
04-08 15:16:39.606   857   857 I force_gc: Binder
04-08 15:16:39.677   712  1199 I am_home_stack_moved: [0,0,1,1,sourceStackToFront]
04-08 15:16:39.677   712  1199 I wm_task_moved: [3,1,0]
04-08 15:16:39.684   712  1199 I am_create_activity: [0,915806434,3,com.youku.phone/com.youku.ui.activity.WebViewActivity,NULL,NULL,NULL,0]
04-08 15:16:39.685   712  1199 I am_pause_activity: [0,154135486,com.youku.phone/com.youku.userchannel.ShowUserChannel]
04-08 15:16:39.689   712  1199 I am_home_stack_moved: [0,0,1,1,startedActivity setFocusedActivity]
04-08 15:16:39.698   712  1199 I am_focused_activity: [0,com.youku.phone/com.youku.ui.activity.WebViewActivity]
04-08 15:16:40.047  2387  2387 I am_on_paused_called: [0,com.youku.userchannel.ShowUserChannel]
04-08 15:16:40.064   712 13229 I am_restart_activity: [0,915806434,3,com.youku.phone/com.youku.ui.activity.WebViewActivity]
04-08 15:16:41.046  2387  2387 I am_on_resume_called: [0,com.youku.ui.activity.WebViewActivity]
04-08 15:16:42.012   712   782 I am_activity_launch_time: [0,915806434,com.youku.phone/com.youku.ui.activity.WebViewActivity,1950,1950]
04-08 15:16:42.440   176   176 I sf_frame_dur: [com.youku.phone/com.youku.userchannel.ShowUserChannel,24,6,5,4,5,5,7]
04-08 15:16:42.661  2387  2387 I menu_item_selected: [0,更多]
04-08 15:16:43.694   712  1269 I force_gc: Binder
04-08 15:16:45.541   176   176 I sf_frame_dur: [com.youku.phone/com.youku.ui.activity.WebViewActivity,2,0,1,0,1,1,0]
04-08 15:16:46.244   857   857 I sysui_panelholder_touch: [0,670,12]
04-08 15:16:46.327   712  1261 I notification_panel_revealed: []
04-08 15:16:46.348   712  1269 I notification_visibility_changed: [-1|android|17040644|null|1000;-1|android|17040636|null|1000,]
04-08 15:16:46.928  2442  2442 I auditd  : type=1400 audit(0.0:466): avc: denied { read } for comm="OnLineMonitor" name="mem" dev="debugfs" ino=17253 scontext=u:r:untrusted_app:s0 tcontext=u:object_r:debugfs:s0 tclass=file
04-08 15:16:47.108  2442  2442 I auditd  : type=1400 audit(0.0:467): avc: denied { read } for comm="OnLineMonitor" name="mem" dev="debugfs" ino=17253 scontext=u:r:untrusted_app:s0 tcontext=u:object_r:debugfs:s0 tclass=file
04-08 15:16:47.386   712 22159 I notification_visibility_changed: [,-1|android|17040644|null|1000;-1|android|17040636|null|1000]
04-08 15:16:47.406   712 22160 I notification_panel_hidden: []
04-08 15:16:51.167   712  1154 I force_gc: Binder
04-08 15:16:54.177   712   728 I force_gc: Binder
04-08 15:16:56.915   857   857 I force_gc: Binder
04-08 15:16:57.179   712   728 I force_gc: Binder
04-08 15:16:59.645  2387  2387 I menu_item_selected: [0,更多]
04-08 15:16:59.857   857   857 I force_gc: Binder
04-08 15:17:00.548   712 22159 I force_gc: Binder
04-08 15:17:06.585   176   176 I sf_frame_dur: [com.youku.phone/com.youku.ui.activity.WebViewActivity,14,1,1,1,3,0,0]
04-08 15:17:08.043   176   176 I sf_frame_dur: [VolumePanel,0,1,1,1,0,0,0]
04-08 15:17:09.352   712  1261 I force_gc: Binder
04-08 15:17:09.876   857   857 I force_gc: Binder
04-08 15:17:10.498   712   712 I free_storage_changed: 12931805184
04-08 15:17:11.770   712 13229 I force_gc: Binder
04-08 15:17:14.646   712 13229 I force_gc: Binder
04-08 15:17:15.467   857   857 I force_gc: Binder
04-08 15:17:17.923   712  1154 I force_gc: Binder
04-08 15:17:18.514   857   857 I force_gc: Binder
04-08 15:17:21.516   176   176 I sf_frame_dur: [VolumePanel,4,2,0,1,0,0,0]
04-08 15:17:21.913   712  1199 I force_gc: Binder
04-08 15:17:25.862   712  1199 I force_gc: Binder
04-08 15:17:28.415   857   857 I force_gc: Binder
04-08 15:17:28.901   712  1269 I force_gc: Binder
04-08 15:17:31.793   857   857 I force_gc: Binder
04-08 15:17:32.588   712  1261 I force_gc: Binder
04-08 15:17:32.698   712  1199 I am_finish_activity: [0,915806434,3,com.youku.phone/com.youku.ui.activity.WebViewActivity,app-request]
04-08 15:17:32.705   712  1199 I am_home_stack_moved: [0,0,1,1,finishActivity adjustTopFocus setFocusedActivity]
04-08 15:17:32.705   712  1199 I am_focused_activity: [0,com.youku.phone/com.youku.userchannel.ShowUserChannel]
04-08 15:17:32.706   712  1199 I am_pause_activity: [0,915806434,com.youku.phone/com.youku.ui.activity.WebViewActivity]
04-08 15:17:33.195  2387  2387 I am_on_paused_called: [0,com.youku.ui.activity.WebViewActivity]
04-08 15:17:33.202   712  1199 I am_resume_activity: [0,154135486,3,com.youku.phone/com.youku.userchannel.ShowUserChannel]
04-08 15:17:33.841   857   857 I sysui_panelholder_touch: [0,544,1]
04-08 15:17:33.897  2387  2387 I am_on_resume_called: [0,com.youku.userchannel.ShowUserChannel]
04-08 15:17:34.186   712  1269 I notification_panel_revealed: []
04-08 15:17:34.542   712 19362 I notification_visibility_changed: [-1|android|17040644|null|1000;-1|android|17040636|null|1000,]
04-08 15:17:36.897   176   176 I sf_frame_dur: [com.youku.phone/com.youku.ui.activity.WebViewActivity,156,33,11,12,5,14,13]
04-08 15:17:36.941   712  1199 I am_destroy_activity: [0,915806434,3,com.youku.phone/com.youku.ui.activity.WebViewActivity,finish-imm]
04-08 15:17:41.486  1120  1120 I gsm_service_state_change: [3,3,1,1]
04-08 15:17:41.816   712 22159 I force_gc: Binder
04-08 15:17:44.330   712   812 I netstats_mobile_sample: [0,0,0,0,0,0,0,0,0,0,0,0,1491635864330]
04-08 15:17:44.368   712   812 I netstats_wifi_sample: [233968776,168748,7091669,99538,233975841,169319,6477714,99808,233975841,169319,6449172,99666,1491635864330]
04-08 15:17:44.658  2442  2442 I auditd  : type=1400 audit(0.0:468): avc: denied { read } for comm="OnLineMonitor" name="mem" dev="debugfs" ino=17253 scontext=u:r:untrusted_app:s0 tcontext=u:object_r:debugfs:s0 tclass=file
04-08 15:17:44.658  2442  2442 I auditd  : type=1400 audit(0.0:469): avc: denied { read } for comm="OnLineMonitor" name="mem" dev="debugfs" ino=17253 scontext=u:r:untrusted_app:s0 tcontext=u:object_r:debugfs:s0 tclass=file
04-08 15:17:53.316   712 19362 I force_gc: Binder
04-08 15:17:55.013   712 19362 I notification_visibility_changed: [,-1|android|17040644|null|1000;-1|android|17040636|null|1000]
04-08 15:17:55.023   712  1269 I notification_panel_hidden: []
04-08 15:17:56.660   712  1269 I am_home_stack_moved: [0,0,1,1,intentActivityFound]
04-08 15:17:56.660   712  1269 I wm_task_moved: [3,1,0]
04-08 15:17:57.811   712 19362 I am_home_stack_moved: [0,0,1,1,intentActivityFound]
04-08 15:17:57.811   712 19362 I wm_task_moved: [3,1,0]
04-08 15:17:58.390   712  1199 I force_gc: Binder
04-08 15:17:59.012   857   857 I force_gc: Binder
04-08 15:17:59.484   712  1199 I am_home_stack_moved: [0,0,1,1,sourceStackToFront]
04-08 15:17:59.484   712  1199 I wm_task_moved: [3,1,0]
04-08 15:17:59.491   712  1199 I am_create_activity: [0,1071709201,3,com.youku.phone/com.youku.ui.activity.DetailActivity,NULL,NULL,NULL,0]
04-08 15:17:59.496   712  1199 I am_pause_activity: [0,154135486,com.youku.phone/com.youku.userchannel.ShowUserChannel]
04-08 15:17:59.505   712  1199 I am_home_stack_moved: [0,0,1,1,startedActivity setFocusedActivity]
04-08 15:17:59.508   712  1199 I am_focused_activity: [0,com.youku.phone/com.youku.ui.activity.DetailActivity]
04-08 15:18:00.007   712   777 I am_restart_activity: [0,1071709201,3,com.youku.phone/com.youku.ui.activity.DetailActivity]
04-08 15:18:00.020  2387  2387 I am_on_paused_called: [0,com.youku.userchannel.ShowUserChannel]
04-08 15:18:00.095   712  1154 I am_failed_to_pause: [0,154135486,com.youku.phone/com.youku.userchannel.ShowUserChannel,(none)]
04-08 15:18:00.161   712   817 I netstats_mobile_sample: [0,0,0,0,0,0,0,0,0,0,0,0,1491635880161]
04-08 15:18:00.162   712   817 I netstats_wifi_sample: [233968776,168748,7091669,99538,233975841,169319,6477714,99808,233975841,169319,6449172,99666,1491635880161]
04-08 15:18:00.389   712   817 I netstats_mobile_sample: [0,0,0,0,0,0,0,0,0,0,0,0,1491635880389]
04-08 15:18:00.389   712   817 I netstats_wifi_sample: [233968776,168748,7091669,99538,233975841,169319,6477714,99808,233975841,169319,6449172,99666,1491635880389]
04-08 15:18:03.240   712 22159 I notification_cancel_all: [10005,877,com.android.providers.downloads,0,0,64,9,NULL]
04-08 15:18:06.118  2442  2442 I auditd  : type=1400 audit(0.0:470): avc: denied { read } for comm="OnLineMonitor" name="mem" dev="debugfs" ino=17253 scontext=u:r:untrusted_app:s0 tcontext=u:object_r:debugfs:s0 tclass=file
04-08 15:18:06.128  2442  2442 I auditd  : type=1400 audit(0.0:471): avc: denied { read } for comm="OnLineMonitor" name="mem" dev="debugfs" ino=17253 scontext=u:r:untrusted_app:s0 tcontext=u:object_r:debugfs:s0 tclass=file
04-08 15:18:09.684   712  1154 I force_gc: Binder
04-08 15:18:11.929   857   857 I force_gc: Binder
04-08 15:18:12.992   712  1269 I force_gc: Binder
04-08 15:18:15.771   712  1269 I force_gc: Binder
04-08 15:18:16.236   712   712 I notification_cancel: [10054,2387,com.youku.phone,11250603,NULL,0,0,64,8,NULL]
04-08 15:18:16.285   857   857 I force_gc: Binder
04-08 15:18:16.481  2387  2387 I am_on_resume_called: [0,com.youku.ui.activity.DetailActivity]
04-08 15:18:21.610   712  1199 I force_gc: Binder
04-08 15:18:22.678   857   857 I force_gc: Binder
04-08 15:18:23.582   176   176 I sf_frame_dur: [com.youku.phone/com.youku.userchannel.ShowUserChannel,0,0,0,1,1,1,5]
04-08 15:18:23.938   712   782 I am_activity_launch_time: [0,1071709201,com.youku.phone/com.youku.ui.activity.DetailActivity,23933,23933]
04-08 15:18:25.716   712  1269 I force_gc: Binder
04-08 15:18:25.888  2442  2442 I auditd  : type=1400 audit(0.0:472): avc: denied { read } for comm="OnLineMonitor" name="mem" dev="debugfs" ino=17253 scontext=u:r:untrusted_app:s0 tcontext=u:object_r:debugfs:s0 tclass=file
04-08 15:18:26.038  2442  2442 I auditd  : type=1400 audit(0.0:473): avc: denied { read } for comm="OnLineMonitor" name="mem" dev="debugfs" ino=17253 scontext=u:r:untrusted_app:s0 tcontext=u:object_r:debugfs:s0 tclass=file
04-08 15:18:26.395   712   712 I notification_cancel: [1000,712,android,102,CaptivePortal.Notification,0,0,0,8,NULL]
04-08 15:18:27.775  2387  2387 I menu_opened: 0
04-08 15:18:29.598   857   857 I force_gc: Binder
04-08 15:18:30.367   712 19362 I force_gc: Binder
04-08 15:18:35.421   712  1261 I force_gc: Binder
04-08 15:18:36.392  2387  2387 I menu_opened: 0
04-08 15:18:38.694   712  1199 I force_gc: Binder
04-08 15:18:39.588  2442  2442 I auditd  : type=1400 audit(0.0:474): avc: denied { read } for comm="OnLineMonitor" name="mem" dev="debugfs" ino=17253 scontext=u:r:untrusted_app:s0 tcontext=u:object_r:debugfs:s0 tclass=file
04-08 15:18:39.658  2442  2442 I auditd  : type=1400 audit(0.0:475): avc: denied { read } for comm="OnLineMonitor" name="mem" dev="debugfs" ino=17253 scontext=u:r:untrusted_app:s0 tcontext=u:object_r:debugfs:s0 tclass=file
04-08 15:18:39.694   857   857 I force_gc: Binder
04-08 15:18:42.961   712  1199 I force_gc: Binder
04-08 15:18:47.343   712  1261 I force_gc: Binder
04-08 15:18:49.428  2442  2442 I auditd  : type=1400 audit(0.0:476): avc: denied { read } for comm="OnLineMonitor" name="mem" dev="debugfs" ino=17253 scontext=u:r:untrusted_app:s0 tcontext=u:object_r:debugfs:s0 tclass=file
04-08 15:18:49.428  2442  2442 I auditd  : type=1400 audit(0.0:477): avc: denied { read } for comm="OnLineMonitor" name="mem" dev="debugfs" ino=17253 scontext=u:r:untrusted_app:s0 tcontext=u:object_r:debugfs:s0 tclass=file
04-08 15:18:51.097   857   857 I force_gc: Binder
04-08 15:18:52.160   712 22159 I force_gc: Binder
04-08 15:18:57.207   712  1261 I force_gc: Binder
04-08 15:19:00.478  2442  2442 I auditd  : type=1400 audit(0.0:478): avc: denied { read } for comm="OnLineMonitor" name="mem" dev="debugfs" ino=17253 scontext=u:r:untrusted_app:s0 tcontext=u:object_r:debugfs:s0 tclass=file
04-08 15:19:00.488  2442  2442 I auditd  : type=1400 audit(0.0:479): avc: denied { read } for comm="OnLineMonitor" name="mem" dev="debugfs" ino=17253 scontext=u:r:untrusted_app:s0 tcontext=u:object_r:debugfs:s0 tclass=file
04-08 15:19:02.662   176   176 I sf_frame_dur: [VolumePanel,0,0,0,0,1,0,0]
04-08 15:19:08.891   712  1199 I force_gc: Binder
04-08 15:19:10.799  2387  2387 I menu_opened: 0
04-08 15:19:12.189   857   857 I force_gc: Binder
04-08 15:19:13.463   712 22159 I force_gc: Binder
04-08 15:19:18.029   176   176 I sf_frame_dur: [VolumePanel,0,0,0,0,1,0,0]
04-08 15:19:18.826   712  1261 I force_gc: Binder
04-08 15:19:21.027   857   857 I force_gc: Binder
04-08 15:19:23.075   712  1261 I force_gc: Binder
04-08 15:19:26.369   712 22159 I force_gc: Binder
04-08 15:19:28.071   857   857 I force_gc: Binder
04-08 15:19:30.561   712  1154 I force_gc: Binder
04-08 15:19:30.935  2387  2387 I menu_opened: 0
04-08 15:19:32.170   857   857 I force_gc: Binder
04-08 15:19:35.164   857   857 I sysui_panelholder_touch: [0,763,18]
04-08 15:19:35.388   712  1037 I notification_panel_revealed: []
04-08 15:19:35.569   712  1037 I notification_visibility_changed: [-1|android|17040644|null|1000;-1|android|17040636|null|1000,]
04-08 15:19:37.698   712 13229 I notification_visibility_changed: [,-1|android|17040644|null|1000;-1|android|17040636|null|1000]
04-08 15:19:37.733   712  1269 I notification_panel_hidden: []
04-08 15:19:39.335   712  1199 I force_gc: Binder
04-08 15:19:41.820   857   857 I force_gc: Binder
04-08 15:19:42.843   712 22159 I force_gc: Binder
04-08 15:19:45.499  2387  2387 I menu_opened: 0
04-08 15:19:48.098   712 13229 I force_gc: Binder
04-08 15:19:48.617  2387  2387 I menu_opened: 0
04-08 15:19:56.074   712 19362 I force_gc: Binder
04-08 15:19:59.832   857   857 I force_gc: Binder
04-08 15:20:00.976   712  1269 I force_gc: Binder
04-08 15:20:07.795   712 19362 I force_gc: Binder
04-08 15:20:09.888   857   857 I force_gc: Binder
04-08 15:20:10.727  2387  2387 I menu_opened: 0
04-08 15:20:11.912   712  1261 I force_gc: Binder
04-08 15:20:13.883   857   857 I sysui_panelholder_touch: [0,660,24]
04-08 15:20:14.191   712  1269 I notification_panel_revealed: []
04-08 15:20:14.278   712  1199 I notification_visibility_changed: [-1|android|17040644|null|1000;-1|android|17040636|null|1000,]
