04-08 14:02:22.295   712   904 I ActivityManager: START u0 {act=com.android.systemui.recents.SHOW_RECENTS flg=0x10804000 cmp=com.android.systemui/.recents.RecentsActivity} from uid 10013 on display 0
04-08 14:02:22.307   712   904 V WindowManager: addAppToken: AppWindowToken{20b195de token=Token{18889119 ActivityRecord{209bd860 u0 com.android.systemui/.recents.RecentsActivity t2}}} to stack=0 task=2 at 0
04-08 14:02:22.308   712   776 I UsageStatsService: User[0] Flushing usage stats to disk
04-08 14:02:22.419   712   776 I UsageStatsDatabase: Moving file /data/system/usagestats/0/daily/50025600000 to /data/system/usagestats/0/daily/1491556492788
04-08 14:02:22.422   712   776 I UsageStatsDatabase: Moving file /data/system/usagestats/0/weekly/49593600000 to /data/system/usagestats/0/weekly/1491124492788
04-08 14:02:22.424   712   776 I UsageStatsDatabase: Moving file /data/system/usagestats/0/monthly/49248000000 to /data/system/usagestats/0/monthly/1490778892788
04-08 14:02:22.424   712   776 I UsageStatsDatabase: Moving file /data/system/usagestats/0/yearly/31536000000 to /data/system/usagestats/0/yearly/1473066892788
04-08 14:02:22.440   712  1262 V WindowManager: Adding window Window{1d66ec53 u0 com.android.systemui/com.android.systemui.recents.RecentsActivity} at 2 of 7 (after Window{739f575 u0 com.android.launcher3/com.android.launcher3.Launcher EXITING})
04-08 14:02:22.458   712   776 I UsageStatsService: User[0] Rollover scheduled @ 2017-04-09 08:00:00(1491696000000)
04-08 14:02:23.142   712  1262 I ActivityManager: START u0 {act=android.intent.action.MAIN cat=[android.intent.category.HOME] flg=0x10200000 cmp=com.android.launcher3/.Launcher} from uid 10013 on display 0
04-08 14:02:53.489   712   777 W BroadcastQueue: Skipping deliver [background] BroadcastRecord{2352a954 u-1 android.net.conn.CONNECTIVITY_CHANGE} to ReceiverList{4c1e0fd 2366 (unknown name)/0/u-1 remote:39410566}: process crashing
04-08 14:02:53.568   712  1269 I ActivityManager: START u0 {act=android.intent.action.MAIN cat=[android.intent.category.LAUNCHER] flg=0x10200000 cmp=com.youku.phone/.ActivityWelcome} from uid 0 on display 0
04-08 14:02:53.576   712  1269 W ResourcesManager: Asset path '/system/framework/android.test.runner.jar' does not exist or contains no resources.
04-08 14:02:53.612   712  1269 V WindowManager: addAppToken: AppWindowToken{db06c0 token=Token{2d39043 ActivityRecord{19c811f2 u0 com.youku.phone/.ActivityWelcome t3}}} to stack=1 task=3 at 0
04-08 14:02:53.753   712   782 V WindowManager: Adding window Window{1373ed4a u0 Starting com.youku.phone} at 3 of 8 (after Window{739f575 u0 com.android.launcher3/com.android.launcher3.Launcher})
04-08 14:02:53.789   712  1199 I ActivityManager: Start proc 2387:com.youku.phone/u0a54 for activity com.youku.phone/.ActivityWelcome
04-08 14:02:53.916  2387  2387 W ResourcesManager: Asset path '/system/framework/android.test.runner.jar' does not exist or contains no resources.
04-08 14:02:54.651   712  1154 W InputManager: Input event injection from pid 2366 failed.
04-08 14:02:54.653   712  1199 W InputManager: Input event injection from pid 2366 failed.
04-08 14:02:54.661   712  1261 W InputManager: Input event injection from pid 2366 failed.
04-08 14:02:54.665   712  1262 W InputManager: Input event injection from pid 2366 failed.
04-08 14:02:57.542   712   816 D WifiService: New client listening to asynchronous messages
04-08 14:02:57.842   712  1154 I ActivityManager: Start proc 2481:com.youku.phone:dex2oat/u0a54 for service com.youku.phone/com.taobao.android.runtime.Dex2OatService
04-08 14:02:57.929  2481  2481 W ResourcesManager: Asset path '/system/framework/android.test.runner.jar' does not exist or contains no resources.
04-08 14:02:58.042   712  1037 W BackupManagerService: dataChanged but no participant pkg='com.android.providers.settings' uid=10054
04-08 14:03:00.670   712   806 I WindowManager: Input event dispatching timed out sending to application AppWindowToken{db06c0 token=Token{2d39043 ActivityRecord{19c811f2 u0 com.youku.phone/.ActivityWelcome t3}}}.  Reason: Waiting because no window has focus but there is a focused application that may eventually add a window when it finishes starting up.
04-08 14:03:00.728  2387  2387 W FileUtils: Failed to chmod(/storage/emulated/0/tencent/assistant/mobile_app_link.db): android.system.ErrnoException: chmod failed: EPERM (Operation not permitted)
04-08 14:03:00.745   712   729 W InputManager: Input event injection from pid 2366 timed out.
04-08 14:03:02.336   712  1198 I ActivityManager: Start proc 2657:com.youku.phone:download/u0a54 for service com.youku.phone/com.youku.service.download.DownloadService
04-08 14:03:02.412  2657  2657 W ResourcesManager: Asset path '/system/framework/android.test.runner.jar' does not exist or contains no resources.
04-08 14:03:02.520   712   728 W BackupManagerService: dataChanged but no participant pkg='com.android.providers.settings' uid=10054
04-08 14:03:02.570   712   729 W BackupManagerService: dataChanged but no participant pkg='com.android.providers.settings' uid=10054
04-08 14:03:02.582   712  1154 W BackupManagerService: dataChanged but no participant pkg='com.android.providers.settings' uid=10054
04-08 14:03:02.602   712  1261 I ActivityManager: Start proc 2703:com.push.Youku_PushService/u0a54 for service com.youku.phone/com.youku.pushsdk.service.PushService
04-08 14:03:02.669   712   816 D WifiService: New client listening to asynchronous messages
04-08 14:03:02.822  2703  2703 W ResourcesManager: Asset path '/system/framework/android.test.runner.jar' does not exist or contains no resources.
04-08 14:03:03.592   712  1198 I ActivityManager: START u0 {cmp=com.youku.phone/com.youku.ui.activity.HomePageActivity} from uid 10054 on display 0
04-08 14:03:03.606   712  1198 V WindowManager: addAppToken: AppWindowToken{38ea226b token=Token{37c273ba ActivityRecord{9d50ce5 u0 com.youku.phone/com.youku.ui.activity.HomePageActivity t3}}} to stack=1 task=3 at 1
04-08 14:03:03.607   712  1198 V WindowManager: Based on layer: Adding window Window{1373ed4a u0 Starting com.youku.phone} at 3 of 8
04-08 14:03:05.132   712   816 D WifiService: New client listening to asynchronous messages
04-08 14:03:05.667   712   777 E ActivityManager: ANR in com.youku.phone (com.youku.phone/.ActivityWelcome)
04-08 14:03:05.667   712   777 E ActivityManager: PID: 2387
04-08 14:03:05.667   712   777 E ActivityManager: Reason: Input dispatching timed out (Waiting because no window has focus but there is a focused application that may eventually add a window when it finishes starting up.)
04-08 14:03:05.667   712   777 E ActivityManager: Load: 7.14 / 4.57 / 2.02
04-08 14:03:05.667   712   777 E ActivityManager: CPU usage from 2116ms to -4839ms ago:
04-08 14:03:05.667   712   777 E ActivityManager:   119% 2387/com.youku.phone: 110% user + 9.3% kernel / faults: 55151 minor 84 major
04-08 14:03:05.667   712   777 E ActivityManager:   54% 712/system_server: 35% user + 19% kernel / faults: 12799 minor 3 major
04-08 14:03:05.667   712   777 E ActivityManager:   44% 2481/com.youku.phone:dex2oat: 42% user + 2.5% kernel / faults: 20753 minor
04-08 14:03:05.667   712   777 E ActivityManager:   7.3% 857/com.android.systemui: 4.4% user + 2.8% kernel / faults: 4327 minor
04-08 14:03:05.667   712   777 E ActivityManager:   5% 191/debuggerd: 1% user + 4% kernel / faults: 4034 minor
04-08 14:03:05.667   712   777 E ActivityManager:   5% 1120/com.android.phone: 2.7% user + 2.3% kernel / faults: 2662 minor
04-08 14:03:05.667   712   777 E ActivityManager:   3.4% 171/logd: 2.7% user + 0.7% kernel / faults: 17 minor
04-08 14:03:05.667   712   777 E ActivityManager:   2.1% 209/adbd: 0.2% user + 1.8% kernel / faults: 473 minor
04-08 14:03:05.667   712   777 E ActivityManager:   2% 205/zygote: 2% user + 0% kernel / faults: 3270 minor
04-08 14:03:05.667   712   777 E ActivityManager:   0% 1087/com.android.nfc: 0% user + 0% kernel / faults: 1711 minor
04-08 14:03:05.667   712   777 E ActivityManager:   1.4% 120/mmcqd/1: 0% user + 1.4% kernel
04-08 14:03:05.667   712   777 E ActivityManager:   0% 877/android.process.media: 0% user + 0% kernel / faults: 1535 minor
04-08 14:03:05.667   712   777 E ActivityManager:   0.7% 124/dhd_dpc: 0% user + 0.7% kernel
04-08 14:03:05.667   712   777 E ActivityManager:   0.7% 2431/logcat: 0.1% user + 0.5% kernel / faults: 1 minor
04-08 14:03:05.667   712   777 E ActivityManager:   0.5% 1489/mpdecision: 0% user + 0.5% kernel
04-08 14:03:05.667   712   777 E ActivityManager:   0.4% 132/ueventd: 0% user + 0.4% kernel
04-08 14:03:05.667   712   777 E ActivityManager:   0.4% 176/surfaceflinger: 0% user + 0.4% kernel
04-08 14:03:05.667   712   777 E ActivityManager:   0.4% 201/sensors.qcom: 0.4% user + 0% kernel
04-08 14:03:05.667   712   777 E ActivityManager:   0.4% 206/sdcard: 0% user + 0.4% kernel / faults: 10 minor
04-08 14:03:05.667   712   777 E ActivityManager:   0.2% 4/kworker/0:0: 0% user + 0.2% kernel
04-08 14:03:05.667   712   777 E ActivityManager:   0.2% 190/netd: 0.1% user + 0.1% kernel / faults: 197 minor
04-08 14:03:05.667   712   777 E ActivityManager:   0.1% 1//init: 0% user + 0.1% kernel / faults: 35 minor
04-08 14:03:05.667   712   777 E ActivityManager:   0% 2/kthreadd: 0% user + 0% kernel
04-08 14:03:05.667   712   777 E ActivityManager:   0.1% 3/ksoftirqd/0: 0% user + 0.1% kernel
04-08 14:03:05.667   712   777 E ActivityManager:   0.1% 6/kworker/u:0: 0% user + 0.1% kernel
04-08 14:03:05.667   712   777 E ActivityManager:   0.1% 21/kworker/u:1: 0% user + 0.1% kernel
04-08 14:03:05.667   712   777 E ActivityManager:   0.1% 123/dhd_watchdog_th: 0.1% user + 0% kernel
04-08 14:03:05.667   712   777 E ActivityManager:   0% 125/dhd_rxf: 0% user + 0% kernel
04-08 14:03:05.667   712   777 E ActivityManager:   0% 138/flush-179:0: 0% user + 0% kernel
04-08 14:03:05.667   712   777 E ActivityManager:   0.1% 140/jbd2/mmcblk0p28: 0% user + 0.1% kernel
04-08 14:03:05.667   712   777 E ActivityManager:   0.1% 174/servicemanager: 0% user + 0.1% kernel
04-08 14:03:05.667   712   777 E ActivityManager:   0% 192/rild: 0% user + 0% kernel / faults: 13 minor
04-08 14:03:05.667   712   777 E ActivityManager:   0.1% 2371/ksoftirqd/1: 0.1% user + 0% kernel
04-08 14:03:05.667   712   777 E ActivityManager:   0.1% 2437/logcat: 0% user + 0.1% kernel / faults: 1 minor
04-08 14:03:05.667   712   777 E ActivityManager:   0.1% 2444/logcat: 0.1% user + 0% kernel
04-08 14:03:05.667   712   777 E ActivityManager:   0.1% 2454/dumpstate: 0% user + 0.1% kernel
04-08 14:03:05.667   712   777 E ActivityManager:  +0% 2570/migration/2: 0% user + 0% kernel
04-08 14:03:05.667   712   777 E ActivityManager:  +0% 2571/kworker/2:0: 0% user + 0% kernel
04-08 14:03:05.667   712   777 E ActivityManager:  +0% 2572/kworker/2:0H: 0% user + 0% kernel
04-08 14:03:05.667   712   777 E ActivityManager:  +0% 2573/ksoftirqd/2: 0% user + 0% kernel
04-08 14:03:05.667   712   777 E ActivityManager:  +0% 2581/kworker/2:1H: 0% user + 0% kernel
04-08 14:03:05.667   712   777 E ActivityManager:  +0% 2582/kworker/2:2H: 0% user + 0% kernel
04-08 14:03:05.667   712   777 E ActivityManager:  +0% 2589/kworker/2:1: 0% user + 0% kernel
04-08 14:03:05.667   712   777 E ActivityManager:  +0% 2628/migration/3: 0% user + 0% kernel
04-08 14:03:05.667   712   777 E ActivityManager:  +0% 2629/kworker/3:0: 0% user + 0% kernel
04-08 14:03:05.667   712   777 E ActivityManager:  +0% 2630/kworker/3:0H: 0% user + 0% kernel
04-08 14:03:05.667   712   777 E ActivityManager:  +0% 2631/ksoftirqd/3: 0% user + 0% kernel
04-08 14:03:05.667   712   777 E ActivityManager:  +0% 2636/kworker/3:1H: 0% user + 0% kernel
04-08 14:03:05.667   712   777 E ActivityManager:  +0% 2637/kworker/3:2H: 0% user + 0% kernel
04-08 14:03:05.667   712   777 E ActivityManager:  +0% 2657/com.youku.phone:download: 0% user + 0% kernel
04-08 14:03:05.667   712   777 E ActivityManager:  +0% 2674/kworker/3:1: 0% user + 0% kernel
04-08 14:03:05.667   712   777 E ActivityManager:  +0% 2703/com.push.Youku_PushService: 0% user + 0% kernel
04-08 14:03:05.667   712   777 E ActivityManager: 92% TOTAL: 77% user + 13% kernel + 0.7% iowait + 0.1% softirq
04-08 14:03:05.667   712   777 E ActivityManager: CPU usage from 4038ms to 4582ms later:
04-08 14:03:05.667   712   777 E ActivityManager:   96% 2657/com.youku.phone:download: 87% user + 9% kernel / faults: 9418 minor
04-08 14:03:05.667   712   777 E ActivityManager:     56% 2657/.phone:download: 52% user + 3.6% kernel
04-08 14:03:05.667   712   777 E ActivityManager:    +0% 2811/Check bundle se: 0% user + 0% kernel
04-08 14:03:05.667   712   777 E ActivityManager:    +0% 2818/Analytics_Clien: 0% user + 0% kernel
04-08 14:03:05.667   712   777 E ActivityManager:    +0% 2820/pool-1-thread-1: 0% user + 0% kernel
04-08 14:03:05.667   712   777 E ActivityManager:    +0% 2828/WifiManager: 0% user + 0% kernel
04-08 14:03:05.667   712   777 E ActivityManager:    +0% 2829/ACCS0: 0% user + 0% kernel
04-08 14:03:05.667   712   777 E ActivityManager:    +0% 2847/ACCS0: 0% user + 0% kernel
04-08 14:03:05.667   712   777 E ActivityManager:    +0% 2848/ACCS0: 0% user + 0% kernel
04-08 14:03:05.667   712   777 E ActivityManager:    +0% 2849/ACCS0: 0% user + 0% kernel
04-08 14:03:05.667   712   777 E ActivityManager:    +0% 2850/SGBackgroud: 0% user + 0% kernel
04-08 14:03:05.667   712   777 E ActivityManager:   80% 2703/com.push.Youku_PushService: 80% user + 0% kernel / faults: 1147 minor
04-08 14:03:05.667   712   777 E ActivityManager:     80% 2703/uku_PushService: 78% user + 1.8% kernel
04-08 14:03:05.667   712   777 E ActivityManager:    +0% 2846/Check bundle se: 0% user + 0% kernel
04-08 14:03:05.667   712   777 E ActivityManager:   64% 2762/dex2oat: 56% user + 7.8% kernel / faults: 1268 minor
04-08 14:03:05.667   712   777 E ActivityManager:     14% 2762/main: 10% user + 3.1% kernel
04-08 14:03:05.667   712   777 E ActivityManager:   70% 2387/com.youku.phone: 59% user + 11% kernel / faults: 2703 minor 4 major
04-08 14:03:05.667   712   777 E ActivityManager:     18% 2387/com.youku.phone: 16% user + 1.8% kernel
04-08 14:03:05.667   712   777 E ActivityManager:     11% 2531
04-08 14:03:05.689   712   777 W ActivityManager: Launch timeout has expired, giving up wake lock!
04-08 14:03:05.782   712   816 D WifiService: New client listening to asynchronous messages
04-08 14:03:06.102   712  1262 V WindowManager: Adding window Window{3a890b1 u0 com.youku.phone/com.youku.ui.activity.HomePageActivity} at 3 of 9 (before Window{1373ed4a u0 Starting com.youku.phone})
04-08 14:03:06.400   712   728 V WindowManager: Adding window Window{fd7d922 u0 com.youku.phone/com.youku.ui.activity.HomePageActivity} at 4 of 10 (before Window{1373ed4a u0 Starting com.youku.phone})
04-08 14:03:06.492   712   729 V WindowManager: Adding window Window{d8ce40f u0 com.youku.phone/com.youku.ui.activity.HomePageActivity} at 3 of 10 (before Window{3a890b1 u0 com.youku.phone/com.youku.ui.activity.HomePageActivity})
04-08 14:03:06.499  2387  2387 W ViewRootImpl: Cancelling event due to no window focus: KeyEvent { action=ACTION_UP, keyCode=KEYCODE_DPAD_RIGHT, scanCode=0, metaState=0, flags=0x80000028, repeatCount=0, eventTime=315370, downTime=315370, deviceId=-1, source=0x101 }
04-08 14:03:06.499  2387  2387 W ViewRootImpl: Cancelling event due to no window focus: KeyEvent { action=ACTION_UP, keyCode=KEYCODE_DPAD_RIGHT, scanCode=0, metaState=0, flags=0x80000028, repeatCount=0, eventTime=315370, downTime=315370, deviceId=-1, source=0x101 }
04-08 14:03:06.500  2387  2387 W ViewRootImpl: Cancelling event due to no window focus: KeyEvent { action=ACTION_UP, keyCode=KEYCODE_DPAD_RIGHT, scanCode=0, metaState=0, flags=0x80000028, repeatCount=0, eventTime=315370, downTime=315370, deviceId=-1, source=0x101 }
04-08 14:03:06.500  2387  2387 W ViewRootImpl: Cancelling event due to no window focus: KeyEvent { action=ACTION_UP, keyCode=KEYCODE_DPAD_RIGHT, scanCode=0, metaState=0, flags=0x80000028, repeatCount=0, eventTime=315370, downTime=315370, deviceId=-1, source=0x101 }
04-08 14:03:06.501  2387  2387 W ViewRootImpl: Cancelling event due to no window focus: KeyEvent { action=ACTION_UP, keyCode=KEYCODE_DPAD_RIGHT, scanCode=0, metaState=0, flags=0x80000028, repeatCount=0, eventTime=315370, downTime=315370, deviceId=-1, source=0x101 }
04-08 14:03:06.502  2387  2387 W ViewRootImpl: Cancelling event due to no window focus: KeyEvent { action=ACTION_UP, keyCode=KEYCODE_DPAD_RIGHT, scanCode=0, metaState=0, flags=0x80000028, repeatCount=0, eventTime=315370, downTime=315370, deviceId=-1, source=0x101 }
04-08 14:03:06.503  2387  2387 W ViewRootImpl: Cancelling event due to no window focus: KeyEvent { action=ACTION_UP, keyCode=KEYCODE_DPAD_RIGHT, scanCode=0, metaState=0, flags=0x80000028, repeatCount=0, eventTime=315370, downTime=315370, deviceId=-1, source=0x101 }
04-08 14:03:06.504  2387  2387 W ViewRootImpl: Cancelling event due to no window focus: KeyEvent { action=ACTION_UP, keyCode=KEYCODE_DPAD_RIGHT, scanCode=0, metaState=0, flags=0x80000028, repeatCount=0, eventTime=315370, downTime=315370, deviceId=-1, source=0x101 }
04-08 14:03:06.504  2387  2387 W ViewRootImpl: Cancelling event due to no window focus: KeyEvent { action=ACTION_UP, keyCode=KEYCODE_DPAD_RIGHT, scanCode=0, metaState=0, flags=0x80000028, repeatCount=0, eventTime=315370, downTime=315370, deviceId=-1, source=0x101 }
04-08 14:03:08.088   712  1198 I ActivityManager: Start proc 2996:com.youku.phone:channel/u0a54 for service com.youku.phone/com.alibaba.analytics.AnalyticsService
04-08 14:03:08.167   712  1154 I ActivityManager: Start proc 3015:com.youku.phone:SoUpgradeService/u0a54 for service com.youku.phone/com.youku.libmanager.SoUpgradeService
04-08 14:03:08.186   712  1262 W InputMethodManagerService: Window already focused, ignoring focus gain of: com.android.internal.view.IInputMethodClient$Stub$Proxy@3c79b446 attribute=null, token = android.os.BinderProxy@8b43758
04-08 14:03:08.226  2996  2996 W ResourcesManager: Asset path '/system/framework/android.test.runner.jar' does not exist or contains no resources.
04-08 14:03:08.365  3015  3015 W ResourcesManager: Asset path '/system/framework/android.test.runner.jar' does not exist or contains no resources.
04-08 14:03:08.415   712  1262 W ActivityManager: Bad activity token: android.os.BinderProxy@fa2055d
04-08 14:03:08.415   712  1262 W ActivityManager: java.lang.ClassCastException: android.os.BinderProxy cannot be cast to com.android.server.am.ActivityRecord$Token
04-08 14:03:08.415   712  1262 W ActivityManager: 	at com.android.server.am.ActivityRecord.forToken(ActivityRecord.java:369)
04-08 14:03:08.415   712  1262 W ActivityManager: 	at com.android.server.am.ActivityRecord.isInStackLocked(ActivityRecord.java:1070)
04-08 14:03:08.415   712  1262 W ActivityManager: 	at com.android.server.am.ActivityRecord.getStackLocked(ActivityRecord.java:1078)
04-08 14:03:08.415   712  1262 W ActivityManager: 	at com.android.server.am.ActivityManagerService.getActivityDisplayId(ActivityManagerService.java:8669)
04-08 14:03:08.415   712  1262 W ActivityManager: 	at android.app.ActivityManagerNative.onTransact(ActivityManagerNative.java:2214)
04-08 14:03:08.415   712  1262 W ActivityManager: 	at com.android.server.am.ActivityManagerService.onTransact(ActivityManagerService.java:2208)
04-08 14:03:08.415   712  1262 W ActivityManager: 	at android.os.Binder.execTransact(Binder.java:446)
04-08 14:03:08.421   712   729 W ActivityManager: Bad activity token: android.os.BinderProxy@fa2055d
04-08 14:03:08.421   712   729 W ActivityManager: java.lang.ClassCastException: android.os.BinderProxy cannot be cast to com.android.server.am.ActivityRecord$Token
04-08 14:03:08.421   712   729 W ActivityManager: 	at com.android.server.am.ActivityRecord.forToken(ActivityRecord.java:369)
04-08 14:03:08.421   712   729 W ActivityManager: 	at com.android.server.am.ActivityRecord.isInStackLocked(ActivityRecord.java:1070)
04-08 14:03:08.421   712   729 W ActivityManager: 	at com.android.server.am.ActivityManagerService.setTaskDescription(ActivityManagerService.java:8334)
04-08 14:03:08.421   712   729 W ActivityManager: 	at android.app.ActivityManagerNative.onTransact(ActivityManagerNative.java:2278)
04-08 14:03:08.421   712   729 W ActivityManager: 	at com.android.server.am.ActivityManagerService.onTransact(ActivityManagerService.java:2208)
04-08 14:03:08.421   712   729 W ActivityManager: 	at android.os.Binder.execTransact(Binder.java:446)
04-08 14:03:08.424   712   729 W ActivityManager: Bad activity token: android.os.BinderProxy@fa2055d
04-08 14:03:08.424   712   729 W ActivityManager: java.lang.ClassCastException: android.os.BinderProxy cannot be cast to com.android.server.am.ActivityRecord$Token
04-08 14:03:08.424   712   729 W ActivityManager: 	at com.android.server.am.ActivityRecord.forToken(ActivityRecord.java:369)
04-08 14:03:08.424   712   729 W ActivityManager: 	at com.android.server.am.ActivityRecord.isInStackLocked(ActivityRecord.java:1070)
04-08 14:03:08.424   712   729 W ActivityManager: 	at com.android.server.am.ActivityManagerService.setTaskDescription(ActivityManagerService.java:8334)
04-08 14:03:08.424   712   729 W ActivityManager: 	at android.app.ActivityManagerNative.onTransact(ActivityManagerNative.java:2278)
04-08 14:03:08.424   712   729 W ActivityManager: 	at com.android.server.am.ActivityManagerService.onTransact(ActivityManagerService.java:2208)
04-08 14:03:08.424   712   729 W ActivityManager: 	at android.os.Binder.execTransact(Binder.java:446)
04-08 14:03:08.510   712  1037 W ActivityManager: Bad activity token: android.os.BinderProxy@fa2055d
04-08 14:03:08.510   712  1037 W ActivityManager: java.lang.ClassCastException: android.os.BinderProxy cannot be cast to com.android.server.am.ActivityRecord$Token
04-08 14:03:08.510   712  1037 W ActivityManager: 	at com.android.server.am.ActivityRecord.forToken(ActivityRecord.java:369)
04-08 14:03:08.510   712  1037 W ActivityManager: 	at com.android.server.am.ActivityRecord.isInStackLocked(ActivityRecord.java:1070)
04-08 14:03:08.510   712  1037 W ActivityManager: 	at com.android.server.am.ActivityManagerService.getActivityOptions(ActivityManagerService.java:10639)
04-08 14:03:08.510   712  1037 W ActivityManager: 	at android.app.ActivityManagerNative.onTransact(ActivityManagerNative.java:1681)
04-08 14:03:08.510   712  1037 W ActivityManager: 	at com.android.server.am.ActivityManagerService.onTransact(ActivityManagerService.java:2208)
04-08 14:03:08.510   712  1037 W ActivityManager: 	at android.os.Binder.execTransact(Binder.java:446)
04-08 14:03:08.514   712  1154 W ActivityManager: Bad activity token: android.os.BinderProxy@fa2055d
04-08 14:03:08.514   712  1154 W ActivityManager: java.lang.ClassCastException: android.os.BinderProxy cannot be cast to com.android.server.am.ActivityRecord$Token
04-08 14:03:08.514   712  1154 W ActivityManager: 	at com.android.server.am.ActivityRecord.forToken(ActivityRecord.java:369)
04-08 14:03:08.514   712  1154 W ActivityManager: 	at com.android.server.am.ActivityRecord.isInStackLocked(ActivityRecord.java:1070)
04-08 14:03:08.514   712  1154 W ActivityManager: 	at com.android.server.am.ActivityManagerService.getActivityOptions(ActivityManagerService.java:10639)
04-08 14:03:08.514   712  1154 W ActivityManager: 	at android.app.ActivityManagerNative.onTransact(ActivityManagerNative.java:1681)
04-08 14:03:08.514   712  1154 W ActivityManager: 	at com.android.server.am.ActivityManagerService.onTransact(ActivityManagerService.java:2208)
04-08 14:03:08.514   712  1154 W ActivityManager: 	at android.os.Binder.execTransact(Binder.java:446)
04-08 14:03:10.515   712   712 D BackupManagerService: Received broadcast Intent { act=android.intent.action.PACKAGE_CHANGED dat=package:com.youku.phone flg=0x4000010 (has extras) }
04-08 14:03:10.703   712   729 I ActivityManager: Start proc 3060:com.android.gallery3d/u0a31 for broadcast com.android.gallery3d/.app.PackagesMonitor
04-08 14:03:11.060   712   816 D WifiService: New client listening to asynchronous messages
04-08 14:03:11.079   712   816 D WifiService: New client listening to asynchronous messages
04-08 14:03:11.278   712  1154 I ActivityManager: Killing 1368:com.android.music/u0a38 (adj 15): empty #17
04-08 14:03:11.924   712  1154 I ActivityManager: Killing 1521:com.android.keychain/1000 (adj 15): empty #17
04-08 14:03:12.046   712  1199 W ActivityManager: Unable to start service Intent { pkg=com.youku.phone cmp=com.youku.phone/com.taobao.accs.ChannelService$KernelService } U=0: not found
04-08 14:03:12.853   712  1154 I ActivityManager: Start proc 3264:com.android.browser/u0a19 for broadcast com.android.browser/.AccountsChangedReceiver
04-08 14:03:13.328  3264  3307 E ActivityThread: Failed to find provider info for com.google.settings
04-08 14:03:13.331  3264  3307 E ActivityThread: Failed to find provider info for com.google.settings
04-08 14:03:13.494  1781  1781 E ActivityThread: Service com.android.email.service.EmailBroadcastProcessorService has leaked ServiceConnection com.android.emailcommon.service.ServiceProxy$ProxyConnection@1ff3112d that was originally bound here
04-08 14:03:13.494  1781  1781 E ActivityThread: android.app.ServiceConnectionLeaked: Service com.android.email.service.EmailBroadcastProcessorService has leaked ServiceConnection com.android.emailcommon.service.ServiceProxy$ProxyConnection@1ff3112d that was originally bound here
04-08 14:03:13.494  1781  1781 E ActivityThread: 	at android.app.LoadedApk$ServiceDispatcher.<init>(LoadedApk.java:1077)
04-08 14:03:13.494  1781  1781 E ActivityThread: 	at android.app.LoadedApk.getServiceDispatcher(LoadedApk.java:971)
04-08 14:03:13.494  1781  1781 E ActivityThread: 	at android.app.ContextImpl.bindServiceCommon(ContextImpl.java:1774)
04-08 14:03:13.494  1781  1781 E ActivityThread: 	at android.app.ContextImpl.bindService(ContextImpl.java:1757)
04-08 14:03:13.494  1781  1781 E ActivityThread: 	at android.content.ContextWrapper.bindService(ContextWrapper.java:539)
04-08 14:03:13.494  1781  1781 E ActivityThread: 	at com.android.emailcommon.service.ServiceProxy.setTask(ServiceProxy.java:181)
04-08 14:03:13.494  1781  1781 E ActivityThread: 	at com.android.emailcommon.service.ServiceProxy.test(ServiceProxy.java:224)
04-08 14:03:13.494  1781  1781 E ActivityThread: 	at com.android.email.service.EmailServiceUtils.isServiceAvailable(EmailServiceUtils.java:160)
04-08 14:03:13.494  1781  1781 E ActivityThread: 	at com.android.email.provider.AccountReconciler.reconcileAccountsInternal(AccountReconciler.java:171)
04-08 14:03:13.494  1781  1781 E ActivityThread: 	at com.android.email.provider.AccountReconciler.reconcileAccounts(AccountReconciler.java:115)
04-08 14:03:13.494  1781  1781 E ActivityThread: 	at com.android.email.service.EmailBroadcastProcessorService.reconcileAndStartServices(EmailBroadcastProcessorService.java:305)
04-08 14:03:13.494  1781  1781 E ActivityThread: 	at com.android.email.service.EmailBroadcastProcessorService.onSystemAccountChanged(EmailBroadcastProcessorService.java:369)
04-08 14:03:13.494  1781  1781 E ActivityThread: 	at com.android.email.service.EmailBroadcastProcessorService.onHandleIntent(EmailBroadcastProcessorService.java:132)
04-08 14:03:13.494  1781  1781 E ActivityThread: 	at android.app.IntentService$ServiceHandler.handleMessage(IntentService.java:65)
04-08 14:03:13.494  1781  1781 E ActivityThread: 	at android.os.Handler.dispatchMessage(Handler.java:102)
04-08 14:03:13.494  1781  1781 E ActivityThread: 	at android.os.Looper.loop(Looper.java:135)
04-08 14:03:13.494  1781  1781 E ActivityThread: 	at android.os.HandlerThread.run(HandlerThread.java:61)
04-08 14:03:17.642   712   728 W ProcessCpuTracker: Skipping unknown process pid 3785
04-08 14:03:22.087   712   729 I ActivityManager: Killing 1558:com.android.dialer/u0a4 (adj 15): empty #17
04-08 14:03:22.161   712   729 I ActivityManager: Killing 1212:com.android.printspooler/u0a46 (adj 15): empty #18
04-08 14:03:22.231   712   712 I ValidateNoPeople: mEvictionCount: 0
04-08 14:03:26.400   712  1269 V WindowManager: not Base app: Adding window Window{1e431a25 u0 com.youku.phone/com.youku.HomePageModule} at 4 of 9
04-08 14:03:27.172   712   729 I ActivityManager: START u0 {act=android.intent.action.VIEW dat=sokusdk://search pkg=com.youku.phone cmp=com.youku.phone/com.soku.searchsdk.activity.SearchActivity (has extras)} from uid 10054 on display 0
04-08 14:03:27.188   712   729 V WindowManager: addAppToken: AppWindowToken{b4739c6 token=Token{25b033a1 ActivityRecord{17b9d008 u0 com.youku.phone/com.soku.searchsdk.activity.SearchActivity t3}}} to stack=1 task=3 at 1
04-08 14:03:27.353   712  1199 W InputManager: Input event injection from pid 2366 failed.
04-08 14:03:27.362   712  1261 W InputManager: Input event injection from pid 2366 failed.
04-08 14:03:28.463   712   904 V WindowManager: Adding window Window{1d690b23 u0 com.youku.phone/com.soku.searchsdk.activity.SearchActivity} at 4 of 9 (after Window{d8ce40f u0 com.youku.phone/com.youku.ui.activity.HomePageActivity})
04-08 14:03:28.596  2387  2387 W ViewRootImpl: Dropping event due to no window focus: KeyEvent { action=ACTION_DOWN, keyCode=KEYCODE_COMMA, scanCode=0, metaState=0, flags=0x8, repeatCount=0, eventTime=342985, downTime=342985, deviceId=-1, source=0x101 }
04-08 14:03:28.599  2387  2387 W ViewRootImpl: Cancelling event due to no window focus: KeyEvent { action=ACTION_UP, keyCode=KEYCODE_COMMA, scanCode=0, metaState=0, flags=0x28, repeatCount=0, eventTime=343178, downTime=343178, deviceId=-1, source=0x101 }
04-08 14:03:28.600  2387  2387 W ViewRootImpl: Cancelling event due to no window focus: KeyEvent { action=ACTION_UP, keyCode=KEYCODE_COMMA, scanCode=0, metaState=0, flags=0x28, repeatCount=0, eventTime=343178, downTime=343178, deviceId=-1, source=0x101 }
04-08 14:03:28.601  2387  2387 W ViewRootImpl: Cancelling event due to no window focus: KeyEvent { action=ACTION_UP, keyCode=KEYCODE_COMMA, scanCode=0, metaState=0, flags=0x28, repeatCount=0, eventTime=343178, downTime=343178, deviceId=-1, source=0x101 }
04-08 14:03:28.602  2387  2387 W ViewRootImpl: Cancelling event due to no window focus: KeyEvent { action=ACTION_UP, keyCode=KEYCODE_COMMA, scanCode=0, metaState=0, flags=0x28, repeatCount=0, eventTime=343178, downTime=343178, deviceId=-1, source=0x101 }
04-08 14:03:28.603  2387  2387 W ViewRootImpl: Cancelling event due to no window focus: KeyEvent { action=ACTION_UP, keyCode=KEYCODE_COMMA, scanCode=0, metaState=0, flags=0x28, repeatCount=0, eventTime=343178, downTime=343178, deviceId=-1, source=0x101 }
04-08 14:03:28.605  2387  2387 W ViewRootImpl: Cancelling event due to no window focus: KeyEvent { action=ACTION_UP, keyCode=KEYCODE_COMMA, scanCode=0, metaState=0, flags=0x28, repeatCount=0, eventTime=343178, downTime=343178, deviceId=-1, source=0x101 }
04-08 14:03:28.609  2387  2387 W ViewRootImpl: Cancelling event due to no window focus: KeyEvent { action=ACTION_UP, keyCode=KEYCODE_COMMA, scanCode=0, metaState=0, flags=0x80000028, repeatCount=0, eventTime=343178, downTime=343178, deviceId=-1, source=0x101 }
04-08 14:03:28.610  2387  2387 W ViewRootImpl: Cancelling event due to no window focus: KeyEvent { action=ACTION_UP, keyCode=KEYCODE_COMMA, scanCode=0, metaState=0, flags=0x80000028, repeatCount=0, eventTime=343178, downTime=343178, deviceId=-1, source=0x101 }
04-08 14:03:28.611  2387  2387 W ViewRootImpl: Cancelling event due to no window focus: KeyEvent { action=ACTION_UP, keyCode=KEYCODE_COMMA, scanCode=0, metaState=0, flags=0x80000028, repeatCount=0, eventTime=343178, downTime=343178, deviceId=-1, source=0x101 }
04-08 14:03:35.892   712   904 W BackupManagerService: dataChanged but no participant pkg='com.android.providers.settings' uid=10054
04-08 14:03:37.682   712  1261 W ProcessCpuTracker: Skipping unknown process pid 7169
04-08 14:03:42.312   712  1269 I ActivityManager: START u0 {cmp=com.youku.phone/com.soku.searchsdk.activity.SearchResultActivity} from uid 10054 on display 0
04-08 14:03:42.328   712  1269 V WindowManager: addAppToken: AppWindowToken{2c42d703 token=Token{39613bb2 ActivityRecord{14299bd u0 com.youku.phone/com.soku.searchsdk.activity.SearchResultActivity t3}}} to stack=1 task=3 at 2
04-08 14:03:42.726   712  1199 V WindowManager: Adding window Window{68414b9 u0 com.youku.phone/com.soku.searchsdk.activity.SearchResultActivity} at 5 of 11 (after Window{1d690b23 u0 com.youku.phone/com.soku.searchsdk.activity.SearchActivity})
04-08 14:03:49.157   712  1262 I ActivityManager: START u0 {cmp=com.youku.phone/com.youku.ui.activity.DetailActivity (has extras)} from uid 10054 on display 0
04-08 14:03:49.168   712  1262 V WindowManager: addAppToken: AppWindowToken{14f091d6 token=Token{2ce6a1f1 ActivityRecord{3f46c598 u0 com.youku.phone/com.youku.ui.activity.DetailActivity t3}}} to stack=1 task=3 at 3
04-08 14:03:50.554   712   728 I ActivityManager: Start proc 7875:com.youku.phone:LockPlayService/u0a54 for service com.youku.phone/com.youku.player.lock.LockPlayService
04-08 14:03:50.676  7875  7875 W ResourcesManager: Asset path '/system/framework/android.test.runner.jar' does not exist or contains no resources.
04-08 14:03:52.446   712  1269 V WindowManager: Adding window Window{3cbafb5b u0 com.youku.phone/com.youku.ui.activity.DetailActivity} at 6 of 12 (after Window{68414b9 u0 com.youku.phone/com.soku.searchsdk.activity.SearchResultActivity})
04-08 14:03:52.969   712   816 D WifiService: New client listening to asynchronous messages
04-08 14:03:53.440   712   728 V WindowManager: Adding window Window{198b48c5 u0 SurfaceView} at 6 of 13 (before Window{3cbafb5b u0 com.youku.phone/com.youku.ui.activity.DetailActivity})
04-08 14:03:53.464  2387  2387 W ViewRootImpl: Dropping event due to no window focus: KeyEvent { action=ACTION_DOWN, keyCode=KEYCODE_DPAD_LEFT, scanCode=0, metaState=0, flags=0x8, repeatCount=0, eventTime=364695, downTime=364695, deviceId=-1, source=0x101 }
04-08 14:03:53.467  2387  2387 W ViewRootImpl: Cancelling event due to no window focus: KeyEvent { action=ACTION_UP, keyCode=KEYCODE_DPAD_LEFT, scanCode=0, metaState=0, flags=0x28, repeatCount=0, eventTime=368016, downTime=368016, deviceId=-1, source=0x101 }
04-08 14:03:53.467  2387  2387 W ViewRootImpl: Cancelling event due to no window focus: KeyEvent { action=ACTION_UP, keyCode=KEYCODE_DPAD_LEFT, scanCode=0, metaState=0, flags=0x28, repeatCount=0, eventTime=368016, downTime=368016, deviceId=-1, source=0x101 }
04-08 14:03:53.468  2387  2387 W ViewRootImpl: Cancelling event due to no window focus: KeyEvent { action=ACTION_UP, keyCode=KEYCODE_DPAD_LEFT, scanCode=0, metaState=0, flags=0x28, repeatCount=0, eventTime=368016, downTime=368016, deviceId=-1, source=0x101 }
04-08 14:03:53.469  2387  2387 W ViewRootImpl: Cancelling event due to no window focus: KeyEvent { action=ACTION_UP, keyCode=KEYCODE_DPAD_LEFT, scanCode=0, metaState=0, flags=0x28, repeatCount=0, eventTime=368016, downTime=368016, deviceId=-1, source=0x101 }
04-08 14:03:53.470  2387  2387 W ViewRootImpl: Cancelling event due to no window focus: KeyEvent { action=ACTION_UP, keyCode=KEYCODE_DPAD_LEFT, scanCode=0, metaState=0, flags=0x28, repeatCount=0, eventTime=368016, downTime=368016, deviceId=-1, source=0x101 }
04-08 14:03:53.470  2387  2387 W ViewRootImpl: Cancelling event due to no window focus: KeyEvent { action=ACTION_UP, keyCode=KEYCODE_DPAD_LEFT, scanCode=0, metaState=0, flags=0x28, repeatCount=0, eventTime=368016, downTime=368016, deviceId=-1, source=0x101 }
04-08 14:03:53.472  2387  2387 W ViewRootImpl: Cancelling event due to no window focus: KeyEvent { action=ACTION_UP, keyCode=KEYCODE_DPAD_LEFT, scanCode=0, metaState=0, flags=0x80000028, repeatCount=0, eventTime=368016, downTime=368016, deviceId=-1, source=0x101 }
04-08 14:03:53.473  2387  2387 W ViewRootImpl: Cancelling event due to no window focus: KeyEvent { action=ACTION_UP, keyCode=KEYCODE_DPAD_LEFT, scanCode=0, metaState=0, flags=0x80000028, repeatCount=0, eventTime=368016, downTime=368016, deviceId=-1, source=0x101 }
04-08 14:03:53.473  2387  2387 W ViewRootImpl: Cancelling event due to no window focus: KeyEvent { action=ACTION_UP, keyCode=KEYCODE_DPAD_LEFT, scanCode=0, metaState=0, flags=0x80000028, repeatCount=0, eventTime=368016, downTime=368016, deviceId=-1, source=0x101 }
04-08 14:03:58.757   712  1198 W BackupManagerService: dataChanged but no participant pkg='com.android.providers.settings' uid=10054
04-08 14:03:59.689   712   777 I ActivityManager: Start proc 8218:com.android.music/u0a38 for broadcast com.android.music/.MediaButtonIntentReceiver
04-08 14:04:14.869   712   777 I ActivityManager: Waited long enough for: ServiceRecord{3c5cac41 u0 com.android.music/.MediaPlaybackService}
04-08 14:04:17.565   712   728 W ProcessCpuTracker: Skipping unknown process pid 9162
04-08 14:04:17.566   712   728 W ProcessCpuTracker: Skipping unknown process pid 9164
04-08 14:04:20.733   712  1154 V WindowManager: Adding window Window{2d61433b u0 AtchDlg:com.youku.phone/com.youku.ui.activity.DetailActivity} at 8 of 14 (after Window{3cbafb5b u0 com.youku.phone/com.youku.ui.activity.DetailActivity})
04-08 14:04:21.831   712  1154 W InputMethodManagerService: Window already focused, ignoring focus gain of: com.android.internal.view.IInputMethodClient$Stub$Proxy@29db3404 attribute=null, token = android.os.BinderProxy@15bc5a6a
04-08 14:04:23.086   712   728 V WindowManager: not Base app: Adding window Window{e96d422 u0 com.youku.phone/com.youku.ui.activity.DetailActivity} at 8 of 14
04-08 14:04:23.283   712  1198 I ActivityManager: START u0 {act=com.youku.action.YoukuWebview cmp=com.youku.phone/com.youku.ui.activity.WebViewActivity (has extras)} from uid 10054 on display 0
04-08 14:04:23.296   712  1198 V WindowManager: addAppToken: AppWindowToken{12a6b30f token=Token{3672106e ActivityRecord{100b1be9 u0 com.youku.phone/com.youku.ui.activity.WebViewActivity t3}}} to stack=1 task=3 at 4
04-08 14:04:23.900   712   729 W ActivityManager: getTasks: caller 10054 does not hold GET_TASKS; limiting output
04-08 14:04:23.929   712  1154 V WindowManager: Adding window Window{2e8089d2 u0 com.youku.phone/com.youku.ui.activity.WebViewActivity} at 8 of 14 (after Window{3cbafb5b u0 com.youku.phone/com.youku.ui.activity.DetailActivity})
04-08 14:04:24.013  2387  2387 W ViewRootImpl: Dropping event due to no window focus: MotionEvent { action=ACTION_MOVE, id[0]=0, x[0]=-3.0, y[0]=-3.0, toolType[0]=TOOL_TYPE_UNKNOWN, buttonState=0, metaState=0, flags=0x0, edgeFlags=0x0, pointerCount=1, historySize=9, eventTime=398615, downTime=-1, deviceId=0, source=0x10004 }
04-08 14:04:24.020  2387  2387 W ViewRootImpl: Dropping event due to no window focus: MotionEvent { action=ACTION_DOWN, id[0]=0, x[0]=0.0, y[0]=0.0, toolType[0]=TOOL_TYPE_UNKNOWN, buttonState=0, metaState=0, flags=0x80000000, edgeFlags=0x0, pointerCount=1, historySize=0, eventTime=398616, downTime=398365, deviceId=0, source=0x10004 }
04-08 14:04:24.021  2387  2387 W ViewRootImpl: Cancelling event due to no window focus: MotionEvent { action=ACTION_CANCEL, id[0]=0, x[0]=0.0, y[0]=0.0, toolType[0]=TOOL_TYPE_UNKNOWN, buttonState=0, metaState=0, flags=0x0, edgeFlags=0x0, pointerCount=1, historySize=0, eventTime=398617, downTime=398365, deviceId=0, source=0x10004 }
04-08 14:04:24.023  2387  2387 W ViewRootImpl: Cancelling event due to no window focus: MotionEvent { action=ACTION_CANCEL, id[0]=0, x[0]=0.0, y[0]=0.0, toolType[0]=TOOL_TYPE_UNKNOWN, buttonState=0, metaState=0, flags=0x0, edgeFlags=0x0, pointerCount=1, historySize=0, eventTime=398617, downTime=398365, deviceId=0, source=0x10004 }
04-08 14:04:24.024  2387  2387 W ViewRootImpl: Cancelling event due to no window focus: MotionEvent { action=ACTION_CANCEL, id[0]=0, x[0]=0.0, y[0]=0.0, toolType[0]=TOOL_TYPE_UNKNOWN, buttonState=0, metaState=0, flags=0x0, edgeFlags=0x0, pointerCount=1, historySize=0, eventTime=398617, downTime=398365, deviceId=0, source=0x10004 }
04-08 14:04:24.025  2387  2387 W ViewRootImpl: Cancelling event due to no window focus: MotionEvent { action=ACTION_CANCEL, id[0]=0, x[0]=0.0, y[0]=0.0, toolType[0]=TOOL_TYPE_UNKNOWN, buttonState=0, metaState=0, flags=0x0, edgeFlags=0x0, pointerCount=1, historySize=0, eventTime=398617, downTime=398365, deviceId=0, source=0x10004 }
04-08 14:04:24.026  2387  2387 W ViewRootImpl: Cancelling event due to no window focus: MotionEvent { action=ACTION_CANCEL, id[0]=0, x[0]=0.0, y[0]=0.0, toolType[0]=TOOL_TYPE_UNKNOWN, buttonState=0, metaState=0, flags=0x0, edgeFlags=0x0, pointerCount=1, historySize=0, eventTime=398617, downTime=398365, deviceId=0, source=0x10004 }
04-08 14:04:24.027  2387  2387 W ViewRootImpl: Cancelling event due to no window focus: MotionEvent { action=ACTION_CANCEL, id[0]=0, x[0]=0.0, y[0]=0.0, toolType[0]=TOOL_TYPE_UNKNOWN, buttonState=0, metaState=0, flags=0x0, edgeFlags=0x0, pointerCount=1, historySize=0, eventTime=398617, downTime=398365, deviceId=0, source=0x10004 }
04-08 14:04:24.033  2387  2387 W ViewRootImpl: Cancelling event due to no window focus: MotionEvent { action=ACTION_CANCEL, id[0]=0, x[0]=0.0, y[0]=0.0, toolType[0]=TOOL_TYPE_UNKNOWN, buttonState=0, metaState=0, flags=0x80000000, edgeFlags=0x0, pointerCount=1, historySize=0, eventTime=398617, downTime=398365, deviceId=0, source=0x10004 }
04-08 14:04:28.029   712  1198 I ActivityManager: START u0 {act=android.intent.action.MAIN cat=[android.intent.category.LAUNCHER] flg=0x10200000 cmp=com.youku.phone/.ActivityWelcome} from uid 0 on display 0
04-08 14:04:36.935   712   777 W ProcessCpuTracker: Skipping unknown process pid 9369
04-08 14:04:39.609   712   728 V WindowManager: not Base app: Adding window Window{c07812a u0 com.youku.phone/com.youku.ui.activity.WebViewActivity} at 9 of 16
04-08 14:04:40.503   712  1037 D ZenLog  : set_ringer_mode_internal: com.android.systemui,i:normal->vibrate,e:normal->vibrate
04-08 14:04:44.594  2387  2387 W ViewRootImpl: Dropping event due to root view being removed: MotionEvent { action=ACTION_MOVE, id[0]=0, x[0]=-123.18707, y[0]=567.6774, toolType[0]=TOOL_TYPE_UNKNOWN, buttonState=0, metaState=0, flags=0x0, edgeFlags=0x0, pointerCount=1, historySize=0, eventTime=419197, downTime=419173, deviceId=0, source=0x1002 }
04-08 14:04:44.621   712   728 W InputManager: Input event injection from pid 2366 failed.
04-08 14:04:44.637   712  1261 W InputManager: Input event injection from pid 2366 failed.
04-08 14:04:44.645   712  1262 W InputManager: Input event injection from pid 2366 failed.
04-08 14:04:44.673   712  1199 W InputManager: Input event injection from pid 2366 failed.
04-08 14:04:44.689   712  1269 W InputManager: Input event injection from pid 2366 failed.
04-08 14:04:44.698   712  1198 W InputManager: Input event injection from pid 2366 failed.
04-08 14:04:44.721   712   904 W InputManager: Input event injection from pid 2366 failed.
04-08 14:04:44.725   712   729 W InputManager: Input event injection from pid 2366 failed.
04-08 14:04:44.756   712  1154 W InputManager: Input event injection from pid 2366 failed.
04-08 14:04:55.077   712  1198 I ActivityManager: START u0 {act=com.android.systemui.recents.SHOW_RECENTS flg=0x10804000 cmp=com.android.systemui/.recents.RecentsActivity} from uid 10013 on display 0
04-08 14:04:57.629   712  1198 W ProcessCpuTracker: Skipping unknown process pid 13133
04-08 14:05:13.587   712  1198 W ProcessCpuTracker: Skipping unknown process pid 15985
04-08 14:05:19.909   712   806 I ActivityManager: START u0 {act=android.speech.action.WEB_SEARCH} from uid 1000 on display 0
04-08 14:05:24.119   712  1037 W ActivityManager: getTasks: caller 10054 does not hold GET_TASKS; limiting output
04-08 14:05:28.529   712  1269 W ProcessCpuTracker: Skipping unknown process pid 16992
04-08 14:05:28.539   712  1269 W ProcessCpuTracker: Skipping unknown process pid 16993
04-08 14:05:28.596   712  1269 W ProcessCpuTracker: Skipping unknown process pid 16994
04-08 14:05:28.601   712  1269 W ProcessCpuTracker: Skipping unknown process pid 16995
04-08 14:05:28.611   712  1269 W ProcessCpuTracker: Skipping unknown process pid 16998
04-08 14:05:28.689   712  1269 W ProcessCpuTracker: Skipping unknown process pid 17000
04-08 14:05:28.819   712  1269 W ProcessCpuTracker: Skipping unknown process pid 17001
04-08 14:05:28.820   712  1269 W ProcessCpuTracker: Skipping unknown process pid 17006
04-08 14:05:28.849   712  1269 W ProcessCpuTracker: Skipping unknown process pid 17020
04-08 14:05:33.680   712   806 I WindowManager: Input event dispatching timed out sending to com.youku.phone/com.youku.ui.activity.DetailActivity.  Reason: Waiting to send key event because the focused window has not finished processing all of the input events that were previously delivered to it.  Outbound queue length: 0.  Wait queue length: 1.
04-08 14:05:34.108   712 17111 W InputManager: Input event injection from pid 2366 timed out.
04-08 14:05:34.204   712   777 I ActivityManager: Skipping duplicate ANR: ProcessRecord{37f86969 2387:com.youku.phone/u0a54} Input dispatching timed out (Waiting to send key event because the focused window has not finished processing all of the input events that were previously delivered to it.  Outbound queue length: 0.  Wait queue length: 1.)
04-08 14:05:34.225   712   777 W ActivityManager: Launch timeout has expired, giving up wake lock!
04-08 14:05:42.069   712   729 I ActivityManager: START u0 {act=com.youku.action.YoukuWebview cmp=com.youku.phone/com.youku.ui.activity.WebViewActivity (has extras)} from uid 10054 on display 0
04-08 14:05:42.082   712   729 V WindowManager: addAppToken: AppWindowToken{196e128a token=Token{1a3a4f5 ActivityRecord{1581a22c u0 com.youku.phone/com.youku.ui.activity.WebViewActivity t3}}} to stack=1 task=3 at 4
04-08 14:05:42.557   712 13229 W InputMethodManagerService: Starting input on non-focused client com.android.internal.view.IInputMethodClient$Stub$Proxy@3e4020fb (uid=10054 pid=2387)
04-08 14:05:42.737   712   728 W InputManager: Input event injection from pid 2366 failed.
04-08 14:05:42.740   712 19362 W InputManager: Input event injection from pid 2366 failed.
04-08 14:05:43.246   712  1261 W ActivityManager: getTasks: caller 10054 does not hold GET_TASKS; limiting output
04-08 14:05:43.296   712   728 V WindowManager: Adding window Window{1deece92 u0 com.youku.phone/com.youku.ui.activity.WebViewActivity} at 8 of 14 (after Window{3cbafb5b u0 com.youku.phone/com.youku.ui.activity.DetailActivity})
04-08 14:05:58.752   712  1199 I ActivityManager: Start proc 22281:com.android.printspooler/u0a46 for service com.android.printspooler/.model.PrintSpoolerService
04-08 14:06:05.764   712   904 I ActivityManager: Killing 1610:com.android.managedprovisioning/u0a7 (adj 15): empty #17
04-08 14:06:07.226   712  1261 I ActivityManager: START u0 {flg=0x10000000 cmp=com.youku.phone/com.ali.auth.third.ui.LoginActivity} from uid 10054 on display 0
04-08 14:06:07.253   712  1261 V WindowManager: addAppToken: AppWindowToken{17595e6c token=Token{20730b1f ActivityRecord{777ebe u0 com.youku.phone/com.ali.auth.third.ui.LoginActivity t3}}} to stack=1 task=3 at 5
04-08 14:06:07.773   712 17111 V WindowManager: Adding window Window{2a8c8ca u0 com.youku.phone/com.ali.auth.third.ui.LoginActivity} at 9 of 15 (after Window{1deece92 u0 com.youku.phone/com.youku.ui.activity.WebViewActivity})
04-08 14:06:12.777   712   777 W ProcessCpuTracker: Skipping unknown process pid 24335
04-08 14:06:13.084   712   777 W ProcessCpuTracker: Skipping unknown process pid 24336
04-08 14:06:13.103   712   777 W ProcessCpuTracker: Skipping unknown process pid 24337
04-08 14:06:13.105   712   777 W ProcessCpuTracker: Skipping unknown process pid 24338
04-08 14:06:13.108   712   777 W ProcessCpuTracker: Skipping unknown process pid 24339
04-08 14:06:13.109   712   777 W ProcessCpuTracker: Skipping unknown process pid 24340
04-08 14:06:17.755   712   728 W ProcessCpuTracker: Skipping unknown process pid 25280
04-08 14:06:18.993   712  1269 I ActivityManager: START u0 {cmp=com.youku.phone/com.ali.auth.third.ui.LoginWebViewActivity (has extras)} from uid 10054 on display 0
04-08 14:06:19.005   712  1269 V WindowManager: addAppToken: AppWindowToken{67076b1 token=Token{17b3f558 ActivityRecord{25473a3b u0 com.youku.phone/com.ali.auth.third.ui.LoginWebViewActivity t3}}} to stack=1 task=3 at 6
04-08 14:06:19.637   712  1037 V WindowManager: Adding window Window{1d653f17 u0 com.youku.phone/com.ali.auth.third.ui.LoginWebViewActivity} at 10 of 16 (after Window{2a8c8ca u0 com.youku.phone/com.ali.auth.third.ui.LoginActivity})
04-08 14:06:19.758  2387  2387 W ViewRootImpl: Dropping event due to no window focus: KeyEvent { action=ACTION_DOWN, keyCode=KEYCODE_DPAD_UP, scanCode=0, metaState=0, flags=0x8, repeatCount=0, eventTime=513698, downTime=513698, deviceId=-1, source=0x101 }
04-08 14:06:19.759  2387  2387 W ViewRootImpl: Cancelling event due to no window focus: KeyEvent { action=ACTION_UP, keyCode=KEYCODE_DPAD_UP, scanCode=0, metaState=0, flags=0x28, repeatCount=0, eventTime=514307, downTime=514307, deviceId=-1, source=0x101 }
04-08 14:06:19.760  2387  2387 W ViewRootImpl: Cancelling event due to no window focus: KeyEvent { action=ACTION_UP, keyCode=KEYCODE_DPAD_UP, scanCode=0, metaState=0, flags=0x28, repeatCount=0, eventTime=514307, downTime=514307, deviceId=-1, source=0x101 }
04-08 14:06:19.760  2387  2387 W ViewRootImpl: Cancelling event due to no window focus: KeyEvent { action=ACTION_UP, keyCode=KEYCODE_DPAD_UP, scanCode=0, metaState=0, flags=0x28, repeatCount=0, eventTime=514307, downTime=514307, deviceId=-1, source=0x101 }
04-08 14:06:19.761  2387  2387 W ViewRootImpl: Cancelling event due to no window focus: KeyEvent { action=ACTION_UP, keyCode=KEYCODE_DPAD_UP, scanCode=0, metaState=0, flags=0x28, repeatCount=0, eventTime=514307, downTime=514307, deviceId=-1, source=0x101 }
