04-08 14:05:24.478  2442  2442 I auditd  : type=1400 audit(0.0:49): avc: denied { read } for comm="OnLineMonitor" name="mem" dev="debugfs" ino=17253 scontext=u:r:untrusted_app:s0 tcontext=u:object_r:debugfs:s0 tclass=file
04-08 14:05:25.664   712   812 I netstats_mobile_sample: [0,0,0,0,0,0,0,0,0,0,0,0,1491631525665]
04-08 14:05:25.666   712   812 I netstats_wifi_sample: [29625987,21552,1165193,14582,29624024,21555,1002669,14585,29618032,21550,1001705,14577,1491631525665]
04-08 14:05:25.908  2442  2442 I auditd  : type=1400 audit(0.0:50): avc: denied { read } for comm="OnLineMonitor" name="mem" dev="debugfs" ino=17253 scontext=u:r:untrusted_app:s0 tcontext=u:object_r:debugfs:s0 tclass=file
04-08 14:05:25.908  2442  2442 I auditd  : type=1400 audit(0.0:51): avc: denied { read } for comm="OnLineMonitor" name="mem" dev="debugfs" ino=17253 scontext=u:r:untrusted_app:s0 tcontext=u:object_r:debugfs:s0 tclass=file
04-08 14:05:26.409   712   904 I force_gc: Binder
04-08 14:05:26.605   176   176 I sf_frame_dur: [com.youku.phone/com.youku.ui.activity.WebViewActivity,1544,107,42,32,23,9,5]
04-08 14:05:29.019   712   812 I netstats_mobile_sample: [0,0,0,0,0,0,0,0,0,0,0,0,1491631529019]
04-08 14:05:29.019   712   812 I netstats_wifi_sample: [31691788,23012,1226873,15517,31689708,23015,1057843,15520,31689708,23015,1057039,15516,1491631529019]
04-08 14:05:34.228   712   777 I am_destroy_activity: [0,269163497,3,com.youku.phone/com.youku.ui.activity.WebViewActivity,finish-imm]
04-08 14:05:34.513   712 17111 I force_gc: Binder
04-08 14:05:35.528  2442  2442 I auditd  : type=1400 audit(0.0:52): avc: denied { read } for comm="OnLineMonitor" name="mem" dev="debugfs" ino=17253 scontext=u:r:untrusted_app:s0 tcontext=u:object_r:debugfs:s0 tclass=file
04-08 14:05:35.558  2442  2442 I auditd  : type=1400 audit(0.0:53): avc: denied { read } for comm="OnLineMonitor" name="mem" dev="debugfs" ino=17253 scontext=u:r:untrusted_app:s0 tcontext=u:object_r:debugfs:s0 tclass=file
04-08 14:05:41.218  2442  2442 I auditd  : type=1400 audit(0.0:54): avc: denied { read } for comm="OnLineMonitor" name="mem" dev="debugfs" ino=17253 scontext=u:r:untrusted_app:s0 tcontext=u:object_r:debugfs:s0 tclass=file
04-08 14:05:41.218  2442  2442 I auditd  : type=1400 audit(0.0:55): avc: denied { read } for comm="OnLineMonitor" name="mem" dev="debugfs" ino=17253 scontext=u:r:untrusted_app:s0 tcontext=u:object_r:debugfs:s0 tclass=file
04-08 14:05:41.451   712 17119 I force_gc: Binder
04-08 14:05:42.072   712   729 I am_home_stack_moved: [0,0,1,1,sourceStackToFront]
04-08 14:05:42.072   712   729 I wm_task_moved: [3,1,0]
04-08 14:05:42.081   712   729 I am_create_activity: [0,360817196,3,com.youku.phone/com.youku.ui.activity.WebViewActivity,com.youku.action.YoukuWebview,NULL,NULL,0]
04-08 14:05:42.082   712   729 I am_pause_activity: [0,1061602712,com.youku.phone/com.youku.ui.activity.DetailActivity]
04-08 14:05:42.087   712   729 I am_home_stack_moved: [0,0,1,1,startedActivity setFocusedActivity]
04-08 14:05:42.096   712   729 I am_focused_activity: [0,com.youku.phone/com.youku.ui.activity.WebViewActivity]
04-08 14:05:42.422  2387  2387 I am_on_paused_called: [0,com.youku.ui.activity.DetailActivity]
04-08 14:05:42.426   712  1154 I am_restart_activity: [0,360817196,3,com.youku.phone/com.youku.ui.activity.WebViewActivity]
04-08 14:05:43.283  2387  2387 I am_on_resume_called: [0,com.youku.ui.activity.WebViewActivity]
04-08 14:05:43.493   712   782 I am_activity_launch_time: [0,360817196,com.youku.phone/com.youku.ui.activity.WebViewActivity,1069,1069]
04-08 14:05:43.780   176   176 I sf_frame_dur: [SurfaceView,8,51,17,12,12,5,2]
04-08 14:05:43.832   176   176 I sf_frame_dur: [com.youku.phone/com.youku.ui.activity.DetailActivity,67,4,4,6,1,3,3]
04-08 14:05:45.240   857   857 I force_gc: Binder
04-08 14:05:47.218  2442  2442 I auditd  : type=1400 audit(0.0:56): avc: denied { read } for comm="OnLineMonitor" name="mem" dev="debugfs" ino=17253 scontext=u:r:untrusted_app:s0 tcontext=u:object_r:debugfs:s0 tclass=file
04-08 14:05:47.218  2442  2442 I auditd  : type=1400 audit(0.0:57): avc: denied { read } for comm="OnLineMonitor" name="mem" dev="debugfs" ino=17253 scontext=u:r:untrusted_app:s0 tcontext=u:object_r:debugfs:s0 tclass=file
04-08 14:05:47.961   712   729 I force_gc: Binder
04-08 14:05:58.752   712  1199 I am_proc_start: [0,22281,10046,com.android.printspooler,service,com.android.printspooler/.model.PrintSpoolerService]
04-08 14:06:00.387   712  1198 I am_proc_bound: [0,22281,com.android.printspooler]
04-08 14:06:05.764   712   904 I am_kill : [0,1610,com.android.managedprovisioning,15,empty #17]
04-08 14:06:06.030   712  1037 I am_proc_died: [0,1610,com.android.managedprovisioning]
04-08 14:06:06.887   712   812 I netstats_mobile_sample: [0,0,0,0,0,0,0,0,0,0,0,0,1491631566887]
04-08 14:06:06.888   712   812 I netstats_wifi_sample: [33966981,24764,1339100,16892,33964824,24769,1159782,16897,33963064,24767,1158265,16888,1491631566887]
04-08 14:06:07.229   712  1261 I am_home_stack_moved: [0,0,1,1,intentActivityFound]
04-08 14:06:07.230   712  1261 I wm_task_moved: [3,1,0]
04-08 14:06:07.237   712  1261 I am_home_stack_moved: [0,0,1,1,sourceStackToFront]
04-08 14:06:07.237   712  1261 I wm_task_moved: [3,1,0]
04-08 14:06:07.250   712  1261 I am_create_activity: [0,7831230,3,com.youku.phone/com.ali.auth.third.ui.LoginActivity,NULL,NULL,NULL,268435456]
04-08 14:06:07.253   712  1261 I am_pause_activity: [0,360817196,com.youku.phone/com.youku.ui.activity.WebViewActivity]
04-08 14:06:07.258   712  1261 I am_home_stack_moved: [0,0,1,1,startedActivity setFocusedActivity]
04-08 14:06:07.263   712  1261 I am_focused_activity: [0,com.youku.phone/com.ali.auth.third.ui.LoginActivity]
04-08 14:06:07.365  2387  2387 I am_on_paused_called: [0,com.youku.ui.activity.WebViewActivity]
04-08 14:06:07.372   712 17111 I am_restart_activity: [0,7831230,3,com.youku.phone/com.ali.auth.third.ui.LoginActivity]
04-08 14:06:07.714  2387  2387 I am_on_resume_called: [0,com.ali.auth.third.ui.LoginActivity]
04-08 14:06:08.108   712   782 I am_activity_launch_time: [0,7831230,com.youku.phone/com.ali.auth.third.ui.LoginActivity,737,737]
04-08 14:06:14.608  2442  2442 I auditd  : type=1400 audit(0.0:58): avc: denied { read } for comm="OnLineMonitor" name="mem" dev="debugfs" ino=17253 scontext=u:r:untrusted_app:s0 tcontext=u:object_r:debugfs:s0 tclass=file
04-08 14:06:14.628  2442  2442 I auditd  : type=1400 audit(0.0:59): avc: denied { read } for comm="OnLineMonitor" name="mem" dev="debugfs" ino=17253 scontext=u:r:untrusted_app:s0 tcontext=u:object_r:debugfs:s0 tclass=file
04-08 14:06:18.996   712  1269 I am_home_stack_moved: [0,0,1,1,sourceStackToFront]
04-08 14:06:18.996   712  1269 I wm_task_moved: [3,1,0]
04-08 14:06:19.003   712  1269 I am_create_activity: [0,625424955,3,com.youku.phone/com.ali.auth.third.ui.LoginWebViewActivity,NULL,NULL,NULL,0]
04-08 14:06:19.006   712  1269 I am_pause_activity: [0,7831230,com.youku.phone/com.ali.auth.third.ui.LoginActivity]
04-08 14:06:19.014   712  1269 I am_home_stack_moved: [0,0,1,1,startedActivity setFocusedActivity]
04-08 14:06:19.018   712  1269 I am_focused_activity: [0,com.youku.phone/com.ali.auth.third.ui.LoginWebViewActivity]
04-08 14:06:19.060  2387  2387 I am_on_paused_called: [0,com.ali.auth.third.ui.LoginActivity]
04-08 14:06:19.073   712  1198 I am_restart_activity: [0,625424955,3,com.youku.phone/com.ali.auth.third.ui.LoginWebViewActivity]
04-08 14:06:19.631  2387  2387 I am_on_resume_called: [0,com.ali.auth.third.ui.LoginWebViewActivity]
04-08 14:06:19.824   712   782 I am_activity_launch_time: [0,625424955,com.youku.phone/com.ali.auth.third.ui.LoginWebViewActivity,753,753]
04-08 14:06:20.091   176   176 I sf_frame_dur: [com.youku.phone/com.youku.ui.activity.WebViewActivity,36,12,8,8,7,6,5]
04-08 14:06:20.318  2442  2442 I auditd  : type=1400 audit(0.0:60): avc: denied { read } for comm="OnLineMonitor" name="mem" dev="debugfs" ino=17253 scontext=u:r:untrusted_app:s0 tcontext=u:object_r:debugfs:s0 tclass=file
04-08 14:06:20.328  2442  2442 I auditd  : type=1400 audit(0.0:61): avc: denied { read } for comm="OnLineMonitor" name="mem" dev="debugfs" ino=17253 scontext=u:r:untrusted_app:s0 tcontext=u:object_r:debugfs:s0 tclass=file
04-08 14:06:22.777   712  1262 I force_gc: Binder
04-08 14:06:25.210   857   857 I force_gc: Binder
04-08 14:06:27.826  2387  2387 I menu_opened: 0
04-08 14:06:28.797   712  1037 I force_gc: Binder
04-08 14:06:28.883   712  1154 I am_finish_activity: [0,625424955,3,com.youku.phone/com.ali.auth.third.ui.LoginWebViewActivity,app-request]
04-08 14:06:28.885   712  1154 I am_home_stack_moved: [0,0,1,1,finishActivity adjustTopFocus setFocusedActivity]
04-08 14:06:28.886   712  1154 I am_focused_activity: [0,com.youku.phone/com.ali.auth.third.ui.LoginActivity]
04-08 14:06:28.888   712  1154 I am_pause_activity: [0,625424955,com.youku.phone/com.ali.auth.third.ui.LoginWebViewActivity]
04-08 14:06:28.928  2387  2387 I am_on_paused_called: [0,com.ali.auth.third.ui.LoginWebViewActivity]
04-08 14:06:28.932   712 19362 I am_resume_activity: [0,7831230,3,com.youku.phone/com.ali.auth.third.ui.LoginActivity]
04-08 14:06:28.984   712 22159 I am_finish_activity: [0,7831230,3,com.youku.phone/com.ali.auth.third.ui.LoginActivity,app-request]
04-08 14:06:28.986   712 22159 I am_home_stack_moved: [0,0,1,1,finishActivity adjustTopFocus setFocusedActivity]
04-08 14:06:28.988   712 22159 I am_focused_activity: [0,com.youku.phone/com.youku.ui.activity.WebViewActivity]
04-08 14:06:28.988   712 22159 I am_pause_activity: [0,7831230,com.youku.phone/com.ali.auth.third.ui.LoginActivity]
04-08 14:06:29.052   712 19362 I am_resume_activity: [0,360817196,3,com.youku.phone/com.youku.ui.activity.WebViewActivity]
04-08 14:06:29.111  2387  2387 I am_on_resume_called: [0,com.youku.ui.activity.WebViewActivity]
04-08 14:06:29.185   712  1261 I am_destroy_activity: [0,7831230,3,com.youku.phone/com.ali.auth.third.ui.LoginActivity,finish-idle]
04-08 14:06:29.393   712   777 I am_destroy_activity: [0,625424955,3,com.youku.phone/com.ali.auth.third.ui.LoginWebViewActivity,finish-imm]
04-08 14:06:29.405   176   176 I sf_frame_dur: [com.youku.phone/com.ali.auth.third.ui.LoginWebViewActivity,14,5,0,0,1,0,3]
04-08 14:06:29.548  2442  2442 I auditd  : type=1400 audit(0.0:62): avc: denied { read } for comm="OnLineMonitor" name="mem" dev="debugfs" ino=17253 scontext=u:r:untrusted_app:s0 tcontext=u:object_r:debugfs:s0 tclass=file
04-08 14:06:29.548  2442  2442 I auditd  : type=1400 audit(0.0:63): avc: denied { read } for comm="OnLineMonitor" name="mem" dev="debugfs" ino=17253 scontext=u:r:untrusted_app:s0 tcontext=u:object_r:debugfs:s0 tclass=file
04-08 14:06:33.948   857   857 I force_gc: Binder
04-08 14:06:34.707   712 17119 I force_gc: Binder
04-08 14:06:36.362   176   176 I sf_frame_dur: [VolumePanel,15,1,0,0,0,0,0]
04-08 14:06:40.820   712 13229 I force_gc: Binder
04-08 14:06:42.207   712 13229 I am_home_stack_moved: [0,0,1,1,intentActivityFound]
04-08 14:06:42.207   712 13229 I wm_task_moved: [3,1,0]
04-08 14:06:43.950   857   857 I force_gc: Binder
04-08 14:06:44.358   712  1037 I am_finish_activity: [0,360817196,3,com.youku.phone/com.youku.ui.activity.WebViewActivity,app-request]
04-08 14:06:44.360   712  1037 I am_home_stack_moved: [0,0,1,1,finishActivity adjustTopFocus setFocusedActivity]
04-08 14:06:44.360   712  1037 I am_focused_activity: [0,com.youku.phone/com.youku.ui.activity.DetailActivity]
04-08 14:06:44.360   712  1037 I am_pause_activity: [0,360817196,com.youku.phone/com.youku.ui.activity.WebViewActivity]
04-08 14:06:44.398  2387  2387 I am_on_paused_called: [0,com.youku.ui.activity.WebViewActivity]
04-08 14:06:44.402   712 19362 I am_resume_activity: [0,1061602712,3,com.youku.phone/com.youku.ui.activity.DetailActivity]
04-08 14:06:44.481   712   712 I notification_cancel: [10054,2387,com.youku.phone,11250603,NULL,0,0,64,8,NULL]
04-08 14:06:44.577  2387  2387 I am_on_resume_called: [0,com.youku.ui.activity.DetailActivity]
04-08 14:06:44.778  2442  2442 I auditd  : type=1400 audit(0.0:64): avc: denied { read } for comm="OnLineMonitor" name="mem" dev="debugfs" ino=17253 scontext=u:r:untrusted_app:s0 tcontext=u:object_r:debugfs:s0 tclass=file
04-08 14:06:44.778  2442  2442 I auditd  : type=1400 audit(0.0:65): avc: denied { read } for comm="OnLineMonitor" name="mem" dev="debugfs" ino=17253 scontext=u:r:untrusted_app:s0 tcontext=u:object_r:debugfs:s0 tclass=file
04-08 14:06:45.210   176   176 I sf_frame_dur: [com.youku.phone/com.youku.ui.activity.WebViewActivity,142,15,21,9,10,10,1]
04-08 14:06:45.362  2387  2387 I menu_opened: 0
04-08 14:06:45.765   712   812 I netstats_mobile_sample: [0,0,0,0,0,0,0,0,0,0,0,0,1491631605765]
04-08 14:06:45.765   712   812 I netstats_wifi_sample: [35970808,26396,1477169,18434,35960224,26397,1289231,18441,35948320,26389,1287623,18433,1491631605765]
04-08 14:06:46.438   712   728 I force_gc: Binder
04-08 14:06:46.879   712 13229 I am_destroy_activity: [0,360817196,3,com.youku.phone/com.youku.ui.activity.WebViewActivity,finish-imm]
04-08 14:06:47.325   712   812 I netstats_mobile_sample: [0,0,0,0,0,0,0,0,0,0,0,0,1491631607325]
04-08 14:06:47.326   712   812 I netstats_wifi_sample: [38185358,27906,1529038,19470,38183114,27913,1332834,19477,38159306,27897,1330906,19461,1491631607325]
04-08 14:06:48.749  2387  2387 I menu_opened: 0
04-08 14:06:49.408  2442  2442 I auditd  : type=1400 audit(0.0:66): avc: denied { read } for comm="OnLineMonitor" name="mem" dev="debugfs" ino=17253 scontext=u:r:untrusted_app:s0 tcontext=u:object_r:debugfs:s0 tclass=file
04-08 14:06:49.408  2442  2442 I auditd  : type=1400 audit(0.0:67): avc: denied { read } for comm="OnLineMonitor" name="mem" dev="debugfs" ino=17253 scontext=u:r:untrusted_app:s0 tcontext=u:object_r:debugfs:s0 tclass=file
04-08 14:06:52.894   712  1262 I force_gc: Binder
04-08 14:06:52.918  2442  2442 I auditd  : type=1400 audit(0.0:68): avc: denied { read } for comm="OnLineMonitor" name="mem" dev="debugfs" ino=17253 scontext=u:r:untrusted_app:s0 tcontext=u:object_r:debugfs:s0 tclass=file
04-08 14:06:52.958  2442  2442 I auditd  : type=1400 audit(0.0:69): avc: denied { read } for comm="OnLineMonitor" name="mem" dev="debugfs" ino=17253 scontext=u:r:untrusted_app:s0 tcontext=u:object_r:debugfs:s0 tclass=file
04-08 14:06:55.534   857   857 I force_gc: Binder
04-08 14:06:56.168  2387  2387 I menu_opened: 0
04-08 14:07:01.736   712  1199 I force_gc: Binder
04-08 14:07:02.238  2442  2442 I auditd  : type=1400 audit(0.0:70): avc: denied { read } for comm="OnLineMonitor" name="mem" dev="debugfs" ino=17253 scontext=u:r:untrusted_app:s0 tcontext=u:object_r:debugfs:s0 tclass=file
04-08 14:07:02.308  2442  2442 I auditd  : type=1400 audit(0.0:71): avc: denied { read } for comm="OnLineMonitor" name="mem" dev="debugfs" ino=17253 scontext=u:r:untrusted_app:s0 tcontext=u:object_r:debugfs:s0 tclass=file
04-08 14:07:06.133   712   712 I free_storage_changed: 13098176512
04-08 14:07:07.108   712   812 I netstats_mobile_sample: [0,0,0,0,0,0,0,0,0,0,0,0,1491631627109]
04-08 14:07:07.109   712   812 I netstats_wifi_sample: [40376933,29449,1586274,20391,40374514,29456,1382250,20398,40344754,29436,1379842,20370,1491631627109]
04-08 14:07:09.467   712   728 I am_home_stack_moved: [0,0,1,1,sourceStackToFront]
04-08 14:07:09.468   712   728 I wm_task_moved: [3,1,0]
04-08 14:07:09.473   712   728 I am_create_activity: [0,487540173,3,com.youku.phone/com.youku.ui.activity.WebViewActivity,com.youku.action.YoukuWebview,NULL,NULL,0]
04-08 14:07:09.475   712   728 I am_pause_activity: [0,1061602712,com.youku.phone/com.youku.ui.activity.DetailActivity]
04-08 14:07:09.478   712   728 I am_home_stack_moved: [0,0,1,1,startedActivity setFocusedActivity]
04-08 14:07:09.480   712   728 I am_focused_activity: [0,com.youku.phone/com.youku.ui.activity.WebViewActivity]
04-08 14:07:09.980   712   777 I am_restart_activity: [0,487540173,3,com.youku.phone/com.youku.ui.activity.WebViewActivity]
04-08 14:07:10.011  2387  2387 I am_on_paused_called: [0,com.youku.ui.activity.DetailActivity]
04-08 14:07:10.012   712 17119 I am_failed_to_pause: [0,1061602712,com.youku.phone/com.youku.ui.activity.DetailActivity,(none)]
04-08 14:07:10.078   712 19362 I force_gc: Binder
04-08 14:07:10.414  2387  2387 I am_on_resume_called: [0,com.youku.ui.activity.WebViewActivity]
04-08 14:07:10.743   712   782 I am_activity_launch_time: [0,487540173,com.youku.phone/com.youku.ui.activity.WebViewActivity,765,765]
04-08 14:07:10.976   176   176 I sf_frame_dur: [SurfaceView,25,67,17,12,3,8,5]
04-08 14:07:10.976   176   176 I sf_frame_dur: [com.youku.phone/com.youku.ui.activity.DetailActivity,315,166,65,24,4,2,3]
04-08 14:07:11.238  2442  2442 I auditd  : type=1400 audit(0.0:72): avc: denied { read } for comm="OnLineMonitor" name="mem" dev="debugfs" ino=17253 scontext=u:r:untrusted_app:s0 tcontext=u:object_r:debugfs:s0 tclass=file
04-08 14:07:11.238  2442  2442 I auditd  : type=1400 audit(0.0:73): avc: denied { read } for comm="OnLineMonitor" name="mem" dev="debugfs" ino=17253 scontext=u:r:untrusted_app:s0 tcontext=u:object_r:debugfs:s0 tclass=file
04-08 14:07:11.581   857   857 I sysui_panelholder_touch: [0,408,53]
04-08 14:07:11.623   712  1269 I notification_panel_revealed: []
04-08 14:07:11.638   712   904 I notification_visibility_changed: [-1|android|17040644|null|1000;-1|android|17040636|null|1000,]
04-08 14:07:12.636   712  1261 I notification_visibility_changed: [,-1|android|17040644|null|1000;-1|android|17040636|null|1000]
04-08 14:07:12.638   712  1262 I notification_panel_hidden: []
04-08 14:07:16.550   857   857 I force_gc: Binder
04-08 14:07:18.004   712   904 I force_gc: Binder
04-08 14:07:19.318  2442  2442 I auditd  : type=1400 audit(0.0:74): avc: denied { read } for comm="OnLineMonitor" name="mem" dev="debugfs" ino=17253 scontext=u:r:untrusted_app:s0 tcontext=u:object_r:debugfs:s0 tclass=file
04-08 14:07:19.318  2442  2442 I auditd  : type=1400 audit(0.0:75): avc: denied { read } for comm="OnLineMonitor" name="mem" dev="debugfs" ino=17253 scontext=u:r:untrusted_app:s0 tcontext=u:object_r:debugfs:s0 tclass=file
04-08 14:07:20.997   712   812 I netstats_mobile_sample: [0,0,0,0,0,0,0,0,0,0,0,0,1491631640998]
04-08 14:07:21.023   712   812 I netstats_wifi_sample: [42551122,31059,1675213,21503,42548439,31067,1461993,21510,42548288,31064,1459931,21499,1491631640998]
04-08 14:07:25.193   712 13229 I force_gc: Binder
04-08 14:07:25.328  2442  2442 I auditd  : type=1400 audit(0.0:76): avc: denied { read } for comm="OnLineMonitor" name="mem" dev="debugfs" ino=17253 scontext=u:r:untrusted_app:s0 tcontext=u:object_r:debugfs:s0 tclass=file
04-08 14:07:25.328  2442  2442 I auditd  : type=1400 audit(0.0:77): avc: denied { read } for comm="OnLineMonitor" name="mem" dev="debugfs" ino=17253 scontext=u:r:untrusted_app:s0 tcontext=u:object_r:debugfs:s0 tclass=file
04-08 14:07:26.973   857   857 I force_gc: Binder
04-08 14:07:31.084   712 13229 I force_gc: Binder
04-08 14:07:31.718  2442  2442 I auditd  : type=1400 audit(0.0:78): avc: denied { read } for comm="OnLineMonitor" name="mem" dev="debugfs" ino=17253 scontext=u:r:untrusted_app:s0 tcontext=u:object_r:debugfs:s0 tclass=file
04-08 14:07:31.718  2442  2442 I auditd  : type=1400 audit(0.0:79): avc: denied { read } for comm="OnLineMonitor" name="mem" dev="debugfs" ino=17253 scontext=u:r:untrusted_app:s0 tcontext=u:object_r:debugfs:s0 tclass=file
04-08 14:07:34.108   857   857 I force_gc: Binder
04-08 14:07:37.045   712  1262 I force_gc: Binder
04-08 14:07:40.770   176   176 I sf_frame_dur: [VolumePanel,36,1,0,0,1,0,1]
04-08 14:07:42.963   712   728 I force_gc: Binder
04-08 14:07:43.978   857   857 I force_gc: Binder
04-08 14:07:49.231   712 17111 I force_gc: Binder
04-08 14:07:50.025   176   176 I sf_frame_dur: [VolumePanel,14,2,0,0,0,0,0]
04-08 14:07:50.796   857   857 I sysui_panelholder_touch: [0,664,44]
04-08 14:07:50.820   712 22160 I notification_panel_revealed: []
04-08 14:07:50.833   712  1154 I notification_visibility_changed: [-1|android|17040644|null|1000;-1|android|17040636|null|1000,]
04-08 14:07:51.399   712  1261 I notification_visibility_changed: [,-1|android|17040644|null|1000;-1|android|17040636|null|1000]
04-08 14:07:51.400   712  1262 I notification_panel_hidden: []
04-08 14:07:54.639   857   857 I force_gc: Binder
04-08 14:07:55.062   712 19362 I am_finish_activity: [0,487540173,3,com.youku.phone/com.youku.ui.activity.WebViewActivity,app-request]
04-08 14:07:55.063   712 19362 I am_home_stack_moved: [0,0,1,1,finishActivity adjustTopFocus setFocusedActivity]
04-08 14:07:55.064   712 19362 I am_focused_activity: [0,com.youku.phone/com.youku.ui.activity.DetailActivity]
04-08 14:07:55.064   712 19362 I am_pause_activity: [0,487540173,com.youku.phone/com.youku.ui.activity.WebViewActivity]
04-08 14:07:55.138  2387  2387 I am_on_paused_called: [0,com.youku.ui.activity.WebViewActivity]
04-08 14:07:55.153   712  1262 I am_resume_activity: [0,1061602712,3,com.youku.phone/com.youku.ui.activity.DetailActivity]
04-08 14:07:55.195   712   712 I notification_cancel: [10054,2387,com.youku.phone,11250603,NULL,0,0,64,8,NULL]
04-08 14:07:55.292  2387  2387 I am_on_resume_called: [0,com.youku.ui.activity.DetailActivity]
04-08 14:07:55.488  2442  2442 I auditd  : type=1400 audit(0.0:80): avc: denied { read } for comm="OnLineMonitor" name="mem" dev="debugfs" ino=17253 scontext=u:r:untrusted_app:s0 tcontext=u:object_r:debugfs:s0 tclass=file
04-08 14:07:55.488  2442  2442 I auditd  : type=1400 audit(0.0:81): avc: denied { read } for comm="OnLineMonitor" name="mem" dev="debugfs" ino=17253 scontext=u:r:untrusted_app:s0 tcontext=u:object_r:debugfs:s0 tclass=file
04-08 14:07:55.540   712 22160 I force_gc: Binder
04-08 14:07:56.552   176   176 I sf_frame_dur: [com.youku.phone/com.youku.ui.activity.WebViewActivity,500,31,12,9,9,8,12]
04-08 14:07:56.616   712   812 I netstats_mobile_sample: [0,0,0,0,0,0,0,0,0,0,0,0,1491631676617]
04-08 14:07:56.620   712   812 I netstats_wifi_sample: [44409513,32935,2009908,23347,44404090,32943,1773842,23356,44353498,32909,1771472,23337,1491631676617]
04-08 14:07:57.048  2442  2442 I auditd  : type=1400 audit(0.0:82): avc: denied { read } for comm="OnLineMonitor" name="mem" dev="debugfs" ino=17253 scontext=u:r:untrusted_app:s0 tcontext=u:object_r:debugfs:s0 tclass=file
04-08 14:07:57.048  2442  2442 I auditd  : type=1400 audit(0.0:83): avc: denied { read } for comm="OnLineMonitor" name="mem" dev="debugfs" ino=17253 scontext=u:r:untrusted_app:s0 tcontext=u:object_r:debugfs:s0 tclass=file
04-08 14:07:57.352   712 22159 I am_destroy_activity: [0,487540173,3,com.youku.phone/com.youku.ui.activity.WebViewActivity,finish-imm]
04-08 14:07:58.242   712   812 I netstats_mobile_sample: [0,0,0,0,0,0,0,0,0,0,0,0,1491631678242]
04-08 14:07:58.244   712   812 I netstats_wifi_sample: [46507808,34365,2058102,24220,46503829,34374,1811020,24229,46500853,34372,1808970,24218,1491631678242]
04-08 14:08:00.238  2442  2442 I auditd  : type=1400 audit(0.0:84): avc: denied { read } for comm="OnLineMonitor" name="mem" dev="debugfs" ino=17253 scontext=u:r:untrusted_app:s0 tcontext=u:object_r:debugfs:s0 tclass=file
04-08 14:08:00.258  2442  2442 I auditd  : type=1400 audit(0.0:85): avc: denied { read } for comm="OnLineMonitor" name="mem" dev="debugfs" ino=17253 scontext=u:r:untrusted_app:s0 tcontext=u:object_r:debugfs:s0 tclass=file
04-08 14:08:01.658   712  1199 I force_gc: Binder
04-08 14:08:02.613  2387  2387 I menu_opened: 0
04-08 14:08:04.991   857   857 I force_gc: Binder
04-08 14:08:06.140   712   712 I free_storage_changed: 13091946496
04-08 14:08:08.718  2442  2442 I auditd  : type=1400 audit(0.0:86): avc: denied { read } for comm="OnLineMonitor" name="mem" dev="debugfs" ino=17253 scontext=u:r:untrusted_app:s0 tcontext=u:object_r:debugfs:s0 tclass=file
04-08 14:08:08.728  2442  2442 I auditd  : type=1400 audit(0.0:87): avc: denied { read } for comm="OnLineMonitor" name="mem" dev="debugfs" ino=17253 scontext=u:r:untrusted_app:s0 tcontext=u:object_r:debugfs:s0 tclass=file
04-08 14:08:09.099   712 13229 I force_gc: Binder
04-08 14:08:11.048   857   857 I sysui_panelholder_touch: [0,574,71]
04-08 14:08:11.230   712 22160 I notification_panel_revealed: []
04-08 14:08:11.293   712  1037 I notification_visibility_changed: [-1|android|17040644|null|1000;-1|android|17040636|null|1000,]
04-08 14:08:13.190   712  1269 I notification_visibility_changed: [,-1|android|17040644|null|1000;-1|android|17040636|null|1000]
04-08 14:08:13.237   712   728 I notification_panel_hidden: []
04-08 14:08:19.569   712 17119 I force_gc: Binder
04-08 14:08:21.003  2387  2387 I menu_opened: 0
04-08 14:08:23.405  2387  2387 I menu_opened: 0
04-08 14:08:23.975   712 17119 I battery_level: [90,4098,381]
04-08 14:08:23.986   712   712 I notification_cancel: [10013,857,com.android.systemui,100,low_battery,-1,0,64,8,NULL]
04-08 14:08:25.151   857   857 I force_gc: Binder
04-08 14:08:25.741   712 19362 I force_gc: Binder
04-08 14:08:32.237   712 22159 I force_gc: Binder
04-08 14:08:40.320   176   176 I sf_frame_dur: [VolumePanel,0,0,0,1,0,0,0]
04-08 14:08:43.128   712  1199 I force_gc: Binder
04-08 14:08:45.765  2387  2387 I menu_opened: 0
04-08 14:08:46.419   857   857 I force_gc: Binder
04-08 14:08:48.865  2387  2387 I menu_opened: 0
04-08 14:08:49.636   712  1037 I force_gc: Binder
04-08 14:08:54.368   712  1199 I am_home_stack_moved: [0,0,1,1,sourceStackToFront]
04-08 14:08:54.368   712  1199 I wm_task_moved: [3,1,0]
04-08 14:08:54.377   712  1199 I am_create_activity: [0,767070089,3,com.youku.phone/com.youku.usercenter.passport.activity.LoginActivity,android.intent.action.VIEW,NULL,passport://login,0]
04-08 14:08:54.380   712  1199 I am_pause_activity: [0,1061602712,com.youku.phone/com.youku.ui.activity.DetailActivity]
04-08 14:08:54.388   712  1199 I am_home_stack_moved: [0,0,1,1,startedActivity setFocusedActivity]
04-08 14:08:54.393   712  1199 I am_focused_activity: [0,com.youku.phone/com.youku.usercenter.passport.activity.LoginActivity]
04-08 14:08:54.892   712   777 I am_restart_activity: [0,767070089,3,com.youku.phone/com.youku.usercenter.passport.activity.LoginActivity]
04-08 14:08:55.541  2387  2387 I am_on_paused_called: [0,com.youku.ui.activity.DetailActivity]
04-08 14:08:55.543   712  1262 I am_failed_to_pause: [0,1061602712,com.youku.phone/com.youku.ui.activity.DetailActivity,(none)]
04-08 14:08:55.793   857   857 I force_gc: Binder
04-08 14:08:56.520   712 22160 I force_gc: Binder
04-08 14:08:57.117  2387  2387 I am_on_resume_called: [0,com.youku.usercenter.passport.activity.LoginActivity]
04-08 14:08:57.928  2442  2442 I auditd  : type=1400 audit(0.0:88): avc: denied { read } for comm="OnLineMonitor" name="mem" dev="debugfs" ino=17253 scontext=u:r:untrusted_app:s0 tcontext=u:object_r:debugfs:s0 tclass=file
04-08 14:08:57.928  2442  2442 I auditd  : type=1400 audit(0.0:89): avc: denied { read } for comm="OnLineMonitor" name="mem" dev="debugfs" ino=17253 scontext=u:r:untrusted_app:s0 tcontext=u:object_r:debugfs:s0 tclass=file
04-08 14:09:04.425   712   782 I am_activity_launch_time: [0,767070089,com.youku.phone/com.youku.usercenter.passport.activity.LoginActivity,9536,9536]
04-08 14:09:05.358  2442  2442 I auditd  : type=1400 audit(0.0:90): avc: denied { read } for comm="OnLineMonitor" name="mem" dev="debugfs" ino=17253 scontext=u:r:untrusted_app:s0 tcontext=u:object_r:debugfs:s0 tclass=file
04-08 14:09:05.358  2442  2442 I auditd  : type=1400 audit(0.0:91): avc: denied { read } for comm="OnLineMonitor" name="mem" dev="debugfs" ino=17253 scontext=u:r:untrusted_app:s0 tcontext=u:object_r:debugfs:s0 tclass=file
04-08 14:09:08.094   712  1199 I force_gc: Binder
04-08 14:09:11.218  2442  2442 I auditd  : type=1400 audit(0.0:92): avc: denied { read } for comm="OnLineMonitor" name="mem" dev="debugfs" ino=17253 scontext=u:r:untrusted_app:s0 tcontext=u:object_r:debugfs:s0 tclass=file
04-08 14:09:11.228  2442  2442 I auditd  : type=1400 audit(0.0:93): avc: denied { read } for comm="OnLineMonitor" name="mem" dev="debugfs" ino=17253 scontext=u:r:untrusted_app:s0 tcontext=u:object_r:debugfs:s0 tclass=file
04-08 14:09:14.680   712  1154 I am_finish_activity: [0,767070089,3,com.youku.phone/com.youku.usercenter.passport.activity.LoginActivity,app-request]
04-08 14:09:14.682   712  1154 I am_home_stack_moved: [0,0,1,1,finishActivity adjustTopFocus setFocusedActivity]
04-08 14:09:14.682   712  1154 I am_focused_activity: [0,com.youku.phone/com.youku.ui.activity.DetailActivity]
04-08 14:09:14.682   712  1154 I am_pause_activity: [0,767070089,com.youku.phone/com.youku.usercenter.passport.activity.LoginActivity]
04-08 14:09:14.959  2387  2387 I am_on_paused_called: [0,com.youku.usercenter.passport.activity.LoginActivity]
04-08 14:09:14.965   712 17119 I am_resume_activity: [0,1061602712,3,com.youku.phone/com.youku.ui.activity.DetailActivity]
04-08 14:09:15.167   712   712 I notification_cancel: [10054,2387,com.youku.phone,11250603,NULL,0,0,64,8,NULL]
04-08 14:09:15.391   712 17111 I force_gc: Binder
04-08 14:09:15.745  2387  2387 I am_on_resume_called: [0,com.youku.ui.activity.DetailActivity]
04-08 14:09:16.371   857   857 I force_gc: Binder
04-08 14:09:16.825   176   176 I sf_frame_dur: [com.youku.phone/com.youku.usercenter.passport.activity.LoginActivity,0,7,7,4,9,4,2]
04-08 14:09:17.384   712  1261 I am_destroy_activity: [0,767070089,3,com.youku.phone/com.youku.usercenter.passport.activity.LoginActivity,finish-imm]
04-08 14:09:17.658  2442  2442 I auditd  : type=1400 audit(0.0:94): avc: denied { read } for comm="OnLineMonitor" name="mem" dev="debugfs" ino=17253 scontext=u:r:untrusted_app:s0 tcontext=u:object_r:debugfs:s0 tclass=file
04-08 14:09:17.688  2442  2442 I auditd  : type=1400 audit(0.0:95): avc: denied { read } for comm="OnLineMonitor" name="mem" dev="debugfs" ino=17253 scontext=u:r:untrusted_app:s0 tcontext=u:object_r:debugfs:s0 tclass=file
04-08 14:09:22.179  2387  2387 I menu_opened: 0
04-08 14:09:23.180   712  1198 I force_gc: Binder
04-08 14:09:31.026   712 13229 I force_gc: Binder
04-08 14:09:39.024   712  1199 I force_gc: Binder
04-08 14:09:45.471   712   904 I force_gc: Binder
04-08 14:09:46.289   857   857 I force_gc: Binder
04-08 14:09:47.186  2387  2387 I menu_opened: 0
04-08 14:09:49.528   712   812 I netstats_mobile_sample: [0,0,0,0,0,0,0,0,0,0,0,0,1491631789529]
04-08 14:09:49.529   712   812 I netstats_wifi_sample: [48605903,36147,2151377,25433,48601745,36160,1895901,25446,48601745,36160,1893087,25432,1491631789529]
04-08 14:09:51.947   712   812 I netstats_mobile_sample: [0,0,0,0,0,0,0,0,0,0,0,0,1491631791948]
04-08 14:09:51.948   712   812 I netstats_wifi_sample: [51051179,37780,2184201,26190,51047021,37793,1935329,26203,51047021,37793,1932515,26189,1491631791948]
04-08 14:09:52.425   176   176 I sf_frame_dur: [VolumePanel,0,0,0,0,1,0,0]
04-08 14:09:55.223   712 17119 I force_gc: Binder
04-08 14:10:00.494  2387  2387 I menu_opened: 0
04-08 14:10:03.262   712 22160 I force_gc: Binder
04-08 14:10:06.162   712   712 I free_storage_changed: 13087404032
04-08 14:10:07.150   857   857 I force_gc: Binder
04-08 14:10:10.290   712 13229 I force_gc: Binder
04-08 14:10:13.094  2387  2387 I menu_opened: 0
04-08 14:10:14.101   712 17119 I am_home_stack_moved: [0,0,1,1,intentActivityFound]
04-08 14:10:14.105   712 17119 I wm_task_moved: [3,1,0]
04-08 14:10:15.693   857   857 I force_gc: Binder
04-08 14:10:16.720   712  1154 I force_gc: Binder
04-08 14:10:19.259   712   728 I am_home_stack_moved: [0,0,1,1,intentActivityFound]
04-08 14:10:19.259   712   728 I wm_task_moved: [3,1,0]
04-08 14:10:21.297   857   857 I sysui_panelholder_touch: [0,810,25]
04-08 14:10:21.459   712 22160 I notification_panel_revealed: []
04-08 14:10:21.545   712   728 I notification_visibility_changed: [-1|android|17040644|null|1000;-1|android|17040636|null|1000,]
04-08 14:10:24.228   712 19362 I notification_visibility_changed: [,-1|android|17040644|null|1000;-1|android|17040636|null|1000]
04-08 14:10:24.232   712 22160 I notification_panel_hidden: []
04-08 14:10:27.368   712 22160 I force_gc: Binder
04-08 14:10:28.796  2387  2387 I menu_opened: 0
04-08 14:10:34.658   712 19362 I force_gc: Binder
04-08 14:10:37.274  2387  2387 I menu_opened: 0
04-08 14:10:41.336   857   857 I sysui_panelholder_touch: [0,561,59]
04-08 14:10:41.406   712 19362 I notification_panel_revealed: []
04-08 14:10:41.458   712  1198 I notification_visibility_changed: [-1|android|17040644|null|1000;-1|android|17040636|null|1000,]
04-08 14:10:41.539   712   728 I notification_visibility_changed: [,-1|android|17040644|null|1000;-1|android|17040636|null|1000]
04-08 14:10:41.541   712 17119 I notification_panel_hidden: []
04-08 14:10:41.976   712  1037 I force_gc: Binder
04-08 14:10:47.016   857   857 I force_gc: Binder
04-08 14:10:48.664  2387  2387 I menu_opened: 0
04-08 14:10:49.143   712 13229 I force_gc: Binder
04-08 14:10:52.774   712  1154 I am_home_stack_moved: [0,0,1,1,intentActivityFound]
04-08 14:10:52.774   712  1154 I wm_task_moved: [3,1,0]
04-08 14:10:56.817   712 13229 I force_gc: Binder
04-08 14:10:57.875   857   857 I force_gc: Binder
04-08 14:11:04.694   712   729 I force_gc: Binder
04-08 14:11:05.449  2387  2387 I menu_opened: 0
04-08 14:11:12.825   712 22160 I force_gc: Binder
04-08 14:11:16.282   857   857 I force_gc: Binder
04-08 14:11:18.570   712  1154 I am_home_stack_moved: [0,0,1,1,intentActivityFound]
04-08 14:11:18.570   712  1154 I wm_task_moved: [3,1,0]
04-08 14:11:20.364   712  1199 I force_gc: Binder
04-08 14:11:21.679  2387  2387 I menu_opened: 0
04-08 14:11:27.689   176   176 I sf_frame_dur: [VolumePanel,0,0,0,0,1,0,0]
04-08 14:11:27.884   857   857 I force_gc: Binder
04-08 14:11:28.821   712  1261 I force_gc: Binder
04-08 14:11:31.586   176   176 I sf_frame_dur: [com.youku.phone/com.youku.ui.activity.DetailActivity,0,0,0,0,0,1,0]
04-08 14:11:37.198   712  1261 I force_gc: Binder
04-08 14:11:46.491   712 19362 I force_gc: Binder
04-08 14:11:47.497   712   728 I am_home_stack_moved: [0,0,1,1,intentActivityFound]
04-08 14:11:47.497   712   728 I wm_task_moved: [3,1,0]
04-08 14:11:53.374   712 17111 I force_gc: Binder
04-08 14:11:56.551   857   857 I force_gc: Binder
04-08 14:12:01.691   712 17119 I force_gc: Binder
04-08 14:12:05.086   176   176 I sf_frame_dur: [InputMethod,0,1,0,1,0,2,3]
04-08 14:12:10.519   176   176 I sf_frame_dur: [VolumePanel,0,0,0,1,0,0,0]
04-08 14:12:15.287   712 17111 I force_gc: Binder
04-08 14:12:15.861   712  1199 I am_home_stack_moved: [0,0,1,1,intentActivityFound]
04-08 14:12:15.861   712  1199 I wm_task_moved: [3,1,0]
04-08 14:12:16.915   712 19362 I am_home_stack_moved: [0,0,1,1,intentActivityFound]
04-08 14:12:16.915   712 19362 I wm_task_moved: [3,1,0]
04-08 14:12:22.028   712  1199 I force_gc: Binder
04-08 14:12:34.046   712 22160 I force_gc: Binder
04-08 14:12:40.566   712  1199 I force_gc: Binder
04-08 14:12:46.840   857   857 I force_gc: Binder
04-08 14:12:48.241   712 13229 I force_gc: Binder
04-08 14:12:55.259   176   176 I sf_frame_dur: [com.youku.phone/com.youku.ui.activity.DetailActivity,1,11,5,15,30,23,10]
04-08 14:12:55.582   176   176 I sf_frame_dur: [InputMethod,4,1,1,6,4,2,6]
04-08 14:12:56.773   712   728 I force_gc: Binder
04-08 14:13:01.534  2387  2387 I menu_opened: 0
04-08 14:13:04.404   712  1037 I force_gc: Binder
04-08 14:13:16.104   712  1154 I force_gc: Binder
04-08 14:13:22.570   712  1198 I force_gc: Binder
04-08 14:13:28.003   857   857 I force_gc: Binder
04-08 14:13:35.783   712   729 I force_gc: Binder
04-08 14:13:41.957   712  1154 I force_gc: Binder
04-08 14:13:44.275   176   176 I sf_frame_dur: [com.youku.phone/com.youku.ui.activity.DetailActivity,0,2,4,5,9,3,2]
04-08 14:13:44.876   176   176 I sf_frame_dur: [InputMethod,0,0,0,0,0,2,5]
04-08 14:13:46.541   857   857 I force_gc: Binder
04-08 14:13:52.440   712  1261 I force_gc: Binder
04-08 14:14:04.835   712 17119 I force_gc: Binder
04-08 14:14:11.589   712 17111 I force_gc: Binder
04-08 14:14:16.896   857   857 I force_gc: Binder
04-08 14:14:19.035   712   729 I force_gc: Binder
04-08 14:14:20.140   176   176 I sf_frame_dur: [com.youku.phone/com.youku.ui.activity.DetailActivity,0,0,0,1,3,3,1]
04-08 14:14:21.462   176   176 I sf_frame_dur: [InputMethod,0,0,0,0,0,1,1]
04-08 14:14:26.953   712  1154 I force_gc: Binder
04-08 14:14:41.359   176   176 I sf_frame_dur: [com.youku.phone/com.youku.ui.activity.DetailActivity,0,0,0,2,0,2,1]
04-08 14:14:42.182  2387  2387 I menu_opened: 0
04-08 14:14:42.972   712  1262 I force_gc: Binder
04-08 14:14:45.228   857   857 I sysui_panelholder_touch: [0,125,28]
04-08 14:14:45.324   712  1262 I notification_panel_revealed: []
04-08 14:14:45.370   712  1037 I notification_visibility_changed: [-1|android|17040644|null|1000;-1|android|17040636|null|1000,]
04-08 14:14:46.127   712  1269 I notification_visibility_changed: [,-1|android|17040644|null|1000;-1|android|17040636|null|1000]
04-08 14:14:46.130   712 13229 I notification_panel_hidden: []
04-08 14:14:50.268   712  1037 I force_gc: Binder
04-08 14:14:54.599  2387  2387 I menu_opened: 0
04-08 14:14:56.898   857   857 I force_gc: Binder
04-08 14:14:57.389   712  1037 I force_gc: Binder
04-08 14:15:01.593  2387  2387 I menu_opened: 0
04-08 14:15:04.612   712 13229 I force_gc: Binder
04-08 14:15:07.558  2387  2387 I menu_opened: 0
04-08 14:15:07.822   857   857 I force_gc: Binder
04-08 14:15:10.095   712   729 I force_gc: Binder
04-08 14:15:12.761  2387  2387 I menu_opened: 0
04-08 14:15:20.432   712 22160 I force_gc: Binder
04-08 14:15:22.077   712  1154 I battery_level: [89,4108,396]
04-08 14:15:22.084   712   712 I notification_cancel: [10013,857,com.android.systemui,100,low_battery,-1,0,64,8,NULL]
04-08 14:15:24.556   712   812 I netstats_mobile_sample: [0,0,0,0,0,0,0,0,0,0,0,0,1491632124557]
04-08 14:15:24.557   712   812 I netstats_wifi_sample: [53601926,39854,2270611,27211,53600243,39880,2020835,27237,53600243,39880,2015207,27209,1491632124557]
04-08 14:15:25.566   712 17119 I force_gc: Binder
04-08 14:15:26.593   712   812 I netstats_mobile_sample: [0,0,0,0,0,0,0,0,0,0,0,0,1491632126593]
04-08 14:15:26.595   712   812 I netstats_wifi_sample: [56194926,41599,2317364,28063,56190231,41623,2060886,28088,56178327,41615,2055098,28056,1491632126593]
04-08 14:15:27.123   857   857 I force_gc: Binder
04-08 14:15:28.609   712   812 I netstats_mobile_sample: [0,0,0,0,0,0,0,0,0,0,0,0,1491632128609]
04-08 14:15:28.611   712   812 I netstats_wifi_sample: [58486878,43141,2357176,28866,58485159,43167,2093070,28892,58485159,43167,2087442,28864,1491632128609]
04-08 14:15:30.424   712   812 I netstats_mobile_sample: [0,0,0,0,0,0,0,0,0,0,0,0,1491632130425]
04-08 14:15:30.425   712   812 I netstats_wifi_sample: [60871086,44745,2394668,29705,60867879,44770,2126614,29730,60847047,44756,2120706,29695,1491632130425]
04-08 14:15:30.886   712   904 I force_gc: Binder
04-08 14:15:32.174   712   812 I netstats_mobile_sample: [0,0,0,0,0,0,0,0,0,0,0,0,1491632132175]
04-08 14:15:32.177   712   812 I netstats_wifi_sample: [63174838,46294,2430060,30490,63173119,46320,2158066,30516,63153775,46307,2152198,30482,1491632132175]
04-08 14:15:34.119   176   176 I sf_frame_dur: [com.youku.phone/com.youku.ui.activity.DetailActivity,0,0,1,3,4,2,3]
04-08 14:15:34.744   857   857 I force_gc: Binder
04-08 14:15:34.939   176   176 I sf_frame_dur: [InputMethod,0,0,0,1,0,0,2]
04-08 14:15:35.774   712  1037 I force_gc: Binder
04-08 14:15:39.578   712   728 I force_gc: Binder
04-08 14:15:43.414   857   857 I force_gc: Binder
04-08 14:15:43.908   712   904 I force_gc: Binder
04-08 14:15:47.227   712  1037 I am_finish_activity: [0,1061602712,3,com.youku.phone/com.youku.ui.activity.DetailActivity,app-request]
04-08 14:15:47.229   712  1037 I am_home_stack_moved: [0,0,1,1,finishActivity adjustTopFocus setFocusedActivity]
04-08 14:15:47.229   712  1037 I am_focused_activity: [0,com.youku.phone/com.soku.searchsdk.activity.SearchResultActivity]
04-08 14:15:47.230   712  1037 I am_pause_activity: [0,1061602712,com.youku.phone/com.youku.ui.activity.DetailActivity]
04-08 14:15:47.736   712   777 I am_resume_activity: [0,21141949,3,com.youku.phone/com.soku.searchsdk.activity.SearchResultActivity]
04-08 14:15:47.847   857   857 I force_gc: Binder
04-08 14:15:48.360   712 17119 I force_gc: Binder
04-08 14:15:53.257   712 19362 I force_gc: Binder
04-08 14:15:55.626   857   857 I force_gc: Binder
04-08 14:15:57.254   712 19362 I force_gc: Binder
04-08 14:15:59.643  2387  2387 I am_on_paused_called: [0,com.youku.ui.activity.DetailActivity]
04-08 14:15:59.660   712 19362 I am_failed_to_pause: [0,1061602712,com.youku.phone/com.youku.ui.activity.DetailActivity,(none)]
04-08 14:15:59.873   176   176 I sf_frame_dur: [VolumePanel,0,1,1,0,0,0,0]
04-08 14:16:00.041  2387  2387 I am_on_resume_called: [0,com.soku.searchsdk.activity.SearchResultActivity]
04-08 14:16:00.241   176   176 I sf_frame_dur: [SurfaceView,377,779,390,146,32,15,8]
04-08 14:16:00.394   176   176 I sf_frame_dur: [com.youku.phone/com.youku.ui.activity.DetailActivity,6859,3921,885,225,98,45,38]
04-08 14:16:01.285   712   777 I am_destroy_activity: [0,1061602712,3,com.youku.phone/com.youku.ui.activity.DetailActivity,finish-imm]
04-08 14:16:01.520   712   712 I notification_cancel: [10054,2387,com.youku.phone,11250603,NULL,0,0,64,8,NULL]
04-08 14:16:01.791   712 19362 I am_kill : [0,1677,com.android.onetimeinitializer,15,empty #17]
04-08 14:16:02.004   712 17119 I am_home_stack_moved: [0,0,1,1,sourceStackToFront]
04-08 14:16:02.004   712 17119 I wm_task_moved: [3,1,0]
04-08 14:16:02.012   712 17119 I am_create_activity: [0,1061158825,3,com.youku.phone/com.youku.ui.activity.DetailActivity,NULL,NULL,NULL,0]
04-08 14:16:02.013   712 17119 I am_pause_activity: [0,21141949,com.youku.phone/com.soku.searchsdk.activity.SearchResultActivity]
04-08 14:16:02.017   712 17119 I am_home_stack_moved: [0,0,1,1,startedActivity setFocusedActivity]
04-08 14:16:02.020   712 17119 I am_focused_activity: [0,com.youku.phone/com.youku.ui.activity.DetailActivity]
04-08 14:16:02.285  2387  2387 I am_on_paused_called: [0,com.soku.searchsdk.activity.SearchResultActivity]
04-08 14:16:02.290   712  1261 I am_restart_activity: [0,1061158825,3,com.youku.phone/com.youku.ui.activity.DetailActivity]
04-08 14:16:02.732   712  1261 I am_proc_died: [0,1677,com.android.onetimeinitializer]
04-08 14:16:03.284   712 13229 I force_gc: Binder
04-08 14:16:05.042   857   857 I force_gc: Binder
04-08 14:16:06.058  2442  2442 I auditd  : type=1400 audit(0.0:96): avc: denied { read } for comm="OnLineMonitor" name="mem" dev="debugfs" ino=17253 scontext=u:r:untrusted_app:s0 tcontext=u:object_r:debugfs:s0 tclass=file
04-08 14:16:06.068  2442  2442 I auditd  : type=1400 audit(0.0:97): avc: denied { read } for comm="OnLineMonitor" name="mem" dev="debugfs" ino=17253 scontext=u:r:untrusted_app:s0 tcontext=u:object_r:debugfs:s0 tclass=file
04-08 14:16:06.204   712   712 I free_storage_changed: 13075697664
04-08 14:16:06.748   712  1262 I force_gc: Binder
04-08 14:16:08.030   712   712 I notification_cancel: [10054,2387,com.youku.phone,11250603,NULL,0,0,64,8,NULL]
04-08 14:16:08.173  2387  2387 I am_on_resume_called: [0,com.youku.ui.activity.DetailActivity]
04-08 14:16:08.640   857   857 I force_gc: Binder
04-08 14:16:13.939   712  1269 I force_gc: Binder
04-08 14:16:16.893   857   857 I force_gc: Binder
04-08 14:16:17.735   712  1269 I force_gc: Binder
04-08 14:16:21.067   712   782 I am_activity_launch_time: [0,1061158825,com.youku.phone/com.youku.ui.activity.DetailActivity,18778,18778]
04-08 14:16:21.180   176   176 I sf_frame_dur: [com.youku.phone/com.soku.searchsdk.activity.SearchResultActivity,0,0,0,1,2,1,1]
04-08 14:16:22.403   712 22159 I force_gc: Binder
04-08 14:16:23.833   712   812 I netstats_mobile_sample: [0,0,0,0,0,0,0,0,0,0,0,0,1491632183833]
04-08 14:16:23.833   712   812 I netstats_wifi_sample: [65922855,48223,2491212,31549,65917348,48250,2213246,31577,65908420,48244,2206694,31542,1491632183833]
04-08 14:16:26.637   857   857 I force_gc: Binder
04-08 14:16:27.255   712   729 I force_gc: Binder
04-08 14:16:27.639   712 22159 I am_finish_activity: [0,1061158825,3,com.youku.phone/com.youku.ui.activity.DetailActivity,app-request]
04-08 14:16:27.641   712 22159 I am_home_stack_moved: [0,0,1,1,finishActivity adjustTopFocus setFocusedActivity]
04-08 14:16:27.642   712 22159 I am_focused_activity: [0,com.youku.phone/com.soku.searchsdk.activity.SearchResultActivity]
04-08 14:16:27.642   712 22159 I am_pause_activity: [0,1061158825,com.youku.phone/com.youku.ui.activity.DetailActivity]
04-08 14:16:27.975  2387  2387 I am_on_paused_called: [0,com.youku.ui.activity.DetailActivity]
04-08 14:16:27.981   712  1199 I am_resume_activity: [0,21141949,3,com.youku.phone/com.soku.searchsdk.activity.SearchResultActivity]
04-08 14:16:28.283  2387  2387 I am_on_resume_called: [0,com.soku.searchsdk.activity.SearchResultActivity]
04-08 14:16:29.943   176   176 I sf_frame_dur: [SurfaceView,19,49,15,2,1,0,0]
04-08 14:16:29.944   176   176 I sf_frame_dur: [com.youku.phone/com.youku.ui.activity.DetailActivity,134,8,4,1,4,1,1]
04-08 14:16:30.228   712  1261 I am_destroy_activity: [0,1061158825,3,com.youku.phone/com.youku.ui.activity.DetailActivity,finish-imm]
04-08 14:16:30.228  2442  2442 I auditd  : type=1400 audit(0.0:98): avc: denied { read } for comm="OnLineMonitor" name="mem" dev="debugfs" ino=17253 scontext=u:r:untrusted_app:s0 tcontext=u:object_r:debugfs:s0 tclass=file
04-08 14:16:30.228  2442  2442 I auditd  : type=1400 audit(0.0:99): avc: denied { read } for comm="OnLineMonitor" name="mem" dev="debugfs" ino=17253 scontext=u:r:untrusted_app:s0 tcontext=u:object_r:debugfs:s0 tclass=file
04-08 14:16:30.275   712   712 I notification_cancel: [10054,2387,com.youku.phone,11250603,NULL,0,0,64,8,NULL]
04-08 14:16:30.910   712 17111 I force_gc: Binder
04-08 14:16:32.725   857   857 I force_gc: Binder
04-08 14:16:35.088  2442  2442 I auditd  : type=1400 audit(0.0:100): avc: denied { read } for comm="OnLineMonitor" name="mem" dev="debugfs" ino=17253 scontext=u:r:untrusted_app:s0 tcontext=u:object_r:debugfs:s0 tclass=file
04-08 14:16:35.088  2442  2442 I auditd  : type=1400 audit(0.0:101): avc: denied { read } for comm="OnLineMonitor" name="mem" dev="debugfs" ino=17253 scontext=u:r:untrusted_app:s0 tcontext=u:object_r:debugfs:s0 tclass=file
04-08 14:16:35.398   712 22159 I force_gc: Binder
04-08 14:16:37.326   857   857 I force_gc: Binder
04-08 14:16:40.128   712   904 I force_gc: Binder
04-08 14:16:43.394   712  1198 I am_home_stack_moved: [0,0,1,1,sourceStackToFront]
04-08 14:16:43.394   712  1198 I wm_task_moved: [3,1,0]
04-08 14:16:43.406   712  1198 I am_create_activity: [0,862795005,3,com.youku.phone/com.youku.ui.activity.DetailActivity,NULL,NULL,NULL,0]
04-08 14:16:43.410   712  1198 I am_pause_activity: [0,21141949,com.youku.phone/com.soku.searchsdk.activity.SearchResultActivity]
04-08 14:16:43.416   712  1198 I am_home_stack_moved: [0,0,1,1,startedActivity setFocusedActivity]
04-08 14:16:43.420   712  1198 I am_focused_activity: [0,com.youku.phone/com.youku.ui.activity.DetailActivity]
04-08 14:16:43.921   712   777 I am_restart_activity: [0,862795005,3,com.youku.phone/com.youku.ui.activity.DetailActivity]
04-08 14:16:44.293   857   857 I sysui_panelholder_touch: [0,683,60]
04-08 14:16:44.542   712  1037 I notification_panel_revealed: []
04-08 14:16:44.594   712  1261 I notification_visibility_changed: [-1|android|17040644|null|1000;-1|android|17040636|null|1000,]
04-08 14:16:44.817   712  1037 I notification_visibility_changed: [,-1|android|17040644|null|1000;-1|android|17040636|null|1000]
04-08 14:16:44.820   712  1261 I notification_panel_hidden: []
04-08 14:16:44.935  2387  2387 I am_on_paused_called: [0,com.soku.searchsdk.activity.SearchResultActivity]
04-08 14:16:44.938   712  1037 I am_failed_to_pause: [0,21141949,com.youku.phone/com.soku.searchsdk.activity.SearchResultActivity,(none)]
04-08 14:16:46.088  2442  2442 I auditd  : type=1400 audit(0.0:102): avc: denied { read } for comm="OnLineMonitor" name="mem" dev="debugfs" ino=17253 scontext=u:r:untrusted_app:s0 tcontext=u:object_r:debugfs:s0 tclass=file
04-08 14:16:46.138  2442  2442 I auditd  : type=1400 audit(0.0:103): avc: denied { read } for comm="OnLineMonitor" name="mem" dev="debugfs" ino=17253 scontext=u:r:untrusted_app:s0 tcontext=u:object_r:debugfs:s0 tclass=file
04-08 14:16:46.615   712  1262 I force_gc: Binder
04-08 14:16:49.811   857   857 I force_gc: Binder
04-08 14:16:52.315   712   728 I force_gc: Binder
04-08 14:16:54.027   712   712 I notification_cancel: [10054,2387,com.youku.phone,11250603,NULL,0,0,64,8,NULL]
04-08 14:16:57.686  2387  2387 I am_on_resume_called: [0,com.youku.ui.activity.DetailActivity]
04-08 14:17:05.822   176   176 I sf_frame_dur: [com.youku.phone/com.soku.searchsdk.activity.SearchResultActivity,106,59,9,4,3,1,2]
04-08 14:17:05.837   712   782 I am_activity_launch_time: [0,862795005,com.youku.phone/com.youku.ui.activity.DetailActivity,21918,21918]
04-08 14:17:06.160   857   857 I sysui_panelholder_touch: [0,50,28]
04-08 14:17:06.211   712   712 I free_storage_changed: 13071790080
04-08 14:17:06.359   712  1269 I notification_panel_revealed: []
04-08 14:17:06.367   712   904 I notification_visibility_changed: [-1|android|17040644|null|1000;-1|android|17040636|null|1000,]
04-08 14:17:06.856   712  1199 I notification_visibility_changed: [,-1|android|17040644|null|1000;-1|android|17040636|null|1000]
04-08 14:17:06.859   712  1261 I notification_panel_hidden: []
04-08 14:17:07.398   712 13229 I force_gc: Binder
04-08 14:17:07.744   712   812 I netstats_mobile_sample: [0,0,0,0,0,0,0,0,0,0,0,0,1491632227744]
04-08 14:17:07.745   712   812 I netstats_wifi_sample: [68053630,49772,2549210,32469,68052753,49804,2264262,32501,68048289,49801,2257388,32466,1491632227744]
04-08 14:17:11.241   712  1198 I force_gc: Binder
04-08 14:17:13.022   857   857 I force_gc: Binder
04-08 14:17:15.659   712  1199 I force_gc: Binder
