04-08 14:55:10.318   712 22159 I force_gc: Binder
04-08 14:55:12.379  2387  2387 I menu_opened: 0
04-08 14:55:12.995   712   812 I netstats_mobile_sample: [0,0,0,0,0,0,0,0,0,0,0,0,1491634512995]
04-08 14:55:12.995   712   812 I netstats_wifi_sample: [194224718,140447,5916639,83267,194230739,141001,5414092,83520,194230739,141001,5389128,83395,1491634512995]
04-08 14:55:13.257   712   904 I force_gc: Binder
04-08 14:55:13.663  2387  2387 I menu_opened: 0
04-08 14:55:14.368   857   857 I force_gc: Binder
04-08 14:55:14.742   712   812 I netstats_mobile_sample: [0,0,0,0,0,0,0,0,0,0,0,0,1491634514737]
04-08 14:55:14.743   712   812 I netstats_wifi_sample: [196533601,142009,5952239,84006,196539586,142563,5444974,84259,196466674,142514,5419730,84127,1491634514737]
04-08 14:55:15.579   712   729 I battery_level: [86,4082,418]
04-08 14:55:15.595   712   712 I notification_cancel: [10013,857,com.android.systemui,100,low_battery,-1,0,64,8,NULL]
04-08 14:55:15.919   712   812 I netstats_mobile_sample: [0,0,0,0,0,0,0,0,0,0,0,0,1491634515919]
04-08 14:55:15.920   712   812 I netstats_wifi_sample: [198805059,143540,5986464,84719,198793074,144081,5474182,84965,198781170,144073,5449098,84837,1491634515919]
04-08 14:55:16.060   712   904 I force_gc: Binder
04-08 14:55:17.023   857   857 I force_gc: Binder
04-08 14:55:17.073   712   812 I netstats_mobile_sample: [0,0,0,0,0,0,0,0,0,0,0,0,1491634517074]
04-08 14:55:17.077   712   812 I netstats_wifi_sample: [201091851,145089,6022531,85493,201090390,145638,5506506,85744,201063606,145620,5481222,85611,1491634517074]
04-08 14:55:17.530   712  1262 I am_home_stack_moved: [0,0,1,1,sourceStackToFront]
04-08 14:55:17.530   712  1262 I wm_task_moved: [3,1,0]
04-08 14:55:17.539   712  1262 I am_create_activity: [0,980268817,3,com.youku.phone/com.youku.ui.activity.WebViewActivity,com.youku.action.YoukuWebview,NULL,NULL,0]
04-08 14:55:17.542   712  1262 I am_pause_activity: [0,12573780,com.youku.phone/com.youku.ui.activity.DetailActivity]
04-08 14:55:17.546   712  1262 I am_home_stack_moved: [0,0,1,1,startedActivity setFocusedActivity]
04-08 14:55:17.550   712  1262 I am_focused_activity: [0,com.youku.phone/com.youku.ui.activity.WebViewActivity]
04-08 14:55:17.976  2387  2387 I am_on_paused_called: [0,com.youku.ui.activity.DetailActivity]
04-08 14:55:17.978   712   729 I am_restart_activity: [0,980268817,3,com.youku.phone/com.youku.ui.activity.WebViewActivity]
04-08 14:55:18.725   712   812 I netstats_mobile_sample: [0,0,0,0,0,0,0,0,0,0,0,0,1491634518726]
04-08 14:55:18.726   712   812 I netstats_wifi_sample: [203234724,146558,6081912,86484,203240635,147112,5554561,86737,203240635,147112,5529637,86613,1491634518726]
04-08 14:55:18.766  2387  2387 I am_on_resume_called: [0,com.youku.ui.activity.WebViewActivity]
04-08 14:55:18.903   712  1154 I force_gc: Binder
04-08 14:55:19.108  1038 10085 I force_gc: Binder
04-08 14:55:19.144   712   782 I am_activity_launch_time: [0,980268817,com.youku.phone/com.youku.ui.activity.WebViewActivity,1167,1167]
04-08 14:55:19.357   176   176 I sf_frame_dur: [SurfaceView,21,18,7,7,3,0,1]
04-08 14:55:19.357   176   176 I sf_frame_dur: [com.youku.phone/com.youku.ui.activity.DetailActivity,58,40,13,6,7,2,1]
04-08 14:55:19.954   857   857 I force_gc: Binder
04-08 14:55:22.047   712  1262 I force_gc: Binder
04-08 14:55:23.628  2442  2442 I auditd  : type=1400 audit(0.0:363): avc: denied { read } for comm="OnLineMonitor" name="mem" dev="debugfs" ino=17253 scontext=u:r:untrusted_app:s0 tcontext=u:object_r:debugfs:s0 tclass=file
04-08 14:55:23.678  2442  2442 I auditd  : type=1400 audit(0.0:364): avc: denied { read } for comm="OnLineMonitor" name="mem" dev="debugfs" ino=17253 scontext=u:r:untrusted_app:s0 tcontext=u:object_r:debugfs:s0 tclass=file
04-08 14:55:25.171   712 22159 I force_gc: Binder
04-08 14:55:26.649   176   176 I sf_frame_dur: [VolumePanel,5,2,0,1,0,0,0]
04-08 14:55:26.667   857   857 I force_gc: Binder
04-08 14:55:28.732   712  1154 I force_gc: Binder
04-08 14:55:29.859   857   857 I force_gc: Binder
04-08 14:55:31.860   712   904 I force_gc: Binder
04-08 14:55:32.686   176   176 I sf_frame_dur: [VolumePanel,4,3,2,0,0,0,0]
04-08 14:55:34.648  2387  2387 I menu_item_selected: [0,更多]
04-08 14:55:34.988   857   857 I force_gc: Binder
04-08 14:55:35.392   712   904 I force_gc: Binder
04-08 14:55:35.980   176   176 I sf_frame_dur: [com.youku.phone/com.youku.ui.activity.WebViewActivity,0,0,0,0,1,0,0]
04-08 14:55:38.248   857   857 I force_gc: Binder
04-08 14:55:38.441   712  1261 I force_gc: Binder
04-08 14:55:41.149   712   729 I force_gc: Binder
04-08 14:55:43.375   712 22159 I am_home_stack_moved: [0,0,1,1,intentActivityFound]
04-08 14:55:43.375   712 22159 I wm_task_moved: [3,1,0]
04-08 14:55:44.074   712   904 I force_gc: Binder
04-08 14:55:44.687   857   857 I force_gc: Binder
04-08 14:55:46.138  2442  2442 I auditd  : type=1400 audit(0.0:365): avc: denied { read } for comm="OnLineMonitor" name="mem" dev="debugfs" ino=17253 scontext=u:r:untrusted_app:s0 tcontext=u:object_r:debugfs:s0 tclass=file
04-08 14:55:46.158  2442  2442 I auditd  : type=1400 audit(0.0:366): avc: denied { read } for comm="OnLineMonitor" name="mem" dev="debugfs" ino=17253 scontext=u:r:untrusted_app:s0 tcontext=u:object_r:debugfs:s0 tclass=file
04-08 14:55:46.917   712 22159 I force_gc: Binder
04-08 14:55:47.439   857   857 I force_gc: Binder
04-08 14:55:49.626   712  1269 I force_gc: Binder
04-08 14:55:50.096   857   857 I force_gc: Binder
04-08 14:55:52.346   712  1262 I force_gc: Binder
04-08 14:55:54.578  2442  2442 I auditd  : type=1400 audit(0.0:367): avc: denied { read } for comm="OnLineMonitor" name="mem" dev="debugfs" ino=17253 scontext=u:r:untrusted_app:s0 tcontext=u:object_r:debugfs:s0 tclass=file
04-08 14:55:54.578  2442  2442 I auditd  : type=1400 audit(0.0:368): avc: denied { read } for comm="OnLineMonitor" name="mem" dev="debugfs" ino=17253 scontext=u:r:untrusted_app:s0 tcontext=u:object_r:debugfs:s0 tclass=file
04-08 14:55:55.267   857   857 I force_gc: Binder
04-08 14:55:55.594   712 22159 I force_gc: Binder
04-08 14:55:58.263   857   857 I force_gc: Binder
04-08 14:55:58.792   712 22159 I force_gc: Binder
04-08 14:55:59.688  2442  2442 I auditd  : type=1400 audit(0.0:369): avc: denied { read } for comm="OnLineMonitor" name="mem" dev="debugfs" ino=17253 scontext=u:r:untrusted_app:s0 tcontext=u:object_r:debugfs:s0 tclass=file
04-08 14:55:59.688  2442  2442 I auditd  : type=1400 audit(0.0:370): avc: denied { read } for comm="OnLineMonitor" name="mem" dev="debugfs" ino=17253 scontext=u:r:untrusted_app:s0 tcontext=u:object_r:debugfs:s0 tclass=file
04-08 14:56:01.702   712 13229 I force_gc: Binder
04-08 14:56:03.676   857   857 I force_gc: Binder
04-08 14:56:04.896   712   729 I force_gc: Binder
04-08 14:56:07.594   857   857 I force_gc: Binder
04-08 14:56:08.876   712  1262 I force_gc: Binder
04-08 14:56:09.599   712   712 I free_storage_changed: 12954005504
04-08 14:56:11.379   176   176 I sf_frame_dur: [VolumePanel,0,0,1,0,0,0,0]
04-08 14:56:13.012   712  1037 I force_gc: Binder
04-08 14:56:16.091   857   857 I force_gc: Binder
04-08 14:56:16.410   712   729 I force_gc: Binder
04-08 14:56:19.637   857   857 I force_gc: Binder
04-08 14:56:20.098   712  1037 I am_finish_activity: [0,980268817,3,com.youku.phone/com.youku.ui.activity.WebViewActivity,app-request]
04-08 14:56:20.110   712  1037 I am_home_stack_moved: [0,0,1,1,finishActivity adjustTopFocus setFocusedActivity]
04-08 14:56:20.110   712  1037 I am_focused_activity: [0,com.youku.phone/com.youku.ui.activity.DetailActivity]
04-08 14:56:20.113   712  1037 I am_pause_activity: [0,980268817,com.youku.phone/com.youku.ui.activity.WebViewActivity]
04-08 14:56:20.264  2387  2387 I am_on_paused_called: [0,com.youku.ui.activity.WebViewActivity]
04-08 14:56:20.270   712   904 I am_resume_activity: [0,12573780,3,com.youku.phone/com.youku.ui.activity.DetailActivity]
04-08 14:56:20.448   712  1269 I force_gc: Binder
04-08 14:56:20.542   712   712 I notification_cancel: [10054,2387,com.youku.phone,11250603,NULL,0,0,64,8,NULL]
04-08 14:56:21.471  2387  2387 I am_on_resume_called: [0,com.youku.ui.activity.DetailActivity]
04-08 14:56:25.314   712 13229 I force_gc: Binder
04-08 14:56:28.042   857   857 I force_gc: Binder
04-08 14:56:28.418  2442  2442 I auditd  : type=1400 audit(0.0:371): avc: denied { read } for comm="OnLineMonitor" name="mem" dev="debugfs" ino=17253 scontext=u:r:untrusted_app:s0 tcontext=u:object_r:debugfs:s0 tclass=file
04-08 14:56:28.443   712  1269 I force_gc: Binder
04-08 14:56:28.448  2442  2442 I auditd  : type=1400 audit(0.0:372): avc: denied { read } for comm="OnLineMonitor" name="mem" dev="debugfs" ino=17253 scontext=u:r:untrusted_app:s0 tcontext=u:object_r:debugfs:s0 tclass=file
04-08 14:56:31.020   857   857 I force_gc: Binder
04-08 14:56:31.539   712   904 I force_gc: Binder
04-08 14:56:33.317   712   777 I am_destroy_activity: [0,980268817,3,com.youku.phone/com.youku.ui.activity.WebViewActivity,finish-imm]
04-08 14:56:34.015   176   176 I sf_frame_dur: [com.youku.phone/com.youku.ui.activity.WebViewActivity,145,91,38,29,17,15,7]
04-08 14:56:34.724   712   812 I netstats_mobile_sample: [0,0,0,0,0,0,0,0,0,0,0,0,1491634594725]
04-08 14:56:34.725   712   812 I netstats_wifi_sample: [205373501,148308,6216931,87913,205379308,148864,5679940,88168,205370380,148858,5654374,88036,1491634594725]
04-08 14:56:35.108   712  1269 I force_gc: Binder
04-08 14:56:36.385   712   812 I netstats_mobile_sample: [0,0,0,0,0,0,0,0,0,0,0,0,1491634596385]
04-08 14:56:36.385   712   812 I netstats_wifi_sample: [207945177,150046,6252677,88711,207950966,150602,5714488,88966,207950966,150602,5689162,88840,1491634596385]
04-08 14:56:36.693   857   857 I force_gc: Binder
04-08 14:56:39.210   712  1261 I force_gc: Binder
04-08 14:56:40.088  2442  2442 I auditd  : type=1400 audit(0.0:373): avc: denied { read } for comm="OnLineMonitor" name="mem" dev="debugfs" ino=17253 scontext=u:r:untrusted_app:s0 tcontext=u:object_r:debugfs:s0 tclass=file
04-08 14:56:40.128  2442  2442 I auditd  : type=1400 audit(0.0:374): avc: denied { read } for comm="OnLineMonitor" name="mem" dev="debugfs" ino=17253 scontext=u:r:untrusted_app:s0 tcontext=u:object_r:debugfs:s0 tclass=file
04-08 14:56:40.391   857   857 I force_gc: Binder
04-08 14:56:44.085   712  1037 I force_gc: Binder
04-08 14:56:46.548  2442  2442 I auditd  : type=1400 audit(0.0:375): avc: denied { read } for comm="OnLineMonitor" name="mem" dev="debugfs" ino=17253 scontext=u:r:untrusted_app:s0 tcontext=u:object_r:debugfs:s0 tclass=file
04-08 14:56:46.558  2442  2442 I auditd  : type=1400 audit(0.0:376): avc: denied { read } for comm="OnLineMonitor" name="mem" dev="debugfs" ino=17253 scontext=u:r:untrusted_app:s0 tcontext=u:object_r:debugfs:s0 tclass=file
04-08 14:56:47.228   712  1154 I force_gc: Binder
04-08 14:56:47.587   857   857 I force_gc: Binder
04-08 14:56:50.175   712   812 I netstats_mobile_sample: [0,0,0,0,0,0,0,0,0,0,0,0,1491634610176]
04-08 14:56:50.226   712   812 I netstats_wifi_sample: [210590229,151848,6282441,89419,210596366,152406,5746004,89676,210596366,152406,5720276,89548,1491634610176]
04-08 14:56:51.245   712   729 I force_gc: Binder
04-08 14:56:54.828  2442  2442 I auditd  : type=1400 audit(0.0:377): avc: denied { read } for comm="OnLineMonitor" name="mem" dev="debugfs" ino=17253 scontext=u:r:untrusted_app:s0 tcontext=u:object_r:debugfs:s0 tclass=file
04-08 14:56:54.828  2442  2442 I auditd  : type=1400 audit(0.0:378): avc: denied { read } for comm="OnLineMonitor" name="mem" dev="debugfs" ino=17253 scontext=u:r:untrusted_app:s0 tcontext=u:object_r:debugfs:s0 tclass=file
04-08 14:56:56.393   712  1037 I force_gc: Binder
04-08 14:57:01.788   712   904 I am_home_stack_moved: [0,0,1,1,sourceStackToFront]
04-08 14:57:01.788   712   904 I wm_task_moved: [3,1,0]
04-08 14:57:01.807   712   904 I am_create_activity: [0,715001385,3,com.youku.phone/com.youku.ui.activity.WebViewActivity,com.youku.action.YoukuWebview,NULL,NULL,0]
04-08 14:57:01.809   712   904 I am_pause_activity: [0,12573780,com.youku.phone/com.youku.ui.activity.DetailActivity]
04-08 14:57:01.823   712   904 I am_home_stack_moved: [0,0,1,1,startedActivity setFocusedActivity]
04-08 14:57:01.838   712   904 I am_focused_activity: [0,com.youku.phone/com.youku.ui.activity.WebViewActivity]
04-08 14:57:02.329   712   777 I am_restart_activity: [0,715001385,3,com.youku.phone/com.youku.ui.activity.WebViewActivity]
04-08 14:57:03.574  2387  2387 I am_on_paused_called: [0,com.youku.ui.activity.DetailActivity]
04-08 14:57:03.574   712  1037 I am_failed_to_pause: [0,12573780,com.youku.phone/com.youku.ui.activity.DetailActivity,(none)]
04-08 14:57:04.580   712  1269 I force_gc: Binder
04-08 14:57:05.078  2387  2387 I am_on_resume_called: [0,com.youku.ui.activity.WebViewActivity]
04-08 14:57:06.194   712   782 I am_activity_launch_time: [0,715001385,com.youku.phone/com.youku.ui.activity.WebViewActivity,3870,3870]
04-08 14:57:06.491   176   176 I sf_frame_dur: [SurfaceView,1,2,22,16,8,2,9]
04-08 14:57:06.491   176   176 I sf_frame_dur: [com.youku.phone/com.youku.ui.activity.DetailActivity,1,1,0,1,0,3,6]
04-08 14:57:08.837   712   904 I force_gc: Binder
04-08 14:57:09.108   857   857 I force_gc: Binder
04-08 14:57:09.508   712  1261 I am_home_stack_moved: [0,0,1,1,intentActivityFound]
04-08 14:57:09.508   712  1261 I wm_task_moved: [3,1,0]
04-08 14:57:09.623   712   712 I free_storage_changed: 12948267008
04-08 14:57:12.197   712  1269 I force_gc: Binder
04-08 14:57:15.128  2442  2442 I auditd  : type=1400 audit(0.0:379): avc: denied { read } for comm="OnLineMonitor" name="mem" dev="debugfs" ino=17253 scontext=u:r:untrusted_app:s0 tcontext=u:object_r:debugfs:s0 tclass=file
04-08 14:57:15.128  2442  2442 I auditd  : type=1400 audit(0.0:380): avc: denied { read } for comm="OnLineMonitor" name="mem" dev="debugfs" ino=17253 scontext=u:r:untrusted_app:s0 tcontext=u:object_r:debugfs:s0 tclass=file
04-08 14:57:21.765   712   729 I force_gc: Binder
04-08 14:57:22.160   857   857 I force_gc: Binder
04-08 14:57:25.077   712  1154 I force_gc: Binder
04-08 14:57:26.349   857   857 I force_gc: Binder
04-08 14:57:28.136   712  1037 I force_gc: Binder
04-08 14:57:28.248   712   812 I netstats_mobile_sample: [0,0,0,0,0,0,0,0,0,0,0,0,1491634648248]
04-08 14:57:28.249   712   812 I netstats_wifi_sample: [213165445,153752,6395089,90593,213168364,154308,5843396,90850,213165388,154306,5817628,90721,1491634648248]
04-08 14:57:29.236   857   857 I force_gc: Binder
04-08 14:57:30.967   712  1037 I force_gc: Binder
04-08 14:57:32.838  2442  2442 I auditd  : type=1400 audit(0.0:381): avc: denied { read } for comm="OnLineMonitor" name="mem" dev="debugfs" ino=17253 scontext=u:r:untrusted_app:s0 tcontext=u:object_r:debugfs:s0 tclass=file
04-08 14:57:32.838  2442  2442 I auditd  : type=1400 audit(0.0:382): avc: denied { read } for comm="OnLineMonitor" name="mem" dev="debugfs" ino=17253 scontext=u:r:untrusted_app:s0 tcontext=u:object_r:debugfs:s0 tclass=file
04-08 14:57:34.189   712   729 I force_gc: Binder
04-08 14:57:35.837   857   857 I force_gc: Binder
04-08 14:57:37.669   712   729 I force_gc: Binder
04-08 14:57:39.529   857   857 I force_gc: Binder
04-08 14:57:40.188  2442  2442 I auditd  : type=1400 audit(0.0:383): avc: denied { read } for comm="OnLineMonitor" name="mem" dev="debugfs" ino=17253 scontext=u:r:untrusted_app:s0 tcontext=u:object_r:debugfs:s0 tclass=file
04-08 14:57:40.208  2442  2442 I auditd  : type=1400 audit(0.0:384): avc: denied { read } for comm="OnLineMonitor" name="mem" dev="debugfs" ino=17253 scontext=u:r:untrusted_app:s0 tcontext=u:object_r:debugfs:s0 tclass=file
04-08 14:57:41.168   712  1037 I force_gc: Binder
04-08 14:57:43.024   857   857 I sysui_panelholder_touch: [0,368,26]
04-08 14:57:43.131   712  1154 I notification_panel_revealed: []
04-08 14:57:43.142   712  1037 I notification_visibility_changed: [0|com.android.systemui|789|null|10013;-1|android|17040644|null|1000,]
04-08 14:57:44.496   712  1261 I notification_visibility_changed: [,0|com.android.systemui|789|null|10013;-1|android|17040644|null|1000]
04-08 14:57:44.500   712  1037 I notification_panel_hidden: []
04-08 14:57:46.278  2442  2442 I auditd  : type=1400 audit(0.0:385): avc: denied { read } for comm="OnLineMonitor" name="mem" dev="debugfs" ino=17253 scontext=u:r:untrusted_app:s0 tcontext=u:object_r:debugfs:s0 tclass=file
04-08 14:57:46.278  2442  2442 I auditd  : type=1400 audit(0.0:386): avc: denied { read } for comm="OnLineMonitor" name="mem" dev="debugfs" ino=17253 scontext=u:r:untrusted_app:s0 tcontext=u:object_r:debugfs:s0 tclass=file
04-08 14:57:46.381   712  1198 I force_gc: Binder
04-08 14:57:47.943   857   857 I force_gc: Binder
04-08 14:57:49.474   712   729 I force_gc: Binder
04-08 14:57:50.905   857   857 I force_gc: Binder
04-08 14:57:52.766   712 17119 I force_gc: Binder
04-08 14:57:55.966   712  1037 I force_gc: Binder
04-08 14:57:56.212   857   857 I force_gc: Binder
04-08 14:58:00.614   712  1262 I force_gc: Binder
04-08 14:58:01.363   857   857 I force_gc: Binder
04-08 14:58:06.224   712  1269 I force_gc: Binder
04-08 14:58:07.179   857   857 I sysui_panelholder_touch: [0,1003,36]
04-08 14:58:07.274   712  1198 I notification_panel_revealed: []
04-08 14:58:07.297   712  1154 I notification_visibility_changed: [0|com.android.systemui|789|null|10013;-1|android|17040644|null|1000,]
04-08 14:58:08.209   712  1261 I am_home_stack_moved: [0,0,1,1,intentActivityFound]
04-08 14:58:08.209   712  1261 I wm_task_moved: [3,1,0]
04-08 14:58:08.574   712  1262 I notification_visibility_changed: [,0|com.android.systemui|789|null|10013;-1|android|17040644|null|1000]
04-08 14:58:08.578   712   729 I notification_panel_hidden: []
04-08 14:58:09.634   712   712 I free_storage_changed: 12944330752
04-08 14:58:10.582   712   812 I netstats_mobile_sample: [0,0,0,0,0,0,0,0,0,0,0,0,1491634690582]
04-08 14:58:10.591   712   812 I netstats_wifi_sample: [215192424,155329,6526182,91905,215198358,155889,5965559,92164,215198358,155889,5939429,92034,1491634690582]
04-08 14:58:11.820   176   176 I sf_frame_dur: [VolumePanel,0,0,0,1,1,0,0]
04-08 14:58:11.849   857   857 I force_gc: Binder
04-08 14:58:14.091   712 17119 I force_gc: Binder
04-08 14:58:19.039   857   857 I force_gc: Binder
04-08 14:58:19.169   712  1261 I force_gc: Binder
04-08 14:58:22.199   712  1261 I force_gc: Binder
04-08 14:58:25.726   712   729 I force_gc: Binder
04-08 14:58:29.969   712 17119 I am_home_stack_moved: [0,0,1,1,intentActivityFound]
04-08 14:58:29.969   712 17119 I wm_task_moved: [3,1,0]
04-08 14:58:30.085   857   857 I force_gc: Binder
04-08 14:58:32.389   712  1154 I force_gc: Binder
04-08 14:58:37.348   857   857 I sysui_panelholder_touch: [0,499,29]
04-08 14:58:37.435   712  1269 I notification_panel_revealed: []
04-08 14:58:37.527   712 17119 I notification_visibility_changed: [0|com.android.systemui|789|null|10013;-1|android|17040644|null|1000,]
04-08 14:58:38.209   712 17119 I notification_visibility_changed: [,0|com.android.systemui|789|null|10013;-1|android|17040644|null|1000]
04-08 14:58:38.214   712   729 I notification_panel_hidden: []
04-08 14:58:39.751   857   857 I sysui_panelholder_touch: [0,270,66]
04-08 14:58:39.862   712  1154 I notification_panel_revealed: []
04-08 14:58:39.915   712   729 I notification_visibility_changed: [0|com.android.systemui|789|null|10013;-1|android|17040644|null|1000,]
04-08 14:58:40.637   712  1269 I notification_visibility_changed: [-1|android|17040636|null|1000,]
04-08 14:58:47.194   712  1262 I notification_visibility_changed: [,-1|android|17040636|null|1000]
04-08 14:58:50.363   712  1198 I force_gc: Binder
04-08 14:58:50.915   712   812 I netstats_mobile_sample: [0,0,0,0,0,0,0,0,0,0,0,0,1491634730916]
04-08 14:58:50.919   712   812 I netstats_wifi_sample: [217392823,157044,6695236,93338,217398814,157606,6119639,93599,217385422,157597,6092907,93462,1491634730916]
04-08 14:58:56.839   712  1269 I force_gc: Binder
04-08 14:58:58.397   712   729 I notification_visibility_changed: [-1|android|17040636|null|1000,]
04-08 14:58:58.461   712  1269 I am_home_stack_moved: [0,0,1,1,intentActivityFound]
04-08 14:58:58.461   712  1269 I wm_task_moved: [3,1,0]
04-08 14:58:58.498   857   857 I force_gc: Binder
04-08 14:59:00.716   712 22160 I am_home_stack_moved: [0,0,1,1,intentActivityFound]
04-08 14:59:00.717   712 22160 I wm_task_moved: [3,1,0]
04-08 14:59:04.196   712  1262 I force_gc: Binder
04-08 14:59:08.021   857   857 I force_gc: Binder
04-08 14:59:09.174   176   176 I sf_frame_dur: [VolumePanel,0,0,0,1,1,0,0]
04-08 14:59:09.207   712  1262 I notification_clicked: 0|com.android.systemui|789|null|10013
04-08 14:59:09.208   712   712 I notification_cancel: [10013,857,com.android.systemui,789,NULL,0,16,64,1,NULL]
04-08 14:59:09.215   712   712 I notification_canceled: [0|com.android.systemui|789|null|10013,1]
04-08 14:59:09.247   712 19362 I notification_visibility_changed: [,0|com.android.systemui|789|null|10013;-1|android|17040644|null|1000;-1|android|17040636|null|1000]
04-08 14:59:09.257   712 17119 I notification_panel_hidden: []
04-08 14:59:09.640   712   712 I free_storage_changed: 12939685888
04-08 14:59:10.562   712 17119 I notification_expansion: [-1|android|17040644|null|1000,0,1]
04-08 14:59:12.299   712  1198 I force_gc: Binder
04-08 14:59:17.296   712  1261 I force_gc: Binder
04-08 14:59:19.038   857   857 I force_gc: Binder
04-08 14:59:20.612   712 19362 I force_gc: Binder
04-08 14:59:24.544   712  1262 I force_gc: Binder
04-08 14:59:27.421   857   857 I force_gc: Binder
04-08 14:59:28.543   712  1154 I force_gc: Binder
04-08 14:59:31.008   857   857 I force_gc: Binder
04-08 14:59:32.045   712  1261 I force_gc: Binder
04-08 14:59:37.172   712  1261 I force_gc: Binder
04-08 14:59:38.315   857   857 I force_gc: Binder
04-08 14:59:40.641   712 17111 I force_gc: Binder
04-08 14:59:42.043   176   176 I sf_frame_dur: [PopupWindow:2ddbfb61,0,0,0,1,0,0,0]
04-08 14:59:46.727   712  1261 I am_home_stack_moved: [0,0,1,1,intentActivityFound]
04-08 14:59:46.727   712  1261 I wm_task_moved: [3,1,0]
04-08 14:59:47.196   712  1261 I force_gc: Binder
04-08 14:59:49.411   857   857 I force_gc: Binder
04-08 14:59:50.309   712   729 I force_gc: Binder
04-08 14:59:53.394   712 19362 I force_gc: Binder
04-08 14:59:55.728   857   857 I force_gc: Binder
04-08 14:59:56.517   712  1154 I force_gc: Binder
04-08 14:59:57.167   712 19362 I am_home_stack_moved: [0,0,1,1,intentActivityFound]
04-08 14:59:57.167   712 19362 I wm_task_moved: [3,1,0]
04-08 14:59:58.744   857   857 I force_gc: Binder
04-08 14:59:59.657   712 17111 I force_gc: Binder
04-08 15:00:03.995   712 17111 I force_gc: Binder
04-08 15:00:14.973   857   857 I force_gc: Binder
04-08 15:00:16.272   712   904 I am_home_stack_moved: [0,0,1,1,intentActivityFound]
04-08 15:00:16.273   712   904 I wm_task_moved: [3,1,0]
04-08 15:00:18.739   712  1269 I force_gc: Binder
04-08 15:00:20.167   857   857 I force_gc: Binder
04-08 15:00:21.998   712   904 I force_gc: Binder
04-08 15:00:25.429   712 22159 I force_gc: Binder
04-08 15:00:26.843   857   857 I force_gc: Binder
04-08 15:00:28.549   712  1199 I force_gc: Binder
04-08 15:00:29.654   857   857 I force_gc: Binder
04-08 15:00:31.511   712  1262 I am_home_stack_moved: [0,0,1,1,intentActivityFound]
04-08 15:00:31.511   712  1262 I wm_task_moved: [3,1,0]
04-08 15:00:32.144   712 13229 I force_gc: Binder
04-08 15:00:38.366   712 22159 I force_gc: Binder
04-08 15:00:39.519   857   857 I force_gc: Binder
04-08 15:00:42.725   712  1154 I force_gc: Binder
04-08 15:00:46.320   712  1262 I force_gc: Binder
04-08 15:00:48.062   857   857 I force_gc: Binder
04-08 15:00:49.448   712  1262 I force_gc: Binder
04-08 15:00:50.898   857   857 I force_gc: Binder
04-08 15:00:52.492   712  1262 I force_gc: Binder
04-08 15:00:57.742   712   812 I netstats_mobile_sample: [0,0,0,0,0,0,0,0,0,0,0,0,1491634857742]
04-08 15:00:57.742   712   812 I netstats_wifi_sample: [219285270,158586,6844743,94624,219291735,159151,6258502,94888,219291735,159151,6231166,94752,1491634857742]
04-08 15:01:04.201   712  1261 I force_gc: Binder
04-08 15:01:05.709   857   857 I force_gc: Binder
04-08 15:01:07.317   712   729 I force_gc: Binder
04-08 15:01:08.712   857   857 I force_gc: Binder
04-08 15:01:10.394   712   904 I force_gc: Binder
04-08 15:01:13.241   712 13229 I am_finish_activity: [0,715001385,3,com.youku.phone/com.youku.ui.activity.WebViewActivity,app-request]
04-08 15:01:13.243   712 13229 I am_home_stack_moved: [0,0,1,1,finishActivity adjustTopFocus setFocusedActivity]
04-08 15:01:13.243   712 13229 I am_focused_activity: [0,com.youku.phone/com.youku.ui.activity.DetailActivity]
04-08 15:01:13.243   712 13229 I am_pause_activity: [0,715001385,com.youku.phone/com.youku.ui.activity.WebViewActivity]
04-08 15:01:13.534  2387  2387 I am_on_paused_called: [0,com.youku.ui.activity.WebViewActivity]
04-08 15:01:13.541   712  1154 I am_resume_activity: [0,12573780,3,com.youku.phone/com.youku.ui.activity.DetailActivity]
04-08 15:01:13.763   712   729 I force_gc: Binder
04-08 15:01:13.875   712   712 I notification_cancel: [10054,2387,com.youku.phone,11250603,NULL,0,0,64,8,NULL]
04-08 15:01:14.527  2387  2387 I am_on_resume_called: [0,com.youku.ui.activity.DetailActivity]
04-08 15:01:16.776   857  2516 I force_gc: Binder
04-08 15:01:17.410   712  1261 I am_home_stack_moved: [0,0,1,1,sourceStackToFront]
04-08 15:01:17.410   712  1261 I wm_task_moved: [3,1,0]
04-08 15:01:17.421   712  1261 I am_create_activity: [0,154135486,3,com.youku.phone/com.youku.userchannel.ShowUserChannel,android.intent.action.VIEW,NULL,youku://userChannel,0]
04-08 15:01:17.423   712  1261 I am_pause_activity: [0,12573780,com.youku.phone/com.youku.ui.activity.DetailActivity]
04-08 15:01:17.432   712  1261 I am_home_stack_moved: [0,0,1,1,startedActivity setFocusedActivity]
04-08 15:01:17.439   712  1261 I am_focused_activity: [0,com.youku.phone/com.youku.userchannel.ShowUserChannel]
04-08 15:01:17.611   176   176 I sf_frame_dur: [com.youku.phone/com.youku.ui.activity.WebViewActivity,332,392,140,110,97,66,38]
04-08 15:01:17.934   712   777 I am_restart_activity: [0,154135486,3,com.youku.phone/com.youku.userchannel.ShowUserChannel]
04-08 15:01:18.047   712   777 I am_destroy_activity: [0,715001385,3,com.youku.phone/com.youku.ui.activity.WebViewActivity,finish-imm]
04-08 15:01:19.265   712   729 I force_gc: Binder
04-08 15:01:19.759  2387  2387 I am_on_paused_called: [0,com.youku.ui.activity.DetailActivity]
04-08 15:01:19.762   712  1261 I am_failed_to_pause: [0,12573780,com.youku.phone/com.youku.ui.activity.DetailActivity,(none)]
04-08 15:01:20.428  2442  2442 I auditd  : type=1400 audit(0.0:387): avc: denied { read } for comm="OnLineMonitor" name="mem" dev="debugfs" ino=17253 scontext=u:r:untrusted_app:s0 tcontext=u:object_r:debugfs:s0 tclass=file
04-08 15:01:20.458  2442  2442 I auditd  : type=1400 audit(0.0:388): avc: denied { read } for comm="OnLineMonitor" name="mem" dev="debugfs" ino=17253 scontext=u:r:untrusted_app:s0 tcontext=u:object_r:debugfs:s0 tclass=file
04-08 15:01:21.421   857   857 I force_gc: Binder
04-08 15:01:24.058   712  1262 I am_finish_activity: [0,56556982,3,com.youku.phone/com.youku.userchannel.ShowUserChannel,app-request]
04-08 15:01:24.327   712  1262 I am_destroy_activity: [0,56556982,3,com.youku.phone/com.youku.userchannel.ShowUserChannel,finish-imm]
04-08 15:01:24.398  2387  2387 I am_on_resume_called: [0,com.youku.userchannel.ShowUserChannel]
04-08 15:01:24.507   712 13229 I force_gc: Binder
04-08 15:01:26.170   712   782 I am_activity_launch_time: [0,154135486,com.youku.phone/com.youku.userchannel.ShowUserChannel,8238,8238]
04-08 15:01:26.211   176   176 I sf_frame_dur: [com.youku.phone/com.youku.ui.activity.DetailActivity,0,1,0,0,1,1,1]
04-08 15:01:27.664   857   857 I force_gc: Binder
04-08 15:01:28.159   712   729 I force_gc: Binder
04-08 15:01:31.192   857   857 I force_gc: Binder
04-08 15:01:32.035   712   729 I force_gc: Binder
04-08 15:01:35.871   712   729 I force_gc: Binder
04-08 15:01:38.028  2442  2442 I auditd  : type=1400 audit(0.0:389): avc: denied { read } for comm="OnLineMonitor" name="mem" dev="debugfs" ino=17253 scontext=u:r:untrusted_app:s0 tcontext=u:object_r:debugfs:s0 tclass=file
04-08 15:01:38.038  2442  2442 I auditd  : type=1400 audit(0.0:390): avc: denied { read } for comm="OnLineMonitor" name="mem" dev="debugfs" ino=17253 scontext=u:r:untrusted_app:s0 tcontext=u:object_r:debugfs:s0 tclass=file
04-08 15:01:38.286   857   857 I force_gc: Binder
04-08 15:01:39.919   712  1199 I force_gc: Binder
04-08 15:01:42.029   857   857 I force_gc: Binder
04-08 15:01:43.995   712  1262 I force_gc: Binder
04-08 15:01:46.578  2442  2442 I auditd  : type=1400 audit(0.0:391): avc: denied { read } for comm="OnLineMonitor" name="mem" dev="debugfs" ino=17253 scontext=u:r:untrusted_app:s0 tcontext=u:object_r:debugfs:s0 tclass=file
04-08 15:01:46.588  2442  2442 I auditd  : type=1400 audit(0.0:392): avc: denied { read } for comm="OnLineMonitor" name="mem" dev="debugfs" ino=17253 scontext=u:r:untrusted_app:s0 tcontext=u:object_r:debugfs:s0 tclass=file
04-08 15:01:46.904   857   857 I force_gc: Binder
04-08 15:01:47.190   712   729 I force_gc: Binder
04-08 15:01:48.121   712  1199 I am_home_stack_moved: [0,0,1,1,intentActivityFound]
04-08 15:01:48.121   712  1199 I wm_task_moved: [3,1,0]
04-08 15:01:49.917   857   857 I force_gc: Binder
04-08 15:01:51.426   712  1262 I force_gc: Binder
04-08 15:01:53.393   712  1199 I am_home_stack_moved: [0,0,1,1,intentActivityFound]
04-08 15:01:53.393   712  1199 I wm_task_moved: [3,1,0]
04-08 15:01:53.628  2442  2442 I auditd  : type=1400 audit(0.0:393): avc: denied { read } for comm="OnLineMonitor" name="mem" dev="debugfs" ino=17253 scontext=u:r:untrusted_app:s0 tcontext=u:object_r:debugfs:s0 tclass=file
04-08 15:01:53.628  2442  2442 I auditd  : type=1400 audit(0.0:394): avc: denied { read } for comm="OnLineMonitor" name="mem" dev="debugfs" ino=17253 scontext=u:r:untrusted_app:s0 tcontext=u:object_r:debugfs:s0 tclass=file
04-08 15:01:54.641   712  1199 I force_gc: Binder
04-08 15:01:55.593   857   857 I force_gc: Binder
04-08 15:01:57.550   712  1198 I am_home_stack_moved: [0,0,1,1,intentActivityFound]
04-08 15:01:57.550   712  1198 I wm_task_moved: [3,1,0]
04-08 15:01:57.826   712   729 I force_gc: Binder
04-08 15:01:58.628   857   857 I force_gc: Binder
04-08 15:01:59.681   857   857 I sysui_panelholder_touch: [0,0,32]
04-08 15:01:59.724   712  1154 I notification_panel_revealed: []
04-08 15:01:59.739   712   904 I notification_visibility_changed: [-1|android|17040644|null|1000;-1|android|17040636|null|1000,]
04-08 15:02:00.539   712  1199 I notification_visibility_changed: [,-1|android|17040644|null|1000;-1|android|17040636|null|1000]
04-08 15:02:00.543   712   904 I notification_panel_hidden: []
04-08 15:02:01.341   712  1199 I am_home_stack_moved: [0,0,1,1,sourceStackToFront]
04-08 15:02:01.341   712  1199 I wm_task_moved: [3,1,0]
04-08 15:02:01.350   712  1199 I am_create_activity: [0,973168939,3,com.youku.phone/com.youku.ui.activity.DetailActivity,NULL,NULL,NULL,0]
04-08 15:02:01.352   712  1199 I am_pause_activity: [0,154135486,com.youku.phone/com.youku.userchannel.ShowUserChannel]
04-08 15:02:01.362   712  1199 I am_home_stack_moved: [0,0,1,1,startedActivity setFocusedActivity]
04-08 15:02:01.370   712  1199 I am_focused_activity: [0,com.youku.phone/com.youku.ui.activity.DetailActivity]
04-08 15:02:01.798  2387  2387 I am_on_paused_called: [0,com.youku.userchannel.ShowUserChannel]
04-08 15:02:01.813   712   729 I am_restart_activity: [0,973168939,3,com.youku.phone/com.youku.ui.activity.DetailActivity]
04-08 15:02:02.331   712 13229 I am_finish_activity: [0,12573780,3,com.youku.phone/com.youku.ui.activity.DetailActivity,app-request]
04-08 15:02:02.336   712 13229 I am_destroy_activity: [0,12573780,3,com.youku.phone/com.youku.ui.activity.DetailActivity,finish-imm]
04-08 15:02:03.489   712 13229 I force_gc: Binder
04-08 15:02:07.244   712  1198 I force_gc: Binder
04-08 15:02:08.594   857   857 I force_gc: Binder
04-08 15:02:08.928  2442  2442 I auditd  : type=1400 audit(0.0:395): avc: denied { read } for comm="OnLineMonitor" name="mem" dev="debugfs" ino=17253 scontext=u:r:untrusted_app:s0 tcontext=u:object_r:debugfs:s0 tclass=file
04-08 15:02:08.968  2442  2442 I auditd  : type=1400 audit(0.0:396): avc: denied { read } for comm="OnLineMonitor" name="mem" dev="debugfs" ino=17253 scontext=u:r:untrusted_app:s0 tcontext=u:object_r:debugfs:s0 tclass=file
04-08 15:02:11.867   712   729 I force_gc: Binder
04-08 15:02:14.973   712   729 I force_gc: Binder
04-08 15:02:15.851   857   857 I force_gc: Binder
04-08 15:02:16.883   712   712 I notification_cancel: [10054,2387,com.youku.phone,11250603,NULL,0,0,64,8,NULL]
04-08 15:02:17.164  2387  2387 I am_on_resume_called: [0,com.youku.ui.activity.DetailActivity]
04-08 15:02:18.226   712  1199 I force_gc: Binder
04-08 15:02:18.329   857   857 I sysui_panelholder_touch: [0,931,5]
04-08 15:02:18.412   712   712 I notification_cancel: [10054,2387,com.youku.phone,11250603,NULL,0,0,64,8,NULL]
04-08 15:02:18.415   712   729 I notification_panel_revealed: []
04-08 15:02:18.481   712  1262 I notification_visibility_changed: [-1|android|17040644|null|1000;-1|android|17040636|null|1000,]
04-08 15:02:18.941   712   782 I am_activity_launch_time: [0,973168939,com.youku.phone/com.youku.ui.activity.DetailActivity,17130,17130]
04-08 15:02:19.000   176   176 I sf_frame_dur: [com.youku.phone/com.youku.userchannel.ShowUserChannel,9,16,7,9,7,3,11]
04-08 15:02:19.649   857   857 I force_gc: Binder
04-08 15:02:21.110   712   812 I netstats_mobile_sample: [0,0,0,0,0,0,0,0,0,0,0,0,1491634941110]
04-08 15:02:21.124   712   812 I netstats_wifi_sample: [221380291,160227,6917172,95810,221387434,160798,6323109,96080,221330890,160760,6293847,95920,1491634941110]
04-08 15:02:22.200   712   812 I netstats_mobile_sample: [0,0,0,0,0,0,0,0,0,0,0,0,1491634942200]
04-08 15:02:22.201   712   812 I netstats_wifi_sample: [223889467,161915,6942136,96410,223896610,162486,6347133,96680,223896610,162486,6318591,96538,1491634942200]
04-08 15:02:23.348   712   812 I netstats_mobile_sample: [0,0,0,0,0,0,0,0,0,0,0,0,1491634943348]
04-08 15:02:23.355   712   812 I netstats_wifi_sample: [226357440,163578,6970947,97029,226363095,164148,6372516,97299,226354167,164142,6343854,97154,1491634943348]
04-08 15:02:24.130   712 13229 I force_gc: Binder
04-08 15:02:24.534   712   812 I netstats_mobile_sample: [0,0,0,0,0,0,0,0,0,0,0,0,1491634944534]
04-08 15:02:24.534   712   812 I netstats_wifi_sample: [228526781,165043,7000687,97665,228519044,165604,6397974,97930,228514580,165601,6369352,97786,1491634944534]
04-08 15:02:25.881   712   812 I netstats_mobile_sample: [0,0,0,0,0,0,0,0,0,0,0,0,1491634945880]
04-08 15:02:25.881   712   812 I netstats_wifi_sample: [230971242,166703,7050145,98713,230978343,167274,6442224,98983,230978343,167274,6413642,98840,1491634945880]
04-08 15:02:27.080   712   812 I netstats_mobile_sample: [0,0,0,0,0,0,0,0,0,0,0,0,1491634947081]
04-08 15:02:27.085   712   812 I netstats_wifi_sample: [233418354,168351,7079157,99343,233422479,168920,6467396,99612,233415039,168915,6438774,99468,1491634947081]
04-08 15:02:35.462   712   729 I force_gc: Binder
04-08 15:02:38.936  1120  1120 I gsm_service_state_change: [1,1,3,3]
04-08 15:02:40.329   712   817 I netstats_mobile_sample: [0,0,0,0,0,0,0,0,0,0,0,0,1491634960294]
04-08 15:02:40.330   712   817 I netstats_wifi_sample: [233968776,168748,7091669,99538,233975841,169319,6477714,99808,233975841,169319,6449172,99666,1491634960294]
04-08 15:02:40.450   712  1154 I am_home_stack_moved: [0,0,1,1,intentActivityFound]
04-08 15:02:40.450   712  1154 I wm_task_moved: [3,1,0]
04-08 15:02:46.028   712   812 I netstats_mobile_sample: [0,0,0,0,0,0,0,0,0,0,0,0,1491634966029]
04-08 15:02:46.049   712   812 I netstats_wifi_sample: [233968776,168748,7091669,99538,233975841,169319,6477714,99808,233975841,169319,6449172,99666,1491634966029]
04-08 15:02:56.019   712   781 I am_proc_start: [0,15727,1002,com.android.bluetooth,service,com.android.bluetooth/.btservice.AdapterService]
04-08 15:02:56.716   712  1261 I am_proc_bound: [0,15727,com.android.bluetooth]
04-08 15:02:59.710   712  1198 I force_gc: Binder
04-08 15:03:10.321   712  1154 I am_proc_start: [0,19275,1000,com.android.settings,broadcast,com.android.settings/.widget.SettingsAppWidgetProvider]
04-08 15:03:10.388   712   712 I free_storage_changed: 12927172608
04-08 15:03:11.286   712   904 I am_proc_bound: [0,19275,com.android.settings]
04-08 15:03:13.973   712  1262 I force_gc: Binder
04-08 15:03:16.122   857   857 I force_gc: Binder
04-08 15:03:25.225   712 13229 I force_gc: Binder
04-08 15:03:29.774   857   857 I force_gc: Binder
04-08 15:03:30.699   712 17111 I force_gc: Binder
04-08 15:03:33.009   712 17111 I notification_visibility_changed: [,-1|android|17040644|null|1000;-1|android|17040636|null|1000]
04-08 15:03:33.035   712 17111 I notification_panel_hidden: []
04-08 15:03:33.345   712 17111 I notification_clicked: -1|android|17040636|null|1000
04-08 15:03:33.345   712   712 I notification_cancel: [10013,857,android,17040636,NULL,-1,16,64,1,NULL]
04-08 15:03:38.502   712  1262 I notification_cancel_all: [1002,15727,com.android.bluetooth,0,0,64,9,NULL]
04-08 15:03:40.666   712 17111 I force_gc: Binder
04-08 15:03:41.977   857   857 I force_gc: Binder
04-08 15:03:48.982   712   712 I notification_cancel: [1002,15727,com.android.bluetooth,-1000005,NULL,0,0,64,8,NULL]
04-08 15:03:50.271   712 13229 I force_gc: Binder
04-08 15:03:50.548   712   712 I notification_cancel: [1002,15727,com.android.bluetooth,-1000006,NULL,0,0,64,8,NULL]
04-08 15:03:58.848   712 17111 I force_gc: Binder
04-08 15:03:59.874   857   857 I force_gc: Binder
04-08 15:04:00.588  2442  2442 I auditd  : type=1400 audit(0.0:397): avc: denied { read } for comm="OnLineMonitor" name="mem" dev="debugfs" ino=17253 scontext=u:r:untrusted_app:s0 tcontext=u:object_r:debugfs:s0 tclass=file
04-08 15:04:00.628  2442  2442 I auditd  : type=1400 audit(0.0:398): avc: denied { read } for comm="OnLineMonitor" name="mem" dev="debugfs" ino=17253 scontext=u:r:untrusted_app:s0 tcontext=u:object_r:debugfs:s0 tclass=file
04-08 15:04:06.106   712 22160 I force_gc: Binder
04-08 15:04:06.240  2387  2387 I menu_opened: 0
04-08 15:04:07.838  2442  2442 I auditd  : type=1400 audit(0.0:399): avc: denied { read } for comm="OnLineMonitor" name="mem" dev="debugfs" ino=17253 scontext=u:r:untrusted_app:s0 tcontext=u:object_r:debugfs:s0 tclass=file
04-08 15:04:07.838  2442  2442 I auditd  : type=1400 audit(0.0:400): avc: denied { read } for comm="OnLineMonitor" name="mem" dev="debugfs" ino=17253 scontext=u:r:untrusted_app:s0 tcontext=u:object_r:debugfs:s0 tclass=file
04-08 15:04:09.256   857   857 I force_gc: Binder
04-08 15:04:10.397   712  1037 I force_gc: Binder
04-08 15:04:13.460   712 22160 I force_gc: Binder
04-08 15:04:13.508  2442  2442 I auditd  : type=1400 audit(0.0:401): avc: denied { read } for comm="OnLineMonitor" name="mem" dev="debugfs" ino=17253 scontext=u:r:untrusted_app:s0 tcontext=u:object_r:debugfs:s0 tclass=file
04-08 15:04:13.538  2442  2442 I auditd  : type=1400 audit(0.0:402): avc: denied { read } for comm="OnLineMonitor" name="mem" dev="debugfs" ino=17253 scontext=u:r:untrusted_app:s0 tcontext=u:object_r:debugfs:s0 tclass=file
04-08 15:04:19.385   712   712 I notification_cancel: [1002,15727,com.android.bluetooth,-1000005,NULL,0,0,64,8,NULL]
04-08 15:04:19.496   712 22160 I force_gc: Binder
04-08 15:04:19.708   857   857 I force_gc: Binder
04-08 15:04:20.518   712   712 I notification_cancel: [1002,15727,com.android.bluetooth,-1000006,NULL,0,0,64,8,NULL]
04-08 15:04:23.464   712  1199 I force_gc: Binder
04-08 15:04:27.999   857   857 I force_gc: Binder
04-08 15:04:28.459   712 17111 I force_gc: Binder
04-08 15:04:33.196   712 22160 I force_gc: Binder
04-08 15:04:37.380   712  1198 I force_gc: Binder
04-08 15:04:37.518   191   191 I auditd  : type=1400 audit(0.0:403): avc: denied { search } for comm="debuggerd" name="com.youku.phone" dev="mmcblk0p28" ino=81783 scontext=u:r:debuggerd:s0 tcontext=u:object_r:app_data_file:s0 tclass=dir
04-08 15:04:37.528   191   191 I auditd  : type=1400 audit(0.0:404): avc: denied { search } for comm="debuggerd" name="com.youku.phone" dev="mmcblk0p28" ino=81783 scontext=u:r:debuggerd:s0 tcontext=u:object_r:app_data_file:s0 tclass=dir
04-08 15:04:37.528   191   191 I auditd  : type=1400 audit(0.0:405): avc: denied { search } for comm="debuggerd" name="com.youku.phone" dev="mmcblk0p28" ino=81783 scontext=u:r:debuggerd:s0 tcontext=u:object_r:app_data_file:s0 tclass=dir
04-08 15:04:37.528   191   191 I auditd  : type=1400 audit(0.0:406): avc: denied { search } for comm="debuggerd" name="com.youku.phone" dev="mmcblk0p28" ino=81783 scontext=u:r:debuggerd:s0 tcontext=u:object_r:app_data_file:s0 tclass=dir
04-08 15:04:37.538   191   191 I auditd  : type=1400 audit(0.0:407): avc: denied { search } for comm="debuggerd" name="com.youku.phone" dev="mmcblk0p28" ino=81783 scontext=u:r:debuggerd:s0 tcontext=u:object_r:app_data_file:s0 tclass=dir
04-08 15:04:37.538   191   191 I auditd  : type=1400 audit(0.0:408): avc: denied { search } for comm="debuggerd" name="com.youku.phone" dev="mmcblk0p28" ino=81783 scontext=u:r:debuggerd:s0 tcontext=u:object_r:app_data_file:s0 tclass=dir
04-08 15:04:38.328   191   191 I auditd  : type=1400 audit(0.0:409): avc: denied { search } for comm="debuggerd" name="com.youku.phone" dev="mmcblk0p28" ino=81783 scontext=u:r:debuggerd:s0 tcontext=u:object_r:app_data_file:s0 tclass=dir
04-08 15:04:38.328   191   191 I auditd  : type=1400 audit(0.0:410): avc: denied { search } for comm="debuggerd" name="com.youku.phone" dev="mmcblk0p28" ino=81783 scontext=u:r:debuggerd:s0 tcontext=u:object_r:app_data_file:s0 tclass=dir
04-08 15:04:38.328   191   191 I auditd  : type=1400 audit(0.0:411): avc: denied { search } for comm="debuggerd" name="com.youku.phone" dev="mmcblk0p28" ino=81783 scontext=u:r:debuggerd:s0 tcontext=u:object_r:app_data_file:s0 tclass=dir
04-08 15:04:38.338   191   191 I auditd  : type=1400 audit(0.0:412): avc: denied { search } for comm="debuggerd" name="com.youku.phone" dev="mmcblk0p28" ino=81783 scontext=u:r:debuggerd:s0 tcontext=u:object_r:app_data_file:s0 tclass=dir
04-08 15:04:38.338   191   191 I auditd  : type=1400 audit(0.0:413): avc: denied { search } for comm="debuggerd" name="com.youku.phone" dev="mmcblk0p28" ino=81783 scontext=u:r:debuggerd:s0 tcontext=u:object_r:app_data_file:s0 tclass=dir
04-08 15:04:38.338   191   191 I auditd  : type=1400 audit(0.0:414): avc: denied { search } for comm="debuggerd" name="com.youku.phone" dev="mmcblk0p28" ino=81783 scontext=u:r:debuggerd:s0 tcontext=u:object_r:app_data_file:s0 tclass=dir
04-08 15:04:38.348   191   191 I auditd  : type=1400 audit(0.0:415): avc: denied { search } for comm="debuggerd" name="com.youku.phone" dev="mmcblk0p28" ino=81783 scontext=u:r:debuggerd:s0 tcontext=u:object_r:app_data_file:s0 tclass=dir
04-08 15:04:38.388   191   191 I auditd  : type=1400 audit(0.0:416): avc: denied { search } for comm="debuggerd" name="com.youku.phone" dev="mmcblk0p28" ino=81783 scontext=u:r:debuggerd:s0 tcontext=u:object_r:app_data_file:s0 tclass=dir
04-08 15:04:38.398   191   191 I auditd  : type=1400 audit(0.0:417): avc: denied { search } for comm="debuggerd" name="com.youku.phone" dev="mmcblk0p28" ino=81783 scontext=u:r:debuggerd:s0 tcontext=u:object_r:app_data_file:s0 tclass=dir
04-08 15:04:38.408   191   191 I auditd  : type=1400 audit(0.0:418): avc: denied { search } for comm="debuggerd" name="com.youku.phone" dev="mmcblk0p28" ino=81783 scontext=u:r:debuggerd:s0 tcontext=u:object_r:app_data_file:s0 tclass=dir
04-08 15:04:38.408   191   191 I auditd  : type=1400 audit(0.0:419): avc: denied { search } for comm="debuggerd" name="com.youku.phone" dev="mmcblk0p28" ino=81783 scontext=u:r:debuggerd:s0 tcontext=u:object_r:app_data_file:s0 tclass=dir
04-08 15:04:38.418   191   191 I auditd  : type=1400 audit(0.0:420): avc: denied { search } for comm="debuggerd" name="com.youku.phone" dev="mmcblk0p28" ino=81783 scontext=u:r:debuggerd:s0 tcontext=u:object_r:app_data_file:s0 tclass=dir
04-08 15:04:38.418   191   191 I auditd  : type=1400 audit(0.0:421): avc: denied { search } for comm="debuggerd" name="com.youku.phone" dev="mmcblk0p28" ino=81783 scontext=u:r:debuggerd:s0 tcontext=u:object_r:app_data_file:s0 tclass=dir
04-08 15:04:38.418   191   191 I auditd  : type=1400 audit(0.0:422): avc: denied { search } for comm="debuggerd" name="com.youku.phone" dev="mmcblk0p28" ino=81783 scontext=u:r:debuggerd:s0 tcontext=u:object_r:app_data_file:s0 tclass=dir
04-08 15:04:39.347   857   857 I force_gc: Binder
04-08 15:04:40.838   712  1199 I force_gc: Binder
04-08 15:04:42.570   712 13229 I am_proc_died: [0,30955,com.youku.phone:channel]
04-08 15:04:42.571   712 13229 I am_schedule_service_restart: [0,com.youku.phone/com.alibaba.analytics.AnalyticsService,1000]
04-08 15:04:42.571   712 13229 I am_schedule_service_restart: [0,com.youku.phone/com.taobao.accs.ChannelService,10999]
04-08 15:04:43.713   712   777 I am_proc_start: [0,10440,10054,com.youku.phone:channel,service,com.youku.phone/com.alibaba.analytics.AnalyticsService]
04-08 15:04:44.183   712  1261 I am_proc_bound: [0,10440,com.youku.phone:channel]
04-08 15:04:44.226   712 13229 I force_gc: Binder
04-08 15:04:46.092   857   857 I force_gc: Binder
04-08 15:04:46.925   712   729 I force_gc: Binder
04-08 15:04:50.096   857   857 I sysui_panelholder_touch: [0,541,33]
04-08 15:04:50.178   712   729 I notification_panel_revealed: []
04-08 15:04:50.198   712  1037 I notification_visibility_changed: [-1|android|17040644|null|1000;-1|android|17040636|null|1000,]
04-08 15:04:51.135   712 22159 I am_home_stack_moved: [0,0,1,1,intentActivityFound]
04-08 15:04:51.135   712 22159 I wm_task_moved: [3,1,0]
04-08 15:04:51.464   857   857 I force_gc: Binder
04-08 15:04:52.125   712 13229 I notification_visibility_changed: [,-1|android|17040644|null|1000;-1|android|17040636|null|1000]
04-08 15:04:52.134   712 22159 I notification_panel_hidden: []
04-08 15:04:54.197   712  1199 I force_gc: Binder
04-08 15:04:57.545  2387  2387 I menu_opened: 0
04-08 15:05:02.146   712 13229 I force_gc: Binder
04-08 15:05:09.117   712  1037 I force_gc: Binder
04-08 15:05:10.410   857   857 I force_gc: Binder
04-08 15:05:13.073   712   729 I force_gc: Binder
04-08 15:05:14.530   857   857 I sysui_panelholder_touch: [0,29,65]
04-08 15:05:14.738   712 13229 I notification_panel_revealed: []
04-08 15:05:14.799   712 17111 I notification_visibility_changed: [-1|android|17040644|null|1000;-1|android|17040636|null|1000,]
04-08 15:05:14.929   712  1154 I notification_visibility_changed: [,-1|android|17040644|null|1000;-1|android|17040636|null|1000]
04-08 15:05:14.939   712  1037 I notification_panel_hidden: []
04-08 15:05:18.298   712  1199 I force_gc: Binder
04-08 15:05:19.133   176   176 I sf_frame_dur: [VolumePanel,0,0,0,0,1,0,0]
04-08 15:05:19.348   857   857 I force_gc: Binder
04-08 15:05:21.419   712 17119 I force_gc: Binder
04-08 15:05:22.112   857   857 I sysui_panelholder_touch: [0,842,13]
04-08 15:05:22.334   712  1154 I notification_panel_revealed: []
04-08 15:05:22.434   712  1037 I notification_visibility_changed: [-1|android|17040644|null|1000;-1|android|17040636|null|1000,]
04-08 15:05:24.028   712 13229 I notification_visibility_changed: [,-1|android|17040644|null|1000;-1|android|17040636|null|1000]
04-08 15:05:24.033   712 17119 I notification_panel_hidden: []
04-08 15:05:27.816   712  1154 I force_gc: Binder
04-08 15:05:28.462   857   857 I force_gc: Binder
04-08 15:05:31.569   712  1037 I force_gc: Binder
04-08 15:05:32.337   857   857 I force_gc: Binder
04-08 15:05:36.068   712 13229 I force_gc: Binder
04-08 15:05:37.896  2387  2387 I menu_opened: 0
04-08 15:05:40.559   857   857 I force_gc: Binder
04-08 15:05:41.317   712  1154 I force_gc: Binder
04-08 15:05:42.280  2387  2387 I menu_opened: 0
04-08 15:05:46.013   712  1154 I force_gc: Binder
04-08 15:05:47.595  2387  2387 I menu_opened: 0
04-08 15:05:51.566   857   857 I force_gc: Binder
04-08 15:05:52.161   712 17119 I force_gc: Binder
04-08 15:05:56.403   712 13229 I force_gc: Binder
04-08 15:05:59.132   857   857 I force_gc: Binder
04-08 15:06:00.613  2387  2387 I menu_opened: 0
04-08 15:06:00.727   712  1037 I force_gc: Binder
04-08 15:06:07.261   712 17111 I am_home_stack_moved: [0,0,1,1,intentActivityFound]
04-08 15:06:07.261   712 17111 I wm_task_moved: [3,1,0]
04-08 15:06:10.106   176   176 I sf_frame_dur: [VolumePanel,0,0,0,0,1,0,0]
04-08 15:06:10.798   712 17119 I force_gc: Binder
04-08 15:06:12.498   857   857 I force_gc: Binder
04-08 15:06:17.593   176   176 I sf_frame_dur: [VolumePanel,0,0,0,0,1,0,0]
04-08 15:06:19.074   712   729 I force_gc: Binder
04-08 15:06:20.369  2387  2387 I menu_opened: 0
04-08 15:06:21.796   857   857 I force_gc: Binder
04-08 15:06:22.762   712  1154 I force_gc: Binder
04-08 15:06:29.514   712  1154 I force_gc: Binder
04-08 15:06:30.061   857   857 I force_gc: Binder
04-08 15:06:34.037   712 22160 I force_gc: Binder
04-08 15:06:36.555   857   857 I force_gc: Binder
04-08 15:06:36.892   712   729 I force_gc: Binder
04-08 15:06:39.762   857   857 I force_gc: Binder
04-08 15:06:40.272   712  1199 I force_gc: Binder
04-08 15:06:42.707   712 17111 I force_gc: Binder
04-08 15:06:45.487   857   857 I force_gc: Binder
04-08 15:06:45.711   712   729 I force_gc: Binder
04-08 15:06:48.246   857   857 I force_gc: Binder
04-08 15:06:48.721   712 22160 I force_gc: Binder
04-08 15:06:51.731   857   857 I force_gc: Binder
04-08 15:06:52.621   712 22160 I force_gc: Binder
04-08 15:06:58.023   712  1037 I force_gc: Binder
04-08 15:07:00.369   857   857 I force_gc: Binder
04-08 15:07:02.269   712  1154 I force_gc: Binder
04-08 15:07:07.121   712  1154 I force_gc: Binder
04-08 15:07:09.167   857   857 I force_gc: Binder
