04-08 15:38:33.995   857   857 I force_gc: Binder
04-08 15:38:36.036   712 13229 I force_gc: Binder
04-08 15:38:40.242   857   857 I force_gc: Binder
04-08 15:38:40.711   712 13229 I force_gc: Binder
04-08 15:38:43.697   857   857 I force_gc: Binder
04-08 15:38:44.612   712   729 I force_gc: Binder
04-08 15:38:45.417   712   777 I am_anr  : [0,1038,com.android.inputmethod.latin,13155909,Input dispatching timed out (Waiting to send non-key event because the touched window has not finished processing certain input events that were delivered to it over 500.0ms ago.  Wait queue length: 1.  Wait queue head age: 6005.3ms.)]
04-08 15:39:13.826   712   777 I am_broadcast_discard_filter: [0,962960524,android.intent.action.TIME_TICK,11,7073260]
04-08 15:39:16.627   712  1262 I force_gc: Binder
04-08 15:39:17.475   857   857 I force_gc: Binder
04-08 15:39:19.685   712 17111 I battery_level: [83,4101,421]
04-08 15:39:19.695   712   712 I notification_cancel: [10013,857,com.android.systemui,100,low_battery,-1,0,64,8,NULL]
04-08 15:39:19.988   712  1261 I force_gc: Binder
04-08 15:39:20.740   857   857 I force_gc: Binder
04-08 15:39:22.825   712   729 I force_gc: Binder
04-08 15:39:25.404   712 22160 I force_gc: Binder
04-08 15:39:26.046   857   857 I force_gc: Binder
04-08 15:39:27.919   712 13229 I force_gc: Binder
04-08 15:39:28.478   857   857 I force_gc: Binder
04-08 15:39:30.449   712  1262 I force_gc: Binder
04-08 15:39:31.002   857   857 I force_gc: Binder
04-08 15:39:32.989   712 17111 I force_gc: Binder
04-08 15:39:35.213   712 13229 I force_gc: Binder
04-08 15:39:35.559   857   857 I force_gc: Binder
04-08 15:39:38.293   712 17111 I force_gc: Binder
04-08 15:39:38.459   857   857 I force_gc: Binder
04-08 15:39:41.139   857   857 I force_gc: Binder
04-08 15:39:41.207   712 19362 I force_gc: Binder
04-08 15:39:44.298   712 19362 I force_gc: Binder
04-08 15:39:47.386   712 19362 I force_gc: Binder
04-08 15:39:47.868   857   857 I force_gc: Binder
04-08 15:39:50.519   712 13229 I force_gc: Binder
04-08 15:39:50.896   857   857 I force_gc: Binder
04-08 15:39:53.666   712  1198 I force_gc: Binder
04-08 15:39:56.906   712 19362 I force_gc: Binder
04-08 15:39:58.442   857   857 I force_gc: Binder
04-08 15:39:59.948   712  1198 I force_gc: Binder
04-08 15:40:10.321   712   777 I am_broadcast_discard_filter: [0,104759253,android.intent.action.TIME_TICK,11,7073260]
04-08 15:40:12.629   857   857 I force_gc: Binder
04-08 15:40:12.682   712 17111 I force_gc: Binder
04-08 15:40:14.882   712  1198 I force_gc: Binder
04-08 15:40:15.312   857   857 I force_gc: Binder
04-08 15:40:17.276   712 19362 I force_gc: Binder
04-08 15:40:17.657   857   857 I force_gc: Binder
04-08 15:40:19.712   712 22160 I force_gc: Binder
04-08 15:40:20.122   857   857 I force_gc: Binder
04-08 15:40:22.009   712  1261 I force_gc: Binder
04-08 15:40:22.383   857   857 I force_gc: Binder
04-08 15:40:24.270   712 19362 I force_gc: Binder
04-08 15:40:25.387   857   857 I force_gc: Binder
04-08 15:40:25.998   191   191 I auditd  : type=1400 audit(0.0:526): avc: denied { read } for comm="debuggerd" name="kgsl-3d0" dev="tmpfs" ino=6197 scontext=u:r:debuggerd:s0 tcontext=u:object_r:gpu_device:s0 tclass=chr_file
04-08 15:40:26.508   191   191 I auditd  : type=1400 audit(0.0:527): avc: denied { search } for comm="debuggerd" name="com.youku.phone" dev="mmcblk0p28" ino=81783 scontext=u:r:debuggerd:s0 tcontext=u:object_r:app_data_file:s0 tclass=dir
04-08 15:40:26.508   191   191 I auditd  : type=1400 audit(0.0:528): avc: denied { search } for comm="debuggerd" name="com.youku.phone" dev="mmcblk0p28" ino=81783 scontext=u:r:debuggerd:s0 tcontext=u:object_r:app_data_file:s0 tclass=dir
04-08 15:40:26.508   191   191 I auditd  : type=1400 audit(0.0:529): avc: denied { search } for comm="debuggerd" name="com.youku.phone" dev="mmcblk0p28" ino=81783 scontext=u:r:debuggerd:s0 tcontext=u:object_r:app_data_file:s0 tclass=dir
04-08 15:40:26.508   191   191 I auditd  : type=1400 audit(0.0:530): avc: denied { search } for comm="debuggerd" name="com.youku.phone" dev="mmcblk0p28" ino=81783 scontext=u:r:debuggerd:s0 tcontext=u:object_r:app_data_file:s0 tclass=dir
04-08 15:40:26.508   191   191 I auditd  : type=1400 audit(0.0:531): avc: denied { search } for comm="debuggerd" name="com.youku.phone" dev="mmcblk0p28" ino=81783 scontext=u:r:debuggerd:s0 tcontext=u:object_r:app_data_file:s0 tclass=dir
04-08 15:40:26.508   191   191 I auditd  : type=1400 audit(0.0:532): avc: denied { search } for comm="debuggerd" name="com.youku.phone" dev="mmcblk0p28" ino=81783 scontext=u:r:debuggerd:s0 tcontext=u:object_r:app_data_file:s0 tclass=dir
04-08 15:40:26.769   712 17111 I force_gc: Binder
04-08 15:40:26.818   191   191 I auditd  : type=1400 audit(0.0:533): avc: denied { read } for comm="debuggerd" name="kgsl-3d0" dev="tmpfs" ino=6197 scontext=u:r:debuggerd:s0 tcontext=u:object_r:gpu_device:s0 tclass=chr_file
04-08 15:40:26.818   191   191 I auditd  : type=1400 audit(0.0:534): avc: denied { read } for comm="debuggerd" name="kgsl-3d0" dev="tmpfs" ino=6197 scontext=u:r:debuggerd:s0 tcontext=u:object_r:gpu_device:s0 tclass=chr_file
04-08 15:40:27.078   191   191 I auditd  : type=1400 audit(0.0:535): avc: denied { search } for comm="debuggerd" name="com.youku.phone" dev="mmcblk0p28" ino=81783 scontext=u:r:debuggerd:s0 tcontext=u:object_r:app_data_file:s0 tclass=dir
04-08 15:40:27.078   191   191 I auditd  : type=1400 audit(0.0:536): avc: denied { search } for comm="debuggerd" name="com.youku.phone" dev="mmcblk0p28" ino=81783 scontext=u:r:debuggerd:s0 tcontext=u:object_r:app_data_file:s0 tclass=dir
04-08 15:40:27.088   191   191 I auditd  : type=1400 audit(0.0:537): avc: denied { search } for comm="debuggerd" name="com.youku.phone" dev="mmcblk0p28" ino=81783 scontext=u:r:debuggerd:s0 tcontext=u:object_r:app_data_file:s0 tclass=dir
04-08 15:40:27.088   191   191 I auditd  : type=1400 audit(0.0:538): avc: denied { search } for comm="debuggerd" name="com.youku.phone" dev="mmcblk0p28" ino=81783 scontext=u:r:debuggerd:s0 tcontext=u:object_r:app_data_file:s0 tclass=dir
04-08 15:40:27.088   191   191 I auditd  : type=1400 audit(0.0:539): avc: denied { search } for comm="debuggerd" name="com.youku.phone" dev="mmcblk0p28" ino=81783 scontext=u:r:debuggerd:s0 tcontext=u:object_r:app_data_file:s0 tclass=dir
04-08 15:40:27.088   191   191 I auditd  : type=1400 audit(0.0:540): avc: denied { search } for comm="debuggerd" name="com.youku.phone" dev="mmcblk0p28" ino=81783 scontext=u:r:debuggerd:s0 tcontext=u:object_r:app_data_file:s0 tclass=dir
04-08 15:40:27.088   191   191 I auditd  : type=1400 audit(0.0:541): avc: denied { search } for comm="debuggerd" name="com.youku.phone" dev="mmcblk0p28" ino=81783 scontext=u:r:debuggerd:s0 tcontext=u:object_r:app_data_file:s0 tclass=dir
04-08 15:40:27.088   191   191 I auditd  : type=1400 audit(0.0:542): avc: denied { search } for comm="debuggerd" name="com.youku.phone" dev="mmcblk0p28" ino=81783 scontext=u:r:debuggerd:s0 tcontext=u:object_r:app_data_file:s0 tclass=dir
04-08 15:40:27.108   191   191 I auditd  : type=1400 audit(0.0:543): avc: denied { search } for comm="debuggerd" name="com.youku.phone" dev="mmcblk0p28" ino=81783 scontext=u:r:debuggerd:s0 tcontext=u:object_r:app_data_file:s0 tclass=dir
04-08 15:40:27.108   191   191 I auditd  : type=1400 audit(0.0:544): avc: denied { search } for comm="debuggerd" name="com.youku.phone" dev="mmcblk0p28" ino=81783 scontext=u:r:debuggerd:s0 tcontext=u:object_r:app_data_file:s0 tclass=dir
04-08 15:40:27.108   191   191 I auditd  : type=1400 audit(0.0:545): avc: denied { search } for comm="debuggerd" name="com.youku.phone" dev="mmcblk0p28" ino=81783 scontext=u:r:debuggerd:s0 tcontext=u:object_r:app_data_file:s0 tclass=dir
04-08 15:40:27.108   191   191 I auditd  : type=1400 audit(0.0:546): avc: denied { search } for comm="debuggerd" name="com.youku.phone" dev="mmcblk0p28" ino=81783 scontext=u:r:debuggerd:s0 tcontext=u:object_r:app_data_file:s0 tclass=dir
04-08 15:40:27.108   191   191 I auditd  : type=1400 audit(0.0:547): avc: denied { search } for comm="debuggerd" name="com.youku.phone" dev="mmcblk0p28" ino=81783 scontext=u:r:debuggerd:s0 tcontext=u:object_r:app_data_file:s0 tclass=dir
04-08 15:40:27.108   191   191 I auditd  : type=1400 audit(0.0:548): avc: denied { search } for comm="debuggerd" name="com.youku.phone" dev="mmcblk0p28" ino=81783 scontext=u:r:debuggerd:s0 tcontext=u:object_r:app_data_file:s0 tclass=dir
04-08 15:40:27.118   191   191 I auditd  : type=1400 audit(0.0:549): avc: denied { search } for comm="debuggerd" name="com.youku.phone" dev="mmcblk0p28" ino=81783 scontext=u:r:debuggerd:s0 tcontext=u:object_r:app_data_file:s0 tclass=dir
04-08 15:40:27.518   191   191 I auditd  : type=1400 audit(0.0:562): avc: denied { search } for comm="debuggerd" name="com.youku.phone" dev="mmcblk0p28" ino=81783 scontext=u:r:debuggerd:s0 tcontext=u:object_r:app_data_file:s0 tclass=dir
04-08 15:40:27.518   191   191 I auditd  : type=1400 audit(0.0:563): avc: denied { search } for comm="debuggerd" name="com.youku.phone" dev="mmcblk0p28" ino=81783 scontext=u:r:debuggerd:s0 tcontext=u:object_r:app_data_file:s0 tclass=dir
04-08 15:40:27.518   191   191 I auditd  : type=1400 audit(0.0:564): avc: denied { search } for comm="debuggerd" name="com.youku.phone" dev="mmcblk0p28" ino=81783 scontext=u:r:debuggerd:s0 tcontext=u:object_r:app_data_file:s0 tclass=dir
04-08 15:40:27.528   191   191 I auditd  : type=1400 audit(0.0:565): avc: denied { search } for comm="debuggerd" name="com.youku.phone" dev="mmcblk0p28" ino=81783 scontext=u:r:debuggerd:s0 tcontext=u:object_r:app_data_file:s0 tclass=dir
04-08 15:40:27.528   191   191 I auditd  : type=1400 audit(0.0:566): avc: denied { search } for comm="debuggerd" name="com.youku.phone" dev="mmcblk0p28" ino=81783 scontext=u:r:debuggerd:s0 tcontext=u:object_r:app_data_file:s0 tclass=dir
04-08 15:40:27.528   191   191 I auditd  : type=1400 audit(0.0:567): avc: denied { search } for comm="debuggerd" name="com.youku.phone" dev="mmcblk0p28" ino=81783 scontext=u:r:debuggerd:s0 tcontext=u:object_r:app_data_file:s0 tclass=dir
04-08 15:40:27.528   191   191 I auditd  : type=1400 audit(0.0:568): avc: denied { search } for comm="debuggerd" name="com.youku.phone" dev="mmcblk0p28" ino=81783 scontext=u:r:debuggerd:s0 tcontext=u:object_r:app_data_file:s0 tclass=dir
04-08 15:40:27.528   191   191 I auditd  : type=1400 audit(0.0:569): avc: denied { search } for comm="debuggerd" name="com.youku.phone" dev="mmcblk0p28" ino=81783 scontext=u:r:debuggerd:s0 tcontext=u:object_r:app_data_file:s0 tclass=dir
04-08 15:40:27.538   191   191 I auditd  : type=1400 audit(0.0:570): avc: denied { search } for comm="debuggerd" name="com.youku.phone" dev="mmcblk0p28" ino=81783 scontext=u:r:debuggerd:s0 tcontext=u:object_r:app_data_file:s0 tclass=dir
04-08 15:40:27.538   191   191 I auditd  : type=1400 audit(0.0:571): avc: denied { search } for comm="debuggerd" name="com.youku.phone" dev="mmcblk0p28" ino=81783 scontext=u:r:debuggerd:s0 tcontext=u:object_r:app_data_file:s0 tclass=dir
04-08 15:40:27.538   191   191 I auditd  : type=1400 audit(0.0:572): avc: denied { search } for comm="debuggerd" name="com.youku.phone" dev="mmcblk0p28" ino=81783 scontext=u:r:debuggerd:s0 tcontext=u:object_r:app_data_file:s0 tclass=dir
04-08 15:40:27.538   191   191 I auditd  : type=1400 audit(0.0:573): avc: denied { search } for comm="debuggerd" name="com.youku.phone" dev="mmcblk0p28" ino=81783 scontext=u:r:debuggerd:s0 tcontext=u:object_r:app_data_file:s0 tclass=dir
04-08 15:40:27.538   191   191 I auditd  : type=1400 audit(0.0:574): avc: denied { search } for comm="debuggerd" name="com.youku.phone" dev="mmcblk0p28" ino=81783 scontext=u:r:debuggerd:s0 tcontext=u:object_r:app_data_file:s0 tclass=dir
04-08 15:40:27.548   191   191 I auditd  : type=1400 audit(0.0:575): avc: denied { search } for comm="debuggerd" name="com.youku.phone" dev="mmcblk0p28" ino=81783 scontext=u:r:debuggerd:s0 tcontext=u:object_r:app_data_file:s0 tclass=dir
04-08 15:40:27.548   191   191 I auditd  : type=1400 audit(0.0:576): avc: denied { search } for comm="debuggerd" name="com.youku.phone" dev="mmcblk0p28" ino=81783 scontext=u:r:debuggerd:s0 tcontext=u:object_r:app_data_file:s0 tclass=dir
04-08 15:40:27.548   191   191 I auditd  : type=1400 audit(0.0:577): avc: denied { search } for comm="debuggerd" name="com.youku.phone" dev="mmcblk0p28" ino=81783 scontext=u:r:debuggerd:s0 tcontext=u:object_r:app_data_file:s0 tclass=dir
04-08 15:40:27.548   191   191 I auditd  : type=1400 audit(0.0:578): avc: denied { search } for comm="debuggerd" name="com.youku.phone" dev="mmcblk0p28" ino=81783 scontext=u:r:debuggerd:s0 tcontext=u:object_r:app_data_file:s0 tclass=dir
04-08 15:40:27.548   191   191 I auditd  : type=1400 audit(0.0:579): avc: denied { search } for comm="debuggerd" name="com.youku.phone" dev="mmcblk0p28" ino=81783 scontext=u:r:debuggerd:s0 tcontext=u:object_r:app_data_file:s0 tclass=dir
04-08 15:40:27.548   191   191 I auditd  : type=1400 audit(0.0:580): avc: denied { search } for comm="debuggerd" name="com.youku.phone" dev="mmcblk0p28" ino=81783 scontext=u:r:debuggerd:s0 tcontext=u:object_r:app_data_file:s0 tclass=dir
04-08 15:40:27.568   191   191 I auditd  : type=1400 audit(0.0:581): avc: denied { search } for comm="debuggerd" name="com.youku.phone" dev="mmcblk0p28" ino=81783 scontext=u:r:debuggerd:s0 tcontext=u:object_r:app_data_file:s0 tclass=dir
04-08 15:40:27.846   857   857 I force_gc: Binder
04-08 15:40:29.187   712  1262 I force_gc: Binder
04-08 15:40:30.226   857   857 I force_gc: Binder
04-08 15:40:31.408   191   191 I auditd  : type=1400 audit(0.0:615): avc: denied { read } for comm="debuggerd" name="kgsl-3d0" dev="tmpfs" ino=6197 scontext=u:r:debuggerd:s0 tcontext=u:object_r:gpu_device:s0 tclass=chr_file
04-08 15:40:31.408   191   191 I auditd  : type=1400 audit(0.0:616): avc: denied { read } for comm="debuggerd" name="kgsl-3d0" dev="tmpfs" ino=6197 scontext=u:r:debuggerd:s0 tcontext=u:object_r:gpu_device:s0 tclass=chr_file
04-08 15:40:31.616   712 13229 I force_gc: Binder
04-08 15:40:32.655   857   857 I force_gc: Binder
04-08 15:40:33.408   191   191 I auditd  : type=1400 audit(0.0:617): avc: denied { read } for comm="debuggerd" name="kgsl-3d0" dev="tmpfs" ino=6197 scontext=u:r:debuggerd:s0 tcontext=u:object_r:gpu_device:s0 tclass=chr_file
04-08 15:40:33.488   191   191 I auditd  : type=1400 audit(0.0:618): avc: denied { read } for comm="debuggerd" name="kgsl-3d0" dev="tmpfs" ino=6197 scontext=u:r:debuggerd:s0 tcontext=u:object_r:gpu_device:s0 tclass=chr_file
04-08 15:40:33.488   191   191 I auditd  : type=1400 audit(0.0:619): avc: denied { read } for comm="debuggerd" name="kgsl-3d0" dev="tmpfs" ino=6197 scontext=u:r:debuggerd:s0 tcontext=u:object_r:gpu_device:s0 tclass=chr_file
04-08 15:40:33.488   191   191 I auditd  : type=1400 audit(0.0:620): avc: denied { read } for comm="debuggerd" name="kgsl-3d0" dev="tmpfs" ino=6197 scontext=u:r:debuggerd:s0 tcontext=u:object_r:gpu_device:s0 tclass=chr_file
04-08 15:40:33.488   191   191 I auditd  : type=1400 audit(0.0:621): avc: denied { read } for comm="debuggerd" name="kgsl-3d0" dev="tmpfs" ino=6197 scontext=u:r:debuggerd:s0 tcontext=u:object_r:gpu_device:s0 tclass=chr_file
04-08 15:40:33.508   191   191 I auditd  : type=1400 audit(0.0:622): avc: denied { read } for comm="debuggerd" name="kgsl-3d0" dev="tmpfs" ino=6197 scontext=u:r:debuggerd:s0 tcontext=u:object_r:gpu_device:s0 tclass=chr_file
04-08 15:40:33.508   191   191 I auditd  : type=1400 audit(0.0:623): avc: denied { read } for comm="debuggerd" name="kgsl-3d0" dev="tmpfs" ino=6197 scontext=u:r:debuggerd:s0 tcontext=u:object_r:gpu_device:s0 tclass=chr_file
04-08 15:40:33.508   191   191 I auditd  : type=1400 audit(0.0:624): avc: denied { read } for comm="debuggerd" name="kgsl-3d0" dev="tmpfs" ino=6197 scontext=u:r:debuggerd:s0 tcontext=u:object_r:gpu_device:s0 tclass=chr_file
04-08 15:40:33.508   191   191 I auditd  : type=1400 audit(0.0:625): avc: denied { read } for comm="debuggerd" name="kgsl-3d0" dev="tmpfs" ino=6197 scontext=u:r:debuggerd:s0 tcontext=u:object_r:gpu_device:s0 tclass=chr_file
04-08 15:40:33.508   191   191 I auditd  : type=1400 audit(0.0:626): avc: denied { read } for comm="debuggerd" name="kgsl-3d0" dev="tmpfs" ino=6197 scontext=u:r:debuggerd:s0 tcontext=u:object_r:gpu_device:s0 tclass=chr_file
04-08 15:40:33.578   191   191 I auditd  : type=1400 audit(0.0:627): avc: denied { read } for comm="debuggerd" name="kgsl-3d0" dev="tmpfs" ino=6197 scontext=u:r:debuggerd:s0 tcontext=u:object_r:gpu_device:s0 tclass=chr_file
04-08 15:40:33.578   191   191 I auditd  : type=1400 audit(0.0:628): avc: denied { read } for comm="debuggerd" name="kgsl-3d0" dev="tmpfs" ino=6197 scontext=u:r:debuggerd:s0 tcontext=u:object_r:gpu_device:s0 tclass=chr_file
04-08 15:40:33.923   712 13229 I force_gc: Binder
04-08 15:40:35.746   857   857 I force_gc: Binder
04-08 15:40:36.858   712  1261 I force_gc: Binder
04-08 15:40:37.140   176   176 I sf_frame_dur: [SurfaceView,11,25,74,15,1,0,2]
04-08 15:40:37.207   176   176 I sf_frame_dur: [com.youku.phone/com.youku.ui.activity.DetailActivity,711,701,256,124,32,18,42]
04-08 15:40:37.330   712  1261 I am_proc_died: [0,2387,com.youku.phone]
04-08 15:40:37.362   712  1261 I am_schedule_service_restart: [0,com.youku.phone/com.taobao.accs.data.MsgDistributeService,1000]
04-08 15:40:37.363   712  1261 I am_schedule_service_restart: [0,com.youku.phone/com.taobao.android.tlog.AccsTLogService,1000]
04-08 15:40:37.363   712  1261 I am_schedule_service_restart: [0,com.youku.phone/anetwork.channel.aidl.NetworkService,1000]
04-08 15:40:37.382   712  1261 I am_finish_activity: [0,281750338,3,com.youku.phone/com.youku.ui.activity.DetailActivity,proc died without state saved]
04-08 15:40:37.508   176   176 I sf_frame_dur: [com.youku.phone/com.youku.ui.activity.DetailActivity,0,1,1,1,3,6,3]
04-08 15:40:37.641   712  1261 I am_proc_start: [0,17140,10054,com.youku.phone,activity,com.youku.phone/com.youku.userchannel.ShowUserChannel]
04-08 15:40:37.813   712  1037 I am_proc_bound: [0,17140,com.youku.phone]
04-08 15:40:37.837   712  1037 I am_restart_activity: [0,69006086,3,com.youku.phone/com.youku.userchannel.ShowUserChannel]
04-08 15:40:37.966   712  1262 I am_kill : [0,22281,com.android.printspooler,15,empty for 5672s]
04-08 15:40:38.094   712  1269 I am_proc_died: [0,22281,com.android.printspooler]
04-08 15:40:39.254   857   857 I force_gc: Binder
04-08 15:40:39.573   857   857 I sysui_panelholder_touch: [0,301,70]
04-08 15:40:39.646   712 17111 I notification_panel_revealed: []
04-08 15:40:39.678   712  1037 I notification_visibility_changed: [-1|android|17040644|null|1000;-1|android|17040636|null|1000,]
04-08 15:40:39.714   712  1261 I notification_visibility_changed: [,-1|android|17040644|null|1000;-1|android|17040636|null|1000]
04-08 15:40:39.718   712   904 I notification_panel_hidden: []
04-08 15:40:40.605   712 17119 I force_gc: Binder
04-08 15:40:49.709   712 22160 I am_proc_start: [0,20117,10054,com.youku.phone:dex2oat,service,com.youku.phone/com.taobao.android.runtime.Dex2OatService]
04-08 15:40:50.320   712 17111 I am_proc_bound: [0,20117,com.youku.phone:dex2oat]
04-08 15:40:53.281   712  1199 I am_home_stack_moved: [0,0,1,1,intentActivityFound]
04-08 15:40:53.281   712  1199 I wm_task_moved: [3,1,0]
04-08 15:40:55.335   712  1199 I am_home_stack_moved: [0,0,1,1,intentActivityFound]
04-08 15:40:55.335   712  1199 I wm_task_moved: [3,1,0]
04-08 15:41:09.541   712 17119 I force_gc: Binder
04-08 15:41:12.112   857   857 I force_gc: Binder
04-08 15:41:12.279   712   712 I free_storage_changed: 12911390720
04-08 15:41:12.742 17140 17140 I am_on_resume_called: [0,com.youku.userchannel.ShowUserChannel]
04-08 15:41:13.166   712 17119 I force_gc: Binder
04-08 15:41:16.446   712  1154 I force_gc: Binder
04-08 15:41:19.633   857   857 I force_gc: Binder
04-08 15:41:20.426   712  1269 I force_gc: Binder
04-08 15:41:22.993   857   857 I force_gc: Binder
04-08 15:41:23.995   712  1154 I force_gc: Binder
04-08 15:41:27.640   712 19362 I force_gc: Binder
04-08 15:41:29.847   857   857 I force_gc: Binder
04-08 15:41:31.313   712 19362 I force_gc: Binder
04-08 15:41:37.361   712   782 I am_activity_launch_time: [0,69006086,com.youku.phone/com.youku.userchannel.ShowUserChannel,59943,59943]
04-08 15:41:39.950   712 17111 I force_gc: Binder
04-08 15:41:45.192   176   176 I sf_frame_dur: [InputMethod,6,3,4,3,2,3,11]
04-08 15:41:45.467   857   857 I force_gc: Binder
04-08 15:41:46.897   712 17111 I force_gc: Binder
04-08 15:41:54.989   712  1269 I force_gc: Binder
04-08 15:41:58.569   857   857 I force_gc: Binder
04-08 15:41:58.869   712  1262 I force_gc: Binder
04-08 15:42:01.902   857   857 I force_gc: Binder
04-08 15:42:02.274   712  1199 I force_gc: Binder
04-08 15:42:03.876   712   777 I am_anr  : [0,17140,com.youku.phone,9977412,Input dispatching timed out (Waiting to send key event because the focused window has not finished processing all of the input events that were previously delivered to it.  Outbound queue length: 0.  Wait queue length: 1.)]
04-08 15:42:17.118   712  1037 I force_gc: Binder
04-08 15:42:21.296   857   857 I force_gc: Binder
04-08 15:42:21.769   712 17111 I force_gc: Binder
04-08 15:42:26.467   712 19362 I force_gc: Binder
04-08 15:42:30.974   712   904 I force_gc: Binder
04-08 15:42:32.755   857   857 I force_gc: Binder
04-08 15:42:33.166   712   777 I am_kill : [0,27227,com.android.systemui:screenshot,15,empty for 1800s]
04-08 15:42:36.448   712   904 I force_gc: Binder
04-08 15:42:37.721   712  1037 I am_proc_died: [0,27227,com.android.systemui:screenshot]
04-08 15:42:40.473   857   857 I force_gc: Binder
04-08 15:42:40.924   712   904 I force_gc: Binder
04-08 15:42:44.215   857   857 I force_gc: Binder
04-08 15:42:45.018   712  1269 I force_gc: Binder
04-08 15:42:48.794   712  1269 I force_gc: Binder
04-08 15:42:50.380   857   857 I force_gc: Binder
04-08 15:42:52.196   712 19362 I force_gc: Binder
04-08 15:42:53.499   857   857 I force_gc: Binder
04-08 15:42:55.664   712 17111 I force_gc: Binder
04-08 15:42:58.641   857   857 I force_gc: Binder
04-08 15:42:58.898   712   729 I force_gc: Binder
04-08 15:43:01.711   857   857 I force_gc: Binder
04-08 15:43:02.078   712 22160 I force_gc: Binder
04-08 15:43:05.048   712  1262 I force_gc: Binder
04-08 15:43:08.325   712 22160 I force_gc: Binder
04-08 15:43:08.768   857   857 I force_gc: Binder
04-08 15:43:12.456   857   857 I force_gc: Binder
04-08 15:43:12.549   712 22160 I force_gc: Binder
04-08 15:43:16.249   712   729 I force_gc: Binder
04-08 15:43:20.048   857   857 I force_gc: Binder
04-08 15:43:20.196   712 22159 I force_gc: Binder
04-08 15:43:24.020   857   857 I force_gc: Binder
04-08 15:43:24.575   712   729 I force_gc: Binder
04-08 15:43:28.520   712  1037 I force_gc: Binder
04-08 15:43:29.405   857   857 I force_gc: Binder
04-08 15:43:32.276   712 19362 I force_gc: Binder
04-08 15:43:33.126   857   857 I force_gc: Binder
04-08 15:43:33.968  5212  5212 I auditd  : type=1400 audit(0.0:629): avc: denied { getattr } for comm="NativeThread" path="/system/xbin/su" dev="mmcblk0p25" ino=1633 scontext=u:r:untrusted_app:s0 tcontext=u:object_r:su_exec:s0 tclass=file
04-08 15:43:36.313   712  1037 I force_gc: Binder
04-08 15:43:39.366   857   857 I force_gc: Binder
04-08 15:43:40.271   712   904 I force_gc: Binder
04-08 15:43:42.966   857   857 I force_gc: Binder
04-08 15:43:44.450   712 19362 I force_gc: Binder
04-08 15:43:48.155   712 22160 I force_gc: Binder
04-08 15:43:48.945   857   857 I force_gc: Binder
04-08 15:43:51.472   712 19362 I force_gc: Binder
04-08 15:43:52.199   857   857 I force_gc: Binder
04-08 15:43:55.268   712   729 I force_gc: Binder
04-08 15:43:59.170   712 19362 I force_gc: Binder
04-08 15:44:00.319   857   857 I force_gc: Binder
04-08 15:44:03.360   712  1154 I force_gc: Binder
04-08 15:44:07.363   712  1154 I force_gc: Binder
04-08 15:44:10.050   857   857 I force_gc: Binder
04-08 15:44:10.967   712 19362 I force_gc: Binder
04-08 15:44:13.818   857   857 I force_gc: Binder
04-08 15:44:14.983   712   729 I force_gc: Binder
04-08 15:44:18.571   712 19362 I force_gc: Binder
04-08 15:44:19.266   857   857 I force_gc: Binder
04-08 15:44:22.471   712 17111 I force_gc: Binder
04-08 15:44:23.059   857   857 I force_gc: Binder
04-08 15:44:26.526   712 22159 I force_gc: Binder
04-08 15:44:29.414   857   857 I force_gc: Binder
04-08 15:44:30.267   712 13229 I force_gc: Binder
04-08 15:44:32.958   857   857 I force_gc: Binder
04-08 15:44:34.208   712  1037 I force_gc: Binder
04-08 15:44:39.049   712   904 I force_gc: Binder
04-08 15:44:40.657   857   857 I force_gc: Binder
04-08 15:44:42.923   712   728 I force_gc: Binder
04-08 15:44:46.811   712  1154 I force_gc: Binder
04-08 15:44:49.891   857   857 I force_gc: Binder
04-08 15:44:50.967   712 22159 I force_gc: Binder
04-08 15:44:53.590   857   857 I force_gc: Binder
04-08 15:44:55.155   712 17119 I force_gc: Binder
04-08 15:44:59.006   712 13229 I force_gc: Binder
04-08 15:44:59.970   857   857 I force_gc: Binder
04-08 15:45:03.165   712   904 I force_gc: Binder
04-08 15:45:07.476   712   904 I force_gc: Binder
04-08 15:45:09.617   857   857 I force_gc: Binder
04-08 15:45:11.321   712 22159 I force_gc: Binder
04-08 15:45:13.638   712  1262 I am_proc_died: [0,28361,com.youku.phone:channel]
04-08 15:45:13.639   712  1262 I am_schedule_service_restart: [0,com.youku.phone/com.alibaba.analytics.AnalyticsService,1000]
04-08 15:45:13.639   712  1262 I am_schedule_service_restart: [0,com.youku.phone/com.taobao.accs.ChannelService,11000]
04-08 15:45:13.698   857   857 I force_gc: Binder
04-08 15:45:16.186   712   777 I am_proc_start: [0,21706,10054,com.youku.phone:channel,service,com.youku.phone/com.alibaba.analytics.AnalyticsService]
04-08 15:45:17.120   712   728 I am_proc_bound: [0,21706,com.youku.phone:channel]
04-08 15:45:18.290   712  1269 I force_gc: Binder
04-08 15:45:25.257   712 22160 I force_gc: Binder
04-08 15:45:30.028 19803 19803 I auditd  : type=1400 audit(0.0:630): avc: denied { read } for comm="OnLineMonitor" name="mem" dev="debugfs" ino=2129677 scontext=u:r:untrusted_app:s0 tcontext=u:object_r:debugfs:s0 tclass=file
04-08 15:45:30.128 19803 19803 I auditd  : type=1400 audit(0.0:631): avc: denied { read } for comm="OnLineMonitor" name="mem" dev="debugfs" ino=2129677 scontext=u:r:untrusted_app:s0 tcontext=u:object_r:debugfs:s0 tclass=file
04-08 15:45:32.794   712   729 I force_gc: Binder
04-08 15:45:35.184   712   904 I am_home_stack_moved: [0,0,1,1,sourceStackToFront]
04-08 15:45:35.184   712   904 I wm_task_moved: [3,1,0]
04-08 15:45:35.193   712   904 I am_create_activity: [0,495684706,3,com.youku.phone/com.youku.ui.activity.DetailActivity,NULL,NULL,NULL,0]
04-08 15:45:35.194   712   904 I am_pause_activity: [0,69006086,com.youku.phone/com.youku.userchannel.ShowUserChannel]
04-08 15:45:35.219   712   904 I am_home_stack_moved: [0,0,1,1,startedActivity setFocusedActivity]
04-08 15:45:35.221   712   904 I am_focused_activity: [0,com.youku.phone/com.youku.ui.activity.DetailActivity]
04-08 15:45:35.729   712   777 I am_restart_activity: [0,495684706,3,com.youku.phone/com.youku.ui.activity.DetailActivity]
04-08 15:45:40.838 19803 19803 I auditd  : type=1400 audit(0.0:632): avc: denied { read } for comm="OnLineMonitor" name="mem" dev="debugfs" ino=2129677 scontext=u:r:untrusted_app:s0 tcontext=u:object_r:debugfs:s0 tclass=file
04-08 15:45:41.018 19803 19803 I auditd  : type=1400 audit(0.0:633): avc: denied { read } for comm="OnLineMonitor" name="mem" dev="debugfs" ino=2129677 scontext=u:r:untrusted_app:s0 tcontext=u:object_r:debugfs:s0 tclass=file
04-08 15:45:42.275 17140 17140 I am_on_paused_called: [0,com.youku.userchannel.ShowUserChannel]
04-08 15:45:43.978   712 17119 I am_failed_to_pause: [0,69006086,com.youku.phone/com.youku.userchannel.ShowUserChannel,(none)]
04-08 15:45:46.723   712   777 I am_anr  : [0,21706,com.youku.phone:channel,9977412,executing service com.youku.phone/com.alibaba.analytics.AnalyticsService]
04-08 15:46:07.658 19803 19803 I auditd  : type=1400 audit(0.0:634): avc: denied { read } for comm="OnLineMonitor" name="mem" dev="debugfs" ino=2129677 scontext=u:r:untrusted_app:s0 tcontext=u:object_r:debugfs:s0 tclass=file
04-08 15:46:07.678 19803 19803 I auditd  : type=1400 audit(0.0:635): avc: denied { read } for comm="OnLineMonitor" name="mem" dev="debugfs" ino=2129677 scontext=u:r:untrusted_app:s0 tcontext=u:object_r:debugfs:s0 tclass=file
04-08 15:46:09.794   712  1261 I force_gc: Binder
04-08 15:46:12.923   857   857 I force_gc: Binder
04-08 15:46:19.094   712 22160 I force_gc: Binder
04-08 15:46:22.182   712  1269 I force_gc: Binder
04-08 15:46:23.448   857   857 I force_gc: Binder
04-08 15:46:30.081   712 17119 I force_gc: Binder
04-08 15:46:32.739   857   857 I force_gc: Binder
04-08 15:46:33.395   712  1261 I force_gc: Binder
04-08 15:46:36.719   712  1261 I force_gc: Binder
04-08 15:46:38.926   857   857 I force_gc: Binder
04-08 15:46:40.259   712 17111 I force_gc: Binder
04-08 15:46:44.942   857   857 I force_gc: Binder
04-08 15:46:51.129   712  1269 I force_gc: Binder
04-08 15:46:54.900   857   857 I force_gc: Binder
04-08 15:46:55.445   712 22159 I force_gc: Binder
04-08 15:46:59.137   712   712 I notification_cancel: [10054,17140,com.youku.phone,11250603,NULL,0,0,64,8,NULL]
04-08 15:46:59.525 17140 17140 I am_on_resume_called: [0,com.youku.ui.activity.DetailActivity]
04-08 15:46:59.926   712 17111 I force_gc: Binder
04-08 15:47:10.998   712   777 I am_broadcast_discard_filter: [0,969751674,android.intent.action.TIME_TICK,11,216908146]
04-08 15:47:11.737   712   782 I am_activity_launch_time: [0,495684706,com.youku.phone/com.youku.ui.activity.DetailActivity,96017,96017]
04-08 15:47:11.957   176   176 I sf_frame_dur: [SurfaceView,12162,258,101,39,21,16,20]
04-08 15:47:12.054   176   176 I sf_frame_dur: [com.youku.phone/com.youku.userchannel.ShowUserChannel,0,0,0,0,0,1,3]
04-08 15:47:15.895   712  1037 I force_gc: Binder
04-08 15:47:26.468   712 22159 I force_gc: Binder
04-08 15:47:31.438 19803 19803 I auditd  : type=1400 audit(0.0:636): avc: denied { read } for comm="OnLineMonitor" name="mem" dev="debugfs" ino=2129677 scontext=u:r:untrusted_app:s0 tcontext=u:object_r:debugfs:s0 tclass=file
04-08 15:47:31.458 19803 19803 I auditd  : type=1400 audit(0.0:637): avc: denied { read } for comm="OnLineMonitor" name="mem" dev="debugfs" ino=2129677 scontext=u:r:untrusted_app:s0 tcontext=u:object_r:debugfs:s0 tclass=file
04-08 15:47:32.378   712  1261 I force_gc: Binder
04-08 15:47:36.678 19803 19803 I auditd  : type=1400 audit(0.0:638): avc: denied { read } for comm="OnLineMonitor" name="mem" dev="debugfs" ino=2129677 scontext=u:r:untrusted_app:s0 tcontext=u:object_r:debugfs:s0 tclass=file
04-08 15:47:36.738 19803 19803 I auditd  : type=1400 audit(0.0:639): avc: denied { read } for comm="OnLineMonitor" name="mem" dev="debugfs" ino=2129677 scontext=u:r:untrusted_app:s0 tcontext=u:object_r:debugfs:s0 tclass=file
04-08 15:47:37.361   857   857 I sysui_panelholder_touch: [0,931,53]
04-08 15:47:37.673   712  1261 I notification_panel_revealed: []
04-08 15:47:37.764   712   812 I netstats_mobile_sample: [0,0,0,0,0,0,0,0,0,0,0,0,1491637657765]
04-08 15:47:37.797   712   812 I netstats_wifi_sample: [260583830,190744,8114409,114027,260594026,191358,7411738,114340,260579146,191348,7371942,114134,1491637657765]
04-08 15:47:37.975   712  1261 I notification_visibility_changed: [-1|android|17040644|null|1000;-1|android|17040636|null|1000,]
04-08 15:47:39.823   712 17111 I notification_visibility_changed: [,-1|android|17040644|null|1000;-1|android|17040636|null|1000]
04-08 15:47:39.831   712  1037 I notification_panel_hidden: []
04-08 15:47:44.697   712 22159 I force_gc: Binder
04-08 15:47:46.228 19803 19803 I auditd  : type=1400 audit(0.0:640): avc: denied { read } for comm="OnLineMonitor" name="mem" dev="debugfs" ino=2129677 scontext=u:r:untrusted_app:s0 tcontext=u:object_r:debugfs:s0 tclass=file
04-08 15:47:46.268 19803 19803 I auditd  : type=1400 audit(0.0:641): avc: denied { read } for comm="OnLineMonitor" name="mem" dev="debugfs" ino=2129677 scontext=u:r:untrusted_app:s0 tcontext=u:object_r:debugfs:s0 tclass=file
04-08 15:47:52.625   857   857 I force_gc: Binder
04-08 15:47:52.939   712 22159 I force_gc: Binder
04-08 15:47:56.838   712 22159 I force_gc: Binder
04-08 15:48:10.661   712   777 I am_broadcast_discard_filter: [0,19162420,android.intent.action.TIME_TICK,11,216908146]
04-08 15:48:11.593   712  1037 I force_gc: Binder
04-08 15:48:12.372   712   712 I free_storage_changed: 12900540416
04-08 15:48:14.239   857   857 I force_gc: Binder
04-08 15:48:15.997   712 22159 I force_gc: Binder
04-08 15:48:21.261   712  1261 I force_gc: Binder
04-08 15:48:22.100   857   857 I force_gc: Binder
04-08 15:48:27.150   712 22159 I force_gc: Binder
04-08 15:48:27.629 17140 17140 I menu_opened: 0
04-08 15:48:29.839   712   812 I netstats_mobile_sample: [0,0,0,0,0,0,0,0,0,0,0,0,1491637709840]
04-08 15:48:29.840   712   812 I netstats_wifi_sample: [262675016,192459,8207809,115591,262684845,193075,7485312,115906,262684765,193073,7445514,115708,1491637709840]
04-08 15:48:31.516   176   176 I sf_frame_dur: [VolumePanel,0,0,0,0,1,0,0]
04-08 15:48:32.368   857   857 I force_gc: Binder
04-08 15:48:33.547   712  1261 I force_gc: Binder
04-08 15:48:38.219   712 17111 I force_gc: Binder
04-08 15:48:41.711   857   857 I force_gc: Binder
04-08 15:48:42.117   712 17111 I force_gc: Binder
04-08 15:48:45.362   712  1269 I force_gc: Binder
04-08 15:48:48.949   712  1037 I force_gc: Binder
04-08 15:48:50.016   857   857 I force_gc: Binder
04-08 15:48:52.198   712  1198 I force_gc: Binder
04-08 15:48:53.113   857   857 I force_gc: Binder
04-08 15:48:55.620   712  1269 I force_gc: Binder
04-08 15:48:59.168   712   812 I netstats_mobile_sample: [0,0,0,0,0,0,0,0,0,0,0,0,1491637739168]
04-08 15:48:59.191   712   812 I netstats_wifi_sample: [264739015,194010,8252852,116439,264748796,194628,7523857,116756,264748796,194628,7483657,116556,1491637739168]
04-08 15:49:01.067   712  1037 I force_gc: Binder
04-08 15:49:01.193   712   812 I netstats_mobile_sample: [0,0,0,0,0,0,0,0,0,0,0,0,1491637741194]
04-08 15:49:01.194   712   812 I netstats_wifi_sample: [267366095,195778,8289244,117036,267375876,196396,7553353,117353,267375876,196396,7513153,117153,1491637741194]
04-08 15:49:02.800   857   857 I force_gc: Binder
04-08 15:49:03.695   712   812 I netstats_mobile_sample: [0,0,0,0,0,0,0,0,0,0,0,0,1491637743696]
04-08 15:49:03.696   712   812 I netstats_wifi_sample: [269751463,197382,8323366,117893,269761244,198000,7590237,118210,269761244,198000,7550037,118010,1491637743696]
04-08 15:49:06.875   712  1037 I force_gc: Binder
04-08 15:49:12.378   712   712 I free_storage_changed: 12891099136
04-08 15:49:15.463   712  1261 I force_gc: Binder
04-08 15:49:16.418 17140 17140 I menu_opened: 0
04-08 15:49:19.327   712  1261 I force_gc: Binder
04-08 15:49:19.788   857   857 I force_gc: Binder
04-08 15:49:24.721   857   857 I force_gc: Binder
04-08 15:49:25.257   712  1269 I force_gc: Binder
04-08 15:49:30.536   712   812 I netstats_mobile_sample: [0,0,0,0,0,0,0,0,0,0,0,0,1491637770536]
04-08 15:49:30.559   712   812 I netstats_wifi_sample: [272311721,199134,8351730,118462,272321484,199752,7613621,118779,272321484,199752,7573421,118579,1491637770536]
04-08 15:49:31.990   857   857 I sysui_panelholder_touch: [0,68,31]
04-08 15:49:32.263   712 22159 I notification_panel_revealed: []
04-08 15:49:32.322   712  1198 I notification_visibility_changed: [-1|android|17040644|null|1000;-1|android|17040636|null|1000,]
04-08 15:49:34.324   712  1261 I notification_visibility_changed: [,-1|android|17040644|null|1000;-1|android|17040636|null|1000]
04-08 15:49:34.330   712 22160 I notification_panel_hidden: []
04-08 15:49:35.042   712 22159 I force_gc: Binder
04-08 15:49:35.522   712 17111 I am_home_stack_moved: [0,0,1,1,intentActivityFound]
04-08 15:49:35.522   712 17111 I wm_task_moved: [3,1,0]
04-08 15:49:40.149   712  1198 I force_gc: Binder
04-08 15:49:40.442   712  1269 I am_home_stack_moved: [0,0,1,1,intentActivityFound]
04-08 15:49:40.442   712  1269 I wm_task_moved: [3,1,0]
04-08 15:49:42.667   857   857 I force_gc: Binder
04-08 15:49:44.397   712  1261 I force_gc: Binder
04-08 15:49:50.823   712  1198 I force_gc: Binder
04-08 15:49:51.018   712   812 I netstats_mobile_sample: [0,0,0,0,0,0,0,0,0,0,0,0,1491637791018]
04-08 15:49:51.018   712   812 I netstats_wifi_sample: [274388894,200558,8389916,119276,274399025,201178,7648693,119595,274387121,201170,7607563,119385,1491637791018]
04-08 15:49:52.537 17140 17140 I menu_opened: 0
04-08 15:49:59.821   712 22160 I force_gc: Binder
04-08 15:50:01.780   857   857 I force_gc: Binder
04-08 15:50:06.527   176   176 I sf_frame_dur: [VolumePanel,0,0,0,0,0,1,0]
04-08 15:50:12.394   712   712 I free_storage_changed: 12886835200
04-08 15:50:13.309   712  1198 I force_gc: Binder
04-08 15:50:20.224   712 19362 I force_gc: Binder
04-08 15:50:24.675   176   176 I sf_frame_dur: [VolumePanel,0,0,0,0,1,0,0]
04-08 15:50:34.914   712  1261 I force_gc: Binder
04-08 15:50:38.573   857   857 I force_gc: Binder
04-08 15:50:40.462   712  1269 I force_gc: Binder
04-08 15:50:47.426   712  1037 I force_gc: Binder
04-08 15:50:50.679 17140 17140 I menu_opened: 0
04-08 15:50:53.715   712 22160 I am_home_stack_moved: [0,0,1,1,intentActivityFound]
04-08 15:50:53.715   712 22160 I wm_task_moved: [3,1,0]
04-08 15:50:53.914   712  1261 I force_gc: Binder
04-08 15:51:00.514 17140 17140 I menu_opened: 0
04-08 15:51:03.165   712  1037 I force_gc: Binder
04-08 15:51:06.978   857   857 I force_gc: Binder
04-08 15:51:06.995   712   812 I netstats_mobile_sample: [0,0,0,0,0,0,0,0,0,0,0,0,1491637866995]
04-08 15:51:06.995   712   812 I netstats_wifi_sample: [276857469,202303,8434650,120185,276867846,202923,7687677,120504,276867846,202923,7646673,120300,1491637866995]
04-08 15:51:12.404   712   712 I free_storage_changed: 12884705280
04-08 15:51:17.444   712  1037 I force_gc: Binder
04-08 15:51:24.333   712 17111 I force_gc: Binder
04-08 15:51:31.512   712  1269 I force_gc: Binder
04-08 15:51:39.613   712 22159 I force_gc: Binder
04-08 15:51:43.982   712 22160 I force_gc: Binder
04-08 15:51:46.455   712  1037 I am_home_stack_moved: [0,0,1,1,intentActivityFound]
04-08 15:51:46.456   712  1037 I wm_task_moved: [3,1,0]
04-08 15:51:50.730   857   857 I force_gc: Binder
04-08 15:51:52.191   712 22159 I force_gc: Binder
04-08 15:51:59.029   712 22159 I force_gc: Binder
04-08 15:52:04.537   176   176 I sf_frame_dur: [com.youku.phone/com.youku.ui.activity.DetailActivity,13,13,15,6,2,0,2]
04-08 15:52:07.994   712 22159 I force_gc: Binder
04-08 15:52:13.800   712 22160 I force_gc: Binder
04-08 15:52:14.580   857   857 I sysui_panelholder_touch: [0,92,46]
04-08 15:52:14.821   712  1198 I notification_panel_revealed: []
04-08 15:52:14.929   712  1198 I notification_visibility_changed: [-1|android|17040644|null|1000;-1|android|17040636|null|1000,]
04-08 15:52:17.346   712 22159 I notification_visibility_changed: [,-1|android|17040644|null|1000;-1|android|17040636|null|1000]
04-08 15:52:17.379   712 22160 I notification_panel_hidden: []
04-08 15:52:19.599   857   857 I force_gc: Binder
04-08 15:52:22.767   712  1037 I am_home_stack_moved: [0,0,1,1,intentActivityFound]
04-08 15:52:22.767   712  1037 I wm_task_moved: [3,1,0]
04-08 15:52:26.138   712 22160 I force_gc: Binder
04-08 15:52:33.299   857   857 I force_gc: Binder
04-08 15:52:34.137   712 17111 I am_home_stack_moved: [0,0,1,1,intentActivityFound]
04-08 15:52:34.137   712 17111 I wm_task_moved: [3,1,0]
04-08 15:52:34.498   712 22159 I force_gc: Binder
04-08 15:52:35.761   176   176 I sf_frame_dur: [com.youku.phone/com.youku.ui.activity.DetailActivity,1,3,3,0,2,0,0]
04-08 15:52:41.518   712  1269 I force_gc: Binder
04-08 15:52:42.737 17140 17140 I menu_opened: 0
04-08 15:52:47.413   712 22160 I force_gc: Binder
04-08 15:52:49.241   712 22159 I am_finish_activity: [0,495684706,3,com.youku.phone/com.youku.ui.activity.DetailActivity,app-request]
04-08 15:52:49.245   712 22159 I am_home_stack_moved: [0,0,1,1,finishActivity adjustTopFocus setFocusedActivity]
04-08 15:52:49.245   712 22159 I am_focused_activity: [0,com.youku.phone/com.youku.userchannel.ShowUserChannel]
04-08 15:52:49.245   712 22159 I am_pause_activity: [0,495684706,com.youku.phone/com.youku.ui.activity.DetailActivity]
04-08 15:52:50.611   712   777 I am_resume_activity: [0,69006086,3,com.youku.phone/com.youku.userchannel.ShowUserChannel]
04-08 15:52:53.370 17140 17140 I am_on_paused_called: [0,com.youku.ui.activity.DetailActivity]
04-08 15:52:53.371   712 19362 I am_failed_to_pause: [0,495684706,com.youku.phone/com.youku.ui.activity.DetailActivity,(none)]
04-08 15:52:53.618 17140 17140 I am_on_resume_called: [0,com.youku.userchannel.ShowUserChannel]
04-08 15:52:55.078   176   176 I sf_frame_dur: [SurfaceView,67,180,630,596,166,32,16]
04-08 15:52:55.078   176   176 I sf_frame_dur: [com.youku.phone/com.youku.ui.activity.DetailActivity,1325,2205,877,185,53,18,28]
04-08 15:52:55.696   712 22160 I am_destroy_activity: [0,495684706,3,com.youku.phone/com.youku.ui.activity.DetailActivity,finish-imm]
04-08 15:52:55.926   712   712 I notification_cancel: [10054,17140,com.youku.phone,11250603,NULL,0,0,64,8,NULL]
04-08 15:52:56.838 19803 19803 I auditd  : type=1400 audit(0.0:642): avc: denied { read } for comm="OnLineMonitor" name="mem" dev="debugfs" ino=2129677 scontext=u:r:untrusted_app:s0 tcontext=u:object_r:debugfs:s0 tclass=file
04-08 15:52:56.908 19803 19803 I auditd  : type=1400 audit(0.0:643): avc: denied { read } for comm="OnLineMonitor" name="mem" dev="debugfs" ino=2129677 scontext=u:r:untrusted_app:s0 tcontext=u:object_r:debugfs:s0 tclass=file
04-08 15:53:01.755   712  1037 I am_home_stack_moved: [0,0,1,1,sourceStackToFront]
04-08 15:53:01.755   712  1037 I wm_task_moved: [3,1,0]
04-08 15:53:01.762   712  1037 I am_create_activity: [0,727222108,3,com.youku.phone/com.youku.ui.activity.DetailActivity,NULL,NULL,NULL,0]
04-08 15:53:01.764   712  1037 I am_pause_activity: [0,69006086,com.youku.phone/com.youku.userchannel.ShowUserChannel]
04-08 15:53:01.779   712  1037 I am_home_stack_moved: [0,0,1,1,startedActivity setFocusedActivity]
04-08 15:53:01.782   712  1037 I am_focused_activity: [0,com.youku.phone/com.youku.ui.activity.DetailActivity]
04-08 15:53:02.072 17140 17140 I am_on_paused_called: [0,com.youku.userchannel.ShowUserChannel]
04-08 15:53:02.083   712  1037 I am_restart_activity: [0,727222108,3,com.youku.phone/com.youku.ui.activity.DetailActivity]
04-08 15:53:04.259   712  1037 I force_gc: Binder
04-08 15:53:05.058 19803 19803 I auditd  : type=1400 audit(0.0:644): avc: denied { read } for comm="OnLineMonitor" name="mem" dev="debugfs" ino=2129677 scontext=u:r:untrusted_app:s0 tcontext=u:object_r:debugfs:s0 tclass=file
04-08 15:53:05.058 19803 19803 I auditd  : type=1400 audit(0.0:645): avc: denied { read } for comm="OnLineMonitor" name="mem" dev="debugfs" ino=2129677 scontext=u:r:untrusted_app:s0 tcontext=u:object_r:debugfs:s0 tclass=file
04-08 15:53:14.458   712   712 I notification_cancel: [10054,17140,com.youku.phone,11250603,NULL,0,0,64,8,NULL]
04-08 15:53:14.849 17140 17140 I am_on_resume_called: [0,com.youku.ui.activity.DetailActivity]
04-08 15:53:16.330   712 22160 I force_gc: Binder
04-08 15:53:24.901   712 22160 I force_gc: Binder
04-08 15:53:30.377   712   782 I am_activity_launch_time: [0,727222108,com.youku.phone/com.youku.ui.activity.DetailActivity,28296,28296]
04-08 15:53:30.474   176   176 I sf_frame_dur: [SurfaceView,1541,37,8,6,1,1,2]
04-08 15:53:30.495   176   176 I sf_frame_dur: [com.youku.phone/com.youku.userchannel.ShowUserChannel,1,7,3,2,0,2,2]
04-08 15:53:33.096   712  1198 I force_gc: Binder
04-08 15:53:40.738   712  1261 I force_gc: Binder
04-08 15:53:43.918   857   857 I force_gc: Binder
04-08 15:53:44.460   712 19362 I force_gc: Binder
04-08 15:53:48.261   857   857 I force_gc: Binder
04-08 15:53:48.943   712 19362 I force_gc: Binder
04-08 15:53:52.160   712  1261 I force_gc: Binder
04-08 15:53:53.313   857   857 I force_gc: Binder
04-08 15:53:53.968 19803 19803 I auditd  : type=1400 audit(0.0:646): avc: denied { read } for comm="OnLineMonitor" name="mem" dev="debugfs" ino=2129677 scontext=u:r:untrusted_app:s0 tcontext=u:object_r:debugfs:s0 tclass=file
04-08 15:53:55.262   712  1198 I force_gc: Binder
04-08 15:53:56.478 19803 19803 I auditd  : type=1400 audit(0.0:647): avc: denied { read } for comm="OnLineMonitor" name="mem" dev="debugfs" ino=2129677 scontext=u:r:untrusted_app:s0 tcontext=u:object_r:debugfs:s0 tclass=file
04-08 15:53:58.482   857   857 I force_gc: Binder
04-08 15:53:59.083   712 17111 I force_gc: Binder
04-08 15:54:01.866 17140 17140 I menu_opened: 0
04-08 15:54:03.814   857   857 I force_gc: Binder
04-08 15:54:04.316   712 22160 I force_gc: Binder
04-08 15:54:08.508 19803 19803 I auditd  : type=1400 audit(0.0:648): avc: denied { read } for comm="OnLineMonitor" name="mem" dev="debugfs" ino=2129677 scontext=u:r:untrusted_app:s0 tcontext=u:object_r:debugfs:s0 tclass=file
04-08 15:54:08.584 17140 17140 I menu_opened: 0
04-08 15:54:08.738   712  1037 I force_gc: Binder
04-08 15:54:08.878 19803 19803 I auditd  : type=1400 audit(0.0:649): avc: denied { read } for comm="OnLineMonitor" name="mem" dev="debugfs" ino=2129677 scontext=u:r:untrusted_app:s0 tcontext=u:object_r:debugfs:s0 tclass=file
04-08 15:54:09.070   857   857 I force_gc: Binder
04-08 15:54:12.019   712 22160 I force_gc: Binder
04-08 15:54:12.371   857   857 I force_gc: Binder
04-08 15:54:15.195   712  1269 I force_gc: Binder
04-08 15:54:18.047   712 17111 I force_gc: Binder
04-08 15:54:18.529   857   857 I force_gc: Binder
04-08 15:54:18.968 19803 19803 I auditd  : type=1400 audit(0.0:650): avc: denied { read } for comm="OnLineMonitor" name="mem" dev="debugfs" ino=2129677 scontext=u:r:untrusted_app:s0 tcontext=u:object_r:debugfs:s0 tclass=file
04-08 15:54:18.978 19803 19803 I auditd  : type=1400 audit(0.0:651): avc: denied { read } for comm="OnLineMonitor" name="mem" dev="debugfs" ino=2129677 scontext=u:r:untrusted_app:s0 tcontext=u:object_r:debugfs:s0 tclass=file
04-08 15:54:21.148   712 17111 I force_gc: Binder
04-08 15:54:21.577   857   857 I force_gc: Binder
04-08 15:54:24.575   712 22159 I force_gc: Binder
04-08 15:54:28.297   712 22160 I force_gc: Binder
04-08 15:54:31.740   857   857 I force_gc: Binder
04-08 15:54:32.443   712  1269 I force_gc: Binder
04-08 15:54:32.922   712 17111 I battery_level: [82,4086,422]
04-08 15:54:32.985   712   712 I notification_cancel: [10013,857,com.android.systemui,100,low_battery,-1,0,64,8,NULL]
04-08 15:54:36.648   712 17111 I force_gc: Binder
04-08 15:54:38.534   857   857 I sysui_panelholder_touch: [0,1046,19]
04-08 15:54:38.775   712  1261 I notification_panel_revealed: []
04-08 15:54:38.873   712  1261 I notification_visibility_changed: [-1|android|17040644|null|1000;-1|android|17040636|null|1000,]
04-08 15:54:39.687   712 22159 I am_home_stack_moved: [0,0,1,1,intentActivityFound]
04-08 15:54:39.687   712 22159 I wm_task_moved: [3,1,0]
04-08 15:54:40.700   712  1198 I notification_visibility_changed: [,-1|android|17040644|null|1000;-1|android|17040636|null|1000]
04-08 15:54:40.732   712 22159 I notification_panel_hidden: []
04-08 15:54:43.244   712 22159 I force_gc: Binder
04-08 15:54:45.321   857   857 I force_gc: Binder
04-08 15:54:46.165 17140 17140 I menu_opened: 0
04-08 15:54:48.569   712 22159 I force_gc: Binder
04-08 15:54:53.691   857   857 I force_gc: Binder
04-08 15:54:54.388   712 22159 I force_gc: Binder
04-08 15:54:57.720   712  1198 I force_gc: Binder
04-08 15:54:59.176   857   857 I force_gc: Binder
04-08 15:55:01.676   712  1198 I force_gc: Binder
04-08 15:55:03.460   857   857 I force_gc: Binder
04-08 15:55:05.595   712 22159 I force_gc: Binder
04-08 15:55:09.448   712 17111 I force_gc: Binder
04-08 15:55:12.374   712 17111 I am_home_stack_moved: [0,0,1,1,intentActivityFound]
04-08 15:55:12.374   712 17111 I wm_task_moved: [3,1,0]
04-08 15:55:13.047   857   857 I force_gc: Binder
04-08 15:55:13.822   176   176 I sf_frame_dur: [VolumePanel,0,0,0,0,1,0,0]
04-08 15:55:13.971 17140 17140 I menu_opened: 0
04-08 15:55:15.718   712  1269 I force_gc: Binder
04-08 15:55:21.116   712 19362 I force_gc: Binder
04-08 15:55:21.739   857   857 I force_gc: Binder
04-08 15:55:26.762   712 17111 I force_gc: Binder
04-08 15:55:28.985 17140 17140 I menu_opened: 0
04-08 15:55:34.873   712  1198 I force_gc: Binder
04-08 15:55:40.711   712 22159 I force_gc: Binder
04-08 15:55:41.747   857   857 I force_gc: Binder
04-08 15:55:44.637   712 19362 I force_gc: Binder
04-08 15:55:47.932 17140 17140 I menu_opened: 0
04-08 15:55:48.805   712 17111 I force_gc: Binder
04-08 15:55:49.342 17140 17140 I menu_opened: 0
04-08 15:55:51.529   857   857 I force_gc: Binder
04-08 15:55:52.862   712 17111 I force_gc: Binder
04-08 15:55:56.041 17140 17140 I menu_opened: 0
04-08 15:55:56.452   712  1269 I force_gc: Binder
04-08 15:56:00.370   857   857 I force_gc: Binder
04-08 15:56:00.927   712 17111 I force_gc: Binder
04-08 15:56:01.332 17140 17140 I menu_opened: 0
04-08 15:56:05.634   712 19362 I force_gc: Binder
04-08 15:56:09.462   712 22160 I force_gc: Binder
04-08 15:56:10.599   857   857 I force_gc: Binder
04-08 15:56:14.196   712 22159 I force_gc: Binder
04-08 15:56:17.461   712  1269 I force_gc: Binder
04-08 15:56:19.013   857   857 I force_gc: Binder
04-08 15:56:21.000   712 22159 I force_gc: Binder
04-08 15:56:22.365   857   857 I force_gc: Binder
04-08 15:56:24.324   712 17111 I force_gc: Binder
04-08 15:56:29.052   712  1261 I force_gc: Binder
04-08 15:56:30.960   712   776 I sync    : [com.youku.auth.provider,0,4,-1645982301]
04-08 15:56:32.365   857   857 I force_gc: Binder
04-08 15:56:34.131   712 19362 I force_gc: Binder
04-08 15:56:38.722   712  1269 I force_gc: Binder
04-08 15:56:40.331   857   857 I force_gc: Binder
