08-04 04:42:56.957   175   175 I Vold    : Vold 2.1 (the revenge) firing up
08-04 04:43:04.740   712   712 I InstallerConnection: disconnecting...
08-04 04:43:04.806   712   712 I SystemServer: Entered the Android system server!
08-04 04:43:04.975   712   712 I SystemServiceManager: Starting com.android.server.pm.Installer
08-04 04:43:04.977   712   712 I Installer: Waiting for installd to be ready.
08-04 04:43:04.977   712   712 I InstallerConnection: connecting...
08-04 04:43:04.979   712   712 I SystemServiceManager: Starting com.android.server.am.ActivityManagerService$Lifecycle
08-04 04:43:05.009   712   712 I ActivityManager: Memory class: 192
08-04 04:43:05.013   712   777 I ServiceThread: Enabled StrictMode logging for ActivityManager looper.
08-04 04:43:05.392   712   712 I IntentFirewall: Read new rules (A:0 B:0 S:0)
08-04 04:43:05.404   712   780 I ServiceThread: Enabled StrictMode logging for android.ui looper.
08-04 04:43:05.409   712   782 I ServiceThread: Enabled StrictMode logging for android.display looper.
08-04 04:43:05.428   712   712 D AppOps  : AppOpsService published
08-04 04:43:05.429   712   712 I SystemServiceManager: Starting com.android.server.power.PowerManagerService
08-04 04:43:05.433   712   784 I ServiceThread: Enabled StrictMode logging for PowerManagerService looper.
08-04 04:43:05.443   712   712 I SystemServiceManager: Starting com.android.server.display.DisplayManagerService
08-04 04:43:05.450   712   712 I SystemServiceManager: Starting phase 100
08-04 04:43:05.465   712   782 I DisplayManagerService: Display device added: DisplayDeviceInfo{"Built-in Screen": uniqueId="local:0", 1080 x 1920, 60.0 fps, supportedRefreshRates [60.0], density 480, 442.451 x 443.345 dpi, appVsyncOff 7500000, presDeadline 12666667, touch INTERNAL, rotation 0, type BUILT_IN, state UNKNOWN, FLAG_DEFAULT_DISPLAY, FLAG_ROTATES_WITH_CONTENT, FLAG_SECURE, FLAG_SUPPORTS_PROTECTED_BUFFERS}
08-04 04:43:05.467   712   712 I SystemServer: Package Manager
08-04 04:43:05.493   712   712 W SystemConfig: No directory /system/etc/sysconfig, skipping
08-04 04:43:05.669   712   712 D SELinuxMMAC: Using policy file /system/etc/security/mac_permissions.xml
08-04 04:43:06.635   712   712 W PackageParser: No actions in intent filter at /system/priv-app/Contacts/Contacts.apk Binary XML file line #356
08-04 04:43:06.797   712   712 W PackageParser: No actions in intent filter at /system/priv-app/Dialer/Dialer.apk Binary XML file line #166
08-04 04:43:07.974   712   712 W PackageParser: Unknown element under <intent-filter>: android at /system/priv-app/Telecom/Telecom.apk Binary XML file line #232
08-04 04:43:08.196   712   712 W PackageParser: No actions in intent filter at /system/app/Bluetooth/Bluetooth.apk Binary XML file line #209
08-04 04:43:08.952   712   712 W PackageParser: Unknown element under <application>: permission at /system/app/Gallery2/Gallery2.apk Binary XML file line #242
08-04 04:43:08.952   712   712 W PackageParser: Unknown element under <application>: permission at /system/app/Gallery2/Gallery2.apk Binary XML file line #245
08-04 04:43:10.095   712   712 W PackageManager: Failed to parse /system/app/qcrilmsgtunnel: Signature mismatch for shared user : SharedUserSetting{1f0a9843 android.uid.phone/1001}
08-04 04:43:10.300   712   712 W PackageParser: Unknown element under <manifest>: service at /data/app/com.youku.phone-1/base.apk Binary XML file line #99
08-04 04:43:10.405   712   712 W PackageParser: No actions in intent filter at /data/app/com.youku.phone-1/base.apk Binary XML file line #1091
08-04 04:43:11.201   712   712 W PackageManager: Package com.android.gallery3d desires unavailable shared library com.google.android.media.effects; ignoring!
08-04 04:43:11.201   712   712 W PackageManager: Package com.android.gallery3d desires unavailable shared library com.google.android.media.effects; ignoring!
08-04 04:43:11.202   712   712 I PackageManager: Adjusting ABI for : com.android.inputdevices to armeabi-v7a
08-04 04:43:11.203   712   712 I PackageManager: Adjusting ABI for : com.android.server.telecom to armeabi-v7a
08-04 04:43:11.204   712   712 I PackageManager: Adjusting ABI for : com.android.settings to armeabi-v7a
08-04 04:43:11.205   712   712 I PackageManager: Adjusting ABI for : com.android.providers.settings to armeabi-v7a
08-04 04:43:11.206   712   712 I PackageManager: Adjusting ABI for : com.android.keychain to armeabi-v7a
08-04 04:43:11.206   712   712 I PackageManager: Adjusting ABI for : com.android.location.fused to armeabi-v7a
08-04 04:43:11.208   712   712 I PackageManager: Time to scan packages: 4.981 seconds
08-04 04:43:11.211   712   712 W PackageManager: Unknown permission com.google.android.googleapps.permission.GOOGLE_AUTH in package com.android.providers.calendar
08-04 04:43:11.211   712   712 W PackageManager: Unknown permission com.google.android.googleapps.permission.GOOGLE_AUTH.cl in package com.android.providers.calendar
08-04 04:43:11.213   712   712 W PackageManager: Unknown permission com.android.launcher.permission.READ_SETTINGS in package com.youku.phone
08-04 04:43:11.214   712   712 W PackageManager: Unknown permission com.android.launcher.permission.WRITE_SETTINGS in package com.youku.phone
08-04 04:43:11.214   712   712 W PackageManager: Unknown permission android.permission.READ_SETTINGS in package com.youku.phone
08-04 04:43:11.215   712   712 W PackageManager: Not granting permission android.permission.CHANGE_CONFIGURATION to package com.youku.phone (protectionLevel=50 flags=0x183e44)
08-04 04:43:11.215   712   712 W PackageManager: Not granting permission android.permission.MOUNT_UNMOUNT_FILESYSTEMS to package com.youku.phone (protectionLevel=18 flags=0x183e44)
08-04 04:43:11.215   712   712 W PackageManager: Not granting permission android.permission.MANAGE_DOCUMENTS to package com.youku.phone (protectionLevel=2 flags=0x183e44)
08-04 04:43:11.216   712   712 W PackageManager: Unknown permission android.permission.RUN_INSTRUMENTATION in package com.youku.phone
08-04 04:43:11.216   712   712 W PackageManager: Unknown permission android.permission.SYSTEM_OVERLAY_WINDOW in package com.youku.phone
08-04 04:43:11.216   712   712 W PackageManager: Not granting permission android.permission.GLOBAL_SEARCH to package com.android.quicksearchbox (protectionLevel=18 flags=0x8be45)
08-04 04:43:11.218   712   712 W PackageManager: Not granting permission android.permission.ACCESS_DOWNLOAD_MANAGER to package com.android.browser (protectionLevel=18 flags=0x9be45)
08-04 04:43:11.218   712   712 W PackageManager: Not granting permission android.permission.SEND_DOWNLOAD_COMPLETED_INTENTS to package com.android.browser (protectionLevel=2 flags=0x9be45)
08-04 04:43:11.222   712   712 W PackageManager: Not granting permission android.permission.BIND_WALLPAPER to package com.android.camera2 (protectionLevel=18 flags=0x58bc45)
08-04 04:43:11.224   712   712 W PackageManager: Unknown permission android.permission.INSTALL_DRM in package com.android.mms
08-04 04:43:11.225   712   712 W PackageManager: Unknown permission android.permission.NFC_UNLOCK in package com.android.nfc
08-04 04:43:11.226   712   712 W PackageManager: Not granting permission android.permission.BIND_APPWIDGET to package com.android.launcher3 (protectionLevel=18 flags=0x483e45)
08-04 04:43:11.227   712   712 W PackageManager: Unknown permission com.android.launcher.permission.READ_SETTINGS in package com.android.launcher3
08-04 04:43:11.227   712   712 W PackageManager: Unknown permission com.android.launcher.permission.WRITE_SETTINGS in package com.android.launcher3
08-04 04:43:11.228   712   712 W PackageManager: Unknown permission com.google.android.googleapps.permission.GOOGLE_AUTH.mail in package com.android.calendar
08-04 04:43:11.229   712   712 W PackageManager: Unknown permission com.android.launcher.permission.READ_SETTINGS in package com.android.onetimeinitializer
08-04 04:43:11.229   712   712 W PackageManager: Unknown permission com.android.launcher.permission.WRITE_SETTINGS in package com.android.onetimeinitializer
08-04 04:43:11.233   712   712 W PackageManager: Not granting permission android.permission.DELETE_PACKAGES to package com.svox.pico (protectionLevel=18 flags=0x8be45)
08-04 04:43:11.236   712   712 W PackageManager: Unknown permission com.google.android.gallery3d.permission.PICASA_STORE in package com.android.dreams.phototable
08-04 04:43:11.237   712   712 W PackageManager: Unknown permission com.google.android.googleapps.permission.GOOGLE_AUTH in package com.android.settings
08-04 04:43:11.238   712   712 W PackageManager: Unknown permission com.android.launcher.permission.READ_SETTINGS in package com.android.settings
08-04 04:43:11.238   712   712 W PackageManager: Unknown permission com.android.launcher.permission.WRITE_SETTINGS in package com.android.settings
08-04 04:43:11.247   712   712 W PackageManager: Not granting permission android.permission.DEVICE_POWER to package com.android.deskclock (protectionLevel=2 flags=0x48be45)
08-04 04:43:11.253   712   712 W PackageManager: Unknown permission com.google.android.gallery3d.permission.GALLERY_PROVIDER in package com.android.bluetooth
08-04 04:43:11.255   712   712 W PackageManager: Unknown permission com.google.android.googleapps.permission.ACCESS_GOOGLE_PASSWORD in package com.android.development
08-04 04:43:11.256   712   712 W PackageManager: Unknown permission com.google.android.googleapps.permission.GOOGLE_AUTH in package com.android.development
08-04 04:43:11.256   712   712 W PackageManager: Unknown permission com.google.android.googleapps.permission.GOOGLE_AUTH.ALL_SERVICES in package com.android.development
08-04 04:43:11.256   712   712 W PackageManager: Unknown permission com.google.android.googleapps.permission.GOOGLE_AUTH.YouTubeUser in package com.android.development
08-04 04:43:11.604   712   712 I SystemServer: User Service
08-04 04:43:11.617   712   712 I SystemServiceManager: Starting com.android.server.lights.LightsService
08-04 04:43:11.625   712   712 I SystemServiceManager: Starting com.android.server.BatteryService
08-04 04:43:11.654   712   712 I SystemServiceManager: Starting com.android.server.usage.UsageStatsService
08-04 04:43:11.679   712   712 I UsageStatsService: User[0] Rollover scheduled @ 1971-08-04 08:00:00(50112000000)
08-04 04:43:11.680   712   712 I SystemServiceManager: Starting com.android.server.webkit.WebViewUpdateService
08-04 04:43:11.683   712   712 I SystemServer: Reading configuration...
08-04 04:43:11.683   712   712 I SystemServer: Scheduling Policy
08-04 04:43:11.685   712   712 I SystemServiceManager: Starting com.android.server.telecom.TelecomLoaderService
08-04 04:43:11.685   712   712 I SystemServer: Telephony Registry
08-04 04:43:11.693   712   712 I SystemServer: Entropy Mixer
08-04 04:43:11.709   712   712 I EntropyMixer: Added HW RNG output to entropy pool
08-04 04:43:11.709   712   712 I EntropyMixer: Writing entropy...
08-04 04:43:11.720   712   712 I SystemServer: Account Manager
08-04 04:43:11.736   712   712 I SystemServer: Content Manager
08-04 04:43:11.740   712   712 I SystemServer: System Content Providers
08-04 04:43:11.814   712   712 I SystemServer: Vibrator Service
08-04 04:43:11.818   712   712 I SystemServer: Consumer IR Service
08-04 04:43:11.819   712   712 I SystemServiceManager: Starting com.android.server.AlarmManagerService
08-04 04:43:11.835   712   712 I SystemServer: Init Watchdog
08-04 04:43:11.837   712   712 I SystemServer: Input Manager
08-04 04:43:11.840   712   712 I InputManager: Initializing input manager, mUseDevInputEventForAudioJack=true
08-04 04:43:11.843   712   712 I SystemServer: Window Manager
08-04 04:43:11.892   712   782 I WindowManager: No existing display settings /data/system/display_settings.xml; starting empty
08-04 04:43:12.033   712   712 I InputManager: Starting input manager
08-04 04:43:12.044   712   712 I SystemServer: Bluetooth Manager Service
08-04 04:43:12.059   712   712 I SystemServer: Input Method Service
08-04 04:43:12.081   712   712 W InputMethodManagerService: Couldn't create dir.: /data/system/inputmethod
08-04 04:43:12.167   712   712 I SystemServer: Accessibility Manager
08-04 04:43:12.196   712   712 I ActivityManager: Config changes=1df8 {1.0 ?mcc?mnc en_US ?layoutDir sw360dp w360dp h640dp 480dpi nrml long port ?uimode ?night -touch -keyb/v/h -nav/h s.2}
08-04 04:43:12.231   712   712 I ActivityManager: Config changes=508 {1.0 ?mcc?mnc en_US ?layoutDir sw360dp w360dp h567dp 480dpi nrml port ?uimode ?night finger -keyb/v/h -nav/h s.3}
08-04 04:43:12.235   712   712 I SystemServer: Mount Service
08-04 04:43:12.249   712   712 D MountService: got storage path: null description: Internal storage primary: false removable: false emulated: true mtpReserve: 100 allowMassStorage: false maxFileSize: 0
08-04 04:43:12.255   712   712 D MountService: addVolumeLocked() StorageVolume:
08-04 04:43:12.255   712   712 D MountService:     mStorageId=65537 mPath=/storage/emulated/0 mDescriptionId=17040805 
08-04 04:43:12.255   712   712 D MountService:     mPrimary=true mRemovable=false mEmulated=true mMtpReserveSpace=100 
08-04 04:43:12.255   712   712 D MountService:     mAllowMassStorage=false mMaxFileSize=0 mOwner=UserHandle{0} mUuid=null 
08-04 04:43:12.255   712   712 D MountService:     mUserLabel=null mState=null 
08-04 04:43:12.281   712   712 I SystemServer: LockSettingsService
08-04 04:43:12.290   712   712 I SystemServiceManager: Starting com.android.server.devicepolicy.DevicePolicyManagerService$Lifecycle
08-04 04:43:12.296   712   810 W PackageManager: Unknown permission com.google.android.googleapps.permission.GOOGLE_AUTH in package com.android.providers.calendar
08-04 04:43:12.297   712   810 W PackageManager: Unknown permission com.google.android.googleapps.permission.GOOGLE_AUTH.cl in package com.android.providers.calendar
08-04 04:43:12.298   712   810 W PackageManager: Unknown permission com.android.launcher.permission.READ_SETTINGS in package com.youku.phone
08-04 04:43:12.299   712   810 W PackageManager: Unknown permission com.android.launcher.permission.WRITE_SETTINGS in package com.youku.phone
08-04 04:43:12.299   712   810 W PackageManager: Unknown permission android.permission.READ_SETTINGS in package com.youku.phone
08-04 04:43:12.300   712   810 W PackageManager: Not granting permission android.permission.CHANGE_CONFIGURATION to package com.youku.phone (protectionLevel=50 flags=0x183e44)
08-04 04:43:12.300   712   810 W PackageManager: Not granting permission android.permission.MOUNT_UNMOUNT_FILESYSTEMS to package com.youku.phone (protectionLevel=18 flags=0x183e44)
08-04 04:43:12.300   712   810 W PackageManager: Not granting permission android.permission.MANAGE_DOCUMENTS to package com.youku.phone (protectionLevel=2 flags=0x183e44)
08-04 04:43:12.301   712   810 W PackageManager: Unknown permission android.permission.RUN_INSTRUMENTATION in package com.youku.phone
08-04 04:43:12.301   712   810 W PackageManager: Unknown permission android.permission.SYSTEM_OVERLAY_WINDOW in package com.youku.phone
08-04 04:43:12.301   712   810 W PackageManager: Not granting permission android.permission.GLOBAL_SEARCH to package com.android.quicksearchbox (protectionLevel=18 flags=0x8be45)
08-04 04:43:12.303   712   810 W PackageManager: Not granting permission android.permission.ACCESS_DOWNLOAD_MANAGER to package com.android.browser (protectionLevel=18 flags=0x9be45)
08-04 04:43:12.303   712   810 W PackageManager: Not granting permission android.permission.SEND_DOWNLOAD_COMPLETED_INTENTS to package com.android.browser (protectionLevel=2 flags=0x9be45)
08-04 04:43:12.306   712   810 W PackageManager: Not granting permission android.permission.BIND_WALLPAPER to package com.android.camera2 (protectionLevel=18 flags=0x58bc45)
08-04 04:43:12.307   712   810 W PackageManager: Unknown permission android.permission.INSTALL_DRM in package com.android.mms
08-04 04:43:12.308   712   810 W PackageManager: Unknown permission android.permission.NFC_UNLOCK in package com.android.nfc
08-04 04:43:12.309   712   810 W PackageManager: Not granting permission android.permission.BIND_APPWIDGET to package com.android.launcher3 (protectionLevel=18 flags=0x483e45)
08-04 04:43:12.310   712   810 W PackageManager: Unknown permission com.android.launcher.permission.READ_SETTINGS in package com.android.launcher3
08-04 04:43:12.310   712   810 W PackageManager: Unknown permission com.android.launcher.permission.WRITE_SETTINGS in package com.android.launcher3
08-04 04:43:12.310   712   810 W PackageManager: Unknown permission com.google.android.googleapps.permission.GOOGLE_AUTH.mail in package com.android.calendar
08-04 04:43:12.311   712   810 W PackageManager: Unknown permission com.android.launcher.permission.READ_SETTINGS in package com.android.onetimeinitializer
08-04 04:43:12.311   712   810 W PackageManager: Unknown permission com.android.launcher.permission.WRITE_SETTINGS in package com.android.onetimeinitializer
08-04 04:43:12.314   712   810 W PackageManager: Not granting permission android.permission.DELETE_PACKAGES to package com.svox.pico (protectionLevel=18 flags=0x8be45)
08-04 04:43:12.316   712   810 W PackageManager: Unknown permission com.google.android.gallery3d.permission.PICASA_STORE in package com.android.dreams.phototable
08-04 04:43:12.317   712   810 W PackageManager: Unknown permission com.google.android.googleapps.permission.GOOGLE_AUTH in package com.android.settings
08-04 04:43:12.318   712   810 W PackageManager: Unknown permission com.android.launcher.permission.READ_SETTINGS in package com.android.settings
08-04 04:43:12.318   712   810 W PackageManager: Unknown permission com.android.launcher.permission.WRITE_SETTINGS in package com.android.settings
08-04 04:43:12.326   712   810 W PackageManager: Not granting permission android.permission.DEVICE_POWER to package com.android.deskclock (protectionLevel=2 flags=0x48be45)
08-04 04:43:12.330   712   810 W PackageManager: Unknown permission com.google.android.gallery3d.permission.GALLERY_PROVIDER in package com.android.bluetooth
08-04 04:43:12.332   712   810 W PackageManager: Unknown permission com.google.android.googleapps.permission.ACCESS_GOOGLE_PASSWORD in package com.android.development
08-04 04:43:12.332   712   810 W PackageManager: Unknown permission com.google.android.googleapps.permission.GOOGLE_AUTH in package com.android.development
08-04 04:43:12.332   712   810 W PackageManager: Unknown permission com.google.android.googleapps.permission.GOOGLE_AUTH.ALL_SERVICES in package com.android.development
08-04 04:43:12.332   712   810 W PackageManager: Unknown permission com.google.android.googleapps.permission.GOOGLE_AUTH.YouTubeUser in package com.android.development
08-04 04:43:12.640   712   712 I SystemServer: Status Bar
08-04 04:43:12.644   712   712 I SystemServer: Clipboard Service
08-04 04:43:12.649   712   712 I SystemServer: NetworkManagement Service
08-04 04:43:12.659   712   712 I SystemServer: Text Service Manager Service
08-04 04:43:12.675   712   712 I SystemServer: Network Score Service
08-04 04:43:12.677   712   712 I SystemServer: NetworkStats Service
08-04 04:43:12.694   712   712 I SystemServer: NetworkPolicy Service
08-04 04:43:12.719   712   712 I SystemServiceManager: Starting com.android.server.wifi.p2p.WifiP2pService
08-04 04:43:12.764   712   712 I SystemServiceManager: Starting com.android.server.wifi.WifiService
08-04 04:43:12.966   712   712 I SystemServiceManager: Starting com.android.server.wifi.WifiScanningService
08-04 04:43:12.969   712   712 I SystemServiceManager: Starting com.android.server.wifi.RttService
08-04 04:43:12.973   712   712 I SystemServiceManager: Starting com.android.server.ethernet.EthernetService
08-04 04:43:12.983   712   712 I SystemServer: Connectivity Service
08-04 04:43:12.989   712   712 D ConnectivityService: ConnectivityService starting up
08-04 04:43:12.995   712   712 D ConnectivityService: wifiOnly=false
08-04 04:43:12.998   712   712 E ConnectivityService: Ignoring protectedNetwork 15
08-04 04:43:13.030   712   712 I SystemServer: Network Service Discovery Service
08-04 04:43:13.037   712   712 D NsdService: Network service discovery enabled true
08-04 04:43:13.041   712   712 I SystemServer: UpdateLock Service
08-04 04:43:13.107   712   712 I SystemServiceManager: Starting com.android.server.notification.NotificationManagerService
08-04 04:43:13.185   712   712 D ZenLog  : set_zen_mode: off,setting
08-04 04:43:13.191   712   712 I SystemServiceManager: Starting com.android.server.storage.DeviceStorageMonitorService
08-04 04:43:13.198   712   712 I SystemServer: Location Manager
08-04 04:43:13.204   712   712 I SystemServer: Country Detector
08-04 04:43:13.205   712   712 I SystemServer: Search Service
08-04 04:43:13.211   712   712 I SystemServer: DropBox Service
08-04 04:43:13.216   712   712 I SystemServer: Wallpaper Service
08-04 04:43:13.227   712   712 I SystemServer: Audio Service
08-04 04:43:13.341   712   712 I SystemServiceManager: Starting com.android.server.DockObserver
08-04 04:43:13.344   712   712 W DockObserver: This kernel does not have dock station support
08-04 04:43:13.345   712   712 I SystemServer: Wired Accessory Manager
08-04 04:43:13.353   712   712 I SystemServiceManager: Starting com.android.server.usb.UsbService$Lifecycle
08-04 04:43:13.377   712   712 I SystemServer: Serial Service
08-04 04:43:13.378   712   712 I SystemServiceManager: Starting com.android.server.twilight.TwilightService
08-04 04:43:13.387   712   712 I SystemServiceManager: Starting com.android.server.UiModeManagerService
08-04 04:43:13.397   712   712 I SystemServiceManager: Starting com.android.server.job.JobSchedulerService
08-04 04:43:13.415   712   712 I SystemServiceManager: Starting com.android.server.backup.BackupManagerService$Lifecycle
08-04 04:43:13.420   712   712 I SystemServiceManager: Starting com.android.server.appwidget.AppWidgetService
08-04 04:43:13.429   712   712 I SystemServiceManager: Starting com.android.server.voiceinteraction.VoiceInteractionManagerService
08-04 04:43:13.435   712   712 W SoundTriggerHelper: listModules status=0, # of modules=0
08-04 04:43:13.435   712   712 I SystemServer: DiskStats Service
08-04 04:43:13.437   712   712 I SystemServer: SamplingProfiler Service
08-04 04:43:13.447   712   712 I SystemServer: NetworkTimeUpdateService
08-04 04:43:13.449   712   712 I SystemServer: CommonTimeManagementService
08-04 04:43:13.458   712   712 I SystemServer: CertBlacklister
08-04 04:43:13.461   712   712 I SystemServiceManager: Starting com.android.server.dreams.DreamManagerService
08-04 04:43:13.469   712   712 I SystemServer: Assets Atlas Service
08-04 04:43:13.532   712   712 I SystemServiceManager: Starting com.android.server.print.PrintManagerService
08-04 04:43:13.539   712   712 I SystemServiceManager: Starting com.android.server.restrictions.RestrictionsManagerService
08-04 04:43:13.542   712   712 I SystemServiceManager: Starting com.android.server.media.MediaSessionService
08-04 04:43:13.554   712   712 I SystemServer: Media Router Service
08-04 04:43:13.557   712   712 I SystemServiceManager: Starting com.android.server.trust.TrustManagerService
08-04 04:43:13.564   712   712 I SystemServiceManager: Starting com.android.server.fingerprint.FingerprintService
08-04 04:43:13.567   712   712 I SystemServer: BackgroundDexOptService
08-04 04:43:13.572   712   712 I SystemServiceManager: Starting com.android.server.pm.LauncherAppsService
08-04 04:43:13.577   712   712 I SystemServiceManager: Starting com.android.server.media.projection.MediaProjectionManagerService
08-04 04:43:13.604   712   712 I SystemServiceManager: Starting com.android.server.MmsServiceBroker
08-04 04:43:13.638   712   712 E LockSettingsStorage: Cannot read file java.io.FileNotFoundException: /data/system/password.key: open failed: ENOENT (No such file or directory)
08-04 04:43:13.639   712   712 E LockSettingsStorage: Cannot read file java.io.FileNotFoundException: /data/system/gesture.key: open failed: ENOENT (No such file or directory)
08-04 04:43:13.639   712   712 I SystemServiceManager: Starting phase 480
08-04 04:43:13.656   712   712 I SystemServiceManager: Starting phase 500
08-04 04:43:13.657   712   712 I WifiService: WifiService starting up with Wi-Fi enabled
08-04 04:43:13.661   712   712 D WifiService: setWifiEnabled: true pid=712, uid=1000
08-04 04:43:13.661   712   712 E WifiService: Invoking mWifiStateMachine.setWifiEnabled
08-04 04:43:13.679   712   816 D WifiService: New client listening to asynchronous messages
08-04 04:43:13.698   712   712 D WifiScanningService: New client, channel: null messenger: null
08-04 04:43:13.714   712   817 D ConnectivityService: Got NetworkFactory Messenger for Ethernet
08-04 04:43:13.770   712   712 I ActivityManager: Config changes=200 {1.0 ?mcc?mnc en_US ?layoutDir sw360dp w360dp h567dp 480dpi nrml port finger -keyb/v/h -nav/h s.4}
08-04 04:43:13.784   712   712 V BackupManagerService: No ancestral data
08-04 04:43:13.796   712   712 D BackupManagerService: Now staging backup of com.android.browser
08-04 04:43:13.808   712   712 D BackupManagerService: Now staging backup of android
08-04 04:43:13.811   712   712 D BackupManagerService: Now staging backup of com.android.nfc
08-04 04:43:13.815   712   712 D BackupManagerService: Now staging backup of com.android.calendar
08-04 04:43:13.818   712   712 D BackupManagerService: Now staging backup of com.android.providers.settings
08-04 04:43:13.822   712   712 D BackupManagerService: Now staging backup of com.android.sharedstoragebackup
08-04 04:43:13.828   712   712 D BackupManagerService: Now staging backup of com.android.dialer
08-04 04:43:13.831   712   712 D BackupManagerService: Now staging backup of com.android.providers.userdictionary
08-04 04:43:13.835   712   712 V BackupManagerService: Starting with transport android/com.android.internal.backup.LocalTransport
08-04 04:43:13.835   712   712 V BackupManagerService: Found transports: 1
08-04 04:43:13.836   712   712 I BackupManagerService: Binding to transport host ComponentInfo{android/com.android.internal.backup.LocalTransportService}
08-04 04:43:13.845   712   712 I BackupManagerService: Found stale backup journal, scheduling
08-04 04:43:13.937   712   712 I AppOps  : Pruning old package media/1013: new uid=-1
08-04 04:43:13.939   712   712 I ActivityManager: System now ready
08-04 04:43:13.946   712   712 I SystemServer: Making services ready
08-04 04:43:13.946   712   712 I SystemServiceManager: Starting phase 550
08-04 04:43:13.961   712   712 I SystemServer: WebViewFactory preparation
08-04 04:43:14.028   712   782 I DisplayManagerService: Display device changed: DisplayDeviceInfo{"Built-in Screen": uniqueId="local:0", 1080 x 1920, 60.0 fps, supportedRefreshRates [60.0], density 480, 442.451 x 443.345 dpi, appVsyncOff 7500000, presDeadline 12666667, touch INTERNAL, rotation 0, type BUILT_IN, state ON, FLAG_DEFAULT_DISPLAY, FLAG_ROTATES_WITH_CONTENT, FLAG_SECURE, FLAG_SUPPORTS_PROTECTED_BUFFERS}
08-04 04:43:14.092   712   712 I ActivityManager: Start proc 837:WebViewLoader-armeabi-v7a/1037 [android.webkit.WebViewFactory$RelroFileCreator] for 
08-04 04:43:14.178   712   712 I ActivityManager: Start proc 857:com.android.systemui/u0a13 for service com.android.systemui/.SystemUIService
08-04 04:43:14.179   712   712 D NetworkManagementService: enabling bandwidth control
08-04 04:43:14.179   712   808 W MountService: Duplicate state transition (mounted -> mounted) for /storage/emulated/0
08-04 04:43:14.261   712   777 I ActivityManager: Start proc 877:android.process.media/u0a5 for broadcast com.android.providers.media/.MtpReceiver
08-04 04:43:14.391   712   904 V FingerprintService: startListening(android.service.fingerprint.IFingerprintServiceReceiver$Stub$Proxy@1f7ef6bf)
08-04 04:43:14.682   712   729 I ActivityManager: Start proc 985:com.android.settings/1000 for broadcast com.android.settings/.widget.SettingsAppWidgetProvider
08-04 04:43:14.758   712   712 I SystemServiceManager: Starting phase 600
08-04 04:43:14.775   712   712 I BackupManagerService: Backup enabled => false
08-04 04:43:14.776   712   712 I BackupManagerService: Opting out of backup
08-04 04:43:14.812   712   712 E InputMethodManagerService: Ignoring setImeWindowStatus due to an invalid token. uid:1000 token:null
08-04 04:43:14.929   712   712 I ActivityManager: Start proc 1038:com.android.inputmethod.latin/u0a34 for service com.android.inputmethod.latin/.LatinIME
08-04 04:43:14.929   712   712 V InputMethodManagerService: Adding window token: android.os.Binder@3e958f12
08-04 04:43:15.028   712   712 W LocationManagerService: no network location provider found
08-04 04:43:15.047   712   712 E LocationManagerService: no geocoder provider found
08-04 04:43:15.050   712   712 E LocationManagerService: FLP HAL not supported
08-04 04:43:15.096   712   712 E LocationManagerService: Unable to bind FLP Geofence proxy.
08-04 04:43:15.096   712   712 E LocationManagerService: Hardware Activity-Recognition not supported.
08-04 04:43:15.129   712   712 I MmsServiceBroker: Delay connecting to MmsService until an API is called
08-04 04:43:15.131   712   712 W VoiceInteractionManagerService: no available voice interaction services found for user 0
08-04 04:43:15.131   712   712 W VoiceInteractionManagerService: no available voice recognition services found for user 0
08-04 04:43:15.216   712   712 I ActivityManager: Start proc 1087:com.android.nfc/1027 for added application com.android.nfc
08-04 04:43:15.321   712   712 I ActivityManager: Start proc 1120:com.android.phone/1001 for added application com.android.phone
08-04 04:43:15.329   712   712 I ActivityManager: START u0 {act=android.intent.action.MAIN cat=[android.intent.category.HOME] flg=0x10000000 cmp=com.android.launcher3/.Launcher} from uid 0 on display 0
08-04 04:43:15.347   712   712 V WindowManager: addAppToken: AppWindowToken{231bc6e7 token=Token{26f5a601 ActivityRecord{3f7e0fe8 u0 com.android.launcher3/.Launcher t1}}} to stack=0 task=1 at 0
08-04 04:43:15.439   712   712 I ActivityManager: Start proc 1160:com.android.launcher3/u0a35 for activity com.android.launcher3/.Launcher
08-04 04:43:15.447   712   712 I SystemServer: Enabled StrictMode for system server main thread.
08-04 04:43:15.479   712   712 V ActivityManager: Display changed displayId=0
08-04 04:43:15.480   712   712 V ActivityManager: Display changed displayId=0
08-04 04:43:15.638   712   776 I ActivityManager: Start proc 1212:com.android.printspooler/u0a46 for service com.android.printspooler/.model.PrintSpoolerService
08-04 04:43:15.655   712   712 V ActivityManager: Display changed displayId=0
08-04 04:43:15.756   712   712 I Telecom : TelecomGlobals: TelecomGlobals initializing
08-04 04:43:15.868   712  1262 I StatusBarManagerService: registerStatusBar bar=com.android.internal.statusbar.IStatusBar$Stub$Proxy@2f367260
08-04 04:43:15.885   712  1248 I ActivityManager: Start proc 1252:android.process.acore/u0a2 for content provider com.android.providers.contacts/.CallLogProvider
08-04 04:43:15.960   712   712 I Telecom : TelecomGlobals: CallsManager initialized
08-04 04:43:15.961   712   712 W ContextImpl: Calling a method in the system process without a qualified user: android.app.ContextImpl.startService:1692 android.content.ContextWrapper.startService:516 com.android.server.telecom.BluetoothPhoneService.start:440 com.android.server.telecom.TelecomGlobals.initialize:93 com.android.server.telecom.TelecomService.onCreate:164 
08-04 04:43:15.970   712   712 I ValidateNoPeople: skipping global notification
08-04 04:43:15.980   712   712 V ActivityManager: Display changed displayId=0
08-04 04:43:15.984   712   712 I ValidateNoPeople: skipping global notification
08-04 04:43:15.995   712   712 D ZenLog  : downtime: Autotrigger skipped: not in downtime
08-04 04:43:16.011   712   712 W ResourcesManager: Asset path '/system/framework/com.android.location.provider.jar' does not exist or contains no resources.
08-04 04:43:16.021   712   712 V WiredAccessoryManager: notifyWiredAccessoryChanged: when=0 bits=SW_HEADPHONE_INSERT SW_MICROPHONE_INSERT mask=54
08-04 04:43:16.021   712   712 V WiredAccessoryManager: newName=h2w newState=1 headsetState=1 prev headsetState=0
08-04 04:43:16.021   712   712 V WiredAccessoryManager: init()
08-04 04:43:16.453   712  1154 I ActivityManager: Start proc 1305:com.android.smspush/u0a52 for service com.android.smspush/.WapPushManager
08-04 04:43:16.595   712   817 E ConnectivityService: Failed to find Messenger in unregisterNetworkFactory
08-04 04:43:16.604   712   817 D ConnectivityService: Got NetworkFactory Messenger for Telephony
08-04 04:43:16.669   712   712 V BackupManagerService: Connected to transport ComponentInfo{android/com.android.internal.backup.LocalTransportService}
08-04 04:43:16.669   712   712 V BackupManagerService: Registering transport android/com.android.internal.backup.LocalTransportService::android/com.android.internal.backup.LocalTransport = android.app.backup.BackupTransport$TransportImpl@471a4d4
08-04 04:43:16.695   712   712 V ActivityManager: Display changed displayId=0
08-04 04:43:16.788   712   712 V WiredAccessoryManager: device h2w connected
08-04 04:43:16.977   712   728 V WindowManager: Based on layer: Adding window Window{1cf424f6 u0 com.android.launcher3/com.android.launcher3.Launcher} at 0 of 1
08-04 04:43:16.999   712   816 D WifiService: New client listening to asynchronous messages
08-04 04:43:17.135   712  1269 I ActivityManager: Start proc 1368:com.android.music/u0a38 for broadcast com.android.music/.MediaButtonIntentReceiver
08-04 04:43:17.227   712   817 D ConnectivityService: Got NetworkFactory Messenger for WIFI
08-04 04:43:17.228   712   817 D ConnectivityService: Got NetworkFactory Messenger for WIFI_UT
08-04 04:43:17.458   712   816 D WifiService: New client listening to asynchronous messages
08-04 04:43:17.640   712   816 D WifiService: New client listening to asynchronous messages
08-04 04:43:17.701   712   728 D ConnectivityService: listenForNetwork for NetworkRequest [ id=2, legacyType=-1, [] ]
08-04 04:43:18.136   712   777 W KeyguardServiceDelegate: onScreenTurnedOn(): no keyguard service!
08-04 04:43:18.224  1120  1120 D MccTable: updateMccMncConfiguration mccmnc='46001' fromServiceState=false
08-04 04:43:18.229  1120  1120 D MccTable: updateMccMncConfiguration defaultMccMnc=
08-04 04:43:18.229  1120  1120 D MccTable: updateMccMncConfiguration: mcc=460, mnc=1
08-04 04:43:18.230  1120  1120 D MccTable: defaultLanguageForMcc(460): country cn uses zh
08-04 04:43:18.230  1120  1120 D MccTable: getLocaleFromMcc to zh_cn mcc=460
08-04 04:43:18.232  1120  1120 D MccTable: getLocaleForLanguageCountry: not permitted to update locale
08-04 04:43:18.233  1120  1120 D MccTable: updateMccMncConfiguration updateConfig config={1.0 460mcc1mnc ?locale ?layoutDir ?swdp ?wdp ?hdp ?density ?lsize ?long ?orien ?uimode ?night ?touch ?keyb/?/? ?nav/?}
08-04 04:43:18.234   712  1262 I ActivityManager: Config changes=3 {1.0 460mcc1mnc en_US ?layoutDir sw360dp w360dp h567dp 480dpi nrml port finger -keyb/v/h -nav/h s.5}
08-04 04:43:18.479  1120  1120 D MccTable: getLocaleForLanguageCountry: not permitted to update locale
08-04 04:43:18.479  1120  1120 D MccTable: setSystemLocale: no locale
08-04 04:43:18.581   712  1262 V WindowManager: Based on layer: Adding window Window{739f575 u0 com.android.launcher3/com.android.launcher3.Launcher} at 0 of 5
08-04 04:43:18.920  1120  1120 D MccTable: updateMccMncConfiguration mccmnc='46001' fromServiceState=false
08-04 04:43:18.921  1120  1120 D MccTable: updateMccMncConfiguration defaultMccMnc=46001
08-04 04:43:18.921  1120  1120 D MccTable: updateMccMncConfiguration: mcc=460, mnc=1
08-04 04:43:18.922  1120  1120 D MccTable: defaultLanguageForMcc(460): country cn uses zh
08-04 04:43:18.922  1120  1120 D MccTable: getLocaleFromMcc to zh_cn mcc=460
08-04 04:43:18.922  1120  1120 D MccTable: getLocaleForLanguageCountry: not permitted to update locale
08-04 04:43:18.923  1120  1120 D MccTable: updateMccMncConfiguration updateConfig config={1.0 460mcc1mnc ?locale ?layoutDir ?swdp ?wdp ?hdp ?density ?lsize ?long ?orien ?uimode ?night ?touch ?keyb/?/? ?nav/?}
08-04 04:43:19.136   712   780 W WindowManager: Keyguard drawn timeout. Setting mKeyguardDrawComplete
08-04 04:43:19.164   712   816 D WifiService: New client listening to asynchronous messages
08-04 04:43:19.172  1120  1120 D MccTable: updateMccMncConfiguration mccmnc='46001' fromServiceState=false
08-04 04:43:19.174  1120  1120 D MccTable: updateMccMncConfiguration defaultMccMnc=46001
08-04 04:43:19.174  1120  1120 D MccTable: updateMccMncConfiguration: mcc=460, mnc=1
08-04 04:43:19.175  1120  1120 D MccTable: defaultLanguageForMcc(460): country cn uses zh
08-04 04:43:19.175  1120  1120 D MccTable: getLocaleFromMcc to zh_cn mcc=460
08-04 04:43:19.176  1120  1120 D MccTable: getLocaleForLanguageCountry: not permitted to update locale
08-04 04:43:19.176  1120  1120 D MccTable: updateMccMncConfiguration updateConfig config={1.0 460mcc1mnc ?locale ?layoutDir ?swdp ?wdp ?hdp ?density ?lsize ?long ?orien ?uimode ?night ?touch ?keyb/?/? ?nav/?}
08-04 04:43:20.398   712   782 W WindowManager: Window freeze timeout expired.
08-04 04:43:20.399   712   782 W WindowManager: Force clearing orientation change: Window{3197e0a2 u0 NavigationBar}
08-04 04:43:20.399   712   782 W WindowManager: Force clearing orientation change: Window{2604c5bb u0 StatusBar}
08-04 04:43:21.075   175   224 D VoldCmdListener: cryptfs getpw
08-04 04:43:21.087   175   224 D VoldCmdListener: cryptfs clearpw
08-04 04:43:21.299   712   782 I SystemServiceManager: Starting phase 1000
08-04 04:43:21.535   712  1490 I ActivityManager: Start proc 1521:com.android.keychain/1000 for service com.android.keychain/.KeyChainService
08-04 04:43:22.850   712  1555 I BootReceiver: Copying /proc/last_kmsg to DropBox (SYSTEM_LAST_KMSG)
08-04 04:43:22.892   712  1555 I BootReceiver: Copying audit failures to DropBox
08-04 04:43:22.930   712  1555 I BootReceiver: Copied 551 worth of audits to DropBox
08-04 04:43:22.937   712  1555 I BootReceiver: Checking for fsck errors
08-04 04:43:23.024   712  1262 I ActivityManager: Start proc 1558:com.android.dialer/u0a4 for broadcast com.android.dialer/.calllog.CallLogReceiver
08-04 04:43:23.255   712   712 I ActivityManager: Start proc 1578:com.android.providers.calendar/u0a1 for broadcast com.android.providers.calendar/.CalendarReceiver
08-04 04:43:23.256   712   782 W WindowManager: App freeze timeout expired.
08-04 04:43:23.389  1578  1578 W ResourcesManager: Asset path '/system/framework/android.test.runner.jar' does not exist or contains no resources.
08-04 04:43:23.552   712  1154 I ActivityManager: Start proc 1610:com.android.managedprovisioning/u0a7 for broadcast com.android.managedprovisioning/.BootReminder
08-04 04:43:24.044   712  1037 I ActivityManager: Start proc 1637:com.android.mms/u0a8 for broadcast com.android.mms/.transaction.MmsSystemEventReceiver
08-04 04:43:24.147   712   904 D CountryDetector: The first listener is added
08-04 04:43:24.310   712  1037 I ActivityManager: Start proc 1677:com.android.onetimeinitializer/u0a10 for broadcast com.android.onetimeinitializer/.OneTimeInitializerReceiver
08-04 04:43:24.531   712  1198 I ActivityManager: Start proc 1703:com.android.voicedialer/u0a15 for broadcast com.android.voicedialer/.VoiceDialerReceiver
08-04 04:43:24.749   712  1261 I ActivityManager: Start proc 1721:com.android.calendar/u0a21 for broadcast com.android.calendar/.alerts.AlertReceiver
08-04 04:43:24.954   712  1262 I ActivityManager: Start proc 1749:com.android.deskclock/u0a25 for broadcast com.android.deskclock/.AlarmInitReceiver
08-04 04:43:25.340   712   729 I ActivityManager: Start proc 1781:com.android.email/u0a28 for broadcast com.android.email/.service.EmailBroadcastReceiver
08-04 04:43:25.727   712  1154 I ActivityManager: Start proc 1803:com.android.exchange/u0a29 for service com.android.exchange/.service.EasService
08-04 04:43:25.751  1781  1816 D ActivityThread: Loading provider com.android.email.provider;com.android.email.notifier: com.android.email.provider.EmailProvider
08-04 04:43:26.001   712  1269 W ActivityManager: Unable to start service Intent { cmp=com.android.email/.service.AttachmentService } U=0: not found
08-04 04:43:26.010   712  1037 W ActivityManager: Unable to start service Intent { cmp=com.android.email/.service.AttachmentService } U=0: not found
08-04 04:43:26.075  1781  1781 E ActivityThread: Service com.android.email.service.EmailBroadcastProcessorService has leaked ServiceConnection com.android.emailcommon.service.ServiceProxy$ProxyConnection@20cac2d6 that was originally bound here
08-04 04:43:26.075  1781  1781 E ActivityThread: android.app.ServiceConnectionLeaked: Service com.android.email.service.EmailBroadcastProcessorService has leaked ServiceConnection com.android.emailcommon.service.ServiceProxy$ProxyConnection@20cac2d6 that was originally bound here
08-04 04:43:26.075  1781  1781 E ActivityThread: 	at android.app.LoadedApk$ServiceDispatcher.<init>(LoadedApk.java:1077)
08-04 04:43:26.075  1781  1781 E ActivityThread: 	at android.app.LoadedApk.getServiceDispatcher(LoadedApk.java:971)
08-04 04:43:26.075  1781  1781 E ActivityThread: 	at android.app.ContextImpl.bindServiceCommon(ContextImpl.java:1774)
08-04 04:43:26.075  1781  1781 E ActivityThread: 	at android.app.ContextImpl.bindService(ContextImpl.java:1757)
08-04 04:43:26.075  1781  1781 E ActivityThread: 	at android.content.ContextWrapper.bindService(ContextWrapper.java:539)
08-04 04:43:26.075  1781  1781 E ActivityThread: 	at com.android.emailcommon.service.ServiceProxy.setTask(ServiceProxy.java:181)
08-04 04:43:26.075  1781  1781 E ActivityThread: 	at com.android.emailcommon.service.ServiceProxy.test(ServiceProxy.java:224)
08-04 04:43:26.075  1781  1781 E ActivityThread: 	at com.android.email.service.EmailServiceUtils.isServiceAvailable(EmailServiceUtils.java:160)
08-04 04:43:26.075  1781  1781 E ActivityThread: 	at com.android.email.provider.AccountReconciler.reconcileAccountsInternal(AccountReconciler.java:171)
08-04 04:43:26.075  1781  1781 E ActivityThread: 	at com.android.email.provider.AccountReconciler.reconcileAccounts(AccountReconciler.java:115)
08-04 04:43:26.075  1781  1781 E ActivityThread: 	at com.android.email.service.EmailBroadcastProcessorService.reconcileAndStartServices(EmailBroadcastProcessorService.java:305)
08-04 04:43:26.075  1781  1781 E ActivityThread: 	at com.android.email.service.EmailBroadcastProcessorService.onBootCompleted(EmailBroadcastProcessorService.java:295)
08-04 04:43:26.075  1781  1781 E ActivityThread: 	at com.android.email.service.EmailBroadcastProcessorService.onHandleIntent(EmailBroadcastProcessorService.java:130)
08-04 04:43:26.075  1781  1781 E ActivityThread: 	at android.app.IntentService$ServiceHandler.handleMessage(IntentService.java:65)
08-04 04:43:26.075  1781  1781 E ActivityThread: 	at android.os.Handler.dispatchMessage(Handler.java:102)
08-04 04:43:26.075  1781  1781 E ActivityThread: 	at android.os.Looper.loop(Looper.java:135)
08-04 04:43:26.075  1781  1781 E ActivityThread: 	at android.os.HandlerThread.run(HandlerThread.java:61)
08-04 04:43:32.372   712   777 I ActivityManager: Waited long enough for: ServiceRecord{3826f7ef u0 com.android.music/.MediaPlaybackService}
08-04 04:43:34.464   712  1037 I BatteryStatsImpl: Resetting battery stats: level=90 status=3 dischargeLevel=90 lowAmount=0 highAmount=1
08-04 04:43:36.087   712   712 I EntropyMixer: Writing entropy...
08-04 04:43:36.214   712   712 I ValidateNoPeople: skipping global notification
08-04 04:43:36.231   712   712 I ValidateNoPeople: skipping global notification
08-04 04:43:39.966   712   777 I ActivityManager: Waited long enough for: ServiceRecord{36e4de22 u0 com.android.calendar/.alerts.InitAlarmsService}
08-04 04:43:48.181   712   712 I ValidateNoPeople: skipping global notification
08-04 04:43:48.559   712   815 D ConnectivityService: registerNetworkAgent NetworkAgentInfo{ ni{[type: WIFI[], state: CONNECTING/CONNECTING, reason: (unspecified), extra: "BUAA-WiFi", roaming: false, failover: false, isAvailable: true, isConnectedToProvisioningNetwork: false]}  network{null}  lp{{LinkAddresses: []  Routes: [] DnsAddresses: [] Domains: null MTU: 0 TcpBufferSizes: 524288,1048576,2097152,262144,524288,1048576}}  nc{[ Transports: WIFI Capabilities: INTERNET&NOT_RESTRICTED&TRUSTED&NOT_VPN LinkUpBandwidth>=1048576Kbps LinkDnBandwidth>=1048576Kbps]}  Score{20}  everValidated{false}  lastValidated{false}  created{false}  explicitlySelected{false} }
08-04 04:43:48.561   712   817 D ConnectivityService: NetworkAgentInfo [WIFI () - 100] EVENT_NETWORK_INFO_CHANGED, going from null to CONNECTING
08-04 04:43:48.681   712   817 D ConnectivityService: updateNetworkScore for NetworkAgentInfo [WIFI () - 100] to 60
08-04 04:43:49.706   712   817 D ConnectivityService: NetworkAgentInfo [WIFI () - 100] EVENT_NETWORK_INFO_CHANGED, going from CONNECTING to CONNECTED
08-04 04:43:49.711   712   817 D ConnectivityService: Adding iface wlan0 to network 100
08-04 04:43:49.756   712   817 E ConnectivityService: Unexpected mtu value: 0, wlan0
08-04 04:43:49.757   712   817 D ConnectivityService: Adding Route [fe80::/64 -> :: wlan0] to network 100
08-04 04:43:49.762   712   817 D ConnectivityService: Adding Route [10.137.0.0/16 -> 0.0.0.0 wlan0] to network 100
08-04 04:43:49.776   712   817 D ConnectivityService: Adding Route [0.0.0.0/0 -> 10.137.0.1 wlan0] to network 100
08-04 04:43:49.781   712   817 D ConnectivityService: Setting Dns servers for network 100 to [/202.112.128.51, /202.112.128.50]
08-04 04:43:49.809   712   817 D ConnectivityService: notifyType IP_CHANGED for NetworkAgentInfo [WIFI () - 100]
08-04 04:43:49.826   712   817 D ConnectivityService: notifyType PRECHECK for NetworkAgentInfo [WIFI () - 100]
08-04 04:43:49.827   712   817 D ConnectivityService: rematching NetworkAgentInfo [WIFI () - 100]
08-04 04:43:49.827   712   817 D ConnectivityService:    accepting network in place of null
08-04 04:43:49.834   712   817 D ConnectivityService: Switching to new default network: NetworkAgentInfo{ ni{[type: WIFI[], state: CONNECTED/CONNECTED, reason: (unspecified), extra: "BUAA-WiFi", roaming: false, failover: false, isAvailable: true, isConnectedToProvisioningNetwork: false]}  network{100}  lp{{InterfaceName: wlan0 LinkAddresses: [fe80::faa9:d0ff:fe55:5067/64,10.137.160.128/16,]  Routes: [fe80::/64 -> :: wlan0,10.137.0.0/16 -> 0.0.0.0 wlan0,0.0.0.0/0 -> 10.137.0.1 wlan0,] DnsAddresses: [202.112.128.51,202.112.128.50,] Domains:  MTU: 0 TcpBufferSizes: 524288,1048576,2097152,262144,524288,1048576}}  nc{[ Transports: WIFI Capabilities: INTERNET&NOT_RESTRICTED&TRUSTED&NOT_VPN LinkUpBandwidth>=1048576Kbps LinkDnBandwidth>=1048576Kbps]}  Score{20}  everValidated{false}  lastValidated{false}  created{true}  explicitlySelected{false} }
08-04 04:43:49.839   712   817 D ConnectivityService: Setting tx/rx TCP buffers to 524288,1048576,2097152,262144,524288,1048576
08-04 04:43:49.846   712   817 D ConnectivityService: notifyType AVAILABLE for NetworkAgentInfo [WIFI () - 100]
08-04 04:43:49.853   712   817 D CSLegacyTypeTracker: Sending connected broadcast for type 1 NetworkAgentInfo [WIFI () - 100] isDefaultNetwork=true
08-04 04:43:49.853   712   817 D ConnectivityService: sendStickyBroadcast: action=android.net.conn.CONNECTIVITY_CHANGE_IMMEDIATE
08-04 04:43:49.854   712   817 D ConnectivityService: sendStickyBroadcast: action=android.net.conn.CONNECTIVITY_CHANGE
04-08 13:58:45.161   712   817 D ConnectivityService: Adding Route [2001:da8:203:2224::/64 -> :: wlan0] to network 100
04-08 13:58:45.166   712   817 D ConnectivityService: Adding Route [::/0 -> fe80::620b:3ff:fe2c:3002 wlan0] to network 100
04-08 13:58:45.222   712   817 D ConnectivityService: notifyType IP_CHANGED for NetworkAgentInfo [WIFI () - 100]
04-08 13:59:10.539   712   777 I ActivityManager: Start proc 2139:com.android.musicfx/u0a9 for broadcast com.android.musicfx/.ControlPanelReceiver
04-08 13:59:21.241   712   817 D ConnectivityService: updateNetworkScore for NetworkAgentInfo [WIFI () - 100] to 56
04-08 13:59:21.241   712   817 D ConnectivityService: rematching NetworkAgentInfo [WIFI () - 100]
04-08 13:59:21.241   712   817 D ConnectivityService: Network NetworkAgentInfo [WIFI () - 100] was already satisfying request 1. No change.
04-08 13:59:21.241   712   817 D ConnectivityService: notifyType AVAILABLE for NetworkAgentInfo [WIFI () - 100]
04-08 13:59:24.280   712   817 D ConnectivityService: updateNetworkScore for NetworkAgentInfo [WIFI () - 100] to 60
04-08 13:59:24.280   712   817 D ConnectivityService: rematching NetworkAgentInfo [WIFI () - 100]
04-08 13:59:24.280   712   817 D ConnectivityService: Network NetworkAgentInfo [WIFI () - 100] was already satisfying request 1. No change.
04-08 13:59:24.280   712   817 D ConnectivityService: notifyType AVAILABLE for NetworkAgentInfo [WIFI () - 100]
04-08 14:00:01.035   712   817 D ConnectivityService: setProvNotificationVisibleIntent: E visible=false networkType=0 extraInfo=null
04-08 14:00:01.036   712   817 D ConnectivityService: Validated NetworkAgentInfo [WIFI () - 100]
04-08 14:00:01.037   712   817 D ConnectivityService: rematching NetworkAgentInfo [WIFI () - 100]
04-08 14:00:01.037   712   817 D ConnectivityService: Network NetworkAgentInfo [WIFI () - 100] was already satisfying request 1. No change.
04-08 14:00:01.037   712   817 D ConnectivityService: notifyType AVAILABLE for NetworkAgentInfo [WIFI () - 100]
04-08 14:00:01.059   712   817 D ConnectivityService: sendStickyBroadcast: action=android.net.conn.INET_CONDITION_ACTION
