08-04 04:42:56.099   192   192 D RILD    : RIL_Init argc = 3 clientId = 0
08-04 04:42:56.246   192   192 D RILD    : RIL_Init rilInit completed
08-04 04:42:56.246   192   192 I RILC    : SIM_COUNT: 1
08-04 04:42:56.246   192   192 E RILC    : RIL_register: RIL version 11
08-04 04:42:56.246   192   192 I RILC    : s_registerCalled flag set, 1
08-04 04:42:56.246   192   238 W RILC    : RIL_onUnsolicitedResponse called before RIL_register
08-04 04:42:56.246   192   192 I RILC    : Start to listen RIL_SOCKET_1
08-04 04:42:56.246   192   192 D RILD    : RIL_Init RIL_register completed
08-04 04:42:56.246   192   192 D RILD    : RIL_Init starting sleep loop
08-04 04:42:56.989   192   192 D RILD    : **RIL Daemon Started**
08-04 04:42:56.989   192   192 D RILD    : **RILd param count=1**
08-04 04:42:59.271   192   238 E RILQ    : (0/192): RIL[0][main] qcril_qmi_init_core_client_handles: qcril_qmi_presence_init returned failure(31)
08-04 04:42:59.316   192   238 E RILQ    : (0/192): RIL[0][main] qcril_qmi_nas_retrieve_custom_emergency_numbers_configured_value: Invalid value for properties count 0
08-04 04:42:59.318   192   666 E RILQ    : (0/192): RIL[0] get_ecc_property_name: ecc list name : ril.ecclist.
08-04 04:42:59.328   192   238 E RILQ    : (0/192): RIL[0][main] qcril_sms_perform_transport_layer_info_initialization: error while retrieving transport layer reg info
08-04 04:42:59.365   192   238 I RILQ    : (0/192):RIL[0][main] qcril_arb_set_data_sys_status: recvd data_sys_status nw=0x0, rat_mask=0x0, so_mask=0x0
08-04 04:42:59.365   192   238 I RILQ    : (0/192):RIL[0][main] qcril_arb_set_data_sys_status: recvd data_sys_status nw=0x1, rat_mask=0x0, so_mask=0x0
08-04 04:42:59.365   192   238 I RILQ    : (0/192):RIL[0][main] qcril_qmi_nas_update_data_rte: completed, new drte 0 with confidence 4
08-04 04:42:59.375   192   238 I RILC    : RIL_SOCKET_1 UNSOLICITED: UNSOL_RESPONSE_RADIO_STATE_CHANGED length:12
08-04 04:42:59.375   192   238 E RILC    : Send Response to RIL_SOCKET_1
08-04 04:42:59.375   192   267 I RILC    : RIL_SOCKET_1 UNSOLICITED: UNSOL_CDMA_PRL_CHANGED length:16
08-04 04:42:59.375   192   267 E RILC    : Send Response to RIL_SOCKET_1
08-04 04:42:59.375   192   267 I RILQ    : (0/192):RIL[0][event] qcril_qmi_nas_evaluate_custom_emergency_numbers_for_card: cur_status 0, card_state 0
08-04 04:42:59.375   192   267 I RILQ    : (0/192):RIL[0][event] qcril_qmi_nas_evaluate_custom_emergency_numbers_for_card: cur_status 0, card_state 0
08-04 04:42:59.505   205   205 D TelephonyManager: No /proc/cmdline exception=java.io.FileNotFoundException: /proc/cmdline: open failed: EACCES (Permission denied)
08-04 04:42:59.505   205   205 D TelephonyManager: /proc/cmdline=
08-04 04:42:59.560   192   267 E RILQ    : (0/192): RIL[0][event] qcril_uim_update_pbm_card_event: PBM_HANDLE_CARD 397313 processing Failed!
08-04 04:42:59.561   192   267 I RILC    : RIL_SOCKET_1 UNSOLICITED: UNSOL_RESPONSE_SIM_STATUS_CHANGED length:8
08-04 04:42:59.561   192   267 E RILC    : Send Response to RIL_SOCKET_1
08-04 04:42:59.561   192   267 E RILQ    : (0/192): RIL[0][event] qcril_gstk_qmi_process_qmi_indication: STK service still not ready!
08-04 04:42:59.562   192   267 I RILC    : RIL_SOCKET_1 UNSOLICITED: UNSOL_SIGNAL_STRENGTH length:60
08-04 04:42:59.562   192   267 E RILC    : Send Response to RIL_SOCKET_1
08-04 04:42:59.563   192   267 I RILC    : RIL_SOCKET_1 UNSOLICITED: UNSOL_VOICE_RADIO_TECH_CHANGED length:16
08-04 04:42:59.563   192   267 E RILC    : Send Response to RIL_SOCKET_1
08-04 04:42:59.564   192   267 I RILC    : RIL_SOCKET_1 UNSOLICITED: UNSOL_RESPONSE_VOICE_NETWORK_STATE_CHANGED length:8
08-04 04:42:59.564   192   267 E RILC    : Send Response to RIL_SOCKET_1
08-04 04:42:59.567   192   267 E RILQ    : (0/192): RIL[0][event] qcril_uim_update_pbm_card_event: PBM_HANDLE_CARD 397314 processing Failed!
08-04 04:42:59.995   192   267 I RILC    : RIL_SOCKET_1 UNSOLICITED: UNSOL_RESPONSE_SIM_STATUS_CHANGED length:8
08-04 04:42:59.995   192   267 E RILC    : Send Response to RIL_SOCKET_1
08-04 04:42:59.995   192   267 I RILQ    : (0/192):RIL[0][event] qcril_qmi_nas_evaluate_custom_emergency_numbers_for_card: cur_status 0, card_state 3
08-04 04:43:00.039   192   267 I RILQ    : (0/192):RIL[0][event] qcril_qmi_nas_evaluate_custom_emergency_numbers_for_card: imsi fetch attempt ril 0 - res 0 / err 0
08-04 04:43:00.039   192   267 I RILQ    : (0/192):RIL[0][event] qcril_qmi_nas_evaluate_custom_emergency_numbers_for_card: known imsi 460011952973996000000000000
08-04 04:43:00.052   192   267 I RILC    : RIL_SOCKET_1 UNSOLICITED: UNSOL_CDMA_PRL_CHANGED length:16
08-04 04:43:00.052   192   267 E RILC    : Send Response to RIL_SOCKET_1
08-04 04:43:11.691   712   712 D SubscriptionManager: [getPhoneId]- fail
08-04 04:43:11.692   712   712 D TelephonyManager: getTelephonyProperty: return propVal='null' phoneId=-1 property='gsm.current.phone-type' defaultVal='null' prop=
08-04 04:43:11.692   712   712 D TelephonyManager: getTelephonyProperty: return propVal='null' phoneId=-1 property='ro.telephony.default_network' defaultVal='null' prop=10
08-04 04:43:13.019   712   712 E TelephonyManager: hasMatchedTetherApnSetting NPE
08-04 04:43:13.019   712   712 E TelephonyManager: java.lang.NullPointerException: Attempt to invoke interface method 'int com.android.internal.telephony.ITelephony.getTetherApnRequired()' on a null object reference
08-04 04:43:13.019   712   712 E TelephonyManager: 	at android.telephony.TelephonyManager.getTetherApnRequired(TelephonyManager.java:3221)
08-04 04:43:13.019   712   712 E TelephonyManager: 	at com.android.server.connectivity.Tethering.checkDunRequired(Tethering.java:643)
08-04 04:43:13.019   712   712 E TelephonyManager: 	at com.android.server.connectivity.Tethering.updateConfiguration(Tethering.java:213)
08-04 04:43:13.019   712   712 E TelephonyManager: 	at com.android.server.connectivity.Tethering.<init>(Tethering.java:176)
08-04 04:43:13.019   712   712 E TelephonyManager: 	at com.android.server.ConnectivityService.<init>(ConnectivityService.java:715)
08-04 04:43:13.019   712   712 E TelephonyManager: 	at com.android.server.SystemServer.startOtherServices(SystemServer.java:686)
08-04 04:43:13.019   712   712 E TelephonyManager: 	at com.android.server.SystemServer.run(SystemServer.java:256)
08-04 04:43:13.019   712   712 E TelephonyManager: 	at com.android.server.SystemServer.main(SystemServer.java:170)
08-04 04:43:13.019   712   712 E TelephonyManager: 	at java.lang.reflect.Method.invoke(Native Method)
08-04 04:43:13.019   712   712 E TelephonyManager: 	at java.lang.reflect.Method.invoke(Method.java:372)
08-04 04:43:13.019   712   712 E TelephonyManager: 	at com.android.internal.os.ZygoteInit$MethodAndArgsCaller.run(ZygoteInit.java:903)
08-04 04:43:13.019   712   712 E TelephonyManager: 	at com.android.internal.os.ZygoteInit.main(ZygoteInit.java:698)
08-04 04:43:14.386   712   904 D TelephonyRegistry: listen oscl: hasNotifySubscriptionInfoChangedOccurred==false no callback
08-04 04:43:15.009   712   712 D TelephonyRegistry: listen oscl: hasNotifySubscriptionInfoChangedOccurred==false no callback
08-04 04:43:15.127   712   712 D TelephonyRegistry: systemRunning register for intents
08-04 04:43:15.429   712   781 E TelephonyManager: hasMatchedTetherApnSetting NPE
08-04 04:43:15.429   712   781 E TelephonyManager: java.lang.NullPointerException: Attempt to invoke interface method 'int com.android.internal.telephony.ITelephony.getTetherApnRequired()' on a null object reference
08-04 04:43:15.429   712   781 E TelephonyManager: 	at android.telephony.TelephonyManager.getTetherApnRequired(TelephonyManager.java:3221)
08-04 04:43:15.429   712   781 E TelephonyManager: 	at com.android.server.connectivity.Tethering.checkDunRequired(Tethering.java:643)
08-04 04:43:15.429   712   781 E TelephonyManager: 	at com.android.server.connectivity.Tethering.updateConfiguration(Tethering.java:213)
08-04 04:43:15.429   712   781 E TelephonyManager: 	at com.android.server.connectivity.Tethering.getUpstreamIfaceTypes(Tethering.java:629)
08-04 04:43:15.429   712   781 E TelephonyManager: 	at com.android.server.ConnectivityService.isTetheringSupported(ConnectivityService.java:2613)
08-04 04:43:15.429   712   781 E TelephonyManager: 	at android.net.ConnectivityManager.isTetheringSupported(ConnectivityManager.java:1566)
08-04 04:43:15.429   712   781 E TelephonyManager: 	at com.android.server.connectivity.Tethering.sendTetherStateChangedBroadcast(Tethering.java:381)
08-04 04:43:15.429   712   781 E TelephonyManager: 	at com.android.server.connectivity.Tethering.access$900(Tethering.java:79)
08-04 04:43:15.429   712   781 E TelephonyManager: 	at com.android.server.connectivity.Tethering$TetherInterfaceSM$InitialState.enter(Tethering.java:870)
08-04 04:43:15.429   712   781 E TelephonyManager: 	at com.android.internal.util.StateMachine$SmHandler.invokeEnterMethods(StateMachine.java:1008)
08-04 04:43:15.429   712   781 E TelephonyManager: 	at com.android.internal.util.StateMachine$SmHandler.handleMessage(StateMachine.java:795)
08-04 04:43:15.429   712   781 E TelephonyManager: 	at android.os.Handler.dispatchMessage(Handler.java:102)
08-04 04:43:15.429   712   781 E TelephonyManager: 	at android.os.Looper.loop(Looper.java:135)
08-04 04:43:15.429   712   781 E TelephonyManager: 	at android.os.HandlerThread.run(HandlerThread.java:61)
08-04 04:43:15.429   712   781 E TelephonyManager: 	at com.android.server.ServiceThread.run(ServiceThread.java:46)
08-04 04:43:15.490   712   712 E TelephonyManager: hasMatchedTetherApnSetting NPE
08-04 04:43:15.490   712   712 E TelephonyManager: java.lang.NullPointerException: Attempt to invoke interface method 'int com.android.internal.telephony.ITelephony.getTetherApnRequired()' on a null object reference
08-04 04:43:15.490   712   712 E TelephonyManager: 	at android.telephony.TelephonyManager.getTetherApnRequired(TelephonyManager.java:3221)
08-04 04:43:15.490   712   712 E TelephonyManager: 	at com.android.server.connectivity.Tethering.checkDunRequired(Tethering.java:643)
08-04 04:43:15.490   712   712 E TelephonyManager: 	at com.android.server.connectivity.Tethering.updateConfiguration(Tethering.java:213)
08-04 04:43:15.490   712   712 E TelephonyManager: 	at com.android.server.connectivity.Tethering$StateReceiver.onReceive(Tethering.java:526)
08-04 04:43:15.490   712   712 E TelephonyManager: 	at android.app.LoadedApk$ReceiverDispatcher$Args.run(LoadedApk.java:866)
08-04 04:43:15.490   712   712 E TelephonyManager: 	at android.os.Handler.handleCallback(Handler.java:739)
08-04 04:43:15.490   712   712 E TelephonyManager: 	at android.os.Handler.dispatchMessage(Handler.java:95)
08-04 04:43:15.490   712   712 E TelephonyManager: 	at android.os.Looper.loop(Looper.java:135)
08-04 04:43:15.490   712   712 E TelephonyManager: 	at com.android.server.SystemServer.run(SystemServer.java:269)
08-04 04:43:15.490   712   712 E TelephonyManager: 	at com.android.server.SystemServer.main(SystemServer.java:170)
08-04 04:43:15.490   712   712 E TelephonyManager: 	at java.lang.reflect.Method.invoke(Native Method)
08-04 04:43:15.490   712   712 E TelephonyManager: 	at java.lang.reflect.Method.invoke(Method.java:372)
08-04 04:43:15.490   712   712 E TelephonyManager: 	at com.android.internal.os.ZygoteInit$MethodAndArgsCaller.run(ZygoteInit.java:903)
08-04 04:43:15.490   712   712 E TelephonyManager: 	at com.android.internal.os.ZygoteInit.main(ZygoteInit.java:698)
08-04 04:43:16.086  1120  1120 D TDC     : updateOrInsert: inserting: Modem { uuid=modem, state=0, rilModel=0, rat={}, maxActiveVoiceCall=1, maxActiveDataCall=1, maxStandby=1 }
08-04 04:43:16.087  1120  1120 D TDC     : updateOrInsert: inserting: Sim { uuid=sim, modemUuid=modem, state=0 }
08-04 04:43:16.100  1120  1120 D CdmaSSM : subscriptionSource from settings: 1
08-04 04:43:16.100  1120  1120 I PhoneFactory: Cdma Subscription set to 1
08-04 04:43:16.108  1120  1120 I PhoneFactory: Network Mode set to 10
08-04 04:43:16.109  1120  1120 D RILJ    : RIL(context, preferredNetworkType=10 cdmaSubscription=1)
08-04 04:43:16.135  1120  1120 D RILJ    : Starting RILReceiver0 [SUB0]
08-04 04:43:16.136  1120  1120 D RILJ    : [3648]> GET_HARDWARE_CONFIG [SUB0]
08-04 04:43:16.137  1120  1120 D RilRequest: [3648]< GET_HARDWARE_CONFIG error: com.android.internal.telephony.CommandException: RADIO_NOT_AVAILABLE ret=
08-04 04:43:16.137  1120  1120 I PhoneFactory: Creating SubscriptionController
08-04 04:43:16.140  1120  1120 D SubscriptionController: [SubscriptionController] init by Context
08-04 04:43:16.143   192   238 I RILC    : libril: new connection to RIL_SOCKET_1
08-04 04:43:16.143   192   238 I RILC    : RIL_SOCKET_1 UNSOLICITED: UNSOL_RIL_CONNECTED length:16
08-04 04:43:16.143   192   238 E RILC    : Send Response to RIL_SOCKET_1
08-04 04:43:16.143   192   238 I RILC    : RIL_SOCKET_1 UNSOLICITED: UNSOL_RESPONSE_RADIO_STATE_CHANGED length:12
08-04 04:43:16.143   192   238 E RILC    : Send Response to RIL_SOCKET_1
08-04 04:43:16.143   192   238 I RILC    : RIL Daemon version: Qualcomm RIL 1.0
08-04 04:43:16.147  1120  1287 I RILJ    : (0) Connected to 'rild' socket
08-04 04:43:16.149  1120  1287 D RILJ    : [UNSL]< UNSOL_RIL_CONNECTED {11} [SUB0]
08-04 04:43:16.151  1120  1287 D RILJ    : [3649]> RIL_REQUEST_GET_RADIO_CAPABILITY [SUB0]
08-04 04:43:16.153  1120  1120 D UiccController: Creating UiccController
08-04 04:43:16.155   192   238 D RILC    : RequestComplete, RIL_SOCKET_1
08-04 04:43:16.155   192   238 E RILC    : Send Response to RIL_SOCKET_1
08-04 04:43:16.158  1120  1287 D RILJ    : [3650]> RADIO_POWER off [SUB0]
08-04 04:43:16.161  1120  1287 D RILJ    : [3651]> REQUEST_SET_PREFERRED_NETWORK_TYPE : 10 [SUB0]
08-04 04:43:16.168  1120  1287 D RILJ    : [3652]> RIL_REQUEST_CDMA_SET_SUBSCRIPTION_SOURCE : 1 [SUB0]
08-04 04:43:16.170  1120  1287 D RILJ    : setCellInfoListRate: 2147483647 [SUB0]
08-04 04:43:16.171  1120  1287 D RILJ    : [3653]> RIL_REQUEST_SET_CELL_INFO_LIST_RATE [SUB0]
08-04 04:43:16.172   192   238 D RILC    : RequestComplete, RIL_SOCKET_1
08-04 04:43:16.172   192   238 E RILC    : Send Response to RIL_SOCKET_1
08-04 04:43:16.173  1120  1287 D RILJ    : [UNSL]< UNSOL_RESPONSE_RADIO_STATE_CHANGED RADIO_OFF [SUB0]
08-04 04:43:16.174   192  1291 D RILC    : RequestComplete, RIL_SOCKET_1
08-04 04:43:16.174   192  1291 E RILC    : Send Response to RIL_SOCKET_1
08-04 04:43:16.174  1120  1287 D RILJ    : [3654]> SCREEN_STATE: true [SUB0]
08-04 04:43:16.176   192   238 D RILC    : RequestComplete, RIL_SOCKET_1
08-04 04:43:16.177   192   238 E RILC    : Send Response to RIL_SOCKET_1
08-04 04:43:16.178   192  1292 D RILC    : RequestComplete, RIL_SOCKET_1
08-04 04:43:16.178   192  1292 E RILC    : Send Response to RIL_SOCKET_1
08-04 04:43:16.178  1120  1287 D RilRequest: [3649]< RIL_REQUEST_GET_RADIO_CAPABILITY error: com.android.internal.telephony.CommandException: GENERIC_FAILURE ret=
08-04 04:43:16.179  1120  1287 D RILJ    : [3653]< RIL_REQUEST_SET_CELL_INFO_LIST_RATE  [SUB0]
08-04 04:43:16.179  1120  1287 D RilRequest: [3651]< REQUEST_SET_PREFERRED_NETWORK_TYPE error: com.android.internal.telephony.CommandException: GENERIC_FAILURE ret=
08-04 04:43:16.180  1120  1287 D RILJ    : [3654]< SCREEN_STATE  [SUB0]
08-04 04:43:16.180  1120  1287 D RilRequest: [3652]< RIL_REQUEST_CDMA_SET_SUBSCRIPTION_SOURCE error: com.android.internal.telephony.CommandException: GENERIC_FAILURE ret=
08-04 04:43:16.184  1120  1120 D TelephonyTester: register for intent action=com.android.internal.telephony.gsm.action_detached
08-04 04:43:16.184  1120  1120 D TelephonyTester: register for intent action=com.android.internal.telephony.gsm.action_attached
08-04 04:43:16.206  1120  1120 D PhoneBase: mDoesRilSendMultipleCallRing=false
08-04 04:43:16.206  1120  1120 D PhoneBase: mCallRingDelay=3000
08-04 04:43:16.206   192   666 I RILQ    : (0/192):RIL[0][qmi_cb] qcril_qmi_nas_dms_op_state_update_handler: reported op mode LPM
08-04 04:43:16.207   192   666 I RILQ    : (0/192):RIL[0][qmi_cb] qcril_qmi_nas_dms_op_state_update_handler: expected op mode LPM
08-04 04:43:16.207   192   666 I RILQ    : (0/192):RIL[0][qmi_cb] qcril_qmi_nas_reset_data_snapshot_cache_and_timer: Resetting snapshot timer
08-04 04:43:16.207   192   666 I RILQ    : (0/192):RIL[0][qmi_cb] qcril_qmi_nas_update_data_rte: completed, new drte 0 with confidence 4
08-04 04:43:16.207   192   666 I RILC    : RIL_SOCKET_1 UNSOLICITED: UNSOL_RESPONSE_VOICE_NETWORK_STATE_CHANGED length:8
08-04 04:43:16.207   192   666 E RILC    : Send Response to RIL_SOCKET_1
08-04 04:43:16.207   192  1290 D RILC    : RequestComplete, RIL_SOCKET_1
08-04 04:43:16.207   192  1290 E RILC    : Send Response to RIL_SOCKET_1
08-04 04:43:16.207  1120  1287 D RILJ    : [UNSL]< UNSOL_RESPONSE_VOICE_NETWORK_STATE_CHANGED [SUB0]
08-04 04:43:16.207   192  1290 I RILC    : RIL_SOCKET_1 UNSOLICITED: UNSOL_RESPONSE_RADIO_STATE_CHANGED length:12
08-04 04:43:16.208   192  1290 E RILC    : Send Response to RIL_SOCKET_1
08-04 04:43:16.208  1120  1287 D RILJ    : [3650]< RADIO_POWER  [SUB0]
08-04 04:43:16.209  1120  1287 D RILJ    : [UNSL]< UNSOL_RESPONSE_RADIO_STATE_CHANGED RADIO_OFF [SUB0]
08-04 04:43:16.218  1120  1120 D RILJ    : setPhoneType=1 old value=0 [SUB0]
08-04 04:43:16.230   712  1262 D TelephonyRegistry: listen oscl: hasNotifySubscriptionInfoChangedOccurred==false no callback
08-04 04:43:16.231  1120  1120 D TelephonyManager: setTelephonyProperty: success phoneId=0 property=gsm.network.type value: Unknown propVal=Unknown
08-04 04:43:16.243  1120  1120 D DCT     : [0]DCT.constructor
08-04 04:43:16.244  1120  1120 D SubscriptionController: [getSubId]- mSlotIdToSubIdMap.size == 0, return DummySubIds slotIdx=0
08-04 04:43:16.244  1120  1120 D SubscriptionController: getDummySubIds: slotIdx=0 return 1 DummySubIds with each subId=-2
08-04 04:43:16.245  1120  1120 D DCT     : [0]getDataEnabled: getIntWithSubId retVal=true
08-04 04:43:16.250   712  1262 D TelephonyRegistry: listen oscl: hasNotifySubscriptionInfoChangedOccurred==false no callback
08-04 04:43:16.253  1120  1120 D Dcc     : E ctor
08-04 04:43:16.253  1120  1120 D Dcc     : X ctor
08-04 04:43:16.256  1120  1120 D DcTesterFailBrinupAll: register for intent action=com.android.internal.telephony.dataconnection.action_fail_bringup
08-04 04:43:16.257  1120  1120 D DcTesterFailBrinupAll: register for intent action=com.android.internal.telephony.gsm.action_detached
08-04 04:43:16.257  1120  1120 D DcTesterFailBrinupAll: register for intent action=com.android.internal.telephony.gsm.action_attached
08-04 04:43:16.259  1120  1120 D DCT     : [0]GsmDCT.constructor
08-04 04:43:16.259  1120  1120 D SubscriptionController: [getSubId]- mSlotIdToSubIdMap.size == 0, return DummySubIds slotIdx=0
08-04 04:43:16.259  1120  1120 D SubscriptionController: getDummySubIds: slotIdx=0 return 1 DummySubIds with each subId=-2
08-04 04:43:16.259  1120  1120 D DCT     : [0]update sub = -2
08-04 04:43:16.259  1120  1294 D DcTesterDeacativeAll: register for intent action=com.android.internal.telephony.dataconnection.action_deactivate_all
08-04 04:43:16.259  1120  1120 D DCT     : [0]update(): Active DDS, register for all events now!
08-04 04:43:16.259  1120  1294 D DcTesterDeacativeAll: register for intent action=com.android.internal.telephony.gsm.action_detached
08-04 04:43:16.260  1120  1120 D GsmSST  : [GsmSST] notifyDataRegStateRilRadioTechnologyChanged: drs=1 rat=0
08-04 04:43:16.260  1120  1120 D TelephonyManager: setTelephonyProperty: success phoneId=0 property=gsm.network.type value: Unknown propVal=Unknown
08-04 04:43:16.262  1120  1294 D Dcc     : DccDefaultState: msg.what=EVENT_RIL_CONNECTED mRilVersion=11
08-04 04:43:16.262  1120  1120 D DCT     : [0]getDataEnabled: getIntWithSubId retVal=true
08-04 04:43:16.266  1120  1120 D SubscriptionController: [getSubId]- mSlotIdToSubIdMap.size == 0, return DummySubIds slotIdx=0
08-04 04:43:16.267  1120  1120 D SubscriptionController: getDummySubIds: slotIdx=0 return 1 DummySubIds with each subId=-2
08-04 04:43:16.267  1120  1120 D GSMPhone: [GSMPhone] updateCurrentCarrierInProvider: mSubId = -2 currentDds = 1 operatorNumeric = null
08-04 04:43:16.274  1120  1120 D DCT     : [0]initApnContexts: E
08-04 04:43:16.274  1120  1120 D DCT     : [0]initApnContexts: skipping unknown type=1
08-04 04:43:16.275  1120  1120 D DCT     : [0]initApnContexts: apnContext={mApnType=default mState=IDLE mWaitingApns={null} mWaitingApnsPermanentFailureCountDown=0 mApnSetting={null} mReason=dataEnabled mDataEnabled=false mDependencyMet=true}
08-04 04:43:16.276  1120  1120 D DCT     : [0]initApnContexts: apnContext={mApnType=mms mState=IDLE mWaitingApns={null} mWaitingApnsPermanentFailureCountDown=0 mApnSetting={null} mReason=dataEnabled mDataEnabled=false mDependencyMet=true}
08-04 04:43:16.277  1120  1120 D DCT     : [0]initApnContexts: apnContext={mApnType=supl mState=IDLE mWaitingApns={null} mWaitingApnsPermanentFailureCountDown=0 mApnSetting={null} mReason=dataEnabled mDataEnabled=false mDependencyMet=true}
08-04 04:43:16.277  1120  1120 D DCT     : [0]initApnContexts: apnContext={mApnType=dun mState=IDLE mWaitingApns={null} mWaitingApnsPermanentFailureCountDown=0 mApnSetting={null} mReason=dataEnabled mDataEnabled=false mDependencyMet=true}
08-04 04:43:16.278  1120  1120 D DCT     : [0]initApnContexts: apnContext={mApnType=hipri mState=IDLE mWaitingApns={null} mWaitingApnsPermanentFailureCountDown=0 mApnSetting={null} mReason=dataEnabled mDataEnabled=false mDependencyMet=true}
08-04 04:43:16.279  1120  1120 D DCT     : [0]initApnContexts: apnContext={mApnType=fota mState=IDLE mWaitingApns={null} mWaitingApnsPermanentFailureCountDown=0 mApnSetting={null} mReason=dataEnabled mDataEnabled=false mDependencyMet=true}
08-04 04:43:16.280  1120  1120 D DCT     : [0]initApnContexts: apnContext={mApnType=ims mState=IDLE mWaitingApns={null} mWaitingApnsPermanentFailureCountDown=0 mApnSetting={null} mReason=dataEnabled mDataEnabled=false mDependencyMet=true}
08-04 04:43:16.280  1120  1120 D DCT     : [0]initApnContexts: apnContext={mApnType=cbs mState=IDLE mWaitingApns={null} mWaitingApnsPermanentFailureCountDown=0 mApnSetting={null} mReason=dataEnabled mDataEnabled=false mDependencyMet=true}
08-04 04:43:16.281  1120  1120 D DCT     : [0]initApnContexts: apnContext={mApnType=ia mState=IDLE mWaitingApns={null} mWaitingApnsPermanentFailureCountDown=0 mApnSetting={null} mReason=dataEnabled mDataEnabled=false mDependencyMet=true}
08-04 04:43:16.281  1120  1120 D DCT     : [0]initApnContexts: skipping unknown type=7
08-04 04:43:16.282  1120  1120 D DCT     : [0]initApnContexts: skipping unknown type=9
08-04 04:43:16.285  1120  1120 D DCT     : [0]initApnContexts: X mApnContexts={default={mApnType=default mState=IDLE mWaitingApns={null} mWaitingApnsPermanentFailureCountDown=0 mApnSetting={null} mReason=dataEnabled mDataEnabled=false mDependencyMet=true}, mms={mApnType=mms mState=IDLE mWaitingApns={null} mWaitingApnsPermanentFailureCountDown=0 mApnSetting={null} mReason=dataEnabled mDataEnabled=false mDependencyMet=true}, cbs={mApnType=cbs mState=IDLE mWaitingApns={null} mWaitingApnsPermanentFailureCountDown=0 mApnSetting={null} mReason=dataEnabled mDataEnabled=false mDependencyMet=true}, fota={mApnType=fota mState=IDLE mWaitingApns={null} mWaitingApnsPermanentFailureCountDown=0 mApnSetting={null} mReason=dataEnabled mDataEnabled=false mDependencyMet=true}, supl={mApnType=supl mState=IDLE mWaitingApns={null} mWaitingApnsPermanentFailureCountDown=0 mApnSetting={null} mReason=dataEnabled mDataEnabled=false mDependencyMet=true}, ia={mApnType=ia mState=IDLE mWaitingApns={null} mWaitingApnsPermanentFailureCountDown=0 mApnSetting={null} mReason=dataEnabled mDataEnabled=false mDependencyMet=true}, dun={mApnType=dun mState=IDLE mWaitingApns={null} mWaitingApnsPermanentFailureCountDown=0 mApnSetting={null} mReason=dataEnabled mDataEnabled=false mDependencyMet=true}, hipri={mApnType=hipri mState=IDLE mWaitingApns={null} mWaitingApnsPermanentFailureCountDown=0 mApnSetting={null} mReason=dataEnabled mDataEnabled=false mDependencyMet=true}, ims={mApnType=ims mState=IDLE mWaitingApns={null} mWaitingApnsPermanentFailureCountDown=0 mApnSetting={null} mReason=dataEnabled mDataEnabled=false mDependencyMet=true}}
08-04 04:43:16.334  1120  1120 D TelephonyManager: setTelephonyProperty: success phoneId=0 property=gsm.current.phone-type value: 1 propVal=1
08-04 04:43:16.342  1120  1120 D GSMPhone: [GSMPhone] GSMPhone: constructor: sub = 0
08-04 04:43:16.343  1120  1120 D TelephonyManager: setTelephonyProperty: success phoneId=0 property=gsm.current.phone-type value: 1 propVal=1
08-04 04:43:16.346  1120  1120 I PhoneFactory: Creating Phone with type = 1 sub = 0
08-04 04:43:16.356  1120  1120 D TelephonyManager: getTelephonyProperty: return propVal='null' phoneId=0 property='telephony.sms.send' defaultVal='true' prop=
08-04 04:43:16.356  1120  1120 E RIL_ImsSms: getFormat should never be called from here!
08-04 04:43:16.356  1120  1120 D SMSDispatcher: SMSDispatcher: ctor mSmsCapable=true format=unknown mSmsSendDisabled=false
08-04 04:43:16.356  1120  1120 D RIL_ImsSms: ImsSMSDispatcher created
08-04 04:43:16.358  1120  1120 D TelephonyManager: getTelephonyProperty: return propVal='null' phoneId=0 property='telephony.sms.send' defaultVal='true' prop=
08-04 04:43:16.358  1120  1120 D SMSDispatcher: SMSDispatcher: ctor mSmsCapable=true format=3gpp2 mSmsSendDisabled=false
08-04 04:43:16.358  1120  1120 D CdmaSMSDispatcher: CdmaSMSDispatcher created
08-04 04:43:16.454  1120  1120 V WAP PUSH: bindService() for wappush manager succeeded
08-04 04:43:16.454  1120  1120 D TelephonyManager: getTelephonyProperty: return propVal='null' phoneId=0 property='telephony.sms.receive' defaultVal='true' prop=
08-04 04:43:16.457  1120  1120 D GsmInboundSmsHandler: created InboundSmsHandler
08-04 04:43:16.491  1120  1120 V WAP PUSH: bindService() for wappush manager succeeded
08-04 04:43:16.492  1120  1120 D TelephonyManager: getTelephonyProperty: return propVal='null' phoneId=0 property='telephony.sms.receive' defaultVal='true' prop=
08-04 04:43:16.495  1120  1120 D CdmaInboundSmsHandler: created InboundSmsHandler
08-04 04:43:16.513  1120  1177 D SubscriptionController: [getActiveSubIdList] simInfoSet=[]
08-04 04:43:16.515  1120  1177 D SubscriptionController: [getActiveSubIdList] X subIdArr.length=0
08-04 04:43:16.541  1120  1120 D TelephonyManager: getTelephonyProperty: return propVal='null' phoneId=0 property='telephony.sms.send' defaultVal='true' prop=
08-04 04:43:16.541  1120  1120 D SMSDispatcher: SMSDispatcher: ctor mSmsCapable=true format=3gpp mSmsSendDisabled=false
08-04 04:43:16.542  1120  1120 D GsmSMSDispatcher: GsmSMSDispatcher created
08-04 04:43:16.547  1120  1120 D IccCardProxy: ctor: ci=com.android.internal.telephony.RIL@ec9fb6a phoneId=0
08-04 04:43:16.547  1120  1120 D CdmaSSM : subscriptionSource from settings: 1
08-04 04:43:16.547  1120  1120 D CdmaSSM : cdmaSSM constructor: 1
08-04 04:43:16.548  1120  1120 D IccCardProxy: update icc_operator_numeric=
08-04 04:43:16.549  1120  1120 D TelephonyManager: setTelephonyProperty: success phoneId=0 property=gsm.sim.operator.numeric value:  propVal=
08-04 04:43:16.550  1120  1120 D TelephonyManager: setTelephonyProperty: success phoneId=0 property=gsm.sim.operator.iso-country value:  propVal=
08-04 04:43:16.552  1120  1120 D TelephonyManager: setTelephonyProperty: success phoneId=0 property=gsm.sim.operator.alpha value:  propVal=
08-04 04:43:16.554  1120  1120 E IccCardProxy: setExternalState: set mPhoneId=0 mExternalState=NOT_READY
08-04 04:43:16.554  1120  1120 D TelephonyManager: setTelephonyProperty: success phoneId=0 property=gsm.sim.state value: NOT_READY propVal=NOT_READY
08-04 04:43:16.556  1120  1120 D SubscriptionController: [getSubId]- mSlotIdToSubIdMap.size == 0, return DummySubIds slotIdx=0
08-04 04:43:16.556  1120  1120 D SubscriptionController: getDummySubIds: slotIdx=0 return 1 DummySubIds with each subId=-2
08-04 04:43:16.556  1120  1120 D IccCardProxy: broadcastIccStateChangedIntent intent ACTION_SIM_STATE_CHANGED value=NOT_READY reason=null for mPhoneId=0
08-04 04:43:16.559  1120  1120 D IccCardProxy: Setting radio tech UMTS
08-04 04:43:16.559  1120  1120 D TelephonyManager: getLteOnCdmaMode=1 curVal=1 product_type='' lteOnCdmaProductType=''
08-04 04:43:16.559  1120  1120 D IccCardProxy: updateQuietMode: 3GPP subscription -> newQuietMode=false
08-04 04:43:16.559  1120  1120 D IccCardProxy: updateQuietMode: no changes don't setExternalState
08-04 04:43:16.559  1120  1334 D SmsBroadcastUndelivered: scanning raw table for undelivered messages
08-04 04:43:16.560  1120  1120 D IccCardProxy: updateQuietMode: QuietMode is false (app_type=1 isLteOnCdmaMode=true cdmaSource=-1)
08-04 04:43:16.560  1120  1120 D ProxyController: Constructor - Enter
08-04 04:43:16.560  1120  1120 D DctController: makeDctController: new DctController phones.length=1
08-04 04:43:16.561  1120  1120 D DctController: DctController(): phones.length=1
08-04 04:43:16.574  1120  1120 D DcSwitchSM: [DcSwitchStateMachine-0] DcSwitchState constructor E
08-04 04:43:16.574  1120  1120 D DcSwitchSM: [DcSwitchStateMachine-0] DcSwitchState constructor X
08-04 04:43:16.575  1120  1335 D DcSwitchSM: [DcSwitchStateMachine-0] IdleState: enter
08-04 04:43:16.594  1120  1334 D SubscriptionManager: [getPhoneId]- fail
08-04 04:43:16.594  1120  1120 D DctController: DctController(phones): Connect success: 0
08-04 04:43:16.594  1120  1120 D DctController: updatePhoneBaseForIndex for phone index=0
08-04 04:43:16.594  1120  1334 D TelephonyManager: getTelephonyProperty: return propVal='null' phoneId=-1 property='gsm.current.phone-type' defaultVal='null' prop=1
08-04 04:43:16.595  1120  1120 D DctController: unregister TelephonyNetworkFactory for phone index=0
08-04 04:43:16.595  1120  1334 D TelephonyManager: getTelephonyProperty: return propVal='null' phoneId=-1 property='ro.telephony.default_network' defaultVal='null' prop=10
08-04 04:43:16.603  1120  1120 D SubscriptionController: [getSubId]- mSlotIdToSubIdMap.size == 0, return DummySubIds slotIdx=0
08-04 04:43:16.603  1120  1120 D SubscriptionController: getDummySubIds: slotIdx=0 return 1 DummySubIds with each subId=-2
08-04 04:43:16.603  1120  1120 D DctController: [TNF -2]NetworkCapabilities: [ Transports: CELLULAR Capabilities: MMS&SUPL&DUN&FOTA&IMS&CBS&IA&RCS&XCAP&EIMS&INTERNET&NOT_RESTRICTED&TRUSTED&NOT_VPN]
08-04 04:43:16.605   712  1199 D TelephonyRegistry: listen oscl: hasNotifySubscriptionInfoChangedOccurred==false no callback
08-04 04:43:16.612  1120  1334 D SmsBroadcastUndelivered: finished scanning raw table in 52 ms
08-04 04:43:16.612  1120  1120 D DctController: makeDctController: X sDctController=Handler (com.android.internal.telephony.dataconnection.DctController) {2a6eda09}
08-04 04:43:16.612  1120  1304 D GsmInboundSmsHandler: StartupState.processMessage:6
08-04 04:43:16.612  1120  1304 D GsmInboundSmsHandler: entering Idle state
08-04 04:43:16.612  1120  1325 D CdmaInboundSmsHandler: StartupState.processMessage:6
08-04 04:43:16.613  1120  1325 D CdmaInboundSmsHandler: entering Idle state
08-04 04:43:16.620  1120  1120 D ProxyController: clearTransaction
08-04 04:43:16.620  1120  1120 D ProxyController: clearTransaction: phoneId=0 status=IDLE
08-04 04:43:16.620  1120  1120 D ProxyController: Constructor - Exit
08-04 04:43:16.663  1120  1120 I PhoneFactory: defaultSmsApplication: com.android.mms
08-04 04:43:16.669  1120  1120 I PhoneFactory: Creating SubInfoRecordUpdater 
08-04 04:43:16.669  1120  1120 D SubscriptionInfoUpdater: Constructor invoked
08-04 04:43:16.679  1120  1120 D CallManager: registerPhone(GSM Handler (com.android.internal.telephony.PhoneProxy) {5e7ec3c})
08-04 04:43:16.754   712  1037 D TelephonyRegistry: listen oscl: hasNotifySubscriptionInfoChangedOccurred==false no callback
08-04 04:43:16.781  1120  1120 D RILJ    : [3655]> RIL_REQUEST_SET_TTY_MODE : 0 [SUB0]
08-04 04:43:16.787   192  1342 D RILC    : RequestComplete, RIL_SOCKET_1
08-04 04:43:16.787   192  1342 E RILC    : Send Response to RIL_SOCKET_1
08-04 04:43:16.787  1120  1287 D RILJ    : [3655]< RIL_REQUEST_SET_TTY_MODE  [SUB0]
08-04 04:43:16.789   712  1269 D TelephonyRegistry: listen oscl: hasNotifySubscriptionInfoChangedOccurred==false no callback
08-04 04:43:16.791  1120  1120 D SubscriptionController: [getPhoneId] asked for default subId=-1
08-04 04:43:16.793  1120  1120 D SubscriptionController: [getPhoneId]- invalid subId return=-1
08-04 04:43:16.796  1120  1120 D UiccController: EVENT_RADIO_UNAVAILABLE, dispose card
08-04 04:43:16.797  1120  1120 D RILJ    : Get supported radio access family fail [SUB0]
08-04 04:43:16.797  1120  1120 D GsmSST  : [GsmSST] mDeviceShuttingDown = false
08-04 04:43:16.798  1120  1120 D GsmSST  : [GsmSST] mDesiredPowerState = true
08-04 04:43:16.798  1120  1120 D GsmSST  : [GsmSST] getRadioState = RADIO_OFF
08-04 04:43:16.798  1120  1120 D GsmSST  : [GsmSST] mPowerOffDelayNeed = true
08-04 04:43:16.798  1120  1120 D GsmSST  : [GsmSST] mAlarmSwitch = false
08-04 04:43:16.798  1120  1120 D RILJ    : [3656]> RADIO_POWER on [SUB0]
08-04 04:43:16.800  1120  1120 D PHONE   : [ServiceState] setNullState=3
08-04 04:43:16.802  1120  1120 D GsmSST  : [GsmSST] Poll ServiceState done:  oldSS=[1 1 voice home data home null null null null null null  Unknown Unknown CSS not supported 0 0 RoamInd=0 DefRoamInd=0 EmergOnly=false] newSS=[3 3 voice home data home null null null null null null  Unknown Unknown CSS not supported -1 -1 RoamInd=-1 DefRoamInd=-1 EmergOnly=false] oldMaxDataCalls=1 mNewMaxDataCalls=1 oldReasonDataDenied=-1 mNewReasonDataDenied=-1
08-04 04:43:16.802  1120  1120 D PHONE   : [ServiceState] setNullState=1
08-04 04:43:16.803  1120  1120 D GsmSST  : [GsmSST] updateSpnDisplay: radio is off w/ showPlmn=true plmn=No service.
08-04 04:43:16.804  1120  1120 D GsmSST  : [GsmSST] updateSpnDisplay: changed sending intent rule=0 showPlmn='true' plmn='No service.' showSpn='false' spn='null'
08-04 04:43:16.804  1120  1120 D SubscriptionController: [getSubId]- mSlotIdToSubIdMap.size == 0, return DummySubIds slotIdx=0
08-04 04:43:16.805  1120  1120 D SubscriptionController: getDummySubIds: slotIdx=0 return 1 DummySubIds with each subId=-2
08-04 04:43:16.807  1120  1120 D SubscriptionController: [getSubId]- mSlotIdToSubIdMap.size == 0, return DummySubIds slotIdx=0
08-04 04:43:16.807  1120  1120 D SubscriptionController: getDummySubIds: slotIdx=0 return 1 DummySubIds with each subId=-2
08-04 04:43:16.808  1120  1177 D SubscriptionController: [getActiveSubInfoList]+
08-04 04:43:16.809  1120  1120 D SubscriptionController: [setPlmnSpn] No valid subscription to store info
08-04 04:43:16.810  1120  1120 D SubscriptionController: notifySubscriptionInfoChanged:
08-04 04:43:16.810  1120  1177 D SubscriptionController: [getActiveSubInfoList] Sub Controller not ready
08-04 04:43:16.811   712   904 D TelephonyRegistry: notifySubscriptionInfoChanged: first invocation mRecords.size=13
08-04 04:43:16.812   192   666 I RILQ    : (0/192):RIL[0][qmi_cb] qcril_qmi_nas_dms_op_state_update_handler: reported op mode ONLINE
08-04 04:43:16.812   192   666 I RILQ    : (0/192):RIL[0][qmi_cb] qcril_qmi_nas_dms_op_state_update_handler: expected op mode ONLINE
08-04 04:43:16.813   192  1346 D RILC    : RequestComplete, RIL_SOCKET_1
08-04 04:43:16.813   192  1346 E RILC    : Send Response to RIL_SOCKET_1
08-04 04:43:16.813   192  1346 I RILC    : RIL_SOCKET_1 UNSOLICITED: UNSOL_RESPONSE_RADIO_STATE_CHANGED length:12
08-04 04:43:16.813   192  1346 E RILC    : Send Response to RIL_SOCKET_1
08-04 04:43:16.814  1120  1287 D RILJ    : [3656]< RADIO_POWER  [SUB0]
08-04 04:43:16.815  1120  1120 D TelephonyManager: setTelephonyProperty: success phoneId=0 property=gsm.operator.alpha value:  propVal=
08-04 04:43:16.815  1120  1287 D RILJ    : [UNSL]< UNSOL_RESPONSE_RADIO_STATE_CHANGED RADIO_ON [SUB0]
08-04 04:43:16.816  1120  1120 D TelephonyManager: getTelephonyProperty: return propVal='null' phoneId=0 property='gsm.operator.numeric' defaultVal='' prop=
08-04 04:43:16.816  1120  1120 D TelephonyManager: setTelephonyProperty: success phoneId=0 property=gsm.operator.numeric value:  propVal=
08-04 04:43:16.816  1120  1120 D GsmSST  : [GsmSST] operatorNumeric is null
08-04 04:43:16.817  1120  1120 D TelephonyManager: setTelephonyProperty: success phoneId=0 property=gsm.operator.iso-country value:  propVal=
08-04 04:43:16.818  1120  1120 D TelephonyManager: setTelephonyProperty: success phoneId=0 property=gsm.operator.isroaming value: false propVal=false
08-04 04:43:16.819  1120  1120 D GsmSST  : [GsmSST] Broadcasting ServiceState : 3 3 voice home data home null null null null null null  Unknown Unknown CSS not supported -1 -1 RoamInd=-1 DefRoamInd=-1 EmergOnly=false
08-04 04:43:16.819  1120  1120 D SubscriptionController: [getSubId]- mSlotIdToSubIdMap.size == 0, return DummySubIds slotIdx=0
08-04 04:43:16.819  1120  1120 D SubscriptionController: getDummySubIds: slotIdx=0 return 1 DummySubIds with each subId=-2
08-04 04:43:16.820  1120  1120 D DefaultPhoneNotifier: nofityServiceState: mRegistry=com.android.internal.telephony.ITelephonyRegistry$Stub$Proxy@98c46e6 ss=3 3 voice home data home null null null null null null  Unknown Unknown CSS not supported -1 -1 RoamInd=-1 DefRoamInd=-1 EmergOnly=false sender=Handler (com.android.internal.telephony.gsm.GSMPhone) {20220dc5} phondId=0 subId=-2
08-04 04:43:16.820   192   267 I RILQ    : (0/192):RIL[0][event] qcril_qmi_nas_update_data_rte: completed, new drte 0 with confidence 4
08-04 04:43:16.824   192   267 I RILQ    : (0/192):RIL[0][event] qcril_qmi_nas_evaluate_custom_emergency_numbers_for_card: cur_status 1024, card_state 3
08-04 04:43:16.824   192   267 I RILQ    : (0/192):RIL[0][event] qcril_qmi_nas_evaluate_custom_emergency_numbers_for_card: card_mcc 460, card_mnc 01
08-04 04:43:16.825   192   666 E RILQ    : (0/192): RIL[0][qmi_cb] get_ecc_property_name: ecc list name : ril.ecclist.
08-04 04:43:16.826   192   267 I RILC    : RIL_SOCKET_1 UNSOLICITED: UNSOL_RESPONSE_VOICE_NETWORK_STATE_CHANGED length:8
08-04 04:43:16.826   192   267 E RILC    : Send Response to RIL_SOCKET_1
08-04 04:43:16.826   192   267 I RILC    : RIL_SOCKET_1 UNSOLICITED: UNSOL_SIGNAL_STRENGTH length:60
08-04 04:43:16.826   192   267 E RILC    : Send Response to RIL_SOCKET_1
08-04 04:43:16.826   192   267 I RILQ    : (0/192):RIL[0][event] qcril_qmi_nas_evaluate_custom_emergency_numbers_for_card: cur_status 1024, card_state 3
08-04 04:43:16.826   192   267 I RILQ    : (0/192):RIL[0][event] qcril_qmi_nas_evaluate_custom_emergency_numbers_for_card: card_mcc 460, card_mnc 01
08-04 04:43:16.827  1120  1287 D RILJ    : [UNSL]< UNSOL_RESPONSE_VOICE_NETWORK_STATE_CHANGED [SUB0]
08-04 04:43:16.831   712  1199 D SubscriptionManager: [getSlotId]- fail
08-04 04:43:16.832  1120  1120 D SubscriptionController: [getSlotId]- subId invalid
08-04 04:43:16.832   712  1199 D SubscriptionManager: [getSubId]- fail
08-04 04:43:16.833   712  1199 D TelephonyManager: getSimState:- empty subId return SIM_STATE_ABSENT
08-04 04:43:16.840  1120  1120 D GsmSST  : [GsmSST] notifyDataRegStateRilRadioTechnologyChanged: drs=3 rat=0
08-04 04:43:16.840  1120  1120 D TelephonyManager: setTelephonyProperty: success phoneId=0 property=gsm.network.type value: Unknown propVal=Unknown
08-04 04:43:16.843   712   712 D TelephonyRegistry: notifyCellLocationForSubscriber: subId=0 cellLocation=Bundle[{}]
08-04 04:43:16.844  1120  1120 D DCT     : [0]get all active apn types
08-04 04:43:16.845  1120  1120 D DCT     : [0]handleMessage msg={ when=-601ms what=270369 obj=android.os.AsyncResult@a387427 target=com.android.internal.telephony.dataconnection.DcTracker }
08-04 04:43:16.846  1120  1120 D DCT     : [0]onReceive: action=android.net.wifi.STATE_CHANGE
08-04 04:43:16.848  1120  1339 D SubscriptionController: [getPhoneId]- no sims, returning default phoneId=2147483647
08-04 04:43:16.853  1120  1120 D DCT     : [0]NETWORK_STATE_CHANGED_ACTION: mIsWifiConnected=false
08-04 04:43:16.853  1120  1120 D DCT     : [0]onReceive: action=android.net.wifi.WIFI_STATE_CHANGED
08-04 04:43:16.853  1120  1120 D DCT     : [0]WIFI_STATE_CHANGED_ACTION: enabled=true mIsWifiConnected=false
08-04 04:43:16.854  1120  1120 D DCT     : [0]handleMessage msg={ when=-594ms what=270337 obj=android.os.AsyncResult@d45eb72 target=com.android.internal.telephony.dataconnection.DcTracker }
08-04 04:43:16.854  1120  1120 D DCT     : [0]onRadioAvailable
08-04 04:43:16.854  1120  1120 D DCT     : [0]overall state is IDLE
08-04 04:43:16.855  1120  1120 D DCT     : [0]handleMessage msg={ when=-595ms what=270342 obj=android.os.AsyncResult@ae2bc3 target=com.android.internal.telephony.dataconnection.DcTracker }
08-04 04:43:16.855  1120  1120 D DCT     : [0]onRadioOffOrNotAvailable: is off and clean up all connections
08-04 04:43:16.855  1120  1120 D DCT     : [0]cleanUpAllConnections: tearDown=false reason=radioTurnedOff
08-04 04:43:16.856  1120  1120 D DCT     : [0]cleanUpConnection: E tearDown=false reason=radioTurnedOff apnContext={mApnType=default mState=IDLE mWaitingApns={null} mWaitingApnsPermanentFailureCountDown=0 mApnSetting={null} mReason=radioTurnedOff mDataEnabled=false mDependencyMet=true}
08-04 04:43:16.856  1120  1120 D SubscriptionController: [getSubId]- mSlotIdToSubIdMap.size == 0, return DummySubIds slotIdx=0
08-04 04:43:16.856  1120  1120 D SubscriptionController: getDummySubIds: slotIdx=0 return 1 DummySubIds with each subId=-2
08-04 04:43:16.859   712   776 D TelephonyManager: getSimOperatorNumeric(): default subId=1
08-04 04:43:16.859  1120  1120 D DCT     : [0]isDataAllowed: not allowed due to - Attached= false - SIM not loaded
08-04 04:43:16.859  1120  1120 D DCT     : [ApnContext:default] getApnSetting: apnSetting=null
08-04 04:43:16.860   712   712 D TelephonyManager: getSimOperatorNumeric(): default subId=1
08-04 04:43:16.860  1120  1120 D SubscriptionController: [getPhoneId]- invalid subId return=-1
08-04 04:43:16.860  1120  1339 D SubscriptionController: [getPhoneId]- no sims, returning default phoneId=2147483647
08-04 04:43:16.861  1120  1177 D SubscriptionController: [getPhoneId]- no sims, returning default phoneId=2147483647
08-04 04:43:16.862  1120  1120 D PhoneFactory: getPhone:- phoneId != DEFAULT_PHONE_ID return sProxyPhones[phoneId] phoneId=-1 phone=null
08-04 04:43:16.863   712  1154 D SubscriptionManager: [getPhoneId]- fail
08-04 04:43:16.865   712   712 D TelephonyManager: getTelephonyProperty: return propVal='null' phoneId=2147483647 property='gsm.sim.operator.numeric' defaultVal='' prop=
08-04 04:43:16.870  1120  1120 D DCT     : [0]cleanUpConnection: X tearDown=false reason=radioTurnedOff apnContext={mApnType=default mState=IDLE mWaitingApns={null} mWaitingApnsPermanentFailureCountDown=0 mApnSetting={null} mReason=radioTurnedOff mDataEnabled=false mDependencyMet=true} dcac=null
08-04 04:43:16.870  1120  1120 D DCT     : [0]cleanUpConnection: E tearDown=false reason=radioTurnedOff apnContext={mApnType=mms mState=IDLE mWaitingApns={null} mWaitingApnsPermanentFailureCountDown=0 mApnSetting={null} mReason=radioTurnedOff mDataEnabled=false mDependencyMet=true}
08-04 04:43:16.870  1120  1120 D SubscriptionController: [getSubId]- mSlotIdToSubIdMap.size == 0, return DummySubIds slotIdx=0
08-04 04:43:16.870  1120  1120 D SubscriptionController: getDummySubIds: slotIdx=0 return 1 DummySubIds with each subId=-2
08-04 04:43:16.871  1120  1120 D DCT     : [0]isDataAllowed: not allowed due to - Attached= false - SIM not loaded
08-04 04:43:16.872  1120  1120 D DCT     : [ApnContext:mms] getApnSetting: apnSetting=null
08-04 04:43:16.872  1120  1120 D SubscriptionController: [getPhoneId]- invalid subId return=-1
08-04 04:43:16.875  1120  1120 D PhoneFactory: getPhone:- phoneId != DEFAULT_PHONE_ID return sProxyPhones[phoneId] phoneId=-1 phone=null
08-04 04:43:16.876   712  1269 D SubscriptionManager: [getPhoneId]- fail
08-04 04:43:16.878  1120  1120 D DCT     : [0]cleanUpConnection: X tearDown=false reason=radioTurnedOff apnContext={mApnType=mms mState=IDLE mWaitingApns={null} mWaitingApnsPermanentFailureCountDown=0 mApnSetting={null} mReason=radioTurnedOff mDataEnabled=false mDependencyMet=true} dcac=null
08-04 04:43:16.879  1120  1120 D DCT     : [0]cleanUpConnection: E tearDown=false reason=radioTurnedOff apnContext={mApnType=cbs mState=IDLE mWaitingApns={null} mWaitingApnsPermanentFailureCountDown=0 mApnSetting={null} mReason=radioTurnedOff mDataEnabled=false mDependencyMet=true}
08-04 04:43:16.879  1120  1120 D SubscriptionController: [getSubId]- mSlotIdToSubIdMap.size == 0, return DummySubIds slotIdx=0
08-04 04:43:16.879  1120  1120 D SubscriptionController: getDummySubIds: slotIdx=0 return 1 DummySubIds with each subId=-2
08-04 04:43:16.883   712   776 D TelephonyManager: getTelephonyProperty: return propVal='null' phoneId=2147483647 property='gsm.sim.operator.numeric' defaultVal='' prop=
08-04 04:43:16.884  1120  1120 D DCT     : [0]isDataAllowed: not allowed due to - Attached= false - SIM not loaded
08-04 04:43:16.884  1120  1120 D DCT     : [ApnContext:cbs] getApnSetting: apnSetting=null
08-04 04:43:16.886  1120  1120 D SubscriptionController: [getPhoneId]- invalid subId return=-1
08-04 04:43:16.888  1120  1120 D PhoneFactory: getPhone:- phoneId != DEFAULT_PHONE_ID return sProxyPhones[phoneId] phoneId=-1 phone=null
08-04 04:43:16.891   712   728 D SubscriptionManager: [getPhoneId]- fail
08-04 04:43:16.894  1120  1120 D DCT     : [0]cleanUpConnection: X tearDown=false reason=radioTurnedOff apnContext={mApnType=cbs mState=IDLE mWaitingApns={null} mWaitingApnsPermanentFailureCountDown=0 mApnSetting={null} mReason=radioTurnedOff mDataEnabled=false mDependencyMet=true} dcac=null
08-04 04:43:16.895  1120  1120 D DCT     : [0]cleanUpConnection: E tearDown=false reason=radioTurnedOff apnContext={mApnType=fota mState=IDLE mWaitingApns={null} mWaitingApnsPermanentFailureCountDown=0 mApnSetting={null} mReason=radioTurnedOff mDataEnabled=false mDependencyMet=true}
08-04 04:43:16.895  1120  1120 D SubscriptionController: [getSubId]- mSlotIdToSubIdMap.size == 0, return DummySubIds slotIdx=0
08-04 04:43:16.896  1120  1120 D SubscriptionController: getDummySubIds: slotIdx=0 return 1 DummySubIds with each subId=-2
08-04 04:43:16.897  1120  1120 D DCT     : [0]isDataAllowed: not allowed due to - Attached= false - SIM not loaded
08-04 04:43:16.897  1120  1120 D DCT     : [ApnContext:fota] getApnSetting: apnSetting=null
08-04 04:43:16.897  1120  1120 D SubscriptionController: [getPhoneId]- invalid subId return=-1
08-04 04:43:16.899  1120  1120 D PhoneFactory: getPhone:- phoneId != DEFAULT_PHONE_ID return sProxyPhones[phoneId] phoneId=-1 phone=null
08-04 04:43:16.900   712   729 D SubscriptionManager: [getPhoneId]- fail
08-04 04:43:16.904  1120  1120 D DCT     : [0]cleanUpConnection: X tearDown=false reason=radioTurnedOff apnContext={mApnType=fota mState=IDLE mWaitingApns={null} mWaitingApnsPermanentFailureCountDown=0 mApnSetting={null} mReason=radioTurnedOff mDataEnabled=false mDependencyMet=true} dcac=null
08-04 04:43:16.904  1120  1120 D DCT     : [0]cleanUpConnection: E tearDown=false reason=radioTurnedOff apnContext={mApnType=supl mState=IDLE mWaitingApns={null} mWaitingApnsPermanentFailureCountDown=0 mApnSetting={null} mReason=radioTurnedOff mDataEnabled=false mDependencyMet=true}
08-04 04:43:16.904  1120  1120 D SubscriptionController: [getSubId]- mSlotIdToSubIdMap.size == 0, return DummySubIds slotIdx=0
08-04 04:43:16.905  1120  1120 D SubscriptionController: getDummySubIds: slotIdx=0 return 1 DummySubIds with each subId=-2
08-04 04:43:16.908  1120  1120 D DCT     : [0]isDataAllowed: not allowed due to - Attached= false - SIM not loaded
08-04 04:43:16.908  1120  1120 D DCT     : [ApnContext:supl] getApnSetting: apnSetting=null
08-04 04:43:16.909  1120  1120 D SubscriptionController: [getPhoneId]- invalid subId return=-1
08-04 04:43:16.911  1120  1120 D PhoneFactory: getPhone:- phoneId != DEFAULT_PHONE_ID return sProxyPhones[phoneId] phoneId=-1 phone=null
08-04 04:43:16.912   712   728 D SubscriptionManager: [getPhoneId]- fail
08-04 04:43:16.914  1120  1120 D DCT     : [0]cleanUpConnection: X tearDown=false reason=radioTurnedOff apnContext={mApnType=supl mState=IDLE mWaitingApns={null} mWaitingApnsPermanentFailureCountDown=0 mApnSetting={null} mReason=radioTurnedOff mDataEnabled=false mDependencyMet=true} dcac=null
08-04 04:43:16.915  1120  1120 D DCT     : [0]cleanUpConnection: E tearDown=false reason=radioTurnedOff apnContext={mApnType=ia mState=IDLE mWaitingApns={null} mWaitingApnsPermanentFailureCountDown=0 mApnSetting={null} mReason=radioTurnedOff mDataEnabled=false mDependencyMet=true}
08-04 04:43:16.915  1120  1120 D SubscriptionController: [getSubId]- mSlotIdToSubIdMap.size == 0, return DummySubIds slotIdx=0
08-04 04:43:16.915  1120  1120 D SubscriptionController: getDummySubIds: slotIdx=0 return 1 DummySubIds with each subId=-2
08-04 04:43:16.916  1120  1120 D DCT     : [0]isDataAllowed: not allowed due to - Attached= false - SIM not loaded
08-04 04:43:16.916  1120  1120 D DCT     : [ApnContext:ia] getApnSetting: apnSetting=null
08-04 04:43:16.917  1120  1120 D SubscriptionController: [getPhoneId]- invalid subId return=-1
08-04 04:43:16.919  1120  1120 D PhoneFactory: getPhone:- phoneId != DEFAULT_PHONE_ID return sProxyPhones[phoneId] phoneId=-1 phone=null
08-04 04:43:16.929   712  1262 D SubscriptionManager: [getPhoneId]- fail
08-04 04:43:16.932  1120  1120 D DCT     : [0]cleanUpConnection: X tearDown=false reason=radioTurnedOff apnContext={mApnType=ia mState=IDLE mWaitingApns={null} mWaitingApnsPermanentFailureCountDown=0 mApnSetting={null} mReason=radioTurnedOff mDataEnabled=false mDependencyMet=true} dcac=null
