08-09 23:26:48.794  1554  1554 D DCT     : [0]isDataAllowed: not allowed due to - Attached= false
08-09 23:26:48.794  1554  1554 D DCT     : [ApnContext:cbs] getApnSetting: apnSetting=null
08-09 23:26:48.794  1554  1554 D PhoneFactory: getPhone:- phoneId != DEFAULT_PHONE_ID return sProxyPhones[phoneId] phoneId=0 phone=Handler (com.android.internal.telephony.PhoneProxy) {3493524f}
08-09 23:26:49.393  1554  1554 D DCT     : [0]isDataAllowed getRecordsLoaded=true
08-09 23:26:49.393  1554  1554 D DCT     : [0]isDataAllowed: not allowed due to - Attached= false
08-09 23:26:49.394  1554  1554 D DCT     : [ApnContext:fota] getApnSetting: apnSetting=null
08-09 23:26:49.394  1554  1554 D PhoneFactory: getPhone:- phoneId != DEFAULT_PHONE_ID return sProxyPhones[phoneId] phoneId=0 phone=Handler (com.android.internal.telephony.PhoneProxy) {3493524f}
08-09 23:26:49.399  1554  1554 D DCT     : [0]isDataAllowed getRecordsLoaded=true
08-09 23:26:49.400  1554  1554 D DCT     : [0]isDataAllowed: not allowed due to - Attached= false
08-09 23:26:49.400  1554  1554 D DCT     : [ApnContext:supl] getApnSetting: apnSetting=null
08-09 23:26:49.401  1554  1554 D PhoneFactory: getPhone:- phoneId != DEFAULT_PHONE_ID return sProxyPhones[phoneId] phoneId=0 phone=Handler (com.android.internal.telephony.PhoneProxy) {3493524f}
08-09 23:26:49.405  1554  1554 D DCT     : [0]isDataAllowed getRecordsLoaded=true
08-09 23:26:49.406  1554  1554 D DCT     : [0]isDataAllowed: not allowed due to - Attached= false
08-09 23:26:49.406  1554  1554 D DCT     : [ApnContext:ia] getApnSetting: apnSetting=null
08-09 23:26:49.406  1554  1554 D PhoneFactory: getPhone:- phoneId != DEFAULT_PHONE_ID return sProxyPhones[phoneId] phoneId=0 phone=Handler (com.android.internal.telephony.PhoneProxy) {3493524f}
08-09 23:26:49.412  1554  1554 D DCT     : [0]isDataAllowed getRecordsLoaded=true
08-09 23:26:49.413  1554  1554 D DCT     : [0]isDataAllowed: not allowed due to - Attached= false
08-09 23:26:49.413  1554  1554 D DCT     : [ApnContext:dun] getApnSetting: apnSetting=null
08-09 23:26:49.414  1554  1554 D PhoneFactory: getPhone:- phoneId != DEFAULT_PHONE_ID return sProxyPhones[phoneId] phoneId=0 phone=Handler (com.android.internal.telephony.PhoneProxy) {3493524f}
08-09 23:26:49.418  1554  1554 D DCT     : [0]isDataAllowed getRecordsLoaded=true
08-09 23:26:49.418  1554  1554 D DCT     : [0]isDataAllowed: not allowed due to - Attached= false
08-09 23:26:49.419  1554  1554 D DCT     : [ApnContext:hipri] getApnSetting: apnSetting=null
08-09 23:26:49.419  1554  1554 D PhoneFactory: getPhone:- phoneId != DEFAULT_PHONE_ID return sProxyPhones[phoneId] phoneId=0 phone=Handler (com.android.internal.telephony.PhoneProxy) {3493524f}
08-09 23:26:49.423  1554  1554 D DCT     : [0]isDataAllowed getRecordsLoaded=true
08-09 23:26:49.424  1554  1554 D DCT     : [0]isDataAllowed: not allowed due to - Attached= false
08-09 23:26:49.424  1554  1554 D DCT     : [ApnContext:ims] getApnSetting: apnSetting=null
08-09 23:26:49.425  1554  1554 D PhoneFactory: getPhone:- phoneId != DEFAULT_PHONE_ID return sProxyPhones[phoneId] phoneId=0 phone=Handler (com.android.internal.telephony.PhoneProxy) {3493524f}
08-09 23:26:49.428  1554  1554 D DCT     : [0]handleMessage msg={ when=-2s416ms what=270377 obj=android.os.AsyncResult@1b15d6e9 target=com.android.internal.telephony.dataconnection.DcTracker }
08-09 23:26:49.428  1554  1554 D DCT     : [0]setupDataOnConnectableApns: nwTypeChanged
08-09 23:26:49.429  1554  1554 D DCT     : [0]setupDataOnConnectableApns: apnContext {mApnType=hipri mState=IDLE mWaitingApns={null} mWaitingApnsPermanentFailureCountDown=0 mApnSetting={null} mReason=radioTurnedOff mDataEnabled=false mDependencyMet=true}
08-09 23:26:49.429  1554  1554 D DCT     : [0]setupDataOnConnectableApns: apnContext {mApnType=mms mState=IDLE mWaitingApns={null} mWaitingApnsPermanentFailureCountDown=0 mApnSetting={null} mReason=radioTurnedOff mDataEnabled=false mDependencyMet=true}
08-09 23:26:49.430  1554  1554 D DCT     : [0]setupDataOnConnectableApns: apnContext {mApnType=supl mState=IDLE mWaitingApns={null} mWaitingApnsPermanentFailureCountDown=0 mApnSetting={null} mReason=radioTurnedOff mDataEnabled=false mDependencyMet=true}
08-09 23:26:49.430  1554  1554 D DCT     : [0]setupDataOnConnectableApns: apnContext {mApnType=cbs mState=IDLE mWaitingApns={null} mWaitingApnsPermanentFailureCountDown=0 mApnSetting={null} mReason=radioTurnedOff mDataEnabled=false mDependencyMet=true}
08-09 23:26:49.431  1554  1554 D DCT     : [0]setupDataOnConnectableApns: apnContext {mApnType=dun mState=IDLE mWaitingApns={null} mWaitingApnsPermanentFailureCountDown=0 mApnSetting={null} mReason=radioTurnedOff mDataEnabled=false mDependencyMet=true}
08-09 23:26:49.431  1554  1554 D DCT     : [0]setupDataOnConnectableApns: apnContext {mApnType=fota mState=IDLE mWaitingApns={null} mWaitingApnsPermanentFailureCountDown=0 mApnSetting={null} mReason=radioTurnedOff mDataEnabled=false mDependencyMet=true}
08-09 23:26:49.432  1554  1554 D DCT     : [0]setupDataOnConnectableApns: apnContext {mApnType=ims mState=IDLE mWaitingApns={null} mWaitingApnsPermanentFailureCountDown=0 mApnSetting={null} mReason=radioTurnedOff mDataEnabled=false mDependencyMet=true}
08-09 23:26:49.432  1554  1554 D DCT     : [0]setupDataOnConnectableApns: apnContext {mApnType=default mState=IDLE mWaitingApns={null} mWaitingApnsPermanentFailureCountDown=0 mApnSetting={null} mReason=radioTurnedOff mDataEnabled=false mDependencyMet=true}
08-09 23:26:49.433  1554  1554 D DCT     : [0]setupDataOnConnectableApns: apnContext {mApnType=ia mState=IDLE mWaitingApns={null} mWaitingApnsPermanentFailureCountDown=0 mApnSetting={null} mReason=radioTurnedOff mDataEnabled=false mDependencyMet=true}
08-09 23:26:49.433  1554  1554 D DCT     : [0]handleMessage msg={ when=-2s421ms what=270377 obj=android.os.AsyncResult@10fdaf6e target=com.android.internal.telephony.dataconnection.DcTracker }
08-09 23:26:49.433  1554  1554 D DCT     : [0]setupDataOnConnectableApns: nwTypeChanged
08-09 23:26:49.434  1554  1554 D DCT     : [0]setupDataOnConnectableApns: apnContext {mApnType=hipri mState=IDLE mWaitingApns={null} mWaitingApnsPermanentFailureCountDown=0 mApnSetting={null} mReason=radioTurnedOff mDataEnabled=false mDependencyMet=true}
08-09 23:26:49.434  1554  1554 D DCT     : [0]setupDataOnConnectableApns: apnContext {mApnType=mms mState=IDLE mWaitingApns={null} mWaitingApnsPermanentFailureCountDown=0 mApnSetting={null} mReason=radioTurnedOff mDataEnabled=false mDependencyMet=true}
08-09 23:26:49.435  1554  1554 D DCT     : [0]setupDataOnConnectableApns: apnContext {mApnType=supl mState=IDLE mWaitingApns={null} mWaitingApnsPermanentFailureCountDown=0 mApnSetting={null} mReason=radioTurnedOff mDataEnabled=false mDependencyMet=true}
08-09 23:26:49.435  1554  1554 D DCT     : [0]setupDataOnConnectableApns: apnContext {mApnType=cbs mState=IDLE mWaitingApns={null} mWaitingApnsPermanentFailureCountDown=0 mApnSetting={null} mReason=radioTurnedOff mDataEnabled=false mDependencyMet=true}
08-09 23:26:49.436  1554  1554 D DCT     : [0]setupDataOnConnectableApns: apnContext {mApnType=dun mState=IDLE mWaitingApns={null} mWaitingApnsPermanentFailureCountDown=0 mApnSetting={null} mReason=radioTurnedOff mDataEnabled=false mDependencyMet=true}
08-09 23:26:49.436  1554  1554 D DCT     : [0]setupDataOnConnectableApns: apnContext {mApnType=fota mState=IDLE mWaitingApns={null} mWaitingApnsPermanentFailureCountDown=0 mApnSetting={null} mReason=radioTurnedOff mDataEnabled=false mDependencyMet=true}
08-09 23:26:49.437  1554  1554 D DCT     : [0]setupDataOnConnectableApns: apnContext {mApnType=ims mState=IDLE mWaitingApns={null} mWaitingApnsPermanentFailureCountDown=0 mApnSetting={null} mReason=radioTurnedOff mDataEnabled=false mDependencyMet=true}
08-09 23:26:49.437  1554  1554 D DCT     : [0]setupDataOnConnectableApns: apnContext {mApnType=default mState=IDLE mWaitingApns={null} mWaitingApnsPermanentFailureCountDown=0 mApnSetting={null} mReason=radioTurnedOff mDataEnabled=false mDependencyMet=true}
08-09 23:26:49.438  1554  1554 D DCT     : [0]setupDataOnConnectableApns: apnContext {mApnType=ia mState=IDLE mWaitingApns={null} mWaitingApnsPermanentFailureCountDown=0 mApnSetting={null} mReason=radioTurnedOff mDataEnabled=false mDependencyMet=true}
08-09 23:26:49.438  1554  1554 D DCT     : [0]handleMessage msg={ when=-2s426ms what=270377 obj=android.os.AsyncResult@248b660f target=com.android.internal.telephony.dataconnection.DcTracker }
08-09 23:26:49.439  1554  1554 D DCT     : [0]setupDataOnConnectableApns: nwTypeChanged
08-09 23:26:49.439  1554  1554 D DCT     : [0]setupDataOnConnectableApns: apnContext {mApnType=hipri mState=IDLE mWaitingApns={null} mWaitingApnsPermanentFailureCountDown=0 mApnSetting={null} mReason=radioTurnedOff mDataEnabled=false mDependencyMet=true}
08-09 23:26:49.440  1554  1554 D DCT     : [0]setupDataOnConnectableApns: apnContext {mApnType=mms mState=IDLE mWaitingApns={null} mWaitingApnsPermanentFailureCountDown=0 mApnSetting={null} mReason=radioTurnedOff mDataEnabled=false mDependencyMet=true}
08-09 23:26:49.440  1554  1554 D DCT     : [0]setupDataOnConnectableApns: apnContext {mApnType=supl mState=IDLE mWaitingApns={null} mWaitingApnsPermanentFailureCountDown=0 mApnSetting={null} mReason=radioTurnedOff mDataEnabled=false mDependencyMet=true}
08-09 23:26:49.441  1554  1554 D DCT     : [0]setupDataOnConnectableApns: apnContext {mApnType=cbs mState=IDLE mWaitingApns={null} mWaitingApnsPermanentFailureCountDown=0 mApnSetting={null} mReason=radioTurnedOff mDataEnabled=false mDependencyMet=true}
08-09 23:26:49.442  1554  1554 D DCT     : [0]setupDataOnConnectableApns: apnContext {mApnType=dun mState=IDLE mWaitingApns={null} mWaitingApnsPermanentFailureCountDown=0 mApnSetting={null} mReason=radioTurnedOff mDataEnabled=false mDependencyMet=true}
08-09 23:26:49.442  1554  1554 D DCT     : [0]setupDataOnConnectableApns: apnContext {mApnType=fota mState=IDLE mWaitingApns={null} mWaitingApnsPermanentFailureCountDown=0 mApnSetting={null} mReason=radioTurnedOff mDataEnabled=false mDependencyMet=true}
08-09 23:26:49.442  1554  1554 D DCT     : [0]setupDataOnConnectableApns: apnContext {mApnType=ims mState=IDLE mWaitingApns={null} mWaitingApnsPermanentFailureCountDown=0 mApnSetting={null} mReason=radioTurnedOff mDataEnabled=false mDependencyMet=true}
08-09 23:26:49.443  1554  1554 D DCT     : [0]setupDataOnConnectableApns: apnContext {mApnType=default mState=IDLE mWaitingApns={null} mWaitingApnsPermanentFailureCountDown=0 mApnSetting={null} mReason=radioTurnedOff mDataEnabled=false mDependencyMet=true}
08-09 23:26:49.443  1554  1554 D DCT     : [0]setupDataOnConnectableApns: apnContext {mApnType=ia mState=IDLE mWaitingApns={null} mWaitingApnsPermanentFailureCountDown=0 mApnSetting={null} mReason=radioTurnedOff mDataEnabled=false mDependencyMet=true}
08-09 23:26:49.443  1554  1554 D GsmSST  : [GsmSST] SubscriptionListener.onSubscriptionInfoChanged
08-09 23:26:49.445  1554  1554 D PhoneFactory: calculatePreferredNetworkType: phoneSubId = 1 networkType = 10
08-09 23:26:49.445  1554  1554 D RILJ    : [3737]> REQUEST_SET_PREFERRED_NETWORK_TYPE : 10 [SUB0]
08-09 23:26:49.449   189  2431 D RILC    : RequestComplete, RIL_SOCKET_1
08-09 23:26:49.449   189  2431 E RILC    : Send Response to RIL_SOCKET_1
08-09 23:26:49.449  1554  1829 D RILJ    : [3737]< REQUEST_SET_PREFERRED_NETWORK_TYPE  [SUB0]
08-09 23:26:49.450  1554  1554 D TelephonyManager: setTelephonyProperty: success phoneId=0 property=gsm.network.type value: Unknown propVal=Unknown
08-09 23:26:49.452  1554  1554 D SubscriptionController: [setCarrierText]+ text:No service. subId:1
08-09 23:26:49.476  1554  1554 D SubscriptionController: notifySubscriptionInfoChanged:
08-09 23:26:49.479   716   798 D TelephonyManager: getSimOperatorNumeric(): default subId=1
08-09 23:26:49.479  1554  1580 D SubscriptionController: [getActiveSubInfoList]+
08-09 23:26:49.481   716   798 D TelephonyManager: getTelephonyProperty: return propVal='46001' phoneId=0 property='gsm.sim.operator.numeric' defaultVal='' prop=46001
08-09 23:26:49.482  1554  1580 D SubscriptionController: selection:sim_id>=0 null
08-09 23:26:49.493  1554  1554 D DCT     : [0]SubscriptionListener.onSubscriptionInfoChanged
08-09 23:26:49.495  1554  1554 D DctController: onSubInfoReady mPhoneNum=1
08-09 23:26:49.495  1554  1554 D DctController: onSubInfoReady handle pending requests subId=1
08-09 23:26:49.495  1554  1580 D TelephonyManager: getTelephonyProperty: return propVal='cn' phoneId=0 property='gsm.sim.operator.iso-country' defaultVal='' prop=cn
08-09 23:26:49.495  1554  1554 D DctController: [TNF 1]evalPendingRequest, pending request size is 1
08-09 23:26:49.496  1554  1580 D SubscriptionController: [getSubInfoRecord] id:1 iccid:89860115921101579076 simSlotIndex:0 displayName:CARD 1 nameSource:0 iconTint:-16746133 dataRoaming:0 mcc:460 mnc:1 countIso:cn
08-09 23:26:49.496  1554  1554 D DctController: [TNF 1]evalPendingRequest: request = NetworkRequest [ id=1, legacyType=-1, [ Capabilities: INTERNET&NOT_RESTRICTED&TRUSTED&NOT_VPN] ]
08-09 23:26:49.497  1554  1580 D PhoneFactory: getPhone:- phoneId != DEFAULT_PHONE_ID return sProxyPhones[phoneId] phoneId=0 phone=Handler (com.android.internal.telephony.PhoneProxy) {3493524f}
08-09 23:26:49.497  1554  1554 D DctController: [TNF 1]Cellular needs Network for NetworkRequest [ id=1, legacyType=-1, [ Capabilities: INTERNET&NOT_RESTRICTED&TRUSTED&NOT_VPN] ]
08-09 23:26:49.498  1554  1554 D DctController: requestNetwork request=NetworkRequest [ id=1, legacyType=-1, [ Capabilities: INTERNET&NOT_RESTRICTED&TRUSTED&NOT_VPN] ], priority=0
08-09 23:26:49.498  1554  1554 D DctController: processRequests
08-09 23:26:49.498  1554  1554 D DctController: processRequests
08-09 23:26:49.499  1554  1554 D SubscriptionController: [getActiveSubInfoList]+
08-09 23:26:49.501  1554  1580 D SubscriptionController: [getActiveSubInfoList]- 1 infos return
08-09 23:26:49.502  1554  1554 D SubscriptionController: selection:sim_id>=0 null
08-09 23:26:49.512  1554  1587 D SubscriptionController: [getActiveSubInfoList]+
08-09 23:26:49.514  1554  1587 D SubscriptionController: selection:sim_id>=0 null
08-09 23:26:49.519  1554  1554 D TelephonyManager: getTelephonyProperty: return propVal='cn' phoneId=0 property='gsm.sim.operator.iso-country' defaultVal='' prop=cn
08-09 23:26:49.519  1554  1554 D SubscriptionController: [getSubInfoRecord] id:1 iccid:89860115921101579076 simSlotIndex:0 displayName:CARD 1 nameSource:0 iconTint:-16746133 dataRoaming:0 mcc:460 mnc:1 countIso:cn
08-09 23:26:49.524  1554  1554 D PhoneFactory: getPhone:- phoneId != DEFAULT_PHONE_ID return sProxyPhones[phoneId] phoneId=0 phone=Handler (com.android.internal.telephony.PhoneProxy) {3493524f}
08-09 23:26:49.526  1554  1587 D TelephonyManager: getTelephonyProperty: return propVal='cn' phoneId=0 property='gsm.sim.operator.iso-country' defaultVal='' prop=cn
08-09 23:26:49.526  1554  1587 D SubscriptionController: [getSubInfoRecord] id:1 iccid:89860115921101579076 simSlotIndex:0 displayName:CARD 1 nameSource:0 iconTint:-16746133 dataRoaming:0 mcc:460 mnc:1 countIso:cn
08-09 23:26:49.528  1554  1554 D SubscriptionController: [getActiveSubInfoList]- 1 infos return
08-09 23:26:49.528  1554  1587 D PhoneFactory: getPhone:- phoneId != DEFAULT_PHONE_ID return sProxyPhones[phoneId] phoneId=0 phone=Handler (com.android.internal.telephony.PhoneProxy) {3493524f}
08-09 23:26:49.533  1554  1587 D SubscriptionController: [getActiveSubInfoList]- 1 infos return
08-09 23:26:49.536  1554  1554 E PhoneBase: Error! unregisterForCallWaiting() in PhoneBase should not be called, CDMAPhone inactive.
08-09 23:26:49.542  1554  1554 D PhoneFactory: getPhone:- phoneId != DEFAULT_PHONE_ID return sProxyPhones[phoneId] phoneId=0 phone=Handler (com.android.internal.telephony.PhoneProxy) {3493524f}
08-09 23:26:49.545  1554  2099 D SubscriptionController: [getActiveSubInfoList]+
08-09 23:26:49.546  1554  1554 D TelephonyManager: getTelephonyProperty: return propVal='null' phoneId=0 property='gsm.operator.alpha' defaultVal='' prop=
08-09 23:26:49.547  1554  2099 D SubscriptionController: selection:sim_id>=0 null
08-09 23:26:49.561  1554  2099 D TelephonyManager: getTelephonyProperty: return propVal='cn' phoneId=0 property='gsm.sim.operator.iso-country' defaultVal='' prop=cn
08-09 23:26:49.561  1554  2099 D SubscriptionController: [getSubInfoRecord] id:1 iccid:89860115921101579076 simSlotIndex:0 displayName:CARD 1 nameSource:0 iconTint:-16746133 dataRoaming:0 mcc:460 mnc:1 countIso:cn
08-09 23:26:49.563  1554  2099 D PhoneFactory: getPhone:- phoneId != DEFAULT_PHONE_ID return sProxyPhones[phoneId] phoneId=0 phone=Handler (com.android.internal.telephony.PhoneProxy) {3493524f}
08-09 23:26:49.566  1554  2099 D SubscriptionController: [getActiveSubInfoList]- 1 infos return
08-09 23:26:49.575  1554  2098 D PhoneFactory: getPhone:- phoneId != DEFAULT_PHONE_ID return sProxyPhones[phoneId] phoneId=0 phone=Handler (com.android.internal.telephony.PhoneProxy) {3493524f}
08-09 23:26:49.575  1554  2098 D SubscriptionController: getSimStateForSubscriber:  simState=READY ordinal=5
08-09 23:26:49.576  1198  1198 D SubscriptionManager: getSimStateForSubscriber: simState=5 subId=1
08-09 23:26:49.576  1198  1198 D TelephonyManager: getSimState: simState=5 slotIdx=0
08-09 23:26:49.613  1554  1554 E PhoneBase: Error! registerForCallWaiting() in PhoneBase should not be called, CDMAPhone inactive.
08-09 23:26:49.689  1554  1554 D GsmSST  : [GsmSST] SubscriptionListener.onSubscriptionInfoChanged
08-09 23:26:49.689  1554  1554 D DCT     : [0]SubscriptionListener.onSubscriptionInfoChanged
08-09 23:26:49.692  1554  1554 D DctController: onSubInfoReady mPhoneNum=1
08-09 23:26:49.693  1554  1554 D DctController: onSubInfoReady handle pending requests subId=1
08-09 23:26:49.693  1554  1554 D DctController: [TNF 1]evalPendingRequest, pending request size is 0
08-09 23:26:49.693  1554  1554 D DctController: processRequests
08-09 23:26:49.694  1554  1554 D SubscriptionController: [getActiveSubInfoList]+
08-09 23:26:49.696  1554  1554 D SubscriptionController: selection:sim_id>=0 null
08-09 23:26:49.709  1554  1554 D TelephonyManager: getTelephonyProperty: return propVal='cn' phoneId=0 property='gsm.sim.operator.iso-country' defaultVal='' prop=cn
08-09 23:26:49.709  1554  1554 D SubscriptionController: [getSubInfoRecord] id:1 iccid:89860115921101579076 simSlotIndex:0 displayName:CARD 1 nameSource:0 iconTint:-16746133 dataRoaming:0 mcc:460 mnc:1 countIso:cn
08-09 23:26:49.711  1554  1554 D PhoneFactory: getPhone:- phoneId != DEFAULT_PHONE_ID return sProxyPhones[phoneId] phoneId=0 phone=Handler (com.android.internal.telephony.PhoneProxy) {3493524f}
08-09 23:26:49.714  1554  1554 D SubscriptionController: [getActiveSubInfoList]- 1 infos return
08-09 23:26:49.718  1554  1554 E PhoneBase: Error! unregisterForCallWaiting() in PhoneBase should not be called, CDMAPhone inactive.
08-09 23:26:49.721  1554  1554 D PhoneFactory: getPhone:- phoneId != DEFAULT_PHONE_ID return sProxyPhones[phoneId] phoneId=0 phone=Handler (com.android.internal.telephony.PhoneProxy) {3493524f}
08-09 23:26:49.725  1554  1554 D TelephonyManager: getTelephonyProperty: return propVal='null' phoneId=0 property='gsm.operator.alpha' defaultVal='' prop=
08-09 23:26:49.789  1554  1554 E PhoneBase: Error! registerForCallWaiting() in PhoneBase should not be called, CDMAPhone inactive.
08-09 23:26:49.808  1554  1554 D SubscriptionInfoUpdater: [Receiver]+
08-09 23:26:49.808  1554  1554 D SubscriptionInfoUpdater: Action: android.intent.action.SIM_STATE_CHANGED
08-09 23:26:49.808  1554  1554 D SubscriptionInfoUpdater: slotId: 0
08-09 23:26:49.808  1554  1554 D SubscriptionInfoUpdater: simStatus: LOADED
08-09 23:26:49.809  1554  1554 D SubscriptionInfoUpdater: Ignoring simStatus: LOADED
08-09 23:26:49.809  1554  1554 D SubscriptionInfoUpdater: [Receiver]-
08-09 23:26:49.809  1554  1554 D CAT     : CatService: handleMessage[10]
08-09 23:26:49.809  1554  1554 D CAT     : CatService: SESSION END on 0
08-09 23:26:49.811  1554  1554 D PhoneFactory: getPhone:- phoneId != DEFAULT_PHONE_ID return sProxyPhones[phoneId] phoneId=0 phone=Handler (com.android.internal.telephony.PhoneProxy) {3493524f}
08-09 23:26:49.812  1554  1554 D DCT     : [0]getDataOnRoamingEnabled: phoneSubId=1 isDataRoamingEnabled=true
08-09 23:26:49.813  1554  1554 D PhoneFactory: getPhone:- phoneId != DEFAULT_PHONE_ID return sProxyPhones[phoneId] phoneId=0 phone=Handler (com.android.internal.telephony.PhoneProxy) {3493524f}
08-09 23:26:49.813  1554  1554 D DCT     : [0]getDataOnRoamingEnabled: phoneSubId=1 isDataRoamingEnabled=true
08-09 23:26:49.814  1554  1554 D PhoneFactory: getPhone:- phoneId != DEFAULT_PHONE_ID return sProxyPhones[phoneId] phoneId=0 phone=Handler (com.android.internal.telephony.PhoneProxy) {3493524f}
08-09 23:26:49.815  1554  1554 D DCT     : [0]getDataOnRoamingEnabled: phoneSubId=1 isDataRoamingEnabled=true
08-09 23:26:49.816  1554  1554 D PhoneFactory: getPhone:- phoneId != DEFAULT_PHONE_ID return sProxyPhones[phoneId] phoneId=0 phone=Handler (com.android.internal.telephony.PhoneProxy) {3493524f}
08-09 23:26:49.817  1554  1554 D DCT     : [0]getDataOnRoamingEnabled: phoneSubId=1 isDataRoamingEnabled=true
08-09 23:26:49.818  1554  1554 D PhoneFactory: getPhone:- phoneId != DEFAULT_PHONE_ID return sProxyPhones[phoneId] phoneId=0 phone=Handler (com.android.internal.telephony.PhoneProxy) {3493524f}
08-09 23:26:49.818  1554  1554 D DCT     : [0]getDataOnRoamingEnabled: phoneSubId=1 isDataRoamingEnabled=true
08-09 23:26:49.819  1554  1554 D PhoneFactory: getPhone:- phoneId != DEFAULT_PHONE_ID return sProxyPhones[phoneId] phoneId=0 phone=Handler (com.android.internal.telephony.PhoneProxy) {3493524f}
08-09 23:26:49.820  1554  1554 D DCT     : [0]getDataOnRoamingEnabled: phoneSubId=1 isDataRoamingEnabled=true
08-09 23:26:49.821  1554  1554 D PhoneFactory: getPhone:- phoneId != DEFAULT_PHONE_ID return sProxyPhones[phoneId] phoneId=0 phone=Handler (com.android.internal.telephony.PhoneProxy) {3493524f}
08-09 23:26:49.822  1554  1554 D DCT     : [0]getDataOnRoamingEnabled: phoneSubId=1 isDataRoamingEnabled=true
08-09 23:26:49.823  1554  1554 D PhoneFactory: getPhone:- phoneId != DEFAULT_PHONE_ID return sProxyPhones[phoneId] phoneId=0 phone=Handler (com.android.internal.telephony.PhoneProxy) {3493524f}
08-09 23:26:49.823  1554  1554 D DCT     : [0]getDataOnRoamingEnabled: phoneSubId=1 isDataRoamingEnabled=true
08-09 23:26:49.824  1554  1554 D PhoneFactory: getPhone:- phoneId != DEFAULT_PHONE_ID return sProxyPhones[phoneId] phoneId=0 phone=Handler (com.android.internal.telephony.PhoneProxy) {3493524f}
08-09 23:26:49.825  1554  1554 D DCT     : [0]getDataOnRoamingEnabled: phoneSubId=1 isDataRoamingEnabled=true
08-09 23:26:49.826  1554  1554 D PhoneFactory: getPhone:- phoneId != DEFAULT_PHONE_ID return sProxyPhones[phoneId] phoneId=0 phone=Handler (com.android.internal.telephony.PhoneProxy) {3493524f}
08-09 23:26:49.826  1554  1554 D DCT     : [0]getDataOnRoamingEnabled: phoneSubId=1 isDataRoamingEnabled=true
08-09 23:26:49.828  1554  1554 D PhoneFactory: getPhone:- phoneId != DEFAULT_PHONE_ID return sProxyPhones[phoneId] phoneId=0 phone=Handler (com.android.internal.telephony.PhoneProxy) {3493524f}
08-09 23:26:49.828  1554  1554 D DCT     : [0]getDataOnRoamingEnabled: phoneSubId=1 isDataRoamingEnabled=true
08-09 23:26:49.830  1554  1554 D PhoneFactory: getPhone:- phoneId != DEFAULT_PHONE_ID return sProxyPhones[phoneId] phoneId=0 phone=Handler (com.android.internal.telephony.PhoneProxy) {3493524f}
08-09 23:26:49.831  1554  1554 D DCT     : [0]getDataOnRoamingEnabled: phoneSubId=1 isDataRoamingEnabled=true
08-09 23:26:49.833  1554  1554 D PhoneFactory: getPhone:- phoneId != DEFAULT_PHONE_ID return sProxyPhones[phoneId] phoneId=0 phone=Handler (com.android.internal.telephony.PhoneProxy) {3493524f}
08-09 23:26:49.833  1554  1554 D DCT     : [0]getDataOnRoamingEnabled: phoneSubId=1 isDataRoamingEnabled=true
08-09 23:26:49.835  1554  1554 D PhoneFactory: getPhone:- phoneId != DEFAULT_PHONE_ID return sProxyPhones[phoneId] phoneId=0 phone=Handler (com.android.internal.telephony.PhoneProxy) {3493524f}
08-09 23:26:49.836  1554  1554 D DCT     : [0]getDataOnRoamingEnabled: phoneSubId=1 isDataRoamingEnabled=true
08-09 23:26:49.838  1554  1554 D PhoneFactory: getPhone:- phoneId != DEFAULT_PHONE_ID return sProxyPhones[phoneId] phoneId=0 phone=Handler (com.android.internal.telephony.PhoneProxy) {3493524f}
08-09 23:26:49.839  1554  1554 D DCT     : [0]getDataOnRoamingEnabled: phoneSubId=1 isDataRoamingEnabled=true
08-09 23:26:49.841  1554  1554 D PhoneFactory: getPhone:- phoneId != DEFAULT_PHONE_ID return sProxyPhones[phoneId] phoneId=0 phone=Handler (com.android.internal.telephony.PhoneProxy) {3493524f}
08-09 23:26:49.841  1554  1554 D DCT     : [0]getDataOnRoamingEnabled: phoneSubId=1 isDataRoamingEnabled=true
08-09 23:26:49.842  1554  1554 D PhoneFactory: getPhone:- phoneId != DEFAULT_PHONE_ID return sProxyPhones[phoneId] phoneId=0 phone=Handler (com.android.internal.telephony.PhoneProxy) {3493524f}
08-09 23:26:49.843  1554  1554 D DCT     : [0]getDataOnRoamingEnabled: phoneSubId=1 isDataRoamingEnabled=true
08-09 23:26:49.844  1554  1554 D PhoneFactory: getPhone:- phoneId != DEFAULT_PHONE_ID return sProxyPhones[phoneId] phoneId=0 phone=Handler (com.android.internal.telephony.PhoneProxy) {3493524f}
08-09 23:26:49.844  1554  1554 D DCT     : [0]getDataOnRoamingEnabled: phoneSubId=1 isDataRoamingEnabled=true
08-09 23:26:49.846  1554  1554 D PhoneFactory: getPhone:- phoneId != DEFAULT_PHONE_ID return sProxyPhones[phoneId] phoneId=0 phone=Handler (com.android.internal.telephony.PhoneProxy) {3493524f}
08-09 23:26:49.846  1554  1554 D DCT     : [0]getDataOnRoamingEnabled: phoneSubId=1 isDataRoamingEnabled=true
08-09 23:26:49.847  1554  1554 D PhoneFactory: getPhone:- phoneId != DEFAULT_PHONE_ID return sProxyPhones[phoneId] phoneId=0 phone=Handler (com.android.internal.telephony.PhoneProxy) {3493524f}
08-09 23:26:49.848  1554  1554 D DCT     : [0]getDataOnRoamingEnabled: phoneSubId=1 isDataRoamingEnabled=true
08-09 23:26:49.849  1554  1554 D PhoneFactory: getPhone:- phoneId != DEFAULT_PHONE_ID return sProxyPhones[phoneId] phoneId=0 phone=Handler (com.android.internal.telephony.PhoneProxy) {3493524f}
08-09 23:26:49.849  1554  1554 D DCT     : [0]getDataOnRoamingEnabled: phoneSubId=1 isDataRoamingEnabled=true
08-09 23:26:49.851  1554  1554 D PhoneFactory: getPhone:- phoneId != DEFAULT_PHONE_ID return sProxyPhones[phoneId] phoneId=0 phone=Handler (com.android.internal.telephony.PhoneProxy) {3493524f}
08-09 23:26:49.851  1554  1554 D DCT     : [0]getDataOnRoamingEnabled: phoneSubId=1 isDataRoamingEnabled=true
08-09 23:26:49.852  1554  1554 D PhoneFactory: getPhone:- phoneId != DEFAULT_PHONE_ID return sProxyPhones[phoneId] phoneId=0 phone=Handler (com.android.internal.telephony.PhoneProxy) {3493524f}
08-09 23:26:49.853  1554  1554 D DCT     : [0]getDataOnRoamingEnabled: phoneSubId=1 isDataRoamingEnabled=true
08-09 23:26:49.854  1554  1554 D PhoneFactory: getPhone:- phoneId != DEFAULT_PHONE_ID return sProxyPhones[phoneId] phoneId=0 phone=Handler (com.android.internal.telephony.PhoneProxy) {3493524f}
08-09 23:26:49.854  1554  1554 D DCT     : [0]getDataOnRoamingEnabled: phoneSubId=1 isDataRoamingEnabled=true
08-09 23:26:49.855  1554  1554 D PhoneFactory: getPhone:- phoneId != DEFAULT_PHONE_ID return sProxyPhones[phoneId] phoneId=0 phone=Handler (com.android.internal.telephony.PhoneProxy) {3493524f}
08-09 23:26:49.856  1554  1554 D DCT     : [0]getDataOnRoamingEnabled: phoneSubId=1 isDataRoamingEnabled=true
08-09 23:26:49.857  1554  1554 D PhoneFactory: getPhone:- phoneId != DEFAULT_PHONE_ID return sProxyPhones[phoneId] phoneId=0 phone=Handler (com.android.internal.telephony.PhoneProxy) {3493524f}
08-09 23:26:49.857  1554  1554 D DCT     : [0]getDataOnRoamingEnabled: phoneSubId=1 isDataRoamingEnabled=true
08-09 23:26:49.859  1554  1554 D PhoneFactory: getPhone:- phoneId != DEFAULT_PHONE_ID return sProxyPhones[phoneId] phoneId=0 phone=Handler (com.android.internal.telephony.PhoneProxy) {3493524f}
08-09 23:26:49.859  1554  1554 D DCT     : [0]getDataOnRoamingEnabled: phoneSubId=1 isDataRoamingEnabled=true
08-09 23:26:49.860  1554  1554 D PhoneFactory: getPhone:- phoneId != DEFAULT_PHONE_ID return sProxyPhones[phoneId] phoneId=0 phone=Handler (com.android.internal.telephony.PhoneProxy) {3493524f}
08-09 23:26:49.861  1554  1554 D DCT     : [0]getDataOnRoamingEnabled: phoneSubId=1 isDataRoamingEnabled=true
08-09 23:26:49.862  1554  1554 D PhoneFactory: getPhone:- phoneId != DEFAULT_PHONE_ID return sProxyPhones[phoneId] phoneId=0 phone=Handler (com.android.internal.telephony.PhoneProxy) {3493524f}
08-09 23:26:49.862  1554  1554 D DCT     : [0]getDataOnRoamingEnabled: phoneSubId=1 isDataRoamingEnabled=true
08-09 23:26:49.863  1554  1554 D PhoneFactory: getPhone:- phoneId != DEFAULT_PHONE_ID return sProxyPhones[phoneId] phoneId=0 phone=Handler (com.android.internal.telephony.PhoneProxy) {3493524f}
08-09 23:26:49.864  1554  1554 D DCT     : [0]getDataOnRoamingEnabled: phoneSubId=1 isDataRoamingEnabled=true
08-09 23:26:49.865  1554  1554 D PhoneFactory: getPhone:- phoneId != DEFAULT_PHONE_ID return sProxyPhones[phoneId] phoneId=0 phone=Handler (com.android.internal.telephony.PhoneProxy) {3493524f}
08-09 23:26:49.865  1554  1554 D DCT     : [0]getDataOnRoamingEnabled: phoneSubId=1 isDataRoamingEnabled=true
08-09 23:26:49.866  1554  1554 D PhoneFactory: getPhone:- phoneId != DEFAULT_PHONE_ID return sProxyPhones[phoneId] phoneId=0 phone=Handler (com.android.internal.telephony.PhoneProxy) {3493524f}
08-09 23:26:49.867  1554  1554 D DCT     : [0]getDataOnRoamingEnabled: phoneSubId=1 isDataRoamingEnabled=true
08-09 23:26:49.868  1554  1554 D PhoneFactory: getPhone:- phoneId != DEFAULT_PHONE_ID return sProxyPhones[phoneId] phoneId=0 phone=Handler (com.android.internal.telephony.PhoneProxy) {3493524f}
08-09 23:26:49.868  1554  1554 D DCT     : [0]getDataOnRoamingEnabled: phoneSubId=1 isDataRoamingEnabled=true
08-09 23:26:49.870  1554  1554 D PhoneFactory: getPhone:- phoneId != DEFAULT_PHONE_ID return sProxyPhones[phoneId] phoneId=0 phone=Handler (com.android.internal.telephony.PhoneProxy) {3493524f}
08-09 23:26:49.871  1554  1554 D DCT     : [0]getDataOnRoamingEnabled: phoneSubId=1 isDataRoamingEnabled=true
08-09 23:26:49.872  1554  1554 D PhoneFactory: getPhone:- phoneId != DEFAULT_PHONE_ID return sProxyPhones[phoneId] phoneId=0 phone=Handler (com.android.internal.telephony.PhoneProxy) {3493524f}
08-09 23:26:49.872  1554  1554 D DCT     : [0]getDataOnRoamingEnabled: phoneSubId=1 isDataRoamingEnabled=true
08-09 23:26:49.873  1554  1554 D PhoneFactory: getPhone:- phoneId != DEFAULT_PHONE_ID return sProxyPhones[phoneId] phoneId=0 phone=Handler (com.android.internal.telephony.PhoneProxy) {3493524f}
08-09 23:26:49.873  1554  1554 D DCT     : [0]getDataOnRoamingEnabled: phoneSubId=1 isDataRoamingEnabled=true
08-09 23:26:49.874  1554  1554 D PhoneFactory: getPhone:- phoneId != DEFAULT_PHONE_ID return sProxyPhones[phoneId] phoneId=0 phone=Handler (com.android.internal.telephony.PhoneProxy) {3493524f}
08-09 23:26:49.875  1554  1554 D DCT     : [0]getDataOnRoamingEnabled: phoneSubId=1 isDataRoamingEnabled=true
08-09 23:26:49.876  1554  1554 D PhoneFactory: getPhone:- phoneId != DEFAULT_PHONE_ID return sProxyPhones[phoneId] phoneId=0 phone=Handler (com.android.internal.telephony.PhoneProxy) {3493524f}
08-09 23:26:49.877  1554  1554 D DCT     : [0]getDataOnRoamingEnabled: phoneSubId=1 isDataRoamingEnabled=true
08-09 23:26:49.878  1554  1554 D PhoneFactory: getPhone:- phoneId != DEFAULT_PHONE_ID return sProxyPhones[phoneId] phoneId=0 phone=Handler (com.android.internal.telephony.PhoneProxy) {3493524f}
08-09 23:26:49.878  1554  1554 D DCT     : [0]getDataOnRoamingEnabled: phoneSubId=1 isDataRoamingEnabled=true
08-09 23:26:49.879  1554  1554 D PhoneFactory: getPhone:- phoneId != DEFAULT_PHONE_ID return sProxyPhones[phoneId] phoneId=0 phone=Handler (com.android.internal.telephony.PhoneProxy) {3493524f}
08-09 23:26:49.879  1554  1554 D DCT     : [0]getDataOnRoamingEnabled: phoneSubId=1 isDataRoamingEnabled=true
08-09 23:26:49.881  1554  1554 D PhoneFactory: getPhone:- phoneId != DEFAULT_PHONE_ID return sProxyPhones[phoneId] phoneId=0 phone=Handler (com.android.internal.telephony.PhoneProxy) {3493524f}
08-09 23:26:49.881  1554  1554 D DCT     : [0]getDataOnRoamingEnabled: phoneSubId=1 isDataRoamingEnabled=true
08-09 23:26:49.882  1554  1554 D PhoneFactory: getPhone:- phoneId != DEFAULT_PHONE_ID return sProxyPhones[phoneId] phoneId=0 phone=Handler (com.android.internal.telephony.PhoneProxy) {3493524f}
08-09 23:26:49.883  1554  1554 D DCT     : [0]getDataOnRoamingEnabled: phoneSubId=1 isDataRoamingEnabled=true
08-09 23:26:49.884  1554  1554 D PhoneFactory: getPhone:- phoneId != DEFAULT_PHONE_ID return sProxyPhones[phoneId] phoneId=0 phone=Handler (com.android.internal.telephony.PhoneProxy) {3493524f}
08-09 23:26:49.885  1554  1554 D DCT     : [0]getDataOnRoamingEnabled: phoneSubId=1 isDataRoamingEnabled=true
08-09 23:26:49.887  1554  1554 D PhoneFactory: getPhone:- phoneId != DEFAULT_PHONE_ID return sProxyPhones[phoneId] phoneId=0 phone=Handler (com.android.internal.telephony.PhoneProxy) {3493524f}
08-09 23:26:49.888  1554  1554 D DCT     : [0]getDataOnRoamingEnabled: phoneSubId=1 isDataRoamingEnabled=true
08-09 23:26:49.889  1554  1554 D PhoneFactory: getPhone:- phoneId != DEFAULT_PHONE_ID return sProxyPhones[phoneId] phoneId=0 phone=Handler (com.android.internal.telephony.PhoneProxy) {3493524f}
08-09 23:26:49.889  1554  1554 D DCT     : [0]getDataOnRoamingEnabled: phoneSubId=1 isDataRoamingEnabled=true
08-09 23:26:49.890  1554  1554 D PhoneFactory: getPhone:- phoneId != DEFAULT_PHONE_ID return sProxyPhones[phoneId] phoneId=0 phone=Handler (com.android.internal.telephony.PhoneProxy) {3493524f}
08-09 23:26:49.891  1554  1554 D DCT     : [0]getDataOnRoamingEnabled: phoneSubId=1 isDataRoamingEnabled=true
08-09 23:26:49.892  1554  1554 D PhoneFactory: getPhone:- phoneId != DEFAULT_PHONE_ID return sProxyPhones[phoneId] phoneId=0 phone=Handler (com.android.internal.telephony.PhoneProxy) {3493524f}
08-09 23:26:49.892  1554  1554 D DCT     : [0]getDataOnRoamingEnabled: phoneSubId=1 isDataRoamingEnabled=true
08-09 23:26:49.893  1554  1554 D PhoneFactory: getPhone:- phoneId != DEFAULT_PHONE_ID return sProxyPhones[phoneId] phoneId=0 phone=Handler (com.android.internal.telephony.PhoneProxy) {3493524f}
08-09 23:26:49.894  1554  1554 D DCT     : [0]getDataOnRoamingEnabled: phoneSubId=1 isDataRoamingEnabled=true
08-09 23:26:49.895  1554  1554 D PhoneFactory: getPhone:- phoneId != DEFAULT_PHONE_ID return sProxyPhones[phoneId] phoneId=0 phone=Handler (com.android.internal.telephony.PhoneProxy) {3493524f}
08-09 23:26:49.895  1554  1554 D DCT     : [0]getDataOnRoamingEnabled: phoneSubId=1 isDataRoamingEnabled=true
08-09 23:26:49.896  1554  1554 D PhoneFactory: getPhone:- phoneId != DEFAULT_PHONE_ID return sProxyPhones[phoneId] phoneId=0 phone=Handler (com.android.internal.telephony.PhoneProxy) {3493524f}
08-09 23:26:49.897  1554  1554 D DCT     : [0]getDataOnRoamingEnabled: phoneSubId=1 isDataRoamingEnabled=true
08-09 23:26:49.898  1554  1554 D PhoneFactory: getPhone:- phoneId != DEFAULT_PHONE_ID return sProxyPhones[phoneId] phoneId=0 phone=Handler (com.android.internal.telephony.PhoneProxy) {3493524f}
08-09 23:26:49.898  1554  1554 D DCT     : [0]getDataOnRoamingEnabled: phoneSubId=1 isDataRoamingEnabled=true
08-09 23:26:49.900  1554  1554 D PhoneFactory: getPhone:- phoneId != DEFAULT_PHONE_ID return sProxyPhones[phoneId] phoneId=0 phone=Handler (com.android.internal.telephony.PhoneProxy) {3493524f}
08-09 23:26:49.901  1554  1554 D DCT     : [0]getDataOnRoamingEnabled: phoneSubId=1 isDataRoamingEnabled=true
08-09 23:26:49.902  1554  1554 D PhoneFactory: getPhone:- phoneId != DEFAULT_PHONE_ID return sProxyPhones[phoneId] phoneId=0 phone=Handler (com.android.internal.telephony.PhoneProxy) {3493524f}
08-09 23:26:49.902  1554  1554 D DCT     : [0]getDataOnRoamingEnabled: phoneSubId=1 isDataRoamingEnabled=true
08-09 23:26:49.903  1554  1554 D PhoneFactory: getPhone:- phoneId != DEFAULT_PHONE_ID return sProxyPhones[phoneId] phoneId=0 phone=Handler (com.android.internal.telephony.PhoneProxy) {3493524f}
08-09 23:26:49.904  1554  1554 D DCT     : [0]getDataOnRoamingEnabled: phoneSubId=1 isDataRoamingEnabled=true
08-09 23:26:49.904  1554  1554 D GsmSST  : [GsmSST] SubscriptionListener.onSubscriptionInfoChanged
08-09 23:26:49.904  1554  1554 D DCT     : [0]SubscriptionListener.onSubscriptionInfoChanged
08-09 23:26:49.909  1554  1554 D DctController: onSubInfoReady mPhoneNum=1
08-09 23:26:49.909  1554  1554 D DctController: onSubInfoReady handle pending requests subId=1
08-09 23:26:49.909  1554  1554 D DctController: [TNF 1]evalPendingRequest, pending request size is 0
08-09 23:26:49.909  1554  1554 D DctController: processRequests
08-09 23:26:49.910  1554  1554 D SubscriptionController: [getActiveSubInfoList]+
08-09 23:26:49.914  1554  1554 D SubscriptionController: selection:sim_id>=0 null
08-09 23:26:49.933   189   258 E RILQ    : (0/189): RIL[0][event] qcril_gstk_qmi_process_raw_command_callback: Proactive command size (0) less than minimum (11)
08-09 23:26:49.974  1554  1554 D TelephonyManager: getTelephonyProperty: return propVal='cn' phoneId=0 property='gsm.sim.operator.iso-country' defaultVal='' prop=cn
08-09 23:26:49.975  1554  1554 D SubscriptionController: [getSubInfoRecord] id:1 iccid:89860115921101579076 simSlotIndex:0 displayName:CARD 1 nameSource:0 iconTint:-16746133 dataRoaming:0 mcc:460 mnc:1 countIso:cn
08-09 23:26:49.976  1554  1554 D PhoneFactory: getPhone:- phoneId != DEFAULT_PHONE_ID return sProxyPhones[phoneId] phoneId=0 phone=Handler (com.android.internal.telephony.PhoneProxy) {3493524f}
08-09 23:26:49.980  1554  1554 D SubscriptionController: [getActiveSubInfoList]- 1 infos return
08-09 23:26:49.985  1554  1554 E PhoneBase: Error! unregisterForCallWaiting() in PhoneBase should not be called, CDMAPhone inactive.
08-09 23:26:51.072   189   534 I RILQ    : (0/189):RIL[0][qmi_cb] qcril_qmi_nas_update_data_rte: completed, new drte 0 with confidence 4
08-09 23:26:51.074   189   534 I RILC    : RIL_SOCKET_1 UNSOLICITED: UNSOL_RESPONSE_VOICE_NETWORK_STATE_CHANGED length:8
08-09 23:26:51.074   189   534 E RILC    : Send Response to RIL_SOCKET_1
08-09 23:26:51.075  1554  1829 D RILJ    : [UNSL]< UNSOL_RESPONSE_VOICE_NETWORK_STATE_CHANGED [SUB0]
08-09 23:26:51.779  1554  1554 D PhoneFactory: getPhone:- phoneId != DEFAULT_PHONE_ID return sProxyPhones[phoneId] phoneId=0 phone=Handler (com.android.internal.telephony.PhoneProxy) {3493524f}
08-09 23:26:51.782  1554  1554 D TelephonyManager: getTelephonyProperty: return propVal='null' phoneId=0 property='gsm.operator.alpha' defaultVal='' prop=
08-09 23:26:51.838  1554  1554 E PhoneBase: Error! registerForCallWaiting() in PhoneBase should not be called, CDMAPhone inactive.
08-09 23:26:51.843  1554  1554 D DctController: handleMessage msg={ when=-2s345ms what=100 target=com.android.internal.telephony.dataconnection.DctController }
08-09 23:26:51.845  1554  1554 D DctController: selectExecPhone requestInfo = [ request=NetworkRequest [ id=1, legacyType=-1, [ Capabilities: INTERNET&NOT_RESTRICTED&TRUSTED&NOT_VPN] ], executed=false, priority=0]
08-09 23:26:51.845  1554  1554 D DctController: getTopPriorityRequestPhoneId = 0, priority = 0
08-09 23:26:51.847  1554  1554 D DcSwitchAsyncChannel: [DcSwitchAsyncChannel-0]: rspIsIdle=true
08-09 23:26:51.847  1554  1554 D DctController: onProcessRequest phoneId=0, activePhoneId=-1
08-09 23:26:51.847  1554  2097 D DcSwitchSM: [DcSwitchStateMachine-0] IdleState: REQ_CONNECT
08-09 23:26:51.848  1554  2097 D RILJ    : [3738]> RIL_REQUEST_ALLOW_DATA [SUB0]
08-09 23:26:51.849  1554  2097 D DcSwitchSM: [DcSwitchStateMachine-0] AttachingState: enter
08-09 23:26:51.849  1554  1554 D DcSwitchAsyncChannel: [DcSwitchAsyncChannel-0]: rspConnect=1
08-09 23:26:51.850  1554  1554 D DctController: handleMessage msg={ when=-2s351ms what=100 target=com.android.internal.telephony.dataconnection.DctController }
08-09 23:26:51.850   189   243 D RILC    : RequestComplete, RIL_SOCKET_1
08-09 23:26:51.850   189   243 E RILC    : Send Response to RIL_SOCKET_1
08-09 23:26:51.851  1554  1554 D DctController: selectExecPhone requestInfo = [ request=NetworkRequest [ id=1, legacyType=-1, [ Capabilities: INTERNET&NOT_RESTRICTED&TRUSTED&NOT_VPN] ], executed=false, priority=0]
08-09 23:26:51.851  1554  1829 D RilRequest: [3738]< RIL_REQUEST_ALLOW_DATA error: com.android.internal.telephony.CommandException: REQUEST_NOT_SUPPORTED ret=
08-09 23:26:51.852  1554  1554 D DctController: getTopPriorityRequestPhoneId = 0, priority = 0
08-09 23:26:51.852  1554  1554 D DcSwitchAsyncChannel: [DcSwitchAsyncChannel-0]: rspIsIdle=false
08-09 23:26:51.852  1554  1554 D DctController: onProcessRequest phoneId=0, activePhoneId=0
08-09 23:26:51.853  1554  2097 D DcSwitchSM: [DcSwitchStateMachine-0] AttachingState: REQ_CONNECT
08-09 23:26:51.853  1554  2097 D RILJ    : [3739]> RIL_REQUEST_ALLOW_DATA [SUB0]
08-09 23:26:51.855  1554  1554 D DcSwitchAsyncChannel: [DcSwitchAsyncChannel-0]: rspConnect=1
08-09 23:26:51.856   189   243 D RILC    : RequestComplete, RIL_SOCKET_1
08-09 23:26:51.856   189   243 E RILC    : Send Response to RIL_SOCKET_1
08-09 23:26:51.856  1554  1829 D RilRequest: [3739]< RIL_REQUEST_ALLOW_DATA error: com.android.internal.telephony.CommandException: REQUEST_NOT_SUPPORTED ret=
08-09 23:26:51.914  1554  1554 D DctController: handleMessage msg={ when=-2s221ms what=100 target=com.android.internal.telephony.dataconnection.DctController }
08-09 23:26:51.916  1554  1554 D DctController: selectExecPhone requestInfo = [ request=NetworkRequest [ id=1, legacyType=-1, [ Capabilities: INTERNET&NOT_RESTRICTED&TRUSTED&NOT_VPN] ], executed=false, priority=0]
08-09 23:26:51.916  1554  1554 D DctController: getTopPriorityRequestPhoneId = 0, priority = 0
08-09 23:26:51.917  1554  1554 D DcSwitchAsyncChannel: [DcSwitchAsyncChannel-0]: rspIsIdle=false
08-09 23:26:51.917  1554  1554 D DctController: onProcessRequest phoneId=0, activePhoneId=0
08-09 23:26:51.918  1554  2097 D DcSwitchSM: [DcSwitchStateMachine-0] AttachingState: REQ_CONNECT
08-09 23:26:51.918  1554  2097 D RILJ    : [3740]> RIL_REQUEST_ALLOW_DATA [SUB0]
08-09 23:26:51.920  1554  1554 D DcSwitchAsyncChannel: [DcSwitchAsyncChannel-0]: rspConnect=1
08-09 23:26:51.920   189   243 D RILC    : RequestComplete, RIL_SOCKET_1
08-09 23:26:51.920   189   243 E RILC    : Send Response to RIL_SOCKET_1
08-09 23:26:51.920  1554  1554 D DctController: handleMessage msg={ when=-2s11ms what=100 target=com.android.internal.telephony.dataconnection.DctController }
08-09 23:26:51.921  1554  1829 D RilRequest: [3740]< RIL_REQUEST_ALLOW_DATA error: com.android.internal.telephony.CommandException: REQUEST_NOT_SUPPORTED ret=
08-09 23:26:51.922  1554  1554 D DctController: selectExecPhone requestInfo = [ request=NetworkRequest [ id=1, legacyType=-1, [ Capabilities: INTERNET&NOT_RESTRICTED&TRUSTED&NOT_VPN] ], executed=false, priority=0]
08-09 23:26:51.922  1554  1554 D DctController: getTopPriorityRequestPhoneId = 0, priority = 0
08-09 23:26:51.923  1554  1554 D DcSwitchAsyncChannel: [DcSwitchAsyncChannel-0]: rspIsIdle=false
08-09 23:26:51.923  1554  1554 D DctController: onProcessRequest phoneId=0, activePhoneId=0
08-09 23:26:51.924  1554  2097 D DcSwitchSM: [DcSwitchStateMachine-0] AttachingState: REQ_CONNECT
08-09 23:26:51.924  1554  2097 D RILJ    : [3741]> RIL_REQUEST_ALLOW_DATA [SUB0]
08-09 23:26:51.927  1554  1554 D DcSwitchAsyncChannel: [DcSwitchAsyncChannel-0]: rspConnect=1
08-09 23:26:51.927   189   243 D RILC    : RequestComplete, RIL_SOCKET_1
08-09 23:26:51.927   189   243 E RILC    : Send Response to RIL_SOCKET_1
08-09 23:26:51.927  1554  1554 D RILJ    : [3742]> OPERATOR [SUB0]
08-09 23:26:51.928  1554  1829 D RilRequest: [3741]< RIL_REQUEST_ALLOW_DATA error: com.android.internal.telephony.CommandException: REQUEST_NOT_SUPPORTED ret=
08-09 23:26:51.929  1554  1554 D RILJ    : [3743]> DATA_REGISTRATION_STATE [SUB0]
08-09 23:26:51.930   189  2491 D RILC    : RequestComplete, RIL_SOCKET_1
08-09 23:26:51.930   189  2491 E RILC    : Send Response to RIL_SOCKET_1
08-09 23:26:51.930  1554  1554 D RILJ    : [3744]> VOICE_REGISTRATION_STATE [SUB0]
08-09 23:26:51.931  1554  1829 D RILJ    : [3742]< OPERATOR {null, null, null} [SUB0]
08-09 23:26:51.933   189  2492 D RILC    : RequestComplete, RIL_SOCKET_1
08-09 23:26:51.933   189  2492 E RILC    : Send Response to RIL_SOCKET_1
08-09 23:26:51.935  1554  1554 D RILJ    : [3745]> QUERY_NETWORK_SELECTION_MODE [SUB0]
08-09 23:26:51.935  1554  1829 D RILJ    : [3743]< DATA_REGISTRATION_STATE {2, null, null, null, 0, 20, null, null, null, null, null} [SUB0]
08-09 23:26:51.937  1554  1554 D PHONE   : [ServiceState] setDataRegState=1
08-09 23:26:51.937  1554  1554 D PHONE   : [ServiceState] setDataRadioTechnology=0
08-09 23:26:51.937  1554  1554 D GsmSST  : [GsmSST] handlPollStateResultMessage: GsmSST setDataRegState=1 regState=2 dataRadioTechnology=0
08-09 23:26:51.937   189  2495 D RILC    : RequestComplete, RIL_SOCKET_1
08-09 23:26:51.937   189  2495 E RILC    : Send Response to RIL_SOCKET_1
08-09 23:26:51.938   189  2493 I RILQ    : (0/189):RIL[0][cmd-20(488)] qcril_qmi_nas_update_data_rte: completed, new drte 0 with confidence 4
08-09 23:26:51.938  1554  1829 D RILJ    : [3745]< QUERY_NETWORK_SELECTION_MODE {0} [SUB0]
08-09 23:26:51.940   189  2493 D RILC    : RequestComplete, RIL_SOCKET_1
08-09 23:26:51.940   189  2493 E RILC    : Send Response to RIL_SOCKET_1
08-09 23:26:51.941  1554  1829 D RILJ    : [3744]< VOICE_REGISTRATION_STATE {2, null, null, 0, null, null, null, 0, null, null, null, null, null, 0, null} [SUB0]
08-09 23:26:51.941  1554  1554 D PHONE   : [ServiceState] setVoiceRegState=1
08-09 23:26:51.941  1554  1554 E PHONE   : [ServiceState] setState deprecated use setVoiceRegState()
08-09 23:26:51.943  1554  1554 D GsmSST  : [GsmSST] Poll ServiceState done:  oldSS=[1 1 voice home data home null null null null null null  Unknown Unknown CSS not supported -1 -1 RoamInd=-1 DefRoamInd=-1 EmergOnly=false] newSS=[1 1 voice home data home null null null null null null  Unknown Unknown CSS not supported -1 -1 RoamInd=-1 DefRoamInd=-1 EmergOnly=false] oldMaxDataCalls=20 mNewMaxDataCalls=20 oldReasonDataDenied=-1 mNewReasonDataDenied=-1
08-09 23:26:51.943  1554  1554 D PHONE   : [ServiceState] setNullState=1
08-09 23:26:59.451   189   243 I RILC    : RIL_SOCKET_1 UNSOLICITED: UNSOL_RESPONSE_VOICE_NETWORK_STATE_CHANGED length:8
08-09 23:26:59.451   189   243 E RILC    : Send Response to RIL_SOCKET_1
08-09 23:26:59.454  1554  1829 D RILJ    : [UNSL]< UNSOL_RESPONSE_VOICE_NETWORK_STATE_CHANGED [SUB0]
08-09 23:26:59.457  1554  1554 D RILJ    : [3746]> OPERATOR [SUB0]
08-09 23:26:59.472  1554  1554 D RILJ    : [3747]> DATA_REGISTRATION_STATE [SUB0]
08-09 23:26:59.485  1554  1554 D RILJ    : [3748]> VOICE_REGISTRATION_STATE [SUB0]
08-09 23:26:59.487   189  2550 D RILC    : RequestComplete, RIL_SOCKET_1
08-09 23:26:59.487   189  2550 E RILC    : Send Response to RIL_SOCKET_1
08-09 23:26:59.490  1554  1829 D RILJ    : [3746]< OPERATOR {null, null, null} [SUB0]
08-09 23:26:59.508  1554  1554 D RILJ    : [3749]> QUERY_NETWORK_SELECTION_MODE [SUB0]
08-09 23:26:59.512   189  2551 D RILC    : RequestComplete, RIL_SOCKET_1
08-09 23:26:59.515   189  2552 I RILQ    : (0/189):RIL[0][cmd-20(488)] qcril_qmi_nas_update_data_rte: completed, new drte 0 with confidence 4
08-09 23:26:59.517   189  2551 E RILC    : Send Response to RIL_SOCKET_1
08-09 23:26:59.517  1554  1829 D RILJ    : [3747]< DATA_REGISTRATION_STATE {2, null, null, null, 0, 20, null, null, null, null, null} [SUB0]
08-09 23:26:59.518  1554  1554 D PHONE   : [ServiceState] setDataRegState=1
08-09 23:26:59.518  1554  1554 D PHONE   : [ServiceState] setDataRadioTechnology=0
08-09 23:26:59.519  1554  1554 D GsmSST  : [GsmSST] handlPollStateResultMessage: GsmSST setDataRegState=1 regState=2 dataRadioTechnology=0
08-09 23:26:59.519   189  2552 D RILC    : RequestComplete, RIL_SOCKET_1
08-09 23:26:59.519   189  2552 E RILC    : Send Response to RIL_SOCKET_1
08-09 23:26:59.520  1554  1829 D RILJ    : [3748]< VOICE_REGISTRATION_STATE {2, null, null, 0, null, null, null, 0, null, null, null, null, null, 0, null} [SUB0]
08-09 23:26:59.520  1554  1554 D PHONE   : [ServiceState] setVoiceRegState=1
08-09 23:26:59.520  1554  1554 E PHONE   : [ServiceState] setState deprecated use setVoiceRegState()
08-09 23:26:59.521   189  2553 D RILC    : RequestComplete, RIL_SOCKET_1
08-09 23:26:59.521   189  2553 E RILC    : Send Response to RIL_SOCKET_1
08-09 23:26:59.521  1554  1829 D RILJ    : [3749]< QUERY_NETWORK_SELECTION_MODE {0} [SUB0]
08-09 23:26:59.524  1554  1554 D GsmSST  : [GsmSST] Poll ServiceState done:  oldSS=[1 1 voice home data home null null null null null null  Unknown Unknown CSS not supported -1 -1 RoamInd=-1 DefRoamInd=-1 EmergOnly=false] newSS=[1 1 voice home data home null null null null null null  Unknown Unknown CSS not supported -1 -1 RoamInd=-1 DefRoamInd=-1 EmergOnly=false] oldMaxDataCalls=20 mNewMaxDataCalls=20 oldReasonDataDenied=-1 mNewReasonDataDenied=-1
08-09 23:26:59.524  1554  1554 D PHONE   : [ServiceState] setNullState=1
08-09 23:27:11.633   189   534 I RILQ    : (0/189):RIL[0][qmi_cb] qcril_qmi_nas_update_data_rte: completed, new drte 0 with confidence 4
08-09 23:27:11.641   189   258 I RILQ    : (0/189):RIL[0][event] qcril_qmi_nas_evaluate_custom_emergency_numbers_for_card: cur_status 17408, card_state 3
08-09 23:27:11.641   189   258 I RILQ    : (0/189):RIL[0][event] qcril_qmi_nas_evaluate_custom_emergency_numbers_for_card: card_mcc 460, card_mnc 01
