04-14 09:21:00.505  1554  1554 D GsmSST  : [GsmSST] Poll ServiceState done:  oldSS=[1 1 voice home data home null null null null null null  Unknown Unknown CSS not supported -1 -1 RoamInd=-1 DefRoamInd=-1 EmergOnly=true] newSS=[1 1 voice home data home null null null null null null  Unknown Unknown CSS not supported -1 -1 RoamInd=-1 DefRoamInd=-1 EmergOnly=true] oldMaxDataCalls=20 mNewMaxDataCalls=20 oldReasonDataDenied=-1 mNewReasonDataDenied=-1
04-14 09:21:00.505  1554  1554 D PHONE   : [ServiceState] setNullState=1
04-14 09:21:01.145  1554  2099 D DCT     : [0]hasMatchedTetherApnSetting: APN=null
04-14 09:21:58.955  1554  1554 D DCT     : [0]onReceive: action=android.intent.action.SCREEN_OFF
04-14 09:21:58.955  1554  1554 D DCT     : [0]stopNetStatPoll
04-14 09:21:58.959  1554  1554 D DCT     : [0]overall state is IDLE
04-14 09:21:59.426  1554  1554 D RILJ    : [3846]> SCREEN_STATE: false [SUB0]
04-14 09:21:59.428   189   243 D RILC    : RequestComplete, RIL_SOCKET_1
04-14 09:21:59.428   189   243 E RILC    : Send Response to RIL_SOCKET_1
04-14 09:21:59.428  1554  1829 D RILJ    : [3846]< SCREEN_STATE  [SUB0]
04-14 09:21:59.442   189   258 I RILQ    : (0/189):RIL[0][event] qcril_arb_set_data_sys_status: recvd data_sys_status nw=0x0, rat_mask=0x8000, so_mask=0x0
04-14 09:21:59.442   189   258 I RILQ    : (0/189):RIL[0][event] qcril_arb_set_data_sys_status: recvd data_sys_status nw=0x1, rat_mask=0x0, so_mask=0x0
04-14 09:21:59.442   189   258 I RILQ    : (0/189):RIL[0][event] qcril_qmi_nas_update_data_rte: completed, new drte 0 with confidence 4
04-14 09:21:59.443   189   258 I RILC    : RIL_SOCKET_1 UNSOLICITED: UNSOL_RESPONSE_VOICE_NETWORK_STATE_CHANGED length:8
04-14 09:21:59.443   189   258 E RILC    : Send Response to RIL_SOCKET_1
04-14 09:21:59.443  1554  1829 D RILJ    : [UNSL]< UNSOL_RESPONSE_VOICE_NETWORK_STATE_CHANGED [SUB0]
04-14 09:21:59.444  1554  1554 D RILJ    : [3847]> OPERATOR [SUB0]
04-14 09:21:59.445  1554  1554 D RILJ    : [3848]> DATA_REGISTRATION_STATE [SUB0]
04-14 09:21:59.448  1554  1554 D RILJ    : [3849]> VOICE_REGISTRATION_STATE [SUB0]
04-14 09:21:59.450   189   258 I RILC    : RIL_SOCKET_1 UNSOLICITED: UNSOL_SIGNAL_STRENGTH length:60
04-14 09:21:59.450   189   258 E RILC    : Send Response to RIL_SOCKET_1
04-14 09:21:59.451  1554  1554 D RILJ    : [3850]> QUERY_NETWORK_SELECTION_MODE [SUB0]
04-14 09:21:59.453  1554  1554 D DefaultPhoneNotifier: notifySignalStrength: mRegistry=com.android.internal.telephony.ITelephonyRegistry$Stub$Proxy@18013c47 ss=SignalStrength: 15 0 -120 -160 -120 -1 -1 99 2147483647 2147483647 2147483647 2147483647 gsm|lte sender=Handler (com.android.internal.telephony.gsm.GSMPhone) {3de84ddc}
04-14 09:21:59.457   189  6270 D RILC    : RequestComplete, RIL_SOCKET_1
04-14 09:21:59.457   189  6270 E RILC    : Send Response to RIL_SOCKET_1
04-14 09:21:59.458  1554  1829 D RILJ    : [3847]< OPERATOR {null, null, null} [SUB0]
04-14 09:21:59.459   189  6273 D RILC    : RequestComplete, RIL_SOCKET_1
04-14 09:21:59.459   189  6273 E RILC    : Send Response to RIL_SOCKET_1
04-14 09:21:59.459  1554  1829 D RILJ    : [3850]< QUERY_NETWORK_SELECTION_MODE {0} [SUB0]
04-14 09:21:59.460   189  6272 D RILC    : RequestComplete, RIL_SOCKET_1
04-14 09:21:59.460   189  6272 E RILC    : Send Response to RIL_SOCKET_1
04-14 09:21:59.461  1554  1829 D RILJ    : [3849]< VOICE_REGISTRATION_STATE {13, null, null, 0, null, null, null, 0, null, null, null, null, null, 2, fc} [SUB0]
04-14 09:21:59.462  1554  1554 D PHONE   : [ServiceState] setVoiceRegState=1
04-14 09:21:59.462  1554  1554 E PHONE   : [ServiceState] setState deprecated use setVoiceRegState()
04-14 09:21:59.462   189  6271 D RILC    : RequestComplete, RIL_SOCKET_1
04-14 09:21:59.462   189  6271 E RILC    : Send Response to RIL_SOCKET_1
04-14 09:21:59.469  1554  1829 D RILJ    : [3848]< DATA_REGISTRATION_STATE {2, null, null, null, 0, 20, null, null, null, null, null} [SUB0]
04-14 09:21:59.469  1554  1554 D PHONE   : [ServiceState] setDataRegState=1
04-14 09:21:59.469  1554  1554 D PHONE   : [ServiceState] setDataRadioTechnology=0
04-14 09:21:59.469  1554  1554 D GsmSST  : [GsmSST] handlPollStateResultMessage: GsmSST setDataRegState=1 regState=2 dataRadioTechnology=0
04-14 09:21:59.471  1554  1554 D GsmSST  : [GsmSST] Poll ServiceState done:  oldSS=[1 1 voice home data home null null null null null null  Unknown Unknown CSS not supported -1 -1 RoamInd=-1 DefRoamInd=-1 EmergOnly=true] newSS=[1 1 voice home data home null null null null null null  Unknown Unknown CSS not supported -1 -1 RoamInd=-1 DefRoamInd=-1 EmergOnly=true] oldMaxDataCalls=20 mNewMaxDataCalls=20 oldReasonDataDenied=-1 mNewReasonDataDenied=-1
04-14 09:21:59.471  1554  1554 D PHONE   : [ServiceState] setNullState=1
04-14 09:22:04.071  1554  1587 D DCT     : [0]hasMatchedTetherApnSetting: APN=null
04-14 09:23:19.893  1554  1554 D DCT     : [0]onReceive: action=android.intent.action.SCREEN_ON
04-14 09:23:19.893  1554  1554 D DCT     : [0]stopNetStatPoll
04-14 09:23:19.895  1554  1554 D DCT     : [0]overall state is IDLE
04-14 09:23:20.128  1554  1554 D RILJ    : [3851]> SCREEN_STATE: true [SUB0]
04-14 09:23:20.136   189   243 D RILC    : RequestComplete, RIL_SOCKET_1
04-14 09:23:20.136   189   243 E RILC    : Send Response to RIL_SOCKET_1
04-14 09:23:20.137  1554  1829 D RILJ    : [3851]< SCREEN_STATE  [SUB0]
04-14 09:23:20.152   189   258 I RILQ    : (0/189):RIL[0][event] qcril_qmi_nas_update_data_rte: completed, new drte 0 with confidence 4
04-14 09:23:20.158   189   258 I RILC    : RIL_SOCKET_1 UNSOLICITED: UNSOL_RESPONSE_VOICE_NETWORK_STATE_CHANGED length:8
04-14 09:23:20.158   189   258 E RILC    : Send Response to RIL_SOCKET_1
04-14 09:23:20.159  1554  1829 D RILJ    : [UNSL]< UNSOL_RESPONSE_VOICE_NETWORK_STATE_CHANGED [SUB0]
04-14 09:23:20.159  1554  1554 D RILJ    : [3852]> OPERATOR [SUB0]
04-14 09:23:20.161  1554  1554 D RILJ    : [3853]> DATA_REGISTRATION_STATE [SUB0]
04-14 09:23:20.164  1554  1554 D RILJ    : [3854]> VOICE_REGISTRATION_STATE [SUB0]
04-14 09:23:20.165   189  6340 D RILC    : RequestComplete, RIL_SOCKET_1
04-14 09:23:20.165   189  6340 E RILC    : Send Response to RIL_SOCKET_1
04-14 09:23:20.166  1554  1554 D RILJ    : [3855]> QUERY_NETWORK_SELECTION_MODE [SUB0]
04-14 09:23:20.166  1554  1829 D RILJ    : [3852]< OPERATOR {null, null, null} [SUB0]
04-14 09:23:20.169   189  6343 D RILC    : RequestComplete, RIL_SOCKET_1
04-14 09:23:20.169   189  6343 E RILC    : Send Response to RIL_SOCKET_1
04-14 09:23:20.169  1554  1829 D RILJ    : [3855]< QUERY_NETWORK_SELECTION_MODE {0} [SUB0]
04-14 09:23:20.171   189  6341 D RILC    : RequestComplete, RIL_SOCKET_1
04-14 09:23:20.171   189  6341 E RILC    : Send Response to RIL_SOCKET_1
04-14 09:23:20.172  1554  1829 D RILJ    : [3853]< DATA_REGISTRATION_STATE {2, null, null, null, 0, 20, null, null, null, null, null} [SUB0]
04-14 09:23:20.173  1554  1554 D PHONE   : [ServiceState] setDataRegState=1
04-14 09:23:20.173  1554  1554 D PHONE   : [ServiceState] setDataRadioTechnology=0
04-14 09:23:20.173  1554  1554 D GsmSST  : [GsmSST] handlPollStateResultMessage: GsmSST setDataRegState=1 regState=2 dataRadioTechnology=0
04-14 09:23:20.173   189   258 I RILQ    : (0/189):RIL[0][event] qcril_qmi_nas_evaluate_custom_emergency_numbers_for_card: cur_status 1024, card_state 3
04-14 09:23:20.173   189   258 I RILQ    : (0/189):RIL[0][event] qcril_qmi_nas_evaluate_custom_emergency_numbers_for_card: card_mcc 460, card_mnc 01
04-14 09:23:20.175   189   258 I RILC    : RIL_SOCKET_1 UNSOLICITED: UNSOL_SIGNAL_STRENGTH length:60
04-14 09:23:20.175   189   258 E RILC    : Send Response to RIL_SOCKET_1
04-14 09:23:20.175   189  6342 D RILC    : RequestComplete, RIL_SOCKET_1
04-14 09:23:20.175   189  6342 E RILC    : Send Response to RIL_SOCKET_1
04-14 09:23:20.176  1554  1829 D RILJ    : [3854]< VOICE_REGISTRATION_STATE {13, null, null, 0, null, null, null, 0, null, null, null, null, null, 2, fc} [SUB0]
04-14 09:23:20.177   189   534 E RILQ    : (0/189): RIL[0][qmi_cb] get_ecc_property_name: ecc list name : ril.ecclist.
04-14 09:23:20.178  1554  1554 D DefaultPhoneNotifier: notifySignalStrength: mRegistry=com.android.internal.telephony.ITelephonyRegistry$Stub$Proxy@18013c47 ss=SignalStrength: 15 0 -120 -160 -120 -1 -1 99 2147483647 2147483647 2147483647 2147483647 gsm|lte sender=Handler (com.android.internal.telephony.gsm.GSMPhone) {3de84ddc}
04-14 09:23:20.179   189   258 I RILQ    : (0/189):RIL[0][event] qcril_qmi_nas_evaluate_custom_emergency_numbers_for_card: cur_status 1024, card_state 3
04-14 09:23:20.179   189   258 I RILQ    : (0/189):RIL[0][event] qcril_qmi_nas_evaluate_custom_emergency_numbers_for_card: card_mcc 460, card_mnc 01
04-14 09:23:20.181  1554  1554 D PHONE   : [ServiceState] setVoiceRegState=1
04-14 09:23:20.181  1554  1554 E PHONE   : [ServiceState] setState deprecated use setVoiceRegState()
04-14 09:23:20.194  1554  1554 D GsmSST  : [GsmSST] Poll ServiceState done:  oldSS=[1 1 voice home data home null null null null null null  Unknown Unknown CSS not supported -1 -1 RoamInd=-1 DefRoamInd=-1 EmergOnly=true] newSS=[1 1 voice home data home null null null null null null  Unknown Unknown CSS not supported -1 -1 RoamInd=-1 DefRoamInd=-1 EmergOnly=true] oldMaxDataCalls=20 mNewMaxDataCalls=20 oldReasonDataDenied=-1 mNewReasonDataDenied=-1
04-14 09:23:20.194  1554  1554 D PHONE   : [ServiceState] setNullState=1
04-14 09:23:30.016  1554  1554 D DCT     : [0]onReceive: action=android.intent.action.SCREEN_OFF
04-14 09:23:30.016  1554  1554 D DCT     : [0]stopNetStatPoll
04-14 09:23:30.018  1554  1554 D DCT     : [0]overall state is IDLE
04-14 09:23:30.470  1554  1554 D RILJ    : [3856]> SCREEN_STATE: false [SUB0]
04-14 09:23:30.472   189   243 D RILC    : RequestComplete, RIL_SOCKET_1
04-14 09:23:30.472   189   243 E RILC    : Send Response to RIL_SOCKET_1
04-14 09:23:30.472  1554  1829 D RILJ    : [3856]< SCREEN_STATE  [SUB0]
04-14 09:23:30.483   189   258 I RILQ    : (0/189):RIL[0][event] qcril_arb_set_data_sys_status: recvd data_sys_status nw=0x0, rat_mask=0x8000, so_mask=0x0
04-14 09:23:30.483   189   258 I RILQ    : (0/189):RIL[0][event] qcril_arb_set_data_sys_status: recvd data_sys_status nw=0x1, rat_mask=0x0, so_mask=0x0
04-14 09:23:30.483   189   258 I RILQ    : (0/189):RIL[0][event] qcril_qmi_nas_update_data_rte: completed, new drte 0 with confidence 4
04-14 09:23:30.484   189   258 I RILC    : RIL_SOCKET_1 UNSOLICITED: UNSOL_RESPONSE_VOICE_NETWORK_STATE_CHANGED length:8
04-14 09:23:30.484   189   258 E RILC    : Send Response to RIL_SOCKET_1
04-14 09:23:30.484  1554  1829 D RILJ    : [UNSL]< UNSOL_RESPONSE_VOICE_NETWORK_STATE_CHANGED [SUB0]
04-14 09:23:30.485  1554  1554 D RILJ    : [3857]> OPERATOR [SUB0]
04-14 09:23:30.486  1554  1554 D RILJ    : [3858]> DATA_REGISTRATION_STATE [SUB0]
04-14 09:23:30.488   189   258 I RILC    : RIL_SOCKET_1 UNSOLICITED: UNSOL_SIGNAL_STRENGTH length:60
04-14 09:23:30.488   189   258 E RILC    : Send Response to RIL_SOCKET_1
04-14 09:23:30.489  1554  1554 D RILJ    : [3859]> VOICE_REGISTRATION_STATE [SUB0]
04-14 09:23:30.491  1554  1554 D RILJ    : [3860]> QUERY_NETWORK_SELECTION_MODE [SUB0]
04-14 09:23:30.493  1554  1554 D DefaultPhoneNotifier: notifySignalStrength: mRegistry=com.android.internal.telephony.ITelephonyRegistry$Stub$Proxy@18013c47 ss=SignalStrength: 15 0 -120 -160 -120 -1 -1 99 2147483647 2147483647 2147483647 2147483647 gsm|lte sender=Handler (com.android.internal.telephony.gsm.GSMPhone) {3de84ddc}
04-14 09:23:30.501   189  6399 D RILC    : RequestComplete, RIL_SOCKET_1
04-14 09:23:30.501   189  6399 E RILC    : Send Response to RIL_SOCKET_1
04-14 09:23:30.503  1554  1829 D RILJ    : [3857]< OPERATOR {null, null, null} [SUB0]
04-14 09:23:30.504   189  6401 D RILC    : RequestComplete, RIL_SOCKET_1
04-14 09:23:30.504   189  6401 E RILC    : Send Response to RIL_SOCKET_1
04-14 09:23:30.505  1554  1829 D RILJ    : [3859]< VOICE_REGISTRATION_STATE {13, null, null, 0, null, null, null, 0, null, null, null, null, null, 2, fc} [SUB0]
04-14 09:23:30.505  1554  1554 D PHONE   : [ServiceState] setVoiceRegState=1
04-14 09:23:30.505  1554  1554 E PHONE   : [ServiceState] setState deprecated use setVoiceRegState()
04-14 09:23:30.506   189  6402 D RILC    : RequestComplete, RIL_SOCKET_1
04-14 09:23:30.506   189  6402 E RILC    : Send Response to RIL_SOCKET_1
04-14 09:23:30.506  1554  1829 D RILJ    : [3860]< QUERY_NETWORK_SELECTION_MODE {0} [SUB0]
04-14 09:23:30.507   189  6400 D RILC    : RequestComplete, RIL_SOCKET_1
04-14 09:23:30.507   189  6400 E RILC    : Send Response to RIL_SOCKET_1
04-14 09:23:30.508  1554  1829 D RILJ    : [3858]< DATA_REGISTRATION_STATE {2, null, null, null, 0, 20, null, null, null, null, null} [SUB0]
04-14 09:23:30.510  1554  1554 D PHONE   : [ServiceState] setDataRegState=1
04-14 09:23:30.510  1554  1554 D PHONE   : [ServiceState] setDataRadioTechnology=0
04-14 09:23:30.510  1554  1554 D GsmSST  : [GsmSST] handlPollStateResultMessage: GsmSST setDataRegState=1 regState=2 dataRadioTechnology=0
04-14 09:23:30.512  1554  1554 D GsmSST  : [GsmSST] Poll ServiceState done:  oldSS=[1 1 voice home data home null null null null null null  Unknown Unknown CSS not supported -1 -1 RoamInd=-1 DefRoamInd=-1 EmergOnly=true] newSS=[1 1 voice home data home null null null null null null  Unknown Unknown CSS not supported -1 -1 RoamInd=-1 DefRoamInd=-1 EmergOnly=true] oldMaxDataCalls=20 mNewMaxDataCalls=20 oldReasonDataDenied=-1 mNewReasonDataDenied=-1
04-14 09:23:30.512  1554  1554 D PHONE   : [ServiceState] setNullState=1
04-14 09:23:33.934  1554  1554 D DCT     : [0]onReceive: action=android.intent.action.SCREEN_ON
04-14 09:23:33.934  1554  1554 D DCT     : [0]stopNetStatPoll
04-14 09:23:33.936  1554  1554 D DCT     : [0]overall state is IDLE
04-14 09:23:34.156  1554  1554 D RILJ    : [3861]> SCREEN_STATE: true [SUB0]
04-14 09:23:34.160   189   243 D RILC    : RequestComplete, RIL_SOCKET_1
04-14 09:23:34.160   189   243 E RILC    : Send Response to RIL_SOCKET_1
04-14 09:23:34.161  1554  1829 D RILJ    : [3861]< SCREEN_STATE  [SUB0]
04-14 09:23:34.175   189   258 I RILQ    : (0/189):RIL[0][event] qcril_qmi_nas_update_data_rte: completed, new drte 0 with confidence 4
04-14 09:23:34.180   189   258 I RILC    : RIL_SOCKET_1 UNSOLICITED: UNSOL_RESPONSE_VOICE_NETWORK_STATE_CHANGED length:8
04-14 09:23:34.181   189   258 E RILC    : Send Response to RIL_SOCKET_1
04-14 09:23:34.181  1554  1829 D RILJ    : [UNSL]< UNSOL_RESPONSE_VOICE_NETWORK_STATE_CHANGED [SUB0]
04-14 09:23:34.182  1554  1554 D RILJ    : [3862]> OPERATOR [SUB0]
04-14 09:23:34.184  1554  1554 D RILJ    : [3863]> DATA_REGISTRATION_STATE [SUB0]
04-14 09:23:34.185   189   258 I RILQ    : (0/189):RIL[0][event] qcril_qmi_nas_evaluate_custom_emergency_numbers_for_card: cur_status 1024, card_state 3
04-14 09:23:34.185   189   258 I RILQ    : (0/189):RIL[0][event] qcril_qmi_nas_evaluate_custom_emergency_numbers_for_card: card_mcc 460, card_mnc 01
04-14 09:23:34.186  1554  1554 D RILJ    : [3864]> VOICE_REGISTRATION_STATE [SUB0]
04-14 09:23:34.188  1554  1554 D RILJ    : [3865]> QUERY_NETWORK_SELECTION_MODE [SUB0]
04-14 09:23:34.189   189   258 I RILC    : RIL_SOCKET_1 UNSOLICITED: UNSOL_SIGNAL_STRENGTH length:60
04-14 09:23:34.189   189   258 E RILC    : Send Response to RIL_SOCKET_1
04-14 09:23:34.190   189   534 E RILQ    : (0/189): RIL[0][qmi_cb] get_ecc_property_name: ecc list name : ril.ecclist.
04-14 09:23:34.192  1554  1554 D DefaultPhoneNotifier: notifySignalStrength: mRegistry=com.android.internal.telephony.ITelephonyRegistry$Stub$Proxy@18013c47 ss=SignalStrength: 15 0 -120 -160 -120 -1 -1 99 2147483647 2147483647 2147483647 2147483647 gsm|lte sender=Handler (com.android.internal.telephony.gsm.GSMPhone) {3de84ddc}
04-14 09:23:34.192   189   258 I RILQ    : (0/189):RIL[0][event] qcril_qmi_nas_evaluate_custom_emergency_numbers_for_card: cur_status 1024, card_state 3
04-14 09:23:34.192   189   258 I RILQ    : (0/189):RIL[0][event] qcril_qmi_nas_evaluate_custom_emergency_numbers_for_card: card_mcc 460, card_mnc 01
04-14 09:23:34.198   189  6412 D RILC    : RequestComplete, RIL_SOCKET_1
04-14 09:23:34.198   189  6412 E RILC    : Send Response to RIL_SOCKET_1
04-14 09:23:34.200  1554  1829 D RILJ    : [3864]< VOICE_REGISTRATION_STATE {13, null, null, 0, null, null, null, 0, null, null, null, null, null, 2, fc} [SUB0]
04-14 09:23:34.201  1554  1554 D PHONE   : [ServiceState] setVoiceRegState=1
04-14 09:23:34.201  1554  1554 E PHONE   : [ServiceState] setState deprecated use setVoiceRegState()
04-14 09:23:34.206   189  6415 D RILC    : RequestComplete, RIL_SOCKET_1
04-14 09:23:34.206   189  6415 E RILC    : Send Response to RIL_SOCKET_1
04-14 09:23:34.207  1554  1829 D RILJ    : [3865]< QUERY_NETWORK_SELECTION_MODE {0} [SUB0]
04-14 09:23:34.209   189  6410 D RILC    : RequestComplete, RIL_SOCKET_1
04-14 09:23:34.210   189  6410 E RILC    : Send Response to RIL_SOCKET_1
04-14 09:23:34.211  1554  1829 D RILJ    : [3862]< OPERATOR {null, null, null} [SUB0]
04-14 09:23:34.212   189  6411 D RILC    : RequestComplete, RIL_SOCKET_1
04-14 09:23:34.212   189  6411 E RILC    : Send Response to RIL_SOCKET_1
04-14 09:23:34.213  1554  1829 D RILJ    : [3863]< DATA_REGISTRATION_STATE {2, null, null, null, 0, 20, null, null, null, null, null} [SUB0]
04-14 09:23:34.213  1554  1554 D PHONE   : [ServiceState] setDataRegState=1
04-14 09:23:34.213  1554  1554 D PHONE   : [ServiceState] setDataRadioTechnology=0
04-14 09:23:34.213  1554  1554 D GsmSST  : [GsmSST] handlPollStateResultMessage: GsmSST setDataRegState=1 regState=2 dataRadioTechnology=0
04-14 09:23:34.215  1554  1554 D GsmSST  : [GsmSST] Poll ServiceState done:  oldSS=[1 1 voice home data home null null null null null null  Unknown Unknown CSS not supported -1 -1 RoamInd=-1 DefRoamInd=-1 EmergOnly=true] newSS=[1 1 voice home data home null null null null null null  Unknown Unknown CSS not supported -1 -1 RoamInd=-1 DefRoamInd=-1 EmergOnly=true] oldMaxDataCalls=20 mNewMaxDataCalls=20 oldReasonDataDenied=-1 mNewReasonDataDenied=-1
04-14 09:23:34.215  1554  1554 D PHONE   : [ServiceState] setNullState=1
04-14 09:23:36.809  1554  1580 D DCT     : [0]hasMatchedTetherApnSetting: APN=null
04-14 09:24:07.941  1554  1554 D DCT     : [0]onReceive: action=android.intent.action.SCREEN_OFF
04-14 09:24:07.942  1554  1554 D DCT     : [0]stopNetStatPoll
04-14 09:24:07.944  1554  1554 D DCT     : [0]overall state is IDLE
04-14 09:24:08.352  1554  1554 D RILJ    : [3866]> SCREEN_STATE: false [SUB0]
04-14 09:24:08.356   189   243 D RILC    : RequestComplete, RIL_SOCKET_1
04-14 09:24:08.357   189   243 E RILC    : Send Response to RIL_SOCKET_1
04-14 09:24:08.357  1554  1829 D RILJ    : [3866]< SCREEN_STATE  [SUB0]
04-14 09:24:08.388   189   258 I RILQ    : (0/189):RIL[0][event] qcril_arb_set_data_sys_status: recvd data_sys_status nw=0x0, rat_mask=0x8000, so_mask=0x0
04-14 09:24:08.388   189   258 I RILQ    : (0/189):RIL[0][event] qcril_arb_set_data_sys_status: recvd data_sys_status nw=0x1, rat_mask=0x0, so_mask=0x0
04-14 09:24:08.389   189   258 I RILQ    : (0/189):RIL[0][event] qcril_qmi_nas_update_data_rte: completed, new drte 0 with confidence 4
04-14 09:24:08.391   189   258 I RILC    : RIL_SOCKET_1 UNSOLICITED: UNSOL_RESPONSE_VOICE_NETWORK_STATE_CHANGED length:8
04-14 09:24:08.391   189   258 E RILC    : Send Response to RIL_SOCKET_1
04-14 09:24:08.392  1554  1829 D RILJ    : [UNSL]< UNSOL_RESPONSE_VOICE_NETWORK_STATE_CHANGED [SUB0]
04-14 09:24:08.393  1554  1554 D RILJ    : [3867]> OPERATOR [SUB0]
04-14 09:24:08.400  1554  1554 D RILJ    : [3868]> DATA_REGISTRATION_STATE [SUB0]
04-14 09:24:08.402   189  6494 D RILC    : RequestComplete, RIL_SOCKET_1
04-14 09:24:08.402   189  6494 E RILC    : Send Response to RIL_SOCKET_1
04-14 09:24:08.403   189   258 I RILC    : RIL_SOCKET_1 UNSOLICITED: UNSOL_SIGNAL_STRENGTH length:60
04-14 09:24:08.403   189   258 E RILC    : Send Response to RIL_SOCKET_1
04-14 09:24:08.404  1554  1829 D RILJ    : [3867]< OPERATOR {null, null, null} [SUB0]
04-14 09:24:08.409  1554  1554 D RILJ    : [3869]> VOICE_REGISTRATION_STATE [SUB0]
04-14 09:24:08.411  1554  1554 D RILJ    : [3870]> QUERY_NETWORK_SELECTION_MODE [SUB0]
04-14 09:24:08.414  1554  1554 D DefaultPhoneNotifier: notifySignalStrength: mRegistry=com.android.internal.telephony.ITelephonyRegistry$Stub$Proxy@18013c47 ss=SignalStrength: 16 0 -120 -160 -120 -1 -1 99 2147483647 2147483647 2147483647 2147483647 gsm|lte sender=Handler (com.android.internal.telephony.gsm.GSMPhone) {3de84ddc}
04-14 09:24:08.418   189  6496 D RILC    : RequestComplete, RIL_SOCKET_1
04-14 09:24:08.418   189  6496 E RILC    : Send Response to RIL_SOCKET_1
04-14 09:24:08.420  1554  1829 D RILJ    : [3869]< VOICE_REGISTRATION_STATE {13, null, null, 0, null, null, null, 0, null, null, null, null, null, 2, fc} [SUB0]
04-14 09:24:08.421  1554  1554 D PHONE   : [ServiceState] setVoiceRegState=1
04-14 09:24:08.421  1554  1554 E PHONE   : [ServiceState] setState deprecated use setVoiceRegState()
04-14 09:24:08.421   189  6497 D RILC    : RequestComplete, RIL_SOCKET_1
04-14 09:24:08.421   189  6497 E RILC    : Send Response to RIL_SOCKET_1
04-14 09:24:08.422  1554  1829 D RILJ    : [3870]< QUERY_NETWORK_SELECTION_MODE {0} [SUB0]
04-14 09:24:08.423   189  6495 D RILC    : RequestComplete, RIL_SOCKET_1
04-14 09:24:08.423   189  6495 E RILC    : Send Response to RIL_SOCKET_1
04-14 09:24:08.424  1554  1829 D RILJ    : [3868]< DATA_REGISTRATION_STATE {2, null, null, null, 0, 20, null, null, null, null, null} [SUB0]
04-14 09:24:08.425  1554  1554 D PHONE   : [ServiceState] setDataRegState=1
04-14 09:24:08.425  1554  1554 D PHONE   : [ServiceState] setDataRadioTechnology=0
04-14 09:24:08.425  1554  1554 D GsmSST  : [GsmSST] handlPollStateResultMessage: GsmSST setDataRegState=1 regState=2 dataRadioTechnology=0
04-14 09:24:08.427  1554  1554 D GsmSST  : [GsmSST] Poll ServiceState done:  oldSS=[1 1 voice home data home null null null null null null  Unknown Unknown CSS not supported -1 -1 RoamInd=-1 DefRoamInd=-1 EmergOnly=true] newSS=[1 1 voice home data home null null null null null null  Unknown Unknown CSS not supported -1 -1 RoamInd=-1 DefRoamInd=-1 EmergOnly=true] oldMaxDataCalls=20 mNewMaxDataCalls=20 oldReasonDataDenied=-1 mNewReasonDataDenied=-1
04-14 09:24:08.427  1554  1554 D PHONE   : [ServiceState] setNullState=1
04-14 09:24:13.065  1554  1580 D DCT     : [0]hasMatchedTetherApnSetting: APN=null
04-14 09:28:20.654  1554  1554 D DCT     : [0]onReceive: action=android.intent.action.SCREEN_ON
04-14 09:28:20.654  1554  1554 D DCT     : [0]stopNetStatPoll
04-14 09:28:20.656  1554  1554 D DCT     : [0]overall state is IDLE
04-14 09:28:20.862  1554  1554 D RILJ    : [3871]> SCREEN_STATE: true [SUB0]
04-14 09:28:20.864   189   243 D RILC    : RequestComplete, RIL_SOCKET_1
04-14 09:28:20.864   189   243 E RILC    : Send Response to RIL_SOCKET_1
04-14 09:28:20.865  1554  1829 D RILJ    : [3871]< SCREEN_STATE  [SUB0]
04-14 09:28:20.878   189   258 I RILQ    : (0/189):RIL[0][event] qcril_qmi_nas_update_data_rte: completed, new drte 0 with confidence 4
04-14 09:28:20.885   189   258 I RILC    : RIL_SOCKET_1 UNSOLICITED: UNSOL_RESPONSE_VOICE_NETWORK_STATE_CHANGED length:8
04-14 09:28:20.885   189   258 E RILC    : Send Response to RIL_SOCKET_1
04-14 09:28:20.885  1554  1829 D RILJ    : [UNSL]< UNSOL_RESPONSE_VOICE_NETWORK_STATE_CHANGED [SUB0]
04-14 09:28:20.885  1554  1554 D RILJ    : [3872]> OPERATOR [SUB0]
04-14 09:28:20.887  1554  1554 D RILJ    : [3873]> DATA_REGISTRATION_STATE [SUB0]
04-14 09:28:20.888   189  6638 D RILC    : RequestComplete, RIL_SOCKET_1
04-14 09:28:20.888   189  6638 E RILC    : Send Response to RIL_SOCKET_1
04-14 09:28:20.888  1554  1554 D RILJ    : [3874]> VOICE_REGISTRATION_STATE [SUB0]
04-14 09:28:20.889  1554  1829 D RILJ    : [3872]< OPERATOR {null, null, null} [SUB0]
04-14 09:28:20.890  1554  1554 D RILJ    : [3875]> QUERY_NETWORK_SELECTION_MODE [SUB0]
04-14 09:28:20.890   189   258 I RILQ    : (0/189):RIL[0][event] qcril_qmi_nas_evaluate_custom_emergency_numbers_for_card: cur_status 1024, card_state 3
04-14 09:28:20.890   189   258 I RILQ    : (0/189):RIL[0][event] qcril_qmi_nas_evaluate_custom_emergency_numbers_for_card: card_mcc 460, card_mnc 01
04-14 09:28:20.891   189  6639 D RILC    : RequestComplete, RIL_SOCKET_1
04-14 09:28:20.891   189  6639 E RILC    : Send Response to RIL_SOCKET_1
04-14 09:28:20.892  1554  1829 D RILJ    : [3873]< DATA_REGISTRATION_STATE {2, null, null, null, 0, 20, null, null, null, null, null} [SUB0]
04-14 09:28:20.892  1554  1554 D PHONE   : [ServiceState] setDataRegState=1
04-14 09:28:20.893  1554  1554 D PHONE   : [ServiceState] setDataRadioTechnology=0
04-14 09:28:20.893  1554  1554 D GsmSST  : [GsmSST] handlPollStateResultMessage: GsmSST setDataRegState=1 regState=2 dataRadioTechnology=0
04-14 09:28:20.893   189  6640 D RILC    : RequestComplete, RIL_SOCKET_1
04-14 09:28:20.893   189  6640 E RILC    : Send Response to RIL_SOCKET_1
04-14 09:28:20.894   189   258 I RILC    : RIL_SOCKET_1 UNSOLICITED: UNSOL_SIGNAL_STRENGTH length:60
04-14 09:28:20.894   189   258 E RILC    : Send Response to RIL_SOCKET_1
04-14 09:28:20.894  1554  1829 D RILJ    : [3874]< VOICE_REGISTRATION_STATE {13, null, null, 0, null, null, null, 0, null, null, null, null, null, 2, fc} [SUB0]
04-14 09:28:20.894   189   534 E RILQ    : (0/189): RIL[0][qmi_cb] get_ecc_property_name: ecc list name : ril.ecclist.
04-14 09:28:20.894  1554  1554 D PHONE   : [ServiceState] setVoiceRegState=1
04-14 09:28:20.894  1554  1554 E PHONE   : [ServiceState] setState deprecated use setVoiceRegState()
04-14 09:28:20.897   189  6641 D RILC    : RequestComplete, RIL_SOCKET_1
04-14 09:28:20.897   189  6641 E RILC    : Send Response to RIL_SOCKET_1
04-14 09:28:20.898  1554  1554 D DefaultPhoneNotifier: notifySignalStrength: mRegistry=com.android.internal.telephony.ITelephonyRegistry$Stub$Proxy@18013c47 ss=SignalStrength: 13 0 -120 -160 -120 -1 -1 99 2147483647 2147483647 2147483647 2147483647 gsm|lte sender=Handler (com.android.internal.telephony.gsm.GSMPhone) {3de84ddc}
04-14 09:28:20.900   189   258 I RILQ    : (0/189):RIL[0][event] qcril_qmi_nas_evaluate_custom_emergency_numbers_for_card: cur_status 1024, card_state 3
04-14 09:28:20.900   189   258 I RILQ    : (0/189):RIL[0][event] qcril_qmi_nas_evaluate_custom_emergency_numbers_for_card: card_mcc 460, card_mnc 01
04-14 09:28:20.902  1554  1829 D RILJ    : [3875]< QUERY_NETWORK_SELECTION_MODE {0} [SUB0]
04-14 09:28:20.903  1554  1554 D GsmSST  : [GsmSST] Poll ServiceState done:  oldSS=[1 1 voice home data home null null null null null null  Unknown Unknown CSS not supported -1 -1 RoamInd=-1 DefRoamInd=-1 EmergOnly=true] newSS=[1 1 voice home data home null null null null null null  Unknown Unknown CSS not supported -1 -1 RoamInd=-1 DefRoamInd=-1 EmergOnly=true] oldMaxDataCalls=20 mNewMaxDataCalls=20 oldReasonDataDenied=-1 mNewReasonDataDenied=-1
04-14 09:28:20.904  1554  1554 D PHONE   : [ServiceState] setNullState=1
04-14 09:28:30.774  1554  1554 D DCT     : [0]onReceive: action=android.intent.action.SCREEN_OFF
04-14 09:28:30.774  1554  1554 D DCT     : [0]stopNetStatPoll
04-14 09:28:30.776  1554  1554 D DCT     : [0]overall state is IDLE
04-14 09:28:31.177  1554  1554 D RILJ    : [3876]> SCREEN_STATE: false [SUB0]
04-14 09:28:31.179   189   243 D RILC    : RequestComplete, RIL_SOCKET_1
04-14 09:28:31.179   189   243 E RILC    : Send Response to RIL_SOCKET_1
04-14 09:28:31.180  1554  1829 D RILJ    : [3876]< SCREEN_STATE  [SUB0]
04-14 09:28:31.192   189   258 I RILQ    : (0/189):RIL[0][event] qcril_arb_set_data_sys_status: recvd data_sys_status nw=0x0, rat_mask=0x8000, so_mask=0x0
04-14 09:28:31.192   189   258 I RILQ    : (0/189):RIL[0][event] qcril_arb_set_data_sys_status: recvd data_sys_status nw=0x1, rat_mask=0x0, so_mask=0x0
04-14 09:28:31.192   189   258 I RILQ    : (0/189):RIL[0][event] qcril_qmi_nas_update_data_rte: completed, new drte 0 with confidence 4
04-14 09:28:31.193   189   258 I RILC    : RIL_SOCKET_1 UNSOLICITED: UNSOL_RESPONSE_VOICE_NETWORK_STATE_CHANGED length:8
04-14 09:28:31.193   189   258 E RILC    : Send Response to RIL_SOCKET_1
04-14 09:28:31.194  1554  1829 D RILJ    : [UNSL]< UNSOL_RESPONSE_VOICE_NETWORK_STATE_CHANGED [SUB0]
04-14 09:28:31.194  1554  1554 D RILJ    : [3877]> OPERATOR [SUB0]
04-14 09:28:31.196  1554  1554 D RILJ    : [3878]> DATA_REGISTRATION_STATE [SUB0]
04-14 09:28:31.198  1554  1554 D RILJ    : [3879]> VOICE_REGISTRATION_STATE [SUB0]
04-14 09:28:31.200  1554  1554 D RILJ    : [3880]> QUERY_NETWORK_SELECTION_MODE [SUB0]
04-14 09:28:31.202   189   258 I RILC    : RIL_SOCKET_1 UNSOLICITED: UNSOL_SIGNAL_STRENGTH length:60
04-14 09:28:31.202   189   258 E RILC    : Send Response to RIL_SOCKET_1
04-14 09:28:31.202   189  6680 D RILC    : RequestComplete, RIL_SOCKET_1
04-14 09:28:31.202   189  6680 E RILC    : Send Response to RIL_SOCKET_1
04-14 09:28:31.203  1554  1829 D RILJ    : [3877]< OPERATOR {null, null, null} [SUB0]
04-14 09:28:31.203   189  6683 D RILC    : RequestComplete, RIL_SOCKET_1
04-14 09:28:31.203   189  6683 E RILC    : Send Response to RIL_SOCKET_1
04-14 09:28:31.204  1554  1554 D DefaultPhoneNotifier: notifySignalStrength: mRegistry=com.android.internal.telephony.ITelephonyRegistry$Stub$Proxy@18013c47 ss=SignalStrength: 14 0 -120 -160 -120 -1 -1 99 2147483647 2147483647 2147483647 2147483647 gsm|lte sender=Handler (com.android.internal.telephony.gsm.GSMPhone) {3de84ddc}
04-14 09:28:31.204  1554  1829 D RILJ    : [3880]< QUERY_NETWORK_SELECTION_MODE {0} [SUB0]
04-14 09:28:31.209   189  6681 D RILC    : RequestComplete, RIL_SOCKET_1
04-14 09:28:31.209   189  6681 E RILC    : Send Response to RIL_SOCKET_1
04-14 09:28:31.210  1554  1829 D RILJ    : [3878]< DATA_REGISTRATION_STATE {2, null, null, null, 0, 20, null, null, null, null, null} [SUB0]
04-14 09:28:31.210  1554  1554 D PHONE   : [ServiceState] setDataRegState=1
04-14 09:28:31.210  1554  1554 D PHONE   : [ServiceState] setDataRadioTechnology=0
04-14 09:28:31.210  1554  1554 D GsmSST  : [GsmSST] handlPollStateResultMessage: GsmSST setDataRegState=1 regState=2 dataRadioTechnology=0
04-14 09:28:31.211   189  6682 D RILC    : RequestComplete, RIL_SOCKET_1
04-14 09:28:31.211   189  6682 E RILC    : Send Response to RIL_SOCKET_1
04-14 09:28:31.212  1554  1829 D RILJ    : [3879]< VOICE_REGISTRATION_STATE {13, null, null, 0, null, null, null, 0, null, null, null, null, null, 2, fc} [SUB0]
04-14 09:28:31.212  1554  1554 D PHONE   : [ServiceState] setVoiceRegState=1
04-14 09:28:31.212  1554  1554 E PHONE   : [ServiceState] setState deprecated use setVoiceRegState()
04-14 09:28:31.214  1554  1554 D GsmSST  : [GsmSST] Poll ServiceState done:  oldSS=[1 1 voice home data home null null null null null null  Unknown Unknown CSS not supported -1 -1 RoamInd=-1 DefRoamInd=-1 EmergOnly=true] newSS=[1 1 voice home data home null null null null null null  Unknown Unknown CSS not supported -1 -1 RoamInd=-1 DefRoamInd=-1 EmergOnly=true] oldMaxDataCalls=20 mNewMaxDataCalls=20 oldReasonDataDenied=-1 mNewReasonDataDenied=-1
04-14 09:28:31.214  1554  1554 D PHONE   : [ServiceState] setNullState=1
04-14 09:38:29.850  1554  1554 D RILJ    : [3881]> SCREEN_STATE: true [SUB0]
04-14 09:38:29.859   189   243 D RILC    : RequestComplete, RIL_SOCKET_1
04-14 09:38:29.859   189   243 E RILC    : Send Response to RIL_SOCKET_1
04-14 09:38:29.860  1554  1829 D RILJ    : [3881]< SCREEN_STATE  [SUB0]
04-14 09:38:29.872   189   258 I RILQ    : (0/189):RIL[0][event] qcril_qmi_nas_update_data_rte: completed, new drte 0 with confidence 4
04-14 09:38:29.876   189   258 I RILC    : RIL_SOCKET_1 UNSOLICITED: UNSOL_RESPONSE_VOICE_NETWORK_STATE_CHANGED length:8
04-14 09:38:29.876   189   258 E RILC    : Send Response to RIL_SOCKET_1
04-14 09:38:29.877  1554  1829 D RILJ    : [UNSL]< UNSOL_RESPONSE_VOICE_NETWORK_STATE_CHANGED [SUB0]
04-14 09:38:29.877  1554  1554 D RILJ    : [3882]> OPERATOR [SUB0]
04-14 09:38:29.879   189  6846 D RILC    : RequestComplete, RIL_SOCKET_1
04-14 09:38:29.879   189  6846 E RILC    : Send Response to RIL_SOCKET_1
04-14 09:38:29.880  1554  1829 D RILJ    : [3882]< OPERATOR {null, null, null} [SUB0]
04-14 09:38:29.880  1554  1554 D RILJ    : [3883]> DATA_REGISTRATION_STATE [SUB0]
04-14 09:38:29.882   189   258 I RILQ    : (0/189):RIL[0][event] qcril_qmi_nas_evaluate_custom_emergency_numbers_for_card: cur_status 1024, card_state 3
04-14 09:38:29.882   189   258 I RILQ    : (0/189):RIL[0][event] qcril_qmi_nas_evaluate_custom_emergency_numbers_for_card: card_mcc 460, card_mnc 01
04-14 09:38:29.884   189   258 I RILC    : RIL_SOCKET_1 UNSOLICITED: UNSOL_SIGNAL_STRENGTH length:60
04-14 09:38:29.884   189   258 E RILC    : Send Response to RIL_SOCKET_1
04-14 09:38:29.885  1554  1554 D RILJ    : [3884]> VOICE_REGISTRATION_STATE [SUB0]
04-14 09:38:29.886   189   534 E RILQ    : (0/189): RIL[0][qmi_cb] get_ecc_property_name: ecc list name : ril.ecclist.
04-14 09:38:29.887  1554  1554 D RILJ    : [3885]> QUERY_NETWORK_SELECTION_MODE [SUB0]
04-14 09:38:29.887   189   258 I RILQ    : (0/189):RIL[0][event] qcril_qmi_nas_evaluate_custom_emergency_numbers_for_card: cur_status 1024, card_state 3
04-14 09:38:29.887   189   258 I RILQ    : (0/189):RIL[0][event] qcril_qmi_nas_evaluate_custom_emergency_numbers_for_card: card_mcc 460, card_mnc 01
04-14 09:38:29.890  1554  1554 D DefaultPhoneNotifier: notifySignalStrength: mRegistry=com.android.internal.telephony.ITelephonyRegistry$Stub$Proxy@18013c47 ss=SignalStrength: 15 0 -120 -160 -120 -1 -1 99 2147483647 2147483647 2147483647 2147483647 gsm|lte sender=Handler (com.android.internal.telephony.gsm.GSMPhone) {3de84ddc}
04-14 09:38:29.891   189  6849 D RILC    : RequestComplete, RIL_SOCKET_1
04-14 09:38:29.891   189  6849 E RILC    : Send Response to RIL_SOCKET_1
04-14 09:38:29.891  1554  1829 D RILJ    : [3885]< QUERY_NETWORK_SELECTION_MODE {0} [SUB0]
04-14 09:38:29.894   189  6847 D RILC    : RequestComplete, RIL_SOCKET_1
04-14 09:38:29.894   189  6847 E RILC    : Send Response to RIL_SOCKET_1
04-14 09:38:29.896  1554  1829 D RILJ    : [3883]< DATA_REGISTRATION_STATE {2, null, null, null, 0, 20, null, null, null, null, null} [SUB0]
04-14 09:38:29.897   189  6848 D RILC    : RequestComplete, RIL_SOCKET_1
04-14 09:38:29.897   189  6848 E RILC    : Send Response to RIL_SOCKET_1
04-14 09:38:29.897  1554  1554 D PHONE   : [ServiceState] setDataRegState=1
04-14 09:38:29.897  1554  1554 D PHONE   : [ServiceState] setDataRadioTechnology=0
04-14 09:38:29.897  1554  1554 D GsmSST  : [GsmSST] handlPollStateResultMessage: GsmSST setDataRegState=1 regState=2 dataRadioTechnology=0
04-14 09:38:29.897  1554  1829 D RILJ    : [3884]< VOICE_REGISTRATION_STATE {13, null, null, 0, null, null, null, 0, null, null, null, null, null, 2, fc} [SUB0]
04-14 09:38:29.898  1554  1554 D PHONE   : [ServiceState] setVoiceRegState=1
04-14 09:38:29.898  1554  1554 E PHONE   : [ServiceState] setState deprecated use setVoiceRegState()
04-14 09:38:29.900  1554  1554 D GsmSST  : [GsmSST] Poll ServiceState done:  oldSS=[1 1 voice home data home null null null null null null  Unknown Unknown CSS not supported -1 -1 RoamInd=-1 DefRoamInd=-1 EmergOnly=true] newSS=[1 1 voice home data home null null null null null null  Unknown Unknown CSS not supported -1 -1 RoamInd=-1 DefRoamInd=-1 EmergOnly=true] oldMaxDataCalls=20 mNewMaxDataCalls=20 oldReasonDataDenied=-1 mNewReasonDataDenied=-1
04-14 09:38:29.901  1554  1554 D PHONE   : [ServiceState] setNullState=1
04-14 09:38:30.361  1554  1554 D DCT     : [0]onReceive: action=android.intent.action.SCREEN_ON
04-14 09:38:30.361  1554  1554 D DCT     : [0]stopNetStatPoll
04-14 09:38:30.363  1554  1554 D DCT     : [0]overall state is IDLE
04-14 09:38:39.947  1554  1554 D DCT     : [0]onReceive: action=android.intent.action.SCREEN_OFF
04-14 09:38:39.948  1554  1554 D DCT     : [0]stopNetStatPoll
04-14 09:38:39.949  1554  1554 D DCT     : [0]overall state is IDLE
04-14 09:38:40.323  1554  1554 D RILJ    : [3886]> SCREEN_STATE: false [SUB0]
04-14 09:38:40.329   189   243 D RILC    : RequestComplete, RIL_SOCKET_1
04-14 09:38:40.329   189   243 E RILC    : Send Response to RIL_SOCKET_1
04-14 09:38:40.330  1554  1829 D RILJ    : [3886]< SCREEN_STATE  [SUB0]
04-14 09:38:40.349   189   258 I RILQ    : (0/189):RIL[0][event] qcril_arb_set_data_sys_status: recvd data_sys_status nw=0x0, rat_mask=0x8000, so_mask=0x0
04-14 09:38:40.349   189   258 I RILQ    : (0/189):RIL[0][event] qcril_arb_set_data_sys_status: recvd data_sys_status nw=0x1, rat_mask=0x0, so_mask=0x0
04-14 09:38:40.350   189   258 I RILQ    : (0/189):RIL[0][event] qcril_qmi_nas_update_data_rte: completed, new drte 0 with confidence 4
04-14 09:38:40.351   189   258 I RILC    : RIL_SOCKET_1 UNSOLICITED: UNSOL_RESPONSE_VOICE_NETWORK_STATE_CHANGED length:8
04-14 09:38:40.351   189   258 E RILC    : Send Response to RIL_SOCKET_1
04-14 09:38:40.352  1554  1829 D RILJ    : [UNSL]< UNSOL_RESPONSE_VOICE_NETWORK_STATE_CHANGED [SUB0]
04-14 09:38:40.353  1554  1554 D RILJ    : [3887]> OPERATOR [SUB0]
04-14 09:38:40.357  1554  1554 D RILJ    : [3888]> DATA_REGISTRATION_STATE [SUB0]
04-14 09:38:40.357   189  6924 D RILC    : RequestComplete, RIL_SOCKET_1
04-14 09:38:40.357   189  6924 E RILC    : Send Response to RIL_SOCKET_1
04-14 09:38:40.359  1554  1829 D RILJ    : [3887]< OPERATOR {null, null, null} [SUB0]
04-14 09:38:40.360  1554  1554 D RILJ    : [3889]> VOICE_REGISTRATION_STATE [SUB0]
04-14 09:38:40.361   189   258 I RILC    : RIL_SOCKET_1 UNSOLICITED: UNSOL_SIGNAL_STRENGTH length:60
04-14 09:38:40.361   189   258 E RILC    : Send Response to RIL_SOCKET_1
04-14 09:38:40.363  1554  1554 D RILJ    : [3890]> QUERY_NETWORK_SELECTION_MODE [SUB0]
04-14 09:38:40.364   189  6927 D RILC    : RequestComplete, RIL_SOCKET_1
04-14 09:38:40.364   189  6927 E RILC    : Send Response to RIL_SOCKET_1
04-14 09:38:40.366  1554  1829 D RILJ    : [3889]< VOICE_REGISTRATION_STATE {13, null, null, 0, null, null, null, 0, null, null, null, null, null, 2, fc} [SUB0]
04-14 09:38:40.367   189  6926 D RILC    : RequestComplete, RIL_SOCKET_1
04-14 09:38:40.367   189  6926 E RILC    : Send Response to RIL_SOCKET_1
04-14 09:38:40.368  1554  1554 D DefaultPhoneNotifier: notifySignalStrength: mRegistry=com.android.internal.telephony.ITelephonyRegistry$Stub$Proxy@18013c47 ss=SignalStrength: 13 0 -120 -160 -120 -1 -1 99 2147483647 2147483647 2147483647 2147483647 gsm|lte sender=Handler (com.android.internal.telephony.gsm.GSMPhone) {3de84ddc}
04-14 09:38:40.369   189  6928 D RILC    : RequestComplete, RIL_SOCKET_1
04-14 09:38:40.369   189  6928 E RILC    : Send Response to RIL_SOCKET_1
04-14 09:38:40.369  1554  1829 D RILJ    : [3888]< DATA_REGISTRATION_STATE {2, null, null, null, 0, 20, null, null, null, null, null} [SUB0]
04-14 09:38:40.371  1554  1829 D RILJ    : [3890]< QUERY_NETWORK_SELECTION_MODE {0} [SUB0]
04-14 09:38:40.377  1554  1554 D PHONE   : [ServiceState] setVoiceRegState=1
04-14 09:38:40.377  1554  1554 E PHONE   : [ServiceState] setState deprecated use setVoiceRegState()
04-14 09:38:40.377  1554  1554 D PHONE   : [ServiceState] setDataRegState=1
04-14 09:38:40.378  1554  1554 D PHONE   : [ServiceState] setDataRadioTechnology=0
04-14 09:38:40.378  1554  1554 D GsmSST  : [GsmSST] handlPollStateResultMessage: GsmSST setDataRegState=1 regState=2 dataRadioTechnology=0
04-14 09:38:40.381  1554  1554 D GsmSST  : [GsmSST] Poll ServiceState done:  oldSS=[1 1 voice home data home null null null null null null  Unknown Unknown CSS not supported -1 -1 RoamInd=-1 DefRoamInd=-1 EmergOnly=true] newSS=[1 1 voice home data home null null null null null null  Unknown Unknown CSS not supported -1 -1 RoamInd=-1 DefRoamInd=-1 EmergOnly=true] oldMaxDataCalls=20 mNewMaxDataCalls=20 oldReasonDataDenied=-1 mNewReasonDataDenied=-1
04-14 09:38:40.382  1554  1554 D PHONE   : [ServiceState] setNullState=1
04-14 09:41:08.238  1554  1580 D SubscriptionController: [getActiveSubIdList] simInfoSet=[0=1]
04-14 09:41:08.242  1554  1580 D SubscriptionController: [getActiveSubIdList] X subIdArr.length=1
04-14 09:44:06.849  1554  1554 D DCT     : [0]onReceive: action=android.intent.action.SCREEN_ON
04-14 09:44:06.849  1554  1554 D DCT     : [0]stopNetStatPoll
04-14 09:44:06.852  1554  1554 D DCT     : [0]overall state is IDLE
04-14 09:44:07.049  1554  1554 D RILJ    : [3891]> SCREEN_STATE: true [SUB0]
04-14 09:44:07.053   189   243 D RILC    : RequestComplete, RIL_SOCKET_1
04-14 09:44:07.053   189   243 E RILC    : Send Response to RIL_SOCKET_1
04-14 09:44:07.054  1554  1829 D RILJ    : [3891]< SCREEN_STATE  [SUB0]
04-14 09:44:07.065   189   258 I RILQ    : (0/189):RIL[0][event] qcril_qmi_nas_update_data_rte: completed, new drte 0 with confidence 4
04-14 09:44:07.070   189   258 I RILC    : RIL_SOCKET_1 UNSOLICITED: UNSOL_RESPONSE_VOICE_NETWORK_STATE_CHANGED length:8
04-14 09:44:07.070   189   258 E RILC    : Send Response to RIL_SOCKET_1
04-14 09:44:07.070  1554  1829 D RILJ    : [UNSL]< UNSOL_RESPONSE_VOICE_NETWORK_STATE_CHANGED [SUB0]
04-14 09:44:07.071  1554  1554 D RILJ    : [3892]> OPERATOR [SUB0]
04-14 09:44:07.072  1554  1554 D RILJ    : [3893]> DATA_REGISTRATION_STATE [SUB0]
04-14 09:44:07.073   189  7124 D RILC    : RequestComplete, RIL_SOCKET_1
04-14 09:44:07.073   189  7124 E RILC    : Send Response to RIL_SOCKET_1
04-14 09:44:07.073  1554  1829 D RILJ    : [3892]< OPERATOR {null, null, null} [SUB0]
04-14 09:44:07.075  1554  1554 D RILJ    : [3894]> VOICE_REGISTRATION_STATE [SUB0]
04-14 09:44:07.077   189   258 I RILQ    : (0/189):RIL[0][event] qcril_qmi_nas_evaluate_custom_emergency_numbers_for_card: cur_status 1024, card_state 3
04-14 09:44:07.077   189   258 I RILQ    : (0/189):RIL[0][event] qcril_qmi_nas_evaluate_custom_emergency_numbers_for_card: card_mcc 460, card_mnc 01
04-14 09:44:07.079  1554  1554 D RILJ    : [3895]> QUERY_NETWORK_SELECTION_MODE [SUB0]
04-14 09:44:07.080   189   534 E RILQ    : (0/189): RIL[0][qmi_cb] get_ecc_property_name: ecc list name : ril.ecclist.
04-14 09:44:07.084   189  7127 D RILC    : RequestComplete, RIL_SOCKET_1
04-14 09:44:07.084   189  7127 E RILC    : Send Response to RIL_SOCKET_1
04-14 09:44:07.084   189  7126 D RILC    : RequestComplete, RIL_SOCKET_1
04-14 09:44:07.084   189  7126 E RILC    : Send Response to RIL_SOCKET_1
04-14 09:44:07.085  1554  1829 D RILJ    : [3895]< QUERY_NETWORK_SELECTION_MODE {0} [SUB0]
04-14 09:44:07.087  1554  1829 D RILJ    : [3894]< VOICE_REGISTRATION_STATE {13, null, null, 0, null, null, null, 0, null, null, null, null, null, 2, fc} [SUB0]
04-14 09:44:07.087  1554  1554 D PHONE   : [ServiceState] setVoiceRegState=1
04-14 09:44:07.087  1554  1554 E PHONE   : [ServiceState] setState deprecated use setVoiceRegState()
04-14 09:44:07.088   189   258 I RILC    : RIL_SOCKET_1 UNSOLICITED: UNSOL_SIGNAL_STRENGTH length:60
04-14 09:44:07.088   189   258 E RILC    : Send Response to RIL_SOCKET_1
04-14 09:44:07.090  1554  1554 D DefaultPhoneNotifier: notifySignalStrength: mRegistry=com.android.internal.telephony.ITelephonyRegistry$Stub$Proxy@18013c47 ss=SignalStrength: 14 0 -120 -160 -120 -1 -1 99 2147483647 2147483647 2147483647 2147483647 gsm|lte sender=Handler (com.android.internal.telephony.gsm.GSMPhone) {3de84ddc}
04-14 09:44:07.090   189  7125 D RILC    : RequestComplete, RIL_SOCKET_1
04-14 09:44:07.090   189  7125 E RILC    : Send Response to RIL_SOCKET_1
04-14 09:44:07.094  1554  1829 D RILJ    : [3893]< DATA_REGISTRATION_STATE {2, null, null, null, 0, 20, null, null, null, null, null} [SUB0]
04-14 09:44:07.094  1554  1554 D PHONE   : [ServiceState] setDataRegState=1
04-14 09:44:07.094  1554  1554 D PHONE   : [ServiceState] setDataRadioTechnology=0
04-14 09:44:07.094   189   258 I RILQ    : (0/189):RIL[0][event] qcril_qmi_nas_evaluate_custom_emergency_numbers_for_card: cur_status 1024, card_state 3
04-14 09:44:07.094   189   258 I RILQ    : (0/189):RIL[0][event] qcril_qmi_nas_evaluate_custom_emergency_numbers_for_card: card_mcc 460, card_mnc 01
04-14 09:44:07.094  1554  1554 D GsmSST  : [GsmSST] handlPollStateResultMessage: GsmSST setDataRegState=1 regState=2 dataRadioTechnology=0
04-14 09:44:07.096  1554  1554 D GsmSST  : [GsmSST] Poll ServiceState done:  oldSS=[1 1 voice home data home null null null null null null  Unknown Unknown CSS not supported -1 -1 RoamInd=-1 DefRoamInd=-1 EmergOnly=true] newSS=[1 1 voice home data home null null null null null null  Unknown Unknown CSS not supported -1 -1 RoamInd=-1 DefRoamInd=-1 EmergOnly=true] oldMaxDataCalls=20 mNewMaxDataCalls=20 oldReasonDataDenied=-1 mNewReasonDataDenied=-1
04-14 09:44:07.096  1554  1554 D PHONE   : [ServiceState] setNullState=1
04-14 09:44:16.986  1554  1554 D DCT     : [0]onReceive: action=android.intent.action.SCREEN_OFF
04-14 09:44:16.986  1554  1554 D DCT     : [0]stopNetStatPoll
04-14 09:44:16.990  1554  1554 D DCT     : [0]overall state is IDLE
04-14 09:44:17.387  1554  1554 D RILJ    : [3896]> SCREEN_STATE: false [SUB0]
04-14 09:44:17.390   189   243 D RILC    : RequestComplete, RIL_SOCKET_1
04-14 09:44:17.390   189   243 E RILC    : Send Response to RIL_SOCKET_1
04-14 09:44:17.390  1554  1829 D RILJ    : [3896]< SCREEN_STATE  [SUB0]
04-14 09:44:17.396   189   258 I RILQ    : (0/189):RIL[0][event] qcril_arb_set_data_sys_status: recvd data_sys_status nw=0x0, rat_mask=0x8000, so_mask=0x0
04-14 09:44:17.396   189   258 I RILQ    : (0/189):RIL[0][event] qcril_arb_set_data_sys_status: recvd data_sys_status nw=0x1, rat_mask=0x0, so_mask=0x0
04-14 09:44:17.396   189   258 I RILQ    : (0/189):RIL[0][event] qcril_qmi_nas_update_data_rte: completed, new drte 0 with confidence 4
04-14 09:44:17.397   189   258 I RILC    : RIL_SOCKET_1 UNSOLICITED: UNSOL_RESPONSE_VOICE_NETWORK_STATE_CHANGED length:8
04-14 09:44:17.397   189   258 E RILC    : Send Response to RIL_SOCKET_1
04-14 09:44:17.398  1554  1829 D RILJ    : [UNSL]< UNSOL_RESPONSE_VOICE_NETWORK_STATE_CHANGED [SUB0]
04-14 09:44:17.399  1554  1554 D RILJ    : [3897]> OPERATOR [SUB0]
04-14 09:44:17.400  1554  1554 D RILJ    : [3898]> DATA_REGISTRATION_STATE [SUB0]
04-14 09:44:17.401   189   258 I RILC    : RIL_SOCKET_1 UNSOLICITED: UNSOL_SIGNAL_STRENGTH length:60
04-14 09:44:17.401   189   258 E RILC    : Send Response to RIL_SOCKET_1
04-14 09:44:17.402  1554  1554 D RILJ    : [3899]> VOICE_REGISTRATION_STATE [SUB0]
04-14 09:44:17.404  1554  1554 D RILJ    : [3900]> QUERY_NETWORK_SELECTION_MODE [SUB0]
04-14 09:44:17.411  1554  1554 D DefaultPhoneNotifier: notifySignalStrength: mRegistry=com.android.internal.telephony.ITelephonyRegistry$Stub$Proxy@18013c47 ss=SignalStrength: 14 0 -120 -160 -120 -1 -1 99 2147483647 2147483647 2147483647 2147483647 gsm|lte sender=Handler (com.android.internal.telephony.gsm.GSMPhone) {3de84ddc}
04-14 09:44:17.415   189  7173 D RILC    : RequestComplete, RIL_SOCKET_1
04-14 09:44:17.415   189  7173 E RILC    : Send Response to RIL_SOCKET_1
04-14 09:44:17.417  1554  1829 D RILJ    : [3897]< OPERATOR {null, null, null} [SUB0]
04-14 09:44:17.417   189  7175 D RILC    : RequestComplete, RIL_SOCKET_1
04-14 09:44:17.417   189  7175 E RILC    : Send Response to RIL_SOCKET_1
04-14 09:44:17.418  1554  1829 D RILJ    : [3899]< VOICE_REGISTRATION_STATE {13, null, null, 0, null, null, null, 0, null, null, null, null, null, 2, fc} [SUB0]
04-14 09:44:17.418  1554  1554 D PHONE   : [ServiceState] setVoiceRegState=1
04-14 09:44:17.419  1554  1554 E PHONE   : [ServiceState] setState deprecated use setVoiceRegState()
04-14 09:44:17.419   189  7176 D RILC    : RequestComplete, RIL_SOCKET_1
04-14 09:44:17.419   189  7176 E RILC    : Send Response to RIL_SOCKET_1
04-14 09:44:17.420  1554  1829 D RILJ    : [3900]< QUERY_NETWORK_SELECTION_MODE {0} [SUB0]
04-14 09:44:17.420   189  7174 D RILC    : RequestComplete, RIL_SOCKET_1
04-14 09:44:17.420   189  7174 E RILC    : Send Response to RIL_SOCKET_1
04-14 09:44:17.421  1554  1829 D RILJ    : [3898]< DATA_REGISTRATION_STATE {2, null, null, null, 0, 20, null, null, null, null, null} [SUB0]
04-14 09:44:17.422  1554  1554 D PHONE   : [ServiceState] setDataRegState=1
04-14 09:44:17.423  1554  1554 D PHONE   : [ServiceState] setDataRadioTechnology=0
04-14 09:44:17.423  1554  1554 D GsmSST  : [GsmSST] handlPollStateResultMessage: GsmSST setDataRegState=1 regState=2 dataRadioTechnology=0
04-14 09:44:17.424  1554  1554 D GsmSST  : [GsmSST] Poll ServiceState done:  oldSS=[1 1 voice home data home null null null null null null  Unknown Unknown CSS not supported -1 -1 RoamInd=-1 DefRoamInd=-1 EmergOnly=true] newSS=[1 1 voice home data home null null null null null null  Unknown Unknown CSS not supported -1 -1 RoamInd=-1 DefRoamInd=-1 EmergOnly=true] oldMaxDataCalls=20 mNewMaxDataCalls=20 oldReasonDataDenied=-1 mNewReasonDataDenied=-1
04-14 09:44:17.424  1554  1554 D PHONE   : [ServiceState] setNullState=1
04-14 09:44:54.875  1554  1554 D DCT     : [0]onReceive: action=android.intent.action.SCREEN_ON
04-14 09:44:54.875  1554  1554 D DCT     : [0]stopNetStatPoll
04-14 09:44:54.877  1554  1554 D DCT     : [0]overall state is IDLE
04-14 09:44:55.094  1554  1554 D RILJ    : [3901]> SCREEN_STATE: true [SUB0]
04-14 09:44:55.098   189   243 D RILC    : RequestComplete, RIL_SOCKET_1
04-14 09:44:55.098   189   243 E RILC    : Send Response to RIL_SOCKET_1
04-14 09:44:55.098  1554  1829 D RILJ    : [3901]< SCREEN_STATE  [SUB0]
04-14 09:44:55.109   189   258 I RILQ    : (0/189):RIL[0][event] qcril_qmi_nas_update_data_rte: completed, new drte 0 with confidence 4
04-14 09:44:55.115   189   258 I RILC    : RIL_SOCKET_1 UNSOLICITED: UNSOL_RESPONSE_VOICE_NETWORK_STATE_CHANGED length:8
04-14 09:44:55.115   189   258 E RILC    : Send Response to RIL_SOCKET_1
04-14 09:44:55.115  1554  1829 D RILJ    : [UNSL]< UNSOL_RESPONSE_VOICE_NETWORK_STATE_CHANGED [SUB0]
04-14 09:44:55.116  1554  1554 D RILJ    : [3902]> OPERATOR [SUB0]
04-14 09:44:55.118  1554  1554 D RILJ    : [3903]> DATA_REGISTRATION_STATE [SUB0]
04-14 09:44:55.118   189  7198 D RILC    : RequestComplete, RIL_SOCKET_1
04-14 09:44:55.118   189  7198 E RILC    : Send Response to RIL_SOCKET_1
