01-01 08:00:00.480   171   171 I auditd  : type=2000 audit(0.0:1): initialized
08-09 23:25:05.530   171   171 I auditd  : type=1403 audit(0.0:2): policy loaded auid=4294967295 ses=4294967295
08-09 23:25:05.530   171   171 I auditd  : type=1404 audit(0.0:3): enforcing=1 old_enforcing=0 auid=4294967295 ses=4294967295
08-09 23:25:07.741   206   206 I boot_progress_start: 4041
08-09 23:25:13.735   206   206 I boot_progress_preload_start: 10035
08-09 23:25:20.066   206   206 I boot_progress_preload_end: 16366
08-09 23:25:22.219   716   716 I boot_progress_system_run: 18519
08-09 23:25:22.718   716   716 I boot_progress_pms_start: 19018
08-09 23:25:22.968   716   716 I pm_critical_info: No settings file; creating initial state
08-09 23:25:22.972   716   716 I boot_progress_pms_system_scan_start: 19272
08-09 23:25:56.846   716   716 I pm_critical_info: Failed to recover certificates for com.qualcomm.qcrilmsgtunnel: null
08-09 23:25:57.110   716   716 I boot_progress_pms_data_scan_start: 53410
08-09 23:25:58.808   716   716 I boot_progress_pms_scan_end: 55107
08-09 23:25:59.164   716   716 I boot_progress_pms_ready: 55464
08-09 23:25:59.290   716   749 I battery_status: [2,2,1,2,Li-ion]
08-09 23:25:59.290   716   749 I battery_level: [99,4300,265]
08-09 23:25:59.871   716   716 I wm_stack_created: [0,0,0,0,0]
08-09 23:26:00.052   716   716 I configuration_changed: 7672
08-09 23:26:00.080   716   716 I configuration_changed: 1288
08-09 23:26:00.119   176   995 I fstrim_start: 56419
08-09 23:26:00.125   716   992 I fstrim_start: 56415
08-09 23:26:01.672   716   716 I free_storage_left: [13302849536,687144960,710086656]
08-09 23:26:01.672   716   716 I free_storage_changed: 13302849536
08-09 23:26:03.554   716   716 I configuration_changed: 512
08-09 23:26:04.605   716   798 I am_proc_start: [0,1026,10001,com.android.providers.calendar,broadcast,com.android.providers.calendar/.CalendarUpgradeReceiver]
08-09 23:26:04.699   716   716 I backup_transport_lifecycle: [android/com.android.internal.backup.LocalTransportService,1]
08-09 23:26:04.747   716   749 I am_proc_bound: [0,1026,com.android.providers.calendar]
08-09 23:26:05.444  1026  1026 I calendar_upgrade_receiver: 197
08-09 23:26:05.535   716   984 I am_proc_start: [0,1052,10002,android.process.acore,broadcast,com.android.providers.contacts/.ContactsUpgradeReceiver]
08-09 23:26:05.614   716   984 I am_proc_bound: [0,1052,android.process.acore]
08-09 23:26:07.989   995   995 I auditd  : type=1400 audit(0.0:4): avc: denied { getattr } for comm="vold" path="/persist" dev="mmcblk0p16" ino=2 scontext=u:r:vold:s0 tcontext=u:object_r:persist_file:s0 tclass=dir
08-09 23:26:07.998   176   995 I fstrim_finish: 64298
08-09 23:26:10.083  1052  1052 I contacts_upgrade_receiver: 3541
08-09 23:26:10.161   716   750 I am_proc_start: [0,1087,10007,com.android.managedprovisioning,broadcast,com.android.managedprovisioning/.PreBootListener]
08-09 23:26:10.290   716   984 I am_proc_bound: [0,1087,com.android.managedprovisioning]
08-09 23:26:11.058   716  1053 I am_proc_start: [0,1110,10005,android.process.media,broadcast,com.android.providers.media/.MediaUpgradeReceiver]
08-09 23:26:11.102   716   749 I am_proc_bound: [0,1110,android.process.media]
08-09 23:26:11.461   716  1053 I am_proc_start: [0,1134,1000,com.android.settings,broadcast,com.android.settings/.ManagedProfileSetup]
08-09 23:26:11.528   716  1053 I am_proc_bound: [0,1134,com.android.settings]
08-09 23:26:11.618   716   798 I am_kill : [0,1026,com.android.providers.calendar,15,system update done]
08-09 23:26:11.634   716   798 I am_kill : [0,1052,android.process.acore,15,system update done]
08-09 23:26:11.651   716   798 I am_kill : [0,1087,com.android.managedprovisioning,13,system update done]
08-09 23:26:11.681   716   798 I am_kill : [0,1110,android.process.media,11,system update done]
08-09 23:26:11.749   716   798 I am_kill : [0,1134,com.android.settings,9,system update done]
08-09 23:26:11.840   716   798 I boot_progress_ams_ready: 68140
08-09 23:26:12.001   716   798 I am_proc_start: [0,1161,1037,WebViewLoader-armeabi-v7a,,]
08-09 23:26:12.119   716  1160 I am_proc_start: [0,1179,10002,android.process.acore,content provider,com.android.providers.contacts/.CallLogProvider]
08-09 23:26:12.214   716   798 I am_proc_start: [0,1198,10013,com.android.systemui,service,com.android.systemui/.SystemUIService]
08-09 23:26:12.218   716   749 I am_proc_bound: [0,1179,android.process.acore]
08-09 23:26:12.321   716  1156 I am_proc_bound: [0,1198,com.android.systemui]
08-09 23:26:13.311   716   716 I notification_enqueue: [1000,716,android,17040636,NULL,-1,Notification(pri=-2 contentView=null vibrate=null sound=null defaults=0x0 flags=0x2 color=0xff607d8b vis=PUBLIC),0]
08-09 23:26:13.316   716   716 I notification_enqueue: [1000,716,android,17040644,NULL,-1,Notification(pri=-1 contentView=null vibrate=null sound=null defaults=0x0 flags=0x2 color=0xff607d8b vis=PUBLIC),0]
08-09 23:26:13.597   716   801 I configuration_changed: 32
08-09 23:26:13.690   716   750 I am_proc_start: [0,1332,10029,com.android.exchange,content provider,com.android.exchange/.provider.ExchangeDirectoryProvider]
08-09 23:26:13.773   716   798 I am_proc_start: [0,1357,10034,com.android.inputmethod.latin,service,com.android.inputmethod.latin/.LatinIME]
08-09 23:26:13.773   716  1155 I am_proc_bound: [0,1332,com.android.exchange]
08-09 23:26:15.699   716  1053 I am_proc_bound: [0,1357,com.android.inputmethod.latin]
08-09 23:26:16.739   716   749 I am_proc_start: [0,1506,10028,com.android.email,content provider,com.android.email/.provider.EmailProvider]
08-09 23:26:16.761   716   716 I notification_cancel: [10013,1198,com.android.systemui,100,low_battery,-1,0,64,8,NULL]
08-09 23:26:16.843   716  1157 I am_proc_bound: [0,1506,com.android.email]
08-09 23:26:19.249   716   798 I am_proc_start: [0,1535,1027,com.android.nfc,added application,com.android.nfc]
08-09 23:26:19.325   716   798 I am_proc_start: [0,1554,1001,com.android.phone,added application,com.android.phone]
08-09 23:26:19.342   716   798 I am_create_task: [0,1]
08-09 23:26:19.342   716   798 I am_create_activity: [0,616068962,1,com.android.settings/.CryptKeeper,android.intent.action.MAIN,NULL,NULL,276824064]
08-09 23:26:19.347   716   798 I wm_task_created: [1,0]
08-09 23:26:19.347   716   798 I wm_task_moved: [1,1,0]
08-09 23:26:19.418   716   798 I am_proc_start: [0,1581,1000,com.android.settings,activity,com.android.settings/.CryptKeeper]
08-09 23:26:19.418   716   798 I am_focused_activity: [0,com.android.settings/.CryptKeeper]
08-09 23:26:19.432   716  1053 I am_proc_bound: [0,1535,com.android.nfc]
08-09 23:26:19.672   716   797 I am_proc_start: [0,1616,10046,com.android.printspooler,service,com.android.printspooler/.model.PrintSpoolerService]
08-09 23:26:19.673   716  1590 I am_proc_bound: [0,1554,com.android.phone]
08-09 23:26:20.403   716  1156 I am_proc_bound: [0,1581,com.android.settings]
08-09 23:26:20.407   716  1156 I am_restart_activity: [0,616068962,1,com.android.settings/.CryptKeeper]
08-09 23:26:20.500   716   798 I am_proc_start: [0,1647,10005,android.process.media,broadcast,com.android.providers.media/.MtpReceiver]
08-09 23:26:20.501   716  1157 I am_proc_bound: [0,1616,com.android.printspooler]
08-09 23:26:21.052   716  1591 I am_proc_bound: [0,1647,android.process.media]
08-09 23:26:21.534   716  1591 I am_finish_activity: [0,616068962,1,com.android.settings/.CryptKeeper,app-request]
08-09 23:26:21.534   716  1591 I am_pause_activity: [0,616068962,com.android.settings/.CryptKeeper]
08-09 23:26:21.611   716  1681 I wm_task_moved: [1,1,0]
08-09 23:26:21.618   716  1681 I wm_task_moved: [1,1,0]
08-09 23:26:21.627   716  1681 I wm_task_moved: [1,1,0]
08-09 23:26:21.629   716  1681 I am_create_task: [0,2]
08-09 23:26:21.629   716  1681 I am_create_activity: [0,1006213066,2,com.android.provision/.DefaultActivity,android.intent.action.MAIN,NULL,NULL,276824064]
08-09 23:26:21.630   716  1681 I wm_task_created: [2,0]
08-09 23:26:21.630   716  1681 I wm_task_moved: [2,1,1]
08-09 23:26:21.630   716  1681 I am_focused_activity: [0,com.android.provision/.DefaultActivity]
08-09 23:26:21.711   716  1681 I am_proc_start: [0,1686,10047,com.android.provision,activity,com.android.provision/.DefaultActivity]
08-09 23:26:21.831   716   750 I am_proc_bound: [0,1686,com.android.provision]
08-09 23:26:21.896   716   750 I am_restart_activity: [0,1006213066,2,com.android.provision/.DefaultActivity]
08-09 23:26:22.094   716  1591 I am_finish_activity: [0,1006213066,2,com.android.provision/.DefaultActivity,app-request]
08-09 23:26:22.094   716  1591 I am_pause_activity: [0,1006213066,com.android.provision/.DefaultActivity]
08-09 23:26:22.100   716  1156 I force_gc: Binder
08-09 23:26:22.122   716  1591 I wm_task_moved: [2,1,1]
08-09 23:26:22.129   716  1591 I wm_task_moved: [2,1,1]
08-09 23:26:22.134   716  1591 I wm_task_moved: [2,1,1]
08-09 23:26:22.137   716  1591 I am_create_task: [0,3]
08-09 23:26:22.137   716  1591 I am_create_activity: [0,75099644,3,com.android.launcher3/.Launcher,android.intent.action.MAIN,NULL,NULL,268435456]
08-09 23:26:22.139   716  1591 I wm_task_created: [3,0]
08-09 23:26:22.139   716  1591 I wm_task_moved: [3,1,2]
08-09 23:26:22.139   716  1591 I am_focused_activity: [0,com.android.launcher3/.Launcher]
08-09 23:26:22.217   716  1591 I am_proc_start: [0,1722,10035,com.android.launcher3,activity,com.android.launcher3/.Launcher]
08-09 23:26:22.309   716  1590 I am_proc_bound: [0,1722,com.android.launcher3]
08-09 23:26:23.034   716  1590 I am_restart_activity: [0,75099644,3,com.android.launcher3/.Launcher]
08-09 23:26:23.194   716  1591 I notification_cancel_all: [10005,1647,com.android.providers.downloads,0,0,64,9,NULL]
08-09 23:26:23.449   716  1682 I am_proc_start: [0,1796,10038,com.android.music,broadcast,com.android.music/.MediaButtonIntentReceiver]
08-09 23:26:23.560   716  1157 I am_proc_bound: [0,1796,com.android.music]
08-09 23:26:23.781   716  1682 I force_gc: Binder
08-09 23:26:23.812   716   999 I netstats_mobile_sample: [0,0,0,0,0,0,0,0,0,0,0,0,-1]
08-09 23:26:23.812   716   999 I netstats_wifi_sample: [0,0,0,0,0,0,0,0,0,0,0,0,-1]
08-09 23:26:23.896  1722  1722 I am_on_resume_called: [0,com.android.launcher3.Launcher]
08-09 23:26:24.551   716   803 I am_activity_launch_time: [0,75099644,com.android.launcher3/.Launcher,2412,5204]
08-09 23:26:24.767   716   716 I notification_cancel: [10013,1198,com.android.systemui,100,low_battery,-1,0,64,8,NULL]
08-09 23:26:24.768   716   716 I notification_cancel: [10013,1198,com.android.systemui,100,low_battery,-1,0,64,8,NULL]
08-09 23:26:25.331   716  1155 I am_destroy_activity: [0,616068962,1,com.android.settings/.CryptKeeper,finish-idle]
08-09 23:26:25.333   716  1155 I am_destroy_activity: [0,1006213066,2,com.android.provision/.DefaultActivity,finish-idle]
08-09 23:26:25.337   716   798 I boot_progress_enable_screen: 81637
08-09 23:26:25.346   716   798 I screen_toggled: 1
08-09 23:26:25.347   716  1682 I wm_task_removed: [2,removeAppToken: last token]
08-09 23:26:25.347   716  1682 I wm_task_removed: [2,removeTask]
08-09 23:26:25.348   716  1682 I wm_task_removed: [1,removeAppToken: last token]
08-09 23:26:25.348   716  1682 I wm_task_removed: [1,removeTask]
08-09 23:26:26.091   716   749 I notification_expansion: [-1|android|17040644|null|1000,0,1]
08-09 23:26:26.704   177   177 I sf_frame_dur: [BootAnimation,6,8,912,10,0,0,0]
08-09 23:26:26.765   716  1662 I notification_expansion: [-1|android|17040644|null|1000,0,0]
08-09 23:26:26.860  1198  1198 I sysui_status_bar_state: [1,1,0,0,0,1]
08-09 23:26:26.872   716  1053 I notification_panel_revealed: []
08-09 23:26:26.874   716  1611 I notification_visibility_changed: [-1|android|17040644|null|1000;-1|android|17040636|null|1000,]
08-09 23:26:27.122   716   802 I am_proc_start: [0,1874,1002,com.android.bluetooth,service,com.android.bluetooth/.btservice.AdapterService]
08-09 23:26:27.214   716  1900 I am_proc_start: [0,1909,1000,com.android.keychain,service,com.android.keychain/.KeyChainService]
08-09 23:26:27.216   716  1156 I am_proc_bound: [0,1874,com.android.bluetooth]
08-09 23:26:27.738   716  1611 I am_proc_bound: [0,1909,com.android.keychain]
08-09 23:26:27.785   177   177 I sf_frame_dur: [KeyguardScrim,0,0,0,0,0,0,1]
08-09 23:26:27.818   177   177 I sf_frame_dur: [NavigationBar,0,1,1,0,0,0,0]
08-09 23:26:27.825   716   749 I notification_visibility_changed: [,-1|android|17040636|null|1000]
08-09 23:26:27.826   716   716 I notification_cancel: [1000,716,android,17039590,NULL,0,0,0,8,NULL]
08-09 23:26:27.966   716  1681 I am_proc_start: [0,1945,10004,com.android.dialer,broadcast,com.android.dialer/.calllog.CallLogReceiver]
08-09 23:26:28.108   716  1611 I am_proc_bound: [0,1945,com.android.dialer]
08-09 23:26:29.781   716   716 I notification_cancel: [10004,1945,com.android.dialer,1,DefaultVoicemailNotifier,0,0,64,8,NULL]
08-09 23:26:30.121   716  1591 I am_proc_died: [0,1874,com.android.bluetooth]
08-09 23:26:36.864   716   805 I power_sleep_requested: 0
08-09 23:26:36.869   716   716 I am_pause_activity: [0,75099644,com.android.launcher3/.Launcher]
08-09 23:26:36.871  1722  1722 I am_on_paused_called: [0,com.android.launcher3.Launcher]
08-09 23:26:36.881   716   798 I am_focused_activity: [0,com.android.launcher3/.Launcher]
08-09 23:26:36.888   716   716 I power_screen_state: [0,3,0,0]
08-09 23:26:36.888   716   716 I screen_toggled: 0
08-09 23:26:36.893   716   716 I power_screen_broadcast_send: 1
08-09 23:26:36.904   716   984 I notification_visibility_changed: [,-1|android|17040644|null|1000]
08-09 23:26:36.909   716  1615 I notification_panel_hidden: []
08-09 23:26:42.768   716  1611 I am_proc_start: [0,2071,10052,com.android.smspush,service,com.android.smspush/.WapPushManager]
08-09 23:26:42.834   716  1681 I am_proc_bound: [0,2071,com.android.smspush]
08-09 23:26:43.013  1554  1554 I gsm_service_state_change: [1,1,3,3]
08-09 23:26:43.435   716   716 I am_proc_start: [0,2117,10021,com.android.calendar,broadcast,com.android.calendar/.UpgradeReceiver]
08-09 23:26:43.437   716   716 I power_screen_broadcast_done: [1,6544,1]
08-09 23:26:43.437   716   716 I power_screen_broadcast_send: 1
08-09 23:26:43.478  1198  1198 I sysui_heads_up_status: [,0]
08-09 23:26:43.518   716  1681 I am_proc_bound: [0,2117,com.android.calendar]
08-09 23:26:44.495   716  1682 I force_gc: Binder
08-09 23:26:44.716   716  1157 I am_proc_start: [0,2185,10001,com.android.providers.calendar,broadcast,com.android.providers.calendar/.CalendarReceiver]
08-09 23:26:44.730   716   716 I power_screen_broadcast_done: [0,1293,1]
08-09 23:26:44.791   716  1591 I am_proc_bound: [0,2185,com.android.providers.calendar]
08-09 23:26:44.838  1554  1554 I gsm_service_state_change: [3,3,1,1]
08-09 23:26:45.092   716   750 I notification_cancel_all: [10005,1647,com.android.providers.downloads,0,0,64,9,NULL]
08-09 23:26:45.156   716  1155 I am_proc_start: [0,2214,10007,com.android.managedprovisioning,broadcast,com.android.managedprovisioning/.BootReminder]
08-09 23:26:45.180   716   750 I configuration_changed: 3
08-09 23:26:45.206   716   750 I am_relaunch_activity: [0,75099644,3,com.android.launcher3/.Launcher]
08-09 23:26:45.279   716  1615 I am_proc_bound: [0,2214,com.android.managedprovisioning]
08-09 23:26:45.283   177   177 I sf_frame_dur: [com.android.launcher3/com.android.launcher3.Launcher,6,4,2,1,0,1,1]
08-09 23:26:45.593   716  1053 I am_proc_start: [0,2240,10008,com.android.mms,broadcast,com.android.mms/.transaction.MmsSystemEventReceiver]
08-09 23:26:45.620  1722  1722 I am_on_resume_called: [0,com.android.launcher3.Launcher]
08-09 23:26:45.685   716   749 I am_proc_bound: [0,2240,com.android.mms]
08-09 23:26:46.752   716  1155 I am_proc_start: [0,2294,10010,com.android.onetimeinitializer,broadcast,com.android.onetimeinitializer/.OneTimeInitializerReceiver]
08-09 23:26:46.815   716   716 I notification_cancel: [10008,2240,com.android.mms,123,NULL,0,0,64,8,NULL]
08-09 23:26:46.842   716  1682 I am_proc_bound: [0,2294,com.android.onetimeinitializer]
08-09 23:26:47.092   716  1591 I am_proc_start: [0,2323,10015,com.android.voicedialer,broadcast,com.android.voicedialer/.VoiceDialerReceiver]
08-09 23:26:47.170   716   716 I notification_cancel: [10008,2240,com.android.mms,123,NULL,0,0,64,8,NULL]
08-09 23:26:47.180   716   984 I am_proc_bound: [0,2323,com.android.voicedialer]
08-09 23:26:47.488   716  1053 I am_proc_start: [0,2352,10022,com.android.camera2,broadcast,com.android.camera2/com.android.camera.DisableCameraReceiver]
08-09 23:26:47.577   716  1591 I am_proc_bound: [0,2352,com.android.camera2]
08-09 23:26:48.542   716  1681 I notification_cancel_all: [10022,2352,com.android.camera2,0,0,64,9,NULL]
08-09 23:26:48.705   716  1590 I am_proc_start: [0,2386,10025,com.android.deskclock,broadcast,com.android.deskclock/.AlarmInitReceiver]
08-09 23:26:48.792   716  1156 I am_proc_bound: [0,2386,com.android.deskclock]
08-09 23:26:49.802   716  1682 I am_proc_start: [0,2436,10031,com.android.gallery3d,broadcast,com.android.gallery3d/com.android.camera.DisableCameraReceiver]
08-09 23:26:49.887   716  1590 I am_proc_bound: [0,2436,com.android.gallery3d]
08-09 23:26:49.917   716   749 I force_gc: Binder
08-09 23:26:51.857   716   716 I notification_cancel: [1001,1554,com.android.phone,3,1,-1,0,64,8,NULL]
08-09 23:26:51.914   716   716 I notification_cancel: [1001,1554,com.android.phone,4,1,-1,0,64,8,NULL]
08-09 23:26:57.497   716   716 I notification_cancel: [10021,2117,com.android.calendar,0,NULL,0,0,64,8,NULL]
08-09 23:26:57.498   716   716 I notification_cancel: [10021,2117,com.android.calendar,1,NULL,0,0,64,8,NULL]
08-09 23:26:57.500   716   716 I notification_cancel: [10021,2117,com.android.calendar,2,NULL,0,0,64,8,NULL]
08-09 23:26:57.501   716   716 I notification_cancel: [10021,2117,com.android.calendar,3,NULL,0,0,64,8,NULL]
08-09 23:26:57.503   716   716 I notification_cancel: [10021,2117,com.android.calendar,4,NULL,0,0,64,8,NULL]
08-09 23:26:57.504   716   716 I notification_cancel: [10021,2117,com.android.calendar,5,NULL,0,0,64,8,NULL]
08-09 23:26:57.506   716   716 I notification_cancel: [10021,2117,com.android.calendar,6,NULL,0,0,64,8,NULL]
08-09 23:26:57.507   716   716 I notification_cancel: [10021,2117,com.android.calendar,7,NULL,0,0,64,8,NULL]
08-09 23:26:57.509   716   716 I notification_cancel: [10021,2117,com.android.calendar,8,NULL,0,0,64,8,NULL]
08-09 23:26:57.510   716   716 I notification_cancel: [10021,2117,com.android.calendar,9,NULL,0,0,64,8,NULL]
08-09 23:26:57.512   716   716 I notification_cancel: [10021,2117,com.android.calendar,10,NULL,0,0,64,8,NULL]
08-09 23:26:57.513   716   716 I notification_cancel: [10021,2117,com.android.calendar,11,NULL,0,0,64,8,NULL]
08-09 23:26:57.515   716   716 I notification_cancel: [10021,2117,com.android.calendar,12,NULL,0,0,64,8,NULL]
08-09 23:26:57.516   716   716 I notification_cancel: [10021,2117,com.android.calendar,13,NULL,0,0,64,8,NULL]
08-09 23:26:57.517   716   716 I notification_cancel: [10021,2117,com.android.calendar,14,NULL,0,0,64,8,NULL]
08-09 23:26:57.519   716   716 I notification_cancel: [10021,2117,com.android.calendar,15,NULL,0,0,64,8,NULL]
08-09 23:26:57.520   716   716 I notification_cancel: [10021,2117,com.android.calendar,16,NULL,0,0,64,8,NULL]
08-09 23:26:57.522   716   716 I notification_cancel: [10021,2117,com.android.calendar,17,NULL,0,0,64,8,NULL]
08-09 23:26:57.524   716   716 I notification_cancel: [10021,2117,com.android.calendar,18,NULL,0,0,64,8,NULL]
08-09 23:26:57.525   716   716 I notification_cancel: [10021,2117,com.android.calendar,19,NULL,0,0,64,8,NULL]
08-09 23:26:57.527   716   716 I notification_cancel: [10021,2117,com.android.calendar,20,NULL,0,0,64,8,NULL]
08-09 23:27:01.709   716   716 I free_storage_changed: 13274165248
08-09 23:27:17.629   716   750 I am_kill : [0,1686,com.android.provision,15,empty #17]
08-09 23:27:17.638   716  1590 I am_proc_died: [0,1686,com.android.provision]
08-09 23:27:24.207   716   798 I am_proc_start: [0,2628,10009,com.android.musicfx,broadcast,com.android.musicfx/.ControlPanelReceiver]
08-09 23:27:24.211   716   984 I am_kill : [0,1796,com.android.music,15,empty #17]
08-09 23:27:24.280   716  1633 I am_proc_died: [0,1796,com.android.music]
08-09 23:27:24.296   716  1156 I am_proc_bound: [0,2628,com.android.musicfx]
08-09 23:27:24.477   716   749 I am_kill : [0,1616,com.android.printspooler,15,empty #17]
08-09 23:27:24.492   716  1053 I am_proc_died: [0,1616,com.android.printspooler]
08-09 23:27:40.905   716  1591 I battery_level: [100,4342,276]
08-09 23:27:40.996   716   716 I notification_cancel: [10013,1198,com.android.systemui,100,low_battery,-1,0,64,8,NULL]
08-09 23:33:10.451   716  1633 I battery_status: [5,2,1,2,Li-ion]
08-09 23:33:10.511   716   716 I notification_cancel: [10013,1198,com.android.systemui,100,low_battery,-1,0,64,8,NULL]
08-09 23:50:03.136   716   716 I power_screen_state: [1,0,0,0]
08-09 23:50:03.136   716   716 I screen_toggled: 1
08-09 23:50:03.136   716   716 I power_screen_broadcast_send: 1
08-09 23:50:03.150   716  1682 I notification_panel_revealed: []
08-09 23:50:03.151   716   984 I notification_visibility_changed: [-1|android|17040644|null|1000,]
08-09 23:50:03.226   716   716 I power_screen_broadcast_done: [1,90,1]
08-09 23:50:03.663   177   177 I sf_frame_dur: [ColorFade,25,1,2,0,0,0,0]
08-09 23:50:05.740  1198  1198 I sysui_lockscreen_gesture: [1,190,4770]
08-09 23:50:05.830   716  1156 I notification_visibility_changed: [,-1|android|17040644|null|1000]
08-09 23:50:05.831   716  1682 I notification_panel_hidden: []
08-09 23:50:05.836  1198  1198 I screen_toggled: 2
08-09 23:50:05.860   177   177 I sf_frame_dur: [VolumePanel,0,1,0,0,0,0,0]
08-09 23:50:06.542   716  1591 I notification_expansion: [-1|android|17040644|null|1000,0,1]
08-09 23:50:06.563  1198  1198 I sysui_status_bar_state: [0,0,0,0,0,1]
08-09 23:50:06.570   716  1590 I am_resume_activity: [0,75099644,3,com.android.launcher3/.Launcher]
08-09 23:50:06.720  1722  1722 I am_on_resume_called: [0,com.android.launcher3.Launcher]
08-09 23:50:06.895  1198  1198 I sysui_panelholder_touch: [0,892,583]
08-09 23:50:08.409   716  1053 I wm_stack_created: [1,0,0,0,0]
08-09 23:50:08.417   716  1053 I am_home_stack_moved: [0,0,1,1,startingNewTask]
08-09 23:50:08.418   716  1053 I am_create_task: [0,4]
08-09 23:50:08.418   716  1053 I am_create_activity: [0,398822584,4,com.android.settings/.Settings,android.intent.action.MAIN,NULL,NULL,270532608]
08-09 23:50:08.428   716  1053 I wm_task_created: [4,1]
08-09 23:50:08.428   716  1053 I wm_task_moved: [4,1,0]
08-09 23:50:08.445   716  1053 I am_pause_activity: [0,75099644,com.android.launcher3/.Launcher]
08-09 23:50:08.448   716  1053 I am_home_stack_moved: [0,0,1,1,startedActivity setFocusedActivity]
08-09 23:50:08.450   716  1053 I am_focused_activity: [0,com.android.settings/.Settings]
08-09 23:50:08.587  1722  1722 I am_on_paused_called: [0,com.android.launcher3.Launcher]
08-09 23:50:08.593   716  1662 I am_restart_activity: [0,398822584,4,com.android.settings/.Settings]
08-09 23:50:08.814  1581  1581 I am_on_resume_called: [0,com.android.settings.Settings]
08-09 23:50:09.069   177   177 I sf_frame_dur: [com.android.launcher3/com.android.launcher3.Launcher,27,4,0,5,2,0,3]
08-09 23:50:10.033   716   803 I am_activity_launch_time: [0,398822584,com.android.settings/.Settings,1445,1445]
08-09 23:50:10.981   716  1615 I am_home_stack_moved: [0,0,1,1,sourceStackToFront]
08-09 23:50:10.982   716  1615 I wm_task_moved: [4,1,0]
08-09 23:50:10.985   716  1615 I am_create_activity: [0,1036487639,4,com.android.settings/.SubSettings,android.intent.action.MAIN,NULL,NULL,0]
08-09 23:50:10.987   716  1615 I am_pause_activity: [0,398822584,com.android.settings/.Settings]
08-09 23:50:10.990   716  1615 I am_home_stack_moved: [0,0,1,1,startedActivity setFocusedActivity]
08-09 23:50:10.991   716  1615 I am_focused_activity: [0,com.android.settings/.SubSettings]
08-09 23:50:11.001  1581  1581 I am_on_paused_called: [0,com.android.settings.Settings]
08-09 23:50:11.004   716  1591 I am_restart_activity: [0,1036487639,4,com.android.settings/.SubSettings]
08-09 23:50:11.247  1581  1581 I am_on_resume_called: [0,com.android.settings.SubSettings]
08-09 23:50:11.714   716   803 I am_activity_launch_time: [0,1036487639,com.android.settings/.SubSettings,712,712]
08-09 23:50:11.948   177   177 I sf_frame_dur: [com.android.settings/com.android.settings.Settings,52,3,1,0,1,1,0]
08-09 23:50:13.333   716   999 I netstats_mobile_sample: [0,0,0,0,0,0,0,0,0,0,0,0,-1]
08-09 23:50:13.334   716   999 I netstats_wifi_sample: [0,0,0,0,0,0,0,0,0,0,0,0,-1]
08-09 23:50:29.198   716  1004 I netstats_mobile_sample: [0,0,0,0,0,0,0,0,0,0,0,0,-1]
08-09 23:50:29.199   716  1004 I netstats_wifi_sample: [0,0,0,0,0,0,0,0,0,0,0,0,-1]
08-09 23:50:29.211   716  1004 I netstats_mobile_sample: [0,0,0,0,0,0,0,0,0,0,0,0,-1]
08-09 23:50:29.211   716  1004 I netstats_wifi_sample: [0,0,0,0,0,0,0,0,0,0,0,0,-1]
08-09 23:50:29.273   716  1157 I notification_cancel_all: [10005,1647,com.android.providers.downloads,0,0,64,9,NULL]
08-09 23:50:30.406   716  1004 I netstats_mobile_sample: [0,0,0,0,0,0,0,0,0,0,0,0,-1]
08-09 23:50:30.406   716  1004 I netstats_wifi_sample: [1280,5,1083,13,1238,4,821,12,1238,4,821,12,-1]
08-09 23:50:30.926   716  1615 I am_finish_activity: [0,1036487639,4,com.android.settings/.SubSettings,app-request]
08-09 23:50:30.928   716  1615 I am_home_stack_moved: [0,0,1,1,finishActivity adjustTopFocus setFocusedActivity]
08-09 23:50:30.928   716  1615 I am_focused_activity: [0,com.android.settings/.Settings]
08-09 23:50:30.928   716  1615 I am_pause_activity: [0,1036487639,com.android.settings/.SubSettings]
08-09 23:50:31.091  1581  1581 I am_on_paused_called: [0,com.android.settings.SubSettings]
08-09 23:50:31.094   716  1157 I am_resume_activity: [0,398822584,4,com.android.settings/.Settings]
08-09 23:50:31.145  1581  1581 I am_on_resume_called: [0,com.android.settings.Settings]
08-09 23:50:32.374   716   798 I am_destroy_activity: [0,1036487639,4,com.android.settings/.SubSettings,finish-imm]
08-09 23:50:32.385   177   177 I sf_frame_dur: [com.android.settings/com.android.settings.SubSettings,65,1,4,2,3,2,6]
08-09 23:50:33.128   716  1155 I am_finish_activity: [0,398822584,4,com.android.settings/.Settings,app-request]
08-09 23:50:33.129   716  1155 I am_home_stack_moved: [0,1,0,0,finishActivity adjustFocus]
08-09 23:50:33.129   716  1155 I wm_task_moved: [3,1,0]
08-09 23:50:33.133   716  1155 I am_home_stack_moved: [0,1,0,0,finishActivity adjustTopFocus setFocusedActivity]
08-09 23:50:33.136   716  1155 I am_focused_activity: [0,com.android.launcher3/.Launcher]
08-09 23:50:33.147   716  1155 I am_pause_activity: [0,398822584,com.android.settings/.Settings]
08-09 23:50:33.164  1581  1581 I am_on_paused_called: [0,com.android.settings.Settings]
08-09 23:50:33.170   716   750 I am_resume_activity: [0,75099644,3,com.android.launcher3/.Launcher]
08-09 23:50:33.183  1722  1722 I am_on_resume_called: [0,com.android.launcher3.Launcher]
08-09 23:50:33.542   716   798 I am_destroy_activity: [0,398822584,4,com.android.settings/.Settings,finish-imm]
08-09 23:50:33.621   716  1155 I am_home_stack_moved: [0,1,0,0,activityDestroyed leftTaskHistoryEmpty]
08-09 23:50:33.715   716   803 I wm_task_removed: [4,removeAppToken: last token]
08-09 23:50:33.715   716   803 I wm_task_removed: [4,removeTask]
08-09 23:50:33.719   177   177 I sf_frame_dur: [com.android.settings/com.android.settings.Settings,15,1,0,1,2,0,0]
08-09 23:50:34.841   716  1681 I am_home_stack_moved: [0,0,1,1,startingNewTask]
08-09 23:50:34.841   716  1681 I am_create_task: [0,5]
08-09 23:50:34.841   716  1681 I am_create_activity: [0,1045650815,5,com.android.browser/.BrowserActivity,android.intent.action.MAIN,NULL,NULL,270532608]
08-09 23:50:34.843   716  1681 I wm_task_created: [5,1]
08-09 23:50:34.843   716  1681 I wm_task_moved: [5,1,0]
08-09 23:50:34.845   716  1681 I am_pause_activity: [0,75099644,com.android.launcher3/.Launcher]
08-09 23:50:34.847   716  1681 I am_home_stack_moved: [0,0,1,1,startedActivity setFocusedActivity]
08-09 23:50:34.849   716  1681 I am_focused_activity: [0,com.android.browser/.BrowserActivity]
08-09 23:50:34.935  1722  1722 I am_on_paused_called: [0,com.android.launcher3.Launcher]
08-09 23:50:35.005   716  1591 I am_proc_start: [0,3517,10019,com.android.browser,activity,com.android.browser/.BrowserActivity]
08-09 23:50:35.116   716  1681 I am_proc_bound: [0,3517,com.android.browser]
08-09 23:50:36.014   716  1681 I am_restart_activity: [0,1045650815,5,com.android.browser/.BrowserActivity]
08-09 23:50:36.488   177   177 I sf_frame_dur: [com.android.launcher3/com.android.launcher3.Launcher,119,0,2,1,1,0,0]
08-09 23:50:37.376  3517  3517 I am_on_resume_called: [0,com.android.browser.BrowserActivity]
08-09 23:50:37.718   716   803 I am_activity_launch_time: [0,1045650815,com.android.browser/.BrowserActivity,2782,2782]
08-09 23:50:42.099   716  1053 I am_proc_start: [0,3659,10048,com.android.quicksearchbox,content provider,com.android.quicksearchbox/.google.GoogleSuggestionProvider]
08-09 23:50:42.104   716  1155 I am_proc_bound: [0,3659,com.android.quicksearchbox]
08-09 23:50:43.608   177   177 I sf_frame_dur: [PopupWindow:2c0282b1,6,3,0,1,1,1,0]
08-09 23:50:44.991  3517  3517 I browser_page_loaded: https://www.google.com/webhp?client=android-google&source=android-home|7123
08-09 23:50:45.222   177   177 I sf_frame_dur: [InputMethod,64,8,9,2,3,0,0]
08-09 23:50:49.560   716   716 I notification_cancel: [1000,716,android,100,CaptivePortal.Notification,0,0,0,8,NULL]
08-09 23:50:49.766   716   750 I am_kill : [0,1909,com.android.keychain,15,empty #17]
08-09 23:50:49.785   716  1155 I am_proc_died: [0,1909,com.android.keychain]
08-09 23:50:50.048  3517  3517 I browser_page_loaded: http://www.baidu.com/|4915
08-09 23:50:50.271   177   177 I sf_frame_dur: [InputMethod,0,0,0,1,0,0,0]
08-09 23:50:50.353  3517  3517 I browser_page_loaded: http://www.baidu.com/|183
08-09 23:50:51.539  3517  3517 I browser_page_loaded: https://gw.buaa.edu.cn/index_20.html?url=http://www.baidu.com/|1095
08-09 23:50:51.722   177   177 I sf_frame_dur: [com.android.browser/com.android.browser.BrowserActivity,0,0,0,0,1,0,0]
08-09 23:50:52.277  3517  3517 I browser_page_loaded: https://gw.buaa.edu.cn:804/srun_portal_phone.php?ac_id=20&url=http://www.baidu.com/|633
08-09 23:51:00.725   177   177 I sf_frame_dur: [InputMethod,86,11,16,6,3,2,0]
08-09 23:51:01.101  3517  3517 I browser_page_loaded: https://gw.buaa.edu.cn:804/srun_portal_phone.php?ac_id=20&url=http://www.baidu.com/|190
08-09 23:51:02.184   716  1633 I am_home_stack_moved: [0,1,0,0,startingNewTask]
08-09 23:51:02.184   716  1633 I wm_task_moved: [3,1,0]
08-09 23:51:02.190   716  1633 I am_create_task: [0,6]
08-09 23:51:02.190   716  1633 I am_create_activity: [0,948034513,6,com.android.systemui/.recents.RecentsActivity,com.android.systemui.recents.SHOW_RECENTS,NULL,NULL,276840448]
08-09 23:51:02.191   716  1633 I wm_task_created: [6,0]
08-09 23:51:02.192   716  1633 I wm_task_moved: [6,1,1]
08-09 23:51:02.203   716  1633 I am_pause_activity: [0,1045650815,com.android.browser/.BrowserActivity]
08-09 23:51:02.213   716  1633 I am_restart_activity: [0,948034513,6,com.android.systemui/.recents.RecentsActivity]
08-09 23:51:02.222   716  1633 I am_home_stack_moved: [0,1,0,0,startedActivity setFocusedActivity]
08-09 23:51:02.225   716  1633 I am_focused_activity: [0,com.android.systemui/.recents.RecentsActivity]
08-09 23:51:02.229  3517  3517 I am_on_paused_called: [0,com.android.browser.BrowserActivity]
08-09 23:51:02.294  1198  1198 I am_on_resume_called: [0,com.android.systemui.recents.RecentsActivity]
08-09 23:51:02.518   716   803 I am_activity_launch_time: [0,948034513,com.android.systemui/.recents.RecentsActivity,309,309]
08-09 23:51:02.893   177   177 I sf_frame_dur: [com.android.browser/com.android.browser.BrowserActivity,73,40,17,39,17,7,1]
08-09 23:51:03.212   716   716 I free_storage_changed: 13270568960
08-09 23:51:03.367   716  1682 I am_finish_activity: [0,1045650815,5,com.android.browser/.BrowserActivity,clear]
08-09 23:51:03.369   716  1682 I am_destroy_activity: [0,1045650815,5,com.android.browser/.BrowserActivity,finish-imm]
08-09 23:51:03.373   716  1682 I am_kill : [0,1945,com.android.dialer,15,empty #17]
08-09 23:51:03.392   716  1682 I am_kill : [0,3517,com.android.browser,9,remove task]
08-09 23:51:03.515   716  1662 I am_proc_died: [0,1945,com.android.dialer]
08-09 23:51:03.518   716  1591 I am_proc_died: [0,3517,com.android.browser]
08-09 23:51:03.520   716  1591 I wm_task_removed: [5,removeAppToken: last token]
08-09 23:51:03.524   716  1591 I wm_task_removed: [5,removeTask]
08-09 23:51:03.966   716  1633 I am_kill : [0,1581,com.android.settings,9,remove task]
08-09 23:51:04.000   716  1155 I am_proc_died: [0,1581,com.android.settings]
08-09 23:51:04.009   716  1682 I am_home_stack_moved: [0,1,0,0,intentActivityFound]
08-09 23:51:04.009   716  1682 I wm_task_moved: [6,1,1]
08-09 23:51:04.013   716  1682 I am_home_stack_moved: [0,1,0,0,bringingFoundTaskToFront]
08-09 23:51:04.013   716  1682 I wm_task_moved: [3,1,1]
08-09 23:51:04.017   716  1682 I am_pause_activity: [0,948034513,com.android.systemui/.recents.RecentsActivity]
08-09 23:51:04.019   716  1682 I am_task_to_front: [0,3]
08-09 23:51:04.019   716  1682 I am_new_intent: [0,1058724070,3,com.android.launcher3/.Launcher,android.intent.action.MAIN,NULL,NULL,274726912]
08-09 23:51:04.022  1198  1198 I am_on_paused_called: [0,com.android.systemui.recents.RecentsActivity]
08-09 23:51:04.034   716  1157 I am_resume_activity: [0,75099644,3,com.android.launcher3/.Launcher]
08-09 23:51:04.050  1722  1722 I am_on_resume_called: [0,com.android.launcher3.Launcher]
08-09 23:51:04.329   716   798 I am_home_stack_moved: [0,1,0,0,stopActivity adjustTopFocus setFocusedActivity]
08-09 23:51:04.329   716   798 I am_focused_activity: [0,com.android.launcher3/.Launcher]
08-09 23:51:04.344   177   177 I sf_frame_dur: [com.android.systemui/com.android.systemui.recents.RecentsActivity,42,4,2,1,1,0,0]
08-09 23:51:22.263   716   749 I battery_status: [3,2,1,2,Li-ion]
08-09 23:51:22.273   716   716 I notification_cancel: [10013,1198,com.android.systemui,100,low_battery,-1,0,64,8,NULL]
08-09 23:51:22.612   716  1681 I battery_status: [3,2,1,0,Li-ion]
08-09 23:51:22.623   716   716 I notification_cancel: [10013,1198,com.android.systemui,100,low_battery,-1,0,64,8,NULL]
08-09 23:51:22.634   716   716 I notification_cancel: [10013,1198,com.android.systemui,100,low_battery,-1,0,64,8,NULL]
08-09 23:51:23.138   716   716 I notification_cancel: [1000,716,android,17040636,NULL,-1,0,0,8,NULL]
08-09 23:51:23.141   716   716 I notification_canceled: [-1|android|17040636|null|1000,8]
08-09 23:51:23.141   716   716 I notification_cancel: [1000,716,android,17040644,NULL,-1,0,0,8,NULL]
08-09 23:51:23.144   716   716 I notification_canceled: [-1|android|17040644|null|1000,8]
08-09 23:51:24.072   716  1611 I battery_status: [5,2,1,0,Li-ion]
08-09 23:51:24.081   716   716 I notification_cancel: [10013,1198,com.android.systemui,100,low_battery,-1,0,64,8,NULL]
08-09 23:51:24.102   716   716 I notification_cancel: [10013,1198,com.android.systemui,100,low_battery,-1,0,64,8,NULL]
08-09 23:51:24.445   716  1053 I battery_status: [5,2,1,2,Li-ion]
08-09 23:51:24.450   716  1053 I battery_status: [2,2,1,2,Li-ion]
08-09 23:51:24.464   716   716 I notification_cancel: [10013,1198,com.android.systemui,100,low_battery,-1,0,64,8,NULL]
08-09 23:51:24.549   716   716 I notification_cancel: [10013,1198,com.android.systemui,100,low_battery,-1,0,64,8,NULL]
08-09 23:51:24.558   716   716 I notification_cancel: [10013,1198,com.android.systemui,100,low_battery,-1,0,64,8,NULL]
08-09 23:51:24.599   716   716 I notification_enqueue: [1000,716,android,17040636,NULL,-1,Notification(pri=-2 contentView=null vibrate=null sound=null defaults=0x0 flags=0x2 color=0xff607d8b vis=PUBLIC),0]
08-09 23:51:24.609   716   716 I notification_enqueue: [1000,716,android,17040644,NULL,-1,Notification(pri=-1 contentView=null vibrate=null sound=null defaults=0x0 flags=0x2 color=0xff607d8b vis=PUBLIC),0]
08-09 23:51:24.701   716  1615 I notification_expansion: [-1|android|17040636|null|1000,0,1]
08-09 23:51:24.794   716  1662 I notification_expansion: [-1|android|17040644|null|1000,0,1]
08-09 23:51:24.795   716   984 I notification_expansion: [-1|android|17040636|null|1000,0,0]
04-14 09:06:55.373   716   805 I power_sleep_requested: 0
04-14 09:06:55.378   716   716 I power_screen_state: [0,3,0,0]
04-14 09:06:55.378   716   716 I screen_toggled: 0
04-14 09:06:55.431   716   716 I power_screen_broadcast_send: 1
04-14 09:06:55.529  1198  1198 I sysui_heads_up_status: [,0]
04-14 09:06:55.539   716   716 I power_screen_broadcast_done: [0,109,1]
04-14 09:06:56.230   716   716 I am_pause_activity: [0,75099644,com.android.launcher3/.Launcher]
04-14 09:06:56.233  1722  1722 I am_on_paused_called: [0,com.android.launcher3.Launcher]
04-14 09:06:56.234   716   798 I am_focused_activity: [0,com.android.launcher3/.Launcher]
04-14 09:06:58.008   716   716 I free_storage_changed: 13248897024
04-14 09:07:00.581   716   716 I am_resume_activity: [0,75099644,3,com.android.launcher3/.Launcher]
04-14 09:07:00.591   716   984 I notification_expansion: [-1|android|17040644|null|1000,0,0]
04-14 09:07:00.591   716   716 I power_screen_state: [1,0,0,0]
04-14 09:07:00.591   716   716 I screen_toggled: 1
04-14 09:07:00.596  1722  1722 I am_on_resume_called: [0,com.android.launcher3.Launcher]
04-14 09:07:00.678  1198  1198 I sysui_status_bar_state: [1,1,0,0,0,1]
04-14 09:07:00.710   716  1591 I battery_status: [5,2,1,2,Li-ion]
04-14 09:07:00.826   716   716 I power_screen_broadcast_send: 1
04-14 09:07:01.012   177   177 I sf_frame_dur: [NavigationBar,197,1,1,1,2,3,8]
04-14 09:07:01.309   716  1615 I notification_panel_revealed: []
04-14 09:07:01.310   716  1156 I notification_visibility_changed: [-1|android|17040644|null|1000,]
04-14 09:07:01.316   716   716 I notification_cancel: [10013,1198,com.android.systemui,100,low_battery,-1,0,64,8,NULL]
04-14 09:07:01.495   177   177 I sf_frame_dur: [ColorFade,25,1,1,0,0,0,0]
04-14 09:07:01.557   716   716 I power_screen_broadcast_done: [1,731,1]
04-14 09:07:02.356  1198  1198 I sysui_lockscreen_gesture: [1,123,2868]
04-14 09:07:02.498   716  1590 I notification_visibility_changed: [,-1|android|17040644|null|1000]
04-14 09:07:02.499   716   749 I notification_panel_hidden: []
04-14 09:07:02.506  1198  1198 I screen_toggled: 2
04-14 09:07:02.588   716  1681 I notification_expansion: [-1|android|17040644|null|1000,0,1]
04-14 09:07:02.610  1198  1198 I sysui_status_bar_state: [0,0,0,0,0,1]
04-14 09:07:08.957   716   809 I am_proc_start: [0,4096,10003,com.android.defcontainer,service,com.android.defcontainer/.DefaultContainerService]
04-14 09:07:09.068   716  1681 I am_proc_bound: [0,4096,com.android.defcontainer]
04-14 09:07:32.247   716   805 I power_sleep_requested: 0
04-14 09:07:32.247   716   716 I power_screen_state: [0,3,0,0]
04-14 09:07:32.247   716   716 I screen_toggled: 0
04-14 09:07:32.250   716   716 I power_screen_broadcast_send: 1
04-14 09:07:32.362  1198  1198 I sysui_heads_up_status: [,0]
04-14 09:07:32.372   716   716 I power_screen_broadcast_done: [0,122,1]
04-14 09:07:33.040   716   716 I am_pause_activity: [0,75099644,com.android.launcher3/.Launcher]
04-14 09:07:33.040  1722  1722 I am_on_paused_called: [0,com.android.launcher3.Launcher]
04-14 09:07:33.074   716   798 I am_focused_activity: [0,com.android.launcher3/.Launcher]
04-14 09:07:37.302   716  1611 I notification_expansion: [-1|android|17040644|null|1000,0,0]
04-14 09:07:37.377  1198  1198 I sysui_status_bar_state: [1,1,0,0,0,1]
04-14 09:07:40.588   716   716 I notification_cancel_all: [1000,716,com.zhihu.android,0,0,0,5,NULL]
04-14 09:07:40.599   716   809 I unknown_sources_enabled: 0
04-14 09:07:40.756   716  1682 I am_proc_start: [0,4288,10045,com.svox.pico,broadcast,com.svox.pico/.VoiceDataInstallerReceiver]
04-14 09:07:40.843   716  1591 I am_proc_bound: [0,4288,com.svox.pico]
04-14 09:07:58.044   716   716 I free_storage_changed: 13218537472
04-14 09:09:09.234   716   716 I power_screen_state: [1,0,0,0]
04-14 09:09:09.234   716   716 I screen_toggled: 1
04-14 09:09:09.235   716   716 I power_screen_broadcast_send: 1
04-14 09:09:09.266   716  1662 I notification_panel_revealed: []
04-14 09:09:09.267   716  1155 I notification_visibility_changed: [-1|android|17040644|null|1000,]
04-14 09:09:09.460   716   716 I power_screen_broadcast_done: [1,225,1]
04-14 09:09:09.730   177   177 I sf_frame_dur: [ColorFade,26,1,0,0,2,0,0]
04-14 09:09:11.003  1198  1198 I sysui_lockscreen_gesture: [1,261,5832]
04-14 09:09:11.068   716  1156 I notification_visibility_changed: [,-1|android|17040644|null|1000]
04-14 09:09:11.068   716  1157 I notification_panel_hidden: []
04-14 09:09:11.075  1198  1198 I screen_toggled: 2
04-14 09:09:11.133   716  1157 I notification_expansion: [-1|android|17040644|null|1000,0,1]
04-14 09:09:11.159  1198  1198 I sysui_status_bar_state: [0,0,0,0,0,1]
04-14 09:09:11.166   716  1682 I am_resume_activity: [0,75099644,3,com.android.launcher3/.Launcher]
04-14 09:09:11.330  1722  1722 I am_on_resume_called: [0,com.android.launcher3.Launcher]
04-14 09:09:18.392   716  1157 I am_home_stack_moved: [0,0,1,1,startingNewTask]
04-14 09:09:18.392   716  1157 I am_create_task: [0,7]
04-14 09:09:18.392   716  1157 I am_create_activity: [0,306014804,7,com.zhihu.android/.app.ui.activity.MainActivity,android.intent.action.MAIN,NULL,NULL,270532608]
04-14 09:09:18.394   716  1157 I wm_task_created: [7,1]
04-14 09:09:18.394   716  1157 I wm_task_moved: [7,1,0]
04-14 09:09:18.397   716  1157 I am_pause_activity: [0,75099644,com.android.launcher3/.Launcher]
04-14 09:09:18.399   716  1157 I am_home_stack_moved: [0,0,1,1,startedActivity setFocusedActivity]
04-14 09:09:18.402   716  1157 I am_focused_activity: [0,com.zhihu.android/.app.ui.activity.MainActivity]
04-14 09:09:18.531  1722  1722 I am_on_paused_called: [0,com.android.launcher3.Launcher]
04-14 09:09:18.599   716  1611 I am_proc_start: [0,4462,10054,com.zhihu.android,activity,com.zhihu.android/.app.ui.activity.MainActivity]
04-14 09:09:18.690   716  1662 I am_proc_bound: [0,4462,com.zhihu.android]
04-14 09:09:18.697   716  1662 I am_restart_activity: [0,306014804,7,com.zhihu.android/.app.ui.activity.MainActivity]
04-14 09:09:19.184   177   177 I sf_frame_dur: [com.android.launcher3/com.android.launcher3.Launcher,96,2,3,3,1,1,8]
04-14 09:09:23.031  4462  4462 I am_on_resume_called: [0,com.zhihu.android.app.ui.activity.MainActivity]
04-14 09:09:23.766   716   803 I am_activity_launch_time: [0,306014804,com.zhihu.android/.app.ui.activity.MainActivity,5234,5234]
04-14 09:10:58.854   716   805 I power_sleep_requested: 0
04-14 09:10:58.859   716   716 I power_screen_state: [0,3,0,0]
04-14 09:10:58.859   716   716 I screen_toggled: 0
04-14 09:10:58.879   716   716 I power_screen_broadcast_send: 1
04-14 09:10:59.113  1198  1198 I sysui_heads_up_status: [,0]
04-14 09:10:59.168   716   716 I power_screen_broadcast_done: [0,289,1]
04-14 09:10:59.772   716   716 I am_pause_activity: [0,306014804,com.zhihu.android/.app.ui.activity.MainActivity]
04-14 09:10:59.815  4462  4462 I am_on_paused_called: [0,com.zhihu.android.app.ui.activity.MainActivity]
04-14 09:10:59.841   716   798 I am_focused_activity: [0,com.zhihu.android/.app.ui.activity.MainActivity]
04-14 09:11:01.057   716   716 I am_resume_activity: [0,306014804,7,com.zhihu.android/.app.ui.activity.MainActivity]
04-14 09:11:01.072   716   716 I power_screen_state: [1,0,0,0]
04-14 09:11:01.072   716   716 I screen_toggled: 1
04-14 09:11:01.097  4462  4462 I am_on_resume_called: [0,com.zhihu.android.app.ui.activity.MainActivity]
04-14 09:11:01.295   716   716 I power_screen_broadcast_send: 1
04-14 09:11:01.370   177   177 I sf_frame_dur: [ColorFade,25,3,0,0,0,0,0]
04-14 09:11:01.375   716   716 I power_screen_broadcast_done: [1,80,1]
04-14 09:11:28.929   177   177 I sf_frame_dur: [InputMethod,143,25,19,10,18,6,10]
04-14 09:11:58.587   716   805 I power_sleep_requested: 0
04-14 09:11:58.588   716   716 I power_screen_state: [0,3,0,0]
04-14 09:11:58.589   716   716 I screen_toggled: 0
04-14 09:11:58.593   716   716 I power_screen_broadcast_send: 1
04-14 09:11:58.613   716   716 I am_kill : [0,1332,com.android.exchange,13,empty for 1813s]
04-14 09:11:58.727   716   716 I am_kill : [0,1506,com.android.email,13,empty for 1813s]
04-14 09:11:58.767   716   716 I am_kill : [0,2352,com.android.camera2,13,empty for 1815s]
04-14 09:11:58.838   716   716 I am_kill : [0,2294,com.android.onetimeinitializer,13,empty for 1816s]
04-14 09:11:58.909   716   716 I am_kill : [0,2214,com.android.managedprovisioning,15,empty for 1818s]
04-14 09:11:58.979   716  1681 I am_proc_died: [0,2352,com.android.camera2]
04-14 09:11:58.983   716  1590 I am_proc_died: [0,2294,com.android.onetimeinitializer]
04-14 09:11:58.985   716  1053 I am_proc_died: [0,2214,com.android.managedprovisioning]
04-14 09:11:58.988   716   984 I am_proc_died: [0,1332,com.android.exchange]
04-14 09:11:58.998   716  1157 I am_proc_died: [0,1506,com.android.email]
04-14 09:11:59.112  1198  1198 I sysui_heads_up_status: [,0]
04-14 09:11:59.123   716   716 I power_screen_broadcast_done: [0,530,1]
04-14 09:11:59.389   716   716 I am_pause_activity: [0,306014804,com.zhihu.android/.app.ui.activity.MainActivity]
04-14 09:11:59.528  4462  4462 I am_on_paused_called: [0,com.zhihu.android.app.ui.activity.MainActivity]
04-14 09:11:59.530   716   798 I am_focused_activity: [0,com.zhihu.android/.app.ui.activity.MainActivity]
04-14 09:12:03.628   716   999 I netstats_mobile_sample: [0,0,0,0,0,0,0,0,0,0,0,0,1492132323637]
04-14 09:12:03.630   716   999 I netstats_wifi_sample: [479448,1118,125505,925,478860,1115,111653,922,478860,1115,111653,922,1492132323637]
04-14 09:12:03.714   716  1662 I notification_expansion: [-1|android|17040644|null|1000,0,0]
04-14 09:12:03.778  1198  1198 I sysui_status_bar_state: [1,1,0,0,0,1]
04-14 09:12:03.898   177   177 I sf_frame_dur: [NavigationBar,0,1,0,0,0,0,5]
04-14 09:13:16.498   716   716 I power_screen_state: [1,0,0,0]
04-14 09:13:16.498   716   716 I screen_toggled: 1
04-14 09:13:16.499   716   716 I power_screen_broadcast_send: 1
04-14 09:13:16.531   716   984 I notification_panel_revealed: []
04-14 09:13:16.532   716  1590 I notification_visibility_changed: [-1|android|17040644|null|1000,]
04-14 09:13:16.560   716   716 I power_screen_broadcast_done: [1,62,1]
04-14 09:13:17.000   177   177 I sf_frame_dur: [ColorFade,26,0,0,0,2,0,0]
04-14 09:13:22.871   716  1682 I battery_status: [3,2,1,2,Li-ion]
04-14 09:13:22.886   716   716 I notification_cancel: [10013,1198,com.android.systemui,100,low_battery,-1,0,64,8,NULL]
04-14 09:13:23.158   716  1611 I battery_status: [3,2,1,0,Li-ion]
04-14 09:13:23.170   716   716 I notification_cancel: [10013,1198,com.android.systemui,100,low_battery,-1,0,64,8,NULL]
04-14 09:13:23.730   716   716 I notification_cancel: [1000,716,android,17040636,NULL,-1,0,0,8,NULL]
04-14 09:13:23.732   716   716 I notification_canceled: [-1|android|17040636|null|1000,8]
04-14 09:13:23.732   716   716 I notification_cancel: [1000,716,android,17040644,NULL,-1,0,0,8,NULL]
04-14 09:13:23.734   716   716 I notification_canceled: [-1|android|17040644|null|1000,8]
04-14 09:13:27.536   716   984 I battery_status: [2,2,1,0,Li-ion]
04-14 09:13:27.592   716   716 I notification_cancel: [10013,1198,com.android.systemui,100,low_battery,-1,0,64,8,NULL]
04-14 09:13:27.647   716   716 I notification_cancel: [10013,1198,com.android.systemui,100,low_battery,-1,0,64,8,NULL]
04-14 09:13:27.769   716   749 I battery_status: [5,2,1,0,Li-ion]
04-14 09:13:27.775   716   716 I notification_cancel: [10013,1198,com.android.systemui,100,low_battery,-1,0,64,8,NULL]
04-14 09:13:27.799   716   716 I notification_cancel: [10013,1198,com.android.systemui,100,low_battery,-1,0,64,8,NULL]
04-14 09:13:27.897   716   984 I battery_status: [5,2,1,2,Li-ion]
04-14 09:13:27.908   716   984 I battery_status: [2,2,1,2,Li-ion]
04-14 09:13:27.991   716   716 I notification_cancel: [10013,1198,com.android.systemui,100,low_battery,-1,0,64,8,NULL]
04-14 09:13:27.991   716   716 I notification_cancel: [10013,1198,com.android.systemui,100,low_battery,-1,0,64,8,NULL]
04-14 09:13:28.007   716   716 I notification_cancel: [10013,1198,com.android.systemui,100,low_battery,-1,0,64,8,NULL]
04-14 09:13:28.112   716   716 I notification_enqueue: [1000,716,android,17040636,NULL,-1,Notification(pri=-2 contentView=null vibrate=null sound=null defaults=0x0 flags=0x2 color=0xff607d8b vis=PUBLIC),0]
04-14 09:13:28.134   716   716 I notification_enqueue: [1000,716,android,17040644,NULL,-1,Notification(pri=-1 contentView=null vibrate=null sound=null defaults=0x0 flags=0x2 color=0xff607d8b vis=PUBLIC),0]
04-14 09:13:28.282   716  1681 I battery_status: [5,2,1,2,Li-ion]
04-14 09:13:28.372   716   716 I notification_cancel: [10013,1198,com.android.systemui,100,low_battery,-1,0,64,8,NULL]
04-14 09:13:28.379   716   716 I notification_cancel: [10013,1198,com.android.systemui,100,low_battery,-1,0,64,8,NULL]
04-14 09:13:29.473  1198  1198 I sysui_lockscreen_gesture: [1,318,3248]
04-14 09:13:29.542   716  1682 I notification_visibility_changed: [,-1|android|17040644|null|1000]
04-14 09:13:29.543   716  1633 I notification_panel_hidden: []
04-14 09:13:29.548  1198  1198 I screen_toggled: 2
04-14 09:13:29.607   716  1633 I notification_expansion: [-1|android|17040644|null|1000,0,1]
04-14 09:13:29.628  1198  1198 I sysui_status_bar_state: [0,0,0,0,0,1]
04-14 09:13:29.647   716  1615 I am_resume_activity: [0,306014804,7,com.zhihu.android/.app.ui.activity.MainActivity]
04-14 09:13:31.131   716  1662 I am_home_stack_moved: [0,1,0,0,intentActivityFound]
04-14 09:13:31.131   716  1662 I wm_task_moved: [3,1,1]
