04-14 11:11:40.740   709   970 W InputMethodManagerService: Window already focused, ignoring focus gain of: com.android.internal.view.IInputMethodClient$Stub$Proxy@27a2f54f attribute=null, token = android.os.BinderProxy@26bbb92c
04-14 11:11:58.881   709  1213 I ActivityManager: START u0 {act=android.intent.action.MAIN cat=[android.intent.category.LAUNCHER] flg=0x10200000 cmp=com.zhihu.android/.app.ui.activity.MainActivity} from uid 0 on display 0
04-14 11:12:19.734   709  4388 I ActivityManager: START u0 {act=android.intent.action.MAIN cat=[android.intent.category.LAUNCHER] flg=0x10200000 cmp=com.zhihu.android/.app.ui.activity.MainActivity} from uid 0 on display 0
04-14 11:12:32.477  1839  1839 W ViewRootImpl: Cancelling event due to no window focus: KeyEvent { action=ACTION_UP, keyCode=KEYCODE_DPAD_RIGHT, scanCode=0, metaState=0, flags=0x80000028, repeatCount=0, eventTime=3584659, downTime=3584659, deviceId=-1, source=0x101 }
04-14 11:12:32.478  1839  1839 W ViewRootImpl: Cancelling event due to no window focus: KeyEvent { action=ACTION_UP, keyCode=KEYCODE_DPAD_RIGHT, scanCode=0, metaState=0, flags=0x80000028, repeatCount=0, eventTime=3584659, downTime=3584659, deviceId=-1, source=0x101 }
04-14 11:12:32.479  1839  1839 W ViewRootImpl: Cancelling event due to no window focus: KeyEvent { action=ACTION_UP, keyCode=KEYCODE_DPAD_RIGHT, scanCode=0, metaState=0, flags=0x80000028, repeatCount=0, eventTime=3584659, downTime=3584659, deviceId=-1, source=0x101 }
04-14 11:12:32.520  1839  1839 W ViewRootImpl: Cancelling event due to no window focus: KeyEvent { action=ACTION_UP, keyCode=KEYCODE_DPAD_RIGHT, scanCode=0, metaState=0, flags=0x80000028, repeatCount=0, eventTime=3584659, downTime=3584659, deviceId=-1, source=0x101 }
04-14 11:12:32.521  1839  1839 W ViewRootImpl: Cancelling event due to no window focus: KeyEvent { action=ACTION_UP, keyCode=KEYCODE_DPAD_RIGHT, scanCode=0, metaState=0, flags=0x80000028, repeatCount=0, eventTime=3584659, downTime=3584659, deviceId=-1, source=0x101 }
04-14 11:12:32.521  1839  1839 W ViewRootImpl: Cancelling event due to no window focus: KeyEvent { action=ACTION_UP, keyCode=KEYCODE_DPAD_RIGHT, scanCode=0, metaState=0, flags=0x80000028, repeatCount=0, eventTime=3584659, downTime=3584659, deviceId=-1, source=0x101 }
04-14 11:12:32.713   709  1248 W InputMethodManagerService: Window already focused, ignoring focus gain of: com.android.internal.view.IInputMethodClient$Stub$Proxy@202c42c8 attribute=null, token = android.os.BinderProxy@26bbb92c
04-14 11:12:59.012   709   774 I ProcessStatsService: Prepared write state in 21ms
04-14 11:13:04.893   709   795 I ActivityManager: START u0 {act=android.intent.action.SHOW_BRIGHTNESS_DIALOG cmp=com.android.systemui/.settings.BrightnessDialog} from uid 1000 on display 0
04-14 11:13:10.248   709   774 W ProcessCpuTracker: Skipping unknown process pid 15938
04-14 11:13:15.308   709 29406 W InputMethodManagerService: Window already focused, ignoring focus gain of: com.android.internal.view.IInputMethodClient$Stub$Proxy@2f26c374 attribute=null, token = android.os.BinderProxy@26bbb92c
04-14 11:13:43.241   709  4388 I ActivityManager: START u0 {act=android.intent.action.MAIN cat=[android.intent.category.LAUNCHER] flg=0x10200000 cmp=com.zhihu.android/.app.ui.activity.MainActivity} from uid 0 on display 0
04-14 11:14:09.097   709   795 I ActivityManager: START u0 {act=android.intent.action.MAIN cat=[android.intent.category.LAUNCHER] flg=0x10000000 cmp=com.android.browser/.BrowserActivity sel=act=android.intent.action.MAIN cat=[android.intent.category.APP_BROWSER]}} from uid 1000 on display 0
04-14 11:14:11.471   709   970 I ActivityManager: START u0 {act=android.intent.action.MAIN cat=[android.intent.category.LAUNCHER] flg=0x10200000 cmp=com.zhihu.android/.app.ui.activity.MainActivity} from uid 0 on display 0
04-14 11:14:26.559   709  1127 I ActivityManager: START u0 {act=android.intent.action.MAIN cat=[android.intent.category.LAUNCHER] flg=0x10200000 cmp=com.zhihu.android/.app.ui.activity.MainActivity} from uid 0 on display 0
04-14 11:14:31.680   709  1213 I ActivityManager: START u0 {act=android.intent.action.MAIN cat=[android.intent.category.LAUNCHER] flg=0x10200000 cmp=com.zhihu.android/.app.ui.activity.MainActivity} from uid 0 on display 0
04-14 11:15:10.337   709   970 W ProcessCpuTracker: Skipping unknown process pid 13359
04-14 11:15:41.195   709  4363 I ActivityManager: START u0 {act=android.intent.action.MAIN cat=[android.intent.category.LAUNCHER] flg=0x10200000 cmp=com.zhihu.android/.app.ui.activity.MainActivity} from uid 0 on display 0
04-14 11:15:53.543   709   815 D ConnectivityService: updateNetworkScore for NetworkAgentInfo [WIFI () - 100] to 55
04-14 11:15:53.544   709   815 D ConnectivityService: rematching NetworkAgentInfo [WIFI () - 100]
04-14 11:15:53.544   709   815 D ConnectivityService: Network NetworkAgentInfo [WIFI () - 100] was already satisfying request 1. No change.
04-14 11:15:53.544   709   815 D ConnectivityService: notifyType AVAILABLE for NetworkAgentInfo [WIFI () - 100]
04-14 11:15:56.894   709   815 D ConnectivityService: updateNetworkScore for NetworkAgentInfo [WIFI () - 100] to 56
04-14 11:15:56.894   709   815 D ConnectivityService: rematching NetworkAgentInfo [WIFI () - 100]
04-14 11:15:56.894   709   815 D ConnectivityService: Network NetworkAgentInfo [WIFI () - 100] was already satisfying request 1. No change.
04-14 11:15:56.899   709   815 D ConnectivityService: notifyType AVAILABLE for NetworkAgentInfo [WIFI () - 100]
04-14 11:16:28.996   709   774 W ProcessCpuTracker: Skipping unknown process pid 32610
04-14 11:16:28.996   709   774 W ProcessCpuTracker: Skipping unknown process pid 32611
04-14 11:16:28.997   709   774 W ProcessCpuTracker: Skipping unknown process pid 32612
04-14 11:16:28.998   709   774 W ProcessCpuTracker: Skipping unknown process pid 32613
04-14 11:16:34.622   709  4363 I ActivityManager: START u0 {act=android.intent.action.MAIN cat=[android.intent.category.LAUNCHER] flg=0x10200000 cmp=com.zhihu.android/.app.ui.activity.MainActivity} from uid 0 on display 0
04-14 11:16:41.479   709   970 W InputMethodManagerService: Window already focused, ignoring focus gain of: com.android.internal.view.IInputMethodClient$Stub$Proxy@1eb703e6 attribute=null, token = android.os.BinderProxy@26bbb92c
04-14 11:16:42.201   709   970 I ActivityManager: START u0 {act=android.intent.action.MAIN cat=[android.intent.category.LAUNCHER] flg=0x10200000 cmp=com.zhihu.android/.app.ui.activity.MainActivity} from uid 0 on display 0
04-14 11:17:14.366   709   803 W ProcessCpuTracker: Skipping unknown process pid 10776
04-14 11:17:20.085   709   803 W ProcessCpuTracker: Skipping unknown process pid 13251
04-14 11:17:20.089   709   803 W ProcessCpuTracker: Skipping unknown process pid 13252
04-14 11:17:20.113   709   803 W ProcessCpuTracker: Skipping unknown process pid 13253
04-14 11:17:20.125   709   803 W ProcessCpuTracker: Skipping unknown process pid 13254
04-14 11:17:53.931   709   774 W ProcessCpuTracker: Skipping unknown process pid 21568
04-14 11:17:57.277  1839  1839 W ViewRootImpl: Cancelling event due to no window focus: KeyEvent { action=ACTION_UP, keyCode=KEYCODE_MENU, scanCode=0, metaState=0, flags=0x80000028, repeatCount=0, eventTime=3909553, downTime=3909553, deviceId=-1, source=0x101 }
04-14 11:17:57.277  1839  1839 W ViewRootImpl: Cancelling event due to no window focus: KeyEvent { action=ACTION_UP, keyCode=KEYCODE_MENU, scanCode=0, metaState=0, flags=0x80000028, repeatCount=0, eventTime=3909553, downTime=3909553, deviceId=-1, source=0x101 }
04-14 11:17:57.278  1839  1839 W ViewRootImpl: Cancelling event due to no window focus: KeyEvent { action=ACTION_UP, keyCode=KEYCODE_MENU, scanCode=0, metaState=0, flags=0x80000028, repeatCount=0, eventTime=3909553, downTime=3909553, deviceId=-1, source=0x101 }
04-14 11:17:57.293  1839  1839 W ViewRootImpl: Cancelling event due to no window focus: KeyEvent { action=ACTION_UP, keyCode=KEYCODE_MENU, scanCode=0, metaState=0, flags=0x80000028, repeatCount=0, eventTime=3909553, downTime=3909553, deviceId=-1, source=0x101 }
04-14 11:17:57.294  1839  1839 W ViewRootImpl: Cancelling event due to no window focus: KeyEvent { action=ACTION_UP, keyCode=KEYCODE_MENU, scanCode=0, metaState=0, flags=0x80000028, repeatCount=0, eventTime=3909553, downTime=3909553, deviceId=-1, source=0x101 }
04-14 11:17:57.298  1839  1839 W ViewRootImpl: Cancelling event due to no window focus: KeyEvent { action=ACTION_UP, keyCode=KEYCODE_MENU, scanCode=0, metaState=0, flags=0x80000028, repeatCount=0, eventTime=3909553, downTime=3909553, deviceId=-1, source=0x101 }
04-14 11:17:57.442   709  4363 W InputMethodManagerService: Window already focused, ignoring focus gain of: com.android.internal.view.IInputMethodClient$Stub$Proxy@723c858 attribute=null, token = android.os.BinderProxy@26bbb92c
04-14 11:18:00.327   709 19422 W ProcessCpuTracker: Skipping unknown process pid 23087
04-14 11:18:02.734   709  4338 I ActivityManager: START u0 {act=android.intent.action.MAIN cat=[android.intent.category.LAUNCHER] flg=0x10200000 cmp=com.zhihu.android/.app.ui.activity.MainActivity} from uid 0 on display 0
04-14 11:18:44.031   709  1248 I ActivityManager: START u0 {act=android.intent.action.MAIN cat=[android.intent.category.LAUNCHER] flg=0x10008000 cmp=com.android.settings/.DevelopmentSettings} from uid 1000 on display 0
04-14 11:18:44.358   709  1248 W InputMethodManagerService: Window already focused, ignoring focus gain of: com.android.internal.view.IInputMethodClient$Stub$Proxy@10a2e222 attribute=null, token = android.os.BinderProxy@26bbb92c
04-14 11:20:15.076   709 11650 W BackupManagerService: dataChanged but no participant pkg='com.android.providers.settings' uid=10013
04-14 11:20:15.081   709   709 D ZenLog  : set_zen_mode: important_interruptions,setting
04-14 11:20:15.081   709   709 D ZenLog  : update_zen_mode: off -> important_interruptions
04-14 11:20:15.082   709   709 D ZenLog  : set_ringer_mode_internal: ZenModeHelper,i:normal->normal,e:normal->silent
04-14 11:20:16.815   709   726 D ConditionProviders: Subscribing to condition://android/countdown/1492143615791 with android.service.notification.ConditionProviderService$Provider@122a6218
04-14 11:20:16.815   709   726 D ZenLog  : subscribe: condition://android/countdown/1492143615791,ok
04-14 11:20:16.816   709   726 D ZenLog  : exit_condition: Condition[id=condition://android/countdown/1492143615791,summary=For one hour (until 12:20 PM),line1=For one hour,line2=Until 12:20 PM,icon=0,state=STATE_TRUE,flags=1],{android/com.android.server.notification.CountdownConditionProvider},binderCall
04-14 11:20:16.883   709   726 D ZenLog  : config: ZenModeConfig[allowCalls=false,allowMessages=false,allowFrom=anyone,allowEvents=true,sleepMode=null,sleepStart=22.0,sleepEnd=7.0,sleepNone=false,conditionComponents=null,conditionIds=null,exitCondition=Condition[id=condition://android/countdown/1492143615791,summary=For one hour (until 12:20 PM),line1=For one hour,line2=Until 12:20 PM,icon=0,state=STATE_TRUE,flags=1],exitConditionComponent=ComponentInfo{android/com.android.server.notification.CountdownConditionProvider}]
04-14 11:20:16.888   709   709 D NotificationService: handleSavePolicyFile
04-14 11:20:19.247   709  1249 I ActivityManager: START u0 {act=android.intent.action.MAIN cat=[android.intent.category.LAUNCHER] flg=0x10200000 cmp=com.zhihu.android/.app.ui.activity.MainActivity} from uid 0 on display 0
04-14 11:20:20.171   709   774 W ProcessCpuTracker: Skipping unknown process pid 25374
04-14 11:20:20.172   709   774 W ProcessCpuTracker: Skipping unknown process pid 25376
04-14 11:20:57.977   709   971 I ActivityManager: START u0 {act=android.intent.action.MAIN cat=[android.intent.category.LAUNCHER] flg=0x10008000 cmp=com.android.settings/.DevelopmentSettings} from uid 1000 on display 0
04-14 11:20:58.385   709  1127 I ActivityManager: START u0 {act=android.intent.action.VIEW dat=content://media/external/images/media/40 typ=image/png flg=0x10000000 cmp=com.android.gallery3d/.app.GalleryActivity} from uid 10013 on display 0
04-14 11:20:59.416   709   971 W InputMethodManagerService: Window already focused, ignoring focus gain of: com.android.internal.view.IInputMethodClient$Stub$Proxy@836d3a5 attribute=null, token = android.os.BinderProxy@26bbb92c
04-14 11:21:17.779   709  1249 W ProcessCpuTracker: Skipping unknown process pid 7595
04-14 11:21:17.782   709  1249 W ProcessCpuTracker: Skipping unknown process pid 7596
04-14 11:21:17.820   709  1249 W ProcessCpuTracker: Skipping unknown process pid 7597
04-14 11:21:17.844   709  1249 W ProcessCpuTracker: Skipping unknown process pid 7598
04-14 11:21:25.864   709   795 I ActivityManager: START u0 {act=android.intent.action.SHOW_BRIGHTNESS_DIALOG cmp=com.android.systemui/.settings.BrightnessDialog} from uid 1000 on display 0
04-14 11:21:41.384   709  1127 I ActivityManager: START u0 {act=android.intent.action.MAIN cat=[android.intent.category.LAUNCHER] flg=0x10008000 cmp=com.android.settings/.UsbSettings} from uid 1000 on display 0
04-14 11:21:42.144   709  1127 W InputMethodManagerService: Window already focused, ignoring focus gain of: com.android.internal.view.IInputMethodClient$Stub$Proxy@a72937a attribute=null, token = android.os.BinderProxy@26bbb92c
04-14 11:22:11.737   709  1214 W ProcessCpuTracker: Skipping unknown process pid 20777
04-14 11:23:00.576   709   726 I ActivityManager: START u0 {act=android.intent.action.MAIN cat=[android.intent.category.LAUNCHER] flg=0x10200000 cmp=com.zhihu.android/.app.ui.activity.MainActivity} from uid 0 on display 0
04-14 11:23:03.726   709   725 W ProcessCpuTracker: Skipping unknown process pid 32604
04-14 11:23:25.944   709   726 I ActivityManager: START u0 {act=android.intent.action.MAIN cat=[android.intent.category.LAUNCHER] flg=0x10200000 cmp=com.zhihu.android/.app.ui.activity.MainActivity} from uid 0 on display 0
04-14 11:23:30.314   709   725 W InputMethodManagerService: Window already focused, ignoring focus gain of: com.android.internal.view.IInputMethodClient$Stub$Proxy@22c0b07 attribute=null, token = android.os.BinderProxy@26bbb92c
04-14 11:23:40.014   709  1213 W InputMethodManagerService: Window already focused, ignoring focus gain of: com.android.internal.view.IInputMethodClient$Stub$Proxy@26870434 attribute=null, token = android.os.BinderProxy@26bbb92c
04-14 11:23:41.844   853   853 W ViewRootImpl: Dropping event due to no window focus: MotionEvent { action=ACTION_MOVE, id[0]=0, x[0]=1.0, y[0]=-2.0, toolType[0]=TOOL_TYPE_UNKNOWN, buttonState=0, metaState=0, flags=0x0, edgeFlags=0x0, pointerCount=1, historySize=9, eventTime=4254303, downTime=-1, deviceId=0, source=0x10004 }
04-14 11:23:41.897   853   853 W ViewRootImpl: Dropping event due to no window focus: KeyEvent { action=ACTION_DOWN, keyCode=KEYCODE_DPAD_DOWN, scanCode=0, metaState=0, flags=0x8, repeatCount=0, eventTime=4254304, downTime=4254304, deviceId=-1, source=0x101 }
04-14 11:23:41.923   853   853 W ViewRootImpl: Cancelling event due to no window focus: KeyEvent { action=ACTION_UP, keyCode=KEYCODE_DPAD_DOWN, scanCode=0, metaState=0, flags=0x28, repeatCount=0, eventTime=4254459, downTime=4254459, deviceId=-1, source=0x101 }
04-14 11:23:41.930   853   853 W ViewRootImpl: Cancelling event due to no window focus: KeyEvent { action=ACTION_UP, keyCode=KEYCODE_DPAD_DOWN, scanCode=0, metaState=0, flags=0x28, repeatCount=0, eventTime=4254459, downTime=4254459, deviceId=-1, source=0x101 }
04-14 11:23:41.931   853   853 W ViewRootImpl: Cancelling event due to no window focus: KeyEvent { action=ACTION_UP, keyCode=KEYCODE_DPAD_DOWN, scanCode=0, metaState=0, flags=0x28, repeatCount=0, eventTime=4254459, downTime=4254459, deviceId=-1, source=0x101 }
04-14 11:23:41.945   853   853 W ViewRootImpl: Cancelling event due to no window focus: KeyEvent { action=ACTION_UP, keyCode=KEYCODE_DPAD_DOWN, scanCode=0, metaState=0, flags=0x28, repeatCount=0, eventTime=4254459, downTime=4254459, deviceId=-1, source=0x101 }
04-14 11:23:41.960   853   853 W ViewRootImpl: Cancelling event due to no window focus: KeyEvent { action=ACTION_UP, keyCode=KEYCODE_DPAD_DOWN, scanCode=0, metaState=0, flags=0x28, repeatCount=0, eventTime=4254459, downTime=4254459, deviceId=-1, source=0x101 }
04-14 11:23:41.961   853   853 W ViewRootImpl: Cancelling event due to no window focus: KeyEvent { action=ACTION_UP, keyCode=KEYCODE_DPAD_DOWN, scanCode=0, metaState=0, flags=0x28, repeatCount=0, eventTime=4254459, downTime=4254459, deviceId=-1, source=0x101 }
04-14 11:23:42.028   853   853 W ViewRootImpl: Cancelling event due to no window focus: KeyEvent { action=ACTION_UP, keyCode=KEYCODE_DPAD_DOWN, scanCode=0, metaState=0, flags=0x80000028, repeatCount=0, eventTime=4254459, downTime=4254459, deviceId=-1, source=0x101 }
04-14 11:23:42.028   853   853 W ViewRootImpl: Cancelling event due to no window focus: KeyEvent { action=ACTION_UP, keyCode=KEYCODE_DPAD_DOWN, scanCode=0, metaState=0, flags=0x80000028, repeatCount=0, eventTime=4254459, downTime=4254459, deviceId=-1, source=0x101 }
04-14 11:23:42.048   853   853 W ViewRootImpl: Cancelling event due to no window focus: KeyEvent { action=ACTION_UP, keyCode=KEYCODE_DPAD_DOWN, scanCode=0, metaState=0, flags=0x80000028, repeatCount=0, eventTime=4254459, downTime=4254459, deviceId=-1, source=0x101 }
04-14 11:23:44.121   709   795 I ActivityManager: START u0 {act=android.intent.action.MAIN cat=[android.intent.category.LAUNCHER] flg=0x10000000 cmp=com.android.contacts/.activities.PeopleActivity sel=act=android.intent.action.MAIN cat=[android.intent.category.APP_CONTACTS]}} from uid 1000 on display 0
04-14 11:23:46.673   709   803 I ActivityManager: START u0 {act=android.intent.action.MAIN cat=[android.intent.category.LAUNCHER] flg=0x10008000 cmp=com.android.settings/.UsbSettings} from uid 1000 on display 0
04-14 11:23:47.080   709   803 W InputMethodManagerService: Window already focused, ignoring focus gain of: com.android.internal.view.IInputMethodClient$Stub$Proxy@3efcd25d attribute=null, token = android.os.BinderProxy@26bbb92c
04-14 11:24:46.296   709   773 I UsageStatsService: User[0] Flushing usage stats to disk
04-14 11:25:06.884   709   774 W ProcessCpuTracker: Skipping unknown process pid 31704
04-14 11:25:12.791   709  1127 W ProcessCpuTracker: Skipping unknown process pid 32574
04-14 11:25:43.376   709   795 I ActivityManager: START u0 {act=android.intent.action.MAIN cat=[android.intent.category.LAUNCHER] flg=0x10000000 cmp=com.android.email/.activity.Welcome sel=act=android.intent.action.MAIN cat=[android.intent.category.APP_EMAIL]}} from uid 1000 on display 0
04-14 11:26:03.396   709   774 W ProcessCpuTracker: Skipping unknown process pid 13742
04-14 11:26:03.397   709   774 W ProcessCpuTracker: Skipping unknown process pid 13743
04-14 11:26:03.398   709   774 W ProcessCpuTracker: Skipping unknown process pid 13744
04-14 11:26:23.210   709   970 I ActivityManager: START u0 {act=android.intent.action.MAIN cat=[android.intent.category.LAUNCHER] flg=0x10200000 cmp=com.zhihu.android/.app.ui.activity.MainActivity} from uid 0 on display 0
04-14 11:26:42.067   709   795 I ActivityManager: START u0 {act=android.intent.action.MAIN cat=[android.intent.category.LAUNCHER] flg=0x10000000 cmp=com.android.calendar/.AllInOneActivity sel=act=android.intent.action.MAIN cat=[android.intent.category.APP_CALENDAR]}} from uid 1000 on display 0
04-14 11:27:27.318   853   853 W ViewRootImpl: Dropping event due to no window focus: MotionEvent { action=ACTION_MOVE, id[0]=0, x[0]=1.0, y[0]=1.0, toolType[0]=TOOL_TYPE_UNKNOWN, buttonState=0, metaState=0, flags=0x0, edgeFlags=0x0, pointerCount=1, historySize=19, eventTime=4479601, downTime=-1, deviceId=0, source=0x10004 }
04-14 11:27:27.895   709   725 W InputMethodManagerService: Window already focused, ignoring focus gain of: com.android.internal.view.IInputMethodClient$Stub$Proxy@47119fc attribute=null, token = android.os.BinderProxy@26bbb92c
04-14 11:27:50.671   709   795 I ActivityManager: START u0 {act=android.intent.action.MAIN cat=[android.intent.category.LAUNCHER] flg=0x10000000 cmp=com.android.music/.MusicBrowserActivity sel=act=android.intent.action.MAIN cat=[android.intent.category.APP_MUSIC]}} from uid 1000 on display 0
04-14 11:28:02.520   853   853 W ViewRootImpl: Dropping event due to no window focus: KeyEvent { action=ACTION_DOWN, keyCode=KEYCODE_DPAD_UP, scanCode=0, metaState=0, flags=0x8, repeatCount=0, eventTime=4513663, downTime=4513663, deviceId=-1, source=0x101 }
04-14 11:28:02.586   853   853 W ViewRootImpl: Cancelling event due to no window focus: KeyEvent { action=ACTION_UP, keyCode=KEYCODE_DPAD_UP, scanCode=0, metaState=0, flags=0x28, repeatCount=0, eventTime=4513665, downTime=4513665, deviceId=-1, source=0x101 }
04-14 11:28:02.587   853   853 W ViewRootImpl: Cancelling event due to no window focus: KeyEvent { action=ACTION_UP, keyCode=KEYCODE_DPAD_UP, scanCode=0, metaState=0, flags=0x28, repeatCount=0, eventTime=4513665, downTime=4513665, deviceId=-1, source=0x101 }
04-14 11:28:02.618   853   853 W ViewRootImpl: Cancelling event due to no window focus: KeyEvent { action=ACTION_UP, keyCode=KEYCODE_DPAD_UP, scanCode=0, metaState=0, flags=0x28, repeatCount=0, eventTime=4513665, downTime=4513665, deviceId=-1, source=0x101 }
04-14 11:28:02.642   853   853 W ViewRootImpl: Cancelling event due to no window focus: KeyEvent { action=ACTION_UP, keyCode=KEYCODE_DPAD_UP, scanCode=0, metaState=0, flags=0x28, repeatCount=0, eventTime=4513665, downTime=4513665, deviceId=-1, source=0x101 }
04-14 11:28:02.642   853   853 W ViewRootImpl: Cancelling event due to no window focus: KeyEvent { action=ACTION_UP, keyCode=KEYCODE_DPAD_UP, scanCode=0, metaState=0, flags=0x28, repeatCount=0, eventTime=4513665, downTime=4513665, deviceId=-1, source=0x101 }
04-14 11:28:02.643   853   853 W ViewRootImpl: Cancelling event due to no window focus: KeyEvent { action=ACTION_UP, keyCode=KEYCODE_DPAD_UP, scanCode=0, metaState=0, flags=0x28, repeatCount=0, eventTime=4513665, downTime=4513665, deviceId=-1, source=0x101 }
04-14 11:28:02.814   853   853 W ViewRootImpl: Cancelling event due to no window focus: KeyEvent { action=ACTION_UP, keyCode=KEYCODE_DPAD_UP, scanCode=0, metaState=0, flags=0x80000028, repeatCount=0, eventTime=4513665, downTime=4513665, deviceId=-1, source=0x101 }
04-14 11:28:02.814   853   853 W ViewRootImpl: Cancelling event due to no window focus: KeyEvent { action=ACTION_UP, keyCode=KEYCODE_DPAD_UP, scanCode=0, metaState=0, flags=0x80000028, repeatCount=0, eventTime=4513665, downTime=4513665, deviceId=-1, source=0x101 }
04-14 11:28:02.815   853   853 W ViewRootImpl: Cancelling event due to no window focus: KeyEvent { action=ACTION_UP, keyCode=KEYCODE_DPAD_UP, scanCode=0, metaState=0, flags=0x80000028, repeatCount=0, eventTime=4513665, downTime=4513665, deviceId=-1, source=0x101 }
04-14 11:28:06.828   709 29406 I ActivityManager: START u0 {act=android.intent.action.MAIN cat=[android.intent.category.LAUNCHER] flg=0x10008000 cmp=com.android.settings/.UsbSettings} from uid 1000 on display 0
04-14 11:28:07.444   709  1248 W InputMethodManagerService: Window already focused, ignoring focus gain of: com.android.internal.view.IInputMethodClient$Stub$Proxy@13d15639 attribute=null, token = android.os.BinderProxy@26bbb92c
04-14 11:28:20.560   709   971 I ActivityManager: START u0 {act=android.intent.action.MAIN cat=[android.intent.category.LAUNCHER] flg=0x10200000 cmp=com.zhihu.android/.app.ui.activity.MainActivity} from uid 0 on display 0
04-14 11:28:38.388   709  1127 I ActivityManager: START u0 {act=android.intent.action.MAIN cat=[android.intent.category.LAUNCHER] flg=0x10200000 cmp=com.zhihu.android/.app.ui.activity.MainActivity} from uid 0 on display 0
04-14 11:28:40.962   709   970 W ProcessCpuTracker: Skipping unknown process pid 20377
04-14 11:28:50.593   709   803 W ProcessCpuTracker: Skipping unknown process pid 22224
04-14 11:28:50.610   709   803 W ProcessCpuTracker: Skipping unknown process pid 22234
04-14 11:29:00.845   709  4388 W ProcessCpuTracker: Skipping unknown process pid 24549
04-14 11:29:19.035   709  1214 I ActivityManager: START u0 {act=android.intent.action.MAIN cat=[android.intent.category.LAUNCHER] flg=0x10200000 cmp=com.zhihu.android/.app.ui.activity.MainActivity} from uid 0 on display 0
04-14 11:29:51.046   709   725 I ActivityManager: START u0 {act=android.intent.action.MAIN cat=[android.intent.category.LAUNCHER] flg=0x10200000 cmp=com.zhihu.android/.app.ui.activity.MainActivity} from uid 0 on display 0
04-14 11:30:12.218   709  4388 I ActivityManager: START u0 {act=android.intent.action.MAIN cat=[android.intent.category.LAUNCHER] flg=0x10200000 cmp=com.zhihu.android/.app.ui.activity.MainActivity} from uid 0 on display 0
04-14 11:30:21.846   709   774 I ActivityManager: Waited long enough for: ServiceRecord{dc1c92e u0 com.android.music/.MediaPlaybackService}
04-14 11:30:25.990   709   795 I WindowManager: Input event dispatching timed out sending to com.zhihu.android/com.zhihu.android.app.ui.activity.MainActivity.  Reason: Waiting to send key event because the focused window has not finished processing all of the input events that were previously delivered to it.  Outbound queue length: 0.  Wait queue length: 7.
04-14 11:30:26.139   709   725 W InputManager: Input event injection from pid 2390 timed out.
04-14 11:30:26.221   709   774 I ActivityManager: Skipping duplicate ANR: ProcessRecord{22f65e32 1839:com.zhihu.android/u0a54} Input dispatching timed out (Waiting to send key event because the focused window has not finished processing all of the input events that were previously delivered to it.  Outbound queue length: 0.  Wait queue length: 7.)
04-14 11:30:51.279  1839  1839 W ViewRootImpl: Dropping event due to no window focus: KeyEvent { action=ACTION_DOWN, keyCode=KEYCODE_DPAD_LEFT, scanCode=0, metaState=0, flags=0x400, repeatCount=0, eventTime=4683629, downTime=4683629, deviceId=-1, source=0x101 }
04-14 11:30:51.280  1839  1839 W ViewRootImpl: Cancelling event due to no window focus: KeyEvent { action=ACTION_UP, keyCode=KEYCODE_DPAD_LEFT, scanCode=0, metaState=0, flags=0x420, repeatCount=0, eventTime=4683629, downTime=4683629, deviceId=-1, source=0x101 }
04-14 11:30:57.968   709   709 D ZenLog  : intercepted: 0|com.android.systemui|789|null|10013,!priority
04-14 11:30:58.014   709   709 V NotificationService: pkg=com.android.systemui canInterrupt=false intercept=true
04-14 11:30:59.635   709   709 V NotificationService: pkg=com.android.systemui canInterrupt=false intercept=true
04-14 11:31:01.272   709 19422 I ActivityManager: START u0 {act=android.intent.action.VIEW dat=content://media/external/images/media/41 typ=image/png flg=0x10000000 cmp=com.android.gallery3d/.app.GalleryActivity} from uid 10013 on display 0
04-14 11:31:01.488   709 11650 W InputMethodManagerService: Window already focused, ignoring focus gain of: com.android.internal.view.IInputMethodClient$Stub$Proxy@1b29e51 attribute=null, token = android.os.BinderProxy@26bbb92c
04-14 11:31:10.942   709 19422 W ProcessCpuTracker: Skipping unknown process pid 23632
04-14 11:31:15.821  1839  1839 W ViewRootImpl: Cancelling event due to no window focus: KeyEvent { action=ACTION_UP, keyCode=KEYCODE_DPAD_RIGHT, scanCode=0, metaState=0, flags=0x80000028, repeatCount=0, eventTime=4708306, downTime=4708306, deviceId=-1, source=0x101 }
04-14 11:31:15.827  1839  1839 W ViewRootImpl: Cancelling event due to no window focus: KeyEvent { action=ACTION_UP, keyCode=KEYCODE_DPAD_RIGHT, scanCode=0, metaState=0, flags=0x80000028, repeatCount=0, eventTime=4708306, downTime=4708306, deviceId=-1, source=0x101 }
04-14 11:31:15.827  1839  1839 W ViewRootImpl: Cancelling event due to no window focus: KeyEvent { action=ACTION_UP, keyCode=KEYCODE_DPAD_RIGHT, scanCode=0, metaState=0, flags=0x80000028, repeatCount=0, eventTime=4708306, downTime=4708306, deviceId=-1, source=0x101 }
04-14 11:31:15.843  1839  1839 W ViewRootImpl: Cancelling event due to no window focus: KeyEvent { action=ACTION_UP, keyCode=KEYCODE_DPAD_RIGHT, scanCode=0, metaState=0, flags=0x80000028, repeatCount=0, eventTime=4708306, downTime=4708306, deviceId=-1, source=0x101 }
04-14 11:31:15.844  1839  1839 W ViewRootImpl: Cancelling event due to no window focus: KeyEvent { action=ACTION_UP, keyCode=KEYCODE_DPAD_RIGHT, scanCode=0, metaState=0, flags=0x80000028, repeatCount=0, eventTime=4708306, downTime=4708306, deviceId=-1, source=0x101 }
04-14 11:31:15.848  1839  1839 W ViewRootImpl: Cancelling event due to no window focus: KeyEvent { action=ACTION_UP, keyCode=KEYCODE_DPAD_RIGHT, scanCode=0, metaState=0, flags=0x80000028, repeatCount=0, eventTime=4708306, downTime=4708306, deviceId=-1, source=0x101 }
04-14 11:31:15.856  1839  1839 W ViewRootImpl: Cancelling event due to no window focus: KeyEvent { action=ACTION_UP, keyCode=KEYCODE_DPAD_RIGHT, scanCode=0, metaState=0, flags=0x80000028, repeatCount=0, eventTime=4708306, downTime=4708306, deviceId=-1, source=0x101 }
04-14 11:31:15.870  1839  1839 W ViewRootImpl: Cancelling event due to no window focus: KeyEvent { action=ACTION_UP, keyCode=KEYCODE_DPAD_RIGHT, scanCode=0, metaState=0, flags=0x80000028, repeatCount=0, eventTime=4708306, downTime=4708306, deviceId=-1, source=0x101 }
04-14 11:31:15.870  1839  1839 W ViewRootImpl: Cancelling event due to no window focus: KeyEvent { action=ACTION_UP, keyCode=KEYCODE_DPAD_RIGHT, scanCode=0, metaState=0, flags=0x80000028, repeatCount=0, eventTime=4708306, downTime=4708306, deviceId=-1, source=0x101 }
04-14 11:31:16.082   709 29406 W InputMethodManagerService: Window already focused, ignoring focus gain of: com.android.internal.view.IInputMethodClient$Stub$Proxy@a9dbfb7 attribute=null, token = android.os.BinderProxy@26bbb92c
04-14 11:31:17.824   709  1249 I ActivityManager: START u0 {act=android.intent.action.MAIN cat=[android.intent.category.LAUNCHER] flg=0x10200000 cmp=com.zhihu.android/.app.ui.activity.MainActivity} from uid 0 on display 0
04-14 11:31:24.812   709   803 I ActivityManager: START u0 {act=android.intent.action.MAIN cat=[android.intent.category.LAUNCHER] flg=0x10200000 cmp=com.zhihu.android/.app.ui.activity.MainActivity} from uid 0 on display 0
04-14 11:31:29.123   709   774 W ProcessCpuTracker: Skipping unknown process pid 28087
04-14 11:31:29.124   709   774 W ProcessCpuTracker: Skipping unknown process pid 28088
04-14 11:31:29.124   709   774 W ProcessCpuTracker: Skipping unknown process pid 28089
04-14 11:31:29.125   709   774 W ProcessCpuTracker: Skipping unknown process pid 28090
04-14 11:31:33.747   709   795 I ActivityManager: START u0 {act=android.intent.action.SHOW_BRIGHTNESS_DIALOG cmp=com.android.systemui/.settings.BrightnessDialog} from uid 1000 on display 0
04-14 11:31:40.728   709   726 W ProcessCpuTracker: Skipping unknown process pid 30732
04-14 11:31:49.071   709   795 I WindowManager: Input event dispatching timed out sending to com.zhihu.android/com.zhihu.android.app.ui.activity.MainActivity.  Reason: Waiting to send key event because the focused window has not finished processing all of the input events that were previously delivered to it.  Outbound queue length: 0.  Wait queue length: 1.
04-14 11:31:49.239   709  4388 W InputManager: Input event injection from pid 2390 timed out.
04-14 11:31:49.283   709   774 I ActivityManager: Skipping duplicate ANR: ProcessRecord{22f65e32 1839:com.zhihu.android/u0a54} Input dispatching timed out (Waiting to send key event because the focused window has not finished processing all of the input events that were previously delivered to it.  Outbound queue length: 0.  Wait queue length: 1.)
04-14 11:31:51.134   709  1248 I ActivityManager: START u0 {act=com.android.systemui.recents.SHOW_RECENTS flg=0x10804000 cmp=com.android.systemui/.recents.RecentsActivity} from uid 10013 on display 0
04-14 11:31:56.272   709   795 I WindowManager: Input event dispatching timed out sending to com.zhihu.android/com.zhihu.android.app.ui.activity.MainActivity.  Reason: Waiting to send key event because the focused window has not finished processing all of the input events that were previously delivered to it.  Outbound queue length: 0.  Wait queue length: 2.
04-14 11:31:56.457   709 11650 W InputManager: Input event injection from pid 2390 timed out.
04-14 11:31:56.510   709   774 I ActivityManager: Skipping duplicate ANR: ProcessRecord{22f65e32 1839:com.zhihu.android/u0a54} Input dispatching timed out (Waiting to send key event because the focused window has not finished processing all of the input events that were previously delivered to it.  Outbound queue length: 0.  Wait queue length: 2.)
04-14 11:31:59.328   709   726 V WindowManager: Adding window Window{243bd90 u0 SubPanel:com.zhihu.android/com.zhihu.android.app.ui.activity.MainActivity} at 3 of 9 (after Window{14616ff5 u0 com.zhihu.android/com.zhihu.android.app.ui.activity.MainActivity})
04-14 11:32:05.316  1839  1839 W ViewRootImpl: Dropping event due to no window focus: KeyEvent { action=ACTION_DOWN, keyCode=KEYCODE_T, scanCode=0, metaState=0, flags=0x8, repeatCount=0, eventTime=4755585, downTime=4755585, deviceId=-1, source=0x101 }
04-14 11:32:05.998  1839  1839 W ViewRootImpl: Cancelling event due to no window focus: KeyEvent { action=ACTION_UP, keyCode=KEYCODE_T, scanCode=0, metaState=0, flags=0x28, repeatCount=0, eventTime=4755590, downTime=4755590, deviceId=-1, source=0x101 }
04-14 11:32:06.010  1839  1839 W ViewRootImpl: Cancelling event due to no window focus: KeyEvent { action=ACTION_UP, keyCode=KEYCODE_T, scanCode=0, metaState=0, flags=0x28, repeatCount=0, eventTime=4755590, downTime=4755590, deviceId=-1, source=0x101 }
04-14 11:32:06.010  1839  1839 W ViewRootImpl: Cancelling event due to no window focus: KeyEvent { action=ACTION_UP, keyCode=KEYCODE_T, scanCode=0, metaState=0, flags=0x28, repeatCount=0, eventTime=4755590, downTime=4755590, deviceId=-1, source=0x101 }
04-14 11:32:12.690  1839  1839 W ViewRootImpl: Cancelling event due to no window focus: KeyEvent { action=ACTION_UP, keyCode=KEYCODE_T, scanCode=0, metaState=0, flags=0x28, repeatCount=0, eventTime=4755590, downTime=4755590, deviceId=-1, source=0x101 }
04-14 11:32:12.690  1839  1839 W ViewRootImpl: Cancelling event due to no window focus: KeyEvent { action=ACTION_UP, keyCode=KEYCODE_T, scanCode=0, metaState=0, flags=0x28, repeatCount=0, eventTime=4755590, downTime=4755590, deviceId=-1, source=0x101 }
04-14 11:32:12.691  1839  1839 W ViewRootImpl: Cancelling event due to no window focus: KeyEvent { action=ACTION_UP, keyCode=KEYCODE_T, scanCode=0, metaState=0, flags=0x28, repeatCount=0, eventTime=4755590, downTime=4755590, deviceId=-1, source=0x101 }
04-14 11:32:12.696  1839  1839 W ViewRootImpl: Cancelling event due to no window focus: KeyEvent { action=ACTION_UP, keyCode=KEYCODE_T, scanCode=0, metaState=0, flags=0x80000028, repeatCount=0, eventTime=4755590, downTime=4755590, deviceId=-1, source=0x101 }
04-14 11:32:12.696  1839  1839 W ViewRootImpl: Cancelling event due to no window focus: KeyEvent { action=ACTION_UP, keyCode=KEYCODE_T, scanCode=0, metaState=0, flags=0x80000028, repeatCount=0, eventTime=4755590, downTime=4755590, deviceId=-1, source=0x101 }
04-14 11:32:12.697  1839  1839 W ViewRootImpl: Cancelling event due to no window focus: KeyEvent { action=ACTION_UP, keyCode=KEYCODE_T, scanCode=0, metaState=0, flags=0x80000028, repeatCount=0, eventTime=4755590, downTime=4755590, deviceId=-1, source=0x101 }
04-14 11:32:13.009   709  4338 W InputMethodManagerService: Window already focused, ignoring focus gain of: com.android.internal.view.IInputMethodClient$Stub$Proxy@f6eeeaf attribute=android.view.inputmethod.EditorInfo@294f22bc, token = android.os.BinderProxy@26bbb92c
04-14 11:32:30.866   709   795 I WindowManager: Input event dispatching timed out sending to com.zhihu.android/com.zhihu.android.app.ui.activity.MainActivity.  Reason: Waiting to send key event because the focused window has not finished processing all of the input events that were previously delivered to it.  Outbound queue length: 0.  Wait queue length: 1.
04-14 11:32:31.038   709   726 W InputManager: Input event injection from pid 2390 timed out.
04-14 11:32:31.182   709   774 I ActivityManager: Skipping duplicate ANR: ProcessRecord{22f65e32 1839:com.zhihu.android/u0a54} Input dispatching timed out (Waiting to send key event because the focused window has not finished processing all of the input events that were previously delivered to it.  Outbound queue length: 0.  Wait queue length: 1.)
04-14 11:32:37.142   709   774 W ProcessCpuTracker: Skipping unknown process pid 11581
04-14 11:32:41.178   709  4363 V WindowManager: Adding window Window{2f864443 u0 SubPanel:com.zhihu.android/com.zhihu.android.app.ui.activity.MainActivity} at 3 of 9 (after Window{14616ff5 u0 com.zhihu.android/com.zhihu.android.app.ui.activity.MainActivity})
04-14 11:32:41.212  1839  1839 W ViewRootImpl: Dropping event due to no window focus: KeyEvent { action=ACTION_DOWN, keyCode=KEYCODE_PROG_BLUE, scanCode=0, metaState=0, flags=0x8, repeatCount=0, eventTime=4793750, downTime=4793750, deviceId=-1, source=0x101 }
04-14 11:32:41.213  1839  1839 W ViewRootImpl: Cancelling event due to no window focus: KeyEvent { action=ACTION_UP, keyCode=KEYCODE_PROG_BLUE, scanCode=0, metaState=0, flags=0x28, repeatCount=0, eventTime=4793765, downTime=4793765, deviceId=-1, source=0x101 }
04-14 11:32:41.213  1839  1839 W ViewRootImpl: Cancelling event due to no window focus: KeyEvent { action=ACTION_UP, keyCode=KEYCODE_PROG_BLUE, scanCode=0, metaState=0, flags=0x28, repeatCount=0, eventTime=4793765, downTime=4793765, deviceId=-1, source=0x101 }
04-14 11:32:41.214  1839  1839 W ViewRootImpl: Cancelling event due to no window focus: KeyEvent { action=ACTION_UP, keyCode=KEYCODE_PROG_BLUE, scanCode=0, metaState=0, flags=0x28, repeatCount=0, eventTime=4793765, downTime=4793765, deviceId=-1, source=0x101 }
04-14 11:32:41.214  1839  1839 W ViewRootImpl: Cancelling event due to no window focus: KeyEvent { action=ACTION_UP, keyCode=KEYCODE_PROG_BLUE, scanCode=0, metaState=0, flags=0x28, repeatCount=0, eventTime=4793765, downTime=4793765, deviceId=-1, source=0x101 }
04-14 11:32:41.215  1839  1839 W ViewRootImpl: Cancelling event due to no window focus: KeyEvent { action=ACTION_UP, keyCode=KEYCODE_PROG_BLUE, scanCode=0, metaState=0, flags=0x28, repeatCount=0, eventTime=4793765, downTime=4793765, deviceId=-1, source=0x101 }
04-14 11:32:41.216  1839  1839 W ViewRootImpl: Cancelling event due to no window focus: KeyEvent { action=ACTION_UP, keyCode=KEYCODE_PROG_BLUE, scanCode=0, metaState=0, flags=0x28, repeatCount=0, eventTime=4793765, downTime=4793765, deviceId=-1, source=0x101 }
04-14 11:32:41.262  1839  1839 W ViewRootImpl: Cancelling event due to no window focus: KeyEvent { action=ACTION_UP, keyCode=KEYCODE_PROG_BLUE, scanCode=0, metaState=0, flags=0x80000028, repeatCount=0, eventTime=4793765, downTime=4793765, deviceId=-1, source=0x101 }
04-14 11:32:41.262  1839  1839 W ViewRootImpl: Cancelling event due to no window focus: KeyEvent { action=ACTION_UP, keyCode=KEYCODE_PROG_BLUE, scanCode=0, metaState=0, flags=0x80000028, repeatCount=0, eventTime=4793765, downTime=4793765, deviceId=-1, source=0x101 }
04-14 11:32:41.263  1839  1839 W ViewRootImpl: Cancelling event due to no window focus: KeyEvent { action=ACTION_UP, keyCode=KEYCODE_PROG_BLUE, scanCode=0, metaState=0, flags=0x80000028, repeatCount=0, eventTime=4793765, downTime=4793765, deviceId=-1, source=0x101 }
04-14 11:32:43.394   709  4363 I ActivityManager: START u0 {act=android.intent.action.MAIN cat=[android.intent.category.LAUNCHER] flg=0x10200000 cmp=com.zhihu.android/.app.ui.activity.MainActivity} from uid 0 on display 0
04-14 11:32:46.020   709   726 W ActivityManager: Permission Denial: opening provider com.android.launcher3.LauncherProvider from ProcessRecord{22f65e32 1839:com.zhihu.android/u0a54} (pid=1839, uid=10054) requires com.android.launcher3.permission.READ_SETTINGS or com.android.launcher3.permission.WRITE_SETTINGS
04-14 11:32:47.164   709 29406 V WindowManager: not Base app: Adding window Window{12feb2ec u0 com.zhihu.android/com.zhihu.android.app.ui.activity.MainActivity} at 4 of 10
04-14 11:32:49.121   709  1248 W ActivityManager: Permission Denial: opening provider com.android.launcher3.LauncherProvider from ProcessRecord{22f65e32 1839:com.zhihu.android/u0a54} (pid=1839, uid=10054) requires com.android.launcher3.permission.READ_SETTINGS or com.android.launcher3.permission.WRITE_SETTINGS
04-14 11:32:50.400   709  1214 V WindowManager: not Base app: Adding window Window{d9a11d8 u0 com.zhihu.android/com.zhihu.android.app.ui.activity.MainActivity} at 5 of 10
04-14 11:32:50.828  1839  1839 W ViewRootImpl: Dropping event due to no window focus: KeyEvent { action=ACTION_DOWN, keyCode=KEYCODE_VOLUME_DOWN, scanCode=0, metaState=0, flags=0x8, repeatCount=0, eventTime=4802951, downTime=4802951, deviceId=-1, source=0x101 }
04-14 11:32:50.855  1839  1839 W ViewRootImpl: Cancelling event due to no window focus: KeyEvent { action=ACTION_UP, keyCode=KEYCODE_VOLUME_DOWN, scanCode=0, metaState=0, flags=0x28, repeatCount=0, eventTime=4803102, downTime=4803102, deviceId=-1, source=0x101 }
04-14 11:32:50.856  1839  1839 W ViewRootImpl: Cancelling event due to no window focus: KeyEvent { action=ACTION_UP, keyCode=KEYCODE_VOLUME_DOWN, scanCode=0, metaState=0, flags=0x28, repeatCount=0, eventTime=4803102, downTime=4803102, deviceId=-1, source=0x101 }
04-14 11:32:50.856  1839  1839 W ViewRootImpl: Cancelling event due to no window focus: KeyEvent { action=ACTION_UP, keyCode=KEYCODE_VOLUME_DOWN, scanCode=0, metaState=0, flags=0x28, repeatCount=0, eventTime=4803102, downTime=4803102, deviceId=-1, source=0x101 }
04-14 11:32:50.857  1839  1839 W ViewRootImpl: Cancelling event due to no window focus: KeyEvent { action=ACTION_UP, keyCode=KEYCODE_VOLUME_DOWN, scanCode=0, metaState=0, flags=0x28, repeatCount=0, eventTime=4803102, downTime=4803102, deviceId=-1, source=0x101 }
04-14 11:32:50.857  1839  1839 W ViewRootImpl: Cancelling event due to no window focus: KeyEvent { action=ACTION_UP, keyCode=KEYCODE_VOLUME_DOWN, scanCode=0, metaState=0, flags=0x28, repeatCount=0, eventTime=4803102, downTime=4803102, deviceId=-1, source=0x101 }
04-14 11:32:50.858  1839  1839 W ViewRootImpl: Cancelling event due to no window focus: KeyEvent { action=ACTION_UP, keyCode=KEYCODE_VOLUME_DOWN, scanCode=0, metaState=0, flags=0x28, repeatCount=0, eventTime=4803102, downTime=4803102, deviceId=-1, source=0x101 }
04-14 11:32:56.290  1839  1839 W ViewRootImpl: Dropping event due to no window focus: KeyEvent { action=ACTION_DOWN, keyCode=KEYCODE_DPAD_CENTER, scanCode=0, metaState=0, flags=0x8, repeatCount=0, eventTime=4804416, downTime=4804416, deviceId=-1, source=0x101 }
04-14 11:32:56.296  1839  1839 W ViewRootImpl: Cancelling event due to no window focus: KeyEvent { action=ACTION_UP, keyCode=KEYCODE_DPAD_CENTER, scanCode=0, metaState=0, flags=0x28, repeatCount=0, eventTime=4806245, downTime=4806245, deviceId=-1, source=0x101 }
04-14 11:32:56.310  1839  1839 W ViewRootImpl: Cancelling event due to no window focus: KeyEvent { action=ACTION_UP, keyCode=KEYCODE_DPAD_CENTER, scanCode=0, metaState=0, flags=0x28, repeatCount=0, eventTime=4806245, downTime=4806245, deviceId=-1, source=0x101 }
04-14 11:32:56.311  1839  1839 W ViewRootImpl: Cancelling event due to no window focus: KeyEvent { action=ACTION_UP, keyCode=KEYCODE_DPAD_CENTER, scanCode=0, metaState=0, flags=0x28, repeatCount=0, eventTime=4806245, downTime=4806245, deviceId=-1, source=0x101 }
04-14 11:32:56.314  1839  1839 W ViewRootImpl: Cancelling event due to no window focus: KeyEvent { action=ACTION_UP, keyCode=KEYCODE_DPAD_CENTER, scanCode=0, metaState=0, flags=0x28, repeatCount=0, eventTime=4806245, downTime=4806245, deviceId=-1, source=0x101 }
04-14 11:32:56.314  1839  1839 W ViewRootImpl: Cancelling event due to no window focus: KeyEvent { action=ACTION_UP, keyCode=KEYCODE_DPAD_CENTER, scanCode=0, metaState=0, flags=0x28, repeatCount=0, eventTime=4806245, downTime=4806245, deviceId=-1, source=0x101 }
04-14 11:32:56.315  1839  1839 W ViewRootImpl: Cancelling event due to no window focus: KeyEvent { action=ACTION_UP, keyCode=KEYCODE_DPAD_CENTER, scanCode=0, metaState=0, flags=0x28, repeatCount=0, eventTime=4806245, downTime=4806245, deviceId=-1, source=0x101 }
04-14 11:32:56.318  1839  1839 W ViewRootImpl: Cancelling event due to no window focus: KeyEvent { action=ACTION_UP, keyCode=KEYCODE_DPAD_CENTER, scanCode=0, metaState=0, flags=0x80000028, repeatCount=0, eventTime=4806245, downTime=4806245, deviceId=-1, source=0x101 }
04-14 11:32:56.324  1839  1839 W ViewRootImpl: Cancelling event due to no window focus: KeyEvent { action=ACTION_UP, keyCode=KEYCODE_DPAD_CENTER, scanCode=0, metaState=0, flags=0x80000028, repeatCount=0, eventTime=4806245, downTime=4806245, deviceId=-1, source=0x101 }
04-14 11:32:56.324  1839  1839 W ViewRootImpl: Cancelling event due to no window focus: KeyEvent { action=ACTION_UP, keyCode=KEYCODE_DPAD_CENTER, scanCode=0, metaState=0, flags=0x80000028, repeatCount=0, eventTime=4806245, downTime=4806245, deviceId=-1, source=0x101 }
04-14 11:33:08.670   709   795 I WindowManager: Input event dispatching timed out sending to com.zhihu.android/com.zhihu.android.app.ui.activity.MainActivity.  Reason: Waiting to send key event because the focused window has not finished processing all of the input events that were previously delivered to it.  Outbound queue length: 0.  Wait queue length: 1.
04-14 11:33:08.835   709   774 I ActivityManager: Skipping duplicate ANR: ProcessRecord{22f65e32 1839:com.zhihu.android/u0a54} Input dispatching timed out (Waiting to send key event because the focused window has not finished processing all of the input events that were previously delivered to it.  Outbound queue length: 0.  Wait queue length: 1.)
04-14 11:33:08.837   709  4363 W InputManager: Input event injection from pid 2390 timed out.
04-14 11:33:11.026   709 11650 W ProcessCpuTracker: Skipping unknown process pid 19331
04-14 11:33:14.032   709   726 V WindowManager: Adding window Window{278a7384 u0 SubPanel:com.zhihu.android/com.zhihu.android.app.ui.activity.MainActivity} at 3 of 11 (after Window{14616ff5 u0 com.zhihu.android/com.zhihu.android.app.ui.activity.MainActivity})
04-14 11:33:14.182  1839  1839 W ViewRootImpl: Dropping event due to root view being removed: MotionEvent { action=ACTION_MOVE, id[0]=0, x[0]=623.47955, y[0]=868.04333, toolType[0]=TOOL_TYPE_UNKNOWN, buttonState=0, metaState=0, flags=0x0, edgeFlags=0x0, pointerCount=1, historySize=6, eventTime=4826673, downTime=4822421, deviceId=0, source=0x1002 }
04-14 11:33:14.183  1839  1839 W ViewRootImpl: Dropping event due to root view being removed: MotionEvent { action=ACTION_UP, id[0]=0, x[0]=622.27466, y[0]=884.3445, toolType[0]=TOOL_TYPE_UNKNOWN, buttonState=0, metaState=0, flags=0x0, edgeFlags=0x0, pointerCount=1, historySize=0, eventTime=4826675, downTime=4822421, deviceId=0, source=0x1002 }
04-14 11:33:15.245  1839  1839 W ViewRootImpl: Dropping event due to root view being removed: MotionEvent { action=ACTION_UP, id[0]=0, x[0]=928.5022, y[0]=628.40234, toolType[0]=TOOL_TYPE_UNKNOWN, buttonState=0, metaState=0, flags=0x0, edgeFlags=0x0, pointerCount=1, historySize=0, eventTime=4827684, downTime=4827679, deviceId=0, source=0x1002 }
04-14 11:33:15.684   709 29406 W InputMethodManagerService: Window already focused, ignoring focus gain of: com.android.internal.view.IInputMethodClient$Stub$Proxy@36aadfa2 attribute=android.view.inputmethod.EditorInfo@3030c433, token = android.os.BinderProxy@26bbb92c
04-14 11:33:17.332   709 11650 I ActivityManager: START u0 {act=android.intent.action.MAIN cat=[android.intent.category.LAUNCHER] flg=0x10200000 cmp=com.zhihu.android/.app.ui.activity.MainActivity} from uid 0 on display 0
04-14 11:33:21.741   853   853 W ViewRootImpl: Dropping event due to no window focus: KeyEvent { action=ACTION_DOWN, keyCode=KEYCODE_DPAD_UP, scanCode=0, metaState=0, flags=0x8, repeatCount=0, eventTime=4834106, downTime=4834106, deviceId=-1, source=0x101 }
04-14 11:33:21.808   853   853 W ViewRootImpl: Cancelling event due to no window focus: KeyEvent { action=ACTION_UP, keyCode=KEYCODE_DPAD_UP, scanCode=0, metaState=0, flags=0x28, repeatCount=0, eventTime=4834162, downTime=4834162, deviceId=-1, source=0x101 }
04-14 11:33:21.808   853   853 W ViewRootImpl: Cancelling event due to no window focus: KeyEvent { action=ACTION_UP, keyCode=KEYCODE_DPAD_UP, scanCode=0, metaState=0, flags=0x28, repeatCount=0, eventTime=4834162, downTime=4834162, deviceId=-1, source=0x101 }
04-14 11:33:21.838   853   853 W ViewRootImpl: Cancelling event due to no window focus: KeyEvent { action=ACTION_UP, keyCode=KEYCODE_DPAD_UP, scanCode=0, metaState=0, flags=0x28, repeatCount=0, eventTime=4834162, downTime=4834162, deviceId=-1, source=0x101 }
04-14 11:33:21.839   853   853 W ViewRootImpl: Cancelling event due to no window focus: KeyEvent { action=ACTION_UP, keyCode=KEYCODE_DPAD_UP, scanCode=0, metaState=0, flags=0x28, repeatCount=0, eventTime=4834162, downTime=4834162, deviceId=-1, source=0x101 }
04-14 11:33:21.861   853   853 W ViewRootImpl: Cancelling event due to no window focus: KeyEvent { action=ACTION_UP, keyCode=KEYCODE_DPAD_UP, scanCode=0, metaState=0, flags=0x28, repeatCount=0, eventTime=4834162, downTime=4834162, deviceId=-1, source=0x101 }
04-14 11:33:21.861   853   853 W ViewRootImpl: Cancelling event due to no window focus: KeyEvent { action=ACTION_UP, keyCode=KEYCODE_DPAD_UP, scanCode=0, metaState=0, flags=0x28, repeatCount=0, eventTime=4834162, downTime=4834162, deviceId=-1, source=0x101 }
04-14 11:33:21.997   853   853 W ViewRootImpl: Cancelling event due to no window focus: KeyEvent { action=ACTION_UP, keyCode=KEYCODE_DPAD_UP, scanCode=0, metaState=0, flags=0x80000028, repeatCount=0, eventTime=4834162, downTime=4834162, deviceId=-1, source=0x101 }
