08-10 00:58:09.820   709   799 W PackageManager: Unknown permission com.google.android.googleapps.permission.GOOGLE_AUTH.ALL_SERVICES in package com.android.development
08-10 00:58:09.820   709   799 W PackageManager: Unknown permission com.google.android.googleapps.permission.GOOGLE_AUTH.YouTubeUser in package com.android.development
08-10 00:58:10.134   709   709 I SystemServer: Status Bar
08-10 00:58:10.143   709   709 I SystemServer: Clipboard Service
08-10 00:58:10.152   709   709 I SystemServer: NetworkManagement Service
08-10 00:58:10.164   709   709 I SystemServer: Text Service Manager Service
08-10 00:58:10.181   709   709 I SystemServer: Network Score Service
08-10 00:58:10.183   709   709 I SystemServer: NetworkStats Service
08-10 00:58:10.199   709   709 I SystemServer: NetworkPolicy Service
08-10 00:58:10.226   709   709 I SystemServiceManager: Starting com.android.server.wifi.p2p.WifiP2pService
08-10 00:58:10.271   709   709 I SystemServiceManager: Starting com.android.server.wifi.WifiService
08-10 00:58:10.486   709   709 I SystemServiceManager: Starting com.android.server.wifi.WifiScanningService
08-10 00:58:10.489   709   709 I SystemServiceManager: Starting com.android.server.wifi.RttService
08-10 00:58:10.493   709   709 I SystemServiceManager: Starting com.android.server.ethernet.EthernetService
08-10 00:58:10.503   709   709 I SystemServer: Connectivity Service
08-10 00:58:10.510   709   709 D ConnectivityService: ConnectivityService starting up
08-10 00:58:10.517   709   709 D ConnectivityService: wifiOnly=false
08-10 00:58:10.520   709   709 E ConnectivityService: Ignoring protectedNetwork 15
08-10 00:58:10.552   709   709 I SystemServer: Network Service Discovery Service
08-10 00:58:10.560   709   709 D NsdService: Network service discovery enabled true
08-10 00:58:10.564   709   709 I SystemServer: UpdateLock Service
08-10 00:58:10.632   709   709 I SystemServiceManager: Starting com.android.server.notification.NotificationManagerService
08-10 00:58:10.713   709   709 D ZenLog  : set_zen_mode: off,setting
08-10 00:58:10.720   709   709 I SystemServiceManager: Starting com.android.server.storage.DeviceStorageMonitorService
08-10 00:58:10.728   709   709 I SystemServer: Location Manager
08-10 00:58:10.734   709   709 I SystemServer: Country Detector
08-10 00:58:10.736   709   709 I SystemServer: Search Service
08-10 00:58:10.742   709   709 I SystemServer: DropBox Service
08-10 00:58:10.747   709   709 I SystemServer: Wallpaper Service
08-10 00:58:10.758   709   709 I SystemServer: Audio Service
08-10 00:58:10.879   709   709 I SystemServiceManager: Starting com.android.server.DockObserver
08-10 00:58:10.882   709   709 W DockObserver: This kernel does not have dock station support
08-10 00:58:10.883   709   709 I SystemServer: Wired Accessory Manager
08-10 00:58:10.894   709   709 I SystemServiceManager: Starting com.android.server.usb.UsbService$Lifecycle
08-10 00:58:10.921   709   709 I SystemServer: Serial Service
08-10 00:58:10.922   709   709 I SystemServiceManager: Starting com.android.server.twilight.TwilightService
08-10 00:58:10.931   709   709 I SystemServiceManager: Starting com.android.server.UiModeManagerService
08-10 00:58:10.941   709   709 I SystemServiceManager: Starting com.android.server.job.JobSchedulerService
08-10 00:58:10.959   709   709 I SystemServiceManager: Starting com.android.server.backup.BackupManagerService$Lifecycle
08-10 00:58:10.964   709   709 I SystemServiceManager: Starting com.android.server.appwidget.AppWidgetService
08-10 00:58:10.973   709   709 I SystemServiceManager: Starting com.android.server.voiceinteraction.VoiceInteractionManagerService
08-10 00:58:10.979   709   709 W SoundTriggerHelper: listModules status=0, # of modules=0
08-10 00:58:10.979   709   709 I SystemServer: DiskStats Service
08-10 00:58:10.980   709   709 I SystemServer: SamplingProfiler Service
08-10 00:58:10.992   709   709 I SystemServer: NetworkTimeUpdateService
08-10 00:58:10.995   709   709 I SystemServer: CommonTimeManagementService
08-10 00:58:11.003   709   709 I SystemServer: CertBlacklister
08-10 00:58:11.007   709   709 I SystemServiceManager: Starting com.android.server.dreams.DreamManagerService
08-10 00:58:11.015   709   709 I SystemServer: Assets Atlas Service
08-10 00:58:11.079   709   709 I SystemServiceManager: Starting com.android.server.print.PrintManagerService
08-10 00:58:11.087   709   709 I SystemServiceManager: Starting com.android.server.restrictions.RestrictionsManagerService
08-10 00:58:11.092   709   709 I SystemServiceManager: Starting com.android.server.media.MediaSessionService
08-10 00:58:11.113   709   709 I SystemServer: Media Router Service
08-10 00:58:11.122   709   709 I SystemServiceManager: Starting com.android.server.trust.TrustManagerService
08-10 00:58:11.132   709   709 I SystemServiceManager: Starting com.android.server.fingerprint.FingerprintService
08-10 00:58:11.137   709   709 I SystemServer: BackgroundDexOptService
08-10 00:58:11.144   709   709 I SystemServiceManager: Starting com.android.server.pm.LauncherAppsService
08-10 00:58:11.158   709   709 I SystemServiceManager: Starting com.android.server.media.projection.MediaProjectionManagerService
08-10 00:58:11.204   709   709 I SystemServiceManager: Starting com.android.server.MmsServiceBroker
08-10 00:58:11.264   709   709 E LockSettingsStorage: Cannot read file java.io.FileNotFoundException: /data/system/password.key: open failed: ENOENT (No such file or directory)
08-10 00:58:11.266   709   709 E LockSettingsStorage: Cannot read file java.io.FileNotFoundException: /data/system/gesture.key: open failed: ENOENT (No such file or directory)
08-10 00:58:11.266   709   709 I SystemServiceManager: Starting phase 480
08-10 00:58:11.291   709   709 I SystemServiceManager: Starting phase 500
08-10 00:58:11.292   709   709 I WifiService: WifiService starting up with Wi-Fi enabled
08-10 00:58:11.299   709   709 D WifiService: setWifiEnabled: true pid=709, uid=1000
08-10 00:58:11.299   709   709 E WifiService: Invoking mWifiStateMachine.setWifiEnabled
08-10 00:58:11.348   709   814 D WifiService: New client listening to asynchronous messages
08-10 00:58:11.408   709   709 D WifiScanningService: New client, channel: null messenger: null
08-10 00:58:11.427   709   815 D ConnectivityService: Got NetworkFactory Messenger for Ethernet
08-10 00:58:11.478   709   709 I ActivityManager: Config changes=200 {1.0 ?mcc?mnc en_US ?layoutDir sw360dp w360dp h567dp 480dpi nrml port finger -keyb/v/h -nav/h s.4}
08-10 00:58:11.499   709   709 V BackupManagerService: No ancestral data
08-10 00:58:11.511   709   709 D BackupManagerService: Now staging backup of com.android.browser
08-10 00:58:11.523   709   709 D BackupManagerService: Now staging backup of android
08-10 00:58:11.527   709   709 D BackupManagerService: Now staging backup of com.android.nfc
08-10 00:58:11.530   709   709 D BackupManagerService: Now staging backup of com.android.calendar
08-10 00:58:11.534   709   709 D BackupManagerService: Now staging backup of com.android.providers.settings
08-10 00:58:11.538   709   709 D BackupManagerService: Now staging backup of com.android.sharedstoragebackup
08-10 00:58:11.542   709   709 D BackupManagerService: Now staging backup of com.android.dialer
08-10 00:58:11.546   709   709 D BackupManagerService: Now staging backup of com.android.providers.userdictionary
08-10 00:58:11.554   709   709 V BackupManagerService: Starting with transport android/com.android.internal.backup.LocalTransport
08-10 00:58:11.555   709   709 V BackupManagerService: Found transports: 1
08-10 00:58:11.555   709   709 I BackupManagerService: Binding to transport host ComponentInfo{android/com.android.internal.backup.LocalTransportService}
08-10 00:58:11.565   709   709 I BackupManagerService: Found stale backup journal, scheduling
08-10 00:58:11.671   709   709 I AppOps  : Pruning old package media/1013: new uid=-1
08-10 00:58:11.672   709   709 I ActivityManager: System now ready
08-10 00:58:11.687   709   709 I SystemServer: Making services ready
08-10 00:58:11.687   709   709 I SystemServiceManager: Starting phase 550
08-10 00:58:11.702   709   709 I SystemServer: WebViewFactory preparation
08-10 00:58:11.831   709   709 I ActivityManager: Start proc 834:WebViewLoader-armeabi-v7a/1037 [android.webkit.WebViewFactory$RelroFileCreator] for 
08-10 00:58:11.834   709   779 I DisplayManagerService: Display device changed: DisplayDeviceInfo{"Built-in Screen": uniqueId="local:0", 1080 x 1920, 60.0 fps, supportedRefreshRates [60.0], density 480, 442.451 x 443.345 dpi, appVsyncOff 7500000, presDeadline 12666667, touch INTERNAL, rotation 0, type BUILT_IN, state ON, FLAG_DEFAULT_DISPLAY, FLAG_ROTATES_WITH_CONTENT, FLAG_SECURE, FLAG_SUPPORTS_PROTECTED_BUFFERS}
08-10 00:58:11.913   709   709 I ActivityManager: Start proc 853:com.android.systemui/u0a13 for service com.android.systemui/.SystemUIService
08-10 00:58:11.915   709   797 W MountService: Duplicate state transition (mounted -> mounted) for /storage/emulated/0
08-10 00:58:11.915   709   709 D NetworkManagementService: enabling bandwidth control
08-10 00:58:12.029   709   774 I ActivityManager: Start proc 872:android.process.media/u0a5 for broadcast com.android.providers.media/.MtpReceiver
08-10 00:58:12.155   709   726 V FingerprintService: startListening(android.service.fingerprint.IFingerprintServiceReceiver$Stub$Proxy@2291870e)
08-10 00:58:12.384   709   726 I ActivityManager: Start proc 974:com.android.settings/1000 for broadcast com.android.settings/.widget.SettingsAppWidgetProvider
08-10 00:58:12.588   709   709 I SystemServiceManager: Starting phase 600
08-10 00:58:12.610   709   709 I BackupManagerService: Backup enabled => false
08-10 00:58:12.611   709   709 I BackupManagerService: Opting out of backup
08-10 00:58:12.640   709   709 E InputMethodManagerService: Ignoring setImeWindowStatus due to an invalid token. uid:1000 token:null
08-10 00:58:12.820   709   709 I ActivityManager: Start proc 1045:com.android.inputmethod.latin/u0a34 for service com.android.inputmethod.latin/.LatinIME
08-10 00:58:12.821   709   709 V InputMethodManagerService: Adding window token: android.os.Binder@3a10f74a
08-10 00:58:12.955   709   709 W LocationManagerService: no network location provider found
08-10 00:58:12.967   709   709 E LocationManagerService: no geocoder provider found
08-10 00:58:12.970   709   709 E LocationManagerService: FLP HAL not supported
08-10 00:58:12.982   709   709 E LocationManagerService: Unable to bind FLP Geofence proxy.
08-10 00:58:12.984   709   709 E LocationManagerService: Hardware Activity-Recognition not supported.
08-10 00:58:13.011   709   709 I MmsServiceBroker: Delay connecting to MmsService until an API is called
08-10 00:58:13.013   709   709 W VoiceInteractionManagerService: no available voice interaction services found for user 0
08-10 00:58:13.013   709   709 W VoiceInteractionManagerService: no available voice recognition services found for user 0
08-10 00:58:13.135   709   709 I ActivityManager: Start proc 1109:com.android.nfc/1027 for added application com.android.nfc
08-10 00:58:13.304   709   709 I ActivityManager: Start proc 1151:com.android.phone/1001 for added application com.android.phone
08-10 00:58:13.313   709   709 I ActivityManager: START u0 {act=android.intent.action.MAIN cat=[android.intent.category.HOME] flg=0x10000000 cmp=com.android.launcher3/.Launcher} from uid 0 on display 0
08-10 00:58:13.329   709   709 V WindowManager: addAppToken: AppWindowToken{49d355e token=Token{1368fe99 ActivityRecord{12b8be0 u0 com.android.launcher3/.Launcher t1}}} to stack=0 task=1 at 0
08-10 00:58:13.411   709   709 I ActivityManager: Start proc 1204:com.android.launcher3/u0a35 for activity com.android.launcher3/.Launcher
08-10 00:58:13.415   709   709 I SystemServer: Enabled StrictMode for system server main thread.
08-10 00:58:13.534   709   773 I ActivityManager: Start proc 1231:com.android.printspooler/u0a46 for service com.android.printspooler/.model.PrintSpoolerService
08-10 00:58:13.588   709   709 V ActivityManager: Display changed displayId=0
08-10 00:58:13.680   709   970 I StatusBarManagerService: registerStatusBar bar=com.android.internal.statusbar.IStatusBar$Stub$Proxy@3b7a7972
08-10 00:58:13.748   709   709 V ActivityManager: Display changed displayId=0
08-10 00:58:13.782   709   709 I Telecom : TelecomGlobals: TelecomGlobals initializing
08-10 00:58:13.914   709  1255 I ActivityManager: Start proc 1257:android.process.acore/u0a2 for content provider com.android.providers.contacts/.CallLogProvider
08-10 00:58:13.985   709   709 I Telecom : TelecomGlobals: CallsManager initialized
08-10 00:58:13.987   709   709 W ContextImpl: Calling a method in the system process without a qualified user: android.app.ContextImpl.startService:1692 android.content.ContextWrapper.startService:516 com.android.server.telecom.BluetoothPhoneService.start:440 com.android.server.telecom.TelecomGlobals.initialize:93 com.android.server.telecom.TelecomService.onCreate:164 
08-10 00:58:14.005   709   709 I ValidateNoPeople: skipping global notification
08-10 00:58:14.017   709   709 V ActivityManager: Display changed displayId=0
08-10 00:58:14.020   709   709 I ValidateNoPeople: skipping global notification
08-10 00:58:14.037   709   709 D ZenLog  : downtime: Autotrigger skipped: not in downtime
08-10 00:58:14.048   709   709 W ResourcesManager: Asset path '/system/framework/com.android.location.provider.jar' does not exist or contains no resources.
08-10 00:58:14.060   709   709 V WiredAccessoryManager: notifyWiredAccessoryChanged: when=0 bits= mask=54
08-10 00:58:14.061   709   709 V WiredAccessoryManager: newName=h2w newState=0 headsetState=0 prev headsetState=0
08-10 00:58:14.061   709   709 V WiredAccessoryManager: init()
08-10 00:58:14.304   709   726 I ActivityManager: Start proc 1304:com.android.smspush/u0a52 for service com.android.smspush/.WapPushManager
08-10 00:58:14.422   709   815 E ConnectivityService: Failed to find Messenger in unregisterNetworkFactory
08-10 00:58:14.426   709   815 D ConnectivityService: Got NetworkFactory Messenger for Telephony
08-10 00:58:14.500   709   709 V BackupManagerService: Connected to transport ComponentInfo{android/com.android.internal.backup.LocalTransportService}
08-10 00:58:14.501   709   709 V BackupManagerService: Registering transport android/com.android.internal.backup.LocalTransportService::android/com.android.internal.backup.LocalTransport = android.app.backup.BackupTransport$TransportImpl@1c0f1eb4
08-10 00:58:14.618   709   815 D ConnectivityService: Got NetworkFactory Messenger for WIFI
08-10 00:58:14.619   709   815 D ConnectivityService: Got NetworkFactory Messenger for WIFI_UT
08-10 00:58:14.668   709  1214 V WindowManager: Based on layer: Adding window Window{36880714 u0 com.android.launcher3/com.android.launcher3.Launcher} at 0 of 1
08-10 00:58:14.789   709   814 D WifiService: New client listening to asynchronous messages
08-10 00:58:14.902   709   970 I ActivityManager: Start proc 1352:com.android.music/u0a38 for broadcast com.android.music/.MediaButtonIntentReceiver
08-10 00:58:15.237   709   814 D WifiService: New client listening to asynchronous messages
08-10 00:58:15.475   709   814 D WifiService: New client listening to asynchronous messages
08-10 00:58:15.534   709   970 D ConnectivityService: listenForNetwork for NetworkRequest [ id=2, legacyType=-1, [] ]
08-10 00:58:15.846   709   774 W KeyguardServiceDelegate: onScreenTurnedOn(): no keyguard service!
08-10 00:58:15.903  1151  1151 D MccTable: updateMccMncConfiguration mccmnc='46001' fromServiceState=false
08-10 00:58:15.907  1151  1151 D MccTable: updateMccMncConfiguration defaultMccMnc=
08-10 00:58:15.907  1151  1151 D MccTable: updateMccMncConfiguration: mcc=460, mnc=1
08-10 00:58:15.908  1151  1151 D MccTable: defaultLanguageForMcc(460): country cn uses zh
08-10 00:58:15.909  1151  1151 D MccTable: getLocaleFromMcc to zh_cn mcc=460
08-10 00:58:15.910  1151  1151 D MccTable: getLocaleForLanguageCountry: not permitted to update locale
08-10 00:58:15.910  1151  1151 D MccTable: updateMccMncConfiguration updateConfig config={1.0 460mcc1mnc ?locale ?layoutDir ?swdp ?wdp ?hdp ?density ?lsize ?long ?orien ?uimode ?night ?touch ?keyb/?/? ?nav/?}
08-10 00:58:15.912   709  1249 I ActivityManager: Config changes=3 {1.0 460mcc1mnc en_US ?layoutDir sw360dp w360dp h567dp 480dpi nrml port finger -keyb/v/h -nav/h s.5}
08-10 00:58:16.180   709   803 V WindowManager: Based on layer: Adding window Window{2909501d u0 com.android.launcher3/com.android.launcher3.Launcher} at 0 of 5
08-10 00:58:16.191  1151  1151 D MccTable: getLocaleForLanguageCountry: not permitted to update locale
08-10 00:58:16.191  1151  1151 D MccTable: setSystemLocale: no locale
08-10 00:58:16.633  1151  1151 D MccTable: updateMccMncConfiguration mccmnc='46001' fromServiceState=false
08-10 00:58:16.634  1151  1151 D MccTable: updateMccMncConfiguration defaultMccMnc=46001
08-10 00:58:16.634  1151  1151 D MccTable: updateMccMncConfiguration: mcc=460, mnc=1
08-10 00:58:16.635  1151  1151 D MccTable: defaultLanguageForMcc(460): country cn uses zh
08-10 00:58:16.636  1151  1151 D MccTable: getLocaleFromMcc to zh_cn mcc=460
08-10 00:58:16.636  1151  1151 D MccTable: getLocaleForLanguageCountry: not permitted to update locale
08-10 00:58:16.636  1151  1151 D MccTable: updateMccMncConfiguration updateConfig config={1.0 460mcc1mnc ?locale ?layoutDir ?swdp ?wdp ?hdp ?density ?lsize ?long ?orien ?uimode ?night ?touch ?keyb/?/? ?nav/?}
08-10 00:58:16.845   709   777 W WindowManager: Keyguard drawn timeout. Setting mKeyguardDrawComplete
08-10 00:58:16.866  1151  1151 D MccTable: updateMccMncConfiguration mccmnc='46001' fromServiceState=false
08-10 00:58:16.868  1151  1151 D MccTable: updateMccMncConfiguration defaultMccMnc=46001
08-10 00:58:16.868  1151  1151 D MccTable: updateMccMncConfiguration: mcc=460, mnc=1
08-10 00:58:16.869  1151  1151 D MccTable: defaultLanguageForMcc(460): country cn uses zh
08-10 00:58:16.869  1151  1151 D MccTable: getLocaleFromMcc to zh_cn mcc=460
08-10 00:58:16.869  1151  1151 D MccTable: getLocaleForLanguageCountry: not permitted to update locale
08-10 00:58:16.870  1151  1151 D MccTable: updateMccMncConfiguration updateConfig config={1.0 460mcc1mnc ?locale ?layoutDir ?swdp ?wdp ?hdp ?density ?lsize ?long ?orien ?uimode ?night ?touch ?keyb/?/? ?nav/?}
08-10 00:58:17.053   709   814 D WifiService: New client listening to asynchronous messages
08-10 00:58:18.168   180   230 D VoldCmdListener: cryptfs getpw
08-10 00:58:18.174   180   230 D VoldCmdListener: cryptfs clearpw
08-10 00:58:18.199   709   779 W WindowManager: Window freeze timeout expired.
08-10 00:58:18.199   709   779 W WindowManager: Force clearing orientation change: Window{2ab63493 u0 NavigationBar}
08-10 00:58:18.199   709   779 W WindowManager: Force clearing orientation change: Window{34356eb8 u0 StatusBar}
08-10 00:58:19.176   709   779 I SystemServiceManager: Starting phase 1000
08-10 00:58:19.420   709  1486 I ActivityManager: Start proc 1521:com.android.keychain/1000 for service com.android.keychain/.KeyChainService
08-10 00:58:19.421   709   709 V ActivityManager: Display changed displayId=0
08-10 00:58:20.543   709  1549 I BootReceiver: Copying /proc/last_kmsg to DropBox (SYSTEM_LAST_KMSG)
08-10 00:58:20.596   709  1549 I BootReceiver: Copying audit failures to DropBox
08-10 00:58:20.626   709  1549 I BootReceiver: Copied 348 worth of audits to DropBox
08-10 00:58:20.632   709  1549 I BootReceiver: Checking for fsck errors
08-10 00:58:20.660   709  1249 I ActivityManager: Start proc 1553:com.android.dialer/u0a4 for broadcast com.android.dialer/.calllog.CallLogReceiver
08-10 00:58:20.899   709   709 I ActivityManager: Start proc 1580:com.android.providers.calendar/u0a1 for broadcast com.android.providers.calendar/.CalendarReceiver
08-10 00:58:20.923   709   779 W WindowManager: App freeze timeout expired.
08-10 00:58:20.975  1580  1580 W ResourcesManager: Asset path '/system/framework/android.test.runner.jar' does not exist or contains no resources.
08-10 00:58:21.171   709   971 I ActivityManager: Start proc 1610:com.android.managedprovisioning/u0a7 for broadcast com.android.managedprovisioning/.BootReminder
08-10 00:58:21.630   709  1214 I ActivityManager: Start proc 1642:com.android.mms/u0a8 for broadcast com.android.mms/.transaction.MmsSystemEventReceiver
08-10 00:58:21.769   709  1213 D CountryDetector: The first listener is added
08-10 00:58:21.935   709   725 I ActivityManager: Start proc 1687:com.android.onetimeinitializer/u0a10 for broadcast com.android.onetimeinitializer/.OneTimeInitializerReceiver
08-10 00:58:22.176   709   971 I ActivityManager: Start proc 1711:com.android.voicedialer/u0a15 for broadcast com.android.voicedialer/.VoiceDialerReceiver
08-10 00:58:22.423   709   803 I ActivityManager: Start proc 1729:com.android.calendar/u0a21 for broadcast com.android.calendar/.alerts.AlertReceiver
08-10 00:58:22.664   709   725 I ActivityManager: Start proc 1755:com.android.deskclock/u0a25 for broadcast com.android.deskclock/.AlarmInitReceiver
08-10 00:58:23.000   709  1214 I ActivityManager: Start proc 1781:com.android.email/u0a28 for broadcast com.android.email/.service.EmailBroadcastReceiver
08-10 00:58:23.069   709   774 W ProcessCpuTracker: Skipping unknown process pid 1789
08-10 00:58:23.314   709  1248 I ActivityManager: Start proc 1803:com.android.exchange/u0a29 for service com.android.exchange/.service.EasService
08-10 00:58:23.471   709  1214 I ActivityManager: Start proc 1839:com.zhihu.android/u0a54 for broadcast com.zhihu.android/com.avos.avoscloud.AVBroadcastReceiver
08-10 00:58:23.472   709  1127 W ActivityManager: Unable to start service Intent { cmp=com.android.email/.service.AttachmentService } U=0: not found
08-10 00:58:23.507  1781  1781 E ActivityThread: Service com.android.email.service.EmailBroadcastProcessorService has leaked ServiceConnection com.android.emailcommon.service.ServiceProxy$ProxyConnection@b21863f that was originally bound here
08-10 00:58:23.507  1781  1781 E ActivityThread: android.app.ServiceConnectionLeaked: Service com.android.email.service.EmailBroadcastProcessorService has leaked ServiceConnection com.android.emailcommon.service.ServiceProxy$ProxyConnection@b21863f that was originally bound here
08-10 00:58:23.507  1781  1781 E ActivityThread: 	at android.app.LoadedApk$ServiceDispatcher.<init>(LoadedApk.java:1077)
08-10 00:58:23.507  1781  1781 E ActivityThread: 	at android.app.LoadedApk.getServiceDispatcher(LoadedApk.java:971)
08-10 00:58:23.507  1781  1781 E ActivityThread: 	at android.app.ContextImpl.bindServiceCommon(ContextImpl.java:1774)
08-10 00:58:23.507  1781  1781 E ActivityThread: 	at android.app.ContextImpl.bindService(ContextImpl.java:1757)
08-10 00:58:23.507  1781  1781 E ActivityThread: 	at android.content.ContextWrapper.bindService(ContextWrapper.java:539)
08-10 00:58:23.507  1781  1781 E ActivityThread: 	at com.android.emailcommon.service.ServiceProxy.setTask(ServiceProxy.java:181)
08-10 00:58:23.507  1781  1781 E ActivityThread: 	at com.android.emailcommon.service.ServiceProxy.test(ServiceProxy.java:224)
08-10 00:58:23.507  1781  1781 E ActivityThread: 	at com.android.email.service.EmailServiceUtils.isServiceAvailable(EmailServiceUtils.java:160)
08-10 00:58:23.507  1781  1781 E ActivityThread: 	at com.android.email.provider.AccountReconciler.reconcileAccountsInternal(AccountReconciler.java:171)
08-10 00:58:23.507  1781  1781 E ActivityThread: 	at com.android.email.provider.AccountReconciler.reconcileAccounts(AccountReconciler.java:115)
08-10 00:58:23.507  1781  1781 E ActivityThread: 	at com.android.email.service.EmailBroadcastProcessorService.reconcileAndStartServices(EmailBroadcastProcessorService.java:305)
08-10 00:58:23.507  1781  1781 E ActivityThread: 	at com.android.email.service.EmailBroadcastProcessorService.onBootCompleted(EmailBroadcastProcessorService.java:295)
08-10 00:58:23.507  1781  1781 E ActivityThread: 	at com.android.email.service.EmailBroadcastProcessorService.onHandleIntent(EmailBroadcastProcessorService.java:130)
08-10 00:58:23.507  1781  1781 E ActivityThread: 	at android.app.IntentService$ServiceHandler.handleMessage(IntentService.java:65)
08-10 00:58:23.507  1781  1781 E ActivityThread: 	at android.os.Handler.dispatchMessage(Handler.java:102)
08-10 00:58:23.507  1781  1781 E ActivityThread: 	at android.os.Looper.loop(Looper.java:135)
08-10 00:58:23.507  1781  1781 E ActivityThread: 	at android.os.HandlerThread.run(HandlerThread.java:61)
08-10 00:58:26.117   709   813 D ConnectivityService: registerNetworkAgent NetworkAgentInfo{ ni{[type: WIFI[], state: CONNECTING/CONNECTING, reason: (unspecified), extra: "BUAA-WiFi", roaming: false, failover: false, isAvailable: true, isConnectedToProvisioningNetwork: false]}  network{null}  lp{{LinkAddresses: []  Routes: [] DnsAddresses: [] Domains: null MTU: 0 TcpBufferSizes: 524288,1048576,2097152,262144,524288,1048576}}  nc{[ Transports: WIFI Capabilities: INTERNET&NOT_RESTRICTED&TRUSTED&NOT_VPN LinkUpBandwidth>=1048576Kbps LinkDnBandwidth>=1048576Kbps]}  Score{20}  everValidated{false}  lastValidated{false}  created{false}  explicitlySelected{false} }
08-10 00:58:26.118   709   815 D ConnectivityService: NetworkAgentInfo [WIFI () - 100] EVENT_NETWORK_INFO_CHANGED, going from null to CONNECTING
08-10 00:58:26.207   709   815 D ConnectivityService: updateNetworkScore for NetworkAgentInfo [WIFI () - 100] to 60
08-10 00:58:27.111   709   815 D ConnectivityService: NetworkAgentInfo [WIFI () - 100] EVENT_NETWORK_INFO_CHANGED, going from CONNECTING to CONNECTED
08-10 00:58:27.117   709   815 D ConnectivityService: Adding iface wlan0 to network 100
08-10 00:58:27.159   709   815 E ConnectivityService: Unexpected mtu value: 0, wlan0
08-10 00:58:27.160   709   815 D ConnectivityService: Adding Route [fe80::/64 -> :: wlan0] to network 100
08-10 00:58:27.166   709   815 D ConnectivityService: Adding Route [10.137.0.0/16 -> 0.0.0.0 wlan0] to network 100
08-10 00:58:27.173   709   815 D ConnectivityService: Adding Route [0.0.0.0/0 -> 10.137.0.1 wlan0] to network 100
08-10 00:58:27.188   709   815 D ConnectivityService: Setting Dns servers for network 100 to [/202.112.128.51, /202.112.128.50]
08-10 00:58:27.207   709   815 D ConnectivityService: notifyType IP_CHANGED for NetworkAgentInfo [WIFI () - 100]
08-10 00:58:27.221   709   815 D ConnectivityService: notifyType PRECHECK for NetworkAgentInfo [WIFI () - 100]
08-10 00:58:27.222   709   815 D ConnectivityService: rematching NetworkAgentInfo [WIFI () - 100]
08-10 00:58:27.222   709   815 D ConnectivityService:    accepting network in place of null
08-10 00:58:27.227   709   815 D ConnectivityService: Switching to new default network: NetworkAgentInfo{ ni{[type: WIFI[], state: CONNECTED/CONNECTED, reason: (unspecified), extra: "BUAA-WiFi", roaming: false, failover: false, isAvailable: true, isConnectedToProvisioningNetwork: false]}  network{100}  lp{{InterfaceName: wlan0 LinkAddresses: [fe80::faa9:d0ff:fe55:5067/64,10.137.160.128/16,]  Routes: [fe80::/64 -> :: wlan0,10.137.0.0/16 -> 0.0.0.0 wlan0,0.0.0.0/0 -> 10.137.0.1 wlan0,] DnsAddresses: [202.112.128.51,202.112.128.50,] Domains:  MTU: 0 TcpBufferSizes: 524288,1048576,2097152,262144,524288,1048576}}  nc{[ Transports: WIFI Capabilities: INTERNET&NOT_RESTRICTED&TRUSTED&NOT_VPN LinkUpBandwidth>=1048576Kbps LinkDnBandwidth>=1048576Kbps]}  Score{20}  everValidated{false}  lastValidated{false}  created{true}  explicitlySelected{false} }
08-10 00:58:27.235   709   815 D ConnectivityService: Setting tx/rx TCP buffers to 524288,1048576,2097152,262144,524288,1048576
08-10 00:58:27.242   709   815 D ConnectivityService: notifyType AVAILABLE for NetworkAgentInfo [WIFI () - 100]
08-10 00:58:27.249   709   815 D CSLegacyTypeTracker: Sending connected broadcast for type 1 NetworkAgentInfo [WIFI () - 100] isDefaultNetwork=true
08-10 00:58:27.249   709   815 D ConnectivityService: sendStickyBroadcast: action=android.net.conn.CONNECTIVITY_CHANGE_IMMEDIATE
08-10 00:58:27.252   709   815 D ConnectivityService: sendStickyBroadcast: action=android.net.conn.CONNECTIVITY_CHANGE
08-10 00:58:29.006   709   815 D ConnectivityService: Adding Route [2001:da8:203:2224::/64 -> :: wlan0] to network 100
08-10 00:58:29.016   709   815 D ConnectivityService: Adding Route [::/0 -> fe80::620b:3ff:fe2c:3002 wlan0] to network 100
08-10 00:58:29.057   709   815 D ConnectivityService: notifyType IP_CHANGED for NetworkAgentInfo [WIFI () - 100]
08-10 00:58:29.353   709   774 W BroadcastQueue: Permission Denial: broadcasting Intent { act=android.intent.action.USER_PRESENT flg=0x24000010 } from com.android.systemui (pid=853, uid=10013) is not exported from uid 10054 due to receiver com.zhihu.android/com.avos.avoscloud.AVBroadcastReceiver
08-10 00:58:30.110   709   774 I ActivityManager: Waited long enough for: ServiceRecord{32455d44 u0 com.android.music/.MediaPlaybackService}
08-10 00:58:37.671   709   774 I ActivityManager: Waited long enough for: ServiceRecord{3bc51576 u0 com.android.calendar/.alerts.InitAlarmsService}
08-10 00:58:38.396   709   815 D ConnectivityService: updateNetworkScore for NetworkAgentInfo [WIFI () - 100] to 56
08-10 00:58:38.397   709   815 D ConnectivityService: rematching NetworkAgentInfo [WIFI () - 100]
08-10 00:58:38.397   709   815 D ConnectivityService: Network NetworkAgentInfo [WIFI () - 100] was already satisfying request 1. No change.
08-10 00:58:38.397   709   815 D ConnectivityService: notifyType AVAILABLE for NetworkAgentInfo [WIFI () - 100]
08-10 00:58:41.482   709   774 I ActivityManager: Waited long enough for: ServiceRecord{36173955 u0 com.zhihu.android/com.avos.avoscloud.PushService}
08-10 00:58:42.927   709  1213 I BatteryStatsImpl: Resetting battery stats: level=100 status=3 dischargeLevel=100 lowAmount=0 highAmount=0
08-10 00:58:44.219   709   709 I EntropyMixer: Writing entropy...
08-10 00:58:44.454   709   709 I ValidateNoPeople: skipping global notification
08-10 00:58:44.488   709   709 I ValidateNoPeople: skipping global notification
04-14 10:13:51.922   709   815 D ConnectivityService: setProvNotificationVisibleIntent: E visible=false networkType=0 extraInfo=null
04-14 10:13:51.928   709   815 D ConnectivityService: Validated NetworkAgentInfo [WIFI () - 100]
04-14 10:13:51.930   709   815 D ConnectivityService: rematching NetworkAgentInfo [WIFI () - 100]
04-14 10:13:51.932   709   815 D ConnectivityService: Network NetworkAgentInfo [WIFI () - 100] was already satisfying request 1. No change.
04-14 10:13:51.934   709   815 D ConnectivityService: notifyType AVAILABLE for NetworkAgentInfo [WIFI () - 100]
04-14 10:13:51.982   709   815 D ConnectivityService: sendStickyBroadcast: action=android.net.conn.INET_CONDITION_ACTION
04-14 10:14:04.884   709   815 D ConnectivityService: updateNetworkScore for NetworkAgentInfo [WIFI () - 100] to 60
04-14 10:14:04.884   709   815 D ConnectivityService: rematching NetworkAgentInfo [WIFI () - 100]
04-14 10:14:04.884   709   815 D ConnectivityService: Network NetworkAgentInfo [WIFI () - 100] was already satisfying request 1. No change.
04-14 10:14:04.885   709   815 D ConnectivityService: notifyType AVAILABLE for NetworkAgentInfo [WIFI () - 100]
04-14 10:14:07.968   709   815 D ConnectivityService: updateNetworkScore for NetworkAgentInfo [WIFI () - 100] to 56
04-14 10:14:07.968   709   815 D ConnectivityService: rematching NetworkAgentInfo [WIFI () - 100]
04-14 10:14:07.969   709   815 D ConnectivityService: Network NetworkAgentInfo [WIFI () - 100] was already satisfying request 1. No change.
04-14 10:14:07.969   709   815 D ConnectivityService: notifyType AVAILABLE for NetworkAgentInfo [WIFI () - 100]
04-14 10:14:10.022   709   781 I PowerManagerService: Going to sleep due to screen timeout (uid 1000)...
04-14 10:14:10.078   709   781 I PowerManagerService: Sleeping (uid 1000)...
04-14 10:14:10.613   709   779 I DisplayManagerService: Display device changed: DisplayDeviceInfo{"Built-in Screen": uniqueId="local:0", 1080 x 1920, 60.0 fps, supportedRefreshRates [60.0], density 480, 442.451 x 443.345 dpi, appVsyncOff 7500000, presDeadline 12666667, touch INTERNAL, rotation 0, type BUILT_IN, state OFF, FLAG_DEFAULT_DISPLAY, FLAG_ROTATES_WITH_CONTENT, FLAG_SECURE, FLAG_SUPPORTS_PROTECTED_BUFFERS}
04-14 10:14:10.614   709   709 V ActivityManager: Display changed displayId=0
04-14 10:14:10.899   709   773 I UsageStatsService: User[0] Flushing usage stats to disk
04-14 10:14:10.973   709   773 I UsageStatsDatabase: Moving file /data/system/usagestats/0/daily/50544000000 to /data/system/usagestats/0/daily/1492074895804
04-14 10:14:10.974   709   773 I UsageStatsDatabase: Moving file /data/system/usagestats/0/weekly/50198400000 to /data/system/usagestats/0/weekly/1491729295804
04-14 10:14:11.013   709   773 I UsageStatsDatabase: Moving file /data/system/usagestats/0/monthly/49248000000 to /data/system/usagestats/0/monthly/1490778895804
04-14 10:14:11.014   709   773 I UsageStatsDatabase: Moving file /data/system/usagestats/0/yearly/31536000000 to /data/system/usagestats/0/yearly/1473066895804
04-14 10:14:11.027   709   773 I UsageStatsService: User[0] Rollover scheduled @ 2017-04-15 08:00:00(1492214400000)
04-14 10:14:11.230   709   774 I ActivityManager: Start proc 2273:com.android.musicfx/u0a9 for broadcast com.android.musicfx/.ControlPanelReceiver
04-14 10:14:55.300   709   796 I PowerManagerService: Waking up from sleep (uid 1000)...
04-14 10:14:55.307   709   781 I DisplayPowerController: Blocking screen on until initial contents have been drawn.
04-14 10:14:55.569   709   781 I DisplayPowerController: Unblocked screen on after 262 ms
04-14 10:14:55.574   709   779 I DisplayManagerService: Display device changed: DisplayDeviceInfo{"Built-in Screen": uniqueId="local:0", 1080 x 1920, 60.0 fps, supportedRefreshRates [60.0], density 480, 442.451 x 443.345 dpi, appVsyncOff 7500000, presDeadline 12666667, touch INTERNAL, rotation 0, type BUILT_IN, state ON, FLAG_DEFAULT_DISPLAY, FLAG_ROTATES_WITH_CONTENT, FLAG_SECURE, FLAG_SUPPORTS_PROTECTED_BUFFERS}
04-14 10:14:55.575   709   709 V ActivityManager: Display changed displayId=0
04-14 10:14:56.428   709   774 W BroadcastQueue: Permission Denial: broadcasting Intent { act=android.intent.action.USER_PRESENT flg=0x24000010 } from com.android.systemui (pid=853, uid=10013) is not exported from uid 10054 due to receiver com.zhihu.android/com.avos.avoscloud.AVBroadcastReceiver
04-14 10:14:56.454   709   726 W InputMethodManagerService: Window already focused, ignoring focus gain of: com.android.internal.view.IInputMethodClient$Stub$Proxy@2a2281b8 attribute=android.view.inputmethod.EditorInfo@877b91, token = android.os.BinderProxy@14a3e0f4
04-14 10:15:04.374   709   774 W BroadcastQueue: Skipping deliver [background] BroadcastRecord{1b5a0164 u-1 android.net.conn.CONNECTIVITY_CHANGE} to ReceiverList{9173fcd 2390 (unknown name)/0/u-1 remote:247bfaf6}: process crashing
04-14 10:15:04.455   709  1249 I ActivityManager: START u0 {act=android.intent.action.MAIN cat=[android.intent.category.LAUNCHER] flg=0x10200000 cmp=com.zhihu.android/.app.ui.activity.MainActivity} from uid 0 on display 0
04-14 10:15:04.505   709  1249 V WindowManager: addAppToken: AppWindowToken{e67cfd0 token=Token{4809393 ActivityRecord{19e4d082 u0 com.zhihu.android/.app.ui.activity.MainActivity t2}}} to stack=1 task=2 at 0
04-14 10:15:04.537   709   779 V WindowManager: Adding window Window{2524e20b u0 Starting com.zhihu.android} at 2 of 7 (after Window{2909501d u0 com.android.launcher3/com.android.launcher3.Launcher})
04-14 10:15:05.531   709   725 W InputManager: Input event injection from pid 2390 failed.
04-14 10:15:05.535   709   970 W InputManager: Input event injection from pid 2390 failed.
04-14 10:15:05.591   709  1213 V WindowManager: Adding window Window{14616ff5 u0 com.zhihu.android/com.zhihu.android.app.ui.activity.MainActivity} at 2 of 8 (before Window{2524e20b u0 Starting com.zhihu.android})
04-14 10:15:07.696   709   815 D ConnectivityService: updateNetworkScore for NetworkAgentInfo [WIFI () - 100] to 60
04-14 10:15:07.696   709   815 D ConnectivityService: rematching NetworkAgentInfo [WIFI () - 100]
04-14 10:15:07.696   709   815 D ConnectivityService: Network NetworkAgentInfo [WIFI () - 100] was already satisfying request 1. No change.
04-14 10:15:07.697   709   815 D ConnectivityService: notifyType AVAILABLE for NetworkAgentInfo [WIFI () - 100]
04-14 10:15:09.612   709   725 W ActivityManager: Unable to start service Intent { act=com.google.android.gms.analytics.service.START cmp=com.google.android.gms/.analytics.service.AnalyticsService (has extras) } U=0: not found
04-14 10:15:10.756   709   815 D ConnectivityService: updateNetworkScore for NetworkAgentInfo [WIFI () - 100] to 56
04-14 10:15:10.756   709   815 D ConnectivityService: rematching NetworkAgentInfo [WIFI () - 100]
04-14 10:15:10.756   709   815 D ConnectivityService: Network NetworkAgentInfo [WIFI () - 100] was already satisfying request 1. No change.
04-14 10:15:10.757   709   815 D ConnectivityService: notifyType AVAILABLE for NetworkAgentInfo [WIFI () - 100]
04-14 10:15:14.653   709  1249 W ActivityManager: Unable to start service Intent { act=com.google.android.gms.analytics.service.START cmp=com.google.android.gms/.analytics.service.AnalyticsService (has extras) } U=0: not found
04-14 10:15:20.275   709  1249 W InputMethodManagerService: Window already focused, ignoring focus gain of: com.android.internal.view.IInputMethodClient$Stub$Proxy@185f9d8e attribute=null, token = android.os.BinderProxy@26bbb92c
04-14 10:15:33.023   709   725 V WindowManager: not Base app: Adding window Window{110680c1 u0 com.zhihu.android/com.zhihu.android.app.ui.activity.MainActivity} at 3 of 10
04-14 10:15:34.189   709  1213 W InputMethodManagerService: Window already focused, ignoring focus gain of: com.android.internal.view.IInputMethodClient$Stub$Proxy@243967fd attribute=null, token = android.os.BinderProxy@26bbb92c
04-14 10:15:37.090   709  1249 V WindowManager: Adding window Window{fef43 u0 SubPanel:com.zhihu.android/com.zhihu.android.app.ui.activity.MainActivity} at 3 of 9 (after Window{14616ff5 u0 com.zhihu.android/com.zhihu.android.app.ui.activity.MainActivity})
04-14 10:15:38.126   709  1127 W InputMethodManagerService: Window already focused, ignoring focus gain of: com.android.internal.view.IInputMethodClient$Stub$Proxy@39b4863e attribute=android.view.inputmethod.EditorInfo@24b83c9f, token = android.os.BinderProxy@26bbb92c
04-14 10:15:54.554   709   725 I ActivityManager: START u0 {act=com.android.systemui.recents.SHOW_RECENTS flg=0x10804000 cmp=com.android.systemui/.recents.RecentsActivity} from uid 10013 on display 0
04-14 10:16:00.991   709   725 I ProcessStatsService: Added stats: 1971-08-09-23-25-22, over +1h13m2s63ms
04-14 10:16:01.827   709   725 I ProcessStatsService: Added stats: 1971-08-09-23-25-22, over +1h13m2s63ms
04-14 10:16:08.764   709  1249 I ProcessStatsService: Added stats: 1971-08-09-23-25-22, over +1h13m2s63ms
04-14 10:16:09.045   709  1249 I ProcessStatsService: Added stats: 1971-08-09-23-25-22, over +1h13m2s63ms
04-14 10:16:16.190   709   774 W ProcessCpuTracker: Skipping unknown process pid 5679
04-14 10:16:16.196   709   774 W ProcessCpuTracker: Skipping unknown process pid 5682
04-14 10:16:28.100   709   774 W ProcessCpuTracker: Skipping unknown process pid 5850
04-14 10:16:46.756   709   971 W ProcessCpuTracker: Skipping unknown process pid 6063
04-14 10:16:59.684   709   774 W ProcessCpuTracker: Skipping unknown process pid 6196
04-14 10:16:59.690   709   774 W ProcessCpuTracker: Skipping unknown process pid 6199
04-14 10:17:01.603   709   726 W InputMethodManagerService: Window already focused, ignoring focus gain of: com.android.internal.view.IInputMethodClient$Stub$Proxy@1dbce0dd attribute=null, token = android.os.BinderProxy@26bbb92c
04-14 10:17:06.034   709  1127 I ActivityManager: START u0 {act=android.intent.action.MAIN cat=[android.intent.category.LAUNCHER] flg=0x10200000 cmp=com.zhihu.android/.app.ui.activity.MainActivity} from uid 0 on display 0
04-14 10:17:18.168   709   970 I ActivityManager: START u0 {act=android.intent.action.MAIN cat=[android.intent.category.LAUNCHER] flg=0x10200000 cmp=com.zhihu.android/.app.ui.activity.MainActivity} from uid 0 on display 0
04-14 10:17:46.846   709   970 W BackupManagerService: dataChanged but no participant pkg='com.android.providers.settings' uid=10013
04-14 10:17:46.848   709   709 D ZenLog  : set_zen_mode: no_interruptions,setting
04-14 10:17:46.848   709   709 D ZenLog  : update_zen_mode: off -> no_interruptions
04-14 10:17:46.864   709   709 D ZenLog  : set_ringer_mode_internal: ZenModeHelper,i:normal->silent,e:normal->silent
04-14 10:17:47.010   709  1213 D ConditionProviders: Subscribing to condition://android/countdown/1492139866970 with android.service.notification.ConditionProviderService$Provider@122a6218
04-14 10:17:47.011   709  1213 D ZenLog  : subscribe: condition://android/countdown/1492139866970,ok
04-14 10:17:47.013   709  1213 D ZenLog  : exit_condition: Condition[id=condition://android/countdown/1492139866970,summary=For one hour (until 11:17 AM),line1=For one hour,line2=Until 11:17 AM,icon=0,state=STATE_TRUE,flags=1],{android/com.android.server.notification.CountdownConditionProvider},binderCall
04-14 10:17:47.048   709  1213 D ZenLog  : config: ZenModeConfig[allowCalls=false,allowMessages=false,allowFrom=anyone,allowEvents=true,sleepMode=null,sleepStart=22.0,sleepEnd=7.0,sleepNone=false,conditionComponents=null,conditionIds=null,exitCondition=Condition[id=condition://android/countdown/1492139866970,summary=For one hour (until 11:17 AM),line1=For one hour,line2=Until 11:17 AM,icon=0,state=STATE_TRUE,flags=1],exitConditionComponent=ComponentInfo{android/com.android.server.notification.CountdownConditionProvider}]
04-14 10:17:47.048   709   709 D NotificationService: handleSavePolicyFile
04-14 10:17:50.801   709   726 I ActivityManager: START u0 {act=android.intent.action.MAIN cat=[android.intent.category.LAUNCHER] flg=0x10200000 cmp=com.zhihu.android/.app.ui.activity.MainActivity} from uid 0 on display 0
04-14 10:17:51.844   709   774 W ProcessCpuTracker: Skipping unknown process pid 6659
04-14 10:17:51.849   709   774 W ProcessCpuTracker: Skipping unknown process pid 6662
04-14 10:18:16.354   709   971 I ActivityManager: START u0 {act=android.intent.action.MAIN cat=[android.intent.category.LAUNCHER] flg=0x10200000 cmp=com.zhihu.android/.app.ui.activity.MainActivity} from uid 0 on display 0
04-14 10:18:28.599   709   795 I ActivityManager: START u0 {act=android.intent.action.SHOW_BRIGHTNESS_DIALOG cmp=com.android.systemui/.settings.BrightnessDialog} from uid 1000 on display 0
04-14 10:18:36.820   709   803 W ProcessCpuTracker: Skipping unknown process pid 6963
04-14 10:18:36.821   709   803 W ProcessCpuTracker: Skipping unknown process pid 6965
04-14 10:19:20.176   709   726 V WindowManager: not Base app: Adding window Window{3824756f u0 com.zhihu.android/com.zhihu.android.app.ui.activity.MainActivity} at 3 of 9
04-14 10:19:22.200   709   803 W InputMethodManagerService: Window already focused, ignoring focus gain of: com.android.internal.view.IInputMethodClient$Stub$Proxy@19acf98b attribute=null, token = android.os.BinderProxy@26bbb92c
04-14 10:19:27.374   709  1249 V WindowManager: not Base app: Adding window Window{29e20e81 u0 com.zhihu.android/com.zhihu.android.app.ui.activity.MainActivity} at 3 of 9
04-14 10:19:28.224  1839  1839 W ViewRootImpl: Dropping event due to root view being removed: MotionEvent { action=ACTION_UP, id[0]=0, x[0]=815.91077, y[0]=-109.04303, toolType[0]=TOOL_TYPE_UNKNOWN, buttonState=0, metaState=0, flags=0x0, edgeFlags=0x0, pointerCount=1, historySize=0, eventTime=400784, downTime=400779, deviceId=0, source=0x1002 }
04-14 10:19:28.262   709  1249 W InputMethodManagerService: Window already focused, ignoring focus gain of: com.android.internal.view.IInputMethodClient$Stub$Proxy@2e71ab26 attribute=android.view.inputmethod.EditorInfo@2defa367, token = android.os.BinderProxy@26bbb92c
04-14 10:19:46.886   709  1127 W ProcessCpuTracker: Skipping unknown process pid 7622
04-14 10:19:46.887   709  1127 W ProcessCpuTracker: Skipping unknown process pid 7624
04-14 10:19:52.080   709   803 I ActivityManager: START u0 {act=android.intent.action.MAIN cat=[android.intent.category.LAUNCHER] flg=0x10200000 cmp=com.zhihu.android/.app.ui.activity.MainActivity} from uid 0 on display 0
04-14 10:19:53.097   709  1213 I ActivityManager: START u0 {act=android.intent.action.MAIN cat=[android.intent.category.LAUNCHER] flg=0x10200000 cmp=com.zhihu.android/.app.ui.activity.MainActivity} from uid 0 on display 0
04-14 10:20:04.256   709  1127 I ActivityManager: START u0 {act=android.intent.action.MAIN cat=[android.intent.category.LAUNCHER] flg=0x10200000 cmp=com.zhihu.android/.app.ui.activity.MainActivity} from uid 0 on display 0
04-14 10:20:19.798   709   971 I ActivityManager: START u0 {act=android.intent.action.MAIN cat=[android.intent.category.LAUNCHER] flg=0x10200000 cmp=com.zhihu.android/.app.ui.activity.MainActivity} from uid 0 on display 0
04-14 10:20:21.856   709   726 I ActivityManager: START u0 {act=android.intent.action.MAIN cat=[android.intent.category.LAUNCHER] flg=0x10200000 cmp=com.zhihu.android/.app.ui.activity.MainActivity} from uid 0 on display 0
04-14 10:20:56.941   709  1213 W ProcessCpuTracker: Skipping unknown process pid 8281
04-14 10:21:00.724   709   795 I ActivityManager: START u0 {act=android.intent.action.MAIN cat=[android.intent.category.LAUNCHER] flg=0x10000000 cmp=com.android.contacts/.activities.PeopleActivity sel=act=android.intent.action.MAIN cat=[android.intent.category.APP_CONTACTS]}} from uid 1000 on display 0
04-14 10:21:15.802   709  1248 W InputMethodManagerService: Window already focused, ignoring focus gain of: com.android.internal.view.IInputMethodClient$Stub$Proxy@44a99f1 attribute=null, token = android.os.BinderProxy@26bbb92c
04-14 10:21:26.958   709   971 W ProcessCpuTracker: Skipping unknown process pid 8502
04-14 10:21:26.960   709   971 W ProcessCpuTracker: Skipping unknown process pid 8504
04-14 10:21:35.665   709  1248 W BackupManagerService: dataChanged but no participant pkg='com.android.providers.settings' uid=10013
04-14 10:21:35.668   709   709 D ZenLog  : set_zen_mode: important_interruptions,setting
04-14 10:21:35.668   709   709 D ZenLog  : update_zen_mode: no_interruptions -> important_interruptions
04-14 10:21:35.695   709   709 D ZenLog  : set_ringer_mode_internal: ZenModeHelper,i:silent->normal,e:silent->silent
04-14 10:21:35.781   709   971 D ZenLog  : exit_condition: Condition[id=condition://android/countdown/1492139866970,summary=For 56 minutes (until 11:17 AM),line1=For 56 minutes,line2=Until 11:17 AM,icon=0,state=STATE_TRUE,flags=1],{android/com.android.server.notification.CountdownConditionProvider},binderCall
04-14 10:21:35.790   709   971 D ZenLog  : config: ZenModeConfig[allowCalls=false,allowMessages=false,allowFrom=anyone,allowEvents=true,sleepMode=null,sleepStart=22.0,sleepEnd=7.0,sleepNone=false,conditionComponents=null,conditionIds=null,exitCondition=Condition[id=condition://android/countdown/1492139866970,summary=For 56 minutes (until 11:17 AM),line1=For 56 minutes,line2=Until 11:17 AM,icon=0,state=STATE_TRUE,flags=1],exitConditionComponent=ComponentInfo{android/com.android.server.notification.CountdownConditionProvider}]
04-14 10:21:35.792   709   709 D NotificationService: handleSavePolicyFile
04-14 10:21:37.013   709  1249 W ProcessCpuTracker: Skipping unknown process pid 8609
04-14 10:21:37.024   709  1249 W ProcessCpuTracker: Skipping unknown process pid 8616
04-14 10:21:39.630   709  1249 D ZenLog  : set_ringer_mode_internal: AudioService.onSetStreamVolume,i:normal->vibrate,e:silent->silent
04-14 10:21:41.638   709   725 I ActivityManager: START u0 {act=android.intent.action.MAIN cat=[android.intent.category.LAUNCHER] flg=0x10200000 cmp=com.zhihu.android/.app.ui.activity.MainActivity} from uid 0 on display 0
04-14 10:21:42.662   709   795 I ActivityManager: START u0 {act=android.speech.action.WEB_SEARCH} from uid 1000 on display 0
04-14 10:21:56.081   709  1213 I ActivityManager: START u0 {act=android.intent.action.MAIN cat=[android.intent.category.LAUNCHER] flg=0x10200000 cmp=com.zhihu.android/.app.ui.activity.MainActivity} from uid 0 on display 0
04-14 10:22:27.002   709  1213 W ProcessCpuTracker: Skipping unknown process pid 8975
04-14 10:22:27.003   709  1213 W ProcessCpuTracker: Skipping unknown process pid 8977
04-14 10:22:31.541   709   725 W InputMethodManagerService: Window already focused, ignoring focus gain of: com.android.internal.view.IInputMethodClient$Stub$Proxy@24ce6edc attribute=null, token = android.os.BinderProxy@26bbb92c
04-14 10:22:32.551   709  1249 W InputMethodManagerService: Window already focused, ignoring focus gain of: com.android.internal.view.IInputMethodClient$Stub$Proxy@2bd46be5 attribute=null, token = android.os.BinderProxy@26bbb92c
04-14 10:22:37.077   709   803 W ProcessCpuTracker: Skipping unknown process pid 9085
04-14 10:22:39.243   709  1213 I ActivityManager: START u0 {act=android.intent.action.MAIN cat=[android.intent.category.LAUNCHER] flg=0x10200000 cmp=com.zhihu.android/.app.ui.activity.MainActivity} from uid 0 on display 0
04-14 10:23:17.056   709   970 W ProcessCpuTracker: Skipping unknown process pid 9332
04-14 10:23:17.065   709   970 W ProcessCpuTracker: Skipping unknown process pid 9342
04-14 10:23:28.379   709   970 I ActivityManager: START u0 {act=android.intent.action.MAIN cat=[android.intent.category.LAUNCHER] flg=0x10200000 cmp=com.zhihu.android/.app.ui.activity.MainActivity} from uid 0 on display 0
04-14 10:23:37.132   709   970 W ProcessCpuTracker: Skipping unknown process pid 9496
