04-14 09:18:33.479  5839  5839 W ViewRootImpl: Cancelling event due to no window focus: KeyEvent { action=ACTION_UP, keyCode=KEYCODE_BACK, scanCode=0, metaState=0, flags=0x80000068, repeatCount=0, eventTime=2314860, downTime=2314799, deviceId=-1, source=0x101 }
04-14 09:18:33.480  5839  5839 W ViewRootImpl: Cancelling event due to no window focus: KeyEvent { action=ACTION_UP, keyCode=KEYCODE_BACK, scanCode=0, metaState=0, flags=0x80000068, repeatCount=0, eventTime=2314860, downTime=2314799, deviceId=-1, source=0x101 }
04-14 09:18:35.002   716  1611 I ActivityManager: START u0 {act=com.android.systemui.recents.SHOW_RECENTS flg=0x10804000 cmp=com.android.systemui/.recents.RecentsActivity} from uid 10013 on display 0
04-14 09:18:35.199   716   984 W InputMethodManagerService: Starting input on non-focused client com.android.internal.view.IInputMethodClient$Stub$Proxy@2446841d (uid=1000 pid=5839)
04-14 09:18:36.302   716  1590 I ActivityManager: Killing 5839:com.android.settings/1000 (adj 9): remove task
04-14 09:18:36.316   716  1633 I WindowState: WIN DEATH: Window{10e6cc73 u0 com.android.settings/com.android.settings.Settings}
04-14 09:18:36.353   716  1591 I ActivityManager: START u0 {act=android.intent.action.MAIN cat=[android.intent.category.HOME] flg=0x10200000 cmp=com.android.launcher3/.Launcher} from uid 10013 on display 0
04-14 09:18:36.489   716  1023 D TaskPersister: removeObsoleteFile: deleting file=8_task.xml
04-14 09:18:36.489   716  1023 D TaskPersister: removeObsoleteFile: deleting file=8_task_thumbnail.png
04-14 09:18:39.884   716  1156 I ActivityManager: START u0 {act=android.intent.action.MAIN cat=[android.intent.category.LAUNCHER] flg=0x10200000 cmp=com.android.settings/.Settings bnds=[540,1167][804,1463] (has extras)} from uid 10035 on display 0
04-14 09:18:39.887   716  1156 V WindowManager: addAppToken: AppWindowToken{94c4519 token=Token{180ddc60 ActivityRecord{349bb863 u0 com.android.settings/.Settings t9}}} to stack=1 task=9 at 0
04-14 09:18:39.917   716   803 V WindowManager: Adding window Window{18bed778 u0 Starting com.android.settings} at 3 of 9 (after Window{22cd58fe u0 com.android.launcher3/com.android.launcher3.Launcher})
04-14 09:18:40.102   716  1681 I ActivityManager: Start proc 5951:com.android.settings/1000 for activity com.android.settings/.Settings
04-14 09:18:40.535   716   750 V WindowManager: Adding window Window{818a6cb u0 com.android.settings/com.android.settings.Settings} at 3 of 10 (before Window{18bed778 u0 Starting com.android.settings})
04-14 09:19:48.152   716   805 I PowerManagerService: Going to sleep due to screen timeout (uid 1000)...
04-14 09:19:48.153   716   805 I PowerManagerService: Sleeping (uid 1000)...
04-14 09:19:48.684   716   803 I DisplayManagerService: Display device changed: DisplayDeviceInfo{"Built-in Screen": uniqueId="local:0", 1080 x 1920, 60.0 fps, supportedRefreshRates [60.0], density 480, 442.451 x 443.345 dpi, appVsyncOff 7500000, presDeadline 12666667, touch INTERNAL, rotation 0, type BUILT_IN, state OFF, FLAG_DEFAULT_DISPLAY, FLAG_ROTATES_WITH_CONTENT, FLAG_SECURE, FLAG_SUPPORTS_PROTECTED_BUFFERS}
04-14 09:19:48.691   716   716 V ActivityManager: Display changed displayId=0
04-14 09:19:49.007   716   716 W ProcessCpuTracker: Skipping unknown process pid 6066
04-14 09:19:49.014   716   716 W ProcessCpuTracker: Skipping unknown process pid 6097
04-14 09:19:49.015   716   716 W ProcessCpuTracker: Skipping unknown process pid 6098
04-14 09:21:00.169   716   980 I PowerManagerService: Waking up from sleep (uid 1000)...
04-14 09:21:00.177   716   805 I DisplayPowerController: Blocking screen on until initial contents have been drawn.
04-14 09:21:00.438   716   805 I DisplayPowerController: Unblocked screen on after 262 ms
04-14 09:21:00.441   716   803 I DisplayManagerService: Display device changed: DisplayDeviceInfo{"Built-in Screen": uniqueId="local:0", 1080 x 1920, 60.0 fps, supportedRefreshRates [60.0], density 480, 442.451 x 443.345 dpi, appVsyncOff 7500000, presDeadline 12666667, touch INTERNAL, rotation 0, type BUILT_IN, state ON, FLAG_DEFAULT_DISPLAY, FLAG_ROTATES_WITH_CONTENT, FLAG_SECURE, FLAG_SUPPORTS_PROTECTED_BUFFERS}
04-14 09:21:00.442   716   716 V ActivityManager: Display changed displayId=0
04-14 09:21:01.173   716   798 W BroadcastQueue: Permission Denial: broadcasting Intent { act=android.intent.action.USER_PRESENT flg=0x24000010 } from com.android.systemui (pid=1198, uid=10013) is not exported from uid 10054 due to receiver com.zhihu.android/com.avos.avoscloud.AVBroadcastReceiver
04-14 09:21:01.206   716  1591 W InputMethodManagerService: Window already focused, ignoring focus gain of: com.android.internal.view.IInputMethodClient$Stub$Proxy@eaa3f0 attribute=android.view.inputmethod.EditorInfo@1d7b1d69, token = android.os.BinderProxy@2bbaecb9
04-14 09:21:58.775   716   805 I PowerManagerService: Going to sleep due to screen timeout (uid 1000)...
04-14 09:21:58.779   716   805 I PowerManagerService: Sleeping (uid 1000)...
04-14 09:21:59.374   716   803 I DisplayManagerService: Display device changed: DisplayDeviceInfo{"Built-in Screen": uniqueId="local:0", 1080 x 1920, 60.0 fps, supportedRefreshRates [60.0], density 480, 442.451 x 443.345 dpi, appVsyncOff 7500000, presDeadline 12666667, touch INTERNAL, rotation 0, type BUILT_IN, state OFF, FLAG_DEFAULT_DISPLAY, FLAG_ROTATES_WITH_CONTENT, FLAG_SECURE, FLAG_SUPPORTS_PROTECTED_BUFFERS}
04-14 09:21:59.386   716   716 V ActivityManager: Display changed displayId=0
04-14 09:23:19.838   716   980 I PowerManagerService: Waking up from sleep (uid 1000)...
04-14 09:23:19.843   716   805 I DisplayPowerController: Blocking screen on until initial contents have been drawn.
04-14 09:23:20.104   716   805 I DisplayPowerController: Unblocked screen on after 260 ms
04-14 09:23:20.117   716   803 I DisplayManagerService: Display device changed: DisplayDeviceInfo{"Built-in Screen": uniqueId="local:0", 1080 x 1920, 60.0 fps, supportedRefreshRates [60.0], density 480, 442.451 x 443.345 dpi, appVsyncOff 7500000, presDeadline 12666667, touch INTERNAL, rotation 0, type BUILT_IN, state ON, FLAG_DEFAULT_DISPLAY, FLAG_ROTATES_WITH_CONTENT, FLAG_SECURE, FLAG_SUPPORTS_PROTECTED_BUFFERS}
04-14 09:23:20.118   716   716 V ActivityManager: Display changed displayId=0
04-14 09:23:29.833   716   805 I PowerManagerService: Going to sleep due to screen timeout (uid 1000)...
04-14 09:23:29.851   716   805 I PowerManagerService: Sleeping (uid 1000)...
04-14 09:23:30.450   716   803 I DisplayManagerService: Display device changed: DisplayDeviceInfo{"Built-in Screen": uniqueId="local:0", 1080 x 1920, 60.0 fps, supportedRefreshRates [60.0], density 480, 442.451 x 443.345 dpi, appVsyncOff 7500000, presDeadline 12666667, touch INTERNAL, rotation 0, type BUILT_IN, state OFF, FLAG_DEFAULT_DISPLAY, FLAG_ROTATES_WITH_CONTENT, FLAG_SECURE, FLAG_SUPPORTS_PROTECTED_BUFFERS}
04-14 09:23:30.460   716   716 V ActivityManager: Display changed displayId=0
04-14 09:23:33.877   716   980 I PowerManagerService: Waking up from sleep (uid 1000)...
04-14 09:23:33.882   716   805 I DisplayPowerController: Blocking screen on until initial contents have been drawn.
04-14 09:23:34.143   716   805 I DisplayPowerController: Unblocked screen on after 261 ms
04-14 09:23:34.147   716   803 I DisplayManagerService: Display device changed: DisplayDeviceInfo{"Built-in Screen": uniqueId="local:0", 1080 x 1920, 60.0 fps, supportedRefreshRates [60.0], density 480, 442.451 x 443.345 dpi, appVsyncOff 7500000, presDeadline 12666667, touch INTERNAL, rotation 0, type BUILT_IN, state ON, FLAG_DEFAULT_DISPLAY, FLAG_ROTATES_WITH_CONTENT, FLAG_SECURE, FLAG_SUPPORTS_PROTECTED_BUFFERS}
04-14 09:23:34.148   716   716 V ActivityManager: Display changed displayId=0
04-14 09:23:36.818   716   798 W BroadcastQueue: Permission Denial: broadcasting Intent { act=android.intent.action.USER_PRESENT flg=0x24000010 } from com.android.systemui (pid=1198, uid=10013) is not exported from uid 10054 due to receiver com.zhihu.android/com.avos.avoscloud.AVBroadcastReceiver
04-14 09:23:36.865   716  1662 W InputMethodManagerService: Window already focused, ignoring focus gain of: com.android.internal.view.IInputMethodClient$Stub$Proxy@3531bcaa attribute=android.view.inputmethod.EditorInfo@2325509b, token = android.os.BinderProxy@2bbaecb9
04-14 09:24:07.843   716   805 I PowerManagerService: Going to sleep due to screen timeout (uid 1000)...
04-14 09:24:07.844   716   805 I PowerManagerService: Sleeping (uid 1000)...
04-14 09:24:08.346   716   803 I DisplayManagerService: Display device changed: DisplayDeviceInfo{"Built-in Screen": uniqueId="local:0", 1080 x 1920, 60.0 fps, supportedRefreshRates [60.0], density 480, 442.451 x 443.345 dpi, appVsyncOff 7500000, presDeadline 12666667, touch INTERNAL, rotation 0, type BUILT_IN, state OFF, FLAG_DEFAULT_DISPLAY, FLAG_ROTATES_WITH_CONTENT, FLAG_SECURE, FLAG_SUPPORTS_PROTECTED_BUFFERS}
04-14 09:24:08.347   716   716 V ActivityManager: Display changed displayId=0
04-14 09:25:02.082   716   797 I UsageStatsService: User[0] Flushing usage stats to disk
04-14 09:28:20.328   716   749 I BatteryStatsImpl: Resetting battery stats: level=100 status=3 dischargeLevel=100 lowAmount=0 highAmount=0
04-14 09:28:20.531   716   805 I PowerManagerService: Waking up from sleep (uid 1000)...
04-14 09:28:20.589   716   805 I DisplayPowerController: Blocking screen on until initial contents have been drawn.
04-14 09:28:20.852   716   805 I DisplayPowerController: Unblocked screen on after 262 ms
04-14 09:28:20.857   716   803 I DisplayManagerService: Display device changed: DisplayDeviceInfo{"Built-in Screen": uniqueId="local:0", 1080 x 1920, 60.0 fps, supportedRefreshRates [60.0], density 480, 442.451 x 443.345 dpi, appVsyncOff 7500000, presDeadline 12666667, touch INTERNAL, rotation 0, type BUILT_IN, state ON, FLAG_DEFAULT_DISPLAY, FLAG_ROTATES_WITH_CONTENT, FLAG_SECURE, FLAG_SUPPORTS_PROTECTED_BUFFERS}
04-14 09:28:20.858   716   716 V ActivityManager: Display changed displayId=0
04-14 09:28:30.533   716   805 I PowerManagerService: Going to sleep due to screen timeout (uid 1000)...
04-14 09:28:30.549   716   805 I PowerManagerService: Sleeping (uid 1000)...
04-14 09:28:31.168   716   803 I DisplayManagerService: Display device changed: DisplayDeviceInfo{"Built-in Screen": uniqueId="local:0", 1080 x 1920, 60.0 fps, supportedRefreshRates [60.0], density 480, 442.451 x 443.345 dpi, appVsyncOff 7500000, presDeadline 12666667, touch INTERNAL, rotation 0, type BUILT_IN, state OFF, FLAG_DEFAULT_DISPLAY, FLAG_ROTATES_WITH_CONTENT, FLAG_SECURE, FLAG_SUPPORTS_PROTECTED_BUFFERS}
04-14 09:28:31.169   716   716 V ActivityManager: Display changed displayId=0
04-14 09:38:29.756   716   805 I PowerManagerService: Waking up from sleep (uid 1000)...
04-14 09:38:29.757   716   805 I DisplayPowerController: Blocking screen on until initial contents have been drawn.
04-14 09:38:29.840   716   803 I DisplayManagerService: Display device changed: DisplayDeviceInfo{"Built-in Screen": uniqueId="local:0", 1080 x 1920, 60.0 fps, supportedRefreshRates [60.0], density 480, 442.451 x 443.345 dpi, appVsyncOff 7500000, presDeadline 12666667, touch INTERNAL, rotation 0, type BUILT_IN, state ON, FLAG_DEFAULT_DISPLAY, FLAG_ROTATES_WITH_CONTENT, FLAG_SECURE, FLAG_SUPPORTS_PROTECTED_BUFFERS}
04-14 09:38:29.994   716   716 I EntropyMixer: Writing entropy...
04-14 09:38:30.025   716   805 I DisplayPowerController: Unblocked screen on after 268 ms
04-14 09:38:30.060   716   716 V ActivityManager: Display changed displayId=0
04-14 09:38:30.065   716   716 I ValidateNoPeople: skipping global notification
04-14 09:38:30.086   716   716 I ValidateNoPeople: skipping global notification
04-14 09:38:39.757   716   805 I PowerManagerService: Going to sleep due to screen timeout (uid 1000)...
04-14 09:38:39.774   716   805 I PowerManagerService: Sleeping (uid 1000)...
04-14 09:38:40.309   716   803 I DisplayManagerService: Display device changed: DisplayDeviceInfo{"Built-in Screen": uniqueId="local:0", 1080 x 1920, 60.0 fps, supportedRefreshRates [60.0], density 480, 442.451 x 443.345 dpi, appVsyncOff 7500000, presDeadline 12666667, touch INTERNAL, rotation 0, type BUILT_IN, state OFF, FLAG_DEFAULT_DISPLAY, FLAG_ROTATES_WITH_CONTENT, FLAG_SECURE, FLAG_SUPPORTS_PROTECTED_BUFFERS}
04-14 09:38:40.312   716   716 V ActivityManager: Display changed displayId=0
04-14 09:41:08.128   716  1662 I ActivityManager: Killing 2117:com.android.calendar/u0a21 (adj 13): empty for 1813s
04-14 09:41:08.163   716  1662 I ActivityManager: Killing 3659:com.android.quicksearchbox/u0a48 (adj 13): empty for 1871s
04-14 09:41:08.180   716  1662 I ActivityManager: Killing 2240:com.android.mms/u0a8 (adj 13): empty for 1894s
04-14 09:41:08.186   716   750 D CountryDetector: No listener is left
04-14 09:44:06.763   716   980 I PowerManagerService: Waking up from sleep (uid 1000)...
04-14 09:44:06.769   716   805 I DisplayPowerController: Blocking screen on until initial contents have been drawn.
04-14 09:44:07.030   716   805 I DisplayPowerController: Unblocked screen on after 261 ms
04-14 09:44:07.041   716   803 I DisplayManagerService: Display device changed: DisplayDeviceInfo{"Built-in Screen": uniqueId="local:0", 1080 x 1920, 60.0 fps, supportedRefreshRates [60.0], density 480, 442.451 x 443.345 dpi, appVsyncOff 7500000, presDeadline 12666667, touch INTERNAL, rotation 0, type BUILT_IN, state ON, FLAG_DEFAULT_DISPLAY, FLAG_ROTATES_WITH_CONTENT, FLAG_SECURE, FLAG_SUPPORTS_PROTECTED_BUFFERS}
04-14 09:44:07.042   716   716 V ActivityManager: Display changed displayId=0
04-14 09:44:16.762   716   805 I PowerManagerService: Going to sleep due to screen timeout (uid 1000)...
04-14 09:44:16.768   716   805 I PowerManagerService: Sleeping (uid 1000)...
04-14 09:44:17.373   716   803 I DisplayManagerService: Display device changed: DisplayDeviceInfo{"Built-in Screen": uniqueId="local:0", 1080 x 1920, 60.0 fps, supportedRefreshRates [60.0], density 480, 442.451 x 443.345 dpi, appVsyncOff 7500000, presDeadline 12666667, touch INTERNAL, rotation 0, type BUILT_IN, state OFF, FLAG_DEFAULT_DISPLAY, FLAG_ROTATES_WITH_CONTENT, FLAG_SECURE, FLAG_SUPPORTS_PROTECTED_BUFFERS}
04-14 09:44:17.375   716   716 V ActivityManager: Display changed displayId=0
04-14 09:44:54.805   716   980 I PowerManagerService: Waking up from sleep (uid 1000)...
04-14 09:44:54.810   716   805 I DisplayPowerController: Blocking screen on until initial contents have been drawn.
04-14 09:44:55.072   716   805 I DisplayPowerController: Unblocked screen on after 262 ms
04-14 09:44:55.084   716   803 I DisplayManagerService: Display device changed: DisplayDeviceInfo{"Built-in Screen": uniqueId="local:0", 1080 x 1920, 60.0 fps, supportedRefreshRates [60.0], density 480, 442.451 x 443.345 dpi, appVsyncOff 7500000, presDeadline 12666667, touch INTERNAL, rotation 0, type BUILT_IN, state ON, FLAG_DEFAULT_DISPLAY, FLAG_ROTATES_WITH_CONTENT, FLAG_SECURE, FLAG_SUPPORTS_PROTECTED_BUFFERS}
04-14 09:44:55.084   716   716 V ActivityManager: Display changed displayId=0
04-14 09:44:56.056   716   798 W BroadcastQueue: Permission Denial: broadcasting Intent { act=android.intent.action.USER_PRESENT flg=0x24000010 } from com.android.systemui (pid=1198, uid=10013) is not exported from uid 10054 due to receiver com.zhihu.android/com.avos.avoscloud.AVBroadcastReceiver
04-14 09:44:56.101   716  1681 W InputMethodManagerService: Window already focused, ignoring focus gain of: com.android.internal.view.IInputMethodClient$Stub$Proxy@3863bf3 attribute=android.view.inputmethod.EditorInfo@375dc0b0, token = android.os.BinderProxy@2bbaecb9
04-14 09:45:25.763   716   805 I PowerManagerService: Going to sleep due to screen timeout (uid 1000)...
04-14 09:45:25.766   716   805 I PowerManagerService: Sleeping (uid 1000)...
04-14 09:45:25.887   716   798 I ProcessStatsService: Prepared write state in 12ms
04-14 09:45:26.299   716   803 I DisplayManagerService: Display device changed: DisplayDeviceInfo{"Built-in Screen": uniqueId="local:0", 1080 x 1920, 60.0 fps, supportedRefreshRates [60.0], density 480, 442.451 x 443.345 dpi, appVsyncOff 7500000, presDeadline 12666667, touch INTERNAL, rotation 0, type BUILT_IN, state OFF, FLAG_DEFAULT_DISPLAY, FLAG_ROTATES_WITH_CONTENT, FLAG_SECURE, FLAG_SUPPORTS_PROTECTED_BUFFERS}
04-14 09:45:26.300   716   716 V ActivityManager: Display changed displayId=0
04-14 09:45:26.819   716   980 I PowerManagerService: Waking up from sleep (uid 1000)...
04-14 09:45:26.821   716   805 I DisplayPowerController: Blocking screen on until initial contents have been drawn.
04-14 09:45:26.910   716   803 I DisplayManagerService: Display device changed: DisplayDeviceInfo{"Built-in Screen": uniqueId="local:0", 1080 x 1920, 60.0 fps, supportedRefreshRates [60.0], density 480, 442.451 x 443.345 dpi, appVsyncOff 7500000, presDeadline 12666667, touch INTERNAL, rotation 0, type BUILT_IN, state ON, FLAG_DEFAULT_DISPLAY, FLAG_ROTATES_WITH_CONTENT, FLAG_SECURE, FLAG_SUPPORTS_PROTECTED_BUFFERS}
04-14 09:45:26.984   716   716 V ActivityManager: Display changed displayId=0
04-14 09:45:26.985   716   716 V ActivityManager: Display changed displayId=0
04-14 09:45:26.993   716   805 I DisplayPowerController: Unblocked screen on after 172 ms
04-14 09:45:29.071   716   980 I PowerManagerService: Going to sleep due to power button (uid 1000)...
04-14 09:45:29.072   716   805 I PowerManagerService: Sleeping (uid 1000)...
04-14 09:45:29.546   716   803 I DisplayManagerService: Display device changed: DisplayDeviceInfo{"Built-in Screen": uniqueId="local:0", 1080 x 1920, 60.0 fps, supportedRefreshRates [60.0], density 480, 442.451 x 443.345 dpi, appVsyncOff 7500000, presDeadline 12666667, touch INTERNAL, rotation 0, type BUILT_IN, state OFF, FLAG_DEFAULT_DISPLAY, FLAG_ROTATES_WITH_CONTENT, FLAG_SECURE, FLAG_SUPPORTS_PROTECTED_BUFFERS}
04-14 09:45:29.547   716   716 V ActivityManager: Display changed displayId=0
04-14 09:47:02.065   716   980 I PowerManagerService: Waking up from sleep (uid 1000)...
04-14 09:47:02.070   716   805 I DisplayPowerController: Blocking screen on until initial contents have been drawn.
04-14 09:47:02.332   716   805 I DisplayPowerController: Unblocked screen on after 262 ms
04-14 09:47:02.336   716   803 I DisplayManagerService: Display device changed: DisplayDeviceInfo{"Built-in Screen": uniqueId="local:0", 1080 x 1920, 60.0 fps, supportedRefreshRates [60.0], density 480, 442.451 x 443.345 dpi, appVsyncOff 7500000, presDeadline 12666667, touch INTERNAL, rotation 0, type BUILT_IN, state ON, FLAG_DEFAULT_DISPLAY, FLAG_ROTATES_WITH_CONTENT, FLAG_SECURE, FLAG_SUPPORTS_PROTECTED_BUFFERS}
04-14 09:47:02.338   716   716 V ActivityManager: Display changed displayId=0
04-14 09:47:03.832   716   716 V ActivityManager: Display changed displayId=0
04-14 09:47:03.860   716   798 W BroadcastQueue: Permission Denial: broadcasting Intent { act=android.intent.action.USER_PRESENT flg=0x24000010 } from com.android.systemui (pid=1198, uid=10013) is not exported from uid 10054 due to receiver com.zhihu.android/com.avos.avoscloud.AVBroadcastReceiver
04-14 09:47:03.880   716  1615 W InputMethodManagerService: Window already focused, ignoring focus gain of: com.android.internal.view.IInputMethodClient$Stub$Proxy@3c6a905b attribute=android.view.inputmethod.EditorInfo@32bd60f8, token = android.os.BinderProxy@2bbaecb9
04-14 09:47:08.876   716  1681 W WindowManager: Attempted to remove non-existing token: android.os.Binder@3337d737
04-14 09:47:12.169   716   798 W ProcessCpuTracker: Skipping unknown process pid 7466
04-14 09:47:12.172   716   798 W ProcessCpuTracker: Skipping unknown process pid 7469
04-14 09:47:33.598   716   805 I PowerManagerService: Going to sleep due to screen timeout (uid 1000)...
04-14 09:47:33.603   716   805 I PowerManagerService: Sleeping (uid 1000)...
04-14 09:47:34.162   716   803 I DisplayManagerService: Display device changed: DisplayDeviceInfo{"Built-in Screen": uniqueId="local:0", 1080 x 1920, 60.0 fps, supportedRefreshRates [60.0], density 480, 442.451 x 443.345 dpi, appVsyncOff 7500000, presDeadline 12666667, touch INTERNAL, rotation 0, type BUILT_IN, state OFF, FLAG_DEFAULT_DISPLAY, FLAG_ROTATES_WITH_CONTENT, FLAG_SECURE, FLAG_SUPPORTS_PROTECTED_BUFFERS}
04-14 09:47:34.166   716   716 V ActivityManager: Display changed displayId=0
04-14 09:48:12.814   716   980 I PowerManagerService: Waking up from sleep (uid 1000)...
04-14 09:48:12.819   716   805 I DisplayPowerController: Blocking screen on until initial contents have been drawn.
04-14 09:48:13.081   716   805 I DisplayPowerController: Unblocked screen on after 261 ms
04-14 09:48:13.086   716   803 I DisplayManagerService: Display device changed: DisplayDeviceInfo{"Built-in Screen": uniqueId="local:0", 1080 x 1920, 60.0 fps, supportedRefreshRates [60.0], density 480, 442.451 x 443.345 dpi, appVsyncOff 7500000, presDeadline 12666667, touch INTERNAL, rotation 0, type BUILT_IN, state ON, FLAG_DEFAULT_DISPLAY, FLAG_ROTATES_WITH_CONTENT, FLAG_SECURE, FLAG_SUPPORTS_PROTECTED_BUFFERS}
04-14 09:48:13.091   716   716 V ActivityManager: Display changed displayId=0
04-14 09:48:14.181   716   798 W BroadcastQueue: Permission Denial: broadcasting Intent { act=android.intent.action.USER_PRESENT flg=0x24000010 } from com.android.systemui (pid=1198, uid=10013) is not exported from uid 10054 due to receiver com.zhihu.android/com.avos.avoscloud.AVBroadcastReceiver
04-14 09:48:14.221   716  1156 W InputMethodManagerService: Window already focused, ignoring focus gain of: com.android.internal.view.IInputMethodClient$Stub$Proxy@2f76fc27 attribute=android.view.inputmethod.EditorInfo@23a76ed4, token = android.os.BinderProxy@2bbaecb9
04-14 09:48:56.874   716  1591 I ActivityManager: START u0 {act=android.intent.action.MAIN cat=[android.intent.category.LAUNCHER] flg=0x10200000 cmp=com.android.calculator2/.Calculator (has extras)} from uid 10035 on display 0
04-14 09:48:56.889   716  1591 V WindowManager: addAppToken: AppWindowToken{2f4d33c3 token=Token{365c1372 ActivityRecord{3e06f87d u0 com.android.calculator2/.Calculator t10}}} to stack=1 task=10 at 0
04-14 09:48:56.911   716   803 V WindowManager: Adding window Window{3b569eca u0 Starting com.android.calculator2} at 3 of 9 (after Window{22cd58fe u0 com.android.launcher3/com.android.launcher3.Launcher})
04-14 09:48:57.094   716  1633 I ActivityManager: Start proc 7638:com.android.calculator2/u0a20 for activity com.android.calculator2/.Calculator
04-14 09:48:58.209   716   750 V WindowManager: Adding window Window{19013d17 u0 com.android.calculator2/com.android.calculator2.Calculator} at 3 of 10 (before Window{3b569eca u0 Starting com.android.calculator2})
04-14 09:49:02.025   716   750 W WindowManager: Attempted to remove non-existing token: android.os.Binder@249b9d70
04-14 09:49:25.930   716   798 I ActivityManager: Killing 2185:com.android.providers.calendar/u0a1 (adj 15): empty for 2306s
04-14 09:49:55.433   716   805 I PowerManagerService: Going to sleep due to screen timeout (uid 1000)...
04-14 09:49:55.434   716   805 I PowerManagerService: Sleeping (uid 1000)...
04-14 09:49:55.936   716   803 I DisplayManagerService: Display device changed: DisplayDeviceInfo{"Built-in Screen": uniqueId="local:0", 1080 x 1920, 60.0 fps, supportedRefreshRates [60.0], density 480, 442.451 x 443.345 dpi, appVsyncOff 7500000, presDeadline 12666667, touch INTERNAL, rotation 0, type BUILT_IN, state OFF, FLAG_DEFAULT_DISPLAY, FLAG_ROTATES_WITH_CONTENT, FLAG_SECURE, FLAG_SUPPORTS_PROTECTED_BUFFERS}
04-14 09:49:55.939   716   716 V ActivityManager: Display changed displayId=0
04-14 09:50:35.190   716   980 I PowerManagerService: Waking up from sleep (uid 1000)...
04-14 09:50:35.196   716   805 I DisplayPowerController: Blocking screen on until initial contents have been drawn.
04-14 09:50:35.456   716   805 I DisplayPowerController: Unblocked screen on after 260 ms
04-14 09:50:35.458   716   803 I DisplayManagerService: Display device changed: DisplayDeviceInfo{"Built-in Screen": uniqueId="local:0", 1080 x 1920, 60.0 fps, supportedRefreshRates [60.0], density 480, 442.451 x 443.345 dpi, appVsyncOff 7500000, presDeadline 12666667, touch INTERNAL, rotation 0, type BUILT_IN, state ON, FLAG_DEFAULT_DISPLAY, FLAG_ROTATES_WITH_CONTENT, FLAG_SECURE, FLAG_SUPPORTS_PROTECTED_BUFFERS}
04-14 09:50:35.459   716   716 V ActivityManager: Display changed displayId=0
04-14 09:50:37.425   716   798 W BroadcastQueue: Permission Denial: broadcasting Intent { act=android.intent.action.USER_PRESENT flg=0x24000010 } from com.android.systemui (pid=1198, uid=10013) is not exported from uid 10054 due to receiver com.zhihu.android/com.avos.avoscloud.AVBroadcastReceiver
04-14 09:50:37.452   716  1053 W InputMethodManagerService: Window already focused, ignoring focus gain of: com.android.internal.view.IInputMethodClient$Stub$Proxy@3cd5901b attribute=android.view.inputmethod.EditorInfo@8b8c5b8, token = android.os.BinderProxy@2bbaecb9
04-14 09:50:46.667   716   798 W ProcessCpuTracker: Skipping unknown process pid 7884
04-14 09:50:46.667   716   798 W ProcessCpuTracker: Skipping unknown process pid 7885
04-14 09:51:08.344   716   805 I PowerManagerService: Going to sleep due to screen timeout (uid 1000)...
04-14 09:51:08.348   716   805 I PowerManagerService: Sleeping (uid 1000)...
04-14 09:51:08.892   716   803 I DisplayManagerService: Display device changed: DisplayDeviceInfo{"Built-in Screen": uniqueId="local:0", 1080 x 1920, 60.0 fps, supportedRefreshRates [60.0], density 480, 442.451 x 443.345 dpi, appVsyncOff 7500000, presDeadline 12666667, touch INTERNAL, rotation 0, type BUILT_IN, state OFF, FLAG_DEFAULT_DISPLAY, FLAG_ROTATES_WITH_CONTENT, FLAG_SECURE, FLAG_SUPPORTS_PROTECTED_BUFFERS}
04-14 09:51:08.893   716   716 V ActivityManager: Display changed displayId=0
04-14 09:52:12.022   716   980 I PowerManagerService: Waking up from sleep (uid 1000)...
04-14 09:52:12.027   716   805 I DisplayPowerController: Blocking screen on until initial contents have been drawn.
04-14 09:52:12.289   716   805 I DisplayPowerController: Unblocked screen on after 261 ms
04-14 09:52:12.296   716   803 I DisplayManagerService: Display device changed: DisplayDeviceInfo{"Built-in Screen": uniqueId="local:0", 1080 x 1920, 60.0 fps, supportedRefreshRates [60.0], density 480, 442.451 x 443.345 dpi, appVsyncOff 7500000, presDeadline 12666667, touch INTERNAL, rotation 0, type BUILT_IN, state ON, FLAG_DEFAULT_DISPLAY, FLAG_ROTATES_WITH_CONTENT, FLAG_SECURE, FLAG_SUPPORTS_PROTECTED_BUFFERS}
04-14 09:52:12.297   716   716 V ActivityManager: Display changed displayId=0
04-14 09:52:13.094   716   798 W BroadcastQueue: Permission Denial: broadcasting Intent { act=android.intent.action.USER_PRESENT flg=0x24000010 } from com.android.systemui (pid=1198, uid=10013) is not exported from uid 10054 due to receiver com.zhihu.android/com.avos.avoscloud.AVBroadcastReceiver
04-14 09:52:13.119   716   750 W InputMethodManagerService: Window already focused, ignoring focus gain of: com.android.internal.view.IInputMethodClient$Stub$Proxy@1041f1a6 attribute=android.view.inputmethod.EditorInfo@1018a7e7, token = android.os.BinderProxy@2bbaecb9
04-14 09:52:15.187   716  1004 D ConnectivityService: updateNetworkScore for NetworkAgentInfo [WIFI () - 100] to 60
04-14 09:52:15.187   716  1004 D ConnectivityService: rematching NetworkAgentInfo [WIFI () - 100]
04-14 09:52:15.187   716  1004 D ConnectivityService: Network NetworkAgentInfo [WIFI () - 100] was already satisfying request 1. No change.
04-14 09:52:15.188   716  1004 D ConnectivityService: notifyType AVAILABLE for NetworkAgentInfo [WIFI () - 100]
04-14 09:52:21.268   716  1004 D ConnectivityService: updateNetworkScore for NetworkAgentInfo [WIFI () - 100] to 56
04-14 09:52:21.269   716  1004 D ConnectivityService: rematching NetworkAgentInfo [WIFI () - 100]
04-14 09:52:21.269   716  1004 D ConnectivityService: Network NetworkAgentInfo [WIFI () - 100] was already satisfying request 1. No change.
04-14 09:52:21.269   716  1004 D ConnectivityService: notifyType AVAILABLE for NetworkAgentInfo [WIFI () - 100]
04-14 09:52:37.269   716   798 W BroadcastQueue: Skipping deliver [background] BroadcastRecord{1f8b8232 u-1 android.net.conn.CONNECTIVITY_CHANGE} to ReceiverList{14bddb83 8027 (unknown name)/0/u-1 remote:21520f94}: process crashing
04-14 09:52:37.366   716  1615 I ActivityManager: START u0 {act=android.intent.action.MAIN cat=[android.intent.category.LAUNCHER] flg=0x10200000 cmp=com.zhihu.android/.app.ui.activity.MainActivity} from uid 0 on display 0
04-14 09:52:37.374   716  1615 V WindowManager: addAppToken: AppWindowToken{2d6b8f7e token=Token{3aaded39 ActivityRecord{380a9100 u0 com.zhihu.android/.app.ui.activity.MainActivity t11}}} to stack=1 task=11 at 0
04-14 09:52:37.390   716   803 V WindowManager: Adding window Window{630a71 u0 Starting com.zhihu.android} at 3 of 9 (after Window{22cd58fe u0 com.android.launcher3/com.android.launcher3.Launcher})
04-14 09:52:38.337   716  1053 V WindowManager: Adding window Window{2da2053a u0 com.zhihu.android/com.zhihu.android.app.ui.activity.MainActivity} at 3 of 10 (before Window{630a71 u0 Starting com.zhihu.android})
04-14 09:52:38.400   716  1633 W InputManager: Input event injection from pid 8027 failed.
04-14 09:52:38.403   716  1590 W InputManager: Input event injection from pid 8027 failed.
04-14 09:52:42.681   716   984 W ActivityManager: Unable to start service Intent { act=com.google.android.gms.analytics.service.START cmp=com.google.android.gms/.analytics.service.AnalyticsService (has extras) } U=0: not found
04-14 09:52:46.443   716   749 W InputMethodManagerService: Window already focused, ignoring focus gain of: com.android.internal.view.IInputMethodClient$Stub$Proxy@17a19d89 attribute=android.view.inputmethod.EditorInfo@2ec6018e, token = android.os.BinderProxy@2b19f465
04-14 09:52:47.722   716  1157 W ActivityManager: Unable to start service Intent { act=com.google.android.gms.analytics.service.START cmp=com.google.android.gms/.analytics.service.AnalyticsService (has extras) } U=0: not found
04-14 09:52:52.786   716  1615 D ZenLog  : set_ringer_mode_internal: com.android.systemui,i:normal->vibrate,e:normal->vibrate
04-14 09:52:53.771   716  1681 D ZenLog  : set_ringer_mode_internal: AudioService.checkForRingerModeChange,i:vibrate->normal,e:vibrate->normal
04-14 09:52:58.852   716  1053 V WindowManager: Adding window Window{3994b466 u0 SubPanel:com.zhihu.android/com.zhihu.android.app.ui.activity.MainActivity} at 4 of 11 (after Window{2da2053a u0 com.zhihu.android/com.zhihu.android.app.ui.activity.MainActivity})
04-14 09:52:59.884   716  1155 W InputManager: Input event injection from pid 8027 failed.
04-14 09:52:59.910   716  1053 W InputMethodManagerService: Window already focused, ignoring focus gain of: com.android.internal.view.IInputMethodClient$Stub$Proxy@3d27b0f2 attribute=android.view.inputmethod.EditorInfo@2efc4343, token = android.os.BinderProxy@2b19f465
04-14 09:53:01.821   716  1053 W ProcessCpuTracker: Skipping unknown process pid 8402
04-14 09:53:01.827   716  1053 W ProcessCpuTracker: Skipping unknown process pid 8419
04-14 09:53:10.407   716  1156 I ActivityManager: START u0 {act=com.android.systemui.recents.SHOW_RECENTS flg=0x10804000 cmp=com.android.systemui/.recents.RecentsActivity} from uid 10013 on display 0
04-14 09:53:14.629   716  1615 I ActivityManager: START u0 {act=com.android.systemui.recents.SHOW_RECENTS flg=0x10804000 cmp=com.android.systemui/.recents.RecentsActivity} from uid 10013 on display 0
04-14 09:53:15.272   716   798 W ProcessCpuTracker: Skipping unknown process pid 8642
04-14 09:53:18.306   716  1053 W InputMethodManagerService: Window already focused, ignoring focus gain of: com.android.internal.view.IInputMethodClient$Stub$Proxy@bfe916f attribute=null, token = android.os.BinderProxy@2b19f465
04-14 09:53:18.513   716   716 I EntropyMixer: Writing entropy...
04-14 09:53:18.920   716  8690 W AppOps  : Writing app ops before shutdown...
04-14 09:53:18.976   716  8690 I UsageStatsService: User[0] Flushing usage stats to disk
04-14 09:53:19.148   716  8690 W BatteryStats: Writing battery stats before shutdown...
04-14 09:53:19.241   716  1590 W InputManager: Input event injection from pid 8027 failed.
04-14 09:53:19.259   716  8690 W ProcessStatsService: Writing process stats before shutdown...
04-14 09:53:19.259   716  1681 W InputManager: Input event injection from pid 8027 failed.
04-14 09:53:19.285   716  8690 I ProcessStatsService: Prepared write state in 26ms
04-14 09:53:20.270   716   750 W InputManager: Input event injection from pid 8027 failed.
04-14 09:53:20.272   716  1682 W InputManager: Input event injection from pid 8027 failed.
04-14 09:53:20.912   716  8690 I MountService: Shutting down
04-14 09:53:21.279   716  1682 W InputManager: Input event injection from pid 8027 failed.
04-14 09:53:21.284   716  1633 W InputManager: Input event injection from pid 8027 failed.
04-14 09:53:21.286   716  1591 W InputManager: Input event injection from pid 8027 failed.
04-14 09:53:21.295   716  1662 W InputManager: Input event injection from pid 8027 failed.
04-14 09:53:21.464   716   992 I MountService: Unmount completed: /storage/emulated/0, result code: -1
04-14 09:53:21.467   716  8690 W AppOps  : Bad call: specified package null under uid 1000 but it is really -1
04-14 09:53:21.468   716  8690 W VibratorService: Would be an error: vibrate from uid 1000
04-14 09:53:21.470   716   716 W AppOps  : Bad call: specified package null under uid 1000 but it is really -1
08-10 00:57:55.797   180   180 I Vold    : Vold 2.1 (the revenge) firing up
08-10 00:58:02.787   709   709 I InstallerConnection: disconnecting...
08-10 00:58:02.850   709   709 I SystemServer: Entered the Android system server!
08-10 00:58:03.006   709   709 I SystemServiceManager: Starting com.android.server.pm.Installer
08-10 00:58:03.008   709   709 I Installer: Waiting for installd to be ready.
08-10 00:58:03.008   709   709 I InstallerConnection: connecting...
08-10 00:58:03.010   709   709 I SystemServiceManager: Starting com.android.server.am.ActivityManagerService$Lifecycle
08-10 00:58:03.037   709   709 I ActivityManager: Memory class: 192
08-10 00:58:03.040   709   774 I ServiceThread: Enabled StrictMode logging for ActivityManager looper.
08-10 00:58:03.356   709   709 I IntentFirewall: Read new rules (A:0 B:0 S:0)
08-10 00:58:03.368   709   777 I ServiceThread: Enabled StrictMode logging for android.ui looper.
08-10 00:58:03.373   709   779 I ServiceThread: Enabled StrictMode logging for android.display looper.
08-10 00:58:03.390   709   709 D AppOps  : AppOpsService published
08-10 00:58:03.391   709   709 I SystemServiceManager: Starting com.android.server.power.PowerManagerService
08-10 00:58:03.394   709   781 I ServiceThread: Enabled StrictMode logging for PowerManagerService looper.
08-10 00:58:03.403   709   709 I SystemServiceManager: Starting com.android.server.display.DisplayManagerService
08-10 00:58:03.410   709   709 I SystemServiceManager: Starting phase 100
08-10 00:58:03.426   709   779 I DisplayManagerService: Display device added: DisplayDeviceInfo{"Built-in Screen": uniqueId="local:0", 1080 x 1920, 60.0 fps, supportedRefreshRates [60.0], density 480, 442.451 x 443.345 dpi, appVsyncOff 7500000, presDeadline 12666667, touch INTERNAL, rotation 0, type BUILT_IN, state UNKNOWN, FLAG_DEFAULT_DISPLAY, FLAG_ROTATES_WITH_CONTENT, FLAG_SECURE, FLAG_SUPPORTS_PROTECTED_BUFFERS}
08-10 00:58:03.428   709   709 I SystemServer: Package Manager
08-10 00:58:03.453   709   709 W SystemConfig: No directory /system/etc/sysconfig, skipping
08-10 00:58:03.627   709   709 D SELinuxMMAC: Using policy file /system/etc/security/mac_permissions.xml
08-10 00:58:04.701   709   709 W PackageParser: No actions in intent filter at /system/priv-app/Contacts/Contacts.apk Binary XML file line #356
08-10 00:58:04.885   709   709 W PackageParser: No actions in intent filter at /system/priv-app/Dialer/Dialer.apk Binary XML file line #166
08-10 00:58:06.022   709   709 W PackageParser: Unknown element under <intent-filter>: android at /system/priv-app/Telecom/Telecom.apk Binary XML file line #232
08-10 00:58:06.243   709   709 W PackageParser: No actions in intent filter at /system/app/Bluetooth/Bluetooth.apk Binary XML file line #209
08-10 00:58:06.997   709   709 W PackageParser: Unknown element under <application>: permission at /system/app/Gallery2/Gallery2.apk Binary XML file line #242
08-10 00:58:06.998   709   709 W PackageParser: Unknown element under <application>: permission at /system/app/Gallery2/Gallery2.apk Binary XML file line #245
08-10 00:58:08.112   709   709 W PackageManager: Failed to parse /system/app/qcrilmsgtunnel: Signature mismatch for shared user : SharedUserSetting{29140cb4 android.uid.phone/1001}
08-10 00:58:08.702   709   709 W PackageManager: Package com.android.gallery3d desires unavailable shared library com.google.android.media.effects; ignoring!
08-10 00:58:08.702   709   709 W PackageManager: Package com.android.gallery3d desires unavailable shared library com.google.android.media.effects; ignoring!
08-10 00:58:08.703   709   709 I PackageManager: Adjusting ABI for : com.android.location.fused to armeabi-v7a
08-10 00:58:08.704   709   709 I PackageManager: Adjusting ABI for : com.android.settings to armeabi-v7a
08-10 00:58:08.705   709   709 I PackageManager: Adjusting ABI for : com.android.keychain to armeabi-v7a
08-10 00:58:08.706   709   709 I PackageManager: Adjusting ABI for : com.android.inputdevices to armeabi-v7a
08-10 00:58:08.706   709   709 I PackageManager: Adjusting ABI for : com.android.server.telecom to armeabi-v7a
08-10 00:58:08.707   709   709 I PackageManager: Adjusting ABI for : com.android.providers.settings to armeabi-v7a
08-10 00:58:08.728   709   709 I PackageManager: Time to scan packages: 4.55 seconds
08-10 00:58:08.731   709   709 W PackageManager: Unknown permission com.google.android.googleapps.permission.GOOGLE_AUTH in package com.android.providers.calendar
08-10 00:58:08.731   709   709 W PackageManager: Unknown permission com.google.android.googleapps.permission.GOOGLE_AUTH.cl in package com.android.providers.calendar
08-10 00:58:08.734   709   709 W PackageManager: Not granting permission android.permission.GLOBAL_SEARCH to package com.android.quicksearchbox (protectionLevel=18 flags=0x8be45)
08-10 00:58:08.735   709   709 W PackageManager: Not granting permission android.permission.ACCESS_DOWNLOAD_MANAGER to package com.android.browser (protectionLevel=18 flags=0x9be45)
08-10 00:58:08.736   709   709 W PackageManager: Not granting permission android.permission.SEND_DOWNLOAD_COMPLETED_INTENTS to package com.android.browser (protectionLevel=2 flags=0x9be45)
08-10 00:58:08.740   709   709 W PackageManager: Not granting permission android.permission.BIND_WALLPAPER to package com.android.camera2 (protectionLevel=18 flags=0x58bc45)
08-10 00:58:08.742   709   709 W PackageManager: Unknown permission android.permission.INSTALL_DRM in package com.android.mms
08-10 00:58:08.742   709   709 W PackageManager: Unknown permission android.permission.NFC_UNLOCK in package com.android.nfc
08-10 00:58:08.744   709   709 W PackageManager: Not granting permission android.permission.BIND_APPWIDGET to package com.android.launcher3 (protectionLevel=18 flags=0x483e45)
08-10 00:58:08.744   709   709 W PackageManager: Unknown permission com.android.launcher.permission.READ_SETTINGS in package com.android.launcher3
08-10 00:58:08.744   709   709 W PackageManager: Unknown permission com.android.launcher.permission.WRITE_SETTINGS in package com.android.launcher3
08-10 00:58:08.745   709   709 W PackageManager: Unknown permission com.google.android.googleapps.permission.GOOGLE_AUTH.mail in package com.android.calendar
08-10 00:58:08.746   709   709 W PackageManager: Unknown permission com.android.launcher.permission.READ_SETTINGS in package com.android.onetimeinitializer
08-10 00:58:08.746   709   709 W PackageManager: Unknown permission com.android.launcher.permission.WRITE_SETTINGS in package com.android.onetimeinitializer
08-10 00:58:08.751   709   709 W PackageManager: Not granting permission android.permission.DELETE_PACKAGES to package com.svox.pico (protectionLevel=18 flags=0x8be45)
08-10 00:58:08.753   709   709 W PackageManager: Unknown permission com.google.android.gallery3d.permission.PICASA_STORE in package com.android.dreams.phototable
08-10 00:58:08.754   709   709 W PackageManager: Not granting permission android.permission.MOUNT_UNMOUNT_FILESYSTEMS to package com.zhihu.android (protectionLevel=18 flags=0x583e44)
08-10 00:58:08.754   709   709 W PackageManager: Unknown permission android.Manifest.permission.DEVICE_POWER in package com.zhihu.android
08-10 00:58:08.756   709   709 W PackageManager: Unknown permission com.google.android.googleapps.permission.GOOGLE_AUTH in package com.android.settings
08-10 00:58:08.757   709   709 W PackageManager: Unknown permission com.android.launcher.permission.READ_SETTINGS in package com.android.settings
08-10 00:58:08.757   709   709 W PackageManager: Unknown permission com.android.launcher.permission.WRITE_SETTINGS in package com.android.settings
08-10 00:58:08.766   709   709 W PackageManager: Not granting permission android.permission.DEVICE_POWER to package com.android.deskclock (protectionLevel=2 flags=0x48be45)
08-10 00:58:08.771   709   709 W PackageManager: Unknown permission com.google.android.gallery3d.permission.GALLERY_PROVIDER in package com.android.bluetooth
08-10 00:58:08.773   709   709 W PackageManager: Unknown permission com.google.android.googleapps.permission.ACCESS_GOOGLE_PASSWORD in package com.android.development
08-10 00:58:08.773   709   709 W PackageManager: Unknown permission com.google.android.googleapps.permission.GOOGLE_AUTH in package com.android.development
08-10 00:58:08.773   709   709 W PackageManager: Unknown permission com.google.android.googleapps.permission.GOOGLE_AUTH.ALL_SERVICES in package com.android.development
08-10 00:58:08.773   709   709 W PackageManager: Unknown permission com.google.android.googleapps.permission.GOOGLE_AUTH.YouTubeUser in package com.android.development
08-10 00:58:09.125   709   709 I SystemServer: User Service
08-10 00:58:09.137   709   709 I SystemServiceManager: Starting com.android.server.lights.LightsService
08-10 00:58:09.148   709   709 I SystemServiceManager: Starting com.android.server.BatteryService
08-10 00:58:09.179   709   709 I SystemServiceManager: Starting com.android.server.usage.UsageStatsService
08-10 00:58:09.189   709   709 I SystemServiceManager: Starting com.android.server.webkit.WebViewUpdateService
08-10 00:58:09.192   709   709 I SystemServer: Reading configuration...
08-10 00:58:09.192   709   709 I SystemServer: Scheduling Policy
08-10 00:58:09.194   709   709 I SystemServiceManager: Starting com.android.server.telecom.TelecomLoaderService
08-10 00:58:09.194   709   709 I SystemServer: Telephony Registry
08-10 00:58:09.202   709   709 I SystemServer: Entropy Mixer
08-10 00:58:09.219   709   709 I EntropyMixer: Added HW RNG output to entropy pool
08-10 00:58:09.219   709   709 I EntropyMixer: Writing entropy...
08-10 00:58:09.229   709   709 I SystemServer: Account Manager
08-10 00:58:09.246   709   709 I SystemServer: Content Manager
08-10 00:58:09.251   709   709 I SystemServer: System Content Providers
08-10 00:58:09.320   709   709 I SystemServer: Vibrator Service
08-10 00:58:09.324   709   709 I SystemServer: Consumer IR Service
08-10 00:58:09.325   709   709 I SystemServiceManager: Starting com.android.server.AlarmManagerService
08-10 00:58:09.341   709   709 I SystemServer: Init Watchdog
08-10 00:58:09.343   709   709 I SystemServer: Input Manager
08-10 00:58:09.345   709   709 I InputManager: Initializing input manager, mUseDevInputEventForAudioJack=true
08-10 00:58:09.348   709   709 I SystemServer: Window Manager
08-10 00:58:09.402   709   779 I WindowManager: No existing display settings /data/system/display_settings.xml; starting empty
08-10 00:58:09.522   709   709 I InputManager: Starting input manager
08-10 00:58:09.532   709   709 I SystemServer: Bluetooth Manager Service
08-10 00:58:09.546   709   709 I SystemServer: Input Method Service
08-10 00:58:09.564   709   709 W InputMethodManagerService: Couldn't create dir.: /data/system/inputmethod
08-10 00:58:09.649   709   709 I SystemServer: Accessibility Manager
08-10 00:58:09.667   709   709 I ActivityManager: Config changes=1df8 {1.0 ?mcc?mnc en_US ?layoutDir sw360dp w360dp h640dp 480dpi nrml long port ?uimode ?night -touch -keyb/v/h -nav/h s.2}
08-10 00:58:09.694   709   709 I ActivityManager: Config changes=508 {1.0 ?mcc?mnc en_US ?layoutDir sw360dp w360dp h567dp 480dpi nrml port ?uimode ?night finger -keyb/v/h -nav/h s.3}
08-10 00:58:09.695   709   773 I UsageStatsService: User[0] Rollover scheduled @ 1971-08-10 08:00:00(50630400000)
08-10 00:58:09.698   709   709 I SystemServer: Mount Service
08-10 00:58:09.711   709   709 D MountService: got storage path: null description: Internal storage primary: false removable: false emulated: true mtpReserve: 100 allowMassStorage: false maxFileSize: 0
08-10 00:58:09.717   709   709 D MountService: addVolumeLocked() StorageVolume:
08-10 00:58:09.717   709   709 D MountService:     mStorageId=65537 mPath=/storage/emulated/0 mDescriptionId=17040805 
08-10 00:58:09.717   709   709 D MountService:     mPrimary=true mRemovable=false mEmulated=true mMtpReserveSpace=100 
08-10 00:58:09.717   709   709 D MountService:     mAllowMassStorage=false mMaxFileSize=0 mOwner=UserHandle{0} mUuid=null 
08-10 00:58:09.717   709   709 D MountService:     mUserLabel=null mState=null 
08-10 00:58:09.744   709   709 I SystemServer: LockSettingsService
08-10 00:58:09.767   709   799 W PackageManager: Unknown permission com.google.android.googleapps.permission.GOOGLE_AUTH in package com.android.providers.calendar
08-10 00:58:09.767   709   799 W PackageManager: Unknown permission com.google.android.googleapps.permission.GOOGLE_AUTH.cl in package com.android.providers.calendar
08-10 00:58:09.769   709   709 I SystemServiceManager: Starting com.android.server.devicepolicy.DevicePolicyManagerService$Lifecycle
08-10 00:58:09.771   709   799 W PackageManager: Not granting permission android.permission.GLOBAL_SEARCH to package com.android.quicksearchbox (protectionLevel=18 flags=0x8be45)
08-10 00:58:09.774   709   799 W PackageManager: Not granting permission android.permission.ACCESS_DOWNLOAD_MANAGER to package com.android.browser (protectionLevel=18 flags=0x9be45)
08-10 00:58:09.774   709   799 W PackageManager: Not granting permission android.permission.SEND_DOWNLOAD_COMPLETED_INTENTS to package com.android.browser (protectionLevel=2 flags=0x9be45)
08-10 00:58:09.780   709   799 W PackageManager: Not granting permission android.permission.BIND_WALLPAPER to package com.android.camera2 (protectionLevel=18 flags=0x58bc45)
08-10 00:58:09.782   709   799 W PackageManager: Unknown permission android.permission.INSTALL_DRM in package com.android.mms
08-10 00:58:09.783   709   799 W PackageManager: Unknown permission android.permission.NFC_UNLOCK in package com.android.nfc
08-10 00:58:09.786   709   799 W PackageManager: Not granting permission android.permission.BIND_APPWIDGET to package com.android.launcher3 (protectionLevel=18 flags=0x483e45)
08-10 00:58:09.786   709   799 W PackageManager: Unknown permission com.android.launcher.permission.READ_SETTINGS in package com.android.launcher3
08-10 00:58:09.786   709   799 W PackageManager: Unknown permission com.android.launcher.permission.WRITE_SETTINGS in package com.android.launcher3
08-10 00:58:09.788   709   799 W PackageManager: Unknown permission com.google.android.googleapps.permission.GOOGLE_AUTH.mail in package com.android.calendar
08-10 00:58:09.789   709   799 W PackageManager: Unknown permission com.android.launcher.permission.READ_SETTINGS in package com.android.onetimeinitializer
08-10 00:58:09.789   709   799 W PackageManager: Unknown permission com.android.launcher.permission.WRITE_SETTINGS in package com.android.onetimeinitializer
08-10 00:58:09.795   709   799 W PackageManager: Not granting permission android.permission.DELETE_PACKAGES to package com.svox.pico (protectionLevel=18 flags=0x8be45)
08-10 00:58:09.800   709   799 W PackageManager: Unknown permission com.google.android.gallery3d.permission.PICASA_STORE in package com.android.dreams.phototable
08-10 00:58:09.801   709   799 W PackageManager: Not granting permission android.permission.MOUNT_UNMOUNT_FILESYSTEMS to package com.zhihu.android (protectionLevel=18 flags=0x583e44)
08-10 00:58:09.801   709   799 W PackageManager: Unknown permission android.Manifest.permission.DEVICE_POWER in package com.zhihu.android
08-10 00:58:09.804   709   799 W PackageManager: Unknown permission com.google.android.googleapps.permission.GOOGLE_AUTH in package com.android.settings
08-10 00:58:09.806   709   799 W PackageManager: Unknown permission com.android.launcher.permission.READ_SETTINGS in package com.android.settings
08-10 00:58:09.806   709   799 W PackageManager: Unknown permission com.android.launcher.permission.WRITE_SETTINGS in package com.android.settings
08-10 00:58:09.814   709   799 W PackageManager: Not granting permission android.permission.DEVICE_POWER to package com.android.deskclock (protectionLevel=2 flags=0x48be45)
08-10 00:58:09.819   709   799 W PackageManager: Unknown permission com.google.android.gallery3d.permission.GALLERY_PROVIDER in package com.android.bluetooth
08-10 00:58:09.820   709   799 W PackageManager: Unknown permission com.google.android.googleapps.permission.ACCESS_GOOGLE_PASSWORD in package com.android.development
08-10 00:58:09.820   709   799 W PackageManager: Unknown permission com.google.android.googleapps.permission.GOOGLE_AUTH in package com.android.development
