04-14 11:40:32.749   709 29406 W InputManager: Input event injection from pid 2390 failed.
04-14 11:40:32.756   709  1248 W InputManager: Input event injection from pid 2390 failed.
04-14 11:40:32.760   709   726 W InputManager: Input event injection from pid 2390 failed.
04-14 11:40:32.765   709   803 W InputManager: Input event injection from pid 2390 failed.
04-14 11:40:32.769   709  4388 W InputManager: Input event injection from pid 2390 failed.
04-14 11:40:32.774   709  1127 W InputManager: Input event injection from pid 2390 failed.
04-14 11:40:32.780   709 29406 W InputManager: Input event injection from pid 2390 failed.
04-14 11:40:41.334   709  1248 W ProcessCpuTracker: Skipping unknown process pid 26429
04-14 11:40:41.410   709   795 I WindowManager: Input event dispatching timed out sending to com.zhihu.android/com.zhihu.android.app.ui.activity.MainActivity.  Reason: Waiting to send non-key event because the focused window has not finished processing certain input events that were delivered to it over 500.0ms ago.  Wait queue length: 2.  Wait queue head age: 6021.5ms.
04-14 11:40:41.581   709   774 I ActivityManager: Skipping duplicate ANR: ProcessRecord{22f65e32 1839:com.zhihu.android/u0a54} Input dispatching timed out (Waiting to send non-key event because the focused window has not finished processing certain input events that were delivered to it over 500.0ms ago.  Wait queue length: 2.  Wait queue head age: 6021.5ms.)
04-14 11:40:41.584   709  1213 W InputManager: Input event injection from pid 2390 timed out.
04-14 11:40:46.590   709   795 I WindowManager: Input event dispatching timed out sending to com.zhihu.android/com.zhihu.android.app.ui.activity.MainActivity.  Reason: Waiting to send non-key event because the focused window has not finished processing certain input events that were delivered to it over 500.0ms ago.  Wait queue length: 2.  Wait queue head age: 11201.5ms.
04-14 11:40:46.772   709  4363 W InputManager: Input event injection from pid 2390 timed out.
04-14 11:40:46.822   709   774 I ActivityManager: Skipping duplicate ANR: ProcessRecord{22f65e32 1839:com.zhihu.android/u0a54} Input dispatching timed out (Waiting to send non-key event because the focused window has not finished processing certain input events that were delivered to it over 500.0ms ago.  Wait queue length: 2.  Wait queue head age: 11201.5ms.)
04-14 11:40:51.780   709   795 I WindowManager: Input event dispatching timed out sending to com.zhihu.android/com.zhihu.android.app.ui.activity.MainActivity.  Reason: Waiting to send non-key event because the focused window has not finished processing certain input events that were delivered to it over 500.0ms ago.  Wait queue length: 2.  Wait queue head age: 16391.5ms.
04-14 11:40:51.970   709   725 W InputManager: Input event injection from pid 2390 timed out.
04-14 11:40:51.997   709   774 I ActivityManager: Skipping duplicate ANR: ProcessRecord{22f65e32 1839:com.zhihu.android/u0a54} Input dispatching timed out (Waiting to send non-key event because the focused window has not finished processing certain input events that were delivered to it over 500.0ms ago.  Wait queue length: 2.  Wait queue head age: 16391.5ms.)
04-14 11:40:56.980   709   795 I WindowManager: Input event dispatching timed out sending to com.zhihu.android/com.zhihu.android.app.ui.activity.MainActivity.  Reason: Waiting to send non-key event because the focused window has not finished processing certain input events that were delivered to it over 500.0ms ago.  Wait queue length: 2.  Wait queue head age: 21591.5ms.
04-14 11:40:57.139   709 29406 W InputManager: Input event injection from pid 2390 timed out.
04-14 11:40:57.210   709   774 I ActivityManager: Skipping duplicate ANR: ProcessRecord{22f65e32 1839:com.zhihu.android/u0a54} Input dispatching timed out (Waiting to send non-key event because the focused window has not finished processing certain input events that were delivered to it over 500.0ms ago.  Wait queue length: 2.  Wait queue head age: 21591.5ms.)
04-14 11:41:02.150   709   795 I WindowManager: Input event dispatching timed out sending to com.zhihu.android/com.zhihu.android.app.ui.activity.MainActivity.  Reason: Waiting to send non-key event because the focused window has not finished processing certain input events that were delivered to it over 500.0ms ago.  Wait queue length: 2.  Wait queue head age: 26761.5ms.
04-14 11:41:02.279   709 19422 W InputManager: Input event injection from pid 2390 timed out.
04-14 11:41:02.345   709   774 I ActivityManager: Skipping duplicate ANR: ProcessRecord{22f65e32 1839:com.zhihu.android/u0a54} Input dispatching timed out (Waiting to send non-key event because the focused window has not finished processing certain input events that were delivered to it over 500.0ms ago.  Wait queue length: 2.  Wait queue head age: 26761.5ms.)
04-14 11:41:07.290   709   795 I WindowManager: Input event dispatching timed out sending to com.zhihu.android/com.zhihu.android.app.ui.activity.MainActivity.  Reason: Waiting to send non-key event because the focused window has not finished processing certain input events that were delivered to it over 500.0ms ago.  Wait queue length: 2.  Wait queue head age: 31901.3ms.
04-14 11:41:07.442   709  4363 W InputManager: Input event injection from pid 2390 timed out.
04-14 11:41:07.475   709   774 I ActivityManager: Skipping duplicate ANR: ProcessRecord{22f65e32 1839:com.zhihu.android/u0a54} Input dispatching timed out (Waiting to send non-key event because the focused window has not finished processing certain input events that were delivered to it over 500.0ms ago.  Wait queue length: 2.  Wait queue head age: 31901.3ms.)
04-14 11:41:12.450   709   795 I WindowManager: Input event dispatching timed out sending to com.zhihu.android/com.zhihu.android.app.ui.activity.MainActivity.  Reason: Waiting to send non-key event because the focused window has not finished processing certain input events that were delivered to it over 500.0ms ago.  Wait queue length: 2.  Wait queue head age: 37061.5ms.
04-14 11:41:12.518   709  1248 W InputManager: Input event injection from pid 2390 timed out.
04-14 11:41:12.619   709   774 I ActivityManager: Skipping duplicate ANR: ProcessRecord{22f65e32 1839:com.zhihu.android/u0a54} Input dispatching timed out (Waiting to send non-key event because the focused window has not finished processing certain input events that were delivered to it over 500.0ms ago.  Wait queue length: 2.  Wait queue head age: 37061.5ms.)
04-14 11:41:17.560   709   795 I WindowManager: Input event dispatching timed out sending to com.zhihu.android/com.zhihu.android.app.ui.activity.MainActivity.  Reason: Waiting to send non-key event because the focused window has not finished processing certain input events that were delivered to it over 500.0ms ago.  Wait queue length: 2.  Wait queue head age: 42171.0ms.
04-14 11:41:17.647   709 19422 W InputManager: Input event injection from pid 2390 timed out.
04-14 11:41:17.678   709   774 I ActivityManager: Skipping duplicate ANR: ProcessRecord{22f65e32 1839:com.zhihu.android/u0a54} Input dispatching timed out (Waiting to send non-key event because the focused window has not finished processing certain input events that were delivered to it over 500.0ms ago.  Wait queue length: 2.  Wait queue head age: 42171.0ms.)
04-14 11:41:22.658   709   795 I WindowManager: Input event dispatching timed out sending to com.zhihu.android/com.zhihu.android.app.ui.activity.MainActivity.  Reason: Waiting to send non-key event because the focused window has not finished processing certain input events that were delivered to it over 500.0ms ago.  Wait queue length: 2.  Wait queue head age: 47269.2ms.
04-14 11:41:22.787   709   803 W InputManager: Input event injection from pid 2390 timed out.
04-14 11:41:22.872   709   774 W ProcessCpuTracker: Skipping unknown process pid 4216
04-14 11:41:22.876   709   774 I ActivityManager: Skipping duplicate ANR: ProcessRecord{22f65e32 1839:com.zhihu.android/u0a54} Input dispatching timed out (Waiting to send non-key event because the focused window has not finished processing certain input events that were delivered to it over 500.0ms ago.  Wait queue length: 2.  Wait queue head age: 47269.2ms.)
04-14 11:41:27.845   709   795 I WindowManager: Input event dispatching timed out sending to com.zhihu.android/com.zhihu.android.app.ui.activity.MainActivity.  Reason: Waiting to send non-key event because the focused window has not finished processing certain input events that were delivered to it over 500.0ms ago.  Wait queue length: 2.  Wait queue head age: 52456.6ms.
04-14 11:41:28.008   709   971 W InputManager: Input event injection from pid 2390 timed out.
04-14 11:41:28.032   709   774 I ActivityManager: Skipping duplicate ANR: ProcessRecord{22f65e32 1839:com.zhihu.android/u0a54} Input dispatching timed out (Waiting to send non-key event because the focused window has not finished processing certain input events that were delivered to it over 500.0ms ago.  Wait queue length: 2.  Wait queue head age: 52456.6ms.)
04-14 11:41:33.020   709   795 I WindowManager: Input event dispatching timed out sending to com.zhihu.android/com.zhihu.android.app.ui.activity.MainActivity.  Reason: Waiting to send key event because the focused window has not finished processing all of the input events that were previously delivered to it.  Outbound queue length: 0.  Wait queue length: 2.
04-14 11:41:33.179   709  1248 W InputManager: Input event injection from pid 2390 timed out.
04-14 11:41:33.228   709   774 I ActivityManager: Skipping duplicate ANR: ProcessRecord{22f65e32 1839:com.zhihu.android/u0a54} Input dispatching timed out (Waiting to send key event because the focused window has not finished processing all of the input events that were previously delivered to it.  Outbound queue length: 0.  Wait queue length: 2.)
04-14 11:41:38.198   709   795 I WindowManager: Input event dispatching timed out sending to com.zhihu.android/com.zhihu.android.app.ui.activity.MainActivity.  Reason: Waiting to send key event because the focused window has not finished processing all of the input events that were previously delivered to it.  Outbound queue length: 0.  Wait queue length: 2.
04-14 11:41:38.408   709  1214 W InputManager: Input event injection from pid 2390 timed out.
04-14 11:41:38.431   709   774 I ActivityManager: Skipping duplicate ANR: ProcessRecord{22f65e32 1839:com.zhihu.android/u0a54} Input dispatching timed out (Waiting to send key event because the focused window has not finished processing all of the input events that were previously delivered to it.  Outbound queue length: 0.  Wait queue length: 2.)
04-14 11:41:44.413   709   795 I WindowManager: Input event dispatching timed out sending to com.zhihu.android/com.zhihu.android.app.ui.activity.MainActivity.  Reason: Waiting to send key event because the focused window has not finished processing all of the input events that were previously delivered to it.  Outbound queue length: 0.  Wait queue length: 2.
04-14 11:41:44.574   709  1248 W InputManager: Input event injection from pid 2390 timed out.
04-14 11:41:44.775   709   774 I ActivityManager: Skipping duplicate ANR: ProcessRecord{22f65e32 1839:com.zhihu.android/u0a54} Input dispatching timed out (Waiting to send key event because the focused window has not finished processing all of the input events that were previously delivered to it.  Outbound queue length: 0.  Wait queue length: 2.)
04-14 11:41:49.619   709   795 I WindowManager: Input event dispatching timed out sending to com.zhihu.android/com.zhihu.android.app.ui.activity.MainActivity.  Reason: Waiting to send key event because the focused window has not finished processing all of the input events that were previously delivered to it.  Outbound queue length: 0.  Wait queue length: 2.
04-14 11:41:49.711   709 29406 W InputManager: Input event injection from pid 2390 timed out.
04-14 11:41:49.738   709   774 I ActivityManager: Skipping duplicate ANR: ProcessRecord{22f65e32 1839:com.zhihu.android/u0a54} Input dispatching timed out (Waiting to send key event because the focused window has not finished processing all of the input events that were previously delivered to it.  Outbound queue length: 0.  Wait queue length: 2.)
04-14 11:41:53.917   709  1127 I ActivityManager: START u0 {act=android.intent.action.SEND typ=text/plain flg=0x80001 cmp=com.android.bluetooth/.opp.BluetoothOppLauncherActivity (has clip) (has extras)} from uid 10054 on display 0
04-14 11:42:26.281   709   795 I WindowManager: Input event dispatching timed out sending to com.zhihu.android/com.zhihu.android.app.ui.activity.MainActivity.  Reason: Waiting to send non-key event because the touched window has not finished processing certain input events that were delivered to it over 500.0ms ago.  Wait queue length: 1.  Wait queue head age: 6006.5ms.
04-14 11:42:26.629   709  1127 W InputManager: Input event injection from pid 2390 timed out.
04-14 11:42:26.635   709  1213 W InputManager: Input event injection from pid 2390 failed.
04-14 11:42:26.639   709 11650 W InputManager: Input event injection from pid 2390 failed.
04-14 11:42:26.642   709  1214 W InputManager: Input event injection from pid 2390 failed.
04-14 11:42:26.646   709  1127 W InputManager: Input event injection from pid 2390 failed.
04-14 11:42:26.648   709  1213 W InputManager: Input event injection from pid 2390 failed.
04-14 11:42:29.989   709   774 I ActivityManager: Skipping duplicate ANR: ProcessRecord{22f65e32 1839:com.zhihu.android/u0a54} Input dispatching timed out (Waiting to send non-key event because the touched window has not finished processing certain input events that were delivered to it over 500.0ms ago.  Wait queue length: 1.  Wait queue head age: 6006.5ms.)
04-14 11:42:32.275   709  1214 V WindowManager: Adding window Window{3c5488cc u0 SubPanel:com.zhihu.android/com.zhihu.android.app.ui.activity.MainActivity} at 3 of 9 (after Window{14616ff5 u0 com.zhihu.android/com.zhihu.android.app.ui.activity.MainActivity})
04-14 11:42:34.412   709   971 W InputMethodManagerService: Window already focused, ignoring focus gain of: com.android.internal.view.IInputMethodClient$Stub$Proxy@b749715 attribute=null, token = android.os.BinderProxy@26bbb92c
04-14 11:42:45.979   709   795 I WindowManager: Input event dispatching timed out sending to com.zhihu.android/com.zhihu.android.app.ui.activity.MainActivity.  Reason: Waiting to send key event because the focused window has not finished processing all of the input events that were previously delivered to it.  Outbound queue length: 0.  Wait queue length: 9.
04-14 11:42:46.116   709   774 I ActivityManager: Skipping duplicate ANR: ProcessRecord{22f65e32 1839:com.zhihu.android/u0a54} Input dispatching timed out (Waiting to send key event because the focused window has not finished processing all of the input events that were previously delivered to it.  Outbound queue length: 0.  Wait queue length: 9.)
04-14 11:42:54.198   853   853 W ViewRootImpl: Dropping event due to no window focus: KeyEvent { action=ACTION_DOWN, keyCode=KEYCODE_DPAD_RIGHT, scanCode=0, metaState=0, flags=0x8, repeatCount=0, eventTime=5406507, downTime=5406507, deviceId=-1, source=0x101 }
04-14 11:42:54.210   853   853 W ViewRootImpl: Cancelling event due to no window focus: KeyEvent { action=ACTION_UP, keyCode=KEYCODE_DPAD_RIGHT, scanCode=0, metaState=0, flags=0x28, repeatCount=0, eventTime=5406509, downTime=5406509, deviceId=-1, source=0x101 }
04-14 11:42:54.235   853   853 W ViewRootImpl: Cancelling event due to no window focus: KeyEvent { action=ACTION_UP, keyCode=KEYCODE_DPAD_RIGHT, scanCode=0, metaState=0, flags=0x28, repeatCount=0, eventTime=5406509, downTime=5406509, deviceId=-1, source=0x101 }
04-14 11:42:54.236   853   853 W ViewRootImpl: Cancelling event due to no window focus: KeyEvent { action=ACTION_UP, keyCode=KEYCODE_DPAD_RIGHT, scanCode=0, metaState=0, flags=0x28, repeatCount=0, eventTime=5406509, downTime=5406509, deviceId=-1, source=0x101 }
04-14 11:42:54.237   853   853 W ViewRootImpl: Cancelling event due to no window focus: KeyEvent { action=ACTION_UP, keyCode=KEYCODE_DPAD_RIGHT, scanCode=0, metaState=0, flags=0x28, repeatCount=0, eventTime=5406509, downTime=5406509, deviceId=-1, source=0x101 }
04-14 11:42:54.275   853   853 W ViewRootImpl: Cancelling event due to no window focus: KeyEvent { action=ACTION_UP, keyCode=KEYCODE_DPAD_RIGHT, scanCode=0, metaState=0, flags=0x28, repeatCount=0, eventTime=5406509, downTime=5406509, deviceId=-1, source=0x101 }
04-14 11:42:54.308   853   853 W ViewRootImpl: Cancelling event due to no window focus: KeyEvent { action=ACTION_UP, keyCode=KEYCODE_DPAD_RIGHT, scanCode=0, metaState=0, flags=0x28, repeatCount=0, eventTime=5406509, downTime=5406509, deviceId=-1, source=0x101 }
04-14 11:42:54.422   853   853 W ViewRootImpl: Cancelling event due to no window focus: KeyEvent { action=ACTION_UP, keyCode=KEYCODE_DPAD_RIGHT, scanCode=0, metaState=0, flags=0x80000028, repeatCount=0, eventTime=5406509, downTime=5406509, deviceId=-1, source=0x101 }
04-14 11:42:54.423   853   853 W ViewRootImpl: Cancelling event due to no window focus: KeyEvent { action=ACTION_UP, keyCode=KEYCODE_DPAD_RIGHT, scanCode=0, metaState=0, flags=0x80000028, repeatCount=0, eventTime=5406509, downTime=5406509, deviceId=-1, source=0x101 }
04-14 11:42:54.423   853   853 W ViewRootImpl: Cancelling event due to no window focus: KeyEvent { action=ACTION_UP, keyCode=KEYCODE_DPAD_RIGHT, scanCode=0, metaState=0, flags=0x80000028, repeatCount=0, eventTime=5406509, downTime=5406509, deviceId=-1, source=0x101 }
04-14 11:42:59.020   709   774 I ProcessStatsService: Prepared write state in 9ms
04-14 11:43:01.364   709  1248 W InputMethodManagerService: Window already focused, ignoring focus gain of: com.android.internal.view.IInputMethodClient$Stub$Proxy@33050793 attribute=null, token = android.os.BinderProxy@26bbb92c
04-14 11:43:12.142   709   971 V WindowManager: Adding window Window{38809fc9 u0 SubPanel:com.zhihu.android/com.zhihu.android.app.ui.activity.MainActivity} at 3 of 9 (after Window{14616ff5 u0 com.zhihu.android/com.zhihu.android.app.ui.activity.MainActivity})
04-14 11:43:18.919  1839  1839 W ViewRootImpl: Dropping event due to no window focus: KeyEvent { action=ACTION_DOWN, keyCode=KEYCODE_MENU, scanCode=0, metaState=0, flags=0x8, repeatCount=0, eventTime=5426209, downTime=5426209, deviceId=-1, source=0x101 }
04-14 11:43:18.920  1839  1839 W ViewRootImpl: Cancelling event due to no window focus: KeyEvent { action=ACTION_UP, keyCode=KEYCODE_MENU, scanCode=0, metaState=0, flags=0x28, repeatCount=0, eventTime=5431484, downTime=5431484, deviceId=-1, source=0x101 }
04-14 11:43:18.921  1839  1839 W ViewRootImpl: Cancelling event due to no window focus: KeyEvent { action=ACTION_UP, keyCode=KEYCODE_MENU, scanCode=0, metaState=0, flags=0x28, repeatCount=0, eventTime=5431484, downTime=5431484, deviceId=-1, source=0x101 }
04-14 11:43:18.921  1839  1839 W ViewRootImpl: Cancelling event due to no window focus: KeyEvent { action=ACTION_UP, keyCode=KEYCODE_MENU, scanCode=0, metaState=0, flags=0x28, repeatCount=0, eventTime=5431484, downTime=5431484, deviceId=-1, source=0x101 }
04-14 11:43:18.922  1839  1839 W ViewRootImpl: Cancelling event due to no window focus: KeyEvent { action=ACTION_UP, keyCode=KEYCODE_MENU, scanCode=0, metaState=0, flags=0x28, repeatCount=0, eventTime=5431484, downTime=5431484, deviceId=-1, source=0x101 }
04-14 11:43:18.928  1839  1839 W ViewRootImpl: Cancelling event due to no window focus: KeyEvent { action=ACTION_UP, keyCode=KEYCODE_MENU, scanCode=0, metaState=0, flags=0x28, repeatCount=0, eventTime=5431484, downTime=5431484, deviceId=-1, source=0x101 }
04-14 11:43:18.928  1839  1839 W ViewRootImpl: Cancelling event due to no window focus: KeyEvent { action=ACTION_UP, keyCode=KEYCODE_MENU, scanCode=0, metaState=0, flags=0x28, repeatCount=0, eventTime=5431484, downTime=5431484, deviceId=-1, source=0x101 }
04-14 11:43:19.990   709  1214 W InputMethodManagerService: Window already focused, ignoring focus gain of: com.android.internal.view.IInputMethodClient$Stub$Proxy@1de976ce attribute=null, token = android.os.BinderProxy@26bbb92c
04-14 11:43:20.265   709   970 V WindowManager: Adding window Window{1471bcfc u0 SubPanel:com.zhihu.android/com.zhihu.android.app.ui.activity.MainActivity} at 3 of 9 (after Window{14616ff5 u0 com.zhihu.android/com.zhihu.android.app.ui.activity.MainActivity})
04-14 11:43:24.090   709 19422 W ProcessCpuTracker: Skipping unknown process pid 31958
04-14 11:43:24.143  1839  1839 W ViewRootImpl: Cancelling event due to no window focus: KeyEvent { action=ACTION_UP, keyCode=KEYCODE_DPAD_RIGHT, scanCode=0, metaState=0, flags=0x80000420, repeatCount=0, eventTime=5432671, downTime=5432671, deviceId=-1, source=0x101 }
04-14 11:43:24.143  1839  1839 W ViewRootImpl: Dropping event due to no window focus: KeyEvent { action=ACTION_DOWN, keyCode=KEYCODE_DPAD_RIGHT, scanCode=0, metaState=0, flags=0x400, repeatCount=0, eventTime=5432671, downTime=5432671, deviceId=-1, source=0x101 }
04-14 11:43:24.144  1839  1839 W ViewRootImpl: Cancelling event due to no window focus: KeyEvent { action=ACTION_UP, keyCode=KEYCODE_DPAD_RIGHT, scanCode=0, metaState=0, flags=0x420, repeatCount=0, eventTime=5432671, downTime=5432671, deviceId=-1, source=0x101 }
04-14 11:43:26.279   709   970 W InputMethodManagerService: Window already focused, ignoring focus gain of: com.android.internal.view.IInputMethodClient$Stub$Proxy@2ea6f85 attribute=null, token = android.os.BinderProxy@26bbb92c
04-14 11:43:35.439   709   795 I WindowManager: Input event dispatching timed out sending to com.zhihu.android/com.zhihu.android.app.ui.activity.MainActivity.  Reason: Waiting to send key event because the focused window has not finished processing all of the input events that were previously delivered to it.  Outbound queue length: 0.  Wait queue length: 1.
04-14 11:43:35.594   709 19422 W InputManager: Input event injection from pid 2390 timed out.
04-14 11:43:35.617   709   774 I ActivityManager: Skipping duplicate ANR: ProcessRecord{22f65e32 1839:com.zhihu.android/u0a54} Input dispatching timed out (Waiting to send key event because the focused window has not finished processing all of the input events that were previously delivered to it.  Outbound queue length: 0.  Wait queue length: 1.)
04-14 11:43:41.600   709   795 I WindowManager: Input event dispatching timed out sending to com.zhihu.android/com.zhihu.android.app.ui.activity.MainActivity.  Reason: Waiting to send key event because the focused window has not finished processing all of the input events that were previously delivered to it.  Outbound queue length: 0.  Wait queue length: 2.
04-14 11:43:41.761   709  1214 W InputManager: Input event injection from pid 2390 timed out.
04-14 11:43:43.360   709   774 I ActivityManager: Skipping duplicate ANR: ProcessRecord{22f65e32 1839:com.zhihu.android/u0a54} Input dispatching timed out (Waiting to send key event because the focused window has not finished processing all of the input events that were previously delivered to it.  Outbound queue length: 0.  Wait queue length: 2.)
04-14 11:43:48.796   709   971 I ActivityManager: START u0 {act=android.intent.action.SEND typ=text/plain flg=0x80001 cmp=com.zhihu.android/.app.ui.activity.share.ShareToFeedActivity (has clip) (has extras)} from uid 10054 on display 0
04-14 11:43:48.808   709   971 V WindowManager: addAppToken: AppWindowToken{149bace8 token=Token{2943d60b ActivityRecord{31aa31da u0 com.zhihu.android/.app.ui.activity.share.ShareToFeedActivity t4}}} to stack=1 task=4 at 0
04-14 11:43:49.179   709  1213 I ActivityManager: START u0 {act=android.intent.action.SEND typ=text/plain flg=0x10080001 cmp=com.zhihu.android/.app.ui.activity.MainActivity (has clip) (has extras)} from uid 10054 on display 0
04-14 11:43:49.183   709  1213 I ActivityManager: Ignoring FLAG_ACTIVITY_NEW_DOCUMENT, launchMode is "singleInstance" or "singleTask"
04-14 11:43:49.333   709  4388 W InputMethodManagerService: Window already focused, ignoring focus gain of: com.android.internal.view.IInputMethodClient$Stub$Proxy@288991a6 attribute=null, token = android.os.BinderProxy@26bbb92c
04-14 11:43:54.576  1839  1839 W ViewRootImpl: Dropping event due to no window focus: KeyEvent { action=ACTION_DOWN, keyCode=KEYCODE_DPAD_LEFT, scanCode=0, metaState=0, flags=0x8, repeatCount=0, eventTime=5466401, downTime=5466401, deviceId=-1, source=0x101 }
04-14 11:43:54.581  1839  1839 W ViewRootImpl: Cancelling event due to no window focus: KeyEvent { action=ACTION_UP, keyCode=KEYCODE_DPAD_LEFT, scanCode=0, metaState=0, flags=0x28, repeatCount=0, eventTime=5466403, downTime=5466403, deviceId=-1, source=0x101 }
04-14 11:43:54.582  1839  1839 W ViewRootImpl: Cancelling event due to no window focus: KeyEvent { action=ACTION_UP, keyCode=KEYCODE_DPAD_LEFT, scanCode=0, metaState=0, flags=0x28, repeatCount=0, eventTime=5466403, downTime=5466403, deviceId=-1, source=0x101 }
04-14 11:43:54.582  1839  1839 W ViewRootImpl: Cancelling event due to no window focus: KeyEvent { action=ACTION_UP, keyCode=KEYCODE_DPAD_LEFT, scanCode=0, metaState=0, flags=0x28, repeatCount=0, eventTime=5466403, downTime=5466403, deviceId=-1, source=0x101 }
04-14 11:43:54.591  1839  1839 W ViewRootImpl: Cancelling event due to no window focus: KeyEvent { action=ACTION_UP, keyCode=KEYCODE_DPAD_LEFT, scanCode=0, metaState=0, flags=0x28, repeatCount=0, eventTime=5466403, downTime=5466403, deviceId=-1, source=0x101 }
04-14 11:43:54.591  1839  1839 W ViewRootImpl: Cancelling event due to no window focus: KeyEvent { action=ACTION_UP, keyCode=KEYCODE_DPAD_LEFT, scanCode=0, metaState=0, flags=0x28, repeatCount=0, eventTime=5466403, downTime=5466403, deviceId=-1, source=0x101 }
04-14 11:43:54.592  1839  1839 W ViewRootImpl: Cancelling event due to no window focus: KeyEvent { action=ACTION_UP, keyCode=KEYCODE_DPAD_LEFT, scanCode=0, metaState=0, flags=0x28, repeatCount=0, eventTime=5466403, downTime=5466403, deviceId=-1, source=0x101 }
04-14 11:43:54.744   709  1214 W InputMethodManagerService: Window already focused, ignoring focus gain of: com.android.internal.view.IInputMethodClient$Stub$Proxy@354c0a3d attribute=null, token = android.os.BinderProxy@26bbb92c
04-14 11:43:56.797   709  4388 I ActivityManager: START u0 {act=android.intent.action.SEND typ=text/plain flg=0x80001 cmp=com.zhihu.android/.app.ui.activity.share.ShareToFeedActivity (has clip) (has extras)} from uid 10054 on display 0
04-14 11:43:56.816   709  4388 V WindowManager: addAppToken: AppWindowToken{2d153100 token=Token{22cefb83 ActivityRecord{4ad2232 u0 com.zhihu.android/.app.ui.activity.share.ShareToFeedActivity t5}}} to stack=1 task=5 at 0
04-14 11:43:57.070   709  1214 I ActivityManager: START u0 {act=android.intent.action.SEND typ=text/plain flg=0x10080001 cmp=com.zhihu.android/.app.ui.activity.MainActivity (has clip) (has extras)} from uid 10054 on display 0
04-14 11:43:57.073   709  1214 I ActivityManager: Ignoring FLAG_ACTIVITY_NEW_DOCUMENT, launchMode is "singleInstance" or "singleTask"
04-14 11:43:57.222   709  4388 W InputMethodManagerService: Window already focused, ignoring focus gain of: com.android.internal.view.IInputMethodClient$Stub$Proxy@13072f7e attribute=null, token = android.os.BinderProxy@26bbb92c
04-14 11:43:57.775   709  4363 V WindowManager: Adding window Window{3e1c5d2c u0 SubPanel:com.zhihu.android/com.zhihu.android.app.ui.activity.MainActivity} at 3 of 9 (after Window{14616ff5 u0 com.zhihu.android/com.zhihu.android.app.ui.activity.MainActivity})
04-14 11:43:58.915   709   971 W InputMethodManagerService: Window already focused, ignoring focus gain of: com.android.internal.view.IInputMethodClient$Stub$Proxy@127f43f5 attribute=null, token = android.os.BinderProxy@26bbb92c
04-14 11:44:01.698   709  4388 W ProcessCpuTracker: Skipping unknown process pid 7987
04-14 11:44:02.801   709  4388 I ActivityManager: START u0 {act=android.intent.action.MAIN cat=[android.intent.category.LAUNCHER] flg=0x10200000 cmp=com.zhihu.android/.app.ui.activity.MainActivity} from uid 0 on display 0
04-14 11:44:34.586   709   726 I ActivityManager: START u0 {act=android.intent.action.MAIN cat=[android.intent.category.LAUNCHER] flg=0x10200000 cmp=com.zhihu.android/.app.ui.activity.MainActivity} from uid 0 on display 0
04-14 11:44:43.056   709  1248 V WindowManager: Adding window Window{f6c9c19 u0 SubPanel:com.zhihu.android/com.zhihu.android.app.ui.activity.MainActivity} at 3 of 9 (after Window{14616ff5 u0 com.zhihu.android/com.zhihu.android.app.ui.activity.MainActivity})
04-14 11:44:43.067  1839  1839 W ViewRootImpl: Dropping event due to no window focus: KeyEvent { action=ACTION_DOWN, keyCode=KEYCODE_DPAD_CENTER, scanCode=0, metaState=0, flags=0x8, repeatCount=0, eventTime=5514967, downTime=5514967, deviceId=-1, source=0x101 }
04-14 11:44:43.071  1839  1839 W ViewRootImpl: Cancelling event due to no window focus: KeyEvent { action=ACTION_UP, keyCode=KEYCODE_DPAD_CENTER, scanCode=0, metaState=0, flags=0x28, repeatCount=0, eventTime=5515641, downTime=5515641, deviceId=-1, source=0x101 }
04-14 11:44:43.072  1839  1839 W ViewRootImpl: Cancelling event due to no window focus: KeyEvent { action=ACTION_UP, keyCode=KEYCODE_DPAD_CENTER, scanCode=0, metaState=0, flags=0x28, repeatCount=0, eventTime=5515641, downTime=5515641, deviceId=-1, source=0x101 }
04-14 11:44:43.072  1839  1839 W ViewRootImpl: Cancelling event due to no window focus: KeyEvent { action=ACTION_UP, keyCode=KEYCODE_DPAD_CENTER, scanCode=0, metaState=0, flags=0x28, repeatCount=0, eventTime=5515641, downTime=5515641, deviceId=-1, source=0x101 }
04-14 11:44:43.073  1839  1839 W ViewRootImpl: Cancelling event due to no window focus: KeyEvent { action=ACTION_UP, keyCode=KEYCODE_DPAD_CENTER, scanCode=0, metaState=0, flags=0x28, repeatCount=0, eventTime=5515641, downTime=5515641, deviceId=-1, source=0x101 }
04-14 11:44:43.074  1839  1839 W ViewRootImpl: Cancelling event due to no window focus: KeyEvent { action=ACTION_UP, keyCode=KEYCODE_DPAD_CENTER, scanCode=0, metaState=0, flags=0x28, repeatCount=0, eventTime=5515641, downTime=5515641, deviceId=-1, source=0x101 }
04-14 11:44:43.074  1839  1839 W ViewRootImpl: Cancelling event due to no window focus: KeyEvent { action=ACTION_UP, keyCode=KEYCODE_DPAD_CENTER, scanCode=0, metaState=0, flags=0x28, repeatCount=0, eventTime=5515641, downTime=5515641, deviceId=-1, source=0x101 }
04-14 11:44:43.082  1839  1839 W ViewRootImpl: Cancelling event due to no window focus: KeyEvent { action=ACTION_UP, keyCode=KEYCODE_DPAD_CENTER, scanCode=0, metaState=0, flags=0x80000028, repeatCount=0, eventTime=5515641, downTime=5515641, deviceId=-1, source=0x101 }
04-14 11:44:43.083  1839  1839 W ViewRootImpl: Cancelling event due to no window focus: KeyEvent { action=ACTION_UP, keyCode=KEYCODE_DPAD_CENTER, scanCode=0, metaState=0, flags=0x80000028, repeatCount=0, eventTime=5515641, downTime=5515641, deviceId=-1, source=0x101 }
04-14 11:44:43.083  1839  1839 W ViewRootImpl: Cancelling event due to no window focus: KeyEvent { action=ACTION_UP, keyCode=KEYCODE_DPAD_CENTER, scanCode=0, metaState=0, flags=0x80000028, repeatCount=0, eventTime=5515641, downTime=5515641, deviceId=-1, source=0x101 }
04-14 11:44:48.064   709  4388 W ActivityManager: Permission Denial: opening provider com.android.launcher3.LauncherProvider from ProcessRecord{22f65e32 1839:com.zhihu.android/u0a54} (pid=1839, uid=10054) requires com.android.launcher3.permission.READ_SETTINGS or com.android.launcher3.permission.WRITE_SETTINGS
04-14 11:44:48.516   709 11650 W InputMethodManagerService: Window already focused, ignoring focus gain of: com.android.internal.view.IInputMethodClient$Stub$Proxy@24a1e0d5 attribute=android.view.inputmethod.EditorInfo@252bd0ea, token = android.os.BinderProxy@26bbb92c
04-14 11:44:53.261   709   774 W ProcessCpuTracker: Skipping unknown process pid 19690
04-14 11:44:53.263   709   774 W ProcessCpuTracker: Skipping unknown process pid 19797
04-14 11:45:00.114   709   725 V WindowManager: Adding window Window{36958a78 u0 SubPanel:com.zhihu.android/com.zhihu.android.app.ui.activity.MainActivity} at 3 of 9 (after Window{14616ff5 u0 com.zhihu.android/com.zhihu.android.app.ui.activity.MainActivity})
04-14 11:45:01.928   709  4388 W ProcessCpuTracker: Skipping unknown process pid 21866
04-14 11:45:03.641   709  1127 W InputMethodManagerService: Window already focused, ignoring focus gain of: com.android.internal.view.IInputMethodClient$Stub$Proxy@1eacb551 attribute=null, token = android.os.BinderProxy@26bbb92c
04-14 11:45:19.327   709  1127 V WindowManager: Adding window Window{2d072eb7 u0 SubPanel:com.zhihu.android/com.zhihu.android.app.ui.activity.MainActivity} at 3 of 9 (after Window{14616ff5 u0 com.zhihu.android/com.zhihu.android.app.ui.activity.MainActivity})
04-14 11:45:19.345  1839  1839 W ViewRootImpl: Dropping event due to no window focus: KeyEvent { action=ACTION_DOWN, keyCode=KEYCODE_DPAD_CENTER, scanCode=0, metaState=0, flags=0x8, repeatCount=0, eventTime=5550123, downTime=5550123, deviceId=-1, source=0x101 }
04-14 11:45:19.376  1839  1839 W ViewRootImpl: Cancelling event due to no window focus: KeyEvent { action=ACTION_UP, keyCode=KEYCODE_DPAD_CENTER, scanCode=0, metaState=0, flags=0x28, repeatCount=0, eventTime=5551914, downTime=5551914, deviceId=-1, source=0x101 }
04-14 11:45:19.377  1839  1839 W ViewRootImpl: Cancelling event due to no window focus: KeyEvent { action=ACTION_UP, keyCode=KEYCODE_DPAD_CENTER, scanCode=0, metaState=0, flags=0x28, repeatCount=0, eventTime=5551914, downTime=5551914, deviceId=-1, source=0x101 }
04-14 11:45:19.377  1839  1839 W ViewRootImpl: Cancelling event due to no window focus: KeyEvent { action=ACTION_UP, keyCode=KEYCODE_DPAD_CENTER, scanCode=0, metaState=0, flags=0x28, repeatCount=0, eventTime=5551914, downTime=5551914, deviceId=-1, source=0x101 }
04-14 11:45:19.378  1839  1839 W ViewRootImpl: Cancelling event due to no window focus: KeyEvent { action=ACTION_UP, keyCode=KEYCODE_DPAD_CENTER, scanCode=0, metaState=0, flags=0x28, repeatCount=0, eventTime=5551914, downTime=5551914, deviceId=-1, source=0x101 }
04-14 11:45:19.388  1839  1839 W ViewRootImpl: Cancelling event due to no window focus: KeyEvent { action=ACTION_UP, keyCode=KEYCODE_DPAD_CENTER, scanCode=0, metaState=0, flags=0x28, repeatCount=0, eventTime=5551914, downTime=5551914, deviceId=-1, source=0x101 }
04-14 11:45:19.388  1839  1839 W ViewRootImpl: Cancelling event due to no window focus: KeyEvent { action=ACTION_UP, keyCode=KEYCODE_DPAD_CENTER, scanCode=0, metaState=0, flags=0x28, repeatCount=0, eventTime=5551914, downTime=5551914, deviceId=-1, source=0x101 }
04-14 11:45:19.433  1839  1839 W ViewRootImpl: Cancelling event due to no window focus: KeyEvent { action=ACTION_UP, keyCode=KEYCODE_DPAD_CENTER, scanCode=0, metaState=0, flags=0x80000028, repeatCount=0, eventTime=5551914, downTime=5551914, deviceId=-1, source=0x101 }
04-14 11:45:19.434  1839  1839 W ViewRootImpl: Cancelling event due to no window focus: KeyEvent { action=ACTION_UP, keyCode=KEYCODE_DPAD_CENTER, scanCode=0, metaState=0, flags=0x80000028, repeatCount=0, eventTime=5551914, downTime=5551914, deviceId=-1, source=0x101 }
04-14 11:45:19.434  1839  1839 W ViewRootImpl: Cancelling event due to no window focus: KeyEvent { action=ACTION_UP, keyCode=KEYCODE_DPAD_CENTER, scanCode=0, metaState=0, flags=0x80000028, repeatCount=0, eventTime=5551914, downTime=5551914, deviceId=-1, source=0x101 }
04-14 11:45:23.713  1839  1839 W ViewRootImpl: Dropping event due to no window focus: KeyEvent { action=ACTION_DOWN, keyCode=KEYCODE_DPAD_RIGHT, scanCode=0, metaState=0, flags=0x8, repeatCount=0, eventTime=5555345, downTime=5555345, deviceId=-1, source=0x101 }
04-14 11:45:23.714  1839  1839 W ViewRootImpl: Cancelling event due to no window focus: KeyEvent { action=ACTION_UP, keyCode=KEYCODE_DPAD_RIGHT, scanCode=0, metaState=0, flags=0x28, repeatCount=0, eventTime=5555346, downTime=5555346, deviceId=-1, source=0x101 }
04-14 11:45:23.715  1839  1839 W ViewRootImpl: Cancelling event due to no window focus: KeyEvent { action=ACTION_UP, keyCode=KEYCODE_DPAD_RIGHT, scanCode=0, metaState=0, flags=0x28, repeatCount=0, eventTime=5555346, downTime=5555346, deviceId=-1, source=0x101 }
04-14 11:45:23.715  1839  1839 W ViewRootImpl: Cancelling event due to no window focus: KeyEvent { action=ACTION_UP, keyCode=KEYCODE_DPAD_RIGHT, scanCode=0, metaState=0, flags=0x28, repeatCount=0, eventTime=5555346, downTime=5555346, deviceId=-1, source=0x101 }
04-14 11:45:24.109   709  4388 W InputMethodManagerService: Window already focused, ignoring focus gain of: com.android.internal.view.IInputMethodClient$Stub$Proxy@34d4d624 attribute=null, token = android.os.BinderProxy@26bbb92c
04-14 11:45:36.278   709  4363 V WindowManager: Adding window Window{11dda945 u0 SubPanel:com.zhihu.android/com.zhihu.android.app.ui.activity.MainActivity} at 3 of 9 (after Window{14616ff5 u0 com.zhihu.android/com.zhihu.android.app.ui.activity.MainActivity})
04-14 11:45:39.662   709   774 I ActivityManager: Waited long enough for: ServiceRecord{1bb6558d u0 com.android.music/.MediaPlaybackService}
04-14 11:45:40.567  1839  1839 W ViewRootImpl: Dropping event due to no window focus: KeyEvent { action=ACTION_DOWN, keyCode=KEYCODE_DPAD_UP, scanCode=0, metaState=0, flags=0x8, repeatCount=0, eventTime=5572714, downTime=5572714, deviceId=-1, source=0x101 }
04-14 11:45:40.568  1839  1839 W ViewRootImpl: Cancelling event due to no window focus: KeyEvent { action=ACTION_UP, keyCode=KEYCODE_DPAD_UP, scanCode=0, metaState=0, flags=0x28, repeatCount=0, eventTime=5572716, downTime=5572716, deviceId=-1, source=0x101 }
04-14 11:45:40.569  1839  1839 W ViewRootImpl: Cancelling event due to no window focus: KeyEvent { action=ACTION_UP, keyCode=KEYCODE_DPAD_UP, scanCode=0, metaState=0, flags=0x28, repeatCount=0, eventTime=5572716, downTime=5572716, deviceId=-1, source=0x101 }
04-14 11:45:40.569  1839  1839 W ViewRootImpl: Cancelling event due to no window focus: KeyEvent { action=ACTION_UP, keyCode=KEYCODE_DPAD_UP, scanCode=0, metaState=0, flags=0x28, repeatCount=0, eventTime=5572716, downTime=5572716, deviceId=-1, source=0x101 }
04-14 11:45:40.570  1839  1839 W ViewRootImpl: Cancelling event due to no window focus: KeyEvent { action=ACTION_UP, keyCode=KEYCODE_DPAD_UP, scanCode=0, metaState=0, flags=0x28, repeatCount=0, eventTime=5572716, downTime=5572716, deviceId=-1, source=0x101 }
04-14 11:45:40.571  1839  1839 W ViewRootImpl: Cancelling event due to no window focus: KeyEvent { action=ACTION_UP, keyCode=KEYCODE_DPAD_UP, scanCode=0, metaState=0, flags=0x28, repeatCount=0, eventTime=5572716, downTime=5572716, deviceId=-1, source=0x101 }
04-14 11:45:40.571  1839  1839 W ViewRootImpl: Cancelling event due to no window focus: KeyEvent { action=ACTION_UP, keyCode=KEYCODE_DPAD_UP, scanCode=0, metaState=0, flags=0x28, repeatCount=0, eventTime=5572716, downTime=5572716, deviceId=-1, source=0x101 }
04-14 11:45:40.575  1839  1839 W ViewRootImpl: Cancelling event due to no window focus: KeyEvent { action=ACTION_UP, keyCode=KEYCODE_DPAD_UP, scanCode=0, metaState=0, flags=0x80000028, repeatCount=0, eventTime=5572716, downTime=5572716, deviceId=-1, source=0x101 }
04-14 11:45:40.576  1839  1839 W ViewRootImpl: Cancelling event due to no window focus: KeyEvent { action=ACTION_UP, keyCode=KEYCODE_DPAD_UP, scanCode=0, metaState=0, flags=0x80000028, repeatCount=0, eventTime=5572716, downTime=5572716, deviceId=-1, source=0x101 }
04-14 11:45:40.577  1839  1839 W ViewRootImpl: Cancelling event due to no window focus: KeyEvent { action=ACTION_UP, keyCode=KEYCODE_DPAD_UP, scanCode=0, metaState=0, flags=0x80000028, repeatCount=0, eventTime=5572716, downTime=5572716, deviceId=-1, source=0x101 }
04-14 11:45:45.280  1839  1839 W ViewRootImpl: Dropping event due to no window focus: KeyEvent { action=ACTION_DOWN, keyCode=KEYCODE_DPAD_LEFT, scanCode=0, metaState=0, flags=0x8, repeatCount=0, eventTime=5577746, downTime=5577746, deviceId=-1, source=0x101 }
04-14 11:45:45.920  1839  1839 W ViewRootImpl: Cancelling event due to no window focus: KeyEvent { action=ACTION_UP, keyCode=KEYCODE_DPAD_LEFT, scanCode=0, metaState=0, flags=0x28, repeatCount=0, eventTime=5577751, downTime=5577751, deviceId=-1, source=0x101 }
04-14 11:45:45.921  1839  1839 W ViewRootImpl: Cancelling event due to no window focus: KeyEvent { action=ACTION_UP, keyCode=KEYCODE_DPAD_LEFT, scanCode=0, metaState=0, flags=0x28, repeatCount=0, eventTime=5577751, downTime=5577751, deviceId=-1, source=0x101 }
04-14 11:45:45.921  1839  1839 W ViewRootImpl: Cancelling event due to no window focus: KeyEvent { action=ACTION_UP, keyCode=KEYCODE_DPAD_LEFT, scanCode=0, metaState=0, flags=0x28, repeatCount=0, eventTime=5577751, downTime=5577751, deviceId=-1, source=0x101 }
04-14 11:45:46.233   709  1127 W InputMethodManagerService: Window already focused, ignoring focus gain of: com.android.internal.view.IInputMethodClient$Stub$Proxy@1552489a attribute=null, token = android.os.BinderProxy@26bbb92c
04-14 11:45:50.919   709   774 W ProcessCpuTracker: Skipping unknown process pid 1019
04-14 11:45:57.892   709   970 V WindowManager: Adding window Window{37bc81a8 u0 SubPanel:com.zhihu.android/com.zhihu.android.app.ui.activity.MainActivity} at 3 of 9 (after Window{14616ff5 u0 com.zhihu.android/com.zhihu.android.app.ui.activity.MainActivity})
04-14 11:46:11.690   709  1127 V WindowManager: Adding window Window{327c5466 u0 SubPanel:com.zhihu.android/com.zhihu.android.app.ui.activity.MainActivity} at 3 of 9 (after Window{14616ff5 u0 com.zhihu.android/com.zhihu.android.app.ui.activity.MainActivity})
04-14 11:46:12.038  1839  1839 W ViewRootImpl: Dropping event due to no window focus: KeyEvent { action=ACTION_DOWN, keyCode=KEYCODE_DPAD_CENTER, scanCode=0, metaState=0, flags=0x8, repeatCount=0, eventTime=5604561, downTime=5604561, deviceId=-1, source=0x101 }
04-14 11:46:12.111  1839  1839 W ViewRootImpl: Cancelling event due to no window focus: KeyEvent { action=ACTION_UP, keyCode=KEYCODE_DPAD_CENTER, scanCode=0, metaState=0, flags=0x28, repeatCount=0, eventTime=5604563, downTime=5604563, deviceId=-1, source=0x101 }
04-14 11:46:12.111  1839  1839 W ViewRootImpl: Cancelling event due to no window focus: KeyEvent { action=ACTION_UP, keyCode=KEYCODE_DPAD_CENTER, scanCode=0, metaState=0, flags=0x28, repeatCount=0, eventTime=5604563, downTime=5604563, deviceId=-1, source=0x101 }
04-14 11:46:12.112  1839  1839 W ViewRootImpl: Cancelling event due to no window focus: KeyEvent { action=ACTION_UP, keyCode=KEYCODE_DPAD_CENTER, scanCode=0, metaState=0, flags=0x28, repeatCount=0, eventTime=5604563, downTime=5604563, deviceId=-1, source=0x101 }
04-14 11:46:12.139  1839  1839 W ViewRootImpl: Cancelling event due to no window focus: KeyEvent { action=ACTION_UP, keyCode=KEYCODE_DPAD_CENTER, scanCode=0, metaState=0, flags=0x28, repeatCount=0, eventTime=5604563, downTime=5604563, deviceId=-1, source=0x101 }
04-14 11:46:12.143  1839  1839 W ViewRootImpl: Cancelling event due to no window focus: KeyEvent { action=ACTION_UP, keyCode=KEYCODE_DPAD_CENTER, scanCode=0, metaState=0, flags=0x28, repeatCount=0, eventTime=5604563, downTime=5604563, deviceId=-1, source=0x101 }
04-14 11:46:12.143  1839  1839 W ViewRootImpl: Cancelling event due to no window focus: KeyEvent { action=ACTION_UP, keyCode=KEYCODE_DPAD_CENTER, scanCode=0, metaState=0, flags=0x28, repeatCount=0, eventTime=5604563, downTime=5604563, deviceId=-1, source=0x101 }
04-14 11:46:12.206  1839  1839 W ViewRootImpl: Cancelling event due to no window focus: KeyEvent { action=ACTION_UP, keyCode=KEYCODE_DPAD_CENTER, scanCode=0, metaState=0, flags=0x80000028, repeatCount=0, eventTime=5604563, downTime=5604563, deviceId=-1, source=0x101 }
04-14 11:46:12.206  1839  1839 W ViewRootImpl: Cancelling event due to no window focus: KeyEvent { action=ACTION_UP, keyCode=KEYCODE_DPAD_CENTER, scanCode=0, metaState=0, flags=0x80000028, repeatCount=0, eventTime=5604563, downTime=5604563, deviceId=-1, source=0x101 }
04-14 11:46:12.207  1839  1839 W ViewRootImpl: Cancelling event due to no window focus: KeyEvent { action=ACTION_UP, keyCode=KEYCODE_DPAD_CENTER, scanCode=0, metaState=0, flags=0x80000028, repeatCount=0, eventTime=5604563, downTime=5604563, deviceId=-1, source=0x101 }
04-14 11:46:12.782   709  1127 W InputMethodManagerService: Window already focused, ignoring focus gain of: com.android.internal.view.IInputMethodClient$Stub$Proxy@d8b33a7 attribute=null, token = android.os.BinderProxy@26bbb92c
04-14 11:46:15.522   709   970 W InputMethodManagerService: Window already focused, ignoring focus gain of: com.android.internal.view.IInputMethodClient$Stub$Proxy@82c1054 attribute=null, token = android.os.BinderProxy@26bbb92c
04-14 11:46:21.967   709  1213 W ProcessCpuTracker: Skipping unknown process pid 8422
04-14 11:46:35.572   709   803 I ActivityManager: START u0 {act=android.intent.action.MAIN cat=[android.intent.category.LAUNCHER] flg=0x10200000 cmp=com.zhihu.android/.app.ui.activity.MainActivity} from uid 0 on display 0
04-14 11:46:37.700   709  4338 I ActivityManager: START u0 {act=android.intent.action.MAIN cat=[android.intent.category.LAUNCHER] flg=0x10200000 cmp=com.zhihu.android/.app.ui.activity.MainActivity} from uid 0 on display 0
04-14 11:46:41.886   709   803 W ProcessCpuTracker: Skipping unknown process pid 13309
04-14 11:46:41.887   709   803 W ProcessCpuTracker: Skipping unknown process pid 13310
04-14 11:46:41.888   709   803 W ProcessCpuTracker: Skipping unknown process pid 13311
04-14 11:46:45.986   709   795 I WindowManager: Input event dispatching timed out sending to com.zhihu.android/com.zhihu.android.app.ui.activity.MainActivity.  Reason: Waiting to send key event because the focused window has not finished processing all of the input events that were previously delivered to it.  Outbound queue length: 0.  Wait queue length: 1.
04-14 11:46:46.136   709   971 W InputManager: Input event injection from pid 2390 timed out.
04-14 11:46:47.334   709   774 I ActivityManager: Skipping duplicate ANR: ProcessRecord{22f65e32 1839:com.zhihu.android/u0a54} Input dispatching timed out (Waiting to send key event because the focused window has not finished processing all of the input events that were previously delivered to it.  Outbound queue length: 0.  Wait queue length: 1.)
04-14 11:46:53.110   709  4338 W ProcessCpuTracker: Skipping unknown process pid 15694
04-14 11:46:55.328   709   795 I WindowManager: Input event dispatching timed out sending to com.zhihu.android/com.zhihu.android.app.ui.activity.MainActivity.  Reason: Waiting to send key event because the focused window has not finished processing all of the input events that were previously delivered to it.  Outbound queue length: 0.  Wait queue length: 1.
04-14 11:46:55.461   709  1214 W InputManager: Input event injection from pid 2390 timed out.
04-14 11:46:55.641   709   774 I ActivityManager: Skipping duplicate ANR: ProcessRecord{22f65e32 1839:com.zhihu.android/u0a54} Input dispatching timed out (Waiting to send key event because the focused window has not finished processing all of the input events that were previously delivered to it.  Outbound queue length: 0.  Wait queue length: 1.)
04-14 11:46:59.882   709  1214 W ActivityManager: Permission Denial: opening provider com.android.launcher3.LauncherProvider from ProcessRecord{22f65e32 1839:com.zhihu.android/u0a54} (pid=1839, uid=10054) requires com.android.launcher3.permission.READ_SETTINGS or com.android.launcher3.permission.WRITE_SETTINGS
04-14 11:47:08.915   709  1127 V WindowManager: Adding window Window{5961af9 u0 SubPanel:com.zhihu.android/com.zhihu.android.app.ui.activity.MainActivity} at 3 of 9 (after Window{14616ff5 u0 com.zhihu.android/com.zhihu.android.app.ui.activity.MainActivity})
04-14 11:47:13.514  1839  1839 W ViewRootImpl: Dropping event due to no window focus: KeyEvent { action=ACTION_DOWN, keyCode=KEYCODE_DPAD_LEFT, scanCode=0, metaState=0, flags=0x8, repeatCount=0, eventTime=5662572, downTime=5662572, deviceId=-1, source=0x101 }
04-14 11:47:13.518  1839  1839 W ViewRootImpl: Cancelling event due to no window focus: KeyEvent { action=ACTION_UP, keyCode=KEYCODE_DPAD_LEFT, scanCode=0, metaState=0, flags=0x28, repeatCount=0, eventTime=5662574, downTime=5662574, deviceId=-1, source=0x101 }
04-14 11:47:13.519  1839  1839 W ViewRootImpl: Cancelling event due to no window focus: KeyEvent { action=ACTION_UP, keyCode=KEYCODE_DPAD_LEFT, scanCode=0, metaState=0, flags=0x28, repeatCount=0, eventTime=5662574, downTime=5662574, deviceId=-1, source=0x101 }
04-14 11:47:13.520  1839  1839 W ViewRootImpl: Cancelling event due to no window focus: KeyEvent { action=ACTION_UP, keyCode=KEYCODE_DPAD_LEFT, scanCode=0, metaState=0, flags=0x28, repeatCount=0, eventTime=5662574, downTime=5662574, deviceId=-1, source=0x101 }
04-14 11:47:13.520  1839  1839 W ViewRootImpl: Cancelling event due to no window focus: KeyEvent { action=ACTION_UP, keyCode=KEYCODE_DPAD_LEFT, scanCode=0, metaState=0, flags=0x28, repeatCount=0, eventTime=5662574, downTime=5662574, deviceId=-1, source=0x101 }
04-14 11:47:13.521  1839  1839 W ViewRootImpl: Cancelling event due to no window focus: KeyEvent { action=ACTION_UP, keyCode=KEYCODE_DPAD_LEFT, scanCode=0, metaState=0, flags=0x28, repeatCount=0, eventTime=5662574, downTime=5662574, deviceId=-1, source=0x101 }
04-14 11:47:13.521  1839  1839 W ViewRootImpl: Cancelling event due to no window focus: KeyEvent { action=ACTION_UP, keyCode=KEYCODE_DPAD_LEFT, scanCode=0, metaState=0, flags=0x28, repeatCount=0, eventTime=5662574, downTime=5662574, deviceId=-1, source=0x101 }
04-14 11:47:13.528  1839  1839 W ViewRootImpl: Cancelling event due to no window focus: KeyEvent { action=ACTION_UP, keyCode=KEYCODE_DPAD_LEFT, scanCode=0, metaState=0, flags=0x80000028, repeatCount=0, eventTime=5662574, downTime=5662574, deviceId=-1, source=0x101 }
