08-09 23:27:11.653   189   534 I RILQ    : (0/189):RIL[0][qmi_cb] qcril_qmi_nas_update_data_rte: completed, new drte 0 with confidence 4
08-09 23:27:11.660   189   258 I RILQ    : (0/189):RIL[0][event] qcril_qmi_nas_evaluate_custom_emergency_numbers_for_card: cur_status 1024, card_state 3
08-09 23:27:11.660   189   258 I RILQ    : (0/189):RIL[0][event] qcril_qmi_nas_evaluate_custom_emergency_numbers_for_card: card_mcc 460, card_mnc 01
08-09 23:27:11.668   189   258 I RILQ    : (0/189):RIL[0][event] qcril_qmi_nas_evaluate_custom_emergency_numbers_for_card: cur_status 1024, card_state 3
08-09 23:27:11.669   189   258 I RILQ    : (0/189):RIL[0][event] qcril_qmi_nas_evaluate_custom_emergency_numbers_for_card: card_mcc 460, card_mnc 01
08-09 23:27:11.676   189   258 I RILC    : RIL_SOCKET_1 UNSOLICITED: UNSOL_RESPONSE_VOICE_NETWORK_STATE_CHANGED length:8
08-09 23:27:11.676   189   258 E RILC    : Send Response to RIL_SOCKET_1
08-09 23:27:11.676  1554  1829 D RILJ    : [UNSL]< UNSOL_RESPONSE_VOICE_NETWORK_STATE_CHANGED [SUB0]
08-09 23:27:11.677  1554  1554 D RILJ    : [3750]> OPERATOR [SUB0]
08-09 23:27:11.678  1554  1554 D RILJ    : [3751]> DATA_REGISTRATION_STATE [SUB0]
08-09 23:27:11.680  1554  1554 D RILJ    : [3752]> VOICE_REGISTRATION_STATE [SUB0]
08-09 23:27:11.682  1554  1554 D RILJ    : [3753]> QUERY_NETWORK_SELECTION_MODE [SUB0]
08-09 23:27:11.684   189  2567 D RILC    : RequestComplete, RIL_SOCKET_1
08-09 23:27:11.684   189  2567 E RILC    : Send Response to RIL_SOCKET_1
08-09 23:27:11.684  1554  1829 D RILJ    : [3750]< OPERATOR {null, null, null} [SUB0]
08-09 23:27:11.685   189  2569 D RILC    : RequestComplete, RIL_SOCKET_1
08-09 23:27:11.685   189  2569 E RILC    : Send Response to RIL_SOCKET_1
08-09 23:27:11.687  1554  1829 D RILJ    : [3752]< VOICE_REGISTRATION_STATE {12, null, null, 0, null, null, null, 0, null, null, null, null, null, 0, fc} [SUB0]
08-09 23:27:11.687  1554  1554 D PHONE   : [ServiceState] setVoiceRegState=1
08-09 23:27:11.687  1554  1554 E PHONE   : [ServiceState] setState deprecated use setVoiceRegState()
08-09 23:27:11.688   189  2570 D RILC    : RequestComplete, RIL_SOCKET_1
08-09 23:27:11.688   189  2570 E RILC    : Send Response to RIL_SOCKET_1
08-09 23:27:11.688  1554  1829 D RILJ    : [3753]< QUERY_NETWORK_SELECTION_MODE {0} [SUB0]
08-09 23:27:11.689   189  2568 D RILC    : RequestComplete, RIL_SOCKET_1
08-09 23:27:11.689   189  2568 E RILC    : Send Response to RIL_SOCKET_1
08-09 23:27:11.689  1554  1829 D RILJ    : [3751]< DATA_REGISTRATION_STATE {2, null, null, null, 0, 20, null, null, null, null, null} [SUB0]
08-09 23:27:11.691  1554  1554 D PHONE   : [ServiceState] setDataRegState=1
08-09 23:27:11.691  1554  1554 D PHONE   : [ServiceState] setDataRadioTechnology=0
08-09 23:27:11.691  1554  1554 D GsmSST  : [GsmSST] handlPollStateResultMessage: GsmSST setDataRegState=1 regState=2 dataRadioTechnology=0
08-09 23:27:11.692  1554  1554 D GsmSST  : [GsmSST] Poll ServiceState done:  oldSS=[1 1 voice home data home null null null null null null  Unknown Unknown CSS not supported -1 -1 RoamInd=-1 DefRoamInd=-1 EmergOnly=false] newSS=[1 1 voice home data home null null null null null null  Unknown Unknown CSS not supported -1 -1 RoamInd=-1 DefRoamInd=-1 EmergOnly=true] oldMaxDataCalls=20 mNewMaxDataCalls=20 oldReasonDataDenied=-1 mNewReasonDataDenied=-1
08-09 23:27:11.692  1554  1554 D PHONE   : [ServiceState] setNullState=1
08-09 23:27:11.693  1554  1554 D SIMRecords: [SIMRecords] getServiceProviderName: no brandOverride
08-09 23:27:11.693  1554  1554 D SIMRecords: [SIMRecords] getServiceProviderName: providerName=
08-09 23:27:11.693  1554  1554 D GsmSST  : [GsmSST] updateSpnDisplay: radio is on but out of service, set plmn='Emergency calls only'
08-09 23:27:11.693  1554  1554 D SIMRecords: [SIMRecords] getServiceProviderName: no brandOverride
08-09 23:27:11.694  1554  1554 D SIMRecords: [SIMRecords] getServiceProviderName: providerName=
08-09 23:27:11.694  1554  1554 D GsmSST  : [GsmSST] updateSpnDisplay: changed sending intent rule=2 showPlmn='true' plmn='Emergency calls only' showSpn='false' spn=''
08-09 23:27:11.704  1554  1554 D SubscriptionController: [setCarrierText]+ text:Emergency calls only subId:1
08-09 23:27:11.738  1554  1554 D SubscriptionController: notifySubscriptionInfoChanged:
08-09 23:27:11.741   716   798 D TelephonyManager: getSimOperatorNumeric(): default subId=1
08-09 23:27:11.742   716   798 D TelephonyManager: getTelephonyProperty: return propVal='46001' phoneId=0 property='gsm.sim.operator.numeric' defaultVal='' prop=46001
08-09 23:27:11.750  1554  1554 D TelephonyManager: setTelephonyProperty: success phoneId=0 property=gsm.operator.alpha value:  propVal=
08-09 23:27:11.750  1554  1554 D TelephonyManager: getTelephonyProperty: return propVal='null' phoneId=0 property='gsm.operator.numeric' defaultVal='' prop=
08-09 23:27:11.751  1554  1554 D TelephonyManager: setTelephonyProperty: success phoneId=0 property=gsm.operator.numeric value:  propVal=
08-09 23:27:11.751  1554  1554 D GsmSST  : [GsmSST] operatorNumeric is null
08-09 23:27:11.751  1554  1554 D TelephonyManager: setTelephonyProperty: success phoneId=0 property=gsm.operator.iso-country value:  propVal=
08-09 23:27:11.752  1554  1554 D TelephonyManager: setTelephonyProperty: success phoneId=0 property=gsm.operator.isroaming value: false propVal=false
08-09 23:27:11.760  1554  1554 D GsmSST  : [GsmSST] Broadcasting ServiceState : 1 1 voice home data home null null null null null null  Unknown Unknown CSS not supported -1 -1 RoamInd=-1 DefRoamInd=-1 EmergOnly=true
08-09 23:27:11.761  1554  1554 D DefaultPhoneNotifier: nofityServiceState: mRegistry=com.android.internal.telephony.ITelephonyRegistry$Stub$Proxy@18013c47 ss=1 1 voice home data home null null null null null null  Unknown Unknown CSS not supported -1 -1 RoamInd=-1 DefRoamInd=-1 EmergOnly=true sender=Handler (com.android.internal.telephony.gsm.GSMPhone) {3de84ddc} phondId=0 subId=1
08-09 23:27:11.766  1554  2098 D SubscriptionController: [getActiveSubInfoList]+
08-09 23:27:11.768  1554  2098 D SubscriptionController: selection:sim_id>=0 null
08-09 23:27:11.778  1554  2098 D TelephonyManager: getTelephonyProperty: return propVal='cn' phoneId=0 property='gsm.sim.operator.iso-country' defaultVal='' prop=cn
08-09 23:27:11.778  1554  2098 D SubscriptionController: [getSubInfoRecord] id:1 iccid:89860115921101579076 simSlotIndex:0 displayName:CARD 1 nameSource:0 iconTint:-16746133 dataRoaming:0 mcc:460 mnc:1 countIso:cn
08-09 23:27:11.791  1554  1554 D PhoneFactory: getPhone:- phoneId != DEFAULT_PHONE_ID return sProxyPhones[phoneId] phoneId=0 phone=Handler (com.android.internal.telephony.PhoneProxy) {3493524f}
08-09 23:27:11.791  1554  1554 D SubscriptionController: getSimStateForSubscriber:  simState=READY ordinal=5
08-09 23:27:11.791   716   984 D SubscriptionManager: getSimStateForSubscriber: simState=5 subId=1
08-09 23:27:11.791   716   984 D TelephonyManager: getSimState: simState=5 slotIdx=0
08-09 23:27:11.793  1554  1554 D GsmSST  : [GsmSST] SST.getAllCellInfo(): return last, same thread can't block
08-09 23:27:11.793  1554  1554 D GsmSST  : [GsmSST] SST.getAllCellInfo(): X size=0 list=null
08-09 23:27:11.793  1554  1554 D GsmSST  : [GsmSST] getCellLocation(): X empty mCellLoc and CellInfo mCellLoc=[-1,-1,252]
08-09 23:27:11.794   716  1633 D TelephonyRegistry: notifyCellLocationForSubscriber: subId=1 cellLocation=Bundle[mParcelledData.dataSize=64]
08-09 23:27:11.800  1554  1554 D GsmSST  : [GsmSST] SubscriptionListener.onSubscriptionInfoChanged
08-09 23:27:11.800  1554  1554 D DCT     : [0]SubscriptionListener.onSubscriptionInfoChanged
08-09 23:27:11.803  1554  1554 D DctController: onSubInfoReady mPhoneNum=1
08-09 23:27:11.803  1554  1554 D DctController: onSubInfoReady handle pending requests subId=1
08-09 23:27:11.803  1554  1554 D DctController: [TNF 1]evalPendingRequest, pending request size is 0
08-09 23:27:11.804  1554  1554 D DctController: processRequests
08-09 23:27:11.804  1554  1554 D SubscriptionController: [getActiveSubInfoList]+
08-09 23:27:11.806  1554  1554 D SubscriptionController: selection:sim_id>=0 null
08-09 23:27:11.807  1554  2098 D PhoneFactory: getPhone:- phoneId != DEFAULT_PHONE_ID return sProxyPhones[phoneId] phoneId=0 phone=Handler (com.android.internal.telephony.PhoneProxy) {3493524f}
08-09 23:27:11.810  1554  2098 D SubscriptionController: [getActiveSubInfoList]- 1 infos return
08-09 23:27:11.853  1554  2098 D SubscriptionController: [getActiveSubInfoList]+
08-09 23:27:11.854  1554  1554 D TelephonyManager: getTelephonyProperty: return propVal='cn' phoneId=0 property='gsm.sim.operator.iso-country' defaultVal='' prop=cn
08-09 23:27:11.854  1554  1554 D SubscriptionController: [getSubInfoRecord] id:1 iccid:89860115921101579076 simSlotIndex:0 displayName:CARD 1 nameSource:0 iconTint:-16746133 dataRoaming:0 mcc:460 mnc:1 countIso:cn
08-09 23:27:11.855  1554  2098 D SubscriptionController: selection:sim_id>=0 null
08-09 23:27:11.855  1554  1554 D PhoneFactory: getPhone:- phoneId != DEFAULT_PHONE_ID return sProxyPhones[phoneId] phoneId=0 phone=Handler (com.android.internal.telephony.PhoneProxy) {3493524f}
08-09 23:27:11.857  1554  2099 D PhoneFactory: getPhone:- phoneId != DEFAULT_PHONE_ID return sProxyPhones[phoneId] phoneId=0 phone=Handler (com.android.internal.telephony.PhoneProxy) {3493524f}
08-09 23:27:11.858  1554  1554 D SubscriptionController: [getActiveSubInfoList]- 1 infos return
08-09 23:27:11.862  1554  1554 E PhoneBase: Error! unregisterForCallWaiting() in PhoneBase should not be called, CDMAPhone inactive.
08-09 23:27:11.864  1554  1554 D PhoneFactory: getPhone:- phoneId != DEFAULT_PHONE_ID return sProxyPhones[phoneId] phoneId=0 phone=Handler (com.android.internal.telephony.PhoneProxy) {3493524f}
08-09 23:27:11.866  1554  1554 D TelephonyManager: getTelephonyProperty: return propVal='null' phoneId=0 property='gsm.operator.alpha' defaultVal='' prop=
08-09 23:27:11.868  1554  2098 D TelephonyManager: getTelephonyProperty: return propVal='cn' phoneId=0 property='gsm.sim.operator.iso-country' defaultVal='' prop=cn
08-09 23:27:11.868  1554  2098 D SubscriptionController: [getSubInfoRecord] id:1 iccid:89860115921101579076 simSlotIndex:0 displayName:CARD 1 nameSource:0 iconTint:-16746133 dataRoaming:0 mcc:460 mnc:1 countIso:cn
08-09 23:27:11.880  1554  2099 D PhoneFactory: getPhone:- phoneId != DEFAULT_PHONE_ID return sProxyPhones[phoneId] phoneId=0 phone=Handler (com.android.internal.telephony.PhoneProxy) {3493524f}
08-09 23:27:11.881  1554  2098 D PhoneFactory: getPhone:- phoneId != DEFAULT_PHONE_ID return sProxyPhones[phoneId] phoneId=0 phone=Handler (com.android.internal.telephony.PhoneProxy) {3493524f}
08-09 23:27:11.885  1554  2098 D SubscriptionController: [getActiveSubInfoList]- 1 infos return
08-09 23:27:11.888   716   797 D TelephonyManager: getTelephonyProperty: return propVal='null' phoneId=0 property='gsm.operator.iso-country' defaultVal='' prop=
08-09 23:27:11.893   716   797 D TelephonyManager: getTelephonyProperty: return propVal='cn' phoneId=0 property='gsm.sim.operator.iso-country' defaultVal='' prop=cn
08-09 23:27:11.894  1554  2098 D SubscriptionController: [getActiveSubInfoList]+
08-09 23:27:11.896  1554  2098 D SubscriptionController: selection:sim_id>=0 null
08-09 23:27:11.906  1554  2098 D TelephonyManager: getTelephonyProperty: return propVal='cn' phoneId=0 property='gsm.sim.operator.iso-country' defaultVal='' prop=cn
08-09 23:27:11.906  1554  2098 D SubscriptionController: [getSubInfoRecord] id:1 iccid:89860115921101579076 simSlotIndex:0 displayName:CARD 1 nameSource:0 iconTint:-16746133 dataRoaming:0 mcc:460 mnc:1 countIso:cn
08-09 23:27:11.908  1554  2098 D PhoneFactory: getPhone:- phoneId != DEFAULT_PHONE_ID return sProxyPhones[phoneId] phoneId=0 phone=Handler (com.android.internal.telephony.PhoneProxy) {3493524f}
08-09 23:27:11.911  1554  2098 D SubscriptionController: [getActiveSubInfoList]- 1 infos return
08-09 23:27:11.919  1554  2099 D PhoneFactory: getPhone:- phoneId != DEFAULT_PHONE_ID return sProxyPhones[phoneId] phoneId=0 phone=Handler (com.android.internal.telephony.PhoneProxy) {3493524f}
08-09 23:27:11.919  1554  2099 D SubscriptionController: getSimStateForSubscriber:  simState=READY ordinal=5
08-09 23:27:11.920  1198  1198 D SubscriptionManager: getSimStateForSubscriber: simState=5 subId=1
08-09 23:27:11.920  1198  1198 D TelephonyManager: getSimState: simState=5 slotIdx=0
08-09 23:27:11.927  1554  1554 E PhoneBase: Error! registerForCallWaiting() in PhoneBase should not be called, CDMAPhone inactive.
08-09 23:27:11.934  1554  1554 D DctController: handleMessage msg={ when=-130ms what=100 target=com.android.internal.telephony.dataconnection.DctController }
08-09 23:27:11.936  1554  1554 D DctController: selectExecPhone requestInfo = [ request=NetworkRequest [ id=1, legacyType=-1, [ Capabilities: INTERNET&NOT_RESTRICTED&TRUSTED&NOT_VPN] ], executed=false, priority=0]
08-09 23:27:11.936  1554  1554 D DctController: getTopPriorityRequestPhoneId = 0, priority = 0
08-09 23:27:11.937  1554  1554 D DcSwitchAsyncChannel: [DcSwitchAsyncChannel-0]: rspIsIdle=false
08-09 23:27:11.938  1554  1554 D DctController: onProcessRequest phoneId=0, activePhoneId=0
08-09 23:27:11.938  1554  2097 D DcSwitchSM: [DcSwitchStateMachine-0] AttachingState: REQ_CONNECT
08-09 23:27:11.939  1554  2097 D RILJ    : [3754]> RIL_REQUEST_ALLOW_DATA [SUB0]
08-09 23:27:11.941   189   243 D RILC    : RequestComplete, RIL_SOCKET_1
08-09 23:27:11.941   189   243 E RILC    : Send Response to RIL_SOCKET_1
08-09 23:27:11.941  1554  1554 D DcSwitchAsyncChannel: [DcSwitchAsyncChannel-0]: rspConnect=1
08-09 23:27:11.942  1554  1829 D RilRequest: [3754]< RIL_REQUEST_ALLOW_DATA error: com.android.internal.telephony.CommandException: REQUEST_NOT_SUPPORTED ret=
08-09 23:27:12.548   189   534 I RILC    : RIL_SOCKET_1 UNSOLICITED: UNSOL_RESPONSE_VOICE_NETWORK_STATE_CHANGED length:8
08-09 23:27:12.548   189   534 E RILC    : Send Response to RIL_SOCKET_1
08-09 23:27:12.552  1554  1829 D RILJ    : [UNSL]< UNSOL_RESPONSE_VOICE_NETWORK_STATE_CHANGED [SUB0]
08-09 23:27:12.555  1554  1554 D RILJ    : [3755]> OPERATOR [SUB0]
08-09 23:27:12.569  1554  1554 D RILJ    : [3756]> DATA_REGISTRATION_STATE [SUB0]
08-09 23:27:12.577   189  2599 D RILC    : RequestComplete, RIL_SOCKET_1
08-09 23:27:12.577   189  2599 E RILC    : Send Response to RIL_SOCKET_1
08-09 23:27:12.583  1554  1554 D RILJ    : [3757]> VOICE_REGISTRATION_STATE [SUB0]
08-09 23:27:12.587  1554  1829 D RILJ    : [3755]< OPERATOR {null, null, null} [SUB0]
08-09 23:27:12.604  1554  1554 D RILJ    : [3758]> QUERY_NETWORK_SELECTION_MODE [SUB0]
08-09 23:27:12.607   189  2600 D RILC    : RequestComplete, RIL_SOCKET_1
08-09 23:27:12.607   189  2600 E RILC    : Send Response to RIL_SOCKET_1
08-09 23:27:12.608  1554  1829 D RILJ    : [3756]< DATA_REGISTRATION_STATE {2, null, null, null, 0, 20, null, null, null, null, null} [SUB0]
08-09 23:27:12.608  1554  1554 D PHONE   : [ServiceState] setDataRegState=1
08-09 23:27:12.608  1554  1554 D PHONE   : [ServiceState] setDataRadioTechnology=0
08-09 23:27:12.609  1554  1554 D GsmSST  : [GsmSST] handlPollStateResultMessage: GsmSST setDataRegState=1 regState=2 dataRadioTechnology=0
08-09 23:27:12.609   189  2601 D RILC    : RequestComplete, RIL_SOCKET_1
08-09 23:27:12.609   189  2601 E RILC    : Send Response to RIL_SOCKET_1
08-09 23:27:12.610  1554  1829 D RILJ    : [3757]< VOICE_REGISTRATION_STATE {12, null, null, 0, null, null, null, 0, null, null, null, null, null, 0, fc} [SUB0]
08-09 23:27:12.610  1554  1554 D PHONE   : [ServiceState] setVoiceRegState=1
08-09 23:27:12.610  1554  1554 E PHONE   : [ServiceState] setState deprecated use setVoiceRegState()
08-09 23:27:12.611   189  2602 D RILC    : RequestComplete, RIL_SOCKET_1
08-09 23:27:12.611   189  2602 E RILC    : Send Response to RIL_SOCKET_1
08-09 23:27:12.611  1554  1829 D RILJ    : [3758]< QUERY_NETWORK_SELECTION_MODE {0} [SUB0]
08-09 23:27:12.614  1554  1554 D GsmSST  : [GsmSST] Poll ServiceState done:  oldSS=[1 1 voice home data home null null null null null null  Unknown Unknown CSS not supported -1 -1 RoamInd=-1 DefRoamInd=-1 EmergOnly=true] newSS=[1 1 voice home data home null null null null null null  Unknown Unknown CSS not supported -1 -1 RoamInd=-1 DefRoamInd=-1 EmergOnly=true] oldMaxDataCalls=20 mNewMaxDataCalls=20 oldReasonDataDenied=-1 mNewReasonDataDenied=-1
08-09 23:27:12.614  1554  1554 D PHONE   : [ServiceState] setNullState=1
08-09 23:27:12.730   189   534 I RILC    : RIL_SOCKET_1 UNSOLICITED: UNSOL_RESPONSE_VOICE_NETWORK_STATE_CHANGED length:8
08-09 23:27:12.730   189   534 E RILC    : Send Response to RIL_SOCKET_1
08-09 23:27:12.730  1554  1829 D RILJ    : [UNSL]< UNSOL_RESPONSE_VOICE_NETWORK_STATE_CHANGED [SUB0]
08-09 23:27:12.731  1554  1554 D RILJ    : [3759]> OPERATOR [SUB0]
08-09 23:27:12.733  1554  1554 D RILJ    : [3760]> DATA_REGISTRATION_STATE [SUB0]
08-09 23:27:12.734  1554  1554 D RILJ    : [3761]> VOICE_REGISTRATION_STATE [SUB0]
08-09 23:27:12.736  1554  1554 D RILJ    : [3762]> QUERY_NETWORK_SELECTION_MODE [SUB0]
08-09 23:27:12.738   189  2603 D RILC    : RequestComplete, RIL_SOCKET_1
08-09 23:27:12.738   189  2603 E RILC    : Send Response to RIL_SOCKET_1
08-09 23:27:12.739  1554  1829 D RILJ    : [3759]< OPERATOR {null, null, null} [SUB0]
08-09 23:27:12.741   189   534 I RILQ    : (0/189):RIL[0][qmi_cb] qcril_qmi_nas_update_data_rte: completed, new drte 0 with confidence 4
08-09 23:27:12.742   189  2606 D RILC    : RequestComplete, RIL_SOCKET_1
08-09 23:27:12.742   189  2606 E RILC    : Send Response to RIL_SOCKET_1
08-09 23:27:12.743  1554  1829 D RILJ    : [3762]< QUERY_NETWORK_SELECTION_MODE {0} [SUB0]
08-09 23:27:12.743   189  2605 D RILC    : RequestComplete, RIL_SOCKET_1
08-09 23:27:12.743   189  2605 E RILC    : Send Response to RIL_SOCKET_1
08-09 23:27:12.744  1554  1829 D RILJ    : [3761]< VOICE_REGISTRATION_STATE {13, null, null, 0, null, null, null, 0, null, null, null, null, null, 2, fc} [SUB0]
08-09 23:27:12.744  1554  1554 D PHONE   : [ServiceState] setVoiceRegState=1
08-09 23:27:12.744  1554  1554 E PHONE   : [ServiceState] setState deprecated use setVoiceRegState()
08-09 23:27:12.745   189  2604 D RILC    : RequestComplete, RIL_SOCKET_1
08-09 23:27:12.745   189  2604 E RILC    : Send Response to RIL_SOCKET_1
08-09 23:27:12.745  1554  1829 D RILJ    : [3760]< DATA_REGISTRATION_STATE {2, null, null, null, 0, 20, null, null, null, null, null} [SUB0]
08-09 23:27:12.747  1554  1554 D PHONE   : [ServiceState] setDataRegState=1
08-09 23:27:12.747  1554  1554 D PHONE   : [ServiceState] setDataRadioTechnology=0
08-09 23:27:12.747  1554  1554 D GsmSST  : [GsmSST] handlPollStateResultMessage: GsmSST setDataRegState=1 regState=2 dataRadioTechnology=0
08-09 23:27:12.748  1554  1554 D GsmSST  : [GsmSST] Poll ServiceState done:  oldSS=[1 1 voice home data home null null null null null null  Unknown Unknown CSS not supported -1 -1 RoamInd=-1 DefRoamInd=-1 EmergOnly=true] newSS=[1 1 voice home data home null null null null null null  Unknown Unknown CSS not supported -1 -1 RoamInd=-1 DefRoamInd=-1 EmergOnly=true] oldMaxDataCalls=20 mNewMaxDataCalls=20 oldReasonDataDenied=-1 mNewReasonDataDenied=-1
08-09 23:27:12.748  1554  1554 D PHONE   : [ServiceState] setNullState=1
08-09 23:27:12.749   189  2604 I RILC    : RIL_SOCKET_1 UNSOLICITED: UNSOL_RESPONSE_VOICE_NETWORK_STATE_CHANGED length:8
08-09 23:27:12.749   189  2604 E RILC    : Send Response to RIL_SOCKET_1
08-09 23:27:12.749  1554  1829 D RILJ    : [UNSL]< UNSOL_RESPONSE_VOICE_NETWORK_STATE_CHANGED [SUB0]
08-09 23:27:12.750  1554  1554 D RILJ    : [3763]> OPERATOR [SUB0]
08-09 23:27:12.752  1554  1554 D RILJ    : [3764]> DATA_REGISTRATION_STATE [SUB0]
08-09 23:27:12.753  1554  1554 D RILJ    : [3765]> VOICE_REGISTRATION_STATE [SUB0]
08-09 23:27:12.755  1554  1554 D RILJ    : [3766]> QUERY_NETWORK_SELECTION_MODE [SUB0]
08-09 23:27:12.757   189  2607 D RILC    : RequestComplete, RIL_SOCKET_1
08-09 23:27:12.757   189  2607 E RILC    : Send Response to RIL_SOCKET_1
08-09 23:27:12.758  1554  1829 D RILJ    : [3763]< OPERATOR {null, null, null} [SUB0]
08-09 23:27:12.759   189  2608 D RILC    : RequestComplete, RIL_SOCKET_1
08-09 23:27:12.759   189  2608 E RILC    : Send Response to RIL_SOCKET_1
08-09 23:27:12.760  1554  1829 D RILJ    : [3764]< DATA_REGISTRATION_STATE {2, null, null, null, 0, 20, null, null, null, null, null} [SUB0]
08-09 23:27:12.760  1554  1554 D PHONE   : [ServiceState] setDataRegState=1
08-09 23:27:12.760  1554  1554 D PHONE   : [ServiceState] setDataRadioTechnology=0
08-09 23:27:12.761  1554  1554 D GsmSST  : [GsmSST] handlPollStateResultMessage: GsmSST setDataRegState=1 regState=2 dataRadioTechnology=0
08-09 23:27:12.761   189  2610 D RILC    : RequestComplete, RIL_SOCKET_1
08-09 23:27:12.761   189  2610 E RILC    : Send Response to RIL_SOCKET_1
08-09 23:27:12.761  1554  1829 D RILJ    : [3766]< QUERY_NETWORK_SELECTION_MODE {0} [SUB0]
08-09 23:27:12.762   189  2609 D RILC    : RequestComplete, RIL_SOCKET_1
08-09 23:27:12.762   189  2609 E RILC    : Send Response to RIL_SOCKET_1
08-09 23:27:12.763  1554  1829 D RILJ    : [3765]< VOICE_REGISTRATION_STATE {13, null, null, 0, null, null, null, 0, null, null, null, null, null, 2, fc} [SUB0]
08-09 23:27:12.764  1554  1554 D PHONE   : [ServiceState] setVoiceRegState=1
08-09 23:27:12.764  1554  1554 E PHONE   : [ServiceState] setState deprecated use setVoiceRegState()
08-09 23:27:12.765  1554  1554 D GsmSST  : [GsmSST] Poll ServiceState done:  oldSS=[1 1 voice home data home null null null null null null  Unknown Unknown CSS not supported -1 -1 RoamInd=-1 DefRoamInd=-1 EmergOnly=true] newSS=[1 1 voice home data home null null null null null null  Unknown Unknown CSS not supported -1 -1 RoamInd=-1 DefRoamInd=-1 EmergOnly=true] oldMaxDataCalls=20 mNewMaxDataCalls=20 oldReasonDataDenied=-1 mNewReasonDataDenied=-1
08-09 23:27:12.765  1554  1554 D PHONE   : [ServiceState] setNullState=1
08-09 23:27:12.818   189   258 I RILC    : RIL_SOCKET_1 UNSOLICITED: UNSOL_RESPONSE_SIM_STATUS_CHANGED length:8
08-09 23:27:12.818   189   258 E RILC    : Send Response to RIL_SOCKET_1
08-09 23:27:12.819  1554  1829 D RILJ    : [UNSL]< UNSOL_RESPONSE_SIM_STATUS_CHANGED [SUB0]
08-09 23:27:12.819  1554  1554 D UiccController: Received EVENT_ICC_STATUS_CHANGED, calling getIccCardStatus
08-09 23:27:12.820  1554  1554 D RILJ    : [3767]> GET_SIM_STATUS [SUB0]
08-09 23:27:12.827   189   243 D RILC    : RequestComplete, RIL_SOCKET_1
08-09 23:27:12.827   189   243 E RILC    : Send Response to RIL_SOCKET_1
08-09 23:27:12.830  1554  1829 D RILJ    : [3767]< GET_SIM_STATUS IccCardState {CARDSTATE_PRESENT,PINSTATE_ENABLED_NOT_VERIFIED,num_apps=1,gsm_id=0{APPTYPE_USIM,APPSTATE_READY,pin1=PINSTATE_DISABLED,pin2=PINSTATE_ENABLED_NOT_VERIFIED},cdma_id=-1,ims_id=-1} [SUB0]
08-09 23:27:12.834  1554  1554 D UiccController: Received EVENT_GET_ICC_STATUS_DONE
08-09 23:27:12.834  1554  1554 D UiccCard: 1 applications
08-09 23:27:12.835  1554  1554 D UiccCardApplication: APPTYPE_USIM update. New {APPTYPE_USIM,APPSTATE_READY,pin1=PINSTATE_DISABLED,pin2=PINSTATE_ENABLED_NOT_VERIFIED}
08-09 23:27:12.836  1554  1554 D UiccCard: Before privilege rules: Handler (com.android.internal.telephony.uicc.UiccCarrierPrivilegeRules) {376fd02a} : CARDSTATE_PRESENT
08-09 23:27:12.836  1554  1554 D UiccCard: update: radioState=RADIO_ON mLastRadioState=RADIO_ON
08-09 23:27:12.836  1554  1554 D UiccController: Notifying IccChangedRegistrants
08-09 23:27:12.838  1554  1554 D DCT     : [0]handleMessage msg={ when=-1ms what=270369 obj=android.os.AsyncResult@16849e1b target=com.android.internal.telephony.dataconnection.DcTracker }
08-09 23:27:12.839  1554  1554 D GsmSMSDispatcher: GsmSMSDispatcher: subId = 1 slotId = 0
08-09 23:27:12.840  1554  1554 E IccCardProxy: setExternalState: !override and newstate unchanged from READY
08-09 23:27:12.841  1554  1554 D CAT     : CatService: handleMessage[8]
08-09 23:27:12.841  1554  1554 D CAT     : CatService: MSG_ID_ICC_CHANGED
08-09 23:27:12.841  1554  1554 D CAT     : CatService: New Card State = CARDSTATE_PRESENT Old Card State = CARDSTATE_PRESENT
08-09 23:27:12.947   189   258 I RILC    : RIL_SOCKET_1 UNSOLICITED: UNSOL_CDMA_PRL_CHANGED length:16
08-09 23:27:12.947   189   258 E RILC    : Send Response to RIL_SOCKET_1
08-09 23:27:12.949  1554  1829 D RILJ    : [UNSL]< UNSOL_CDMA_PRL_CHANGED {162} [SUB0]
08-09 23:27:13.514   189   534 I RILQ    : (0/189):RIL[0][qmi_cb] qcril_qmi_nas_update_data_rte: completed, new drte 0 with confidence 4
08-09 23:27:13.521   189   534 I RILC    : RIL_SOCKET_1 UNSOLICITED: UNSOL_RESPONSE_VOICE_NETWORK_STATE_CHANGED length:8
08-09 23:27:13.521   189   534 E RILC    : Send Response to RIL_SOCKET_1
08-09 23:27:13.524  1554  1829 D RILJ    : [UNSL]< UNSOL_RESPONSE_VOICE_NETWORK_STATE_CHANGED [SUB0]
08-09 23:27:13.526  1554  1554 D RILJ    : [3768]> OPERATOR [SUB0]
08-09 23:27:13.541  1554  1554 D RILJ    : [3769]> DATA_REGISTRATION_STATE [SUB0]
08-09 23:27:13.547   189   534 I RILQ    : (0/189):RIL[0][qmi_cb] qcril_qmi_nas_update_data_rte: completed, new drte 0 with confidence 4
08-09 23:27:13.558  1554  1554 D RILJ    : [3770]> VOICE_REGISTRATION_STATE [SUB0]
08-09 23:27:13.567   189  2611 D RILC    : RequestComplete, RIL_SOCKET_1
08-09 23:27:13.567   189  2611 E RILC    : Send Response to RIL_SOCKET_1
08-09 23:27:13.583  1554  1829 D RILJ    : [3768]< OPERATOR {null, null, null} [SUB0]
08-09 23:27:13.587  1554  1554 D RILJ    : [3771]> QUERY_NETWORK_SELECTION_MODE [SUB0]
08-09 23:27:13.602   189  2613 D RILC    : RequestComplete, RIL_SOCKET_1
08-09 23:27:13.602   189  2613 E RILC    : Send Response to RIL_SOCKET_1
08-09 23:27:13.603  1554  1829 D RILJ    : [3770]< VOICE_REGISTRATION_STATE {13, null, null, 0, null, null, null, 0, null, null, null, null, null, 2, fc} [SUB0]
08-09 23:27:13.603  1554  1554 D PHONE   : [ServiceState] setVoiceRegState=1
08-09 23:27:13.604  1554  1554 E PHONE   : [ServiceState] setState deprecated use setVoiceRegState()
08-09 23:27:13.604   189  2614 D RILC    : RequestComplete, RIL_SOCKET_1
08-09 23:27:13.604   189  2614 E RILC    : Send Response to RIL_SOCKET_1
08-09 23:27:13.605  1554  1829 D RILJ    : [3771]< QUERY_NETWORK_SELECTION_MODE {0} [SUB0]
08-09 23:27:13.606   189  2612 D RILC    : RequestComplete, RIL_SOCKET_1
08-09 23:27:13.606   189  2612 E RILC    : Send Response to RIL_SOCKET_1
08-09 23:27:13.606   189  2612 I RILC    : RIL_SOCKET_1 UNSOLICITED: UNSOL_RESPONSE_VOICE_NETWORK_STATE_CHANGED length:8
08-09 23:27:13.606   189  2612 E RILC    : Send Response to RIL_SOCKET_1
08-09 23:27:13.607  1554  1829 D RILJ    : [3769]< DATA_REGISTRATION_STATE {2, null, null, null, 0, 20, null, null, null, null, null} [SUB0]
08-09 23:27:13.607  1554  1554 D PHONE   : [ServiceState] setDataRegState=1
08-09 23:27:13.607  1554  1554 D PHONE   : [ServiceState] setDataRadioTechnology=0
08-09 23:27:13.608  1554  1554 D GsmSST  : [GsmSST] handlPollStateResultMessage: GsmSST setDataRegState=1 regState=2 dataRadioTechnology=0
08-09 23:27:13.609  1554  1554 D GsmSST  : [GsmSST] Poll ServiceState done:  oldSS=[1 1 voice home data home null null null null null null  Unknown Unknown CSS not supported -1 -1 RoamInd=-1 DefRoamInd=-1 EmergOnly=true] newSS=[1 1 voice home data home null null null null null null  Unknown Unknown CSS not supported -1 -1 RoamInd=-1 DefRoamInd=-1 EmergOnly=true] oldMaxDataCalls=20 mNewMaxDataCalls=20 oldReasonDataDenied=-1 mNewReasonDataDenied=-1
08-09 23:27:13.609  1554  1554 D PHONE   : [ServiceState] setNullState=1
08-09 23:27:13.611  1554  1829 D RILJ    : [UNSL]< UNSOL_RESPONSE_VOICE_NETWORK_STATE_CHANGED [SUB0]
08-09 23:27:13.611  1554  1554 D RILJ    : [3772]> OPERATOR [SUB0]
08-09 23:27:13.613  1554  1554 D RILJ    : [3773]> DATA_REGISTRATION_STATE [SUB0]
08-09 23:27:13.615  1554  1554 D RILJ    : [3774]> VOICE_REGISTRATION_STATE [SUB0]
08-09 23:27:13.616  1554  1554 D RILJ    : [3775]> QUERY_NETWORK_SELECTION_MODE [SUB0]
08-09 23:27:13.618   189  2618 D RILC    : RequestComplete, RIL_SOCKET_1
08-09 23:27:13.618   189  2618 E RILC    : Send Response to RIL_SOCKET_1
08-09 23:27:13.619  1554  1829 D RILJ    : [3775]< QUERY_NETWORK_SELECTION_MODE {0} [SUB0]
08-09 23:27:13.619   189  2617 D RILC    : RequestComplete, RIL_SOCKET_1
08-09 23:27:13.619   189  2617 E RILC    : Send Response to RIL_SOCKET_1
08-09 23:27:13.620  1554  1829 D RILJ    : [3774]< VOICE_REGISTRATION_STATE {13, null, null, 0, null, null, null, 0, null, null, null, null, null, 2, fc} [SUB0]
08-09 23:27:13.621  1554  1554 D PHONE   : [ServiceState] setVoiceRegState=1
08-09 23:27:13.621  1554  1554 E PHONE   : [ServiceState] setState deprecated use setVoiceRegState()
08-09 23:27:13.622   189  2615 D RILC    : RequestComplete, RIL_SOCKET_1
08-09 23:27:13.622   189  2615 E RILC    : Send Response to RIL_SOCKET_1
08-09 23:27:13.622  1554  1829 D RILJ    : [3772]< OPERATOR {null, null, null} [SUB0]
08-09 23:27:13.623   189  2616 D RILC    : RequestComplete, RIL_SOCKET_1
08-09 23:27:13.623   189  2616 E RILC    : Send Response to RIL_SOCKET_1
08-09 23:27:13.624  1554  1829 D RILJ    : [3773]< DATA_REGISTRATION_STATE {2, null, null, null, 0, 20, null, null, null, null, null} [SUB0]
08-09 23:27:13.625  1554  1554 D PHONE   : [ServiceState] setDataRegState=1
08-09 23:27:13.625  1554  1554 D PHONE   : [ServiceState] setDataRadioTechnology=0
08-09 23:27:13.625  1554  1554 D GsmSST  : [GsmSST] handlPollStateResultMessage: GsmSST setDataRegState=1 regState=2 dataRadioTechnology=0
08-09 23:27:13.627  1554  1554 D GsmSST  : [GsmSST] Poll ServiceState done:  oldSS=[1 1 voice home data home null null null null null null  Unknown Unknown CSS not supported -1 -1 RoamInd=-1 DefRoamInd=-1 EmergOnly=true] newSS=[1 1 voice home data home null null null null null null  Unknown Unknown CSS not supported -1 -1 RoamInd=-1 DefRoamInd=-1 EmergOnly=true] oldMaxDataCalls=20 mNewMaxDataCalls=20 oldReasonDataDenied=-1 mNewReasonDataDenied=-1
08-09 23:27:13.627  1554  1554 D PHONE   : [ServiceState] setNullState=1
08-09 23:27:13.730   189   243 I RILC    : RIL_SOCKET_1 UNSOLICITED: UNSOL_RESPONSE_VOICE_NETWORK_STATE_CHANGED length:8
08-09 23:27:13.730   189   243 E RILC    : Send Response to RIL_SOCKET_1
08-09 23:27:13.730  1554  1829 D RILJ    : [UNSL]< UNSOL_RESPONSE_VOICE_NETWORK_STATE_CHANGED [SUB0]
08-09 23:27:13.731  1554  1554 D RILJ    : [3776]> OPERATOR [SUB0]
08-09 23:27:13.733  1554  1554 D RILJ    : [3777]> DATA_REGISTRATION_STATE [SUB0]
08-09 23:27:13.734  1554  1554 D RILJ    : [3778]> VOICE_REGISTRATION_STATE [SUB0]
08-09 23:27:13.736  1554  1554 D RILJ    : [3779]> QUERY_NETWORK_SELECTION_MODE [SUB0]
08-09 23:27:13.738   189  2621 D RILC    : RequestComplete, RIL_SOCKET_1
08-09 23:27:13.738   189  2621 E RILC    : Send Response to RIL_SOCKET_1
08-09 23:27:13.739  1554  1829 D RILJ    : [3778]< VOICE_REGISTRATION_STATE {13, null, null, 0, null, null, null, 0, null, null, null, null, null, 2, fc} [SUB0]
08-09 23:27:13.740  1554  1554 D PHONE   : [ServiceState] setVoiceRegState=1
08-09 23:27:13.740  1554  1554 E PHONE   : [ServiceState] setState deprecated use setVoiceRegState()
08-09 23:27:13.741   189  2622 D RILC    : RequestComplete, RIL_SOCKET_1
08-09 23:27:13.741   189  2622 E RILC    : Send Response to RIL_SOCKET_1
08-09 23:27:13.741  1554  1829 D RILJ    : [3779]< QUERY_NETWORK_SELECTION_MODE {0} [SUB0]
08-09 23:27:13.742   189  2620 D RILC    : RequestComplete, RIL_SOCKET_1
08-09 23:27:13.742   189  2620 E RILC    : Send Response to RIL_SOCKET_1
08-09 23:27:13.742  1554  1829 D RILJ    : [3777]< DATA_REGISTRATION_STATE {2, null, null, null, 0, 20, null, null, null, null, null} [SUB0]
08-09 23:27:13.743  1554  1554 D PHONE   : [ServiceState] setDataRegState=1
08-09 23:27:13.743  1554  1554 D PHONE   : [ServiceState] setDataRadioTechnology=0
08-09 23:27:13.743  1554  1554 D GsmSST  : [GsmSST] handlPollStateResultMessage: GsmSST setDataRegState=1 regState=2 dataRadioTechnology=0
08-09 23:27:13.743   189  2619 D RILC    : RequestComplete, RIL_SOCKET_1
08-09 23:27:13.743   189  2619 E RILC    : Send Response to RIL_SOCKET_1
08-09 23:27:13.744  1554  1829 D RILJ    : [3776]< OPERATOR {null, null, null} [SUB0]
08-09 23:27:13.747  1554  1554 D GsmSST  : [GsmSST] Poll ServiceState done:  oldSS=[1 1 voice home data home null null null null null null  Unknown Unknown CSS not supported -1 -1 RoamInd=-1 DefRoamInd=-1 EmergOnly=true] newSS=[1 1 voice home data home null null null null null null  Unknown Unknown CSS not supported -1 -1 RoamInd=-1 DefRoamInd=-1 EmergOnly=true] oldMaxDataCalls=20 mNewMaxDataCalls=20 oldReasonDataDenied=-1 mNewReasonDataDenied=-1
08-09 23:27:13.747  1554  1554 D PHONE   : [ServiceState] setNullState=1
08-09 23:27:31.808  1554  1554 D ProxyController: RadioCapability timeout: mSetRadioAccessFamilyStatus[0]=1
08-09 23:27:31.810  1554  1554 D ProxyController: issueFinish: phoneId=0 sessionId=1983852480 status=2
08-09 23:27:31.816  1554  1554 D RILJ    : [3780]> RIL_REQUEST_SET_RADIO_CAPABILITY {mPhoneId = 0 mVersion=1 mSession=1983852480 mPhase=4 mRadioAccessFamily=1 mLogicModemId=0 mStatus=2} [SUB0]
08-09 23:27:31.828   189   243 D RILC    : RequestComplete, RIL_SOCKET_1
08-09 23:27:31.828   189   243 E RILC    : Send Response to RIL_SOCKET_1
08-09 23:27:31.831  1554  1829 D RilRequest: [3780]< RIL_REQUEST_SET_RADIO_CAPABILITY error: com.android.internal.telephony.CommandException: GENERIC_FAILURE ret=
08-09 23:27:31.839  1554  1554 D ProxyController: issueFinish: phoneId: 0 status: FAIL
08-09 23:27:31.840  1554  1554 D ProxyController: onFinishRadioCapabilityResponse: success=false
08-09 23:27:31.840  1554  1554 D ProxyController: clearTransaction
08-09 23:27:31.841  1554  1554 D ProxyController: clearTransaction: phoneId=0 status=IDLE
08-09 23:27:31.854  1554  1554 D ProxyController: handleMessage msg.what=4
08-09 23:27:31.855  1554  1554 D ProxyController: onFinishRadioCapabilityResponse: Ignore session=1983852479 rc=null
08-09 23:50:03.221  1554  1554 D DCT     : [0]onReceive: action=android.intent.action.SCREEN_ON
08-09 23:50:03.222  1554  1554 D DCT     : [0]stopNetStatPoll
08-09 23:50:03.223  1554  1554 D DCT     : [0]overall state is IDLE
08-09 23:50:03.437  1554  1554 D RILJ    : [3781]> SCREEN_STATE: true [SUB0]
08-09 23:50:03.440   189   243 D RILC    : RequestComplete, RIL_SOCKET_1
08-09 23:50:03.440   189   243 E RILC    : Send Response to RIL_SOCKET_1
08-09 23:50:03.441  1554  1829 D RILJ    : [3781]< SCREEN_STATE  [SUB0]
08-09 23:50:03.456   189   258 I RILQ    : (0/189):RIL[0][event] qcril_qmi_nas_update_data_rte: completed, new drte 0 with confidence 4
08-09 23:50:03.461   189   258 I RILC    : RIL_SOCKET_1 UNSOLICITED: UNSOL_RESPONSE_VOICE_NETWORK_STATE_CHANGED length:8
08-09 23:50:03.461   189   258 E RILC    : Send Response to RIL_SOCKET_1
08-09 23:50:03.462  1554  1829 D RILJ    : [UNSL]< UNSOL_RESPONSE_VOICE_NETWORK_STATE_CHANGED [SUB0]
08-09 23:50:03.463  1554  1554 D RILJ    : [3782]> OPERATOR [SUB0]
08-09 23:50:03.464  1554  1554 D RILJ    : [3783]> DATA_REGISTRATION_STATE [SUB0]
08-09 23:50:03.467   189   258 I RILQ    : (0/189):RIL[0][event] qcril_qmi_nas_evaluate_custom_emergency_numbers_for_card: cur_status 1024, card_state 3
08-09 23:50:03.467   189   258 I RILQ    : (0/189):RIL[0][event] qcril_qmi_nas_evaluate_custom_emergency_numbers_for_card: card_mcc 460, card_mnc 01
08-09 23:50:03.468  1554  1554 D RILJ    : [3784]> VOICE_REGISTRATION_STATE [SUB0]
08-09 23:50:03.469   189   258 I RILC    : RIL_SOCKET_1 UNSOLICITED: UNSOL_SIGNAL_STRENGTH length:60
08-09 23:50:03.469   189   258 E RILC    : Send Response to RIL_SOCKET_1
08-09 23:50:03.469  1554  1554 D RILJ    : [3785]> QUERY_NETWORK_SELECTION_MODE [SUB0]
08-09 23:50:03.471  1554  1554 D DefaultPhoneNotifier: notifySignalStrength: mRegistry=com.android.internal.telephony.ITelephonyRegistry$Stub$Proxy@18013c47 ss=SignalStrength: 14 0 -120 -160 -120 -1 -1 99 2147483647 2147483647 2147483647 2147483647 gsm|lte sender=Handler (com.android.internal.telephony.gsm.GSMPhone) {3de84ddc}
08-09 23:50:03.472   189   534 E RILQ    : (0/189): RIL[0][qmi_cb] get_ecc_property_name: ecc list name : ril.ecclist.
08-09 23:50:03.473   189   258 I RILQ    : (0/189):RIL[0][event] qcril_qmi_nas_evaluate_custom_emergency_numbers_for_card: cur_status 1024, card_state 3
08-09 23:50:03.473   189   258 I RILQ    : (0/189):RIL[0][event] qcril_qmi_nas_evaluate_custom_emergency_numbers_for_card: card_mcc 460, card_mnc 01
08-09 23:50:03.475   189  3263 D RILC    : RequestComplete, RIL_SOCKET_1
08-09 23:50:03.475   189  3263 E RILC    : Send Response to RIL_SOCKET_1
08-09 23:50:03.476  1554  1829 D RILJ    : [3785]< QUERY_NETWORK_SELECTION_MODE {0} [SUB0]
08-09 23:50:03.482   189  3262 D RILC    : RequestComplete, RIL_SOCKET_1
08-09 23:50:03.482   189  3262 E RILC    : Send Response to RIL_SOCKET_1
08-09 23:50:03.483  1554  1829 D RILJ    : [3784]< VOICE_REGISTRATION_STATE {13, null, null, 0, null, null, null, 0, null, null, null, null, null, 2, fc} [SUB0]
08-09 23:50:03.483  1554  1554 D PHONE   : [ServiceState] setVoiceRegState=1
08-09 23:50:03.483  1554  1554 E PHONE   : [ServiceState] setState deprecated use setVoiceRegState()
08-09 23:50:03.484   189  3261 D RILC    : RequestComplete, RIL_SOCKET_1
08-09 23:50:03.484   189  3261 E RILC    : Send Response to RIL_SOCKET_1
08-09 23:50:03.485  1554  1829 D RILJ    : [3783]< DATA_REGISTRATION_STATE {2, null, null, null, 0, 20, null, null, null, null, null} [SUB0]
08-09 23:50:03.485  1554  1554 D PHONE   : [ServiceState] setDataRegState=1
08-09 23:50:03.486  1554  1554 D PHONE   : [ServiceState] setDataRadioTechnology=0
08-09 23:50:03.486  1554  1554 D GsmSST  : [GsmSST] handlPollStateResultMessage: GsmSST setDataRegState=1 regState=2 dataRadioTechnology=0
08-09 23:50:03.490   189  3260 D RILC    : RequestComplete, RIL_SOCKET_1
08-09 23:50:03.490   189  3260 E RILC    : Send Response to RIL_SOCKET_1
08-09 23:50:03.490  1554  1829 D RILJ    : [3782]< OPERATOR {null, null, null} [SUB0]
08-09 23:50:03.493  1554  1554 D GsmSST  : [GsmSST] Poll ServiceState done:  oldSS=[1 1 voice home data home null null null null null null  Unknown Unknown CSS not supported -1 -1 RoamInd=-1 DefRoamInd=-1 EmergOnly=true] newSS=[1 1 voice home data home null null null null null null  Unknown Unknown CSS not supported -1 -1 RoamInd=-1 DefRoamInd=-1 EmergOnly=true] oldMaxDataCalls=20 mNewMaxDataCalls=20 oldReasonDataDenied=-1 mNewReasonDataDenied=-1
08-09 23:50:03.493  1554  1554 D PHONE   : [ServiceState] setNullState=1
08-09 23:50:06.608  1554  1580 D DCT     : [0]hasMatchedTetherApnSetting: APN=null
08-09 23:50:08.908  1554  2099 D PhoneFactory: getPhone:- phoneId != DEFAULT_PHONE_ID return sProxyPhones[phoneId] phoneId=0 phone=Handler (com.android.internal.telephony.PhoneProxy) {3493524f}
08-09 23:50:09.365  1554  2098 D DCT     : [0]hasMatchedTetherApnSetting: APN=null
08-09 23:50:10.837  1554  2099 D PhoneFactory: getPhone:- phoneId != DEFAULT_PHONE_ID return sProxyPhones[phoneId] phoneId=0 phone=Handler (com.android.internal.telephony.PhoneProxy) {3493524f}
08-09 23:50:12.499  1554  1554 D DCT     : [0]onReceive: action=android.net.wifi.WIFI_STATE_CHANGED
08-09 23:50:12.501  1554  1554 D DCT     : [0]WIFI_STATE_CHANGED_ACTION: enabled=false mIsWifiConnected=false
08-09 23:50:13.314  1554  2098 D DCT     : [0]hasMatchedTetherApnSetting: APN=null
08-09 23:50:13.445  1554  1554 D DCT     : [0]onReceive: action=android.net.wifi.WIFI_STATE_CHANGED
08-09 23:50:13.446  1554  1554 D DCT     : [0]WIFI_STATE_CHANGED_ACTION: enabled=true mIsWifiConnected=false
08-09 23:50:13.525  1554  1554 D DCT     : [0]onReceive: action=android.net.wifi.STATE_CHANGE
08-09 23:50:13.528  1554  1554 D DCT     : [0]NETWORK_STATE_CHANGED_ACTION: mIsWifiConnected=false
08-09 23:50:13.837  1554  1554 D DCT     : [0]onReceive: action=android.net.wifi.STATE_CHANGE
08-09 23:50:13.838  1554  1554 D DCT     : [0]NETWORK_STATE_CHANGED_ACTION: mIsWifiConnected=false
08-09 23:50:13.844  1554  1554 D DCT     : [0]onReceive: action=android.net.wifi.STATE_CHANGE
08-09 23:50:13.844  1554  1554 D DCT     : [0]NETWORK_STATE_CHANGED_ACTION: mIsWifiConnected=false
08-09 23:50:26.887  1554  1554 D DCT     : [0]onReceive: action=android.net.wifi.STATE_CHANGE
08-09 23:50:26.887  1554  1554 D DCT     : [0]NETWORK_STATE_CHANGED_ACTION: mIsWifiConnected=false
08-09 23:50:26.993  1554  1554 D DCT     : [0]onReceive: action=android.net.wifi.STATE_CHANGE
08-09 23:50:26.994  1554  1554 D DCT     : [0]NETWORK_STATE_CHANGED_ACTION: mIsWifiConnected=false
08-09 23:50:27.000  1554  1554 D DCT     : [0]onReceive: action=android.net.wifi.STATE_CHANGE
08-09 23:50:27.001  1554  1554 D DCT     : [0]NETWORK_STATE_CHANGED_ACTION: mIsWifiConnected=false
08-09 23:50:27.022  1554  1554 D DCT     : [0]onReceive: action=android.net.wifi.STATE_CHANGE
08-09 23:50:27.022  1554  1554 D DCT     : [0]NETWORK_STATE_CHANGED_ACTION: mIsWifiConnected=false
08-09 23:50:29.090  1554  1554 D DCT     : [0]onReceive: action=android.net.wifi.STATE_CHANGE
08-09 23:50:29.096  1554  1554 D DCT     : [0]NETWORK_STATE_CHANGED_ACTION: mIsWifiConnected=false
08-09 23:50:29.096  1554  1554 D DCT     : [0]onReceive: action=android.net.wifi.STATE_CHANGE
08-09 23:50:29.099  1554  1554 D DCT     : [0]NETWORK_STATE_CHANGED_ACTION: mIsWifiConnected=false
08-09 23:50:29.130  1554  1554 D DCT     : [0]onReceive: action=android.net.wifi.STATE_CHANGE
08-09 23:50:29.134  1554  1554 D DCT     : [0]NETWORK_STATE_CHANGED_ACTION: mIsWifiConnected=true
08-09 23:50:29.134  1554  1554 D DCT     : [0]onReceive: action=android.net.wifi.STATE_CHANGE
08-09 23:50:29.136  1554  1554 D DCT     : [0]NETWORK_STATE_CHANGED_ACTION: mIsWifiConnected=true
08-09 23:50:29.216  1554  1554 D DctController: [TNF 1]Cellular releasing Network for NetworkRequest [ id=1, legacyType=-1, [ Capabilities: INTERNET&NOT_RESTRICTED&TRUSTED&NOT_VPN] ]
08-09 23:50:29.218  1554  1554 D DctController: releaseNetwork request=NetworkRequest [ id=1, legacyType=-1, [ Capabilities: INTERNET&NOT_RESTRICTED&TRUSTED&NOT_VPN] ], requestInfo=[ request=NetworkRequest [ id=1, legacyType=-1, [ Capabilities: INTERNET&NOT_RESTRICTED&TRUSTED&NOT_VPN] ], executed=false, priority=0]
08-09 23:50:29.218  1554  1554 D DctController: releaseRequest, request= [ request=NetworkRequest [ id=1, legacyType=-1, [ Capabilities: INTERNET&NOT_RESTRICTED&TRUSTED&NOT_VPN] ], executed=false, priority=0]
08-09 23:50:29.219  1554  1554 D DctController: processRequests
08-09 23:50:29.220  1554  1554 D DctController: handleMessage msg={ when=-1ms what=103 obj=[ request=NetworkRequest [ id=1, legacyType=-1, [ Capabilities: INTERNET&NOT_RESTRICTED&TRUSTED&NOT_VPN] ], executed=false, priority=0] target=com.android.internal.telephony.dataconnection.DctController }
08-09 23:50:29.221  1554  1554 D DctController: onReleaseRequest request=[ request=NetworkRequest [ id=1, legacyType=-1, [ Capabilities: INTERNET&NOT_RESTRICTED&TRUSTED&NOT_VPN] ], executed=false, priority=0]
08-09 23:50:29.221  1554  1554 D DctController: handleMessage msg={ when=-3ms what=100 target=com.android.internal.telephony.dataconnection.DctController }
08-09 23:50:29.221  1554  1554 D DctController: getTopPriorityRequestPhoneId = 0, priority = -1
08-09 23:50:29.222  1554  1554 D DcSwitchAsyncChannel: [DcSwitchAsyncChannel-0]: rspIsIdle=false
08-09 23:50:29.222  1554  1554 D DctController: onProcessRequest phoneId=0, activePhoneId=0
08-09 23:50:29.251  1554  1580 D PhoneFactory: getPhone:- phoneId != DEFAULT_PHONE_ID return sProxyPhones[phoneId] phoneId=0 phone=Handler (com.android.internal.telephony.PhoneProxy) {3493524f}
08-09 23:50:29.252  1554  1580 D DCT     : [0]getDataEnabled: getIntWithSubId retVal=true
08-09 23:50:29.273  1554  2098 D PhoneFactory: getPhone:- phoneId != DEFAULT_PHONE_ID return sProxyPhones[phoneId] phoneId=0 phone=Handler (com.android.internal.telephony.PhoneProxy) {3493524f}
08-09 23:50:29.273  1554  2098 D DCT     : [0]getDataEnabled: getIntWithSubId retVal=true
08-09 23:50:29.302  1554  2098 D PhoneFactory: getPhone:- phoneId != DEFAULT_PHONE_ID return sProxyPhones[phoneId] phoneId=0 phone=Handler (com.android.internal.telephony.PhoneProxy) {3493524f}
08-09 23:50:29.302  1554  2098 D DCT     : [0]getDataEnabled: getIntWithSubId retVal=true
08-09 23:50:37.489  3517  3600 D TelephonyManager: getTelephonyProperty: return propVal='null' phoneId=0 property='gsm.operator.iso-country' defaultVal='' prop=
08-09 23:50:49.343  1554  1580 D SubscriptionController: [getActiveSubIdList] simInfoSet=[0=1]
08-09 23:50:49.345  1554  1580 D SubscriptionController: [getActiveSubIdList] X subIdArr.length=1
08-09 23:50:49.913  1554  2098 D SubscriptionController: [getActiveSubIdList] simInfoSet=[0=1]
08-09 23:50:49.916  1554  2098 D SubscriptionController: [getActiveSubIdList] X subIdArr.length=1
08-09 23:50:49.924  1554  1587 D SubscriptionController: [getActiveSubIdList] simInfoSet=[0=1]
08-09 23:50:49.927  1554  1587 D SubscriptionController: [getActiveSubIdList] X subIdArr.length=1
08-09 23:50:49.951  1554  2099 D SubscriptionController: [getActiveSubIdList] simInfoSet=[0=1]
08-09 23:50:49.957  1554  2099 D SubscriptionController: [getActiveSubIdList] X subIdArr.length=1
08-09 23:50:49.963  1554  2098 D SubscriptionController: [getActiveSubIdList] simInfoSet=[0=1]
08-09 23:50:49.965  1554  2098 D SubscriptionController: [getActiveSubIdList] X subIdArr.length=1
08-09 23:50:49.972  1554  1587 D SubscriptionController: [getActiveSubIdList] simInfoSet=[0=1]
08-09 23:50:49.974  1554  1587 D SubscriptionController: [getActiveSubIdList] X subIdArr.length=1
04-14 09:06:55.530  1554  1554 D DCT     : [0]onReceive: action=android.intent.action.SCREEN_OFF
04-14 09:06:55.530  1554  1554 D DCT     : [0]stopNetStatPoll
04-14 09:06:55.533  1554  1554 D DCT     : [0]overall state is IDLE
04-14 09:06:55.943  1554  1554 D RILJ    : [3786]> SCREEN_STATE: false [SUB0]
04-14 09:06:55.945   189   243 D RILC    : RequestComplete, RIL_SOCKET_1
04-14 09:06:55.945   189   243 E RILC    : Send Response to RIL_SOCKET_1
04-14 09:06:55.946  1554  1829 D RILJ    : [3786]< SCREEN_STATE  [SUB0]
04-14 09:06:55.959   189   258 I RILQ    : (0/189):RIL[0][event] qcril_arb_set_data_sys_status: recvd data_sys_status nw=0x0, rat_mask=0x8000, so_mask=0x0
04-14 09:06:55.959   189   258 I RILQ    : (0/189):RIL[0][event] qcril_arb_set_data_sys_status: recvd data_sys_status nw=0x1, rat_mask=0x0, so_mask=0x0
04-14 09:06:55.959   189   258 I RILQ    : (0/189):RIL[0][event] qcril_qmi_nas_update_data_rte: completed, new drte 0 with confidence 4
04-14 09:06:55.961   189   258 I RILC    : RIL_SOCKET_1 UNSOLICITED: UNSOL_RESPONSE_VOICE_NETWORK_STATE_CHANGED length:8
04-14 09:06:55.961   189   258 E RILC    : Send Response to RIL_SOCKET_1
04-14 09:06:55.961  1554  1829 D RILJ    : [UNSL]< UNSOL_RESPONSE_VOICE_NETWORK_STATE_CHANGED [SUB0]
04-14 09:06:55.962  1554  1554 D RILJ    : [3787]> OPERATOR [SUB0]
04-14 09:06:55.964  1554  1554 D RILJ    : [3788]> DATA_REGISTRATION_STATE [SUB0]
04-14 09:06:55.965   189  4009 D RILC    : RequestComplete, RIL_SOCKET_1
04-14 09:06:55.965   189  4009 E RILC    : Send Response to RIL_SOCKET_1
04-14 09:06:55.966  1554  1554 D RILJ    : [3789]> VOICE_REGISTRATION_STATE [SUB0]
04-14 09:06:55.966  1554  1829 D RILJ    : [3787]< OPERATOR {null, null, null} [SUB0]
04-14 09:06:55.967   189   258 I RILC    : RIL_SOCKET_1 UNSOLICITED: UNSOL_SIGNAL_STRENGTH length:60
04-14 09:06:55.967   189   258 E RILC    : Send Response to RIL_SOCKET_1
04-14 09:06:55.968  1554  1554 D RILJ    : [3790]> QUERY_NETWORK_SELECTION_MODE [SUB0]
04-14 09:06:55.970  1554  1554 D DefaultPhoneNotifier: notifySignalStrength: mRegistry=com.android.internal.telephony.ITelephonyRegistry$Stub$Proxy@18013c47 ss=SignalStrength: 17 0 -120 -160 -120 -1 -1 99 2147483647 2147483647 2147483647 2147483647 gsm|lte sender=Handler (com.android.internal.telephony.gsm.GSMPhone) {3de84ddc}
04-14 09:06:55.975   189  4011 D RILC    : RequestComplete, RIL_SOCKET_1
04-14 09:06:55.975   189  4011 E RILC    : Send Response to RIL_SOCKET_1
04-14 09:06:55.977  1554  1829 D RILJ    : [3789]< VOICE_REGISTRATION_STATE {13, null, null, 0, null, null, null, 0, null, null, null, null, null, 2, fc} [SUB0]
04-14 09:06:55.977  1554  1554 D PHONE   : [ServiceState] setVoiceRegState=1
04-14 09:06:55.977  1554  1554 E PHONE   : [ServiceState] setState deprecated use setVoiceRegState()
04-14 09:06:55.977   189  4012 D RILC    : RequestComplete, RIL_SOCKET_1
04-14 09:06:55.977   189  4012 E RILC    : Send Response to RIL_SOCKET_1
04-14 09:06:55.978   189  4010 D RILC    : RequestComplete, RIL_SOCKET_1
04-14 09:06:55.978   189  4010 E RILC    : Send Response to RIL_SOCKET_1
04-14 09:06:55.978  1554  1829 D RILJ    : [3790]< QUERY_NETWORK_SELECTION_MODE {0} [SUB0]
04-14 09:06:55.980  1554  1829 D RILJ    : [3788]< DATA_REGISTRATION_STATE {2, null, null, null, 0, 20, null, null, null, null, null} [SUB0]
04-14 09:06:55.980  1554  1554 D PHONE   : [ServiceState] setDataRegState=1
04-14 09:06:55.981  1554  1554 D PHONE   : [ServiceState] setDataRadioTechnology=0
04-14 09:06:55.981  1554  1554 D GsmSST  : [GsmSST] handlPollStateResultMessage: GsmSST setDataRegState=1 regState=2 dataRadioTechnology=0
04-14 09:06:55.983  1554  1554 D GsmSST  : [GsmSST] Poll ServiceState done:  oldSS=[1 1 voice home data home null null null null null null  Unknown Unknown CSS not supported -1 -1 RoamInd=-1 DefRoamInd=-1 EmergOnly=true] newSS=[1 1 voice home data home null null null null null null  Unknown Unknown CSS not supported -1 -1 RoamInd=-1 DefRoamInd=-1 EmergOnly=true] oldMaxDataCalls=20 mNewMaxDataCalls=20 oldReasonDataDenied=-1 mNewReasonDataDenied=-1
04-14 09:06:55.983  1554  1554 D PHONE   : [ServiceState] setNullState=1
04-14 09:07:00.662  1554  1587 D DCT     : [0]hasMatchedTetherApnSetting: APN=null
04-14 09:07:00.664  1554  1554 D RILJ    : [3791]> SCREEN_STATE: true [SUB0]
04-14 09:07:00.667   189   243 D RILC    : RequestComplete, RIL_SOCKET_1
