04-14 09:13:31.137   716  1662 I am_home_stack_moved: [0,1,0,0,bringingFoundTaskToFront]
04-14 09:13:31.137   716  1662 I wm_task_moved: [6,1,1]
04-14 09:13:31.156   716  1662 I am_pause_activity: [0,306014804,com.zhihu.android/.app.ui.activity.MainActivity]
04-14 09:13:31.164   716  1662 I am_resume_activity: [0,948034513,6,com.android.systemui/.recents.RecentsActivity]
04-14 09:13:31.170   716  1662 I am_task_to_front: [0,6]
04-14 09:13:31.170   716  1662 I am_new_intent: [0,165491004,6,com.android.systemui/.recents.RecentsActivity,com.android.systemui.recents.SHOW_RECENTS,NULL,NULL,281034752]
04-14 09:13:31.253  1198  1198 I am_on_resume_called: [0,com.android.systemui.recents.RecentsActivity]
04-14 09:13:31.298  4462  4462 I am_on_resume_called: [0,com.zhihu.android.app.ui.activity.MainActivity]
04-14 09:13:31.444  4462  4462 I am_on_paused_called: [0,com.zhihu.android.app.ui.activity.MainActivity]
04-14 09:13:31.712   177   177 I sf_frame_dur: [com.zhihu.android/com.zhihu.android.app.ui.activity.MainActivity,1676,10,19,26,105,82,11]
04-14 09:13:32.450   716   984 I am_finish_activity: [0,306014804,7,com.zhihu.android/.app.ui.activity.MainActivity,clear]
04-14 09:13:32.452   716   984 I am_destroy_activity: [0,306014804,7,com.zhihu.android/.app.ui.activity.MainActivity,finish-imm]
04-14 09:13:32.485   716  1615 I am_home_stack_moved: [0,1,0,0,intentActivityFound]
04-14 09:13:32.485   716  1615 I wm_task_moved: [6,1,1]
04-14 09:13:32.496   716  1615 I am_home_stack_moved: [0,1,0,0,bringingFoundTaskToFront]
04-14 09:13:32.496   716  1615 I wm_task_moved: [3,1,1]
04-14 09:13:32.509   716  1615 I am_pause_activity: [0,948034513,com.android.systemui/.recents.RecentsActivity]
04-14 09:13:32.513   716  1615 I am_task_to_front: [0,3]
04-14 09:13:32.513   716  1615 I am_new_intent: [0,513021123,3,com.android.launcher3/.Launcher,android.intent.action.MAIN,NULL,NULL,274726912]
04-14 09:13:32.520  1198  1198 I am_on_paused_called: [0,com.android.systemui.recents.RecentsActivity]
04-14 09:13:32.526   716  1053 I am_resume_activity: [0,75099644,3,com.android.launcher3/.Launcher]
04-14 09:13:32.544  1722  1722 I am_on_resume_called: [0,com.android.launcher3.Launcher]
04-14 09:13:32.578   716  1615 I wm_task_removed: [7,removeAppToken: last token]
04-14 09:13:32.578   716  1615 I wm_task_removed: [7,removeTask]
04-14 09:13:32.605   716  1611 I am_kill : [0,4462,com.zhihu.android,16,remove task]
04-14 09:13:32.818   716  1682 I am_proc_died: [0,4462,com.zhihu.android]
04-14 09:13:32.819   716  1682 I am_schedule_service_restart: [0,com.zhihu.android/com.avos.avoscloud.PushService,1000]
04-14 09:13:32.820   716  1682 I am_schedule_service_restart: [0,com.zhihu.android/.data.analytics.ZAPeriodicExecuteService,11000]
04-14 09:13:33.013   177   177 I sf_frame_dur: [com.android.systemui/com.android.systemui.recents.RecentsActivity,27,2,1,1,1,0,0]
04-14 09:13:33.931   716   798 I am_proc_start: [0,5204,10054,com.zhihu.android,service,com.zhihu.android/com.avos.avoscloud.PushService]
04-14 09:13:33.998   716   749 I am_proc_bound: [0,5204,com.zhihu.android]
04-14 09:14:02.230   716   805 I power_sleep_requested: 0
04-14 09:14:02.238   716   716 I power_screen_state: [0,3,0,0]
04-14 09:14:02.238   716   716 I screen_toggled: 0
04-14 09:14:02.294   716   716 I power_screen_broadcast_send: 1
04-14 09:14:02.386  1198  1198 I sysui_heads_up_status: [,0]
04-14 09:14:02.397   716   716 I power_screen_broadcast_done: [0,103,1]
04-14 09:14:03.093   716   716 I am_pause_activity: [0,75099644,com.android.launcher3/.Launcher]
04-14 09:14:03.098  1722  1722 I am_on_paused_called: [0,com.android.launcher3.Launcher]
04-14 09:14:07.373   716  1590 I notification_expansion: [-1|android|17040644|null|1000,0,0]
04-14 09:14:07.438  1198  1198 I sysui_status_bar_state: [1,1,0,0,0,1]
04-14 09:14:07.553   177   177 I sf_frame_dur: [NavigationBar,42,1,1,0,3,0,0]
04-14 09:18:27.398   716   716 I power_screen_state: [1,0,0,0]
04-14 09:18:27.398   716   716 I screen_toggled: 1
04-14 09:18:27.398   716   716 I power_screen_broadcast_send: 1
04-14 09:18:27.427   716  1633 I notification_panel_revealed: []
04-14 09:18:27.428   716  1681 I notification_visibility_changed: [-1|android|17040644|null|1000,]
04-14 09:18:27.485   716   716 I power_screen_broadcast_done: [1,86,1]
04-14 09:18:27.900   177   177 I sf_frame_dur: [ColorFade,26,0,2,0,0,0,0]
04-14 09:18:28.719  1198  1198 I sysui_lockscreen_gesture: [1,172,4799]
04-14 09:18:28.797   716  1615 I notification_visibility_changed: [,-1|android|17040644|null|1000]
04-14 09:18:28.798   716  1590 I notification_panel_hidden: []
04-14 09:18:28.804  1198  1198 I screen_toggled: 2
04-14 09:18:28.876   716  1590 I notification_expansion: [-1|android|17040644|null|1000,0,1]
04-14 09:18:28.899  1198  1198 I sysui_status_bar_state: [0,0,0,0,0,1]
04-14 09:18:28.908   716  1611 I am_resume_activity: [0,75099644,3,com.android.launcher3/.Launcher]
04-14 09:18:28.927  1722  1722 I am_on_resume_called: [0,com.android.launcher3.Launcher]
04-14 09:18:31.596   716  1682 I am_home_stack_moved: [0,0,1,1,startingNewTask]
04-14 09:18:31.596   716  1682 I am_create_task: [0,8]
04-14 09:18:31.596   716  1682 I am_create_activity: [0,54192261,8,com.android.settings/.Settings,android.intent.action.MAIN,NULL,NULL,270532608]
04-14 09:18:31.599   716  1682 I wm_task_created: [8,1]
04-14 09:18:31.601   716  1682 I wm_task_moved: [8,1,0]
04-14 09:18:31.608   716  1682 I am_pause_activity: [0,75099644,com.android.launcher3/.Launcher]
04-14 09:18:31.611   716  1682 I am_home_stack_moved: [0,0,1,1,startedActivity setFocusedActivity]
04-14 09:18:31.613   716  1682 I am_focused_activity: [0,com.android.settings/.Settings]
04-14 09:18:31.692  1722  1722 I am_on_paused_called: [0,com.android.launcher3.Launcher]
04-14 09:18:31.762   716  1591 I am_proc_start: [0,5839,1000,com.android.settings,activity,com.android.settings/.Settings]
04-14 09:18:31.862   716  1053 I am_proc_bound: [0,5839,com.android.settings]
04-14 09:18:31.874   716  1053 I am_restart_activity: [0,54192261,8,com.android.settings/.Settings]
04-14 09:18:32.238  5839  5839 I am_on_resume_called: [0,com.android.settings.Settings]
04-14 09:18:32.379   177   177 I sf_frame_dur: [com.android.launcher3/com.android.launcher3.Launcher,34,3,2,1,2,1,3]
04-14 09:18:33.398   716   803 I am_activity_launch_time: [0,54192261,com.android.settings/.Settings,1705,1705]
04-14 09:18:35.005   716  1611 I am_home_stack_moved: [0,1,0,0,intentActivityFound]
04-14 09:18:35.005   716  1611 I wm_task_moved: [3,1,1]
04-14 09:18:35.010   716  1611 I am_home_stack_moved: [0,1,0,0,bringingFoundTaskToFront]
04-14 09:18:35.010   716  1611 I wm_task_moved: [6,1,1]
04-14 09:18:35.024   716  1611 I am_pause_activity: [0,54192261,com.android.settings/.Settings]
04-14 09:18:35.035   716  1611 I am_resume_activity: [0,948034513,6,com.android.systemui/.recents.RecentsActivity]
04-14 09:18:35.040   716  1611 I am_task_to_front: [0,6]
04-14 09:18:35.040   716  1611 I am_new_intent: [0,595371612,6,com.android.systemui/.recents.RecentsActivity,com.android.systemui.recents.SHOW_RECENTS,NULL,NULL,281034752]
04-14 09:18:35.059  5839  5839 I am_on_paused_called: [0,com.android.settings.Settings]
04-14 09:18:35.094  1198  1198 I am_on_resume_called: [0,com.android.systemui.recents.RecentsActivity]
04-14 09:18:35.543   177   177 I sf_frame_dur: [com.android.settings/com.android.settings.Settings,16,0,1,1,1,0,0]
04-14 09:18:36.297   716  1590 I am_finish_activity: [0,54192261,8,com.android.settings/.Settings,clear]
04-14 09:18:36.298   716  1590 I am_destroy_activity: [0,54192261,8,com.android.settings/.Settings,finish-imm]
04-14 09:18:36.302   716  1590 I am_kill : [0,5839,com.android.settings,9,remove task]
04-14 09:18:36.338   716  1681 I am_proc_died: [0,5839,com.android.settings]
04-14 09:18:36.339   716  1681 I wm_task_removed: [8,removeAppToken: last token]
04-14 09:18:36.340   716  1681 I wm_task_removed: [8,removeTask]
04-14 09:18:36.355   716  1591 I am_home_stack_moved: [0,1,0,0,intentActivityFound]
04-14 09:18:36.355   716  1591 I wm_task_moved: [6,1,1]
04-14 09:18:36.361   716  1591 I am_home_stack_moved: [0,1,0,0,bringingFoundTaskToFront]
04-14 09:18:36.361   716  1591 I wm_task_moved: [3,1,1]
04-14 09:18:36.374   716  1591 I am_pause_activity: [0,948034513,com.android.systemui/.recents.RecentsActivity]
04-14 09:18:36.384   716  1591 I am_task_to_front: [0,3]
04-14 09:18:36.384   716  1591 I am_new_intent: [0,968181394,3,com.android.launcher3/.Launcher,android.intent.action.MAIN,NULL,NULL,274726912]
04-14 09:18:36.396  1198  1198 I am_on_paused_called: [0,com.android.systemui.recents.RecentsActivity]
04-14 09:18:36.402   716   984 I am_resume_activity: [0,75099644,3,com.android.launcher3/.Launcher]
04-14 09:18:36.465  1722  1722 I am_on_resume_called: [0,com.android.launcher3.Launcher]
04-14 09:18:36.742   177   177 I sf_frame_dur: [com.android.systemui/com.android.systemui.recents.RecentsActivity,25,1,1,0,2,0,0]
04-14 09:18:39.884   716  1156 I am_home_stack_moved: [0,0,1,1,startingNewTask]
04-14 09:18:39.885   716  1156 I am_create_task: [0,9]
04-14 09:18:39.885   716  1156 I am_create_activity: [0,882620515,9,com.android.settings/.Settings,android.intent.action.MAIN,NULL,NULL,270532608]
04-14 09:18:39.887   716  1156 I wm_task_created: [9,1]
04-14 09:18:39.887   716  1156 I wm_task_moved: [9,1,0]
04-14 09:18:39.887   716  1156 I am_pause_activity: [0,75099644,com.android.launcher3/.Launcher]
04-14 09:18:39.895   716  1156 I am_home_stack_moved: [0,0,1,1,startedActivity setFocusedActivity]
04-14 09:18:39.897   716  1156 I am_focused_activity: [0,com.android.settings/.Settings]
04-14 09:18:40.001  1722  1722 I am_on_paused_called: [0,com.android.launcher3.Launcher]
04-14 09:18:40.102   716  1681 I am_proc_start: [0,5951,1000,com.android.settings,activity,com.android.settings/.Settings]
04-14 09:18:40.189   716  1156 I am_proc_bound: [0,5951,com.android.settings]
04-14 09:18:40.200   716  1156 I am_restart_activity: [0,882620515,9,com.android.settings/.Settings]
04-14 09:18:40.453  5951  5951 I am_on_resume_called: [0,com.android.settings.Settings]
04-14 09:18:40.672   177   177 I sf_frame_dur: [com.android.launcher3/com.android.launcher3.Launcher,19,0,1,1,0,1,1]
04-14 09:18:41.511   716   803 I am_activity_launch_time: [0,882620515,com.android.settings/.Settings,1509,1509]
04-14 09:19:18.138  1859  1859 I auditd  : type=1400 audit(0.0:5): avc: granted { dac_override } for comm="mpdecision" capability=1 scontext=u:r:mpdecision:s0 tcontext=u:r:mpdecision:s0 tclass=capability
04-14 09:19:18.176   716  1156 I am_finish_activity: [0,882620515,9,com.android.settings/.Settings,app-request]
04-14 09:19:18.178   716  1156 I am_home_stack_moved: [0,1,0,0,finishActivity adjustFocus]
04-14 09:19:18.178   716  1156 I wm_task_moved: [3,1,1]
04-14 09:19:18.185   716  1156 I am_home_stack_moved: [0,1,0,0,finishActivity adjustTopFocus setFocusedActivity]
04-14 09:19:18.192   716  1156 I am_focused_activity: [0,com.android.launcher3/.Launcher]
04-14 09:19:18.201   716  1156 I am_pause_activity: [0,882620515,com.android.settings/.Settings]
04-14 09:19:18.221  5951  5951 I am_on_paused_called: [0,com.android.settings.Settings]
04-14 09:19:18.227   716  1157 I am_resume_activity: [0,75099644,3,com.android.launcher3/.Launcher]
04-14 09:19:18.251  1722  1722 I am_on_resume_called: [0,com.android.launcher3.Launcher]
04-14 09:19:18.603   716   798 I am_destroy_activity: [0,882620515,9,com.android.settings/.Settings,finish-imm]
04-14 09:19:18.778   716   803 I wm_task_removed: [9,removeAppToken: last token]
04-14 09:19:18.778   716   803 I wm_task_removed: [9,removeTask]
04-14 09:19:18.785   177   177 I sf_frame_dur: [com.android.settings/com.android.settings.Settings,66,1,1,1,2,1,2]
04-14 09:19:48.152   716   805 I power_sleep_requested: 0
04-14 09:19:48.154   716   716 I power_screen_state: [0,3,0,0]
04-14 09:19:48.154   716   716 I screen_toggled: 0
04-14 09:19:48.161   716   716 I power_screen_broadcast_send: 1
04-14 09:19:48.290  1198  1198 I sysui_heads_up_status: [,0]
04-14 09:19:48.302   716   716 I power_screen_broadcast_done: [0,141,1]
04-14 09:19:48.972   716   716 I am_pause_activity: [0,75099644,com.android.launcher3/.Launcher]
04-14 09:19:48.978  1722  1722 I am_on_paused_called: [0,com.android.launcher3.Launcher]
04-14 09:19:49.019   716   798 I am_focused_activity: [0,com.android.launcher3/.Launcher]
04-14 09:19:53.262   716  1156 I notification_expansion: [-1|android|17040644|null|1000,0,0]
04-14 09:19:53.340  1198  1198 I sysui_status_bar_state: [1,1,0,0,0,1]
04-14 09:19:53.444   177   177 I sf_frame_dur: [NavigationBar,100,2,0,0,4,1,2]
04-14 09:21:00.169   716   716 I power_screen_state: [1,0,0,0]
04-14 09:21:00.170   716   716 I screen_toggled: 1
04-14 09:21:00.170   716   716 I power_screen_broadcast_send: 1
04-14 09:21:00.200   716  1053 I notification_panel_revealed: []
04-14 09:21:00.201   716  1682 I notification_visibility_changed: [-1|android|17040644|null|1000,]
04-14 09:21:00.387   716   716 I power_screen_broadcast_done: [1,217,1]
04-14 09:21:00.682   177   177 I sf_frame_dur: [ColorFade,26,1,0,0,0,0,0]
04-14 09:21:00.966  1198  1198 I sysui_lockscreen_gesture: [1,151,6301]
04-14 09:21:01.048   716  1156 I notification_visibility_changed: [,-1|android|17040644|null|1000]
04-14 09:21:01.049   716  1590 I notification_panel_hidden: []
04-14 09:21:01.055  1198  1198 I screen_toggled: 2
04-14 09:21:01.120   716  1590 I notification_expansion: [-1|android|17040644|null|1000,0,1]
04-14 09:21:01.142  1198  1198 I sysui_status_bar_state: [0,0,0,0,0,1]
04-14 09:21:01.149   716  1156 I am_resume_activity: [0,75099644,3,com.android.launcher3/.Launcher]
04-14 09:21:01.166  1722  1722 I am_on_resume_called: [0,com.android.launcher3.Launcher]
04-14 09:21:58.775   716   805 I power_sleep_requested: 0
04-14 09:21:58.848   716   716 I power_screen_state: [0,3,0,0]
04-14 09:21:58.848   716   716 I screen_toggled: 0
04-14 09:21:58.865   716   716 I power_screen_broadcast_send: 1
04-14 09:21:58.952  1198  1198 I sysui_heads_up_status: [,0]
04-14 09:21:58.965   716   716 I power_screen_broadcast_done: [0,100,1]
04-14 09:21:59.686   716   716 I am_pause_activity: [0,75099644,com.android.launcher3/.Launcher]
04-14 09:21:59.690  1722  1722 I am_on_paused_called: [0,com.android.launcher3.Launcher]
04-14 09:21:59.760   716   798 I am_focused_activity: [0,com.android.launcher3/.Launcher]
04-14 09:22:03.970   716  1156 I notification_expansion: [-1|android|17040644|null|1000,0,0]
04-14 09:22:04.053  1198  1198 I sysui_status_bar_state: [1,1,0,0,0,1]
04-14 09:23:19.839   716   716 I power_screen_state: [1,0,0,0]
04-14 09:23:19.839   716   716 I screen_toggled: 1
04-14 09:23:19.840   716   716 I power_screen_broadcast_send: 1
04-14 09:23:19.861   716  1615 I notification_panel_revealed: []
04-14 09:23:19.862   716  1681 I notification_visibility_changed: [-1|android|17040644|null|1000,]
04-14 09:23:19.898   716   716 I power_screen_broadcast_done: [1,58,1]
04-14 09:23:20.339   177   177 I sf_frame_dur: [ColorFade,27,0,1,0,0,0,0]
04-14 09:23:29.833   716   805 I power_sleep_requested: 0
04-14 09:23:29.836   716   716 I power_screen_state: [0,3,0,0]
04-14 09:23:29.836   716   716 I screen_toggled: 0
04-14 09:23:29.864   716   750 I notification_visibility_changed: [,-1|android|17040644|null|1000]
04-14 09:23:29.868   716   984 I notification_panel_hidden: []
04-14 09:23:29.881   716   716 I power_screen_broadcast_send: 1
04-14 09:23:30.029  1198  1198 I sysui_heads_up_status: [,0]
04-14 09:23:30.036   716   716 I power_screen_broadcast_done: [0,155,1]
04-14 09:23:33.878   716   716 I power_screen_state: [1,0,0,0]
04-14 09:23:33.878   716   716 I screen_toggled: 1
04-14 09:23:33.878   716   716 I power_screen_broadcast_send: 1
04-14 09:23:33.897   716  1156 I notification_panel_revealed: []
04-14 09:23:33.898   716  1591 I notification_visibility_changed: [-1|android|17040644|null|1000,]
04-14 09:23:33.938   716   716 I power_screen_broadcast_done: [1,60,1]
04-14 09:23:34.385   177   177 I sf_frame_dur: [ColorFade,27,1,0,0,0,0,0]
04-14 09:23:36.599  1198  1198 I sysui_lockscreen_gesture: [1,100,8090]
04-14 09:23:36.687   716   984 I notification_visibility_changed: [,-1|android|17040644|null|1000]
04-14 09:23:36.688   716   750 I notification_panel_hidden: []
04-14 09:23:36.695  1198  1198 I screen_toggled: 2
04-14 09:23:36.758   716   749 I notification_expansion: [-1|android|17040644|null|1000,0,1]
04-14 09:23:36.779  1198  1198 I sysui_status_bar_state: [0,0,0,0,0,1]
04-14 09:23:36.789   716  1155 I am_resume_activity: [0,75099644,3,com.android.launcher3/.Launcher]
04-14 09:23:36.807  1722  1722 I am_on_resume_called: [0,com.android.launcher3.Launcher]
04-14 09:24:07.843   716   805 I power_sleep_requested: 0
04-14 09:24:07.844   716   716 I power_screen_state: [0,3,0,0]
04-14 09:24:07.844   716   716 I screen_toggled: 0
04-14 09:24:07.851   716   716 I power_screen_broadcast_send: 1
04-14 09:24:07.940  1198  1198 I sysui_heads_up_status: [,0]
04-14 09:24:08.074   716   716 I power_screen_broadcast_done: [0,223,1]
04-14 09:24:08.619   716   716 I am_pause_activity: [0,75099644,com.android.launcher3/.Launcher]
04-14 09:24:08.624  1722  1722 I am_on_paused_called: [0,com.android.launcher3.Launcher]
04-14 09:24:08.625   716   798 I am_focused_activity: [0,com.android.launcher3/.Launcher]
04-14 09:24:12.945   716  1155 I notification_expansion: [-1|android|17040644|null|1000,0,0]
04-14 09:24:13.023  1198  1198 I sysui_status_bar_state: [1,1,0,0,0,1]
04-14 09:24:13.129   177   177 I sf_frame_dur: [NavigationBar,12,2,0,0,1,0,0]
04-14 09:28:20.119   716  1633 I battery_status: [3,2,1,2,Li-ion]
04-14 09:28:20.129   716   716 I notification_cancel: [10013,1198,com.android.systemui,100,low_battery,-1,0,64,8,NULL]
04-14 09:28:20.522   716   749 I battery_status: [3,2,1,0,Li-ion]
04-14 09:28:20.529   716   716 I notification_cancel: [10013,1198,com.android.systemui,100,low_battery,-1,0,64,8,NULL]
04-14 09:28:20.540   716   716 I power_screen_state: [1,0,0,0]
04-14 09:28:20.540   716   716 I screen_toggled: 1
04-14 09:28:20.541   716   716 I power_screen_broadcast_send: 1
04-14 09:28:20.578   716   984 I notification_panel_revealed: []
04-14 09:28:20.587   716  1662 I notification_visibility_changed: [-1|android|17040644|null|1000,]
04-14 09:28:20.622   716   716 I notification_cancel: [10013,1198,com.android.systemui,100,low_battery,-1,0,64,8,NULL]
04-14 09:28:20.661   716   716 I power_screen_broadcast_done: [1,120,1]
04-14 09:28:21.023   716   716 I notification_cancel: [1000,716,android,17040636,NULL,-1,0,0,8,NULL]
04-14 09:28:21.024   716   716 I notification_canceled: [-1|android|17040636|null|1000,8]
04-14 09:28:21.024   716   716 I notification_cancel: [1000,716,android,17040644,NULL,-1,0,0,8,NULL]
04-14 09:28:21.025   716   716 I notification_canceled: [-1|android|17040644|null|1000,8]
04-14 09:28:21.089   177   177 I sf_frame_dur: [ColorFade,26,1,0,0,0,0,0]
04-14 09:28:21.110   716  1591 I notification_visibility_changed: [,-1|android|17040644|null|1000]
04-14 09:28:30.533   716   805 I power_sleep_requested: 0
04-14 09:28:30.536   716   716 I power_screen_state: [0,3,0,0]
04-14 09:28:30.536   716   716 I screen_toggled: 0
04-14 09:28:30.579   716  1156 I notification_panel_hidden: []
04-14 09:28:30.592   716   716 I power_screen_broadcast_send: 1
04-14 09:28:30.788  1198  1198 I sysui_heads_up_status: [,0]
04-14 09:28:30.791   716   716 I power_screen_broadcast_done: [0,199,1]
04-14 09:32:39.687   716   716 I notification_cancel: [10013,1198,com.android.systemui,100,low_battery,-1,0,64,8,NULL]
04-14 09:35:01.652   716   716 I notification_cancel: [10013,1198,com.android.systemui,100,low_battery,-1,0,64,8,NULL]
04-14 09:35:18.798   716  1633 I battery_level: [99,4223,256]
04-14 09:35:18.811   716   716 I notification_cancel: [10013,1198,com.android.systemui,100,low_battery,-1,0,64,8,NULL]
04-14 09:36:18.882   716   716 I notification_cancel: [10013,1198,com.android.systemui,100,low_battery,-1,0,64,8,NULL]
04-14 09:37:18.953   716   716 I notification_cancel: [10013,1198,com.android.systemui,100,low_battery,-1,0,64,8,NULL]
04-14 09:38:15.156   716  1156 I battery_level: [98,4216,270]
04-14 09:38:15.165   716   716 I notification_cancel: [10013,1198,com.android.systemui,100,low_battery,-1,0,64,8,NULL]
04-14 09:38:29.302   716  1591 I battery_status: [2,2,1,0,Li-ion]
04-14 09:38:29.312   716   716 I notification_cancel: [10013,1198,com.android.systemui,100,low_battery,-1,0,64,8,NULL]
04-14 09:38:29.349   716   716 I notification_cancel: [10013,1198,com.android.systemui,100,low_battery,-1,0,64,8,NULL]
04-14 09:38:29.748   716  1590 I battery_discharge: [609225,100,98]
04-14 09:38:29.748   716  1590 I battery_status: [2,2,1,2,Li-ion]
04-14 09:38:29.768   716   716 I power_screen_state: [1,0,0,0]
04-14 09:38:29.768   716   716 I screen_toggled: 1
04-14 09:38:29.993   716   716 I power_screen_broadcast_send: 1
04-14 09:38:30.004   716  1615 I notification_panel_revealed: []
04-14 09:38:30.061   716   716 I notification_cancel: [10013,1198,com.android.systemui,100,low_battery,-1,0,64,8,NULL]
04-14 09:38:30.065   716   716 I notification_enqueue: [1000,716,android,17040636,NULL,-1,Notification(pri=-2 contentView=null vibrate=null sound=null defaults=0x0 flags=0x2 color=0xff607d8b vis=PUBLIC),0]
04-14 09:38:30.072   177   177 I sf_frame_dur: [ColorFade,26,1,0,0,0,0,0]
04-14 09:38:30.086   716   716 I notification_enqueue: [1000,716,android,17040644,NULL,-1,Notification(pri=-1 contentView=null vibrate=null sound=null defaults=0x0 flags=0x2 color=0xff607d8b vis=PUBLIC),0]
04-14 09:38:30.366   716   716 I power_screen_broadcast_done: [1,373,1]
04-14 09:38:39.758   716   805 I power_sleep_requested: 0
04-14 09:38:39.761   716   716 I power_screen_state: [0,3,0,0]
04-14 09:38:39.761   716   716 I screen_toggled: 0
04-14 09:38:39.787   716  1662 I notification_panel_hidden: []
04-14 09:38:39.798   716   716 I power_screen_broadcast_send: 1
04-14 09:38:39.962  1198  1198 I sysui_heads_up_status: [,0]
04-14 09:38:39.966   716   716 I power_screen_broadcast_done: [0,168,1]
04-14 09:40:46.364   716   750 I battery_level: [99,4342,266]
04-14 09:40:46.449   716   716 I notification_cancel: [10013,1198,com.android.systemui,100,low_battery,-1,0,64,8,NULL]
04-14 09:41:08.128   716  1662 I am_kill : [0,2117,com.android.calendar,13,empty for 1813s]
04-14 09:41:08.163   716  1662 I am_kill : [0,3659,com.android.quicksearchbox,13,empty for 1871s]
04-14 09:41:08.180   716  1662 I am_kill : [0,2240,com.android.mms,13,empty for 1894s]
04-14 09:41:08.199   716   749 I am_proc_died: [0,2117,com.android.calendar]
04-14 09:41:08.210   716  1615 I am_proc_died: [0,3659,com.android.quicksearchbox]
04-14 09:41:08.212   716  1611 I am_proc_died: [0,2240,com.android.mms]
04-14 09:41:08.235   716   999 I netstats_mobile_sample: [0,0,0,0,0,0,0,0,0,0,0,0,1492134068244]
04-14 09:41:08.236   716   999 I netstats_wifi_sample: [1189509,2405,183745,1448,1188501,2397,162645,1440,1188501,2397,162645,1440,1492134068244]
04-14 09:42:30.113   716  1155 I battery_level: [100,4345,263]
04-14 09:42:30.169   716   716 I notification_cancel: [10013,1198,com.android.systemui,100,low_battery,-1,0,64,8,NULL]
04-14 09:44:06.764   716   716 I power_screen_state: [1,0,0,0]
04-14 09:44:06.764   716   716 I screen_toggled: 1
04-14 09:44:06.765   716   716 I power_screen_broadcast_send: 1
04-14 09:44:06.793   716  1591 I notification_panel_revealed: []
04-14 09:44:06.799   716  1156 I notification_visibility_changed: [-1|android|17040644|null|1000,]
04-14 09:44:06.858   716   716 I power_screen_broadcast_done: [1,93,1]
04-14 09:44:07.273   177   177 I sf_frame_dur: [ColorFade,26,1,0,0,0,0,0]
04-14 09:44:16.762   716   805 I power_sleep_requested: 0
04-14 09:44:16.770   716   716 I power_screen_state: [0,3,0,0]
04-14 09:44:16.770   716   716 I screen_toggled: 0
04-14 09:44:16.814   716  1682 I notification_visibility_changed: [,-1|android|17040644|null|1000]
04-14 09:44:16.815   716   750 I notification_panel_hidden: []
04-14 09:44:16.822   716   716 I power_screen_broadcast_send: 1
04-14 09:44:17.002  1198  1198 I sysui_heads_up_status: [,0]
04-14 09:44:17.006   716   716 I power_screen_broadcast_done: [0,185,1]
04-14 09:44:54.805   716   716 I power_screen_state: [1,0,0,0]
04-14 09:44:54.805   716   716 I screen_toggled: 1
04-14 09:44:54.806   716   716 I power_screen_broadcast_send: 1
04-14 09:44:54.840   716  1053 I notification_panel_revealed: []
04-14 09:44:54.841   716   749 I notification_visibility_changed: [-1|android|17040644|null|1000,]
04-14 09:44:54.879   716   716 I power_screen_broadcast_done: [1,73,1]
04-14 09:44:55.314   177   177 I sf_frame_dur: [ColorFade,27,0,1,0,0,0,0]
04-14 09:44:55.831  1198  1198 I sysui_lockscreen_gesture: [1,165,5373]
04-14 09:44:55.919   716  1633 I notification_visibility_changed: [,-1|android|17040644|null|1000]
04-14 09:44:55.920   716  1611 I notification_panel_hidden: []
04-14 09:44:55.927  1198  1198 I screen_toggled: 2
04-14 09:44:55.993   716  1611 I notification_expansion: [-1|android|17040644|null|1000,0,1]
04-14 09:44:56.014  1198  1198 I sysui_status_bar_state: [0,0,0,0,0,1]
04-14 09:44:56.025   716  1053 I am_resume_activity: [0,75099644,3,com.android.launcher3/.Launcher]
04-14 09:44:56.045  1722  1722 I am_on_resume_called: [0,com.android.launcher3.Launcher]
04-14 09:45:25.763   716   805 I power_sleep_requested: 0
04-14 09:45:25.767   716   716 I power_screen_state: [0,3,0,0]
04-14 09:45:25.767   716   716 I screen_toggled: 0
04-14 09:45:25.807   716   716 I power_screen_broadcast_send: 1
04-14 09:45:26.096  1198  1198 I sysui_heads_up_status: [,0]
04-14 09:45:26.108   716   716 I power_screen_broadcast_done: [0,301,1]
04-14 09:45:26.593   716   716 I am_pause_activity: [0,75099644,com.android.launcher3/.Launcher]
04-14 09:45:26.595  1722  1722 I am_on_paused_called: [0,com.android.launcher3.Launcher]
04-14 09:45:26.626   716   798 I am_focused_activity: [0,com.android.launcher3/.Launcher]
04-14 09:45:26.838   716   716 I am_resume_activity: [0,75099644,3,com.android.launcher3/.Launcher]
04-14 09:45:26.853   716   716 I power_screen_state: [1,0,0,0]
04-14 09:45:26.853   716   716 I screen_toggled: 1
04-14 09:45:26.858  1722  1722 I am_on_resume_called: [0,com.android.launcher3.Launcher]
04-14 09:45:26.981   716   716 I power_screen_broadcast_send: 1
04-14 09:45:27.041   716   716 I power_screen_broadcast_done: [1,59,1]
04-14 09:45:27.132   177   177 I sf_frame_dur: [ColorFade,25,1,0,0,0,0,0]
04-14 09:45:29.071   716   980 I power_sleep_requested: 0
04-14 09:45:29.071   716   716 I power_screen_state: [0,2,0,0]
04-14 09:45:29.071   716   716 I screen_toggled: 0
04-14 09:45:29.074   716   716 I power_screen_broadcast_send: 1
04-14 09:45:29.140   716  1157 I notification_expansion: [-1|android|17040644|null|1000,0,0]
04-14 09:45:29.215  1198  1198 I sysui_status_bar_state: [1,1,0,0,0,1]
04-14 09:45:29.216   716   984 I am_pause_activity: [0,75099644,com.android.launcher3/.Launcher]
04-14 09:45:29.217  1722  1722 I am_on_paused_called: [0,com.android.launcher3.Launcher]
04-14 09:45:29.221   716   798 I am_focused_activity: [0,com.android.launcher3/.Launcher]
04-14 09:45:29.428  1198  1198 I sysui_heads_up_status: [,0]
04-14 09:45:29.439   716   716 I power_screen_broadcast_done: [0,365,1]
04-14 09:45:29.834   177   177 I sf_frame_dur: [NavigationBar,13,0,1,0,1,0,2]
04-14 09:47:02.065   716   716 I power_screen_state: [1,0,0,0]
04-14 09:47:02.065   716   716 I screen_toggled: 1
04-14 09:47:02.066   716   716 I power_screen_broadcast_send: 1
04-14 09:47:02.089   716  1156 I notification_panel_revealed: []
04-14 09:47:02.090   716  1611 I notification_visibility_changed: [-1|android|17040644|null|1000,]
04-14 09:47:02.286   716   716 I power_screen_broadcast_done: [1,220,1]
04-14 09:47:02.573   177   177 I sf_frame_dur: [ColorFade,25,1,0,0,2,0,0]
04-14 09:47:03.679  1198  1198 I sysui_lockscreen_gesture: [1,207,5829]
04-14 09:47:03.735   716  1681 I notification_visibility_changed: [,-1|android|17040644|null|1000]
04-14 09:47:03.735   716  1591 I notification_panel_hidden: []
04-14 09:47:03.741  1198  1198 I screen_toggled: 2
04-14 09:47:03.802   716  1591 I notification_expansion: [-1|android|17040644|null|1000,0,1]
04-14 09:47:03.824  1198  1198 I sysui_status_bar_state: [0,0,0,0,0,1]
04-14 09:47:03.840   716  1591 I am_resume_activity: [0,75099644,3,com.android.launcher3/.Launcher]
04-14 09:47:03.854  1722  1722 I am_on_resume_called: [0,com.android.launcher3.Launcher]
04-14 09:47:33.598   716   805 I power_sleep_requested: 0
04-14 09:47:33.607   716   716 I power_screen_state: [0,3,0,0]
04-14 09:47:33.607   716   716 I screen_toggled: 0
04-14 09:47:33.664   716   716 I power_screen_broadcast_send: 1
04-14 09:47:33.753  1198  1198 I sysui_heads_up_status: [,0]
04-14 09:47:33.763   716   716 I power_screen_broadcast_done: [0,99,1]
04-14 09:47:34.448   716   716 I am_pause_activity: [0,75099644,com.android.launcher3/.Launcher]
04-14 09:47:34.451  1722  1722 I am_on_paused_called: [0,com.android.launcher3.Launcher]
04-14 09:47:34.473   716   798 I am_focused_activity: [0,com.android.launcher3/.Launcher]
04-14 09:47:38.738   716  1611 I notification_expansion: [-1|android|17040644|null|1000,0,0]
04-14 09:47:38.816  1198  1198 I sysui_status_bar_state: [1,1,0,0,0,1]
04-14 09:48:12.815   716   716 I power_screen_state: [1,0,0,0]
04-14 09:48:12.815   716   716 I screen_toggled: 1
04-14 09:48:12.816   716   716 I power_screen_broadcast_send: 1
04-14 09:48:12.832   716  1590 I notification_panel_revealed: []
04-14 09:48:12.833   716  1156 I notification_visibility_changed: [-1|android|17040644|null|1000,]
04-14 09:48:12.883   716   716 I power_screen_broadcast_done: [1,67,1]
04-14 09:48:13.312   177   177 I sf_frame_dur: [ColorFade,29,0,1,0,0,0,0]
04-14 09:48:13.946  1198  1198 I sysui_lockscreen_gesture: [1,140,4343]
04-14 09:48:14.048   716  1662 I notification_visibility_changed: [,-1|android|17040644|null|1000]
04-14 09:48:14.049   716   984 I notification_panel_hidden: []
04-14 09:48:14.055  1198  1198 I screen_toggled: 2
04-14 09:48:14.122   716   984 I notification_expansion: [-1|android|17040644|null|1000,0,1]
04-14 09:48:14.144  1198  1198 I sysui_status_bar_state: [0,0,0,0,0,1]
04-14 09:48:14.153   716   750 I am_resume_activity: [0,75099644,3,com.android.launcher3/.Launcher]
04-14 09:48:14.169  1722  1722 I am_on_resume_called: [0,com.android.launcher3.Launcher]
04-14 09:48:56.887   716  1591 I am_home_stack_moved: [0,0,1,1,startingNewTask]
04-14 09:48:56.887   716  1591 I am_create_task: [0,10]
04-14 09:48:56.887   716  1591 I am_create_activity: [0,1040644221,10,com.android.calculator2/.Calculator,android.intent.action.MAIN,NULL,NULL,270532608]
04-14 09:48:56.889   716  1591 I wm_task_created: [10,1]
04-14 09:48:56.889   716  1591 I wm_task_moved: [10,1,0]
04-14 09:48:56.895   716  1591 I am_pause_activity: [0,75099644,com.android.launcher3/.Launcher]
04-14 09:48:56.901   716  1591 I am_home_stack_moved: [0,0,1,1,startedActivity setFocusedActivity]
04-14 09:48:56.904   716  1591 I am_focused_activity: [0,com.android.calculator2/.Calculator]
04-14 09:48:56.994  1722  1722 I am_on_paused_called: [0,com.android.launcher3.Launcher]
04-14 09:48:57.093   716  1633 I am_proc_start: [0,7638,10020,com.android.calculator2,activity,com.android.calculator2/.Calculator]
04-14 09:48:57.180   716  1611 I am_proc_bound: [0,7638,com.android.calculator2]
04-14 09:48:57.725   716  1611 I am_restart_activity: [0,1040644221,10,com.android.calculator2/.Calculator]
04-14 09:48:58.118  7638  7638 I am_on_resume_called: [0,com.android.calculator2.Calculator]
04-14 09:48:58.212   177   177 I sf_frame_dur: [com.android.launcher3/com.android.launcher3.Launcher,145,3,4,2,4,1,31]
04-14 09:48:58.542   716   803 I am_activity_launch_time: [0,1040644221,com.android.calculator2/.Calculator,1547,1547]
04-14 09:49:25.477   716  1615 I am_finish_activity: [0,1040644221,10,com.android.calculator2/.Calculator,app-request]
04-14 09:49:25.479   716  1615 I am_home_stack_moved: [0,1,0,0,finishActivity adjustFocus]
04-14 09:49:25.479   716  1615 I wm_task_moved: [3,1,1]
04-14 09:49:25.485   716  1615 I am_home_stack_moved: [0,1,0,0,finishActivity adjustTopFocus setFocusedActivity]
04-14 09:49:25.487   716  1615 I am_focused_activity: [0,com.android.launcher3/.Launcher]
04-14 09:49:25.498   716  1615 I am_pause_activity: [0,1040644221,com.android.calculator2/.Calculator]
04-14 09:49:25.504  7638  7638 I am_on_paused_called: [0,com.android.calculator2.Calculator]
04-14 09:49:25.512   716  1611 I am_resume_activity: [0,75099644,3,com.android.launcher3/.Launcher]
04-14 09:49:25.533  1722  1722 I am_on_resume_called: [0,com.android.launcher3.Launcher]
04-14 09:49:25.926   716   798 I am_destroy_activity: [0,1040644221,10,com.android.calculator2/.Calculator,finish-imm]
04-14 09:49:25.930   716   798 I am_kill : [0,2185,com.android.providers.calendar,15,empty for 2306s]
04-14 09:49:25.953   716  1157 I am_proc_died: [0,2185,com.android.providers.calendar]
04-14 09:49:26.113   716   803 I wm_task_removed: [10,removeAppToken: last token]
04-14 09:49:26.113   716   803 I wm_task_removed: [10,removeTask]
04-14 09:49:26.117   177   177 I sf_frame_dur: [com.android.calculator2/com.android.calculator2.Calculator,0,0,0,1,0,0,0]
04-14 09:49:55.433   716   805 I power_sleep_requested: 0
04-14 09:49:55.435   716   716 I power_screen_state: [0,3,0,0]
04-14 09:49:55.435   716   716 I screen_toggled: 0
04-14 09:49:55.437   716   716 I power_screen_broadcast_send: 1
04-14 09:49:55.554  1198  1198 I sysui_heads_up_status: [,0]
04-14 09:49:55.680   716   716 I power_screen_broadcast_done: [0,242,1]
04-14 09:49:56.229   716   716 I am_pause_activity: [0,75099644,com.android.launcher3/.Launcher]
04-14 09:49:56.230  1722  1722 I am_on_paused_called: [0,com.android.launcher3.Launcher]
04-14 09:49:56.275   716   798 I am_focused_activity: [0,com.android.launcher3/.Launcher]
04-14 09:50:00.561   716   749 I notification_expansion: [-1|android|17040644|null|1000,0,0]
04-14 09:50:00.621  1198  1198 I sysui_status_bar_state: [1,1,0,0,0,1]
04-14 09:50:00.744   177   177 I sf_frame_dur: [NavigationBar,41,3,0,0,1,1,1]
04-14 09:50:35.191   716   716 I power_screen_state: [1,0,0,0]
04-14 09:50:35.191   716   716 I screen_toggled: 1
04-14 09:50:35.192   716   716 I power_screen_broadcast_send: 1
04-14 09:50:35.218   716   984 I notification_panel_revealed: []
04-14 09:50:35.227   716  1590 I notification_visibility_changed: [-1|android|17040644|null|1000,]
04-14 09:50:35.267   716   716 I power_screen_broadcast_done: [1,75,1]
04-14 09:50:35.694   177   177 I sf_frame_dur: [ColorFade,25,0,1,0,2,0,0]
04-14 09:50:37.224  1198  1198 I sysui_lockscreen_gesture: [1,140,4230]
04-14 09:50:37.321   716  1615 I notification_visibility_changed: [,-1|android|17040644|null|1000]
04-14 09:50:37.322   716  1633 I notification_panel_hidden: []
04-14 09:50:37.326  1198  1198 I screen_toggled: 2
04-14 09:50:37.385   716  1633 I notification_expansion: [-1|android|17040644|null|1000,0,1]
04-14 09:50:37.402  1198  1198 I sysui_status_bar_state: [0,0,0,0,0,1]
04-14 09:50:37.408   716   750 I am_resume_activity: [0,75099644,3,com.android.launcher3/.Launcher]
04-14 09:50:37.433  1722  1722 I am_on_resume_called: [0,com.android.launcher3.Launcher]
04-14 09:51:08.344   716   805 I power_sleep_requested: 0
04-14 09:51:08.351   716   716 I power_screen_state: [0,3,0,0]
04-14 09:51:08.351   716   716 I screen_toggled: 0
04-14 09:51:08.396   716   716 I power_screen_broadcast_send: 1
04-14 09:51:08.474  1198  1198 I sysui_heads_up_status: [,0]
04-14 09:51:08.599   716   716 I power_screen_broadcast_done: [0,202,1]
04-14 09:51:09.172   716   716 I am_pause_activity: [0,75099644,com.android.launcher3/.Launcher]
04-14 09:51:09.174  1722  1722 I am_on_paused_called: [0,com.android.launcher3.Launcher]
04-14 09:51:09.176   716   798 I am_focused_activity: [0,com.android.launcher3/.Launcher]
04-14 09:51:13.503   716  1682 I notification_expansion: [-1|android|17040644|null|1000,0,0]
04-14 09:51:13.577  1198  1198 I sysui_status_bar_state: [1,1,0,0,0,1]
04-14 09:52:12.023   716   716 I power_screen_state: [1,0,0,0]
04-14 09:52:12.023   716   716 I screen_toggled: 1
04-14 09:52:12.024   716   716 I power_screen_broadcast_send: 1
04-14 09:52:12.040   716  1590 I notification_panel_revealed: []
04-14 09:52:12.041   716  1615 I notification_visibility_changed: [-1|android|17040644|null|1000,]
04-14 09:52:12.099   716   716 I power_screen_broadcast_done: [1,76,1]
04-14 09:52:12.522   177   177 I sf_frame_dur: [ColorFade,25,0,1,0,2,0,0]
04-14 09:52:12.881  1198  1198 I sysui_lockscreen_gesture: [1,199,4336]
04-14 09:52:12.955   716   984 I notification_visibility_changed: [,-1|android|17040644|null|1000]
04-14 09:52:12.956   716  1633 I notification_panel_hidden: []
04-14 09:52:12.962  1198  1198 I screen_toggled: 2
04-14 09:52:13.033   716  1633 I notification_expansion: [-1|android|17040644|null|1000,0,1]
04-14 09:52:13.061  1198  1198 I sysui_status_bar_state: [0,0,0,0,0,1]
04-14 09:52:13.070   716   984 I am_resume_activity: [0,75099644,3,com.android.launcher3/.Launcher]
04-14 09:52:13.086  1722  1722 I am_on_resume_called: [0,com.android.launcher3.Launcher]
04-14 09:52:14.793   716  1611 I battery_status: [5,2,1,2,Li-ion]
04-14 09:52:14.804   716   716 I notification_cancel: [10013,1198,com.android.systemui,100,low_battery,-1,0,64,8,NULL]
04-14 09:52:37.371   716  1615 I am_home_stack_moved: [0,0,1,1,startingNewTask]
04-14 09:52:37.371   716  1615 I am_create_task: [0,11]
04-14 09:52:37.372   716  1615 I am_create_activity: [0,940216576,11,com.zhihu.android/.app.ui.activity.MainActivity,android.intent.action.MAIN,NULL,NULL,270532608]
04-14 09:52:37.374   716  1615 I wm_task_created: [11,1]
04-14 09:52:37.374   716  1615 I wm_task_moved: [11,1,0]
04-14 09:52:37.375   716  1615 I am_pause_activity: [0,75099644,com.android.launcher3/.Launcher]
04-14 09:52:37.380  1722  1722 I am_on_paused_called: [0,com.android.launcher3.Launcher]
04-14 09:52:37.381   716  1615 I am_home_stack_moved: [0,0,1,1,startedActivity setFocusedActivity]
04-14 09:52:37.386   716  1615 I am_focused_activity: [0,com.zhihu.android/.app.ui.activity.MainActivity]
04-14 09:52:37.398   716  1156 I am_restart_activity: [0,940216576,11,com.zhihu.android/.app.ui.activity.MainActivity]
04-14 09:52:37.959   177   177 I sf_frame_dur: [com.android.launcher3/com.android.launcher3.Launcher,49,2,0,0,4,0,11]
04-14 09:52:38.270  5204  5204 I am_on_resume_called: [0,com.zhihu.android.app.ui.activity.MainActivity]
04-14 09:52:38.868   716   803 I am_activity_launch_time: [0,940216576,com.zhihu.android/.app.ui.activity.MainActivity,1482,1482]
04-14 09:52:40.724   716   716 I notification_cancel: [10054,5204,com.zhihu.android,1,NULL,0,0,64,8,NULL]
04-14 09:52:43.825   177   177 I sf_frame_dur: [VolumePanel,15,2,0,0,0,0,0]
04-14 09:52:45.017  1198  1198 I sysui_panelholder_touch: [0,371,69]
04-14 09:52:45.057   716  1591 I notification_panel_revealed: []
04-14 09:52:45.086   716  1662 I notification_visibility_changed: [-1|android|17040644|null|1000;-1|android|17040636|null|1000,]
04-14 09:52:45.100   716  1681 I notification_visibility_changed: [,-1|android|17040644|null|1000;-1|android|17040636|null|1000]
04-14 09:52:45.102   716   984 I notification_panel_hidden: []
04-14 09:52:45.175   716  1615 I notification_panel_revealed: []
04-14 09:52:45.900   716  1611 I notification_visibility_changed: [-1|android|17040644|null|1000;-1|android|17040636|null|1000,]
04-14 09:52:46.356   716  1155 I notification_visibility_changed: [,-1|android|17040644|null|1000;-1|android|17040636|null|1000]
04-14 09:52:46.357   716  1156 I notification_panel_hidden: []
04-14 09:53:00.146   177   177 I sf_frame_dur: [VolumePanel,51,1,2,0,1,0,3]
04-14 09:53:10.156   716   716 I free_storage_changed: 13215416320
04-14 09:53:13.699   716  1681 I force_gc: Binder
04-14 09:53:16.452  1198  1198 I force_gc: Binder
04-14 09:53:17.293   716  1053 I force_gc: Binder
04-14 09:53:18.459   177   177 I sf_frame_dur: [GlobalActions,0,0,1,0,0,0,0]
04-14 09:53:18.705   716  8690 I am_pause_activity: [0,940216576,com.zhihu.android/.app.ui.activity.MainActivity]
04-14 09:53:18.875  5204  5204 I am_on_paused_called: [0,com.zhihu.android.app.ui.activity.MainActivity]
04-14 09:53:18.876   716   798 I am_focused_activity: [0,com.zhihu.android/.app.ui.activity.MainActivity]
04-14 09:53:19.755  1554  1554 I gsm_service_state_change: [1,1,3,3]
04-14 09:53:20.384  1198  1198 I force_gc: Binder
04-14 09:53:20.791  1554  1554 I gsm_service_state_change: [3,3,1,1]
04-14 09:53:21.144   716  1681 I force_gc: Binder
01-01 08:00:00.530   176   176 I auditd  : type=2000 audit(0.0:1): initialized
08-10 00:57:54.530   176   176 I auditd  : type=1403 audit(0.0:2): policy loaded auid=4294967295 ses=4294967295
08-10 00:57:54.530   176   176 I auditd  : type=1404 audit(0.0:3): enforcing=1 old_enforcing=0 auid=4294967295 ses=4294967295
08-10 00:57:55.449   201   201 I boot_progress_start: 3834
08-10 00:57:56.675   201   201 I boot_progress_preload_start: 5059
08-10 00:58:02.578   201   201 I boot_progress_preload_end: 10962
08-10 00:58:02.850   709   709 I boot_progress_system_run: 11234
08-10 00:58:03.445   709   709 I boot_progress_pms_start: 11829
08-10 00:58:04.178   709   709 I boot_progress_pms_system_scan_start: 12562
08-10 00:58:08.159   709   709 I boot_progress_pms_data_scan_start: 16543
08-10 00:58:08.728   709   709 I boot_progress_pms_scan_end: 17112
08-10 00:58:09.082   709   709 I boot_progress_pms_ready: 17466
08-10 00:58:09.177   709   726 I battery_status: [2,2,1,2,Li-ion]
08-10 00:58:09.177   709   726 I battery_level: [100,4307,268]
08-10 00:58:09.518   709   709 I wm_stack_created: [0,0,0,0,0]
08-10 00:58:09.666   709   709 I configuration_changed: 7672
08-10 00:58:09.693   709   709 I configuration_changed: 1288
08-10 00:58:10.726   709   709 I free_storage_left: [13215592448,687144960,710078464]
08-10 00:58:10.726   709   709 I free_storage_changed: 13215592448
08-10 00:58:11.478   709   709 I configuration_changed: 512
08-10 00:58:11.672   709   709 I boot_progress_ams_ready: 20056
08-10 00:58:11.830   709   709 I am_proc_start: [0,834,1037,WebViewLoader-armeabi-v7a,,]
08-10 00:58:11.913   709   709 I am_proc_start: [0,853,10013,com.android.systemui,service,com.android.systemui/.SystemUIService]
08-10 00:58:12.029   709   774 I am_proc_start: [0,872,10005,android.process.media,broadcast,com.android.providers.media/.MtpReceiver]
08-10 00:58:12.059   709   726 I am_proc_bound: [0,853,com.android.systemui]
08-10 00:58:12.086   709   725 I am_proc_bound: [0,872,android.process.media]
08-10 00:58:12.322   709   970 I notification_cancel_all: [10005,872,com.android.providers.downloads,0,0,64,9,NULL]
08-10 00:58:12.384   709   726 I am_proc_start: [0,974,1000,com.android.settings,broadcast,com.android.settings/.widget.SettingsAppWidgetProvider]
08-10 00:58:12.489   709   970 I am_proc_bound: [0,974,com.android.settings]
08-10 00:58:12.820   709   709 I am_proc_start: [0,1045,10034,com.android.inputmethod.latin,service,com.android.inputmethod.latin/.LatinIME]
08-10 00:58:12.839   709   810 I netstats_mobile_sample: [0,0,0,0,0,0,0,0,0,0,0,0,-1]
08-10 00:58:12.839   709   810 I netstats_wifi_sample: [0,0,0,0,0,0,0,0,0,0,0,0,-1]
08-10 00:58:12.953   709   726 I am_proc_bound: [0,1045,com.android.inputmethod.latin]
08-10 00:58:13.135   709   709 I am_proc_start: [0,1109,1027,com.android.nfc,added application,com.android.nfc]
08-10 00:58:13.304   709   709 I am_proc_start: [0,1151,1001,com.android.phone,added application,com.android.phone]
08-10 00:58:13.323   709   709 I am_create_task: [0,1]
08-10 00:58:13.324   709   709 I am_create_activity: [0,19631072,1,com.android.launcher3/.Launcher,android.intent.action.MAIN,NULL,NULL,268435456]
08-10 00:58:13.329   709   709 I wm_task_created: [1,0]
08-10 00:58:13.329   709   709 I wm_task_moved: [1,1,0]
08-10 00:58:13.411   709   709 I am_proc_start: [0,1204,10035,com.android.launcher3,activity,com.android.launcher3/.Launcher]
08-10 00:58:13.411   709   709 I am_focused_activity: [0,com.android.launcher3/.Launcher]
08-10 00:58:13.533   709   773 I am_proc_start: [0,1231,10046,com.android.printspooler,service,com.android.printspooler/.model.PrintSpoolerService]
08-10 00:58:13.534   709   970 I am_proc_bound: [0,1109,com.android.nfc]
08-10 00:58:13.538   709   725 I am_proc_bound: [0,1151,com.android.phone]
08-10 00:58:13.558   709  1213 I am_proc_bound: [0,1204,com.android.launcher3]
08-10 00:58:13.567   709  1213 I am_restart_activity: [0,19631072,1,com.android.launcher3/.Launcher]
08-10 00:58:13.578   709   810 I netstats_mobile_sample: [0,0,0,0,0,0,0,0,0,0,0,0,-1]
08-10 00:58:13.578   709   810 I netstats_wifi_sample: [0,0,0,0,0,0,0,0,0,0,0,0,-1]
08-10 00:58:13.666   709   971 I am_proc_bound: [0,1231,com.android.printspooler]
08-10 00:58:13.914   709  1255 I am_proc_start: [0,1257,10002,android.process.acore,content provider,com.android.providers.contacts/.CallLogProvider]
08-10 00:58:14.005   709   709 I notification_enqueue: [1000,709,android,17040636,NULL,-1,Notification(pri=-2 contentView=null vibrate=null sound=null defaults=0x0 flags=0x2 color=0xff607d8b vis=PUBLIC),0]
08-10 00:58:14.020   709   709 I notification_enqueue: [1000,709,android,17040644,NULL,-1,Notification(pri=-1 contentView=null vibrate=null sound=null defaults=0x0 flags=0x2 color=0xff607d8b vis=PUBLIC),0]
08-10 00:58:14.099   709  1213 I am_proc_bound: [0,1257,android.process.acore]
08-10 00:58:14.304   709   726 I am_proc_start: [0,1304,10052,com.android.smspush,service,com.android.smspush/.WapPushManager]
08-10 00:58:14.416   709   709 I notification_cancel: [10013,853,com.android.systemui,100,low_battery,-1,0,64,8,NULL]
08-10 00:58:14.489  1204  1204 I am_on_resume_called: [0,com.android.launcher3.Launcher]
08-10 00:58:14.524   709   709 I backup_transport_lifecycle: [android/com.android.internal.backup.LocalTransportService,1]
08-10 00:58:14.561   709  1214 I am_proc_bound: [0,1304,com.android.smspush]
08-10 00:58:14.603   709   725 I force_gc: Binder
08-10 00:58:14.743  1151  1151 I gsm_service_state_change: [1,1,3,3]
08-10 00:58:14.901   709   970 I am_proc_start: [0,1352,10038,com.android.music,broadcast,com.android.music/.MediaButtonIntentReceiver]
08-10 00:58:15.017   709   779 I am_activity_launch_time: [0,19631072,com.android.launcher3/.Launcher,1687,1687]
08-10 00:58:15.059   709   725 I am_proc_bound: [0,1352,com.android.music]
08-10 00:58:15.592  1151  1151 I gsm_service_state_change: [3,3,1,1]
08-10 00:58:15.843   709   774 I boot_progress_enable_screen: 24228
08-10 00:58:15.846   709   774 I screen_toggled: 1
08-10 00:58:15.911   709  1249 I configuration_changed: 3
08-10 00:58:15.922   709  1249 I am_relaunch_resume_activity: [0,19631072,1,com.android.launcher3/.Launcher]
08-10 00:58:15.941  1204  1204 I am_on_paused_called: [0,com.android.launcher3.Launcher]
08-10 00:58:15.983   181   181 I sf_frame_dur: [com.android.launcher3/com.android.launcher3.Launcher,7,1,1,0,0,1,0]
08-10 00:58:16.033   709   709 I notification_cancel: [10013,853,com.android.systemui,100,low_battery,-1,0,64,8,NULL]
08-10 00:58:16.173  1204  1204 I am_on_resume_called: [0,com.android.launcher3.Launcher]
08-10 00:58:16.375   709   709 I notification_cancel: [10013,853,com.android.systemui,100,low_battery,-1,0,64,8,NULL]
08-10 00:58:17.014   709   726 I force_gc: Binder
08-10 00:58:18.036   709   709 I notification_cancel: [1001,1151,com.android.phone,3,1,-1,0,64,8,NULL]
08-10 00:58:18.036   709   709 I notification_cancel: [1001,1151,com.android.phone,4,1,-1,0,64,8,NULL]
08-10 00:58:18.705   709  1214 I notification_expansion: [-1|android|17040644|null|1000,0,1]
08-10 00:58:19.099   181   181 I sf_frame_dur: [BootAnimation,7,9,249,15,0,0,0]
08-10 00:58:19.420   709  1486 I am_proc_start: [0,1521,1000,com.android.keychain,service,com.android.keychain/.KeyChainService]
08-10 00:58:19.499   709  1248 I am_proc_bound: [0,1521,com.android.keychain]
08-10 00:58:19.549   709   726 I notification_expansion: [-1|android|17040644|null|1000,0,0]
08-10 00:58:19.563   709   709 I notification_cancel: [1000,709,android,17039590,NULL,0,0,0,8,NULL]
08-10 00:58:19.623   853   853 I sysui_status_bar_state: [1,1,0,0,0,1]
08-10 00:58:19.634   709  1249 I notification_panel_revealed: []
08-10 00:58:19.636   709   725 I notification_visibility_changed: [-1|android|17040644|null|1000;-1|android|17040636|null|1000,]
08-10 00:58:20.431   181   181 I sf_frame_dur: [KeyguardScrim,0,0,0,0,0,0,1]
08-10 00:58:20.516   709  1213 I notification_visibility_changed: [,-1|android|17040636|null|1000]
08-10 00:58:20.660   709  1249 I am_proc_start: [0,1553,10004,com.android.dialer,broadcast,com.android.dialer/.calllog.CallLogReceiver]
08-10 00:58:20.748   709  1248 I am_proc_bound: [0,1553,com.android.dialer]
08-10 00:58:20.898   709   709 I am_proc_start: [0,1580,10001,com.android.providers.calendar,broadcast,com.android.providers.calendar/.CalendarReceiver]
08-10 00:58:20.918   709   709 I notification_cancel: [10004,1553,com.android.dialer,1,DefaultVoicemailNotifier,0,0,64,8,NULL]
08-10 00:58:20.959   709   725 I am_proc_bound: [0,1580,com.android.providers.calendar]
08-10 00:58:21.076   709   970 I notification_cancel_all: [10005,872,com.android.providers.downloads,0,0,64,9,NULL]
08-10 00:58:21.171   709   971 I am_proc_start: [0,1610,10007,com.android.managedprovisioning,broadcast,com.android.managedprovisioning/.BootReminder]
08-10 00:58:21.264   709   725 I am_proc_bound: [0,1610,com.android.managedprovisioning]
08-10 00:58:21.630   709  1214 I am_proc_start: [0,1642,10008,com.android.mms,broadcast,com.android.mms/.transaction.MmsSystemEventReceiver]
08-10 00:58:21.710   709   726 I am_proc_bound: [0,1642,com.android.mms]
