04-14 09:52:12.336  1554  1829 D RILJ    : [3958]< VOICE_REGISTRATION_STATE {13, null, null, 0, null, null, null, 0, null, null, null, null, null, 2, 172} [SUB0]
04-14 09:52:12.337  1554  1554 D PHONE   : [ServiceState] setVoiceRegState=1
04-14 09:52:12.337  1554  1554 E PHONE   : [ServiceState] setState deprecated use setVoiceRegState()
04-14 09:52:12.338  1554  1554 D GsmSST  : [GsmSST] Poll ServiceState done:  oldSS=[1 1 voice home data home null null null null null null  Unknown Unknown CSS not supported -1 -1 RoamInd=-1 DefRoamInd=-1 EmergOnly=true] newSS=[1 1 voice home data home null null null null null null  Unknown Unknown CSS not supported -1 -1 RoamInd=-1 DefRoamInd=-1 EmergOnly=true] oldMaxDataCalls=20 mNewMaxDataCalls=20 oldReasonDataDenied=-1 mNewReasonDataDenied=-1
04-14 09:52:12.339  1554  1554 D PHONE   : [ServiceState] setNullState=1
04-14 09:52:13.068  1554  1587 D DCT     : [0]hasMatchedTetherApnSetting: APN=null
04-14 09:52:38.573  1554  1587 D PhoneFactory: getPhone:- phoneId != DEFAULT_PHONE_ID return sProxyPhones[phoneId] phoneId=0 phone=Handler (com.android.internal.telephony.PhoneProxy) {3493524f}
04-14 09:52:38.779  5204  8087 D TelephonyManager: getTelephonyProperty: return propVal='null' phoneId=0 property='gsm.operator.alpha' defaultVal='' prop=
04-14 09:52:38.785  5204  8087 D TelephonyManager: getTelephonyProperty: return propVal='null' phoneId=0 property='gsm.operator.iso-country' defaultVal='' prop=
04-14 09:53:02.966  5204  8447 D TelephonyManager: getTelephonyProperty: return propVal='null' phoneId=0 property='gsm.operator.iso-country' defaultVal='' prop=
04-14 09:53:17.134  1554  1580 D SubscriptionController: [getPhoneId] asked for default subId=1
04-14 09:53:19.344  1554  1587 D PhoneFactory: getPhone:- phoneId != DEFAULT_PHONE_ID return sProxyPhones[phoneId] phoneId=0 phone=Handler (com.android.internal.telephony.PhoneProxy) {3493524f}
04-14 09:53:19.355  1554  2098 D PhoneFactory: getPhone:- phoneId != DEFAULT_PHONE_ID return sProxyPhones[phoneId] phoneId=0 phone=Handler (com.android.internal.telephony.PhoneProxy) {3493524f}
04-14 09:53:19.356  1554  2098 D GsmSST  : [GsmSST] mDeviceShuttingDown = true
04-14 09:53:19.356  1554  2098 D GsmSST  : [GsmSST] mDesiredPowerState = false
04-14 09:53:19.356  1554  2098 D GsmSST  : [GsmSST] getRadioState = RADIO_ON
04-14 09:53:19.356  1554  2098 D GsmSST  : [GsmSST] mPowerOffDelayNeed = true
04-14 09:53:19.356  1554  2098 D GsmSST  : [GsmSST] mAlarmSwitch = false
04-14 09:53:19.357  1554  2098 D DCT     : [0]cleanUpAllConnections
04-14 09:53:19.358  1554  2098 D GsmSST  : [GsmSST] Data disconnected, turn off radio right away.
04-14 09:53:19.358  1554  2098 D RILJ    : [3960]> RADIO_POWER off [SUB0]
04-14 09:53:19.359  1554  1554 D DCT     : [0]handleMessage msg={ when=-1ms what=270365 obj=radioTurnedOff target=com.android.internal.telephony.dataconnection.DcTracker }
04-14 09:53:19.359  1554  1554 D DCT     : [0]cleanUpAllConnections: tearDown=true reason=radioTurnedOff
04-14 09:53:19.360  1554  1554 D DCT     : [0]cleanUpConnection: E tearDown=true reason=radioTurnedOff apnContext={mApnType=default mState=IDLE mWaitingApns={null} mWaitingApnsPermanentFailureCountDown=0 mApnSetting={null} mReason=radioTurnedOff mDataEnabled=false mDependencyMet=true}
04-14 09:53:19.360  1554  1554 D DCT     : [0]cleanUpConnection: X tearDown=true reason=radioTurnedOff apnContext={mApnType=default mState=IDLE mWaitingApns={null} mWaitingApnsPermanentFailureCountDown=0 mApnSetting={null} mReason=radioTurnedOff mDataEnabled=false mDependencyMet=true} dcac=null
04-14 09:53:19.361  1554  1554 D DCT     : [0]cleanUpConnection: E tearDown=true reason=radioTurnedOff apnContext={mApnType=mms mState=IDLE mWaitingApns={null} mWaitingApnsPermanentFailureCountDown=0 mApnSetting={null} mReason=radioTurnedOff mDataEnabled=false mDependencyMet=true}
04-14 09:53:19.362  1554  1554 D DCT     : [0]cleanUpConnection: X tearDown=true reason=radioTurnedOff apnContext={mApnType=mms mState=IDLE mWaitingApns={null} mWaitingApnsPermanentFailureCountDown=0 mApnSetting={null} mReason=radioTurnedOff mDataEnabled=false mDependencyMet=true} dcac=null
04-14 09:53:19.362  1554  1554 D DCT     : [0]cleanUpConnection: E tearDown=true reason=radioTurnedOff apnContext={mApnType=cbs mState=IDLE mWaitingApns={null} mWaitingApnsPermanentFailureCountDown=0 mApnSetting={null} mReason=radioTurnedOff mDataEnabled=false mDependencyMet=true}
04-14 09:53:19.363  1554  1554 D DCT     : [0]cleanUpConnection: X tearDown=true reason=radioTurnedOff apnContext={mApnType=cbs mState=IDLE mWaitingApns={null} mWaitingApnsPermanentFailureCountDown=0 mApnSetting={null} mReason=radioTurnedOff mDataEnabled=false mDependencyMet=true} dcac=null
04-14 09:53:19.371  1554  1554 D DCT     : [0]cleanUpConnection: E tearDown=true reason=radioTurnedOff apnContext={mApnType=fota mState=IDLE mWaitingApns={null} mWaitingApnsPermanentFailureCountDown=0 mApnSetting={null} mReason=radioTurnedOff mDataEnabled=false mDependencyMet=true}
04-14 09:53:19.372  1554  1554 D DCT     : [0]cleanUpConnection: X tearDown=true reason=radioTurnedOff apnContext={mApnType=fota mState=IDLE mWaitingApns={null} mWaitingApnsPermanentFailureCountDown=0 mApnSetting={null} mReason=radioTurnedOff mDataEnabled=false mDependencyMet=true} dcac=null
04-14 09:53:19.372  1554  1554 D DCT     : [0]cleanUpConnection: E tearDown=true reason=radioTurnedOff apnContext={mApnType=supl mState=IDLE mWaitingApns={null} mWaitingApnsPermanentFailureCountDown=0 mApnSetting={null} mReason=radioTurnedOff mDataEnabled=false mDependencyMet=true}
04-14 09:53:19.373  1554  1554 D DCT     : [0]cleanUpConnection: X tearDown=true reason=radioTurnedOff apnContext={mApnType=supl mState=IDLE mWaitingApns={null} mWaitingApnsPermanentFailureCountDown=0 mApnSetting={null} mReason=radioTurnedOff mDataEnabled=false mDependencyMet=true} dcac=null
04-14 09:53:19.377  1554  1554 D DCT     : [0]cleanUpConnection: E tearDown=true reason=radioTurnedOff apnContext={mApnType=ia mState=IDLE mWaitingApns={null} mWaitingApnsPermanentFailureCountDown=0 mApnSetting={null} mReason=radioTurnedOff mDataEnabled=false mDependencyMet=true}
04-14 09:53:19.379  1554  1554 D DCT     : [0]cleanUpConnection: X tearDown=true reason=radioTurnedOff apnContext={mApnType=ia mState=IDLE mWaitingApns={null} mWaitingApnsPermanentFailureCountDown=0 mApnSetting={null} mReason=radioTurnedOff mDataEnabled=false mDependencyMet=true} dcac=null
04-14 09:53:19.379  1554  1554 D DCT     : [0]cleanUpConnection: E tearDown=true reason=radioTurnedOff apnContext={mApnType=dun mState=IDLE mWaitingApns={null} mWaitingApnsPermanentFailureCountDown=0 mApnSetting={null} mReason=radioTurnedOff mDataEnabled=false mDependencyMet=true}
04-14 09:53:19.380  1554  1554 D DCT     : [0]cleanUpConnection: X tearDown=true reason=radioTurnedOff apnContext={mApnType=dun mState=IDLE mWaitingApns={null} mWaitingApnsPermanentFailureCountDown=0 mApnSetting={null} mReason=radioTurnedOff mDataEnabled=false mDependencyMet=true} dcac=null
04-14 09:53:19.380  1554  1554 D DCT     : [0]cleanUpConnection: E tearDown=true reason=radioTurnedOff apnContext={mApnType=hipri mState=IDLE mWaitingApns={null} mWaitingApnsPermanentFailureCountDown=0 mApnSetting={null} mReason=radioTurnedOff mDataEnabled=false mDependencyMet=true}
04-14 09:53:19.381  1554  1554 D DCT     : [0]cleanUpConnection: X tearDown=true reason=radioTurnedOff apnContext={mApnType=hipri mState=IDLE mWaitingApns={null} mWaitingApnsPermanentFailureCountDown=0 mApnSetting={null} mReason=radioTurnedOff mDataEnabled=false mDependencyMet=true} dcac=null
04-14 09:53:19.382  1554  1554 D DCT     : [0]cleanUpConnection: E tearDown=true reason=radioTurnedOff apnContext={mApnType=ims mState=IDLE mWaitingApns={null} mWaitingApnsPermanentFailureCountDown=0 mApnSetting={null} mReason=radioTurnedOff mDataEnabled=false mDependencyMet=true}
04-14 09:53:19.382  1554  1554 D DCT     : [0]cleanUpConnection: X tearDown=true reason=radioTurnedOff apnContext={mApnType=ims mState=IDLE mWaitingApns={null} mWaitingApnsPermanentFailureCountDown=0 mApnSetting={null} mReason=radioTurnedOff mDataEnabled=false mDependencyMet=true} dcac=null
04-14 09:53:19.382  1554  1554 D DCT     : [0]stopNetStatPoll
04-14 09:53:19.388  1554  2099 D PhoneFactory: getPhone:- phoneId != DEFAULT_PHONE_ID return sProxyPhones[phoneId] phoneId=0 phone=Handler (com.android.internal.telephony.PhoneProxy) {3493524f}
04-14 09:53:19.405  1554  1554 D DCT     : [0]stopDataStallAlarm: current tag=80140 mDataStallAlarmIntent=null
04-14 09:53:19.405  1554  1554 D DCT     : [0]cleanUpConnection: mDisconnectPendingCount = 0
04-14 09:53:19.405  1554  1554 D DCT     : [0]notifyDataDisconnectComplete
04-14 09:53:19.734   189   534 I RILQ    : (0/189):RIL[0][qmi_cb] qcril_qmi_nas_dms_op_state_update_handler: reported op mode LPM
04-14 09:53:19.734   189   534 I RILQ    : (0/189):RIL[0][qmi_cb] qcril_qmi_nas_dms_op_state_update_handler: expected op mode LPM
04-14 09:53:19.734   189   534 I RILQ    : (0/189):RIL[0][qmi_cb] qcril_qmi_nas_reset_data_snapshot_cache_and_timer: Resetting snapshot timer
04-14 09:53:19.734   189   534 I RILQ    : (0/189):RIL[0][qmi_cb] qcril_qmi_nas_update_data_rte: completed, new drte 0 with confidence 4
04-14 09:53:19.734   189   534 I RILC    : RIL_SOCKET_1 UNSOLICITED: UNSOL_RESPONSE_VOICE_NETWORK_STATE_CHANGED length:8
04-14 09:53:19.734   189   534 E RILC    : Send Response to RIL_SOCKET_1
04-14 09:53:19.735   189  8703 D RILC    : RequestComplete, RIL_SOCKET_1
04-14 09:53:19.735   189  8703 E RILC    : Send Response to RIL_SOCKET_1
04-14 09:53:19.735  1554  1829 D RILJ    : [UNSL]< UNSOL_RESPONSE_VOICE_NETWORK_STATE_CHANGED [SUB0]
04-14 09:53:19.735   189  8703 I RILC    : RIL_SOCKET_1 UNSOLICITED: UNSOL_RESPONSE_RADIO_STATE_CHANGED length:12
04-14 09:53:19.735   189  8703 E RILC    : Send Response to RIL_SOCKET_1
04-14 09:53:19.735  1554  1554 D RILJ    : [3961]> OPERATOR [SUB0]
04-14 09:53:19.735  1554  1829 D RILJ    : [3960]< RADIO_POWER  [SUB0]
04-14 09:53:19.737  1554  1554 D RILJ    : [3962]> DATA_REGISTRATION_STATE [SUB0]
04-14 09:53:19.737  1554  1829 D RILJ    : [UNSL]< UNSOL_RESPONSE_RADIO_STATE_CHANGED RADIO_OFF [SUB0]
04-14 09:53:19.738   189   534 I RILQ    : (0/189):RIL[0][qmi_cb] qcril_qmi_nas_update_data_rte: completed, new drte 0 with confidence 4
04-14 09:53:19.739  1554  1554 D RILJ    : [3963]> VOICE_REGISTRATION_STATE [SUB0]
04-14 09:53:19.740   189   534 I RILQ    : (0/189):RIL[0][qmi_cb] qcril_qmi_nas_update_data_rte: completed, new drte 0 with confidence 4
04-14 09:53:19.742   189  8708 D RILC    : RequestComplete, RIL_SOCKET_1
04-14 09:53:19.742   189  8708 E RILC    : Send Response to RIL_SOCKET_1
04-14 09:53:19.743  1554  1554 D RILJ    : [3964]> QUERY_NETWORK_SELECTION_MODE [SUB0]
04-14 09:53:19.745  1554  1829 D RILJ    : [3961]< OPERATOR {null, null, null} [SUB0]
04-14 09:53:19.746  1554  1554 D GsmSST  : [GsmSST] mDeviceShuttingDown = true
04-14 09:53:19.746  1554  1554 D GsmSST  : [GsmSST] mDesiredPowerState = false
04-14 09:53:19.746  1554  1554 D GsmSST  : [GsmSST] getRadioState = RADIO_OFF
04-14 09:53:19.746  1554  1554 D GsmSST  : [GsmSST] mPowerOffDelayNeed = true
04-14 09:53:19.747  1554  1554 D GsmSST  : [GsmSST] mAlarmSwitch = false
04-14 09:53:19.747  1554  1554 D RILJ    : [3965]> RIL_REQUEST_SHUTDOWN [SUB0]
04-14 09:53:19.752  1554  1554 D PHONE   : [ServiceState] setNullState=3
04-14 09:53:19.754   189   243 D RILC    : RequestComplete, RIL_SOCKET_1
04-14 09:53:19.754   189   243 E RILC    : Send Response to RIL_SOCKET_1
04-14 09:53:19.755  1554  1554 D GsmSST  : [GsmSST] Poll ServiceState done:  oldSS=[1 1 voice home data home null null null null null null  Unknown Unknown CSS not supported -1 -1 RoamInd=-1 DefRoamInd=-1 EmergOnly=true] newSS=[3 3 voice home data home null null null null null null  Unknown Unknown CSS not supported -1 -1 RoamInd=-1 DefRoamInd=-1 EmergOnly=false] oldMaxDataCalls=20 mNewMaxDataCalls=20 oldReasonDataDenied=-1 mNewReasonDataDenied=-1
04-14 09:53:19.755  1554  1829 D RILJ    : Response to RIL_REQUEST_SHUTDOWN received. Error is 2 Setting Radio State to Unavailable regardless of error. [SUB0]
04-14 09:53:19.755  1554  1554 D PHONE   : [ServiceState] setNullState=1
04-14 09:53:19.756  1554  1829 D RilRequest: [3965]< RIL_REQUEST_SHUTDOWN error: com.android.internal.telephony.CommandException: GENERIC_FAILURE ret=
04-14 09:53:19.756  1554  1554 D SIMRecords: [SIMRecords] getServiceProviderName: no brandOverride
04-14 09:53:19.756   189  8710 I RILQ    : (0/189):RIL[0][cmd-20(248)] qcril_qmi_nas_update_data_rte: completed, new drte 0 with confidence 4
04-14 09:53:19.756  1554  1554 D SIMRecords: [SIMRecords] getServiceProviderName: providerName=
04-14 09:53:19.756  1554  1554 D GsmSST  : [GsmSST] updateSpnDisplay: radio is off w/ showPlmn=true plmn=No service.
04-14 09:53:19.756  1554  1554 D SIMRecords: [SIMRecords] getServiceProviderName: no brandOverride
04-14 09:53:19.757   189   258 I RILQ    : (0/189):RIL[0][event] qcril_qmi_nas_evaluate_custom_emergency_numbers_for_card: cur_status 1024, card_state 3
04-14 09:53:19.757  1554  1554 D SIMRecords: [SIMRecords] getServiceProviderName: providerName=
04-14 09:53:19.757   189   258 I RILQ    : (0/189):RIL[0][event] qcril_qmi_nas_evaluate_custom_emergency_numbers_for_card: card_mcc 460, card_mnc 01
04-14 09:53:19.757  1554  1554 D GsmSST  : [GsmSST] updateSpnDisplay: changed sending intent rule=2 showPlmn='true' plmn='No service.' showSpn='false' spn='null'
04-14 09:53:19.758   189  8710 D RILC    : RequestComplete, RIL_SOCKET_1
04-14 09:53:19.758   189  8710 E RILC    : Send Response to RIL_SOCKET_1
04-14 09:53:19.759  1554  1829 D RILJ    : [3963]< VOICE_REGISTRATION_STATE {2, null, null, 0, null, null, null, 0, null, null, null, null, null, 0, null} [SUB0]
04-14 09:53:19.759   189   258 I RILQ    : (0/189):RIL[0][event] qcril_qmi_nas_evaluate_custom_emergency_numbers_for_card: cur_status 1024, card_state 3
04-14 09:53:19.759   189   258 I RILQ    : (0/189):RIL[0][event] qcril_qmi_nas_evaluate_custom_emergency_numbers_for_card: card_mcc 460, card_mnc 01
04-14 09:53:19.761   189  8711 D RILC    : RequestComplete, RIL_SOCKET_1
04-14 09:53:19.761   189  8711 E RILC    : Send Response to RIL_SOCKET_1
04-14 09:53:19.762  1554  1829 D RILJ    : [3964]< QUERY_NETWORK_SELECTION_MODE {0} [SUB0]
04-14 09:53:19.762   189  8709 D RILC    : RequestComplete, RIL_SOCKET_1
04-14 09:53:19.762   189  8709 E RILC    : Send Response to RIL_SOCKET_1
04-14 09:53:19.766  1554  1829 D RILJ    : [3962]< DATA_REGISTRATION_STATE {2, null, null, null, 0, 20, null, null, null, null, null} [SUB0]
04-14 09:53:19.767   189  8709 I RILC    : RIL_SOCKET_1 UNSOLICITED: UNSOL_RESPONSE_VOICE_NETWORK_STATE_CHANGED length:8
04-14 09:53:19.767   189  8709 E RILC    : Send Response to RIL_SOCKET_1
04-14 09:53:19.771  1554  1829 D RILJ    : [UNSL]< UNSOL_RESPONSE_VOICE_NETWORK_STATE_CHANGED [SUB0]
04-14 09:53:19.773  1554  1554 D SubscriptionController: [setCarrierText]+ text:No service. subId:1
04-14 09:53:19.822  1554  1554 D SubscriptionController: notifySubscriptionInfoChanged:
04-14 09:53:19.827  1554  1580 D SubscriptionController: [getActiveSubInfoList]+
04-14 09:53:19.828   716   798 D TelephonyManager: getSimOperatorNumeric(): default subId=1
04-14 09:53:19.831   716   798 D TelephonyManager: getTelephonyProperty: return propVal='46001' phoneId=0 property='gsm.sim.operator.numeric' defaultVal='' prop=46001
04-14 09:53:19.835  1554  1580 D SubscriptionController: selection:sim_id>=0 null
04-14 09:53:19.837  1554  1554 D TelephonyManager: setTelephonyProperty: success phoneId=0 property=gsm.operator.alpha value:  propVal=
04-14 09:53:19.839  1554  1554 D TelephonyManager: getTelephonyProperty: return propVal='null' phoneId=0 property='gsm.operator.numeric' defaultVal='' prop=
04-14 09:53:19.839  1554  1554 D TelephonyManager: setTelephonyProperty: success phoneId=0 property=gsm.operator.numeric value:  propVal=
04-14 09:53:19.840  1554  1554 D GsmSST  : [GsmSST] operatorNumeric is null
04-14 09:53:19.840  1554  1554 D TelephonyManager: setTelephonyProperty: success phoneId=0 property=gsm.operator.iso-country value:  propVal=
04-14 09:53:19.841  1554  1554 D TelephonyManager: setTelephonyProperty: success phoneId=0 property=gsm.operator.isroaming value: false propVal=false
04-14 09:53:19.842  1554  1554 D GsmSST  : [GsmSST] Broadcasting ServiceState : 3 3 voice home data home null null null null null null  Unknown Unknown CSS not supported -1 -1 RoamInd=-1 DefRoamInd=-1 EmergOnly=false
04-14 09:53:19.852  1554  1554 D DefaultPhoneNotifier: nofityServiceState: mRegistry=com.android.internal.telephony.ITelephonyRegistry$Stub$Proxy@18013c47 ss=3 3 voice home data home null null null null null null  Unknown Unknown CSS not supported -1 -1 RoamInd=-1 DefRoamInd=-1 EmergOnly=false sender=Handler (com.android.internal.telephony.gsm.GSMPhone) {3de84ddc} phondId=0 subId=1
04-14 09:53:19.860  1554  1554 D PhoneFactory: getPhone:- phoneId != DEFAULT_PHONE_ID return sProxyPhones[phoneId] phoneId=0 phone=Handler (com.android.internal.telephony.PhoneProxy) {3493524f}
04-14 09:53:19.860  1554  1554 D SubscriptionController: getSimStateForSubscriber:  simState=READY ordinal=5
04-14 09:53:19.862   716  1615 D SubscriptionManager: getSimStateForSubscriber: simState=5 subId=1
04-14 09:53:19.862   716  1615 D TelephonyManager: getSimState: simState=5 slotIdx=0
04-14 09:53:19.863  1554  1580 D TelephonyManager: getTelephonyProperty: return propVal='cn' phoneId=0 property='gsm.sim.operator.iso-country' defaultVal='' prop=cn
04-14 09:53:19.864  1554  1580 D SubscriptionController: [getSubInfoRecord] id:1 iccid:89860115921101579076 simSlotIndex:0 displayName:CARD 1 nameSource:0 iconTint:-16746133 dataRoaming:0 mcc:460 mnc:1 countIso:cn
04-14 09:53:19.865  1554  1580 D PhoneFactory: getPhone:- phoneId != DEFAULT_PHONE_ID return sProxyPhones[phoneId] phoneId=0 phone=Handler (com.android.internal.telephony.PhoneProxy) {3493524f}
04-14 09:53:19.878  1554  1580 D SubscriptionController: [getActiveSubInfoList]- 1 infos return
04-14 09:53:19.880  1554  1554 D GsmSST  : [GsmSST] notifyDataRegStateRilRadioTechnologyChanged: drs=3 rat=0
04-14 09:53:19.880  1554  1554 D TelephonyManager: setTelephonyProperty: success phoneId=0 property=gsm.network.type value: Unknown propVal=Unknown
04-14 09:53:19.881  1554  1554 D DCT     : [0]get all active apn types
04-14 09:53:19.881  1554  1554 D GsmSST  : [GsmSST] SST.getAllCellInfo(): return last, same thread can't block
04-14 09:53:19.882  1554  1554 D GsmSST  : [GsmSST] SST.getAllCellInfo(): X size=0 list=null
04-14 09:53:19.882  1554  1554 D GsmSST  : [GsmSST] getCellLocation(): X empty mCellLoc and CellInfo mCellLoc=[-1,-1,-1]
04-14 09:53:19.883   716   749 D TelephonyRegistry: notifyCellLocationForSubscriber: subId=1 cellLocation=Bundle[mParcelledData.dataSize=64]
04-14 09:53:19.891  1554  1554 D DCT     : [0]handleMessage msg={ when=-153ms what=270342 obj=android.os.AsyncResult@2e1517ef target=com.android.internal.telephony.dataconnection.DcTracker }
04-14 09:53:19.891  1554  1554 D DCT     : [0]onRadioOffOrNotAvailable: is off and clean up all connections
04-14 09:53:19.891  1554  1554 D DCT     : [0]cleanUpAllConnections: tearDown=false reason=radioTurnedOff
04-14 09:53:19.891  1554  1554 D DCT     : [0]cleanUpConnection: E tearDown=false reason=radioTurnedOff apnContext={mApnType=default mState=IDLE mWaitingApns={null} mWaitingApnsPermanentFailureCountDown=0 mApnSetting={null} mReason=radioTurnedOff mDataEnabled=false mDependencyMet=true}
04-14 09:53:19.892  1554  1554 D DCT     : [0]isDataAllowed getRecordsLoaded=true
04-14 09:53:19.893  1554  1554 D DCT     : [0]isDataAllowed: not allowed due to - Attached= false - desiredPowerState= false
04-14 09:53:19.893  1554  1554 D DCT     : [ApnContext:default] getApnSetting: apnSetting=null
04-14 09:53:19.897  1554  1554 D PhoneFactory: getPhone:- phoneId != DEFAULT_PHONE_ID return sProxyPhones[phoneId] phoneId=0 phone=Handler (com.android.internal.telephony.PhoneProxy) {3493524f}
04-14 09:53:19.903  1554  1554 D DCT     : [0]cleanUpConnection: X tearDown=false reason=radioTurnedOff apnContext={mApnType=default mState=IDLE mWaitingApns={null} mWaitingApnsPermanentFailureCountDown=0 mApnSetting={null} mReason=radioTurnedOff mDataEnabled=false mDependencyMet=true} dcac=null
04-14 09:53:19.904  1554  1554 D DCT     : [0]cleanUpConnection: E tearDown=false reason=radioTurnedOff apnContext={mApnType=mms mState=IDLE mWaitingApns={null} mWaitingApnsPermanentFailureCountDown=0 mApnSetting={null} mReason=radioTurnedOff mDataEnabled=false mDependencyMet=true}
04-14 09:53:19.904  1554  1587 D PhoneFactory: getPhone:- phoneId != DEFAULT_PHONE_ID return sProxyPhones[phoneId] phoneId=0 phone=Handler (com.android.internal.telephony.PhoneProxy) {3493524f}
04-14 09:53:19.908  1554  1554 D DCT     : [0]isDataAllowed getRecordsLoaded=true
04-14 09:53:19.909  1554  2098 D SubscriptionController: [getActiveSubInfoList]+
04-14 09:53:19.910  1554  1554 D DCT     : [0]isDataAllowed: not allowed due to - Attached= false - desiredPowerState= false
04-14 09:53:19.911  1554  1554 D DCT     : [ApnContext:mms] getApnSetting: apnSetting=null
04-14 09:53:19.912  1554  2098 D SubscriptionController: selection:sim_id>=0 null
04-14 09:53:19.916  1554  1554 D PhoneFactory: getPhone:- phoneId != DEFAULT_PHONE_ID return sProxyPhones[phoneId] phoneId=0 phone=Handler (com.android.internal.telephony.PhoneProxy) {3493524f}
04-14 09:53:19.927  1554  1554 D DCT     : [0]cleanUpConnection: X tearDown=false reason=radioTurnedOff apnContext={mApnType=mms mState=IDLE mWaitingApns={null} mWaitingApnsPermanentFailureCountDown=0 mApnSetting={null} mReason=radioTurnedOff mDataEnabled=false mDependencyMet=true} dcac=null
04-14 09:53:19.927  1554  1554 D DCT     : [0]cleanUpConnection: E tearDown=false reason=radioTurnedOff apnContext={mApnType=cbs mState=IDLE mWaitingApns={null} mWaitingApnsPermanentFailureCountDown=0 mApnSetting={null} mReason=radioTurnedOff mDataEnabled=false mDependencyMet=true}
04-14 09:53:19.933  1554  1554 D DCT     : [0]isDataAllowed getRecordsLoaded=true
04-14 09:53:19.934  1554  1554 D DCT     : [0]isDataAllowed: not allowed due to - Attached= false - desiredPowerState= false
04-14 09:53:19.934  1554  1554 D DCT     : [ApnContext:cbs] getApnSetting: apnSetting=null
04-14 09:53:19.937  1554  2098 D TelephonyManager: getTelephonyProperty: return propVal='cn' phoneId=0 property='gsm.sim.operator.iso-country' defaultVal='' prop=cn
04-14 09:53:19.938  1554  2098 D SubscriptionController: [getSubInfoRecord] id:1 iccid:89860115921101579076 simSlotIndex:0 displayName:CARD 1 nameSource:0 iconTint:-16746133 dataRoaming:0 mcc:460 mnc:1 countIso:cn
04-14 09:53:19.940  1554  1554 D PhoneFactory: getPhone:- phoneId != DEFAULT_PHONE_ID return sProxyPhones[phoneId] phoneId=0 phone=Handler (com.android.internal.telephony.PhoneProxy) {3493524f}
04-14 09:53:19.941  1554  2098 D PhoneFactory: getPhone:- phoneId != DEFAULT_PHONE_ID return sProxyPhones[phoneId] phoneId=0 phone=Handler (com.android.internal.telephony.PhoneProxy) {3493524f}
04-14 09:53:19.949  1554  1554 D DCT     : [0]cleanUpConnection: X tearDown=false reason=radioTurnedOff apnContext={mApnType=cbs mState=IDLE mWaitingApns={null} mWaitingApnsPermanentFailureCountDown=0 mApnSetting={null} mReason=radioTurnedOff mDataEnabled=false mDependencyMet=true} dcac=null
04-14 09:53:19.949  1554  1554 D DCT     : [0]cleanUpConnection: E tearDown=false reason=radioTurnedOff apnContext={mApnType=fota mState=IDLE mWaitingApns={null} mWaitingApnsPermanentFailureCountDown=0 mApnSetting={null} mReason=radioTurnedOff mDataEnabled=false mDependencyMet=true}
04-14 09:53:19.952  1554  1554 D DCT     : [0]isDataAllowed getRecordsLoaded=true
04-14 09:53:19.952  1554  2098 D SubscriptionController: [getActiveSubInfoList]- 1 infos return
04-14 09:53:19.955  1554  1554 D DCT     : [0]isDataAllowed: not allowed due to - Attached= false - desiredPowerState= false
04-14 09:53:19.955  1554  1554 D DCT     : [ApnContext:fota] getApnSetting: apnSetting=null
04-14 09:53:19.958  1554  1554 D PhoneFactory: getPhone:- phoneId != DEFAULT_PHONE_ID return sProxyPhones[phoneId] phoneId=0 phone=Handler (com.android.internal.telephony.PhoneProxy) {3493524f}
04-14 09:53:19.965  1554  1554 D DCT     : [0]cleanUpConnection: X tearDown=false reason=radioTurnedOff apnContext={mApnType=fota mState=IDLE mWaitingApns={null} mWaitingApnsPermanentFailureCountDown=0 mApnSetting={null} mReason=radioTurnedOff mDataEnabled=false mDependencyMet=true} dcac=null
04-14 09:53:19.966  1554  1554 D DCT     : [0]cleanUpConnection: E tearDown=false reason=radioTurnedOff apnContext={mApnType=supl mState=IDLE mWaitingApns={null} mWaitingApnsPermanentFailureCountDown=0 mApnSetting={null} mReason=radioTurnedOff mDataEnabled=false mDependencyMet=true}
04-14 09:53:19.972  1554  2098 D SubscriptionController: [getActiveSubInfoList]+
04-14 09:53:19.972  1554  1554 D DCT     : [0]isDataAllowed getRecordsLoaded=true
04-14 09:53:19.974  1554  1554 D DCT     : [0]isDataAllowed: not allowed due to - Attached= false - desiredPowerState= false
04-14 09:53:19.974  1554  1554 D DCT     : [ApnContext:supl] getApnSetting: apnSetting=null
04-14 09:53:19.980  1554  1554 D PhoneFactory: getPhone:- phoneId != DEFAULT_PHONE_ID return sProxyPhones[phoneId] phoneId=0 phone=Handler (com.android.internal.telephony.PhoneProxy) {3493524f}
04-14 09:53:19.985  1554  1554 D DCT     : [0]cleanUpConnection: X tearDown=false reason=radioTurnedOff apnContext={mApnType=supl mState=IDLE mWaitingApns={null} mWaitingApnsPermanentFailureCountDown=0 mApnSetting={null} mReason=radioTurnedOff mDataEnabled=false mDependencyMet=true} dcac=null
04-14 09:53:19.986  1554  1554 D DCT     : [0]cleanUpConnection: E tearDown=false reason=radioTurnedOff apnContext={mApnType=ia mState=IDLE mWaitingApns={null} mWaitingApnsPermanentFailureCountDown=0 mApnSetting={null} mReason=radioTurnedOff mDataEnabled=false mDependencyMet=true}
04-14 09:53:19.987  1554  2098 D SubscriptionController: selection:sim_id>=0 null
04-14 09:53:19.988  1554  1554 D DCT     : [0]isDataAllowed getRecordsLoaded=true
04-14 09:53:19.990  1554  1554 D DCT     : [0]isDataAllowed: not allowed due to - Attached= false - desiredPowerState= false
04-14 09:53:19.990  1554  1554 D DCT     : [ApnContext:ia] getApnSetting: apnSetting=null
04-14 09:53:19.991  1554  1554 D PhoneFactory: getPhone:- phoneId != DEFAULT_PHONE_ID return sProxyPhones[phoneId] phoneId=0 phone=Handler (com.android.internal.telephony.PhoneProxy) {3493524f}
04-14 09:53:20.000  1554  1554 D DCT     : [0]cleanUpConnection: X tearDown=false reason=radioTurnedOff apnContext={mApnType=ia mState=IDLE mWaitingApns={null} mWaitingApnsPermanentFailureCountDown=0 mApnSetting={null} mReason=radioTurnedOff mDataEnabled=false mDependencyMet=true} dcac=null
04-14 09:53:20.002  1554  1554 D DCT     : [0]cleanUpConnection: E tearDown=false reason=radioTurnedOff apnContext={mApnType=dun mState=IDLE mWaitingApns={null} mWaitingApnsPermanentFailureCountDown=0 mApnSetting={null} mReason=radioTurnedOff mDataEnabled=false mDependencyMet=true}
04-14 09:53:20.004  1554  1554 D DCT     : [0]isDataAllowed getRecordsLoaded=true
04-14 09:53:20.007  1554  1554 D DCT     : [0]isDataAllowed: not allowed due to - Attached= false - desiredPowerState= false
04-14 09:53:20.008  1554  1554 D DCT     : [ApnContext:dun] getApnSetting: apnSetting=null
04-14 09:53:20.011  1554  1554 D PhoneFactory: getPhone:- phoneId != DEFAULT_PHONE_ID return sProxyPhones[phoneId] phoneId=0 phone=Handler (com.android.internal.telephony.PhoneProxy) {3493524f}
04-14 09:53:20.014  1554  2098 D TelephonyManager: getTelephonyProperty: return propVal='cn' phoneId=0 property='gsm.sim.operator.iso-country' defaultVal='' prop=cn
04-14 09:53:20.015  1554  2098 D SubscriptionController: [getSubInfoRecord] id:1 iccid:89860115921101579076 simSlotIndex:0 displayName:CARD 1 nameSource:0 iconTint:-16746133 dataRoaming:0 mcc:460 mnc:1 countIso:cn
04-14 09:53:20.023  1554  2098 D PhoneFactory: getPhone:- phoneId != DEFAULT_PHONE_ID return sProxyPhones[phoneId] phoneId=0 phone=Handler (com.android.internal.telephony.PhoneProxy) {3493524f}
04-14 09:53:20.026  1554  1554 D DCT     : [0]cleanUpConnection: X tearDown=false reason=radioTurnedOff apnContext={mApnType=dun mState=IDLE mWaitingApns={null} mWaitingApnsPermanentFailureCountDown=0 mApnSetting={null} mReason=radioTurnedOff mDataEnabled=false mDependencyMet=true} dcac=null
04-14 09:53:20.026  1554  1554 D DCT     : [0]cleanUpConnection: E tearDown=false reason=radioTurnedOff apnContext={mApnType=hipri mState=IDLE mWaitingApns={null} mWaitingApnsPermanentFailureCountDown=0 mApnSetting={null} mReason=radioTurnedOff mDataEnabled=false mDependencyMet=true}
04-14 09:53:20.027  1554  1554 D DCT     : [0]isDataAllowed getRecordsLoaded=true
04-14 09:53:20.028  1554  1554 D DCT     : [0]isDataAllowed: not allowed due to - Attached= false - desiredPowerState= false
04-14 09:53:20.028  1554  1554 D DCT     : [ApnContext:hipri] getApnSetting: apnSetting=null
04-14 09:53:20.034  1554  2098 D SubscriptionController: [getActiveSubInfoList]- 1 infos return
04-14 09:53:20.036  1554  1554 D PhoneFactory: getPhone:- phoneId != DEFAULT_PHONE_ID return sProxyPhones[phoneId] phoneId=0 phone=Handler (com.android.internal.telephony.PhoneProxy) {3493524f}
04-14 09:53:20.043  1554  1554 D DCT     : [0]cleanUpConnection: X tearDown=false reason=radioTurnedOff apnContext={mApnType=hipri mState=IDLE mWaitingApns={null} mWaitingApnsPermanentFailureCountDown=0 mApnSetting={null} mReason=radioTurnedOff mDataEnabled=false mDependencyMet=true} dcac=null
04-14 09:53:20.043  1554  1554 D DCT     : [0]cleanUpConnection: E tearDown=false reason=radioTurnedOff apnContext={mApnType=ims mState=IDLE mWaitingApns={null} mWaitingApnsPermanentFailureCountDown=0 mApnSetting={null} mReason=radioTurnedOff mDataEnabled=false mDependencyMet=true}
04-14 09:53:20.046  1554  1554 D DCT     : [0]isDataAllowed getRecordsLoaded=true
04-14 09:53:20.053  1554  1587 D PhoneFactory: getPhone:- phoneId != DEFAULT_PHONE_ID return sProxyPhones[phoneId] phoneId=0 phone=Handler (com.android.internal.telephony.PhoneProxy) {3493524f}
04-14 09:53:20.053  1554  1587 D SubscriptionController: getSimStateForSubscriber:  simState=READY ordinal=5
04-14 09:53:20.053  1198  1198 D SubscriptionManager: getSimStateForSubscriber: simState=5 subId=1
04-14 09:53:20.054  1198  1198 D TelephonyManager: getSimState: simState=5 slotIdx=0
04-14 09:53:20.054  1554  1554 D DCT     : [0]isDataAllowed: not allowed due to - Attached= false - desiredPowerState= false
04-14 09:53:20.054  1554  1554 D DCT     : [ApnContext:ims] getApnSetting: apnSetting=null
04-14 09:53:20.055  1554  1554 D PhoneFactory: getPhone:- phoneId != DEFAULT_PHONE_ID return sProxyPhones[phoneId] phoneId=0 phone=Handler (com.android.internal.telephony.PhoneProxy) {3493524f}
04-14 09:53:20.061  1554  1554 D DCT     : [0]cleanUpConnection: X tearDown=false reason=radioTurnedOff apnContext={mApnType=ims mState=IDLE mWaitingApns={null} mWaitingApnsPermanentFailureCountDown=0 mApnSetting={null} mReason=radioTurnedOff mDataEnabled=false mDependencyMet=true} dcac=null
04-14 09:53:20.061  1554  1554 D DCT     : [0]stopNetStatPoll
04-14 09:53:20.065  1554  1554 D DCT     : [0]stopDataStallAlarm: current tag=80141 mDataStallAlarmIntent=null
04-14 09:53:20.066  1554  1554 D DCT     : [0]cleanUpConnection: mDisconnectPendingCount = 0
04-14 09:53:20.067  1554  1554 D DCT     : [0]isDataAllowed getRecordsLoaded=true
04-14 09:53:20.070  1554  1554 D DCT     : [0]isDataAllowed: not allowed due to - Attached= false - desiredPowerState= false
04-14 09:53:20.070  1554  1554 D DCT     : [ApnContext:default] getApnSetting: apnSetting=null
04-14 09:53:20.074  1554  1554 D PhoneFactory: getPhone:- phoneId != DEFAULT_PHONE_ID return sProxyPhones[phoneId] phoneId=0 phone=Handler (com.android.internal.telephony.PhoneProxy) {3493524f}
04-14 09:53:20.086  1554  1554 D DCT     : [0]isDataAllowed getRecordsLoaded=true
04-14 09:53:20.091  1554  1554 D DCT     : [0]isDataAllowed: not allowed due to - Attached= false - desiredPowerState= false
04-14 09:53:20.091  1554  1554 D DCT     : [ApnContext:mms] getApnSetting: apnSetting=null
04-14 09:53:20.094  1554  1554 D PhoneFactory: getPhone:- phoneId != DEFAULT_PHONE_ID return sProxyPhones[phoneId] phoneId=0 phone=Handler (com.android.internal.telephony.PhoneProxy) {3493524f}
04-14 09:53:20.109  1554  1554 D DCT     : [0]isDataAllowed getRecordsLoaded=true
04-14 09:53:20.111  1554  1554 D DCT     : [0]isDataAllowed: not allowed due to - Attached= false - desiredPowerState= false
04-14 09:53:20.111  1554  1554 D DCT     : [ApnContext:cbs] getApnSetting: apnSetting=null
04-14 09:53:20.112  1554  1554 D PhoneFactory: getPhone:- phoneId != DEFAULT_PHONE_ID return sProxyPhones[phoneId] phoneId=0 phone=Handler (com.android.internal.telephony.PhoneProxy) {3493524f}
04-14 09:53:20.122  1554  1554 D DCT     : [0]isDataAllowed getRecordsLoaded=true
04-14 09:53:20.123  1554  1554 D DCT     : [0]isDataAllowed: not allowed due to - Attached= false - desiredPowerState= false
04-14 09:53:20.124  1554  1554 D DCT     : [ApnContext:fota] getApnSetting: apnSetting=null
04-14 09:53:20.124  1554  1554 D PhoneFactory: getPhone:- phoneId != DEFAULT_PHONE_ID return sProxyPhones[phoneId] phoneId=0 phone=Handler (com.android.internal.telephony.PhoneProxy) {3493524f}
04-14 09:53:20.137  1554  1554 D DCT     : [0]isDataAllowed getRecordsLoaded=true
04-14 09:53:20.138  1554  1554 D DCT     : [0]isDataAllowed: not allowed due to - Attached= false - desiredPowerState= false
04-14 09:53:20.138  1554  1554 D DCT     : [ApnContext:supl] getApnSetting: apnSetting=null
04-14 09:53:20.140  1554  1554 D PhoneFactory: getPhone:- phoneId != DEFAULT_PHONE_ID return sProxyPhones[phoneId] phoneId=0 phone=Handler (com.android.internal.telephony.PhoneProxy) {3493524f}
04-14 09:53:20.146  1554  1554 D DCT     : [0]isDataAllowed getRecordsLoaded=true
04-14 09:53:20.146  1554  1554 D DCT     : [0]isDataAllowed: not allowed due to - Attached= false - desiredPowerState= false
04-14 09:53:20.147  1554  1554 D DCT     : [ApnContext:ia] getApnSetting: apnSetting=null
04-14 09:53:20.148  1554  1554 D PhoneFactory: getPhone:- phoneId != DEFAULT_PHONE_ID return sProxyPhones[phoneId] phoneId=0 phone=Handler (com.android.internal.telephony.PhoneProxy) {3493524f}
04-14 09:53:20.156  1554  1554 D DCT     : [0]isDataAllowed getRecordsLoaded=true
04-14 09:53:20.157  1554  1554 D DCT     : [0]isDataAllowed: not allowed due to - Attached= false - desiredPowerState= false
04-14 09:53:20.157  1554  1554 D DCT     : [ApnContext:dun] getApnSetting: apnSetting=null
04-14 09:53:20.158  1554  1554 D PhoneFactory: getPhone:- phoneId != DEFAULT_PHONE_ID return sProxyPhones[phoneId] phoneId=0 phone=Handler (com.android.internal.telephony.PhoneProxy) {3493524f}
04-14 09:53:20.164  1554  1554 D DCT     : [0]isDataAllowed getRecordsLoaded=true
04-14 09:53:20.171  1554  1554 D DCT     : [0]isDataAllowed: not allowed due to - Attached= false - desiredPowerState= false
04-14 09:53:20.171  1554  1554 D DCT     : [ApnContext:hipri] getApnSetting: apnSetting=null
04-14 09:53:20.172  1554  1554 D PhoneFactory: getPhone:- phoneId != DEFAULT_PHONE_ID return sProxyPhones[phoneId] phoneId=0 phone=Handler (com.android.internal.telephony.PhoneProxy) {3493524f}
04-14 09:53:20.181  1554  1554 D DCT     : [0]isDataAllowed getRecordsLoaded=true
04-14 09:53:20.186  1554  1554 D DCT     : [0]isDataAllowed: not allowed due to - Attached= false - desiredPowerState= false
04-14 09:53:20.186  1554  1554 D DCT     : [ApnContext:ims] getApnSetting: apnSetting=null
04-14 09:53:20.187  1554  1554 D PhoneFactory: getPhone:- phoneId != DEFAULT_PHONE_ID return sProxyPhones[phoneId] phoneId=0 phone=Handler (com.android.internal.telephony.PhoneProxy) {3493524f}
04-14 09:53:20.190  1554  1554 E IccCardProxy: setExternalState: set mPhoneId=0 mExternalState=NOT_READY
04-14 09:53:20.190  1554  1554 D TelephonyManager: setTelephonyProperty: success phoneId=0 property=gsm.sim.state value: NOT_READY propVal=NOT_READY
04-14 09:53:20.195  1554  1554 D IccCardProxy: broadcastIccStateChangedIntent intent ACTION_SIM_STATE_CHANGED value=NOT_READY reason=null for mPhoneId=0
04-14 09:53:20.200  1554  1554 D DCT     : [0]handleMessage msg={ when=-462ms what=270342 obj=android.os.AsyncResult@293497da target=com.android.internal.telephony.dataconnection.DcTracker }
04-14 09:53:20.200  1554  1554 D DCT     : [0]onRadioOffOrNotAvailable: is off and clean up all connections
04-14 09:53:20.201  1554  1554 D DCT     : [0]cleanUpAllConnections: tearDown=false reason=radioTurnedOff
04-14 09:53:20.204  1554  1554 D DCT     : [0]cleanUpConnection: E tearDown=false reason=radioTurnedOff apnContext={mApnType=default mState=IDLE mWaitingApns={null} mWaitingApnsPermanentFailureCountDown=0 mApnSetting={null} mReason=radioTurnedOff mDataEnabled=false mDependencyMet=true}
04-14 09:53:20.208  1554  1554 D DCT     : [0]isDataAllowed getRecordsLoaded=true
04-14 09:53:20.208  1554  1587 D SubscriptionController: [getActiveSubInfoList]+
04-14 09:53:20.211  1554  1587 D SubscriptionController: selection:sim_id>=0 null
04-14 09:53:20.218  1554  1554 D DCT     : [0]isDataAllowed: not allowed due to - Attached= false - desiredPowerState= false
04-14 09:53:20.218  1554  1554 D DCT     : [ApnContext:default] getApnSetting: apnSetting=null
04-14 09:53:20.219   716   797 D TelephonyManager: getSimOperatorNumeric(): default subId=1
04-14 09:53:20.220  1554  1554 D PhoneFactory: getPhone:- phoneId != DEFAULT_PHONE_ID return sProxyPhones[phoneId] phoneId=0 phone=Handler (com.android.internal.telephony.PhoneProxy) {3493524f}
04-14 09:53:20.224   716   797 D TelephonyManager: getTelephonyProperty: return propVal='46001' phoneId=0 property='gsm.sim.operator.numeric' defaultVal='' prop=46001
04-14 09:53:20.226  1554  1587 D TelephonyManager: getTelephonyProperty: return propVal='cn' phoneId=0 property='gsm.sim.operator.iso-country' defaultVal='' prop=cn
04-14 09:53:20.226  1554  1554 D DCT     : [0]cleanUpConnection: X tearDown=false reason=radioTurnedOff apnContext={mApnType=default mState=IDLE mWaitingApns={null} mWaitingApnsPermanentFailureCountDown=0 mApnSetting={null} mReason=radioTurnedOff mDataEnabled=false mDependencyMet=true} dcac=null
04-14 09:53:20.226  1554  1554 D DCT     : [0]cleanUpConnection: E tearDown=false reason=radioTurnedOff apnContext={mApnType=mms mState=IDLE mWaitingApns={null} mWaitingApnsPermanentFailureCountDown=0 mApnSetting={null} mReason=radioTurnedOff mDataEnabled=false mDependencyMet=true}
04-14 09:53:20.227  1554  1554 D DCT     : [0]isDataAllowed getRecordsLoaded=true
04-14 09:53:20.228  1554  1587 D SubscriptionController: [getSubInfoRecord] id:1 iccid:89860115921101579076 simSlotIndex:0 displayName:CARD 1 nameSource:0 iconTint:-16746133 dataRoaming:0 mcc:460 mnc:1 countIso:cn
04-14 09:53:20.228  1554  1554 D DCT     : [0]isDataAllowed: not allowed due to - Attached= false - desiredPowerState= false
04-14 09:53:20.228  1554  1554 D DCT     : [ApnContext:mms] getApnSetting: apnSetting=null
04-14 09:53:20.235  1554  1587 D PhoneFactory: getPhone:- phoneId != DEFAULT_PHONE_ID return sProxyPhones[phoneId] phoneId=0 phone=Handler (com.android.internal.telephony.PhoneProxy) {3493524f}
04-14 09:53:20.235  1554  1554 D PhoneFactory: getPhone:- phoneId != DEFAULT_PHONE_ID return sProxyPhones[phoneId] phoneId=0 phone=Handler (com.android.internal.telephony.PhoneProxy) {3493524f}
04-14 09:53:20.239  1554  1554 D DCT     : [0]cleanUpConnection: X tearDown=false reason=radioTurnedOff apnContext={mApnType=mms mState=IDLE mWaitingApns={null} mWaitingApnsPermanentFailureCountDown=0 mApnSetting={null} mReason=radioTurnedOff mDataEnabled=false mDependencyMet=true} dcac=null
04-14 09:53:20.240  1554  1587 D SubscriptionController: [getActiveSubInfoList]- 1 infos return
04-14 09:53:20.240  1554  1554 D DCT     : [0]cleanUpConnection: E tearDown=false reason=radioTurnedOff apnContext={mApnType=cbs mState=IDLE mWaitingApns={null} mWaitingApnsPermanentFailureCountDown=0 mApnSetting={null} mReason=radioTurnedOff mDataEnabled=false mDependencyMet=true}
04-14 09:53:20.241  1554  1554 D DCT     : [0]isDataAllowed getRecordsLoaded=true
04-14 09:53:20.242  1554  1554 D DCT     : [0]isDataAllowed: not allowed due to - Attached= false - desiredPowerState= false
04-14 09:53:20.242  1554  1554 D DCT     : [ApnContext:cbs] getApnSetting: apnSetting=null
04-14 09:53:20.243  1554  1554 D PhoneFactory: getPhone:- phoneId != DEFAULT_PHONE_ID return sProxyPhones[phoneId] phoneId=0 phone=Handler (com.android.internal.telephony.PhoneProxy) {3493524f}
04-14 09:53:20.255  1554  1554 D DCT     : [0]cleanUpConnection: X tearDown=false reason=radioTurnedOff apnContext={mApnType=cbs mState=IDLE mWaitingApns={null} mWaitingApnsPermanentFailureCountDown=0 mApnSetting={null} mReason=radioTurnedOff mDataEnabled=false mDependencyMet=true} dcac=null
04-14 09:53:20.258  1554  1554 D DCT     : [0]cleanUpConnection: E tearDown=false reason=radioTurnedOff apnContext={mApnType=fota mState=IDLE mWaitingApns={null} mWaitingApnsPermanentFailureCountDown=0 mApnSetting={null} mReason=radioTurnedOff mDataEnabled=false mDependencyMet=true}
04-14 09:53:20.261  1554  1554 D DCT     : [0]isDataAllowed getRecordsLoaded=true
04-14 09:53:20.262  1554  1554 D DCT     : [0]isDataAllowed: not allowed due to - Attached= false - desiredPowerState= false
04-14 09:53:20.262  1554  1554 D DCT     : [ApnContext:fota] getApnSetting: apnSetting=null
04-14 09:53:20.263  1554  1554 D PhoneFactory: getPhone:- phoneId != DEFAULT_PHONE_ID return sProxyPhones[phoneId] phoneId=0 phone=Handler (com.android.internal.telephony.PhoneProxy) {3493524f}
04-14 09:53:20.275  1554  1554 D DCT     : [0]cleanUpConnection: X tearDown=false reason=radioTurnedOff apnContext={mApnType=fota mState=IDLE mWaitingApns={null} mWaitingApnsPermanentFailureCountDown=0 mApnSetting={null} mReason=radioTurnedOff mDataEnabled=false mDependencyMet=true} dcac=null
04-14 09:53:20.284  1554  1554 D DCT     : [0]cleanUpConnection: E tearDown=false reason=radioTurnedOff apnContext={mApnType=supl mState=IDLE mWaitingApns={null} mWaitingApnsPermanentFailureCountDown=0 mApnSetting={null} mReason=radioTurnedOff mDataEnabled=false mDependencyMet=true}
04-14 09:53:20.288  1554  1554 D DCT     : [0]isDataAllowed getRecordsLoaded=true
04-14 09:53:20.291  1554  1554 D DCT     : [0]isDataAllowed: not allowed due to - Attached= false - desiredPowerState= false
04-14 09:53:20.291  1554  1554 D DCT     : [ApnContext:supl] getApnSetting: apnSetting=null
04-14 09:53:20.294  1554  1554 D PhoneFactory: getPhone:- phoneId != DEFAULT_PHONE_ID return sProxyPhones[phoneId] phoneId=0 phone=Handler (com.android.internal.telephony.PhoneProxy) {3493524f}
04-14 09:53:20.303  1554  1554 D DCT     : [0]cleanUpConnection: X tearDown=false reason=radioTurnedOff apnContext={mApnType=supl mState=IDLE mWaitingApns={null} mWaitingApnsPermanentFailureCountDown=0 mApnSetting={null} mReason=radioTurnedOff mDataEnabled=false mDependencyMet=true} dcac=null
04-14 09:53:20.304  1554  1554 D DCT     : [0]cleanUpConnection: E tearDown=false reason=radioTurnedOff apnContext={mApnType=ia mState=IDLE mWaitingApns={null} mWaitingApnsPermanentFailureCountDown=0 mApnSetting={null} mReason=radioTurnedOff mDataEnabled=false mDependencyMet=true}
04-14 09:53:20.306  1554  1554 D DCT     : [0]isDataAllowed getRecordsLoaded=true
04-14 09:53:20.307  1554  1554 D DCT     : [0]isDataAllowed: not allowed due to - Attached= false - desiredPowerState= false
04-14 09:53:20.308  1554  1554 D DCT     : [ApnContext:ia] getApnSetting: apnSetting=null
04-14 09:53:20.309  1554  1554 D PhoneFactory: getPhone:- phoneId != DEFAULT_PHONE_ID return sProxyPhones[phoneId] phoneId=0 phone=Handler (com.android.internal.telephony.PhoneProxy) {3493524f}
04-14 09:53:20.318  1554  1554 D DCT     : [0]cleanUpConnection: X tearDown=false reason=radioTurnedOff apnContext={mApnType=ia mState=IDLE mWaitingApns={null} mWaitingApnsPermanentFailureCountDown=0 mApnSetting={null} mReason=radioTurnedOff mDataEnabled=false mDependencyMet=true} dcac=null
04-14 09:53:20.318  1554  1554 D DCT     : [0]cleanUpConnection: E tearDown=false reason=radioTurnedOff apnContext={mApnType=dun mState=IDLE mWaitingApns={null} mWaitingApnsPermanentFailureCountDown=0 mApnSetting={null} mReason=radioTurnedOff mDataEnabled=false mDependencyMet=true}
04-14 09:53:20.322  1554  1554 D DCT     : [0]isDataAllowed getRecordsLoaded=true
04-14 09:53:20.325  1554  1554 D DCT     : [0]isDataAllowed: not allowed due to - Attached= false - desiredPowerState= false
04-14 09:53:20.325  1554  1554 D DCT     : [ApnContext:dun] getApnSetting: apnSetting=null
04-14 09:53:20.326  1554  1554 D PhoneFactory: getPhone:- phoneId != DEFAULT_PHONE_ID return sProxyPhones[phoneId] phoneId=0 phone=Handler (com.android.internal.telephony.PhoneProxy) {3493524f}
04-14 09:53:20.332  1554  1554 D DCT     : [0]cleanUpConnection: X tearDown=false reason=radioTurnedOff apnContext={mApnType=dun mState=IDLE mWaitingApns={null} mWaitingApnsPermanentFailureCountDown=0 mApnSetting={null} mReason=radioTurnedOff mDataEnabled=false mDependencyMet=true} dcac=null
04-14 09:53:20.333  1554  1554 D DCT     : [0]cleanUpConnection: E tearDown=false reason=radioTurnedOff apnContext={mApnType=hipri mState=IDLE mWaitingApns={null} mWaitingApnsPermanentFailureCountDown=0 mApnSetting={null} mReason=radioTurnedOff mDataEnabled=false mDependencyMet=true}
04-14 09:53:20.336  1554  1554 D DCT     : [0]isDataAllowed getRecordsLoaded=true
04-14 09:53:20.338  1554  1554 D DCT     : [0]isDataAllowed: not allowed due to - Attached= false - desiredPowerState= false
04-14 09:53:20.338  1554  1554 D DCT     : [ApnContext:hipri] getApnSetting: apnSetting=null
04-14 09:53:20.339  1554  1554 D PhoneFactory: getPhone:- phoneId != DEFAULT_PHONE_ID return sProxyPhones[phoneId] phoneId=0 phone=Handler (com.android.internal.telephony.PhoneProxy) {3493524f}
04-14 09:53:20.346  1554  1554 D DCT     : [0]cleanUpConnection: X tearDown=false reason=radioTurnedOff apnContext={mApnType=hipri mState=IDLE mWaitingApns={null} mWaitingApnsPermanentFailureCountDown=0 mApnSetting={null} mReason=radioTurnedOff mDataEnabled=false mDependencyMet=true} dcac=null
04-14 09:53:20.350  1554  1554 D DCT     : [0]cleanUpConnection: E tearDown=false reason=radioTurnedOff apnContext={mApnType=ims mState=IDLE mWaitingApns={null} mWaitingApnsPermanentFailureCountDown=0 mApnSetting={null} mReason=radioTurnedOff mDataEnabled=false mDependencyMet=true}
04-14 09:53:20.354  1554  1554 D DCT     : [0]isDataAllowed getRecordsLoaded=true
04-14 09:53:20.356  1554  1554 D DCT     : [0]isDataAllowed: not allowed due to - Attached= false - desiredPowerState= false
04-14 09:53:20.356  1554  1554 D DCT     : [ApnContext:ims] getApnSetting: apnSetting=null
04-14 09:53:20.358  1554  1554 D PhoneFactory: getPhone:- phoneId != DEFAULT_PHONE_ID return sProxyPhones[phoneId] phoneId=0 phone=Handler (com.android.internal.telephony.PhoneProxy) {3493524f}
04-14 09:53:20.365  1554  1554 D DCT     : [0]cleanUpConnection: X tearDown=false reason=radioTurnedOff apnContext={mApnType=ims mState=IDLE mWaitingApns={null} mWaitingApnsPermanentFailureCountDown=0 mApnSetting={null} mReason=radioTurnedOff mDataEnabled=false mDependencyMet=true} dcac=null
04-14 09:53:20.365  1554  1554 D DCT     : [0]stopNetStatPoll
04-14 09:53:20.370  1554  1554 D DCT     : [0]stopDataStallAlarm: current tag=80142 mDataStallAlarmIntent=null
04-14 09:53:20.371  1554  1554 D DCT     : [0]cleanUpConnection: mDisconnectPendingCount = 0
04-14 09:53:20.371  1554  1554 D DCT     : [0]isDataAllowed getRecordsLoaded=true
04-14 09:53:20.372  1554  1554 D DCT     : [0]isDataAllowed: not allowed due to - Attached= false - desiredPowerState= false
04-14 09:53:20.373  1554  1554 D DCT     : [ApnContext:default] getApnSetting: apnSetting=null
04-14 09:53:20.373  1554  1554 D PhoneFactory: getPhone:- phoneId != DEFAULT_PHONE_ID return sProxyPhones[phoneId] phoneId=0 phone=Handler (com.android.internal.telephony.PhoneProxy) {3493524f}
04-14 09:53:20.382  1554  1554 D DCT     : [0]isDataAllowed getRecordsLoaded=true
04-14 09:53:20.391  1554  1554 D DCT     : [0]isDataAllowed: not allowed due to - Attached= false - desiredPowerState= false
04-14 09:53:20.394  1554  1554 D DCT     : [ApnContext:mms] getApnSetting: apnSetting=null
04-14 09:53:20.399  1554  1554 D PhoneFactory: getPhone:- phoneId != DEFAULT_PHONE_ID return sProxyPhones[phoneId] phoneId=0 phone=Handler (com.android.internal.telephony.PhoneProxy) {3493524f}
04-14 09:53:20.407  1554  1554 D DCT     : [0]isDataAllowed getRecordsLoaded=true
04-14 09:53:20.412  1554  1554 D DCT     : [0]isDataAllowed: not allowed due to - Attached= false - desiredPowerState= false
04-14 09:53:20.413  1554  1554 D DCT     : [ApnContext:cbs] getApnSetting: apnSetting=null
04-14 09:53:20.417  1554  1554 D PhoneFactory: getPhone:- phoneId != DEFAULT_PHONE_ID return sProxyPhones[phoneId] phoneId=0 phone=Handler (com.android.internal.telephony.PhoneProxy) {3493524f}
04-14 09:53:20.425  1554  1554 D DCT     : [0]isDataAllowed getRecordsLoaded=true
04-14 09:53:20.427  1554  1554 D DCT     : [0]isDataAllowed: not allowed due to - Attached= false - desiredPowerState= false
04-14 09:53:20.428  1554  1554 D DCT     : [ApnContext:fota] getApnSetting: apnSetting=null
04-14 09:53:20.430  1554  1554 D PhoneFactory: getPhone:- phoneId != DEFAULT_PHONE_ID return sProxyPhones[phoneId] phoneId=0 phone=Handler (com.android.internal.telephony.PhoneProxy) {3493524f}
04-14 09:53:20.444  1554  1554 D DCT     : [0]isDataAllowed getRecordsLoaded=true
04-14 09:53:20.447  1554  1554 D DCT     : [0]isDataAllowed: not allowed due to - Attached= false - desiredPowerState= false
