11-26 14:52:28.207  1195  1553 D DctController: EVENT_SET_DATA_ALLOWED_DONE  phoneId :1, switchInfo = SwitchInfo[phoneId = 0, NetworkRequest =null, isDefaultSwitchRequested = true, isOnDemandPsAttachRequested = false, RetryCount = 3
11-26 14:52:28.208  1195  1553 D DctController: Failed, switchInfo = SwitchInfo[phoneId = 0, NetworkRequest =null, isDefaultSwitchRequested = true, isOnDemandPsAttachRequested = false, RetryCount = 3 attempt delayed retry
11-26 14:52:29.843   201   330 I RILC    : RIL_SOCKET_1 UNSOLICITED: UNSOL_SIGNAL_STRENGTH length:60
11-26 14:52:29.843   201   330 E RILC    : Send Response to RIL_SOCKET_1
11-26 14:52:29.844  1195  1195 D DefaultPhoneNotifier: notifySignalStrength: mRegistry=com.android.internal.telephony.ITelephonyRegistry$Stub$Proxy@dda10a3 ss=SignalStrength: 99 0 -120 -160 -120 -1 -1 24 -90 -6 300 2147483647 2147483647 gsm|lte sender=Handler (com.android.internal.telephony.gsm.GSMPhone) {14b5ac73}
11-26 14:52:32.400   201   330 I RILC    : RIL_SOCKET_1 UNSOLICITED: UNSOL_SIGNAL_STRENGTH length:60
11-26 14:52:32.400   201   330 E RILC    : Send Response to RIL_SOCKET_1
11-26 14:52:32.402  1195  1195 D DefaultPhoneNotifier: notifySignalStrength: mRegistry=com.android.internal.telephony.ITelephonyRegistry$Stub$Proxy@dda10a3 ss=SignalStrength: 99 0 -120 -160 -120 -1 -1 24 -89 -4 300 2147483647 2147483647 gsm|lte sender=Handler (com.android.internal.telephony.gsm.GSMPhone) {14b5ac73}
11-26 14:52:36.734  1195  1553 D DctController: handleMessage msg={ when=-7ms what=3 obj=com.android.internal.os.SomeArgs@2435ebac target=com.android.internal.telephony.dataconnection.DctController }
11-26 14:52:36.734  1195  1553 D DctController: EVENT_DELAYED_RETRY
11-26 14:52:36.734  1195  1553 D DctController:  Retry, switchInfo = SwitchInfo[phoneId = 0, NetworkRequest =null, isDefaultSwitchRequested = true, isOnDemandPsAttachRequested = false, RetryCount = 4
11-26 14:52:36.734  1195  1553 D GsmDCT  : [0]setDataAllowed: enable=true
11-26 14:52:36.734  1195  1553 D RILJ    : [3790]> RIL_REQUEST_ALLOW_DATA true [SUB0]
11-26 14:52:36.735   201   323 D RILC    : RequestComplete, RIL_SOCKET_1
11-26 14:52:36.735   201   323 E RILC    : Send Response to RIL_SOCKET_1
11-26 14:52:36.735  1195  1394 D RilRequest: [3790]< RIL_REQUEST_ALLOW_DATA error: com.android.internal.telephony.CommandException: REQUEST_NOT_SUPPORTED ret=
11-26 14:52:36.735  1195  1553 D DctController: handleMessage msg={ when=0 what=2 obj=android.os.AsyncResult@2fe70674 target=com.android.internal.telephony.dataconnection.DctController }
11-26 14:52:36.736  1195  1553 D DctController: EVENT_SET_DATA_ALLOWED_DONE  phoneId :1, switchInfo = SwitchInfo[phoneId = 0, NetworkRequest =null, isDefaultSwitchRequested = true, isOnDemandPsAttachRequested = false, RetryCount = 4
11-26 14:52:36.736  1195  1553 D DctController: Failed, switchInfo = SwitchInfo[phoneId = 0, NetworkRequest =null, isDefaultSwitchRequested = true, isOnDemandPsAttachRequested = false, RetryCount = 4 attempt delayed retry
11-26 14:52:37.521   201   330 I RILC    : RIL_SOCKET_1 UNSOLICITED: UNSOL_SIGNAL_STRENGTH length:60
11-26 14:52:37.521   201   330 E RILC    : Send Response to RIL_SOCKET_1
11-26 14:52:37.523  1195  1195 D DefaultPhoneNotifier: notifySignalStrength: mRegistry=com.android.internal.telephony.ITelephonyRegistry$Stub$Proxy@dda10a3 ss=SignalStrength: 99 0 -120 -160 -120 -1 -1 24 -89 -4 300 2147483647 2147483647 gsm|lte sender=Handler (com.android.internal.telephony.gsm.GSMPhone) {14b5ac73}
11-26 14:52:38.209  1195  1553 D DctController: handleMessage msg={ when=-2ms what=3 obj=com.android.internal.os.SomeArgs@1897380a target=com.android.internal.telephony.dataconnection.DctController }
11-26 14:52:38.210  1195  1553 D DctController: EVENT_DELAYED_RETRY
11-26 14:52:38.210  1195  1553 D DctController:  Retry, switchInfo = SwitchInfo[phoneId = 0, NetworkRequest =null, isDefaultSwitchRequested = true, isOnDemandPsAttachRequested = false, RetryCount = 4
11-26 14:52:38.210  1195  1553 D GsmDCT  : [0]setDataAllowed: enable=true
11-26 14:52:38.210  1195  1553 D RILJ    : [3791]> RIL_REQUEST_ALLOW_DATA true [SUB0]
11-26 14:52:38.215   201   323 D RILC    : RequestComplete, RIL_SOCKET_1
11-26 14:52:38.215   201   323 E RILC    : Send Response to RIL_SOCKET_1
11-26 14:52:38.216  1195  1394 D RilRequest: [3791]< RIL_REQUEST_ALLOW_DATA error: com.android.internal.telephony.CommandException: REQUEST_NOT_SUPPORTED ret=
11-26 14:52:38.222  1195  1553 D DctController: handleMessage msg={ when=-5ms what=2 obj=android.os.AsyncResult@3b0d479d target=com.android.internal.telephony.dataconnection.DctController }
11-26 14:52:38.222  1195  1553 D DctController: EVENT_SET_DATA_ALLOWED_DONE  phoneId :1, switchInfo = SwitchInfo[phoneId = 0, NetworkRequest =null, isDefaultSwitchRequested = true, isOnDemandPsAttachRequested = false, RetryCount = 4
11-26 14:52:38.222  1195  1553 D DctController: Failed, switchInfo = SwitchInfo[phoneId = 0, NetworkRequest =null, isDefaultSwitchRequested = true, isOnDemandPsAttachRequested = false, RetryCount = 4 attempt delayed retry
11-26 14:52:40.083   201   330 I RILC    : RIL_SOCKET_1 UNSOLICITED: UNSOL_SIGNAL_STRENGTH length:60
11-26 14:52:40.083   201   330 E RILC    : Send Response to RIL_SOCKET_1
11-26 14:52:40.085  1195  1195 D DefaultPhoneNotifier: notifySignalStrength: mRegistry=com.android.internal.telephony.ITelephonyRegistry$Stub$Proxy@dda10a3 ss=SignalStrength: 99 0 -120 -160 -120 -1 -1 24 -89 -5 300 2147483647 2147483647 gsm|lte sender=Handler (com.android.internal.telephony.gsm.GSMPhone) {14b5ac73}
11-26 14:52:45.199   201   330 I RILC    : RIL_SOCKET_1 UNSOLICITED: UNSOL_SIGNAL_STRENGTH length:60
11-26 14:52:45.199   201   330 E RILC    : Send Response to RIL_SOCKET_1
11-26 14:52:45.199  1195  1195 D DefaultPhoneNotifier: notifySignalStrength: mRegistry=com.android.internal.telephony.ITelephonyRegistry$Stub$Proxy@dda10a3 ss=SignalStrength: 99 0 -120 -160 -120 -1 -1 24 -90 -6 300 2147483647 2147483647 gsm|lte sender=Handler (com.android.internal.telephony.gsm.GSMPhone) {14b5ac73}
11-26 14:52:46.744  1195  1553 D DctController: handleMessage msg={ when=-8ms what=3 obj=com.android.internal.os.SomeArgs@2435ebac target=com.android.internal.telephony.dataconnection.DctController }
11-26 14:52:46.744  1195  1553 D DctController: EVENT_DELAYED_RETRY
11-26 14:52:46.744  1195  1553 D DctController:  Retry, switchInfo = SwitchInfo[phoneId = 0, NetworkRequest =null, isDefaultSwitchRequested = true, isOnDemandPsAttachRequested = false, RetryCount = 5
11-26 14:52:46.744  1195  1553 D GsmDCT  : [0]setDataAllowed: enable=true
11-26 14:52:46.744  1195  1553 D RILJ    : [3792]> RIL_REQUEST_ALLOW_DATA true [SUB0]
11-26 14:52:46.745   201   323 D RILC    : RequestComplete, RIL_SOCKET_1
11-26 14:52:46.745   201   323 E RILC    : Send Response to RIL_SOCKET_1
11-26 14:52:46.745  1195  1394 D RilRequest: [3792]< RIL_REQUEST_ALLOW_DATA error: com.android.internal.telephony.CommandException: REQUEST_NOT_SUPPORTED ret=
11-26 14:52:46.746  1195  1553 D DctController: handleMessage msg={ when=0 what=2 obj=android.os.AsyncResult@30e78412 target=com.android.internal.telephony.dataconnection.DctController }
11-26 14:52:46.746  1195  1553 D DctController: EVENT_SET_DATA_ALLOWED_DONE  phoneId :1, switchInfo = SwitchInfo[phoneId = 0, NetworkRequest =null, isDefaultSwitchRequested = true, isOnDemandPsAttachRequested = false, RetryCount = 5
11-26 14:52:46.746  1195  1553 D DctController: Failed, switchInfo = SwitchInfo[phoneId = 0, NetworkRequest =null, isDefaultSwitchRequested = true, isOnDemandPsAttachRequested = false, RetryCount = 5 attempt delayed retry
11-26 14:52:46.746  1195  1553 D DctController: Already did max retries, notify failure
11-26 14:52:46.746  1195  1553 D DdsSwitchSerializer: unLock the DdsSwitchSerializer
11-26 14:52:46.746  1195  1553 D DdsSwitchSerializer: unLocked the DdsSwitchSerializer
11-26 14:52:46.746  1195  1195 D SubscriptionController: EVENT_SET_DEFAULT_DATA_DONE subId:1
11-26 14:52:46.746  1195  1195 D SubscriptionController:  updateDataSubId,  subId=1 exception java.lang.RuntimeException: PS ATTACH failed
11-26 14:52:46.746  1195  1195 D DdsScheduler: mCurrentDds = 1
11-26 14:52:46.746  1195  1195 D SubscriptionController: [broadcastDefaultDataSubIdChanged] subId=1
11-26 14:52:46.747  1195  1195 D SubscriptionController: [updateAllDataConnectionTrackers] sProxyPhones.length=1
11-26 14:52:46.747  1195  1195 D SubscriptionController: [updateAllDataConnectionTrackers] phoneId=0
11-26 14:52:46.748  1195  1195 D PhoneProxy: [PhoneProxy] Updating Data Connection Tracker
11-26 14:52:46.748  1195  1195 D GsmDCT  : [0]update sub = 1
11-26 14:52:46.748  1195  1195 D GsmDCT  : [0]update(): Active DDS, register for all events now!
11-26 14:52:46.748  1195  1195 D GsmDCT  : [0]updateSimRecords: newSimRecords = SimRecords: mDestroyed=false mContext=com.android.phone.PhoneGlobals@369512b8 mCi=com.android.internal.telephony.RIL@1b897335 mFh=Handler (com.android.internal.telephony.uicc.UsimFileHandler) {1b7d3891} mParentApp=com.android.internal.telephony.uicc.UiccCardApplication@2cb373f6 mSpnOverride=mSpnOverride recordsLoadedRegistrants=android.os.RegistrantList@1c0183f7 mImsiReadyRegistrants=android.os.RegistrantList@2ae4a264 mRecordsEventsRegistrants=android.os.RegistrantList@2a2bcccd mNewSmsRegistrants=android.os.RegistrantList@9ad982 mNetworkSelectionModeAutomaticRegistrants=android.os.RegistrantList@2cc06893 recordsToLoad=0 adnCache=Handler (com.android.internal.telephony.uicc.AdnRecordCache) {227b80d0} recordsRequested=true iccid=89860115921101579076 msisdnTag= voiceMailNum=null voiceMailTag=null newVoiceMailNum=null newVoiceMailTag=null isVoiceMailFixed=false mImsi=460011952973996 mncLength=2 mailboxIndex=0 spn= mVmConfigcom.android.internal.telephony.uicc.VoiceMailConstants@b568c9 callForwardingEnabled=false spnState=IDLE mCphsInfo=null mCspPlmnEnabled=true efMWIS=null efCPHS_MWI=null mEfCff=null mEfCfis=null getOperatorNumeric=46001
11-26 14:52:46.748  1195  1195 D GsmDCT  : [0]onUpdateIcc: newIccRecords com.android.internal.telephony.uicc.SIMRecords
11-26 14:52:46.749  1195  1195 D GSMPhone: [GSMPhone] updateCurrentCarrierInProvider: mSubId = 1 currentDds = 1 operatorNumeric = 46001
11-26 14:52:46.789  1195  1195 D DctController: got ACTION_DEFAULT_DATA_SUBSCRIPTION_CHANGED, new DDS = 1
11-26 14:52:46.789  1195  1195 D DctController: [TNF 1]update networkCapabilites for subId = 1
11-26 14:52:46.789  1195  1195 D SubscriptionController: [getActiveSubInfoList]+
11-26 14:52:46.790  1195  1195 D SubscriptionController: selection:sim_id>=0 null
11-26 14:52:46.792  1195  1195 D TelephonyManager: getTelephonyProperty: return propVal='cn' phoneId=0 property='gsm.sim.operator.iso-country' defaultVal='' prop=cn
11-26 14:52:46.792  1195  1195 D SubscriptionController: [getSubInfoRecord] id:1 iccid:DUMMY_NV_ID simSlotIndex:0 displayName:CARD 1 nameSource:0 iconTint:-16746133 dataRoaming:0 mcc:460 mnc:1 countIso:cn status:1 nwMode:10
11-26 14:52:46.794  1195  1195 D SubscriptionController: [getActiveSubInfoList]- 1 infos return
11-26 14:52:46.794  1195  1195 D SubscriptionController: [getActiveSubInfoForSubscriber]+ subId=1 subInfo={id=1, iccId=DUMMY_NV_ID simSlotIndex=0 displayName=CARD 1 carrierName= nameSource=0 iconTint=-16746133 dataRoaming=0 iconBitmap=android.graphics.Bitmap@1fa815e0 mcc 460 mnc 1 mSubStatus=1 mNwMode=10}
11-26 14:52:46.794  1195  1195 D DctController: [TNF 1]INTERNET capability is with subId = 1
11-26 14:52:46.795  1195  1195 D SubscriptionController: registerForOnDemandDdsLockNotification for client=1
11-26 14:52:46.795  1195  1195 D DctController: [TNF 1]Ready to handle network requests
11-26 14:52:47.763   201   330 I RILC    : RIL_SOCKET_1 UNSOLICITED: UNSOL_SIGNAL_STRENGTH length:60
11-26 14:52:47.763   201   330 E RILC    : Send Response to RIL_SOCKET_1
11-26 14:52:47.765  1195  1195 D DefaultPhoneNotifier: notifySignalStrength: mRegistry=com.android.internal.telephony.ITelephonyRegistry$Stub$Proxy@dda10a3 ss=SignalStrength: 99 0 -120 -160 -120 -1 -1 19 -102 -6 300 2147483647 2147483647 gsm|lte sender=Handler (com.android.internal.telephony.gsm.GSMPhone) {14b5ac73}
11-26 14:52:48.225  1195  1553 D DctController: handleMessage msg={ when=-2ms what=3 obj=com.android.internal.os.SomeArgs@1897380a target=com.android.internal.telephony.dataconnection.DctController }
11-26 14:52:48.225  1195  1553 D DctController: EVENT_DELAYED_RETRY
11-26 14:52:48.225  1195  1553 D DctController:  Retry, switchInfo = SwitchInfo[phoneId = 0, NetworkRequest =null, isDefaultSwitchRequested = true, isOnDemandPsAttachRequested = false, RetryCount = 5
11-26 14:52:48.225  1195  1553 D GsmDCT  : [0]setDataAllowed: enable=true
11-26 14:52:48.226  1195  1553 D RILJ    : [3793]> RIL_REQUEST_ALLOW_DATA true [SUB0]
11-26 14:52:48.232   201   323 D RILC    : RequestComplete, RIL_SOCKET_1
11-26 14:52:48.232   201   323 E RILC    : Send Response to RIL_SOCKET_1
11-26 14:52:48.233  1195  1394 D RilRequest: [3793]< RIL_REQUEST_ALLOW_DATA error: com.android.internal.telephony.CommandException: REQUEST_NOT_SUPPORTED ret=
11-26 14:52:48.236  1195  1553 D DctController: handleMessage msg={ when=-3ms what=2 obj=android.os.AsyncResult@3c7bc099 target=com.android.internal.telephony.dataconnection.DctController }
11-26 14:52:48.236  1195  1553 D DctController: EVENT_SET_DATA_ALLOWED_DONE  phoneId :1, switchInfo = SwitchInfo[phoneId = 0, NetworkRequest =null, isDefaultSwitchRequested = true, isOnDemandPsAttachRequested = false, RetryCount = 5
11-26 14:52:48.236  1195  1553 D DctController: Failed, switchInfo = SwitchInfo[phoneId = 0, NetworkRequest =null, isDefaultSwitchRequested = true, isOnDemandPsAttachRequested = false, RetryCount = 5 attempt delayed retry
11-26 14:52:48.236  1195  1553 D DctController: Already did max retries, notify failure
11-26 14:52:48.237  1195  1553 D DdsSwitchSerializer: unLock the DdsSwitchSerializer
11-26 14:52:48.237  1195  1553 D DdsSwitchSerializer: unLocked the DdsSwitchSerializer
11-26 14:52:48.239  1195  1195 D SubscriptionController: EVENT_SET_DEFAULT_DATA_DONE subId:1
11-26 14:52:48.239  1195  1195 D SubscriptionController:  updateDataSubId,  subId=1 exception java.lang.RuntimeException: PS ATTACH failed
11-26 14:52:48.239  1195  1195 D DdsScheduler: mCurrentDds = 1
11-26 14:52:48.239  1195  1195 D SubscriptionController: [broadcastDefaultDataSubIdChanged] subId=1
11-26 14:52:48.246  1195  1195 D SubscriptionController: [updateAllDataConnectionTrackers] sProxyPhones.length=1
11-26 14:52:48.246  1195  1195 D SubscriptionController: [updateAllDataConnectionTrackers] phoneId=0
11-26 14:52:48.247  1195  1195 D PhoneProxy: [PhoneProxy] Updating Data Connection Tracker
11-26 14:52:48.247  1195  1195 D GsmDCT  : [0]update sub = 1
11-26 14:52:48.247  1195  1195 D GsmDCT  : [0]update(): Active DDS, register for all events now!
11-26 14:52:48.248  1195  1195 D GsmDCT  : [0]updateSimRecords: newSimRecords = SimRecords: mDestroyed=false mContext=com.android.phone.PhoneGlobals@369512b8 mCi=com.android.internal.telephony.RIL@1b897335 mFh=Handler (com.android.internal.telephony.uicc.UsimFileHandler) {1b7d3891} mParentApp=com.android.internal.telephony.uicc.UiccCardApplication@2cb373f6 mSpnOverride=mSpnOverride recordsLoadedRegistrants=android.os.RegistrantList@1c0183f7 mImsiReadyRegistrants=android.os.RegistrantList@2ae4a264 mRecordsEventsRegistrants=android.os.RegistrantList@2a2bcccd mNewSmsRegistrants=android.os.RegistrantList@9ad982 mNetworkSelectionModeAutomaticRegistrants=android.os.RegistrantList@2cc06893 recordsToLoad=0 adnCache=Handler (com.android.internal.telephony.uicc.AdnRecordCache) {227b80d0} recordsRequested=true iccid=89860115921101579076 msisdnTag= voiceMailNum=null voiceMailTag=null newVoiceMailNum=null newVoiceMailTag=null isVoiceMailFixed=false mImsi=460011952973996 mncLength=2 mailboxIndex=0 spn= mVmConfigcom.android.internal.telephony.uicc.VoiceMailConstants@b568c9 callForwardingEnabled=false spnState=IDLE mCphsInfo=null mCspPlmnEnabled=true efMWIS=null efCPHS_MWI=null mEfCff=null mEfCfis=null getOperatorNumeric=46001
11-26 14:52:48.248  1195  1195 D GsmDCT  : [0]onUpdateIcc: newIccRecords com.android.internal.telephony.uicc.SIMRecords
11-26 14:52:48.251  1195  1195 D GSMPhone: [GSMPhone] updateCurrentCarrierInProvider: mSubId = 1 currentDds = 1 operatorNumeric = 46001
11-26 14:52:48.295  1195  1195 D DctController: got ACTION_DEFAULT_DATA_SUBSCRIPTION_CHANGED, new DDS = 1
11-26 14:52:48.295  1195  1195 D DctController: [TNF 1]update networkCapabilites for subId = 1
11-26 14:52:48.295  1195  1195 D SubscriptionController: [getActiveSubInfoList]+
11-26 14:52:48.296  1195  1195 D SubscriptionController: selection:sim_id>=0 null
11-26 14:52:48.300  1195  1195 D TelephonyManager: getTelephonyProperty: return propVal='cn' phoneId=0 property='gsm.sim.operator.iso-country' defaultVal='' prop=cn
11-26 14:52:48.300  1195  1195 D SubscriptionController: [getSubInfoRecord] id:1 iccid:DUMMY_NV_ID simSlotIndex:0 displayName:CARD 1 nameSource:0 iconTint:-16746133 dataRoaming:0 mcc:460 mnc:1 countIso:cn status:1 nwMode:10
11-26 14:52:48.302  1195  1195 D SubscriptionController: [getActiveSubInfoList]- 1 infos return
11-26 14:52:48.302  1195  1195 D SubscriptionController: [getActiveSubInfoForSubscriber]+ subId=1 subInfo={id=1, iccId=DUMMY_NV_ID simSlotIndex=0 displayName=CARD 1 carrierName= nameSource=0 iconTint=-16746133 dataRoaming=0 iconBitmap=android.graphics.Bitmap@274c1f3f mcc 460 mnc 1 mSubStatus=1 mNwMode=10}
11-26 14:52:48.302  1195  1195 D DctController: [TNF 1]INTERNET capability is with subId = 1
11-26 14:52:48.302  1195  1195 D SubscriptionController: registerForOnDemandDdsLockNotification for client=1
11-26 14:52:48.302  1195  1195 D DctController: [TNF 1]Ready to handle network requests
11-26 14:52:52.883   201   330 I RILC    : RIL_SOCKET_1 UNSOLICITED: UNSOL_SIGNAL_STRENGTH length:60
11-26 14:52:52.883   201   330 E RILC    : Send Response to RIL_SOCKET_1
11-26 14:52:52.885  1195  1195 D DefaultPhoneNotifier: notifySignalStrength: mRegistry=com.android.internal.telephony.ITelephonyRegistry$Stub$Proxy@dda10a3 ss=SignalStrength: 99 0 -120 -160 -120 -1 -1 22 -97 -7 300 2147483647 2147483647 gsm|lte sender=Handler (com.android.internal.telephony.gsm.GSMPhone) {14b5ac73}
11-26 14:52:55.435   201   330 I RILC    : RIL_SOCKET_1 UNSOLICITED: UNSOL_SIGNAL_STRENGTH length:60
11-26 14:52:55.435   201   330 E RILC    : Send Response to RIL_SOCKET_1
11-26 14:52:55.436  1195  1195 D DefaultPhoneNotifier: notifySignalStrength: mRegistry=com.android.internal.telephony.ITelephonyRegistry$Stub$Proxy@dda10a3 ss=SignalStrength: 99 0 -120 -160 -120 -1 -1 19 -102 -7 300 2147483647 2147483647 gsm|lte sender=Handler (com.android.internal.telephony.gsm.GSMPhone) {14b5ac73}
11-26 14:53:00.564   201   330 I RILC    : RIL_SOCKET_1 UNSOLICITED: UNSOL_SIGNAL_STRENGTH length:60
11-26 14:53:00.564   201   330 E RILC    : Send Response to RIL_SOCKET_1
11-26 14:53:00.566  1195  1195 D DefaultPhoneNotifier: notifySignalStrength: mRegistry=com.android.internal.telephony.ITelephonyRegistry$Stub$Proxy@dda10a3 ss=SignalStrength: 99 0 -120 -160 -120 -1 -1 20 -99 -6 300 2147483647 2147483647 gsm|lte sender=Handler (com.android.internal.telephony.gsm.GSMPhone) {14b5ac73}
11-26 14:53:03.123   201   330 I RILC    : RIL_SOCKET_1 UNSOLICITED: UNSOL_SIGNAL_STRENGTH length:60
11-26 14:53:03.123   201   330 E RILC    : Send Response to RIL_SOCKET_1
11-26 14:53:03.125  1195  1195 D DefaultPhoneNotifier: notifySignalStrength: mRegistry=com.android.internal.telephony.ITelephonyRegistry$Stub$Proxy@dda10a3 ss=SignalStrength: 99 0 -120 -160 -120 -1 -1 19 -102 -7 300 2147483647 2147483647 gsm|lte sender=Handler (com.android.internal.telephony.gsm.GSMPhone) {14b5ac73}
11-26 14:53:08.241   201   330 I RILC    : RIL_SOCKET_1 UNSOLICITED: UNSOL_SIGNAL_STRENGTH length:60
11-26 14:53:08.241   201   330 E RILC    : Send Response to RIL_SOCKET_1
11-26 14:53:08.243  1195  1195 D DefaultPhoneNotifier: notifySignalStrength: mRegistry=com.android.internal.telephony.ITelephonyRegistry$Stub$Proxy@dda10a3 ss=SignalStrength: 99 0 -120 -160 -120 -1 -1 19 -102 -8 300 2147483647 2147483647 gsm|lte sender=Handler (com.android.internal.telephony.gsm.GSMPhone) {14b5ac73}
11-26 14:53:10.802   201   330 I RILC    : RIL_SOCKET_1 UNSOLICITED: UNSOL_SIGNAL_STRENGTH length:60
11-26 14:53:10.803   201   330 E RILC    : Send Response to RIL_SOCKET_1
11-26 14:53:10.804  1195  1195 D DefaultPhoneNotifier: notifySignalStrength: mRegistry=com.android.internal.telephony.ITelephonyRegistry$Stub$Proxy@dda10a3 ss=SignalStrength: 99 0 -120 -160 -120 -1 -1 19 -102 -8 300 2147483647 2147483647 gsm|lte sender=Handler (com.android.internal.telephony.gsm.GSMPhone) {14b5ac73}
11-26 14:53:15.925   201   330 I RILC    : RIL_SOCKET_1 UNSOLICITED: UNSOL_SIGNAL_STRENGTH length:60
11-26 14:53:15.925   201   330 E RILC    : Send Response to RIL_SOCKET_1
11-26 14:53:15.927  1195  1195 D DefaultPhoneNotifier: notifySignalStrength: mRegistry=com.android.internal.telephony.ITelephonyRegistry$Stub$Proxy@dda10a3 ss=SignalStrength: 99 0 -120 -160 -120 -1 -1 19 -103 -8 300 2147483647 2147483647 gsm|lte sender=Handler (com.android.internal.telephony.gsm.GSMPhone) {14b5ac73}
11-26 14:53:18.482   201   330 I RILC    : RIL_SOCKET_1 UNSOLICITED: UNSOL_SIGNAL_STRENGTH length:60
11-26 14:53:18.483   201   330 E RILC    : Send Response to RIL_SOCKET_1
11-26 14:53:18.484  1195  1195 D DefaultPhoneNotifier: notifySignalStrength: mRegistry=com.android.internal.telephony.ITelephonyRegistry$Stub$Proxy@dda10a3 ss=SignalStrength: 99 0 -120 -160 -120 -1 -1 19 -102 -7 300 2147483647 2147483647 gsm|lte sender=Handler (com.android.internal.telephony.gsm.GSMPhone) {14b5ac73}
11-26 14:53:23.597   201   330 I RILC    : RIL_SOCKET_1 UNSOLICITED: UNSOL_SIGNAL_STRENGTH length:60
11-26 14:53:23.597   201   330 E RILC    : Send Response to RIL_SOCKET_1
11-26 14:53:23.598  1195  1195 D DefaultPhoneNotifier: notifySignalStrength: mRegistry=com.android.internal.telephony.ITelephonyRegistry$Stub$Proxy@dda10a3 ss=SignalStrength: 99 0 -120 -160 -120 -1 -1 19 -103 -9 300 2147483647 2147483647 gsm|lte sender=Handler (com.android.internal.telephony.gsm.GSMPhone) {14b5ac73}
11-26 14:53:26.163   201   330 I RILC    : RIL_SOCKET_1 UNSOLICITED: UNSOL_SIGNAL_STRENGTH length:60
11-26 14:53:26.163   201   330 E RILC    : Send Response to RIL_SOCKET_1
11-26 14:53:26.167  1195  1195 D DefaultPhoneNotifier: notifySignalStrength: mRegistry=com.android.internal.telephony.ITelephonyRegistry$Stub$Proxy@dda10a3 ss=SignalStrength: 99 0 -120 -160 -120 -1 -1 19 -103 -9 300 2147483647 2147483647 gsm|lte sender=Handler (com.android.internal.telephony.gsm.GSMPhone) {14b5ac73}
11-26 14:53:31.283   201   330 I RILC    : RIL_SOCKET_1 UNSOLICITED: UNSOL_SIGNAL_STRENGTH length:60
11-26 14:53:31.283   201   330 E RILC    : Send Response to RIL_SOCKET_1
11-26 14:53:31.284  1195  1195 D DefaultPhoneNotifier: notifySignalStrength: mRegistry=com.android.internal.telephony.ITelephonyRegistry$Stub$Proxy@dda10a3 ss=SignalStrength: 99 0 -120 -160 -120 -1 -1 19 -103 -8 300 2147483647 2147483647 gsm|lte sender=Handler (com.android.internal.telephony.gsm.GSMPhone) {14b5ac73}
11-26 14:53:33.842   201   330 I RILC    : RIL_SOCKET_1 UNSOLICITED: UNSOL_SIGNAL_STRENGTH length:60
11-26 14:53:33.842   201   330 E RILC    : Send Response to RIL_SOCKET_1
11-26 14:53:33.844  1195  1195 D DefaultPhoneNotifier: notifySignalStrength: mRegistry=com.android.internal.telephony.ITelephonyRegistry$Stub$Proxy@dda10a3 ss=SignalStrength: 99 0 -120 -160 -120 -1 -1 19 -101 -7 300 2147483647 2147483647 gsm|lte sender=Handler (com.android.internal.telephony.gsm.GSMPhone) {14b5ac73}
11-26 14:53:38.961   201   330 I RILC    : RIL_SOCKET_1 UNSOLICITED: UNSOL_SIGNAL_STRENGTH length:60
11-26 14:53:38.961   201   330 E RILC    : Send Response to RIL_SOCKET_1
11-26 14:53:38.963  1195  1195 D DefaultPhoneNotifier: notifySignalStrength: mRegistry=com.android.internal.telephony.ITelephonyRegistry$Stub$Proxy@dda10a3 ss=SignalStrength: 99 0 -120 -160 -120 -1 -1 20 -101 -7 300 2147483647 2147483647 gsm|lte sender=Handler (com.android.internal.telephony.gsm.GSMPhone) {14b5ac73}
11-26 14:53:41.524   201   330 I RILC    : RIL_SOCKET_1 UNSOLICITED: UNSOL_SIGNAL_STRENGTH length:60
11-26 14:53:41.524   201   330 E RILC    : Send Response to RIL_SOCKET_1
11-26 14:53:41.529  1195  1195 D DefaultPhoneNotifier: notifySignalStrength: mRegistry=com.android.internal.telephony.ITelephonyRegistry$Stub$Proxy@dda10a3 ss=SignalStrength: 99 0 -120 -160 -120 -1 -1 20 -101 -8 300 2147483647 2147483647 gsm|lte sender=Handler (com.android.internal.telephony.gsm.GSMPhone) {14b5ac73}
11-26 14:53:46.643   201   330 I RILC    : RIL_SOCKET_1 UNSOLICITED: UNSOL_SIGNAL_STRENGTH length:60
11-26 14:53:46.643   201   330 E RILC    : Send Response to RIL_SOCKET_1
11-26 14:53:46.645  1195  1195 D DefaultPhoneNotifier: notifySignalStrength: mRegistry=com.android.internal.telephony.ITelephonyRegistry$Stub$Proxy@dda10a3 ss=SignalStrength: 99 0 -120 -160 -120 -1 -1 21 -99 -8 300 2147483647 2147483647 gsm|lte sender=Handler (com.android.internal.telephony.gsm.GSMPhone) {14b5ac73}
11-26 14:53:49.198   201   330 I RILC    : RIL_SOCKET_1 UNSOLICITED: UNSOL_SIGNAL_STRENGTH length:60
11-26 14:53:49.198   201   330 E RILC    : Send Response to RIL_SOCKET_1
11-26 14:53:49.199  1195  1195 D DefaultPhoneNotifier: notifySignalStrength: mRegistry=com.android.internal.telephony.ITelephonyRegistry$Stub$Proxy@dda10a3 ss=SignalStrength: 99 0 -120 -160 -120 -1 -1 19 -102 -8 300 2147483647 2147483647 gsm|lte sender=Handler (com.android.internal.telephony.gsm.GSMPhone) {14b5ac73}
11-26 14:53:51.770   201   330 I RILC    : RIL_SOCKET_1 UNSOLICITED: UNSOL_SIGNAL_STRENGTH length:60
11-26 14:53:51.770   201   330 E RILC    : Send Response to RIL_SOCKET_1
11-26 14:53:51.773  1195  1195 D DefaultPhoneNotifier: notifySignalStrength: mRegistry=com.android.internal.telephony.ITelephonyRegistry$Stub$Proxy@dda10a3 ss=SignalStrength: 99 0 -120 -160 -120 -1 -1 21 -98 -6 300 2147483647 2147483647 gsm|lte sender=Handler (com.android.internal.telephony.gsm.GSMPhone) {14b5ac73}
11-26 14:53:56.882   201   330 I RILC    : RIL_SOCKET_1 UNSOLICITED: UNSOL_SIGNAL_STRENGTH length:60
11-26 14:53:56.882   201   330 E RILC    : Send Response to RIL_SOCKET_1
11-26 14:53:56.884  1195  1195 D DefaultPhoneNotifier: notifySignalStrength: mRegistry=com.android.internal.telephony.ITelephonyRegistry$Stub$Proxy@dda10a3 ss=SignalStrength: 99 0 -120 -160 -120 -1 -1 21 -99 -7 300 2147483647 2147483647 gsm|lte sender=Handler (com.android.internal.telephony.gsm.GSMPhone) {14b5ac73}
11-26 14:54:02.002   201   330 I RILC    : RIL_SOCKET_1 UNSOLICITED: UNSOL_SIGNAL_STRENGTH length:60
11-26 14:54:02.002   201   330 E RILC    : Send Response to RIL_SOCKET_1
11-26 14:54:02.003  1195  1195 D DefaultPhoneNotifier: notifySignalStrength: mRegistry=com.android.internal.telephony.ITelephonyRegistry$Stub$Proxy@dda10a3 ss=SignalStrength: 99 0 -120 -160 -120 -1 -1 21 -98 -6 300 2147483647 2147483647 gsm|lte sender=Handler (com.android.internal.telephony.gsm.GSMPhone) {14b5ac73}
11-26 14:54:04.562   201   330 I RILC    : RIL_SOCKET_1 UNSOLICITED: UNSOL_SIGNAL_STRENGTH length:60
11-26 14:54:04.562   201   330 E RILC    : Send Response to RIL_SOCKET_1
11-26 14:54:04.564  1195  1195 D DefaultPhoneNotifier: notifySignalStrength: mRegistry=com.android.internal.telephony.ITelephonyRegistry$Stub$Proxy@dda10a3 ss=SignalStrength: 99 0 -120 -160 -120 -1 -1 21 -98 -7 300 2147483647 2147483647 gsm|lte sender=Handler (com.android.internal.telephony.gsm.GSMPhone) {14b5ac73}
11-26 14:54:09.682   201   330 I RILC    : RIL_SOCKET_1 UNSOLICITED: UNSOL_SIGNAL_STRENGTH length:60
11-26 14:54:09.682   201   330 E RILC    : Send Response to RIL_SOCKET_1
11-26 14:54:09.685  1195  1195 D DefaultPhoneNotifier: notifySignalStrength: mRegistry=com.android.internal.telephony.ITelephonyRegistry$Stub$Proxy@dda10a3 ss=SignalStrength: 99 0 -120 -160 -120 -1 -1 21 -97 -6 300 2147483647 2147483647 gsm|lte sender=Handler (com.android.internal.telephony.gsm.GSMPhone) {14b5ac73}
11-26 14:54:12.244   201   330 I RILC    : RIL_SOCKET_1 UNSOLICITED: UNSOL_SIGNAL_STRENGTH length:60
11-26 14:54:12.244   201   330 E RILC    : Send Response to RIL_SOCKET_1
11-26 14:54:12.246  1195  1195 D DefaultPhoneNotifier: notifySignalStrength: mRegistry=com.android.internal.telephony.ITelephonyRegistry$Stub$Proxy@dda10a3 ss=SignalStrength: 99 0 -120 -160 -120 -1 -1 21 -98 -6 300 2147483647 2147483647 gsm|lte sender=Handler (com.android.internal.telephony.gsm.GSMPhone) {14b5ac73}
11-26 14:54:17.362   201   330 I RILC    : RIL_SOCKET_1 UNSOLICITED: UNSOL_SIGNAL_STRENGTH length:60
11-26 14:54:17.362   201   330 E RILC    : Send Response to RIL_SOCKET_1
11-26 14:54:17.364  1195  1195 D DefaultPhoneNotifier: notifySignalStrength: mRegistry=com.android.internal.telephony.ITelephonyRegistry$Stub$Proxy@dda10a3 ss=SignalStrength: 99 0 -120 -160 -120 -1 -1 21 -98 -7 300 2147483647 2147483647 gsm|lte sender=Handler (com.android.internal.telephony.gsm.GSMPhone) {14b5ac73}
11-26 14:54:19.920   201   330 I RILC    : RIL_SOCKET_1 UNSOLICITED: UNSOL_SIGNAL_STRENGTH length:60
11-26 14:54:19.920   201   330 E RILC    : Send Response to RIL_SOCKET_1
11-26 14:54:19.921  1195  1195 D DefaultPhoneNotifier: notifySignalStrength: mRegistry=com.android.internal.telephony.ITelephonyRegistry$Stub$Proxy@dda10a3 ss=SignalStrength: 99 0 -120 -160 -120 -1 -1 21 -98 -7 300 2147483647 2147483647 gsm|lte sender=Handler (com.android.internal.telephony.gsm.GSMPhone) {14b5ac73}
11-26 14:54:25.043   201   330 I RILC    : RIL_SOCKET_1 UNSOLICITED: UNSOL_SIGNAL_STRENGTH length:60
11-26 14:54:25.043   201   330 E RILC    : Send Response to RIL_SOCKET_1
11-26 14:54:25.044  1195  1195 D DefaultPhoneNotifier: notifySignalStrength: mRegistry=com.android.internal.telephony.ITelephonyRegistry$Stub$Proxy@dda10a3 ss=SignalStrength: 99 0 -120 -160 -120 -1 -1 21 -97 -6 300 2147483647 2147483647 gsm|lte sender=Handler (com.android.internal.telephony.gsm.GSMPhone) {14b5ac73}
11-26 14:54:27.609   201   330 I RILC    : RIL_SOCKET_1 UNSOLICITED: UNSOL_SIGNAL_STRENGTH length:60
11-26 14:54:27.610   201   330 E RILC    : Send Response to RIL_SOCKET_1
11-26 14:54:27.613  1195  1195 D DefaultPhoneNotifier: notifySignalStrength: mRegistry=com.android.internal.telephony.ITelephonyRegistry$Stub$Proxy@dda10a3 ss=SignalStrength: 99 0 -120 -160 -120 -1 -1 21 -99 -6 300 2147483647 2147483647 gsm|lte sender=Handler (com.android.internal.telephony.gsm.GSMPhone) {14b5ac73}
11-26 14:54:32.719   201   330 I RILC    : RIL_SOCKET_1 UNSOLICITED: UNSOL_SIGNAL_STRENGTH length:60
11-26 14:54:32.719   201   330 E RILC    : Send Response to RIL_SOCKET_1
11-26 14:54:32.720  1195  1195 D DefaultPhoneNotifier: notifySignalStrength: mRegistry=com.android.internal.telephony.ITelephonyRegistry$Stub$Proxy@dda10a3 ss=SignalStrength: 99 0 -120 -160 -120 -1 -1 21 -98 -6 300 2147483647 2147483647 gsm|lte sender=Handler (com.android.internal.telephony.gsm.GSMPhone) {14b5ac73}
11-26 14:54:35.276   201   330 I RILC    : RIL_SOCKET_1 UNSOLICITED: UNSOL_SIGNAL_STRENGTH length:60
11-26 14:54:35.276   201   330 E RILC    : Send Response to RIL_SOCKET_1
11-26 14:54:35.276  1195  1195 D DefaultPhoneNotifier: notifySignalStrength: mRegistry=com.android.internal.telephony.ITelephonyRegistry$Stub$Proxy@dda10a3 ss=SignalStrength: 99 0 -120 -160 -120 -1 -1 24 -90 -6 300 2147483647 2147483647 gsm|lte sender=Handler (com.android.internal.telephony.gsm.GSMPhone) {14b5ac73}
11-26 14:54:40.399   201   330 I RILC    : RIL_SOCKET_1 UNSOLICITED: UNSOL_SIGNAL_STRENGTH length:60
11-26 14:54:40.399   201   330 E RILC    : Send Response to RIL_SOCKET_1
11-26 14:54:40.400  1195  1195 D DefaultPhoneNotifier: notifySignalStrength: mRegistry=com.android.internal.telephony.ITelephonyRegistry$Stub$Proxy@dda10a3 ss=SignalStrength: 99 0 -120 -160 -120 -1 -1 23 -93 -7 300 2147483647 2147483647 gsm|lte sender=Handler (com.android.internal.telephony.gsm.GSMPhone) {14b5ac73}
11-26 14:54:42.956   201   330 I RILC    : RIL_SOCKET_1 UNSOLICITED: UNSOL_SIGNAL_STRENGTH length:60
11-26 14:54:42.956   201   330 E RILC    : Send Response to RIL_SOCKET_1
11-26 14:54:42.957  1195  1195 D DefaultPhoneNotifier: notifySignalStrength: mRegistry=com.android.internal.telephony.ITelephonyRegistry$Stub$Proxy@dda10a3 ss=SignalStrength: 99 0 -120 -160 -120 -1 -1 23 -96 -8 300 2147483647 2147483647 gsm|lte sender=Handler (com.android.internal.telephony.gsm.GSMPhone) {14b5ac73}
11-26 14:54:48.076   201   330 I RILC    : RIL_SOCKET_1 UNSOLICITED: UNSOL_SIGNAL_STRENGTH length:60
11-26 14:54:48.076   201   330 E RILC    : Send Response to RIL_SOCKET_1
11-26 14:54:48.076  1195  1195 D DefaultPhoneNotifier: notifySignalStrength: mRegistry=com.android.internal.telephony.ITelephonyRegistry$Stub$Proxy@dda10a3 ss=SignalStrength: 99 0 -120 -160 -120 -1 -1 23 -95 -7 300 2147483647 2147483647 gsm|lte sender=Handler (com.android.internal.telephony.gsm.GSMPhone) {14b5ac73}
11-26 14:54:50.639   201   330 I RILC    : RIL_SOCKET_1 UNSOLICITED: UNSOL_SIGNAL_STRENGTH length:60
11-26 14:54:50.639   201   330 E RILC    : Send Response to RIL_SOCKET_1
11-26 14:54:50.639  1195  1195 D DefaultPhoneNotifier: notifySignalStrength: mRegistry=com.android.internal.telephony.ITelephonyRegistry$Stub$Proxy@dda10a3 ss=SignalStrength: 99 0 -120 -160 -120 -1 -1 24 -94 -9 300 2147483647 2147483647 gsm|lte sender=Handler (com.android.internal.telephony.gsm.GSMPhone) {14b5ac73}
11-26 14:54:55.758   201   330 I RILC    : RIL_SOCKET_1 UNSOLICITED: UNSOL_SIGNAL_STRENGTH length:60
11-26 14:54:55.758   201   330 E RILC    : Send Response to RIL_SOCKET_1
11-26 14:54:55.758  1195  1195 D DefaultPhoneNotifier: notifySignalStrength: mRegistry=com.android.internal.telephony.ITelephonyRegistry$Stub$Proxy@dda10a3 ss=SignalStrength: 99 0 -120 -160 -120 -1 -1 24 -95 -10 300 2147483647 2147483647 gsm|lte sender=Handler (com.android.internal.telephony.gsm.GSMPhone) {14b5ac73}
11-26 14:54:58.319   201   330 I RILC    : RIL_SOCKET_1 UNSOLICITED: UNSOL_SIGNAL_STRENGTH length:60
11-26 14:54:58.319   201   330 E RILC    : Send Response to RIL_SOCKET_1
11-26 14:54:58.320  1195  1195 D DefaultPhoneNotifier: notifySignalStrength: mRegistry=com.android.internal.telephony.ITelephonyRegistry$Stub$Proxy@dda10a3 ss=SignalStrength: 99 0 -120 -160 -120 -1 -1 23 -94 -6 300 2147483647 2147483647 gsm|lte sender=Handler (com.android.internal.telephony.gsm.GSMPhone) {14b5ac73}
11-26 14:55:00.876   201   330 I RILC    : RIL_SOCKET_1 UNSOLICITED: UNSOL_SIGNAL_STRENGTH length:60
11-26 14:55:00.876   201   330 E RILC    : Send Response to RIL_SOCKET_1
11-26 14:55:00.877  1195  1195 D DefaultPhoneNotifier: notifySignalStrength: mRegistry=com.android.internal.telephony.ITelephonyRegistry$Stub$Proxy@dda10a3 ss=SignalStrength: 99 0 -120 -160 -120 -1 -1 23 -94 -7 300 2147483647 2147483647 gsm|lte sender=Handler (com.android.internal.telephony.gsm.GSMPhone) {14b5ac73}
11-26 14:55:05.999   201   330 I RILC    : RIL_SOCKET_1 UNSOLICITED: UNSOL_SIGNAL_STRENGTH length:60
11-26 14:55:05.999   201   330 E RILC    : Send Response to RIL_SOCKET_1
11-26 14:55:06.000  1195  1195 D DefaultPhoneNotifier: notifySignalStrength: mRegistry=com.android.internal.telephony.ITelephonyRegistry$Stub$Proxy@dda10a3 ss=SignalStrength: 99 0 -120 -160 -120 -1 -1 23 -95 -8 300 2147483647 2147483647 gsm|lte sender=Handler (com.android.internal.telephony.gsm.GSMPhone) {14b5ac73}
11-26 14:55:09.064  1195  1558 D SubscriptionController: [getActiveSubInfoList]+
11-26 14:55:09.065  1195  1558 D SubscriptionController: selection:sim_id>=0 null
11-26 14:55:09.067  1195  1558 D TelephonyManager: getTelephonyProperty: return propVal='cn' phoneId=0 property='gsm.sim.operator.iso-country' defaultVal='' prop=cn
11-26 14:55:09.067  1195  1558 D SubscriptionController: [getSubInfoRecord] id:1 iccid:DUMMY_NV_ID simSlotIndex:0 displayName:CARD 1 nameSource:0 iconTint:-16746133 dataRoaming:0 mcc:460 mnc:1 countIso:cn status:1 nwMode:10
11-26 14:55:09.069  1195  1558 D SubscriptionController: [getActiveSubInfoList]- 1 infos return
11-26 14:55:09.069  1195  1558 D SubscriptionController: [getAllSubInfoList]+
11-26 14:55:09.069  1195  1558 D SubscriptionController: selection:null null
11-26 14:55:09.071  1195  1558 D TelephonyManager: getTelephonyProperty: return propVal='cn' phoneId=0 property='gsm.sim.operator.iso-country' defaultVal='' prop=cn
11-26 14:55:09.071  1195  1558 D SubscriptionController: [getSubInfoRecord] id:1 iccid:DUMMY_NV_ID simSlotIndex:0 displayName:CARD 1 nameSource:0 iconTint:-16746133 dataRoaming:0 mcc:460 mnc:1 countIso:cn status:1 nwMode:10
11-26 14:55:09.073  1195  1558 D SubscriptionController: [getAllSubInfoList]- 1 infos return
11-26 14:55:11.115   201   330 I RILC    : RIL_SOCKET_1 UNSOLICITED: UNSOL_SIGNAL_STRENGTH length:60
11-26 14:55:11.115   201   330 E RILC    : Send Response to RIL_SOCKET_1
11-26 14:55:11.116  1195  1195 D DefaultPhoneNotifier: notifySignalStrength: mRegistry=com.android.internal.telephony.ITelephonyRegistry$Stub$Proxy@dda10a3 ss=SignalStrength: 99 0 -120 -160 -120 -1 -1 23 -95 -6 300 2147483647 2147483647 gsm|lte sender=Handler (com.android.internal.telephony.gsm.GSMPhone) {14b5ac73}
11-26 14:55:13.686   201   330 I RILC    : RIL_SOCKET_1 UNSOLICITED: UNSOL_SIGNAL_STRENGTH length:60
11-26 14:55:13.686   201   330 E RILC    : Send Response to RIL_SOCKET_1
11-26 14:55:13.686  1195  1195 D DefaultPhoneNotifier: notifySignalStrength: mRegistry=com.android.internal.telephony.ITelephonyRegistry$Stub$Proxy@dda10a3 ss=SignalStrength: 99 0 -120 -160 -120 -1 -1 23 -95 -8 300 2147483647 2147483647 gsm|lte sender=Handler (com.android.internal.telephony.gsm.GSMPhone) {14b5ac73}
11-26 14:55:18.795   201   330 I RILC    : RIL_SOCKET_1 UNSOLICITED: UNSOL_SIGNAL_STRENGTH length:60
11-26 14:55:18.795   201   330 E RILC    : Send Response to RIL_SOCKET_1
11-26 14:55:18.796  1195  1195 D DefaultPhoneNotifier: notifySignalStrength: mRegistry=com.android.internal.telephony.ITelephonyRegistry$Stub$Proxy@dda10a3 ss=SignalStrength: 99 0 -120 -160 -120 -1 -1 23 -95 -6 300 2147483647 2147483647 gsm|lte sender=Handler (com.android.internal.telephony.gsm.GSMPhone) {14b5ac73}
11-26 14:55:21.354   201   330 I RILC    : RIL_SOCKET_1 UNSOLICITED: UNSOL_SIGNAL_STRENGTH length:60
11-26 14:55:21.354   201   330 E RILC    : Send Response to RIL_SOCKET_1
11-26 14:55:21.355  1195  1195 D DefaultPhoneNotifier: notifySignalStrength: mRegistry=com.android.internal.telephony.ITelephonyRegistry$Stub$Proxy@dda10a3 ss=SignalStrength: 99 0 -120 -160 -120 -1 -1 22 -96 -6 300 2147483647 2147483647 gsm|lte sender=Handler (com.android.internal.telephony.gsm.GSMPhone) {14b5ac73}
11-26 14:55:23.707  1195  1195 D DebugService: DebugService dump: +
11-26 14:55:23.708  1195  1195 D PhoneBase: Get callforwarding info from perferences
11-26 14:55:23.708  1195  1195 D GsmDCT  : [0]get all active apn types
11-26 14:55:23.708  1195  1195 D GsmDCT  : [0]isDataAllowed getRecordsLoaded=true
11-26 14:55:23.710  1195  1195 D GsmDCT  : [0]overall state is IDLE
11-26 14:55:23.714  1195  1195 D SubscriptionController: [getActiveSubInfoList]+
11-26 14:55:23.714  1195  1195 D SubscriptionController: selection:sim_id>=0 null
11-26 14:55:23.716  1195  1195 D TelephonyManager: getTelephonyProperty: return propVal='cn' phoneId=0 property='gsm.sim.operator.iso-country' defaultVal='' prop=cn
11-26 14:55:23.716  1195  1195 D SubscriptionController: [getSubInfoRecord] id:1 iccid:DUMMY_NV_ID simSlotIndex:0 displayName:CARD 1 nameSource:0 iconTint:-16746133 dataRoaming:0 mcc:460 mnc:1 countIso:cn status:1 nwMode:10
11-26 14:55:23.720  1195  1195 D SubscriptionController: [getActiveSubInfoList]- 1 infos return
11-26 14:55:23.720  1195  1195 D SubscriptionController: [getAllSubInfoList]+
11-26 14:55:23.721  1195  1195 D SubscriptionController: selection:null null
11-26 14:55:23.724  1195  1195 D TelephonyManager: getTelephonyProperty: return propVal='cn' phoneId=0 property='gsm.sim.operator.iso-country' defaultVal='' prop=cn
11-26 14:55:23.724  1195  1195 D SubscriptionController: [getSubInfoRecord] id:1 iccid:DUMMY_NV_ID simSlotIndex:0 displayName:CARD 1 nameSource:0 iconTint:-16746133 dataRoaming:0 mcc:460 mnc:1 countIso:cn status:1 nwMode:10
11-26 14:55:23.727  1195  1195 D SubscriptionController: [getAllSubInfoList]- 1 infos return
11-26 14:55:23.729  1195  1195 D DebugService: DebugService dump: -
11-26 14:55:26.475   201   330 I RILC    : RIL_SOCKET_1 UNSOLICITED: UNSOL_SIGNAL_STRENGTH length:60
11-26 14:55:26.475   201   330 E RILC    : Send Response to RIL_SOCKET_1
11-26 14:55:26.476  1195  1195 D DefaultPhoneNotifier: notifySignalStrength: mRegistry=com.android.internal.telephony.ITelephonyRegistry$Stub$Proxy@dda10a3 ss=SignalStrength: 99 0 -120 -160 -120 -1 -1 22 -96 -7 300 2147483647 2147483647 gsm|lte sender=Handler (com.android.internal.telephony.gsm.GSMPhone) {14b5ac73}
11-26 14:55:29.035   201   330 I RILC    : RIL_SOCKET_1 UNSOLICITED: UNSOL_SIGNAL_STRENGTH length:60
11-26 14:55:29.035   201   330 E RILC    : Send Response to RIL_SOCKET_1
11-26 14:55:29.036  1195  1195 D DefaultPhoneNotifier: notifySignalStrength: mRegistry=com.android.internal.telephony.ITelephonyRegistry$Stub$Proxy@dda10a3 ss=SignalStrength: 99 0 -120 -160 -120 -1 -1 23 -95 -9 300 2147483647 2147483647 gsm|lte sender=Handler (com.android.internal.telephony.gsm.GSMPhone) {14b5ac73}
11-26 14:55:34.156   201   330 I RILC    : RIL_SOCKET_1 UNSOLICITED: UNSOL_SIGNAL_STRENGTH length:60
11-26 14:55:34.156   201   330 E RILC    : Send Response to RIL_SOCKET_1
11-26 14:55:34.156  1195  1195 D DefaultPhoneNotifier: notifySignalStrength: mRegistry=com.android.internal.telephony.ITelephonyRegistry$Stub$Proxy@dda10a3 ss=SignalStrength: 99 0 -120 -160 -120 -1 -1 22 -96 -7 300 2147483647 2147483647 gsm|lte sender=Handler (com.android.internal.telephony.gsm.GSMPhone) {14b5ac73}
11-26 14:55:36.715   201   330 I RILC    : RIL_SOCKET_1 UNSOLICITED: UNSOL_SIGNAL_STRENGTH length:60
11-26 14:55:36.715   201   330 E RILC    : Send Response to RIL_SOCKET_1
11-26 14:55:36.716  1195  1195 D DefaultPhoneNotifier: notifySignalStrength: mRegistry=com.android.internal.telephony.ITelephonyRegistry$Stub$Proxy@dda10a3 ss=SignalStrength: 99 0 -120 -160 -120 -1 -1 22 -97 -7 300 2147483647 2147483647 gsm|lte sender=Handler (com.android.internal.telephony.gsm.GSMPhone) {14b5ac73}
11-26 14:55:41.841   201   330 I RILC    : RIL_SOCKET_1 UNSOLICITED: UNSOL_SIGNAL_STRENGTH length:60
11-26 14:55:41.841   201   330 E RILC    : Send Response to RIL_SOCKET_1
11-26 14:55:41.846  1195  1195 D DefaultPhoneNotifier: notifySignalStrength: mRegistry=com.android.internal.telephony.ITelephonyRegistry$Stub$Proxy@dda10a3 ss=SignalStrength: 99 0 -120 -160 -120 -1 -1 24 -97 -11 300 2147483647 2147483647 gsm|lte sender=Handler (com.android.internal.telephony.gsm.GSMPhone) {14b5ac73}
11-26 14:55:44.402   201   330 I RILC    : RIL_SOCKET_1 UNSOLICITED: UNSOL_SIGNAL_STRENGTH length:60
11-26 14:55:44.403   201   330 E RILC    : Send Response to RIL_SOCKET_1
11-26 14:55:44.407  1195  1195 D DefaultPhoneNotifier: notifySignalStrength: mRegistry=com.android.internal.telephony.ITelephonyRegistry$Stub$Proxy@dda10a3 ss=SignalStrength: 99 0 -120 -160 -120 -1 -1 22 -96 -6 300 2147483647 2147483647 gsm|lte sender=Handler (com.android.internal.telephony.gsm.GSMPhone) {14b5ac73}
11-26 14:55:49.519   201   330 I RILC    : RIL_SOCKET_1 UNSOLICITED: UNSOL_SIGNAL_STRENGTH length:60
11-26 14:55:49.519   201   330 E RILC    : Send Response to RIL_SOCKET_1
11-26 14:55:49.520  1195  1195 D DefaultPhoneNotifier: notifySignalStrength: mRegistry=com.android.internal.telephony.ITelephonyRegistry$Stub$Proxy@dda10a3 ss=SignalStrength: 99 0 -120 -160 -120 -1 -1 22 -96 -6 300 2147483647 2147483647 gsm|lte sender=Handler (com.android.internal.telephony.gsm.GSMPhone) {14b5ac73}
11-26 14:55:52.083   201   330 I RILC    : RIL_SOCKET_1 UNSOLICITED: UNSOL_SIGNAL_STRENGTH length:60
11-26 14:55:52.083   201   330 E RILC    : Send Response to RIL_SOCKET_1
11-26 14:55:52.087  1195  1195 D DefaultPhoneNotifier: notifySignalStrength: mRegistry=com.android.internal.telephony.ITelephonyRegistry$Stub$Proxy@dda10a3 ss=SignalStrength: 99 0 -120 -160 -120 -1 -1 22 -95 -7 300 2147483647 2147483647 gsm|lte sender=Handler (com.android.internal.telephony.gsm.GSMPhone) {14b5ac73}
11-26 14:55:57.199   201   330 I RILC    : RIL_SOCKET_1 UNSOLICITED: UNSOL_SIGNAL_STRENGTH length:60
11-26 14:55:57.199   201   330 E RILC    : Send Response to RIL_SOCKET_1
11-26 14:55:57.199  1195  1195 D DefaultPhoneNotifier: notifySignalStrength: mRegistry=com.android.internal.telephony.ITelephonyRegistry$Stub$Proxy@dda10a3 ss=SignalStrength: 99 0 -120 -160 -120 -1 -1 22 -95 -6 300 2147483647 2147483647 gsm|lte sender=Handler (com.android.internal.telephony.gsm.GSMPhone) {14b5ac73}
11-26 14:56:04.879   201   330 I RILC    : RIL_SOCKET_1 UNSOLICITED: UNSOL_SIGNAL_STRENGTH length:60
11-26 14:56:04.879   201   330 E RILC    : Send Response to RIL_SOCKET_1
11-26 14:56:04.879  1195  1195 D DefaultPhoneNotifier: notifySignalStrength: mRegistry=com.android.internal.telephony.ITelephonyRegistry$Stub$Proxy@dda10a3 ss=SignalStrength: 99 0 -120 -160 -120 -1 -1 22 -95 -6 300 2147483647 2147483647 gsm|lte sender=Handler (com.android.internal.telephony.gsm.GSMPhone) {14b5ac73}
11-26 14:56:07.439   201   330 I RILC    : RIL_SOCKET_1 UNSOLICITED: UNSOL_SIGNAL_STRENGTH length:60
11-26 14:56:07.439   201   330 E RILC    : Send Response to RIL_SOCKET_1
11-26 14:56:07.439  1195  1195 D DefaultPhoneNotifier: notifySignalStrength: mRegistry=com.android.internal.telephony.ITelephonyRegistry$Stub$Proxy@dda10a3 ss=SignalStrength: 99 0 -120 -160 -120 -1 -1 22 -95 -6 300 2147483647 2147483647 gsm|lte sender=Handler (com.android.internal.telephony.gsm.GSMPhone) {14b5ac73}
11-26 14:56:12.563   201   330 I RILC    : RIL_SOCKET_1 UNSOLICITED: UNSOL_SIGNAL_STRENGTH length:60
11-26 14:56:12.563   201   330 E RILC    : Send Response to RIL_SOCKET_1
11-26 14:56:12.567  1195  1195 D DefaultPhoneNotifier: notifySignalStrength: mRegistry=com.android.internal.telephony.ITelephonyRegistry$Stub$Proxy@dda10a3 ss=SignalStrength: 99 0 -120 -160 -120 -1 -1 22 -95 -7 300 2147483647 2147483647 gsm|lte sender=Handler (com.android.internal.telephony.gsm.GSMPhone) {14b5ac73}
11-26 14:56:15.122   201   330 I RILC    : RIL_SOCKET_1 UNSOLICITED: UNSOL_SIGNAL_STRENGTH length:60
11-26 14:56:15.122   201   330 E RILC    : Send Response to RIL_SOCKET_1
11-26 14:56:15.126  1195  1195 D DefaultPhoneNotifier: notifySignalStrength: mRegistry=com.android.internal.telephony.ITelephonyRegistry$Stub$Proxy@dda10a3 ss=SignalStrength: 99 0 -120 -160 -120 -1 -1 22 -95 -6 300 2147483647 2147483647 gsm|lte sender=Handler (com.android.internal.telephony.gsm.GSMPhone) {14b5ac73}
11-26 14:56:17.675   201   330 I RILC    : RIL_SOCKET_1 UNSOLICITED: UNSOL_SIGNAL_STRENGTH length:60
11-26 14:56:17.675   201   330 E RILC    : Send Response to RIL_SOCKET_1
11-26 14:56:17.675  1195  1195 D DefaultPhoneNotifier: notifySignalStrength: mRegistry=com.android.internal.telephony.ITelephonyRegistry$Stub$Proxy@dda10a3 ss=SignalStrength: 99 0 -120 -160 -120 -1 -1 22 -95 -6 300 2147483647 2147483647 gsm|lte sender=Handler (com.android.internal.telephony.gsm.GSMPhone) {14b5ac73}
11-26 14:56:22.803   201   330 I RILC    : RIL_SOCKET_1 UNSOLICITED: UNSOL_SIGNAL_STRENGTH length:60
11-26 14:56:22.803   201   330 E RILC    : Send Response to RIL_SOCKET_1
11-26 14:56:22.808  1195  1195 D DefaultPhoneNotifier: notifySignalStrength: mRegistry=com.android.internal.telephony.ITelephonyRegistry$Stub$Proxy@dda10a3 ss=SignalStrength: 99 0 -120 -160 -120 -1 -1 22 -95 -6 300 2147483647 2147483647 gsm|lte sender=Handler (com.android.internal.telephony.gsm.GSMPhone) {14b5ac73}
11-26 14:56:27.919   201   330 I RILC    : RIL_SOCKET_1 UNSOLICITED: UNSOL_SIGNAL_STRENGTH length:60
11-26 14:56:27.919   201   330 E RILC    : Send Response to RIL_SOCKET_1
11-26 14:56:27.919  1195  1195 D DefaultPhoneNotifier: notifySignalStrength: mRegistry=com.android.internal.telephony.ITelephonyRegistry$Stub$Proxy@dda10a3 ss=SignalStrength: 99 0 -120 -160 -120 -1 -1 22 -95 -6 300 2147483647 2147483647 gsm|lte sender=Handler (com.android.internal.telephony.gsm.GSMPhone) {14b5ac73}
11-26 14:56:30.479   201   330 I RILC    : RIL_SOCKET_1 UNSOLICITED: UNSOL_SIGNAL_STRENGTH length:60
11-26 14:56:30.479   201   330 E RILC    : Send Response to RIL_SOCKET_1
11-26 14:56:30.479  1195  1195 D DefaultPhoneNotifier: notifySignalStrength: mRegistry=com.android.internal.telephony.ITelephonyRegistry$Stub$Proxy@dda10a3 ss=SignalStrength: 99 0 -120 -160 -120 -1 -1 22 -97 -6 300 2147483647 2147483647 gsm|lte sender=Handler (com.android.internal.telephony.gsm.GSMPhone) {14b5ac73}
11-26 14:56:35.599   201   330 I RILC    : RIL_SOCKET_1 UNSOLICITED: UNSOL_SIGNAL_STRENGTH length:60
11-26 14:56:35.599   201   330 E RILC    : Send Response to RIL_SOCKET_1
11-26 14:56:35.599  1195  1195 D DefaultPhoneNotifier: notifySignalStrength: mRegistry=com.android.internal.telephony.ITelephonyRegistry$Stub$Proxy@dda10a3 ss=SignalStrength: 99 0 -120 -160 -120 -1 -1 22 -95 -7 300 2147483647 2147483647 gsm|lte sender=Handler (com.android.internal.telephony.gsm.GSMPhone) {14b5ac73}
11-26 14:56:38.159   201   330 I RILC    : RIL_SOCKET_1 UNSOLICITED: UNSOL_SIGNAL_STRENGTH length:60
11-26 14:56:38.159   201   330 E RILC    : Send Response to RIL_SOCKET_1
11-26 14:56:38.159  1195  1195 D DefaultPhoneNotifier: notifySignalStrength: mRegistry=com.android.internal.telephony.ITelephonyRegistry$Stub$Proxy@dda10a3 ss=SignalStrength: 99 0 -120 -160 -120 -1 -1 22 -97 -7 300 2147483647 2147483647 gsm|lte sender=Handler (com.android.internal.telephony.gsm.GSMPhone) {14b5ac73}
11-26 14:56:43.283   201   330 I RILC    : RIL_SOCKET_1 UNSOLICITED: UNSOL_SIGNAL_STRENGTH length:60
11-26 14:56:43.283   201   330 E RILC    : Send Response to RIL_SOCKET_1
