11-26 14:51:58.666  1195  1212 D SubscriptionController: [getSubInfoRecord] id:1 iccid:DUMMY_NV_ID simSlotIndex:0 displayName:CARD 1 nameSource:0 iconTint:-16746133 dataRoaming:0 mcc:460 mnc:1 countIso: status:1 nwMode:10
11-26 14:51:58.667   201  1841 I RILQ    : (0/201):RIL[0][cmd-20(968)] qcril_qmi_nas_update_data_rte: completed, new drte 0 with confidence 4
11-26 14:51:58.669   201  1841 D RILC    : RequestComplete, RIL_SOCKET_1
11-26 14:51:58.669   201  1841 E RILC    : Send Response to RIL_SOCKET_1
11-26 14:51:58.669  1195  1394 D RILJ    : [3731]< VOICE_REGISTRATION_STATE {2, null, null, 0, null, null, null, 0, null, null, null, null, null, 0, null} [SUB0]
11-26 14:51:58.669   201  1839 D RILC    : RequestComplete, RIL_SOCKET_1
11-26 14:51:58.669   201  1839 E RILC    : Send Response to RIL_SOCKET_1
11-26 14:51:58.670  1195  1394 D RILJ    : [3729]< OPERATOR {null, null, null} [SUB0]
11-26 14:51:58.670  1195  1212 D SubscriptionController: [getActiveSubInfoList]- 1 infos return
11-26 14:51:58.670   201  1838 D RILC    : RequestComplete, RIL_SOCKET_1
11-26 14:51:58.670   201  1838 E RILC    : Send Response to RIL_SOCKET_1
11-26 14:51:58.670  1195  1394 D RILJ    : [3728]< REQUEST_SET_PREFERRED_NETWORK_TYPE  [SUB0]
11-26 14:51:58.671   784   804 D TelephonyManager: getTelephonyProperty: return propVal='null' phoneId=0 property='gsm.sim.operator.numeric' defaultVal='' prop=
11-26 14:51:58.674  1195  1195 D SIMRecords: [SIMRecords] EF_AD: 00000002
11-26 14:51:58.674  1195  1195 D SIMRecords: [SIMRecords] setting4 mMncLength=2
11-26 14:51:58.674  1195  1195 D SIMRecords: [SIMRecords] mccmncCode=460011
11-26 14:51:58.674  1195  1195 D SIMRecords: [SIMRecords] update mccmnc=46001
11-26 14:51:58.674   201  1840 D RILC    : RequestComplete, RIL_SOCKET_1
11-26 14:51:58.674   201  1840 E RILC    : Send Response to RIL_SOCKET_1
11-26 14:51:58.675  1195  1195 D TelephonyManager: getTelephonyProperty: return propVal='null' phoneId=0 property='gsm.sim.operator.numeric' defaultVal='' prop=
11-26 14:51:58.675  1195  1394 D RILJ    : [3730]< DATA_REGISTRATION_STATE {0, null, null, null, 0, 20, null, 446, 2929439, null, null} [SUB0]
11-26 14:51:58.699  1195  1195 D SIMRecords: [SIMRecords] onRecordLoaded 8 requested: true
11-26 14:51:58.699  1195  1195 D SIMRecords: [SIMRecords] getServiceProviderName: no brandOverride
11-26 14:51:58.699  1195  1195 D SIMRecords: [SIMRecords] getServiceProviderName: providerName=
11-26 14:51:58.699  1195  1195 D SIMRecords: [SIMRecords] Load EF_SPN:  spnDisplayCondition: 0
11-26 14:51:58.699  1195  1195 D SIMRecords: [SIMRecords] getServiceProviderName: no brandOverride
11-26 14:51:58.699  1195  1195 D SIMRecords: [SIMRecords] getServiceProviderName: providerName=
11-26 14:51:58.699  1195  1195 D TelephonyManager: setTelephonyProperty: success phoneId=0 property=gsm.sim.operator.alpha value:  propVal=
11-26 14:51:58.701  1195  1195 D SIMRecords: [SIMRecords] [key, value]=gsm.sim.operator.alpha, 
11-26 14:51:58.701  1195  1195 D SIMRecords: [SIMRecords] getServiceProviderName: no brandOverride
11-26 14:51:58.701  1195  1195 D SIMRecords: [SIMRecords] getServiceProviderName: providerName=
11-26 14:51:58.701  1195  1195 D RILJ    : [3733]> iccIO: SIM_IO 0xc0 0x6f14  path: 3F007FFF,0,0,0 aid: a0000000871002ff86ffff89ffffffff [SUB0]
11-26 14:51:58.702  1195  1787 D GsmDCT  : [0]fetchDunApn: net.tethering.noprovisioning=true ret: null
11-26 14:51:58.702  1195  1787 D GsmDCT  : [0]hasMatchedTetherApnSetting: APN=null
11-26 14:51:58.702  1195  1195 D SIMRecords: [SIMRecords] onRecordLoaded 8 requested: true
11-26 14:51:58.702  1195  1195 D SIMRecords: [SIMRecords] onRecordLoaded 7 requested: true
11-26 14:51:58.705  1195  1195 D SIMRecords: [SIMRecords] SST: UsimServiceTable[80]={ FDN, FDN_EXTENSION, SDN, SDN_EXTENSION, OUTGOING_CALL_INFO, INCOMING_CALL_INFO, SM_STORAGE, SM_STATUS_REPORTS, SM_SERVICE_PARAMS, ADVICE_OF_CHARGE, CAP_CONFIG_PARAMS_2, CB_MESSAGE_ID, CB_MESSAGE_ID_RANGES, GROUP_ID_LEVEL_1, GROUP_ID_LEVEL_2, SPN, USER_PLMN_SELECT, MSISDN, IMAGE, EMLPP, EMLPP_AUTO_ANSWER, GSM_ACCESS, DATA_DL_VIA_SMS_PP, DATA_DL_VIA_SMS_CB, CALL_CONTROL_BY_USIM, MO_SMS_CONTROL_BY_USIM, RUN_AT_COMMAND, IGNORED_1, ENABLED_SERVICES_TABLE, APN_CONTROL_LIST, DEPERSONALISATION_CONTROL_KEYS, COOPERATIVE_NETWORK_LIST, GSM_SECURITY_CONTEXT, CPBCCH_INFO, INVESTIGATION_SCAN, OPERATOR_PLMN_SELECT, HPLMN_SELECT, EXTENSION_5, PLMN_NETWORK_NAME, OPERATOR_PLMN_LIST, SERVICE_PROVIDER_DISPLAY_INFO, MMS_NOTIFICATION, MMS_NOTIFICATION_EXTENSION, MMS_CONNECTIVITY_PARAMS, NETWORK_INDICATION_OF_ALERTING, VGCS_GROUP_ID_LIST, VBS_GROUP_ID_LIST, EQUIVALENT_HPLMN, EQUIVALENT_HPLMN_PRESENTATION }
11-26 14:51:58.705  1195  1195 D SIMRecords: [SIMRecords] onRecordLoaded 6 requested: true
11-26 14:51:58.705  1195  1195 D SIMRecords: [SIMRecords] GID1: ff
11-26 14:51:58.705  1195  1195 D SIMRecords: [SIMRecords] onRecordLoaded 5 requested: true
11-26 14:51:58.705  1195  1195 D SIMRecords: [SIMRecords] EF_LI LOADED
11-26 14:51:58.705  1195  1195 D SIMRecords: [SIMRecords] EF_LI=7a68656e
11-26 14:51:58.705  1195  1195 D SIMRecords: [SIMRecords] onRecordLoaded 4 requested: true
11-26 14:51:58.707  1195  1195 D SIMRecords: [SIMRecords] EF_PL LOADED
11-26 14:51:58.707  1195  1195 D SIMRecords: [SIMRecords] EF_PL=ffffffff
11-26 14:51:58.707  1195  1195 D SIMRecords: [SIMRecords] onRecordLoaded 3 requested: true
11-26 14:51:58.707  1195  1195 D SubscriptionInfoUpdater: handleMessage : <EVENT_QUERY_ICCID_DONE> SIM1
11-26 14:51:58.707  1195  1195 D SubscriptionInfoUpdater: mIccId[0] = 89860115921101579076
11-26 14:51:58.707  1195  1195 D SubscriptionInfoUpdater: All IccIds query complete
11-26 14:51:58.723  1195  1195 D CAT     : CatService: handleMessage[1]
11-26 14:51:58.723  1195  1195 D CAT     : CatService: ril message arrived,slotid:0
11-26 14:51:58.729  1195  1787 D GsmDCT  : [0]fetchDunApn: net.tethering.noprovisioning=true ret: null
11-26 14:51:58.729  1195  1787 D GsmDCT  : [0]hasMatchedTetherApnSetting: APN=null
11-26 14:51:58.732  1195  1195 D SubscriptionInfoUpdater: [Receiver]+
11-26 14:51:58.732  1195  1195 D SubscriptionInfoUpdater: Action: android.intent.action.SIM_STATE_CHANGED
11-26 14:51:58.732  1195  1195 D SubscriptionInfoUpdater: slotId: 0
11-26 14:51:58.732  1195  1195 D SubscriptionInfoUpdater: simStatus: IMSI
11-26 14:51:58.732  1195  1195 D SubscriptionInfoUpdater: slotId: 0 simStatus: IMSI
11-26 14:51:58.732  1195  1195 D SubscriptionInfoUpdater: Ignoring simStatus: IMSI
11-26 14:51:58.732  1195  1195 D SubscriptionInfoUpdater: [Receiver]-
11-26 14:51:58.732  1195  1195 D PHONE   : [ServiceState] setVoiceRegState=1
11-26 14:51:58.732  1195  1195 E PHONE   : [ServiceState] setState deprecated use setVoiceRegState()
11-26 14:51:58.732  1195  1195 D GsmSST  : [GsmSST] EVENT_POLL_STATE_OPERATOR: use value from ril
11-26 14:51:58.732  1195  1195 D GsmSST  : [GsmSST] EVENT_POLL_STATE_OPERATOR: null
11-26 14:51:58.732  1195  1195 D SIMRecords: [SIMRecords] MSISDN: xxxxxxx
11-26 14:51:58.732  1195  1195 D SIMRecords: [SIMRecords] onRecordLoaded 2 requested: true
11-26 14:51:58.732  1195  1195 D PHONE   : [ServiceState] setDataRegState=1
11-26 14:51:58.732  1195  1195 D PHONE   : [ServiceState] setDataRadioTechnology=0
11-26 14:51:58.732  1195  1195 D GsmSST  : [GsmSST] handlPollStateResultMessage: GsmSST setDataRegState=1 regState=0 dataRadioTechnology=0
11-26 14:51:58.733  1195  1195 D GsmSST  : [GsmSST] Poll ServiceState done:  oldSS=[1 1 voice home data home null null null null null null  Unknown Unknown CSS not supported 0 0 RoamInd=0 DefRoamInd=0 EmergOnly=false] newSS=[1 1 voice home data home null null null null null null  Unknown Unknown CSS not supported 0 0 RoamInd=0 DefRoamInd=0 EmergOnly=false] oldMaxDataCalls=1 mNewMaxDataCalls=20 oldReasonDataDenied=-1 mNewReasonDataDenied=-1
11-26 14:51:58.733  1195  1195 D PHONE   : [ServiceState] setNullState=1
11-26 14:51:58.740   201   330 D RILC    : RequestComplete, RIL_SOCKET_1
11-26 14:51:58.740   201   330 E RILC    : Send Response to RIL_SOCKET_1
11-26 14:51:58.741  1195  1394 D RilRequest: [3733]< SIM_IO error: com.android.internal.telephony.CommandException: GENERIC_FAILURE ret=IccIoResponse sw1:0x6a sw2:0x82
11-26 14:51:58.741  1195  1195 D CAT     : StkAppService: CatService instance for subscription 0 is : Handler (com.android.internal.telephony.cat.CatService) {3c5b2d9a}
11-26 14:51:58.741  1195  1195 D CAT     : StkAppService: 1called on slot:0
11-26 14:51:58.742  1195  1195 D CAT     : CatService: handleMessage[9]
11-26 14:51:58.742  1195  1195 D CAT     : CatService: SESSION END on 0
11-26 14:51:58.743  1195  1195 D SIMRecords: [SIMRecords] Invalid or missing EF[MAILBOX]
11-26 14:51:58.743  1195  1195 D SIMRecords: [SIMRecords] onRecordLoaded 1 requested: true
11-26 14:51:58.743  1195  1195 D RILJ    : [3734]> iccIO: SIM_IO 0xc0 0x6f18  path: 3F007FFF,0,0,0 aid: a0000000871002ff86ffff89ffffffff [SUB0]
11-26 14:51:58.744  1195  1195 D SIMRecords: [SIMRecords] onRecordLoaded 1 requested: true
11-26 14:51:58.746  1195  1195 D CAT     : StkAppService: 4called on slot:0
11-26 14:51:58.748  1195  1848 D CAT     : StkAppService$ServiceHandler: SET_UP_MENU
11-26 14:51:58.748  1195  1848 D CAT     : StkAppService$ServiceHandler: Install App
11-26 14:51:58.780   201   330 D RILC    : RequestComplete, RIL_SOCKET_1
11-26 14:51:58.780   201   330 E RILC    : Send Response to RIL_SOCKET_1
11-26 14:51:58.780  1195  1394 D RilRequest: [3734]< SIM_IO error: com.android.internal.telephony.CommandException: GENERIC_FAILURE ret=IccIoResponse sw1:0x6a sw2:0x82
11-26 14:51:58.781  1195  1195 D SIMRecords: [SIMRecords] No SPN loaded in either CHPS or 3GPP
11-26 14:51:58.781  1195  1195 D SIMRecords: [SIMRecords] onRecordLoaded 0 requested: true
11-26 14:51:58.781  1195  1195 D SIMRecords: [SIMRecords] record load complete
11-26 14:51:58.783  1195  1195 D SIMRecords: [SIMRecords] languages from sim = zh
11-26 14:51:58.783  1195  1195 D SIMRecords: [SIMRecords] Setting locale to zh_cn
11-26 14:51:58.783  1195  1195 D SIMRecords: [SIMRecords] onAllRecordsLoaded set 'gsm.sim.operator.numeric' to operator='46001'
11-26 14:51:58.783  1195  1195 D SIMRecords: [SIMRecords] update icc_operator_numeric=46001
11-26 14:51:58.783  1195  1195 D TelephonyManager: setTelephonyProperty: success phoneId=0 property=gsm.sim.operator.numeric value: 46001 propVal=46001
11-26 14:51:58.784  1195  1195 D SIMRecords: [SIMRecords] [key, value]=gsm.sim.operator.numeric, 46001
11-26 14:51:58.784  1195  1195 D SubscriptionController: [setMccMnc]+ mcc/mnc:460/1 subId:1
11-26 14:51:59.113  1195  1195 D SubscriptionController: notifySubscriptionInfoChanged:
11-26 14:51:59.114  1195  1212 D SubscriptionController: [getActiveSubInfoList]+
11-26 14:51:59.114  1195  1212 D SubscriptionController: selection:sim_id>=0 null
11-26 14:51:59.114   784   784 D TelephonyManager: getTelephonyProperty: return propVal='46001' phoneId=0 property='gsm.sim.operator.numeric' defaultVal='' prop=46001
11-26 14:51:59.115  1195  1195 D SIMRecords: [SIMRecords] onAllRecordsLoaded set mcc imsi=460011952973996
11-26 14:51:59.115  1195  1195 D TelephonyManager: setTelephonyProperty: success phoneId=0 property=gsm.sim.operator.iso-country value: cn propVal=cn
11-26 14:51:59.115  1195  1195 D SIMRecords: [SIMRecords] [key, value]=gsm.sim.operator.iso-country, cn
11-26 14:51:59.115  1195  1195 D SIMRecords: [SIMRecords] isAppStateReady : appState = APPSTATE_READY
11-26 14:51:59.116  1195  1195 D DctController: onSubInfoReady mPhoneNum=1
11-26 14:51:59.116  1195  1195 D DctController: onSubInfoReady handle pending requests subId=1
11-26 14:51:59.116  1195  1195 D DctController: [TNF 1]evalPendingRequest, pending request size is 0
11-26 14:51:59.116  1195  1195 D DctController: processRequests
11-26 14:51:59.116  1195  1553 D DctController: handleMessage msg={ when=0 what=100 target=com.android.internal.telephony.dataconnection.DctController }
11-26 14:51:59.116  1195  1553 D DctController: selectExecPhone requestInfo = [ request=NetworkRequest [ id=1, legacyType=-1, [ Capabilities: INTERNET&NOT_RESTRICTED&TRUSTED&NOT_VPN] ], executed=false, priority=0]
11-26 14:51:59.116  1195  1553 D DctController: getTopPriorityRequestPhoneId = 0, priority = 0
11-26 14:51:59.116  1195  1195 E PhoneBase: Error! unregisterForCallWaiting() in PhoneBase should not be called, CDMAPhone inactive.
11-26 14:51:59.116  1195  1553 D DcSwitchAsyncChannel: [DcSwitchAsyncChannel-0]: rspIsIdle=false
11-26 14:51:59.116  1195  1553 D DctController: onProcessRequest phoneId=0, activePhoneId=0
11-26 14:51:59.116  1195  1554 D DcSwitchSM: [DcSwitchStateMachine-0] AttachingState: REQ_CONNECT
11-26 14:51:59.116  1195  1553 D DcSwitchAsyncChannel: [DcSwitchAsyncChannel-0]: rspConnect=1
11-26 14:51:59.117  1195  1212 D TelephonyManager: getTelephonyProperty: return propVal='cn' phoneId=0 property='gsm.sim.operator.iso-country' defaultVal='' prop=cn
11-26 14:51:59.117  1195  1212 D SubscriptionController: [getSubInfoRecord] id:1 iccid:DUMMY_NV_ID simSlotIndex:0 displayName:CARD 1 nameSource:0 iconTint:-16746133 dataRoaming:0 mcc:460 mnc:1 countIso:cn status:1 nwMode:10
11-26 14:51:59.118   784   784 D TelephonyManager: getTelephonyProperty: return propVal='null' phoneId=0 property='gsm.operator.numeric' defaultVal='' prop=
11-26 14:51:59.119  1195  1212 D SubscriptionController: [getActiveSubInfoList]- 1 infos return
11-26 14:51:59.120  1195  1213 D SubscriptionController: [getActiveSubInfoList]+
11-26 14:51:59.120  1195  1195 D TelephonyManager: getTelephonyProperty: return propVal='null' phoneId=0 property='gsm.operator.alpha' defaultVal='' prop=
11-26 14:51:59.122  1195  1213 D SubscriptionController: selection:sim_id>=0 null
11-26 14:51:59.124  1195  1213 D TelephonyManager: getTelephonyProperty: return propVal='cn' phoneId=0 property='gsm.sim.operator.iso-country' defaultVal='' prop=cn
11-26 14:51:59.124  1195  1213 D SubscriptionController: [getSubInfoRecord] id:1 iccid:DUMMY_NV_ID simSlotIndex:0 displayName:CARD 1 nameSource:0 iconTint:-16746133 dataRoaming:0 mcc:460 mnc:1 countIso:cn status:1 nwMode:10
11-26 14:51:59.125  1195  1213 D SubscriptionController: [getActiveSubInfoList]- 1 infos return
11-26 14:51:59.127  1195  1212 D SubscriptionController: getSimStateForSubscriber:  simState=READY ordinal=5
11-26 14:51:59.142  1195  1787 D SubscriptionController: [getActiveSubInfoList]+
11-26 14:51:59.142  1195  1787 D SubscriptionController: selection:sim_id>=0 null
11-26 14:51:59.144  1195  1787 D TelephonyManager: getTelephonyProperty: return propVal='cn' phoneId=0 property='gsm.sim.operator.iso-country' defaultVal='' prop=cn
11-26 14:51:59.144  1195  1787 D SubscriptionController: [getSubInfoRecord] id:1 iccid:DUMMY_NV_ID simSlotIndex:0 displayName:CARD 1 nameSource:0 iconTint:-16746133 dataRoaming:0 mcc:460 mnc:1 countIso:cn status:1 nwMode:10
11-26 14:51:59.146  1195  1787 D SubscriptionController: [getActiveSubInfoList]- 1 infos return
11-26 14:51:59.263  1195  1195 E PhoneBase: Error! registerForCallWaiting() in PhoneBase should not be called, CDMAPhone inactive.
11-26 14:51:59.265  1195  1195 D GsmSST  : [GsmSST] SubscriptionListener.onSubscriptionInfoChanged
11-26 14:51:59.265  1195  1195 D GsmDCT  : [0]SubscriptionListener.onSubscriptionInfoChanged
11-26 14:51:59.266  1195  1195 D ModemStackController: Received ACTION_SUBINFO_CONTENT_CHANGE on subId: -1for null intValue: 0
11-26 14:51:59.266  1195  1195 D DctController: got ACTION_SUBINFO_RECORD_UPDATED
11-26 14:51:59.266  1195  1195 D DctController: [TNF 1]update networkCapabilites for subId = 1
11-26 14:51:59.266  1195  1195 D SubscriptionController: [getActiveSubInfoList]+
11-26 14:51:59.266  1195  1195 D SubscriptionController: selection:sim_id>=0 null
11-26 14:51:59.269  1195  1195 D TelephonyManager: getTelephonyProperty: return propVal='cn' phoneId=0 property='gsm.sim.operator.iso-country' defaultVal='' prop=cn
11-26 14:51:59.269  1195  1195 D SubscriptionController: [getSubInfoRecord] id:1 iccid:DUMMY_NV_ID simSlotIndex:0 displayName:CARD 1 nameSource:0 iconTint:-16746133 dataRoaming:0 mcc:460 mnc:1 countIso:cn status:1 nwMode:10
11-26 14:51:59.273  1195  1195 D SubscriptionController: [getActiveSubInfoList]- 1 infos return
11-26 14:51:59.273  1195  1195 D SubscriptionController: [getActiveSubInfoForSubscriber]+ subId=1 subInfo={id=1, iccId=DUMMY_NV_ID simSlotIndex=0 displayName=CARD 1 carrierName=No service. nameSource=0 iconTint=-16746133 dataRoaming=0 iconBitmap=android.graphics.Bitmap@2589d5f2 mcc 460 mnc 1 mSubStatus=1 mNwMode=10}
11-26 14:51:59.273  1195  1195 D DctController: [TNF 1]INTERNET capability is with subId = 1
11-26 14:51:59.273  1195  1195 D SubscriptionController: registerForOnDemandDdsLockNotification for client=1
11-26 14:51:59.273  1195  1195 D DctController: [TNF 1]Ready to handle network requests
11-26 14:51:59.273  1195  1195 E IccCardProxy: setExternalState: set mPhoneId=0 mExternalState=READY
11-26 14:51:59.273  1195  1195 D TelephonyManager: setTelephonyProperty: success phoneId=0 property=gsm.sim.state value: READY propVal=READY
11-26 14:51:59.274  1195  1195 D IccCardProxy: broadcastIccStateChangedIntent intent ACTION_SIM_STATE_CHANGED value=READY reason=null for mPhoneId=0
11-26 14:51:59.276  1195  1195 D GsmDCT  : [0]EVENT_3GPP_RECORDS_LOADED
11-26 14:51:59.276  1195  1195 D GsmDCT  : [0]create3gppApnList: selection=numeric = '46001' and carrier_enabled = 1
11-26 14:51:59.279   784   804 D TelephonyManager: getTelephonyProperty: return propVal='46001' phoneId=0 property='gsm.sim.operator.numeric' defaultVal='' prop=46001
11-26 14:51:59.281   784   804 D TelephonyManager: getTelephonyProperty: return propVal='null' phoneId=0 property='gsm.operator.numeric' defaultVal='' prop=
11-26 14:51:59.283  1195  1195 D GsmDCT  : [0]createApnList: X result=[[ApnSettingV3]  3g  (China Unicom), 3162, 46001, 3gnet, , null, , , , -1, default | supl, IP, IP, true, 0, 0, false, 0, 0, 0, 0, , , [ApnSettingV3]  GPRS (China Unicom), 3163, 46001, uninet, , null, , , , -1, default | supl, IP, IP, true, 0, 0, false, 0, 0, 0, 0, , , [ApnSettingV3]  Wap  (China Unicom), 3164, 46001, 3gwap, 10.0.0.172, null, , , 80, -1, *, IP, IP, true, 0, 0, false, 0, 0, 0, 0, , , [ApnSettingV3]  Wap  (China Unicom), 3165, 46001, uniwap, 10.0.0.172, null, , , 80, -1, *, IP, IP, true, 0, 0, false, 0, 0, 0, 0, , , [ApnSettingV3]  3g  (China Unicom), 3166, 46001, 3gwap, , http://mmsc.myuni.com.cn, 10.0.0.172, 80, , -1, mms, IP, IP, true, 0, 0, false, 0, 0, 0, 0, , , [ApnSettingV3]  (China Unicom), 3167, 46001, uniwap, , http://mmsc.myuni.com.cn, 10.0.0.172, 80, , -1, mms, IP, IP, true, 0, 0, false, 0, 0, 0, 0, , , [ApnSettingV3] 3g, 3168, 46001, 3gnet, , , , , , 3, default | supl, IP, IP, true, 0, 0, false, 0, 0, 0, 0, , , [ApnSettingV3] 3gwap, 3169, 46001, 3gwap, 10.0.0.172, , , , 80, 3, default | supl, IP, IP, true, 0, 0, false, 0, 0, 0, 0, , , [ApnSettingV3] 3g, 3170, 46001, 3gwap, , http://mmsc.myuni.com.cn, 10.0.0.172, 80, , 3, mms, IP, IP, true, 0, 0, false, 0, 0, 0, 0, , , [ApnSettingV3] China Unicom 3G, 3171, 46001, 3gnet, , null, , , 80, -1, default | supl, IP, IP, true, 0, 0, false, 0, 0, 0, 0, , , [ApnSettingV3] China Unicom MMS, 3172, 46001, uniwap, , http://mmsc.myuni.com.cn, 10.0.0.172, 80, , -1, mms, IP, IP, true, 0, 0, false, 0, 0, 0, 0, , ]
11-26 14:51:59.284  1195  1195 D GsmDCT  : [0]setInitialApn: E mPreferredApn=null
11-26 14:51:59.285  1195  1195 D GsmDCT  : [0]setInitialApn: firstApnSetting=[ApnSettingV3]  3g  (China Unicom), 3162, 46001, 3gnet, , null, , , , -1, default | supl, IP, IP, true, 0, 0, false, 0, 0, 0, 0, , 
11-26 14:51:59.285  1195  1195 D GsmDCT  : [0]setInitialApn: defaultApnSetting=[ApnSettingV3]  3g  (China Unicom), 3162, 46001, 3gnet, , null, , , , -1, default | supl, IP, IP, true, 0, 0, false, 0, 0, 0, 0, , 
11-26 14:51:59.285  1195  1195 D GsmDCT  : [0]setInitialAttachApn: using defaultApnSetting
11-26 14:51:59.285  1195  1195 D GsmDCT  : [0]setInitialAttachApn: X selected Apn=[ApnSettingV3]  3g  (China Unicom), 3162, 46001, 3gnet, , null, , , , -1, default | supl, IP, IP, true, 0, 0, false, 0, 0, 0, 0, , 
11-26 14:51:59.285  1195  1195 D RILJ    : Set RIL_REQUEST_SET_INITIAL_ATTACH_APN [SUB0]
11-26 14:51:59.286  1195  1195 D RILJ    : [3735]> RIL_REQUEST_SET_INITIAL_ATTACH_APN, apn:3gnet, protocol:IP, authType:-1, username:null, password:null [SUB0]
11-26 14:51:59.287  1195  1195 D GSMPhone: [GSMPhone] updateCurrentCarrierInProvider: mSubId = 1 currentDds = 1 operatorNumeric = 46001
11-26 14:51:59.292  1195  1212 D SubscriptionController: [getActiveSubInfoList]+
11-26 14:51:59.292  1195  1212 D SubscriptionController: selection:sim_id>=0 null
11-26 14:51:59.298   201   323 D RILC    : RequestComplete, RIL_SOCKET_1
11-26 14:51:59.298   201   323 E RILC    : Send Response to RIL_SOCKET_1
11-26 14:51:59.298  1195  1394 D RILJ    : [3735]< RIL_REQUEST_SET_INITIAL_ATTACH_APN  [SUB0]
11-26 14:51:59.589   201   634 I RILQ    : (0/201):RIL[0][qmi_cb] qcril_qmi_nas_update_data_rte: completed, new drte 0 with confidence 4
11-26 14:51:59.590   201   634 I RILC    : RIL_SOCKET_1 UNSOLICITED: UNSOL_RESPONSE_VOICE_NETWORK_STATE_CHANGED length:8
11-26 14:51:59.590   201   634 E RILC    : Send Response to RIL_SOCKET_1
11-26 14:51:59.590  1195  1394 D RILJ    : [UNSL]< UNSOL_RESPONSE_VOICE_NETWORK_STATE_CHANGED [SUB0]
11-26 14:51:59.592   201   330 I RILQ    : (0/201):RIL[0][event] qcril_arb_set_data_sys_status: recvd data_sys_status nw=0x0, rat_mask=0x8000, so_mask=0x0
11-26 14:51:59.592   201   330 I RILQ    : (0/201):RIL[0][event] qcril_arb_set_data_sys_status: recvd data_sys_status nw=0x1, rat_mask=0x0, so_mask=0x0
11-26 14:51:59.592   201   330 I RILQ    : (0/201):RIL[0][event] qcril_qmi_nas_update_data_rte: completed, new drte 0 with confidence 4
11-26 14:51:59.593   201   330 I RILC    : RIL_SOCKET_1 UNSOLICITED: UNSOL_RESPONSE_VOICE_NETWORK_STATE_CHANGED length:8
11-26 14:51:59.593   201   330 E RILC    : Send Response to RIL_SOCKET_1
11-26 14:51:59.593  1195  1394 D RILJ    : [UNSL]< UNSOL_RESPONSE_VOICE_NETWORK_STATE_CHANGED [SUB0]
11-26 14:51:59.593   201   330 I RILC    : RIL_SOCKET_1 UNSOLICITED: UNSOL_SIGNAL_STRENGTH length:60
11-26 14:51:59.593   201   330 E RILC    : Send Response to RIL_SOCKET_1
11-26 14:51:59.891  1195  1195 D GSMPhone: Voicemail count retrieval for Imsi = null current Imsi = 460011952973996
11-26 14:51:59.892  1195  1195 D GSMPhone: updateVoiceMail countVoiceMessages = 0 subId 1
11-26 14:51:59.893  1195  1212 D TelephonyManager: getTelephonyProperty: return propVal='cn' phoneId=0 property='gsm.sim.operator.iso-country' defaultVal='' prop=cn
11-26 14:51:59.893  1195  1212 D SubscriptionController: [getSubInfoRecord] id:1 iccid:DUMMY_NV_ID simSlotIndex:0 displayName:CARD 1 nameSource:0 iconTint:-16746133 dataRoaming:0 mcc:460 mnc:1 countIso:cn status:1 nwMode:10
11-26 14:51:59.893  1195  1195 D GSMPhone: updateCallForwardStatus got sim records
11-26 14:51:59.894  1195  1195 D GsmSST  : [GsmSST] EVENT_SIM_RECORDS_LOADED: what=16
11-26 14:51:59.894  1195  1195 D PhoneBase: updatePhoneObject: phoneid = 0 rat = 0
11-26 14:51:59.894  1195  1195 D PhoneProxy: [PhoneProxy] updatePhoneObject: radioTechnology=0
11-26 14:51:59.894  1195  1195 D SIMRecords: [SIMRecords] getServiceProviderName: no brandOverride
11-26 14:51:59.894  1195  1195 D SIMRecords: [SIMRecords] getServiceProviderName: providerName=
11-26 14:51:59.894  1195  1195 D GsmSST  : [GsmSST] updateSpnDisplay: radio is on but out of service, set plmn='No service.'
11-26 14:51:59.895  1195  1195 D SIMRecords: [SIMRecords] getServiceProviderName: no brandOverride
11-26 14:51:59.895  1195  1195 D SIMRecords: [SIMRecords] getServiceProviderName: providerName=
11-26 14:51:59.895  1195  1195 D GsmSST  : [GsmSST] updateSpnDisplay: changed sending intent rule=2 showPlmn='true' plmn='No service.' showSpn='false' spn=''
11-26 14:51:59.895  1195  1195 D IccCardProxy: operator=46001 slotId=0
11-26 14:51:59.895  1195  1195 D IccCardProxy: update icc_operator_numeric=46001
11-26 14:51:59.895  1195  1195 D TelephonyManager: setTelephonyProperty: success phoneId=0 property=gsm.sim.operator.numeric value: 46001 propVal=46001
11-26 14:51:59.896  1195  1212 D SubscriptionController: [getActiveSubInfoList]- 1 infos return
11-26 14:51:59.897  1195  1195 D TelephonyManager: setTelephonyProperty: success phoneId=0 property=gsm.apn.sim.operator.numeric value: 46001 propVal=46001
11-26 14:51:59.897  1195  1195 D IccCardProxy: update sim_operator_numeric=46001
11-26 14:51:59.897  1195  1195 D TelephonyManager: setTelephonyProperty: success phoneId=0 property=gsm.sim.operator.iso-country value: cn propVal=cn
11-26 14:51:59.902  1195  1195 D IccCardProxy: broadcastIccStateChangedIntent intent ACTION_SIM_STATE_CHANGED value=LOADED reason=null for mPhoneId=0
11-26 14:51:59.905   784   804 D TelephonyManager: getTelephonyProperty: return propVal='46001' phoneId=0 property='gsm.sim.operator.numeric' defaultVal='' prop=46001
11-26 14:51:59.907   784   804 D TelephonyManager: getTelephonyProperty: return propVal='null' phoneId=0 property='gsm.operator.numeric' defaultVal='' prop=
11-26 14:51:59.916  1195  1558 D SubscriptionController: [getActiveSubInfoList]+
11-26 14:51:59.916  1195  1558 D SubscriptionController: selection:sim_id>=0 null
11-26 14:51:59.919  1195  1558 D TelephonyManager: getTelephonyProperty: return propVal='cn' phoneId=0 property='gsm.sim.operator.iso-country' defaultVal='' prop=cn
11-26 14:51:59.919  1195  1558 D SubscriptionController: [getSubInfoRecord] id:1 iccid:DUMMY_NV_ID simSlotIndex:0 displayName:CARD 1 nameSource:0 iconTint:-16746133 dataRoaming:0 mcc:460 mnc:1 countIso:cn status:1 nwMode:10
11-26 14:51:59.920  1195  1558 D SubscriptionController: [getActiveSubInfoList]- 1 infos return
11-26 14:51:59.934   201   634 I RILQ    : (0/201):RIL[0][qmi_cb] qcril_qmi_nas_update_data_rte: completed, new drte 0 with confidence 4
11-26 14:51:59.935   201   634 I RILQ    : (0/201):RIL[0][qmi_cb] qcril_qmi_nas_update_data_rte: completed, new drte 0 with confidence 4
11-26 14:51:59.935   201   330 I RILQ    : (0/201):RIL[0][event] qcril_qmi_nas_evaluate_custom_emergency_numbers_for_card: cur_status 1024, card_state 3
11-26 14:51:59.936   201   330 I RILQ    : (0/201):RIL[0][event] qcril_qmi_nas_evaluate_custom_emergency_numbers_for_card: card_mcc 460, card_mnc 01
11-26 14:51:59.937   201   634 I RILQ    : (0/201):RIL[0][qmi_cb] qcril_qmi_nas_update_data_rte: completed, new drte 0 with confidence 4
11-26 14:51:59.938   201   330 I RILQ    : (0/201):RIL[0][event] qcril_qmi_nas_evaluate_custom_emergency_numbers_for_card: cur_status 1024, card_state 3
11-26 14:51:59.938   201   330 I RILQ    : (0/201):RIL[0][event] qcril_qmi_nas_evaluate_custom_emergency_numbers_for_card: card_mcc 460, card_mnc 01
11-26 14:51:59.940   201   330 I RILC    : RIL_SOCKET_1 UNSOLICITED: UNSOL_SIGNAL_STRENGTH length:60
11-26 14:51:59.940   201   330 E RILC    : Send Response to RIL_SOCKET_1
11-26 14:51:59.940   201   330 I RILC    : RIL_SOCKET_1 UNSOLICITED: UNSOL_RESPONSE_VOICE_NETWORK_STATE_CHANGED length:8
11-26 14:51:59.940   201   330 E RILC    : Send Response to RIL_SOCKET_1
11-26 14:51:59.940  1195  1394 D RILJ    : [UNSL]< UNSOL_RESPONSE_VOICE_NETWORK_STATE_CHANGED [SUB0]
11-26 14:51:59.952   201   330 I RILQ    : (0/201):RIL[0][event] qcril_arb_set_data_sys_status: recvd data_sys_status nw=0x0, rat_mask=0x20, so_mask=0x0
11-26 14:51:59.953   201   330 I RILQ    : (0/201):RIL[0][event] qcril_arb_set_data_sys_status: recvd data_sys_status nw=0x1, rat_mask=0x0, so_mask=0x0
11-26 14:51:59.953   201   330 I RILQ    : (0/201):RIL[0][event] qcril_qmi_nas_update_data_rte: completed, new drte 5 with confidence 1
11-26 14:51:59.953   201   330 I RILC    : RIL_SOCKET_1 UNSOLICITED: UNSOL_SIGNAL_STRENGTH length:60
11-26 14:51:59.953   201   330 E RILC    : Send Response to RIL_SOCKET_1
11-26 14:51:59.954   201   330 I RILC    : RIL_SOCKET_1 UNSOLICITED: UNSOL_RESPONSE_VOICE_NETWORK_STATE_CHANGED length:8
11-26 14:51:59.954   201   330 E RILC    : Send Response to RIL_SOCKET_1
11-26 14:51:59.954  1195  1394 D RILJ    : [UNSL]< UNSOL_RESPONSE_VOICE_NETWORK_STATE_CHANGED [SUB0]
11-26 14:52:00.001   201   634 I RILC    : RIL_SOCKET_1 UNSOLICITED: UNSOL_RESPONSE_VOICE_NETWORK_STATE_CHANGED length:8
11-26 14:52:00.001   201   634 E RILC    : Send Response to RIL_SOCKET_1
11-26 14:52:00.001  1195  1394 D RILJ    : [UNSL]< UNSOL_RESPONSE_VOICE_NETWORK_STATE_CHANGED [SUB0]
11-26 14:52:00.013   201   330 I RILC    : RIL_SOCKET_1 UNSOLICITED: UNSOL_STK_PROACTIVE_COMMAND length:216
11-26 14:52:00.013   201   330 E RILC    : Send Response to RIL_SOCKET_1
11-26 14:52:00.013  1195  1394 D RILJ    : [UNSL]< UNSOL_STK_PROACTIVE_COMMAND [SUB0]
11-26 14:52:00.020  1195  1195 D SubscriptionInfoUpdater: [Receiver]+
11-26 14:52:00.020  1195  1195 D SubscriptionInfoUpdater: Action: android.intent.action.SIM_STATE_CHANGED
11-26 14:52:00.020  1195  1195 D SubscriptionInfoUpdater: slotId: 0
11-26 14:52:00.020  1195  1195 D SubscriptionInfoUpdater: simStatus: READY
11-26 14:52:00.020  1195  1195 D SubscriptionInfoUpdater: slotId: 0 simStatus: READY
11-26 14:52:00.021  1195  1195 D PhoneBase: getIccFileHandler: fh=Handler (com.android.internal.telephony.uicc.UsimFileHandler) {1b7d3891}
11-26 14:52:00.021  1195  1195 D SubscriptionInfoUpdater: [Receiver]-
11-26 14:52:00.021  1195  1195 D RILJ    : [3736]> OPERATOR [SUB0]
11-26 14:52:00.021  1195  1195 D RILJ    : [3737]> DATA_REGISTRATION_STATE [SUB0]
11-26 14:52:00.022  1195  1195 D RILJ    : [3738]> VOICE_REGISTRATION_STATE [SUB0]
11-26 14:52:00.022  1195  1195 D RILJ    : [3739]> QUERY_NETWORK_SELECTION_MODE [SUB0]
11-26 14:52:00.023  1195  1195 D RILJ    : [3740]> OPERATOR [SUB0]
11-26 14:52:00.023  1195  1195 D RILJ    : [3741]> DATA_REGISTRATION_STATE [SUB0]
11-26 14:52:00.023  1195  1195 D RILJ    : [3742]> VOICE_REGISTRATION_STATE [SUB0]
11-26 14:52:00.024  1195  1195 D RILJ    : [3743]> QUERY_NETWORK_SELECTION_MODE [SUB0]
11-26 14:52:00.024  1195  1195 D DefaultPhoneNotifier: notifySignalStrength: mRegistry=com.android.internal.telephony.ITelephonyRegistry$Stub$Proxy@dda10a3 ss=SignalStrength: 99 0 -120 -160 -120 -1 -1 99 2147483647 2147483647 2147483647 2147483647 2147483647 gsm|lte sender=Handler (com.android.internal.telephony.gsm.GSMPhone) {14b5ac73}
11-26 14:52:00.025   201  1930 D RILC    : RequestComplete, RIL_SOCKET_1
11-26 14:52:00.025   201  1930 E RILC    : Send Response to RIL_SOCKET_1
11-26 14:52:00.026   201  1933 D RILC    : RequestComplete, RIL_SOCKET_1
11-26 14:52:00.027  1195  1394 D RILJ    : [3736]< OPERATOR {, , 46001} [SUB0]
11-26 14:52:00.028  1195  1195 D PhoneBase: Get callforwarding info from perferences
11-26 14:52:00.028  1195  1195 D GSMPhone: Callforwarding is false
11-26 14:52:00.028  1195  1195 D PhoneProxy: [PhoneProxy] phoneObjectUpdater: newVoiceRadioTech=0
11-26 14:52:00.028  1195  1195 D PhoneProxy: [PhoneProxy] phoneObjectUpdater: volteReplacementRat=0
11-26 14:52:00.028  1195  1195 E PhoneProxy: [PhoneProxy] phoneObjectUpdater: newVoiceRadioTech=0 doesn't match either CDMA or GSM - error! No phone change
11-26 14:52:00.028  1195  1195 D SubscriptionController: onReceive Intent { act=android.provider.Telephony.SPN_STRINGS_UPDATED flg=0x10 (has extras) }
11-26 14:52:00.028  1195  1195 D SubscriptionController: [setCarrierText]+ text:No service. subId:1
11-26 14:52:00.034   201  1933 E RILC    : Send Response to RIL_SOCKET_1
11-26 14:52:00.035  1195  1394 D RILJ    : [3739]< QUERY_NETWORK_SELECTION_MODE {0} [SUB0]
11-26 14:52:00.035   201  1933 D RILC    : RequestComplete, RIL_SOCKET_1
11-26 14:52:00.035   201  1933 E RILC    : Send Response to RIL_SOCKET_1
11-26 14:52:00.035  1195  1394 D RILJ    : [3743]< QUERY_NETWORK_SELECTION_MODE {0} [SUB0]
11-26 14:52:00.035   201  1934 D RILC    : RequestComplete, RIL_SOCKET_1
11-26 14:52:00.035   201  1934 E RILC    : Send Response to RIL_SOCKET_1
11-26 14:52:00.036  1195  1394 D RILJ    : [3740]< OPERATOR {, , 46001} [SUB0]
11-26 14:52:00.036   201  1931 D RILC    : RequestComplete, RIL_SOCKET_1
11-26 14:52:00.036   201  1931 E RILC    : Send Response to RIL_SOCKET_1
11-26 14:52:00.036  1195  1394 D RILJ    : [3737]< DATA_REGISTRATION_STATE {1, null, 002cb31f, 14, null, 20, 4125, 446, 2929439, null, null} [SUB0]
11-26 14:52:00.036   201  1931 D RILC    : RequestComplete, RIL_SOCKET_1
11-26 14:52:00.036   201  1931 E RILC    : Send Response to RIL_SOCKET_1
11-26 14:52:00.036  1195  1394 D RILJ    : [3741]< DATA_REGISTRATION_STATE {1, null, 002cb31f, 14, null, 20, 4125, 446, 2929439, null, null} [SUB0]
11-26 14:52:00.037   201  1932 D RILC    : RequestComplete, RIL_SOCKET_1
11-26 14:52:00.037   201  1932 E RILC    : Send Response to RIL_SOCKET_1
11-26 14:52:00.037  1195  1394 D RILJ    : [3738]< VOICE_REGISTRATION_STATE {1, 101d, 002cb31f, 14, null, null, null, 0, null, null, 1, null, null, 0, null} [SUB0]
11-26 14:52:00.037   201  1932 D RILC    : RequestComplete, RIL_SOCKET_1
11-26 14:52:00.037   201  1932 E RILC    : Send Response to RIL_SOCKET_1
11-26 14:52:00.037  1195  1394 D RILJ    : [3742]< VOICE_REGISTRATION_STATE {1, 101d, 002cb31f, 14, null, null, null, 0, null, null, 1, null, null, 0, null} [SUB0]
11-26 14:52:00.038   201  1932 I RILC    : RIL_SOCKET_1 UNSOLICITED: UNSOL_RESPONSE_VOICE_NETWORK_STATE_CHANGED length:8
11-26 14:52:00.038   201  1932 E RILC    : Send Response to RIL_SOCKET_1
11-26 14:52:00.038  1195  1394 D RILJ    : [UNSL]< UNSOL_RESPONSE_VOICE_NETWORK_STATE_CHANGED [SUB0]
11-26 14:52:00.352  1195  1195 D SubscriptionController: notifySubscriptionInfoChanged:
11-26 14:52:00.354   784   784 D TelephonyManager: getTelephonyProperty: return propVal='46001' phoneId=0 property='gsm.sim.operator.numeric' defaultVal='' prop=46001
11-26 14:52:00.354  1195  1787 D SubscriptionController: [getActiveSubInfoList]+
11-26 14:52:00.354  1195  1787 D SubscriptionController: selection:sim_id>=0 null
11-26 14:52:00.357   784   784 D TelephonyManager: getTelephonyProperty: return propVal='null' phoneId=0 property='gsm.operator.numeric' defaultVal='' prop=
11-26 14:52:00.359  1195  1787 D TelephonyManager: getTelephonyProperty: return propVal='cn' phoneId=0 property='gsm.sim.operator.iso-country' defaultVal='' prop=cn
11-26 14:52:00.359  1195  1787 D SubscriptionController: [getSubInfoRecord] id:1 iccid:DUMMY_NV_ID simSlotIndex:0 displayName:CARD 1 nameSource:0 iconTint:-16746133 dataRoaming:0 mcc:460 mnc:1 countIso:cn status:1 nwMode:10
11-26 14:52:00.359  1195  1195 D SubscriptionInfoUpdater: [Receiver]+
11-26 14:52:00.359  1195  1195 D SubscriptionInfoUpdater: Action: android.intent.action.SIM_STATE_CHANGED
11-26 14:52:00.359  1195  1195 D SubscriptionInfoUpdater: slotId: 0
11-26 14:52:00.359  1195  1195 D SubscriptionInfoUpdater: simStatus: LOADED
11-26 14:52:00.359  1195  1195 D SubscriptionInfoUpdater: slotId: 0 simStatus: LOADED
11-26 14:52:00.359  1195  1195 D SubscriptionInfoUpdater: [Receiver]-
11-26 14:52:00.359  1195  1195 D DefaultPhoneNotifier: notifySignalStrength: mRegistry=com.android.internal.telephony.ITelephonyRegistry$Stub$Proxy@dda10a3 ss=SignalStrength: 99 0 -120 -160 -120 -1 -1 24 -90 -5 300 2147483647 2147483647 gsm|lte sender=Handler (com.android.internal.telephony.gsm.GSMPhone) {14b5ac73}
11-26 14:52:00.360  1195  1195 D RILJ    : [3744]> OPERATOR [SUB0]
11-26 14:52:00.360  1195  1195 D RILJ    : [3745]> DATA_REGISTRATION_STATE [SUB0]
11-26 14:52:00.360  1195  1195 D RILJ    : [3746]> VOICE_REGISTRATION_STATE [SUB0]
11-26 14:52:00.361  1195  1195 D RILJ    : [3747]> QUERY_NETWORK_SELECTION_MODE [SUB0]
11-26 14:52:00.361  1195  1195 D DefaultPhoneNotifier: notifySignalStrength: mRegistry=com.android.internal.telephony.ITelephonyRegistry$Stub$Proxy@dda10a3 ss=SignalStrength: 99 0 -120 -160 -120 -1 -1 24 -90 -5 300 2147483647 2147483647 gsm|lte sender=Handler (com.android.internal.telephony.gsm.GSMPhone) {14b5ac73}
11-26 14:52:00.362   201  1941 D RILC    : RequestComplete, RIL_SOCKET_1
11-26 14:52:00.362  1195  1195 D RILJ    : [3748]> OPERATOR [SUB0]
11-26 14:52:00.362   201  1941 E RILC    : Send Response to RIL_SOCKET_1
11-26 14:52:00.362  1195  1394 D RILJ    : [3746]< VOICE_REGISTRATION_STATE {1, 101d, 002cb31f, 14, null, null, null, 0, null, null, 1, null, null, 0, null} [SUB0]
11-26 14:52:00.362  1195  1195 D RILJ    : [3749]> DATA_REGISTRATION_STATE [SUB0]
11-26 14:52:00.363  1195  1195 D RILJ    : [3750]> VOICE_REGISTRATION_STATE [SUB0]
11-26 14:52:00.363   201  1942 D RILC    : RequestComplete, RIL_SOCKET_1
11-26 14:52:00.363  1195  1195 D RILJ    : [3751]> QUERY_NETWORK_SELECTION_MODE [SUB0]
11-26 14:52:00.363  1195  1195 D RILJ    : [3752]> OPERATOR [SUB0]
11-26 14:52:00.364  1195  1787 D SubscriptionController: [getActiveSubInfoList]- 1 infos return
11-26 14:52:00.364  1195  1195 D RILJ    : [3753]> DATA_REGISTRATION_STATE [SUB0]
11-26 14:52:00.364  1195  1195 D RILJ    : [3754]> VOICE_REGISTRATION_STATE [SUB0]
11-26 14:52:00.365  1195  1195 D RILJ    : [3755]> QUERY_NETWORK_SELECTION_MODE [SUB0]
11-26 14:52:00.365  1195  1195 D CAT     : CatService: handleMessage[2]
11-26 14:52:00.365  1195  1195 D CAT     : CatService: ril message arrived,slotid:0
11-26 14:52:00.365  1195  1625 D CAT     : CommandParamsFactory: process DisplayText
11-26 14:52:00.366   201  1942 E RILC    : Send Response to RIL_SOCKET_1
11-26 14:52:00.366  1195  1394 D RILJ    : [3747]< QUERY_NETWORK_SELECTION_MODE {0} [SUB0]
11-26 14:52:00.366  1195  1212 D SubscriptionController: [getActiveSubInfoList]+
11-26 14:52:00.366  1195  1212 D SubscriptionController: selection:sim_id>=0 null
11-26 14:52:00.367   201  1939 D RILC    : RequestComplete, RIL_SOCKET_1
11-26 14:52:00.367   201  1939 E RILC    : Send Response to RIL_SOCKET_1
11-26 14:52:00.368  1195  1394 D RILJ    : [3744]< OPERATOR {, , 46001} [SUB0]
11-26 14:52:00.368   201  1939 D RILC    : RequestComplete, RIL_SOCKET_1
11-26 14:52:00.368   201  1939 E RILC    : Send Response to RIL_SOCKET_1
11-26 14:52:00.368  1195  1394 D RILJ    : [3748]< OPERATOR {, , 46001} [SUB0]
11-26 14:52:00.368   201  1939 D RILC    : RequestComplete, RIL_SOCKET_1
11-26 14:52:00.368   201  1939 E RILC    : Send Response to RIL_SOCKET_1
11-26 14:52:00.368  1195  1394 D RILJ    : [3752]< OPERATOR {, , 46001} [SUB0]
11-26 14:52:00.368   201  1940 D RILC    : RequestComplete, RIL_SOCKET_1
11-26 14:52:00.369   201  1940 E RILC    : Send Response to RIL_SOCKET_1
11-26 14:52:00.369  1195  1394 D RILJ    : [3745]< DATA_REGISTRATION_STATE {1, null, 002cb31f, 14, null, 20, 4125, 446, 2929439, null, null} [SUB0]
11-26 14:52:00.369   201  1940 D RILC    : RequestComplete, RIL_SOCKET_1
11-26 14:52:00.369   201  1940 E RILC    : Send Response to RIL_SOCKET_1
11-26 14:52:00.369  1195  1212 D TelephonyManager: getTelephonyProperty: return propVal='cn' phoneId=0 property='gsm.sim.operator.iso-country' defaultVal='' prop=cn
11-26 14:52:00.369  1195  1212 D SubscriptionController: [getSubInfoRecord] id:1 iccid:DUMMY_NV_ID simSlotIndex:0 displayName:CARD 1 nameSource:0 iconTint:-16746133 dataRoaming:0 mcc:460 mnc:1 countIso:cn status:1 nwMode:10
11-26 14:52:00.369  1195  1394 D RILJ    : [3749]< DATA_REGISTRATION_STATE {1, null, 002cb31f, 14, null, 20, 4125, 446, 2929439, null, null} [SUB0]
11-26 14:52:00.369   201  1940 D RILC    : RequestComplete, RIL_SOCKET_1
11-26 14:52:00.369   201  1940 E RILC    : Send Response to RIL_SOCKET_1
11-26 14:52:00.369  1195  1394 D RILJ    : [3753]< DATA_REGISTRATION_STATE {1, null, 002cb31f, 14, null, 20, 4125, 446, 2929439, null, null} [SUB0]
11-26 14:52:00.369  1195  1195 D RILJ    : [3756]> OPERATOR [SUB0]
11-26 14:52:00.369   201  1944 D RILC    : RequestComplete, RIL_SOCKET_1
11-26 14:52:00.369   201  1944 E RILC    : Send Response to RIL_SOCKET_1
11-26 14:52:00.370  1195  1394 D RILJ    : [3751]< QUERY_NETWORK_SELECTION_MODE {0} [SUB0]
11-26 14:52:00.370   201  1944 D RILC    : RequestComplete, RIL_SOCKET_1
11-26 14:52:00.370   201  1944 E RILC    : Send Response to RIL_SOCKET_1
11-26 14:52:00.370  1195  1195 D RILJ    : [3757]> DATA_REGISTRATION_STATE [SUB0]
11-26 14:52:00.370  1195  1195 D RILJ    : [3758]> VOICE_REGISTRATION_STATE [SUB0]
11-26 14:52:00.370  1195  1394 D RILJ    : [3755]< QUERY_NETWORK_SELECTION_MODE {0} [SUB0]
11-26 14:52:00.371  1195  1195 D RILJ    : [3759]> QUERY_NETWORK_SELECTION_MODE [SUB0]
11-26 14:52:00.372   201  1943 D RILC    : RequestComplete, RIL_SOCKET_1
11-26 14:52:00.372   201  1943 E RILC    : Send Response to RIL_SOCKET_1
11-26 14:52:00.372   201  1943 D RILC    : RequestComplete, RIL_SOCKET_1
11-26 14:52:00.372   201  1943 E RILC    : Send Response to RIL_SOCKET_1
11-26 14:52:00.372   201  1943 D RILC    : RequestComplete, RIL_SOCKET_1
11-26 14:52:00.372   201  1943 E RILC    : Send Response to RIL_SOCKET_1
11-26 14:52:00.372  1195  1394 D RILJ    : [3750]< VOICE_REGISTRATION_STATE {1, 101d, 002cb31f, 14, null, null, null, 0, null, null, 1, null, null, 0, null} [SUB0]
11-26 14:52:00.372  1195  1394 D RILJ    : [3754]< VOICE_REGISTRATION_STATE {1, 101d, 002cb31f, 14, null, null, null, 0, null, null, 1, null, null, 0, null} [SUB0]
11-26 14:52:00.372  1195  1394 D RILJ    : [3758]< VOICE_REGISTRATION_STATE {1, 101d, 002cb31f, 14, null, null, null, 0, null, null, 1, null, null, 0, null} [SUB0]
11-26 14:52:00.373  1195  1212 D SubscriptionController: [getActiveSubInfoList]- 1 infos return
11-26 14:52:00.373   201  1945 D RILC    : RequestComplete, RIL_SOCKET_1
11-26 14:52:00.373   201  1945 E RILC    : Send Response to RIL_SOCKET_1
11-26 14:52:00.373  1195  1394 D RILJ    : [3756]< OPERATOR {, , 46001} [SUB0]
11-26 14:52:00.374   201  1947 D RILC    : RequestComplete, RIL_SOCKET_1
11-26 14:52:00.374   201  1947 E RILC    : Send Response to RIL_SOCKET_1
11-26 14:52:00.374  1195  1394 D RILJ    : [3759]< QUERY_NETWORK_SELECTION_MODE {0} [SUB0]
11-26 14:52:00.374  1195  1558 D SubscriptionController: getSimStateForSubscriber:  simState=READY ordinal=5
11-26 14:52:00.375   201  1946 D RILC    : RequestComplete, RIL_SOCKET_1
11-26 14:52:00.375   201  1946 E RILC    : Send Response to RIL_SOCKET_1
11-26 14:52:00.375  1195  1394 D RILJ    : [3757]< DATA_REGISTRATION_STATE {1, null, 002cb31f, 14, null, 20, 4125, 446, 2929439, null, null} [SUB0]
11-26 14:52:00.375  1195  1195 D DctController: onSubInfoReady mPhoneNum=1
11-26 14:52:00.376  1195  1195 D DctController: onSubInfoReady handle pending requests subId=1
11-26 14:52:00.376  1195  1195 D DctController: [TNF 1]evalPendingRequest, pending request size is 0
11-26 14:52:00.376  1195  1195 D DctController: processRequests
11-26 14:52:00.376  1195  1553 D DctController: handleMessage msg={ when=0 what=100 target=com.android.internal.telephony.dataconnection.DctController }
11-26 14:52:00.376  1195  1553 D DctController: selectExecPhone requestInfo = [ request=NetworkRequest [ id=1, legacyType=-1, [ Capabilities: INTERNET&NOT_RESTRICTED&TRUSTED&NOT_VPN] ], executed=false, priority=0]
11-26 14:52:00.376  1195  1553 D DctController: getTopPriorityRequestPhoneId = 0, priority = 0
11-26 14:52:00.376  1195  1553 D DcSwitchAsyncChannel: [DcSwitchAsyncChannel-0]: rspIsIdle=false
11-26 14:52:00.376  1195  1553 D DctController: onProcessRequest phoneId=0, activePhoneId=0
11-26 14:52:00.376  1195  1554 D DcSwitchSM: [DcSwitchStateMachine-0] AttachingState: REQ_CONNECT
11-26 14:52:00.377  1195  1553 D DcSwitchAsyncChannel: [DcSwitchAsyncChannel-0]: rspConnect=1
11-26 14:52:00.377  1195  1195 E PhoneBase: Error! unregisterForCallWaiting() in PhoneBase should not be called, CDMAPhone inactive.
11-26 14:52:00.396  1195  1558 D SubscriptionController: [getActiveSubInfoList]+
11-26 14:52:00.396  1195  1558 D SubscriptionController: selection:sim_id>=0 null
11-26 14:52:00.400  1195  1558 D TelephonyManager: getTelephonyProperty: return propVal='cn' phoneId=0 property='gsm.sim.operator.iso-country' defaultVal='' prop=cn
11-26 14:52:00.400  1195  1558 D SubscriptionController: [getSubInfoRecord] id:1 iccid:DUMMY_NV_ID simSlotIndex:0 displayName:CARD 1 nameSource:0 iconTint:-16746133 dataRoaming:0 mcc:460 mnc:1 countIso:cn status:1 nwMode:10
11-26 14:52:00.403  1195  1558 D SubscriptionController: [getActiveSubInfoList]- 1 infos return
11-26 14:52:00.421  1195  1195 D TelephonyManager: getTelephonyProperty: return propVal='null' phoneId=0 property='gsm.operator.alpha' defaultVal='' prop=
11-26 14:52:00.557  1195  1195 E PhoneBase: Error! registerForCallWaiting() in PhoneBase should not be called, CDMAPhone inactive.
11-26 14:52:00.559  1195  1195 D GsmSST  : [GsmSST] SubscriptionListener.onSubscriptionInfoChanged
11-26 14:52:00.559  1195  1195 D GsmDCT  : [0]SubscriptionListener.onSubscriptionInfoChanged
11-26 14:52:00.560  1195  1195 D ModemStackController: Received ACTION_SUBINFO_CONTENT_CHANGE on subId: -1for null intValue: 0
11-26 14:52:00.560  1195  1195 D DctController: got ACTION_SUBINFO_RECORD_UPDATED
11-26 14:52:00.560  1195  1195 D DctController: [TNF 1]update networkCapabilites for subId = 1
11-26 14:52:00.560  1195  1195 D SubscriptionController: [getActiveSubInfoList]+
11-26 14:52:00.560  1195  1195 D SubscriptionController: selection:sim_id>=0 null
11-26 14:52:00.563  1195  1195 D TelephonyManager: getTelephonyProperty: return propVal='cn' phoneId=0 property='gsm.sim.operator.iso-country' defaultVal='' prop=cn
11-26 14:52:00.563  1195  1195 D SubscriptionController: [getSubInfoRecord] id:1 iccid:DUMMY_NV_ID simSlotIndex:0 displayName:CARD 1 nameSource:0 iconTint:-16746133 dataRoaming:0 mcc:460 mnc:1 countIso:cn status:1 nwMode:10
11-26 14:52:00.564  1195  1195 D SubscriptionController: [getActiveSubInfoList]- 1 infos return
11-26 14:52:00.564  1195  1195 D SubscriptionController: [getActiveSubInfoForSubscriber]+ subId=1 subInfo={id=1, iccId=DUMMY_NV_ID simSlotIndex=0 displayName=CARD 1 carrierName=No service. nameSource=0 iconTint=-16746133 dataRoaming=0 iconBitmap=android.graphics.Bitmap@28a4d1d8 mcc 460 mnc 1 mSubStatus=1 mNwMode=10}
11-26 14:52:00.564  1195  1195 D DctController: [TNF 1]INTERNET capability is with subId = 1
11-26 14:52:00.564  1195  1195 D SubscriptionController: registerForOnDemandDdsLockNotification for client=1
11-26 14:52:00.565  1195  1195 D DctController: [TNF 1]Ready to handle network requests
11-26 14:52:00.565  1195  1195 E IccCardProxy: setExternalState: set mPhoneId=0 mExternalState=READY
11-26 14:52:00.565  1195  1195 D TelephonyManager: setTelephonyProperty: success phoneId=0 property=gsm.sim.state value: READY propVal=READY
11-26 14:52:00.565  1195  1195 D IccCardProxy: broadcastIccStateChangedIntent intent ACTION_SIM_STATE_CHANGED value=READY reason=null for mPhoneId=0
11-26 14:52:00.566  1195  1195 D SubscriptionInfoUpdater: handleSimStateLoadedInternal: slotId: 0
11-26 14:52:00.566  1195  1195 D TelephonyManager: getTelephonyProperty: return propVal='46001' phoneId=0 property='gsm.sim.operator.numeric' defaultVal='' prop=46001
11-26 14:52:00.567  1195  1213 D SubscriptionController: [getActiveSubInfoList]+
11-26 14:52:00.568  1195  1213 D SubscriptionController: selection:sim_id>=0 null
11-26 14:52:00.569  1195  1195 D SubscriptionController: [setMccMnc]+ mcc/mnc:460/1 subId:1
11-26 14:52:00.570  1195  1213 D TelephonyManager: getTelephonyProperty: return propVal='cn' phoneId=0 property='gsm.sim.operator.iso-country' defaultVal='' prop=cn
11-26 14:52:00.570  1195  1213 D SubscriptionController: [getSubInfoRecord] id:1 iccid:DUMMY_NV_ID simSlotIndex:0 displayName:CARD 1 nameSource:0 iconTint:-16746133 dataRoaming:0 mcc:460 mnc:1 countIso:cn status:1 nwMode:10
11-26 14:52:00.571  1195  1213 D SubscriptionController: [getActiveSubInfoList]- 1 infos return
11-26 14:52:00.574   784   804 D TelephonyManager: getTelephonyProperty: return propVal='46001' phoneId=0 property='gsm.sim.operator.numeric' defaultVal='' prop=46001
11-26 14:52:00.576   784   804 D TelephonyManager: getTelephonyProperty: return propVal='null' phoneId=0 property='gsm.operator.numeric' defaultVal='' prop=
11-26 14:52:00.806  1195  1195 D SubscriptionController: notifySubscriptionInfoChanged:
11-26 14:52:00.808   784   784 D TelephonyManager: getTelephonyProperty: return propVal='46001' phoneId=0 property='gsm.sim.operator.numeric' defaultVal='' prop=46001
11-26 14:52:00.809  1195  1558 D SubscriptionController: [getActiveSubInfoList]+
11-26 14:52:00.809  1195  1558 D SubscriptionController: selection:sim_id>=0 null
11-26 14:52:00.811  1195  1558 D TelephonyManager: getTelephonyProperty: return propVal='cn' phoneId=0 property='gsm.sim.operator.iso-country' defaultVal='' prop=cn
11-26 14:52:00.811  1195  1558 D SubscriptionController: [getSubInfoRecord] id:1 iccid:DUMMY_NV_ID simSlotIndex:0 displayName:CARD 1 nameSource:0 iconTint:-16746133 dataRoaming:0 mcc:460 mnc:1 countIso:cn status:1 nwMode:10
11-26 14:52:00.813  1195  1558 D SubscriptionController: [getActiveSubInfoList]- 1 infos return
11-26 14:52:00.813   784   784 D TelephonyManager: getTelephonyProperty: return propVal='null' phoneId=0 property='gsm.operator.numeric' defaultVal='' prop=
11-26 14:52:00.815  1195  1213 D SubscriptionController: [getActiveSubInfoList]+
11-26 14:52:00.815  1195  1213 D SubscriptionController: selection:sim_id>=0 null
11-26 14:52:00.832  1195  1195 D SubscriptionController: [getActiveSubInfoList]+
11-26 14:52:00.832  1195  1195 D SubscriptionController: selection:sim_id>=0 null
11-26 14:52:00.833  1195  1213 D TelephonyManager: getTelephonyProperty: return propVal='cn' phoneId=0 property='gsm.sim.operator.iso-country' defaultVal='' prop=cn
11-26 14:52:00.833  1195  1213 D SubscriptionController: [getSubInfoRecord] id:1 iccid:DUMMY_NV_ID simSlotIndex:0 displayName:CARD 1 nameSource:0 iconTint:-16746133 dataRoaming:0 mcc:460 mnc:1 countIso:cn status:1 nwMode:10
11-26 14:52:00.834  1195  1195 D TelephonyManager: getTelephonyProperty: return propVal='cn' phoneId=0 property='gsm.sim.operator.iso-country' defaultVal='' prop=cn
