11-26 14:52:00.834  1195  1195 D SubscriptionController: [getSubInfoRecord] id:1 iccid:DUMMY_NV_ID simSlotIndex:0 displayName:CARD 1 nameSource:0 iconTint:-16746133 dataRoaming:0 mcc:460 mnc:1 countIso:cn status:1 nwMode:10
11-26 14:52:00.836  1195  1195 D SubscriptionController: [getActiveSubInfoList]- 1 infos return
11-26 14:52:00.836  1195  1213 D SubscriptionController: [getActiveSubInfoList]- 1 infos return
11-26 14:52:00.836  1195  1195 D SubscriptionController: [getActiveSubInfoForSubscriber]+ subId=1 subInfo={id=1, iccId=DUMMY_NV_ID simSlotIndex=0 displayName=CARD 1 carrierName=No service. nameSource=0 iconTint=-16746133 dataRoaming=0 iconBitmap=android.graphics.Bitmap@18cd576d mcc 460 mnc 1 mSubStatus=1 mNwMode=10}
11-26 14:52:00.838  1195  1195 D TelephonyManager: getTelephonyProperty: return propVal='null' phoneId=0 property='gsm.sim.operator.alpha' defaultVal='' prop=
11-26 14:52:00.838  1195  1195 D SubscriptionInfoUpdater: sim name = CARD 1
11-26 14:52:00.838  1195  1212 D SubscriptionController: getSimStateForSubscriber:  simState=READY ordinal=5
11-26 14:52:00.839  1195  1558 D SubscriptionController: [getActiveSubInfoList]+
11-26 14:52:00.839  1195  1558 D SubscriptionController: selection:sim_id>=0 null
11-26 14:52:00.858  1195  1558 D TelephonyManager: getTelephonyProperty: return propVal='cn' phoneId=0 property='gsm.sim.operator.iso-country' defaultVal='' prop=cn
11-26 14:52:00.858  1195  1558 D SubscriptionController: [getSubInfoRecord] id:1 iccid:DUMMY_NV_ID simSlotIndex:0 displayName:CARD 1 nameSource:0 iconTint:-16746133 dataRoaming:0 mcc:460 mnc:1 countIso:cn status:1 nwMode:10
11-26 14:52:00.859  1195  1558 D SubscriptionController: [getActiveSubInfoList]- 1 infos return
11-26 14:52:00.875  1195  1195 D CAT     : CatService: handleMessage[9]
11-26 14:52:00.875  1195  1195 D CAT     : CatService: DISPLAY_TEXT
11-26 14:52:00.875  1195  1195 D CAT     : CatService: Sending CmdMsg: com.android.internal.telephony.cat.CatCmdMessage@33a68433 on slotid:0
11-26 14:52:00.876  1195  1195 D PHONE   : [ServiceState] setVoiceRegState=0
11-26 14:52:00.876  1195  1195 E PHONE   : [ServiceState] setState deprecated use setVoiceRegState()
11-26 14:52:00.877  1195  1195 D GsmSST  : [GsmSST] EVENT_POLL_STATE_OPERATOR: use value from ril
11-26 14:52:00.877  1195  1195 D GsmSST  : [GsmSST] EVENT_POLL_STATE_OPERATOR: 
11-26 14:52:00.877  1195  1195 D PHONE   : [ServiceState] setDataRegState=0
11-26 14:52:00.877  1195  1195 D PHONE   : [ServiceState] setDataRadioTechnology=14
11-26 14:52:00.877  1195  1195 D GsmSST  : [GsmSST] handlPollStateResultMessage: GsmSST setDataRegState=0 regState=1 dataRadioTechnology=14
11-26 14:52:00.877  1195  1195 D GsmSST  : [GsmSST] Poll ServiceState done:  oldSS=[1 1 voice home data home null null null null null null  Unknown Unknown CSS not supported 0 0 RoamInd=0 DefRoamInd=0 EmergOnly=false] newSS=[0 0 voice home data home   46001   46001  LTE LTE CSS not supported -1 -1 RoamInd=-1 DefRoamInd=-1 EmergOnly=false] oldMaxDataCalls=20 mNewMaxDataCalls=20 oldReasonDataDenied=-1 mNewReasonDataDenied=-1
11-26 14:52:00.877  1195  1195 D GsmSST  : [GsmSST] RAT switched Unknown -> LTE at cell 2929439
11-26 14:52:00.877  1195  1195 D PHONE   : [ServiceState] setNullState=1
11-26 14:52:00.877  1195  1195 D PhoneBase: updatePhoneObject: phoneid = 0 rat = 14
11-26 14:52:00.877  1195  1195 D PhoneProxy: [PhoneProxy] updatePhoneObject: radioTechnology=14
11-26 14:52:00.877  1195  1195 D TelephonyManager: setTelephonyProperty: success phoneId=0 property=gsm.network.type value: LTE propVal=LTE
11-26 14:52:00.878  1195  1195 D GsmSST  : [GsmSST] Iwlan feature available = false
11-26 14:52:00.878  1195  1195 D GsmSST  : [GsmSST] pollStateDone: registering current mNitzUpdatedTime=false changing to false
11-26 14:52:00.878  1195  1195 D SIMRecords: [SIMRecords] getServiceProviderName: no brandOverride
11-26 14:52:00.878  1195  1195 D SIMRecords: [SIMRecords] getServiceProviderName: providerName=
11-26 14:52:00.878  1195  1195 D SIMRecords: [SIMRecords] getServiceProviderName: no brandOverride
11-26 14:52:00.878  1195  1195 D SIMRecords: [SIMRecords] getServiceProviderName: providerName=
11-26 14:52:00.878  1195  1195 D GsmSST  : [GsmSST] updateSpnDisplay: changed sending intent rule=2 showPlmn='true' plmn='' showSpn='false' spn=''
11-26 14:52:00.879  1195  1195 D TelephonyManager: setTelephonyProperty: success phoneId=0 property=gsm.operator.alpha value:  propVal=
11-26 14:52:00.879  1195  1195 D TelephonyManager: setTelephonyProperty: success phoneId=0 property=gsm.operator.numeric value: 46001 propVal=46001
11-26 14:52:00.879  1195  1195 D GsmSST  : [GsmSST] update mccmnc=46001 fromServiceState=true
11-26 14:52:00.880  1195  1195 D TelephonyManager: getTelephonyProperty: return propVal='46001' phoneId=0 property='gsm.sim.operator.numeric' defaultVal='' prop=46001
11-26 14:52:00.882  1195  1195 D TelephonyManager: setTelephonyProperty: success phoneId=0 property=gsm.operator.iso-country value: cn propVal=cn
11-26 14:52:00.888  1195  1195 D GsmSST  : [GsmSST] pollStateDone: there are 2 unique offsets for iso-cc='cn testOneUniqueOffsetPath=false', do nothing
11-26 14:52:00.888  1195  1195 D GsmSST  : [GsmSST] shouldFixTimeZoneNow: retVal=true iccCardExist=true operatorNumeric=46001 mcc=460 prevOperatorNumeric= prevMcc=461 needToFixTimeZone=false ltod=11-26 14:52:00.888
11-26 14:52:00.888  1195  1195 D GsmSST  : [GsmSST] pollStateDone: fix time zone zoneName='Asia/Shanghai' mZoneOffset=0 mZoneDst=false iso-cc='cn' iso-cc-idx=-3
11-26 14:52:00.888  1195  1195 D GsmSST  : [GsmSST] pollStateDone: using default TimeZone
11-26 14:52:00.888  1195  1195 D GsmSST  : [GsmSST] pollStateDone: zone != null zone.getID=Asia/Shanghai
11-26 14:52:00.888  1195  1195 D GsmSST  : [GsmSST] setAndBroadcastNetworkSetTimeZone: setTimeZone=Asia/Shanghai
11-26 14:52:00.889  1195  1195 D GsmSST  : [GsmSST] setAndBroadcastNetworkSetTimeZone: call alarm.setTimeZone and broadcast zoneId=Asia/Shanghai
11-26 14:52:00.889  1195  1195 D TelephonyManager: setTelephonyProperty: success phoneId=0 property=gsm.operator.isroaming value: false propVal=false
11-26 14:52:00.889  1195  1195 D GsmSST  : [GsmSST] Broadcasting ServiceState : 0 0 voice home data home   46001   46001  LTE LTE CSS not supported -1 -1 RoamInd=-1 DefRoamInd=-1 EmergOnly=false
11-26 14:52:00.889  1195  1195 D DefaultPhoneNotifier: nofityServiceState: mRegistry=com.android.internal.telephony.ITelephonyRegistry$Stub$Proxy@dda10a3 ss=0 0 voice home data home   46001   46001  LTE LTE CSS not supported -1 -1 RoamInd=-1 DefRoamInd=-1 EmergOnly=false sender=Handler (com.android.internal.telephony.gsm.GSMPhone) {14b5ac73} phondId=0 subId=1
11-26 14:52:00.893  1195  1195 D SubscriptionController: getSimStateForSubscriber:  simState=READY ordinal=5
11-26 14:52:00.898  1195  1195 D GsmSST  : [GsmSST] notifyDataRegStateRilRadioTechnologyChanged: drs=0 rat=14
11-26 14:52:00.898  1195  1195 D TelephonyManager: setTelephonyProperty: success phoneId=0 property=gsm.network.type value: LTE propVal=LTE
11-26 14:52:00.898  1195  1195 D GsmSST  : [GsmSST] Iwlan feature available = false
11-26 14:52:00.898  1195  1195 D GsmSST  : [GsmSST] Iwlan feature available = false
11-26 14:52:00.898  1195  1195 D GsmDCT  : [0]get all active apn types
11-26 14:52:00.898  1195  1195 D GsmSST  : [GsmSST] getCellLocation(): X good mCellLoc=[4125,2929439,-1]
11-26 14:52:00.898   784  1193 D TelephonyRegistry: notifyCellLocationForSubscriber: subId=1 cellLocation=Bundle[mParcelledData.dataSize=64]
11-26 14:52:00.914   201   330 I RILC    : RIL_SOCKET_1 UNSOLICITED: UNSOL_STK_PROACTIVE_COMMAND length:216
11-26 14:52:00.914   201   330 E RILC    : Send Response to RIL_SOCKET_1
11-26 14:52:00.914  1195  1394 D RILJ    : [UNSL]< UNSOL_STK_PROACTIVE_COMMAND [SUB0]
11-26 14:52:00.919  1195  1195 D SubscriptionInfoUpdater: [Receiver]+
11-26 14:52:00.919  1195  1195 D SubscriptionInfoUpdater: Action: android.intent.action.SIM_STATE_CHANGED
11-26 14:52:00.919  1195  1195 D SubscriptionInfoUpdater: slotId: 0
11-26 14:52:00.919  1195  1195 D SubscriptionInfoUpdater: simStatus: READY
11-26 14:52:00.919  1195  1195 D SubscriptionInfoUpdater: slotId: 0 simStatus: READY
11-26 14:52:00.919  1195  1195 D PhoneBase: getIccFileHandler: fh=Handler (com.android.internal.telephony.uicc.UsimFileHandler) {1b7d3891}
11-26 14:52:00.919  1195  1195 D SubscriptionInfoUpdater: [Receiver]-
11-26 14:52:00.919  1195  1195 D DctController: onSubInfoReady mPhoneNum=1
11-26 14:52:00.919  1195  1195 D DctController: onSubInfoReady handle pending requests subId=1
11-26 14:52:00.919  1195  1195 D DctController: [TNF 1]evalPendingRequest, pending request size is 0
11-26 14:52:00.919  1195  1195 D DctController: processRequests
11-26 14:52:00.919  1195  1553 D DctController: handleMessage msg={ when=0 what=100 target=com.android.internal.telephony.dataconnection.DctController }
11-26 14:52:00.919  1195  1553 D DctController: selectExecPhone requestInfo = [ request=NetworkRequest [ id=1, legacyType=-1, [ Capabilities: INTERNET&NOT_RESTRICTED&TRUSTED&NOT_VPN] ], executed=false, priority=0]
11-26 14:52:00.920  1195  1553 D DctController: getTopPriorityRequestPhoneId = 0, priority = 0
11-26 14:52:00.920  1195  1553 D DcSwitchAsyncChannel: [DcSwitchAsyncChannel-0]: rspIsIdle=false
11-26 14:52:00.920  1195  1553 D DctController: onProcessRequest phoneId=0, activePhoneId=0
11-26 14:52:00.920  1195  1554 D DcSwitchSM: [DcSwitchStateMachine-0] AttachingState: REQ_CONNECT
11-26 14:52:00.920  1195  1553 D DcSwitchAsyncChannel: [DcSwitchAsyncChannel-0]: rspConnect=1
11-26 14:52:00.920  1195  1195 E PhoneBase: Error! unregisterForCallWaiting() in PhoneBase should not be called, CDMAPhone inactive.
11-26 14:52:00.949  1195  1195 D TelephonyManager: getTelephonyProperty: return propVal='' phoneId=0 property='gsm.operator.alpha' defaultVal='' prop=
11-26 14:52:00.965  1195  1195 E PhoneBase: Error! registerForCallWaiting() in PhoneBase should not be called, CDMAPhone inactive.
11-26 14:52:00.967  1195  1195 D GsmDCT  : [0]SubscriptionListener.onSubscriptionInfoChanged
11-26 14:52:00.968  1195  1195 D GsmSST  : [GsmSST] SubscriptionListener.onSubscriptionInfoChanged
11-26 14:52:00.968  1195  1195 D ModemStackController: Received ACTION_SUBINFO_CONTENT_CHANGE on subId: -1for null intValue: 0
11-26 14:52:00.968  1195  1195 D DctController: got ACTION_SUBINFO_RECORD_UPDATED
11-26 14:52:00.968  1195  1195 D DctController: [TNF 1]update networkCapabilites for subId = 1
11-26 14:52:00.969  1195  1195 D SubscriptionController: [getActiveSubInfoList]+
11-26 14:52:00.969  1195  1195 D SubscriptionController: selection:sim_id>=0 null
11-26 14:52:00.972  1195  1195 D TelephonyManager: getTelephonyProperty: return propVal='cn' phoneId=0 property='gsm.sim.operator.iso-country' defaultVal='' prop=cn
11-26 14:52:00.972  1195  1195 D SubscriptionController: [getSubInfoRecord] id:1 iccid:DUMMY_NV_ID simSlotIndex:0 displayName:CARD 1 nameSource:0 iconTint:-16746133 dataRoaming:0 mcc:460 mnc:1 countIso:cn status:1 nwMode:10
11-26 14:52:00.973  1195  1195 D SubscriptionController: [getActiveSubInfoList]- 1 infos return
11-26 14:52:00.974  1195  1195 D SubscriptionController: [getActiveSubInfoForSubscriber]+ subId=1 subInfo={id=1, iccId=DUMMY_NV_ID simSlotIndex=0 displayName=CARD 1 carrierName=No service. nameSource=0 iconTint=-16746133 dataRoaming=0 iconBitmap=android.graphics.Bitmap@3ad70725 mcc 460 mnc 1 mSubStatus=1 mNwMode=10}
11-26 14:52:00.974  1195  1195 D DctController: [TNF 1]INTERNET capability is with subId = 1
11-26 14:52:00.974  1195  1195 D SubscriptionController: registerForOnDemandDdsLockNotification for client=1
11-26 14:52:00.974  1195  1195 D DctController: [TNF 1]Ready to handle network requests
11-26 14:52:00.974  1195  1195 E IccCardProxy: setExternalState: set mPhoneId=0 mExternalState=READY
11-26 14:52:00.974  1195  1195 D TelephonyManager: setTelephonyProperty: success phoneId=0 property=gsm.sim.state value: READY propVal=READY
11-26 14:52:00.974  1195  1195 D IccCardProxy: broadcastIccStateChangedIntent intent ACTION_SIM_STATE_CHANGED value=READY reason=null for mPhoneId=0
11-26 14:52:00.977  1195  1195 D PhoneProxy: [PhoneProxy] phoneObjectUpdater: newVoiceRadioTech=14
11-26 14:52:00.977  1195  1195 D PhoneProxy: [PhoneProxy] phoneObjectUpdater: volteReplacementRat=0
11-26 14:52:00.977  1195  1195 D PhoneProxy: [PhoneProxy] phoneObjectUpdater: No change ignore, newVoiceRadioTech=14 mActivePhone=GSM
11-26 14:52:00.977  1195  1195 D SubscriptionController: onReceive Intent { act=android.provider.Telephony.SPN_STRINGS_UPDATED flg=0x10 (has extras) }
11-26 14:52:00.977  1195  1195 D SubscriptionController: [setCarrierText]+ text: subId:1
11-26 14:52:00.980  1195  1213 D SubscriptionController: [getActiveSubInfoList]+
11-26 14:52:00.980  1195  1213 D SubscriptionController: selection:sim_id>=0 null
11-26 14:52:00.983   784   804 D TelephonyManager: getTelephonyProperty: return propVal='46001' phoneId=0 property='gsm.sim.operator.numeric' defaultVal='' prop=46001
11-26 14:52:00.986   784   804 D TelephonyManager: getTelephonyProperty: return propVal='46001' phoneId=0 property='gsm.operator.numeric' defaultVal='' prop=46001
11-26 14:52:00.989  1195  1195 D SubscriptionController: notifySubscriptionInfoChanged:
11-26 14:52:00.990  1195  1195 E PhoneBase: Error! unregisterForCallWaiting() in PhoneBase should not be called, CDMAPhone inactive.
11-26 14:52:00.991  1195  1213 D TelephonyManager: getTelephonyProperty: return propVal='cn' phoneId=0 property='gsm.sim.operator.iso-country' defaultVal='' prop=cn
11-26 14:52:00.991  1195  1213 D SubscriptionController: [getSubInfoRecord] id:1 iccid:DUMMY_NV_ID simSlotIndex:0 displayName:CARD 1 nameSource:0 iconTint:-16746133 dataRoaming:0 mcc:460 mnc:1 countIso:cn status:1 nwMode:10
11-26 14:52:00.992   784   784 D TelephonyManager: getTelephonyProperty: return propVal='46001' phoneId=0 property='gsm.sim.operator.numeric' defaultVal='' prop=46001
11-26 14:52:00.993  1195  1213 D SubscriptionController: [getActiveSubInfoList]- 1 infos return
11-26 14:52:00.994  1195  1195 D TelephonyManager: getTelephonyProperty: return propVal='' phoneId=0 property='gsm.operator.alpha' defaultVal='' prop=
11-26 14:52:00.995  1195  1558 D SubscriptionController: [getActiveSubInfoList]+
11-26 14:52:00.995  1195  1558 D SubscriptionController: selection:sim_id>=0 null
11-26 14:52:00.998  1195  1558 D TelephonyManager: getTelephonyProperty: return propVal='cn' phoneId=0 property='gsm.sim.operator.iso-country' defaultVal='' prop=cn
11-26 14:52:00.998  1195  1558 D SubscriptionController: [getSubInfoRecord] id:1 iccid:DUMMY_NV_ID simSlotIndex:0 displayName:CARD 1 nameSource:0 iconTint:-16746133 dataRoaming:0 mcc:460 mnc:1 countIso:cn status:1 nwMode:10
11-26 14:52:00.998   784   784 D TelephonyManager: getTelephonyProperty: return propVal='46001' phoneId=0 property='gsm.operator.numeric' defaultVal='' prop=46001
11-26 14:52:00.999  1195  1558 D SubscriptionController: [getActiveSubInfoList]- 1 infos return
11-26 14:52:01.001  1195  1787 D SubscriptionController: [getActiveSubInfoList]+
11-26 14:52:01.001  1195  1787 D SubscriptionController: selection:sim_id>=0 null
11-26 14:52:01.004  1195  1787 D TelephonyManager: getTelephonyProperty: return propVal='cn' phoneId=0 property='gsm.sim.operator.iso-country' defaultVal='' prop=cn
11-26 14:52:01.004  1195  1787 D SubscriptionController: [getSubInfoRecord] id:1 iccid:DUMMY_NV_ID simSlotIndex:0 displayName:CARD 1 nameSource:0 iconTint:-16746133 dataRoaming:0 mcc:460 mnc:1 countIso:cn status:1 nwMode:10
11-26 14:52:01.005  1195  1787 D SubscriptionController: [getActiveSubInfoList]- 1 infos return
11-26 14:52:01.007  1195  1213 D SubscriptionController: getSimStateForSubscriber:  simState=READY ordinal=5
11-26 14:52:01.008  1195  1558 D SubscriptionController: [getActiveSubInfoList]+
11-26 14:52:01.008  1195  1558 D SubscriptionController: selection:sim_id>=0 null
11-26 14:52:01.016  1195  1195 E PhoneBase: Error! registerForCallWaiting() in PhoneBase should not be called, CDMAPhone inactive.
11-26 14:52:01.018  1195  1558 D TelephonyManager: getTelephonyProperty: return propVal='cn' phoneId=0 property='gsm.sim.operator.iso-country' defaultVal='' prop=cn
11-26 14:52:01.019  1195  1558 D SubscriptionController: [getSubInfoRecord] id:1 iccid:DUMMY_NV_ID simSlotIndex:0 displayName:CARD 1 nameSource:0 iconTint:-16746133 dataRoaming:0 mcc:460 mnc:1 countIso:cn status:1 nwMode:10
11-26 14:52:01.021  1195  1558 D SubscriptionController: [getActiveSubInfoList]- 1 infos return
11-26 14:52:01.022  1195  1195 D GsmDCT  : [0]handleMessage msg={ when=-123ms what=270377 obj=android.os.AsyncResult@7fff5dd target=com.android.internal.telephony.dataconnection.DcTracker }
11-26 14:52:01.022  1195  1195 D GsmDCT  : [0]updateSimRecords: newSimRecords = SimRecords: mDestroyed=false mContext=com.android.phone.PhoneGlobals@369512b8 mCi=com.android.internal.telephony.RIL@1b897335 mFh=Handler (com.android.internal.telephony.uicc.UsimFileHandler) {1b7d3891} mParentApp=com.android.internal.telephony.uicc.UiccCardApplication@2cb373f6 mSpnOverride=mSpnOverride recordsLoadedRegistrants=android.os.RegistrantList@1c0183f7 mImsiReadyRegistrants=android.os.RegistrantList@2ae4a264 mRecordsEventsRegistrants=android.os.RegistrantList@2a2bcccd mNewSmsRegistrants=android.os.RegistrantList@9ad982 mNetworkSelectionModeAutomaticRegistrants=android.os.RegistrantList@2cc06893 recordsToLoad=0 adnCache=Handler (com.android.internal.telephony.uicc.AdnRecordCache) {227b80d0} recordsRequested=true iccid=89860115921101579076 msisdnTag= voiceMailNum=null voiceMailTag=null newVoiceMailNum=null newVoiceMailTag=null isVoiceMailFixed=false mImsi=460011952973996 mncLength=2 mailboxIndex=0 spn= mVmConfigcom.android.internal.telephony.uicc.VoiceMailConstants@b568c9 callForwardingEnabled=false spnState=IDLE mCphsInfo=null mCspPlmnEnabled=true efMWIS=null efCPHS_MWI=null mEfCff=null mEfCfis=null getOperatorNumeric=46001
11-26 14:52:01.022  1195  1195 D GsmDCT  : [0]onUpdateIcc: newIccRecords com.android.internal.telephony.uicc.SIMRecords
11-26 14:52:01.022  1195  1195 D GsmDCT  : [0]New records found com.android.internal.telephony.uicc.SIMRecords
11-26 14:52:01.022  1195  1195 D SIMRecords: [SIMRecords] isAppStateReady : appState = APPSTATE_READY
11-26 14:52:01.022  1195  1195 D GsmDCT  : [0]onUpdateIcc: tryRestartDataConnections nwTypeChanged
11-26 14:52:01.022  1195  1195 D GsmDCT  : [0]overall state is IDLE
11-26 14:52:01.023  1195  1195 D GSMPhone: [GSMPhone] updateCurrentCarrierInProvider: mSubId = 1 currentDds = 1 operatorNumeric = 46001
11-26 14:52:01.067  1195  1195 D GsmDCT  : [0]tryRestartDataConnections: createAllApnList and cleanUpAllConnections
11-26 14:52:01.067  1195  1195 D GsmDCT  : [0]getOperatorNumberic - returning from card: 46001
11-26 14:52:01.067  1195  1195 D GsmDCT  : [0]createAllApnList: selection=numeric = '46001' and carrier_enabled = 1
11-26 14:52:01.074  1195  1195 D GsmDCT  : [0]createApnList: X result=[[ApnSettingV3]  3g  (China Unicom), 3162, 46001, 3gnet, , null, , , , -1, default | supl, IP, IP, true, 0, 0, false, 0, 0, 0, 0, , , [ApnSettingV3]  GPRS (China Unicom), 3163, 46001, uninet, , null, , , , -1, default | supl, IP, IP, true, 0, 0, false, 0, 0, 0, 0, , , [ApnSettingV3]  Wap  (China Unicom), 3164, 46001, 3gwap, 10.0.0.172, null, , , 80, -1, *, IP, IP, true, 0, 0, false, 0, 0, 0, 0, , , [ApnSettingV3]  Wap  (China Unicom), 3165, 46001, uniwap, 10.0.0.172, null, , , 80, -1, *, IP, IP, true, 0, 0, false, 0, 0, 0, 0, , , [ApnSettingV3]  3g  (China Unicom), 3166, 46001, 3gwap, , http://mmsc.myuni.com.cn, 10.0.0.172, 80, , -1, mms, IP, IP, true, 0, 0, false, 0, 0, 0, 0, , , [ApnSettingV3]  (China Unicom), 3167, 46001, uniwap, , http://mmsc.myuni.com.cn, 10.0.0.172, 80, , -1, mms, IP, IP, true, 0, 0, false, 0, 0, 0, 0, , , [ApnSettingV3] 3g, 3168, 46001, 3gnet, , , , , , 3, default | supl, IP, IP, true, 0, 0, false, 0, 0, 0, 0, , , [ApnSettingV3] 3gwap, 3169, 46001, 3gwap, 10.0.0.172, , , , 80, 3, default | supl, IP, IP, true, 0, 0, false, 0, 0, 0, 0, , , [ApnSettingV3] 3g, 3170, 46001, 3gwap, , http://mmsc.myuni.com.cn, 10.0.0.172, 80, , 3, mms, IP, IP, true, 0, 0, false, 0, 0, 0, 0, , , [ApnSettingV3] China Unicom 3G, 3171, 46001, 3gnet, , null, , , 80, -1, default | supl, IP, IP, true, 0, 0, false, 0, 0, 0, 0, , , [ApnSettingV3] China Unicom MMS, 3172, 46001, uniwap, , http://mmsc.myuni.com.cn, 10.0.0.172, 80, , -1, mms, IP, IP, true, 0, 0, false, 0, 0, 0, 0, , ]
11-26 14:52:01.080  1195  1195 D GsmDCT  : [0]getPreferredApn: mRequestedApnType=default cursor=android.content.ContentResolver$CursorWrapperInner@2ad33552 cursor.count=1
11-26 14:52:01.080  1195  1195 D GsmDCT  : [0]getPreferredApn: apnSetting=[ApnSettingV3]  3g  (China Unicom), 3162, 46001, 3gnet, , null, , , , -1, default | supl, IP, IP, true, 0, 0, false, 0, 0, 0, 0, , 
11-26 14:52:01.080  1195  1195 D GsmDCT  : [0]getPreferredApn: X found apnSetting[ApnSettingV3]  3g  (China Unicom), 3162, 46001, 3gnet, , null, , , , -1, default | supl, IP, IP, true, 0, 0, false, 0, 0, 0, 0, , 
11-26 14:52:01.080  1195  1195 D GsmDCT  : [0]createAllApnList: mPreferredApn=[ApnSettingV3]  3g  (China Unicom), 3162, 46001, 3gnet, , null, , , , -1, default | supl, IP, IP, true, 0, 0, false, 0, 0, 0, 0, , 
11-26 14:52:01.081  1195  1195 D GsmDCT  : [0]createAllApnList: X mAllApnSettings=[[ApnSettingV3]  3g  (China Unicom), 3162, 46001, 3gnet, , null, , , , -1, default | supl, IP, IP, true, 0, 0, false, 0, 0, 0, 0, , , [ApnSettingV3]  GPRS (China Unicom), 3163, 46001, uninet, , null, , , , -1, default | supl, IP, IP, true, 0, 0, false, 0, 0, 0, 0, , , [ApnSettingV3]  Wap  (China Unicom), 3164, 46001, 3gwap, 10.0.0.172, null, , , 80, -1, *, IP, IP, true, 0, 0, false, 0, 0, 0, 0, , , [ApnSettingV3]  Wap  (China Unicom), 3165, 46001, uniwap, 10.0.0.172, null, , , 80, -1, *, IP, IP, true, 0, 0, false, 0, 0, 0, 0, , , [ApnSettingV3]  3g  (China Unicom), 3166, 46001, 3gwap, 10.0.0.172, http://mmsc.myuni.com.cn, 10.0.0.172, 80, 80, -1, mms | default | supl, IP, IP, true, 0, 0, false, 0, 0, 0, 0, , , [ApnSettingV3]  (China Unicom), 3167, 46001, uniwap, , http://mmsc.myuni.com.cn, 10.0.0.172, 80, , -1, mms, IP, IP, true, 0, 0, false, 0, 0, 0, 0, , , [ApnSettingV3] 3g, 3168, 46001, 3gnet, , , , , , 3, default | supl, IP, IP, true, 0, 0, false, 0, 0, 0, 0, , , [ApnSettingV3] 3g, 3170, 46001, 3gwap, , http://mmsc.myuni.com.cn, 10.0.0.172, 80, , 3, mms, IP, IP, true, 0, 0, false, 0, 0, 0, 0, , , [ApnSettingV3] China Unicom 3G, 3171, 46001, 3gnet, , null, , , 80, -1, default | supl, IP, IP, true, 0, 0, false, 0, 0, 0, 0, , , [ApnSettingV3] China Unicom MMS, 3172, 46001, uniwap, , http://mmsc.myuni.com.cn, 10.0.0.172, 80, , -1, mms, IP, IP, true, 0, 0, false, 0, 0, 0, 0, , ]
11-26 14:52:01.081  1195  1195 D GsmDCT  : [0]setDataProfilesAsNeeded
11-26 14:52:01.081  1195  1195 D GsmDCT  : [0]cleanUpAllConnections: tearDown=false reason=nwTypeChanged
11-26 14:52:01.081  1195  1195 D GsmDCT  : [0]cleanUpConnection: E tearDown=false reason=nwTypeChanged apnContext={mApnType=default mState=IDLE mWaitingApns={null} mWaitingApnsPermanentFailureCountDown=0 mApnSetting={null} mReason=nwTypeChanged mDataEnabled=false mDependencyMet=true}
11-26 14:52:01.081  1195  1195 D GsmDCT  : [0]isDataAllowed getRecordsLoaded=true
11-26 14:52:01.082  1195  1195 D GsmDCT  : [0]isDataAllowed: not allowed due to - Attached= false
11-26 14:52:01.082  1195  1195 D GsmDCT  : [ApnContext:default] getApnSetting: apnSetting=null
11-26 14:52:01.083   784   897 D TelephonyRegistry: Notify data connection state changed on sub: 1
11-26 14:52:01.083   784   897 D TelephonyRegistry: Notify data connection state changed on sub: 1
11-26 14:52:01.084  1195  1195 D GsmDCT  : [0]setupDataForSinglePdn: reason = nwTypeChanged isDisconnected = true
11-26 14:52:01.084  1195  1195 D GsmDCT  : [0]isOnlySingleDcAllowed(14): false
11-26 14:52:01.084  1195  1195 D GsmDCT  : [0]cleanUpConnection: X tearDown=false reason=nwTypeChanged apnContext={mApnType=default mState=IDLE mWaitingApns={null} mWaitingApnsPermanentFailureCountDown=0 mApnSetting={null} mReason=nwTypeChanged mDataEnabled=false mDependencyMet=true} dcac=null
11-26 14:52:01.084  1195  1195 D GsmDCT  : [0]cleanUpConnection: E tearDown=false reason=nwTypeChanged apnContext={mApnType=mms mState=IDLE mWaitingApns={null} mWaitingApnsPermanentFailureCountDown=0 mApnSetting={null} mReason=nwTypeChanged mDataEnabled=false mDependencyMet=true}
11-26 14:52:01.084  1195  1195 D GsmDCT  : [0]isDataAllowed getRecordsLoaded=true
11-26 14:52:01.085  1195  1195 D GsmDCT  : [0]isDataAllowed: not allowed due to - Attached= false
11-26 14:52:01.085  1195  1195 D GsmDCT  : [ApnContext:mms] getApnSetting: apnSetting=null
11-26 14:52:01.086  1195  1195 D GsmDCT  : [0]setupDataForSinglePdn: reason = nwTypeChanged isDisconnected = true
11-26 14:52:01.086  1195  1195 D GsmDCT  : [0]isOnlySingleDcAllowed(14): false
11-26 14:52:01.086  1195  1195 D GsmDCT  : [0]cleanUpConnection: X tearDown=false reason=nwTypeChanged apnContext={mApnType=mms mState=IDLE mWaitingApns={null} mWaitingApnsPermanentFailureCountDown=0 mApnSetting={null} mReason=nwTypeChanged mDataEnabled=false mDependencyMet=true} dcac=null
11-26 14:52:01.086  1195  1195 D GsmDCT  : [0]cleanUpConnection: E tearDown=false reason=nwTypeChanged apnContext={mApnType=cbs mState=IDLE mWaitingApns={null} mWaitingApnsPermanentFailureCountDown=0 mApnSetting={null} mReason=nwTypeChanged mDataEnabled=false mDependencyMet=true}
11-26 14:52:01.086  1195  1195 D GsmDCT  : [0]isDataAllowed getRecordsLoaded=true
11-26 14:52:01.087  1195  1195 D GsmDCT  : [0]isDataAllowed: not allowed due to - Attached= false
11-26 14:52:01.087  1195  1195 D GsmDCT  : [ApnContext:cbs] getApnSetting: apnSetting=null
11-26 14:52:01.088  1195  1195 D GsmDCT  : [0]setupDataForSinglePdn: reason = nwTypeChanged isDisconnected = true
11-26 14:52:01.088  1195  1195 D GsmDCT  : [0]isOnlySingleDcAllowed(14): false
11-26 14:52:01.088  1195  1195 D GsmDCT  : [0]cleanUpConnection: X tearDown=false reason=nwTypeChanged apnContext={mApnType=cbs mState=IDLE mWaitingApns={null} mWaitingApnsPermanentFailureCountDown=0 mApnSetting={null} mReason=nwTypeChanged mDataEnabled=false mDependencyMet=true} dcac=null
11-26 14:52:01.088  1195  1195 D GsmDCT  : [0]cleanUpConnection: E tearDown=false reason=nwTypeChanged apnContext={mApnType=fota mState=IDLE mWaitingApns={null} mWaitingApnsPermanentFailureCountDown=0 mApnSetting={null} mReason=nwTypeChanged mDataEnabled=false mDependencyMet=true}
11-26 14:52:01.089  1195  1195 D GsmDCT  : [0]isDataAllowed getRecordsLoaded=true
11-26 14:52:01.089  1195  1195 D GsmDCT  : [0]isDataAllowed: not allowed due to - Attached= false
11-26 14:52:01.089  1195  1195 D GsmDCT  : [ApnContext:fota] getApnSetting: apnSetting=null
11-26 14:52:01.092  1195  1195 D GsmDCT  : [0]setupDataForSinglePdn: reason = nwTypeChanged isDisconnected = true
11-26 14:52:01.092  1195  1195 D GsmDCT  : [0]isOnlySingleDcAllowed(14): false
11-26 14:52:01.092  1195  1195 D GsmDCT  : [0]cleanUpConnection: X tearDown=false reason=nwTypeChanged apnContext={mApnType=fota mState=IDLE mWaitingApns={null} mWaitingApnsPermanentFailureCountDown=0 mApnSetting={null} mReason=nwTypeChanged mDataEnabled=false mDependencyMet=true} dcac=null
11-26 14:52:01.092  1195  1195 D GsmDCT  : [0]cleanUpConnection: E tearDown=false reason=nwTypeChanged apnContext={mApnType=supl mState=IDLE mWaitingApns={null} mWaitingApnsPermanentFailureCountDown=0 mApnSetting={null} mReason=nwTypeChanged mDataEnabled=false mDependencyMet=true}
11-26 14:52:01.092  1195  1195 D GsmDCT  : [0]isDataAllowed getRecordsLoaded=true
11-26 14:52:01.092  1195  1195 D GsmDCT  : [0]isDataAllowed: not allowed due to - Attached= false
11-26 14:52:01.092  1195  1195 D GsmDCT  : [ApnContext:supl] getApnSetting: apnSetting=null
11-26 14:52:01.094  1195  1195 D GsmDCT  : [0]setupDataForSinglePdn: reason = nwTypeChanged isDisconnected = true
11-26 14:52:01.094  1195  1195 D GsmDCT  : [0]isOnlySingleDcAllowed(14): false
11-26 14:52:01.094  1195  1195 D GsmDCT  : [0]cleanUpConnection: X tearDown=false reason=nwTypeChanged apnContext={mApnType=supl mState=IDLE mWaitingApns={null} mWaitingApnsPermanentFailureCountDown=0 mApnSetting={null} mReason=nwTypeChanged mDataEnabled=false mDependencyMet=true} dcac=null
11-26 14:52:01.094  1195  1195 D GsmDCT  : [0]cleanUpConnection: E tearDown=false reason=nwTypeChanged apnContext={mApnType=ia mState=IDLE mWaitingApns={null} mWaitingApnsPermanentFailureCountDown=0 mApnSetting={null} mReason=nwTypeChanged mDataEnabled=false mDependencyMet=true}
11-26 14:52:01.095  1195  1195 D GsmDCT  : [0]isDataAllowed getRecordsLoaded=true
11-26 14:52:01.095  1195  1195 D GsmDCT  : [0]isDataAllowed: not allowed due to - Attached= false
11-26 14:52:01.095  1195  1195 D GsmDCT  : [ApnContext:ia] getApnSetting: apnSetting=null
11-26 14:52:01.097  1195  1195 D GsmDCT  : [0]setupDataForSinglePdn: reason = nwTypeChanged isDisconnected = true
11-26 14:52:01.097  1195  1195 D GsmDCT  : [0]isOnlySingleDcAllowed(14): false
11-26 14:52:01.097  1195  1195 D GsmDCT  : [0]cleanUpConnection: X tearDown=false reason=nwTypeChanged apnContext={mApnType=ia mState=IDLE mWaitingApns={null} mWaitingApnsPermanentFailureCountDown=0 mApnSetting={null} mReason=nwTypeChanged mDataEnabled=false mDependencyMet=true} dcac=null
11-26 14:52:01.097  1195  1195 D GsmDCT  : [0]cleanUpConnection: E tearDown=false reason=nwTypeChanged apnContext={mApnType=dun mState=IDLE mWaitingApns={null} mWaitingApnsPermanentFailureCountDown=0 mApnSetting={null} mReason=nwTypeChanged mDataEnabled=false mDependencyMet=true}
11-26 14:52:01.097  1195  1195 D GsmDCT  : [0]isDataAllowed getRecordsLoaded=true
11-26 14:52:01.097  1195  1195 D GsmDCT  : [0]isDataAllowed: not allowed due to - Attached= false
11-26 14:52:01.097  1195  1195 D GsmDCT  : [ApnContext:dun] getApnSetting: apnSetting=null
11-26 14:52:01.098  1195  1195 D GsmDCT  : [0]setupDataForSinglePdn: reason = nwTypeChanged isDisconnected = true
11-26 14:52:01.098  1195  1195 D GsmDCT  : [0]isOnlySingleDcAllowed(14): false
11-26 14:52:01.098  1195  1195 D GsmDCT  : [0]cleanUpConnection: X tearDown=false reason=nwTypeChanged apnContext={mApnType=dun mState=IDLE mWaitingApns={null} mWaitingApnsPermanentFailureCountDown=0 mApnSetting={null} mReason=nwTypeChanged mDataEnabled=false mDependencyMet=true} dcac=null
11-26 14:52:01.099  1195  1195 D GsmDCT  : [0]cleanUpConnection: E tearDown=false reason=nwTypeChanged apnContext={mApnType=hipri mState=IDLE mWaitingApns={null} mWaitingApnsPermanentFailureCountDown=0 mApnSetting={null} mReason=nwTypeChanged mDataEnabled=false mDependencyMet=true}
11-26 14:52:01.099  1195  1195 D GsmDCT  : [0]isDataAllowed getRecordsLoaded=true
11-26 14:52:01.099  1195  1195 D GsmDCT  : [0]isDataAllowed: not allowed due to - Attached= false
11-26 14:52:01.099  1195  1195 D GsmDCT  : [ApnContext:hipri] getApnSetting: apnSetting=null
11-26 14:52:01.100  1195  1195 D GsmDCT  : [0]setupDataForSinglePdn: reason = nwTypeChanged isDisconnected = true
11-26 14:52:01.100  1195  1195 D GsmDCT  : [0]isOnlySingleDcAllowed(14): false
11-26 14:52:01.100  1195  1195 D GsmDCT  : [0]cleanUpConnection: X tearDown=false reason=nwTypeChanged apnContext={mApnType=hipri mState=IDLE mWaitingApns={null} mWaitingApnsPermanentFailureCountDown=0 mApnSetting={null} mReason=nwTypeChanged mDataEnabled=false mDependencyMet=true} dcac=null
11-26 14:52:01.100  1195  1195 D GsmDCT  : [0]cleanUpConnection: E tearDown=false reason=nwTypeChanged apnContext={mApnType=ims mState=IDLE mWaitingApns={null} mWaitingApnsPermanentFailureCountDown=0 mApnSetting={null} mReason=nwTypeChanged mDataEnabled=false mDependencyMet=true}
11-26 14:52:01.100  1195  1195 D GsmDCT  : [0]isDataAllowed getRecordsLoaded=true
11-26 14:52:01.100  1195  1195 D GsmDCT  : [0]isDataAllowed: not allowed due to - Attached= false
11-26 14:52:01.101  1195  1195 D GsmDCT  : [ApnContext:ims] getApnSetting: apnSetting=null
11-26 14:52:01.102  1195  1195 D GsmDCT  : [0]setupDataForSinglePdn: reason = nwTypeChanged isDisconnected = true
11-26 14:52:01.102  1195  1195 D GsmDCT  : [0]isOnlySingleDcAllowed(14): false
11-26 14:52:01.102  1195  1195 D GsmDCT  : [0]cleanUpConnection: X tearDown=false reason=nwTypeChanged apnContext={mApnType=ims mState=IDLE mWaitingApns={null} mWaitingApnsPermanentFailureCountDown=0 mApnSetting={null} mReason=nwTypeChanged mDataEnabled=false mDependencyMet=true} dcac=null
11-26 14:52:01.102  1195  1195 D GsmDCT  : [0]stopNetStatPoll
11-26 14:52:01.103  1195  1195 D GsmDCT  : [0]stopDataStallAlarm: current tag=22544 mDataStallAlarmIntent=null
11-26 14:52:01.103  1195  1195 D GsmDCT  : [0]cleanUpConnection: mDisconnectPendingCount = 0
11-26 14:52:01.103  1195  1195 D GsmDCT  : [0]setupDataOnConnectableApns: nwTypeChanged
11-26 14:52:01.103  1195  1195 D GsmDCT  : [0]setupDataOnConnectableApns: apnContext {mApnType=hipri mState=IDLE mWaitingApns={null} mWaitingApnsPermanentFailureCountDown=0 mApnSetting={null} mReason=nwTypeChanged mDataEnabled=false mDependencyMet=true}
11-26 14:52:01.103  1195  1195 D GsmDCT  : [0]setupDataOnConnectableApns: apnContext {mApnType=mms mState=IDLE mWaitingApns={null} mWaitingApnsPermanentFailureCountDown=0 mApnSetting={null} mReason=nwTypeChanged mDataEnabled=false mDependencyMet=true}
11-26 14:52:01.103  1195  1195 D GsmDCT  : [0]setupDataOnConnectableApns: apnContext {mApnType=supl mState=IDLE mWaitingApns={null} mWaitingApnsPermanentFailureCountDown=0 mApnSetting={null} mReason=nwTypeChanged mDataEnabled=false mDependencyMet=true}
11-26 14:52:01.103  1195  1195 D GsmDCT  : [0]setupDataOnConnectableApns: apnContext {mApnType=cbs mState=IDLE mWaitingApns={null} mWaitingApnsPermanentFailureCountDown=0 mApnSetting={null} mReason=nwTypeChanged mDataEnabled=false mDependencyMet=true}
11-26 14:52:01.103  1195  1195 D GsmDCT  : [0]setupDataOnConnectableApns: apnContext {mApnType=dun mState=IDLE mWaitingApns={null} mWaitingApnsPermanentFailureCountDown=0 mApnSetting={null} mReason=nwTypeChanged mDataEnabled=false mDependencyMet=true}
11-26 14:52:01.103  1195  1195 D GsmDCT  : [0]setupDataOnConnectableApns: apnContext {mApnType=fota mState=IDLE mWaitingApns={null} mWaitingApnsPermanentFailureCountDown=0 mApnSetting={null} mReason=nwTypeChanged mDataEnabled=false mDependencyMet=true}
11-26 14:52:01.104  1195  1195 D GsmDCT  : [0]setupDataOnConnectableApns: apnContext {mApnType=ims mState=IDLE mWaitingApns={null} mWaitingApnsPermanentFailureCountDown=0 mApnSetting={null} mReason=nwTypeChanged mDataEnabled=false mDependencyMet=true}
11-26 14:52:01.104  1195  1195 D GsmDCT  : [0]setupDataOnConnectableApns: apnContext {mApnType=default mState=IDLE mWaitingApns={null} mWaitingApnsPermanentFailureCountDown=0 mApnSetting={null} mReason=nwTypeChanged mDataEnabled=false mDependencyMet=true}
11-26 14:52:01.104  1195  1195 D GsmDCT  : [0]setupDataOnConnectableApns: apnContext {mApnType=ia mState=IDLE mWaitingApns={null} mWaitingApnsPermanentFailureCountDown=0 mApnSetting={null} mReason=nwTypeChanged mDataEnabled=false mDependencyMet=true}
11-26 14:52:01.106  1195  1195 D GsmDCT  : [0]handleMessage msg={ when=-207ms what=270352 obj=android.os.AsyncResult@2598e023 target=com.android.internal.telephony.dataconnection.DcTracker }
11-26 14:52:01.106  1195  1195 D GsmDCT  : [0]onDataConnectionAttached
11-26 14:52:01.106  1195  1195 D GsmDCT  : [0]overall state is IDLE
11-26 14:52:01.106  1195  1195 D GsmDCT  : [0]isDataAllowed getRecordsLoaded=true
11-26 14:52:01.106  1195  1195 D GsmDCT  : [ApnContext:default] getApnSetting: apnSetting=null
11-26 14:52:01.108  1195  1195 D GsmDCT  : [0]isDataAllowed getRecordsLoaded=true
11-26 14:52:01.108  1195  1195 D GsmDCT  : [ApnContext:mms] getApnSetting: apnSetting=null
11-26 14:52:01.109  1195  1195 D GsmDCT  : [0]isDataAllowed getRecordsLoaded=true
11-26 14:52:01.109  1195  1195 D GsmDCT  : [ApnContext:cbs] getApnSetting: apnSetting=null
11-26 14:52:01.110  1195  1195 D GsmDCT  : [0]isDataAllowed getRecordsLoaded=true
11-26 14:52:01.111  1195  1195 D GsmDCT  : [ApnContext:fota] getApnSetting: apnSetting=null
11-26 14:52:01.112  1195  1195 D GsmDCT  : [0]isDataAllowed getRecordsLoaded=true
11-26 14:52:01.112  1195  1195 D GsmDCT  : [ApnContext:supl] getApnSetting: apnSetting=null
11-26 14:52:01.114  1195  1195 D GsmDCT  : [0]isDataAllowed getRecordsLoaded=true
11-26 14:52:01.114  1195  1195 D GsmDCT  : [ApnContext:ia] getApnSetting: apnSetting=null
11-26 14:52:01.115  1195  1195 D GsmDCT  : [0]isDataAllowed getRecordsLoaded=true
11-26 14:52:01.115  1195  1195 D GsmDCT  : [ApnContext:dun] getApnSetting: apnSetting=null
11-26 14:52:01.117  1195  1195 D GsmDCT  : [0]isDataAllowed getRecordsLoaded=true
11-26 14:52:01.117  1195  1195 D GsmDCT  : [ApnContext:hipri] getApnSetting: apnSetting=null
11-26 14:52:01.119  1195  1195 D GsmDCT  : [0]isDataAllowed getRecordsLoaded=true
11-26 14:52:01.119  1195  1195 D GsmDCT  : [ApnContext:ims] getApnSetting: apnSetting=null
11-26 14:52:01.120  1195  1195 D GsmDCT  : [0]setupDataOnConnectableApns: dataAttached
11-26 14:52:01.120  1195  1195 D GsmDCT  : [0]setupDataOnConnectableApns: apnContext {mApnType=hipri mState=IDLE mWaitingApns={null} mWaitingApnsPermanentFailureCountDown=0 mApnSetting={null} mReason=nwTypeChanged mDataEnabled=false mDependencyMet=true}
11-26 14:52:01.120  1195  1195 D GsmDCT  : [0]setupDataOnConnectableApns: apnContext {mApnType=mms mState=IDLE mWaitingApns={null} mWaitingApnsPermanentFailureCountDown=0 mApnSetting={null} mReason=nwTypeChanged mDataEnabled=false mDependencyMet=true}
11-26 14:52:01.120  1195  1195 D GsmDCT  : [0]setupDataOnConnectableApns: apnContext {mApnType=supl mState=IDLE mWaitingApns={null} mWaitingApnsPermanentFailureCountDown=0 mApnSetting={null} mReason=nwTypeChanged mDataEnabled=false mDependencyMet=true}
11-26 14:52:01.120  1195  1195 D GsmDCT  : [0]setupDataOnConnectableApns: apnContext {mApnType=cbs mState=IDLE mWaitingApns={null} mWaitingApnsPermanentFailureCountDown=0 mApnSetting={null} mReason=nwTypeChanged mDataEnabled=false mDependencyMet=true}
11-26 14:52:01.120  1195  1195 D GsmDCT  : [0]setupDataOnConnectableApns: apnContext {mApnType=dun mState=IDLE mWaitingApns={null} mWaitingApnsPermanentFailureCountDown=0 mApnSetting={null} mReason=nwTypeChanged mDataEnabled=false mDependencyMet=true}
11-26 14:52:01.120  1195  1195 D GsmDCT  : [0]setupDataOnConnectableApns: apnContext {mApnType=fota mState=IDLE mWaitingApns={null} mWaitingApnsPermanentFailureCountDown=0 mApnSetting={null} mReason=nwTypeChanged mDataEnabled=false mDependencyMet=true}
11-26 14:52:01.121  1195  1195 D GsmDCT  : [0]setupDataOnConnectableApns: apnContext {mApnType=ims mState=IDLE mWaitingApns={null} mWaitingApnsPermanentFailureCountDown=0 mApnSetting={null} mReason=nwTypeChanged mDataEnabled=false mDependencyMet=true}
11-26 14:52:01.121  1195  1195 D GsmDCT  : [0]setupDataOnConnectableApns: apnContext {mApnType=default mState=IDLE mWaitingApns={null} mWaitingApnsPermanentFailureCountDown=0 mApnSetting={null} mReason=nwTypeChanged mDataEnabled=false mDependencyMet=true}
11-26 14:52:01.121  1195  1195 D GsmDCT  : [0]setupDataOnConnectableApns: apnContext {mApnType=ia mState=IDLE mWaitingApns={null} mWaitingApnsPermanentFailureCountDown=0 mApnSetting={null} mReason=nwTypeChanged mDataEnabled=false mDependencyMet=true}
11-26 14:52:01.121  1195  1195 D DctController: EVENT_PHONE1_DATA_ATTACH.
11-26 14:52:01.121  1195  1195 D DcSwitchAsyncChannel: [DcSwitchAsyncChannel-0]: notifyDataAttached
11-26 14:52:01.121  1195  1195 D CAT     : CatService: handleMessage[2]
11-26 14:52:01.121  1195  1195 D CAT     : CatService: ril message arrived,slotid:0
11-26 14:52:01.121  1195  1554 D DcSwitchSM: [DcSwitchStateMachine-0] AttachingState: EVENT_DATA_ATTACHED
11-26 14:52:01.121  1195  1554 D DcSwitchSM: [DcSwitchStateMachine-0] AttachedState: enter
11-26 14:52:01.121  1195  1554 D DctController: executeAllRequests, phone:0
11-26 14:52:01.121  1195  1553 D DctController: handleMessage msg={ when=0 what=102 target=com.android.internal.telephony.dataconnection.DctController }
11-26 14:52:01.121  1195  1553 D DctController: onExecuteAllRequests phoneId=0
11-26 14:52:01.121  1195  1625 D CAT     : CommandParamsFactory: process DisplayText
11-26 14:52:01.121  1195  1553 D DctController: onExecuteRequest request=[ request=NetworkRequest [ id=1, legacyType=-1, [ Capabilities: INTERNET&NOT_RESTRICTED&TRUSTED&NOT_VPN] ], executed=false, priority=0]
11-26 14:52:01.121  1195  1553 D GsmDCT  : [0]setEnabled(0, true) with old state = true and enabledCount = 1
11-26 14:52:01.137  1195  1195 D SubscriptionInfoUpdater: [Receiver]+
11-26 14:52:01.138  1195  1195 D SubscriptionInfoUpdater: Action: android.intent.action.SIM_STATE_CHANGED
11-26 14:52:01.138  1195  1195 D SubscriptionInfoUpdater: slotId: 0
11-26 14:52:01.138  1195  1195 D SubscriptionInfoUpdater: simStatus: READY
11-26 14:52:01.138  1195  1195 D SubscriptionInfoUpdater: slotId: 0 simStatus: READY
11-26 14:52:01.138  1195  1195 D PhoneBase: getIccFileHandler: fh=Handler (com.android.internal.telephony.uicc.UsimFileHandler) {1b7d3891}
11-26 14:52:01.138  1195  1195 D SubscriptionInfoUpdater: [Receiver]-
11-26 14:52:01.138  1195  1195 D CAT     : StkAppService: 1called on slot:0
11-26 14:52:01.138  1195  1848 D CAT     : StkAppService$ServiceHandler: DISPLAY_TEXT
11-26 14:52:01.138  1195  1195 D DctController: onSubInfoReady mPhoneNum=1
11-26 14:52:01.138  1195  1195 D DctController: onSubInfoReady handle pending requests subId=1
11-26 14:52:01.138  1195  1195 D DctController: [TNF 1]evalPendingRequest, pending request size is 0
11-26 14:52:01.138  1195  1195 D DctController: processRequests
11-26 14:52:01.138  1195  1195 E PhoneBase: Error! unregisterForCallWaiting() in PhoneBase should not be called, CDMAPhone inactive.
11-26 14:52:01.138  1195  1553 D DctController: handleMessage msg={ when=0 what=100 target=com.android.internal.telephony.dataconnection.DctController }
11-26 14:52:01.139  1195  1553 D DctController: selectExecPhone requestInfo = [ request=NetworkRequest [ id=1, legacyType=-1, [ Capabilities: INTERNET&NOT_RESTRICTED&TRUSTED&NOT_VPN] ], executed=true, priority=0]
11-26 14:52:01.139  1195  1553 D DctController: getTopPriorityRequestPhoneId = 0, priority = 0
11-26 14:52:01.139  1195  1553 D DcSwitchAsyncChannel: [DcSwitchAsyncChannel-0]: rspIsIdle=false
11-26 14:52:01.139  1195  1553 D DctController: onProcessRequest phoneId=0, activePhoneId=0
11-26 14:52:01.143  1195  1195 D TelephonyManager: getTelephonyProperty: return propVal='' phoneId=0 property='gsm.operator.alpha' defaultVal='' prop=
11-26 14:52:01.165  1195  1793 D GsmCellBroadcastHandler: mWakeLock released
11-26 14:52:01.166  1195  1195 E PhoneBase: Error! registerForCallWaiting() in PhoneBase should not be called, CDMAPhone inactive.
11-26 14:52:01.169  1195  1195 D GsmSST  : [GsmSST] SubscriptionListener.onSubscriptionInfoChanged
11-26 14:52:01.169  1195  1195 D GsmDCT  : [0]SubscriptionListener.onSubscriptionInfoChanged
11-26 14:52:01.170  1195  1195 D ModemStackController: Received ACTION_SUBINFO_CONTENT_CHANGE on subId: -1for null intValue: 0
11-26 14:52:01.170  1195  1195 D DctController: got ACTION_SUBINFO_RECORD_UPDATED
11-26 14:52:01.170  1195  1195 D DctController: [TNF 1]update networkCapabilites for subId = 1
11-26 14:52:01.170  1195  1195 D SubscriptionController: [getActiveSubInfoList]+
11-26 14:52:01.171  1195  1195 D SubscriptionController: selection:sim_id>=0 null
11-26 14:52:01.173  1195  1195 D TelephonyManager: getTelephonyProperty: return propVal='cn' phoneId=0 property='gsm.sim.operator.iso-country' defaultVal='' prop=cn
11-26 14:52:01.173  1195  1195 D SubscriptionController: [getSubInfoRecord] id:1 iccid:DUMMY_NV_ID simSlotIndex:0 displayName:CARD 1 nameSource:0 iconTint:-16746133 dataRoaming:0 mcc:460 mnc:1 countIso:cn status:1 nwMode:10
11-26 14:52:01.175  1195  1195 D SubscriptionController: [getActiveSubInfoList]- 1 infos return
11-26 14:52:01.175  1195  1195 D SubscriptionController: [getActiveSubInfoForSubscriber]+ subId=1 subInfo={id=1, iccId=DUMMY_NV_ID simSlotIndex=0 displayName=CARD 1 carrierName= nameSource=0 iconTint=-16746133 dataRoaming=0 iconBitmap=android.graphics.Bitmap@1924d74c mcc 460 mnc 1 mSubStatus=1 mNwMode=10}
11-26 14:52:01.175  1195  1195 D DctController: [TNF 1]INTERNET capability is with subId = 1
11-26 14:52:01.175  1195  1195 D SubscriptionController: registerForOnDemandDdsLockNotification for client=1
11-26 14:52:01.175  1195  1195 D DctController: [TNF 1]Ready to handle network requests
11-26 14:52:01.175  1195  1195 E IccCardProxy: setExternalState: set mPhoneId=0 mExternalState=READY
11-26 14:52:01.175  1195  1195 D TelephonyManager: setTelephonyProperty: success phoneId=0 property=gsm.sim.state value: READY propVal=READY
11-26 14:52:01.176  1195  1195 D IccCardProxy: broadcastIccStateChangedIntent intent ACTION_SIM_STATE_CHANGED value=READY reason=null for mPhoneId=0
11-26 14:52:01.205   784   804 D TelephonyManager: getTelephonyProperty: return propVal='46001' phoneId=0 property='gsm.sim.operator.numeric' defaultVal='' prop=46001
11-26 14:52:01.206  1195  2033 D SubscriptionController: [getActiveSubInfoList]+
11-26 14:52:01.206  1195  2033 D SubscriptionController: selection:sim_id>=0 null
11-26 14:52:01.211  1195  2033 D TelephonyManager: getTelephonyProperty: return propVal='cn' phoneId=0 property='gsm.sim.operator.iso-country' defaultVal='' prop=cn
11-26 14:52:01.211  1195  2033 D SubscriptionController: [getSubInfoRecord] id:1 iccid:DUMMY_NV_ID simSlotIndex:0 displayName:CARD 1 nameSource:0 iconTint:-16746133 dataRoaming:0 mcc:460 mnc:1 countIso:cn status:1 nwMode:10
11-26 14:52:01.218  1195  2033 D SubscriptionController: [getActiveSubInfoList]- 1 infos return
11-26 14:52:01.218   784   804 D TelephonyManager: getTelephonyProperty: return propVal='46001' phoneId=0 property='gsm.operator.numeric' defaultVal='' prop=46001
11-26 14:52:01.227  1195  1195 D GsmDCT  : [0]handleMessage msg={ when=-204ms what=270338 obj=android.os.AsyncResult@23941caa target=com.android.internal.telephony.dataconnection.DcTracker }
11-26 14:52:01.227  1195  1195 D GsmDCT  : [0]onRecordsLoaded: createAllApnList
11-26 14:52:01.227  1195  1195 D GsmDCT  : [0]onRecordsLoaded: createAllApnList
11-26 14:52:01.227  1195  1195 D GsmDCT  : [0]onRecordsLoaded: notifying data availability
11-26 14:52:01.227  1195  1195 D GsmDCT  : [0]isDataAllowed getRecordsLoaded=true
11-26 14:52:01.228  1195  1195 D GsmDCT  : [ApnContext:default] getApnSetting: apnSetting=null
11-26 14:52:01.229  1195  1195 D GsmDCT  : [0]isDataAllowed getRecordsLoaded=true
11-26 14:52:01.229  1195  1195 D GsmDCT  : [ApnContext:mms] getApnSetting: apnSetting=null
11-26 14:52:01.231  1195  1195 D GsmDCT  : [0]isDataAllowed getRecordsLoaded=true
11-26 14:52:01.231  1195  1195 D GsmDCT  : [ApnContext:cbs] getApnSetting: apnSetting=null
11-26 14:52:01.233  1195  1195 D GsmDCT  : [0]isDataAllowed getRecordsLoaded=true
11-26 14:52:01.233  1195  1195 D GsmDCT  : [ApnContext:fota] getApnSetting: apnSetting=null
11-26 14:52:01.234  1195  1195 D GsmDCT  : [0]isDataAllowed getRecordsLoaded=true
11-26 14:52:01.234  1195  1195 D GsmDCT  : [ApnContext:supl] getApnSetting: apnSetting=null
11-26 14:52:01.235  1195  1195 D GsmDCT  : [0]isDataAllowed getRecordsLoaded=true
11-26 14:52:01.236  1195  1195 D GsmDCT  : [ApnContext:ia] getApnSetting: apnSetting=null
11-26 14:52:01.237  1195  1195 D GsmDCT  : [0]isDataAllowed getRecordsLoaded=true
11-26 14:52:01.237  1195  1195 D GsmDCT  : [ApnContext:dun] getApnSetting: apnSetting=null
11-26 14:52:01.238  1195  1195 D GsmDCT  : [0]isDataAllowed getRecordsLoaded=true
11-26 14:52:01.238  1195  1195 D GsmDCT  : [ApnContext:hipri] getApnSetting: apnSetting=null
11-26 14:52:01.241  1195  1195 D GsmDCT  : [0]isDataAllowed getRecordsLoaded=true
11-26 14:52:01.241  1195  1195 D GsmDCT  : [ApnContext:ims] getApnSetting: apnSetting=null
11-26 14:52:01.242  1195  1195 D GsmDCT  : [0]overall state is IDLE
11-26 14:52:01.242  1195  1195 D GSMPhone: [GSMPhone] updateCurrentCarrierInProvider: mSubId = 1 currentDds = 1 operatorNumeric = 46001
11-26 14:52:01.273  1195  1195 D GsmDCT  : [0]tryRestartDataConnections: createAllApnList and cleanUpAllConnections
11-26 14:52:01.273  1195  1195 D GsmDCT  : [0]getOperatorNumberic - returning from card: 46001
11-26 14:52:01.273  1195  1195 D GsmDCT  : [0]createAllApnList: selection=numeric = '46001' and carrier_enabled = 1
