11-26 14:52:01.282  1195  1195 D GsmDCT  : [0]createApnList: X result=[[ApnSettingV3]  3g  (China Unicom), 3162, 46001, 3gnet, , null, , , , -1, default | supl, IP, IP, true, 0, 0, false, 0, 0, 0, 0, , , [ApnSettingV3]  GPRS (China Unicom), 3163, 46001, uninet, , null, , , , -1, default | supl, IP, IP, true, 0, 0, false, 0, 0, 0, 0, , , [ApnSettingV3]  Wap  (China Unicom), 3164, 46001, 3gwap, 10.0.0.172, null, , , 80, -1, *, IP, IP, true, 0, 0, false, 0, 0, 0, 0, , , [ApnSettingV3]  Wap  (China Unicom), 3165, 46001, uniwap, 10.0.0.172, null, , , 80, -1, *, IP, IP, true, 0, 0, false, 0, 0, 0, 0, , , [ApnSettingV3]  3g  (China Unicom), 3166, 46001, 3gwap, , http://mmsc.myuni.com.cn, 10.0.0.172, 80, , -1, mms, IP, IP, true, 0, 0, false, 0, 0, 0, 0, , , [ApnSettingV3]  (China Unicom), 3167, 46001, uniwap, , http://mmsc.myuni.com.cn, 10.0.0.172, 80, , -1, mms, IP, IP, true, 0, 0, false, 0, 0, 0, 0, , , [ApnSettingV3] 3g, 3168, 46001, 3gnet, , , , , , 3, default | supl, IP, IP, true, 0, 0, false, 0, 0, 0, 0, , , [ApnSettingV3] 3gwap, 3169, 46001, 3gwap, 10.0.0.172, , , , 80, 3, default | supl, IP, IP, true, 0, 0, false, 0, 0, 0, 0, , , [ApnSettingV3] 3g, 3170, 46001, 3gwap, , http://mmsc.myuni.com.cn, 10.0.0.172, 80, , 3, mms, IP, IP, true, 0, 0, false, 0, 0, 0, 0, , , [ApnSettingV3] China Unicom 3G, 3171, 46001, 3gnet, , null, , , 80, -1, default | supl, IP, IP, true, 0, 0, false, 0, 0, 0, 0, , , [ApnSettingV3] China Unicom MMS, 3172, 46001, uniwap, , http://mmsc.myuni.com.cn, 10.0.0.172, 80, , -1, mms, IP, IP, true, 0, 0, false, 0, 0, 0, 0, , ]
11-26 14:52:01.285  1195  1195 D GsmDCT  : [0]getPreferredApn: mRequestedApnType=default cursor=android.content.ContentResolver$CursorWrapperInner@1c48309b cursor.count=1
11-26 14:52:01.285  1195  1195 D GsmDCT  : [0]getPreferredApn: apnSetting=[ApnSettingV3]  3g  (China Unicom), 3162, 46001, 3gnet, , null, , , , -1, default | supl, IP, IP, true, 0, 0, false, 0, 0, 0, 0, , 
11-26 14:52:01.285  1195  1195 D GsmDCT  : [0]getPreferredApn: X found apnSetting[ApnSettingV3]  3g  (China Unicom), 3162, 46001, 3gnet, , null, , , , -1, default | supl, IP, IP, true, 0, 0, false, 0, 0, 0, 0, , 
11-26 14:52:01.286  1195  1195 D GsmDCT  : [0]createAllApnList: mPreferredApn=[ApnSettingV3]  3g  (China Unicom), 3162, 46001, 3gnet, , null, , , , -1, default | supl, IP, IP, true, 0, 0, false, 0, 0, 0, 0, , 
11-26 14:52:01.286  1195  1195 D GsmDCT  : [0]createAllApnList: X mAllApnSettings=[[ApnSettingV3]  3g  (China Unicom), 3162, 46001, 3gnet, , null, , , , -1, default | supl, IP, IP, true, 0, 0, false, 0, 0, 0, 0, , , [ApnSettingV3]  GPRS (China Unicom), 3163, 46001, uninet, , null, , , , -1, default | supl, IP, IP, true, 0, 0, false, 0, 0, 0, 0, , , [ApnSettingV3]  Wap  (China Unicom), 3164, 46001, 3gwap, 10.0.0.172, null, , , 80, -1, *, IP, IP, true, 0, 0, false, 0, 0, 0, 0, , , [ApnSettingV3]  Wap  (China Unicom), 3165, 46001, uniwap, 10.0.0.172, null, , , 80, -1, *, IP, IP, true, 0, 0, false, 0, 0, 0, 0, , , [ApnSettingV3]  3g  (China Unicom), 3166, 46001, 3gwap, 10.0.0.172, http://mmsc.myuni.com.cn, 10.0.0.172, 80, 80, -1, mms | default | supl, IP, IP, true, 0, 0, false, 0, 0, 0, 0, , , [ApnSettingV3]  (China Unicom), 3167, 46001, uniwap, , http://mmsc.myuni.com.cn, 10.0.0.172, 80, , -1, mms, IP, IP, true, 0, 0, false, 0, 0, 0, 0, , , [ApnSettingV3] 3g, 3168, 46001, 3gnet, , , , , , 3, default | supl, IP, IP, true, 0, 0, false, 0, 0, 0, 0, , , [ApnSettingV3] 3g, 3170, 46001, 3gwap, , http://mmsc.myuni.com.cn, 10.0.0.172, 80, , 3, mms, IP, IP, true, 0, 0, false, 0, 0, 0, 0, , , [ApnSettingV3] China Unicom 3G, 3171, 46001, 3gnet, , null, , , 80, -1, default | supl, IP, IP, true, 0, 0, false, 0, 0, 0, 0, , , [ApnSettingV3] China Unicom MMS, 3172, 46001, uniwap, , http://mmsc.myuni.com.cn, 10.0.0.172, 80, , -1, mms, IP, IP, true, 0, 0, false, 0, 0, 0, 0, , ]
11-26 14:52:01.286  1195  1195 D GsmDCT  : [0]setDataProfilesAsNeeded
11-26 14:52:01.287  1195  1195 D GsmDCT  : [0]setupDataOnConnectableApns: simLoaded
11-26 14:52:01.287  1195  1195 D GsmDCT  : [0]setupDataOnConnectableApns: apnContext {mApnType=hipri mState=IDLE mWaitingApns={null} mWaitingApnsPermanentFailureCountDown=0 mApnSetting={null} mReason=nwTypeChanged mDataEnabled=false mDependencyMet=true}
11-26 14:52:01.287  1195  1195 D GsmDCT  : [0]setupDataOnConnectableApns: apnContext {mApnType=mms mState=IDLE mWaitingApns={null} mWaitingApnsPermanentFailureCountDown=0 mApnSetting={null} mReason=nwTypeChanged mDataEnabled=false mDependencyMet=true}
11-26 14:52:01.287  1195  1195 D GsmDCT  : [0]setupDataOnConnectableApns: apnContext {mApnType=supl mState=IDLE mWaitingApns={null} mWaitingApnsPermanentFailureCountDown=0 mApnSetting={null} mReason=nwTypeChanged mDataEnabled=false mDependencyMet=true}
11-26 14:52:01.287  1195  1195 D GsmDCT  : [0]setupDataOnConnectableApns: apnContext {mApnType=cbs mState=IDLE mWaitingApns={null} mWaitingApnsPermanentFailureCountDown=0 mApnSetting={null} mReason=nwTypeChanged mDataEnabled=false mDependencyMet=true}
11-26 14:52:01.287  1195  1195 D GsmDCT  : [0]setupDataOnConnectableApns: apnContext {mApnType=dun mState=IDLE mWaitingApns={null} mWaitingApnsPermanentFailureCountDown=0 mApnSetting={null} mReason=nwTypeChanged mDataEnabled=false mDependencyMet=true}
11-26 14:52:01.287  1195  1195 D GsmDCT  : [0]setupDataOnConnectableApns: apnContext {mApnType=fota mState=IDLE mWaitingApns={null} mWaitingApnsPermanentFailureCountDown=0 mApnSetting={null} mReason=nwTypeChanged mDataEnabled=false mDependencyMet=true}
11-26 14:52:01.287  1195  1195 D GsmDCT  : [0]setupDataOnConnectableApns: apnContext {mApnType=ims mState=IDLE mWaitingApns={null} mWaitingApnsPermanentFailureCountDown=0 mApnSetting={null} mReason=nwTypeChanged mDataEnabled=false mDependencyMet=true}
11-26 14:52:01.287  1195  1195 D GsmDCT  : [0]setupDataOnConnectableApns: apnContext {mApnType=default mState=IDLE mWaitingApns={null} mWaitingApnsPermanentFailureCountDown=0 mApnSetting={null} mReason=nwTypeChanged mDataEnabled=false mDependencyMet=true}
11-26 14:52:01.287  1195  1195 D GsmDCT  : [0]setupDataOnConnectableApns: apnContext {mApnType=ia mState=IDLE mWaitingApns={null} mWaitingApnsPermanentFailureCountDown=0 mApnSetting={null} mReason=nwTypeChanged mDataEnabled=false mDependencyMet=true}
11-26 14:52:01.295  1195  1195 D GsmDCT  : [0]handleMessage msg={ when=-173ms what=270349 arg2=1 target=com.android.internal.telephony.dataconnection.DcTracker }
11-26 14:52:01.295  1195  1195 D GsmDCT  : [0]onEnableApn: apnContext={mApnType=default mState=IDLE mWaitingApns={null} mWaitingApnsPermanentFailureCountDown=0 mApnSetting={null} mReason=nwTypeChanged mDataEnabled=false mDependencyMet=true} call applyNewState
11-26 14:52:01.295  1195  1195 D GsmDCT  : [0]applyNewState(default, true(false), true(true))
11-26 14:52:01.295  1195  1195 D GsmDCT  : [0]trySetupData for type:default due to dataEnabled apnContext={mApnType=default mState=IDLE mWaitingApns={null} mWaitingApnsPermanentFailureCountDown=0 mApnSetting={null} mReason=dataEnabled mDataEnabled=true mDependencyMet=true}
11-26 14:52:01.295  1195  1195 D GsmDCT  : [0]trySetupData with mIsPsRestricted=false
11-26 14:52:01.295  1195  1195 D GsmDCT  : [0]isDataAllowed getRecordsLoaded=true
11-26 14:52:01.296  1195  1195 D GsmDCT  : [0]isDataAllowed getRecordsLoaded=true
11-26 14:52:01.296  1195  1195 D GsmDCT  : [ApnContext:mms] getApnSetting: apnSetting=null
11-26 14:52:01.297  1195  1195 D GsmDCT  : [0]isDataAllowed getRecordsLoaded=true
11-26 14:52:01.298  1195  1195 D GsmDCT  : [ApnContext:cbs] getApnSetting: apnSetting=null
11-26 14:52:01.299  1195  1195 D GsmDCT  : [0]isDataAllowed getRecordsLoaded=true
11-26 14:52:01.299  1195  1195 D GsmDCT  : [ApnContext:fota] getApnSetting: apnSetting=null
11-26 14:52:01.301  1195  1195 D GsmDCT  : [0]isDataAllowed getRecordsLoaded=true
11-26 14:52:01.301  1195  1195 D GsmDCT  : [ApnContext:supl] getApnSetting: apnSetting=null
11-26 14:52:01.303  1195  1195 D GsmDCT  : [0]isDataAllowed getRecordsLoaded=true
11-26 14:52:01.303  1195  1195 D GsmDCT  : [ApnContext:ia] getApnSetting: apnSetting=null
11-26 14:52:01.305  1195  1195 D GsmDCT  : [0]isDataAllowed getRecordsLoaded=true
11-26 14:52:01.306  1195  1195 D GsmDCT  : [ApnContext:dun] getApnSetting: apnSetting=null
11-26 14:52:01.307  1195  1195 D GsmDCT  : [0]isDataAllowed getRecordsLoaded=true
11-26 14:52:01.307  1195  1195 D GsmDCT  : [ApnContext:hipri] getApnSetting: apnSetting=null
11-26 14:52:01.309  1195  1195 D GsmDCT  : [0]isDataAllowed getRecordsLoaded=true
11-26 14:52:01.309  1195  1195 D GsmDCT  : [ApnContext:ims] getApnSetting: apnSetting=null
11-26 14:52:01.310  1195  1195 D GsmDCT  : [0]trySetupData: X apnContext not 'ready' retValue=false
11-26 14:52:01.310  1195  1195 D CAT     : CatService: handleMessage[9]
11-26 14:52:01.310  1195  1195 D CAT     : CatService: DISPLAY_TEXT
11-26 14:52:01.310  1195  1195 D CAT     : CatService: Sending CmdMsg: com.android.internal.telephony.cat.CatCmdMessage@3c6e1c38 on slotid:0
11-26 14:52:01.363  1195  1195 D SubscriptionInfoUpdater: [Receiver]+
11-26 14:52:01.363  1195  1195 D SubscriptionInfoUpdater: Action: android.intent.action.SIM_STATE_CHANGED
11-26 14:52:01.363  1195  1195 D SubscriptionInfoUpdater: slotId: 0
11-26 14:52:01.363  1195  1195 D SubscriptionInfoUpdater: simStatus: READY
11-26 14:52:01.363  1195  1195 D SubscriptionInfoUpdater: slotId: 0 simStatus: READY
11-26 14:52:01.363  1195  1195 D PhoneBase: getIccFileHandler: fh=Handler (com.android.internal.telephony.uicc.UsimFileHandler) {1b7d3891}
11-26 14:52:01.363  1195  1195 D SubscriptionInfoUpdater: [Receiver]-
11-26 14:52:01.469  1195  1195 D CAT     : StkAppService: 1called on slot:0
11-26 14:52:01.565   784   804 D TelephonyManager: getTelephonyProperty: return propVal='cn' phoneId=0 property='gsm.operator.iso-country' defaultVal='' prop=cn
11-26 14:52:01.569   784   804 D TelephonyManager: getTelephonyProperty: return propVal='cn' phoneId=0 property='gsm.operator.iso-country' defaultVal='' prop=cn
11-26 14:52:01.597  2089  2089 D TelephonyManager: getTelephonyProperty: return propVal='false' phoneId=0 property='gsm.operator.isroaming' defaultVal='null' prop=false
11-26 14:52:01.625   784   800 D TelephonyManager: getTelephonyProperty: return propVal='cn' phoneId=0 property='gsm.operator.iso-country' defaultVal='' prop=cn
11-26 14:52:01.818   784   919 D TelephonyManager: getTelephonyProperty: return propVal='cn' phoneId=0 property='gsm.operator.iso-country' defaultVal='' prop=cn
11-26 14:52:02.534  1195  1195 D CAT     : com.android.stk.BootCompletedReceiver: [ACTION_BOOT_COMPLETED]
11-26 14:52:02.534  1195  1195 D CAT     : StkAppService: 5called on slot:0
11-26 14:52:02.535  1195  1848 D CAT     : StkAppService$ServiceHandler: OP_BOOT_COMPLETED
11-26 14:52:03.100  2315  2353 D TelephonyManager: getTelephonyProperty: return propVal='cn' phoneId=0 property='gsm.sim.operator.iso-country' defaultVal='' prop=cn
11-26 14:52:03.110  1195  1213 D SubscriptionController: [getActiveSubInfoList]+
11-26 14:52:03.111  1195  1213 D SubscriptionController: selection:sim_id>=0 null
11-26 14:52:03.114  1195  1213 D TelephonyManager: getTelephonyProperty: return propVal='cn' phoneId=0 property='gsm.sim.operator.iso-country' defaultVal='' prop=cn
11-26 14:52:03.114  1195  1213 D SubscriptionController: [getSubInfoRecord] id:1 iccid:DUMMY_NV_ID simSlotIndex:0 displayName:CARD 1 nameSource:0 iconTint:-16746133 dataRoaming:0 mcc:460 mnc:1 countIso:cn status:1 nwMode:10
11-26 14:52:03.117  1195  1213 D SubscriptionController: [getActiveSubInfoList]- 1 infos return
11-26 14:52:03.119  1195  1787 D RILJ    : [3760]> RIL_REQUEST_GSM_SET_BROADCAST_CONFIG with 1 configs :  [SUB0]
11-26 14:52:03.119  1195  1787 D RILJ    : SmsBroadcastConfigInfo: Id [4352,4354] Code [0,255] ENABLED [SUB0]
11-26 14:52:03.207   201   634 D RILC    : RequestComplete, RIL_SOCKET_1
11-26 14:52:03.207   201   634 E RILC    : Send Response to RIL_SOCKET_1
11-26 14:52:03.207  1195  1394 D RILJ    : [3760]< RIL_REQUEST_GSM_SET_BROADCAST_CONFIG  [SUB0]
11-26 14:52:03.209  1195  1787 D RILJ    : [3761]> RIL_REQUEST_GSM_BROADCAST_ACTIVATION [SUB0]
11-26 14:52:03.214   201   634 D RILC    : RequestComplete, RIL_SOCKET_1
11-26 14:52:03.214   201   634 E RILC    : Send Response to RIL_SOCKET_1
11-26 14:52:03.215  1195  1394 D RILJ    : [3761]< RIL_REQUEST_GSM_BROADCAST_ACTIVATION  [SUB0]
11-26 14:52:03.218  1195  1558 D SubscriptionController: [getActiveSubInfoList]+
11-26 14:52:03.219  1195  1558 D SubscriptionController: selection:sim_id>=0 null
11-26 14:52:03.226  1195  1558 D TelephonyManager: getTelephonyProperty: return propVal='cn' phoneId=0 property='gsm.sim.operator.iso-country' defaultVal='' prop=cn
11-26 14:52:03.226  1195  1558 D SubscriptionController: [getSubInfoRecord] id:1 iccid:DUMMY_NV_ID simSlotIndex:0 displayName:CARD 1 nameSource:0 iconTint:-16746133 dataRoaming:0 mcc:460 mnc:1 countIso:cn status:1 nwMode:10
11-26 14:52:03.233  1195  1558 D SubscriptionController: [getActiveSubInfoList]- 1 infos return
11-26 14:52:03.236  1195  1213 D RILJ    : [3762]> RIL_REQUEST_GSM_SET_BROADCAST_CONFIG with 2 configs :  [SUB0]
11-26 14:52:03.237  1195  1213 D RILJ    : SmsBroadcastConfigInfo: Id [4352,4354] Code [0,255] ENABLED [SUB0]
11-26 14:52:03.237  1195  1213 D RILJ    : SmsBroadcastConfigInfo: Id [4356,4356] Code [0,255] ENABLED [SUB0]
11-26 14:52:03.461   201   634 D RILC    : RequestComplete, RIL_SOCKET_1
11-26 14:52:03.461   201   634 E RILC    : Send Response to RIL_SOCKET_1
11-26 14:52:03.462  1195  1394 D RILJ    : [3762]< RIL_REQUEST_GSM_SET_BROADCAST_CONFIG  [SUB0]
11-26 14:52:03.462  1195  1213 D RILJ    : [3763]> RIL_REQUEST_GSM_BROADCAST_ACTIVATION [SUB0]
11-26 14:52:03.474   201   634 D RILC    : RequestComplete, RIL_SOCKET_1
11-26 14:52:03.474   201   634 E RILC    : Send Response to RIL_SOCKET_1
11-26 14:52:03.475  1195  1394 D RILJ    : [3763]< RIL_REQUEST_GSM_BROADCAST_ACTIVATION  [SUB0]
11-26 14:52:03.481  1195  2033 D SubscriptionController: [getActiveSubInfoList]+
11-26 14:52:03.482  1195  2033 D SubscriptionController: selection:sim_id>=0 null
11-26 14:52:03.491  1195  2033 D TelephonyManager: getTelephonyProperty: return propVal='cn' phoneId=0 property='gsm.sim.operator.iso-country' defaultVal='' prop=cn
11-26 14:52:03.491  1195  2033 D SubscriptionController: [getSubInfoRecord] id:1 iccid:DUMMY_NV_ID simSlotIndex:0 displayName:CARD 1 nameSource:0 iconTint:-16746133 dataRoaming:0 mcc:460 mnc:1 countIso:cn status:1 nwMode:10
11-26 14:52:03.499  1195  2033 D SubscriptionController: [getActiveSubInfoList]- 1 infos return
11-26 14:52:03.500  1195  1212 D RILJ    : [3764]> RIL_REQUEST_GSM_SET_BROADCAST_CONFIG with 3 configs :  [SUB0]
11-26 14:52:03.501  1195  1212 D RILJ    : SmsBroadcastConfigInfo: Id [4352,4354] Code [0,255] ENABLED [SUB0]
11-26 14:52:03.501  1195  1212 D RILJ    : SmsBroadcastConfigInfo: Id [4356,4356] Code [0,255] ENABLED [SUB0]
11-26 14:52:03.501  1195  1212 D RILJ    : SmsBroadcastConfigInfo: Id [4371,4372] Code [0,255] ENABLED [SUB0]
11-26 14:52:03.731   201   634 D RILC    : RequestComplete, RIL_SOCKET_1
11-26 14:52:03.731   201   634 E RILC    : Send Response to RIL_SOCKET_1
11-26 14:52:03.732  1195  1394 D RILJ    : [3764]< RIL_REQUEST_GSM_SET_BROADCAST_CONFIG  [SUB0]
11-26 14:52:03.736  1195  1212 D RILJ    : [3765]> RIL_REQUEST_GSM_BROADCAST_ACTIVATION [SUB0]
11-26 14:52:03.745   201   634 D RILC    : RequestComplete, RIL_SOCKET_1
11-26 14:52:03.747   201   634 E RILC    : Send Response to RIL_SOCKET_1
11-26 14:52:03.748  1195  1394 D RILJ    : [3765]< RIL_REQUEST_GSM_BROADCAST_ACTIVATION  [SUB0]
11-26 14:52:03.750  1195  1787 D SubscriptionController: [getActiveSubInfoList]+
11-26 14:52:03.750  1195  1787 D SubscriptionController: selection:sim_id>=0 null
11-26 14:52:03.753  1195  1787 D TelephonyManager: getTelephonyProperty: return propVal='cn' phoneId=0 property='gsm.sim.operator.iso-country' defaultVal='' prop=cn
11-26 14:52:03.753  1195  1787 D SubscriptionController: [getSubInfoRecord] id:1 iccid:DUMMY_NV_ID simSlotIndex:0 displayName:CARD 1 nameSource:0 iconTint:-16746133 dataRoaming:0 mcc:460 mnc:1 countIso:cn status:1 nwMode:10
11-26 14:52:03.755  1195  1787 D SubscriptionController: [getActiveSubInfoList]- 1 infos return
11-26 14:52:03.756  1195  1558 D RILJ    : [3766]> RIL_REQUEST_CDMA_SET_BROADCAST_CONFIG with 1 configs :  [SUB0]
11-26 14:52:03.756  1195  1558 D RILJ    : CdmaSmsBroadcastConfigInfo: Id [4097, 4097] ENABLED [SUB0]
11-26 14:52:03.761   201   634 D RILC    : RequestComplete, RIL_SOCKET_1
11-26 14:52:03.761   201   634 E RILC    : Send Response to RIL_SOCKET_1
11-26 14:52:03.761  1195  1394 D RilRequest: [3766]< RIL_REQUEST_CDMA_SET_BROADCAST_CONFIG error: com.android.internal.telephony.CommandException: GENERIC_FAILURE ret=
11-26 14:52:03.763  1195  1213 D SubscriptionController: [getActiveSubInfoList]+
11-26 14:52:03.764  1195  1213 D SubscriptionController: selection:sim_id>=0 null
11-26 14:52:03.766  1195  1213 D TelephonyManager: getTelephonyProperty: return propVal='cn' phoneId=0 property='gsm.sim.operator.iso-country' defaultVal='' prop=cn
11-26 14:52:03.766  1195  1213 D SubscriptionController: [getSubInfoRecord] id:1 iccid:DUMMY_NV_ID simSlotIndex:0 displayName:CARD 1 nameSource:0 iconTint:-16746133 dataRoaming:0 mcc:460 mnc:1 countIso:cn status:1 nwMode:10
11-26 14:52:03.768  1195  1213 D SubscriptionController: [getActiveSubInfoList]- 1 infos return
11-26 14:52:03.770  1195  2033 D RILJ    : [3767]> RIL_REQUEST_GSM_SET_BROADCAST_CONFIG with 4 configs :  [SUB0]
11-26 14:52:03.770  1195  2033 D RILJ    : SmsBroadcastConfigInfo: Id [4352,4354] Code [0,255] ENABLED [SUB0]
11-26 14:52:03.770  1195  2033 D RILJ    : SmsBroadcastConfigInfo: Id [4356,4356] Code [0,255] ENABLED [SUB0]
11-26 14:52:03.770  1195  2033 D RILJ    : SmsBroadcastConfigInfo: Id [4371,4372] Code [0,255] ENABLED [SUB0]
11-26 14:52:03.770  1195  2033 D RILJ    : SmsBroadcastConfigInfo: Id [4373,4378] Code [0,255] ENABLED [SUB0]
11-26 14:52:03.844   201   330 I RILC    : RIL_SOCKET_1 UNSOLICITED: UNSOL_SIGNAL_STRENGTH length:60
11-26 14:52:03.844   201   330 E RILC    : Send Response to RIL_SOCKET_1
11-26 14:52:03.845  1195  1195 D DefaultPhoneNotifier: notifySignalStrength: mRegistry=com.android.internal.telephony.ITelephonyRegistry$Stub$Proxy@dda10a3 ss=SignalStrength: 99 0 -120 -160 -120 -1 -1 24 -91 -5 300 2147483647 2147483647 gsm|lte sender=Handler (com.android.internal.telephony.gsm.GSMPhone) {14b5ac73}
11-26 14:52:04.002   201   634 D RILC    : RequestComplete, RIL_SOCKET_1
11-26 14:52:04.002   201   634 E RILC    : Send Response to RIL_SOCKET_1
11-26 14:52:04.003  1195  1394 D RILJ    : [3767]< RIL_REQUEST_GSM_SET_BROADCAST_CONFIG  [SUB0]
11-26 14:52:04.005  1195  2033 D RILJ    : [3768]> RIL_REQUEST_GSM_BROADCAST_ACTIVATION [SUB0]
11-26 14:52:04.016   201   634 D RILC    : RequestComplete, RIL_SOCKET_1
11-26 14:52:04.016   201   634 E RILC    : Send Response to RIL_SOCKET_1
11-26 14:52:04.018  1195  1394 D RILJ    : [3768]< RIL_REQUEST_GSM_BROADCAST_ACTIVATION  [SUB0]
11-26 14:52:04.037  1195  1212 D SubscriptionController: [getActiveSubInfoList]+
11-26 14:52:04.038  1195  1212 D SubscriptionController: selection:sim_id>=0 null
11-26 14:52:04.043  1195  1212 D TelephonyManager: getTelephonyProperty: return propVal='cn' phoneId=0 property='gsm.sim.operator.iso-country' defaultVal='' prop=cn
11-26 14:52:04.043  1195  1212 D SubscriptionController: [getSubInfoRecord] id:1 iccid:DUMMY_NV_ID simSlotIndex:0 displayName:CARD 1 nameSource:0 iconTint:-16746133 dataRoaming:0 mcc:460 mnc:1 countIso:cn status:1 nwMode:10
11-26 14:52:04.047  1195  1212 D SubscriptionController: [getActiveSubInfoList]- 1 infos return
11-26 14:52:04.048  1195  1787 D RILJ    : [3769]> RIL_REQUEST_CDMA_SET_BROADCAST_CONFIG with 1 configs :  [SUB0]
11-26 14:52:04.048  1195  1787 D RILJ    : CdmaSmsBroadcastConfigInfo: Id [4098, 4098] ENABLED [SUB0]
11-26 14:52:04.054   201   634 D RILC    : RequestComplete, RIL_SOCKET_1
11-26 14:52:04.054   201   634 E RILC    : Send Response to RIL_SOCKET_1
11-26 14:52:04.054  1195  1394 D RilRequest: [3769]< RIL_REQUEST_CDMA_SET_BROADCAST_CONFIG error: com.android.internal.telephony.CommandException: GENERIC_FAILURE ret=
11-26 14:52:04.056  1195  1558 D SubscriptionController: [getActiveSubInfoList]+
11-26 14:52:04.056  1195  1558 D SubscriptionController: selection:sim_id>=0 null
11-26 14:52:04.059  1195  1558 D TelephonyManager: getTelephonyProperty: return propVal='cn' phoneId=0 property='gsm.sim.operator.iso-country' defaultVal='' prop=cn
11-26 14:52:04.059  1195  1558 D SubscriptionController: [getSubInfoRecord] id:1 iccid:DUMMY_NV_ID simSlotIndex:0 displayName:CARD 1 nameSource:0 iconTint:-16746133 dataRoaming:0 mcc:460 mnc:1 countIso:cn status:1 nwMode:10
11-26 14:52:04.061  1195  1558 D SubscriptionController: [getActiveSubInfoList]- 1 infos return
11-26 14:52:04.062  1195  1213 D RILJ    : [3770]> RIL_REQUEST_GSM_SET_BROADCAST_CONFIG with 4 configs :  [SUB0]
11-26 14:52:04.062  1195  1213 D RILJ    : SmsBroadcastConfigInfo: Id [4352,4354] Code [0,255] ENABLED [SUB0]
11-26 14:52:04.062  1195  1213 D RILJ    : SmsBroadcastConfigInfo: Id [4356,4356] Code [0,255] ENABLED [SUB0]
11-26 14:52:04.062  1195  1213 D RILJ    : SmsBroadcastConfigInfo: Id [4371,4378] Code [0,255] ENABLED [SUB0]
11-26 14:52:04.063  1195  1213 D RILJ    : SmsBroadcastConfigInfo: Id [4379,4379] Code [0,255] ENABLED [SUB0]
11-26 14:52:04.300   201   634 D RILC    : RequestComplete, RIL_SOCKET_1
11-26 14:52:04.300   201   634 E RILC    : Send Response to RIL_SOCKET_1
11-26 14:52:04.301  1195  1394 D RILJ    : [3770]< RIL_REQUEST_GSM_SET_BROADCAST_CONFIG  [SUB0]
11-26 14:52:04.304  1195  1213 D RILJ    : [3771]> RIL_REQUEST_GSM_BROADCAST_ACTIVATION [SUB0]
11-26 14:52:04.318   201   634 D RILC    : RequestComplete, RIL_SOCKET_1
11-26 14:52:04.318   201   634 E RILC    : Send Response to RIL_SOCKET_1
11-26 14:52:04.319  1195  1394 D RILJ    : [3771]< RIL_REQUEST_GSM_BROADCAST_ACTIVATION  [SUB0]
11-26 14:52:04.340  1195  2033 D SubscriptionController: [getActiveSubInfoList]+
11-26 14:52:04.340  1195  2033 D SubscriptionController: selection:sim_id>=0 null
11-26 14:52:04.343  1195  2033 D TelephonyManager: getTelephonyProperty: return propVal='cn' phoneId=0 property='gsm.sim.operator.iso-country' defaultVal='' prop=cn
11-26 14:52:04.343  1195  2033 D SubscriptionController: [getSubInfoRecord] id:1 iccid:DUMMY_NV_ID simSlotIndex:0 displayName:CARD 1 nameSource:0 iconTint:-16746133 dataRoaming:0 mcc:460 mnc:1 countIso:cn status:1 nwMode:10
11-26 14:52:04.345  1195  2033 D SubscriptionController: [getActiveSubInfoList]- 1 infos return
11-26 14:52:04.348  1195  1212 D RILJ    : [3772]> RIL_REQUEST_CDMA_SET_BROADCAST_CONFIG with 1 configs :  [SUB0]
11-26 14:52:04.348  1195  1212 D RILJ    : CdmaSmsBroadcastConfigInfo: Id [4099, 4099] ENABLED [SUB0]
11-26 14:52:04.353   201   634 D RILC    : RequestComplete, RIL_SOCKET_1
11-26 14:52:04.353   201   634 E RILC    : Send Response to RIL_SOCKET_1
11-26 14:52:04.353  1195  1394 D RilRequest: [3772]< RIL_REQUEST_CDMA_SET_BROADCAST_CONFIG error: com.android.internal.telephony.CommandException: GENERIC_FAILURE ret=
11-26 14:52:04.355  1195  1787 D SubscriptionController: [getActiveSubInfoList]+
11-26 14:52:04.356  1195  1787 D SubscriptionController: selection:sim_id>=0 null
11-26 14:52:04.359  1195  1787 D TelephonyManager: getTelephonyProperty: return propVal='cn' phoneId=0 property='gsm.sim.operator.iso-country' defaultVal='' prop=cn
11-26 14:52:04.359  1195  1787 D SubscriptionController: [getSubInfoRecord] id:1 iccid:DUMMY_NV_ID simSlotIndex:0 displayName:CARD 1 nameSource:0 iconTint:-16746133 dataRoaming:0 mcc:460 mnc:1 countIso:cn status:1 nwMode:10
11-26 14:52:04.361  1195  1787 D SubscriptionController: [getActiveSubInfoList]- 1 infos return
11-26 14:52:04.362  1195  1558 D RILJ    : [3773]> RIL_REQUEST_GSM_SET_BROADCAST_CONFIG with 4 configs :  [SUB0]
11-26 14:52:04.362  1195  1558 D RILJ    : SmsBroadcastConfigInfo: Id [4352,4354] Code [0,255] ENABLED [SUB0]
11-26 14:52:04.362  1195  1558 D RILJ    : SmsBroadcastConfigInfo: Id [4356,4356] Code [0,255] ENABLED [SUB0]
11-26 14:52:04.362  1195  1558 D RILJ    : SmsBroadcastConfigInfo: Id [4371,4379] Code [0,255] ENABLED [SUB0]
11-26 14:52:04.362  1195  1558 D RILJ    : SmsBroadcastConfigInfo: Id [4370,4370] Code [0,255] ENABLED [SUB0]
11-26 14:52:04.595   201   634 D RILC    : RequestComplete, RIL_SOCKET_1
11-26 14:52:04.595   201   634 E RILC    : Send Response to RIL_SOCKET_1
11-26 14:52:04.596  1195  1394 D RILJ    : [3773]< RIL_REQUEST_GSM_SET_BROADCAST_CONFIG  [SUB0]
11-26 14:52:04.598  1195  1558 D RILJ    : [3774]> RIL_REQUEST_GSM_BROADCAST_ACTIVATION [SUB0]
11-26 14:52:04.609   201   634 D RILC    : RequestComplete, RIL_SOCKET_1
11-26 14:52:04.610   201   634 E RILC    : Send Response to RIL_SOCKET_1
11-26 14:52:04.611  1195  1394 D RILJ    : [3774]< RIL_REQUEST_GSM_BROADCAST_ACTIVATION  [SUB0]
11-26 14:52:04.637  1195  1213 D SubscriptionController: [getActiveSubInfoList]+
11-26 14:52:04.637  1195  1213 D SubscriptionController: selection:sim_id>=0 null
11-26 14:52:04.640  1195  1213 D TelephonyManager: getTelephonyProperty: return propVal='cn' phoneId=0 property='gsm.sim.operator.iso-country' defaultVal='' prop=cn
11-26 14:52:04.640  1195  1213 D SubscriptionController: [getSubInfoRecord] id:1 iccid:DUMMY_NV_ID simSlotIndex:0 displayName:CARD 1 nameSource:0 iconTint:-16746133 dataRoaming:0 mcc:460 mnc:1 countIso:cn status:1 nwMode:10
11-26 14:52:04.642  1195  1213 D SubscriptionController: [getActiveSubInfoList]- 1 infos return
11-26 14:52:04.643  1195  2033 D RILJ    : [3775]> RIL_REQUEST_CDMA_SET_BROADCAST_CONFIG with 1 configs :  [SUB0]
11-26 14:52:04.643  1195  2033 D RILJ    : CdmaSmsBroadcastConfigInfo: Id [4096, 4096] ENABLED [SUB0]
11-26 14:52:04.648   201   634 D RILC    : RequestComplete, RIL_SOCKET_1
11-26 14:52:04.648   201   634 E RILC    : Send Response to RIL_SOCKET_1
11-26 14:52:04.648  1195  1394 D RilRequest: [3775]< RIL_REQUEST_CDMA_SET_BROADCAST_CONFIG error: com.android.internal.telephony.CommandException: GENERIC_FAILURE ret=
11-26 14:52:04.650  1195  1212 D SubscriptionController: [getActiveSubInfoList]+
11-26 14:52:04.651  1195  1212 D SubscriptionController: selection:sim_id>=0 null
11-26 14:52:04.653  1195  1212 D TelephonyManager: getTelephonyProperty: return propVal='cn' phoneId=0 property='gsm.sim.operator.iso-country' defaultVal='' prop=cn
11-26 14:52:04.653  1195  1212 D SubscriptionController: [getSubInfoRecord] id:1 iccid:DUMMY_NV_ID simSlotIndex:0 displayName:CARD 1 nameSource:0 iconTint:-16746133 dataRoaming:0 mcc:460 mnc:1 countIso:cn status:1 nwMode:10
11-26 14:52:04.655  1195  1212 D SubscriptionController: [getActiveSubInfoList]- 1 infos return
11-26 14:52:04.656  1195  1787 D RILJ    : [3776]> RIL_REQUEST_GSM_SET_BROADCAST_CONFIG with 4 configs :  [SUB0]
11-26 14:52:04.656  1195  1787 D RILJ    : SmsBroadcastConfigInfo: Id [4352,4354] Code [0,255] ENABLED [SUB0]
11-26 14:52:04.656  1195  1787 D RILJ    : SmsBroadcastConfigInfo: Id [4356,4356] Code [0,255] ENABLED [SUB0]
11-26 14:52:04.656  1195  1787 D RILJ    : SmsBroadcastConfigInfo: Id [4370,4379] Code [0,255] ENABLED [SUB0]
11-26 14:52:04.657  1195  1787 D RILJ    : SmsBroadcastConfigInfo: Id [4383,4383] Code [0,255] ENABLED [SUB0]
11-26 14:52:04.902   201   634 D RILC    : RequestComplete, RIL_SOCKET_1
11-26 14:52:04.902   201   634 E RILC    : Send Response to RIL_SOCKET_1
11-26 14:52:04.903  1195  1394 D RILJ    : [3776]< RIL_REQUEST_GSM_SET_BROADCAST_CONFIG  [SUB0]
11-26 14:52:04.907  1195  1787 D RILJ    : [3777]> RIL_REQUEST_GSM_BROADCAST_ACTIVATION [SUB0]
11-26 14:52:04.925   201   634 D RILC    : RequestComplete, RIL_SOCKET_1
11-26 14:52:04.925   201   634 E RILC    : Send Response to RIL_SOCKET_1
11-26 14:52:04.926  1195  1394 D RILJ    : [3777]< RIL_REQUEST_GSM_BROADCAST_ACTIVATION  [SUB0]
11-26 14:52:04.941  1195  1558 D SubscriptionController: [getActiveSubInfoList]+
11-26 14:52:04.942  1195  1558 D SubscriptionController: selection:sim_id>=0 null
11-26 14:52:04.945  1195  1558 D TelephonyManager: getTelephonyProperty: return propVal='cn' phoneId=0 property='gsm.sim.operator.iso-country' defaultVal='' prop=cn
11-26 14:52:04.945  1195  1558 D SubscriptionController: [getSubInfoRecord] id:1 iccid:DUMMY_NV_ID simSlotIndex:0 displayName:CARD 1 nameSource:0 iconTint:-16746133 dataRoaming:0 mcc:460 mnc:1 countIso:cn status:1 nwMode:10
11-26 14:52:04.947  1195  1558 D SubscriptionController: [getActiveSubInfoList]- 1 infos return
11-26 14:52:04.951  2315  2353 D TelephonyManager: getTelephonyProperty: return propVal='cn' phoneId=0 property='gsm.sim.operator.iso-country' defaultVal='' prop=cn
11-26 14:52:04.952  2315  2353 D TelephonyManager: getTelephonyProperty: return propVal='cn' phoneId=0 property='gsm.operator.iso-country' defaultVal='' prop=cn
11-26 14:52:04.953  1195  1213 D SubscriptionController: [getActiveSubInfoList]+
11-26 14:52:04.953  1195  1213 D SubscriptionController: selection:sim_id>=0 null
11-26 14:52:04.956  1195  1213 D TelephonyManager: getTelephonyProperty: return propVal='cn' phoneId=0 property='gsm.sim.operator.iso-country' defaultVal='' prop=cn
11-26 14:52:04.956  1195  1213 D SubscriptionController: [getSubInfoRecord] id:1 iccid:DUMMY_NV_ID simSlotIndex:0 displayName:CARD 1 nameSource:0 iconTint:-16746133 dataRoaming:0 mcc:460 mnc:1 countIso:cn status:1 nwMode:10
11-26 14:52:04.958  1195  1213 D SubscriptionController: [getActiveSubInfoList]- 1 infos return
11-26 14:52:04.964  1195  1212 D SubscriptionController: [getActiveSubInfoList]+
11-26 14:52:04.964  1195  1212 D SubscriptionController: selection:sim_id>=0 null
11-26 14:52:04.968  1195  1212 D TelephonyManager: getTelephonyProperty: return propVal='cn' phoneId=0 property='gsm.sim.operator.iso-country' defaultVal='' prop=cn
11-26 14:52:04.968  1195  1212 D SubscriptionController: [getSubInfoRecord] id:1 iccid:DUMMY_NV_ID simSlotIndex:0 displayName:CARD 1 nameSource:0 iconTint:-16746133 dataRoaming:0 mcc:460 mnc:1 countIso:cn status:1 nwMode:10
11-26 14:52:04.970  1195  1212 D SubscriptionController: [getActiveSubInfoList]- 1 infos return
11-26 14:52:04.972  1195  1558 D SubscriptionController: [getActiveSubInfoList]+
11-26 14:52:04.972  1195  1558 D SubscriptionController: selection:sim_id>=0 null
11-26 14:52:04.975  1195  1558 D TelephonyManager: getTelephonyProperty: return propVal='cn' phoneId=0 property='gsm.sim.operator.iso-country' defaultVal='' prop=cn
11-26 14:52:04.975  1195  1558 D SubscriptionController: [getSubInfoRecord] id:1 iccid:DUMMY_NV_ID simSlotIndex:0 displayName:CARD 1 nameSource:0 iconTint:-16746133 dataRoaming:0 mcc:460 mnc:1 countIso:cn status:1 nwMode:10
11-26 14:52:04.977  1195  1558 D SubscriptionController: [getActiveSubInfoList]- 1 infos return
11-26 14:52:04.979  1195  2033 D SubscriptionController: [getActiveSubInfoList]+
11-26 14:52:04.979  1195  2033 D SubscriptionController: selection:sim_id>=0 null
11-26 14:52:04.982  1195  2033 D TelephonyManager: getTelephonyProperty: return propVal='cn' phoneId=0 property='gsm.sim.operator.iso-country' defaultVal='' prop=cn
11-26 14:52:04.982  1195  2033 D SubscriptionController: [getSubInfoRecord] id:1 iccid:DUMMY_NV_ID simSlotIndex:0 displayName:CARD 1 nameSource:0 iconTint:-16746133 dataRoaming:0 mcc:460 mnc:1 countIso:cn status:1 nwMode:10
11-26 14:52:04.984  1195  2033 D SubscriptionController: [getActiveSubInfoList]- 1 infos return
11-26 14:52:06.365   201   330 I RILC    : RIL_SOCKET_1 UNSOLICITED: UNSOL_SIGNAL_STRENGTH length:60
11-26 14:52:06.365   201   330 E RILC    : Send Response to RIL_SOCKET_1
11-26 14:52:06.366  1195  1195 D DefaultPhoneNotifier: notifySignalStrength: mRegistry=com.android.internal.telephony.ITelephonyRegistry$Stub$Proxy@dda10a3 ss=SignalStrength: 99 0 -120 -160 -120 -1 -1 24 -91 -6 300 2147483647 2147483647 gsm|lte sender=Handler (com.android.internal.telephony.gsm.GSMPhone) {14b5ac73}
11-26 14:52:06.699  1195  1553 D DctController: handleMessage msg={ when=-5ms what=3 obj=com.android.internal.os.SomeArgs@2435ebac target=com.android.internal.telephony.dataconnection.DctController }
11-26 14:52:06.699  1195  1553 D DctController: EVENT_DELAYED_RETRY
11-26 14:52:06.699  1195  1553 D DctController:  Retry, switchInfo = SwitchInfo[phoneId = 0, NetworkRequest =null, isDefaultSwitchRequested = true, isOnDemandPsAttachRequested = false, RetryCount = 1
11-26 14:52:06.700  1195  1553 D GsmDCT  : [0]setDataAllowed: enable=true
11-26 14:52:06.700  1195  1553 D RILJ    : [3778]> RIL_REQUEST_ALLOW_DATA true [SUB0]
11-26 14:52:06.707   201   323 D RILC    : RequestComplete, RIL_SOCKET_1
11-26 14:52:06.707   201   323 E RILC    : Send Response to RIL_SOCKET_1
11-26 14:52:06.707  1195  1394 D RilRequest: [3778]< RIL_REQUEST_ALLOW_DATA error: com.android.internal.telephony.CommandException: REQUEST_NOT_SUPPORTED ret=
11-26 14:52:06.710  1195  1553 D DctController: handleMessage msg={ when=-2ms what=2 obj=android.os.AsyncResult@bcbf075 target=com.android.internal.telephony.dataconnection.DctController }
11-26 14:52:06.710  1195  1553 D DctController: EVENT_SET_DATA_ALLOWED_DONE  phoneId :1, switchInfo = SwitchInfo[phoneId = 0, NetworkRequest =null, isDefaultSwitchRequested = true, isOnDemandPsAttachRequested = false, RetryCount = 1
11-26 14:52:06.710  1195  1553 D DctController: Failed, switchInfo = SwitchInfo[phoneId = 0, NetworkRequest =null, isDefaultSwitchRequested = true, isOnDemandPsAttachRequested = false, RetryCount = 1 attempt delayed retry
11-26 14:52:08.171  1195  1553 D DctController: handleMessage msg={ when=-2ms what=3 obj=com.android.internal.os.SomeArgs@1897380a target=com.android.internal.telephony.dataconnection.DctController }
11-26 14:52:08.171  1195  1553 D DctController: EVENT_DELAYED_RETRY
11-26 14:52:08.171  1195  1553 D DctController:  Retry, switchInfo = SwitchInfo[phoneId = 0, NetworkRequest =null, isDefaultSwitchRequested = true, isOnDemandPsAttachRequested = false, RetryCount = 1
11-26 14:52:08.172  1195  1553 D GsmDCT  : [0]setDataAllowed: enable=true
11-26 14:52:08.172  1195  1553 D RILJ    : [3779]> RIL_REQUEST_ALLOW_DATA true [SUB0]
11-26 14:52:08.177   201   323 D RILC    : RequestComplete, RIL_SOCKET_1
11-26 14:52:08.178   201   323 E RILC    : Send Response to RIL_SOCKET_1
11-26 14:52:08.178  1195  1394 D RilRequest: [3779]< RIL_REQUEST_ALLOW_DATA error: com.android.internal.telephony.CommandException: REQUEST_NOT_SUPPORTED ret=
11-26 14:52:08.180  1195  1553 D DctController: handleMessage msg={ when=-1ms what=2 obj=android.os.AsyncResult@2d32187b target=com.android.internal.telephony.dataconnection.DctController }
11-26 14:52:08.180  1195  1553 D DctController: EVENT_SET_DATA_ALLOWED_DONE  phoneId :1, switchInfo = SwitchInfo[phoneId = 0, NetworkRequest =null, isDefaultSwitchRequested = true, isOnDemandPsAttachRequested = false, RetryCount = 1
11-26 14:52:08.181  1195  1553 D DctController: Failed, switchInfo = SwitchInfo[phoneId = 0, NetworkRequest =null, isDefaultSwitchRequested = true, isOnDemandPsAttachRequested = false, RetryCount = 1 attempt delayed retry
11-26 14:52:08.606   201   330 I RILC    : RIL_SOCKET_1 UNSOLICITED: UNSOL_SIGNAL_STRENGTH length:60
11-26 14:52:08.606   201   330 E RILC    : Send Response to RIL_SOCKET_1
11-26 14:52:08.607  1195  1195 D DefaultPhoneNotifier: notifySignalStrength: mRegistry=com.android.internal.telephony.ITelephonyRegistry$Stub$Proxy@dda10a3 ss=SignalStrength: 99 0 -120 -160 -120 -1 -1 25 -88 -6 300 2147483647 2147483647 gsm|lte sender=Handler (com.android.internal.telephony.gsm.GSMPhone) {14b5ac73}
11-26 14:52:08.671   201   323 I RILC    : RIL_SOCKET_1 UNSOLICITED: UNSOL_RESPONSE_VOICE_NETWORK_STATE_CHANGED length:8
11-26 14:52:08.671   201   323 E RILC    : Send Response to RIL_SOCKET_1
11-26 14:52:08.672  1195  1394 D RILJ    : [UNSL]< UNSOL_RESPONSE_VOICE_NETWORK_STATE_CHANGED [SUB0]
11-26 14:52:08.673  1195  1195 D RILJ    : [3780]> OPERATOR [SUB0]
11-26 14:52:08.676  1195  1195 D RILJ    : [3781]> DATA_REGISTRATION_STATE [SUB0]
11-26 14:52:08.679  1195  1195 D RILJ    : [3782]> VOICE_REGISTRATION_STATE [SUB0]
11-26 14:52:08.683  1195  1195 D RILJ    : [3783]> QUERY_NETWORK_SELECTION_MODE [SUB0]
11-26 14:52:08.688   201  2380 D RILC    : RequestComplete, RIL_SOCKET_1
11-26 14:52:08.688   201  2380 E RILC    : Send Response to RIL_SOCKET_1
11-26 14:52:08.690  1195  1394 D RILJ    : [3783]< QUERY_NETWORK_SELECTION_MODE {0} [SUB0]
11-26 14:52:08.690   201  2377 D RILC    : RequestComplete, RIL_SOCKET_1
11-26 14:52:08.690   201  2377 E RILC    : Send Response to RIL_SOCKET_1
11-26 14:52:08.690  1195  1394 D RILJ    : [3780]< OPERATOR {, , 46001} [SUB0]
11-26 14:52:08.691  1195  1195 D GsmSST  : [GsmSST] EVENT_POLL_STATE_OPERATOR: use value from ril
11-26 14:52:08.691  1195  1195 D GsmSST  : [GsmSST] EVENT_POLL_STATE_OPERATOR: 
11-26 14:52:08.691   201  2379 D RILC    : RequestComplete, RIL_SOCKET_1
11-26 14:52:08.691   201  2379 E RILC    : Send Response to RIL_SOCKET_1
11-26 14:52:08.692  1195  1394 D RILJ    : [3782]< VOICE_REGISTRATION_STATE {1, 101d, 002cb31f, 14, null, null, null, 0, null, null, 1, null, null, 0, null} [SUB0]
11-26 14:52:08.692  1195  1195 D PHONE   : [ServiceState] setVoiceRegState=0
11-26 14:52:08.692  1195  1195 E PHONE   : [ServiceState] setState deprecated use setVoiceRegState()
11-26 14:52:08.693   201  2378 D RILC    : RequestComplete, RIL_SOCKET_1
11-26 14:52:08.693   201  2378 E RILC    : Send Response to RIL_SOCKET_1
11-26 14:52:08.693  1195  1394 D RILJ    : [3781]< DATA_REGISTRATION_STATE {1, null, 002cb31f, 14, null, 20, 4125, 446, 2929439, null, null} [SUB0]
11-26 14:52:08.694  1195  1195 D PHONE   : [ServiceState] setDataRegState=0
11-26 14:52:08.694  1195  1195 D PHONE   : [ServiceState] setDataRadioTechnology=14
11-26 14:52:08.694  1195  1195 D GsmSST  : [GsmSST] handlPollStateResultMessage: GsmSST setDataRegState=0 regState=1 dataRadioTechnology=14
11-26 14:52:08.694  1195  1195 D GsmSST  : [GsmSST] Poll ServiceState done:  oldSS=[0 0 voice home data home   46001   46001  LTE LTE CSS not supported -1 -1 RoamInd=-1 DefRoamInd=-1 EmergOnly=false] newSS=[0 0 voice home data home   46001   46001  LTE LTE CSS not supported -1 -1 RoamInd=-1 DefRoamInd=-1 EmergOnly=false] oldMaxDataCalls=20 mNewMaxDataCalls=20 oldReasonDataDenied=-1 mNewReasonDataDenied=-1
11-26 14:52:08.694  1195  1195 D PHONE   : [ServiceState] setNullState=1
11-26 14:52:09.396  1195  1212 D GsmDCT  : [0]fetchDunApn: net.tethering.noprovisioning=true ret: null
11-26 14:52:09.396  1195  1212 D GsmDCT  : [0]hasMatchedTetherApnSetting: APN=null
11-26 14:52:10.931  1195  1195 D CAT     : StkAppService: 2called on slot:0
11-26 14:52:10.933  1195  1848 D CAT     : StkAppService$ServiceHandler: RES_ID_CONFIRM
11-26 14:52:10.933  1195  1848 D CAT     : StkAppService$ServiceHandler: CmdResponse sent on0
11-26 14:52:10.933  1195  1848 D CAT     : StkAppService$ServiceHandler: DISPLAY_TEXT
11-26 14:52:10.950  1195  1195 D CAT     : CatService: handleMessage[6]
11-26 14:52:10.950  1195  1195 D CAT     : CatService: isResponse for last valid cmd: true
11-26 14:52:10.950  1195  1195 D CAT     : CatService: encodeOptionalTags() Unsupported Cmd details=CmdDetails: compRequired=true commandNumber=1 typeOfCommand=33 commandQualifier=1
11-26 14:52:10.950  1195  1195 D RILJ    : [3784]> REQUEST_STK_SEND_TERMINAL_RESPONSE [SUB0]
11-26 14:52:10.969   201   323 D RILC    : RequestComplete, RIL_SOCKET_1
11-26 14:52:10.969   201   323 E RILC    : Send Response to RIL_SOCKET_1
11-26 14:52:10.969  1195  1394 D RILJ    : [3784]< REQUEST_STK_SEND_TERMINAL_RESPONSE  [SUB0]
11-26 14:52:10.970   201   330 I RILC    : RIL_SOCKET_1 UNSOLICITED: UNSOL_STK_SESSION_END length:8
11-26 14:52:10.970   201   330 E RILC    : Send Response to RIL_SOCKET_1
11-26 14:52:10.970  1195  1394 D RILJ    : [UNSL]< UNSOL_STK_SESSION_END [SUB0]
11-26 14:52:10.975  1195  1195 D CAT     : CatService: handleMessage[1]
11-26 14:52:10.975  1195  1195 D CAT     : CatService: ril message arrived,slotid:0
11-26 14:52:11.000  1195  1195 D CAT     : CatService: handleMessage[9]
11-26 14:52:11.000  1195  1195 D CAT     : CatService: SESSION END on 0
11-26 14:52:11.019  1195  1195 D CAT     : StkAppService: 4called on slot:0
11-26 14:52:11.992  1195  1195 D CAT     : StkAppService: 2called on slot:0
11-26 14:52:11.992  1195  1848 D CAT     : StkAppService$ServiceHandler: RES_ID_CONFIRM
11-26 14:52:11.992  1195  1848 D CAT     : StkAppService$ServiceHandler: CmdResponse sent on0
11-26 14:52:12.006  1195  1195 D CAT     : CatService: handleMessage[6]
11-26 14:52:12.006  1195  1195 D CAT     : CatService: isResponse for last valid cmd: false
11-26 14:52:13.086   201   330 I RILC    : RIL_SOCKET_1 UNSOLICITED: UNSOL_SIGNAL_STRENGTH length:60
11-26 14:52:13.086   201   330 E RILC    : Send Response to RIL_SOCKET_1
11-26 14:52:13.086  1195  1195 D DefaultPhoneNotifier: notifySignalStrength: mRegistry=com.android.internal.telephony.ITelephonyRegistry$Stub$Proxy@dda10a3 ss=SignalStrength: 99 0 -120 -160 -120 -1 -1 24 -91 -6 300 2147483647 2147483647 gsm|lte sender=Handler (com.android.internal.telephony.gsm.GSMPhone) {14b5ac73}
11-26 14:52:14.682   201   330 I RILC    : RIL_SOCKET_1 UNSOLICITED: UNSOL_SIGNAL_STRENGTH length:60
11-26 14:52:14.682   201   330 E RILC    : Send Response to RIL_SOCKET_1
11-26 14:52:14.682  1195  1195 D DefaultPhoneNotifier: notifySignalStrength: mRegistry=com.android.internal.telephony.ITelephonyRegistry$Stub$Proxy@dda10a3 ss=SignalStrength: 99 0 -120 -160 -120 -1 -1 24 -90 -6 300 2147483647 2147483647 gsm|lte sender=Handler (com.android.internal.telephony.gsm.GSMPhone) {14b5ac73}
11-26 14:52:15.866  1195  1195 E CdmaSST : [CdmaLteSST] Received message { when=-1ms what=10 target=com.android.internal.telephony.cdma.CdmaLteServiceStateTracker }[10] while being destroyed. Ignoring.
11-26 14:52:16.715  1195  1553 D DctController: handleMessage msg={ when=-5ms what=3 obj=com.android.internal.os.SomeArgs@2435ebac target=com.android.internal.telephony.dataconnection.DctController }
11-26 14:52:16.715  1195  1553 D DctController: EVENT_DELAYED_RETRY
11-26 14:52:16.715  1195  1553 D DctController:  Retry, switchInfo = SwitchInfo[phoneId = 0, NetworkRequest =null, isDefaultSwitchRequested = true, isOnDemandPsAttachRequested = false, RetryCount = 2
11-26 14:52:16.715  1195  1553 D GsmDCT  : [0]setDataAllowed: enable=true
11-26 14:52:16.715  1195  1553 D RILJ    : [3785]> RIL_REQUEST_ALLOW_DATA true [SUB0]
11-26 14:52:16.716   201   323 D RILC    : RequestComplete, RIL_SOCKET_1
11-26 14:52:16.716   201   323 E RILC    : Send Response to RIL_SOCKET_1
11-26 14:52:16.717  1195  1394 D RilRequest: [3785]< RIL_REQUEST_ALLOW_DATA error: com.android.internal.telephony.CommandException: REQUEST_NOT_SUPPORTED ret=
11-26 14:52:16.717  1195  1553 D DctController: handleMessage msg={ when=0 what=2 obj=android.os.AsyncResult@145e55c8 target=com.android.internal.telephony.dataconnection.DctController }
11-26 14:52:16.717  1195  1553 D DctController: EVENT_SET_DATA_ALLOWED_DONE  phoneId :1, switchInfo = SwitchInfo[phoneId = 0, NetworkRequest =null, isDefaultSwitchRequested = true, isOnDemandPsAttachRequested = false, RetryCount = 2
11-26 14:52:16.717  1195  1553 D DctController: Failed, switchInfo = SwitchInfo[phoneId = 0, NetworkRequest =null, isDefaultSwitchRequested = true, isOnDemandPsAttachRequested = false, RetryCount = 2 attempt delayed retry
11-26 14:52:17.570   201   330 I RILC    : RIL_SOCKET_1 UNSOLICITED: UNSOL_SIGNAL_STRENGTH length:60
11-26 14:52:17.570   201   330 E RILC    : Send Response to RIL_SOCKET_1
11-26 14:52:17.572  1195  1195 D DefaultPhoneNotifier: notifySignalStrength: mRegistry=com.android.internal.telephony.ITelephonyRegistry$Stub$Proxy@dda10a3 ss=SignalStrength: 99 0 -120 -160 -120 -1 -1 24 -92 -6 300 2147483647 2147483647 gsm|lte sender=Handler (com.android.internal.telephony.gsm.GSMPhone) {14b5ac73}
11-26 14:52:18.183  1195  1553 D DctController: handleMessage msg={ when=-2ms what=3 obj=com.android.internal.os.SomeArgs@1897380a target=com.android.internal.telephony.dataconnection.DctController }
11-26 14:52:18.183  1195  1553 D DctController: EVENT_DELAYED_RETRY
11-26 14:52:18.183  1195  1553 D DctController:  Retry, switchInfo = SwitchInfo[phoneId = 0, NetworkRequest =null, isDefaultSwitchRequested = true, isOnDemandPsAttachRequested = false, RetryCount = 2
11-26 14:52:18.183  1195  1553 D GsmDCT  : [0]setDataAllowed: enable=true
11-26 14:52:18.183  1195  1553 D RILJ    : [3786]> RIL_REQUEST_ALLOW_DATA true [SUB0]
11-26 14:52:18.190   201   323 D RILC    : RequestComplete, RIL_SOCKET_1
11-26 14:52:18.190   201   323 E RILC    : Send Response to RIL_SOCKET_1
11-26 14:52:18.191  1195  1394 D RilRequest: [3786]< RIL_REQUEST_ALLOW_DATA error: com.android.internal.telephony.CommandException: REQUEST_NOT_SUPPORTED ret=
11-26 14:52:18.194  1195  1553 D DctController: handleMessage msg={ when=-2ms what=2 obj=android.os.AsyncResult@afda661 target=com.android.internal.telephony.dataconnection.DctController }
11-26 14:52:18.194  1195  1553 D DctController: EVENT_SET_DATA_ALLOWED_DONE  phoneId :1, switchInfo = SwitchInfo[phoneId = 0, NetworkRequest =null, isDefaultSwitchRequested = true, isOnDemandPsAttachRequested = false, RetryCount = 2
11-26 14:52:18.194  1195  1553 D DctController: Failed, switchInfo = SwitchInfo[phoneId = 0, NetworkRequest =null, isDefaultSwitchRequested = true, isOnDemandPsAttachRequested = false, RetryCount = 2 attempt delayed retry
11-26 14:52:18.655  1195  1195 D RILJ    : [3787]> SIGNAL_STRENGTH [SUB0]
11-26 14:52:18.670   201  2481 D RILC    : RequestComplete, RIL_SOCKET_1
11-26 14:52:18.670   201  2481 E RILC    : Send Response to RIL_SOCKET_1
11-26 14:52:18.671  1195  1394 D RILJ    : [3787]< SIGNAL_STRENGTH SignalStrength: 99 0 -1 -1 -1 -1 -1 24 92 6 300 2147483647 2147483647 gsm|lte [SUB0]
11-26 14:52:18.673  1195  1195 D DefaultPhoneNotifier: notifySignalStrength: mRegistry=com.android.internal.telephony.ITelephonyRegistry$Stub$Proxy@dda10a3 ss=SignalStrength: 99 0 -120 -160 -120 -1 -1 24 -92 -6 300 2147483647 2147483647 gsm|lte sender=Handler (com.android.internal.telephony.gsm.GSMPhone) {14b5ac73}
11-26 14:52:19.810   201   330 I RILC    : RIL_SOCKET_1 UNSOLICITED: UNSOL_SIGNAL_STRENGTH length:60
11-26 14:52:19.810   201   330 E RILC    : Send Response to RIL_SOCKET_1
11-26 14:52:19.811  1195  1195 D DefaultPhoneNotifier: notifySignalStrength: mRegistry=com.android.internal.telephony.ITelephonyRegistry$Stub$Proxy@dda10a3 ss=SignalStrength: 99 0 -120 -160 -120 -1 -1 24 -91 -5 300 2147483647 2147483647 gsm|lte sender=Handler (com.android.internal.telephony.gsm.GSMPhone) {14b5ac73}
11-26 14:52:24.713   201   330 I RILC    : RIL_SOCKET_1 UNSOLICITED: UNSOL_SIGNAL_STRENGTH length:60
11-26 14:52:24.713   201   330 E RILC    : Send Response to RIL_SOCKET_1
11-26 14:52:24.715  1195  1195 D DefaultPhoneNotifier: notifySignalStrength: mRegistry=com.android.internal.telephony.ITelephonyRegistry$Stub$Proxy@dda10a3 ss=SignalStrength: 99 0 -120 -160 -120 -1 -1 24 -90 -4 300 2147483647 2147483647 gsm|lte sender=Handler (com.android.internal.telephony.gsm.GSMPhone) {14b5ac73}
11-26 14:52:26.725  1195  1553 D DctController: handleMessage msg={ when=-9ms what=3 obj=com.android.internal.os.SomeArgs@2435ebac target=com.android.internal.telephony.dataconnection.DctController }
11-26 14:52:26.725  1195  1553 D DctController: EVENT_DELAYED_RETRY
11-26 14:52:26.725  1195  1553 D DctController:  Retry, switchInfo = SwitchInfo[phoneId = 0, NetworkRequest =null, isDefaultSwitchRequested = true, isOnDemandPsAttachRequested = false, RetryCount = 3
11-26 14:52:26.725  1195  1553 D GsmDCT  : [0]setDataAllowed: enable=true
11-26 14:52:26.725  1195  1553 D RILJ    : [3788]> RIL_REQUEST_ALLOW_DATA true [SUB0]
11-26 14:52:26.726   201   323 D RILC    : RequestComplete, RIL_SOCKET_1
11-26 14:52:26.726   201   323 E RILC    : Send Response to RIL_SOCKET_1
11-26 14:52:26.727  1195  1394 D RilRequest: [3788]< RIL_REQUEST_ALLOW_DATA error: com.android.internal.telephony.CommandException: REQUEST_NOT_SUPPORTED ret=
11-26 14:52:26.727  1195  1553 D DctController: handleMessage msg={ when=0 what=2 obj=android.os.AsyncResult@6b79586 target=com.android.internal.telephony.dataconnection.DctController }
11-26 14:52:26.727  1195  1553 D DctController: EVENT_SET_DATA_ALLOWED_DONE  phoneId :1, switchInfo = SwitchInfo[phoneId = 0, NetworkRequest =null, isDefaultSwitchRequested = true, isOnDemandPsAttachRequested = false, RetryCount = 3
11-26 14:52:26.727  1195  1553 D DctController: Failed, switchInfo = SwitchInfo[phoneId = 0, NetworkRequest =null, isDefaultSwitchRequested = true, isOnDemandPsAttachRequested = false, RetryCount = 3 attempt delayed retry
11-26 14:52:28.197  1195  1553 D DctController: handleMessage msg={ when=-2ms what=3 obj=com.android.internal.os.SomeArgs@1897380a target=com.android.internal.telephony.dataconnection.DctController }
11-26 14:52:28.197  1195  1553 D DctController: EVENT_DELAYED_RETRY
11-26 14:52:28.197  1195  1553 D DctController:  Retry, switchInfo = SwitchInfo[phoneId = 0, NetworkRequest =null, isDefaultSwitchRequested = true, isOnDemandPsAttachRequested = false, RetryCount = 3
11-26 14:52:28.197  1195  1553 D GsmDCT  : [0]setDataAllowed: enable=true
11-26 14:52:28.197  1195  1553 D RILJ    : [3789]> RIL_REQUEST_ALLOW_DATA true [SUB0]
11-26 14:52:28.203   201   323 D RILC    : RequestComplete, RIL_SOCKET_1
11-26 14:52:28.203   201   323 E RILC    : Send Response to RIL_SOCKET_1
11-26 14:52:28.204  1195  1394 D RilRequest: [3789]< RIL_REQUEST_ALLOW_DATA error: com.android.internal.telephony.CommandException: REQUEST_NOT_SUPPORTED ret=
11-26 14:52:28.207  1195  1553 D DctController: handleMessage msg={ when=-2ms what=2 obj=android.os.AsyncResult@375dae47 target=com.android.internal.telephony.dataconnection.DctController }
