03-24 05:37:25.920     0   196 I auditd  : Starting up
03-24 05:37:25.966     0   196 I audit_log: Previous audit logfile detected, rotating
03-24 05:37:25.967     0   196 E audit_rules: Could not read audit rules /data/misc/audit/audit.rules: No such file or directory
03-24 05:37:26.123   190   190 I Vold    : Vold 2.1 (the revenge) firing up
03-24 05:37:26.124   190   190 D Vold    : Volume usbdisk state changing -1 (Initializing) -> 0 (No-Media)
03-24 05:37:26.124   190   190 I Cryptfs : Check if PFE is activated on Boot
03-24 05:37:26.129   190   190 E Cryptfs : Bad magic for real block device /dev/block/platform/msm_sdcc.1/by-name/metadata
03-24 05:37:26.129   190   190 E Cryptfs : Error getting crypt footer and key
11-26 14:51:43.760   784   784 I InstallerConnection: disconnecting...
11-26 14:51:43.861   784   784 I SystemServer: Entered the Android system server!
11-26 14:51:43.913   784   784 I SystemServiceManager: Starting com.android.server.pm.Installer
11-26 14:51:43.923   784   784 I Installer: Waiting for installd to be ready.
11-26 14:51:43.923   784   784 I InstallerConnection: connecting...
11-26 14:51:43.925   784   784 I SystemServiceManager: Starting com.android.server.am.ActivityManagerService$Lifecycle
11-26 14:51:43.957   784   784 I XXXXXX  : choosing minFree values for 32 Bit
11-26 14:51:43.957   784   784 I XXXXXX  : choosing minFree values for 32 Bit
11-26 14:51:43.957   784   784 I XXXXXX  : choosing minFree values for 32 Bit
11-26 14:51:43.957   784   784 I XXXXXX  : choosing minFree values for 32 Bit
11-26 14:51:43.957   784   784 I XXXXXX  : choosing minFree values for 32 Bit
11-26 14:51:43.957   784   784 I XXXXXX  : choosing minFree values for 32 Bit
11-26 14:51:43.965   784   784 I ActivityManager: Memory class: 192
11-26 14:51:43.966   784   805 I ServiceThread: Enabled StrictMode logging for ActivityManager looper.
11-26 14:51:43.968   784   806 I ServiceThread: Enabled StrictMode logging for android.ui looper.
11-26 14:51:44.082   784   784 I IntentFirewall: Read new rules (A:0 B:0 S:0)
11-26 14:51:44.095   784   811 I ServiceThread: Enabled StrictMode logging for android.display looper.
11-26 14:51:44.099   784   784 D AppOps  : AppOpsService published
11-26 14:51:44.099   784   784 I SystemServiceManager: Starting com.android.server.power.PowerManagerService
11-26 14:51:44.108   784   812 I ServiceThread: Enabled StrictMode logging for PowerManagerService looper.
11-26 14:51:46.174   784   784 I SystemServiceManager: Starting com.android.server.display.DisplayManagerService
11-26 14:51:46.193   784   811 I DisplayManagerService: Display device added: DisplayDeviceInfo{"Built-in Screen": uniqueId="local:0", 1080 x 1920, 60.0 fps, supportedRefreshRates [60.0], density 480, 442.451 x 443.345 dpi, appVsyncOff 7500000, presDeadline 12666667, touch INTERNAL, rotation 0, type BUILT_IN, state UNKNOWN, FLAG_DEFAULT_DISPLAY, FLAG_ROTATES_WITH_CONTENT, FLAG_SECURE, FLAG_SUPPORTS_PROTECTED_BUFFERS}
11-26 14:51:46.196   784   784 I SystemServiceManager: Starting phase 100
11-26 14:51:46.196   784   784 I SystemServer: Package Manager
11-26 14:51:46.212   784   784 W PackageManager: No security bridge jar found, using default
11-26 14:51:46.226   784   784 W SystemConfig: No directory /system/etc/sysconfig, skipping
11-26 14:51:46.326   784   784 D SELinuxMMAC: Using policy file /system/etc/security/mac_permissions.xml
11-26 14:51:47.097   784   784 W PackageParser: No actions in intent filter at /system/priv-app/Contacts/Contacts.apk Binary XML file line #362
11-26 14:51:47.408   784   784 W PackageParser: No actions in intent filter at /system/priv-app/Dialer/Dialer.apk Binary XML file line #185
11-26 14:51:48.511   784   784 W PackageParser: Unknown element under <intent-filter>: android at /system/priv-app/Telecom/Telecom.apk Binary XML file line #236
11-26 14:51:48.511   784   784 W PackageParser: Unknown element under <intent-filter>: android at /system/priv-app/Telecom/Telecom.apk Binary XML file line #244
11-26 14:51:48.808   784   784 W PackageParser: No actions in intent filter at /system/app/Bluetooth/Bluetooth.apk Binary XML file line #229
11-26 14:51:48.967   784   784 W PackageParser: No actions in intent filter at /system/app/CMFileManager/CMFileManager.apk Binary XML file line #166
11-26 14:51:49.657   784   784 W PackageParser: Unknown element under <application>: permission at /system/app/Gallery2/Gallery2.apk Binary XML file line #276
11-26 14:51:49.657   784   784 W PackageParser: Unknown element under <application>: permission at /system/app/Gallery2/Gallery2.apk Binary XML file line #279
11-26 14:51:50.773   784   784 W PackageParser: Unknown element under <application>: uses-permission at /system/app/shutdownlistener/shutdownlistener.apk Binary XML file line #11
11-26 14:51:51.064   784   784 W PackageManager: Package com.android.mms desires unavailable shared library com.qrd.wappush; ignoring!
11-26 14:51:51.064   784   784 E PackageManager: updateAllSharedLibrariesLPw failed: Package com.android.dialer requires unavailable shared library com.qualcomm.qti.smartsearch; failing!
11-26 14:51:51.064   784   784 W PackageManager: Package com.android.gallery3d desires unavailable shared library com.google.android.media.effects; ignoring!
11-26 14:51:51.064   784   784 W PackageManager: Package com.android.gallery3d desires unavailable shared library com.google.android.media.effects; ignoring!
11-26 14:51:51.064   784   784 W PackageManager: Package com.android.calculator2 desires unavailable shared library com.sec.android.app.multiwindow; ignoring!
11-26 14:51:51.064   784   784 I PackageManager: Adjusting ABI for : com.android.keychain to armeabi-v7a
11-26 14:51:51.065   784   784 I PackageManager: Adjusting ABI for : com.android.location.fused to armeabi-v7a
11-26 14:51:51.065   784   784 I PackageManager: Adjusting ABI for : com.cyanogenmod.setupwizard to armeabi-v7a
11-26 14:51:51.065   784   784 I PackageManager: Adjusting ABI for : com.android.server.telecom to armeabi-v7a
11-26 14:51:51.066   784   784 I PackageManager: Adjusting ABI for : com.android.inputdevices to armeabi-v7a
11-26 14:51:51.066   784   784 I PackageManager: Adjusting ABI for : com.android.development to armeabi-v7a
11-26 14:51:51.066   784   784 I PackageManager: Adjusting ABI for : cyanogenmod.platform to armeabi-v7a
11-26 14:51:51.066   784   784 I PackageManager: Adjusting ABI for : com.android.providers.settings to armeabi-v7a
11-26 14:51:51.067   784   784 I PackageManager: Adjusting ABI for : com.android.settings to armeabi-v7a
11-26 14:51:51.069   784   784 I PackageManager: Time to scan packages: 4.697 seconds
11-26 14:51:51.069   784   784 W PackageManager: Unknown permission com.google.android.googleapps.permission.GOOGLE_AUTH in package com.android.providers.calendar
11-26 14:51:51.069   784   784 W PackageManager: Unknown permission com.google.android.googleapps.permission.GOOGLE_AUTH.cl in package com.android.providers.calendar
11-26 14:51:51.069   784   784 W PackageManager: Not granting permission android.permission.ACCESS_DOWNLOAD_MANAGER to package com.android.browser (protectionLevel=18 flags=0x49be45)
11-26 14:51:51.069   784   784 W PackageManager: Not granting permission android.permission.SEND_DOWNLOAD_COMPLETED_INTENTS to package com.android.browser (protectionLevel=2 flags=0x49be45)
11-26 14:51:51.069   784   784 W PackageManager: Not granting permission android.permission.WRITE_MEDIA_STORAGE to package com.android.soundrecorder (protectionLevel=18 flags=0x8be45)
11-26 14:51:51.069   784   784 W PackageManager: Unknown permission com.cyngn.cmstats.SEND_ANALYTICS in package com.cyanogenmod.setupwizard
11-26 14:51:51.069   784   784 W PackageManager: Unknown permission com.cyanogen.permission.REQUEST_KILL_SWITCH_OP in package com.cyanogenmod.setupwizard
11-26 14:51:51.070   784   784 W PackageManager: Unknown permission com.google.android.c2dm.permission.RECEIVE in package org.whispersystems.whisperpush
11-26 14:51:51.070   784   784 W PackageManager: Unknown permission com.cyngn.stats.SEND_ANALYTICS in package org.whispersystems.whisperpush
11-26 14:51:51.070   784   784 W PackageManager: Unknown permission com.google.android.c2dm.permission.RECEIVE in package com.cyanogenmod.account
11-26 14:51:51.070   784   784 W PackageManager: Unknown permission android.permission.INSTALL_DRM in package com.android.mms
11-26 14:51:51.070   784   784 W PackageManager: Unknown permission com.qualcomm.permission.USE_PHONE_SERVICE in package com.android.mms
11-26 14:51:51.070   784   784 W PackageManager: Not granting permission android.permission.MANAGE_DOCUMENTS to package com.android.mms (protectionLevel=2 flags=0x4049be65)
11-26 14:51:51.070   784   784 W PackageManager: Unknown permission android.permission.NFC_UNLOCK in package com.android.nfc
11-26 14:51:51.070   784   784 W PackageManager: Unknown permission com.google.android.googleapps.permission.GOOGLE_AUTH.mail in package com.android.calendar
11-26 14:51:51.070   784   784 W PackageManager: Unknown permission com.android.launcher.permission.READ_SETTINGS in package com.android.onetimeinitializer
11-26 14:51:51.070   784   784 W PackageManager: Unknown permission com.android.launcher.permission.WRITE_SETTINGS in package com.android.onetimeinitializer
11-26 14:51:51.070   784   784 W PackageManager: Unknown permission com.qualcomm.permission.USE_PHONE_SERVICE in package com.android.dialer
11-26 14:51:51.070   784   784 W PackageManager: Unknown permission com.android.launcher.permission.READ_SETTINGS in package com.cyanogenmod.trebuchet
11-26 14:51:51.070   784   784 W PackageManager: Unknown permission com.android.launcher.permission.WRITE_SETTINGS in package com.cyanogenmod.trebuchet
11-26 14:51:51.070   784   784 W PackageManager: Unknown permission com.cyngn.stats.SEND_ANALYTICS in package com.cyanogenmod.trebuchet
11-26 14:51:51.070   784   784 W PackageManager: Unknown permission android.permission.CANCEL_NOTIFICATIONS in package org.cyanogenmod.theme.chooser
11-26 14:51:51.071   784   784 W PackageManager: Not granting permission android.permission.DELETE_PACKAGES to package com.svox.pico (protectionLevel=18 flags=0x8be45)
11-26 14:51:51.071   784   784 W PackageManager: Unknown permission android.permission.ACCESS_SUPERUSER in package com.cyanogenmod.filemanager
11-26 14:51:51.071   784   784 W PackageManager: Unknown permission com.cyanogenmod.filemanager.permissions.READ_THEME in package com.cyanogenmod.filemanager
11-26 14:51:51.071   784   784 W PackageManager: Unknown permission com.google.android.gallery3d.permission.PICASA_STORE in package com.android.dreams.phototable
11-26 14:51:51.071   784   784 W PackageManager: Unknown permission com.google.android.googleapps.permission.GOOGLE_AUTH in package com.android.settings
11-26 14:51:51.071   784   784 W PackageManager: Unknown permission com.android.launcher.permission.READ_SETTINGS in package com.android.settings
11-26 14:51:51.071   784   784 W PackageManager: Unknown permission com.android.launcher.permission.WRITE_SETTINGS in package com.android.settings
11-26 14:51:51.071   784   784 W PackageManager: Unknown permission com.cyanogen.permission.REQUEST_KILL_SWITCH_OP in package com.android.settings
11-26 14:51:51.071   784   784 W PackageManager: Unknown permission com.cyngn.stats.SEND_ANALYTICS in package com.android.settings
11-26 14:51:51.071   784   784 W PackageManager: Not granting permission android.permission.DEVICE_POWER to package com.android.deskclock (protectionLevel=2 flags=0x48be45)
11-26 14:51:51.071   784   784 W PackageManager: Unknown permission com.android.deskclock.worldclock.permissions.WRITE_DATABASE in package com.android.deskclock
11-26 14:51:51.071   784   784 W PackageManager: Unknown permission com.cyngn.stats.SEND_ANALYTICS in package com.android.systemui
11-26 14:51:51.072   784   784 W PackageManager: Unknown permission com.google.android.gallery3d.permission.GALLERY_PROVIDER in package com.android.bluetooth
11-26 14:51:51.072   784   784 W PackageManager: Unknown permission com.google.android.googleapps.permission.ACCESS_GOOGLE_PASSWORD in package com.android.development
11-26 14:51:51.072   784   784 W PackageManager: Unknown permission com.google.android.googleapps.permission.GOOGLE_AUTH in package com.android.development
11-26 14:51:51.072   784   784 W PackageManager: Unknown permission com.google.android.googleapps.permission.GOOGLE_AUTH.ALL_SERVICES in package com.android.development
11-26 14:51:51.072   784   784 W PackageManager: Unknown permission com.google.android.googleapps.permission.GOOGLE_AUTH.YouTubeUser in package com.android.development
11-26 14:51:51.072   784   784 V PackageManager: Disabling com.google.android.gsf/com.google.android.gsf.update.SystemUpdateActivity
11-26 14:51:51.072   784   784 W PackageManager: Unable to disable com.google.android.gsf/com.google.android.gsf.update.SystemUpdateActivity
11-26 14:51:51.072   784   784 V PackageManager: Disabling com.google.android.gsf/com.google.android.gsf.update.SystemUpdateService$Receiver
11-26 14:51:51.072   784   784 W PackageManager: Unable to disable com.google.android.gsf/com.google.android.gsf.update.SystemUpdateService$Receiver
11-26 14:51:51.072   784   784 V PackageManager: Disabling com.google.android.gsf/com.google.android.gsf.update.SystemUpdateService$SecretCodeReceiver
11-26 14:51:51.072   784   784 W PackageManager: Unable to disable com.google.android.gsf/com.google.android.gsf.update.SystemUpdateService$SecretCodeReceiver
11-26 14:51:51.072   784   784 V PackageManager: Disabling com.google.android.gms/com.google.android.gms.update.SystemUpdateActivity
11-26 14:51:51.072   784   784 W PackageManager: Unable to disable com.google.android.gms/com.google.android.gms.update.SystemUpdateActivity
11-26 14:51:51.072   784   784 V PackageManager: Disabling com.google.android.gms/com.google.android.gms.update.SystemUpdateService$Receiver
11-26 14:51:51.072   784   784 W PackageManager: Unable to disable com.google.android.gms/com.google.android.gms.update.SystemUpdateService$Receiver
11-26 14:51:51.072   784   784 V PackageManager: Disabling com.google.android.gms/com.google.android.gms.update.SystemUpdateService$ActiveReceiver
11-26 14:51:51.072   784   784 W PackageManager: Unable to disable com.google.android.gms/com.google.android.gms.update.SystemUpdateService$ActiveReceiver
11-26 14:51:51.072   784   784 V PackageManager: Disabling com.google.android.gms/com.google.android.gms.update.SystemUpdateService$SecretCodeReceiver
11-26 14:51:51.072   784   784 W PackageManager: Unable to disable com.google.android.gms/com.google.android.gms.update.SystemUpdateService$SecretCodeReceiver
11-26 14:51:51.072   784   784 V PackageManager: Enabling com.google.android.gsf/com.google.android.gsf.update.SystemUpdateService
11-26 14:51:51.072   784   784 W PackageManager: Unable to enable com.google.android.gsf/com.google.android.gsf.update.SystemUpdateService
11-26 14:51:51.072   784   784 V PackageManager: Enabling com.google.android.gms/com.google.android.gms.update.SystemUpdateService
11-26 14:51:51.072   784   784 W PackageManager: Unable to enable com.google.android.gms/com.google.android.gms.update.SystemUpdateService
11-26 14:51:51.158   784   784 I SystemServer: User Service
11-26 14:51:51.170   784   784 I SystemServiceManager: Starting com.android.server.lights.LightsService
11-26 14:51:51.174   784   784 I SystemServiceManager: Starting com.android.server.BatteryService
11-26 14:51:51.187   784   784 I SystemServiceManager: Starting com.android.server.usage.UsageStatsService
11-26 14:51:51.196   784   784 I SystemServiceManager: Starting com.android.server.webkit.WebViewUpdateService
11-26 14:51:51.198   784   784 I SystemServer: Reading configuration...
11-26 14:51:51.198   784   784 I SystemServer: Scheduling Policy
11-26 14:51:51.199   784   784 I SystemServiceManager: Starting com.android.server.telecom.TelecomLoaderService
11-26 14:51:51.199   784   784 I SystemServer: Telephony Registry
11-26 14:51:51.204   784   784 I SystemServer: Entropy Mixer
11-26 14:51:51.216   784   784 I EntropyMixer: Added HW RNG output to entropy pool
11-26 14:51:51.216   784   784 I EntropyMixer: Writing entropy...
11-26 14:51:51.225   784   784 I SystemServer: Account Manager
11-26 14:51:51.234   784   784 I SystemServer: Content Manager
11-26 14:51:51.236   784   784 I SystemServer: System Content Providers
11-26 14:51:51.283   784   784 I SystemServer: Vibrator Service
11-26 14:51:51.286   784   784 I SystemServer: Consumer IR Service
11-26 14:51:51.287   784   784 I SystemServiceManager: Starting com.android.server.AlarmManagerService
11-26 14:51:51.295   784   784 I SystemServer: Init Watchdog
11-26 14:51:51.296   784   784 I SystemServer: Input Manager
11-26 14:51:51.297   784   784 I InputManager: Initializing input manager, mUseDevInputEventForAudioJack=true
11-26 14:51:51.298   784   784 I SystemServer: Window Manager
11-26 14:51:51.341   784   811 I WindowManager: No existing display settings /data/system/display_settings.xml; starting empty
11-26 14:51:51.418   784   784 I InputManager: Starting input manager
11-26 14:51:51.429   784   784 I SystemServer: Bluetooth Manager Service
11-26 14:51:51.447   784   784 I SystemServer: Input Method Service
11-26 14:51:51.456   784   784 W InputMethodManagerService: Couldn't create dir.: /data/system/inputmethod
11-26 14:51:51.483   784   784 I SystemServer: Accessibility Manager
11-26 14:51:51.502   784   784 I XXXXXX  : choosing minFree values for 32 Bit
11-26 14:51:51.502   784   784 I XXXXXX  : choosing minFree values for 32 Bit
11-26 14:51:51.502   784   784 I XXXXXX  : choosing minFree values for 32 Bit
11-26 14:51:51.502   784   784 I XXXXXX  : choosing minFree values for 32 Bit
11-26 14:51:51.503   784   784 I XXXXXX  : choosing minFree values for 32 Bit
11-26 14:51:51.503   784   784 I XXXXXX  : choosing minFree values for 32 Bit
11-26 14:51:51.504   784   784 I ActivityManager: Config changes=1df8 {1.0 ?mcc?mnc en_US ?layoutDir sw360dp w360dp h640dp 480dpi nrml long port ?uimode ?night -touch -keyb/v/h -nav/h s.2 themeResource=null}
11-26 14:51:51.510   784   784 I ActivityManager: Config changes=508 {1.0 ?mcc?mnc en_US ?layoutDir sw360dp w360dp h567dp 480dpi nrml port ?uimode ?night finger -keyb/v/h -nav/h s.3 themeResource=null}
11-26 14:51:51.512   784   784 I SystemServer: Mount Service
11-26 14:51:51.522   784   784 D MountService: got storage path: null description: Internal storage primary: true removable: false emulated: true mtpReserve: 100 allowMassStorage: false maxFileSize: 0 allowMtp: true
11-26 14:51:51.525   784   784 D MountService: addVolumeLocked() StorageVolume:
11-26 14:51:51.525   784   784 D MountService:     mStorageId=65537 mPath=/storage/emulated/0 mDescriptionId=17041028 
11-26 14:51:51.525   784   784 D MountService:     mPrimary=true mRemovable=false mEmulated=true mMtpReserveSpace=100 
11-26 14:51:51.525   784   784 D MountService:     mAllowMassStorage=false mMaxFileSize=0 mOwner=UserHandle{0} mUuid=null 
11-26 14:51:51.525   784   784 D MountService:     mUserLabel=null mState=null mAllowMtp=true 
11-26 14:51:51.525   784   784 D MountService: got storage path: /storage/usbdisk description: USB storage primary: false removable: true emulated: false mtpReserve: 0 allowMassStorage: false maxFileSize: 0 allowMtp: true
11-26 14:51:51.526   784   784 D MountService: addVolumeLocked() StorageVolume:
11-26 14:51:51.526   784   784 D MountService:     mStorageId=0 mPath=/storage/usbdisk mDescriptionId=17041030 mPrimary=false 
11-26 14:51:51.526   784   784 D MountService:     mRemovable=true mEmulated=false mMtpReserveSpace=0 mAllowMassStorage=false 
11-26 14:51:51.526   784   784 D MountService:     mMaxFileSize=0 mOwner=null mUuid=null mUserLabel=null mState=null 
11-26 14:51:51.526   784   784 D MountService:     mAllowMtp=true 
11-26 14:51:51.538   784   784 W PackageManager: No disk maintenance in 276978538; running immediately
11-26 14:51:51.540   784   784 I SystemServer: LockSettingsService
11-26 14:51:51.547   784   890 D MountService: volume state changed for /storage/usbdisk (unmounted -> removed)
11-26 14:51:51.548   784   888 I MountService: Running fstrim idle maintenance
11-26 14:51:51.550   190   891 I fstrim  : Starting fstrim work...
11-26 14:51:51.550   190   891 I fstrim  : Invoking FITRIM ioctl on /data
11-26 14:51:51.555   784   890 W PackageManager: Unknown permission com.google.android.googleapps.permission.GOOGLE_AUTH in package com.android.providers.calendar
11-26 14:51:51.555   784   890 W PackageManager: Unknown permission com.google.android.googleapps.permission.GOOGLE_AUTH.cl in package com.android.providers.calendar
11-26 14:51:51.556   784   784 I SystemServiceManager: Starting com.android.server.devicepolicy.DevicePolicyManagerService$Lifecycle
11-26 14:51:51.556   784   890 W PackageManager: Not granting permission android.permission.ACCESS_DOWNLOAD_MANAGER to package com.android.browser (protectionLevel=18 flags=0x49be45)
11-26 14:51:51.556   784   890 W PackageManager: Not granting permission android.permission.SEND_DOWNLOAD_COMPLETED_INTENTS to package com.android.browser (protectionLevel=2 flags=0x49be45)
11-26 14:51:51.556   784   890 W PackageManager: Not granting permission android.permission.WRITE_MEDIA_STORAGE to package com.android.soundrecorder (protectionLevel=18 flags=0x8be45)
11-26 14:51:51.557   784   890 W PackageManager: Unknown permission com.cyngn.cmstats.SEND_ANALYTICS in package com.cyanogenmod.setupwizard
11-26 14:51:51.557   784   890 W PackageManager: Unknown permission com.cyanogen.permission.REQUEST_KILL_SWITCH_OP in package com.cyanogenmod.setupwizard
11-26 14:51:51.557   784   890 W PackageManager: Unknown permission com.google.android.c2dm.permission.RECEIVE in package org.whispersystems.whisperpush
11-26 14:51:51.557   784   890 W PackageManager: Unknown permission com.cyngn.stats.SEND_ANALYTICS in package org.whispersystems.whisperpush
11-26 14:51:51.558   784   890 W PackageManager: Unknown permission com.google.android.c2dm.permission.RECEIVE in package com.cyanogenmod.account
11-26 14:51:51.558   784   890 W PackageManager: Unknown permission android.permission.INSTALL_DRM in package com.android.mms
11-26 14:51:51.559   784   890 W PackageManager: Unknown permission com.qualcomm.permission.USE_PHONE_SERVICE in package com.android.mms
11-26 14:51:51.559   784   890 W PackageManager: Not granting permission android.permission.MANAGE_DOCUMENTS to package com.android.mms (protectionLevel=2 flags=0x4049be65)
11-26 14:51:51.559   784   890 W PackageManager: Unknown permission android.permission.NFC_UNLOCK in package com.android.nfc
11-26 14:51:51.560   784   890 W PackageManager: Unknown permission com.google.android.googleapps.permission.GOOGLE_AUTH.mail in package com.android.calendar
11-26 14:51:51.560   784   890 W PackageManager: Unknown permission com.android.launcher.permission.READ_SETTINGS in package com.android.onetimeinitializer
11-26 14:51:51.560   784   890 W PackageManager: Unknown permission com.android.launcher.permission.WRITE_SETTINGS in package com.android.onetimeinitializer
11-26 14:51:51.561   784   890 W PackageManager: Unknown permission com.qualcomm.permission.USE_PHONE_SERVICE in package com.android.dialer
11-26 14:51:51.561   784   890 W PackageManager: Unknown permission com.android.launcher.permission.READ_SETTINGS in package com.cyanogenmod.trebuchet
11-26 14:51:51.561   784   890 W PackageManager: Unknown permission com.android.launcher.permission.WRITE_SETTINGS in package com.cyanogenmod.trebuchet
11-26 14:51:51.561   784   890 W PackageManager: Unknown permission com.cyngn.stats.SEND_ANALYTICS in package com.cyanogenmod.trebuchet
11-26 14:51:51.562   784   890 W PackageManager: Unknown permission android.permission.CANCEL_NOTIFICATIONS in package org.cyanogenmod.theme.chooser
11-26 14:51:51.562   784   890 W PackageManager: Not granting permission android.permission.DELETE_PACKAGES to package com.svox.pico (protectionLevel=18 flags=0x8be45)
11-26 14:51:51.562   784   890 W PackageManager: Unknown permission android.permission.ACCESS_SUPERUSER in package com.cyanogenmod.filemanager
11-26 14:51:51.562   784   890 W PackageManager: Unknown permission com.cyanogenmod.filemanager.permissions.READ_THEME in package com.cyanogenmod.filemanager
11-26 14:51:51.562   784   890 W PackageManager: Unknown permission com.google.android.gallery3d.permission.PICASA_STORE in package com.android.dreams.phototable
11-26 14:51:51.563   784   890 W PackageManager: Unknown permission com.google.android.googleapps.permission.GOOGLE_AUTH in package com.android.settings
11-26 14:51:51.563   784   890 W PackageManager: Unknown permission com.android.launcher.permission.READ_SETTINGS in package com.android.settings
11-26 14:51:51.563   784   890 W PackageManager: Unknown permission com.android.launcher.permission.WRITE_SETTINGS in package com.android.settings
11-26 14:51:51.564   784   890 W PackageManager: Unknown permission com.cyanogen.permission.REQUEST_KILL_SWITCH_OP in package com.android.settings
11-26 14:51:51.564   784   890 W PackageManager: Unknown permission com.cyngn.stats.SEND_ANALYTICS in package com.android.settings
11-26 14:51:51.569   784   890 W PackageManager: Not granting permission android.permission.DEVICE_POWER to package com.android.deskclock (protectionLevel=2 flags=0x48be45)
11-26 14:51:51.569   784   890 W PackageManager: Unknown permission com.android.deskclock.worldclock.permissions.WRITE_DATABASE in package com.android.deskclock
11-26 14:51:51.570   784   890 W PackageManager: Unknown permission com.cyngn.stats.SEND_ANALYTICS in package com.android.systemui
11-26 14:51:51.570   784   890 W PackageManager: Unknown permission com.google.android.gallery3d.permission.GALLERY_PROVIDER in package com.android.bluetooth
11-26 14:51:51.570   784   890 W PackageManager: Unknown permission com.google.android.googleapps.permission.ACCESS_GOOGLE_PASSWORD in package com.android.development
11-26 14:51:51.571   784   890 W PackageManager: Unknown permission com.google.android.googleapps.permission.GOOGLE_AUTH in package com.android.development
11-26 14:51:51.571   784   890 W PackageManager: Unknown permission com.google.android.googleapps.permission.GOOGLE_AUTH.ALL_SERVICES in package com.android.development
11-26 14:51:51.571   784   890 W PackageManager: Unknown permission com.google.android.googleapps.permission.GOOGLE_AUTH.YouTubeUser in package com.android.development
11-26 14:51:51.654   784   804 I UsageStatsService: User[0] Rollover scheduled @ 2016-11-27 08:00:00(1480204800000)
11-26 14:51:51.676   784   784 I SystemServer: Status Bar
11-26 14:51:51.678   784   784 I SystemServer: Clipboard Service
11-26 14:51:51.680   784   784 W ClipboardService: No security bridge jar found, using default
11-26 14:51:51.681   784   784 I SystemServer: TorchService
11-26 14:51:51.900   784   784 I SystemServer: NetworkManagement Service
11-26 14:51:51.906   784   784 I SystemServer: Text Service Manager Service
11-26 14:51:51.912   784   784 I SystemServer: Network Score Service
11-26 14:51:51.913   784   784 I SystemServer: NetworkStats Service
11-26 14:51:51.932   784   784 I SystemServer: NetworkPolicy Service
11-26 14:51:51.946   784   784 I SystemServiceManager: Starting com.android.server.wifi.p2p.WifiP2pService
11-26 14:51:52.007   784   784 I SystemServiceManager: Starting com.android.server.wifi.WifiService
11-26 14:51:52.182   784   784 I SystemServiceManager: Starting com.android.server.wifi.WifiScanningService
11-26 14:51:52.183   784   784 I SystemServiceManager: Starting com.android.server.wifi.RttService
11-26 14:51:52.185   784   784 I SystemServiceManager: Starting com.android.server.ethernet.EthernetService
11-26 14:51:52.190   784   784 I SystemServer: Connectivity Service
11-26 14:51:52.194   784   784 D ConnectivityService: ConnectivityService starting up
11-26 14:51:52.202   784   784 D ConnectivityService: wifiOnly=false
11-26 14:51:52.202   784   784 E ConnectivityService: Ignoring protectedNetwork 15
11-26 14:51:52.218   784   784 I SystemServer: Network Service Discovery Service
11-26 14:51:52.222   784   784 D NsdService: Network service discovery enabled true
11-26 14:51:52.227   784   784 I SystemServer: DPM Service
11-26 14:51:52.227   784   784 I SystemServer: DPM configuration set to 0
11-26 14:51:52.227   784   784 I SystemServer: UpdateLock Service
11-26 14:51:52.549   784   784 I SystemServiceManager: Starting com.android.server.notification.NotificationManagerService
11-26 14:51:52.574   784   784 D ZenLog  : set_zen_mode: no_interruptions,setting
11-26 14:51:52.574   784   784 D ZenLog  : update_zen_mode: off -> no_interruptions
11-26 14:51:52.577   784   784 I SystemServiceManager: Starting com.android.server.storage.DeviceStorageMonitorService
11-26 14:51:52.581   784   784 I SystemServer: Location Manager
11-26 14:51:52.584   784   784 I SystemServer: Country Detector
11-26 14:51:52.585   784   784 I SystemServer: Search Service
11-26 14:51:52.588   784   784 I SystemServer: DropBox Service
11-26 14:51:52.590   784   784 I SystemServer: Wallpaper Service
11-26 14:51:52.598   784   784 W WallpaperManagerService: no current wallpaper -- first boot?
11-26 14:51:52.599   784   784 I SystemServer: Profile Manager
11-26 14:51:52.605   784   915 D WifiService: New client listening to asynchronous messages
11-26 14:51:52.615   784   784 I SystemServer: Audio Service
11-26 14:51:52.663   784   784 I SystemServiceManager: Starting com.android.server.DockObserver
11-26 14:51:52.665   784   784 W DockObserver: This kernel does not have dock station support
11-26 14:51:52.665   784   784 I SystemServer: Wired Accessory Manager
11-26 14:51:52.670   784   784 I SystemServiceManager: Starting com.android.server.usb.UsbService$Lifecycle
11-26 14:51:52.679   784   784 I SystemServer: Serial Service
11-26 14:51:52.680   784   784 I SystemServiceManager: Starting com.android.server.twilight.TwilightService
11-26 14:51:52.687   784   784 I SystemServiceManager: Starting com.android.server.UiModeManagerService
11-26 14:51:52.691   784   784 I SystemServiceManager: Starting com.android.server.job.JobSchedulerService
11-26 14:51:52.705   784   784 D JobStore: job-info
11-26 14:51:52.708   784   784 I SystemServiceManager: Starting com.android.server.backup.BackupManagerService$Lifecycle
11-26 14:51:52.712   784   784 I SystemServiceManager: Starting com.android.server.appwidget.AppWidgetService
11-26 14:51:52.718   784   784 I SystemServiceManager: Starting com.android.server.voiceinteraction.VoiceInteractionManagerService
11-26 14:51:52.723   784   784 W SoundTriggerHelper: listModules status=0, # of modules=0
11-26 14:51:52.723   784   784 I SystemServer: DiskStats Service
11-26 14:51:52.724   784   784 I SystemServer: SamplingProfiler Service
11-26 14:51:52.749   784   784 I SystemServer: NetworkTimeUpdateService
11-26 14:51:52.751   784   784 I SystemServer: CommonTimeManagementService
11-26 14:51:52.754   784   784 I SystemServer: CertBlacklister
11-26 14:51:52.756   784   784 I SystemServiceManager: Starting com.android.server.dreams.DreamManagerService
11-26 14:51:52.760   784   784 I SystemServer: Assets Atlas Service
11-26 14:51:52.765   784   784 I SystemServiceManager: Starting com.android.server.print.PrintManagerService
11-26 14:51:52.768   784   784 I SystemServiceManager: Starting com.android.server.restrictions.RestrictionsManagerService
11-26 14:51:52.775   784   784 I SystemServiceManager: Starting com.android.server.media.MediaSessionService
11-26 14:51:52.791   784   784 I SystemServer: Theme Service
11-26 14:51:52.806   784   784 I SystemServer: KillSwitch Service
11-26 14:51:52.807   784   784 I SystemServer: Media Router Service
11-26 14:51:52.809   784   784 I SystemServiceManager: Starting com.android.server.trust.TrustManagerService
11-26 14:51:52.811   784   784 I SystemServiceManager: Starting com.android.server.fingerprint.FingerprintService
11-26 14:51:52.812   784   784 I SystemServer: BackgroundDexOptService
11-26 14:51:52.815   784   784 I SystemServer: CmHardwareService
11-26 14:51:52.821   784   784 I SystemServiceManager: Starting com.android.server.pm.LauncherAppsService
11-26 14:51:52.823   784   784 D SystemServer: Wipower not supported
11-26 14:51:52.823   784   784 I SystemServer: EdgeGesture service
11-26 14:51:52.824   784   784 I SystemServiceManager: Starting com.android.server.media.projection.MediaProjectionManagerService
11-26 14:51:52.836   784   784 I SystemServiceManager: Starting com.android.server.MmsServiceBroker
11-26 14:51:52.874   784   784 E LockSettingsStorage: Cannot read file java.io.FileNotFoundException: /data/system/password.key: open failed: ENOENT (No such file or directory)
11-26 14:51:52.875   784   784 E LockSettingsStorage: Cannot read file java.io.FileNotFoundException: /data/system/gesture.key: open failed: ENOENT (No such file or directory)
11-26 14:51:52.875   784   784 I SystemServiceManager: Starting phase 480
11-26 14:51:52.903   784   784 I SystemServiceManager: Starting phase 500
11-26 14:51:52.904   784   784 I WifiService: WifiService starting up with Wi-Fi disabled
11-26 14:51:52.921   784   784 D WifiScanningService: New client, channel: null messenger: null
11-26 14:51:52.928   784   916 D ConnectivityService: Got NetworkFactory Messenger for Ethernet
11-26 14:51:52.934   784   784 I ActivityManager: Config changes=200 {1.0 ?mcc?mnc en_US ?layoutDir sw360dp w360dp h567dp 480dpi nrml port finger -keyb/v/h -nav/h s.4 themeResource=null}
11-26 14:51:52.948   784   784 V BackupManagerService: No ancestral data
11-26 14:51:52.954   784   784 D BackupManagerService: Now staging backup of com.android.providers.telephony
11-26 14:51:53.020   784   784 D BackupManagerService: Now staging backup of com.android.browser
11-26 14:51:53.053   784   784 D BackupManagerService: Now staging backup of android
11-26 14:51:53.084   784   784 D BackupManagerService: Now staging backup of com.android.mms
11-26 14:51:53.109   784   784 D BackupManagerService: Now staging backup of com.android.nfc
11-26 14:51:53.155   784   784 D BackupManagerService: Now staging backup of com.android.calendar
11-26 14:51:53.179   784   784 D BackupManagerService: Now staging backup of com.android.providers.settings
11-26 14:51:53.211   784   784 D BackupManagerService: Now staging backup of com.android.sharedstoragebackup
11-26 14:51:53.249   784   784 D BackupManagerService: Now staging backup of com.android.dialer
11-26 14:51:53.285   784   784 D BackupManagerService: Now staging backup of com.cyanogenmod.trebuchet
11-26 14:51:53.296   784   784 D BackupManagerService: Now staging backup of com.android.providers.userdictionary
11-26 14:51:53.305   784   784 V BackupManagerService: Starting with transport com.google.android.backup/.BackupTransportService
11-26 14:51:53.306   784   784 V BackupManagerService: Found transports: 1
11-26 14:51:53.306   784   784 I BackupManagerService: Binding to transport host ComponentInfo{android/com.android.internal.backup.LocalTransportService}
11-26 14:51:53.323   784   784 I BackupManagerService: Found stale backup journal, scheduling
11-26 14:51:53.390   784   812 D LiveDisplay: Adjust display temperature to 6500K [r=1.0 g=1.0 b=1.0]
11-26 14:51:53.433   784   784 I SystemServer: org.cyanogenmod.platform.internal.CMStatusBarManagerService
11-26 14:51:53.446   784   784 I SystemServiceManager: Starting org.cyanogenmod.platform.internal.CMStatusBarManagerService
11-26 14:51:53.456   784   784 D TaskPersister: removeObsoleteFile: deleting file=263_task_thumbnail.png
11-26 14:51:53.462   784   784 I AppOps  : Pruning old package media/1013: new uid=-1
11-26 14:51:53.464   784   784 I ActivityManager: System now ready
11-26 14:51:53.466   784   811 I DisplayManagerService: Display device changed: DisplayDeviceInfo{"Built-in Screen": uniqueId="local:0", 1080 x 1920, 60.0 fps, supportedRefreshRates [60.0], density 480, 442.451 x 443.345 dpi, appVsyncOff 7500000, presDeadline 12666667, touch INTERNAL, rotation 0, type BUILT_IN, state ON, FLAG_DEFAULT_DISPLAY, FLAG_ROTATES_WITH_CONTENT, FLAG_SECURE, FLAG_SUPPORTS_PROTECTED_BUFFERS}
11-26 14:51:53.468   784   784 I SystemServer: Making services ready
11-26 14:51:53.469   784   784 I SystemServiceManager: Starting phase 550
11-26 14:51:53.481   784   784 I SystemServer: WebViewFactory preparation
11-26 14:51:53.540   784   805 I ActivityManager: Start proc 944:android.process.media/u0a9 for broadcast com.android.providers.media/.MtpReceiver
11-26 14:51:53.570   784   784 I ActivityManager: Start proc 962:WebViewLoader-armeabi-v7a/1037 [android.webkit.WebViewFactory$RelroFileCreator] for 
11-26 14:51:53.608   784   784 I ActivityManager: Start proc 980:com.android.systemui/u0a16 for service com.android.systemui/.SystemUIService
11-26 14:51:53.609   784   888 W MountService: Duplicate state transition (mounted -> mounted) for /storage/emulated/0
11-26 14:51:53.609   784   784 D NetworkManagementService: enabling bandwidth control
11-26 14:51:54.084   784   784 I SystemServiceManager: Starting phase 600
11-26 14:51:54.095   784   784 I BackupManagerService: Backup enabled => false
11-26 14:51:54.095   784   784 I BackupManagerService: Opting out of backup
11-26 14:51:54.099   784   784 E InputMethodManagerService: Ignoring setImeWindowStatus due to an invalid token. uid:1000 token:null
11-26 14:51:54.135   784   784 I ActivityManager: Start proc 1054:com.android.inputmethod.latin/u0a40 for service com.android.inputmethod.latin/.LatinIME
11-26 14:51:54.135   784   784 V InputMethodManagerService: Adding window token: android.os.Binder@2b05b383
11-26 14:51:54.371   784   784 W LocationManagerService: no network location provider found
11-26 14:51:54.373   784   784 E LocationManagerService: no geocoder provider found
11-26 14:51:54.388   784   800 I StatusBarManagerService: registerStatusBar bar=com.android.internal.statusbar.IStatusBar$Stub$Proxy@8a8a145
11-26 14:51:54.453   784   784 E LocationManagerService: Unable to bind FusedProxy.
11-26 14:51:54.455   784   784 E LocationManagerService: Unable to bind FLP Geofence proxy.
11-26 14:51:54.456   784   784 E LocationManagerService: Hardware Activity-Recognition not supported.
11-26 14:51:54.465   784   784 I MmsServiceBroker: systemRunning
11-26 14:51:54.473   784   784 W VoiceInteractionManagerService: no available voice interaction services found for user 0
11-26 14:51:54.473   784   784 W VoiceInteractionManagerService: no available voice recognition services found for user 0
11-26 14:51:54.513   784   784 I ActivityManager: Start proc 1124:org.cyanogenmod.audiofx/u0a0 for added application org.cyanogenmod.audiofx
11-26 14:51:54.557   784   784 I ActivityManager: Start proc 1148:com.android.nfc/1027 for added application com.android.nfc
11-26 14:51:54.588   784   784 I ActivityManager: Start proc 1166:com.android.incallui/u0a8 for added application com.android.incallui
11-26 14:51:54.635   784   784 I ActivityManager: Start proc 1195:com.android.phone/1001 for added application com.android.phone
11-26 14:51:54.636   784   784 I ActivityManager: START u0 {act=android.intent.action.MAIN cat=[android.intent.category.HOME] flg=0x10000000 cmp=com.cyanogenmod.trebuchet/com.android.launcher3.Launcher} from uid 0 on display 0
11-26 14:51:54.643   784   784 V WindowManager: addAppToken: AppWindowToken{1a039b05 token=Token{3bce667c ActivityRecord{2495e96f u0 com.cyanogenmod.trebuchet/com.android.launcher3.Launcher t1}}} to stack=0 task=1 at 0
11-26 14:51:54.707   784   784 I ActivityManager: Start proc 1222:com.cyanogenmod.trebuchet/u0a19 for activity com.cyanogenmod.trebuchet/com.android.launcher3.Launcher
11-26 14:51:54.709   784   784 I SystemServer: Enabled StrictMode for system server main thread.
11-26 14:51:54.756   784   804 I ActivityManager: Start proc 1246:com.android.printspooler/u0a51 for service com.android.printspooler/.model.PrintSpoolerService
11-26 14:51:54.803   784   897 I ActivityManager: Start proc 1269:android.process.acore/u0a6 for content provider com.android.providers.userdictionary/.UserDictionaryProvider
11-26 14:51:54.818   784   784 V ActivityManager: Display changed displayId=0
11-26 14:51:54.889   784   784 V ActivityManager: Display changed displayId=0
11-26 14:51:54.891   784   784 V ActivityManager: Display changed displayId=0
11-26 14:51:54.902   784   784 V ActivityManager: Display changed displayId=0
11-26 14:51:54.919   784   784 I Telecom : TelecomGlobals: TelecomGlobals initializing
11-26 14:51:55.033   784   784 I Telecom : TelecomGlobals: CallsManager initialized
11-26 14:51:55.033   784   784 W ContextImpl: Calling a method in the system process without a qualified user: android.app.ContextImpl.startService:1732 android.content.ContextWrapper.startService:522 com.android.server.telecom.BluetoothPhoneService.start:468 com.android.server.telecom.TelecomGlobals.initialize:101 com.android.server.telecom.TelecomService.onCreate:164 
11-26 14:51:55.037   784   784 I ValidateNoPeople: skipping global notification
11-26 14:51:55.125   784   784 D ZenLog  : intercepted: -1|android|17040867|null|1000,none
11-26 14:51:55.126   784   784 V NotificationService: pkg=android canInterrupt=false intercept=true
11-26 14:51:55.143   784   784 D ZenLog  : downtime: Autotrigger skipped: already in zen
11-26 14:51:55.183   784   784 I ActivityManager: Start proc 1348:com.android.settings/1000 for broadcast com.android.settings/.widget.SettingsAppWidgetProvider
11-26 14:51:55.200   784   784 W ResourcesManager: Asset path '/system/framework/com.android.location.provider.jar' does not exist or contains no resources.
11-26 14:51:55.211   784   784 V WiredAccessoryManager: notifyWiredAccessoryChanged: when=0 bits= mask=54
11-26 14:51:55.211   784   784 V WiredAccessoryManager: newName=h2w newState=0 headsetState=0 prev headsetState=0
11-26 14:51:55.211   784   784 V WiredAccessoryManager: init()
11-26 14:51:55.271   784   915 D WifiService: New client listening to asynchronous messages
11-26 14:51:55.292   784  1200 D ConnectivityService: listenForNetwork for NetworkRequest [ id=2, legacyType=-1, [] ]
11-26 14:51:55.347   784   800 I ActivityManager: Start proc 1434:com.cyanogenmod.lockclock/u0a43 for content provider com.cyanogenmod.lockclock/.weather.WeatherContentProvider
11-26 14:51:55.425   784   784 V BackupManagerService: Connected to transport ComponentInfo{android/com.android.internal.backup.LocalTransportService}
11-26 14:51:55.426   784   784 V BackupManagerService: Registering transport android/com.android.internal.backup.LocalTransportService::android/com.android.internal.backup.LocalTransport = android.app.backup.BackupTransport$TransportImpl@301756a1
11-26 14:51:55.514   784   915 D WifiService: New client listening to asynchronous messages
11-26 14:51:55.521   784  1189 I ActivityManager: Start proc 1527:com.android.smspush/u0a59 for service com.android.smspush/.WapPushManager
11-26 14:51:55.576   784   916 E ConnectivityService: Failed to find Messenger in unregisterNetworkFactory
11-26 14:51:55.578   784   916 D ConnectivityService: Got NetworkFactory Messenger for Telephony
11-26 14:51:55.632   784   801 W ActivityManager: Unable to start service Intent { cmp=org.codeaurora.ims/.ImsService } U=0: not found
11-26 14:51:55.675   784   784 I ActivityManager: Start proc 1581:com.cyanogenmod.eleven/u0a33 for broadcast com.cyanogenmod.eleven/.appwidgets.AppWidgetLarge
11-26 14:51:55.808   784   915 D WifiService: New client listening to asynchronous messages
11-26 14:51:56.021   784   897 I ActivityManager: Start proc 1640:com.cyanogenmod.eleven:main/u0a33 for service com.cyanogenmod.eleven/.MusicPlaybackService
11-26 14:51:56.050   784  1145 V WindowManager: Based on layer: Adding window Window{7ca4173 u0 com.cyanogenmod.trebuchet/com.android.launcher3.Launcher} at 0 of 6
11-26 14:51:56.241   784   805 I SystemServiceManager: Starting phase 1000
11-26 14:51:56.265   784   805 W KeyguardServiceDelegate: onScreenTurnedOn(): no keyguard service!
11-26 14:51:56.424   784   807 W ProcessCpuTracker: Skipping unknown process pid 1702
11-26 14:51:56.424   784   807 W ProcessCpuTracker: Skipping unknown process pid 1705
11-26 14:51:56.424   784   807 W ProcessCpuTracker: Skipping unknown process pid 1708
11-26 14:51:56.690  1195  1195 D MccTable: updateMccMncConfiguration mccmnc='' fromServiceState=false
11-26 14:51:56.927   784   915 D WifiService: New client listening to asynchronous messages
11-26 14:51:57.161   190   292 D VoldCmdListener: cryptfs getpw
11-26 14:51:57.163   190   292 D VoldCmdListener: cryptfs clearpw
11-26 14:51:57.270   784   806 W WindowManager: Keyguard drawn timeout. Setting mKeyguardDrawComplete
11-26 14:51:58.159   784   916 D ConnectivityService: unregisterNetworkFactory for Telephony
11-26 14:51:58.159   784   916 D ConnectivityService: Got NetworkFactory Messenger for Telephony
11-26 14:51:58.193   784  1192 I ActivityManager: Start proc 1799:com.android.cellbroadcastreceiver/u0a5 for broadcast com.android.cellbroadcastreceiver/.CellBroadcastReceiver
11-26 14:51:58.674  1195  1195 D MccTable: updateMccMncConfiguration mccmnc='46001' fromServiceState=false
11-26 14:51:58.675  1195  1195 D MccTable: updateMccMncConfiguration defaultMccMnc=
11-26 14:51:58.675  1195  1195 D MccTable: updateMccMncConfiguration: mcc=460, mnc=1
11-26 14:51:58.675  1195  1195 D MccTable: defaultLanguageForMcc(460): country cn uses zh
11-26 14:51:58.675  1195  1195 D MccTable: getLocaleFromMcc to zh_cn mcc=460
11-26 14:51:58.675  1195  1195 D MccTable: getLocaleForLanguageCountry: not permitted to update locale
11-26 14:51:58.675  1195  1195 D MccTable: updateMccMncConfiguration updateConfig config={1.0 460mcc1mnc ?locale ?layoutDir ?swdp ?wdp ?hdp ?density ?lsize ?long ?orien ?uimode ?night ?touch ?keyb/?/? ?nav/? themeResource=null}
11-26 14:51:58.675   784   800 I ActivityManager: Config changes=3 {1.0 460mcc1mnc en_US ?layoutDir sw360dp w360dp h567dp 480dpi nrml port finger -keyb/v/h -nav/h s.5 themeResource=null}
11-26 14:51:58.783  1195  1195 D MccTable: getLocaleForLanguageCountry: not permitted to update locale
11-26 14:51:58.783  1195  1195 D MccTable: setSystemLocale: no locale
11-26 14:51:58.868   784  1193 I ActivityManager: Start proc 1858:com.android.deskclock/u0a31 for broadcast com.android.deskclock/.AlarmInitReceiver
11-26 14:51:58.903   784  1855 I ActivityManager: Start proc 1876:com.android.keychain/1000 for service com.android.keychain/.KeyChainService
11-26 14:51:58.914   784  1192 V WindowManager: Based on layer: Adding window Window{67e694f u0 com.cyanogenmod.trebuchet/com.android.launcher3.Launcher} at 1 of 6
11-26 14:51:58.974   784  1856 I BootReceiver: Copying /proc/last_kmsg to DropBox (SYSTEM_LAST_KMSG)
11-26 14:51:58.990   784   811 I WindowManager: Screen frozen for +312ms due to AppWindowToken{1a039b05 token=Token{3bce667c ActivityRecord{2495e96f u0 com.cyanogenmod.trebuchet/com.android.launcher3.Launcher t1}}}
11-26 14:51:59.249   784  1856 I BootReceiver: Copying audit failures to DropBox
11-26 14:51:59.254   784  1856 I BootReceiver: Copied 0 worth of audits to DropBox
11-26 14:51:59.267   784  1856 I BootReceiver: Checking for fsck errors
11-26 14:51:59.870   784  1194 I ActivityManager: Start proc 1912:com.android.dialer/u0a8 for broadcast com.android.dialer/.calllog.CallLogReceiver
11-26 14:52:00.378   784   916 D ConnectivityService: Got NetworkFactory Messenger for WIFI
11-26 14:52:00.378   784   916 D ConnectivityService: Got NetworkFactory Messenger for WIFI_UT
11-26 14:52:00.411   784   897 I ActivityManager: Start proc 1948:com.cyanogenmod.account/u0a2 for broadcast com.cyanogenmod.account/.receiver.BootReceiver
11-26 14:52:00.432   190   891 I fstrim  : Trimmed 12458381312 bytes on /data
11-26 14:52:00.432   190   891 I fstrim  : Invoking FITRIM ioctl on /cache
11-26 14:52:00.566  1195  1195 D MccTable: updateMccMncConfiguration mccmnc='46001' fromServiceState=false
11-26 14:52:00.566  1195  1195 D MccTable: updateMccMncConfiguration defaultMccMnc=46001
11-26 14:52:00.566  1195  1195 D MccTable: updateMccMncConfiguration: mcc=460, mnc=1
11-26 14:52:00.567  1195  1195 D MccTable: defaultLanguageForMcc(460): country cn uses zh
11-26 14:52:00.567  1195  1195 D MccTable: getLocaleFromMcc to zh_cn mcc=460
11-26 14:52:00.567  1195  1195 D MccTable: getLocaleForLanguageCountry: not permitted to update locale
11-26 14:52:00.567  1195  1195 D MccTable: updateMccMncConfiguration updateConfig config={1.0 460mcc1mnc ?locale ?layoutDir ?swdp ?wdp ?hdp ?density ?lsize ?long ?orien ?uimode ?night ?touch ?keyb/?/? ?nav/? themeResource=null}
11-26 14:52:00.798   190   891 I fstrim  : Trimmed 710066176 bytes on /cache
11-26 14:52:00.799   190   891 E fstrim  : Cannot stat mount point /persist
11-26 14:52:00.799   190   891 I fstrim  : Finished fstrim work.
11-26 14:52:00.872   784  1194 I ActivityManager: Start proc 1989:org.cyanogenmod.bugreport/2000 for broadcast org.cyanogenmod.bugreport/.PackageChangeReceiver
11-26 14:52:00.879  1195  1195 D MccTable: updateMccMncConfiguration mccmnc='46001' fromServiceState=true
11-26 14:52:00.880  1195  1195 D MccTable: updateMccMncConfiguration defaultMccMnc=46001
11-26 14:52:00.880  1195  1195 D MccTable: updateMccMncConfiguration: mcc=460, mnc=1
11-26 14:52:00.881  1195  1195 D MccTable: defaultLanguageForMcc(460): country cn uses zh
11-26 14:52:00.881  1195  1195 D MccTable: getLocaleFromMcc to zh_cn mcc=460
11-26 14:52:00.881  1195  1195 D MccTable: getLocaleForLanguageCountry: not permitted to update locale
11-26 14:52:00.881  1195  1195 D MccTable: WIFI_COUNTRY_CODE set to cn
11-26 14:52:00.881   784  1194 I WifiService: WifiService trying to set country code to cn with persist set to true
