11-25 19:04:58.102  1240  1537 D RILJ    : [3708]> RIL_REQUEST_ALLOW_DATA true [SUB0]
11-25 19:04:58.103   202   338 D RILC    : RequestComplete, RIL_SOCKET_1
11-25 19:04:58.103   202   338 E RILC    : Send Response to RIL_SOCKET_1
11-25 19:04:58.103  1240  1370 D RilRequest: [3708]< RIL_REQUEST_ALLOW_DATA error: com.android.internal.telephony.CommandException: REQUEST_NOT_SUPPORTED ret=
11-25 19:04:58.103  1240  1537 D DctController: handleMessage msg={ when=0 what=2 obj=android.os.AsyncResult@9b6f95f target=com.android.internal.telephony.dataconnection.DctController }
11-25 19:04:58.103  1240  1537 D DctController: EVENT_SET_DATA_ALLOWED_DONE  phoneId :1, switchInfo = SwitchInfo[phoneId = 0, NetworkRequest =null, isDefaultSwitchRequested = true, isOnDemandPsAttachRequested = false, RetryCount = 0
11-25 19:04:58.103  1240  1537 D DctController: Failed, switchInfo = SwitchInfo[phoneId = 0, NetworkRequest =null, isDefaultSwitchRequested = true, isOnDemandPsAttachRequested = false, RetryCount = 0 attempt delayed retry
11-25 19:04:58.103  1240  1240 E CdmaSST : [CdmaLteSST] Received message { when=-247ms what=5 obj=android.os.AsyncResult@215d4fac target=com.android.internal.telephony.cdma.CdmaLteServiceStateTracker }[5] while being destroyed. Ignoring.
11-25 19:04:58.104  1240  1240 E CdmaSST : [CdmaLteSST] Received message { when=-247ms what=14 obj=android.os.AsyncResult@2e098475 target=com.android.internal.telephony.cdma.CdmaLteServiceStateTracker }[14] while being destroyed. Ignoring.
11-25 19:04:58.104  1240  1240 E CdmaSST : [CdmaLteSST] Received message { when=-242ms what=34 obj=android.os.AsyncResult@27e73c0a target=com.android.internal.telephony.cdma.CdmaLteServiceStateTracker }[34] while being destroyed. Ignoring.
11-25 19:04:58.104  1240  1240 E CdmaSST : [CdmaLteSST] Received message { when=-237ms what=36 obj=android.os.AsyncResult@2b7bcc7b target=com.android.internal.telephony.cdma.CdmaLteServiceStateTracker }[36] while being destroyed. Ignoring.
11-25 19:04:58.104  1240  1240 D SubscriptionController: getPhoneId,  received dummy subId 2147483643
11-25 19:04:58.105  1240  1240 D SubscriptionController: getPhoneId,  received dummy subId 2147483643
11-25 19:04:58.106  1240  1240 D RILJ    : [3709]> iccIO: SIM_IO 0xb2 0x6f40  path: 3F007FFF,1,4,28 aid: a0000000871002ff86ffff89ffffffff [SUB0]
11-25 19:04:58.109  1240  1240 D DctController: Settings change
11-25 19:04:58.110  1240  1240 D DcSwitchAsyncChannel: [DcSwitchAsyncChannel-0]: rspIsIdle=false
11-25 19:04:58.111  1240  1240 D DctController: onSettingsChange, data sub: 1, active data sub: 1
11-25 19:04:58.111  1240  1240 D DctController: [TNF 1]evalPendingRequest, pending request size is 0
11-25 19:04:58.111  1240  1240 D DctController: processRequests
11-25 19:04:58.111  1240  1240 D RILJ    : [3710]> iccIO: SIM_IO 0xb0 0x6fad  path: 3F007FFF,0,0,4 aid: a0000000871002ff86ffff89ffffffff [SUB0]
11-25 19:04:58.111  1240  1537 D DctController: handleMessage msg={ when=0 what=100 target=com.android.internal.telephony.dataconnection.DctController }
11-25 19:04:58.111  1240  1537 D DctController: selectExecPhone requestInfo = [ request=NetworkRequest [ id=1, legacyType=-1, [ Capabilities: INTERNET&NOT_RESTRICTED&TRUSTED&NOT_VPN] ], executed=false, priority=0]
11-25 19:04:58.111  1240  1537 D DctController: getTopPriorityRequestPhoneId = 0, priority = 0
11-25 19:04:58.111  1240  1537 D DcSwitchAsyncChannel: [DcSwitchAsyncChannel-0]: rspIsIdle=false
11-25 19:04:58.111  1240  1537 D DctController: onProcessRequest phoneId=0, activePhoneId=0
11-25 19:04:58.111  1240  1539 D DcSwitchSM: [DcSwitchStateMachine-0] AttachingState: REQ_CONNECT
11-25 19:04:58.112  1240  1537 D DcSwitchAsyncChannel: [DcSwitchAsyncChannel-0]: rspConnect=1
11-25 19:04:58.112  1240  1240 D CdmaSST : [CdmaLteSST] SubscriptionListener.onSubscriptionInfoChanged
11-25 19:04:58.112  1240  1240 D CdmaDCT : [0]SubscriptionListener.onSubscriptionInfoChanged
11-25 19:04:58.113  1240  1240 D DctController: onSubInfoReady mPhoneNum=1
11-25 19:04:58.113  1240  1240 D DctController: onSubInfoReady handle pending requests subId=1
11-25 19:04:58.113  1240  1240 D DctController: [TNF 1]evalPendingRequest, pending request size is 0
11-25 19:04:58.113  1240  1240 D DctController: processRequests
11-25 19:04:58.113  1240  1537 D DctController: handleMessage msg={ when=0 what=100 target=com.android.internal.telephony.dataconnection.DctController }
11-25 19:04:58.113  1240  1537 D DctController: selectExecPhone requestInfo = [ request=NetworkRequest [ id=1, legacyType=-1, [ Capabilities: INTERNET&NOT_RESTRICTED&TRUSTED&NOT_VPN] ], executed=false, priority=0]
11-25 19:04:58.113  1240  1537 D DctController: getTopPriorityRequestPhoneId = 0, priority = 0
11-25 19:04:58.113  1240  1537 D DcSwitchAsyncChannel: [DcSwitchAsyncChannel-0]: rspIsIdle=false
11-25 19:04:58.113  1240  1537 D DctController: onProcessRequest phoneId=0, activePhoneId=0
11-25 19:04:58.114  1240  1539 D DcSwitchSM: [DcSwitchStateMachine-0] AttachingState: REQ_CONNECT
11-25 19:04:58.114  1240  1537 D DcSwitchAsyncChannel: [DcSwitchAsyncChannel-0]: rspConnect=1
11-25 19:04:58.117   202   344 D RILC    : RequestComplete, RIL_SOCKET_1
11-25 19:04:58.117   202   344 E RILC    : Send Response to RIL_SOCKET_1
11-25 19:04:58.117  1240  1370 D RILJ    : [3690]< SIM_IO IccIoResponse sw1:0x90 sw2:0x0 [SUB0]
11-25 19:04:58.119  1240  1240 D TelephonyManager: getTelephonyProperty: return propVal='null' phoneId=0 property='gsm.operator.alpha' defaultVal='' prop=
11-25 19:04:58.145   202   344 D RILC    : RequestComplete, RIL_SOCKET_1
11-25 19:04:58.145   202   344 E RILC    : Send Response to RIL_SOCKET_1
11-25 19:04:58.146  1240  1370 D RilRequest: [3691]< SIM_IO error: com.android.internal.telephony.CommandException: GENERIC_FAILURE ret=IccIoResponse sw1:0x6a sw2:0x82
11-25 19:04:58.147   202   344 D RILC    : RequestComplete, RIL_SOCKET_1
11-25 19:04:58.147   202   344 E RILC    : Send Response to RIL_SOCKET_1
11-25 19:04:58.148  1240  1370 D RILJ    : [3710]< SIM_IO IccIoResponse sw1:0x90 sw2:0x0 [SUB0]
11-25 19:04:58.152  1240  1240 E PhoneBase: Error! registerForCallWaiting() in PhoneBase should not be called, CDMAPhone inactive.
11-25 19:04:58.172   202   344 D RILC    : RequestComplete, RIL_SOCKET_1
11-25 19:04:58.172   202   344 E RILC    : Send Response to RIL_SOCKET_1
11-25 19:04:58.172  1240  1370 D RilRequest: [3692]< SIM_IO error: com.android.internal.telephony.CommandException: GENERIC_FAILURE ret=IccIoResponse sw1:0x6a sw2:0x82
11-25 19:04:58.189   202   344 D RILC    : RequestComplete, RIL_SOCKET_1
11-25 19:04:58.189   202   344 E RILC    : Send Response to RIL_SOCKET_1
11-25 19:04:58.189  1240  1370 D RILJ    : [3693]< SIM_IO IccIoResponse sw1:0x90 sw2:0x0 [SUB0]
11-25 19:04:58.191  1240  1240 D ModemStackController: Received ACTION_SUBINFO_CONTENT_CHANGE on subId: -1for null intValue: 0
11-25 19:04:58.191  1240  1240 D DctController: got ACTION_SUBINFO_RECORD_UPDATED
11-25 19:04:58.192  1240  1240 D DctController: [TNF 1]update networkCapabilites for subId = 1
11-25 19:04:58.192  1240  1240 D SubscriptionController: [getActiveSubInfoList]+
11-25 19:04:58.192  1240  1240 D SubscriptionController: selection:sim_id>=0 null
11-25 19:04:58.195  1240  1240 D TelephonyManager: getTelephonyProperty: return propVal='null' phoneId=0 property='gsm.sim.operator.iso-country' defaultVal='' prop=
11-25 19:04:58.195  1240  1240 D SubscriptionController: [getSubInfoRecord] id:1 iccid:DUMMY_NV_ID simSlotIndex:0 displayName:CARD 1 nameSource:0 iconTint:-16746133 dataRoaming:0 mcc:460 mnc:1 countIso: status:1 nwMode:10
11-25 19:04:58.196  1240  1240 D SubscriptionController: [getActiveSubInfoList]- 1 infos return
11-25 19:04:58.196  1240  1240 D SubscriptionController: [getActiveSubInfoForSubscriber]+ subId=1 subInfo={id=1, iccId=DUMMY_NV_ID simSlotIndex=0 displayName=CARD 1 carrierName=No service. nameSource=0 iconTint=-16746133 dataRoaming=0 iconBitmap=android.graphics.Bitmap@3e07e844 mcc 460 mnc 1 mSubStatus=1 mNwMode=10}
11-25 19:04:58.196  1240  1240 D DctController: [TNF 1]INTERNET capability is with subId = 1
11-25 19:04:58.197  1240  1240 D SubscriptionController: registerForOnDemandDdsLockNotification for client=1
11-25 19:04:58.197  1240  1240 D DctController: [TNF 1]Ready to handle network requests
11-25 19:04:58.197  1240  1240 E IccCardProxy: setExternalState: set mPhoneId=0 mExternalState=NOT_READY
11-25 19:04:58.197  1240  1240 D TelephonyManager: setTelephonyProperty: success phoneId=0 property=gsm.sim.state value: NOT_READY propVal=NOT_READY
11-25 19:04:58.198  1240  1240 D IccCardProxy: broadcastIccStateChangedIntent intent ACTION_SIM_STATE_CHANGED value=NOT_READY reason=null for mPhoneId=0
11-25 19:04:58.199  1240  1240 D RILJ    : [3711]> iccIO: SIM_IO 0xb0 0x6f46  path: 3F007FFF,0,0,17 aid: a0000000871002ff86ffff89ffffffff [SUB0]
11-25 19:04:58.201  1240  1240 D SimPhoneBookIM: [SimPbInterfaceManager] Card update received: com.android.internal.telephony.uicc.UiccCard@3aa4b952
11-25 19:04:58.201  1240  1240 D SimPhoneBookIM: [SimPbInterfaceManager] Card is 3G
11-25 19:04:58.201  1240  1240 D SimPhoneBookIM: [SimPbInterfaceManager] Setting currentApp: com.android.internal.telephony.uicc.UiccCardApplication@130a5169
11-25 19:04:58.201  1240  1240 D GSMPhone: [GSMPhone] New Uicc application found
11-25 19:04:58.201  1240  1240 D SIMRecords: [SIMRecords] registerForRecordsLoaded, not notifying the registrant immediately
11-25 19:04:58.201  1240  1240 D RILJ    : [3712]> GET_CURRENT_CALLS [SUB0]
11-25 19:04:58.204   202   338 I RILQ    : (0/202):RIL[0][main] qcril_qmi_get_call_list_to_send: RILVI: calls rep: reported/skipped 0/0 calls
11-25 19:04:58.204   202   338 D RILC    : RequestComplete, RIL_SOCKET_1
11-25 19:04:58.204   202   338 E RILC    : Send Response to RIL_SOCKET_1
11-25 19:04:58.205  1240  1370 D RILJ    : [3712]< GET_CURRENT_CALLS   [SUB0]
11-25 19:04:58.205  1240  1240 D GsmSST  : [GsmSST] New card found
11-25 19:04:58.205  1240  1240 D UiccCardApplication: Notifying 1 registrant: READY
11-25 19:04:58.205  1240  1240 D SIMRecords: [SIMRecords] registerForRecordsLoaded, not notifying the registrant immediately
11-25 19:04:58.205  1240  1240 D GsmSST  : [GsmSST] SubscriptionListener.onSubscriptionInfoChanged
11-25 19:04:58.205  1240  1240 D GsmSST  : [GsmSST] mDeviceShuttingDown = false
11-25 19:04:58.205  1240  1240 D GsmSST  : [GsmSST] mDesiredPowerState = true
11-25 19:04:58.205  1240  1240 D GsmSST  : [GsmSST] getRadioState = RADIO_ON
11-25 19:04:58.205  1240  1240 D GsmSST  : [GsmSST] mPowerOffDelayNeed = true
11-25 19:04:58.205  1240  1240 D GsmSST  : [GsmSST] mAlarmSwitch = false
11-25 19:04:58.205  1240  1240 D RILJ    : [3713]> OPERATOR [SUB0]
11-25 19:04:58.206  1240  1240 D RILJ    : [3714]> DATA_REGISTRATION_STATE [SUB0]
11-25 19:04:58.206   202  1729 D RILC    : RequestComplete, RIL_SOCKET_1
11-25 19:04:58.206   202  1729 E RILC    : Send Response to RIL_SOCKET_1
11-25 19:04:58.207  1240  1240 D RILJ    : [3715]> VOICE_REGISTRATION_STATE [SUB0]
11-25 19:04:58.207  1240  1370 D RILJ    : [3713]< OPERATOR {null, null, null} [SUB0]
11-25 19:04:58.207  1240  1240 D RILJ    : [3716]> QUERY_NETWORK_SELECTION_MODE [SUB0]
11-25 19:04:58.208  1240  1240 D GsmDCT  : [0]handleMessage msg={ when=-169ms what=270369 obj=android.os.AsyncResult@3abacd2d target=com.android.internal.telephony.dataconnection.DcTracker }
11-25 19:04:58.208  1240  1240 D SIMRecords: [SIMRecords] getSIMOperatorNumeric: bad mncLength
11-25 19:04:58.208  1240  1240 D GsmDCT  : [0]updateSimRecords: newSimRecords = SimRecords: mDestroyed=false mContext=com.android.phone.PhoneGlobals@59eb833 mCi=com.android.internal.telephony.RIL@359f3724 mFh=Handler (com.android.internal.telephony.uicc.UsimFileHandler) {2b2627f0} mParentApp=com.android.internal.telephony.uicc.UiccCardApplication@130a5169 mSpnOverride=mSpnOverride recordsLoadedRegistrants=android.os.RegistrantList@2068d7ee mImsiReadyRegistrants=android.os.RegistrantList@2e82a48f mRecordsEventsRegistrants=android.os.RegistrantList@315dd31c mNewSmsRegistrants=android.os.RegistrantList@3eed9b25 mNetworkSelectionModeAutomaticRegistrants=android.os.RegistrantList@140e84fa recordsToLoad=17 adnCache=Handler (com.android.internal.telephony.uicc.AdnRecordCache) {a0efaab} recordsRequested=true iccid=null msisdnTag=null voiceMailNum=null voiceMailTag=null newVoiceMailNum=null newVoiceMailTag=null isVoiceMailFixed=false mImsi=460011952973996 mncLength=-1 mailboxIndex=0 spn=null mVmConfigcom.android.internal.telephony.uicc.VoiceMailConstants@24030508 callForwardingEnabled=false spnState=READ_SPN_3GPP mCphsInfo=null mCspPlmnEnabled=true efMWIS=null efCPHS_MWI=null mEfCff=null mEfCfis=null getOperatorNumeric=null
11-25 19:04:58.208  1240  1240 D GsmDCT  : [0]onUpdateIcc: newIccRecords null
11-25 19:04:58.208  1240  1240 D GsmDCT  : [0]SubscriptionListener.onSubscriptionInfoChanged
11-25 19:04:58.208  1240  1240 D GsmDCT  : [0]handleMessage msg={ when=-155ms what=270337 obj=android.os.AsyncResult@9db4262 target=com.android.internal.telephony.dataconnection.DcTracker }
11-25 19:04:58.209  1240  1240 D GsmDCT  : [0]onRadioAvailable
11-25 19:04:58.209  1240  1240 D GsmDCT  : [0]overall state is IDLE
11-25 19:04:58.209  1240  1240 D GsmDCT  : [0]handleMessage msg={ when=-155ms what=270345 obj=android.os.AsyncResult@3a614ff3 target=com.android.internal.telephony.dataconnection.DcTracker }
11-25 19:04:58.209  1240  1240 D GsmDCT  : [0]onDataConnectionDetached: stop polling and notify detached
11-25 19:04:58.209  1240  1240 D GsmDCT  : [0]stopNetStatPoll
11-25 19:04:58.209   202  1730 D RILC    : RequestComplete, RIL_SOCKET_1
11-25 19:04:58.209   202  1730 E RILC    : Send Response to RIL_SOCKET_1
11-25 19:04:58.209  1240  1370 D RILJ    : [3714]< DATA_REGISTRATION_STATE {0, null, null, null, 0, 20, null, 147, 4855663, null, null} [SUB0]
11-25 19:04:58.210   202  1731 I RILQ    : (0/202):RIL[0][cmd-20(992)] qcril_qmi_nas_update_data_rte: completed, new drte 0 with confidence 4
11-25 19:04:58.210   202  1732 D RILC    : RequestComplete, RIL_SOCKET_1
11-25 19:04:58.210   202  1732 E RILC    : Send Response to RIL_SOCKET_1
11-25 19:04:58.210  1240  1370 D RILJ    : [3716]< QUERY_NETWORK_SELECTION_MODE {0} [SUB0]
11-25 19:04:58.211   202  1731 D RILC    : RequestComplete, RIL_SOCKET_1
11-25 19:04:58.211   202  1731 E RILC    : Send Response to RIL_SOCKET_1
11-25 19:04:58.211  1240  1370 D RILJ    : [3715]< VOICE_REGISTRATION_STATE {2, null, null, 0, null, null, null, 0, null, null, null, null, null, 0, null} [SUB0]
11-25 19:04:58.212  1240  1240 D GsmDCT  : [0]stopDataStallAlarm: current tag=18616 mDataStallAlarmIntent=null
11-25 19:04:58.212  1240  1240 D GsmDCT  : [0]notifyDataConnection: reason=dataDetached
11-25 19:04:58.212  1240  1240 D GsmDCT  : [0]isDataAllowed: not allowed due to - Attached= false - SIM not loaded and not NV subscription
11-25 19:04:58.212  1240  1240 D GsmDCT  : [ApnContext:default] getApnSetting: apnSetting=null
11-25 19:04:58.215  1240  1240 D GsmDCT  : [0]isDataAllowed: not allowed due to - Attached= false - SIM not loaded and not NV subscription
11-25 19:04:58.215  1240  1240 D GsmDCT  : [ApnContext:mms] getApnSetting: apnSetting=null
11-25 19:04:58.217  1240  1240 D GsmDCT  : [0]isDataAllowed: not allowed due to - Attached= false - SIM not loaded and not NV subscription
11-25 19:04:58.217  1240  1240 D GsmDCT  : [ApnContext:cbs] getApnSetting: apnSetting=null
11-25 19:04:58.219  1240  1240 D GsmDCT  : [0]isDataAllowed: not allowed due to - Attached= false - SIM not loaded and not NV subscription
11-25 19:04:58.219  1240  1240 D GsmDCT  : [ApnContext:fota] getApnSetting: apnSetting=null
11-25 19:04:58.221  1240  1240 D GsmDCT  : [0]isDataAllowed: not allowed due to - Attached= false - SIM not loaded and not NV subscription
11-25 19:04:58.221  1240  1240 D GsmDCT  : [ApnContext:supl] getApnSetting: apnSetting=null
11-25 19:04:58.222  1240  1240 D GsmDCT  : [0]isDataAllowed: not allowed due to - Attached= false - SIM not loaded and not NV subscription
11-25 19:04:58.222  1240  1240 D GsmDCT  : [ApnContext:ia] getApnSetting: apnSetting=null
11-25 19:04:58.223  1240  1240 D GsmDCT  : [0]isDataAllowed: not allowed due to - Attached= false - SIM not loaded and not NV subscription
11-25 19:04:58.224  1240  1240 D GsmDCT  : [ApnContext:dun] getApnSetting: apnSetting=null
11-25 19:04:58.225  1240  1240 D GsmDCT  : [0]isDataAllowed: not allowed due to - Attached= false - SIM not loaded and not NV subscription
11-25 19:04:58.225  1240  1240 D GsmDCT  : [ApnContext:hipri] getApnSetting: apnSetting=null
11-25 19:04:58.234  1240  1240 D GsmDCT  : [0]isDataAllowed: not allowed due to - Attached= false - SIM not loaded and not NV subscription
11-25 19:04:58.234  1240  1240 D GsmDCT  : [ApnContext:ims] getApnSetting: apnSetting=null
11-25 19:04:58.238  1240  1240 D GsmDCT  : [0]handleMessage msg={ when=-184ms what=270348 obj=android.os.AsyncResult@abd44b0 target=com.android.internal.telephony.dataconnection.DcTracker }
11-25 19:04:58.238  1240  1240 D GsmDCT  : [0]onRoamingOff
11-25 19:04:58.238  1240  1240 D GsmDCT  : [0]handleMessage msg={ when=-184ms what=270377 obj=android.os.AsyncResult@da40f29 target=com.android.internal.telephony.dataconnection.DcTracker }
11-25 19:04:58.238  1240  1240 D SIMRecords: [SIMRecords] getSIMOperatorNumeric: bad mncLength
11-25 19:04:58.238  1240  1240 D GsmDCT  : [0]updateSimRecords: newSimRecords = SimRecords: mDestroyed=false mContext=com.android.phone.PhoneGlobals@59eb833 mCi=com.android.internal.telephony.RIL@359f3724 mFh=Handler (com.android.internal.telephony.uicc.UsimFileHandler) {2b2627f0} mParentApp=com.android.internal.telephony.uicc.UiccCardApplication@130a5169 mSpnOverride=mSpnOverride recordsLoadedRegistrants=android.os.RegistrantList@2068d7ee mImsiReadyRegistrants=android.os.RegistrantList@2e82a48f mRecordsEventsRegistrants=android.os.RegistrantList@315dd31c mNewSmsRegistrants=android.os.RegistrantList@3eed9b25 mNetworkSelectionModeAutomaticRegistrants=android.os.RegistrantList@140e84fa recordsToLoad=17 adnCache=Handler (com.android.internal.telephony.uicc.AdnRecordCache) {a0efaab} recordsRequested=true iccid=null msisdnTag=null voiceMailNum=null voiceMailTag=null newVoiceMailNum=null newVoiceMailTag=null isVoiceMailFixed=false mImsi=460011952973996 mncLength=-1 mailboxIndex=0 spn=null mVmConfigcom.android.internal.telephony.uicc.VoiceMailConstants@24030508 callForwardingEnabled=false spnState=READ_SPN_3GPP mCphsInfo=null mCspPlmnEnabled=true efMWIS=null efCPHS_MWI=null mEfCff=null mEfCfis=null getOperatorNumeric=null
11-25 19:04:58.238  1240  1240 D GsmDCT  : [0]onUpdateIcc: newIccRecords null
11-25 19:04:58.238   202   344 D RILC    : RequestComplete, RIL_SOCKET_1
11-25 19:04:58.238   202   344 E RILC    : Send Response to RIL_SOCKET_1
11-25 19:04:58.238  1240  1240 D RILJ    : [3717]> iccIO: SIM_IO 0xb2 0x6fc5  path: 3F007FFF,1,4,14 aid: a0000000871002ff86ffff89ffffffff [SUB0]
11-25 19:04:58.238  1240  1370 D RILJ    : [3694]< SIM_IO IccIoResponse sw1:0x90 sw2:0x0 [SUB0]
11-25 19:04:58.239  1240  1240 D RILJ    : [3718]> BASEBAND_VERSION [SUB0]
11-25 19:04:58.239  1240  1240 D RILJ    : [3719]> GET_IMEI [SUB0]
11-25 19:04:58.239   784   804 D TelephonyManager: getTelephonyProperty: return propVal='null' phoneId=0 property='gsm.sim.operator.numeric' defaultVal='' prop=
11-25 19:04:58.240  1240  1240 D RILJ    : [3720]> GET_IMEISV [SUB0]
11-25 19:04:58.240  1240  1240 D CdmaDCT : [0]handleMessage msg={ when=-165ms what=270365 target=com.android.internal.telephony.dataconnection.DcTracker }
11-25 19:04:58.240  1240  1240 E CdmaDCT : [0]handleMessage: Ignore GSM msgs since GSM phone is inactive
11-25 19:04:58.240  1240  1240 D IccCardProxy: Icc changed. Reregestering.
11-25 19:04:58.240  1240  1240 D UiccCardApplication: Notifying 1 registrant: READY
11-25 19:04:58.240  1240  1240 D SIMRecords: [SIMRecords] isAppStateReady : appState = APPSTATE_READY
11-25 19:04:58.240   202  1734 D RILC    : RequestComplete, RIL_SOCKET_1
11-25 19:04:58.241  1240  1240 D SIMRecords: [SIMRecords] registerForRecordsLoaded, not notifying the registrant immediately
11-25 19:04:58.241   202  1734 E RILC    : Send Response to RIL_SOCKET_1
11-25 19:04:58.241  1240  1370 D RILJ    : [3718]< BASEBAND_VERSION M8974A-2.0.50.2.26 [SUB0]
11-25 19:04:58.241  1240  1240 D SIMRecords: [SIMRecords] getSIMOperatorNumeric: bad mncLength
11-25 19:04:58.241  1240  1240 D IccCardProxy: updateActiveRecord app type = 1mIccRecords = SimRecords: mDestroyed=false mContext=com.android.phone.PhoneGlobals@59eb833 mCi=com.android.internal.telephony.RIL@359f3724 mFh=Handler (com.android.internal.telephony.uicc.UsimFileHandler) {2b2627f0} mParentApp=com.android.internal.telephony.uicc.UiccCardApplication@130a5169 mSpnOverride=mSpnOverride recordsLoadedRegistrants=android.os.RegistrantList@2068d7ee mImsiReadyRegistrants=android.os.RegistrantList@2e82a48f mRecordsEventsRegistrants=android.os.RegistrantList@315dd31c mNewSmsRegistrants=android.os.RegistrantList@3eed9b25 mNetworkSelectionModeAutomaticRegistrants=android.os.RegistrantList@140e84fa recordsToLoad=17 adnCache=Handler (com.android.internal.telephony.uicc.AdnRecordCache) {a0efaab} recordsRequested=true iccid=null msisdnTag=null voiceMailNum=null voiceMailTag=null newVoiceMailNum=null newVoiceMailTag=null isVoiceMailFixed=false mImsi=460011952973996 mncLength=-1 mailboxIndex=0 spn=null mVmConfigcom.android.internal.telephony.uicc.VoiceMailConstants@24030508 callForwardingEnabled=false spnState=READ_SPN_3GPP mCphsInfo=null mCspPlmnEnabled=true efMWIS=null efCPHS_MWI=null mEfCff=null mEfCfis=null getOperatorNumeric=null
11-25 19:04:58.241  1240  1240 D IccCardProxy: Setting SIM Record as active
11-25 19:04:58.241  1240  1240 E IccCardProxy: setExternalState: set mPhoneId=0 mExternalState=READY
11-25 19:04:58.241  1240  1240 D TelephonyManager: setTelephonyProperty: success phoneId=0 property=gsm.sim.state value: READY propVal=READY
11-25 19:04:58.241   202  1735 D RILC    : RequestComplete, RIL_SOCKET_1
11-25 19:04:58.241   202  1735 E RILC    : Send Response to RIL_SOCKET_1
11-25 19:04:58.241  1240  1370 D RILJ    : [3719]< GET_IMEI  [SUB0]
11-25 19:04:58.242   202  1736 D RILC    : RequestComplete, RIL_SOCKET_1
11-25 19:04:58.242   202  1736 E RILC    : Send Response to RIL_SOCKET_1
11-25 19:04:58.243  1240  1370 D RILJ    : [3720]< GET_IMEISV  [SUB0]
11-25 19:04:58.243  1240  1240 D IccCardProxy: broadcastIccStateChangedIntent intent ACTION_SIM_STATE_CHANGED value=READY reason=null for mPhoneId=0
11-25 19:04:58.244  1240  1240 D DctController: EVENT_PHONE1_DATA_DETACH.
11-25 19:04:58.244  1240  1240 D DcSwitchAsyncChannel: [DcSwitchAsyncChannel-0]: EVENT_DATA_DETACHED
11-25 19:04:58.244  1240  1539 D DcSwitchSM: [DcSwitchStateMachine-0] DefaultState: shouldn't happen but ignore msg.what=0x4400b
11-25 19:04:58.249  1240  1240 D UiccCarrierPrivilegeRules: EVENT_OPEN_LOGICAL_CHANNEL_DONE
11-25 19:04:58.249  1240  1240 E UiccCarrierPrivilegeRules: Error opening channel
11-25 19:04:58.249  1240  1240 D RILJ    : [3721]> iccIO: SIM_IO 0xc0 0x6f17  path: 3F007FFF,0,0,15 aid: a0000000871002ff86ffff89ffffffff [SUB0]
11-25 19:04:58.250  1240  1240 D SIMRecords: [SIMRecords] onRecordLoaded 17 requested: true
11-25 19:04:58.250  1240  1240 D SIMRecords: [SIMRecords] EF_MWIS : null
11-25 19:04:58.250  1240  1240 D SIMRecords: [SIMRecords] EVENT_GET_MWIS_DONE exception = com.android.internal.telephony.CommandException: GENERIC_FAILURE
11-25 19:04:58.250  1240  1240 D SIMRecords: [SIMRecords] onRecordLoaded 16 requested: true
11-25 19:04:58.250  1240  1240 D SIMRecords: [SIMRecords] EF_CPHS_MWI: null
11-25 19:04:58.250  1240  1240 D SIMRecords: [SIMRecords] EVENT_GET_VOICE_MAIL_INDICATOR_CPHS_DONE exception = com.android.internal.telephony.CommandException: GENERIC_FAILURE
11-25 19:04:58.250  1240  1240 D SIMRecords: [SIMRecords] onRecordLoaded 15 requested: true
11-25 19:04:58.250  1240  1240 D SIMRecords: [SIMRecords] onRecordLoaded 14 requested: true
11-25 19:04:58.250  1240  1240 D RILJ    : [3722]> iccIO: SIM_IO 0xb0 0x6f38  path: 3F007FFF,0,0,10 aid: a0000000871002ff86ffff89ffffffff [SUB0]
11-25 19:04:58.259   784   804 D TelephonyManager: getTelephonyProperty: return propVal='null' phoneId=0 property='gsm.sim.operator.numeric' defaultVal='' prop=
11-25 19:04:58.271  1240  1240 D RILJ    : [3723]> iccIO: SIM_IO 0xb0 0x6f3e  path: 3F007FFF,0,0,1 aid: a0000000871002ff86ffff89ffffffff [SUB0]
11-25 19:04:58.272  1240  1240 D SIMRecords: [SIMRecords] onRecordLoaded 13 requested: true
11-25 19:04:58.273  1240  1240 D PhoneBase: Get callforwarding info from perferences
11-25 19:04:58.273  1240  1240 D TelephonyManager: getLteOnCdmaMode=1 curVal=1 product_type='' lteOnCdmaProductType=''
11-25 19:04:58.273  1240  1240 D PhoneFactory: calculatePreferredNetworkType: phoneId = 0
11-25 19:04:58.273  1240  1240 D RILJ    : [3724]> REQUEST_SET_PREFERRED_NETWORK_TYPE : 10 [SUB0]
11-25 19:04:58.274  1240  1240 D RILJ    : [3725]> OPERATOR [SUB0]
11-25 19:04:58.274  1240  1240 D RILJ    : [3726]> DATA_REGISTRATION_STATE [SUB0]
11-25 19:04:58.274  1240  1240 D RILJ    : [3727]> VOICE_REGISTRATION_STATE [SUB0]
11-25 19:04:58.275  1240  1240 D RILJ    : [3728]> QUERY_NETWORK_SELECTION_MODE [SUB0]
11-25 19:04:58.275  1240  1240 D SIMRecords: [SIMRecords] onRecordLoaded 12 requested: true
11-25 19:04:58.275  1240  1240 D SubscriptionInfoUpdater: [Receiver]+
11-25 19:04:58.275  1240  1240 D SubscriptionInfoUpdater: Action: android.intent.action.SIM_STATE_CHANGED
11-25 19:04:58.275  1240  1240 D SubscriptionInfoUpdater: slotId: 0
11-25 19:04:58.275  1240  1240 D SubscriptionInfoUpdater: simStatus: NOT_READY
11-25 19:04:58.275  1240  1240 D SubscriptionInfoUpdater: slotId: 0 simStatus: NOT_READY
11-25 19:04:58.275  1240  1240 D SubscriptionInfoUpdater: Ignoring simStatus: NOT_READY
11-25 19:04:58.275  1240  1240 D SubscriptionInfoUpdater: [Receiver]-
11-25 19:04:58.276   202  1744 D RILC    : RequestComplete, RIL_SOCKET_1
11-25 19:04:58.276   202  1744 E RILC    : Send Response to RIL_SOCKET_1
11-25 19:04:58.276  1240  1370 D RILJ    : [3728]< QUERY_NETWORK_SELECTION_MODE {0} [SUB0]
11-25 19:04:58.278   202  1742 D RILC    : RequestComplete, RIL_SOCKET_1
11-25 19:04:58.278   202  1742 E RILC    : Send Response to RIL_SOCKET_1
11-25 19:04:58.278  1240  1370 D RILJ    : [3726]< DATA_REGISTRATION_STATE {0, null, null, null, 0, 20, null, 147, 4855663, null, null} [SUB0]
11-25 19:04:58.279  1240  1240 D RILJ    : [3729]> iccIO: SIM_IO 0xb0 0x6f05  path: 3F007FFF,0,0,4 aid: a0000000871002ff86ffff89ffffffff [SUB0]
11-25 19:04:58.279   202  1743 I RILQ    : (0/202):RIL[0][cmd-20(992)] qcril_qmi_nas_update_data_rte: completed, new drte 0 with confidence 4
11-25 19:04:58.279  1240  1240 E IccCardProxy: setExternalState: !override and newstate unchanged from READY
11-25 19:04:58.280  1240  1240 D IccCardProxy: broadcastIccStateChangedIntent intent ACTION_SIM_STATE_CHANGED value=IMSI reason=null for mPhoneId=0
11-25 19:04:58.280   202  1743 D RILC    : RequestComplete, RIL_SOCKET_1
11-25 19:04:58.280   202  1743 E RILC    : Send Response to RIL_SOCKET_1
11-25 19:04:58.280  1240  1370 D RILJ    : [3727]< VOICE_REGISTRATION_STATE {2, null, null, 0, null, null, null, 0, null, null, null, null, null, 0, null} [SUB0]
11-25 19:04:58.281   202  1740 D RILC    : RequestComplete, RIL_SOCKET_1
11-25 19:04:58.281   202  1740 E RILC    : Send Response to RIL_SOCKET_1
11-25 19:04:58.281  1240  1370 D RILJ    : [3724]< REQUEST_SET_PREFERRED_NETWORK_TYPE  [SUB0]
11-25 19:04:58.282  1240  1240 D GSMPhone: Baseband version: M8974A-2.0.50.2.26
11-25 19:04:58.282  1240  1240 D SIMRecords: [SIMRecords] onRecordLoaded 11 requested: true
11-25 19:04:58.283  1240  1240 D SIMRecords: [SIMRecords] EF_AD: 00000002
11-25 19:04:58.283   202  1741 D RILC    : RequestComplete, RIL_SOCKET_1
11-25 19:04:58.283  1240  1240 D SIMRecords: [SIMRecords] setting4 mMncLength=2
11-25 19:04:58.283   202  1741 E RILC    : Send Response to RIL_SOCKET_1
11-25 19:04:58.283  1240  1240 D SIMRecords: [SIMRecords] mccmncCode=460011
11-25 19:04:58.283  1240  1240 D SIMRecords: [SIMRecords] update mccmnc=46001
11-25 19:04:58.284  1240  1370 D RILJ    : [3725]< OPERATOR {null, null, null} [SUB0]
11-25 19:04:58.285  1240  1240 D TelephonyManager: getTelephonyProperty: return propVal='null' phoneId=0 property='gsm.sim.operator.numeric' defaultVal='' prop=
11-25 19:04:58.286   202   344 D RILC    : RequestComplete, RIL_SOCKET_1
11-25 19:04:58.286   202   344 E RILC    : Send Response to RIL_SOCKET_1
11-25 19:04:58.287  1240  1370 D RILJ    : [3695]< SIM_IO IccIoResponse sw1:0x90 sw2:0x0 [SUB0]
11-25 19:04:58.295  1240  1240 D SIMRecords: [SIMRecords] onRecordLoaded 10 requested: true
11-25 19:04:58.298   784   804 D TelephonyManager: getTelephonyProperty: return propVal='null' phoneId=0 property='gsm.sim.operator.numeric' defaultVal='' prop=
11-25 19:04:58.301  1240  1259 D GsmDCT  : [0]fetchDunApn: net.tethering.noprovisioning=true ret: null
11-25 19:04:58.301  1240  1259 D GsmDCT  : [0]hasMatchedTetherApnSetting: APN=null
11-25 19:04:58.304   202   344 D RILC    : RequestComplete, RIL_SOCKET_1
11-25 19:04:58.304   202   344 E RILC    : Send Response to RIL_SOCKET_1
11-25 19:04:58.304  1240  1370 D RILJ    : [3696]< SIM_IO IccIoResponse sw1:0x90 sw2:0x0 [SUB0]
11-25 19:04:58.304  1240  1240 D SubscriptionInfoUpdater: [Receiver]+
11-25 19:04:58.305  1240  1240 D SubscriptionInfoUpdater: Action: android.intent.action.SIM_STATE_CHANGED
11-25 19:04:58.305  1240  1240 D SubscriptionInfoUpdater: slotId: 0
11-25 19:04:58.305  1240  1240 D SubscriptionInfoUpdater: simStatus: READY
11-25 19:04:58.305  1240  1240 D SubscriptionInfoUpdater: slotId: 0 simStatus: READY
11-25 19:04:58.305  1240  1240 D PhoneBase: getIccFileHandler: fh=Handler (com.android.internal.telephony.uicc.UsimFileHandler) {2b2627f0}
11-25 19:04:58.305  1240  1240 D SubscriptionInfoUpdater: [Receiver]-
11-25 19:04:58.305  1240  1240 E SIMRecords: [SIMRecords] Exception in fetching EF_CSP data com.android.internal.telephony.CommandException: GENERIC_FAILURE
11-25 19:04:58.305  1240  1240 D SIMRecords: [SIMRecords] onRecordLoaded 9 requested: true
11-25 19:04:58.306  1240  1240 D PHONE   : [ServiceState] setDataRegState=1
11-25 19:04:58.307  1240  1240 D PHONE   : [ServiceState] setDataRadioTechnology=0
11-25 19:04:58.307  1240  1240 D GsmSST  : [GsmSST] handlPollStateResultMessage: GsmSST setDataRegState=1 regState=0 dataRadioTechnology=0
11-25 19:04:58.307  1240  1240 D PHONE   : [ServiceState] setVoiceRegState=1
11-25 19:04:58.307  1240  1240 E PHONE   : [ServiceState] setState deprecated use setVoiceRegState()
11-25 19:04:58.307  1240  1240 D SubscriptionInfoUpdater: [Receiver]+
11-25 19:04:58.307  1240  1240 D SubscriptionInfoUpdater: Action: android.intent.action.SIM_STATE_CHANGED
11-25 19:04:58.307  1240  1240 D SubscriptionInfoUpdater: slotId: 0
11-25 19:04:58.307  1240  1240 D SubscriptionInfoUpdater: simStatus: IMSI
11-25 19:04:58.307  1240  1240 D SubscriptionInfoUpdater: slotId: 0 simStatus: IMSI
11-25 19:04:58.307  1240  1240 D SubscriptionInfoUpdater: Ignoring simStatus: IMSI
11-25 19:04:58.307  1240  1240 D SubscriptionInfoUpdater: [Receiver]-
11-25 19:04:58.307  1240  1240 D GsmSST  : [GsmSST] EVENT_POLL_STATE_OPERATOR: use value from ril
11-25 19:04:58.307  1240  1240 D GsmSST  : [GsmSST] EVENT_POLL_STATE_OPERATOR: null
11-25 19:04:58.307  1240  1240 D GsmSST  : [GsmSST] Poll ServiceState done:  oldSS=[1 1 voice home data home null null null null null null  Unknown Unknown CSS not supported 0 0 RoamInd=0 DefRoamInd=0 EmergOnly=false] newSS=[1 1 voice home data home null null null null null null  Unknown Unknown CSS not supported 0 0 RoamInd=0 DefRoamInd=0 EmergOnly=false] oldMaxDataCalls=1 mNewMaxDataCalls=20 oldReasonDataDenied=-1 mNewReasonDataDenied=-1
11-25 19:04:58.307  1240  1240 D PHONE   : [ServiceState] setNullState=1
11-25 19:04:58.311  1240  1240 D RILJ    : [3730]> iccIO: SIM_IO 0xb0 0x2f05  path: 3F00,0,0,4 aid: a0000000871002ff86ffff89ffffffff [SUB0]
11-25 19:04:58.316  1240  1240 D SIMRecords: [SIMRecords] EVENT_GET_SMS_RECORD_SIZE_DONE Size 176 total 8800 record 50
11-25 19:04:58.352   202   344 D RILC    : RequestComplete, RIL_SOCKET_1
11-25 19:04:58.352   202   344 E RILC    : Send Response to RIL_SOCKET_1
11-25 19:04:58.352  1240  1370 D RILJ    : [3698]< SIM_IO IccIoResponse sw1:0x90 sw2:0x0 [SUB0]
11-25 19:04:58.353  1240  1240 D RILJ    : [3731]> iccIO: SIM_IO 0xb0 0x2fe2  path: 3F00,0,0,10 aid: a0000000871002ff86ffff89ffffffff [SUB0]
11-25 19:04:58.354   202   344 D RILC    : RequestComplete, RIL_SOCKET_1
11-25 19:04:58.354   202   344 E RILC    : Send Response to RIL_SOCKET_1
11-25 19:04:58.355  1240  1370 D RILJ    : [3707]< SIM_IO IccIoResponse sw1:0x90 sw2:0x0 [SUB0]
11-25 19:04:58.355  1240  1240 D SIMRecords: [SIMRecords] iccid: 89860115921101579076
11-25 19:04:58.355  1240  1240 D SIMRecords: [SIMRecords] onRecordLoaded 8 requested: true
11-25 19:04:58.379   202   344 D RILC    : RequestComplete, RIL_SOCKET_1
11-25 19:04:58.380   202   344 E RILC    : Send Response to RIL_SOCKET_1
11-25 19:04:58.380  1240  1370 D RILJ    : [3709]< SIM_IO IccIoResponse sw1:0x90 sw2:0x0 [SUB0]
11-25 19:04:58.381   202   344 D RILC    : RequestComplete, RIL_SOCKET_1
11-25 19:04:58.381   202   344 E RILC    : Send Response to RIL_SOCKET_1
11-25 19:04:58.382   202   344 D RILC    : RequestComplete, RIL_SOCKET_1
11-25 19:04:58.382   202   344 E RILC    : Send Response to RIL_SOCKET_1
11-25 19:04:58.383  1240  1370 D RILJ    : [3711]< SIM_IO IccIoResponse sw1:0x90 sw2:0x0 [SUB0]
11-25 19:04:58.383  1240  1370 D RILJ    : [3717]< SIM_IO IccIoResponse sw1:0x90 sw2:0x0 [SUB0]
11-25 19:04:58.384  1240  1240 D SIMRecords: [SIMRecords] MSISDN: xxxxxxx
11-25 19:04:58.384  1240  1240 D SIMRecords: [SIMRecords] onRecordLoaded 7 requested: true
11-25 19:04:58.384  1240  1240 D SIMRecords: [SIMRecords] getServiceProviderName: no brandOverride
11-25 19:04:58.384  1240  1240 D SIMRecords: [SIMRecords] getServiceProviderName: providerName=
11-25 19:04:58.384  1240  1240 D SIMRecords: [SIMRecords] Load EF_SPN:  spnDisplayCondition: 0
11-25 19:04:58.384  1240  1240 D SIMRecords: [SIMRecords] getServiceProviderName: no brandOverride
11-25 19:04:58.384  1240  1240 D SIMRecords: [SIMRecords] getServiceProviderName: providerName=
11-25 19:04:58.384  1240  1240 D TelephonyManager: setTelephonyProperty: success phoneId=0 property=gsm.sim.operator.alpha value:  propVal=
11-25 19:04:58.385  1240  1240 D SIMRecords: [SIMRecords] [key, value]=gsm.sim.operator.alpha, 
11-25 19:04:58.385  1240  1240 D SIMRecords: [SIMRecords] getServiceProviderName: no brandOverride
11-25 19:04:58.385  1240  1240 D SIMRecords: [SIMRecords] getServiceProviderName: providerName=
11-25 19:04:58.385  1240  1240 D RILJ    : [3732]> iccIO: SIM_IO 0xc0 0x6f14  path: 3F007FFF,0,0,0 aid: a0000000871002ff86ffff89ffffffff [SUB0]
11-25 19:04:58.389  1240  1240 D SIMRecords: [SIMRecords] onRecordLoaded 7 requested: true
11-25 19:04:58.390  1240  1240 D SIMRecords: [SIMRecords] onRecordLoaded 6 requested: true
11-25 19:04:58.408   202   344 D RILC    : RequestComplete, RIL_SOCKET_1
11-25 19:04:58.408   202   344 E RILC    : Send Response to RIL_SOCKET_1
11-25 19:04:58.409  1240  1370 D RilRequest: [3721]< SIM_IO error: com.android.internal.telephony.CommandException: GENERIC_FAILURE ret=IccIoResponse sw1:0x6a sw2:0x82
11-25 19:04:58.409  1240  1240 D SIMRecords: [SIMRecords] Invalid or missing EF[MAILBOX]
11-25 19:04:58.409  1240  1240 D SIMRecords: [SIMRecords] onRecordLoaded 5 requested: true
11-25 19:04:58.410   202   344 D RILC    : RequestComplete, RIL_SOCKET_1
11-25 19:04:58.410   202   344 E RILC    : Send Response to RIL_SOCKET_1
11-25 19:04:58.410  1240  1370 D RILJ    : [3722]< SIM_IO IccIoResponse sw1:0x90 sw2:0x0 [SUB0]
11-25 19:04:58.412  1240  1240 D SIMRecords: [SIMRecords] SST: UsimServiceTable[80]={ FDN, FDN_EXTENSION, SDN, SDN_EXTENSION, OUTGOING_CALL_INFO, INCOMING_CALL_INFO, SM_STORAGE, SM_STATUS_REPORTS, SM_SERVICE_PARAMS, ADVICE_OF_CHARGE, CAP_CONFIG_PARAMS_2, CB_MESSAGE_ID, CB_MESSAGE_ID_RANGES, GROUP_ID_LEVEL_1, GROUP_ID_LEVEL_2, SPN, USER_PLMN_SELECT, MSISDN, IMAGE, EMLPP, EMLPP_AUTO_ANSWER, GSM_ACCESS, DATA_DL_VIA_SMS_PP, DATA_DL_VIA_SMS_CB, CALL_CONTROL_BY_USIM, MO_SMS_CONTROL_BY_USIM, RUN_AT_COMMAND, IGNORED_1, ENABLED_SERVICES_TABLE, APN_CONTROL_LIST, DEPERSONALISATION_CONTROL_KEYS, COOPERATIVE_NETWORK_LIST, GSM_SECURITY_CONTEXT, CPBCCH_INFO, INVESTIGATION_SCAN, OPERATOR_PLMN_SELECT, HPLMN_SELECT, EXTENSION_5, PLMN_NETWORK_NAME, OPERATOR_PLMN_LIST, SERVICE_PROVIDER_DISPLAY_INFO, MMS_NOTIFICATION, MMS_NOTIFICATION_EXTENSION, MMS_CONNECTIVITY_PARAMS, NETWORK_INDICATION_OF_ALERTING, VGCS_GROUP_ID_LIST, VBS_GROUP_ID_LIST, EQUIVALENT_HPLMN, EQUIVALENT_HPLMN_PRESENTATION }
11-25 19:04:58.412  1240  1240 D SIMRecords: [SIMRecords] onRecordLoaded 4 requested: true
11-25 19:04:58.429   202   344 D RILC    : RequestComplete, RIL_SOCKET_1
11-25 19:04:58.429   202   344 E RILC    : Send Response to RIL_SOCKET_1
11-25 19:04:58.430  1240  1370 D RILJ    : [3723]< SIM_IO IccIoResponse sw1:0x90 sw2:0x0 [SUB0]
11-25 19:04:58.431   202   344 D RILC    : RequestComplete, RIL_SOCKET_1
11-25 19:04:58.431   202   344 E RILC    : Send Response to RIL_SOCKET_1
11-25 19:04:58.432  1240  1240 D SIMRecords: [SIMRecords] GID1: ff
11-25 19:04:58.432  1240  1240 D SIMRecords: [SIMRecords] onRecordLoaded 3 requested: true
11-25 19:04:58.432  1240  1370 D RILJ    : [3729]< SIM_IO IccIoResponse sw1:0x90 sw2:0x0 [SUB0]
11-25 19:04:58.433   202   344 D RILC    : RequestComplete, RIL_SOCKET_1
11-25 19:04:58.433   202   344 E RILC    : Send Response to RIL_SOCKET_1
11-25 19:04:58.434   202   344 D RILC    : RequestComplete, RIL_SOCKET_1
11-25 19:04:58.434   202   344 E RILC    : Send Response to RIL_SOCKET_1
11-25 19:04:58.434  1240  1240 D SIMRecords: [SIMRecords] EF_LI LOADED
11-25 19:04:58.434  1240  1240 D SIMRecords: [SIMRecords] EF_LI=7a68656e
11-25 19:04:58.434  1240  1370 D RILJ    : [3730]< SIM_IO IccIoResponse sw1:0x90 sw2:0x0 [SUB0]
11-25 19:04:58.434  1240  1240 D SIMRecords: [SIMRecords] onRecordLoaded 2 requested: true
11-25 19:04:58.434  1240  1240 D SIMRecords: [SIMRecords] EF_PL LOADED
11-25 19:04:58.434  1240  1240 D SIMRecords: [SIMRecords] EF_PL=ffffffff
11-25 19:04:58.434  1240  1370 D RILJ    : [3731]< SIM_IO IccIoResponse sw1:0x90 sw2:0x0 [SUB0]
11-25 19:04:58.434  1240  1240 D SIMRecords: [SIMRecords] onRecordLoaded 1 requested: true
11-25 19:04:58.434  1240  1240 D SubscriptionInfoUpdater: handleMessage : <EVENT_QUERY_ICCID_DONE> SIM1
11-25 19:04:58.434  1240  1240 D SubscriptionInfoUpdater: mIccId[0] = 89860115921101579076
11-25 19:04:58.434  1240  1240 D SubscriptionInfoUpdater: All IccIds query complete
11-25 19:04:58.459   202   344 D RILC    : RequestComplete, RIL_SOCKET_1
11-25 19:04:58.459   202   344 E RILC    : Send Response to RIL_SOCKET_1
11-25 19:04:58.459  1240  1370 D RilRequest: [3732]< SIM_IO error: com.android.internal.telephony.CommandException: GENERIC_FAILURE ret=IccIoResponse sw1:0x6a sw2:0x82
11-25 19:04:58.459  1240  1240 D RILJ    : [3733]> iccIO: SIM_IO 0xc0 0x6f18  path: 3F007FFF,0,0,0 aid: a0000000871002ff86ffff89ffffffff [SUB0]
11-25 19:04:58.460  1240  1240 D SIMRecords: [SIMRecords] onRecordLoaded 1 requested: true
11-25 19:04:58.492   202   344 D RILC    : RequestComplete, RIL_SOCKET_1
11-25 19:04:58.492   202   344 E RILC    : Send Response to RIL_SOCKET_1
11-25 19:04:58.492  1240  1370 D RilRequest: [3733]< SIM_IO error: com.android.internal.telephony.CommandException: GENERIC_FAILURE ret=IccIoResponse sw1:0x6a sw2:0x82
11-25 19:04:58.492  1240  1240 D SIMRecords: [SIMRecords] No SPN loaded in either CHPS or 3GPP
11-25 19:04:58.492  1240  1240 D SIMRecords: [SIMRecords] onRecordLoaded 0 requested: true
11-25 19:04:58.492  1240  1240 D SIMRecords: [SIMRecords] record load complete
11-25 19:04:58.495  1240  1240 D SIMRecords: [SIMRecords] languages from sim = zh
11-25 19:04:58.495  1240  1240 D SIMRecords: [SIMRecords] Setting locale to zh_cn
11-25 19:04:58.495  1240  1240 D SIMRecords: [SIMRecords] onAllRecordsLoaded set 'gsm.sim.operator.numeric' to operator='46001'
11-25 19:04:58.495  1240  1240 D SIMRecords: [SIMRecords] update icc_operator_numeric=46001
11-25 19:04:58.495  1240  1240 D TelephonyManager: setTelephonyProperty: success phoneId=0 property=gsm.sim.operator.numeric value: 46001 propVal=46001
11-25 19:04:58.495  1240  1240 D SIMRecords: [SIMRecords] [key, value]=gsm.sim.operator.numeric, 46001
11-25 19:04:58.495  1240  1240 D SubscriptionController: [setMccMnc]+ mcc/mnc:460/1 subId:1
11-25 19:04:58.513  1240  1240 D SubscriptionController: notifySubscriptionInfoChanged:
11-25 19:04:58.514   784   784 D TelephonyManager: getTelephonyProperty: return propVal='46001' phoneId=0 property='gsm.sim.operator.numeric' defaultVal='' prop=46001
11-25 19:04:58.514  1240  1240 D SIMRecords: [SIMRecords] onAllRecordsLoaded set mcc imsi=460011952973996
11-25 19:04:58.514  1240  1240 D TelephonyManager: setTelephonyProperty: success phoneId=0 property=gsm.sim.operator.iso-country value: cn propVal=cn
11-25 19:04:58.514  1240  1240 D SIMRecords: [SIMRecords] [key, value]=gsm.sim.operator.iso-country, cn
11-25 19:04:58.514  1240  1240 D SIMRecords: [SIMRecords] isAppStateReady : appState = APPSTATE_READY
11-25 19:04:58.515  1240  1240 D DctController: onSubInfoReady mPhoneNum=1
11-25 19:04:58.515  1240  1240 D DctController: onSubInfoReady handle pending requests subId=1
11-25 19:04:58.516  1240  1240 D DctController: [TNF 1]evalPendingRequest, pending request size is 0
11-25 19:04:58.516  1240  1240 D DctController: processRequests
11-25 19:04:58.516  1240  1537 D DctController: handleMessage msg={ when=0 what=100 target=com.android.internal.telephony.dataconnection.DctController }
11-25 19:04:58.516  1240  1537 D DctController: selectExecPhone requestInfo = [ request=NetworkRequest [ id=1, legacyType=-1, [ Capabilities: INTERNET&NOT_RESTRICTED&TRUSTED&NOT_VPN] ], executed=false, priority=0]
11-25 19:04:58.516  1240  1537 D DctController: getTopPriorityRequestPhoneId = 0, priority = 0
11-25 19:04:58.516  1240  1240 E PhoneBase: Error! unregisterForCallWaiting() in PhoneBase should not be called, CDMAPhone inactive.
11-25 19:04:58.516  1240  1537 D DcSwitchAsyncChannel: [DcSwitchAsyncChannel-0]: rspIsIdle=false
11-25 19:04:58.516  1240  1537 D DctController: onProcessRequest phoneId=0, activePhoneId=0
11-25 19:04:58.516  1240  1539 D DcSwitchSM: [DcSwitchStateMachine-0] AttachingState: REQ_CONNECT
11-25 19:04:58.516  1240  1537 D DcSwitchAsyncChannel: [DcSwitchAsyncChannel-0]: rspConnect=1
11-25 19:04:58.518   784   784 D TelephonyManager: getTelephonyProperty: return propVal='null' phoneId=0 property='gsm.operator.numeric' defaultVal='' prop=
11-25 19:04:58.520  1240  1240 D TelephonyManager: getTelephonyProperty: return propVal='null' phoneId=0 property='gsm.operator.alpha' defaultVal='' prop=
11-25 19:04:58.534  1240  1240 E PhoneBase: Error! registerForCallWaiting() in PhoneBase should not be called, CDMAPhone inactive.
11-25 19:04:58.536  1240  1240 D GsmDCT  : [0]SubscriptionListener.onSubscriptionInfoChanged
11-25 19:04:58.538  1240  1240 D GsmSST  : [GsmSST] SubscriptionListener.onSubscriptionInfoChanged
11-25 19:04:58.538  1240  1240 D ModemStackController: Received ACTION_SUBINFO_CONTENT_CHANGE on subId: -1for null intValue: 0
11-25 19:04:58.538  1240  1240 D DctController: got ACTION_SUBINFO_RECORD_UPDATED
11-25 19:04:58.538  1240  1240 D DctController: [TNF 1]update networkCapabilites for subId = 1
11-25 19:04:58.538  1240  1240 D SubscriptionController: [getActiveSubInfoList]+
11-25 19:04:58.539  1240  1240 D SubscriptionController: selection:sim_id>=0 null
11-25 19:04:58.542  1240  1240 D TelephonyManager: getTelephonyProperty: return propVal='cn' phoneId=0 property='gsm.sim.operator.iso-country' defaultVal='' prop=cn
11-25 19:04:58.542  1240  1240 D SubscriptionController: [getSubInfoRecord] id:1 iccid:DUMMY_NV_ID simSlotIndex:0 displayName:CARD 1 nameSource:0 iconTint:-16746133 dataRoaming:0 mcc:460 mnc:1 countIso:cn status:1 nwMode:10
11-25 19:04:58.544  1240  1240 D SubscriptionController: [getActiveSubInfoList]- 1 infos return
11-25 19:04:58.545  1240  1240 D SubscriptionController: [getActiveSubInfoForSubscriber]+ subId=1 subInfo={id=1, iccId=DUMMY_NV_ID simSlotIndex=0 displayName=CARD 1 carrierName=No service. nameSource=0 iconTint=-16746133 dataRoaming=0 iconBitmap=android.graphics.Bitmap@1dcebbba mcc 460 mnc 1 mSubStatus=1 mNwMode=10}
11-25 19:04:58.545  1240  1240 D DctController: [TNF 1]INTERNET capability is with subId = 1
11-25 19:04:58.545  1240  1240 D SubscriptionController: registerForOnDemandDdsLockNotification for client=1
11-25 19:04:58.545  1240  1240 D DctController: [TNF 1]Ready to handle network requests
11-25 19:04:58.545  1240  1240 E IccCardProxy: setExternalState: set mPhoneId=0 mExternalState=READY
11-25 19:04:58.545  1240  1240 D TelephonyManager: setTelephonyProperty: success phoneId=0 property=gsm.sim.state value: READY propVal=READY
11-25 19:04:58.546  1240  1240 D IccCardProxy: broadcastIccStateChangedIntent intent ACTION_SIM_STATE_CHANGED value=READY reason=null for mPhoneId=0
11-25 19:04:58.547  1240  1240 D GsmDCT  : [0]EVENT_3GPP_RECORDS_LOADED
11-25 19:04:58.547  1240  1240 D GsmDCT  : [0]create3gppApnList: selection=numeric = '46001' and carrier_enabled = 1
11-25 19:04:58.548   784   804 D TelephonyManager: getTelephonyProperty: return propVal='46001' phoneId=0 property='gsm.sim.operator.numeric' defaultVal='' prop=46001
11-25 19:04:58.550   784   804 D TelephonyManager: getTelephonyProperty: return propVal='null' phoneId=0 property='gsm.operator.numeric' defaultVal='' prop=
11-25 19:04:58.555  1240  1240 D GsmDCT  : [0]createApnList: X result=[[ApnSettingV3]  3g  (China Unicom), 3162, 46001, 3gnet, , null, , , , -1, default | supl, IP, IP, true, 0, 0, false, 0, 0, 0, 0, , , [ApnSettingV3]  GPRS (China Unicom), 3163, 46001, uninet, , null, , , , -1, default | supl, IP, IP, true, 0, 0, false, 0, 0, 0, 0, , , [ApnSettingV3]  Wap  (China Unicom), 3164, 46001, 3gwap, 10.0.0.172, null, , , 80, -1, *, IP, IP, true, 0, 0, false, 0, 0, 0, 0, , , [ApnSettingV3]  Wap  (China Unicom), 3165, 46001, uniwap, 10.0.0.172, null, , , 80, -1, *, IP, IP, true, 0, 0, false, 0, 0, 0, 0, , , [ApnSettingV3]  3g  (China Unicom), 3166, 46001, 3gwap, , http://mmsc.myuni.com.cn, 10.0.0.172, 80, , -1, mms, IP, IP, true, 0, 0, false, 0, 0, 0, 0, , , [ApnSettingV3]  (China Unicom), 3167, 46001, uniwap, , http://mmsc.myuni.com.cn, 10.0.0.172, 80, , -1, mms, IP, IP, true, 0, 0, false, 0, 0, 0, 0, , , [ApnSettingV3] 3g, 3168, 46001, 3gnet, , , , , , 3, default | supl, IP, IP, true, 0, 0, false, 0, 0, 0, 0, , , [ApnSettingV3] 3gwap, 3169, 46001, 3gwap, 10.0.0.172, , , , 80, 3, default | supl, IP, IP, true, 0, 0, false, 0, 0, 0, 0, , , [ApnSettingV3] 3g, 3170, 46001, 3gwap, , http://mmsc.myuni.com.cn, 10.0.0.172, 80, , 3, mms, IP, IP, true, 0, 0, false, 0, 0, 0, 0, , , [ApnSettingV3] China Unicom 3G, 3171, 46001, 3gnet, , null, , , 80, -1, default | supl, IP, IP, true, 0, 0, false, 0, 0, 0, 0, , , [ApnSettingV3] China Unicom MMS, 3172, 46001, uniwap, , http://mmsc.myuni.com.cn, 10.0.0.172, 80, , -1, mms, IP, IP, true, 0, 0, false, 0, 0, 0, 0, , ]
11-25 19:04:58.555  1240  1240 D GsmDCT  : [0]setInitialApn: E mPreferredApn=null
11-25 19:04:58.555  1240  1240 D GsmDCT  : [0]setInitialApn: firstApnSetting=[ApnSettingV3]  3g  (China Unicom), 3162, 46001, 3gnet, , null, , , , -1, default | supl, IP, IP, true, 0, 0, false, 0, 0, 0, 0, , 
11-25 19:04:58.555  1240  1240 D GsmDCT  : [0]setInitialApn: defaultApnSetting=[ApnSettingV3]  3g  (China Unicom), 3162, 46001, 3gnet, , null, , , , -1, default | supl, IP, IP, true, 0, 0, false, 0, 0, 0, 0, , 
11-25 19:04:58.555  1240  1240 D GsmDCT  : [0]setInitialAttachApn: using defaultApnSetting
11-25 19:04:58.555  1240  1240 D GsmDCT  : [0]setInitialAttachApn: X selected Apn=[ApnSettingV3]  3g  (China Unicom), 3162, 46001, 3gnet, , null, , , , -1, default | supl, IP, IP, true, 0, 0, false, 0, 0, 0, 0, , 
11-25 19:04:58.555  1240  1240 D RILJ    : Set RIL_REQUEST_SET_INITIAL_ATTACH_APN [SUB0]
11-25 19:04:58.555  1240  1240 D RILJ    : [3734]> RIL_REQUEST_SET_INITIAL_ATTACH_APN, apn:3gnet, protocol:IP, authType:-1, username:null, password:null [SUB0]
11-25 19:04:58.557  1240  1240 D GSMPhone: [GSMPhone] updateCurrentCarrierInProvider: mSubId = 1 currentDds = 1 operatorNumeric = 46001
11-25 19:04:58.568   202   338 D RILC    : RequestComplete, RIL_SOCKET_1
11-25 19:04:58.568   202   338 E RILC    : Send Response to RIL_SOCKET_1
11-25 19:04:58.568  1240  1370 D RILJ    : [3734]< RIL_REQUEST_SET_INITIAL_ATTACH_APN  [SUB0]
11-25 19:04:58.585  1240  1240 D GSMPhone: Voicemail count retrieval for Imsi = null current Imsi = 460011952973996
11-25 19:04:58.585  1240  1240 D GSMPhone: updateVoiceMail countVoiceMessages = 0 subId 1
11-25 19:04:58.585  1240  1240 D GSMPhone: updateCallForwardStatus got sim records
11-25 19:04:58.586  1240  1240 D GsmSST  : [GsmSST] EVENT_SIM_RECORDS_LOADED: what=16
11-25 19:04:58.587  1240  1240 D PhoneBase: updatePhoneObject: phoneid = 0 rat = 0
11-25 19:04:58.587  1240  1240 D PhoneProxy: [PhoneProxy] updatePhoneObject: radioTechnology=0
11-25 19:04:58.587  1240  1240 D SIMRecords: [SIMRecords] getServiceProviderName: no brandOverride
11-25 19:04:58.587  1240  1240 D SIMRecords: [SIMRecords] getServiceProviderName: providerName=
11-25 19:04:58.587  1240  1240 D GsmSST  : [GsmSST] updateSpnDisplay: radio is on but out of service, set plmn='No service.'
11-25 19:04:58.587  1240  1240 D SIMRecords: [SIMRecords] getServiceProviderName: no brandOverride
11-25 19:04:58.587  1240  1240 D SIMRecords: [SIMRecords] getServiceProviderName: providerName=
