03-23 09:50:29.923     0   198 I auditd  : Starting up
03-23 09:50:29.944     0   198 I audit_log: Previous audit logfile detected, rotating
03-23 09:50:29.945     0   198 E audit_rules: Could not read audit rules /data/misc/audit/audit.rules: No such file or directory
03-23 09:50:30.084   186   186 I Vold    : Vold 2.1 (the revenge) firing up
03-23 09:50:30.084   186   186 D Vold    : Volume usbdisk state changing -1 (Initializing) -> 0 (No-Media)
03-23 09:50:30.084   186   186 I Cryptfs : Check if PFE is activated on Boot
03-23 09:50:30.097   186   186 E Cryptfs : Bad magic for real block device /dev/block/platform/msm_sdcc.1/by-name/metadata
03-23 09:50:30.097   186   186 E Cryptfs : Error getting crypt footer and key
11-25 19:04:47.235   784   784 I InstallerConnection: disconnecting...
11-25 19:04:47.299   784   784 I SystemServer: Entered the Android system server!
11-25 19:04:47.353   784   784 I SystemServiceManager: Starting com.android.server.pm.Installer
11-25 19:04:47.366   784   784 I Installer: Waiting for installd to be ready.
11-25 19:04:47.367   784   784 I InstallerConnection: connecting...
11-25 19:04:47.368   784   784 I SystemServiceManager: Starting com.android.server.am.ActivityManagerService$Lifecycle
11-25 19:04:47.404   784   784 I XXXXXX  : choosing minFree values for 32 Bit
11-25 19:04:47.404   784   784 I XXXXXX  : choosing minFree values for 32 Bit
11-25 19:04:47.404   784   784 I XXXXXX  : choosing minFree values for 32 Bit
11-25 19:04:47.404   784   784 I XXXXXX  : choosing minFree values for 32 Bit
11-25 19:04:47.404   784   784 I XXXXXX  : choosing minFree values for 32 Bit
11-25 19:04:47.404   784   784 I XXXXXX  : choosing minFree values for 32 Bit
11-25 19:04:47.414   784   784 I ActivityManager: Memory class: 192
11-25 19:04:47.417   784   805 I ServiceThread: Enabled StrictMode logging for ActivityManager looper.
11-25 19:04:47.420   784   806 I ServiceThread: Enabled StrictMode logging for android.ui looper.
11-25 19:04:47.534   784   784 I IntentFirewall: Read new rules (A:0 B:0 S:0)
11-25 19:04:47.546   784   811 I ServiceThread: Enabled StrictMode logging for android.display looper.
11-25 19:04:47.550   784   784 D AppOps  : AppOpsService published
11-25 19:04:47.550   784   784 I SystemServiceManager: Starting com.android.server.power.PowerManagerService
11-25 19:04:47.562   784   812 I ServiceThread: Enabled StrictMode logging for PowerManagerService looper.
11-25 19:04:49.626   784   784 I SystemServiceManager: Starting com.android.server.display.DisplayManagerService
11-25 19:04:49.632   784   784 I SystemServiceManager: Starting phase 100
11-25 19:04:49.645   784   811 I DisplayManagerService: Display device added: DisplayDeviceInfo{"Built-in Screen": uniqueId="local:0", 1080 x 1920, 60.0 fps, supportedRefreshRates [60.0], density 480, 442.451 x 443.345 dpi, appVsyncOff 7500000, presDeadline 12666667, touch INTERNAL, rotation 0, type BUILT_IN, state UNKNOWN, FLAG_DEFAULT_DISPLAY, FLAG_ROTATES_WITH_CONTENT, FLAG_SECURE, FLAG_SUPPORTS_PROTECTED_BUFFERS}
11-25 19:04:49.647   784   784 I SystemServer: Package Manager
11-25 19:04:49.660   784   784 W PackageManager: No security bridge jar found, using default
11-25 19:04:49.675   784   784 W SystemConfig: No directory /system/etc/sysconfig, skipping
11-25 19:04:49.778   784   784 D SELinuxMMAC: Using policy file /system/etc/security/mac_permissions.xml
11-25 19:04:50.620   784   784 W PackageParser: No actions in intent filter at /system/priv-app/Contacts/Contacts.apk Binary XML file line #362
11-25 19:04:50.922   784   784 W PackageParser: No actions in intent filter at /system/priv-app/Dialer/Dialer.apk Binary XML file line #185
11-25 19:04:51.965   784   784 W PackageParser: Unknown element under <intent-filter>: android at /system/priv-app/Telecom/Telecom.apk Binary XML file line #236
11-25 19:04:51.965   784   784 W PackageParser: Unknown element under <intent-filter>: android at /system/priv-app/Telecom/Telecom.apk Binary XML file line #244
11-25 19:04:52.226   784   784 W PackageParser: No actions in intent filter at /system/app/Bluetooth/Bluetooth.apk Binary XML file line #229
11-25 19:04:52.340   784   784 W PackageParser: No actions in intent filter at /system/app/CMFileManager/CMFileManager.apk Binary XML file line #166
11-25 19:04:53.006   784   784 W PackageParser: Unknown element under <application>: permission at /system/app/Gallery2/Gallery2.apk Binary XML file line #276
11-25 19:04:53.006   784   784 W PackageParser: Unknown element under <application>: permission at /system/app/Gallery2/Gallery2.apk Binary XML file line #279
11-25 19:04:53.925   784   784 W PackageParser: Unknown element under <application>: uses-permission at /system/app/shutdownlistener/shutdownlistener.apk Binary XML file line #11
11-25 19:04:54.189   784   784 W PackageManager: Package com.android.mms desires unavailable shared library com.qrd.wappush; ignoring!
11-25 19:04:54.189   784   784 E PackageManager: updateAllSharedLibrariesLPw failed: Package com.android.dialer requires unavailable shared library com.qualcomm.qti.smartsearch; failing!
11-25 19:04:54.189   784   784 W PackageManager: Package com.android.gallery3d desires unavailable shared library com.google.android.media.effects; ignoring!
11-25 19:04:54.189   784   784 W PackageManager: Package com.android.gallery3d desires unavailable shared library com.google.android.media.effects; ignoring!
11-25 19:04:54.189   784   784 W PackageManager: Package com.android.calculator2 desires unavailable shared library com.sec.android.app.multiwindow; ignoring!
11-25 19:04:54.190   784   784 I PackageManager: Adjusting ABI for : com.android.inputdevices to armeabi-v7a
11-25 19:04:54.191   784   784 I PackageManager: Adjusting ABI for : com.android.keychain to armeabi-v7a
11-25 19:04:54.192   784   784 I PackageManager: Adjusting ABI for : com.android.server.telecom to armeabi-v7a
11-25 19:04:54.193   784   784 I PackageManager: Adjusting ABI for : com.cyanogenmod.setupwizard to armeabi-v7a
11-25 19:04:54.194   784   784 I PackageManager: Adjusting ABI for : com.android.development to armeabi-v7a
11-25 19:04:54.195   784   784 I PackageManager: Adjusting ABI for : com.android.settings to armeabi-v7a
11-25 19:04:54.196   784   784 I PackageManager: Adjusting ABI for : com.android.location.fused to armeabi-v7a
11-25 19:04:54.198   784   784 I PackageManager: Adjusting ABI for : com.android.providers.settings to armeabi-v7a
11-25 19:04:54.199   784   784 I PackageManager: Adjusting ABI for : cyanogenmod.platform to armeabi-v7a
11-25 19:04:54.201   784   784 I PackageManager: Time to scan packages: 4.344 seconds
11-25 19:04:54.202   784   784 W PackageManager: Unknown permission com.google.android.googleapps.permission.GOOGLE_AUTH in package com.android.providers.calendar
11-25 19:04:54.202   784   784 W PackageManager: Unknown permission com.google.android.googleapps.permission.GOOGLE_AUTH.cl in package com.android.providers.calendar
11-25 19:04:54.202   784   784 W PackageManager: Not granting permission android.permission.ACCESS_DOWNLOAD_MANAGER to package com.android.browser (protectionLevel=18 flags=0x49be45)
11-25 19:04:54.202   784   784 W PackageManager: Not granting permission android.permission.SEND_DOWNLOAD_COMPLETED_INTENTS to package com.android.browser (protectionLevel=2 flags=0x49be45)
11-25 19:04:54.202   784   784 W PackageManager: Not granting permission android.permission.WRITE_MEDIA_STORAGE to package com.android.soundrecorder (protectionLevel=18 flags=0x8be45)
11-25 19:04:54.202   784   784 W PackageManager: Unknown permission com.cyngn.cmstats.SEND_ANALYTICS in package com.cyanogenmod.setupwizard
11-25 19:04:54.202   784   784 W PackageManager: Unknown permission com.cyanogen.permission.REQUEST_KILL_SWITCH_OP in package com.cyanogenmod.setupwizard
11-25 19:04:54.202   784   784 W PackageManager: Unknown permission com.google.android.c2dm.permission.RECEIVE in package org.whispersystems.whisperpush
11-25 19:04:54.202   784   784 W PackageManager: Unknown permission com.cyngn.stats.SEND_ANALYTICS in package org.whispersystems.whisperpush
11-25 19:04:54.202   784   784 W PackageManager: Unknown permission com.google.android.c2dm.permission.RECEIVE in package com.cyanogenmod.account
11-25 19:04:54.202   784   784 W PackageManager: Unknown permission android.permission.INSTALL_DRM in package com.android.mms
11-25 19:04:54.202   784   784 W PackageManager: Unknown permission com.qualcomm.permission.USE_PHONE_SERVICE in package com.android.mms
11-25 19:04:54.203   784   784 W PackageManager: Not granting permission android.permission.MANAGE_DOCUMENTS to package com.android.mms (protectionLevel=2 flags=0x4049be65)
11-25 19:04:54.203   784   784 W PackageManager: Unknown permission android.permission.NFC_UNLOCK in package com.android.nfc
11-25 19:04:54.203   784   784 W PackageManager: Unknown permission com.google.android.googleapps.permission.GOOGLE_AUTH.mail in package com.android.calendar
11-25 19:04:54.203   784   784 W PackageManager: Unknown permission com.android.launcher.permission.READ_SETTINGS in package com.android.onetimeinitializer
11-25 19:04:54.203   784   784 W PackageManager: Unknown permission com.android.launcher.permission.WRITE_SETTINGS in package com.android.onetimeinitializer
11-25 19:04:54.203   784   784 W PackageManager: Unknown permission com.qualcomm.permission.USE_PHONE_SERVICE in package com.android.dialer
11-25 19:04:54.203   784   784 W PackageManager: Unknown permission com.android.launcher.permission.READ_SETTINGS in package com.cyanogenmod.trebuchet
11-25 19:04:54.203   784   784 W PackageManager: Unknown permission com.android.launcher.permission.WRITE_SETTINGS in package com.cyanogenmod.trebuchet
11-25 19:04:54.203   784   784 W PackageManager: Unknown permission com.cyngn.stats.SEND_ANALYTICS in package com.cyanogenmod.trebuchet
11-25 19:04:54.203   784   784 W PackageManager: Unknown permission android.permission.CANCEL_NOTIFICATIONS in package org.cyanogenmod.theme.chooser
11-25 19:04:54.203   784   784 W PackageManager: Not granting permission android.permission.DELETE_PACKAGES to package com.svox.pico (protectionLevel=18 flags=0x8be45)
11-25 19:04:54.203   784   784 W PackageManager: Unknown permission android.permission.ACCESS_SUPERUSER in package com.cyanogenmod.filemanager
11-25 19:04:54.203   784   784 W PackageManager: Unknown permission com.cyanogenmod.filemanager.permissions.READ_THEME in package com.cyanogenmod.filemanager
11-25 19:04:54.204   784   784 W PackageManager: Unknown permission com.google.android.gallery3d.permission.PICASA_STORE in package com.android.dreams.phototable
11-25 19:04:54.204   784   784 W PackageManager: Unknown permission com.google.android.googleapps.permission.GOOGLE_AUTH in package com.android.settings
11-25 19:04:54.204   784   784 W PackageManager: Unknown permission com.android.launcher.permission.READ_SETTINGS in package com.android.settings
11-25 19:04:54.204   784   784 W PackageManager: Unknown permission com.android.launcher.permission.WRITE_SETTINGS in package com.android.settings
11-25 19:04:54.204   784   784 W PackageManager: Unknown permission com.cyanogen.permission.REQUEST_KILL_SWITCH_OP in package com.android.settings
11-25 19:04:54.204   784   784 W PackageManager: Unknown permission com.cyngn.stats.SEND_ANALYTICS in package com.android.settings
11-25 19:04:54.204   784   784 W PackageManager: Not granting permission android.permission.DEVICE_POWER to package com.android.deskclock (protectionLevel=2 flags=0x48be45)
11-25 19:04:54.204   784   784 W PackageManager: Unknown permission com.android.deskclock.worldclock.permissions.WRITE_DATABASE in package com.android.deskclock
11-25 19:04:54.204   784   784 W PackageManager: Unknown permission com.cyngn.stats.SEND_ANALYTICS in package com.android.systemui
11-25 19:04:54.204   784   784 W PackageManager: Unknown permission com.google.android.gallery3d.permission.GALLERY_PROVIDER in package com.android.bluetooth
11-25 19:04:54.205   784   784 W PackageManager: Unknown permission com.google.android.googleapps.permission.ACCESS_GOOGLE_PASSWORD in package com.android.development
11-25 19:04:54.205   784   784 W PackageManager: Unknown permission com.google.android.googleapps.permission.GOOGLE_AUTH in package com.android.development
11-25 19:04:54.205   784   784 W PackageManager: Unknown permission com.google.android.googleapps.permission.GOOGLE_AUTH.ALL_SERVICES in package com.android.development
11-25 19:04:54.205   784   784 W PackageManager: Unknown permission com.google.android.googleapps.permission.GOOGLE_AUTH.YouTubeUser in package com.android.development
11-25 19:04:54.205   784   784 V PackageManager: Disabling com.google.android.gsf/com.google.android.gsf.update.SystemUpdateActivity
11-25 19:04:54.205   784   784 W PackageManager: Unable to disable com.google.android.gsf/com.google.android.gsf.update.SystemUpdateActivity
11-25 19:04:54.205   784   784 V PackageManager: Disabling com.google.android.gsf/com.google.android.gsf.update.SystemUpdateService$Receiver
11-25 19:04:54.205   784   784 W PackageManager: Unable to disable com.google.android.gsf/com.google.android.gsf.update.SystemUpdateService$Receiver
11-25 19:04:54.205   784   784 V PackageManager: Disabling com.google.android.gsf/com.google.android.gsf.update.SystemUpdateService$SecretCodeReceiver
11-25 19:04:54.205   784   784 W PackageManager: Unable to disable com.google.android.gsf/com.google.android.gsf.update.SystemUpdateService$SecretCodeReceiver
11-25 19:04:54.205   784   784 V PackageManager: Disabling com.google.android.gms/com.google.android.gms.update.SystemUpdateActivity
11-25 19:04:54.205   784   784 W PackageManager: Unable to disable com.google.android.gms/com.google.android.gms.update.SystemUpdateActivity
11-25 19:04:54.205   784   784 V PackageManager: Disabling com.google.android.gms/com.google.android.gms.update.SystemUpdateService$Receiver
11-25 19:04:54.205   784   784 W PackageManager: Unable to disable com.google.android.gms/com.google.android.gms.update.SystemUpdateService$Receiver
11-25 19:04:54.205   784   784 V PackageManager: Disabling com.google.android.gms/com.google.android.gms.update.SystemUpdateService$ActiveReceiver
11-25 19:04:54.205   784   784 W PackageManager: Unable to disable com.google.android.gms/com.google.android.gms.update.SystemUpdateService$ActiveReceiver
11-25 19:04:54.205   784   784 V PackageManager: Disabling com.google.android.gms/com.google.android.gms.update.SystemUpdateService$SecretCodeReceiver
11-25 19:04:54.205   784   784 W PackageManager: Unable to disable com.google.android.gms/com.google.android.gms.update.SystemUpdateService$SecretCodeReceiver
11-25 19:04:54.205   784   784 V PackageManager: Enabling com.google.android.gsf/com.google.android.gsf.update.SystemUpdateService
11-25 19:04:54.205   784   784 W PackageManager: Unable to enable com.google.android.gsf/com.google.android.gsf.update.SystemUpdateService
11-25 19:04:54.205   784   784 V PackageManager: Enabling com.google.android.gms/com.google.android.gms.update.SystemUpdateService
11-25 19:04:54.205   784   784 W PackageManager: Unable to enable com.google.android.gms/com.google.android.gms.update.SystemUpdateService
11-25 19:04:54.267   784   784 I SystemServer: User Service
11-25 19:04:54.275   784   784 I SystemServiceManager: Starting com.android.server.lights.LightsService
11-25 19:04:54.279   784   784 I SystemServiceManager: Starting com.android.server.BatteryService
11-25 19:04:54.291   784   784 I SystemServiceManager: Starting com.android.server.usage.UsageStatsService
11-25 19:04:54.301   784   784 I SystemServiceManager: Starting com.android.server.webkit.WebViewUpdateService
11-25 19:04:54.303   784   784 I SystemServer: Reading configuration...
11-25 19:04:54.303   784   784 I SystemServer: Scheduling Policy
11-25 19:04:54.304   784   784 I SystemServiceManager: Starting com.android.server.telecom.TelecomLoaderService
11-25 19:04:54.304   784   784 I SystemServer: Telephony Registry
11-25 19:04:54.310   784   784 I SystemServer: Entropy Mixer
11-25 19:04:54.318   784   784 I EntropyMixer: Added HW RNG output to entropy pool
11-25 19:04:54.318   784   784 I EntropyMixer: Writing entropy...
11-25 19:04:54.328   784   784 I SystemServer: Account Manager
11-25 19:04:54.340   784   784 I SystemServer: Content Manager
11-25 19:04:54.342   784   784 I SystemServer: System Content Providers
11-25 19:04:54.369   784   784 I SystemServer: Vibrator Service
11-25 19:04:54.371   784   784 I SystemServer: Consumer IR Service
11-25 19:04:54.371   784   784 I SystemServiceManager: Starting com.android.server.AlarmManagerService
11-25 19:04:54.379   784   784 I SystemServer: Init Watchdog
11-25 19:04:54.380   784   784 I SystemServer: Input Manager
11-25 19:04:54.381   784   784 I InputManager: Initializing input manager, mUseDevInputEventForAudioJack=true
11-25 19:04:54.382   784   784 I SystemServer: Window Manager
11-25 19:04:54.425   784   811 I WindowManager: No existing display settings /data/system/display_settings.xml; starting empty
11-25 19:04:54.500   784   784 I InputManager: Starting input manager
11-25 19:04:54.511   784   784 I SystemServer: Bluetooth Manager Service
11-25 19:04:54.527   784   784 I SystemServer: Input Method Service
11-25 19:04:54.536   784   784 W InputMethodManagerService: Couldn't create dir.: /data/system/inputmethod
11-25 19:04:54.564   784   784 I SystemServer: Accessibility Manager
11-25 19:04:54.574   784   784 I XXXXXX  : choosing minFree values for 32 Bit
11-25 19:04:54.574   784   784 I XXXXXX  : choosing minFree values for 32 Bit
11-25 19:04:54.574   784   784 I XXXXXX  : choosing minFree values for 32 Bit
11-25 19:04:54.574   784   784 I XXXXXX  : choosing minFree values for 32 Bit
11-25 19:04:54.574   784   784 I XXXXXX  : choosing minFree values for 32 Bit
11-25 19:04:54.574   784   784 I XXXXXX  : choosing minFree values for 32 Bit
11-25 19:04:54.576   784   784 I ActivityManager: Config changes=1df8 {1.0 ?mcc?mnc en_US ?layoutDir sw360dp w360dp h640dp 480dpi nrml long port ?uimode ?night -touch -keyb/v/h -nav/h s.2 themeResource=null}
11-25 19:04:54.591   784   784 I ActivityManager: Config changes=508 {1.0 ?mcc?mnc en_US ?layoutDir sw360dp w360dp h567dp 480dpi nrml port ?uimode ?night finger -keyb/v/h -nav/h s.3 themeResource=null}
11-25 19:04:54.593   784   784 I SystemServer: Mount Service
11-25 19:04:54.601   784   784 D MountService: got storage path: null description: Internal storage primary: true removable: false emulated: true mtpReserve: 100 allowMassStorage: false maxFileSize: 0 allowMtp: true
11-25 19:04:54.602   784   784 D MountService: addVolumeLocked() StorageVolume:
11-25 19:04:54.602   784   784 D MountService:     mStorageId=65537 mPath=/storage/emulated/0 mDescriptionId=17041028 
11-25 19:04:54.602   784   784 D MountService:     mPrimary=true mRemovable=false mEmulated=true mMtpReserveSpace=100 
11-25 19:04:54.602   784   784 D MountService:     mAllowMassStorage=false mMaxFileSize=0 mOwner=UserHandle{0} mUuid=null 
11-25 19:04:54.602   784   784 D MountService:     mUserLabel=null mState=null mAllowMtp=true 
11-25 19:04:54.603   784   784 D MountService: got storage path: /storage/usbdisk description: USB storage primary: false removable: true emulated: false mtpReserve: 0 allowMassStorage: false maxFileSize: 0 allowMtp: true
11-25 19:04:54.603   784   784 D MountService: addVolumeLocked() StorageVolume:
11-25 19:04:54.603   784   784 D MountService:     mStorageId=0 mPath=/storage/usbdisk mDescriptionId=17041030 mPrimary=false 
11-25 19:04:54.603   784   784 D MountService:     mRemovable=true mEmulated=false mMtpReserveSpace=0 mAllowMassStorage=false 
11-25 19:04:54.603   784   784 D MountService:     mMaxFileSize=0 mOwner=null mUuid=null mUserLabel=null mState=null 
11-25 19:04:54.603   784   784 D MountService:     mAllowMtp=true 
11-25 19:04:54.611   784   784 I SystemServer: LockSettingsService
11-25 19:04:54.625   784   784 I SystemServiceManager: Starting com.android.server.devicepolicy.DevicePolicyManagerService$Lifecycle
11-25 19:04:54.626   784   899 D MountService: volume state changed for /storage/usbdisk (unmounted -> removed)
11-25 19:04:54.631   784   899 W PackageManager: Unknown permission com.google.android.googleapps.permission.GOOGLE_AUTH in package com.android.providers.calendar
11-25 19:04:54.634   784   899 W PackageManager: Unknown permission com.google.android.googleapps.permission.GOOGLE_AUTH.cl in package com.android.providers.calendar
11-25 19:04:54.635   784   899 W PackageManager: Not granting permission android.permission.ACCESS_DOWNLOAD_MANAGER to package com.android.browser (protectionLevel=18 flags=0x49be45)
11-25 19:04:54.635   784   899 W PackageManager: Not granting permission android.permission.SEND_DOWNLOAD_COMPLETED_INTENTS to package com.android.browser (protectionLevel=2 flags=0x49be45)
11-25 19:04:54.635   784   899 W PackageManager: Not granting permission android.permission.WRITE_MEDIA_STORAGE to package com.android.soundrecorder (protectionLevel=18 flags=0x8be45)
11-25 19:04:54.636   784   899 W PackageManager: Unknown permission com.cyngn.cmstats.SEND_ANALYTICS in package com.cyanogenmod.setupwizard
11-25 19:04:54.636   784   899 W PackageManager: Unknown permission com.cyanogen.permission.REQUEST_KILL_SWITCH_OP in package com.cyanogenmod.setupwizard
11-25 19:04:54.636   784   899 W PackageManager: Unknown permission com.google.android.c2dm.permission.RECEIVE in package org.whispersystems.whisperpush
11-25 19:04:54.636   784   899 W PackageManager: Unknown permission com.cyngn.stats.SEND_ANALYTICS in package org.whispersystems.whisperpush
11-25 19:04:54.637   784   899 W PackageManager: Unknown permission com.google.android.c2dm.permission.RECEIVE in package com.cyanogenmod.account
11-25 19:04:54.637   784   899 W PackageManager: Unknown permission android.permission.INSTALL_DRM in package com.android.mms
11-25 19:04:54.637   784   899 W PackageManager: Unknown permission com.qualcomm.permission.USE_PHONE_SERVICE in package com.android.mms
11-25 19:04:54.637   784   899 W PackageManager: Not granting permission android.permission.MANAGE_DOCUMENTS to package com.android.mms (protectionLevel=2 flags=0x4049be65)
11-25 19:04:54.638   784   899 W PackageManager: Unknown permission android.permission.NFC_UNLOCK in package com.android.nfc
11-25 19:04:54.638   784   899 W PackageManager: Unknown permission com.google.android.googleapps.permission.GOOGLE_AUTH.mail in package com.android.calendar
11-25 19:04:54.639   784   899 W PackageManager: Unknown permission com.android.launcher.permission.READ_SETTINGS in package com.android.onetimeinitializer
11-25 19:04:54.639   784   899 W PackageManager: Unknown permission com.android.launcher.permission.WRITE_SETTINGS in package com.android.onetimeinitializer
11-25 19:04:54.639   784   899 W PackageManager: Unknown permission com.qualcomm.permission.USE_PHONE_SERVICE in package com.android.dialer
11-25 19:04:54.640   784   899 W PackageManager: Unknown permission com.android.launcher.permission.READ_SETTINGS in package com.cyanogenmod.trebuchet
11-25 19:04:54.640   784   899 W PackageManager: Unknown permission com.android.launcher.permission.WRITE_SETTINGS in package com.cyanogenmod.trebuchet
11-25 19:04:54.640   784   899 W PackageManager: Unknown permission com.cyngn.stats.SEND_ANALYTICS in package com.cyanogenmod.trebuchet
11-25 19:04:54.640   784   899 W PackageManager: Unknown permission android.permission.CANCEL_NOTIFICATIONS in package org.cyanogenmod.theme.chooser
11-25 19:04:54.640   784   899 W PackageManager: Not granting permission android.permission.DELETE_PACKAGES to package com.svox.pico (protectionLevel=18 flags=0x8be45)
11-25 19:04:54.641   784   899 W PackageManager: Unknown permission android.permission.ACCESS_SUPERUSER in package com.cyanogenmod.filemanager
11-25 19:04:54.641   784   899 W PackageManager: Unknown permission com.cyanogenmod.filemanager.permissions.READ_THEME in package com.cyanogenmod.filemanager
11-25 19:04:54.641   784   899 W PackageManager: Unknown permission com.google.android.gallery3d.permission.PICASA_STORE in package com.android.dreams.phototable
11-25 19:04:54.641   784   899 W PackageManager: Unknown permission com.google.android.googleapps.permission.GOOGLE_AUTH in package com.android.settings
11-25 19:04:54.642   784   899 W PackageManager: Unknown permission com.android.launcher.permission.READ_SETTINGS in package com.android.settings
11-25 19:04:54.642   784   899 W PackageManager: Unknown permission com.android.launcher.permission.WRITE_SETTINGS in package com.android.settings
11-25 19:04:54.642   784   899 W PackageManager: Unknown permission com.cyanogen.permission.REQUEST_KILL_SWITCH_OP in package com.android.settings
11-25 19:04:54.642   784   899 W PackageManager: Unknown permission com.cyngn.stats.SEND_ANALYTICS in package com.android.settings
11-25 19:04:54.643   784   899 W PackageManager: Not granting permission android.permission.DEVICE_POWER to package com.android.deskclock (protectionLevel=2 flags=0x48be45)
11-25 19:04:54.643   784   899 W PackageManager: Unknown permission com.android.deskclock.worldclock.permissions.WRITE_DATABASE in package com.android.deskclock
11-25 19:04:54.644   784   899 W PackageManager: Unknown permission com.cyngn.stats.SEND_ANALYTICS in package com.android.systemui
11-25 19:04:54.644   784   899 W PackageManager: Unknown permission com.google.android.gallery3d.permission.GALLERY_PROVIDER in package com.android.bluetooth
11-25 19:04:54.644   784   899 W PackageManager: Unknown permission com.google.android.googleapps.permission.ACCESS_GOOGLE_PASSWORD in package com.android.development
11-25 19:04:54.645   784   899 W PackageManager: Unknown permission com.google.android.googleapps.permission.GOOGLE_AUTH in package com.android.development
11-25 19:04:54.645   784   899 W PackageManager: Unknown permission com.google.android.googleapps.permission.GOOGLE_AUTH.ALL_SERVICES in package com.android.development
11-25 19:04:54.645   784   899 W PackageManager: Unknown permission com.google.android.googleapps.permission.GOOGLE_AUTH.YouTubeUser in package com.android.development
11-25 19:04:54.711   784   784 I SystemServer: Status Bar
11-25 19:04:54.716   784   784 I SystemServer: Clipboard Service
11-25 19:04:54.726   784   784 W ClipboardService: No security bridge jar found, using default
11-25 19:04:54.727   784   784 I SystemServer: TorchService
11-25 19:04:54.744   784   784 I SystemServer: NetworkManagement Service
11-25 19:04:54.763   784   784 I SystemServer: Text Service Manager Service
11-25 19:04:54.769   784   784 I SystemServer: Network Score Service
11-25 19:04:54.770   784   784 I SystemServer: NetworkStats Service
11-25 19:04:54.781   784   784 I SystemServer: NetworkPolicy Service
11-25 19:04:54.802   784   784 I SystemServiceManager: Starting com.android.server.wifi.p2p.WifiP2pService
11-25 19:04:54.863   784   784 I SystemServiceManager: Starting com.android.server.wifi.WifiService
11-25 19:04:54.977   784   804 I UsageStatsService: User[0] Rollover scheduled @ 2016-11-26 08:00:00(1480118400000)
11-25 19:04:55.079   784   784 I SystemServiceManager: Starting com.android.server.wifi.WifiScanningService
11-25 19:04:55.081   784   784 I SystemServiceManager: Starting com.android.server.wifi.RttService
11-25 19:04:55.083   784   784 I SystemServiceManager: Starting com.android.server.ethernet.EthernetService
11-25 19:04:55.088   784   784 I SystemServer: Connectivity Service
11-25 19:04:55.093   784   784 D ConnectivityService: ConnectivityService starting up
11-25 19:04:55.105   784   784 D ConnectivityService: wifiOnly=false
11-25 19:04:55.106   784   784 E ConnectivityService: Ignoring protectedNetwork 15
11-25 19:04:55.145   784   784 I SystemServer: Network Service Discovery Service
11-25 19:04:55.152   784   784 D NsdService: Network service discovery enabled true
11-25 19:04:55.156   784   784 I SystemServer: DPM Service
11-25 19:04:55.156   784   784 I SystemServer: DPM configuration set to 0
11-25 19:04:55.156   784   784 I SystemServer: UpdateLock Service
11-25 19:04:55.208   784   784 I SystemServiceManager: Starting com.android.server.notification.NotificationManagerService
11-25 19:04:55.239   784   784 D ZenLog  : set_zen_mode: no_interruptions,setting
11-25 19:04:55.239   784   784 D ZenLog  : update_zen_mode: off -> no_interruptions
11-25 19:04:55.243   784   784 I SystemServiceManager: Starting com.android.server.storage.DeviceStorageMonitorService
11-25 19:04:55.247   784   784 I SystemServer: Location Manager
11-25 19:04:55.251   784   784 I SystemServer: Country Detector
11-25 19:04:55.252   784   784 I SystemServer: Search Service
11-25 19:04:55.254   784   784 I SystemServer: DropBox Service
11-25 19:04:55.256   784   784 I SystemServer: Wallpaper Service
11-25 19:04:55.262   784   784 W WallpaperManagerService: no current wallpaper -- first boot?
11-25 19:04:55.266   784   784 I SystemServer: Profile Manager
11-25 19:04:55.275   784   906 D WifiService: New client listening to asynchronous messages
11-25 19:04:55.302   784   784 I SystemServer: Audio Service
11-25 19:04:55.356   784   784 I SystemServiceManager: Starting com.android.server.DockObserver
11-25 19:04:55.360   784   784 W DockObserver: This kernel does not have dock station support
11-25 19:04:55.362   784   784 I SystemServer: Wired Accessory Manager
11-25 19:04:55.374   784   784 I SystemServiceManager: Starting com.android.server.usb.UsbService$Lifecycle
11-25 19:04:55.402   784   784 I SystemServer: Serial Service
11-25 19:04:55.403   784   784 I SystemServiceManager: Starting com.android.server.twilight.TwilightService
11-25 19:04:55.410   784   784 I SystemServiceManager: Starting com.android.server.UiModeManagerService
11-25 19:04:55.417   784   784 I SystemServiceManager: Starting com.android.server.job.JobSchedulerService
11-25 19:04:55.428   784   784 D JobStore: job-info
11-25 19:04:55.436   784   784 I SystemServiceManager: Starting com.android.server.backup.BackupManagerService$Lifecycle
11-25 19:04:55.440   784   784 I SystemServiceManager: Starting com.android.server.appwidget.AppWidgetService
11-25 19:04:55.445   784   784 I SystemServiceManager: Starting com.android.server.voiceinteraction.VoiceInteractionManagerService
11-25 19:04:55.451   784   784 W SoundTriggerHelper: listModules status=0, # of modules=0
11-25 19:04:55.451   784   784 I SystemServer: DiskStats Service
11-25 19:04:55.452   784   784 I SystemServer: SamplingProfiler Service
11-25 19:04:55.463   784   784 I SystemServer: NetworkTimeUpdateService
11-25 19:04:55.469   784   784 I SystemServer: CommonTimeManagementService
11-25 19:04:55.473   784   784 I SystemServer: CertBlacklister
11-25 19:04:55.475   784   784 I SystemServiceManager: Starting com.android.server.dreams.DreamManagerService
11-25 19:04:55.478   784   784 I SystemServer: Assets Atlas Service
11-25 19:04:55.489   784   784 I SystemServiceManager: Starting com.android.server.print.PrintManagerService
11-25 19:04:55.494   784   784 I SystemServiceManager: Starting com.android.server.restrictions.RestrictionsManagerService
11-25 19:04:55.497   784   784 I SystemServiceManager: Starting com.android.server.media.MediaSessionService
11-25 19:04:55.506   784   784 I SystemServer: Theme Service
11-25 19:04:55.512   784   784 I SystemServer: KillSwitch Service
11-25 19:04:55.514   784   784 I SystemServer: Media Router Service
11-25 19:04:55.517   784   784 I SystemServiceManager: Starting com.android.server.trust.TrustManagerService
11-25 19:04:55.520   784   784 I SystemServiceManager: Starting com.android.server.fingerprint.FingerprintService
11-25 19:04:55.523   784   784 I SystemServer: BackgroundDexOptService
11-25 19:04:55.526   784   784 I SystemServer: CmHardwareService
11-25 19:04:55.536   784   784 I SystemServiceManager: Starting com.android.server.pm.LauncherAppsService
11-25 19:04:55.539   784   784 D SystemServer: Wipower not supported
11-25 19:04:55.539   784   784 I SystemServer: EdgeGesture service
11-25 19:04:55.541   784   784 I SystemServiceManager: Starting com.android.server.media.projection.MediaProjectionManagerService
11-25 19:04:55.564   784   784 I SystemServiceManager: Starting com.android.server.MmsServiceBroker
11-25 19:04:55.586   784   784 E LockSettingsStorage: Cannot read file java.io.FileNotFoundException: /data/system/password.key: open failed: ENOENT (No such file or directory)
11-25 19:04:55.587   784   784 E LockSettingsStorage: Cannot read file java.io.FileNotFoundException: /data/system/gesture.key: open failed: ENOENT (No such file or directory)
11-25 19:04:55.587   784   784 I SystemServiceManager: Starting phase 480
11-25 19:04:55.603   784   784 I SystemServiceManager: Starting phase 500
11-25 19:04:55.604   784   784 I WifiService: WifiService starting up with Wi-Fi disabled
11-25 19:04:55.622   784   784 D WifiScanningService: New client, channel: null messenger: null
11-25 19:04:55.634   784   907 D ConnectivityService: Got NetworkFactory Messenger for Ethernet
11-25 19:04:55.643   784   784 I ActivityManager: Config changes=200 {1.0 ?mcc?mnc en_US ?layoutDir sw360dp w360dp h567dp 480dpi nrml port finger -keyb/v/h -nav/h s.4 themeResource=null}
11-25 19:04:55.664   784   784 V BackupManagerService: No ancestral data
11-25 19:04:55.668   784   784 D BackupManagerService: Now staging backup of com.android.providers.telephony
11-25 19:04:55.679   784   784 D BackupManagerService: Now staging backup of com.android.browser
11-25 19:04:55.682   784   784 D BackupManagerService: Now staging backup of android
11-25 19:04:55.685   784   784 D BackupManagerService: Now staging backup of com.android.mms
11-25 19:04:55.689   784   784 D BackupManagerService: Now staging backup of com.android.nfc
11-25 19:04:55.692   784   784 D BackupManagerService: Now staging backup of com.android.calendar
11-25 19:04:55.695   784   784 D BackupManagerService: Now staging backup of com.android.providers.settings
11-25 19:04:55.698   784   784 D BackupManagerService: Now staging backup of com.android.sharedstoragebackup
11-25 19:04:55.705   784   784 D BackupManagerService: Now staging backup of com.android.dialer
11-25 19:04:55.709   784   784 D BackupManagerService: Now staging backup of com.cyanogenmod.trebuchet
11-25 19:04:55.712   784   784 D BackupManagerService: Now staging backup of com.android.providers.userdictionary
11-25 19:04:55.716   784   784 V BackupManagerService: Starting with transport com.google.android.backup/.BackupTransportService
11-25 19:04:55.716   784   784 V BackupManagerService: Found transports: 1
11-25 19:04:55.716   784   784 I BackupManagerService: Binding to transport host ComponentInfo{android/com.android.internal.backup.LocalTransportService}
11-25 19:04:55.721   784   784 I BackupManagerService: Found stale backup journal, scheduling
11-25 19:04:55.766   784   812 D LiveDisplay: Adjust display temperature to 6500K [r=1.0 g=1.0 b=1.0]
11-25 19:04:55.795   784   784 I SystemServer: org.cyanogenmod.platform.internal.CMStatusBarManagerService
11-25 19:04:55.809   784   784 I SystemServiceManager: Starting org.cyanogenmod.platform.internal.CMStatusBarManagerService
11-25 19:04:55.829   784   811 I DisplayManagerService: Display device changed: DisplayDeviceInfo{"Built-in Screen": uniqueId="local:0", 1080 x 1920, 60.0 fps, supportedRefreshRates [60.0], density 480, 442.451 x 443.345 dpi, appVsyncOff 7500000, presDeadline 12666667, touch INTERNAL, rotation 0, type BUILT_IN, state ON, FLAG_DEFAULT_DISPLAY, FLAG_ROTATES_WITH_CONTENT, FLAG_SECURE, FLAG_SUPPORTS_PROTECTED_BUFFERS}
11-25 19:04:55.836   784   784 I AppOps  : Pruning old package media/1013: new uid=-1
11-25 19:04:55.837   784   784 I ActivityManager: System now ready
11-25 19:04:55.841   784   784 I SystemServer: Making services ready
11-25 19:04:55.841   784   784 I SystemServiceManager: Starting phase 550
11-25 19:04:55.845   784   784 I SystemServer: WebViewFactory preparation
11-25 19:04:55.893   784   784 I ActivityManager: Start proc 935:WebViewLoader-armeabi-v7a/1037 [android.webkit.WebViewFactory$RelroFileCreator] for 
11-25 19:04:55.955   784   805 I ActivityManager: Start proc 953:android.process.media/u0a9 for broadcast com.android.providers.media/.MtpReceiver
11-25 19:04:56.014   784   784 I ActivityManager: Start proc 971:com.android.systemui/u0a16 for service com.android.systemui/.SystemUIService
11-25 19:04:56.014   784   897 W MountService: Duplicate state transition (mounted -> mounted) for /storage/emulated/0
11-25 19:04:56.015   784   784 D NetworkManagementService: enabling bandwidth control
11-25 19:04:56.332   784   800 I StatusBarManagerService: registerStatusBar bar=com.android.internal.statusbar.IStatusBar$Stub$Proxy@1c5ea4d7
11-25 19:04:56.418   784   784 I SystemServiceManager: Starting phase 600
11-25 19:04:56.430   784   784 I BackupManagerService: Backup enabled => false
11-25 19:04:56.430   784   784 I BackupManagerService: Opting out of backup
11-25 19:04:56.435   784   784 E InputMethodManagerService: Ignoring setImeWindowStatus due to an invalid token. uid:1000 token:null
11-25 19:04:56.472   784   784 I ActivityManager: Start proc 1097:com.android.inputmethod.latin/u0a40 for service com.android.inputmethod.latin/.LatinIME
11-25 19:04:56.472   784   784 V InputMethodManagerService: Adding window token: android.os.Binder@1e7dab23
11-25 19:04:56.531   784   784 W LocationManagerService: no network location provider found
11-25 19:04:56.534   784   784 E LocationManagerService: no geocoder provider found
11-25 19:04:56.551   784   784 E LocationManagerService: Unable to bind FusedProxy.
11-25 19:04:56.554   784   784 E LocationManagerService: Unable to bind FLP Geofence proxy.
11-25 19:04:56.555   784   784 E LocationManagerService: Hardware Activity-Recognition not supported.
11-25 19:04:56.578   784   805 I ActivityManager: Start proc 1132:com.android.settings/1000 for broadcast com.android.settings/.widget.SettingsAppWidgetProvider
11-25 19:04:56.585   784   784 I MmsServiceBroker: systemRunning
11-25 19:04:56.587   784   784 W VoiceInteractionManagerService: no available voice interaction services found for user 0
11-25 19:04:56.587   784   784 W VoiceInteractionManagerService: no available voice recognition services found for user 0
11-25 19:04:56.611   784   784 I ActivityManager: Start proc 1155:org.cyanogenmod.audiofx/u0a0 for added application org.cyanogenmod.audiofx
11-25 19:04:56.659   784   784 I ActivityManager: Start proc 1182:com.android.nfc/1027 for added application com.android.nfc
11-25 19:04:56.698   784   784 I ActivityManager: Start proc 1214:com.android.incallui/u0a8 for added application com.android.incallui
11-25 19:04:56.783   784   784 I ActivityManager: Start proc 1240:com.android.phone/1001 for added application com.android.phone
11-25 19:04:56.785   784   784 I ActivityManager: START u0 {act=android.intent.action.MAIN cat=[android.intent.category.HOME] flg=0x10000000 cmp=com.cyanogenmod.trebuchet/com.android.launcher3.Launcher} from uid 0 on display 0
11-25 19:04:56.795   784   784 V WindowManager: addAppToken: AppWindowToken{5df4279 token=Token{702f340 ActivityRecord{3f2d5ec3 u0 com.cyanogenmod.trebuchet/com.android.launcher3.Launcher t1}}} to stack=0 task=1 at 0
11-25 19:04:56.828   784   784 I ActivityManager: Start proc 1265:com.cyanogenmod.trebuchet/u0a19 for activity com.cyanogenmod.trebuchet/com.android.launcher3.Launcher
11-25 19:04:56.832   784   784 I SystemServer: Enabled StrictMode for system server main thread.
11-25 19:04:56.863   784   804 I ActivityManager: Start proc 1287:com.android.printspooler/u0a51 for service com.android.printspooler/.model.PrintSpoolerService
11-25 19:04:56.903   784  1166 I ActivityManager: Start proc 1310:android.process.acore/u0a6 for content provider com.android.providers.userdictionary/.UserDictionaryProvider
11-25 19:04:56.909   784   784 V ActivityManager: Display changed displayId=0
11-25 19:04:56.999   784   784 V ActivityManager: Display changed displayId=0
11-25 19:04:57.001   784   906 D WifiService: New client listening to asynchronous messages
11-25 19:04:57.020   784   784 V ActivityManager: Display changed displayId=0
11-25 19:04:57.020   784   784 V ActivityManager: Display changed displayId=0
11-25 19:04:57.028   784   784 I Telecom : TelecomGlobals: TelecomGlobals initializing
11-25 19:04:57.035   784   801 D ConnectivityService: listenForNetwork for NetworkRequest [ id=2, legacyType=-1, [] ]
11-25 19:04:57.091   784   989 I ActivityManager: Start proc 1354:com.cyanogenmod.lockclock/u0a43 for content provider com.cyanogenmod.lockclock/.weather.WeatherContentProvider
11-25 19:04:57.106   784   784 I Telecom : TelecomGlobals: CallsManager initialized
11-25 19:04:57.107   784   784 W ContextImpl: Calling a method in the system process without a qualified user: android.app.ContextImpl.startService:1732 android.content.ContextWrapper.startService:522 com.android.server.telecom.BluetoothPhoneService.start:468 com.android.server.telecom.TelecomGlobals.initialize:101 com.android.server.telecom.TelecomService.onCreate:164 
11-25 19:04:57.112   784   784 I ValidateNoPeople: skipping global notification
11-25 19:04:57.157   784   906 D WifiService: New client listening to asynchronous messages
11-25 19:04:57.164   784   784 D ZenLog  : intercepted: -1|android|17040867|null|1000,none
11-25 19:04:57.164   784   784 V NotificationService: pkg=android canInterrupt=false intercept=true
11-25 19:04:57.176   784   784 D ZenLog  : downtime: Autotrigger skipped: already in zen
11-25 19:04:57.183   784   784 W ResourcesManager: Asset path '/system/framework/com.android.location.provider.jar' does not exist or contains no resources.
11-25 19:04:57.188   784   784 V WiredAccessoryManager: notifyWiredAccessoryChanged: when=0 bits= mask=54
11-25 19:04:57.189   784   784 V WiredAccessoryManager: newName=h2w newState=0 headsetState=0 prev headsetState=0
11-25 19:04:57.189   784   784 V WiredAccessoryManager: init()
11-25 19:04:57.310   784  1178 I ActivityManager: Start proc 1491:com.android.smspush/u0a59 for service com.android.smspush/.WapPushManager
11-25 19:04:57.395   784   784 V ActivityManager: Display changed displayId=0
11-25 19:04:57.396   784   784 V BackupManagerService: Connected to transport ComponentInfo{android/com.android.internal.backup.LocalTransportService}
11-25 19:04:57.396   784   784 V BackupManagerService: Registering transport android/com.android.internal.backup.LocalTransportService::android/com.android.internal.backup.LocalTransport = android.app.backup.BackupTransport$TransportImpl@30134407
11-25 19:04:57.412   784   907 E ConnectivityService: Failed to find Messenger in unregisterNetworkFactory
11-25 19:04:57.413   784   907 D ConnectivityService: Got NetworkFactory Messenger for Telephony
11-25 19:04:57.471   784  1178 W ActivityManager: Unable to start service Intent { cmp=org.codeaurora.ims/.ImsService } U=0: not found
11-25 19:04:57.515   784   784 I ActivityManager: Start proc 1561:com.cyanogenmod.eleven/u0a33 for broadcast com.cyanogenmod.eleven/.appwidgets.AppWidgetLarge
11-25 19:04:57.590   784  1261 V WindowManager: Based on layer: Adding window Window{1c8eeca2 u0 com.cyanogenmod.trebuchet/com.android.launcher3.Launcher} at 0 of 5
11-25 19:04:57.693   784   906 D WifiService: New client listening to asynchronous messages
11-25 19:04:57.714   784   906 D WifiService: New client listening to asynchronous messages
11-25 19:04:57.841   784  1179 I ActivityManager: Start proc 1635:com.cyanogenmod.eleven:main/u0a33 for service com.cyanogenmod.eleven/.MusicPlaybackService
11-25 19:04:57.912  1240  1240 D MccTable: updateMccMncConfiguration mccmnc='' fromServiceState=false
11-25 19:04:58.091   784   907 D ConnectivityService: unregisterNetworkFactory for Telephony
11-25 19:04:58.091   784   907 D ConnectivityService: Got NetworkFactory Messenger for Telephony
11-25 19:04:58.131   784  1166 I ActivityManager: Start proc 1709:com.android.cellbroadcastreceiver/u0a5 for broadcast com.android.cellbroadcastreceiver/.CellBroadcastReceiver
11-25 19:04:58.164   784   805 W KeyguardServiceDelegate: onScreenTurnedOn(): no keyguard service!
11-25 19:04:58.283  1240  1240 D MccTable: updateMccMncConfiguration mccmnc='46001' fromServiceState=false
11-25 19:04:58.285  1240  1240 D MccTable: updateMccMncConfiguration defaultMccMnc=
11-25 19:04:58.285  1240  1240 D MccTable: updateMccMncConfiguration: mcc=460, mnc=1
11-25 19:04:58.285  1240  1240 D MccTable: defaultLanguageForMcc(460): country cn uses zh
11-25 19:04:58.285  1240  1240 D MccTable: getLocaleFromMcc to zh_cn mcc=460
11-25 19:04:58.285  1240  1240 D MccTable: getLocaleForLanguageCountry: not permitted to update locale
11-25 19:04:58.285  1240  1240 D MccTable: updateMccMncConfiguration updateConfig config={1.0 460mcc1mnc ?locale ?layoutDir ?swdp ?wdp ?hdp ?density ?lsize ?long ?orien ?uimode ?night ?touch ?keyb/?/? ?nav/? themeResource=null}
11-25 19:04:58.287   784  1178 I ActivityManager: Config changes=3 {1.0 460mcc1mnc en_US ?layoutDir sw360dp w360dp h567dp 480dpi nrml port finger -keyb/v/h -nav/h s.5 themeResource=null}
11-25 19:04:58.391   784  1261 V WindowManager: Based on layer: Adding window Window{44b9cc3 u0 com.cyanogenmod.trebuchet/com.android.launcher3.Launcher} at 0 of 5
11-25 19:04:58.495  1240  1240 D MccTable: getLocaleForLanguageCountry: not permitted to update locale
11-25 19:04:58.495  1240  1240 D MccTable: setSystemLocale: no locale
11-25 19:04:58.689  1240  1240 D MccTable: updateMccMncConfiguration mccmnc='46001' fromServiceState=false
11-25 19:04:58.689  1240  1240 D MccTable: updateMccMncConfiguration defaultMccMnc=46001
11-25 19:04:58.689  1240  1240 D MccTable: updateMccMncConfiguration: mcc=460, mnc=1
11-25 19:04:58.689  1240  1240 D MccTable: defaultLanguageForMcc(460): country cn uses zh
11-25 19:04:58.689  1240  1240 D MccTable: getLocaleFromMcc to zh_cn mcc=460
11-25 19:04:58.689  1240  1240 D MccTable: getLocaleForLanguageCountry: not permitted to update locale
11-25 19:04:58.690  1240  1240 D MccTable: updateMccMncConfiguration updateConfig config={1.0 460mcc1mnc ?locale ?layoutDir ?swdp ?wdp ?hdp ?density ?lsize ?long ?orien ?uimode ?night ?touch ?keyb/?/? ?nav/? themeResource=null}
11-25 19:04:59.074   186   292 D VoldCmdListener: cryptfs getpw
11-25 19:04:59.076   186   292 D VoldCmdListener: cryptfs clearpw
11-25 19:04:59.165   784   806 W WindowManager: Keyguard drawn timeout. Setting mKeyguardDrawComplete
11-25 19:04:59.358  1240  1240 D MccTable: updateMccMncConfiguration mccmnc='46001' fromServiceState=true
11-25 19:04:59.359  1240  1240 D MccTable: updateMccMncConfiguration defaultMccMnc=46001
11-25 19:04:59.359  1240  1240 D MccTable: updateMccMncConfiguration: mcc=460, mnc=1
11-25 19:04:59.359  1240  1240 D MccTable: defaultLanguageForMcc(460): country cn uses zh
11-25 19:04:59.359  1240  1240 D MccTable: getLocaleFromMcc to zh_cn mcc=460
11-25 19:04:59.360  1240  1240 D MccTable: getLocaleForLanguageCountry: not permitted to update locale
11-25 19:04:59.360  1240  1240 D MccTable: WIFI_COUNTRY_CODE set to cn
11-25 19:04:59.361   784  1261 I WifiService: WifiService trying to set country code to cn with persist set to true
11-25 19:05:00.288   784   811 W WindowManager: App freeze timeout expired.
11-25 19:05:01.240   784   811 I SystemServiceManager: Starting phase 1000
11-25 19:05:01.413   784  1826 I BootReceiver: Copying /proc/last_kmsg to DropBox (SYSTEM_LAST_KMSG)
11-25 19:05:01.453   784  1166 I ActivityManager: Start proc 1829:com.android.deskclock/u0a31 for broadcast com.android.deskclock/.AlarmInitReceiver
11-25 19:05:01.482   784  1826 I BootReceiver: Copying audit failures to DropBox
11-25 19:05:01.490   784  1826 I BootReceiver: Copied 517 worth of audits to DropBox
11-25 19:05:01.495   784  1826 I BootReceiver: Checking for fsck errors
11-25 19:05:01.548   784  1825 I ActivityManager: Start proc 1863:com.android.keychain/1000 for service com.android.keychain/.KeyChainService
11-25 19:05:01.739   784  1304 I ActivityManager: Start proc 1888:com.android.dialer/u0a8 for broadcast com.android.dialer/.calllog.CallLogReceiver
11-25 19:05:01.766   784   800 I ActivityManager: START u0 {flg=0x74840000 cmp=com.android.stk/.StkDialogActivity (has extras)} from uid 1001 on display 0
11-25 19:05:01.772   784   800 V WindowManager: addAppToken: AppWindowToken{25c25b24 token=Token{20d3a7b7 ActivityRecord{102cceb6 u0 com.android.stk/.StkDialogActivity t2}}} to stack=1 task=2 at 0
11-25 19:05:01.812   784  1304 V WindowManager: Adding window Window{812fe8e u0 com.android.stk/com.android.stk.StkDialogActivity} at 2 of 7 (after Window{44b9cc3 u0 com.cyanogenmod.trebuchet/com.android.launcher3.Launcher})
11-25 19:05:01.966   784   907 D ConnectivityService: Got NetworkFactory Messenger for WIFI
11-25 19:05:01.966   784   907 D ConnectivityService: Got NetworkFactory Messenger for WIFI_UT
11-25 19:05:02.009   784   989 I ActivityManager: Start proc 1920:com.cyanogenmod.account/u0a2 for broadcast com.cyanogenmod.account/.receiver.BootReceiver
11-25 19:05:02.203   784  1179 I ActivityManager: Start proc 1947:org.cyanogenmod.bugreport/2000 for broadcast org.cyanogenmod.bugreport/.PackageChangeReceiver
11-25 19:05:02.290   784  1261 I ActivityManager: Start proc 1965:com.cyanogenmod.updater/u0a3 for broadcast com.cyanogenmod.updater/.receiver.UpdateCheckReceiver
11-25 19:05:02.395   784   989 I ActivityManager: Start proc 1993:com.android.providers.calendar/u0a4 for broadcast com.android.providers.calendar/.CalendarReceiver
11-25 19:05:02.426  1993  1993 W ResourcesManager: Asset path '/system/framework/android.test.runner.jar' does not exist or contains no resources.
