11-25 19:04:57.815  1240  1240 D CdmaDCT : [0]updateSimRecords: newSimRecords = SimRecords: mDestroyed=false mContext=com.android.phone.PhoneGlobals@59eb833 mCi=com.android.internal.telephony.RIL@359f3724 mFh=Handler (com.android.internal.telephony.uicc.UsimFileHandler) {2b2627f0} mParentApp=com.android.internal.telephony.uicc.UiccCardApplication@130a5169 mSpnOverride=mSpnOverride recordsLoadedRegistrants=android.os.RegistrantList@2068d7ee mImsiReadyRegistrants=android.os.RegistrantList@2e82a48f mRecordsEventsRegistrants=android.os.RegistrantList@315dd31c mNewSmsRegistrants=android.os.RegistrantList@3eed9b25 mNetworkSelectionModeAutomaticRegistrants=android.os.RegistrantList@140e84fa recordsToLoad=18 adnCache=Handler (com.android.internal.telephony.uicc.AdnRecordCache) {a0efaab} recordsRequested=true iccid=null msisdnTag=null voiceMailNum=null voiceMailTag=null newVoiceMailNum=null newVoiceMailTag=null isVoiceMailFixed=false mImsi=null mncLength=-1 mailboxIndex=0 spn=null mVmConfigcom.android.internal.telephony.uicc.VoiceMailConstants@24030508 callForwardingEnabled=false spnState=READ_SPN_3GPP mCphsInfo=null mCspPlmnEnabled=true efMWIS=null efCPHS_MWI=null mEfCff=null mEfCfis=null getOperatorNumeric=null
11-25 19:04:57.815  1240  1240 D CdmaDCT : [0]onUpdateIcc: newIccRecords null
11-25 19:04:57.815  1240  1240 D SubscriptionController: [getSubId]- mSlotIdToSubIdMap.size == 0, return DummySubIds slotIdx=0
11-25 19:04:57.815  1240  1240 D SubscriptionController: getDummySubIds: slotIdx=0 return 1 DummySubIds with each subId=2147483643
11-25 19:04:57.815  1240  1240 D GsmSMSDispatcher: GsmSMSDispatcher: subId = 2147483643 slotId = 0
11-25 19:04:57.815  1240  1240 D GsmSMSDispatcher: New Uicc application found
11-25 19:04:57.815  1240  1240 D IccCardProxy: Icc changed. Reregestering.
11-25 19:04:57.815  1240  1240 D IccCardProxy: updateActiveRecord app type = 2mIccRecords = null
11-25 19:04:57.815  1240  1240 E IccCardProxy: setExternalState: !override and newstate unchanged from NOT_READY
11-25 19:04:57.815  1240  1240 D SubscriptionInfoUpdater: updateIccAvailability: Enter, slotId 0
11-25 19:04:57.815  1240  1240 D SubscriptionInfoUpdater: Slot[0]: New Card State = CARDSTATE_PRESENT Old Card State = CARDSTATE_ABSENT
11-25 19:04:57.815  1240  1240 D SubscriptionInfoUpdater: queryIccId: slotid=0
11-25 19:04:57.815  1240  1240 D SubscriptionInfoUpdater: Getting IccFileHandler
11-25 19:04:57.815  1240  1240 D SubscriptionInfoUpdater: Querying IccId
11-25 19:04:57.816  1240  1240 D RILJ    : [3698]> iccIO: SIM_IO 0xc0 0x2fe2  path: 3F00,0,0,0 aid: a0000000871002ff86ffff89ffffffff [SUB0]
11-25 19:04:57.816   202   338 D RILC    : RequestComplete, RIL_SOCKET_1
11-25 19:04:57.816   202   338 E RILC    : Send Response to RIL_SOCKET_1
11-25 19:04:57.816  1240  1370 D RILJ    : [3697]< RIL_REQUEST_REPORT_STK_SERVICE_IS_RUNNING  [SUB0]
11-25 19:04:57.816  1240  1240 D CAT     : CatService: handleMessage[7]
11-25 19:04:57.816  1240  1240 D CAT     : CatService: MSG_ID_ICC_CHANGED
11-25 19:04:57.816  1240  1240 D CAT     : CatService: New Card State = CARDSTATE_PRESENT Old Card State = CARDSTATE_PRESENT
11-25 19:04:57.816  1240  1240 D SubscriptionInfoUpdater: EVENT_STACK_READY
11-25 19:04:57.816  1240  1240 D SubscriptionInfoUpdater: Wait for SIM1 IccId
11-25 19:04:57.816  1240  1240 D use-Rlog/RLOG-CDMA: [CdmaApnProfileTracker] OMH: Exception in onGetDataCallProfileDone:com.android.internal.telephony.CommandException: GENERIC_FAILURE
11-25 19:04:57.816  1240  1240 D use-Rlog/RLOG-CDMA: [CdmaApnProfileTracker] OMH: Exception in onGetDataCallProfileDone:com.android.internal.telephony.CommandException: GENERIC_FAILURE
11-25 19:04:57.816  1240  1240 D use-Rlog/RLOG-CDMA: [CdmaApnProfileTracker] OMH: Exception in onGetDataCallProfileDone:com.android.internal.telephony.CommandException: GENERIC_FAILURE
11-25 19:04:57.817  1240  1240 D use-Rlog/RLOG-CDMA: [CdmaApnProfileTracker] OMH: Exception in onGetDataCallProfileDone:com.android.internal.telephony.CommandException: GENERIC_FAILURE
11-25 19:04:57.818   202   635 I RILQ    : (0/202):RIL[0][qmi_cb] qcril_qmi_nas_update_data_rte: completed, new drte 0 with confidence 4
11-25 19:04:57.819   202   635 I RILC    : RIL_SOCKET_1 UNSOLICITED: UNSOL_RESPONSE_VOICE_NETWORK_STATE_CHANGED length:8
11-25 19:04:57.819   202   635 E RILC    : Send Response to RIL_SOCKET_1
11-25 19:04:57.819  1240  1370 D RILJ    : [UNSL]< UNSOL_RESPONSE_VOICE_NETWORK_STATE_CHANGED [SUB0]
11-25 19:04:57.842  1240  1240 D CdmaSST : [CdmaLteSST] handleMessage: 35
11-25 19:04:57.842  1240  1240 D CdmaSST : updatePhoneObject: volteReplacementRat=0
11-25 19:04:57.842  1240  1240 D PhoneBase: updatePhoneObject: phoneid = 0 rat = 0
11-25 19:04:57.842  1240  1240 D PhoneProxy: [PhoneProxy] updatePhoneObject: radioTechnology=0
11-25 19:04:57.842  1240  1240 D RILJ    : [3699]> QUERY_NETWORK_SELECTION_MODE [SUB0]
11-25 19:04:57.843  1240  1240 D RILJ    : [3700]> RIL_REQUEST_CDMA_SUBSCRIPTION [SUB0]
11-25 19:04:57.843  1240  1240 D RILJ    : [3701]> OPERATOR [SUB0]
11-25 19:04:57.844  1240  1240 D RILJ    : [3702]> VOICE_REGISTRATION_STATE [SUB0]
11-25 19:04:57.844  1240  1240 D RILJ    : [3703]> DATA_REGISTRATION_STATE [SUB0]
11-25 19:04:57.845  1240  1240 D CdmaSST : [CdmaLteSST] handleMessage: 25
11-25 19:04:57.845  1240  1240 D CDMAPhone: Event EVENT_NV_READY Received
11-25 19:04:57.845  1240  1240 D CDMA    : loadEriFileFromXml: check for alternate file
11-25 19:04:57.845  1240  1240 D CDMA    : loadEriFileFromXml: no alternate file
11-25 19:04:57.845  1240  1240 D CDMA    : loadEriFileFromXml: open normal file
11-25 19:04:57.846   202  1649 I RILQ    : (0/202):RIL[0][cmd-20(992)] qcril_qmi_nas_update_data_rte: completed, new drte 0 with confidence 4
11-25 19:04:57.847   202  1649 D RILC    : RequestComplete, RIL_SOCKET_1
11-25 19:04:57.847   202  1649 E RILC    : Send Response to RIL_SOCKET_1
11-25 19:04:57.847  1240  1370 D RILJ    : [3702]< VOICE_REGISTRATION_STATE {2, null, null, 0, null, null, null, 0, null, null, null, null, null, 0, null} [SUB0]
11-25 19:04:57.853   202  1648 D RILC    : RequestComplete, RIL_SOCKET_1
11-25 19:04:57.853   202  1648 E RILC    : Send Response to RIL_SOCKET_1
11-25 19:04:57.853  1240  1370 D RILJ    : [3701]< OPERATOR {null, null, null} [SUB0]
11-25 19:04:57.855   202   344 D RILC    : RequestComplete, RIL_SOCKET_1
11-25 19:04:57.855   202   344 E RILC    : Send Response to RIL_SOCKET_1
11-25 19:04:57.855  1240  1370 D RILJ    : [3679]< SIM_IO IccIoResponse sw1:0x90 sw2:0x0 [SUB0]
11-25 19:04:57.856   202  1656 D RILC    : RequestComplete, RIL_SOCKET_1
11-25 19:04:57.856   202  1656 E RILC    : Send Response to RIL_SOCKET_1
11-25 19:04:57.856  1240  1370 D RILJ    : [3703]< DATA_REGISTRATION_STATE {0, null, null, null, 0, 20, null, 147, 4855663, null, null} [SUB0]
11-25 19:04:57.856   202  1646 D RILC    : RequestComplete, RIL_SOCKET_1
11-25 19:04:57.857   202  1646 E RILC    : Send Response to RIL_SOCKET_1
11-25 19:04:57.857  1240  1370 D RILJ    : [3699]< QUERY_NETWORK_SELECTION_MODE {0} [SUB0]
11-25 19:04:57.861   202  1647 D RILC    : RequestComplete, RIL_SOCKET_1
11-25 19:04:57.861   202  1647 E RILC    : Send Response to RIL_SOCKET_1
11-25 19:04:57.861  1240  1370 D RILJ    : [3700]< RIL_REQUEST_CDMA_SUBSCRIPTION {null, null, null, null, 51097} [SUB0]
11-25 19:04:57.866  1240  1240 D CDMA    : loadEriFileFromXml: eri parsing successful, file loaded
11-25 19:04:57.866  1240  1240 D CDMALTEPhone: ERI read, notify registrants
11-25 19:04:57.866  1240  1240 D CDMALTEPhone: notifyMessageWaitingChanged
11-25 19:04:57.867  1240  1240 D SubscriptionController: [getSubId]- mSlotIdToSubIdMap.size == 0, return DummySubIds slotIdx=0
11-25 19:04:57.867  1240  1240 D SubscriptionController: getDummySubIds: slotIdx=0 return 1 DummySubIds with each subId=2147483643
11-25 19:04:57.867  1240  1240 D SubscriptionController: [getSubId]- mSlotIdToSubIdMap.size == 0, return DummySubIds slotIdx=0
11-25 19:04:57.867  1240  1240 D SubscriptionController: getDummySubIds: slotIdx=0 return 1 DummySubIds with each subId=2147483643
11-25 19:04:57.867  1240  1240 D SubscriptionController: [getSubId]- mSlotIdToSubIdMap.size == 0, return DummySubIds slotIdx=0
11-25 19:04:57.867  1240  1240 D SubscriptionController: getDummySubIds: slotIdx=0 return 1 DummySubIds with each subId=2147483643
11-25 19:04:57.867  1240  1240 D SubscriptionInfoUpdater: [updateSubIdForNV]+ Start
11-25 19:04:57.867  1240  1240 D SubscriptionInfoUpdater: All IccIds query complete
11-25 19:04:57.867  1240  1240 D SubscriptionInfoUpdater: [updateSubIdForNV]+ updating
11-25 19:04:57.867  1240  1240 D SubscriptionInfoUpdater: updateSubscriptionInfoByIccId:+ Start
11-25 19:04:57.868  1240  1240 D SubscriptionController: [clearSubInfo]+
11-25 19:04:57.868  1240  1240 D SubscriptionController: [clearSubInfo]- no simInfo size=0
11-25 19:04:57.868  1240  1240 D SubscriptionInfoUpdater: insertedSimCount = 1
11-25 19:04:57.868  1240  1240 D SubscriptionController: [getSubInfoUsingSlotIdWithCheck]+ slotId:0
11-25 19:04:57.873   202   344 D RILC    : RequestComplete, RIL_SOCKET_1
11-25 19:04:57.873   202   344 E RILC    : Send Response to RIL_SOCKET_1
11-25 19:04:57.873  1240  1370 D RILJ    : [3680]< SIM_IO IccIoResponse sw1:0x90 sw2:0x0 [SUB0]
11-25 19:04:57.874  1240  1258 D SubscriptionController: [getActiveSubInfoList]+
11-25 19:04:57.874  1240  1258 D SubscriptionController: [getActiveSubInfoList] Sub Controller not ready
11-25 19:04:57.875  1240  1240 D SubscriptionController: [getSubInfoUsingSlotId]- null info return
11-25 19:04:57.875  1240  1240 D SubscriptionInfoUpdater: updateSubscriptionInfoByIccId: No SIM in slot 0 last time
11-25 19:04:57.875  1240  1240 D SubscriptionInfoUpdater: updateSubscriptionInfoByIccId: oldIccId[0] = , mIccId[0] = DUMMY_NV_ID
11-25 19:04:57.875  1240  1240 D SubscriptionController: [addSubInfoRecord]+ iccId:DUMMY_NV_ID slotId:0
11-25 19:04:57.876  1240  1240 D SubscriptionController: [getSubId]- mSlotIdToSubIdMap.size == 0, return DummySubIds slotIdx=0
11-25 19:04:57.876  1240  1240 D SubscriptionController: getDummySubIds: slotIdx=0 return 1 DummySubIds with each subId=2147483643
11-25 19:04:57.876  1240  1240 D SubscriptionController: getPhoneId,  received dummy subId 2147483643
11-25 19:04:57.876  1240  1240 D TelephonyManager: getTelephonyProperty: return propVal='null' phoneId=0 property='gsm.sim.operator.alpha' defaultVal='' prop=
11-25 19:04:57.876  1240  1240 D SubscriptionController: [addSubInfoRecord] sim name = CARD 1
11-25 19:04:57.876  1240  1240 D SubscriptionController: [addSubInfoRecord] carrier name = 
11-25 19:04:57.877  1240  1258 D SubscriptionController: getPhoneId,  received dummy subId 2147483643
11-25 19:04:57.878  1240  1259 D SubscriptionController: getSlotId,  received dummy subId 2147483643
11-25 19:04:57.879  1240  1240 D SubscriptionController: [getActiveSubInfoList]+
11-25 19:04:57.879  1240  1240 D SubscriptionController: [getActiveSubInfoList] Sub Controller not ready
11-25 19:04:57.903   202   344 D RILC    : RequestComplete, RIL_SOCKET_1
11-25 19:04:57.903   202   344 E RILC    : Send Response to RIL_SOCKET_1
11-25 19:04:57.903  1240  1370 D RilRequest: [3681]< SIM_IO error: com.android.internal.telephony.CommandException: GENERIC_FAILURE ret=IccIoResponse sw1:0x6a sw2:0x82
11-25 19:04:57.906  1240  1240 D SubscriptionController: [addSubInfoRecord] Record already exists
11-25 19:04:57.909  1240  1240 D SubscriptionController: [addSubInfoRecord] mSlotIdxToSubId.size=1 slotId=0 subId=1 defaultSubId=2147483643 simCount=1
11-25 19:04:57.909  1240  1240 D SubscriptionController: [setDefaultFallbackSubId] subId=1
11-25 19:04:57.909  1240  1240 D SubscriptionController: [setDefaultFallbackSubId] set mDefaultFallbackSubId=1
11-25 19:04:57.910  1240  1240 D TelephonyManager: getTelephonyProperty: return propVal='null' phoneId=0 property='gsm.sim.operator.numeric' defaultVal='' prop=
11-25 19:04:57.912  1240  1240 D SubscriptionController: [setDefaultFallbackSubId] broadcast default subId changed phoneId=0 subId=1
11-25 19:04:57.917  1240  1240 D SubscriptionController: [addSubInfoRecord] one sim set defaults to subId=1
11-25 19:04:57.917  1240  1240 D SubscriptionController: [setDefaultDataSubId] subId=1
11-25 19:04:57.917  1240  1240 D DdsScheduler: mCurrentDds = 2147483643
11-25 19:04:57.917  1240  1240 D SubscriptionController: getPhoneId,  received dummy subId 2147483643
11-25 19:04:57.917  1240  1240 D DctController: setDefaultDataSubId reqSubId :1 reqPhoneId = 0
11-25 19:04:57.917  1240  1240 D DctController: setDefaultDataSubId for default DDS, skip PS detach on DDS subs
11-25 19:04:57.917   784   784 D SubscriptionManager: [getPhoneId]- fail
11-25 19:04:57.918  1240  1537 D DctController: handleMessage msg={ when=0 what=4 obj=android.os.AsyncResult@129d66d9 target=com.android.internal.telephony.dataconnection.DctController }
11-25 19:04:57.918  1240  1537 D DctController: EVENT_ALL_DATA_DISCONNECTED switchInfo :SwitchInfo[phoneId = 0, NetworkRequest =null, isDefaultSwitchRequested = true, isOnDemandPsAttachRequested = false, RetryCount = 0 isLegacySetDds = true
11-25 19:04:57.918  1240  1537 D DctController: OemHookDds service not ready yet
11-25 19:04:57.918  1240  1537 D CdmaDCT : [0]setDataAllowed: enable=true
11-25 19:04:57.918  1240  1537 D RILJ    : [3704]> RIL_REQUEST_ALLOW_DATA true [SUB0]
11-25 19:04:57.918   202   338 D RILC    : RequestComplete, RIL_SOCKET_1
11-25 19:04:57.918   202   338 E RILC    : Send Response to RIL_SOCKET_1
11-25 19:04:57.919  1240  1370 D RilRequest: [3704]< RIL_REQUEST_ALLOW_DATA error: com.android.internal.telephony.CommandException: REQUEST_NOT_SUPPORTED ret=
11-25 19:04:57.919  1240  1537 D DctController: handleMessage msg={ when=0 what=2 obj=android.os.AsyncResult@731189e target=com.android.internal.telephony.dataconnection.DctController }
11-25 19:04:57.919  1240  1537 D DctController: EVENT_SET_DATA_ALLOWED_DONE  phoneId :1, switchInfo = SwitchInfo[phoneId = 0, NetworkRequest =null, isDefaultSwitchRequested = true, isOnDemandPsAttachRequested = false, RetryCount = 0
11-25 19:04:57.919  1240  1537 D DctController: Failed, switchInfo = SwitchInfo[phoneId = 0, NetworkRequest =null, isDefaultSwitchRequested = true, isOnDemandPsAttachRequested = false, RetryCount = 0 attempt delayed retry
11-25 19:04:57.933  1240  1240 D SubscriptionController: [setDefaultSmsSubId] subId=1
11-25 19:04:57.948  1240  1240 D SubscriptionController: [broadcastDefaultSmsSubIdChanged] subId=1
11-25 19:04:57.950   202   344 D RILC    : RequestComplete, RIL_SOCKET_1
11-25 19:04:57.950   202   344 E RILC    : Send Response to RIL_SOCKET_1
11-25 19:04:57.950  1240  1370 D RILJ    : [3682]< SIM_IO IccIoResponse sw1:0x90 sw2:0x0 [SUB0]
11-25 19:04:57.950  1240  1240 D SubscriptionController: [setDefaultVoiceSubId] subId=1
11-25 19:04:57.951   202   344 D RILC    : RequestComplete, RIL_SOCKET_1
11-25 19:04:57.951   202   344 E RILC    : Send Response to RIL_SOCKET_1
11-25 19:04:57.951  1240  1370 D RilRequest: [3683]< SIM_IO error: com.android.internal.telephony.CommandException: GENERIC_FAILURE ret=IccIoResponse sw1:0x94 sw2:0x4
11-25 19:04:57.968  1240  1240 D SubscriptionController: [broadcastDefaultVoiceSubIdChanged] subId=1
11-25 19:04:57.968  1240  1240 D SubscriptionController: [addSubInfoRecord] hashmap(0,1)
11-25 19:04:57.969  1240  1240 D SubscriptionController: [updateAllDataConnectionTrackers] sProxyPhones.length=1
11-25 19:04:57.969  1240  1240 D SubscriptionController: [updateAllDataConnectionTrackers] phoneId=0
11-25 19:04:57.969  1240  1240 D PhoneProxy: [PhoneProxy] Updating Data Connection Tracker
11-25 19:04:57.970  1240  1240 D CdmaDCT : [0]update sub = 1
11-25 19:04:57.970  1240  1240 D CdmaDCT : [0]update(): Active DDS, register for all events now!
11-25 19:04:57.970  1240  1240 D SIMRecords: [SIMRecords] getOperatorNumeric: IMSI == null
11-25 19:04:57.970  1240  1240 D CdmaDCT : [0]updateSimRecords: newSimRecords = SimRecords: mDestroyed=false mContext=com.android.phone.PhoneGlobals@59eb833 mCi=com.android.internal.telephony.RIL@359f3724 mFh=Handler (com.android.internal.telephony.uicc.UsimFileHandler) {2b2627f0} mParentApp=com.android.internal.telephony.uicc.UiccCardApplication@130a5169 mSpnOverride=mSpnOverride recordsLoadedRegistrants=android.os.RegistrantList@2068d7ee mImsiReadyRegistrants=android.os.RegistrantList@2e82a48f mRecordsEventsRegistrants=android.os.RegistrantList@315dd31c mNewSmsRegistrants=android.os.RegistrantList@3eed9b25 mNetworkSelectionModeAutomaticRegistrants=android.os.RegistrantList@140e84fa recordsToLoad=18 adnCache=Handler (com.android.internal.telephony.uicc.AdnRecordCache) {a0efaab} recordsRequested=true iccid=null msisdnTag=null voiceMailNum=null voiceMailTag=null newVoiceMailNum=null newVoiceMailTag=null isVoiceMailFixed=false mImsi=null mncLength=-1 mailboxIndex=0 spn=null mVmConfigcom.android.internal.telephony.uicc.VoiceMailConstants@24030508 callForwardingEnabled=false spnState=READ_SPN_3GPP mCphsInfo=null mCspPlmnEnabled=true efMWIS=null efCPHS_MWI=null mEfCff=null mEfCfis=null getOperatorNumeric=null
11-25 19:04:57.970  1240  1240 D CdmaDCT : [0]onUpdateIcc: newIccRecords null
11-25 19:04:57.971  1240  1240 D CDMAPhone: getOperatorNumeric: mCdmaSubscriptionSource = 1 operatorNumeric = 
11-25 19:04:57.971  1240  1240 D CDMAPhone: updateCurrentCarrierInProvider: mSubscription = 1 currentDds = 1 operatorNumeric = 
11-25 19:04:57.972  1240  1240 D SubscriptionController: [addSubInfoRecord]- info size=1
11-25 19:04:57.972  1240  1240 D SubscriptionInfoUpdater: newSim = true
11-25 19:04:57.972  1240  1240 D SubscriptionInfoUpdater: updateSubscriptionInfoByIccId: mInsertSimState[0] = -2
11-25 19:04:57.973  1240  1240 D SubscriptionController: [getActiveSubInfoList]+
11-25 19:04:57.973  1240  1240 D SubscriptionController: selection:sim_id>=0 null
11-25 19:04:57.977  1240  1240 D TelephonyManager: getTelephonyProperty: return propVal='null' phoneId=0 property='gsm.sim.operator.iso-country' defaultVal='' prop=
11-25 19:04:57.978  1240  1240 D SubscriptionController: [getSubInfoRecord] id:1 iccid:DUMMY_NV_ID simSlotIndex:0 displayName:CARD 1 nameSource:0 iconTint:-16746133 dataRoaming:0 mcc:460 mnc:1 countIso: status:1 nwMode:10
11-25 19:04:57.978   202   344 D RILC    : RequestComplete, RIL_SOCKET_1
11-25 19:04:57.978   202   344 E RILC    : Send Response to RIL_SOCKET_1
11-25 19:04:57.979  1240  1370 D RilRequest: [3684]< SIM_IO error: com.android.internal.telephony.CommandException: GENERIC_FAILURE ret=IccIoResponse sw1:0x6a sw2:0x82
11-25 19:04:57.980  1240  1240 D SubscriptionController: [getActiveSubInfoList]- 1 infos return
11-25 19:04:57.980   202   344 D RILC    : RequestComplete, RIL_SOCKET_1
11-25 19:04:57.980   202   344 E RILC    : Send Response to RIL_SOCKET_1
11-25 19:04:57.980  1240  1240 D SubscriptionController: [getActiveSubInfoForSubscriber]+ subId=1 subInfo={id=1, iccId=DUMMY_NV_ID simSlotIndex=0 displayName=CARD 1 carrierName=No service. nameSource=0 iconTint=-16746133 dataRoaming=0 iconBitmap=android.graphics.Bitmap@1fca3b4c mcc 460 mnc 1 mSubStatus=1 mNwMode=10}
11-25 19:04:57.980  1240  1240 D SubHelper: updateNwModesInSubIdTable: nwModeinSubIdTable: 10, nwModeInDb: 10
11-25 19:04:57.980  1240  1370 D RilRequest: [3685]< SIM_IO error: com.android.internal.telephony.CommandException: GENERIC_FAILURE ret=IccIoResponse sw1:0x94 sw2:0x4
11-25 19:04:57.980  1240  1240 D SubscriptionController: [getActiveSubInfoList]+
11-25 19:04:57.981  1240  1240 D SubscriptionController: selection:sim_id>=0 null
11-25 19:04:57.984  1240  1240 D TelephonyManager: getTelephonyProperty: return propVal='null' phoneId=0 property='gsm.sim.operator.iso-country' defaultVal='' prop=
11-25 19:04:57.984  1240  1240 D SubscriptionController: [getSubInfoRecord] id:1 iccid:DUMMY_NV_ID simSlotIndex:0 displayName:CARD 1 nameSource:0 iconTint:-16746133 dataRoaming:0 mcc:460 mnc:1 countIso: status:1 nwMode:10
11-25 19:04:57.986  1240  1240 D SubscriptionController: [getActiveSubInfoList]- 1 infos return
11-25 19:04:57.986  1240  1240 D SubscriptionController: [getActiveSubInfoForSubscriber]+ subId=1 subInfo={id=1, iccId=DUMMY_NV_ID simSlotIndex=0 displayName=CARD 1 carrierName=No service. nameSource=0 iconTint=-16746133 dataRoaming=0 iconBitmap=android.graphics.Bitmap@239220aa mcc 460 mnc 1 mSubStatus=1 mNwMode=10}
11-25 19:04:57.986  1240  1240 D SubscriptionController: [getActiveSubInfoList]+
11-25 19:04:57.986  1240  1240 D SubscriptionController: selection:sim_id>=0 null
11-25 19:04:57.989  1240  1240 D TelephonyManager: getTelephonyProperty: return propVal='null' phoneId=0 property='gsm.sim.operator.iso-country' defaultVal='' prop=
11-25 19:04:57.989  1240  1240 D SubscriptionController: [getSubInfoRecord] id:1 iccid:DUMMY_NV_ID simSlotIndex:0 displayName:CARD 1 nameSource:0 iconTint:-16746133 dataRoaming:0 mcc:460 mnc:1 countIso: status:1 nwMode:10
11-25 19:04:57.990  1240  1240 D SubscriptionController: [getActiveSubInfoList]- 1 infos return
11-25 19:04:57.991  1240  1240 D SubscriptionInfoUpdater: updateSubscriptionInfoByIccId: nSubCount = 1
11-25 19:04:57.999  1240  1240 D SubscriptionController: notifySubscriptionInfoChanged:
11-25 19:04:57.999   784  1212 D TelephonyRegistry: notifySubscriptionInfoChanged: first invocation mRecords.size=14
11-25 19:04:58.002   784   784 D TelephonyManager: getTelephonyProperty: return propVal='null' phoneId=0 property='gsm.sim.operator.numeric' defaultVal='' prop=
11-25 19:04:58.003  1240  1240 D SubscriptionInfoUpdater: updateSubscriptionInfoByIccId:- SsubscriptionInfo update complete
11-25 19:04:58.006   202   344 D RILC    : RequestComplete, RIL_SOCKET_1
11-25 19:04:58.006   202   344 E RILC    : Send Response to RIL_SOCKET_1
11-25 19:04:58.006  1240  1370 D RilRequest: [3686]< SIM_IO error: com.android.internal.telephony.CommandException: GENERIC_FAILURE ret=IccIoResponse sw1:0x6a sw2:0x82
11-25 19:04:58.018  1240  1240 D CdmaCallTracker: Event EVENT_POLL_CALLS_RESULT Received
11-25 19:04:58.018  1240  1240 D CdmaCallTracker: [CdmaCallTracker] update phone state, old=IDLE new=IDLE
11-25 19:04:58.018  1240  1240 D CdmaSST : [CdmaLteSST] handleMessage: 24
11-25 19:04:58.018  1240  1240 D CdmaSSM : CDMA_SUBSCRIPTION_SOURCE event = 2
11-25 19:04:58.018  1240  1240 W CdmaSSM : Unable to get CDMA Subscription Source, Exception: com.android.internal.telephony.CommandException: GENERIC_FAILURE, result: null
11-25 19:04:58.018  1240  1240 D PhoneProxy: [PhoneProxy] EVENT_REQUEST_VOICE_RADIO_TECH_DONE: newVoiceTech=3
11-25 19:04:58.018  1240  1240 D PhoneProxy: [PhoneProxy] phoneObjectUpdater: newVoiceRadioTech=3
11-25 19:04:58.018  1240  1240 D PhoneProxy: [PhoneProxy] Switching Voice Phone : CDMA >>> GSM
11-25 19:04:58.020  1240  1240 D TelephonyTester: register for intent action=com.android.internal.telephony.gsm.action_detached
11-25 19:04:58.020  1240  1240 D TelephonyTester: register for intent action=com.android.internal.telephony.gsm.action_attached
11-25 19:04:58.020  1240  1240 D PhoneBase: mDoesRilSendMultipleCallRing=false
11-25 19:04:58.020  1240  1240 D PhoneBase: mCallRingDelay=3000
11-25 19:04:58.022   202   344 D RILC    : RequestComplete, RIL_SOCKET_1
11-25 19:04:58.022   202   344 E RILC    : Send Response to RIL_SOCKET_1
11-25 19:04:58.023  1240  1370 D RILJ    : [3687]< SIM_IO IccIoResponse sw1:0x90 sw2:0x0 [SUB0]
11-25 19:04:58.026  1240  1240 D PhoneBase: mOosIsDisconnect=true
11-25 19:04:58.027  1240  1240 D RILJ    : setPhoneType=1 old value=2 [SUB0]
11-25 19:04:58.030  1240  1240 D TelephonyManager: setTelephonyProperty: success phoneId=0 property=gsm.network.type value: Unknown propVal=Unknown
11-25 19:04:58.039  1240  1240 D         : [0]DCT.constructor
11-25 19:04:58.050   202   344 D RILC    : RequestComplete, RIL_SOCKET_1
11-25 19:04:58.050   202   344 E RILC    : Send Response to RIL_SOCKET_1
11-25 19:04:58.050  1240  1370 D RilRequest: [3688]< SIM_IO error: com.android.internal.telephony.CommandException: GENERIC_FAILURE ret=IccIoResponse sw1:0x6a sw2:0x82
11-25 19:04:58.052  1240  1240 D Dcc     : E ctor
11-25 19:04:58.052  1240  1240 D Dcc     : X ctor
11-25 19:04:58.053  1240  1240 D DcTesterFailBrinupAll: register for intent action=com.android.internal.telephony.dataconnection.action_fail_bringup
11-25 19:04:58.053  1240  1240 D DcTesterFailBrinupAll: register for intent action=com.android.internal.telephony.gsm.action_detached
11-25 19:04:58.053  1240  1240 D DcTesterFailBrinupAll: register for intent action=com.android.internal.telephony.gsm.action_attached
11-25 19:04:58.053  1240  1699 D DcTesterDeacativeAll: register for intent action=com.android.internal.telephony.dataconnection.action_deactivate_all
11-25 19:04:58.053  1240  1699 D DcTesterDeacativeAll: register for intent action=com.android.internal.telephony.gsm.action_detached
11-25 19:04:58.053  1240  1240 D GsmDCT  : [0]GsmDCT.constructor
11-25 19:04:58.053  1240  1240 D GsmSST  : [GsmSST] notifyDataRegStateRilRadioTechnologyChanged: drs=1 rat=0
11-25 19:04:58.053  1240  1240 D TelephonyManager: setTelephonyProperty: success phoneId=0 property=gsm.network.type value: Unknown propVal=Unknown
11-25 19:04:58.054  1240  1240 D GsmDCT  : [0]update sub = 1
11-25 19:04:58.054  1240  1240 D GsmDCT  : [0]update(): Active DDS, register for all events now!
11-25 19:04:58.054  1240  1240 D SIMRecords: [SIMRecords] getOperatorNumeric: IMSI == null
11-25 19:04:58.054  1240  1240 D GsmDCT  : [0]updateSimRecords: newSimRecords = SimRecords: mDestroyed=false mContext=com.android.phone.PhoneGlobals@59eb833 mCi=com.android.internal.telephony.RIL@359f3724 mFh=Handler (com.android.internal.telephony.uicc.UsimFileHandler) {2b2627f0} mParentApp=com.android.internal.telephony.uicc.UiccCardApplication@130a5169 mSpnOverride=mSpnOverride recordsLoadedRegistrants=android.os.RegistrantList@2068d7ee mImsiReadyRegistrants=android.os.RegistrantList@2e82a48f mRecordsEventsRegistrants=android.os.RegistrantList@315dd31c mNewSmsRegistrants=android.os.RegistrantList@3eed9b25 mNetworkSelectionModeAutomaticRegistrants=android.os.RegistrantList@140e84fa recordsToLoad=18 adnCache=Handler (com.android.internal.telephony.uicc.AdnRecordCache) {a0efaab} recordsRequested=true iccid=null msisdnTag=null voiceMailNum=null voiceMailTag=null newVoiceMailNum=null newVoiceMailTag=null isVoiceMailFixed=false mImsi=null mncLength=-1 mailboxIndex=0 spn=null mVmConfigcom.android.internal.telephony.uicc.VoiceMailConstants@24030508 callForwardingEnabled=false spnState=READ_SPN_3GPP mCphsInfo=null mCspPlmnEnabled=true efMWIS=null efCPHS_MWI=null mEfCff=null mEfCfis=null getOperatorNumeric=null
11-25 19:04:58.054  1240  1240 D GsmDCT  : [0]New sim records found
11-25 19:04:58.054  1240  1240 D SIMRecords: [SIMRecords] registerForRecordsLoaded, not notifying the registrant immediately
11-25 19:04:58.054  1240  1240 D GsmDCT  : [0]onUpdateIcc: newIccRecords null
11-25 19:04:58.055  1240  1240 D GSMPhone: [GSMPhone] updateCurrentCarrierInProvider: mSubId = 1 currentDds = 1 operatorNumeric = null
11-25 19:04:58.055  1240  1699 D Dcc     : DccDefaultState: msg.what=EVENT_RIL_CONNECTED mRilVersion=11
11-25 19:04:58.058  1240  1240 D GsmDCT  : [0]initApnContexts: E
11-25 19:04:58.058  1240  1240 D GsmDCT  : [0]initApnContexts: skipping unknown type=1
11-25 19:04:58.058  1240  1240 D GsmDCT  : [0]initApnContexts: apnContext={mApnType=default mState=IDLE mWaitingApns={null} mWaitingApnsPermanentFailureCountDown=0 mApnSetting={null} mReason=dataEnabled mDataEnabled=false mDependencyMet=true}
11-25 19:04:58.058  1240  1240 D GsmDCT  : [0]initApnContexts: apnContext={mApnType=mms mState=IDLE mWaitingApns={null} mWaitingApnsPermanentFailureCountDown=0 mApnSetting={null} mReason=dataEnabled mDataEnabled=false mDependencyMet=true}
11-25 19:04:58.059  1240  1240 D GsmDCT  : [0]initApnContexts: apnContext={mApnType=supl mState=IDLE mWaitingApns={null} mWaitingApnsPermanentFailureCountDown=0 mApnSetting={null} mReason=dataEnabled mDataEnabled=false mDependencyMet=true}
11-25 19:04:58.059  1240  1240 D GsmDCT  : [0]initApnContexts: apnContext={mApnType=dun mState=IDLE mWaitingApns={null} mWaitingApnsPermanentFailureCountDown=0 mApnSetting={null} mReason=dataEnabled mDataEnabled=false mDependencyMet=true}
11-25 19:04:58.059  1240  1240 D GsmDCT  : [0]initApnContexts: apnContext={mApnType=hipri mState=IDLE mWaitingApns={null} mWaitingApnsPermanentFailureCountDown=0 mApnSetting={null} mReason=dataEnabled mDataEnabled=false mDependencyMet=true}
11-25 19:04:58.059  1240  1240 D GsmDCT  : [0]initApnContexts: apnContext={mApnType=fota mState=IDLE mWaitingApns={null} mWaitingApnsPermanentFailureCountDown=0 mApnSetting={null} mReason=dataEnabled mDataEnabled=false mDependencyMet=true}
11-25 19:04:58.059  1240  1240 D GsmDCT  : [0]initApnContexts: apnContext={mApnType=ims mState=IDLE mWaitingApns={null} mWaitingApnsPermanentFailureCountDown=0 mApnSetting={null} mReason=dataEnabled mDataEnabled=false mDependencyMet=true}
11-25 19:04:58.059  1240  1240 D GsmDCT  : [0]initApnContexts: apnContext={mApnType=cbs mState=IDLE mWaitingApns={null} mWaitingApnsPermanentFailureCountDown=0 mApnSetting={null} mReason=dataEnabled mDataEnabled=false mDependencyMet=true}
11-25 19:04:58.059  1240  1240 D GsmDCT  : [0]initApnContexts: apnContext={mApnType=ia mState=IDLE mWaitingApns={null} mWaitingApnsPermanentFailureCountDown=0 mApnSetting={null} mReason=dataEnabled mDataEnabled=false mDependencyMet=true}
11-25 19:04:58.059  1240  1240 D GsmDCT  : [0]initApnContexts: skipping unknown type=7
11-25 19:04:58.059  1240  1240 D GsmDCT  : [0]initApnContexts: skipping unknown type=9
11-25 19:04:58.059  1240  1240 D GsmDCT  : [0]initApnContexts: X mApnContexts={default={mApnType=default mState=IDLE mWaitingApns={null} mWaitingApnsPermanentFailureCountDown=0 mApnSetting={null} mReason=dataEnabled mDataEnabled=false mDependencyMet=true}, mms={mApnType=mms mState=IDLE mWaitingApns={null} mWaitingApnsPermanentFailureCountDown=0 mApnSetting={null} mReason=dataEnabled mDataEnabled=false mDependencyMet=true}, cbs={mApnType=cbs mState=IDLE mWaitingApns={null} mWaitingApnsPermanentFailureCountDown=0 mApnSetting={null} mReason=dataEnabled mDataEnabled=false mDependencyMet=true}, fota={mApnType=fota mState=IDLE mWaitingApns={null} mWaitingApnsPermanentFailureCountDown=0 mApnSetting={null} mReason=dataEnabled mDataEnabled=false mDependencyMet=true}, supl={mApnType=supl mState=IDLE mWaitingApns={null} mWaitingApnsPermanentFailureCountDown=0 mApnSetting={null} mReason=dataEnabled mDataEnabled=false mDependencyMet=true}, ia={mApnType=ia mState=IDLE mWaitingApns={null} mWaitingApnsPermanentFailureCountDown=0 mApnSetting={null} mReason=dataEnabled mDataEnabled=false mDependencyMet=true}, dun={mApnType=dun mState=IDLE mWaitingApns={null} mWaitingApnsPermanentFailureCountDown=0 mApnSetting={null} mReason=dataEnabled mDataEnabled=false mDependencyMet=true}, hipri={mApnType=hipri mState=IDLE mWaitingApns={null} mWaitingApnsPermanentFailureCountDown=0 mApnSetting={null} mReason=dataEnabled mDataEnabled=false mDependencyMet=true}, ims={mApnType=ims mState=IDLE mWaitingApns={null} mWaitingApnsPermanentFailureCountDown=0 mApnSetting={null} mReason=dataEnabled mDataEnabled=false mDependencyMet=true}}
11-25 19:04:58.069   202   344 D RILC    : RequestComplete, RIL_SOCKET_1
11-25 19:04:58.069   202   344 E RILC    : Send Response to RIL_SOCKET_1
11-25 19:04:58.069  1240  1370 D RILJ    : [3689]< SIM_IO IccIoResponse sw1:0x90 sw2:0x0 [SUB0]
11-25 19:04:58.073  1240  1240 D TelephonyManager: setTelephonyProperty: success phoneId=0 property=gsm.current.phone-type value: 1 propVal=1
11-25 19:04:58.074  1240  1240 D GSMPhone: [GSMPhone] GSMPhone: constructor: sub = 0
11-25 19:04:58.074  1240  1240 D TelephonyManager: setTelephonyProperty: success phoneId=0 property=gsm.current.phone-type value: 1 propVal=1
11-25 19:04:58.074  1240  1240 D CallManager: registerPhone(GSM Handler (com.android.internal.telephony.gsm.GSMPhone) {30a2e54e})
11-25 19:04:58.074  1240  1240 D RILJ    : [3705]> SET_SUPP_SVC_NOTIFICATION [SUB0]
11-25 19:04:58.075  1240  1240 D CallManager: unregisterPhone(CDMA Handler (com.android.internal.telephony.cdma.CDMALTEPhone) {274959f2})
11-25 19:04:58.075  1240  1240 E CallManager: Could not find Phone handler for unregistration
11-25 19:04:58.075  1240  1240 D PhoneProxy: [PhoneProxy] Disposing old phone..
11-25 19:04:58.076  1240  1240 D CdmaDCT : [0]cleanUpAllConnections
11-25 19:04:58.076   202   344 D RILC    : RequestComplete, RIL_SOCKET_1
11-25 19:04:58.076   202   344 E RILC    : Send Response to RIL_SOCKET_1
11-25 19:04:58.077  1240  1370 D RILJ    : [3705]< SET_SUPP_SVC_NOTIFICATION  [SUB0]
11-25 19:04:58.077  1240  1240 D CDMALTEPhone: dispose
11-25 19:04:58.077  1240  1240 D CdmaCallTracker: CdmaCallTracker dispose
11-25 19:04:58.078  1240  1240 D CdmaCallTracker: [CdmaCallTracker] update phone state, old=IDLE new=IDLE
11-25 19:04:58.078  1240  1240 D CdmaDCT : [0]DcTracker.dispose
11-25 19:04:58.078  1240  1240 D CdmaDCT : [0]cleanUpAllConnections: tearDown=true reason=null
11-25 19:04:58.078  1240  1240 D CdmaDCT : [0]cleanUpConnection: E tearDown=true reason=null apnContext={mApnType=default mState=IDLE mWaitingApns={null} mWaitingApnsPermanentFailureCountDown=0 mApnSetting={null} mReason=null mDataEnabled=false mDependencyMet=true}
11-25 19:04:58.078  1240  1240 D CdmaDCT : [0]setupDataForSinglePdn: reason = null isDisconnected = true
11-25 19:04:58.078  1240  1240 D CdmaDCT : [0]isOnlySingleDcAllowed(0): false
11-25 19:04:58.078  1240  1240 D CdmaDCT : [0]cleanUpConnection: X tearDown=true reason=null apnContext={mApnType=default mState=IDLE mWaitingApns={null} mWaitingApnsPermanentFailureCountDown=0 mApnSetting={null} mReason=null mDataEnabled=false mDependencyMet=true} dcac=null
11-25 19:04:58.078  1240  1240 D CdmaDCT : [0]cleanUpConnection: E tearDown=true reason=null apnContext={mApnType=mms mState=IDLE mWaitingApns={null} mWaitingApnsPermanentFailureCountDown=0 mApnSetting={null} mReason=null mDataEnabled=false mDependencyMet=true}
11-25 19:04:58.078  1240  1240 D CdmaDCT : [0]setupDataForSinglePdn: reason = null isDisconnected = true
11-25 19:04:58.078  1240  1240 D CdmaDCT : [0]isOnlySingleDcAllowed(0): false
11-25 19:04:58.079  1240  1240 D CdmaDCT : [0]cleanUpConnection: X tearDown=true reason=null apnContext={mApnType=mms mState=IDLE mWaitingApns={null} mWaitingApnsPermanentFailureCountDown=0 mApnSetting={null} mReason=null mDataEnabled=false mDependencyMet=true} dcac=null
11-25 19:04:58.079  1240  1240 D CdmaDCT : [0]cleanUpConnection: E tearDown=true reason=null apnContext={mApnType=cbs mState=IDLE mWaitingApns={null} mWaitingApnsPermanentFailureCountDown=0 mApnSetting={null} mReason=null mDataEnabled=false mDependencyMet=true}
11-25 19:04:58.079  1240  1240 D CdmaDCT : [0]setupDataForSinglePdn: reason = null isDisconnected = true
11-25 19:04:58.079  1240  1240 D CdmaDCT : [0]isOnlySingleDcAllowed(0): false
11-25 19:04:58.079  1240  1240 D CdmaDCT : [0]cleanUpConnection: X tearDown=true reason=null apnContext={mApnType=cbs mState=IDLE mWaitingApns={null} mWaitingApnsPermanentFailureCountDown=0 mApnSetting={null} mReason=null mDataEnabled=false mDependencyMet=true} dcac=null
11-25 19:04:58.079  1240  1240 D CdmaDCT : [0]cleanUpConnection: E tearDown=true reason=null apnContext={mApnType=fota mState=IDLE mWaitingApns={null} mWaitingApnsPermanentFailureCountDown=0 mApnSetting={null} mReason=null mDataEnabled=false mDependencyMet=true}
11-25 19:04:58.079  1240  1240 D CdmaDCT : [0]setupDataForSinglePdn: reason = null isDisconnected = true
11-25 19:04:58.079  1240  1240 D CdmaDCT : [0]isOnlySingleDcAllowed(0): false
11-25 19:04:58.079  1240  1240 D CdmaDCT : [0]cleanUpConnection: X tearDown=true reason=null apnContext={mApnType=fota mState=IDLE mWaitingApns={null} mWaitingApnsPermanentFailureCountDown=0 mApnSetting={null} mReason=null mDataEnabled=false mDependencyMet=true} dcac=null
11-25 19:04:58.079  1240  1240 D CdmaDCT : [0]cleanUpConnection: E tearDown=true reason=null apnContext={mApnType=supl mState=IDLE mWaitingApns={null} mWaitingApnsPermanentFailureCountDown=0 mApnSetting={null} mReason=null mDataEnabled=false mDependencyMet=true}
11-25 19:04:58.079  1240  1240 D CdmaDCT : [0]setupDataForSinglePdn: reason = null isDisconnected = true
11-25 19:04:58.079  1240  1240 D CdmaDCT : [0]isOnlySingleDcAllowed(0): false
11-25 19:04:58.079  1240  1240 D CdmaDCT : [0]cleanUpConnection: X tearDown=true reason=null apnContext={mApnType=supl mState=IDLE mWaitingApns={null} mWaitingApnsPermanentFailureCountDown=0 mApnSetting={null} mReason=null mDataEnabled=false mDependencyMet=true} dcac=null
11-25 19:04:58.079  1240  1240 D CdmaDCT : [0]cleanUpConnection: E tearDown=true reason=null apnContext={mApnType=ia mState=IDLE mWaitingApns={null} mWaitingApnsPermanentFailureCountDown=0 mApnSetting={null} mReason=null mDataEnabled=false mDependencyMet=true}
11-25 19:04:58.079  1240  1240 D CdmaDCT : [0]setupDataForSinglePdn: reason = null isDisconnected = true
11-25 19:04:58.079  1240  1240 D CdmaDCT : [0]isOnlySingleDcAllowed(0): false
11-25 19:04:58.079  1240  1240 D CdmaDCT : [0]cleanUpConnection: X tearDown=true reason=null apnContext={mApnType=ia mState=IDLE mWaitingApns={null} mWaitingApnsPermanentFailureCountDown=0 mApnSetting={null} mReason=null mDataEnabled=false mDependencyMet=true} dcac=null
11-25 19:04:58.079  1240  1240 D CdmaDCT : [0]cleanUpConnection: E tearDown=true reason=null apnContext={mApnType=dun mState=IDLE mWaitingApns={null} mWaitingApnsPermanentFailureCountDown=0 mApnSetting={null} mReason=null mDataEnabled=false mDependencyMet=true}
11-25 19:04:58.079  1240  1240 D CdmaDCT : [0]setupDataForSinglePdn: reason = null isDisconnected = true
11-25 19:04:58.079  1240  1240 D CdmaDCT : [0]isOnlySingleDcAllowed(0): false
11-25 19:04:58.079  1240  1240 D CdmaDCT : [0]cleanUpConnection: X tearDown=true reason=null apnContext={mApnType=dun mState=IDLE mWaitingApns={null} mWaitingApnsPermanentFailureCountDown=0 mApnSetting={null} mReason=null mDataEnabled=false mDependencyMet=true} dcac=null
11-25 19:04:58.079  1240  1240 D CdmaDCT : [0]cleanUpConnection: E tearDown=true reason=null apnContext={mApnType=hipri mState=IDLE mWaitingApns={null} mWaitingApnsPermanentFailureCountDown=0 mApnSetting={null} mReason=null mDataEnabled=false mDependencyMet=true}
11-25 19:04:58.079  1240  1240 D CdmaDCT : [0]setupDataForSinglePdn: reason = null isDisconnected = true
11-25 19:04:58.079  1240  1240 D CdmaDCT : [0]isOnlySingleDcAllowed(0): false
11-25 19:04:58.080  1240  1240 D CdmaDCT : [0]cleanUpConnection: X tearDown=true reason=null apnContext={mApnType=hipri mState=IDLE mWaitingApns={null} mWaitingApnsPermanentFailureCountDown=0 mApnSetting={null} mReason=null mDataEnabled=false mDependencyMet=true} dcac=null
11-25 19:04:58.080  1240  1240 D CdmaDCT : [0]cleanUpConnection: E tearDown=true reason=null apnContext={mApnType=ims mState=IDLE mWaitingApns={null} mWaitingApnsPermanentFailureCountDown=0 mApnSetting={null} mReason=null mDataEnabled=false mDependencyMet=true}
11-25 19:04:58.080  1240  1240 D CdmaDCT : [0]setupDataForSinglePdn: reason = null isDisconnected = true
11-25 19:04:58.080  1240  1240 D CdmaDCT : [0]isOnlySingleDcAllowed(0): false
11-25 19:04:58.080  1240  1240 D CdmaDCT : [0]cleanUpConnection: X tearDown=true reason=null apnContext={mApnType=ims mState=IDLE mWaitingApns={null} mWaitingApnsPermanentFailureCountDown=0 mApnSetting={null} mReason=null mDataEnabled=false mDependencyMet=true} dcac=null
11-25 19:04:58.080  1240  1240 D CdmaDCT : [0]stopNetStatPoll
11-25 19:04:58.082  1240  1240 D CdmaDCT : [0]stopDataStallAlarm: current tag=17772 mDataStallAlarmIntent=null
11-25 19:04:58.082  1240  1240 D CdmaDCT : [0]cleanUpConnection: mDisconnectPendingCount = 0
11-25 19:04:58.082  1240  1240 D CdmaDCT : [0]notifyDataDisconnectComplete
11-25 19:04:58.082  1240  1240 D CdmaDCT : [0]DCT.dispose
11-25 19:04:58.083  1240  1240 D Dcc     : dispose: call quiteNow()
11-25 19:04:58.084  1240  1240 D CdmaDCT : [0]destroyDataConnections: clear mDataConnectionList
11-25 19:04:58.084  1240  1240 D CdmaSST : [CdmaLteSST] ServiceStateTracker dispose
11-25 19:04:58.084  1240  1240 D CdmaSST : [CdmaLteSST] unregisterForRuimEvents
11-25 19:04:58.086  1240  1240 D RIL_ImsSms: In IMS updatePhoneObject 
11-25 19:04:58.086  1240  1240 D SMSDispatcher: Active phone changed to GSM
11-25 19:04:58.086  1240  1240 D SMSDispatcher: Active phone changed to GSM
11-25 19:04:58.086  1240  1240 D SMSDispatcher: Active phone changed to GSM
11-25 19:04:58.087  1240  1476 D GsmInboundSmsHandler: IdleState.processMessage:7
11-25 19:04:58.087  1240  1476 D GsmInboundSmsHandler: Idle state processing message type 7
11-25 19:04:58.087  1240  1476 D GsmInboundSmsHandler: onUpdatePhoneObject: phone=GSMPhone
11-25 19:04:58.087  1240  1476 D GsmInboundSmsHandler: onUpdatePhoneObject: dispose of old CellBroadcastHandler and make a new one
11-25 19:04:58.087  1240  1470 D GsmCellBroadcastHandler: acquired wakelock, leaving Idle state
11-25 19:04:58.088  1240  1240 D IccCardProxy: Setting radio tech UMTS
11-25 19:04:58.088  1240  1531 D CdmaInboundSmsHandler: IdleState.processMessage:7
11-25 19:04:58.088  1240  1531 D CdmaInboundSmsHandler: Idle state processing message type 7
11-25 19:04:58.088  1240  1240 D IccCardProxy: updateQuietMode: 3GPP subscription -> newQuietMode=false
11-25 19:04:58.088  1240  1240 D IccCardProxy: updateQuietMode: no changes don't setExternalState
11-25 19:04:58.088  1240  1240 D IccCardProxy: updateQuietMode: QuietMode is false (app_type=1 cdmaSource=-1)
11-25 19:04:58.088  1240  1531 D CdmaInboundSmsHandler: onUpdatePhoneObject: phone=GSMPhone
11-25 19:04:58.089  1240  1508 D CellBroadcastHandler: updatePhoneObject: phone=GSMPhone
11-25 19:04:58.089  1240  1240 D IccCardProxy: updateActiveRecord app type = 1mIccRecords = null
11-25 19:04:58.090  1240  1240 D DctController: updatePhoneBaseForIndex for phone index=0
11-25 19:04:58.090  1240  1240 D DctController: unregister TelephonyNetworkFactory for phone index=0
11-25 19:04:58.091  1240  1240 D DctController: [TNF 1]NetworkCapabilities: [ Transports: CELLULAR Capabilities: MMS&SUPL&DUN&FOTA&IMS&CBS&IA&RCS&XCAP&EIMS&INTERNET&NOT_RESTRICTED&TRUSTED&NOT_VPN]
11-25 19:04:58.093  1240  1537 D DctController: [TNF 1]got request NetworkRequest [ id=1, legacyType=-1, [ Capabilities: INTERNET&NOT_RESTRICTED&TRUSTED&NOT_VPN] ] with score 0
11-25 19:04:58.093  1240  1537 D DctController: [TNF 1]Cellular needs Network for NetworkRequest [ id=1, legacyType=-1, [ Capabilities: INTERNET&NOT_RESTRICTED&TRUSTED&NOT_VPN] ]
11-25 19:04:58.093  1240  1537 D SubscriptionController: [getActiveSubInfoList]+
11-25 19:04:58.094  1240  1537 D SubscriptionController: selection:sim_id>=0 null
11-25 19:04:58.096  1240  1537 D TelephonyManager: getTelephonyProperty: return propVal='null' phoneId=0 property='gsm.sim.operator.iso-country' defaultVal='' prop=
11-25 19:04:58.097  1240  1537 D SubscriptionController: [getSubInfoRecord] id:1 iccid:DUMMY_NV_ID simSlotIndex:0 displayName:CARD 1 nameSource:0 iconTint:-16746133 dataRoaming:0 mcc:460 mnc:1 countIso: status:1 nwMode:10
11-25 19:04:58.098  1240  1537 D SubscriptionController: [getActiveSubInfoList]- 1 infos return
11-25 19:04:58.098  1240  1537 D SubscriptionController: [getActiveSubInfoForSubscriber]+ subId=1 subInfo={id=1, iccId=DUMMY_NV_ID simSlotIndex=0 displayName=CARD 1 carrierName=No service. nameSource=0 iconTint=-16746133 dataRoaming=0 iconBitmap=android.graphics.Bitmap@355a2781 mcc 460 mnc 1 mSubStatus=1 mNwMode=10}
11-25 19:04:58.098  1240  1537 D DctController: [TNF 1]subController = com.android.internal.telephony.SubscriptionController@3e325026
11-25 19:04:58.098  1240  1537 E SubscriptionController: Exception e = java.lang.NumberFormatException: Invalid int: "null"
11-25 19:04:58.098  1240  1537 D DctController: [TNF 1]CurrentDds = 1
11-25 19:04:58.098  1240  1537 D DctController: [TNF 1]mySubId = 1
11-25 19:04:58.099  1240  1537 D DctController: [TNF 1]Requested networkSpecifier = 1
11-25 19:04:58.099  1240  1537 D DctController: [TNF 1]my networkSpecifier = null
11-25 19:04:58.099  1240  1537 D DctController: [TNF 1]Is the request for Internet = true
11-25 19:04:58.099  1240  1537 D DctController: [TNF 1]Activating internet request on subId = 1
11-25 19:04:58.099  1240  1537 D DctController: requestNetwork request=NetworkRequest [ id=1, legacyType=-1, [ Capabilities: INTERNET&NOT_RESTRICTED&TRUSTED&NOT_VPN] ], priority=0
11-25 19:04:58.099  1240  1537 D DctController: processRequests
11-25 19:04:58.099  1240  1537 D DctController: handleMessage msg={ when=0 what=100 target=com.android.internal.telephony.dataconnection.DctController }
11-25 19:04:58.099  1240  1537 D DctController: selectExecPhone requestInfo = [ request=NetworkRequest [ id=1, legacyType=-1, [ Capabilities: INTERNET&NOT_RESTRICTED&TRUSTED&NOT_VPN] ], executed=false, priority=0]
11-25 19:04:58.099  1240  1537 D DctController: getTopPriorityRequestPhoneId = 0, priority = 0
11-25 19:04:58.100  1240  1537 D DcSwitchAsyncChannel: [DcSwitchAsyncChannel-0]: rspIsIdle=true
11-25 19:04:58.100  1240  1537 D DctController: onProcessRequest phoneId=0, activePhoneId=-1
11-25 19:04:58.100  1240  1539 D DcSwitchSM: [DcSwitchStateMachine-0] IdleState: REQ_CONNECT
11-25 19:04:58.100  1240  1539 D RILJ    : [3706]> RIL_REQUEST_ALLOW_DATA true [SUB0]
11-25 19:04:58.101  1240  1240 E RIL_ImsSms: IMS State query failed with exp com.android.internal.telephony.CommandException: GENERIC_FAILURE
11-25 19:04:58.101  1240  1240 E CdmaSST : [CdmaLteSST] Received message { when=-312ms what=25 obj=android.os.AsyncResult@333be467 target=com.android.internal.telephony.cdma.CdmaLteServiceStateTracker }[25] while being destroyed. Ignoring.
11-25 19:04:58.101  1240  1240 E CdmaSST : [CdmaLteSST] Received message { when=-310ms what=24 obj=android.os.AsyncResult@1ec1d214 target=com.android.internal.telephony.cdma.CdmaLteServiceStateTracker }[24] while being destroyed. Ignoring.
11-25 19:04:58.101  1240  1240 E CdmaSST : [CdmaLteSST] Received message { when=-309ms what=5 obj=android.os.AsyncResult@3600babd target=com.android.internal.telephony.cdma.CdmaLteServiceStateTracker }[5] while being destroyed. Ignoring.
11-25 19:04:58.101  1240  1240 E CdmaSST : [CdmaLteSST] Received message { when=-309ms what=5 obj=android.os.AsyncResult@226348b2 target=com.android.internal.telephony.cdma.CdmaLteServiceStateTracker }[5] while being destroyed. Ignoring.
11-25 19:04:58.101  1240  1240 D UiccCard: Error in SIM access with exceptioncom.android.internal.telephony.CommandException: NO_SUCH_ELEMENT
11-25 19:04:58.101  1240  1539 D DcSwitchSM: [DcSwitchStateMachine-0] Setting default DDS on 1 primary Sub featurefalse
11-25 19:04:58.101  1240  1539 D SubscriptionController: [setDefaultDataSubId] subId=1
11-25 19:04:58.101  1240  1240 D SIMRecords: [SIMRecords] IMSI: mMncLength=-1
11-25 19:04:58.101  1240  1240 D SIMRecords: [SIMRecords] IMSI: 460011xxxxxxx
11-25 19:04:58.101  1240  1240 D SIMRecords: [SIMRecords] isAppStateReady : appState = APPSTATE_READY
11-25 19:04:58.101  1240  1240 D SIMRecords: [SIMRecords] onRecordLoaded 17 requested: true
11-25 19:04:58.101  1240  1539 D DdsScheduler: mCurrentDds = 2147483643
11-25 19:04:58.101  1240  1240 E CdmaSST : [CdmaLteSST] Received message { when=-282ms what=30 obj=android.os.AsyncResult@10186003 target=com.android.internal.telephony.cdma.CdmaLteServiceStateTracker }[30] while being destroyed. Ignoring.
11-25 19:04:58.101  1240  1539 D SubscriptionController: getPhoneId,  received dummy subId 2147483643
11-25 19:04:58.101  1240  1240 D PhoneProxy: [PhoneProxy] phoneObjectUpdater: newVoiceRadioTech=0
11-25 19:04:58.101  1240  1539 D DctController: setDefaultDataSubId reqSubId :1 reqPhoneId = 0
11-25 19:04:58.101  1240  1539 D DctController: setDefaultDataSubId for default DDS, skip PS detach on DDS subs
11-25 19:04:58.101  1240  1240 D PhoneProxy: [PhoneProxy] phoneObjectUpdater: volteReplacementRat=0
11-25 19:04:58.101  1240  1240 E PhoneProxy: [PhoneProxy] phoneObjectUpdater: newVoiceRadioTech=0 doesn't match either CDMA or GSM - error! No phone change
11-25 19:04:58.101  1240  1539 D DcSwitchSM: [DcSwitchStateMachine-0] AttachingState: enter
11-25 19:04:58.101  1240  1240 E CdmaSST : [CdmaLteSST] Received message { when=-254ms what=24 obj=android.os.AsyncResult@cf3fb80 target=com.android.internal.telephony.cdma.CdmaLteServiceStateTracker }[24] while being destroyed. Ignoring.
11-25 19:04:58.101  1240  1240 E CdmaSST : [CdmaLteSST] Received message { when=-249ms what=25 obj=android.os.AsyncResult@1f8345b9 target=com.android.internal.telephony.cdma.CdmaLteServiceStateTracker }[25] while being destroyed. Ignoring.
11-25 19:04:58.101   202   338 D RILC    : RequestComplete, RIL_SOCKET_1
11-25 19:04:58.101   202   338 E RILC    : Send Response to RIL_SOCKET_1
11-25 19:04:58.102  1240  1370 D RilRequest: [3706]< RIL_REQUEST_ALLOW_DATA error: com.android.internal.telephony.CommandException: REQUEST_NOT_SUPPORTED ret=
11-25 19:04:58.102  1240  1240 D RILJ    : [3707]> iccIO: SIM_IO 0xb0 0x2fe2  path: 3F00,0,0,10 aid: a0000000871002ff86ffff89ffffffff [SUB0]
11-25 19:04:58.102  1240  1537 D DcSwitchAsyncChannel: [DcSwitchAsyncChannel-0]: rspConnect=1
11-25 19:04:58.102  1240  1537 D DctController: handleMessage msg={ when=0 what=4 obj=android.os.AsyncResult@10393dfe target=com.android.internal.telephony.dataconnection.DctController }
11-25 19:04:58.102  1240  1537 D DctController: EVENT_ALL_DATA_DISCONNECTED switchInfo :SwitchInfo[phoneId = 0, NetworkRequest =null, isDefaultSwitchRequested = true, isOnDemandPsAttachRequested = false, RetryCount = 0 isLegacySetDds = true
11-25 19:04:58.102  1240  1537 D DctController: OemHookDds service not ready yet
11-25 19:04:58.102  1240  1537 D GsmDCT  : [0]setDataAllowed: enable=true
