11-25 19:05:02.510   784  1178 I ActivityManager: Start proc 2016:com.android.managedprovisioning/u0a11 for broadcast com.android.managedprovisioning/.BootReminder
11-25 19:05:02.752   784   800 I ActivityManager: Start proc 2037:com.android.mms/u0a12 for broadcast com.android.mms/.transaction.MmsSystemEventReceiver
11-25 19:05:02.894   784  1211 D CountryDetector: The first listener is added
11-25 19:05:03.043   784  1260 I ActivityManager: Start proc 2067:com.android.onetimeinitializer/u0a13 for broadcast com.android.onetimeinitializer/.OneTimeInitializerReceiver
11-25 19:05:03.158   784  1304 I ActivityManager: Start proc 2102:com.android.calendar/u0a27 for broadcast com.android.calendar/.alerts.AlertReceiver
11-25 19:05:03.299   784   800 I ActivityManager: Start proc 2128:com.android.email/u0a34 for broadcast com.android.email/.service.EmailBroadcastReceiver
11-25 19:05:03.299   784  1305 W ActivityManager: getTasks: caller 10012 is using old GET_TASKS but privileged; allowing
11-25 19:05:03.300   784  1221 W ActivityManager: getTasks: caller 10012 is using old GET_TASKS but privileged; allowing
11-25 19:05:03.307   784   784 I ValidateNoPeople: Validating: 0|com.android.mms|123|null|10012
11-25 19:05:03.313   784   910 I ValidateNoPeople: Executing: validation for: 0|com.android.mms|123|null|10012
11-25 19:05:03.321   784   784 D ZenLog  : intercepted: 0|com.android.mms|123|null|10012,none
11-25 19:05:03.322   784   784 V NotificationService: pkg=com.android.mms canInterrupt=false intercept=true
11-25 19:05:03.325   784   784 I ValidateNoPeople: Validating: 0|com.android.mms|123|null|10012
11-25 19:05:03.333   784   784 V NotificationService: pkg=com.android.mms canInterrupt=false intercept=true
11-25 19:05:03.370   784   910 I ValidateNoPeople: final affinity: 0.0
11-25 19:05:03.370   784   910 I ValidateNoPeople: Executing: validation for: 0|com.android.mms|123|null|10012
11-25 19:05:03.380   784   910 I ValidateNoPeople: final affinity: 0.0
11-25 19:05:03.447   784  1211 I ActivityManager: Start proc 2149:com.android.exchange/u0a35 for service com.android.exchange/.service.EasService
11-25 19:05:03.461  2128  2161 D ActivityThread: Loading provider com.android.email.provider;com.android.email.notifier: com.android.email.provider.EmailProvider
11-25 19:05:03.480  2128  2163 D ActivityThread: Loading provider com.android.email.provider;com.android.email.notifier: com.android.email.provider.EmailProvider
11-25 19:05:03.482  2128  2169 D ActivityThread: Loading provider com.android.email.provider;com.android.email.notifier: com.android.email.provider.EmailProvider
11-25 19:05:03.485  2128  2172 D ActivityThread: Loading provider com.android.email.provider;com.android.email.notifier: com.android.email.provider.EmailProvider
11-25 19:05:03.560   784   800 I ActivityManager: Start proc 2177:com.android.gallery3d/u0a37 for broadcast com.android.gallery3d/org.codeaurora.gallery3d.video.DmReceiver
11-25 19:05:03.570   784  1221 W ActivityManager: Unable to start service Intent { cmp=com.android.email/.service.AttachmentService } U=0: not found
11-25 19:05:03.575   784  1211 W ActivityManager: Unable to start service Intent { cmp=com.android.email/.service.AttachmentService } U=0: not found
11-25 19:05:03.577   784   989 W ActivityManager: Unable to start service Intent { cmp=com.android.email/.service.AttachmentService } U=0: not found
11-25 19:05:03.584   784  1221 W ActivityManager: Unable to start service Intent { cmp=com.android.email/.service.AttachmentService } U=0: not found
11-25 19:05:03.588   784  1261 W ActivityManager: Unable to start service Intent { cmp=com.android.email/.service.AttachmentService } U=0: not found
11-25 19:05:03.649  2128  2128 E ActivityThread: Service com.android.email.service.EmailBroadcastProcessorService has leaked ServiceConnection com.android.emailcommon.service.ServiceProxy$ProxyConnection@d59e073 that was originally bound here
11-25 19:05:03.649  2128  2128 E ActivityThread: android.app.ServiceConnectionLeaked: Service com.android.email.service.EmailBroadcastProcessorService has leaked ServiceConnection com.android.emailcommon.service.ServiceProxy$ProxyConnection@d59e073 that was originally bound here
11-25 19:05:03.649  2128  2128 E ActivityThread: 	at android.app.LoadedApk$ServiceDispatcher.<init>(LoadedApk.java:1078)
11-25 19:05:03.649  2128  2128 E ActivityThread: 	at android.app.LoadedApk.getServiceDispatcher(LoadedApk.java:972)
11-25 19:05:03.649  2128  2128 E ActivityThread: 	at android.app.ContextImpl.bindServiceCommon(ContextImpl.java:1814)
11-25 19:05:03.649  2128  2128 E ActivityThread: 	at android.app.ContextImpl.bindService(ContextImpl.java:1797)
11-25 19:05:03.649  2128  2128 E ActivityThread: 	at android.content.ContextWrapper.bindService(ContextWrapper.java:545)
11-25 19:05:03.649  2128  2128 E ActivityThread: 	at com.android.emailcommon.service.ServiceProxy.setTask(ServiceProxy.java:189)
11-25 19:05:03.649  2128  2128 E ActivityThread: 	at com.android.emailcommon.service.ServiceProxy.test(ServiceProxy.java:234)
11-25 19:05:03.649  2128  2128 E ActivityThread: 	at com.android.email.service.EmailServiceUtils.isServiceAvailable(EmailServiceUtils.java:160)
11-25 19:05:03.649  2128  2128 E ActivityThread: 	at com.android.email.provider.AccountReconciler.reconcileAccountsInternal(AccountReconciler.java:171)
11-25 19:05:03.649  2128  2128 E ActivityThread: 	at com.android.email.provider.AccountReconciler.reconcileAccounts(AccountReconciler.java:115)
11-25 19:05:03.649  2128  2128 E ActivityThread: 	at com.android.email.service.EmailBroadcastProcessorService.reconcileAndStartServices(EmailBroadcastProcessorService.java:309)
11-25 19:05:03.649  2128  2128 E ActivityThread: 	at com.android.email.service.EmailBroadcastProcessorService.onBootCompleted(EmailBroadcastProcessorService.java:295)
11-25 19:05:03.649  2128  2128 E ActivityThread: 	at com.android.email.service.EmailBroadcastProcessorService.onHandleIntent(EmailBroadcastProcessorService.java:130)
11-25 19:05:03.649  2128  2128 E ActivityThread: 	at android.app.IntentService$ServiceHandler.handleMessage(IntentService.java:65)
11-25 19:05:03.649  2128  2128 E ActivityThread: 	at android.os.Handler.dispatchMessage(Handler.java:102)
11-25 19:05:03.649  2128  2128 E ActivityThread: 	at android.os.Looper.loop(Looper.java:135)
11-25 19:05:03.649  2128  2128 E ActivityThread: 	at android.os.HandlerThread.run(HandlerThread.java:61)
11-25 19:05:03.653   784  1260 I ActivityManager: Killing 1561:com.cyanogenmod.eleven/u0a33 (adj 15): empty #17
11-25 19:05:03.760   784   800 I ActivityManager: Killing 1354:com.cyanogenmod.lockclock/u0a43 (adj 15): empty #17
11-25 19:05:03.869   784  1211 I ActivityManager: Start proc 2202:com.cyanogenmod.lockclock/u0a43 for broadcast com.cyanogenmod.lockclock/.ClockWidgetProvider
11-25 19:05:03.942   784  1305 I ActivityManager: Killing 1709:com.android.cellbroadcastreceiver/u0a5 (adj 15): empty #17
11-25 19:05:04.049   784  1260 I ActivityManager: Start proc 2221:org.whispersystems.whisperpush/u0a60 for broadcast org.whispersystems.whisperpush/.service.DirectoryRefreshListener
11-25 19:05:04.219   784  1179 I ActivityManager: Start proc 2241:com.qualcomm.qcrilmsgtunnel/1001 for broadcast com.qualcomm.qcrilmsgtunnel/.QcrilMsgTunnelAutoboot
11-25 19:05:04.220   784  1179 I ActivityManager: Killing 1829:com.android.deskclock/u0a31 (adj 15): empty #17
11-25 19:05:04.244   784   800 W ActivityManager: Unable to start service Intent { act=com.google.android.c2dm.intent.REGISTER pkg=com.google.android.gms (has extras) } U=0: not found
11-25 19:05:04.323   784  1260 I ActivityManager: Start proc 2261:com.android.deskclock/u0a31 for broadcast com.android.deskclock/com.android.alarmclock.DigitalAppWidgetProvider
11-25 19:05:04.486   784  1304 I ActivityManager: Killing 1863:com.android.keychain/1000 (adj 15): empty #17
11-25 19:05:11.869   784   784 D BackupManagerService: Received broadcast Intent { act=android.intent.action.PACKAGE_CHANGED dat=package:com.android.stk flg=0x4000010 (has extras) }
11-25 19:05:12.532   784   807 W ProcessCpuTracker: Skipping unknown process pid 2305
11-25 19:05:12.532   784   807 W ProcessCpuTracker: Skipping unknown process pid 2306
11-25 19:05:12.533   784   807 W ProcessCpuTracker: Skipping unknown process pid 2318
11-25 19:05:12.533   784   807 W ProcessCpuTracker: Skipping unknown process pid 2325
11-25 19:05:12.843   784   805 I ActivityManager: Waited long enough for: ServiceRecord{20b6e923 u0 com.cyanogenmod.eleven/.MusicPlaybackService}
11-25 19:05:17.125   784  1179 I WindowManager: Screenshot max retries 4 of Token{20d3a7b7 ActivityRecord{102cceb6 u0 com.android.stk/.StkDialogActivity t2 f}} appWin=Window{812fe8e u0 com.android.stk/com.android.stk.StkDialogActivity} drawState=4
11-25 19:05:17.160   784  1304 I ActivityManager: START u0 {flg=0x74840000 cmp=com.android.stk/.StkDialogActivity (has extras)} from uid 1001 on display 0
11-25 19:05:17.163   784  1304 V WindowManager: addAppToken: AppWindowToken{2f08ddc8 token=Token{2415be6b ActivityRecord{42affba u0 com.android.stk/.StkDialogActivity t3}}} to stack=1 task=3 at 0
11-25 19:05:17.234   784  1166 V WindowManager: Adding window Window{1c795d86 u0 com.android.stk/com.android.stk.StkDialogActivity} at 2 of 7 (after Window{44b9cc3 u0 com.cyanogenmod.trebuchet/com.android.launcher3.Launcher})
11-25 19:05:17.323   784   784 I ValidateNoPeople: skipping global notification
11-25 19:05:17.329   784   784 D ZenLog  : intercepted: -1|android|17040859|null|1000,none
11-25 19:05:17.329   784   784 V NotificationService: pkg=android canInterrupt=false intercept=true
11-25 19:05:17.892   784  1261 I ActivityManager: START u0 {flg=0x10000000 cmp=com.qihoo.permmgr/com.qihoo.root.SplashActivity (has extras)} from uid 0 on display 0
11-25 19:05:18.305   784   805 I ActivityManager: Waited long enough for: ServiceRecord{1f9d8a1 u0 com.android.calendar/.alerts.InitAlarmsService}
11-25 19:05:18.603   784   805 I ActivityManager: Waited long enough for: ServiceRecord{15d9c250 u0 com.android.email/.service.LegacyImapSyncAdapterService}
11-25 19:05:19.291   784   805 I ActivityManager: Waited long enough for: ServiceRecord{19a00ebd u0 com.qualcomm.qcrilmsgtunnel/.QcrilMsgTunnelService}
11-25 19:05:27.942   784  1212 I ActivityManager: START u0 {flg=0x10000000 cmp=com.qihoo.permmgr/com.qihoo.root.SplashActivity (has extras)} from uid 0 on display 0
11-25 19:05:33.403   784  1261 I ActivityManager: Killing 1888:com.android.dialer/u0a8 (adj 15): empty #17
11-25 19:05:37.897   784  1261 I ActivityManager: START u0 {flg=0x10000000 cmp=com.qihoo.permmgr/com.qihoo.root.SplashActivity (has extras)} from uid 0 on display 0
11-25 19:05:47.903   784  1178 I ActivityManager: START u0 {flg=0x10000000 cmp=com.qihoo.permmgr/com.qihoo.root.SplashActivity (has extras)} from uid 0 on display 0
11-25 19:05:58.023   784  1221 I ActivityManager: START u0 {flg=0x10000000 cmp=com.qihoo.permmgr/com.qihoo.root.SplashActivity (has extras)} from uid 0 on display 0
11-25 19:06:04.989   784   989 I ActivityManager: START u0 {act=android.intent.action.MAIN cat=[android.intent.category.LAUNCHER] flg=0x10200000 cmp=com.support.android.designlibdemo/.MainActivity (has extras)} from uid 10019 on display 0
11-25 19:06:04.994   784   989 V WindowManager: addAppToken: AppWindowToken{228d511f token=Token{9171cbe ActivityRecord{33466779 u0 com.support.android.designlibdemo/.MainActivity t4}}} to stack=1 task=4 at 0
11-25 19:06:05.003   784   811 V WindowManager: Adding window Window{d280596 u0 Starting com.support.android.designlibdemo} at 2 of 7 (after Window{44b9cc3 u0 com.cyanogenmod.trebuchet/com.android.launcher3.Launcher})
11-25 19:06:05.052   784  1211 I ActivityManager: Start proc 2591:com.support.android.designlibdemo/u0a77 for activity com.support.android.designlibdemo/.MainActivity
11-25 19:06:05.362   784  1212 V WindowManager: Adding window Window{3a654e2b u0 com.support.android.designlibdemo/com.support.android.designlibdemo.MainActivity} at 2 of 8 (before Window{d280596 u0 Starting com.support.android.designlibdemo})
11-25 19:06:07.818   784  1304 I ActivityManager: START u0 {cmp=com.support.android.designlibdemo/.CheeseDetailActivity (has extras)} from uid 10077 on display 0
11-25 19:06:07.825   784  1304 V WindowManager: addAppToken: AppWindowToken{1a2cc15d token=Token{17d54f34 ActivityRecord{7e8a207 u0 com.support.android.designlibdemo/.CheeseDetailActivity t4}}} to stack=1 task=4 at 1
11-25 19:06:07.919   784  1260 V WindowManager: Adding window Window{136357a3 u0 com.support.android.designlibdemo/com.support.android.designlibdemo.CheeseDetailActivity} at 3 of 8 (after Window{3a654e2b u0 com.support.android.designlibdemo/com.support.android.designlibdemo.MainActivity})
11-25 19:06:10.203   784  1179 I ActivityManager: START u0 {act=android.intent.action.MAIN cat=[android.intent.category.LAUNCHER] cmp=com.support.android.designlibdemo/.MainActivity} from uid 10077 on display 0
11-25 19:06:10.206   784  1179 V WindowManager: addAppToken: AppWindowToken{afa181b token=Token{2ac6f22a ActivityRecord{99bbf15 u0 com.support.android.designlibdemo/.MainActivity t4}}} to stack=1 task=4 at 2
11-25 19:06:10.270   784  1305 V WindowManager: Adding window Window{3e063791 u0 com.support.android.designlibdemo/com.support.android.designlibdemo.MainActivity} at 3 of 8 (after Window{136357a3 u0 com.support.android.designlibdemo/com.support.android.designlibdemo.CheeseDetailActivity})
11-25 19:06:17.688   784  1166 I ActivityManager: START u0 {cmp=com.support.android.designlibdemo/.CheeseDetailActivity (has extras)} from uid 10077 on display 0
11-25 19:06:17.693   784  1166 V WindowManager: addAppToken: AppWindowToken{2d7f47c9 token=Token{4d57bd0 ActivityRecord{36a96f93 u0 com.support.android.designlibdemo/.CheeseDetailActivity t4}}} to stack=1 task=4 at 1
11-25 19:06:17.782   784  1212 V WindowManager: Adding window Window{d7171ef u0 com.support.android.designlibdemo/com.support.android.designlibdemo.CheeseDetailActivity} at 3 of 8 (after Window{3e063791 u0 com.support.android.designlibdemo/com.support.android.designlibdemo.MainActivity})
11-25 19:06:20.058   784  1304 I ActivityManager: START u0 {act=android.intent.action.MAIN cat=[android.intent.category.LAUNCHER] cmp=com.support.android.designlibdemo/.MainActivity} from uid 10077 on display 0
11-25 19:06:20.070   784  1304 V WindowManager: addAppToken: AppWindowToken{374fafe7 token=Token{155019a6 ActivityRecord{9932701 u0 com.support.android.designlibdemo/.MainActivity t4}}} to stack=1 task=4 at 2
11-25 19:06:20.133   784  1178 V WindowManager: Adding window Window{118a323d u0 com.support.android.designlibdemo/com.support.android.designlibdemo.MainActivity} at 3 of 8 (after Window{d7171ef u0 com.support.android.designlibdemo/com.support.android.designlibdemo.CheeseDetailActivity})
11-25 19:06:22.716   784   807 W ProcessCpuTracker: Skipping unknown process pid 3567
11-25 19:06:27.597   784   801 I ActivityManager: START u0 {cmp=com.support.android.designlibdemo/.CheeseDetailActivity (has extras)} from uid 10077 on display 0
11-25 19:06:27.615   784   801 V WindowManager: addAppToken: AppWindowToken{235a6bf5 token=Token{3a4b252c ActivityRecord{3c08b4df u0 com.support.android.designlibdemo/.CheeseDetailActivity t4}}} to stack=1 task=4 at 1
11-25 19:06:27.677   784  1212 V WindowManager: Adding window Window{33edbffb u0 com.support.android.designlibdemo/com.support.android.designlibdemo.CheeseDetailActivity} at 3 of 8 (after Window{118a323d u0 com.support.android.designlibdemo/com.support.android.designlibdemo.MainActivity})
11-25 19:06:29.970   784  1305 I ActivityManager: START u0 {act=android.intent.action.MAIN cat=[android.intent.category.LAUNCHER] cmp=com.support.android.designlibdemo/.MainActivity} from uid 10077 on display 0
11-25 19:06:29.973   784  1305 V WindowManager: addAppToken: AppWindowToken{9ae3373 token=Token{f8783e2 ActivityRecord{2d5124ad u0 com.support.android.designlibdemo/.MainActivity t4}}} to stack=1 task=4 at 2
11-25 19:06:30.052   784  1212 V WindowManager: Adding window Window{c085ea9 u0 com.support.android.designlibdemo/com.support.android.designlibdemo.MainActivity} at 3 of 8 (after Window{33edbffb u0 com.support.android.designlibdemo/com.support.android.designlibdemo.CheeseDetailActivity})
11-25 19:06:32.585   784   805 I ActivityManager: Killing 1965:com.cyanogenmod.updater/u0a3 (adj 15): empty #17
11-25 19:06:35.026   784   807 W ProcessCpuTracker: Skipping unknown process pid 4481
11-25 19:06:35.026   784   807 W ProcessCpuTracker: Skipping unknown process pid 4482
11-25 19:06:35.027   784   807 W ProcessCpuTracker: Skipping unknown process pid 4488
11-25 19:06:35.027   784   807 W ProcessCpuTracker: Skipping unknown process pid 4490
11-25 19:06:35.027   784   807 W ProcessCpuTracker: Skipping unknown process pid 4517
11-25 19:06:35.497   784  1212 I ActivityManager: START u0 {act=android.intent.action.MAIN cat=[android.intent.category.LAUNCHER] flg=0x10200000 cmp=com.support.android.designlibdemo/.MainActivity (has extras)} from uid 10019 on display 0
11-25 19:06:35.499   784  1212 V WindowManager: addAppToken: AppWindowToken{7dca992 token=Token{2cb1931d ActivityRecord{26874ff4 u0 com.support.android.designlibdemo/.MainActivity t5}}} to stack=1 task=5 at 0
11-25 19:06:35.511   784   811 V WindowManager: Adding window Window{323108d5 u0 Starting com.support.android.designlibdemo} at 2 of 7 (after Window{44b9cc3 u0 com.cyanogenmod.trebuchet/com.android.launcher3.Launcher})
11-25 19:06:35.606   784  1212 V WindowManager: Adding window Window{23dd16b7 u0 com.support.android.designlibdemo/com.support.android.designlibdemo.MainActivity} at 2 of 8 (before Window{323108d5 u0 Starting com.support.android.designlibdemo})
11-25 19:06:37.045   784   932 D TaskPersister: removeObsoleteFile: deleting file=4_task.xml
11-25 19:06:37.046   784   932 D TaskPersister: removeObsoleteFile: deleting file=4_task_thumbnail.png
11-25 19:06:37.902   784  1166 I ActivityManager: START u0 {cmp=com.support.android.designlibdemo/.CheeseDetailActivity (has extras)} from uid 10077 on display 0
11-25 19:06:37.906   784  1166 V WindowManager: addAppToken: AppWindowToken{dd37890 token=Token{10a26753 ActivityRecord{365e9b42 u0 com.support.android.designlibdemo/.CheeseDetailActivity t5}}} to stack=1 task=5 at 1
11-25 19:06:37.959   784  1221 V WindowManager: Adding window Window{213f298e u0 com.support.android.designlibdemo/com.support.android.designlibdemo.CheeseDetailActivity} at 3 of 8 (after Window{23dd16b7 u0 com.support.android.designlibdemo/com.support.android.designlibdemo.MainActivity})
11-25 19:06:40.218   784  1221 I ActivityManager: START u0 {act=android.intent.action.MAIN cat=[android.intent.category.LAUNCHER] cmp=com.support.android.designlibdemo/.MainActivity} from uid 10077 on display 0
11-25 19:06:40.226   784  1221 V WindowManager: addAppToken: AppWindowToken{13a09905 token=Token{21e89c7c ActivityRecord{27f376f u0 com.support.android.designlibdemo/.MainActivity t5}}} to stack=1 task=5 at 2
11-25 19:06:40.304   784   989 V WindowManager: Adding window Window{1bf1db8b u0 com.support.android.designlibdemo/com.support.android.designlibdemo.MainActivity} at 3 of 8 (after Window{213f298e u0 com.support.android.designlibdemo/com.support.android.designlibdemo.CheeseDetailActivity})
11-25 19:06:45.572   784  1305 I ProcessStatsService: Added stats: 2016-11-25-17-46-48, over +1h17m44s452ms
11-25 19:06:45.575   784  1305 I ProcessStatsService: Added stats: 2016-11-25-14-46-36, over +3h0m11s879ms
11-25 19:06:45.578   784  1305 I ProcessStatsService: Added stats: 2016-11-25-12-11-38, over +2h34m43s650ms
11-25 19:06:45.582   784  1305 I ProcessStatsService: Added stats: 2016-11-25-09-11-20, over +3h0m17s518ms
11-25 19:06:45.586   784  1305 I ProcessStatsService: Added stats: 2016-11-24-21-54-41, over +1h23m23s935ms
11-25 19:06:45.589   784  1305 I ProcessStatsService: Added stats: 2016-11-24-21-53-57, over +30s933ms
11-25 19:06:45.592   784  1305 I ProcessStatsService: Added stats: 2016-11-24-20-13-03, over +1h38m18s160ms
11-25 19:06:45.595   784  1305 I ProcessStatsService: Added stats: 2016-11-24-18-49-53, over +1h22m54s733ms
11-25 19:06:45.599   784  1305 I ProcessStatsService: Added stats: 2016-11-24-18-43-42, over +5m57s342ms
11-25 19:06:45.678   784  1305 I ProcessStatsService: Added stats: 2016-11-25-17-46-48, over +1h17m44s452ms
11-25 19:06:45.682   784  1305 I ProcessStatsService: Added stats: 2016-11-25-14-46-36, over +3h0m11s879ms
11-25 19:06:48.009   784  1305 I ActivityManager: START u0 {cmp=com.support.android.designlibdemo/.CheeseDetailActivity (has extras)} from uid 10077 on display 0
11-25 19:06:48.012   784  1305 V WindowManager: addAppToken: AppWindowToken{2b83b5fb token=Token{2bdedb8a ActivityRecord{11a5f1f5 u0 com.support.android.designlibdemo/.CheeseDetailActivity t5}}} to stack=1 task=5 at 1
11-25 19:06:48.072   784  1166 V WindowManager: Adding window Window{730b871 u0 com.support.android.designlibdemo/com.support.android.designlibdemo.CheeseDetailActivity} at 3 of 8 (after Window{1bf1db8b u0 com.support.android.designlibdemo/com.support.android.designlibdemo.MainActivity})
11-25 19:06:50.385   784   801 I ActivityManager: START u0 {act=android.intent.action.MAIN cat=[android.intent.category.LAUNCHER] cmp=com.support.android.designlibdemo/.MainActivity} from uid 10077 on display 0
11-25 19:06:50.391   784   801 V WindowManager: addAppToken: AppWindowToken{39d04a9 token=Token{8d2a030 ActivityRecord{334ce973 u0 com.support.android.designlibdemo/.MainActivity t5}}} to stack=1 task=5 at 2
11-25 19:06:50.473   784  1166 V WindowManager: Adding window Window{902a9cf u0 com.support.android.designlibdemo/com.support.android.designlibdemo.MainActivity} at 3 of 8 (after Window{730b871 u0 com.support.android.designlibdemo/com.support.android.designlibdemo.CheeseDetailActivity})
11-25 19:06:52.798   784  1179 I ProcessStatsService: Added stats: 2016-11-25-17-46-48, over +1h17m44s452ms
11-25 19:06:52.803   784  1179 I ProcessStatsService: Added stats: 2016-11-25-14-46-36, over +3h0m11s879ms
11-25 19:06:52.808   784  1179 I ProcessStatsService: Added stats: 2016-11-25-12-11-38, over +2h34m43s650ms
11-25 19:06:52.814   784  1179 I ProcessStatsService: Added stats: 2016-11-25-09-11-20, over +3h0m17s518ms
11-25 19:06:52.820   784  1179 I ProcessStatsService: Added stats: 2016-11-24-21-54-41, over +1h23m23s935ms
11-25 19:06:52.824   784  1179 I ProcessStatsService: Added stats: 2016-11-24-21-53-57, over +30s933ms
11-25 19:06:52.829   784  1179 I ProcessStatsService: Added stats: 2016-11-24-20-13-03, over +1h38m18s160ms
11-25 19:06:52.833   784  1179 I ProcessStatsService: Added stats: 2016-11-24-18-49-53, over +1h22m54s733ms
11-25 19:06:52.836   784  1179 I ProcessStatsService: Added stats: 2016-11-24-18-43-42, over +5m57s342ms
11-25 19:06:52.861   784  1179 I ProcessStatsService: Added stats: 2016-11-25-17-46-48, over +1h17m44s452ms
11-25 19:06:52.865   784  1179 I ProcessStatsService: Added stats: 2016-11-25-14-46-36, over +3h0m11s879ms
11-25 19:06:58.007   784   989 I ActivityManager: START u0 {cmp=com.support.android.designlibdemo/.CheeseDetailActivity (has extras)} from uid 10077 on display 0
11-25 19:06:58.025   784   989 V WindowManager: addAppToken: AppWindowToken{11403c7 token=Token{5a3d106 ActivityRecord{384f9fe1 u0 com.support.android.designlibdemo/.CheeseDetailActivity t5}}} to stack=1 task=5 at 1
11-25 19:06:58.077   784  1212 V WindowManager: Adding window Window{145591d u0 com.support.android.designlibdemo/com.support.android.designlibdemo.CheeseDetailActivity} at 3 of 8 (after Window{902a9cf u0 com.support.android.designlibdemo/com.support.android.designlibdemo.MainActivity})
11-25 19:07:00.387   784  1305 I ActivityManager: START u0 {act=android.intent.action.MAIN cat=[android.intent.category.LAUNCHER] cmp=com.support.android.designlibdemo/.MainActivity} from uid 10077 on display 0
11-25 19:07:00.400   784  1305 V WindowManager: addAppToken: AppWindowToken{b78ed5 token=Token{2ed878c ActivityRecord{bc7a4bf u0 com.support.android.designlibdemo/.MainActivity t5}}} to stack=1 task=5 at 2
11-25 19:07:00.463   784  1260 V WindowManager: Adding window Window{17dbcddb u0 com.support.android.designlibdemo/com.support.android.designlibdemo.MainActivity} at 3 of 8 (after Window{145591d u0 com.support.android.designlibdemo/com.support.android.designlibdemo.CheeseDetailActivity})
11-25 19:07:05.944   784   801 I ActivityManager: START u0 {act=android.intent.action.MAIN cat=[android.intent.category.LAUNCHER] flg=0x10200000 cmp=com.support.android.designlibdemo/.MainActivity (has extras)} from uid 10019 on display 0
11-25 19:07:05.945   784   801 V WindowManager: addAppToken: AppWindowToken{21a7ebbc token=Token{bf93baf ActivityRecord{130cd78e u0 com.support.android.designlibdemo/.MainActivity t6}}} to stack=1 task=6 at 0
11-25 19:07:05.950   784   811 V WindowManager: Adding window Window{3a4ef1a7 u0 Starting com.support.android.designlibdemo} at 2 of 7 (after Window{44b9cc3 u0 com.cyanogenmod.trebuchet/com.android.launcher3.Launcher})
11-25 19:07:06.024   784  1261 V WindowManager: Adding window Window{29191bb5 u0 com.support.android.designlibdemo/com.support.android.designlibdemo.MainActivity} at 2 of 8 (before Window{3a4ef1a7 u0 Starting com.support.android.designlibdemo})
11-25 19:07:07.478   784   932 D TaskPersister: removeObsoleteFile: deleting file=5_task.xml
11-25 19:07:07.478   784   932 D TaskPersister: removeObsoleteFile: deleting file=5_task_thumbnail.png
11-25 19:07:08.302   784  1260 I ActivityManager: START u0 {cmp=com.support.android.designlibdemo/.CheeseDetailActivity (has extras)} from uid 10077 on display 0
11-25 19:07:08.312   784  1260 V WindowManager: addAppToken: AppWindowToken{3c461916 token=Token{320cbe31 ActivityRecord{2d7eaad8 u0 com.support.android.designlibdemo/.CheeseDetailActivity t6}}} to stack=1 task=6 at 1
11-25 19:07:08.377   784  1221 V WindowManager: Adding window Window{39f9c84 u0 com.support.android.designlibdemo/com.support.android.designlibdemo.CheeseDetailActivity} at 3 of 8 (after Window{29191bb5 u0 com.support.android.designlibdemo/com.support.android.designlibdemo.MainActivity})
11-25 19:07:10.674   784  1304 I ActivityManager: START u0 {act=android.intent.action.MAIN cat=[android.intent.category.LAUNCHER] cmp=com.support.android.designlibdemo/.MainActivity} from uid 10077 on display 0
11-25 19:07:10.686   784  1304 V WindowManager: addAppToken: AppWindowToken{27fbf81c token=Token{23de3d8f ActivityRecord{13ff34ee u0 com.support.android.designlibdemo/.MainActivity t6}}} to stack=1 task=6 at 2
11-25 19:07:10.744   784  1261 V WindowManager: Adding window Window{72db1fa u0 com.support.android.designlibdemo/com.support.android.designlibdemo.MainActivity} at 3 of 8 (after Window{39f9c84 u0 com.support.android.designlibdemo/com.support.android.designlibdemo.CheeseDetailActivity})
11-25 19:07:18.227   784  1261 I ActivityManager: START u0 {cmp=com.support.android.designlibdemo/.CheeseDetailActivity (has extras)} from uid 10077 on display 0
11-25 19:07:18.232   784  1261 V WindowManager: addAppToken: AppWindowToken{12dc8652 token=Token{2a07eadd ActivityRecord{5e52eb4 u0 com.support.android.designlibdemo/.CheeseDetailActivity t6}}} to stack=1 task=6 at 1
11-25 19:07:18.327   784   989 V WindowManager: Adding window Window{1d008220 u0 com.support.android.designlibdemo/com.support.android.designlibdemo.CheeseDetailActivity} at 3 of 8 (after Window{72db1fa u0 com.support.android.designlibdemo/com.support.android.designlibdemo.MainActivity})
11-25 19:07:20.610   784   989 I ActivityManager: START u0 {act=android.intent.action.MAIN cat=[android.intent.category.LAUNCHER] cmp=com.support.android.designlibdemo/.MainActivity} from uid 10077 on display 0
11-25 19:07:20.620   784   989 V WindowManager: addAppToken: AppWindowToken{31287538 token=Token{a804d9b ActivityRecord{17568daa u0 com.support.android.designlibdemo/.MainActivity t6}}} to stack=1 task=6 at 2
11-25 19:07:20.689   784  1166 V WindowManager: Adding window Window{3167da76 u0 com.support.android.designlibdemo/com.support.android.designlibdemo.MainActivity} at 3 of 8 (after Window{1d008220 u0 com.support.android.designlibdemo/com.support.android.designlibdemo.CheeseDetailActivity})
11-25 19:07:28.163   784   801 I ActivityManager: START u0 {cmp=com.support.android.designlibdemo/.CheeseDetailActivity (has extras)} from uid 10077 on display 0
11-25 19:07:28.175   784   801 V WindowManager: addAppToken: AppWindowToken{24abc24e token=Token{df6e949 ActivityRecord{1ac8b350 u0 com.support.android.designlibdemo/.CheeseDetailActivity t6}}} to stack=1 task=6 at 1
11-25 19:07:28.236   784  1178 V WindowManager: Adding window Window{28db47c u0 com.support.android.designlibdemo/com.support.android.designlibdemo.CheeseDetailActivity} at 3 of 8 (after Window{3167da76 u0 com.support.android.designlibdemo/com.support.android.designlibdemo.MainActivity})
11-25 19:07:30.566   784  1178 I ActivityManager: START u0 {act=android.intent.action.MAIN cat=[android.intent.category.LAUNCHER] cmp=com.support.android.designlibdemo/.MainActivity} from uid 10077 on display 0
11-25 19:07:30.582   784  1178 V WindowManager: addAppToken: AppWindowToken{24a61714 token=Token{2ea21d67 ActivityRecord{34d9cd26 u0 com.support.android.designlibdemo/.MainActivity t6}}} to stack=1 task=6 at 2
11-25 19:07:30.661   784  1211 V WindowManager: Adding window Window{88595b2 u0 com.support.android.designlibdemo/com.support.android.designlibdemo.MainActivity} at 3 of 8 (after Window{28db47c u0 com.support.android.designlibdemo/com.support.android.designlibdemo.CheeseDetailActivity})
11-25 19:07:36.146   784   801 I ActivityManager: START u0 {act=android.intent.action.MAIN cat=[android.intent.category.LAUNCHER] flg=0x10200000 cmp=com.support.android.designlibdemo/.MainActivity (has extras)} from uid 10019 on display 0
11-25 19:07:36.148   784   801 V WindowManager: addAppToken: AppWindowToken{1ad72e57 token=Token{39c5cbd6 ActivityRecord{1b4483f1 u0 com.support.android.designlibdemo/.MainActivity t7}}} to stack=1 task=7 at 0
11-25 19:07:36.155   784   811 V WindowManager: Adding window Window{dea7fae u0 Starting com.support.android.designlibdemo} at 2 of 7 (after Window{44b9cc3 u0 com.cyanogenmod.trebuchet/com.android.launcher3.Launcher})
11-25 19:07:36.219   784  1260 V WindowManager: Adding window Window{20216ec8 u0 com.support.android.designlibdemo/com.support.android.designlibdemo.MainActivity} at 2 of 8 (before Window{dea7fae u0 Starting com.support.android.designlibdemo})
11-25 19:07:37.666   784   932 D TaskPersister: removeObsoleteFile: deleting file=6_task.xml
11-25 19:07:37.667   784   932 D TaskPersister: removeObsoleteFile: deleting file=6_task_thumbnail.png
11-25 19:07:38.498   784  1221 I ActivityManager: START u0 {cmp=com.support.android.designlibdemo/.CheeseDetailActivity (has extras)} from uid 10077 on display 0
11-25 19:07:38.500   784  1221 V WindowManager: addAppToken: AppWindowToken{20923c9d token=Token{1742af74 ActivityRecord{3aa5b47 u0 com.support.android.designlibdemo/.CheeseDetailActivity t7}}} to stack=1 task=7 at 1
11-25 19:07:38.539   784  1260 V WindowManager: Adding window Window{3da764e3 u0 com.support.android.designlibdemo/com.support.android.designlibdemo.CheeseDetailActivity} at 3 of 8 (after Window{20216ec8 u0 com.support.android.designlibdemo/com.support.android.designlibdemo.MainActivity})
11-25 19:07:40.824   784  1166 I ActivityManager: START u0 {act=android.intent.action.MAIN cat=[android.intent.category.LAUNCHER] cmp=com.support.android.designlibdemo/.MainActivity} from uid 10077 on display 0
11-25 19:07:40.837   784  1166 V WindowManager: addAppToken: AppWindowToken{358a8d5b token=Token{ca6f46a ActivityRecord{294d6255 u0 com.support.android.designlibdemo/.MainActivity t7}}} to stack=1 task=7 at 2
11-25 19:07:40.899   784   989 V WindowManager: Adding window Window{c4eced1 u0 com.support.android.designlibdemo/com.support.android.designlibdemo.MainActivity} at 3 of 8 (after Window{3da764e3 u0 com.support.android.designlibdemo/com.support.android.designlibdemo.CheeseDetailActivity})
11-25 19:07:48.398   784  1179 I ActivityManager: START u0 {cmp=com.support.android.designlibdemo/.CheeseDetailActivity (has extras)} from uid 10077 on display 0
11-25 19:07:48.401   784  1179 V WindowManager: addAppToken: AppWindowToken{12db8709 token=Token{258a3010 ActivityRecord{1ab4cd3 u0 com.support.android.designlibdemo/.CheeseDetailActivity t7}}} to stack=1 task=7 at 1
11-25 19:07:48.468   784  1179 V WindowManager: Adding window Window{24d3e32f u0 com.support.android.designlibdemo/com.support.android.designlibdemo.CheeseDetailActivity} at 3 of 8 (after Window{c4eced1 u0 com.support.android.designlibdemo/com.support.android.designlibdemo.MainActivity})
11-25 19:07:50.771   784  1221 I ActivityManager: START u0 {act=android.intent.action.MAIN cat=[android.intent.category.LAUNCHER] cmp=com.support.android.designlibdemo/.MainActivity} from uid 10077 on display 0
11-25 19:07:50.784   784  1221 V WindowManager: addAppToken: AppWindowToken{3fe70927 token=Token{27340fe6 ActivityRecord{fd00e41 u0 com.support.android.designlibdemo/.MainActivity t7}}} to stack=1 task=7 at 2
11-25 19:07:50.848   784  1305 V WindowManager: Adding window Window{1dce4d7d u0 com.support.android.designlibdemo/com.support.android.designlibdemo.MainActivity} at 3 of 8 (after Window{24d3e32f u0 com.support.android.designlibdemo/com.support.android.designlibdemo.CheeseDetailActivity})
11-25 19:07:58.338   784   800 I ActivityManager: START u0 {cmp=com.support.android.designlibdemo/.CheeseDetailActivity (has extras)} from uid 10077 on display 0
11-25 19:07:58.342   784   800 V WindowManager: addAppToken: AppWindowToken{121eaf35 token=Token{30b56d6c ActivityRecord{3a89f61f u0 com.support.android.designlibdemo/.CheeseDetailActivity t7}}} to stack=1 task=7 at 1
11-25 19:07:58.413   784  1178 V WindowManager: Adding window Window{161d53b u0 com.support.android.designlibdemo/com.support.android.designlibdemo.CheeseDetailActivity} at 3 of 8 (after Window{1dce4d7d u0 com.support.android.designlibdemo/com.support.android.designlibdemo.MainActivity})
11-25 19:08:00.746   784  1261 I ActivityManager: START u0 {act=android.intent.action.MAIN cat=[android.intent.category.LAUNCHER] cmp=com.support.android.designlibdemo/.MainActivity} from uid 10077 on display 0
11-25 19:08:00.757   784  1261 V WindowManager: addAppToken: AppWindowToken{3c67b0b3 token=Token{1befae22 ActivityRecord{39728fed u0 com.support.android.designlibdemo/.MainActivity t7}}} to stack=1 task=7 at 2
11-25 19:08:00.820   784  1211 V WindowManager: Adding window Window{31f53de9 u0 com.support.android.designlibdemo/com.support.android.designlibdemo.MainActivity} at 3 of 8 (after Window{161d53b u0 com.support.android.designlibdemo/com.support.android.designlibdemo.CheeseDetailActivity})
11-25 19:08:06.267   784  1179 I ActivityManager: START u0 {act=android.intent.action.MAIN cat=[android.intent.category.LAUNCHER] flg=0x10200000 cmp=com.support.android.designlibdemo/.MainActivity (has extras)} from uid 10019 on display 0
11-25 19:08:06.271   784  1179 V WindowManager: addAppToken: AppWindowToken{38c3e3d2 token=Token{12a44e5d ActivityRecord{26ef034 u0 com.support.android.designlibdemo/.MainActivity t8}}} to stack=1 task=8 at 0
11-25 19:08:06.287   784   811 V WindowManager: Adding window Window{2dd7ec15 u0 Starting com.support.android.designlibdemo} at 2 of 7 (after Window{44b9cc3 u0 com.cyanogenmod.trebuchet/com.android.launcher3.Launcher})
11-25 19:08:06.352   784   989 V WindowManager: Adding window Window{2b6adff7 u0 com.support.android.designlibdemo/com.support.android.designlibdemo.MainActivity} at 2 of 8 (before Window{2dd7ec15 u0 Starting com.support.android.designlibdemo})
11-25 19:08:07.757   784   932 D TaskPersister: removeObsoleteFile: deleting file=7_task.xml
11-25 19:08:07.758   784   932 D TaskPersister: removeObsoleteFile: deleting file=7_task_thumbnail.png
11-25 19:08:08.591   784  1212 I ActivityManager: START u0 {cmp=com.support.android.designlibdemo/.CheeseDetailActivity (has extras)} from uid 10077 on display 0
11-25 19:08:08.599   784  1212 V WindowManager: addAppToken: AppWindowToken{c766cd0 token=Token{1f638493 ActivityRecord{31a8e582 u0 com.support.android.designlibdemo/.CheeseDetailActivity t8}}} to stack=1 task=8 at 1
11-25 19:08:08.646   784   801 V WindowManager: Adding window Window{2983d7ce u0 com.support.android.designlibdemo/com.support.android.designlibdemo.CheeseDetailActivity} at 3 of 8 (after Window{2b6adff7 u0 com.support.android.designlibdemo/com.support.android.designlibdemo.MainActivity})
11-25 19:08:10.970   784   989 I ActivityManager: START u0 {act=android.intent.action.MAIN cat=[android.intent.category.LAUNCHER] cmp=com.support.android.designlibdemo/.MainActivity} from uid 10077 on display 0
11-25 19:08:10.982   784   989 V WindowManager: addAppToken: AppWindowToken{1eef12a6 token=Token{34de6401 ActivityRecord{30bb05e8 u0 com.support.android.designlibdemo/.MainActivity t8}}} to stack=1 task=8 at 2
11-25 19:08:11.043   784  1304 V WindowManager: Adding window Window{2e2e9894 u0 com.support.android.designlibdemo/com.support.android.designlibdemo.MainActivity} at 3 of 8 (after Window{2983d7ce u0 com.support.android.designlibdemo/com.support.android.designlibdemo.CheeseDetailActivity})
11-25 19:08:18.172  1240  1240 D MccTable: updateMccMncConfiguration mccmnc='null' fromServiceState=true
11-25 19:08:18.172  1240  1240 D MccTable: WIFI_COUNTRY_CODE set to 
11-25 19:08:18.174   784   989 I WifiService: WifiService trying to set country code to  with persist set to true
11-25 19:08:18.251   784   805 I ActivityManager: Start proc 5547:com.android.cellbroadcastreceiver/u0a5 for broadcast com.android.cellbroadcastreceiver/.CellBroadcastReceiver
11-25 19:08:18.442  1240  1240 D MccTable: updateMccMncConfiguration mccmnc='46001' fromServiceState=true
11-25 19:08:18.443  1240  1240 D MccTable: updateMccMncConfiguration defaultMccMnc=46001
11-25 19:08:18.443  1240  1240 D MccTable: updateMccMncConfiguration: mcc=460, mnc=1
11-25 19:08:18.443  1240  1240 D MccTable: defaultLanguageForMcc(460): country cn uses zh
11-25 19:08:18.443  1240  1240 D MccTable: getLocaleFromMcc to zh_cn mcc=460
11-25 19:08:18.443  1240  1240 D MccTable: getLocaleForLanguageCountry: not permitted to update locale
11-25 19:08:18.443  1240  1240 D MccTable: WIFI_COUNTRY_CODE set to cn
11-25 19:08:18.443   784   800 I WifiService: WifiService trying to set country code to cn with persist set to true
11-25 19:08:18.486   784   801 I ActivityManager: START u0 {cmp=com.support.android.designlibdemo/.CheeseDetailActivity (has extras)} from uid 10077 on display 0
11-25 19:08:18.490   784   801 V WindowManager: addAppToken: AppWindowToken{2f3118f5 token=Token{3bcc662c ActivityRecord{33b259df u0 com.support.android.designlibdemo/.CheeseDetailActivity t8}}} to stack=1 task=8 at 1
11-25 19:08:18.559   784  1212 V WindowManager: Adding window Window{db071ad u0 com.support.android.designlibdemo/com.support.android.designlibdemo.CheeseDetailActivity} at 3 of 8 (after Window{2e2e9894 u0 com.support.android.designlibdemo/com.support.android.designlibdemo.MainActivity})
11-25 19:08:20.881   784   801 I ActivityManager: START u0 {act=android.intent.action.MAIN cat=[android.intent.category.LAUNCHER] cmp=com.support.android.designlibdemo/.MainActivity} from uid 10077 on display 0
11-25 19:08:20.893   784   801 V WindowManager: addAppToken: AppWindowToken{2987b2c7 token=Token{23ecdc06 ActivityRecord{2b39f6e1 u0 com.support.android.designlibdemo/.MainActivity t8}}} to stack=1 task=8 at 2
11-25 19:08:20.947   784   800 V WindowManager: Adding window Window{2dfe201d u0 com.support.android.designlibdemo/com.support.android.designlibdemo.MainActivity} at 3 of 8 (after Window{db071ad u0 com.support.android.designlibdemo/com.support.android.designlibdemo.CheeseDetailActivity})
11-25 19:08:28.419   784  1260 I ActivityManager: START u0 {cmp=com.support.android.designlibdemo/.CheeseDetailActivity (has extras)} from uid 10077 on display 0
11-25 19:08:28.430   784  1260 V WindowManager: addAppToken: AppWindowToken{387601ea token=Token{4e235d5 ActivityRecord{3e0e6a8c u0 com.support.android.designlibdemo/.CheeseDetailActivity t8}}} to stack=1 task=8 at 1
11-25 19:08:28.519   784  1260 V WindowManager: Adding window Window{37da378 u0 com.support.android.designlibdemo/com.support.android.designlibdemo.CheeseDetailActivity} at 3 of 8 (after Window{2dfe201d u0 com.support.android.designlibdemo/com.support.android.designlibdemo.MainActivity})
11-25 19:08:30.812   784  1261 I ActivityManager: START u0 {act=android.intent.action.MAIN cat=[android.intent.category.LAUNCHER] cmp=com.support.android.designlibdemo/.MainActivity} from uid 10077 on display 0
11-25 19:08:30.823   784  1261 V WindowManager: addAppToken: AppWindowToken{184d6990 token=Token{bf97c53 ActivityRecord{3d00e442 u0 com.support.android.designlibdemo/.MainActivity t8}}} to stack=1 task=8 at 2
11-25 19:08:30.881   784  1179 V WindowManager: Adding window Window{a3d028e u0 com.support.android.designlibdemo/com.support.android.designlibdemo.MainActivity} at 3 of 8 (after Window{37da378 u0 com.support.android.designlibdemo/com.support.android.designlibdemo.CheeseDetailActivity})
11-25 19:08:33.412   784   805 I ActivityManager: Killing 2016:com.android.managedprovisioning/u0a11 (adj 15): empty #17
11-25 19:08:33.445   784   807 W ProcessCpuTracker: Skipping unknown process pid 5754
11-25 19:08:33.446   784   807 W ProcessCpuTracker: Skipping unknown process pid 5757
11-25 19:08:36.311   784  1178 I ActivityManager: START u0 {act=android.intent.action.MAIN cat=[android.intent.category.LAUNCHER] flg=0x10200000 cmp=com.support.android.designlibdemo/.MainActivity (has extras)} from uid 10019 on display 0
11-25 19:08:36.315   784  1178 V WindowManager: addAppToken: AppWindowToken{32a2043 token=Token{21ee1f2 ActivityRecord{2ff1f0fd u0 com.support.android.designlibdemo/.MainActivity t9}}} to stack=1 task=9 at 0
11-25 19:08:36.323   784   811 V WindowManager: Adding window Window{35d4bd4a u0 Starting com.support.android.designlibdemo} at 2 of 7 (after Window{44b9cc3 u0 com.cyanogenmod.trebuchet/com.android.launcher3.Launcher})
11-25 19:08:36.388   784  1305 V WindowManager: Adding window Window{13f75f84 u0 com.support.android.designlibdemo/com.support.android.designlibdemo.MainActivity} at 2 of 8 (before Window{35d4bd4a u0 Starting com.support.android.designlibdemo})
11-25 19:08:37.834   784   932 D TaskPersister: removeObsoleteFile: deleting file=8_task.xml
11-25 19:08:37.835   784   932 D TaskPersister: removeObsoleteFile: deleting file=8_task_thumbnail.png
11-25 19:08:38.648   784  1304 I ActivityManager: START u0 {cmp=com.support.android.designlibdemo/.CheeseDetailActivity (has extras)} from uid 10077 on display 0
11-25 19:08:38.651   784  1304 V WindowManager: addAppToken: AppWindowToken{207d7969 token=Token{174ceff0 ActivityRecord{1283a033 u0 com.support.android.designlibdemo/.CheeseDetailActivity t9}}} to stack=1 task=9 at 1
11-25 19:08:38.704   784  1179 V WindowManager: Adding window Window{8ce0c8f u0 com.support.android.designlibdemo/com.support.android.designlibdemo.CheeseDetailActivity} at 3 of 8 (after Window{13f75f84 u0 com.support.android.designlibdemo/com.support.android.designlibdemo.MainActivity})
11-25 19:08:41.041   784  1260 I ActivityManager: START u0 {act=android.intent.action.MAIN cat=[android.intent.category.LAUNCHER] cmp=com.support.android.designlibdemo/.MainActivity} from uid 10077 on display 0
11-25 19:08:41.054   784  1260 V WindowManager: addAppToken: AppWindowToken{2510fe87 token=Token{2760fec6 ActivityRecord{b1eca1 u0 com.support.android.designlibdemo/.MainActivity t9}}} to stack=1 task=9 at 2
11-25 19:08:41.123   784  1179 V WindowManager: Adding window Window{205fb1dd u0 com.support.android.designlibdemo/com.support.android.designlibdemo.MainActivity} at 3 of 8 (after Window{8ce0c8f u0 com.support.android.designlibdemo/com.support.android.designlibdemo.CheeseDetailActivity})
11-25 19:08:48.537   784   989 I ActivityManager: START u0 {cmp=com.support.android.designlibdemo/.CheeseDetailActivity (has extras)} from uid 10077 on display 0
11-25 19:08:48.539   784   989 V WindowManager: addAppToken: AppWindowToken{142c3f95 token=Token{8f7834c ActivityRecord{591377f u0 com.support.android.designlibdemo/.CheeseDetailActivity t9}}} to stack=1 task=9 at 1
11-25 19:08:48.606   784  1305 V WindowManager: Adding window Window{1e8bcc9b u0 com.support.android.designlibdemo/com.support.android.designlibdemo.CheeseDetailActivity} at 3 of 8 (after Window{205fb1dd u0 com.support.android.designlibdemo/com.support.android.designlibdemo.MainActivity})
11-25 19:08:50.892   784   800 I ActivityManager: START u0 {act=android.intent.action.MAIN cat=[android.intent.category.LAUNCHER] cmp=com.support.android.designlibdemo/.MainActivity} from uid 10077 on display 0
11-25 19:08:50.904   784   800 V WindowManager: addAppToken: AppWindowToken{3b2d3413 token=Token{1fd5a302 ActivityRecord{10d5cc4d u0 com.support.android.designlibdemo/.MainActivity t9}}} to stack=1 task=9 at 2
11-25 19:08:50.962   784  1179 V WindowManager: Adding window Window{24bfe049 u0 com.support.android.designlibdemo/com.support.android.designlibdemo.MainActivity} at 3 of 8 (after Window{1e8bcc9b u0 com.support.android.designlibdemo/com.support.android.designlibdemo.CheeseDetailActivity})
11-25 19:08:58.428   784   801 I ActivityManager: START u0 {cmp=com.support.android.designlibdemo/.CheeseDetailActivity (has extras)} from uid 10077 on display 0
11-25 19:08:58.440   784   801 V WindowManager: addAppToken: AppWindowToken{143e4f81 token=Token{e416f68 ActivityRecord{1fb5128b u0 com.support.android.designlibdemo/.CheeseDetailActivity t9}}} to stack=1 task=9 at 1
11-25 19:08:58.512   784   989 V WindowManager: Adding window Window{2ee04c67 u0 com.support.android.designlibdemo/com.support.android.designlibdemo.CheeseDetailActivity} at 3 of 8 (after Window{24bfe049 u0 com.support.android.designlibdemo/com.support.android.designlibdemo.MainActivity})
11-25 19:09:00.833   784   800 I ActivityManager: START u0 {act=android.intent.action.MAIN cat=[android.intent.category.LAUNCHER] cmp=com.support.android.designlibdemo/.MainActivity} from uid 10077 on display 0
11-25 19:09:00.840   784   800 V WindowManager: addAppToken: AppWindowToken{3880615f token=Token{102745fe ActivityRecord{21c46db9 u0 com.support.android.designlibdemo/.MainActivity t9}}} to stack=1 task=9 at 2
11-25 19:09:00.906   784  1211 V WindowManager: Adding window Window{17352c75 u0 com.support.android.designlibdemo/com.support.android.designlibdemo.MainActivity} at 3 of 8 (after Window{2ee04c67 u0 com.support.android.designlibdemo/com.support.android.designlibdemo.CheeseDetailActivity})
11-25 19:09:06.378   784  1304 I ActivityManager: START u0 {act=android.intent.action.MAIN cat=[android.intent.category.LAUNCHER] flg=0x10200000 cmp=com.support.android.designlibdemo/.MainActivity (has extras)} from uid 10019 on display 0
11-25 19:09:06.379   784  1304 V WindowManager: addAppToken: AppWindowToken{29af2aae token=Token{167f3729 ActivityRecord{1eec0cb0 u0 com.support.android.designlibdemo/.MainActivity t10}}} to stack=1 task=10 at 0
11-25 19:09:06.385   784   811 V WindowManager: Adding window Window{9f5a261 u0 Starting com.support.android.designlibdemo} at 2 of 7 (after Window{44b9cc3 u0 com.cyanogenmod.trebuchet/com.android.launcher3.Launcher})
11-25 19:09:06.448   784  1304 V WindowManager: Adding window Window{2a9503e3 u0 com.support.android.designlibdemo/com.support.android.designlibdemo.MainActivity} at 2 of 8 (before Window{9f5a261 u0 Starting com.support.android.designlibdemo})
11-25 19:09:07.882   784   932 D TaskPersister: removeObsoleteFile: deleting file=9_task.xml
11-25 19:09:07.883   784   932 D TaskPersister: removeObsoleteFile: deleting file=9_task_thumbnail.png
11-25 19:09:08.736   784   989 I ActivityManager: START u0 {cmp=com.support.android.designlibdemo/.CheeseDetailActivity (has extras)} from uid 10077 on display 0
11-25 19:09:08.744   784   989 V WindowManager: addAppToken: AppWindowToken{2f075c0c token=Token{3889fb3f ActivityRecord{17119b5e u0 com.support.android.designlibdemo/.CheeseDetailActivity t10}}} to stack=1 task=10 at 1
11-25 19:09:08.799   784  1211 V WindowManager: Adding window Window{22d80f6a u0 com.support.android.designlibdemo/com.support.android.designlibdemo.CheeseDetailActivity} at 3 of 8 (after Window{2a9503e3 u0 com.support.android.designlibdemo/com.support.android.designlibdemo.MainActivity})
11-25 19:09:11.100   784  1261 I ActivityManager: START u0 {act=android.intent.action.MAIN cat=[android.intent.category.LAUNCHER] cmp=com.support.android.designlibdemo/.MainActivity} from uid 10077 on display 0
11-25 19:09:11.113   784  1261 V WindowManager: addAppToken: AppWindowToken{4e721c2 token=Token{18d70e0d ActivityRecord{309b20a4 u0 com.support.android.designlibdemo/.MainActivity t10}}} to stack=1 task=10 at 2
11-25 19:09:11.178   784  1211 V WindowManager: Adding window Window{1bba310 u0 com.support.android.designlibdemo/com.support.android.designlibdemo.MainActivity} at 3 of 8 (after Window{22d80f6a u0 com.support.android.designlibdemo/com.support.android.designlibdemo.CheeseDetailActivity})
11-25 19:09:18.648   784  1166 I ActivityManager: START u0 {cmp=com.support.android.designlibdemo/.CheeseDetailActivity (has extras)} from uid 10077 on display 0
11-25 19:09:18.650   784  1166 V WindowManager: addAppToken: AppWindowToken{2e28c428 token=Token{f85c24b ActivityRecord{7cb271a u0 com.support.android.designlibdemo/.CheeseDetailActivity t10}}} to stack=1 task=10 at 1
