11-25 19:05:00.360  1240  1508 D CellBroadcastHandler: mWakeLock released
11-25 19:05:00.371  1240  1532 D CdmaServiceCategoryProgramHandler: mWakeLock released
11-25 19:05:00.428  1240  1531 D CdmaInboundSmsHandler: IdleState.processMessage:5
11-25 19:05:00.428  1240  1531 D CdmaInboundSmsHandler: Idle state processing message type 5
11-25 19:05:00.428  1240  1476 D GsmInboundSmsHandler: IdleState.processMessage:5
11-25 19:05:00.428  1240  1476 D GsmInboundSmsHandler: Idle state processing message type 5
11-25 19:05:00.430  1240  1531 D CdmaInboundSmsHandler: mWakeLock released
11-25 19:05:00.430  1240  1476 D GsmInboundSmsHandler: mWakeLock released
11-25 19:05:00.544   202   635 D RILC    : RequestComplete, RIL_SOCKET_1
11-25 19:05:00.544   202   635 E RILC    : Send Response to RIL_SOCKET_1
11-25 19:05:00.544  1240  1370 D RILJ    : [3762]< RIL_REQUEST_GSM_SET_BROADCAST_CONFIG  [SUB0]
11-25 19:05:00.545  1240  1795 D RILJ    : [3763]> RIL_REQUEST_GSM_BROADCAST_ACTIVATION [SUB0]
11-25 19:05:00.556   202   635 D RILC    : RequestComplete, RIL_SOCKET_1
11-25 19:05:00.556   202   635 E RILC    : Send Response to RIL_SOCKET_1
11-25 19:05:00.556  1240  1370 D RILJ    : [3763]< RIL_REQUEST_GSM_BROADCAST_ACTIVATION  [SUB0]
11-25 19:05:00.561  1240  1259 D SubscriptionController: [getActiveSubInfoList]+
11-25 19:05:00.562  1240  1259 D SubscriptionController: selection:sim_id>=0 null
11-25 19:05:00.573  1240  1259 D TelephonyManager: getTelephonyProperty: return propVal='cn' phoneId=0 property='gsm.sim.operator.iso-country' defaultVal='' prop=cn
11-25 19:05:00.574  1240  1259 D SubscriptionController: [getSubInfoRecord] id:1 iccid:DUMMY_NV_ID simSlotIndex:0 displayName:CARD 1 nameSource:0 iconTint:-16746133 dataRoaming:0 mcc:460 mnc:1 countIso:cn status:1 nwMode:10
11-25 19:05:00.580  1240  1259 D SubscriptionController: [getActiveSubInfoList]- 1 infos return
11-25 19:05:00.583  1240  1768 D RILJ    : [3764]> RIL_REQUEST_CDMA_SET_BROADCAST_CONFIG with 1 configs :  [SUB0]
11-25 19:05:00.583  1240  1768 D RILJ    : CdmaSmsBroadcastConfigInfo: Id [4098, 4098] ENABLED [SUB0]
11-25 19:05:00.588   202   635 D RILC    : RequestComplete, RIL_SOCKET_1
11-25 19:05:00.588   202   635 E RILC    : Send Response to RIL_SOCKET_1
11-25 19:05:00.588  1240  1370 D RilRequest: [3764]< RIL_REQUEST_CDMA_SET_BROADCAST_CONFIG error: com.android.internal.telephony.CommandException: GENERIC_FAILURE ret=
11-25 19:05:00.592  1240  1258 D SubscriptionController: [getActiveSubInfoList]+
11-25 19:05:00.593  1240  1258 D SubscriptionController: selection:sim_id>=0 null
11-25 19:05:00.601  1240  1258 D TelephonyManager: getTelephonyProperty: return propVal='cn' phoneId=0 property='gsm.sim.operator.iso-country' defaultVal='' prop=cn
11-25 19:05:00.601  1240  1258 D SubscriptionController: [getSubInfoRecord] id:1 iccid:DUMMY_NV_ID simSlotIndex:0 displayName:CARD 1 nameSource:0 iconTint:-16746133 dataRoaming:0 mcc:460 mnc:1 countIso:cn status:1 nwMode:10
11-25 19:05:00.606  1240  1258 D SubscriptionController: [getActiveSubInfoList]- 1 infos return
11-25 19:05:00.609  1240  1795 D RILJ    : [3765]> RIL_REQUEST_GSM_SET_BROADCAST_CONFIG with 4 configs :  [SUB0]
11-25 19:05:00.610  1240  1795 D RILJ    : SmsBroadcastConfigInfo: Id [4352,4354] Code [0,255] ENABLED [SUB0]
11-25 19:05:00.610  1240  1795 D RILJ    : SmsBroadcastConfigInfo: Id [4356,4356] Code [0,255] ENABLED [SUB0]
11-25 19:05:00.610  1240  1795 D RILJ    : SmsBroadcastConfigInfo: Id [4371,4378] Code [0,255] ENABLED [SUB0]
11-25 19:05:00.615  1240  1795 D RILJ    : SmsBroadcastConfigInfo: Id [4379,4379] Code [0,255] ENABLED [SUB0]
11-25 19:05:00.848   202   635 D RILC    : RequestComplete, RIL_SOCKET_1
11-25 19:05:00.848   202   635 E RILC    : Send Response to RIL_SOCKET_1
11-25 19:05:00.848  1240  1370 D RILJ    : [3765]< RIL_REQUEST_GSM_SET_BROADCAST_CONFIG  [SUB0]
11-25 19:05:00.849  1240  1795 D RILJ    : [3766]> RIL_REQUEST_GSM_BROADCAST_ACTIVATION [SUB0]
11-25 19:05:00.856   202   635 D RILC    : RequestComplete, RIL_SOCKET_1
11-25 19:05:00.856   202   635 E RILC    : Send Response to RIL_SOCKET_1
11-25 19:05:00.857  1240  1370 D RILJ    : [3766]< RIL_REQUEST_GSM_BROADCAST_ACTIVATION  [SUB0]
11-25 19:05:00.861  1240  1259 D SubscriptionController: [getActiveSubInfoList]+
11-25 19:05:00.861  1240  1259 D SubscriptionController: selection:sim_id>=0 null
11-25 19:05:00.865  1240  1259 D TelephonyManager: getTelephonyProperty: return propVal='cn' phoneId=0 property='gsm.sim.operator.iso-country' defaultVal='' prop=cn
11-25 19:05:00.865  1240  1259 D SubscriptionController: [getSubInfoRecord] id:1 iccid:DUMMY_NV_ID simSlotIndex:0 displayName:CARD 1 nameSource:0 iconTint:-16746133 dataRoaming:0 mcc:460 mnc:1 countIso:cn status:1 nwMode:10
11-25 19:05:00.867  1240  1259 D SubscriptionController: [getActiveSubInfoList]- 1 infos return
11-25 19:05:00.869  1240  1768 D RILJ    : [3767]> RIL_REQUEST_CDMA_SET_BROADCAST_CONFIG with 1 configs :  [SUB0]
11-25 19:05:00.869  1240  1768 D RILJ    : CdmaSmsBroadcastConfigInfo: Id [4099, 4099] ENABLED [SUB0]
11-25 19:05:00.875   202   635 D RILC    : RequestComplete, RIL_SOCKET_1
11-25 19:05:00.875   202   635 E RILC    : Send Response to RIL_SOCKET_1
11-25 19:05:00.876  1240  1370 D RilRequest: [3767]< RIL_REQUEST_CDMA_SET_BROADCAST_CONFIG error: com.android.internal.telephony.CommandException: GENERIC_FAILURE ret=
11-25 19:05:00.879  1240  1258 D SubscriptionController: [getActiveSubInfoList]+
11-25 19:05:00.880  1240  1258 D SubscriptionController: selection:sim_id>=0 null
11-25 19:05:00.889  1240  1258 D TelephonyManager: getTelephonyProperty: return propVal='cn' phoneId=0 property='gsm.sim.operator.iso-country' defaultVal='' prop=cn
11-25 19:05:00.889  1240  1258 D SubscriptionController: [getSubInfoRecord] id:1 iccid:DUMMY_NV_ID simSlotIndex:0 displayName:CARD 1 nameSource:0 iconTint:-16746133 dataRoaming:0 mcc:460 mnc:1 countIso:cn status:1 nwMode:10
11-25 19:05:00.893  1240  1258 D SubscriptionController: [getActiveSubInfoList]- 1 infos return
11-25 19:05:00.896  1240  1795 D RILJ    : [3768]> RIL_REQUEST_GSM_SET_BROADCAST_CONFIG with 4 configs :  [SUB0]
11-25 19:05:00.896  1240  1795 D RILJ    : SmsBroadcastConfigInfo: Id [4352,4354] Code [0,255] ENABLED [SUB0]
11-25 19:05:00.896  1240  1795 D RILJ    : SmsBroadcastConfigInfo: Id [4356,4356] Code [0,255] ENABLED [SUB0]
11-25 19:05:00.896  1240  1795 D RILJ    : SmsBroadcastConfigInfo: Id [4371,4379] Code [0,255] ENABLED [SUB0]
11-25 19:05:00.896  1240  1795 D RILJ    : SmsBroadcastConfigInfo: Id [4370,4370] Code [0,255] ENABLED [SUB0]
11-25 19:05:01.052   202   344 I RILC    : RIL_SOCKET_1 UNSOLICITED: UNSOL_SIGNAL_STRENGTH length:60
11-25 19:05:01.052   202   344 E RILC    : Send Response to RIL_SOCKET_1
11-25 19:05:01.053  1240  1240 D DefaultPhoneNotifier: notifySignalStrength: mRegistry=com.android.internal.telephony.ITelephonyRegistry$Stub$Proxy@16d6354a ss=SignalStrength: 99 0 -120 -160 -120 -1 -1 20 -100 -6 300 2147483647 2147483647 gsm|lte sender=Handler (com.android.internal.telephony.gsm.GSMPhone) {30a2e54e}
11-25 19:05:01.097  1240  1703 D GsmCellBroadcastHandler: mWakeLock released
11-25 19:05:01.129   202   635 D RILC    : RequestComplete, RIL_SOCKET_1
11-25 19:05:01.129   202   635 E RILC    : Send Response to RIL_SOCKET_1
11-25 19:05:01.130  1240  1370 D RILJ    : [3768]< RIL_REQUEST_GSM_SET_BROADCAST_CONFIG  [SUB0]
11-25 19:05:01.131  1240  1795 D RILJ    : [3769]> RIL_REQUEST_GSM_BROADCAST_ACTIVATION [SUB0]
11-25 19:05:01.141   202   635 D RILC    : RequestComplete, RIL_SOCKET_1
11-25 19:05:01.141   202   635 E RILC    : Send Response to RIL_SOCKET_1
11-25 19:05:01.141  1240  1370 D RILJ    : [3769]< RIL_REQUEST_GSM_BROADCAST_ACTIVATION  [SUB0]
11-25 19:05:01.147  1240  1768 D SubscriptionController: [getActiveSubInfoList]+
11-25 19:05:01.148  1240  1768 D SubscriptionController: selection:sim_id>=0 null
11-25 19:05:01.152  1240  1768 D TelephonyManager: getTelephonyProperty: return propVal='cn' phoneId=0 property='gsm.sim.operator.iso-country' defaultVal='' prop=cn
11-25 19:05:01.152  1240  1768 D SubscriptionController: [getSubInfoRecord] id:1 iccid:DUMMY_NV_ID simSlotIndex:0 displayName:CARD 1 nameSource:0 iconTint:-16746133 dataRoaming:0 mcc:460 mnc:1 countIso:cn status:1 nwMode:10
11-25 19:05:01.158  1240  1768 D SubscriptionController: [getActiveSubInfoList]- 1 infos return
11-25 19:05:01.160  1240  1258 D RILJ    : [3770]> RIL_REQUEST_CDMA_SET_BROADCAST_CONFIG with 1 configs :  [SUB0]
11-25 19:05:01.160  1240  1258 D RILJ    : CdmaSmsBroadcastConfigInfo: Id [4096, 4096] ENABLED [SUB0]
11-25 19:05:01.170   202   635 D RILC    : RequestComplete, RIL_SOCKET_1
11-25 19:05:01.170   202   635 E RILC    : Send Response to RIL_SOCKET_1
11-25 19:05:01.170  1240  1370 D RilRequest: [3770]< RIL_REQUEST_CDMA_SET_BROADCAST_CONFIG error: com.android.internal.telephony.CommandException: GENERIC_FAILURE ret=
11-25 19:05:01.174  1240  1259 D SubscriptionController: [getActiveSubInfoList]+
11-25 19:05:01.175  1240  1259 D SubscriptionController: selection:sim_id>=0 null
11-25 19:05:01.179  1240  1259 D TelephonyManager: getTelephonyProperty: return propVal='cn' phoneId=0 property='gsm.sim.operator.iso-country' defaultVal='' prop=cn
11-25 19:05:01.180  1240  1259 D SubscriptionController: [getSubInfoRecord] id:1 iccid:DUMMY_NV_ID simSlotIndex:0 displayName:CARD 1 nameSource:0 iconTint:-16746133 dataRoaming:0 mcc:460 mnc:1 countIso:cn status:1 nwMode:10
11-25 19:05:01.183  1240  1259 D SubscriptionController: [getActiveSubInfoList]- 1 infos return
11-25 19:05:01.184  1240  1795 D RILJ    : [3771]> RIL_REQUEST_GSM_SET_BROADCAST_CONFIG with 4 configs :  [SUB0]
11-25 19:05:01.184  1240  1795 D RILJ    : SmsBroadcastConfigInfo: Id [4352,4354] Code [0,255] ENABLED [SUB0]
11-25 19:05:01.184  1240  1795 D RILJ    : SmsBroadcastConfigInfo: Id [4356,4356] Code [0,255] ENABLED [SUB0]
11-25 19:05:01.185  1240  1795 D RILJ    : SmsBroadcastConfigInfo: Id [4370,4379] Code [0,255] ENABLED [SUB0]
11-25 19:05:01.185  1240  1795 D RILJ    : SmsBroadcastConfigInfo: Id [4383,4383] Code [0,255] ENABLED [SUB0]
11-25 19:05:01.415   202   635 D RILC    : RequestComplete, RIL_SOCKET_1
11-25 19:05:01.415   202   635 E RILC    : Send Response to RIL_SOCKET_1
11-25 19:05:01.415  1240  1370 D RILJ    : [3771]< RIL_REQUEST_GSM_SET_BROADCAST_CONFIG  [SUB0]
11-25 19:05:01.416  1240  1795 D RILJ    : [3772]> RIL_REQUEST_GSM_BROADCAST_ACTIVATION [SUB0]
11-25 19:05:01.467   202   635 D RILC    : RequestComplete, RIL_SOCKET_1
11-25 19:05:01.467   202   635 E RILC    : Send Response to RIL_SOCKET_1
11-25 19:05:01.468  1240  1370 D RILJ    : [3772]< RIL_REQUEST_GSM_BROADCAST_ACTIVATION  [SUB0]
11-25 19:05:01.469  1240  1768 D SubscriptionController: [getActiveSubInfoList]+
11-25 19:05:01.470  1240  1768 D SubscriptionController: selection:sim_id>=0 null
11-25 19:05:01.474  1240  1768 D TelephonyManager: getTelephonyProperty: return propVal='cn' phoneId=0 property='gsm.sim.operator.iso-country' defaultVal='' prop=cn
11-25 19:05:01.474  1240  1768 D SubscriptionController: [getSubInfoRecord] id:1 iccid:DUMMY_NV_ID simSlotIndex:0 displayName:CARD 1 nameSource:0 iconTint:-16746133 dataRoaming:0 mcc:460 mnc:1 countIso:cn status:1 nwMode:10
11-25 19:05:01.478  1240  1768 D SubscriptionController: [getActiveSubInfoList]- 1 infos return
11-25 19:05:01.493  1709  1790 D TelephonyManager: getTelephonyProperty: return propVal='cn' phoneId=0 property='gsm.sim.operator.iso-country' defaultVal='' prop=cn
11-25 19:05:01.494  1709  1790 D TelephonyManager: getTelephonyProperty: return propVal='cn' phoneId=0 property='gsm.operator.iso-country' defaultVal='' prop=cn
11-25 19:05:01.497  1240  1795 D SubscriptionController: [getActiveSubInfoList]+
11-25 19:05:01.498  1240  1795 D SubscriptionController: selection:sim_id>=0 null
11-25 19:05:01.500  1240  1795 D TelephonyManager: getTelephonyProperty: return propVal='cn' phoneId=0 property='gsm.sim.operator.iso-country' defaultVal='' prop=cn
11-25 19:05:01.500  1240  1795 D SubscriptionController: [getSubInfoRecord] id:1 iccid:DUMMY_NV_ID simSlotIndex:0 displayName:CARD 1 nameSource:0 iconTint:-16746133 dataRoaming:0 mcc:460 mnc:1 countIso:cn status:1 nwMode:10
11-25 19:05:01.501  1240  1795 D SubscriptionController: [getActiveSubInfoList]- 1 infos return
11-25 19:05:01.503  1240  1768 D SubscriptionController: [getActiveSubInfoList]+
11-25 19:05:01.503  1240  1768 D SubscriptionController: selection:sim_id>=0 null
11-25 19:05:01.506  1240  1768 D TelephonyManager: getTelephonyProperty: return propVal='cn' phoneId=0 property='gsm.sim.operator.iso-country' defaultVal='' prop=cn
11-25 19:05:01.506  1240  1768 D SubscriptionController: [getSubInfoRecord] id:1 iccid:DUMMY_NV_ID simSlotIndex:0 displayName:CARD 1 nameSource:0 iconTint:-16746133 dataRoaming:0 mcc:460 mnc:1 countIso:cn status:1 nwMode:10
11-25 19:05:01.507  1240  1768 D SubscriptionController: [getActiveSubInfoList]- 1 infos return
11-25 19:05:01.509  1240  1795 D SubscriptionController: [getActiveSubInfoList]+
11-25 19:05:01.509  1240  1795 D SubscriptionController: selection:sim_id>=0 null
11-25 19:05:01.511  1240  1795 D TelephonyManager: getTelephonyProperty: return propVal='cn' phoneId=0 property='gsm.sim.operator.iso-country' defaultVal='' prop=cn
11-25 19:05:01.511  1240  1795 D SubscriptionController: [getSubInfoRecord] id:1 iccid:DUMMY_NV_ID simSlotIndex:0 displayName:CARD 1 nameSource:0 iconTint:-16746133 dataRoaming:0 mcc:460 mnc:1 countIso:cn status:1 nwMode:10
11-25 19:05:01.513  1240  1795 D SubscriptionController: [getActiveSubInfoList]- 1 infos return
11-25 19:05:01.521  1240  1768 D SubscriptionController: [getActiveSubInfoList]+
11-25 19:05:01.521  1240  1768 D SubscriptionController: selection:sim_id>=0 null
11-25 19:05:01.523  1240  1768 D TelephonyManager: getTelephonyProperty: return propVal='cn' phoneId=0 property='gsm.sim.operator.iso-country' defaultVal='' prop=cn
11-25 19:05:01.523  1240  1768 D SubscriptionController: [getSubInfoRecord] id:1 iccid:DUMMY_NV_ID simSlotIndex:0 displayName:CARD 1 nameSource:0 iconTint:-16746133 dataRoaming:0 mcc:460 mnc:1 countIso:cn status:1 nwMode:10
11-25 19:05:01.524  1240  1768 D SubscriptionController: [getActiveSubInfoList]- 1 infos return
11-25 19:05:01.701   202   344 I RILC    : RIL_SOCKET_1 UNSOLICITED: UNSOL_STK_PROACTIVE_COMMAND length:676
11-25 19:05:01.701   202   344 E RILC    : Send Response to RIL_SOCKET_1
11-25 19:05:01.701  1240  1370 D RILJ    : [UNSL]< UNSOL_STK_PROACTIVE_COMMAND [SUB0]
11-25 19:05:01.701  1240  1240 D CAT     : CatService: handleMessage[2]
11-25 19:05:01.701  1240  1240 D CAT     : CatService: ril message arrived,slotid:0
11-25 19:05:01.703  1240  1624 D CAT     : CommandParamsFactory: process SelectItem
11-25 19:05:01.705  1240  1240 D CAT     : CatService: handleMessage[9]
11-25 19:05:01.705  1240  1240 D CAT     : CatService: SET_UP_MENU
11-25 19:05:01.706  1240  1240 D CAT     : CatService: encodeOptionalTags() Unsupported Cmd details=CmdDetails: compRequired=true commandNumber=1 typeOfCommand=37 commandQualifier=0
11-25 19:05:01.706  1240  1240 D RILJ    : [3773]> REQUEST_STK_SEND_TERMINAL_RESPONSE [SUB0]
11-25 19:05:01.707  1240  1240 D CAT     : CatService: Sending CmdMsg: com.android.internal.telephony.cat.CatCmdMessage@21f1ae88 on slotid:0
11-25 19:05:01.716   202   338 D RILC    : RequestComplete, RIL_SOCKET_1
11-25 19:05:01.716   202   338 E RILC    : Send Response to RIL_SOCKET_1
11-25 19:05:01.716  1240  1370 D RILJ    : [3773]< REQUEST_STK_SEND_TERMINAL_RESPONSE  [SUB0]
11-25 19:05:01.730   202   344 I RILC    : RIL_SOCKET_1 UNSOLICITED: UNSOL_STK_PROACTIVE_COMMAND length:216
11-25 19:05:01.731   202   344 E RILC    : Send Response to RIL_SOCKET_1
11-25 19:05:01.731  1240  1370 D RILJ    : [UNSL]< UNSOL_STK_PROACTIVE_COMMAND [SUB0]
11-25 19:05:01.741  1240  1240 D CAT     : CatService: handleMessage[2]
11-25 19:05:01.741  1240  1240 D CAT     : CatService: ril message arrived,slotid:0
11-25 19:05:01.742  1240  1624 D CAT     : CommandParamsFactory: process DisplayText
11-25 19:05:01.743  1240  1240 D CAT     : CatService: handleMessage[9]
11-25 19:05:01.743  1240  1240 D CAT     : CatService: DISPLAY_TEXT
11-25 19:05:01.743  1240  1240 D CAT     : CatService: Sending CmdMsg: com.android.internal.telephony.cat.CatCmdMessage@1c44f021 on slotid:0
11-25 19:05:01.754  1240  1240 D CAT     : StkAppService: CatService instance for subscription 0 is : Handler (com.android.internal.telephony.cat.CatService) {4372b34}
11-25 19:05:01.754  1240  1240 D CAT     : StkAppService: 1called on slot:0
11-25 19:05:01.756  1240  1240 D CAT     : StkAppService: 1called on slot:0
11-25 19:05:01.757  1240  1902 D CAT     : StkAppService$ServiceHandler: SET_UP_MENU
11-25 19:05:01.757  1240  1902 D CAT     : StkAppService$ServiceHandler: Install App
11-25 19:05:01.765  1240  1902 D CAT     : StkAppService$ServiceHandler: DISPLAY_TEXT
11-25 19:05:02.816   202   344 I RILC    : RIL_SOCKET_1 UNSOLICITED: UNSOL_STK_PROACTIVE_COMMAND length:216
11-25 19:05:02.816   202   344 E RILC    : Send Response to RIL_SOCKET_1
11-25 19:05:02.816  1240  1370 D RILJ    : [UNSL]< UNSOL_STK_PROACTIVE_COMMAND [SUB0]
11-25 19:05:02.816  1240  1240 D CAT     : CatService: handleMessage[2]
11-25 19:05:02.817  1240  1240 D CAT     : CatService: ril message arrived,slotid:0
11-25 19:05:02.817  1240  1624 D CAT     : CommandParamsFactory: process DisplayText
11-25 19:05:02.817  1240  1240 D CAT     : CatService: handleMessage[9]
11-25 19:05:02.817  1240  1240 D CAT     : CatService: DISPLAY_TEXT
11-25 19:05:02.817  1240  1240 D CAT     : CatService: Sending CmdMsg: com.android.internal.telephony.cat.CatCmdMessage@bb1c9b8 on slotid:0
11-25 19:05:02.820  1240  1240 D CAT     : StkAppService: 1called on slot:0
11-25 19:05:02.902   784   804 D TelephonyManager: getTelephonyProperty: return propVal='cn' phoneId=0 property='gsm.operator.iso-country' defaultVal='' prop=cn
11-25 19:05:02.920   784   804 D TelephonyManager: getTelephonyProperty: return propVal='cn' phoneId=0 property='gsm.operator.iso-country' defaultVal='' prop=cn
11-25 19:05:02.992  2037  2037 D TelephonyManager: getTelephonyProperty: return propVal='false' phoneId=0 property='gsm.operator.isroaming' defaultVal='null' prop=false
11-25 19:05:03.033   784  1178 D TelephonyManager: getTelephonyProperty: return propVal='cn' phoneId=0 property='gsm.operator.iso-country' defaultVal='' prop=cn
11-25 19:05:03.337   784   910 D TelephonyManager: getTelephonyProperty: return propVal='cn' phoneId=0 property='gsm.operator.iso-country' defaultVal='' prop=cn
11-25 19:05:04.009  1240  1240 D CAT     : com.android.stk.BootCompletedReceiver: [ACTION_BOOT_COMPLETED]
11-25 19:05:04.010  1240  1240 D CAT     : StkAppService: 5called on slot:0
11-25 19:05:04.011  1240  1902 D CAT     : StkAppService$ServiceHandler: OP_BOOT_COMPLETED
11-25 19:05:04.342   202   344 I RILC    : RIL_SOCKET_1 UNSOLICITED: UNSOL_SIGNAL_STRENGTH length:60
11-25 19:05:04.342   202   344 E RILC    : Send Response to RIL_SOCKET_1
11-25 19:05:04.342  1240  1240 D DefaultPhoneNotifier: notifySignalStrength: mRegistry=com.android.internal.telephony.ITelephonyRegistry$Stub$Proxy@16d6354a ss=SignalStrength: 99 0 -120 -160 -120 -1 -1 20 -100 -6 300 2147483647 2147483647 gsm|lte sender=Handler (com.android.internal.telephony.gsm.GSMPhone) {30a2e54e}
11-25 19:05:07.806   202   344 I RILC    : RIL_SOCKET_1 UNSOLICITED: UNSOL_SIGNAL_STRENGTH length:60
11-25 19:05:07.806   202   344 E RILC    : Send Response to RIL_SOCKET_1
11-25 19:05:07.808  1240  1240 D DefaultPhoneNotifier: notifySignalStrength: mRegistry=com.android.internal.telephony.ITelephonyRegistry$Stub$Proxy@16d6354a ss=SignalStrength: 99 0 -120 -160 -120 -1 -1 20 -100 -6 300 2147483647 2147483647 gsm|lte sender=Handler (com.android.internal.telephony.gsm.GSMPhone) {30a2e54e}
11-25 19:05:07.924  1240  1537 D DctController: handleMessage msg={ when=-5ms what=3 obj=com.android.internal.os.SomeArgs@22792391 target=com.android.internal.telephony.dataconnection.DctController }
11-25 19:05:07.924  1240  1537 D DctController: EVENT_DELAYED_RETRY
11-25 19:05:07.924  1240  1537 D DctController:  Retry, switchInfo = SwitchInfo[phoneId = 0, NetworkRequest =null, isDefaultSwitchRequested = true, isOnDemandPsAttachRequested = false, RetryCount = 1
11-25 19:05:07.924  1240  1537 D GsmDCT  : [0]setDataAllowed: enable=true
11-25 19:05:07.924  1240  1537 D RILJ    : [3774]> RIL_REQUEST_ALLOW_DATA true [SUB0]
11-25 19:05:07.926   202   338 D RILC    : RequestComplete, RIL_SOCKET_1
11-25 19:05:07.926   202   338 E RILC    : Send Response to RIL_SOCKET_1
11-25 19:05:07.926  1240  1370 D RilRequest: [3774]< RIL_REQUEST_ALLOW_DATA error: com.android.internal.telephony.CommandException: REQUEST_NOT_SUPPORTED ret=
11-25 19:05:07.927  1240  1537 D DctController: handleMessage msg={ when=-1ms what=2 obj=android.os.AsyncResult@299082f6 target=com.android.internal.telephony.dataconnection.DctController }
11-25 19:05:07.927  1240  1537 D DctController: EVENT_SET_DATA_ALLOWED_DONE  phoneId :1, switchInfo = SwitchInfo[phoneId = 0, NetworkRequest =null, isDefaultSwitchRequested = true, isOnDemandPsAttachRequested = false, RetryCount = 1
11-25 19:05:07.927  1240  1537 D DctController: Failed, switchInfo = SwitchInfo[phoneId = 0, NetworkRequest =null, isDefaultSwitchRequested = true, isOnDemandPsAttachRequested = false, RetryCount = 1 attempt delayed retry
11-25 19:05:08.105  1240  1537 D DctController: handleMessage msg={ when=-1ms what=3 obj=com.android.internal.os.SomeArgs@3ab2e6f7 target=com.android.internal.telephony.dataconnection.DctController }
11-25 19:05:08.105  1240  1537 D DctController: EVENT_DELAYED_RETRY
11-25 19:05:08.105  1240  1537 D DctController:  Retry, switchInfo = SwitchInfo[phoneId = 0, NetworkRequest =null, isDefaultSwitchRequested = true, isOnDemandPsAttachRequested = false, RetryCount = 1
11-25 19:05:08.105  1240  1537 D GsmDCT  : [0]setDataAllowed: enable=true
11-25 19:05:08.105  1240  1537 D RILJ    : [3775]> RIL_REQUEST_ALLOW_DATA true [SUB0]
11-25 19:05:08.113   202   338 D RILC    : RequestComplete, RIL_SOCKET_1
11-25 19:05:08.113   202   338 E RILC    : Send Response to RIL_SOCKET_1
11-25 19:05:08.114  1240  1370 D RilRequest: [3775]< RIL_REQUEST_ALLOW_DATA error: com.android.internal.telephony.CommandException: REQUEST_NOT_SUPPORTED ret=
11-25 19:05:08.118  1240  1537 D DctController: handleMessage msg={ when=-4ms what=2 obj=android.os.AsyncResult@1a95c964 target=com.android.internal.telephony.dataconnection.DctController }
11-25 19:05:08.118  1240  1537 D DctController: EVENT_SET_DATA_ALLOWED_DONE  phoneId :1, switchInfo = SwitchInfo[phoneId = 0, NetworkRequest =null, isDefaultSwitchRequested = true, isOnDemandPsAttachRequested = false, RetryCount = 1
11-25 19:05:08.119  1240  1537 D DctController: Failed, switchInfo = SwitchInfo[phoneId = 0, NetworkRequest =null, isDefaultSwitchRequested = true, isOnDemandPsAttachRequested = false, RetryCount = 1 attempt delayed retry
11-25 19:05:08.280   202   338 I RILC    : RIL_SOCKET_1 UNSOLICITED: UNSOL_RESPONSE_VOICE_NETWORK_STATE_CHANGED length:8
11-25 19:05:08.280   202   338 E RILC    : Send Response to RIL_SOCKET_1
11-25 19:05:08.281  1240  1370 D RILJ    : [UNSL]< UNSOL_RESPONSE_VOICE_NETWORK_STATE_CHANGED [SUB0]
11-25 19:05:08.281  1240  1240 D RILJ    : [3776]> OPERATOR [SUB0]
11-25 19:05:08.282  1240  1240 D RILJ    : [3777]> DATA_REGISTRATION_STATE [SUB0]
11-25 19:05:08.283  1240  1240 D RILJ    : [3778]> VOICE_REGISTRATION_STATE [SUB0]
11-25 19:05:08.284  1240  1240 D RILJ    : [3779]> QUERY_NETWORK_SELECTION_MODE [SUB0]
11-25 19:05:08.286   202  2302 D RILC    : RequestComplete, RIL_SOCKET_1
11-25 19:05:08.286   202  2302 E RILC    : Send Response to RIL_SOCKET_1
11-25 19:05:08.286  1240  1370 D RILJ    : [3779]< QUERY_NETWORK_SELECTION_MODE {0} [SUB0]
11-25 19:05:08.287   202  2301 D RILC    : RequestComplete, RIL_SOCKET_1
11-25 19:05:08.287   202  2301 E RILC    : Send Response to RIL_SOCKET_1
11-25 19:05:08.288  1240  1370 D RILJ    : [3778]< VOICE_REGISTRATION_STATE {1, 101d, 002cb31f, 14, null, null, null, 0, null, null, 1, null, null, 0, null} [SUB0]
11-25 19:05:08.288  1240  1240 D PHONE   : [ServiceState] setVoiceRegState=0
11-25 19:05:08.288  1240  1240 E PHONE   : [ServiceState] setState deprecated use setVoiceRegState()
11-25 19:05:08.289   202  2299 D RILC    : RequestComplete, RIL_SOCKET_1
11-25 19:05:08.289   202  2299 E RILC    : Send Response to RIL_SOCKET_1
11-25 19:05:08.290  1240  1370 D RILJ    : [3776]< OPERATOR {, , 46001} [SUB0]
11-25 19:05:08.290  1240  1240 D GsmSST  : [GsmSST] EVENT_POLL_STATE_OPERATOR: use value from ril
11-25 19:05:08.290  1240  1240 D GsmSST  : [GsmSST] EVENT_POLL_STATE_OPERATOR: 
11-25 19:05:08.292   202  2300 D RILC    : RequestComplete, RIL_SOCKET_1
11-25 19:05:08.292   202  2300 E RILC    : Send Response to RIL_SOCKET_1
11-25 19:05:08.292  1240  1370 D RILJ    : [3777]< DATA_REGISTRATION_STATE {1, null, 002cb31f, 14, null, 20, 4125, 446, 2929439, null, null} [SUB0]
11-25 19:05:08.293  1240  1240 D PHONE   : [ServiceState] setDataRegState=0
11-25 19:05:08.293  1240  1240 D PHONE   : [ServiceState] setDataRadioTechnology=14
11-25 19:05:08.293  1240  1240 D GsmSST  : [GsmSST] handlPollStateResultMessage: GsmSST setDataRegState=0 regState=1 dataRadioTechnology=14
11-25 19:05:08.293  1240  1240 D GsmSST  : [GsmSST] Poll ServiceState done:  oldSS=[0 0 voice home data home   46001   46001  LTE LTE CSS not supported -1 -1 RoamInd=-1 DefRoamInd=-1 EmergOnly=false] newSS=[0 0 voice home data home   46001   46001  LTE LTE CSS not supported -1 -1 RoamInd=-1 DefRoamInd=-1 EmergOnly=false] oldMaxDataCalls=20 mNewMaxDataCalls=20 oldReasonDataDenied=-1 mNewReasonDataDenied=-1
11-25 19:05:08.293  1240  1240 D PHONE   : [ServiceState] setNullState=1
11-25 19:05:10.044   202   344 I RILC    : RIL_SOCKET_1 UNSOLICITED: UNSOL_SIGNAL_STRENGTH length:60
11-25 19:05:10.045   202   344 E RILC    : Send Response to RIL_SOCKET_1
11-25 19:05:10.046  1240  1240 D DefaultPhoneNotifier: notifySignalStrength: mRegistry=com.android.internal.telephony.ITelephonyRegistry$Stub$Proxy@16d6354a ss=SignalStrength: 99 0 -120 -160 -120 -1 -1 22 -95 -6 300 2147483647 2147483647 gsm|lte sender=Handler (com.android.internal.telephony.gsm.GSMPhone) {30a2e54e}
11-25 19:05:14.526   202   344 I RILC    : RIL_SOCKET_1 UNSOLICITED: UNSOL_SIGNAL_STRENGTH length:60
11-25 19:05:14.526   202   344 E RILC    : Send Response to RIL_SOCKET_1
11-25 19:05:14.528  1240  1240 D DefaultPhoneNotifier: notifySignalStrength: mRegistry=com.android.internal.telephony.ITelephonyRegistry$Stub$Proxy@16d6354a ss=SignalStrength: 99 0 -120 -160 -120 -1 -1 21 -97 -6 300 2147483647 2147483647 gsm|lte sender=Handler (com.android.internal.telephony.gsm.GSMPhone) {30a2e54e}
11-25 19:05:16.765   202   344 I RILC    : RIL_SOCKET_1 UNSOLICITED: UNSOL_SIGNAL_STRENGTH length:60
11-25 19:05:16.765   202   344 E RILC    : Send Response to RIL_SOCKET_1
11-25 19:05:16.767  1240  1240 D DefaultPhoneNotifier: notifySignalStrength: mRegistry=com.android.internal.telephony.ITelephonyRegistry$Stub$Proxy@16d6354a ss=SignalStrength: 99 0 -120 -160 -120 -1 -1 21 -98 -6 300 2147483647 2147483647 gsm|lte sender=Handler (com.android.internal.telephony.gsm.GSMPhone) {30a2e54e}
11-25 19:05:17.131  1240  1240 D CAT     : StkAppService: 2called on slot:0
11-25 19:05:17.133  1240  1902 D CAT     : StkAppService$ServiceHandler: RES_ID_TIMEOUT
11-25 19:05:17.133  1240  1902 D CAT     : StkAppService$ServiceHandler: CmdResponse sent on0
11-25 19:05:17.133  1240  1902 D CAT     : StkAppService$ServiceHandler: DISPLAY_TEXT
11-25 19:05:17.161  1240  1240 D CAT     : CatService: handleMessage[6]
11-25 19:05:17.161  1240  1240 D CAT     : CatService: isResponse for last valid cmd: true
11-25 19:05:17.161  1240  1240 D CAT     : CatService: encodeOptionalTags() Unsupported Cmd details=CmdDetails: compRequired=true commandNumber=1 typeOfCommand=33 commandQualifier=1
11-25 19:05:17.161  1240  1240 D RILJ    : [3780]> REQUEST_STK_SEND_TERMINAL_RESPONSE [SUB0]
11-25 19:05:17.175   202   338 D RILC    : RequestComplete, RIL_SOCKET_1
11-25 19:05:17.175   202   338 E RILC    : Send Response to RIL_SOCKET_1
11-25 19:05:17.175  1240  1370 D RILJ    : [3780]< REQUEST_STK_SEND_TERMINAL_RESPONSE  [SUB0]
11-25 19:05:17.176   202   344 I RILC    : RIL_SOCKET_1 UNSOLICITED: UNSOL_STK_SESSION_END length:8
11-25 19:05:17.176   202   344 E RILC    : Send Response to RIL_SOCKET_1
11-25 19:05:17.176  1240  1370 D RILJ    : [UNSL]< UNSOL_STK_SESSION_END [SUB0]
11-25 19:05:17.181  1240  1240 D CAT     : CatService: handleMessage[1]
11-25 19:05:17.182  1240  1240 D CAT     : CatService: ril message arrived,slotid:0
11-25 19:05:17.182  1240  1240 D CAT     : CatService: handleMessage[9]
11-25 19:05:17.182  1240  1240 D CAT     : CatService: SESSION END on 0
11-25 19:05:17.188  1240  1240 D CAT     : StkAppService: 4called on slot:0
11-25 19:05:17.775  1240  1240 E CdmaSST : [CdmaLteSST] Received message { when=-1ms what=10 target=com.android.internal.telephony.cdma.CdmaLteServiceStateTracker }[10] while being destroyed. Ignoring.
11-25 19:05:17.935  1240  1537 D DctController: handleMessage msg={ when=-7ms what=3 obj=com.android.internal.os.SomeArgs@22792391 target=com.android.internal.telephony.dataconnection.DctController }
11-25 19:05:17.935  1240  1537 D DctController: EVENT_DELAYED_RETRY
11-25 19:05:17.935  1240  1537 D DctController:  Retry, switchInfo = SwitchInfo[phoneId = 0, NetworkRequest =null, isDefaultSwitchRequested = true, isOnDemandPsAttachRequested = false, RetryCount = 2
11-25 19:05:17.935  1240  1537 D GsmDCT  : [0]setDataAllowed: enable=true
11-25 19:05:17.935  1240  1537 D RILJ    : [3781]> RIL_REQUEST_ALLOW_DATA true [SUB0]
11-25 19:05:17.936   202   338 D RILC    : RequestComplete, RIL_SOCKET_1
11-25 19:05:17.936   202   338 E RILC    : Send Response to RIL_SOCKET_1
11-25 19:05:17.936  1240  1370 D RilRequest: [3781]< RIL_REQUEST_ALLOW_DATA error: com.android.internal.telephony.CommandException: REQUEST_NOT_SUPPORTED ret=
11-25 19:05:17.936  1240  1537 D DctController: handleMessage msg={ when=-1ms what=2 obj=android.os.AsyncResult@2c6e4a0b target=com.android.internal.telephony.dataconnection.DctController }
11-25 19:05:17.936  1240  1537 D DctController: EVENT_SET_DATA_ALLOWED_DONE  phoneId :1, switchInfo = SwitchInfo[phoneId = 0, NetworkRequest =null, isDefaultSwitchRequested = true, isOnDemandPsAttachRequested = false, RetryCount = 2
11-25 19:05:17.936  1240  1537 D DctController: Failed, switchInfo = SwitchInfo[phoneId = 0, NetworkRequest =null, isDefaultSwitchRequested = true, isOnDemandPsAttachRequested = false, RetryCount = 2 attempt delayed retry
11-25 19:05:18.119  1240  1537 D DctController: handleMessage msg={ when=0 what=3 obj=com.android.internal.os.SomeArgs@3ab2e6f7 target=com.android.internal.telephony.dataconnection.DctController }
11-25 19:05:18.119  1240  1537 D DctController: EVENT_DELAYED_RETRY
11-25 19:05:18.119  1240  1537 D DctController:  Retry, switchInfo = SwitchInfo[phoneId = 0, NetworkRequest =null, isDefaultSwitchRequested = true, isOnDemandPsAttachRequested = false, RetryCount = 2
11-25 19:05:18.119  1240  1537 D GsmDCT  : [0]setDataAllowed: enable=true
11-25 19:05:18.119  1240  1537 D RILJ    : [3782]> RIL_REQUEST_ALLOW_DATA true [SUB0]
11-25 19:05:18.120   202   338 D RILC    : RequestComplete, RIL_SOCKET_1
11-25 19:05:18.120   202   338 E RILC    : Send Response to RIL_SOCKET_1
11-25 19:05:18.120  1240  1370 D RilRequest: [3782]< RIL_REQUEST_ALLOW_DATA error: com.android.internal.telephony.CommandException: REQUEST_NOT_SUPPORTED ret=
11-25 19:05:18.121  1240  1537 D DctController: handleMessage msg={ when=0 what=2 obj=android.os.AsyncResult@150710e8 target=com.android.internal.telephony.dataconnection.DctController }
11-25 19:05:18.121  1240  1537 D DctController: EVENT_SET_DATA_ALLOWED_DONE  phoneId :1, switchInfo = SwitchInfo[phoneId = 0, NetworkRequest =null, isDefaultSwitchRequested = true, isOnDemandPsAttachRequested = false, RetryCount = 2
11-25 19:05:18.121  1240  1537 D DctController: Failed, switchInfo = SwitchInfo[phoneId = 0, NetworkRequest =null, isDefaultSwitchRequested = true, isOnDemandPsAttachRequested = false, RetryCount = 2 attempt delayed retry
11-25 19:05:18.275  1240  1240 D RILJ    : [3783]> SIGNAL_STRENGTH [SUB0]
11-25 19:05:18.276   202  2383 D RILC    : RequestComplete, RIL_SOCKET_1
11-25 19:05:18.276   202  2383 E RILC    : Send Response to RIL_SOCKET_1
11-25 19:05:18.276  1240  1370 D RILJ    : [3783]< SIGNAL_STRENGTH SignalStrength: 99 0 -1 -1 -1 -1 -1 21 98 6 300 2147483647 2147483647 gsm|lte [SUB0]
11-25 19:05:18.277  1240  1240 D DefaultPhoneNotifier: notifySignalStrength: mRegistry=com.android.internal.telephony.ITelephonyRegistry$Stub$Proxy@16d6354a ss=SignalStrength: 99 0 -120 -160 -120 -1 -1 21 -98 -6 300 2147483647 2147483647 gsm|lte sender=Handler (com.android.internal.telephony.gsm.GSMPhone) {30a2e54e}
11-25 19:05:18.606  1240  1258 D GsmDCT  : [0]fetchDunApn: net.tethering.noprovisioning=true ret: null
11-25 19:05:18.606  1240  1258 D GsmDCT  : [0]hasMatchedTetherApnSetting: APN=null
11-25 19:05:19.001   202   344 I RILC    : RIL_SOCKET_1 UNSOLICITED: UNSOL_SIGNAL_STRENGTH length:60
11-25 19:05:19.001   202   344 E RILC    : Send Response to RIL_SOCKET_1
11-25 19:05:19.002  1240  1240 D DefaultPhoneNotifier: notifySignalStrength: mRegistry=com.android.internal.telephony.ITelephonyRegistry$Stub$Proxy@16d6354a ss=SignalStrength: 99 0 -120 -160 -120 -1 -1 21 -98 -5 300 2147483647 2147483647 gsm|lte sender=Handler (com.android.internal.telephony.gsm.GSMPhone) {30a2e54e}
11-25 19:05:19.658  1240  1240 D CAT     : StkAppService: 2called on slot:0
11-25 19:05:19.658  1240  1902 D CAT     : StkAppService$ServiceHandler: RES_ID_CONFIRM
11-25 19:05:19.658  1240  1902 D CAT     : StkAppService$ServiceHandler: CmdResponse sent on0
11-25 19:05:19.673  1240  1240 D CAT     : CatService: handleMessage[6]
11-25 19:05:19.673  1240  1240 D CAT     : CatService: isResponse for last valid cmd: false
11-25 19:05:24.832   202   344 I RILC    : RIL_SOCKET_1 UNSOLICITED: UNSOL_SIGNAL_STRENGTH length:60
11-25 19:05:24.832   202   344 E RILC    : Send Response to RIL_SOCKET_1
11-25 19:05:24.834  1240  1240 D DefaultPhoneNotifier: notifySignalStrength: mRegistry=com.android.internal.telephony.ITelephonyRegistry$Stub$Proxy@16d6354a ss=SignalStrength: 99 0 -120 -160 -120 -1 -1 21 -97 -7 300 2147483647 2147483647 gsm|lte sender=Handler (com.android.internal.telephony.gsm.GSMPhone) {30a2e54e}
11-25 19:05:26.128   202   344 I RILC    : RIL_SOCKET_1 UNSOLICITED: UNSOL_SIGNAL_STRENGTH length:60
11-25 19:05:26.128   202   344 E RILC    : Send Response to RIL_SOCKET_1
11-25 19:05:26.130  1240  1240 D DefaultPhoneNotifier: notifySignalStrength: mRegistry=com.android.internal.telephony.ITelephonyRegistry$Stub$Proxy@16d6354a ss=SignalStrength: 99 0 -120 -160 -120 -1 -1 21 -98 -6 300 2147483647 2147483647 gsm|lte sender=Handler (com.android.internal.telephony.gsm.GSMPhone) {30a2e54e}
11-25 19:05:27.940  1240  1537 D DctController: handleMessage msg={ when=-4ms what=3 obj=com.android.internal.os.SomeArgs@22792391 target=com.android.internal.telephony.dataconnection.DctController }
11-25 19:05:27.940  1240  1537 D DctController: EVENT_DELAYED_RETRY
11-25 19:05:27.940  1240  1537 D DctController:  Retry, switchInfo = SwitchInfo[phoneId = 0, NetworkRequest =null, isDefaultSwitchRequested = true, isOnDemandPsAttachRequested = false, RetryCount = 3
11-25 19:05:27.940  1240  1537 D GsmDCT  : [0]setDataAllowed: enable=true
11-25 19:05:27.940  1240  1537 D RILJ    : [3784]> RIL_REQUEST_ALLOW_DATA true [SUB0]
11-25 19:05:27.941   202   338 D RILC    : RequestComplete, RIL_SOCKET_1
11-25 19:05:27.941   202   338 E RILC    : Send Response to RIL_SOCKET_1
11-25 19:05:27.941  1240  1370 D RilRequest: [3784]< RIL_REQUEST_ALLOW_DATA error: com.android.internal.telephony.CommandException: REQUEST_NOT_SUPPORTED ret=
11-25 19:05:27.942  1240  1537 D DctController: handleMessage msg={ when=0 what=2 obj=android.os.AsyncResult@2a53ef83 target=com.android.internal.telephony.dataconnection.DctController }
11-25 19:05:27.942  1240  1537 D DctController: EVENT_SET_DATA_ALLOWED_DONE  phoneId :1, switchInfo = SwitchInfo[phoneId = 0, NetworkRequest =null, isDefaultSwitchRequested = true, isOnDemandPsAttachRequested = false, RetryCount = 3
11-25 19:05:27.942  1240  1537 D DctController: Failed, switchInfo = SwitchInfo[phoneId = 0, NetworkRequest =null, isDefaultSwitchRequested = true, isOnDemandPsAttachRequested = false, RetryCount = 3 attempt delayed retry
11-25 19:05:28.121  1240  1537 D DctController: handleMessage msg={ when=-1ms what=3 obj=com.android.internal.os.SomeArgs@3ab2e6f7 target=com.android.internal.telephony.dataconnection.DctController }
11-25 19:05:28.121  1240  1537 D DctController: EVENT_DELAYED_RETRY
11-25 19:05:28.121  1240  1537 D DctController:  Retry, switchInfo = SwitchInfo[phoneId = 0, NetworkRequest =null, isDefaultSwitchRequested = true, isOnDemandPsAttachRequested = false, RetryCount = 3
11-25 19:05:28.121  1240  1537 D GsmDCT  : [0]setDataAllowed: enable=true
11-25 19:05:28.121  1240  1537 D RILJ    : [3785]> RIL_REQUEST_ALLOW_DATA true [SUB0]
11-25 19:05:28.122   202   338 D RILC    : RequestComplete, RIL_SOCKET_1
11-25 19:05:28.122   202   338 E RILC    : Send Response to RIL_SOCKET_1
11-25 19:05:28.122  1240  1370 D RilRequest: [3785]< RIL_REQUEST_ALLOW_DATA error: com.android.internal.telephony.CommandException: REQUEST_NOT_SUPPORTED ret=
11-25 19:05:28.123  1240  1537 D DctController: handleMessage msg={ when=0 what=2 obj=android.os.AsyncResult@1b091500 target=com.android.internal.telephony.dataconnection.DctController }
11-25 19:05:28.123  1240  1537 D DctController: EVENT_SET_DATA_ALLOWED_DONE  phoneId :1, switchInfo = SwitchInfo[phoneId = 0, NetworkRequest =null, isDefaultSwitchRequested = true, isOnDemandPsAttachRequested = false, RetryCount = 3
11-25 19:05:28.123  1240  1537 D DctController: Failed, switchInfo = SwitchInfo[phoneId = 0, NetworkRequest =null, isDefaultSwitchRequested = true, isOnDemandPsAttachRequested = false, RetryCount = 3 attempt delayed retry
11-25 19:05:29.972   202   344 I RILC    : RIL_SOCKET_1 UNSOLICITED: UNSOL_SIGNAL_STRENGTH length:60
11-25 19:05:29.973   202   344 E RILC    : Send Response to RIL_SOCKET_1
11-25 19:05:29.975  1240  1240 D DefaultPhoneNotifier: notifySignalStrength: mRegistry=com.android.internal.telephony.ITelephonyRegistry$Stub$Proxy@16d6354a ss=SignalStrength: 99 0 -120 -160 -120 -1 -1 22 -97 -7 300 2147483647 2147483647 gsm|lte sender=Handler (com.android.internal.telephony.gsm.GSMPhone) {30a2e54e}
11-25 19:05:33.807   202   344 I RILC    : RIL_SOCKET_1 UNSOLICITED: UNSOL_SIGNAL_STRENGTH length:60
11-25 19:05:33.807   202   344 E RILC    : Send Response to RIL_SOCKET_1
11-25 19:05:33.809  1240  1240 D DefaultPhoneNotifier: notifySignalStrength: mRegistry=com.android.internal.telephony.ITelephonyRegistry$Stub$Proxy@16d6354a ss=SignalStrength: 99 0 -120 -160 -120 -1 -1 20 -97 -5 300 2147483647 2147483647 gsm|lte sender=Handler (com.android.internal.telephony.gsm.GSMPhone) {30a2e54e}
11-25 19:05:37.640   202   344 I RILC    : RIL_SOCKET_1 UNSOLICITED: UNSOL_SIGNAL_STRENGTH length:60
11-25 19:05:37.640   202   344 E RILC    : Send Response to RIL_SOCKET_1
11-25 19:05:37.641  1240  1240 D DefaultPhoneNotifier: notifySignalStrength: mRegistry=com.android.internal.telephony.ITelephonyRegistry$Stub$Proxy@16d6354a ss=SignalStrength: 99 0 -120 -160 -120 -1 -1 21 -97 -7 300 2147483647 2147483647 gsm|lte sender=Handler (com.android.internal.telephony.gsm.GSMPhone) {30a2e54e}
11-25 19:05:37.950  1240  1537 D DctController: handleMessage msg={ when=-9ms what=3 obj=com.android.internal.os.SomeArgs@22792391 target=com.android.internal.telephony.dataconnection.DctController }
11-25 19:05:37.950  1240  1537 D DctController: EVENT_DELAYED_RETRY
11-25 19:05:37.950  1240  1537 D DctController:  Retry, switchInfo = SwitchInfo[phoneId = 0, NetworkRequest =null, isDefaultSwitchRequested = true, isOnDemandPsAttachRequested = false, RetryCount = 4
11-25 19:05:37.950  1240  1537 D GsmDCT  : [0]setDataAllowed: enable=true
11-25 19:05:37.951  1240  1537 D RILJ    : [3786]> RIL_REQUEST_ALLOW_DATA true [SUB0]
11-25 19:05:37.952   202   338 D RILC    : RequestComplete, RIL_SOCKET_1
11-25 19:05:37.952   202   338 E RILC    : Send Response to RIL_SOCKET_1
11-25 19:05:37.952  1240  1370 D RilRequest: [3786]< RIL_REQUEST_ALLOW_DATA error: com.android.internal.telephony.CommandException: REQUEST_NOT_SUPPORTED ret=
11-25 19:05:37.952  1240  1537 D DctController: handleMessage msg={ when=0 what=2 obj=android.os.AsyncResult@5442139 target=com.android.internal.telephony.dataconnection.DctController }
11-25 19:05:37.952  1240  1537 D DctController: EVENT_SET_DATA_ALLOWED_DONE  phoneId :1, switchInfo = SwitchInfo[phoneId = 0, NetworkRequest =null, isDefaultSwitchRequested = true, isOnDemandPsAttachRequested = false, RetryCount = 4
11-25 19:05:37.952  1240  1537 D DctController: Failed, switchInfo = SwitchInfo[phoneId = 0, NetworkRequest =null, isDefaultSwitchRequested = true, isOnDemandPsAttachRequested = false, RetryCount = 4 attempt delayed retry
11-25 19:05:38.122  1240  1537 D DctController: handleMessage msg={ when=0 what=3 obj=com.android.internal.os.SomeArgs@3ab2e6f7 target=com.android.internal.telephony.dataconnection.DctController }
11-25 19:05:38.122  1240  1537 D DctController: EVENT_DELAYED_RETRY
11-25 19:05:38.122  1240  1537 D DctController:  Retry, switchInfo = SwitchInfo[phoneId = 0, NetworkRequest =null, isDefaultSwitchRequested = true, isOnDemandPsAttachRequested = false, RetryCount = 4
11-25 19:05:38.122  1240  1537 D GsmDCT  : [0]setDataAllowed: enable=true
11-25 19:05:38.122  1240  1537 D RILJ    : [3787]> RIL_REQUEST_ALLOW_DATA true [SUB0]
11-25 19:05:38.123   202   338 D RILC    : RequestComplete, RIL_SOCKET_1
11-25 19:05:38.123   202   338 E RILC    : Send Response to RIL_SOCKET_1
11-25 19:05:38.124  1240  1370 D RilRequest: [3787]< RIL_REQUEST_ALLOW_DATA error: com.android.internal.telephony.CommandException: REQUEST_NOT_SUPPORTED ret=
11-25 19:05:38.124  1240  1537 D DctController: handleMessage msg={ when=-1ms what=2 obj=android.os.AsyncResult@2b37b37e target=com.android.internal.telephony.dataconnection.DctController }
11-25 19:05:38.124  1240  1537 D DctController: EVENT_SET_DATA_ALLOWED_DONE  phoneId :1, switchInfo = SwitchInfo[phoneId = 0, NetworkRequest =null, isDefaultSwitchRequested = true, isOnDemandPsAttachRequested = false, RetryCount = 4
11-25 19:05:38.124  1240  1537 D DctController: Failed, switchInfo = SwitchInfo[phoneId = 0, NetworkRequest =null, isDefaultSwitchRequested = true, isOnDemandPsAttachRequested = false, RetryCount = 4 attempt delayed retry
11-25 19:05:41.488   202   344 I RILC    : RIL_SOCKET_1 UNSOLICITED: UNSOL_SIGNAL_STRENGTH length:60
11-25 19:05:41.488   202   344 E RILC    : Send Response to RIL_SOCKET_1
11-25 19:05:41.489  1240  1240 D DefaultPhoneNotifier: notifySignalStrength: mRegistry=com.android.internal.telephony.ITelephonyRegistry$Stub$Proxy@16d6354a ss=SignalStrength: 99 0 -120 -160 -120 -1 -1 21 -97 -7 300 2147483647 2147483647 gsm|lte sender=Handler (com.android.internal.telephony.gsm.GSMPhone) {30a2e54e}
11-25 19:05:45.336   202   344 I RILC    : RIL_SOCKET_1 UNSOLICITED: UNSOL_SIGNAL_STRENGTH length:60
11-25 19:05:45.336   202   344 E RILC    : Send Response to RIL_SOCKET_1
11-25 19:05:45.338  1240  1240 D DefaultPhoneNotifier: notifySignalStrength: mRegistry=com.android.internal.telephony.ITelephonyRegistry$Stub$Proxy@16d6354a ss=SignalStrength: 99 0 -120 -160 -120 -1 -1 21 -97 -5 300 2147483647 2147483647 gsm|lte sender=Handler (com.android.internal.telephony.gsm.GSMPhone) {30a2e54e}
11-25 19:05:47.960  1240  1537 D DctController: handleMessage msg={ when=-8ms what=3 obj=com.android.internal.os.SomeArgs@22792391 target=com.android.internal.telephony.dataconnection.DctController }
11-25 19:05:47.960  1240  1537 D DctController: EVENT_DELAYED_RETRY
11-25 19:05:47.960  1240  1537 D DctController:  Retry, switchInfo = SwitchInfo[phoneId = 0, NetworkRequest =null, isDefaultSwitchRequested = true, isOnDemandPsAttachRequested = false, RetryCount = 5
11-25 19:05:47.960  1240  1537 D GsmDCT  : [0]setDataAllowed: enable=true
11-25 19:05:47.960  1240  1537 D RILJ    : [3788]> RIL_REQUEST_ALLOW_DATA true [SUB0]
11-25 19:05:47.961   202   338 D RILC    : RequestComplete, RIL_SOCKET_1
11-25 19:05:47.961   202   338 E RILC    : Send Response to RIL_SOCKET_1
11-25 19:05:47.961  1240  1370 D RilRequest: [3788]< RIL_REQUEST_ALLOW_DATA error: com.android.internal.telephony.CommandException: REQUEST_NOT_SUPPORTED ret=
11-25 19:05:47.962  1240  1537 D DctController: handleMessage msg={ when=0 what=2 obj=android.os.AsyncResult@30dc00df target=com.android.internal.telephony.dataconnection.DctController }
11-25 19:05:47.962  1240  1537 D DctController: EVENT_SET_DATA_ALLOWED_DONE  phoneId :1, switchInfo = SwitchInfo[phoneId = 0, NetworkRequest =null, isDefaultSwitchRequested = true, isOnDemandPsAttachRequested = false, RetryCount = 5
11-25 19:05:47.962  1240  1537 D DctController: Failed, switchInfo = SwitchInfo[phoneId = 0, NetworkRequest =null, isDefaultSwitchRequested = true, isOnDemandPsAttachRequested = false, RetryCount = 5 attempt delayed retry
11-25 19:05:47.962  1240  1537 D DctController: Already did max retries, notify failure
11-25 19:05:47.962  1240  1537 D DdsSwitchSerializer: unLock the DdsSwitchSerializer
11-25 19:05:47.962  1240  1537 D DdsSwitchSerializer: unLocked the DdsSwitchSerializer
11-25 19:05:47.962  1240  1240 D SubscriptionController: EVENT_SET_DEFAULT_DATA_DONE subId:1
11-25 19:05:47.962  1240  1240 D SubscriptionController:  updateDataSubId,  subId=1 exception java.lang.RuntimeException: PS ATTACH failed
11-25 19:05:47.962  1240  1240 D DdsScheduler: mCurrentDds = 1
11-25 19:05:47.962  1240  1240 D SubscriptionController: [broadcastDefaultDataSubIdChanged] subId=1
11-25 19:05:47.963  1240  1240 D SubscriptionController: [updateAllDataConnectionTrackers] sProxyPhones.length=1
11-25 19:05:47.963  1240  1240 D SubscriptionController: [updateAllDataConnectionTrackers] phoneId=0
11-25 19:05:47.963  1240  1240 D PhoneProxy: [PhoneProxy] Updating Data Connection Tracker
11-25 19:05:47.963  1240  1240 D GsmDCT  : [0]update sub = 1
11-25 19:05:47.963  1240  1240 D GsmDCT  : [0]update(): Active DDS, register for all events now!
11-25 19:05:47.963  1240  1240 D GsmDCT  : [0]updateSimRecords: newSimRecords = SimRecords: mDestroyed=false mContext=com.android.phone.PhoneGlobals@59eb833 mCi=com.android.internal.telephony.RIL@359f3724 mFh=Handler (com.android.internal.telephony.uicc.UsimFileHandler) {2b2627f0} mParentApp=com.android.internal.telephony.uicc.UiccCardApplication@130a5169 mSpnOverride=mSpnOverride recordsLoadedRegistrants=android.os.RegistrantList@2068d7ee mImsiReadyRegistrants=android.os.RegistrantList@2e82a48f mRecordsEventsRegistrants=android.os.RegistrantList@315dd31c mNewSmsRegistrants=android.os.RegistrantList@3eed9b25 mNetworkSelectionModeAutomaticRegistrants=android.os.RegistrantList@140e84fa recordsToLoad=0 adnCache=Handler (com.android.internal.telephony.uicc.AdnRecordCache) {a0efaab} recordsRequested=true iccid=89860115921101579076 msisdnTag= voiceMailNum=null voiceMailTag=null newVoiceMailNum=null newVoiceMailTag=null isVoiceMailFixed=false mImsi=460011952973996 mncLength=2 mailboxIndex=0 spn= mVmConfigcom.android.internal.telephony.uicc.VoiceMailConstants@24030508 callForwardingEnabled=false spnState=IDLE mCphsInfo=null mCspPlmnEnabled=true efMWIS=null efCPHS_MWI=null mEfCff=null mEfCfis=null getOperatorNumeric=46001
11-25 19:05:47.963  1240  1240 D GsmDCT  : [0]onUpdateIcc: newIccRecords com.android.internal.telephony.uicc.SIMRecords
11-25 19:05:47.963  1240  1240 D GSMPhone: [GSMPhone] updateCurrentCarrierInProvider: mSubId = 1 currentDds = 1 operatorNumeric = 46001
11-25 19:05:47.996  1240  1240 D DctController: got ACTION_DEFAULT_DATA_SUBSCRIPTION_CHANGED, new DDS = 1
11-25 19:05:47.996  1240  1240 D DctController: [TNF 1]update networkCapabilites for subId = 1
11-25 19:05:47.996  1240  1240 D SubscriptionController: [getActiveSubInfoList]+
11-25 19:05:47.997  1240  1240 D SubscriptionController: selection:sim_id>=0 null
11-25 19:05:47.999  1240  1240 D TelephonyManager: getTelephonyProperty: return propVal='cn' phoneId=0 property='gsm.sim.operator.iso-country' defaultVal='' prop=cn
11-25 19:05:47.999  1240  1240 D SubscriptionController: [getSubInfoRecord] id:1 iccid:DUMMY_NV_ID simSlotIndex:0 displayName:CARD 1 nameSource:0 iconTint:-16746133 dataRoaming:0 mcc:460 mnc:1 countIso:cn status:1 nwMode:10
11-25 19:05:48.001  1240  1240 D SubscriptionController: [getActiveSubInfoList]- 1 infos return
11-25 19:05:48.001  1240  1240 D SubscriptionController: [getActiveSubInfoForSubscriber]+ subId=1 subInfo={id=1, iccId=DUMMY_NV_ID simSlotIndex=0 displayName=CARD 1 carrierName= nameSource=0 iconTint=-16746133 dataRoaming=0 iconBitmap=android.graphics.Bitmap@1bc97f5 mcc 460 mnc 1 mSubStatus=1 mNwMode=10}
11-25 19:05:48.001  1240  1240 D DctController: [TNF 1]INTERNET capability is with subId = 1
11-25 19:05:48.002  1240  1240 D SubscriptionController: registerForOnDemandDdsLockNotification for client=1
11-25 19:05:48.002  1240  1240 D DctController: [TNF 1]Ready to handle network requests
11-25 19:05:48.125  1240  1537 D DctController: handleMessage msg={ when=0 what=3 obj=com.android.internal.os.SomeArgs@3ab2e6f7 target=com.android.internal.telephony.dataconnection.DctController }
11-25 19:05:48.125  1240  1537 D DctController: EVENT_DELAYED_RETRY
11-25 19:05:48.125  1240  1537 D DctController:  Retry, switchInfo = SwitchInfo[phoneId = 0, NetworkRequest =null, isDefaultSwitchRequested = true, isOnDemandPsAttachRequested = false, RetryCount = 5
