11-25 19:04:58.587  1240  1240 D GsmSST  : [GsmSST] updateSpnDisplay: changed sending intent rule=2 showPlmn='true' plmn='No service.' showSpn='false' spn=''
11-25 19:04:58.588  1240  1240 D IccCardProxy: operator=46001 slotId=0
11-25 19:04:58.588  1240  1240 D IccCardProxy: update icc_operator_numeric=46001
11-25 19:04:58.588  1240  1240 D TelephonyManager: setTelephonyProperty: success phoneId=0 property=gsm.sim.operator.numeric value: 46001 propVal=46001
11-25 19:04:58.589  1240  1240 D TelephonyManager: setTelephonyProperty: success phoneId=0 property=gsm.apn.sim.operator.numeric value: 46001 propVal=46001
11-25 19:04:58.589  1240  1240 D IccCardProxy: update sim_operator_numeric=46001
11-25 19:04:58.589  1240  1240 D TelephonyManager: setTelephonyProperty: success phoneId=0 property=gsm.sim.operator.iso-country value: cn propVal=cn
11-25 19:04:58.589  1240  1240 D IccCardProxy: broadcastIccStateChangedIntent intent ACTION_SIM_STATE_CHANGED value=LOADED reason=null for mPhoneId=0
11-25 19:04:58.591   784   804 D TelephonyManager: getTelephonyProperty: return propVal='46001' phoneId=0 property='gsm.sim.operator.numeric' defaultVal='' prop=46001
11-25 19:04:58.593   784   804 D TelephonyManager: getTelephonyProperty: return propVal='null' phoneId=0 property='gsm.operator.numeric' defaultVal='' prop=
11-25 19:04:58.611  1240  1240 D SubscriptionInfoUpdater: [Receiver]+
11-25 19:04:58.611  1240  1240 D SubscriptionInfoUpdater: Action: android.intent.action.SIM_STATE_CHANGED
11-25 19:04:58.611  1240  1240 D SubscriptionInfoUpdater: slotId: 0
11-25 19:04:58.611  1240  1240 D SubscriptionInfoUpdater: simStatus: READY
11-25 19:04:58.611  1240  1240 D SubscriptionInfoUpdater: slotId: 0 simStatus: READY
11-25 19:04:58.611  1240  1240 D PhoneBase: getIccFileHandler: fh=Handler (com.android.internal.telephony.uicc.UsimFileHandler) {2b2627f0}
11-25 19:04:58.611  1240  1240 D SubscriptionInfoUpdater: [Receiver]-
11-25 19:04:58.616  1240  1240 D PhoneBase: Get callforwarding info from perferences
11-25 19:04:58.616  1240  1240 D GSMPhone: Callforwarding is false
11-25 19:04:58.616  1240  1240 D PhoneProxy: [PhoneProxy] phoneObjectUpdater: newVoiceRadioTech=0
11-25 19:04:58.616  1240  1240 D PhoneProxy: [PhoneProxy] phoneObjectUpdater: volteReplacementRat=0
11-25 19:04:58.616  1240  1240 E PhoneProxy: [PhoneProxy] phoneObjectUpdater: newVoiceRadioTech=0 doesn't match either CDMA or GSM - error! No phone change
11-25 19:04:58.616  1240  1240 D SubscriptionController: onReceive Intent { act=android.provider.Telephony.SPN_STRINGS_UPDATED flg=0x10 (has extras) }
11-25 19:04:58.616  1240  1240 D SubscriptionController: [setCarrierText]+ text:No service. subId:1
11-25 19:04:58.630  1240  1240 D SubscriptionController: notifySubscriptionInfoChanged:
11-25 19:04:58.634   784   784 D TelephonyManager: getTelephonyProperty: return propVal='46001' phoneId=0 property='gsm.sim.operator.numeric' defaultVal='' prop=46001
11-25 19:04:58.638   784   784 D TelephonyManager: getTelephonyProperty: return propVal='null' phoneId=0 property='gsm.operator.numeric' defaultVal='' prop=
11-25 19:04:58.640  1240  1240 D SubscriptionInfoUpdater: [Receiver]+
11-25 19:04:58.640  1240  1240 D SubscriptionInfoUpdater: Action: android.intent.action.SIM_STATE_CHANGED
11-25 19:04:58.641  1240  1240 D SubscriptionInfoUpdater: slotId: 0
11-25 19:04:58.641  1240  1240 D SubscriptionInfoUpdater: simStatus: LOADED
11-25 19:04:58.641  1240  1240 D SubscriptionInfoUpdater: slotId: 0 simStatus: LOADED
11-25 19:04:58.641  1240  1240 D SubscriptionInfoUpdater: [Receiver]-
11-25 19:04:58.645  1240  1240 D DctController: onSubInfoReady mPhoneNum=1
11-25 19:04:58.645  1240  1240 D DctController: onSubInfoReady handle pending requests subId=1
11-25 19:04:58.645  1240  1240 D DctController: [TNF 1]evalPendingRequest, pending request size is 0
11-25 19:04:58.645  1240  1240 D DctController: processRequests
11-25 19:04:58.645  1240  1537 D DctController: handleMessage msg={ when=0 what=100 target=com.android.internal.telephony.dataconnection.DctController }
11-25 19:04:58.645  1240  1240 E PhoneBase: Error! unregisterForCallWaiting() in PhoneBase should not be called, CDMAPhone inactive.
11-25 19:04:58.645  1240  1537 D DctController: selectExecPhone requestInfo = [ request=NetworkRequest [ id=1, legacyType=-1, [ Capabilities: INTERNET&NOT_RESTRICTED&TRUSTED&NOT_VPN] ], executed=false, priority=0]
11-25 19:04:58.645  1240  1537 D DctController: getTopPriorityRequestPhoneId = 0, priority = 0
11-25 19:04:58.645  1240  1537 D DcSwitchAsyncChannel: [DcSwitchAsyncChannel-0]: rspIsIdle=false
11-25 19:04:58.645  1240  1537 D DctController: onProcessRequest phoneId=0, activePhoneId=0
11-25 19:04:58.645  1240  1539 D DcSwitchSM: [DcSwitchStateMachine-0] AttachingState: REQ_CONNECT
11-25 19:04:58.646  1240  1537 D DcSwitchAsyncChannel: [DcSwitchAsyncChannel-0]: rspConnect=1
11-25 19:04:58.649  1240  1240 D TelephonyManager: getTelephonyProperty: return propVal='null' phoneId=0 property='gsm.operator.alpha' defaultVal='' prop=
11-25 19:04:58.663  1240  1240 E PhoneBase: Error! registerForCallWaiting() in PhoneBase should not be called, CDMAPhone inactive.
11-25 19:04:58.672  1240  1240 D GsmSST  : [GsmSST] SubscriptionListener.onSubscriptionInfoChanged
11-25 19:04:58.672  1240  1240 D GsmDCT  : [0]SubscriptionListener.onSubscriptionInfoChanged
11-25 19:04:58.673  1240  1240 D ModemStackController: Received ACTION_SUBINFO_CONTENT_CHANGE on subId: -1for null intValue: 0
11-25 19:04:58.673  1240  1240 D DctController: got ACTION_SUBINFO_RECORD_UPDATED
11-25 19:04:58.673  1240  1240 D DctController: [TNF 1]update networkCapabilites for subId = 1
11-25 19:04:58.674  1240  1240 D SubscriptionController: [getActiveSubInfoList]+
11-25 19:04:58.674  1240  1240 D SubscriptionController: selection:sim_id>=0 null
11-25 19:04:58.681  1240  1240 D TelephonyManager: getTelephonyProperty: return propVal='cn' phoneId=0 property='gsm.sim.operator.iso-country' defaultVal='' prop=cn
11-25 19:04:58.681  1240  1240 D SubscriptionController: [getSubInfoRecord] id:1 iccid:DUMMY_NV_ID simSlotIndex:0 displayName:CARD 1 nameSource:0 iconTint:-16746133 dataRoaming:0 mcc:460 mnc:1 countIso:cn status:1 nwMode:10
11-25 19:04:58.687  1240  1240 D SubscriptionController: [getActiveSubInfoList]- 1 infos return
11-25 19:04:58.687  1240  1240 D SubscriptionController: [getActiveSubInfoForSubscriber]+ subId=1 subInfo={id=1, iccId=DUMMY_NV_ID simSlotIndex=0 displayName=CARD 1 carrierName=No service. nameSource=0 iconTint=-16746133 dataRoaming=0 iconBitmap=android.graphics.Bitmap@1ab3a247 mcc 460 mnc 1 mSubStatus=1 mNwMode=10}
11-25 19:04:58.687  1240  1240 D DctController: [TNF 1]INTERNET capability is with subId = 1
11-25 19:04:58.687  1240  1240 D SubscriptionController: registerForOnDemandDdsLockNotification for client=1
11-25 19:04:58.687  1240  1240 D DctController: [TNF 1]Ready to handle network requests
11-25 19:04:58.687  1240  1240 E IccCardProxy: setExternalState: set mPhoneId=0 mExternalState=READY
11-25 19:04:58.687  1240  1240 D TelephonyManager: setTelephonyProperty: success phoneId=0 property=gsm.sim.state value: READY propVal=READY
11-25 19:04:58.688  1240  1240 D IccCardProxy: broadcastIccStateChangedIntent intent ACTION_SIM_STATE_CHANGED value=READY reason=null for mPhoneId=0
11-25 19:04:58.689  1240  1240 D SubscriptionInfoUpdater: handleSimStateLoadedInternal: slotId: 0
11-25 19:04:58.689  1240  1240 D TelephonyManager: getTelephonyProperty: return propVal='46001' phoneId=0 property='gsm.sim.operator.numeric' defaultVal='' prop=46001
11-25 19:04:58.691  1240  1240 D SubscriptionController: [setMccMnc]+ mcc/mnc:460/1 subId:1
11-25 19:04:58.693   784   804 D TelephonyManager: getTelephonyProperty: return propVal='46001' phoneId=0 property='gsm.sim.operator.numeric' defaultVal='' prop=46001
11-25 19:04:58.695   784   804 D TelephonyManager: getTelephonyProperty: return propVal='null' phoneId=0 property='gsm.operator.numeric' defaultVal='' prop=
11-25 19:04:58.709  1240  1240 D SubscriptionController: notifySubscriptionInfoChanged:
11-25 19:04:58.711   784   784 D TelephonyManager: getTelephonyProperty: return propVal='46001' phoneId=0 property='gsm.sim.operator.numeric' defaultVal='' prop=46001
11-25 19:04:58.717   784   784 D TelephonyManager: getTelephonyProperty: return propVal='null' phoneId=0 property='gsm.operator.numeric' defaultVal='' prop=
11-25 19:04:58.723  1240  1240 D SubscriptionController: [getActiveSubInfoList]+
11-25 19:04:58.723  1240  1240 D SubscriptionController: selection:sim_id>=0 null
11-25 19:04:58.726  1240  1240 D TelephonyManager: getTelephonyProperty: return propVal='cn' phoneId=0 property='gsm.sim.operator.iso-country' defaultVal='' prop=cn
11-25 19:04:58.726  1240  1240 D SubscriptionController: [getSubInfoRecord] id:1 iccid:DUMMY_NV_ID simSlotIndex:0 displayName:CARD 1 nameSource:0 iconTint:-16746133 dataRoaming:0 mcc:460 mnc:1 countIso:cn status:1 nwMode:10
11-25 19:04:58.728  1240  1240 D SubscriptionController: [getActiveSubInfoList]- 1 infos return
11-25 19:04:58.728  1240  1240 D SubscriptionController: [getActiveSubInfoForSubscriber]+ subId=1 subInfo={id=1, iccId=DUMMY_NV_ID simSlotIndex=0 displayName=CARD 1 carrierName=No service. nameSource=0 iconTint=-16746133 dataRoaming=0 iconBitmap=android.graphics.Bitmap@16165b9d mcc 460 mnc 1 mSubStatus=1 mNwMode=10}
11-25 19:04:58.728  1240  1240 D TelephonyManager: getTelephonyProperty: return propVal='null' phoneId=0 property='gsm.sim.operator.alpha' defaultVal='' prop=
11-25 19:04:58.728  1240  1240 D SubscriptionInfoUpdater: sim name = CARD 1
11-25 19:04:58.761  1240  1240 D SubscriptionInfoUpdater: [Receiver]+
11-25 19:04:58.761  1240  1240 D SubscriptionInfoUpdater: Action: android.intent.action.SIM_STATE_CHANGED
11-25 19:04:58.761  1240  1240 D SubscriptionInfoUpdater: slotId: 0
11-25 19:04:58.761  1240  1240 D SubscriptionInfoUpdater: simStatus: READY
11-25 19:04:58.761  1240  1240 D SubscriptionInfoUpdater: slotId: 0 simStatus: READY
11-25 19:04:58.761  1240  1240 D PhoneBase: getIccFileHandler: fh=Handler (com.android.internal.telephony.uicc.UsimFileHandler) {2b2627f0}
11-25 19:04:58.761  1240  1240 D SubscriptionInfoUpdater: [Receiver]-
11-25 19:04:58.763  1240  1240 D DctController: onSubInfoReady mPhoneNum=1
11-25 19:04:58.763  1240  1240 D DctController: onSubInfoReady handle pending requests subId=1
11-25 19:04:58.763  1240  1240 D DctController: [TNF 1]evalPendingRequest, pending request size is 0
11-25 19:04:58.763  1240  1240 D DctController: processRequests
11-25 19:04:58.763  1240  1537 D DctController: handleMessage msg={ when=0 what=100 target=com.android.internal.telephony.dataconnection.DctController }
11-25 19:04:58.763  1240  1240 E PhoneBase: Error! unregisterForCallWaiting() in PhoneBase should not be called, CDMAPhone inactive.
11-25 19:04:58.763  1240  1537 D DctController: selectExecPhone requestInfo = [ request=NetworkRequest [ id=1, legacyType=-1, [ Capabilities: INTERNET&NOT_RESTRICTED&TRUSTED&NOT_VPN] ], executed=false, priority=0]
11-25 19:04:58.763  1240  1537 D DctController: getTopPriorityRequestPhoneId = 0, priority = 0
11-25 19:04:58.763  1240  1537 D DcSwitchAsyncChannel: [DcSwitchAsyncChannel-0]: rspIsIdle=false
11-25 19:04:58.763  1240  1537 D DctController: onProcessRequest phoneId=0, activePhoneId=0
11-25 19:04:58.763  1240  1539 D DcSwitchSM: [DcSwitchStateMachine-0] AttachingState: REQ_CONNECT
11-25 19:04:58.763  1240  1537 D DcSwitchAsyncChannel: [DcSwitchAsyncChannel-0]: rspConnect=1
11-25 19:04:58.767  1240  1240 D TelephonyManager: getTelephonyProperty: return propVal='null' phoneId=0 property='gsm.operator.alpha' defaultVal='' prop=
11-25 19:04:58.782  1240  1240 E PhoneBase: Error! registerForCallWaiting() in PhoneBase should not be called, CDMAPhone inactive.
11-25 19:04:58.785  1240  1240 D GsmSST  : [GsmSST] SubscriptionListener.onSubscriptionInfoChanged
11-25 19:04:58.785  1240  1240 D GsmDCT  : [0]SubscriptionListener.onSubscriptionInfoChanged
11-25 19:04:58.786  1240  1240 D ModemStackController: Received ACTION_SUBINFO_CONTENT_CHANGE on subId: -1for null intValue: 0
11-25 19:04:58.786  1240  1240 D DctController: got ACTION_SUBINFO_RECORD_UPDATED
11-25 19:04:58.787  1240  1240 D DctController: [TNF 1]update networkCapabilites for subId = 1
11-25 19:04:58.787  1240  1240 D SubscriptionController: [getActiveSubInfoList]+
11-25 19:04:58.787  1240  1240 D SubscriptionController: selection:sim_id>=0 null
11-25 19:04:58.791  1240  1240 D TelephonyManager: getTelephonyProperty: return propVal='cn' phoneId=0 property='gsm.sim.operator.iso-country' defaultVal='' prop=cn
11-25 19:04:58.791  1240  1240 D SubscriptionController: [getSubInfoRecord] id:1 iccid:DUMMY_NV_ID simSlotIndex:0 displayName:CARD 1 nameSource:0 iconTint:-16746133 dataRoaming:0 mcc:460 mnc:1 countIso:cn status:1 nwMode:10
11-25 19:04:58.793  1240  1240 D SubscriptionController: [getActiveSubInfoList]- 1 infos return
11-25 19:04:58.793  1240  1240 D SubscriptionController: [getActiveSubInfoForSubscriber]+ subId=1 subInfo={id=1, iccId=DUMMY_NV_ID simSlotIndex=0 displayName=CARD 1 carrierName=No service. nameSource=0 iconTint=-16746133 dataRoaming=0 iconBitmap=android.graphics.Bitmap@177f935e mcc 460 mnc 1 mSubStatus=1 mNwMode=10}
11-25 19:04:58.793  1240  1240 D DctController: [TNF 1]INTERNET capability is with subId = 1
11-25 19:04:58.793  1240  1240 D SubscriptionController: registerForOnDemandDdsLockNotification for client=1
11-25 19:04:58.793  1240  1240 D DctController: [TNF 1]Ready to handle network requests
11-25 19:04:58.793  1240  1240 E IccCardProxy: setExternalState: set mPhoneId=0 mExternalState=READY
11-25 19:04:58.793  1240  1240 D TelephonyManager: setTelephonyProperty: success phoneId=0 property=gsm.sim.state value: READY propVal=READY
11-25 19:04:58.795  1240  1240 D IccCardProxy: broadcastIccStateChangedIntent intent ACTION_SIM_STATE_CHANGED value=READY reason=null for mPhoneId=0
11-25 19:04:58.807   784   804 D TelephonyManager: getTelephonyProperty: return propVal='46001' phoneId=0 property='gsm.sim.operator.numeric' defaultVal='' prop=46001
11-25 19:04:58.817  1240  1240 D SubscriptionInfoUpdater: [Receiver]+
11-25 19:04:58.817  1240  1240 D SubscriptionInfoUpdater: Action: android.intent.action.SIM_STATE_CHANGED
11-25 19:04:58.817  1240  1240 D SubscriptionInfoUpdater: slotId: 0
11-25 19:04:58.817  1240  1240 D SubscriptionInfoUpdater: simStatus: READY
11-25 19:04:58.817  1240  1240 D SubscriptionInfoUpdater: slotId: 0 simStatus: READY
11-25 19:04:58.817  1240  1240 D PhoneBase: getIccFileHandler: fh=Handler (com.android.internal.telephony.uicc.UsimFileHandler) {2b2627f0}
11-25 19:04:58.817  1240  1240 D SubscriptionInfoUpdater: [Receiver]-
11-25 19:04:58.817   784   804 D TelephonyManager: getTelephonyProperty: return propVal='null' phoneId=0 property='gsm.operator.numeric' defaultVal='' prop=
11-25 19:04:58.882  1240  1768 D SubscriptionController: getSimStateForSubscriber:  simState=READY ordinal=5
11-25 19:04:58.885  1240  1768 D SubscriptionController: getSimStateForSubscriber:  simState=READY ordinal=5
11-25 19:04:58.973   202   635 I RILQ    : (0/202):RIL[0][qmi_cb] qcril_qmi_nas_update_data_rte: completed, new drte 0 with confidence 4
11-25 19:04:58.974   202   635 I RILC    : RIL_SOCKET_1 UNSOLICITED: UNSOL_RESPONSE_VOICE_NETWORK_STATE_CHANGED length:8
11-25 19:04:58.974   202   635 E RILC    : Send Response to RIL_SOCKET_1
11-25 19:04:58.974  1240  1370 D RILJ    : [UNSL]< UNSOL_RESPONSE_VOICE_NETWORK_STATE_CHANGED [SUB0]
11-25 19:04:58.974  1240  1240 D RILJ    : [3735]> OPERATOR [SUB0]
11-25 19:04:58.975  1240  1240 D RILJ    : [3736]> DATA_REGISTRATION_STATE [SUB0]
11-25 19:04:58.975   202   344 I RILQ    : (0/202):RIL[0][event] qcril_arb_set_data_sys_status: recvd data_sys_status nw=0x0, rat_mask=0x8000, so_mask=0x0
11-25 19:04:58.975   202   344 I RILQ    : (0/202):RIL[0][event] qcril_arb_set_data_sys_status: recvd data_sys_status nw=0x1, rat_mask=0x0, so_mask=0x0
11-25 19:04:58.975   202   344 I RILQ    : (0/202):RIL[0][event] qcril_qmi_nas_update_data_rte: completed, new drte 0 with confidence 4
11-25 19:04:58.975  1240  1240 D RILJ    : [3737]> VOICE_REGISTRATION_STATE [SUB0]
11-25 19:04:58.975  1240  1240 D RILJ    : [3738]> QUERY_NETWORK_SELECTION_MODE [SUB0]
11-25 19:04:58.976   202   344 I RILC    : RIL_SOCKET_1 UNSOLICITED: UNSOL_RESPONSE_VOICE_NETWORK_STATE_CHANGED length:8
11-25 19:04:58.976   202   344 E RILC    : Send Response to RIL_SOCKET_1
11-25 19:04:58.976  1240  1370 D RILJ    : [UNSL]< UNSOL_RESPONSE_VOICE_NETWORK_STATE_CHANGED [SUB0]
11-25 19:04:58.977  1240  1240 D RILJ    : [3739]> OPERATOR [SUB0]
11-25 19:04:58.977  1240  1240 D RILJ    : [3740]> DATA_REGISTRATION_STATE [SUB0]
11-25 19:04:58.977  1240  1240 D RILJ    : [3741]> VOICE_REGISTRATION_STATE [SUB0]
11-25 19:04:58.978  1240  1240 D RILJ    : [3742]> QUERY_NETWORK_SELECTION_MODE [SUB0]
11-25 19:04:58.979   202   344 I RILC    : RIL_SOCKET_1 UNSOLICITED: UNSOL_SIGNAL_STRENGTH length:60
11-25 19:04:58.979   202   344 E RILC    : Send Response to RIL_SOCKET_1
11-25 19:04:58.979   202  1777 D RILC    : RequestComplete, RIL_SOCKET_1
11-25 19:04:58.979   202  1777 E RILC    : Send Response to RIL_SOCKET_1
11-25 19:04:58.979  1240  1370 D RILJ    : [3735]< OPERATOR {null, null, null} [SUB0]
11-25 19:04:58.979  1240  1240 D DefaultPhoneNotifier: notifySignalStrength: mRegistry=com.android.internal.telephony.ITelephonyRegistry$Stub$Proxy@16d6354a ss=SignalStrength: 99 0 -120 -160 -120 -1 -1 99 2147483647 2147483647 2147483647 2147483647 2147483647 gsm|lte sender=Handler (com.android.internal.telephony.gsm.GSMPhone) {30a2e54e}
11-25 19:04:58.981   202  1780 D RILC    : RequestComplete, RIL_SOCKET_1
11-25 19:04:58.981   202  1780 E RILC    : Send Response to RIL_SOCKET_1
11-25 19:04:58.981  1240  1370 D RILJ    : [3738]< QUERY_NETWORK_SELECTION_MODE {0} [SUB0]
11-25 19:04:58.982   202  1779 I RILQ    : (0/202):RIL[0][cmd-20(992)] qcril_qmi_nas_update_data_rte: completed, new drte 0 with confidence 4
11-25 19:04:58.983   202  1781 D RILC    : RequestComplete, RIL_SOCKET_1
11-25 19:04:58.983   202  1781 E RILC    : Send Response to RIL_SOCKET_1
11-25 19:04:58.984  1240  1370 D RILJ    : [3739]< OPERATOR {null, null, null} [SUB0]
11-25 19:04:58.984  1240  1240 D GsmSST  : [GsmSST] EVENT_POLL_STATE_OPERATOR: use value from ril
11-25 19:04:58.984  1240  1240 D GsmSST  : [GsmSST] EVENT_POLL_STATE_OPERATOR: null
11-25 19:04:58.984   202  1779 D RILC    : RequestComplete, RIL_SOCKET_1
11-25 19:04:58.984   202  1779 E RILC    : Send Response to RIL_SOCKET_1
11-25 19:04:58.984   202  1779 D RILC    : RequestComplete, RIL_SOCKET_1
11-25 19:04:58.984   202  1779 E RILC    : Send Response to RIL_SOCKET_1
11-25 19:04:58.984  1240  1370 D RILJ    : [3737]< VOICE_REGISTRATION_STATE {2, null, null, 0, null, null, null, 0, null, null, null, null, null, 0, null} [SUB0]
11-25 19:04:58.985  1240  1370 D RILJ    : [3741]< VOICE_REGISTRATION_STATE {2, null, null, 0, null, null, null, 0, null, null, null, null, null, 0, null} [SUB0]
11-25 19:04:58.985  1240  1240 D PHONE   : [ServiceState] setVoiceRegState=1
11-25 19:04:58.985  1240  1240 E PHONE   : [ServiceState] setState deprecated use setVoiceRegState()
11-25 19:04:58.986   202  1778 D RILC    : RequestComplete, RIL_SOCKET_1
11-25 19:04:58.986   202  1778 E RILC    : Send Response to RIL_SOCKET_1
11-25 19:04:58.986   202  1778 D RILC    : RequestComplete, RIL_SOCKET_1
11-25 19:04:58.986   202  1778 E RILC    : Send Response to RIL_SOCKET_1
11-25 19:04:58.986   202  1782 D RILC    : RequestComplete, RIL_SOCKET_1
11-25 19:04:58.986  1240  1370 D RILJ    : [3736]< DATA_REGISTRATION_STATE {0, null, null, null, 0, 20, null, 446, 2929439, null, null} [SUB0]
11-25 19:04:58.986   202  1782 E RILC    : Send Response to RIL_SOCKET_1
11-25 19:04:58.986  1240  1370 D RILJ    : [3740]< DATA_REGISTRATION_STATE {0, null, null, null, 0, 20, null, 446, 2929439, null, null} [SUB0]
11-25 19:04:58.986  1240  1240 D PHONE   : [ServiceState] setDataRegState=1
11-25 19:04:58.986  1240  1240 D PHONE   : [ServiceState] setDataRadioTechnology=0
11-25 19:04:58.986  1240  1370 D RILJ    : [3742]< QUERY_NETWORK_SELECTION_MODE {0} [SUB0]
11-25 19:04:58.986  1240  1240 D GsmSST  : [GsmSST] handlPollStateResultMessage: GsmSST setDataRegState=1 regState=0 dataRadioTechnology=0
11-25 19:04:58.986  1240  1240 D GsmSST  : [GsmSST] Poll ServiceState done:  oldSS=[1 1 voice home data home null null null null null null  Unknown Unknown CSS not supported 0 0 RoamInd=0 DefRoamInd=0 EmergOnly=false] newSS=[1 1 voice home data home null null null null null null  Unknown Unknown CSS not supported -1 -1 RoamInd=-1 DefRoamInd=-1 EmergOnly=false] oldMaxDataCalls=20 mNewMaxDataCalls=20 oldReasonDataDenied=-1 mNewReasonDataDenied=-1
11-25 19:04:58.986  1240  1240 D PHONE   : [ServiceState] setNullState=1
11-25 19:04:58.987  1240  1240 D SIMRecords: [SIMRecords] getServiceProviderName: no brandOverride
11-25 19:04:58.987  1240  1240 D SIMRecords: [SIMRecords] getServiceProviderName: providerName=
11-25 19:04:58.987  1240  1240 D GsmSST  : [GsmSST] updateSpnDisplay: radio is on but out of service, set plmn='No service.'
11-25 19:04:58.988  1240  1240 D SIMRecords: [SIMRecords] getServiceProviderName: no brandOverride
11-25 19:04:58.988  1240  1240 D SIMRecords: [SIMRecords] getServiceProviderName: providerName=
11-25 19:04:58.988  1240  1240 D TelephonyManager: setTelephonyProperty: success phoneId=0 property=gsm.operator.alpha value:  propVal=
11-25 19:04:58.988  1240  1240 D TelephonyManager: setTelephonyProperty: success phoneId=0 property=gsm.operator.numeric value:  propVal=
11-25 19:04:58.989  1240  1240 D GsmSST  : [GsmSST] operatorNumeric is null
11-25 19:04:58.989  1240  1240 D TelephonyManager: setTelephonyProperty: success phoneId=0 property=gsm.operator.iso-country value:  propVal=
11-25 19:04:58.989  1240  1240 D TelephonyManager: setTelephonyProperty: success phoneId=0 property=gsm.operator.isroaming value: false propVal=false
11-25 19:04:58.989  1240  1240 D GsmSST  : [GsmSST] Broadcasting ServiceState : 1 1 voice home data home null null null null null null  Unknown Unknown CSS not supported -1 -1 RoamInd=-1 DefRoamInd=-1 EmergOnly=false
11-25 19:04:58.989  1240  1240 D DefaultPhoneNotifier: nofityServiceState: mRegistry=com.android.internal.telephony.ITelephonyRegistry$Stub$Proxy@16d6354a ss=1 1 voice home data home null null null null null null  Unknown Unknown CSS not supported -1 -1 RoamInd=-1 DefRoamInd=-1 EmergOnly=false sender=Handler (com.android.internal.telephony.gsm.GSMPhone) {30a2e54e} phondId=0 subId=1
11-25 19:04:58.991  1240  1240 D SubscriptionController: getSimStateForSubscriber:  simState=READY ordinal=5
11-25 19:04:59.002  1240  1259 D SubscriptionController: [getActiveSubInfoList]+
11-25 19:04:59.002  1240  1259 D SubscriptionController: selection:sim_id>=0 null
11-25 19:04:59.005  1240  1259 D TelephonyManager: getTelephonyProperty: return propVal='cn' phoneId=0 property='gsm.sim.operator.iso-country' defaultVal='' prop=cn
11-25 19:04:59.005  1240  1259 D SubscriptionController: [getSubInfoRecord] id:1 iccid:DUMMY_NV_ID simSlotIndex:0 displayName:CARD 1 nameSource:0 iconTint:-16746133 dataRoaming:0 mcc:460 mnc:1 countIso:cn status:1 nwMode:10
11-25 19:04:59.007  1240  1259 D SubscriptionController: [getActiveSubInfoList]- 1 infos return
11-25 19:04:59.060  1240  1258 D SubscriptionController: [getActiveSubInfoList]+
11-25 19:04:59.060  1240  1258 D SubscriptionController: selection:sim_id>=0 null
11-25 19:04:59.062  1240  1258 D TelephonyManager: getTelephonyProperty: return propVal='cn' phoneId=0 property='gsm.sim.operator.iso-country' defaultVal='' prop=cn
11-25 19:04:59.062  1240  1258 D SubscriptionController: [getSubInfoRecord] id:1 iccid:DUMMY_NV_ID simSlotIndex:0 displayName:CARD 1 nameSource:0 iconTint:-16746133 dataRoaming:0 mcc:460 mnc:1 countIso:cn status:1 nwMode:10
11-25 19:04:59.064  1240  1258 D SubscriptionController: [getActiveSubInfoList]- 1 infos return
11-25 19:04:59.069  1240  1258 D SubscriptionController: [getActiveSubInfoList]+
11-25 19:04:59.070  1240  1258 D SubscriptionController: selection:sim_id>=0 null
11-25 19:04:59.072  1240  1258 D TelephonyManager: getTelephonyProperty: return propVal='cn' phoneId=0 property='gsm.sim.operator.iso-country' defaultVal='' prop=cn
11-25 19:04:59.072  1240  1258 D SubscriptionController: [getSubInfoRecord] id:1 iccid:DUMMY_NV_ID simSlotIndex:0 displayName:CARD 1 nameSource:0 iconTint:-16746133 dataRoaming:0 mcc:460 mnc:1 countIso:cn status:1 nwMode:10
11-25 19:04:59.073  1240  1258 D SubscriptionController: [getActiveSubInfoList]- 1 infos return
11-25 19:04:59.077  1240  1258 D SubscriptionController: [getActiveSubInfoList]+
11-25 19:04:59.077  1240  1258 D SubscriptionController: selection:sim_id>=0 null
11-25 19:04:59.080  1240  1258 D TelephonyManager: getTelephonyProperty: return propVal='cn' phoneId=0 property='gsm.sim.operator.iso-country' defaultVal='' prop=cn
11-25 19:04:59.080  1240  1258 D SubscriptionController: [getSubInfoRecord] id:1 iccid:DUMMY_NV_ID simSlotIndex:0 displayName:CARD 1 nameSource:0 iconTint:-16746133 dataRoaming:0 mcc:460 mnc:1 countIso:cn status:1 nwMode:10
11-25 19:04:59.082  1240  1258 D SubscriptionController: [getActiveSubInfoList]- 1 infos return
11-25 19:04:59.159  1240  1768 D SubscriptionController: [getActiveSubInfoList]+
11-25 19:04:59.160  1240  1768 D SubscriptionController: selection:sim_id>=0 null
11-25 19:04:59.168  1240  1768 D TelephonyManager: getTelephonyProperty: return propVal='cn' phoneId=0 property='gsm.sim.operator.iso-country' defaultVal='' prop=cn
11-25 19:04:59.168  1240  1768 D SubscriptionController: [getSubInfoRecord] id:1 iccid:DUMMY_NV_ID simSlotIndex:0 displayName:CARD 1 nameSource:0 iconTint:-16746133 dataRoaming:0 mcc:460 mnc:1 countIso:cn status:1 nwMode:10
11-25 19:04:59.174  1240  1768 D SubscriptionController: [getActiveSubInfoList]- 1 infos return
11-25 19:04:59.183  1240  1768 D SubscriptionController: [getActiveSubInfoList]+
11-25 19:04:59.183  1240  1768 D SubscriptionController: selection:sim_id>=0 null
11-25 19:04:59.186  1240  1768 D TelephonyManager: getTelephonyProperty: return propVal='cn' phoneId=0 property='gsm.sim.operator.iso-country' defaultVal='' prop=cn
11-25 19:04:59.186  1240  1768 D SubscriptionController: [getSubInfoRecord] id:1 iccid:DUMMY_NV_ID simSlotIndex:0 displayName:CARD 1 nameSource:0 iconTint:-16746133 dataRoaming:0 mcc:460 mnc:1 countIso:cn status:1 nwMode:10
11-25 19:04:59.187  1240  1768 D SubscriptionController: [getActiveSubInfoList]- 1 infos return
11-25 19:04:59.194  1240  1768 D SubscriptionController: [getActiveSubInfoList]+
11-25 19:04:59.195  1240  1768 D SubscriptionController: selection:sim_id>=0 null
11-25 19:04:59.197  1240  1768 D TelephonyManager: getTelephonyProperty: return propVal='cn' phoneId=0 property='gsm.sim.operator.iso-country' defaultVal='' prop=cn
11-25 19:04:59.197  1240  1768 D SubscriptionController: [getSubInfoRecord] id:1 iccid:DUMMY_NV_ID simSlotIndex:0 displayName:CARD 1 nameSource:0 iconTint:-16746133 dataRoaming:0 mcc:460 mnc:1 countIso:cn status:1 nwMode:10
11-25 19:04:59.199  1240  1768 D SubscriptionController: [getActiveSubInfoList]- 1 infos return
11-25 19:04:59.204  1240  1259 D SubscriptionController: [getActiveSubInfoList]+
11-25 19:04:59.204  1240  1259 D SubscriptionController: selection:sim_id>=0 null
11-25 19:04:59.213  1240  1259 D TelephonyManager: getTelephonyProperty: return propVal='cn' phoneId=0 property='gsm.sim.operator.iso-country' defaultVal='' prop=cn
11-25 19:04:59.213  1240  1259 D SubscriptionController: [getSubInfoRecord] id:1 iccid:DUMMY_NV_ID simSlotIndex:0 displayName:CARD 1 nameSource:0 iconTint:-16746133 dataRoaming:0 mcc:460 mnc:1 countIso:cn status:1 nwMode:10
11-25 19:04:59.218  1240  1259 D SubscriptionController: [getActiveSubInfoList]- 1 infos return
11-25 19:04:59.223  1240  1259 D SubscriptionController: [getActiveSubInfoList]+
11-25 19:04:59.223  1240  1259 D SubscriptionController: selection:sim_id>=0 null
11-25 19:04:59.231  1240  1259 D TelephonyManager: getTelephonyProperty: return propVal='cn' phoneId=0 property='gsm.sim.operator.iso-country' defaultVal='' prop=cn
11-25 19:04:59.231  1240  1259 D SubscriptionController: [getSubInfoRecord] id:1 iccid:DUMMY_NV_ID simSlotIndex:0 displayName:CARD 1 nameSource:0 iconTint:-16746133 dataRoaming:0 mcc:460 mnc:1 countIso:cn status:1 nwMode:10
11-25 19:04:59.234  1240  1259 D SubscriptionController: [getActiveSubInfoList]- 1 infos return
11-25 19:04:59.238  1240  1258 D SubscriptionController: [getActiveSubInfoList]+
11-25 19:04:59.238  1240  1258 D SubscriptionController: selection:sim_id>=0 null
11-25 19:04:59.245  1240  1258 D TelephonyManager: getTelephonyProperty: return propVal='cn' phoneId=0 property='gsm.sim.operator.iso-country' defaultVal='' prop=cn
11-25 19:04:59.245  1240  1258 D SubscriptionController: [getSubInfoRecord] id:1 iccid:DUMMY_NV_ID simSlotIndex:0 displayName:CARD 1 nameSource:0 iconTint:-16746133 dataRoaming:0 mcc:460 mnc:1 countIso:cn status:1 nwMode:10
11-25 19:04:59.248  1240  1258 D SubscriptionController: [getActiveSubInfoList]- 1 infos return
11-25 19:04:59.254  1240  1258 D SubscriptionController: [getActiveSubInfoList]+
11-25 19:04:59.255  1240  1258 D SubscriptionController: selection:sim_id>=0 null
11-25 19:04:59.262  1240  1258 D TelephonyManager: getTelephonyProperty: return propVal='cn' phoneId=0 property='gsm.sim.operator.iso-country' defaultVal='' prop=cn
11-25 19:04:59.262  1240  1258 D SubscriptionController: [getSubInfoRecord] id:1 iccid:DUMMY_NV_ID simSlotIndex:0 displayName:CARD 1 nameSource:0 iconTint:-16746133 dataRoaming:0 mcc:460 mnc:1 countIso:cn status:1 nwMode:10
11-25 19:04:59.265  1240  1258 D SubscriptionController: [getActiveSubInfoList]- 1 infos return
11-25 19:04:59.270  1240  1768 D SubscriptionController: [getActiveSubInfoList]+
11-25 19:04:59.270  1240  1768 D SubscriptionController: selection:sim_id>=0 null
11-25 19:04:59.278  1240  1768 D TelephonyManager: getTelephonyProperty: return propVal='cn' phoneId=0 property='gsm.sim.operator.iso-country' defaultVal='' prop=cn
11-25 19:04:59.278  1240  1768 D SubscriptionController: [getSubInfoRecord] id:1 iccid:DUMMY_NV_ID simSlotIndex:0 displayName:CARD 1 nameSource:0 iconTint:-16746133 dataRoaming:0 mcc:460 mnc:1 countIso:cn status:1 nwMode:10
11-25 19:04:59.282  1240  1768 D SubscriptionController: [getActiveSubInfoList]- 1 infos return
11-25 19:04:59.287  1240  1258 D SubscriptionController: getSimStateForSubscriber:  simState=READY ordinal=5
11-25 19:04:59.292  1240  1768 D SubscriptionController: [getActiveSubInfoList]+
11-25 19:04:59.293  1240  1768 D SubscriptionController: selection:sim_id>=0 null
11-25 19:04:59.299  1240  1768 D TelephonyManager: getTelephonyProperty: return propVal='cn' phoneId=0 property='gsm.sim.operator.iso-country' defaultVal='' prop=cn
11-25 19:04:59.300  1240  1768 D SubscriptionController: [getSubInfoRecord] id:1 iccid:DUMMY_NV_ID simSlotIndex:0 displayName:CARD 1 nameSource:0 iconTint:-16746133 dataRoaming:0 mcc:460 mnc:1 countIso:cn status:1 nwMode:10
11-25 19:04:59.303  1240  1768 D SubscriptionController: [getActiveSubInfoList]- 1 infos return
11-25 19:04:59.315   202   635 I RILQ    : (0/202):RIL[0][qmi_cb] qcril_qmi_nas_update_data_rte: completed, new drte 0 with confidence 4
11-25 19:04:59.318   202   635 I RILQ    : (0/202):RIL[0][qmi_cb] qcril_qmi_nas_update_data_rte: completed, new drte 0 with confidence 4
11-25 19:04:59.319   202   344 I RILQ    : (0/202):RIL[0][event] qcril_qmi_nas_evaluate_custom_emergency_numbers_for_card: cur_status 1024, card_state 3
11-25 19:04:59.319   202   344 I RILQ    : (0/202):RIL[0][event] qcril_qmi_nas_evaluate_custom_emergency_numbers_for_card: card_mcc 460, card_mnc 01
11-25 19:04:59.322   202   344 I RILQ    : (0/202):RIL[0][event] qcril_qmi_nas_evaluate_custom_emergency_numbers_for_card: cur_status 1024, card_state 3
11-25 19:04:59.322   202   344 I RILQ    : (0/202):RIL[0][event] qcril_qmi_nas_evaluate_custom_emergency_numbers_for_card: card_mcc 460, card_mnc 01
11-25 19:04:59.327   202   635 I RILQ    : (0/202):RIL[0][qmi_cb] qcril_qmi_nas_update_data_rte: completed, new drte 0 with confidence 4
11-25 19:04:59.330   202   344 I RILC    : RIL_SOCKET_1 UNSOLICITED: UNSOL_RESPONSE_VOICE_NETWORK_STATE_CHANGED length:8
11-25 19:04:59.330   202   344 E RILC    : Send Response to RIL_SOCKET_1
11-25 19:04:59.331  1240  1370 D RILJ    : [UNSL]< UNSOL_RESPONSE_VOICE_NETWORK_STATE_CHANGED [SUB0]
11-25 19:04:59.331  1240  1240 D RILJ    : [3743]> OPERATOR [SUB0]
11-25 19:04:59.333  1240  1240 D RILJ    : [3744]> DATA_REGISTRATION_STATE [SUB0]
11-25 19:04:59.333   202   344 I RILQ    : (0/202):RIL[0][event] qcril_arb_set_data_sys_status: recvd data_sys_status nw=0x0, rat_mask=0x20, so_mask=0x0
11-25 19:04:59.333   202   344 I RILQ    : (0/202):RIL[0][event] qcril_arb_set_data_sys_status: recvd data_sys_status nw=0x1, rat_mask=0x0, so_mask=0x0
11-25 19:04:59.334   202   344 I RILQ    : (0/202):RIL[0][event] qcril_qmi_nas_update_data_rte: completed, new drte 5 with confidence 1
11-25 19:04:59.334  1240  1240 D RILJ    : [3745]> VOICE_REGISTRATION_STATE [SUB0]
11-25 19:04:59.335  1240  1240 D RILJ    : [3746]> QUERY_NETWORK_SELECTION_MODE [SUB0]
11-25 19:04:59.343   202  1785 D RILC    : RequestComplete, RIL_SOCKET_1
11-25 19:04:59.343   202  1785 E RILC    : Send Response to RIL_SOCKET_1
11-25 19:04:59.343  1240  1370 D RILJ    : [3743]< OPERATOR {, , 46001} [SUB0]
11-25 19:04:59.343  1240  1240 D GsmSST  : [GsmSST] EVENT_POLL_STATE_OPERATOR: use value from ril
11-25 19:04:59.343  1240  1240 D GsmSST  : [GsmSST] EVENT_POLL_STATE_OPERATOR: 
11-25 19:04:59.347   202  1788 D RILC    : RequestComplete, RIL_SOCKET_1
11-25 19:04:59.347   202  1788 E RILC    : Send Response to RIL_SOCKET_1
11-25 19:04:59.348  1240  1370 D RILJ    : [3746]< QUERY_NETWORK_SELECTION_MODE {0} [SUB0]
11-25 19:04:59.350   202  1786 D RILC    : RequestComplete, RIL_SOCKET_1
11-25 19:04:59.350   202  1786 E RILC    : Send Response to RIL_SOCKET_1
11-25 19:04:59.350  1240  1370 D RILJ    : [3744]< DATA_REGISTRATION_STATE {1, null, 002cb31f, 14, null, 20, 4125, 446, 2929439, null, null} [SUB0]
11-25 19:04:59.351  1240  1240 D PHONE   : [ServiceState] setDataRegState=0
11-25 19:04:59.351  1240  1240 D PHONE   : [ServiceState] setDataRadioTechnology=14
11-25 19:04:59.351  1240  1240 D GsmSST  : [GsmSST] handlPollStateResultMessage: GsmSST setDataRegState=0 regState=1 dataRadioTechnology=14
11-25 19:04:59.351   202  1787 D RILC    : RequestComplete, RIL_SOCKET_1
11-25 19:04:59.352   202  1787 E RILC    : Send Response to RIL_SOCKET_1
11-25 19:04:59.352  1240  1370 D RILJ    : [3745]< VOICE_REGISTRATION_STATE {1, 101d, 002cb31f, 14, null, null, null, 0, null, null, 1, null, null, 0, null} [SUB0]
11-25 19:04:59.352   202  1787 I RILC    : RIL_SOCKET_1 UNSOLICITED: UNSOL_RESPONSE_VOICE_NETWORK_STATE_CHANGED length:8
11-25 19:04:59.352  1240  1240 D PHONE   : [ServiceState] setVoiceRegState=0
11-25 19:04:59.352   202  1787 E RILC    : Send Response to RIL_SOCKET_1
11-25 19:04:59.352  1240  1240 E PHONE   : [ServiceState] setState deprecated use setVoiceRegState()
11-25 19:04:59.353  1240  1240 D GsmSST  : [GsmSST] Poll ServiceState done:  oldSS=[1 1 voice home data home null null null null null null  Unknown Unknown CSS not supported -1 -1 RoamInd=-1 DefRoamInd=-1 EmergOnly=false] newSS=[0 0 voice home data home   46001   46001  LTE LTE CSS not supported -1 -1 RoamInd=-1 DefRoamInd=-1 EmergOnly=false] oldMaxDataCalls=20 mNewMaxDataCalls=20 oldReasonDataDenied=-1 mNewReasonDataDenied=-1
11-25 19:04:59.353  1240  1240 D GsmSST  : [GsmSST] RAT switched Unknown -> LTE at cell 2929439
11-25 19:04:59.353  1240  1240 D PHONE   : [ServiceState] setNullState=1
11-25 19:04:59.353  1240  1240 D PhoneBase: updatePhoneObject: phoneid = 0 rat = 14
11-25 19:04:59.353  1240  1240 D PhoneProxy: [PhoneProxy] updatePhoneObject: radioTechnology=14
11-25 19:04:59.353  1240  1240 D TelephonyManager: setTelephonyProperty: success phoneId=0 property=gsm.network.type value: LTE propVal=LTE
11-25 19:04:59.353  1240  1370 D RILJ    : [UNSL]< UNSOL_RESPONSE_VOICE_NETWORK_STATE_CHANGED [SUB0]
11-25 19:04:59.354  1240  1240 D GsmSST  : [GsmSST] Iwlan feature available = false
11-25 19:04:59.355  1240  1240 D GsmSST  : [GsmSST] pollStateDone: registering current mNitzUpdatedTime=false changing to false
11-25 19:04:59.355  1240  1240 D SIMRecords: [SIMRecords] getServiceProviderName: no brandOverride
11-25 19:04:59.355  1240  1240 D SIMRecords: [SIMRecords] getServiceProviderName: providerName=
11-25 19:04:59.355  1240  1240 D SIMRecords: [SIMRecords] getServiceProviderName: no brandOverride
11-25 19:04:59.355  1240  1240 D SIMRecords: [SIMRecords] getServiceProviderName: providerName=
11-25 19:04:59.355  1240  1240 D GsmSST  : [GsmSST] updateSpnDisplay: changed sending intent rule=2 showPlmn='true' plmn='' showSpn='false' spn=''
11-25 19:04:59.357  1240  1240 D TelephonyManager: setTelephonyProperty: success phoneId=0 property=gsm.operator.alpha value:  propVal=
11-25 19:04:59.358  1240  1240 D TelephonyManager: setTelephonyProperty: success phoneId=0 property=gsm.operator.numeric value: 46001 propVal=46001
11-25 19:04:59.358  1240  1240 D GsmSST  : [GsmSST] update mccmnc=46001 fromServiceState=true
11-25 19:04:59.359  1240  1240 D TelephonyManager: getTelephonyProperty: return propVal='46001' phoneId=0 property='gsm.sim.operator.numeric' defaultVal='' prop=46001
11-25 19:04:59.362  1240  1240 D TelephonyManager: setTelephonyProperty: success phoneId=0 property=gsm.operator.iso-country value: cn propVal=cn
11-25 19:04:59.375  1240  1240 D GsmSST  : [GsmSST] pollStateDone: there are 2 unique offsets for iso-cc='cn testOneUniqueOffsetPath=false', do nothing
11-25 19:04:59.375  1240  1240 D GsmSST  : [GsmSST] shouldFixTimeZoneNow: retVal=true iccCardExist=true operatorNumeric=46001 mcc=460 prevOperatorNumeric= prevMcc=461 needToFixTimeZone=false ltod=11-25 19:04:59.375
11-25 19:04:59.375  1240  1240 D GsmSST  : [GsmSST] pollStateDone: fix time zone zoneName='Asia/Shanghai' mZoneOffset=0 mZoneDst=false iso-cc='cn' iso-cc-idx=-3
11-25 19:04:59.375  1240  1240 D GsmSST  : [GsmSST] pollStateDone: using default TimeZone
11-25 19:04:59.375  1240  1240 D GsmSST  : [GsmSST] pollStateDone: zone != null zone.getID=Asia/Shanghai
11-25 19:04:59.375  1240  1240 D GsmSST  : [GsmSST] setAndBroadcastNetworkSetTimeZone: setTimeZone=Asia/Shanghai
11-25 19:04:59.377  1240  1240 D GsmSST  : [GsmSST] setAndBroadcastNetworkSetTimeZone: call alarm.setTimeZone and broadcast zoneId=Asia/Shanghai
11-25 19:04:59.377  1240  1240 D TelephonyManager: setTelephonyProperty: success phoneId=0 property=gsm.operator.isroaming value: false propVal=false
11-25 19:04:59.378  1240  1240 D GsmSST  : [GsmSST] Broadcasting ServiceState : 0 0 voice home data home   46001   46001  LTE LTE CSS not supported -1 -1 RoamInd=-1 DefRoamInd=-1 EmergOnly=false
11-25 19:04:59.378  1240  1240 D DefaultPhoneNotifier: nofityServiceState: mRegistry=com.android.internal.telephony.ITelephonyRegistry$Stub$Proxy@16d6354a ss=0 0 voice home data home   46001   46001  LTE LTE CSS not supported -1 -1 RoamInd=-1 DefRoamInd=-1 EmergOnly=false sender=Handler (com.android.internal.telephony.gsm.GSMPhone) {30a2e54e} phondId=0 subId=1
11-25 19:04:59.381   202   635 I RILC    : RIL_SOCKET_1 UNSOLICITED: UNSOL_RESPONSE_VOICE_NETWORK_STATE_CHANGED length:8
11-25 19:04:59.381   202   635 E RILC    : Send Response to RIL_SOCKET_1
11-25 19:04:59.381  1240  1370 D RILJ    : [UNSL]< UNSOL_RESPONSE_VOICE_NETWORK_STATE_CHANGED [SUB0]
11-25 19:04:59.383  1240  1240 D SubscriptionController: getSimStateForSubscriber:  simState=READY ordinal=5
11-25 19:04:59.384  1240  1240 D GsmSST  : [GsmSST] notifyDataRegStateRilRadioTechnologyChanged: drs=0 rat=14
11-25 19:04:59.384  1240  1240 D TelephonyManager: setTelephonyProperty: success phoneId=0 property=gsm.network.type value: LTE propVal=LTE
11-25 19:04:59.385  1240  1240 D GsmSST  : [GsmSST] Iwlan feature available = false
11-25 19:04:59.385  1240  1240 D GsmSST  : [GsmSST] Iwlan feature available = false
11-25 19:04:59.385  1240  1240 D GsmDCT  : [0]get all active apn types
11-25 19:04:59.386  1240  1240 D GsmSST  : [GsmSST] getCellLocation(): X good mCellLoc=[4125,2929439,-1]
11-25 19:04:59.386   784  1261 D TelephonyRegistry: notifyCellLocationForSubscriber: subId=1 cellLocation=Bundle[mParcelledData.dataSize=64]
11-25 19:04:59.387  1240  1240 D PhoneProxy: [PhoneProxy] phoneObjectUpdater: newVoiceRadioTech=14
11-25 19:04:59.387  1240  1240 D PhoneProxy: [PhoneProxy] phoneObjectUpdater: volteReplacementRat=0
11-25 19:04:59.387  1240  1240 D PhoneProxy: [PhoneProxy] phoneObjectUpdater: No change ignore, newVoiceRadioTech=14 mActivePhone=GSM
11-25 19:04:59.388  1240  1240 D RILJ    : [3747]> OPERATOR [SUB0]
11-25 19:04:59.389  1240  1240 D RILJ    : [3748]> DATA_REGISTRATION_STATE [SUB0]
11-25 19:04:59.389   202  1789 D RILC    : RequestComplete, RIL_SOCKET_1
11-25 19:04:59.389  1240  1240 D RILJ    : [3749]> VOICE_REGISTRATION_STATE [SUB0]
11-25 19:04:59.389   202  1789 E RILC    : Send Response to RIL_SOCKET_1
11-25 19:04:59.390  1240  1370 D RILJ    : [3747]< OPERATOR {, , 46001} [SUB0]
11-25 19:04:59.390  1240  1240 D RILJ    : [3750]> QUERY_NETWORK_SELECTION_MODE [SUB0]
11-25 19:04:59.391  1240  1240 D SubscriptionController: onReceive Intent { act=android.provider.Telephony.SPN_STRINGS_UPDATED flg=0x10 (has extras) }
11-25 19:04:59.391  1240  1240 D SubscriptionController: [setCarrierText]+ text: subId:1
11-25 19:04:59.393   202  1792 D RILC    : RequestComplete, RIL_SOCKET_1
11-25 19:04:59.393   202  1792 E RILC    : Send Response to RIL_SOCKET_1
11-25 19:04:59.393  1240  1370 D RILJ    : [3749]< VOICE_REGISTRATION_STATE {1, 101d, 002cb31f, 14, null, null, null, 0, null, null, 1, null, null, 0, null} [SUB0]
11-25 19:04:59.395   202  1793 D RILC    : RequestComplete, RIL_SOCKET_1
11-25 19:04:59.396   202  1793 E RILC    : Send Response to RIL_SOCKET_1
11-25 19:04:59.396  1240  1370 D RILJ    : [3750]< QUERY_NETWORK_SELECTION_MODE {0} [SUB0]
11-25 19:04:59.402   202  1791 D RILC    : RequestComplete, RIL_SOCKET_1
11-25 19:04:59.402   202  1791 E RILC    : Send Response to RIL_SOCKET_1
11-25 19:04:59.403  1240  1370 D RILJ    : [3748]< DATA_REGISTRATION_STATE {1, null, 002cb31f, 14, null, 20, 4125, 446, 2929439, null, null} [SUB0]
11-25 19:04:59.405  1240  1768 D GsmDCT  : [0]fetchDunApn: net.tethering.noprovisioning=true ret: null
11-25 19:04:59.405  1240  1768 D GsmDCT  : [0]hasMatchedTetherApnSetting: APN=null
11-25 19:04:59.407  1240  1240 D SubscriptionController: notifySubscriptionInfoChanged:
11-25 19:04:59.407  1709  1790 D TelephonyManager: getTelephonyProperty: return propVal='cn' phoneId=0 property='gsm.sim.operator.iso-country' defaultVal='' prop=cn
11-25 19:04:59.410  1240  1240 E PhoneBase: Error! unregisterForCallWaiting() in PhoneBase should not be called, CDMAPhone inactive.
11-25 19:04:59.410   784   784 D TelephonyManager: getTelephonyProperty: return propVal='46001' phoneId=0 property='gsm.sim.operator.numeric' defaultVal='' prop=46001
11-25 19:04:59.417   784   784 D TelephonyManager: getTelephonyProperty: return propVal='46001' phoneId=0 property='gsm.operator.numeric' defaultVal='' prop=46001
11-25 19:04:59.420  1240  1240 D TelephonyManager: getTelephonyProperty: return propVal='' phoneId=0 property='gsm.operator.alpha' defaultVal='' prop=
11-25 19:04:59.424  1240  1768 D GsmDCT  : [0]fetchDunApn: net.tethering.noprovisioning=true ret: null
11-25 19:04:59.424  1240  1768 D GsmDCT  : [0]hasMatchedTetherApnSetting: APN=null
11-25 19:04:59.424  1240  1259 D SubscriptionController: [getActiveSubInfoList]+
11-25 19:04:59.424  1240  1259 D SubscriptionController: selection:sim_id>=0 null
11-25 19:04:59.427  1240  1259 D TelephonyManager: getTelephonyProperty: return propVal='cn' phoneId=0 property='gsm.sim.operator.iso-country' defaultVal='' prop=cn
11-25 19:04:59.427  1240  1259 D SubscriptionController: [getSubInfoRecord] id:1 iccid:DUMMY_NV_ID simSlotIndex:0 displayName:CARD 1 nameSource:0 iconTint:-16746133 dataRoaming:0 mcc:460 mnc:1 countIso:cn status:1 nwMode:10
11-25 19:04:59.429  1240  1259 D SubscriptionController: [getActiveSubInfoList]- 1 infos return
11-25 19:04:59.430  1240  1259 D SubscriptionController: [getActiveSubInfoList]+
11-25 19:04:59.430  1240  1259 D SubscriptionController: selection:sim_id>=0 null
11-25 19:04:59.430  1240  1768 D RILJ    : [3751]> RIL_REQUEST_GSM_SET_BROADCAST_CONFIG with 1 configs :  [SUB0]
11-25 19:04:59.431  1240  1768 D RILJ    : SmsBroadcastConfigInfo: Id [4352,4354] Code [0,255] ENABLED [SUB0]
11-25 19:04:59.434  1240  1259 D TelephonyManager: getTelephonyProperty: return propVal='cn' phoneId=0 property='gsm.sim.operator.iso-country' defaultVal='' prop=cn
11-25 19:04:59.434  1240  1259 D SubscriptionController: [getSubInfoRecord] id:1 iccid:DUMMY_NV_ID simSlotIndex:0 displayName:CARD 1 nameSource:0 iconTint:-16746133 dataRoaming:0 mcc:460 mnc:1 countIso:cn status:1 nwMode:10
11-25 19:04:59.435  1240  1259 D SubscriptionController: [getActiveSubInfoList]- 1 infos return
11-25 19:04:59.436  1240  1240 E PhoneBase: Error! registerForCallWaiting() in PhoneBase should not be called, CDMAPhone inactive.
11-25 19:04:59.438  1240  1259 D SubscriptionController: getSimStateForSubscriber:  simState=READY ordinal=5
11-25 19:04:59.441  1240  1258 D SubscriptionController: [getActiveSubInfoList]+
11-25 19:04:59.441  1240  1258 D SubscriptionController: selection:sim_id>=0 null
11-25 19:04:59.444  1240  1258 D TelephonyManager: getTelephonyProperty: return propVal='cn' phoneId=0 property='gsm.sim.operator.iso-country' defaultVal='' prop=cn
11-25 19:04:59.445  1240  1258 D SubscriptionController: [getSubInfoRecord] id:1 iccid:DUMMY_NV_ID simSlotIndex:0 displayName:CARD 1 nameSource:0 iconTint:-16746133 dataRoaming:0 mcc:460 mnc:1 countIso:cn status:1 nwMode:10
11-25 19:04:59.445  1240  1240 D RILJ    : [3752]> OPERATOR [SUB0]
11-25 19:04:59.445  1240  1240 D RILJ    : [3753]> DATA_REGISTRATION_STATE [SUB0]
11-25 19:04:59.447  1240  1258 D SubscriptionController: [getActiveSubInfoList]- 1 infos return
11-25 19:04:59.447  1240  1240 D RILJ    : [3754]> VOICE_REGISTRATION_STATE [SUB0]
11-25 19:04:59.447   202  1797 D RILC    : RequestComplete, RIL_SOCKET_1
11-25 19:04:59.447   202  1797 E RILC    : Send Response to RIL_SOCKET_1
11-25 19:04:59.447  1240  1370 D RILJ    : [3752]< OPERATOR {, , 46001} [SUB0]
11-25 19:04:59.448  1240  1240 D RILJ    : [3755]> QUERY_NETWORK_SELECTION_MODE [SUB0]
11-25 19:04:59.449  1240  1795 D SubscriptionController: [getActiveSubInfoList]+
11-25 19:04:59.449  1240  1795 D SubscriptionController: selection:sim_id>=0 null
11-25 19:04:59.450  1240  1240 D GsmDCT  : [0]handleMessage msg={ when=-64ms what=270377 obj=android.os.AsyncResult@20afda4b target=com.android.internal.telephony.dataconnection.DcTracker }
11-25 19:04:59.450  1240  1240 D GsmDCT  : [0]updateSimRecords: newSimRecords = SimRecords: mDestroyed=false mContext=com.android.phone.PhoneGlobals@59eb833 mCi=com.android.internal.telephony.RIL@359f3724 mFh=Handler (com.android.internal.telephony.uicc.UsimFileHandler) {2b2627f0} mParentApp=com.android.internal.telephony.uicc.UiccCardApplication@130a5169 mSpnOverride=mSpnOverride recordsLoadedRegistrants=android.os.RegistrantList@2068d7ee mImsiReadyRegistrants=android.os.RegistrantList@2e82a48f mRecordsEventsRegistrants=android.os.RegistrantList@315dd31c mNewSmsRegistrants=android.os.RegistrantList@3eed9b25 mNetworkSelectionModeAutomaticRegistrants=android.os.RegistrantList@140e84fa recordsToLoad=0 adnCache=Handler (com.android.internal.telephony.uicc.AdnRecordCache) {a0efaab} recordsRequested=true iccid=89860115921101579076 msisdnTag= voiceMailNum=null voiceMailTag=null newVoiceMailNum=null newVoiceMailTag=null isVoiceMailFixed=false mImsi=460011952973996 mncLength=2 mailboxIndex=0 spn= mVmConfigcom.android.internal.telephony.uicc.VoiceMailConstants@24030508 callForwardingEnabled=false spnState=IDLE mCphsInfo=null mCspPlmnEnabled=true efMWIS=null efCPHS_MWI=null mEfCff=null mEfCfis=null getOperatorNumeric=46001
11-25 19:04:59.450  1240  1240 D GsmDCT  : [0]onUpdateIcc: newIccRecords com.android.internal.telephony.uicc.SIMRecords
11-25 19:04:59.450  1240  1240 D GsmDCT  : [0]New records found com.android.internal.telephony.uicc.SIMRecords
11-25 19:04:59.450  1240  1240 D SIMRecords: [SIMRecords] isAppStateReady : appState = APPSTATE_READY
11-25 19:04:59.450  1240  1240 D GsmDCT  : [0]onUpdateIcc: tryRestartDataConnections nwTypeChanged
11-25 19:04:59.450  1240  1240 D GsmDCT  : [0]overall state is IDLE
11-25 19:04:59.451  1240  1240 D GSMPhone: [GSMPhone] updateCurrentCarrierInProvider: mSubId = 1 currentDds = 1 operatorNumeric = 46001
11-25 19:04:59.453  1240  1795 D TelephonyManager: getTelephonyProperty: return propVal='cn' phoneId=0 property='gsm.sim.operator.iso-country' defaultVal='' prop=cn
11-25 19:04:59.453  1240  1795 D SubscriptionController: [getSubInfoRecord] id:1 iccid:DUMMY_NV_ID simSlotIndex:0 displayName:CARD 1 nameSource:0 iconTint:-16746133 dataRoaming:0 mcc:460 mnc:1 countIso:cn status:1 nwMode:10
11-25 19:04:59.454   202  1799 D RILC    : RequestComplete, RIL_SOCKET_1
11-25 19:04:59.454   202  1799 E RILC    : Send Response to RIL_SOCKET_1
11-25 19:04:59.454  1240  1370 D RILJ    : [3754]< VOICE_REGISTRATION_STATE {1, 101d, 002cb31f, 14, null, null, null, 0, null, null, 1, null, null, 0, null} [SUB0]
11-25 19:04:59.454  1240  1795 D SubscriptionController: [getActiveSubInfoList]- 1 infos return
11-25 19:04:59.456   202  1800 D RILC    : RequestComplete, RIL_SOCKET_1
11-25 19:04:59.456   202  1800 E RILC    : Send Response to RIL_SOCKET_1
11-25 19:04:59.456  1240  1370 D RILJ    : [3755]< QUERY_NETWORK_SELECTION_MODE {0} [SUB0]
