04-08 09:49:08.341   722  1253 V WindowManager: Adding window Window{cd06788 u0 AtchDlg:com.youku.phone/com.youku.hotspot.activity.ImmersiveFeedActivity} at 5 of 10 (after Window{3501c76b u0 com.youku.phone/com.youku.hotspot.activity.ImmersiveFeedActivity})
04-08 09:49:13.043   722  2788 W InputMethodManagerService: Window already focused, ignoring focus gain of: com.android.internal.view.IInputMethodClient$Stub$Proxy@2cf9825d attribute=null, token = android.os.BinderProxy@1e8d8cba
04-08 09:49:18.812   722   808 I WindowManager: Input event dispatching timed out sending to com.youku.phone/com.youku.hotspot.activity.ImmersiveFeedActivity.  Reason: Waiting to send key event because the focused window has not finished processing all of the input events that were previously delivered to it.  Outbound queue length: 0.  Wait queue length: 1.
04-08 09:49:18.961   722   787 I ActivityManager: Skipping duplicate ANR: ProcessRecord{19d1e44d 2362:com.youku.phone/u0a54} Input dispatching timed out (Waiting to send key event because the focused window has not finished processing all of the input events that were previously delivered to it.  Outbound queue length: 0.  Wait queue length: 1.)
04-08 09:49:18.964   722  1253 W InputManager: Input event injection from pid 2341 timed out.
04-08 09:49:27.286   722  5636 V WindowManager: Adding window Window{111215cc u0 SurfaceView} at 3 of 9 (before Window{3501c76b u0 com.youku.phone/com.youku.hotspot.activity.ImmersiveFeedActivity})
04-08 09:49:27.345   722   739 V WindowManager: Adding window Window{187bbf2a u0 AtchDlg:com.youku.phone/com.youku.hotspot.activity.ImmersiveFeedActivity} at 5 of 10 (after Window{3501c76b u0 com.youku.phone/com.youku.hotspot.activity.ImmersiveFeedActivity})
04-08 09:49:27.920   722  5637 W ProcessCpuTracker: Skipping unknown process pid 12163
04-08 09:49:27.921   722  5637 W ProcessCpuTracker: Skipping unknown process pid 12165
04-08 09:49:36.606   722  5636 W InputManager: Input event injection from pid 2341 failed.
04-08 09:49:36.613   722  1253 W InputMethodManagerService: Window already focused, ignoring focus gain of: com.android.internal.view.IInputMethodClient$Stub$Proxy@256b611b attribute=null, token = android.os.BinderProxy@1e8d8cba
04-08 09:49:36.626   722   821 W InputManager: Input event injection from pid 2341 failed.
04-08 09:49:36.650   722  2571 W InputManager: Input event injection from pid 2341 failed.
04-08 09:49:36.659   722   739 W InputManager: Input event injection from pid 2341 failed.
04-08 09:49:36.676   722  5637 W InputManager: Input event injection from pid 2341 failed.
04-08 09:49:36.686   722  3154 W InputManager: Input event injection from pid 2341 failed.
04-08 09:49:36.709   722  5636 W InputManager: Input event injection from pid 2341 failed.
04-08 09:49:36.730   722  1253 W InputManager: Input event injection from pid 2341 failed.
04-08 09:49:36.759   722   821 W InputManager: Input event injection from pid 2341 failed.
04-08 09:49:44.064   722   808 I ActivityManager: START u0 {act=android.intent.action.MAIN cat=[android.intent.category.LAUNCHER] flg=0x10000000 cmp=com.android.calendar/.AllInOneActivity sel=act=android.intent.action.MAIN cat=[android.intent.category.APP_CALENDAR]}} from uid 1000 on display 0
04-08 09:50:07.345   722   808 I WindowManager: Input event dispatching timed out sending to com.youku.phone/com.youku.hotspot.activity.ImmersiveFeedActivity.  Reason: Waiting to send key event because the focused window has not finished processing all of the input events that were previously delivered to it.  Outbound queue length: 0.  Wait queue length: 5.
04-08 09:50:07.580   722   787 I ActivityManager: Skipping duplicate ANR: ProcessRecord{19d1e44d 2362:com.youku.phone/u0a54} Input dispatching timed out (Waiting to send key event because the focused window has not finished processing all of the input events that were previously delivered to it.  Outbound queue length: 0.  Wait queue length: 5.)
04-08 09:50:07.582   722   739 W InputManager: Input event injection from pid 2341 timed out.
04-08 09:50:15.658   722   808 I WindowManager: Input event dispatching timed out sending to com.youku.phone/com.youku.hotspot.activity.ImmersiveFeedActivity.  Reason: Waiting to send non-key event because the touched window has not finished processing certain input events that were delivered to it over 500.0ms ago.  Wait queue length: 1.  Wait queue head age: 7575.1ms.
04-08 09:50:15.843   722   739 W InputManager: Input event injection from pid 2341 timed out.
04-08 09:50:15.847   722  5637 W InputManager: Input event injection from pid 2341 failed.
04-08 09:50:18.770   722   787 I ActivityManager: Skipping duplicate ANR: ProcessRecord{19d1e44d 2362:com.youku.phone/u0a54} Input dispatching timed out (Waiting to send non-key event because the touched window has not finished processing certain input events that were delivered to it over 500.0ms ago.  Wait queue length: 1.  Wait queue head age: 7575.1ms.)
04-08 09:50:21.857   722   808 I WindowManager: Input event dispatching timed out sending to com.youku.phone/com.youku.hotspot.activity.ImmersiveFeedActivity.  Reason: Waiting to send key event because the focused window has not finished processing all of the input events that were previously delivered to it.  Outbound queue length: 0.  Wait queue length: 1.
04-08 09:50:22.002   722   787 I ActivityManager: Skipping duplicate ANR: ProcessRecord{19d1e44d 2362:com.youku.phone/u0a54} Input dispatching timed out (Waiting to send key event because the focused window has not finished processing all of the input events that were previously delivered to it.  Outbound queue length: 0.  Wait queue length: 1.)
04-08 09:50:22.005   722  5104 W InputManager: Input event injection from pid 2341 timed out.
04-08 09:50:27.014   722   808 I WindowManager: Input event dispatching timed out sending to com.youku.phone/com.youku.hotspot.activity.ImmersiveFeedActivity.  Reason: Waiting to send key event because the focused window has not finished processing all of the input events that were previously delivered to it.  Outbound queue length: 0.  Wait queue length: 1.
04-08 09:50:27.225   722   739 W InputManager: Input event injection from pid 2341 timed out.
04-08 09:50:27.894   722   787 I ActivityManager: Skipping duplicate ANR: ProcessRecord{19d1e44d 2362:com.youku.phone/u0a54} Input dispatching timed out (Waiting to send key event because the focused window has not finished processing all of the input events that were previously delivered to it.  Outbound queue length: 0.  Wait queue length: 1.)
04-08 09:50:34.472   722   808 I WindowManager: Input event dispatching timed out sending to com.youku.phone/com.youku.hotspot.activity.ImmersiveFeedActivity.  Reason: Waiting to send key event because the focused window has not finished processing all of the input events that were previously delivered to it.  Outbound queue length: 0.  Wait queue length: 10.
04-08 09:50:36.336   722  2788 W InputManager: Input event injection from pid 2341 timed out.
04-08 09:50:36.372   722   819 V WindowManager: Adding window Window{9dd30d0 u0 SurfaceView} at 3 of 9 (before Window{3501c76b u0 com.youku.phone/com.youku.hotspot.activity.ImmersiveFeedActivity})
04-08 09:50:36.539   722   787 I ActivityManager: Skipping duplicate ANR: ProcessRecord{19d1e44d 2362:com.youku.phone/u0a54} Input dispatching timed out (Waiting to send key event because the focused window has not finished processing all of the input events that were previously delivered to it.  Outbound queue length: 0.  Wait queue length: 10.)
04-08 09:50:42.944   722   808 I WindowManager: Input event dispatching timed out sending to com.youku.phone/com.youku.hotspot.activity.ImmersiveFeedActivity.  Reason: Waiting to send key event because the focused window has not finished processing all of the input events that were previously delivered to it.  Outbound queue length: 0.  Wait queue length: 1.
04-08 09:50:43.055   722   787 I ActivityManager: Skipping duplicate ANR: ProcessRecord{19d1e44d 2362:com.youku.phone/u0a54} Input dispatching timed out (Waiting to send key event because the focused window has not finished processing all of the input events that were previously delivered to it.  Outbound queue length: 0.  Wait queue length: 1.)
04-08 09:50:43.057   722  2788 W InputManager: Input event injection from pid 2341 timed out.
04-08 09:50:47.927   722  3154 W ProcessCpuTracker: Skipping unknown process pid 29675
04-08 09:50:47.928   722  3154 W ProcessCpuTracker: Skipping unknown process pid 29677
04-08 09:50:54.091   722  5104 V WindowManager: Adding window Window{3e2c89fc u0 AtchDlg:com.youku.phone/com.youku.hotspot.activity.ImmersiveFeedActivity} at 5 of 10 (after Window{3501c76b u0 com.youku.phone/com.youku.hotspot.activity.ImmersiveFeedActivity})
04-08 09:50:57.248   722  2788 W InputManager: Input event injection from pid 2341 failed.
04-08 09:50:57.256   722  5104 W InputManager: Input event injection from pid 2341 failed.
04-08 09:50:57.272   722  5637 W InputManager: Input event injection from pid 2341 failed.
04-08 09:50:57.283   722  1253 W InputMethodManagerService: Window already focused, ignoring focus gain of: com.android.internal.view.IInputMethodClient$Stub$Proxy@3fe9b885 attribute=null, token = android.os.BinderProxy@1e8d8cba
04-08 09:50:57.297   722   739 W InputManager: Input event injection from pid 2341 failed.
04-08 09:51:05.525   722  5636 V WindowManager: Adding window Window{925801 u0 AtchDlg:com.youku.phone/com.youku.hotspot.activity.ImmersiveFeedActivity} at 5 of 10 (after Window{3501c76b u0 com.youku.phone/com.youku.hotspot.activity.ImmersiveFeedActivity})
04-08 09:51:09.619   722  5105 W InputMethodManagerService: Window already focused, ignoring focus gain of: com.android.internal.view.IInputMethodClient$Stub$Proxy@26e5f6a6 attribute=null, token = android.os.BinderProxy@1e8d8cba
04-08 09:51:11.676   722   739 V WindowManager: Adding window Window{3f9a1c94 u0 AtchDlg:com.youku.phone/com.youku.hotspot.activity.ImmersiveFeedActivity} at 5 of 10 (after Window{3501c76b u0 com.youku.phone/com.youku.hotspot.activity.ImmersiveFeedActivity})
04-08 09:51:15.110   722  2788 W InputMethodManagerService: Window already focused, ignoring focus gain of: com.android.internal.view.IInputMethodClient$Stub$Proxy@37cb733d attribute=null, token = android.os.BinderProxy@1e8d8cba
04-08 09:51:25.558   722  3154 I ActivityManager: START u0 {act=android.intent.action.MAIN cat=[android.intent.category.LAUNCHER] flg=0x10200000 cmp=com.youku.phone/.ActivityWelcome} from uid 0 on display 0
04-08 09:51:26.038   722  5105 V WindowManager: Adding window Window{9eb347e u0 SurfaceView} at 3 of 9 (before Window{3501c76b u0 com.youku.phone/com.youku.hotspot.activity.ImmersiveFeedActivity})
04-08 09:51:28.436   722  3154 W ProcessCpuTracker: Skipping unknown process pid 7536
04-08 09:51:28.437   722  3154 W ProcessCpuTracker: Skipping unknown process pid 7546
04-08 09:51:29.177   722  5636 V WindowManager: Adding window Window{3eb788fb u0 SurfaceView} at 3 of 9 (before Window{3501c76b u0 com.youku.phone/com.youku.hotspot.activity.ImmersiveFeedActivity})
04-08 09:51:45.684   722   808 I WindowManager: Input event dispatching timed out sending to com.youku.phone/com.youku.hotspot.activity.ImmersiveFeedActivity.  Reason: Waiting to send key event because the focused window has not finished processing all of the input events that were previously delivered to it.  Outbound queue length: 0.  Wait queue length: 1.
04-08 09:51:45.772   722  2788 W InputManager: Input event injection from pid 2341 timed out.
04-08 09:51:46.262   722  2571 V WindowManager: Adding window Window{2cc7d2c4 u0 SurfaceView} at 3 of 9 (before Window{3501c76b u0 com.youku.phone/com.youku.hotspot.activity.ImmersiveFeedActivity})
04-08 09:51:46.292   722   787 I ActivityManager: Skipping duplicate ANR: ProcessRecord{19d1e44d 2362:com.youku.phone/u0a54} Input dispatching timed out (Waiting to send key event because the focused window has not finished processing all of the input events that were previously delivered to it.  Outbound queue length: 0.  Wait queue length: 1.)
04-08 09:51:50.583   722  1220 I ActivityManager: START u0 {act=android.intent.action.MAIN cat=[android.intent.category.LAUNCHER] flg=0x10200000 cmp=com.youku.phone/.ActivityWelcome} from uid 0 on display 0
04-08 09:51:58.336   722  1253 W ProcessCpuTracker: Skipping unknown process pid 14250
04-08 09:52:02.081   722  2571 V WindowManager: Adding window Window{25d2efa9 u0 SurfaceView} at 3 of 9 (before Window{3501c76b u0 com.youku.phone/com.youku.hotspot.activity.ImmersiveFeedActivity})
04-08 09:52:17.736   722  2571 V WindowManager: Adding window Window{9e3a3a u0 SurfaceView} at 3 of 9 (before Window{3501c76b u0 com.youku.phone/com.youku.hotspot.activity.ImmersiveFeedActivity})
04-08 09:52:17.737   722   808 I WindowManager: Input event dispatching timed out sending to com.youku.phone/com.youku.hotspot.activity.ImmersiveFeedActivity.  Reason: Waiting to send key event because the focused window has not finished processing all of the input events that were previously delivered to it.  Outbound queue length: 0.  Wait queue length: 1.
04-08 09:52:17.984   722  1253 W InputManager: Input event injection from pid 2341 timed out.
04-08 09:52:18.105   722   787 I ActivityManager: Skipping duplicate ANR: ProcessRecord{19d1e44d 2362:com.youku.phone/u0a54} Input dispatching timed out (Waiting to send key event because the focused window has not finished processing all of the input events that were previously delivered to it.  Outbound queue length: 0.  Wait queue length: 1.)
04-08 09:52:22.045   722  1253 V WindowManager: Adding window Window{2925c006 u0 AtchDlg:com.youku.phone/com.youku.hotspot.activity.ImmersiveFeedActivity} at 5 of 10 (after Window{3501c76b u0 com.youku.phone/com.youku.hotspot.activity.ImmersiveFeedActivity})
04-08 09:52:23.058   722  1253 W InputManager: Input event injection from pid 2341 failed.
04-08 09:52:23.083   722   821 W InputMethodManagerService: Window already focused, ignoring focus gain of: com.android.internal.view.IInputMethodClient$Stub$Proxy@1038c6c7 attribute=null, token = android.os.BinderProxy@1e8d8cba
04-08 09:52:25.553   722  2571 W InputMethodManagerService: Window already focused, ignoring focus gain of: com.android.internal.view.IInputMethodClient$Stub$Proxy@3f710863 attribute=null, token = android.os.BinderProxy@1e8d8cba
04-08 09:52:25.850   722  5637 V WindowManager: Adding window Window{2cea1519 u0 SurfaceView} at 3 of 9 (before Window{3501c76b u0 com.youku.phone/com.youku.hotspot.activity.ImmersiveFeedActivity})
04-08 09:52:28.302   722  5104 W ProcessCpuTracker: Skipping unknown process pid 21054
04-08 09:52:29.125   722  5104 W InputMethodManagerService: Window already focused, ignoring focus gain of: com.android.internal.view.IInputMethodClient$Stub$Proxy@1c6ec9de attribute=null, token = android.os.BinderProxy@1e8d8cba
04-08 09:52:34.894   722   738 V WindowManager: Adding window Window{3b7520db u0 SurfaceView} at 3 of 9 (before Window{3501c76b u0 com.youku.phone/com.youku.hotspot.activity.ImmersiveFeedActivity})
04-08 09:52:38.211   722  5104 W ProcessCpuTracker: Skipping unknown process pid 23406
04-08 09:52:38.212   722  5104 W ProcessCpuTracker: Skipping unknown process pid 23408
04-08 09:52:39.588   722  5104 V WindowManager: Adding window Window{1c8c0324 u0 SurfaceView} at 3 of 9 (before Window{3501c76b u0 com.youku.phone/com.youku.hotspot.activity.ImmersiveFeedActivity})
04-08 09:52:44.750   722  5637 V WindowManager: Adding window Window{7f50842 u0 AtchDlg:com.youku.phone/com.youku.hotspot.activity.ImmersiveFeedActivity} at 5 of 10 (after Window{3501c76b u0 com.youku.phone/com.youku.hotspot.activity.ImmersiveFeedActivity})
04-08 09:52:45.861   722  5104 W InputMethodManagerService: Window already focused, ignoring focus gain of: com.android.internal.view.IInputMethodClient$Stub$Proxy@30e4d053 attribute=null, token = android.os.BinderProxy@1e8d8cba
04-08 09:52:51.975   722  5637 V WindowManager: Adding window Window{3fa92bc u0 SurfaceView} at 3 of 9 (before Window{3501c76b u0 com.youku.phone/com.youku.hotspot.activity.ImmersiveFeedActivity})
04-08 09:52:58.658   722  2571 V WindowManager: Adding window Window{15e06dc1 u0 AtchDlg:com.youku.phone/com.youku.hotspot.activity.ImmersiveFeedActivity} at 4 of 9 (after Window{3501c76b u0 com.youku.phone/com.youku.hotspot.activity.ImmersiveFeedActivity})
04-08 09:52:59.002   722  5637 V WindowManager: Adding window Window{51134a7 u0 SurfaceView} at 3 of 10 (before Window{3501c76b u0 com.youku.phone/com.youku.hotspot.activity.ImmersiveFeedActivity})
04-08 09:53:01.110   722  1242 W InputMethodManagerService: Window already focused, ignoring focus gain of: com.android.internal.view.IInputMethodClient$Stub$Proxy@33927443 attribute=null, token = android.os.BinderProxy@1e8d8cba
04-08 09:53:01.360   722  1220 V WindowManager: Adding window Window{2d4413f9 u0 SurfaceView} at 3 of 9 (before Window{3501c76b u0 com.youku.phone/com.youku.hotspot.activity.ImmersiveFeedActivity})
04-08 09:53:02.588   722  5637 W InputMethodManagerService: Window already focused, ignoring focus gain of: com.android.internal.view.IInputMethodClient$Stub$Proxy@2fa88f3e attribute=null, token = android.os.BinderProxy@1e8d8cba
04-08 09:53:07.173   722   821 V WindowManager: Adding window Window{276622ec u0 AtchDlg:com.youku.phone/com.youku.hotspot.activity.ImmersiveFeedActivity} at 5 of 10 (after Window{3501c76b u0 com.youku.phone/com.youku.hotspot.activity.ImmersiveFeedActivity})
04-08 09:53:07.760  2362  2362 W ViewRootImpl: Dropping event due to no window focus: KeyEvent { action=ACTION_DOWN, keyCode=KEYCODE_MENU, scanCode=0, metaState=0, flags=0x8, repeatCount=0, eventTime=577014, downTime=577014, deviceId=-1, source=0x101 }
04-08 09:53:07.791  2362  2362 W ViewRootImpl: Cancelling event due to no window focus: KeyEvent { action=ACTION_UP, keyCode=KEYCODE_MENU, scanCode=0, metaState=0, flags=0x28, repeatCount=0, eventTime=577291, downTime=577291, deviceId=-1, source=0x101 }
04-08 09:53:07.794  2362  2362 W ViewRootImpl: Cancelling event due to no window focus: KeyEvent { action=ACTION_UP, keyCode=KEYCODE_MENU, scanCode=0, metaState=0, flags=0x28, repeatCount=0, eventTime=577291, downTime=577291, deviceId=-1, source=0x101 }
04-08 09:53:07.794  2362  2362 W ViewRootImpl: Cancelling event due to no window focus: KeyEvent { action=ACTION_UP, keyCode=KEYCODE_MENU, scanCode=0, metaState=0, flags=0x28, repeatCount=0, eventTime=577291, downTime=577291, deviceId=-1, source=0x101 }
04-08 09:53:07.795  2362  2362 W ViewRootImpl: Cancelling event due to no window focus: KeyEvent { action=ACTION_UP, keyCode=KEYCODE_MENU, scanCode=0, metaState=0, flags=0x28, repeatCount=0, eventTime=577291, downTime=577291, deviceId=-1, source=0x101 }
04-08 09:53:07.796  2362  2362 W ViewRootImpl: Cancelling event due to no window focus: KeyEvent { action=ACTION_UP, keyCode=KEYCODE_MENU, scanCode=0, metaState=0, flags=0x28, repeatCount=0, eventTime=577291, downTime=577291, deviceId=-1, source=0x101 }
04-08 09:53:07.798  2362  2362 W ViewRootImpl: Cancelling event due to no window focus: KeyEvent { action=ACTION_UP, keyCode=KEYCODE_MENU, scanCode=0, metaState=0, flags=0x28, repeatCount=0, eventTime=577291, downTime=577291, deviceId=-1, source=0x101 }
04-08 09:53:08.857   722   821 W ProcessCpuTracker: Skipping unknown process pid 30078
04-08 09:53:08.992   722   819 W InputMethodManagerService: Window already focused, ignoring focus gain of: com.android.internal.view.IInputMethodClient$Stub$Proxy@13a8f6b5 attribute=null, token = android.os.BinderProxy@1e8d8cba
04-08 09:53:25.090   722   819 W InputMethodManagerService: Window already focused, ignoring focus gain of: com.android.internal.view.IInputMethodClient$Stub$Proxy@1f1a614a attribute=null, token = android.os.BinderProxy@1e8d8cba
04-08 09:53:36.562   722   808 I WindowManager: Input event dispatching timed out sending to com.youku.phone/com.youku.hotspot.activity.ImmersiveFeedActivity.  Reason: Waiting to send key event because the focused window has not finished processing all of the input events that were previously delivered to it.  Outbound queue length: 0.  Wait queue length: 1.
04-08 09:53:36.661   722   787 I ActivityManager: Skipping duplicate ANR: ProcessRecord{19d1e44d 2362:com.youku.phone/u0a54} Input dispatching timed out (Waiting to send key event because the focused window has not finished processing all of the input events that were previously delivered to it.  Outbound queue length: 0.  Wait queue length: 1.)
04-08 09:53:36.669   722  1242 W InputManager: Input event injection from pid 2341 timed out.
04-08 09:53:42.674   722   808 I WindowManager: Input event dispatching timed out sending to com.youku.phone/com.youku.hotspot.activity.ImmersiveFeedActivity.  Reason: Waiting to send key event because the focused window has not finished processing all of the input events that were previously delivered to it.  Outbound queue length: 0.  Wait queue length: 2.
04-08 09:53:42.837   722   739 W InputManager: Input event injection from pid 2341 timed out.
04-08 09:53:42.889   722   787 I ActivityManager: Skipping duplicate ANR: ProcessRecord{19d1e44d 2362:com.youku.phone/u0a54} Input dispatching timed out (Waiting to send key event because the focused window has not finished processing all of the input events that were previously delivered to it.  Outbound queue length: 0.  Wait queue length: 2.)
04-08 09:53:47.846   722   808 I WindowManager: Input event dispatching timed out sending to com.youku.phone/com.youku.hotspot.activity.ImmersiveFeedActivity.  Reason: Waiting to send key event because the focused window has not finished processing all of the input events that were previously delivered to it.  Outbound queue length: 0.  Wait queue length: 2.
04-08 09:53:47.961   722  5104 W InputManager: Input event injection from pid 2341 timed out.
04-08 09:53:48.025   722   787 W ProcessCpuTracker: Skipping unknown process pid 8151
04-08 09:53:48.037   722   787 W ProcessCpuTracker: Skipping unknown process pid 8169
04-08 09:53:48.059   722   787 I ActivityManager: Skipping duplicate ANR: ProcessRecord{19d1e44d 2362:com.youku.phone/u0a54} Input dispatching timed out (Waiting to send key event because the focused window has not finished processing all of the input events that were previously delivered to it.  Outbound queue length: 0.  Wait queue length: 2.)
04-08 09:53:49.701   722   788 I BootReceiver: Copying /data/tombstones/tombstone_01 to DropBox (SYSTEM_TOMBSTONE)
04-08 09:53:49.714   722  8491 W ActivityManager: Skip killing native crashed app com.youku.phone:channel(2939) during testing
04-08 09:53:50.469   722   834 D WifiService: Client connection lost with reason: 4
04-08 09:53:50.609   722  5105 I ActivityManager: Process com.youku.phone:channel (pid 2939) has died
04-08 09:53:50.610   722  5105 W ActivityManager: Scheduling restart of crashed service com.youku.phone/com.alibaba.analytics.AnalyticsService in 1000ms
04-08 09:53:50.610   722  5105 W ActivityManager: Scheduling restart of crashed service com.youku.phone/com.taobao.accs.ChannelService in 11000ms
04-08 09:53:51.337   722   738 V WindowManager: Adding window Window{1a0e476d u0 SurfaceView} at 3 of 9 (before Window{3501c76b u0 com.youku.phone/com.youku.hotspot.activity.ImmersiveFeedActivity})
04-08 09:53:51.699   722   787 I ActivityManager: Start proc 8819:com.youku.phone:channel/u0a54 for service com.youku.phone/com.alibaba.analytics.AnalyticsService
04-08 09:53:51.995  8819  8819 W ResourcesManager: Asset path '/system/framework/android.test.runner.jar' does not exist or contains no resources.
04-08 09:54:01.978   722   834 D WifiService: New client listening to asynchronous messages
04-08 09:54:02.639   722  5637 W ActivityManager: Unable to start service Intent { pkg=com.youku.phone cmp=com.youku.phone/com.taobao.accs.ChannelService$KernelService } U=0: not found
04-08 09:54:06.098   722   808 I WindowManager: Input event dispatching timed out sending to com.youku.phone/com.youku.hotspot.activity.ImmersiveFeedActivity.  Reason: Waiting to send key event because the focused window has not finished processing all of the input events that were previously delivered to it.  Outbound queue length: 0.  Wait queue length: 20.
04-08 09:54:06.276   722   787 I ActivityManager: Skipping duplicate ANR: ProcessRecord{19d1e44d 2362:com.youku.phone/u0a54} Input dispatching timed out (Waiting to send key event because the focused window has not finished processing all of the input events that were previously delivered to it.  Outbound queue length: 0.  Wait queue length: 20.)
04-08 09:54:06.280   722  1242 W InputManager: Input event injection from pid 2341 timed out.
04-08 09:54:11.293   722   808 I WindowManager: Input event dispatching timed out sending to com.youku.phone/com.youku.hotspot.activity.ImmersiveFeedActivity.  Reason: Waiting to send key event because the focused window has not finished processing all of the input events that were previously delivered to it.  Outbound queue length: 0.  Wait queue length: 20.
04-08 09:54:11.472   722  1255 W InputManager: Input event injection from pid 2341 timed out.
04-08 09:54:11.557   722   787 I ActivityManager: Skipping duplicate ANR: ProcessRecord{19d1e44d 2362:com.youku.phone/u0a54} Input dispatching timed out (Waiting to send key event because the focused window has not finished processing all of the input events that were previously delivered to it.  Outbound queue length: 0.  Wait queue length: 20.)
04-08 09:54:17.479   722   808 I WindowManager: Input event dispatching timed out sending to com.youku.phone/com.youku.hotspot.activity.ImmersiveFeedActivity.  Reason: Waiting to send key event because the focused window has not finished processing all of the input events that were previously delivered to it.  Outbound queue length: 0.  Wait queue length: 20.
04-08 09:54:17.643   722  1255 W InputManager: Input event injection from pid 2341 timed out.
04-08 09:54:18.549   722   787 I ActivityManager: Skipping duplicate ANR: ProcessRecord{19d1e44d 2362:com.youku.phone/u0a54} Input dispatching timed out (Waiting to send key event because the focused window has not finished processing all of the input events that were previously delivered to it.  Outbound queue length: 0.  Wait queue length: 20.)
04-08 09:54:22.659   722   808 I WindowManager: Input event dispatching timed out sending to com.youku.phone/com.youku.hotspot.activity.ImmersiveFeedActivity.  Reason: Waiting to send key event because the focused window has not finished processing all of the input events that were previously delivered to it.  Outbound queue length: 0.  Wait queue length: 20.
04-08 09:54:22.854   722  3154 W InputManager: Input event injection from pid 2341 timed out.
04-08 09:54:22.941   722   787 W ProcessCpuTracker: Skipping unknown process pid 16169
04-08 09:54:22.960   722   787 I ActivityManager: Skipping duplicate ANR: ProcessRecord{19d1e44d 2362:com.youku.phone/u0a54} Input dispatching timed out (Waiting to send key event because the focused window has not finished processing all of the input events that were previously delivered to it.  Outbound queue length: 0.  Wait queue length: 20.)
04-08 09:54:30.139   722   808 I WindowManager: Input event dispatching timed out sending to com.youku.phone/com.youku.hotspot.activity.ImmersiveFeedActivity.  Reason: Waiting to send non-key event because the touched window has not finished processing certain input events that were delivered to it over 500.0ms ago.  Wait queue length: 2.  Wait queue head age: 6101.3ms.
04-08 09:54:30.237   722   787 I ActivityManager: Skipping duplicate ANR: ProcessRecord{19d1e44d 2362:com.youku.phone/u0a54} Input dispatching timed out (Waiting to send non-key event because the touched window has not finished processing certain input events that were delivered to it over 500.0ms ago.  Wait queue length: 2.  Wait queue head age: 6101.3ms.)
04-08 09:54:30.239   722  5637 W InputManager: Input event injection from pid 2341 timed out.
04-08 09:54:30.243   722  1242 W InputManager: Input event injection from pid 2341 failed.
04-08 09:54:35.907   722   787 W ProcessCpuTracker: Skipping unknown process pid 19377
04-08 09:54:35.908   722   787 W ProcessCpuTracker: Skipping unknown process pid 19378
04-08 09:54:35.909   722   787 W ProcessCpuTracker: Skipping unknown process pid 19379
04-08 09:54:36.256   722   808 I WindowManager: Input event dispatching timed out sending to com.youku.phone/com.youku.hotspot.activity.ImmersiveFeedActivity.  Reason: Waiting to send non-key event because the touched window has not finished processing certain input events that were delivered to it over 500.0ms ago.  Wait queue length: 2.  Wait queue head age: 12216.8ms.
04-08 09:54:36.463   722   787 I ActivityManager: Skipping duplicate ANR: ProcessRecord{19d1e44d 2362:com.youku.phone/u0a54} Input dispatching timed out (Waiting to send non-key event because the touched window has not finished processing certain input events that were delivered to it over 500.0ms ago.  Wait queue length: 2.  Wait queue head age: 12216.8ms.)
04-08 09:54:36.473   722  5105 W InputManager: Input event injection from pid 2341 timed out.
04-08 09:54:36.478   722   821 W InputManager: Input event injection from pid 2341 failed.
04-08 09:54:42.489   722   808 I WindowManager: Input event dispatching timed out sending to com.youku.phone/com.youku.hotspot.activity.ImmersiveFeedActivity.  Reason: Waiting to send non-key event because the focused window has not finished processing certain input events that were delivered to it over 500.0ms ago.  Wait queue length: 2.  Wait queue head age: 18451.8ms.
04-08 09:54:42.594   722  3154 W InputManager: Input event injection from pid 2341 timed out.
04-08 09:54:44.333   722   787 I ActivityManager: Skipping duplicate ANR: ProcessRecord{19d1e44d 2362:com.youku.phone/u0a54} Input dispatching timed out (Waiting to send non-key event because the focused window has not finished processing certain input events that were delivered to it over 500.0ms ago.  Wait queue length: 2.  Wait queue head age: 18451.8ms.)
04-08 09:54:45.628   722  5105 V WindowManager: Adding window Window{178a8976 u0 SurfaceView} at 3 of 9 (before Window{3501c76b u0 com.youku.phone/com.youku.hotspot.activity.ImmersiveFeedActivity})
04-08 09:54:47.559   722   739 W InputMethodManagerService: Window already focused, ignoring focus gain of: com.android.internal.view.IInputMethodClient$Stub$Proxy@322ab77 attribute=null, token = android.os.BinderProxy@1e8d8cba
04-08 09:54:49.684   722   787 W ProcessCpuTracker: Skipping unknown process pid 22378
04-08 09:54:49.685   722   787 W ProcessCpuTracker: Skipping unknown process pid 22379
04-08 09:54:49.686   722   787 W ProcessCpuTracker: Skipping unknown process pid 22380
04-08 09:54:51.132   722   819 V WindowManager: Adding window Window{2788004d u0 AtchDlg:com.youku.phone/com.youku.hotspot.activity.ImmersiveFeedActivity} at 5 of 10 (after Window{3501c76b u0 com.youku.phone/com.youku.hotspot.activity.ImmersiveFeedActivity})
04-08 09:54:55.190   722  5105 I ActivityManager: START u0 {act=android.intent.action.MAIN cat=[android.intent.category.LAUNCHER] flg=0x10200000 cmp=com.youku.phone/.ActivityWelcome} from uid 0 on display 0
04-08 09:54:57.426   722  5105 W InputManager: Input event injection from pid 2341 failed.
04-08 09:54:57.429   722  5105 W InputMethodManagerService: Window already focused, ignoring focus gain of: com.android.internal.view.IInputMethodClient$Stub$Proxy@1ffdea50 attribute=null, token = android.os.BinderProxy@1e8d8cba
04-08 09:55:08.185   722   738 I ActivityManager: START u0 {act=android.intent.action.MAIN cat=[android.intent.category.LAUNCHER] flg=0x10200000 cmp=com.youku.phone/.ActivityWelcome} from uid 0 on display 0
04-08 09:55:13.298   722   739 V WindowManager: Adding window Window{2361ec05 u0 SurfaceView} at 3 of 9 (before Window{3501c76b u0 com.youku.phone/com.youku.hotspot.activity.ImmersiveFeedActivity})
04-08 09:55:16.542   722   808 I WindowManager: Input event dispatching timed out sending to com.youku.phone/com.youku.hotspot.activity.ImmersiveFeedActivity.  Reason: Waiting to send key event because the focused window has not finished processing all of the input events that were previously delivered to it.  Outbound queue length: 0.  Wait queue length: 1.
04-08 09:55:16.701   722   787 I ActivityManager: Skipping duplicate ANR: ProcessRecord{19d1e44d 2362:com.youku.phone/u0a54} Input dispatching timed out (Waiting to send key event because the focused window has not finished processing all of the input events that were previously delivered to it.  Outbound queue length: 0.  Wait queue length: 1.)
04-08 09:55:16.704   722  5637 W InputManager: Input event injection from pid 2341 timed out.
04-08 09:55:17.806   722   819 V WindowManager: Adding window Window{321a4381 u0 AtchDlg:com.youku.phone/com.youku.hotspot.activity.ImmersiveFeedActivity} at 5 of 10 (after Window{3501c76b u0 com.youku.phone/com.youku.hotspot.activity.ImmersiveFeedActivity})
04-08 09:55:18.857   722  5636 W InputMethodManagerService: Window already focused, ignoring focus gain of: com.android.internal.view.IInputMethodClient$Stub$Proxy@c863c26 attribute=null, token = android.os.BinderProxy@1e8d8cba
04-08 09:55:24.332   722   739 V WindowManager: Adding window Window{779c03 u0 SurfaceView} at 3 of 9 (before Window{3501c76b u0 com.youku.phone/com.youku.hotspot.activity.ImmersiveFeedActivity})
04-08 09:55:25.789   722   739 V WindowManager: Adding window Window{38aae1b9 u0 AtchDlg:com.youku.phone/com.youku.hotspot.activity.ImmersiveFeedActivity} at 5 of 10 (after Window{3501c76b u0 com.youku.phone/com.youku.hotspot.activity.ImmersiveFeedActivity})
04-08 09:55:30.932   722   739 W InputMethodManagerService: Window already focused, ignoring focus gain of: com.android.internal.view.IInputMethodClient$Stub$Proxy@3f9ea9fe attribute=null, token = android.os.BinderProxy@1e8d8cba
04-08 09:55:35.265   722  1241 V WindowManager: Adding window Window{2906887b u0 SurfaceView} at 3 of 9 (before Window{3501c76b u0 com.youku.phone/com.youku.hotspot.activity.ImmersiveFeedActivity})
04-08 09:55:35.484   722  5105 W InputMethodManagerService: Window already focused, ignoring focus gain of: com.android.internal.view.IInputMethodClient$Stub$Proxy@3f7fc698 attribute=null, token = android.os.BinderProxy@1e8d8cba
04-08 09:55:45.892   722  5636 V WindowManager: Adding window Window{18ebfad6 u0 AtchDlg:com.youku.phone/com.youku.hotspot.activity.ImmersiveFeedActivity} at 5 of 10 (after Window{3501c76b u0 com.youku.phone/com.youku.hotspot.activity.ImmersiveFeedActivity})
04-08 09:55:48.573   722   738 W ProcessCpuTracker: Skipping unknown process pid 4345
04-08 09:55:48.604   722   738 W ProcessCpuTracker: Skipping unknown process pid 4347
04-08 09:55:50.232   722  2788 I ActivityManager: START u0 {act=android.intent.action.MAIN cat=[android.intent.category.LAUNCHER] flg=0x10200000 cmp=com.youku.phone/.ActivityWelcome} from uid 0 on display 0
04-08 09:55:52.333   722  1253 W InputMethodManagerService: Window already focused, ignoring focus gain of: com.android.internal.view.IInputMethodClient$Stub$Proxy@1a6b3157 attribute=null, token = android.os.BinderProxy@1e8d8cba
04-08 09:56:08.397   722   739 W ProcessCpuTracker: Skipping unknown process pid 9307
04-08 09:56:10.188   722   738 I ActivityManager: START u0 {act=android.intent.action.MAIN cat=[android.intent.category.LAUNCHER] flg=0x10008000 cmp=com.android.settings/.UsbSettings} from uid 1000 on display 0
04-08 09:56:10.261   722   739 W InputMethodManagerService: Window already focused, ignoring focus gain of: com.android.internal.view.IInputMethodClient$Stub$Proxy@3ed9d0e5 attribute=null, token = android.os.BinderProxy@1e8d8cba
04-08 09:56:16.986   722  1253 V WindowManager: Adding window Window{2156c586 u0 SurfaceView} at 3 of 9 (before Window{3501c76b u0 com.youku.phone/com.youku.hotspot.activity.ImmersiveFeedActivity})
04-08 09:56:17.575   722  1253 V WindowManager: Adding window Window{3e11b674 u0 AtchDlg:com.youku.phone/com.youku.hotspot.activity.ImmersiveFeedActivity} at 5 of 10 (after Window{3501c76b u0 com.youku.phone/com.youku.hotspot.activity.ImmersiveFeedActivity})
04-08 09:56:20.193   722   738 W InputMethodManagerService: Window already focused, ignoring focus gain of: com.android.internal.view.IInputMethodClient$Stub$Proxy@24da379d attribute=null, token = android.os.BinderProxy@1e8d8cba
04-08 09:56:20.326   722   787 W ProcessCpuTracker: Skipping unknown process pid 11766
04-08 09:56:20.340   722   787 W ProcessCpuTracker: Skipping unknown process pid 12183
04-08 09:56:23.754   722  5105 I ActivityManager: START u0 {cmp=com.youku.phone/com.youku.ui.activity.DetailActivity (has extras)} from uid 10054 on display 0
04-08 09:56:23.771   722  5105 V WindowManager: addAppToken: AppWindowToken{1dcdc5e0 token=Token{222b57e3 ActivityRecord{e49b412 u0 com.youku.phone/com.youku.ui.activity.DetailActivity t2}}} to stack=1 task=2 at 2
04-08 09:56:24.277   722   787 W ActivityManager: Activity pause timeout for ActivityRecord{325e254f u0 com.youku.phone/com.youku.hotspot.activity.ImmersiveFeedActivity t2}
04-08 09:56:29.853   722   808 I WindowManager: Input event dispatching timed out sending to application AppWindowToken{1dcdc5e0 token=Token{222b57e3 ActivityRecord{e49b412 u0 com.youku.phone/com.youku.ui.activity.DetailActivity t2}}}.  Reason: Waiting because no window has focus but there is a focused application that may eventually add a window when it finishes starting up.
04-08 09:56:29.977   722   787 I ActivityManager: Skipping duplicate ANR: ProcessRecord{19d1e44d 2362:com.youku.phone/u0a54} Input dispatching timed out (Waiting because no window has focus but there is a focused application that may eventually add a window when it finishes starting up.)
04-08 09:56:29.979   722  1220 W InputManager: Input event injection from pid 2341 timed out.
04-08 09:56:30.375   722  1253 V WindowManager: Adding window Window{2e756f79 u0 com.youku.phone/com.youku.ui.activity.DetailActivity} at 4 of 9 (after Window{3501c76b u0 com.youku.phone/com.youku.hotspot.activity.ImmersiveFeedActivity})
04-08 09:56:30.383  2362  2362 W ViewRootImpl: Dropping event due to no window focus: MotionEvent { action=ACTION_MOVE, id[0]=0, x[0]=2.0, y[0]=3.0, toolType[0]=TOOL_TYPE_UNKNOWN, buttonState=0, metaState=0, flags=0x0, edgeFlags=0x0, pointerCount=1, historySize=0, eventTime=773310, downTime=-1, deviceId=0, source=0x10004 }
04-08 09:56:30.388  2362  2362 W ViewRootImpl: Dropping event due to no window focus: MotionEvent { action=ACTION_MOVE, id[0]=0, x[0]=2.0, y[0]=2.0, toolType[0]=TOOL_TYPE_UNKNOWN, buttonState=0, metaState=0, flags=0x0, edgeFlags=0x0, pointerCount=1, historySize=0, eventTime=773323, downTime=-1, deviceId=0, source=0x10004 }
04-08 09:56:30.391  2362  2362 W ViewRootImpl: Dropping event due to no window focus: MotionEvent { action=ACTION_MOVE, id[0]=0, x[0]=-1.0, y[0]=-3.0, toolType[0]=TOOL_TYPE_UNKNOWN, buttonState=0, metaState=0, flags=0x0, edgeFlags=0x0, pointerCount=1, historySize=2, eventTime=773337, downTime=-1, deviceId=0, source=0x10004 }
04-08 09:56:30.397  2362  2362 W ViewRootImpl: Dropping event due to no window focus: MotionEvent { action=ACTION_MOVE, id[0]=0, x[0]=-5.0, y[0]=-3.0, toolType[0]=TOOL_TYPE_UNKNOWN, buttonState=0, metaState=0, flags=0x0, edgeFlags=0x0, pointerCount=1, historySize=2, eventTime=773362, downTime=-1, deviceId=0, source=0x10004 }
04-08 09:56:30.402  2362  2362 W ViewRootImpl: Dropping event due to no window focus: MotionEvent { action=ACTION_MOVE, id[0]=0, x[0]=2.0, y[0]=0.0, toolType[0]=TOOL_TYPE_UNKNOWN, buttonState=0, metaState=0, flags=0x0, edgeFlags=0x0, pointerCount=1, historySize=1, eventTime=773373, downTime=-1, deviceId=0, source=0x10004 }
04-08 09:56:33.774   722   787 W ActivityManager: Launch timeout has expired, giving up wake lock!
04-08 09:56:35.041   722  2788 V WindowManager: Adding window Window{a1c4504 u0 SurfaceView} at 4 of 10 (before Window{2e756f79 u0 com.youku.phone/com.youku.ui.activity.DetailActivity})
04-08 09:56:35.126  2362  2362 W ViewRootImpl: Cancelling event due to no window focus: KeyEvent { action=ACTION_UP, keyCode=KEYCODE_DPAD_CENTER, scanCode=0, metaState=0, flags=0x80000028, repeatCount=0, eventTime=779716, downTime=779716, deviceId=-1, source=0x101 }
04-08 09:56:35.131  2362  2362 W ViewRootImpl: Cancelling event due to no window focus: KeyEvent { action=ACTION_UP, keyCode=KEYCODE_DPAD_CENTER, scanCode=0, metaState=0, flags=0x80000028, repeatCount=0, eventTime=779716, downTime=779716, deviceId=-1, source=0x101 }
04-08 09:56:35.132  2362  2362 W ViewRootImpl: Cancelling event due to no window focus: KeyEvent { action=ACTION_UP, keyCode=KEYCODE_DPAD_CENTER, scanCode=0, metaState=0, flags=0x80000028, repeatCount=0, eventTime=779716, downTime=779716, deviceId=-1, source=0x101 }
04-08 09:56:35.132  2362  2362 W ViewRootImpl: Cancelling event due to no window focus: KeyEvent { action=ACTION_UP, keyCode=KEYCODE_DPAD_CENTER, scanCode=0, metaState=0, flags=0x80000028, repeatCount=0, eventTime=779716, downTime=779716, deviceId=-1, source=0x101 }
04-08 09:56:35.135  2362  2362 W ViewRootImpl: Cancelling event due to no window focus: KeyEvent { action=ACTION_UP, keyCode=KEYCODE_DPAD_CENTER, scanCode=0, metaState=0, flags=0x80000028, repeatCount=0, eventTime=779716, downTime=779716, deviceId=-1, source=0x101 }
04-08 09:56:35.135  2362  2362 W ViewRootImpl: Cancelling event due to no window focus: KeyEvent { action=ACTION_UP, keyCode=KEYCODE_DPAD_CENTER, scanCode=0, metaState=0, flags=0x80000028, repeatCount=0, eventTime=779716, downTime=779716, deviceId=-1, source=0x101 }
04-08 09:56:35.136  2362  2362 W ViewRootImpl: Cancelling event due to no window focus: KeyEvent { action=ACTION_UP, keyCode=KEYCODE_DPAD_CENTER, scanCode=0, metaState=0, flags=0x80000028, repeatCount=0, eventTime=779716, downTime=779716, deviceId=-1, source=0x101 }
04-08 09:56:35.141  2362  2362 W ViewRootImpl: Cancelling event due to no window focus: KeyEvent { action=ACTION_UP, keyCode=KEYCODE_DPAD_CENTER, scanCode=0, metaState=0, flags=0x80000028, repeatCount=0, eventTime=779716, downTime=779716, deviceId=-1, source=0x101 }
04-08 09:56:35.142  2362  2362 W ViewRootImpl: Cancelling event due to no window focus: KeyEvent { action=ACTION_UP, keyCode=KEYCODE_DPAD_CENTER, scanCode=0, metaState=0, flags=0x80000028, repeatCount=0, eventTime=779716, downTime=779716, deviceId=-1, source=0x101 }
04-08 09:56:38.945   722  1253 W ProcessCpuTracker: Skipping unknown process pid 16433
04-08 09:56:41.049   722   808 I WindowManager: Input event dispatching timed out sending to com.youku.phone/com.youku.ui.activity.DetailActivity.  Reason: Waiting to send key event because the focused window has not finished processing all of the input events that were previously delivered to it.  Outbound queue length: 0.  Wait queue length: 20.
04-08 09:56:41.313   722   787 I ActivityManager: Skipping duplicate ANR: ProcessRecord{19d1e44d 2362:com.youku.phone/u0a54} Input dispatching timed out (Waiting to send key event because the focused window has not finished processing all of the input events that were previously delivered to it.  Outbound queue length: 0.  Wait queue length: 20.)
04-08 09:56:41.321   722  5105 W InputManager: Input event injection from pid 2341 timed out.
04-08 09:56:46.335   722   808 I WindowManager: Input event dispatching timed out sending to com.youku.phone/com.youku.ui.activity.DetailActivity.  Reason: Waiting to send key event because the focused window has not finished processing all of the input events that were previously delivered to it.  Outbound queue length: 0.  Wait queue length: 20.
04-08 09:56:46.591   722   787 I ActivityManager: Skipping duplicate ANR: ProcessRecord{19d1e44d 2362:com.youku.phone/u0a54} Input dispatching timed out (Waiting to send key event because the focused window has not finished processing all of the input events that were previously delivered to it.  Outbound queue length: 0.  Wait queue length: 20.)
04-08 09:56:46.593   722   739 W InputManager: Input event injection from pid 2341 timed out.
04-08 09:56:52.602   722   808 I WindowManager: Input event dispatching timed out sending to com.youku.phone/com.youku.ui.activity.DetailActivity.  Reason: Waiting to send key event because the focused window has not finished processing all of the input events that were previously delivered to it.  Outbound queue length: 0.  Wait queue length: 20.
04-08 09:56:52.926   722  2788 W InputManager: Input event injection from pid 2341 timed out.
04-08 09:56:53.122   722   787 W ProcessCpuTracker: Skipping unknown process pid 19941
04-08 09:56:53.144   722   787 W ProcessCpuTracker: Skipping unknown process pid 19967
04-08 09:56:53.147   722   787 W ProcessCpuTracker: Skipping unknown process pid 19968
04-08 09:56:53.237   722   787 W ProcessCpuTracker: Skipping unknown process pid 19969
04-08 09:56:53.254   722   787 W ProcessCpuTracker: Skipping unknown process pid 19970
04-08 09:56:53.293   722   787 I ActivityManager: Skipping duplicate ANR: ProcessRecord{19d1e44d 2362:com.youku.phone/u0a54} Input dispatching timed out (Waiting to send key event because the focused window has not finished processing all of the input events that were previously delivered to it.  Outbound queue length: 0.  Wait queue length: 20.)
04-08 09:56:57.938   722   808 I WindowManager: Input event dispatching timed out sending to com.youku.phone/com.youku.ui.activity.DetailActivity.  Reason: Waiting to send key event because the focused window has not finished processing all of the input events that were previously delivered to it.  Outbound queue length: 0.  Wait queue length: 20.
04-08 09:56:58.299   722  1253 W InputManager: Input event injection from pid 2341 timed out.
04-08 09:56:58.554   722   787 I ActivityManager: Skipping duplicate ANR: ProcessRecord{19d1e44d 2362:com.youku.phone/u0a54} Input dispatching timed out (Waiting to send key event because the focused window has not finished processing all of the input events that were previously delivered to it.  Outbound queue length: 0.  Wait queue length: 20.)
04-08 09:57:04.310   722   808 I WindowManager: Input event dispatching timed out sending to com.youku.phone/com.youku.ui.activity.DetailActivity.  Reason: Waiting to send non-key event because the focused window has not finished processing certain input events that were delivered to it over 500.0ms ago.  Wait queue length: 20.  Wait queue head age: 28371.1ms.
04-08 09:57:04.693   722  1253 W InputManager: Input event injection from pid 2341 timed out.
04-08 09:57:04.876   722   787 I ActivityManager: Skipping duplicate ANR: ProcessRecord{19d1e44d 2362:com.youku.phone/u0a54} Input dispatching timed out (Waiting to send non-key event because the focused window has not finished processing certain input events that were delivered to it over 500.0ms ago.  Wait queue length: 20.  Wait queue head age: 28371.1ms.)
04-08 09:57:16.497   722  1253 I ActivityManager: START u0 {act=android.intent.action.MAIN cat=[android.intent.category.LAUNCHER] flg=0x10200000 cmp=com.youku.phone/.ActivityWelcome} from uid 0 on display 0
04-08 09:57:18.943   722  2788 W ProcessCpuTracker: Skipping unknown process pid 26273
04-08 09:57:18.958   722  2788 W ProcessCpuTracker: Skipping unknown process pid 26274
04-08 09:57:18.959   722  2788 W ProcessCpuTracker: Skipping unknown process pid 26275
04-08 09:57:18.984   722  2788 W ProcessCpuTracker: Skipping unknown process pid 26276
04-08 09:57:47.358   722   808 I WindowManager: Input event dispatching timed out sending to com.youku.phone/com.youku.ui.activity.DetailActivity.  Reason: Waiting to send key event because the focused window has not finished processing all of the input events that were previously delivered to it.  Outbound queue length: 0.  Wait queue length: 10.
04-08 09:57:47.487   722  3154 W InputManager: Input event injection from pid 2341 timed out.
04-08 09:57:49.415   722   787 I ActivityManager: Skipping duplicate ANR: ProcessRecord{19d1e44d 2362:com.youku.phone/u0a54} Input dispatching timed out (Waiting to send key event because the focused window has not finished processing all of the input events that were previously delivered to it.  Outbound queue length: 0.  Wait queue length: 10.)
04-08 09:58:03.147   722   808 I WindowManager: Input event dispatching timed out sending to com.youku.phone/com.youku.ui.activity.DetailActivity.  Reason: Waiting to send key event because the focused window has not finished processing all of the input events that were previously delivered to it.  Outbound queue length: 0.  Wait queue length: 1.
04-08 09:58:03.407   722   787 I ActivityManager: Skipping duplicate ANR: ProcessRecord{19d1e44d 2362:com.youku.phone/u0a54} Input dispatching timed out (Waiting to send key event because the focused window has not finished processing all of the input events that were previously delivered to it.  Outbound queue length: 0.  Wait queue length: 1.)
04-08 09:58:03.419   722  1253 W InputManager: Input event injection from pid 2341 timed out.
04-08 09:58:07.812   722  2788 V WindowManager: Adding window Window{33c2de7a u0 AtchDlg:com.youku.phone/com.youku.ui.activity.DetailActivity} at 6 of 11 (after Window{2e756f79 u0 com.youku.phone/com.youku.ui.activity.DetailActivity})
04-08 09:58:08.500   722   739 W InputManager: Input event injection from pid 2341 failed.
04-08 09:58:08.539   722  2788 W InputManager: Input event injection from pid 2341 failed.
04-08 09:58:08.598   722  3154 W InputMethodManagerService: Window already focused, ignoring focus gain of: com.android.internal.view.IInputMethodClient$Stub$Proxy@1a65ea07 attribute=null, token = android.os.BinderProxy@2a91b440
