08-04 00:29:05.456  1184  1184 D DCT     : [0]setupDataOnConnectableApns: apnContext {mApnType=fota mState=IDLE mWaitingApns={null} mWaitingApnsPermanentFailureCountDown=0 mApnSetting={null} mReason=radioTurnedOff mDataEnabled=false mDependencyMet=true}
08-04 00:29:05.456  1184  1297 D RilRequest: [3689]< SIM_IO error: com.android.internal.telephony.CommandException: GENERIC_FAILURE ret=IccIoResponse sw1:0x94 sw2:0x4
08-04 00:29:05.458  1184  1184 D DCT     : [0]setupDataOnConnectableApns: apnContext {mApnType=ims mState=IDLE mWaitingApns={null} mWaitingApnsPermanentFailureCountDown=0 mApnSetting={null} mReason=radioTurnedOff mDataEnabled=false mDependencyMet=true}
08-04 00:29:05.459  1184  1184 D DCT     : [0]setupDataOnConnectableApns: apnContext {mApnType=default mState=IDLE mWaitingApns={null} mWaitingApnsPermanentFailureCountDown=0 mApnSetting={null} mReason=radioTurnedOff mDataEnabled=false mDependencyMet=true}
08-04 00:29:05.460  1184  1184 D DCT     : [0]setupDataOnConnectableApns: apnContext {mApnType=ia mState=IDLE mWaitingApns={null} mWaitingApnsPermanentFailureCountDown=0 mApnSetting={null} mReason=radioTurnedOff mDataEnabled=false mDependencyMet=true}
08-04 00:29:05.460  1184  1184 D SIMRecords: [SIMRecords] IMSI: mMncLength=-1
08-04 00:29:05.461  1184  1184 D SIMRecords: [SIMRecords] IMSI: 460011xxxxxxx
08-04 00:29:05.461  1184  1184 D SIMRecords: [SIMRecords] onRecordLoaded 17 requested: true
08-04 00:29:05.462  1184  1184 D RILJ    : [3701]> iccIO: SIM_IO 0xb0 0x2fe2  path: 3F00,0,0,10 aid: a0000000871002ff86ffff89ffffffff [SUB0]
08-04 00:29:05.464  1184  1184 D SubscriptionController: [getSubId]- mSlotIdToSubIdMap.size == 0, return DummySubIds slotIdx=0
08-04 00:29:05.465  1184  1184 D SubscriptionController: getDummySubIds: slotIdx=0 return 1 DummySubIds with each subId=-2
08-04 00:29:05.466   722  1255 D SubscriptionManager: [getPhoneId]- fail
08-04 00:29:05.466  1184  1184 D RILJ    : [3702]> OPERATOR [SUB0]
08-04 00:29:05.468  1184  1184 D RILJ    : [3703]> DATA_REGISTRATION_STATE [SUB0]
08-04 00:29:05.470  1184  1184 D RILJ    : [3704]> VOICE_REGISTRATION_STATE [SUB0]
08-04 00:29:05.473  1184  1184 D RILJ    : [3705]> QUERY_NETWORK_SELECTION_MODE [SUB0]
08-04 00:29:05.477  1184  1184 D RILJ    : [3706]> iccIO: SIM_IO 0xb2 0x6f40  path: 3F007FFF,1,4,28 aid: a0000000871002ff86ffff89ffffffff [SUB0]
08-04 00:29:05.478   190  1487 D RILC    : RequestComplete, RIL_SOCKET_1
08-04 00:29:05.478   190  1487 E RILC    : Send Response to RIL_SOCKET_1
08-04 00:29:05.479  1184  1297 D RILJ    : [3705]< QUERY_NETWORK_SELECTION_MODE {0} [SUB0]
08-04 00:29:05.480   190  1486 I RILQ    : (0/190):RIL[0][cmd-20(248)] qcril_qmi_nas_update_data_rte: completed, new drte 0 with confidence 4
08-04 00:29:05.480  1184  1184 E IccCardProxy: setExternalState: !override and newstate unchanged from READY
08-04 00:29:05.481  1184  1184 D SubscriptionInfoUpdater: [Receiver]+
08-04 00:29:05.481  1184  1184 D SubscriptionInfoUpdater: Action: android.intent.action.SIM_STATE_CHANGED
08-04 00:29:05.481  1184  1184 D SubscriptionInfoUpdater: slotId: 0
08-04 00:29:05.481  1184  1184 D SubscriptionInfoUpdater: simStatus: READY
08-04 00:29:05.481  1184  1184 D SubscriptionInfoUpdater: Ignoring simStatus: READY
08-04 00:29:05.481  1184  1184 D SubscriptionInfoUpdater: [Receiver]-
08-04 00:29:05.482  1184  1184 D UiccCarrierPrivilegeRules: EVENT_OPEN_LOGICAL_CHANNEL_DONE
08-04 00:29:05.482  1184  1184 E UiccCarrierPrivilegeRules: Error opening channel
08-04 00:29:05.482  1184  1184 D DctController: handleMessage msg={ when=-129ms what=100 target=com.android.internal.telephony.dataconnection.DctController }
08-04 00:29:05.482  1184  1184 D DctController: getTopPriorityRequestPhoneId = 0, priority = -1
08-04 00:29:05.484  1184  1184 D DcSwitchAsyncChannel: [DcSwitchAsyncChannel-0]: rspIsIdle=true
08-04 00:29:05.484  1184  1184 D DctController: onProcessRequest phoneId=0, activePhoneId=-1
08-04 00:29:05.485  1184  1184 D RILJ    : [3707]> iccIO: SIM_IO 0xb0 0x6fad  path: 3F007FFF,0,0,4 aid: a0000000871002ff86ffff89ffffffff [SUB0]
08-04 00:29:05.488   190  1484 D RILC    : RequestComplete, RIL_SOCKET_1
08-04 00:29:05.489   190  1484 E RILC    : Send Response to RIL_SOCKET_1
08-04 00:29:05.489  1184  1297 D RILJ    : [3702]< OPERATOR {null, null, null} [SUB0]
08-04 00:29:05.491   190  1486 D RILC    : RequestComplete, RIL_SOCKET_1
08-04 00:29:05.491   190  1486 E RILC    : Send Response to RIL_SOCKET_1
08-04 00:29:05.492   190   304 D RILC    : RequestComplete, RIL_SOCKET_1
08-04 00:29:05.492   190   304 E RILC    : Send Response to RIL_SOCKET_1
08-04 00:29:05.492   190  1485 D RILC    : RequestComplete, RIL_SOCKET_1
08-04 00:29:05.492   190  1485 E RILC    : Send Response to RIL_SOCKET_1
08-04 00:29:05.493  1184  1297 D RILJ    : [3704]< VOICE_REGISTRATION_STATE {2, null, null, 0, null, null, null, 0, null, null, null, null, null, 0, null} [SUB0]
08-04 00:29:05.494  1184  1297 D RilRequest: [3690]< SIM_IO error: com.android.internal.telephony.CommandException: GENERIC_FAILURE ret=IccIoResponse sw1:0x6a sw2:0x82
08-04 00:29:05.495  1184  1297 D RILJ    : [3703]< DATA_REGISTRATION_STATE {0, null, null, null, 0, 20, null, 446, 2929439, null, null} [SUB0]
08-04 00:29:05.495  1184  1184 D SubscriptionController: [getSubId]- mSlotIdToSubIdMap.size == 0, return DummySubIds slotIdx=0
08-04 00:29:05.496  1184  1184 D SubscriptionController: getDummySubIds: slotIdx=0 return 1 DummySubIds with each subId=-2
08-04 00:29:05.496  1184  1184 D IccCardProxy: broadcastIccStateChangedIntent intent ACTION_SIM_STATE_CHANGED value=IMSI reason=null for mPhoneId=0
08-04 00:29:05.502  1184  1184 D RILJ    : [3708]> iccIO: SIM_IO 0xc0 0x6f17  path: 3F007FFF,0,0,15 aid: a0000000871002ff86ffff89ffffffff [SUB0]
08-04 00:29:05.508   190   304 D RILC    : RequestComplete, RIL_SOCKET_1
08-04 00:29:05.508   190   304 E RILC    : Send Response to RIL_SOCKET_1
08-04 00:29:05.510  1184  1297 D RILJ    : [3691]< SIM_IO IccIoResponse sw1:0x90 sw2:0x0 [SUB0]
08-04 00:29:05.511  1184  1184 D SIMRecords: [SIMRecords] onRecordLoaded 17 requested: true
08-04 00:29:05.511  1184  1184 D SIMRecords: [SIMRecords] EF_MWIS : null
08-04 00:29:05.511  1184  1184 D SIMRecords: [SIMRecords] EVENT_GET_MWIS_DONE exception = com.android.internal.telephony.CommandException: GENERIC_FAILURE
08-04 00:29:05.511  1184  1184 D SIMRecords: [SIMRecords] onRecordLoaded 16 requested: true
08-04 00:29:05.512  1184  1184 D SIMRecords: [SIMRecords] EF_CPHS_MWI: null
08-04 00:29:05.512  1184  1184 D SIMRecords: [SIMRecords] EVENT_GET_VOICE_MAIL_INDICATOR_CPHS_DONE exception = com.android.internal.telephony.CommandException: GENERIC_FAILURE
08-04 00:29:05.512  1184  1184 D SIMRecords: [SIMRecords] onRecordLoaded 15 requested: true
08-04 00:29:05.513  1184  1184 D SIMRecords: [SIMRecords] onRecordLoaded 14 requested: true
08-04 00:29:05.514  1184  1184 D PHONE   : [ServiceState] setVoiceRegState=1
08-04 00:29:05.514  1184  1184 E PHONE   : [ServiceState] setState deprecated use setVoiceRegState()
08-04 00:29:05.515  1184  1184 D PHONE   : [ServiceState] setDataRegState=1
08-04 00:29:05.515  1184  1184 D PHONE   : [ServiceState] setDataRadioTechnology=0
08-04 00:29:05.515  1184  1184 D GsmSST  : [GsmSST] handlPollStateResultMessage: GsmSST setDataRegState=1 regState=0 dataRadioTechnology=0
08-04 00:29:05.516  1184  1184 D GsmSST  : [GsmSST] Poll ServiceState done:  oldSS=[1 1 voice home data home null null null null null null  Unknown Unknown CSS not supported -1 -1 RoamInd=-1 DefRoamInd=-1 EmergOnly=false] newSS=[1 1 voice home data home null null null null null null  Unknown Unknown CSS not supported -1 -1 RoamInd=-1 DefRoamInd=-1 EmergOnly=false] oldMaxDataCalls=20 mNewMaxDataCalls=20 oldReasonDataDenied=-1 mNewReasonDataDenied=-1
08-04 00:29:05.517  1184  1184 D PHONE   : [ServiceState] setNullState=1
08-04 00:29:05.517  1184  1184 D SubscriptionInfoUpdater: [Receiver]+
08-04 00:29:05.517   722   786 D TelephonyManager: getSimOperatorNumeric(): default subId=1
08-04 00:29:05.517  1184  1184 D SubscriptionInfoUpdater: Action: android.intent.action.SIM_STATE_CHANGED
08-04 00:29:05.517  1184  1184 D SubscriptionInfoUpdater: slotId: 0
08-04 00:29:05.517  1184  1184 D SubscriptionInfoUpdater: simStatus: IMSI
08-04 00:29:05.517  1184  1184 D SubscriptionInfoUpdater: Ignoring simStatus: IMSI
08-04 00:29:05.518  1184  1184 D SubscriptionInfoUpdater: [Receiver]-
08-04 00:29:05.518  1184  1353 D SubscriptionController: [getPhoneId]- no sims, returning default phoneId=2147483647
08-04 00:29:05.523  1184  1184 D RILJ    : [3709]> iccIO: SIM_IO 0xb0 0x6f46  path: 3F007FFF,0,0,17 aid: a0000000871002ff86ffff89ffffffff [SUB0]
08-04 00:29:05.525   722   786 D TelephonyManager: getTelephonyProperty: return propVal='null' phoneId=2147483647 property='gsm.sim.operator.numeric' defaultVal='' prop=
08-04 00:29:05.526  1184  1184 D SIMRecords: [SIMRecords] onRecordLoaded 13 requested: true
08-04 00:29:05.541   190   304 D RILC    : RequestComplete, RIL_SOCKET_1
08-04 00:29:05.541   190   304 E RILC    : Send Response to RIL_SOCKET_1
08-04 00:29:05.542  1184  1297 D RilRequest: [3692]< SIM_IO error: com.android.internal.telephony.CommandException: GENERIC_FAILURE ret=IccIoResponse sw1:0x6a sw2:0x82
08-04 00:29:05.544  1184  1184 D SIMRecords: [SIMRecords] onRecordLoaded 12 requested: true
08-04 00:29:05.563   190   304 D RILC    : RequestComplete, RIL_SOCKET_1
08-04 00:29:05.563   190   304 E RILC    : Send Response to RIL_SOCKET_1
08-04 00:29:05.564  1184  1297 D RILJ    : [3693]< SIM_IO IccIoResponse sw1:0x90 sw2:0x0 [SUB0]
08-04 00:29:05.565  1184  1184 D RILJ    : [3710]> iccIO: SIM_IO 0xb2 0x6fc5  path: 3F007FFF,1,4,14 aid: a0000000871002ff86ffff89ffffffff [SUB0]
08-04 00:29:05.565   190   304 D RILC    : RequestComplete, RIL_SOCKET_1
08-04 00:29:05.565   190   304 E RILC    : Send Response to RIL_SOCKET_1
08-04 00:29:05.566  1184  1297 D RILJ    : [3707]< SIM_IO IccIoResponse sw1:0x90 sw2:0x0 [SUB0]
08-04 00:29:05.567  1184  1184 D SIMRecords: [SIMRecords] EF_AD: 00000002
08-04 00:29:05.567  1184  1184 D SIMRecords: [SIMRecords] setting4 mMncLength=2
08-04 00:29:05.567  1184  1184 D SIMRecords: [SIMRecords] mccmncCode=460011
08-04 00:29:05.568  1184  1184 D SIMRecords: [SIMRecords] update mccmnc=46001
08-04 00:29:05.587  1184  1184 D TelephonyManager: getSimOperatorNumeric(): default subId=1
08-04 00:29:05.588  1184  1184 D SubscriptionController: [getPhoneId]- no sims, returning default phoneId=2147483647
08-04 00:29:05.597  1184  1184 D TelephonyManager: getTelephonyProperty: return propVal='null' phoneId=2147483647 property='gsm.sim.operator.numeric' defaultVal='' prop=
08-04 00:29:05.599  1184  1311 D GsmCellBroadcastHandler: mWakeLock released
08-04 00:29:05.622   190   304 D RILC    : RequestComplete, RIL_SOCKET_1
08-04 00:29:05.623   190   304 E RILC    : Send Response to RIL_SOCKET_1
08-04 00:29:05.623  1184  1184 D SIMRecords: [SIMRecords] onRecordLoaded 11 requested: true
08-04 00:29:05.624  1184  1297 D RILJ    : [3694]< SIM_IO IccIoResponse sw1:0x90 sw2:0x0 [SUB0]
08-04 00:29:05.632  1184  1184 D RILJ    : [3711]> iccIO: SIM_IO 0xb0 0x6f38  path: 3F007FFF,0,0,10 aid: a0000000871002ff86ffff89ffffffff [SUB0]
08-04 00:29:05.654  1184  1224 D DCT     : [0]hasMatchedTetherApnSetting: APN=null
08-04 00:29:05.655   190   304 D RILC    : RequestComplete, RIL_SOCKET_1
08-04 00:29:05.655   190   304 E RILC    : Send Response to RIL_SOCKET_1
08-04 00:29:05.656  1184  1297 D RilRequest: [3695]< SIM_IO error: com.android.internal.telephony.CommandException: GENERIC_FAILURE ret=IccIoResponse sw1:0x6a sw2:0x82
08-04 00:29:05.658  1184  1184 D SIMRecords: [SIMRecords] onRecordLoaded 10 requested: true
08-04 00:29:05.686   190   304 D RILC    : RequestComplete, RIL_SOCKET_1
08-04 00:29:05.686   190   304 E RILC    : Send Response to RIL_SOCKET_1
08-04 00:29:05.687  1184  1297 D RilRequest: [3696]< SIM_IO error: com.android.internal.telephony.CommandException: GENERIC_FAILURE ret=IccIoResponse sw1:0x6a sw2:0x82
08-04 00:29:05.688  1184  1184 E SIMRecords: [SIMRecords] Exception in fetching EF_CSP data com.android.internal.telephony.CommandException: GENERIC_FAILURE
08-04 00:29:05.688  1184  1184 D SIMRecords: [SIMRecords] onRecordLoaded 9 requested: true
08-04 00:29:05.707   190   304 D RILC    : RequestComplete, RIL_SOCKET_1
08-04 00:29:05.707   190   304 E RILC    : Send Response to RIL_SOCKET_1
08-04 00:29:05.708  1184  1297 D RILJ    : [3697]< SIM_IO IccIoResponse sw1:0x90 sw2:0x0 [SUB0]
08-04 00:29:05.709  1184  1184 D RILJ    : [3712]> iccIO: SIM_IO 0xb0 0x6f3e  path: 3F007FFF,0,0,1 aid: a0000000871002ff86ffff89ffffffff [SUB0]
08-04 00:29:05.762   190   304 D RILC    : RequestComplete, RIL_SOCKET_1
08-04 00:29:05.762   190   304 E RILC    : Send Response to RIL_SOCKET_1
08-04 00:29:05.768  1184  1297 D RILJ    : [3698]< SIM_IO IccIoResponse sw1:0x90 sw2:0x0 [SUB0]
08-04 00:29:05.770  1184  1184 D RILJ    : [3713]> iccIO: SIM_IO 0xb0 0x6f05  path: 3F007FFF,0,0,4 aid: a0000000871002ff86ffff89ffffffff [SUB0]
08-04 00:29:05.805  1184  1331 D CellBroadcastHandler: mWakeLock released
08-04 00:29:05.817   190   304 D RILC    : RequestComplete, RIL_SOCKET_1
08-04 00:29:05.817   190   304 E RILC    : Send Response to RIL_SOCKET_1
08-04 00:29:05.818  1184  1297 D RILJ    : [3699]< SIM_IO IccIoResponse sw1:0x90 sw2:0x0 [SUB0]
08-04 00:29:05.819  1184  1184 D RILJ    : [3714]> iccIO: SIM_IO 0xb0 0x2f05  path: 3F00,0,0,4 aid: a0000000871002ff86ffff89ffffffff [SUB0]
08-04 00:29:05.821   190   304 D RILC    : RequestComplete, RIL_SOCKET_1
08-04 00:29:05.821   190   304 E RILC    : Send Response to RIL_SOCKET_1
08-04 00:29:05.822  1184  1297 D RILJ    : [3701]< SIM_IO IccIoResponse sw1:0x90 sw2:0x0 [SUB0]
08-04 00:29:05.823  1184  1184 D SIMRecords: [SIMRecords] iccid: 89860115921101579076
08-04 00:29:05.824  1184  1184 D SIMRecords: [SIMRecords] onRecordLoaded 8 requested: true
08-04 00:29:05.831  1184  1353 D DCT     : [0]hasMatchedTetherApnSetting: APN=null
08-04 00:29:05.840  1184  1228 D DCT     : [0]hasMatchedTetherApnSetting: APN=null
08-04 00:29:05.849  1184  1337 D CdmaServiceCategoryProgramHandler: mWakeLock released
08-04 00:29:05.850   190   304 D RILC    : RequestComplete, RIL_SOCKET_1
08-04 00:29:05.850   190   304 E RILC    : Send Response to RIL_SOCKET_1
08-04 00:29:05.851  1184  1297 D RILJ    : [3706]< SIM_IO IccIoResponse sw1:0x90 sw2:0x0 [SUB0]
08-04 00:29:05.876  1184  1184 D SIMRecords: [SIMRecords] MSISDN: xxxxxxx
08-04 00:29:05.876  1184  1184 D SIMRecords: [SIMRecords] onRecordLoaded 7 requested: true
08-04 00:29:05.882   190   304 D RILC    : RequestComplete, RIL_SOCKET_1
08-04 00:29:05.882   190   304 E RILC    : Send Response to RIL_SOCKET_1
08-04 00:29:05.884  1184  1297 D RilRequest: [3708]< SIM_IO error: com.android.internal.telephony.CommandException: GENERIC_FAILURE ret=IccIoResponse sw1:0x6a sw2:0x82
08-04 00:29:05.885   190   304 D RILC    : RequestComplete, RIL_SOCKET_1
08-04 00:29:05.885   190   304 E RILC    : Send Response to RIL_SOCKET_1
08-04 00:29:05.885  1184  1184 D SIMRecords: [SIMRecords] Invalid or missing EF[MAILBOX]
08-04 00:29:05.886  1184  1184 D SIMRecords: [SIMRecords] onRecordLoaded 6 requested: true
08-04 00:29:05.886  1184  1297 D RILJ    : [3709]< SIM_IO IccIoResponse sw1:0x90 sw2:0x0 [SUB0]
08-04 00:29:05.888   190   304 D RILC    : RequestComplete, RIL_SOCKET_1
08-04 00:29:05.888   190   304 E RILC    : Send Response to RIL_SOCKET_1
08-04 00:29:05.888  1184  1184 D SIMRecords: [SIMRecords] getServiceProviderName: no brandOverride
08-04 00:29:05.888  1184  1184 D SIMRecords: [SIMRecords] getServiceProviderName: providerName=
08-04 00:29:05.889  1184  1184 D SIMRecords: [SIMRecords] Load EF_SPN:  spnDisplayCondition: 0
08-04 00:29:05.889  1184  1184 D SIMRecords: [SIMRecords] getServiceProviderName: no brandOverride
08-04 00:29:05.889  1184  1297 D RILJ    : [3710]< SIM_IO IccIoResponse sw1:0x90 sw2:0x0 [SUB0]
08-04 00:29:05.889  1184  1184 D SIMRecords: [SIMRecords] getServiceProviderName: providerName=
08-04 00:29:05.889  1184  1184 D TelephonyManager: setTelephonyProperty: success phoneId=0 property=gsm.sim.operator.alpha value:  propVal=
08-04 00:29:05.890  1184  1184 D SIMRecords: [SIMRecords] onRecordLoaded 5 requested: true
08-04 00:29:05.891   190   304 D RILC    : RequestComplete, RIL_SOCKET_1
08-04 00:29:05.891   190   304 E RILC    : Send Response to RIL_SOCKET_1
08-04 00:29:05.891  1184  1184 D SIMRecords: [SIMRecords] onRecordLoaded 4 requested: true
08-04 00:29:05.892  1184  1297 D RILJ    : [3711]< SIM_IO IccIoResponse sw1:0x90 sw2:0x0 [SUB0]
08-04 00:29:05.895  1184  1184 D SIMRecords: [SIMRecords] SST: UsimServiceTable[80]={ FDN, FDN_EXTENSION, SDN, SDN_EXTENSION, OUTGOING_CALL_INFO, INCOMING_CALL_INFO, SM_STORAGE, SM_STATUS_REPORTS, SM_SERVICE_PARAMS, ADVICE_OF_CHARGE, CAP_CONFIG_PARAMS_2, CB_MESSAGE_ID, CB_MESSAGE_ID_RANGES, GROUP_ID_LEVEL_1, GROUP_ID_LEVEL_2, SPN, USER_PLMN_SELECT, MSISDN, IMAGE, EMLPP, EMLPP_AUTO_ANSWER, GSM_ACCESS, DATA_DL_VIA_SMS_PP, DATA_DL_VIA_SMS_CB, CALL_CONTROL_BY_USIM, MO_SMS_CONTROL_BY_USIM, RUN_AT_COMMAND, IGNORED_1, ENABLED_SERVICES_TABLE, APN_CONTROL_LIST, DEPERSONALISATION_CONTROL_KEYS, COOPERATIVE_NETWORK_LIST, GSM_SECURITY_CONTEXT, CPBCCH_INFO, INVESTIGATION_SCAN, OPERATOR_PLMN_SELECT, HPLMN_SELECT, EXTENSION_5, PLMN_NETWORK_NAME, OPERATOR_PLMN_LIST, SERVICE_PROVIDER_DISPLAY_INFO, MMS_NOTIFICATION, MMS_NOTIFICATION_EXTENSION, MMS_CONNECTIVITY_PARAMS, NETWORK_INDICATION_OF_ALERTING, VGCS_GROUP_ID_LIST, VBS_GROUP_ID_LIST, EQUIVALENT_HPLMN, EQUIVALENT_HPLMN_PRESENTATION }
08-04 00:29:05.895  1184  1184 D SIMRecords: [SIMRecords] onRecordLoaded 3 requested: true
08-04 00:29:05.912  1184  1184 D DCT     : [0]onReceive: action=android.net.wifi.STATE_CHANGE
08-04 00:29:05.916   190   304 D RILC    : RequestComplete, RIL_SOCKET_1
08-04 00:29:05.916   190   304 E RILC    : Send Response to RIL_SOCKET_1
08-04 00:29:05.917  1184  1297 D RILJ    : [3712]< SIM_IO IccIoResponse sw1:0x90 sw2:0x0 [SUB0]
08-04 00:29:05.917   190   304 D RILC    : RequestComplete, RIL_SOCKET_1
08-04 00:29:05.917   190   304 E RILC    : Send Response to RIL_SOCKET_1
08-04 00:29:05.918  1184  1297 D RILJ    : [3713]< SIM_IO IccIoResponse sw1:0x90 sw2:0x0 [SUB0]
08-04 00:29:05.919   190   304 D RILC    : RequestComplete, RIL_SOCKET_1
08-04 00:29:05.919   190   304 E RILC    : Send Response to RIL_SOCKET_1
08-04 00:29:05.922  1184  1297 D RILJ    : [3714]< SIM_IO IccIoResponse sw1:0x90 sw2:0x0 [SUB0]
08-04 00:29:05.926  1184  1184 D DCT     : [0]NETWORK_STATE_CHANGED_ACTION: mIsWifiConnected=false
08-04 00:29:05.927  1184  1184 D DCT     : [0]onReceive: action=android.net.wifi.STATE_CHANGE
08-04 00:29:05.930  1184  1184 D DCT     : [0]NETWORK_STATE_CHANGED_ACTION: mIsWifiConnected=false
08-04 00:29:05.930  1184  1184 D SIMRecords: [SIMRecords] GID1: ff
08-04 00:29:05.930  1184  1184 D SIMRecords: [SIMRecords] onRecordLoaded 2 requested: true
08-04 00:29:05.930  1184  1184 D SIMRecords: [SIMRecords] EF_LI LOADED
08-04 00:29:05.931  1184  1184 D SIMRecords: [SIMRecords] EF_LI=7a68656e
08-04 00:29:05.931  1184  1184 D SIMRecords: [SIMRecords] onRecordLoaded 1 requested: true
08-04 00:29:05.931  1184  1184 D SIMRecords: [SIMRecords] EF_PL LOADED
08-04 00:29:05.932  1184  1184 D SIMRecords: [SIMRecords] EF_PL=ffffffff
08-04 00:29:05.932  1184  1184 D SIMRecords: [SIMRecords] onRecordLoaded 0 requested: true
08-04 00:29:05.932  1184  1184 D SIMRecords: [SIMRecords] record load complete
08-04 00:29:05.936  1184  1184 D SIMRecords: [SIMRecords] languages from sim = zh
08-04 00:29:05.938  1184  1184 D SIMRecords: [SIMRecords] Setting locale to zh_cn
08-04 00:29:05.939  1184  1184 D SIMRecords: [SIMRecords] onAllRecordsLoaded set 'gsm.sim.operator.numeric' to operator='46001'
08-04 00:29:05.939  1184  1184 D SIMRecords: [SIMRecords] update icc_operator_numeric=46001
08-04 00:29:05.940  1184  1184 D TelephonyManager: setTelephonyProperty: success phoneId=0 property=gsm.sim.operator.numeric value: 46001 propVal=46001
08-04 00:29:05.956  1184  1184 D SubscriptionController: [setMccMnc]+ mcc/mnc:460/1 subId:1
08-04 00:29:05.977  1184  1313 D GsmInboundSmsHandler: IdleState.processMessage:5
08-04 00:29:05.978  1184  1313 D GsmInboundSmsHandler: Idle state processing message type 5
08-04 00:29:05.978  1184  1334 D CdmaInboundSmsHandler: IdleState.processMessage:5
08-04 00:29:05.978  1184  1334 D CdmaInboundSmsHandler: Idle state processing message type 5
08-04 00:29:05.979  1184  1313 D GsmInboundSmsHandler: mWakeLock released
08-04 00:29:05.980  1184  1334 D CdmaInboundSmsHandler: mWakeLock released
08-04 00:29:06.029  1184  1184 D SubscriptionController: notifySubscriptionInfoChanged:
08-04 00:29:06.037   722   722 D TelephonyManager: getSimOperatorNumeric(): default subId=1
08-04 00:29:06.040  1184  1353 D SubscriptionController: [getPhoneId]- no sims, returning default phoneId=2147483647
08-04 00:29:06.046   722   722 D TelephonyManager: getTelephonyProperty: return propVal='null' phoneId=2147483647 property='gsm.sim.operator.numeric' defaultVal='' prop=46001
08-04 00:29:06.046  1184  1184 D SIMRecords: [SIMRecords] onAllRecordsLoaded set mcc imsi=460011952973996
08-04 00:29:06.047  1184  1184 D TelephonyManager: setTelephonyProperty: success phoneId=0 property=gsm.sim.operator.iso-country value: cn propVal=cn
08-04 00:29:06.055  1184  1184 D DCT     : [0]onReceive: action=android.net.wifi.STATE_CHANGE
08-04 00:29:06.062  1184  1228 D SubscriptionController: [getActiveSubIdList] simInfoSet=[]
08-04 00:29:06.062  1184  1184 D DCT     : [0]NETWORK_STATE_CHANGED_ACTION: mIsWifiConnected=true
08-04 00:29:06.063  1184  1184 D DCT     : [0]onReceive: action=android.net.wifi.STATE_CHANGE
08-04 00:29:06.065  1184  1228 D SubscriptionController: [getActiveSubIdList] X subIdArr.length=0
08-04 00:29:06.066  1184  1184 D DCT     : [0]NETWORK_STATE_CHANGED_ACTION: mIsWifiConnected=true
08-04 00:29:06.067  1184  1184 D GsmSST  : [GsmSST] SubscriptionListener.onSubscriptionInfoChanged
08-04 00:29:06.067  1184  1184 D SubscriptionController: [getSubId]- mSlotIdToSubIdMap.size == 0, return DummySubIds slotIdx=0
08-04 00:29:06.067  1184  1184 D SubscriptionController: getDummySubIds: slotIdx=0 return 1 DummySubIds with each subId=-2
08-04 00:29:06.067  1184  1184 D DCT     : [0]SubscriptionListener.onSubscriptionInfoChanged
08-04 00:29:06.067  1184  1184 D SubscriptionController: [getSubId]- mSlotIdToSubIdMap.size == 0, return DummySubIds slotIdx=0
08-04 00:29:06.067  1184  1184 D SubscriptionController: getDummySubIds: slotIdx=0 return 1 DummySubIds with each subId=-2
08-04 00:29:06.067  1184  1184 D DctController: onSubInfoReady mPhoneNum=1
08-04 00:29:06.068  1184  1184 D SubscriptionController: [getSubId]- mSlotIdToSubIdMap.size == 0, return DummySubIds slotIdx=0
08-04 00:29:06.068  1184  1184 D SubscriptionController: getDummySubIds: slotIdx=0 return 1 DummySubIds with each subId=-2
08-04 00:29:06.068  1184  1184 D DctController: onSubInfoReady handle pending requests subId=-2
08-04 00:29:06.068  1184  1184 D SubscriptionController: [getSubId]- mSlotIdToSubIdMap.size == 0, return DummySubIds slotIdx=0
08-04 00:29:06.068  1184  1184 D SubscriptionController: getDummySubIds: slotIdx=0 return 1 DummySubIds with each subId=-2
08-04 00:29:06.068  1184  1184 D DctController: [TNF -2]evalPendingRequest, pending request size is 1
08-04 00:29:06.069  1184  1184 D SubscriptionController: [getSubId]- mSlotIdToSubIdMap.size == 0, return DummySubIds slotIdx=0
08-04 00:29:06.070  1184  1184 D SubscriptionController: getDummySubIds: slotIdx=0 return 1 DummySubIds with each subId=-2
08-04 00:29:06.070  1184  1184 D DctController: [TNF -2]evalPendingRequest: request = NetworkRequest [ id=1, legacyType=-1, [ Capabilities: INTERNET&NOT_RESTRICTED&TRUSTED&NOT_VPN] ]
08-04 00:29:06.071  1184  1184 D SubscriptionController: [getSubId]- mSlotIdToSubIdMap.size == 0, return DummySubIds slotIdx=0
08-04 00:29:06.071  1184  1184 D SubscriptionController: getDummySubIds: slotIdx=0 return 1 DummySubIds with each subId=-2
08-04 00:29:06.071  1184  1184 D DctController: [TNF -2]Cellular needs Network for NetworkRequest [ id=1, legacyType=-1, [ Capabilities: INTERNET&NOT_RESTRICTED&TRUSTED&NOT_VPN] ]
08-04 00:29:06.073  1184  1184 D SubscriptionController: [getSubId]- mSlotIdToSubIdMap.size == 0, return DummySubIds slotIdx=0
08-04 00:29:06.073  1184  1184 D SubscriptionController: getDummySubIds: slotIdx=0 return 1 DummySubIds with each subId=-2
08-04 00:29:06.074  1184  1184 D SubscriptionController: [getSubId]- mSlotIdToSubIdMap.size == 0, return DummySubIds slotIdx=0
08-04 00:29:06.074  1184  1184 D SubscriptionController: getDummySubIds: slotIdx=0 return 1 DummySubIds with each subId=-2
08-04 00:29:06.074  1184  1184 D DctController: [TNF -2]Sub Info has not been ready, pending request.
08-04 00:29:06.074  1184  1184 D DctController: processRequests
08-04 00:29:06.077  1184  1184 D SubscriptionController: [getActiveSubInfoList]+
08-04 00:29:06.081  1184  1224 D SubscriptionController: [getActiveSubIdList] simInfoSet=[]
08-04 00:29:06.081  1184  1184 D SubscriptionController: [getActiveSubInfoList] Sub Controller not ready
08-04 00:29:06.085  1184  1224 D SubscriptionController: [getActiveSubIdList] X subIdArr.length=0
08-04 00:29:06.093  1184  1184 E PhoneBase: Error! unregisterForCallWaiting() in PhoneBase should not be called, CDMAPhone inactive.
08-04 00:29:06.100  1184  1184 D SubscriptionController: [getSubId]- mSlotIdToSubIdMap.size == 0, return DummySubIds slotIdx=0
08-04 00:29:06.100  1184  1184 D SubscriptionController: getDummySubIds: slotIdx=0 return 1 DummySubIds with each subId=-2
08-04 00:29:06.100  1184  1184 D SubscriptionController: [getSubId]- mSlotIdToSubIdMap.size == 0, return DummySubIds slotIdx=0
08-04 00:29:06.101  1184  1184 D SubscriptionController: getDummySubIds: slotIdx=0 return 1 DummySubIds with each subId=-2
08-04 00:29:06.104  1184  1184 D SubscriptionController: [getPhoneId]- invalid subId return=-1
08-04 00:29:06.108  1184  1184 D PhoneFactory: getPhone:- phoneId != DEFAULT_PHONE_ID return sProxyPhones[phoneId] phoneId=-1 phone=null
08-04 00:29:06.110  1184  1184 D SubscriptionManager: [getPhoneId]- fail
08-04 00:29:06.147  1184  1353 D SubscriptionController: [getPhoneId]- no sims, returning default phoneId=2147483647
08-04 00:29:06.230  1184  1353 D PhoneFactory: getPhone:- phoneId == DEFAULT_PHONE_ID return sProxyPhone phoneId=2147483647 phone=Handler (com.android.internal.telephony.PhoneProxy) {3b726564}
08-04 00:29:06.231  1184  1353 D DCT     : [0]getDataEnabled: getIntWithSubId retVal=true
08-04 00:29:06.262  1184  1184 E PhoneBase: Error! registerForCallWaiting() in PhoneBase should not be called, CDMAPhone inactive.
08-04 00:29:06.315  1184  1184 D CAT     : CatService: handleMessage[20]
08-04 00:29:06.319  1184  1184 D SubscriptionController: [getSubId]- mSlotIdToSubIdMap.size == 0, return DummySubIds slotIdx=0
08-04 00:29:06.320  1184  1184 D SubscriptionController: getDummySubIds: slotIdx=0 return 1 DummySubIds with each subId=-2
08-04 00:29:06.320  1184  1184 D GSMPhone: [GSMPhone] updateCurrentCarrierInProvider: mSubId = -2 currentDds = 1 operatorNumeric = 46001
08-04 00:29:06.320  1184  1184 D SubscriptionController: [getSubId]- mSlotIdToSubIdMap.size == 0, return DummySubIds slotIdx=0
08-04 00:29:06.320  1184  1184 D SubscriptionController: getDummySubIds: slotIdx=0 return 1 DummySubIds with each subId=-2
08-04 00:29:06.325  1184  1184 D PhoneBase: Voicemail count retrieval for subscriberId = null current subscriberId = 460011952973996
08-04 00:29:06.326  1184  1184 D SubscriptionController: [getSubId]- mSlotIdToSubIdMap.size == 0, return DummySubIds slotIdx=0
08-04 00:29:06.326  1184  1184 D SubscriptionController: getDummySubIds: slotIdx=0 return 1 DummySubIds with each subId=-2
08-04 00:29:06.326  1184  1184 D GSMPhone: updateVoiceMail countVoiceMessages = 0 subId -2
08-04 00:29:06.327  1184  1184 D SubscriptionController: [getSubId]- mSlotIdToSubIdMap.size == 0, return DummySubIds slotIdx=0
08-04 00:29:06.328  1184  1184 D SubscriptionController: getDummySubIds: slotIdx=0 return 1 DummySubIds with each subId=-2
08-04 00:29:06.330  1184  1184 D GsmSST  : [GsmSST] EVENT_SIM_RECORDS_LOADED: what=16
08-04 00:29:06.342  1184  1184 D SST     : updatePhoneObject: Ignore update
08-04 00:29:06.353  1184  1184 D SIMRecords: [SIMRecords] getServiceProviderName: no brandOverride
08-04 00:29:06.353  1184  1184 D SIMRecords: [SIMRecords] getServiceProviderName: providerName=
08-04 00:29:06.353  1184  1184 D GsmSST  : [GsmSST] updateSpnDisplay: radio is on but out of service, set plmn='No service.'
08-04 00:29:06.354  1184  1184 D SIMRecords: [SIMRecords] getServiceProviderName: no brandOverride
08-04 00:29:06.354  1184  1184 D SIMRecords: [SIMRecords] getServiceProviderName: providerName=
08-04 00:29:06.355  1184  1184 D DCT     : [0]handleMessage msg={ when=-306ms what=270338 obj=android.os.AsyncResult@832e53a target=com.android.internal.telephony.dataconnection.DcTracker }
08-04 00:29:06.355  1184  1184 D DCT     : [0]onRecordsLoaded: createAllApnList
08-04 00:29:06.355  1184  1184 D DCT     : [0]createAllApnList: selection=numeric = '46001'
08-04 00:29:06.409  1184  1184 D DCT     : [0]createApnList: X result=[[ApnSettingV3] 3G (China Unicom), 2622, 46001, 3gnet, , null, , , , -1, default | supl, IP, IP, true, 0, 0, false, 0, 0, 0, 0, , , [ApnSettingV3] 3G (China Unicom), 2623, 46001, 3gwap, 10.0.0.172, null, , , 80, -1, default | supl, IP, IP, true, 0, 0, false, 0, 0, 0, 0, , , [ApnSettingV3] 2GNET (China Unicom), 2624, 46001, uninet, , null, , , , -1, default | supl, IP, IP, true, 0, 0, false, 0, 0, 0, 0, , , [ApnSettingV3]  (China Unicom), 2625, 46001, 3gwap, , http://mmsc.myuni.com.cn, 10.0.0.172, 80, , -1, mms, IP, IP, true, 0, 0, false, 0, 0, 0, 0, , , [ApnSettingV3] 2g (China Unicom), 2626, 46001, uniwap, , http://mmsc.myuni.com.cn, 10.0.0.172, 80, , -1, mms, IP, IP, true, 0, 0, false, 0, 0, 0, 0, , ]
08-04 00:29:06.457  1184  1184 D SubscriptionController: [getSubId]- mSlotIdToSubIdMap.size == 0, return DummySubIds slotIdx=0
08-04 00:29:06.457  1184  1184 D SubscriptionController: getDummySubIds: slotIdx=0 return 1 DummySubIds with each subId=-2
04-08 09:43:59.082  1184  1184 D DCT     : [0]getPreferredApn: mRequestedApnType=default cursor=android.content.ContentResolver$CursorWrapperInner@45f75eb cursor.count=0
04-08 09:43:59.096  1184  1184 D DCT     : [0]getPreferredApn: X not found
04-08 09:43:59.097  1184  1184 D DCT     : [0]createAllApnList: mPreferredApn=null
04-08 09:43:59.106  1184  1184 D DCT     : [0]createAllApnList: X mAllApnSettings=[[ApnSettingV3] 3G (China Unicom), 2622, 46001, 3gnet, , null, , , , -1, default | supl, IP, IP, true, 0, 0, false, 0, 0, 0, 0, , , [ApnSettingV3] 3G (China Unicom), 2623, 46001, 3gwap, 10.0.0.172, http://mmsc.myuni.com.cn, 10.0.0.172, 80, 80, -1, default | supl | mms, IP, IP, true, 0, 0, false, 0, 0, 0, 0, , , [ApnSettingV3] 2GNET (China Unicom), 2624, 46001, uninet, , null, , , , -1, default | supl, IP, IP, true, 0, 0, false, 0, 0, 0, 0, , , [ApnSettingV3] 2g (China Unicom), 2626, 46001, uniwap, , http://mmsc.myuni.com.cn, 10.0.0.172, 80, , -1, mms, IP, IP, true, 0, 0, false, 0, 0, 0, 0, , ]
04-08 09:43:59.106  1184  1184 D DCT     : [0]setDataProfilesAsNeeded
04-08 09:43:59.106  1184  1184 D DCT     : [0]setInitialApn: E mPreferredApn=null
04-08 09:43:59.108  1184  1184 D DCT     : [0]setInitialApn: firstApnSetting=[ApnSettingV3] 3G (China Unicom), 2622, 46001, 3gnet, , null, , , , -1, default | supl, IP, IP, true, 0, 0, false, 0, 0, 0, 0, , 
04-08 09:43:59.117  1184  1184 D DCT     : [0]setInitialApn: defaultApnSetting=[ApnSettingV3] 3G (China Unicom), 2622, 46001, 3gnet, , null, , , , -1, default | supl, IP, IP, true, 0, 0, false, 0, 0, 0, 0, , 
04-08 09:43:59.118  1184  1184 D DCT     : [0]setInitialAttachApn: using defaultApnSetting
04-08 09:43:59.119  1184  1184 D DCT     : [0]setInitialAttachApn: X selected Apn=[ApnSettingV3] 3G (China Unicom), 2622, 46001, 3gnet, , null, , , , -1, default | supl, IP, IP, true, 0, 0, false, 0, 0, 0, 0, , 
04-08 09:43:59.120  1184  1184 D RILJ    : Set RIL_REQUEST_SET_INITIAL_ATTACH_APN [SUB0]
04-08 09:43:59.121  1184  1184 D RILJ    : [3715]> RIL_REQUEST_SET_INITIAL_ATTACH_APN, apn:3gnet, protocol:IP, authType:-1, username:null, password:null [SUB0]
04-08 09:43:59.144  1184  1184 D DCT     : [0]onRecordsLoaded: notifying data availability
04-08 09:43:59.146  1184  1184 D SubscriptionController: [getSubId]- mSlotIdToSubIdMap.size == 0, return DummySubIds slotIdx=0
04-08 09:43:59.147  1184  1184 D SubscriptionController: getDummySubIds: slotIdx=0 return 1 DummySubIds with each subId=-2
04-08 09:43:59.153   190   301 D RILC    : RequestComplete, RIL_SOCKET_1
04-08 09:43:59.153   190   301 E RILC    : Send Response to RIL_SOCKET_1
04-08 09:43:59.156  1184  1297 D RILJ    : [3715]< RIL_REQUEST_SET_INITIAL_ATTACH_APN  [SUB0]
04-08 09:43:59.161  1184  1184 D DCT     : [0]isDataAllowed getRecordsLoaded=true
04-08 09:43:59.167  1184  1184 D DCT     : [0]isDataAllowed: not allowed due to - Attached= false
04-08 09:43:59.167  1184  1184 D DCT     : [ApnContext:default] getApnSetting: apnSetting=null
04-08 09:43:59.170  1184  1184 D SubscriptionController: [getPhoneId]- invalid subId return=-1
04-08 09:43:59.173  1184  1184 D PhoneFactory: getPhone:- phoneId != DEFAULT_PHONE_ID return sProxyPhones[phoneId] phoneId=-1 phone=null
04-08 09:43:59.174   722  1255 D SubscriptionManager: [getPhoneId]- fail
04-08 09:43:59.178  1184  1184 D SubscriptionController: [getSubId]- mSlotIdToSubIdMap.size == 0, return DummySubIds slotIdx=0
04-08 09:43:59.178  1184  1184 D SubscriptionController: getDummySubIds: slotIdx=0 return 1 DummySubIds with each subId=-2
04-08 09:43:59.195  1184  1184 D DCT     : [0]isDataAllowed getRecordsLoaded=true
04-08 09:43:59.202  1184  1184 D DCT     : [0]isDataAllowed: not allowed due to - Attached= false
04-08 09:43:59.203  1184  1184 D DCT     : [ApnContext:mms] getApnSetting: apnSetting=null
04-08 09:43:59.223  1184  1184 D SubscriptionController: [getPhoneId]- invalid subId return=-1
04-08 09:43:59.229  1184  1184 D PhoneFactory: getPhone:- phoneId != DEFAULT_PHONE_ID return sProxyPhones[phoneId] phoneId=-1 phone=null
04-08 09:43:59.230   722  1220 D SubscriptionManager: [getPhoneId]- fail
04-08 09:43:59.239  1184  1184 D SubscriptionController: [getSubId]- mSlotIdToSubIdMap.size == 0, return DummySubIds slotIdx=0
04-08 09:43:59.240  1184  1184 D SubscriptionController: getDummySubIds: slotIdx=0 return 1 DummySubIds with each subId=-2
04-08 09:43:59.241  1184  1184 D DCT     : [0]isDataAllowed getRecordsLoaded=true
04-08 09:43:59.244  1184  1184 D DCT     : [0]isDataAllowed: not allowed due to - Attached= false
04-08 09:43:59.244  1184  1184 D DCT     : [ApnContext:cbs] getApnSetting: apnSetting=null
04-08 09:43:59.245  1184  1184 D SubscriptionController: [getPhoneId]- invalid subId return=-1
04-08 09:43:59.248  1184  1184 D PhoneFactory: getPhone:- phoneId != DEFAULT_PHONE_ID return sProxyPhones[phoneId] phoneId=-1 phone=null
04-08 09:43:59.249   722   739 D SubscriptionManager: [getPhoneId]- fail
04-08 09:43:59.253  1184  1184 D SubscriptionController: [getSubId]- mSlotIdToSubIdMap.size == 0, return DummySubIds slotIdx=0
04-08 09:43:59.253  1184  1184 D SubscriptionController: getDummySubIds: slotIdx=0 return 1 DummySubIds with each subId=-2
04-08 09:43:59.255  1184  1184 D DCT     : [0]isDataAllowed getRecordsLoaded=true
04-08 09:43:59.255  1184  1184 D DCT     : [0]isDataAllowed: not allowed due to - Attached= false
04-08 09:43:59.255  1184  1184 D DCT     : [ApnContext:fota] getApnSetting: apnSetting=null
04-08 09:43:59.256  1184  1184 D SubscriptionController: [getPhoneId]- invalid subId return=-1
04-08 09:43:59.259  1184  1184 D PhoneFactory: getPhone:- phoneId != DEFAULT_PHONE_ID return sProxyPhones[phoneId] phoneId=-1 phone=null
04-08 09:43:59.260   722  1241 D SubscriptionManager: [getPhoneId]- fail
04-08 09:43:59.264  1184  1184 D SubscriptionController: [getSubId]- mSlotIdToSubIdMap.size == 0, return DummySubIds slotIdx=0
04-08 09:43:59.265  1184  1184 D SubscriptionController: getDummySubIds: slotIdx=0 return 1 DummySubIds with each subId=-2
04-08 09:43:59.268  1184  1184 D DCT     : [0]isDataAllowed getRecordsLoaded=true
04-08 09:43:59.270  1184  1184 D DCT     : [0]isDataAllowed: not allowed due to - Attached= false
04-08 09:43:59.270  1184  1184 D DCT     : [ApnContext:supl] getApnSetting: apnSetting=null
04-08 09:43:59.271  1184  1184 D SubscriptionController: [getPhoneId]- invalid subId return=-1
04-08 09:43:59.273  1184  1184 D PhoneFactory: getPhone:- phoneId != DEFAULT_PHONE_ID return sProxyPhones[phoneId] phoneId=-1 phone=null
04-08 09:43:59.274   722  1242 D SubscriptionManager: [getPhoneId]- fail
04-08 09:43:59.278  1184  1184 D SubscriptionController: [getSubId]- mSlotIdToSubIdMap.size == 0, return DummySubIds slotIdx=0
04-08 09:43:59.278  1184  1184 D SubscriptionController: getDummySubIds: slotIdx=0 return 1 DummySubIds with each subId=-2
04-08 09:43:59.280  1184  1184 D DCT     : [0]isDataAllowed getRecordsLoaded=true
04-08 09:43:59.281  1184  1184 D DCT     : [0]isDataAllowed: not allowed due to - Attached= false
04-08 09:43:59.281  1184  1184 D DCT     : [ApnContext:ia] getApnSetting: apnSetting=null
04-08 09:43:59.282  1184  1184 D SubscriptionController: [getPhoneId]- invalid subId return=-1
04-08 09:43:59.288  1184  1184 D PhoneFactory: getPhone:- phoneId != DEFAULT_PHONE_ID return sProxyPhones[phoneId] phoneId=-1 phone=null
04-08 09:43:59.289   722  1220 D SubscriptionManager: [getPhoneId]- fail
04-08 09:43:59.296  1184  1184 D SubscriptionController: [getSubId]- mSlotIdToSubIdMap.size == 0, return DummySubIds slotIdx=0
04-08 09:43:59.296  1184  1184 D SubscriptionController: getDummySubIds: slotIdx=0 return 1 DummySubIds with each subId=-2
04-08 09:43:59.300  1184  1184 D DCT     : [0]isDataAllowed getRecordsLoaded=true
04-08 09:43:59.302  1184  1184 D DCT     : [0]isDataAllowed: not allowed due to - Attached= false
04-08 09:43:59.302  1184  1184 D DCT     : [ApnContext:dun] getApnSetting: apnSetting=null
04-08 09:43:59.307  1184  1184 D SubscriptionController: [getPhoneId]- invalid subId return=-1
04-08 09:43:59.311  1184  1184 D PhoneFactory: getPhone:- phoneId != DEFAULT_PHONE_ID return sProxyPhones[phoneId] phoneId=-1 phone=null
04-08 09:43:59.312   722  1255 D SubscriptionManager: [getPhoneId]- fail
04-08 09:43:59.317  1184  1184 D SubscriptionController: [getSubId]- mSlotIdToSubIdMap.size == 0, return DummySubIds slotIdx=0
04-08 09:43:59.317  1184  1184 D SubscriptionController: getDummySubIds: slotIdx=0 return 1 DummySubIds with each subId=-2
04-08 09:43:59.319  1184  1184 D DCT     : [0]isDataAllowed getRecordsLoaded=true
04-08 09:43:59.321  1184  1184 D DCT     : [0]isDataAllowed: not allowed due to - Attached= false
04-08 09:43:59.321  1184  1184 D DCT     : [ApnContext:hipri] getApnSetting: apnSetting=null
04-08 09:43:59.321  1184  1184 D SubscriptionController: [getPhoneId]- invalid subId return=-1
04-08 09:43:59.324  1184  1184 D PhoneFactory: getPhone:- phoneId != DEFAULT_PHONE_ID return sProxyPhones[phoneId] phoneId=-1 phone=null
04-08 09:43:59.327   722   819 D SubscriptionManager: [getPhoneId]- fail
04-08 09:43:59.335  1184  1184 D SubscriptionController: [getSubId]- mSlotIdToSubIdMap.size == 0, return DummySubIds slotIdx=0
04-08 09:43:59.336  1184  1184 D SubscriptionController: getDummySubIds: slotIdx=0 return 1 DummySubIds with each subId=-2
04-08 09:43:59.338  1184  1184 D DCT     : [0]isDataAllowed getRecordsLoaded=true
04-08 09:43:59.340  1184  1184 D DCT     : [0]isDataAllowed: not allowed due to - Attached= false
04-08 09:43:59.341  1184  1184 D DCT     : [ApnContext:ims] getApnSetting: apnSetting=null
04-08 09:43:59.342  1184  1184 D SubscriptionController: [getPhoneId]- invalid subId return=-1
04-08 09:43:59.345  1184  1184 D PhoneFactory: getPhone:- phoneId != DEFAULT_PHONE_ID return sProxyPhones[phoneId] phoneId=-1 phone=null
04-08 09:43:59.347   722  1253 D SubscriptionManager: [getPhoneId]- fail
04-08 09:43:59.351  1184  1184 D DCT     : [0]setupDataOnConnectableApns: simLoaded
04-08 09:43:59.352  1184  1184 D DCT     : [0]setupDataOnConnectableApns: apnContext {mApnType=hipri mState=IDLE mWaitingApns={null} mWaitingApnsPermanentFailureCountDown=0 mApnSetting={null} mReason=radioTurnedOff mDataEnabled=false mDependencyMet=true}
04-08 09:43:59.352  1184  1184 D DCT     : [0]setupDataOnConnectableApns: apnContext {mApnType=mms mState=IDLE mWaitingApns={null} mWaitingApnsPermanentFailureCountDown=0 mApnSetting={null} mReason=radioTurnedOff mDataEnabled=false mDependencyMet=true}
04-08 09:43:59.353  1184  1184 D DCT     : [0]setupDataOnConnectableApns: apnContext {mApnType=supl mState=IDLE mWaitingApns={null} mWaitingApnsPermanentFailureCountDown=0 mApnSetting={null} mReason=radioTurnedOff mDataEnabled=false mDependencyMet=true}
04-08 09:43:59.353  1184  1184 D DCT     : [0]setupDataOnConnectableApns: apnContext {mApnType=cbs mState=IDLE mWaitingApns={null} mWaitingApnsPermanentFailureCountDown=0 mApnSetting={null} mReason=radioTurnedOff mDataEnabled=false mDependencyMet=true}
04-08 09:43:59.354  1184  1184 D DCT     : [0]setupDataOnConnectableApns: apnContext {mApnType=dun mState=IDLE mWaitingApns={null} mWaitingApnsPermanentFailureCountDown=0 mApnSetting={null} mReason=radioTurnedOff mDataEnabled=false mDependencyMet=true}
04-08 09:43:59.354  1184  1184 D DCT     : [0]setupDataOnConnectableApns: apnContext {mApnType=fota mState=IDLE mWaitingApns={null} mWaitingApnsPermanentFailureCountDown=0 mApnSetting={null} mReason=radioTurnedOff mDataEnabled=false mDependencyMet=true}
04-08 09:43:59.355  1184  1184 D DCT     : [0]setupDataOnConnectableApns: apnContext {mApnType=ims mState=IDLE mWaitingApns={null} mWaitingApnsPermanentFailureCountDown=0 mApnSetting={null} mReason=radioTurnedOff mDataEnabled=false mDependencyMet=true}
04-08 09:43:59.355  1184  1184 D DCT     : [0]setupDataOnConnectableApns: apnContext {mApnType=default mState=IDLE mWaitingApns={null} mWaitingApnsPermanentFailureCountDown=0 mApnSetting={null} mReason=radioTurnedOff mDataEnabled=false mDependencyMet=true}
04-08 09:43:59.356  1184  1184 D DCT     : [0]setupDataOnConnectableApns: apnContext {mApnType=ia mState=IDLE mWaitingApns={null} mWaitingApnsPermanentFailureCountDown=0 mApnSetting={null} mReason=radioTurnedOff mDataEnabled=false mDependencyMet=true}
04-08 09:43:59.367  1184  1184 D IccCardProxy: operator=46001 mPhoneId=0
04-08 09:43:59.368  1184  1184 D IccCardProxy: update icc_operator_numeric=46001
04-08 09:43:59.368  1184  1184 D TelephonyManager: setTelephonyProperty: success phoneId=0 property=gsm.sim.operator.numeric value: 46001 propVal=46001
04-08 09:43:59.370  1184  1184 D TelephonyManager: setTelephonyProperty: success phoneId=0 property=gsm.sim.operator.iso-country value: cn propVal=cn
04-08 09:43:59.371  1184  1184 D IccCardProxy: Sending intent ACTION_INTERNAL_SIM_STATE_CHANGED for mPhoneId : 0
04-08 09:43:59.374  1184  1184 D DctController: handleMessage msg={ when=-739ms what=100 target=com.android.internal.telephony.dataconnection.DctController }
04-08 09:43:59.374  1184  1184 D DctController: getTopPriorityRequestPhoneId = 0, priority = -1
04-08 09:43:59.376  1184  1184 D DcSwitchAsyncChannel: [DcSwitchAsyncChannel-0]: rspIsIdle=true
04-08 09:43:59.376  1184  1184 D DctController: onProcessRequest phoneId=0, activePhoneId=-1
04-08 09:43:59.377  1184  1184 D SubscriptionManager: [getPhoneId]- fail
04-08 09:43:59.377  1184  1184 D SubscriptionController: [getSubId]- mSlotIdToSubIdMap.size == 0, return DummySubIds slotIdx=0
04-08 09:43:59.378  1184  1184 D SubscriptionController: getDummySubIds: slotIdx=0 return 1 DummySubIds with each subId=-2
04-08 09:43:59.378  1184  1184 D DCT     : [0]getDataOnRoamingEnabled: phoneSubId=-2 isDataRoamingEnabled=true
04-08 09:43:59.379  1184  1184 D SubscriptionController: [getSubId]- mSlotIdToSubIdMap.size == 0, return DummySubIds slotIdx=0
04-08 09:43:59.380  1184  1184 D SubscriptionController: getDummySubIds: slotIdx=0 return 1 DummySubIds with each subId=-2
04-08 09:43:59.380  1184  1184 D DctController: [TNF -2]Cellular releasing Network for NetworkRequest [ id=1, legacyType=-1, [ Capabilities: INTERNET&NOT_RESTRICTED&TRUSTED&NOT_VPN] ]
04-08 09:43:59.380  1184  1184 D SubscriptionController: [getSubId]- mSlotIdToSubIdMap.size == 0, return DummySubIds slotIdx=0
04-08 09:43:59.380  1184  1184 D SubscriptionController: getDummySubIds: slotIdx=0 return 1 DummySubIds with each subId=-2
04-08 09:43:59.380  1184  1184 D SubscriptionController: [getSubId]- mSlotIdToSubIdMap.size == 0, return DummySubIds slotIdx=0
04-08 09:43:59.381  1184  1184 D SubscriptionController: getDummySubIds: slotIdx=0 return 1 DummySubIds with each subId=-2
04-08 09:43:59.381  1184  1184 D DctController: [TNF -2]Sub Info has not been ready, remove request.
04-08 09:43:59.381  1184  1184 D SubscriptionManager: [getPhoneId]- fail
04-08 09:43:59.381  1184  1184 D SubscriptionController: [getSubId]- mSlotIdToSubIdMap.size == 0, return DummySubIds slotIdx=0
04-08 09:43:59.382  1184  1184 D SubscriptionController: getDummySubIds: slotIdx=0 return 1 DummySubIds with each subId=-2
04-08 09:43:59.382  1184  1184 D DCT     : [0]getDataOnRoamingEnabled: phoneSubId=-2 isDataRoamingEnabled=true
04-08 09:43:59.383  1184  1184 D SubscriptionManager: [getPhoneId]- fail
04-08 09:43:59.383  1184  1184 D SubscriptionController: [getSubId]- mSlotIdToSubIdMap.size == 0, return DummySubIds slotIdx=0
04-08 09:43:59.383  1184  1184 D SubscriptionController: getDummySubIds: slotIdx=0 return 1 DummySubIds with each subId=-2
04-08 09:43:59.384  1184  1184 D DCT     : [0]getDataOnRoamingEnabled: phoneSubId=-2 isDataRoamingEnabled=true
04-08 09:43:59.384  1184  1184 D SubscriptionManager: [getPhoneId]- fail
04-08 09:43:59.385  1184  1184 D SubscriptionController: [getSubId]- mSlotIdToSubIdMap.size == 0, return DummySubIds slotIdx=0
04-08 09:43:59.385  1184  1184 D SubscriptionController: getDummySubIds: slotIdx=0 return 1 DummySubIds with each subId=-2
04-08 09:43:59.385  1184  1184 D DCT     : [0]getDataOnRoamingEnabled: phoneSubId=-2 isDataRoamingEnabled=true
04-08 09:43:59.386  1184  1184 D SubscriptionManager: [getPhoneId]- fail
04-08 09:43:59.386  1184  1184 D SubscriptionController: [getSubId]- mSlotIdToSubIdMap.size == 0, return DummySubIds slotIdx=0
04-08 09:43:59.386  1184  1184 D SubscriptionController: getDummySubIds: slotIdx=0 return 1 DummySubIds with each subId=-2
04-08 09:43:59.389  1184  1184 D DCT     : [0]getDataOnRoamingEnabled: phoneSubId=-2 isDataRoamingEnabled=true
04-08 09:43:59.390  1184  1184 D SubscriptionManager: [getPhoneId]- fail
04-08 09:43:59.390  1184  1184 D SubscriptionController: [getSubId]- mSlotIdToSubIdMap.size == 0, return DummySubIds slotIdx=0
04-08 09:43:59.390  1184  1184 D SubscriptionController: getDummySubIds: slotIdx=0 return 1 DummySubIds with each subId=-2
04-08 09:43:59.391  1184  1184 D DCT     : [0]getDataOnRoamingEnabled: phoneSubId=-2 isDataRoamingEnabled=true
04-08 09:43:59.391  1184  1184 D SubscriptionManager: [getPhoneId]- fail
04-08 09:43:59.392  1184  1184 D SubscriptionController: [getSubId]- mSlotIdToSubIdMap.size == 0, return DummySubIds slotIdx=0
04-08 09:43:59.392  1184  1184 D SubscriptionController: getDummySubIds: slotIdx=0 return 1 DummySubIds with each subId=-2
04-08 09:43:59.392  1184  1184 D DCT     : [0]getDataOnRoamingEnabled: phoneSubId=-2 isDataRoamingEnabled=true
04-08 09:43:59.393  1184  1184 D SubscriptionManager: [getPhoneId]- fail
04-08 09:43:59.394  1184  1184 D SubscriptionController: [getSubId]- mSlotIdToSubIdMap.size == 0, return DummySubIds slotIdx=0
04-08 09:43:59.394  1184  1184 D SubscriptionController: getDummySubIds: slotIdx=0 return 1 DummySubIds with each subId=-2
04-08 09:43:59.394  1184  1184 D DCT     : [0]getDataOnRoamingEnabled: phoneSubId=-2 isDataRoamingEnabled=true
04-08 09:43:59.395  1184  1184 D SubscriptionManager: [getPhoneId]- fail
04-08 09:43:59.395  1184  1184 D SubscriptionController: [getSubId]- mSlotIdToSubIdMap.size == 0, return DummySubIds slotIdx=0
04-08 09:43:59.395  1184  1184 D SubscriptionController: getDummySubIds: slotIdx=0 return 1 DummySubIds with each subId=-2
04-08 09:43:59.396  1184  1184 D DCT     : [0]getDataOnRoamingEnabled: phoneSubId=-2 isDataRoamingEnabled=true
04-08 09:43:59.396  1184  1184 D SubscriptionInfoUpdater: [Receiver]+
04-08 09:43:59.396  1184  1184 D SubscriptionInfoUpdater: Action: android.intent.action.internal_sim_state_changed
04-08 09:43:59.397  1184  1184 D SubscriptionInfoUpdater: slotId: 0
04-08 09:43:59.397  1184  1184 D SubscriptionInfoUpdater: simStatus: LOADED
04-08 09:43:59.397  1184  1184 D SubscriptionInfoUpdater: [Receiver]-
04-08 09:43:59.397  1184  1184 D SubscriptionInfoUpdater: handleSimStateLoadedInternal: slotId: 0
04-08 09:43:59.397  1184  1184 D SubscriptionInfoUpdater: All IccIds query complete
04-08 09:43:59.397  1184  1184 D SubscriptionInfoUpdater: updateSubscriptionInfoByIccId:+ Start
04-08 09:43:59.399  1184  1184 D SubscriptionController: [clearSubInfo]+
04-08 09:43:59.399  1184  1184 D SubscriptionController: [clearSubInfo]- no simInfo size=0
04-08 09:43:59.404  1184  1184 D SubscriptionInfoUpdater: insertedSimCount = 1
04-08 09:43:59.405  1184  1184 D SubscriptionController: [getSubInfoUsingSlotIdWithCheck]+ slotId:0
04-08 09:43:59.417   190   304 I RILQ    : (0/190):RIL[0][event] qcril_arb_set_data_sys_status: recvd data_sys_status nw=0x0, rat_mask=0x8000, so_mask=0x0
04-08 09:43:59.417   190   304 I RILQ    : (0/190):RIL[0][event] qcril_arb_set_data_sys_status: recvd data_sys_status nw=0x1, rat_mask=0x0, so_mask=0x0
04-08 09:43:59.417   190   304 I RILQ    : (0/190):RIL[0][event] qcril_qmi_nas_update_data_rte: completed, new drte 0 with confidence 4
