01-01 08:00:00.520   174   174 I auditd  : type=2000 audit(0.0:1): initialized
08-04 00:28:40.530   174   174 I auditd  : type=1403 audit(0.0:2): policy loaded auid=4294967295 ses=4294967295
08-04 00:28:40.530   174   174 I auditd  : type=1404 audit(0.0:3): enforcing=1 old_enforcing=0 auid=4294967295 ses=4294967295
08-04 00:28:41.848   202   202 I boot_progress_start: 4144
08-04 00:28:42.888   202   202 I boot_progress_preload_start: 5184
08-04 00:28:48.964   202   202 I boot_progress_preload_end: 11261
08-04 00:28:49.239   722   722 I boot_progress_system_run: 11535
08-04 00:28:49.904   722   722 I boot_progress_pms_start: 12201
08-04 00:28:50.645   722   722 I boot_progress_pms_system_scan_start: 12941
08-04 00:28:54.732   722   722 I boot_progress_pms_data_scan_start: 17028
08-04 00:28:55.831   722   722 I boot_progress_pms_scan_end: 18128
08-04 00:28:56.196   722   722 I boot_progress_pms_ready: 18493
08-04 00:28:56.320   722   739 I battery_status: [2,2,1,2,Li-ion]
08-04 00:28:56.320   722   739 I battery_level: [97,4245,364]
08-04 00:28:56.634   722   722 I wm_stack_created: [0,0,0,0,0]
08-04 00:28:56.761   722   722 I configuration_changed: 7672
08-04 00:28:56.791   722   722 I configuration_changed: 1288
08-04 00:28:57.907   722   722 I free_storage_left: [11522613248,687144960,710172672]
08-04 00:28:57.907   722   722 I free_storage_changed: 11522613248
08-04 00:28:58.715   722   722 I configuration_changed: 512
08-04 00:28:58.905   722   722 I boot_progress_ams_ready: 21201
08-04 00:28:59.024   722   722 I am_proc_start: [0,855,1037,WebViewLoader-armeabi-v7a,,]
08-04 00:28:59.127   722   722 I am_proc_start: [0,871,10013,com.android.systemui,service,com.android.systemui/.SystemUIService]
08-04 00:28:59.260   722   787 I am_proc_start: [0,896,1000,com.android.settings,broadcast,com.android.settings/.widget.SettingsAppWidgetProvider]
08-04 00:28:59.308   722   738 I am_proc_bound: [0,871,com.android.systemui]
08-04 00:28:59.393   722   819 I am_proc_bound: [0,896,com.android.settings]
08-04 00:29:00.242   722   828 I netstats_mobile_sample: [0,0,0,0,0,0,0,0,0,0,0,0,-1]
08-04 00:29:00.243   722   828 I netstats_wifi_sample: [0,0,0,0,0,0,0,0,0,0,0,0,-1]
08-04 00:29:00.364   722   722 I am_proc_start: [0,1040,10034,com.android.inputmethod.latin,service,com.android.inputmethod.latin/.LatinIME]
08-04 00:29:00.614   722   821 I am_proc_start: [0,1067,10005,android.process.media,broadcast,com.android.providers.media/.MtpReceiver]
08-04 00:29:00.654   722   739 I am_proc_bound: [0,1040,com.android.inputmethod.latin]
08-04 00:29:00.885   722   739 I am_proc_bound: [0,1067,android.process.media]
08-04 00:29:01.100   722   722 I am_proc_start: [0,1135,1027,com.android.nfc,added application,com.android.nfc]
08-04 00:29:01.269   722   722 I am_proc_start: [0,1184,1001,com.android.phone,added application,com.android.phone]
08-04 00:29:01.301   722   722 I am_create_task: [0,1]
08-04 00:29:01.301   722   722 I am_create_activity: [0,57089164,1,com.android.launcher3/.Launcher,android.intent.action.MAIN,NULL,NULL,268435456]
08-04 00:29:01.308   722   722 I wm_task_created: [1,0]
08-04 00:29:01.308   722   722 I wm_task_moved: [1,1,0]
08-04 00:29:01.445   722   722 I am_proc_start: [0,1227,10035,com.android.launcher3,activity,com.android.launcher3/.Launcher]
08-04 00:29:01.446   722   722 I am_focused_activity: [0,com.android.launcher3/.Launcher]
08-04 00:29:01.451   722   821 I am_proc_bound: [0,1135,com.android.nfc]
08-04 00:29:01.469   722   739 I am_proc_bound: [0,1184,com.android.phone]
08-04 00:29:01.708   722   786 I am_proc_start: [0,1254,10046,com.android.printspooler,service,com.android.printspooler/.model.PrintSpoolerService]
08-04 00:29:01.712   722   819 I am_proc_bound: [0,1227,com.android.launcher3]
08-04 00:29:01.726   722   819 I am_restart_activity: [0,57089164,1,com.android.launcher3/.Launcher]
08-04 00:29:01.875   722  1242 I am_proc_start: [0,1276,10002,android.process.acore,content provider,com.android.providers.userdictionary/.UserDictionaryProvider]
08-04 00:29:01.884   722   819 I am_proc_bound: [0,1254,com.android.printspooler]
08-04 00:29:02.184   722   722 I notification_enqueue: [1000,722,android,17040636,NULL,-1,Notification(pri=-2 contentView=null vibrate=null sound=null defaults=0x0 flags=0x2 color=0xff607d8b vis=PUBLIC),0]
08-04 00:29:02.200   722   722 I notification_enqueue: [1000,722,android,17040644,NULL,-1,Notification(pri=-1 contentView=null vibrate=null sound=null defaults=0x0 flags=0x2 color=0xff607d8b vis=PUBLIC),0]
08-04 00:29:02.207   722  1255 I am_proc_bound: [0,1276,android.process.acore]
08-04 00:29:02.752   722   819 I am_proc_start: [0,1318,10052,com.android.smspush,service,com.android.smspush/.WapPushManager]
08-04 00:29:02.774   722   722 I backup_transport_lifecycle: [android/com.android.internal.backup.LocalTransportService,1]
08-04 00:29:02.891   722   722 I notification_cancel: [10013,871,com.android.systemui,100,low_battery,-1,0,64,8,NULL]
08-04 00:29:03.035   722   739 I am_proc_bound: [0,1318,com.android.smspush]
08-04 00:29:03.284   722   722 I force_gc: Binder
08-04 00:29:03.693  1184  1184 I gsm_service_state_change: [1,1,3,3]
08-04 00:29:03.721  1227  1227 I am_on_resume_called: [0,com.android.launcher3.Launcher]
08-04 00:29:03.738   722  1241 I notification_cancel_all: [10005,1067,com.android.providers.downloads,0,0,64,9,NULL]
08-04 00:29:04.148   722   722 I am_proc_start: [0,1398,10038,com.android.music,broadcast,com.android.music/.MediaButtonIntentReceiver]
08-04 00:29:04.370   722   819 I am_proc_bound: [0,1398,com.android.music]
08-04 00:29:04.434   722   792 I am_activity_launch_time: [0,57089164,com.android.launcher3/.Launcher,3126,3126]
08-04 00:29:04.568   722   828 I netstats_mobile_sample: [0,0,0,0,0,0,0,0,0,0,0,0,-1]
08-04 00:29:04.569   722   828 I netstats_wifi_sample: [0,0,0,0,0,0,0,0,0,0,0,0,-1]
08-04 00:29:05.186  1184  1184 I gsm_service_state_change: [3,3,1,1]
08-04 00:29:05.530   722   787 I boot_progress_enable_screen: 27827
08-04 00:29:05.534   722   787 I screen_toggled: 1
08-04 00:29:05.606   722   819 I configuration_changed: 3
08-04 00:29:05.615   722   819 I am_relaunch_resume_activity: [0,57089164,1,com.android.launcher3/.Launcher]
08-04 00:29:05.681  1227  1227 I am_on_paused_called: [0,com.android.launcher3.Launcher]
08-04 00:29:05.786   179   179 I sf_frame_dur: [com.android.launcher3/com.android.launcher3.Launcher,4,0,2,0,0,0,1]
08-04 00:29:06.059   722   835 I netstats_mobile_sample: [0,0,0,0,0,0,0,0,0,0,0,0,-1]
08-04 00:29:06.059   722   835 I netstats_wifi_sample: [0,0,0,0,0,0,0,0,0,0,0,0,-1]
08-04 00:29:06.077   722   835 I netstats_mobile_sample: [0,0,0,0,0,0,0,0,0,0,0,0,-1]
08-04 00:29:06.078   722   835 I netstats_wifi_sample: [0,0,0,0,0,0,0,0,0,0,0,0,-1]
08-04 00:29:06.195   722   722 I notification_cancel: [10013,871,com.android.systemui,100,low_battery,-1,0,64,8,NULL]
08-04 00:29:06.208   722   739 I notification_cancel_all: [10005,1067,com.android.providers.downloads,0,0,64,9,NULL]
08-04 00:29:06.308   722  1253 I am_proc_start: [0,1508,10008,com.android.mms,broadcast,com.android.mms/.transaction.MmsSystemEventReceiver]
08-04 00:29:06.336  1227  1227 I am_on_resume_called: [0,com.android.launcher3.Launcher]
08-04 00:29:06.423   722   738 I am_proc_bound: [0,1508,com.android.mms]
04-08 09:43:59.211   722   722 I notification_cancel: [1000,722,android,100,CaptivePortal.Notification,0,0,0,8,NULL]
04-08 09:43:59.480   722   738 I force_gc: Binder
04-08 09:43:59.883   722   819 I am_proc_start: [0,1548,10021,com.android.calendar,broadcast,com.android.calendar/.widget.CalendarAppWidgetService$CalendarFactory]
04-08 09:44:00.015   722  1220 I am_proc_bound: [0,1548,com.android.calendar]
04-08 09:44:00.591   722   739 I am_proc_start: [0,1574,10025,com.android.deskclock,broadcast,com.android.deskclock/.AlarmInitReceiver]
04-08 09:44:00.712   722   821 I am_proc_start: [0,1592,10001,com.android.providers.calendar,content provider,com.android.providers.calendar/.CalendarProvider2]
04-08 09:44:00.731   722  1220 I am_proc_bound: [0,1574,com.android.deskclock]
04-08 09:44:00.840   722   819 I am_proc_bound: [0,1592,com.android.providers.calendar]
04-08 09:44:02.013   722   722 I notification_cancel: [1001,1184,com.android.phone,3,1,-1,0,64,8,NULL]
04-08 09:44:02.014   722   722 I notification_cancel: [1001,1184,com.android.phone,4,1,-1,0,64,8,NULL]
04-08 09:44:02.588   722   738 I notification_expansion: [-1|android|17040644|null|1000,0,1]
04-08 09:44:03.116   179   179 I sf_frame_dur: [BootAnimation,9,13,308,12,0,0,0]
04-08 09:44:03.362   722  1662 I am_proc_start: [0,1679,1000,com.android.keychain,service,com.android.keychain/.KeyChainService]
04-08 09:44:03.433   722  1255 I am_proc_bound: [0,1679,com.android.keychain]
04-08 09:44:03.483   722   722 I notification_cancel: [1000,722,android,17039590,NULL,0,0,0,8,NULL]
04-08 09:44:03.533   722   821 I notification_expansion: [-1|android|17040644|null|1000,0,0]
04-08 09:44:03.624   871   871 I sysui_status_bar_state: [1,1,0,0,0,1]
04-08 09:44:03.637   722  1253 I notification_panel_revealed: []
04-08 09:44:03.641   722   738 I notification_visibility_changed: [-1|android|17040644|null|1000;-1|android|17040636|null|1000,]
04-08 09:44:04.404   179   179 I sf_frame_dur: [KeyguardScrim,0,0,0,0,0,0,1]
04-08 09:44:04.529   722   819 I notification_visibility_changed: [,-1|android|17040636|null|1000]
04-08 09:44:04.671   722   738 I am_proc_start: [0,1730,10004,com.android.dialer,broadcast,com.android.dialer/.calllog.CallLogReceiver]
04-08 09:44:04.751   722   738 I am_proc_bound: [0,1730,com.android.dialer]
04-08 09:44:04.856   722   739 I notification_cancel_all: [10005,1067,com.android.providers.downloads,0,0,64,9,NULL]
04-08 09:44:04.887   722   722 I notification_cancel: [10004,1730,com.android.dialer,1,DefaultVoicemailNotifier,0,0,64,8,NULL]
04-08 09:44:04.945   722  1241 I am_proc_start: [0,1766,10007,com.android.managedprovisioning,broadcast,com.android.managedprovisioning/.BootReminder]
04-08 09:44:05.018   722   821 I am_proc_bound: [0,1766,com.android.managedprovisioning]
04-08 09:44:05.124   722  1241 I force_gc: Binder
04-08 09:44:05.465   722  1241 I am_proc_start: [0,1803,10010,com.android.onetimeinitializer,broadcast,com.android.onetimeinitializer/.OneTimeInitializerReceiver]
04-08 09:44:05.494   722   722 I notification_cancel: [10008,1508,com.android.mms,123,NULL,0,0,64,8,NULL]
04-08 09:44:05.527   722  1255 I am_proc_bound: [0,1803,com.android.onetimeinitializer]
04-08 09:44:05.567  1184  1353 I force_gc: Binder
04-08 09:44:05.669   722  1220 I am_proc_start: [0,1831,10015,com.android.voicedialer,broadcast,com.android.voicedialer/.VoiceDialerReceiver]
04-08 09:44:05.678   722   722 I notification_cancel: [10008,1508,com.android.mms,123,NULL,0,0,64,8,NULL]
04-08 09:44:05.743   722   819 I am_proc_bound: [0,1831,com.android.voicedialer]
04-08 09:44:06.015   722   821 I am_proc_start: [0,1851,10028,com.android.email,broadcast,com.android.email/.service.EmailBroadcastReceiver]
04-08 09:44:06.053   722  1255 I am_proc_bound: [0,1851,com.android.email]
04-08 09:44:06.281   722  1253 I am_proc_start: [0,1877,10029,com.android.exchange,service,com.android.exchange/.service.EasService]
04-08 09:44:06.353   722   821 I am_proc_bound: [0,1877,com.android.exchange]
04-08 09:44:07.412   722   722 I notification_cancel: [10021,1548,com.android.calendar,0,NULL,0,0,64,8,NULL]
04-08 09:44:07.416   722   722 I notification_cancel: [10021,1548,com.android.calendar,1,NULL,0,0,64,8,NULL]
04-08 09:44:07.419   722   722 I notification_cancel: [10021,1548,com.android.calendar,2,NULL,0,0,64,8,NULL]
04-08 09:44:07.424   722   722 I notification_cancel: [10021,1548,com.android.calendar,3,NULL,0,0,64,8,NULL]
04-08 09:44:07.428   722   722 I notification_cancel: [10021,1548,com.android.calendar,4,NULL,0,0,64,8,NULL]
04-08 09:44:07.433   722   722 I notification_cancel: [10021,1548,com.android.calendar,5,NULL,0,0,64,8,NULL]
04-08 09:44:07.437   722   722 I notification_cancel: [10021,1548,com.android.calendar,6,NULL,0,0,64,8,NULL]
04-08 09:44:07.440   722   722 I notification_cancel: [10021,1548,com.android.calendar,7,NULL,0,0,64,8,NULL]
04-08 09:44:07.444   722   722 I notification_cancel: [10021,1548,com.android.calendar,8,NULL,0,0,64,8,NULL]
04-08 09:44:07.448   722   722 I notification_cancel: [10021,1548,com.android.calendar,9,NULL,0,0,64,8,NULL]
04-08 09:44:07.454   722   722 I notification_cancel: [10021,1548,com.android.calendar,10,NULL,0,0,64,8,NULL]
04-08 09:44:07.456   722   722 I notification_cancel: [10021,1548,com.android.calendar,11,NULL,0,0,64,8,NULL]
04-08 09:44:07.458   722   722 I notification_cancel: [10021,1548,com.android.calendar,12,NULL,0,0,64,8,NULL]
04-08 09:44:07.460   722   722 I notification_cancel: [10021,1548,com.android.calendar,13,NULL,0,0,64,8,NULL]
04-08 09:44:07.462   722   722 I notification_cancel: [10021,1548,com.android.calendar,14,NULL,0,0,64,8,NULL]
04-08 09:44:07.464   722   722 I notification_cancel: [10021,1548,com.android.calendar,15,NULL,0,0,64,8,NULL]
04-08 09:44:07.466   722   722 I notification_cancel: [10021,1548,com.android.calendar,16,NULL,0,0,64,8,NULL]
04-08 09:44:07.468   722   722 I notification_cancel: [10021,1548,com.android.calendar,17,NULL,0,0,64,8,NULL]
04-08 09:44:07.470   722   722 I notification_cancel: [10021,1548,com.android.calendar,18,NULL,0,0,64,8,NULL]
04-08 09:44:07.473   722   722 I notification_cancel: [10021,1548,com.android.calendar,19,NULL,0,0,64,8,NULL]
04-08 09:44:07.476   722   722 I notification_cancel: [10021,1548,com.android.calendar,20,NULL,0,0,64,8,NULL]
04-08 09:44:13.785   722   794 I power_sleep_requested: 0
04-08 09:44:13.802   722   722 I am_pause_activity: [0,57089164,com.android.launcher3/.Launcher]
04-08 09:44:13.817  1227  1227 I am_on_paused_called: [0,com.android.launcher3.Launcher]
04-08 09:44:13.850   722   787 I am_focused_activity: [0,com.android.launcher3/.Launcher]
04-08 09:44:13.868   722   722 I power_screen_state: [0,3,0,0]
04-08 09:44:13.868   722   722 I screen_toggled: 0
04-08 09:44:13.872   722   722 I power_screen_broadcast_send: 1
04-08 09:44:13.884   722  1220 I notification_visibility_changed: [,-1|android|17040644|null|1000]
04-08 09:44:13.884   722  1241 I notification_panel_hidden: []
04-08 09:44:14.090   722   722 I power_screen_broadcast_done: [1,219,1]
04-08 09:44:14.090   722   722 I power_screen_broadcast_send: 1
04-08 09:44:14.126   871   871 I sysui_heads_up_status: [,0]
04-08 09:44:14.131   722   722 I power_screen_broadcast_done: [0,40,1]
04-08 09:44:15.990   722   722 I power_screen_state: [1,0,0,0]
04-08 09:44:15.990   722   722 I screen_toggled: 1
04-08 09:44:15.991   722   722 I power_screen_broadcast_send: 1
04-08 09:44:16.016   722  1255 I notification_panel_revealed: []
04-08 09:44:16.017   722   819 I notification_visibility_changed: [-1|android|17040644|null|1000,]
04-08 09:44:16.065   722   722 I power_screen_broadcast_done: [1,74,1]
04-08 09:44:16.370   179   179 I sf_frame_dur: [ColorFade,27,0,1,0,0,0,0]
04-08 09:44:17.282   871   871 I sysui_lockscreen_gesture: [1,203,2546]
04-08 09:44:17.376   722  1253 I notification_visibility_changed: [,-1|android|17040644|null|1000]
04-08 09:44:17.377   722   821 I notification_panel_hidden: []
04-08 09:44:17.383   871   871 I screen_toggled: 2
04-08 09:44:18.004   722  1255 I notification_expansion: [-1|android|17040644|null|1000,0,1]
04-08 09:44:18.025   871   871 I sysui_status_bar_state: [0,0,0,0,0,1]
04-08 09:44:18.031   722  1220 I am_resume_activity: [0,57089164,1,com.android.launcher3/.Launcher]
04-08 09:44:18.041  1227  1227 I am_on_resume_called: [0,com.android.launcher3.Launcher]
04-08 09:44:25.986   722   819 I battery_status: [3,2,1,2,Li-ion]
04-08 09:44:26.042   722   722 I notification_cancel: [10013,871,com.android.systemui,100,low_battery,-1,0,64,8,NULL]
04-08 09:44:26.084   722   722 I notification_cancel: [10013,871,com.android.systemui,100,low_battery,-1,0,64,8,NULL]
04-08 09:44:26.267   722   821 I battery_status: [3,2,1,0,Li-ion]
04-08 09:44:26.276   722   722 I notification_cancel: [10013,871,com.android.systemui,100,low_battery,-1,0,64,8,NULL]
04-08 09:44:26.313   722   722 I notification_cancel: [10013,871,com.android.systemui,100,low_battery,-1,0,64,8,NULL]
04-08 09:44:26.317   722   722 I notification_cancel: [10013,871,com.android.systemui,100,low_battery,-1,0,64,8,NULL]
04-08 09:44:26.843   722   722 I notification_cancel: [1000,722,android,17040636,NULL,-1,0,0,8,NULL]
04-08 09:44:26.845   722   722 I notification_canceled: [-1|android|17040636|null|1000,8]
04-08 09:44:26.845   722   722 I notification_cancel: [1000,722,android,17040644,NULL,-1,0,0,8,NULL]
04-08 09:44:26.846   722   722 I notification_canceled: [-1|android|17040644|null|1000,8]
04-08 09:44:27.464   722   739 I battery_status: [2,2,1,0,Li-ion]
04-08 09:44:27.475   722   722 I notification_cancel: [10013,871,com.android.systemui,100,low_battery,-1,0,64,8,NULL]
04-08 09:44:27.514   722   722 I notification_cancel: [10013,871,com.android.systemui,100,low_battery,-1,0,64,8,NULL]
04-08 09:44:27.837   722  1241 I battery_status: [2,2,1,2,Li-ion]
04-08 09:44:27.845   722   722 I notification_cancel: [10013,871,com.android.systemui,100,low_battery,-1,0,64,8,NULL]
04-08 09:44:27.990   722   722 I notification_enqueue: [1000,722,android,17040636,NULL,-1,Notification(pri=-2 contentView=null vibrate=null sound=null defaults=0x0 flags=0x2 color=0xff607d8b vis=PUBLIC),0]
04-08 09:44:28.010   722   722 I notification_enqueue: [1000,722,android,17040644,NULL,-1,Notification(pri=-1 contentView=null vibrate=null sound=null defaults=0x0 flags=0x2 color=0xff607d8b vis=PUBLIC),0]
04-08 09:44:28.083   722   738 I notification_expansion: [-1|android|17040636|null|1000,0,1]
04-08 09:44:28.180   722   819 I notification_expansion: [-1|android|17040644|null|1000,0,1]
04-08 09:44:28.181   722   739 I notification_expansion: [-1|android|17040636|null|1000,0,0]
04-08 09:44:47.028   722  1242 I force_gc: Binder
04-08 09:44:57.540   722   787 I am_proc_start: [0,2205,10009,com.android.musicfx,broadcast,com.android.musicfx/.ControlPanelReceiver]
04-08 09:44:57.620   722   738 I am_proc_bound: [0,2205,com.android.musicfx]
04-08 09:45:15.569   722  1241 I force_gc: Binder
04-08 09:45:49.759   722  1242 I wm_stack_created: [1,0,0,0,0]
04-08 09:45:49.770   722  1242 I am_home_stack_moved: [0,0,1,1,startingNewTask]
04-08 09:45:49.771   722  1242 I am_create_task: [0,2]
04-08 09:45:49.771   722  1242 I am_create_activity: [0,418923770,2,com.youku.phone/.ActivityWelcome,android.intent.action.MAIN,NULL,NULL,270532608]
04-08 09:45:49.785   722  1242 I wm_task_created: [2,1]
04-08 09:45:49.785   722  1242 I wm_task_moved: [2,1,0]
04-08 09:45:49.794   722  1242 I am_pause_activity: [0,57089164,com.android.launcher3/.Launcher]
04-08 09:45:49.796  1227  1227 I am_on_paused_called: [0,com.android.launcher3.Launcher]
04-08 09:45:49.800   722  1242 I am_home_stack_moved: [0,0,1,1,startedActivity setFocusedActivity]
04-08 09:45:49.802   722  1242 I am_focused_activity: [0,com.youku.phone/.ActivityWelcome]
04-08 09:45:49.905   722   739 I am_proc_start: [0,2362,10054,com.youku.phone,activity,com.youku.phone/.ActivityWelcome]
04-08 09:45:50.011   722   821 I am_proc_bound: [0,2362,com.youku.phone]
04-08 09:45:50.023   722   821 I am_restart_activity: [0,418923770,2,com.youku.phone/.ActivityWelcome]
04-08 09:45:50.525   179   179 I sf_frame_dur: [com.android.launcher3/com.android.launcher3.Launcher,27,4,5,0,0,0,4]
04-08 09:45:53.902   722  1242 I am_proc_start: [0,2410,10054,com.youku.phone:dex2oat,service,com.youku.phone/com.taobao.android.runtime.Dex2OatService]
04-08 09:45:54.000   722  1242 I am_proc_bound: [0,2410,com.youku.phone:dex2oat]
04-08 09:45:55.661   722  1253 I am_proc_start: [0,2509,10054,com.youku.phone:download,service,com.youku.phone/com.youku.service.download.DownloadService]
04-08 09:45:55.729   722  1253 I am_proc_bound: [0,2509,com.youku.phone:download]
04-08 09:45:55.888   722   787 I am_anr  : [0,2362,com.youku.phone,12074564,Input dispatching timed out (Waiting because no window has focus but there is a focused application that may eventually add a window when it finishes starting up.)]
04-08 09:45:57.529   722   819 I am_proc_start: [0,2591,10054,com.push.Youku_PushService,service,com.youku.phone/com.youku.pushsdk.service.PushService]
04-08 09:45:57.750   722  1253 I am_proc_bound: [0,2591,com.push.Youku_PushService]
04-08 09:45:58.524   722  1241 I am_home_stack_moved: [0,0,1,1,intentActivityFound]
04-08 09:45:58.524   722  1241 I wm_task_moved: [2,1,0]
04-08 09:45:58.540   722  1241 I am_home_stack_moved: [0,0,1,1,sourceStackToFront]
04-08 09:45:58.540   722  1241 I wm_task_moved: [2,1,0]
04-08 09:45:58.568   722  1241 I am_create_activity: [0,128656909,2,com.youku.phone/com.youku.ui.activity.HomePageActivity,NULL,NULL,NULL,268435456]
04-08 09:45:58.574   722  1241 I am_pause_activity: [0,418923770,com.youku.phone/.ActivityWelcome]
04-08 09:45:58.579   722  1241 I am_home_stack_moved: [0,0,1,1,startedActivity setFocusedActivity]
04-08 09:45:58.579   722  1241 I am_focused_activity: [0,com.youku.phone/com.youku.ui.activity.HomePageActivity]
04-08 09:45:58.594   722  1255 I am_finish_activity: [0,418923770,2,com.youku.phone/.ActivityWelcome,app-request]
04-08 09:45:58.603  2362  2362 I am_on_resume_called: [0,com.youku.phone.ActivityWelcome]
04-08 09:45:59.497  2710  2710 I auditd  : type=1400 audit(0.0:4): avc: denied { getattr } for comm="KernelThread-2" path="/system/xbin/su" dev="mmcblk0p25" ino=1633 scontext=u:r:untrusted_app:s0 tcontext=u:object_r:su_exec:s0 tclass=file
04-08 09:45:59.507  2710  2710 I auditd  : type=1400 audit(0.0:5): avc: denied { read } for comm="KernelThread-2" name="debuggerd" dev="mmcblk0p25" ino=171 scontext=u:r:untrusted_app:s0 tcontext=u:object_r:debuggerd_exec:s0 tclass=file
04-08 09:45:59.757  2480  2480 I auditd  : type=1400 audit(0.0:6): avc: denied { getattr } for comm="com.youku.phone" path="/system/xbin/su" dev="mmcblk0p25" ino=1633 scontext=u:r:untrusted_app:s0 tcontext=u:object_r:su_exec:s0 tclass=file
04-08 09:46:01.151  2362  2362 I am_on_paused_called: [0,com.youku.phone.ActivityWelcome]
04-08 09:46:01.155   722  2571 I am_restart_activity: [0,128656909,2,com.youku.phone/com.youku.ui.activity.HomePageActivity]
04-08 09:46:01.384   722   787 I am_destroy_activity: [0,418923770,2,com.youku.phone/.ActivityWelcome,finish-idle]
04-08 09:46:02.137  2779  2779 I auditd  : type=1400 audit(0.0:7): avc: denied { getattr } for comm="ACCS0" path="/system/xbin/su" dev="mmcblk0p25" ino=1633 scontext=u:r:untrusted_app:s0 tcontext=u:object_r:su_exec:s0 tclass=file
04-08 09:46:02.387  2845  2845 I auditd  : type=1400 audit(0.0:8): avc: denied { getattr } for comm="KernelThread-2" path="/system/xbin/su" dev="mmcblk0p25" ino=1633 scontext=u:r:untrusted_app:s0 tcontext=u:object_r:su_exec:s0 tclass=file
04-08 09:46:02.537  2362  2362 I am_on_resume_called: [0,com.youku.ui.activity.HomePageActivity]
04-08 09:46:02.557  2396  2396 I auditd  : type=1400 audit(0.0:9): avc: denied { read } for comm="OnLineMonitor" name="mem" dev="debugfs" ino=16382 scontext=u:r:untrusted_app:s0 tcontext=u:object_r:debugfs:s0 tclass=file
04-08 09:46:02.557  2396  2396 I auditd  : type=1400 audit(0.0:10): avc: denied { read } for comm="OnLineMonitor" name="mem" dev="debugfs" ino=16382 scontext=u:r:untrusted_app:s0 tcontext=u:object_r:debugfs:s0 tclass=file
04-08 09:46:02.627  2845  2845 I auditd  : type=1400 audit(0.0:11): avc: denied { read } for comm="KernelThread-2" name="debuggerd" dev="mmcblk0p25" ino=171 scontext=u:r:untrusted_app:s0 tcontext=u:object_r:debuggerd_exec:s0 tclass=file
04-08 09:46:03.481   722  1220 I am_proc_start: [0,2915,10054,com.youku.phone:SoUpgradeService,service,com.youku.phone/com.youku.libmanager.SoUpgradeService]
04-08 09:46:03.594   722  2571 I am_proc_bound: [0,2915,com.youku.phone:SoUpgradeService]
04-08 09:46:03.737  2853  2853 I auditd  : type=1400 audit(0.0:12): avc: denied { getattr } for comm="NativeThread" path="/system/xbin/su" dev="mmcblk0p25" ino=1633 scontext=u:r:untrusted_app:s0 tcontext=u:object_r:su_exec:s0 tclass=file
04-08 09:46:03.797  2396  2396 I auditd  : type=1400 audit(0.0:13): avc: denied { read } for comm="OnLineMonitor" name="mem" dev="debugfs" ino=16382 scontext=u:r:untrusted_app:s0 tcontext=u:object_r:debugfs:s0 tclass=file
04-08 09:46:03.797  2396  2396 I auditd  : type=1400 audit(0.0:14): avc: denied { read } for comm="OnLineMonitor" name="mem" dev="debugfs" ino=16382 scontext=u:r:untrusted_app:s0 tcontext=u:object_r:debugfs:s0 tclass=file
04-08 09:46:03.929   722   739 I am_proc_start: [0,2939,10054,com.youku.phone:channel,service,com.youku.phone/com.alibaba.analytics.AnalyticsService]
04-08 09:46:03.935  2362  2362 I am_on_resume_called: [0,com.youku.HomePageModule]
04-08 09:46:04.079   722   821 I am_proc_bound: [0,2939,com.youku.phone:channel]
04-08 09:46:04.516   722   792 I am_activity_launch_time: [0,128656909,com.youku.phone/com.youku.ui.activity.HomePageActivity,3363,14713]
04-08 09:46:04.797  2892  2892 I auditd  : type=1400 audit(0.0:15): avc: denied { getattr } for comm="ACCS0" path="/system/xbin/su" dev="mmcblk0p25" ino=1633 scontext=u:r:untrusted_app:s0 tcontext=u:object_r:su_exec:s0 tclass=file
04-08 09:46:05.947   722   821 I am_proc_start: [0,3055,10031,com.android.gallery3d,broadcast,com.android.gallery3d/.app.PackagesMonitor]
04-08 09:46:06.546   722   739 I am_proc_bound: [0,3055,com.android.gallery3d]
04-08 09:46:09.539   722  2788 I am_kill : [0,1398,com.android.music,15,empty #17]
04-08 09:46:10.296   722  1242 I am_proc_died: [0,1398,com.android.music]
04-08 09:46:11.337  2396  2396 I auditd  : type=1400 audit(0.0:16): avc: denied { read } for comm="OnLineMonitor" name="mem" dev="debugfs" ino=16382 scontext=u:r:untrusted_app:s0 tcontext=u:object_r:debugfs:s0 tclass=file
04-08 09:46:11.337  2396  2396 I auditd  : type=1400 audit(0.0:17): avc: denied { read } for comm="OnLineMonitor" name="mem" dev="debugfs" ino=16382 scontext=u:r:untrusted_app:s0 tcontext=u:object_r:debugfs:s0 tclass=file
04-08 09:46:14.187  3483  3483 I auditd  : type=1400 audit(0.0:18): avc: denied { getattr } for comm="u.phone:channel" path="/system/xbin/su" dev="mmcblk0p25" ino=1633 scontext=u:r:untrusted_app:s0 tcontext=u:object_r:su_exec:s0 tclass=file
04-08 09:46:17.987  2396  2396 I auditd  : type=1400 audit(0.0:19): avc: denied { read } for comm="OnLineMonitor" name="mem" dev="debugfs" ino=16382 scontext=u:r:untrusted_app:s0 tcontext=u:object_r:debugfs:s0 tclass=file
04-08 09:46:17.987  2396  2396 I auditd  : type=1400 audit(0.0:20): avc: denied { read } for comm="OnLineMonitor" name="mem" dev="debugfs" ino=16382 scontext=u:r:untrusted_app:s0 tcontext=u:object_r:debugfs:s0 tclass=file
04-08 09:46:22.067  3422  3422 I auditd  : type=1400 audit(0.0:21): avc: denied { getattr } for comm="oUpgradeService" path="/system/xbin/su" dev="mmcblk0p25" ino=1633 scontext=u:r:untrusted_app:s0 tcontext=u:object_r:su_exec:s0 tclass=file
04-08 09:46:24.307  2396  2396 I auditd  : type=1400 audit(0.0:22): avc: denied { read } for comm="OnLineMonitor" name="mem" dev="debugfs" ino=16382 scontext=u:r:untrusted_app:s0 tcontext=u:object_r:debugfs:s0 tclass=file
04-08 09:46:24.307  2396  2396 I auditd  : type=1400 audit(0.0:23): avc: denied { read } for comm="OnLineMonitor" name="mem" dev="debugfs" ino=16382 scontext=u:r:untrusted_app:s0 tcontext=u:object_r:debugfs:s0 tclass=file
04-08 09:46:24.342   722  1253 I am_kill : [0,1254,com.android.printspooler,15,empty #17]
04-08 09:46:24.478   722  1253 I am_kill : [0,1679,com.android.keychain,15,empty #17]
04-08 09:46:24.717   722  5104 I am_proc_died: [0,1679,com.android.keychain]
04-08 09:46:24.719   722  5105 I am_proc_died: [0,1254,com.android.printspooler]
04-08 09:46:25.947  3104  3104 I auditd  : type=1400 audit(0.0:24): avc: denied { getattr } for comm="KernelThread-2" path="/system/xbin/su" dev="mmcblk0p25" ino=1633 scontext=u:r:untrusted_app:s0 tcontext=u:object_r:su_exec:s0 tclass=file
04-08 09:46:25.997  3104  3104 I auditd  : type=1400 audit(0.0:25): avc: denied { read } for comm="KernelThread-2" name="debuggerd" dev="mmcblk0p25" ino=171 scontext=u:r:untrusted_app:s0 tcontext=u:object_r:debuggerd_exec:s0 tclass=file
04-08 09:46:27.467  6388  6388 I auditd  : type=1400 audit(0.0:26): avc: denied { getattr } for comm="KernelThread-2" path="/system/xbin/su" dev="mmcblk0p25" ino=1633 scontext=u:r:untrusted_app:s0 tcontext=u:object_r:su_exec:s0 tclass=file
04-08 09:46:27.847  6388  6388 I auditd  : type=1400 audit(0.0:27): avc: denied { read } for comm="KernelThread-2" name="debuggerd" dev="mmcblk0p25" ino=171 scontext=u:r:untrusted_app:s0 tcontext=u:object_r:debuggerd_exec:s0 tclass=file
04-08 09:46:36.448   722   786 I sync    : [com.youku.auth.provider,0,0,-1645982301]
04-08 09:46:37.170   722   738 I am_proc_start: [0,8471,10019,com.android.browser,broadcast,com.android.browser/.AccountsChangedReceiver]
04-08 09:46:37.337  8275  8275 I auditd  : type=1400 audit(0.0:28): avc: denied { getattr } for comm="Thread-486" path="/system/xbin/su" dev="mmcblk0p25" ino=1633 scontext=u:r:untrusted_app:s0 tcontext=u:object_r:su_exec:s0 tclass=file
04-08 09:46:37.387   722  5637 I am_proc_bound: [0,8471,com.android.browser]
04-08 09:46:41.760   722  1241 I am_home_stack_moved: [0,0,1,1,intentActivityFound]
04-08 09:46:41.761   722  1241 I wm_task_moved: [2,1,0]
04-08 09:46:46.103   722   786 I sync    : [com.youku.auth.provider,1,0,-1645982301]
04-08 09:46:46.133   722   722 I notification_cancel: [1000,722,android,1266196461,NULL,0,0,0,8,NULL]
04-08 09:46:46.167  9172  9172 I auditd  : type=1400 audit(0.0:29): avc: denied { getattr } for comm="KernelThread-2" path="/system/xbin/su" dev="mmcblk0p25" ino=1633 scontext=u:r:untrusted_app:s0 tcontext=u:object_r:su_exec:s0 tclass=file
04-08 09:46:46.667  9172  9172 I auditd  : type=1400 audit(0.0:30): avc: denied { read } for comm="KernelThread-2" name="debuggerd" dev="mmcblk0p25" ino=171 scontext=u:r:untrusted_app:s0 tcontext=u:object_r:debuggerd_exec:s0 tclass=file
04-08 09:46:50.515  2362  2362 I am_on_paused_called: [0,com.youku.HomePageModule]
04-08 09:46:50.528   722   722 I free_storage_changed: 11504189440
04-08 09:46:50.838   722   722 I notification_cancel: [10021,1548,com.android.calendar,0,NULL,0,0,64,8,NULL]
04-08 09:46:50.840   722   722 I notification_cancel: [10021,1548,com.android.calendar,1,NULL,0,0,64,8,NULL]
04-08 09:46:50.857   722   722 I notification_cancel: [10021,1548,com.android.calendar,2,NULL,0,0,64,8,NULL]
04-08 09:46:50.864   722   722 I notification_cancel: [10021,1548,com.android.calendar,3,NULL,0,0,64,8,NULL]
04-08 09:46:50.883   722   722 I notification_cancel: [10021,1548,com.android.calendar,4,NULL,0,0,64,8,NULL]
04-08 09:46:50.887  2396  2396 I auditd  : type=1400 audit(0.0:31): avc: denied { read } for comm="OnLineMonitor" name="mem" dev="debugfs" ino=16382 scontext=u:r:untrusted_app:s0 tcontext=u:object_r:debugfs:s0 tclass=file
04-08 09:46:50.887  2396  2396 I auditd  : type=1400 audit(0.0:32): avc: denied { read } for comm="OnLineMonitor" name="mem" dev="debugfs" ino=16382 scontext=u:r:untrusted_app:s0 tcontext=u:object_r:debugfs:s0 tclass=file
04-08 09:46:50.897   722   722 I notification_cancel: [10021,1548,com.android.calendar,5,NULL,0,0,64,8,NULL]
04-08 09:46:50.900   722   722 I notification_cancel: [10021,1548,com.android.calendar,6,NULL,0,0,64,8,NULL]
04-08 09:46:50.917   722   722 I notification_cancel: [10021,1548,com.android.calendar,7,NULL,0,0,64,8,NULL]
04-08 09:46:50.920   722   722 I notification_cancel: [10021,1548,com.android.calendar,8,NULL,0,0,64,8,NULL]
04-08 09:46:50.922   722   722 I notification_cancel: [10021,1548,com.android.calendar,9,NULL,0,0,64,8,NULL]
04-08 09:46:50.929   722   722 I notification_cancel: [10021,1548,com.android.calendar,10,NULL,0,0,64,8,NULL]
04-08 09:46:50.954   722   722 I notification_cancel: [10021,1548,com.android.calendar,11,NULL,0,0,64,8,NULL]
04-08 09:46:50.957   722   722 I notification_cancel: [10021,1548,com.android.calendar,12,NULL,0,0,64,8,NULL]
04-08 09:46:50.958   722   722 I notification_cancel: [10021,1548,com.android.calendar,13,NULL,0,0,64,8,NULL]
04-08 09:46:50.963   722   722 I notification_cancel: [10021,1548,com.android.calendar,14,NULL,0,0,64,8,NULL]
04-08 09:46:50.968   722   722 I notification_cancel: [10021,1548,com.android.calendar,15,NULL,0,0,64,8,NULL]
04-08 09:46:50.970   722   722 I notification_cancel: [10021,1548,com.android.calendar,16,NULL,0,0,64,8,NULL]
04-08 09:46:50.972   722   722 I notification_cancel: [10021,1548,com.android.calendar,17,NULL,0,0,64,8,NULL]
04-08 09:46:50.974   722   722 I notification_cancel: [10021,1548,com.android.calendar,18,NULL,0,0,64,8,NULL]
04-08 09:46:50.976   722   722 I notification_cancel: [10021,1548,com.android.calendar,19,NULL,0,0,64,8,NULL]
04-08 09:46:50.977   722   722 I notification_cancel: [10021,1548,com.android.calendar,20,NULL,0,0,64,8,NULL]
04-08 09:46:51.954   722  5104 I am_proc_start: [0,11101,10054,com.youku.phone:LockPlayService,service,com.youku.phone/com.youku.player.lock.LockPlayService]
04-08 09:46:52.083   722   819 I am_proc_bound: [0,11101,com.youku.phone:LockPlayService]
04-08 09:46:52.751  2362  2362 I am_on_resume_called: [0,com.youku.hotspot.activity.HotSpotActivity]
04-08 09:46:53.055   179   179 I sf_frame_dur: [com.youku.phone/com.youku.HomePageModule,8,1,0,0,0,0,0]
04-08 09:46:55.284   722  5104 I am_kill : [0,1730,com.android.dialer,15,empty #17]
04-08 09:46:55.606   722  1242 I am_proc_died: [0,1730,com.android.dialer]
04-08 09:46:56.277  2396  2396 I auditd  : type=1400 audit(0.0:33): avc: denied { read } for comm="OnLineMonitor" name="mem" dev="debugfs" ino=16382 scontext=u:r:untrusted_app:s0 tcontext=u:object_r:debugfs:s0 tclass=file
04-08 09:46:56.277  2396  2396 I auditd  : type=1400 audit(0.0:34): avc: denied { read } for comm="OnLineMonitor" name="mem" dev="debugfs" ino=16382 scontext=u:r:untrusted_app:s0 tcontext=u:object_r:debugfs:s0 tclass=file
04-08 09:46:57.937 11801 11801 I auditd  : type=1400 audit(0.0:35): avc: denied { getattr } for comm="NativeThread" path="/system/xbin/su" dev="mmcblk0p25" ino=1633 scontext=u:r:untrusted_app:s0 tcontext=u:object_r:su_exec:s0 tclass=file
04-08 09:47:02.217   722  2788 I battery_level: [96,4183,380]
04-08 09:47:02.226   722   722 I notification_cancel: [10013,871,com.android.systemui,100,low_battery,-1,0,64,8,NULL]
04-08 09:47:02.937   179   179 I sf_frame_dur: [VolumePanel,0,0,0,1,0,0,0]
04-08 09:47:03.227  2396  2396 I auditd  : type=1400 audit(0.0:36): avc: denied { read } for comm="OnLineMonitor" name="mem" dev="debugfs" ino=16382 scontext=u:r:untrusted_app:s0 tcontext=u:object_r:debugfs:s0 tclass=file
04-08 09:47:03.227  2396  2396 I auditd  : type=1400 audit(0.0:37): avc: denied { read } for comm="OnLineMonitor" name="mem" dev="debugfs" ino=16382 scontext=u:r:untrusted_app:s0 tcontext=u:object_r:debugfs:s0 tclass=file
04-08 09:47:04.958   722  1242 I force_gc: Binder
04-08 09:47:06.737  2362  2362 I menu_opened: 0
04-08 09:47:09.037  2396  2396 I auditd  : type=1400 audit(0.0:38): avc: denied { read } for comm="OnLineMonitor" name="mem" dev="debugfs" ino=16382 scontext=u:r:untrusted_app:s0 tcontext=u:object_r:debugfs:s0 tclass=file
04-08 09:47:09.037  2396  2396 I auditd  : type=1400 audit(0.0:39): avc: denied { read } for comm="OnLineMonitor" name="mem" dev="debugfs" ino=16382 scontext=u:r:untrusted_app:s0 tcontext=u:object_r:debugfs:s0 tclass=file
04-08 09:47:09.857   722  5637 I am_home_stack_moved: [0,0,1,1,sourceStackToFront]
04-08 09:47:09.857   722  5637 I wm_task_moved: [2,1,0]
04-08 09:47:09.862   722  5637 I am_create_activity: [0,845030735,2,com.youku.phone/com.youku.hotspot.activity.ImmersiveFeedActivity,NULL,NULL,NULL,0]
04-08 09:47:09.864   722  5637 I am_pause_activity: [0,128656909,com.youku.phone/com.youku.ui.activity.HomePageActivity]
04-08 09:47:09.866   722  5637 I am_home_stack_moved: [0,0,1,1,startedActivity setFocusedActivity]
04-08 09:47:09.868   722  5637 I am_focused_activity: [0,com.youku.phone/com.youku.hotspot.activity.ImmersiveFeedActivity]
04-08 09:47:09.952  2362  2362 I am_on_paused_called: [0,com.youku.hotspot.activity.HotSpotActivity]
04-08 09:47:09.954  2362  2362 I am_on_paused_called: [0,com.youku.ui.activity.HomePageActivity]
04-08 09:47:09.957   722  1253 I am_restart_activity: [0,845030735,2,com.youku.phone/com.youku.hotspot.activity.ImmersiveFeedActivity]
04-08 09:47:10.272  2362  2362 I am_on_resume_called: [0,com.youku.hotspot.activity.ImmersiveFeedActivity]
04-08 09:47:10.787  2396  2396 I auditd  : type=1400 audit(0.0:40): avc: denied { read } for comm="OnLineMonitor" name="mem" dev="debugfs" ino=16382 scontext=u:r:untrusted_app:s0 tcontext=u:object_r:debugfs:s0 tclass=file
04-08 09:47:10.797  2396  2396 I auditd  : type=1400 audit(0.0:41): avc: denied { read } for comm="OnLineMonitor" name="mem" dev="debugfs" ino=16382 scontext=u:r:untrusted_app:s0 tcontext=u:object_r:debugfs:s0 tclass=file
04-08 09:47:11.498   722   792 I am_activity_launch_time: [0,845030735,com.youku.phone/com.youku.hotspot.activity.ImmersiveFeedActivity,1542,1542]
04-08 09:47:11.732   179   179 I sf_frame_dur: [com.youku.phone/com.youku.ui.activity.HomePageActivity,821,90,31,17,13,7,11]
04-08 09:47:12.679   722   828 I netstats_mobile_sample: [0,0,0,0,0,0,0,0,0,0,0,0,1491616032682]
04-08 09:47:12.693   722   828 I netstats_wifi_sample: [2074590,2036,140889,1521,2073602,2035,126123,1520,2052602,2021,125395,1506,1491616032682]
04-08 09:47:13.027  2396  2396 I auditd  : type=1400 audit(0.0:42): avc: denied { read } for comm="OnLineMonitor" name="mem" dev="debugfs" ino=16382 scontext=u:r:untrusted_app:s0 tcontext=u:object_r:debugfs:s0 tclass=file
04-08 09:47:13.027  2396  2396 I auditd  : type=1400 audit(0.0:43): avc: denied { read } for comm="OnLineMonitor" name="mem" dev="debugfs" ino=16382 scontext=u:r:untrusted_app:s0 tcontext=u:object_r:debugfs:s0 tclass=file
04-08 09:47:13.800   722   828 I netstats_mobile_sample: [0,0,0,0,0,0,0,0,0,0,0,0,1491616033791]
04-08 09:47:13.800   722   828 I netstats_wifi_sample: [5031510,4010,207695,2835,5030522,4009,199587,2834,5003522,3991,198435,2816,1491616033791]
04-08 09:47:14.797  2396  2396 I auditd  : type=1400 audit(0.0:44): avc: denied { read } for comm="OnLineMonitor" name="mem" dev="debugfs" ino=16382 scontext=u:r:untrusted_app:s0 tcontext=u:object_r:debugfs:s0 tclass=file
04-08 09:47:14.797  2396  2396 I auditd  : type=1400 audit(0.0:45): avc: denied { read } for comm="OnLineMonitor" name="mem" dev="debugfs" ino=16382 scontext=u:r:untrusted_app:s0 tcontext=u:object_r:debugfs:s0 tclass=file
04-08 09:47:16.939  2362  2362 I menu_opened: 0
04-08 09:47:23.457  2396  2396 I auditd  : type=1400 audit(0.0:46): avc: denied { read } for comm="OnLineMonitor" name="mem" dev="debugfs" ino=16382 scontext=u:r:untrusted_app:s0 tcontext=u:object_r:debugfs:s0 tclass=file
04-08 09:47:23.467  2396  2396 I auditd  : type=1400 audit(0.0:47): avc: denied { read } for comm="OnLineMonitor" name="mem" dev="debugfs" ino=16382 scontext=u:r:untrusted_app:s0 tcontext=u:object_r:debugfs:s0 tclass=file
04-08 09:47:33.146   722   828 I netstats_mobile_sample: [0,0,0,0,0,0,0,0,0,0,0,0,1491616053150]
04-08 09:47:33.147   722   828 I netstats_wifi_sample: [8113488,6126,255612,3790,8062932,6092,254554,3771,8062932,6092,254554,3771,1491616053150]
04-08 09:47:39.388   871   871 I sysui_panelholder_touch: [0,752,22]
04-08 09:47:39.570   722  2788 I notification_panel_revealed: []
04-08 09:47:39.652   722  1253 I notification_visibility_changed: [-1|android|17040644|null|1000;-1|android|17040636|null|1000,]
04-08 09:47:39.722   722  2788 I notification_visibility_changed: [,-1|android|17040644|null|1000;-1|android|17040636|null|1000]
04-08 09:47:39.729   722   738 I notification_panel_hidden: []
04-08 09:47:44.540  2362  2362 I menu_opened: 0
04-08 09:47:45.753   722   787 I am_proc_start: [0,22177,10038,com.android.music,broadcast,com.android.music/.MediaButtonIntentReceiver]
04-08 09:47:46.448   722  1253 I am_proc_bound: [0,22177,com.android.music]
04-08 09:47:50.533   722   722 I free_storage_changed: 11486588928
04-08 09:47:51.011   722   828 I netstats_mobile_sample: [0,0,0,0,0,0,0,0,0,0,0,0,1491616071015]
04-08 09:47:51.012   722   828 I netstats_wifi_sample: [10739974,7913,275228,4180,10738852,7912,279146,4179,10738852,7912,279146,4179,1491616071015]
04-08 09:47:52.850  2362  2362 I menu_opened: 0
04-08 09:48:10.033   871   871 I sysui_panelholder_touch: [0,334,59]
04-08 09:48:10.173   722  1253 I notification_panel_revealed: []
04-08 09:48:10.236   722  2788 I notification_visibility_changed: [-1|android|17040644|null|1000;-1|android|17040636|null|1000,]
04-08 09:48:14.081   722  2788 I notification_visibility_changed: [,-1|android|17040644|null|1000;-1|android|17040636|null|1000]
04-08 09:48:14.092   722   821 I notification_panel_hidden: []
04-08 09:48:17.554  2362  2362 I menu_opened: 0
04-08 09:48:26.703   722   828 I netstats_mobile_sample: [0,0,0,0,0,0,0,0,0,0,0,0,1491616106706]
04-08 09:48:26.724   722   828 I netstats_wifi_sample: [13094017,9563,309072,4635,13092751,9562,315354,4634,13092751,9562,315354,4634,1491616106706]
04-08 09:48:50.539   722   722 I free_storage_changed: 11481133056
04-08 09:48:51.782   179   179 I sf_frame_dur: [VolumePanel,0,1,0,0,0,0,0]
04-08 09:48:55.334   179   179 I sf_frame_dur: [Toast,0,1,0,0,0,0,0]
04-08 09:48:59.139   179   179 I sf_frame_dur: [SurfaceView,757,1360,258,68,9,1,0]
04-08 09:49:05.096   722   821 I am_kill : [0,1766,com.android.managedprovisioning,15,empty #17]
04-08 09:49:06.219   722  5637 I am_proc_died: [0,1766,com.android.managedprovisioning]
04-08 09:49:06.437   722   828 I netstats_mobile_sample: [0,0,0,0,0,0,0,0,0,0,0,0,1491616146440]
04-08 09:49:06.440   722   828 I netstats_wifi_sample: [15460707,11224,337619,5170,15459338,11223,346109,5169,15448922,11216,345697,5159,1491616146440]
04-08 09:49:07.053   179   179 I sf_frame_dur: [SurfaceView,4,3,2,2,0,0,0]
04-08 09:49:08.333  2362  2362 I menu_opened: 0
04-08 09:49:13.831   722   828 I netstats_mobile_sample: [0,0,0,0,0,0,0,0,0,0,0,0,1491616153835]
04-08 09:49:13.832   722   828 I netstats_wifi_sample: [17752129,12786,361286,5683,17750717,12785,376426,5682,17750717,12785,376426,5682,1491616153835]
04-08 09:49:26.487   179   179 I sf_frame_dur: [SurfaceView,5,28,126,4,1,0,0]
04-08 09:49:27.336  2362  2362 I menu_opened: 0
04-08 09:49:28.137   722   828 I netstats_mobile_sample: [0,0,0,0,0,0,0,0,0,0,0,0,1491616168140]
04-08 09:49:28.138   722   828 I netstats_wifi_sample: [20541656,14723,398084,6236,20540127,14722,419356,6235,20540127,14722,419356,6235,1491616168140]
04-08 09:49:28.940   722   828 I netstats_mobile_sample: [0,0,0,0,0,0,0,0,0,0,0,0,1491616168944]
04-08 09:49:28.941   722   828 I netstats_wifi_sample: [23141484,16457,410964,6512,23138455,16455,433708,6511,23124955,16446,433708,6511,1491616168944]
04-08 09:49:40.479   871   871 I sysui_panelholder_touch: [0,310,34]
04-08 09:49:40.712   722   821 I notification_panel_revealed: []
04-08 09:49:40.788   722  3154 I notification_visibility_changed: [-1|android|17040644|null|1000;-1|android|17040636|null|1000,]
04-08 09:49:41.026   722   821 I notification_visibility_changed: [,-1|android|17040644|null|1000;-1|android|17040636|null|1000]
04-08 09:49:41.028   722   739 I notification_panel_hidden: []
04-08 09:49:50.552   722   722 I free_storage_changed: 11470200832
04-08 09:49:57.582   179   179 I sf_frame_dur: [VolumePanel,3,0,1,0,0,0,0]
04-08 09:50:07.526   722   828 I netstats_mobile_sample: [0,0,0,0,0,0,0,0,0,0,0,0,1491616207529]
04-08 09:50:07.527   722   828 I netstats_wifi_sample: [25281733,17950,438849,6844,25280138,17949,461017,6843,25280138,17949,461017,6843,1491616207529]
04-08 09:50:31.033   179   179 I sf_frame_dur: [SurfaceView,559,734,155,44,3,0,2]
04-08 09:50:31.478   722   828 I netstats_mobile_sample: [0,0,0,0,0,0,0,0,0,0,0,0,1491616231481]
04-08 09:50:31.479   722   828 I netstats_wifi_sample: [27898159,19750,474597,7405,27896522,19749,494549,7404,27896522,19749,494549,7404,1491616231481]
04-08 09:50:44.416   722   828 I netstats_mobile_sample: [0,0,0,0,0,0,0,0,0,0,0,0,1491616244419]
04-08 09:50:44.416   722   828 I netstats_wifi_sample: [30225250,21342,512728,7970,30210057,21332,534852,7969,30153057,21294,534800,7968,1491616244419]
04-08 09:50:45.337   722   828 I netstats_mobile_sample: [0,0,0,0,0,0,0,0,0,0,0,0,1491616245341]
04-08 09:50:45.341   722   828 I netstats_wifi_sample: [32698854,22992,533193,8470,32691161,22987,561275,8467,32676161,22977,561275,8467,1491616245341]
04-08 09:50:50.559   722   722 I free_storage_changed: 11461566464
04-08 09:50:54.083  2362  2362 I menu_opened: 0
04-08 09:50:55.047   871   871 I sysui_panelholder_touch: [0,559,28]
04-08 09:50:55.158   722  3154 I notification_panel_revealed: []
04-08 09:50:55.194   722  5104 I notification_visibility_changed: [-1|android|17040644|null|1000;-1|android|17040636|null|1000,]
04-08 09:50:56.304   722  2788 I notification_visibility_changed: [,-1|android|17040644|null|1000;-1|android|17040636|null|1000]
04-08 09:50:56.307   722  5104 I notification_panel_hidden: []
04-08 09:51:05.415   179   179 I sf_frame_dur: [VolumePanel,0,0,1,1,0,0,0]
04-08 09:51:05.507  2362  2362 I menu_opened: 0
04-08 09:51:11.659  2362  2362 I menu_opened: 0
04-08 09:51:25.252   179   179 I sf_frame_dur: [SurfaceView,46,790,38,1,1,0,2]
04-08 09:51:25.561   722  3154 I am_home_stack_moved: [0,0,1,1,intentActivityFound]
04-08 09:51:25.562   722  3154 I wm_task_moved: [2,1,0]
04-08 09:51:27.937   722   828 I netstats_mobile_sample: [0,0,0,0,0,0,0,0,0,0,0,0,1491616287940]
04-08 09:51:27.942   722   828 I netstats_wifi_sample: [35244977,24788,578591,9095,35241674,24786,607331,9094,35171738,24739,607331,9094,1491616287940]
04-08 09:51:31.420   722   828 I netstats_mobile_sample: [0,0,0,0,0,0,0,0,0,0,0,0,1491616291406]
04-08 09:51:31.421   722   828 I netstats_wifi_sample: [38071515,26704,604190,9601,38069655,26703,638380,9600,38048655,26689,638380,9600,1491616291406]
04-08 09:51:41.329   179   179 I sf_frame_dur: [SurfaceView,73,96,12,6,5,1,0]
04-08 09:51:50.566   722   722 I free_storage_changed: 11455102976
04-08 09:51:50.586   722  1220 I am_home_stack_moved: [0,0,1,1,intentActivityFound]
04-08 09:51:50.586   722  1220 I wm_task_moved: [2,1,0]
04-08 09:52:00.343   179   179 I sf_frame_dur: [SurfaceView,15,245,10,5,0,0,0]
04-08 09:52:12.587   179   179 I sf_frame_dur: [SurfaceView,9,117,6,1,2,0,0]
04-08 09:52:20.436   722   828 I netstats_mobile_sample: [0,0,0,0,0,0,0,0,0,0,0,0,1491616340439]
04-08 09:52:20.436   722   828 I netstats_wifi_sample: [40621893,28530,666457,10419,40619897,28529,702459,10418,40619897,28529,702459,10418,1491616340439]
04-08 09:52:21.521   722   828 I netstats_mobile_sample: [0,0,0,0,0,0,0,0,0,0,0,0,1491616341525]
04-08 09:52:21.522   722   828 I netstats_wifi_sample: [43118757,30208,687283,11056,43116761,30207,728059,11055,43101881,30197,727859,11050,1491616341525]
04-08 09:52:22.038  2362  2362 I menu_opened: 0
04-08 09:52:24.084   871   871 I sysui_panelholder_touch: [0,412,17]
04-08 09:52:24.133   722  1241 I notification_panel_revealed: []
04-08 09:52:24.170   722  5637 I notification_visibility_changed: [-1|android|17040644|null|1000;-1|android|17040636|null|1000,]
04-08 09:52:24.743   179   179 I sf_frame_dur: [SurfaceView,4,6,40,1,1,0,0]
04-08 09:52:24.809   722   821 I notification_visibility_changed: [,-1|android|17040644|null|1000;-1|android|17040636|null|1000]
04-08 09:52:24.826   722  1220 I notification_panel_hidden: []
04-08 09:52:26.128   871   871 I sysui_panelholder_touch: [0,742,3]
04-08 09:52:26.244   722  2571 I notification_panel_revealed: []
04-08 09:52:26.307   722  1241 I notification_visibility_changed: [-1|android|17040644|null|1000;-1|android|17040636|null|1000,]
04-08 09:52:26.400   722   821 I notification_visibility_changed: [,-1|android|17040644|null|1000;-1|android|17040636|null|1000]
04-08 09:52:26.409   722  1242 I notification_panel_hidden: []
04-08 09:52:26.700   722   821 I notification_panel_revealed: []
04-08 09:52:27.103   722  1242 I notification_visibility_changed: [-1|android|17040644|null|1000;-1|android|17040636|null|1000,]
04-08 09:52:28.871   722  2571 I notification_visibility_changed: [,-1|android|17040644|null|1000;-1|android|17040636|null|1000]
04-08 09:52:28.873   722  5637 I notification_panel_hidden: []
04-08 09:52:36.126   722   828 I netstats_mobile_sample: [0,0,0,0,0,0,0,0,0,0,0,0,1491616356129]
04-08 09:52:36.126   722   828 I netstats_wifi_sample: [45586326,31950,739719,12073,45584161,31949,785331,12072,45584161,31949,785331,12072,1491616356129]
04-08 09:52:37.607   722   828 I netstats_mobile_sample: [0,0,0,0,0,0,0,0,0,0,0,0,1491616357611]
04-08 09:52:37.608   722   828 I netstats_wifi_sample: [48280944,33767,758063,12610,48278773,33766,807813,12609,48278773,33766,807813,12609,1491616357611]
04-08 09:52:38.778   179   179 I sf_frame_dur: [SurfaceView,10,9,5,6,0,0,0]
04-08 09:52:41.212   722   828 I netstats_mobile_sample: [0,0,0,0,0,0,0,0,0,0,0,0,1491616361216]
04-08 09:52:41.234   722   828 I netstats_wifi_sample: [50390413,35208,783832,13284,50380765,35202,839814,13281,50346541,35179,839334,13269,1491616361216]
04-08 09:52:42.233   722   739 I battery_level: [95,4205,395]
04-08 09:52:42.245   722   722 I notification_cancel: [10013,871,com.android.systemui,100,low_battery,-1,0,64,8,NULL]
04-08 09:52:44.743  2362  2362 I menu_opened: 0
04-08 09:52:50.538   179   179 I sf_frame_dur: [SurfaceView,5,29,91,2,2,1,0]
04-08 09:52:50.573   722   722 I free_storage_changed: 11443109888
04-08 09:52:58.649  2362  2362 I menu_opened: 0
04-08 09:53:01.756   871   871 I sysui_panelholder_touch: [0,1001,22]
04-08 09:53:01.803   722  1220 I notification_panel_revealed: []
