04-08 09:58:14.361   722  1253 I ActivityManager: START u0 {act=android.intent.action.MAIN cat=[android.intent.category.LAUNCHER] flg=0x10200000 cmp=com.youku.phone/.ActivityWelcome} from uid 0 on display 0
04-08 09:58:40.914   722   808 I WindowManager: Input event dispatching timed out sending to com.youku.phone/com.youku.ui.activity.DetailActivity.  Reason: Waiting to send key event because the focused window has not finished processing all of the input events that were previously delivered to it.  Outbound queue length: 0.  Wait queue length: 1.
04-08 09:58:41.106   722  3154 W InputManager: Input event injection from pid 2341 timed out.
04-08 09:58:42.731   722   787 I ActivityManager: Skipping duplicate ANR: ProcessRecord{19d1e44d 2362:com.youku.phone/u0a54} Input dispatching timed out (Waiting to send key event because the focused window has not finished processing all of the input events that were previously delivered to it.  Outbound queue length: 0.  Wait queue length: 1.)
04-08 09:58:46.126   722   808 I WindowManager: Input event dispatching timed out sending to com.youku.phone/com.youku.ui.activity.DetailActivity.  Reason: Waiting to send key event because the focused window has not finished processing all of the input events that were previously delivered to it.  Outbound queue length: 0.  Wait queue length: 1.
04-08 09:58:46.225   722   787 I ActivityManager: Skipping duplicate ANR: ProcessRecord{19d1e44d 2362:com.youku.phone/u0a54} Input dispatching timed out (Waiting to send key event because the focused window has not finished processing all of the input events that were previously delivered to it.  Outbound queue length: 0.  Wait queue length: 1.)
04-08 09:58:46.227   722   739 W InputManager: Input event injection from pid 2341 timed out.
04-08 09:58:49.665   722  1220 V WindowManager: Adding window Window{246d1fa3 u0 AtchDlg:com.youku.phone/com.youku.ui.activity.DetailActivity} at 6 of 11 (after Window{2e756f79 u0 com.youku.phone/com.youku.ui.activity.DetailActivity})
04-08 09:58:51.757   722   808 I ActivityManager: START u0 {act=android.intent.action.MAIN cat=[android.intent.category.LAUNCHER] flg=0x10000000 cmp=com.android.browser/.BrowserActivity sel=act=android.intent.action.MAIN cat=[android.intent.category.APP_BROWSER]}} from uid 1000 on display 0
04-08 09:58:53.043   722   819 W InputMethodManagerService: Window already focused, ignoring focus gain of: com.android.internal.view.IInputMethodClient$Stub$Proxy@1d2c52a0 attribute=null, token = android.os.BinderProxy@2a91b440
04-08 09:58:58.892   722  2788 W ProcessCpuTracker: Skipping unknown process pid 17746
04-08 09:59:03.858   722  2788 V WindowManager: Adding window Window{f174715 u0 AtchDlg:com.youku.phone/com.youku.ui.activity.DetailActivity} at 6 of 11 (after Window{2e756f79 u0 com.youku.phone/com.youku.ui.activity.DetailActivity})
04-08 09:59:11.608   722   808 I WindowManager: Input event dispatching timed out sending to AtchDlg:com.youku.phone/com.youku.ui.activity.DetailActivity.  Reason: Waiting to send key event because the focused window has not finished processing all of the input events that were previously delivered to it.  Outbound queue length: 0.  Wait queue length: 3.
04-08 09:59:11.921   722  3154 W InputManager: Input event injection from pid 2341 timed out.
04-08 09:59:12.039   722   787 I ActivityManager: Skipping duplicate ANR: ProcessRecord{19d1e44d 2362:com.youku.phone/u0a54} Input dispatching timed out (Waiting to send key event because the focused window has not finished processing all of the input events that were previously delivered to it.  Outbound queue length: 0.  Wait queue length: 3.)
04-08 09:59:16.934   722   808 I WindowManager: Input event dispatching timed out sending to AtchDlg:com.youku.phone/com.youku.ui.activity.DetailActivity.  Reason: Waiting to send key event because the focused window has not finished processing all of the input events that were previously delivered to it.  Outbound queue length: 0.  Wait queue length: 3.
04-08 09:59:17.174   722  1220 W InputManager: Input event injection from pid 2341 timed out.
04-08 09:59:17.238   722   787 I ActivityManager: Skipping duplicate ANR: ProcessRecord{19d1e44d 2362:com.youku.phone/u0a54} Input dispatching timed out (Waiting to send key event because the focused window has not finished processing all of the input events that were previously delivered to it.  Outbound queue length: 0.  Wait queue length: 3.)
04-08 09:59:23.182   722   808 I WindowManager: Input event dispatching timed out sending to AtchDlg:com.youku.phone/com.youku.ui.activity.DetailActivity.  Reason: Waiting to send non-key event because the touched window has not finished processing certain input events that were delivered to it over 500.0ms ago.  Wait queue length: 3.  Wait queue head age: 17587.1ms.
04-08 09:59:23.328   722  2788 W InputManager: Input event injection from pid 2341 timed out.
04-08 09:59:23.332   722  3154 W InputManager: Input event injection from pid 2341 failed.
04-08 09:59:23.339   722  1255 W InputManager: Input event injection from pid 2341 failed.
04-08 09:59:23.342   722  2571 W InputManager: Input event injection from pid 2341 failed.
04-08 09:59:23.345   722  1220 W InputManager: Input event injection from pid 2341 failed.
04-08 09:59:23.349   722   739 W InputManager: Input event injection from pid 2341 failed.
04-08 09:59:23.353   722  1253 W InputManager: Input event injection from pid 2341 failed.
04-08 09:59:23.398   722   787 I ActivityManager: Skipping duplicate ANR: ProcessRecord{19d1e44d 2362:com.youku.phone/u0a54} Input dispatching timed out (Waiting to send non-key event because the touched window has not finished processing certain input events that were delivered to it over 500.0ms ago.  Wait queue length: 3.  Wait queue head age: 17587.1ms.)
04-08 09:59:26.883   722  2788 W InputMethodManagerService: Window already focused, ignoring focus gain of: com.android.internal.view.IInputMethodClient$Stub$Proxy@2a74e01b attribute=null, token = android.os.BinderProxy@2a91b440
04-08 09:59:28.605   722  1253 W ProcessCpuTracker: Skipping unknown process pid 25031
04-08 09:59:28.606   722  1253 W ProcessCpuTracker: Skipping unknown process pid 25033
04-08 09:59:34.160   722   722 W ViewRootImpl: Cancelling event due to no window focus: KeyEvent { action=ACTION_UP, keyCode=KEYCODE_SYM, scanCode=0, metaState=0, flags=0x80000028, repeatCount=0, eventTime=963296, downTime=963296, deviceId=-1, source=0x101 }
04-08 09:59:34.161   722   722 W ViewRootImpl: Cancelling event due to no window focus: KeyEvent { action=ACTION_UP, keyCode=KEYCODE_SYM, scanCode=0, metaState=0, flags=0x80000028, repeatCount=0, eventTime=963296, downTime=963296, deviceId=-1, source=0x101 }
04-08 09:59:34.161   722   722 W ViewRootImpl: Cancelling event due to no window focus: KeyEvent { action=ACTION_UP, keyCode=KEYCODE_SYM, scanCode=0, metaState=0, flags=0x80000028, repeatCount=0, eventTime=963296, downTime=963296, deviceId=-1, source=0x101 }
04-08 09:59:34.162   722   722 W ViewRootImpl: Cancelling event due to no window focus: KeyEvent { action=ACTION_UP, keyCode=KEYCODE_SYM, scanCode=0, metaState=0, flags=0x80000028, repeatCount=0, eventTime=963296, downTime=963296, deviceId=-1, source=0x101 }
04-08 09:59:34.185   722   722 W ViewRootImpl: Cancelling event due to no window focus: KeyEvent { action=ACTION_UP, keyCode=KEYCODE_SYM, scanCode=0, metaState=0, flags=0x80000028, repeatCount=0, eventTime=963296, downTime=963296, deviceId=-1, source=0x101 }
04-08 09:59:34.189   722   722 W ViewRootImpl: Cancelling event due to no window focus: KeyEvent { action=ACTION_UP, keyCode=KEYCODE_SYM, scanCode=0, metaState=0, flags=0x80000028, repeatCount=0, eventTime=963296, downTime=963296, deviceId=-1, source=0x101 }
04-08 09:59:34.198   722   722 W ViewRootImpl: Cancelling event due to no window focus: KeyEvent { action=ACTION_UP, keyCode=KEYCODE_SYM, scanCode=0, metaState=0, flags=0x80000028, repeatCount=0, eventTime=963296, downTime=963296, deviceId=-1, source=0x101 }
04-08 09:59:34.198   722   722 W ViewRootImpl: Cancelling event due to no window focus: KeyEvent { action=ACTION_UP, keyCode=KEYCODE_SYM, scanCode=0, metaState=0, flags=0x80000028, repeatCount=0, eventTime=963296, downTime=963296, deviceId=-1, source=0x101 }
04-08 09:59:34.201   722   722 W ViewRootImpl: Cancelling event due to no window focus: KeyEvent { action=ACTION_UP, keyCode=KEYCODE_SYM, scanCode=0, metaState=0, flags=0x80000028, repeatCount=0, eventTime=963296, downTime=963296, deviceId=-1, source=0x101 }
04-08 09:59:35.162   722   722 I ActivityManager: START u0 {act=android.settings.INPUT_METHOD_SETTINGS flg=0x14200000 cmp=com.android.settings/.Settings$InputMethodAndLanguageSettingsActivity} from uid 1000 on display 0
04-08 09:59:35.243   722  1253 W InputMethodManagerService: Window already focused, ignoring focus gain of: com.android.internal.view.IInputMethodClient$Stub$Proxy@2502da71 attribute=android.view.inputmethod.EditorInfo@52ba056, token = android.os.BinderProxy@2a91b440
04-08 09:59:38.668   722   790 I ActivityManager: Start proc 27203:com.android.systemui:screenshot/u0a13 for service com.android.systemui/.screenshot.TakeScreenshotService
04-08 09:59:45.644   722  1242 I ActivityManager: START u0 {act=android.intent.action.MAIN cat=[android.intent.category.LAUNCHER] flg=0x10200000 cmp=com.youku.phone/.ActivityWelcome} from uid 0 on display 0
04-08 09:59:49.301   722  2788 V WindowManager: Adding window Window{2d8acb06 u0 PopupWindow:3d8d2238} at 6 of 11 (after Window{2e756f79 u0 com.youku.phone/com.youku.ui.activity.DetailActivity})
04-08 09:59:52.590   722  2788 V WindowManager: Adding window Window{555518c u0 SurfaceView} at 3 of 12 (before Window{3501c76b u0 com.youku.phone/com.youku.hotspot.activity.ImmersiveFeedActivity})
04-08 10:00:10.005   722   787 W BroadcastQueue: Timeout of broadcast BroadcastRecord{227490d5 u-1 android.intent.action.TIME_TICK} - receiver=android.app.LoadedApk$ReceiverDispatcher$InnerReceiver@31dc1f43, started 10003ms ago
04-08 10:00:10.005   722   787 W BroadcastQueue: Receiver during timeout: BroadcastFilter{5936f9 u0 ReceiverList{3d11e9c0 722 system/1000/u0 local:31dc1f43}}
04-08 10:00:31.253   722   808 I WindowManager: Input event dispatching timed out sending to com.youku.phone/com.youku.hotspot.activity.ImmersiveFeedActivity.  Reason: Waiting to send key event because the focused window has not finished processing all of the input events that were previously delivered to it.  Outbound queue length: 0.  Wait queue length: 1.
04-08 10:00:31.434   722   819 W InputManager: Input event injection from pid 2341 timed out.
04-08 10:00:31.639   722   787 I ActivityManager: Skipping duplicate ANR: ProcessRecord{19d1e44d 2362:com.youku.phone/u0a54} Input dispatching timed out (Waiting to send key event because the focused window has not finished processing all of the input events that were previously delivered to it.  Outbound queue length: 0.  Wait queue length: 1.)
04-08 10:00:44.650   722   808 I WindowManager: Input event dispatching timed out sending to com.youku.phone/com.youku.hotspot.activity.ImmersiveFeedActivity.  Reason: Waiting to send key event because the focused window has not finished processing all of the input events that were previously delivered to it.  Outbound queue length: 0.  Wait queue length: 2.
04-08 10:00:44.770   722  5104 W InputManager: Input event injection from pid 2341 timed out.
04-08 10:00:47.963   722   787 I ActivityManager: Skipping duplicate ANR: ProcessRecord{19d1e44d 2362:com.youku.phone/u0a54} Input dispatching timed out (Waiting to send key event because the focused window has not finished processing all of the input events that were previously delivered to it.  Outbound queue length: 0.  Wait queue length: 2.)
04-08 10:00:50.984   722  1253 W ProcessCpuTracker: Skipping unknown process pid 13145
04-08 10:00:50.993   722  1253 W ProcessCpuTracker: Skipping unknown process pid 13146
04-08 10:00:50.994   722  1253 W ProcessCpuTracker: Skipping unknown process pid 13147
04-08 10:00:50.995   722  1253 W ProcessCpuTracker: Skipping unknown process pid 13148
04-08 10:00:53.796   722  2788 V WindowManager: Adding window Window{29024624 u0 SurfaceView} at 3 of 9 (before Window{3501c76b u0 com.youku.phone/com.youku.hotspot.activity.ImmersiveFeedActivity})
04-08 10:00:57.054   722  2571 W InputMethodManagerService: Window already focused, ignoring focus gain of: com.android.internal.view.IInputMethodClient$Stub$Proxy@b2f058d attribute=null, token = android.os.BinderProxy@1e8d8cba
04-08 10:01:10.164   722  1241 I ActivityManager: START u0 {act=android.intent.action.MAIN cat=[android.intent.category.LAUNCHER] flg=0x10200000 cmp=com.youku.phone/.ActivityWelcome} from uid 0 on display 0
04-08 10:01:14.729  2362  2362 W ViewRootImpl: Cancelling event due to no window focus: KeyEvent { action=ACTION_UP, keyCode=KEYCODE_DPAD_RIGHT, scanCode=0, metaState=0, flags=0x80000028, repeatCount=0, eventTime=1064107, downTime=1064107, deviceId=-1, source=0x101 }
04-08 10:01:14.729  2362  2362 W ViewRootImpl: Cancelling event due to no window focus: KeyEvent { action=ACTION_UP, keyCode=KEYCODE_DPAD_RIGHT, scanCode=0, metaState=0, flags=0x80000028, repeatCount=0, eventTime=1064107, downTime=1064107, deviceId=-1, source=0x101 }
04-08 10:01:14.733  2362  2362 W ViewRootImpl: Cancelling event due to no window focus: KeyEvent { action=ACTION_UP, keyCode=KEYCODE_DPAD_RIGHT, scanCode=0, metaState=0, flags=0x80000028, repeatCount=0, eventTime=1064107, downTime=1064107, deviceId=-1, source=0x101 }
04-08 10:01:14.827   722  1220 W InputMethodManagerService: Window already focused, ignoring focus gain of: com.android.internal.view.IInputMethodClient$Stub$Proxy@2ec48342 attribute=null, token = android.os.BinderProxy@1e8d8cba
04-08 10:01:21.314   722  1220 V WindowManager: Adding window Window{d2fa090 u0 AtchDlg:com.youku.phone/com.youku.hotspot.activity.ImmersiveFeedActivity} at 5 of 10 (after Window{3501c76b u0 com.youku.phone/com.youku.hotspot.activity.ImmersiveFeedActivity})
04-08 10:01:21.338  2362  2362 W ViewRootImpl: Dropping event due to no window focus: KeyEvent { action=ACTION_DOWN, keyCode=KEYCODE_DPAD_UP, scanCode=0, metaState=0, flags=0x8, repeatCount=0, eventTime=1067037, downTime=1067037, deviceId=-1, source=0x101 }
04-08 10:01:21.339  2362  2362 W ViewRootImpl: Cancelling event due to no window focus: KeyEvent { action=ACTION_UP, keyCode=KEYCODE_DPAD_UP, scanCode=0, metaState=0, flags=0x28, repeatCount=0, eventTime=1071055, downTime=1071055, deviceId=-1, source=0x101 }
04-08 10:01:21.340  2362  2362 W ViewRootImpl: Cancelling event due to no window focus: KeyEvent { action=ACTION_UP, keyCode=KEYCODE_DPAD_UP, scanCode=0, metaState=0, flags=0x28, repeatCount=0, eventTime=1071055, downTime=1071055, deviceId=-1, source=0x101 }
04-08 10:01:21.345  2362  2362 W ViewRootImpl: Cancelling event due to no window focus: KeyEvent { action=ACTION_UP, keyCode=KEYCODE_DPAD_UP, scanCode=0, metaState=0, flags=0x28, repeatCount=0, eventTime=1071055, downTime=1071055, deviceId=-1, source=0x101 }
04-08 10:01:21.347  2362  2362 W ViewRootImpl: Cancelling event due to no window focus: KeyEvent { action=ACTION_UP, keyCode=KEYCODE_DPAD_UP, scanCode=0, metaState=0, flags=0x28, repeatCount=0, eventTime=1071055, downTime=1071055, deviceId=-1, source=0x101 }
04-08 10:01:21.348  2362  2362 W ViewRootImpl: Cancelling event due to no window focus: KeyEvent { action=ACTION_UP, keyCode=KEYCODE_DPAD_UP, scanCode=0, metaState=0, flags=0x28, repeatCount=0, eventTime=1071055, downTime=1071055, deviceId=-1, source=0x101 }
04-08 10:01:21.348  2362  2362 W ViewRootImpl: Cancelling event due to no window focus: KeyEvent { action=ACTION_UP, keyCode=KEYCODE_DPAD_UP, scanCode=0, metaState=0, flags=0x28, repeatCount=0, eventTime=1071055, downTime=1071055, deviceId=-1, source=0x101 }
04-08 10:01:21.359  2362  2362 W ViewRootImpl: Cancelling event due to no window focus: KeyEvent { action=ACTION_UP, keyCode=KEYCODE_DPAD_UP, scanCode=0, metaState=0, flags=0x80000028, repeatCount=0, eventTime=1071055, downTime=1071055, deviceId=-1, source=0x101 }
04-08 10:01:21.360  2362  2362 W ViewRootImpl: Cancelling event due to no window focus: KeyEvent { action=ACTION_UP, keyCode=KEYCODE_DPAD_UP, scanCode=0, metaState=0, flags=0x80000028, repeatCount=0, eventTime=1071055, downTime=1071055, deviceId=-1, source=0x101 }
04-08 10:01:21.360  2362  2362 W ViewRootImpl: Cancelling event due to no window focus: KeyEvent { action=ACTION_UP, keyCode=KEYCODE_DPAD_UP, scanCode=0, metaState=0, flags=0x80000028, repeatCount=0, eventTime=1071055, downTime=1071055, deviceId=-1, source=0x101 }
04-08 10:01:28.357   722   808 I WindowManager: Input event dispatching timed out sending to AtchDlg:com.youku.phone/com.youku.hotspot.activity.ImmersiveFeedActivity.  Reason: Waiting to send key event because the focused window has not finished processing all of the input events that were previously delivered to it.  Outbound queue length: 0.  Wait queue length: 1.
04-08 10:01:28.637   722   787 I ActivityManager: Skipping duplicate ANR: ProcessRecord{19d1e44d 2362:com.youku.phone/u0a54} Input dispatching timed out (Waiting to send key event because the focused window has not finished processing all of the input events that were previously delivered to it.  Outbound queue length: 0.  Wait queue length: 1.)
04-08 10:01:28.646   722   821 W InputManager: Input event injection from pid 2341 timed out.
04-08 10:01:34.657   722   808 I WindowManager: Input event dispatching timed out sending to AtchDlg:com.youku.phone/com.youku.hotspot.activity.ImmersiveFeedActivity.  Reason: Waiting to send non-key event because the focused window has not finished processing certain input events that were delivered to it over 500.0ms ago.  Wait queue length: 2.  Wait queue head age: 11305.6ms.
04-08 10:01:34.878   722   787 I ActivityManager: Skipping duplicate ANR: ProcessRecord{19d1e44d 2362:com.youku.phone/u0a54} Input dispatching timed out (Waiting to send non-key event because the focused window has not finished processing certain input events that were delivered to it over 500.0ms ago.  Wait queue length: 2.  Wait queue head age: 11305.6ms.)
04-08 10:01:34.881   722  2788 W InputManager: Input event injection from pid 2341 timed out.
04-08 10:01:44.247   722  1253 W InputManager: Input event injection from pid 2341 failed.
04-08 10:01:44.261   722   821 W InputManager: Input event injection from pid 2341 failed.
04-08 10:01:44.277   722  2788 W InputMethodManagerService: Window already focused, ignoring focus gain of: com.android.internal.view.IInputMethodClient$Stub$Proxy@1f7a35cb attribute=null, token = android.os.BinderProxy@1e8d8cba
04-08 10:01:44.281   722  5636 W InputManager: Input event injection from pid 2341 failed.
04-08 10:01:44.298   722  5637 W InputManager: Input event injection from pid 2341 failed.
04-08 10:01:49.201   722   821 W ProcessCpuTracker: Skipping unknown process pid 26860
04-08 10:01:58.725   722   808 I WindowManager: Input event dispatching timed out sending to com.youku.phone/com.youku.hotspot.activity.ImmersiveFeedActivity.  Reason: Waiting to send key event because the focused window has not finished processing all of the input events that were previously delivered to it.  Outbound queue length: 0.  Wait queue length: 1.
04-08 10:01:58.858   722   787 I ActivityManager: Skipping duplicate ANR: ProcessRecord{19d1e44d 2362:com.youku.phone/u0a54} Input dispatching timed out (Waiting to send key event because the focused window has not finished processing all of the input events that were previously delivered to it.  Outbound queue length: 0.  Wait queue length: 1.)
04-08 10:01:58.871   722  5637 W InputManager: Input event injection from pid 2341 timed out.
04-08 10:02:07.595   722   738 V WindowManager: Adding window Window{78840f2 u0 SurfaceView} at 3 of 10 (before Window{3501c76b u0 com.youku.phone/com.youku.hotspot.activity.ImmersiveFeedActivity})
04-08 10:02:08.901   722  1220 W ProcessCpuTracker: Skipping unknown process pid 31747
04-08 10:02:10.374   722  1253 V WindowManager: Adding window Window{2998209f u0 SurfaceView} at 3 of 9 (before Window{3501c76b u0 com.youku.phone/com.youku.hotspot.activity.ImmersiveFeedActivity})
04-08 10:02:15.290   722   821 V WindowManager: Adding window Window{97f1db5 u0 AtchDlg:com.youku.phone/com.youku.hotspot.activity.ImmersiveFeedActivity} at 5 of 10 (after Window{3501c76b u0 com.youku.phone/com.youku.hotspot.activity.ImmersiveFeedActivity})
04-08 10:02:19.136   722  1242 W InputManager: Input event injection from pid 2341 failed.
04-08 10:02:19.139   722  1253 W InputMethodManagerService: Window already focused, ignoring focus gain of: com.android.internal.view.IInputMethodClient$Stub$Proxy@352afc4a attribute=null, token = android.os.BinderProxy@1e8d8cba
04-08 10:02:25.406   722   821 W ProcessCpuTracker: Skipping unknown process pid 2257
04-08 10:02:31.509   722   808 I WindowManager: Input event dispatching timed out sending to com.youku.phone/com.youku.hotspot.activity.ImmersiveFeedActivity.  Reason: Waiting to send key event because the focused window has not finished processing all of the input events that were previously delivered to it.  Outbound queue length: 0.  Wait queue length: 8.
04-08 10:02:31.712   722  1253 W InputManager: Input event injection from pid 2341 timed out.
04-08 10:02:31.781   722   787 I ActivityManager: Skipping duplicate ANR: ProcessRecord{19d1e44d 2362:com.youku.phone/u0a54} Input dispatching timed out (Waiting to send key event because the focused window has not finished processing all of the input events that were previously delivered to it.  Outbound queue length: 0.  Wait queue length: 8.)
04-08 10:02:36.760   722   808 I WindowManager: Input event dispatching timed out sending to com.youku.phone/com.youku.hotspot.activity.ImmersiveFeedActivity.  Reason: Waiting to send key event because the focused window has not finished processing all of the input events that were previously delivered to it.  Outbound queue length: 0.  Wait queue length: 8.
04-08 10:02:36.908   722   821 W InputManager: Input event injection from pid 2341 timed out.
04-08 10:02:36.975   722   787 I ActivityManager: Skipping duplicate ANR: ProcessRecord{19d1e44d 2362:com.youku.phone/u0a54} Input dispatching timed out (Waiting to send key event because the focused window has not finished processing all of the input events that were previously delivered to it.  Outbound queue length: 0.  Wait queue length: 8.)
04-08 10:02:37.604   722  1242 V WindowManager: Adding window Window{1a24e6d u0 SurfaceView} at 3 of 9 (before Window{3501c76b u0 com.youku.phone/com.youku.hotspot.activity.ImmersiveFeedActivity})
04-08 10:02:41.609   722   821 I ActivityManager: START u0 {act=android.intent.action.MAIN cat=[android.intent.category.LAUNCHER] flg=0x10200000 cmp=com.youku.phone/.ActivityWelcome} from uid 0 on display 0
04-08 10:02:49.842   722   821 V WindowManager: Adding window Window{38f2eeee u0 SurfaceView} at 3 of 9 (before Window{3501c76b u0 com.youku.phone/com.youku.hotspot.activity.ImmersiveFeedActivity})
04-08 10:03:12.542   722   808 I WindowManager: Input event dispatching timed out sending to com.youku.phone/com.youku.hotspot.activity.ImmersiveFeedActivity.  Reason: Waiting to send key event because the focused window has not finished processing all of the input events that were previously delivered to it.  Outbound queue length: 0.  Wait queue length: 1.
04-08 10:03:12.675   722   738 W InputManager: Input event injection from pid 2341 timed out.
04-08 10:03:12.706   722   787 I ActivityManager: Skipping duplicate ANR: ProcessRecord{19d1e44d 2362:com.youku.phone/u0a54} Input dispatching timed out (Waiting to send key event because the focused window has not finished processing all of the input events that were previously delivered to it.  Outbound queue length: 0.  Wait queue length: 1.)
04-08 10:03:16.205   722  1242 V WindowManager: Adding window Window{306e75ab u0 SurfaceView} at 3 of 9 (before Window{3501c76b u0 com.youku.phone/com.youku.hotspot.activity.ImmersiveFeedActivity})
04-08 10:03:38.260   722   738 V WindowManager: Adding window Window{302937a1 u0 AtchDlg:com.youku.phone/com.youku.hotspot.activity.ImmersiveFeedActivity} at 5 of 10 (after Window{3501c76b u0 com.youku.phone/com.youku.hotspot.activity.ImmersiveFeedActivity})
04-08 10:03:40.296   722  1220 W InputManager: Input event injection from pid 2341 failed.
04-08 10:03:40.309   722  1253 W InputManager: Input event injection from pid 2341 failed.
04-08 10:03:40.324   722  5104 W InputManager: Input event injection from pid 2341 failed.
04-08 10:03:40.337   722  1242 W InputManager: Input event injection from pid 2341 failed.
04-08 10:03:40.340   722   739 W InputMethodManagerService: Window already focused, ignoring focus gain of: com.android.internal.view.IInputMethodClient$Stub$Proxy@3805edc6 attribute=null, token = android.os.BinderProxy@1e8d8cba
04-08 10:03:40.374   722   738 W InputManager: Input event injection from pid 2341 failed.
04-08 10:03:40.386   722  1220 W InputManager: Input event injection from pid 2341 failed.
04-08 10:03:40.397   722  1253 W InputManager: Input event injection from pid 2341 failed.
04-08 10:03:40.454   722  5104 W InputManager: Input event injection from pid 2341 failed.
04-08 10:03:49.444   722   786 I UsageStatsService: User[0] Flushing usage stats to disk
04-08 10:03:58.887   722   821 W ProcessCpuTracker: Skipping unknown process pid 26862
04-08 10:04:04.333   722   787 I ActivityManager: Waited long enough for: ServiceRecord{161cc187 u0 com.android.music/.MediaPlaybackService}
04-08 10:04:06.111   722  3154 I ActivityManager: START u0 {act=android.intent.action.VIEW dat=content://media/external/images/media/475 typ=image/png flg=0x10000000 cmp=com.android.gallery3d/.app.GalleryActivity} from uid 10013 on display 0
04-08 10:04:10.093   722   739 W InputMethodManagerService: Window already focused, ignoring focus gain of: com.android.internal.view.IInputMethodClient$Stub$Proxy@26d31a77 attribute=null, token = android.os.BinderProxy@1e8d8cba
04-08 10:04:16.136   722   808 I WindowManager: Input event dispatching timed out sending to com.youku.phone/com.youku.hotspot.activity.ImmersiveFeedActivity.  Reason: Waiting to send key event because the focused window has not finished processing all of the input events that were previously delivered to it.  Outbound queue length: 0.  Wait queue length: 1.
04-08 10:04:16.245   722   819 W InputManager: Input event injection from pid 2341 timed out.
04-08 10:04:16.628   722   787 I ActivityManager: Skipping duplicate ANR: ProcessRecord{19d1e44d 2362:com.youku.phone/u0a54} Input dispatching timed out (Waiting to send key event because the focused window has not finished processing all of the input events that were previously delivered to it.  Outbound queue length: 0.  Wait queue length: 1.)
04-08 10:04:22.941   722   819 W BackupManagerService: dataChanged but no participant pkg='com.android.providers.settings' uid=10013
04-08 10:04:28.793   722  5637 W ProcessCpuTracker: Skipping unknown process pid 2299
04-08 10:04:34.602   722   739 W BackupManagerService: dataChanged but no participant pkg='com.android.providers.settings' uid=10013
04-08 10:04:36.551   722  1255 I ActivityManager: START u0 {act=android.intent.action.MAIN cat=[android.intent.category.LAUNCHER] flg=0x10200000 cmp=com.youku.phone/.ActivityWelcome} from uid 0 on display 0
04-08 10:04:38.791   722  1255 I ActivityManager: START u0 {act=android.intent.action.MAIN cat=[android.intent.category.LAUNCHER] flg=0x10200000 cmp=com.youku.phone/.ActivityWelcome} from uid 0 on display 0
04-08 10:04:46.862   722   739 V WindowManager: Adding window Window{1b098f67 u0 AtchDlg:com.youku.phone/com.youku.hotspot.activity.ImmersiveFeedActivity} at 5 of 10 (after Window{3501c76b u0 com.youku.phone/com.youku.hotspot.activity.ImmersiveFeedActivity})
04-08 10:04:49.156   722  3154 W ProcessCpuTracker: Skipping unknown process pid 7495
04-08 10:04:51.121   722   739 V WindowManager: Adding window Window{322f045f u0 SurfaceView} at 3 of 10 (before Window{3501c76b u0 com.youku.phone/com.youku.hotspot.activity.ImmersiveFeedActivity})
04-08 10:04:57.339   722  5105 W InputMethodManagerService: Window already focused, ignoring focus gain of: com.android.internal.view.IInputMethodClient$Stub$Proxy@33e40775 attribute=null, token = android.os.BinderProxy@1e8d8cba
04-08 10:04:59.785   722  3154 V WindowManager: Adding window Window{2ae9877b u0 AtchDlg:com.youku.phone/com.youku.hotspot.activity.ImmersiveFeedActivity} at 5 of 10 (after Window{3501c76b u0 com.youku.phone/com.youku.hotspot.activity.ImmersiveFeedActivity})
04-08 10:05:04.932   722  3154 W InputMethodManagerService: Window already focused, ignoring focus gain of: com.android.internal.view.IInputMethodClient$Stub$Proxy@30d85998 attribute=null, token = android.os.BinderProxy@1e8d8cba
04-08 10:05:09.041   202   202 W Zygote  : Slow operation: 1525ms so far, now at Zygote.postForkCommon
04-08 10:05:09.051   202   202 W Zygote  : Slow operation: 1530ms so far, now at zygoteConnection.runOnce: postForkAndSpecialize
04-08 10:05:09.055   722   791 W ActivityManager: Slow operation: 1548ms so far, now at startProcess: returned from zygote!
04-08 10:05:09.055   722   791 W ActivityManager: Slow operation: 1548ms so far, now at startProcess: done updating battery stats
04-08 10:05:09.055   722   791 W ActivityManager: Slow operation: 1548ms so far, now at startProcess: building log message
04-08 10:05:09.055   722   791 I ActivityManager: Start proc 12286:com.android.bluetooth/1002 for service com.android.bluetooth/.btservice.AdapterService
04-08 10:05:09.056   722   791 W ActivityManager: Slow operation: 1548ms so far, now at startProcess: starting to update pids map
04-08 10:05:09.056   722   791 W ActivityManager: Slow operation: 1549ms so far, now at startProcess: done updating pids map
04-08 10:05:09.056   722   791 W ActivityManager: Slow operation: 1549ms so far, now at startProcess: done starting proc!
04-08 10:05:09.103 12286 12286 W Zygote  : Slow operation: 1581ms so far, now at Zygote.postForkCommon
04-08 10:05:09.103 12286 12286 W Zygote  : Slow operation: 1592ms so far, now at zygoteConnection.runOnce: postForkAndSpecialize
04-08 10:05:10.839 12286 12286 W ResourcesManager: Asset path '/system/framework/javax.obex.jar' does not exist or contains no resources.
04-08 10:05:20.540   722   808 I WindowManager: Input event dispatching timed out sending to com.youku.phone/com.youku.hotspot.activity.ImmersiveFeedActivity.  Reason: Waiting to send key event because the focused window has not finished processing all of the input events that were previously delivered to it.  Outbound queue length: 0.  Wait queue length: 5.
04-08 10:05:20.705   722   787 I ActivityManager: Skipping duplicate ANR: ProcessRecord{19d1e44d 2362:com.youku.phone/u0a54} Input dispatching timed out (Waiting to send key event because the focused window has not finished processing all of the input events that were previously delivered to it.  Outbound queue length: 0.  Wait queue length: 5.)
04-08 10:05:20.707   722  2788 W InputManager: Input event injection from pid 2341 timed out.
04-08 10:05:27.462   722  3154 V WindowManager: Adding window Window{29e7456b u0 SurfaceView} at 3 of 9 (before Window{3501c76b u0 com.youku.phone/com.youku.hotspot.activity.ImmersiveFeedActivity})
04-08 10:05:33.278   896   896 W ContextImpl: Calling a method in the system process without a qualified user: android.app.ContextImpl.startService:1692 android.content.ContextWrapper.startService:516 android.content.ContextWrapper.startService:516 com.android.settings.bluetooth.DockEventReceiver.beginStartingService:134 com.android.settings.bluetooth.DockEventReceiver.onReceive:115 
04-08 10:05:37.946   722  1255 V WindowManager: Adding window Window{3eb0a73b u0 SurfaceView} at 3 of 9 (before Window{3501c76b u0 com.youku.phone/com.youku.hotspot.activity.ImmersiveFeedActivity})
04-08 10:05:38.923   722   787 W ProcessCpuTracker: Skipping unknown process pid 19924
04-08 10:05:38.955   722   787 W ProcessCpuTracker: Skipping unknown process pid 19982
04-08 10:05:48.450   722   808 I WindowManager: Input event dispatching timed out sending to com.youku.phone/com.youku.hotspot.activity.ImmersiveFeedActivity.  Reason: Waiting to send key event because the focused window has not finished processing all of the input events that were previously delivered to it.  Outbound queue length: 0.  Wait queue length: 1.
04-08 10:05:48.578   722   787 I ActivityManager: Skipping duplicate ANR: ProcessRecord{19d1e44d 2362:com.youku.phone/u0a54} Input dispatching timed out (Waiting to send key event because the focused window has not finished processing all of the input events that were previously delivered to it.  Outbound queue length: 0.  Wait queue length: 1.)
04-08 10:05:48.582   722  5105 W InputManager: Input event injection from pid 2341 timed out.
04-08 10:05:57.562   722   835 D ConnectivityService: NetworkAgentInfo [WIFI () - 100] EVENT_NETWORK_INFO_CHANGED, going from CONNECTED to DISCONNECTED
04-08 10:05:57.572   722   835 D ConnectivityService: NetworkAgentInfo [WIFI () - 100] got DISCONNECTED, was satisfying 2
04-08 10:05:57.787   722   835 D ConnectivityService: notifyType LOST for NetworkAgentInfo [WIFI () - 100]
04-08 10:05:57.823   722   835 D CSLegacyTypeTracker: Sending disconnected broadcast for type 1 NetworkAgentInfo [WIFI () - 100] isDefaultNetwork=true
04-08 10:05:57.824   722   835 D ConnectivityService: sendStickyBroadcast: action=android.net.conn.CONNECTIVITY_CHANGE_IMMEDIATE
04-08 10:05:57.832   722   835 D ConnectivityService: sendStickyBroadcast: action=android.net.conn.CONNECTIVITY_CHANGE
04-08 10:05:57.855   722   787 W BroadcastQueue: Skipping deliver [background] BroadcastRecord{1c88b896 u-1 android.net.conn.CONNECTIVITY_CHANGE} to ReceiverList{2665b25 2341 (unknown name)/0/u-1 remote:363697ee}: process crashing
04-08 10:05:57.874   722   835 D ConnectivityService: sendStickyBroadcast: action=android.net.conn.CONNECTIVITY_CHANGE_IMMEDIATE
04-08 10:05:57.906   722   835 D ConnectivityService: sendStickyBroadcast: action=android.net.conn.CONNECTIVITY_CHANGE
04-08 10:05:57.931   722   835 D ConnectivityService: Checking for replacement network to handle request NetworkRequest [ id=1, legacyType=-1, [ Capabilities: INTERNET&NOT_RESTRICTED&TRUSTED&NOT_VPN] ]
04-08 10:05:57.935   722   787 W BroadcastQueue: Skipping deliver [background] BroadcastRecord{28787c17 u-1 android.net.conn.CONNECTIVITY_CHANGE} to ReceiverList{2665b25 2341 (unknown name)/0/u-1 remote:363697ee}: process crashing
04-08 10:05:59.006   722   787 W ProcessCpuTracker: Skipping unknown process pid 24864
04-08 10:05:59.127   722   787 W ProcessCpuTracker: Skipping unknown process pid 24870
04-08 10:06:03.286   722   808 I WindowManager: Input event dispatching timed out sending to com.youku.phone/com.youku.hotspot.activity.ImmersiveFeedActivity.  Reason: Waiting to send key event because the focused window has not finished processing all of the input events that were previously delivered to it.  Outbound queue length: 0.  Wait queue length: 1.
04-08 10:06:03.502   722  2788 W InputManager: Input event injection from pid 2341 timed out.
04-08 10:06:03.511   722   787 I ActivityManager: Skipping duplicate ANR: ProcessRecord{19d1e44d 2362:com.youku.phone/u0a54} Input dispatching timed out (Waiting to send key event because the focused window has not finished processing all of the input events that were previously delivered to it.  Outbound queue length: 0.  Wait queue length: 1.)
04-08 10:06:07.983   722  1242 I ActivityManager: Process com.android.bluetooth (pid 12286) has died
04-08 10:06:07.984   722  1242 W ActivityManager: Scheduling restart of crashed service com.android.bluetooth/.pbap.BluetoothPbapService in 1000ms
04-08 10:06:09.309   722  2788 W ProcessCpuTracker: Skipping unknown process pid 27458
04-08 10:06:09.514   722   808 I WindowManager: Input event dispatching timed out sending to com.youku.phone/com.youku.hotspot.activity.ImmersiveFeedActivity.  Reason: Waiting to send key event because the focused window has not finished processing all of the input events that were previously delivered to it.  Outbound queue length: 0.  Wait queue length: 2.
04-08 10:06:09.782   722  5636 W InputManager: Input event injection from pid 2341 timed out.
04-08 10:06:09.789   722   787 I ActivityManager: Skipping duplicate ANR: ProcessRecord{19d1e44d 2362:com.youku.phone/u0a54} Input dispatching timed out (Waiting to send key event because the focused window has not finished processing all of the input events that were previously delivered to it.  Outbound queue length: 0.  Wait queue length: 2.)
04-08 10:06:19.337   722   787 I ActivityManager: Waited long enough for: ServiceRecord{1c7ad1ed u0 com.android.mms/.transaction.TransactionService}
04-08 10:06:22.508   722   808 I WindowManager: Input event dispatching timed out sending to com.youku.phone/com.youku.hotspot.activity.ImmersiveFeedActivity.  Reason: Waiting to send key event because the focused window has not finished processing all of the input events that were previously delivered to it.  Outbound queue length: 0.  Wait queue length: 1.
04-08 10:06:22.681   722  5636 W InputManager: Input event injection from pid 2341 timed out.
04-08 10:06:22.696   722   787 I ActivityManager: Skipping duplicate ANR: ProcessRecord{19d1e44d 2362:com.youku.phone/u0a54} Input dispatching timed out (Waiting to send key event because the focused window has not finished processing all of the input events that were previously delivered to it.  Outbound queue length: 0.  Wait queue length: 1.)
04-08 10:06:34.057   722   808 I WindowManager: Input event dispatching timed out sending to com.youku.phone/com.youku.hotspot.activity.ImmersiveFeedActivity.  Reason: Waiting to send key event because the focused window has not finished processing all of the input events that were previously delivered to it.  Outbound queue length: 0.  Wait queue length: 1.
04-08 10:06:34.296   722   739 W InputManager: Input event injection from pid 2341 timed out.
04-08 10:06:34.458   722   787 I ActivityManager: Skipping duplicate ANR: ProcessRecord{19d1e44d 2362:com.youku.phone/u0a54} Input dispatching timed out (Waiting to send key event because the focused window has not finished processing all of the input events that were previously delivered to it.  Outbound queue length: 0.  Wait queue length: 1.)
04-08 10:06:40.304   722   808 I WindowManager: Input event dispatching timed out sending to com.youku.phone/com.youku.hotspot.activity.ImmersiveFeedActivity.  Reason: Waiting to send non-key event because the focused window has not finished processing certain input events that were delivered to it over 500.0ms ago.  Wait queue length: 2.  Wait queue head age: 11252.7ms.
04-08 10:06:40.462   722   787 I ActivityManager: Skipping duplicate ANR: ProcessRecord{19d1e44d 2362:com.youku.phone/u0a54} Input dispatching timed out (Waiting to send non-key event because the focused window has not finished processing certain input events that were delivered to it over 500.0ms ago.  Wait queue length: 2.  Wait queue head age: 11252.7ms.)
04-08 10:06:40.472   722   819 W InputManager: Input event injection from pid 2341 timed out.
04-08 10:06:46.057   722   787 I ActivityManager: Waited long enough for: ServiceRecord{1f7e7346 u0 com.android.mms/.transaction.TransactionService}
04-08 10:06:48.572   722   819 I ActivityManager: START u0 {act=android.intent.action.MAIN cat=[android.intent.category.LAUNCHER] flg=0x10200000 cmp=com.youku.phone/.ActivityWelcome} from uid 0 on display 0
04-08 10:06:49.408   722  5105 W ProcessCpuTracker: Skipping unknown process pid 5529
04-08 10:06:54.028   896   896 W ContextImpl: Calling a method in the system process without a qualified user: android.app.ContextImpl.startService:1692 android.content.ContextWrapper.startService:516 android.content.ContextWrapper.startService:516 com.android.settings.bluetooth.DockEventReceiver.beginStartingService:134 com.android.settings.bluetooth.DockEventReceiver.onReceive:115 
04-08 10:06:54.245   722  1242 I ActivityManager: Start proc 6806:com.android.bluetooth/1002 for broadcast com.android.bluetooth/.pbap.BluetoothPbapReceiver
04-08 10:06:54.549  6806  6806 W ResourcesManager: Asset path '/system/framework/javax.obex.jar' does not exist or contains no resources.
04-08 10:06:55.138   722  1242 V WindowManager: Adding window Window{70aee15 u0 SurfaceView} at 3 of 9 (before Window{3501c76b u0 com.youku.phone/com.youku.hotspot.activity.ImmersiveFeedActivity})
04-08 10:06:55.876   896   896 W ContextImpl: Calling a method in the system process without a qualified user: android.app.ContextImpl.startService:1692 android.content.ContextWrapper.startService:516 android.content.ContextWrapper.startService:516 com.android.settings.bluetooth.DockEventReceiver.beginStartingService:134 com.android.settings.bluetooth.DockEventReceiver.onReceive:115 
04-08 10:06:58.003   722   835 D ConnectivityService: Failed to find a new network - expiring NetTransition Wakelock
04-08 10:06:59.160   722   819 W ProcessCpuTracker: Skipping unknown process pid 7987
04-08 10:07:04.476  2362  2362 W ViewRootImpl: Cancelling event due to no window focus: KeyEvent { action=ACTION_UP, keyCode=KEYCODE_DPAD_DOWN, scanCode=0, metaState=0, flags=0x420, repeatCount=0, eventTime=1413985, downTime=1413985, deviceId=-1, source=0x101 }
04-08 10:07:04.477  2362  2362 W ViewRootImpl: Cancelling event due to no window focus: KeyEvent { action=ACTION_UP, keyCode=KEYCODE_DPAD_DOWN, scanCode=0, metaState=0, flags=0x420, repeatCount=0, eventTime=1413985, downTime=1413985, deviceId=-1, source=0x101 }
04-08 10:07:04.480  2362  2362 W ViewRootImpl: Cancelling event due to no window focus: KeyEvent { action=ACTION_UP, keyCode=KEYCODE_DPAD_DOWN, scanCode=0, metaState=0, flags=0x420, repeatCount=0, eventTime=1413985, downTime=1413985, deviceId=-1, source=0x101 }
04-08 10:07:04.485  2362  2362 W ViewRootImpl: Cancelling event due to no window focus: KeyEvent { action=ACTION_UP, keyCode=KEYCODE_DPAD_DOWN, scanCode=0, metaState=0, flags=0x420, repeatCount=0, eventTime=1413985, downTime=1413985, deviceId=-1, source=0x101 }
04-08 10:07:04.486  2362  2362 W ViewRootImpl: Cancelling event due to no window focus: KeyEvent { action=ACTION_UP, keyCode=KEYCODE_DPAD_DOWN, scanCode=0, metaState=0, flags=0x420, repeatCount=0, eventTime=1413985, downTime=1413985, deviceId=-1, source=0x101 }
04-08 10:07:04.486  2362  2362 W ViewRootImpl: Cancelling event due to no window focus: KeyEvent { action=ACTION_UP, keyCode=KEYCODE_DPAD_DOWN, scanCode=0, metaState=0, flags=0x420, repeatCount=0, eventTime=1413985, downTime=1413985, deviceId=-1, source=0x101 }
04-08 10:07:04.489  2362  2362 W ViewRootImpl: Dropping event due to no window focus: KeyEvent { action=ACTION_DOWN, keyCode=KEYCODE_DPAD_DOWN, scanCode=0, metaState=0, flags=0x400, repeatCount=0, eventTime=1413985, downTime=1413985, deviceId=-1, source=0x101 }
04-08 10:07:04.490  2362  2362 W ViewRootImpl: Cancelling event due to no window focus: KeyEvent { action=ACTION_UP, keyCode=KEYCODE_DPAD_DOWN, scanCode=0, metaState=0, flags=0x420, repeatCount=0, eventTime=1413985, downTime=1413985, deviceId=-1, source=0x101 }
04-08 10:07:04.490  2362  2362 W ViewRootImpl: Cancelling event due to no window focus: KeyEvent { action=ACTION_UP, keyCode=KEYCODE_DPAD_DOWN, scanCode=0, metaState=0, flags=0x420, repeatCount=0, eventTime=1413985, downTime=1413985, deviceId=-1, source=0x101 }
04-08 10:07:04.491  2362  2362 W ViewRootImpl: Cancelling event due to no window focus: KeyEvent { action=ACTION_UP, keyCode=KEYCODE_DPAD_DOWN, scanCode=0, metaState=0, flags=0x420, repeatCount=0, eventTime=1413985, downTime=1413985, deviceId=-1, source=0x101 }
04-08 10:07:04.534  2362  2362 W ViewRootImpl: Cancelling event due to no window focus: KeyEvent { action=ACTION_UP, keyCode=KEYCODE_DPAD_DOWN, scanCode=0, metaState=0, flags=0x80000420, repeatCount=0, eventTime=1413985, downTime=1413985, deviceId=-1, source=0x101 }
04-08 10:07:04.537  2362  2362 W ViewRootImpl: Cancelling event due to no window focus: KeyEvent { action=ACTION_UP, keyCode=KEYCODE_DPAD_DOWN, scanCode=0, metaState=0, flags=0x80000420, repeatCount=0, eventTime=1413985, downTime=1413985, deviceId=-1, source=0x101 }
04-08 10:07:04.540  2362  2362 W ViewRootImpl: Cancelling event due to no window focus: KeyEvent { action=ACTION_UP, keyCode=KEYCODE_DPAD_DOWN, scanCode=0, metaState=0, flags=0x80000420, repeatCount=0, eventTime=1413985, downTime=1413985, deviceId=-1, source=0x101 }
04-08 10:07:04.544  2362  2362 W ViewRootImpl: Dropping event due to no window focus: KeyEvent { action=ACTION_DOWN, keyCode=KEYCODE_DPAD_DOWN, scanCode=0, metaState=0, flags=0x400, repeatCount=0, eventTime=1413985, downTime=1413985, deviceId=-1, source=0x101 }
04-08 10:07:04.545  2362  2362 W ViewRootImpl: Cancelling event due to no window focus: KeyEvent { action=ACTION_UP, keyCode=KEYCODE_DPAD_DOWN, scanCode=0, metaState=0, flags=0x420, repeatCount=0, eventTime=1413985, downTime=1413985, deviceId=-1, source=0x101 }
04-08 10:07:04.545  2362  2362 W ViewRootImpl: Cancelling event due to no window focus: KeyEvent { action=ACTION_UP, keyCode=KEYCODE_DPAD_DOWN, scanCode=0, metaState=0, flags=0x420, repeatCount=0, eventTime=1413985, downTime=1413985, deviceId=-1, source=0x101 }
04-08 10:07:04.549  2362  2362 W ViewRootImpl: Cancelling event due to no window focus: KeyEvent { action=ACTION_UP, keyCode=KEYCODE_DPAD_DOWN, scanCode=0, metaState=0, flags=0x420, repeatCount=0, eventTime=1413985, downTime=1413985, deviceId=-1, source=0x101 }
04-08 10:07:04.561  2362  2362 W ViewRootImpl: Cancelling event due to no window focus: KeyEvent { action=ACTION_UP, keyCode=KEYCODE_DPAD_DOWN, scanCode=0, metaState=0, flags=0x80000420, repeatCount=0, eventTime=1413985, downTime=1413985, deviceId=-1, source=0x101 }
04-08 10:07:04.561  2362  2362 W ViewRootImpl: Cancelling event due to no window focus: KeyEvent { action=ACTION_UP, keyCode=KEYCODE_DPAD_DOWN, scanCode=0, metaState=0, flags=0x80000420, repeatCount=0, eventTime=1413985, downTime=1413985, deviceId=-1, source=0x101 }
04-08 10:07:04.576  2362  2362 W ViewRootImpl: Cancelling event due to no window focus: KeyEvent { action=ACTION_UP, keyCode=KEYCODE_DPAD_DOWN, scanCode=0, metaState=0, flags=0x80000420, repeatCount=0, eventTime=1413985, downTime=1413985, deviceId=-1, source=0x101 }
04-08 10:07:04.577  2362  2362 W ViewRootImpl: Dropping event due to no window focus: KeyEvent { action=ACTION_DOWN, keyCode=KEYCODE_DPAD_LEFT, scanCode=0, metaState=0, flags=0x400, repeatCount=0, eventTime=1413986, downTime=1413986, deviceId=-1, source=0x101 }
04-08 10:07:04.578  2362  2362 W ViewRootImpl: Cancelling event due to no window focus: KeyEvent { action=ACTION_UP, keyCode=KEYCODE_DPAD_LEFT, scanCode=0, metaState=0, flags=0x420, repeatCount=0, eventTime=1413986, downTime=1413986, deviceId=-1, source=0x101 }
04-08 10:07:04.584  2362  2362 W ViewRootImpl: Cancelling event due to no window focus: KeyEvent { action=ACTION_UP, keyCode=KEYCODE_DPAD_LEFT, scanCode=0, metaState=0, flags=0x420, repeatCount=0, eventTime=1413986, downTime=1413986, deviceId=-1, source=0x101 }
04-08 10:07:04.585  2362  2362 W ViewRootImpl: Cancelling event due to no window focus: KeyEvent { action=ACTION_UP, keyCode=KEYCODE_DPAD_LEFT, scanCode=0, metaState=0, flags=0x420, repeatCount=0, eventTime=1413986, downTime=1413986, deviceId=-1, source=0x101 }
04-08 10:07:04.596  2362  2362 W ViewRootImpl: Cancelling event due to no window focus: KeyEvent { action=ACTION_UP, keyCode=KEYCODE_DPAD_LEFT, scanCode=0, metaState=0, flags=0x80000420, repeatCount=0, eventTime=1413986, downTime=1413986, deviceId=-1, source=0x101 }
04-08 10:07:04.600  2362  2362 W ViewRootImpl: Cancelling event due to no window focus: KeyEvent { action=ACTION_UP, keyCode=KEYCODE_DPAD_LEFT, scanCode=0, metaState=0, flags=0x80000420, repeatCount=0, eventTime=1413986, downTime=1413986, deviceId=-1, source=0x101 }
04-08 10:07:04.601  2362  2362 W ViewRootImpl: Cancelling event due to no window focus: KeyEvent { action=ACTION_UP, keyCode=KEYCODE_DPAD_LEFT, scanCode=0, metaState=0, flags=0x80000420, repeatCount=0, eventTime=1413986, downTime=1413986, deviceId=-1, source=0x101 }
04-08 10:07:04.758  2362  2362 W ViewRootImpl: Dropping event due to no window focus: KeyEvent { action=ACTION_DOWN, keyCode=KEYCODE_DPAD_LEFT, scanCode=0, metaState=0, flags=0x400, repeatCount=0, eventTime=1413986, downTime=1413986, deviceId=-1, source=0x101 }
04-08 10:07:04.809  2362  2362 W ViewRootImpl: Cancelling event due to no window focus: KeyEvent { action=ACTION_UP, keyCode=KEYCODE_DPAD_LEFT, scanCode=0, metaState=0, flags=0x420, repeatCount=0, eventTime=1413986, downTime=1413986, deviceId=-1, source=0x101 }
04-08 10:07:04.810  2362  2362 W ViewRootImpl: Cancelling event due to no window focus: KeyEvent { action=ACTION_UP, keyCode=KEYCODE_DPAD_LEFT, scanCode=0, metaState=0, flags=0x420, repeatCount=0, eventTime=1413986, downTime=1413986, deviceId=-1, source=0x101 }
04-08 10:07:04.810  2362  2362 W ViewRootImpl: Cancelling event due to no window focus: KeyEvent { action=ACTION_UP, keyCode=KEYCODE_DPAD_LEFT, scanCode=0, metaState=0, flags=0x420, repeatCount=0, eventTime=1413986, downTime=1413986, deviceId=-1, source=0x101 }
04-08 10:07:04.827  2362  2362 W ViewRootImpl: Cancelling event due to no window focus: KeyEvent { action=ACTION_UP, keyCode=KEYCODE_DPAD_LEFT, scanCode=0, metaState=0, flags=0x80000420, repeatCount=0, eventTime=1413986, downTime=1413986, deviceId=-1, source=0x101 }
