04-08 09:53:01.818   722  1242 I notification_visibility_changed: [-1|android|17040644|null|1000;-1|android|17040636|null|1000,]
04-08 09:53:02.469   722  2571 I notification_visibility_changed: [,-1|android|17040644|null|1000;-1|android|17040636|null|1000]
04-08 09:53:02.469   722   738 I notification_panel_hidden: []
04-08 09:53:03.314   722   828 I netstats_mobile_sample: [0,0,0,0,0,0,0,0,0,0,0,0,1491616383314]
04-08 09:53:03.331   722   828 I netstats_wifi_sample: [53184488,37165,837997,14195,53174711,37159,893855,14194,53152391,37144,893535,14186,1491616383314]
04-08 09:53:06.789  2362  2362 I menu_opened: 0
04-08 09:53:22.299   871   871 I sysui_panelholder_touch: [0,994,55]
04-08 09:53:22.550   722   821 I notification_panel_revealed: []
04-08 09:53:22.834   722   739 I notification_visibility_changed: [-1|android|17040644|null|1000;-1|android|17040636|null|1000,]
04-08 09:53:24.684   722   739 I notification_visibility_changed: [,-1|android|17040644|null|1000;-1|android|17040636|null|1000]
04-08 09:53:24.687   722  1242 I notification_panel_hidden: []
04-08 09:53:48.837   189   189 I auditd  : type=1400 audit(0.0:48): avc: denied { search } for comm="debuggerd" name="com.youku.phone" dev="mmcblk0p28" ino=130350 scontext=u:r:debuggerd:s0 tcontext=u:object_r:app_data_file:s0 tclass=dir
04-08 09:53:48.837   189   189 I auditd  : type=1400 audit(0.0:49): avc: denied { search } for comm="debuggerd" name="com.youku.phone" dev="mmcblk0p28" ino=130350 scontext=u:r:debuggerd:s0 tcontext=u:object_r:app_data_file:s0 tclass=dir
04-08 09:53:48.837   189   189 I auditd  : type=1400 audit(0.0:50): avc: denied { search } for comm="debuggerd" name="com.youku.phone" dev="mmcblk0p28" ino=130350 scontext=u:r:debuggerd:s0 tcontext=u:object_r:app_data_file:s0 tclass=dir
04-08 09:53:48.837   189   189 I auditd  : type=1400 audit(0.0:51): avc: denied { search } for comm="debuggerd" name="com.youku.phone" dev="mmcblk0p28" ino=130350 scontext=u:r:debuggerd:s0 tcontext=u:object_r:app_data_file:s0 tclass=dir
04-08 09:53:48.837   189   189 I auditd  : type=1400 audit(0.0:52): avc: denied { search } for comm="debuggerd" name="com.youku.phone" dev="mmcblk0p28" ino=130350 scontext=u:r:debuggerd:s0 tcontext=u:object_r:app_data_file:s0 tclass=dir
04-08 09:53:48.837   189   189 I auditd  : type=1400 audit(0.0:53): avc: denied { search } for comm="debuggerd" name="com.youku.phone" dev="mmcblk0p28" ino=130350 scontext=u:r:debuggerd:s0 tcontext=u:object_r:app_data_file:s0 tclass=dir
04-08 09:53:48.997   189   189 I auditd  : type=1400 audit(0.0:54): avc: denied { search } for comm="debuggerd" name="com.youku.phone" dev="mmcblk0p28" ino=130350 scontext=u:r:debuggerd:s0 tcontext=u:object_r:app_data_file:s0 tclass=dir
04-08 09:53:48.997   189   189 I auditd  : type=1400 audit(0.0:55): avc: denied { search } for comm="debuggerd" name="com.youku.phone" dev="mmcblk0p28" ino=130350 scontext=u:r:debuggerd:s0 tcontext=u:object_r:app_data_file:s0 tclass=dir
04-08 09:53:48.997   189   189 I auditd  : type=1400 audit(0.0:56): avc: denied { search } for comm="debuggerd" name="com.youku.phone" dev="mmcblk0p28" ino=130350 scontext=u:r:debuggerd:s0 tcontext=u:object_r:app_data_file:s0 tclass=dir
04-08 09:53:48.997   189   189 I auditd  : type=1400 audit(0.0:57): avc: denied { search } for comm="debuggerd" name="com.youku.phone" dev="mmcblk0p28" ino=130350 scontext=u:r:debuggerd:s0 tcontext=u:object_r:app_data_file:s0 tclass=dir
04-08 09:53:48.997   189   189 I auditd  : type=1400 audit(0.0:58): avc: denied { search } for comm="debuggerd" name="com.youku.phone" dev="mmcblk0p28" ino=130350 scontext=u:r:debuggerd:s0 tcontext=u:object_r:app_data_file:s0 tclass=dir
04-08 09:53:49.007   189   189 I auditd  : type=1400 audit(0.0:59): avc: denied { search } for comm="debuggerd" name="com.youku.phone" dev="mmcblk0p28" ino=130350 scontext=u:r:debuggerd:s0 tcontext=u:object_r:app_data_file:s0 tclass=dir
04-08 09:53:49.007   189   189 I auditd  : type=1400 audit(0.0:60): avc: denied { search } for comm="debuggerd" name="com.youku.phone" dev="mmcblk0p28" ino=130350 scontext=u:r:debuggerd:s0 tcontext=u:object_r:app_data_file:s0 tclass=dir
04-08 09:53:49.027   189   189 I auditd  : type=1400 audit(0.0:61): avc: denied { search } for comm="debuggerd" name="com.youku.phone" dev="mmcblk0p28" ino=130350 scontext=u:r:debuggerd:s0 tcontext=u:object_r:app_data_file:s0 tclass=dir
04-08 09:53:49.027   189   189 I auditd  : type=1400 audit(0.0:62): avc: denied { search } for comm="debuggerd" name="com.youku.phone" dev="mmcblk0p28" ino=130350 scontext=u:r:debuggerd:s0 tcontext=u:object_r:app_data_file:s0 tclass=dir
04-08 09:53:49.027   189   189 I auditd  : type=1400 audit(0.0:63): avc: denied { search } for comm="debuggerd" name="com.youku.phone" dev="mmcblk0p28" ino=130350 scontext=u:r:debuggerd:s0 tcontext=u:object_r:app_data_file:s0 tclass=dir
04-08 09:53:49.027   189   189 I auditd  : type=1400 audit(0.0:64): avc: denied { search } for comm="debuggerd" name="com.youku.phone" dev="mmcblk0p28" ino=130350 scontext=u:r:debuggerd:s0 tcontext=u:object_r:app_data_file:s0 tclass=dir
04-08 09:53:49.037   189   189 I auditd  : type=1400 audit(0.0:65): avc: denied { search } for comm="debuggerd" name="com.youku.phone" dev="mmcblk0p28" ino=130350 scontext=u:r:debuggerd:s0 tcontext=u:object_r:app_data_file:s0 tclass=dir
04-08 09:53:49.047   189   189 I auditd  : type=1400 audit(0.0:66): avc: denied { search } for comm="debuggerd" name="com.youku.phone" dev="mmcblk0p28" ino=130350 scontext=u:r:debuggerd:s0 tcontext=u:object_r:app_data_file:s0 tclass=dir
04-08 09:53:49.047   189   189 I auditd  : type=1400 audit(0.0:67): avc: denied { search } for comm="debuggerd" name="com.youku.phone" dev="mmcblk0p28" ino=130350 scontext=u:r:debuggerd:s0 tcontext=u:object_r:app_data_file:s0 tclass=dir
04-08 09:53:49.047   189   189 I auditd  : type=1400 audit(0.0:68): avc: denied { search } for comm="debuggerd" name="com.youku.phone" dev="mmcblk0p28" ino=130350 scontext=u:r:debuggerd:s0 tcontext=u:object_r:app_data_file:s0 tclass=dir
04-08 09:53:49.047   189   189 I auditd  : type=1400 audit(0.0:69): avc: denied { search } for comm="debuggerd" name="com.youku.phone" dev="mmcblk0p28" ino=130350 scontext=u:r:debuggerd:s0 tcontext=u:object_r:app_data_file:s0 tclass=dir
04-08 09:53:49.047   189   189 I auditd  : type=1400 audit(0.0:70): avc: denied { search } for comm="debuggerd" name="com.youku.phone" dev="mmcblk0p28" ino=130350 scontext=u:r:debuggerd:s0 tcontext=u:object_r:app_data_file:s0 tclass=dir
04-08 09:53:49.700   722  8491 I am_crash: [722,0,com.youku.phone:channel,9977412,Native crash,Aborted,unknown,0]
04-08 09:53:50.580   722   722 I free_storage_changed: 11438592000
04-08 09:53:50.609   722  5105 I am_proc_died: [0,2939,com.youku.phone:channel]
04-08 09:53:50.610   722  5105 I am_schedule_service_restart: [0,com.youku.phone/com.alibaba.analytics.AnalyticsService,1000]
04-08 09:53:50.610   722  5105 I am_schedule_service_restart: [0,com.youku.phone/com.taobao.accs.ChannelService,11000]
04-08 09:53:51.699   722   787 I am_proc_start: [0,8819,10054,com.youku.phone:channel,service,com.youku.phone/com.alibaba.analytics.AnalyticsService]
04-08 09:53:51.966   722  5105 I am_proc_bound: [0,8819,com.youku.phone:channel]
04-08 09:53:53.046   722   828 I netstats_mobile_sample: [0,0,0,0,0,0,0,0,0,0,0,0,1491616433050]
04-08 09:53:53.047   722   828 I netstats_wifi_sample: [55487654,38829,904392,15125,55485130,38828,962064,15124,55456630,38809,961168,15107,1491616433050]
04-08 09:53:54.046   722   828 I netstats_mobile_sample: [0,0,0,0,0,0,0,0,0,0,0,0,1491616434049]
04-08 09:53:54.047   722   828 I netstats_wifi_sample: [58328982,40724,939708,15747,58321958,40720,998854,15746,58245458,40669,998126,15732,1491616434049]
04-08 09:54:44.659   722   828 I netstats_mobile_sample: [0,0,0,0,0,0,0,0,0,0,0,0,1491616484663]
04-08 09:54:44.660   722   828 I netstats_wifi_sample: [61331520,42818,1015350,16765,61328822,42817,1077382,16764,61328822,42817,1077382,16764,1491616484663]
04-08 09:54:44.948   179   179 I sf_frame_dur: [SurfaceView,406,661,43,20,3,1,4]
04-08 09:54:46.774   871   871 I sysui_panelholder_touch: [0,733,55]
04-08 09:54:46.819   722  5105 I notification_panel_revealed: []
04-08 09:54:46.829   722   739 I notification_visibility_changed: [-1|android|17040644|null|1000;-1|android|17040636|null|1000,]
04-08 09:54:47.470   722   819 I notification_visibility_changed: [,-1|android|17040644|null|1000;-1|android|17040636|null|1000]
04-08 09:54:47.472   722  1255 I notification_panel_hidden: []
04-08 09:54:50.587   722   722 I free_storage_changed: 11433078784
04-08 09:54:50.781   722   828 I netstats_mobile_sample: [0,0,0,0,0,0,0,0,0,0,0,0,1491616490778]
04-08 09:54:50.782   722   828 I netstats_wifi_sample: [63432063,44289,1054319,17482,63429240,44288,1124151,17481,63386088,44259,1123299,17460,1491616490778]
04-08 09:54:51.123  2362  2362 I menu_opened: 0
04-08 09:54:55.196   722  5105 I am_home_stack_moved: [0,0,1,1,intentActivityFound]
04-08 09:54:55.196   722  5105 I wm_task_moved: [2,1,0]
04-08 09:54:57.912   179   179 I sf_frame_dur: [VolumePanel,1,0,0,1,0,0,0]
04-08 09:55:08.206   722   738 I am_home_stack_moved: [0,0,1,1,intentActivityFound]
04-08 09:55:08.207   722   738 I wm_task_moved: [2,1,0]
04-08 09:55:11.832   179   179 I sf_frame_dur: [SurfaceView,14,40,271,0,1,0,0]
04-08 09:55:17.796  2362  2362 I menu_opened: 0
04-08 09:55:22.921   179   179 I sf_frame_dur: [SurfaceView,4,18,81,1,1,0,0]
04-08 09:55:25.775  2362  2362 I menu_opened: 0
04-08 09:55:34.224   871   871 I sysui_panelholder_touch: [0,804,72]
04-08 09:55:34.330   722  5105 I notification_panel_revealed: []
04-08 09:55:34.358   722  5637 I notification_visibility_changed: [-1|android|17040644|null|1000;-1|android|17040636|null|1000,]
04-08 09:55:35.231   722   819 I notification_visibility_changed: [,-1|android|17040644|null|1000;-1|android|17040636|null|1000]
04-08 09:55:35.233   722  1253 I notification_panel_hidden: []
04-08 09:55:36.082   722   828 I netstats_mobile_sample: [0,0,0,0,0,0,0,0,0,0,0,0,1491616536085]
04-08 09:55:36.083   722   828 I netstats_wifi_sample: [65961147,46076,1103083,18150,65958220,46075,1173625,18149,65941720,46064,1173041,18138,1491616536085]
04-08 09:55:37.112   722   828 I netstats_mobile_sample: [0,0,0,0,0,0,0,0,0,0,0,0,1491616537116]
04-08 09:55:37.126   722   828 I netstats_wifi_sample: [68450631,47738,1130191,18752,68447704,47737,1206207,18751,68437204,47730,1206207,18751,1491616537116]
04-08 09:55:45.882  2362  2362 I menu_opened: 0
04-08 09:55:48.186   871   871 I sysui_panelholder_touch: [0,706,55]
04-08 09:55:48.385   722  5104 I notification_panel_revealed: []
04-08 09:55:48.411   722  5105 I notification_visibility_changed: [-1|android|17040644|null|1000;-1|android|17040636|null|1000,]
04-08 09:55:49.449   722  2788 I notification_visibility_changed: [,-1|android|17040644|null|1000;-1|android|17040636|null|1000]
04-08 09:55:49.451   722  2571 I notification_panel_hidden: []
04-08 09:55:50.236   722  2788 I am_home_stack_moved: [0,0,1,1,intentActivityFound]
04-08 09:55:50.236   722  2788 I wm_task_moved: [2,1,0]
04-08 09:55:50.594   722   722 I free_storage_changed: 11425406976
04-08 09:55:53.355   871   871 I sysui_panelholder_touch: [0,1066,10]
04-08 09:55:53.439   722  5105 I notification_panel_revealed: []
04-08 09:55:53.478   722  2571 I notification_visibility_changed: [-1|android|17040644|null|1000;-1|android|17040636|null|1000,]
04-08 09:55:53.542   722  5105 I notification_visibility_changed: [,-1|android|17040644|null|1000;-1|android|17040636|null|1000]
04-08 09:55:53.545   722  2788 I notification_panel_hidden: []
04-08 09:55:53.754   722  5637 I notification_panel_revealed: []
04-08 09:55:54.221   722   739 I notification_visibility_changed: [-1|android|17040644|null|1000;-1|android|17040636|null|1000,]
04-08 09:56:10.192   722  2571 I notification_clicked: -1|android|17040636|null|1000
04-08 09:56:10.193   722   722 I notification_cancel: [10013,871,android,17040636,NULL,-1,16,64,1,NULL]
04-08 09:56:10.204   722  1255 I notification_visibility_changed: [,-1|android|17040644|null|1000;-1|android|17040636|null|1000]
04-08 09:56:10.206   722   739 I notification_panel_hidden: []
04-08 09:56:14.885   179   179 I sf_frame_dur: [SurfaceView,82,51,347,5,3,1,3]
04-08 09:56:17.562  2362  2362 I menu_opened: 0
04-08 09:56:18.271   722   828 I netstats_mobile_sample: [0,0,0,0,0,0,0,0,0,0,0,0,1491616578275]
04-08 09:56:18.281   722   828 I netstats_wifi_sample: [71208682,49702,1185556,19584,71205539,49701,1265726,19583,71204051,49700,1265686,19582,1491616578275]
04-08 09:56:19.416   722   828 I netstats_mobile_sample: [0,0,0,0,0,0,0,0,0,0,0,0,1491616579419]
04-08 09:56:19.416   722   828 I netstats_wifi_sample: [74140627,51675,1193214,19822,74131532,51670,1276176,19821,74125580,51666,1276176,19821,1491616579419]
04-08 09:56:23.756   722  5105 I am_home_stack_moved: [0,0,1,1,sourceStackToFront]
04-08 09:56:23.756   722  5105 I wm_task_moved: [2,1,0]
04-08 09:56:23.768   722  5105 I am_create_activity: [0,239711250,2,com.youku.phone/com.youku.ui.activity.DetailActivity,NULL,NULL,NULL,0]
04-08 09:56:23.771   722  5105 I am_pause_activity: [0,845030735,com.youku.phone/com.youku.hotspot.activity.ImmersiveFeedActivity]
04-08 09:56:23.777   722  5105 I am_home_stack_moved: [0,0,1,1,startedActivity setFocusedActivity]
04-08 09:56:23.780   722  5105 I am_focused_activity: [0,com.youku.phone/com.youku.ui.activity.DetailActivity]
04-08 09:56:24.285   722   787 I am_restart_activity: [0,239711250,2,com.youku.phone/com.youku.ui.activity.DetailActivity]
04-08 09:56:24.792  2362  2362 I am_on_paused_called: [0,com.youku.hotspot.activity.ImmersiveFeedActivity]
04-08 09:56:24.796   722   738 I am_failed_to_pause: [0,845030735,com.youku.phone/com.youku.hotspot.activity.ImmersiveFeedActivity,(none)]
04-08 09:56:26.387  2396  2396 I auditd  : type=1400 audit(0.0:71): avc: denied { read } for comm="OnLineMonitor" name="mem" dev="debugfs" ino=16382 scontext=u:r:untrusted_app:s0 tcontext=u:object_r:debugfs:s0 tclass=file
04-08 09:56:26.387  2396  2396 I auditd  : type=1400 audit(0.0:72): avc: denied { read } for comm="OnLineMonitor" name="mem" dev="debugfs" ino=16382 scontext=u:r:untrusted_app:s0 tcontext=u:object_r:debugfs:s0 tclass=file
04-08 09:56:29.538   179   179 I sf_frame_dur: [SurfaceView,11,128,2,1,0,0,0]
04-08 09:56:30.139   722   722 I notification_cancel: [10054,2362,com.youku.phone,11250603,NULL,0,0,64,8,NULL]
04-08 09:56:30.331  2362  2362 I am_on_resume_called: [0,com.youku.ui.activity.DetailActivity]
04-08 09:56:35.110   179   179 I sf_frame_dur: [com.youku.phone/com.youku.hotspot.activity.ImmersiveFeedActivity,2493,808,241,107,85,146,122]
04-08 09:56:35.253   722   792 I am_activity_launch_time: [0,239711250,com.youku.phone/com.youku.ui.activity.DetailActivity,10976,10976]
04-08 09:56:50.602   722   722 I free_storage_changed: 11421114368
04-08 09:57:16.502   722  1253 I am_home_stack_moved: [0,0,1,1,intentActivityFound]
04-08 09:57:16.502   722  1253 I wm_task_moved: [2,1,0]
04-08 09:57:20.057  2396  2396 I auditd  : type=1400 audit(0.0:73): avc: denied { read } for comm="OnLineMonitor" name="mem" dev="debugfs" ino=16382 scontext=u:r:untrusted_app:s0 tcontext=u:object_r:debugfs:s0 tclass=file
04-08 09:57:20.067  2396  2396 I auditd  : type=1400 audit(0.0:74): avc: denied { read } for comm="OnLineMonitor" name="mem" dev="debugfs" ino=16382 scontext=u:r:untrusted_app:s0 tcontext=u:object_r:debugfs:s0 tclass=file
04-08 09:57:21.698   722   828 I netstats_mobile_sample: [0,0,0,0,0,0,0,0,0,0,0,0,1491616641701]
04-08 09:57:21.699   722   828 I netstats_wifi_sample: [76594215,53459,1233681,20289,76583822,53455,1317339,20290,76580846,53453,1316897,20287,1491616641701]
04-08 09:57:26.179   722   828 I netstats_mobile_sample: [0,0,0,0,0,0,0,0,0,0,0,0,1491616646182]
04-08 09:57:26.179   722   828 I netstats_wifi_sample: [78879289,55010,1244919,20488,78876696,55013,1327833,20491,78876696,55013,1327029,20487,1491616646182]
04-08 09:57:30.174  2362  2362 I menu_opened: 0
04-08 09:57:31.547  2396  2396 I auditd  : type=1400 audit(0.0:75): avc: denied { read } for comm="OnLineMonitor" name="mem" dev="debugfs" ino=16382 scontext=u:r:untrusted_app:s0 tcontext=u:object_r:debugfs:s0 tclass=file
04-08 09:57:31.557  2396  2396 I auditd  : type=1400 audit(0.0:76): avc: denied { read } for comm="OnLineMonitor" name="mem" dev="debugfs" ino=16382 scontext=u:r:untrusted_app:s0 tcontext=u:object_r:debugfs:s0 tclass=file
04-08 09:57:37.417  2396  2396 I auditd  : type=1400 audit(0.0:77): avc: denied { read } for comm="OnLineMonitor" name="mem" dev="debugfs" ino=16382 scontext=u:r:untrusted_app:s0 tcontext=u:object_r:debugfs:s0 tclass=file
04-08 09:57:37.457  2396  2396 I auditd  : type=1400 audit(0.0:78): avc: denied { read } for comm="OnLineMonitor" name="mem" dev="debugfs" ino=16382 scontext=u:r:untrusted_app:s0 tcontext=u:object_r:debugfs:s0 tclass=file
04-08 09:57:41.957   179   179 I sf_frame_dur: [VolumePanel,0,0,0,0,1,0,0]
04-08 09:57:50.612   722   722 I free_storage_changed: 11416834048
04-08 09:57:56.294   722   828 I netstats_mobile_sample: [0,0,0,0,0,0,0,0,0,0,0,0,1491616676298]
04-08 09:57:56.295   722   828 I netstats_wifi_sample: [81040105,56504,1255941,20638,81037470,56507,1338069,20641,81037470,56507,1337265,20637,1491616676298]
04-08 09:58:07.796  2362  2362 I menu_opened: 0
04-08 09:58:14.370   722  1253 I am_home_stack_moved: [0,0,1,1,intentActivityFound]
04-08 09:58:14.370   722  1253 I wm_task_moved: [2,1,0]
04-08 09:58:25.588   179   179 I sf_frame_dur: [VolumePanel,0,1,0,1,1,0,0]
04-08 09:58:47.733   722   828 I netstats_mobile_sample: [0,0,0,0,0,0,0,0,0,0,0,0,1491616727737]
04-08 09:58:47.734   722   828 I netstats_wifi_sample: [83204171,58006,1269812,20855,83201830,58010,1349278,20859,83201830,58010,1348032,20852,1491616727737]
04-08 09:58:49.647  2362  2362 I menu_opened: 0
04-08 09:58:50.630   722   722 I free_storage_changed: 11410485248
04-08 09:59:03.850  2362  2362 I menu_opened: 0
04-08 09:59:35.391   179   179 I sf_frame_dur: [Select input method,0,1,0,2,0,0,0]
04-08 09:59:38.668   722   790 I am_proc_start: [0,27203,10013,com.android.systemui:screenshot,service,com.android.systemui/.screenshot.TakeScreenshotService]
04-08 09:59:38.997   722   819 I am_proc_bound: [0,27203,com.android.systemui:screenshot]
04-08 09:59:41.223   722   722 I notification_enqueue: [10013,27203,com.android.systemui,789,NULL,0,Notification(pri=0 contentView=null vibrate=null sound=null defaults=0x0 flags=0x20 color=0xff607d8b vis=PRIVATE publicVersion=Notification(pri=0 contentView=com.android.systemui/0x1090077 vibrate=null sound=null defaults=0x0 flags=0x0 color=0xff607d8b category=progress vis=PRIVATE)),0]
04-08 09:59:41.272   179   179 I sf_frame_dur: [ScreenshotAnimation,45,0,0,2,1,0,0]
04-08 09:59:41.983   722  1253 I notification_expansion: [0|com.android.systemui|789|null|10013,0,1]
04-08 09:59:41.987   722  1220 I notification_expansion: [-1|android|17040644|null|1000,0,0]
04-08 09:59:43.007   722   722 I notification_enqueue: [10013,27203,com.android.systemui,789,NULL,0,Notification(pri=0 contentView=null vibrate=null sound=null defaults=0x0 flags=0x10 color=0xff607d8b actions=1 vis=PRIVATE publicVersion=Notification(pri=0 contentView=com.android.systemui/0x1090077 vibrate=null sound=null defaults=0x0 flags=0x10 color=0xff607d8b category=progress vis=PRIVATE)),1]
04-08 09:59:43.080   722  1253 I notification_expansion: [0|com.android.systemui|789|null|10013,0,0]
04-08 09:59:43.402   722  1241 I notification_expansion: [0|com.android.systemui|789|null|10013,0,1]
04-08 09:59:45.649   722  1242 I am_home_stack_moved: [0,0,1,1,intentActivityFound]
04-08 09:59:45.649   722  1242 I wm_task_moved: [2,1,0]
04-08 09:59:49.833   722   819 I am_finish_activity: [0,239711250,2,com.youku.phone/com.youku.ui.activity.DetailActivity,app-request]
04-08 09:59:49.835   722   819 I am_home_stack_moved: [0,0,1,1,finishActivity adjustTopFocus setFocusedActivity]
04-08 09:59:49.835   722   819 I am_focused_activity: [0,com.youku.phone/com.youku.hotspot.activity.ImmersiveFeedActivity]
04-08 09:59:49.845   722   819 I am_pause_activity: [0,239711250,com.youku.phone/com.youku.ui.activity.DetailActivity]
04-08 09:59:50.200  2362  2362 I am_on_paused_called: [0,com.youku.ui.activity.DetailActivity]
04-08 09:59:50.205   722  1253 I am_resume_activity: [0,845030735,2,com.youku.phone/com.youku.hotspot.activity.ImmersiveFeedActivity]
04-08 09:59:50.579  2362  2362 I am_on_resume_called: [0,com.youku.hotspot.activity.ImmersiveFeedActivity]
04-08 09:59:52.663   179   179 I sf_frame_dur: [SurfaceView,1036,826,307,157,65,2,8]
04-08 09:59:52.715   179   179 I sf_frame_dur: [com.youku.phone/com.youku.ui.activity.DetailActivity,3204,1008,203,79,22,12,17]
04-08 09:59:53.308   722  1253 I am_destroy_activity: [0,239711250,2,com.youku.phone/com.youku.ui.activity.DetailActivity,finish-imm]
04-08 09:59:53.443   722   722 I notification_cancel: [10054,2362,com.youku.phone,11250603,NULL,0,0,64,8,NULL]
04-08 09:59:53.457  2396  2396 I auditd  : type=1400 audit(0.0:79): avc: denied { read } for comm="OnLineMonitor" name="mem" dev="debugfs" ino=16382 scontext=u:r:untrusted_app:s0 tcontext=u:object_r:debugfs:s0 tclass=file
04-08 09:59:53.477  2396  2396 I auditd  : type=1400 audit(0.0:80): avc: denied { read } for comm="OnLineMonitor" name="mem" dev="debugfs" ino=16382 scontext=u:r:untrusted_app:s0 tcontext=u:object_r:debugfs:s0 tclass=file
04-08 09:59:57.887  2396  2396 I auditd  : type=1400 audit(0.0:81): avc: denied { read } for comm="OnLineMonitor" name="mem" dev="debugfs" ino=16382 scontext=u:r:untrusted_app:s0 tcontext=u:object_r:debugfs:s0 tclass=file
04-08 09:59:57.887  2396  2396 I auditd  : type=1400 audit(0.0:82): avc: denied { read } for comm="OnLineMonitor" name="mem" dev="debugfs" ino=16382 scontext=u:r:untrusted_app:s0 tcontext=u:object_r:debugfs:s0 tclass=file
04-08 10:00:06.627  2396  2396 I auditd  : type=1400 audit(0.0:83): avc: denied { read } for comm="OnLineMonitor" name="mem" dev="debugfs" ino=16382 scontext=u:r:untrusted_app:s0 tcontext=u:object_r:debugfs:s0 tclass=file
04-08 10:00:06.627  2396  2396 I auditd  : type=1400 audit(0.0:84): avc: denied { read } for comm="OnLineMonitor" name="mem" dev="debugfs" ino=16382 scontext=u:r:untrusted_app:s0 tcontext=u:object_r:debugfs:s0 tclass=file
04-08 10:00:10.006   722   787 I am_broadcast_discard_filter: [0,578064597,android.intent.action.TIME_TICK,0,5846777]
04-08 10:00:51.737  2396  2396 I auditd  : type=1400 audit(0.0:85): avc: denied { read } for comm="OnLineMonitor" name="mem" dev="debugfs" ino=16382 scontext=u:r:untrusted_app:s0 tcontext=u:object_r:debugfs:s0 tclass=file
04-08 10:00:51.737  2396  2396 I auditd  : type=1400 audit(0.0:86): avc: denied { read } for comm="OnLineMonitor" name="mem" dev="debugfs" ino=16382 scontext=u:r:untrusted_app:s0 tcontext=u:object_r:debugfs:s0 tclass=file
04-08 10:00:53.043   179   179 I sf_frame_dur: [SurfaceView,441,561,120,24,2,0,3]
04-08 10:00:55.181   722   828 I netstats_mobile_sample: [0,0,0,0,0,0,0,0,0,0,0,0,1491616855184]
04-08 10:00:55.190   722   828 I netstats_wifi_sample: [85315878,59797,1360629,21731,85312148,59804,1431089,21738,85303180,59797,1428839,21722,1491616855184]
04-08 10:00:55.803   871   871 I sysui_panelholder_touch: [0,956,71]
04-08 10:00:55.882   722  1242 I notification_panel_revealed: []
04-08 10:00:55.891   722  2788 I notification_visibility_changed: [0|com.android.systemui|789|null|10013;-1|android|17040644|null|1000;-1|android|17040636|null|1000,]
04-08 10:00:56.281   722   828 I netstats_mobile_sample: [0,0,0,0,0,0,0,0,0,0,0,0,1491616856284]
04-08 10:00:56.282   722   828 I netstats_wifi_sample: [88122855,61685,1380418,22126,88120613,61693,1448390,22134,88120613,61693,1446380,22124,1491616856284]
04-08 10:00:56.694   722  1253 I notification_visibility_changed: [,-1|android|17040636|null|1000]
04-08 10:00:56.996   722  5104 I notification_visibility_changed: [,0|com.android.systemui|789|null|10013;-1|android|17040644|null|1000]
04-08 10:00:56.998   722  1253 I notification_panel_hidden: []
04-08 10:01:10.185   722  1241 I am_home_stack_moved: [0,0,1,1,intentActivityFound]
04-08 10:01:10.185   722  1241 I wm_task_moved: [2,1,0]
04-08 10:01:11.210   871   871 I sysui_panelholder_touch: [0,1013,14]
04-08 10:01:11.432   722  2788 I notification_panel_revealed: []
04-08 10:01:11.626   722  1253 I notification_visibility_changed: [0|com.android.systemui|789|null|10013;-1|android|17040644|null|1000,]
04-08 10:01:14.407   722  5637 I notification_visibility_changed: [,0|com.android.systemui|789|null|10013;-1|android|17040644|null|1000]
04-08 10:01:14.422   722  2788 I notification_panel_hidden: []
04-08 10:01:14.989   722   828 I netstats_mobile_sample: [0,0,0,0,0,0,0,0,0,0,0,0,1491616874993]
04-08 10:01:15.006   722   828 I netstats_wifi_sample: [90887065,63580,1417011,22891,90884757,63588,1494345,22899,90884757,63588,1492335,22889,1491616874993]
04-08 10:01:16.335  2362  2362 I menu_opened: 0
04-08 10:01:23.233   722   821 I battery_level: [94,4181,407]
04-08 10:01:23.247   722   722 I notification_cancel: [10013,871,com.android.systemui,100,low_battery,-1,0,64,8,NULL]
04-08 10:01:50.837   722   722 I free_storage_changed: 11403800576
04-08 10:02:05.797   179   179 I sf_frame_dur: [SurfaceView,321,939,98,22,3,1,3]
04-08 10:02:08.260   179   179 I sf_frame_dur: [VolumePanel,18,1,0,2,1,0,0]
04-08 10:02:13.357   722   828 I netstats_mobile_sample: [0,0,0,0,0,0,0,0,0,0,0,0,1491616933360]
04-08 10:02:13.385   722   828 I netstats_wifi_sample: [93297959,65285,1461426,23490,93295495,65292,1530454,23497,93295495,65292,1528444,23487,1491616933360]
04-08 10:02:15.275  2362  2362 I menu_opened: 0
04-08 10:02:36.122   179   179 I sf_frame_dur: [SurfaceView,412,66,94,1,0,0,1]
04-08 10:02:41.641   722   821 I am_home_stack_moved: [0,0,1,1,intentActivityFound]
04-08 10:02:41.641   722   821 I wm_task_moved: [2,1,0]
04-08 10:02:42.557   722   828 I netstats_mobile_sample: [0,0,0,0,0,0,0,0,0,0,0,0,1491616962560]
04-08 10:02:42.557   722   828 I netstats_wifi_sample: [95790501,67012,1481403,23894,95786479,67018,1551917,23901,95786479,67018,1549907,23891,1491616962560]
04-08 10:02:43.612   722   828 I netstats_mobile_sample: [0,0,0,0,0,0,0,0,0,0,0,0,1491616963615]
04-08 10:02:43.613   722   828 I netstats_wifi_sample: [98859965,69077,1497470,24378,98857431,69084,1571684,24385,98857431,69084,1569714,24376,1491616963615]
04-08 10:02:48.347   179   179 I sf_frame_dur: [SurfaceView,3,22,2,1,1,0,0]
04-08 10:02:50.841   722   722 I free_storage_changed: 11395260416
04-08 10:03:09.034   179   179 I sf_frame_dur: [SurfaceView,88,85,29,3,0,0,1]
04-08 10:03:19.191   722   828 I netstats_mobile_sample: [0,0,0,0,0,0,0,0,0,0,0,0,1491616999195]
04-08 10:03:19.192   722   828 I netstats_wifi_sample: [101513052,70947,1536698,24850,101499866,70947,1612176,24857,101499866,70947,1610166,24847,1491616999195]
04-08 10:03:38.247  2362  2362 I menu_opened: 0
04-08 10:03:50.847   722   722 I free_storage_changed: 11391606784
04-08 10:03:55.800   871   871 I sysui_panelholder_touch: [0,285,36]
04-08 10:03:55.861   722   739 I notification_panel_revealed: []
04-08 10:03:55.900   722  3154 I notification_visibility_changed: [0|com.android.systemui|789|null|10013;-1|android|17040644|null|1000,]
04-08 10:03:56.987   722   739 I notification_visibility_changed: [-1|android|17040636|null|1000,]
04-08 10:04:02.753   722  1242 I notification_visibility_changed: [,-1|android|17040636|null|1000]
04-08 10:04:04.213   722   819 I notification_visibility_changed: [-1|android|17040636|null|1000,]
04-08 10:04:06.130   722   738 I notification_clicked: 0|com.android.systemui|789|null|10013
04-08 10:04:06.130   722   722 I notification_cancel: [10013,871,com.android.systemui,789,NULL,0,16,64,1,NULL]
04-08 10:04:06.133   722   722 I notification_canceled: [0|com.android.systemui|789|null|10013,1]
04-08 10:04:06.208   722   821 I notification_visibility_changed: [,0|com.android.systemui|789|null|10013;-1|android|17040644|null|1000;-1|android|17040636|null|1000]
04-08 10:04:06.211   722   738 I notification_panel_hidden: []
04-08 10:04:07.147   722   821 I notification_expansion: [-1|android|17040644|null|1000,0,1]
04-08 10:04:36.555   722  1255 I am_home_stack_moved: [0,0,1,1,intentActivityFound]
04-08 10:04:36.555   722  1255 I wm_task_moved: [2,1,0]
04-08 10:04:38.800   722  1255 I am_home_stack_moved: [0,0,1,1,intentActivityFound]
04-08 10:04:38.801   722  1255 I wm_task_moved: [2,1,0]
04-08 10:04:46.128   179   179 I sf_frame_dur: [VolumePanel,0,1,1,0,0,0,0]
04-08 10:04:46.844  2362  2362 I menu_opened: 0
04-08 10:04:47.956   179   179 I sf_frame_dur: [SurfaceView,186,127,724,20,5,2,4]
04-08 10:04:59.776  2362  2362 I menu_opened: 0
04-08 10:05:09.055   722   791 I am_proc_start: [0,12286,1002,com.android.bluetooth,service,com.android.bluetooth/.btservice.AdapterService]
04-08 10:05:10.654   722  1242 I am_proc_bound: [0,12286,com.android.bluetooth]
04-08 10:05:22.468   179   179 I sf_frame_dur: [SurfaceView,141,475,61,5,1,1,1]
04-08 10:05:35.193   179   179 I sf_frame_dur: [SurfaceView,17,11,23,6,2,0,0]
04-08 10:05:37.028   722  1255 I notification_cancel_all: [1002,12286,com.android.bluetooth,0,0,64,9,NULL]
04-08 10:05:54.659   722   722 I notification_cancel: [1002,12286,com.android.bluetooth,-1000005,NULL,0,0,64,8,NULL]
04-08 10:05:56.993   722   722 I notification_cancel: [1002,12286,com.android.bluetooth,-1000006,NULL,0,0,64,8,NULL]
04-08 10:05:57.775   722   835 I netstats_mobile_sample: [0,0,0,0,0,0,0,0,0,0,0,0,1491617157778]
04-08 10:05:57.775   722   835 I netstats_wifi_sample: [102918056,72157,1594111,25414,102914970,72163,1670489,25420,102914970,72163,1668479,25410,1491617157778]
04-08 10:05:59.598  1184  1184 I gsm_service_state_change: [1,1,3,3]
04-08 10:06:01.508   722   828 I netstats_mobile_sample: [0,0,0,0,0,0,0,0,0,0,0,0,1491617161512]
04-08 10:06:01.537   722   828 I netstats_wifi_sample: [102918056,72157,1594111,25414,102914970,72163,1670489,25420,102914970,72163,1668479,25410,1491617161512]
04-08 10:06:07.983   722  1242 I am_proc_died: [0,12286,com.android.bluetooth]
04-08 10:06:07.984   722  1242 I am_schedule_service_restart: [0,com.android.bluetooth/.pbap.BluetoothPbapService,1000]
04-08 10:06:48.574   722   819 I am_home_stack_moved: [0,0,1,1,intentActivityFound]
04-08 10:06:48.574   722   819 I wm_task_moved: [2,1,0]
04-08 10:06:49.139   179   179 I sf_frame_dur: [SurfaceView,597,272,116,44,10,5,7]
04-08 10:06:54.245   722  1242 I am_proc_start: [0,6806,1002,com.android.bluetooth,broadcast,com.android.bluetooth/.pbap.BluetoothPbapReceiver]
04-08 10:06:54.381   722  3154 I am_proc_bound: [0,6806,com.android.bluetooth]
04-08 10:07:04.157   871   871 I sysui_panelholder_touch: [0,530,69]
04-08 10:07:04.283   722  1255 I notification_panel_revealed: []
04-08 10:07:04.330   722  2788 I notification_visibility_changed: [-1|android|17040644|null|1000;-1|android|17040636|null|1000,]
04-08 10:07:05.257   722  1242 I am_home_stack_moved: [0,0,1,1,intentActivityFound]
04-08 10:07:05.258   722  1242 I wm_task_moved: [2,1,0]
04-08 10:07:09.155   722  1242 I notification_visibility_changed: [,-1|android|17040644|null|1000;-1|android|17040636|null|1000]
04-08 10:07:09.174   722  3154 I notification_panel_hidden: []
04-08 10:07:10.622   722  3154 I am_home_stack_moved: [0,0,1,1,intentActivityFound]
04-08 10:07:10.622   722  3154 I wm_task_moved: [2,1,0]
04-08 10:07:12.583  2362  2362 I menu_opened: 0
04-08 10:07:31.491  2362  2362 I menu_opened: 0
04-08 10:07:35.484   179   179 I sf_frame_dur: [VolumePanel,20,1,1,2,0,0,0]
04-08 10:07:35.505   722  2788 I am_home_stack_moved: [0,0,1,1,intentActivityFound]
04-08 10:07:35.505   722  2788 I wm_task_moved: [2,1,0]
04-08 10:07:36.803   722  2788 I am_kill : [0,1803,com.android.onetimeinitializer,15,empty #17]
04-08 10:07:36.864   722  1242 I am_proc_died: [0,1803,com.android.onetimeinitializer]
04-08 10:07:50.878   722   722 I free_storage_changed: 11388538880
04-08 10:08:18.040   722   739 I am_home_stack_moved: [0,0,1,1,intentActivityFound]
04-08 10:08:18.040   722   739 I wm_task_moved: [2,1,0]
04-08 10:08:54.653  2362  2362 I menu_opened: 0
04-08 10:08:59.276   179   179 I sf_frame_dur: [VolumePanel,0,1,0,0,2,0,0]
04-08 10:09:10.398   722  2788 I am_finish_activity: [0,845030735,2,com.youku.phone/com.youku.hotspot.activity.ImmersiveFeedActivity,app-request]
04-08 10:09:10.399   722  2788 I am_home_stack_moved: [0,0,1,1,finishActivity adjustTopFocus setFocusedActivity]
04-08 10:09:10.400   722  2788 I am_focused_activity: [0,com.youku.phone/com.youku.ui.activity.HomePageActivity]
04-08 10:09:10.400   722  2788 I am_pause_activity: [0,845030735,com.youku.phone/com.youku.hotspot.activity.ImmersiveFeedActivity]
04-08 10:09:10.636  2362  2362 I am_on_paused_called: [0,com.youku.hotspot.activity.ImmersiveFeedActivity]
04-08 10:09:10.656   722  1242 I am_resume_activity: [0,128656909,2,com.youku.phone/com.youku.ui.activity.HomePageActivity]
04-08 10:09:12.362  2362  2362 I am_on_resume_called: [0,com.youku.hotspot.activity.HotSpotActivity]
04-08 10:09:12.396  2362  2362 I am_on_resume_called: [0,com.youku.ui.activity.HomePageActivity]
04-08 10:09:16.792   179   179 I sf_frame_dur: [com.youku.phone/com.youku.hotspot.activity.ImmersiveFeedActivity,5338,1087,170,66,62,93,75]
04-08 10:09:16.828   722   821 I am_destroy_activity: [0,845030735,2,com.youku.phone/com.youku.hotspot.activity.ImmersiveFeedActivity,finish-imm]
04-08 10:09:17.217  2396  2396 I auditd  : type=1400 audit(0.0:87): avc: denied { read } for comm="OnLineMonitor" name="mem" dev="debugfs" ino=16382 scontext=u:r:untrusted_app:s0 tcontext=u:object_r:debugfs:s0 tclass=file
04-08 10:09:17.227  2396  2396 I auditd  : type=1400 audit(0.0:88): avc: denied { read } for comm="OnLineMonitor" name="mem" dev="debugfs" ino=16382 scontext=u:r:untrusted_app:s0 tcontext=u:object_r:debugfs:s0 tclass=file
04-08 10:09:22.562   179   179 I sf_frame_dur: [com.youku.phone/com.youku.hotspot.activity.HotSpotActivity,47,1,2,0,0,0,0]
04-08 10:09:24.599   722  1241 I am_home_stack_moved: [0,0,1,1,sourceStackToFront]
04-08 10:09:24.599   722  1241 I wm_task_moved: [2,1,0]
04-08 10:09:24.605   722  1241 I am_create_activity: [0,974266075,2,com.youku.phone/com.youku.hotspot.activity.ImmersiveFeedActivity,NULL,NULL,NULL,0]
04-08 10:09:24.609   722  1241 I am_pause_activity: [0,128656909,com.youku.phone/com.youku.ui.activity.HomePageActivity]
04-08 10:09:24.620   722  1241 I am_home_stack_moved: [0,0,1,1,startedActivity setFocusedActivity]
04-08 10:09:24.623   722  1241 I am_focused_activity: [0,com.youku.phone/com.youku.hotspot.activity.ImmersiveFeedActivity]
04-08 10:09:24.793  2362  2362 I am_on_paused_called: [0,com.youku.hotspot.activity.HotSpotActivity]
04-08 10:09:24.799  2362  2362 I am_on_paused_called: [0,com.youku.ui.activity.HomePageActivity]
04-08 10:09:24.804   722  3154 I am_restart_activity: [0,974266075,2,com.youku.phone/com.youku.hotspot.activity.ImmersiveFeedActivity]
04-08 10:09:25.177  2362  2362 I am_on_resume_called: [0,com.youku.hotspot.activity.ImmersiveFeedActivity]
04-08 10:09:26.188   722   792 I am_activity_launch_time: [0,974266075,com.youku.phone/com.youku.hotspot.activity.ImmersiveFeedActivity,1386,1386]
04-08 10:09:26.437   179   179 I sf_frame_dur: [com.youku.phone/com.youku.ui.activity.HomePageActivity,19,0,2,1,1,3,3]
04-08 10:09:26.587  2396  2396 I auditd  : type=1400 audit(0.0:89): avc: denied { read } for comm="OnLineMonitor" name="mem" dev="debugfs" ino=16382 scontext=u:r:untrusted_app:s0 tcontext=u:object_r:debugfs:s0 tclass=file
04-08 10:09:26.587  2396  2396 I auditd  : type=1400 audit(0.0:90): avc: denied { read } for comm="OnLineMonitor" name="mem" dev="debugfs" ino=16382 scontext=u:r:untrusted_app:s0 tcontext=u:object_r:debugfs:s0 tclass=file
04-08 10:09:27.713   179   179 I sf_frame_dur: [com.youku.phone/com.youku.hotspot.activity.ImmersiveFeedActivity,2,0,0,1,1,0,0]
04-08 10:09:29.038  2362  2362 I menu_opened: 0
04-08 10:09:29.277  2396  2396 I auditd  : type=1400 audit(0.0:91): avc: denied { read } for comm="OnLineMonitor" name="mem" dev="debugfs" ino=16382 scontext=u:r:untrusted_app:s0 tcontext=u:object_r:debugfs:s0 tclass=file
04-08 10:09:29.277  2396  2396 I auditd  : type=1400 audit(0.0:92): avc: denied { read } for comm="OnLineMonitor" name="mem" dev="debugfs" ino=16382 scontext=u:r:untrusted_app:s0 tcontext=u:object_r:debugfs:s0 tclass=file
04-08 10:09:29.961   179   179 I sf_frame_dur: [Toast,0,0,0,0,0,1,0]
04-08 10:09:33.137  2396  2396 I auditd  : type=1400 audit(0.0:93): avc: denied { read } for comm="OnLineMonitor" name="mem" dev="debugfs" ino=16382 scontext=u:r:untrusted_app:s0 tcontext=u:object_r:debugfs:s0 tclass=file
04-08 10:09:33.137  2396  2396 I auditd  : type=1400 audit(0.0:94): avc: denied { read } for comm="OnLineMonitor" name="mem" dev="debugfs" ino=16382 scontext=u:r:untrusted_app:s0 tcontext=u:object_r:debugfs:s0 tclass=file
04-08 10:09:37.877  2396  2396 I auditd  : type=1400 audit(0.0:95): avc: denied { read } for comm="OnLineMonitor" name="mem" dev="debugfs" ino=16382 scontext=u:r:untrusted_app:s0 tcontext=u:object_r:debugfs:s0 tclass=file
04-08 10:09:37.887  2396  2396 I auditd  : type=1400 audit(0.0:96): avc: denied { read } for comm="OnLineMonitor" name="mem" dev="debugfs" ino=16382 scontext=u:r:untrusted_app:s0 tcontext=u:object_r:debugfs:s0 tclass=file
04-08 10:09:46.624   871   871 I sysui_panelholder_touch: [0,174,74]
04-08 10:09:46.674   722   821 I notification_panel_revealed: []
04-08 10:09:46.749   722  5105 I notification_visibility_changed: [-1|android|17040644|null|1000;-1|android|17040636|null|1000,]
04-08 10:09:48.334   722  1241 I notification_visibility_changed: [,-1|android|17040644|null|1000;-1|android|17040636|null|1000]
04-08 10:09:48.337   722   821 I notification_panel_hidden: []
04-08 10:09:50.112  2362  2362 I menu_opened: 0
04-08 10:09:55.099  2362  2362 I menu_opened: 0
04-08 10:10:02.622   722  5104 I am_home_stack_moved: [0,0,1,1,intentActivityFound]
04-08 10:10:02.622   722  5104 I wm_task_moved: [2,1,0]
04-08 10:10:06.913  2362  2362 I menu_opened: 0
04-08 10:10:24.794   179   179 I sf_frame_dur: [VolumePanel,0,0,0,0,1,0,0]
04-08 10:10:38.236   871   871 I sysui_panelholder_touch: [0,153,70]
04-08 10:10:38.258   722  5104 I notification_panel_revealed: []
04-08 10:10:38.273   722  1241 I notification_visibility_changed: [-1|android|17040644|null|1000;-1|android|17040636|null|1000,]
04-08 10:10:39.028   722  5637 I notification_visibility_changed: [,-1|android|17040644|null|1000;-1|android|17040636|null|1000]
04-08 10:10:39.030   722  5104 I notification_panel_hidden: []
04-08 10:10:57.884   722  5104 I am_home_stack_moved: [0,0,1,1,intentActivityFound]
04-08 10:10:57.885   722  5104 I wm_task_moved: [2,1,0]
04-08 10:11:06.111   179   179 I sf_frame_dur: [VolumePanel,0,0,0,1,0,0,0]
04-08 10:11:17.657  2362  2362 I menu_opened: 0
04-08 10:12:01.882   871   871 I sysui_panelholder_touch: [0,545,17]
04-08 10:12:02.031   722  5105 I notification_panel_revealed: []
04-08 10:12:02.084   722   739 I notification_visibility_changed: [-1|android|17040644|null|1000;-1|android|17040636|null|1000,]
04-08 10:12:16.507   722  5637 I notification_visibility_changed: [,-1|android|17040644|null|1000;-1|android|17040636|null|1000]
04-08 10:12:16.511   722  5105 I notification_panel_hidden: []
04-08 10:12:32.926   871   871 I sysui_panelholder_touch: [0,275,71]
04-08 10:12:33.058   722  1242 I notification_panel_revealed: []
04-08 10:12:33.121   722   739 I notification_visibility_changed: [-1|android|17040644|null|1000;-1|android|17040636|null|1000,]
04-08 10:12:34.750   722   739 I notification_visibility_changed: [,-1|android|17040644|null|1000;-1|android|17040636|null|1000]
04-08 10:12:34.761   722  5637 I notification_panel_hidden: []
04-08 10:12:35.340  2362  2362 I menu_opened: 0
04-08 10:12:39.331   871   871 I sysui_panelholder_touch: [0,584,20]
04-08 10:12:39.543   722   739 I notification_panel_revealed: []
04-08 10:12:39.735   722  1255 I notification_visibility_changed: [-1|android|17040644|null|1000;-1|android|17040636|null|1000,]
04-08 10:12:43.434   722  1242 I battery_level: [93,4181,418]
04-08 10:12:43.446   722   722 I notification_cancel: [10013,871,com.android.systemui,100,low_battery,-1,0,64,8,NULL]
04-08 10:12:56.851  1184  1184 I gsm_service_state_change: [3,3,1,1]
04-08 10:12:57.521   722  5104 I notification_visibility_changed: [,-1|android|17040644|null|1000;-1|android|17040636|null|1000]
04-08 10:12:57.529   722  5636 I notification_panel_hidden: []
04-08 10:13:00.085   722   828 I netstats_mobile_sample: [0,0,0,0,0,0,0,0,0,0,0,0,1491617580088]
04-08 10:13:00.140   722   828 I netstats_wifi_sample: [102918056,72157,1594111,25414,102914970,72163,1670489,25420,102914970,72163,1668479,25410,1491617580088]
04-08 10:13:09.345  2362  2362 I menu_opened: 0
04-08 10:13:09.757   722   835 I netstats_mobile_sample: [0,0,0,0,0,0,0,0,0,0,0,0,1491617589761]
04-08 10:13:09.758   722   835 I netstats_wifi_sample: [102918056,72157,1594111,25414,102914970,72163,1670489,25420,102914970,72163,1668479,25410,1491617589761]
04-08 10:13:10.073   722   835 I netstats_mobile_sample: [0,0,0,0,0,0,0,0,0,0,0,0,1491617590076]
04-08 10:13:10.106   722   835 I netstats_wifi_sample: [102918056,72157,1594111,25414,102914970,72163,1670489,25420,102914970,72163,1668479,25410,1491617590076]
04-08 10:13:11.105   722   722 I notification_cancel: [1000,722,android,101,CaptivePortal.Notification,0,0,0,8,NULL]
04-08 10:13:17.947   722   739 I notification_cancel_all: [1002,6806,com.android.bluetooth,0,0,64,9,NULL]
04-08 10:13:25.573   722  1242 I notification_cancel_all: [10005,1067,com.android.providers.downloads,0,0,64,9,NULL]
04-08 10:13:25.991   722  5104 I am_home_stack_moved: [0,0,1,1,intentActivityFound]
04-08 10:13:25.991   722  5104 I wm_task_moved: [2,1,0]
04-08 10:13:35.433   722   722 I notification_cancel: [1002,6806,com.android.bluetooth,-1000005,NULL,0,0,64,8,NULL]
04-08 10:13:38.390   722   722 I notification_cancel: [1002,6806,com.android.bluetooth,-1000006,NULL,0,0,64,8,NULL]
04-08 10:13:50.312   722   722 I notification_cancel: [1002,6806,com.android.bluetooth,-1000005,NULL,0,0,64,8,NULL]
04-08 10:13:58.812   722   722 I notification_cancel: [1002,6806,com.android.bluetooth,-1000006,NULL,0,0,64,8,NULL]
04-08 10:14:16.225   722   828 I netstats_mobile_sample: [0,0,0,0,0,0,0,0,0,0,0,0,1491617656229]
04-08 10:14:16.226   722   828 I netstats_wifi_sample: [102960941,72322,1604231,25506,102957682,72327,1679041,25511,102957682,72327,1677031,25501,1491617656229]
04-08 10:14:37.294   179   179 I sf_frame_dur: [VolumePanel,0,0,0,0,0,0,1]
04-08 10:14:44.744   179   179 I sf_frame_dur: [VolumePanel,0,0,0,0,1,0,0]
04-08 10:15:28.255   722  1255 I am_home_stack_moved: [0,0,1,1,intentActivityFound]
04-08 10:15:28.256   722  1255 I wm_task_moved: [2,1,0]
04-08 10:15:53.397   189   189 I auditd  : type=1400 audit(0.0:97): avc: denied { search } for comm="debuggerd" name="com.youku.phone" dev="mmcblk0p28" ino=130350 scontext=u:r:debuggerd:s0 tcontext=u:object_r:app_data_file:s0 tclass=dir
04-08 10:15:53.397   189   189 I auditd  : type=1400 audit(0.0:98): avc: denied { search } for comm="debuggerd" name="com.youku.phone" dev="mmcblk0p28" ino=130350 scontext=u:r:debuggerd:s0 tcontext=u:object_r:app_data_file:s0 tclass=dir
04-08 10:15:53.397   189   189 I auditd  : type=1400 audit(0.0:99): avc: denied { search } for comm="debuggerd" name="com.youku.phone" dev="mmcblk0p28" ino=130350 scontext=u:r:debuggerd:s0 tcontext=u:object_r:app_data_file:s0 tclass=dir
04-08 10:15:53.407   189   189 I auditd  : type=1400 audit(0.0:100): avc: denied { search } for comm="debuggerd" name="com.youku.phone" dev="mmcblk0p28" ino=130350 scontext=u:r:debuggerd:s0 tcontext=u:object_r:app_data_file:s0 tclass=dir
04-08 10:15:53.417   189   189 I auditd  : type=1400 audit(0.0:101): avc: denied { search } for comm="debuggerd" name="com.youku.phone" dev="mmcblk0p28" ino=130350 scontext=u:r:debuggerd:s0 tcontext=u:object_r:app_data_file:s0 tclass=dir
04-08 10:15:53.417   189   189 I auditd  : type=1400 audit(0.0:102): avc: denied { search } for comm="debuggerd" name="com.youku.phone" dev="mmcblk0p28" ino=130350 scontext=u:r:debuggerd:s0 tcontext=u:object_r:app_data_file:s0 tclass=dir
04-08 10:16:04.650   722  5637 I am_proc_died: [0,8819,com.youku.phone:channel]
04-08 10:16:04.650   722  5637 I am_schedule_service_restart: [0,com.youku.phone/com.alibaba.analytics.AnalyticsService,1000]
04-08 10:16:04.651   722  5637 I am_schedule_service_restart: [0,com.youku.phone/com.taobao.accs.ChannelService,11000]
04-08 10:16:05.777   722   787 I am_proc_start: [0,15864,10054,com.youku.phone:channel,service,com.youku.phone/com.alibaba.analytics.AnalyticsService]
04-08 10:16:05.920   722  2571 I am_proc_bound: [0,15864,com.youku.phone:channel]
04-08 10:16:05.926   722  2571 I am_kill : [0,1831,com.android.voicedialer,15,empty for 1800s]
04-08 10:16:05.987   722  1255 I am_proc_died: [0,1831,com.android.voicedialer]
04-08 10:16:06.327   189   189 I auditd  : type=1400 audit(0.0:103): avc: denied { search } for comm="debuggerd" name="com.youku.phone" dev="mmcblk0p28" ino=130350 scontext=u:r:debuggerd:s0 tcontext=u:object_r:app_data_file:s0 tclass=dir
04-08 10:16:06.327   189   189 I auditd  : type=1400 audit(0.0:104): avc: denied { search } for comm="debuggerd" name="com.youku.phone" dev="mmcblk0p28" ino=130350 scontext=u:r:debuggerd:s0 tcontext=u:object_r:app_data_file:s0 tclass=dir
04-08 10:16:06.327   189   189 I auditd  : type=1400 audit(0.0:105): avc: denied { search } for comm="debuggerd" name="com.youku.phone" dev="mmcblk0p28" ino=130350 scontext=u:r:debuggerd:s0 tcontext=u:object_r:app_data_file:s0 tclass=dir
04-08 10:16:06.337   189   189 I auditd  : type=1400 audit(0.0:106): avc: denied { search } for comm="debuggerd" name="com.youku.phone" dev="mmcblk0p28" ino=130350 scontext=u:r:debuggerd:s0 tcontext=u:object_r:app_data_file:s0 tclass=dir
04-08 10:16:06.337   189   189 I auditd  : type=1400 audit(0.0:107): avc: denied { search } for comm="debuggerd" name="com.youku.phone" dev="mmcblk0p28" ino=130350 scontext=u:r:debuggerd:s0 tcontext=u:object_r:app_data_file:s0 tclass=dir
04-08 10:16:06.337   189   189 I auditd  : type=1400 audit(0.0:108): avc: denied { search } for comm="debuggerd" name="com.youku.phone" dev="mmcblk0p28" ino=130350 scontext=u:r:debuggerd:s0 tcontext=u:object_r:app_data_file:s0 tclass=dir
04-08 10:16:06.877   189   189 I auditd  : type=1400 audit(0.0:109): avc: denied { search } for comm="debuggerd" name="com.youku.phone" dev="mmcblk0p28" ino=130350 scontext=u:r:debuggerd:s0 tcontext=u:object_r:app_data_file:s0 tclass=dir
04-08 10:16:06.877   189   189 I auditd  : type=1400 audit(0.0:110): avc: denied { search } for comm="debuggerd" name="com.youku.phone" dev="mmcblk0p28" ino=130350 scontext=u:r:debuggerd:s0 tcontext=u:object_r:app_data_file:s0 tclass=dir
04-08 10:16:06.877   189   189 I auditd  : type=1400 audit(0.0:111): avc: denied { search } for comm="debuggerd" name="com.youku.phone" dev="mmcblk0p28" ino=130350 scontext=u:r:debuggerd:s0 tcontext=u:object_r:app_data_file:s0 tclass=dir
04-08 10:16:06.877   189   189 I auditd  : type=1400 audit(0.0:112): avc: denied { search } for comm="debuggerd" name="com.youku.phone" dev="mmcblk0p28" ino=130350 scontext=u:r:debuggerd:s0 tcontext=u:object_r:app_data_file:s0 tclass=dir
04-08 10:16:06.877   189   189 I auditd  : type=1400 audit(0.0:113): avc: denied { search } for comm="debuggerd" name="com.youku.phone" dev="mmcblk0p28" ino=130350 scontext=u:r:debuggerd:s0 tcontext=u:object_r:app_data_file:s0 tclass=dir
04-08 10:16:06.877   189   189 I auditd  : type=1400 audit(0.0:114): avc: denied { search } for comm="debuggerd" name="com.youku.phone" dev="mmcblk0p28" ino=130350 scontext=u:r:debuggerd:s0 tcontext=u:object_r:app_data_file:s0 tclass=dir
04-08 10:16:06.877   189   189 I auditd  : type=1400 audit(0.0:115): avc: denied { search } for comm="debuggerd" name="com.youku.phone" dev="mmcblk0p28" ino=130350 scontext=u:r:debuggerd:s0 tcontext=u:object_r:app_data_file:s0 tclass=dir
04-08 10:16:06.897   189   189 I auditd  : type=1400 audit(0.0:116): avc: denied { search } for comm="debuggerd" name="com.youku.phone" dev="mmcblk0p28" ino=130350 scontext=u:r:debuggerd:s0 tcontext=u:object_r:app_data_file:s0 tclass=dir
04-08 10:16:06.897   189   189 I auditd  : type=1400 audit(0.0:117): avc: denied { search } for comm="debuggerd" name="com.youku.phone" dev="mmcblk0p28" ino=130350 scontext=u:r:debuggerd:s0 tcontext=u:object_r:app_data_file:s0 tclass=dir
04-08 10:16:06.897   189   189 I auditd  : type=1400 audit(0.0:118): avc: denied { search } for comm="debuggerd" name="com.youku.phone" dev="mmcblk0p28" ino=130350 scontext=u:r:debuggerd:s0 tcontext=u:object_r:app_data_file:s0 tclass=dir
04-08 10:16:06.897   189   189 I auditd  : type=1400 audit(0.0:119): avc: denied { search } for comm="debuggerd" name="com.youku.phone" dev="mmcblk0p28" ino=130350 scontext=u:r:debuggerd:s0 tcontext=u:object_r:app_data_file:s0 tclass=dir
04-08 10:16:06.897   189   189 I auditd  : type=1400 audit(0.0:120): avc: denied { search } for comm="debuggerd" name="com.youku.phone" dev="mmcblk0p28" ino=130350 scontext=u:r:debuggerd:s0 tcontext=u:object_r:app_data_file:s0 tclass=dir
04-08 10:16:06.907   189   189 I auditd  : type=1400 audit(0.0:121): avc: denied { search } for comm="debuggerd" name="com.youku.phone" dev="mmcblk0p28" ino=130350 scontext=u:r:debuggerd:s0 tcontext=u:object_r:app_data_file:s0 tclass=dir
04-08 10:16:06.907   189   189 I auditd  : type=1400 audit(0.0:122): avc: denied { search } for comm="debuggerd" name="com.youku.phone" dev="mmcblk0p28" ino=130350 scontext=u:r:debuggerd:s0 tcontext=u:object_r:app_data_file:s0 tclass=dir
