04-08 09:44:02.168   190  1649 I RILQ    : (0/190):RIL[0][cmd-20(448)] qcril_qmi_nas_update_data_rte: completed, new drte 0 with confidence 4
04-08 09:44:02.171   190  1650 D RILC    : RequestComplete, RIL_SOCKET_1
04-08 09:44:02.171   190  1650 E RILC    : Send Response to RIL_SOCKET_1
04-08 09:44:02.172  1184  1297 D RILJ    : [3742]< QUERY_NETWORK_SELECTION_MODE {0} [SUB0]
04-08 09:44:02.172   190  1649 D RILC    : RequestComplete, RIL_SOCKET_1
04-08 09:44:02.172   190  1649 E RILC    : Send Response to RIL_SOCKET_1
04-08 09:44:02.174  1184  1297 D RILJ    : [3741]< VOICE_REGISTRATION_STATE {2, null, null, 0, null, null, null, 0, null, null, null, null, null, 0, null} [SUB0]
04-08 09:44:02.174  1184  1184 D PHONE   : [ServiceState] setVoiceRegState=1
04-08 09:44:02.174  1184  1184 E PHONE   : [ServiceState] setState deprecated use setVoiceRegState()
04-08 09:44:02.177  1184  1184 D GsmSST  : [GsmSST] Poll ServiceState done:  oldSS=[1 1 voice home data home null null null null null null  Unknown Unknown CSS not supported -1 -1 RoamInd=-1 DefRoamInd=-1 EmergOnly=false] newSS=[1 1 voice home data home null null null null null null  Unknown Unknown CSS not supported -1 -1 RoamInd=-1 DefRoamInd=-1 EmergOnly=false] oldMaxDataCalls=20 mNewMaxDataCalls=20 oldReasonDataDenied=15 mNewReasonDataDenied=15
04-08 09:44:02.177  1184  1184 D PHONE   : [ServiceState] setNullState=1
04-08 09:44:02.699  1184  1545 D SubscriptionController: [getActiveSubInfoList]+
04-08 09:44:02.704  1184  1545 D SubscriptionController: selection:sim_id>=0 null
04-08 09:44:02.722  1184  1545 D TelephonyManager: getTelephonyProperty: return propVal='cn' phoneId=0 property='gsm.sim.operator.iso-country' defaultVal='' prop=cn
04-08 09:44:02.723  1184  1545 D SubscriptionController: [getSubInfoRecord] id:1 iccid:89860115921101579076 simSlotIndex:0 displayName:CARD 1 nameSource:0 iconTint:-16746133 dataRoaming:0 mcc:460 mnc:1 countIso:cn
04-08 09:44:02.725  1184  1545 D PhoneFactory: getPhone:- phoneId != DEFAULT_PHONE_ID return sProxyPhones[phoneId] phoneId=0 phone=Handler (com.android.internal.telephony.PhoneProxy) {3b726564}
04-08 09:44:02.731  1184  1545 D SubscriptionController: [getActiveSubInfoList]- 1 infos return
04-08 09:44:02.891   190   304 E RILQ    : (0/190): RIL[0][event] qcril_gstk_qmi_process_raw_command_callback: Proactive command size (0) less than minimum (11)
04-08 09:44:03.176  1184  1544 D SubscriptionController: [getActiveSubInfoList]+
04-08 09:44:03.180  1184  1544 D SubscriptionController: selection:sim_id>=0 null
04-08 09:44:03.198  1184  1544 D TelephonyManager: getTelephonyProperty: return propVal='cn' phoneId=0 property='gsm.sim.operator.iso-country' defaultVal='' prop=cn
04-08 09:44:03.199  1184  1544 D SubscriptionController: [getSubInfoRecord] id:1 iccid:89860115921101579076 simSlotIndex:0 displayName:CARD 1 nameSource:0 iconTint:-16746133 dataRoaming:0 mcc:460 mnc:1 countIso:cn
04-08 09:44:03.204  1184  1544 D PhoneFactory: getPhone:- phoneId != DEFAULT_PHONE_ID return sProxyPhones[phoneId] phoneId=0 phone=Handler (com.android.internal.telephony.PhoneProxy) {3b726564}
04-08 09:44:03.215  1184  1544 D SubscriptionController: [getActiveSubInfoList]- 1 infos return
04-08 09:44:03.225  1184  1353 D SubscriptionController: [getActiveSubInfoList]+
04-08 09:44:03.227  1184  1353 D SubscriptionController: selection:sim_id>=0 null
04-08 09:44:03.237  1184  1353 D TelephonyManager: getTelephonyProperty: return propVal='cn' phoneId=0 property='gsm.sim.operator.iso-country' defaultVal='' prop=cn
04-08 09:44:03.237  1184  1353 D SubscriptionController: [getSubInfoRecord] id:1 iccid:89860115921101579076 simSlotIndex:0 displayName:CARD 1 nameSource:0 iconTint:-16746133 dataRoaming:0 mcc:460 mnc:1 countIso:cn
04-08 09:44:03.245  1184  1353 D PhoneFactory: getPhone:- phoneId != DEFAULT_PHONE_ID return sProxyPhones[phoneId] phoneId=0 phone=Handler (com.android.internal.telephony.PhoneProxy) {3b726564}
04-08 09:44:03.255  1184  1353 D SubscriptionController: [getActiveSubInfoList]- 1 infos return
04-08 09:44:03.265  1184  1640 D SubscriptionController: [getActiveSubInfoList]+
04-08 09:44:03.268  1184  1640 D SubscriptionController: selection:sim_id>=0 null
04-08 09:44:03.278  1184  1640 D TelephonyManager: getTelephonyProperty: return propVal='cn' phoneId=0 property='gsm.sim.operator.iso-country' defaultVal='' prop=cn
04-08 09:44:03.278  1184  1640 D SubscriptionController: [getSubInfoRecord] id:1 iccid:89860115921101579076 simSlotIndex:0 displayName:CARD 1 nameSource:0 iconTint:-16746133 dataRoaming:0 mcc:460 mnc:1 countIso:cn
04-08 09:44:03.296  1184  1640 D PhoneFactory: getPhone:- phoneId != DEFAULT_PHONE_ID return sProxyPhones[phoneId] phoneId=0 phone=Handler (com.android.internal.telephony.PhoneProxy) {3b726564}
04-08 09:44:03.306  1184  1640 D SubscriptionController: [getActiveSubInfoList]- 1 infos return
04-08 09:44:03.322  1184  1224 D PhoneFactory: getPhone:- phoneId != DEFAULT_PHONE_ID return sProxyPhones[phoneId] phoneId=0 phone=Handler (com.android.internal.telephony.PhoneProxy) {3b726564}
04-08 09:44:03.323  1184  1224 D SubscriptionController: getSimStateForSubscriber:  simState=READY ordinal=5
04-08 09:44:03.323   871   871 D SubscriptionManager: getSimStateForSubscriber: simState=5 subId=1
04-08 09:44:03.324   871   871 D TelephonyManager: getSimState: simState=5 slotIdx=0
04-08 09:44:03.372  1184  1228 D SubscriptionController: [getActiveSubInfoList]+
04-08 09:44:03.375  1184  1228 D SubscriptionController: selection:sim_id>=0 null
04-08 09:44:03.387  1184  1228 D TelephonyManager: getTelephonyProperty: return propVal='cn' phoneId=0 property='gsm.sim.operator.iso-country' defaultVal='' prop=cn
04-08 09:44:03.387  1184  1228 D SubscriptionController: [getSubInfoRecord] id:1 iccid:89860115921101579076 simSlotIndex:0 displayName:CARD 1 nameSource:0 iconTint:-16746133 dataRoaming:0 mcc:460 mnc:1 countIso:cn
04-08 09:44:03.389  1184  1228 D PhoneFactory: getPhone:- phoneId != DEFAULT_PHONE_ID return sProxyPhones[phoneId] phoneId=0 phone=Handler (com.android.internal.telephony.PhoneProxy) {3b726564}
04-08 09:44:03.392  1184  1228 D SubscriptionController: [getActiveSubInfoList]- 1 infos return
04-08 09:44:03.402  1184  1544 D SubscriptionController: [getActiveSubInfoList]+
04-08 09:44:03.405  1184  1544 D SubscriptionController: selection:sim_id>=0 null
04-08 09:44:03.415  1184  1544 D TelephonyManager: getTelephonyProperty: return propVal='cn' phoneId=0 property='gsm.sim.operator.iso-country' defaultVal='' prop=cn
04-08 09:44:03.416  1184  1544 D SubscriptionController: [getSubInfoRecord] id:1 iccid:89860115921101579076 simSlotIndex:0 displayName:CARD 1 nameSource:0 iconTint:-16746133 dataRoaming:0 mcc:460 mnc:1 countIso:cn
04-08 09:44:03.417  1184  1544 D PhoneFactory: getPhone:- phoneId != DEFAULT_PHONE_ID return sProxyPhones[phoneId] phoneId=0 phone=Handler (com.android.internal.telephony.PhoneProxy) {3b726564}
04-08 09:44:03.420  1184  1544 D SubscriptionController: [getActiveSubInfoList]- 1 infos return
04-08 09:44:03.436  1184  1353 D SubscriptionController: [getActiveSubInfoList]+
04-08 09:44:03.439  1184  1353 D SubscriptionController: selection:sim_id>=0 null
04-08 09:44:03.453  1184  1353 D TelephonyManager: getTelephonyProperty: return propVal='cn' phoneId=0 property='gsm.sim.operator.iso-country' defaultVal='' prop=cn
04-08 09:44:03.453  1184  1353 D SubscriptionController: [getSubInfoRecord] id:1 iccid:89860115921101579076 simSlotIndex:0 displayName:CARD 1 nameSource:0 iconTint:-16746133 dataRoaming:0 mcc:460 mnc:1 countIso:cn
04-08 09:44:03.455  1184  1353 D PhoneFactory: getPhone:- phoneId != DEFAULT_PHONE_ID return sProxyPhones[phoneId] phoneId=0 phone=Handler (com.android.internal.telephony.PhoneProxy) {3b726564}
04-08 09:44:03.459  1184  1353 D SubscriptionController: [getActiveSubInfoList]- 1 infos return
04-08 09:44:03.469  1184  1545 D SubscriptionController: [getActiveSubInfoList]+
04-08 09:44:03.471  1184  1545 D SubscriptionController: selection:sim_id>=0 null
04-08 09:44:03.485  1184  1545 D TelephonyManager: getTelephonyProperty: return propVal='cn' phoneId=0 property='gsm.sim.operator.iso-country' defaultVal='' prop=cn
04-08 09:44:03.486  1184  1545 D SubscriptionController: [getSubInfoRecord] id:1 iccid:89860115921101579076 simSlotIndex:0 displayName:CARD 1 nameSource:0 iconTint:-16746133 dataRoaming:0 mcc:460 mnc:1 countIso:cn
04-08 09:44:03.487  1184  1545 D PhoneFactory: getPhone:- phoneId != DEFAULT_PHONE_ID return sProxyPhones[phoneId] phoneId=0 phone=Handler (com.android.internal.telephony.PhoneProxy) {3b726564}
04-08 09:44:03.490  1184  1545 D SubscriptionController: [getActiveSubInfoList]- 1 infos return
04-08 09:44:03.499  1184  1224 D PhoneFactory: getPhone:- phoneId != DEFAULT_PHONE_ID return sProxyPhones[phoneId] phoneId=0 phone=Handler (com.android.internal.telephony.PhoneProxy) {3b726564}
04-08 09:44:03.499  1184  1224 D SubscriptionController: getSimStateForSubscriber:  simState=READY ordinal=5
04-08 09:44:03.499   871   871 D SubscriptionManager: getSimStateForSubscriber: simState=5 subId=1
04-08 09:44:03.499   871   871 D TelephonyManager: getSimState: simState=5 slotIdx=0
04-08 09:44:03.598  1184  1224 D DCT     : [0]hasMatchedTetherApnSetting: APN=null
04-08 09:44:03.671  1184  1353 D SubscriptionController: [getActiveSubInfoList]+
04-08 09:44:03.674  1184  1353 D SubscriptionController: selection:sim_id>=0 null
04-08 09:44:03.687  1184  1353 D TelephonyManager: getTelephonyProperty: return propVal='cn' phoneId=0 property='gsm.sim.operator.iso-country' defaultVal='' prop=cn
04-08 09:44:03.687  1184  1353 D SubscriptionController: [getSubInfoRecord] id:1 iccid:89860115921101579076 simSlotIndex:0 displayName:CARD 1 nameSource:0 iconTint:-16746133 dataRoaming:0 mcc:460 mnc:1 countIso:cn
04-08 09:44:03.689  1184  1353 D PhoneFactory: getPhone:- phoneId != DEFAULT_PHONE_ID return sProxyPhones[phoneId] phoneId=0 phone=Handler (com.android.internal.telephony.PhoneProxy) {3b726564}
04-08 09:44:03.692  1184  1353 D SubscriptionController: [getActiveSubInfoList]- 1 infos return
04-08 09:44:03.713  1184  1545 D SubscriptionController: [getActiveSubInfoList]+
04-08 09:44:03.717  1184  1545 D SubscriptionController: selection:sim_id>=0 null
04-08 09:44:03.734  1184  1545 D TelephonyManager: getTelephonyProperty: return propVal='cn' phoneId=0 property='gsm.sim.operator.iso-country' defaultVal='' prop=cn
04-08 09:44:03.734  1184  1545 D SubscriptionController: [getSubInfoRecord] id:1 iccid:89860115921101579076 simSlotIndex:0 displayName:CARD 1 nameSource:0 iconTint:-16746133 dataRoaming:0 mcc:460 mnc:1 countIso:cn
04-08 09:44:03.736  1184  1545 D PhoneFactory: getPhone:- phoneId != DEFAULT_PHONE_ID return sProxyPhones[phoneId] phoneId=0 phone=Handler (com.android.internal.telephony.PhoneProxy) {3b726564}
04-08 09:44:03.740  1184  1545 D SubscriptionController: [getActiveSubInfoList]- 1 infos return
04-08 09:44:03.751  1184  1640 D SubscriptionController: [getActiveSubInfoList]+
04-08 09:44:03.754  1184  1640 D SubscriptionController: selection:sim_id>=0 null
04-08 09:44:03.766  1184  1640 D TelephonyManager: getTelephonyProperty: return propVal='cn' phoneId=0 property='gsm.sim.operator.iso-country' defaultVal='' prop=cn
04-08 09:44:03.766  1184  1640 D SubscriptionController: [getSubInfoRecord] id:1 iccid:89860115921101579076 simSlotIndex:0 displayName:CARD 1 nameSource:0 iconTint:-16746133 dataRoaming:0 mcc:460 mnc:1 countIso:cn
04-08 09:44:03.768  1184  1640 D PhoneFactory: getPhone:- phoneId != DEFAULT_PHONE_ID return sProxyPhones[phoneId] phoneId=0 phone=Handler (com.android.internal.telephony.PhoneProxy) {3b726564}
04-08 09:44:03.771  1184  1640 D SubscriptionController: [getActiveSubInfoList]- 1 infos return
04-08 09:44:03.779  1184  1228 D PhoneFactory: getPhone:- phoneId != DEFAULT_PHONE_ID return sProxyPhones[phoneId] phoneId=0 phone=Handler (com.android.internal.telephony.PhoneProxy) {3b726564}
04-08 09:44:03.779  1184  1228 D SubscriptionController: getSimStateForSubscriber:  simState=READY ordinal=5
04-08 09:44:03.780   871   871 D SubscriptionManager: getSimStateForSubscriber: simState=5 subId=1
04-08 09:44:03.780   871   871 D TelephonyManager: getSimState: simState=5 slotIdx=0
04-08 09:44:04.157  1184  1224 D SubscriptionController: [getActiveSubInfoList]+
04-08 09:44:04.160  1184  1224 D SubscriptionController: selection:sim_id>=0 null
04-08 09:44:04.175  1184  1224 D TelephonyManager: getTelephonyProperty: return propVal='cn' phoneId=0 property='gsm.sim.operator.iso-country' defaultVal='' prop=cn
04-08 09:44:04.176  1184  1224 D SubscriptionController: [getSubInfoRecord] id:1 iccid:89860115921101579076 simSlotIndex:0 displayName:CARD 1 nameSource:0 iconTint:-16746133 dataRoaming:0 mcc:460 mnc:1 countIso:cn
04-08 09:44:04.178  1184  1224 D PhoneFactory: getPhone:- phoneId != DEFAULT_PHONE_ID return sProxyPhones[phoneId] phoneId=0 phone=Handler (com.android.internal.telephony.PhoneProxy) {3b726564}
04-08 09:44:04.182  1184  1224 D SubscriptionController: [getActiveSubInfoList]- 1 infos return
04-08 09:44:04.196  1184  1640 D SubscriptionController: [getActiveSubInfoList]+
04-08 09:44:04.199  1184  1640 D SubscriptionController: selection:sim_id>=0 null
04-08 09:44:04.214  1184  1640 D TelephonyManager: getTelephonyProperty: return propVal='cn' phoneId=0 property='gsm.sim.operator.iso-country' defaultVal='' prop=cn
04-08 09:44:04.214  1184  1640 D SubscriptionController: [getSubInfoRecord] id:1 iccid:89860115921101579076 simSlotIndex:0 displayName:CARD 1 nameSource:0 iconTint:-16746133 dataRoaming:0 mcc:460 mnc:1 countIso:cn
04-08 09:44:04.216  1184  1640 D PhoneFactory: getPhone:- phoneId != DEFAULT_PHONE_ID return sProxyPhones[phoneId] phoneId=0 phone=Handler (com.android.internal.telephony.PhoneProxy) {3b726564}
04-08 09:44:04.219  1184  1640 D SubscriptionController: [getActiveSubInfoList]- 1 infos return
04-08 09:44:04.230  1184  1544 D PhoneFactory: getPhone:- phoneId != DEFAULT_PHONE_ID return sProxyPhones[phoneId] phoneId=0 phone=Handler (com.android.internal.telephony.PhoneProxy) {3b726564}
04-08 09:44:04.230  1184  1544 D SubscriptionController: getSimStateForSubscriber:  simState=READY ordinal=5
04-08 09:44:04.230   871   871 D SubscriptionManager: getSimStateForSubscriber: simState=5 subId=1
04-08 09:44:04.231   871   871 D TelephonyManager: getSimState: simState=5 slotIdx=0
04-08 09:44:04.287  1184  1545 D SubscriptionController: [getActiveSubInfoList]+
04-08 09:44:04.291  1184  1545 D SubscriptionController: selection:sim_id>=0 null
04-08 09:44:04.301  1184  1545 D TelephonyManager: getTelephonyProperty: return propVal='cn' phoneId=0 property='gsm.sim.operator.iso-country' defaultVal='' prop=cn
04-08 09:44:04.301  1184  1545 D SubscriptionController: [getSubInfoRecord] id:1 iccid:89860115921101579076 simSlotIndex:0 displayName:CARD 1 nameSource:0 iconTint:-16746133 dataRoaming:0 mcc:460 mnc:1 countIso:cn
04-08 09:44:04.303  1184  1545 D PhoneFactory: getPhone:- phoneId != DEFAULT_PHONE_ID return sProxyPhones[phoneId] phoneId=0 phone=Handler (com.android.internal.telephony.PhoneProxy) {3b726564}
04-08 09:44:04.306  1184  1545 D SubscriptionController: [getActiveSubInfoList]- 1 infos return
04-08 09:44:04.316  1184  1224 D SubscriptionController: [getActiveSubInfoList]+
04-08 09:44:04.318  1184  1224 D SubscriptionController: selection:sim_id>=0 null
04-08 09:44:04.333  1184  1224 D TelephonyManager: getTelephonyProperty: return propVal='cn' phoneId=0 property='gsm.sim.operator.iso-country' defaultVal='' prop=cn
04-08 09:44:04.333  1184  1224 D SubscriptionController: [getSubInfoRecord] id:1 iccid:89860115921101579076 simSlotIndex:0 displayName:CARD 1 nameSource:0 iconTint:-16746133 dataRoaming:0 mcc:460 mnc:1 countIso:cn
04-08 09:44:04.334  1184  1224 D PhoneFactory: getPhone:- phoneId != DEFAULT_PHONE_ID return sProxyPhones[phoneId] phoneId=0 phone=Handler (com.android.internal.telephony.PhoneProxy) {3b726564}
04-08 09:44:04.341  1184  1224 D SubscriptionController: [getActiveSubInfoList]- 1 infos return
04-08 09:44:04.350  1184  1228 D PhoneFactory: getPhone:- phoneId != DEFAULT_PHONE_ID return sProxyPhones[phoneId] phoneId=0 phone=Handler (com.android.internal.telephony.PhoneProxy) {3b726564}
04-08 09:44:04.350  1184  1228 D SubscriptionController: getSimStateForSubscriber:  simState=READY ordinal=5
04-08 09:44:04.351   871   871 D SubscriptionManager: getSimStateForSubscriber: simState=5 subId=1
04-08 09:44:04.351   871   871 D TelephonyManager: getSimState: simState=5 slotIdx=0
04-08 09:44:04.385  1184  1544 D SubscriptionController: [getActiveSubInfoList]+
04-08 09:44:04.388  1184  1544 D SubscriptionController: selection:sim_id>=0 null
04-08 09:44:04.405  1184  1544 D TelephonyManager: getTelephonyProperty: return propVal='cn' phoneId=0 property='gsm.sim.operator.iso-country' defaultVal='' prop=cn
04-08 09:44:04.406  1184  1544 D SubscriptionController: [getSubInfoRecord] id:1 iccid:89860115921101579076 simSlotIndex:0 displayName:CARD 1 nameSource:0 iconTint:-16746133 dataRoaming:0 mcc:460 mnc:1 countIso:cn
04-08 09:44:04.408  1184  1544 D PhoneFactory: getPhone:- phoneId != DEFAULT_PHONE_ID return sProxyPhones[phoneId] phoneId=0 phone=Handler (com.android.internal.telephony.PhoneProxy) {3b726564}
04-08 09:44:04.411  1184  1544 D SubscriptionController: [getActiveSubInfoList]- 1 infos return
04-08 09:44:04.427  1184  1353 D SubscriptionController: [getActiveSubInfoList]+
04-08 09:44:04.429  1184  1353 D SubscriptionController: selection:sim_id>=0 null
04-08 09:44:04.441  1184  1353 D TelephonyManager: getTelephonyProperty: return propVal='cn' phoneId=0 property='gsm.sim.operator.iso-country' defaultVal='' prop=cn
04-08 09:44:04.441  1184  1353 D SubscriptionController: [getSubInfoRecord] id:1 iccid:89860115921101579076 simSlotIndex:0 displayName:CARD 1 nameSource:0 iconTint:-16746133 dataRoaming:0 mcc:460 mnc:1 countIso:cn
04-08 09:44:04.442  1184  1353 D PhoneFactory: getPhone:- phoneId != DEFAULT_PHONE_ID return sProxyPhones[phoneId] phoneId=0 phone=Handler (com.android.internal.telephony.PhoneProxy) {3b726564}
04-08 09:44:04.446  1184  1353 D SubscriptionController: [getActiveSubInfoList]- 1 infos return
04-08 09:44:04.454  1184  1224 D PhoneFactory: getPhone:- phoneId != DEFAULT_PHONE_ID return sProxyPhones[phoneId] phoneId=0 phone=Handler (com.android.internal.telephony.PhoneProxy) {3b726564}
04-08 09:44:04.454  1184  1224 D SubscriptionController: getSimStateForSubscriber:  simState=READY ordinal=5
04-08 09:44:04.456   871   871 D SubscriptionManager: getSimStateForSubscriber: simState=5 subId=1
04-08 09:44:04.456   871   871 D TelephonyManager: getSimState: simState=5 slotIdx=0
04-08 09:44:04.815  1184  1184 D SubscriptionController: [getPhoneId] asked for default subId=1
04-08 09:44:05.414  1184  1545 D PhoneFactory: getPhone:- phoneId != DEFAULT_PHONE_ID return sProxyPhones[phoneId] phoneId=0 phone=Handler (com.android.internal.telephony.PhoneProxy) {3b726564}
04-08 09:44:05.414  1184  1545 D DCT     : [0]getDataEnabled: getIntWithSubId retVal=true
04-08 09:44:06.138   190   531 I RILQ    : (0/190):RIL[0][qmi_cb] qcril_qmi_nas_update_data_rte: completed, new drte 0 with confidence 4
04-08 09:44:06.139   190   531 I RILC    : RIL_SOCKET_1 UNSOLICITED: UNSOL_RESPONSE_VOICE_NETWORK_STATE_CHANGED length:8
04-08 09:44:06.139   190   531 E RILC    : Send Response to RIL_SOCKET_1
04-08 09:44:06.139  1184  1297 D RILJ    : [UNSL]< UNSOL_RESPONSE_VOICE_NETWORK_STATE_CHANGED [SUB0]
04-08 09:44:06.140  1184  1184 D RILJ    : [3743]> OPERATOR [SUB0]
04-08 09:44:06.142  1184  1184 D RILJ    : [3744]> DATA_REGISTRATION_STATE [SUB0]
04-08 09:44:06.143  1184  1184 D RILJ    : [3745]> VOICE_REGISTRATION_STATE [SUB0]
04-08 09:44:06.144  1184  1184 D RILJ    : [3746]> QUERY_NETWORK_SELECTION_MODE [SUB0]
04-08 09:44:06.145   190  1872 D RILC    : RequestComplete, RIL_SOCKET_1
04-08 09:44:06.145   190  1872 E RILC    : Send Response to RIL_SOCKET_1
04-08 09:44:06.146  1184  1297 D RILJ    : [3743]< OPERATOR {null, null, null} [SUB0]
04-08 09:44:06.148   190  1874 I RILQ    : (0/190):RIL[0][cmd-20(448)] qcril_qmi_nas_update_data_rte: completed, new drte 0 with confidence 4
04-08 09:44:06.150   190  1874 D RILC    : RequestComplete, RIL_SOCKET_1
04-08 09:44:06.150   190  1874 E RILC    : Send Response to RIL_SOCKET_1
04-08 09:44:06.151  1184  1297 D RILJ    : [3745]< VOICE_REGISTRATION_STATE {2, null, null, 0, null, null, null, 0, null, null, null, null, null, 0, null} [SUB0]
04-08 09:44:06.151  1184  1184 D PHONE   : [ServiceState] setVoiceRegState=1
04-08 09:44:06.151  1184  1184 E PHONE   : [ServiceState] setState deprecated use setVoiceRegState()
04-08 09:44:06.152   190  1873 D RILC    : RequestComplete, RIL_SOCKET_1
04-08 09:44:06.152   190  1873 E RILC    : Send Response to RIL_SOCKET_1
04-08 09:44:06.153  1184  1297 D RILJ    : [3744]< DATA_REGISTRATION_STATE {2, null, null, null, 0, 20, null, null, null, null, null} [SUB0]
04-08 09:44:06.153  1184  1184 D PHONE   : [ServiceState] setDataRegState=1
04-08 09:44:06.153  1184  1184 D PHONE   : [ServiceState] setDataRadioTechnology=0
04-08 09:44:06.154  1184  1184 D GsmSST  : [GsmSST] handlPollStateResultMessage: GsmSST setDataRegState=1 regState=2 dataRadioTechnology=0
04-08 09:44:06.154   190  1875 D RILC    : RequestComplete, RIL_SOCKET_1
04-08 09:44:06.154   190  1875 E RILC    : Send Response to RIL_SOCKET_1
04-08 09:44:06.154  1184  1297 D RILJ    : [3746]< QUERY_NETWORK_SELECTION_MODE {0} [SUB0]
04-08 09:44:06.156  1184  1184 D GsmSST  : [GsmSST] Poll ServiceState done:  oldSS=[1 1 voice home data home null null null null null null  Unknown Unknown CSS not supported -1 -1 RoamInd=-1 DefRoamInd=-1 EmergOnly=false] newSS=[1 1 voice home data home null null null null null null  Unknown Unknown CSS not supported -1 -1 RoamInd=-1 DefRoamInd=-1 EmergOnly=false] oldMaxDataCalls=20 mNewMaxDataCalls=20 oldReasonDataDenied=15 mNewReasonDataDenied=-1
04-08 09:44:06.156  1184  1184 D PHONE   : [ServiceState] setNullState=1
04-08 09:44:11.488   190   301 I RILC    : RIL_SOCKET_1 UNSOLICITED: UNSOL_RESPONSE_VOICE_NETWORK_STATE_CHANGED length:8
04-08 09:44:11.488   190   301 E RILC    : Send Response to RIL_SOCKET_1
04-08 09:44:11.490  1184  1297 D RILJ    : [UNSL]< UNSOL_RESPONSE_VOICE_NETWORK_STATE_CHANGED [SUB0]
04-08 09:44:11.495  1184  1184 D RILJ    : [3747]> OPERATOR [SUB0]
04-08 09:44:11.510  1184  1184 D RILJ    : [3748]> DATA_REGISTRATION_STATE [SUB0]
04-08 09:44:11.522  1184  1184 D RILJ    : [3749]> VOICE_REGISTRATION_STATE [SUB0]
04-08 09:44:11.524   190  1941 D RILC    : RequestComplete, RIL_SOCKET_1
04-08 09:44:11.524   190  1941 E RILC    : Send Response to RIL_SOCKET_1
04-08 09:44:11.528  1184  1297 D RILJ    : [3747]< OPERATOR {null, null, null} [SUB0]
04-08 09:44:11.550  1184  1184 D RILJ    : [3750]> QUERY_NETWORK_SELECTION_MODE [SUB0]
04-08 09:44:11.552   190  1942 D RILC    : RequestComplete, RIL_SOCKET_1
04-08 09:44:11.552   190  1942 E RILC    : Send Response to RIL_SOCKET_1
04-08 09:44:11.553  1184  1297 D RILJ    : [3748]< DATA_REGISTRATION_STATE {2, null, null, null, 0, 20, null, null, null, null, null} [SUB0]
04-08 09:44:11.553  1184  1184 D PHONE   : [ServiceState] setDataRegState=1
04-08 09:44:11.553  1184  1184 D PHONE   : [ServiceState] setDataRadioTechnology=0
04-08 09:44:11.553  1184  1184 D GsmSST  : [GsmSST] handlPollStateResultMessage: GsmSST setDataRegState=1 regState=2 dataRadioTechnology=0
04-08 09:44:11.554   190  1944 D RILC    : RequestComplete, RIL_SOCKET_1
04-08 09:44:11.554   190  1944 E RILC    : Send Response to RIL_SOCKET_1
04-08 09:44:11.555   190  1943 I RILQ    : (0/190):RIL[0][cmd-20(448)] qcril_qmi_nas_update_data_rte: completed, new drte 0 with confidence 4
04-08 09:44:11.556  1184  1297 D RILJ    : [3750]< QUERY_NETWORK_SELECTION_MODE {0} [SUB0]
04-08 09:44:11.557   190  1943 D RILC    : RequestComplete, RIL_SOCKET_1
04-08 09:44:11.557   190  1943 E RILC    : Send Response to RIL_SOCKET_1
04-08 09:44:11.558  1184  1297 D RILJ    : [3749]< VOICE_REGISTRATION_STATE {2, null, null, 0, null, null, null, 0, null, null, null, null, null, 0, null} [SUB0]
04-08 09:44:11.559  1184  1184 D PHONE   : [ServiceState] setVoiceRegState=1
04-08 09:44:11.559  1184  1184 E PHONE   : [ServiceState] setState deprecated use setVoiceRegState()
04-08 09:44:11.560  1184  1184 D GsmSST  : [GsmSST] Poll ServiceState done:  oldSS=[1 1 voice home data home null null null null null null  Unknown Unknown CSS not supported -1 -1 RoamInd=-1 DefRoamInd=-1 EmergOnly=false] newSS=[1 1 voice home data home null null null null null null  Unknown Unknown CSS not supported -1 -1 RoamInd=-1 DefRoamInd=-1 EmergOnly=false] oldMaxDataCalls=20 mNewMaxDataCalls=20 oldReasonDataDenied=-1 mNewReasonDataDenied=-1
04-08 09:44:11.560  1184  1184 D PHONE   : [ServiceState] setNullState=1
04-08 09:44:14.075  1184  1184 D DCT     : [0]onReceive: action=android.intent.action.SCREEN_ON
04-08 09:44:14.075  1184  1184 D DCT     : [0]stopNetStatPoll
04-08 09:44:14.078  1184  1184 D DCT     : [0]overall state is IDLE
04-08 09:44:14.113  1184  1184 D DCT     : [0]onReceive: action=android.intent.action.SCREEN_OFF
04-08 09:44:14.113  1184  1184 D DCT     : [0]stopNetStatPoll
04-08 09:44:14.116  1184  1184 D DCT     : [0]overall state is IDLE
04-08 09:44:14.473  1184  1184 D RILJ    : [3751]> SCREEN_STATE: false [SUB0]
04-08 09:44:14.490   190   301 D RILC    : RequestComplete, RIL_SOCKET_1
04-08 09:44:14.490   190   301 E RILC    : Send Response to RIL_SOCKET_1
04-08 09:44:14.492  1184  1297 D RILJ    : [3751]< SCREEN_STATE  [SUB0]
04-08 09:44:14.505   190   304 I RILQ    : (0/190):RIL[0][event] qcril_arb_set_data_sys_status: recvd data_sys_status nw=0x0, rat_mask=0x8000, so_mask=0x0
04-08 09:44:14.505   190   304 I RILQ    : (0/190):RIL[0][event] qcril_arb_set_data_sys_status: recvd data_sys_status nw=0x1, rat_mask=0x0, so_mask=0x0
04-08 09:44:14.505   190   304 I RILQ    : (0/190):RIL[0][event] qcril_qmi_nas_update_data_rte: completed, new drte 0 with confidence 4
04-08 09:44:14.506   190   304 I RILC    : RIL_SOCKET_1 UNSOLICITED: UNSOL_RESPONSE_VOICE_NETWORK_STATE_CHANGED length:8
04-08 09:44:14.506   190   304 E RILC    : Send Response to RIL_SOCKET_1
04-08 09:44:14.506   190   304 I RILC    : RIL_SOCKET_1 UNSOLICITED: UNSOL_SIGNAL_STRENGTH length:60
04-08 09:44:14.506   190   304 E RILC    : Send Response to RIL_SOCKET_1
04-08 09:44:14.507  1184  1297 D RILJ    : [UNSL]< UNSOL_RESPONSE_VOICE_NETWORK_STATE_CHANGED [SUB0]
04-08 09:44:14.515  1184  1184 D RILJ    : [3752]> OPERATOR [SUB0]
04-08 09:44:14.518  1184  1184 D RILJ    : [3753]> DATA_REGISTRATION_STATE [SUB0]
04-08 09:44:14.520  1184  1184 D RILJ    : [3754]> VOICE_REGISTRATION_STATE [SUB0]
04-08 09:44:14.521  1184  1184 D RILJ    : [3755]> QUERY_NETWORK_SELECTION_MODE [SUB0]
04-08 09:44:14.529  1184  1184 D DefaultPhoneNotifier: notifySignalStrength: mRegistry=com.android.internal.telephony.ITelephonyRegistry$Stub$Proxy@2c8b6ce ss=SignalStrength: 99 0 -120 -160 -120 -1 -1 99 2147483647 2147483647 2147483647 2147483647 gsm|lte sender=Handler (com.android.internal.telephony.gsm.GSMPhone) {39f1d3cd}
04-08 09:44:14.537   190  1983 D RILC    : RequestComplete, RIL_SOCKET_1
04-08 09:44:14.537   190  1983 E RILC    : Send Response to RIL_SOCKET_1
04-08 09:44:14.540  1184  1297 D RILJ    : [3755]< QUERY_NETWORK_SELECTION_MODE {0} [SUB0]
04-08 09:44:14.543   190  1981 D RILC    : RequestComplete, RIL_SOCKET_1
04-08 09:44:14.543   190  1981 E RILC    : Send Response to RIL_SOCKET_1
04-08 09:44:14.548   190  1980 D RILC    : RequestComplete, RIL_SOCKET_1
04-08 09:44:14.548   190  1980 E RILC    : Send Response to RIL_SOCKET_1
04-08 09:44:14.548  1184  1297 D RILJ    : [3753]< DATA_REGISTRATION_STATE {2, null, null, null, 0, 20, null, null, null, null, null} [SUB0]
04-08 09:44:14.550   190  1982 I RILQ    : (0/190):RIL[0][cmd-20(448)] qcril_qmi_nas_update_data_rte: completed, new drte 0 with confidence 4
04-08 09:44:14.551  1184  1297 D RILJ    : [3752]< OPERATOR {null, null, null} [SUB0]
04-08 09:44:14.551   190  1982 D RILC    : RequestComplete, RIL_SOCKET_1
04-08 09:44:14.551   190  1982 E RILC    : Send Response to RIL_SOCKET_1
04-08 09:44:14.554  1184  1184 D PHONE   : [ServiceState] setDataRegState=1
04-08 09:44:14.554  1184  1184 D PHONE   : [ServiceState] setDataRadioTechnology=0
04-08 09:44:14.554  1184  1184 D GsmSST  : [GsmSST] handlPollStateResultMessage: GsmSST setDataRegState=1 regState=2 dataRadioTechnology=0
04-08 09:44:14.555  1184  1297 D RILJ    : [3754]< VOICE_REGISTRATION_STATE {2, null, null, 0, null, null, null, 0, null, null, null, null, null, 0, null} [SUB0]
04-08 09:44:14.555  1184  1184 D PHONE   : [ServiceState] setVoiceRegState=1
04-08 09:44:14.555  1184  1184 E PHONE   : [ServiceState] setState deprecated use setVoiceRegState()
04-08 09:44:14.556  1184  1184 D GsmSST  : [GsmSST] Poll ServiceState done:  oldSS=[1 1 voice home data home null null null null null null  Unknown Unknown CSS not supported -1 -1 RoamInd=-1 DefRoamInd=-1 EmergOnly=false] newSS=[1 1 voice home data home null null null null null null  Unknown Unknown CSS not supported -1 -1 RoamInd=-1 DefRoamInd=-1 EmergOnly=false] oldMaxDataCalls=20 mNewMaxDataCalls=20 oldReasonDataDenied=-1 mNewReasonDataDenied=-1
04-08 09:44:14.556  1184  1184 D PHONE   : [ServiceState] setNullState=1
04-08 09:44:16.055  1184  1184 D DCT     : [0]onReceive: action=android.intent.action.SCREEN_ON
04-08 09:44:16.056  1184  1184 D DCT     : [0]stopNetStatPoll
04-08 09:44:16.058  1184  1184 D DCT     : [0]overall state is IDLE
04-08 09:44:16.087  1184  1184 D RILJ    : [3756]> SCREEN_STATE: true [SUB0]
04-08 09:44:16.090   190   301 D RILC    : RequestComplete, RIL_SOCKET_1
04-08 09:44:16.090   190   301 E RILC    : Send Response to RIL_SOCKET_1
04-08 09:44:16.094  1184  1297 D RILJ    : [3756]< SCREEN_STATE  [SUB0]
04-08 09:44:16.095   190   304 I RILQ    : (0/190):RIL[0][event] qcril_qmi_nas_update_data_rte: completed, new drte 0 with confidence 4
04-08 09:44:16.096   190   304 I RILC    : RIL_SOCKET_1 UNSOLICITED: UNSOL_RESPONSE_VOICE_NETWORK_STATE_CHANGED length:8
04-08 09:44:16.096   190   304 E RILC    : Send Response to RIL_SOCKET_1
04-08 09:44:16.096  1184  1297 D RILJ    : [UNSL]< UNSOL_RESPONSE_VOICE_NETWORK_STATE_CHANGED [SUB0]
04-08 09:44:16.097  1184  1184 D RILJ    : [3757]> OPERATOR [SUB0]
04-08 09:44:16.097   190   304 I RILQ    : (0/190):RIL[0][event] qcril_qmi_nas_evaluate_custom_emergency_numbers_for_card: cur_status 1024, card_state 3
04-08 09:44:16.097   190   304 I RILQ    : (0/190):RIL[0][event] qcril_qmi_nas_evaluate_custom_emergency_numbers_for_card: card_mcc 460, card_mnc 01
04-08 09:44:16.098  1184  1184 D RILJ    : [3758]> DATA_REGISTRATION_STATE [SUB0]
04-08 09:44:16.099   190   531 E RILQ    : (0/190): RIL[0][qmi_cb] get_ecc_property_name: ecc list name : ril.ecclist.
04-08 09:44:16.100  1184  1184 D RILJ    : [3759]> VOICE_REGISTRATION_STATE [SUB0]
04-08 09:44:16.102  1184  1184 D RILJ    : [3760]> QUERY_NETWORK_SELECTION_MODE [SUB0]
04-08 09:44:16.102   190   304 I RILC    : RIL_SOCKET_1 UNSOLICITED: UNSOL_SIGNAL_STRENGTH length:60
04-08 09:44:16.102   190   304 E RILC    : Send Response to RIL_SOCKET_1
04-08 09:44:16.102   190   304 I RILQ    : (0/190):RIL[0][event] qcril_qmi_nas_evaluate_custom_emergency_numbers_for_card: cur_status 1024, card_state 3
04-08 09:44:16.102   190   304 I RILQ    : (0/190):RIL[0][event] qcril_qmi_nas_evaluate_custom_emergency_numbers_for_card: card_mcc 460, card_mnc 01
04-08 09:44:16.102   190  2023 D RILC    : RequestComplete, RIL_SOCKET_1
04-08 09:44:16.103   190  2023 E RILC    : Send Response to RIL_SOCKET_1
04-08 09:44:16.104   190  2025 I RILQ    : (0/190):RIL[0][cmd-20(448)] qcril_qmi_nas_update_data_rte: completed, new drte 0 with confidence 4
04-08 09:44:16.105   190  2025 D RILC    : RequestComplete, RIL_SOCKET_1
04-08 09:44:16.105   190  2025 E RILC    : Send Response to RIL_SOCKET_1
04-08 09:44:16.106  1184  1297 D RILJ    : [3757]< OPERATOR {null, null, null} [SUB0]
04-08 09:44:16.107  1184  1297 D RILJ    : [3759]< VOICE_REGISTRATION_STATE {2, null, null, 0, null, null, null, 0, null, null, null, null, null, 0, null} [SUB0]
04-08 09:44:16.108  1184  1184 D DefaultPhoneNotifier: notifySignalStrength: mRegistry=com.android.internal.telephony.ITelephonyRegistry$Stub$Proxy@2c8b6ce ss=SignalStrength: 99 0 -120 -160 -120 -1 -1 99 2147483647 2147483647 2147483647 2147483647 gsm|lte sender=Handler (com.android.internal.telephony.gsm.GSMPhone) {39f1d3cd}
04-08 09:44:16.115  1184  1184 D PHONE   : [ServiceState] setVoiceRegState=1
04-08 09:44:16.115  1184  1184 E PHONE   : [ServiceState] setState deprecated use setVoiceRegState()
04-08 09:44:16.116   190  2028 D RILC    : RequestComplete, RIL_SOCKET_1
04-08 09:44:16.116   190  2028 E RILC    : Send Response to RIL_SOCKET_1
04-08 09:44:16.116  1184  1297 D RILJ    : [3760]< QUERY_NETWORK_SELECTION_MODE {0} [SUB0]
04-08 09:44:16.123   190  2024 D RILC    : RequestComplete, RIL_SOCKET_1
04-08 09:44:16.123   190  2024 E RILC    : Send Response to RIL_SOCKET_1
04-08 09:44:16.124  1184  1297 D RILJ    : [3758]< DATA_REGISTRATION_STATE {2, null, null, null, 0, 20, null, null, null, null, null} [SUB0]
04-08 09:44:16.124  1184  1184 D PHONE   : [ServiceState] setDataRegState=1
04-08 09:44:16.124  1184  1184 D PHONE   : [ServiceState] setDataRadioTechnology=0
04-08 09:44:16.124  1184  1184 D GsmSST  : [GsmSST] handlPollStateResultMessage: GsmSST setDataRegState=1 regState=2 dataRadioTechnology=0
04-08 09:44:16.126  1184  1184 D GsmSST  : [GsmSST] Poll ServiceState done:  oldSS=[1 1 voice home data home null null null null null null  Unknown Unknown CSS not supported -1 -1 RoamInd=-1 DefRoamInd=-1 EmergOnly=false] newSS=[1 1 voice home data home null null null null null null  Unknown Unknown CSS not supported -1 -1 RoamInd=-1 DefRoamInd=-1 EmergOnly=false] oldMaxDataCalls=20 mNewMaxDataCalls=20 oldReasonDataDenied=-1 mNewReasonDataDenied=-1
04-08 09:44:16.126  1184  1184 D PHONE   : [ServiceState] setNullState=1
04-08 09:44:18.147  1184  1545 D DCT     : [0]hasMatchedTetherApnSetting: APN=null
04-08 09:44:18.745  1184  1544 D SubscriptionController: [getActiveSubIdList] simInfoSet=[0=1]
04-08 09:44:18.749  1184  1544 D SubscriptionController: [getActiveSubIdList] X subIdArr.length=1
04-08 09:44:18.758  1184  1228 D SubscriptionController: [getActiveSubIdList] simInfoSet=[0=1]
04-08 09:44:18.762  1184  1228 D SubscriptionController: [getActiveSubIdList] X subIdArr.length=1
04-08 09:44:18.770  1184  1640 D SubscriptionController: [getActiveSubIdList] simInfoSet=[0=1]
04-08 09:44:18.774  1184  1640 D SubscriptionController: [getActiveSubIdList] X subIdArr.length=1
04-08 09:44:20.227   190   531 I RILQ    : (0/190):RIL[0][qmi_cb] qcril_qmi_nas_update_data_rte: completed, new drte 0 with confidence 4
04-08 09:44:20.229   190   531 I RILQ    : (0/190):RIL[0][qmi_cb] qcril_qmi_nas_update_data_rte: completed, new drte 0 with confidence 4
04-08 09:44:20.230   190   304 I RILQ    : (0/190):RIL[0][event] qcril_qmi_nas_evaluate_custom_emergency_numbers_for_card: cur_status 17408, card_state 3
04-08 09:44:20.230   190   304 I RILQ    : (0/190):RIL[0][event] qcril_qmi_nas_evaluate_custom_emergency_numbers_for_card: card_mcc 460, card_mnc 01
04-08 09:44:20.231   190   304 I RILQ    : (0/190):RIL[0][event] qcril_qmi_nas_evaluate_custom_emergency_numbers_for_card: cur_status 1024, card_state 3
04-08 09:44:20.231   190   304 I RILQ    : (0/190):RIL[0][event] qcril_qmi_nas_evaluate_custom_emergency_numbers_for_card: card_mcc 460, card_mnc 01
04-08 09:44:20.232   190   304 I RILQ    : (0/190):RIL[0][event] qcril_qmi_nas_evaluate_custom_emergency_numbers_for_card: cur_status 1024, card_state 3
04-08 09:44:20.233   190   304 I RILQ    : (0/190):RIL[0][event] qcril_qmi_nas_evaluate_custom_emergency_numbers_for_card: card_mcc 460, card_mnc 01
04-08 09:44:20.234   190   304 I RILC    : RIL_SOCKET_1 UNSOLICITED: UNSOL_RESPONSE_VOICE_NETWORK_STATE_CHANGED length:8
04-08 09:44:20.234   190   304 E RILC    : Send Response to RIL_SOCKET_1
04-08 09:44:20.235  1184  1297 D RILJ    : [UNSL]< UNSOL_RESPONSE_VOICE_NETWORK_STATE_CHANGED [SUB0]
04-08 09:44:20.235  1184  1184 D RILJ    : [3761]> OPERATOR [SUB0]
04-08 09:44:20.237  1184  1184 D RILJ    : [3762]> DATA_REGISTRATION_STATE [SUB0]
04-08 09:44:20.239  1184  1184 D RILJ    : [3763]> VOICE_REGISTRATION_STATE [SUB0]
04-08 09:44:20.241  1184  1184 D RILJ    : [3764]> QUERY_NETWORK_SELECTION_MODE [SUB0]
04-08 09:44:20.242   190  2065 D RILC    : RequestComplete, RIL_SOCKET_1
04-08 09:44:20.242   190  2065 E RILC    : Send Response to RIL_SOCKET_1
04-08 09:44:20.243  1184  1297 D RILJ    : [3761]< OPERATOR {null, null, null} [SUB0]
04-08 09:44:20.245   190  2068 D RILC    : RequestComplete, RIL_SOCKET_1
04-08 09:44:20.245   190  2068 E RILC    : Send Response to RIL_SOCKET_1
04-08 09:44:20.245  1184  1297 D RILJ    : [3764]< QUERY_NETWORK_SELECTION_MODE {0} [SUB0]
04-08 09:44:20.246   190  2067 D RILC    : RequestComplete, RIL_SOCKET_1
04-08 09:44:20.246   190  2067 E RILC    : Send Response to RIL_SOCKET_1
04-08 09:44:20.247  1184  1297 D RILJ    : [3763]< VOICE_REGISTRATION_STATE {12, null, null, 0, null, null, null, 0, null, null, null, null, null, 0, 172} [SUB0]
04-08 09:44:20.247  1184  1184 D PHONE   : [ServiceState] setVoiceRegState=1
04-08 09:44:20.247  1184  1184 E PHONE   : [ServiceState] setState deprecated use setVoiceRegState()
04-08 09:44:20.248   190  2066 D RILC    : RequestComplete, RIL_SOCKET_1
04-08 09:44:20.248   190  2066 E RILC    : Send Response to RIL_SOCKET_1
04-08 09:44:20.248  1184  1297 D RILJ    : [3762]< DATA_REGISTRATION_STATE {2, null, null, null, 0, 20, null, null, null, null, null} [SUB0]
04-08 09:44:20.249  1184  1184 D PHONE   : [ServiceState] setDataRegState=1
04-08 09:44:20.249  1184  1184 D PHONE   : [ServiceState] setDataRadioTechnology=0
04-08 09:44:20.249  1184  1184 D GsmSST  : [GsmSST] handlPollStateResultMessage: GsmSST setDataRegState=1 regState=2 dataRadioTechnology=0
04-08 09:44:20.250  1184  1184 D GsmSST  : [GsmSST] Poll ServiceState done:  oldSS=[1 1 voice home data home null null null null null null  Unknown Unknown CSS not supported -1 -1 RoamInd=-1 DefRoamInd=-1 EmergOnly=false] newSS=[1 1 voice home data home null null null null null null  Unknown Unknown CSS not supported -1 -1 RoamInd=-1 DefRoamInd=-1 EmergOnly=true] oldMaxDataCalls=20 mNewMaxDataCalls=20 oldReasonDataDenied=-1 mNewReasonDataDenied=-1
04-08 09:44:20.251  1184  1184 D PHONE   : [ServiceState] setNullState=1
04-08 09:44:20.251  1184  1184 D SIMRecords: [SIMRecords] getServiceProviderName: no brandOverride
04-08 09:44:20.251  1184  1184 D SIMRecords: [SIMRecords] getServiceProviderName: providerName=
04-08 09:44:20.252  1184  1184 D GsmSST  : [GsmSST] updateSpnDisplay: radio is on but out of service, set plmn='Emergency calls only'
04-08 09:44:20.252  1184  1184 D SIMRecords: [SIMRecords] getServiceProviderName: no brandOverride
04-08 09:44:20.252  1184  1184 D SIMRecords: [SIMRecords] getServiceProviderName: providerName=
04-08 09:44:20.253  1184  1184 D GsmSST  : [GsmSST] updateSpnDisplay: changed sending intent rule=2 showPlmn='true' plmn='Emergency calls only' showSpn='false' spn=''
04-08 09:44:20.263  1184  1184 D SubscriptionController: [setCarrierText]+ text:Emergency calls only subId:1
04-08 09:44:20.288  1184  1184 D SubscriptionController: notifySubscriptionInfoChanged:
04-08 09:44:20.295  1184  1544 D SubscriptionController: [getActiveSubInfoList]+
04-08 09:44:20.297   722   722 D TelephonyManager: getSimOperatorNumeric(): default subId=1
04-08 09:44:20.299   722   722 D TelephonyManager: getTelephonyProperty: return propVal='46001' phoneId=0 property='gsm.sim.operator.numeric' defaultVal='' prop=46001
04-08 09:44:20.304  1184  1544 D SubscriptionController: selection:sim_id>=0 null
04-08 09:44:20.317  1184  1184 D TelephonyManager: setTelephonyProperty: success phoneId=0 property=gsm.operator.alpha value:  propVal=
04-08 09:44:20.318  1184  1184 D TelephonyManager: getTelephonyProperty: return propVal='null' phoneId=0 property='gsm.operator.numeric' defaultVal='' prop=
04-08 09:44:20.319  1184  1184 D TelephonyManager: setTelephonyProperty: success phoneId=0 property=gsm.operator.numeric value:  propVal=
04-08 09:44:20.329  1184  1184 D GsmSST  : [GsmSST] operatorNumeric is null
04-08 09:44:20.329  1184  1184 D TelephonyManager: setTelephonyProperty: success phoneId=0 property=gsm.operator.iso-country value:  propVal=
04-08 09:44:20.330  1184  1184 D TelephonyManager: setTelephonyProperty: success phoneId=0 property=gsm.operator.isroaming value: false propVal=false
04-08 09:44:20.332  1184  1544 D TelephonyManager: getTelephonyProperty: return propVal='cn' phoneId=0 property='gsm.sim.operator.iso-country' defaultVal='' prop=cn
04-08 09:44:20.332  1184  1184 D GsmSST  : [GsmSST] Broadcasting ServiceState : 1 1 voice home data home null null null null null null  Unknown Unknown CSS not supported -1 -1 RoamInd=-1 DefRoamInd=-1 EmergOnly=true
04-08 09:44:20.332  1184  1544 D SubscriptionController: [getSubInfoRecord] id:1 iccid:89860115921101579076 simSlotIndex:0 displayName:CARD 1 nameSource:0 iconTint:-16746133 dataRoaming:0 mcc:460 mnc:1 countIso:cn
04-08 09:44:20.333  1184  1544 D PhoneFactory: getPhone:- phoneId != DEFAULT_PHONE_ID return sProxyPhones[phoneId] phoneId=0 phone=Handler (com.android.internal.telephony.PhoneProxy) {3b726564}
04-08 09:44:20.334  1184  1184 D DefaultPhoneNotifier: nofityServiceState: mRegistry=com.android.internal.telephony.ITelephonyRegistry$Stub$Proxy@2c8b6ce ss=1 1 voice home data home null null null null null null  Unknown Unknown CSS not supported -1 -1 RoamInd=-1 DefRoamInd=-1 EmergOnly=true sender=Handler (com.android.internal.telephony.gsm.GSMPhone) {39f1d3cd} phondId=0 subId=1
04-08 09:44:20.337  1184  1544 D SubscriptionController: [getActiveSubInfoList]- 1 infos return
04-08 09:44:20.340  1184  1184 D PhoneFactory: getPhone:- phoneId != DEFAULT_PHONE_ID return sProxyPhones[phoneId] phoneId=0 phone=Handler (com.android.internal.telephony.PhoneProxy) {3b726564}
04-08 09:44:20.341  1184  1184 D SubscriptionController: getSimStateForSubscriber:  simState=READY ordinal=5
04-08 09:44:20.341   722  1253 D SubscriptionManager: getSimStateForSubscriber: simState=5 subId=1
04-08 09:44:20.342   722  1253 D TelephonyManager: getSimState: simState=5 slotIdx=0
04-08 09:44:20.348  1184  1184 D GsmSST  : [GsmSST] SST.getAllCellInfo(): return last, same thread can't block
04-08 09:44:20.348  1184  1184 D GsmSST  : [GsmSST] SST.getAllCellInfo(): X size=0 list=null
04-08 09:44:20.348  1184  1184 D GsmSST  : [GsmSST] getCellLocation(): X empty mCellLoc and CellInfo mCellLoc=[-1,-1,370]
04-08 09:44:20.349   722   738 D TelephonyRegistry: notifyCellLocationForSubscriber: subId=1 cellLocation=Bundle[mParcelledData.dataSize=64]
04-08 09:44:20.352  1184  1640 D SubscriptionController: [getActiveSubInfoList]+
04-08 09:44:20.356  1184  1640 D SubscriptionController: selection:sim_id>=0 null
04-08 09:44:20.358  1184  1184 D GsmSST  : [GsmSST] SubscriptionListener.onSubscriptionInfoChanged
04-08 09:44:20.358  1184  1184 D DCT     : [0]SubscriptionListener.onSubscriptionInfoChanged
04-08 09:44:20.361  1184  1184 D DctController: onSubInfoReady mPhoneNum=1
04-08 09:44:20.362  1184  1184 D DctController: onSubInfoReady handle pending requests subId=1
04-08 09:44:20.362  1184  1184 D DctController: [TNF 1]evalPendingRequest, pending request size is 0
04-08 09:44:20.362  1184  1184 D DctController: processRequests
04-08 09:44:20.363  1184  1184 D SubscriptionController: [getActiveSubInfoList]+
04-08 09:44:20.365  1184  1184 D SubscriptionController: selection:sim_id>=0 null
04-08 09:44:20.366  1184  1353 D PhoneFactory: getPhone:- phoneId != DEFAULT_PHONE_ID return sProxyPhones[phoneId] phoneId=0 phone=Handler (com.android.internal.telephony.PhoneProxy) {3b726564}
04-08 09:44:20.369  1184  1224 D PhoneFactory: getPhone:- phoneId != DEFAULT_PHONE_ID return sProxyPhones[phoneId] phoneId=0 phone=Handler (com.android.internal.telephony.PhoneProxy) {3b726564}
04-08 09:44:20.370  1184  1640 D TelephonyManager: getTelephonyProperty: return propVal='cn' phoneId=0 property='gsm.sim.operator.iso-country' defaultVal='' prop=cn
04-08 09:44:20.371   722   786 D TelephonyManager: getTelephonyProperty: return propVal='null' phoneId=0 property='gsm.operator.iso-country' defaultVal='' prop=
04-08 09:44:20.371  1184  1640 D SubscriptionController: [getSubInfoRecord] id:1 iccid:89860115921101579076 simSlotIndex:0 displayName:CARD 1 nameSource:0 iconTint:-16746133 dataRoaming:0 mcc:460 mnc:1 countIso:cn
04-08 09:44:20.373  1184  1640 D PhoneFactory: getPhone:- phoneId != DEFAULT_PHONE_ID return sProxyPhones[phoneId] phoneId=0 phone=Handler (com.android.internal.telephony.PhoneProxy) {3b726564}
04-08 09:44:20.376  1184  1640 D SubscriptionController: [getActiveSubInfoList]- 1 infos return
04-08 09:44:20.378  1184  1184 D TelephonyManager: getTelephonyProperty: return propVal='cn' phoneId=0 property='gsm.sim.operator.iso-country' defaultVal='' prop=cn
04-08 09:44:20.379  1184  1184 D SubscriptionController: [getSubInfoRecord] id:1 iccid:89860115921101579076 simSlotIndex:0 displayName:CARD 1 nameSource:0 iconTint:-16746133 dataRoaming:0 mcc:460 mnc:1 countIso:cn
04-08 09:44:20.379   722   786 D TelephonyManager: getTelephonyProperty: return propVal='cn' phoneId=0 property='gsm.sim.operator.iso-country' defaultVal='' prop=cn
04-08 09:44:20.380  1184  1184 D PhoneFactory: getPhone:- phoneId != DEFAULT_PHONE_ID return sProxyPhones[phoneId] phoneId=0 phone=Handler (com.android.internal.telephony.PhoneProxy) {3b726564}
04-08 09:44:20.385  1184  1184 D SubscriptionController: [getActiveSubInfoList]- 1 infos return
04-08 09:44:20.386  1184  1545 D SubscriptionController: [getActiveSubInfoList]+
04-08 09:44:20.390  1184  1545 D SubscriptionController: selection:sim_id>=0 null
04-08 09:44:20.392  1184  1184 E PhoneBase: Error! unregisterForCallWaiting() in PhoneBase should not be called, CDMAPhone inactive.
04-08 09:44:20.394  1184  1184 D PhoneFactory: getPhone:- phoneId != DEFAULT_PHONE_ID return sProxyPhones[phoneId] phoneId=0 phone=Handler (com.android.internal.telephony.PhoneProxy) {3b726564}
04-08 09:44:20.397  1184  1184 D TelephonyManager: getTelephonyProperty: return propVal='null' phoneId=0 property='gsm.operator.alpha' defaultVal='' prop=
04-08 09:44:20.402  1184  1545 D TelephonyManager: getTelephonyProperty: return propVal='cn' phoneId=0 property='gsm.sim.operator.iso-country' defaultVal='' prop=cn
04-08 09:44:20.402  1184  1545 D SubscriptionController: [getSubInfoRecord] id:1 iccid:89860115921101579076 simSlotIndex:0 displayName:CARD 1 nameSource:0 iconTint:-16746133 dataRoaming:0 mcc:460 mnc:1 countIso:cn
04-08 09:44:20.404  1184  1545 D PhoneFactory: getPhone:- phoneId != DEFAULT_PHONE_ID return sProxyPhones[phoneId] phoneId=0 phone=Handler (com.android.internal.telephony.PhoneProxy) {3b726564}
04-08 09:44:20.407  1184  1545 D SubscriptionController: [getActiveSubInfoList]- 1 infos return
04-08 09:44:20.424  1184  1228 D PhoneFactory: getPhone:- phoneId != DEFAULT_PHONE_ID return sProxyPhones[phoneId] phoneId=0 phone=Handler (com.android.internal.telephony.PhoneProxy) {3b726564}
04-08 09:44:20.424  1184  1228 D SubscriptionController: getSimStateForSubscriber:  simState=READY ordinal=5
04-08 09:44:20.424   871   871 D SubscriptionManager: getSimStateForSubscriber: simState=5 subId=1
04-08 09:44:20.424   871   871 D TelephonyManager: getSimState: simState=5 slotIdx=0
04-08 09:44:20.451  1184  1184 E PhoneBase: Error! registerForCallWaiting() in PhoneBase should not be called, CDMAPhone inactive.
04-08 09:44:20.457  1184  1184 D DctController: handleMessage msg={ when=-95ms what=100 target=com.android.internal.telephony.dataconnection.DctController }
04-08 09:44:20.458  1184  1184 D DctController: getTopPriorityRequestPhoneId = 0, priority = -1
04-08 09:44:20.458  1184  1184 D DcSwitchAsyncChannel: [DcSwitchAsyncChannel-0]: rspIsIdle=true
04-08 09:44:20.458  1184  1184 D DctController: onProcessRequest phoneId=0, activePhoneId=-1
04-08 09:44:21.034   190   531 I RILQ    : (0/190):RIL[0][qmi_cb] qcril_qmi_nas_update_data_rte: completed, new drte 0 with confidence 4
04-08 09:44:21.051   190   531 I RILC    : RIL_SOCKET_1 UNSOLICITED: UNSOL_RESPONSE_VOICE_NETWORK_STATE_CHANGED length:8
04-08 09:44:21.051   190   531 E RILC    : Send Response to RIL_SOCKET_1
04-08 09:44:21.051  1184  1297 D RILJ    : [UNSL]< UNSOL_RESPONSE_VOICE_NETWORK_STATE_CHANGED [SUB0]
04-08 09:44:21.052   190   531 I RILC    : RIL_SOCKET_1 UNSOLICITED: UNSOL_RESPONSE_VOICE_NETWORK_STATE_CHANGED length:8
04-08 09:44:21.052   190   531 E RILC    : Send Response to RIL_SOCKET_1
04-08 09:44:21.052  1184  1297 D RILJ    : [UNSL]< UNSOL_RESPONSE_VOICE_NETWORK_STATE_CHANGED [SUB0]
04-08 09:44:21.053  1184  1184 D RILJ    : [3765]> OPERATOR [SUB0]
04-08 09:44:21.057  1184  1184 D RILJ    : [3766]> DATA_REGISTRATION_STATE [SUB0]
04-08 09:44:21.059  1184  1184 D RILJ    : [3767]> VOICE_REGISTRATION_STATE [SUB0]
04-08 09:44:21.066  1184  1184 D RILJ    : [3768]> QUERY_NETWORK_SELECTION_MODE [SUB0]
04-08 09:44:21.068  1184  1184 D RILJ    : [3769]> OPERATOR [SUB0]
04-08 09:44:21.069   190  2098 D RILC    : RequestComplete, RIL_SOCKET_1
04-08 09:44:21.069   190  2098 E RILC    : Send Response to RIL_SOCKET_1
04-08 09:44:21.070  1184  1297 D RILJ    : [3766]< DATA_REGISTRATION_STATE {3, null, null, null, 7, 20, null, null, null, null, null} [SUB0]
04-08 09:44:21.071  1184  1184 D RILJ    : [3770]> DATA_REGISTRATION_STATE [SUB0]
04-08 09:44:21.073   190  2097 D RILC    : RequestComplete, RIL_SOCKET_1
04-08 09:44:21.073   190  2097 E RILC    : Send Response to RIL_SOCKET_1
04-08 09:44:21.073  1184  1297 D RILJ    : [3765]< OPERATOR {null, null, null} [SUB0]
