04-08 10:15:27.332   722   787 I ActivityManager: Skipping duplicate ANR: ProcessRecord{19d1e44d 2362:com.youku.phone/u0a54} Input dispatching timed out (Waiting to send key event because the focused window has not finished processing all of the input events that were previously delivered to it.  Outbound queue length: 0.  Wait queue length: 2.)
04-08 10:15:28.250   722  1255 I ActivityManager: START u0 {act=android.intent.action.MAIN cat=[android.intent.category.LAUNCHER] flg=0x10200000 cmp=com.youku.phone/.ActivityWelcome} from uid 0 on display 0
04-08 10:15:34.282   722   808 I WindowManager: Input event dispatching timed out sending to com.youku.phone/com.youku.hotspot.activity.ImmersiveFeedActivity.  Reason: Waiting to send key event because the focused window has not finished processing all of the input events that were previously delivered to it.  Outbound queue length: 0.  Wait queue length: 2.
04-08 10:15:34.512   722  1255 W InputManager: Input event injection from pid 2341 timed out.
04-08 10:15:34.677   722   787 I ActivityManager: Skipping duplicate ANR: ProcessRecord{19d1e44d 2362:com.youku.phone/u0a54} Input dispatching timed out (Waiting to send key event because the focused window has not finished processing all of the input events that were previously delivered to it.  Outbound queue length: 0.  Wait queue length: 2.)
04-08 10:15:39.528   722   808 I WindowManager: Input event dispatching timed out sending to com.youku.phone/com.youku.hotspot.activity.ImmersiveFeedActivity.  Reason: Waiting to send key event because the focused window has not finished processing all of the input events that were previously delivered to it.  Outbound queue length: 0.  Wait queue length: 2.
04-08 10:15:39.691   722  1241 W InputManager: Input event injection from pid 2341 timed out.
04-08 10:15:39.787   722   787 I ActivityManager: Skipping duplicate ANR: ProcessRecord{19d1e44d 2362:com.youku.phone/u0a54} Input dispatching timed out (Waiting to send key event because the focused window has not finished processing all of the input events that were previously delivered to it.  Outbound queue length: 0.  Wait queue length: 2.)
04-08 10:15:45.699   722   808 I WindowManager: Input event dispatching timed out sending to com.youku.phone/com.youku.hotspot.activity.ImmersiveFeedActivity.  Reason: Waiting to send key event because the focused window has not finished processing all of the input events that were previously delivered to it.  Outbound queue length: 0.  Wait queue length: 2.
04-08 10:15:45.837   722  1255 W InputManager: Input event injection from pid 2341 timed out.
04-08 10:15:45.879   722   787 I ActivityManager: Skipping duplicate ANR: ProcessRecord{19d1e44d 2362:com.youku.phone/u0a54} Input dispatching timed out (Waiting to send key event because the focused window has not finished processing all of the input events that were previously delivered to it.  Outbound queue length: 0.  Wait queue length: 2.)
04-08 10:15:50.848   722   808 I WindowManager: Input event dispatching timed out sending to com.youku.phone/com.youku.hotspot.activity.ImmersiveFeedActivity.  Reason: Waiting to send key event because the focused window has not finished processing all of the input events that were previously delivered to it.  Outbound queue length: 0.  Wait queue length: 2.
04-08 10:15:51.020   722  5104 W InputManager: Input event injection from pid 2341 timed out.
04-08 10:15:51.106   722   787 I ActivityManager: Skipping duplicate ANR: ProcessRecord{19d1e44d 2362:com.youku.phone/u0a54} Input dispatching timed out (Waiting to send key event because the focused window has not finished processing all of the input events that were previously delivered to it.  Outbound queue length: 0.  Wait queue length: 2.)
04-08 10:15:54.255   722   854 E NativeCrashListener: Exception dealing with report
04-08 10:15:54.255   722   854 E NativeCrashListener: android.system.ErrnoException: read failed: EAGAIN (Try again)
04-08 10:15:54.255   722   854 E NativeCrashListener: 	at libcore.io.Posix.readBytes(Native Method)
04-08 10:15:54.255   722   854 E NativeCrashListener: 	at libcore.io.Posix.read(Posix.java:165)
04-08 10:15:54.255   722   854 E NativeCrashListener: 	at libcore.io.BlockGuardOs.read(BlockGuardOs.java:230)
04-08 10:15:54.255   722   854 E NativeCrashListener: 	at android.system.Os.read(Os.java:350)
04-08 10:15:54.255   722   854 E NativeCrashListener: 	at com.android.server.am.NativeCrashListener.consumeNativeCrashData(NativeCrashListener.java:240)
04-08 10:15:54.255   722   854 E NativeCrashListener: 	at com.android.server.am.NativeCrashListener.run(NativeCrashListener.java:138)
04-08 10:15:56.581   722   788 I BootReceiver: Copying /data/tombstones/tombstone_02 to DropBox (SYSTEM_TOMBSTONE)
04-08 10:15:57.026   722   808 I WindowManager: Input event dispatching timed out sending to com.youku.phone/com.youku.hotspot.activity.ImmersiveFeedActivity.  Reason: Waiting to send key event because the focused window has not finished processing all of the input events that were previously delivered to it.  Outbound queue length: 0.  Wait queue length: 2.
04-08 10:15:57.144   722  1241 W InputManager: Input event injection from pid 2341 timed out.
04-08 10:15:57.175   722   787 I ActivityManager: Skipping duplicate ANR: ProcessRecord{19d1e44d 2362:com.youku.phone/u0a54} Input dispatching timed out (Waiting to send key event because the focused window has not finished processing all of the input events that were previously delivered to it.  Outbound queue length: 0.  Wait queue length: 2.)
04-08 10:16:02.154   722   808 I WindowManager: Input event dispatching timed out sending to com.youku.phone/com.youku.hotspot.activity.ImmersiveFeedActivity.  Reason: Waiting to send key event because the focused window has not finished processing all of the input events that were previously delivered to it.  Outbound queue length: 0.  Wait queue length: 2.
04-08 10:16:02.286   722  2571 W InputManager: Input event injection from pid 2341 timed out.
04-08 10:16:02.342   722   787 I ActivityManager: Skipping duplicate ANR: ProcessRecord{19d1e44d 2362:com.youku.phone/u0a54} Input dispatching timed out (Waiting to send key event because the focused window has not finished processing all of the input events that were previously delivered to it.  Outbound queue length: 0.  Wait queue length: 2.)
04-08 10:16:04.440   722   834 D WifiService: Client connection lost with reason: 4
04-08 10:16:04.649   722  5637 E libprocessgroup: failed to kill 1 processes for processgroup 8819
04-08 10:16:04.650   722  5637 I ActivityManager: Process com.youku.phone:channel (pid 8819) has died
04-08 10:16:04.650   722  5637 W ActivityManager: Scheduling restart of crashed service com.youku.phone/com.alibaba.analytics.AnalyticsService in 1000ms
04-08 10:16:04.651   722  5637 W ActivityManager: Scheduling restart of crashed service com.youku.phone/com.taobao.accs.ChannelService in 11000ms
04-08 10:16:05.777   722   787 I ActivityManager: Start proc 15864:com.youku.phone:channel/u0a54 for service com.youku.phone/com.alibaba.analytics.AnalyticsService
04-08 10:16:05.926   722  2571 I ActivityManager: Killing 1831:com.android.voicedialer/u0a15 (adj 15): empty for 1800s
04-08 10:16:06.004 15864 15864 W ResourcesManager: Asset path '/system/framework/android.test.runner.jar' does not exist or contains no resources.
04-08 10:16:07.955   722   854 E NativeCrashListener: Exception dealing with report
04-08 10:16:07.955   722   854 E NativeCrashListener: android.system.ErrnoException: read failed: EAGAIN (Try again)
04-08 10:16:07.955   722   854 E NativeCrashListener: 	at libcore.io.Posix.readBytes(Native Method)
04-08 10:16:07.955   722   854 E NativeCrashListener: 	at libcore.io.Posix.read(Posix.java:165)
04-08 10:16:07.955   722   854 E NativeCrashListener: 	at libcore.io.BlockGuardOs.read(BlockGuardOs.java:230)
04-08 10:16:07.955   722   854 E NativeCrashListener: 	at android.system.Os.read(Os.java:350)
04-08 10:16:07.955   722   854 E NativeCrashListener: 	at com.android.server.am.NativeCrashListener.consumeNativeCrashData(NativeCrashListener.java:240)
04-08 10:16:07.955   722   854 E NativeCrashListener: 	at com.android.server.am.NativeCrashListener.run(NativeCrashListener.java:138)
04-08 10:16:08.294   722   808 I WindowManager: Input event dispatching timed out sending to com.youku.phone/com.youku.hotspot.activity.ImmersiveFeedActivity.  Reason: Waiting to send non-key event because the touched window has not finished processing certain input events that were delivered to it over 500.0ms ago.  Wait queue length: 2.  Wait queue head age: 81843.4ms.
04-08 10:16:08.385   722   739 W InputManager: Input event injection from pid 2341 timed out.
04-08 10:16:08.390   722  1255 W InputManager: Input event injection from pid 2341 failed.
04-08 10:16:08.408   722   787 I ActivityManager: Skipping duplicate ANR: ProcessRecord{19d1e44d 2362:com.youku.phone/u0a54} Input dispatching timed out (Waiting to send non-key event because the touched window has not finished processing certain input events that were delivered to it over 500.0ms ago.  Wait queue length: 2.  Wait queue head age: 81843.4ms.)
04-08 10:16:08.585   722   834 D WifiService: New client listening to asynchronous messages
04-08 10:16:08.894   722  1255 W ActivityManager: Unable to start service Intent { pkg=com.youku.phone cmp=com.youku.phone/com.taobao.accs.ChannelService$KernelService } U=0: not found
04-08 10:16:08.974   722   786 I ProcessStatsService: Pruning old procstats: /data/system/procstats/state-1971-08-03-23-49-11.bin
04-08 10:16:12.311   722   788 I BootReceiver: Copying /data/tombstones/tombstone_03 to DropBox (SYSTEM_TOMBSTONE)
04-08 10:16:12.456   722  1241 I WindowState: WIN DEATH: Window{c781bc1 u0 SurfaceView}
04-08 10:16:12.462   722   834 D WifiService: Client connection lost with reason: 4
04-08 10:16:12.475   722  5105 I WindowState: WIN DEATH: Window{209cdb7 u0 com.youku.phone/com.youku.hotspot.activity.ImmersiveFeedActivity}
04-08 10:16:12.484   722   821 I WindowState: WIN DEATH: Window{1b8b9882 u0 com.youku.phone/com.youku.ui.activity.HomePageActivity}
04-08 10:16:12.593   722   739 I ActivityManager: Process com.youku.phone (pid 2362) has died
04-08 10:16:12.601   722   739 W ActivityManager: Scheduling restart of crashed service com.youku.phone/anetwork.channel.aidl.NetworkService in 1000ms
04-08 10:16:12.601   722   739 W ActivityManager: Scheduling restart of crashed service com.youku.phone/com.taobao.android.tlog.AccsTLogService in 11000ms
04-08 10:16:12.601   722   739 W ActivityManager: Scheduling restart of crashed service com.youku.phone/com.taobao.accs.data.MsgDistributeService in 10999ms
04-08 10:16:12.605   722   739 W ActivityManager: Force removing ActivityRecord{3a121edb u0 com.youku.phone/com.youku.hotspot.activity.ImmersiveFeedActivity t2}: app died, no saved state
04-08 10:16:12.606   722  5637 W InputManager: Input event injection from pid 2341 failed.
04-08 10:16:12.609   722  2571 W InputManager: Input event injection from pid 2341 failed.
04-08 10:16:12.628   722   792 V WindowManager: Adding window Window{178857ef u0 Starting com.youku.phone} at 2 of 7 (after Window{3d6b53c u0 com.android.launcher3/com.android.launcher3.Launcher})
04-08 10:16:12.697   722   739 I ActivityManager: Start proc 17070:com.youku.phone/u0a54 for activity com.youku.phone/com.youku.ui.activity.HomePageActivity
04-08 10:16:12.843 17070 17070 W ResourcesManager: Asset path '/system/framework/android.test.runner.jar' does not exist or contains no resources.
04-08 10:16:13.613   722  5637 W InputManager: Input event injection from pid 2341 failed.
04-08 10:16:13.615   722  2571 W InputManager: Input event injection from pid 2341 failed.
04-08 10:16:14.768   722  5637 W InputManager: Input event injection from pid 2341 failed.
04-08 10:16:14.772   722  2571 W InputManager: Input event injection from pid 2341 failed.
04-08 10:16:15.437   722   834 D WifiService: New client listening to asynchronous messages
04-08 10:16:15.776   722   738 W InputManager: Input event injection from pid 2341 failed.
04-08 10:16:15.778   722   819 W InputManager: Input event injection from pid 2341 failed.
04-08 10:16:16.649   722  1242 V WindowManager: Adding window Window{f514b3a u0 com.youku.phone/com.youku.ui.activity.HomePageActivity} at 2 of 8 (before Window{178857ef u0 Starting com.youku.phone})
04-08 10:16:16.734   722  5105 V WindowManager: Adding window Window{2e320792 u0 com.youku.phone/com.youku.ui.activity.HomePageActivity} at 2 of 9 (before Window{f514b3a u0 com.youku.phone/com.youku.ui.activity.HomePageActivity})
04-08 10:16:16.795 17070 17070 W ViewRootImpl: Dropping event due to no window focus: KeyEvent { action=ACTION_DOWN, keyCode=KEYCODE_DPAD_RIGHT, scanCode=0, metaState=0, flags=0x8, repeatCount=0, eventTime=1966516, downTime=1966516, deviceId=-1, source=0x101 }
04-08 10:16:16.799 17070 17070 W ViewRootImpl: Cancelling event due to no window focus: KeyEvent { action=ACTION_UP, keyCode=KEYCODE_DPAD_RIGHT, scanCode=0, metaState=0, flags=0x28, repeatCount=0, eventTime=1966520, downTime=1966520, deviceId=-1, source=0x101 }
04-08 10:16:16.799 17070 17070 W ViewRootImpl: Cancelling event due to no window focus: KeyEvent { action=ACTION_UP, keyCode=KEYCODE_DPAD_RIGHT, scanCode=0, metaState=0, flags=0x28, repeatCount=0, eventTime=1966520, downTime=1966520, deviceId=-1, source=0x101 }
04-08 10:16:16.800 17070 17070 W ViewRootImpl: Cancelling event due to no window focus: KeyEvent { action=ACTION_UP, keyCode=KEYCODE_DPAD_RIGHT, scanCode=0, metaState=0, flags=0x28, repeatCount=0, eventTime=1966520, downTime=1966520, deviceId=-1, source=0x101 }
04-08 10:16:16.802 17070 17070 W ViewRootImpl: Cancelling event due to no window focus: KeyEvent { action=ACTION_UP, keyCode=KEYCODE_DPAD_RIGHT, scanCode=0, metaState=0, flags=0x28, repeatCount=0, eventTime=1966520, downTime=1966520, deviceId=-1, source=0x101 }
04-08 10:16:16.803 17070 17070 W ViewRootImpl: Cancelling event due to no window focus: KeyEvent { action=ACTION_UP, keyCode=KEYCODE_DPAD_RIGHT, scanCode=0, metaState=0, flags=0x28, repeatCount=0, eventTime=1966520, downTime=1966520, deviceId=-1, source=0x101 }
04-08 10:16:16.804 17070 17070 W ViewRootImpl: Cancelling event due to no window focus: KeyEvent { action=ACTION_UP, keyCode=KEYCODE_DPAD_RIGHT, scanCode=0, metaState=0, flags=0x28, repeatCount=0, eventTime=1966520, downTime=1966520, deviceId=-1, source=0x101 }
04-08 10:16:16.806 17070 17070 W ViewRootImpl: Cancelling event due to no window focus: KeyEvent { action=ACTION_UP, keyCode=KEYCODE_DPAD_RIGHT, scanCode=0, metaState=0, flags=0x80000028, repeatCount=0, eventTime=1966520, downTime=1966520, deviceId=-1, source=0x101 }
04-08 10:16:16.807 17070 17070 W ViewRootImpl: Cancelling event due to no window focus: KeyEvent { action=ACTION_UP, keyCode=KEYCODE_DPAD_RIGHT, scanCode=0, metaState=0, flags=0x80000028, repeatCount=0, eventTime=1966520, downTime=1966520, deviceId=-1, source=0x101 }
04-08 10:16:16.808 17070 17070 W ViewRootImpl: Cancelling event due to no window focus: KeyEvent { action=ACTION_UP, keyCode=KEYCODE_DPAD_RIGHT, scanCode=0, metaState=0, flags=0x80000028, repeatCount=0, eventTime=1966520, downTime=1966520, deviceId=-1, source=0x101 }
04-08 10:16:17.149   722  1241 V WindowManager: Adding window Window{386eee9a u0 SurfaceView} at 2 of 10 (before Window{2e320792 u0 com.youku.phone/com.youku.ui.activity.HomePageActivity})
04-08 10:16:17.169   722  5104 W InputMethodManagerService: Got RemoteException sending setActive(false) notification to pid 2362 uid 10054
04-08 10:16:17.250   722  1253 W ActivityManager: Bad activity token: android.os.BinderProxy@5ddf2c1
04-08 10:16:17.250   722  1253 W ActivityManager: java.lang.ClassCastException: android.os.BinderProxy cannot be cast to com.android.server.am.ActivityRecord$Token
04-08 10:16:17.250   722  1253 W ActivityManager: 	at com.android.server.am.ActivityRecord.forToken(ActivityRecord.java:369)
04-08 10:16:17.250   722  1253 W ActivityManager: 	at com.android.server.am.ActivityRecord.isInStackLocked(ActivityRecord.java:1070)
04-08 10:16:17.250   722  1253 W ActivityManager: 	at com.android.server.am.ActivityRecord.getStackLocked(ActivityRecord.java:1078)
04-08 10:16:17.250   722  1253 W ActivityManager: 	at com.android.server.am.ActivityManagerService.getActivityDisplayId(ActivityManagerService.java:8669)
04-08 10:16:17.250   722  1253 W ActivityManager: 	at android.app.ActivityManagerNative.onTransact(ActivityManagerNative.java:2214)
04-08 10:16:17.250   722  1253 W ActivityManager: 	at com.android.server.am.ActivityManagerService.onTransact(ActivityManagerService.java:2208)
04-08 10:16:17.250   722  1253 W ActivityManager: 	at android.os.Binder.execTransact(Binder.java:446)
04-08 10:16:17.258   722  3154 W ActivityManager: Bad activity token: android.os.BinderProxy@5ddf2c1
04-08 10:16:17.258   722  3154 W ActivityManager: java.lang.ClassCastException: android.os.BinderProxy cannot be cast to com.android.server.am.ActivityRecord$Token
04-08 10:16:17.258   722  3154 W ActivityManager: 	at com.android.server.am.ActivityRecord.forToken(ActivityRecord.java:369)
04-08 10:16:17.258   722  3154 W ActivityManager: 	at com.android.server.am.ActivityRecord.isInStackLocked(ActivityRecord.java:1070)
04-08 10:16:17.258   722  3154 W ActivityManager: 	at com.android.server.am.ActivityManagerService.setTaskDescription(ActivityManagerService.java:8334)
04-08 10:16:17.258   722  3154 W ActivityManager: 	at android.app.ActivityManagerNative.onTransact(ActivityManagerNative.java:2278)
04-08 10:16:17.258   722  3154 W ActivityManager: 	at com.android.server.am.ActivityManagerService.onTransact(ActivityManagerService.java:2208)
04-08 10:16:17.258   722  3154 W ActivityManager: 	at android.os.Binder.execTransact(Binder.java:446)
04-08 10:16:19.898   722   819 W ProcessCpuTracker: Skipping unknown process pid 17956
04-08 10:16:22.817   722   808 I WindowManager: Input event dispatching timed out sending to com.youku.phone/com.youku.ui.activity.HomePageActivity.  Reason: Waiting to send key event because the focused window has not finished processing all of the input events that were previously delivered to it.  Outbound queue length: 0.  Wait queue length: 1.
04-08 10:16:23.093   722  1220 W InputManager: Input event injection from pid 2341 timed out.
04-08 10:16:31.766   722   787 E ActivityManager: ANR in com.youku.phone (com.youku.phone/com.youku.ui.activity.HomePageActivity)
04-08 10:16:31.766   722   787 E ActivityManager: PID: 17070
04-08 10:16:31.766   722   787 E ActivityManager: Reason: Input dispatching timed out (Waiting to send key event because the focused window has not finished processing all of the input events that were previously delivered to it.  Outbound queue length: 0.  Wait queue length: 1.)
04-08 10:16:31.766   722   787 E ActivityManager: Load: 22.69 / 22.33 / 20.9
04-08 10:16:31.766   722   787 E ActivityManager: CPU usage from 3548ms to -6249ms ago:
04-08 10:16:31.766   722   787 E ActivityManager:   26% 722/system_server: 16% user + 10% kernel / faults: 6188 minor
04-08 10:16:31.766   722   787 E ActivityManager:   22% 17070/com.youku.phone: 18% user + 3.8% kernel / faults: 10340 minor
04-08 10:16:31.766   722   787 E ActivityManager:   8.7% 174/logd: 7.7% user + 0.9% kernel
04-08 10:16:31.766   722   787 E ActivityManager:   4.1% 871/com.android.systemui: 2.7% user + 1.3% kernel / faults: 13997 minor
04-08 10:16:31.766   722   787 E ActivityManager:   3.6% 206/adbd: 0.4% user + 3.1% kernel / faults: 1278 minor
04-08 10:16:31.766   722   787 E ActivityManager:   2.7% 1184/com.android.phone: 1.3% user + 1.4% kernel / faults: 2369 minor
04-08 10:16:31.766   722   787 E ActivityManager:   2.6% 1661/mpdecision: 0% user + 2.6% kernel
04-08 10:16:31.766   722   787 E ActivityManager:   2.5% 179/surfaceflinger: 0.9% user + 1.6% kernel
04-08 10:16:31.766   722   787 E ActivityManager:   1.4% 189/debuggerd: 0.3% user + 1.1% kernel / faults: 2732 minor
04-08 10:16:31.766   722   787 E ActivityManager:   0.7% 1135/com.android.nfc: 0.3% user + 0.4% kernel / faults: 1422 minor
04-08 10:16:31.766   722   787 E ActivityManager:   0.6% 124/dhd_dpc: 0% user + 0.6% kernel
04-08 10:16:31.766   722   787 E ActivityManager:   0.6% 192/mediaserver: 0.6% user + 0% kernel
04-08 10:16:31.766   722   787 E ActivityManager:   0.5% 2/kthreadd: 0% user + 0.5% kernel
04-08 10:16:31.766   722   787 E ActivityManager:   0.4% 2592/logcat: 0.3% user + 0.1% kernel
04-08 10:16:31.766   722   787 E ActivityManager:   0.4% 2612/logcat: 0.2% user + 0.2% kernel
04-08 10:16:31.766   722   787 E ActivityManager:   0.4% 2915/com.youku.phone:SoUpgradeService: 0.3% user + 0.1% kernel / faults: 1290 minor
04-08 10:16:31.766   722   787 E ActivityManager:   0.3% 327/mdss_fb0: 0% user + 0.3% kernel
04-08 10:16:31.766   722   787 E ActivityManager:   0.3% 6351/kworker/u:6: 0% user + 0.3% kernel
04-08 10:16:31.766   722   787 E ActivityManager:   0.3% 24133/kworker/0:2: 0% user + 0.3% kernel
04-08 10:16:31.766   722   787 E ActivityManager:   0.2% 120/mmcqd/1: 0% user + 0.2% kernel
04-08 10:16:31.766   722   787 E ActivityManager:   0.2% 198/sensors.qcom: 0.1% user + 0.1% kernel / faults: 2 minor
04-08 10:16:31.766   722   787 E ActivityManager:   0.2% 2591/com.push.Youku_PushService: 0.1% user + 0.1% kernel / faults: 1067 minor
04-08 10:16:31.766   722   787 E ActivityManager:   0.2% 11101/com.youku.phone:LockPlayService: 0.2% user + 0% kernel / faults: 463 minor
04-08 10:16:31.766   722   787 E ActivityManager:   0.2% 17701/kworker/u:19: 0% user + 0.2% kernel
04-08 10:16:31.766   722   787 E ActivityManager:   0% 1//init: 0% user + 0% kernel / faults: 265 minor
04-08 10:16:31.766   722   787 E ActivityManager:   0% 7/kworker/u:0H: 0% user + 0% kernel
04-08 10:16:31.766   722   787 E ActivityManager:   0% 123/dhd_watchdog_th: 0% user + 0% kernel
04-08 10:16:31.766   722   787 E ActivityManager:   0.1% 125/dhd_rxf: 0% user + 0.1% kernel
04-08 10:16:31.766   722   787 E ActivityManager:   0.1% 177/servicemanager: 0% user + 0.1% kernel
04-08 10:16:31.766   722   787 E ActivityManager:   0.1% 188/netd: 0.1% user + 0% kernel / faults: 25 minor
04-08 10:16:31.766   722   787 E ActivityManager:   0.1% 2410/com.youku.phone:dex2oat: 0.1% user + 0% kernel / faults: 258 minor
04-08 10:16:31.766   722   787 E ActivityManager:   0.1% 2620/sh: 0% user + 0.1% kernel
04-08 10:16:31.766   722   787 E ActivityManager:   0.1% 15864/com.youku.phone:channel: 0.1% user + 0% kernel / faults: 12 minor
04-08 10:16:31.766   722   787 E ActivityManager:  +0% 20310/dumpsys: 0% user + 0% kernel
04-08 10:16:31.766   722   787 E ActivityManager:  +0% 20312/dumpsys: 0% user + 0% kernel
04-08 10:16:31.766   722   787 E ActivityManager:  +0% 20318/dumpsys: 0% user + 0% kernel
04-08 10:16:31.766   722   787 E ActivityManager:  +0% 20320/dumpsys: 0% user + 0% kernel
04-08 10:16:31.766   722   787 E ActivityManager:  +0% 20322/procrank: 0% user + 0% kernel
04-08 10:16:31.766   722   787 E ActivityManager:  +0% 20348/dumpsys: 0% user + 0% kernel
04-08 10:16:31.766   722   787 E ActivityManager: 100% TOTAL: 58% user + 41% kernel + 0.3% softirq
04-08 10:16:31.766   722   787 E ActivityManager: CPU usage from 7896ms to 8586ms later:
04-08 10:16:31.766   722   787 E ActivityManager:   42% 722/system_server: 32% user + 9.3% kernel / faults: 96 minor
04-08 10:16:31.766   722   787 E ActivityManager:     28% 5105/Binder_E: 23% user + 4.6% kernel
04-08 10:16:31.766   722   787 E ActivityManager:     7.8% 787/ActivityManager: 6.2% user + 1.5% kernel
04-08 10:16:31.766   722   787 E ActivityManager:     4.6% 831/WifiStateMachin: 3.1% user + 1.5% kernel
04-08 10:16:31.766   722   787 E ActivityManager:   29% 20322/procrank: 7% user + 22% kernel / faults: 2358 minor
04-08 10:16:31.766   722   787 E ActivityManager:   10% 871/com.android.systemui: 4.6% user + 6.2% kernel / faults: 740 minor
04-08 10:16:31.766   722   787 E ActivityManager:     10% 877/Signal Catcher: 4.6% user + 6.2% kernel
04-08 10:16:31.766   722   787 E ActivityManager:   7.5% 174/logd: 6% user + 1.5% kernel
04-08 10:16:31.766   722   787 E ActivityManager:     1.5% 239/logd.writer: 1.5% user + 0% kernel
04-08 10:16:31.766   722   787 E ActivityManager:     1.5% 2606/logd.reader.per: 1.5% user + 0% kernel
04-08 10:16:31.766   722   787 E ActivityManager:     1.5% 2614/logd.reader.per: 1.5% user + 0% kernel
04-08 10:16:31.766   722   787 E ActivityManager:     1.5% 2616/logd.reader.per: 1.5% user + 0% kernel
04-08 10:16:31.766   722   787 E ActivityManager:     1.5% 2626/logd.reader.per: 1.5% user + 0% kernel
04-08 10:16:31.766   722   787 E ActivityManager:     1.5% 2628/logd.reader.per: 1.5% user + 0% kernel
04-08 10:16:31.766   722   787 E ActivityManager:   3.1% 206/adbd: 0% user + 3.1% kernel / faults: 67 minor
04-08 10:16:31.766   722   787 E ActivityManager:     3.1% 206/adbd: 0% user + 3.1% kernel
04-08 10:16:31.766   722   787 E ActivityManager:   3% 1661/mpdecision: 0% user + 3% kernel
04-08 10:16:31.766   722   787 E ActivityManager:     4.6% 1678/mpdecision: 0% user + 4.6% kernel
04-08 10:16:31.766   722   787 E ActivityManager:   1.4% 2/kthreadd: 0% user + 1.4% kernel
04-08 10:16:31.766   722   787 E ActivityManager:   0.3% 3/ksoftirqd/0: 0% user + 0.3% kernel
04-08 10:16:31.766   722   787 E ActivityManager:   0.3% 124/dhd_dpc: 0% user + 0.3% kernel
04-08 10:16:31.766   722   787 E ActivityManager:   0.3% 198/sensors.qcom: 0% user + 0.3% kernel
04-08 10:16:31.766   722   787 E ActivityManager:     0.3% 1489/sensors.qcom: 0% user + 0.3% kernel
04-08 10:16:31.766   722   787 E ActivityManager:   1.3% 32622/wpa_supplicant: 0% user + 1.3% kernel
04-08 10:16:31.766   722   787 E ActivityManager: 100% TOTAL: 52% user + 47% kernel
04-08 10:16:32.894   722   808 I WindowManager: Input event dispatching timed out sending to com.youku.phone/com.youku.ui.activity.HomePageActivity.  Reason: Waiting to send key event because the focused window has not finished processing all of the input events that were previously delivered to it.  Outbound queue length: 0.  Wait queue length: 2.
04-08 10:16:33.037   722   787 I ActivityManager: Skipping duplicate ANR: ProcessRecord{277c0871 17070:com.youku.phone/u0a54} Input dispatching timed out (Waiting to send key event because the focused window has not finished processing all of the input events that were previously delivered to it.  Outbound queue length: 0.  Wait queue length: 2.)
04-08 10:16:33.040   722  1255 W InputManager: Input event injection from pid 2341 timed out.
04-08 10:16:37.040   722  1220 I ActivityManager: Killing 3055:com.android.gallery3d/u0a31 (adj 15): empty for 1814s
04-08 10:16:37.300   722  1220 E libprocessgroup: failed to kill 1 processes for processgroup 3055
04-08 10:16:38.322   722   819 W ActivityManager: Bad activity token: android.os.BinderProxy@5ddf2c1
04-08 10:16:38.322   722   819 W ActivityManager: java.lang.ClassCastException: android.os.BinderProxy cannot be cast to com.android.server.am.ActivityRecord$Token
04-08 10:16:38.322   722   819 W ActivityManager: 	at com.android.server.am.ActivityRecord.forToken(ActivityRecord.java:369)
04-08 10:16:38.322   722   819 W ActivityManager: 	at com.android.server.am.ActivityRecord.isInStackLocked(ActivityRecord.java:1070)
04-08 10:16:38.322   722   819 W ActivityManager: 	at com.android.server.am.ActivityManagerService.getActivityOptions(ActivityManagerService.java:10639)
04-08 10:16:38.322   722   819 W ActivityManager: 	at android.app.ActivityManagerNative.onTransact(ActivityManagerNative.java:1681)
04-08 10:16:38.322   722   819 W ActivityManager: 	at com.android.server.am.ActivityManagerService.onTransact(ActivityManagerService.java:2208)
04-08 10:16:38.322   722   819 W ActivityManager: 	at android.os.Binder.execTransact(Binder.java:446)
04-08 10:16:38.334   722  5637 W ActivityManager: Bad activity token: android.os.BinderProxy@5ddf2c1
04-08 10:16:38.334   722  5637 W ActivityManager: java.lang.ClassCastException: android.os.BinderProxy cannot be cast to com.android.server.am.ActivityRecord$Token
04-08 10:16:38.334   722  5637 W ActivityManager: 	at com.android.server.am.ActivityRecord.forToken(ActivityRecord.java:369)
04-08 10:16:38.334   722  5637 W ActivityManager: 	at com.android.server.am.ActivityRecord.isInStackLocked(ActivityRecord.java:1070)
04-08 10:16:38.334   722  5637 W ActivityManager: 	at com.android.server.am.ActivityManagerService.getActivityOptions(ActivityManagerService.java:10639)
04-08 10:16:38.334   722  5637 W ActivityManager: 	at android.app.ActivityManagerNative.onTransact(ActivityManagerNative.java:1681)
04-08 10:16:38.334   722  5637 W ActivityManager: 	at com.android.server.am.ActivityManagerService.onTransact(ActivityManagerService.java:2208)
04-08 10:16:38.334   722  5637 W ActivityManager: 	at android.os.Binder.execTransact(Binder.java:446)
04-08 10:16:40.957   722   821 I ActivityManager: Killing 8471:com.android.browser/u0a19 (adj 15): empty for 1803s
04-08 10:16:41.173   722   821 E libprocessgroup: failed to kill 1 processes for processgroup 8471
04-08 10:16:43.181   722  1253 I ActivityManager: Killing 1877:com.android.exchange/u0a29 (adj 13): empty for 1800s
04-08 10:16:43.396   722  1253 E libprocessgroup: failed to kill 1 processes for processgroup 1877
04-08 10:16:43.397   722  1253 I ActivityManager: Killing 1851:com.android.email/u0a28 (adj 15): empty for 1800s
04-08 10:16:43.606   722  1253 E libprocessgroup: failed to kill 1 processes for processgroup 1851
04-08 10:16:43.606   722  1253 I ActivityManager: Killing 1548:com.android.calendar/u0a21 (adj 15): empty for 1801s
04-08 10:16:43.816   722  1253 E libprocessgroup: failed to kill 1 processes for processgroup 1548
04-08 10:16:43.823   722  5636 I ActivityManager: Killing 1592:com.android.providers.calendar/u0a1 (adj 13): empty for 1800s
04-08 10:16:44.041   722  5636 E libprocessgroup: failed to kill 1 processes for processgroup 1592
04-08 10:16:56.640 17070 17070 W ViewRootImpl: Cancelling event due to no window focus: KeyEvent { action=ACTION_UP, keyCode=KEYCODE_DPAD_LEFT, scanCode=0, metaState=0, flags=0x80000028, repeatCount=0, eventTime=2005599, downTime=2005599, deviceId=-1, source=0x101 }
04-08 10:16:56.646 17070 17070 W ViewRootImpl: Cancelling event due to no window focus: KeyEvent { action=ACTION_UP, keyCode=KEYCODE_DPAD_LEFT, scanCode=0, metaState=0, flags=0x80000028, repeatCount=0, eventTime=2005599, downTime=2005599, deviceId=-1, source=0x101 }
04-08 10:16:56.647 17070 17070 W ViewRootImpl: Cancelling event due to no window focus: KeyEvent { action=ACTION_UP, keyCode=KEYCODE_DPAD_LEFT, scanCode=0, metaState=0, flags=0x80000028, repeatCount=0, eventTime=2005599, downTime=2005599, deviceId=-1, source=0x101 }
04-08 10:16:56.647 17070 17070 W ViewRootImpl: Cancelling event due to no window focus: KeyEvent { action=ACTION_UP, keyCode=KEYCODE_DPAD_LEFT, scanCode=0, metaState=0, flags=0x80000028, repeatCount=0, eventTime=2005599, downTime=2005599, deviceId=-1, source=0x101 }
04-08 10:16:56.648 17070 17070 W ViewRootImpl: Cancelling event due to no window focus: KeyEvent { action=ACTION_UP, keyCode=KEYCODE_DPAD_LEFT, scanCode=0, metaState=0, flags=0x80000028, repeatCount=0, eventTime=2005599, downTime=2005599, deviceId=-1, source=0x101 }
04-08 10:16:56.649 17070 17070 W ViewRootImpl: Cancelling event due to no window focus: KeyEvent { action=ACTION_UP, keyCode=KEYCODE_DPAD_LEFT, scanCode=0, metaState=0, flags=0x80000028, repeatCount=0, eventTime=2005599, downTime=2005599, deviceId=-1, source=0x101 }
04-08 10:16:56.650 17070 17070 W ViewRootImpl: Cancelling event due to no window focus: KeyEvent { action=ACTION_UP, keyCode=KEYCODE_DPAD_LEFT, scanCode=0, metaState=0, flags=0x80000028, repeatCount=0, eventTime=2005599, downTime=2005599, deviceId=-1, source=0x101 }
04-08 10:16:56.655 17070 17070 W ViewRootImpl: Cancelling event due to no window focus: KeyEvent { action=ACTION_UP, keyCode=KEYCODE_DPAD_LEFT, scanCode=0, metaState=0, flags=0x80000028, repeatCount=0, eventTime=2005599, downTime=2005599, deviceId=-1, source=0x101 }
04-08 10:16:56.656 17070 17070 W ViewRootImpl: Cancelling event due to no window focus: KeyEvent { action=ACTION_UP, keyCode=KEYCODE_DPAD_LEFT, scanCode=0, metaState=0, flags=0x80000028, repeatCount=0, eventTime=2005599, downTime=2005599, deviceId=-1, source=0x101 }
04-08 10:16:59.838   722  5637 W ProcessCpuTracker: Skipping unknown process pid 27774
04-08 10:17:01.731 17070 17070 W ViewRootImpl: Dropping event due to no window focus: KeyEvent { action=ACTION_DOWN, keyCode=KEYCODE_MENU, scanCode=0, metaState=0, flags=0x8, repeatCount=0, eventTime=2007639, downTime=2007639, deviceId=-1, source=0x101 }
04-08 10:17:01.739 17070 17070 W ViewRootImpl: Cancelling event due to no window focus: KeyEvent { action=ACTION_UP, keyCode=KEYCODE_MENU, scanCode=0, metaState=0, flags=0x28, repeatCount=0, eventTime=2007656, downTime=2007656, deviceId=-1, source=0x101 }
04-08 10:17:01.761 17070 17070 W ViewRootImpl: Cancelling event due to no window focus: KeyEvent { action=ACTION_UP, keyCode=KEYCODE_MENU, scanCode=0, metaState=0, flags=0x28, repeatCount=0, eventTime=2007656, downTime=2007656, deviceId=-1, source=0x101 }
04-08 10:17:01.769 17070 17070 W ViewRootImpl: Cancelling event due to no window focus: KeyEvent { action=ACTION_UP, keyCode=KEYCODE_MENU, scanCode=0, metaState=0, flags=0x28, repeatCount=0, eventTime=2007656, downTime=2007656, deviceId=-1, source=0x101 }
04-08 10:17:01.769 17070 17070 W ViewRootImpl: Cancelling event due to no window focus: KeyEvent { action=ACTION_UP, keyCode=KEYCODE_MENU, scanCode=0, metaState=0, flags=0x28, repeatCount=0, eventTime=2007656, downTime=2007656, deviceId=-1, source=0x101 }
04-08 10:17:01.779 17070 17070 W ViewRootImpl: Cancelling event due to no window focus: KeyEvent { action=ACTION_UP, keyCode=KEYCODE_MENU, scanCode=0, metaState=0, flags=0x28, repeatCount=0, eventTime=2007656, downTime=2007656, deviceId=-1, source=0x101 }
04-08 10:17:01.779 17070 17070 W ViewRootImpl: Cancelling event due to no window focus: KeyEvent { action=ACTION_UP, keyCode=KEYCODE_MENU, scanCode=0, metaState=0, flags=0x28, repeatCount=0, eventTime=2007656, downTime=2007656, deviceId=-1, source=0x101 }
04-08 10:17:08.789   722  5637 I ActivityManager: START u0 {cmp=com.youku.phone/com.youku.hotspot.activity.ImmersiveFeedActivity (has extras)} from uid 10054 on display 0
04-08 10:17:08.807   722  5637 V WindowManager: addAppToken: AppWindowToken{2107447c token=Token{35cf7f6f ActivityRecord{3a86d24e u0 com.youku.phone/com.youku.hotspot.activity.ImmersiveFeedActivity t2}}} to stack=1 task=2 at 1
04-08 10:17:09.184   722   821 W InputManager: Input event injection from pid 2341 failed.
04-08 10:17:09.202   722   738 W InputManager: Input event injection from pid 2341 failed.
04-08 10:17:09.212   722  3154 W InputManager: Input event injection from pid 2341 failed.
04-08 10:17:09.273   722  1241 W InputManager: Input event injection from pid 2341 failed.
04-08 10:17:09.281   722  1253 W InputManager: Input event injection from pid 2341 failed.
04-08 10:17:09.344   722  1242 W InputManager: Input event injection from pid 2341 failed.
04-08 10:17:09.348   722  5104 W InputManager: Input event injection from pid 2341 failed.
04-08 10:17:09.416   722  3154 W InputManager: Input event injection from pid 2341 failed.
04-08 10:17:09.451   722  1253 W InputManager: Input event injection from pid 2341 failed.
04-08 10:17:09.467   722   739 W InputManager: Input event injection from pid 2341 failed.
04-08 10:17:09.622   722  1242 W InputManager: Input event injection from pid 2341 failed.
04-08 10:17:10.659   722   738 W InputManager: Input event injection from pid 2341 failed.
04-08 10:17:10.665   722  1253 W InputManager: Input event injection from pid 2341 failed.
04-08 10:17:10.682   722  5637 W InputManager: Input event injection from pid 2341 failed.
04-08 10:17:10.690   722  1241 W InputManager: Input event injection from pid 2341 failed.
04-08 10:17:10.710   722   821 W InputManager: Input event injection from pid 2341 failed.
04-08 10:17:10.785   722  1255 W InputManager: Input event injection from pid 2341 failed.
04-08 10:17:10.796   722  3154 W InputManager: Input event injection from pid 2341 failed.
04-08 10:17:10.873   722  2571 W InputManager: Input event injection from pid 2341 failed.
04-08 10:17:11.151   722   821 V WindowManager: Adding window Window{d81c55a u0 com.youku.phone/com.youku.hotspot.activity.ImmersiveFeedActivity} at 4 of 9 (after Window{2e320792 u0 com.youku.phone/com.youku.ui.activity.HomePageActivity})
04-08 10:17:12.802 17070 17070 W ViewRootImpl: Dropping event due to no window focus: MotionEvent { action=ACTION_MOVE, id[0]=0, x[0]=-1.0, y[0]=-5.0, toolType[0]=TOOL_TYPE_UNKNOWN, buttonState=0, metaState=0, flags=0x0, edgeFlags=0x0, pointerCount=1, historySize=9, eventTime=2021673, downTime=-1, deviceId=0, source=0x10004 }
04-08 10:17:12.914 17070 17070 W ViewRootImpl: Dropping event due to no window focus: MotionEvent { action=ACTION_DOWN, id[0]=0, x[0]=0.0, y[0]=0.0, toolType[0]=TOOL_TYPE_UNKNOWN, buttonState=0, metaState=0, flags=0x80000000, edgeFlags=0x0, pointerCount=1, historySize=0, eventTime=2021687, downTime=2021622, deviceId=0, source=0x10004 }
04-08 10:17:12.916 17070 17070 W ViewRootImpl: Cancelling event due to no window focus: MotionEvent { action=ACTION_CANCEL, id[0]=0, x[0]=0.0, y[0]=0.0, toolType[0]=TOOL_TYPE_UNKNOWN, buttonState=0, metaState=0, flags=0x0, edgeFlags=0x0, pointerCount=1, historySize=0, eventTime=2021688, downTime=2021622, deviceId=0, source=0x10004 }
04-08 10:17:12.916 17070 17070 W ViewRootImpl: Cancelling event due to no window focus: MotionEvent { action=ACTION_CANCEL, id[0]=0, x[0]=0.0, y[0]=0.0, toolType[0]=TOOL_TYPE_UNKNOWN, buttonState=0, metaState=0, flags=0x0, edgeFlags=0x0, pointerCount=1, historySize=0, eventTime=2021688, downTime=2021622, deviceId=0, source=0x10004 }
04-08 10:17:12.918 17070 17070 W ViewRootImpl: Cancelling event due to no window focus: MotionEvent { action=ACTION_CANCEL, id[0]=0, x[0]=0.0, y[0]=0.0, toolType[0]=TOOL_TYPE_UNKNOWN, buttonState=0, metaState=0, flags=0x0, edgeFlags=0x0, pointerCount=1, historySize=0, eventTime=2021688, downTime=2021622, deviceId=0, source=0x10004 }
04-08 10:17:12.918 17070 17070 W ViewRootImpl: Cancelling event due to no window focus: MotionEvent { action=ACTION_CANCEL, id[0]=0, x[0]=0.0, y[0]=0.0, toolType[0]=TOOL_TYPE_UNKNOWN, buttonState=0, metaState=0, flags=0x0, edgeFlags=0x0, pointerCount=1, historySize=0, eventTime=2021688, downTime=2021622, deviceId=0, source=0x10004 }
04-08 10:17:12.919 17070 17070 W ViewRootImpl: Cancelling event due to no window focus: MotionEvent { action=ACTION_CANCEL, id[0]=0, x[0]=0.0, y[0]=0.0, toolType[0]=TOOL_TYPE_UNKNOWN, buttonState=0, metaState=0, flags=0x0, edgeFlags=0x0, pointerCount=1, historySize=0, eventTime=2021688, downTime=2021622, deviceId=0, source=0x10004 }
04-08 10:17:12.920 17070 17070 W ViewRootImpl: Cancelling event due to no window focus: MotionEvent { action=ACTION_CANCEL, id[0]=0, x[0]=0.0, y[0]=0.0, toolType[0]=TOOL_TYPE_UNKNOWN, buttonState=0, metaState=0, flags=0x0, edgeFlags=0x0, pointerCount=1, historySize=0, eventTime=2021688, downTime=2021622, deviceId=0, source=0x10004 }
04-08 10:17:12.933 17070 17070 W ViewRootImpl: Cancelling event due to no window focus: MotionEvent { action=ACTION_CANCEL, id[0]=0, x[0]=0.0, y[0]=0.0, toolType[0]=TOOL_TYPE_UNKNOWN, buttonState=0, metaState=0, flags=0x80000000, edgeFlags=0x0, pointerCount=1, historySize=0, eventTime=2021688, downTime=2021622, deviceId=0, source=0x10004 }
04-08 10:17:15.999   722  5104 V WindowManager: Adding window Window{c06390a u0 SurfaceView} at 4 of 10 (before Window{d81c55a u0 com.youku.phone/com.youku.hotspot.activity.ImmersiveFeedActivity})
04-08 10:17:20.389   722  2571 D ZenLog  : set_ringer_mode_internal: AudioService.checkForRingerModeChange,i:vibrate->normal,e:vibrate->normal
04-08 10:17:27.634   722  1242 V WindowManager: Adding window Window{387afe57 u0 AtchDlg:com.youku.phone/com.youku.hotspot.activity.ImmersiveFeedActivity} at 6 of 11 (after Window{d81c55a u0 com.youku.phone/com.youku.hotspot.activity.ImmersiveFeedActivity})
04-08 10:17:28.449   722  3154 W InputMethodManagerService: Window already focused, ignoring focus gain of: com.android.internal.view.IInputMethodClient$Stub$Proxy@2c38a9b0 attribute=null, token = android.os.BinderProxy@3ade2105
04-08 10:17:46.857   722   787 W ProcessCpuTracker: Skipping unknown process pid 7490
04-08 10:17:46.867   722   787 W ProcessCpuTracker: Skipping unknown process pid 7492
04-08 10:17:50.680   722   808 I WindowManager: Input event dispatching timed out sending to com.youku.phone/com.youku.hotspot.activity.ImmersiveFeedActivity.  Reason: Waiting to send key event because the focused window has not finished processing all of the input events that were previously delivered to it.  Outbound queue length: 0.  Wait queue length: 10.
04-08 10:17:50.902   722   787 I ActivityManager: Skipping duplicate ANR: ProcessRecord{277c0871 17070:com.youku.phone/u0a54} Input dispatching timed out (Waiting to send key event because the focused window has not finished processing all of the input events that were previously delivered to it.  Outbound queue length: 0.  Wait queue length: 10.)
04-08 10:17:50.913   722  1242 W InputManager: Input event injection from pid 2341 timed out.
04-08 10:17:52.816   722  2788 W ProcessCpuTracker: Skipping unknown process pid 8977
04-08 10:17:52.817   722  2788 W ProcessCpuTracker: Skipping unknown process pid 8978
04-08 10:18:03.488   722   808 I WindowManager: Input event dispatching timed out sending to com.youku.phone/com.youku.hotspot.activity.ImmersiveFeedActivity.  Reason: Waiting to send key event because the focused window has not finished processing all of the input events that were previously delivered to it.  Outbound queue length: 0.  Wait queue length: 1.
04-08 10:18:03.752   722   787 I ActivityManager: Skipping duplicate ANR: ProcessRecord{277c0871 17070:com.youku.phone/u0a54} Input dispatching timed out (Waiting to send key event because the focused window has not finished processing all of the input events that were previously delivered to it.  Outbound queue length: 0.  Wait queue length: 1.)
04-08 10:18:03.760   722  1220 W InputManager: Input event injection from pid 2341 timed out.
04-08 10:18:16.778   722   808 I WindowManager: Input event dispatching timed out sending to com.youku.phone/com.youku.hotspot.activity.ImmersiveFeedActivity.  Reason: Waiting to send key event because the focused window has not finished processing all of the input events that were previously delivered to it.  Outbound queue length: 0.  Wait queue length: 1.
04-08 10:18:16.975   722   787 I ActivityManager: Skipping duplicate ANR: ProcessRecord{277c0871 17070:com.youku.phone/u0a54} Input dispatching timed out (Waiting to send key event because the focused window has not finished processing all of the input events that were previously delivered to it.  Outbound queue length: 0.  Wait queue length: 1.)
04-08 10:18:16.985   722  1242 W InputManager: Input event injection from pid 2341 timed out.
04-08 10:18:34.454   722   808 I WindowManager: Input event dispatching timed out sending to com.youku.phone/com.youku.hotspot.activity.ImmersiveFeedActivity.  Reason: Waiting to send key event because the focused window has not finished processing all of the input events that were previously delivered to it.  Outbound queue length: 0.  Wait queue length: 1.
04-08 10:18:34.572   722   787 I ActivityManager: Skipping duplicate ANR: ProcessRecord{277c0871 17070:com.youku.phone/u0a54} Input dispatching timed out (Waiting to send key event because the focused window has not finished processing all of the input events that were previously delivered to it.  Outbound queue length: 0.  Wait queue length: 1.)
04-08 10:18:34.584   722  2571 W InputManager: Input event injection from pid 2341 timed out.
04-08 10:18:42.617   722  1253 V WindowManager: Adding window Window{2b8bb255 u0 SurfaceView} at 4 of 11 (before Window{d81c55a u0 com.youku.phone/com.youku.hotspot.activity.ImmersiveFeedActivity})
04-08 10:18:44.687   722  1253 W BackupManagerService: dataChanged but no participant pkg='com.android.providers.settings' uid=10013
04-08 10:18:44.692   722   722 D ZenLog  : set_zen_mode: important_interruptions,setting
04-08 10:18:44.692   722   722 D ZenLog  : update_zen_mode: off -> important_interruptions
04-08 10:18:44.693   722   722 D ZenLog  : set_ringer_mode_internal: ZenModeHelper,i:normal->normal,e:normal->silent
04-08 10:18:47.310   722  5104 D ConditionProviders: Subscribing to condition://android/countdown/1491625124902 with android.service.notification.ConditionProviderService$Provider@2690fd36
04-08 10:18:47.318   722  5104 D ZenLog  : subscribe: condition://android/countdown/1491625124902,ok
04-08 10:18:47.319   722  5104 D ZenLog  : exit_condition: Condition[id=condition://android/countdown/1491625124902,summary=For 2 hours (until 12:18),line1=For 2 hours,line2=Until 12:18,icon=0,state=STATE_TRUE,flags=1],{android/com.android.server.notification.CountdownConditionProvider},binderCall
04-08 10:18:47.354   722  5104 D ZenLog  : config: ZenModeConfig[allowCalls=false,allowMessages=false,allowFrom=anyone,allowEvents=true,sleepMode=null,sleepStart=22.0,sleepEnd=7.0,sleepNone=false,conditionComponents=null,conditionIds=null,exitCondition=Condition[id=condition://android/countdown/1491625124902,summary=For 2 hours (until 12:18),line1=For 2 hours,line2=Until 12:18,icon=0,state=STATE_TRUE,flags=1],exitConditionComponent=ComponentInfo{android/com.android.server.notification.CountdownConditionProvider}]
04-08 10:18:47.360   722   722 D NotificationService: handleSavePolicyFile
04-08 10:18:53.487   722   787 I ActivityManager: Waited long enough for: ServiceRecord{2c3cc36b u0 com.android.music/.MediaPlaybackService}
04-08 10:18:54.860   722  1242 W BackupManagerService: dataChanged but no participant pkg='com.android.providers.settings' uid=10013
04-08 10:18:54.864   722   722 D ZenLog  : set_zen_mode: off,setting
04-08 10:18:54.864   722   722 D ZenLog  : update_zen_mode: important_interruptions -> off
04-08 10:18:54.865   722   722 D ZenLog  : set_ringer_mode_internal: ZenModeHelper,i:normal->normal,e:silent->normal
04-08 10:18:54.870   722   722 D ZenLog  : unsubscribe: condition://android/countdown/1491625124902,ok
04-08 10:18:54.870   722   722 D ZenLog  : exit_condition: null,null,zenOff
04-08 10:18:54.890   722   722 D ZenLog  : config: ZenModeConfig[allowCalls=false,allowMessages=false,allowFrom=anyone,allowEvents=true,sleepMode=null,sleepStart=22.0,sleepEnd=7.0,sleepNone=false,conditionComponents=null,conditionIds=null,exitCondition=null,exitConditionComponent=null]
04-08 10:18:55.059   722   722 D NotificationService: handleSavePolicyFile
04-08 10:18:57.117   722   821 D ZenLog  : set_ringer_mode_internal: AudioService.onSetStreamVolume,i:normal->vibrate,e:normal->vibrate
04-08 10:19:15.399   722  5105 W ProcessCpuTracker: Skipping unknown process pid 27875
04-08 10:19:20.454   722  1253 V WindowManager: Adding window Window{5d26da4 u0 AtchDlg:com.youku.phone/com.youku.hotspot.activity.ImmersiveFeedActivity} at 6 of 11 (after Window{d81c55a u0 com.youku.phone/com.youku.hotspot.activity.ImmersiveFeedActivity})
04-08 10:19:21.421   722   739 W InputMethodManagerService: Window already focused, ignoring focus gain of: com.android.internal.view.IInputMethodClient$Stub$Proxy@8d8d70d attribute=null, token = android.os.BinderProxy@3ade2105
04-08 10:19:35.620   722  1253 V WindowManager: Adding window Window{16641cd3 u0 AtchDlg:com.youku.phone/com.youku.hotspot.activity.ImmersiveFeedActivity} at 6 of 11 (after Window{d81c55a u0 com.youku.phone/com.youku.hotspot.activity.ImmersiveFeedActivity})
04-08 10:19:38.094 17070 17070 W ViewRootImpl: Dropping event due to no window focus: KeyEvent { action=ACTION_DOWN, keyCode=KEYCODE_DPAD_RIGHT, scanCode=0, metaState=0, flags=0x8, repeatCount=0, eventTime=2166289, downTime=2166289, deviceId=-1, source=0x101 }
04-08 10:19:38.101 17070 17070 W ViewRootImpl: Cancelling event due to no window focus: KeyEvent { action=ACTION_UP, keyCode=KEYCODE_DPAD_RIGHT, scanCode=0, metaState=0, flags=0x28, repeatCount=0, eventTime=2166325, downTime=2166325, deviceId=-1, source=0x101 }
04-08 10:19:38.102 17070 17070 W ViewRootImpl: Cancelling event due to no window focus: KeyEvent { action=ACTION_UP, keyCode=KEYCODE_DPAD_RIGHT, scanCode=0, metaState=0, flags=0x28, repeatCount=0, eventTime=2166325, downTime=2166325, deviceId=-1, source=0x101 }
04-08 10:19:38.102 17070 17070 W ViewRootImpl: Cancelling event due to no window focus: KeyEvent { action=ACTION_UP, keyCode=KEYCODE_DPAD_RIGHT, scanCode=0, metaState=0, flags=0x28, repeatCount=0, eventTime=2166325, downTime=2166325, deviceId=-1, source=0x101 }
04-08 10:19:38.103 17070 17070 W ViewRootImpl: Cancelling event due to no window focus: KeyEvent { action=ACTION_UP, keyCode=KEYCODE_DPAD_RIGHT, scanCode=0, metaState=0, flags=0x28, repeatCount=0, eventTime=2166325, downTime=2166325, deviceId=-1, source=0x101 }
04-08 10:19:38.104 17070 17070 W ViewRootImpl: Cancelling event due to no window focus: KeyEvent { action=ACTION_UP, keyCode=KEYCODE_DPAD_RIGHT, scanCode=0, metaState=0, flags=0x28, repeatCount=0, eventTime=2166325, downTime=2166325, deviceId=-1, source=0x101 }
04-08 10:19:38.104 17070 17070 W ViewRootImpl: Cancelling event due to no window focus: KeyEvent { action=ACTION_UP, keyCode=KEYCODE_DPAD_RIGHT, scanCode=0, metaState=0, flags=0x28, repeatCount=0, eventTime=2166325, downTime=2166325, deviceId=-1, source=0x101 }
