04-08 10:16:07.697   189   189 I auditd  : type=1400 audit(0.0:130): avc: denied { search } for comm="debuggerd" name="com.youku.phone" dev="mmcblk0p28" ino=130350 scontext=u:r:debuggerd:s0 tcontext=u:object_r:app_data_file:s0 tclass=dir
04-08 10:16:07.697   189   189 I auditd  : type=1400 audit(0.0:131): avc: denied { search } for comm="debuggerd" name="com.youku.phone" dev="mmcblk0p28" ino=130350 scontext=u:r:debuggerd:s0 tcontext=u:object_r:app_data_file:s0 tclass=dir
04-08 10:16:07.697   189   189 I auditd  : type=1400 audit(0.0:132): avc: denied { search } for comm="debuggerd" name="com.youku.phone" dev="mmcblk0p28" ino=130350 scontext=u:r:debuggerd:s0 tcontext=u:object_r:app_data_file:s0 tclass=dir
04-08 10:16:07.697   189   189 I auditd  : type=1400 audit(0.0:133): avc: denied { search } for comm="debuggerd" name="com.youku.phone" dev="mmcblk0p28" ino=130350 scontext=u:r:debuggerd:s0 tcontext=u:object_r:app_data_file:s0 tclass=dir
04-08 10:16:07.697   189   189 I auditd  : type=1400 audit(0.0:134): avc: denied { search } for comm="debuggerd" name="com.youku.phone" dev="mmcblk0p28" ino=130350 scontext=u:r:debuggerd:s0 tcontext=u:object_r:app_data_file:s0 tclass=dir
04-08 10:16:07.697   189   189 I auditd  : type=1400 audit(0.0:135): avc: denied { search } for comm="debuggerd" name="com.youku.phone" dev="mmcblk0p28" ino=130350 scontext=u:r:debuggerd:s0 tcontext=u:object_r:app_data_file:s0 tclass=dir
04-08 10:16:07.697   189   189 I auditd  : type=1400 audit(0.0:136): avc: denied { search } for comm="debuggerd" name="com.youku.phone" dev="mmcblk0p28" ino=130350 scontext=u:r:debuggerd:s0 tcontext=u:object_r:app_data_file:s0 tclass=dir
04-08 10:16:07.697   189   189 I auditd  : type=1400 audit(0.0:137): avc: denied { search } for comm="debuggerd" name="com.youku.phone" dev="mmcblk0p28" ino=130350 scontext=u:r:debuggerd:s0 tcontext=u:object_r:app_data_file:s0 tclass=dir
04-08 10:16:07.697   189   189 I auditd  : type=1400 audit(0.0:138): avc: denied { search } for comm="debuggerd" name="com.youku.phone" dev="mmcblk0p28" ino=130350 scontext=u:r:debuggerd:s0 tcontext=u:object_r:app_data_file:s0 tclass=dir
04-08 10:16:07.707   189   189 I auditd  : type=1400 audit(0.0:139): avc: denied { search } for comm="debuggerd" name="com.youku.phone" dev="mmcblk0p28" ino=130350 scontext=u:r:debuggerd:s0 tcontext=u:object_r:app_data_file:s0 tclass=dir
04-08 10:16:07.707   189   189 I auditd  : type=1400 audit(0.0:140): avc: denied { search } for comm="debuggerd" name="com.youku.phone" dev="mmcblk0p28" ino=130350 scontext=u:r:debuggerd:s0 tcontext=u:object_r:app_data_file:s0 tclass=dir
04-08 10:16:07.707   189   189 I auditd  : type=1400 audit(0.0:141): avc: denied { search } for comm="debuggerd" name="com.youku.phone" dev="mmcblk0p28" ino=130350 scontext=u:r:debuggerd:s0 tcontext=u:object_r:app_data_file:s0 tclass=dir
04-08 10:16:07.707   189   189 I auditd  : type=1400 audit(0.0:142): avc: denied { search } for comm="debuggerd" name="com.youku.phone" dev="mmcblk0p28" ino=130350 scontext=u:r:debuggerd:s0 tcontext=u:object_r:app_data_file:s0 tclass=dir
04-08 10:16:07.717   189   189 I auditd  : type=1400 audit(0.0:143): avc: denied { search } for comm="debuggerd" name="com.youku.phone" dev="mmcblk0p28" ino=130350 scontext=u:r:debuggerd:s0 tcontext=u:object_r:app_data_file:s0 tclass=dir
04-08 10:16:07.727   189   189 I auditd  : type=1400 audit(0.0:144): avc: denied { search } for comm="debuggerd" name="com.youku.phone" dev="mmcblk0p28" ino=130350 scontext=u:r:debuggerd:s0 tcontext=u:object_r:app_data_file:s0 tclass=dir
04-08 10:16:07.727   189   189 I auditd  : type=1400 audit(0.0:145): avc: denied { search } for comm="debuggerd" name="com.youku.phone" dev="mmcblk0p28" ino=130350 scontext=u:r:debuggerd:s0 tcontext=u:object_r:app_data_file:s0 tclass=dir
04-08 10:16:07.727   189   189 I auditd  : type=1400 audit(0.0:146): avc: denied { search } for comm="debuggerd" name="com.youku.phone" dev="mmcblk0p28" ino=130350 scontext=u:r:debuggerd:s0 tcontext=u:object_r:app_data_file:s0 tclass=dir
04-08 10:16:07.737   189   189 I auditd  : type=1400 audit(0.0:147): avc: denied { search } for comm="debuggerd" name="com.youku.phone" dev="mmcblk0p28" ino=130350 scontext=u:r:debuggerd:s0 tcontext=u:object_r:app_data_file:s0 tclass=dir
04-08 10:16:07.737   189   189 I auditd  : type=1400 audit(0.0:148): avc: denied { search } for comm="debuggerd" name="com.youku.phone" dev="mmcblk0p28" ino=130350 scontext=u:r:debuggerd:s0 tcontext=u:object_r:app_data_file:s0 tclass=dir
04-08 10:16:07.737   189   189 I auditd  : type=1400 audit(0.0:149): avc: denied { search } for comm="debuggerd" name="com.youku.phone" dev="mmcblk0p28" ino=130350 scontext=u:r:debuggerd:s0 tcontext=u:object_r:app_data_file:s0 tclass=dir
04-08 10:16:12.147   189   189 I auditd  : type=1400 audit(0.0:189): avc: denied { read } for comm="debuggerd" name="kgsl-3d0" dev="tmpfs" ino=6195 scontext=u:r:debuggerd:s0 tcontext=u:object_r:gpu_device:s0 tclass=chr_file
04-08 10:16:12.147   189   189 I auditd  : type=1400 audit(0.0:190): avc: denied { read } for comm="debuggerd" name="kgsl-3d0" dev="tmpfs" ino=6195 scontext=u:r:debuggerd:s0 tcontext=u:object_r:gpu_device:s0 tclass=chr_file
04-08 10:16:12.464   179   179 I sf_frame_dur: [SurfaceView,891,1228,206,74,10,5,1]
04-08 10:16:12.481   179   179 I sf_frame_dur: [com.youku.phone/com.youku.hotspot.activity.ImmersiveFeedActivity,9862,849,84,28,22,13,27]
04-08 10:16:12.593   722   739 I am_proc_died: [0,2362,com.youku.phone]
04-08 10:16:12.601   722   739 I am_schedule_service_restart: [0,com.youku.phone/anetwork.channel.aidl.NetworkService,1000]
04-08 10:16:12.601   722   739 I am_schedule_service_restart: [0,com.youku.phone/com.taobao.android.tlog.AccsTLogService,11000]
04-08 10:16:12.601   722   739 I am_schedule_service_restart: [0,com.youku.phone/com.taobao.accs.data.MsgDistributeService,10999]
04-08 10:16:12.605   722   739 I am_finish_activity: [0,974266075,2,com.youku.phone/com.youku.hotspot.activity.ImmersiveFeedActivity,proc died without state saved]
04-08 10:16:12.697   722   739 I am_proc_start: [0,17070,10054,com.youku.phone,activity,com.youku.phone/com.youku.ui.activity.HomePageActivity]
04-08 10:16:12.791   722   821 I am_proc_bound: [0,17070,com.youku.phone]
04-08 10:16:12.806   722   821 I am_restart_activity: [0,128656909,2,com.youku.phone/com.youku.ui.activity.HomePageActivity]
04-08 10:16:16.722 17070 17070 I am_on_resume_called: [0,com.youku.ui.activity.HomePageActivity]
04-08 10:16:23.067   722   787 I am_anr  : [0,17070,com.youku.phone,9977412,Input dispatching timed out (Waiting to send key event because the focused window has not finished processing all of the input events that were previously delivered to it.  Outbound queue length: 0.  Wait queue length: 1.)]
04-08 10:16:37.040   722  1220 I am_kill : [0,3055,com.android.gallery3d,15,empty for 1814s]
04-08 10:16:37.877 17243 17243 I auditd  : type=1400 audit(0.0:191): avc: denied { read } for comm="OnLineMonitor" name="mem" dev="debugfs" ino=683138 scontext=u:r:untrusted_app:s0 tcontext=u:object_r:debugfs:s0 tclass=file
04-08 10:16:37.877 17243 17243 I auditd  : type=1400 audit(0.0:192): avc: denied { read } for comm="OnLineMonitor" name="mem" dev="debugfs" ino=683138 scontext=u:r:untrusted_app:s0 tcontext=u:object_r:debugfs:s0 tclass=file
04-08 10:16:40.950   722   821 I am_proc_died: [0,3055,com.android.gallery3d]
04-08 10:16:40.957   722   821 I am_kill : [0,8471,com.android.browser,15,empty for 1803s]
04-08 10:16:41.796   722  1255 I am_proc_died: [0,8471,com.android.browser]
04-08 10:16:43.043 17070 17070 I am_on_resume_called: [0,com.youku.hotspot.activity.HotSpotActivity]
04-08 10:16:43.182   722  1253 I am_kill : [0,1877,com.android.exchange,13,empty for 1800s]
04-08 10:16:43.397   722  1253 I am_kill : [0,1851,com.android.email,15,empty for 1800s]
04-08 10:16:43.606   722  1253 I am_kill : [0,1548,com.android.calendar,15,empty for 1801s]
04-08 10:16:43.823   722  5636 I am_kill : [0,1592,com.android.providers.calendar,13,empty for 1800s]
04-08 10:16:44.366   722   792 I am_activity_launch_time: [0,128656909,com.youku.phone/com.youku.ui.activity.HomePageActivity,31751,31751]
04-08 10:16:45.364   722   819 I am_proc_died: [0,1592,com.android.providers.calendar]
04-08 10:16:49.216   722  1241 I am_proc_died: [0,1851,com.android.email]
04-08 10:16:49.234   722  1220 I am_proc_died: [0,1548,com.android.calendar]
04-08 10:16:49.238   722   821 I am_proc_died: [0,1877,com.android.exchange]
04-08 10:16:50.965   722   722 I free_storage_changed: 11385004032
04-08 10:17:05.147 17243 17243 I auditd  : type=1400 audit(0.0:193): avc: denied { read } for comm="OnLineMonitor" name="mem" dev="debugfs" ino=683138 scontext=u:r:untrusted_app:s0 tcontext=u:object_r:debugfs:s0 tclass=file
04-08 10:17:05.157 17243 17243 I auditd  : type=1400 audit(0.0:194): avc: denied { read } for comm="OnLineMonitor" name="mem" dev="debugfs" ino=683138 scontext=u:r:untrusted_app:s0 tcontext=u:object_r:debugfs:s0 tclass=file
04-08 10:17:08.791   722  5637 I am_home_stack_moved: [0,0,1,1,sourceStackToFront]
04-08 10:17:08.791   722  5637 I wm_task_moved: [2,1,0]
04-08 10:17:08.800   722  5637 I am_create_activity: [0,981914190,2,com.youku.phone/com.youku.hotspot.activity.ImmersiveFeedActivity,NULL,NULL,NULL,0]
04-08 10:17:08.807   722  5637 I am_pause_activity: [0,128656909,com.youku.phone/com.youku.ui.activity.HomePageActivity]
04-08 10:17:08.812   722  5637 I am_home_stack_moved: [0,0,1,1,startedActivity setFocusedActivity]
04-08 10:17:08.819   722  5637 I am_focused_activity: [0,com.youku.phone/com.youku.hotspot.activity.ImmersiveFeedActivity]
04-08 10:17:09.143 17070 17070 I am_on_paused_called: [0,com.youku.hotspot.activity.HotSpotActivity]
04-08 10:17:09.161 17070 17070 I am_on_paused_called: [0,com.youku.ui.activity.HomePageActivity]
04-08 10:17:09.168   722  5104 I am_restart_activity: [0,981914190,2,com.youku.phone/com.youku.hotspot.activity.ImmersiveFeedActivity]
04-08 10:17:11.118 17070 17070 I am_on_resume_called: [0,com.youku.hotspot.activity.ImmersiveFeedActivity]
04-08 10:17:12.827 17243 17243 I auditd  : type=1400 audit(0.0:195): avc: denied { read } for comm="OnLineMonitor" name="mem" dev="debugfs" ino=683138 scontext=u:r:untrusted_app:s0 tcontext=u:object_r:debugfs:s0 tclass=file
04-08 10:17:12.837 17243 17243 I auditd  : type=1400 audit(0.0:196): avc: denied { read } for comm="OnLineMonitor" name="mem" dev="debugfs" ino=683138 scontext=u:r:untrusted_app:s0 tcontext=u:object_r:debugfs:s0 tclass=file
04-08 10:17:13.101   722   792 I am_activity_launch_time: [0,981914190,com.youku.phone/com.youku.hotspot.activity.ImmersiveFeedActivity,3937,3937]
04-08 10:17:16.515   179   179 I sf_frame_dur: [SurfaceView,1804,58,11,6,4,2,4]
04-08 10:17:16.529   179   179 I sf_frame_dur: [com.youku.phone/com.youku.ui.activity.HomePageActivity,56,4,1,0,1,1,2]
04-08 10:17:20.137 17243 17243 I auditd  : type=1400 audit(0.0:197): avc: denied { read } for comm="OnLineMonitor" name="mem" dev="debugfs" ino=683138 scontext=u:r:untrusted_app:s0 tcontext=u:object_r:debugfs:s0 tclass=file
04-08 10:17:20.177 17243 17243 I auditd  : type=1400 audit(0.0:198): avc: denied { read } for comm="OnLineMonitor" name="mem" dev="debugfs" ino=683138 scontext=u:r:untrusted_app:s0 tcontext=u:object_r:debugfs:s0 tclass=file
04-08 10:17:21.767 17070 17070 I menu_opened: 0
04-08 10:17:25.942   179   179 I sf_frame_dur: [VolumePanel,0,2,1,3,1,0,2]
04-08 10:17:27.370   722   828 I netstats_mobile_sample: [0,0,0,0,0,0,0,0,0,0,0,0,1491617847374]
04-08 10:17:27.371   722   828 I netstats_wifi_sample: [104929439,74358,1745491,26955,104924574,74361,1810515,26958,104924574,74361,1808505,26948,1491617847374]
04-08 10:17:27.611 17070 17070 I menu_opened: 0
04-08 10:17:30.147 17243 17243 I auditd  : type=1400 audit(0.0:199): avc: denied { read } for comm="OnLineMonitor" name="mem" dev="debugfs" ino=683138 scontext=u:r:untrusted_app:s0 tcontext=u:object_r:debugfs:s0 tclass=file
04-08 10:17:30.147 17243 17243 I auditd  : type=1400 audit(0.0:200): avc: denied { read } for comm="OnLineMonitor" name="mem" dev="debugfs" ino=683138 scontext=u:r:untrusted_app:s0 tcontext=u:object_r:debugfs:s0 tclass=file
04-08 10:17:35.907 17243 17243 I auditd  : type=1400 audit(0.0:201): avc: denied { read } for comm="OnLineMonitor" name="mem" dev="debugfs" ino=683138 scontext=u:r:untrusted_app:s0 tcontext=u:object_r:debugfs:s0 tclass=file
04-08 10:17:35.927 17243 17243 I auditd  : type=1400 audit(0.0:202): avc: denied { read } for comm="OnLineMonitor" name="mem" dev="debugfs" ino=683138 scontext=u:r:untrusted_app:s0 tcontext=u:object_r:debugfs:s0 tclass=file
04-08 10:17:50.970   722   722 I free_storage_changed: 11375353856
04-08 10:18:04.039   722   828 I netstats_mobile_sample: [0,0,0,0,0,0,0,0,0,0,0,0,1491617884035]
04-08 10:18:04.046   722   828 I netstats_wifi_sample: [107681284,76478,1794930,27703,107676208,76481,1856792,27706,107676208,76481,1854782,27696,1491617884035]
04-08 10:18:21.886   722   828 I netstats_mobile_sample: [0,0,0,0,0,0,0,0,0,0,0,0,1491617901890]
04-08 10:18:21.953   722   828 I netstats_wifi_sample: [110259991,78334,1859064,28680,110254758,78337,1916428,28683,110254758,78337,1914418,28673,1491617901890]
04-08 10:18:28.154   179   179 I sf_frame_dur: [VolumePanel,0,0,0,0,1,0,0]
04-08 10:18:32.718   179   179 I sf_frame_dur: [SurfaceView,344,393,129,59,17,7,5]
04-08 10:19:02.698   179   179 I sf_frame_dur: [VolumePanel,43,10,4,2,4,4,4]
04-08 10:19:20.441 17070 17070 I menu_opened: 0
04-08 10:19:33.872   722   738 I battery_level: [92,4172,422]
04-08 10:19:33.906   722   722 I notification_cancel: [10013,871,com.android.systemui,100,low_battery,-1,0,64,8,NULL]
04-08 10:19:35.611 17070 17070 I menu_opened: 0
04-08 10:20:01.614   722   739 I am_home_stack_moved: [0,0,1,1,intentActivityFound]
04-08 10:20:01.615   722   739 I wm_task_moved: [2,1,0]
04-08 10:20:24.202   722   828 I netstats_mobile_sample: [0,0,0,0,0,0,0,0,0,0,0,0,1491618024206]
04-08 10:20:24.238   722   828 I netstats_wifi_sample: [112763449,80666,1964878,30339,112756424,80669,2014346,30342,112756424,80669,2012336,30332,1491618024206]
04-08 10:20:42.264   722   828 I netstats_mobile_sample: [0,0,0,0,0,0,0,0,0,0,0,0,1491618042268]
04-08 10:20:42.265   722   828 I netstats_wifi_sample: [115183831,82313,1994253,30929,115176764,82316,2048641,30932,115176764,82316,2046579,30921,1491618042268]
04-08 10:20:53.501 17070 17070 I menu_opened: 0
04-08 10:21:01.015   871   871 I sysui_panelholder_touch: [0,612,59]
04-08 10:21:01.169   722  1253 I notification_panel_revealed: []
04-08 10:21:01.247   722   739 I notification_visibility_changed: [-1|android|17040644|null|1000;-1|android|17040636|null|1000,]
04-08 10:21:05.720   722  5105 I notification_visibility_changed: [,-1|android|17040644|null|1000;-1|android|17040636|null|1000]
04-08 10:21:05.722   722   821 I notification_panel_hidden: []
04-08 10:21:23.663   722  5105 I am_home_stack_moved: [0,0,1,1,intentActivityFound]
04-08 10:21:23.663   722  5105 I wm_task_moved: [2,1,0]
04-08 10:21:38.970   179   179 I sf_frame_dur: [SurfaceView,1107,321,245,220,27,2,0]
04-08 10:21:53.010   722  5105 I am_home_stack_moved: [0,0,1,1,intentActivityFound]
04-08 10:21:53.010   722  5105 I wm_task_moved: [2,1,0]
04-08 10:22:07.055 17070 17070 I menu_opened: 0
04-08 10:22:22.055 17070 17070 I menu_opened: 0
04-08 10:22:29.706   179   179 I sf_frame_dur: [SurfaceView,227,393,59,24,10,3,3]
04-08 10:22:39.519   179   179 I sf_frame_dur: [VolumePanel,0,0,2,0,0,0,0]
04-08 10:22:52.618   179   179 I sf_frame_dur: [SurfaceView,56,29,69,20,6,1,1]
04-08 10:22:56.898   722   828 I netstats_mobile_sample: [0,0,0,0,0,0,0,0,0,0,0,0,1491618176902]
04-08 10:22:56.927   722   828 I netstats_wifi_sample: [117439422,84054,2050941,31697,117432011,84056,2107611,31699,117345011,83998,2102585,31631,1491618176902]
04-08 10:23:10.530   722   828 I netstats_mobile_sample: [0,0,0,0,0,0,0,0,0,0,0,0,1491618190524]
04-08 10:23:10.531   722   828 I netstats_wifi_sample: [120583520,86190,2086257,32418,120576052,86192,2146497,32420,120576052,86192,2144487,32410,1491618190524]
04-08 10:23:16.538   179   179 I sf_frame_dur: [SurfaceView,34,27,25,5,0,0,0]
04-08 10:23:17.041   179   179 I sf_frame_dur: [VolumePanel,0,0,0,0,0,1,0]
04-08 10:23:18.902   722   821 I am_home_stack_moved: [0,0,1,1,intentActivityFound]
04-08 10:23:18.902   722   821 I wm_task_moved: [2,1,0]
04-08 10:23:20.711   722   821 I am_finish_activity: [0,981914190,2,com.youku.phone/com.youku.hotspot.activity.ImmersiveFeedActivity,app-request]
04-08 10:23:20.712   722   821 I am_home_stack_moved: [0,0,1,1,finishActivity adjustTopFocus setFocusedActivity]
04-08 10:23:20.712   722   821 I am_focused_activity: [0,com.youku.phone/com.youku.ui.activity.HomePageActivity]
04-08 10:23:20.712   722   821 I am_pause_activity: [0,981914190,com.youku.phone/com.youku.hotspot.activity.ImmersiveFeedActivity]
04-08 10:23:21.011 17070 17070 I am_on_paused_called: [0,com.youku.hotspot.activity.ImmersiveFeedActivity]
04-08 10:23:21.016   722  5104 I am_resume_activity: [0,128656909,2,com.youku.phone/com.youku.ui.activity.HomePageActivity]
04-08 10:23:21.471 17070 17070 I am_on_resume_called: [0,com.youku.hotspot.activity.HotSpotActivity]
04-08 10:23:21.501 17070 17070 I am_on_resume_called: [0,com.youku.ui.activity.HomePageActivity]
04-08 10:23:22.927 17243 17243 I auditd  : type=1400 audit(0.0:203): avc: denied { read } for comm="OnLineMonitor" name="mem" dev="debugfs" ino=683138 scontext=u:r:untrusted_app:s0 tcontext=u:object_r:debugfs:s0 tclass=file
04-08 10:23:22.947 17243 17243 I auditd  : type=1400 audit(0.0:204): avc: denied { read } for comm="OnLineMonitor" name="mem" dev="debugfs" ino=683138 scontext=u:r:untrusted_app:s0 tcontext=u:object_r:debugfs:s0 tclass=file
04-08 10:23:29.902   179   179 I sf_frame_dur: [com.youku.phone/com.youku.hotspot.activity.ImmersiveFeedActivity,2024,975,248,85,54,96,74]
04-08 10:23:30.952   722   738 I am_home_stack_moved: [0,0,1,1,sourceStackToFront]
04-08 10:23:30.952   722   738 I wm_task_moved: [2,1,0]
04-08 10:23:30.959   722   738 I am_create_activity: [0,134778685,2,com.youku.phone/com.youku.hotspot.activity.ImmersiveFeedActivity,NULL,NULL,NULL,0]
04-08 10:23:30.968   722   738 I am_pause_activity: [0,128656909,com.youku.phone/com.youku.ui.activity.HomePageActivity]
04-08 10:23:30.971   722   738 I am_home_stack_moved: [0,0,1,1,startedActivity setFocusedActivity]
04-08 10:23:30.982   722   738 I am_focused_activity: [0,com.youku.phone/com.youku.hotspot.activity.ImmersiveFeedActivity]
04-08 10:23:31.016   722   787 I am_destroy_activity: [0,981914190,2,com.youku.phone/com.youku.hotspot.activity.ImmersiveFeedActivity,finish-imm]
04-08 10:23:31.191 17070 17070 I am_on_paused_called: [0,com.youku.hotspot.activity.HotSpotActivity]
04-08 10:23:31.205 17070 17070 I am_on_paused_called: [0,com.youku.ui.activity.HomePageActivity]
04-08 10:23:31.212   722   739 I am_restart_activity: [0,134778685,2,com.youku.phone/com.youku.hotspot.activity.ImmersiveFeedActivity]
04-08 10:23:32.146 17070 17070 I am_on_resume_called: [0,com.youku.hotspot.activity.ImmersiveFeedActivity]
04-08 10:23:34.207 17243 17243 I auditd  : type=1400 audit(0.0:205): avc: denied { read } for comm="OnLineMonitor" name="mem" dev="debugfs" ino=683138 scontext=u:r:untrusted_app:s0 tcontext=u:object_r:debugfs:s0 tclass=file
04-08 10:23:34.227 17243 17243 I auditd  : type=1400 audit(0.0:206): avc: denied { read } for comm="OnLineMonitor" name="mem" dev="debugfs" ino=683138 scontext=u:r:untrusted_app:s0 tcontext=u:object_r:debugfs:s0 tclass=file
04-08 10:23:35.046   722   792 I am_activity_launch_time: [0,134778685,com.youku.phone/com.youku.hotspot.activity.ImmersiveFeedActivity,3837,3837]
04-08 10:23:35.279   179   179 I sf_frame_dur: [SurfaceView,736,8,0,0,1,0,0]
04-08 10:23:35.312   179   179 I sf_frame_dur: [com.youku.phone/com.youku.ui.activity.HomePageActivity,0,0,0,0,1,0,1]
04-08 10:23:36.316 17070 17070 I menu_opened: 0
04-08 10:23:39.801   722   828 I netstats_mobile_sample: [0,0,0,0,0,0,0,0,0,0,0,0,1491618219805]
04-08 10:23:39.833   722   828 I netstats_wifi_sample: [123445147,88190,2107618,32783,123437569,88192,2170104,32785,123437569,88192,2168094,32775,1491618219805]
04-08 10:23:42.251   722   828 I netstats_mobile_sample: [0,0,0,0,0,0,0,0,0,0,0,0,1491618222255]
04-08 10:23:42.281   722   828 I netstats_wifi_sample: [126128161,89995,2139964,33737,126120577,89997,2208768,33739,126120577,89997,2206758,33729,1491618222255]
04-08 10:23:44.497 17243 17243 I auditd  : type=1400 audit(0.0:207): avc: denied { read } for comm="OnLineMonitor" name="mem" dev="debugfs" ino=683138 scontext=u:r:untrusted_app:s0 tcontext=u:object_r:debugfs:s0 tclass=file
04-08 10:23:44.507 17243 17243 I auditd  : type=1400 audit(0.0:208): avc: denied { read } for comm="OnLineMonitor" name="mem" dev="debugfs" ino=683138 scontext=u:r:untrusted_app:s0 tcontext=u:object_r:debugfs:s0 tclass=file
04-08 10:23:47.267 17070 17070 I menu_opened: 0
04-08 10:23:50.507 17243 17243 I auditd  : type=1400 audit(0.0:209): avc: denied { read } for comm="OnLineMonitor" name="mem" dev="debugfs" ino=683138 scontext=u:r:untrusted_app:s0 tcontext=u:object_r:debugfs:s0 tclass=file
04-08 10:23:50.547 17243 17243 I auditd  : type=1400 audit(0.0:210): avc: denied { read } for comm="OnLineMonitor" name="mem" dev="debugfs" ino=683138 scontext=u:r:untrusted_app:s0 tcontext=u:object_r:debugfs:s0 tclass=file
04-08 10:23:51.121   722   722 I free_storage_changed: 11371798528
04-08 10:23:56.407 17243 17243 I auditd  : type=1400 audit(0.0:211): avc: denied { read } for comm="OnLineMonitor" name="mem" dev="debugfs" ino=683138 scontext=u:r:untrusted_app:s0 tcontext=u:object_r:debugfs:s0 tclass=file
04-08 10:23:56.417 17243 17243 I auditd  : type=1400 audit(0.0:212): avc: denied { read } for comm="OnLineMonitor" name="mem" dev="debugfs" ino=683138 scontext=u:r:untrusted_app:s0 tcontext=u:object_r:debugfs:s0 tclass=file
04-08 10:23:57.250 17070 17070 I menu_opened: 0
04-08 10:24:13.304 17070 17070 I menu_opened: 0
04-08 10:24:15.649   871   871 I sysui_panelholder_touch: [0,494,10]
04-08 10:24:15.702   722  1242 I notification_panel_revealed: []
04-08 10:24:15.718   722   738 I notification_visibility_changed: [-1|android|17040644|null|1000;-1|android|17040636|null|1000,]
04-08 10:24:16.418   722  5636 I notification_visibility_changed: [,-1|android|17040644|null|1000;-1|android|17040636|null|1000]
04-08 10:24:16.420   722  1220 I notification_panel_hidden: []
04-08 10:24:22.384   722  1253 I am_home_stack_moved: [0,0,1,1,intentActivityFound]
04-08 10:24:22.384   722  1253 I wm_task_moved: [2,1,0]
04-08 10:24:29.096   722   828 I netstats_mobile_sample: [0,0,0,0,0,0,0,0,0,0,0,0,1491618269099]
04-08 10:24:29.097   722   828 I netstats_wifi_sample: [128686482,91856,2197105,34819,128678641,91858,2270481,34821,128678641,91858,2268471,34811,1491618269099]
04-08 10:24:34.580   722   786 I sync    : [com.youku.auth.provider,0,4,-1645982301]
04-08 10:24:36.160   722  1253 I am_home_stack_moved: [0,0,1,1,intentActivityFound]
04-08 10:24:36.160   722  1253 I wm_task_moved: [2,1,0]
04-08 10:24:37.854   179   179 I sf_frame_dur: [VolumePanel,0,0,0,0,0,1,0]
04-08 10:24:39.216   179   179 I sf_frame_dur: [SurfaceView,48,74,419,9,10,7,3]
04-08 10:24:44.995   722  5637 I am_home_stack_moved: [0,0,1,1,intentActivityFound]
04-08 10:24:44.995   722  5637 I wm_task_moved: [2,1,0]
04-08 10:24:49.271   722   786 I sync    : [com.youku.auth.provider,1,4,-1645982301]
04-08 10:24:49.637   722   722 I notification_cancel: [1000,722,android,1266196461,NULL,0,0,0,8,NULL]
04-08 10:24:57.870   722  1253 I am_home_stack_moved: [0,0,1,1,sourceStackToFront]
04-08 10:24:57.880   722  1253 I wm_task_moved: [2,1,0]
04-08 10:24:57.885   722  1253 I am_create_activity: [0,308583053,2,com.youku.phone/com.youku.userchannel.ShowUserChannel,android.intent.action.VIEW,NULL,youku://userChannel,0]
04-08 10:24:57.886   722  1253 I am_pause_activity: [0,134778685,com.youku.phone/com.youku.hotspot.activity.ImmersiveFeedActivity]
04-08 10:24:57.889   722  1253 I am_home_stack_moved: [0,0,1,1,startedActivity setFocusedActivity]
04-08 10:24:57.895   722  1253 I am_focused_activity: [0,com.youku.phone/com.youku.userchannel.ShowUserChannel]
04-08 10:24:58.093 17070 17070 I am_on_paused_called: [0,com.youku.hotspot.activity.ImmersiveFeedActivity]
04-08 10:24:58.100   722  2788 I am_restart_activity: [0,308583053,2,com.youku.phone/com.youku.userchannel.ShowUserChannel]
04-08 10:24:59.305 17070 17070 I am_on_resume_called: [0,com.youku.userchannel.ShowUserChannel]
04-08 10:24:59.645   722   792 I am_activity_launch_time: [0,308583053,com.youku.phone/com.youku.userchannel.ShowUserChannel,1545,1545]
04-08 10:24:59.711   179   179 I sf_frame_dur: [com.youku.phone/com.youku.hotspot.activity.ImmersiveFeedActivity,833,149,35,28,15,22,17]
04-08 10:25:00.747 17243 17243 I auditd  : type=1400 audit(0.0:213): avc: denied { read } for comm="OnLineMonitor" name="mem" dev="debugfs" ino=683138 scontext=u:r:untrusted_app:s0 tcontext=u:object_r:debugfs:s0 tclass=file
04-08 10:25:00.747 17243 17243 I auditd  : type=1400 audit(0.0:214): avc: denied { read } for comm="OnLineMonitor" name="mem" dev="debugfs" ino=683138 scontext=u:r:untrusted_app:s0 tcontext=u:object_r:debugfs:s0 tclass=file
04-08 10:25:09.247 17243 17243 I auditd  : type=1400 audit(0.0:215): avc: denied { read } for comm="OnLineMonitor" name="mem" dev="debugfs" ino=683138 scontext=u:r:untrusted_app:s0 tcontext=u:object_r:debugfs:s0 tclass=file
04-08 10:25:09.257 17243 17243 I auditd  : type=1400 audit(0.0:216): avc: denied { read } for comm="OnLineMonitor" name="mem" dev="debugfs" ino=683138 scontext=u:r:untrusted_app:s0 tcontext=u:object_r:debugfs:s0 tclass=file
04-08 10:25:16.707 17243 17243 I auditd  : type=1400 audit(0.0:217): avc: denied { read } for comm="OnLineMonitor" name="mem" dev="debugfs" ino=683138 scontext=u:r:untrusted_app:s0 tcontext=u:object_r:debugfs:s0 tclass=file
04-08 10:25:16.717 17243 17243 I auditd  : type=1400 audit(0.0:218): avc: denied { read } for comm="OnLineMonitor" name="mem" dev="debugfs" ino=683138 scontext=u:r:untrusted_app:s0 tcontext=u:object_r:debugfs:s0 tclass=file
04-08 10:25:21.087   722  1255 I am_home_stack_moved: [0,0,1,1,sourceStackToFront]
04-08 10:25:21.087   722  1255 I wm_task_moved: [2,1,0]
04-08 10:25:21.105   722  1255 I am_create_activity: [0,921277109,2,com.youku.phone/com.youku.ui.activity.DetailActivity,NULL,NULL,NULL,0]
04-08 10:25:21.107   722  1255 I am_pause_activity: [0,308583053,com.youku.phone/com.youku.userchannel.ShowUserChannel]
04-08 10:25:21.109   722  1255 I am_home_stack_moved: [0,0,1,1,startedActivity setFocusedActivity]
04-08 10:25:21.110   722  1255 I am_focused_activity: [0,com.youku.phone/com.youku.ui.activity.DetailActivity]
04-08 10:25:21.257 17070 17070 I am_on_paused_called: [0,com.youku.userchannel.ShowUserChannel]
04-08 10:25:21.262   722   738 I am_restart_activity: [0,921277109,2,com.youku.phone/com.youku.ui.activity.DetailActivity]
04-08 10:25:23.247 17243 17243 I auditd  : type=1400 audit(0.0:219): avc: denied { read } for comm="OnLineMonitor" name="mem" dev="debugfs" ino=683138 scontext=u:r:untrusted_app:s0 tcontext=u:object_r:debugfs:s0 tclass=file
04-08 10:25:23.247 17243 17243 I auditd  : type=1400 audit(0.0:220): avc: denied { read } for comm="OnLineMonitor" name="mem" dev="debugfs" ino=683138 scontext=u:r:untrusted_app:s0 tcontext=u:object_r:debugfs:s0 tclass=file
04-08 10:25:27.300   722   722 I notification_cancel: [10054,17070,com.youku.phone,11250603,NULL,0,0,64,8,NULL]
04-08 10:25:27.454 17070 17070 I am_on_resume_called: [0,com.youku.ui.activity.DetailActivity]
04-08 10:25:29.004   179   179 I sf_frame_dur: [com.youku.phone/com.youku.userchannel.ShowUserChannel,83,10,6,7,5,1,7]
04-08 10:25:29.135   722   792 I am_activity_launch_time: [0,921277109,com.youku.phone/com.youku.ui.activity.DetailActivity,7875,7875]
04-08 10:25:34.413 17070 17070 I menu_opened: 0
04-08 10:25:39.477 17243 17243 I auditd  : type=1400 audit(0.0:221): avc: denied { read } for comm="OnLineMonitor" name="mem" dev="debugfs" ino=683138 scontext=u:r:untrusted_app:s0 tcontext=u:object_r:debugfs:s0 tclass=file
04-08 10:25:39.477 17243 17243 I auditd  : type=1400 audit(0.0:222): avc: denied { read } for comm="OnLineMonitor" name="mem" dev="debugfs" ino=683138 scontext=u:r:untrusted_app:s0 tcontext=u:object_r:debugfs:s0 tclass=file
04-08 10:25:46.247 17243 17243 I auditd  : type=1400 audit(0.0:223): avc: denied { read } for comm="OnLineMonitor" name="mem" dev="debugfs" ino=683138 scontext=u:r:untrusted_app:s0 tcontext=u:object_r:debugfs:s0 tclass=file
04-08 10:25:46.247 17243 17243 I auditd  : type=1400 audit(0.0:224): avc: denied { read } for comm="OnLineMonitor" name="mem" dev="debugfs" ino=683138 scontext=u:r:untrusted_app:s0 tcontext=u:object_r:debugfs:s0 tclass=file
04-08 10:25:52.053   179   179 I sf_frame_dur: [VolumePanel,0,0,0,0,1,0,0]
04-08 10:25:54.567 17243 17243 I auditd  : type=1400 audit(0.0:225): avc: denied { read } for comm="OnLineMonitor" name="mem" dev="debugfs" ino=683138 scontext=u:r:untrusted_app:s0 tcontext=u:object_r:debugfs:s0 tclass=file
04-08 10:25:54.577 17243 17243 I auditd  : type=1400 audit(0.0:226): avc: denied { read } for comm="OnLineMonitor" name="mem" dev="debugfs" ino=683138 scontext=u:r:untrusted_app:s0 tcontext=u:object_r:debugfs:s0 tclass=file
04-08 10:26:06.913   179   179 I sf_frame_dur: [VolumePanel,0,0,0,1,0,0,0]
04-08 10:26:07.246   722  2788 I am_home_stack_moved: [0,0,1,1,intentActivityFound]
04-08 10:26:07.246   722  2788 I wm_task_moved: [2,1,0]
04-08 10:26:14.055 17070 17070 I menu_opened: 0
04-08 10:26:32.032   722  5104 I battery_level: [91,4155,427]
04-08 10:26:32.292   722   722 I notification_cancel: [10013,871,com.android.systemui,100,low_battery,-1,0,64,8,NULL]
04-08 10:26:32.484   179   179 I sf_frame_dur: [VolumePanel,0,0,0,0,1,0,0]
04-08 10:26:48.651 17070 17070 I menu_opened: 0
04-08 10:27:08.608   722   828 I netstats_mobile_sample: [0,0,0,0,0,0,0,0,0,0,0,0,1491618428612]
04-08 10:27:08.609   722   828 I netstats_wifi_sample: [131067490,93852,2294005,36114,131059249,93855,2363967,36117,131059249,93855,2361555,36105,1491618428612]
04-08 10:27:21.069 17070 17070 I menu_opened: 0
04-08 10:27:21.969   871   871 I sysui_panelholder_touch: [0,1047,39]
04-08 10:27:22.242   722   739 I notification_panel_revealed: []
04-08 10:27:22.465   722   739 I notification_visibility_changed: [-1|android|17040644|null|1000;-1|android|17040636|null|1000,]
04-08 10:27:24.413   722  3154 I notification_visibility_changed: [,-1|android|17040644|null|1000;-1|android|17040636|null|1000]
04-08 10:27:24.416   722  1253 I notification_panel_hidden: []
04-08 10:27:35.917   179   179 I sf_frame_dur: [VolumePanel,0,0,0,0,1,0,0]
04-08 10:27:37.090 17070 17070 I menu_opened: 0
04-08 10:27:39.033   722  5636 I am_home_stack_moved: [0,0,1,1,intentActivityFound]
04-08 10:27:39.033   722  5636 I wm_task_moved: [2,1,0]
04-08 10:28:25.452   722  3154 I am_home_stack_moved: [0,0,1,1,intentActivityFound]
04-08 10:28:25.452   722  3154 I wm_task_moved: [2,1,0]
04-08 10:28:44.539   722   828 I netstats_mobile_sample: [0,0,0,0,0,0,0,0,0,0,0,0,1491618524542]
04-08 10:28:44.564   722   828 I netstats_wifi_sample: [133857845,95868,2330650,36908,133849765,95872,2405150,36912,133849765,95872,2402336,36898,1491618524542]
04-08 10:28:48.401   722   828 I netstats_mobile_sample: [0,0,0,0,0,0,0,0,0,0,0,0,1491618528405]
04-08 10:28:48.402   722   828 I netstats_wifi_sample: [135924450,97280,2353253,37632,135916702,97286,2437511,37638,135916702,97286,2434295,37622,1491618528405]
04-08 10:29:07.501 17070 17070 I menu_opened: 0
04-08 10:29:08.412   722  5636 I am_home_stack_moved: [0,0,1,1,intentActivityFound]
04-08 10:29:08.412   722  5636 I wm_task_moved: [2,1,0]
04-08 10:29:16.412   179   179 I sf_frame_dur: [VolumePanel,0,0,0,0,1,0,0]
04-08 10:29:19.514 17070 17070 I menu_opened: 0
04-08 10:29:22.715   722  5637 I am_home_stack_moved: [0,0,1,1,intentActivityFound]
04-08 10:29:22.716   722  5637 I wm_task_moved: [2,1,0]
04-08 10:29:40.648 17070 17070 I menu_opened: 0
04-08 10:30:05.086 17070 17070 I menu_opened: 0
04-08 10:30:12.849 17070 17070 I menu_opened: 0
04-08 10:30:19.136   871   871 I sysui_panelholder_touch: [0,259,21]
04-08 10:30:19.265   722  2571 I notification_panel_revealed: []
04-08 10:30:19.295   722  1242 I notification_visibility_changed: [-1|android|17040644|null|1000;-1|android|17040636|null|1000,]
04-08 10:30:21.097   722  5637 I notification_visibility_changed: [,-1|android|17040644|null|1000;-1|android|17040636|null|1000]
04-08 10:30:21.111   722   739 I notification_panel_hidden: []
04-08 10:30:34.799   179   179 I sf_frame_dur: [VolumePanel,0,0,0,0,1,0,0]
04-08 10:30:46.442   722  5637 I am_home_stack_moved: [0,0,1,1,intentActivityFound]
04-08 10:30:46.442   722  5637 I wm_task_moved: [2,1,0]
04-08 10:30:58.219 17070 17070 I menu_opened: 0
04-08 10:31:04.539 17070 17070 I menu_opened: 0
04-08 10:31:11.018 17070 17070 I menu_opened: 0
04-08 10:31:16.567 17070 17070 I menu_opened: 0
04-08 10:31:20.148   179   179 I sf_frame_dur: [VolumePanel,0,0,0,0,1,0,0]
04-08 10:31:27.951   871   871 I sysui_panelholder_touch: [0,11,62]
04-08 10:31:28.070   722  5636 I notification_panel_revealed: []
04-08 10:31:28.151   722   739 I notification_visibility_changed: [-1|android|17040644|null|1000;-1|android|17040636|null|1000,]
04-08 10:31:54.931   722  1255 I am_home_stack_moved: [0,0,1,1,intentActivityFound]
04-08 10:31:54.931   722  1255 I wm_task_moved: [2,1,0]
04-08 10:31:56.336   722  3154 I am_home_stack_moved: [0,0,1,1,intentActivityFound]
04-08 10:31:56.336   722  3154 I wm_task_moved: [2,1,0]
04-08 10:32:05.460   722   739 I notification_visibility_changed: [,-1|android|17040644|null|1000;-1|android|17040636|null|1000]
04-08 10:32:05.469   722  1241 I notification_panel_hidden: []
04-08 10:32:09.164 17070 17070 I menu_opened: 0
04-08 10:32:11.964   722  1241 I force_gc: Binder
04-08 10:32:18.734   871   871 I force_gc: Binder
04-08 10:32:19.017   722  2788 I force_gc: Binder
04-08 10:32:23.984   179   179 I sf_frame_dur: [VolumePanel,0,0,0,1,0,0,0]
04-08 10:32:25.874 17070 17070 I menu_opened: 0
04-08 10:32:28.315   722  3154 I force_gc: Binder
04-08 10:32:28.434   722   828 I netstats_mobile_sample: [0,0,0,0,0,0,0,0,0,0,0,0,1491618748437]
04-08 10:32:28.435   722   828 I netstats_wifi_sample: [138399277,99345,2420867,38632,138392373,99359,2497851,38646,138381957,99352,2492735,38615,1491618748437]
04-08 10:32:30.394   871   871 I force_gc: Binder
04-08 10:32:35.224   722  2571 I force_gc: Binder
04-08 10:32:38.324   871   871 I force_gc: Binder
04-08 10:32:41.946   722  2788 I force_gc: Binder
04-08 10:32:49.192   871   871 I force_gc: Binder
04-08 10:32:49.808 17070 17070 I menu_opened: 0
04-08 10:32:49.816   722   821 I force_gc: Binder
04-08 10:32:52.389 17070 17070 I menu_opened: 0
04-08 10:32:57.005 17070 17070 I menu_opened: 0
04-08 10:32:57.084   722  1241 I force_gc: Binder
04-08 10:32:59.129   871   871 I force_gc: Binder
04-08 10:33:02.914 17070 17070 I menu_opened: 0
04-08 10:33:04.686   722  1255 I force_gc: Binder
04-08 10:33:08.450   722  1241 I am_home_stack_moved: [0,0,1,1,intentActivityFound]
04-08 10:33:08.453   722  1241 I wm_task_moved: [2,1,0]
04-08 10:33:08.794   871   871 I force_gc: Binder
04-08 10:33:10.386   722  2788 I battery_level: [90,4151,429]
04-08 10:33:10.399   722   722 I notification_cancel: [10013,871,com.android.systemui,100,low_battery,-1,0,64,8,NULL]
04-08 10:33:11.368   722  2571 I force_gc: Binder
04-08 10:33:13.045 17070 17070 I menu_opened: 0
04-08 10:33:19.066   722  5105 I force_gc: Binder
04-08 10:33:20.269   871   871 I force_gc: Binder
04-08 10:33:27.299   722  5105 I force_gc: Binder
04-08 10:33:35.467   722  1241 I force_gc: Binder
04-08 10:33:43.089   722  5105 I force_gc: Binder
04-08 10:33:54.532   871   871 I force_gc: Binder
04-08 10:33:54.737   722   739 I force_gc: Binder
04-08 10:34:04.177   722  2571 I force_gc: Binder
04-08 10:34:08.293   871   871 I force_gc: Binder
04-08 10:34:09.741   722  1241 I am_home_stack_moved: [0,0,1,1,sourceStackToFront]
04-08 10:34:09.741   722  1241 I wm_task_moved: [2,1,0]
04-08 10:34:09.750   722  1241 I am_create_activity: [0,43655608,2,com.youku.phone/com.youku.usercenter.passport.activity.LoginActivity,android.intent.action.VIEW,NULL,passport://login,0]
04-08 10:34:09.751   722  1241 I am_pause_activity: [0,921277109,com.youku.phone/com.youku.ui.activity.DetailActivity]
04-08 10:34:09.757   722  1241 I am_home_stack_moved: [0,0,1,1,startedActivity setFocusedActivity]
04-08 10:34:09.766   722  1241 I am_focused_activity: [0,com.youku.phone/com.youku.usercenter.passport.activity.LoginActivity]
04-08 10:34:10.211 17070 17070 I am_on_paused_called: [0,com.youku.ui.activity.DetailActivity]
04-08 10:34:10.231   722  5636 I am_restart_activity: [0,43655608,2,com.youku.phone/com.youku.usercenter.passport.activity.LoginActivity]
04-08 10:34:11.599   871   871 I sysui_panelholder_touch: [0,595,9]
04-08 10:34:11.757   722  5636 I notification_panel_revealed: []
04-08 10:34:11.799   722  1255 I notification_visibility_changed: [-1|android|17040644|null|1000;-1|android|17040636|null|1000,]
04-08 10:34:12.865 17070 17070 I am_on_resume_called: [0,com.youku.usercenter.passport.activity.LoginActivity]
04-08 10:34:13.848   722  2571 I notification_visibility_changed: [,-1|android|17040644|null|1000;-1|android|17040636|null|1000]
04-08 10:34:13.897   722  1241 I notification_panel_hidden: []
04-08 10:34:14.029   722   792 I am_activity_launch_time: [0,43655608,com.youku.phone/com.youku.usercenter.passport.activity.LoginActivity,3799,3799]
04-08 10:34:14.807 17243 17243 I auditd  : type=1400 audit(0.0:227): avc: denied { read } for comm="OnLineMonitor" name="mem" dev="debugfs" ino=683138 scontext=u:r:untrusted_app:s0 tcontext=u:object_r:debugfs:s0 tclass=file
04-08 10:34:14.817 17243 17243 I auditd  : type=1400 audit(0.0:228): avc: denied { read } for comm="OnLineMonitor" name="mem" dev="debugfs" ino=683138 scontext=u:r:untrusted_app:s0 tcontext=u:object_r:debugfs:s0 tclass=file
04-08 10:34:16.149   722  5105 I force_gc: Binder
04-08 10:34:16.707 17243 17243 I auditd  : type=1400 audit(0.0:229): avc: denied { read } for comm="OnLineMonitor" name="mem" dev="debugfs" ino=683138 scontext=u:r:untrusted_app:s0 tcontext=u:object_r:debugfs:s0 tclass=file
04-08 10:34:16.707 17243 17243 I auditd  : type=1400 audit(0.0:230): avc: denied { read } for comm="OnLineMonitor" name="mem" dev="debugfs" ino=683138 scontext=u:r:untrusted_app:s0 tcontext=u:object_r:debugfs:s0 tclass=file
04-08 10:34:18.680   722  5636 I am_home_stack_moved: [0,0,1,1,intentActivityFound]
04-08 10:34:18.680   722  5636 I wm_task_moved: [2,1,0]
04-08 10:34:22.893   722  2571 I force_gc: Binder
04-08 10:34:23.506 17070 17070 I menu_opened: 0
04-08 10:34:25.057 17243 17243 I auditd  : type=1400 audit(0.0:231): avc: denied { read } for comm="OnLineMonitor" name="mem" dev="debugfs" ino=683138 scontext=u:r:untrusted_app:s0 tcontext=u:object_r:debugfs:s0 tclass=file
04-08 10:34:25.057 17243 17243 I auditd  : type=1400 audit(0.0:232): avc: denied { read } for comm="OnLineMonitor" name="mem" dev="debugfs" ino=683138 scontext=u:r:untrusted_app:s0 tcontext=u:object_r:debugfs:s0 tclass=file
04-08 10:34:33.217   722   739 I force_gc: Binder
04-08 10:34:36.807   871   871 I sysui_panelholder_touch: [0,724,24]
04-08 10:34:36.848   722  1255 I notification_panel_revealed: []
04-08 10:34:36.863   722   739 I notification_visibility_changed: [-1|android|17040644|null|1000;-1|android|17040636|null|1000,]
04-08 10:34:37.584   722  5105 I notification_visibility_changed: [,-1|android|17040644|null|1000;-1|android|17040636|null|1000]
04-08 10:34:37.586   722  1242 I notification_panel_hidden: []
04-08 10:34:37.819 17070 17070 I menu_opened: 0
04-08 10:34:43.022   722  5105 I force_gc: Binder
04-08 10:34:44.277 17243 17243 I auditd  : type=1400 audit(0.0:233): avc: denied { read } for comm="OnLineMonitor" name="mem" dev="debugfs" ino=683138 scontext=u:r:untrusted_app:s0 tcontext=u:object_r:debugfs:s0 tclass=file
04-08 10:34:44.287 17243 17243 I auditd  : type=1400 audit(0.0:234): avc: denied { read } for comm="OnLineMonitor" name="mem" dev="debugfs" ino=683138 scontext=u:r:untrusted_app:s0 tcontext=u:object_r:debugfs:s0 tclass=file
04-08 10:34:45.256   179   179 I sf_frame_dur: [InputMethod,0,0,0,1,0,2,2]
04-08 10:34:52.298   722  2788 I force_gc: Binder
04-08 10:34:56.018   722  5105 I am_home_stack_moved: [0,0,1,1,sourceStackToFront]
04-08 10:34:56.018   722  5105 I wm_task_moved: [2,1,0]
04-08 10:34:56.038   722  5105 I am_create_activity: [0,790601185,2,com.youku.phone/com.youku.usercenter.passport.activity.RegisterActivity,NULL,NULL,NULL,33554432]
04-08 10:34:56.040   722  5105 I am_pause_activity: [0,43655608,com.youku.phone/com.youku.usercenter.passport.activity.LoginActivity]
04-08 10:34:56.048   722  5105 I am_home_stack_moved: [0,0,1,1,startedActivity setFocusedActivity]
04-08 10:34:56.052   722  5105 I am_focused_activity: [0,com.youku.phone/com.youku.usercenter.passport.activity.RegisterActivity]
04-08 10:34:56.064   722  1253 I am_finish_activity: [0,43655608,2,com.youku.phone/com.youku.usercenter.passport.activity.LoginActivity,app-request]
04-08 10:34:56.330 17070 17070 I am_on_paused_called: [0,com.youku.usercenter.passport.activity.LoginActivity]
04-08 10:34:56.336   722  5636 I am_restart_activity: [0,790601185,2,com.youku.phone/com.youku.usercenter.passport.activity.RegisterActivity]
04-08 10:34:57.840 17070 17070 I am_on_resume_called: [0,com.youku.usercenter.passport.activity.RegisterActivity]
04-08 10:34:58.337 17243 17243 I auditd  : type=1400 audit(0.0:235): avc: denied { read } for comm="OnLineMonitor" name="mem" dev="debugfs" ino=683138 scontext=u:r:untrusted_app:s0 tcontext=u:object_r:debugfs:s0 tclass=file
04-08 10:34:58.347 17243 17243 I auditd  : type=1400 audit(0.0:236): avc: denied { read } for comm="OnLineMonitor" name="mem" dev="debugfs" ino=683138 scontext=u:r:untrusted_app:s0 tcontext=u:object_r:debugfs:s0 tclass=file
04-08 10:35:01.509   722   792 I am_activity_launch_time: [0,790601185,com.youku.phone/com.youku.usercenter.passport.activity.RegisterActivity,5175,5175]
04-08 10:35:01.962   179   179 I sf_frame_dur: [com.youku.phone/com.youku.usercenter.passport.activity.LoginActivity,0,5,10,3,19,15,7]
04-08 10:35:06.177 17243 17243 I auditd  : type=1400 audit(0.0:237): avc: denied { read } for comm="OnLineMonitor" name="mem" dev="debugfs" ino=683138 scontext=u:r:untrusted_app:s0 tcontext=u:object_r:debugfs:s0 tclass=file
04-08 10:35:06.187 17243 17243 I auditd  : type=1400 audit(0.0:238): avc: denied { read } for comm="OnLineMonitor" name="mem" dev="debugfs" ino=683138 scontext=u:r:untrusted_app:s0 tcontext=u:object_r:debugfs:s0 tclass=file
04-08 10:35:06.338   722   787 I am_destroy_activity: [0,43655608,2,com.youku.phone/com.youku.usercenter.passport.activity.LoginActivity,finish-imm]
04-08 10:35:07.114 17070 17070 I menu_opened: 0
04-08 10:35:09.151   722  1241 I am_home_stack_moved: [0,0,1,1,intentActivityFound]
04-08 10:35:09.151   722  1241 I wm_task_moved: [2,1,0]
04-08 10:35:09.617 17243 17243 I auditd  : type=1400 audit(0.0:239): avc: denied { read } for comm="OnLineMonitor" name="mem" dev="debugfs" ino=683138 scontext=u:r:untrusted_app:s0 tcontext=u:object_r:debugfs:s0 tclass=file
04-08 10:35:09.627 17243 17243 I auditd  : type=1400 audit(0.0:240): avc: denied { read } for comm="OnLineMonitor" name="mem" dev="debugfs" ino=683138 scontext=u:r:untrusted_app:s0 tcontext=u:object_r:debugfs:s0 tclass=file
04-08 10:35:09.766   722  5105 I force_gc: Binder
04-08 10:35:16.767 17243 17243 I auditd  : type=1400 audit(0.0:241): avc: denied { read } for comm="OnLineMonitor" name="mem" dev="debugfs" ino=683138 scontext=u:r:untrusted_app:s0 tcontext=u:object_r:debugfs:s0 tclass=file
04-08 10:35:16.767 17243 17243 I auditd  : type=1400 audit(0.0:242): avc: denied { read } for comm="OnLineMonitor" name="mem" dev="debugfs" ino=683138 scontext=u:r:untrusted_app:s0 tcontext=u:object_r:debugfs:s0 tclass=file
04-08 10:35:18.041   722  5636 I force_gc: Binder
04-08 10:35:20.795   871   871 I force_gc: Binder
04-08 10:35:22.321 17070 17070 I menu_opened: 0
04-08 10:35:23.081   179   179 I sf_frame_dur: [VolumePanel,0,0,1,0,0,0,0]
04-08 10:35:25.073   722  1253 I force_gc: Binder
04-08 10:35:29.810   871   871 I force_gc: Binder
04-08 10:35:34.416   722  1242 I force_gc: Binder
04-08 10:35:39.995   871   871 I force_gc: Binder
04-08 10:35:40.816 17070 17070 I menu_opened: 0
04-08 10:35:42.589   722  5637 I force_gc: Binder
04-08 10:35:50.160   722  5105 I force_gc: Binder
04-08 10:35:50.695   871   871 I force_gc: Binder
04-08 10:35:51.786 17070 17070 I menu_opened: 0
04-08 10:35:58.611   722  1253 I force_gc: Binder
04-08 10:36:01.536   871   871 I force_gc: Binder
04-08 10:36:10.373   722  5105 I force_gc: Binder
04-08 10:36:11.790 17070 17070 I menu_opened: 0
04-08 10:36:18.578   722   738 I force_gc: Binder
04-08 10:36:20.333   871   871 I force_gc: Binder
04-08 10:36:25.491   722  5637 I force_gc: Binder
04-08 10:36:28.596   871   871 I force_gc: Binder
04-08 10:36:32.375   722  5105 I force_gc: Binder
04-08 10:36:39.457   871   871 I force_gc: Binder
04-08 10:36:39.605   722  1242 I force_gc: Binder
04-08 10:36:44.552 17070 17070 I menu_opened: 0
04-08 10:36:46.257   722  1255 I force_gc: Binder
04-08 10:36:48.660 17070 17070 I menu_opened: 0
04-08 10:36:49.211   871   871 I force_gc: Binder
04-08 10:36:49.687   722   819 I am_home_stack_moved: [0,0,1,1,intentActivityFound]
04-08 10:36:49.687   722   819 I wm_task_moved: [2,1,0]
04-08 10:36:53.668   722   738 I force_gc: Binder
04-08 10:36:54.865 17070 17070 I menu_opened: 0
04-08 10:36:57.916 17070 17070 I menu_opened: 0
04-08 10:37:00.614   871   871 I force_gc: Binder
04-08 10:37:01.523   722  1242 I force_gc: Binder
04-08 10:37:02.188 17070 17070 I menu_opened: 0
04-08 10:37:09.408   722  3154 I force_gc: Binder
04-08 10:37:10.560   871   871 I force_gc: Binder
04-08 10:37:13.648   871   871 I sysui_panelholder_touch: [0,840,9]
04-08 10:37:13.819   722  5636 I notification_panel_revealed: []
04-08 10:37:13.906   722  1241 I notification_visibility_changed: [-1|android|17040644|null|1000;-1|android|17040636|null|1000,]
04-08 10:37:17.706   722  5636 I notification_visibility_changed: [,-1|android|17040644|null|1000;-1|android|17040636|null|1000]
04-08 10:37:17.714   722  1253 I notification_panel_hidden: []
04-08 10:37:18.713   722  5636 I force_gc: Binder
04-08 10:37:25.725   722  1253 I force_gc: Binder
04-08 10:37:31.013   871   871 I force_gc: Binder
04-08 10:37:32.911   722   821 I force_gc: Binder
04-08 10:37:39.547   871   871 I force_gc: Binder
04-08 10:37:39.696   722   821 I force_gc: Binder
04-08 10:37:46.428   722   819 I force_gc: Binder
04-08 10:37:48.299 17070 17070 I menu_opened: 0
04-08 10:37:49.041   871   871 I force_gc: Binder
04-08 10:37:49.316   722   821 I am_home_stack_moved: [0,0,1,1,intentActivityFound]
04-08 10:37:49.316   722   821 I wm_task_moved: [2,1,0]
04-08 10:37:50.349   722  5104 I am_home_stack_moved: [0,0,1,1,intentActivityFound]
04-08 10:37:50.349   722  5104 I wm_task_moved: [2,1,0]
04-08 10:37:53.083   722  1241 I force_gc: Binder
04-08 10:37:59.657   871   871 I force_gc: Binder
04-08 10:38:01.269   722  5104 I force_gc: Binder
04-08 10:38:08.261   722  5105 I force_gc: Binder
04-08 10:38:09.395   871   871 I force_gc: Binder
04-08 10:38:11.805 17070 17070 I menu_opened: 0
04-08 10:38:15.398   722   739 I force_gc: Binder
04-08 10:38:20.180   871   871 I force_gc: Binder
04-08 10:38:22.824   722  5636 I force_gc: Binder
04-08 10:38:26.390 17070 17070 I menu_opened: 0
04-08 10:38:28.616   871   871 I force_gc: Binder
04-08 10:38:29.412   722  1255 I force_gc: Binder
04-08 10:38:30.536 17070 17070 I menu_opened: 0
04-08 10:38:35.975   722  5636 I force_gc: Binder
04-08 10:38:39.052 17070 17070 I menu_opened: 0
04-08 10:38:39.937   871   871 I force_gc: Binder
04-08 10:38:43.069   722  1255 I force_gc: Binder
04-08 10:38:49.827   871   871 I force_gc: Binder
04-08 10:38:50.372   722  5104 I force_gc: Binder
04-08 10:38:57.614   722  1255 I force_gc: Binder
04-08 10:38:59.243   871   871 I force_gc: Binder
04-08 10:39:00.119 17070 17070 I menu_opened: 0
04-08 10:39:04.532   722  1242 I force_gc: Binder
04-08 10:39:05.706   871   871 I sysui_panelholder_touch: [0,1031,14]
04-08 10:39:05.760   722   819 I notification_panel_revealed: []
04-08 10:39:05.797   722   739 I notification_visibility_changed: [-1|android|17040644|null|1000;-1|android|17040636|null|1000,]
04-08 10:39:06.465   722  2571 I notification_visibility_changed: [,-1|android|17040644|null|1000;-1|android|17040636|null|1000]
04-08 10:39:06.468   722  1241 I notification_panel_hidden: []
04-08 10:39:06.735   722  1255 I am_home_stack_moved: [0,0,1,1,intentActivityFound]
04-08 10:39:06.735   722  1255 I wm_task_moved: [2,1,0]
04-08 10:39:10.018   871   871 I force_gc: Binder
04-08 10:39:12.571   722  2571 I force_gc: Binder
04-08 10:39:18.988   871   871 I force_gc: Binder
04-08 10:39:19.315   722  1241 I force_gc: Binder
04-08 10:39:23.573   722  5104 I am_home_stack_moved: [0,0,1,1,intentActivityFound]
04-08 10:39:23.573   722  5104 I wm_task_moved: [2,1,0]
04-08 10:39:25.818   722  1241 I force_gc: Binder
04-08 10:39:29.228   871   871 I force_gc: Binder
04-08 10:39:30.809 17070 17070 I menu_opened: 0
04-08 10:39:32.477   722  2571 I force_gc: Binder
04-08 10:39:39.076   871   871 I force_gc: Binder
04-08 10:39:39.313   722  2571 I force_gc: Binder
04-08 10:39:40.513   722  1241 I am_home_stack_moved: [0,0,1,1,intentActivityFound]
04-08 10:39:40.514   722  1241 I wm_task_moved: [2,1,0]
04-08 10:39:42.607 17070 17070 I menu_opened: 0
04-08 10:39:43.643   722  1255 I am_home_stack_moved: [0,0,1,1,intentActivityFound]
