08-04 00:29:04.810  1184  1184 D RILJ    : [3670]> RIL_REQUEST_CDMA_GET_SUBSCRIPTION_SOURCE [SUB0]
08-04 00:29:04.810  1184  1297 D RILJ    : [3668]< RIL_REQUEST_VOICE_RADIO_TECH {3} [SUB0]
08-04 00:29:04.815  1184  1184 D RILJ    : [3671]> OPERATOR [SUB0]
08-04 00:29:04.824  1184  1184 D RILJ    : [3672]> DATA_REGISTRATION_STATE [SUB0]
08-04 00:29:04.824   190  1430 D RILC    : RequestComplete, RIL_SOCKET_1
08-04 00:29:04.824   190  1430 E RILC    : Send Response to RIL_SOCKET_1
08-04 00:29:04.825  1184  1297 D RILJ    : [3665]< QUERY_NETWORK_SELECTION_MODE {0} [SUB0]
08-04 00:29:04.826   190  1437 D RILC    : RequestComplete, RIL_SOCKET_1
08-04 00:29:04.826   190  1437 E RILC    : Send Response to RIL_SOCKET_1
08-04 00:29:04.826   190   531 D RILC    : RequestComplete, RIL_SOCKET_1
08-04 00:29:04.826   190   531 E RILC    : Send Response to RIL_SOCKET_1
08-04 00:29:04.826   190  1435 D RILC    : RequestComplete, RIL_SOCKET_1
08-04 00:29:04.827   190  1435 E RILC    : Send Response to RIL_SOCKET_1
08-04 00:29:04.828  1184  1184 D RILJ    : [3673]> VOICE_REGISTRATION_STATE [SUB0]
08-04 00:29:04.828  1184  1297 D RILJ    : [3671]< OPERATOR {null, null, null} [SUB0]
08-04 00:29:04.834  1184  1184 D RILJ    : [3674]> QUERY_NETWORK_SELECTION_MODE [SUB0]
08-04 00:29:04.834  1184  1297 D RilRequest: [3669]< RIL_REQUEST_IMS_REGISTRATION_STATE error: com.android.internal.telephony.CommandException: GENERIC_FAILURE ret=
08-04 00:29:04.841  1184  1297 D RilRequest: [3670]< RIL_REQUEST_CDMA_GET_SUBSCRIPTION_SOURCE error: com.android.internal.telephony.CommandException: GENERIC_FAILURE ret=
08-04 00:29:04.841   190  1438 D RILC    : RequestComplete, RIL_SOCKET_1
08-04 00:29:04.841  1184  1184 D SubscriptionController: [getSubId]- mSlotIdToSubIdMap.size == 0, return DummySubIds slotIdx=0
08-04 00:29:04.841   190  1438 E RILC    : Send Response to RIL_SOCKET_1
08-04 00:29:04.841  1184  1184 D SubscriptionController: getDummySubIds: slotIdx=0 return 1 DummySubIds with each subId=-2
08-04 00:29:04.842  1184  1297 D RILJ    : [3672]< DATA_REGISTRATION_STATE {0, null, null, null, 0, 20, null, 446, 2929439, null, null} [SUB0]
08-04 00:29:04.842  1184  1184 D DefaultPhoneNotifier: notifySignalStrength: mRegistry=com.android.internal.telephony.ITelephonyRegistry$Stub$Proxy@2c8b6ce ss=SignalStrength: 99 0 -120 -160 -120 -1 -1 99 2147483647 2147483647 2147483647 2147483647 gsm|lte sender=Handler (com.android.internal.telephony.gsm.GSMPhone) {39f1d3cd}
08-04 00:29:04.844   722   819 D SubscriptionManager: [getPhoneId]- fail
08-04 00:29:04.844   722   819 D TelephonyRegistry: notifySignalStrengthForSubscriber: invalid phoneId=-1
08-04 00:29:04.844   190  1440 D RILC    : RequestComplete, RIL_SOCKET_1
08-04 00:29:04.845   190  1440 E RILC    : Send Response to RIL_SOCKET_1
08-04 00:29:04.846  1184  1297 D RILJ    : [3674]< QUERY_NETWORK_SELECTION_MODE {0} [SUB0]
08-04 00:29:04.849   190  1439 I RILQ    : (0/190):RIL[0][cmd-20(248)] qcril_qmi_nas_update_data_rte: completed, new drte 0 with confidence 4
08-04 00:29:04.850   190  1439 D RILC    : RequestComplete, RIL_SOCKET_1
08-04 00:29:04.850   190  1439 E RILC    : Send Response to RIL_SOCKET_1
08-04 00:29:04.851  1184  1184 D SubscriptionController: [getSubId]- mSlotIdToSubIdMap.size == 0, return DummySubIds slotIdx=0
08-04 00:29:04.851  1184  1184 D SubscriptionController: getDummySubIds: slotIdx=0 return 1 DummySubIds with each subId=-2
08-04 00:29:04.852  1184  1297 D RILJ    : [3673]< VOICE_REGISTRATION_STATE {2, null, null, 0, null, null, null, 0, null, null, null, null, null, 0, null} [SUB0]
08-04 00:29:04.852  1184  1184 D DCT     : [0]handleMessage msg={ when=-1s94ms what=270377 obj=android.os.AsyncResult@18627100 target=com.android.internal.telephony.dataconnection.DcTracker }
08-04 00:29:04.852  1184  1184 D DCT     : [0]setupDataOnConnectableApns: nwTypeChanged
08-04 00:29:04.853  1184  1184 D DCT     : [0]setupDataOnConnectableApns: apnContext {mApnType=hipri mState=IDLE mWaitingApns={null} mWaitingApnsPermanentFailureCountDown=0 mApnSetting={null} mReason=radioTurnedOff mDataEnabled=false mDependencyMet=true}
08-04 00:29:04.854  1184  1184 D DCT     : [0]setupDataOnConnectableApns: apnContext {mApnType=mms mState=IDLE mWaitingApns={null} mWaitingApnsPermanentFailureCountDown=0 mApnSetting={null} mReason=radioTurnedOff mDataEnabled=false mDependencyMet=true}
08-04 00:29:04.855  1184  1184 D DCT     : [0]setupDataOnConnectableApns: apnContext {mApnType=supl mState=IDLE mWaitingApns={null} mWaitingApnsPermanentFailureCountDown=0 mApnSetting={null} mReason=radioTurnedOff mDataEnabled=false mDependencyMet=true}
08-04 00:29:04.855  1184  1184 D DCT     : [0]setupDataOnConnectableApns: apnContext {mApnType=cbs mState=IDLE mWaitingApns={null} mWaitingApnsPermanentFailureCountDown=0 mApnSetting={null} mReason=radioTurnedOff mDataEnabled=false mDependencyMet=true}
08-04 00:29:04.856  1184  1184 D DCT     : [0]setupDataOnConnectableApns: apnContext {mApnType=dun mState=IDLE mWaitingApns={null} mWaitingApnsPermanentFailureCountDown=0 mApnSetting={null} mReason=radioTurnedOff mDataEnabled=false mDependencyMet=true}
08-04 00:29:04.856  1184  1184 D DCT     : [0]setupDataOnConnectableApns: apnContext {mApnType=fota mState=IDLE mWaitingApns={null} mWaitingApnsPermanentFailureCountDown=0 mApnSetting={null} mReason=radioTurnedOff mDataEnabled=false mDependencyMet=true}
08-04 00:29:04.857  1184  1184 D DCT     : [0]setupDataOnConnectableApns: apnContext {mApnType=ims mState=IDLE mWaitingApns={null} mWaitingApnsPermanentFailureCountDown=0 mApnSetting={null} mReason=radioTurnedOff mDataEnabled=false mDependencyMet=true}
08-04 00:29:04.857  1184  1184 D DCT     : [0]setupDataOnConnectableApns: apnContext {mApnType=default mState=IDLE mWaitingApns={null} mWaitingApnsPermanentFailureCountDown=0 mApnSetting={null} mReason=radioTurnedOff mDataEnabled=false mDependencyMet=true}
08-04 00:29:04.858  1184  1184 D DCT     : [0]setupDataOnConnectableApns: apnContext {mApnType=ia mState=IDLE mWaitingApns={null} mWaitingApnsPermanentFailureCountDown=0 mApnSetting={null} mReason=radioTurnedOff mDataEnabled=false mDependencyMet=true}
08-04 00:29:04.859  1184  1184 D SubscriptionManager: [getPhoneId]- fail
08-04 00:29:04.859  1184  1184 D SubscriptionController: [getSubId]- mSlotIdToSubIdMap.size == 0, return DummySubIds slotIdx=0
08-04 00:29:04.860  1184  1184 D SubscriptionController: getDummySubIds: slotIdx=0 return 1 DummySubIds with each subId=-2
08-04 00:29:04.861  1184  1184 D DCT     : [0]getDataOnRoamingEnabled: phoneSubId=-2 isDataRoamingEnabled=true
08-04 00:29:04.861  1184  1184 D SubscriptionManager: [getPhoneId]- fail
08-04 00:29:04.862  1184  1184 D SubscriptionController: [getSubId]- mSlotIdToSubIdMap.size == 0, return DummySubIds slotIdx=0
08-04 00:29:04.862  1184  1184 D SubscriptionController: getDummySubIds: slotIdx=0 return 1 DummySubIds with each subId=-2
08-04 00:29:04.863  1184  1184 D DCT     : [0]getDataOnRoamingEnabled: phoneSubId=-2 isDataRoamingEnabled=true
08-04 00:29:04.863  1184  1184 D SubscriptionManager: [getPhoneId]- fail
08-04 00:29:04.864  1184  1184 D SubscriptionController: [getSubId]- mSlotIdToSubIdMap.size == 0, return DummySubIds slotIdx=0
08-04 00:29:04.865  1184  1184 D SubscriptionController: getDummySubIds: slotIdx=0 return 1 DummySubIds with each subId=-2
08-04 00:29:04.866  1184  1184 D DCT     : [0]getDataOnRoamingEnabled: phoneSubId=-2 isDataRoamingEnabled=true
08-04 00:29:04.866  1184  1184 D SubscriptionManager: [getPhoneId]- fail
08-04 00:29:04.867  1184  1184 D SubscriptionController: [getSubId]- mSlotIdToSubIdMap.size == 0, return DummySubIds slotIdx=0
08-04 00:29:04.867  1184  1184 D SubscriptionController: getDummySubIds: slotIdx=0 return 1 DummySubIds with each subId=-2
08-04 00:29:04.867  1184  1184 D DCT     : [0]getDataOnRoamingEnabled: phoneSubId=-2 isDataRoamingEnabled=true
08-04 00:29:04.868  1184  1184 D SubscriptionManager: [getPhoneId]- fail
08-04 00:29:04.868  1184  1184 D SubscriptionController: [getSubId]- mSlotIdToSubIdMap.size == 0, return DummySubIds slotIdx=0
08-04 00:29:04.868  1184  1184 D SubscriptionController: getDummySubIds: slotIdx=0 return 1 DummySubIds with each subId=-2
08-04 00:29:04.869  1184  1184 D DCT     : [0]getDataOnRoamingEnabled: phoneSubId=-2 isDataRoamingEnabled=true
08-04 00:29:04.870  1184  1184 D SubscriptionManager: [getPhoneId]- fail
08-04 00:29:04.870  1184  1184 D SubscriptionController: [getSubId]- mSlotIdToSubIdMap.size == 0, return DummySubIds slotIdx=0
08-04 00:29:04.870  1184  1184 D SubscriptionController: getDummySubIds: slotIdx=0 return 1 DummySubIds with each subId=-2
08-04 00:29:04.870  1184  1184 D DCT     : [0]getDataOnRoamingEnabled: phoneSubId=-2 isDataRoamingEnabled=true
08-04 00:29:04.871  1184  1184 D SubscriptionManager: [getPhoneId]- fail
08-04 00:29:04.872  1184  1184 D SubscriptionController: [getSubId]- mSlotIdToSubIdMap.size == 0, return DummySubIds slotIdx=0
08-04 00:29:04.872  1184  1184 D SubscriptionController: getDummySubIds: slotIdx=0 return 1 DummySubIds with each subId=-2
08-04 00:29:04.872  1184  1184 D DCT     : [0]getDataOnRoamingEnabled: phoneSubId=-2 isDataRoamingEnabled=true
08-04 00:29:04.873  1184  1184 D SubscriptionManager: [getPhoneId]- fail
08-04 00:29:04.873  1184  1184 D SubscriptionController: [getSubId]- mSlotIdToSubIdMap.size == 0, return DummySubIds slotIdx=0
08-04 00:29:04.874  1184  1184 D SubscriptionController: getDummySubIds: slotIdx=0 return 1 DummySubIds with each subId=-2
08-04 00:29:04.874  1184  1184 D DCT     : [0]getDataOnRoamingEnabled: phoneSubId=-2 isDataRoamingEnabled=true
08-04 00:29:04.875  1184  1184 D DCT     : [0]onReceive: action=android.net.wifi.STATE_CHANGE
08-04 00:29:04.875  1184  1184 D DCT     : [0]NETWORK_STATE_CHANGED_ACTION: mIsWifiConnected=false
08-04 00:29:04.876  1184  1184 D DCT     : [0]onReceive: action=android.net.wifi.STATE_CHANGE
08-04 00:29:04.877  1184  1184 D DCT     : [0]NETWORK_STATE_CHANGED_ACTION: mIsWifiConnected=false
08-04 00:29:04.878  1184  1184 D SubscriptionManager: [getPhoneId]- fail
08-04 00:29:04.878  1184  1184 D SubscriptionController: [getSubId]- mSlotIdToSubIdMap.size == 0, return DummySubIds slotIdx=0
08-04 00:29:04.878  1184  1184 D SubscriptionController: getDummySubIds: slotIdx=0 return 1 DummySubIds with each subId=-2
08-04 00:29:04.879  1184  1184 D DCT     : [0]getDataOnRoamingEnabled: phoneSubId=-2 isDataRoamingEnabled=true
08-04 00:29:04.879  1184  1184 D SubscriptionManager: [getPhoneId]- fail
08-04 00:29:04.879  1184  1184 D SubscriptionController: [getSubId]- mSlotIdToSubIdMap.size == 0, return DummySubIds slotIdx=0
08-04 00:29:04.880  1184  1184 D SubscriptionController: getDummySubIds: slotIdx=0 return 1 DummySubIds with each subId=-2
08-04 00:29:04.881  1184  1184 D DCT     : [0]getDataOnRoamingEnabled: phoneSubId=-2 isDataRoamingEnabled=true
08-04 00:29:04.881  1184  1184 D DCT     : [0]onReceive: action=android.net.wifi.STATE_CHANGE
08-04 00:29:04.882  1184  1184 D DCT     : [0]NETWORK_STATE_CHANGED_ACTION: mIsWifiConnected=false
08-04 00:29:04.882  1184  1184 D SubscriptionManager: [getPhoneId]- fail
08-04 00:29:04.883  1184  1184 D SubscriptionController: [getSubId]- mSlotIdToSubIdMap.size == 0, return DummySubIds slotIdx=0
08-04 00:29:04.883  1184  1184 D SubscriptionController: getDummySubIds: slotIdx=0 return 1 DummySubIds with each subId=-2
08-04 00:29:04.883  1184  1184 D DCT     : [0]getDataOnRoamingEnabled: phoneSubId=-2 isDataRoamingEnabled=true
08-04 00:29:04.884  1184  1184 D SubscriptionManager: [getPhoneId]- fail
08-04 00:29:04.884  1184  1184 D SubscriptionController: [getSubId]- mSlotIdToSubIdMap.size == 0, return DummySubIds slotIdx=0
08-04 00:29:04.884  1184  1184 D SubscriptionController: getDummySubIds: slotIdx=0 return 1 DummySubIds with each subId=-2
08-04 00:29:04.885  1184  1184 D DCT     : [0]getDataOnRoamingEnabled: phoneSubId=-2 isDataRoamingEnabled=true
08-04 00:29:04.885  1184  1184 D SubscriptionManager: [getPhoneId]- fail
08-04 00:29:04.885  1184  1184 D SubscriptionController: [getSubId]- mSlotIdToSubIdMap.size == 0, return DummySubIds slotIdx=0
08-04 00:29:04.885  1184  1184 D SubscriptionController: getDummySubIds: slotIdx=0 return 1 DummySubIds with each subId=-2
08-04 00:29:04.886  1184  1184 D DCT     : [0]getDataOnRoamingEnabled: phoneSubId=-2 isDataRoamingEnabled=true
08-04 00:29:04.886  1184  1184 D SubscriptionManager: [getPhoneId]- fail
08-04 00:29:04.886  1184  1184 D SubscriptionController: [getSubId]- mSlotIdToSubIdMap.size == 0, return DummySubIds slotIdx=0
08-04 00:29:04.886  1184  1184 D SubscriptionController: getDummySubIds: slotIdx=0 return 1 DummySubIds with each subId=-2
08-04 00:29:04.887  1184  1184 D DCT     : [0]getDataOnRoamingEnabled: phoneSubId=-2 isDataRoamingEnabled=true
08-04 00:29:04.887  1184  1184 D SubscriptionManager: [getPhoneId]- fail
08-04 00:29:04.887  1184  1184 D SubscriptionController: [getSubId]- mSlotIdToSubIdMap.size == 0, return DummySubIds slotIdx=0
08-04 00:29:04.887  1184  1184 D SubscriptionController: getDummySubIds: slotIdx=0 return 1 DummySubIds with each subId=-2
08-04 00:29:04.888  1184  1184 D DCT     : [0]getDataOnRoamingEnabled: phoneSubId=-2 isDataRoamingEnabled=true
08-04 00:29:04.888  1184  1184 D SubscriptionManager: [getPhoneId]- fail
08-04 00:29:04.888  1184  1184 D SubscriptionController: [getSubId]- mSlotIdToSubIdMap.size == 0, return DummySubIds slotIdx=0
08-04 00:29:04.889  1184  1184 D SubscriptionController: getDummySubIds: slotIdx=0 return 1 DummySubIds with each subId=-2
08-04 00:29:04.889  1184  1184 D DCT     : [0]getDataOnRoamingEnabled: phoneSubId=-2 isDataRoamingEnabled=true
08-04 00:29:04.890  1184  1184 D RILJ    : [3675]> OPERATOR [SUB0]
08-04 00:29:04.894  1184  1184 D RILJ    : [3676]> DATA_REGISTRATION_STATE [SUB0]
08-04 00:29:04.894   190  1446 D RILC    : RequestComplete, RIL_SOCKET_1
08-04 00:29:04.894   190  1446 E RILC    : Send Response to RIL_SOCKET_1
08-04 00:29:04.895  1184  1297 D RILJ    : [3675]< OPERATOR {null, null, null} [SUB0]
08-04 00:29:04.896  1184  1184 D RILJ    : [3677]> VOICE_REGISTRATION_STATE [SUB0]
08-04 00:29:04.900  1184  1184 D RILJ    : [3678]> QUERY_NETWORK_SELECTION_MODE [SUB0]
08-04 00:29:04.903  1184  1184 D SubscriptionManager: [getPhoneId]- fail
08-04 00:29:04.904  1184  1184 D SubscriptionController: [getSubId]- mSlotIdToSubIdMap.size == 0, return DummySubIds slotIdx=0
08-04 00:29:04.904  1184  1184 D SubscriptionController: getDummySubIds: slotIdx=0 return 1 DummySubIds with each subId=-2
08-04 00:29:04.905  1184  1184 D DCT     : [0]getDataOnRoamingEnabled: phoneSubId=-2 isDataRoamingEnabled=true
08-04 00:29:04.906  1184  1184 D SubscriptionManager: [getPhoneId]- fail
08-04 00:29:04.906  1184  1184 D SubscriptionController: [getSubId]- mSlotIdToSubIdMap.size == 0, return DummySubIds slotIdx=0
08-04 00:29:04.906  1184  1184 D SubscriptionController: getDummySubIds: slotIdx=0 return 1 DummySubIds with each subId=-2
08-04 00:29:04.907  1184  1184 D DCT     : [0]getDataOnRoamingEnabled: phoneSubId=-2 isDataRoamingEnabled=true
08-04 00:29:04.908   190  1447 D RILC    : RequestComplete, RIL_SOCKET_1
08-04 00:29:04.908   190  1447 E RILC    : Send Response to RIL_SOCKET_1
08-04 00:29:04.910  1184  1184 D SubscriptionManager: [getPhoneId]- fail
08-04 00:29:04.910  1184  1184 D SubscriptionController: [getSubId]- mSlotIdToSubIdMap.size == 0, return DummySubIds slotIdx=0
08-04 00:29:04.910  1184  1297 D RILJ    : [3676]< DATA_REGISTRATION_STATE {0, null, null, null, 0, 20, null, 446, 2929439, null, null} [SUB0]
08-04 00:29:04.910  1184  1184 D SubscriptionController: getDummySubIds: slotIdx=0 return 1 DummySubIds with each subId=-2
08-04 00:29:04.911   190  1450 D RILC    : RequestComplete, RIL_SOCKET_1
08-04 00:29:04.911   190  1450 E RILC    : Send Response to RIL_SOCKET_1
08-04 00:29:04.911  1184  1184 D DCT     : [0]getDataOnRoamingEnabled: phoneSubId=-2 isDataRoamingEnabled=true
08-04 00:29:04.911  1184  1297 D RILJ    : [3678]< QUERY_NETWORK_SELECTION_MODE {0} [SUB0]
08-04 00:29:04.911  1184  1184 D SubscriptionManager: [getPhoneId]- fail
08-04 00:29:04.912  1184  1184 D SubscriptionController: [getSubId]- mSlotIdToSubIdMap.size == 0, return DummySubIds slotIdx=0
08-04 00:29:04.912  1184  1184 D SubscriptionController: getDummySubIds: slotIdx=0 return 1 DummySubIds with each subId=-2
08-04 00:29:04.912   190  1449 I RILQ    : (0/190):RIL[0][cmd-20(248)] qcril_qmi_nas_update_data_rte: completed, new drte 0 with confidence 4
08-04 00:29:04.912  1184  1184 D DCT     : [0]getDataOnRoamingEnabled: phoneSubId=-2 isDataRoamingEnabled=true
08-04 00:29:04.912  1184  1184 D SubscriptionManager: [getPhoneId]- fail
08-04 00:29:04.913  1184  1184 D SubscriptionController: [getSubId]- mSlotIdToSubIdMap.size == 0, return DummySubIds slotIdx=0
08-04 00:29:04.913  1184  1184 D SubscriptionController: getDummySubIds: slotIdx=0 return 1 DummySubIds with each subId=-2
08-04 00:29:04.913  1184  1184 D DCT     : [0]getDataOnRoamingEnabled: phoneSubId=-2 isDataRoamingEnabled=true
08-04 00:29:04.913   190  1449 D RILC    : RequestComplete, RIL_SOCKET_1
08-04 00:29:04.913   190  1449 E RILC    : Send Response to RIL_SOCKET_1
08-04 00:29:04.913  1184  1184 D SubscriptionManager: [getPhoneId]- fail
08-04 00:29:04.914  1184  1184 D SubscriptionController: [getSubId]- mSlotIdToSubIdMap.size == 0, return DummySubIds slotIdx=0
08-04 00:29:04.914  1184  1184 D SubscriptionController: getDummySubIds: slotIdx=0 return 1 DummySubIds with each subId=-2
08-04 00:29:04.914  1184  1297 D RILJ    : [3677]< VOICE_REGISTRATION_STATE {2, null, null, 0, null, null, null, 0, null, null, null, null, null, 0, null} [SUB0]
08-04 00:29:04.914  1184  1184 D DCT     : [0]getDataOnRoamingEnabled: phoneSubId=-2 isDataRoamingEnabled=true
08-04 00:29:04.915  1184  1184 D SubscriptionManager: [getPhoneId]- fail
08-04 00:29:04.915  1184  1184 D SubscriptionController: [getSubId]- mSlotIdToSubIdMap.size == 0, return DummySubIds slotIdx=0
08-04 00:29:04.915  1184  1184 D SubscriptionController: getDummySubIds: slotIdx=0 return 1 DummySubIds with each subId=-2
08-04 00:29:04.916  1184  1184 D DCT     : [0]getDataOnRoamingEnabled: phoneSubId=-2 isDataRoamingEnabled=true
08-04 00:29:04.920  1184  1184 D SubscriptionManager: [getPhoneId]- fail
08-04 00:29:04.921  1184  1184 D SubscriptionController: [getSubId]- mSlotIdToSubIdMap.size == 0, return DummySubIds slotIdx=0
08-04 00:29:04.921  1184  1184 D SubscriptionController: getDummySubIds: slotIdx=0 return 1 DummySubIds with each subId=-2
08-04 00:29:04.921  1184  1184 D DCT     : [0]getDataOnRoamingEnabled: phoneSubId=-2 isDataRoamingEnabled=true
08-04 00:29:04.922  1184  1184 D SubscriptionManager: [getPhoneId]- fail
08-04 00:29:04.922  1184  1184 D SubscriptionController: [getSubId]- mSlotIdToSubIdMap.size == 0, return DummySubIds slotIdx=0
08-04 00:29:04.922  1184  1184 D SubscriptionController: getDummySubIds: slotIdx=0 return 1 DummySubIds with each subId=-2
08-04 00:29:04.922  1184  1184 D DCT     : [0]getDataOnRoamingEnabled: phoneSubId=-2 isDataRoamingEnabled=true
08-04 00:29:04.923  1184  1184 D SubscriptionManager: [getPhoneId]- fail
08-04 00:29:04.923  1184  1184 D SubscriptionController: [getSubId]- mSlotIdToSubIdMap.size == 0, return DummySubIds slotIdx=0
08-04 00:29:04.923  1184  1184 D SubscriptionController: getDummySubIds: slotIdx=0 return 1 DummySubIds with each subId=-2
08-04 00:29:04.923  1184  1184 D DCT     : [0]getDataOnRoamingEnabled: phoneSubId=-2 isDataRoamingEnabled=true
08-04 00:29:04.924  1184  1184 D SubscriptionManager: [getPhoneId]- fail
08-04 00:29:04.924  1184  1184 D SubscriptionController: [getSubId]- mSlotIdToSubIdMap.size == 0, return DummySubIds slotIdx=0
08-04 00:29:04.924  1184  1184 D SubscriptionController: getDummySubIds: slotIdx=0 return 1 DummySubIds with each subId=-2
08-04 00:29:04.924  1184  1184 D DCT     : [0]getDataOnRoamingEnabled: phoneSubId=-2 isDataRoamingEnabled=true
08-04 00:29:04.925  1184  1184 D SubscriptionManager: [getPhoneId]- fail
08-04 00:29:04.925  1184  1184 D SubscriptionController: [getSubId]- mSlotIdToSubIdMap.size == 0, return DummySubIds slotIdx=0
08-04 00:29:04.925  1184  1184 D SubscriptionController: getDummySubIds: slotIdx=0 return 1 DummySubIds with each subId=-2
08-04 00:29:04.925  1184  1184 D DCT     : [0]getDataOnRoamingEnabled: phoneSubId=-2 isDataRoamingEnabled=true
08-04 00:29:04.926  1184  1184 D SubscriptionManager: [getPhoneId]- fail
08-04 00:29:04.926  1184  1184 D SubscriptionController: [getSubId]- mSlotIdToSubIdMap.size == 0, return DummySubIds slotIdx=0
08-04 00:29:04.926  1184  1184 D SubscriptionController: getDummySubIds: slotIdx=0 return 1 DummySubIds with each subId=-2
08-04 00:29:04.926  1184  1184 D DCT     : [0]getDataOnRoamingEnabled: phoneSubId=-2 isDataRoamingEnabled=true
08-04 00:29:04.927  1184  1184 D SubscriptionManager: [getPhoneId]- fail
08-04 00:29:04.927  1184  1184 D SubscriptionController: [getSubId]- mSlotIdToSubIdMap.size == 0, return DummySubIds slotIdx=0
08-04 00:29:04.927  1184  1184 D SubscriptionController: getDummySubIds: slotIdx=0 return 1 DummySubIds with each subId=-2
08-04 00:29:04.928  1184  1184 D DCT     : [0]getDataOnRoamingEnabled: phoneSubId=-2 isDataRoamingEnabled=true
08-04 00:29:04.928  1184  1184 D SubscriptionManager: [getPhoneId]- fail
08-04 00:29:04.928  1184  1184 D SubscriptionController: [getSubId]- mSlotIdToSubIdMap.size == 0, return DummySubIds slotIdx=0
08-04 00:29:04.928  1184  1184 D SubscriptionController: getDummySubIds: slotIdx=0 return 1 DummySubIds with each subId=-2
08-04 00:29:04.929  1184  1184 D DCT     : [0]getDataOnRoamingEnabled: phoneSubId=-2 isDataRoamingEnabled=true
08-04 00:29:04.929  1184  1184 D SubscriptionManager: [getPhoneId]- fail
08-04 00:29:04.929  1184  1184 D SubscriptionController: [getSubId]- mSlotIdToSubIdMap.size == 0, return DummySubIds slotIdx=0
08-04 00:29:04.929  1184  1184 D SubscriptionController: getDummySubIds: slotIdx=0 return 1 DummySubIds with each subId=-2
08-04 00:29:04.930  1184  1184 D DCT     : [0]getDataOnRoamingEnabled: phoneSubId=-2 isDataRoamingEnabled=true
08-04 00:29:04.930  1184  1184 D SubscriptionManager: [getPhoneId]- fail
08-04 00:29:04.930  1184  1184 D SubscriptionController: [getSubId]- mSlotIdToSubIdMap.size == 0, return DummySubIds slotIdx=0
08-04 00:29:04.930  1184  1184 D SubscriptionController: getDummySubIds: slotIdx=0 return 1 DummySubIds with each subId=-2
08-04 00:29:04.930  1184  1184 D DCT     : [0]getDataOnRoamingEnabled: phoneSubId=-2 isDataRoamingEnabled=true
08-04 00:29:04.931  1184  1184 D SubscriptionManager: [getPhoneId]- fail
08-04 00:29:04.931  1184  1184 D SubscriptionController: [getSubId]- mSlotIdToSubIdMap.size == 0, return DummySubIds slotIdx=0
08-04 00:29:04.931  1184  1184 D SubscriptionController: getDummySubIds: slotIdx=0 return 1 DummySubIds with each subId=-2
08-04 00:29:04.931  1184  1184 D DCT     : [0]getDataOnRoamingEnabled: phoneSubId=-2 isDataRoamingEnabled=true
08-04 00:29:04.932  1184  1184 D SubscriptionManager: [getPhoneId]- fail
08-04 00:29:04.932  1184  1184 D SubscriptionController: [getSubId]- mSlotIdToSubIdMap.size == 0, return DummySubIds slotIdx=0
08-04 00:29:04.932  1184  1184 D SubscriptionController: getDummySubIds: slotIdx=0 return 1 DummySubIds with each subId=-2
08-04 00:29:04.932  1184  1184 D DCT     : [0]getDataOnRoamingEnabled: phoneSubId=-2 isDataRoamingEnabled=true
08-04 00:29:04.933  1184  1184 D SubscriptionManager: [getPhoneId]- fail
08-04 00:29:04.933  1184  1184 D SubscriptionController: [getSubId]- mSlotIdToSubIdMap.size == 0, return DummySubIds slotIdx=0
08-04 00:29:04.933  1184  1184 D SubscriptionController: getDummySubIds: slotIdx=0 return 1 DummySubIds with each subId=-2
08-04 00:29:04.934  1184  1184 D DCT     : [0]getDataOnRoamingEnabled: phoneSubId=-2 isDataRoamingEnabled=true
08-04 00:29:04.934  1184  1184 D PhoneBase: get phone radio capability fail,no need to change mRadioAccessFamily
08-04 00:29:04.934  1184  1184 D PhoneBase: EVENT_GET_RADIO_CAPABILITY :phone RAF : 1
08-04 00:29:04.934  1184  1184 D GSMPhone: Baseband version: M8974A-2.0.50.2.26
08-04 00:29:04.935  1184  1184 D DctController: handleMessage msg={ when=-376ms what=100 target=com.android.internal.telephony.dataconnection.DctController }
08-04 00:29:04.935  1184  1184 D DctController: getTopPriorityRequestPhoneId = 0, priority = -1
08-04 00:29:04.937  1184  1184 D DcSwitchAsyncChannel: [DcSwitchAsyncChannel-0]: rspIsIdle=true
08-04 00:29:04.937  1184  1184 D DctController: onProcessRequest phoneId=0, activePhoneId=-1
08-04 00:29:04.941  1184  1184 D UiccController: Received EVENT_GET_ICC_STATUS_DONE
08-04 00:29:04.941  1184  1184 D UiccCard: 1 applications
08-04 00:29:04.942  1184  1184 D UiccCardApplication: Creating UiccApp: {APPTYPE_USIM,APPSTATE_READY,pin1=PINSTATE_DISABLED,pin2=PINSTATE_ENABLED_NOT_VERIFIED}
08-04 00:29:04.977  1184  1184 W VoiceMailConstants: Can't open /system/etc/voicemail-conf.xml
08-04 00:29:04.985  1184  1184 D SpnOverride: No SPN in OEM image = /oem/telephony/spn-conf.xml Load SPN from system image
08-04 00:29:05.016  1184  1228 D SubscriptionController: [getActiveSubInfoList]+
08-04 00:29:05.019  1184  1228 D SubscriptionController: [getActiveSubInfoList] Sub Controller not ready
08-04 00:29:05.076  1184  1184 D SIMRecords: [SIMRecords] setting0 mMncLength-1
08-04 00:29:05.076  1184  1184 D SIMRecords: [SIMRecords] SIMRecords: onRadioOffOrNotAvailable set 'gsm.sim.operator.numeric' to operator=null
08-04 00:29:05.076  1184  1184 D SIMRecords: [SIMRecords] update icc_operator_numeric=null
08-04 00:29:05.077  1184  1184 D TelephonyManager: setTelephonyProperty: success phoneId=0 property=gsm.sim.operator.numeric value:  propVal=
08-04 00:29:05.079  1184  1184 D TelephonyManager: setTelephonyProperty: success phoneId=0 property=gsm.sim.operator.alpha value:  propVal=
08-04 00:29:05.080  1184  1184 D TelephonyManager: setTelephonyProperty: success phoneId=0 property=gsm.sim.operator.iso-country value:  propVal=
08-04 00:29:05.081  1184  1184 D UiccCardApplication: Notifying 1 registrant: READY
08-04 00:29:05.092  1184  1184 D SIMRecords: [SIMRecords] getOperatorNumeric: IMSI == null
08-04 00:29:05.092  1184  1184 D SIMRecords: [SIMRecords] SIMRecords X ctor this=SimRecords: mDestroyed=false mContext=com.android.phone.PhoneGlobals@6584d39 mCi=com.android.internal.telephony.RIL@367f12d2 mFh=Handler (com.android.internal.telephony.uicc.UsimFileHandler) {e366f7e} mParentApp=com.android.internal.telephony.uicc.UiccCardApplication@1c9a0cdf recordsLoadedRegistrants=android.os.RegistrantList@30fd9d2c mImsiReadyRegistrants=android.os.RegistrantList@1de783f5 mRecordsEventsRegistrants=android.os.RegistrantList@a46058a mNewSmsRegistrants=android.os.RegistrantList@83c97fb mNetworkSelectionModeAutomaticRegistrants=android.os.RegistrantList@3f3d6018 recordsToLoad=0 adnCache=Handler (com.android.internal.telephony.uicc.AdnRecordCache) {af96a71} recordsRequested=false iccid=null msisdnTag=null voiceMailNum=null voiceMailTag=null newVoiceMailNum=null newVoiceMailTag=null isVoiceMailFixed=false mImsi=null mncLength=-1 mailboxIndex=0 spn=null mVmConfigcom.android.internal.telephony.uicc.VoiceMailConstants@2f06f056 mSpnOverride=mSpnOverride callForwardingEnabled=false spnState=null mCphsInfo=null mCspPlmnEnabled=true efMWIS=null efCPHS_MWI=null mEfCff=null mEfCfis=null getOperatorNumeric=null
08-04 00:29:05.093  1184  1184 D RILJ    : [3679]> QUERY_FACILITY_LOCK [FD 7 a0000000871002ff86ffff89ffffffff] [SUB0]
08-04 00:29:05.098  1184  1184 D RILJ    : [3680]> QUERY_FACILITY_LOCK [SC 7 a0000000871002ff86ffff89ffffffff] [SUB0]
08-04 00:29:05.102   190   304 D RILC    : RequestComplete, RIL_SOCKET_1
08-04 00:29:05.102   190   304 E RILC    : Send Response to RIL_SOCKET_1
08-04 00:29:05.104  1184  1297 D RILJ    : [3679]< QUERY_FACILITY_LOCK {0} [SUB0]
08-04 00:29:05.106   190   301 D RILC    : RequestComplete, RIL_SOCKET_1
08-04 00:29:05.107   190   301 E RILC    : Send Response to RIL_SOCKET_1
08-04 00:29:05.107  1184  1297 D RILJ    : [3680]< QUERY_FACILITY_LOCK {0} [SUB0]
08-04 00:29:05.129   871   871 D SubscriptionManager: [getPhoneId]- fail
08-04 00:29:05.130  1184  1224 D SubscriptionController: [getPhoneId]- invalid subId return=-1
08-04 00:29:05.133  1184  1224 D PhoneFactory: getPhone:- phoneId != DEFAULT_PHONE_ID return sProxyPhones[phoneId] phoneId=-1 phone=null
08-04 00:29:05.134   871   871 D TelephonyManager: getTelephonyProperty: return propVal='null' phoneId=-1 property='gsm.current.phone-type' defaultVal='null' prop=1
08-04 00:29:05.135   871   871 D TelephonyManager: getTelephonyProperty: return propVal='null' phoneId=-1 property='ro.telephony.default_network' defaultVal='null' prop=10
08-04 00:29:05.138  1184  1184 D CAT     : CatService: registerForRecordsLoaded slotid=0 instance:Handler (com.android.internal.telephony.cat.CatService) {e000b73}
08-04 00:29:05.141  1184  1184 D CAT     : CatService: Running CAT service on Slotid: 0. STK app installed:false
08-04 00:29:05.141  1184  1184 D UiccCard: Before privilege rules: null : CARDSTATE_PRESENT
08-04 00:29:05.142  1184  1184 D UiccCarrierPrivilegeRules: Creating UiccCarrierPrivilegeRules
08-04 00:29:05.143  1184  1184 D RILJ    : [3681]> RIL_REQUEST_SIM_OPEN_CHANNEL [SUB0]
08-04 00:29:05.146  1184  1184 D UiccCard: update: radioState=RADIO_ON mLastRadioState=RADIO_UNAVAILABLE
08-04 00:29:05.146  1184  1184 D UiccController: Notifying IccChangedRegistrants
08-04 00:29:05.181  1184  1184 D PhoneProxy: [PhoneProxy] EVENT_REQUEST_VOICE_RADIO_TECH_DONE: newVoiceTech=3
08-04 00:29:05.182  1184  1184 D PhoneProxy: [PhoneProxy] phoneObjectUpdater: newVoiceRadioTech=3
08-04 00:29:05.182  1184  1184 D PhoneProxy: [PhoneProxy] phoneObjectUpdater: No change ignore, newVoiceRadioTech=3 mActivePhone=GSM
08-04 00:29:05.182  1184  1184 E RIL_ImsSms: IMS State query failed with exp com.android.internal.telephony.CommandException: GENERIC_FAILURE
08-04 00:29:05.182  1184  1184 D CdmaSSM : CDMA_SUBSCRIPTION_SOURCE event = 2
08-04 00:29:05.183  1184  1184 W CdmaSSM : Unable to get CDMA Subscription Source, Exception: com.android.internal.telephony.CommandException: GENERIC_FAILURE, result: null
08-04 00:29:05.183  1184  1184 D PHONE   : [ServiceState] setDataRegState=1
08-04 00:29:05.183  1184  1184 D PHONE   : [ServiceState] setDataRadioTechnology=0
08-04 00:29:05.184   190   531 E RILQ    : (0/190): RIL[0][qmi_cb] qcril_uim_qmi_conv_logical_channel_resp: response error: 0x50
08-04 00:29:05.184  1184  1184 D GsmSST  : [GsmSST] handlPollStateResultMessage: GsmSST setDataRegState=1 regState=0 dataRadioTechnology=0
08-04 00:29:05.184  1184  1184 D PHONE   : [ServiceState] setVoiceRegState=1
08-04 00:29:05.184  1184  1184 E PHONE   : [ServiceState] setState deprecated use setVoiceRegState()
08-04 00:29:05.185   190   304 D RILC    : RequestComplete, RIL_SOCKET_1
08-04 00:29:05.185   190   304 E RILC    : Send Response to RIL_SOCKET_1
08-04 00:29:05.186  1184  1297 D RilRequest: [3681]< RIL_REQUEST_SIM_OPEN_CHANNEL error: com.android.internal.telephony.CommandException: NO_SUCH_ELEMENT ret=
08-04 00:29:05.186  1184  1184 D GsmSST  : [GsmSST] Poll ServiceState done:  oldSS=[3 3 voice home data home null null null null null null  Unknown Unknown CSS not supported -1 -1 RoamInd=-1 DefRoamInd=-1 EmergOnly=false] newSS=[1 1 voice home data home null null null null null null  Unknown Unknown CSS not supported -1 -1 RoamInd=-1 DefRoamInd=-1 EmergOnly=false] oldMaxDataCalls=1 mNewMaxDataCalls=20 oldReasonDataDenied=-1 mNewReasonDataDenied=-1
08-04 00:29:05.186  1184  1184 D PHONE   : [ServiceState] setNullState=1
08-04 00:29:05.189  1184  1184 D GsmSST  : [GsmSST] updateSpnDisplay: radio is on but out of service, set plmn='No service.'
08-04 00:29:05.190  1184  1184 D GsmSST  : [GsmSST] updateSpnDisplay: changed sending intent rule=0 showPlmn='true' plmn='No service.' showSpn='false' spn=''
08-04 00:29:05.192  1184  1184 D SubscriptionController: [getSubId]- mSlotIdToSubIdMap.size == 0, return DummySubIds slotIdx=0
08-04 00:29:05.193  1184  1184 D SubscriptionController: getDummySubIds: slotIdx=0 return 1 DummySubIds with each subId=-2
08-04 00:29:05.204  1184  1184 D SubscriptionController: [getSubId]- mSlotIdToSubIdMap.size == 0, return DummySubIds slotIdx=0
08-04 00:29:05.204  1184  1184 D SubscriptionController: getDummySubIds: slotIdx=0 return 1 DummySubIds with each subId=-2
08-04 00:29:05.206  1184  1184 D SubscriptionController: [setPlmnSpn] No valid subscription to store info
08-04 00:29:05.208  1184  1184 D SubscriptionController: notifySubscriptionInfoChanged:
08-04 00:29:05.214   722   722 D TelephonyManager: getSimOperatorNumeric(): default subId=1
08-04 00:29:05.214  1184  1184 D TelephonyManager: setTelephonyProperty: success phoneId=0 property=gsm.operator.alpha value:  propVal=
08-04 00:29:05.215  1184  1353 D SubscriptionController: [getPhoneId]- no sims, returning default phoneId=2147483647
08-04 00:29:05.218   722   722 D TelephonyManager: getTelephonyProperty: return propVal='null' phoneId=2147483647 property='gsm.sim.operator.numeric' defaultVal='' prop=
08-04 00:29:05.220  1184  1184 D TelephonyManager: getTelephonyProperty: return propVal='null' phoneId=0 property='gsm.operator.numeric' defaultVal='' prop=
08-04 00:29:05.220  1184  1184 D TelephonyManager: setTelephonyProperty: success phoneId=0 property=gsm.operator.numeric value:  propVal=
08-04 00:29:05.221  1184  1184 D GsmSST  : [GsmSST] operatorNumeric is null
08-04 00:29:05.221  1184  1184 D TelephonyManager: setTelephonyProperty: success phoneId=0 property=gsm.operator.iso-country value:  propVal=
08-04 00:29:05.222  1184  1184 D TelephonyManager: setTelephonyProperty: success phoneId=0 property=gsm.operator.isroaming value: false propVal=false
08-04 00:29:05.223  1184  1184 D GsmSST  : [GsmSST] Broadcasting ServiceState : 1 1 voice home data home null null null null null null  Unknown Unknown CSS not supported -1 -1 RoamInd=-1 DefRoamInd=-1 EmergOnly=false
08-04 00:29:05.223  1184  1184 D SubscriptionController: [getSubId]- mSlotIdToSubIdMap.size == 0, return DummySubIds slotIdx=0
08-04 00:29:05.224  1184  1184 D SubscriptionController: getDummySubIds: slotIdx=0 return 1 DummySubIds with each subId=-2
08-04 00:29:05.225  1184  1184 D DefaultPhoneNotifier: nofityServiceState: mRegistry=com.android.internal.telephony.ITelephonyRegistry$Stub$Proxy@2c8b6ce ss=1 1 voice home data home null null null null null null  Unknown Unknown CSS not supported -1 -1 RoamInd=-1 DefRoamInd=-1 EmergOnly=false sender=Handler (com.android.internal.telephony.gsm.GSMPhone) {39f1d3cd} phondId=0 subId=-2
08-04 00:29:05.229   722   738 D SubscriptionManager: [getSlotId]- fail
08-04 00:29:05.229  1184  1184 D SubscriptionController: [getSlotId]- subId invalid
08-04 00:29:05.230   722   738 D SubscriptionManager: [getSubId]- fail
08-04 00:29:05.230   722   738 D TelephonyManager: getSimState:- empty subId return SIM_STATE_ABSENT
08-04 00:29:05.234  1184  1184 D GsmSST  : [GsmSST] notifyDataRegStateRilRadioTechnologyChanged: drs=1 rat=0
08-04 00:29:05.235  1184  1184 D TelephonyManager: setTelephonyProperty: success phoneId=0 property=gsm.network.type value: Unknown propVal=Unknown
08-04 00:29:05.235  1184  1184 D DCT     : [0]get all active apn types
08-04 00:29:05.236  1184  1184 D SIMRecords: [SIMRecords] fetchSimRecords 0
08-04 00:29:05.236  1184  1184 D RILJ    : [3682]> getIMSI: GET_IMSI aid: a0000000871002ff86ffff89ffffffff [SUB0]
08-04 00:29:05.244  1184  1184 D RILJ    : [3683]> iccIO: SIM_IO 0xc0 0x2fe2  path: 3F00,0,0,15 aid: a0000000871002ff86ffff89ffffffff [SUB0]
08-04 00:29:05.248   190   304 I RILQ    : (0/190):RIL[0][event] qcril_common_update_current_imsi: cur imsi 460011952973996, is gwl 1
08-04 00:29:05.249   190   304 D RILC    : RequestComplete, RIL_SOCKET_1
08-04 00:29:05.249   190   304 E RILC    : Send Response to RIL_SOCKET_1
08-04 00:29:05.249   190   304 I RILQ    : (0/190):RIL[0][event] qcril_qmi_nas_evaluate_custom_emergency_numbers_for_card: cur_status 1024, card_state 3
08-04 00:29:05.249   190   304 I RILQ    : (0/190):RIL[0][event] qcril_qmi_nas_evaluate_custom_emergency_numbers_for_card: card_mcc 460, card_mnc 01
08-04 00:29:05.249  1184  1297 D RILJ    : [3682]< GET_IMSI  [SUB0]
08-04 00:29:05.251  1184  1184 D RILJ    : [3684]> iccIO: SIM_IO 0xc0 0x6f40  path: 3F007FFF,0,0,15 aid: a0000000871002ff86ffff89ffffffff [SUB0]
08-04 00:29:05.256  1184  1184 D RILJ    : [3685]> iccIO: SIM_IO 0xc0 0x6fc9  path: 3F007FFF,0,0,15 aid: a0000000871002ff86ffff89ffffffff [SUB0]
08-04 00:29:05.259  1184  1184 D RILJ    : [3686]> iccIO: SIM_IO 0xc0 0x6fad  path: 3F007FFF,0,0,15 aid: a0000000871002ff86ffff89ffffffff [SUB0]
08-04 00:29:05.263  1184  1184 D RILJ    : [3687]> iccIO: SIM_IO 0xc0 0x6fca  path: 3F007FFF,0,0,15 aid: a0000000871002ff86ffff89ffffffff [SUB0]
08-04 00:29:05.265  1184  1184 D RILJ    : [3688]> iccIO: SIM_IO 0xc0 0x6f11  path: 3F007FFF,0,0,15 aid: a0000000871002ff86ffff89ffffffff [SUB0]
08-04 00:29:05.268  1184  1184 D RILJ    : [3689]> iccIO: SIM_IO 0xc0 0x6fcb  path: 3F007FFF,0,0,15 aid: a0000000871002ff86ffff89ffffffff [SUB0]
08-04 00:29:05.272  1184  1184 D RILJ    : [3690]> iccIO: SIM_IO 0xc0 0x6f13  path: 3F007FFF,0,0,15 aid: a0000000871002ff86ffff89ffffffff [SUB0]
08-04 00:29:05.277  1184  1184 D RILJ    : [3691]> iccIO: SIM_IO 0xc0 0x6f46  path: 3F007FFF,0,0,15 aid: a0000000871002ff86ffff89ffffffff [SUB0]
08-04 00:29:05.284  1184  1184 D RILJ    : [3692]> iccIO: SIM_IO 0xc0 0x6fcd  path: 3F007FFF,0,0,15 aid: a0000000871002ff86ffff89ffffffff [SUB0]
08-04 00:29:05.288  1184  1184 D RILJ    : [3693]> iccIO: SIM_IO 0xc0 0x6fc5  path: 3F007FFF,0,0,15 aid: a0000000871002ff86ffff89ffffffff [SUB0]
08-04 00:29:05.292  1184  1184 D RILJ    : [3694]> iccIO: SIM_IO 0xc0 0x6f38  path: 3F007FFF,0,0,15 aid: a0000000871002ff86ffff89ffffffff [SUB0]
08-04 00:29:05.297  1184  1184 D RILJ    : [3695]> iccIO: SIM_IO 0xc0 0x6f16  path: 3F007FFF,0,0,15 aid: a0000000871002ff86ffff89ffffffff [SUB0]
08-04 00:29:05.304  1184  1184 D RILJ    : [3696]> iccIO: SIM_IO 0xc0 0x6f15  path: 3F007FFF,0,0,15 aid: a0000000871002ff86ffff89ffffffff [SUB0]
08-04 00:29:05.307   190   304 D RILC    : RequestComplete, RIL_SOCKET_1
08-04 00:29:05.307   190   304 E RILC    : Send Response to RIL_SOCKET_1
08-04 00:29:05.309  1184  1297 D RILJ    : [3683]< SIM_IO IccIoResponse sw1:0x90 sw2:0x0 [SUB0]
08-04 00:29:05.309  1184  1184 D RILJ    : [3697]> iccIO: SIM_IO 0xc0 0x6f3e  path: 3F007FFF,0,0,15 aid: a0000000871002ff86ffff89ffffffff [SUB0]
08-04 00:29:05.314  1184  1184 D RILJ    : [3698]> iccIO: SIM_IO 0xc0 0x6f05  path: 3F007FFF,0,0,15 aid: a0000000871002ff86ffff89ffffffff [SUB0]
08-04 00:29:05.318  1184  1184 D RILJ    : [3699]> iccIO: SIM_IO 0xc0 0x2f05  path: 3F00,0,0,15 aid: a0000000871002ff86ffff89ffffffff [SUB0]
08-04 00:29:05.320  1184  1184 D SIMRecords: [SIMRecords] fetchSimRecords 18 requested: true
08-04 00:29:05.320  1184  1184 D UiccCardApplication: Query facility FDN : FDN service available: true enabled: false
08-04 00:29:05.320  1184  1184 D UiccCardApplication: Query facility lock : 0
08-04 00:29:05.321  1184  1184 D CAT     : CatService: handleMessage[8]
08-04 00:29:05.321  1184  1184 D CAT     : CatService: MSG_ID_ICC_CHANGED
08-04 00:29:05.321  1184  1184 D CAT     : CatService: New Card State = CARDSTATE_PRESENT Old Card State = CARDSTATE_ABSENT
08-04 00:29:05.322  1184  1184 D RILJ    : [3700]> RIL_REQUEST_REPORT_STK_SERVICE_IS_RUNNING [SUB0]
08-04 00:29:05.328   190   301 D RILC    : RequestComplete, RIL_SOCKET_1
08-04 00:29:05.328   190   301 E RILC    : Send Response to RIL_SOCKET_1
08-04 00:29:05.329  1184  1184 D GSMPhone: [GSMPhone] New Uicc application found
08-04 00:29:05.329  1184  1297 D RILJ    : [3700]< RIL_REQUEST_REPORT_STK_SERVICE_IS_RUNNING  [SUB0]
08-04 00:29:05.329  1184  1184 D GsmSST  : [GsmSST] New card found
08-04 00:29:05.329  1184  1184 D UiccCardApplication: Notifying 1 registrant: READY
08-04 00:29:05.330   190   304 D RILC    : RequestComplete, RIL_SOCKET_1
08-04 00:29:05.330  1184  1184 D DCT     : [0]handleMessage msg={ when=-183ms what=270369 obj=android.os.AsyncResult@7741a30 target=com.android.internal.telephony.dataconnection.DcTracker }
08-04 00:29:05.330   190   304 E RILC    : Send Response to RIL_SOCKET_1
08-04 00:29:05.330  1184  1184 D DCT     : [0]New records found
08-04 00:29:05.330  1184  1184 D SubscriptionController: [getSubId]- mSlotIdToSubIdMap.size == 0, return DummySubIds slotIdx=0
08-04 00:29:05.331  1184  1184 D SubscriptionController: getDummySubIds: slotIdx=0 return 1 DummySubIds with each subId=-2
08-04 00:29:05.331  1184  1184 D GsmSMSDispatcher: GsmSMSDispatcher: subId = -2 slotId = 0
08-04 00:29:05.331  1184  1184 D GsmSMSDispatcher: New Uicc application found
08-04 00:29:05.331  1184  1297 D RILJ    : [3684]< SIM_IO IccIoResponse sw1:0x90 sw2:0x0 [SUB0]
08-04 00:29:05.331  1184  1184 D IccCardProxy: Icc changed. Reregestering.
08-04 00:29:05.331  1184  1184 D UiccCardApplication: Notifying 1 registrant: READY
08-04 00:29:05.331  1184  1184 E IccCardProxy: setExternalState: set mPhoneId=0 mExternalState=READY
08-04 00:29:05.333  1184  1184 D TelephonyManager: setTelephonyProperty: success phoneId=0 property=gsm.sim.state value: READY propVal=READY
08-04 00:29:05.336  1184  1184 D SubscriptionController: [getSubId]- mSlotIdToSubIdMap.size == 0, return DummySubIds slotIdx=0
08-04 00:29:05.336  1184  1184 D SubscriptionController: getDummySubIds: slotIdx=0 return 1 DummySubIds with each subId=-2
08-04 00:29:05.336  1184  1184 D IccCardProxy: broadcastIccStateChangedIntent intent ACTION_SIM_STATE_CHANGED value=READY reason=null for mPhoneId=0
08-04 00:29:05.340  1184  1184 D CAT     : CatService: handleMessage[8]
08-04 00:29:05.340  1184  1184 D CAT     : CatService: MSG_ID_ICC_CHANGED
08-04 00:29:05.340  1184  1184 D CAT     : CatService: New Card State = CARDSTATE_PRESENT Old Card State = CARDSTATE_PRESENT
08-04 00:29:05.346  1184  1184 D UiccCard: Error in SIM access with exceptioncom.android.internal.telephony.CommandException: NO_SUCH_ELEMENT
08-04 00:29:05.347  1184  1184 D GsmSST  : [GsmSST] SubscriptionListener.onSubscriptionInfoChanged
08-04 00:29:05.347  1184  1184 D SubscriptionController: [getSubId]- mSlotIdToSubIdMap.size == 0, return DummySubIds slotIdx=0
08-04 00:29:05.347  1184  1184 D SubscriptionController: getDummySubIds: slotIdx=0 return 1 DummySubIds with each subId=-2
08-04 00:29:05.347  1184  1184 D DCT     : [0]SubscriptionListener.onSubscriptionInfoChanged
08-04 00:29:05.347  1184  1184 D SubscriptionController: [getSubId]- mSlotIdToSubIdMap.size == 0, return DummySubIds slotIdx=0
08-04 00:29:05.347  1184  1184 D SubscriptionController: getDummySubIds: slotIdx=0 return 1 DummySubIds with each subId=-2
08-04 00:29:05.348  1184  1184 D DctController: onSubInfoReady mPhoneNum=1
08-04 00:29:05.348  1184  1184 D SubscriptionController: [getSubId]- mSlotIdToSubIdMap.size == 0, return DummySubIds slotIdx=0
08-04 00:29:05.348  1184  1184 D SubscriptionController: getDummySubIds: slotIdx=0 return 1 DummySubIds with each subId=-2
08-04 00:29:05.348  1184  1184 D DctController: onSubInfoReady handle pending requests subId=-2
08-04 00:29:05.348  1184  1184 D SubscriptionController: [getSubId]- mSlotIdToSubIdMap.size == 0, return DummySubIds slotIdx=0
08-04 00:29:05.348  1184  1184 D SubscriptionController: getDummySubIds: slotIdx=0 return 1 DummySubIds with each subId=-2
08-04 00:29:05.349  1184  1184 D DctController: [TNF -2]evalPendingRequest, pending request size is 1
08-04 00:29:05.349  1184  1184 D SubscriptionController: [getSubId]- mSlotIdToSubIdMap.size == 0, return DummySubIds slotIdx=0
08-04 00:29:05.350  1184  1184 D SubscriptionController: getDummySubIds: slotIdx=0 return 1 DummySubIds with each subId=-2
08-04 00:29:05.350  1184  1184 D DctController: [TNF -2]evalPendingRequest: request = NetworkRequest [ id=1, legacyType=-1, [ Capabilities: INTERNET&NOT_RESTRICTED&TRUSTED&NOT_VPN] ]
08-04 00:29:05.352  1184  1184 D SubscriptionController: [getSubId]- mSlotIdToSubIdMap.size == 0, return DummySubIds slotIdx=0
08-04 00:29:05.352  1184  1184 D SubscriptionController: getDummySubIds: slotIdx=0 return 1 DummySubIds with each subId=-2
08-04 00:29:05.352  1184  1184 D DctController: [TNF -2]Cellular needs Network for NetworkRequest [ id=1, legacyType=-1, [ Capabilities: INTERNET&NOT_RESTRICTED&TRUSTED&NOT_VPN] ]
08-04 00:29:05.352  1184  1184 D SubscriptionController: [getSubId]- mSlotIdToSubIdMap.size == 0, return DummySubIds slotIdx=0
08-04 00:29:05.352  1184  1184 D SubscriptionController: getDummySubIds: slotIdx=0 return 1 DummySubIds with each subId=-2
08-04 00:29:05.353  1184  1184 D SubscriptionController: [getSubId]- mSlotIdToSubIdMap.size == 0, return DummySubIds slotIdx=0
08-04 00:29:05.353  1184  1184 D SubscriptionController: getDummySubIds: slotIdx=0 return 1 DummySubIds with each subId=-2
08-04 00:29:05.353  1184  1184 D DctController: [TNF -2]Sub Info has not been ready, pending request.
08-04 00:29:05.353  1184  1184 D DctController: processRequests
08-04 00:29:05.354  1184  1184 D SubscriptionController: [getActiveSubInfoList]+
08-04 00:29:05.357  1184  1184 D SubscriptionController: [getActiveSubInfoList] Sub Controller not ready
08-04 00:29:05.357   722   786 D TelephonyManager: getSimOperatorNumeric(): default subId=1
08-04 00:29:05.358  1184  1224 D SubscriptionController: [getPhoneId]- no sims, returning default phoneId=2147483647
08-04 00:29:05.360   190   304 D RILC    : RequestComplete, RIL_SOCKET_1
08-04 00:29:05.360   190   304 E RILC    : Send Response to RIL_SOCKET_1
08-04 00:29:05.360  1184  1184 E PhoneBase: Error! unregisterForCallWaiting() in PhoneBase should not be called, CDMAPhone inactive.
08-04 00:29:05.361  1184  1297 D RilRequest: [3685]< SIM_IO error: com.android.internal.telephony.CommandException: GENERIC_FAILURE ret=IccIoResponse sw1:0x6a sw2:0x82
08-04 00:29:05.362   722   786 D TelephonyManager: getTelephonyProperty: return propVal='null' phoneId=2147483647 property='gsm.sim.operator.numeric' defaultVal='' prop=
08-04 00:29:05.362  1184  1184 D SubscriptionController: [getSubId]- mSlotIdToSubIdMap.size == 0, return DummySubIds slotIdx=0
08-04 00:29:05.362  1184  1184 D SubscriptionController: getDummySubIds: slotIdx=0 return 1 DummySubIds with each subId=-2
08-04 00:29:05.362  1184  1184 D SubscriptionController: [getSubId]- mSlotIdToSubIdMap.size == 0, return DummySubIds slotIdx=0
08-04 00:29:05.362  1184  1184 D SubscriptionController: getDummySubIds: slotIdx=0 return 1 DummySubIds with each subId=-2
08-04 00:29:05.364  1184  1184 D SubscriptionController: [getPhoneId]- invalid subId return=-1
08-04 00:29:05.366  1184  1184 D PhoneFactory: getPhone:- phoneId != DEFAULT_PHONE_ID return sProxyPhones[phoneId] phoneId=-1 phone=null
08-04 00:29:05.366  1184  1184 D SubscriptionManager: [getPhoneId]- fail
08-04 00:29:05.417   190   304 D RILC    : RequestComplete, RIL_SOCKET_1
08-04 00:29:05.417   190   304 E RILC    : Send Response to RIL_SOCKET_1
08-04 00:29:05.419  1184  1297 D RILJ    : [3686]< SIM_IO IccIoResponse sw1:0x90 sw2:0x0 [SUB0]
08-04 00:29:05.422   190   304 D RILC    : RequestComplete, RIL_SOCKET_1
08-04 00:29:05.422   190   304 E RILC    : Send Response to RIL_SOCKET_1
08-04 00:29:05.424  1184  1297 D RilRequest: [3687]< SIM_IO error: com.android.internal.telephony.CommandException: GENERIC_FAILURE ret=IccIoResponse sw1:0x94 sw2:0x4
08-04 00:29:05.432  1184  1184 E PhoneBase: Error! registerForCallWaiting() in PhoneBase should not be called, CDMAPhone inactive.
08-04 00:29:05.445  1184  1184 D SubscriptionController: [getSubId]- mSlotIdToSubIdMap.size == 0, return DummySubIds slotIdx=0
08-04 00:29:05.446  1184  1184 D SubscriptionController: getDummySubIds: slotIdx=0 return 1 DummySubIds with each subId=-2
08-04 00:29:05.447  1184  1184 D DCT     : [0]handleMessage msg={ when=-210ms what=270377 obj=android.os.AsyncResult@38c5ebcf target=com.android.internal.telephony.dataconnection.DcTracker }
08-04 00:29:05.447  1184  1184 D DCT     : [0]setupDataOnConnectableApns: nwTypeChanged
08-04 00:29:05.448  1184  1184 D DCT     : [0]setupDataOnConnectableApns: apnContext {mApnType=hipri mState=IDLE mWaitingApns={null} mWaitingApnsPermanentFailureCountDown=0 mApnSetting={null} mReason=radioTurnedOff mDataEnabled=false mDependencyMet=true}
08-04 00:29:05.448  1184  1184 D DCT     : [0]setupDataOnConnectableApns: apnContext {mApnType=mms mState=IDLE mWaitingApns={null} mWaitingApnsPermanentFailureCountDown=0 mApnSetting={null} mReason=radioTurnedOff mDataEnabled=false mDependencyMet=true}
08-04 00:29:05.449  1184  1184 D DCT     : [0]setupDataOnConnectableApns: apnContext {mApnType=supl mState=IDLE mWaitingApns={null} mWaitingApnsPermanentFailureCountDown=0 mApnSetting={null} mReason=radioTurnedOff mDataEnabled=false mDependencyMet=true}
08-04 00:29:05.449  1184  1184 D DCT     : [0]setupDataOnConnectableApns: apnContext {mApnType=cbs mState=IDLE mWaitingApns={null} mWaitingApnsPermanentFailureCountDown=0 mApnSetting={null} mReason=radioTurnedOff mDataEnabled=false mDependencyMet=true}
08-04 00:29:05.453   190   304 D RILC    : RequestComplete, RIL_SOCKET_1
08-04 00:29:05.453   190   304 E RILC    : Send Response to RIL_SOCKET_1
08-04 00:29:05.454  1184  1297 D RilRequest: [3688]< SIM_IO error: com.android.internal.telephony.CommandException: GENERIC_FAILURE ret=IccIoResponse sw1:0x6a sw2:0x82
08-04 00:29:05.455  1184  1184 D DCT     : [0]setupDataOnConnectableApns: apnContext {mApnType=dun mState=IDLE mWaitingApns={null} mWaitingApnsPermanentFailureCountDown=0 mApnSetting={null} mReason=radioTurnedOff mDataEnabled=false mDependencyMet=true}
08-04 00:29:05.456   190   304 D RILC    : RequestComplete, RIL_SOCKET_1
08-04 00:29:05.456   190   304 E RILC    : Send Response to RIL_SOCKET_1
