04-08 10:19:38.137 17070 17070 W ViewRootImpl: Cancelling event due to no window focus: KeyEvent { action=ACTION_UP, keyCode=KEYCODE_DPAD_RIGHT, scanCode=0, metaState=0, flags=0x80000028, repeatCount=0, eventTime=2166325, downTime=2166325, deviceId=-1, source=0x101 }
04-08 10:19:38.138 17070 17070 W ViewRootImpl: Cancelling event due to no window focus: KeyEvent { action=ACTION_UP, keyCode=KEYCODE_DPAD_RIGHT, scanCode=0, metaState=0, flags=0x80000028, repeatCount=0, eventTime=2166325, downTime=2166325, deviceId=-1, source=0x101 }
04-08 10:19:38.139 17070 17070 W ViewRootImpl: Cancelling event due to no window focus: KeyEvent { action=ACTION_UP, keyCode=KEYCODE_DPAD_RIGHT, scanCode=0, metaState=0, flags=0x80000028, repeatCount=0, eventTime=2166325, downTime=2166325, deviceId=-1, source=0x101 }
04-08 10:19:38.421   722  1220 W InputMethodManagerService: Window already focused, ignoring focus gain of: com.android.internal.view.IInputMethodClient$Stub$Proxy@279ac010 attribute=null, token = android.os.BinderProxy@3ade2105
04-08 10:19:56.815   722   808 I WindowManager: Input event dispatching timed out sending to com.youku.phone/com.youku.hotspot.activity.ImmersiveFeedActivity.  Reason: Waiting to send key event because the focused window has not finished processing all of the input events that were previously delivered to it.  Outbound queue length: 0.  Wait queue length: 1.
04-08 10:19:57.132   722  1220 W InputManager: Input event injection from pid 2341 timed out.
04-08 10:19:57.219   722   787 I ActivityManager: Skipping duplicate ANR: ProcessRecord{277c0871 17070:com.youku.phone/u0a54} Input dispatching timed out (Waiting to send key event because the focused window has not finished processing all of the input events that were previously delivered to it.  Outbound queue length: 0.  Wait queue length: 1.)
04-08 10:20:01.573   722   739 I ActivityManager: START u0 {act=android.intent.action.MAIN cat=[android.intent.category.LAUNCHER] flg=0x10200000 cmp=com.youku.phone/.ActivityWelcome} from uid 0 on display 0
04-08 10:20:12.114   722   808 I WindowManager: Input event dispatching timed out sending to com.youku.phone/com.youku.hotspot.activity.ImmersiveFeedActivity.  Reason: Waiting to send key event because the focused window has not finished processing all of the input events that were previously delivered to it.  Outbound queue length: 0.  Wait queue length: 1.
04-08 10:20:12.419   722  5104 W InputManager: Input event injection from pid 2341 timed out.
04-08 10:20:12.955   722   738 W ProcessCpuTracker: Skipping unknown process pid 11476
04-08 10:20:13.117   722   787 I ActivityManager: Skipping duplicate ANR: ProcessRecord{277c0871 17070:com.youku.phone/u0a54} Input dispatching timed out (Waiting to send key event because the focused window has not finished processing all of the input events that were previously delivered to it.  Outbound queue length: 0.  Wait queue length: 1.)
04-08 10:20:18.427   722   808 I WindowManager: Input event dispatching timed out sending to com.youku.phone/com.youku.hotspot.activity.ImmersiveFeedActivity.  Reason: Waiting to send key event because the focused window has not finished processing all of the input events that were previously delivered to it.  Outbound queue length: 0.  Wait queue length: 2.
04-08 10:20:18.656   722   821 W InputManager: Input event injection from pid 2341 timed out.
04-08 10:20:18.922   722   787 I ActivityManager: Skipping duplicate ANR: ProcessRecord{277c0871 17070:com.youku.phone/u0a54} Input dispatching timed out (Waiting to send key event because the focused window has not finished processing all of the input events that were previously delivered to it.  Outbound queue length: 0.  Wait queue length: 2.)
04-08 10:20:23.669   722   808 I WindowManager: Input event dispatching timed out sending to com.youku.phone/com.youku.hotspot.activity.ImmersiveFeedActivity.  Reason: Waiting to send key event because the focused window has not finished processing all of the input events that were previously delivered to it.  Outbound queue length: 0.  Wait queue length: 2.
04-08 10:20:23.998   722   739 W InputManager: Input event injection from pid 2341 timed out.
04-08 10:20:25.209   722   787 I ActivityManager: Skipping duplicate ANR: ProcessRecord{277c0871 17070:com.youku.phone/u0a54} Input dispatching timed out (Waiting to send key event because the focused window has not finished processing all of the input events that were previously delivered to it.  Outbound queue length: 0.  Wait queue length: 2.)
04-08 10:20:30.004   722   808 I WindowManager: Input event dispatching timed out sending to com.youku.phone/com.youku.hotspot.activity.ImmersiveFeedActivity.  Reason: Waiting to send non-key event because the focused window has not finished processing certain input events that were delivered to it over 500.0ms ago.  Wait queue length: 2.  Wait queue head age: 22898.7ms.
04-08 10:20:30.268   722  1255 W InputManager: Input event injection from pid 2341 timed out.
04-08 10:20:30.465   722   787 I ActivityManager: Skipping duplicate ANR: ProcessRecord{277c0871 17070:com.youku.phone/u0a54} Input dispatching timed out (Waiting to send non-key event because the focused window has not finished processing certain input events that were delivered to it over 500.0ms ago.  Wait queue length: 2.  Wait queue head age: 22898.7ms.)
04-08 10:20:35.301   722   808 I WindowManager: Input event dispatching timed out sending to com.youku.phone/com.youku.hotspot.activity.ImmersiveFeedActivity.  Reason: Waiting to send non-key event because the focused window has not finished processing certain input events that were delivered to it over 500.0ms ago.  Wait queue length: 2.  Wait queue head age: 28187.5ms.
04-08 10:20:35.570   722   739 W InputManager: Input event injection from pid 2341 timed out.
04-08 10:20:37.945   722   787 I ActivityManager: Skipping duplicate ANR: ProcessRecord{277c0871 17070:com.youku.phone/u0a54} Input dispatching timed out (Waiting to send non-key event because the focused window has not finished processing certain input events that were delivered to it over 500.0ms ago.  Wait queue length: 2.  Wait queue head age: 28187.5ms.)
04-08 10:20:40.584   722   808 I WindowManager: Input event dispatching timed out sending to com.youku.phone/com.youku.hotspot.activity.ImmersiveFeedActivity.  Reason: Waiting to send non-key event because the focused window has not finished processing certain input events that were delivered to it over 500.0ms ago.  Wait queue length: 2.  Wait queue head age: 33478.8ms.
04-08 10:20:41.219   722  1255 W InputManager: Input event injection from pid 2341 timed out.
04-08 10:20:41.270   722   787 I ActivityManager: Skipping duplicate ANR: ProcessRecord{277c0871 17070:com.youku.phone/u0a54} Input dispatching timed out (Waiting to send non-key event because the focused window has not finished processing certain input events that were delivered to it over 500.0ms ago.  Wait queue length: 2.  Wait queue head age: 33478.8ms.)
04-08 10:20:46.295   722   808 I WindowManager: Input event dispatching timed out sending to com.youku.phone/com.youku.hotspot.activity.ImmersiveFeedActivity.  Reason: Waiting to send non-key event because the focused window has not finished processing certain input events that were delivered to it over 500.0ms ago.  Wait queue length: 1.  Wait queue head age: 33875.5ms.
04-08 10:20:48.295   722   787 I ActivityManager: Skipping duplicate ANR: ProcessRecord{277c0871 17070:com.youku.phone/u0a54} Input dispatching timed out (Waiting to send non-key event because the focused window has not finished processing certain input events that were delivered to it over 500.0ms ago.  Wait queue length: 1.  Wait queue head age: 33875.5ms.)
04-08 10:20:53.512   722   738 V WindowManager: Adding window Window{1d53cd3c u0 AtchDlg:com.youku.phone/com.youku.hotspot.activity.ImmersiveFeedActivity} at 6 of 11 (after Window{d81c55a u0 com.youku.phone/com.youku.hotspot.activity.ImmersiveFeedActivity})
04-08 10:20:54.383   722   738 W InputManager: Input event injection from pid 2341 failed.
04-08 10:20:54.390   722   739 W InputMethodManagerService: Window already focused, ignoring focus gain of: com.android.internal.view.IInputMethodClient$Stub$Proxy@3d9edac5 attribute=null, token = android.os.BinderProxy@3ade2105
04-08 10:21:01.529 17070 17070 W ViewRootImpl: Dropping event due to no window focus: KeyEvent { action=ACTION_DOWN, keyCode=KEYCODE_DPAD_UP, scanCode=0, metaState=0, flags=0x400, repeatCount=0, eventTime=2250881, downTime=2250881, deviceId=-1, source=0x101 }
04-08 10:21:01.974 17070 17070 W ViewRootImpl: Cancelling event due to no window focus: KeyEvent { action=ACTION_UP, keyCode=KEYCODE_DPAD_UP, scanCode=0, metaState=0, flags=0x420, repeatCount=0, eventTime=2250881, downTime=2250881, deviceId=-1, source=0x101 }
04-08 10:21:01.974 17070 17070 W ViewRootImpl: Cancelling event due to no window focus: KeyEvent { action=ACTION_UP, keyCode=KEYCODE_DPAD_UP, scanCode=0, metaState=0, flags=0x420, repeatCount=0, eventTime=2250881, downTime=2250881, deviceId=-1, source=0x101 }
04-08 10:21:01.975 17070 17070 W ViewRootImpl: Cancelling event due to no window focus: KeyEvent { action=ACTION_UP, keyCode=KEYCODE_DPAD_UP, scanCode=0, metaState=0, flags=0x420, repeatCount=0, eventTime=2250881, downTime=2250881, deviceId=-1, source=0x101 }
04-08 10:21:02.004 17070 17070 W ViewRootImpl: Cancelling event due to no window focus: KeyEvent { action=ACTION_UP, keyCode=KEYCODE_DPAD_UP, scanCode=0, metaState=0, flags=0x80000420, repeatCount=0, eventTime=2250881, downTime=2250881, deviceId=-1, source=0x101 }
04-08 10:21:02.005 17070 17070 W ViewRootImpl: Cancelling event due to no window focus: KeyEvent { action=ACTION_UP, keyCode=KEYCODE_DPAD_UP, scanCode=0, metaState=0, flags=0x80000420, repeatCount=0, eventTime=2250881, downTime=2250881, deviceId=-1, source=0x101 }
04-08 10:21:02.006 17070 17070 W ViewRootImpl: Cancelling event due to no window focus: KeyEvent { action=ACTION_UP, keyCode=KEYCODE_DPAD_UP, scanCode=0, metaState=0, flags=0x80000420, repeatCount=0, eventTime=2250881, downTime=2250881, deviceId=-1, source=0x101 }
04-08 10:21:02.006 17070 17070 W ViewRootImpl: Dropping event due to no window focus: KeyEvent { action=ACTION_DOWN, keyCode=KEYCODE_DPAD_UP, scanCode=0, metaState=0, flags=0x400, repeatCount=0, eventTime=2250881, downTime=2250881, deviceId=-1, source=0x101 }
04-08 10:21:02.009 17070 17070 W ViewRootImpl: Cancelling event due to no window focus: KeyEvent { action=ACTION_UP, keyCode=KEYCODE_DPAD_UP, scanCode=0, metaState=0, flags=0x420, repeatCount=0, eventTime=2250881, downTime=2250881, deviceId=-1, source=0x101 }
04-08 10:21:02.009 17070 17070 W ViewRootImpl: Cancelling event due to no window focus: KeyEvent { action=ACTION_UP, keyCode=KEYCODE_DPAD_UP, scanCode=0, metaState=0, flags=0x420, repeatCount=0, eventTime=2250881, downTime=2250881, deviceId=-1, source=0x101 }
04-08 10:21:02.010 17070 17070 W ViewRootImpl: Cancelling event due to no window focus: KeyEvent { action=ACTION_UP, keyCode=KEYCODE_DPAD_UP, scanCode=0, metaState=0, flags=0x420, repeatCount=0, eventTime=2250881, downTime=2250881, deviceId=-1, source=0x101 }
04-08 10:21:02.021 17070 17070 W ViewRootImpl: Cancelling event due to no window focus: KeyEvent { action=ACTION_UP, keyCode=KEYCODE_DPAD_UP, scanCode=0, metaState=0, flags=0x80000420, repeatCount=0, eventTime=2250881, downTime=2250881, deviceId=-1, source=0x101 }
04-08 10:21:02.030 17070 17070 W ViewRootImpl: Cancelling event due to no window focus: KeyEvent { action=ACTION_UP, keyCode=KEYCODE_DPAD_UP, scanCode=0, metaState=0, flags=0x80000420, repeatCount=0, eventTime=2250881, downTime=2250881, deviceId=-1, source=0x101 }
04-08 10:21:02.031 17070 17070 W ViewRootImpl: Cancelling event due to no window focus: KeyEvent { action=ACTION_UP, keyCode=KEYCODE_DPAD_UP, scanCode=0, metaState=0, flags=0x80000420, repeatCount=0, eventTime=2250881, downTime=2250881, deviceId=-1, source=0x101 }
04-08 10:21:02.034 17070 17070 W ViewRootImpl: Dropping event due to no window focus: KeyEvent { action=ACTION_DOWN, keyCode=KEYCODE_DPAD_UP, scanCode=0, metaState=0, flags=0x400, repeatCount=0, eventTime=2250881, downTime=2250881, deviceId=-1, source=0x101 }
04-08 10:21:02.035 17070 17070 W ViewRootImpl: Cancelling event due to no window focus: KeyEvent { action=ACTION_UP, keyCode=KEYCODE_DPAD_UP, scanCode=0, metaState=0, flags=0x420, repeatCount=0, eventTime=2250881, downTime=2250881, deviceId=-1, source=0x101 }
04-08 10:21:02.036 17070 17070 W ViewRootImpl: Cancelling event due to no window focus: KeyEvent { action=ACTION_UP, keyCode=KEYCODE_DPAD_UP, scanCode=0, metaState=0, flags=0x420, repeatCount=0, eventTime=2250881, downTime=2250881, deviceId=-1, source=0x101 }
04-08 10:21:02.038 17070 17070 W ViewRootImpl: Cancelling event due to no window focus: KeyEvent { action=ACTION_UP, keyCode=KEYCODE_DPAD_UP, scanCode=0, metaState=0, flags=0x420, repeatCount=0, eventTime=2250881, downTime=2250881, deviceId=-1, source=0x101 }
04-08 10:21:02.060 17070 17070 W ViewRootImpl: Cancelling event due to no window focus: KeyEvent { action=ACTION_UP, keyCode=KEYCODE_DPAD_UP, scanCode=0, metaState=0, flags=0x80000420, repeatCount=0, eventTime=2250881, downTime=2250881, deviceId=-1, source=0x101 }
04-08 10:21:02.063 17070 17070 W ViewRootImpl: Cancelling event due to no window focus: KeyEvent { action=ACTION_UP, keyCode=KEYCODE_DPAD_UP, scanCode=0, metaState=0, flags=0x80000420, repeatCount=0, eventTime=2250881, downTime=2250881, deviceId=-1, source=0x101 }
04-08 10:21:02.063 17070 17070 W ViewRootImpl: Cancelling event due to no window focus: KeyEvent { action=ACTION_UP, keyCode=KEYCODE_DPAD_UP, scanCode=0, metaState=0, flags=0x80000420, repeatCount=0, eventTime=2250881, downTime=2250881, deviceId=-1, source=0x101 }
04-08 10:21:02.064 17070 17070 W ViewRootImpl: Dropping event due to no window focus: KeyEvent { action=ACTION_DOWN, keyCode=KEYCODE_DPAD_UP, scanCode=0, metaState=0, flags=0x400, repeatCount=0, eventTime=2250881, downTime=2250881, deviceId=-1, source=0x101 }
04-08 10:21:02.069 17070 17070 W ViewRootImpl: Cancelling event due to no window focus: KeyEvent { action=ACTION_UP, keyCode=KEYCODE_DPAD_UP, scanCode=0, metaState=0, flags=0x420, repeatCount=0, eventTime=2250881, downTime=2250881, deviceId=-1, source=0x101 }
04-08 10:21:02.070 17070 17070 W ViewRootImpl: Cancelling event due to no window focus: KeyEvent { action=ACTION_UP, keyCode=KEYCODE_DPAD_UP, scanCode=0, metaState=0, flags=0x420, repeatCount=0, eventTime=2250881, downTime=2250881, deviceId=-1, source=0x101 }
04-08 10:21:02.079 17070 17070 W ViewRootImpl: Cancelling event due to no window focus: KeyEvent { action=ACTION_UP, keyCode=KEYCODE_DPAD_UP, scanCode=0, metaState=0, flags=0x420, repeatCount=0, eventTime=2250881, downTime=2250881, deviceId=-1, source=0x101 }
04-08 10:21:02.128 17070 17070 W ViewRootImpl: Cancelling event due to no window focus: KeyEvent { action=ACTION_UP, keyCode=KEYCODE_DPAD_UP, scanCode=0, metaState=0, flags=0x80000420, repeatCount=0, eventTime=2250881, downTime=2250881, deviceId=-1, source=0x101 }
04-08 10:21:02.129 17070 17070 W ViewRootImpl: Cancelling event due to no window focus: KeyEvent { action=ACTION_UP, keyCode=KEYCODE_DPAD_UP, scanCode=0, metaState=0, flags=0x80000420, repeatCount=0, eventTime=2250881, downTime=2250881, deviceId=-1, source=0x101 }
04-08 10:21:02.129 17070 17070 W ViewRootImpl: Cancelling event due to no window focus: KeyEvent { action=ACTION_UP, keyCode=KEYCODE_DPAD_UP, scanCode=0, metaState=0, flags=0x80000420, repeatCount=0, eventTime=2250881, downTime=2250881, deviceId=-1, source=0x101 }
04-08 10:21:02.130 17070 17070 W ViewRootImpl: Dropping event due to no window focus: KeyEvent { action=ACTION_MULTIPLE, keyCode=KEYCODE_DPAD_UP, scanCode=0, metaState=0, flags=0x400, repeatCount=22, eventTime=2250980, downTime=2250980, deviceId=-1, source=0x101 }
04-08 10:21:02.131 17070 17070 W ViewRootImpl: Dropping event due to no window focus: KeyEvent { action=ACTION_DOWN, keyCode=KEYCODE_DPAD_UP, scanCode=0, metaState=0, flags=0x400, repeatCount=0, eventTime=2250980, downTime=2250980, deviceId=-1, source=0x101 }
04-08 10:21:02.142 17070 17070 W ViewRootImpl: Cancelling event due to no window focus: KeyEvent { action=ACTION_UP, keyCode=KEYCODE_DPAD_UP, scanCode=0, metaState=0, flags=0x420, repeatCount=0, eventTime=2250980, downTime=2250980, deviceId=-1, source=0x101 }
04-08 10:21:02.147 17070 17070 W ViewRootImpl: Cancelling event due to no window focus: KeyEvent { action=ACTION_UP, keyCode=KEYCODE_DPAD_UP, scanCode=0, metaState=0, flags=0x420, repeatCount=0, eventTime=2250980, downTime=2250980, deviceId=-1, source=0x101 }
04-08 10:21:02.149 17070 17070 W ViewRootImpl: Cancelling event due to no window focus: KeyEvent { action=ACTION_UP, keyCode=KEYCODE_DPAD_UP, scanCode=0, metaState=0, flags=0x420, repeatCount=0, eventTime=2250980, downTime=2250980, deviceId=-1, source=0x101 }
04-08 10:21:02.182 17070 17070 W ViewRootImpl: Cancelling event due to no window focus: KeyEvent { action=ACTION_UP, keyCode=KEYCODE_DPAD_UP, scanCode=0, metaState=0, flags=0x80000420, repeatCount=0, eventTime=2250980, downTime=2250980, deviceId=-1, source=0x101 }
04-08 10:21:02.182 17070 17070 W ViewRootImpl: Cancelling event due to no window focus: KeyEvent { action=ACTION_UP, keyCode=KEYCODE_DPAD_UP, scanCode=0, metaState=0, flags=0x80000420, repeatCount=0, eventTime=2250980, downTime=2250980, deviceId=-1, source=0x101 }
04-08 10:21:02.197 17070 17070 W ViewRootImpl: Cancelling event due to no window focus: KeyEvent { action=ACTION_UP, keyCode=KEYCODE_DPAD_UP, scanCode=0, metaState=0, flags=0x80000420, repeatCount=0, eventTime=2250980, downTime=2250980, deviceId=-1, source=0x101 }
04-08 10:21:02.200 17070 17070 W ViewRootImpl: Dropping event due to no window focus: MotionEvent { action=ACTION_MOVE, id[0]=0, x[0]=-1.0, y[0]=-4.0, toolType[0]=TOOL_TYPE_UNKNOWN, buttonState=0, metaState=0, flags=0x0, edgeFlags=0x0, pointerCount=1, historySize=0, eventTime=2250708, downTime=-1, deviceId=0, source=0x10004 }
04-08 10:21:02.206 17070 17070 W ViewRootImpl: Dropping event due to no window focus: MotionEvent { action=ACTION_MOVE, id[0]=0, x[0]=-3.0, y[0]=2.0, toolType[0]=TOOL_TYPE_UNKNOWN, buttonState=0, metaState=0, flags=0x0, edgeFlags=0x0, pointerCount=1, historySize=0, eventTime=2250724, downTime=-1, deviceId=0, source=0x10004 }
04-08 10:21:05.164   722   787 W ProcessCpuTracker: Skipping unknown process pid 24405
04-08 10:21:06.003   722  5105 W InputMethodManagerService: Window already focused, ignoring focus gain of: com.android.internal.view.IInputMethodClient$Stub$Proxy@1ca95c1a attribute=null, token = android.os.BinderProxy@3ade2105
04-08 10:21:23.658   722  5105 I ActivityManager: START u0 {act=android.intent.action.MAIN cat=[android.intent.category.LAUNCHER] flg=0x10200000 cmp=com.youku.phone/.ActivityWelcome} from uid 0 on display 0
04-08 10:21:36.603   722   808 I WindowManager: Input event dispatching timed out sending to com.youku.phone/com.youku.hotspot.activity.ImmersiveFeedActivity.  Reason: Waiting to send key event because the focused window has not finished processing all of the input events that were previously delivered to it.  Outbound queue length: 0.  Wait queue length: 1.
04-08 10:21:36.714   722  5105 W InputManager: Input event injection from pid 2341 timed out.
04-08 10:21:37.062   722   787 I ActivityManager: Skipping duplicate ANR: ProcessRecord{277c0871 17070:com.youku.phone/u0a54} Input dispatching timed out (Waiting to send key event because the focused window has not finished processing all of the input events that were previously delivered to it.  Outbound queue length: 0.  Wait queue length: 1.)
04-08 10:21:46.945   722   821 V WindowManager: Adding window Window{63a9d7d u0 SurfaceView} at 4 of 10 (before Window{d81c55a u0 com.youku.phone/com.youku.hotspot.activity.ImmersiveFeedActivity})
04-08 10:21:50.134   722  5105 W ProcessCpuTracker: Skipping unknown process pid 3603
04-08 10:21:53.006   722  5105 I ActivityManager: START u0 {act=android.intent.action.MAIN cat=[android.intent.category.LAUNCHER] flg=0x10200000 cmp=com.youku.phone/.ActivityWelcome} from uid 0 on display 0
04-08 10:22:07.066   722   738 V WindowManager: Adding window Window{7bde0c3 u0 AtchDlg:com.youku.phone/com.youku.hotspot.activity.ImmersiveFeedActivity} at 6 of 11 (after Window{d81c55a u0 com.youku.phone/com.youku.hotspot.activity.ImmersiveFeedActivity})
04-08 10:22:17.430   722  1255 W InputMethodManagerService: Window already focused, ignoring focus gain of: com.android.internal.view.IInputMethodClient$Stub$Proxy@264d40 attribute=null, token = android.os.BinderProxy@3ade2105
04-08 10:22:22.063   722  3154 V WindowManager: Adding window Window{108a45be u0 AtchDlg:com.youku.phone/com.youku.hotspot.activity.ImmersiveFeedActivity} at 6 of 11 (after Window{d81c55a u0 com.youku.phone/com.youku.hotspot.activity.ImmersiveFeedActivity})
04-08 10:22:23.050   722  5105 W InputMethodManagerService: Window already focused, ignoring focus gain of: com.android.internal.view.IInputMethodClient$Stub$Proxy@1b13c61f attribute=null, token = android.os.BinderProxy@3ade2105
04-08 10:22:31.982   722  2788 V WindowManager: Adding window Window{1611be22 u0 SurfaceView} at 4 of 10 (before Window{d81c55a u0 com.youku.phone/com.youku.hotspot.activity.ImmersiveFeedActivity})
04-08 10:22:46.025   722   808 I WindowManager: Input event dispatching timed out sending to com.youku.phone/com.youku.hotspot.activity.ImmersiveFeedActivity.  Reason: Waiting to send key event because the focused window has not finished processing all of the input events that were previously delivered to it.  Outbound queue length: 0.  Wait queue length: 4.
04-08 10:22:46.160   722   787 I ActivityManager: Skipping duplicate ANR: ProcessRecord{277c0871 17070:com.youku.phone/u0a54} Input dispatching timed out (Waiting to send key event because the focused window has not finished processing all of the input events that were previously delivered to it.  Outbound queue length: 0.  Wait queue length: 4.)
04-08 10:22:46.162   722  2788 W InputManager: Input event injection from pid 2341 timed out.
04-08 10:22:54.041   722   808 I WindowManager: Input event dispatching timed out sending to com.youku.phone/com.youku.hotspot.activity.ImmersiveFeedActivity.  Reason: Waiting to send key event because the focused window has not finished processing all of the input events that were previously delivered to it.  Outbound queue length: 0.  Wait queue length: 1.
04-08 10:22:54.183   722  1242 W InputManager: Input event injection from pid 2341 timed out.
04-08 10:22:54.700   722   739 V WindowManager: Adding window Window{399532b u0 SurfaceView} at 4 of 10 (before Window{d81c55a u0 com.youku.phone/com.youku.hotspot.activity.ImmersiveFeedActivity})
04-08 10:22:54.919   722   787 I ActivityManager: Skipping duplicate ANR: ProcessRecord{277c0871 17070:com.youku.phone/u0a54} Input dispatching timed out (Waiting to send key event because the focused window has not finished processing all of the input events that were previously delivered to it.  Outbound queue length: 0.  Wait queue length: 1.)
04-08 10:22:58.016   722  5104 V WindowManager: Adding window Window{fa28034 u0 SurfaceView} at 4 of 10 (before Window{d81c55a u0 com.youku.phone/com.youku.hotspot.activity.ImmersiveFeedActivity})
04-08 10:23:00.201   722  1242 W ProcessCpuTracker: Skipping unknown process pid 20985
04-08 10:23:06.104   722   821 V WindowManager: Adding window Window{396f7b1e u0 SurfaceView} at 4 of 10 (before Window{d81c55a u0 com.youku.phone/com.youku.hotspot.activity.ImmersiveFeedActivity})
04-08 10:23:17.686   722   738 V WindowManager: Adding window Window{1996fcd0 u0 SurfaceView} at 4 of 10 (before Window{d81c55a u0 com.youku.phone/com.youku.hotspot.activity.ImmersiveFeedActivity})
04-08 10:23:18.898   722   821 I ActivityManager: START u0 {act=android.intent.action.MAIN cat=[android.intent.category.LAUNCHER] flg=0x10200000 cmp=com.youku.phone/.ActivityWelcome} from uid 0 on display 0
04-08 10:23:21.303   722  5104 W ActivityManager: Bad activity token: android.os.BinderProxy@3f3134c9
04-08 10:23:21.303   722  5104 W ActivityManager: java.lang.ClassCastException: android.os.BinderProxy cannot be cast to com.android.server.am.ActivityRecord$Token
04-08 10:23:21.303   722  5104 W ActivityManager: 	at com.android.server.am.ActivityRecord.forToken(ActivityRecord.java:369)
04-08 10:23:21.303   722  5104 W ActivityManager: 	at com.android.server.am.ActivityRecord.isInStackLocked(ActivityRecord.java:1070)
04-08 10:23:21.303   722  5104 W ActivityManager: 	at com.android.server.am.ActivityManagerService.getActivityOptions(ActivityManagerService.java:10639)
04-08 10:23:21.303   722  5104 W ActivityManager: 	at android.app.ActivityManagerNative.onTransact(ActivityManagerNative.java:1681)
04-08 10:23:21.303   722  5104 W ActivityManager: 	at com.android.server.am.ActivityManagerService.onTransact(ActivityManagerService.java:2208)
04-08 10:23:21.303   722  5104 W ActivityManager: 	at android.os.Binder.execTransact(Binder.java:446)
04-08 10:23:21.835 17070 17070 W ViewRootImpl: Dropping event due to no window focus: KeyEvent { action=ACTION_DOWN, keyCode=KEYCODE_TV_TELETEXT, scanCode=0, metaState=0, flags=0x8, repeatCount=0, eventTime=2391324, downTime=2391324, deviceId=-1, source=0x101 }
04-08 10:23:21.836 17070 17070 W ViewRootImpl: Cancelling event due to no window focus: KeyEvent { action=ACTION_UP, keyCode=KEYCODE_TV_TELETEXT, scanCode=0, metaState=0, flags=0x28, repeatCount=0, eventTime=2391338, downTime=2391338, deviceId=-1, source=0x101 }
04-08 10:23:21.837 17070 17070 W ViewRootImpl: Cancelling event due to no window focus: KeyEvent { action=ACTION_UP, keyCode=KEYCODE_TV_TELETEXT, scanCode=0, metaState=0, flags=0x28, repeatCount=0, eventTime=2391338, downTime=2391338, deviceId=-1, source=0x101 }
04-08 10:23:21.837 17070 17070 W ViewRootImpl: Cancelling event due to no window focus: KeyEvent { action=ACTION_UP, keyCode=KEYCODE_TV_TELETEXT, scanCode=0, metaState=0, flags=0x28, repeatCount=0, eventTime=2391338, downTime=2391338, deviceId=-1, source=0x101 }
04-08 10:23:22.321   722   787 I ActivityManager: Waited long enough for: ServiceRecord{32ebfff u0 com.android.music/.MediaPlaybackService}
04-08 10:23:27.844   722   808 I WindowManager: Input event dispatching timed out sending to com.youku.phone/com.youku.ui.activity.HomePageActivity.  Reason: Waiting to send key event because the focused window has not finished processing all of the input events that were previously delivered to it.  Outbound queue length: 0.  Wait queue length: 1.
04-08 10:23:27.966   722  5104 W InputManager: Input event injection from pid 2341 timed out.
04-08 10:23:28.172   722   787 I ActivityManager: Skipping duplicate ANR: ProcessRecord{277c0871 17070:com.youku.phone/u0a54} Input dispatching timed out (Waiting to send key event because the focused window has not finished processing all of the input events that were previously delivered to it.  Outbound queue length: 0.  Wait queue length: 1.)
04-08 10:23:28.471 17070 17070 W ViewRootImpl: Cancelling event due to no window focus: KeyEvent { action=ACTION_UP, keyCode=KEYCODE_TV_TELETEXT, scanCode=0, metaState=0, flags=0x28, repeatCount=0, eventTime=2391338, downTime=2391338, deviceId=-1, source=0x101 }
04-08 10:23:28.472 17070 17070 W ViewRootImpl: Cancelling event due to no window focus: KeyEvent { action=ACTION_UP, keyCode=KEYCODE_TV_TELETEXT, scanCode=0, metaState=0, flags=0x28, repeatCount=0, eventTime=2391338, downTime=2391338, deviceId=-1, source=0x101 }
04-08 10:23:28.472 17070 17070 W ViewRootImpl: Cancelling event due to no window focus: KeyEvent { action=ACTION_UP, keyCode=KEYCODE_TV_TELETEXT, scanCode=0, metaState=0, flags=0x28, repeatCount=0, eventTime=2391338, downTime=2391338, deviceId=-1, source=0x101 }
04-08 10:23:28.491 17070 17070 W ViewRootImpl: Cancelling event due to no window focus: KeyEvent { action=ACTION_UP, keyCode=KEYCODE_TV_TELETEXT, scanCode=0, metaState=0, flags=0x80000028, repeatCount=0, eventTime=2391338, downTime=2391338, deviceId=-1, source=0x101 }
04-08 10:23:28.492 17070 17070 W ViewRootImpl: Cancelling event due to no window focus: KeyEvent { action=ACTION_UP, keyCode=KEYCODE_TV_TELETEXT, scanCode=0, metaState=0, flags=0x80000028, repeatCount=0, eventTime=2391338, downTime=2391338, deviceId=-1, source=0x101 }
04-08 10:23:28.492 17070 17070 W ViewRootImpl: Cancelling event due to no window focus: KeyEvent { action=ACTION_UP, keyCode=KEYCODE_TV_TELETEXT, scanCode=0, metaState=0, flags=0x80000028, repeatCount=0, eventTime=2391338, downTime=2391338, deviceId=-1, source=0x101 }
04-08 10:23:28.501 17070 17070 W ViewRootImpl: Cancelling event due to no window focus: KeyEvent { action=ACTION_UP, keyCode=KEYCODE_DPAD_UP, scanCode=0, metaState=0, flags=0x80000028, repeatCount=0, eventTime=2397704, downTime=2397704, deviceId=-1, source=0x101 }
04-08 10:23:28.509 17070 17070 W ViewRootImpl: Cancelling event due to no window focus: KeyEvent { action=ACTION_UP, keyCode=KEYCODE_DPAD_UP, scanCode=0, metaState=0, flags=0x80000028, repeatCount=0, eventTime=2397704, downTime=2397704, deviceId=-1, source=0x101 }
04-08 10:23:28.509 17070 17070 W ViewRootImpl: Cancelling event due to no window focus: KeyEvent { action=ACTION_UP, keyCode=KEYCODE_DPAD_UP, scanCode=0, metaState=0, flags=0x80000028, repeatCount=0, eventTime=2397704, downTime=2397704, deviceId=-1, source=0x101 }
04-08 10:23:30.714   722   787 W ActivityManager: Launch timeout has expired, giving up wake lock!
04-08 10:23:30.946   722   738 I ActivityManager: START u0 {cmp=com.youku.phone/com.youku.hotspot.activity.ImmersiveFeedActivity (has extras)} from uid 10054 on display 0
04-08 10:23:30.968   722   738 V WindowManager: addAppToken: AppWindowToken{24238883 token=Token{d77c332 ActivityRecord{8088f3d u0 com.youku.phone/com.youku.hotspot.activity.ImmersiveFeedActivity t2}}} to stack=1 task=2 at 2
04-08 10:23:32.167   722   738 V WindowManager: Adding window Window{2f73e239 u0 com.youku.phone/com.youku.hotspot.activity.ImmersiveFeedActivity} at 4 of 9 (after Window{2e320792 u0 com.youku.phone/com.youku.ui.activity.HomePageActivity})
04-08 10:23:32.914 17070 17070 W ViewRootImpl: Dropping event due to no window focus: KeyEvent { action=ACTION_DOWN, keyCode=KEYCODE_PROG_YELLOW, scanCode=0, metaState=0, flags=0x8, repeatCount=0, eventTime=2400587, downTime=2400587, deviceId=-1, source=0x101 }
04-08 10:23:32.948 17070 17070 W ViewRootImpl: Cancelling event due to no window focus: KeyEvent { action=ACTION_UP, keyCode=KEYCODE_PROG_YELLOW, scanCode=0, metaState=0, flags=0x28, repeatCount=0, eventTime=2402012, downTime=2402012, deviceId=-1, source=0x101 }
04-08 10:23:32.948 17070 17070 W ViewRootImpl: Cancelling event due to no window focus: KeyEvent { action=ACTION_UP, keyCode=KEYCODE_PROG_YELLOW, scanCode=0, metaState=0, flags=0x28, repeatCount=0, eventTime=2402012, downTime=2402012, deviceId=-1, source=0x101 }
04-08 10:23:32.949 17070 17070 W ViewRootImpl: Cancelling event due to no window focus: KeyEvent { action=ACTION_UP, keyCode=KEYCODE_PROG_YELLOW, scanCode=0, metaState=0, flags=0x28, repeatCount=0, eventTime=2402012, downTime=2402012, deviceId=-1, source=0x101 }
04-08 10:23:32.949 17070 17070 W ViewRootImpl: Cancelling event due to no window focus: KeyEvent { action=ACTION_UP, keyCode=KEYCODE_PROG_YELLOW, scanCode=0, metaState=0, flags=0x28, repeatCount=0, eventTime=2402012, downTime=2402012, deviceId=-1, source=0x101 }
04-08 10:23:32.957 17070 17070 W ViewRootImpl: Cancelling event due to no window focus: KeyEvent { action=ACTION_UP, keyCode=KEYCODE_PROG_YELLOW, scanCode=0, metaState=0, flags=0x28, repeatCount=0, eventTime=2402012, downTime=2402012, deviceId=-1, source=0x101 }
04-08 10:23:32.957 17070 17070 W ViewRootImpl: Cancelling event due to no window focus: KeyEvent { action=ACTION_UP, keyCode=KEYCODE_PROG_YELLOW, scanCode=0, metaState=0, flags=0x28, repeatCount=0, eventTime=2402012, downTime=2402012, deviceId=-1, source=0x101 }
04-08 10:23:32.984 17070 17070 W ViewRootImpl: Cancelling event due to no window focus: KeyEvent { action=ACTION_UP, keyCode=KEYCODE_PROG_YELLOW, scanCode=0, metaState=0, flags=0x80000028, repeatCount=0, eventTime=2402012, downTime=2402012, deviceId=-1, source=0x101 }
04-08 10:23:32.989 17070 17070 W ViewRootImpl: Cancelling event due to no window focus: KeyEvent { action=ACTION_UP, keyCode=KEYCODE_PROG_YELLOW, scanCode=0, metaState=0, flags=0x80000028, repeatCount=0, eventTime=2402012, downTime=2402012, deviceId=-1, source=0x101 }
04-08 10:23:32.989 17070 17070 W ViewRootImpl: Cancelling event due to no window focus: KeyEvent { action=ACTION_UP, keyCode=KEYCODE_PROG_YELLOW, scanCode=0, metaState=0, flags=0x80000028, repeatCount=0, eventTime=2402012, downTime=2402012, deviceId=-1, source=0x101 }
04-08 10:23:34.793   722   821 V WindowManager: Adding window Window{3f529f71 u0 SurfaceView} at 4 of 10 (before Window{2f73e239 u0 com.youku.phone/com.youku.hotspot.activity.ImmersiveFeedActivity})
04-08 10:23:34.959 17070 17070 W ViewRootImpl: Dropping event due to no window focus: MotionEvent { action=ACTION_MOVE, id[0]=0, x[0]=-1.0, y[0]=-2.0, toolType[0]=TOOL_TYPE_UNKNOWN, buttonState=0, metaState=0, flags=0x0, edgeFlags=0x0, pointerCount=1, historySize=9, eventTime=2400541, downTime=-1, deviceId=0, source=0x10004 }
04-08 10:23:36.683   722   808 I ActivityManager: START u0 {act=android.intent.action.MAIN cat=[android.intent.category.LAUNCHER] flg=0x10000000 cmp=com.android.browser/.BrowserActivity sel=act=android.intent.action.MAIN cat=[android.intent.category.APP_BROWSER]}} from uid 1000 on display 0
04-08 10:23:51.243   722  5105 V WindowManager: Adding window Window{32612330 u0 AtchDlg:com.youku.phone/com.youku.hotspot.activity.ImmersiveFeedActivity} at 6 of 11 (after Window{2f73e239 u0 com.youku.phone/com.youku.hotspot.activity.ImmersiveFeedActivity})
04-08 10:23:51.258 17070 17070 W ViewRootImpl: Dropping event due to no window focus: KeyEvent { action=ACTION_DOWN, keyCode=KEYCODE_MENU, scanCode=0, metaState=0, flags=0x8, repeatCount=0, eventTime=2417995, downTime=2417995, deviceId=-1, source=0x101 }
04-08 10:23:51.259 17070 17070 W ViewRootImpl: Cancelling event due to no window focus: KeyEvent { action=ACTION_UP, keyCode=KEYCODE_MENU, scanCode=0, metaState=0, flags=0x28, repeatCount=0, eventTime=2420986, downTime=2420986, deviceId=-1, source=0x101 }
04-08 10:23:51.260 17070 17070 W ViewRootImpl: Cancelling event due to no window focus: KeyEvent { action=ACTION_UP, keyCode=KEYCODE_MENU, scanCode=0, metaState=0, flags=0x28, repeatCount=0, eventTime=2420986, downTime=2420986, deviceId=-1, source=0x101 }
04-08 10:23:51.260 17070 17070 W ViewRootImpl: Cancelling event due to no window focus: KeyEvent { action=ACTION_UP, keyCode=KEYCODE_MENU, scanCode=0, metaState=0, flags=0x28, repeatCount=0, eventTime=2420986, downTime=2420986, deviceId=-1, source=0x101 }
04-08 10:23:51.261 17070 17070 W ViewRootImpl: Cancelling event due to no window focus: KeyEvent { action=ACTION_UP, keyCode=KEYCODE_MENU, scanCode=0, metaState=0, flags=0x28, repeatCount=0, eventTime=2420986, downTime=2420986, deviceId=-1, source=0x101 }
04-08 10:23:51.287 17070 17070 W ViewRootImpl: Cancelling event due to no window focus: KeyEvent { action=ACTION_UP, keyCode=KEYCODE_MENU, scanCode=0, metaState=0, flags=0x28, repeatCount=0, eventTime=2420986, downTime=2420986, deviceId=-1, source=0x101 }
04-08 10:23:51.287 17070 17070 W ViewRootImpl: Cancelling event due to no window focus: KeyEvent { action=ACTION_UP, keyCode=KEYCODE_MENU, scanCode=0, metaState=0, flags=0x28, repeatCount=0, eventTime=2420986, downTime=2420986, deviceId=-1, source=0x101 }
04-08 10:23:52.316   722  5104 W InputMethodManagerService: Window already focused, ignoring focus gain of: com.android.internal.view.IInputMethodClient$Stub$Proxy@11e57965 attribute=null, token = android.os.BinderProxy@f0b3a00
04-08 10:23:52.346   722  1255 W InputManager: Input event injection from pid 2341 failed.
04-08 10:23:52.359   722  1220 W InputManager: Input event injection from pid 2341 failed.
04-08 10:23:52.363   722  5105 W InputManager: Input event injection from pid 2341 failed.
04-08 10:23:52.391   722   821 W InputManager: Input event injection from pid 2341 failed.
04-08 10:23:52.404   722  5104 W InputManager: Input event injection from pid 2341 failed.
04-08 10:23:52.411   722   739 W InputManager: Input event injection from pid 2341 failed.
04-08 10:23:52.438   722  1255 W InputManager: Input event injection from pid 2341 failed.
04-08 10:23:52.457   722  1220 W InputManager: Input event injection from pid 2341 failed.
04-08 10:23:52.473   722  5105 W InputManager: Input event injection from pid 2341 failed.
04-08 10:23:57.261   722  1220 V WindowManager: Adding window Window{11eba2eb u0 AtchDlg:com.youku.phone/com.youku.hotspot.activity.ImmersiveFeedActivity} at 6 of 11 (after Window{2f73e239 u0 com.youku.phone/com.youku.hotspot.activity.ImmersiveFeedActivity})
04-08 10:23:58.318   722   821 W InputMethodManagerService: Window already focused, ignoring focus gain of: com.android.internal.view.IInputMethodClient$Stub$Proxy@19ba2848 attribute=null, token = android.os.BinderProxy@f0b3a00
04-08 10:23:59.960   722  1255 W ProcessCpuTracker: Skipping unknown process pid 3969
04-08 10:24:13.315   722  1242 V WindowManager: Adding window Window{2b01ec06 u0 AtchDlg:com.youku.phone/com.youku.hotspot.activity.ImmersiveFeedActivity} at 6 of 11 (after Window{2f73e239 u0 com.youku.phone/com.youku.hotspot.activity.ImmersiveFeedActivity})
04-08 10:24:17.703   722  5105 W InputManager: Input event injection from pid 2341 failed.
04-08 10:24:17.723   722  5636 W InputMethodManagerService: Window already focused, ignoring focus gain of: com.android.internal.view.IInputMethodClient$Stub$Proxy@385f82c7 attribute=null, token = android.os.BinderProxy@f0b3a00
04-08 10:24:22.370   722  1253 I ActivityManager: START u0 {act=android.intent.action.MAIN cat=[android.intent.category.LAUNCHER] flg=0x10200000 cmp=com.youku.phone/.ActivityWelcome} from uid 0 on display 0
04-08 10:24:30.173   722  5105 W ProcessCpuTracker: Skipping unknown process pid 11391
04-08 10:24:36.156   722  1253 I ActivityManager: START u0 {act=android.intent.action.MAIN cat=[android.intent.category.LAUNCHER] flg=0x10200000 cmp=com.youku.phone/.ActivityWelcome} from uid 0 on display 0
04-08 10:24:40.022   722  1253 V WindowManager: Adding window Window{290aa51 u0 SurfaceView} at 4 of 10 (before Window{2f73e239 u0 com.youku.phone/com.youku.hotspot.activity.ImmersiveFeedActivity})
04-08 10:24:40.371   722   786 W ActivityManager: SLOW OOM ADJ: 1060ms for pid 2591 = 0
04-08 10:24:44.990   722  5637 I ActivityManager: START u0 {act=android.intent.action.MAIN cat=[android.intent.category.LAUNCHER] flg=0x10200000 cmp=com.youku.phone/.ActivityWelcome} from uid 0 on display 0
04-08 10:24:57.715   722  1253 V WindowManager: not Base app: Adding window Window{10e8abb7 u0 com.youku.phone/com.youku.hotspot.activity.ImmersiveFeedActivity} at 6 of 11
04-08 10:24:57.867   722  1253 I ActivityManager: START u0 {act=android.intent.action.VIEW dat=youku://userChannel pkg=com.youku.phone cmp=com.youku.phone/com.youku.userchannel.ShowUserChannel (has extras)} from uid 10054 on display 0
04-08 10:24:57.886   722  1253 V WindowManager: addAppToken: AppWindowToken{b524c53 token=Token{11faf442 ActivityRecord{12649a8d u0 com.youku.phone/com.youku.userchannel.ShowUserChannel t2}}} to stack=1 task=2 at 2
04-08 10:24:58.508   722  5105 W ActivityManager: getTasks: caller 10054 does not hold GET_TASKS; limiting output
04-08 10:24:59.318   722  1253 V WindowManager: Adding window Window{1eab5aaf u0 com.youku.phone/com.youku.userchannel.ShowUserChannel} at 5 of 10 (after Window{2f73e239 u0 com.youku.phone/com.youku.hotspot.activity.ImmersiveFeedActivity})
04-08 10:24:59.491 17070 17070 W ViewRootImpl: Dropping event due to no window focus: KeyEvent { action=ACTION_DOWN, keyCode=KEYCODE_MENU, scanCode=0, metaState=0, flags=0x8, repeatCount=0, eventTime=2488355, downTime=2488355, deviceId=-1, source=0x101 }
04-08 10:24:59.492 17070 17070 W ViewRootImpl: Cancelling event due to no window focus: KeyEvent { action=ACTION_UP, keyCode=KEYCODE_MENU, scanCode=0, metaState=0, flags=0x28, repeatCount=0, eventTime=2489187, downTime=2489187, deviceId=-1, source=0x101 }
04-08 10:24:59.492 17070 17070 W ViewRootImpl: Cancelling event due to no window focus: KeyEvent { action=ACTION_UP, keyCode=KEYCODE_MENU, scanCode=0, metaState=0, flags=0x28, repeatCount=0, eventTime=2489187, downTime=2489187, deviceId=-1, source=0x101 }
04-08 10:24:59.493 17070 17070 W ViewRootImpl: Cancelling event due to no window focus: KeyEvent { action=ACTION_UP, keyCode=KEYCODE_MENU, scanCode=0, metaState=0, flags=0x28, repeatCount=0, eventTime=2489187, downTime=2489187, deviceId=-1, source=0x101 }
04-08 10:24:59.495 17070 17070 W ViewRootImpl: Cancelling event due to no window focus: KeyEvent { action=ACTION_UP, keyCode=KEYCODE_MENU, scanCode=0, metaState=0, flags=0x28, repeatCount=0, eventTime=2489187, downTime=2489187, deviceId=-1, source=0x101 }
04-08 10:24:59.497 17070 17070 W ViewRootImpl: Cancelling event due to no window focus: KeyEvent { action=ACTION_UP, keyCode=KEYCODE_MENU, scanCode=0, metaState=0, flags=0x28, repeatCount=0, eventTime=2489187, downTime=2489187, deviceId=-1, source=0x101 }
04-08 10:24:59.497 17070 17070 W ViewRootImpl: Cancelling event due to no window focus: KeyEvent { action=ACTION_UP, keyCode=KEYCODE_MENU, scanCode=0, metaState=0, flags=0x28, repeatCount=0, eventTime=2489187, downTime=2489187, deviceId=-1, source=0x101 }
04-08 10:25:00.283   722  5637 W ProcessCpuTracker: Skipping unknown process pid 18822
04-08 10:25:00.296   722  5637 W ProcessCpuTracker: Skipping unknown process pid 18836
04-08 10:25:21.083   722  1255 I ActivityManager: START u0 {cmp=com.youku.phone/com.youku.ui.activity.DetailActivity (has extras)} from uid 10054 on display 0
04-08 10:25:21.106   722  1255 V WindowManager: addAppToken: AppWindowToken{1c7424bb token=Token{3924cd4a ActivityRecord{36e992b5 u0 com.youku.phone/com.youku.ui.activity.DetailActivity t2}}} to stack=1 task=2 at 3
04-08 10:25:26.412   722   808 I WindowManager: Input event dispatching timed out sending to application AppWindowToken{1c7424bb token=Token{3924cd4a ActivityRecord{36e992b5 u0 com.youku.phone/com.youku.ui.activity.DetailActivity t2}}}.  Reason: Waiting because no window has focus but there is a focused application that may eventually add a window when it finishes starting up.
04-08 10:25:26.587   722   787 I ActivityManager: Skipping duplicate ANR: ProcessRecord{277c0871 17070:com.youku.phone/u0a54} Input dispatching timed out (Waiting because no window has focus but there is a focused application that may eventually add a window when it finishes starting up.)
04-08 10:25:26.605   722   738 W InputManager: Input event injection from pid 2341 timed out.
04-08 10:25:27.490   722   739 V WindowManager: Adding window Window{37d5b576 u0 com.youku.phone/com.youku.ui.activity.DetailActivity} at 6 of 11 (after Window{1eab5aaf u0 com.youku.phone/com.youku.userchannel.ShowUserChannel})
04-08 10:25:28.938   722  1255 V WindowManager: Adding window Window{25ff8805 u0 SurfaceView} at 6 of 12 (before Window{37d5b576 u0 com.youku.phone/com.youku.ui.activity.DetailActivity})
04-08 10:25:29.018 17070 17070 W ViewRootImpl: Cancelling event due to no window focus: KeyEvent { action=ACTION_UP, keyCode=KEYCODE_BUTTON_Y, scanCode=0, metaState=0, flags=0x80000028, repeatCount=0, eventTime=2516343, downTime=2516343, deviceId=-1, source=0x101 }
04-08 10:25:29.021 17070 17070 W ViewRootImpl: Cancelling event due to no window focus: KeyEvent { action=ACTION_UP, keyCode=KEYCODE_BUTTON_Y, scanCode=0, metaState=0, flags=0x80000028, repeatCount=0, eventTime=2516343, downTime=2516343, deviceId=-1, source=0x101 }
04-08 10:25:29.022 17070 17070 W ViewRootImpl: Cancelling event due to no window focus: KeyEvent { action=ACTION_UP, keyCode=KEYCODE_BUTTON_Y, scanCode=0, metaState=0, flags=0x80000028, repeatCount=0, eventTime=2516343, downTime=2516343, deviceId=-1, source=0x101 }
04-08 10:25:29.022 17070 17070 W ViewRootImpl: Cancelling event due to no window focus: KeyEvent { action=ACTION_UP, keyCode=KEYCODE_BUTTON_Y, scanCode=0, metaState=0, flags=0x80000028, repeatCount=0, eventTime=2516343, downTime=2516343, deviceId=-1, source=0x101 }
04-08 10:25:29.030 17070 17070 W ViewRootImpl: Cancelling event due to no window focus: KeyEvent { action=ACTION_UP, keyCode=KEYCODE_BUTTON_Y, scanCode=0, metaState=0, flags=0x80000028, repeatCount=0, eventTime=2516343, downTime=2516343, deviceId=-1, source=0x101 }
04-08 10:25:29.030 17070 17070 W ViewRootImpl: Cancelling event due to no window focus: KeyEvent { action=ACTION_UP, keyCode=KEYCODE_BUTTON_Y, scanCode=0, metaState=0, flags=0x80000028, repeatCount=0, eventTime=2516343, downTime=2516343, deviceId=-1, source=0x101 }
04-08 10:25:29.034 17070 17070 W ViewRootImpl: Cancelling event due to no window focus: KeyEvent { action=ACTION_UP, keyCode=KEYCODE_BUTTON_Y, scanCode=0, metaState=0, flags=0x80000028, repeatCount=0, eventTime=2516343, downTime=2516343, deviceId=-1, source=0x101 }
04-08 10:25:29.034 17070 17070 W ViewRootImpl: Cancelling event due to no window focus: KeyEvent { action=ACTION_UP, keyCode=KEYCODE_BUTTON_Y, scanCode=0, metaState=0, flags=0x80000028, repeatCount=0, eventTime=2516343, downTime=2516343, deviceId=-1, source=0x101 }
04-08 10:25:29.035 17070 17070 W ViewRootImpl: Cancelling event due to no window focus: KeyEvent { action=ACTION_UP, keyCode=KEYCODE_BUTTON_Y, scanCode=0, metaState=0, flags=0x80000028, repeatCount=0, eventTime=2516343, downTime=2516343, deviceId=-1, source=0x101 }
04-08 10:25:34.420   722   787 I ActivityManager: Waited long enough for: ServiceRecord{11bcf1f2 u0 com.android.music/.MediaPlaybackService}
04-08 10:26:07.241   722  2788 I ActivityManager: START u0 {act=android.intent.action.MAIN cat=[android.intent.category.LAUNCHER] flg=0x10200000 cmp=com.youku.phone/.ActivityWelcome} from uid 0 on display 0
04-08 10:26:14.064   722  1253 V WindowManager: Adding window Window{12301c67 u0 AtchDlg:com.youku.phone/com.youku.ui.activity.DetailActivity} at 8 of 13 (after Window{37d5b576 u0 com.youku.phone/com.youku.ui.activity.DetailActivity})
04-08 10:26:16.902   722  5636 W InputMethodManagerService: Window already focused, ignoring focus gain of: com.android.internal.view.IInputMethodClient$Stub$Proxy@14e55380 attribute=null, token = android.os.BinderProxy@7a19011
04-08 10:26:44.056   722   808 I ActivityManager: START u0 {act=android.intent.action.MAIN cat=[android.intent.category.LAUNCHER] flg=0x10000000 cmp=com.android.calendar/.AllInOneActivity sel=act=android.intent.action.MAIN cat=[android.intent.category.APP_CALENDAR]}} from uid 1000 on display 0
04-08 10:26:48.664   722   738 V WindowManager: Adding window Window{330c27ac u0 AtchDlg:com.youku.phone/com.youku.ui.activity.DetailActivity} at 8 of 13 (after Window{37d5b576 u0 com.youku.phone/com.youku.ui.activity.DetailActivity})
04-08 10:26:58.722   722  1255 W InputMethodManagerService: Window already focused, ignoring focus gain of: com.android.internal.view.IInputMethodClient$Stub$Proxy@b4b7c75 attribute=null, token = android.os.BinderProxy@7a19011
04-08 10:27:21.115   722   739 V WindowManager: Adding window Window{263d26d6 u0 AtchDlg:com.youku.phone/com.youku.ui.activity.DetailActivity} at 8 of 13 (after Window{37d5b576 u0 com.youku.phone/com.youku.ui.activity.DetailActivity})
04-08 10:27:25.370 17070 17070 W ViewRootImpl: Dropping event due to no window focus: KeyEvent { action=ACTION_DOWN, keyCode=KEYCODE_DPAD_LEFT, scanCode=0, metaState=0, flags=0x8, repeatCount=0, eventTime=2634787, downTime=2634787, deviceId=-1, source=0x101 }
04-08 10:27:25.371 17070 17070 W ViewRootImpl: Cancelling event due to no window focus: KeyEvent { action=ACTION_UP, keyCode=KEYCODE_DPAD_LEFT, scanCode=0, metaState=0, flags=0x28, repeatCount=0, eventTime=2634789, downTime=2634789, deviceId=-1, source=0x101 }
04-08 10:27:25.379 17070 17070 W ViewRootImpl: Cancelling event due to no window focus: KeyEvent { action=ACTION_UP, keyCode=KEYCODE_DPAD_LEFT, scanCode=0, metaState=0, flags=0x28, repeatCount=0, eventTime=2634789, downTime=2634789, deviceId=-1, source=0x101 }
04-08 10:27:25.380 17070 17070 W ViewRootImpl: Cancelling event due to no window focus: KeyEvent { action=ACTION_UP, keyCode=KEYCODE_DPAD_LEFT, scanCode=0, metaState=0, flags=0x28, repeatCount=0, eventTime=2634789, downTime=2634789, deviceId=-1, source=0x101 }
04-08 10:27:25.380 17070 17070 W ViewRootImpl: Cancelling event due to no window focus: KeyEvent { action=ACTION_UP, keyCode=KEYCODE_DPAD_LEFT, scanCode=0, metaState=0, flags=0x28, repeatCount=0, eventTime=2634789, downTime=2634789, deviceId=-1, source=0x101 }
04-08 10:27:25.381 17070 17070 W ViewRootImpl: Cancelling event due to no window focus: KeyEvent { action=ACTION_UP, keyCode=KEYCODE_DPAD_LEFT, scanCode=0, metaState=0, flags=0x28, repeatCount=0, eventTime=2634789, downTime=2634789, deviceId=-1, source=0x101 }
04-08 10:27:25.383 17070 17070 W ViewRootImpl: Cancelling event due to no window focus: KeyEvent { action=ACTION_UP, keyCode=KEYCODE_DPAD_LEFT, scanCode=0, metaState=0, flags=0x28, repeatCount=0, eventTime=2634789, downTime=2634789, deviceId=-1, source=0x101 }
04-08 10:27:25.415 17070 17070 W ViewRootImpl: Cancelling event due to no window focus: KeyEvent { action=ACTION_UP, keyCode=KEYCODE_DPAD_LEFT, scanCode=0, metaState=0, flags=0x80000028, repeatCount=0, eventTime=2634789, downTime=2634789, deviceId=-1, source=0x101 }
