04-08 09:43:59.419   190   304 I RILC    : RIL_SOCKET_1 UNSOLICITED: UNSOL_RESPONSE_VOICE_NETWORK_STATE_CHANGED length:8
04-08 09:43:59.419   190   304 E RILC    : Send Response to RIL_SOCKET_1
04-08 09:43:59.419   190   304 I RILC    : RIL_SOCKET_1 UNSOLICITED: UNSOL_SIGNAL_STRENGTH length:60
04-08 09:43:59.419   190   304 E RILC    : Send Response to RIL_SOCKET_1
04-08 09:43:59.419  1184  1297 D RILJ    : [UNSL]< UNSOL_RESPONSE_VOICE_NETWORK_STATE_CHANGED [SUB0]
04-08 09:43:59.429  1184  1353 D SubscriptionController: [getPhoneId] asked for default subId=-1
04-08 09:43:59.432  1184  1184 D SubscriptionController: [getPhoneId]- no sims, returning default phoneId=2147483647
04-08 09:43:59.443  1184  1184 D TelephonyManager: getTelephonyProperty: return propVal='null' phoneId=2147483647 property='gsm.sim.operator.iso-country' defaultVal='' prop=cn
04-08 09:43:59.444  1184  1184 D SubscriptionController: [getSubInfoRecord] id:1 iccid:89860115921101579076 simSlotIndex:0 displayName:CARD 1 nameSource:0 iconTint:-16746133 dataRoaming:0 mcc:460 mnc:1 countIso:
04-08 09:43:59.447  1184  1353 D SubscriptionController: [getPhoneId]- invalid subId return=-1
04-08 09:43:59.449  1184  1184 D SubscriptionController: [getPhoneId]- no sims, returning default phoneId=2147483647
04-08 09:43:59.460  1184  1184 D PhoneFactory: getPhone:- phoneId == DEFAULT_PHONE_ID return sProxyPhone phoneId=2147483647 phone=Handler (com.android.internal.telephony.PhoneProxy) {3b726564}
04-08 09:43:59.463  1184  1184 D SubscriptionController: [getPhoneId]- no sims, returning default phoneId=2147483647
04-08 09:43:59.474  1184  1184 D SubscriptionController: [getSubInfoUsingSlotId]- null info return
04-08 09:43:59.474  1184  1184 D SubscriptionInfoUpdater: updateSubscriptionInfoByIccId: oldSubId = 1
04-08 09:43:59.474  1184  1184 D SubscriptionInfoUpdater: updateSubscriptionInfoByIccId: oldIccId[0] = 89860115921101579076, sIccId[0] = 89860115921101579076
04-08 09:43:59.476  1184  1184 D SubscriptionController: [addSubInfoRecord]+ iccId:89860115921101579076 slotId:0
04-08 09:43:59.480   722   786 D SubscriptionManager: [getPhoneId]- fail
04-08 09:43:59.480  1184  1184 D SubscriptionController: [getSubId]- mSlotIdToSubIdMap.size == 0, return DummySubIds slotIdx=0
04-08 09:43:59.480  1184  1184 D SubscriptionController: getDummySubIds: slotIdx=0 return 1 DummySubIds with each subId=-2
04-08 09:43:59.481  1184  1184 D SubscriptionManager: [getPhoneId]- fail
04-08 09:43:59.481  1184  1184 D TelephonyManager: getTelephonyProperty: return propVal='null' phoneId=-1 property='gsm.sim.operator.alpha' defaultVal='' prop=
04-08 09:43:59.481  1184  1184 D SubscriptionController: [addSubInfoRecord] sim name = CARD 1
04-08 09:43:59.490  1184  1184 D SubscriptionController: [addSubInfoRecord] carrier name = 
04-08 09:43:59.495  1184  1228 D SubscriptionController: [getPhoneId]- invalid subId return=-1
04-08 09:43:59.507  1184  1228 D PhoneFactory: getPhone:- phoneId != DEFAULT_PHONE_ID return sProxyPhones[phoneId] phoneId=-1 phone=null
04-08 09:43:59.509   722   786 D TelephonyManager: getTelephonyProperty: return propVal='null' phoneId=-1 property='gsm.current.phone-type' defaultVal='null' prop=1
04-08 09:43:59.509   722   786 D TelephonyManager: getTelephonyProperty: return propVal='null' phoneId=-1 property='ro.telephony.default_network' defaultVal='null' prop=10
04-08 09:43:59.520   190   531 I RILQ    : (0/190):RIL[0][qmi_cb] qcril_qmi_nas_update_data_rte: completed, new drte 0 with confidence 4
04-08 09:43:59.522   190   531 I RILC    : RIL_SOCKET_1 UNSOLICITED: UNSOL_RESPONSE_VOICE_NETWORK_STATE_CHANGED length:8
04-08 09:43:59.522   190   531 E RILC    : Send Response to RIL_SOCKET_1
04-08 09:43:59.522   190   531 I RILC    : RIL_SOCKET_1 UNSOLICITED: UNSOL_RESPONSE_VOICE_NETWORK_STATE_CHANGED length:8
04-08 09:43:59.522   190   531 E RILC    : Send Response to RIL_SOCKET_1
04-08 09:43:59.523  1184  1297 D RILJ    : [UNSL]< UNSOL_RESPONSE_VOICE_NETWORK_STATE_CHANGED [SUB0]
04-08 09:43:59.523   190   531 I RILQ    : (0/190):RIL[0][qmi_cb] qcril_qmi_nas_update_data_rte: completed, new drte 0 with confidence 4
04-08 09:43:59.523  1184  1297 D RILJ    : [UNSL]< UNSOL_RESPONSE_VOICE_NETWORK_STATE_CHANGED [SUB0]
04-08 09:43:59.524   190   531 I RILC    : RIL_SOCKET_1 UNSOLICITED: UNSOL_RESPONSE_VOICE_NETWORK_STATE_CHANGED length:8
04-08 09:43:59.524   190   531 E RILC    : Send Response to RIL_SOCKET_1
04-08 09:43:59.525  1184  1297 D RILJ    : [UNSL]< UNSOL_RESPONSE_VOICE_NETWORK_STATE_CHANGED [SUB0]
04-08 09:43:59.526   722   786 D SubscriptionManager: [getPhoneId]- fail
04-08 09:43:59.526   722   786 D TelephonyManager: getTelephonyProperty: return propVal='null' phoneId=-1 property='gsm.sim.operator.iso-country' defaultVal='' prop=cn
04-08 09:43:59.552  1184  1228 D SubscriptionController: [getPhoneId]- no sims, returning default phoneId=2147483647
04-08 09:43:59.557  1508  1508 D TelephonyManager: getTelephonyProperty: return propVal='null' phoneId=2147483647 property='gsm.operator.isroaming' defaultVal='null' prop=false
04-08 09:43:59.628  1184  1544 D SubscriptionController: [getPhoneId]- no sims, returning default phoneId=2147483647
04-08 09:43:59.634  1184  1544 D PhoneFactory: getPhone:- phoneId == DEFAULT_PHONE_ID return sProxyPhone phoneId=2147483647 phone=Handler (com.android.internal.telephony.PhoneProxy) {3b726564}
04-08 09:43:59.635  1184  1544 D DCT     : [0]getDataEnabled: getIntWithSubId retVal=true
04-08 09:43:59.703  1184  1184 D SubscriptionController: [getActiveSubInfoList]+
04-08 09:43:59.707  1184  1184 D SubscriptionController: [getActiveSubInfoList] Sub Controller not ready
04-08 09:43:59.784  1184  1184 D SubscriptionController: [addSubInfoRecord] Record already exists
04-08 09:43:59.810  1184  1184 D SubscriptionController: [addSubInfoRecord] mSlotIdxToSubId.size=1 slotId=0 subId=1 defaultSubId=1 simCount=1
04-08 09:43:59.814  1184  1184 D SubscriptionController: [setDefaultFallbackSubId] subId=1
04-08 09:43:59.817  1184  1184 D SubscriptionController: [setDefaultFallbackSubId] set mDefaultFallbackSubId=1
04-08 09:43:59.820  1184  1184 D TelephonyManager: getTelephonyProperty: return propVal='46001' phoneId=0 property='gsm.sim.operator.numeric' defaultVal='' prop=46001
04-08 09:43:59.822  1184  1184 D TelephonyManager: getSimOperatorNumeric(): default subId=1
04-08 09:43:59.823  1184  1184 D TelephonyManager: getTelephonyProperty: return propVal='46001' phoneId=0 property='gsm.sim.operator.numeric' defaultVal='' prop=46001
04-08 09:43:59.902  1184  1184 D SubscriptionController: [setDefaultFallbackSubId] broadcast default subId changed phoneId=0 subId=1
04-08 09:43:59.934   722   722 D SubscriptionManager: [getPhoneId]- fail
04-08 09:43:59.939  1184  1184 D SubscriptionController: [addSubInfoRecord] one sim set defaults to subId=1
04-08 09:43:59.954  1184  1184 D SubscriptionController: [setDefaultDataSubId] subId=1
04-08 09:43:59.958  1184  1184 D SubscriptionController: [setDefaultDataSubId] num phones=1
04-08 09:43:59.962  1184  1184 D SubscriptionController: [setDefaultDataSubId] phoneId=0 subId=1 RAF=1
04-08 09:43:59.966  1184  1184 D SubscriptionController: [setDefaultDataSubId] reqRAF=65545
04-08 09:43:59.971  1184  1184 D PhoneFactory: calculatePreferredNetworkType: phoneSubId = 1 networkType = 10
04-08 09:43:59.972  1184  1184 D SubscriptionController: [setDefaultDataSubId] networkType=10
04-08 09:43:59.976  1184  1184 D SubscriptionController: [setDefaultDataSubId] newRAF=65544
04-08 09:43:59.979  1184  1184 D ProxyController: setRadioCapability: mSetRadioAccessFamilyStatus[0]=0
04-08 09:43:59.979  1184  1184 D ProxyController: clearTransaction
04-08 09:43:59.979  1184  1184 D ProxyController: clearTransaction: phoneId=0 status=IDLE
04-08 09:43:59.985  1184  1184 D ProxyController: setRadioCapability: new request session id=2022335600
04-08 09:43:59.985  1184  1184 D ProxyController: setRadioCapability: phoneId=0 status=STARTING
04-08 09:43:59.986  1184  1184 D ProxyController: setRadioCapability: mOldRadioAccessFamily[0]=1
04-08 09:43:59.986  1184  1184 D ProxyController: setRadioCapability: mNewRadioAccessFamily[0]=65544
04-08 09:43:59.987  1184  1184 D RILJ    : [3716]> RIL_REQUEST_SET_RADIO_CAPABILITY {mPhoneId = 0 mVersion=1 mSession=2022335600 mPhase=1 mRadioAccessFamily=1 mLogicModemId=0 mStatus=0} [SUB0]
04-08 09:43:59.995  1184  1184 D SubscriptionController: [updateAllDataConnectionTrackers] sProxyPhones.length=1
04-08 09:43:59.996   190   301 D RILC    : RequestComplete, RIL_SOCKET_1
04-08 09:43:59.996   190   301 E RILC    : Send Response to RIL_SOCKET_1
04-08 09:43:59.997  1184  1297 D RilRequest: [3716]< RIL_REQUEST_SET_RADIO_CAPABILITY error: com.android.internal.telephony.CommandException: GENERIC_FAILURE ret=
04-08 09:43:59.998  1184  1184 D SubscriptionController: [updateAllDataConnectionTrackers] phoneId=0
04-08 09:44:00.001  1184  1184 D PhoneProxy: [PhoneProxy] Updating Data Connection Tracker
04-08 09:44:00.002  1184  1184 D DCT     : [0]update sub = 1
04-08 09:44:00.002  1184  1184 D DCT     : [0]update(): Active DDS, register for all events now!
04-08 09:44:00.006  1184  1184 D GsmSST  : [GsmSST] notifyDataRegStateRilRadioTechnologyChanged: drs=1 rat=0
04-08 09:44:00.007  1184  1184 D TelephonyManager: setTelephonyProperty: success phoneId=0 property=gsm.network.type value: Unknown propVal=Unknown
04-08 09:44:00.009  1184  1184 D DCT     : [0]getDataEnabled: getIntWithSubId retVal=true
04-08 09:44:00.012  1184  1184 D GSMPhone: [GSMPhone] updateCurrentCarrierInProvider: mSubId = 1 currentDds = 1 operatorNumeric = 46001
04-08 09:44:00.020  1184  1545 D PhoneFactory: getPhone:- phoneId != DEFAULT_PHONE_ID return sProxyPhones[phoneId] phoneId=0 phone=Handler (com.android.internal.telephony.PhoneProxy) {3b726564}
04-08 09:44:00.041  1184  1224 D PhoneFactory: getPhone:- phoneId != DEFAULT_PHONE_ID return sProxyPhones[phoneId] phoneId=0 phone=Handler (com.android.internal.telephony.PhoneProxy) {3b726564}
04-08 09:44:00.056   722   786 D TelephonyManager: getTelephonyProperty: return propVal='null' phoneId=0 property='gsm.operator.iso-country' defaultVal='' prop=
04-08 09:44:00.061  1184  1224 D PhoneFactory: getPhone:- phoneId != DEFAULT_PHONE_ID return sProxyPhones[phoneId] phoneId=0 phone=Handler (com.android.internal.telephony.PhoneProxy) {3b726564}
04-08 09:44:00.061  1184  1224 D DCT     : [0]getDataEnabled: getIntWithSubId retVal=true
04-08 09:44:00.066   722   786 D TelephonyManager: getTelephonyProperty: return propVal='cn' phoneId=0 property='gsm.sim.operator.iso-country' defaultVal='' prop=cn
04-08 09:44:00.107  1184  1184 D SubscriptionController: [broadcastDefaultDataSubIdChanged] subId=1
04-08 09:44:00.115  1184  1184 D SubscriptionController: [setDefaultSmsSubId] subId=1
04-08 09:44:00.126  1184  1184 D SubscriptionController: [broadcastDefaultSmsSubIdChanged] subId=1
04-08 09:44:00.135  1184  1184 D SubscriptionController: [setDefaultVoiceSubId] subId=1
04-08 09:44:00.144  1184  1184 D SubscriptionController: [broadcastDefaultVoiceSubIdChanged] subId=1
04-08 09:44:00.155  1184  1184 D SubscriptionController: [addSubInfoRecord] hashmap(0,1)
04-08 09:44:00.164  1184  1184 D SubscriptionController: [updateAllDataConnectionTrackers] sProxyPhones.length=1
04-08 09:44:00.167  1184  1184 D SubscriptionController: [updateAllDataConnectionTrackers] phoneId=0
04-08 09:44:00.171  1184  1184 D PhoneProxy: [PhoneProxy] Updating Data Connection Tracker
04-08 09:44:00.172  1184  1184 D DCT     : [0]update sub = 1
04-08 09:44:00.172  1184  1184 D DCT     : [0]update(): Active DDS, register for all events now!
04-08 09:44:00.173  1184  1184 D GsmSST  : [GsmSST] notifyDataRegStateRilRadioTechnologyChanged: drs=1 rat=0
04-08 09:44:00.174  1184  1184 D TelephonyManager: setTelephonyProperty: success phoneId=0 property=gsm.network.type value: Unknown propVal=Unknown
04-08 09:44:00.176  1184  1184 D DCT     : [0]getDataEnabled: getIntWithSubId retVal=true
04-08 09:44:00.178  1184  1184 D GSMPhone: [GSMPhone] updateCurrentCarrierInProvider: mSubId = 1 currentDds = 1 operatorNumeric = 46001
04-08 09:44:00.256  1184  1184 D SubscriptionController: [addSubInfoRecord]- info size=1
04-08 09:44:00.260  1184  1184 D SubscriptionInfoUpdater: newSim = false
04-08 09:44:00.260  1184  1184 D SubscriptionInfoUpdater: updateSubscriptionInfoByIccId: sInsertSimState[0] = 0
04-08 09:44:00.263  1184  1184 D SubscriptionController: [getActiveSubInfoList]+
04-08 09:44:00.266  1184  1184 D SubscriptionController: selection:sim_id>=0 null
04-08 09:44:00.277  1184  1353 D PhoneFactory: getPhone:- phoneId != DEFAULT_PHONE_ID return sProxyPhones[phoneId] phoneId=0 phone=Handler (com.android.internal.telephony.PhoneProxy) {3b726564}
04-08 09:44:00.277  1184  1353 D DCT     : [0]getDataEnabled: getIntWithSubId retVal=true
04-08 09:44:00.299  1184  1184 D TelephonyManager: getTelephonyProperty: return propVal='cn' phoneId=0 property='gsm.sim.operator.iso-country' defaultVal='' prop=cn
04-08 09:44:00.300  1184  1184 D SubscriptionController: [getSubInfoRecord] id:1 iccid:89860115921101579076 simSlotIndex:0 displayName:CARD 1 nameSource:0 iconTint:-16746133 dataRoaming:0 mcc:460 mnc:1 countIso:cn
04-08 09:44:00.303  1184  1184 D PhoneFactory: getPhone:- phoneId != DEFAULT_PHONE_ID return sProxyPhones[phoneId] phoneId=0 phone=Handler (com.android.internal.telephony.PhoneProxy) {3b726564}
04-08 09:44:00.314  1184  1184 D SubscriptionController: [getActiveSubInfoList]- 1 infos return
04-08 09:44:00.318  1184  1184 D SubscriptionInfoUpdater: updateSubscriptionInfoByIccId: nSubCount = 1
04-08 09:44:00.324  1184  1184 D PhoneFactory: getPhone:- phoneId != DEFAULT_PHONE_ID return sProxyPhones[phoneId] phoneId=0 phone=Handler (com.android.internal.telephony.PhoneProxy) {3b726564}
04-08 09:44:00.374  1184  1184 D SubscriptionController: notifySubscriptionInfoChanged:
04-08 09:44:00.383   722   722 D TelephonyManager: getSimOperatorNumeric(): default subId=1
04-08 09:44:00.387   722   722 D TelephonyManager: getTelephonyProperty: return propVal='46001' phoneId=0 property='gsm.sim.operator.numeric' defaultVal='' prop=46001
04-08 09:44:00.391  1184  1184 D SubscriptionInfoUpdater: updateSubscriptionInfoByIccId:- SsubscriptionInfo update complete
04-08 09:44:00.395  1184  1184 D TelephonyManager: getSimOperatorNumeric(): default subId=1
04-08 09:44:00.397  1184  1184 D TelephonyManager: getTelephonyProperty: return propVal='46001' phoneId=0 property='gsm.sim.operator.numeric' defaultVal='' prop=46001
04-08 09:44:00.521   190   301 I RILC    : RIL_SOCKET_1 UNSOLICITED: UNSOL_RESPONSE_VOICE_NETWORK_STATE_CHANGED length:8
04-08 09:44:00.521   190   301 E RILC    : Send Response to RIL_SOCKET_1
04-08 09:44:00.522  1184  1297 D RILJ    : [UNSL]< UNSOL_RESPONSE_VOICE_NETWORK_STATE_CHANGED [SUB0]
04-08 09:44:00.722  1184  1184 D SubscriptionController: [setMccMnc]+ mcc/mnc:460/1 subId:1
04-08 09:44:00.751  1184  1184 D SubscriptionController: notifySubscriptionInfoChanged:
04-08 09:44:00.753  1184  1544 D SubscriptionController: [getActiveSubInfoList]+
04-08 09:44:00.757   722   722 D TelephonyManager: getSimOperatorNumeric(): default subId=1
04-08 09:44:00.758  1184  1544 D SubscriptionController: selection:sim_id>=0 null
04-08 09:44:00.758   722   722 D TelephonyManager: getTelephonyProperty: return propVal='46001' phoneId=0 property='gsm.sim.operator.numeric' defaultVal='' prop=46001
04-08 09:44:00.760  1184  1184 D PhoneFactory: getPhone:- phoneId != DEFAULT_PHONE_ID return sProxyPhones[phoneId] phoneId=0 phone=Handler (com.android.internal.telephony.PhoneProxy) {3b726564}
04-08 09:44:00.775  1184  1544 D TelephonyManager: getTelephonyProperty: return propVal='cn' phoneId=0 property='gsm.sim.operator.iso-country' defaultVal='' prop=cn
04-08 09:44:00.775  1184  1544 D SubscriptionController: [getSubInfoRecord] id:1 iccid:89860115921101579076 simSlotIndex:0 displayName:CARD 1 nameSource:0 iconTint:-16746133 dataRoaming:0 mcc:460 mnc:1 countIso:cn
04-08 09:44:00.784  1184  1544 D PhoneFactory: getPhone:- phoneId != DEFAULT_PHONE_ID return sProxyPhones[phoneId] phoneId=0 phone=Handler (com.android.internal.telephony.PhoneProxy) {3b726564}
04-08 09:44:00.787  1184  1184 D SubscriptionController: [getActiveSubInfoList]+
04-08 09:44:00.789  1184  1544 D SubscriptionController: [getActiveSubInfoList]- 1 infos return
04-08 09:44:00.789  1184  1184 D SubscriptionController: selection:sim_id>=0 null
04-08 09:44:00.805  1184  1184 D TelephonyManager: getTelephonyProperty: return propVal='cn' phoneId=0 property='gsm.sim.operator.iso-country' defaultVal='' prop=cn
04-08 09:44:00.806  1184  1184 D SubscriptionController: [getSubInfoRecord] id:1 iccid:89860115921101579076 simSlotIndex:0 displayName:CARD 1 nameSource:0 iconTint:-16746133 dataRoaming:0 mcc:460 mnc:1 countIso:cn
04-08 09:44:00.810  1184  1184 D PhoneFactory: getPhone:- phoneId != DEFAULT_PHONE_ID return sProxyPhones[phoneId] phoneId=0 phone=Handler (com.android.internal.telephony.PhoneProxy) {3b726564}
04-08 09:44:00.814  1184  1184 D SubscriptionController: [getActiveSubInfoList]- 1 infos return
04-08 09:44:00.817  1184  1184 D SubscriptionController: [getActiveSubInfoForSubscriber]+ subId=1 subInfo={id=1, iccId=89860115921101579076 simSlotIndex=0 displayName=CARD 1 carrierName=Emergency calls only nameSource=0 iconTint=-16746133 dataRoaming=0 iconBitmap=android.graphics.Bitmap@135ec7f4 mcc 460 mnc 1}
04-08 09:44:00.819  1184  1184 D TelephonyManager: getTelephonyProperty: return propVal='null' phoneId=0 property='gsm.sim.operator.alpha' defaultVal='' prop=
04-08 09:44:00.819  1184  1184 D SubscriptionInfoUpdater: sim name = CARD 1
04-08 09:44:00.846  1184  1184 D SubscriptionInfoUpdater: Broadcasting intent ACTION_SIM_STATE_CHANGED LOADED reason null for mCardIndex : 0
04-08 09:44:00.858   722   786 D TelephonyManager: getSimOperatorNumeric(): default subId=1
04-08 09:44:00.865   722   786 D TelephonyManager: getTelephonyProperty: return propVal='46001' phoneId=0 property='gsm.sim.operator.numeric' defaultVal='' prop=46001
04-08 09:44:00.887  1184  1224 D SubscriptionController: [getActiveSubInfoList]+
04-08 09:44:00.889  1184  1184 D RILJ    : [3717]> OPERATOR [SUB0]
04-08 09:44:00.890  1184  1224 D SubscriptionController: selection:sim_id>=0 null
04-08 09:44:00.894  1184  1184 D RILJ    : [3718]> DATA_REGISTRATION_STATE [SUB0]
04-08 09:44:00.896   190  1611 D RILC    : RequestComplete, RIL_SOCKET_1
04-08 09:44:00.896   190  1611 E RILC    : Send Response to RIL_SOCKET_1
04-08 09:44:00.897  1184  1297 D RILJ    : [3717]< OPERATOR {null, null, null} [SUB0]
04-08 09:44:00.898  1184  1184 D RILJ    : [3719]> VOICE_REGISTRATION_STATE [SUB0]
04-08 09:44:00.900  1184  1184 D RILJ    : [3720]> QUERY_NETWORK_SELECTION_MODE [SUB0]
04-08 09:44:00.903   190  1612 D RILC    : RequestComplete, RIL_SOCKET_1
04-08 09:44:00.904   190  1612 E RILC    : Send Response to RIL_SOCKET_1
04-08 09:44:00.908  1184  1297 D RILJ    : [3718]< DATA_REGISTRATION_STATE {3, null, null, null, 15, 20, null, null, null, null, null} [SUB0]
04-08 09:44:00.908  1184  1184 D DefaultPhoneNotifier: notifySignalStrength: mRegistry=com.android.internal.telephony.ITelephonyRegistry$Stub$Proxy@2c8b6ce ss=SignalStrength: 99 0 -120 -160 -120 -1 -1 99 2147483647 2147483647 2147483647 2147483647 gsm|lte sender=Handler (com.android.internal.telephony.gsm.GSMPhone) {39f1d3cd}
04-08 09:44:00.908   190  1613 I RILQ    : (0/190):RIL[0][cmd-20(248)] qcril_qmi_nas_update_data_rte: completed, new drte 0 with confidence 4
04-08 09:44:00.909   190  1613 D RILC    : RequestComplete, RIL_SOCKET_1
04-08 09:44:00.909   190  1613 E RILC    : Send Response to RIL_SOCKET_1
04-08 09:44:00.911   190  1614 D RILC    : RequestComplete, RIL_SOCKET_1
04-08 09:44:00.911   190  1614 E RILC    : Send Response to RIL_SOCKET_1
04-08 09:44:00.912  1184  1297 D RILJ    : [3719]< VOICE_REGISTRATION_STATE {2, null, null, 0, null, null, null, 0, null, null, null, null, null, 0, null} [SUB0]
04-08 09:44:00.912  1184  1224 D TelephonyManager: getTelephonyProperty: return propVal='cn' phoneId=0 property='gsm.sim.operator.iso-country' defaultVal='' prop=cn
04-08 09:44:00.913  1184  1297 D RILJ    : [3720]< QUERY_NETWORK_SELECTION_MODE {0} [SUB0]
04-08 09:44:00.913  1184  1224 D SubscriptionController: [getSubInfoRecord] id:1 iccid:89860115921101579076 simSlotIndex:0 displayName:CARD 1 nameSource:0 iconTint:-16746133 dataRoaming:0 mcc:460 mnc:1 countIso:cn
04-08 09:44:00.913  1184  1184 D RILJ    : [3721]> OPERATOR [SUB0]
04-08 09:44:00.916  1184  1224 D PhoneFactory: getPhone:- phoneId != DEFAULT_PHONE_ID return sProxyPhones[phoneId] phoneId=0 phone=Handler (com.android.internal.telephony.PhoneProxy) {3b726564}
04-08 09:44:00.918  1184  1184 D RILJ    : [3722]> DATA_REGISTRATION_STATE [SUB0]
04-08 09:44:00.919   190  1615 D RILC    : RequestComplete, RIL_SOCKET_1
04-08 09:44:00.919   190  1615 E RILC    : Send Response to RIL_SOCKET_1
04-08 09:44:00.919  1184  1297 D RILJ    : [3721]< OPERATOR {null, null, null} [SUB0]
04-08 09:44:00.919  1184  1184 D RILJ    : [3723]> VOICE_REGISTRATION_STATE [SUB0]
04-08 09:44:00.920  1184  1224 D SubscriptionController: [getActiveSubInfoList]- 1 infos return
04-08 09:44:00.921  1184  1184 D RILJ    : [3724]> QUERY_NETWORK_SELECTION_MODE [SUB0]
04-08 09:44:00.923   190  1616 D RILC    : RequestComplete, RIL_SOCKET_1
04-08 09:44:00.923   190  1616 E RILC    : Send Response to RIL_SOCKET_1
04-08 09:44:00.923  1184  1184 D RILJ    : [3725]> OPERATOR [SUB0]
04-08 09:44:00.924   190  1618 D RILC    : RequestComplete, RIL_SOCKET_1
04-08 09:44:00.924   190  1618 E RILC    : Send Response to RIL_SOCKET_1
04-08 09:44:00.925  1184  1297 D RILJ    : [3722]< DATA_REGISTRATION_STATE {3, null, null, null, 15, 20, null, null, null, null, null} [SUB0]
04-08 09:44:00.927  1184  1184 D RILJ    : [3726]> DATA_REGISTRATION_STATE [SUB0]
04-08 09:44:00.928   190  1620 D RILC    : RequestComplete, RIL_SOCKET_1
04-08 09:44:00.928   190  1620 E RILC    : Send Response to RIL_SOCKET_1
04-08 09:44:00.930  1184  1184 D RILJ    : [3727]> VOICE_REGISTRATION_STATE [SUB0]
04-08 09:44:00.931   190  1617 I RILQ    : (0/190):RIL[0][cmd-20(248)] qcril_qmi_nas_update_data_rte: completed, new drte 0 with confidence 4
04-08 09:44:00.933   190  1617 D RILC    : RequestComplete, RIL_SOCKET_1
04-08 09:44:00.933  1184  1184 D RILJ    : [3728]> QUERY_NETWORK_SELECTION_MODE [SUB0]
04-08 09:44:00.933   190  1617 E RILC    : Send Response to RIL_SOCKET_1
04-08 09:44:00.935  1184  1184 D RILJ    : [3729]> OPERATOR [SUB0]
04-08 09:44:00.936  1184  1297 D RILJ    : [3724]< QUERY_NETWORK_SELECTION_MODE {0} [SUB0]
04-08 09:44:00.938  1184  1184 D RILJ    : [3730]> DATA_REGISTRATION_STATE [SUB0]
04-08 09:44:00.938  1184  1297 D RILJ    : [3725]< OPERATOR {null, null, null} [SUB0]
04-08 09:44:00.940   190  1621 D RILC    : RequestComplete, RIL_SOCKET_1
04-08 09:44:00.941   190  1621 E RILC    : Send Response to RIL_SOCKET_1
04-08 09:44:00.941   190  1623 D RILC    : RequestComplete, RIL_SOCKET_1
04-08 09:44:00.942   190  1622 I RILQ    : (0/190):RIL[0][cmd-20(8)] qcril_qmi_nas_update_data_rte: completed, new drte 0 with confidence 4
04-08 09:44:00.942  1184  1544 D SubscriptionController: [getActiveSubInfoList]+
04-08 09:44:00.943  1184  1184 D RILJ    : [3731]> VOICE_REGISTRATION_STATE [SUB0]
04-08 09:44:00.943  1184  1297 D RILJ    : [3723]< VOICE_REGISTRATION_STATE {2, null, null, 0, null, null, null, 0, null, null, null, null, null, 0, null} [SUB0]
04-08 09:44:00.944   190  1623 E RILC    : Send Response to RIL_SOCKET_1
04-08 09:44:00.945  1184  1184 D RILJ    : [3732]> QUERY_NETWORK_SELECTION_MODE [SUB0]
04-08 09:44:00.945   190  1622 D RILC    : RequestComplete, RIL_SOCKET_1
04-08 09:44:00.945   190  1622 E RILC    : Send Response to RIL_SOCKET_1
04-08 09:44:00.945  1184  1297 D RILJ    : [3726]< DATA_REGISTRATION_STATE {3, null, null, null, 15, 20, null, null, null, null, null} [SUB0]
04-08 09:44:00.945  1184  1544 D SubscriptionController: selection:sim_id>=0 null
04-08 09:44:00.946   190  1624 D RILC    : RequestComplete, RIL_SOCKET_1
04-08 09:44:00.946   190  1624 E RILC    : Send Response to RIL_SOCKET_1
04-08 09:44:00.947  1184  1184 D ProxyController: handleMessage msg.what=2
04-08 09:44:00.947  1184  1184 D ProxyController: onStartRadioCapabilityResponse: Ignore session=2022335600 rc=null
04-08 09:44:00.947  1184  1297 D RILJ    : [3728]< QUERY_NETWORK_SELECTION_MODE {0} [SUB0]
04-08 09:44:00.948  1184  1184 D DCT     : [0]handleMessage msg={ when=-942ms what=270337 obj=android.os.AsyncResult@3a6ce192 target=com.android.internal.telephony.dataconnection.DcTracker }
04-08 09:44:00.948  1184  1184 D DCT     : [0]onRadioAvailable
04-08 09:44:00.948  1184  1297 D RILJ    : [3727]< VOICE_REGISTRATION_STATE {2, null, null, 0, null, null, null, 0, null, null, null, null, null, 0, null} [SUB0]
04-08 09:44:00.949  1184  1297 D RILJ    : [3729]< OPERATOR {null, null, null} [SUB0]
04-08 09:44:00.949   190  1627 D RILC    : RequestComplete, RIL_SOCKET_1
04-08 09:44:00.949   190  1627 E RILC    : Send Response to RIL_SOCKET_1
04-08 09:44:00.949  1184  1297 D RILJ    : [3732]< QUERY_NETWORK_SELECTION_MODE {0} [SUB0]
04-08 09:44:00.950  1184  1184 D DCT     : [0]isDataAllowed getRecordsLoaded=true
04-08 09:44:00.950   190  1626 I RILQ    : (0/190):RIL[0][cmd-20(248)] qcril_qmi_nas_update_data_rte: completed, new drte 0 with confidence 4
04-08 09:44:00.951  1184  1184 D DCT     : [0]isDataAllowed: not allowed due to - Attached= false
04-08 09:44:00.951  1184  1184 D DCT     : [ApnContext:default] getApnSetting: apnSetting=null
04-08 09:44:00.952   190  1626 D RILC    : RequestComplete, RIL_SOCKET_1
04-08 09:44:00.952   190  1626 E RILC    : Send Response to RIL_SOCKET_1
04-08 09:44:00.952  1184  1184 D PhoneFactory: getPhone:- phoneId != DEFAULT_PHONE_ID return sProxyPhones[phoneId] phoneId=0 phone=Handler (com.android.internal.telephony.PhoneProxy) {3b726564}
04-08 09:44:00.953  1184  1297 D RILJ    : [3731]< VOICE_REGISTRATION_STATE {2, null, null, 0, null, null, null, 0, null, null, null, null, null, 0, null} [SUB0]
04-08 09:44:00.956   190  1625 D RILC    : RequestComplete, RIL_SOCKET_1
04-08 09:44:00.956   190  1625 E RILC    : Send Response to RIL_SOCKET_1
04-08 09:44:00.957  1184  1297 D RILJ    : [3730]< DATA_REGISTRATION_STATE {3, null, null, null, 15, 20, null, 184, -1, null, null} [SUB0]
04-08 09:44:00.957  1184  1184 D DCT     : [0]isDataAllowed getRecordsLoaded=true
04-08 09:44:00.958  1184  1184 D DCT     : [0]isDataAllowed: not allowed due to - Attached= false
04-08 09:44:00.959  1184  1184 D DCT     : [ApnContext:mms] getApnSetting: apnSetting=null
04-08 09:44:00.959  1184  1184 D PhoneFactory: getPhone:- phoneId != DEFAULT_PHONE_ID return sProxyPhones[phoneId] phoneId=0 phone=Handler (com.android.internal.telephony.PhoneProxy) {3b726564}
04-08 09:44:00.961  1184  1544 D TelephonyManager: getTelephonyProperty: return propVal='cn' phoneId=0 property='gsm.sim.operator.iso-country' defaultVal='' prop=cn
04-08 09:44:00.961  1184  1544 D SubscriptionController: [getSubInfoRecord] id:1 iccid:89860115921101579076 simSlotIndex:0 displayName:CARD 1 nameSource:0 iconTint:-16746133 dataRoaming:0 mcc:460 mnc:1 countIso:cn
04-08 09:44:00.963  1184  1544 D PhoneFactory: getPhone:- phoneId != DEFAULT_PHONE_ID return sProxyPhones[phoneId] phoneId=0 phone=Handler (com.android.internal.telephony.PhoneProxy) {3b726564}
04-08 09:44:00.964  1184  1184 D DCT     : [0]isDataAllowed getRecordsLoaded=true
04-08 09:44:00.965  1184  1184 D DCT     : [0]isDataAllowed: not allowed due to - Attached= false
04-08 09:44:00.965  1184  1184 D DCT     : [ApnContext:cbs] getApnSetting: apnSetting=null
04-08 09:44:00.966  1184  1184 D PhoneFactory: getPhone:- phoneId != DEFAULT_PHONE_ID return sProxyPhones[phoneId] phoneId=0 phone=Handler (com.android.internal.telephony.PhoneProxy) {3b726564}
04-08 09:44:00.967  1184  1544 D SubscriptionController: [getActiveSubInfoList]- 1 infos return
04-08 09:44:00.971  1184  1184 D DCT     : [0]isDataAllowed getRecordsLoaded=true
04-08 09:44:00.972  1184  1184 D DCT     : [0]isDataAllowed: not allowed due to - Attached= false
04-08 09:44:00.972  1184  1184 D DCT     : [ApnContext:fota] getApnSetting: apnSetting=null
04-08 09:44:00.973  1184  1184 D PhoneFactory: getPhone:- phoneId != DEFAULT_PHONE_ID return sProxyPhones[phoneId] phoneId=0 phone=Handler (com.android.internal.telephony.PhoneProxy) {3b726564}
04-08 09:44:00.986  1184  1184 D DCT     : [0]isDataAllowed getRecordsLoaded=true
04-08 09:44:00.987  1184  1545 D SubscriptionController: [getActiveSubInfoList]+
04-08 09:44:00.987  1184  1184 D DCT     : [0]isDataAllowed: not allowed due to - Attached= false
04-08 09:44:00.988  1184  1184 D DCT     : [ApnContext:supl] getApnSetting: apnSetting=null
04-08 09:44:00.989  1184  1184 D PhoneFactory: getPhone:- phoneId != DEFAULT_PHONE_ID return sProxyPhones[phoneId] phoneId=0 phone=Handler (com.android.internal.telephony.PhoneProxy) {3b726564}
04-08 09:44:00.993  1184  1545 D SubscriptionController: selection:sim_id>=0 null
04-08 09:44:00.999  1184  1184 D DCT     : [0]isDataAllowed getRecordsLoaded=true
04-08 09:44:01.000  1184  1184 D DCT     : [0]isDataAllowed: not allowed due to - Attached= false
04-08 09:44:01.000  1184  1184 D DCT     : [ApnContext:ia] getApnSetting: apnSetting=null
04-08 09:44:01.001  1184  1184 D PhoneFactory: getPhone:- phoneId != DEFAULT_PHONE_ID return sProxyPhones[phoneId] phoneId=0 phone=Handler (com.android.internal.telephony.PhoneProxy) {3b726564}
04-08 09:44:01.007  1184  1184 D DCT     : [0]isDataAllowed getRecordsLoaded=true
04-08 09:44:01.008  1184  1184 D DCT     : [0]isDataAllowed: not allowed due to - Attached= false
04-08 09:44:01.008  1184  1184 D DCT     : [ApnContext:dun] getApnSetting: apnSetting=null
04-08 09:44:01.010  1184  1184 D PhoneFactory: getPhone:- phoneId != DEFAULT_PHONE_ID return sProxyPhones[phoneId] phoneId=0 phone=Handler (com.android.internal.telephony.PhoneProxy) {3b726564}
04-08 09:44:01.015  1184  1545 D TelephonyManager: getTelephonyProperty: return propVal='cn' phoneId=0 property='gsm.sim.operator.iso-country' defaultVal='' prop=cn
04-08 09:44:01.016  1184  1545 D SubscriptionController: [getSubInfoRecord] id:1 iccid:89860115921101579076 simSlotIndex:0 displayName:CARD 1 nameSource:0 iconTint:-16746133 dataRoaming:0 mcc:460 mnc:1 countIso:cn
04-08 09:44:01.019  1184  1184 D DCT     : [0]isDataAllowed getRecordsLoaded=true
04-08 09:44:01.019  1184  1545 D PhoneFactory: getPhone:- phoneId != DEFAULT_PHONE_ID return sProxyPhones[phoneId] phoneId=0 phone=Handler (com.android.internal.telephony.PhoneProxy) {3b726564}
04-08 09:44:01.019  1184  1184 D DCT     : [0]isDataAllowed: not allowed due to - Attached= false
04-08 09:44:01.019  1184  1184 D DCT     : [ApnContext:hipri] getApnSetting: apnSetting=null
04-08 09:44:01.020  1184  1184 D PhoneFactory: getPhone:- phoneId != DEFAULT_PHONE_ID return sProxyPhones[phoneId] phoneId=0 phone=Handler (com.android.internal.telephony.PhoneProxy) {3b726564}
04-08 09:44:01.027  1184  1545 D SubscriptionController: [getActiveSubInfoList]- 1 infos return
04-08 09:44:01.028  1184  1184 D DCT     : [0]isDataAllowed getRecordsLoaded=true
04-08 09:44:01.028  1184  1184 D DCT     : [0]isDataAllowed: not allowed due to - Attached= false
04-08 09:44:01.029  1184  1184 D DCT     : [ApnContext:ims] getApnSetting: apnSetting=null
04-08 09:44:01.029  1184  1184 D PhoneFactory: getPhone:- phoneId != DEFAULT_PHONE_ID return sProxyPhones[phoneId] phoneId=0 phone=Handler (com.android.internal.telephony.PhoneProxy) {3b726564}
04-08 09:44:01.035  1184  1184 D DCT     : [0]overall state is IDLE
04-08 09:44:01.036  1184  1184 D DCT     : [0]handleMessage msg={ when=-1s29ms what=270345 obj=android.os.AsyncResult@ff0dc19 target=com.android.internal.telephony.dataconnection.DcTracker }
04-08 09:44:01.036  1184  1184 D DCT     : [0]onDataConnectionDetached: stop polling and notify detached
04-08 09:44:01.036  1184  1184 D DCT     : [0]stopNetStatPoll
04-08 09:44:01.040  1184  1184 D DCT     : [0]stopDataStallAlarm: current tag=24555 mDataStallAlarmIntent=null
04-08 09:44:01.041  1184  1184 D DCT     : [0]notifyDataConnection: reason=dataDetached
04-08 09:44:01.043  1184  1184 D DCT     : [0]isDataAllowed getRecordsLoaded=true
04-08 09:44:01.044  1184  1184 D DCT     : [0]isDataAllowed: not allowed due to - Attached= false
04-08 09:44:01.044  1184  1184 D DCT     : [ApnContext:default] getApnSetting: apnSetting=null
04-08 09:44:01.044  1184  1353 D SubscriptionController: [getActiveSubInfoList]+
04-08 09:44:01.045  1184  1184 D PhoneFactory: getPhone:- phoneId != DEFAULT_PHONE_ID return sProxyPhones[phoneId] phoneId=0 phone=Handler (com.android.internal.telephony.PhoneProxy) {3b726564}
04-08 09:44:01.046  1184  1353 D SubscriptionController: selection:sim_id>=0 null
04-08 09:44:01.049  1184  1184 D DCT     : [0]isDataAllowed getRecordsLoaded=true
04-08 09:44:01.051  1184  1184 D DCT     : [0]isDataAllowed: not allowed due to - Attached= false
04-08 09:44:01.052  1184  1184 D DCT     : [ApnContext:mms] getApnSetting: apnSetting=null
04-08 09:44:01.053  1184  1184 D PhoneFactory: getPhone:- phoneId != DEFAULT_PHONE_ID return sProxyPhones[phoneId] phoneId=0 phone=Handler (com.android.internal.telephony.PhoneProxy) {3b726564}
04-08 09:44:01.061  1184  1184 D DCT     : [0]isDataAllowed getRecordsLoaded=true
04-08 09:44:01.062  1184  1184 D DCT     : [0]isDataAllowed: not allowed due to - Attached= false
04-08 09:44:01.062  1184  1184 D DCT     : [ApnContext:cbs] getApnSetting: apnSetting=null
04-08 09:44:01.064  1184  1184 D PhoneFactory: getPhone:- phoneId != DEFAULT_PHONE_ID return sProxyPhones[phoneId] phoneId=0 phone=Handler (com.android.internal.telephony.PhoneProxy) {3b726564}
04-08 09:44:01.064  1184  1353 D TelephonyManager: getTelephonyProperty: return propVal='cn' phoneId=0 property='gsm.sim.operator.iso-country' defaultVal='' prop=cn
04-08 09:44:01.065  1184  1353 D SubscriptionController: [getSubInfoRecord] id:1 iccid:89860115921101579076 simSlotIndex:0 displayName:CARD 1 nameSource:0 iconTint:-16746133 dataRoaming:0 mcc:460 mnc:1 countIso:cn
04-08 09:44:01.066  1184  1353 D PhoneFactory: getPhone:- phoneId != DEFAULT_PHONE_ID return sProxyPhones[phoneId] phoneId=0 phone=Handler (com.android.internal.telephony.PhoneProxy) {3b726564}
04-08 09:44:01.072  1184  1184 D DCT     : [0]isDataAllowed getRecordsLoaded=true
04-08 09:44:01.072  1184  1353 D SubscriptionController: [getActiveSubInfoList]- 1 infos return
04-08 09:44:01.073  1184  1184 D DCT     : [0]isDataAllowed: not allowed due to - Attached= false
04-08 09:44:01.073  1184  1184 D DCT     : [ApnContext:fota] getApnSetting: apnSetting=null
04-08 09:44:01.075  1184  1184 D PhoneFactory: getPhone:- phoneId != DEFAULT_PHONE_ID return sProxyPhones[phoneId] phoneId=0 phone=Handler (com.android.internal.telephony.PhoneProxy) {3b726564}
04-08 09:44:01.082  1184  1184 D DCT     : [0]isDataAllowed getRecordsLoaded=true
04-08 09:44:01.082  1184  1184 D DCT     : [0]isDataAllowed: not allowed due to - Attached= false
04-08 09:44:01.082  1184  1184 D DCT     : [ApnContext:supl] getApnSetting: apnSetting=null
04-08 09:44:01.083  1184  1184 D PhoneFactory: getPhone:- phoneId != DEFAULT_PHONE_ID return sProxyPhones[phoneId] phoneId=0 phone=Handler (com.android.internal.telephony.PhoneProxy) {3b726564}
04-08 09:44:01.092  1184  1184 D DCT     : [0]isDataAllowed getRecordsLoaded=true
04-08 09:44:01.093  1184  1184 D DCT     : [0]isDataAllowed: not allowed due to - Attached= false
04-08 09:44:01.093  1184  1184 D DCT     : [ApnContext:ia] getApnSetting: apnSetting=null
04-08 09:44:01.094  1184  1184 D PhoneFactory: getPhone:- phoneId != DEFAULT_PHONE_ID return sProxyPhones[phoneId] phoneId=0 phone=Handler (com.android.internal.telephony.PhoneProxy) {3b726564}
04-08 09:44:01.099  1184  1184 D DCT     : [0]isDataAllowed getRecordsLoaded=true
04-08 09:44:01.100  1184  1184 D DCT     : [0]isDataAllowed: not allowed due to - Attached= false
04-08 09:44:01.100  1184  1184 D DCT     : [ApnContext:dun] getApnSetting: apnSetting=null
04-08 09:44:01.101  1184  1184 D PhoneFactory: getPhone:- phoneId != DEFAULT_PHONE_ID return sProxyPhones[phoneId] phoneId=0 phone=Handler (com.android.internal.telephony.PhoneProxy) {3b726564}
04-08 09:44:01.105  1184  1184 D DCT     : [0]isDataAllowed getRecordsLoaded=true
04-08 09:44:01.106  1184  1184 D DCT     : [0]isDataAllowed: not allowed due to - Attached= false
04-08 09:44:01.106  1184  1184 D DCT     : [ApnContext:hipri] getApnSetting: apnSetting=null
04-08 09:44:01.107  1184  1184 D PhoneFactory: getPhone:- phoneId != DEFAULT_PHONE_ID return sProxyPhones[phoneId] phoneId=0 phone=Handler (com.android.internal.telephony.PhoneProxy) {3b726564}
04-08 09:44:01.116  1184  1184 D DCT     : [0]isDataAllowed getRecordsLoaded=true
04-08 09:44:01.117  1184  1184 D DCT     : [0]isDataAllowed: not allowed due to - Attached= false
04-08 09:44:01.117  1184  1184 D DCT     : [ApnContext:ims] getApnSetting: apnSetting=null
04-08 09:44:01.117  1184  1184 D PhoneFactory: getPhone:- phoneId != DEFAULT_PHONE_ID return sProxyPhones[phoneId] phoneId=0 phone=Handler (com.android.internal.telephony.PhoneProxy) {3b726564}
04-08 09:44:01.122  1184  1184 D DCT     : [0]handleMessage msg={ when=-1s115ms what=270348 obj=android.os.AsyncResult@3bdf66bf target=com.android.internal.telephony.dataconnection.DcTracker }
04-08 09:44:01.122  1184  1184 D DCT     : [0]onRoamingOff
04-08 09:44:01.122  1184  1184 D DCT     : [0]getDataOnRoamingEnabled: phoneSubId=1 isDataRoamingEnabled=true
04-08 09:44:01.123  1184  1184 D DCT     : [0]notifyDataConnection: reason=roamingOff
04-08 09:44:01.125  1184  1184 D DCT     : [0]isDataAllowed getRecordsLoaded=true
04-08 09:44:01.126  1184  1184 D DCT     : [0]isDataAllowed: not allowed due to - Attached= false
04-08 09:44:01.126  1184  1184 D DCT     : [ApnContext:default] getApnSetting: apnSetting=null
04-08 09:44:01.127  1184  1184 D PhoneFactory: getPhone:- phoneId != DEFAULT_PHONE_ID return sProxyPhones[phoneId] phoneId=0 phone=Handler (com.android.internal.telephony.PhoneProxy) {3b726564}
04-08 09:44:01.137  1184  1184 D DCT     : [0]isDataAllowed getRecordsLoaded=true
04-08 09:44:01.138  1184  1184 D DCT     : [0]isDataAllowed: not allowed due to - Attached= false
04-08 09:44:01.138  1184  1184 D DCT     : [ApnContext:mms] getApnSetting: apnSetting=null
04-08 09:44:01.139  1184  1184 D PhoneFactory: getPhone:- phoneId != DEFAULT_PHONE_ID return sProxyPhones[phoneId] phoneId=0 phone=Handler (com.android.internal.telephony.PhoneProxy) {3b726564}
04-08 09:44:01.154  1184  1184 D DCT     : [0]isDataAllowed getRecordsLoaded=true
04-08 09:44:01.154  1184  1184 D DCT     : [0]isDataAllowed: not allowed due to - Attached= false
04-08 09:44:01.155  1184  1184 D DCT     : [ApnContext:cbs] getApnSetting: apnSetting=null
04-08 09:44:01.156  1184  1184 D PhoneFactory: getPhone:- phoneId != DEFAULT_PHONE_ID return sProxyPhones[phoneId] phoneId=0 phone=Handler (com.android.internal.telephony.PhoneProxy) {3b726564}
04-08 09:44:01.164  1184  1184 D DCT     : [0]isDataAllowed getRecordsLoaded=true
04-08 09:44:01.165  1184  1184 D DCT     : [0]isDataAllowed: not allowed due to - Attached= false
04-08 09:44:01.165  1184  1184 D DCT     : [ApnContext:fota] getApnSetting: apnSetting=null
04-08 09:44:01.166  1184  1184 D PhoneFactory: getPhone:- phoneId != DEFAULT_PHONE_ID return sProxyPhones[phoneId] phoneId=0 phone=Handler (com.android.internal.telephony.PhoneProxy) {3b726564}
04-08 09:44:01.170  1184  1184 D DCT     : [0]isDataAllowed getRecordsLoaded=true
04-08 09:44:01.171  1184  1184 D DCT     : [0]isDataAllowed: not allowed due to - Attached= false
04-08 09:44:01.171  1184  1184 D DCT     : [ApnContext:supl] getApnSetting: apnSetting=null
04-08 09:44:01.172  1184  1184 D PhoneFactory: getPhone:- phoneId != DEFAULT_PHONE_ID return sProxyPhones[phoneId] phoneId=0 phone=Handler (com.android.internal.telephony.PhoneProxy) {3b726564}
04-08 09:44:01.179  1184  1184 D DCT     : [0]isDataAllowed getRecordsLoaded=true
04-08 09:44:01.180  1184  1184 D DCT     : [0]isDataAllowed: not allowed due to - Attached= false
04-08 09:44:01.180  1184  1184 D DCT     : [ApnContext:ia] getApnSetting: apnSetting=null
04-08 09:44:01.181  1184  1184 D PhoneFactory: getPhone:- phoneId != DEFAULT_PHONE_ID return sProxyPhones[phoneId] phoneId=0 phone=Handler (com.android.internal.telephony.PhoneProxy) {3b726564}
04-08 09:44:01.194  1184  1184 D DCT     : [0]isDataAllowed getRecordsLoaded=true
04-08 09:44:01.195  1184  1184 D DCT     : [0]isDataAllowed: not allowed due to - Attached= false
04-08 09:44:01.195  1184  1184 D DCT     : [ApnContext:dun] getApnSetting: apnSetting=null
04-08 09:44:01.196  1184  1184 D PhoneFactory: getPhone:- phoneId != DEFAULT_PHONE_ID return sProxyPhones[phoneId] phoneId=0 phone=Handler (com.android.internal.telephony.PhoneProxy) {3b726564}
04-08 09:44:01.203  1184  1184 D DCT     : [0]isDataAllowed getRecordsLoaded=true
04-08 09:44:01.204  1184  1184 D DCT     : [0]isDataAllowed: not allowed due to - Attached= false
04-08 09:44:01.204  1184  1184 D DCT     : [ApnContext:hipri] getApnSetting: apnSetting=null
04-08 09:44:01.205  1184  1184 D PhoneFactory: getPhone:- phoneId != DEFAULT_PHONE_ID return sProxyPhones[phoneId] phoneId=0 phone=Handler (com.android.internal.telephony.PhoneProxy) {3b726564}
04-08 09:44:01.210  1184  1184 D DCT     : [0]isDataAllowed getRecordsLoaded=true
04-08 09:44:01.211  1184  1184 D DCT     : [0]isDataAllowed: not allowed due to - Attached= false
04-08 09:44:01.211  1184  1184 D DCT     : [ApnContext:ims] getApnSetting: apnSetting=null
04-08 09:44:01.212  1184  1184 D PhoneFactory: getPhone:- phoneId != DEFAULT_PHONE_ID return sProxyPhones[phoneId] phoneId=0 phone=Handler (com.android.internal.telephony.PhoneProxy) {3b726564}
04-08 09:44:01.218  1184  1184 D DCT     : [0]handleMessage msg={ when=-1s209ms what=270377 obj=android.os.AsyncResult@627218c target=com.android.internal.telephony.dataconnection.DcTracker }
04-08 09:44:01.218  1184  1184 D DCT     : [0]setupDataOnConnectableApns: nwTypeChanged
04-08 09:44:01.219  1184  1184 D DCT     : [0]setupDataOnConnectableApns: apnContext {mApnType=hipri mState=IDLE mWaitingApns={null} mWaitingApnsPermanentFailureCountDown=0 mApnSetting={null} mReason=radioTurnedOff mDataEnabled=false mDependencyMet=true}
04-08 09:44:01.219  1184  1184 D DCT     : [0]setupDataOnConnectableApns: apnContext {mApnType=mms mState=IDLE mWaitingApns={null} mWaitingApnsPermanentFailureCountDown=0 mApnSetting={null} mReason=radioTurnedOff mDataEnabled=false mDependencyMet=true}
04-08 09:44:01.220  1184  1184 D DCT     : [0]setupDataOnConnectableApns: apnContext {mApnType=supl mState=IDLE mWaitingApns={null} mWaitingApnsPermanentFailureCountDown=0 mApnSetting={null} mReason=radioTurnedOff mDataEnabled=false mDependencyMet=true}
04-08 09:44:01.221  1184  1184 D DCT     : [0]setupDataOnConnectableApns: apnContext {mApnType=cbs mState=IDLE mWaitingApns={null} mWaitingApnsPermanentFailureCountDown=0 mApnSetting={null} mReason=radioTurnedOff mDataEnabled=false mDependencyMet=true}
04-08 09:44:01.221  1184  1184 D DCT     : [0]setupDataOnConnectableApns: apnContext {mApnType=dun mState=IDLE mWaitingApns={null} mWaitingApnsPermanentFailureCountDown=0 mApnSetting={null} mReason=radioTurnedOff mDataEnabled=false mDependencyMet=true}
04-08 09:44:01.222  1184  1184 D DCT     : [0]setupDataOnConnectableApns: apnContext {mApnType=fota mState=IDLE mWaitingApns={null} mWaitingApnsPermanentFailureCountDown=0 mApnSetting={null} mReason=radioTurnedOff mDataEnabled=false mDependencyMet=true}
04-08 09:44:01.222  1184  1184 D DCT     : [0]setupDataOnConnectableApns: apnContext {mApnType=ims mState=IDLE mWaitingApns={null} mWaitingApnsPermanentFailureCountDown=0 mApnSetting={null} mReason=radioTurnedOff mDataEnabled=false mDependencyMet=true}
04-08 09:44:01.223  1184  1184 D DCT     : [0]setupDataOnConnectableApns: apnContext {mApnType=default mState=IDLE mWaitingApns={null} mWaitingApnsPermanentFailureCountDown=0 mApnSetting={null} mReason=radioTurnedOff mDataEnabled=false mDependencyMet=true}
04-08 09:44:01.224  1184  1184 D DCT     : [0]setupDataOnConnectableApns: apnContext {mApnType=ia mState=IDLE mWaitingApns={null} mWaitingApnsPermanentFailureCountDown=0 mApnSetting={null} mReason=radioTurnedOff mDataEnabled=false mDependencyMet=true}
04-08 09:44:01.225  1184  1184 D DCT     : [0]handleMessage msg={ when=-1s216ms what=270377 obj=android.os.AsyncResult@92a20d5 target=com.android.internal.telephony.dataconnection.DcTracker }
04-08 09:44:01.225  1184  1184 D DCT     : [0]setupDataOnConnectableApns: nwTypeChanged
04-08 09:44:01.226  1184  1184 D DCT     : [0]setupDataOnConnectableApns: apnContext {mApnType=hipri mState=IDLE mWaitingApns={null} mWaitingApnsPermanentFailureCountDown=0 mApnSetting={null} mReason=radioTurnedOff mDataEnabled=false mDependencyMet=true}
04-08 09:44:01.227  1184  1184 D DCT     : [0]setupDataOnConnectableApns: apnContext {mApnType=mms mState=IDLE mWaitingApns={null} mWaitingApnsPermanentFailureCountDown=0 mApnSetting={null} mReason=radioTurnedOff mDataEnabled=false mDependencyMet=true}
04-08 09:44:01.227  1184  1184 D DCT     : [0]setupDataOnConnectableApns: apnContext {mApnType=supl mState=IDLE mWaitingApns={null} mWaitingApnsPermanentFailureCountDown=0 mApnSetting={null} mReason=radioTurnedOff mDataEnabled=false mDependencyMet=true}
04-08 09:44:01.228  1184  1184 D DCT     : [0]setupDataOnConnectableApns: apnContext {mApnType=cbs mState=IDLE mWaitingApns={null} mWaitingApnsPermanentFailureCountDown=0 mApnSetting={null} mReason=radioTurnedOff mDataEnabled=false mDependencyMet=true}
04-08 09:44:01.229  1184  1184 D DCT     : [0]setupDataOnConnectableApns: apnContext {mApnType=dun mState=IDLE mWaitingApns={null} mWaitingApnsPermanentFailureCountDown=0 mApnSetting={null} mReason=radioTurnedOff mDataEnabled=false mDependencyMet=true}
04-08 09:44:01.229  1184  1184 D DCT     : [0]setupDataOnConnectableApns: apnContext {mApnType=fota mState=IDLE mWaitingApns={null} mWaitingApnsPermanentFailureCountDown=0 mApnSetting={null} mReason=radioTurnedOff mDataEnabled=false mDependencyMet=true}
04-08 09:44:01.230  1184  1184 D DCT     : [0]setupDataOnConnectableApns: apnContext {mApnType=ims mState=IDLE mWaitingApns={null} mWaitingApnsPermanentFailureCountDown=0 mApnSetting={null} mReason=radioTurnedOff mDataEnabled=false mDependencyMet=true}
04-08 09:44:01.230  1184  1184 D DCT     : [0]setupDataOnConnectableApns: apnContext {mApnType=default mState=IDLE mWaitingApns={null} mWaitingApnsPermanentFailureCountDown=0 mApnSetting={null} mReason=radioTurnedOff mDataEnabled=false mDependencyMet=true}
04-08 09:44:01.231  1184  1184 D DCT     : [0]setupDataOnConnectableApns: apnContext {mApnType=ia mState=IDLE mWaitingApns={null} mWaitingApnsPermanentFailureCountDown=0 mApnSetting={null} mReason=radioTurnedOff mDataEnabled=false mDependencyMet=true}
04-08 09:44:01.232  1184  1184 D DCT     : [0]handleMessage msg={ when=-1s59ms what=270337 obj=android.os.AsyncResult@36af10ea target=com.android.internal.telephony.dataconnection.DcTracker }
04-08 09:44:01.232  1184  1184 D DCT     : [0]onRadioAvailable
04-08 09:44:01.235  1184  1184 D DCT     : [0]isDataAllowed getRecordsLoaded=true
04-08 09:44:01.238  1184  1184 D DCT     : [0]isDataAllowed: not allowed due to - Attached= false
04-08 09:44:01.238  1184  1184 D DCT     : [ApnContext:default] getApnSetting: apnSetting=null
04-08 09:44:01.240  1184  1184 D PhoneFactory: getPhone:- phoneId != DEFAULT_PHONE_ID return sProxyPhones[phoneId] phoneId=0 phone=Handler (com.android.internal.telephony.PhoneProxy) {3b726564}
04-08 09:44:01.249  1184  1184 D DCT     : [0]isDataAllowed getRecordsLoaded=true
04-08 09:44:01.250  1184  1184 D DCT     : [0]isDataAllowed: not allowed due to - Attached= false
04-08 09:44:01.250  1184  1184 D DCT     : [ApnContext:mms] getApnSetting: apnSetting=null
04-08 09:44:01.252  1184  1184 D PhoneFactory: getPhone:- phoneId != DEFAULT_PHONE_ID return sProxyPhones[phoneId] phoneId=0 phone=Handler (com.android.internal.telephony.PhoneProxy) {3b726564}
04-08 09:44:01.258  1184  1184 D DCT     : [0]isDataAllowed getRecordsLoaded=true
04-08 09:44:01.261  1184  1184 D DCT     : [0]isDataAllowed: not allowed due to - Attached= false
04-08 09:44:01.261  1184  1184 D DCT     : [ApnContext:cbs] getApnSetting: apnSetting=null
04-08 09:44:01.262  1184  1184 D PhoneFactory: getPhone:- phoneId != DEFAULT_PHONE_ID return sProxyPhones[phoneId] phoneId=0 phone=Handler (com.android.internal.telephony.PhoneProxy) {3b726564}
04-08 09:44:01.272  1184  1184 D DCT     : [0]isDataAllowed getRecordsLoaded=true
04-08 09:44:01.272  1184  1184 D DCT     : [0]isDataAllowed: not allowed due to - Attached= false
04-08 09:44:01.273  1184  1184 D DCT     : [ApnContext:fota] getApnSetting: apnSetting=null
04-08 09:44:01.274  1184  1184 D PhoneFactory: getPhone:- phoneId != DEFAULT_PHONE_ID return sProxyPhones[phoneId] phoneId=0 phone=Handler (com.android.internal.telephony.PhoneProxy) {3b726564}
04-08 09:44:01.283  1184  1184 D DCT     : [0]isDataAllowed getRecordsLoaded=true
04-08 09:44:01.284  1184  1184 D DCT     : [0]isDataAllowed: not allowed due to - Attached= false
04-08 09:44:01.284  1184  1184 D DCT     : [ApnContext:supl] getApnSetting: apnSetting=null
04-08 09:44:01.285  1184  1184 D PhoneFactory: getPhone:- phoneId != DEFAULT_PHONE_ID return sProxyPhones[phoneId] phoneId=0 phone=Handler (com.android.internal.telephony.PhoneProxy) {3b726564}
04-08 09:44:01.289  1184  1184 D DCT     : [0]isDataAllowed getRecordsLoaded=true
04-08 09:44:01.290  1184  1184 D DCT     : [0]isDataAllowed: not allowed due to - Attached= false
04-08 09:44:01.290  1184  1184 D DCT     : [ApnContext:ia] getApnSetting: apnSetting=null
