01-01 08:00:00.400   169   169 I auditd  : type=2000 audit(0.0:1): initialized
08-10 09:24:39.530   169   169 I auditd  : type=1403 audit(0.0:2): policy loaded auid=4294967295 ses=4294967295
08-10 09:24:39.530   169   169 I auditd  : type=1404 audit(0.0:3): enforcing=1 old_enforcing=0 auid=4294967295 ses=4294967295
08-10 09:24:40.415   202   202 I boot_progress_start: 3581
08-10 09:24:41.423   202   202 I boot_progress_preload_start: 4589
08-10 09:24:47.390   202   202 I boot_progress_preload_end: 10556
08-10 09:24:47.723   710   710 I boot_progress_system_run: 10888
08-10 09:24:48.368   710   710 I boot_progress_pms_start: 11533
08-10 09:24:49.081   710   710 I boot_progress_pms_system_scan_start: 12247
08-10 09:24:53.018   710   710 I boot_progress_pms_data_scan_start: 16183
08-10 09:24:53.576   710   710 I boot_progress_pms_scan_end: 16742
08-10 09:24:53.937   710   710 I boot_progress_pms_ready: 17103
08-10 09:24:54.104   710   727 I battery_status: [3,2,1,0,Li-ion]
08-10 09:24:54.104   710   727 I battery_level: [56,3788,389]
08-10 09:24:54.370   710   710 I wm_stack_created: [0,0,0,0,0]
08-10 09:24:54.507   710   710 I configuration_changed: 7672
08-10 09:24:54.530   710   710 I configuration_changed: 1288
08-10 09:24:55.600   710   710 I free_storage_left: [13214982144,687144960,710078464]
08-10 09:24:55.600   710   710 I free_storage_changed: 13214982144
08-10 09:24:56.377   710   710 I configuration_changed: 512
08-10 09:24:56.559   710   710 I boot_progress_ams_ready: 19724
08-10 09:24:56.775   710   775 I am_proc_start: [0,836,10005,android.process.media,broadcast,com.android.providers.media/.MtpReceiver]
08-10 09:24:56.864   710   710 I am_proc_start: [0,856,1037,WebViewLoader-armeabi-v7a,,]
08-10 09:24:56.867   710   727 I am_proc_bound: [0,836,android.process.media]
08-10 09:24:56.995   710   710 I am_proc_start: [0,874,10013,com.android.systemui,service,com.android.systemui/.SystemUIService]
08-10 09:24:57.106   710   727 I am_proc_bound: [0,874,com.android.systemui]
08-10 09:24:57.350   710   726 I notification_cancel_all: [10005,836,com.android.providers.downloads,0,0,64,9,NULL]
08-10 09:24:57.426   710   727 I am_proc_start: [0,927,1000,com.android.settings,broadcast,com.android.settings/.widget.SettingsAppWidgetProvider]
08-10 09:24:57.611   710   726 I am_proc_bound: [0,927,com.android.settings]
08-10 09:24:57.847   710   812 I netstats_mobile_sample: [0,0,0,0,0,0,0,0,0,0,0,0,-1]
08-10 09:24:57.847   710   812 I netstats_wifi_sample: [0,0,0,0,0,0,0,0,0,0,0,0,-1]
08-10 09:24:57.911   710   727 I wm_stack_created: [1,0,0,0,0]
08-10 09:24:57.947   710   727 I am_home_stack_moved: [0,1,0,0,restoreRecentTask]
08-10 09:24:58.222   710   710 I am_proc_start: [0,1043,10034,com.android.inputmethod.latin,service,com.android.inputmethod.latin/.LatinIME]
08-10 09:24:58.402   710   792 I am_proc_bound: [0,1043,com.android.inputmethod.latin]
08-10 09:24:58.742   710   710 I am_proc_start: [0,1087,1027,com.android.nfc,added application,com.android.nfc]
08-10 09:24:58.920   710   710 I am_proc_start: [0,1138,1001,com.android.phone,added application,com.android.phone]
08-10 09:24:58.928   710   710 I am_home_stack_moved: [0,1,0,0,systemReady]
08-10 09:24:58.944   710   710 I am_home_stack_moved: [0,1,0,0,startingNewTask]
08-10 09:24:58.948   710   710 I am_create_task: [0,3]
08-10 09:24:58.948   710   710 I am_create_activity: [0,621056026,3,com.android.launcher3/.Launcher,android.intent.action.MAIN,NULL,NULL,268435456]
08-10 09:24:58.956   710   710 I wm_task_created: [3,0]
08-10 09:24:58.957   710   710 I wm_task_moved: [3,1,0]
08-10 09:24:59.141   710   710 I am_proc_start: [0,1180,10035,com.android.launcher3,activity,com.android.launcher3/.Launcher]
08-10 09:24:59.142   710   710 I am_home_stack_moved: [0,1,0,0,startedActivity setFocusedActivity]
08-10 09:24:59.142   710   710 I am_focused_activity: [0,com.android.launcher3/.Launcher]
08-10 09:24:59.159   710  1184 I am_proc_bound: [0,1138,com.android.phone]
08-10 09:24:59.213   710   937 I am_proc_bound: [0,1087,com.android.nfc]
08-10 09:24:59.501   710   774 I am_proc_start: [0,1230,10046,com.android.printspooler,service,com.android.printspooler/.model.PrintSpoolerService]
08-10 09:24:59.507   710   937 I am_proc_bound: [0,1180,com.android.launcher3]
08-10 09:24:59.532   710   937 I am_restart_activity: [0,621056026,3,com.android.launcher3/.Launcher]
08-10 09:24:59.719   710  1252 I am_proc_bound: [0,1230,com.android.printspooler]
08-10 09:24:59.872   710  1258 I am_proc_start: [0,1259,10002,android.process.acore,content provider,com.android.providers.contacts/.CallLogProvider]
08-10 09:25:00.195   710   937 I am_proc_bound: [0,1259,android.process.acore]
08-10 09:25:00.507   710   710 I backup_transport_lifecycle: [android/com.android.internal.backup.LocalTransportService,1]
08-10 09:25:00.587   710   710 I notification_cancel: [10013,874,com.android.systemui,100,low_battery,-1,0,64,8,NULL]
08-10 09:25:00.699   710   792 I am_proc_start: [0,1307,10052,com.android.smspush,service,com.android.smspush/.WapPushManager]
08-10 09:25:00.988   710   710 I am_proc_start: [0,1337,10038,com.android.music,broadcast,com.android.music/.MediaButtonIntentReceiver]
08-10 09:25:00.992   710   937 I am_proc_bound: [0,1307,com.android.smspush]
08-10 09:25:01.218   710   726 I force_gc: Binder
08-10 09:25:01.227  1180  1180 I am_on_resume_called: [0,com.android.launcher3.Launcher]
08-10 09:25:01.423   710   726 I am_proc_bound: [0,1337,com.android.music]
08-10 09:25:01.597  1138  1138 I gsm_service_state_change: [1,1,3,3]
08-10 09:25:01.643   710   812 I netstats_mobile_sample: [0,0,0,0,0,0,0,0,0,0,0,0,-1]
08-10 09:25:01.644   710   812 I netstats_wifi_sample: [0,0,0,0,0,0,0,0,0,0,0,0,-1]
08-10 09:25:02.058   710   780 I am_activity_launch_time: [0,621056026,com.android.launcher3/.Launcher,3100,3100]
08-10 09:25:02.680  1138  1138 I gsm_service_state_change: [3,3,1,1]
08-10 09:25:02.975   710   775 I boot_progress_enable_screen: 26140
08-10 09:25:02.990   710   775 I screen_toggled: 1
08-10 09:25:03.093   710   937 I configuration_changed: 3
08-10 09:25:03.135   710   937 I am_relaunch_resume_activity: [0,621056026,3,com.android.launcher3/.Launcher]
08-10 09:25:03.140  1180  1180 I am_on_paused_called: [0,com.android.launcher3.Launcher]
08-10 09:25:03.247   174   174 I sf_frame_dur: [com.android.launcher3/com.android.launcher3.Launcher,4,1,3,0,0,1,0]
08-10 09:25:03.429   710   710 I notification_cancel: [10013,874,com.android.systemui,100,low_battery,-1,0,64,8,NULL]
08-10 09:25:03.433   710   710 I notification_cancel: [10013,874,com.android.systemui,100,low_battery,-1,0,64,8,NULL]
08-10 09:25:03.571  1180  1180 I am_on_resume_called: [0,com.android.launcher3.Launcher]
08-10 09:25:04.908   710  1242 I force_gc: Binder
08-10 09:25:05.911   710   710 I notification_cancel: [1001,1138,com.android.phone,3,1,-1,0,64,8,NULL]
08-10 09:25:05.912   710   710 I notification_cancel: [1001,1138,com.android.phone,4,1,-1,0,64,8,NULL]
08-10 09:25:06.590   174   174 I sf_frame_dur: [BootAnimation,9,11,277,14,0,0,0]
08-10 09:25:06.963   710  1490 I am_proc_start: [0,1507,1000,com.android.keychain,service,com.android.keychain/.KeyChainService]
08-10 09:25:07.079   710  1242 I am_proc_bound: [0,1507,com.android.keychain]
08-10 09:25:07.147   710   710 I notification_cancel: [1000,710,android,17039590,NULL,0,0,0,8,NULL]
08-10 09:25:07.219   874   874 I sysui_status_bar_state: [1,1,0,0,0,1]
08-10 09:25:07.230   710  1252 I notification_panel_revealed: []
08-10 09:25:07.925   174   174 I sf_frame_dur: [KeyguardScrim,0,0,0,0,0,0,1]
08-10 09:25:08.106   710   792 I am_proc_start: [0,1557,10004,com.android.dialer,broadcast,com.android.dialer/.calllog.CallLogReceiver]
08-10 09:25:08.196   710  1207 I am_proc_bound: [0,1557,com.android.dialer]
08-10 09:25:08.341   710   710 I am_proc_start: [0,1577,10001,com.android.providers.calendar,broadcast,com.android.providers.calendar/.CalendarReceiver]
08-10 09:25:08.360   710   710 I notification_cancel: [10004,1557,com.android.dialer,1,DefaultVoicemailNotifier,0,0,64,8,NULL]
08-10 09:25:08.426   710  1207 I am_proc_bound: [0,1577,com.android.providers.calendar]
08-10 09:25:08.548   710   726 I notification_cancel_all: [10005,836,com.android.providers.downloads,0,0,64,9,NULL]
08-10 09:25:08.644   710   792 I am_proc_start: [0,1605,10007,com.android.managedprovisioning,broadcast,com.android.managedprovisioning/.BootReminder]
08-10 09:25:08.728   710  1207 I am_proc_bound: [0,1605,com.android.managedprovisioning]
08-10 09:25:09.063   710   726 I am_proc_start: [0,1632,10008,com.android.mms,broadcast,com.android.mms/.transaction.MmsSystemEventReceiver]
08-10 09:25:09.146   710   727 I am_proc_bound: [0,1632,com.android.mms]
08-10 09:25:09.418   710  1242 I am_proc_start: [0,1678,10010,com.android.onetimeinitializer,broadcast,com.android.onetimeinitializer/.OneTimeInitializerReceiver]
08-10 09:25:09.474   710   710 I notification_cancel: [10008,1632,com.android.mms,123,NULL,0,0,64,8,NULL]
08-10 09:25:09.490   710   792 I am_proc_bound: [0,1678,com.android.onetimeinitializer]
08-10 09:25:09.618   710  1252 I am_proc_start: [0,1700,10015,com.android.voicedialer,broadcast,com.android.voicedialer/.VoiceDialerReceiver]
08-10 09:25:09.647   710   710 I notification_cancel: [10008,1632,com.android.mms,123,NULL,0,0,64,8,NULL]
08-10 09:25:09.710   710   792 I am_proc_bound: [0,1700,com.android.voicedialer]
08-10 09:25:09.719   710  1184 I force_gc: Binder
08-10 09:25:09.937   710  1252 I am_proc_start: [0,1719,10021,com.android.calendar,broadcast,com.android.calendar/.alerts.AlertReceiver]
08-10 09:25:09.998   710   726 I am_proc_bound: [0,1719,com.android.calendar]
08-10 09:25:10.163   710   792 I am_proc_start: [0,1747,10025,com.android.deskclock,broadcast,com.android.deskclock/.AlarmInitReceiver]
08-10 09:25:10.251   710  1226 I am_proc_bound: [0,1747,com.android.deskclock]
08-10 09:25:10.517   710   937 I am_proc_start: [0,1769,10028,com.android.email,broadcast,com.android.email/.service.EmailBroadcastReceiver]
08-10 09:25:10.605   710  1184 I am_proc_bound: [0,1769,com.android.email]
08-10 09:25:10.843   710  1242 I am_proc_start: [0,1791,10029,com.android.exchange,service,com.android.exchange/.service.EasService]
08-10 09:25:10.913   710  1207 I am_proc_bound: [0,1791,com.android.exchange]
08-10 09:25:10.999   710  1207 I am_proc_start: [0,1829,10054,com.zhihu.android,broadcast,com.zhihu.android/com.avos.avoscloud.AVBroadcastReceiver]
08-10 09:25:11.068   710   726 I am_proc_bound: [0,1829,com.zhihu.android]
08-10 09:25:12.925   710   817 I netstats_mobile_sample: [0,0,0,0,0,0,0,0,0,0,0,0,-1]
08-10 09:25:12.925   710   817 I netstats_wifi_sample: [0,0,0,0,0,0,0,0,0,0,0,0,-1]
08-10 09:25:12.957   710   817 I netstats_mobile_sample: [0,0,0,0,0,0,0,0,0,0,0,0,-1]
08-10 09:25:12.958   710   817 I netstats_wifi_sample: [0,0,0,0,0,0,0,0,0,0,0,0,-1]
08-10 09:25:14.327   710  1207 I notification_cancel_all: [10005,836,com.android.providers.downloads,0,0,64,9,NULL]
08-10 09:25:14.427  1138  1177 I force_gc: Binder
08-10 09:25:14.661   710   817 I netstats_mobile_sample: [0,0,0,0,0,0,0,0,0,0,0,0,-1]
08-10 09:25:14.662   710   817 I netstats_wifi_sample: [77128,80,8760,101,77050,79,7474,100,77050,79,7474,100,-1]
08-10 09:25:14.785   874   874 I sysui_lockscreen_gesture: [1,160,5610]
08-10 09:25:14.839   710  1226 I notification_panel_hidden: []
08-10 09:25:14.843   874   874 I screen_toggled: 2
08-10 09:25:15.553   874   874 I sysui_status_bar_state: [0,0,0,0,0,1]
08-10 09:25:17.273   710  1252 I am_home_stack_moved: [0,1,0,0,startingNewTask]
08-10 09:25:17.274   710  1252 I wm_task_moved: [3,1,0]
08-10 09:25:17.278   710  1252 I am_create_task: [0,4]
08-10 09:25:17.278   710  1252 I am_create_activity: [0,406582571,4,com.android.systemui/.recents.RecentsActivity,com.android.systemui.recents.SHOW_RECENTS,NULL,NULL,276840448]
08-10 09:25:17.279   710  1252 I wm_task_created: [4,0]
08-10 09:25:17.279   710  1252 I wm_task_moved: [4,1,1]
08-10 09:25:17.280   710  1252 I am_pause_activity: [0,621056026,com.android.launcher3/.Launcher]
08-10 09:25:17.281  1180  1180 I am_on_paused_called: [0,com.android.launcher3.Launcher]
08-10 09:25:17.288   710  1252 I am_restart_activity: [0,406582571,4,com.android.systemui/.recents.RecentsActivity]
08-10 09:25:17.298   710  1252 I am_home_stack_moved: [0,1,0,0,startedActivity setFocusedActivity]
08-10 09:25:17.300   710  1252 I am_focused_activity: [0,com.android.systemui/.recents.RecentsActivity]
08-10 09:25:17.380   874   874 I am_on_resume_called: [0,com.android.systemui.recents.RecentsActivity]
08-10 09:25:17.572   710   780 I am_activity_launch_time: [0,406582571,com.android.systemui/.recents.RecentsActivity,288,288]
08-10 09:25:17.774   174   174 I sf_frame_dur: [com.android.launcher3/com.android.launcher3.Launcher,5,6,0,1,1,0,0]
08-10 09:25:18.531   710  1252 I am_kill : [0,1829,com.zhihu.android,5,remove task]
08-10 09:25:18.645   710   792 I am_home_stack_moved: [0,1,0,0,intentActivityFound]
08-10 09:25:18.645   710   792 I wm_task_moved: [4,1,1]
08-10 09:25:18.652   710   792 I am_home_stack_moved: [0,1,0,0,bringingFoundTaskToFront]
08-10 09:25:18.652   710   792 I wm_task_moved: [3,1,1]
08-10 09:25:18.658   710   792 I am_pause_activity: [0,406582571,com.android.systemui/.recents.RecentsActivity]
08-10 09:25:18.661   710   792 I am_task_to_front: [0,3]
08-10 09:25:18.661   710   792 I am_new_intent: [0,453569229,3,com.android.launcher3/.Launcher,android.intent.action.MAIN,NULL,NULL,274726912]
08-10 09:25:18.662   710  1207 I am_proc_died: [0,1829,com.zhihu.android]
08-10 09:25:18.663   710  1207 I am_schedule_service_restart: [0,com.zhihu.android/com.avos.avoscloud.PushService,1000]
08-10 09:25:18.669   874   874 I am_on_paused_called: [0,com.android.systemui.recents.RecentsActivity]
08-10 09:25:18.680   710  1226 I am_resume_activity: [0,621056026,3,com.android.launcher3/.Launcher]
08-10 09:25:18.707  1180  1180 I am_on_resume_called: [0,com.android.launcher3.Launcher]
08-10 09:25:18.985   710   775 I am_home_stack_moved: [0,1,0,0,stopActivity adjustTopFocus setFocusedActivity]
08-10 09:25:18.986   710   775 I am_focused_activity: [0,com.android.launcher3/.Launcher]
08-10 09:25:18.996   174   174 I sf_frame_dur: [com.android.systemui/com.android.systemui.recents.RecentsActivity,29,1,1,1,0,0,0]
08-10 09:25:19.321   710   710 I notification_cancel: [10021,1719,com.android.calendar,0,NULL,0,0,64,8,NULL]
08-10 09:25:19.322   710   710 I notification_cancel: [10021,1719,com.android.calendar,1,NULL,0,0,64,8,NULL]
08-10 09:25:19.323   710   710 I notification_cancel: [10021,1719,com.android.calendar,2,NULL,0,0,64,8,NULL]
08-10 09:25:19.324   710   710 I notification_cancel: [10021,1719,com.android.calendar,3,NULL,0,0,64,8,NULL]
08-10 09:25:19.325   710   710 I notification_cancel: [10021,1719,com.android.calendar,4,NULL,0,0,64,8,NULL]
08-10 09:25:19.325   710   710 I notification_cancel: [10021,1719,com.android.calendar,5,NULL,0,0,64,8,NULL]
08-10 09:25:19.326   710   710 I notification_cancel: [10021,1719,com.android.calendar,6,NULL,0,0,64,8,NULL]
08-10 09:25:19.327   710   710 I notification_cancel: [10021,1719,com.android.calendar,7,NULL,0,0,64,8,NULL]
08-10 09:25:19.328   710   710 I notification_cancel: [10021,1719,com.android.calendar,8,NULL,0,0,64,8,NULL]
08-10 09:25:19.329   710   710 I notification_cancel: [10021,1719,com.android.calendar,9,NULL,0,0,64,8,NULL]
08-10 09:25:19.330   710   710 I notification_cancel: [10021,1719,com.android.calendar,10,NULL,0,0,64,8,NULL]
08-10 09:25:19.331   710   710 I notification_cancel: [10021,1719,com.android.calendar,11,NULL,0,0,64,8,NULL]
08-10 09:25:19.331   710   710 I notification_cancel: [10021,1719,com.android.calendar,12,NULL,0,0,64,8,NULL]
08-10 09:25:19.333   710   710 I notification_cancel: [10021,1719,com.android.calendar,13,NULL,0,0,64,8,NULL]
08-10 09:25:19.333   710   710 I notification_cancel: [10021,1719,com.android.calendar,14,NULL,0,0,64,8,NULL]
08-10 09:25:19.334   710   710 I notification_cancel: [10021,1719,com.android.calendar,15,NULL,0,0,64,8,NULL]
08-10 09:25:19.335   710   710 I notification_cancel: [10021,1719,com.android.calendar,16,NULL,0,0,64,8,NULL]
08-10 09:25:19.336   710   710 I notification_cancel: [10021,1719,com.android.calendar,17,NULL,0,0,64,8,NULL]
08-10 09:25:19.337   710   710 I notification_cancel: [10021,1719,com.android.calendar,18,NULL,0,0,64,8,NULL]
08-10 09:25:19.338   710   710 I notification_cancel: [10021,1719,com.android.calendar,19,NULL,0,0,64,8,NULL]
08-10 09:25:19.339   710   710 I notification_cancel: [10021,1719,com.android.calendar,20,NULL,0,0,64,8,NULL]
08-10 09:25:19.749   710   775 I am_proc_start: [0,2121,10054,com.zhihu.android,service,com.zhihu.android/com.avos.avoscloud.PushService]
08-10 09:25:19.835   710   792 I am_proc_bound: [0,2121,com.zhihu.android]
08-10 09:25:20.089   710  1226 I am_home_stack_moved: [0,0,1,1,startingNewTask]
08-10 09:25:20.089   710  1226 I am_create_task: [0,5]
08-10 09:25:20.089   710  1226 I am_create_activity: [0,920237776,5,com.android.browser/.BrowserActivity,android.intent.action.MAIN,NULL,NULL,270532608]
08-10 09:25:20.091   710  1226 I wm_task_created: [5,1]
08-10 09:25:20.091   710  1226 I wm_task_moved: [5,1,0]
08-10 09:25:20.105   710  1226 I am_pause_activity: [0,621056026,com.android.launcher3/.Launcher]
08-10 09:25:20.115   710  1226 I am_home_stack_moved: [0,0,1,1,startedActivity setFocusedActivity]
08-10 09:25:20.119   710  1226 I am_focused_activity: [0,com.android.browser/.BrowserActivity]
08-10 09:25:20.233  1180  1180 I am_on_paused_called: [0,com.android.launcher3.Launcher]
08-10 09:25:20.311   710  1207 I am_proc_start: [0,2166,10019,com.android.browser,activity,com.android.browser/.BrowserActivity]
08-10 09:25:20.385   710  1226 I am_proc_bound: [0,2166,com.android.browser]
08-10 09:25:20.392   710  1226 I am_restart_activity: [0,920237776,5,com.android.browser/.BrowserActivity]
08-10 09:25:20.735   710  1184 I force_gc: Binder
08-10 09:25:20.870   174   174 I sf_frame_dur: [com.android.launcher3/com.android.launcher3.Launcher,5,1,1,3,0,1,0]
08-10 09:25:21.099  2166  2166 I am_on_resume_called: [0,com.android.browser.BrowserActivity]
08-10 09:25:21.370   710   780 I am_activity_launch_time: [0,920237776,com.android.browser/.BrowserActivity,1136,1136]
08-10 09:25:22.794   174   174 I sf_frame_dur: [com.android.browser/com.android.browser.BrowserActivity,0,1,0,0,0,1,0]
08-10 09:25:26.943   174   174 I sf_frame_dur: [com.android.browser/com.android.browser.BrowserActivity,0,0,0,0,1,1,0]
08-10 09:25:27.780   174   174 I sf_frame_dur: [com.android.browser/com.android.browser.BrowserActivity,1,1,2,0,1,0,1]
08-10 09:25:28.298   174   174 I sf_frame_dur: [com.android.browser/com.android.browser.BrowserActivity,0,0,0,1,1,0,0]
08-10 09:25:29.135   174   174 I sf_frame_dur: [com.android.browser/com.android.browser.BrowserActivity,0,0,0,1,1,0,0]
08-10 09:25:29.788   174   174 I sf_frame_dur: [com.android.browser/com.android.browser.BrowserActivity,0,0,1,0,0,1,0]
08-10 09:25:30.239   174   174 I sf_frame_dur: [com.android.browser/com.android.browser.BrowserActivity,0,0,0,0,1,0,0]
08-10 09:25:31.189   174   174 I sf_frame_dur: [com.android.browser/com.android.browser.BrowserActivity,0,0,0,1,1,0,0]
08-10 09:25:31.712   174   174 I sf_frame_dur: [com.android.browser/com.android.browser.BrowserActivity,0,0,0,0,2,0,0]
08-10 09:25:32.411   174   174 I sf_frame_dur: [com.android.browser/com.android.browser.BrowserActivity,0,0,0,0,0,1,0]
08-10 09:25:32.850   174   174 I sf_frame_dur: [com.android.browser/com.android.browser.BrowserActivity,1,0,0,1,0,0,2]
08-10 09:25:33.402   174   174 I sf_frame_dur: [com.android.browser/com.android.browser.BrowserActivity,0,0,1,2,0,0,2]
08-10 09:25:33.955   174   174 I sf_frame_dur: [com.android.browser/com.android.browser.BrowserActivity,0,0,2,0,0,0,2]
08-10 09:25:34.424   174   174 I sf_frame_dur: [com.android.browser/com.android.browser.BrowserActivity,0,0,1,0,0,0,2]
08-10 09:25:34.943   174   174 I sf_frame_dur: [com.android.browser/com.android.browser.BrowserActivity,0,0,2,0,0,0,2]
08-10 09:25:35.445   174   174 I sf_frame_dur: [com.android.browser/com.android.browser.BrowserActivity,0,0,0,1,0,0,2]
08-10 09:25:35.930   174   174 I sf_frame_dur: [com.android.browser/com.android.browser.BrowserActivity,0,0,0,2,0,0,2]
08-10 09:25:36.211  2166  2166 I browser_page_loaded: https://m.baidu.com/?from=844b&vit=fps|14680
08-10 09:25:36.416   174   174 I sf_frame_dur: [com.android.browser/com.android.browser.BrowserActivity,0,0,0,2,0,0,2]
08-10 09:25:37.370   710  1207 I am_proc_start: [0,4651,10048,com.android.quicksearchbox,content provider,com.android.quicksearchbox/.google.GoogleSuggestionProvider]
08-10 09:25:37.479   710  1184 I am_proc_bound: [0,4651,com.android.quicksearchbox]
08-10 09:25:38.458   174   174 I sf_frame_dur: [PopupWindow:198a37bd,1,1,2,2,0,0,0]
08-10 09:25:39.763   174   174 I sf_frame_dur: [PopupWindow:198a37bd,0,0,0,2,0,0,0]
08-10 09:25:39.780   174   174 I sf_frame_dur: [InputMethod,58,12,7,1,0,1,1]
08-10 09:25:40.932  2166  2166 I browser_page_loaded: https://m.baidu.com/?from=844b&vit=fps|1033
08-10 09:25:41.293   710  1252 I am_home_stack_moved: [0,1,0,0,intentActivityFound]
08-10 09:25:41.294   710  1252 I wm_task_moved: [3,1,1]
08-10 09:25:41.298   710  1252 I am_home_stack_moved: [0,1,0,0,bringingFoundTaskToFront]
08-10 09:25:41.298   710  1252 I wm_task_moved: [4,1,1]
08-10 09:25:41.316   710  1252 I am_pause_activity: [0,920237776,com.android.browser/.BrowserActivity]
08-10 09:25:41.332   710  1252 I am_resume_activity: [0,406582571,4,com.android.systemui/.recents.RecentsActivity]
08-10 09:25:41.340   710  1252 I am_task_to_front: [0,4]
08-10 09:25:41.340   710  1252 I am_new_intent: [0,1059949146,4,com.android.systemui/.recents.RecentsActivity,com.android.systemui.recents.SHOW_RECENTS,NULL,NULL,281034752]
08-10 09:25:41.355  2166  2166 I am_on_paused_called: [0,com.android.browser.BrowserActivity]
08-10 09:25:41.396   874   874 I am_on_resume_called: [0,com.android.systemui.recents.RecentsActivity]
08-10 09:25:41.872   174   174 I sf_frame_dur: [com.android.browser/com.android.browser.BrowserActivity,119,51,30,24,15,4,1]
08-10 09:25:42.096   710   792 I am_finish_activity: [0,920237776,5,com.android.browser/.BrowserActivity,clear]
08-10 09:25:42.098   710   792 I am_destroy_activity: [0,920237776,5,com.android.browser/.BrowserActivity,finish-imm]
08-10 09:25:42.101   710   792 I am_kill : [0,1230,com.android.printspooler,15,empty #17]
08-10 09:25:42.118   710   792 I am_kill : [0,2166,com.android.browser,9,remove task]
08-10 09:25:42.329   710  1184 I am_proc_died: [0,2166,com.android.browser]
08-10 09:25:42.332   710  1184 I wm_task_removed: [5,removeAppToken: last token]
08-10 09:25:42.332   710  1184 I wm_task_removed: [5,removeTask]
08-10 09:25:42.335   710  1242 I am_proc_died: [0,1230,com.android.printspooler]
08-10 09:25:42.345   710  1252 I am_home_stack_moved: [0,1,0,0,intentActivityFound]
08-10 09:25:42.345   710  1252 I wm_task_moved: [4,1,1]
08-10 09:25:42.351   710  1252 I am_home_stack_moved: [0,1,0,0,bringingFoundTaskToFront]
08-10 09:25:42.351   710  1252 I wm_task_moved: [3,1,1]
08-10 09:25:42.357   710  1252 I am_pause_activity: [0,406582571,com.android.systemui/.recents.RecentsActivity]
08-10 09:25:42.362   710  1252 I am_task_to_front: [0,3]
08-10 09:25:42.363   710  1252 I am_new_intent: [0,283020672,3,com.android.launcher3/.Launcher,android.intent.action.MAIN,NULL,NULL,274726912]
08-10 09:25:42.376   874   874 I am_on_paused_called: [0,com.android.systemui.recents.RecentsActivity]
08-10 09:25:42.383   710   792 I am_resume_activity: [0,621056026,3,com.android.launcher3/.Launcher]
08-10 09:25:42.410  1180  1180 I am_on_resume_called: [0,com.android.launcher3.Launcher]
08-10 09:25:42.659   174   174 I sf_frame_dur: [com.android.systemui/com.android.systemui.recents.RecentsActivity,11,0,1,1,1,0,0]
08-10 09:25:45.635   710   792 I battery_status: [2,2,1,0,Li-ion]
08-10 09:25:45.655   710   710 I notification_cancel: [10013,874,com.android.systemui,100,low_battery,-1,0,64,8,NULL]
08-10 09:25:45.684   710   710 I notification_cancel: [10013,874,com.android.systemui,100,low_battery,-1,0,64,8,NULL]
08-10 09:25:46.039   710  1226 I battery_status: [2,2,1,2,Li-ion]
08-10 09:25:46.055   710   710 I notification_cancel: [10013,874,com.android.systemui,100,low_battery,-1,0,64,8,NULL]
08-10 09:25:46.134   710   710 I notification_cancel: [10013,874,com.android.systemui,100,low_battery,-1,0,64,8,NULL]
08-10 09:25:46.144   710   710 I notification_cancel: [10013,874,com.android.systemui,100,low_battery,-1,0,64,8,NULL]
08-10 09:25:46.178   710   710 I notification_enqueue: [1000,710,android,17040636,NULL,-1,Notification(pri=-2 contentView=null vibrate=null sound=null defaults=0x0 flags=0x2 color=0xff607d8b vis=PUBLIC),0]
08-10 09:25:46.192   710   710 I notification_enqueue: [1000,710,android,17040644,NULL,-1,Notification(pri=-1 contentView=null vibrate=null sound=null defaults=0x0 flags=0x2 color=0xff607d8b vis=PUBLIC),0]
08-10 09:25:46.620   710  1184 I notification_expansion: [-1|android|17040636|null|1000,0,1]
08-10 09:25:46.778   710   727 I notification_expansion: [-1|android|17040644|null|1000,0,1]
08-10 09:25:46.779   710   726 I notification_expansion: [-1|android|17040636|null|1000,0,0]
08-10 09:25:53.350   710   710 I notification_cancel: [1000,710,android,100,CaptivePortal.Notification,0,0,0,8,NULL]
08-10 09:26:02.085   710   775 I am_proc_start: [0,4810,10009,com.android.musicfx,broadcast,com.android.musicfx/.ControlPanelReceiver]
08-10 09:26:02.180   710   937 I am_proc_bound: [0,4810,com.android.musicfx]
08-10 09:26:16.067   710   782 I power_sleep_requested: 0
08-10 09:26:16.081   710   710 I power_screen_state: [0,3,0,0]
08-10 09:26:16.082   710   710 I screen_toggled: 0
08-10 09:26:16.105   710   710 I power_screen_broadcast_send: 1
08-10 09:26:16.280   710   727 I force_gc: Binder
08-10 09:26:16.347   710   710 I power_screen_broadcast_done: [1,243,1]
08-10 09:26:16.347   710   710 I power_screen_broadcast_send: 1
08-10 09:26:16.385   874   874 I sysui_heads_up_status: [,0]
08-10 09:26:16.389   710   710 I power_screen_broadcast_done: [0,41,1]
08-10 09:26:16.940   710   710 I am_pause_activity: [0,621056026,com.android.launcher3/.Launcher]
08-10 09:26:16.941  1180  1180 I am_on_paused_called: [0,com.android.launcher3.Launcher]
08-10 09:26:21.243   710   937 I notification_expansion: [-1|android|17040644|null|1000,0,0]
08-10 09:26:21.310   874   874 I sysui_status_bar_state: [1,1,0,0,0,1]
08-10 09:26:21.461   174   174 I sf_frame_dur: [NavigationBar,83,4,0,1,1,1,4]
08-10 09:26:46.100   710   710 I power_screen_state: [1,0,0,0]
08-10 09:26:46.100   710   710 I screen_toggled: 1
08-10 09:26:46.100   710   710 I power_screen_broadcast_send: 1
04-14 18:41:37.219   710   727 I notification_panel_revealed: []
04-14 18:41:37.220   710  1242 I notification_visibility_changed: [-1|android|17040644|null|1000,]
04-14 18:41:37.475   710   710 I power_screen_broadcast_done: [1,279,1]
04-14 18:41:37.714   174   174 I sf_frame_dur: [ColorFade,25,1,0,0,2,0,0]
04-14 18:41:38.609   874   874 I sysui_lockscreen_gesture: [1,88,3137]
04-14 18:41:38.740   710  1242 I notification_visibility_changed: [,-1|android|17040644|null|1000]
04-14 18:41:38.741   710   726 I notification_panel_hidden: []
04-14 18:41:38.747   874   874 I screen_toggled: 2
04-14 18:41:38.799   710   726 I notification_expansion: [-1|android|17040644|null|1000,0,1]
04-14 18:41:38.820   874   874 I sysui_status_bar_state: [0,0,0,0,0,1]
04-14 18:41:38.828   710   792 I am_resume_activity: [0,621056026,3,com.android.launcher3/.Launcher]
04-14 18:41:38.839  1180  1180 I am_on_resume_called: [0,com.android.launcher3.Launcher]
04-14 18:41:43.600   710  1226 I am_home_stack_moved: [0,0,1,1,startingNewTask]
04-14 18:41:43.601   710  1226 I am_create_task: [0,6]
04-14 18:41:43.601   710  1226 I am_create_activity: [0,386200078,6,com.zhihu.android/.app.ui.activity.MainActivity,android.intent.action.MAIN,NULL,NULL,270532608]
04-14 18:41:43.603   710  1226 I wm_task_created: [6,1]
04-14 18:41:43.603   710  1226 I wm_task_moved: [6,1,0]
04-14 18:41:43.604   710  1226 I am_pause_activity: [0,621056026,com.android.launcher3/.Launcher]
04-14 18:41:43.605  1180  1180 I am_on_paused_called: [0,com.android.launcher3.Launcher]
04-14 18:41:43.611   710  1226 I am_home_stack_moved: [0,0,1,1,startedActivity setFocusedActivity]
04-14 18:41:43.613   710  1226 I am_focused_activity: [0,com.zhihu.android/.app.ui.activity.MainActivity]
04-14 18:41:43.621   710  1184 I am_restart_activity: [0,386200078,6,com.zhihu.android/.app.ui.activity.MainActivity]
04-14 18:41:44.180   174   174 I sf_frame_dur: [com.android.launcher3/com.android.launcher3.Launcher,0,0,0,1,0,0,3]
04-14 18:41:44.565  2121  2121 I am_on_resume_called: [0,com.zhihu.android.app.ui.activity.MainActivity]
04-14 18:41:45.180   710   780 I am_activity_launch_time: [0,386200078,com.zhihu.android/.app.ui.activity.MainActivity,1566,1566]
04-14 18:41:54.581   874   874 I sysui_panelholder_touch: [0,983,16]
04-14 18:41:54.599   710   727 I notification_panel_revealed: []
04-14 18:41:54.608   710  1242 I notification_visibility_changed: [-1|android|17040644|null|1000;-1|android|17040636|null|1000,]
04-14 18:41:55.276   710  1252 I notification_visibility_changed: [,-1|android|17040644|null|1000;-1|android|17040636|null|1000]
04-14 18:41:55.278   710   726 I notification_panel_hidden: []
04-14 18:42:01.054   710   812 I netstats_mobile_sample: [0,0,0,0,0,0,0,0,0,0,0,0,1492166521054]
04-14 18:42:01.055   710   812 I netstats_wifi_sample: [3117979,2977,204435,2427,3115980,2975,198821,2426,3088908,2953,198461,2417,1492166521054]
04-14 18:42:02.539   174   174 I sf_frame_dur: [VolumePanel,27,1,1,0,0,0,0]
04-14 18:42:13.428   710  1252 I battery_level: [55,3821,388]
04-14 18:42:13.450   710   710 I notification_cancel: [10013,874,com.android.systemui,100,low_battery,-1,0,64,8,NULL]
04-14 18:42:32.384   174   174 I sf_frame_dur: [VolumePanel,26,1,1,0,0,0,1]
04-14 18:42:33.085   710  1207 I am_home_stack_moved: [0,0,1,1,intentActivityFound]
04-14 18:42:33.085   710  1207 I wm_task_moved: [6,1,0]
04-14 18:42:33.091   710  1207 I am_new_intent: [0,1016998352,6,com.zhihu.android/.app.ui.activity.MainActivity,android.intent.action.MAIN,NULL,NULL,270532608]
04-14 18:42:38.157   874   874 I sysui_panelholder_touch: [0,460,54]
04-14 18:42:38.256   710   727 I notification_panel_revealed: []
04-14 18:42:38.285   710  1242 I notification_visibility_changed: [-1|android|17040644|null|1000;-1|android|17040636|null|1000,]
04-14 18:42:39.129   710  1242 I notification_visibility_changed: [,-1|android|17040644|null|1000;-1|android|17040636|null|1000]
04-14 18:42:39.136   710   726 I notification_panel_hidden: []
04-14 18:42:41.537   710   937 I am_home_stack_moved: [0,0,1,1,intentActivityFound]
04-14 18:42:41.537   710   937 I wm_task_moved: [6,1,0]
04-14 18:42:41.544   710   937 I am_new_intent: [0,729963726,6,com.zhihu.android/.app.ui.activity.MainActivity,android.intent.action.MAIN,NULL,NULL,270532608]
04-14 18:42:46.743   710   710 I free_storage_changed: 13212749824
04-14 18:43:03.559   174   174 I sf_frame_dur: [VolumePanel,8,1,1,0,0,0,0]
04-14 18:43:04.899   174   174 I sf_frame_dur: [VolumePanel,15,1,0,0,0,0,0]
04-14 18:43:07.750   710  1226 I am_home_stack_moved: [0,0,1,1,intentActivityFound]
04-14 18:43:07.750   710  1226 I wm_task_moved: [6,1,0]
04-14 18:43:07.764   710  1226 I am_new_intent: [0,1018668800,6,com.zhihu.android/.app.ui.activity.MainActivity,android.intent.action.MAIN,NULL,NULL,270532608]
04-14 18:43:25.303   174   174 I sf_frame_dur: [VolumePanel,0,1,1,0,1,0,0]
04-14 18:43:36.253   174   174 I sf_frame_dur: [VolumePanel,11,0,1,0,0,0,0]
04-14 18:43:44.216   174   174 I sf_frame_dur: [VolumePanel,0,0,0,0,1,0,0]
04-14 18:43:59.870   174   174 I sf_frame_dur: [VolumePanel,1,0,0,0,1,0,0]
04-14 18:44:23.780   710  1207 I am_home_stack_moved: [0,0,1,1,intentActivityFound]
04-14 18:44:23.780   710  1207 I wm_task_moved: [6,1,0]
04-14 18:44:23.789   710  1207 I am_new_intent: [0,309646934,6,com.zhihu.android/.app.ui.activity.MainActivity,android.intent.action.MAIN,NULL,NULL,270532608]
04-14 18:44:38.504   174   174 I sf_frame_dur: [VolumePanel,15,1,0,0,0,0,0]
04-14 18:45:27.264   710   727 I am_home_stack_moved: [0,0,1,1,intentActivityFound]
04-14 18:45:27.264   710   727 I wm_task_moved: [6,1,0]
04-14 18:45:27.274   710   727 I am_new_intent: [0,1048760368,6,com.zhihu.android/.app.ui.activity.MainActivity,android.intent.action.MAIN,NULL,NULL,270532608]
04-14 18:45:35.495   874   874 I sysui_panelholder_touch: [0,774,49]
04-14 18:45:35.530   710  1207 I notification_panel_revealed: []
04-14 18:45:35.539   710  1184 I notification_visibility_changed: [-1|android|17040644|null|1000;-1|android|17040636|null|1000,]
04-14 18:45:36.099   710  1242 I notification_visibility_changed: [,-1|android|17040644|null|1000;-1|android|17040636|null|1000]
04-14 18:45:36.100   710  1207 I notification_panel_hidden: []
04-14 18:45:38.592   710  1242 I am_home_stack_moved: [0,0,1,1,intentActivityFound]
04-14 18:45:38.592   710  1242 I wm_task_moved: [6,1,0]
04-14 18:45:38.604   710  1242 I am_new_intent: [0,299145679,6,com.zhihu.android/.app.ui.activity.MainActivity,android.intent.action.MAIN,NULL,NULL,270532608]
04-14 18:45:41.655   710   726 I am_home_stack_moved: [0,0,1,1,intentActivityFound]
04-14 18:45:41.655   710   726 I wm_task_moved: [6,1,0]
04-14 18:45:41.665   710   726 I am_new_intent: [0,595378012,6,com.zhihu.android/.app.ui.activity.MainActivity,android.intent.action.MAIN,NULL,NULL,270532608]
04-14 18:46:01.132   710  1242 I am_home_stack_moved: [0,0,1,1,intentActivityFound]
04-14 18:46:01.132   710  1242 I wm_task_moved: [6,1,0]
04-14 18:46:01.145   710  1242 I am_new_intent: [0,999535205,6,com.zhihu.android/.app.ui.activity.MainActivity,android.intent.action.MAIN,NULL,NULL,270532608]
04-14 18:46:12.525   710   726 I am_home_stack_moved: [0,0,1,1,intentActivityFound]
04-14 18:46:12.525   710   726 I wm_task_moved: [6,1,0]
04-14 18:46:12.536   710   726 I am_new_intent: [0,1029434170,6,com.zhihu.android/.app.ui.activity.MainActivity,android.intent.action.MAIN,NULL,NULL,270532608]
04-14 18:46:27.309   174   174 I sf_frame_dur: [VolumePanel,15,1,0,0,0,0,0]
04-14 18:46:47.622   874   874 I sysui_panelholder_touch: [0,330,37]
04-14 18:46:47.642   710   937 I notification_panel_revealed: []
04-14 18:46:47.654   710  1252 I notification_visibility_changed: [-1|android|17040644|null|1000;-1|android|17040636|null|1000,]
04-14 18:46:47.667   710   792 I notification_visibility_changed: [,-1|android|17040644|null|1000;-1|android|17040636|null|1000]
04-14 18:46:47.668   710  1226 I notification_panel_hidden: []
04-14 18:46:49.660   710   937 I am_home_stack_moved: [0,0,1,1,intentActivityFound]
04-14 18:46:49.660   710   937 I wm_task_moved: [6,1,0]
04-14 18:46:49.669   710   937 I am_new_intent: [0,848134406,6,com.zhihu.android/.app.ui.activity.MainActivity,android.intent.action.MAIN,NULL,NULL,270532608]
04-14 18:47:02.989   874   874 I sysui_panelholder_touch: [0,748,60]
04-14 18:47:03.033   710  1184 I notification_panel_revealed: []
04-14 18:47:03.050   710  1226 I notification_visibility_changed: [-1|android|17040644|null|1000;-1|android|17040636|null|1000,]
04-14 18:47:03.072   710  1242 I notification_visibility_changed: [,-1|android|17040644|null|1000;-1|android|17040636|null|1000]
04-14 18:47:03.076   710   937 I notification_panel_hidden: []
04-14 18:47:07.499   710  1252 I battery_level: [54,3745,397]
04-14 18:47:07.506   710   710 I notification_cancel: [10013,874,com.android.systemui,100,low_battery,-1,0,64,8,NULL]
04-14 18:47:42.930   710  1184 I am_home_stack_moved: [0,0,1,1,intentActivityFound]
04-14 18:47:42.930   710  1184 I wm_task_moved: [6,1,0]
04-14 18:47:42.938   710  1184 I am_new_intent: [0,264161565,6,com.zhihu.android/.app.ui.activity.MainActivity,android.intent.action.MAIN,NULL,NULL,270532608]
04-14 18:47:45.991   874   874 I sysui_panelholder_touch: [0,903,10]
04-14 18:47:46.018   710  1242 I notification_panel_revealed: []
04-14 18:47:46.027   710   937 I notification_visibility_changed: [-1|android|17040644|null|1000;-1|android|17040636|null|1000,]
04-14 18:47:46.562   710  1184 I notification_visibility_changed: [,-1|android|17040644|null|1000;-1|android|17040636|null|1000]
04-14 18:47:46.563   710  1242 I notification_panel_hidden: []
04-14 18:47:59.479   710  1252 I am_home_stack_moved: [0,0,1,1,intentActivityFound]
04-14 18:47:59.479   710  1252 I wm_task_moved: [6,1,0]
04-14 18:47:59.492   710  1252 I am_new_intent: [0,284011230,6,com.zhihu.android/.app.ui.activity.MainActivity,android.intent.action.MAIN,NULL,NULL,270532608]
04-14 18:48:30.372   174   174 I sf_frame_dur: [VolumePanel,15,1,0,0,0,0,0]
04-14 18:48:42.441   710   726 I am_home_stack_moved: [0,0,1,1,intentActivityFound]
04-14 18:48:42.442   710   726 I wm_task_moved: [6,1,0]
04-14 18:48:42.450   710   726 I am_new_intent: [0,52795114,6,com.zhihu.android/.app.ui.activity.MainActivity,android.intent.action.MAIN,NULL,NULL,270532608]
04-14 18:49:07.919   710  1252 I am_home_stack_moved: [0,0,1,1,intentActivityFound]
04-14 18:49:07.920   710  1252 I wm_task_moved: [6,1,0]
04-14 18:49:07.924   710  1252 I am_new_intent: [0,771276251,6,com.zhihu.android/.app.ui.activity.MainActivity,android.intent.action.MAIN,NULL,NULL,270532608]
04-14 18:50:54.163   710   937 I am_home_stack_moved: [0,0,1,1,intentActivityFound]
04-14 18:50:54.163   710   937 I wm_task_moved: [6,1,0]
04-14 18:50:54.174   710   937 I am_new_intent: [0,389766327,6,com.zhihu.android/.app.ui.activity.MainActivity,android.intent.action.MAIN,NULL,NULL,270532608]
04-14 18:51:36.267   710  1242 I am_home_stack_moved: [0,0,1,1,intentActivityFound]
04-14 18:51:36.267   710  1242 I wm_task_moved: [6,1,0]
04-14 18:51:36.278   710  1242 I am_new_intent: [0,829299010,6,com.zhihu.android/.app.ui.activity.MainActivity,android.intent.action.MAIN,NULL,NULL,270532608]
04-14 18:51:43.858   174   174 I sf_frame_dur: [VolumePanel,15,1,0,0,0,1,0]
04-14 18:51:59.336   710  1184 I battery_level: [53,3827,405]
04-14 18:51:59.369   710   710 I notification_cancel: [10013,874,com.android.systemui,100,low_battery,-1,0,64,8,NULL]
04-14 18:52:21.666   874   874 I sysui_panelholder_touch: [0,5,15]
04-14 18:52:21.692   710  1184 I notification_panel_revealed: []
04-14 18:52:21.706   710  1242 I notification_visibility_changed: [-1|android|17040644|null|1000;-1|android|17040636|null|1000,]
04-14 18:52:22.282   710  1252 I notification_visibility_changed: [,-1|android|17040644|null|1000;-1|android|17040636|null|1000]
04-14 18:52:22.284   710   727 I notification_panel_hidden: []
04-14 18:52:41.165   174   174 I sf_frame_dur: [VolumePanel,15,1,0,0,0,0,0]
04-14 18:53:03.285   174   174 I sf_frame_dur: [VolumePanel,15,1,0,0,0,0,0]
04-14 18:53:12.585   174   174 I sf_frame_dur: [VolumePanel,18,0,0,0,0,0,0]
04-14 18:53:17.713   174   174 I sf_frame_dur: [VolumePanel,13,3,0,0,0,0,0]
04-14 18:53:26.866   710  1226 I am_home_stack_moved: [0,0,1,1,intentActivityFound]
04-14 18:53:26.867   710  1226 I wm_task_moved: [6,1,0]
04-14 18:53:26.888   710  1226 I am_new_intent: [0,723802361,6,com.zhihu.android/.app.ui.activity.MainActivity,android.intent.action.MAIN,NULL,NULL,270532608]
04-14 18:53:30.182   174   174 I sf_frame_dur: [VolumePanel,15,1,0,0,0,0,0]
04-14 18:53:48.346   874   874 I sysui_panelholder_touch: [0,57,0]
04-14 18:53:48.376   710  1242 I notification_panel_revealed: []
04-14 18:53:48.385   710   727 I notification_visibility_changed: [-1|android|17040644|null|1000;-1|android|17040636|null|1000,]
04-14 18:53:48.403   710 31134 I notification_visibility_changed: [,-1|android|17040644|null|1000;-1|android|17040636|null|1000]
04-14 18:53:48.404   710  1207 I notification_panel_hidden: []
04-14 18:54:01.816   710   727 I am_home_stack_moved: [0,0,1,1,intentActivityFound]
04-14 18:54:01.816   710   727 I wm_task_moved: [6,1,0]
04-14 18:54:01.825   710   727 I am_new_intent: [0,584867487,6,com.zhihu.android/.app.ui.activity.MainActivity,android.intent.action.MAIN,NULL,NULL,270532608]
04-14 18:54:41.879   174   174 I sf_frame_dur: [VolumePanel,7,2,0,0,0,0,0]
04-14 18:55:11.671   874   874 I sysui_panelholder_touch: [0,192,41]
04-14 18:55:11.703   710  1226 I notification_panel_revealed: []
04-14 18:55:11.714   710  1242 I notification_visibility_changed: [-1|android|17040644|null|1000;-1|android|17040636|null|1000,]
04-14 18:55:12.286   710  1184 I notification_visibility_changed: [,-1|android|17040644|null|1000;-1|android|17040636|null|1000]
04-14 18:55:12.288   710   937 I notification_panel_hidden: []
04-14 18:55:15.728   710  1252 I am_home_stack_moved: [0,0,1,1,intentActivityFound]
04-14 18:55:15.729   710  1252 I wm_task_moved: [6,1,0]
04-14 18:55:15.739   710  1252 I am_new_intent: [0,742600241,6,com.zhihu.android/.app.ui.activity.MainActivity,android.intent.action.MAIN,NULL,NULL,270532608]
04-14 18:55:17.786   874   874 I sysui_panelholder_touch: [0,74,34]
04-14 18:55:17.808   710   937 I notification_panel_revealed: []
04-14 18:55:17.814   710  1184 I notification_visibility_changed: [-1|android|17040644|null|1000;-1|android|17040636|null|1000,]
04-14 18:55:18.345   710 31134 I notification_visibility_changed: [,-1|android|17040644|null|1000;-1|android|17040636|null|1000]
04-14 18:55:18.345   710   792 I notification_panel_hidden: []
04-14 18:55:44.963   710   812 I netstats_mobile_sample: [0,0,0,0,0,0,0,0,0,0,0,0,1492167344962]
04-14 18:55:44.964   710   812 I netstats_wifi_sample: [5058375,5537,365589,3782,5056079,5529,357445,3774,5055071,5515,357445,3774,1492167344962]
04-14 18:55:45.737   174   174 I sf_frame_dur: [VolumePanel,18,0,0,0,0,0,0]
04-14 18:55:59.674   874   874 I sysui_panelholder_touch: [0,737,2]
04-14 18:55:59.706   710  1242 I notification_panel_revealed: []
04-14 18:55:59.717   710   937 I notification_visibility_changed: [-1|android|17040644|null|1000;-1|android|17040636|null|1000,]
04-14 18:56:00.309   710  1242 I notification_visibility_changed: [,-1|android|17040644|null|1000;-1|android|17040636|null|1000]
04-14 18:56:00.310   710   937 I notification_panel_hidden: []
04-14 18:56:17.565   174   174 I sf_frame_dur: [VolumePanel,14,1,0,0,0,1,0]
04-14 18:56:26.693   874   874 I sysui_panelholder_touch: [0,220,34]
04-14 18:56:26.723   710   937 I notification_panel_revealed: []
04-14 18:56:26.735   710 31134 I notification_visibility_changed: [-1|android|17040644|null|1000;-1|android|17040636|null|1000,]
04-14 18:56:27.373   710   937 I notification_visibility_changed: [,-1|android|17040644|null|1000;-1|android|17040636|null|1000]
04-14 18:56:27.374   710 31134 I notification_panel_hidden: []
04-14 18:56:46.088   710  1226 I am_home_stack_moved: [0,0,1,1,intentActivityFound]
04-14 18:56:46.088   710  1226 I wm_task_moved: [6,1,0]
04-14 18:56:46.096   710  1226 I am_new_intent: [0,254748700,6,com.zhihu.android/.app.ui.activity.MainActivity,android.intent.action.MAIN,NULL,NULL,270532608]
04-14 18:57:47.212   874   874 I sysui_panelholder_touch: [0,663,41]
04-14 18:57:47.260   710   727 I notification_panel_revealed: []
04-14 18:57:47.271   710   937 I notification_visibility_changed: [-1|android|17040644|null|1000;-1|android|17040636|null|1000,]
04-14 18:57:47.826   710   727 I notification_visibility_changed: [,-1|android|17040644|null|1000;-1|android|17040636|null|1000]
04-14 18:57:47.836   710  1226 I notification_panel_hidden: []
04-14 18:57:49.399   710   778 I am_proc_start: [0,10489,10013,com.android.systemui:screenshot,service,com.android.systemui/.screenshot.TakeScreenshotService]
04-14 18:57:49.511   710  1184 I am_proc_bound: [0,10489,com.android.systemui:screenshot]
04-14 18:57:51.403   710   710 I notification_enqueue: [10013,10489,com.android.systemui,789,NULL,0,Notification(pri=0 contentView=null vibrate=null sound=null defaults=0x0 flags=0x20 color=0xff607d8b vis=PRIVATE publicVersion=Notification(pri=0 contentView=com.android.systemui/0x1090077 vibrate=null sound=null defaults=0x0 flags=0x0 color=0xff607d8b category=progress vis=PRIVATE)),0]
04-14 18:57:51.489   174   174 I sf_frame_dur: [ScreenshotAnimation,47,0,0,0,1,0,0]
04-14 18:57:51.744   710  1184 I notification_expansion: [0|com.android.systemui|789|null|10013,0,1]
04-14 18:57:51.746   710  1252 I notification_expansion: [-1|android|17040644|null|1000,0,0]
04-14 18:57:52.398   710   710 I notification_enqueue: [10013,10489,com.android.systemui,789,NULL,0,Notification(pri=0 contentView=null vibrate=null sound=null defaults=0x0 flags=0x10 color=0xff607d8b actions=1 vis=PRIVATE publicVersion=Notification(pri=0 contentView=com.android.systemui/0x1090077 vibrate=null sound=null defaults=0x0 flags=0x10 color=0xff607d8b category=progress vis=PRIVATE)),1]
04-14 18:57:52.413   710 31134 I am_kill : [0,1507,com.android.keychain,15,empty #17]
04-14 18:57:52.541   710  1252 I am_proc_died: [0,1507,com.android.keychain]
04-14 18:57:52.613   710  1184 I notification_expansion: [0|com.android.systemui|789|null|10013,0,0]
04-14 18:57:52.869   710   726 I notification_expansion: [0|com.android.systemui|789|null|10013,0,1]
04-14 18:58:06.795   710   937 I am_home_stack_moved: [0,0,1,1,intentActivityFound]
04-14 18:58:06.795   710   937 I wm_task_moved: [6,1,0]
04-14 18:58:06.804   710   937 I am_new_intent: [0,591478186,6,com.zhihu.android/.app.ui.activity.MainActivity,android.intent.action.MAIN,NULL,NULL,270532608]
04-14 18:58:10.880   874   874 I sysui_panelholder_touch: [0,697,17]
04-14 18:58:10.925   710  1242 I notification_panel_revealed: []
04-14 18:58:10.942   710  1207 I notification_visibility_changed: [0|com.android.systemui|789|null|10013;-1|android|17040644|null|1000;-1|android|17040636|null|1000,]
04-14 18:58:11.495   710  1184 I notification_visibility_changed: [,-1|android|17040636|null|1000]
04-14 18:58:11.687   710  1242 I notification_visibility_changed: [,0|com.android.systemui|789|null|10013;-1|android|17040644|null|1000]
04-14 18:58:11.690   710  1207 I notification_panel_hidden: []
04-14 18:58:28.255   710   937 I am_home_stack_moved: [0,0,1,1,intentActivityFound]
04-14 18:58:28.255   710   937 I wm_task_moved: [6,1,0]
04-14 18:58:28.262   710   937 I am_new_intent: [0,426744081,6,com.zhihu.android/.app.ui.activity.MainActivity,android.intent.action.MAIN,NULL,NULL,270532608]
04-14 18:58:37.489   710   726 I am_home_stack_moved: [0,0,1,1,intentActivityFound]
04-14 18:58:37.490   710   726 I wm_task_moved: [6,1,0]
04-14 18:58:37.496   710   726 I am_new_intent: [0,156076662,6,com.zhihu.android/.app.ui.activity.MainActivity,android.intent.action.MAIN,NULL,NULL,270532608]
04-14 18:58:46.858   710   710 I free_storage_changed: 13210537984
04-14 18:58:58.019   710  1242 I battery_level: [52,3762,418]
04-14 18:58:58.025   710   710 I notification_cancel: [10013,874,com.android.systemui,100,low_battery,-1,0,64,8,NULL]
04-14 18:59:06.021   174   174 I sf_frame_dur: [VolumePanel,14,1,0,0,0,0,0]
04-14 18:59:18.521   174   174 I sf_frame_dur: [VolumePanel,15,1,0,0,0,0,0]
04-14 18:59:35.184   874   874 I sysui_panelholder_touch: [0,521,37]
04-14 18:59:35.219   710  1184 I notification_panel_revealed: []
04-14 18:59:35.232   710  1242 I notification_visibility_changed: [0|com.android.systemui|789|null|10013;-1|android|17040644|null|1000,]
04-14 18:59:35.805   710   937 I notification_visibility_changed: [,0|com.android.systemui|789|null|10013;-1|android|17040644|null|1000]
04-14 18:59:35.806   710  1252 I notification_panel_hidden: []
04-14 18:59:57.993   874   874 I sysui_panelholder_touch: [0,249,73]
04-14 18:59:58.023   710   726 I notification_panel_revealed: []
04-14 18:59:58.033   710   792 I notification_visibility_changed: [0|com.android.systemui|789|null|10013;-1|android|17040644|null|1000,]
04-14 18:59:58.588   710   792 I notification_visibility_changed: [,0|com.android.systemui|789|null|10013;-1|android|17040644|null|1000]
04-14 18:59:58.588   710  1207 I notification_panel_hidden: []
04-14 19:00:05.309   874   874 I sysui_panelholder_touch: [0,570,53]
04-14 19:00:05.356   710   727 I notification_panel_revealed: []
04-14 19:00:05.385   710   792 I notification_visibility_changed: [0|com.android.systemui|789|null|10013;-1|android|17040644|null|1000,]
04-14 19:00:05.895   710 31134 I notification_visibility_changed: [-1|android|17040636|null|1000,]
04-14 19:00:08.406   710  1242 I am_home_stack_moved: [0,0,1,1,intentActivityFound]
04-14 19:00:08.406   710  1242 I wm_task_moved: [6,1,0]
04-14 19:00:08.416   710  1242 I am_new_intent: [0,568986983,6,com.zhihu.android/.app.ui.activity.MainActivity,android.intent.action.MAIN,NULL,NULL,270532608]
04-14 19:00:11.072   710 31134 I notification_visibility_changed: [,-1|android|17040636|null|1000]
04-14 19:00:14.897   710   779 I am_proc_start: [0,14834,1002,com.android.bluetooth,service,com.android.bluetooth/.btservice.AdapterService]
04-14 19:00:15.071   710   937 I am_proc_bound: [0,14834,com.android.bluetooth]
04-14 19:00:16.750   710   726 I notification_cancel_all: [1002,14834,com.android.bluetooth,0,0,64,9,NULL]
04-14 19:00:16.872   710   710 I notification_cancel: [1002,14834,com.android.bluetooth,-1000005,NULL,0,0,64,8,NULL]
04-14 19:00:16.884   710   710 I notification_cancel: [1002,14834,com.android.bluetooth,-1000006,NULL,0,0,64,8,NULL]
04-14 19:00:17.901   710   710 I notification_cancel: [1002,14834,com.android.bluetooth,-1000005,NULL,0,0,64,8,NULL]
04-14 19:00:17.928   710   710 I notification_cancel: [1002,14834,com.android.bluetooth,-1000006,NULL,0,0,64,8,NULL]
04-14 19:00:25.660   710  1242 I am_proc_died: [0,14834,com.android.bluetooth]
04-14 19:00:25.661   710  1242 I am_schedule_service_restart: [0,com.android.bluetooth/.pbap.BluetoothPbapService,1000]
