04-14 19:10:13.390   710   775 E ActivityManager:   4.8% 874/com.android.systemui: 4% user + 0.7% kernel / faults: 11823 minor
04-14 19:10:13.390   710   775 E ActivityManager:   4.6% 29441/procrank: 1.1% user + 3.5% kernel / faults: 3009 minor
04-14 19:10:13.390   710   775 E ActivityManager:   3.9% 206/adbd: 0.5% user + 3.3% kernel / faults: 919 minor
04-14 19:10:13.390   710   775 E ActivityManager:   3.6% 1489/mpdecision: 0.1% user + 3.5% kernel
04-14 19:10:13.390   710   775 E ActivityManager:   0.9% 287/mdss_fb0: 0% user + 0.9% kernel
04-14 19:10:13.390   710   775 E ActivityManager:   0.7% 9009/kworker/u:2: 0% user + 0.7% kernel
04-14 19:10:13.390   710   775 E ActivityManager:   0.5% 2/kthreadd: 0% user + 0.5% kernel
04-14 19:10:13.390   710   775 E ActivityManager:   0.1% 123/dhd_watchdog_th: 0% user + 0.1% kernel
04-14 19:10:13.390   710   775 E ActivityManager:   0.5% 8063/kworker/0:0: 0% user + 0.5% kernel
04-14 19:10:13.390   710   775 E ActivityManager:   0.3% 198/sensors.qcom: 0.1% user + 0.1% kernel / faults: 2 minor
04-14 19:10:13.390   710   775 E ActivityManager:   0.3% 5080/logcat: 0.1% user + 0.1% kernel
04-14 19:10:13.390   710   775 E ActivityManager:   0.3% 5086/logcat: 0.1% user + 0.1% kernel
04-14 19:10:13.390   710   775 E ActivityManager:   0.3% 9008/kworker/u:1: 0% user + 0.3% kernel
04-14 19:10:13.390   710   775 E ActivityManager:   0% 5/kworker/0:0H: 0% user + 0% kernel
04-14 19:10:13.390   710   775 E ActivityManager:   0.1% 7/kworker/u:0H: 0% user + 0.1% kernel
04-14 19:10:13.390   710   775 E ActivityManager:   0.1% 124/dhd_dpc: 0% user + 0.1% kernel
04-14 19:10:13.390   710   775 E ActivityManager:   0.1% 5092/sh: 0% user + 0.1% kernel
04-14 19:10:13.390   710   775 E ActivityManager:   0.1% 19205/kworker/u:20: 0% user + 0.1% kernel
04-14 19:10:13.390   710   775 E ActivityManager:  +0% 31859/dumpsys: 0% user + 0% kernel
04-14 19:10:13.390   710   775 E ActivityManager:  +0% 31877/dumpsys: 0% user + 0% kernel
04-14 19:10:13.390   710   775 E ActivityManager:  +0% 31903/dumpsys: 0% user + 0% kernel
04-14 19:10:13.390   710   775 E ActivityManager:  +0% 31905/dumpsys: 0% user + 0% kernel
04-14 19:10:13.390   710   775 E ActivityManager:  +0% 32148/procrank: 0% user + 0% kernel
04-14 19:10:13.390   710   775 E ActivityManager: 100% TOTAL: 70% user + 29% kernel + 0.1% softirq
04-14 19:10:13.390   710   775 E ActivityManager: CPU usage from 21676ms to 23055ms later:
04-14 19:10:13.390   710   775 E ActivityManager:   36% 2121/com.zhihu.android: 30% user + 5.4% kernel / faults: 3081 minor
04-14 19:10:13.390   710   775 E ActivityManager:     18% 2121/m.zhihu.android: 17% user + 0.9% kernel
04-14 19:10:13.390   710   775 E ActivityManager:     10% 5038/RenderThread: 6.3% user + 4.5% kernel
04-14 19:10:13.390   710   775 E ActivityManager:     2.7% 15133/Binder_6: 2.7% user + 0% kernel
04-14 19:10:13.390   710   775 E ActivityManager:     1.8% 5049/Binder_3: 0.9% user + 0.9% kernel
04-14 19:10:13.390   710   775 E ActivityManager:     0.9% 1289/Binder_B: 0.9% user + 0% kernel
04-14 19:10:13.390   710   775 E ActivityManager:     0.9% 5057/hwuiTask1: 0.9% user + 0% kernel
04-14 19:10:13.390   710   775 E ActivityManager:     0.9% 11798/Thread-298: 0.9% user + 0% kernel
04-14 19:10:13.390   710   775 E ActivityManager:   23% 710/system_server: 17% user + 6.4% kernel / faults: 21 minor
04-14 19:10:13.390   710   775 E ActivityManager:     4.5% 775/ActivityManager: 1.8% user + 2.7% kernel
04-14 19:10:13.390   710   775 E ActivityManager:     4.5% 1226/Binder_7: 3.6% user + 0.9% kernel
04-14 19:10:13.390   710   775 E ActivityManager:     4.5% 1252/Binder_9: 4.5% user + 0% kernel
04-14 19:10:13.390   710   775 E ActivityManager:     4.5% 31134/Binder_A: 2.7% user + 1.8% kernel
04-14 19:10:13.390   710   775 E ActivityManager:     3.6% 1184/Binder_5: 3.6% user + 0% kernel
04-14 19:10:13.390   710   775 E ActivityManager:     0.9% 778/android.ui: 0.9% user + 0% kernel
04-14 19:10:13.390   710   775 E ActivityManager:     0.9% 22212/Binder_E: 0.9% user + 0% kernel
04-14 19:10:13.390   710   775 E ActivityManager:   7.7% 169/logd: 6.9% user + 0.7% kernel / faults: 1 minor
04-14 19:10:13.390   710   775 E ActivityManager:     1.5% 5096/logd.reader.per: 1.5% user + 0% kernel
04-14 19:10:13.390   710   775 E ActivityManager:     1.5% 5099/logd.reader.per: 0.7% user + 0.7% kernel
04-14 19:10:13.390   710   775 E ActivityManager:     1.5% 5101/logd.reader.per: 1.5% user + 0% kernel
04-14 19:10:13.390   710   775 E ActivityManager:     0.7% 218/logd.writer: 0% user + 0.7% kernel
04-14 19:10:13.390   710   775 E ActivityManager:     0.7% 5097/logd.reader.per: 0.7% user + 0% kernel
04-14 19:10:13.390   710   775 E ActivityManager:     0.7% 5100/logd.reader.per: 0.7% user + 0% kernel
04-14 19:10:13.390   710   775 E ActivityManager:   6.9% 174/surfaceflinger: 2.3% user + 4.6% kernel
04-14 19:10:13.390   710   775 E ActivityManager:     4.6% 174/surfaceflinger: 2.3% user + 2.3% kernel
04-14 19:10:13.390   710   775 E ActivityManager:     1.5% 1442/Binder_5: 1.5% user + 0% kernel
04-14 19:10:13.390   710   775 E ActivityManager:     0.7% 226/Binder_1: 0% user + 0.7% kernel
04-14 19:10:13.390   710   775 E ActivityManager:     0.7% 229/Binder_2: 0.7% user + 0% kernel
04-14 19:10:13.390   710   775 E ActivityManager:     0.7% 322/EventThread: 0% user + 0.7% kernel
04-14 19:10:13.390   710   775 E ActivityManager:     0.7% 1441/Binder_4: 0% user + 0.7% kernel
04-14 19:10:13.390   710   775 E ActivityManager:   4.2% 206/adbd: 0% user + 4.2% kernel / faults: 176 minor
04-14 19:10:13.390   710   775 E ActivityManager:     2.5% 206/adbd: 0% user + 2.5% kernel
04-14 19:10:13.390   710   775 E ActivityManager:   4.3% 874/com.android.systemui: 4.3% user + 0% kernel / faults: 4258 minor
04-14 19:10:13.390   710   775 E ActivityManager:     4.3% 891/Binder_1: 4.3% user + 0% kernel
04-14 19:10:13.390   710   775 E ActivityManager:   4.6% 29441/procrank: 0.9% user + 3.7% kernel / faults: 595 minor
04-14 19:10:13.390   710   775 E ActivityManager:   4.6% 32148/procrank: 2.7% user + 1.8% kernel / faults: 116 minor
04-14 19:10:13.390   710   775 E ActivityManager:   3.6% 1489/mpdecision: 0% user + 3.6% kernel
04-14 19:10:13.390   710   775 E ActivityManager:     3.6% 1506/mpdecision: 0% user + 3.6% kernel
04-14 19:10:13.390   710   775 E ActivityManager:   0.7% 2/kthreadd: 0% user + 0.7% kernel
04-14 19:10:13.390   710   775 E ActivityManager:   0.8% 5080/logcat: 0% user + 0.8% kernel
04-14 19:10:13.390   710   775 E ActivityManager:   0.2% 5092/sh: 0% user + 0.2% kernel
04-14 19:10:13.390   710   775 E ActivityManager:   0.9% 8063/kworker/0:0: 0% user + 0.9% kernel
04-14 19:10:13.390   710   775 E ActivityManager:   0.9% 9009/kworker/u:2: 0% user + 0.9% kernel
04-14 19:10:13.390   710   775 E ActivityManager: 100% TOTAL: 66% user + 33% kernel
04-14 19:10:13.477   710   775 I ActivityManager: Skipping duplicate ANR: ProcessRecord{32e7fd79 2121:com.zhihu.android/u0a54} Input dispatching timed out (Waiting to send key event because the focused window has not finished processing all of the input events that were previously delivered to it.  Outbound queue length: 0.  Wait queue length: 1.)
04-14 19:10:13.543   710   710 I ActivityManager: Killing 1632:com.android.mms/u0a8 (adj 13): empty for 1808s
04-14 19:10:13.753   710   710 E libprocessgroup: failed to kill 1 processes for processgroup 1632
04-14 19:10:13.753   710   710 I ActivityManager: Killing 1769:com.android.email/u0a28 (adj 13): empty for 1808s
04-14 19:10:13.968   710   710 E libprocessgroup: failed to kill 1 processes for processgroup 1769
04-14 19:10:13.969   710   710 I ActivityManager: Killing 1791:com.android.exchange/u0a29 (adj 13): empty for 1811s
04-14 19:10:14.179   710   710 E libprocessgroup: failed to kill 1 processes for processgroup 1791
04-14 19:10:14.179   710   710 I ActivityManager: Killing 1700:com.android.voicedialer/u0a15 (adj 13): empty for 1812s
04-14 19:10:14.389   710   710 E libprocessgroup: failed to kill 1 processes for processgroup 1700
04-14 19:10:14.389   710   710 I ActivityManager: Killing 1678:com.android.onetimeinitializer/u0a10 (adj 13): empty for 1812s
04-14 19:10:14.603   710   710 E libprocessgroup: failed to kill 1 processes for processgroup 1678
04-14 19:10:14.603   710   710 I ActivityManager: Killing 1605:com.android.managedprovisioning/u0a7 (adj 15): empty for 1813s
04-14 19:10:14.824   710   710 E libprocessgroup: failed to kill 1 processes for processgroup 1605
04-14 19:10:14.903   710   775 I ProcessStatsService: Prepared write state in 76ms
04-14 19:10:16.894   710   796 I WindowManager: Input event dispatching timed out sending to com.zhihu.android/com.zhihu.android.app.ui.activity.MainActivity.  Reason: Waiting to send key event because the focused window has not finished processing all of the input events that were previously delivered to it.  Outbound queue length: 0.  Wait queue length: 1.
04-14 19:10:17.122   710 17348 W InputManager: Input event injection from pid 4987 timed out.
04-14 19:10:17.157   710 31134 W ProcessCpuTracker: Skipping unknown process pid 2033
04-14 19:10:17.302   710   775 I ActivityManager: Skipping duplicate ANR: ProcessRecord{32e7fd79 2121:com.zhihu.android/u0a54} Input dispatching timed out (Waiting to send key event because the focused window has not finished processing all of the input events that were previously delivered to it.  Outbound queue length: 0.  Wait queue length: 1.)
04-14 19:10:25.019   710 17348 D CountryDetector: No listener is left
04-14 19:10:38.403   710 14890 W ProcessCpuTracker: Skipping unknown process pid 7518
04-14 19:10:41.883   710   782 I PowerManagerService: Going to sleep due to screen timeout (uid 1000)...
04-14 19:10:41.883   710   782 I PowerManagerService: Sleeping (uid 1000)...
04-14 19:10:41.939   710   710 I ActivityManager: Killing 4651:com.android.quicksearchbox/u0a48 (adj 15): empty for 1810s
04-14 19:10:42.167   710   710 E libprocessgroup: failed to kill 1 processes for processgroup 4651
04-14 19:10:42.528   710   780 I DisplayManagerService: Display device changed: DisplayDeviceInfo{"Built-in Screen": uniqueId="local:0", 1080 x 1920, 60.0 fps, supportedRefreshRates [60.0], density 480, 442.451 x 443.345 dpi, appVsyncOff 7500000, presDeadline 12666667, touch INTERNAL, rotation 0, type BUILT_IN, state OFF, FLAG_DEFAULT_DISPLAY, FLAG_ROTATES_WITH_CONTENT, FLAG_SECURE, FLAG_SUPPORTS_PROTECTED_BUFFERS}
04-14 19:10:42.531   710   710 V ActivityManager: Display changed displayId=0
04-14 19:10:49.698   710   780 W WindowManager: Window freeze timeout expired.
04-14 19:10:49.698   710   780 W WindowManager: Force clearing orientation change: Window{3cd1bf94 u0 StatusBar}
04-14 19:10:52.246   710   775 W BroadcastQueue: Timeout of broadcast BroadcastRecord{1837901d u-1 android.intent.action.SCREEN_OFF} - receiver=android.app.LoadedApk$ReceiverDispatcher$InnerReceiver@2b325e76, started 10001ms ago
04-14 19:10:52.246   710   775 W BroadcastQueue: Receiver during timeout: BroadcastFilter{1c5dec02 u0 ReceiverList{27e5c77 710 system/1000/u0 local:2b325e76}}
04-14 19:10:58.183   710  1252 W ProcessCpuTracker: Skipping unknown process pid 12347
04-14 19:10:59.121   710  1242 I ActivityManager: START u0 {act=android.intent.action.MAIN cat=[android.intent.category.LAUNCHER] flg=0x10008000 cmp=com.android.settings/.DevelopmentSettings} from uid 1000 on display 0
04-14 19:11:02.328   710 22212 I PowerManagerService: Waking up from sleep (uid 1000)...
04-14 19:11:02.351   710   782 I DisplayPowerController: Blocking screen on until initial contents have been drawn.
04-14 19:11:02.358   710   780 E WindowAnimator: Timeout waiting for animation to startup
04-14 19:11:02.478   710   780 I DisplayManagerService: Display device changed: DisplayDeviceInfo{"Built-in Screen": uniqueId="local:0", 1080 x 1920, 60.0 fps, supportedRefreshRates [60.0], density 480, 442.451 x 443.345 dpi, appVsyncOff 7500000, presDeadline 12666667, touch INTERNAL, rotation 0, type BUILT_IN, state ON, FLAG_DEFAULT_DISPLAY, FLAG_ROTATES_WITH_CONTENT, FLAG_SECURE, FLAG_SUPPORTS_PROTECTED_BUFFERS}
04-14 19:11:02.501   710   710 V ActivityManager: Display changed displayId=0
04-14 19:11:03.329   710   778 W WindowManager: Keyguard drawn timeout. Setting mKeyguardDrawComplete
04-14 19:11:03.455   710   780 W WindowManager: Timeout waiting for drawn: undrawn=[Window{3cd1bf94 u0 StatusBar}]
04-14 19:11:03.457   710   782 I DisplayPowerController: Unblocked screen on after 1106 ms
04-14 19:11:04.172   710  1207 W InputMethodManagerService: Window already focused, ignoring focus gain of: com.android.internal.view.IInputMethodClient$Stub$Proxy@15afd378 attribute=android.view.inputmethod.EditorInfo@151bca51, token = android.os.BinderProxy@2be4c63b
04-14 19:11:05.619   710  1226 I ActivityManager: START u0 {act=android.intent.action.VIEW dat=http://link.zhihu.com/?target=https://item.taobao.com/item.htm?id=548188714604 cmp=com.android.browser/.BrowserActivity (has extras)} from uid 10054 on display 0
04-14 19:11:05.893   710 31134 W BroadcastQueue: Permission Denial: broadcasting Intent { act=android.intent.action.USER_PRESENT flg=0x24000010 } from com.android.systemui (pid=874, uid=10013) is not exported from uid 10054 due to receiver com.zhihu.android/com.avos.avoscloud.AVBroadcastReceiver
04-14 19:11:12.426   710   775 W BroadcastQueue: Timeout of broadcast BroadcastRecord{1d38cbb7 u-1 android.intent.action.SCREEN_ON} - receiver=android.app.LoadedApk$ReceiverDispatcher$InnerReceiver@2b325e76, started 10006ms ago
04-14 19:11:12.427   710   775 W BroadcastQueue: Receiver during timeout: BroadcastFilter{1c5dec02 u0 ReceiverList{27e5c77 710 system/1000/u0 local:2b325e76}}
04-14 19:11:12.724   710   775 I ActivityManager: Waited long enough for: ServiceRecord{10ff6292 u0 com.android.music/.MediaPlaybackService}
04-14 19:12:07.078   710   710 I ActivityManager: START u0 {act=android.settings.INPUT_METHOD_SETTINGS flg=0x14200000 cmp=com.android.settings/.Settings$InputMethodAndLanguageSettingsActivity} from uid 1000 on display 0
04-14 19:12:07.305   710 14890 W InputMethodManagerService: Window already focused, ignoring focus gain of: com.android.internal.view.IInputMethodClient$Stub$Proxy@c885ba2 attribute=null, token = android.os.BinderProxy@2be4c63b
04-14 19:12:08.622   710  1252 I ActivityManager: START u0 {act=android.intent.action.MAIN cat=[android.intent.category.LAUNCHER] flg=0x10200000 cmp=com.zhihu.android/.app.ui.activity.MainActivity} from uid 0 on display 0
04-14 19:12:14.756   710  1252 I ActivityManager: START u0 {act=android.intent.action.VIEW dat=http://link.zhihu.com/?target=https://item.taobao.com/item.htm?id=548188714604 cmp=com.android.browser/.BrowserActivity (has extras)} from uid 10054 on display 0
04-14 19:12:18.072   710   775 W ProcessCpuTracker: Skipping unknown process pid 31794
04-14 19:12:18.073   710   775 W ProcessCpuTracker: Skipping unknown process pid 31798
04-14 19:12:38.603   710   937 W ProcessCpuTracker: Skipping unknown process pid 4850
04-14 19:12:54.332   710   775 W ProcessCpuTracker: Skipping unknown process pid 8818
04-14 19:12:54.333   710   775 W ProcessCpuTracker: Skipping unknown process pid 8819
04-14 19:12:54.334   710   775 W ProcessCpuTracker: Skipping unknown process pid 8820
04-14 19:12:54.377   710   775 W ProcessCpuTracker: Skipping unknown process pid 8821
04-14 19:13:27.406   710   792 I ActivityManager: START u0 {act=android.intent.action.VIEW dat=http://link.zhihu.com/?target=https://item.taobao.com/item.htm?id=548188714604 cmp=com.android.browser/.BrowserActivity (has extras)} from uid 10054 on display 0
04-14 19:13:30.055   710 31134 I ActivityManager: START u0 {act=android.intent.action.VIEW dat=http://link.zhihu.com/?target=https://item.taobao.com/item.htm?id=548188714604 cmp=com.android.browser/.BrowserActivity (has extras)} from uid 10054 on display 0
04-14 19:13:39.806   710   792 I ActivityManager: START u0 {act=android.intent.action.MAIN cat=[android.intent.category.LAUNCHER] flg=0x10200000 cmp=com.zhihu.android/.app.ui.activity.MainActivity} from uid 0 on display 0
04-14 19:15:26.905   710  1252 I ActivityManager: START u0 {act=android.intent.action.MAIN cat=[android.intent.category.LAUNCHER] flg=0x10200000 cmp=com.zhihu.android/.app.ui.activity.MainActivity} from uid 0 on display 0
04-14 19:15:59.295  2121  2121 W ViewRootImpl: Dropping event due to no window focus: MotionEvent { action=ACTION_MOVE, id[0]=0, x[0]=1.0, y[0]=3.0, toolType[0]=TOOL_TYPE_UNKNOWN, buttonState=0, metaState=0, flags=0x0, edgeFlags=0x0, pointerCount=1, historySize=9, eventTime=2189862, downTime=-1, deviceId=0, source=0x10004 }
04-14 19:15:59.626   710 22193 W InputMethodManagerService: Window already focused, ignoring focus gain of: com.android.internal.view.IInputMethodClient$Stub$Proxy@1ca1b838 attribute=null, token = android.os.BinderProxy@2be4c63b
04-14 19:16:18.505   710  1226 W ProcessCpuTracker: Skipping unknown process pid 26835
04-14 19:16:52.760   710  1184 I ActivityManager: START u0 {act=android.intent.action.VIEW dat=http://link.zhihu.com/?target=https://item.taobao.com/item.htm?id=548188714604 cmp=com.android.browser/.BrowserActivity (has extras)} from uid 10054 on display 0
04-14 19:17:13.685  2121  2121 W ViewRootImpl: Dropping event due to no window focus: KeyEvent { action=ACTION_DOWN, keyCode=KEYCODE_DPAD_DOWN, scanCode=0, metaState=0, flags=0x8, repeatCount=0, eventTime=2265564, downTime=2265564, deviceId=-1, source=0x101 }
04-14 19:17:13.686  2121  2121 W ViewRootImpl: Cancelling event due to no window focus: KeyEvent { action=ACTION_UP, keyCode=KEYCODE_DPAD_DOWN, scanCode=0, metaState=0, flags=0x28, repeatCount=0, eventTime=2265732, downTime=2265732, deviceId=-1, source=0x101 }
04-14 19:17:13.686  2121  2121 W ViewRootImpl: Cancelling event due to no window focus: KeyEvent { action=ACTION_UP, keyCode=KEYCODE_DPAD_DOWN, scanCode=0, metaState=0, flags=0x28, repeatCount=0, eventTime=2265732, downTime=2265732, deviceId=-1, source=0x101 }
04-14 19:17:13.687  2121  2121 W ViewRootImpl: Cancelling event due to no window focus: KeyEvent { action=ACTION_UP, keyCode=KEYCODE_DPAD_DOWN, scanCode=0, metaState=0, flags=0x28, repeatCount=0, eventTime=2265732, downTime=2265732, deviceId=-1, source=0x101 }
04-14 19:17:13.731   710 14903 W InputMethodManagerService: Window already focused, ignoring focus gain of: com.android.internal.view.IInputMethodClient$Stub$Proxy@d66ee6f attribute=null, token = android.os.BinderProxy@2be4c63b
04-14 19:17:16.987   710 14903 I ActivityManager: START u0 {act=android.intent.action.MAIN cat=[android.intent.category.LAUNCHER] flg=0x10200000 cmp=com.zhihu.android/.app.ui.activity.MainActivity} from uid 0 on display 0
04-14 19:17:21.188   710 14903 I ActivityManager: START u0 {act=android.intent.action.VIEW dat=http://link.zhihu.com/?target=https://item.taobao.com/item.htm?id=548188714604 cmp=com.android.browser/.BrowserActivity (has extras)} from uid 10054 on display 0
04-14 19:17:28.790   710  1207 W ProcessCpuTracker: Skipping unknown process pid 12123
04-14 19:18:18.780   710 22212 W ProcessCpuTracker: Skipping unknown process pid 24277
04-14 19:18:43.177   710 17348 I ActivityManager: START u0 {act=android.intent.action.MAIN cat=[android.intent.category.LAUNCHER] flg=0x10008000 cmp=com.android.settings/.DevelopmentSettings} from uid 1000 on display 0
04-14 19:18:43.948   710  1184 W InputMethodManagerService: Window already focused, ignoring focus gain of: com.android.internal.view.IInputMethodClient$Stub$Proxy@2d0cddb9 attribute=null, token = android.os.BinderProxy@2be4c63b
04-14 19:19:09.155   710  1207 W InputManager: Input event injection from pid 4987 failed.
04-14 19:19:15.005   710   796 I ActivityManager: START u0 {act=android.intent.action.MAIN cat=[android.intent.category.LAUNCHER] flg=0x10000000 cmp=com.android.browser/.BrowserActivity sel=act=android.intent.action.MAIN cat=[android.intent.category.APP_BROWSER]}} from uid 1000 on display 0
04-14 19:19:29.055   710   796 I WindowManager: Input event dispatching timed out sending to Add new user?.  Reason: Waiting to send key event because the focused window has not finished processing all of the input events that were previously delivered to it.  Outbound queue length: 0.  Wait queue length: 10.
04-14 19:19:29.218   710   727 W InputManager: Input event injection from pid 4987 failed.
04-14 19:19:39.598   710   775 I ActivityManager: Skipping duplicate ANR: ProcessRecord{32e7fd79 2121:com.zhihu.android/u0a54} Input dispatching timed out (Waiting to send key event because the focused window has not finished processing all of the input events that were previously delivered to it.  Outbound queue length: 0.  Wait queue length: 10.)
04-14 19:19:45.931   710 31134 W InputMethodManagerService: Window already focused, ignoring focus gain of: com.android.internal.view.IInputMethodClient$Stub$Proxy@17a9c6d6 attribute=null, token = android.os.BinderProxy@2be4c63b
04-14 19:20:02.226   710 31134 I ActivityManager: START u0 {act=android.intent.action.MAIN cat=[android.intent.category.LAUNCHER] flg=0x10008000 cmp=com.android.settings/.UsbSettings} from uid 1000 on display 0
04-14 19:20:11.891   710   796 I WindowManager: Input event dispatching timed out sending to com.zhihu.android/com.zhihu.android.app.ui.activity.MainActivity.  Reason: Waiting to send key event because the focused window has not finished processing all of the input events that were previously delivered to it.  Outbound queue length: 0.  Wait queue length: 10.
04-14 19:20:12.024   710 22212 W InputManager: Input event injection from pid 4987 timed out.
04-14 19:20:12.053   710   775 I ActivityManager: Skipping duplicate ANR: ProcessRecord{32e7fd79 2121:com.zhihu.android/u0a54} Input dispatching timed out (Waiting to send key event because the focused window has not finished processing all of the input events that were previously delivered to it.  Outbound queue length: 0.  Wait queue length: 10.)
04-14 19:20:22.080   710   937 W ProcessCpuTracker: Skipping unknown process pid 21551
04-14 19:20:47.642   710  1242 W ProcessCpuTracker: Skipping unknown process pid 26473
04-14 19:21:23.509   710   792 I ActivityManager: START u0 {act=android.intent.action.MAIN cat=[android.intent.category.LAUNCHER] flg=0x10200000 cmp=com.zhihu.android/.app.ui.activity.MainActivity} from uid 0 on display 0
04-14 19:21:39.081   710 22193 W ProcessCpuTracker: Skipping unknown process pid 9338
04-14 19:21:59.008   710   727 W ProcessCpuTracker: Skipping unknown process pid 14246
04-14 19:21:59.051   710   727 W ProcessCpuTracker: Skipping unknown process pid 14268
04-14 19:22:16.083   710 22212 I ActivityManager: START u0 {act=android.intent.action.MAIN cat=[android.intent.category.LAUNCHER] flg=0x10200000 cmp=com.zhihu.android/.app.ui.activity.MainActivity} from uid 0 on display 0
04-14 19:22:18.581   710 14903 I ActivityManager: START u0 {act=android.intent.action.MAIN cat=[android.intent.category.LAUNCHER] flg=0x10200000 cmp=com.zhihu.android/.app.ui.activity.MainActivity} from uid 0 on display 0
04-14 19:22:28.929   710   937 W ProcessCpuTracker: Skipping unknown process pid 21572
04-14 19:22:53.185   710   775 W ProcessCpuTracker: Skipping unknown process pid 27511
04-14 19:23:12.486   710  1252 I ActivityManager: START u0 {act=android.intent.action.MAIN cat=[android.intent.category.LAUNCHER] flg=0x10200000 cmp=com.zhihu.android/.app.ui.activity.MainActivity} from uid 0 on display 0
04-14 19:23:16.959   710  1252 I ActivityManager: START u0 {act=android.intent.action.MAIN cat=[android.intent.category.LAUNCHER] flg=0x10200000 cmp=com.zhihu.android/.app.ui.activity.MainActivity} from uid 0 on display 0
04-14 19:23:32.409   710   726 I ActivityManager: START u0 {act=android.intent.action.VIEW dat=http://link.zhihu.com/?target=https://item.taobao.com/item.htm?id=548188714604 cmp=com.android.browser/.BrowserActivity (has extras)} from uid 10054 on display 0
04-14 19:23:33.674   710  1184 I ActivityManager: START u0 {act=android.intent.action.VIEW dat=http://link.zhihu.com/?target=https://item.taobao.com/item.htm?id=548188714604 cmp=com.android.browser/.BrowserActivity (has extras)} from uid 10054 on display 0
04-14 19:23:40.743   710  1242 D ZenLog  : set_ringer_mode_internal: AudioService.onSetStreamVolume,i:normal->vibrate,e:normal->vibrate
04-14 19:23:49.095   710   726 W ProcessCpuTracker: Skipping unknown process pid 9282
04-14 19:24:28.800   710 14890 W ProcessCpuTracker: Skipping unknown process pid 19061
04-14 19:24:45.933   710 17348 I ActivityManager: START u0 {act=android.intent.action.VIEW dat=http://link.zhihu.com/?target=https://item.taobao.com/item.htm?id=548188714604 cmp=com.android.browser/.BrowserActivity (has extras)} from uid 10054 on display 0
04-14 19:24:56.064   710 22193 W InputMethodManagerService: Window already focused, ignoring focus gain of: com.android.internal.view.IInputMethodClient$Stub$Proxy@a256274 attribute=null, token = android.os.BinderProxy@2be4c63b
04-14 19:24:58.712   710  1184 W ProcessCpuTracker: Skipping unknown process pid 24670
04-14 19:24:58.713   710  1184 W ProcessCpuTracker: Skipping unknown process pid 24672
04-14 19:24:59.576   710 17354 I ActivityManager: START u0 {act=android.intent.action.VIEW dat=http://link.zhihu.com/?target=https://item.taobao.com/item.htm?id=548188714604 cmp=com.android.browser/.BrowserActivity (has extras)} from uid 10054 on display 0
04-14 19:25:01.621   710 14903 I ActivityManager: START u0 {act=android.intent.action.VIEW dat=http://link.zhihu.com/?target=https://item.taobao.com/item.htm?id=548188714604 cmp=com.android.browser/.BrowserActivity (has extras)} from uid 10054 on display 0
04-14 19:25:35.405   710   726 I ActivityManager: START u0 {act=android.intent.action.VIEW dat=http://link.zhihu.com/?target=https://item.taobao.com/item.htm?id=548188714604 cmp=com.android.browser/.BrowserActivity (has extras)} from uid 10054 on display 0
04-14 19:25:40.993   710 22212 W ProcessCpuTracker: Skipping unknown process pid 2222
04-14 19:25:58.519   710  1252 W InputMethodManagerService: Window already focused, ignoring focus gain of: com.android.internal.view.IInputMethodClient$Stub$Proxy@fa2739d attribute=null, token = android.os.BinderProxy@2be4c63b
04-14 19:25:58.917   710   775 W ProcessCpuTracker: Skipping unknown process pid 7237
04-14 19:25:58.918   710   775 W ProcessCpuTracker: Skipping unknown process pid 7239
04-14 19:26:09.824   710  1242 I ActivityManager: START u0 {act=android.intent.action.VIEW dat=http://link.zhihu.com/?target=https://item.taobao.com/item.htm?id=548188714604 cmp=com.android.browser/.BrowserActivity (has extras)} from uid 10054 on display 0
04-14 19:26:17.485   710   792 I ActivityManager: START u0 {act=android.intent.action.MAIN cat=[android.intent.category.LAUNCHER] flg=0x10200000 cmp=com.zhihu.android/.app.ui.activity.MainActivity} from uid 0 on display 0
04-14 19:26:21.609   710   792 I ActivityManager: START u0 {act=android.intent.action.MAIN cat=[android.intent.category.LAUNCHER] flg=0x10200000 cmp=com.zhihu.android/.app.ui.activity.MainActivity} from uid 0 on display 0
04-14 19:26:33.905   710 14890 I ActivityManager: START u0 {act=android.intent.action.MAIN cat=[android.intent.category.LAUNCHER] flg=0x10200000 cmp=com.zhihu.android/.app.ui.activity.MainActivity} from uid 0 on display 0
04-14 19:26:39.276   710  1242 W ProcessCpuTracker: Skipping unknown process pid 17115
04-14 19:27:30.128   710 14903 W InputMethodManagerService: Window already focused, ignoring focus gain of: com.android.internal.view.IInputMethodClient$Stub$Proxy@1d2050a4 attribute=null, token = android.os.BinderProxy@2be4c63b
04-14 19:28:05.206   710   775 W ProcessCpuTracker: Skipping unknown process pid 6231
04-14 19:28:05.248   710   775 W ProcessCpuTracker: Skipping unknown process pid 6232
04-14 19:28:23.099   710   710 W ViewRootImpl: Cancelling event due to no window focus: KeyEvent { action=ACTION_UP, keyCode=KEYCODE_SYM, scanCode=0, metaState=0, flags=0x80000028, repeatCount=0, eventTime=2934580, downTime=2934580, deviceId=-1, source=0x101 }
04-14 19:28:23.103   710   710 W ViewRootImpl: Cancelling event due to no window focus: KeyEvent { action=ACTION_UP, keyCode=KEYCODE_SYM, scanCode=0, metaState=0, flags=0x80000028, repeatCount=0, eventTime=2934580, downTime=2934580, deviceId=-1, source=0x101 }
04-14 19:28:23.103   710   710 W ViewRootImpl: Cancelling event due to no window focus: KeyEvent { action=ACTION_UP, keyCode=KEYCODE_SYM, scanCode=0, metaState=0, flags=0x80000028, repeatCount=0, eventTime=2934580, downTime=2934580, deviceId=-1, source=0x101 }
04-14 19:28:23.104   710   710 W ViewRootImpl: Cancelling event due to no window focus: KeyEvent { action=ACTION_UP, keyCode=KEYCODE_SYM, scanCode=0, metaState=0, flags=0x80000028, repeatCount=0, eventTime=2934580, downTime=2934580, deviceId=-1, source=0x101 }
04-14 19:28:23.106   710   710 W ViewRootImpl: Cancelling event due to no window focus: KeyEvent { action=ACTION_UP, keyCode=KEYCODE_SYM, scanCode=0, metaState=0, flags=0x80000028, repeatCount=0, eventTime=2934580, downTime=2934580, deviceId=-1, source=0x101 }
04-14 19:28:23.142   710   710 W ViewRootImpl: Cancelling event due to no window focus: KeyEvent { action=ACTION_UP, keyCode=KEYCODE_SYM, scanCode=0, metaState=0, flags=0x80000028, repeatCount=0, eventTime=2934580, downTime=2934580, deviceId=-1, source=0x101 }
04-14 19:28:23.143   710   710 W ViewRootImpl: Cancelling event due to no window focus: KeyEvent { action=ACTION_UP, keyCode=KEYCODE_SYM, scanCode=0, metaState=0, flags=0x80000028, repeatCount=0, eventTime=2934580, downTime=2934580, deviceId=-1, source=0x101 }
04-14 19:28:23.143   710   710 W ViewRootImpl: Cancelling event due to no window focus: KeyEvent { action=ACTION_UP, keyCode=KEYCODE_SYM, scanCode=0, metaState=0, flags=0x80000028, repeatCount=0, eventTime=2934580, downTime=2934580, deviceId=-1, source=0x101 }
04-14 19:28:23.144   710   710 W ViewRootImpl: Cancelling event due to no window focus: KeyEvent { action=ACTION_UP, keyCode=KEYCODE_SYM, scanCode=0, metaState=0, flags=0x80000028, repeatCount=0, eventTime=2934580, downTime=2934580, deviceId=-1, source=0x101 }
04-14 19:28:26.206   710 22193 W InputMethodManagerService: Window already focused, ignoring focus gain of: com.android.internal.view.IInputMethodClient$Stub$Proxy@13e3aca attribute=null, token = android.os.BinderProxy@2be4c63b
04-14 19:28:26.260   710   710 W ViewRootImpl: Dropping event due to root view being removed: MotionEvent { action=ACTION_UP, id[0]=0, x[0]=458.83508, y[0]=-114.7095, toolType[0]=TOOL_TYPE_UNKNOWN, buttonState=0, metaState=0, flags=0x0, edgeFlags=0x0, pointerCount=1, historySize=0, eventTime=2938222, downTime=2938209, deviceId=0, source=0x1002 }
04-14 19:28:37.120   710   775 W ProcessCpuTracker: Skipping unknown process pid 14058
04-14 19:28:48.891   710   775 W ProcessCpuTracker: Skipping unknown process pid 16921
04-14 19:28:48.893   710   775 W ProcessCpuTracker: Skipping unknown process pid 16935
04-14 19:28:49.000   710   775 W ProcessCpuTracker: Skipping unknown process pid 16965
04-14 19:29:06.466   710 14903 I ActivityManager: START u0 {act=android.intent.action.VIEW dat=http://link.zhihu.com/?target=https://item.taobao.com/item.htm?id=548188714604 cmp=com.android.browser/.BrowserActivity (has extras)} from uid 10054 on display 0
04-14 19:29:34.692   710   727 W ProcessCpuTracker: Skipping unknown process pid 26702
04-14 19:29:39.997  2121  2121 W ViewRootImpl: Dropping event due to no window focus: KeyEvent { action=ACTION_DOWN, keyCode=KEYCODE_MENU, scanCode=0, metaState=0, flags=0x8, repeatCount=0, eventTime=3011862, downTime=3011862, deviceId=-1, source=0x101 }
04-14 19:29:40.010  2121  2121 W ViewRootImpl: Cancelling event due to no window focus: KeyEvent { action=ACTION_UP, keyCode=KEYCODE_MENU, scanCode=0, metaState=0, flags=0x28, repeatCount=0, eventTime=3012039, downTime=3012039, deviceId=-1, source=0x101 }
04-14 19:29:40.013  2121  2121 W ViewRootImpl: Cancelling event due to no window focus: KeyEvent { action=ACTION_UP, keyCode=KEYCODE_MENU, scanCode=0, metaState=0, flags=0x28, repeatCount=0, eventTime=3012039, downTime=3012039, deviceId=-1, source=0x101 }
04-14 19:29:40.013  2121  2121 W ViewRootImpl: Cancelling event due to no window focus: KeyEvent { action=ACTION_UP, keyCode=KEYCODE_MENU, scanCode=0, metaState=0, flags=0x28, repeatCount=0, eventTime=3012039, downTime=3012039, deviceId=-1, source=0x101 }
04-14 19:29:40.078   710 17348 W InputMethodManagerService: Window already focused, ignoring focus gain of: com.android.internal.view.IInputMethodClient$Stub$Proxy@1116917 attribute=null, token = android.os.BinderProxy@2be4c63b
04-14 19:30:13.627   710 14903 I ActivityManager: START u0 {act=android.intent.action.VIEW dat=http://link.zhihu.com/?target=https://item.taobao.com/item.htm?id=548188714604 cmp=com.android.browser/.BrowserActivity (has extras)} from uid 10054 on display 0
04-14 19:30:16.506   710  1184 I ActivityManager: START u0 {act=android.intent.action.VIEW dat=http://link.zhihu.com/?target=https://item.taobao.com/item.htm?id=548188714604 cmp=com.android.browser/.BrowserActivity (has extras)} from uid 10054 on display 0
04-14 19:30:24.465   710 14890 W InputMethodManagerService: Window already focused, ignoring focus gain of: com.android.internal.view.IInputMethodClient$Stub$Proxy@3b8924e9 attribute=null, token = android.os.BinderProxy@2be4c63b
04-14 19:31:05.377   710 14903 I ActivityManager: START u0 {act=android.intent.action.VIEW dat=http://link.zhihu.com/?target=https://item.taobao.com/item.htm?id=548188714604 cmp=com.android.browser/.BrowserActivity (has extras)} from uid 10054 on display 0
04-14 19:31:07.602   710 22212 I ActivityManager: START u0 {act=android.intent.action.VIEW dat=http://link.zhihu.com/?target=https://item.taobao.com/item.htm?id=548188714604 cmp=com.android.browser/.BrowserActivity (has extras)} from uid 10054 on display 0
04-14 19:31:08.587   710   796 W IntentResolver: resolveIntent failed: found match, but none with CATEGORY_DEFAULT
04-14 19:31:08.588   710   796 I ActivityManager: START u0 {act=android.intent.action.MAIN cat=[android.intent.category.LAUNCHER] flg=0x10000000 sel=act=android.intent.action.MAIN cat=[android.intent.category.APP_CALCULATOR]}} from uid 1000 on display 0
04-14 19:31:11.088   710   792 W ProcessCpuTracker: Skipping unknown process pid 19294
04-14 19:31:13.470   710   726 I ActivityManager: START u0 {act=android.intent.action.VIEW dat=http://link.zhihu.com/?target=https://item.taobao.com/item.htm?id=548188714604 cmp=com.android.browser/.BrowserActivity (has extras)} from uid 10054 on display 0
04-14 19:31:15.531   710 14890 I ActivityManager: START u0 {act=android.intent.action.MAIN cat=[android.intent.category.LAUNCHER] flg=0x10200000 cmp=com.zhihu.android/.app.ui.activity.MainActivity} from uid 0 on display 0
04-14 19:32:13.097   710 17348 I ActivityManager: START u0 {act=android.intent.action.MAIN cat=[android.intent.category.LAUNCHER] flg=0x10200000 cmp=com.zhihu.android/.app.ui.activity.MainActivity} from uid 0 on display 0
04-14 19:32:19.904   710  1207 W InputMethodManagerService: Window already focused, ignoring focus gain of: com.android.internal.view.IInputMethodClient$Stub$Proxy@31053446 attribute=null, token = android.os.BinderProxy@2be4c63b
04-14 19:32:29.250   710  1226 W ProcessCpuTracker: Skipping unknown process pid 7007
04-14 19:32:29.301   710   727 W InputMethodManagerService: Window already focused, ignoring focus gain of: com.android.internal.view.IInputMethodClient$Stub$Proxy@2948c607 attribute=null, token = android.os.BinderProxy@2be4c63b
04-14 19:33:01.600   710   937 I ActivityManager: START u0 {act=android.intent.action.MAIN cat=[android.intent.category.LAUNCHER] flg=0x10200000 cmp=com.zhihu.android/.app.ui.activity.MainActivity} from uid 0 on display 0
04-14 19:33:05.710   710 31134 I ActivityManager: START u0 {act=android.intent.action.VIEW dat=http://link.zhihu.com/?target=https://item.taobao.com/item.htm?id=548188714604 cmp=com.android.browser/.BrowserActivity (has extras)} from uid 10054 on display 0
04-14 19:33:16.704   710  1207 I ActivityManager: START u0 {act=android.intent.action.VIEW dat=http://link.zhihu.com/?target=https://item.taobao.com/item.htm?id=548188714604 cmp=com.android.browser/.BrowserActivity (has extras)} from uid 10054 on display 0
04-14 19:34:24.491   710  1252 I ActivityManager: START u0 {act=android.intent.action.VIEW dat=http://link.zhihu.com/?target=https://item.taobao.com/item.htm?id=548188714604 cmp=com.android.browser/.BrowserActivity (has extras)} from uid 10054 on display 0
04-14 19:34:28.221   710   726 I ActivityManager: START u0 {act=android.intent.action.MAIN cat=[android.intent.category.LAUNCHER] flg=0x10200000 cmp=com.zhihu.android/.app.ui.activity.MainActivity} from uid 0 on display 0
04-14 19:34:34.021   710 22212 I ActivityManager: START u0 {act=android.intent.action.MAIN cat=[android.intent.category.LAUNCHER] flg=0x10200000 cmp=com.zhihu.android/.app.ui.activity.MainActivity} from uid 0 on display 0
04-14 19:35:15.765   874   874 W ViewRootImpl: Dropping event due to no window focus: KeyEvent { action=ACTION_DOWN, keyCode=KEYCODE_VOLUME_DOWN, scanCode=0, metaState=0, flags=0x8, repeatCount=0, eventTime=3347368, downTime=3347368, deviceId=-1, source=0x101 }
04-14 19:35:15.771   874   874 W ViewRootImpl: Cancelling event due to no window focus: KeyEvent { action=ACTION_UP, keyCode=KEYCODE_VOLUME_DOWN, scanCode=0, metaState=0, flags=0x28, repeatCount=0, eventTime=3347520, downTime=3347520, deviceId=-1, source=0x101 }
04-14 19:35:15.772   874   874 W ViewRootImpl: Cancelling event due to no window focus: KeyEvent { action=ACTION_UP, keyCode=KEYCODE_VOLUME_DOWN, scanCode=0, metaState=0, flags=0x28, repeatCount=0, eventTime=3347520, downTime=3347520, deviceId=-1, source=0x101 }
04-14 19:35:15.772   874   874 W ViewRootImpl: Cancelling event due to no window focus: KeyEvent { action=ACTION_UP, keyCode=KEYCODE_VOLUME_DOWN, scanCode=0, metaState=0, flags=0x28, repeatCount=0, eventTime=3347520, downTime=3347520, deviceId=-1, source=0x101 }
04-14 19:35:15.773   874   874 W ViewRootImpl: Cancelling event due to no window focus: KeyEvent { action=ACTION_UP, keyCode=KEYCODE_VOLUME_DOWN, scanCode=0, metaState=0, flags=0x28, repeatCount=0, eventTime=3347520, downTime=3347520, deviceId=-1, source=0x101 }
04-14 19:35:15.773   874   874 W ViewRootImpl: Cancelling event due to no window focus: KeyEvent { action=ACTION_UP, keyCode=KEYCODE_VOLUME_DOWN, scanCode=0, metaState=0, flags=0x28, repeatCount=0, eventTime=3347520, downTime=3347520, deviceId=-1, source=0x101 }
04-14 19:35:15.774   874   874 W ViewRootImpl: Cancelling event due to no window focus: KeyEvent { action=ACTION_UP, keyCode=KEYCODE_VOLUME_DOWN, scanCode=0, metaState=0, flags=0x28, repeatCount=0, eventTime=3347520, downTime=3347520, deviceId=-1, source=0x101 }
04-14 19:35:15.918   874   874 W ViewRootImpl: Cancelling event due to no window focus: KeyEvent { action=ACTION_UP, keyCode=KEYCODE_VOLUME_DOWN, scanCode=0, metaState=0, flags=0x80000028, repeatCount=0, eventTime=3347520, downTime=3347520, deviceId=-1, source=0x101 }
04-14 19:35:17.916  2121  2121 W ViewRootImpl: Cancelling event due to no window focus: KeyEvent { action=ACTION_UP, keyCode=KEYCODE_DPAD_LEFT, scanCode=0, metaState=0, flags=0x80000028, repeatCount=0, eventTime=3349935, downTime=3349935, deviceId=-1, source=0x101 }
04-14 19:35:17.921  2121  2121 W ViewRootImpl: Cancelling event due to no window focus: KeyEvent { action=ACTION_UP, keyCode=KEYCODE_DPAD_LEFT, scanCode=0, metaState=0, flags=0x80000028, repeatCount=0, eventTime=3349935, downTime=3349935, deviceId=-1, source=0x101 }
04-14 19:35:17.921  2121  2121 W ViewRootImpl: Cancelling event due to no window focus: KeyEvent { action=ACTION_UP, keyCode=KEYCODE_DPAD_LEFT, scanCode=0, metaState=0, flags=0x80000028, repeatCount=0, eventTime=3349935, downTime=3349935, deviceId=-1, source=0x101 }
04-14 19:35:18.016   710 31134 W InputMethodManagerService: Window already focused, ignoring focus gain of: com.android.internal.view.IInputMethodClient$Stub$Proxy@648d393 attribute=null, token = android.os.BinderProxy@2be4c63b
04-14 19:36:03.614   710   796 I ActivityManager: START u0 {act=android.intent.action.MAIN cat=[android.intent.category.LAUNCHER] flg=0x10000000 cmp=com.android.email/.activity.Welcome sel=act=android.intent.action.MAIN cat=[android.intent.category.APP_EMAIL]}} from uid 1000 on display 0
04-14 19:36:51.792   710 17354 I ActivityManager: START u0 {act=android.intent.action.VIEW dat=http://link.zhihu.com/?target=https://item.taobao.com/item.htm?id=548188714604 cmp=com.android.browser/.BrowserActivity (has extras)} from uid 10054 on display 0
04-14 19:37:15.815   710 14890 I ActivityManager: START u0 {act=android.intent.action.SEND dat=content://com.zhihu.android.files.provider_305/images/v2-ff5fcc4d5403ffbc0c7289e2b78370ef_r.jpg typ=image/jpeg flg=0x1 cmp=com.android.mms/.ui.ComposeMessageActivity (has clip) (has extras)} from uid 10054 on display 0
04-14 19:37:19.871   710 14903 I ActivityManager: START u0 {act=android.intent.action.MAIN cat=[android.intent.category.LAUNCHER] flg=0x10200000 cmp=com.zhihu.android/.app.ui.activity.MainActivity} from uid 0 on display 0
04-14 19:38:04.147   710   726 W ProcessCpuTracker: Skipping unknown process pid 24970
04-14 19:38:06.353   710  1252 I ActivityManager: START u0 {act=android.intent.action.MAIN cat=[android.intent.category.LAUNCHER] flg=0x10200000 cmp=com.zhihu.android/.app.ui.activity.MainActivity} from uid 0 on display 0
04-14 19:38:12.639   710  1184 I ActivityManager: START u0 {act=android.intent.action.MAIN cat=[android.intent.category.LAUNCHER] flg=0x10200000 cmp=com.zhihu.android/.app.ui.activity.MainActivity} from uid 0 on display 0
04-14 19:38:13.673   710  1252 W InputMethodManagerService: Window already focused, ignoring focus gain of: com.android.internal.view.IInputMethodClient$Stub$Proxy@140d6b7e attribute=null, token = android.os.BinderProxy@2be4c63b
04-14 19:38:29.947   710  1252 W ProcessCpuTracker: Skipping unknown process pid 31330
04-14 19:38:30.105   710   726 I ActivityManager: START u0 {act=android.intent.action.MAIN cat=[android.intent.category.LAUNCHER] flg=0x10200000 cmp=com.zhihu.android/.app.ui.activity.MainActivity} from uid 0 on display 0
04-14 19:38:30.980   710   727 I ActivityManager: START u0 {act=android.intent.action.VIEW dat=http://link.zhihu.com/?target=https://item.taobao.com/item.htm?id=548188714604 cmp=com.android.browser/.BrowserActivity (has extras)} from uid 10054 on display 0
04-14 19:38:35.600   710   727 I ActivityManager: START u0 {act=android.intent.action.MAIN cat=[android.intent.category.LAUNCHER] flg=0x10200000 cmp=com.zhihu.android/.app.ui.activity.MainActivity} from uid 0 on display 0
04-14 19:38:37.309   710  1242 W InputMethodManagerService: Window already focused, ignoring focus gain of: com.android.internal.view.IInputMethodClient$Stub$Proxy@3c90c18a attribute=null, token = android.os.BinderProxy@2be4c63b
04-14 19:39:43.276   710   937 W InputMethodManagerService: Window already focused, ignoring focus gain of: com.android.internal.view.IInputMethodClient$Stub$Proxy@1f56a3fb attribute=null, token = android.os.BinderProxy@2be4c63b
04-14 19:40:21.567   710  1207 W InputManager: Input event injection from pid 4987 failed.
04-14 19:40:22.222   874   874 W ViewRootImpl: Cancelling event due to no window focus: KeyEvent { action=ACTION_UP, keyCode=KEYCODE_DPAD_DOWN, scanCode=0, metaState=0, flags=0x80000028, repeatCount=0, eventTime=3653639, downTime=3653639, deviceId=-1, source=0x101 }
04-14 19:40:22.223   874   874 W ViewRootImpl: Cancelling event due to no window focus: KeyEvent { action=ACTION_UP, keyCode=KEYCODE_DPAD_DOWN, scanCode=0, metaState=0, flags=0x80000028, repeatCount=0, eventTime=3653639, downTime=3653639, deviceId=-1, source=0x101 }
04-14 19:40:22.223   874   874 W ViewRootImpl: Cancelling event due to no window focus: KeyEvent { action=ACTION_UP, keyCode=KEYCODE_DPAD_DOWN, scanCode=0, metaState=0, flags=0x80000028, repeatCount=0, eventTime=3653639, downTime=3653639, deviceId=-1, source=0x101 }
04-14 19:40:22.224   874   874 W ViewRootImpl: Cancelling event due to no window focus: KeyEvent { action=ACTION_UP, keyCode=KEYCODE_DPAD_DOWN, scanCode=0, metaState=0, flags=0x80000028, repeatCount=0, eventTime=3653639, downTime=3653639, deviceId=-1, source=0x101 }
04-14 19:40:22.224   874   874 W ViewRootImpl: Cancelling event due to no window focus: KeyEvent { action=ACTION_UP, keyCode=KEYCODE_DPAD_DOWN, scanCode=0, metaState=0, flags=0x80000028, repeatCount=0, eventTime=3653639, downTime=3653639, deviceId=-1, source=0x101 }
04-14 19:40:22.225   874   874 W ViewRootImpl: Cancelling event due to no window focus: KeyEvent { action=ACTION_UP, keyCode=KEYCODE_DPAD_DOWN, scanCode=0, metaState=0, flags=0x80000028, repeatCount=0, eventTime=3653639, downTime=3653639, deviceId=-1, source=0x101 }
04-14 19:40:22.225   874   874 W ViewRootImpl: Cancelling event due to no window focus: KeyEvent { action=ACTION_UP, keyCode=KEYCODE_DPAD_DOWN, scanCode=0, metaState=0, flags=0x80000028, repeatCount=0, eventTime=3653639, downTime=3653639, deviceId=-1, source=0x101 }
04-14 19:40:22.226   874   874 W ViewRootImpl: Cancelling event due to no window focus: KeyEvent { action=ACTION_UP, keyCode=KEYCODE_DPAD_DOWN, scanCode=0, metaState=0, flags=0x80000028, repeatCount=0, eventTime=3653639, downTime=3653639, deviceId=-1, source=0x101 }
04-14 19:40:22.226   874   874 W ViewRootImpl: Cancelling event due to no window focus: KeyEvent { action=ACTION_UP, keyCode=KEYCODE_DPAD_DOWN, scanCode=0, metaState=0, flags=0x80000028, repeatCount=0, eventTime=3653639, downTime=3653639, deviceId=-1, source=0x101 }
04-14 19:40:24.924   710  1242 W InputMethodManagerService: Window already focused, ignoring focus gain of: com.android.internal.view.IInputMethodClient$Stub$Proxy@186184d7 attribute=null, token = android.os.BinderProxy@2be4c63b
04-14 19:40:50.501   710   775 I ProcessStatsService: Prepared write state in 32ms
04-14 19:40:50.642   710   775 I ProcessStatsService: Prepared write state in 104ms
04-14 19:40:50.807   710   775 I ProcessStatsService: Prepared write state in 165ms
04-14 19:40:51.314   710 17348 I ActivityManager: START u0 {act=com.android.systemui.recents.SHOW_RECENTS flg=0x10804000 cmp=com.android.systemui/.recents.RecentsActivity} from uid 10013 on display 0
04-14 19:42:26.050   710   727 W ProcessCpuTracker: Skipping unknown process pid 23695
04-14 19:42:27.452  2121  2121 W ViewRootImpl: Cancelling event due to no window focus: KeyEvent { action=ACTION_UP, keyCode=KEYCODE_BUTTON_12, scanCode=0, metaState=0, flags=0x28, repeatCount=0, eventTime=3778716, downTime=3778716, deviceId=-1, source=0x101 }
04-14 19:42:27.452  2121  2121 W ViewRootImpl: Cancelling event due to no window focus: KeyEvent { action=ACTION_UP, keyCode=KEYCODE_BUTTON_12, scanCode=0, metaState=0, flags=0x28, repeatCount=0, eventTime=3778716, downTime=3778716, deviceId=-1, source=0x101 }
04-14 19:42:27.453  2121  2121 W ViewRootImpl: Cancelling event due to no window focus: KeyEvent { action=ACTION_UP, keyCode=KEYCODE_BUTTON_12, scanCode=0, metaState=0, flags=0x28, repeatCount=0, eventTime=3778716, downTime=3778716, deviceId=-1, source=0x101 }
04-14 19:42:27.502  2121  2121 W ViewRootImpl: Cancelling event due to no window focus: KeyEvent { action=ACTION_UP, keyCode=KEYCODE_BUTTON_12, scanCode=0, metaState=0, flags=0x28, repeatCount=0, eventTime=3778716, downTime=3778716, deviceId=-1, source=0x101 }
04-14 19:42:27.506  2121  2121 W ViewRootImpl: Cancelling event due to no window focus: KeyEvent { action=ACTION_UP, keyCode=KEYCODE_DPAD_CENTER, scanCode=0, metaState=0, flags=0x428, repeatCount=0, eventTime=3778716, downTime=3778716, deviceId=-1, source=0x101 }
04-14 19:42:27.509  2121  2121 W ViewRootImpl: Cancelling event due to no window focus: KeyEvent { action=ACTION_UP, keyCode=KEYCODE_DPAD_CENTER, scanCode=0, metaState=0, flags=0x428, repeatCount=0, eventTime=3778716, downTime=3778716, deviceId=-1, source=0x101 }
04-14 19:42:27.512  2121  2121 W ViewRootImpl: Cancelling event due to no window focus: KeyEvent { action=ACTION_UP, keyCode=KEYCODE_DPAD_CENTER, scanCode=0, metaState=0, flags=0x428, repeatCount=0, eventTime=3778716, downTime=3778716, deviceId=-1, source=0x101 }
04-14 19:42:28.412  2121  2121 W ViewRootImpl: Dropping event due to no window focus: KeyEvent { action=ACTION_DOWN, keyCode=KEYCODE_DPAD_CENTER, scanCode=0, metaState=0, flags=0x408, repeatCount=0, eventTime=3778711, downTime=3778711, deviceId=-1, source=0x101 }
04-14 19:42:28.521  2121  2121 W ViewRootImpl: Cancelling event due to no window focus: KeyEvent { action=ACTION_UP, keyCode=KEYCODE_DPAD_CENTER, scanCode=0, metaState=0, flags=0x428, repeatCount=0, eventTime=3778716, downTime=3778716, deviceId=-1, source=0x101 }
04-14 19:42:28.521  2121  2121 W ViewRootImpl: Cancelling event due to no window focus: KeyEvent { action=ACTION_UP, keyCode=KEYCODE_DPAD_CENTER, scanCode=0, metaState=0, flags=0x428, repeatCount=0, eventTime=3778716, downTime=3778716, deviceId=-1, source=0x101 }
04-14 19:42:28.522  2121  2121 W ViewRootImpl: Cancelling event due to no window focus: KeyEvent { action=ACTION_UP, keyCode=KEYCODE_DPAD_CENTER, scanCode=0, metaState=0, flags=0x428, repeatCount=0, eventTime=3778716, downTime=3778716, deviceId=-1, source=0x101 }
04-14 19:42:28.602  2121  2121 W ViewRootImpl: Cancelling event due to no window focus: KeyEvent { action=ACTION_UP, keyCode=KEYCODE_DPAD_CENTER, scanCode=0, metaState=0, flags=0x80000428, repeatCount=0, eventTime=3778716, downTime=3778716, deviceId=-1, source=0x101 }
04-14 19:42:39.946   710   817 D ConnectivityService: updateNetworkScore for NetworkAgentInfo [WIFI () - 100] to 55
