04-14 19:58:13.627  1138  1138 D DCT     : [0]cleanUpConnection: X tearDown=false reason=radioTurnedOff apnContext={mApnType=ia mState=IDLE mWaitingApns={null} mWaitingApnsPermanentFailureCountDown=0 mApnSetting={null} mReason=radioTurnedOff mDataEnabled=false mDependencyMet=true} dcac=null
04-14 19:58:13.628  1138  1138 D DCT     : [0]cleanUpConnection: E tearDown=false reason=radioTurnedOff apnContext={mApnType=dun mState=IDLE mWaitingApns={null} mWaitingApnsPermanentFailureCountDown=0 mApnSetting={null} mReason=radioTurnedOff mDataEnabled=false mDependencyMet=true}
04-14 19:58:13.640  1138  1138 D DCT     : [0]isDataAllowed getRecordsLoaded=true
04-14 19:58:13.647  1138  1138 D DCT     : [0]isDataAllowed: not allowed due to - Attached= false - desiredPowerState= false
04-14 19:58:13.647  1138  1138 D DCT     : [ApnContext:dun] getApnSetting: apnSetting=null
04-14 19:58:13.650  1138  1138 D PhoneFactory: getPhone:- phoneId != DEFAULT_PHONE_ID return sProxyPhones[phoneId] phoneId=0 phone=Handler (com.android.internal.telephony.PhoneProxy) {21a3b00b}
04-14 19:58:13.660  1138  1138 D DCT     : [0]cleanUpConnection: X tearDown=false reason=radioTurnedOff apnContext={mApnType=dun mState=IDLE mWaitingApns={null} mWaitingApnsPermanentFailureCountDown=0 mApnSetting={null} mReason=radioTurnedOff mDataEnabled=false mDependencyMet=true} dcac=null
04-14 19:58:13.660  1138  1138 D DCT     : [0]cleanUpConnection: E tearDown=false reason=radioTurnedOff apnContext={mApnType=hipri mState=IDLE mWaitingApns={null} mWaitingApnsPermanentFailureCountDown=0 mApnSetting={null} mReason=radioTurnedOff mDataEnabled=false mDependencyMet=true}
04-14 19:58:13.667  1138  1138 D DCT     : [0]isDataAllowed getRecordsLoaded=true
04-14 19:58:13.670  1138  1138 D DCT     : [0]isDataAllowed: not allowed due to - Attached= false - desiredPowerState= false
04-14 19:58:13.670  1138  1138 D DCT     : [ApnContext:hipri] getApnSetting: apnSetting=null
04-14 19:58:13.675  1138  1138 D PhoneFactory: getPhone:- phoneId != DEFAULT_PHONE_ID return sProxyPhones[phoneId] phoneId=0 phone=Handler (com.android.internal.telephony.PhoneProxy) {21a3b00b}
04-14 19:58:13.693  1138  1138 D DCT     : [0]cleanUpConnection: X tearDown=false reason=radioTurnedOff apnContext={mApnType=hipri mState=IDLE mWaitingApns={null} mWaitingApnsPermanentFailureCountDown=0 mApnSetting={null} mReason=radioTurnedOff mDataEnabled=false mDependencyMet=true} dcac=null
04-14 19:58:13.693  1138  1138 D DCT     : [0]cleanUpConnection: E tearDown=false reason=radioTurnedOff apnContext={mApnType=ims mState=IDLE mWaitingApns={null} mWaitingApnsPermanentFailureCountDown=0 mApnSetting={null} mReason=radioTurnedOff mDataEnabled=false mDependencyMet=true}
04-14 19:58:13.705  1138  1138 D DCT     : [0]isDataAllowed getRecordsLoaded=true
04-14 19:58:13.710  1138  1138 D DCT     : [0]isDataAllowed: not allowed due to - Attached= false - desiredPowerState= false
04-14 19:58:13.710  1138  1138 D DCT     : [ApnContext:ims] getApnSetting: apnSetting=null
04-14 19:58:13.713  1138  1138 D PhoneFactory: getPhone:- phoneId != DEFAULT_PHONE_ID return sProxyPhones[phoneId] phoneId=0 phone=Handler (com.android.internal.telephony.PhoneProxy) {21a3b00b}
04-14 19:58:13.720  1138  1138 D DCT     : [0]cleanUpConnection: X tearDown=false reason=radioTurnedOff apnContext={mApnType=ims mState=IDLE mWaitingApns={null} mWaitingApnsPermanentFailureCountDown=0 mApnSetting={null} mReason=radioTurnedOff mDataEnabled=false mDependencyMet=true} dcac=null
04-14 19:58:13.720  1138  1138 D DCT     : [0]stopNetStatPoll
04-14 19:58:13.728  1138  1138 D DCT     : [0]stopDataStallAlarm: current tag=23384 mDataStallAlarmIntent=null
04-14 19:58:13.728  1138  1138 D DCT     : [0]cleanUpConnection: mDisconnectPendingCount = 0
04-14 19:58:13.740  1138  1138 D DCT     : [0]isDataAllowed getRecordsLoaded=true
04-14 19:58:13.745  1138  1138 D DCT     : [0]isDataAllowed: not allowed due to - Attached= false - desiredPowerState= false
04-14 19:58:13.745  1138  1138 D DCT     : [ApnContext:default] getApnSetting: apnSetting=null
04-14 19:58:13.750  1138  1138 D PhoneFactory: getPhone:- phoneId != DEFAULT_PHONE_ID return sProxyPhones[phoneId] phoneId=0 phone=Handler (com.android.internal.telephony.PhoneProxy) {21a3b00b}
04-14 19:58:13.760  1138  1138 D DCT     : [0]isDataAllowed getRecordsLoaded=true
04-14 19:58:13.767  1138  1138 D DCT     : [0]isDataAllowed: not allowed due to - Attached= false - desiredPowerState= false
04-14 19:58:13.767  1138  1138 D DCT     : [ApnContext:mms] getApnSetting: apnSetting=null
04-14 19:58:13.770  1138  1138 D PhoneFactory: getPhone:- phoneId != DEFAULT_PHONE_ID return sProxyPhones[phoneId] phoneId=0 phone=Handler (com.android.internal.telephony.PhoneProxy) {21a3b00b}
04-14 19:58:13.789  1138  1138 D DCT     : [0]isDataAllowed getRecordsLoaded=true
04-14 19:58:13.797  1138  1138 D DCT     : [0]isDataAllowed: not allowed due to - Attached= false - desiredPowerState= false
04-14 19:58:13.797  1138  1138 D DCT     : [ApnContext:cbs] getApnSetting: apnSetting=null
04-14 19:58:13.800  1138  1138 D PhoneFactory: getPhone:- phoneId != DEFAULT_PHONE_ID return sProxyPhones[phoneId] phoneId=0 phone=Handler (com.android.internal.telephony.PhoneProxy) {21a3b00b}
04-14 19:58:13.808  1138  1138 D DCT     : [0]isDataAllowed getRecordsLoaded=true
04-14 19:58:13.815  1138  1138 D DCT     : [0]isDataAllowed: not allowed due to - Attached= false - desiredPowerState= false
04-14 19:58:13.815  1138  1138 D DCT     : [ApnContext:fota] getApnSetting: apnSetting=null
04-14 19:58:13.825  1138  1138 D PhoneFactory: getPhone:- phoneId != DEFAULT_PHONE_ID return sProxyPhones[phoneId] phoneId=0 phone=Handler (com.android.internal.telephony.PhoneProxy) {21a3b00b}
04-14 19:58:13.845  1138  1138 D DCT     : [0]isDataAllowed getRecordsLoaded=true
04-14 19:58:13.848  1138  1138 D DCT     : [0]isDataAllowed: not allowed due to - Attached= false - desiredPowerState= false
04-14 19:58:13.848  1138  1138 D DCT     : [ApnContext:supl] getApnSetting: apnSetting=null
04-14 19:58:13.855  1138  1138 D PhoneFactory: getPhone:- phoneId != DEFAULT_PHONE_ID return sProxyPhones[phoneId] phoneId=0 phone=Handler (com.android.internal.telephony.PhoneProxy) {21a3b00b}
04-14 19:58:13.862  1138  1138 D DCT     : [0]isDataAllowed getRecordsLoaded=true
04-14 19:58:13.865  1138  1138 D DCT     : [0]isDataAllowed: not allowed due to - Attached= false - desiredPowerState= false
04-14 19:58:13.865  1138  1138 D DCT     : [ApnContext:ia] getApnSetting: apnSetting=null
04-14 19:58:13.875  1138  1138 D PhoneFactory: getPhone:- phoneId != DEFAULT_PHONE_ID return sProxyPhones[phoneId] phoneId=0 phone=Handler (com.android.internal.telephony.PhoneProxy) {21a3b00b}
04-14 19:58:13.892  1138  1138 D DCT     : [0]isDataAllowed getRecordsLoaded=true
04-14 19:58:13.895  1138  1138 D DCT     : [0]isDataAllowed: not allowed due to - Attached= false - desiredPowerState= false
04-14 19:58:13.895  1138  1138 D DCT     : [ApnContext:dun] getApnSetting: apnSetting=null
04-14 19:58:13.905  1138  1138 D PhoneFactory: getPhone:- phoneId != DEFAULT_PHONE_ID return sProxyPhones[phoneId] phoneId=0 phone=Handler (com.android.internal.telephony.PhoneProxy) {21a3b00b}
04-14 19:58:13.915  1138  1138 D DCT     : [0]isDataAllowed getRecordsLoaded=true
04-14 19:58:13.918  1138  1138 D DCT     : [0]isDataAllowed: not allowed due to - Attached= false - desiredPowerState= false
04-14 19:58:13.918  1138  1138 D DCT     : [ApnContext:hipri] getApnSetting: apnSetting=null
04-14 19:58:13.925  1138  1138 D PhoneFactory: getPhone:- phoneId != DEFAULT_PHONE_ID return sProxyPhones[phoneId] phoneId=0 phone=Handler (com.android.internal.telephony.PhoneProxy) {21a3b00b}
04-14 19:58:13.941  1138  1138 D DCT     : [0]isDataAllowed getRecordsLoaded=true
04-14 19:58:13.945  1138  1138 D DCT     : [0]isDataAllowed: not allowed due to - Attached= false - desiredPowerState= false
04-14 19:58:13.945  1138  1138 D DCT     : [ApnContext:ims] getApnSetting: apnSetting=null
04-14 19:58:13.950  1138  1138 D PhoneFactory: getPhone:- phoneId != DEFAULT_PHONE_ID return sProxyPhones[phoneId] phoneId=0 phone=Handler (com.android.internal.telephony.PhoneProxy) {21a3b00b}
04-14 19:58:13.957  1138  1138 D PHONE   : [ServiceState] setNullState=3
04-14 19:58:13.958  1138  1138 D GsmSST  : [GsmSST] Poll ServiceState done:  oldSS=[3 3 voice home data home null null null null null null  Unknown Unknown CSS not supported -1 -1 RoamInd=-1 DefRoamInd=-1 EmergOnly=false] newSS=[3 3 voice home data home null null null null null null  Unknown Unknown CSS not supported -1 -1 RoamInd=-1 DefRoamInd=-1 EmergOnly=false] oldMaxDataCalls=20 mNewMaxDataCalls=20 oldReasonDataDenied=-1 mNewReasonDataDenied=-1
04-14 19:58:13.958  1138  1138 D PHONE   : [ServiceState] setNullState=1
04-14 19:58:13.959  1138  1138 D GsmSST  : [GsmSST] SubscriptionListener.onSubscriptionInfoChanged
04-14 19:58:13.959  1138  1138 D DCT     : [0]SubscriptionListener.onSubscriptionInfoChanged
04-14 19:58:13.988  1138  1138 D DctController: onSubInfoReady mPhoneNum=1
04-14 19:58:13.991  1138  1138 D DctController: onSubInfoReady handle pending requests subId=1
04-14 19:58:13.991  1138  1138 D DctController: [TNF 1]evalPendingRequest, pending request size is 0
04-14 19:58:13.991  1138  1138 D DctController: processRequests
04-14 19:58:13.997  1138  1138 D SubscriptionController: [getActiveSubInfoList]+
04-14 19:58:14.004  1138  1138 D SubscriptionController: selection:sim_id>=0 null
04-14 19:58:14.066  1138  1138 D TelephonyManager: getTelephonyProperty: return propVal='cn' phoneId=0 property='gsm.sim.operator.iso-country' defaultVal='' prop=cn
04-14 19:58:14.066  1138  1138 D SubscriptionController: [getSubInfoRecord] id:1 iccid:89860115921101579076 simSlotIndex:0 displayName:CARD 1 nameSource:0 iconTint:-16746133 dataRoaming:0 mcc:460 mnc:1 countIso:cn
04-14 19:58:14.076  1138  1138 D PhoneFactory: getPhone:- phoneId != DEFAULT_PHONE_ID return sProxyPhones[phoneId] phoneId=0 phone=Handler (com.android.internal.telephony.PhoneProxy) {21a3b00b}
04-14 19:58:14.091  1138  1138 D SubscriptionController: [getActiveSubInfoList]- 1 infos return
04-14 19:58:14.106  1138  1138 E PhoneBase: Error! unregisterForCallWaiting() in PhoneBase should not be called, CDMAPhone inactive.
04-14 19:58:14.119  1138  1138 D PhoneFactory: getPhone:- phoneId != DEFAULT_PHONE_ID return sProxyPhones[phoneId] phoneId=0 phone=Handler (com.android.internal.telephony.PhoneProxy) {21a3b00b}
04-14 19:58:14.127  1138  1138 D TelephonyManager: getTelephonyProperty: return propVal='null' phoneId=0 property='gsm.operator.alpha' defaultVal='' prop=
04-14 19:58:14.292  1138  1138 E PhoneBase: Error! registerForCallWaiting() in PhoneBase should not be called, CDMAPhone inactive.
04-14 19:58:14.319  1138  1138 D DCT     : [0]handleMessage msg={ when=-4s315ms what=270377 obj=android.os.AsyncResult@298b499b target=com.android.internal.telephony.dataconnection.DcTracker }
04-14 19:58:14.320  1138  1138 D DCT     : [0]setupDataOnConnectableApns: nwTypeChanged
04-14 19:58:14.320  1138  1138 D DCT     : [0]setupDataOnConnectableApns: apnContext {mApnType=hipri mState=IDLE mWaitingApns={null} mWaitingApnsPermanentFailureCountDown=0 mApnSetting={null} mReason=radioTurnedOff mDataEnabled=false mDependencyMet=true}
04-14 19:58:14.320  1138  1138 D DCT     : [0]setupDataOnConnectableApns: apnContext {mApnType=mms mState=IDLE mWaitingApns={null} mWaitingApnsPermanentFailureCountDown=0 mApnSetting={null} mReason=radioTurnedOff mDataEnabled=false mDependencyMet=true}
04-14 19:58:14.338  1138  1138 D DCT     : [0]setupDataOnConnectableApns: apnContext {mApnType=supl mState=IDLE mWaitingApns={null} mWaitingApnsPermanentFailureCountDown=0 mApnSetting={null} mReason=radioTurnedOff mDataEnabled=false mDependencyMet=true}
04-14 19:58:14.338  1138  1138 D DCT     : [0]setupDataOnConnectableApns: apnContext {mApnType=cbs mState=IDLE mWaitingApns={null} mWaitingApnsPermanentFailureCountDown=0 mApnSetting={null} mReason=radioTurnedOff mDataEnabled=false mDependencyMet=true}
04-14 19:58:14.339  1138  1138 D DCT     : [0]setupDataOnConnectableApns: apnContext {mApnType=dun mState=IDLE mWaitingApns={null} mWaitingApnsPermanentFailureCountDown=0 mApnSetting={null} mReason=radioTurnedOff mDataEnabled=false mDependencyMet=true}
04-14 19:58:14.339  1138  1138 D DCT     : [0]setupDataOnConnectableApns: apnContext {mApnType=fota mState=IDLE mWaitingApns={null} mWaitingApnsPermanentFailureCountDown=0 mApnSetting={null} mReason=radioTurnedOff mDataEnabled=false mDependencyMet=true}
04-14 19:58:14.345  1138  1138 D DCT     : [0]setupDataOnConnectableApns: apnContext {mApnType=ims mState=IDLE mWaitingApns={null} mWaitingApnsPermanentFailureCountDown=0 mApnSetting={null} mReason=radioTurnedOff mDataEnabled=false mDependencyMet=true}
04-14 19:58:14.345  1138  1138 D DCT     : [0]setupDataOnConnectableApns: apnContext {mApnType=default mState=IDLE mWaitingApns={null} mWaitingApnsPermanentFailureCountDown=0 mApnSetting={null} mReason=radioTurnedOff mDataEnabled=false mDependencyMet=true}
04-14 19:58:14.346  1138  1138 D DCT     : [0]setupDataOnConnectableApns: apnContext {mApnType=ia mState=IDLE mWaitingApns={null} mWaitingApnsPermanentFailureCountDown=0 mApnSetting={null} mReason=radioTurnedOff mDataEnabled=false mDependencyMet=true}
04-14 19:58:14.346  1138  1138 D DCT     : [0]handleMessage msg={ when=-4s345ms what=270377 obj=android.os.AsyncResult@299dc138 target=com.android.internal.telephony.dataconnection.DcTracker }
04-14 19:58:14.346  1138  1138 D DCT     : [0]setupDataOnConnectableApns: nwTypeChanged
04-14 19:58:14.357  1138  1138 D DCT     : [0]setupDataOnConnectableApns: apnContext {mApnType=hipri mState=IDLE mWaitingApns={null} mWaitingApnsPermanentFailureCountDown=0 mApnSetting={null} mReason=radioTurnedOff mDataEnabled=false mDependencyMet=true}
04-14 19:58:14.357  1138  1138 D DCT     : [0]setupDataOnConnectableApns: apnContext {mApnType=mms mState=IDLE mWaitingApns={null} mWaitingApnsPermanentFailureCountDown=0 mApnSetting={null} mReason=radioTurnedOff mDataEnabled=false mDependencyMet=true}
04-14 19:58:14.358  1138  1138 D DCT     : [0]setupDataOnConnectableApns: apnContext {mApnType=supl mState=IDLE mWaitingApns={null} mWaitingApnsPermanentFailureCountDown=0 mApnSetting={null} mReason=radioTurnedOff mDataEnabled=false mDependencyMet=true}
04-14 19:58:14.358  1138  1138 D DCT     : [0]setupDataOnConnectableApns: apnContext {mApnType=cbs mState=IDLE mWaitingApns={null} mWaitingApnsPermanentFailureCountDown=0 mApnSetting={null} mReason=radioTurnedOff mDataEnabled=false mDependencyMet=true}
04-14 19:58:14.358  1138  1138 D DCT     : [0]setupDataOnConnectableApns: apnContext {mApnType=dun mState=IDLE mWaitingApns={null} mWaitingApnsPermanentFailureCountDown=0 mApnSetting={null} mReason=radioTurnedOff mDataEnabled=false mDependencyMet=true}
04-14 19:58:14.359  1138  1138 D DCT     : [0]setupDataOnConnectableApns: apnContext {mApnType=fota mState=IDLE mWaitingApns={null} mWaitingApnsPermanentFailureCountDown=0 mApnSetting={null} mReason=radioTurnedOff mDataEnabled=false mDependencyMet=true}
04-14 19:58:14.364  1138  1138 D DCT     : [0]setupDataOnConnectableApns: apnContext {mApnType=ims mState=IDLE mWaitingApns={null} mWaitingApnsPermanentFailureCountDown=0 mApnSetting={null} mReason=radioTurnedOff mDataEnabled=false mDependencyMet=true}
04-14 19:58:14.365  1138  1138 D DCT     : [0]setupDataOnConnectableApns: apnContext {mApnType=default mState=IDLE mWaitingApns={null} mWaitingApnsPermanentFailureCountDown=0 mApnSetting={null} mReason=radioTurnedOff mDataEnabled=false mDependencyMet=true}
04-14 19:58:14.365  1138  1138 D DCT     : [0]setupDataOnConnectableApns: apnContext {mApnType=ia mState=IDLE mWaitingApns={null} mWaitingApnsPermanentFailureCountDown=0 mApnSetting={null} mReason=radioTurnedOff mDataEnabled=false mDependencyMet=true}
04-14 19:58:14.366  1138  1138 D DCT     : [0]handleMessage msg={ when=-4s365ms what=270377 obj=android.os.AsyncResult@325a8511 target=com.android.internal.telephony.dataconnection.DcTracker }
04-14 19:58:14.366  1138  1138 D DCT     : [0]setupDataOnConnectableApns: nwTypeChanged
04-14 19:58:14.366  1138  1138 D DCT     : [0]setupDataOnConnectableApns: apnContext {mApnType=hipri mState=IDLE mWaitingApns={null} mWaitingApnsPermanentFailureCountDown=0 mApnSetting={null} mReason=radioTurnedOff mDataEnabled=false mDependencyMet=true}
04-14 19:58:14.377  1138  1138 D DCT     : [0]setupDataOnConnectableApns: apnContext {mApnType=mms mState=IDLE mWaitingApns={null} mWaitingApnsPermanentFailureCountDown=0 mApnSetting={null} mReason=radioTurnedOff mDataEnabled=false mDependencyMet=true}
04-14 19:58:14.377  1138  1138 D DCT     : [0]setupDataOnConnectableApns: apnContext {mApnType=supl mState=IDLE mWaitingApns={null} mWaitingApnsPermanentFailureCountDown=0 mApnSetting={null} mReason=radioTurnedOff mDataEnabled=false mDependencyMet=true}
04-14 19:58:14.378  1138  1138 D DCT     : [0]setupDataOnConnectableApns: apnContext {mApnType=cbs mState=IDLE mWaitingApns={null} mWaitingApnsPermanentFailureCountDown=0 mApnSetting={null} mReason=radioTurnedOff mDataEnabled=false mDependencyMet=true}
04-14 19:58:14.378  1138  1138 D DCT     : [0]setupDataOnConnectableApns: apnContext {mApnType=dun mState=IDLE mWaitingApns={null} mWaitingApnsPermanentFailureCountDown=0 mApnSetting={null} mReason=radioTurnedOff mDataEnabled=false mDependencyMet=true}
04-14 19:58:14.379  1138  1138 D DCT     : [0]setupDataOnConnectableApns: apnContext {mApnType=fota mState=IDLE mWaitingApns={null} mWaitingApnsPermanentFailureCountDown=0 mApnSetting={null} mReason=radioTurnedOff mDataEnabled=false mDependencyMet=true}
04-14 19:58:14.379  1138  1138 D DCT     : [0]setupDataOnConnectableApns: apnContext {mApnType=ims mState=IDLE mWaitingApns={null} mWaitingApnsPermanentFailureCountDown=0 mApnSetting={null} mReason=radioTurnedOff mDataEnabled=false mDependencyMet=true}
04-14 19:58:14.395  1138  1138 D DCT     : [0]setupDataOnConnectableApns: apnContext {mApnType=default mState=IDLE mWaitingApns={null} mWaitingApnsPermanentFailureCountDown=0 mApnSetting={null} mReason=radioTurnedOff mDataEnabled=false mDependencyMet=true}
04-14 19:58:14.395  1138  1138 D DCT     : [0]setupDataOnConnectableApns: apnContext {mApnType=ia mState=IDLE mWaitingApns={null} mWaitingApnsPermanentFailureCountDown=0 mApnSetting={null} mReason=radioTurnedOff mDataEnabled=false mDependencyMet=true}
04-14 19:58:14.410  1138  1138 D PhoneFactory: getPhone:- phoneId != DEFAULT_PHONE_ID return sProxyPhones[phoneId] phoneId=0 phone=Handler (com.android.internal.telephony.PhoneProxy) {21a3b00b}
04-14 19:58:14.413  1138  1138 D DCT     : [0]getDataOnRoamingEnabled: phoneSubId=1 isDataRoamingEnabled=true
04-14 19:58:14.414  1138  1138 D DCT     : [0]onReceive: action=android.net.wifi.STATE_CHANGE
04-14 19:58:14.419  1138  1138 D DCT     : [0]NETWORK_STATE_CHANGED_ACTION: mIsWifiConnected=true
04-14 19:58:14.419  1138  1138 D DCT     : [0]onReceive: action=android.net.wifi.STATE_CHANGE
04-14 19:58:14.424  1138  1138 D DCT     : [0]NETWORK_STATE_CHANGED_ACTION: mIsWifiConnected=false
04-14 19:58:14.424  1138  1138 D DCT     : [0]onReceive: action=android.net.wifi.STATE_CHANGE
04-14 19:58:14.440  1138  1138 D DCT     : [0]NETWORK_STATE_CHANGED_ACTION: mIsWifiConnected=false
04-14 19:58:14.445  1138  1138 D PhoneFactory: getPhone:- phoneId != DEFAULT_PHONE_ID return sProxyPhones[phoneId] phoneId=0 phone=Handler (com.android.internal.telephony.PhoneProxy) {21a3b00b}
04-14 19:58:14.445  1138  1138 D DCT     : [0]getDataOnRoamingEnabled: phoneSubId=1 isDataRoamingEnabled=true
04-14 19:58:14.455  1138  1138 D PhoneFactory: getPhone:- phoneId != DEFAULT_PHONE_ID return sProxyPhones[phoneId] phoneId=0 phone=Handler (com.android.internal.telephony.PhoneProxy) {21a3b00b}
04-14 19:58:14.455  1138  1138 D DCT     : [0]getDataOnRoamingEnabled: phoneSubId=1 isDataRoamingEnabled=true
04-14 19:58:14.460  1138  1138 D PhoneFactory: getPhone:- phoneId != DEFAULT_PHONE_ID return sProxyPhones[phoneId] phoneId=0 phone=Handler (com.android.internal.telephony.PhoneProxy) {21a3b00b}
04-14 19:58:14.460  1138  1138 D DCT     : [0]getDataOnRoamingEnabled: phoneSubId=1 isDataRoamingEnabled=true
04-14 19:58:14.465  1138  1138 D PhoneFactory: getPhone:- phoneId != DEFAULT_PHONE_ID return sProxyPhones[phoneId] phoneId=0 phone=Handler (com.android.internal.telephony.PhoneProxy) {21a3b00b}
04-14 19:58:14.465  1138  1138 D DCT     : [0]getDataOnRoamingEnabled: phoneSubId=1 isDataRoamingEnabled=true
04-14 19:58:14.478  1138  1138 D PhoneFactory: getPhone:- phoneId != DEFAULT_PHONE_ID return sProxyPhones[phoneId] phoneId=0 phone=Handler (com.android.internal.telephony.PhoneProxy) {21a3b00b}
04-14 19:58:14.478  1138  1138 D DCT     : [0]getDataOnRoamingEnabled: phoneSubId=1 isDataRoamingEnabled=true
04-14 19:58:14.488  1138  1138 D PhoneFactory: getPhone:- phoneId != DEFAULT_PHONE_ID return sProxyPhones[phoneId] phoneId=0 phone=Handler (com.android.internal.telephony.PhoneProxy) {21a3b00b}
04-14 19:58:14.488  1138  1138 D DCT     : [0]getDataOnRoamingEnabled: phoneSubId=1 isDataRoamingEnabled=true
04-14 19:58:14.495  1138  1138 D PhoneFactory: getPhone:- phoneId != DEFAULT_PHONE_ID return sProxyPhones[phoneId] phoneId=0 phone=Handler (com.android.internal.telephony.PhoneProxy) {21a3b00b}
04-14 19:58:14.495  1138  1138 D DCT     : [0]getDataOnRoamingEnabled: phoneSubId=1 isDataRoamingEnabled=true
04-14 19:58:14.507  1138  1138 D PhoneFactory: getPhone:- phoneId != DEFAULT_PHONE_ID return sProxyPhones[phoneId] phoneId=0 phone=Handler (com.android.internal.telephony.PhoneProxy) {21a3b00b}
04-14 19:58:14.508  1138  1138 D DCT     : [0]getDataOnRoamingEnabled: phoneSubId=1 isDataRoamingEnabled=true
04-14 19:58:14.545  1138  1138 D PhoneFactory: getPhone:- phoneId != DEFAULT_PHONE_ID return sProxyPhones[phoneId] phoneId=0 phone=Handler (com.android.internal.telephony.PhoneProxy) {21a3b00b}
04-14 19:58:14.546  1138  1138 D DCT     : [0]getDataOnRoamingEnabled: phoneSubId=1 isDataRoamingEnabled=true
04-14 19:58:14.549  1138  1138 D PhoneFactory: getPhone:- phoneId != DEFAULT_PHONE_ID return sProxyPhones[phoneId] phoneId=0 phone=Handler (com.android.internal.telephony.PhoneProxy) {21a3b00b}
04-14 19:58:14.551  1138  1138 D DCT     : [0]getDataOnRoamingEnabled: phoneSubId=1 isDataRoamingEnabled=true
04-14 19:58:14.555  1138  1138 D PhoneFactory: getPhone:- phoneId != DEFAULT_PHONE_ID return sProxyPhones[phoneId] phoneId=0 phone=Handler (com.android.internal.telephony.PhoneProxy) {21a3b00b}
04-14 19:58:14.555  1138  1138 D DCT     : [0]getDataOnRoamingEnabled: phoneSubId=1 isDataRoamingEnabled=true
04-14 19:58:14.558  1138  1138 D PhoneFactory: getPhone:- phoneId != DEFAULT_PHONE_ID return sProxyPhones[phoneId] phoneId=0 phone=Handler (com.android.internal.telephony.PhoneProxy) {21a3b00b}
04-14 19:58:14.558  1138  1138 D DCT     : [0]getDataOnRoamingEnabled: phoneSubId=1 isDataRoamingEnabled=true
04-14 19:58:14.562  1138  1138 D PhoneFactory: getPhone:- phoneId != DEFAULT_PHONE_ID return sProxyPhones[phoneId] phoneId=0 phone=Handler (com.android.internal.telephony.PhoneProxy) {21a3b00b}
04-14 19:58:14.562  1138  1138 D DCT     : [0]getDataOnRoamingEnabled: phoneSubId=1 isDataRoamingEnabled=true
04-14 19:58:14.567  1138  1138 D PhoneFactory: getPhone:- phoneId != DEFAULT_PHONE_ID return sProxyPhones[phoneId] phoneId=0 phone=Handler (com.android.internal.telephony.PhoneProxy) {21a3b00b}
04-14 19:58:14.567  1138  1138 D DCT     : [0]getDataOnRoamingEnabled: phoneSubId=1 isDataRoamingEnabled=true
04-14 19:58:14.571  1138  1138 D PhoneFactory: getPhone:- phoneId != DEFAULT_PHONE_ID return sProxyPhones[phoneId] phoneId=0 phone=Handler (com.android.internal.telephony.PhoneProxy) {21a3b00b}
04-14 19:58:14.571  1138  1138 D DCT     : [0]getDataOnRoamingEnabled: phoneSubId=1 isDataRoamingEnabled=true
04-14 19:58:14.577  1138  1138 D PhoneFactory: getPhone:- phoneId != DEFAULT_PHONE_ID return sProxyPhones[phoneId] phoneId=0 phone=Handler (com.android.internal.telephony.PhoneProxy) {21a3b00b}
04-14 19:58:14.578  1138  1138 D DCT     : [0]getDataOnRoamingEnabled: phoneSubId=1 isDataRoamingEnabled=true
04-14 19:58:14.591  1138  1138 D PhoneFactory: getPhone:- phoneId != DEFAULT_PHONE_ID return sProxyPhones[phoneId] phoneId=0 phone=Handler (com.android.internal.telephony.PhoneProxy) {21a3b00b}
04-14 19:58:14.591  1138  1138 D DCT     : [0]getDataOnRoamingEnabled: phoneSubId=1 isDataRoamingEnabled=true
04-14 19:58:14.591  1138  1138 D DCT     : [0]onReceive: action=android.net.wifi.STATE_CHANGE
04-14 19:58:14.592  1138  1138 D DCT     : [0]NETWORK_STATE_CHANGED_ACTION: mIsWifiConnected=false
04-14 19:58:14.593  1138  1138 D DctController: [TNF 1]Cellular needs Network for NetworkRequest [ id=1, legacyType=-1, [ Capabilities: INTERNET&NOT_RESTRICTED&TRUSTED&NOT_VPN] ]
04-14 19:58:14.594  1138  1138 D DctController: requestNetwork request=NetworkRequest [ id=1, legacyType=-1, [ Capabilities: INTERNET&NOT_RESTRICTED&TRUSTED&NOT_VPN] ], priority=0
04-14 19:58:14.594  1138  1138 D DctController: processRequests
04-14 19:58:14.594  1138  1138 D DCT     : [0]onReceive: action=android.net.wifi.WIFI_STATE_CHANGED
04-14 19:58:14.608  1138  1138 D DCT     : [0]WIFI_STATE_CHANGED_ACTION: enabled=false mIsWifiConnected=false
04-14 19:58:14.650  1138  1138 D PhoneFactory: getPhone:- phoneId != DEFAULT_PHONE_ID return sProxyPhones[phoneId] phoneId=0 phone=Handler (com.android.internal.telephony.PhoneProxy) {21a3b00b}
04-14 19:58:14.651  1138  1138 D DCT     : [0]getDataOnRoamingEnabled: phoneSubId=1 isDataRoamingEnabled=true
04-14 19:58:14.654  1138  1138 D PhoneFactory: getPhone:- phoneId != DEFAULT_PHONE_ID return sProxyPhones[phoneId] phoneId=0 phone=Handler (com.android.internal.telephony.PhoneProxy) {21a3b00b}
04-14 19:58:14.654  1138  1138 D DCT     : [0]getDataOnRoamingEnabled: phoneSubId=1 isDataRoamingEnabled=true
04-14 19:58:14.657  1138  1138 D PhoneFactory: getPhone:- phoneId != DEFAULT_PHONE_ID return sProxyPhones[phoneId] phoneId=0 phone=Handler (com.android.internal.telephony.PhoneProxy) {21a3b00b}
04-14 19:58:14.658  1138  1138 D DCT     : [0]getDataOnRoamingEnabled: phoneSubId=1 isDataRoamingEnabled=true
04-14 19:58:14.661  1138  1138 D PhoneFactory: getPhone:- phoneId != DEFAULT_PHONE_ID return sProxyPhones[phoneId] phoneId=0 phone=Handler (com.android.internal.telephony.PhoneProxy) {21a3b00b}
04-14 19:58:14.661  1138  1138 D DCT     : [0]getDataOnRoamingEnabled: phoneSubId=1 isDataRoamingEnabled=true
04-14 19:58:14.665  1138  1138 D PhoneFactory: getPhone:- phoneId != DEFAULT_PHONE_ID return sProxyPhones[phoneId] phoneId=0 phone=Handler (com.android.internal.telephony.PhoneProxy) {21a3b00b}
04-14 19:58:14.665  1138  1138 D DCT     : [0]getDataOnRoamingEnabled: phoneSubId=1 isDataRoamingEnabled=true
04-14 19:58:14.687  1138  1138 D PhoneFactory: getPhone:- phoneId != DEFAULT_PHONE_ID return sProxyPhones[phoneId] phoneId=0 phone=Handler (com.android.internal.telephony.PhoneProxy) {21a3b00b}
04-14 19:58:14.687  1138  1138 D DCT     : [0]getDataOnRoamingEnabled: phoneSubId=1 isDataRoamingEnabled=true
04-14 19:58:14.691  1138  1138 D PhoneFactory: getPhone:- phoneId != DEFAULT_PHONE_ID return sProxyPhones[phoneId] phoneId=0 phone=Handler (com.android.internal.telephony.PhoneProxy) {21a3b00b}
04-14 19:58:14.691  1138  1138 D DCT     : [0]getDataOnRoamingEnabled: phoneSubId=1 isDataRoamingEnabled=true
04-14 19:58:14.703  1138  1138 D PhoneFactory: getPhone:- phoneId != DEFAULT_PHONE_ID return sProxyPhones[phoneId] phoneId=0 phone=Handler (com.android.internal.telephony.PhoneProxy) {21a3b00b}
04-14 19:58:14.703  1138  1138 D DCT     : [0]getDataOnRoamingEnabled: phoneSubId=1 isDataRoamingEnabled=true
04-14 19:58:14.707  1138  1138 D PhoneFactory: getPhone:- phoneId != DEFAULT_PHONE_ID return sProxyPhones[phoneId] phoneId=0 phone=Handler (com.android.internal.telephony.PhoneProxy) {21a3b00b}
04-14 19:58:14.708  1138  1138 D DCT     : [0]getDataOnRoamingEnabled: phoneSubId=1 isDataRoamingEnabled=true
04-14 19:58:14.720  1138  1138 D PhoneFactory: getPhone:- phoneId != DEFAULT_PHONE_ID return sProxyPhones[phoneId] phoneId=0 phone=Handler (com.android.internal.telephony.PhoneProxy) {21a3b00b}
04-14 19:58:14.720  1138  1138 D DCT     : [0]getDataOnRoamingEnabled: phoneSubId=1 isDataRoamingEnabled=true
04-14 19:58:14.725  1138  1138 D PhoneFactory: getPhone:- phoneId != DEFAULT_PHONE_ID return sProxyPhones[phoneId] phoneId=0 phone=Handler (com.android.internal.telephony.PhoneProxy) {21a3b00b}
04-14 19:58:14.725  1138  1138 D DCT     : [0]getDataOnRoamingEnabled: phoneSubId=1 isDataRoamingEnabled=true
04-14 19:58:14.741  1138  1138 D PhoneFactory: getPhone:- phoneId != DEFAULT_PHONE_ID return sProxyPhones[phoneId] phoneId=0 phone=Handler (com.android.internal.telephony.PhoneProxy) {21a3b00b}
04-14 19:58:14.741  1138  1138 D DCT     : [0]getDataOnRoamingEnabled: phoneSubId=1 isDataRoamingEnabled=true
04-14 19:58:14.759  1138  1138 D PhoneFactory: getPhone:- phoneId != DEFAULT_PHONE_ID return sProxyPhones[phoneId] phoneId=0 phone=Handler (com.android.internal.telephony.PhoneProxy) {21a3b00b}
04-14 19:58:14.759  1138  1138 D DCT     : [0]getDataOnRoamingEnabled: phoneSubId=1 isDataRoamingEnabled=true
04-14 19:58:14.860  1138  1138 D PhoneFactory: getPhone:- phoneId != DEFAULT_PHONE_ID return sProxyPhones[phoneId] phoneId=0 phone=Handler (com.android.internal.telephony.PhoneProxy) {21a3b00b}
04-14 19:58:14.861  1138  1138 D DCT     : [0]getDataOnRoamingEnabled: phoneSubId=1 isDataRoamingEnabled=true
04-14 19:58:14.864  1138  1138 D PhoneFactory: getPhone:- phoneId != DEFAULT_PHONE_ID return sProxyPhones[phoneId] phoneId=0 phone=Handler (com.android.internal.telephony.PhoneProxy) {21a3b00b}
04-14 19:58:14.864  1138  1138 D DCT     : [0]getDataOnRoamingEnabled: phoneSubId=1 isDataRoamingEnabled=true
04-14 19:58:14.868  1138  1138 D PhoneFactory: getPhone:- phoneId != DEFAULT_PHONE_ID return sProxyPhones[phoneId] phoneId=0 phone=Handler (com.android.internal.telephony.PhoneProxy) {21a3b00b}
04-14 19:58:14.868  1138  1138 D DCT     : [0]getDataOnRoamingEnabled: phoneSubId=1 isDataRoamingEnabled=true
04-14 19:58:14.868  1138  1138 D DCT     : [0]onReceive: action=android.net.wifi.WIFI_STATE_CHANGED
04-14 19:58:14.869  1138  1138 D DCT     : [0]WIFI_STATE_CHANGED_ACTION: enabled=false mIsWifiConnected=false
04-14 19:58:14.872  1138  1138 D PhoneFactory: getPhone:- phoneId != DEFAULT_PHONE_ID return sProxyPhones[phoneId] phoneId=0 phone=Handler (com.android.internal.telephony.PhoneProxy) {21a3b00b}
04-14 19:58:14.872  1138  1138 D DCT     : [0]getDataOnRoamingEnabled: phoneSubId=1 isDataRoamingEnabled=true
04-14 19:58:14.875  1138  1138 D PhoneFactory: getPhone:- phoneId != DEFAULT_PHONE_ID return sProxyPhones[phoneId] phoneId=0 phone=Handler (com.android.internal.telephony.PhoneProxy) {21a3b00b}
04-14 19:58:14.876  1138  1138 D DCT     : [0]getDataOnRoamingEnabled: phoneSubId=1 isDataRoamingEnabled=true
04-14 19:58:14.879  1138  1138 D PhoneFactory: getPhone:- phoneId != DEFAULT_PHONE_ID return sProxyPhones[phoneId] phoneId=0 phone=Handler (com.android.internal.telephony.PhoneProxy) {21a3b00b}
04-14 19:58:14.886  1138  1138 D DCT     : [0]getDataOnRoamingEnabled: phoneSubId=1 isDataRoamingEnabled=true
04-14 19:58:14.910  1138  1138 D PhoneFactory: getPhone:- phoneId != DEFAULT_PHONE_ID return sProxyPhones[phoneId] phoneId=0 phone=Handler (com.android.internal.telephony.PhoneProxy) {21a3b00b}
04-14 19:58:14.910  1138  1138 D DCT     : [0]getDataOnRoamingEnabled: phoneSubId=1 isDataRoamingEnabled=true
04-14 19:58:14.914  1138  1138 D PhoneFactory: getPhone:- phoneId != DEFAULT_PHONE_ID return sProxyPhones[phoneId] phoneId=0 phone=Handler (com.android.internal.telephony.PhoneProxy) {21a3b00b}
04-14 19:58:14.914  1138  1138 D DCT     : [0]getDataOnRoamingEnabled: phoneSubId=1 isDataRoamingEnabled=true
04-14 19:58:14.917  1138  1138 D PhoneFactory: getPhone:- phoneId != DEFAULT_PHONE_ID return sProxyPhones[phoneId] phoneId=0 phone=Handler (com.android.internal.telephony.PhoneProxy) {21a3b00b}
04-14 19:58:14.918  1138  1138 D DCT     : [0]getDataOnRoamingEnabled: phoneSubId=1 isDataRoamingEnabled=true
04-14 19:58:14.921  1138  1138 D PhoneFactory: getPhone:- phoneId != DEFAULT_PHONE_ID return sProxyPhones[phoneId] phoneId=0 phone=Handler (com.android.internal.telephony.PhoneProxy) {21a3b00b}
04-14 19:58:14.921  1138  1138 D DCT     : [0]getDataOnRoamingEnabled: phoneSubId=1 isDataRoamingEnabled=true
04-14 19:58:14.924  1138  1138 D PhoneFactory: getPhone:- phoneId != DEFAULT_PHONE_ID return sProxyPhones[phoneId] phoneId=0 phone=Handler (com.android.internal.telephony.PhoneProxy) {21a3b00b}
04-14 19:58:14.925  1138  1138 D DCT     : [0]getDataOnRoamingEnabled: phoneSubId=1 isDataRoamingEnabled=true
04-14 19:58:14.937  1138  1138 D PhoneFactory: getPhone:- phoneId != DEFAULT_PHONE_ID return sProxyPhones[phoneId] phoneId=0 phone=Handler (com.android.internal.telephony.PhoneProxy) {21a3b00b}
04-14 19:58:14.938  1138  1138 D DCT     : [0]getDataOnRoamingEnabled: phoneSubId=1 isDataRoamingEnabled=true
04-14 19:58:14.941  1138  1138 D PhoneFactory: getPhone:- phoneId != DEFAULT_PHONE_ID return sProxyPhones[phoneId] phoneId=0 phone=Handler (com.android.internal.telephony.PhoneProxy) {21a3b00b}
04-14 19:58:14.942  1138  1138 D DCT     : [0]getDataOnRoamingEnabled: phoneSubId=1 isDataRoamingEnabled=true
04-14 19:58:14.950  1138  1138 D PhoneFactory: getPhone:- phoneId != DEFAULT_PHONE_ID return sProxyPhones[phoneId] phoneId=0 phone=Handler (com.android.internal.telephony.PhoneProxy) {21a3b00b}
04-14 19:58:14.950  1138  1138 D DCT     : [0]getDataOnRoamingEnabled: phoneSubId=1 isDataRoamingEnabled=true
04-14 19:58:14.954  1138  1138 D PhoneFactory: getPhone:- phoneId != DEFAULT_PHONE_ID return sProxyPhones[phoneId] phoneId=0 phone=Handler (com.android.internal.telephony.PhoneProxy) {21a3b00b}
04-14 19:58:14.954  1138  1138 D DCT     : [0]getDataOnRoamingEnabled: phoneSubId=1 isDataRoamingEnabled=true
04-14 19:58:14.961  1138  1138 D PhoneFactory: getPhone:- phoneId != DEFAULT_PHONE_ID return sProxyPhones[phoneId] phoneId=0 phone=Handler (com.android.internal.telephony.PhoneProxy) {21a3b00b}
04-14 19:58:14.961  1138  1138 D DCT     : [0]getDataOnRoamingEnabled: phoneSubId=1 isDataRoamingEnabled=true
04-14 19:58:15.055  1138  1138 D PhoneFactory: getPhone:- phoneId != DEFAULT_PHONE_ID return sProxyPhones[phoneId] phoneId=0 phone=Handler (com.android.internal.telephony.PhoneProxy) {21a3b00b}
04-14 19:58:15.056  1138  1138 D DCT     : [0]getDataOnRoamingEnabled: phoneSubId=1 isDataRoamingEnabled=true
04-14 19:58:15.064  1138  1138 D PhoneFactory: getPhone:- phoneId != DEFAULT_PHONE_ID return sProxyPhones[phoneId] phoneId=0 phone=Handler (com.android.internal.telephony.PhoneProxy) {21a3b00b}
04-14 19:58:15.064  1138  1138 D DCT     : [0]getDataOnRoamingEnabled: phoneSubId=1 isDataRoamingEnabled=true
04-14 19:58:15.067  1138  1138 D PhoneFactory: getPhone:- phoneId != DEFAULT_PHONE_ID return sProxyPhones[phoneId] phoneId=0 phone=Handler (com.android.internal.telephony.PhoneProxy) {21a3b00b}
04-14 19:58:15.068  1138  1138 D DCT     : [0]getDataOnRoamingEnabled: phoneSubId=1 isDataRoamingEnabled=true
04-14 19:58:15.071  1138  1138 D PhoneFactory: getPhone:- phoneId != DEFAULT_PHONE_ID return sProxyPhones[phoneId] phoneId=0 phone=Handler (com.android.internal.telephony.PhoneProxy) {21a3b00b}
04-14 19:58:15.072  1138  1138 D DCT     : [0]getDataOnRoamingEnabled: phoneSubId=1 isDataRoamingEnabled=true
04-14 19:58:15.100  1138  1138 D PhoneFactory: getPhone:- phoneId != DEFAULT_PHONE_ID return sProxyPhones[phoneId] phoneId=0 phone=Handler (com.android.internal.telephony.PhoneProxy) {21a3b00b}
04-14 19:58:15.100  1138  1138 D DCT     : [0]getDataOnRoamingEnabled: phoneSubId=1 isDataRoamingEnabled=true
04-14 19:58:15.111  1138  1138 D PhoneFactory: getPhone:- phoneId != DEFAULT_PHONE_ID return sProxyPhones[phoneId] phoneId=0 phone=Handler (com.android.internal.telephony.PhoneProxy) {21a3b00b}
04-14 19:58:15.111  1138  1138 D DCT     : [0]getDataOnRoamingEnabled: phoneSubId=1 isDataRoamingEnabled=true
04-14 19:58:15.117  1138  1138 D PhoneFactory: getPhone:- phoneId != DEFAULT_PHONE_ID return sProxyPhones[phoneId] phoneId=0 phone=Handler (com.android.internal.telephony.PhoneProxy) {21a3b00b}
04-14 19:58:15.118  1138  1138 D DCT     : [0]getDataOnRoamingEnabled: phoneSubId=1 isDataRoamingEnabled=true
04-14 19:58:15.118  1138  1138 D DctController: handleMessage msg={ when=-1s127ms what=100 target=com.android.internal.telephony.dataconnection.DctController }
04-14 19:58:15.119  1138  1138 D DctController: selectExecPhone requestInfo = [ request=NetworkRequest [ id=1, legacyType=-1, [ Capabilities: INTERNET&NOT_RESTRICTED&TRUSTED&NOT_VPN] ], executed=false, priority=0]
04-14 19:58:15.119  1138  1138 D DctController: getTopPriorityRequestPhoneId = 0, priority = 0
04-14 19:58:15.141  1138  1138 D DcSwitchAsyncChannel: [DcSwitchAsyncChannel-0]: rspIsIdle=false
04-14 19:58:15.141  1138  1138 D DctController: onProcessRequest phoneId=0, activePhoneId=0
04-14 19:58:15.146  1138  1349 D DcSwitchSM: [DcSwitchStateMachine-0] AttachingState: REQ_CONNECT
04-14 19:58:15.147  1138  1349 D RILJ    : [3831]> RIL_REQUEST_ALLOW_DATA [SUB0]
04-14 19:58:15.151   190   284 D RILC    : RequestComplete, RIL_SOCKET_1
04-14 19:58:15.151   190   284 E RILC    : Send Response to RIL_SOCKET_1
04-14 19:58:15.152  1138  1280 D RilRequest: [3831]< RIL_REQUEST_ALLOW_DATA error: com.android.internal.telephony.CommandException: REQUEST_NOT_SUPPORTED ret=
04-14 19:58:15.157  1138  1138 D DcSwitchAsyncChannel: [DcSwitchAsyncChannel-0]: rspConnect=1
04-14 19:58:15.158  1138  1138 D DctController: handleMessage msg={ when=-564ms what=100 target=com.android.internal.telephony.dataconnection.DctController }
04-14 19:58:15.158  1138  1138 D DctController: selectExecPhone requestInfo = [ request=NetworkRequest [ id=1, legacyType=-1, [ Capabilities: INTERNET&NOT_RESTRICTED&TRUSTED&NOT_VPN] ], executed=false, priority=0]
04-14 19:58:15.159  1138  1138 D DctController: getTopPriorityRequestPhoneId = 0, priority = 0
04-14 19:58:15.188  1138  1138 D DcSwitchAsyncChannel: [DcSwitchAsyncChannel-0]: rspIsIdle=false
04-14 19:58:15.188  1138  1138 D DctController: onProcessRequest phoneId=0, activePhoneId=0
04-14 19:58:15.190  1138  1349 D DcSwitchSM: [DcSwitchStateMachine-0] AttachingState: REQ_CONNECT
04-14 19:58:15.190  1138  1349 D RILJ    : [3832]> RIL_REQUEST_ALLOW_DATA [SUB0]
04-14 19:58:15.195   190   284 D RILC    : RequestComplete, RIL_SOCKET_1
04-14 19:58:15.195   190   284 E RILC    : Send Response to RIL_SOCKET_1
04-14 19:58:15.195  1138  1280 D RilRequest: [3832]< RIL_REQUEST_ALLOW_DATA error: com.android.internal.telephony.CommandException: REQUEST_NOT_SUPPORTED ret=
04-14 19:58:15.200  1138  1138 D DcSwitchAsyncChannel: [DcSwitchAsyncChannel-0]: rspConnect=1
04-14 19:58:18.052  1138  1177 D SubscriptionController: [getActiveSubInfoList]+
04-14 19:58:18.058  1138  1177 D SubscriptionController: selection:sim_id>=0 null
04-14 19:58:18.085  1077  1077 D TelephonyManager: getTelephonyProperty: return propVal='false' phoneId=0 property='gsm.operator.isroaming' defaultVal='null' prop=false
04-14 19:58:18.199  1138  1179 D PhoneFactory: getPhone:- phoneId != DEFAULT_PHONE_ID return sProxyPhones[phoneId] phoneId=0 phone=Handler (com.android.internal.telephony.PhoneProxy) {21a3b00b}
04-14 19:58:18.202  1138  1179 D DCT     : [0]getDataEnabled: getIntWithSubId retVal=true
04-14 19:58:18.222  1138  1177 D TelephonyManager: getTelephonyProperty: return propVal='cn' phoneId=0 property='gsm.sim.operator.iso-country' defaultVal='' prop=cn
04-14 19:58:18.222  1138  1177 D SubscriptionController: [getSubInfoRecord] id:1 iccid:89860115921101579076 simSlotIndex:0 displayName:CARD 1 nameSource:0 iconTint:-16746133 dataRoaming:0 mcc:460 mnc:1 countIso:cn
04-14 19:58:18.263  1138  1177 D PhoneFactory: getPhone:- phoneId != DEFAULT_PHONE_ID return sProxyPhones[phoneId] phoneId=0 phone=Handler (com.android.internal.telephony.PhoneProxy) {21a3b00b}
04-14 19:58:18.269  1138  1177 D SubscriptionController: [getActiveSubInfoList]- 1 infos return
04-14 19:58:18.495  1138  1456 D SubscriptionController: [getActiveSubInfoList]+
04-14 19:58:18.497  1138  1456 D SubscriptionController: selection:sim_id>=0 null
04-14 19:58:18.509  1138  1456 D TelephonyManager: getTelephonyProperty: return propVal='cn' phoneId=0 property='gsm.sim.operator.iso-country' defaultVal='' prop=cn
04-14 19:58:18.513  1138  1456 D SubscriptionController: [getSubInfoRecord] id:1 iccid:89860115921101579076 simSlotIndex:0 displayName:CARD 1 nameSource:0 iconTint:-16746133 dataRoaming:0 mcc:460 mnc:1 countIso:cn
04-14 19:58:18.525  1138  1456 D PhoneFactory: getPhone:- phoneId != DEFAULT_PHONE_ID return sProxyPhones[phoneId] phoneId=0 phone=Handler (com.android.internal.telephony.PhoneProxy) {21a3b00b}
04-14 19:58:18.536  1138  1456 D SubscriptionController: [getActiveSubInfoList]- 1 infos return
04-14 19:58:18.552  1138  1362 D PhoneFactory: getPhone:- phoneId != DEFAULT_PHONE_ID return sProxyPhones[phoneId] phoneId=0 phone=Handler (com.android.internal.telephony.PhoneProxy) {21a3b00b}
04-14 19:58:18.552  1138  1362 D SubscriptionController: getSimStateForSubscriber:  simState=READY ordinal=5
04-14 19:58:18.555   874   874 D SubscriptionManager: getSimStateForSubscriber: simState=5 subId=1
04-14 19:58:18.556   874   874 D TelephonyManager: getSimState: simState=5 slotIdx=0
04-14 19:58:18.768  1138  1362 D PhoneFactory: getPhone:- phoneId != DEFAULT_PHONE_ID return sProxyPhones[phoneId] phoneId=0 phone=Handler (com.android.internal.telephony.PhoneProxy) {21a3b00b}
04-14 19:58:18.771  1138  1362 D DCT     : [0]getDataEnabled: getIntWithSubId retVal=true
04-14 19:58:19.219  1138  1362 D PhoneFactory: getPhone:- phoneId != DEFAULT_PHONE_ID return sProxyPhones[phoneId] phoneId=0 phone=Handler (com.android.internal.telephony.PhoneProxy) {21a3b00b}
04-14 19:58:19.224  1138  1362 D DCT     : [0]getDataEnabled: getIntWithSubId retVal=true
04-14 19:58:19.629  1138  1138 D GsmSST  : [GsmSST] mDeviceShuttingDown = false
04-14 19:58:19.629  1138  1138 D GsmSST  : [GsmSST] mDesiredPowerState = true
04-14 19:58:19.629  1138  1138 D GsmSST  : [GsmSST] getRadioState = RADIO_OFF
04-14 19:58:19.641  1138  1138 D GsmSST  : [GsmSST] mPowerOffDelayNeed = true
04-14 19:58:19.641  1138  1138 D GsmSST  : [GsmSST] mAlarmSwitch = false
04-14 19:58:19.643  1138  1138 D RILJ    : [3833]> RADIO_POWER on [SUB0]
04-14 19:58:19.710  1138  1138 D DCT     : [0]onReceive: action=android.net.wifi.WIFI_STATE_CHANGED
04-14 19:58:19.711  1138  1138 D DCT     : [0]WIFI_STATE_CHANGED_ACTION: enabled=false mIsWifiConnected=false
04-14 19:58:19.755   190   665 I RILQ    : (0/190):RIL[0][qmi_cb] qcril_qmi_nas_dms_op_state_update_handler: reported op mode ONLINE
04-14 19:58:19.755   190   665 I RILQ    : (0/190):RIL[0][qmi_cb] qcril_qmi_nas_dms_op_state_update_handler: expected op mode ONLINE
04-14 19:58:19.770   190   293 I RILQ    : (0/190):RIL[0][event] qcril_qmi_nas_update_data_rte: completed, new drte 0 with confidence 4
04-14 19:58:19.771   190   293 I RILC    : RIL_SOCKET_1 UNSOLICITED: UNSOL_RESPONSE_VOICE_NETWORK_STATE_CHANGED length:8
04-14 19:58:19.771   190   293 E RILC    : Send Response to RIL_SOCKET_1
04-14 19:58:19.771  1138  1280 D RILJ    : [UNSL]< UNSOL_RESPONSE_VOICE_NETWORK_STATE_CHANGED [SUB0]
04-14 19:58:19.772  1138  1138 D PHONE   : [ServiceState] setNullState=3
04-14 19:58:19.773  1138  1138 D GsmSST  : [GsmSST] Poll ServiceState done:  oldSS=[3 3 voice home data home null null null null null null  Unknown Unknown CSS not supported -1 -1 RoamInd=-1 DefRoamInd=-1 EmergOnly=false] newSS=[3 3 voice home data home null null null null null null  Unknown Unknown CSS not supported -1 -1 RoamInd=-1 DefRoamInd=-1 EmergOnly=false] oldMaxDataCalls=20 mNewMaxDataCalls=20 oldReasonDataDenied=-1 mNewReasonDataDenied=-1
04-14 19:58:19.773  1138  1138 D PHONE   : [ServiceState] setNullState=1
04-14 19:58:19.776   190   665 E RILQ    : (0/190): RIL[0][qmi_cb] get_ecc_property_name: ecc list name : ril.ecclist.
04-14 19:58:19.787   190   293 I RILQ    : (0/190):RIL[0][event] qcril_qmi_nas_evaluate_custom_emergency_numbers_for_card: cur_status 1024, card_state 3
04-14 19:58:19.787   190   293 I RILQ    : (0/190):RIL[0][event] qcril_qmi_nas_evaluate_custom_emergency_numbers_for_card: card_mcc 460, card_mnc 01
04-14 19:58:19.788   190   293 I RILC    : RIL_SOCKET_1 UNSOLICITED: UNSOL_SIGNAL_STRENGTH length:60
04-14 19:58:19.788   190   293 E RILC    : Send Response to RIL_SOCKET_1
04-14 19:58:19.791   190  3238 D RILC    : RequestComplete, RIL_SOCKET_1
04-14 19:58:19.791   190  3238 E RILC    : Send Response to RIL_SOCKET_1
04-14 19:58:19.794  1138  1138 D DefaultPhoneNotifier: notifySignalStrength: mRegistry=com.android.internal.telephony.ITelephonyRegistry$Stub$Proxy@359d143d ss=SignalStrength: 99 0 -120 -160 -120 -1 -1 99 2147483647 2147483647 2147483647 2147483647 gsm|lte sender=Handler (com.android.internal.telephony.gsm.GSMPhone) {25d77ee8}
04-14 19:58:19.805  1138  1280 D RILJ    : [3833]< RADIO_POWER  [SUB0]
04-14 19:58:19.808   190  3238 I RILC    : RIL_SOCKET_1 UNSOLICITED: UNSOL_RESPONSE_RADIO_STATE_CHANGED length:12
04-14 19:58:19.808   190  3238 E RILC    : Send Response to RIL_SOCKET_1
04-14 19:58:19.809  1138  1280 D RILJ    : [UNSL]< UNSOL_RESPONSE_RADIO_STATE_CHANGED RADIO_ON [SUB0]
04-14 19:58:19.812  1138  1138 D GsmSST  : [GsmSST] mDeviceShuttingDown = false
04-14 19:58:19.812  1138  1138 D GsmSST  : [GsmSST] mDesiredPowerState = true
04-14 19:58:19.812  1138  1138 D GsmSST  : [GsmSST] getRadioState = RADIO_ON
04-14 19:58:19.812  1138  1138 D GsmSST  : [GsmSST] mPowerOffDelayNeed = true
04-14 19:58:19.812  1138  1138 D GsmSST  : [GsmSST] mAlarmSwitch = false
04-14 19:58:19.812  1138  1138 D RILJ    : [3834]> OPERATOR [SUB0]
04-14 19:58:19.815  1138  1138 D RILJ    : [3835]> DATA_REGISTRATION_STATE [SUB0]
04-14 19:58:19.819   190   293 I RILQ    : (0/190):RIL[0][event] qcril_qmi_nas_evaluate_custom_emergency_numbers_for_card: cur_status 1024, card_state 3
04-14 19:58:19.819   190   293 I RILQ    : (0/190):RIL[0][event] qcril_qmi_nas_evaluate_custom_emergency_numbers_for_card: card_mcc 460, card_mnc 01
04-14 19:58:19.823  1138  1138 D RILJ    : [3836]> VOICE_REGISTRATION_STATE [SUB0]
04-14 19:58:19.828  1138  1138 D RILJ    : [3837]> QUERY_NETWORK_SELECTION_MODE [SUB0]
04-14 19:58:19.836  1138  1138 D UiccController: Received EVENT_ICC_STATUS_CHANGED, calling getIccCardStatus
04-14 19:58:19.836  1138  1138 D RILJ    : [3838]> GET_SIM_STATUS [SUB0]
04-14 19:58:19.852   190   284 D RILC    : RequestComplete, RIL_SOCKET_1
04-14 19:58:19.852   190   284 E RILC    : Send Response to RIL_SOCKET_1
04-14 19:58:19.853  1138  1280 D RILJ    : [3838]< GET_SIM_STATUS IccCardState {CARDSTATE_PRESENT,PINSTATE_ENABLED_NOT_VERIFIED,num_apps=1,gsm_id=0{APPTYPE_USIM,APPSTATE_READY,pin1=PINSTATE_DISABLED,pin2=PINSTATE_ENABLED_NOT_VERIFIED},cdma_id=-1,ims_id=-1} [SUB0]
04-14 19:58:19.860  1138  1138 D RILJ    : [3839]> GET_CURRENT_CALLS [SUB0]
04-14 19:58:19.870   190  3268 D RILC    : RequestComplete, RIL_SOCKET_1
04-14 19:58:19.870   190  3268 E RILC    : Send Response to RIL_SOCKET_1
04-14 19:58:19.871  1138  1280 D RILJ    : [3834]< OPERATOR {null, null, null} [SUB0]
04-14 19:58:19.877   190   284 I RILQ    : (0/190):RIL[0][main] qcril_qmi_get_call_list_to_send: RILVI: calls rep: reported/skipped 0/0 calls
04-14 19:58:19.877   190   284 D RILC    : RequestComplete, RIL_SOCKET_1
04-14 19:58:19.877   190   284 E RILC    : Send Response to RIL_SOCKET_1
04-14 19:58:19.878  1138  1280 D RILJ    : [3839]< GET_CURRENT_CALLS   [SUB0]
04-14 19:58:19.879  1138  1138 D RILJ    : [3840]> RIL_REQUEST_VOICE_RADIO_TECH [SUB0]
04-14 19:58:19.886   190  3270 I RILQ    : (0/190):RIL[0][cmd-20(248)] qcril_qmi_nas_update_data_rte: completed, new drte 0 with confidence 4
04-14 19:58:19.887   190  3270 D RILC    : RequestComplete, RIL_SOCKET_1
04-14 19:58:19.887   190  3270 E RILC    : Send Response to RIL_SOCKET_1
04-14 19:58:19.896  1138  1138 D RILJ    : [3841]> RIL_REQUEST_IMS_REGISTRATION_STATE [SUB0]
04-14 19:58:19.899  1138  1280 D RILJ    : [3836]< VOICE_REGISTRATION_STATE {2, null, null, 0, null, null, null, 0, null, null, null, null, null, 0, null} [SUB0]
04-14 19:58:19.904   190  3283 D RILC    : RequestComplete, RIL_SOCKET_1
04-14 19:58:19.904   190  3283 E RILC    : Send Response to RIL_SOCKET_1
04-14 19:58:19.905   190  3269 D RILC    : RequestComplete, RIL_SOCKET_1
04-14 19:58:19.905   190  3269 E RILC    : Send Response to RIL_SOCKET_1
04-14 19:58:19.910  1138  1280 D RILJ    : [3837]< QUERY_NETWORK_SELECTION_MODE {0} [SUB0]
04-14 19:58:19.910  1138  1280 D RILJ    : [3835]< DATA_REGISTRATION_STATE {2, null, null, null, 0, 20, null, null, null, null, null} [SUB0]
04-14 19:58:19.911  1138  1138 D RILJ    : [3842]> RIL_REQUEST_CDMA_GET_SUBSCRIPTION_SOURCE [SUB0]
04-14 19:58:19.914  1138  1138 D UiccController: Received EVENT_GET_ICC_STATUS_DONE
04-14 19:58:19.914  1138  1138 D UiccCard: 1 applications
04-14 19:58:19.914  1138  1138 D UiccCardApplication: APPTYPE_USIM update. New {APPTYPE_USIM,APPSTATE_READY,pin1=PINSTATE_DISABLED,pin2=PINSTATE_ENABLED_NOT_VERIFIED}
04-14 19:58:19.925  1138  1138 D UiccCard: Before privilege rules: Handler (com.android.internal.telephony.uicc.UiccCarrierPrivilegeRules) {1228c608} : CARDSTATE_PRESENT
04-14 19:58:19.925  1138  1138 D UiccCard: update: radioState=RADIO_ON mLastRadioState=RADIO_ON
04-14 19:58:19.925  1138  1138 D UiccController: Notifying IccChangedRegistrants
04-14 19:58:19.926  1138  1138 D PHONE   : [ServiceState] setVoiceRegState=1
04-14 19:58:19.926  1138  1138 E PHONE   : [ServiceState] setState deprecated use setVoiceRegState()
04-14 19:58:19.926  1138  1138 D PHONE   : [ServiceState] setDataRegState=1
