04-14 21:32:39.656  2121  2121 W ViewRootImpl: Cancelling event due to no window focus: KeyEvent { action=ACTION_UP, keyCode=KEYCODE_DPAD_LEFT, scanCode=0, metaState=0, flags=0x420, repeatCount=0, eventTime=10391122, downTime=10391122, deviceId=-1, source=0x101 }
04-14 21:32:39.668  2121  2121 W ViewRootImpl: Cancelling event due to no window focus: KeyEvent { action=ACTION_UP, keyCode=KEYCODE_DPAD_LEFT, scanCode=0, metaState=0, flags=0x80000420, repeatCount=0, eventTime=10391122, downTime=10391122, deviceId=-1, source=0x101 }
04-14 21:32:39.689  2121  2121 W ViewRootImpl: Dropping event due to no window focus: KeyEvent { action=ACTION_DOWN, keyCode=KEYCODE_DPAD_LEFT, scanCode=0, metaState=0, flags=0x400, repeatCount=0, eventTime=10391122, downTime=10391122, deviceId=-1, source=0x101 }
04-14 21:32:39.720  2121  2121 W ViewRootImpl: Cancelling event due to no window focus: KeyEvent { action=ACTION_UP, keyCode=KEYCODE_DPAD_LEFT, scanCode=0, metaState=0, flags=0x420, repeatCount=0, eventTime=10391122, downTime=10391122, deviceId=-1, source=0x101 }
04-14 21:32:39.720  2121  2121 W ViewRootImpl: Cancelling event due to no window focus: KeyEvent { action=ACTION_UP, keyCode=KEYCODE_DPAD_LEFT, scanCode=0, metaState=0, flags=0x420, repeatCount=0, eventTime=10391122, downTime=10391122, deviceId=-1, source=0x101 }
04-14 21:32:39.721  2121  2121 W ViewRootImpl: Cancelling event due to no window focus: KeyEvent { action=ACTION_UP, keyCode=KEYCODE_DPAD_LEFT, scanCode=0, metaState=0, flags=0x420, repeatCount=0, eventTime=10391122, downTime=10391122, deviceId=-1, source=0x101 }
04-14 21:32:39.739  2121  2121 W ViewRootImpl: Cancelling event due to no window focus: KeyEvent { action=ACTION_UP, keyCode=KEYCODE_DPAD_LEFT, scanCode=0, metaState=0, flags=0x80000420, repeatCount=0, eventTime=10391122, downTime=10391122, deviceId=-1, source=0x101 }
04-14 21:32:39.752  2121  2121 W ViewRootImpl: Dropping event due to no window focus: KeyEvent { action=ACTION_DOWN, keyCode=KEYCODE_DPAD_DOWN, scanCode=0, metaState=0, flags=0x400, repeatCount=0, eventTime=10391141, downTime=10391141, deviceId=-1, source=0x101 }
04-14 21:32:39.790  2121  2121 W ViewRootImpl: Cancelling event due to no window focus: KeyEvent { action=ACTION_UP, keyCode=KEYCODE_DPAD_DOWN, scanCode=0, metaState=0, flags=0x420, repeatCount=0, eventTime=10391141, downTime=10391141, deviceId=-1, source=0x101 }
04-14 21:32:39.790  2121  2121 W ViewRootImpl: Cancelling event due to no window focus: KeyEvent { action=ACTION_UP, keyCode=KEYCODE_DPAD_DOWN, scanCode=0, metaState=0, flags=0x420, repeatCount=0, eventTime=10391141, downTime=10391141, deviceId=-1, source=0x101 }
04-14 21:32:39.791  2121  2121 W ViewRootImpl: Cancelling event due to no window focus: KeyEvent { action=ACTION_UP, keyCode=KEYCODE_DPAD_DOWN, scanCode=0, metaState=0, flags=0x420, repeatCount=0, eventTime=10391141, downTime=10391141, deviceId=-1, source=0x101 }
04-14 21:32:39.803  2121  2121 W ViewRootImpl: Cancelling event due to no window focus: KeyEvent { action=ACTION_UP, keyCode=KEYCODE_DPAD_DOWN, scanCode=0, metaState=0, flags=0x80000420, repeatCount=0, eventTime=10391141, downTime=10391141, deviceId=-1, source=0x101 }
04-14 21:32:39.818  2121  2121 W ViewRootImpl: Dropping event due to no window focus: KeyEvent { action=ACTION_DOWN, keyCode=KEYCODE_DPAD_DOWN, scanCode=0, metaState=0, flags=0x400, repeatCount=0, eventTime=10391141, downTime=10391141, deviceId=-1, source=0x101 }
04-14 21:32:39.852  2121  2121 W ViewRootImpl: Cancelling event due to no window focus: KeyEvent { action=ACTION_UP, keyCode=KEYCODE_DPAD_DOWN, scanCode=0, metaState=0, flags=0x420, repeatCount=0, eventTime=10391141, downTime=10391141, deviceId=-1, source=0x101 }
04-14 21:32:39.852  2121  2121 W ViewRootImpl: Cancelling event due to no window focus: KeyEvent { action=ACTION_UP, keyCode=KEYCODE_DPAD_DOWN, scanCode=0, metaState=0, flags=0x420, repeatCount=0, eventTime=10391141, downTime=10391141, deviceId=-1, source=0x101 }
04-14 21:32:39.853  2121  2121 W ViewRootImpl: Cancelling event due to no window focus: KeyEvent { action=ACTION_UP, keyCode=KEYCODE_DPAD_DOWN, scanCode=0, metaState=0, flags=0x420, repeatCount=0, eventTime=10391141, downTime=10391141, deviceId=-1, source=0x101 }
04-14 21:32:39.864  2121  2121 W ViewRootImpl: Cancelling event due to no window focus: KeyEvent { action=ACTION_UP, keyCode=KEYCODE_DPAD_DOWN, scanCode=0, metaState=0, flags=0x80000420, repeatCount=0, eventTime=10391141, downTime=10391141, deviceId=-1, source=0x101 }
04-14 21:32:40.444   710  1242 W InputMethodManagerService: Window already focused, ignoring focus gain of: com.android.internal.view.IInputMethodClient$Stub$Proxy@a1dd52 attribute=null, token = android.os.BinderProxy@2be4c63b
04-14 21:32:45.064   710   817 D ConnectivityService: updateNetworkScore for NetworkAgentInfo [WIFI () - 101] to 55
04-14 21:32:45.065   710   817 D ConnectivityService: rematching NetworkAgentInfo [WIFI () - 101]
04-14 21:32:45.065   710   817 D ConnectivityService: Network NetworkAgentInfo [WIFI () - 101] was already satisfying request 1. No change.
04-14 21:32:45.065   710   817 D ConnectivityService: notifyType AVAILABLE for NetworkAgentInfo [WIFI () - 101]
04-14 21:32:48.316   710   817 D ConnectivityService: updateNetworkScore for NetworkAgentInfo [WIFI () - 101] to 56
04-14 21:32:48.316   710   817 D ConnectivityService: rematching NetworkAgentInfo [WIFI () - 101]
04-14 21:32:48.316   710   817 D ConnectivityService: Network NetworkAgentInfo [WIFI () - 101] was already satisfying request 1. No change.
04-14 21:32:48.316   710   817 D ConnectivityService: notifyType AVAILABLE for NetworkAgentInfo [WIFI () - 101]
04-14 21:33:07.452   710  1184 I ActivityManager: START u0 {act=android.intent.action.MAIN cat=[android.intent.category.LAUNCHER] flg=0x10008000 cmp=com.android.settings/.DevelopmentSettings} from uid 1000 on display 0
04-14 21:33:08.105   710 22212 W InputMethodManagerService: Window already focused, ignoring focus gain of: com.android.internal.view.IInputMethodClient$Stub$Proxy@19dc7c9e attribute=null, token = android.os.BinderProxy@2be4c63b
04-14 21:34:05.126   710   792 W BackupManagerService: dataChanged but no participant pkg='com.android.providers.settings' uid=10013
04-14 21:34:05.145   710   710 D ZenLog  : set_zen_mode: important_interruptions,setting
04-14 21:34:05.146   710   710 D ZenLog  : update_zen_mode: no_interruptions -> important_interruptions
04-14 21:34:05.148   710   710 D ZenLog  : set_ringer_mode_internal: ZenModeHelper,i:silent->vibrate,e:silent->silent
04-14 21:34:07.062   710 17354 D ZenLog  : exit_condition: Condition[id=condition://android/countdown/1492178010242,summary=For 19 minutes (until 9:53 PM),line1=For 19 minutes,line2=Until 9:53 PM,icon=0,state=STATE_TRUE,flags=1],{android/com.android.server.notification.CountdownConditionProvider},binderCall
04-14 21:34:07.076   710 17354 D ZenLog  : config: ZenModeConfig[allowCalls=false,allowMessages=false,allowFrom=anyone,allowEvents=true,sleepMode=null,sleepStart=22.0,sleepEnd=7.0,sleepNone=false,conditionComponents=null,conditionIds=null,exitCondition=Condition[id=condition://android/countdown/1492178010242,summary=For 19 minutes (until 9:53 PM),line1=For 19 minutes,line2=Until 9:53 PM,icon=0,state=STATE_TRUE,flags=1],exitConditionComponent=ComponentInfo{android/com.android.server.notification.CountdownConditionProvider}]
04-14 21:34:07.079   710   710 D NotificationService: handleSavePolicyFile
04-14 21:34:10.460   710 17354 I ActivityManager: START u0 {act=android.intent.action.VIEW dat=http://link.zhihu.com/?target=https://item.taobao.com/item.htm?id=548188714604 cmp=com.android.browser/.BrowserActivity (has extras)} from uid 10054 on display 0
04-14 21:34:17.603   710   796 I WindowManager: Input event dispatching timed out sending to com.zhihu.android/com.zhihu.android.app.ui.activity.MainActivity.  Reason: Waiting to send key event because the focused window has not finished processing all of the input events that were previously delivered to it.  Outbound queue length: 0.  Wait queue length: 1.
04-14 21:34:17.875   710 31134 W InputManager: Input event injection from pid 4987 timed out.
04-14 21:34:17.892   710   775 I ActivityManager: Skipping duplicate ANR: ProcessRecord{32e7fd79 2121:com.zhihu.android/u0a54} Input dispatching timed out (Waiting to send key event because the focused window has not finished processing all of the input events that were previously delivered to it.  Outbound queue length: 0.  Wait queue length: 1.)
04-14 21:34:18.867   710 22212 I ActivityManager: START u0 {act=android.intent.action.VIEW dat=http://link.zhihu.com/?target=https://item.taobao.com/item.htm?id=548188714604 cmp=com.android.browser/.BrowserActivity (has extras)} from uid 10054 on display 0
04-14 21:34:20.722   710 17354 I ActivityManager: START u0 {act=android.intent.action.VIEW dat=http://link.zhihu.com/?target=https://item.taobao.com/item.htm?id=548188714604 cmp=com.android.browser/.BrowserActivity (has extras)} from uid 10054 on display 0
04-14 21:34:21.716   710 17354 I ActivityManager: START u0 {act=android.intent.action.VIEW dat=http://link.zhihu.com/?target=https://item.taobao.com/item.htm?id=548188714604 cmp=com.android.browser/.BrowserActivity (has extras)} from uid 10054 on display 0
04-14 21:34:23.325   710   792 I ActivityManager: START u0 {act=android.intent.action.VIEW dat=http://link.zhihu.com/?target=https://item.taobao.com/item.htm?id=548188714604 cmp=com.android.browser/.BrowserActivity (has extras)} from uid 10054 on display 0
04-14 21:34:27.273   710   817 D ConnectivityService: updateNetworkScore for NetworkAgentInfo [WIFI () - 101] to 55
04-14 21:34:27.273   710   817 D ConnectivityService: rematching NetworkAgentInfo [WIFI () - 101]
04-14 21:34:27.274   710   817 D ConnectivityService: Network NetworkAgentInfo [WIFI () - 101] was already satisfying request 1. No change.
04-14 21:34:27.274   710   817 D ConnectivityService: notifyType AVAILABLE for NetworkAgentInfo [WIFI () - 101]
04-14 21:34:37.173   710   817 D ConnectivityService: updateNetworkScore for NetworkAgentInfo [WIFI () - 101] to 56
04-14 21:34:37.173   710   817 D ConnectivityService: rematching NetworkAgentInfo [WIFI () - 101]
04-14 21:34:37.173   710   817 D ConnectivityService: Network NetworkAgentInfo [WIFI () - 101] was already satisfying request 1. No change.
04-14 21:34:37.174   710   817 D ConnectivityService: notifyType AVAILABLE for NetworkAgentInfo [WIFI () - 101]
04-14 21:34:56.425   874   874 W ViewRootImpl: Dropping event due to no window focus: KeyEvent { action=ACTION_DOWN, keyCode=KEYCODE_MENU, scanCode=0, metaState=0, flags=0x8, repeatCount=0, eventTime=10527410, downTime=10527410, deviceId=-1, source=0x101 }
04-14 21:34:56.439   874   874 W ViewRootImpl: Cancelling event due to no window focus: KeyEvent { action=ACTION_UP, keyCode=KEYCODE_MENU, scanCode=0, metaState=0, flags=0x28, repeatCount=0, eventTime=10527412, downTime=10527412, deviceId=-1, source=0x101 }
04-14 21:34:56.439   874   874 W ViewRootImpl: Cancelling event due to no window focus: KeyEvent { action=ACTION_UP, keyCode=KEYCODE_MENU, scanCode=0, metaState=0, flags=0x28, repeatCount=0, eventTime=10527412, downTime=10527412, deviceId=-1, source=0x101 }
04-14 21:34:56.463   874   874 W ViewRootImpl: Cancelling event due to no window focus: KeyEvent { action=ACTION_UP, keyCode=KEYCODE_MENU, scanCode=0, metaState=0, flags=0x28, repeatCount=0, eventTime=10527412, downTime=10527412, deviceId=-1, source=0x101 }
04-14 21:34:56.463   874   874 W ViewRootImpl: Cancelling event due to no window focus: KeyEvent { action=ACTION_UP, keyCode=KEYCODE_MENU, scanCode=0, metaState=0, flags=0x28, repeatCount=0, eventTime=10527412, downTime=10527412, deviceId=-1, source=0x101 }
04-14 21:34:56.464   874   874 W ViewRootImpl: Cancelling event due to no window focus: KeyEvent { action=ACTION_UP, keyCode=KEYCODE_MENU, scanCode=0, metaState=0, flags=0x28, repeatCount=0, eventTime=10527412, downTime=10527412, deviceId=-1, source=0x101 }
04-14 21:34:56.464   874   874 W ViewRootImpl: Cancelling event due to no window focus: KeyEvent { action=ACTION_UP, keyCode=KEYCODE_MENU, scanCode=0, metaState=0, flags=0x28, repeatCount=0, eventTime=10527412, downTime=10527412, deviceId=-1, source=0x101 }
04-14 21:34:56.465   874   874 W ViewRootImpl: Cancelling event due to no window focus: KeyEvent { action=ACTION_UP, keyCode=KEYCODE_MENU, scanCode=0, metaState=0, flags=0x28, repeatCount=0, eventTime=10527412, downTime=10527412, deviceId=-1, source=0x101 }
04-14 21:34:56.465   874   874 W ViewRootImpl: Cancelling event due to no window focus: KeyEvent { action=ACTION_UP, keyCode=KEYCODE_MENU, scanCode=0, metaState=0, flags=0x28, repeatCount=0, eventTime=10527412, downTime=10527412, deviceId=-1, source=0x101 }
04-14 21:34:56.466   874   874 W ViewRootImpl: Cancelling event due to no window focus: KeyEvent { action=ACTION_UP, keyCode=KEYCODE_MENU, scanCode=0, metaState=0, flags=0x28, repeatCount=0, eventTime=10527412, downTime=10527412, deviceId=-1, source=0x101 }
04-14 21:34:58.856   710 31134 I ActivityManager: START u0 {act=android.intent.action.MAIN cat=[android.intent.category.LAUNCHER] flg=0x10200000 cmp=com.zhihu.android/.app.ui.activity.MainActivity} from uid 0 on display 0
04-14 21:35:01.623  2121  2121 W ViewRootImpl: Dropping event due to no window focus: KeyEvent { action=ACTION_DOWN, keyCode=KEYCODE_DPAD_CENTER, scanCode=0, metaState=0, flags=0x8, repeatCount=0, eventTime=10533404, downTime=10533404, deviceId=-1, source=0x101 }
04-14 21:35:01.663  2121  2121 W ViewRootImpl: Cancelling event due to no window focus: KeyEvent { action=ACTION_UP, keyCode=KEYCODE_DPAD_CENTER, scanCode=0, metaState=0, flags=0x28, repeatCount=0, eventTime=10533411, downTime=10533411, deviceId=-1, source=0x101 }
04-14 21:35:01.664  2121  2121 W ViewRootImpl: Cancelling event due to no window focus: KeyEvent { action=ACTION_UP, keyCode=KEYCODE_DPAD_CENTER, scanCode=0, metaState=0, flags=0x28, repeatCount=0, eventTime=10533411, downTime=10533411, deviceId=-1, source=0x101 }
04-14 21:35:01.665  2121  2121 W ViewRootImpl: Cancelling event due to no window focus: KeyEvent { action=ACTION_UP, keyCode=KEYCODE_DPAD_CENTER, scanCode=0, metaState=0, flags=0x28, repeatCount=0, eventTime=10533411, downTime=10533411, deviceId=-1, source=0x101 }
04-14 21:35:01.703   710 31134 W InputMethodManagerService: Window already focused, ignoring focus gain of: com.android.internal.view.IInputMethodClient$Stub$Proxy@3e71584d attribute=null, token = android.os.BinderProxy@2be4c63b
04-14 21:35:04.713   710 22212 I ActivityManager: START u0 {act=android.intent.action.MAIN cat=[android.intent.category.LAUNCHER] flg=0x10200000 cmp=com.zhihu.android/.app.ui.activity.MainActivity} from uid 0 on display 0
04-14 21:36:01.197   710 31134 I ActivityManager: START u0 {act=android.intent.action.MAIN cat=[android.intent.category.LAUNCHER] flg=0x10200000 cmp=com.zhihu.android/.app.ui.activity.MainActivity} from uid 0 on display 0
04-14 21:36:13.730   710  1226 I ActivityManager: START u0 {act=android.intent.action.VIEW dat=http://link.zhihu.com/?target=https://item.taobao.com/item.htm?id=548188714604 cmp=com.android.browser/.BrowserActivity (has extras)} from uid 10054 on display 0
04-14 21:36:14.779   710 22212 I ActivityManager: START u0 {act=android.intent.action.VIEW dat=http://link.zhihu.com/?target=https://item.taobao.com/item.htm?id=548188714604 cmp=com.android.browser/.BrowserActivity (has extras)} from uid 10054 on display 0
04-14 21:36:16.782   710 22212 I ActivityManager: START u0 {act=android.intent.action.VIEW dat=http://link.zhihu.com/?target=https://item.taobao.com/item.htm?id=548188714604 cmp=com.android.browser/.BrowserActivity (has extras)} from uid 10054 on display 0
04-14 21:36:26.534   710 17348 I ActivityManager: START u0 {act=android.intent.action.VIEW dat=http://link.zhihu.com/?target=https://item.taobao.com/item.htm?id=548188714604 cmp=com.android.browser/.BrowserActivity (has extras)} from uid 10054 on display 0
04-14 21:36:44.368   710 22193 I ActivityManager: START u0 {act=android.intent.action.VIEW dat=http://link.zhihu.com/?target=https://item.taobao.com/item.htm?id=548188714604 cmp=com.android.browser/.BrowserActivity (has extras)} from uid 10054 on display 0
04-14 21:37:37.820   710   817 D ConnectivityService: updateNetworkScore for NetworkAgentInfo [WIFI () - 101] to 55
04-14 21:37:37.820   710   817 D ConnectivityService: rematching NetworkAgentInfo [WIFI () - 101]
04-14 21:37:37.820   710   817 D ConnectivityService: Network NetworkAgentInfo [WIFI () - 101] was already satisfying request 1. No change.
04-14 21:37:37.821   710   817 D ConnectivityService: notifyType AVAILABLE for NetworkAgentInfo [WIFI () - 101]
04-14 21:37:41.192   710   817 D ConnectivityService: updateNetworkScore for NetworkAgentInfo [WIFI () - 101] to 56
04-14 21:37:41.193   710   817 D ConnectivityService: rematching NetworkAgentInfo [WIFI () - 101]
04-14 21:37:41.193   710   817 D ConnectivityService: Network NetworkAgentInfo [WIFI () - 101] was already satisfying request 1. No change.
04-14 21:37:41.193   710   817 D ConnectivityService: notifyType AVAILABLE for NetworkAgentInfo [WIFI () - 101]
04-14 21:37:50.828   710 14890 I ActivityManager: START u0 {act=android.intent.action.MAIN cat=[android.intent.category.LAUNCHER] flg=0x10200000 cmp=com.zhihu.android/.app.ui.activity.MainActivity} from uid 0 on display 0
04-14 21:37:53.095  2121  2121 W ViewRootImpl: Cancelling event due to no window focus: KeyEvent { action=ACTION_UP, keyCode=KEYCODE_DPAD_UP, scanCode=0, metaState=0, flags=0x80000028, repeatCount=0, eventTime=10705075, downTime=10705075, deviceId=-1, source=0x101 }
04-14 21:37:53.095  2121  2121 W ViewRootImpl: Cancelling event due to no window focus: KeyEvent { action=ACTION_UP, keyCode=KEYCODE_DPAD_UP, scanCode=0, metaState=0, flags=0x80000028, repeatCount=0, eventTime=10705075, downTime=10705075, deviceId=-1, source=0x101 }
04-14 21:37:53.096  2121  2121 W ViewRootImpl: Cancelling event due to no window focus: KeyEvent { action=ACTION_UP, keyCode=KEYCODE_DPAD_UP, scanCode=0, metaState=0, flags=0x80000028, repeatCount=0, eventTime=10705075, downTime=10705075, deviceId=-1, source=0x101 }
04-14 21:37:53.179   710   937 W InputMethodManagerService: Window already focused, ignoring focus gain of: com.android.internal.view.IInputMethodClient$Stub$Proxy@a5b5614 attribute=null, token = android.os.BinderProxy@2be4c63b
04-14 21:38:01.216   710  1226 W ProcessCpuTracker: Skipping unknown process pid 29239
04-14 21:38:17.672   710   817 D ConnectivityService: updateNetworkScore for NetworkAgentInfo [WIFI () - 101] to 55
04-14 21:38:17.672   710   817 D ConnectivityService: rematching NetworkAgentInfo [WIFI () - 101]
04-14 21:38:17.673   710   817 D ConnectivityService: Network NetworkAgentInfo [WIFI () - 101] was already satisfying request 1. No change.
04-14 21:38:17.673   710   817 D ConnectivityService: notifyType AVAILABLE for NetworkAgentInfo [WIFI () - 101]
04-14 21:38:24.298   710   817 D ConnectivityService: updateNetworkScore for NetworkAgentInfo [WIFI () - 101] to 56
04-14 21:38:24.298   710   817 D ConnectivityService: rematching NetworkAgentInfo [WIFI () - 101]
04-14 21:38:24.299   710   817 D ConnectivityService: Network NetworkAgentInfo [WIFI () - 101] was already satisfying request 1. No change.
04-14 21:38:24.299   710   817 D ConnectivityService: notifyType AVAILABLE for NetworkAgentInfo [WIFI () - 101]
04-14 21:38:33.861   710   792 W InputMethodManagerService: Window already focused, ignoring focus gain of: com.android.internal.view.IInputMethodClient$Stub$Proxy@32a1bf80 attribute=null, token = android.os.BinderProxy@2be4c63b
04-14 21:38:44.795   710 31134 I ActivityManager: START u0 {act=android.intent.action.MAIN cat=[android.intent.category.LAUNCHER] flg=0x10200000 cmp=com.zhihu.android/.app.ui.activity.MainActivity} from uid 0 on display 0
04-14 21:39:45.519   710   710 I EntropyMixer: Added HW RNG output to entropy pool
04-14 21:39:45.519   710   710 I EntropyMixer: Writing entropy...
04-14 21:40:00.274   710 14890 W InputMethodManagerService: Window already focused, ignoring focus gain of: com.android.internal.view.IInputMethodClient$Stub$Proxy@150a6c44 attribute=null, token = android.os.BinderProxy@2be4c63b
04-14 21:40:08.406   710 14890 W ProcessCpuTracker: Skipping unknown process pid 29771
04-14 21:40:13.550   710   796 I WindowManager: Input event dispatching timed out sending to com.zhihu.android/com.zhihu.android.app.ui.activity.MainActivity.  Reason: Waiting to send key event because the focused window has not finished processing all of the input events that were previously delivered to it.  Outbound queue length: 0.  Wait queue length: 1.
04-14 21:40:13.809   710 31134 W InputManager: Input event injection from pid 4987 timed out.
04-14 21:40:14.002   710   775 I ActivityManager: Skipping duplicate ANR: ProcessRecord{32e7fd79 2121:com.zhihu.android/u0a54} Input dispatching timed out (Waiting to send key event because the focused window has not finished processing all of the input events that were previously delivered to it.  Outbound queue length: 0.  Wait queue length: 1.)
04-14 21:40:31.145   710 14903 I ActivityManager: START u0 {act=android.intent.action.MAIN cat=[android.intent.category.LAUNCHER] flg=0x10200000 cmp=com.zhihu.android/.app.ui.activity.MainActivity} from uid 0 on display 0
04-14 21:40:54.760   710 22193 I ActivityManager: START u0 {act=android.intent.action.MAIN cat=[android.intent.category.LAUNCHER] flg=0x10200000 cmp=com.zhihu.android/.app.ui.activity.MainActivity} from uid 0 on display 0
04-14 21:40:54.965   710   775 I ProcessStatsService: Prepared write state in 160ms
04-14 21:41:03.615   710   796 I WindowManager: Input event dispatching timed out sending to com.zhihu.android/com.zhihu.android.app.ui.activity.MainActivity.  Reason: Waiting to send key event because the focused window has not finished processing all of the input events that were previously delivered to it.  Outbound queue length: 0.  Wait queue length: 1.
04-14 21:41:03.770   710  1252 W InputManager: Input event injection from pid 4987 timed out.
04-14 21:41:03.868   710   775 I ActivityManager: Skipping duplicate ANR: ProcessRecord{32e7fd79 2121:com.zhihu.android/u0a54} Input dispatching timed out (Waiting to send key event because the focused window has not finished processing all of the input events that were previously delivered to it.  Outbound queue length: 0.  Wait queue length: 1.)
04-14 21:41:16.003   710   775 W ProcessCpuTracker: Skipping unknown process pid 14467
04-14 21:41:30.173   710  1184 W InputMethodManagerService: Window already focused, ignoring focus gain of: com.android.internal.view.IInputMethodClient$Stub$Proxy@a78ffdc attribute=null, token = android.os.BinderProxy@2be4c63b
04-14 21:43:45.388   710   792 W ProcessCpuTracker: Skipping unknown process pid 18991
04-14 21:43:54.407   710 31134 W ProcessCpuTracker: Skipping unknown process pid 21235
04-14 21:44:46.423   710  1184 W ProcessCpuTracker: Skipping unknown process pid 1952
04-14 21:45:07.845   710 22193 W InputMethodManagerService: Window already focused, ignoring focus gain of: com.android.internal.view.IInputMethodClient$Stub$Proxy@33a2fde0 attribute=null, token = android.os.BinderProxy@2be4c63b
04-14 21:45:49.421   710   937 W InputMethodManagerService: Window already focused, ignoring focus gain of: com.android.internal.view.IInputMethodClient$Stub$Proxy@21008899 attribute=null, token = android.os.BinderProxy@2be4c63b
04-14 21:46:10.873   710  1184 I ActivityManager: START u0 {act=android.intent.action.VIEW dat=http://link.zhihu.com/?target=https://item.taobao.com/item.htm?id=548188714604 cmp=com.android.browser/.BrowserActivity (has extras)} from uid 10054 on display 0
04-14 21:46:14.670   710   937 I ActivityManager: START u0 {act=android.intent.action.VIEW dat=http://link.zhihu.com/?target=https://item.taobao.com/item.htm?id=548188714604 cmp=com.android.browser/.BrowserActivity (has extras)} from uid 10054 on display 0
04-14 21:46:19.109   874   874 W ViewRootImpl: Cancelling event due to no window focus: KeyEvent { action=ACTION_UP, keyCode=KEYCODE_DPAD_UP, scanCode=0, metaState=0, flags=0x80000028, repeatCount=0, eventTime=11209993, downTime=11209993, deviceId=-1, source=0x101 }
04-14 21:46:19.165   874   874 W ViewRootImpl: Cancelling event due to no window focus: KeyEvent { action=ACTION_UP, keyCode=KEYCODE_DPAD_UP, scanCode=0, metaState=0, flags=0x80000028, repeatCount=0, eventTime=11209993, downTime=11209993, deviceId=-1, source=0x101 }
04-14 21:46:19.166   874   874 W ViewRootImpl: Cancelling event due to no window focus: KeyEvent { action=ACTION_UP, keyCode=KEYCODE_DPAD_UP, scanCode=0, metaState=0, flags=0x80000028, repeatCount=0, eventTime=11209993, downTime=11209993, deviceId=-1, source=0x101 }
04-14 21:46:19.177   874   874 W ViewRootImpl: Cancelling event due to no window focus: KeyEvent { action=ACTION_UP, keyCode=KEYCODE_DPAD_UP, scanCode=0, metaState=0, flags=0x80000028, repeatCount=0, eventTime=11209993, downTime=11209993, deviceId=-1, source=0x101 }
04-14 21:46:19.216   874   874 W ViewRootImpl: Cancelling event due to no window focus: KeyEvent { action=ACTION_UP, keyCode=KEYCODE_DPAD_UP, scanCode=0, metaState=0, flags=0x80000028, repeatCount=0, eventTime=11209993, downTime=11209993, deviceId=-1, source=0x101 }
04-14 21:46:19.217   874   874 W ViewRootImpl: Cancelling event due to no window focus: KeyEvent { action=ACTION_UP, keyCode=KEYCODE_DPAD_UP, scanCode=0, metaState=0, flags=0x80000028, repeatCount=0, eventTime=11209993, downTime=11209993, deviceId=-1, source=0x101 }
04-14 21:46:19.251   874   874 W ViewRootImpl: Cancelling event due to no window focus: KeyEvent { action=ACTION_UP, keyCode=KEYCODE_DPAD_UP, scanCode=0, metaState=0, flags=0x80000028, repeatCount=0, eventTime=11209993, downTime=11209993, deviceId=-1, source=0x101 }
04-14 21:46:19.252   874   874 W ViewRootImpl: Cancelling event due to no window focus: KeyEvent { action=ACTION_UP, keyCode=KEYCODE_DPAD_UP, scanCode=0, metaState=0, flags=0x80000028, repeatCount=0, eventTime=11209993, downTime=11209993, deviceId=-1, source=0x101 }
04-14 21:46:19.298   874   874 W ViewRootImpl: Cancelling event due to no window focus: KeyEvent { action=ACTION_UP, keyCode=KEYCODE_DPAD_UP, scanCode=0, metaState=0, flags=0x80000028, repeatCount=0, eventTime=11209993, downTime=11209993, deviceId=-1, source=0x101 }
04-14 21:46:19.459  2121  2121 W ViewRootImpl: Dropping event due to no window focus: KeyEvent { action=ACTION_DOWN, keyCode=KEYCODE_DPAD_UP, scanCode=0, metaState=0, flags=0x8, repeatCount=0, eventTime=11209989, downTime=11209989, deviceId=-1, source=0x101 }
04-14 21:46:19.751  2121  2121 W ViewRootImpl: Cancelling event due to no window focus: KeyEvent { action=ACTION_UP, keyCode=KEYCODE_DPAD_UP, scanCode=0, metaState=0, flags=0x28, repeatCount=0, eventTime=11210843, downTime=11209989, deviceId=-1, source=0x101 }
04-14 21:46:19.751  2121  2121 W ViewRootImpl: Cancelling event due to no window focus: KeyEvent { action=ACTION_UP, keyCode=KEYCODE_DPAD_UP, scanCode=0, metaState=0, flags=0x28, repeatCount=0, eventTime=11210843, downTime=11209989, deviceId=-1, source=0x101 }
04-14 21:46:19.752  2121  2121 W ViewRootImpl: Cancelling event due to no window focus: KeyEvent { action=ACTION_UP, keyCode=KEYCODE_DPAD_UP, scanCode=0, metaState=0, flags=0x28, repeatCount=0, eventTime=11210843, downTime=11209989, deviceId=-1, source=0x101 }
04-14 21:46:20.694   710 22212 I ActivityManager: START u0 {act=zhihu.intent.action.OPEN_URL dat=zhihu://questions/25991256?utm_medium=promotion cmp=com.zhihu.android/.app.ui.activity.MainActivity (has extras)} from uid 10054 on display 0
04-14 21:46:20.707   710 22212 W ActivityManager: startActivity called from non-Activity context; forcing Intent.FLAG_ACTIVITY_NEW_TASK for: Intent { act=zhihu.intent.action.OPEN_URL dat=zhihu://questions/25991256?utm_medium=promotion cmp=com.zhihu.android/.app.ui.activity.MainActivity (has extras) }
04-14 21:46:21.013  2121  2121 W ViewRootImpl: Cancelling event due to no window focus: KeyEvent { action=ACTION_UP, keyCode=KEYCODE_DPAD_UP, scanCode=0, metaState=0, flags=0x80000028, repeatCount=0, eventTime=11212892, downTime=11212892, deviceId=-1, source=0x101 }
04-14 21:46:21.013  2121  2121 W ViewRootImpl: Cancelling event due to no window focus: KeyEvent { action=ACTION_UP, keyCode=KEYCODE_DPAD_UP, scanCode=0, metaState=0, flags=0x80000028, repeatCount=0, eventTime=11212892, downTime=11212892, deviceId=-1, source=0x101 }
04-14 21:46:21.014  2121  2121 W ViewRootImpl: Cancelling event due to no window focus: KeyEvent { action=ACTION_UP, keyCode=KEYCODE_DPAD_UP, scanCode=0, metaState=0, flags=0x80000028, repeatCount=0, eventTime=11212892, downTime=11212892, deviceId=-1, source=0x101 }
04-14 21:46:21.015  2121  2121 W ViewRootImpl: Cancelling event due to no window focus: KeyEvent { action=ACTION_UP, keyCode=KEYCODE_DPAD_UP, scanCode=0, metaState=0, flags=0x80000028, repeatCount=0, eventTime=11210843, downTime=11209989, deviceId=-1, source=0x101 }
04-14 21:46:21.155  2121  2121 W ViewRootImpl: Cancelling event due to no window focus: KeyEvent { action=ACTION_UP, keyCode=KEYCODE_DPAD_UP, scanCode=0, metaState=0, flags=0x80000028, repeatCount=0, eventTime=11212892, downTime=11212892, deviceId=-1, source=0x101 }
04-14 21:46:21.156  2121  2121 W ViewRootImpl: Cancelling event due to no window focus: KeyEvent { action=ACTION_UP, keyCode=KEYCODE_DPAD_UP, scanCode=0, metaState=0, flags=0x80000028, repeatCount=0, eventTime=11212892, downTime=11212892, deviceId=-1, source=0x101 }
04-14 21:46:21.156  2121  2121 W ViewRootImpl: Cancelling event due to no window focus: KeyEvent { action=ACTION_UP, keyCode=KEYCODE_DPAD_UP, scanCode=0, metaState=0, flags=0x80000028, repeatCount=0, eventTime=11212892, downTime=11212892, deviceId=-1, source=0x101 }
04-14 21:46:21.257   710 22212 W InputMethodManagerService: Window already focused, ignoring focus gain of: com.android.internal.view.IInputMethodClient$Stub$Proxy@2c6f2b6a attribute=null, token = android.os.BinderProxy@2be4c63b
04-14 21:47:14.154   710   775 W ProcessCpuTracker: Skipping unknown process pid 6400
04-14 21:47:14.155   710   775 W ProcessCpuTracker: Skipping unknown process pid 6401
04-14 21:47:14.300   710   775 W ProcessCpuTracker: Skipping unknown process pid 6402
04-14 21:47:49.332   710   796 I ActivityManager: START u0 {act=android.intent.action.MAIN cat=[android.intent.category.LAUNCHER] flg=0x10000000 cmp=com.android.email/.activity.Welcome sel=act=android.intent.action.MAIN cat=[android.intent.category.APP_EMAIL]}} from uid 1000 on display 0
04-14 21:47:52.673   710   792 I ActivityManager: START u0 {act=android.intent.action.MAIN cat=[android.intent.category.LAUNCHER] flg=0x10200000 cmp=com.zhihu.android/.app.ui.activity.MainActivity} from uid 0 on display 0
04-14 21:48:02.748   710   937 W ProcessCpuTracker: Skipping unknown process pid 16745
04-14 21:48:20.122   710   726 W ProcessCpuTracker: Skipping unknown process pid 22537
04-14 21:49:26.656   710   937 W ProcessCpuTracker: Skipping unknown process pid 6898
04-14 21:49:33.075   710   796 I WindowManager: Input event dispatching timed out sending to com.zhihu.android/com.zhihu.android.app.ui.activity.MainActivity.  Reason: Waiting to send key event because the focused window has not finished processing all of the input events that were previously delivered to it.  Outbound queue length: 0.  Wait queue length: 1.
04-14 21:49:33.272   710   937 W InputManager: Input event injection from pid 4987 timed out.
04-14 21:49:33.411   710   775 I ActivityManager: Skipping duplicate ANR: ProcessRecord{32e7fd79 2121:com.zhihu.android/u0a54} Input dispatching timed out (Waiting to send key event because the focused window has not finished processing all of the input events that were previously delivered to it.  Outbound queue length: 0.  Wait queue length: 1.)
04-14 21:50:14.081   710   796 I WindowManager: Input event dispatching timed out sending to com.zhihu.android/com.zhihu.android.app.ui.activity.MainActivity.  Reason: Waiting to send key event because the focused window has not finished processing all of the input events that were previously delivered to it.  Outbound queue length: 0.  Wait queue length: 1.
04-14 21:50:14.244   710 17354 W InputManager: Input event injection from pid 4987 timed out.
04-14 21:50:15.081   710   775 I ActivityManager: Skipping duplicate ANR: ProcessRecord{32e7fd79 2121:com.zhihu.android/u0a54} Input dispatching timed out (Waiting to send key event because the focused window has not finished processing all of the input events that were previously delivered to it.  Outbound queue length: 0.  Wait queue length: 1.)
04-14 21:50:21.079   710   796 I WindowManager: Input event dispatching timed out sending to com.zhihu.android/com.zhihu.android.app.ui.activity.MainActivity.  Reason: Waiting to send key event because the focused window has not finished processing all of the input events that were previously delivered to it.  Outbound queue length: 0.  Wait queue length: 2.
04-14 21:50:21.204   710 22212 W InputManager: Input event injection from pid 4987 timed out.
04-14 21:50:23.109   710   775 W ProcessCpuTracker: Skipping unknown process pid 20710
04-14 21:50:23.176   710   775 I ActivityManager: Skipping duplicate ANR: ProcessRecord{32e7fd79 2121:com.zhihu.android/u0a54} Input dispatching timed out (Waiting to send key event because the focused window has not finished processing all of the input events that were previously delivered to it.  Outbound queue length: 0.  Wait queue length: 2.)
04-14 21:50:33.915   710   796 I WindowManager: Input event dispatching timed out sending to com.zhihu.android/com.zhihu.android.app.ui.activity.MainActivity.  Reason: Waiting to send key event because the focused window has not finished processing all of the input events that were previously delivered to it.  Outbound queue length: 0.  Wait queue length: 1.
04-14 21:50:34.218   710   792 W InputManager: Input event injection from pid 4987 timed out.
04-14 21:50:34.397   710   775 I ActivityManager: Skipping duplicate ANR: ProcessRecord{32e7fd79 2121:com.zhihu.android/u0a54} Input dispatching timed out (Waiting to send key event because the focused window has not finished processing all of the input events that were previously delivered to it.  Outbound queue length: 0.  Wait queue length: 1.)
04-14 21:50:40.251   710   796 I WindowManager: Input event dispatching timed out sending to com.zhihu.android/com.zhihu.android.app.ui.activity.MainActivity.  Reason: Waiting to send key event because the focused window has not finished processing all of the input events that were previously delivered to it.  Outbound queue length: 0.  Wait queue length: 2.
04-14 21:50:44.270   710 17348 W ProcessCpuTracker: Skipping unknown process pid 25760
04-14 21:50:44.320   710 17348 W ProcessCpuTracker: Skipping unknown process pid 25761
04-14 21:50:44.325   710 17348 W ProcessCpuTracker: Skipping unknown process pid 25762
04-14 21:50:44.326   710 17348 W ProcessCpuTracker: Skipping unknown process pid 25763
04-14 21:50:47.115   710   775 I ActivityManager: Skipping duplicate ANR: ProcessRecord{32e7fd79 2121:com.zhihu.android/u0a54} Input dispatching timed out (Waiting to send key event because the focused window has not finished processing all of the input events that were previously delivered to it.  Outbound queue length: 0.  Wait queue length: 2.)
04-14 21:50:49.938   710   937 I ActivityManager: START u0 {act=android.intent.action.MAIN cat=[android.intent.category.LAUNCHER] flg=0x10200000 cmp=com.zhihu.android/.app.ui.activity.MainActivity} from uid 0 on display 0
04-14 21:50:53.076   874   874 W ViewRootImpl: Dropping event due to no window focus: MotionEvent { action=ACTION_MOVE, id[0]=0, x[0]=-3.0, y[0]=2.0, toolType[0]=TOOL_TYPE_UNKNOWN, buttonState=0, metaState=0, flags=0x0, edgeFlags=0x0, pointerCount=1, historySize=9, eventTime=11484601, downTime=-1, deviceId=0, source=0x10004 }
04-14 21:50:53.097   874   874 W ViewRootImpl: Dropping event due to no window focus: KeyEvent { action=ACTION_DOWN, keyCode=KEYCODE_I, scanCode=0, metaState=0, flags=0x8, repeatCount=0, eventTime=11484602, downTime=11484602, deviceId=-1, source=0x101 }
04-14 21:50:53.108   874   874 W ViewRootImpl: Cancelling event due to no window focus: KeyEvent { action=ACTION_UP, keyCode=KEYCODE_I, scanCode=0, metaState=0, flags=0x28, repeatCount=0, eventTime=11485167, downTime=11485167, deviceId=-1, source=0x101 }
04-14 21:50:53.108   874   874 W ViewRootImpl: Cancelling event due to no window focus: KeyEvent { action=ACTION_UP, keyCode=KEYCODE_I, scanCode=0, metaState=0, flags=0x28, repeatCount=0, eventTime=11485167, downTime=11485167, deviceId=-1, source=0x101 }
04-14 21:50:53.109   874   874 W ViewRootImpl: Cancelling event due to no window focus: KeyEvent { action=ACTION_UP, keyCode=KEYCODE_I, scanCode=0, metaState=0, flags=0x28, repeatCount=0, eventTime=11485167, downTime=11485167, deviceId=-1, source=0x101 }
04-14 21:50:53.109   874   874 W ViewRootImpl: Cancelling event due to no window focus: KeyEvent { action=ACTION_UP, keyCode=KEYCODE_I, scanCode=0, metaState=0, flags=0x28, repeatCount=0, eventTime=11485167, downTime=11485167, deviceId=-1, source=0x101 }
04-14 21:50:53.177   874   874 W ViewRootImpl: Cancelling event due to no window focus: KeyEvent { action=ACTION_UP, keyCode=KEYCODE_I, scanCode=0, metaState=0, flags=0x28, repeatCount=0, eventTime=11485167, downTime=11485167, deviceId=-1, source=0x101 }
04-14 21:50:53.178   874   874 W ViewRootImpl: Cancelling event due to no window focus: KeyEvent { action=ACTION_UP, keyCode=KEYCODE_I, scanCode=0, metaState=0, flags=0x28, repeatCount=0, eventTime=11485167, downTime=11485167, deviceId=-1, source=0x101 }
04-14 21:50:53.244   874   874 W ViewRootImpl: Cancelling event due to no window focus: KeyEvent { action=ACTION_UP, keyCode=KEYCODE_I, scanCode=0, metaState=0, flags=0x80000028, repeatCount=0, eventTime=11485167, downTime=11485167, deviceId=-1, source=0x101 }
04-14 21:50:53.245   874   874 W ViewRootImpl: Cancelling event due to no window focus: KeyEvent { action=ACTION_UP, keyCode=KEYCODE_I, scanCode=0, metaState=0, flags=0x80000028, repeatCount=0, eventTime=11485167, downTime=11485167, deviceId=-1, source=0x101 }
04-14 21:50:53.245   874   874 W ViewRootImpl: Cancelling event due to no window focus: KeyEvent { action=ACTION_UP, keyCode=KEYCODE_I, scanCode=0, metaState=0, flags=0x80000028, repeatCount=0, eventTime=11485167, downTime=11485167, deviceId=-1, source=0x101 }
04-14 21:50:55.970  2121  2121 W ViewRootImpl: Dropping event due to no window focus: MotionEvent { action=ACTION_MOVE, id[0]=0, x[0]=2.0, y[0]=1.0, toolType[0]=TOOL_TYPE_UNKNOWN, buttonState=0, metaState=0, flags=0x0, edgeFlags=0x0, pointerCount=1, historySize=10, eventTime=11483109, downTime=-1, deviceId=0, source=0x10004 }
04-14 21:50:56.004  2121  2121 W ViewRootImpl: Dropping event due to no window focus: MotionEvent { action=ACTION_MOVE, id[0]=0, x[0]=3.0, y[0]=-5.0, toolType[0]=TOOL_TYPE_UNKNOWN, buttonState=0, metaState=0, flags=0x0, edgeFlags=0x0, pointerCount=1, historySize=4, eventTime=11483276, downTime=-1, deviceId=0, source=0x10004 }
04-14 21:50:56.013  2121  2121 W ViewRootImpl: Dropping event due to no window focus: MotionEvent { action=ACTION_MOVE, id[0]=0, x[0]=3.0, y[0]=4.0, toolType[0]=TOOL_TYPE_UNKNOWN, buttonState=0, metaState=0, flags=0x0, edgeFlags=0x0, pointerCount=1, historySize=3, eventTime=11483371, downTime=-1, deviceId=0, source=0x10004 }
04-14 21:50:58.138  2121  2121 W ViewRootImpl: Dropping event due to no window focus: KeyEvent { action=ACTION_DOWN, keyCode=KEYCODE_DPAD_DOWN, scanCode=0, metaState=0, flags=0x8, repeatCount=0, eventTime=11489933, downTime=11489933, deviceId=-1, source=0x101 }
04-14 21:50:58.149  2121  2121 W ViewRootImpl: Cancelling event due to no window focus: KeyEvent { action=ACTION_UP, keyCode=KEYCODE_DPAD_DOWN, scanCode=0, metaState=0, flags=0x28, repeatCount=0, eventTime=11489936, downTime=11489936, deviceId=-1, source=0x101 }
04-14 21:50:58.150  2121  2121 W ViewRootImpl: Cancelling event due to no window focus: KeyEvent { action=ACTION_UP, keyCode=KEYCODE_DPAD_DOWN, scanCode=0, metaState=0, flags=0x28, repeatCount=0, eventTime=11489936, downTime=11489936, deviceId=-1, source=0x101 }
04-14 21:50:58.150  2121  2121 W ViewRootImpl: Cancelling event due to no window focus: KeyEvent { action=ACTION_UP, keyCode=KEYCODE_DPAD_DOWN, scanCode=0, metaState=0, flags=0x28, repeatCount=0, eventTime=11489936, downTime=11489936, deviceId=-1, source=0x101 }
04-14 21:50:58.399   710 17348 W InputMethodManagerService: Window already focused, ignoring focus gain of: com.android.internal.view.IInputMethodClient$Stub$Proxy@12de9a0d attribute=null, token = android.os.BinderProxy@2be4c63b
04-14 21:51:04.147   710   796 I WindowManager: Input event dispatching timed out sending to com.zhihu.android/com.zhihu.android.app.ui.activity.MainActivity.  Reason: Waiting to send non-key event because the touched window has not finished processing certain input events that were delivered to it over 500.0ms ago.  Wait queue length: 1.  Wait queue head age: 6007.1ms.
04-14 21:51:04.494   710 17354 W InputManager: Input event injection from pid 4987 timed out.
04-14 21:51:04.500   710 17354 W InputManager: Input event injection from pid 4987 failed.
04-14 21:51:04.509   710 17354 W InputManager: Input event injection from pid 4987 failed.
04-14 21:51:04.515   710 17354 W InputManager: Input event injection from pid 4987 failed.
04-14 21:51:04.520   710 17354 W InputManager: Input event injection from pid 4987 failed.
04-14 21:51:04.526   710 17354 W InputManager: Input event injection from pid 4987 failed.
04-14 21:51:04.946   710   775 I ActivityManager: Skipping duplicate ANR: ProcessRecord{32e7fd79 2121:com.zhihu.android/u0a54} Input dispatching timed out (Waiting to send non-key event because the touched window has not finished processing certain input events that were delivered to it over 500.0ms ago.  Wait queue length: 1.  Wait queue head age: 6007.1ms.)
04-14 21:51:18.977   710   796 I WindowManager: Input event dispatching timed out sending to com.zhihu.android/com.zhihu.android.app.ui.activity.MainActivity.  Reason: Waiting to send key event because the focused window has not finished processing all of the input events that were previously delivered to it.  Outbound queue length: 0.  Wait queue length: 1.
04-14 21:51:19.190   710   775 I ActivityManager: Skipping duplicate ANR: ProcessRecord{32e7fd79 2121:com.zhihu.android/u0a54} Input dispatching timed out (Waiting to send key event because the focused window has not finished processing all of the input events that were previously delivered to it.  Outbound queue length: 0.  Wait queue length: 1.)
04-14 21:51:19.200   710 14903 W InputManager: Input event injection from pid 4987 timed out.
04-14 21:51:25.210   710   796 I WindowManager: Input event dispatching timed out sending to com.zhihu.android/com.zhihu.android.app.ui.activity.MainActivity.  Reason: Waiting to send key event because the focused window has not finished processing all of the input events that were previously delivered to it.  Outbound queue length: 0.  Wait queue length: 2.
04-14 21:51:25.463   710   937 W InputManager: Input event injection from pid 4987 timed out.
04-14 21:51:25.475   710   775 I ActivityManager: Skipping duplicate ANR: ProcessRecord{32e7fd79 2121:com.zhihu.android/u0a54} Input dispatching timed out (Waiting to send key event because the focused window has not finished processing all of the input events that were previously delivered to it.  Outbound queue length: 0.  Wait queue length: 2.)
04-14 21:51:30.498   710   796 I WindowManager: Input event dispatching timed out sending to com.zhihu.android/com.zhihu.android.app.ui.activity.MainActivity.  Reason: Waiting to send key event because the focused window has not finished processing all of the input events that were previously delivered to it.  Outbound queue length: 0.  Wait queue length: 2.
04-14 21:51:30.756   710 14890 W InputManager: Input event injection from pid 4987 timed out.
04-14 21:51:32.206   710   775 I ActivityManager: Skipping duplicate ANR: ProcessRecord{32e7fd79 2121:com.zhihu.android/u0a54} Input dispatching timed out (Waiting to send key event because the focused window has not finished processing all of the input events that were previously delivered to it.  Outbound queue length: 0.  Wait queue length: 2.)
04-14 21:51:36.766   710   796 I WindowManager: Input event dispatching timed out sending to com.zhihu.android/com.zhihu.android.app.ui.activity.MainActivity.  Reason: Waiting to send key event because the focused window has not finished processing all of the input events that were previously delivered to it.  Outbound queue length: 0.  Wait queue length: 2.
04-14 21:51:36.881   710 14890 W InputManager: Input event injection from pid 4987 timed out.
04-14 21:51:37.844   710   775 I ActivityManager: Skipping duplicate ANR: ProcessRecord{32e7fd79 2121:com.zhihu.android/u0a54} Input dispatching timed out (Waiting to send key event because the focused window has not finished processing all of the input events that were previously delivered to it.  Outbound queue length: 0.  Wait queue length: 2.)
04-14 21:51:40.650   710   817 D ConnectivityService: updateNetworkScore for NetworkAgentInfo [WIFI () - 101] to 55
04-14 21:51:40.650   710   817 D ConnectivityService: rematching NetworkAgentInfo [WIFI () - 101]
04-14 21:51:40.651   710   817 D ConnectivityService: Network NetworkAgentInfo [WIFI () - 101] was already satisfying request 1. No change.
04-14 21:51:40.651   710   817 D ConnectivityService: notifyType AVAILABLE for NetworkAgentInfo [WIFI () - 101]
04-14 21:51:44.763   710   775 W ProcessCpuTracker: Skipping unknown process pid 8592
04-14 21:51:45.002   710   796 I WindowManager: Input event dispatching timed out sending to com.zhihu.android/com.zhihu.android.app.ui.activity.MainActivity.  Reason: Waiting to send key event because the focused window has not finished processing all of the input events that were previously delivered to it.  Outbound queue length: 0.  Wait queue length: 1.
04-14 21:51:45.260   710 31134 W InputManager: Input event injection from pid 4987 timed out.
04-14 21:51:45.353   710   775 I ActivityManager: Skipping duplicate ANR: ProcessRecord{32e7fd79 2121:com.zhihu.android/u0a54} Input dispatching timed out (Waiting to send key event because the focused window has not finished processing all of the input events that were previously delivered to it.  Outbound queue length: 0.  Wait queue length: 1.)
04-14 21:51:51.204   710   817 D ConnectivityService: updateNetworkScore for NetworkAgentInfo [WIFI () - 101] to 56
04-14 21:51:51.205   710   817 D ConnectivityService: rematching NetworkAgentInfo [WIFI () - 101]
04-14 21:51:51.205   710   817 D ConnectivityService: Network NetworkAgentInfo [WIFI () - 101] was already satisfying request 1. No change.
04-14 21:51:51.205   710   817 D ConnectivityService: notifyType AVAILABLE for NetworkAgentInfo [WIFI () - 101]
04-14 21:51:54.724   710   817 D ConnectivityService: updateNetworkScore for NetworkAgentInfo [WIFI () - 101] to 55
04-14 21:51:54.724   710   817 D ConnectivityService: rematching NetworkAgentInfo [WIFI () - 101]
04-14 21:51:54.724   710   817 D ConnectivityService: Network NetworkAgentInfo [WIFI () - 101] was already satisfying request 1. No change.
04-14 21:51:54.724   710   817 D ConnectivityService: notifyType AVAILABLE for NetworkAgentInfo [WIFI () - 101]
04-14 21:51:58.307   710   817 D ConnectivityService: updateNetworkScore for NetworkAgentInfo [WIFI () - 101] to 56
04-14 21:51:58.307   710   817 D ConnectivityService: rematching NetworkAgentInfo [WIFI () - 101]
04-14 21:51:58.308   710   817 D ConnectivityService: Network NetworkAgentInfo [WIFI () - 101] was already satisfying request 1. No change.
04-14 21:51:58.308   710   817 D ConnectivityService: notifyType AVAILABLE for NetworkAgentInfo [WIFI () - 101]
04-14 21:52:01.614   710   817 D ConnectivityService: updateNetworkScore for NetworkAgentInfo [WIFI () - 101] to 55
04-14 21:52:01.615   710   817 D ConnectivityService: rematching NetworkAgentInfo [WIFI () - 101]
04-14 21:52:01.615   710   817 D ConnectivityService: Network NetworkAgentInfo [WIFI () - 101] was already satisfying request 1. No change.
04-14 21:52:01.615   710   817 D ConnectivityService: notifyType AVAILABLE for NetworkAgentInfo [WIFI () - 101]
04-14 21:52:03.123   710   796 I WindowManager: Input event dispatching timed out sending to com.zhihu.android/com.zhihu.android.app.ui.activity.MainActivity.  Reason: Waiting to send key event because the focused window has not finished processing all of the input events that were previously delivered to it.  Outbound queue length: 0.  Wait queue length: 10.
04-14 21:52:03.456   710   792 W InputManager: Input event injection from pid 4987 timed out.
04-14 21:52:04.514   710   775 I ActivityManager: Skipping duplicate ANR: ProcessRecord{32e7fd79 2121:com.zhihu.android/u0a54} Input dispatching timed out (Waiting to send key event because the focused window has not finished processing all of the input events that were previously delivered to it.  Outbound queue length: 0.  Wait queue length: 10.)
04-14 21:52:05.011   710   817 D ConnectivityService: updateNetworkScore for NetworkAgentInfo [WIFI () - 101] to 56
04-14 21:52:05.011   710   817 D ConnectivityService: rematching NetworkAgentInfo [WIFI () - 101]
04-14 21:52:05.012   710   817 D ConnectivityService: Network NetworkAgentInfo [WIFI () - 101] was already satisfying request 1. No change.
04-14 21:52:05.012   710   817 D ConnectivityService: notifyType AVAILABLE for NetworkAgentInfo [WIFI () - 101]
