08-10 09:25:05.203  1138  1138 D PhoneFactory: getPhone:- phoneId != DEFAULT_PHONE_ID return sProxyPhones[phoneId] phoneId=0 phone=Handler (com.android.internal.telephony.PhoneProxy) {21a3b00b}
08-10 09:25:05.207  1138  1177 D SubscriptionController: [getActiveSubInfoList]+
08-10 09:25:05.207  1138  1138 D DCT     : [0]handleMessage msg={ when=-865ms what=270348 obj=android.os.AsyncResult@1c2e838e target=com.android.internal.telephony.dataconnection.DcTracker }
08-10 09:25:05.207  1138  1138 D DCT     : [0]onRoamingOff
08-10 09:25:05.208  1138  1138 D DCT     : [0]getDataOnRoamingEnabled: phoneSubId=1 isDataRoamingEnabled=true
08-10 09:25:05.208  1138  1138 D DCT     : [0]notifyDataConnection: reason=roamingOff
08-10 09:25:05.209  1138  1177 D SubscriptionController: selection:sim_id>=0 null
08-10 09:25:05.209  1138  1138 D DCT     : [0]isDataAllowed getRecordsLoaded=true
08-10 09:25:05.210  1138  1138 D DCT     : [0]isDataAllowed: not allowed due to - Attached= false
08-10 09:25:05.210  1138  1138 D DCT     : [ApnContext:default] getApnSetting: apnSetting=null
08-10 09:25:05.211  1138  1138 D PhoneFactory: getPhone:- phoneId != DEFAULT_PHONE_ID return sProxyPhones[phoneId] phoneId=0 phone=Handler (com.android.internal.telephony.PhoneProxy) {21a3b00b}
08-10 09:25:05.216  1138  1138 D DCT     : [0]isDataAllowed getRecordsLoaded=true
08-10 09:25:05.217  1138  1138 D DCT     : [0]isDataAllowed: not allowed due to - Attached= false
08-10 09:25:05.217  1138  1138 D DCT     : [ApnContext:mms] getApnSetting: apnSetting=null
08-10 09:25:05.219  1138  1138 D PhoneFactory: getPhone:- phoneId != DEFAULT_PHONE_ID return sProxyPhones[phoneId] phoneId=0 phone=Handler (com.android.internal.telephony.PhoneProxy) {21a3b00b}
08-10 09:25:05.220  1138  1177 D TelephonyManager: getTelephonyProperty: return propVal='cn' phoneId=0 property='gsm.sim.operator.iso-country' defaultVal='' prop=cn
08-10 09:25:05.221  1138  1177 D SubscriptionController: [getSubInfoRecord] id:1 iccid:89860115921101579076 simSlotIndex:0 displayName:CARD 1 nameSource:0 iconTint:-16746133 dataRoaming:0 mcc:460 mnc:1 countIso:cn
08-10 09:25:05.222  1138  1177 D PhoneFactory: getPhone:- phoneId != DEFAULT_PHONE_ID return sProxyPhones[phoneId] phoneId=0 phone=Handler (com.android.internal.telephony.PhoneProxy) {21a3b00b}
08-10 09:25:05.226  1138  1177 D SubscriptionController: [getActiveSubInfoList]- 1 infos return
08-10 09:25:05.228  1138  1138 D DCT     : [0]isDataAllowed getRecordsLoaded=true
08-10 09:25:05.229  1138  1138 D DCT     : [0]isDataAllowed: not allowed due to - Attached= false
08-10 09:25:05.229  1138  1138 D DCT     : [ApnContext:cbs] getApnSetting: apnSetting=null
08-10 09:25:05.230  1138  1138 D PhoneFactory: getPhone:- phoneId != DEFAULT_PHONE_ID return sProxyPhones[phoneId] phoneId=0 phone=Handler (com.android.internal.telephony.PhoneProxy) {21a3b00b}
08-10 09:25:05.239  1138  1362 D SubscriptionController: [getActiveSubInfoList]+
08-10 09:25:05.239  1138  1138 D DCT     : [0]isDataAllowed getRecordsLoaded=true
08-10 09:25:05.240  1138  1138 D DCT     : [0]isDataAllowed: not allowed due to - Attached= false
08-10 09:25:05.240  1138  1138 D DCT     : [ApnContext:fota] getApnSetting: apnSetting=null
08-10 09:25:05.241  1138  1138 D PhoneFactory: getPhone:- phoneId != DEFAULT_PHONE_ID return sProxyPhones[phoneId] phoneId=0 phone=Handler (com.android.internal.telephony.PhoneProxy) {21a3b00b}
08-10 09:25:05.243  1138  1362 D SubscriptionController: selection:sim_id>=0 null
08-10 09:25:05.247  1138  1138 D DCT     : [0]isDataAllowed getRecordsLoaded=true
08-10 09:25:05.248  1138  1138 D DCT     : [0]isDataAllowed: not allowed due to - Attached= false
08-10 09:25:05.248  1138  1138 D DCT     : [ApnContext:supl] getApnSetting: apnSetting=null
08-10 09:25:05.249  1138  1138 D PhoneFactory: getPhone:- phoneId != DEFAULT_PHONE_ID return sProxyPhones[phoneId] phoneId=0 phone=Handler (com.android.internal.telephony.PhoneProxy) {21a3b00b}
08-10 09:25:05.255  1138  1138 D DCT     : [0]isDataAllowed getRecordsLoaded=true
08-10 09:25:05.257  1138  1138 D DCT     : [0]isDataAllowed: not allowed due to - Attached= false
08-10 09:25:05.257  1138  1138 D DCT     : [ApnContext:ia] getApnSetting: apnSetting=null
08-10 09:25:05.258  1138  1138 D PhoneFactory: getPhone:- phoneId != DEFAULT_PHONE_ID return sProxyPhones[phoneId] phoneId=0 phone=Handler (com.android.internal.telephony.PhoneProxy) {21a3b00b}
08-10 09:25:05.260  1138  1362 D TelephonyManager: getTelephonyProperty: return propVal='cn' phoneId=0 property='gsm.sim.operator.iso-country' defaultVal='' prop=cn
08-10 09:25:05.260  1138  1362 D SubscriptionController: [getSubInfoRecord] id:1 iccid:89860115921101579076 simSlotIndex:0 displayName:CARD 1 nameSource:0 iconTint:-16746133 dataRoaming:0 mcc:460 mnc:1 countIso:cn
08-10 09:25:05.261  1138  1362 D PhoneFactory: getPhone:- phoneId != DEFAULT_PHONE_ID return sProxyPhones[phoneId] phoneId=0 phone=Handler (com.android.internal.telephony.PhoneProxy) {21a3b00b}
08-10 09:25:05.263  1138  1138 D DCT     : [0]isDataAllowed getRecordsLoaded=true
08-10 09:25:05.263  1138  1138 D DCT     : [0]isDataAllowed: not allowed due to - Attached= false
08-10 09:25:05.264  1138  1138 D DCT     : [ApnContext:dun] getApnSetting: apnSetting=null
08-10 09:25:05.264  1138  1138 D PhoneFactory: getPhone:- phoneId != DEFAULT_PHONE_ID return sProxyPhones[phoneId] phoneId=0 phone=Handler (com.android.internal.telephony.PhoneProxy) {21a3b00b}
08-10 09:25:05.266  1138  1362 D SubscriptionController: [getActiveSubInfoList]- 1 infos return
08-10 09:25:05.270  1138  1138 D DCT     : [0]isDataAllowed getRecordsLoaded=true
08-10 09:25:05.271  1138  1138 D DCT     : [0]isDataAllowed: not allowed due to - Attached= false
08-10 09:25:05.271  1138  1138 D DCT     : [ApnContext:hipri] getApnSetting: apnSetting=null
08-10 09:25:05.271  1138  1138 D PhoneFactory: getPhone:- phoneId != DEFAULT_PHONE_ID return sProxyPhones[phoneId] phoneId=0 phone=Handler (com.android.internal.telephony.PhoneProxy) {21a3b00b}
08-10 09:25:05.280  1138  1138 D DCT     : [0]isDataAllowed getRecordsLoaded=true
08-10 09:25:05.280  1138  1138 D DCT     : [0]isDataAllowed: not allowed due to - Attached= false
08-10 09:25:05.281  1138  1138 D DCT     : [ApnContext:ims] getApnSetting: apnSetting=null
08-10 09:25:05.281  1138  1138 D PhoneFactory: getPhone:- phoneId != DEFAULT_PHONE_ID return sProxyPhones[phoneId] phoneId=0 phone=Handler (com.android.internal.telephony.PhoneProxy) {21a3b00b}
08-10 09:25:05.286  1138  1138 D DCT     : [0]handleMessage msg={ when=-942ms what=270377 obj=android.os.AsyncResult@38d97345 target=com.android.internal.telephony.dataconnection.DcTracker }
08-10 09:25:05.287  1138  1138 D DCT     : [0]setupDataOnConnectableApns: nwTypeChanged
08-10 09:25:05.287  1138  1138 D DCT     : [0]setupDataOnConnectableApns: apnContext {mApnType=hipri mState=IDLE mWaitingApns={null} mWaitingApnsPermanentFailureCountDown=0 mApnSetting={null} mReason=radioTurnedOff mDataEnabled=false mDependencyMet=true}
08-10 09:25:05.288  1138  1138 D DCT     : [0]setupDataOnConnectableApns: apnContext {mApnType=mms mState=IDLE mWaitingApns={null} mWaitingApnsPermanentFailureCountDown=0 mApnSetting={null} mReason=radioTurnedOff mDataEnabled=false mDependencyMet=true}
08-10 09:25:05.288  1138  1138 D DCT     : [0]setupDataOnConnectableApns: apnContext {mApnType=supl mState=IDLE mWaitingApns={null} mWaitingApnsPermanentFailureCountDown=0 mApnSetting={null} mReason=radioTurnedOff mDataEnabled=false mDependencyMet=true}
08-10 09:25:05.289  1138  1138 D DCT     : [0]setupDataOnConnectableApns: apnContext {mApnType=cbs mState=IDLE mWaitingApns={null} mWaitingApnsPermanentFailureCountDown=0 mApnSetting={null} mReason=radioTurnedOff mDataEnabled=false mDependencyMet=true}
08-10 09:25:05.290  1138  1138 D DCT     : [0]setupDataOnConnectableApns: apnContext {mApnType=dun mState=IDLE mWaitingApns={null} mWaitingApnsPermanentFailureCountDown=0 mApnSetting={null} mReason=radioTurnedOff mDataEnabled=false mDependencyMet=true}
08-10 09:25:05.290  1138  1138 D DCT     : [0]setupDataOnConnectableApns: apnContext {mApnType=fota mState=IDLE mWaitingApns={null} mWaitingApnsPermanentFailureCountDown=0 mApnSetting={null} mReason=radioTurnedOff mDataEnabled=false mDependencyMet=true}
08-10 09:25:05.291  1138  1138 D DCT     : [0]setupDataOnConnectableApns: apnContext {mApnType=ims mState=IDLE mWaitingApns={null} mWaitingApnsPermanentFailureCountDown=0 mApnSetting={null} mReason=radioTurnedOff mDataEnabled=false mDependencyMet=true}
08-10 09:25:05.291  1138  1138 D DCT     : [0]setupDataOnConnectableApns: apnContext {mApnType=default mState=IDLE mWaitingApns={null} mWaitingApnsPermanentFailureCountDown=0 mApnSetting={null} mReason=radioTurnedOff mDataEnabled=false mDependencyMet=true}
08-10 09:25:05.292  1138  1138 D DCT     : [0]setupDataOnConnectableApns: apnContext {mApnType=ia mState=IDLE mWaitingApns={null} mWaitingApnsPermanentFailureCountDown=0 mApnSetting={null} mReason=radioTurnedOff mDataEnabled=false mDependencyMet=true}
08-10 09:25:05.293  1138  1138 D DCT     : [0]handleMessage msg={ when=-949ms what=270377 obj=android.os.AsyncResult@22134a9a target=com.android.internal.telephony.dataconnection.DcTracker }
08-10 09:25:05.293  1138  1138 D DCT     : [0]setupDataOnConnectableApns: nwTypeChanged
08-10 09:25:05.293  1138  1138 D DCT     : [0]setupDataOnConnectableApns: apnContext {mApnType=hipri mState=IDLE mWaitingApns={null} mWaitingApnsPermanentFailureCountDown=0 mApnSetting={null} mReason=radioTurnedOff mDataEnabled=false mDependencyMet=true}
08-10 09:25:05.294  1138  1138 D DCT     : [0]setupDataOnConnectableApns: apnContext {mApnType=mms mState=IDLE mWaitingApns={null} mWaitingApnsPermanentFailureCountDown=0 mApnSetting={null} mReason=radioTurnedOff mDataEnabled=false mDependencyMet=true}
08-10 09:25:05.295  1138  1138 D DCT     : [0]setupDataOnConnectableApns: apnContext {mApnType=supl mState=IDLE mWaitingApns={null} mWaitingApnsPermanentFailureCountDown=0 mApnSetting={null} mReason=radioTurnedOff mDataEnabled=false mDependencyMet=true}
08-10 09:25:05.296  1138  1138 D DCT     : [0]setupDataOnConnectableApns: apnContext {mApnType=cbs mState=IDLE mWaitingApns={null} mWaitingApnsPermanentFailureCountDown=0 mApnSetting={null} mReason=radioTurnedOff mDataEnabled=false mDependencyMet=true}
08-10 09:25:05.296  1138  1138 D DCT     : [0]setupDataOnConnectableApns: apnContext {mApnType=dun mState=IDLE mWaitingApns={null} mWaitingApnsPermanentFailureCountDown=0 mApnSetting={null} mReason=radioTurnedOff mDataEnabled=false mDependencyMet=true}
08-10 09:25:05.297  1138  1138 D DCT     : [0]setupDataOnConnectableApns: apnContext {mApnType=fota mState=IDLE mWaitingApns={null} mWaitingApnsPermanentFailureCountDown=0 mApnSetting={null} mReason=radioTurnedOff mDataEnabled=false mDependencyMet=true}
08-10 09:25:05.297  1138  1138 D DCT     : [0]setupDataOnConnectableApns: apnContext {mApnType=ims mState=IDLE mWaitingApns={null} mWaitingApnsPermanentFailureCountDown=0 mApnSetting={null} mReason=radioTurnedOff mDataEnabled=false mDependencyMet=true}
08-10 09:25:05.298  1138  1138 D DCT     : [0]setupDataOnConnectableApns: apnContext {mApnType=default mState=IDLE mWaitingApns={null} mWaitingApnsPermanentFailureCountDown=0 mApnSetting={null} mReason=radioTurnedOff mDataEnabled=false mDependencyMet=true}
08-10 09:25:05.299  1138  1138 D DCT     : [0]setupDataOnConnectableApns: apnContext {mApnType=ia mState=IDLE mWaitingApns={null} mWaitingApnsPermanentFailureCountDown=0 mApnSetting={null} mReason=radioTurnedOff mDataEnabled=false mDependencyMet=true}
08-10 09:25:05.299  1138  1138 D DCT     : [0]handleMessage msg={ when=-955ms what=270377 obj=android.os.AsyncResult@300ddfcb target=com.android.internal.telephony.dataconnection.DcTracker }
08-10 09:25:05.299  1138  1138 D DCT     : [0]setupDataOnConnectableApns: nwTypeChanged
08-10 09:25:05.300  1138  1138 D DCT     : [0]setupDataOnConnectableApns: apnContext {mApnType=hipri mState=IDLE mWaitingApns={null} mWaitingApnsPermanentFailureCountDown=0 mApnSetting={null} mReason=radioTurnedOff mDataEnabled=false mDependencyMet=true}
08-10 09:25:05.301  1138  1138 D DCT     : [0]setupDataOnConnectableApns: apnContext {mApnType=mms mState=IDLE mWaitingApns={null} mWaitingApnsPermanentFailureCountDown=0 mApnSetting={null} mReason=radioTurnedOff mDataEnabled=false mDependencyMet=true}
08-10 09:25:05.302  1138  1138 D DCT     : [0]setupDataOnConnectableApns: apnContext {mApnType=supl mState=IDLE mWaitingApns={null} mWaitingApnsPermanentFailureCountDown=0 mApnSetting={null} mReason=radioTurnedOff mDataEnabled=false mDependencyMet=true}
08-10 09:25:05.302  1138  1138 D DCT     : [0]setupDataOnConnectableApns: apnContext {mApnType=cbs mState=IDLE mWaitingApns={null} mWaitingApnsPermanentFailureCountDown=0 mApnSetting={null} mReason=radioTurnedOff mDataEnabled=false mDependencyMet=true}
08-10 09:25:05.303  1138  1138 D DCT     : [0]setupDataOnConnectableApns: apnContext {mApnType=dun mState=IDLE mWaitingApns={null} mWaitingApnsPermanentFailureCountDown=0 mApnSetting={null} mReason=radioTurnedOff mDataEnabled=false mDependencyMet=true}
08-10 09:25:05.303  1138  1138 D DCT     : [0]setupDataOnConnectableApns: apnContext {mApnType=fota mState=IDLE mWaitingApns={null} mWaitingApnsPermanentFailureCountDown=0 mApnSetting={null} mReason=radioTurnedOff mDataEnabled=false mDependencyMet=true}
08-10 09:25:05.304  1138  1138 D DCT     : [0]setupDataOnConnectableApns: apnContext {mApnType=ims mState=IDLE mWaitingApns={null} mWaitingApnsPermanentFailureCountDown=0 mApnSetting={null} mReason=radioTurnedOff mDataEnabled=false mDependencyMet=true}
08-10 09:25:05.305  1138  1138 D DCT     : [0]setupDataOnConnectableApns: apnContext {mApnType=default mState=IDLE mWaitingApns={null} mWaitingApnsPermanentFailureCountDown=0 mApnSetting={null} mReason=radioTurnedOff mDataEnabled=false mDependencyMet=true}
08-10 09:25:05.305  1138  1138 D DCT     : [0]setupDataOnConnectableApns: apnContext {mApnType=ia mState=IDLE mWaitingApns={null} mWaitingApnsPermanentFailureCountDown=0 mApnSetting={null} mReason=radioTurnedOff mDataEnabled=false mDependencyMet=true}
08-10 09:25:05.305  1138  1138 D GsmSST  : [GsmSST] SubscriptionListener.onSubscriptionInfoChanged
08-10 09:25:05.306  1138  1138 D PhoneFactory: calculatePreferredNetworkType: phoneSubId = 1 networkType = 10
08-10 09:25:05.307  1138  1138 D RILJ    : [3734]> REQUEST_SET_PREFERRED_NETWORK_TYPE : 10 [SUB0]
08-10 09:25:05.311  1138  1138 D TelephonyManager: setTelephonyProperty: success phoneId=0 property=gsm.network.type value: Unknown propVal=Unknown
08-10 09:25:05.311   190  1474 D RILC    : RequestComplete, RIL_SOCKET_1
08-10 09:25:05.311   190  1474 E RILC    : Send Response to RIL_SOCKET_1
08-10 09:25:05.312  1138  1280 D RILJ    : [3734]< REQUEST_SET_PREFERRED_NETWORK_TYPE  [SUB0]
08-10 09:25:05.313  1138  1138 D SubscriptionController: [setCarrierText]+ text:No service. subId:1
08-10 09:25:05.345  1138  1138 D SubscriptionController: notifySubscriptionInfoChanged:
08-10 09:25:05.348   710   710 D TelephonyManager: getSimOperatorNumeric(): default subId=1
08-10 09:25:05.349   710   710 D TelephonyManager: getTelephonyProperty: return propVal='46001' phoneId=0 property='gsm.sim.operator.numeric' defaultVal='' prop=46001
08-10 09:25:05.353  1138  1138 D DCT     : [0]SubscriptionListener.onSubscriptionInfoChanged
08-10 09:25:05.355  1138  1138 D DctController: onSubInfoReady mPhoneNum=1
08-10 09:25:05.355  1138  1138 D DctController: onSubInfoReady handle pending requests subId=1
08-10 09:25:05.355  1138  1138 D DctController: [TNF 1]evalPendingRequest, pending request size is 1
08-10 09:25:05.357  1138  1138 D DctController: [TNF 1]evalPendingRequest: request = NetworkRequest [ id=1, legacyType=-1, [ Capabilities: INTERNET&NOT_RESTRICTED&TRUSTED&NOT_VPN] ]
08-10 09:25:05.358  1138  1138 D DctController: [TNF 1]Cellular needs Network for NetworkRequest [ id=1, legacyType=-1, [ Capabilities: INTERNET&NOT_RESTRICTED&TRUSTED&NOT_VPN] ]
08-10 09:25:05.359  1138  1138 D DctController: requestNetwork request=NetworkRequest [ id=1, legacyType=-1, [ Capabilities: INTERNET&NOT_RESTRICTED&TRUSTED&NOT_VPN] ], priority=0
08-10 09:25:05.360  1138  1138 D DctController: processRequests
08-10 09:25:05.360  1138  1138 D DctController: processRequests
08-10 09:25:05.361  1138  1138 D SubscriptionController: [getActiveSubInfoList]+
08-10 09:25:05.364  1138  1138 D SubscriptionController: selection:sim_id>=0 null
08-10 09:25:05.385  1138  1138 D TelephonyManager: getTelephonyProperty: return propVal='cn' phoneId=0 property='gsm.sim.operator.iso-country' defaultVal='' prop=cn
08-10 09:25:05.386  1138  1138 D SubscriptionController: [getSubInfoRecord] id:1 iccid:89860115921101579076 simSlotIndex:0 displayName:CARD 1 nameSource:0 iconTint:-16746133 dataRoaming:0 mcc:460 mnc:1 countIso:cn
08-10 09:25:05.388  1138  1138 D PhoneFactory: getPhone:- phoneId != DEFAULT_PHONE_ID return sProxyPhones[phoneId] phoneId=0 phone=Handler (com.android.internal.telephony.PhoneProxy) {21a3b00b}
08-10 09:25:05.395  1138  1138 D SubscriptionController: [getActiveSubInfoList]- 1 infos return
08-10 09:25:05.409  1138  1138 E PhoneBase: Error! unregisterForCallWaiting() in PhoneBase should not be called, CDMAPhone inactive.
08-10 09:25:05.413  1138  1138 D PhoneFactory: getPhone:- phoneId != DEFAULT_PHONE_ID return sProxyPhones[phoneId] phoneId=0 phone=Handler (com.android.internal.telephony.PhoneProxy) {21a3b00b}
08-10 09:25:05.417  1138  1138 D TelephonyManager: getTelephonyProperty: return propVal='null' phoneId=0 property='gsm.operator.alpha' defaultVal='' prop=
08-10 09:25:05.480  1138  1138 E PhoneBase: Error! registerForCallWaiting() in PhoneBase should not be called, CDMAPhone inactive.
08-10 09:25:05.569  1138  1138 D GsmSST  : [GsmSST] SubscriptionListener.onSubscriptionInfoChanged
08-10 09:25:05.569  1138  1138 D DctController: onSubInfoReady mPhoneNum=1
08-10 09:25:05.569  1138  1138 D DctController: onSubInfoReady handle pending requests subId=1
08-10 09:25:05.570  1138  1138 D DctController: [TNF 1]evalPendingRequest, pending request size is 0
08-10 09:25:05.570  1138  1138 D DctController: processRequests
08-10 09:25:05.571  1138  1138 E PhoneBase: Error! unregisterForCallWaiting() in PhoneBase should not be called, CDMAPhone inactive.
08-10 09:25:05.574  1138  1138 D PhoneFactory: getPhone:- phoneId != DEFAULT_PHONE_ID return sProxyPhones[phoneId] phoneId=0 phone=Handler (com.android.internal.telephony.PhoneProxy) {21a3b00b}
08-10 09:25:05.577  1138  1138 D TelephonyManager: getTelephonyProperty: return propVal='null' phoneId=0 property='gsm.operator.alpha' defaultVal='' prop=
08-10 09:25:05.630  1138  1138 E PhoneBase: Error! registerForCallWaiting() in PhoneBase should not be called, CDMAPhone inactive.
08-10 09:25:05.637  1138  1138 D DCT     : [0]SubscriptionListener.onSubscriptionInfoChanged
08-10 09:25:05.644  1138  1138 D SubscriptionController: [getActiveSubInfoList]+
08-10 09:25:05.649  1138  1138 D SubscriptionController: selection:sim_id>=0 null
08-10 09:25:05.670  1138  1138 D TelephonyManager: getTelephonyProperty: return propVal='cn' phoneId=0 property='gsm.sim.operator.iso-country' defaultVal='' prop=cn
08-10 09:25:05.671  1138  1138 D SubscriptionController: [getSubInfoRecord] id:1 iccid:89860115921101579076 simSlotIndex:0 displayName:CARD 1 nameSource:0 iconTint:-16746133 dataRoaming:0 mcc:460 mnc:1 countIso:cn
08-10 09:25:05.673  1138  1138 D PhoneFactory: getPhone:- phoneId != DEFAULT_PHONE_ID return sProxyPhones[phoneId] phoneId=0 phone=Handler (com.android.internal.telephony.PhoneProxy) {21a3b00b}
08-10 09:25:05.679  1138  1138 D SubscriptionController: [getActiveSubInfoList]- 1 infos return
08-10 09:25:05.684  1138  1138 D SubscriptionInfoUpdater: [Receiver]+
08-10 09:25:05.684  1138  1138 D SubscriptionInfoUpdater: Action: android.intent.action.SIM_STATE_CHANGED
08-10 09:25:05.685  1138  1138 D SubscriptionInfoUpdater: slotId: 0
08-10 09:25:05.685  1138  1138 D SubscriptionInfoUpdater: simStatus: LOADED
08-10 09:25:05.685  1138  1138 D SubscriptionInfoUpdater: Ignoring simStatus: LOADED
08-10 09:25:05.685  1138  1138 D SubscriptionInfoUpdater: [Receiver]-
08-10 09:25:05.687  1138  1138 D PHONE   : [ServiceState] setDataRegState=1
08-10 09:25:05.687  1138  1138 D PHONE   : [ServiceState] setDataRadioTechnology=0
08-10 09:25:05.688  1138  1138 D GsmSST  : [GsmSST] handlPollStateResultMessage: GsmSST setDataRegState=1 regState=3 dataRadioTechnology=0
08-10 09:25:05.688  1138  1138 D PHONE   : [ServiceState] setVoiceRegState=1
08-10 09:25:05.688  1138  1138 E PHONE   : [ServiceState] setState deprecated use setVoiceRegState()
08-10 09:25:05.691  1138  1138 D GsmSST  : [GsmSST] Poll ServiceState done:  oldSS=[1 1 voice home data home null null null null null null  Unknown Unknown CSS not supported -1 -1 RoamInd=-1 DefRoamInd=-1 EmergOnly=false] newSS=[1 1 voice home data home null null null null null null  Unknown Unknown CSS not supported -1 -1 RoamInd=-1 DefRoamInd=-1 EmergOnly=false] oldMaxDataCalls=20 mNewMaxDataCalls=20 oldReasonDataDenied=-1 mNewReasonDataDenied=15
08-10 09:25:05.691  1138  1138 D PHONE   : [ServiceState] setNullState=1
08-10 09:25:05.693  1138  1138 D PhoneFactory: getPhone:- phoneId != DEFAULT_PHONE_ID return sProxyPhones[phoneId] phoneId=0 phone=Handler (com.android.internal.telephony.PhoneProxy) {21a3b00b}
08-10 09:25:05.693  1138  1138 D DCT     : [0]getDataOnRoamingEnabled: phoneSubId=1 isDataRoamingEnabled=true
08-10 09:25:05.695  1138  1138 D PhoneFactory: getPhone:- phoneId != DEFAULT_PHONE_ID return sProxyPhones[phoneId] phoneId=0 phone=Handler (com.android.internal.telephony.PhoneProxy) {21a3b00b}
08-10 09:25:05.696  1138  1138 D DCT     : [0]getDataOnRoamingEnabled: phoneSubId=1 isDataRoamingEnabled=true
08-10 09:25:05.697  1138  1138 D PhoneFactory: getPhone:- phoneId != DEFAULT_PHONE_ID return sProxyPhones[phoneId] phoneId=0 phone=Handler (com.android.internal.telephony.PhoneProxy) {21a3b00b}
08-10 09:25:05.698  1138  1138 D DCT     : [0]getDataOnRoamingEnabled: phoneSubId=1 isDataRoamingEnabled=true
08-10 09:25:05.700  1138  1138 D PhoneFactory: getPhone:- phoneId != DEFAULT_PHONE_ID return sProxyPhones[phoneId] phoneId=0 phone=Handler (com.android.internal.telephony.PhoneProxy) {21a3b00b}
08-10 09:25:05.700  1138  1138 D DCT     : [0]getDataOnRoamingEnabled: phoneSubId=1 isDataRoamingEnabled=true
08-10 09:25:05.702  1138  1138 D PhoneFactory: getPhone:- phoneId != DEFAULT_PHONE_ID return sProxyPhones[phoneId] phoneId=0 phone=Handler (com.android.internal.telephony.PhoneProxy) {21a3b00b}
08-10 09:25:05.703  1138  1138 D DCT     : [0]getDataOnRoamingEnabled: phoneSubId=1 isDataRoamingEnabled=true
08-10 09:25:05.705  1138  1138 D PhoneFactory: getPhone:- phoneId != DEFAULT_PHONE_ID return sProxyPhones[phoneId] phoneId=0 phone=Handler (com.android.internal.telephony.PhoneProxy) {21a3b00b}
08-10 09:25:05.706  1138  1138 D DCT     : [0]getDataOnRoamingEnabled: phoneSubId=1 isDataRoamingEnabled=true
08-10 09:25:05.708  1138  1138 D PhoneFactory: getPhone:- phoneId != DEFAULT_PHONE_ID return sProxyPhones[phoneId] phoneId=0 phone=Handler (com.android.internal.telephony.PhoneProxy) {21a3b00b}
08-10 09:25:05.709  1138  1138 D DCT     : [0]getDataOnRoamingEnabled: phoneSubId=1 isDataRoamingEnabled=true
08-10 09:25:05.710  1138  1138 D PhoneFactory: getPhone:- phoneId != DEFAULT_PHONE_ID return sProxyPhones[phoneId] phoneId=0 phone=Handler (com.android.internal.telephony.PhoneProxy) {21a3b00b}
08-10 09:25:05.711  1138  1138 D DCT     : [0]getDataOnRoamingEnabled: phoneSubId=1 isDataRoamingEnabled=true
08-10 09:25:05.713  1138  1138 D PhoneFactory: getPhone:- phoneId != DEFAULT_PHONE_ID return sProxyPhones[phoneId] phoneId=0 phone=Handler (com.android.internal.telephony.PhoneProxy) {21a3b00b}
08-10 09:25:05.713  1138  1138 D DCT     : [0]getDataOnRoamingEnabled: phoneSubId=1 isDataRoamingEnabled=true
08-10 09:25:05.715  1138  1138 D PhoneFactory: getPhone:- phoneId != DEFAULT_PHONE_ID return sProxyPhones[phoneId] phoneId=0 phone=Handler (com.android.internal.telephony.PhoneProxy) {21a3b00b}
08-10 09:25:05.716  1138  1138 D DCT     : [0]getDataOnRoamingEnabled: phoneSubId=1 isDataRoamingEnabled=true
08-10 09:25:05.720  1138  1138 D PhoneFactory: getPhone:- phoneId != DEFAULT_PHONE_ID return sProxyPhones[phoneId] phoneId=0 phone=Handler (com.android.internal.telephony.PhoneProxy) {21a3b00b}
08-10 09:25:05.721  1138  1138 D DCT     : [0]getDataOnRoamingEnabled: phoneSubId=1 isDataRoamingEnabled=true
08-10 09:25:05.722  1138  1138 D PhoneFactory: getPhone:- phoneId != DEFAULT_PHONE_ID return sProxyPhones[phoneId] phoneId=0 phone=Handler (com.android.internal.telephony.PhoneProxy) {21a3b00b}
08-10 09:25:05.723  1138  1138 D DCT     : [0]getDataOnRoamingEnabled: phoneSubId=1 isDataRoamingEnabled=true
08-10 09:25:05.725  1138  1138 D PhoneFactory: getPhone:- phoneId != DEFAULT_PHONE_ID return sProxyPhones[phoneId] phoneId=0 phone=Handler (com.android.internal.telephony.PhoneProxy) {21a3b00b}
08-10 09:25:05.726  1138  1138 D DCT     : [0]getDataOnRoamingEnabled: phoneSubId=1 isDataRoamingEnabled=true
08-10 09:25:05.727  1138  1138 D PhoneFactory: getPhone:- phoneId != DEFAULT_PHONE_ID return sProxyPhones[phoneId] phoneId=0 phone=Handler (com.android.internal.telephony.PhoneProxy) {21a3b00b}
08-10 09:25:05.727  1138  1138 D DCT     : [0]getDataOnRoamingEnabled: phoneSubId=1 isDataRoamingEnabled=true
08-10 09:25:05.728  1138  1138 D PhoneFactory: getPhone:- phoneId != DEFAULT_PHONE_ID return sProxyPhones[phoneId] phoneId=0 phone=Handler (com.android.internal.telephony.PhoneProxy) {21a3b00b}
08-10 09:25:05.728  1138  1138 D DCT     : [0]getDataOnRoamingEnabled: phoneSubId=1 isDataRoamingEnabled=true
08-10 09:25:05.729  1138  1138 D PhoneFactory: getPhone:- phoneId != DEFAULT_PHONE_ID return sProxyPhones[phoneId] phoneId=0 phone=Handler (com.android.internal.telephony.PhoneProxy) {21a3b00b}
08-10 09:25:05.730  1138  1138 D DCT     : [0]getDataOnRoamingEnabled: phoneSubId=1 isDataRoamingEnabled=true
08-10 09:25:05.731  1138  1138 D PhoneFactory: getPhone:- phoneId != DEFAULT_PHONE_ID return sProxyPhones[phoneId] phoneId=0 phone=Handler (com.android.internal.telephony.PhoneProxy) {21a3b00b}
08-10 09:25:05.731  1138  1138 D DCT     : [0]getDataOnRoamingEnabled: phoneSubId=1 isDataRoamingEnabled=true
08-10 09:25:05.731  1138  1138 D RILJ    : [3735]> OPERATOR [SUB0]
08-10 09:25:05.733  1138  1138 D RILJ    : [3736]> DATA_REGISTRATION_STATE [SUB0]
08-10 09:25:05.733   190  1476 D RILC    : RequestComplete, RIL_SOCKET_1
08-10 09:25:05.733   190  1476 E RILC    : Send Response to RIL_SOCKET_1
08-10 09:25:05.734  1138  1280 D RILJ    : [3735]< OPERATOR {null, null, null} [SUB0]
08-10 09:25:05.735  1138  1138 D RILJ    : [3737]> VOICE_REGISTRATION_STATE [SUB0]
08-10 09:25:05.736   190  1477 D RILC    : RequestComplete, RIL_SOCKET_1
08-10 09:25:05.736   190  1477 E RILC    : Send Response to RIL_SOCKET_1
08-10 09:25:05.737  1138  1280 D RILJ    : [3736]< DATA_REGISTRATION_STATE {3, null, null, null, 15, 20, null, null, null, null, null} [SUB0]
08-10 09:25:05.737  1138  1138 D RILJ    : [3738]> QUERY_NETWORK_SELECTION_MODE [SUB0]
08-10 09:25:05.740   190  1479 D RILC    : RequestComplete, RIL_SOCKET_1
08-10 09:25:05.740   190  1479 E RILC    : Send Response to RIL_SOCKET_1
08-10 09:25:05.740  1138  1138 D PhoneFactory: getPhone:- phoneId != DEFAULT_PHONE_ID return sProxyPhones[phoneId] phoneId=0 phone=Handler (com.android.internal.telephony.PhoneProxy) {21a3b00b}
08-10 09:25:05.741  1138  1280 D RILJ    : [3738]< QUERY_NETWORK_SELECTION_MODE {0} [SUB0]
08-10 09:25:05.741  1138  1138 D DCT     : [0]getDataOnRoamingEnabled: phoneSubId=1 isDataRoamingEnabled=true
08-10 09:25:05.742   190  1478 I RILQ    : (0/190):RIL[0][cmd-20(248)] qcril_qmi_nas_update_data_rte: completed, new drte 0 with confidence 4
08-10 09:25:05.742  1138  1138 D PhoneFactory: getPhone:- phoneId != DEFAULT_PHONE_ID return sProxyPhones[phoneId] phoneId=0 phone=Handler (com.android.internal.telephony.PhoneProxy) {21a3b00b}
08-10 09:25:05.743   190  1478 D RILC    : RequestComplete, RIL_SOCKET_1
08-10 09:25:05.743   190  1478 E RILC    : Send Response to RIL_SOCKET_1
08-10 09:25:05.743  1138  1138 D DCT     : [0]getDataOnRoamingEnabled: phoneSubId=1 isDataRoamingEnabled=true
08-10 09:25:05.744  1138  1280 D RILJ    : [3737]< VOICE_REGISTRATION_STATE {2, null, null, 0, null, null, null, 0, null, null, null, null, null, 0, null} [SUB0]
08-10 09:25:05.746  1138  1138 D PhoneFactory: getPhone:- phoneId != DEFAULT_PHONE_ID return sProxyPhones[phoneId] phoneId=0 phone=Handler (com.android.internal.telephony.PhoneProxy) {21a3b00b}
08-10 09:25:05.746  1138  1138 D DCT     : [0]getDataOnRoamingEnabled: phoneSubId=1 isDataRoamingEnabled=true
08-10 09:25:05.747  1138  1138 D PhoneFactory: getPhone:- phoneId != DEFAULT_PHONE_ID return sProxyPhones[phoneId] phoneId=0 phone=Handler (com.android.internal.telephony.PhoneProxy) {21a3b00b}
08-10 09:25:05.748  1138  1138 D DCT     : [0]getDataOnRoamingEnabled: phoneSubId=1 isDataRoamingEnabled=true
08-10 09:25:05.749  1138  1138 D PhoneFactory: getPhone:- phoneId != DEFAULT_PHONE_ID return sProxyPhones[phoneId] phoneId=0 phone=Handler (com.android.internal.telephony.PhoneProxy) {21a3b00b}
08-10 09:25:05.749  1138  1138 D DCT     : [0]getDataOnRoamingEnabled: phoneSubId=1 isDataRoamingEnabled=true
08-10 09:25:05.750  1138  1138 D PhoneFactory: getPhone:- phoneId != DEFAULT_PHONE_ID return sProxyPhones[phoneId] phoneId=0 phone=Handler (com.android.internal.telephony.PhoneProxy) {21a3b00b}
08-10 09:25:05.750  1138  1138 D DCT     : [0]getDataOnRoamingEnabled: phoneSubId=1 isDataRoamingEnabled=true
08-10 09:25:05.751  1138  1138 D PhoneFactory: getPhone:- phoneId != DEFAULT_PHONE_ID return sProxyPhones[phoneId] phoneId=0 phone=Handler (com.android.internal.telephony.PhoneProxy) {21a3b00b}
08-10 09:25:05.752  1138  1138 D DCT     : [0]getDataOnRoamingEnabled: phoneSubId=1 isDataRoamingEnabled=true
08-10 09:25:05.753  1138  1138 D PhoneFactory: getPhone:- phoneId != DEFAULT_PHONE_ID return sProxyPhones[phoneId] phoneId=0 phone=Handler (com.android.internal.telephony.PhoneProxy) {21a3b00b}
08-10 09:25:05.753  1138  1138 D DCT     : [0]getDataOnRoamingEnabled: phoneSubId=1 isDataRoamingEnabled=true
08-10 09:25:05.754  1138  1138 D PhoneFactory: getPhone:- phoneId != DEFAULT_PHONE_ID return sProxyPhones[phoneId] phoneId=0 phone=Handler (com.android.internal.telephony.PhoneProxy) {21a3b00b}
08-10 09:25:05.754  1138  1138 D DCT     : [0]getDataOnRoamingEnabled: phoneSubId=1 isDataRoamingEnabled=true
08-10 09:25:05.755  1138  1138 D PhoneFactory: getPhone:- phoneId != DEFAULT_PHONE_ID return sProxyPhones[phoneId] phoneId=0 phone=Handler (com.android.internal.telephony.PhoneProxy) {21a3b00b}
08-10 09:25:05.756  1138  1138 D DCT     : [0]getDataOnRoamingEnabled: phoneSubId=1 isDataRoamingEnabled=true
08-10 09:25:05.757  1138  1138 D PhoneFactory: getPhone:- phoneId != DEFAULT_PHONE_ID return sProxyPhones[phoneId] phoneId=0 phone=Handler (com.android.internal.telephony.PhoneProxy) {21a3b00b}
08-10 09:25:05.757  1138  1138 D DCT     : [0]getDataOnRoamingEnabled: phoneSubId=1 isDataRoamingEnabled=true
08-10 09:25:05.758  1138  1138 D PhoneFactory: getPhone:- phoneId != DEFAULT_PHONE_ID return sProxyPhones[phoneId] phoneId=0 phone=Handler (com.android.internal.telephony.PhoneProxy) {21a3b00b}
08-10 09:25:05.758  1138  1138 D DCT     : [0]getDataOnRoamingEnabled: phoneSubId=1 isDataRoamingEnabled=true
08-10 09:25:05.759  1138  1138 D PhoneFactory: getPhone:- phoneId != DEFAULT_PHONE_ID return sProxyPhones[phoneId] phoneId=0 phone=Handler (com.android.internal.telephony.PhoneProxy) {21a3b00b}
08-10 09:25:05.760  1138  1138 D DCT     : [0]getDataOnRoamingEnabled: phoneSubId=1 isDataRoamingEnabled=true
08-10 09:25:05.761  1138  1138 D PhoneFactory: getPhone:- phoneId != DEFAULT_PHONE_ID return sProxyPhones[phoneId] phoneId=0 phone=Handler (com.android.internal.telephony.PhoneProxy) {21a3b00b}
08-10 09:25:05.761  1138  1138 D DCT     : [0]getDataOnRoamingEnabled: phoneSubId=1 isDataRoamingEnabled=true
08-10 09:25:05.762  1138  1138 D PhoneFactory: getPhone:- phoneId != DEFAULT_PHONE_ID return sProxyPhones[phoneId] phoneId=0 phone=Handler (com.android.internal.telephony.PhoneProxy) {21a3b00b}
08-10 09:25:05.762  1138  1138 D DCT     : [0]getDataOnRoamingEnabled: phoneSubId=1 isDataRoamingEnabled=true
08-10 09:25:05.763  1138  1138 D PhoneFactory: getPhone:- phoneId != DEFAULT_PHONE_ID return sProxyPhones[phoneId] phoneId=0 phone=Handler (com.android.internal.telephony.PhoneProxy) {21a3b00b}
08-10 09:25:05.764  1138  1138 D DCT     : [0]getDataOnRoamingEnabled: phoneSubId=1 isDataRoamingEnabled=true
08-10 09:25:05.765  1138  1138 D PhoneFactory: getPhone:- phoneId != DEFAULT_PHONE_ID return sProxyPhones[phoneId] phoneId=0 phone=Handler (com.android.internal.telephony.PhoneProxy) {21a3b00b}
08-10 09:25:05.765  1138  1138 D DCT     : [0]getDataOnRoamingEnabled: phoneSubId=1 isDataRoamingEnabled=true
08-10 09:25:05.766  1138  1138 D PhoneFactory: getPhone:- phoneId != DEFAULT_PHONE_ID return sProxyPhones[phoneId] phoneId=0 phone=Handler (com.android.internal.telephony.PhoneProxy) {21a3b00b}
08-10 09:25:05.766  1138  1138 D DCT     : [0]getDataOnRoamingEnabled: phoneSubId=1 isDataRoamingEnabled=true
08-10 09:25:05.767  1138  1138 D PhoneFactory: getPhone:- phoneId != DEFAULT_PHONE_ID return sProxyPhones[phoneId] phoneId=0 phone=Handler (com.android.internal.telephony.PhoneProxy) {21a3b00b}
08-10 09:25:05.768  1138  1138 D DCT     : [0]getDataOnRoamingEnabled: phoneSubId=1 isDataRoamingEnabled=true
08-10 09:25:05.769  1138  1138 D PhoneFactory: getPhone:- phoneId != DEFAULT_PHONE_ID return sProxyPhones[phoneId] phoneId=0 phone=Handler (com.android.internal.telephony.PhoneProxy) {21a3b00b}
08-10 09:25:05.769  1138  1138 D DCT     : [0]getDataOnRoamingEnabled: phoneSubId=1 isDataRoamingEnabled=true
08-10 09:25:05.770  1138  1138 D PhoneFactory: getPhone:- phoneId != DEFAULT_PHONE_ID return sProxyPhones[phoneId] phoneId=0 phone=Handler (com.android.internal.telephony.PhoneProxy) {21a3b00b}
08-10 09:25:05.771  1138  1138 D DCT     : [0]getDataOnRoamingEnabled: phoneSubId=1 isDataRoamingEnabled=true
08-10 09:25:05.771  1138  1138 D PhoneFactory: getPhone:- phoneId != DEFAULT_PHONE_ID return sProxyPhones[phoneId] phoneId=0 phone=Handler (com.android.internal.telephony.PhoneProxy) {21a3b00b}
08-10 09:25:05.772  1138  1138 D DCT     : [0]getDataOnRoamingEnabled: phoneSubId=1 isDataRoamingEnabled=true
08-10 09:25:05.773  1138  1138 D PhoneFactory: getPhone:- phoneId != DEFAULT_PHONE_ID return sProxyPhones[phoneId] phoneId=0 phone=Handler (com.android.internal.telephony.PhoneProxy) {21a3b00b}
08-10 09:25:05.773  1138  1138 D DCT     : [0]getDataOnRoamingEnabled: phoneSubId=1 isDataRoamingEnabled=true
08-10 09:25:05.774  1138  1138 D PhoneFactory: getPhone:- phoneId != DEFAULT_PHONE_ID return sProxyPhones[phoneId] phoneId=0 phone=Handler (com.android.internal.telephony.PhoneProxy) {21a3b00b}
08-10 09:25:05.774  1138  1138 D DCT     : [0]getDataOnRoamingEnabled: phoneSubId=1 isDataRoamingEnabled=true
08-10 09:25:05.775  1138  1138 D PhoneFactory: getPhone:- phoneId != DEFAULT_PHONE_ID return sProxyPhones[phoneId] phoneId=0 phone=Handler (com.android.internal.telephony.PhoneProxy) {21a3b00b}
08-10 09:25:05.776  1138  1138 D DCT     : [0]getDataOnRoamingEnabled: phoneSubId=1 isDataRoamingEnabled=true
08-10 09:25:05.777  1138  1138 D PhoneFactory: getPhone:- phoneId != DEFAULT_PHONE_ID return sProxyPhones[phoneId] phoneId=0 phone=Handler (com.android.internal.telephony.PhoneProxy) {21a3b00b}
08-10 09:25:05.777  1138  1138 D DCT     : [0]getDataOnRoamingEnabled: phoneSubId=1 isDataRoamingEnabled=true
08-10 09:25:05.778  1138  1138 D PhoneFactory: getPhone:- phoneId != DEFAULT_PHONE_ID return sProxyPhones[phoneId] phoneId=0 phone=Handler (com.android.internal.telephony.PhoneProxy) {21a3b00b}
08-10 09:25:05.779  1138  1138 D DCT     : [0]getDataOnRoamingEnabled: phoneSubId=1 isDataRoamingEnabled=true
08-10 09:25:05.780  1138  1138 D PhoneFactory: getPhone:- phoneId != DEFAULT_PHONE_ID return sProxyPhones[phoneId] phoneId=0 phone=Handler (com.android.internal.telephony.PhoneProxy) {21a3b00b}
08-10 09:25:05.780  1138  1138 D DCT     : [0]getDataOnRoamingEnabled: phoneSubId=1 isDataRoamingEnabled=true
08-10 09:25:05.781  1138  1138 D PhoneFactory: getPhone:- phoneId != DEFAULT_PHONE_ID return sProxyPhones[phoneId] phoneId=0 phone=Handler (com.android.internal.telephony.PhoneProxy) {21a3b00b}
08-10 09:25:05.781  1138  1138 D DCT     : [0]getDataOnRoamingEnabled: phoneSubId=1 isDataRoamingEnabled=true
08-10 09:25:05.782  1138  1138 D PhoneFactory: getPhone:- phoneId != DEFAULT_PHONE_ID return sProxyPhones[phoneId] phoneId=0 phone=Handler (com.android.internal.telephony.PhoneProxy) {21a3b00b}
08-10 09:25:05.783  1138  1138 D DCT     : [0]getDataOnRoamingEnabled: phoneSubId=1 isDataRoamingEnabled=true
08-10 09:25:05.784  1138  1138 D PhoneFactory: getPhone:- phoneId != DEFAULT_PHONE_ID return sProxyPhones[phoneId] phoneId=0 phone=Handler (com.android.internal.telephony.PhoneProxy) {21a3b00b}
08-10 09:25:05.784  1138  1138 D DCT     : [0]getDataOnRoamingEnabled: phoneSubId=1 isDataRoamingEnabled=true
08-10 09:25:05.785  1138  1138 D PhoneFactory: getPhone:- phoneId != DEFAULT_PHONE_ID return sProxyPhones[phoneId] phoneId=0 phone=Handler (com.android.internal.telephony.PhoneProxy) {21a3b00b}
08-10 09:25:05.785  1138  1138 D DCT     : [0]getDataOnRoamingEnabled: phoneSubId=1 isDataRoamingEnabled=true
08-10 09:25:05.786  1138  1138 D PhoneFactory: getPhone:- phoneId != DEFAULT_PHONE_ID return sProxyPhones[phoneId] phoneId=0 phone=Handler (com.android.internal.telephony.PhoneProxy) {21a3b00b}
08-10 09:25:05.787  1138  1138 D DCT     : [0]getDataOnRoamingEnabled: phoneSubId=1 isDataRoamingEnabled=true
08-10 09:25:05.788  1138  1138 D PhoneFactory: getPhone:- phoneId != DEFAULT_PHONE_ID return sProxyPhones[phoneId] phoneId=0 phone=Handler (com.android.internal.telephony.PhoneProxy) {21a3b00b}
08-10 09:25:05.788  1138  1138 D DCT     : [0]getDataOnRoamingEnabled: phoneSubId=1 isDataRoamingEnabled=true
08-10 09:25:05.789  1138  1138 D PhoneFactory: getPhone:- phoneId != DEFAULT_PHONE_ID return sProxyPhones[phoneId] phoneId=0 phone=Handler (com.android.internal.telephony.PhoneProxy) {21a3b00b}
08-10 09:25:05.789  1138  1138 D DCT     : [0]getDataOnRoamingEnabled: phoneSubId=1 isDataRoamingEnabled=true
08-10 09:25:05.790  1138  1138 D PhoneFactory: getPhone:- phoneId != DEFAULT_PHONE_ID return sProxyPhones[phoneId] phoneId=0 phone=Handler (com.android.internal.telephony.PhoneProxy) {21a3b00b}
08-10 09:25:05.791  1138  1138 D DCT     : [0]getDataOnRoamingEnabled: phoneSubId=1 isDataRoamingEnabled=true
08-10 09:25:05.792  1138  1138 D PhoneFactory: getPhone:- phoneId != DEFAULT_PHONE_ID return sProxyPhones[phoneId] phoneId=0 phone=Handler (com.android.internal.telephony.PhoneProxy) {21a3b00b}
08-10 09:25:05.792  1138  1138 D DCT     : [0]getDataOnRoamingEnabled: phoneSubId=1 isDataRoamingEnabled=true
08-10 09:25:05.792  1138  1138 D GsmSST  : [GsmSST] SubscriptionListener.onSubscriptionInfoChanged
08-10 09:25:05.792  1138  1138 D DCT     : [0]SubscriptionListener.onSubscriptionInfoChanged
08-10 09:25:05.796  1138  1138 D DctController: onSubInfoReady mPhoneNum=1
08-10 09:25:05.796  1138  1138 D DctController: onSubInfoReady handle pending requests subId=1
08-10 09:25:05.796  1138  1138 D DctController: [TNF 1]evalPendingRequest, pending request size is 0
08-10 09:25:05.796  1138  1138 D DctController: processRequests
08-10 09:25:05.797  1138  1138 D SubscriptionController: [getActiveSubInfoList]+
08-10 09:25:05.799  1138  1138 D SubscriptionController: selection:sim_id>=0 null
08-10 09:25:05.814  1138  1138 D TelephonyManager: getTelephonyProperty: return propVal='cn' phoneId=0 property='gsm.sim.operator.iso-country' defaultVal='' prop=cn
08-10 09:25:05.814  1138  1138 D SubscriptionController: [getSubInfoRecord] id:1 iccid:89860115921101579076 simSlotIndex:0 displayName:CARD 1 nameSource:0 iconTint:-16746133 dataRoaming:0 mcc:460 mnc:1 countIso:cn
08-10 09:25:05.816  1138  1138 D PhoneFactory: getPhone:- phoneId != DEFAULT_PHONE_ID return sProxyPhones[phoneId] phoneId=0 phone=Handler (com.android.internal.telephony.PhoneProxy) {21a3b00b}
08-10 09:25:05.820  1138  1138 D SubscriptionController: [getActiveSubInfoList]- 1 infos return
08-10 09:25:05.825  1138  1138 E PhoneBase: Error! unregisterForCallWaiting() in PhoneBase should not be called, CDMAPhone inactive.
08-10 09:25:05.827  1138  1138 D PhoneFactory: getPhone:- phoneId != DEFAULT_PHONE_ID return sProxyPhones[phoneId] phoneId=0 phone=Handler (com.android.internal.telephony.PhoneProxy) {21a3b00b}
08-10 09:25:05.830  1138  1138 D TelephonyManager: getTelephonyProperty: return propVal='null' phoneId=0 property='gsm.operator.alpha' defaultVal='' prop=
08-10 09:25:05.885  1138  1138 E PhoneBase: Error! registerForCallWaiting() in PhoneBase should not be called, CDMAPhone inactive.
08-10 09:25:05.892  1138  1138 D DctController: handleMessage msg={ when=-532ms what=100 target=com.android.internal.telephony.dataconnection.DctController }
08-10 09:25:05.893  1138  1138 D DctController: selectExecPhone requestInfo = [ request=NetworkRequest [ id=1, legacyType=-1, [ Capabilities: INTERNET&NOT_RESTRICTED&TRUSTED&NOT_VPN] ], executed=false, priority=0]
08-10 09:25:05.894  1138  1138 D DctController: getTopPriorityRequestPhoneId = 0, priority = 0
08-10 09:25:05.895  1138  1138 D DcSwitchAsyncChannel: [DcSwitchAsyncChannel-0]: rspIsIdle=true
08-10 09:25:05.895  1138  1138 D DctController: onProcessRequest phoneId=0, activePhoneId=-1
08-10 09:25:05.896  1138  1349 D DcSwitchSM: [DcSwitchStateMachine-0] IdleState: REQ_CONNECT
08-10 09:25:05.896  1138  1349 D RILJ    : [3739]> RIL_REQUEST_ALLOW_DATA [SUB0]
08-10 09:25:05.899  1138  1349 D DcSwitchSM: [DcSwitchStateMachine-0] AttachingState: enter
08-10 09:25:05.899   190   284 D RILC    : RequestComplete, RIL_SOCKET_1
08-10 09:25:05.899   190   284 E RILC    : Send Response to RIL_SOCKET_1
08-10 09:25:05.900  1138  1280 D RilRequest: [3739]< RIL_REQUEST_ALLOW_DATA error: com.android.internal.telephony.CommandException: REQUEST_NOT_SUPPORTED ret=
08-10 09:25:05.901  1138  1138 D DcSwitchAsyncChannel: [DcSwitchAsyncChannel-0]: rspConnect=1
08-10 09:25:05.902  1138  1138 D DctController: handleMessage msg={ when=-542ms what=100 target=com.android.internal.telephony.dataconnection.DctController }
08-10 09:25:05.903  1138  1138 D DctController: selectExecPhone requestInfo = [ request=NetworkRequest [ id=1, legacyType=-1, [ Capabilities: INTERNET&NOT_RESTRICTED&TRUSTED&NOT_VPN] ], executed=false, priority=0]
08-10 09:25:05.904  1138  1138 D DctController: getTopPriorityRequestPhoneId = 0, priority = 0
08-10 09:25:05.905  1138  1138 D DcSwitchAsyncChannel: [DcSwitchAsyncChannel-0]: rspIsIdle=false
08-10 09:25:05.906  1138  1138 D DctController: onProcessRequest phoneId=0, activePhoneId=0
08-10 09:25:05.907  1138  1349 D DcSwitchSM: [DcSwitchStateMachine-0] AttachingState: REQ_CONNECT
08-10 09:25:05.907  1138  1349 D RILJ    : [3740]> RIL_REQUEST_ALLOW_DATA [SUB0]
08-10 09:25:05.909   190   284 D RILC    : RequestComplete, RIL_SOCKET_1
08-10 09:25:05.909   190   284 E RILC    : Send Response to RIL_SOCKET_1
08-10 09:25:05.909  1138  1138 D DcSwitchAsyncChannel: [DcSwitchAsyncChannel-0]: rspConnect=1
08-10 09:25:05.910  1138  1280 D RilRequest: [3740]< RIL_REQUEST_ALLOW_DATA error: com.android.internal.telephony.CommandException: REQUEST_NOT_SUPPORTED ret=
08-10 09:25:05.913  1138  1138 D DctController: handleMessage msg={ when=-343ms what=100 target=com.android.internal.telephony.dataconnection.DctController }
08-10 09:25:05.915  1138  1138 D DctController: selectExecPhone requestInfo = [ request=NetworkRequest [ id=1, legacyType=-1, [ Capabilities: INTERNET&NOT_RESTRICTED&TRUSTED&NOT_VPN] ], executed=false, priority=0]
08-10 09:25:05.915  1138  1138 D DctController: getTopPriorityRequestPhoneId = 0, priority = 0
08-10 09:25:05.917  1138  1138 D DcSwitchAsyncChannel: [DcSwitchAsyncChannel-0]: rspIsIdle=false
08-10 09:25:05.917  1138  1138 D DctController: onProcessRequest phoneId=0, activePhoneId=0
08-10 09:25:05.918  1138  1349 D DcSwitchSM: [DcSwitchStateMachine-0] AttachingState: REQ_CONNECT
08-10 09:25:05.918  1138  1349 D RILJ    : [3741]> RIL_REQUEST_ALLOW_DATA [SUB0]
08-10 09:25:05.920   190   284 D RILC    : RequestComplete, RIL_SOCKET_1
08-10 09:25:05.920   190   284 E RILC    : Send Response to RIL_SOCKET_1
08-10 09:25:05.921  1138  1138 D DcSwitchAsyncChannel: [DcSwitchAsyncChannel-0]: rspConnect=1
08-10 09:25:05.921  1138  1280 D RilRequest: [3741]< RIL_REQUEST_ALLOW_DATA error: com.android.internal.telephony.CommandException: REQUEST_NOT_SUPPORTED ret=
08-10 09:25:05.921  1138  1138 D PHONE   : [ServiceState] setDataRegState=1
08-10 09:25:05.922  1138  1138 D PHONE   : [ServiceState] setDataRadioTechnology=0
08-10 09:25:05.922  1138  1138 D GsmSST  : [GsmSST] handlPollStateResultMessage: GsmSST setDataRegState=1 regState=3 dataRadioTechnology=0
08-10 09:25:05.922  1138  1138 D PHONE   : [ServiceState] setVoiceRegState=1
08-10 09:25:05.922  1138  1138 E PHONE   : [ServiceState] setState deprecated use setVoiceRegState()
08-10 09:25:05.925  1138  1138 D GsmSST  : [GsmSST] Poll ServiceState done:  oldSS=[1 1 voice home data home null null null null null null  Unknown Unknown CSS not supported -1 -1 RoamInd=-1 DefRoamInd=-1 EmergOnly=false] newSS=[1 1 voice home data home null null null null null null  Unknown Unknown CSS not supported -1 -1 RoamInd=-1 DefRoamInd=-1 EmergOnly=false] oldMaxDataCalls=20 mNewMaxDataCalls=20 oldReasonDataDenied=15 mNewReasonDataDenied=15
08-10 09:25:05.925  1138  1138 D PHONE   : [ServiceState] setNullState=1
08-10 09:25:05.926  1138  1138 D DctController: handleMessage msg={ when=-129ms what=100 target=com.android.internal.telephony.dataconnection.DctController }
08-10 09:25:05.928  1138  1138 D DctController: selectExecPhone requestInfo = [ request=NetworkRequest [ id=1, legacyType=-1, [ Capabilities: INTERNET&NOT_RESTRICTED&TRUSTED&NOT_VPN] ], executed=false, priority=0]
08-10 09:25:05.928  1138  1138 D DctController: getTopPriorityRequestPhoneId = 0, priority = 0
08-10 09:25:05.930  1138  1138 D DcSwitchAsyncChannel: [DcSwitchAsyncChannel-0]: rspIsIdle=false
08-10 09:25:05.930  1138  1138 D DctController: onProcessRequest phoneId=0, activePhoneId=0
08-10 09:25:05.931  1138  1349 D DcSwitchSM: [DcSwitchStateMachine-0] AttachingState: REQ_CONNECT
08-10 09:25:05.931  1138  1349 D RILJ    : [3742]> RIL_REQUEST_ALLOW_DATA [SUB0]
08-10 09:25:05.934  1138  1138 D DcSwitchAsyncChannel: [DcSwitchAsyncChannel-0]: rspConnect=1
08-10 09:25:05.934   190   284 D RILC    : RequestComplete, RIL_SOCKET_1
08-10 09:25:05.934   190   284 E RILC    : Send Response to RIL_SOCKET_1
08-10 09:25:05.935  1138  1280 D RilRequest: [3742]< RIL_REQUEST_ALLOW_DATA error: com.android.internal.telephony.CommandException: REQUEST_NOT_SUPPORTED ret=
08-10 09:25:06.236   190   665 I RILQ    : (0/190):RIL[0][qmi_cb] qcril_qmi_nas_update_data_rte: completed, new drte 0 with confidence 4
08-10 09:25:06.238   190   665 I RILC    : RIL_SOCKET_1 UNSOLICITED: UNSOL_RESPONSE_VOICE_NETWORK_STATE_CHANGED length:8
08-10 09:25:06.238   190   665 E RILC    : Send Response to RIL_SOCKET_1
08-10 09:25:06.238  1138  1280 D RILJ    : [UNSL]< UNSOL_RESPONSE_VOICE_NETWORK_STATE_CHANGED [SUB0]
08-10 09:25:06.239  1138  1138 D RILJ    : [3743]> OPERATOR [SUB0]
08-10 09:25:06.241  1138  1138 D RILJ    : [3744]> DATA_REGISTRATION_STATE [SUB0]
08-10 09:25:06.241   190  1481 D RILC    : RequestComplete, RIL_SOCKET_1
08-10 09:25:06.241   190  1481 E RILC    : Send Response to RIL_SOCKET_1
08-10 09:25:06.241  1138  1280 D RILJ    : [3743]< OPERATOR {null, null, null} [SUB0]
08-10 09:25:06.243  1138  1138 D RILJ    : [3745]> VOICE_REGISTRATION_STATE [SUB0]
08-10 09:25:06.244   190  1482 D RILC    : RequestComplete, RIL_SOCKET_1
08-10 09:25:06.244   190  1482 E RILC    : Send Response to RIL_SOCKET_1
08-10 09:25:06.245  1138  1280 D RILJ    : [3744]< DATA_REGISTRATION_STATE {3, null, null, null, 15, 20, null, null, null, null, null} [SUB0]
08-10 09:25:06.245  1138  1138 D RILJ    : [3746]> QUERY_NETWORK_SELECTION_MODE [SUB0]
08-10 09:25:06.246   190  1483 I RILQ    : (0/190):RIL[0][cmd-20(248)] qcril_qmi_nas_update_data_rte: completed, new drte 0 with confidence 4
08-10 09:25:06.248   190  1483 D RILC    : RequestComplete, RIL_SOCKET_1
08-10 09:25:06.248   190  1483 E RILC    : Send Response to RIL_SOCKET_1
08-10 09:25:06.248  1138  1280 D RILJ    : [3745]< VOICE_REGISTRATION_STATE {2, null, null, 0, null, null, null, 0, null, null, null, null, null, 0, null} [SUB0]
08-10 09:25:06.249   190  1484 D RILC    : RequestComplete, RIL_SOCKET_1
08-10 09:25:06.249   190  1484 E RILC    : Send Response to RIL_SOCKET_1
08-10 09:25:06.249  1138  1280 D RILJ    : [3746]< QUERY_NETWORK_SELECTION_MODE {0} [SUB0]
08-10 09:25:06.249  1138  1138 D PHONE   : [ServiceState] setDataRegState=1
08-10 09:25:06.249  1138  1138 D PHONE   : [ServiceState] setDataRadioTechnology=0
08-10 09:25:06.250  1138  1138 D GsmSST  : [GsmSST] handlPollStateResultMessage: GsmSST setDataRegState=1 regState=3 dataRadioTechnology=0
08-10 09:25:06.250  1138  1138 D PHONE   : [ServiceState] setVoiceRegState=1
08-10 09:25:06.250  1138  1138 E PHONE   : [ServiceState] setState deprecated use setVoiceRegState()
