08-10 09:25:02.896   190   293 D RILC    : RequestComplete, RIL_SOCKET_1
08-10 09:25:02.896   190   293 E RILC    : Send Response to RIL_SOCKET_1
08-10 09:25:02.898  1138  1280 D RILJ    : [3686]< SIM_IO IccIoResponse sw1:0x90 sw2:0x0 [SUB0]
08-10 09:25:02.900   190   293 D RILC    : RequestComplete, RIL_SOCKET_1
08-10 09:25:02.900   190   293 E RILC    : Send Response to RIL_SOCKET_1
08-10 09:25:02.901  1138  1138 D RILJ    : [3702]> DATA_REGISTRATION_STATE [SUB0]
08-10 09:25:02.901  1138  1280 D RilRequest: [3687]< SIM_IO error: com.android.internal.telephony.CommandException: GENERIC_FAILURE ret=IccIoResponse sw1:0x94 sw2:0x4
08-10 09:25:02.902   190  1431 D RILC    : RequestComplete, RIL_SOCKET_1
08-10 09:25:02.902   190  1431 E RILC    : Send Response to RIL_SOCKET_1
08-10 09:25:02.903  1138  1138 D RILJ    : [3703]> VOICE_REGISTRATION_STATE [SUB0]
08-10 09:25:02.903  1138  1280 D RILJ    : [3701]< OPERATOR {null, null, null} [SUB0]
08-10 09:25:02.907  1138  1138 D RILJ    : [3704]> QUERY_NETWORK_SELECTION_MODE [SUB0]
08-10 09:25:02.908   190  1432 D RILC    : RequestComplete, RIL_SOCKET_1
08-10 09:25:02.908   190  1432 E RILC    : Send Response to RIL_SOCKET_1
08-10 09:25:02.909   190  1433 I RILQ    : (0/190):RIL[0][cmd-20(248)] qcril_qmi_nas_update_data_rte: completed, new drte 0 with confidence 4
08-10 09:25:02.910  1138  1280 D RILJ    : [3702]< DATA_REGISTRATION_STATE {0, null, null, null, 0, 20, null, 446, 2929439, null, null} [SUB0]
08-10 09:25:02.910   190  1433 D RILC    : RequestComplete, RIL_SOCKET_1
08-10 09:25:02.910   190  1433 E RILC    : Send Response to RIL_SOCKET_1
08-10 09:25:02.912  1138  1138 E IccCardProxy: setExternalState: !override and newstate unchanged from READY
08-10 09:25:02.913  1138  1138 D RILJ    : [3705]> iccIO: SIM_IO 0xb0 0x2fe2  path: 3F00,0,0,10 aid: a0000000871002ff86ffff89ffffffff [SUB0]
08-10 09:25:02.913  1138  1280 D RILJ    : [3703]< VOICE_REGISTRATION_STATE {2, null, null, 0, null, null, null, 0, null, null, null, null, null, 0, null} [SUB0]
08-10 09:25:02.913   190  1434 D RILC    : RequestComplete, RIL_SOCKET_1
08-10 09:25:02.914   190  1434 E RILC    : Send Response to RIL_SOCKET_1
08-10 09:25:02.915  1138  1280 D RILJ    : [3704]< QUERY_NETWORK_SELECTION_MODE {0} [SUB0]
08-10 09:25:02.916  1138  1138 D DctController: handleMessage msg={ when=-122ms what=100 target=com.android.internal.telephony.dataconnection.DctController }
08-10 09:25:02.916  1138  1138 D DctController: getTopPriorityRequestPhoneId = 0, priority = -1
08-10 09:25:02.918  1138  1138 D DcSwitchAsyncChannel: [DcSwitchAsyncChannel-0]: rspIsIdle=true
08-10 09:25:02.918  1138  1138 D DctController: onProcessRequest phoneId=0, activePhoneId=-1
08-10 09:25:02.918  1138  1138 D SubscriptionInfoUpdater: [Receiver]+
08-10 09:25:02.918  1138  1138 D SubscriptionInfoUpdater: Action: android.intent.action.SIM_STATE_CHANGED
08-10 09:25:02.919  1138  1138 D SubscriptionInfoUpdater: slotId: 0
08-10 09:25:02.919  1138  1138 D SubscriptionInfoUpdater: simStatus: READY
08-10 09:25:02.919  1138  1138 D SubscriptionInfoUpdater: Ignoring simStatus: READY
08-10 09:25:02.919  1138  1138 D SubscriptionInfoUpdater: [Receiver]-
08-10 09:25:02.921  1138  1138 D RILJ    : [3706]> iccIO: SIM_IO 0xb2 0x6f40  path: 3F007FFF,1,4,28 aid: a0000000871002ff86ffff89ffffffff [SUB0]
08-10 09:25:02.925  1138  1138 D UiccCarrierPrivilegeRules: EVENT_OPEN_LOGICAL_CHANNEL_DONE
08-10 09:25:02.925  1138  1138 E UiccCarrierPrivilegeRules: Error opening channel
08-10 09:25:02.927  1138  1138 D SubscriptionController: [getSubId]- mSlotIdToSubIdMap.size == 0, return DummySubIds slotIdx=0
08-10 09:25:02.927  1138  1138 D SubscriptionController: getDummySubIds: slotIdx=0 return 1 DummySubIds with each subId=-2
08-10 09:25:02.927  1138  1138 D IccCardProxy: broadcastIccStateChangedIntent intent ACTION_SIM_STATE_CHANGED value=IMSI reason=null for mPhoneId=0
08-10 09:25:02.929   190   293 D RILC    : RequestComplete, RIL_SOCKET_1
08-10 09:25:02.929   190   293 E RILC    : Send Response to RIL_SOCKET_1
08-10 09:25:02.930  1138  1280 D RilRequest: [3688]< SIM_IO error: com.android.internal.telephony.CommandException: GENERIC_FAILURE ret=IccIoResponse sw1:0x6a sw2:0x82
08-10 09:25:02.930  1138  1138 D RILJ    : [3707]> iccIO: SIM_IO 0xb0 0x6fad  path: 3F007FFF,0,0,4 aid: a0000000871002ff86ffff89ffffffff [SUB0]
08-10 09:25:02.933   190   293 D RILC    : RequestComplete, RIL_SOCKET_1
08-10 09:25:02.934   190   293 E RILC    : Send Response to RIL_SOCKET_1
08-10 09:25:02.934   710   774 D TelephonyManager: getSimOperatorNumeric(): default subId=1
08-10 09:25:02.935  1138  1280 D RilRequest: [3689]< SIM_IO error: com.android.internal.telephony.CommandException: GENERIC_FAILURE ret=IccIoResponse sw1:0x94 sw2:0x4
08-10 09:25:02.936  1138  1138 D PHONE   : [ServiceState] setDataRegState=1
08-10 09:25:02.936  1138  1138 D PHONE   : [ServiceState] setDataRadioTechnology=0
08-10 09:25:02.936  1138  1138 D GsmSST  : [GsmSST] handlPollStateResultMessage: GsmSST setDataRegState=1 regState=0 dataRadioTechnology=0
08-10 09:25:02.936  1138  1138 D PHONE   : [ServiceState] setVoiceRegState=1
08-10 09:25:02.936  1138  1138 E PHONE   : [ServiceState] setState deprecated use setVoiceRegState()
08-10 09:25:02.939  1138  1138 D GsmSST  : [GsmSST] Poll ServiceState done:  oldSS=[1 1 voice home data home null null null null null null  Unknown Unknown CSS not supported -1 -1 RoamInd=-1 DefRoamInd=-1 EmergOnly=false] newSS=[1 1 voice home data home null null null null null null  Unknown Unknown CSS not supported -1 -1 RoamInd=-1 DefRoamInd=-1 EmergOnly=false] oldMaxDataCalls=20 mNewMaxDataCalls=20 oldReasonDataDenied=-1 mNewReasonDataDenied=-1
08-10 09:25:02.940  1138  1138 D PHONE   : [ServiceState] setNullState=1
08-10 09:25:02.941  1138  1138 D RILJ    : [3708]> iccIO: SIM_IO 0xc0 0x6f17  path: 3F007FFF,0,0,15 aid: a0000000871002ff86ffff89ffffffff [SUB0]
08-10 09:25:02.941  1138  1179 D SubscriptionController: [getPhoneId]- no sims, returning default phoneId=2147483647
08-10 09:25:02.943  1138  1138 D SIMRecords: [SIMRecords] onRecordLoaded 17 requested: true
08-10 09:25:02.943  1138  1138 D SubscriptionInfoUpdater: [Receiver]+
08-10 09:25:02.944  1138  1138 D SubscriptionInfoUpdater: Action: android.intent.action.SIM_STATE_CHANGED
08-10 09:25:02.944  1138  1138 D SubscriptionInfoUpdater: slotId: 0
08-10 09:25:02.944  1138  1138 D SubscriptionInfoUpdater: simStatus: IMSI
08-10 09:25:02.944  1138  1138 D SubscriptionInfoUpdater: Ignoring simStatus: IMSI
08-10 09:25:02.944  1138  1138 D SubscriptionInfoUpdater: [Receiver]-
08-10 09:25:02.945  1138  1138 D SIMRecords: [SIMRecords] EF_MWIS : null
08-10 09:25:02.945  1138  1138 D SIMRecords: [SIMRecords] EVENT_GET_MWIS_DONE exception = com.android.internal.telephony.CommandException: GENERIC_FAILURE
08-10 09:25:02.946  1138  1138 D SIMRecords: [SIMRecords] onRecordLoaded 16 requested: true
08-10 09:25:02.946  1138  1138 D SIMRecords: [SIMRecords] EF_CPHS_MWI: null
08-10 09:25:02.946  1138  1138 D SIMRecords: [SIMRecords] EVENT_GET_VOICE_MAIL_INDICATOR_CPHS_DONE exception = com.android.internal.telephony.CommandException: GENERIC_FAILURE
08-10 09:25:02.946  1138  1138 D SIMRecords: [SIMRecords] onRecordLoaded 15 requested: true
08-10 09:25:02.947   710   774 D TelephonyManager: getTelephonyProperty: return propVal='null' phoneId=2147483647 property='gsm.sim.operator.numeric' defaultVal='' prop=
08-10 09:25:02.947  1138  1138 D SIMRecords: [SIMRecords] onRecordLoaded 14 requested: true
08-10 09:25:02.963   190   293 D RILC    : RequestComplete, RIL_SOCKET_1
08-10 09:25:02.963   190   293 E RILC    : Send Response to RIL_SOCKET_1
08-10 09:25:02.965  1138  1280 D RilRequest: [3690]< SIM_IO error: com.android.internal.telephony.CommandException: GENERIC_FAILURE ret=IccIoResponse sw1:0x6a sw2:0x82
08-10 09:25:02.965  1138  1138 D SIMRecords: [SIMRecords] onRecordLoaded 13 requested: true
08-10 09:25:02.984   190   293 D RILC    : RequestComplete, RIL_SOCKET_1
08-10 09:25:02.984   190   293 E RILC    : Send Response to RIL_SOCKET_1
08-10 09:25:02.985  1138  1280 D RILJ    : [3691]< SIM_IO IccIoResponse sw1:0x90 sw2:0x0 [SUB0]
08-10 09:25:02.986  1138  1138 D RILJ    : [3709]> iccIO: SIM_IO 0xb0 0x6f46  path: 3F007FFF,0,0,17 aid: a0000000871002ff86ffff89ffffffff [SUB0]
08-10 09:25:03.015   190   293 D RILC    : RequestComplete, RIL_SOCKET_1
08-10 09:25:03.015   190   293 E RILC    : Send Response to RIL_SOCKET_1
08-10 09:25:03.020  1138  1280 D RilRequest: [3692]< SIM_IO error: com.android.internal.telephony.CommandException: GENERIC_FAILURE ret=IccIoResponse sw1:0x6a sw2:0x82
08-10 09:25:03.021  1138  1138 D SIMRecords: [SIMRecords] onRecordLoaded 12 requested: true
08-10 09:25:03.036   190   293 D RILC    : RequestComplete, RIL_SOCKET_1
08-10 09:25:03.036   190   293 E RILC    : Send Response to RIL_SOCKET_1
08-10 09:25:03.038  1138  1280 D RILJ    : [3693]< SIM_IO IccIoResponse sw1:0x90 sw2:0x0 [SUB0]
08-10 09:25:03.039  1138  1138 D RILJ    : [3710]> iccIO: SIM_IO 0xb2 0x6fc5  path: 3F007FFF,1,4,14 aid: a0000000871002ff86ffff89ffffffff [SUB0]
08-10 09:25:03.047   190   293 D RILC    : RequestComplete, RIL_SOCKET_1
08-10 09:25:03.047   190   293 E RILC    : Send Response to RIL_SOCKET_1
08-10 09:25:03.050  1138  1280 D RILJ    : [3707]< SIM_IO IccIoResponse sw1:0x90 sw2:0x0 [SUB0]
08-10 09:25:03.051  1138  1138 D SIMRecords: [SIMRecords] EF_AD: 00000002
08-10 09:25:03.051  1138  1138 D SIMRecords: [SIMRecords] setting4 mMncLength=2
08-10 09:25:03.051  1138  1138 D SIMRecords: [SIMRecords] mccmncCode=460011
08-10 09:25:03.052  1138  1138 D SIMRecords: [SIMRecords] update mccmnc=46001
08-10 09:25:03.065  1138  1138 D TelephonyManager: getSimOperatorNumeric(): default subId=1
08-10 09:25:03.071  1138  1138 D SubscriptionController: [getPhoneId]- no sims, returning default phoneId=2147483647
08-10 09:25:03.079  1138  1138 D TelephonyManager: getTelephonyProperty: return propVal='null' phoneId=2147483647 property='gsm.sim.operator.numeric' defaultVal='' prop=
08-10 09:25:03.081   190   293 D RILC    : RequestComplete, RIL_SOCKET_1
08-10 09:25:03.081   190   293 E RILC    : Send Response to RIL_SOCKET_1
08-10 09:25:03.082  1138  1280 D RILJ    : [3694]< SIM_IO IccIoResponse sw1:0x90 sw2:0x0 [SUB0]
08-10 09:25:03.091  1138  1177 D DCT     : [0]hasMatchedTetherApnSetting: APN=null
08-10 09:25:03.110   190   293 D RILC    : RequestComplete, RIL_SOCKET_1
08-10 09:25:03.110   190   293 E RILC    : Send Response to RIL_SOCKET_1
08-10 09:25:03.112  1138  1280 D RilRequest: [3695]< SIM_IO error: com.android.internal.telephony.CommandException: GENERIC_FAILURE ret=IccIoResponse sw1:0x6a sw2:0x82
08-10 09:25:03.137   190   293 D RILC    : RequestComplete, RIL_SOCKET_1
08-10 09:25:03.137   190   293 E RILC    : Send Response to RIL_SOCKET_1
08-10 09:25:03.138  1138  1280 D RilRequest: [3696]< SIM_IO error: com.android.internal.telephony.CommandException: GENERIC_FAILURE ret=IccIoResponse sw1:0x6a sw2:0x82
08-10 09:25:03.144  1138  1138 D SIMRecords: [SIMRecords] onRecordLoaded 11 requested: true
08-10 09:25:03.145  1138  1138 D RILJ    : [3711]> iccIO: SIM_IO 0xb0 0x6f38  path: 3F007FFF,0,0,10 aid: a0000000871002ff86ffff89ffffffff [SUB0]
08-10 09:25:03.156   190   293 D RILC    : RequestComplete, RIL_SOCKET_1
08-10 09:25:03.156   190   293 E RILC    : Send Response to RIL_SOCKET_1
08-10 09:25:03.158  1138  1280 D RILJ    : [3697]< SIM_IO IccIoResponse sw1:0x90 sw2:0x0 [SUB0]
08-10 09:25:03.160  1138  1362 D DCT     : [0]hasMatchedTetherApnSetting: APN=null
08-10 09:25:03.161  1138  1138 D SIMRecords: [SIMRecords] onRecordLoaded 10 requested: true
08-10 09:25:03.162  1138  1138 D RILJ    : [3712]> iccIO: SIM_IO 0xb0 0x6f3e  path: 3F007FFF,0,0,1 aid: a0000000871002ff86ffff89ffffffff [SUB0]
08-10 09:25:03.166  1138  1179 D DCT     : [0]hasMatchedTetherApnSetting: APN=null
08-10 09:25:03.171  1138  1138 E SIMRecords: [SIMRecords] Exception in fetching EF_CSP data com.android.internal.telephony.CommandException: GENERIC_FAILURE
08-10 09:25:03.173  1138  1138 D SIMRecords: [SIMRecords] onRecordLoaded 9 requested: true
08-10 09:25:03.201   190   293 D RILC    : RequestComplete, RIL_SOCKET_1
08-10 09:25:03.201   190   293 E RILC    : Send Response to RIL_SOCKET_1
08-10 09:25:03.203  1138  1280 D RILJ    : [3698]< SIM_IO IccIoResponse sw1:0x90 sw2:0x0 [SUB0]
08-10 09:25:03.204  1138  1138 D RILJ    : [3713]> iccIO: SIM_IO 0xb0 0x6f05  path: 3F007FFF,0,0,4 aid: a0000000871002ff86ffff89ffffffff [SUB0]
08-10 09:25:03.266   190   293 D RILC    : RequestComplete, RIL_SOCKET_1
08-10 09:25:03.267   190   293 E RILC    : Send Response to RIL_SOCKET_1
08-10 09:25:03.268  1138  1280 D RILJ    : [3699]< SIM_IO IccIoResponse sw1:0x90 sw2:0x0 [SUB0]
08-10 09:25:03.270  1138  1138 D RILJ    : [3714]> iccIO: SIM_IO 0xb0 0x2f05  path: 3F00,0,0,4 aid: a0000000871002ff86ffff89ffffffff [SUB0]
08-10 09:25:03.272   190   293 D RILC    : RequestComplete, RIL_SOCKET_1
08-10 09:25:03.272   190   293 E RILC    : Send Response to RIL_SOCKET_1
08-10 09:25:03.273  1138  1280 D RILJ    : [3705]< SIM_IO IccIoResponse sw1:0x90 sw2:0x0 [SUB0]
08-10 09:25:03.274  1138  1138 D SIMRecords: [SIMRecords] iccid: 89860115921101579076
08-10 09:25:03.274  1138  1138 D SIMRecords: [SIMRecords] onRecordLoaded 8 requested: true
08-10 09:25:03.277   190   293 D RILC    : RequestComplete, RIL_SOCKET_1
08-10 09:25:03.277   190   293 E RILC    : Send Response to RIL_SOCKET_1
08-10 09:25:03.278  1138  1280 D RILJ    : [3706]< SIM_IO IccIoResponse sw1:0x90 sw2:0x0 [SUB0]
08-10 09:25:03.306   190   293 D RILC    : RequestComplete, RIL_SOCKET_1
08-10 09:25:03.306   190   293 E RILC    : Send Response to RIL_SOCKET_1
08-10 09:25:03.307  1138  1280 D RilRequest: [3708]< SIM_IO error: com.android.internal.telephony.CommandException: GENERIC_FAILURE ret=IccIoResponse sw1:0x6a sw2:0x82
08-10 09:25:03.308  1138  1138 D SIMRecords: [SIMRecords] MSISDN: xxxxxxx
08-10 09:25:03.308  1138  1138 D SIMRecords: [SIMRecords] onRecordLoaded 7 requested: true
08-10 09:25:03.308   190   293 D RILC    : RequestComplete, RIL_SOCKET_1
08-10 09:25:03.308   190   293 E RILC    : Send Response to RIL_SOCKET_1
08-10 09:25:03.308  1138  1138 D SIMRecords: [SIMRecords] Invalid or missing EF[MAILBOX]
08-10 09:25:03.308  1138  1138 D SIMRecords: [SIMRecords] onRecordLoaded 6 requested: true
08-10 09:25:03.309  1138  1280 D RILJ    : [3709]< SIM_IO IccIoResponse sw1:0x90 sw2:0x0 [SUB0]
08-10 09:25:03.310   190   293 D RILC    : RequestComplete, RIL_SOCKET_1
08-10 09:25:03.310   190   293 E RILC    : Send Response to RIL_SOCKET_1
08-10 09:25:03.312  1138  1280 D RILJ    : [3710]< SIM_IO IccIoResponse sw1:0x90 sw2:0x0 [SUB0]
08-10 09:25:03.314   190   293 D RILC    : RequestComplete, RIL_SOCKET_1
08-10 09:25:03.314   190   293 E RILC    : Send Response to RIL_SOCKET_1
08-10 09:25:03.316  1138  1280 D RILJ    : [3711]< SIM_IO IccIoResponse sw1:0x90 sw2:0x0 [SUB0]
08-10 09:25:03.317  1138  1138 D SIMRecords: [SIMRecords] getServiceProviderName: no brandOverride
08-10 09:25:03.317  1138  1138 D SIMRecords: [SIMRecords] getServiceProviderName: providerName=
08-10 09:25:03.318  1138  1138 D SIMRecords: [SIMRecords] Load EF_SPN:  spnDisplayCondition: 0
08-10 09:25:03.318  1138  1138 D SIMRecords: [SIMRecords] getServiceProviderName: no brandOverride
08-10 09:25:03.318  1138  1138 D SIMRecords: [SIMRecords] getServiceProviderName: providerName=
08-10 09:25:03.319  1138  1138 D TelephonyManager: setTelephonyProperty: success phoneId=0 property=gsm.sim.operator.alpha value:  propVal=
08-10 09:25:03.320  1138  1138 D SIMRecords: [SIMRecords] onRecordLoaded 5 requested: true
08-10 09:25:03.321  1138  1138 D SIMRecords: [SIMRecords] onRecordLoaded 4 requested: true
08-10 09:25:03.325  1138  1138 D SIMRecords: [SIMRecords] SST: UsimServiceTable[80]={ FDN, FDN_EXTENSION, SDN, SDN_EXTENSION, OUTGOING_CALL_INFO, INCOMING_CALL_INFO, SM_STORAGE, SM_STATUS_REPORTS, SM_SERVICE_PARAMS, ADVICE_OF_CHARGE, CAP_CONFIG_PARAMS_2, CB_MESSAGE_ID, CB_MESSAGE_ID_RANGES, GROUP_ID_LEVEL_1, GROUP_ID_LEVEL_2, SPN, USER_PLMN_SELECT, MSISDN, IMAGE, EMLPP, EMLPP_AUTO_ANSWER, GSM_ACCESS, DATA_DL_VIA_SMS_PP, DATA_DL_VIA_SMS_CB, CALL_CONTROL_BY_USIM, MO_SMS_CONTROL_BY_USIM, RUN_AT_COMMAND, IGNORED_1, ENABLED_SERVICES_TABLE, APN_CONTROL_LIST, DEPERSONALISATION_CONTROL_KEYS, COOPERATIVE_NETWORK_LIST, GSM_SECURITY_CONTEXT, CPBCCH_INFO, INVESTIGATION_SCAN, OPERATOR_PLMN_SELECT, HPLMN_SELECT, EXTENSION_5, PLMN_NETWORK_NAME, OPERATOR_PLMN_LIST, SERVICE_PROVIDER_DISPLAY_INFO, MMS_NOTIFICATION, MMS_NOTIFICATION_EXTENSION, MMS_CONNECTIVITY_PARAMS, NETWORK_INDICATION_OF_ALERTING, VGCS_GROUP_ID_LIST, VBS_GROUP_ID_LIST, EQUIVALENT_HPLMN, EQUIVALENT_HPLMN_PRESENTATION }
08-10 09:25:03.325  1138  1138 D SIMRecords: [SIMRecords] onRecordLoaded 3 requested: true
08-10 09:25:03.328   190   293 D RILC    : RequestComplete, RIL_SOCKET_1
08-10 09:25:03.328   190   293 E RILC    : Send Response to RIL_SOCKET_1
08-10 09:25:03.329  1138  1280 D RILJ    : [3712]< SIM_IO IccIoResponse sw1:0x90 sw2:0x0 [SUB0]
08-10 09:25:03.330   190   293 D RILC    : RequestComplete, RIL_SOCKET_1
08-10 09:25:03.330   190   293 E RILC    : Send Response to RIL_SOCKET_1
08-10 09:25:03.331  1138  1280 D RILJ    : [3713]< SIM_IO IccIoResponse sw1:0x90 sw2:0x0 [SUB0]
08-10 09:25:03.331  1138  1138 D SIMRecords: [SIMRecords] GID1: ff
08-10 09:25:03.331  1138  1138 D SIMRecords: [SIMRecords] onRecordLoaded 2 requested: true
08-10 09:25:03.331  1138  1138 D SIMRecords: [SIMRecords] EF_LI LOADED
08-10 09:25:03.331   190   293 D RILC    : RequestComplete, RIL_SOCKET_1
08-10 09:25:03.331  1138  1138 D SIMRecords: [SIMRecords] EF_LI=7a68656e
08-10 09:25:03.331   190   293 E RILC    : Send Response to RIL_SOCKET_1
08-10 09:25:03.332  1138  1280 D RILJ    : [3714]< SIM_IO IccIoResponse sw1:0x90 sw2:0x0 [SUB0]
08-10 09:25:03.334  1138  1138 D SIMRecords: [SIMRecords] onRecordLoaded 1 requested: true
08-10 09:25:03.335  1138  1138 D SIMRecords: [SIMRecords] EF_PL LOADED
08-10 09:25:03.335  1138  1138 D SIMRecords: [SIMRecords] EF_PL=ffffffff
08-10 09:25:03.335  1138  1138 D SIMRecords: [SIMRecords] onRecordLoaded 0 requested: true
08-10 09:25:03.336  1138  1138 D SIMRecords: [SIMRecords] record load complete
08-10 09:25:03.339  1138  1138 D SIMRecords: [SIMRecords] languages from sim = zh
08-10 09:25:03.340  1138  1138 D SIMRecords: [SIMRecords] Setting locale to zh_cn
08-10 09:25:03.341  1138  1138 D SIMRecords: [SIMRecords] onAllRecordsLoaded set 'gsm.sim.operator.numeric' to operator='46001'
08-10 09:25:03.341  1138  1138 D SIMRecords: [SIMRecords] update icc_operator_numeric=46001
08-10 09:25:03.342  1138  1138 D TelephonyManager: setTelephonyProperty: success phoneId=0 property=gsm.sim.operator.numeric value: 46001 propVal=46001
08-10 09:25:03.347  1138  1138 D SubscriptionController: [setMccMnc]+ mcc/mnc:460/1 subId:1
08-10 09:25:03.353   190   293 I RILC    : RIL_SOCKET_1 UNSOLICITED: UNSOL_STK_PROACTIVE_COMMAND length:676
08-10 09:25:03.353   190   293 E RILC    : Send Response to RIL_SOCKET_1
08-10 09:25:03.354  1138  1280 D RILJ    : [UNSL]< UNSOL_STK_PROACTIVE_COMMAND [SUB0]
08-10 09:25:03.387  1138  1138 D SubscriptionController: notifySubscriptionInfoChanged:
08-10 09:25:03.390   710   710 D TelephonyManager: getSimOperatorNumeric(): default subId=1
08-10 09:25:03.391  1138  1394 D SubscriptionController: [getPhoneId]- no sims, returning default phoneId=2147483647
08-10 09:25:03.393  1138  1138 D SIMRecords: [SIMRecords] onAllRecordsLoaded set mcc imsi=460011952973996
08-10 09:25:03.394  1138  1138 D TelephonyManager: setTelephonyProperty: success phoneId=0 property=gsm.sim.operator.iso-country value: cn propVal=cn
08-10 09:25:03.395   710   710 D TelephonyManager: getTelephonyProperty: return propVal='null' phoneId=2147483647 property='gsm.sim.operator.numeric' defaultVal='' prop=46001
08-10 09:25:03.404  1138  1138 D CAT     : CatService: handleMessage[2]
08-10 09:25:03.404  1138  1138 D CAT     : CatService: ril message arrived,slotid:0
08-10 09:25:03.405  1138  1138 D GsmSST  : [GsmSST] SubscriptionListener.onSubscriptionInfoChanged
08-10 09:25:03.406  1138  1138 D SubscriptionController: [getSubId]- mSlotIdToSubIdMap.size == 0, return DummySubIds slotIdx=0
08-10 09:25:03.406  1138  1138 D SubscriptionController: getDummySubIds: slotIdx=0 return 1 DummySubIds with each subId=-2
08-10 09:25:03.406  1138  1138 D DCT     : [0]SubscriptionListener.onSubscriptionInfoChanged
08-10 09:25:03.406  1138  1138 D SubscriptionController: [getSubId]- mSlotIdToSubIdMap.size == 0, return DummySubIds slotIdx=0
08-10 09:25:03.406  1138  1138 D SubscriptionController: getDummySubIds: slotIdx=0 return 1 DummySubIds with each subId=-2
08-10 09:25:03.407  1138  1138 D DctController: onSubInfoReady mPhoneNum=1
08-10 09:25:03.407  1138  1138 D SubscriptionController: [getSubId]- mSlotIdToSubIdMap.size == 0, return DummySubIds slotIdx=0
08-10 09:25:03.407  1138  1138 D SubscriptionController: getDummySubIds: slotIdx=0 return 1 DummySubIds with each subId=-2
08-10 09:25:03.407  1138  1138 D DctController: onSubInfoReady handle pending requests subId=-2
08-10 09:25:03.407  1138  1138 D SubscriptionController: [getSubId]- mSlotIdToSubIdMap.size == 0, return DummySubIds slotIdx=0
08-10 09:25:03.410  1138  1138 D SubscriptionController: getDummySubIds: slotIdx=0 return 1 DummySubIds with each subId=-2
08-10 09:25:03.410  1138  1138 D DctController: [TNF -2]evalPendingRequest, pending request size is 1
08-10 09:25:03.410  1138  1424 D CAT     : CommandParamsFactory: process SelectItem
08-10 09:25:03.411  1138  1138 D SubscriptionController: [getSubId]- mSlotIdToSubIdMap.size == 0, return DummySubIds slotIdx=0
08-10 09:25:03.411  1138  1138 D SubscriptionController: getDummySubIds: slotIdx=0 return 1 DummySubIds with each subId=-2
08-10 09:25:03.411  1138  1138 D DctController: [TNF -2]evalPendingRequest: request = NetworkRequest [ id=1, legacyType=-1, [ Capabilities: INTERNET&NOT_RESTRICTED&TRUSTED&NOT_VPN] ]
08-10 09:25:03.412  1138  1138 D SubscriptionController: [getSubId]- mSlotIdToSubIdMap.size == 0, return DummySubIds slotIdx=0
08-10 09:25:03.413  1138  1138 D SubscriptionController: getDummySubIds: slotIdx=0 return 1 DummySubIds with each subId=-2
08-10 09:25:03.413  1138  1138 D DctController: [TNF -2]Cellular needs Network for NetworkRequest [ id=1, legacyType=-1, [ Capabilities: INTERNET&NOT_RESTRICTED&TRUSTED&NOT_VPN] ]
08-10 09:25:03.413  1138  1138 D SubscriptionController: [getSubId]- mSlotIdToSubIdMap.size == 0, return DummySubIds slotIdx=0
08-10 09:25:03.414  1138  1138 D SubscriptionController: getDummySubIds: slotIdx=0 return 1 DummySubIds with each subId=-2
08-10 09:25:03.414  1138  1138 D SubscriptionController: [getSubId]- mSlotIdToSubIdMap.size == 0, return DummySubIds slotIdx=0
08-10 09:25:03.414  1138  1138 D SubscriptionController: getDummySubIds: slotIdx=0 return 1 DummySubIds with each subId=-2
08-10 09:25:03.414  1138  1138 D DctController: [TNF -2]Sub Info has not been ready, pending request.
08-10 09:25:03.414  1138  1138 D DctController: processRequests
08-10 09:25:03.417  1138  1138 D SubscriptionController: [getActiveSubInfoList]+
08-10 09:25:03.420  1138  1138 D SubscriptionController: [getActiveSubInfoList] Sub Controller not ready
08-10 09:25:03.425  1138  1138 E PhoneBase: Error! unregisterForCallWaiting() in PhoneBase should not be called, CDMAPhone inactive.
08-10 09:25:03.428  1138  1138 D SubscriptionController: [getSubId]- mSlotIdToSubIdMap.size == 0, return DummySubIds slotIdx=0
08-10 09:25:03.429  1138  1138 D SubscriptionController: getDummySubIds: slotIdx=0 return 1 DummySubIds with each subId=-2
08-10 09:25:03.429  1138  1138 D SubscriptionController: [getSubId]- mSlotIdToSubIdMap.size == 0, return DummySubIds slotIdx=0
08-10 09:25:03.430  1138  1138 D SubscriptionController: getDummySubIds: slotIdx=0 return 1 DummySubIds with each subId=-2
08-10 09:25:03.433  1138  1138 D SubscriptionController: [getPhoneId]- invalid subId return=-1
08-10 09:25:03.436  1138  1138 D PhoneFactory: getPhone:- phoneId != DEFAULT_PHONE_ID return sProxyPhones[phoneId] phoneId=-1 phone=null
08-10 09:25:03.438  1138  1138 D SubscriptionManager: [getPhoneId]- fail
08-10 09:25:03.516  1138  1138 E PhoneBase: Error! registerForCallWaiting() in PhoneBase should not be called, CDMAPhone inactive.
08-10 09:25:03.521  1138  1138 D CAT     : CatService: handleMessage[20]
08-10 09:25:03.522  1138  1138 D SubscriptionController: [getSubId]- mSlotIdToSubIdMap.size == 0, return DummySubIds slotIdx=0
08-10 09:25:03.522  1138  1138 D SubscriptionController: getDummySubIds: slotIdx=0 return 1 DummySubIds with each subId=-2
08-10 09:25:03.522  1138  1138 D GSMPhone: [GSMPhone] updateCurrentCarrierInProvider: mSubId = -2 currentDds = 1 operatorNumeric = 46001
08-10 09:25:03.523  1138  1138 D SubscriptionController: [getSubId]- mSlotIdToSubIdMap.size == 0, return DummySubIds slotIdx=0
08-10 09:25:03.523  1138  1138 D SubscriptionController: getDummySubIds: slotIdx=0 return 1 DummySubIds with each subId=-2
08-10 09:25:03.524  1138  1138 D PhoneBase: Voicemail count retrieval for subscriberId = null current subscriberId = 460011952973996
08-10 09:25:03.524  1138  1138 D SubscriptionController: [getSubId]- mSlotIdToSubIdMap.size == 0, return DummySubIds slotIdx=0
08-10 09:25:03.524  1138  1138 D SubscriptionController: getDummySubIds: slotIdx=0 return 1 DummySubIds with each subId=-2
08-10 09:25:03.524  1138  1138 D GSMPhone: updateVoiceMail countVoiceMessages = 0 subId -2
08-10 09:25:03.525  1138  1138 D SubscriptionController: [getSubId]- mSlotIdToSubIdMap.size == 0, return DummySubIds slotIdx=0
08-10 09:25:03.525  1138  1138 D SubscriptionController: getDummySubIds: slotIdx=0 return 1 DummySubIds with each subId=-2
08-10 09:25:03.526  1138  1138 D GsmSST  : [GsmSST] EVENT_SIM_RECORDS_LOADED: what=16
08-10 09:25:03.527  1138  1138 D SST     : updatePhoneObject: Ignore update
08-10 09:25:03.529  1138  1138 D SIMRecords: [SIMRecords] getServiceProviderName: no brandOverride
08-10 09:25:03.529  1138  1138 D SIMRecords: [SIMRecords] getServiceProviderName: providerName=
08-10 09:25:03.529  1138  1138 D GsmSST  : [GsmSST] updateSpnDisplay: radio is on but out of service, set plmn='No service.'
08-10 09:25:03.530  1138  1138 D SIMRecords: [SIMRecords] getServiceProviderName: no brandOverride
08-10 09:25:03.530  1138  1138 D SIMRecords: [SIMRecords] getServiceProviderName: providerName=
08-10 09:25:03.530  1138  1138 D DCT     : [0]handleMessage msg={ when=-134ms what=270338 obj=android.os.AsyncResult@15e14619 target=com.android.internal.telephony.dataconnection.DcTracker }
08-10 09:25:03.531  1138  1138 D DCT     : [0]onRecordsLoaded: createAllApnList
08-10 09:25:03.531  1138  1138 D DCT     : [0]createAllApnList: selection=numeric = '46001'
08-10 09:25:03.538  1138  1303 D GsmCellBroadcastHandler: mWakeLock released
08-10 09:25:03.581  1138  1138 D DCT     : [0]createApnList: X result=[[ApnSettingV3] 3G (China Unicom), 2622, 46001, 3gnet, , null, , , , -1, default | supl, IP, IP, true, 0, 0, false, 0, 0, 0, 0, , , [ApnSettingV3] 3G (China Unicom), 2623, 46001, 3gwap, 10.0.0.172, null, , , 80, -1, default | supl, IP, IP, true, 0, 0, false, 0, 0, 0, 0, , , [ApnSettingV3] 2GNET (China Unicom), 2624, 46001, uninet, , null, , , , -1, default | supl, IP, IP, true, 0, 0, false, 0, 0, 0, 0, , , [ApnSettingV3]  (China Unicom), 2625, 46001, 3gwap, , http://mmsc.myuni.com.cn, 10.0.0.172, 80, , -1, mms, IP, IP, true, 0, 0, false, 0, 0, 0, 0, , , [ApnSettingV3] 2g (China Unicom), 2626, 46001, uniwap, , http://mmsc.myuni.com.cn, 10.0.0.172, 80, , -1, mms, IP, IP, true, 0, 0, false, 0, 0, 0, 0, , ]
08-10 09:25:03.585  1138  1138 D SubscriptionController: [getSubId]- mSlotIdToSubIdMap.size == 0, return DummySubIds slotIdx=0
08-10 09:25:03.586  1138  1138 D SubscriptionController: getDummySubIds: slotIdx=0 return 1 DummySubIds with each subId=-2
08-10 09:25:03.621  1138  1138 D DCT     : [0]getPreferredApn: mRequestedApnType=default cursor=android.content.ContentResolver$CursorWrapperInner@49ca6de cursor.count=0
08-10 09:25:03.624  1138  1138 D DCT     : [0]getPreferredApn: X not found
08-10 09:25:03.624  1138  1138 D DCT     : [0]createAllApnList: mPreferredApn=null
08-10 09:25:03.629  1138  1138 D DCT     : [0]createAllApnList: X mAllApnSettings=[[ApnSettingV3] 3G (China Unicom), 2622, 46001, 3gnet, , null, , , , -1, default | supl, IP, IP, true, 0, 0, false, 0, 0, 0, 0, , , [ApnSettingV3] 3G (China Unicom), 2623, 46001, 3gwap, 10.0.0.172, http://mmsc.myuni.com.cn, 10.0.0.172, 80, 80, -1, default | supl | mms, IP, IP, true, 0, 0, false, 0, 0, 0, 0, , , [ApnSettingV3] 2GNET (China Unicom), 2624, 46001, uninet, , null, , , , -1, default | supl, IP, IP, true, 0, 0, false, 0, 0, 0, 0, , , [ApnSettingV3] 2g (China Unicom), 2626, 46001, uniwap, , http://mmsc.myuni.com.cn, 10.0.0.172, 80, , -1, mms, IP, IP, true, 0, 0, false, 0, 0, 0, 0, , ]
08-10 09:25:03.629  1138  1138 D DCT     : [0]setDataProfilesAsNeeded
08-10 09:25:03.629  1138  1138 D DCT     : [0]setInitialApn: E mPreferredApn=null
08-10 09:25:03.630  1138  1138 D DCT     : [0]setInitialApn: firstApnSetting=[ApnSettingV3] 3G (China Unicom), 2622, 46001, 3gnet, , null, , , , -1, default | supl, IP, IP, true, 0, 0, false, 0, 0, 0, 0, , 
08-10 09:25:03.631  1138  1138 D DCT     : [0]setInitialApn: defaultApnSetting=[ApnSettingV3] 3G (China Unicom), 2622, 46001, 3gnet, , null, , , , -1, default | supl, IP, IP, true, 0, 0, false, 0, 0, 0, 0, , 
08-10 09:25:03.631  1138  1138 D DCT     : [0]setInitialAttachApn: using defaultApnSetting
08-10 09:25:03.632  1138  1138 D DCT     : [0]setInitialAttachApn: X selected Apn=[ApnSettingV3] 3G (China Unicom), 2622, 46001, 3gnet, , null, , , , -1, default | supl, IP, IP, true, 0, 0, false, 0, 0, 0, 0, , 
08-10 09:25:03.633  1138  1138 D RILJ    : Set RIL_REQUEST_SET_INITIAL_ATTACH_APN [SUB0]
08-10 09:25:03.634  1138  1138 D RILJ    : [3715]> RIL_REQUEST_SET_INITIAL_ATTACH_APN, apn:3gnet, protocol:IP, authType:-1, username:null, password:null [SUB0]
08-10 09:25:03.638  1138  1138 D DCT     : [0]onRecordsLoaded: notifying data availability
08-10 09:25:03.638  1138  1138 D SubscriptionController: [getSubId]- mSlotIdToSubIdMap.size == 0, return DummySubIds slotIdx=0
08-10 09:25:03.638  1138  1138 D SubscriptionController: getDummySubIds: slotIdx=0 return 1 DummySubIds with each subId=-2
08-10 09:25:03.640  1138  1138 D DCT     : [0]isDataAllowed getRecordsLoaded=true
08-10 09:25:03.646  1138  1138 D DCT     : [0]isDataAllowed: not allowed due to - Attached= false
08-10 09:25:03.649  1138  1138 D DCT     : [ApnContext:default] getApnSetting: apnSetting=null
08-10 09:25:03.650  1138  1138 D SubscriptionController: [getPhoneId]- invalid subId return=-1
08-10 09:25:03.651   190   284 D RILC    : RequestComplete, RIL_SOCKET_1
08-10 09:25:03.651   190   284 E RILC    : Send Response to RIL_SOCKET_1
08-10 09:25:03.652  1138  1280 D RILJ    : [3715]< RIL_REQUEST_SET_INITIAL_ATTACH_APN  [SUB0]
08-10 09:25:03.658  1138  1138 D PhoneFactory: getPhone:- phoneId != DEFAULT_PHONE_ID return sProxyPhones[phoneId] phoneId=-1 phone=null
08-10 09:25:03.659   710   937 D SubscriptionManager: [getPhoneId]- fail
08-10 09:25:03.662  1138  1138 D SubscriptionController: [getSubId]- mSlotIdToSubIdMap.size == 0, return DummySubIds slotIdx=0
08-10 09:25:03.663  1138  1138 D SubscriptionController: getDummySubIds: slotIdx=0 return 1 DummySubIds with each subId=-2
08-10 09:25:03.665  1138  1138 D DCT     : [0]isDataAllowed getRecordsLoaded=true
08-10 09:25:03.666  1138  1138 D DCT     : [0]isDataAllowed: not allowed due to - Attached= false
08-10 09:25:03.666  1138  1138 D DCT     : [ApnContext:mms] getApnSetting: apnSetting=null
08-10 09:25:03.666  1138  1138 D SubscriptionController: [getPhoneId]- invalid subId return=-1
08-10 09:25:03.669  1138  1138 D PhoneFactory: getPhone:- phoneId != DEFAULT_PHONE_ID return sProxyPhones[phoneId] phoneId=-1 phone=null
08-10 09:25:03.670   710   937 D SubscriptionManager: [getPhoneId]- fail
08-10 09:25:03.673  1138  1138 D SubscriptionController: [getSubId]- mSlotIdToSubIdMap.size == 0, return DummySubIds slotIdx=0
08-10 09:25:03.673  1138  1138 D SubscriptionController: getDummySubIds: slotIdx=0 return 1 DummySubIds with each subId=-2
08-10 09:25:03.675  1138  1138 D DCT     : [0]isDataAllowed getRecordsLoaded=true
08-10 09:25:03.676  1138  1138 D DCT     : [0]isDataAllowed: not allowed due to - Attached= false
08-10 09:25:03.676  1138  1138 D DCT     : [ApnContext:cbs] getApnSetting: apnSetting=null
08-10 09:25:03.677  1138  1138 D SubscriptionController: [getPhoneId]- invalid subId return=-1
08-10 09:25:03.679  1138  1138 D PhoneFactory: getPhone:- phoneId != DEFAULT_PHONE_ID return sProxyPhones[phoneId] phoneId=-1 phone=null
08-10 09:25:03.680   710  1242 D SubscriptionManager: [getPhoneId]- fail
08-10 09:25:03.685  1138  1138 D SubscriptionController: [getSubId]- mSlotIdToSubIdMap.size == 0, return DummySubIds slotIdx=0
08-10 09:25:03.685  1138  1138 D SubscriptionController: getDummySubIds: slotIdx=0 return 1 DummySubIds with each subId=-2
08-10 09:25:03.686  1138  1138 D DCT     : [0]isDataAllowed getRecordsLoaded=true
08-10 09:25:03.688  1138  1138 D DCT     : [0]isDataAllowed: not allowed due to - Attached= false
08-10 09:25:03.688  1138  1138 D DCT     : [ApnContext:fota] getApnSetting: apnSetting=null
08-10 09:25:03.689  1138  1138 D SubscriptionController: [getPhoneId]- invalid subId return=-1
08-10 09:25:03.691  1138  1138 D PhoneFactory: getPhone:- phoneId != DEFAULT_PHONE_ID return sProxyPhones[phoneId] phoneId=-1 phone=null
08-10 09:25:03.692   710  1226 D SubscriptionManager: [getPhoneId]- fail
08-10 09:25:03.695  1138  1138 D SubscriptionController: [getSubId]- mSlotIdToSubIdMap.size == 0, return DummySubIds slotIdx=0
08-10 09:25:03.695  1138  1138 D SubscriptionController: getDummySubIds: slotIdx=0 return 1 DummySubIds with each subId=-2
08-10 09:25:03.696  1138  1138 D DCT     : [0]isDataAllowed getRecordsLoaded=true
08-10 09:25:03.697  1138  1138 D DCT     : [0]isDataAllowed: not allowed due to - Attached= false
08-10 09:25:03.697  1138  1138 D DCT     : [ApnContext:supl] getApnSetting: apnSetting=null
08-10 09:25:03.698  1138  1138 D SubscriptionController: [getPhoneId]- invalid subId return=-1
08-10 09:25:03.703  1138  1138 D PhoneFactory: getPhone:- phoneId != DEFAULT_PHONE_ID return sProxyPhones[phoneId] phoneId=-1 phone=null
08-10 09:25:03.704   710   727 D SubscriptionManager: [getPhoneId]- fail
08-10 09:25:03.706  1138  1138 D SubscriptionController: [getSubId]- mSlotIdToSubIdMap.size == 0, return DummySubIds slotIdx=0
08-10 09:25:03.707  1138  1138 D SubscriptionController: getDummySubIds: slotIdx=0 return 1 DummySubIds with each subId=-2
08-10 09:25:03.708  1138  1138 D DCT     : [0]isDataAllowed getRecordsLoaded=true
08-10 09:25:03.708  1138  1138 D DCT     : [0]isDataAllowed: not allowed due to - Attached= false
08-10 09:25:03.708  1138  1138 D DCT     : [ApnContext:ia] getApnSetting: apnSetting=null
08-10 09:25:03.709  1138  1138 D SubscriptionController: [getPhoneId]- invalid subId return=-1
08-10 09:25:03.711  1138  1138 D PhoneFactory: getPhone:- phoneId != DEFAULT_PHONE_ID return sProxyPhones[phoneId] phoneId=-1 phone=null
08-10 09:25:03.712   710   727 D SubscriptionManager: [getPhoneId]- fail
08-10 09:25:03.721  1138  1138 D SubscriptionController: [getSubId]- mSlotIdToSubIdMap.size == 0, return DummySubIds slotIdx=0
08-10 09:25:03.721  1138  1138 D SubscriptionController: getDummySubIds: slotIdx=0 return 1 DummySubIds with each subId=-2
08-10 09:25:03.722  1138  1138 D DCT     : [0]isDataAllowed getRecordsLoaded=true
08-10 09:25:03.722  1138  1138 D DCT     : [0]isDataAllowed: not allowed due to - Attached= false
08-10 09:25:03.723  1138  1138 D DCT     : [ApnContext:dun] getApnSetting: apnSetting=null
08-10 09:25:03.723  1138  1138 D SubscriptionController: [getPhoneId]- invalid subId return=-1
08-10 09:25:03.725  1138  1138 D PhoneFactory: getPhone:- phoneId != DEFAULT_PHONE_ID return sProxyPhones[phoneId] phoneId=-1 phone=null
08-10 09:25:03.727   710  1252 D SubscriptionManager: [getPhoneId]- fail
08-10 09:25:03.729  1138  1138 D SubscriptionController: [getSubId]- mSlotIdToSubIdMap.size == 0, return DummySubIds slotIdx=0
08-10 09:25:03.730  1138  1138 D SubscriptionController: getDummySubIds: slotIdx=0 return 1 DummySubIds with each subId=-2
08-10 09:25:03.733  1138  1322 D CellBroadcastHandler: mWakeLock released
08-10 09:25:03.735  1138  1138 D DCT     : [0]isDataAllowed getRecordsLoaded=true
08-10 09:25:03.736  1138  1138 D DCT     : [0]isDataAllowed: not allowed due to - Attached= false
08-10 09:25:03.736  1138  1138 D DCT     : [ApnContext:hipri] getApnSetting: apnSetting=null
08-10 09:25:03.737  1138  1138 D SubscriptionController: [getPhoneId]- invalid subId return=-1
08-10 09:25:03.739  1138  1138 D PhoneFactory: getPhone:- phoneId != DEFAULT_PHONE_ID return sProxyPhones[phoneId] phoneId=-1 phone=null
08-10 09:25:03.741   710  1184 D SubscriptionManager: [getPhoneId]- fail
08-10 09:25:03.743  1138  1138 D SubscriptionController: [getSubId]- mSlotIdToSubIdMap.size == 0, return DummySubIds slotIdx=0
08-10 09:25:03.743  1138  1138 D SubscriptionController: getDummySubIds: slotIdx=0 return 1 DummySubIds with each subId=-2
08-10 09:25:03.745  1138  1138 D DCT     : [0]isDataAllowed getRecordsLoaded=true
08-10 09:25:03.746  1138  1138 D DCT     : [0]isDataAllowed: not allowed due to - Attached= false
08-10 09:25:03.746  1138  1138 D DCT     : [ApnContext:ims] getApnSetting: apnSetting=null
08-10 09:25:03.750  1138  1138 D SubscriptionController: [getPhoneId]- invalid subId return=-1
08-10 09:25:03.760  1138  1138 D PhoneFactory: getPhone:- phoneId != DEFAULT_PHONE_ID return sProxyPhones[phoneId] phoneId=-1 phone=null
08-10 09:25:03.763   710   792 D SubscriptionManager: [getPhoneId]- fail
08-10 09:25:03.770  1138  1138 D DCT     : [0]setupDataOnConnectableApns: simLoaded
08-10 09:25:03.771  1138  1138 D DCT     : [0]setupDataOnConnectableApns: apnContext {mApnType=hipri mState=IDLE mWaitingApns={null} mWaitingApnsPermanentFailureCountDown=0 mApnSetting={null} mReason=radioTurnedOff mDataEnabled=false mDependencyMet=true}
08-10 09:25:03.771  1138  1138 D DCT     : [0]setupDataOnConnectableApns: apnContext {mApnType=mms mState=IDLE mWaitingApns={null} mWaitingApnsPermanentFailureCountDown=0 mApnSetting={null} mReason=radioTurnedOff mDataEnabled=false mDependencyMet=true}
08-10 09:25:03.772  1138  1138 D DCT     : [0]setupDataOnConnectableApns: apnContext {mApnType=supl mState=IDLE mWaitingApns={null} mWaitingApnsPermanentFailureCountDown=0 mApnSetting={null} mReason=radioTurnedOff mDataEnabled=false mDependencyMet=true}
08-10 09:25:03.772  1138  1138 D DCT     : [0]setupDataOnConnectableApns: apnContext {mApnType=cbs mState=IDLE mWaitingApns={null} mWaitingApnsPermanentFailureCountDown=0 mApnSetting={null} mReason=radioTurnedOff mDataEnabled=false mDependencyMet=true}
08-10 09:25:03.773  1138  1138 D DCT     : [0]setupDataOnConnectableApns: apnContext {mApnType=dun mState=IDLE mWaitingApns={null} mWaitingApnsPermanentFailureCountDown=0 mApnSetting={null} mReason=radioTurnedOff mDataEnabled=false mDependencyMet=true}
08-10 09:25:03.773  1138  1138 D DCT     : [0]setupDataOnConnectableApns: apnContext {mApnType=fota mState=IDLE mWaitingApns={null} mWaitingApnsPermanentFailureCountDown=0 mApnSetting={null} mReason=radioTurnedOff mDataEnabled=false mDependencyMet=true}
08-10 09:25:03.774  1138  1138 D DCT     : [0]setupDataOnConnectableApns: apnContext {mApnType=ims mState=IDLE mWaitingApns={null} mWaitingApnsPermanentFailureCountDown=0 mApnSetting={null} mReason=radioTurnedOff mDataEnabled=false mDependencyMet=true}
08-10 09:25:03.781  1138  1138 D DCT     : [0]setupDataOnConnectableApns: apnContext {mApnType=default mState=IDLE mWaitingApns={null} mWaitingApnsPermanentFailureCountDown=0 mApnSetting={null} mReason=radioTurnedOff mDataEnabled=false mDependencyMet=true}
08-10 09:25:03.781  1138  1138 D DCT     : [0]setupDataOnConnectableApns: apnContext {mApnType=ia mState=IDLE mWaitingApns={null} mWaitingApnsPermanentFailureCountDown=0 mApnSetting={null} mReason=radioTurnedOff mDataEnabled=false mDependencyMet=true}
08-10 09:25:03.791  1138  1327 D CdmaServiceCategoryProgramHandler: mWakeLock released
08-10 09:25:03.812  1138  1138 D IccCardProxy: operator=46001 mPhoneId=0
08-10 09:25:03.813  1138  1138 D IccCardProxy: update icc_operator_numeric=46001
08-10 09:25:03.813  1138  1138 D TelephonyManager: setTelephonyProperty: success phoneId=0 property=gsm.sim.operator.numeric value: 46001 propVal=46001
08-10 09:25:03.817  1138  1138 D TelephonyManager: setTelephonyProperty: success phoneId=0 property=gsm.sim.operator.iso-country value: cn propVal=cn
08-10 09:25:03.819  1138  1138 D IccCardProxy: Sending intent ACTION_INTERNAL_SIM_STATE_CHANGED for mPhoneId : 0
08-10 09:25:03.830  1138  1138 D DctController: handleMessage msg={ when=-415ms what=100 target=com.android.internal.telephony.dataconnection.DctController }
08-10 09:25:03.845  1138  1138 D DctController: getTopPriorityRequestPhoneId = 0, priority = -1
08-10 09:25:03.846  1138  1138 D DcSwitchAsyncChannel: [DcSwitchAsyncChannel-0]: rspIsIdle=true
08-10 09:25:03.846  1138  1138 D DctController: onProcessRequest phoneId=0, activePhoneId=-1
08-10 09:25:03.847  1138  1138 D CAT     : CatService: handleMessage[10]
08-10 09:25:03.847  1138  1138 D CAT     : CatService: SET_UP_MENU
08-10 09:25:03.858  1138  1138 D CAT     : CatService: encodeOptionalTags() Unsupported Cmd details=CmdDetails: compRequired=true commandNumber=1 typeOfCommand=37 commandQualifier=0
08-10 09:25:03.859  1138  1138 D RILJ    : [3716]> REQUEST_STK_SEND_TERMINAL_RESPONSE [SUB0]
08-10 09:25:03.877  1138  1138 D CAT     : CatService: Sending CmdMsg: com.android.internal.telephony.cat.CatCmdMessage@1f3ee0bf on slotid:0
08-10 09:25:03.883  1138  1138 D SubscriptionManager: [getPhoneId]- fail
08-10 09:25:03.883  1138  1138 D SubscriptionController: [getSubId]- mSlotIdToSubIdMap.size == 0, return DummySubIds slotIdx=0
08-10 09:25:03.883  1138  1138 D SubscriptionController: getDummySubIds: slotIdx=0 return 1 DummySubIds with each subId=-2
08-10 09:25:03.885   190   293 I RILC    : RIL_SOCKET_1 UNSOLICITED: UNSOL_STK_SESSION_END length:8
08-10 09:25:03.885   190   293 E RILC    : Send Response to RIL_SOCKET_1
08-10 09:25:03.886   190   284 D RILC    : RequestComplete, RIL_SOCKET_1
08-10 09:25:03.886   190   284 E RILC    : Send Response to RIL_SOCKET_1
08-10 09:25:03.886  1138  1280 D RILJ    : [UNSL]< UNSOL_STK_SESSION_END [SUB0]
08-10 09:25:03.887  1138  1280 D RILJ    : [3716]< REQUEST_STK_SEND_TERMINAL_RESPONSE  [SUB0]
08-10 09:25:03.887  1138  1138 D DCT     : [0]getDataOnRoamingEnabled: phoneSubId=-2 isDataRoamingEnabled=true
08-10 09:25:03.888  1138  1138 D SubscriptionManager: [getPhoneId]- fail
08-10 09:25:03.888  1138  1138 D SubscriptionController: [getSubId]- mSlotIdToSubIdMap.size == 0, return DummySubIds slotIdx=0
08-10 09:25:03.889  1138  1138 D SubscriptionController: getDummySubIds: slotIdx=0 return 1 DummySubIds with each subId=-2
08-10 09:25:03.889  1138  1138 D DCT     : [0]getDataOnRoamingEnabled: phoneSubId=-2 isDataRoamingEnabled=true
08-10 09:25:03.889  1138  1138 D SubscriptionManager: [getPhoneId]- fail
08-10 09:25:03.890  1138  1138 D SubscriptionController: [getSubId]- mSlotIdToSubIdMap.size == 0, return DummySubIds slotIdx=0
08-10 09:25:03.890  1138  1138 D SubscriptionController: getDummySubIds: slotIdx=0 return 1 DummySubIds with each subId=-2
08-10 09:25:03.890  1138  1138 D DCT     : [0]getDataOnRoamingEnabled: phoneSubId=-2 isDataRoamingEnabled=true
08-10 09:25:03.891  1138  1138 D SubscriptionManager: [getPhoneId]- fail
08-10 09:25:03.891  1138  1138 D SubscriptionController: [getSubId]- mSlotIdToSubIdMap.size == 0, return DummySubIds slotIdx=0
08-10 09:25:03.891  1138  1138 D SubscriptionController: getDummySubIds: slotIdx=0 return 1 DummySubIds with each subId=-2
08-10 09:25:03.892  1138  1138 D DCT     : [0]getDataOnRoamingEnabled: phoneSubId=-2 isDataRoamingEnabled=true
08-10 09:25:03.892  1138  1138 D SubscriptionManager: [getPhoneId]- fail
08-10 09:25:03.893  1138  1138 D SubscriptionController: [getSubId]- mSlotIdToSubIdMap.size == 0, return DummySubIds slotIdx=0
08-10 09:25:03.893  1138  1138 D SubscriptionController: getDummySubIds: slotIdx=0 return 1 DummySubIds with each subId=-2
08-10 09:25:03.893  1138  1138 D DCT     : [0]getDataOnRoamingEnabled: phoneSubId=-2 isDataRoamingEnabled=true
08-10 09:25:03.893  1138  1138 D SubscriptionManager: [getPhoneId]- fail
08-10 09:25:03.894  1138  1138 D SubscriptionController: [getSubId]- mSlotIdToSubIdMap.size == 0, return DummySubIds slotIdx=0
08-10 09:25:03.894  1138  1138 D SubscriptionController: getDummySubIds: slotIdx=0 return 1 DummySubIds with each subId=-2
08-10 09:25:03.894  1138  1138 D DCT     : [0]getDataOnRoamingEnabled: phoneSubId=-2 isDataRoamingEnabled=true
08-10 09:25:03.895  1138  1138 D SubscriptionManager: [getPhoneId]- fail
08-10 09:25:03.895  1138  1138 D SubscriptionController: [getSubId]- mSlotIdToSubIdMap.size == 0, return DummySubIds slotIdx=0
08-10 09:25:03.895  1138  1138 D SubscriptionController: getDummySubIds: slotIdx=0 return 1 DummySubIds with each subId=-2
08-10 09:25:03.895  1138  1138 D DCT     : [0]getDataOnRoamingEnabled: phoneSubId=-2 isDataRoamingEnabled=true
08-10 09:25:03.896  1138  1138 D SubscriptionManager: [getPhoneId]- fail
08-10 09:25:03.896  1138  1138 D SubscriptionController: [getSubId]- mSlotIdToSubIdMap.size == 0, return DummySubIds slotIdx=0
08-10 09:25:03.896  1138  1138 D SubscriptionController: getDummySubIds: slotIdx=0 return 1 DummySubIds with each subId=-2
08-10 09:25:03.896  1138  1138 D DCT     : [0]getDataOnRoamingEnabled: phoneSubId=-2 isDataRoamingEnabled=true
08-10 09:25:03.897  1138  1138 D SubscriptionManager: [getPhoneId]- fail
08-10 09:25:03.897  1138  1138 D SubscriptionController: [getSubId]- mSlotIdToSubIdMap.size == 0, return DummySubIds slotIdx=0
08-10 09:25:03.897  1138  1138 D SubscriptionController: getDummySubIds: slotIdx=0 return 1 DummySubIds with each subId=-2
08-10 09:25:03.897  1138  1138 D DCT     : [0]getDataOnRoamingEnabled: phoneSubId=-2 isDataRoamingEnabled=true
08-10 09:25:03.897  1138  1138 D SubscriptionInfoUpdater: [Receiver]+
08-10 09:25:03.898  1138  1138 D SubscriptionInfoUpdater: Action: android.intent.action.internal_sim_state_changed
08-10 09:25:03.899  1138  1138 D SubscriptionInfoUpdater: slotId: 0
08-10 09:25:03.899  1138  1138 D SubscriptionInfoUpdater: simStatus: LOADED
08-10 09:25:03.899  1138  1138 D SubscriptionInfoUpdater: [Receiver]-
08-10 09:25:03.899  1138  1138 D CAT     : CatService: handleMessage[1]
08-10 09:25:03.899  1138  1138 D CAT     : CatService: ril message arrived,slotid:0
08-10 09:25:03.900  1138  1138 D SubscriptionInfoUpdater: handleSimStateLoadedInternal: slotId: 0
08-10 09:25:03.900  1138  1138 D SubscriptionInfoUpdater: All IccIds query complete
08-10 09:25:03.901  1138  1138 D SubscriptionInfoUpdater: updateSubscriptionInfoByIccId:+ Start
08-10 09:25:03.902  1138  1138 D SubscriptionController: [clearSubInfo]+
08-10 09:25:03.902  1138  1138 D SubscriptionController: [clearSubInfo]- no simInfo size=0
08-10 09:25:03.904  1138  1138 D SubscriptionInfoUpdater: insertedSimCount = 1
08-10 09:25:03.905  1138  1138 D SubscriptionController: [getSubInfoUsingSlotIdWithCheck]+ slotId:0
08-10 09:25:03.908  1138  1305 D GsmInboundSmsHandler: IdleState.processMessage:5
08-10 09:25:03.909  1138  1305 D GsmInboundSmsHandler: Idle state processing message type 5
08-10 09:25:03.909  1138  1324 D CdmaInboundSmsHandler: IdleState.processMessage:5
08-10 09:25:03.909  1138  1324 D CdmaInboundSmsHandler: Idle state processing message type 5
08-10 09:25:03.913  1138  1305 D GsmInboundSmsHandler: mWakeLock released
08-10 09:25:03.913  1138  1324 D CdmaInboundSmsHandler: mWakeLock released
08-10 09:25:03.919   190   293 I RILQ    : (0/190):RIL[0][event] qcril_arb_set_data_sys_status: recvd data_sys_status nw=0x0, rat_mask=0x8000, so_mask=0x0
08-10 09:25:03.919   190   293 I RILQ    : (0/190):RIL[0][event] qcril_arb_set_data_sys_status: recvd data_sys_status nw=0x1, rat_mask=0x0, so_mask=0x0
08-10 09:25:03.920   190   293 I RILQ    : (0/190):RIL[0][event] qcril_qmi_nas_update_data_rte: completed, new drte 0 with confidence 4
08-10 09:25:03.921   190   293 I RILC    : RIL_SOCKET_1 UNSOLICITED: UNSOL_RESPONSE_VOICE_NETWORK_STATE_CHANGED length:8
08-10 09:25:03.921   190   293 E RILC    : Send Response to RIL_SOCKET_1
08-10 09:25:03.921   190   293 I RILC    : RIL_SOCKET_1 UNSOLICITED: UNSOL_SIGNAL_STRENGTH length:60
08-10 09:25:03.921   190   293 E RILC    : Send Response to RIL_SOCKET_1
08-10 09:25:03.921  1138  1280 D RILJ    : [UNSL]< UNSOL_RESPONSE_VOICE_NETWORK_STATE_CHANGED [SUB0]
08-10 09:25:03.929  1138  1138 D SubscriptionController: [getPhoneId]- no sims, returning default phoneId=2147483647
08-10 09:25:03.937  1138  1138 D TelephonyManager: getTelephonyProperty: return propVal='null' phoneId=2147483647 property='gsm.sim.operator.iso-country' defaultVal='' prop=cn
08-10 09:25:03.938  1138  1138 D SubscriptionController: [getSubInfoRecord] id:1 iccid:89860115921101579076 simSlotIndex:0 displayName:CARD 1 nameSource:0 iconTint:-16746133 dataRoaming:0 mcc:460 mnc:1 countIso:
08-10 09:25:03.942  1138  1138 D SubscriptionController: [getPhoneId]- no sims, returning default phoneId=2147483647
08-10 09:25:03.945  1138  1138 D PhoneFactory: getPhone:- phoneId == DEFAULT_PHONE_ID return sProxyPhone phoneId=2147483647 phone=Handler (com.android.internal.telephony.PhoneProxy) {21a3b00b}
08-10 09:25:03.946  1138  1138 D SubscriptionController: [getPhoneId]- no sims, returning default phoneId=2147483647
08-10 09:25:03.954  1138  1138 D SubscriptionController: [getSubInfoUsingSlotId]- null info return
