04-14 20:37:55.692  2121  2121 W ViewRootImpl: Cancelling event due to no window focus: KeyEvent { action=ACTION_UP, keyCode=KEYCODE_ZOOM_OUT, scanCode=0, metaState=0, flags=0x28, repeatCount=0, eventTime=7107750, downTime=7107750, deviceId=-1, source=0x101 }
04-14 20:37:55.692  2121  2121 W ViewRootImpl: Cancelling event due to no window focus: KeyEvent { action=ACTION_UP, keyCode=KEYCODE_ZOOM_OUT, scanCode=0, metaState=0, flags=0x28, repeatCount=0, eventTime=7107750, downTime=7107750, deviceId=-1, source=0x101 }
04-14 20:37:55.693  2121  2121 W ViewRootImpl: Cancelling event due to no window focus: KeyEvent { action=ACTION_UP, keyCode=KEYCODE_ZOOM_OUT, scanCode=0, metaState=0, flags=0x28, repeatCount=0, eventTime=7107750, downTime=7107750, deviceId=-1, source=0x101 }
04-14 20:37:55.948   710  1184 W InputMethodManagerService: Window already focused, ignoring focus gain of: com.android.internal.view.IInputMethodClient$Stub$Proxy@21355c1e attribute=null, token = android.os.BinderProxy@2be4c63b
04-14 20:38:09.639   710   710 I JobServiceContext: Client timed out while executing (no jobFinished received). sending onStop. android/com.android.server.pm.BackgroundDexOptService jId=800, u0
04-14 20:38:32.600   710   775 W ProcessCpuTracker: Skipping unknown process pid 19717
04-14 20:38:32.605   710   775 W ProcessCpuTracker: Skipping unknown process pid 19723
04-14 20:38:59.903   710   775 I ActivityManager: Waited long enough for: ServiceRecord{1383c764 u0 com.android.music/.MediaPlaybackService}
04-14 20:39:12.291   710   710 I JobServiceContext: Client timed out while executing (no jobFinished received). sending onStop. android/com.android.server.pm.BackgroundDexOptService jId=800, u0
04-14 20:39:16.967   710 17348 W ProcessCpuTracker: Skipping unknown process pid 30481
04-14 20:39:17.057   710 17348 W ProcessCpuTracker: Skipping unknown process pid 30482
04-14 20:39:17.074   710 17348 W ProcessCpuTracker: Skipping unknown process pid 30483
04-14 20:39:17.075   710 17348 W ProcessCpuTracker: Skipping unknown process pid 30484
04-14 20:39:53.401   710  1226 I ActivityManager: START u0 {act=android.intent.action.MAIN cat=[android.intent.category.LAUNCHER] flg=0x10200000 cmp=com.zhihu.android/.app.ui.activity.MainActivity} from uid 0 on display 0
04-14 20:40:13.528   710   727 I ActivityManager: START u0 {act=android.intent.action.MAIN cat=[android.intent.category.LAUNCHER] flg=0x10200000 cmp=com.zhihu.android/.app.ui.activity.MainActivity} from uid 0 on display 0
04-14 20:40:18.742   710  1207 I ActivityManager: START u0 {act=android.intent.action.MAIN cat=[android.intent.category.LAUNCHER] flg=0x10200000 cmp=com.zhihu.android/.app.ui.activity.MainActivity} from uid 0 on display 0
04-14 20:40:19.048   710   727 I ActivityManager: START u0 {act=android.intent.action.VIEW dat=http://link.zhihu.com/?target=https://item.taobao.com/item.htm?id=548188714604 cmp=com.android.browser/.BrowserActivity (has extras)} from uid 10054 on display 0
04-14 20:40:19.538   710   710 D ZenLog  : intercepted: 0|com.android.systemui|789|null|10013,none
04-14 20:40:19.551   710   710 V NotificationService: pkg=com.android.systemui canInterrupt=false intercept=true
04-14 20:40:34.897   710   796 I WindowManager: Input event dispatching timed out sending to com.zhihu.android/com.zhihu.android.app.ui.activity.MainActivity.  Reason: Waiting to send key event because the focused window has not finished processing all of the input events that were previously delivered to it.  Outbound queue length: 0.  Wait queue length: 1.
04-14 20:40:35.059   710   775 I ActivityManager: Skipping duplicate ANR: ProcessRecord{32e7fd79 2121:com.zhihu.android/u0a54} Input dispatching timed out (Waiting to send key event because the focused window has not finished processing all of the input events that were previously delivered to it.  Outbound queue length: 0.  Wait queue length: 1.)
04-14 20:40:35.063   710  1242 W InputManager: Input event injection from pid 4987 timed out.
04-14 20:40:50.918   710   775 I ProcessStatsService: Prepared write state in 39ms
04-14 20:41:12.601   710   710 V NotificationService: pkg=com.android.systemui canInterrupt=false intercept=true
04-14 20:41:13.276   710  1207 W ProcessCpuTracker: Skipping unknown process pid 27030
04-14 20:41:35.846   710   710 I JobServiceContext: Client timed out while executing (no jobFinished received). sending onStop. android/com.android.server.pm.BackgroundDexOptService jId=800, u0
04-14 20:41:38.501   710  1242 I ActivityManager: START u0 {act=android.intent.action.MAIN cat=[android.intent.category.LAUNCHER] flg=0x10200000 cmp=com.zhihu.android/.app.ui.activity.MainActivity} from uid 0 on display 0
04-14 20:41:39.567   710  1242 I ActivityManager: START u0 {act=android.intent.action.MAIN cat=[android.intent.category.LAUNCHER] flg=0x10200000 cmp=com.zhihu.android/.app.ui.activity.MainActivity} from uid 0 on display 0
04-14 20:42:06.104   710 14903 I ActivityManager: START u0 {act=android.intent.action.MAIN cat=[android.intent.category.LAUNCHER] flg=0x10200000 cmp=com.zhihu.android/.app.ui.activity.MainActivity} from uid 0 on display 0
04-14 20:42:33.376   710  1252 W ProcessCpuTracker: Skipping unknown process pid 14798
04-14 20:42:33.377   710  1252 W ProcessCpuTracker: Skipping unknown process pid 14799
04-14 20:42:39.929   710  1226 I ActivityManager: START u0 {act=android.intent.action.MAIN cat=[android.intent.category.LAUNCHER] flg=0x10200000 cmp=com.zhihu.android/.app.ui.activity.MainActivity} from uid 0 on display 0
04-14 20:42:46.074   710   710 I JobServiceContext: Client timed out while executing (no jobFinished received). sending onStop. android/com.android.server.pm.BackgroundDexOptService jId=800, u0
04-14 20:43:03.320   710 31134 W ProcessCpuTracker: Skipping unknown process pid 22115
04-14 20:43:09.753  2121  2121 W ViewRootImpl: Dropping event due to no window focus: MotionEvent { action=ACTION_MOVE, id[0]=0, x[0]=-5.0, y[0]=0.0, toolType[0]=TOOL_TYPE_UNKNOWN, buttonState=0, metaState=0, flags=0x0, edgeFlags=0x0, pointerCount=1, historySize=9, eventTime=7420934, downTime=-1, deviceId=0, source=0x10004 }
04-14 20:43:09.761  2121  2121 W ViewRootImpl: Dropping event due to no window focus: KeyEvent { action=ACTION_DOWN, keyCode=KEYCODE_MENU, scanCode=0, metaState=0, flags=0x8, repeatCount=0, eventTime=7420937, downTime=7420937, deviceId=-1, source=0x101 }
04-14 20:43:09.792  2121  2121 W ViewRootImpl: Cancelling event due to no window focus: KeyEvent { action=ACTION_UP, keyCode=KEYCODE_MENU, scanCode=0, metaState=0, flags=0x28, repeatCount=0, eventTime=7421837, downTime=7421837, deviceId=-1, source=0x101 }
04-14 20:43:09.793  2121  2121 W ViewRootImpl: Cancelling event due to no window focus: KeyEvent { action=ACTION_UP, keyCode=KEYCODE_MENU, scanCode=0, metaState=0, flags=0x28, repeatCount=0, eventTime=7421837, downTime=7421837, deviceId=-1, source=0x101 }
04-14 20:43:09.793  2121  2121 W ViewRootImpl: Cancelling event due to no window focus: KeyEvent { action=ACTION_UP, keyCode=KEYCODE_MENU, scanCode=0, metaState=0, flags=0x28, repeatCount=0, eventTime=7421837, downTime=7421837, deviceId=-1, source=0x101 }
04-14 20:43:09.924   710 14903 W InputMethodManagerService: Window already focused, ignoring focus gain of: com.android.internal.view.IInputMethodClient$Stub$Proxy@31074e65 attribute=null, token = android.os.BinderProxy@2be4c63b
04-14 20:43:29.124   710 17348 W ProcessCpuTracker: Skipping unknown process pid 26927
04-14 20:43:34.715   710 14903 I ActivityManager: START u0 {act=android.intent.action.MAIN cat=[android.intent.category.LAUNCHER] flg=0x10200000 cmp=com.zhihu.android/.app.ui.activity.MainActivity} from uid 0 on display 0
04-14 20:44:03.412   710   937 W ProcessCpuTracker: Skipping unknown process pid 4863
04-14 20:44:03.413   710   937 W ProcessCpuTracker: Skipping unknown process pid 4864
04-14 20:44:15.846   710   710 I JobServiceContext: Client timed out while executing (no jobFinished received). sending onStop. android/com.android.server.pm.BackgroundDexOptService jId=800, u0
04-14 20:45:52.292  2121  2121 W ViewRootImpl: Dropping event due to no window focus: MotionEvent { action=ACTION_MOVE, id[0]=0, x[0]=3.0, y[0]=2.0, toolType[0]=TOOL_TYPE_UNKNOWN, buttonState=0, metaState=0, flags=0x0, edgeFlags=0x0, pointerCount=1, historySize=9, eventTime=7584297, downTime=-1, deviceId=0, source=0x10004 }
04-14 20:45:52.322  2121  2121 W ViewRootImpl: Dropping event due to no window focus: KeyEvent { action=ACTION_DOWN, keyCode=KEYCODE_DPAD_LEFT, scanCode=0, metaState=0, flags=0x8, repeatCount=0, eventTime=7584298, downTime=7584298, deviceId=-1, source=0x101 }
04-14 20:45:52.353  2121  2121 W ViewRootImpl: Cancelling event due to no window focus: KeyEvent { action=ACTION_UP, keyCode=KEYCODE_DPAD_LEFT, scanCode=0, metaState=0, flags=0x28, repeatCount=0, eventTime=7584406, downTime=7584406, deviceId=-1, source=0x101 }
04-14 20:45:52.357  2121  2121 W ViewRootImpl: Cancelling event due to no window focus: KeyEvent { action=ACTION_UP, keyCode=KEYCODE_DPAD_LEFT, scanCode=0, metaState=0, flags=0x28, repeatCount=0, eventTime=7584406, downTime=7584406, deviceId=-1, source=0x101 }
04-14 20:45:52.358  2121  2121 W ViewRootImpl: Cancelling event due to no window focus: KeyEvent { action=ACTION_UP, keyCode=KEYCODE_DPAD_LEFT, scanCode=0, metaState=0, flags=0x28, repeatCount=0, eventTime=7584406, downTime=7584406, deviceId=-1, source=0x101 }
04-14 20:45:52.402  2121  2121 W ViewRootImpl: Cancelling event due to no window focus: KeyEvent { action=ACTION_UP, keyCode=KEYCODE_DPAD_LEFT, scanCode=0, metaState=0, flags=0x28, repeatCount=0, eventTime=7584406, downTime=7584406, deviceId=-1, source=0x101 }
04-14 20:45:52.402  2121  2121 W ViewRootImpl: Cancelling event due to no window focus: KeyEvent { action=ACTION_UP, keyCode=KEYCODE_DPAD_LEFT, scanCode=0, metaState=0, flags=0x28, repeatCount=0, eventTime=7584406, downTime=7584406, deviceId=-1, source=0x101 }
04-14 20:45:52.403  2121  2121 W ViewRootImpl: Cancelling event due to no window focus: KeyEvent { action=ACTION_UP, keyCode=KEYCODE_DPAD_LEFT, scanCode=0, metaState=0, flags=0x28, repeatCount=0, eventTime=7584406, downTime=7584406, deviceId=-1, source=0x101 }
04-14 20:45:52.507   710   727 W InputMethodManagerService: Window already focused, ignoring focus gain of: com.android.internal.view.IInputMethodClient$Stub$Proxy@3fce0f51 attribute=null, token = android.os.BinderProxy@2be4c63b
04-14 20:46:05.294   710   710 I JobServiceContext: Client timed out while executing (no jobFinished received). sending onStop. android/com.android.server.pm.BackgroundDexOptService jId=800, u0
04-14 20:46:12.356   710 17348 I ActivityManager: START u0 {act=android.intent.action.MAIN cat=[android.intent.category.LAUNCHER] flg=0x10200000 cmp=com.zhihu.android/.app.ui.activity.MainActivity} from uid 0 on display 0
04-14 20:46:14.402   710  1207 I ActivityManager: START u0 {act=android.intent.action.MAIN cat=[android.intent.category.LAUNCHER] flg=0x10200000 cmp=com.zhihu.android/.app.ui.activity.MainActivity} from uid 0 on display 0
04-14 20:46:38.212   710 14890 I ActivityManager: START u0 {act=android.intent.action.VIEW dat=http://link.zhihu.com/?target=https://item.taobao.com/item.htm?id=548188714604 cmp=com.android.browser/.BrowserActivity (has extras)} from uid 10054 on display 0
04-14 20:46:39.247   710 14903 I ActivityManager: START u0 {act=android.intent.action.VIEW dat=http://link.zhihu.com/?target=https://item.taobao.com/item.htm?id=548188714604 cmp=com.android.browser/.BrowserActivity (has extras)} from uid 10054 on display 0
04-14 20:47:31.889   710   727 I ActivityManager: START u0 {act=android.intent.action.MAIN cat=[android.intent.category.LAUNCHER] flg=0x10200000 cmp=com.zhihu.android/.app.ui.activity.MainActivity} from uid 0 on display 0
04-14 20:47:52.063   710   710 I JobServiceContext: Client timed out while executing (no jobFinished received). sending onStop. android/com.android.server.pm.BackgroundDexOptService jId=800, u0
04-14 20:47:53.309   710 14890 W ProcessCpuTracker: Skipping unknown process pid 29228
04-14 20:47:53.313   710 14890 W ProcessCpuTracker: Skipping unknown process pid 29236
04-14 20:47:54.024  2121  2121 W ViewRootImpl: Dropping event due to no window focus: KeyEvent { action=ACTION_DOWN, keyCode=KEYCODE_DPAD_RIGHT, scanCode=0, metaState=0, flags=0x8, repeatCount=0, eventTime=7705586, downTime=7705586, deviceId=-1, source=0x101 }
04-14 20:47:54.028  2121  2121 W ViewRootImpl: Cancelling event due to no window focus: KeyEvent { action=ACTION_UP, keyCode=KEYCODE_DPAD_RIGHT, scanCode=0, metaState=0, flags=0x28, repeatCount=0, eventTime=7705920, downTime=7705586, deviceId=-1, source=0x101 }
04-14 20:47:54.029  2121  2121 W ViewRootImpl: Cancelling event due to no window focus: KeyEvent { action=ACTION_UP, keyCode=KEYCODE_DPAD_RIGHT, scanCode=0, metaState=0, flags=0x28, repeatCount=0, eventTime=7705920, downTime=7705586, deviceId=-1, source=0x101 }
04-14 20:47:54.040  2121  2121 W ViewRootImpl: Cancelling event due to no window focus: KeyEvent { action=ACTION_UP, keyCode=KEYCODE_DPAD_RIGHT, scanCode=0, metaState=0, flags=0x28, repeatCount=0, eventTime=7705920, downTime=7705586, deviceId=-1, source=0x101 }
04-14 20:47:54.123  2121  2121 W ViewRootImpl: Cancelling event due to no window focus: KeyEvent { action=ACTION_UP, keyCode=KEYCODE_DPAD_RIGHT, scanCode=0, metaState=0, flags=0x80000028, repeatCount=0, eventTime=7705920, downTime=7705586, deviceId=-1, source=0x101 }
04-14 20:47:55.263   874   874 W ViewRootImpl: Cancelling event due to no window focus: KeyEvent { action=ACTION_UP, keyCode=KEYCODE_DPAD_RIGHT, scanCode=0, metaState=0, flags=0x80000028, repeatCount=0, eventTime=7705589, downTime=7705589, deviceId=-1, source=0x101 }
04-14 20:47:55.263   874   874 W ViewRootImpl: Cancelling event due to no window focus: KeyEvent { action=ACTION_UP, keyCode=KEYCODE_DPAD_RIGHT, scanCode=0, metaState=0, flags=0x80000028, repeatCount=0, eventTime=7705589, downTime=7705589, deviceId=-1, source=0x101 }
04-14 20:47:55.264   874   874 W ViewRootImpl: Cancelling event due to no window focus: KeyEvent { action=ACTION_UP, keyCode=KEYCODE_DPAD_RIGHT, scanCode=0, metaState=0, flags=0x80000028, repeatCount=0, eventTime=7705589, downTime=7705589, deviceId=-1, source=0x101 }
04-14 20:47:55.264   874   874 W ViewRootImpl: Cancelling event due to no window focus: KeyEvent { action=ACTION_UP, keyCode=KEYCODE_DPAD_RIGHT, scanCode=0, metaState=0, flags=0x80000028, repeatCount=0, eventTime=7705589, downTime=7705589, deviceId=-1, source=0x101 }
04-14 20:47:55.265   874   874 W ViewRootImpl: Cancelling event due to no window focus: KeyEvent { action=ACTION_UP, keyCode=KEYCODE_DPAD_RIGHT, scanCode=0, metaState=0, flags=0x80000028, repeatCount=0, eventTime=7705589, downTime=7705589, deviceId=-1, source=0x101 }
04-14 20:47:55.265   874   874 W ViewRootImpl: Cancelling event due to no window focus: KeyEvent { action=ACTION_UP, keyCode=KEYCODE_DPAD_RIGHT, scanCode=0, metaState=0, flags=0x80000028, repeatCount=0, eventTime=7705589, downTime=7705589, deviceId=-1, source=0x101 }
04-14 20:47:55.266   874   874 W ViewRootImpl: Cancelling event due to no window focus: KeyEvent { action=ACTION_UP, keyCode=KEYCODE_DPAD_RIGHT, scanCode=0, metaState=0, flags=0x80000028, repeatCount=0, eventTime=7705589, downTime=7705589, deviceId=-1, source=0x101 }
04-14 20:47:55.267   874   874 W ViewRootImpl: Cancelling event due to no window focus: KeyEvent { action=ACTION_UP, keyCode=KEYCODE_DPAD_RIGHT, scanCode=0, metaState=0, flags=0x80000028, repeatCount=0, eventTime=7705589, downTime=7705589, deviceId=-1, source=0x101 }
04-14 20:47:55.267   874   874 W ViewRootImpl: Cancelling event due to no window focus: KeyEvent { action=ACTION_UP, keyCode=KEYCODE_DPAD_RIGHT, scanCode=0, metaState=0, flags=0x80000028, repeatCount=0, eventTime=7705589, downTime=7705589, deviceId=-1, source=0x101 }
04-14 20:47:55.511   874   874 W ViewRootImpl: Dropping event due to no window focus: KeyEvent { action=ACTION_DOWN, keyCode=KEYCODE_DPAD_RIGHT, scanCode=0, metaState=0, flags=0x8, repeatCount=0, eventTime=7706922, downTime=7706922, deviceId=-1, source=0x101 }
04-14 20:47:55.529   874   874 W ViewRootImpl: Cancelling event due to no window focus: KeyEvent { action=ACTION_UP, keyCode=KEYCODE_DPAD_RIGHT, scanCode=0, metaState=0, flags=0x28, repeatCount=0, eventTime=7707341, downTime=7707341, deviceId=-1, source=0x101 }
04-14 20:47:55.529   874   874 W ViewRootImpl: Cancelling event due to no window focus: KeyEvent { action=ACTION_UP, keyCode=KEYCODE_DPAD_RIGHT, scanCode=0, metaState=0, flags=0x28, repeatCount=0, eventTime=7707341, downTime=7707341, deviceId=-1, source=0x101 }
04-14 20:47:55.569   874   874 W ViewRootImpl: Cancelling event due to no window focus: KeyEvent { action=ACTION_UP, keyCode=KEYCODE_DPAD_RIGHT, scanCode=0, metaState=0, flags=0x28, repeatCount=0, eventTime=7707341, downTime=7707341, deviceId=-1, source=0x101 }
04-14 20:47:55.598   874   874 W ViewRootImpl: Cancelling event due to no window focus: KeyEvent { action=ACTION_UP, keyCode=KEYCODE_DPAD_RIGHT, scanCode=0, metaState=0, flags=0x28, repeatCount=0, eventTime=7707341, downTime=7707341, deviceId=-1, source=0x101 }
04-14 20:47:55.599   874   874 W ViewRootImpl: Cancelling event due to no window focus: KeyEvent { action=ACTION_UP, keyCode=KEYCODE_DPAD_RIGHT, scanCode=0, metaState=0, flags=0x28, repeatCount=0, eventTime=7707341, downTime=7707341, deviceId=-1, source=0x101 }
04-14 20:47:55.599   874   874 W ViewRootImpl: Cancelling event due to no window focus: KeyEvent { action=ACTION_UP, keyCode=KEYCODE_DPAD_RIGHT, scanCode=0, metaState=0, flags=0x28, repeatCount=0, eventTime=7707341, downTime=7707341, deviceId=-1, source=0x101 }
04-14 20:47:55.668   874   874 W ViewRootImpl: Cancelling event due to no window focus: KeyEvent { action=ACTION_UP, keyCode=KEYCODE_DPAD_RIGHT, scanCode=0, metaState=0, flags=0x80000028, repeatCount=0, eventTime=7707341, downTime=7707341, deviceId=-1, source=0x101 }
04-14 20:47:55.757   874   874 W ViewRootImpl: Cancelling event due to no window focus: KeyEvent { action=ACTION_UP, keyCode=KEYCODE_DPAD_RIGHT, scanCode=0, metaState=0, flags=0x80000028, repeatCount=0, eventTime=7707341, downTime=7707341, deviceId=-1, source=0x101 }
04-14 20:47:55.758   874   874 W ViewRootImpl: Cancelling event due to no window focus: KeyEvent { action=ACTION_UP, keyCode=KEYCODE_DPAD_RIGHT, scanCode=0, metaState=0, flags=0x80000028, repeatCount=0, eventTime=7707341, downTime=7707341, deviceId=-1, source=0x101 }
04-14 20:48:00.872   710 22212 I ActivityManager: START u0 {act=android.intent.action.CHOOSER flg=0x10008000 cmp=android/com.android.internal.app.ChooserActivity bnds=[216,852][1056,996] (has extras)} from uid 10013 on display 0
04-14 20:48:01.543   710   726 W InputMethodManagerService: Window already focused, ignoring focus gain of: com.android.internal.view.IInputMethodClient$Stub$Proxy@55a41bb attribute=null, token = android.os.BinderProxy@2be4c63b
04-14 20:48:01.950   710 17348 I ActivityManager: START u0 {act=android.intent.action.MAIN cat=[android.intent.category.LAUNCHER] flg=0x10008000 cmp=com.android.settings/.DevelopmentSettings} from uid 1000 on display 0
04-14 20:48:21.554   710 14903 W InputMethodManagerService: Window already focused, ignoring focus gain of: com.android.internal.view.IInputMethodClient$Stub$Proxy@191726d8 attribute=null, token = android.os.BinderProxy@2be4c63b
04-14 20:48:23.556   710 17348 I ActivityManager: START u0 {act=android.intent.action.VIEW dat=http://link.zhihu.com/?target=https://item.taobao.com/item.htm?id=548188714604 cmp=com.android.browser/.BrowserActivity (has extras)} from uid 10054 on display 0
04-14 20:48:23.574   710   726 W ProcessCpuTracker: Skipping unknown process pid 4679
04-14 20:48:24.570   710   937 I ActivityManager: START u0 {act=android.intent.action.VIEW dat=http://link.zhihu.com/?target=https://item.taobao.com/item.htm?id=548188714604 cmp=com.android.browser/.BrowserActivity (has extras)} from uid 10054 on display 0
04-14 20:48:30.951   710 17348 I ActivityManager: START u0 {act=android.intent.action.VIEW dat=http://link.zhihu.com/?target=https://item.taobao.com/item.htm?id=548188714604 cmp=com.android.browser/.BrowserActivity (has extras)} from uid 10054 on display 0
04-14 20:48:41.003   710   937 I ActivityManager: START u0 {act=android.intent.action.VIEW dat=http://link.zhihu.com/?target=https://item.taobao.com/item.htm?id=548188714604 cmp=com.android.browser/.BrowserActivity (has extras)} from uid 10054 on display 0
04-14 20:48:44.766   710 22212 I ActivityManager: START u0 {act=android.intent.action.VIEW dat=http://link.zhihu.com/?target=https://item.taobao.com/item.htm?id=548188714604 cmp=com.android.browser/.BrowserActivity (has extras)} from uid 10054 on display 0
04-14 20:49:38.148   710   710 W ViewRootImpl: Cancelling event due to no window focus: KeyEvent { action=ACTION_UP, keyCode=KEYCODE_T, scanCode=0, metaState=0, flags=0x80000028, repeatCount=0, eventTime=7809563, downTime=7809563, deviceId=-1, source=0x101 }
04-14 20:49:38.149   710   710 W ViewRootImpl: Cancelling event due to no window focus: KeyEvent { action=ACTION_UP, keyCode=KEYCODE_T, scanCode=0, metaState=0, flags=0x80000028, repeatCount=0, eventTime=7809563, downTime=7809563, deviceId=-1, source=0x101 }
04-14 20:49:38.213   710   710 W ViewRootImpl: Cancelling event due to no window focus: KeyEvent { action=ACTION_UP, keyCode=KEYCODE_T, scanCode=0, metaState=0, flags=0x80000028, repeatCount=0, eventTime=7809563, downTime=7809563, deviceId=-1, source=0x101 }
04-14 20:49:38.217   710   710 W ViewRootImpl: Cancelling event due to no window focus: KeyEvent { action=ACTION_UP, keyCode=KEYCODE_T, scanCode=0, metaState=0, flags=0x80000028, repeatCount=0, eventTime=7809563, downTime=7809563, deviceId=-1, source=0x101 }
04-14 20:49:38.217   710   710 W ViewRootImpl: Cancelling event due to no window focus: KeyEvent { action=ACTION_UP, keyCode=KEYCODE_T, scanCode=0, metaState=0, flags=0x80000028, repeatCount=0, eventTime=7809563, downTime=7809563, deviceId=-1, source=0x101 }
04-14 20:49:38.218   710   710 W ViewRootImpl: Cancelling event due to no window focus: KeyEvent { action=ACTION_UP, keyCode=KEYCODE_T, scanCode=0, metaState=0, flags=0x80000028, repeatCount=0, eventTime=7809563, downTime=7809563, deviceId=-1, source=0x101 }
04-14 20:49:38.219   710   710 W ViewRootImpl: Cancelling event due to no window focus: KeyEvent { action=ACTION_UP, keyCode=KEYCODE_T, scanCode=0, metaState=0, flags=0x80000028, repeatCount=0, eventTime=7809563, downTime=7809563, deviceId=-1, source=0x101 }
04-14 20:49:38.219   710   710 W ViewRootImpl: Cancelling event due to no window focus: KeyEvent { action=ACTION_UP, keyCode=KEYCODE_T, scanCode=0, metaState=0, flags=0x80000028, repeatCount=0, eventTime=7809563, downTime=7809563, deviceId=-1, source=0x101 }
04-14 20:49:38.262   710   710 W ViewRootImpl: Cancelling event due to no window focus: KeyEvent { action=ACTION_UP, keyCode=KEYCODE_T, scanCode=0, metaState=0, flags=0x80000028, repeatCount=0, eventTime=7809563, downTime=7809563, deviceId=-1, source=0x101 }
04-14 20:49:43.677   710 17348 W InputMethodManagerService: Window already focused, ignoring focus gain of: com.android.internal.view.IInputMethodClient$Stub$Proxy@3cdbd47f attribute=null, token = android.os.BinderProxy@2be4c63b
04-14 20:49:45.216   710 22193 I ActivityManager: START u0 {act=android.intent.action.MAIN cat=[android.intent.category.LAUNCHER] flg=0x10200000 cmp=com.zhihu.android/.app.ui.activity.MainActivity} from uid 0 on display 0
04-14 20:50:10.613   710   710 I JobServiceContext: Client timed out while executing (no jobFinished received). sending onStop. android/com.android.server.pm.BackgroundDexOptService jId=800, u0
04-14 20:50:46.351   710   937 I ActivityManager: START u0 {act=android.intent.action.MAIN cat=[android.intent.category.LAUNCHER] flg=0x10200000 cmp=com.zhihu.android/.app.ui.activity.MainActivity} from uid 0 on display 0
04-14 20:51:23.428   710  1207 W ProcessCpuTracker: Skipping unknown process pid 16906
04-14 20:51:23.429   710  1207 W ProcessCpuTracker: Skipping unknown process pid 16907
04-14 20:51:23.494   710  1207 W ProcessCpuTracker: Skipping unknown process pid 16908
04-14 20:51:23.495   710  1207 W ProcessCpuTracker: Skipping unknown process pid 16909
04-14 20:51:30.181   710   796 I ActivityManager: START u0 {act=android.intent.action.MAIN cat=[android.intent.category.LAUNCHER] flg=0x10000000 cmp=com.android.calendar/.AllInOneActivity sel=act=android.intent.action.MAIN cat=[android.intent.category.APP_CALENDAR]}} from uid 1000 on display 0
04-14 20:51:41.860   710   710 D ZenLog  : set_zen_mode: off,manualConditionExit
04-14 20:51:41.860   710   710 D ZenLog  : update_zen_mode: no_interruptions -> off
04-14 20:51:42.021   710   710 D ZenLog  : set_ringer_mode_internal: ZenModeHelper,i:silent->normal,e:silent->normal
04-14 20:51:42.029   710   710 D ZenLog  : unsubscribe: condition://android/countdown/1492174301857,ok
04-14 20:51:42.068   710   710 D ZenLog  : set_zen_mode: off,setting
04-14 20:51:42.069   710   710 D ZenLog  : exit_condition: null,null,zenOff
04-14 20:51:42.153   710   710 D ZenLog  : config: ZenModeConfig[allowCalls=false,allowMessages=false,allowFrom=anyone,allowEvents=true,sleepMode=null,sleepStart=22.0,sleepEnd=7.0,sleepNone=false,conditionComponents=null,conditionIds=null,exitCondition=null,exitConditionComponent=null]
04-14 20:51:42.323   710   710 D ZenLog  : downtime: Autotrigger skipped: not in downtime
04-14 20:51:42.342   710   710 D NotificationService: handleSavePolicyFile
04-14 20:52:03.197   710  1252 I ActivityManager: START u0 {act=android.intent.action.MAIN cat=[android.intent.category.LAUNCHER] flg=0x10200000 cmp=com.zhihu.android/.app.ui.activity.MainActivity} from uid 0 on display 0
04-14 20:52:18.773   710   727 I ActivityManager: START u0 {act=android.intent.action.MAIN cat=[android.intent.category.LAUNCHER] flg=0x10200000 cmp=com.zhihu.android/.app.ui.activity.MainActivity} from uid 0 on display 0
04-14 20:52:43.952   710   792 W ProcessCpuTracker: Skipping unknown process pid 4547
04-14 20:52:49.782   710 14890 I ActivityManager: START u0 {act=android.intent.action.VIEW dat=http://link.zhihu.com/?target=https://item.taobao.com/item.htm?id=548188714604 cmp=com.android.browser/.BrowserActivity (has extras)} from uid 10054 on display 0
04-14 20:53:09.967   710  1252 I ActivityManager: START u0 {act=android.intent.action.MAIN cat=[android.intent.category.LAUNCHER] flg=0x10200000 cmp=com.zhihu.android/.app.ui.activity.MainActivity} from uid 0 on display 0
04-14 20:53:12.365   710 14903 I ActivityManager: START u0 {act=android.intent.action.VIEW dat=http://link.zhihu.com/?target=https://item.taobao.com/item.htm?id=548188714604 cmp=com.android.browser/.BrowserActivity (has extras)} from uid 10054 on display 0
04-14 20:53:15.581   710  1242 I ActivityManager: START u0 {act=android.intent.action.MAIN cat=[android.intent.category.LAUNCHER] flg=0x10200000 cmp=com.zhihu.android/.app.ui.activity.MainActivity} from uid 0 on display 0
04-14 20:53:23.845   710  1242 W ProcessCpuTracker: Skipping unknown process pid 14481
04-14 20:53:30.093   710 31134 W BackupManagerService: dataChanged but no participant pkg='com.android.providers.settings' uid=10013
04-14 20:53:30.101   710   710 D ZenLog  : set_zen_mode: important_interruptions,setting
04-14 20:53:30.101   710   710 D ZenLog  : update_zen_mode: off -> important_interruptions
04-14 20:53:30.102   710   710 D ZenLog  : set_ringer_mode_internal: ZenModeHelper,i:normal->normal,e:normal->silent
04-14 20:53:30.377   710  1207 D ConditionProviders: Subscribing to condition://android/countdown/1492178010242 with android.service.notification.ConditionProviderService$Provider@32a32076
04-14 20:53:30.378   710  1207 D ZenLog  : subscribe: condition://android/countdown/1492178010242,ok
04-14 20:53:30.378   710  1207 D ZenLog  : exit_condition: Condition[id=condition://android/countdown/1492178010242,summary=For one hour (until 9:53 PM),line1=For one hour,line2=Until 9:53 PM,icon=0,state=STATE_TRUE,flags=1],{android/com.android.server.notification.CountdownConditionProvider},binderCall
04-14 20:53:30.403   710  1207 D ZenLog  : config: ZenModeConfig[allowCalls=false,allowMessages=false,allowFrom=anyone,allowEvents=true,sleepMode=null,sleepStart=22.0,sleepEnd=7.0,sleepNone=false,conditionComponents=null,conditionIds=null,exitCondition=Condition[id=condition://android/countdown/1492178010242,summary=For one hour (until 9:53 PM),line1=For one hour,line2=Until 9:53 PM,icon=0,state=STATE_TRUE,flags=1],exitConditionComponent=ComponentInfo{android/com.android.server.notification.CountdownConditionProvider}]
04-14 20:53:30.410   710   710 D NotificationService: handleSavePolicyFile
04-14 20:53:30.712   710  1252 I ActivityManager: START u0 {act=android.intent.action.MAIN cat=[android.intent.category.LAUNCHER] flg=0x10200000 cmp=com.zhihu.android/.app.ui.activity.MainActivity} from uid 0 on display 0
04-14 20:53:31.858   710 17348 I ActivityManager: START u0 {act=android.intent.action.MAIN cat=[android.intent.category.LAUNCHER] flg=0x10200000 cmp=com.zhihu.android/.app.ui.activity.MainActivity} from uid 0 on display 0
04-14 20:53:37.704   710  1207 I ActivityManager: START u0 {act=android.intent.action.VIEW dat=http://link.zhihu.com/?target=https://item.taobao.com/item.htm?id=548188714604 cmp=com.android.browser/.BrowserActivity (has extras)} from uid 10054 on display 0
04-14 20:53:38.099   710   775 W ProcessCpuTracker: Skipping unknown process pid 17478
04-14 20:53:38.152   710   775 W ProcessCpuTracker: Skipping unknown process pid 17479
04-14 20:53:38.164   710   775 W ProcessCpuTracker: Skipping unknown process pid 17480
04-14 20:53:38.684   710   796 I ActivityManager: START u0 {act=android.intent.action.MAIN cat=[android.intent.category.LAUNCHER] flg=0x10000000 cmp=com.android.music/.MusicBrowserActivity sel=act=android.intent.action.MAIN cat=[android.intent.category.APP_MUSIC]}} from uid 1000 on display 0
04-14 20:53:54.974   710   726 I ActivityManager: START u0 {act=android.intent.action.VIEW dat=http://link.zhihu.com/?target=https://item.taobao.com/item.htm?id=548188714604 cmp=com.android.browser/.BrowserActivity (has extras)} from uid 10054 on display 0
04-14 20:54:08.614   710   796 I ActivityManager: START u0 {act=android.intent.action.MAIN cat=[android.intent.category.LAUNCHER] flg=0x10000000 cmp=com.android.browser/.BrowserActivity sel=act=android.intent.action.MAIN cat=[android.intent.category.APP_BROWSER]}} from uid 1000 on display 0
04-14 20:54:09.541   710   710 I JobServiceContext: Client timed out while executing (no jobFinished received). sending onStop. android/com.android.server.pm.BackgroundDexOptService jId=800, u0
04-14 20:55:03.743   710 14890 W ProcessCpuTracker: Skipping unknown process pid 6358
04-14 20:55:03.760   710 14890 W ProcessCpuTracker: Skipping unknown process pid 6362
04-14 20:55:03.761   710 14890 W ProcessCpuTracker: Skipping unknown process pid 6364
04-14 20:55:20.475   710   796 I ActivityManager: START u0 {act=android.intent.action.SHOW_BRIGHTNESS_DIALOG cmp=com.android.systemui/.settings.BrightnessDialog} from uid 1000 on display 0
04-14 20:55:22.317   710   775 W ProcessCpuTracker: Skipping unknown process pid 10989
04-14 20:56:08.197   710   792 I ActivityManager: START u0 {act=android.intent.action.MAIN cat=[android.intent.category.LAUNCHER] flg=0x10200000 cmp=com.zhihu.android/.app.ui.activity.MainActivity} from uid 0 on display 0
04-14 20:56:16.869   710  1226 I ActivityManager: START u0 {act=android.intent.action.MAIN cat=[android.intent.category.LAUNCHER] flg=0x10200000 cmp=com.zhihu.android/.app.ui.activity.MainActivity} from uid 0 on display 0
04-14 20:56:25.629   710   727 D ZenLog  : set_ringer_mode_internal: AudioService.checkForRingerModeChange,i:normal->vibrate,e:silent->silent
04-14 20:56:32.956   710   796 I ActivityManager: START u0 {act=android.intent.action.MAIN cat=[android.intent.category.LAUNCHER] flg=0x10000000 cmp=com.android.music/.MusicBrowserActivity sel=act=android.intent.action.MAIN cat=[android.intent.category.APP_MUSIC]}} from uid 1000 on display 0
04-14 20:57:03.372   710 22212 I ActivityManager: START u0 {act=android.intent.action.MAIN cat=[android.intent.category.LAUNCHER] flg=0x10200000 cmp=com.zhihu.android/.app.ui.activity.MainActivity} from uid 0 on display 0
04-14 20:57:09.842  2121  2121 W ViewRootImpl: Dropping event due to no window focus: KeyEvent { action=ACTION_DOWN, keyCode=KEYCODE_DPAD_LEFT, scanCode=0, metaState=0, flags=0x8, repeatCount=0, eventTime=8261726, downTime=8261726, deviceId=-1, source=0x101 }
04-14 20:57:09.857  2121  2121 W ViewRootImpl: Cancelling event due to no window focus: KeyEvent { action=ACTION_UP, keyCode=KEYCODE_DPAD_LEFT, scanCode=0, metaState=0, flags=0x28, repeatCount=0, eventTime=8261729, downTime=8261729, deviceId=-1, source=0x101 }
04-14 20:57:09.858  2121  2121 W ViewRootImpl: Cancelling event due to no window focus: KeyEvent { action=ACTION_UP, keyCode=KEYCODE_DPAD_LEFT, scanCode=0, metaState=0, flags=0x28, repeatCount=0, eventTime=8261729, downTime=8261729, deviceId=-1, source=0x101 }
04-14 20:57:09.868  2121  2121 W ViewRootImpl: Cancelling event due to no window focus: KeyEvent { action=ACTION_UP, keyCode=KEYCODE_DPAD_LEFT, scanCode=0, metaState=0, flags=0x28, repeatCount=0, eventTime=8261729, downTime=8261729, deviceId=-1, source=0x101 }
04-14 20:57:09.925  2121  2121 W ViewRootImpl: Cancelling event due to no window focus: KeyEvent { action=ACTION_UP, keyCode=KEYCODE_DPAD_LEFT, scanCode=0, metaState=0, flags=0x28, repeatCount=0, eventTime=8261729, downTime=8261729, deviceId=-1, source=0x101 }
04-14 20:57:09.926  2121  2121 W ViewRootImpl: Cancelling event due to no window focus: KeyEvent { action=ACTION_UP, keyCode=KEYCODE_DPAD_LEFT, scanCode=0, metaState=0, flags=0x28, repeatCount=0, eventTime=8261729, downTime=8261729, deviceId=-1, source=0x101 }
04-14 20:57:09.936  2121  2121 W ViewRootImpl: Cancelling event due to no window focus: KeyEvent { action=ACTION_UP, keyCode=KEYCODE_DPAD_LEFT, scanCode=0, metaState=0, flags=0x28, repeatCount=0, eventTime=8261729, downTime=8261729, deviceId=-1, source=0x101 }
04-14 20:57:10.094   710 22212 W InputMethodManagerService: Window already focused, ignoring focus gain of: com.android.internal.view.IInputMethodClient$Stub$Proxy@2b815b0 attribute=null, token = android.os.BinderProxy@2be4c63b
04-14 20:58:07.501   710   710 I JobServiceContext: Client timed out while executing (no jobFinished received). sending onStop. android/com.android.server.pm.BackgroundDexOptService jId=800, u0
04-14 20:58:38.521   710   796 I WindowManager: Input event dispatching timed out sending to com.zhihu.android/com.zhihu.android.app.ui.activity.MainActivity.  Reason: Waiting to send key event because the focused window has not finished processing all of the input events that were previously delivered to it.  Outbound queue length: 0.  Wait queue length: 1.
04-14 20:58:38.657   710 17354 W InputManager: Input event injection from pid 4987 timed out.
04-14 20:58:38.841   710   775 I ActivityManager: Skipping duplicate ANR: ProcessRecord{32e7fd79 2121:com.zhihu.android/u0a54} Input dispatching timed out (Waiting to send key event because the focused window has not finished processing all of the input events that were previously delivered to it.  Outbound queue length: 0.  Wait queue length: 1.)
04-14 20:58:52.952   710   775 W ProcessCpuTracker: Skipping unknown process pid 30548
04-14 20:58:52.953   710   775 W ProcessCpuTracker: Skipping unknown process pid 30549
04-14 20:58:52.999   710   775 W ProcessCpuTracker: Skipping unknown process pid 30550
04-14 20:58:53.004   710   775 W ProcessCpuTracker: Skipping unknown process pid 30551
04-14 20:58:58.346   710 14903 W ProcessCpuTracker: Skipping unknown process pid 30725
04-14 20:59:27.178   710 14903 I ActivityManager: START u0 {act=android.intent.action.MAIN cat=[android.intent.category.LAUNCHER] flg=0x10200000 cmp=com.zhihu.android/.app.ui.activity.MainActivity} from uid 0 on display 0
04-14 20:59:30.781   710   727 I ActivityManager: START u0 {act=android.intent.action.MAIN cat=[android.intent.category.LAUNCHER] flg=0x10200000 cmp=com.zhihu.android/.app.ui.activity.MainActivity} from uid 0 on display 0
04-14 20:59:32.426   710  1226 I ActivityManager: START u0 {act=android.intent.action.CHOOSER flg=0x10008000 cmp=android/com.android.internal.app.ChooserActivity bnds=[216,852][1056,996] (has extras)} from uid 10013 on display 0
04-14 20:59:33.736   710 22212 W InputMethodManagerService: Window already focused, ignoring focus gain of: com.android.internal.view.IInputMethodClient$Stub$Proxy@34944ae0 attribute=null, token = android.os.BinderProxy@2be4c63b
04-14 20:59:35.469   710 22212 I ActivityManager: START u0 {act=android.intent.action.MAIN cat=[android.intent.category.LAUNCHER] flg=0x10200000 cmp=com.zhihu.android/.app.ui.activity.MainActivity} from uid 0 on display 0
04-14 20:59:46.443   710   796 I ActivityManager: START u0 {act=android.speech.action.WEB_SEARCH} from uid 1000 on display 0
04-14 20:59:50.579   710   726 W ProcessCpuTracker: Skipping unknown process pid 12728
04-14 20:59:50.614   710   726 W ProcessCpuTracker: Skipping unknown process pid 12729
04-14 20:59:50.615   710   726 W ProcessCpuTracker: Skipping unknown process pid 12730
04-14 20:59:50.672   710   726 W ProcessCpuTracker: Skipping unknown process pid 12731
04-14 20:59:55.775   710   796 I ActivityManager: START u0 {act=android.intent.action.SHOW_BRIGHTNESS_DIALOG cmp=com.android.systemui/.settings.BrightnessDialog} from uid 1000 on display 0
04-14 20:59:58.883   710  1242 I ActivityManager: START u0 {act=android.intent.action.MAIN cat=[android.intent.category.LAUNCHER] flg=0x10200000 cmp=com.zhihu.android/.app.ui.activity.MainActivity} from uid 0 on display 0
04-14 21:00:01.687   710 14903 W BackupManagerService: dataChanged but no participant pkg='com.android.providers.settings' uid=10013
04-14 21:00:01.692   710   710 D ZenLog  : set_zen_mode: no_interruptions,setting
04-14 21:00:01.692   710   710 D ZenLog  : update_zen_mode: important_interruptions -> no_interruptions
04-14 21:00:01.696   710   710 D ZenLog  : set_ringer_mode_internal: ZenModeHelper,i:vibrate->silent,e:silent->silent
04-14 21:00:19.963   710   726 I ActivityManager: START u0 {act=android.intent.action.MAIN cat=[android.intent.category.LAUNCHER] flg=0x10200000 cmp=com.zhihu.android/.app.ui.activity.MainActivity} from uid 0 on display 0
04-14 21:00:27.164   710   710 I JobServiceContext: Client timed out while executing (no jobFinished received). sending onStop. android/com.android.server.pm.BackgroundDexOptService jId=800, u0
04-14 21:01:13.972   710  1226 W ProcessCpuTracker: Skipping unknown process pid 849
04-14 21:01:40.565  2121  2121 W ViewRootImpl: Dropping event due to no window focus: KeyEvent { action=ACTION_DOWN, keyCode=KEYCODE_DPAD_DOWN, scanCode=0, metaState=0, flags=0x400, repeatCount=0, eventTime=8532596, downTime=8532596, deviceId=-1, source=0x101 }
04-14 21:01:40.566  2121  2121 W ViewRootImpl: Cancelling event due to no window focus: KeyEvent { action=ACTION_UP, keyCode=KEYCODE_DPAD_DOWN, scanCode=0, metaState=0, flags=0x420, repeatCount=0, eventTime=8532596, downTime=8532596, deviceId=-1, source=0x101 }
04-14 21:01:40.567  2121  2121 W ViewRootImpl: Cancelling event due to no window focus: KeyEvent { action=ACTION_UP, keyCode=KEYCODE_DPAD_DOWN, scanCode=0, metaState=0, flags=0x420, repeatCount=0, eventTime=8532596, downTime=8532596, deviceId=-1, source=0x101 }
04-14 21:01:40.567  2121  2121 W ViewRootImpl: Cancelling event due to no window focus: KeyEvent { action=ACTION_UP, keyCode=KEYCODE_DPAD_DOWN, scanCode=0, metaState=0, flags=0x420, repeatCount=0, eventTime=8532596, downTime=8532596, deviceId=-1, source=0x101 }
04-14 21:01:40.568  2121  2121 W ViewRootImpl: Dropping event due to no window focus: KeyEvent { action=ACTION_DOWN, keyCode=KEYCODE_DPAD_DOWN, scanCode=0, metaState=0, flags=0x400, repeatCount=0, eventTime=8532596, downTime=8532596, deviceId=-1, source=0x101 }
04-14 21:01:40.569  2121  2121 W ViewRootImpl: Cancelling event due to no window focus: KeyEvent { action=ACTION_UP, keyCode=KEYCODE_DPAD_DOWN, scanCode=0, metaState=0, flags=0x420, repeatCount=0, eventTime=8532596, downTime=8532596, deviceId=-1, source=0x101 }
04-14 21:01:40.569  2121  2121 W ViewRootImpl: Cancelling event due to no window focus: KeyEvent { action=ACTION_UP, keyCode=KEYCODE_DPAD_DOWN, scanCode=0, metaState=0, flags=0x420, repeatCount=0, eventTime=8532596, downTime=8532596, deviceId=-1, source=0x101 }
04-14 21:01:40.588  2121  2121 W ViewRootImpl: Cancelling event due to no window focus: KeyEvent { action=ACTION_UP, keyCode=KEYCODE_DPAD_DOWN, scanCode=0, metaState=0, flags=0x420, repeatCount=0, eventTime=8532596, downTime=8532596, deviceId=-1, source=0x101 }
04-14 21:01:40.589  2121  2121 W ViewRootImpl: Dropping event due to no window focus: KeyEvent { action=ACTION_DOWN, keyCode=KEYCODE_DPAD_DOWN, scanCode=0, metaState=0, flags=0x400, repeatCount=0, eventTime=8532596, downTime=8532596, deviceId=-1, source=0x101 }
04-14 21:01:40.593  2121  2121 W ViewRootImpl: Cancelling event due to no window focus: KeyEvent { action=ACTION_UP, keyCode=KEYCODE_DPAD_DOWN, scanCode=0, metaState=0, flags=0x420, repeatCount=0, eventTime=8532596, downTime=8532596, deviceId=-1, source=0x101 }
04-14 21:01:40.594  2121  2121 W ViewRootImpl: Cancelling event due to no window focus: KeyEvent { action=ACTION_UP, keyCode=KEYCODE_DPAD_DOWN, scanCode=0, metaState=0, flags=0x420, repeatCount=0, eventTime=8532596, downTime=8532596, deviceId=-1, source=0x101 }
04-14 21:01:40.594  2121  2121 W ViewRootImpl: Cancelling event due to no window focus: KeyEvent { action=ACTION_UP, keyCode=KEYCODE_DPAD_DOWN, scanCode=0, metaState=0, flags=0x420, repeatCount=0, eventTime=8532596, downTime=8532596, deviceId=-1, source=0x101 }
04-14 21:01:40.595  2121  2121 W ViewRootImpl: Dropping event due to no window focus: KeyEvent { action=ACTION_DOWN, keyCode=KEYCODE_DPAD_DOWN, scanCode=0, metaState=0, flags=0x400, repeatCount=0, eventTime=8532596, downTime=8532596, deviceId=-1, source=0x101 }
04-14 21:01:40.596  2121  2121 W ViewRootImpl: Cancelling event due to no window focus: KeyEvent { action=ACTION_UP, keyCode=KEYCODE_DPAD_DOWN, scanCode=0, metaState=0, flags=0x420, repeatCount=0, eventTime=8532596, downTime=8532596, deviceId=-1, source=0x101 }
04-14 21:01:40.596  2121  2121 W ViewRootImpl: Cancelling event due to no window focus: KeyEvent { action=ACTION_UP, keyCode=KEYCODE_DPAD_DOWN, scanCode=0, metaState=0, flags=0x420, repeatCount=0, eventTime=8532596, downTime=8532596, deviceId=-1, source=0x101 }
04-14 21:01:40.597  2121  2121 W ViewRootImpl: Cancelling event due to no window focus: KeyEvent { action=ACTION_UP, keyCode=KEYCODE_DPAD_DOWN, scanCode=0, metaState=0, flags=0x420, repeatCount=0, eventTime=8532596, downTime=8532596, deviceId=-1, source=0x101 }
04-14 21:01:40.664  2121  2121 W ViewRootImpl: Cancelling event due to no window focus: KeyEvent { action=ACTION_UP, keyCode=KEYCODE_DPAD_DOWN, scanCode=0, metaState=0, flags=0x420, repeatCount=0, eventTime=8532596, downTime=8532596, deviceId=-1, source=0x101 }
04-14 21:01:40.671  2121  2121 W ViewRootImpl: Cancelling event due to no window focus: KeyEvent { action=ACTION_UP, keyCode=KEYCODE_DPAD_DOWN, scanCode=0, metaState=0, flags=0x420, repeatCount=0, eventTime=8532596, downTime=8532596, deviceId=-1, source=0x101 }
04-14 21:01:40.675  2121  2121 W ViewRootImpl: Cancelling event due to no window focus: KeyEvent { action=ACTION_UP, keyCode=KEYCODE_DPAD_DOWN, scanCode=0, metaState=0, flags=0x420, repeatCount=0, eventTime=8532596, downTime=8532596, deviceId=-1, source=0x101 }
04-14 21:01:40.697  2121  2121 W ViewRootImpl: Cancelling event due to no window focus: KeyEvent { action=ACTION_UP, keyCode=KEYCODE_DPAD_DOWN, scanCode=0, metaState=0, flags=0x420, repeatCount=0, eventTime=8532596, downTime=8532596, deviceId=-1, source=0x101 }
04-14 21:01:40.698  2121  2121 W ViewRootImpl: Cancelling event due to no window focus: KeyEvent { action=ACTION_UP, keyCode=KEYCODE_DPAD_DOWN, scanCode=0, metaState=0, flags=0x420, repeatCount=0, eventTime=8532596, downTime=8532596, deviceId=-1, source=0x101 }
04-14 21:01:40.704  2121  2121 W ViewRootImpl: Cancelling event due to no window focus: KeyEvent { action=ACTION_UP, keyCode=KEYCODE_DPAD_DOWN, scanCode=0, metaState=0, flags=0x420, repeatCount=0, eventTime=8532596, downTime=8532596, deviceId=-1, source=0x101 }
04-14 21:01:40.752  2121  2121 W ViewRootImpl: Cancelling event due to no window focus: KeyEvent { action=ACTION_UP, keyCode=KEYCODE_DPAD_DOWN, scanCode=0, metaState=0, flags=0x420, repeatCount=0, eventTime=8532596, downTime=8532596, deviceId=-1, source=0x101 }
04-14 21:01:40.752  2121  2121 W ViewRootImpl: Cancelling event due to no window focus: KeyEvent { action=ACTION_UP, keyCode=KEYCODE_DPAD_DOWN, scanCode=0, metaState=0, flags=0x420, repeatCount=0, eventTime=8532596, downTime=8532596, deviceId=-1, source=0x101 }
04-14 21:01:40.753  2121  2121 W ViewRootImpl: Cancelling event due to no window focus: KeyEvent { action=ACTION_UP, keyCode=KEYCODE_DPAD_DOWN, scanCode=0, metaState=0, flags=0x420, repeatCount=0, eventTime=8532596, downTime=8532596, deviceId=-1, source=0x101 }
04-14 21:01:40.773  2121  2121 W ViewRootImpl: Cancelling event due to no window focus: KeyEvent { action=ACTION_UP, keyCode=KEYCODE_DPAD_DOWN, scanCode=0, metaState=0, flags=0x420, repeatCount=0, eventTime=8532596, downTime=8532596, deviceId=-1, source=0x101 }
04-14 21:01:40.773  2121  2121 W ViewRootImpl: Cancelling event due to no window focus: KeyEvent { action=ACTION_UP, keyCode=KEYCODE_DPAD_DOWN, scanCode=0, metaState=0, flags=0x420, repeatCount=0, eventTime=8532596, downTime=8532596, deviceId=-1, source=0x101 }
04-14 21:01:40.774  2121  2121 W ViewRootImpl: Cancelling event due to no window focus: KeyEvent { action=ACTION_UP, keyCode=KEYCODE_DPAD_DOWN, scanCode=0, metaState=0, flags=0x420, repeatCount=0, eventTime=8532596, downTime=8532596, deviceId=-1, source=0x101 }
04-14 21:01:40.811  2121  2121 W ViewRootImpl: Cancelling event due to no window focus: KeyEvent { action=ACTION_UP, keyCode=KEYCODE_DPAD_DOWN, scanCode=0, metaState=0, flags=0x80000420, repeatCount=0, eventTime=8532596, downTime=8532596, deviceId=-1, source=0x101 }
04-14 21:01:40.812  2121  2121 W ViewRootImpl: Cancelling event due to no window focus: KeyEvent { action=ACTION_UP, keyCode=KEYCODE_DPAD_DOWN, scanCode=0, metaState=0, flags=0x80000420, repeatCount=0, eventTime=8532596, downTime=8532596, deviceId=-1, source=0x101 }
04-14 21:01:40.813  2121  2121 W ViewRootImpl: Cancelling event due to no window focus: KeyEvent { action=ACTION_UP, keyCode=KEYCODE_DPAD_DOWN, scanCode=0, metaState=0, flags=0x80000420, repeatCount=0, eventTime=8532596, downTime=8532596, deviceId=-1, source=0x101 }
04-14 21:01:40.813  2121  2121 W ViewRootImpl: Cancelling event due to no window focus: KeyEvent { action=ACTION_UP, keyCode=KEYCODE_DPAD_DOWN, scanCode=0, metaState=0, flags=0x80000420, repeatCount=0, eventTime=8532596, downTime=8532596, deviceId=-1, source=0x101 }
04-14 21:01:42.892   710 31134 W InputMethodManagerService: Window already focused, ignoring focus gain of: com.android.internal.view.IInputMethodClient$Stub$Proxy@37cbb8d3 attribute=null, token = android.os.BinderProxy@2be4c63b
04-14 21:02:30.749   710   792 W BackupManagerService: dataChanged but no participant pkg='com.android.providers.settings' uid=10013
04-14 21:02:30.756   710   710 D ZenLog  : set_zen_mode: important_interruptions,setting
04-14 21:02:30.756   710   710 D ZenLog  : update_zen_mode: no_interruptions -> important_interruptions
04-14 21:02:30.759   710   710 D ZenLog  : set_ringer_mode_internal: ZenModeHelper,i:silent->vibrate,e:silent->silent
04-14 21:02:53.200   710   775 W ProcessCpuTracker: Skipping unknown process pid 25564
04-14 21:02:53.219   710   775 W ProcessCpuTracker: Skipping unknown process pid 25565
04-14 21:02:53.250   710   775 W ProcessCpuTracker: Skipping unknown process pid 25566
04-14 21:03:05.318   710 17348 W ProcessCpuTracker: Skipping unknown process pid 28479
04-14 21:03:34.725   874   874 W ViewRootImpl: Dropping event due to no window focus: KeyEvent { action=ACTION_DOWN, keyCode=KEYCODE_MANNER_MODE, scanCode=0, metaState=0, flags=0x8, repeatCount=0, eventTime=8645272, downTime=8645272, deviceId=-1, source=0x101 }
04-14 21:03:34.727   874   874 W ViewRootImpl: Cancelling event due to no window focus: KeyEvent { action=ACTION_UP, keyCode=KEYCODE_MANNER_MODE, scanCode=0, metaState=0, flags=0x28, repeatCount=0, eventTime=8645274, downTime=8645274, deviceId=-1, source=0x101 }
04-14 21:03:34.727   874   874 W ViewRootImpl: Cancelling event due to no window focus: KeyEvent { action=ACTION_UP, keyCode=KEYCODE_MANNER_MODE, scanCode=0, metaState=0, flags=0x28, repeatCount=0, eventTime=8645274, downTime=8645274, deviceId=-1, source=0x101 }
04-14 21:03:34.728   874   874 W ViewRootImpl: Cancelling event due to no window focus: KeyEvent { action=ACTION_UP, keyCode=KEYCODE_MANNER_MODE, scanCode=0, metaState=0, flags=0x28, repeatCount=0, eventTime=8645274, downTime=8645274, deviceId=-1, source=0x101 }
04-14 21:03:34.728   874   874 W ViewRootImpl: Cancelling event due to no window focus: KeyEvent { action=ACTION_UP, keyCode=KEYCODE_MANNER_MODE, scanCode=0, metaState=0, flags=0x28, repeatCount=0, eventTime=8645274, downTime=8645274, deviceId=-1, source=0x101 }
04-14 21:03:34.729   874   874 W ViewRootImpl: Cancelling event due to no window focus: KeyEvent { action=ACTION_UP, keyCode=KEYCODE_MANNER_MODE, scanCode=0, metaState=0, flags=0x28, repeatCount=0, eventTime=8645274, downTime=8645274, deviceId=-1, source=0x101 }
