08-10 09:25:25.853   190   665 E RILC    : Send Response to RIL_SOCKET_1
08-10 09:25:25.854  1138  1280 D RILJ    : [UNSL]< UNSOL_RESPONSE_VOICE_NETWORK_STATE_CHANGED [SUB0]
08-10 09:25:25.856  1138  1138 D RILJ    : [3768]> OPERATOR [SUB0]
08-10 09:25:25.863  1138  1280 D RILJ    : [UNSL]< UNSOL_RESPONSE_VOICE_NETWORK_STATE_CHANGED [SUB0]
08-10 09:25:25.865  1138  1138 D RILJ    : [3769]> DATA_REGISTRATION_STATE [SUB0]
08-10 09:25:25.866   190   665 I RILQ    : (0/190):RIL[0][qmi_cb] qcril_qmi_nas_update_data_rte: completed, new drte 0 with confidence 4
08-10 09:25:25.867  1138  1138 D RILJ    : [3770]> VOICE_REGISTRATION_STATE [SUB0]
08-10 09:25:25.869  1138  1138 D RILJ    : [3771]> QUERY_NETWORK_SELECTION_MODE [SUB0]
08-10 09:25:25.872  1138  1138 D RILJ    : [3772]> OPERATOR [SUB0]
08-10 09:25:25.873   190   665 I RILC    : RIL_SOCKET_1 UNSOLICITED: UNSOL_RESPONSE_VOICE_NETWORK_STATE_CHANGED length:8
08-10 09:25:25.873   190   665 E RILC    : Send Response to RIL_SOCKET_1
08-10 09:25:25.874  1138  1280 D RILJ    : [UNSL]< UNSOL_RESPONSE_VOICE_NETWORK_STATE_CHANGED [SUB0]
08-10 09:25:25.880  1138  1138 D RILJ    : [3773]> DATA_REGISTRATION_STATE [SUB0]
08-10 09:25:25.881   190   665 I RILQ    : (0/190):RIL[0][qmi_cb] qcril_qmi_nas_update_data_rte: completed, new drte 0 with confidence 4
08-10 09:25:25.882   190   665 I RILC    : RIL_SOCKET_1 UNSOLICITED: UNSOL_RESPONSE_VOICE_NETWORK_STATE_CHANGED length:8
08-10 09:25:25.882   190   665 E RILC    : Send Response to RIL_SOCKET_1
08-10 09:25:25.883  1138  1280 D RILJ    : [UNSL]< UNSOL_RESPONSE_VOICE_NETWORK_STATE_CHANGED [SUB0]
08-10 09:25:25.884  1138  1138 D RILJ    : [3774]> VOICE_REGISTRATION_STATE [SUB0]
08-10 09:25:25.887  1138  1138 D RILJ    : [3775]> QUERY_NETWORK_SELECTION_MODE [SUB0]
08-10 09:25:25.891  1138  1138 D RILJ    : [3776]> OPERATOR [SUB0]
08-10 09:25:25.897  1138  1138 D RILJ    : [3777]> DATA_REGISTRATION_STATE [SUB0]
08-10 09:25:25.897   190  2595 D RILC    : RequestComplete, RIL_SOCKET_1
08-10 09:25:25.897   190  2595 E RILC    : Send Response to RIL_SOCKET_1
08-10 09:25:25.899  1138  1280 D RILJ    : [3771]< QUERY_NETWORK_SELECTION_MODE {0} [SUB0]
08-10 09:25:25.900  1138  1138 D RILJ    : [3778]> VOICE_REGISTRATION_STATE [SUB0]
08-10 09:25:25.901   190  2595 D RILC    : RequestComplete, RIL_SOCKET_1
08-10 09:25:25.901   190  2595 E RILC    : Send Response to RIL_SOCKET_1
08-10 09:25:25.901  1138  1280 D RILJ    : [3775]< QUERY_NETWORK_SELECTION_MODE {0} [SUB0]
08-10 09:25:25.902   190  2594 D RILC    : RequestComplete, RIL_SOCKET_1
08-10 09:25:25.902   190  2594 E RILC    : Send Response to RIL_SOCKET_1
08-10 09:25:25.902   190  2594 D RILC    : RequestComplete, RIL_SOCKET_1
08-10 09:25:25.902   190  2594 E RILC    : Send Response to RIL_SOCKET_1
08-10 09:25:25.905  1138  1280 D RILJ    : [3770]< VOICE_REGISTRATION_STATE {13, null, null, 0, null, null, null, 0, null, null, null, null, null, 2, 172} [SUB0]
08-10 09:25:25.906  1138  1280 D RILJ    : [3774]< VOICE_REGISTRATION_STATE {13, null, null, 0, null, null, null, 0, null, null, null, null, null, 2, 172} [SUB0]
08-10 09:25:25.908  1138  1138 D RILJ    : [3779]> QUERY_NETWORK_SELECTION_MODE [SUB0]
08-10 09:25:25.910   190  2596 D RILC    : RequestComplete, RIL_SOCKET_1
08-10 09:25:25.910   190  2596 E RILC    : Send Response to RIL_SOCKET_1
08-10 09:25:25.912  1138  1280 D RILJ    : [3778]< VOICE_REGISTRATION_STATE {13, null, null, 0, null, null, null, 0, null, null, null, null, null, 2, 172} [SUB0]
08-10 09:25:25.913   190  2592 D RILC    : RequestComplete, RIL_SOCKET_1
08-10 09:25:25.913   190  2592 E RILC    : Send Response to RIL_SOCKET_1
08-10 09:25:25.913   190  2592 D RILC    : RequestComplete, RIL_SOCKET_1
08-10 09:25:25.913   190  2592 E RILC    : Send Response to RIL_SOCKET_1
08-10 09:25:25.913   190  2592 D RILC    : RequestComplete, RIL_SOCKET_1
08-10 09:25:25.913   190  2592 E RILC    : Send Response to RIL_SOCKET_1
08-10 09:25:25.922   190  2593 D RILC    : RequestComplete, RIL_SOCKET_1
08-10 09:25:25.922   190  2593 E RILC    : Send Response to RIL_SOCKET_1
08-10 09:25:25.922   190  2593 D RILC    : RequestComplete, RIL_SOCKET_1
08-10 09:25:25.922   190  2593 E RILC    : Send Response to RIL_SOCKET_1
08-10 09:25:25.922   190  2593 D RILC    : RequestComplete, RIL_SOCKET_1
08-10 09:25:25.922   190  2593 E RILC    : Send Response to RIL_SOCKET_1
08-10 09:25:25.923  1138  1280 D RILJ    : [3768]< OPERATOR {null, null, null} [SUB0]
08-10 09:25:25.924  1138  1280 D RILJ    : [3772]< OPERATOR {null, null, null} [SUB0]
08-10 09:25:25.924  1138  1280 D RILJ    : [3776]< OPERATOR {null, null, null} [SUB0]
08-10 09:25:25.925  1138  1280 D RILJ    : [3769]< DATA_REGISTRATION_STATE {2, null, null, null, 0, 20, null, null, null, null, null} [SUB0]
08-10 09:25:25.928  1138  1280 D RILJ    : [3773]< DATA_REGISTRATION_STATE {2, null, null, null, 0, 20, null, null, null, null, null} [SUB0]
08-10 09:25:25.929  1138  1280 D RILJ    : [3777]< DATA_REGISTRATION_STATE {2, null, null, null, 0, 20, null, null, null, null, null} [SUB0]
08-10 09:25:25.930  1138  1138 D RILJ    : [3780]> OPERATOR [SUB0]
08-10 09:25:25.932  1138  1138 D RILJ    : [3781]> DATA_REGISTRATION_STATE [SUB0]
08-10 09:25:25.933   190  2607 D RILC    : RequestComplete, RIL_SOCKET_1
08-10 09:25:25.933   190  2607 E RILC    : Send Response to RIL_SOCKET_1
08-10 09:25:25.933  1138  1280 D RILJ    : [3780]< OPERATOR {null, null, null} [SUB0]
08-10 09:25:25.936  1138  1138 D RILJ    : [3782]> VOICE_REGISTRATION_STATE [SUB0]
08-10 09:25:25.938  1138  1138 D RILJ    : [3783]> QUERY_NETWORK_SELECTION_MODE [SUB0]
08-10 09:25:25.941   190  2605 D RILC    : RequestComplete, RIL_SOCKET_1
08-10 09:25:25.941   190  2605 E RILC    : Send Response to RIL_SOCKET_1
08-10 09:25:25.941   190  2605 D RILC    : RequestComplete, RIL_SOCKET_1
08-10 09:25:25.941   190  2605 E RILC    : Send Response to RIL_SOCKET_1
08-10 09:25:25.942  1138  1280 D RILJ    : [3779]< QUERY_NETWORK_SELECTION_MODE {0} [SUB0]
08-10 09:25:25.943  1138  1280 D RILJ    : [3783]< QUERY_NETWORK_SELECTION_MODE {0} [SUB0]
08-10 09:25:25.950   190  2608 D RILC    : RequestComplete, RIL_SOCKET_1
08-10 09:25:25.951   190  2608 E RILC    : Send Response to RIL_SOCKET_1
08-10 09:25:25.952  1138  1280 D RILJ    : [3781]< DATA_REGISTRATION_STATE {2, null, null, null, 0, 20, null, null, null, null, null} [SUB0]
08-10 09:25:25.952  1138  1138 D PHONE   : [ServiceState] setDataRegState=1
08-10 09:25:25.952  1138  1138 D PHONE   : [ServiceState] setDataRadioTechnology=0
08-10 09:25:25.952  1138  1138 D GsmSST  : [GsmSST] handlPollStateResultMessage: GsmSST setDataRegState=1 regState=2 dataRadioTechnology=0
08-10 09:25:25.953   190  2609 D RILC    : RequestComplete, RIL_SOCKET_1
08-10 09:25:25.953   190  2609 E RILC    : Send Response to RIL_SOCKET_1
08-10 09:25:25.955   190   293 I RILC    : RIL_SOCKET_1 UNSOLICITED: UNSOL_RESPONSE_SIM_STATUS_CHANGED length:8
08-10 09:25:25.956   190   293 E RILC    : Send Response to RIL_SOCKET_1
08-10 09:25:25.956  1138  1280 D RILJ    : [3782]< VOICE_REGISTRATION_STATE {13, null, null, 0, null, null, null, 0, null, null, null, null, null, 2, 172} [SUB0]
08-10 09:25:25.956  1138  1138 D PHONE   : [ServiceState] setVoiceRegState=1
08-10 09:25:25.956  1138  1138 E PHONE   : [ServiceState] setState deprecated use setVoiceRegState()
08-10 09:25:25.958  1138  1138 D GsmSST  : [GsmSST] Poll ServiceState done:  oldSS=[1 1 voice home data home null null null null null null  Unknown Unknown CSS not supported -1 -1 RoamInd=-1 DefRoamInd=-1 EmergOnly=true] newSS=[1 1 voice home data home null null null null null null  Unknown Unknown CSS not supported -1 -1 RoamInd=-1 DefRoamInd=-1 EmergOnly=true] oldMaxDataCalls=20 mNewMaxDataCalls=20 oldReasonDataDenied=7 mNewReasonDataDenied=-1
08-10 09:25:25.958  1138  1138 D PHONE   : [ServiceState] setNullState=1
08-10 09:25:25.960  1138  1280 D RILJ    : [UNSL]< UNSOL_RESPONSE_SIM_STATUS_CHANGED [SUB0]
08-10 09:25:25.960  1138  1138 D UiccController: Received EVENT_ICC_STATUS_CHANGED, calling getIccCardStatus
08-10 09:25:25.961  1138  1138 D RILJ    : [3784]> GET_SIM_STATUS [SUB0]
08-10 09:25:25.964   190   284 D RILC    : RequestComplete, RIL_SOCKET_1
08-10 09:25:25.964   190   284 E RILC    : Send Response to RIL_SOCKET_1
08-10 09:25:25.965  1138  1280 D RILJ    : [3784]< GET_SIM_STATUS IccCardState {CARDSTATE_PRESENT,PINSTATE_ENABLED_NOT_VERIFIED,num_apps=1,gsm_id=0{APPTYPE_USIM,APPSTATE_READY,pin1=PINSTATE_DISABLED,pin2=PINSTATE_ENABLED_NOT_VERIFIED},cdma_id=-1,ims_id=-1} [SUB0]
08-10 09:25:25.965  1138  1138 D UiccController: Received EVENT_GET_ICC_STATUS_DONE
08-10 09:25:25.965  1138  1138 D UiccCard: 1 applications
08-10 09:25:25.966  1138  1138 D UiccCardApplication: APPTYPE_USIM update. New {APPTYPE_USIM,APPSTATE_READY,pin1=PINSTATE_DISABLED,pin2=PINSTATE_ENABLED_NOT_VERIFIED}
08-10 09:25:25.967  1138  1138 D UiccCard: Before privilege rules: Handler (com.android.internal.telephony.uicc.UiccCarrierPrivilegeRules) {1228c608} : CARDSTATE_PRESENT
08-10 09:25:25.967  1138  1138 D UiccCard: update: radioState=RADIO_ON mLastRadioState=RADIO_ON
08-10 09:25:25.967  1138  1138 D UiccController: Notifying IccChangedRegistrants
08-10 09:25:25.968  1138  1138 D DCT     : [0]handleMessage msg={ when=0 what=270369 obj=android.os.AsyncResult@19e2f1a1 target=com.android.internal.telephony.dataconnection.DcTracker }
08-10 09:25:25.969  1138  1138 D GsmSMSDispatcher: GsmSMSDispatcher: subId = 1 slotId = 0
08-10 09:25:25.969  1138  1138 E IccCardProxy: setExternalState: !override and newstate unchanged from READY
08-10 09:25:25.969  1138  1138 D CAT     : CatService: handleMessage[8]
08-10 09:25:25.969  1138  1138 D CAT     : CatService: MSG_ID_ICC_CHANGED
08-10 09:25:25.969  1138  1138 D CAT     : CatService: New Card State = CARDSTATE_PRESENT Old Card State = CARDSTATE_PRESENT
08-10 09:25:26.052   190   665 I RILQ    : (0/190):RIL[0][qmi_cb] qcril_qmi_nas_update_data_rte: completed, new drte 0 with confidence 4
08-10 09:25:26.053   190   665 I RILC    : RIL_SOCKET_1 UNSOLICITED: UNSOL_RESPONSE_VOICE_NETWORK_STATE_CHANGED length:8
08-10 09:25:26.053   190   665 E RILC    : Send Response to RIL_SOCKET_1
08-10 09:25:26.053  1138  1280 D RILJ    : [UNSL]< UNSOL_RESPONSE_VOICE_NETWORK_STATE_CHANGED [SUB0]
08-10 09:25:26.054  1138  1138 D RILJ    : [3785]> OPERATOR [SUB0]
08-10 09:25:26.056  1138  1138 D RILJ    : [3786]> DATA_REGISTRATION_STATE [SUB0]
08-10 09:25:26.058  1138  1138 D RILJ    : [3787]> VOICE_REGISTRATION_STATE [SUB0]
08-10 09:25:26.060  1138  1138 D RILJ    : [3788]> QUERY_NETWORK_SELECTION_MODE [SUB0]
08-10 09:25:26.069   190   293 I RILC    : RIL_SOCKET_1 UNSOLICITED: UNSOL_CDMA_PRL_CHANGED length:16
08-10 09:25:26.070   190   293 E RILC    : Send Response to RIL_SOCKET_1
08-10 09:25:26.070  1138  1280 D RILJ    : [UNSL]< UNSOL_CDMA_PRL_CHANGED {162} [SUB0]
08-10 09:25:26.071   190  2629 D RILC    : RequestComplete, RIL_SOCKET_1
08-10 09:25:26.071   190  2629 E RILC    : Send Response to RIL_SOCKET_1
08-10 09:25:26.071  1138  1280 D RILJ    : [3785]< OPERATOR {null, null, null} [SUB0]
08-10 09:25:26.073   190  2631 D RILC    : RequestComplete, RIL_SOCKET_1
08-10 09:25:26.073   190  2631 E RILC    : Send Response to RIL_SOCKET_1
08-10 09:25:26.074  1138  1280 D RILJ    : [3787]< VOICE_REGISTRATION_STATE {13, null, null, 0, null, null, null, 0, null, null, null, null, null, 2, 172} [SUB0]
08-10 09:25:26.074  1138  1138 D PHONE   : [ServiceState] setVoiceRegState=1
08-10 09:25:26.074  1138  1138 E PHONE   : [ServiceState] setState deprecated use setVoiceRegState()
08-10 09:25:26.077   190  2632 D RILC    : RequestComplete, RIL_SOCKET_1
08-10 09:25:26.077   190  2632 E RILC    : Send Response to RIL_SOCKET_1
08-10 09:25:26.078  1138  1280 D RILJ    : [3788]< QUERY_NETWORK_SELECTION_MODE {0} [SUB0]
08-10 09:25:26.078   190  2630 D RILC    : RequestComplete, RIL_SOCKET_1
08-10 09:25:26.078   190  2630 E RILC    : Send Response to RIL_SOCKET_1
08-10 09:25:26.079  1138  1280 D RILJ    : [3786]< DATA_REGISTRATION_STATE {2, null, null, null, 0, 20, null, null, null, null, null} [SUB0]
08-10 09:25:26.080  1138  1138 D PHONE   : [ServiceState] setDataRegState=1
08-10 09:25:26.081  1138  1138 D PHONE   : [ServiceState] setDataRadioTechnology=0
08-10 09:25:26.081  1138  1138 D GsmSST  : [GsmSST] handlPollStateResultMessage: GsmSST setDataRegState=1 regState=2 dataRadioTechnology=0
08-10 09:25:26.082  1138  1138 D GsmSST  : [GsmSST] Poll ServiceState done:  oldSS=[1 1 voice home data home null null null null null null  Unknown Unknown CSS not supported -1 -1 RoamInd=-1 DefRoamInd=-1 EmergOnly=true] newSS=[1 1 voice home data home null null null null null null  Unknown Unknown CSS not supported -1 -1 RoamInd=-1 DefRoamInd=-1 EmergOnly=true] oldMaxDataCalls=20 mNewMaxDataCalls=20 oldReasonDataDenied=-1 mNewReasonDataDenied=-1
08-10 09:25:26.082  1138  1138 D PHONE   : [ServiceState] setNullState=1
08-10 09:25:26.713   190   665 I RILQ    : (0/190):RIL[0][qmi_cb] qcril_qmi_nas_update_data_rte: completed, new drte 0 with confidence 4
08-10 09:25:26.717   190   665 I RILC    : RIL_SOCKET_1 UNSOLICITED: UNSOL_RESPONSE_VOICE_NETWORK_STATE_CHANGED length:8
08-10 09:25:26.717   190   665 E RILC    : Send Response to RIL_SOCKET_1
08-10 09:25:26.718   190   665 I RILQ    : (0/190):RIL[0][qmi_cb] qcril_qmi_nas_update_data_rte: completed, new drte 0 with confidence 4
08-10 09:25:26.719  1138  1280 D RILJ    : [UNSL]< UNSOL_RESPONSE_VOICE_NETWORK_STATE_CHANGED [SUB0]
08-10 09:25:26.720  1138  1138 D RILJ    : [3789]> OPERATOR [SUB0]
08-10 09:25:26.721  1138  1138 D RILJ    : [3790]> DATA_REGISTRATION_STATE [SUB0]
08-10 09:25:26.723  1138  1138 D RILJ    : [3791]> VOICE_REGISTRATION_STATE [SUB0]
08-10 09:25:26.724  1138  1138 D RILJ    : [3792]> QUERY_NETWORK_SELECTION_MODE [SUB0]
08-10 09:25:26.729   190   665 I RILC    : RIL_SOCKET_1 UNSOLICITED: UNSOL_RESPONSE_VOICE_NETWORK_STATE_CHANGED length:8
08-10 09:25:26.729   190   665 E RILC    : Send Response to RIL_SOCKET_1
08-10 09:25:26.730  1138  1280 D RILJ    : [UNSL]< UNSOL_RESPONSE_VOICE_NETWORK_STATE_CHANGED [SUB0]
08-10 09:25:26.730   190   665 I RILQ    : (0/190):RIL[0][qmi_cb] qcril_qmi_nas_update_data_rte: completed, new drte 0 with confidence 4
08-10 09:25:26.731   190   665 I RILC    : RIL_SOCKET_1 UNSOLICITED: UNSOL_RESPONSE_VOICE_NETWORK_STATE_CHANGED length:8
08-10 09:25:26.732   190   665 E RILC    : Send Response to RIL_SOCKET_1
08-10 09:25:26.732  1138  1138 D RILJ    : [3793]> OPERATOR [SUB0]
08-10 09:25:26.734  1138  1138 D RILJ    : [3794]> DATA_REGISTRATION_STATE [SUB0]
08-10 09:25:26.736  1138  1138 D RILJ    : [3795]> VOICE_REGISTRATION_STATE [SUB0]
08-10 09:25:26.738  1138  1138 D RILJ    : [3796]> QUERY_NETWORK_SELECTION_MODE [SUB0]
08-10 09:25:26.741  1138  1280 D RILJ    : [UNSL]< UNSOL_RESPONSE_VOICE_NETWORK_STATE_CHANGED [SUB0]
08-10 09:25:26.741  1138  1138 D RILJ    : [3797]> OPERATOR [SUB0]
08-10 09:25:26.743  1138  1138 D RILJ    : [3798]> DATA_REGISTRATION_STATE [SUB0]
08-10 09:25:26.757  1138  1138 D RILJ    : [3799]> VOICE_REGISTRATION_STATE [SUB0]
08-10 09:25:26.758  1138  1138 D RILJ    : [3800]> QUERY_NETWORK_SELECTION_MODE [SUB0]
08-10 09:25:26.784   190  2819 D RILC    : RequestComplete, RIL_SOCKET_1
08-10 09:25:26.784   190  2819 E RILC    : Send Response to RIL_SOCKET_1
08-10 09:25:26.785  1138  1280 D RILJ    : [3789]< OPERATOR {null, null, null} [SUB0]
08-10 09:25:26.785   190  2819 D RILC    : RequestComplete, RIL_SOCKET_1
08-10 09:25:26.785   190  2819 E RILC    : Send Response to RIL_SOCKET_1
08-10 09:25:26.785   190  2819 D RILC    : RequestComplete, RIL_SOCKET_1
08-10 09:25:26.785   190  2819 E RILC    : Send Response to RIL_SOCKET_1
08-10 09:25:26.787   190  2821 D RILC    : RequestComplete, RIL_SOCKET_1
08-10 09:25:26.787   190  2821 E RILC    : Send Response to RIL_SOCKET_1
08-10 09:25:26.787   190  2821 D RILC    : RequestComplete, RIL_SOCKET_1
08-10 09:25:26.787   190  2821 E RILC    : Send Response to RIL_SOCKET_1
08-10 09:25:26.787   190  2821 D RILC    : RequestComplete, RIL_SOCKET_1
08-10 09:25:26.787   190  2821 E RILC    : Send Response to RIL_SOCKET_1
08-10 09:25:26.787   190  2822 D RILC    : RequestComplete, RIL_SOCKET_1
08-10 09:25:26.787   190  2822 E RILC    : Send Response to RIL_SOCKET_1
08-10 09:25:26.787   190  2822 D RILC    : RequestComplete, RIL_SOCKET_1
08-10 09:25:26.787   190  2822 E RILC    : Send Response to RIL_SOCKET_1
08-10 09:25:26.794   190  2820 D RILC    : RequestComplete, RIL_SOCKET_1
08-10 09:25:26.794   190  2820 E RILC    : Send Response to RIL_SOCKET_1
08-10 09:25:26.794   190  2820 D RILC    : RequestComplete, RIL_SOCKET_1
08-10 09:25:26.794   190  2820 E RILC    : Send Response to RIL_SOCKET_1
08-10 09:25:26.794   190  2820 D RILC    : RequestComplete, RIL_SOCKET_1
08-10 09:25:26.794   190  2820 E RILC    : Send Response to RIL_SOCKET_1
08-10 09:25:26.799  1138  1280 D RILJ    : [3793]< OPERATOR {null, null, null} [SUB0]
08-10 09:25:26.799  1138  1280 D RILJ    : [3797]< OPERATOR {null, null, null} [SUB0]
08-10 09:25:26.800  1138  1280 D RILJ    : [3791]< VOICE_REGISTRATION_STATE {13, null, null, 0, null, null, null, 0, null, null, null, null, null, 2, 172} [SUB0]
08-10 09:25:26.801  1138  1280 D RILJ    : [3795]< VOICE_REGISTRATION_STATE {13, null, null, 0, null, null, null, 0, null, null, null, null, null, 2, 172} [SUB0]
08-10 09:25:26.802  1138  1280 D RILJ    : [3799]< VOICE_REGISTRATION_STATE {13, null, null, 0, null, null, null, 0, null, null, null, null, null, 2, 172} [SUB0]
08-10 09:25:26.802  1138  1280 D RILJ    : [3792]< QUERY_NETWORK_SELECTION_MODE {0} [SUB0]
08-10 09:25:26.803  1138  1280 D RILJ    : [3796]< QUERY_NETWORK_SELECTION_MODE {0} [SUB0]
08-10 09:25:26.803  1138  1280 D RILJ    : [3790]< DATA_REGISTRATION_STATE {2, null, null, null, 0, 20, null, null, null, null, null} [SUB0]
08-10 09:25:26.804  1138  1280 D RILJ    : [3794]< DATA_REGISTRATION_STATE {2, null, null, null, 0, 20, null, null, null, null, null} [SUB0]
08-10 09:25:26.805  1138  1280 D RILJ    : [3798]< DATA_REGISTRATION_STATE {2, null, null, null, 0, 20, null, null, null, null, null} [SUB0]
08-10 09:25:26.806  1138  1138 D PHONE   : [ServiceState] setVoiceRegState=1
08-10 09:25:26.806  1138  1138 E PHONE   : [ServiceState] setState deprecated use setVoiceRegState()
08-10 09:25:26.807  1138  1138 D PHONE   : [ServiceState] setDataRegState=1
08-10 09:25:26.807  1138  1138 D PHONE   : [ServiceState] setDataRadioTechnology=0
08-10 09:25:26.807  1138  1138 D GsmSST  : [GsmSST] handlPollStateResultMessage: GsmSST setDataRegState=1 regState=2 dataRadioTechnology=0
08-10 09:25:26.844   190  2835 D RILC    : RequestComplete, RIL_SOCKET_1
08-10 09:25:26.844   190  2835 E RILC    : Send Response to RIL_SOCKET_1
08-10 09:25:26.852   190   284 I RILC    : RIL_SOCKET_1 UNSOLICITED: UNSOL_RESPONSE_VOICE_NETWORK_STATE_CHANGED length:8
08-10 09:25:26.853   190   284 E RILC    : Send Response to RIL_SOCKET_1
08-10 09:25:26.863  1138  1280 D RILJ    : [3800]< QUERY_NETWORK_SELECTION_MODE {0} [SUB0]
08-10 09:25:26.868  1138  1138 D GsmSST  : [GsmSST] Poll ServiceState done:  oldSS=[1 1 voice home data home null null null null null null  Unknown Unknown CSS not supported -1 -1 RoamInd=-1 DefRoamInd=-1 EmergOnly=true] newSS=[1 1 voice home data home null null null null null null  Unknown Unknown CSS not supported -1 -1 RoamInd=-1 DefRoamInd=-1 EmergOnly=true] oldMaxDataCalls=20 mNewMaxDataCalls=20 oldReasonDataDenied=-1 mNewReasonDataDenied=-1
08-10 09:25:26.868  1138  1138 D PHONE   : [ServiceState] setNullState=1
08-10 09:25:26.894  1138  1280 D RILJ    : [UNSL]< UNSOL_RESPONSE_VOICE_NETWORK_STATE_CHANGED [SUB0]
08-10 09:25:26.901  1138  1138 D RILJ    : [3801]> OPERATOR [SUB0]
08-10 09:25:26.940  1138  1138 D RILJ    : [3802]> DATA_REGISTRATION_STATE [SUB0]
08-10 09:25:26.952  1138  1138 D RILJ    : [3803]> VOICE_REGISTRATION_STATE [SUB0]
08-10 09:25:26.997   190  2873 D RILC    : RequestComplete, RIL_SOCKET_1
08-10 09:25:26.997   190  2873 E RILC    : Send Response to RIL_SOCKET_1
08-10 09:25:26.998  1138  1280 D RILJ    : [3801]< OPERATOR {null, null, null} [SUB0]
08-10 09:25:27.000  1138  1138 D RILJ    : [3804]> QUERY_NETWORK_SELECTION_MODE [SUB0]
08-10 09:25:27.034   190  2874 D RILC    : RequestComplete, RIL_SOCKET_1
08-10 09:25:27.034   190  2874 E RILC    : Send Response to RIL_SOCKET_1
08-10 09:25:27.035  1138  1280 D RILJ    : [3802]< DATA_REGISTRATION_STATE {2, null, null, null, 0, 20, null, null, null, null, null} [SUB0]
08-10 09:25:27.039  1138  1138 D PHONE   : [ServiceState] setDataRegState=1
08-10 09:25:27.039  1138  1138 D PHONE   : [ServiceState] setDataRadioTechnology=0
08-10 09:25:27.039  1138  1138 D GsmSST  : [GsmSST] handlPollStateResultMessage: GsmSST setDataRegState=1 regState=2 dataRadioTechnology=0
08-10 09:25:27.040   190  2887 D RILC    : RequestComplete, RIL_SOCKET_1
08-10 09:25:27.040   190  2887 E RILC    : Send Response to RIL_SOCKET_1
08-10 09:25:27.041  1138  1280 D RILJ    : [3803]< VOICE_REGISTRATION_STATE {13, null, null, 0, null, null, null, 0, null, null, null, null, null, 2, 172} [SUB0]
08-10 09:25:27.041   190  2888 D RILC    : RequestComplete, RIL_SOCKET_1
08-10 09:25:27.041   190  2888 E RILC    : Send Response to RIL_SOCKET_1
08-10 09:25:27.043  1138  1280 D RILJ    : [3804]< QUERY_NETWORK_SELECTION_MODE {0} [SUB0]
08-10 09:25:27.047  1138  1138 D PHONE   : [ServiceState] setVoiceRegState=1
08-10 09:25:27.048  1138  1138 E PHONE   : [ServiceState] setState deprecated use setVoiceRegState()
08-10 09:25:27.088  1138  1138 D GsmSST  : [GsmSST] Poll ServiceState done:  oldSS=[1 1 voice home data home null null null null null null  Unknown Unknown CSS not supported -1 -1 RoamInd=-1 DefRoamInd=-1 EmergOnly=true] newSS=[1 1 voice home data home null null null null null null  Unknown Unknown CSS not supported -1 -1 RoamInd=-1 DefRoamInd=-1 EmergOnly=true] oldMaxDataCalls=20 mNewMaxDataCalls=20 oldReasonDataDenied=-1 mNewReasonDataDenied=-1
08-10 09:25:27.088  1138  1138 D PHONE   : [ServiceState] setNullState=1
08-10 09:25:32.996  1138  1362 D SubscriptionController: [getActiveSubIdList] simInfoSet=[0=1]
08-10 09:25:32.998  1138  1362 D SubscriptionController: [getActiveSubIdList] X subIdArr.length=1
08-10 09:25:33.005  1138  1394 D SubscriptionController: [getActiveSubIdList] simInfoSet=[0=1]
08-10 09:25:33.007  1138  1394 D SubscriptionController: [getActiveSubIdList] X subIdArr.length=1
08-10 09:25:33.012  1138  1177 D SubscriptionController: [getActiveSubIdList] simInfoSet=[0=1]
08-10 09:25:33.017  1138  1177 D SubscriptionController: [getActiveSubIdList] X subIdArr.length=1
08-10 09:25:43.312  1138  1394 D SubscriptionController: [getActiveSubIdList] simInfoSet=[0=1]
08-10 09:25:43.316  1138  1394 D SubscriptionController: [getActiveSubIdList] X subIdArr.length=1
08-10 09:25:49.187  1138  1138 D ProxyController: RadioCapability timeout: mSetRadioAccessFamilyStatus[0]=1
08-10 09:25:49.188  1138  1138 D ProxyController: issueFinish: phoneId=0 sessionId=-964364791 status=2
08-10 09:25:49.193  1138  1138 D RILJ    : [3805]> RIL_REQUEST_SET_RADIO_CAPABILITY {mPhoneId = 0 mVersion=1 mSession=-964364791 mPhase=4 mRadioAccessFamily=1 mLogicModemId=0 mStatus=2} [SUB0]
08-10 09:25:49.217   190   284 D RILC    : RequestComplete, RIL_SOCKET_1
08-10 09:25:49.217   190   284 E RILC    : Send Response to RIL_SOCKET_1
08-10 09:25:49.218  1138  1280 D RilRequest: [3805]< RIL_REQUEST_SET_RADIO_CAPABILITY error: com.android.internal.telephony.CommandException: GENERIC_FAILURE ret=
08-10 09:25:49.219  1138  1138 D ProxyController: issueFinish: phoneId: 0 status: FAIL
08-10 09:25:49.220  1138  1138 D ProxyController: onFinishRadioCapabilityResponse: success=false
08-10 09:25:49.220  1138  1138 D ProxyController: clearTransaction
08-10 09:25:49.220  1138  1138 D ProxyController: clearTransaction: phoneId=0 status=IDLE
08-10 09:25:49.222  1138  1138 D ProxyController: handleMessage msg.what=4
08-10 09:25:49.222  1138  1138 D ProxyController: onFinishRadioCapabilityResponse: Ignore session=-964364792 rc=null
08-10 09:25:53.409  1138  1138 D DctController: [TNF 1]Cellular releasing Network for NetworkRequest [ id=1, legacyType=-1, [ Capabilities: INTERNET&NOT_RESTRICTED&TRUSTED&NOT_VPN] ]
08-10 09:25:53.411  1138  1138 D DctController: releaseNetwork request=NetworkRequest [ id=1, legacyType=-1, [ Capabilities: INTERNET&NOT_RESTRICTED&TRUSTED&NOT_VPN] ], requestInfo=[ request=NetworkRequest [ id=1, legacyType=-1, [ Capabilities: INTERNET&NOT_RESTRICTED&TRUSTED&NOT_VPN] ], executed=false, priority=0]
08-10 09:25:53.412  1138  1138 D DctController: releaseRequest, request= [ request=NetworkRequest [ id=1, legacyType=-1, [ Capabilities: INTERNET&NOT_RESTRICTED&TRUSTED&NOT_VPN] ], executed=false, priority=0]
08-10 09:25:53.412  1138  1138 D DctController: processRequests
08-10 09:25:53.413  1138  1138 D DctController: handleMessage msg={ when=0 what=103 obj=[ request=NetworkRequest [ id=1, legacyType=-1, [ Capabilities: INTERNET&NOT_RESTRICTED&TRUSTED&NOT_VPN] ], executed=false, priority=0] target=com.android.internal.telephony.dataconnection.DctController }
08-10 09:25:53.414  1138  1138 D DctController: onReleaseRequest request=[ request=NetworkRequest [ id=1, legacyType=-1, [ Capabilities: INTERNET&NOT_RESTRICTED&TRUSTED&NOT_VPN] ], executed=false, priority=0]
08-10 09:25:53.414  1138  1138 D DctController: handleMessage msg={ when=-2ms what=100 target=com.android.internal.telephony.dataconnection.DctController }
08-10 09:25:53.414  1138  1138 D DctController: getTopPriorityRequestPhoneId = 0, priority = -1
08-10 09:25:53.415  1138  1138 D DcSwitchAsyncChannel: [DcSwitchAsyncChannel-0]: rspIsIdle=false
08-10 09:25:53.415  1138  1138 D DctController: onProcessRequest phoneId=0, activePhoneId=0
08-10 09:26:16.273  1138  1138 D DCT     : [0]onReceive: action=android.intent.action.SCREEN_ON
08-10 09:26:16.273  1138  1138 D DCT     : [0]stopNetStatPoll
08-10 09:26:16.276  1138  1138 D DCT     : [0]overall state is IDLE
08-10 09:26:16.375  1138  1138 D DCT     : [0]onReceive: action=android.intent.action.SCREEN_OFF
08-10 09:26:16.375  1138  1138 D DCT     : [0]stopNetStatPoll
08-10 09:26:16.377  1138  1138 D DCT     : [0]overall state is IDLE
08-10 09:26:16.664  1138  1138 D RILJ    : [3806]> SCREEN_STATE: false [SUB0]
08-10 09:26:16.668   190   284 D RILC    : RequestComplete, RIL_SOCKET_1
08-10 09:26:16.668   190   284 E RILC    : Send Response to RIL_SOCKET_1
08-10 09:26:16.669  1138  1280 D RILJ    : [3806]< SCREEN_STATE  [SUB0]
08-10 09:26:16.685   190   293 I RILQ    : (0/190):RIL[0][event] qcril_arb_set_data_sys_status: recvd data_sys_status nw=0x0, rat_mask=0x8000, so_mask=0x0
08-10 09:26:16.685   190   293 I RILQ    : (0/190):RIL[0][event] qcril_arb_set_data_sys_status: recvd data_sys_status nw=0x1, rat_mask=0x0, so_mask=0x0
08-10 09:26:16.685   190   293 I RILQ    : (0/190):RIL[0][event] qcril_qmi_nas_update_data_rte: completed, new drte 0 with confidence 4
08-10 09:26:16.687   190   293 I RILC    : RIL_SOCKET_1 UNSOLICITED: UNSOL_RESPONSE_VOICE_NETWORK_STATE_CHANGED length:8
08-10 09:26:16.687   190   293 E RILC    : Send Response to RIL_SOCKET_1
08-10 09:26:16.687  1138  1280 D RILJ    : [UNSL]< UNSOL_RESPONSE_VOICE_NETWORK_STATE_CHANGED [SUB0]
08-10 09:26:16.688  1138  1138 D RILJ    : [3807]> OPERATOR [SUB0]
08-10 09:26:16.691  1138  1138 D RILJ    : [3808]> DATA_REGISTRATION_STATE [SUB0]
08-10 09:26:16.693   190  4886 D RILC    : RequestComplete, RIL_SOCKET_1
08-10 09:26:16.693   190  4886 E RILC    : Send Response to RIL_SOCKET_1
08-10 09:26:16.694  1138  1138 D RILJ    : [3809]> VOICE_REGISTRATION_STATE [SUB0]
08-10 09:26:16.694  1138  1280 D RILJ    : [3807]< OPERATOR {null, null, null} [SUB0]
08-10 09:26:16.696  1138  1138 D RILJ    : [3810]> QUERY_NETWORK_SELECTION_MODE [SUB0]
08-10 09:26:16.697   190  4888 D RILC    : RequestComplete, RIL_SOCKET_1
08-10 09:26:16.697   190  4888 E RILC    : Send Response to RIL_SOCKET_1
08-10 09:26:16.698  1138  1280 D RILJ    : [3809]< VOICE_REGISTRATION_STATE {13, null, null, 0, null, null, null, 0, null, null, null, null, null, 2, 172} [SUB0]
08-10 09:26:16.699   190  4887 D RILC    : RequestComplete, RIL_SOCKET_1
08-10 09:26:16.699   190  4887 E RILC    : Send Response to RIL_SOCKET_1
08-10 09:26:16.700   190   293 I RILC    : RIL_SOCKET_1 UNSOLICITED: UNSOL_SIGNAL_STRENGTH length:60
08-10 09:26:16.700   190   293 E RILC    : Send Response to RIL_SOCKET_1
08-10 09:26:16.700  1138  1280 D RILJ    : [3808]< DATA_REGISTRATION_STATE {2, null, null, null, 0, 20, null, null, null, null, null} [SUB0]
08-10 09:26:16.701   190  4889 D RILC    : RequestComplete, RIL_SOCKET_1
08-10 09:26:16.701   190  4889 E RILC    : Send Response to RIL_SOCKET_1
08-10 09:26:16.701  1138  1138 D PHONE   : [ServiceState] setVoiceRegState=1
08-10 09:26:16.701  1138  1138 E PHONE   : [ServiceState] setState deprecated use setVoiceRegState()
08-10 09:26:16.702  1138  1138 D PHONE   : [ServiceState] setDataRegState=1
08-10 09:26:16.702  1138  1280 D RILJ    : [3810]< QUERY_NETWORK_SELECTION_MODE {0} [SUB0]
08-10 09:26:16.702  1138  1138 D PHONE   : [ServiceState] setDataRadioTechnology=0
08-10 09:26:16.703  1138  1138 D GsmSST  : [GsmSST] handlPollStateResultMessage: GsmSST setDataRegState=1 regState=2 dataRadioTechnology=0
08-10 09:26:16.705  1138  1138 D DefaultPhoneNotifier: notifySignalStrength: mRegistry=com.android.internal.telephony.ITelephonyRegistry$Stub$Proxy@359d143d ss=SignalStrength: 16 0 -120 -160 -120 -1 -1 99 2147483647 2147483647 2147483647 2147483647 gsm|lte sender=Handler (com.android.internal.telephony.gsm.GSMPhone) {25d77ee8}
08-10 09:26:16.711  1138  1138 D GsmSST  : [GsmSST] Poll ServiceState done:  oldSS=[1 1 voice home data home null null null null null null  Unknown Unknown CSS not supported -1 -1 RoamInd=-1 DefRoamInd=-1 EmergOnly=true] newSS=[1 1 voice home data home null null null null null null  Unknown Unknown CSS not supported -1 -1 RoamInd=-1 DefRoamInd=-1 EmergOnly=true] oldMaxDataCalls=20 mNewMaxDataCalls=20 oldReasonDataDenied=-1 mNewReasonDataDenied=-1
08-10 09:26:16.711  1138  1138 D PHONE   : [ServiceState] setNullState=1
08-10 09:26:21.329  1138  1179 D DCT     : [0]hasMatchedTetherApnSetting: APN=null
04-14 18:41:37.435  1138  1138 D DCT     : [0]onReceive: action=android.intent.action.SCREEN_ON
04-14 18:41:37.435  1138  1138 D DCT     : [0]stopNetStatPoll
04-14 18:41:37.437  1138  1138 D DCT     : [0]overall state is IDLE
04-14 18:41:37.482  1138  1138 D RILJ    : [3811]> SCREEN_STATE: true [SUB0]
04-14 18:41:37.497   190   284 D RILC    : RequestComplete, RIL_SOCKET_1
04-14 18:41:37.497   190   284 E RILC    : Send Response to RIL_SOCKET_1
04-14 18:41:37.498  1138  1280 D RILJ    : [3811]< SCREEN_STATE  [SUB0]
04-14 18:41:37.508   190   293 I RILQ    : (0/190):RIL[0][event] qcril_qmi_nas_update_data_rte: completed, new drte 0 with confidence 4
04-14 18:41:37.514   190   293 I RILC    : RIL_SOCKET_1 UNSOLICITED: UNSOL_RESPONSE_VOICE_NETWORK_STATE_CHANGED length:8
04-14 18:41:37.514   190   293 E RILC    : Send Response to RIL_SOCKET_1
04-14 18:41:37.515  1138  1280 D RILJ    : [UNSL]< UNSOL_RESPONSE_VOICE_NETWORK_STATE_CHANGED [SUB0]
04-14 18:41:37.515  1138  1138 D RILJ    : [3812]> OPERATOR [SUB0]
04-14 18:41:37.517  1138  1138 D RILJ    : [3813]> DATA_REGISTRATION_STATE [SUB0]
04-14 18:41:37.519  1138  1138 D RILJ    : [3814]> VOICE_REGISTRATION_STATE [SUB0]
04-14 18:41:37.519   190   293 I RILQ    : (0/190):RIL[0][event] qcril_qmi_nas_evaluate_custom_emergency_numbers_for_card: cur_status 1024, card_state 3
04-14 18:41:37.519   190   293 I RILQ    : (0/190):RIL[0][event] qcril_qmi_nas_evaluate_custom_emergency_numbers_for_card: card_mcc 460, card_mnc 01
04-14 18:41:37.520  1138  1138 D RILJ    : [3815]> QUERY_NETWORK_SELECTION_MODE [SUB0]
04-14 18:41:37.521   190  4942 D RILC    : RequestComplete, RIL_SOCKET_1
04-14 18:41:37.522   190   293 I RILC    : RIL_SOCKET_1 UNSOLICITED: UNSOL_SIGNAL_STRENGTH length:60
04-14 18:41:37.522   190   293 E RILC    : Send Response to RIL_SOCKET_1
04-14 18:41:37.522   190  4942 E RILC    : Send Response to RIL_SOCKET_1
04-14 18:41:37.523  1138  1280 D RILJ    : [3814]< VOICE_REGISTRATION_STATE {13, null, null, 0, null, null, null, 0, null, null, null, null, null, 2, 172} [SUB0]
04-14 18:41:37.523  1138  1138 D DefaultPhoneNotifier: notifySignalStrength: mRegistry=com.android.internal.telephony.ITelephonyRegistry$Stub$Proxy@359d143d ss=SignalStrength: 16 0 -120 -160 -120 -1 -1 99 2147483647 2147483647 2147483647 2147483647 gsm|lte sender=Handler (com.android.internal.telephony.gsm.GSMPhone) {25d77ee8}
04-14 18:41:37.524   190   665 E RILQ    : (0/190): RIL[0][qmi_cb] get_ecc_property_name: ecc list name : ril.ecclist.
04-14 18:41:37.525   190  4940 D RILC    : RequestComplete, RIL_SOCKET_1
04-14 18:41:37.525   190  4940 E RILC    : Send Response to RIL_SOCKET_1
04-14 18:41:37.525   190  4943 D RILC    : RequestComplete, RIL_SOCKET_1
04-14 18:41:37.525   190  4943 E RILC    : Send Response to RIL_SOCKET_1
04-14 18:41:37.525  1138  1280 D RILJ    : [3812]< OPERATOR {null, null, null} [SUB0]
04-14 18:41:37.526  1138  1280 D RILJ    : [3815]< QUERY_NETWORK_SELECTION_MODE {0} [SUB0]
04-14 18:41:37.526   190   293 I RILQ    : (0/190):RIL[0][event] qcril_qmi_nas_evaluate_custom_emergency_numbers_for_card: cur_status 1024, card_state 3
04-14 18:41:37.526   190   293 I RILQ    : (0/190):RIL[0][event] qcril_qmi_nas_evaluate_custom_emergency_numbers_for_card: card_mcc 460, card_mnc 01
04-14 18:41:37.527   190  4941 D RILC    : RequestComplete, RIL_SOCKET_1
04-14 18:41:37.527   190  4941 E RILC    : Send Response to RIL_SOCKET_1
04-14 18:41:37.528  1138  1280 D RILJ    : [3813]< DATA_REGISTRATION_STATE {2, null, null, null, 0, 20, null, null, null, null, null} [SUB0]
04-14 18:41:37.530  1138  1138 D PHONE   : [ServiceState] setVoiceRegState=1
04-14 18:41:37.530  1138  1138 E PHONE   : [ServiceState] setState deprecated use setVoiceRegState()
04-14 18:41:37.531  1138  1138 D PHONE   : [ServiceState] setDataRegState=1
04-14 18:41:37.531  1138  1138 D PHONE   : [ServiceState] setDataRadioTechnology=0
04-14 18:41:37.531  1138  1138 D GsmSST  : [GsmSST] handlPollStateResultMessage: GsmSST setDataRegState=1 regState=2 dataRadioTechnology=0
04-14 18:41:37.532  1138  1138 D GsmSST  : [GsmSST] Poll ServiceState done:  oldSS=[1 1 voice home data home null null null null null null  Unknown Unknown CSS not supported -1 -1 RoamInd=-1 DefRoamInd=-1 EmergOnly=true] newSS=[1 1 voice home data home null null null null null null  Unknown Unknown CSS not supported -1 -1 RoamInd=-1 DefRoamInd=-1 EmergOnly=true] oldMaxDataCalls=20 mNewMaxDataCalls=20 oldReasonDataDenied=-1 mNewReasonDataDenied=-1
04-14 18:41:37.532  1138  1138 D PHONE   : [ServiceState] setNullState=1
04-14 18:41:38.864  1138  1179 D DCT     : [0]hasMatchedTetherApnSetting: APN=null
04-14 18:41:44.944  1138  1394 D PhoneFactory: getPhone:- phoneId != DEFAULT_PHONE_ID return sProxyPhones[phoneId] phoneId=0 phone=Handler (com.android.internal.telephony.PhoneProxy) {21a3b00b}
04-14 18:41:45.096  2121  5046 D TelephonyManager: getTelephonyProperty: return propVal='null' phoneId=0 property='gsm.operator.alpha' defaultVal='' prop=
04-14 18:41:45.098  2121  5046 D TelephonyManager: getTelephonyProperty: return propVal='null' phoneId=0 property='gsm.operator.iso-country' defaultVal='' prop=
04-14 18:42:01.062  1138  1177 D SubscriptionController: [getActiveSubIdList] simInfoSet=[0=1]
04-14 18:42:01.065  1138  1177 D SubscriptionController: [getActiveSubIdList] X subIdArr.length=1
04-14 18:42:33.922  2121 11710 D TelephonyManager: getTelephonyProperty: return propVal='null' phoneId=0 property='gsm.operator.iso-country' defaultVal='' prop=
04-14 18:55:44.968  1138  1179 D SubscriptionController: [getActiveSubIdList] simInfoSet=[0=1]
04-14 18:55:44.973  1138  1179 D SubscriptionController: [getActiveSubIdList] X subIdArr.length=1
04-14 19:00:06.164  1138  1394 D DCT     : [0]hasMatchedTetherApnSetting: APN=null
04-14 19:01:16.685  1138  1362 D DCT     : [0]hasMatchedTetherApnSetting: APN=null
04-14 19:08:16.300  1138  1177 D DCT     : [0]hasMatchedTetherApnSetting: APN=null
04-14 19:10:42.539  1138  1138 D RILJ    : [3816]> SCREEN_STATE: false [SUB0]
04-14 19:10:42.546   190   284 D RILC    : RequestComplete, RIL_SOCKET_1
04-14 19:10:42.546   190   284 E RILC    : Send Response to RIL_SOCKET_1
04-14 19:10:42.546  1138  1280 D RILJ    : [3816]< SCREEN_STATE  [SUB0]
04-14 19:10:42.561   190   293 I RILQ    : (0/190):RIL[0][event] qcril_arb_set_data_sys_status: recvd data_sys_status nw=0x0, rat_mask=0x8000, so_mask=0x0
04-14 19:10:42.561   190   293 I RILQ    : (0/190):RIL[0][event] qcril_arb_set_data_sys_status: recvd data_sys_status nw=0x1, rat_mask=0x0, so_mask=0x0
04-14 19:10:42.561   190   293 I RILQ    : (0/190):RIL[0][event] qcril_qmi_nas_update_data_rte: completed, new drte 0 with confidence 4
04-14 19:10:42.561   190   293 I RILC    : RIL_SOCKET_1 UNSOLICITED: UNSOL_RESPONSE_VOICE_NETWORK_STATE_CHANGED length:8
04-14 19:10:42.561   190   293 E RILC    : Send Response to RIL_SOCKET_1
04-14 19:10:42.562  1138  1280 D RILJ    : [UNSL]< UNSOL_RESPONSE_VOICE_NETWORK_STATE_CHANGED [SUB0]
04-14 19:10:42.565  1138  1138 D RILJ    : [3817]> OPERATOR [SUB0]
04-14 19:10:42.568  1138  1138 D RILJ    : [3818]> DATA_REGISTRATION_STATE [SUB0]
04-14 19:10:42.571   190   293 I RILC    : RIL_SOCKET_1 UNSOLICITED: UNSOL_SIGNAL_STRENGTH length:60
04-14 19:10:42.571   190   293 E RILC    : Send Response to RIL_SOCKET_1
04-14 19:10:42.573  1138  1138 D RILJ    : [3819]> VOICE_REGISTRATION_STATE [SUB0]
04-14 19:10:42.575  1138  1138 D RILJ    : [3820]> QUERY_NETWORK_SELECTION_MODE [SUB0]
04-14 19:10:42.580  1138  1138 D DefaultPhoneNotifier: notifySignalStrength: mRegistry=com.android.internal.telephony.ITelephonyRegistry$Stub$Proxy@359d143d ss=SignalStrength: 17 0 -120 -160 -120 -1 -1 99 2147483647 2147483647 2147483647 2147483647 gsm|lte sender=Handler (com.android.internal.telephony.gsm.GSMPhone) {25d77ee8}
04-14 19:10:42.618   190  8588 D RILC    : RequestComplete, RIL_SOCKET_1
04-14 19:10:42.619   190  8588 E RILC    : Send Response to RIL_SOCKET_1
04-14 19:10:42.621  1138  1280 D RILJ    : [3817]< OPERATOR {null, null, null} [SUB0]
04-14 19:10:42.624   190  8590 D RILC    : RequestComplete, RIL_SOCKET_1
04-14 19:10:42.624   190  8590 E RILC    : Send Response to RIL_SOCKET_1
04-14 19:10:42.626  1138  1280 D RILJ    : [3819]< VOICE_REGISTRATION_STATE {13, null, null, 0, null, null, null, 0, null, null, null, null, null, 2, 172} [SUB0]
04-14 19:10:42.628  1138  1138 D PHONE   : [ServiceState] setVoiceRegState=1
04-14 19:10:42.628  1138  1138 E PHONE   : [ServiceState] setState deprecated use setVoiceRegState()
04-14 19:10:42.630   190  8591 D RILC    : RequestComplete, RIL_SOCKET_1
04-14 19:10:42.630   190  8591 E RILC    : Send Response to RIL_SOCKET_1
04-14 19:10:42.633  1138  1280 D RILJ    : [3820]< QUERY_NETWORK_SELECTION_MODE {0} [SUB0]
04-14 19:10:42.652   190  8589 D RILC    : RequestComplete, RIL_SOCKET_1
04-14 19:10:42.652   190  8589 E RILC    : Send Response to RIL_SOCKET_1
04-14 19:10:42.655  1138  1280 D RILJ    : [3818]< DATA_REGISTRATION_STATE {2, null, null, null, 0, 20, null, null, null, null, null} [SUB0]
04-14 19:10:42.658  1138  1138 D PHONE   : [ServiceState] setDataRegState=1
04-14 19:10:42.658  1138  1138 D PHONE   : [ServiceState] setDataRadioTechnology=0
04-14 19:10:42.659  1138  1138 D GsmSST  : [GsmSST] handlPollStateResultMessage: GsmSST setDataRegState=1 regState=2 dataRadioTechnology=0
04-14 19:10:42.661  1138  1138 D GsmSST  : [GsmSST] Poll ServiceState done:  oldSS=[1 1 voice home data home null null null null null null  Unknown Unknown CSS not supported -1 -1 RoamInd=-1 DefRoamInd=-1 EmergOnly=true] newSS=[1 1 voice home data home null null null null null null  Unknown Unknown CSS not supported -1 -1 RoamInd=-1 DefRoamInd=-1 EmergOnly=true] oldMaxDataCalls=20 mNewMaxDataCalls=20 oldReasonDataDenied=-1 mNewReasonDataDenied=-1
04-14 19:10:42.662  1138  1138 D PHONE   : [ServiceState] setNullState=1
04-14 19:10:47.025  1138  1362 D SubscriptionController: [getActiveSubIdList] simInfoSet=[0=1]
04-14 19:10:47.027  1138  1362 D SubscriptionController: [getActiveSubIdList] X subIdArr.length=1
04-14 19:10:52.254  1138  1138 D DCT     : [0]onReceive: action=android.intent.action.SCREEN_OFF
04-14 19:10:52.254  1138  1138 D DCT     : [0]stopNetStatPoll
04-14 19:10:52.259  1138  1138 D DCT     : [0]overall state is IDLE
04-14 19:11:02.488  1138  1138 D RILJ    : [3821]> SCREEN_STATE: true [SUB0]
04-14 19:11:02.491   190   284 D RILC    : RequestComplete, RIL_SOCKET_1
04-14 19:11:02.491   190   284 E RILC    : Send Response to RIL_SOCKET_1
04-14 19:11:02.492  1138  1280 D RILJ    : [3821]< SCREEN_STATE  [SUB0]
04-14 19:11:02.510   190   293 I RILQ    : (0/190):RIL[0][event] qcril_qmi_nas_update_data_rte: completed, new drte 0 with confidence 4
04-14 19:11:02.525   190   293 I RILC    : RIL_SOCKET_1 UNSOLICITED: UNSOL_RESPONSE_VOICE_NETWORK_STATE_CHANGED length:8
04-14 19:11:02.525   190   293 E RILC    : Send Response to RIL_SOCKET_1
04-14 19:11:02.526  1138  1280 D RILJ    : [UNSL]< UNSOL_RESPONSE_VOICE_NETWORK_STATE_CHANGED [SUB0]
04-14 19:11:02.527  1138  1138 D RILJ    : [3822]> OPERATOR [SUB0]
04-14 19:11:02.529  1138  1138 D RILJ    : [3823]> DATA_REGISTRATION_STATE [SUB0]
04-14 19:11:02.532  1138  1138 D RILJ    : [3824]> VOICE_REGISTRATION_STATE [SUB0]
04-14 19:11:02.534   190   665 E RILQ    : (0/190): RIL[0][qmi_cb] get_ecc_property_name: ecc list name : ril.ecclist.
04-14 19:11:02.535  1138  1138 D RILJ    : [3825]> QUERY_NETWORK_SELECTION_MODE [SUB0]
04-14 19:11:02.546   190   293 I RILQ    : (0/190):RIL[0][event] qcril_qmi_nas_evaluate_custom_emergency_numbers_for_card: cur_status 1024, card_state 3
04-14 19:11:02.546   190   293 I RILQ    : (0/190):RIL[0][event] qcril_qmi_nas_evaluate_custom_emergency_numbers_for_card: card_mcc 460, card_mnc 01
04-14 19:11:02.548   190   293 I RILC    : RIL_SOCKET_1 UNSOLICITED: UNSOL_SIGNAL_STRENGTH length:60
04-14 19:11:02.548   190   293 E RILC    : Send Response to RIL_SOCKET_1
04-14 19:11:02.550   190   293 I RILQ    : (0/190):RIL[0][event] qcril_qmi_nas_evaluate_custom_emergency_numbers_for_card: cur_status 1024, card_state 3
04-14 19:11:02.550   190   293 I RILQ    : (0/190):RIL[0][event] qcril_qmi_nas_evaluate_custom_emergency_numbers_for_card: card_mcc 460, card_mnc 01
04-14 19:11:02.554  1138  1138 D DefaultPhoneNotifier: notifySignalStrength: mRegistry=com.android.internal.telephony.ITelephonyRegistry$Stub$Proxy@359d143d ss=SignalStrength: 17 0 -120 -160 -120 -1 -1 99 2147483647 2147483647 2147483647 2147483647 gsm|lte sender=Handler (com.android.internal.telephony.gsm.GSMPhone) {25d77ee8}
04-14 19:11:02.574   190 13459 D RILC    : RequestComplete, RIL_SOCKET_1
04-14 19:11:02.578   190 13459 E RILC    : Send Response to RIL_SOCKET_1
04-14 19:11:02.580  1138  1280 D RILJ    : [3822]< OPERATOR {null, null, null} [SUB0]
04-14 19:11:02.587   190 13461 D RILC    : RequestComplete, RIL_SOCKET_1
04-14 19:11:02.587   190 13461 E RILC    : Send Response to RIL_SOCKET_1
04-14 19:11:02.592  1138  1280 D RILJ    : [3824]< VOICE_REGISTRATION_STATE {13, null, null, 0, null, null, null, 0, null, null, null, null, null, 2, 172} [SUB0]
04-14 19:11:02.594  1138  1138 D PHONE   : [ServiceState] setVoiceRegState=1
04-14 19:11:02.594  1138  1138 E PHONE   : [ServiceState] setState deprecated use setVoiceRegState()
04-14 19:11:02.596   190 13462 D RILC    : RequestComplete, RIL_SOCKET_1
04-14 19:11:02.596   190 13462 E RILC    : Send Response to RIL_SOCKET_1
04-14 19:11:02.599  1138  1280 D RILJ    : [3825]< QUERY_NETWORK_SELECTION_MODE {0} [SUB0]
04-14 19:11:02.603   190 13460 D RILC    : RequestComplete, RIL_SOCKET_1
04-14 19:11:02.603   190 13460 E RILC    : Send Response to RIL_SOCKET_1
04-14 19:11:02.605  1138  1280 D RILJ    : [3823]< DATA_REGISTRATION_STATE {2, null, null, null, 0, 20, null, null, null, null, null} [SUB0]
04-14 19:11:02.607  1138  1138 D PHONE   : [ServiceState] setDataRegState=1
04-14 19:11:02.607  1138  1138 D PHONE   : [ServiceState] setDataRadioTechnology=0
04-14 19:11:02.607  1138  1138 D GsmSST  : [GsmSST] handlPollStateResultMessage: GsmSST setDataRegState=1 regState=2 dataRadioTechnology=0
04-14 19:11:02.608  1138  1138 D GsmSST  : [GsmSST] Poll ServiceState done:  oldSS=[1 1 voice home data home null null null null null null  Unknown Unknown CSS not supported -1 -1 RoamInd=-1 DefRoamInd=-1 EmergOnly=true] newSS=[1 1 voice home data home null null null null null null  Unknown Unknown CSS not supported -1 -1 RoamInd=-1 DefRoamInd=-1 EmergOnly=true] oldMaxDataCalls=20 mNewMaxDataCalls=20 oldReasonDataDenied=-1 mNewReasonDataDenied=-1
04-14 19:11:02.609  1138  1138 D PHONE   : [ServiceState] setNullState=1
04-14 19:11:05.979  1138  1394 D DCT     : [0]hasMatchedTetherApnSetting: APN=null
04-14 19:11:06.531  1138  1177 D DCT     : [0]hasMatchedTetherApnSetting: APN=null
04-14 19:11:10.082  1138  1179 D DCT     : [0]hasMatchedTetherApnSetting: APN=null
04-14 19:11:12.454  1138  1138 D DCT     : [0]onReceive: action=android.intent.action.SCREEN_ON
04-14 19:11:12.454  1138  1138 D DCT     : [0]stopNetStatPoll
04-14 19:11:12.458  1138  1138 D DCT     : [0]overall state is IDLE
04-14 19:17:14.887  1138  1394 D DCT     : [0]hasMatchedTetherApnSetting: APN=null
04-14 19:19:11.331  1138  1179 D DCT     : [0]hasMatchedTetherApnSetting: APN=null
04-14 19:27:33.702  1138  1362 D DCT     : [0]hasMatchedTetherApnSetting: APN=null
04-14 19:40:50.055  1138  1456 D SubscriptionController: [getActiveSubIdList] simInfoSet=[0=1]
04-14 19:40:50.057  1138  1456 D SubscriptionController: [getActiveSubIdList] X subIdArr.length=1
04-14 19:42:38.966  1138  1177 D DCT     : [0]hasMatchedTetherApnSetting: APN=null
04-14 19:58:07.592  1138  1394 D DCT     : [0]hasMatchedTetherApnSetting: APN=null
04-14 19:58:09.237  1138  1138 D GsmSST  : [GsmSST] mDeviceShuttingDown = false
04-14 19:58:09.238  1138  1138 D GsmSST  : [GsmSST] mDesiredPowerState = false
04-14 19:58:09.238  1138  1138 D GsmSST  : [GsmSST] getRadioState = RADIO_ON
04-14 19:58:09.238  1138  1138 D GsmSST  : [GsmSST] mPowerOffDelayNeed = true
04-14 19:58:09.238  1138  1138 D GsmSST  : [GsmSST] mAlarmSwitch = false
04-14 19:58:09.247  1138  1138 D DCT     : [0]cleanUpAllConnections
04-14 19:58:09.248  1138  1138 D GsmSST  : [GsmSST] Data disconnected, turn off radio right away.
04-14 19:58:09.248  1138  1138 D RILJ    : [3826]> RADIO_POWER off [SUB0]
04-14 19:58:09.253  1138  1138 D DCT     : [0]handleMessage msg={ when=-5ms what=270365 obj=radioTurnedOff target=com.android.internal.telephony.dataconnection.DcTracker }
04-14 19:58:09.253  1138  1138 D DCT     : [0]cleanUpAllConnections: tearDown=true reason=radioTurnedOff
04-14 19:58:09.254  1138  1138 D DCT     : [0]cleanUpConnection: E tearDown=true reason=radioTurnedOff apnContext={mApnType=default mState=IDLE mWaitingApns={null} mWaitingApnsPermanentFailureCountDown=0 mApnSetting={null} mReason=radioTurnedOff mDataEnabled=false mDependencyMet=true}
04-14 19:58:09.255  1138  1138 D DCT     : [0]cleanUpConnection: X tearDown=true reason=radioTurnedOff apnContext={mApnType=default mState=IDLE mWaitingApns={null} mWaitingApnsPermanentFailureCountDown=0 mApnSetting={null} mReason=radioTurnedOff mDataEnabled=false mDependencyMet=true} dcac=null
04-14 19:58:09.255  1138  1138 D DCT     : [0]cleanUpConnection: E tearDown=true reason=radioTurnedOff apnContext={mApnType=mms mState=IDLE mWaitingApns={null} mWaitingApnsPermanentFailureCountDown=0 mApnSetting={null} mReason=radioTurnedOff mDataEnabled=false mDependencyMet=true}
04-14 19:58:09.256  1138  1138 D DCT     : [0]cleanUpConnection: X tearDown=true reason=radioTurnedOff apnContext={mApnType=mms mState=IDLE mWaitingApns={null} mWaitingApnsPermanentFailureCountDown=0 mApnSetting={null} mReason=radioTurnedOff mDataEnabled=false mDependencyMet=true} dcac=null
04-14 19:58:09.256  1138  1138 D DCT     : [0]cleanUpConnection: E tearDown=true reason=radioTurnedOff apnContext={mApnType=cbs mState=IDLE mWaitingApns={null} mWaitingApnsPermanentFailureCountDown=0 mApnSetting={null} mReason=radioTurnedOff mDataEnabled=false mDependencyMet=true}
04-14 19:58:09.256  1138  1138 D DCT     : [0]cleanUpConnection: X tearDown=true reason=radioTurnedOff apnContext={mApnType=cbs mState=IDLE mWaitingApns={null} mWaitingApnsPermanentFailureCountDown=0 mApnSetting={null} mReason=radioTurnedOff mDataEnabled=false mDependencyMet=true} dcac=null
04-14 19:58:09.257  1138  1138 D DCT     : [0]cleanUpConnection: E tearDown=true reason=radioTurnedOff apnContext={mApnType=fota mState=IDLE mWaitingApns={null} mWaitingApnsPermanentFailureCountDown=0 mApnSetting={null} mReason=radioTurnedOff mDataEnabled=false mDependencyMet=true}
04-14 19:58:09.257  1138  1138 D DCT     : [0]cleanUpConnection: X tearDown=true reason=radioTurnedOff apnContext={mApnType=fota mState=IDLE mWaitingApns={null} mWaitingApnsPermanentFailureCountDown=0 mApnSetting={null} mReason=radioTurnedOff mDataEnabled=false mDependencyMet=true} dcac=null
04-14 19:58:09.337  1138  1138 D DCT     : [0]cleanUpConnection: E tearDown=true reason=radioTurnedOff apnContext={mApnType=supl mState=IDLE mWaitingApns={null} mWaitingApnsPermanentFailureCountDown=0 mApnSetting={null} mReason=radioTurnedOff mDataEnabled=false mDependencyMet=true}
04-14 19:58:09.338  1138  1138 D DCT     : [0]cleanUpConnection: X tearDown=true reason=radioTurnedOff apnContext={mApnType=supl mState=IDLE mWaitingApns={null} mWaitingApnsPermanentFailureCountDown=0 mApnSetting={null} mReason=radioTurnedOff mDataEnabled=false mDependencyMet=true} dcac=null
