08-10 09:24:40.908   173   173 I Vold    : Vold 2.1 (the revenge) firing up
08-10 09:24:47.660   710   710 I InstallerConnection: disconnecting...
08-10 09:24:47.722   710   710 I SystemServer: Entered the Android system server!
08-10 09:24:47.855   710   710 I SystemServiceManager: Starting com.android.server.pm.Installer
08-10 09:24:47.857   710   710 I Installer: Waiting for installd to be ready.
08-10 09:24:47.857   710   710 I InstallerConnection: connecting...
08-10 09:24:47.860   710   710 I SystemServiceManager: Starting com.android.server.am.ActivityManagerService$Lifecycle
08-10 09:24:47.887   710   710 I ActivityManager: Memory class: 192
08-10 09:24:47.890   710   775 I ServiceThread: Enabled StrictMode logging for ActivityManager looper.
08-10 09:24:48.267   710   710 I IntentFirewall: Read new rules (A:0 B:0 S:0)
08-10 09:24:48.278   710   778 I ServiceThread: Enabled StrictMode logging for android.ui looper.
08-10 09:24:48.283   710   780 I ServiceThread: Enabled StrictMode logging for android.display looper.
08-10 09:24:48.300   710   710 D AppOps  : AppOpsService published
08-10 09:24:48.301   710   710 I SystemServiceManager: Starting com.android.server.power.PowerManagerService
08-10 09:24:48.304   710   782 I ServiceThread: Enabled StrictMode logging for PowerManagerService looper.
08-10 09:24:48.313   710   710 I SystemServiceManager: Starting com.android.server.display.DisplayManagerService
08-10 09:24:48.321   710   710 I SystemServiceManager: Starting phase 100
08-10 09:24:48.338   710   780 I DisplayManagerService: Display device added: DisplayDeviceInfo{"Built-in Screen": uniqueId="local:0", 1080 x 1920, 60.0 fps, supportedRefreshRates [60.0], density 480, 442.451 x 443.345 dpi, appVsyncOff 7500000, presDeadline 12666667, touch INTERNAL, rotation 0, type BUILT_IN, state UNKNOWN, FLAG_DEFAULT_DISPLAY, FLAG_ROTATES_WITH_CONTENT, FLAG_SECURE, FLAG_SUPPORTS_PROTECTED_BUFFERS}
08-10 09:24:48.339   710   710 I SystemServer: Package Manager
08-10 09:24:48.379   710   710 W SystemConfig: No directory /system/etc/sysconfig, skipping
08-10 09:24:48.547   710   710 D SELinuxMMAC: Using policy file /system/etc/security/mac_permissions.xml
08-10 09:24:49.488   710   710 W PackageParser: No actions in intent filter at /system/priv-app/Contacts/Contacts.apk Binary XML file line #356
08-10 09:24:49.659   710   710 W PackageParser: No actions in intent filter at /system/priv-app/Dialer/Dialer.apk Binary XML file line #166
08-10 09:24:50.855   710   710 W PackageParser: Unknown element under <intent-filter>: android at /system/priv-app/Telecom/Telecom.apk Binary XML file line #232
08-10 09:24:51.075   710   710 W PackageParser: No actions in intent filter at /system/app/Bluetooth/Bluetooth.apk Binary XML file line #209
08-10 09:24:51.807   710   710 W PackageParser: Unknown element under <application>: permission at /system/app/Gallery2/Gallery2.apk Binary XML file line #242
08-10 09:24:51.808   710   710 W PackageParser: Unknown element under <application>: permission at /system/app/Gallery2/Gallery2.apk Binary XML file line #245
08-10 09:24:52.955   710   710 W PackageManager: Failed to parse /system/app/qcrilmsgtunnel: Signature mismatch for shared user : SharedUserSetting{5b3c7fe android.uid.phone/1001}
08-10 09:24:53.553   710   710 W PackageManager: Package com.android.gallery3d desires unavailable shared library com.google.android.media.effects; ignoring!
08-10 09:24:53.553   710   710 W PackageManager: Package com.android.gallery3d desires unavailable shared library com.google.android.media.effects; ignoring!
08-10 09:24:53.555   710   710 I PackageManager: Adjusting ABI for : com.android.providers.settings to armeabi-v7a
08-10 09:24:53.556   710   710 I PackageManager: Adjusting ABI for : com.android.inputdevices to armeabi-v7a
08-10 09:24:53.556   710   710 I PackageManager: Adjusting ABI for : com.android.settings to armeabi-v7a
08-10 09:24:53.557   710   710 I PackageManager: Adjusting ABI for : com.android.server.telecom to armeabi-v7a
08-10 09:24:53.558   710   710 I PackageManager: Adjusting ABI for : com.android.keychain to armeabi-v7a
08-10 09:24:53.559   710   710 I PackageManager: Adjusting ABI for : com.android.location.fused to armeabi-v7a
08-10 09:24:53.576   710   710 I PackageManager: Time to scan packages: 4.495 seconds
08-10 09:24:53.580   710   710 W PackageManager: Unknown permission com.google.android.googleapps.permission.GOOGLE_AUTH in package com.android.providers.calendar
08-10 09:24:53.580   710   710 W PackageManager: Unknown permission com.google.android.googleapps.permission.GOOGLE_AUTH.cl in package com.android.providers.calendar
08-10 09:24:53.582   710   710 W PackageManager: Not granting permission android.permission.GLOBAL_SEARCH to package com.android.quicksearchbox (protectionLevel=18 flags=0x8be45)
08-10 09:24:53.584   710   710 W PackageManager: Not granting permission android.permission.ACCESS_DOWNLOAD_MANAGER to package com.android.browser (protectionLevel=18 flags=0x9be45)
08-10 09:24:53.584   710   710 W PackageManager: Not granting permission android.permission.SEND_DOWNLOAD_COMPLETED_INTENTS to package com.android.browser (protectionLevel=2 flags=0x9be45)
08-10 09:24:53.588   710   710 W PackageManager: Not granting permission android.permission.BIND_WALLPAPER to package com.android.camera2 (protectionLevel=18 flags=0x58bc45)
08-10 09:24:53.590   710   710 W PackageManager: Unknown permission android.permission.INSTALL_DRM in package com.android.mms
08-10 09:24:53.591   710   710 W PackageManager: Unknown permission android.permission.NFC_UNLOCK in package com.android.nfc
08-10 09:24:53.592   710   710 W PackageManager: Not granting permission android.permission.BIND_APPWIDGET to package com.android.launcher3 (protectionLevel=18 flags=0x483e45)
08-10 09:24:53.592   710   710 W PackageManager: Unknown permission com.android.launcher.permission.READ_SETTINGS in package com.android.launcher3
08-10 09:24:53.593   710   710 W PackageManager: Unknown permission com.android.launcher.permission.WRITE_SETTINGS in package com.android.launcher3
08-10 09:24:53.594   710   710 W PackageManager: Unknown permission com.google.android.googleapps.permission.GOOGLE_AUTH.mail in package com.android.calendar
08-10 09:24:53.595   710   710 W PackageManager: Unknown permission com.android.launcher.permission.READ_SETTINGS in package com.android.onetimeinitializer
08-10 09:24:53.595   710   710 W PackageManager: Unknown permission com.android.launcher.permission.WRITE_SETTINGS in package com.android.onetimeinitializer
08-10 09:24:53.599   710   710 W PackageManager: Not granting permission android.permission.DELETE_PACKAGES to package com.svox.pico (protectionLevel=18 flags=0x8be45)
08-10 09:24:53.602   710   710 W PackageManager: Unknown permission com.google.android.gallery3d.permission.PICASA_STORE in package com.android.dreams.phototable
08-10 09:24:53.602   710   710 W PackageManager: Not granting permission android.permission.MOUNT_UNMOUNT_FILESYSTEMS to package com.zhihu.android (protectionLevel=18 flags=0x583e44)
08-10 09:24:53.603   710   710 W PackageManager: Unknown permission android.Manifest.permission.DEVICE_POWER in package com.zhihu.android
08-10 09:24:53.604   710   710 W PackageManager: Unknown permission com.google.android.googleapps.permission.GOOGLE_AUTH in package com.android.settings
08-10 09:24:53.605   710   710 W PackageManager: Unknown permission com.android.launcher.permission.READ_SETTINGS in package com.android.settings
08-10 09:24:53.605   710   710 W PackageManager: Unknown permission com.android.launcher.permission.WRITE_SETTINGS in package com.android.settings
08-10 09:24:53.614   710   710 W PackageManager: Not granting permission android.permission.DEVICE_POWER to package com.android.deskclock (protectionLevel=2 flags=0x48be45)
08-10 09:24:53.619   710   710 W PackageManager: Unknown permission com.google.android.gallery3d.permission.GALLERY_PROVIDER in package com.android.bluetooth
08-10 09:24:53.621   710   710 W PackageManager: Unknown permission com.google.android.googleapps.permission.ACCESS_GOOGLE_PASSWORD in package com.android.development
08-10 09:24:53.621   710   710 W PackageManager: Unknown permission com.google.android.googleapps.permission.GOOGLE_AUTH in package com.android.development
08-10 09:24:53.621   710   710 W PackageManager: Unknown permission com.google.android.googleapps.permission.GOOGLE_AUTH.ALL_SERVICES in package com.android.development
08-10 09:24:53.621   710   710 W PackageManager: Unknown permission com.google.android.googleapps.permission.GOOGLE_AUTH.YouTubeUser in package com.android.development
08-10 09:24:53.979   710   710 I SystemServer: User Service
08-10 09:24:53.993   710   710 I SystemServiceManager: Starting com.android.server.lights.LightsService
08-10 09:24:54.001   710   710 I SystemServiceManager: Starting com.android.server.BatteryService
08-10 09:24:54.038   710   710 I SystemServiceManager: Starting com.android.server.usage.UsageStatsService
08-10 09:24:54.055   710   710 I SystemServiceManager: Starting com.android.server.webkit.WebViewUpdateService
08-10 09:24:54.058   710   710 I SystemServer: Reading configuration...
08-10 09:24:54.058   710   710 I SystemServer: Scheduling Policy
08-10 09:24:54.060   710   710 I SystemServiceManager: Starting com.android.server.telecom.TelecomLoaderService
08-10 09:24:54.060   710   710 I SystemServer: Telephony Registry
08-10 09:24:54.069   710   710 I SystemServer: Entropy Mixer
08-10 09:24:54.087   710   710 I EntropyMixer: Added HW RNG output to entropy pool
08-10 09:24:54.087   710   710 I EntropyMixer: Writing entropy...
08-10 09:24:54.095   710   710 I SystemServer: Account Manager
08-10 09:24:54.112   710   710 I SystemServer: Content Manager
08-10 09:24:54.116   710   710 I SystemServer: System Content Providers
08-10 09:24:54.185   710   710 I SystemServer: Vibrator Service
08-10 09:24:54.189   710   710 I SystemServer: Consumer IR Service
08-10 09:24:54.190   710   710 I SystemServiceManager: Starting com.android.server.AlarmManagerService
08-10 09:24:54.207   710   710 I SystemServer: Init Watchdog
08-10 09:24:54.208   710   710 I SystemServer: Input Manager
08-10 09:24:54.210   710   710 I InputManager: Initializing input manager, mUseDevInputEventForAudioJack=true
08-10 09:24:54.213   710   710 I SystemServer: Window Manager
08-10 09:24:54.248   710   780 I WindowManager: No existing display settings /data/system/display_settings.xml; starting empty
08-10 09:24:54.373   710   710 I InputManager: Starting input manager
08-10 09:24:54.381   710   710 I SystemServer: Bluetooth Manager Service
08-10 09:24:54.390   710   710 I SystemServer: Input Method Service
08-10 09:24:54.403   710   710 W InputMethodManagerService: Couldn't create dir.: /data/system/inputmethod
08-10 09:24:54.485   710   710 I SystemServer: Accessibility Manager
08-10 09:24:54.508   710   710 I ActivityManager: Config changes=1df8 {1.0 ?mcc?mnc en_US ?layoutDir sw360dp w360dp h640dp 480dpi nrml long port ?uimode ?night -touch -keyb/v/h -nav/h s.2}
08-10 09:24:54.531   710   710 I ActivityManager: Config changes=508 {1.0 ?mcc?mnc en_US ?layoutDir sw360dp w360dp h567dp 480dpi nrml port ?uimode ?night finger -keyb/v/h -nav/h s.3}
08-10 09:24:54.534   710   710 I SystemServer: Mount Service
08-10 09:24:54.542   710   710 D MountService: got storage path: null description: Internal storage primary: false removable: false emulated: true mtpReserve: 100 allowMassStorage: false maxFileSize: 0
08-10 09:24:54.545   710   710 D MountService: addVolumeLocked() StorageVolume:
08-10 09:24:54.545   710   710 D MountService:     mStorageId=65537 mPath=/storage/emulated/0 mDescriptionId=17040805 
08-10 09:24:54.545   710   710 D MountService:     mPrimary=true mRemovable=false mEmulated=true mMtpReserveSpace=100 
08-10 09:24:54.545   710   710 D MountService:     mAllowMassStorage=false mMaxFileSize=0 mOwner=UserHandle{0} mUuid=null 
08-10 09:24:54.545   710   710 D MountService:     mUserLabel=null mState=null 
08-10 09:24:54.562   710   710 I SystemServer: LockSettingsService
08-10 09:24:54.588   710   710 I SystemServiceManager: Starting com.android.server.devicepolicy.DevicePolicyManagerService$Lifecycle
08-10 09:24:54.598   710   710 I SystemServer: Status Bar
08-10 09:24:54.603   710   710 I SystemServer: Clipboard Service
08-10 09:24:54.607   710   802 W PackageManager: Unknown permission com.google.android.googleapps.permission.GOOGLE_AUTH in package com.android.providers.calendar
08-10 09:24:54.607   710   802 W PackageManager: Unknown permission com.google.android.googleapps.permission.GOOGLE_AUTH.cl in package com.android.providers.calendar
08-10 09:24:54.608   710   710 I SystemServer: NetworkManagement Service
08-10 09:24:54.611   710   802 W PackageManager: Not granting permission android.permission.GLOBAL_SEARCH to package com.android.quicksearchbox (protectionLevel=18 flags=0x8be45)
08-10 09:24:54.613   710   802 W PackageManager: Not granting permission android.permission.ACCESS_DOWNLOAD_MANAGER to package com.android.browser (protectionLevel=18 flags=0x9be45)
08-10 09:24:54.614   710   802 W PackageManager: Not granting permission android.permission.SEND_DOWNLOAD_COMPLETED_INTENTS to package com.android.browser (protectionLevel=2 flags=0x9be45)
08-10 09:24:54.618   710   710 I SystemServer: Text Service Manager Service
08-10 09:24:54.620   710   802 W PackageManager: Not granting permission android.permission.BIND_WALLPAPER to package com.android.camera2 (protectionLevel=18 flags=0x58bc45)
08-10 09:24:54.623   710   802 W PackageManager: Unknown permission android.permission.INSTALL_DRM in package com.android.mms
08-10 09:24:54.624   710   802 W PackageManager: Unknown permission android.permission.NFC_UNLOCK in package com.android.nfc
08-10 09:24:54.626   710   802 W PackageManager: Not granting permission android.permission.BIND_APPWIDGET to package com.android.launcher3 (protectionLevel=18 flags=0x483e45)
08-10 09:24:54.626   710   802 W PackageManager: Unknown permission com.android.launcher.permission.READ_SETTINGS in package com.android.launcher3
08-10 09:24:54.626   710   802 W PackageManager: Unknown permission com.android.launcher.permission.WRITE_SETTINGS in package com.android.launcher3
08-10 09:24:54.627   710   802 W PackageManager: Unknown permission com.google.android.googleapps.permission.GOOGLE_AUTH.mail in package com.android.calendar
08-10 09:24:54.628   710   802 W PackageManager: Unknown permission com.android.launcher.permission.READ_SETTINGS in package com.android.onetimeinitializer
08-10 09:24:54.628   710   802 W PackageManager: Unknown permission com.android.launcher.permission.WRITE_SETTINGS in package com.android.onetimeinitializer
08-10 09:24:54.631   710   802 W PackageManager: Not granting permission android.permission.DELETE_PACKAGES to package com.svox.pico (protectionLevel=18 flags=0x8be45)
08-10 09:24:54.633   710   802 W PackageManager: Unknown permission com.google.android.gallery3d.permission.PICASA_STORE in package com.android.dreams.phototable
08-10 09:24:54.633   710   802 W PackageManager: Not granting permission android.permission.MOUNT_UNMOUNT_FILESYSTEMS to package com.zhihu.android (protectionLevel=18 flags=0x583e44)
08-10 09:24:54.634   710   802 W PackageManager: Unknown permission android.Manifest.permission.DEVICE_POWER in package com.zhihu.android
08-10 09:24:54.635   710   802 W PackageManager: Unknown permission com.google.android.googleapps.permission.GOOGLE_AUTH in package com.android.settings
08-10 09:24:54.636   710   774 I UsageStatsService: User[0] Rollover scheduled @ 1971-08-11 08:00:00(50716800000)
08-10 09:24:54.636   710   802 W PackageManager: Unknown permission com.android.launcher.permission.READ_SETTINGS in package com.android.settings
08-10 09:24:54.636   710   802 W PackageManager: Unknown permission com.android.launcher.permission.WRITE_SETTINGS in package com.android.settings
08-10 09:24:54.644   710   802 W PackageManager: Not granting permission android.permission.DEVICE_POWER to package com.android.deskclock (protectionLevel=2 flags=0x48be45)
08-10 09:24:54.648   710   802 W PackageManager: Unknown permission com.google.android.gallery3d.permission.GALLERY_PROVIDER in package com.android.bluetooth
08-10 09:24:54.650   710   802 W PackageManager: Unknown permission com.google.android.googleapps.permission.ACCESS_GOOGLE_PASSWORD in package com.android.development
08-10 09:24:54.650   710   802 W PackageManager: Unknown permission com.google.android.googleapps.permission.GOOGLE_AUTH in package com.android.development
08-10 09:24:54.650   710   802 W PackageManager: Unknown permission com.google.android.googleapps.permission.GOOGLE_AUTH.ALL_SERVICES in package com.android.development
08-10 09:24:54.650   710   802 W PackageManager: Unknown permission com.google.android.googleapps.permission.GOOGLE_AUTH.YouTubeUser in package com.android.development
08-10 09:24:55.001   710   710 I SystemServer: Network Score Service
08-10 09:24:55.004   710   710 I SystemServer: NetworkStats Service
08-10 09:24:55.028   710   710 I SystemServer: NetworkPolicy Service
08-10 09:24:55.061   710   710 I SystemServiceManager: Starting com.android.server.wifi.p2p.WifiP2pService
08-10 09:24:55.109   710   710 I SystemServiceManager: Starting com.android.server.wifi.WifiService
08-10 09:24:55.319   710   710 I SystemServiceManager: Starting com.android.server.wifi.WifiScanningService
08-10 09:24:55.322   710   710 I SystemServiceManager: Starting com.android.server.wifi.RttService
08-10 09:24:55.329   710   710 I SystemServiceManager: Starting com.android.server.ethernet.EthernetService
08-10 09:24:55.340   710   710 I SystemServer: Connectivity Service
08-10 09:24:55.348   710   710 D ConnectivityService: ConnectivityService starting up
08-10 09:24:55.354   710   710 D ConnectivityService: wifiOnly=false
08-10 09:24:55.357   710   710 E ConnectivityService: Ignoring protectedNetwork 15
08-10 09:24:55.390   710   710 I SystemServer: Network Service Discovery Service
08-10 09:24:55.397   710   710 D NsdService: Network service discovery enabled true
08-10 09:24:55.400   710   710 I SystemServer: UpdateLock Service
08-10 09:24:55.484   710   710 I SystemServiceManager: Starting com.android.server.notification.NotificationManagerService
08-10 09:24:55.587   710   710 D ZenLog  : set_zen_mode: off,setting
08-10 09:24:55.594   710   710 I SystemServiceManager: Starting com.android.server.storage.DeviceStorageMonitorService
08-10 09:24:55.601   710   710 I SystemServer: Location Manager
08-10 09:24:55.607   710   710 I SystemServer: Country Detector
08-10 09:24:55.609   710   710 I SystemServer: Search Service
08-10 09:24:55.615   710   710 I SystemServer: DropBox Service
08-10 09:24:55.619   710   710 I SystemServer: Wallpaper Service
08-10 09:24:55.631   710   710 I SystemServer: Audio Service
08-10 09:24:55.754   710   710 I SystemServiceManager: Starting com.android.server.DockObserver
08-10 09:24:55.756   710   710 W DockObserver: This kernel does not have dock station support
08-10 09:24:55.758   710   710 I SystemServer: Wired Accessory Manager
08-10 09:24:55.766   710   710 I SystemServiceManager: Starting com.android.server.usb.UsbService$Lifecycle
08-10 09:24:55.790   710   710 I SystemServer: Serial Service
08-10 09:24:55.792   710   710 I SystemServiceManager: Starting com.android.server.twilight.TwilightService
08-10 09:24:55.801   710   710 I SystemServiceManager: Starting com.android.server.UiModeManagerService
08-10 09:24:55.811   710   710 I SystemServiceManager: Starting com.android.server.job.JobSchedulerService
08-10 09:24:55.834   710   710 I SystemServiceManager: Starting com.android.server.backup.BackupManagerService$Lifecycle
08-10 09:24:55.839   710   710 I SystemServiceManager: Starting com.android.server.appwidget.AppWidgetService
08-10 09:24:55.852   710   710 I SystemServiceManager: Starting com.android.server.voiceinteraction.VoiceInteractionManagerService
08-10 09:24:55.859   710   710 W SoundTriggerHelper: listModules status=0, # of modules=0
08-10 09:24:55.859   710   710 I SystemServer: DiskStats Service
08-10 09:24:55.860   710   710 I SystemServer: SamplingProfiler Service
08-10 09:24:55.871   710   710 I SystemServer: NetworkTimeUpdateService
08-10 09:24:55.874   710   710 I SystemServer: CommonTimeManagementService
08-10 09:24:55.883   710   710 I SystemServer: CertBlacklister
08-10 09:24:55.887   710   710 I SystemServiceManager: Starting com.android.server.dreams.DreamManagerService
08-10 09:24:55.895   710   710 I SystemServer: Assets Atlas Service
08-10 09:24:55.961   710   710 I SystemServiceManager: Starting com.android.server.print.PrintManagerService
08-10 09:24:55.969   710   710 I SystemServiceManager: Starting com.android.server.restrictions.RestrictionsManagerService
08-10 09:24:55.976   710   710 I SystemServiceManager: Starting com.android.server.media.MediaSessionService
08-10 09:24:55.996   710   710 I SystemServer: Media Router Service
08-10 09:24:56.002   710   710 I SystemServiceManager: Starting com.android.server.trust.TrustManagerService
08-10 09:24:56.012   710   710 I SystemServiceManager: Starting com.android.server.fingerprint.FingerprintService
08-10 09:24:56.023   710   710 I SystemServer: BackgroundDexOptService
08-10 09:24:56.029   710   710 I SystemServiceManager: Starting com.android.server.pm.LauncherAppsService
08-10 09:24:56.037   710   710 I SystemServiceManager: Starting com.android.server.media.projection.MediaProjectionManagerService
08-10 09:24:56.091   710   710 I SystemServiceManager: Starting com.android.server.MmsServiceBroker
08-10 09:24:56.172   710   710 E LockSettingsStorage: Cannot read file java.io.FileNotFoundException: /data/system/password.key: open failed: ENOENT (No such file or directory)
08-10 09:24:56.173   710   710 E LockSettingsStorage: Cannot read file java.io.FileNotFoundException: /data/system/gesture.key: open failed: ENOENT (No such file or directory)
08-10 09:24:56.173   710   710 I SystemServiceManager: Starting phase 480
08-10 09:24:56.193   710   710 I SystemServiceManager: Starting phase 500
08-10 09:24:56.194   710   710 I WifiService: WifiService starting up with Wi-Fi enabled
08-10 09:24:56.199   710   710 D WifiService: setWifiEnabled: true pid=710, uid=1000
08-10 09:24:56.199   710   710 E WifiService: Invoking mWifiStateMachine.setWifiEnabled
08-10 09:24:56.249   710   816 D WifiService: New client listening to asynchronous messages
08-10 09:24:56.308   710   710 D WifiScanningService: New client, channel: null messenger: null
08-10 09:24:56.332   710   817 D ConnectivityService: Got NetworkFactory Messenger for Ethernet
08-10 09:24:56.378   710   710 I ActivityManager: Config changes=200 {1.0 ?mcc?mnc en_US ?layoutDir sw360dp w360dp h567dp 480dpi nrml port finger -keyb/v/h -nav/h s.4}
08-10 09:24:56.398   710   710 V BackupManagerService: No ancestral data
08-10 09:24:56.412   710   710 D BackupManagerService: Now staging backup of com.android.browser
08-10 09:24:56.425   710   710 D BackupManagerService: Now staging backup of android
08-10 09:24:56.428   710   710 D BackupManagerService: Now staging backup of com.android.nfc
08-10 09:24:56.432   710   710 D BackupManagerService: Now staging backup of com.android.calendar
08-10 09:24:56.436   710   710 D BackupManagerService: Now staging backup of com.android.providers.settings
08-10 09:24:56.439   710   710 D BackupManagerService: Now staging backup of com.android.sharedstoragebackup
08-10 09:24:56.443   710   710 D BackupManagerService: Now staging backup of com.android.dialer
08-10 09:24:56.447   710   710 D BackupManagerService: Now staging backup of com.android.providers.userdictionary
08-10 09:24:56.450   710   710 V BackupManagerService: Starting with transport android/com.android.internal.backup.LocalTransport
08-10 09:24:56.451   710   710 V BackupManagerService: Found transports: 1
08-10 09:24:56.451   710   710 I BackupManagerService: Binding to transport host ComponentInfo{android/com.android.internal.backup.LocalTransportService}
08-10 09:24:56.460   710   710 I BackupManagerService: Found stale backup journal, scheduling
08-10 09:24:56.557   710   710 I AppOps  : Pruning old package media/1013: new uid=-1
08-10 09:24:56.559   710   710 I ActivityManager: System now ready
08-10 09:24:56.564   710   710 I SystemServer: Making services ready
08-10 09:24:56.564   710   710 I SystemServiceManager: Starting phase 550
08-10 09:24:56.652   710   710 I SystemServer: WebViewFactory preparation
08-10 09:24:56.729   710   780 I DisplayManagerService: Display device changed: DisplayDeviceInfo{"Built-in Screen": uniqueId="local:0", 1080 x 1920, 60.0 fps, supportedRefreshRates [60.0], density 480, 442.451 x 443.345 dpi, appVsyncOff 7500000, presDeadline 12666667, touch INTERNAL, rotation 0, type BUILT_IN, state ON, FLAG_DEFAULT_DISPLAY, FLAG_ROTATES_WITH_CONTENT, FLAG_SECURE, FLAG_SUPPORTS_PROTECTED_BUFFERS}
08-10 09:24:56.775   710   775 I ActivityManager: Start proc 836:android.process.media/u0a5 for broadcast com.android.providers.media/.MtpReceiver
08-10 09:24:56.865   710   710 I ActivityManager: Start proc 856:WebViewLoader-armeabi-v7a/1037 [android.webkit.WebViewFactory$RelroFileCreator] for 
08-10 09:24:56.995   710   710 I ActivityManager: Start proc 874:com.android.systemui/u0a13 for service com.android.systemui/.SystemUIService
08-10 09:24:56.997   710   800 W MountService: Duplicate state transition (mounted -> mounted) for /storage/emulated/0
08-10 09:24:56.998   710   710 D NetworkManagementService: enabling bandwidth control
08-10 09:24:57.252   710   726 V FingerprintService: startListening(android.service.fingerprint.IFingerprintServiceReceiver$Stub$Proxy@2a4cf246)
08-10 09:24:57.427   710   727 I ActivityManager: Start proc 927:com.android.settings/1000 for broadcast com.android.settings/.widget.SettingsAppWidgetProvider
08-10 09:24:57.932   710   710 I SystemServiceManager: Starting phase 600
08-10 09:24:57.966   710   710 I BackupManagerService: Backup enabled => false
08-10 09:24:57.967   710   710 I BackupManagerService: Opting out of backup
08-10 09:24:58.025   710   710 E InputMethodManagerService: Ignoring setImeWindowStatus due to an invalid token. uid:1000 token:null
08-10 09:24:58.223   710   710 I ActivityManager: Start proc 1043:com.android.inputmethod.latin/u0a34 for service com.android.inputmethod.latin/.LatinIME
08-10 09:24:58.229   710   710 V InputMethodManagerService: Adding window token: android.os.Binder@1e26b99e
08-10 09:24:58.370   710   710 W LocationManagerService: no network location provider found
08-10 09:24:58.381   710   710 E LocationManagerService: no geocoder provider found
08-10 09:24:58.396   710   710 E LocationManagerService: FLP HAL not supported
08-10 09:24:58.418   710   710 E LocationManagerService: Unable to bind FLP Geofence proxy.
08-10 09:24:58.420   710   710 E LocationManagerService: Hardware Activity-Recognition not supported.
08-10 09:24:58.508   710   710 I MmsServiceBroker: Delay connecting to MmsService until an API is called
08-10 09:24:58.519   710   710 W VoiceInteractionManagerService: no available voice interaction services found for user 0
08-10 09:24:58.519   710   710 W VoiceInteractionManagerService: no available voice recognition services found for user 0
08-10 09:24:58.743   710   710 I ActivityManager: Start proc 1087:com.android.nfc/1027 for added application com.android.nfc
08-10 09:24:58.921   710   710 I ActivityManager: Start proc 1138:com.android.phone/1001 for added application com.android.phone
08-10 09:24:58.929   710   710 I ActivityManager: START u0 {act=android.intent.action.MAIN cat=[android.intent.category.HOME] flg=0x10000000 cmp=com.android.launcher3/.Launcher} from uid 0 on display 0
08-10 09:24:58.956   710   710 V WindowManager: addAppToken: AppWindowToken{25ded528 token=Token{34f5774b ActivityRecord{2504901a u0 com.android.launcher3/.Launcher t3}}} to stack=0 task=3 at 0
08-10 09:24:59.141   710   710 I ActivityManager: Start proc 1180:com.android.launcher3/u0a35 for activity com.android.launcher3/.Launcher
08-10 09:24:59.152   710   710 I SystemServer: Enabled StrictMode for system server main thread.
08-10 09:24:59.160   710   710 V ActivityManager: Display changed displayId=0
08-10 09:24:59.162   710   710 V ActivityManager: Display changed displayId=0
08-10 09:24:59.502   710   774 I ActivityManager: Start proc 1230:com.android.printspooler/u0a46 for service com.android.printspooler/.model.PrintSpoolerService
08-10 09:24:59.662   710   710 V ActivityManager: Display changed displayId=0
08-10 09:24:59.719   710   817 D ConnectivityService: Got NetworkFactory Messenger for WIFI
08-10 09:24:59.720   710   817 D ConnectivityService: Got NetworkFactory Messenger for WIFI_UT
08-10 09:24:59.729   710   816 D WifiService: New client listening to asynchronous messages
08-10 09:24:59.737   710   710 I Telecom : TelecomGlobals: TelecomGlobals initializing
08-10 09:24:59.872   710  1258 I ActivityManager: Start proc 1259:android.process.acore/u0a2 for content provider com.android.providers.contacts/.CallLogProvider
08-10 09:24:59.964   710   710 I Telecom : TelecomGlobals: CallsManager initialized
08-10 09:24:59.968   710   710 W ContextImpl: Calling a method in the system process without a qualified user: android.app.ContextImpl.startService:1692 android.content.ContextWrapper.startService:516 com.android.server.telecom.BluetoothPhoneService.start:440 com.android.server.telecom.TelecomGlobals.initialize:93 com.android.server.telecom.TelecomService.onCreate:164 
08-10 09:24:59.991   710   710 V ActivityManager: Display changed displayId=0
08-10 09:25:00.016   710   710 D ZenLog  : downtime: Autotrigger skipped: not in downtime
08-10 09:25:00.052   710  1226 I StatusBarManagerService: registerStatusBar bar=com.android.internal.statusbar.IStatusBar$Stub$Proxy@1f987c48
08-10 09:25:00.052   710   710 W ResourcesManager: Asset path '/system/framework/com.android.location.provider.jar' does not exist or contains no resources.
08-10 09:25:00.099   710   710 V WiredAccessoryManager: notifyWiredAccessoryChanged: when=0 bits= mask=54
08-10 09:25:00.100   710   710 V WiredAccessoryManager: newName=h2w newState=0 headsetState=0 prev headsetState=0
08-10 09:25:00.100   710   710 V WiredAccessoryManager: init()
08-10 09:25:00.493   710   710 V BackupManagerService: Connected to transport ComponentInfo{android/com.android.internal.backup.LocalTransportService}
08-10 09:25:00.494   710   710 V BackupManagerService: Registering transport android/com.android.internal.backup.LocalTransportService::android/com.android.internal.backup.LocalTransport = android.app.backup.BackupTransport$TransportImpl@182700a1
08-10 09:25:00.699   710   792 I ActivityManager: Start proc 1307:com.android.smspush/u0a52 for service com.android.smspush/.WapPushManager
08-10 09:25:00.988   710   710 I ActivityManager: Start proc 1337:com.android.music/u0a38 for broadcast com.android.music/.MediaButtonIntentReceiver
08-10 09:25:01.033   710   817 E ConnectivityService: Failed to find Messenger in unregisterNetworkFactory
08-10 09:25:01.042   710   817 D ConnectivityService: Got NetworkFactory Messenger for Telephony
08-10 09:25:01.586   710  1242 V WindowManager: Based on layer: Adding window Window{10875674 u0 com.android.launcher3/com.android.launcher3.Launcher} at 0 of 1
08-10 09:25:02.243   710   816 D WifiService: New client listening to asynchronous messages
08-10 09:25:02.583   710   816 D WifiService: New client listening to asynchronous messages
08-10 09:25:02.654   710   727 D ConnectivityService: listenForNetwork for NetworkRequest [ id=2, legacyType=-1, [] ]
08-10 09:25:02.991   710   775 W KeyguardServiceDelegate: onScreenTurnedOn(): no keyguard service!
08-10 09:25:03.063  1138  1138 D MccTable: updateMccMncConfiguration mccmnc='46001' fromServiceState=false
08-10 09:25:03.080  1138  1138 D MccTable: updateMccMncConfiguration defaultMccMnc=
08-10 09:25:03.081  1138  1138 D MccTable: updateMccMncConfiguration: mcc=460, mnc=1
08-10 09:25:03.085  1138  1138 D MccTable: defaultLanguageForMcc(460): country cn uses zh
08-10 09:25:03.085  1138  1138 D MccTable: getLocaleFromMcc to zh_cn mcc=460
08-10 09:25:03.089  1138  1138 D MccTable: getLocaleForLanguageCountry: not permitted to update locale
08-10 09:25:03.091  1138  1138 D MccTable: updateMccMncConfiguration updateConfig config={1.0 460mcc1mnc ?locale ?layoutDir ?swdp ?wdp ?hdp ?density ?lsize ?long ?orien ?uimode ?night ?touch ?keyb/?/? ?nav/?}
08-10 09:25:03.094   710   937 I ActivityManager: Config changes=3 {1.0 460mcc1mnc en_US ?layoutDir sw360dp w360dp h567dp 480dpi nrml port finger -keyb/v/h -nav/h s.5}
08-10 09:25:03.340  1138  1138 D MccTable: getLocaleForLanguageCountry: not permitted to update locale
08-10 09:25:03.340  1138  1138 D MccTable: setSystemLocale: no locale
08-10 09:25:03.581   710  1207 V WindowManager: Based on layer: Adding window Window{1212d4de u0 com.android.launcher3/com.android.launcher3.Launcher} at 0 of 5
08-10 09:25:03.991   710   778 W WindowManager: Keyguard drawn timeout. Setting mKeyguardDrawComplete
08-10 09:25:04.102  1138  1138 D MccTable: updateMccMncConfiguration mccmnc='46001' fromServiceState=false
08-10 09:25:04.104  1138  1138 D MccTable: updateMccMncConfiguration defaultMccMnc=46001
08-10 09:25:04.105  1138  1138 D MccTable: updateMccMncConfiguration: mcc=460, mnc=1
08-10 09:25:04.106  1138  1138 D MccTable: defaultLanguageForMcc(460): country cn uses zh
08-10 09:25:04.106  1138  1138 D MccTable: getLocaleFromMcc to zh_cn mcc=460
08-10 09:25:04.106  1138  1138 D MccTable: getLocaleForLanguageCountry: not permitted to update locale
08-10 09:25:04.107  1138  1138 D MccTable: updateMccMncConfiguration updateConfig config={1.0 460mcc1mnc ?locale ?layoutDir ?swdp ?wdp ?hdp ?density ?lsize ?long ?orien ?uimode ?night ?touch ?keyb/?/? ?nav/?}
08-10 09:25:04.493  1138  1138 D MccTable: updateMccMncConfiguration mccmnc='46001' fromServiceState=false
08-10 09:25:04.495  1138  1138 D MccTable: updateMccMncConfiguration defaultMccMnc=46001
08-10 09:25:04.495  1138  1138 D MccTable: updateMccMncConfiguration: mcc=460, mnc=1
08-10 09:25:04.496  1138  1138 D MccTable: defaultLanguageForMcc(460): country cn uses zh
08-10 09:25:04.496  1138  1138 D MccTable: getLocaleFromMcc to zh_cn mcc=460
08-10 09:25:04.496  1138  1138 D MccTable: getLocaleForLanguageCountry: not permitted to update locale
08-10 09:25:04.497  1138  1138 D MccTable: updateMccMncConfiguration updateConfig config={1.0 460mcc1mnc ?locale ?layoutDir ?swdp ?wdp ?hdp ?density ?lsize ?long ?orien ?uimode ?night ?touch ?keyb/?/? ?nav/?}
08-10 09:25:04.900   710   816 D WifiService: New client listening to asynchronous messages
08-10 09:25:05.442   173   262 D VoldCmdListener: cryptfs getpw
08-10 09:25:05.448   173   262 D VoldCmdListener: cryptfs clearpw
08-10 09:25:05.682   710   780 W WindowManager: Window freeze timeout expired.
08-10 09:25:05.682   710   780 W WindowManager: Force clearing orientation change: Window{35871cdf u0 NavigationBar}
08-10 09:25:05.683   710   780 W WindowManager: Force clearing orientation change: Window{3cd1bf94 u0 StatusBar}
08-10 09:25:06.794   710   780 I SystemServiceManager: Starting phase 1000
08-10 09:25:06.963   710  1490 I ActivityManager: Start proc 1507:com.android.keychain/1000 for service com.android.keychain/.KeyChainService
08-10 09:25:07.018   710   710 V ActivityManager: Display changed displayId=0
08-10 09:25:08.004   710  1555 I BootReceiver: Copying audit failures to DropBox
08-10 09:25:08.005   710  1555 I BootReceiver: Checking for fsck errors
08-10 09:25:08.106   710   792 I ActivityManager: Start proc 1557:com.android.dialer/u0a4 for broadcast com.android.dialer/.calllog.CallLogReceiver
08-10 09:25:08.135   710   780 W WindowManager: App freeze timeout expired.
08-10 09:25:08.342   710   710 I ActivityManager: Start proc 1577:com.android.providers.calendar/u0a1 for broadcast com.android.providers.calendar/.CalendarReceiver
08-10 09:25:08.441  1577  1577 W ResourcesManager: Asset path '/system/framework/android.test.runner.jar' does not exist or contains no resources.
08-10 09:25:08.644   710   792 I ActivityManager: Start proc 1605:com.android.managedprovisioning/u0a7 for broadcast com.android.managedprovisioning/.BootReminder
08-10 09:25:09.063   710   726 I ActivityManager: Start proc 1632:com.android.mms/u0a8 for broadcast com.android.mms/.transaction.MmsSystemEventReceiver
08-10 09:25:09.207   710  1242 D CountryDetector: The first listener is added
08-10 09:25:09.418   710  1242 I ActivityManager: Start proc 1678:com.android.onetimeinitializer/u0a10 for broadcast com.android.onetimeinitializer/.OneTimeInitializerReceiver
08-10 09:25:09.618   710  1252 I ActivityManager: Start proc 1700:com.android.voicedialer/u0a15 for broadcast com.android.voicedialer/.VoiceDialerReceiver
08-10 09:25:09.938   710  1252 I ActivityManager: Start proc 1719:com.android.calendar/u0a21 for broadcast com.android.calendar/.alerts.AlertReceiver
08-10 09:25:10.163   710   792 I ActivityManager: Start proc 1747:com.android.deskclock/u0a25 for broadcast com.android.deskclock/.AlarmInitReceiver
08-10 09:25:10.517   710   937 I ActivityManager: Start proc 1769:com.android.email/u0a28 for broadcast com.android.email/.service.EmailBroadcastReceiver
08-10 09:25:10.843   710  1242 I ActivityManager: Start proc 1791:com.android.exchange/u0a29 for service com.android.exchange/.service.EasService
08-10 09:25:10.875  1769  1807 D ActivityThread: Loading provider com.android.email.provider;com.android.email.notifier: com.android.email.provider.EmailProvider
08-10 09:25:10.999   710  1207 I ActivityManager: Start proc 1829:com.zhihu.android/u0a54 for broadcast com.zhihu.android/com.avos.avoscloud.AVBroadcastReceiver
08-10 09:25:11.046   710  1207 W ActivityManager: Unable to start service Intent { cmp=com.android.email/.service.AttachmentService } U=0: not found
08-10 09:25:11.055   710   726 W ActivityManager: Unable to start service Intent { cmp=com.android.email/.service.AttachmentService } U=0: not found
08-10 09:25:11.795   710   815 D ConnectivityService: registerNetworkAgent NetworkAgentInfo{ ni{[type: WIFI[], state: CONNECTING/CONNECTING, reason: (unspecified), extra: "BUAA-WiFi", roaming: false, failover: false, isAvailable: true, isConnectedToProvisioningNetwork: false]}  network{null}  lp{{LinkAddresses: []  Routes: [] DnsAddresses: [] Domains: null MTU: 0 TcpBufferSizes: 524288,1048576,2097152,262144,524288,1048576}}  nc{[ Transports: WIFI Capabilities: INTERNET&NOT_RESTRICTED&TRUSTED&NOT_VPN LinkUpBandwidth>=1048576Kbps LinkDnBandwidth>=1048576Kbps]}  Score{20}  everValidated{false}  lastValidated{false}  created{false}  explicitlySelected{false} }
08-10 09:25:11.795   710   817 D ConnectivityService: NetworkAgentInfo [WIFI () - 100] EVENT_NETWORK_INFO_CHANGED, going from null to CONNECTING
08-10 09:25:11.896   710   817 D ConnectivityService: updateNetworkScore for NetworkAgentInfo [WIFI () - 100] to 60
08-10 09:25:12.841   710   817 D ConnectivityService: NetworkAgentInfo [WIFI () - 100] EVENT_NETWORK_INFO_CHANGED, going from CONNECTING to CONNECTED
08-10 09:25:12.846   710   817 D ConnectivityService: Adding iface wlan0 to network 100
08-10 09:25:12.894   710   817 E ConnectivityService: Unexpected mtu value: 0, wlan0
08-10 09:25:12.895   710   817 D ConnectivityService: Adding Route [fe80::/64 -> :: wlan0] to network 100
08-10 09:25:12.900   710   817 D ConnectivityService: Adding Route [10.137.0.0/16 -> 0.0.0.0 wlan0] to network 100
08-10 09:25:12.904   710   817 D ConnectivityService: Adding Route [0.0.0.0/0 -> 10.137.0.1 wlan0] to network 100
08-10 09:25:12.910   710   817 D ConnectivityService: Setting Dns servers for network 100 to [/202.112.128.51, /202.112.128.50]
08-10 09:25:12.933   710   817 D ConnectivityService: notifyType IP_CHANGED for NetworkAgentInfo [WIFI () - 100]
08-10 09:25:12.961   710   817 D ConnectivityService: notifyType PRECHECK for NetworkAgentInfo [WIFI () - 100]
08-10 09:25:12.961   710   817 D ConnectivityService: rematching NetworkAgentInfo [WIFI () - 100]
08-10 09:25:12.961   710   817 D ConnectivityService:    accepting network in place of null
08-10 09:25:12.969   710   817 D ConnectivityService: Switching to new default network: NetworkAgentInfo{ ni{[type: WIFI[], state: CONNECTED/CONNECTED, reason: (unspecified), extra: "BUAA-WiFi", roaming: false, failover: false, isAvailable: true, isConnectedToProvisioningNetwork: false]}  network{100}  lp{{InterfaceName: wlan0 LinkAddresses: [fe80::faa9:d0ff:fe55:5067/64,10.137.160.128/16,]  Routes: [fe80::/64 -> :: wlan0,10.137.0.0/16 -> 0.0.0.0 wlan0,0.0.0.0/0 -> 10.137.0.1 wlan0,] DnsAddresses: [202.112.128.51,202.112.128.50,] Domains:  MTU: 0 TcpBufferSizes: 524288,1048576,2097152,262144,524288,1048576}}  nc{[ Transports: WIFI Capabilities: INTERNET&NOT_RESTRICTED&TRUSTED&NOT_VPN LinkUpBandwidth>=1048576Kbps LinkDnBandwidth>=1048576Kbps]}  Score{20}  everValidated{false}  lastValidated{false}  created{true}  explicitlySelected{false} }
08-10 09:25:12.974   710   817 D ConnectivityService: Setting tx/rx TCP buffers to 524288,1048576,2097152,262144,524288,1048576
08-10 09:25:12.982   710   817 D ConnectivityService: notifyType AVAILABLE for NetworkAgentInfo [WIFI () - 100]
08-10 09:25:12.989   710   817 D CSLegacyTypeTracker: Sending connected broadcast for type 1 NetworkAgentInfo [WIFI () - 100] isDefaultNetwork=true
08-10 09:25:12.989   710   817 D ConnectivityService: sendStickyBroadcast: action=android.net.conn.CONNECTIVITY_CHANGE_IMMEDIATE
08-10 09:25:12.990   710   817 D ConnectivityService: sendStickyBroadcast: action=android.net.conn.CONNECTIVITY_CHANGE
08-10 09:25:14.635   710   817 D ConnectivityService: Adding Route [2001:da8:203:2224::/64 -> :: wlan0] to network 100
08-10 09:25:14.640   710   817 D ConnectivityService: Adding Route [::/0 -> fe80::620b:3ff:fe2c:3002 wlan0] to network 100
08-10 09:25:14.664   710   817 D ConnectivityService: notifyType IP_CHANGED for NetworkAgentInfo [WIFI () - 100]
08-10 09:25:15.560   710   775 W BroadcastQueue: Permission Denial: broadcasting Intent { act=android.intent.action.USER_PRESENT flg=0x24000010 } from com.android.systemui (pid=874, uid=10013) is not exported from uid 10054 due to receiver com.zhihu.android/com.avos.avoscloud.AVBroadcastReceiver
08-10 09:25:16.603   710   775 I ActivityManager: Waited long enough for: ServiceRecord{17af579d u0 com.android.music/.MediaPlaybackService}
08-10 09:25:17.267   710  1252 I ActivityManager: START u0 {act=com.android.systemui.recents.SHOW_RECENTS flg=0x10804000 cmp=com.android.systemui/.recents.RecentsActivity} from uid 10013 on display 0
08-10 09:25:17.279   710  1252 V WindowManager: addAppToken: AppWindowToken{11258321 token=Token{207cad88 ActivityRecord{183bf52b u0 com.android.systemui/.recents.RecentsActivity t4}}} to stack=0 task=4 at 0
08-10 09:25:17.385   710   792 V WindowManager: Adding window Window{3142952a u0 com.android.systemui/com.android.systemui.recents.RecentsActivity} at 2 of 7 (after Window{1212d4de u0 com.android.launcher3/com.android.launcher3.Launcher EXITING})
08-10 09:25:18.528   710   831 D TaskPersister: removeObsoleteFile: deleting file=2_task.xml
08-10 09:25:18.529   710   831 D TaskPersister: removeObsoleteFile: deleting file=2_activity_icon_50635423577.png
08-10 09:25:18.529   710   831 D TaskPersister: removeObsoleteFile: deleting file=2_task_thumbnail.png
08-10 09:25:18.531   710  1252 I ActivityManager: Killing 1829:com.zhihu.android/u0a54 (adj 5): remove task
08-10 09:25:18.639   710   792 I ActivityManager: START u0 {act=android.intent.action.MAIN cat=[android.intent.category.HOME] flg=0x10200000 cmp=com.android.launcher3/.Launcher} from uid 10013 on display 0
08-10 09:25:18.663   710  1207 W ActivityManager: Scheduling restart of crashed service com.zhihu.android/com.avos.avoscloud.PushService in 1000ms
08-10 09:25:19.750   710   775 I ActivityManager: Start proc 2121:com.zhihu.android/u0a54 for service com.zhihu.android/com.avos.avoscloud.PushService
08-10 09:25:20.084   710  1226 I ActivityManager: START u0 {act=android.intent.action.MAIN cat=[android.intent.category.LAUNCHER] flg=0x10200000 pkg=com.android.browser cmp=com.android.browser/.BrowserActivity bnds=[849,1532][1050,1784] (has extras)} from uid 10035 on display 0
08-10 09:25:20.091   710  1226 V WindowManager: addAppToken: AppWindowToken{1ac131ce token=Token{254666c9 ActivityRecord{36d9b6d0 u0 com.android.browser/.BrowserActivity t5}}} to stack=1 task=5 at 0
08-10 09:25:20.112   710   780 V WindowManager: Adding window Window{3043650b u0 Starting com.android.browser} at 3 of 8 (after Window{1212d4de u0 com.android.launcher3/com.android.launcher3.Launcher})
08-10 09:25:20.312   710  1207 I ActivityManager: Start proc 2166:com.android.browser/u0a19 for activity com.android.browser/.BrowserActivity
08-10 09:25:20.519  2166  2210 E ActivityThread: Failed to find provider info for com.google.settings
08-10 09:25:20.520  2166  2210 E ActivityThread: Failed to find provider info for com.google.settings
08-10 09:25:21.170   710  1207 V WindowManager: Adding window Window{b27d48c u0 com.android.browser/com.android.browser.BrowserActivity} at 3 of 9 (before Window{3043650b u0 Starting com.android.browser})
08-10 09:25:21.641   710  1252 V WindowManager: not Base app: Adding window Window{1a8cac8d u0 com.android.browser/com.android.browser.BrowserActivity} at 4 of 9
08-10 09:25:22.539   710  1242 W InputMethodManagerService: Window already focused, ignoring focus gain of: com.android.internal.view.IInputMethodClient$Stub$Proxy@b4db39a attribute=null, token = android.os.BinderProxy@347705bf
08-10 09:25:23.923   710   792 V WindowManager: not Base app: Adding window Window{33aa1f9 u0 com.android.browser/com.android.browser.BrowserActivity} at 4 of 9
08-10 09:25:23.981   710  1242 V WindowManager: not Base app: Adding window Window{1dea4f9f u0 com.android.browser/com.android.browser.BrowserActivity} at 5 of 10
08-10 09:25:24.041   710   937 V WindowManager: not Base app: Adding window Window{2d7a64b5 u0 com.android.browser/com.android.browser.BrowserActivity} at 6 of 11
08-10 09:25:24.107   710  1252 V WindowManager: not Base app: Adding window Window{2e46bb u0 com.android.browser/com.android.browser.BrowserActivity} at 7 of 12
08-10 09:25:24.165   710  1184 V WindowManager: not Base app: Adding window Window{35b99731 u0 com.android.browser/com.android.browser.BrowserActivity} at 8 of 13
08-10 09:25:24.225   710  1242 V WindowManager: not Base app: Adding window Window{10f09397 u0 com.android.browser/com.android.browser.BrowserActivity} at 9 of 14
08-10 09:25:24.286   710   792 V WindowManager: not Base app: Adding window Window{12df756d u0 com.android.browser/com.android.browser.BrowserActivity} at 10 of 15
08-10 09:25:24.829   710  1207 V WindowManager: not Base app: Adding window Window{2720d233 u0 com.android.browser/com.android.browser.BrowserActivity} at 11 of 16
08-10 09:25:24.900   710  1184 V WindowManager: not Base app: Adding window Window{90afb69 u0 com.android.browser/com.android.browser.BrowserActivity} at 12 of 17
08-10 09:25:24.973   710  1226 V WindowManager: not Base app: Adding window Window{f0c5e8f u0 com.android.browser/com.android.browser.BrowserActivity} at 13 of 18
08-10 09:25:25.169   710   775 I ActivityManager: Waited long enough for: ServiceRecord{24d46726 u0 com.android.calendar/.alerts.InitAlarmsService}
08-10 09:25:27.155   710   792 V WindowManager: not Base app: Adding window Window{1b245708 u0 com.android.browser/com.android.browser.BrowserActivity} at 13 of 18
08-10 09:25:27.837   710  1207 V WindowManager: not Base app: Adding window Window{352e98c6 u0 com.android.browser/com.android.browser.BrowserActivity} at 13 of 18
08-10 09:25:28.404   710  1207 V WindowManager: not Base app: Adding window Window{252bdbb4 u0 com.android.browser/com.android.browser.BrowserActivity} at 13 of 18
08-10 09:25:29.176   710  1207 V WindowManager: not Base app: Adding window Window{24eb7b52 u0 com.android.browser/com.android.browser.BrowserActivity} at 13 of 18
08-10 09:25:29.927   710  1226 V WindowManager: not Base app: Adding window Window{3c21fa9e u0 com.android.browser/com.android.browser.BrowserActivity} at 13 of 18
08-10 09:25:30.446   710  1226 V WindowManager: not Base app: Adding window Window{33af22aa u0 com.android.browser/com.android.browser.BrowserActivity} at 14 of 19
08-10 09:25:31.109   710  1252 V WindowManager: not Base app: Adding window Window{251f9238 u0 com.android.browser/com.android.browser.BrowserActivity} at 15 of 20
08-10 09:25:33.504   710   817 D ConnectivityService: updateNetworkScore for NetworkAgentInfo [WIFI () - 100] to 56
08-10 09:25:33.505   710   817 D ConnectivityService: rematching NetworkAgentInfo [WIFI () - 100]
08-10 09:25:33.510   710   817 D ConnectivityService: Network NetworkAgentInfo [WIFI () - 100] was already satisfying request 1. No change.
08-10 09:25:33.511   710   817 D ConnectivityService: notifyType AVAILABLE for NetworkAgentInfo [WIFI () - 100]
08-10 09:25:36.159   710  1184 W InputMethodManagerService: Window already focused, ignoring focus gain of: com.android.internal.view.IInputMethodClient$Stub$Proxy@334bf76 attribute=null, token = android.os.BinderProxy@347705bf
08-10 09:25:36.563   710   817 D ConnectivityService: updateNetworkScore for NetworkAgentInfo [WIFI () - 100] to 60
08-10 09:25:36.563   710   817 D ConnectivityService: rematching NetworkAgentInfo [WIFI () - 100]
08-10 09:25:36.564   710   817 D ConnectivityService: Network NetworkAgentInfo [WIFI () - 100] was already satisfying request 1. No change.
08-10 09:25:36.564   710   817 D ConnectivityService: notifyType AVAILABLE for NetworkAgentInfo [WIFI () - 100]
