08-08 01:27:15.741  1137  1137 D DCT     : [0]setupDataOnConnectableApns: apnContext {mApnType=dun mState=IDLE mWaitingApns={null} mWaitingApnsPermanentFailureCountDown=0 mApnSetting={null} mReason=radioTurnedOff mDataEnabled=false mDependencyMet=true}
08-08 01:27:15.741  1137  1137 D DCT     : [0]setupDataOnConnectableApns: apnContext {mApnType=fota mState=IDLE mWaitingApns={null} mWaitingApnsPermanentFailureCountDown=0 mApnSetting={null} mReason=radioTurnedOff mDataEnabled=false mDependencyMet=true}
08-08 01:27:15.742  1137  1137 D DCT     : [0]setupDataOnConnectableApns: apnContext {mApnType=ims mState=IDLE mWaitingApns={null} mWaitingApnsPermanentFailureCountDown=0 mApnSetting={null} mReason=radioTurnedOff mDataEnabled=false mDependencyMet=true}
08-08 01:27:15.742  1137  1137 D DCT     : [0]setupDataOnConnectableApns: apnContext {mApnType=default mState=IDLE mWaitingApns={null} mWaitingApnsPermanentFailureCountDown=0 mApnSetting={null} mReason=radioTurnedOff mDataEnabled=false mDependencyMet=true}
08-08 01:27:15.745  1137  1137 D DCT     : [0]setupDataOnConnectableApns: apnContext {mApnType=ia mState=IDLE mWaitingApns={null} mWaitingApnsPermanentFailureCountDown=0 mApnSetting={null} mReason=radioTurnedOff mDataEnabled=false mDependencyMet=true}
08-08 01:27:15.746  1137  1137 D SIMRecords: [SIMRecords] IMSI: mMncLength=-1
08-08 01:27:15.746  1137  1137 D SIMRecords: [SIMRecords] IMSI: 460011xxxxxxx
08-08 01:27:15.747  1137  1137 D SIMRecords: [SIMRecords] onRecordLoaded 17 requested: true
08-08 01:27:15.747  1137  1137 D SubscriptionController: [getSubId]- mSlotIdToSubIdMap.size == 0, return DummySubIds slotIdx=0
08-08 01:27:15.747  1137  1137 D SubscriptionController: getDummySubIds: slotIdx=0 return 1 DummySubIds with each subId=-2
08-08 01:27:15.748   710   899 D SubscriptionManager: [getPhoneId]- fail
08-08 01:27:15.749  1137  1137 D RILJ    : [3701]> OPERATOR [SUB0]
08-08 01:27:15.751  1137  1137 D RILJ    : [3702]> DATA_REGISTRATION_STATE [SUB0]
08-08 01:27:15.752   192  1438 D RILC    : RequestComplete, RIL_SOCKET_1
08-08 01:27:15.752   192  1438 E RILC    : Send Response to RIL_SOCKET_1
08-08 01:27:15.753  1137  1281 D RILJ    : [3701]< OPERATOR {null, null, null} [SUB0]
08-08 01:27:15.756   192   273 D RILC    : RequestComplete, RIL_SOCKET_1
08-08 01:27:15.756   192   273 E RILC    : Send Response to RIL_SOCKET_1
08-08 01:27:15.756  1137  1137 D RILJ    : [3703]> VOICE_REGISTRATION_STATE [SUB0]
08-08 01:27:15.757  1137  1281 D RILJ    : [3691]< SIM_IO IccIoResponse sw1:0x90 sw2:0x0 [SUB0]
08-08 01:27:15.758  1137  1137 D RILJ    : [3704]> QUERY_NETWORK_SELECTION_MODE [SUB0]
08-08 01:27:15.760  1137  1137 E IccCardProxy: setExternalState: !override and newstate unchanged from READY
08-08 01:27:15.761  1137  1137 D RILJ    : [3705]> iccIO: SIM_IO 0xb0 0x2fe2  path: 3F00,0,0,10 aid: a0000000871002ff86ffff89ffffffff [SUB0]
08-08 01:27:15.762   192  1439 D RILC    : RequestComplete, RIL_SOCKET_1
08-08 01:27:15.762   192  1439 E RILC    : Send Response to RIL_SOCKET_1
08-08 01:27:15.762  1137  1281 D RILJ    : [3702]< DATA_REGISTRATION_STATE {0, null, null, null, 0, 20, null, 41, 4912751, null, null} [SUB0]
08-08 01:27:15.763   192  1440 I RILQ    : (0/192):RIL[0][cmd-20(448)] qcril_qmi_nas_update_data_rte: completed, new drte 0 with confidence 4
08-08 01:27:15.764   192  1440 D RILC    : RequestComplete, RIL_SOCKET_1
08-08 01:27:15.764   192  1440 E RILC    : Send Response to RIL_SOCKET_1
08-08 01:27:15.764   192  1441 D RILC    : RequestComplete, RIL_SOCKET_1
08-08 01:27:15.764   192  1441 E RILC    : Send Response to RIL_SOCKET_1
08-08 01:27:15.766  1137  1281 D RILJ    : [3703]< VOICE_REGISTRATION_STATE {2, null, null, 0, null, null, null, 0, null, null, null, null, null, 0, null} [SUB0]
08-08 01:27:15.767  1137  1281 D RILJ    : [3704]< QUERY_NETWORK_SELECTION_MODE {0} [SUB0]
08-08 01:27:15.768  1137  1137 D SubscriptionInfoUpdater: [Receiver]+
08-08 01:27:15.768  1137  1137 D SubscriptionInfoUpdater: Action: android.intent.action.SIM_STATE_CHANGED
08-08 01:27:15.768  1137  1137 D SubscriptionInfoUpdater: slotId: 0
08-08 01:27:15.769  1137  1137 D SubscriptionInfoUpdater: simStatus: READY
08-08 01:27:15.772  1137  1137 D SubscriptionInfoUpdater: Ignoring simStatus: READY
08-08 01:27:15.772  1137  1137 D SubscriptionInfoUpdater: [Receiver]-
08-08 01:27:15.773  1137  1137 D DctController: handleMessage msg={ when=-175ms what=100 target=com.android.internal.telephony.dataconnection.DctController }
08-08 01:27:15.773  1137  1137 D DctController: getTopPriorityRequestPhoneId = 0, priority = -1
08-08 01:27:15.774  1137  1137 D DcSwitchAsyncChannel: [DcSwitchAsyncChannel-0]: rspIsIdle=true
08-08 01:27:15.774  1137  1137 D DctController: onProcessRequest phoneId=0, activePhoneId=-1
08-08 01:27:15.775  1137  1137 D RILJ    : [3706]> iccIO: SIM_IO 0xb2 0x6f40  path: 3F007FFF,1,4,28 aid: a0000000871002ff86ffff89ffffffff [SUB0]
08-08 01:27:15.777  1137  1137 D RILJ    : [3707]> iccIO: SIM_IO 0xb0 0x6fad  path: 3F007FFF,0,0,4 aid: a0000000871002ff86ffff89ffffffff [SUB0]
08-08 01:27:15.780  1137  1137 D UiccCarrierPrivilegeRules: EVENT_OPEN_LOGICAL_CHANNEL_DONE
08-08 01:27:15.780  1137  1137 E UiccCarrierPrivilegeRules: Error opening channel
08-08 01:27:15.780  1137  1137 D SubscriptionController: [getSubId]- mSlotIdToSubIdMap.size == 0, return DummySubIds slotIdx=0
08-08 01:27:15.781  1137  1137 D SubscriptionController: getDummySubIds: slotIdx=0 return 1 DummySubIds with each subId=-2
08-08 01:27:15.781  1137  1137 D IccCardProxy: broadcastIccStateChangedIntent intent ACTION_SIM_STATE_CHANGED value=IMSI reason=null for mPhoneId=0
08-08 01:27:15.782   192   273 D RILC    : RequestComplete, RIL_SOCKET_1
08-08 01:27:15.782   192   273 E RILC    : Send Response to RIL_SOCKET_1
08-08 01:27:15.783  1137  1281 D RilRequest: [3692]< SIM_IO error: com.android.internal.telephony.CommandException: GENERIC_FAILURE ret=IccIoResponse sw1:0x6a sw2:0x82
08-08 01:27:15.787  1137  1137 D RILJ    : [3708]> iccIO: SIM_IO 0xb0 0x6f46  path: 3F007FFF,0,0,17 aid: a0000000871002ff86ffff89ffffffff [SUB0]
08-08 01:27:15.789   710   776 D TelephonyManager: getSimOperatorNumeric(): default subId=1
08-08 01:27:15.790  1137  1137 D PHONE   : [ServiceState] setDataRegState=1
08-08 01:27:15.790  1137  1137 D PHONE   : [ServiceState] setDataRadioTechnology=0
08-08 01:27:15.790  1137  1137 D GsmSST  : [GsmSST] handlPollStateResultMessage: GsmSST setDataRegState=1 regState=0 dataRadioTechnology=0
08-08 01:27:15.791  1137  1137 D PHONE   : [ServiceState] setVoiceRegState=1
08-08 01:27:15.791  1137  1137 E PHONE   : [ServiceState] setState deprecated use setVoiceRegState()
08-08 01:27:15.791  1137  1337 D SubscriptionController: [getPhoneId]- no sims, returning default phoneId=2147483647
08-08 01:27:15.792  1137  1137 D GsmSST  : [GsmSST] Poll ServiceState done:  oldSS=[1 1 voice home data home null null null null null null  Unknown Unknown CSS not supported -1 -1 RoamInd=-1 DefRoamInd=-1 EmergOnly=false] newSS=[1 1 voice home data home null null null null null null  Unknown Unknown CSS not supported -1 -1 RoamInd=-1 DefRoamInd=-1 EmergOnly=false] oldMaxDataCalls=20 mNewMaxDataCalls=20 oldReasonDataDenied=-1 mNewReasonDataDenied=-1
08-08 01:27:15.793  1137  1137 D PHONE   : [ServiceState] setNullState=1
08-08 01:27:15.793  1137  1137 D RILJ    : [3709]> iccIO: SIM_IO 0xc0 0x6f17  path: 3F007FFF,0,0,15 aid: a0000000871002ff86ffff89ffffffff [SUB0]
08-08 01:27:15.795  1137  1137 D SIMRecords: [SIMRecords] onRecordLoaded 17 requested: true
08-08 01:27:15.796  1137  1137 D SIMRecords: [SIMRecords] EF_MWIS : null
08-08 01:27:15.796  1137  1137 D SIMRecords: [SIMRecords] EVENT_GET_MWIS_DONE exception = com.android.internal.telephony.CommandException: GENERIC_FAILURE
08-08 01:27:15.796  1137  1137 D SIMRecords: [SIMRecords] onRecordLoaded 16 requested: true
08-08 01:27:15.796  1137  1137 D SIMRecords: [SIMRecords] EF_CPHS_MWI: null
08-08 01:27:15.796  1137  1137 D SIMRecords: [SIMRecords] EVENT_GET_VOICE_MAIL_INDICATOR_CPHS_DONE exception = com.android.internal.telephony.CommandException: GENERIC_FAILURE
08-08 01:27:15.797  1137  1137 D SIMRecords: [SIMRecords] onRecordLoaded 15 requested: true
08-08 01:27:15.797  1137  1137 D SIMRecords: [SIMRecords] onRecordLoaded 14 requested: true
08-08 01:27:15.797  1137  1137 D SIMRecords: [SIMRecords] onRecordLoaded 13 requested: true
08-08 01:27:15.797  1137  1137 D SubscriptionInfoUpdater: [Receiver]+
08-08 01:27:15.798  1137  1137 D SubscriptionInfoUpdater: Action: android.intent.action.SIM_STATE_CHANGED
08-08 01:27:15.799  1137  1137 D SubscriptionInfoUpdater: slotId: 0
08-08 01:27:15.799  1137  1137 D SubscriptionInfoUpdater: simStatus: IMSI
08-08 01:27:15.799  1137  1137 D SubscriptionInfoUpdater: Ignoring simStatus: IMSI
08-08 01:27:15.799  1137  1137 D SubscriptionInfoUpdater: [Receiver]-
08-08 01:27:15.799  1137  1137 D SIMRecords: [SIMRecords] onRecordLoaded 12 requested: true
08-08 01:27:15.800   192   273 D RILC    : RequestComplete, RIL_SOCKET_1
08-08 01:27:15.800   192   273 E RILC    : Send Response to RIL_SOCKET_1
08-08 01:27:15.801  1137  1281 D RILJ    : [3693]< SIM_IO IccIoResponse sw1:0x90 sw2:0x0 [SUB0]
08-08 01:27:15.802  1137  1137 D RILJ    : [3710]> iccIO: SIM_IO 0xb2 0x6fc5  path: 3F007FFF,1,4,14 aid: a0000000871002ff86ffff89ffffffff [SUB0]
08-08 01:27:15.802   192   273 D RILC    : RequestComplete, RIL_SOCKET_1
08-08 01:27:15.802   192   273 E RILC    : Send Response to RIL_SOCKET_1
08-08 01:27:15.803  1137  1281 D RILJ    : [3707]< SIM_IO IccIoResponse sw1:0x90 sw2:0x0 [SUB0]
08-08 01:27:15.804  1137  1137 D SIMRecords: [SIMRecords] EF_AD: 00000002
08-08 01:27:15.804  1137  1137 D SIMRecords: [SIMRecords] setting4 mMncLength=2
08-08 01:27:15.805  1137  1137 D SIMRecords: [SIMRecords] mccmncCode=460011
08-08 01:27:15.805  1137  1137 D SIMRecords: [SIMRecords] update mccmnc=46001
08-08 01:27:15.807   710   776 D TelephonyManager: getTelephonyProperty: return propVal='null' phoneId=2147483647 property='gsm.sim.operator.numeric' defaultVal='' prop=
08-08 01:27:15.814  1137  1137 D TelephonyManager: getSimOperatorNumeric(): default subId=1
08-08 01:27:15.815  1137  1137 D SubscriptionController: [getPhoneId]- no sims, returning default phoneId=2147483647
08-08 01:27:15.817  1137  1137 D TelephonyManager: getTelephonyProperty: return propVal='null' phoneId=2147483647 property='gsm.sim.operator.numeric' defaultVal='' prop=
08-08 01:27:15.844  1137  1137 D SIMRecords: [SIMRecords] onRecordLoaded 11 requested: true
08-08 01:27:15.849   192   273 D RILC    : RequestComplete, RIL_SOCKET_1
08-08 01:27:15.849   192   273 E RILC    : Send Response to RIL_SOCKET_1
08-08 01:27:15.850  1137  1281 D RILJ    : [3694]< SIM_IO IccIoResponse sw1:0x90 sw2:0x0 [SUB0]
08-08 01:27:15.851  1137  1137 D RILJ    : [3711]> iccIO: SIM_IO 0xb0 0x6f38  path: 3F007FFF,0,0,10 aid: a0000000871002ff86ffff89ffffffff [SUB0]
08-08 01:27:15.858  1137  1179 D DCT     : [0]hasMatchedTetherApnSetting: APN=null
08-08 01:27:15.878   192   273 D RILC    : RequestComplete, RIL_SOCKET_1
08-08 01:27:15.878   192   273 E RILC    : Send Response to RIL_SOCKET_1
08-08 01:27:15.879  1137  1281 D RilRequest: [3695]< SIM_IO error: com.android.internal.telephony.CommandException: GENERIC_FAILURE ret=IccIoResponse sw1:0x6a sw2:0x82
08-08 01:27:15.879  1137  1137 D SIMRecords: [SIMRecords] onRecordLoaded 10 requested: true
08-08 01:27:15.904   192   273 D RILC    : RequestComplete, RIL_SOCKET_1
08-08 01:27:15.904   192   273 E RILC    : Send Response to RIL_SOCKET_1
08-08 01:27:15.905  1137  1281 D RilRequest: [3696]< SIM_IO error: com.android.internal.telephony.CommandException: GENERIC_FAILURE ret=IccIoResponse sw1:0x6a sw2:0x82
08-08 01:27:15.905  1137  1137 E SIMRecords: [SIMRecords] Exception in fetching EF_CSP data com.android.internal.telephony.CommandException: GENERIC_FAILURE
08-08 01:27:15.905  1137  1137 D SIMRecords: [SIMRecords] onRecordLoaded 9 requested: true
08-08 01:27:15.921   192   273 D RILC    : RequestComplete, RIL_SOCKET_1
08-08 01:27:15.921   192   273 E RILC    : Send Response to RIL_SOCKET_1
08-08 01:27:15.922  1137  1281 D RILJ    : [3697]< SIM_IO IccIoResponse sw1:0x90 sw2:0x0 [SUB0]
08-08 01:27:15.923  1137  1137 D RILJ    : [3712]> iccIO: SIM_IO 0xb0 0x6f3e  path: 3F007FFF,0,0,1 aid: a0000000871002ff86ffff89ffffffff [SUB0]
08-08 01:27:15.969   192   273 D RILC    : RequestComplete, RIL_SOCKET_1
08-08 01:27:15.969   192   273 E RILC    : Send Response to RIL_SOCKET_1
08-08 01:27:15.970  1137  1281 D RILJ    : [3698]< SIM_IO IccIoResponse sw1:0x90 sw2:0x0 [SUB0]
08-08 01:27:15.971  1137  1137 D RILJ    : [3713]> iccIO: SIM_IO 0xb0 0x6f05  path: 3F007FFF,0,0,4 aid: a0000000871002ff86ffff89ffffffff [SUB0]
08-08 01:27:16.017   192   273 D RILC    : RequestComplete, RIL_SOCKET_1
08-08 01:27:16.017   192   273 E RILC    : Send Response to RIL_SOCKET_1
08-08 01:27:16.017  1137  1281 D RILJ    : [3699]< SIM_IO IccIoResponse sw1:0x90 sw2:0x0 [SUB0]
08-08 01:27:16.018  1137  1137 D RILJ    : [3714]> iccIO: SIM_IO 0xb0 0x2f05  path: 3F00,0,0,4 aid: a0000000871002ff86ffff89ffffffff [SUB0]
08-08 01:27:16.018   192   273 D RILC    : RequestComplete, RIL_SOCKET_1
08-08 01:27:16.018   192   273 E RILC    : Send Response to RIL_SOCKET_1
08-08 01:27:16.019  1137  1281 D RILJ    : [3705]< SIM_IO IccIoResponse sw1:0x90 sw2:0x0 [SUB0]
08-08 01:27:16.020  1137  1137 D SIMRecords: [SIMRecords] iccid: 89860115921101579076
08-08 01:27:16.020  1137  1137 D SIMRecords: [SIMRecords] onRecordLoaded 8 requested: true
08-08 01:27:16.044   192   273 D RILC    : RequestComplete, RIL_SOCKET_1
08-08 01:27:16.044   192   273 E RILC    : Send Response to RIL_SOCKET_1
08-08 01:27:16.046  1137  1281 D RILJ    : [3706]< SIM_IO IccIoResponse sw1:0x90 sw2:0x0 [SUB0]
08-08 01:27:16.047   192   273 D RILC    : RequestComplete, RIL_SOCKET_1
08-08 01:27:16.047   192   273 E RILC    : Send Response to RIL_SOCKET_1
08-08 01:27:16.048  1137  1281 D RILJ    : [3708]< SIM_IO IccIoResponse sw1:0x90 sw2:0x0 [SUB0]
08-08 01:27:16.072  1137  1137 D SIMRecords: [SIMRecords] MSISDN: xxxxxxx
08-08 01:27:16.072  1137  1137 D SIMRecords: [SIMRecords] onRecordLoaded 7 requested: true
08-08 01:27:16.072   192   273 D RILC    : RequestComplete, RIL_SOCKET_1
08-08 01:27:16.072   192   273 E RILC    : Send Response to RIL_SOCKET_1
08-08 01:27:16.073  1137  1137 D SIMRecords: [SIMRecords] getServiceProviderName: no brandOverride
08-08 01:27:16.073  1137  1281 D RilRequest: [3709]< SIM_IO error: com.android.internal.telephony.CommandException: GENERIC_FAILURE ret=IccIoResponse sw1:0x6a sw2:0x82
08-08 01:27:16.073  1137  1137 D SIMRecords: [SIMRecords] getServiceProviderName: providerName=
08-08 01:27:16.073  1137  1137 D SIMRecords: [SIMRecords] Load EF_SPN:  spnDisplayCondition: 0
08-08 01:27:16.073  1137  1137 D SIMRecords: [SIMRecords] getServiceProviderName: no brandOverride
08-08 01:27:16.074  1137  1137 D SIMRecords: [SIMRecords] getServiceProviderName: providerName=
08-08 01:27:16.074  1137  1137 D TelephonyManager: setTelephonyProperty: success phoneId=0 property=gsm.sim.operator.alpha value:  propVal=
08-08 01:27:16.074   192   273 D RILC    : RequestComplete, RIL_SOCKET_1
08-08 01:27:16.074   192   273 E RILC    : Send Response to RIL_SOCKET_1
08-08 01:27:16.074  1137  1137 D SIMRecords: [SIMRecords] onRecordLoaded 6 requested: true
08-08 01:27:16.075  1137  1137 D SIMRecords: [SIMRecords] Invalid or missing EF[MAILBOX]
08-08 01:27:16.075  1137  1137 D SIMRecords: [SIMRecords] onRecordLoaded 5 requested: true
08-08 01:27:16.075   192   273 D RILC    : RequestComplete, RIL_SOCKET_1
08-08 01:27:16.075   192   273 E RILC    : Send Response to RIL_SOCKET_1
08-08 01:27:16.076  1137  1281 D RILJ    : [3710]< SIM_IO IccIoResponse sw1:0x90 sw2:0x0 [SUB0]
08-08 01:27:16.076  1137  1137 D SIMRecords: [SIMRecords] onRecordLoaded 4 requested: true
08-08 01:27:16.077  1137  1281 D RILJ    : [3711]< SIM_IO IccIoResponse sw1:0x90 sw2:0x0 [SUB0]
08-08 01:27:16.080  1137  1137 D SIMRecords: [SIMRecords] SST: UsimServiceTable[80]={ FDN, FDN_EXTENSION, SDN, SDN_EXTENSION, OUTGOING_CALL_INFO, INCOMING_CALL_INFO, SM_STORAGE, SM_STATUS_REPORTS, SM_SERVICE_PARAMS, ADVICE_OF_CHARGE, CAP_CONFIG_PARAMS_2, CB_MESSAGE_ID, CB_MESSAGE_ID_RANGES, GROUP_ID_LEVEL_1, GROUP_ID_LEVEL_2, SPN, USER_PLMN_SELECT, MSISDN, IMAGE, EMLPP, EMLPP_AUTO_ANSWER, GSM_ACCESS, DATA_DL_VIA_SMS_PP, DATA_DL_VIA_SMS_CB, CALL_CONTROL_BY_USIM, MO_SMS_CONTROL_BY_USIM, RUN_AT_COMMAND, IGNORED_1, ENABLED_SERVICES_TABLE, APN_CONTROL_LIST, DEPERSONALISATION_CONTROL_KEYS, COOPERATIVE_NETWORK_LIST, GSM_SECURITY_CONTEXT, CPBCCH_INFO, INVESTIGATION_SCAN, OPERATOR_PLMN_SELECT, HPLMN_SELECT, EXTENSION_5, PLMN_NETWORK_NAME, OPERATOR_PLMN_LIST, SERVICE_PROVIDER_DISPLAY_INFO, MMS_NOTIFICATION, MMS_NOTIFICATION_EXTENSION, MMS_CONNECTIVITY_PARAMS, NETWORK_INDICATION_OF_ALERTING, VGCS_GROUP_ID_LIST, VBS_GROUP_ID_LIST, EQUIVALENT_HPLMN, EQUIVALENT_HPLMN_PRESENTATION }
08-08 01:27:16.080  1137  1137 D SIMRecords: [SIMRecords] onRecordLoaded 3 requested: true
08-08 01:27:16.094   192   273 D RILC    : RequestComplete, RIL_SOCKET_1
08-08 01:27:16.094   192   273 E RILC    : Send Response to RIL_SOCKET_1
08-08 01:27:16.095  1137  1281 D RILJ    : [3712]< SIM_IO IccIoResponse sw1:0x90 sw2:0x0 [SUB0]
08-08 01:27:16.096   192   273 D RILC    : RequestComplete, RIL_SOCKET_1
08-08 01:27:16.096   192   273 E RILC    : Send Response to RIL_SOCKET_1
08-08 01:27:16.097  1137  1281 D RILJ    : [3713]< SIM_IO IccIoResponse sw1:0x90 sw2:0x0 [SUB0]
08-08 01:27:16.099   192   273 D RILC    : RequestComplete, RIL_SOCKET_1
08-08 01:27:16.099   192   273 E RILC    : Send Response to RIL_SOCKET_1
08-08 01:27:16.099  1137  1281 D RILJ    : [3714]< SIM_IO IccIoResponse sw1:0x90 sw2:0x0 [SUB0]
08-08 01:27:16.100  1137  1137 D SIMRecords: [SIMRecords] GID1: ff
08-08 01:27:16.100  1137  1137 D SIMRecords: [SIMRecords] onRecordLoaded 2 requested: true
08-08 01:27:16.100  1137  1137 D SIMRecords: [SIMRecords] EF_LI LOADED
08-08 01:27:16.100  1137  1137 D SIMRecords: [SIMRecords] EF_LI=7a68656e
08-08 01:27:16.100  1137  1137 D SIMRecords: [SIMRecords] onRecordLoaded 1 requested: true
08-08 01:27:16.101  1137  1137 D SIMRecords: [SIMRecords] EF_PL LOADED
08-08 01:27:16.101  1137  1137 D SIMRecords: [SIMRecords] EF_PL=ffffffff
08-08 01:27:16.101  1137  1137 D SIMRecords: [SIMRecords] onRecordLoaded 0 requested: true
08-08 01:27:16.101  1137  1137 D SIMRecords: [SIMRecords] record load complete
08-08 01:27:16.106  1137  1137 D SIMRecords: [SIMRecords] languages from sim = zh
08-08 01:27:16.107  1137  1137 D SIMRecords: [SIMRecords] Setting locale to zh_cn
08-08 01:27:16.108  1137  1137 D SIMRecords: [SIMRecords] onAllRecordsLoaded set 'gsm.sim.operator.numeric' to operator='46001'
08-08 01:27:16.108  1137  1137 D SIMRecords: [SIMRecords] update icc_operator_numeric=46001
08-08 01:27:16.108  1137  1137 D TelephonyManager: setTelephonyProperty: success phoneId=0 property=gsm.sim.operator.numeric value: 46001 propVal=46001
08-08 01:27:16.110  1137  1137 D SubscriptionController: [setMccMnc]+ mcc/mnc:460/1 subId:1
08-08 01:27:16.135  1137  1137 D SubscriptionController: notifySubscriptionInfoChanged:
08-08 01:27:16.138   710   710 D TelephonyManager: getSimOperatorNumeric(): default subId=1
08-08 01:27:16.139  1137  1337 D SubscriptionController: [getPhoneId]- no sims, returning default phoneId=2147483647
08-08 01:27:16.141  1137  1137 D SIMRecords: [SIMRecords] onAllRecordsLoaded set mcc imsi=460011952973996
08-08 01:27:16.142  1137  1137 D TelephonyManager: setTelephonyProperty: success phoneId=0 property=gsm.sim.operator.iso-country value: cn propVal=cn
08-08 01:27:16.143   710   710 D TelephonyManager: getTelephonyProperty: return propVal='null' phoneId=2147483647 property='gsm.sim.operator.numeric' defaultVal='' prop=46001
08-08 01:27:16.147  1137  1137 D GsmSST  : [GsmSST] SubscriptionListener.onSubscriptionInfoChanged
08-08 01:27:16.147  1137  1137 D SubscriptionController: [getSubId]- mSlotIdToSubIdMap.size == 0, return DummySubIds slotIdx=0
08-08 01:27:16.147  1137  1137 D SubscriptionController: getDummySubIds: slotIdx=0 return 1 DummySubIds with each subId=-2
08-08 01:27:16.147  1137  1137 D DCT     : [0]SubscriptionListener.onSubscriptionInfoChanged
08-08 01:27:16.147  1137  1137 D SubscriptionController: [getSubId]- mSlotIdToSubIdMap.size == 0, return DummySubIds slotIdx=0
08-08 01:27:16.148  1137  1137 D SubscriptionController: getDummySubIds: slotIdx=0 return 1 DummySubIds with each subId=-2
08-08 01:27:16.148  1137  1137 D DctController: onSubInfoReady mPhoneNum=1
08-08 01:27:16.148  1137  1137 D SubscriptionController: [getSubId]- mSlotIdToSubIdMap.size == 0, return DummySubIds slotIdx=0
08-08 01:27:16.148  1137  1137 D SubscriptionController: getDummySubIds: slotIdx=0 return 1 DummySubIds with each subId=-2
08-08 01:27:16.148  1137  1137 D DctController: onSubInfoReady handle pending requests subId=-2
08-08 01:27:16.149  1137  1137 D SubscriptionController: [getSubId]- mSlotIdToSubIdMap.size == 0, return DummySubIds slotIdx=0
08-08 01:27:16.149  1137  1137 D SubscriptionController: getDummySubIds: slotIdx=0 return 1 DummySubIds with each subId=-2
08-08 01:27:16.149  1137  1137 D DctController: [TNF -2]evalPendingRequest, pending request size is 1
08-08 01:27:16.150  1137  1137 D SubscriptionController: [getSubId]- mSlotIdToSubIdMap.size == 0, return DummySubIds slotIdx=0
08-08 01:27:16.150  1137  1137 D SubscriptionController: getDummySubIds: slotIdx=0 return 1 DummySubIds with each subId=-2
08-08 01:27:16.150  1137  1137 D DctController: [TNF -2]evalPendingRequest: request = NetworkRequest [ id=1, legacyType=-1, [ Capabilities: INTERNET&NOT_RESTRICTED&TRUSTED&NOT_VPN] ]
08-08 01:27:16.151  1137  1137 D SubscriptionController: [getSubId]- mSlotIdToSubIdMap.size == 0, return DummySubIds slotIdx=0
08-08 01:27:16.151  1137  1137 D SubscriptionController: getDummySubIds: slotIdx=0 return 1 DummySubIds with each subId=-2
08-08 01:27:16.151  1137  1137 D DctController: [TNF -2]Cellular needs Network for NetworkRequest [ id=1, legacyType=-1, [ Capabilities: INTERNET&NOT_RESTRICTED&TRUSTED&NOT_VPN] ]
08-08 01:27:16.151  1137  1137 D SubscriptionController: [getSubId]- mSlotIdToSubIdMap.size == 0, return DummySubIds slotIdx=0
08-08 01:27:16.152  1137  1137 D SubscriptionController: getDummySubIds: slotIdx=0 return 1 DummySubIds with each subId=-2
08-08 01:27:16.152  1137  1137 D SubscriptionController: [getSubId]- mSlotIdToSubIdMap.size == 0, return DummySubIds slotIdx=0
08-08 01:27:16.152  1137  1137 D SubscriptionController: getDummySubIds: slotIdx=0 return 1 DummySubIds with each subId=-2
08-08 01:27:16.152  1137  1137 D DctController: [TNF -2]Sub Info has not been ready, pending request.
08-08 01:27:16.152  1137  1137 D DctController: processRequests
08-08 01:27:16.166  1137  1137 D SubscriptionController: [getActiveSubInfoList]+
08-08 01:27:16.168  1137  1137 D SubscriptionController: [getActiveSubInfoList] Sub Controller not ready
08-08 01:27:16.171  1137  1137 E PhoneBase: Error! unregisterForCallWaiting() in PhoneBase should not be called, CDMAPhone inactive.
08-08 01:27:16.172  1137  1137 D SubscriptionController: [getSubId]- mSlotIdToSubIdMap.size == 0, return DummySubIds slotIdx=0
08-08 01:27:16.172  1137  1137 D SubscriptionController: getDummySubIds: slotIdx=0 return 1 DummySubIds with each subId=-2
08-08 01:27:16.172  1137  1137 D SubscriptionController: [getSubId]- mSlotIdToSubIdMap.size == 0, return DummySubIds slotIdx=0
08-08 01:27:16.173  1137  1137 D SubscriptionController: getDummySubIds: slotIdx=0 return 1 DummySubIds with each subId=-2
08-08 01:27:16.174  1137  1137 D SubscriptionController: [getPhoneId]- invalid subId return=-1
08-08 01:27:16.176  1137  1137 D PhoneFactory: getPhone:- phoneId != DEFAULT_PHONE_ID return sProxyPhones[phoneId] phoneId=-1 phone=null
08-08 01:27:16.176  1137  1137 D SubscriptionManager: [getPhoneId]- fail
08-08 01:27:16.238  1137  1137 E PhoneBase: Error! registerForCallWaiting() in PhoneBase should not be called, CDMAPhone inactive.
08-08 01:27:16.244  1137  1137 D CAT     : CatService: handleMessage[20]
08-08 01:27:16.245  1137  1137 D SubscriptionController: [getSubId]- mSlotIdToSubIdMap.size == 0, return DummySubIds slotIdx=0
08-08 01:27:16.246  1137  1137 D SubscriptionController: getDummySubIds: slotIdx=0 return 1 DummySubIds with each subId=-2
08-08 01:27:16.246  1137  1137 D GSMPhone: [GSMPhone] updateCurrentCarrierInProvider: mSubId = -2 currentDds = 1 operatorNumeric = 46001
08-08 01:27:16.246  1137  1137 D SubscriptionController: [getSubId]- mSlotIdToSubIdMap.size == 0, return DummySubIds slotIdx=0
08-08 01:27:16.246  1137  1137 D SubscriptionController: getDummySubIds: slotIdx=0 return 1 DummySubIds with each subId=-2
08-08 01:27:16.247  1137  1137 D PhoneBase: Voicemail count retrieval for subscriberId = null current subscriberId = 460011952973996
08-08 01:27:16.247  1137  1137 D SubscriptionController: [getSubId]- mSlotIdToSubIdMap.size == 0, return DummySubIds slotIdx=0
08-08 01:27:16.248  1137  1137 D SubscriptionController: getDummySubIds: slotIdx=0 return 1 DummySubIds with each subId=-2
08-08 01:27:16.248  1137  1137 D GSMPhone: updateVoiceMail countVoiceMessages = 0 subId -2
08-08 01:27:16.248  1137  1137 D SubscriptionController: [getSubId]- mSlotIdToSubIdMap.size == 0, return DummySubIds slotIdx=0
08-08 01:27:16.248  1137  1137 D SubscriptionController: getDummySubIds: slotIdx=0 return 1 DummySubIds with each subId=-2
08-08 01:27:16.249  1137  1137 D GsmSST  : [GsmSST] EVENT_SIM_RECORDS_LOADED: what=16
08-08 01:27:16.250  1137  1137 D SST     : updatePhoneObject: Ignore update
08-08 01:27:16.251  1137  1137 D SIMRecords: [SIMRecords] getServiceProviderName: no brandOverride
08-08 01:27:16.251  1137  1137 D SIMRecords: [SIMRecords] getServiceProviderName: providerName=
08-08 01:27:16.251  1137  1137 D GsmSST  : [GsmSST] updateSpnDisplay: radio is on but out of service, set plmn='No service.'
08-08 01:27:16.252  1137  1137 D SIMRecords: [SIMRecords] getServiceProviderName: no brandOverride
08-08 01:27:16.252  1137  1137 D SIMRecords: [SIMRecords] getServiceProviderName: providerName=
08-08 01:27:16.253  1137  1137 D DCT     : [0]handleMessage msg={ when=-109ms what=270338 obj=android.os.AsyncResult@2bfac360 target=com.android.internal.telephony.dataconnection.DcTracker }
08-08 01:27:16.253  1137  1137 D DCT     : [0]onRecordsLoaded: createAllApnList
08-08 01:27:16.253  1137  1137 D DCT     : [0]createAllApnList: selection=numeric = '46001'
08-08 01:27:16.311  1137  1137 D DCT     : [0]createApnList: X result=[[ApnSettingV3] 3G (China Unicom), 2622, 46001, 3gnet, , null, , , , -1, default | supl, IP, IP, true, 0, 0, false, 0, 0, 0, 0, , , [ApnSettingV3] 3G (China Unicom), 2623, 46001, 3gwap, 10.0.0.172, null, , , 80, -1, default | supl, IP, IP, true, 0, 0, false, 0, 0, 0, 0, , , [ApnSettingV3] 2GNET (China Unicom), 2624, 46001, uninet, , null, , , , -1, default | supl, IP, IP, true, 0, 0, false, 0, 0, 0, 0, , , [ApnSettingV3]  (China Unicom), 2625, 46001, 3gwap, , http://mmsc.myuni.com.cn, 10.0.0.172, 80, , -1, mms, IP, IP, true, 0, 0, false, 0, 0, 0, 0, , , [ApnSettingV3] 2g (China Unicom), 2626, 46001, uniwap, , http://mmsc.myuni.com.cn, 10.0.0.172, 80, , -1, mms, IP, IP, true, 0, 0, false, 0, 0, 0, 0, , ]
08-08 01:27:16.318  1137  1137 D SubscriptionController: [getSubId]- mSlotIdToSubIdMap.size == 0, return DummySubIds slotIdx=0
08-08 01:27:16.319  1137  1137 D SubscriptionController: getDummySubIds: slotIdx=0 return 1 DummySubIds with each subId=-2
08-08 01:27:16.352  1137  1137 D DCT     : [0]getPreferredApn: mRequestedApnType=default cursor=android.content.ContentResolver$CursorWrapperInner@1d8ca019 cursor.count=0
08-08 01:27:16.354  1137  1137 D DCT     : [0]getPreferredApn: X not found
08-08 01:27:16.354  1137  1137 D DCT     : [0]createAllApnList: mPreferredApn=null
08-08 01:27:16.360  1137  1137 D DCT     : [0]createAllApnList: X mAllApnSettings=[[ApnSettingV3] 3G (China Unicom), 2622, 46001, 3gnet, , null, , , , -1, default | supl, IP, IP, true, 0, 0, false, 0, 0, 0, 0, , , [ApnSettingV3] 3G (China Unicom), 2623, 46001, 3gwap, 10.0.0.172, http://mmsc.myuni.com.cn, 10.0.0.172, 80, 80, -1, default | supl | mms, IP, IP, true, 0, 0, false, 0, 0, 0, 0, , , [ApnSettingV3] 2GNET (China Unicom), 2624, 46001, uninet, , null, , , , -1, default | supl, IP, IP, true, 0, 0, false, 0, 0, 0, 0, , , [ApnSettingV3] 2g (China Unicom), 2626, 46001, uniwap, , http://mmsc.myuni.com.cn, 10.0.0.172, 80, , -1, mms, IP, IP, true, 0, 0, false, 0, 0, 0, 0, , ]
08-08 01:27:16.360  1137  1137 D DCT     : [0]setDataProfilesAsNeeded
08-08 01:27:16.360  1137  1137 D DCT     : [0]setInitialApn: E mPreferredApn=null
08-08 01:27:16.361  1137  1137 D DCT     : [0]setInitialApn: firstApnSetting=[ApnSettingV3] 3G (China Unicom), 2622, 46001, 3gnet, , null, , , , -1, default | supl, IP, IP, true, 0, 0, false, 0, 0, 0, 0, , 
08-08 01:27:16.362  1137  1137 D DCT     : [0]setInitialApn: defaultApnSetting=[ApnSettingV3] 3G (China Unicom), 2622, 46001, 3gnet, , null, , , , -1, default | supl, IP, IP, true, 0, 0, false, 0, 0, 0, 0, , 
08-08 01:27:16.362  1137  1137 D DCT     : [0]setInitialAttachApn: using defaultApnSetting
08-08 01:27:16.363  1137  1137 D DCT     : [0]setInitialAttachApn: X selected Apn=[ApnSettingV3] 3G (China Unicom), 2622, 46001, 3gnet, , null, , , , -1, default | supl, IP, IP, true, 0, 0, false, 0, 0, 0, 0, , 
08-08 01:27:16.364  1137  1137 D RILJ    : Set RIL_REQUEST_SET_INITIAL_ATTACH_APN [SUB0]
08-08 01:27:16.365  1137  1137 D RILJ    : [3715]> RIL_REQUEST_SET_INITIAL_ATTACH_APN, apn:3gnet, protocol:IP, authType:-1, username:null, password:null [SUB0]
08-08 01:27:16.406  1137  1137 D DCT     : [0]onRecordsLoaded: notifying data availability
08-08 01:27:16.406  1137  1137 D SubscriptionController: [getSubId]- mSlotIdToSubIdMap.size == 0, return DummySubIds slotIdx=0
08-08 01:27:16.407  1137  1137 D SubscriptionController: getDummySubIds: slotIdx=0 return 1 DummySubIds with each subId=-2
08-08 01:27:16.407  1137  1137 D DCT     : [0]isDataAllowed getRecordsLoaded=true
08-08 01:27:16.408  1137  1137 D DCT     : [0]isDataAllowed: not allowed due to - Attached= false
08-08 01:27:16.408  1137  1137 D DCT     : [ApnContext:default] getApnSetting: apnSetting=null
08-08 01:27:16.409  1137  1137 D SubscriptionController: [getPhoneId]- invalid subId return=-1
08-08 01:27:16.413  1137  1137 D PhoneFactory: getPhone:- phoneId != DEFAULT_PHONE_ID return sProxyPhones[phoneId] phoneId=-1 phone=null
08-08 01:27:16.414   710   727 D SubscriptionManager: [getPhoneId]- fail
08-08 01:27:16.418   192   254 D RILC    : RequestComplete, RIL_SOCKET_1
08-08 01:27:16.418   192   254 E RILC    : Send Response to RIL_SOCKET_1
08-08 01:27:16.418  1137  1281 D RILJ    : [3715]< RIL_REQUEST_SET_INITIAL_ATTACH_APN  [SUB0]
08-08 01:27:16.423  1137  1137 D SubscriptionController: [getSubId]- mSlotIdToSubIdMap.size == 0, return DummySubIds slotIdx=0
08-08 01:27:16.423  1137  1137 D SubscriptionController: getDummySubIds: slotIdx=0 return 1 DummySubIds with each subId=-2
08-08 01:27:16.424  1137  1137 D DCT     : [0]isDataAllowed getRecordsLoaded=true
08-08 01:27:16.428  1137  1137 D DCT     : [0]isDataAllowed: not allowed due to - Attached= false
08-08 01:27:16.429  1137  1137 D DCT     : [ApnContext:mms] getApnSetting: apnSetting=null
08-08 01:27:16.429  1137  1137 D SubscriptionController: [getPhoneId]- invalid subId return=-1
08-08 01:27:16.431  1137  1137 D PhoneFactory: getPhone:- phoneId != DEFAULT_PHONE_ID return sProxyPhones[phoneId] phoneId=-1 phone=null
08-08 01:27:16.432   710   726 D SubscriptionManager: [getPhoneId]- fail
08-08 01:27:16.434  1137  1137 D SubscriptionController: [getSubId]- mSlotIdToSubIdMap.size == 0, return DummySubIds slotIdx=0
08-08 01:27:16.434  1137  1137 D SubscriptionController: getDummySubIds: slotIdx=0 return 1 DummySubIds with each subId=-2
08-08 01:27:16.435  1137  1137 D DCT     : [0]isDataAllowed getRecordsLoaded=true
08-08 01:27:16.436  1137  1137 D DCT     : [0]isDataAllowed: not allowed due to - Attached= false
08-08 01:27:16.436  1137  1137 D DCT     : [ApnContext:cbs] getApnSetting: apnSetting=null
08-08 01:27:16.436  1137  1137 D SubscriptionController: [getPhoneId]- invalid subId return=-1
08-08 01:27:16.438  1137  1137 D PhoneFactory: getPhone:- phoneId != DEFAULT_PHONE_ID return sProxyPhones[phoneId] phoneId=-1 phone=null
08-08 01:27:16.439   710  1115 D SubscriptionManager: [getPhoneId]- fail
08-08 01:27:16.441  1137  1137 D SubscriptionController: [getSubId]- mSlotIdToSubIdMap.size == 0, return DummySubIds slotIdx=0
08-08 01:27:16.441  1137  1137 D SubscriptionController: getDummySubIds: slotIdx=0 return 1 DummySubIds with each subId=-2
08-08 01:27:16.442  1137  1137 D DCT     : [0]isDataAllowed getRecordsLoaded=true
08-08 01:27:16.443  1137  1137 D DCT     : [0]isDataAllowed: not allowed due to - Attached= false
08-08 01:27:16.443  1137  1137 D DCT     : [ApnContext:fota] getApnSetting: apnSetting=null
08-08 01:27:16.443  1137  1137 D SubscriptionController: [getPhoneId]- invalid subId return=-1
08-08 01:27:16.445  1137  1137 D PhoneFactory: getPhone:- phoneId != DEFAULT_PHONE_ID return sProxyPhones[phoneId] phoneId=-1 phone=null
08-08 01:27:16.446   710   899 D SubscriptionManager: [getPhoneId]- fail
08-08 01:27:16.449  1137  1137 D SubscriptionController: [getSubId]- mSlotIdToSubIdMap.size == 0, return DummySubIds slotIdx=0
08-08 01:27:16.449  1137  1137 D SubscriptionController: getDummySubIds: slotIdx=0 return 1 DummySubIds with each subId=-2
08-08 01:27:16.450  1137  1137 D DCT     : [0]isDataAllowed getRecordsLoaded=true
08-08 01:27:16.451  1137  1137 D DCT     : [0]isDataAllowed: not allowed due to - Attached= false
08-08 01:27:16.452  1137  1137 D DCT     : [ApnContext:supl] getApnSetting: apnSetting=null
08-08 01:27:16.452  1137  1137 D SubscriptionController: [getPhoneId]- invalid subId return=-1
08-08 01:27:16.454  1137  1137 D PhoneFactory: getPhone:- phoneId != DEFAULT_PHONE_ID return sProxyPhones[phoneId] phoneId=-1 phone=null
08-08 01:27:16.455   710  1134 D SubscriptionManager: [getPhoneId]- fail
08-08 01:27:16.457  1137  1137 D SubscriptionController: [getSubId]- mSlotIdToSubIdMap.size == 0, return DummySubIds slotIdx=0
08-08 01:27:16.457  1137  1137 D SubscriptionController: getDummySubIds: slotIdx=0 return 1 DummySubIds with each subId=-2
08-08 01:27:16.458  1137  1137 D DCT     : [0]isDataAllowed getRecordsLoaded=true
08-08 01:27:16.459  1137  1137 D DCT     : [0]isDataAllowed: not allowed due to - Attached= false
08-08 01:27:16.459  1137  1137 D DCT     : [ApnContext:ia] getApnSetting: apnSetting=null
08-08 01:27:16.461  1137  1137 D SubscriptionController: [getPhoneId]- invalid subId return=-1
08-08 01:27:16.463  1137  1137 D PhoneFactory: getPhone:- phoneId != DEFAULT_PHONE_ID return sProxyPhones[phoneId] phoneId=-1 phone=null
08-08 01:27:16.464   710   727 D SubscriptionManager: [getPhoneId]- fail
08-08 01:27:16.467  1137  1137 D SubscriptionController: [getSubId]- mSlotIdToSubIdMap.size == 0, return DummySubIds slotIdx=0
08-08 01:27:16.467  1137  1137 D SubscriptionController: getDummySubIds: slotIdx=0 return 1 DummySubIds with each subId=-2
08-08 01:27:16.467  1137  1137 D DCT     : [0]isDataAllowed getRecordsLoaded=true
08-08 01:27:16.468  1137  1137 D DCT     : [0]isDataAllowed: not allowed due to - Attached= false
08-08 01:27:16.468  1137  1137 D DCT     : [ApnContext:dun] getApnSetting: apnSetting=null
08-08 01:27:16.469  1137  1137 D SubscriptionController: [getPhoneId]- invalid subId return=-1
08-08 01:27:16.471  1137  1137 D PhoneFactory: getPhone:- phoneId != DEFAULT_PHONE_ID return sProxyPhones[phoneId] phoneId=-1 phone=null
08-08 01:27:16.472   710   726 D SubscriptionManager: [getPhoneId]- fail
08-08 01:27:16.474  1137  1137 D SubscriptionController: [getSubId]- mSlotIdToSubIdMap.size == 0, return DummySubIds slotIdx=0
08-08 01:27:16.474  1137  1137 D SubscriptionController: getDummySubIds: slotIdx=0 return 1 DummySubIds with each subId=-2
08-08 01:27:16.475  1137  1137 D DCT     : [0]isDataAllowed getRecordsLoaded=true
08-08 01:27:16.476  1137  1137 D DCT     : [0]isDataAllowed: not allowed due to - Attached= false
08-08 01:27:16.476  1137  1137 D DCT     : [ApnContext:hipri] getApnSetting: apnSetting=null
08-08 01:27:16.476  1137  1137 D SubscriptionController: [getPhoneId]- invalid subId return=-1
08-08 01:27:16.478  1137  1137 D PhoneFactory: getPhone:- phoneId != DEFAULT_PHONE_ID return sProxyPhones[phoneId] phoneId=-1 phone=null
08-08 01:27:16.479   710  1042 D SubscriptionManager: [getPhoneId]- fail
08-08 01:27:16.481  1137  1137 D SubscriptionController: [getSubId]- mSlotIdToSubIdMap.size == 0, return DummySubIds slotIdx=0
08-08 01:27:16.481  1137  1137 D SubscriptionController: getDummySubIds: slotIdx=0 return 1 DummySubIds with each subId=-2
08-08 01:27:16.482  1137  1137 D DCT     : [0]isDataAllowed getRecordsLoaded=true
08-08 01:27:16.483  1137  1137 D DCT     : [0]isDataAllowed: not allowed due to - Attached= false
08-08 01:27:16.483  1137  1137 D DCT     : [ApnContext:ims] getApnSetting: apnSetting=null
08-08 01:27:16.483  1137  1137 D SubscriptionController: [getPhoneId]- invalid subId return=-1
08-08 01:27:16.494  1137  1137 D PhoneFactory: getPhone:- phoneId != DEFAULT_PHONE_ID return sProxyPhones[phoneId] phoneId=-1 phone=null
08-08 01:27:16.495   710   727 D SubscriptionManager: [getPhoneId]- fail
08-08 01:27:16.498  1137  1137 D DCT     : [0]setupDataOnConnectableApns: simLoaded
08-08 01:27:16.498  1137  1137 D DCT     : [0]setupDataOnConnectableApns: apnContext {mApnType=hipri mState=IDLE mWaitingApns={null} mWaitingApnsPermanentFailureCountDown=0 mApnSetting={null} mReason=radioTurnedOff mDataEnabled=false mDependencyMet=true}
08-08 01:27:16.499  1137  1137 D DCT     : [0]setupDataOnConnectableApns: apnContext {mApnType=mms mState=IDLE mWaitingApns={null} mWaitingApnsPermanentFailureCountDown=0 mApnSetting={null} mReason=radioTurnedOff mDataEnabled=false mDependencyMet=true}
08-08 01:27:16.499  1137  1137 D DCT     : [0]setupDataOnConnectableApns: apnContext {mApnType=supl mState=IDLE mWaitingApns={null} mWaitingApnsPermanentFailureCountDown=0 mApnSetting={null} mReason=radioTurnedOff mDataEnabled=false mDependencyMet=true}
08-08 01:27:16.499  1137  1137 D DCT     : [0]setupDataOnConnectableApns: apnContext {mApnType=cbs mState=IDLE mWaitingApns={null} mWaitingApnsPermanentFailureCountDown=0 mApnSetting={null} mReason=radioTurnedOff mDataEnabled=false mDependencyMet=true}
08-08 01:27:16.500  1137  1137 D DCT     : [0]setupDataOnConnectableApns: apnContext {mApnType=dun mState=IDLE mWaitingApns={null} mWaitingApnsPermanentFailureCountDown=0 mApnSetting={null} mReason=radioTurnedOff mDataEnabled=false mDependencyMet=true}
08-08 01:27:16.500  1137  1137 D DCT     : [0]setupDataOnConnectableApns: apnContext {mApnType=fota mState=IDLE mWaitingApns={null} mWaitingApnsPermanentFailureCountDown=0 mApnSetting={null} mReason=radioTurnedOff mDataEnabled=false mDependencyMet=true}
08-08 01:27:16.501  1137  1137 D DCT     : [0]setupDataOnConnectableApns: apnContext {mApnType=ims mState=IDLE mWaitingApns={null} mWaitingApnsPermanentFailureCountDown=0 mApnSetting={null} mReason=radioTurnedOff mDataEnabled=false mDependencyMet=true}
08-08 01:27:16.501  1137  1137 D DCT     : [0]setupDataOnConnectableApns: apnContext {mApnType=default mState=IDLE mWaitingApns={null} mWaitingApnsPermanentFailureCountDown=0 mApnSetting={null} mReason=radioTurnedOff mDataEnabled=false mDependencyMet=true}
08-08 01:27:16.502  1137  1137 D DCT     : [0]setupDataOnConnectableApns: apnContext {mApnType=ia mState=IDLE mWaitingApns={null} mWaitingApnsPermanentFailureCountDown=0 mApnSetting={null} mReason=radioTurnedOff mDataEnabled=false mDependencyMet=true}
08-08 01:27:16.518  1137  1137 D IccCardProxy: operator=46001 mPhoneId=0
08-08 01:27:16.518  1137  1137 D IccCardProxy: update icc_operator_numeric=46001
08-08 01:27:16.518  1137  1137 D TelephonyManager: setTelephonyProperty: success phoneId=0 property=gsm.sim.operator.numeric value: 46001 propVal=46001
08-08 01:27:16.519  1137  1137 D TelephonyManager: setTelephonyProperty: success phoneId=0 property=gsm.sim.operator.iso-country value: cn propVal=cn
08-08 01:27:16.520  1137  1137 D IccCardProxy: Sending intent ACTION_INTERNAL_SIM_STATE_CHANGED for mPhoneId : 0
08-08 01:27:16.522  1137  1137 D DctController: handleMessage msg={ when=-370ms what=100 target=com.android.internal.telephony.dataconnection.DctController }
08-08 01:27:16.522  1137  1137 D DctController: getTopPriorityRequestPhoneId = 0, priority = -1
08-08 01:27:16.523  1137  1137 D DcSwitchAsyncChannel: [DcSwitchAsyncChannel-0]: rspIsIdle=true
08-08 01:27:16.523  1137  1137 D DctController: onProcessRequest phoneId=0, activePhoneId=-1
08-08 01:27:16.523  1137  1137 D SubscriptionManager: [getPhoneId]- fail
08-08 01:27:16.523  1137  1137 D SubscriptionController: [getSubId]- mSlotIdToSubIdMap.size == 0, return DummySubIds slotIdx=0
08-08 01:27:16.524  1137  1137 D SubscriptionController: getDummySubIds: slotIdx=0 return 1 DummySubIds with each subId=-2
08-08 01:27:16.524  1137  1137 D DCT     : [0]getDataOnRoamingEnabled: phoneSubId=-2 isDataRoamingEnabled=true
08-08 01:27:16.524  1137  1137 D SubscriptionManager: [getPhoneId]- fail
08-08 01:27:16.524  1137  1137 D SubscriptionController: [getSubId]- mSlotIdToSubIdMap.size == 0, return DummySubIds slotIdx=0
08-08 01:27:16.525  1137  1137 D SubscriptionController: getDummySubIds: slotIdx=0 return 1 DummySubIds with each subId=-2
08-08 01:27:16.525  1137  1137 D DCT     : [0]getDataOnRoamingEnabled: phoneSubId=-2 isDataRoamingEnabled=true
08-08 01:27:16.525  1137  1137 D SubscriptionManager: [getPhoneId]- fail
08-08 01:27:16.525  1137  1137 D SubscriptionController: [getSubId]- mSlotIdToSubIdMap.size == 0, return DummySubIds slotIdx=0
08-08 01:27:16.526  1137  1137 D SubscriptionController: getDummySubIds: slotIdx=0 return 1 DummySubIds with each subId=-2
08-08 01:27:16.526  1137  1137 D DCT     : [0]getDataOnRoamingEnabled: phoneSubId=-2 isDataRoamingEnabled=true
08-08 01:27:16.526  1137  1137 D SubscriptionManager: [getPhoneId]- fail
08-08 01:27:16.526  1137  1137 D SubscriptionController: [getSubId]- mSlotIdToSubIdMap.size == 0, return DummySubIds slotIdx=0
08-08 01:27:16.527  1137  1137 D SubscriptionController: getDummySubIds: slotIdx=0 return 1 DummySubIds with each subId=-2
08-08 01:27:16.527  1137  1137 D DCT     : [0]getDataOnRoamingEnabled: phoneSubId=-2 isDataRoamingEnabled=true
08-08 01:27:16.527  1137  1137 D SubscriptionManager: [getPhoneId]- fail
08-08 01:27:16.528  1137  1137 D SubscriptionController: [getSubId]- mSlotIdToSubIdMap.size == 0, return DummySubIds slotIdx=0
08-08 01:27:16.529  1137  1137 D SubscriptionController: getDummySubIds: slotIdx=0 return 1 DummySubIds with each subId=-2
08-08 01:27:16.529  1137  1137 D DCT     : [0]getDataOnRoamingEnabled: phoneSubId=-2 isDataRoamingEnabled=true
08-08 01:27:16.529  1137  1137 D SubscriptionManager: [getPhoneId]- fail
08-08 01:27:16.530  1137  1137 D SubscriptionController: [getSubId]- mSlotIdToSubIdMap.size == 0, return DummySubIds slotIdx=0
08-08 01:27:16.530  1137  1137 D SubscriptionController: getDummySubIds: slotIdx=0 return 1 DummySubIds with each subId=-2
08-08 01:27:16.531  1137  1137 D DCT     : [0]getDataOnRoamingEnabled: phoneSubId=-2 isDataRoamingEnabled=true
08-08 01:27:16.532  1137  1137 D SubscriptionManager: [getPhoneId]- fail
08-08 01:27:16.532  1137  1137 D SubscriptionController: [getSubId]- mSlotIdToSubIdMap.size == 0, return DummySubIds slotIdx=0
08-08 01:27:16.533  1137  1137 D SubscriptionController: getDummySubIds: slotIdx=0 return 1 DummySubIds with each subId=-2
08-08 01:27:16.534  1137  1137 D DCT     : [0]getDataOnRoamingEnabled: phoneSubId=-2 isDataRoamingEnabled=true
08-08 01:27:16.534  1137  1137 D SubscriptionManager: [getPhoneId]- fail
08-08 01:27:16.535  1137  1137 D SubscriptionController: [getSubId]- mSlotIdToSubIdMap.size == 0, return DummySubIds slotIdx=0
08-08 01:27:16.535  1137  1137 D SubscriptionController: getDummySubIds: slotIdx=0 return 1 DummySubIds with each subId=-2
08-08 01:27:16.535  1137  1137 D DCT     : [0]getDataOnRoamingEnabled: phoneSubId=-2 isDataRoamingEnabled=true
08-08 01:27:16.536  1137  1137 D SubscriptionManager: [getPhoneId]- fail
08-08 01:27:16.536  1137  1137 D SubscriptionController: [getSubId]- mSlotIdToSubIdMap.size == 0, return DummySubIds slotIdx=0
08-08 01:27:16.536  1137  1137 D SubscriptionController: getDummySubIds: slotIdx=0 return 1 DummySubIds with each subId=-2
08-08 01:27:16.536  1137  1137 D DCT     : [0]getDataOnRoamingEnabled: phoneSubId=-2 isDataRoamingEnabled=true
08-08 01:27:16.537  1137  1137 D SubscriptionInfoUpdater: [Receiver]+
08-08 01:27:16.537  1137  1137 D SubscriptionInfoUpdater: Action: android.intent.action.internal_sim_state_changed
08-08 01:27:16.537  1137  1137 D SubscriptionInfoUpdater: slotId: 0
08-08 01:27:16.537  1137  1137 D SubscriptionInfoUpdater: simStatus: LOADED
08-08 01:27:16.537  1137  1137 D SubscriptionInfoUpdater: [Receiver]-
08-08 01:27:16.537  1137  1137 D SubscriptionInfoUpdater: handleSimStateLoadedInternal: slotId: 0
08-08 01:27:16.537  1137  1137 D SubscriptionInfoUpdater: All IccIds query complete
08-08 01:27:16.537  1137  1137 D SubscriptionInfoUpdater: updateSubscriptionInfoByIccId:+ Start
08-08 01:27:16.539  1137  1137 D SubscriptionController: [clearSubInfo]+
08-08 01:27:16.539  1137  1137 D SubscriptionController: [clearSubInfo]- no simInfo size=0
08-08 01:27:16.541  1137  1137 D SubscriptionInfoUpdater: insertedSimCount = 1
08-08 01:27:16.541  1137  1137 D SubscriptionController: [getSubInfoUsingSlotIdWithCheck]+ slotId:0
08-08 01:27:16.569  1137  1137 D SubscriptionController: [getPhoneId]- no sims, returning default phoneId=2147483647
08-08 01:27:16.572  1137  1137 D TelephonyManager: getTelephonyProperty: return propVal='null' phoneId=2147483647 property='gsm.sim.operator.iso-country' defaultVal='' prop=cn
08-08 01:27:16.572  1137  1137 D SubscriptionController: [getSubInfoRecord] id:1 iccid:89860115921101579076 simSlotIndex:0 displayName:CARD 1 nameSource:0 iconTint:-16746133 dataRoaming:0 mcc:460 mnc:1 countIso:
08-08 01:27:16.573  1137  1137 D SubscriptionController: [getPhoneId]- no sims, returning default phoneId=2147483647
08-08 01:27:16.576  1137  1137 D PhoneFactory: getPhone:- phoneId == DEFAULT_PHONE_ID return sProxyPhone phoneId=2147483647 phone=Handler (com.android.internal.telephony.PhoneProxy) {337c25da}
08-08 01:27:16.577  1137  1137 D SubscriptionController: [getPhoneId]- no sims, returning default phoneId=2147483647
08-08 01:27:16.583  1137  1137 D SubscriptionController: [getSubInfoUsingSlotId]- null info return
08-08 01:27:16.583  1137  1137 D SubscriptionInfoUpdater: updateSubscriptionInfoByIccId: oldSubId = 1
08-08 01:27:16.583  1137  1137 D SubscriptionInfoUpdater: updateSubscriptionInfoByIccId: oldIccId[0] = 89860115921101579076, sIccId[0] = 89860115921101579076
08-08 01:27:16.584  1137  1137 D SubscriptionController: [addSubInfoRecord]+ iccId:89860115921101579076 slotId:0
08-08 01:27:16.587  1137  1137 D SubscriptionController: [getSubId]- mSlotIdToSubIdMap.size == 0, return DummySubIds slotIdx=0
08-08 01:27:16.587  1137  1137 D SubscriptionController: getDummySubIds: slotIdx=0 return 1 DummySubIds with each subId=-2
08-08 01:27:16.587  1137  1137 D SubscriptionManager: [getPhoneId]- fail
08-08 01:27:16.588  1137  1137 D TelephonyManager: getTelephonyProperty: return propVal='null' phoneId=-1 property='gsm.sim.operator.alpha' defaultVal='' prop=
08-08 01:27:16.588  1137  1137 D SubscriptionController: [addSubInfoRecord] sim name = CARD 1
08-08 01:27:16.590  1137  1137 D SubscriptionController: [addSubInfoRecord] carrier name = 
08-08 01:27:16.605  1137  1137 D SubscriptionController: [getActiveSubInfoList]+
08-08 01:27:16.607  1137  1137 D SubscriptionController: [getActiveSubInfoList] Sub Controller not ready
08-08 01:27:16.636  1137  1137 D SubscriptionController: [addSubInfoRecord] Record already exists
08-08 01:27:16.654  1137  1137 D SubscriptionController: [addSubInfoRecord] mSlotIdxToSubId.size=1 slotId=0 subId=1 defaultSubId=1 simCount=1
08-08 01:27:16.656  1137  1137 D SubscriptionController: [setDefaultFallbackSubId] subId=1
08-08 01:27:16.658  1137  1137 D SubscriptionController: [setDefaultFallbackSubId] set mDefaultFallbackSubId=1
08-08 01:27:16.661  1137  1137 D TelephonyManager: getTelephonyProperty: return propVal='46001' phoneId=0 property='gsm.sim.operator.numeric' defaultVal='' prop=46001
08-08 01:27:16.661  1137  1137 D TelephonyManager: getSimOperatorNumeric(): default subId=1
08-08 01:27:16.662  1137  1137 D TelephonyManager: getTelephonyProperty: return propVal='46001' phoneId=0 property='gsm.sim.operator.numeric' defaultVal='' prop=46001
08-08 01:27:16.668  1137  1137 D SubscriptionController: [setDefaultFallbackSubId] broadcast default subId changed phoneId=0 subId=1
08-08 01:27:16.672  1137  1137 D SubscriptionController: [addSubInfoRecord] one sim set defaults to subId=1
08-08 01:27:16.673   710   710 D SubscriptionManager: [getPhoneId]- fail
08-08 01:27:16.675  1137  1137 D SubscriptionController: [setDefaultDataSubId] subId=1
08-08 01:27:16.678  1137  1137 D SubscriptionController: [setDefaultDataSubId] num phones=1
08-08 01:27:16.680  1137  1137 D SubscriptionController: [setDefaultDataSubId] phoneId=0 subId=1 RAF=1
08-08 01:27:16.684  1137  1137 D SubscriptionController: [setDefaultDataSubId] reqRAF=65545
08-08 01:27:16.693  1137  1137 D PhoneFactory: calculatePreferredNetworkType: phoneSubId = 1 networkType = 10
08-08 01:27:16.693  1137  1137 D SubscriptionController: [setDefaultDataSubId] networkType=10
08-08 01:27:16.697  1137  1137 D SubscriptionController: [setDefaultDataSubId] newRAF=65544
