01-01 08:00:00.400   172   172 I auditd  : type=2000 audit(0.0:1): initialized
08-08 01:26:53.530   172   172 I auditd  : type=1403 audit(0.0:2): policy loaded auid=4294967295 ses=4294967295
08-08 01:26:53.530   172   172 I auditd  : type=1404 audit(0.0:3): enforcing=1 old_enforcing=0 auid=4294967295 ses=4294967295
08-08 01:26:55.035   204   204 I boot_progress_start: 4192
08-08 01:26:56.079   204   204 I boot_progress_preload_start: 5236
08-08 01:27:02.789   204   204 I boot_progress_preload_end: 11946
08-08 01:27:03.141   710   710 I boot_progress_system_run: 12298
08-08 01:27:03.822   710   710 I boot_progress_pms_start: 12979
08-08 01:27:04.574   710   710 I boot_progress_pms_system_scan_start: 13732
08-08 01:27:08.511   710   710 I boot_progress_pms_data_scan_start: 17668
08-08 01:27:08.547   710   710 I boot_progress_pms_scan_end: 17704
08-08 01:27:08.892   710   710 I boot_progress_pms_ready: 18049
08-08 01:27:09.000   710   727 I battery_status: [2,2,1,2,Li-ion]
08-08 01:27:09.000   710   727 I battery_level: [95,4240,248]
08-08 01:27:09.380   710   710 I wm_stack_created: [0,0,0,0,0]
08-08 01:27:09.530   710   710 I configuration_changed: 7672
08-08 01:27:09.550   710   710 I configuration_changed: 1288
08-08 01:27:10.673   710   710 I free_storage_left: [13266059264,687144960,710078464]
08-08 01:27:10.674   710   710 I free_storage_changed: 13266059264
08-08 01:27:11.379   710   710 I configuration_changed: 512
08-08 01:27:11.567   710   710 I boot_progress_ams_ready: 20724
08-08 01:27:11.709   710   710 I am_proc_start: [0,835,1037,WebViewLoader-armeabi-v7a,,]
08-08 01:27:11.830   710   710 I am_proc_start: [0,853,10013,com.android.systemui,service,com.android.systemui/.SystemUIService]
08-08 01:27:11.930   710   777 I am_proc_start: [0,878,1000,com.android.settings,broadcast,com.android.settings/.widget.SettingsAppWidgetProvider]
08-08 01:27:11.932   710   727 I am_proc_bound: [0,853,com.android.systemui]
08-08 01:27:12.004   710   899 I am_proc_bound: [0,878,com.android.settings]
08-08 01:27:12.616   710   710 I am_proc_start: [0,1011,10034,com.android.inputmethod.latin,service,com.android.inputmethod.latin/.LatinIME]
08-08 01:27:12.753   710   727 I am_proc_start: [0,1043,10005,android.process.media,broadcast,com.android.providers.media/.MtpReceiver]
08-08 01:27:12.754   710  1042 I am_proc_bound: [0,1011,com.android.inputmethod.latin]
08-08 01:27:12.777   710   809 I netstats_mobile_sample: [0,0,0,0,0,0,0,0,0,0,0,0,-1]
08-08 01:27:12.777   710   809 I netstats_wifi_sample: [0,0,0,0,0,0,0,0,0,0,0,0,-1]
08-08 01:27:12.902   710   899 I am_proc_bound: [0,1043,android.process.media]
08-08 01:27:13.034   710   710 I am_proc_start: [0,1093,1027,com.android.nfc,added application,com.android.nfc]
08-08 01:27:13.152   710   710 I am_proc_start: [0,1137,1001,com.android.phone,added application,com.android.phone]
08-08 01:27:13.168   710   710 I am_create_task: [0,1]
08-08 01:27:13.168   710   710 I am_create_activity: [0,1046709854,1,com.android.launcher3/.Launcher,android.intent.action.MAIN,NULL,NULL,268435456]
08-08 01:27:13.174   710   710 I wm_task_created: [1,0]
08-08 01:27:13.174   710   710 I wm_task_moved: [1,1,0]
08-08 01:27:13.268   710   710 I am_proc_start: [0,1181,10035,com.android.launcher3,activity,com.android.launcher3/.Launcher]
08-08 01:27:13.269   710   710 I am_focused_activity: [0,com.android.launcher3/.Launcher]
08-08 01:27:13.409   710   776 I am_proc_start: [0,1222,10046,com.android.printspooler,service,com.android.printspooler/.model.PrintSpoolerService]
08-08 01:27:13.410   710  1134 I am_proc_bound: [0,1093,com.android.nfc]
08-08 01:27:13.423   710   727 I am_proc_bound: [0,1137,com.android.phone]
08-08 01:27:13.437   710  1218 I am_proc_bound: [0,1181,com.android.launcher3]
08-08 01:27:13.473   710  1218 I am_restart_activity: [0,1046709854,1,com.android.launcher3/.Launcher]
08-08 01:27:13.604   710  1251 I am_proc_start: [0,1255,10002,android.process.acore,content provider,com.android.providers.contacts/.CallLogProvider]
08-08 01:27:13.606   710   727 I am_proc_bound: [0,1222,com.android.printspooler]
08-08 01:27:13.673   710   710 I notification_enqueue: [1000,710,android,17040636,NULL,-1,Notification(pri=-2 contentView=null vibrate=null sound=null defaults=0x0 flags=0x2 color=0xff607d8b vis=PUBLIC),0]
08-08 01:27:13.694   710   710 I notification_enqueue: [1000,710,android,17040644,NULL,-1,Notification(pri=-1 contentView=null vibrate=null sound=null defaults=0x0 flags=0x2 color=0xff607d8b vis=PUBLIC),0]
08-08 01:27:13.812   710   726 I am_proc_bound: [0,1255,android.process.acore]
08-08 01:27:14.055   710   710 I backup_transport_lifecycle: [android/com.android.internal.backup.LocalTransportService,1]
08-08 01:27:14.081   710   710 I notification_cancel: [10013,853,com.android.systemui,100,low_battery,-1,0,64,8,NULL]
08-08 01:27:14.244   710  1218 I am_proc_start: [0,1305,10052,com.android.smspush,service,com.android.smspush/.WapPushManager]
08-08 01:27:14.398   710   899 I am_proc_bound: [0,1305,com.android.smspush]
08-08 01:27:14.414  1181  1181 I am_on_resume_called: [0,com.android.launcher3.Launcher]
08-08 01:27:14.417   710   726 I force_gc: Binder
08-08 01:27:14.592   710   899 I notification_cancel_all: [10005,1043,com.android.providers.downloads,0,0,64,9,NULL]
08-08 01:27:14.601  1137  1137 I gsm_service_state_change: [1,1,3,3]
08-08 01:27:14.815   710   727 I am_proc_start: [0,1355,10038,com.android.music,broadcast,com.android.music/.MediaButtonIntentReceiver]
08-08 01:27:14.853   710   782 I am_activity_launch_time: [0,1046709854,com.android.launcher3/.Launcher,1679,1679]
08-08 01:27:15.011   710  1218 I am_proc_bound: [0,1355,com.android.music]
08-08 01:27:15.106   710   809 I netstats_mobile_sample: [0,0,0,0,0,0,0,0,0,0,0,0,-1]
08-08 01:27:15.106   710   809 I netstats_wifi_sample: [0,0,0,0,0,0,0,0,0,0,0,0,-1]
08-08 01:27:15.503  1137  1137 I gsm_service_state_change: [3,3,1,1]
08-08 01:27:15.677   710   777 I boot_progress_enable_screen: 24835
08-08 01:27:15.680   710   777 I screen_toggled: 1
08-08 01:27:15.822   710   727 I configuration_changed: 3
08-08 01:27:15.838   710   727 I am_relaunch_resume_activity: [0,1046709854,1,com.android.launcher3/.Launcher]
08-08 01:27:15.850  1181  1181 I am_on_paused_called: [0,com.android.launcher3.Launcher]
08-08 01:27:15.895   177   177 I sf_frame_dur: [com.android.launcher3/com.android.launcher3.Launcher,7,4,1,0,0,1,0]
08-08 01:27:15.930   710   710 I notification_cancel: [10013,853,com.android.systemui,100,low_battery,-1,0,64,8,NULL]
08-08 01:27:16.103  1181  1181 I am_on_resume_called: [0,com.android.launcher3.Launcher]
08-08 01:27:16.365   710  1218 I force_gc: Binder
08-08 01:27:18.107   710   710 I notification_cancel: [1001,1137,com.android.phone,3,1,-1,0,64,8,NULL]
08-08 01:27:18.108   710   710 I notification_cancel: [1001,1137,com.android.phone,4,1,-1,0,64,8,NULL]
08-08 01:27:18.487   710  1269 I notification_expansion: [-1|android|17040644|null|1000,0,1]
08-08 01:27:18.975   177   177 I sf_frame_dur: [BootAnimation,6,11,253,10,0,0,0]
08-08 01:27:19.211   710  1492 I am_proc_start: [0,1506,1000,com.android.keychain,service,com.android.keychain/.KeyChainService]
08-08 01:27:19.293   710   727 I am_proc_bound: [0,1506,com.android.keychain]
08-08 01:27:19.346   710   710 I notification_cancel: [1000,710,android,17039590,NULL,0,0,0,8,NULL]
08-08 01:27:19.457   710   727 I notification_expansion: [-1|android|17040644|null|1000,0,0]
08-08 01:27:19.565   853   853 I sysui_status_bar_state: [1,1,0,0,0,1]
08-08 01:27:19.580   710   899 I notification_panel_revealed: []
08-08 01:27:19.582   710  1134 I notification_visibility_changed: [-1|android|17040644|null|1000;-1|android|17040636|null|1000,]
08-08 01:27:20.374   177   177 I sf_frame_dur: [KeyguardScrim,0,0,0,0,0,0,1]
08-08 01:27:20.451   710  1269 I notification_visibility_changed: [,-1|android|17040636|null|1000]
08-08 01:27:20.576   710  1269 I am_proc_start: [0,1546,10004,com.android.dialer,broadcast,com.android.dialer/.calllog.CallLogReceiver]
08-08 01:27:20.662   710  1218 I am_proc_bound: [0,1546,com.android.dialer]
08-08 01:27:20.816   710   710 I am_proc_start: [0,1566,10001,com.android.providers.calendar,broadcast,com.android.providers.calendar/.CalendarReceiver]
08-08 01:27:20.893   710   710 I notification_cancel: [10004,1546,com.android.dialer,1,DefaultVoicemailNotifier,0,0,64,8,NULL]
08-08 01:27:20.915   710  1218 I am_proc_bound: [0,1566,com.android.providers.calendar]
08-08 01:27:21.082   710  1269 I notification_cancel_all: [10005,1043,com.android.providers.downloads,0,0,64,9,NULL]
08-08 01:27:21.196   710   727 I am_proc_start: [0,1606,10007,com.android.managedprovisioning,broadcast,com.android.managedprovisioning/.BootReminder]
08-08 01:27:21.264   710  1134 I am_proc_bound: [0,1606,com.android.managedprovisioning]
08-08 01:27:21.663   710   727 I am_proc_start: [0,1643,10008,com.android.mms,broadcast,com.android.mms/.transaction.MmsSystemEventReceiver]
08-08 01:27:21.738   710  1243 I am_proc_bound: [0,1643,com.android.mms]
08-08 01:27:21.962   710  1042 I am_proc_start: [0,1680,10010,com.android.onetimeinitializer,broadcast,com.android.onetimeinitializer/.OneTimeInitializerReceiver]
08-08 01:27:22.009   710   710 I notification_cancel: [10008,1643,com.android.mms,123,NULL,0,0,64,8,NULL]
08-08 01:27:22.033   710  1134 I force_gc: Binder
08-08 01:27:22.071   710  1134 I am_proc_bound: [0,1680,com.android.onetimeinitializer]
08-08 01:27:22.201   710  1218 I am_proc_start: [0,1709,10015,com.android.voicedialer,broadcast,com.android.voicedialer/.VoiceDialerReceiver]
08-08 01:27:22.221   710   710 I notification_cancel: [10008,1643,com.android.mms,123,NULL,0,0,64,8,NULL]
08-08 01:27:22.282   710  1269 I am_proc_bound: [0,1709,com.android.voicedialer]
08-08 01:27:22.400   710  1042 I am_proc_start: [0,1727,10021,com.android.calendar,broadcast,com.android.calendar/.alerts.AlertReceiver]
08-08 01:27:22.469   710  1115 I am_proc_bound: [0,1727,com.android.calendar]
08-08 01:27:22.663   710  1042 I am_proc_start: [0,1755,10025,com.android.deskclock,broadcast,com.android.deskclock/.AlarmInitReceiver]
08-08 01:27:22.747   710  1269 I am_proc_bound: [0,1755,com.android.deskclock]
08-08 01:27:23.048   710  1042 I am_proc_start: [0,1777,10028,com.android.email,broadcast,com.android.email/.service.EmailBroadcastReceiver]
08-08 01:27:23.099   710  1115 I am_proc_bound: [0,1777,com.android.email]
08-08 01:27:23.345   710  1115 I am_proc_start: [0,1799,10029,com.android.exchange,service,com.android.exchange/.service.EasService]
08-08 01:27:23.455   710   726 I am_proc_bound: [0,1799,com.android.exchange]
08-08 01:27:28.504   710   814 I netstats_mobile_sample: [0,0,0,0,0,0,0,0,0,0,0,0,-1]
08-08 01:27:28.505   710   814 I netstats_wifi_sample: [0,0,0,0,0,0,0,0,0,0,0,0,-1]
08-08 01:27:28.519   710   814 I netstats_mobile_sample: [0,0,0,0,0,0,0,0,0,0,0,0,-1]
08-08 01:27:28.519   710   814 I netstats_wifi_sample: [0,0,0,0,0,0,0,0,0,0,0,0,-1]
08-08 01:27:28.584   710  1269 I notification_cancel_all: [10005,1043,com.android.providers.downloads,0,0,64,9,NULL]
08-08 01:27:28.601   710   710 I notification_cancel: [10021,1727,com.android.calendar,0,NULL,0,0,64,8,NULL]
08-08 01:27:28.602   710   710 I notification_cancel: [10021,1727,com.android.calendar,1,NULL,0,0,64,8,NULL]
08-08 01:27:28.603   710   710 I notification_cancel: [10021,1727,com.android.calendar,2,NULL,0,0,64,8,NULL]
08-08 01:27:28.604   710   710 I notification_cancel: [10021,1727,com.android.calendar,3,NULL,0,0,64,8,NULL]
08-08 01:27:28.605   710   710 I notification_cancel: [10021,1727,com.android.calendar,4,NULL,0,0,64,8,NULL]
08-08 01:27:28.605   710   710 I notification_cancel: [10021,1727,com.android.calendar,5,NULL,0,0,64,8,NULL]
08-08 01:27:28.606   710   710 I notification_cancel: [10021,1727,com.android.calendar,6,NULL,0,0,64,8,NULL]
08-08 01:27:28.606   710   710 I notification_cancel: [10021,1727,com.android.calendar,7,NULL,0,0,64,8,NULL]
08-08 01:27:28.607   710   710 I notification_cancel: [10021,1727,com.android.calendar,8,NULL,0,0,64,8,NULL]
08-08 01:27:28.608   710   710 I notification_cancel: [10021,1727,com.android.calendar,9,NULL,0,0,64,8,NULL]
08-08 01:27:28.608   710   710 I notification_cancel: [10021,1727,com.android.calendar,10,NULL,0,0,64,8,NULL]
08-08 01:27:28.609   710   710 I notification_cancel: [10021,1727,com.android.calendar,11,NULL,0,0,64,8,NULL]
08-08 01:27:28.609   710   710 I notification_cancel: [10021,1727,com.android.calendar,12,NULL,0,0,64,8,NULL]
08-08 01:27:28.610   710   710 I notification_cancel: [10021,1727,com.android.calendar,13,NULL,0,0,64,8,NULL]
08-08 01:27:28.611   710   710 I notification_cancel: [10021,1727,com.android.calendar,14,NULL,0,0,64,8,NULL]
08-08 01:27:28.614   710   710 I notification_cancel: [10021,1727,com.android.calendar,15,NULL,0,0,64,8,NULL]
08-08 01:27:28.614   710   710 I notification_cancel: [10021,1727,com.android.calendar,16,NULL,0,0,64,8,NULL]
08-08 01:27:28.614   710   710 I notification_cancel: [10021,1727,com.android.calendar,17,NULL,0,0,64,8,NULL]
08-08 01:27:28.615   710   710 I notification_cancel: [10021,1727,com.android.calendar,18,NULL,0,0,64,8,NULL]
08-08 01:27:28.615   710   710 I notification_cancel: [10021,1727,com.android.calendar,19,NULL,0,0,64,8,NULL]
08-08 01:27:28.615   710   710 I notification_cancel: [10021,1727,com.android.calendar,20,NULL,0,0,64,8,NULL]
08-08 01:27:28.638  1137  1337 I force_gc: Binder
04-12 10:42:23.388   710   784 I power_sleep_requested: 0
04-12 10:42:23.396   710   710 I am_pause_activity: [0,1046709854,com.android.launcher3/.Launcher]
04-12 10:42:23.396  1181  1181 I am_on_paused_called: [0,com.android.launcher3.Launcher]
04-12 10:42:23.399   710   710 I power_screen_state: [0,3,0,0]
04-12 10:42:23.399   710   710 I screen_toggled: 0
04-12 10:42:23.400   710   777 I am_focused_activity: [0,com.android.launcher3/.Launcher]
04-12 10:42:23.402   710   710 I power_screen_broadcast_send: 1
04-12 10:42:23.412   710   899 I notification_visibility_changed: [,-1|android|17040644|null|1000]
04-12 10:42:23.417   710  1218 I notification_panel_hidden: []
04-12 10:42:23.617   710   710 I power_screen_broadcast_done: [1,215,1]
04-12 10:42:23.617   710   710 I power_screen_broadcast_send: 1
04-12 10:42:23.662   853   853 I sysui_heads_up_status: [,0]
04-12 10:42:23.668   710   710 I power_screen_broadcast_done: [0,50,1]
04-12 10:42:27.542   710   710 I notification_cancel: [1000,710,android,100,CaptivePortal.Notification,0,0,0,8,NULL]
04-12 10:42:35.108   710  1218 I force_gc: Binder
04-12 10:42:39.078   710   710 I power_screen_state: [1,0,0,0]
04-12 10:42:39.078   710   710 I screen_toggled: 1
04-12 10:42:39.079   710   710 I power_screen_broadcast_send: 1
04-12 10:42:39.103   710  1243 I notification_panel_revealed: []
04-12 10:42:39.104   710  1218 I notification_visibility_changed: [-1|android|17040644|null|1000,]
04-12 10:42:39.172   710   710 I power_screen_broadcast_done: [1,92,1]
04-12 10:42:39.591   177   177 I sf_frame_dur: [ColorFade,26,0,1,0,0,0,0]
04-12 10:42:40.391   853   853 I sysui_lockscreen_gesture: [1,283,2460]
04-12 10:42:40.476   710   727 I notification_visibility_changed: [,-1|android|17040644|null|1000]
04-12 10:42:40.479   710  1269 I notification_panel_hidden: []
04-12 10:42:40.485   853   853 I screen_toggled: 2
04-12 10:42:41.101   710   899 I notification_expansion: [-1|android|17040644|null|1000,0,1]
04-12 10:42:41.119   853   853 I sysui_status_bar_state: [0,0,0,0,0,1]
04-12 10:42:41.124   710  1218 I am_resume_activity: [0,1046709854,1,com.android.launcher3/.Launcher]
04-12 10:42:41.133  1181  1181 I am_on_resume_called: [0,com.android.launcher3.Launcher]
04-12 10:42:42.883   710   727 I wm_stack_created: [1,0,0,0,0]
04-12 10:42:42.892   710   727 I am_home_stack_moved: [0,0,1,1,startingNewTask]
04-12 10:42:42.893   710   727 I am_create_task: [0,2]
04-12 10:42:42.893   710   727 I am_create_activity: [0,689564029,2,com.android.browser/.BrowserActivity,android.intent.action.MAIN,NULL,NULL,270532608]
04-12 10:42:42.904   710   727 I wm_task_created: [2,1]
04-12 10:42:42.904   710   727 I wm_task_moved: [2,1,0]
04-12 10:42:42.906   710   727 I am_pause_activity: [0,1046709854,com.android.launcher3/.Launcher]
04-12 10:42:42.915   710   727 I am_home_stack_moved: [0,0,1,1,startedActivity setFocusedActivity]
04-12 10:42:42.917   710   727 I am_focused_activity: [0,com.android.browser/.BrowserActivity]
04-12 10:42:43.023  1181  1181 I am_on_paused_called: [0,com.android.launcher3.Launcher]
04-12 10:42:43.103   710   899 I am_proc_start: [0,2149,10019,com.android.browser,activity,com.android.browser/.BrowserActivity]
04-12 10:42:43.210   710  1134 I am_proc_bound: [0,2149,com.android.browser]
04-12 10:42:43.220   710  1134 I am_restart_activity: [0,689564029,2,com.android.browser/.BrowserActivity]
04-12 10:42:43.705   177   177 I sf_frame_dur: [com.android.launcher3/com.android.launcher3.Launcher,16,5,3,2,0,1,3]
04-12 10:42:44.037  2149  2149 I am_on_resume_called: [0,com.android.browser.BrowserActivity]
04-12 10:42:44.348   710   782 I am_activity_launch_time: [0,689564029,com.android.browser/.BrowserActivity,1324,1324]
04-12 10:42:48.909   710  1134 I am_proc_start: [0,2260,10048,com.android.quicksearchbox,content provider,com.android.quicksearchbox/.google.GoogleSuggestionProvider]
04-12 10:42:48.968   710  1115 I am_proc_bound: [0,2260,com.android.quicksearchbox]
04-12 10:42:51.995  2149  2149 I browser_page_loaded: https://m.baidu.com/?from=844b&vit=fps|7584
04-12 10:42:52.216   177   177 I sf_frame_dur: [PopupWindow:ebe24d5,7,3,13,6,1,0,0]
04-12 10:42:52.334  2149  2149 I browser_page_loaded: http://www.baidu.com/|258
04-12 10:42:52.366   177   177 I sf_frame_dur: [InputMethod,55,18,5,2,4,0,0]
04-12 10:42:52.815  2149  2149 I browser_page_loaded: https://gw.buaa.edu.cn/index_20.html?url=http://www.baidu.com/|395
04-12 10:42:53.963  2149  2149 I browser_page_loaded: https://gw.buaa.edu.cn:804/srun_portal_phone.php?ac_id=20&url=http://www.baidu.com/|1043
04-12 10:43:03.514   177   177 I sf_frame_dur: [InputMethod,93,12,11,7,6,1,1]
04-12 10:43:04.346  2149  2149 I browser_page_loaded: https://gw.buaa.edu.cn:804/srun_portal_phone.php?ac_id=20&url=http://www.baidu.com/|256
04-12 10:43:04.826   710   803 I am_home_stack_moved: [0,1,0,0,intentActivityFound]
04-12 10:43:04.826   710   803 I wm_task_moved: [1,1,0]
04-12 10:43:04.858   710   803 I am_home_stack_moved: [0,1,0,0,bringingFoundTaskToFront]
04-12 10:43:04.858   710   803 I wm_task_moved: [1,1,0]
04-12 10:43:04.874   710   803 I am_pause_activity: [0,689564029,com.android.browser/.BrowserActivity]
04-12 10:43:04.876   710   803 I am_task_to_front: [0,1]
04-12 10:43:04.876   710   803 I am_new_intent: [0,144909460,1,com.android.launcher3/.Launcher,android.intent.action.MAIN,NULL,NULL,274726912]
04-12 10:43:04.881  2149  2149 I am_on_paused_called: [0,com.android.browser.BrowserActivity]
04-12 10:43:04.891   710  1134 I am_resume_activity: [0,1046709854,1,com.android.launcher3/.Launcher]
04-12 10:43:04.906  1181  1181 I am_on_resume_called: [0,com.android.launcher3.Launcher]
04-12 10:43:05.447   177   177 I sf_frame_dur: [com.android.browser/com.android.browser.BrowserActivity,95,24,19,22,27,5,0]
04-12 10:43:06.615   710  1042 I am_home_stack_moved: [0,1,0,0,startingNewTask]
04-12 10:43:06.615   710  1042 I wm_task_moved: [1,1,0]
04-12 10:43:06.621   710  1042 I am_create_task: [0,3]
04-12 10:43:06.621   710  1042 I am_create_activity: [0,1029510623,3,com.android.systemui/.recents.RecentsActivity,com.android.systemui.recents.SHOW_RECENTS,NULL,NULL,276840448]
04-12 10:43:06.622   710  1042 I wm_task_created: [3,0]
04-12 10:43:06.622   710  1042 I wm_task_moved: [3,1,1]
04-12 10:43:06.623   710  1042 I am_pause_activity: [0,1046709854,com.android.launcher3/.Launcher]
04-12 10:43:06.632   710  1042 I am_restart_activity: [0,1029510623,3,com.android.systemui/.recents.RecentsActivity]
04-12 10:43:06.638  1181  1181 I am_on_paused_called: [0,com.android.launcher3.Launcher]
04-12 10:43:06.640   710  1042 I am_home_stack_moved: [0,1,0,0,startedActivity setFocusedActivity]
04-12 10:43:06.642   710  1042 I am_focused_activity: [0,com.android.systemui/.recents.RecentsActivity]
04-12 10:43:06.711   853   853 I am_on_resume_called: [0,com.android.systemui.recents.RecentsActivity]
04-12 10:43:06.943   710   782 I am_activity_launch_time: [0,1029510623,com.android.systemui/.recents.RecentsActivity,316,316]
04-12 10:43:07.132   177   177 I sf_frame_dur: [com.android.launcher3/com.android.launcher3.Launcher,38,1,0,0,2,0,0]
04-12 10:43:07.740   710  1115 I am_finish_activity: [0,689564029,2,com.android.browser/.BrowserActivity,clear]
04-12 10:43:07.742   710  1115 I am_destroy_activity: [0,689564029,2,com.android.browser/.BrowserActivity,finish-imm]
04-12 10:43:07.749   710  1115 I am_kill : [0,2149,com.android.browser,9,remove task]
04-12 10:43:07.864   710  1243 I am_proc_died: [0,2149,com.android.browser]
04-12 10:43:07.867   710  1243 I wm_task_removed: [2,removeAppToken: last token]
04-12 10:43:07.867   710  1243 I wm_task_removed: [2,removeTask]
04-12 10:43:07.868   710  1243 I am_home_stack_moved: [0,1,0,0,appDied leftTaskHistoryEmpty]
04-12 10:43:07.880   710   726 I am_home_stack_moved: [0,1,0,0,intentActivityFound]
04-12 10:43:07.880   710   726 I wm_task_moved: [3,1,1]
04-12 10:43:07.886   710   726 I am_home_stack_moved: [0,1,0,0,bringingFoundTaskToFront]
04-12 10:43:07.886   710   726 I wm_task_moved: [1,1,1]
04-12 10:43:07.892   710   726 I am_pause_activity: [0,1029510623,com.android.systemui/.recents.RecentsActivity]
04-12 10:43:07.896   710   726 I am_task_to_front: [0,1]
04-12 10:43:07.897   710   726 I am_new_intent: [0,1013539912,1,com.android.launcher3/.Launcher,android.intent.action.MAIN,NULL,NULL,274726912]
04-12 10:43:07.905   853   853 I am_on_paused_called: [0,com.android.systemui.recents.RecentsActivity]
04-12 10:43:07.915   710   899 I am_resume_activity: [0,1046709854,1,com.android.launcher3/.Launcher]
04-12 10:43:07.939  1181  1181 I am_on_resume_called: [0,com.android.launcher3.Launcher]
04-12 10:43:08.221   710   777 I am_home_stack_moved: [0,1,0,0,stopActivity adjustTopFocus setFocusedActivity]
04-12 10:43:08.221   710   777 I am_focused_activity: [0,com.android.launcher3/.Launcher]
04-12 10:43:08.232   177   177 I sf_frame_dur: [com.android.systemui/com.android.systemui.recents.RecentsActivity,25,1,2,1,0,0,0]
04-12 10:43:09.177   710   777 I am_proc_start: [0,2469,10009,com.android.musicfx,broadcast,com.android.musicfx/.ControlPanelReceiver]
04-12 10:43:09.247   710  1243 I am_proc_bound: [0,2469,com.android.musicfx]
04-12 10:43:09.292   710  1243 I am_kill : [0,1355,com.android.music,15,empty #17]
04-12 10:43:09.309   710  1042 I am_proc_died: [0,1355,com.android.music]
04-12 10:43:37.606   710   784 I power_sleep_requested: 0
04-12 10:43:37.607   710   710 I power_screen_state: [0,3,0,0]
04-12 10:43:37.607   710   710 I screen_toggled: 0
04-12 10:43:37.619   710   710 I power_screen_broadcast_send: 1
04-12 10:43:37.763   853   853 I sysui_heads_up_status: [,0]
04-12 10:43:37.768   710   710 I power_screen_broadcast_done: [0,149,1]
04-12 10:43:38.420   710   710 I am_pause_activity: [0,1046709854,com.android.launcher3/.Launcher]
04-12 10:43:38.428  1181  1181 I am_on_paused_called: [0,com.android.launcher3.Launcher]
04-12 10:43:38.452   710   777 I am_focused_activity: [0,com.android.launcher3/.Launcher]
04-12 10:43:42.724   710  1218 I notification_expansion: [-1|android|17040644|null|1000,0,0]
04-12 10:43:42.749   710  1134 I force_gc: Binder
04-12 10:43:42.845   853   853 I sysui_status_bar_state: [1,1,0,0,0,1]
04-12 10:43:42.948   177   177 I sf_frame_dur: [NavigationBar,118,4,1,1,3,0,6]
04-12 10:43:43.462   710   710 I power_screen_state: [1,0,0,0]
04-12 10:43:43.462   710   710 I screen_toggled: 1
04-12 10:43:43.462   710   710 I power_screen_broadcast_send: 1
04-12 10:43:43.487   710   727 I notification_panel_revealed: []
04-12 10:43:43.488   710  1269 I notification_visibility_changed: [-1|android|17040644|null|1000,]
04-12 10:43:43.508   710   710 I power_screen_broadcast_done: [1,46,1]
04-12 10:43:43.963   177   177 I sf_frame_dur: [ColorFade,24,2,0,0,0,0,0]
04-12 10:43:44.913   853   853 I sysui_lockscreen_gesture: [1,314,4240]
04-12 10:43:44.960   710   726 I notification_visibility_changed: [,-1|android|17040644|null|1000]
04-12 10:43:44.961   710  1218 I notification_panel_hidden: []
04-12 10:43:44.968   853   853 I screen_toggled: 2
04-12 10:43:45.037   710  1115 I notification_expansion: [-1|android|17040644|null|1000,0,1]
04-12 10:43:45.061   853   853 I sysui_status_bar_state: [0,0,0,0,0,1]
04-12 10:43:45.070   710   899 I am_resume_activity: [0,1046709854,1,com.android.launcher3/.Launcher]
04-12 10:43:45.098  1181  1181 I am_on_resume_called: [0,com.android.launcher3.Launcher]
04-12 10:44:34.364   710   784 I power_sleep_requested: 0
04-12 10:44:34.367   710   710 I power_screen_state: [0,3,0,0]
04-12 10:44:34.367   710   710 I screen_toggled: 0
04-12 10:44:34.386   710   710 I power_screen_broadcast_send: 1
04-12 10:44:34.540   853   853 I sysui_heads_up_status: [,0]
04-12 10:44:34.549   710   710 I power_screen_broadcast_done: [0,164,1]
04-12 10:44:35.203   710   710 I am_pause_activity: [0,1046709854,com.android.launcher3/.Launcher]
04-12 10:44:35.204  1181  1181 I am_on_paused_called: [0,com.android.launcher3.Launcher]
04-12 10:44:35.236   710   777 I am_focused_activity: [0,com.android.launcher3/.Launcher]
04-12 10:44:39.487   710  1134 I notification_expansion: [-1|android|17040644|null|1000,0,0]
04-12 10:44:39.565   853   853 I sysui_status_bar_state: [1,1,0,0,0,1]
04-12 10:44:39.660   177   177 I sf_frame_dur: [NavigationBar,31,0,0,0,1,0,1]
04-12 10:44:48.978   710   710 I power_screen_state: [1,0,0,0]
04-12 10:44:48.978   710   710 I screen_toggled: 1
04-12 10:44:48.979   710   710 I power_screen_broadcast_send: 1
04-12 10:44:49.002   710  1042 I notification_panel_revealed: []
04-12 10:44:49.005   710  1243 I notification_visibility_changed: [-1|android|17040644|null|1000,]
04-12 10:44:49.035   710   710 I power_screen_broadcast_done: [1,57,1]
04-12 10:44:49.485   177   177 I sf_frame_dur: [ColorFade,26,1,0,0,0,0,0]
04-12 10:44:50.294   853   853 I sysui_lockscreen_gesture: [1,223,2843]
04-12 10:44:50.394   710  1269 I notification_visibility_changed: [,-1|android|17040644|null|1000]
04-12 10:44:50.394   710  1134 I notification_panel_hidden: []
04-12 10:44:50.401   853   853 I screen_toggled: 2
04-12 10:44:50.485   710   727 I notification_expansion: [-1|android|17040644|null|1000,0,1]
04-12 10:44:50.507   853   853 I sysui_status_bar_state: [0,0,0,0,0,1]
04-12 10:44:50.517   710   899 I am_resume_activity: [0,1046709854,1,com.android.launcher3/.Launcher]
04-12 10:44:50.538  1181  1181 I am_on_resume_called: [0,com.android.launcher3.Launcher]
04-12 10:45:04.465   710   710 I free_storage_changed: 13220446208
04-12 10:45:18.351   710   788 I am_proc_start: [0,2795,10003,com.android.defcontainer,service,com.android.defcontainer/.DefaultContainerService]
04-12 10:45:18.418   710   726 I am_proc_bound: [0,2795,com.android.defcontainer]
04-12 10:45:20.125   710   784 I power_sleep_requested: 0
04-12 10:45:20.126   710   710 I power_screen_state: [0,3,0,0]
04-12 10:45:20.126   710   710 I screen_toggled: 0
04-12 10:45:20.129   710   710 I power_screen_broadcast_send: 1
04-12 10:45:20.214   853   853 I sysui_heads_up_status: [,0]
04-12 10:45:20.222   710   710 I power_screen_broadcast_done: [0,92,1]
04-12 10:45:20.910   710   710 I am_pause_activity: [0,1046709854,com.android.launcher3/.Launcher]
04-12 10:45:20.917  1181  1181 I am_on_paused_called: [0,com.android.launcher3.Launcher]
04-12 10:45:20.936   710   777 I am_focused_activity: [0,com.android.launcher3/.Launcher]
04-12 10:45:21.042   710   710 I am_resume_activity: [0,1046709854,1,com.android.launcher3/.Launcher]
04-12 10:45:21.056   710   710 I power_screen_state: [1,0,0,0]
04-12 10:45:21.056   710   710 I screen_toggled: 1
04-12 10:45:21.061  1181  1181 I am_on_resume_called: [0,com.android.launcher3.Launcher]
04-12 10:45:21.194   710   710 I power_screen_broadcast_send: 1
04-12 10:45:21.264   710   710 I power_screen_broadcast_done: [1,69,1]
04-12 10:45:21.358   177   177 I sf_frame_dur: [ColorFade,26,1,0,0,2,0,0]
04-12 10:45:59.536   710  1134 I am_kill : [0,1222,com.android.printspooler,15,empty #17]
04-12 10:45:59.537   710   788 I unknown_sources_enabled: 0
04-12 10:45:59.608   710  1218 I am_proc_died: [0,1222,com.android.printspooler]
04-12 10:45:59.805   710   710 I notification_cancel_all: [1000,710,com.youku.phone,0,0,0,5,NULL]
04-12 10:45:59.843   710   726 I am_proc_start: [0,3054,10031,com.android.gallery3d,broadcast,com.android.gallery3d/.app.PackagesMonitor]
04-12 10:45:59.896   710   899 I am_proc_bound: [0,3054,com.android.gallery3d]
04-12 10:46:00.094   710  1134 I am_proc_start: [0,3076,10045,com.svox.pico,broadcast,com.svox.pico/.VoiceDataInstallerReceiver]
04-12 10:46:00.100   710  1134 I am_kill : [0,1506,com.android.keychain,15,empty #17]
04-12 10:46:00.178   710  1269 I am_proc_died: [0,1506,com.android.keychain]
04-12 10:46:00.179   710  1042 I am_proc_bound: [0,3076,com.svox.pico]
04-12 10:46:00.287   710  1243 I am_kill : [0,1546,com.android.dialer,15,empty #17]
04-12 10:46:00.296   710  1115 I am_proc_died: [0,1546,com.android.dialer]
04-12 10:46:04.473   710   710 I free_storage_changed: 13159526400
04-12 10:46:11.360   710  1134 I am_home_stack_moved: [0,0,1,1,startingNewTask]
04-12 10:46:11.361   710  1134 I am_create_task: [0,4]
04-12 10:46:11.361   710  1134 I am_create_activity: [0,249616786,4,com.youku.phone/.ActivityWelcome,android.intent.action.MAIN,NULL,NULL,270532608]
04-12 10:46:11.363   710  1134 I wm_task_created: [4,1]
04-12 10:46:11.363   710  1134 I wm_task_moved: [4,1,0]
04-12 10:46:11.364   710  1134 I am_pause_activity: [0,1046709854,com.android.launcher3/.Launcher]
04-12 10:46:11.369   710  1134 I am_home_stack_moved: [0,0,1,1,startedActivity setFocusedActivity]
04-12 10:46:11.372   710  1134 I am_focused_activity: [0,com.youku.phone/.ActivityWelcome]
04-12 10:46:11.374  1181  1181 I am_on_paused_called: [0,com.android.launcher3.Launcher]
04-12 10:46:11.480   710   726 I am_proc_start: [0,3176,10054,com.youku.phone,activity,com.youku.phone/.ActivityWelcome]
04-12 10:46:11.563   710   727 I am_proc_bound: [0,3176,com.youku.phone]
04-12 10:46:11.574   710   727 I am_restart_activity: [0,249616786,4,com.youku.phone/.ActivityWelcome]
04-12 10:46:12.066   177   177 I sf_frame_dur: [com.android.launcher3/com.android.launcher3.Launcher,139,1,3,1,1,2,12]
04-12 10:46:16.549   710  1243 I am_proc_start: [0,3270,10054,com.youku.phone:dex2oat,service,com.youku.phone/com.taobao.android.runtime.Dex2OatService]
04-12 10:46:16.557   710  1042 I am_proc_bound: [0,3270,com.youku.phone:dex2oat]
04-12 10:46:18.652   710   899 I am_proc_start: [0,3405,10054,com.youku.phone:download,service,com.youku.phone/com.youku.service.download.DownloadService]
04-12 10:46:18.915   710  1243 I am_proc_start: [0,3439,10054,com.push.Youku_PushService,service,com.youku.phone/com.youku.pushsdk.service.PushService]
04-12 10:46:18.963   710   899 I am_proc_bound: [0,3405,com.youku.phone:download]
04-12 10:46:19.046   710  1134 I am_proc_bound: [0,3439,com.push.Youku_PushService]
04-12 10:46:20.173  3354  3354 I auditd  : type=1400 audit(0.0:4): avc: denied { getattr } for comm="UserThread-2" path="/system/xbin/su" dev="mmcblk0p25" ino=1633 scontext=u:r:untrusted_app:s0 tcontext=u:object_r:su_exec:s0 tclass=file
04-12 10:46:20.564   710  1134 I am_home_stack_moved: [0,0,1,1,intentActivityFound]
04-12 10:46:20.564   710  1134 I wm_task_moved: [4,1,0]
04-12 10:46:20.585   710  1134 I am_home_stack_moved: [0,0,1,1,sourceStackToFront]
04-12 10:46:20.585   710  1134 I wm_task_moved: [4,1,0]
04-12 10:46:20.590   710  1134 I am_create_activity: [0,506988911,4,com.youku.phone/com.youku.ui.activity.HomePageActivity,NULL,NULL,NULL,268435456]
04-12 10:46:20.603   710  1134 I am_pause_activity: [0,249616786,com.youku.phone/.ActivityWelcome]
04-12 10:46:20.605   710  1134 I am_home_stack_moved: [0,0,1,1,startedActivity setFocusedActivity]
04-12 10:46:20.605   710  1134 I am_focused_activity: [0,com.youku.phone/com.youku.ui.activity.HomePageActivity]
04-12 10:46:20.627   710  1115 I am_finish_activity: [0,249616786,4,com.youku.phone/.ActivityWelcome,app-request]
04-12 10:46:20.669  3176  3176 I am_on_resume_called: [0,com.youku.phone.ActivityWelcome]
04-12 10:46:21.109   710   777 I am_restart_activity: [0,506988911,4,com.youku.phone/com.youku.ui.activity.HomePageActivity]
04-12 10:46:21.473  3471  3471 I auditd  : type=1400 audit(0.0:5): avc: denied { getattr } for comm="KernelThread-2" path="/system/xbin/su" dev="mmcblk0p25" ino=1633 scontext=u:r:untrusted_app:s0 tcontext=u:object_r:su_exec:s0 tclass=file
04-12 10:46:21.576   710   777 I am_destroy_activity: [0,249616786,4,com.youku.phone/.ActivityWelcome,finish-idle]
04-12 10:46:21.663  3471  3471 I auditd  : type=1400 audit(0.0:6): avc: denied { read } for comm="KernelThread-2" name="debuggerd" dev="mmcblk0p25" ino=171 scontext=u:r:untrusted_app:s0 tcontext=u:object_r:debuggerd_exec:s0 tclass=file
04-12 10:46:22.487  3176  3176 I am_on_paused_called: [0,com.youku.phone.ActivityWelcome]
04-12 10:46:22.489   710   727 I am_failed_to_pause: [0,249616786,com.youku.phone/.ActivityWelcome,(none)]
04-12 10:46:22.913  3249  3249 I auditd  : type=1400 audit(0.0:7): avc: denied { read } for comm="OnLineMonitor" name="mem" dev="debugfs" ino=15991 scontext=u:r:untrusted_app:s0 tcontext=u:object_r:debugfs:s0 tclass=file
04-12 10:46:22.923  3249  3249 I auditd  : type=1400 audit(0.0:8): avc: denied { read } for comm="OnLineMonitor" name="mem" dev="debugfs" ino=15991 scontext=u:r:untrusted_app:s0 tcontext=u:object_r:debugfs:s0 tclass=file
04-12 10:46:23.933  3605  3605 I auditd  : type=1400 audit(0.0:9): avc: denied { getattr } for comm="ACCS0" path="/system/xbin/su" dev="mmcblk0p25" ino=1633 scontext=u:r:untrusted_app:s0 tcontext=u:object_r:su_exec:s0 tclass=file
04-12 10:46:24.003  3574  3574 I auditd  : type=1400 audit(0.0:10): avc: denied { getattr } for comm="ACCS0" path="/system/xbin/su" dev="mmcblk0p25" ino=1633 scontext=u:r:untrusted_app:s0 tcontext=u:object_r:su_exec:s0 tclass=file
04-12 10:46:24.383  3176  3176 I am_on_resume_called: [0,com.youku.ui.activity.HomePageActivity]
04-12 10:46:24.793  3684  3684 I auditd  : type=1400 audit(0.0:11): avc: denied { getattr } for comm="NativeThread" path="/system/xbin/su" dev="mmcblk0p25" ino=1633 scontext=u:r:untrusted_app:s0 tcontext=u:object_r:su_exec:s0 tclass=file
04-12 10:46:25.640   710  1134 I am_kill : [0,1606,com.android.managedprovisioning,15,empty #17]
04-12 10:46:25.732   710  1042 I am_proc_died: [0,1606,com.android.managedprovisioning]
04-12 10:46:25.991   710  1218 I am_proc_start: [0,3797,10054,com.youku.phone:channel,service,com.youku.phone/com.alibaba.analytics.AnalyticsService]
04-12 10:46:26.070   710  1243 I am_proc_start: [0,3814,10054,com.youku.phone:SoUpgradeService,service,com.youku.phone/com.youku.libmanager.SoUpgradeService]
04-12 10:46:26.131   710   899 I am_proc_bound: [0,3797,com.youku.phone:channel]
04-12 10:46:26.219   710   727 I am_proc_bound: [0,3814,com.youku.phone:SoUpgradeService]
04-12 10:46:26.393  3249  3249 I auditd  : type=1400 audit(0.0:12): avc: denied { read } for comm="OnLineMonitor" name="mem" dev="debugfs" ino=15991 scontext=u:r:untrusted_app:s0 tcontext=u:object_r:debugfs:s0 tclass=file
04-12 10:46:26.393  3249  3249 I auditd  : type=1400 audit(0.0:13): avc: denied { read } for comm="OnLineMonitor" name="mem" dev="debugfs" ino=15991 scontext=u:r:untrusted_app:s0 tcontext=u:object_r:debugfs:s0 tclass=file
04-12 10:46:26.538  3176  3176 I am_on_resume_called: [0,com.youku.HomePageModule]
04-12 10:46:28.022   710   782 I am_activity_launch_time: [0,506988911,com.youku.phone/com.youku.ui.activity.HomePageActivity,6914,16646]
04-12 10:46:28.115   710  1042 I am_home_stack_moved: [0,0,1,1,intentActivityFound]
04-12 10:46:28.115   710  1042 I wm_task_moved: [4,1,0]
04-12 10:46:30.191   710  1218 I am_kill : [0,1680,com.android.onetimeinitializer,15,empty #17]
04-12 10:46:30.358   710  1042 I am_proc_died: [0,1680,com.android.onetimeinitializer]
04-12 10:46:31.433  3923  3923 I auditd  : type=1400 audit(0.0:14): avc: denied { getattr } for comm="NativeThread" path="/system/xbin/su" dev="mmcblk0p25" ino=1633 scontext=u:r:untrusted_app:s0 tcontext=u:object_r:su_exec:s0 tclass=file
04-12 10:46:31.623  3920  3920 I auditd  : type=1400 audit(0.0:15): avc: denied { getattr } for comm="oUpgradeService" path="/system/xbin/su" dev="mmcblk0p25" ino=1633 scontext=u:r:untrusted_app:s0 tcontext=u:object_r:su_exec:s0 tclass=file
04-12 10:46:31.743  3932  3932 I auditd  : type=1400 audit(0.0:16): avc: denied { getattr } for comm="KernelThread-2" path="/system/xbin/su" dev="mmcblk0p25" ino=1633 scontext=u:r:untrusted_app:s0 tcontext=u:object_r:su_exec:s0 tclass=file
04-12 10:46:31.958   710   776 I sync    : [com.youku.auth.provider,0,0,-1645982301]
04-12 10:46:32.026   710  1218 I am_proc_start: [0,4059,10019,com.android.browser,broadcast,com.android.browser/.AccountsChangedReceiver]
04-12 10:46:32.083  4047  4047 I auditd  : type=1400 audit(0.0:17): avc: denied { getattr } for comm="Thread-453" path="/system/xbin/su" dev="mmcblk0p25" ino=1633 scontext=u:r:untrusted_app:s0 tcontext=u:object_r:su_exec:s0 tclass=file
04-12 10:46:32.226   710  1134 I am_proc_bound: [0,4059,com.android.browser]
04-12 10:46:32.343  3932  3932 I auditd  : type=1400 audit(0.0:18): avc: denied { read } for comm="KernelThread-2" name="debuggerd" dev="mmcblk0p25" ino=171 scontext=u:r:untrusted_app:s0 tcontext=u:object_r:debuggerd_exec:s0 tclass=file
04-12 10:46:32.716   710   776 I sync    : [com.youku.auth.provider,1,0,-1645982301]
04-12 10:46:32.842   710   710 I notification_cancel: [1000,710,android,1266196461,NULL,0,0,0,8,NULL]
04-12 10:46:38.416   710   710 I notification_cancel: [10021,1727,com.android.calendar,0,NULL,0,0,64,8,NULL]
04-12 10:46:38.418   710   710 I notification_cancel: [10021,1727,com.android.calendar,1,NULL,0,0,64,8,NULL]
04-12 10:46:38.420   710   710 I notification_cancel: [10021,1727,com.android.calendar,2,NULL,0,0,64,8,NULL]
04-12 10:46:38.422   710   710 I notification_cancel: [10021,1727,com.android.calendar,3,NULL,0,0,64,8,NULL]
04-12 10:46:38.423   710   710 I notification_cancel: [10021,1727,com.android.calendar,4,NULL,0,0,64,8,NULL]
04-12 10:46:38.424   710   710 I notification_cancel: [10021,1727,com.android.calendar,5,NULL,0,0,64,8,NULL]
04-12 10:46:38.431   710   710 I notification_cancel: [10021,1727,com.android.calendar,6,NULL,0,0,64,8,NULL]
04-12 10:46:38.431   710   710 I notification_cancel: [10021,1727,com.android.calendar,7,NULL,0,0,64,8,NULL]
04-12 10:46:38.431   710   710 I notification_cancel: [10021,1727,com.android.calendar,8,NULL,0,0,64,8,NULL]
04-12 10:46:38.433   710   710 I notification_cancel: [10021,1727,com.android.calendar,9,NULL,0,0,64,8,NULL]
04-12 10:46:38.435   710   710 I notification_cancel: [10021,1727,com.android.calendar,10,NULL,0,0,64,8,NULL]
04-12 10:46:38.435   710   710 I notification_cancel: [10021,1727,com.android.calendar,11,NULL,0,0,64,8,NULL]
04-12 10:46:38.435   710   710 I notification_cancel: [10021,1727,com.android.calendar,12,NULL,0,0,64,8,NULL]
04-12 10:46:38.436   710   710 I notification_cancel: [10021,1727,com.android.calendar,13,NULL,0,0,64,8,NULL]
04-12 10:46:38.437   710   710 I notification_cancel: [10021,1727,com.android.calendar,14,NULL,0,0,64,8,NULL]
04-12 10:46:38.438   710   710 I notification_cancel: [10021,1727,com.android.calendar,15,NULL,0,0,64,8,NULL]
04-12 10:46:38.440   710   710 I notification_cancel: [10021,1727,com.android.calendar,16,NULL,0,0,64,8,NULL]
04-12 10:46:38.441   710   710 I notification_cancel: [10021,1727,com.android.calendar,17,NULL,0,0,64,8,NULL]
04-12 10:46:38.442   710   710 I notification_cancel: [10021,1727,com.android.calendar,18,NULL,0,0,64,8,NULL]
04-12 10:46:38.444   710   710 I notification_cancel: [10021,1727,com.android.calendar,19,NULL,0,0,64,8,NULL]
04-12 10:46:38.445   710   710 I notification_cancel: [10021,1727,com.android.calendar,20,NULL,0,0,64,8,NULL]
04-12 10:46:38.484   710   727 I am_kill : [0,878,com.android.settings,15,empty #17]
04-12 10:46:38.618   710  1269 I am_proc_died: [0,878,com.android.settings]
04-12 10:46:38.853  3249  3249 I auditd  : type=1400 audit(0.0:19): avc: denied { read } for comm="OnLineMonitor" name="mem" dev="debugfs" ino=15991 scontext=u:r:untrusted_app:s0 tcontext=u:object_r:debugfs:s0 tclass=file
04-12 10:46:38.853  3249  3249 I auditd  : type=1400 audit(0.0:20): avc: denied { read } for comm="OnLineMonitor" name="mem" dev="debugfs" ino=15991 scontext=u:r:untrusted_app:s0 tcontext=u:object_r:debugfs:s0 tclass=file
04-12 10:46:41.469   710   710 I notification_cancel: [10054,3797,com.youku.phone,1361926276,NULL,0,0,64,8,NULL]
04-12 10:46:41.485   710   710 I notification_enqueue: [10054,3797,com.youku.phone,1361926276,NULL,0,Notification(pri=2 contentView=null vibrate=default sound=default defaults=0xffffffff flags=0x11 color=0x00000000 vis=PRIVATE),0]
04-12 10:46:41.684   710   726 I notification_expansion: [0|com.youku.phone|1361926276|null|10054,0,1]
04-12 10:46:41.793   853   853 I sysui_heads_up_status: [0|com.youku.phone|1361926276|null|10054,1]
04-12 10:46:44.923  3249  3249 I auditd  : type=1400 audit(0.0:21): avc: denied { read } for comm="OnLineMonitor" name="mem" dev="debugfs" ino=15991 scontext=u:r:untrusted_app:s0 tcontext=u:object_r:debugfs:s0 tclass=file
04-12 10:46:44.923  3249  3249 I auditd  : type=1400 audit(0.0:22): avc: denied { read } for comm="OnLineMonitor" name="mem" dev="debugfs" ino=15991 scontext=u:r:untrusted_app:s0 tcontext=u:object_r:debugfs:s0 tclass=file
04-12 10:46:45.617   710  1218 I am_home_stack_moved: [0,0,1,1,sourceStackToFront]
04-12 10:46:45.618   710  1218 I wm_task_moved: [4,1,0]
04-12 10:46:45.623   710  1218 I am_create_activity: [0,674612955,4,com.youku.phone/com.youku.ui.activity.DetailActivity,NULL,NULL,NULL,0]
04-12 10:46:45.626   710  1218 I am_pause_activity: [0,506988911,com.youku.phone/com.youku.ui.activity.HomePageActivity]
04-12 10:46:45.630   710  1218 I am_home_stack_moved: [0,0,1,1,startedActivity setFocusedActivity]
04-12 10:46:45.634   710  1218 I am_focused_activity: [0,com.youku.phone/com.youku.ui.activity.DetailActivity]
04-12 10:46:45.720  3176  3176 I am_on_paused_called: [0,com.youku.HomePageModule]
04-12 10:46:45.723  3176  3176 I am_on_paused_called: [0,com.youku.ui.activity.HomePageActivity]
04-12 10:46:45.730   710  1115 I am_restart_activity: [0,674612955,4,com.youku.phone/com.youku.ui.activity.DetailActivity]
04-12 10:46:46.003  3249  3249 I auditd  : type=1400 audit(0.0:23): avc: denied { read } for comm="OnLineMonitor" name="mem" dev="debugfs" ino=15991 scontext=u:r:untrusted_app:s0 tcontext=u:object_r:debugfs:s0 tclass=file
04-12 10:46:46.003  3249  3249 I auditd  : type=1400 audit(0.0:24): avc: denied { read } for comm="OnLineMonitor" name="mem" dev="debugfs" ino=15991 scontext=u:r:untrusted_app:s0 tcontext=u:object_r:debugfs:s0 tclass=file
04-12 10:46:46.984   710  1218 I am_proc_start: [0,4554,10054,com.youku.phone:LockPlayService,service,com.youku.phone/com.youku.player.lock.LockPlayService]
04-12 10:46:47.099   710  1115 I am_proc_bound: [0,4554,com.youku.phone:LockPlayService]
04-12 10:46:48.719   710   710 I notification_cancel: [10054,3176,com.youku.phone,11250603,NULL,0,0,64,8,NULL]
04-12 10:46:48.797  3176  3176 I am_on_resume_called: [0,com.youku.ui.activity.DetailActivity]
04-12 10:46:49.991   710   782 I am_activity_launch_time: [0,674612955,com.youku.phone/com.youku.ui.activity.DetailActivity,4264,4264]
04-12 10:46:50.507   177   177 I sf_frame_dur: [com.youku.phone/com.youku.ui.activity.HomePageActivity,526,23,6,8,4,4,2]
04-12 10:46:51.866   710  1134 I notification_expansion: [0|com.youku.phone|1361926276|null|10054,0,1]
04-12 10:46:51.868   710  1269 I notification_expansion: [-1|android|17040644|null|1000,0,0]
04-12 10:46:51.885   853   853 I sysui_heads_up_status: [,0]
04-12 10:46:51.963  4667  4667 I auditd  : type=1400 audit(0.0:25): avc: denied { getattr } for comm="ACCS0" path="/system/xbin/su" dev="mmcblk0p25" ino=1633 scontext=u:r:untrusted_app:s0 tcontext=u:object_r:su_exec:s0 tclass=file
04-12 10:46:52.176   177   177 I sf_frame_dur: [Heads Up,1,0,0,0,0,0,0]
04-12 10:46:52.399   710   809 I netstats_mobile_sample: [0,0,0,0,0,0,0,0,0,0,0,0,1491965212400]
04-12 10:46:52.401   710   809 I netstats_wifi_sample: [1963652,2180,186025,1906,1962952,2180,159511,1906,1955512,2175,159029,1902,1491965212400]
04-12 10:46:54.669   710   809 I netstats_mobile_sample: [0,0,0,0,0,0,0,0,0,0,0,0,1491965214670]
04-12 10:46:54.670   710   809 I netstats_wifi_sample: [4153059,3711,239679,2783,4147781,3708,199463,2780,4131413,3697,198781,2771,1491965214670]
04-12 10:46:55.174   853   853 I sysui_panelholder_touch: [0,667,67]
04-12 10:46:55.202   710   726 I notification_panel_revealed: []
04-12 10:46:55.240   710  1042 I notification_visibility_changed: [0|com.youku.phone|1361926276|null|10054;-1|android|17040644|null|1000;-1|android|17040636|null|1000,]
04-12 10:46:55.255   710   726 I notification_visibility_changed: [,-1|android|17040644|null|1000;0|com.youku.phone|1361926276|null|10054;-1|android|17040636|null|1000]
04-12 10:46:55.257   710  1218 I notification_panel_hidden: []
04-12 10:46:56.543  3249  3249 I auditd  : type=1400 audit(0.0:26): avc: denied { read } for comm="OnLineMonitor" name="mem" dev="debugfs" ino=15991 scontext=u:r:untrusted_app:s0 tcontext=u:object_r:debugfs:s0 tclass=file
04-12 10:46:56.543  3249  3249 I auditd  : type=1400 audit(0.0:27): avc: denied { read } for comm="OnLineMonitor" name="mem" dev="debugfs" ino=15991 scontext=u:r:untrusted_app:s0 tcontext=u:object_r:debugfs:s0 tclass=file
04-12 10:47:01.823   710  1243 I am_home_stack_moved: [0,0,1,1,intentActivityFound]
04-12 10:47:01.823   710  1243 I wm_task_moved: [4,1,0]
04-12 10:47:02.583  3249  3249 I auditd  : type=1400 audit(0.0:28): avc: denied { read } for comm="OnLineMonitor" name="mem" dev="debugfs" ino=15991 scontext=u:r:untrusted_app:s0 tcontext=u:object_r:debugfs:s0 tclass=file
04-12 10:47:02.583  3249  3249 I auditd  : type=1400 audit(0.0:29): avc: denied { read } for comm="OnLineMonitor" name="mem" dev="debugfs" ino=15991 scontext=u:r:untrusted_app:s0 tcontext=u:object_r:debugfs:s0 tclass=file
04-12 10:47:04.478   710   710 I free_storage_changed: 13127245824
04-12 10:47:09.043  3249  3249 I auditd  : type=1400 audit(0.0:30): avc: denied { read } for comm="OnLineMonitor" name="mem" dev="debugfs" ino=15991 scontext=u:r:untrusted_app:s0 tcontext=u:object_r:debugfs:s0 tclass=file
04-12 10:47:09.043  3249  3249 I auditd  : type=1400 audit(0.0:31): avc: denied { read } for comm="OnLineMonitor" name="mem" dev="debugfs" ino=15991 scontext=u:r:untrusted_app:s0 tcontext=u:object_r:debugfs:s0 tclass=file
04-12 10:47:13.039   710  1243 I am_home_stack_moved: [0,0,1,1,intentActivityFound]
04-12 10:47:13.039   710  1243 I wm_task_moved: [4,1,0]
04-12 10:47:18.030   177   177 I sf_frame_dur: [com.youku.phone/com.youku.ui.activity.DetailActivity,0,8,2,3,24,8,1]
04-12 10:47:20.695   710  1243 I am_proc_start: [0,6152,10046,com.android.printspooler,service,com.android.printspooler/.model.PrintSpoolerService]
04-12 10:47:21.032   710   899 I am_proc_bound: [0,6152,com.android.printspooler]
04-12 10:47:22.963   710   809 I netstats_mobile_sample: [0,0,0,0,0,0,0,0,0,0,0,0,1491965242963]
04-12 10:47:22.964   710   809 I netstats_wifi_sample: [6289512,5255,307222,3774,6288510,5255,254450,3774,6288510,5255,254048,3772,1491965242963]
04-12 10:47:25.576   177   177 I sf_frame_dur: [InputMethod,3,1,1,0,0,2,9]
04-12 10:47:26.616  3176  3176 I menu_opened: 0
04-12 10:47:33.066   710   899 I am_home_stack_moved: [0,0,1,1,sourceStackToFront]
04-12 10:47:33.066   710   899 I wm_task_moved: [4,1,0]
04-12 10:47:33.074   710   899 I am_create_activity: [0,421474611,4,com.youku.phone/com.youku.ui.activity.WebViewActivity,com.youku.action.YoukuWebview,NULL,NULL,0]
04-12 10:47:33.076   710   899 I am_pause_activity: [0,674612955,com.youku.phone/com.youku.ui.activity.DetailActivity]
04-12 10:47:33.079   710   899 I am_home_stack_moved: [0,0,1,1,startedActivity setFocusedActivity]
04-12 10:47:33.081   710   899 I am_focused_activity: [0,com.youku.phone/com.youku.ui.activity.WebViewActivity]
04-12 10:47:33.296  3176  3176 I am_on_paused_called: [0,com.youku.ui.activity.DetailActivity]
04-12 10:47:33.300   710  6844 I am_restart_activity: [0,421474611,4,com.youku.phone/com.youku.ui.activity.WebViewActivity]
04-12 10:47:33.370   177   177 I sf_frame_dur: [com.youku.phone/com.youku.ui.activity.DetailActivity,4,2,0,0,0,0,0]
04-12 10:47:33.785  3176  3176 I am_on_resume_called: [0,com.youku.ui.activity.WebViewActivity]
04-12 10:47:34.138   710   782 I am_activity_launch_time: [0,421474611,com.youku.phone/com.youku.ui.activity.WebViewActivity,841,841]
04-12 10:47:34.172   177   177 I sf_frame_dur: [SurfaceView,202,465,146,21,4,1,1]
04-12 10:47:34.222   177   177 I sf_frame_dur: [com.youku.phone/com.youku.ui.activity.DetailActivity,37,9,15,18,49,24,3]
04-12 10:47:34.303  3249  3249 I auditd  : type=1400 audit(0.0:32): avc: denied { read } for comm="OnLineMonitor" name="mem" dev="debugfs" ino=15991 scontext=u:r:untrusted_app:s0 tcontext=u:object_r:debugfs:s0 tclass=file
04-12 10:47:34.313  3249  3249 I auditd  : type=1400 audit(0.0:33): avc: denied { read } for comm="OnLineMonitor" name="mem" dev="debugfs" ino=15991 scontext=u:r:untrusted_app:s0 tcontext=u:object_r:debugfs:s0 tclass=file
