08-08 01:27:16.699  1137  1137 D ProxyController: setRadioCapability: mSetRadioAccessFamilyStatus[0]=0
08-08 01:27:16.699  1137  1137 D ProxyController: clearTransaction
08-08 01:27:16.700  1137  1137 D ProxyController: clearTransaction: phoneId=0 status=IDLE
08-08 01:27:16.702  1137  1137 D ProxyController: setRadioCapability: new request session id=367471871
08-08 01:27:16.702  1137  1137 D ProxyController: setRadioCapability: phoneId=0 status=STARTING
08-08 01:27:16.702  1137  1137 D ProxyController: setRadioCapability: mOldRadioAccessFamily[0]=1
08-08 01:27:16.703  1137  1137 D ProxyController: setRadioCapability: mNewRadioAccessFamily[0]=65544
08-08 01:27:16.703  1137  1137 D RILJ    : [3716]> RIL_REQUEST_SET_RADIO_CAPABILITY {mPhoneId = 0 mVersion=1 mSession=367471871 mPhase=1 mRadioAccessFamily=1 mLogicModemId=0 mStatus=0} [SUB0]
08-08 01:27:16.705  1137  1137 D SubscriptionController: [updateAllDataConnectionTrackers] sProxyPhones.length=1
08-08 01:27:16.705   192   254 D RILC    : RequestComplete, RIL_SOCKET_1
08-08 01:27:16.705   192   254 E RILC    : Send Response to RIL_SOCKET_1
08-08 01:27:16.706  1137  1281 D RilRequest: [3716]< RIL_REQUEST_SET_RADIO_CAPABILITY error: com.android.internal.telephony.CommandException: GENERIC_FAILURE ret=
08-08 01:27:16.707  1137  1137 D SubscriptionController: [updateAllDataConnectionTrackers] phoneId=0
08-08 01:27:16.710  1137  1137 D PhoneProxy: [PhoneProxy] Updating Data Connection Tracker
08-08 01:27:16.710  1137  1137 D DCT     : [0]update sub = 1
08-08 01:27:16.710  1137  1137 D DCT     : [0]update(): Active DDS, register for all events now!
08-08 01:27:16.710  1137  1137 D GsmSST  : [GsmSST] notifyDataRegStateRilRadioTechnologyChanged: drs=1 rat=0
08-08 01:27:16.711  1137  1137 D TelephonyManager: setTelephonyProperty: success phoneId=0 property=gsm.network.type value: Unknown propVal=Unknown
08-08 01:27:16.712  1137  1137 D DCT     : [0]getDataEnabled: getIntWithSubId retVal=true
08-08 01:27:16.712  1137  1137 D GSMPhone: [GSMPhone] updateCurrentCarrierInProvider: mSubId = 1 currentDds = 1 operatorNumeric = 46001
08-08 01:27:16.736   192   273 I RILQ    : (0/192):RIL[0][event] qcril_arb_set_data_sys_status: recvd data_sys_status nw=0x0, rat_mask=0x8000, so_mask=0x0
08-08 01:27:16.736   192   273 I RILQ    : (0/192):RIL[0][event] qcril_arb_set_data_sys_status: recvd data_sys_status nw=0x1, rat_mask=0x0, so_mask=0x0
08-08 01:27:16.736   192   273 I RILQ    : (0/192):RIL[0][event] qcril_qmi_nas_update_data_rte: completed, new drte 0 with confidence 4
08-08 01:27:16.737   192   273 I RILC    : RIL_SOCKET_1 UNSOLICITED: UNSOL_RESPONSE_VOICE_NETWORK_STATE_CHANGED length:8
08-08 01:27:16.737   192   273 E RILC    : Send Response to RIL_SOCKET_1
08-08 01:27:16.737  1137  1281 D RILJ    : [UNSL]< UNSOL_RESPONSE_VOICE_NETWORK_STATE_CHANGED [SUB0]
08-08 01:27:16.737   192   273 I RILC    : RIL_SOCKET_1 UNSOLICITED: UNSOL_SIGNAL_STRENGTH length:60
08-08 01:27:16.737   192   273 E RILC    : Send Response to RIL_SOCKET_1
08-08 01:27:16.758  1137  1137 D SubscriptionController: [broadcastDefaultDataSubIdChanged] subId=1
08-08 01:27:16.762  1137  1137 D SubscriptionController: [setDefaultSmsSubId] subId=1
08-08 01:27:16.766  1137  1137 D SubscriptionController: [broadcastDefaultSmsSubIdChanged] subId=1
08-08 01:27:16.769  1137  1137 D SubscriptionController: [setDefaultVoiceSubId] subId=1
08-08 01:27:16.773  1137  1137 D SubscriptionController: [broadcastDefaultVoiceSubIdChanged] subId=1
08-08 01:27:16.777  1137  1137 D SubscriptionController: [addSubInfoRecord] hashmap(0,1)
08-08 01:27:16.782  1137  1137 D SubscriptionController: [updateAllDataConnectionTrackers] sProxyPhones.length=1
08-08 01:27:16.785  1137  1137 D SubscriptionController: [updateAllDataConnectionTrackers] phoneId=0
08-08 01:27:16.788  1137  1137 D PhoneProxy: [PhoneProxy] Updating Data Connection Tracker
08-08 01:27:16.788  1137  1137 D DCT     : [0]update sub = 1
08-08 01:27:16.789  1137  1137 D DCT     : [0]update(): Active DDS, register for all events now!
08-08 01:27:16.789  1137  1137 D GsmSST  : [GsmSST] notifyDataRegStateRilRadioTechnologyChanged: drs=1 rat=0
08-08 01:27:16.790  1137  1137 D TelephonyManager: setTelephonyProperty: success phoneId=0 property=gsm.network.type value: Unknown propVal=Unknown
08-08 01:27:16.790  1137  1137 D DCT     : [0]getDataEnabled: getIntWithSubId retVal=true
08-08 01:27:16.791  1137  1137 D GSMPhone: [GSMPhone] updateCurrentCarrierInProvider: mSubId = 1 currentDds = 1 operatorNumeric = 46001
08-08 01:27:16.838  1137  1137 D SubscriptionController: [addSubInfoRecord]- info size=1
08-08 01:27:16.839   192   663 I RILQ    : (0/192):RIL[0][qmi_cb] qcril_qmi_nas_update_data_rte: completed, new drte 0 with confidence 4
08-08 01:27:16.841   192   663 I RILC    : RIL_SOCKET_1 UNSOLICITED: UNSOL_RESPONSE_VOICE_NETWORK_STATE_CHANGED length:8
08-08 01:27:16.841   192   663 E RILC    : Send Response to RIL_SOCKET_1
08-08 01:27:16.842  1137  1137 D SubscriptionInfoUpdater: newSim = false
08-08 01:27:16.842  1137  1281 D RILJ    : [UNSL]< UNSOL_RESPONSE_VOICE_NETWORK_STATE_CHANGED [SUB0]
08-08 01:27:16.842  1137  1137 D SubscriptionInfoUpdater: updateSubscriptionInfoByIccId: sInsertSimState[0] = 0
08-08 01:27:16.843   192   663 I RILC    : RIL_SOCKET_1 UNSOLICITED: UNSOL_RESPONSE_VOICE_NETWORK_STATE_CHANGED length:8
08-08 01:27:16.843   192   663 E RILC    : Send Response to RIL_SOCKET_1
08-08 01:27:16.843  1137  1281 D RILJ    : [UNSL]< UNSOL_RESPONSE_VOICE_NETWORK_STATE_CHANGED [SUB0]
08-08 01:27:16.844  1137  1137 D SubscriptionController: [getActiveSubInfoList]+
08-08 01:27:16.844   192   663 I RILQ    : (0/192):RIL[0][qmi_cb] qcril_qmi_nas_update_data_rte: completed, new drte 0 with confidence 4
08-08 01:27:16.845   192   663 I RILC    : RIL_SOCKET_1 UNSOLICITED: UNSOL_RESPONSE_VOICE_NETWORK_STATE_CHANGED length:8
08-08 01:27:16.845   192   663 E RILC    : Send Response to RIL_SOCKET_1
08-08 01:27:16.846  1137  1281 D RILJ    : [UNSL]< UNSOL_RESPONSE_VOICE_NETWORK_STATE_CHANGED [SUB0]
08-08 01:27:16.847  1137  1137 D SubscriptionController: selection:sim_id>=0 null
08-08 01:27:16.870  1137  1180 D SubscriptionController: [getActiveSubInfoList]+
08-08 01:27:16.873  1137  1180 D SubscriptionController: selection:sim_id>=0 null
08-08 01:27:16.873  1137  1137 D TelephonyManager: getTelephonyProperty: return propVal='cn' phoneId=0 property='gsm.sim.operator.iso-country' defaultVal='' prop=cn
08-08 01:27:16.874  1137  1137 D SubscriptionController: [getSubInfoRecord] id:1 iccid:89860115921101579076 simSlotIndex:0 displayName:CARD 1 nameSource:0 iconTint:-16746133 dataRoaming:0 mcc:460 mnc:1 countIso:cn
08-08 01:27:16.875  1137  1137 D PhoneFactory: getPhone:- phoneId != DEFAULT_PHONE_ID return sProxyPhones[phoneId] phoneId=0 phone=Handler (com.android.internal.telephony.PhoneProxy) {337c25da}
08-08 01:27:16.880  1137  1137 D SubscriptionController: [getActiveSubInfoList]- 1 infos return
08-08 01:27:16.884  1137  1137 D SubscriptionInfoUpdater: updateSubscriptionInfoByIccId: nSubCount = 1
08-08 01:27:16.885  1137  1137 D PhoneFactory: getPhone:- phoneId != DEFAULT_PHONE_ID return sProxyPhones[phoneId] phoneId=0 phone=Handler (com.android.internal.telephony.PhoneProxy) {337c25da}
08-08 01:27:16.886  1137  1180 D TelephonyManager: getTelephonyProperty: return propVal='cn' phoneId=0 property='gsm.sim.operator.iso-country' defaultVal='' prop=cn
08-08 01:27:16.887  1137  1180 D SubscriptionController: [getSubInfoRecord] id:1 iccid:89860115921101579076 simSlotIndex:0 displayName:CARD 1 nameSource:0 iconTint:-16746133 dataRoaming:0 mcc:460 mnc:1 countIso:cn
08-08 01:27:16.888  1137  1180 D PhoneFactory: getPhone:- phoneId != DEFAULT_PHONE_ID return sProxyPhones[phoneId] phoneId=0 phone=Handler (com.android.internal.telephony.PhoneProxy) {337c25da}
08-08 01:27:16.891  1137  1180 D SubscriptionController: [getActiveSubInfoList]- 1 infos return
08-08 01:27:16.913  1137  1137 D SubscriptionController: notifySubscriptionInfoChanged:
08-08 01:27:16.915   710   710 D TelephonyManager: getSimOperatorNumeric(): default subId=1
08-08 01:27:16.917  1137  1137 D SubscriptionInfoUpdater: updateSubscriptionInfoByIccId:- SsubscriptionInfo update complete
08-08 01:27:16.918   710   710 D TelephonyManager: getTelephonyProperty: return propVal='46001' phoneId=0 property='gsm.sim.operator.numeric' defaultVal='' prop=46001
08-08 01:27:16.918  1137  1137 D TelephonyManager: getSimOperatorNumeric(): default subId=1
08-08 01:27:16.919  1137  1137 D TelephonyManager: getTelephonyProperty: return propVal='46001' phoneId=0 property='gsm.sim.operator.numeric' defaultVal='' prop=46001
08-08 01:27:16.925  1137  1137 D SubscriptionController: [setMccMnc]+ mcc/mnc:460/1 subId:1
08-08 01:27:16.940  1137  1137 D SubscriptionController: notifySubscriptionInfoChanged:
08-08 01:27:16.945  1137  1137 D PhoneFactory: getPhone:- phoneId != DEFAULT_PHONE_ID return sProxyPhones[phoneId] phoneId=0 phone=Handler (com.android.internal.telephony.PhoneProxy) {337c25da}
08-08 01:27:16.946  1137  1179 D SubscriptionController: [getActiveSubInfoList]+
08-08 01:27:16.948  1137  1179 D SubscriptionController: selection:sim_id>=0 null
08-08 01:27:16.964  1137  1137 D SubscriptionController: [getActiveSubInfoList]+
08-08 01:27:16.967  1137  1137 D SubscriptionController: selection:sim_id>=0 null
08-08 01:27:16.968  1137  1179 D TelephonyManager: getTelephonyProperty: return propVal='cn' phoneId=0 property='gsm.sim.operator.iso-country' defaultVal='' prop=cn
08-08 01:27:16.968  1137  1179 D SubscriptionController: [getSubInfoRecord] id:1 iccid:89860115921101579076 simSlotIndex:0 displayName:CARD 1 nameSource:0 iconTint:-16746133 dataRoaming:0 mcc:460 mnc:1 countIso:cn
08-08 01:27:16.969  1137  1179 D PhoneFactory: getPhone:- phoneId != DEFAULT_PHONE_ID return sProxyPhones[phoneId] phoneId=0 phone=Handler (com.android.internal.telephony.PhoneProxy) {337c25da}
08-08 01:27:16.973   710   710 D TelephonyManager: getSimOperatorNumeric(): default subId=1
08-08 01:27:16.973  1137  1179 D SubscriptionController: [getActiveSubInfoList]- 1 infos return
08-08 01:27:16.974   710   710 D TelephonyManager: getTelephonyProperty: return propVal='46001' phoneId=0 property='gsm.sim.operator.numeric' defaultVal='' prop=46001
08-08 01:27:16.975  1137  1137 D TelephonyManager: getTelephonyProperty: return propVal='cn' phoneId=0 property='gsm.sim.operator.iso-country' defaultVal='' prop=cn
08-08 01:27:16.976  1137  1137 D SubscriptionController: [getSubInfoRecord] id:1 iccid:89860115921101579076 simSlotIndex:0 displayName:CARD 1 nameSource:0 iconTint:-16746133 dataRoaming:0 mcc:460 mnc:1 countIso:cn
08-08 01:27:16.977  1137  1137 D PhoneFactory: getPhone:- phoneId != DEFAULT_PHONE_ID return sProxyPhones[phoneId] phoneId=0 phone=Handler (com.android.internal.telephony.PhoneProxy) {337c25da}
08-08 01:27:16.981  1137  1137 D SubscriptionController: [getActiveSubInfoList]- 1 infos return
08-08 01:27:16.985  1137  1137 D SubscriptionController: [getActiveSubInfoForSubscriber]+ subId=1 subInfo={id=1, iccId=89860115921101579076 simSlotIndex=0 displayName=CARD 1 carrierName=Emergency calls only nameSource=0 iconTint=-16746133 dataRoaming=0 iconBitmap=android.graphics.Bitmap@3acb53db mcc 460 mnc 1}
08-08 01:27:16.986  1137  1458 D SubscriptionController: [getActiveSubInfoList]+
08-08 01:27:16.986  1137  1137 D TelephonyManager: getTelephonyProperty: return propVal='null' phoneId=0 property='gsm.sim.operator.alpha' defaultVal='' prop=
08-08 01:27:16.986  1137  1137 D SubscriptionInfoUpdater: sim name = CARD 1
08-08 01:27:16.988  1137  1458 D SubscriptionController: selection:sim_id>=0 null
08-08 01:27:17.000  1137  1137 D SubscriptionInfoUpdater: Broadcasting intent ACTION_SIM_STATE_CHANGED LOADED reason null for mCardIndex : 0
08-08 01:27:17.006   710   776 D TelephonyManager: getSimOperatorNumeric(): default subId=1
08-08 01:27:17.007   710   776 D TelephonyManager: getTelephonyProperty: return propVal='46001' phoneId=0 property='gsm.sim.operator.numeric' defaultVal='' prop=46001
08-08 01:27:17.010  1137  1458 D TelephonyManager: getTelephonyProperty: return propVal='cn' phoneId=0 property='gsm.sim.operator.iso-country' defaultVal='' prop=cn
08-08 01:27:17.011  1137  1458 D SubscriptionController: [getSubInfoRecord] id:1 iccid:89860115921101579076 simSlotIndex:0 displayName:CARD 1 nameSource:0 iconTint:-16746133 dataRoaming:0 mcc:460 mnc:1 countIso:cn
08-08 01:27:17.012  1137  1458 D PhoneFactory: getPhone:- phoneId != DEFAULT_PHONE_ID return sProxyPhones[phoneId] phoneId=0 phone=Handler (com.android.internal.telephony.PhoneProxy) {337c25da}
08-08 01:27:17.016  1137  1458 D SubscriptionController: [getActiveSubInfoList]- 1 infos return
08-08 01:27:17.026  1137  1179 D SubscriptionController: [getActiveSubInfoList]+
08-08 01:27:17.026  1137  1137 D ProxyController: handleMessage msg.what=2
08-08 01:27:17.027  1137  1137 D ProxyController: onStartRadioCapabilityResponse: Ignore session=367471871 rc=null
08-08 01:27:17.027  1137  1137 D DCT     : [0]handleMessage msg={ when=-317ms what=270337 obj=android.os.AsyncResult@8493951 target=com.android.internal.telephony.dataconnection.DcTracker }
08-08 01:27:17.028  1137  1137 D DCT     : [0]onRadioAvailable
08-08 01:27:17.028  1137  1137 D DCT     : [0]isDataAllowed getRecordsLoaded=true
08-08 01:27:17.029  1137  1179 D SubscriptionController: selection:sim_id>=0 null
08-08 01:27:17.029  1137  1137 D DCT     : [0]isDataAllowed: not allowed due to - Attached= false
08-08 01:27:17.029  1137  1137 D DCT     : [ApnContext:default] getApnSetting: apnSetting=null
08-08 01:27:17.030  1137  1137 D PhoneFactory: getPhone:- phoneId != DEFAULT_PHONE_ID return sProxyPhones[phoneId] phoneId=0 phone=Handler (com.android.internal.telephony.PhoneProxy) {337c25da}
08-08 01:27:17.038  1137  1137 D DCT     : [0]isDataAllowed getRecordsLoaded=true
08-08 01:27:17.040  1137  1137 D DCT     : [0]isDataAllowed: not allowed due to - Attached= false
08-08 01:27:17.041  1137  1137 D DCT     : [ApnContext:mms] getApnSetting: apnSetting=null
08-08 01:27:17.041  1137  1137 D PhoneFactory: getPhone:- phoneId != DEFAULT_PHONE_ID return sProxyPhones[phoneId] phoneId=0 phone=Handler (com.android.internal.telephony.PhoneProxy) {337c25da}
08-08 01:27:17.048  1137  1137 D DCT     : [0]isDataAllowed getRecordsLoaded=true
08-08 01:27:17.048  1137  1179 D TelephonyManager: getTelephonyProperty: return propVal='cn' phoneId=0 property='gsm.sim.operator.iso-country' defaultVal='' prop=cn
08-08 01:27:17.048  1137  1137 D DCT     : [0]isDataAllowed: not allowed due to - Attached= false
08-08 01:27:17.048  1137  1179 D SubscriptionController: [getSubInfoRecord] id:1 iccid:89860115921101579076 simSlotIndex:0 displayName:CARD 1 nameSource:0 iconTint:-16746133 dataRoaming:0 mcc:460 mnc:1 countIso:cn
08-08 01:27:17.048  1137  1137 D DCT     : [ApnContext:cbs] getApnSetting: apnSetting=null
08-08 01:27:17.049  1137  1137 D PhoneFactory: getPhone:- phoneId != DEFAULT_PHONE_ID return sProxyPhones[phoneId] phoneId=0 phone=Handler (com.android.internal.telephony.PhoneProxy) {337c25da}
08-08 01:27:17.050  1137  1179 D PhoneFactory: getPhone:- phoneId != DEFAULT_PHONE_ID return sProxyPhones[phoneId] phoneId=0 phone=Handler (com.android.internal.telephony.PhoneProxy) {337c25da}
08-08 01:27:17.053  1137  1137 D DCT     : [0]isDataAllowed getRecordsLoaded=true
08-08 01:27:17.054  1137  1137 D DCT     : [0]isDataAllowed: not allowed due to - Attached= false
08-08 01:27:17.054  1137  1137 D DCT     : [ApnContext:fota] getApnSetting: apnSetting=null
08-08 01:27:17.055  1137  1179 D SubscriptionController: [getActiveSubInfoList]- 1 infos return
08-08 01:27:17.058  1137  1137 D PhoneFactory: getPhone:- phoneId != DEFAULT_PHONE_ID return sProxyPhones[phoneId] phoneId=0 phone=Handler (com.android.internal.telephony.PhoneProxy) {337c25da}
08-08 01:27:17.061  1137  1137 D DCT     : [0]isDataAllowed getRecordsLoaded=true
08-08 01:27:17.062  1137  1137 D DCT     : [0]isDataAllowed: not allowed due to - Attached= false
08-08 01:27:17.062  1137  1137 D DCT     : [ApnContext:supl] getApnSetting: apnSetting=null
08-08 01:27:17.063  1137  1137 D PhoneFactory: getPhone:- phoneId != DEFAULT_PHONE_ID return sProxyPhones[phoneId] phoneId=0 phone=Handler (com.android.internal.telephony.PhoneProxy) {337c25da}
08-08 01:27:17.067  1137  1137 D DCT     : [0]isDataAllowed getRecordsLoaded=true
08-08 01:27:17.067  1137  1137 D DCT     : [0]isDataAllowed: not allowed due to - Attached= false
08-08 01:27:17.068  1137  1137 D DCT     : [ApnContext:ia] getApnSetting: apnSetting=null
08-08 01:27:17.068  1137  1137 D PhoneFactory: getPhone:- phoneId != DEFAULT_PHONE_ID return sProxyPhones[phoneId] phoneId=0 phone=Handler (com.android.internal.telephony.PhoneProxy) {337c25da}
08-08 01:27:17.072  1137  1137 D DCT     : [0]isDataAllowed getRecordsLoaded=true
08-08 01:27:17.073  1137  1137 D DCT     : [0]isDataAllowed: not allowed due to - Attached= false
08-08 01:27:17.073  1137  1137 D DCT     : [ApnContext:dun] getApnSetting: apnSetting=null
08-08 01:27:17.073  1137  1137 D PhoneFactory: getPhone:- phoneId != DEFAULT_PHONE_ID return sProxyPhones[phoneId] phoneId=0 phone=Handler (com.android.internal.telephony.PhoneProxy) {337c25da}
08-08 01:27:17.077  1137  1137 D DCT     : [0]isDataAllowed getRecordsLoaded=true
08-08 01:27:17.078  1137  1137 D DCT     : [0]isDataAllowed: not allowed due to - Attached= false
08-08 01:27:17.078  1137  1137 D DCT     : [ApnContext:hipri] getApnSetting: apnSetting=null
08-08 01:27:17.079  1137  1137 D PhoneFactory: getPhone:- phoneId != DEFAULT_PHONE_ID return sProxyPhones[phoneId] phoneId=0 phone=Handler (com.android.internal.telephony.PhoneProxy) {337c25da}
08-08 01:27:17.083  1137  1137 D DCT     : [0]isDataAllowed getRecordsLoaded=true
08-08 01:27:17.083  1137  1137 D DCT     : [0]isDataAllowed: not allowed due to - Attached= false
08-08 01:27:17.084  1137  1137 D DCT     : [ApnContext:ims] getApnSetting: apnSetting=null
08-08 01:27:17.084  1137  1137 D PhoneFactory: getPhone:- phoneId != DEFAULT_PHONE_ID return sProxyPhones[phoneId] phoneId=0 phone=Handler (com.android.internal.telephony.PhoneProxy) {337c25da}
08-08 01:27:17.089  1137  1137 D DCT     : [0]overall state is IDLE
08-08 01:27:17.089  1137  1137 D DCT     : [0]handleMessage msg={ when=-379ms what=270345 obj=android.os.AsyncResult@2da152b7 target=com.android.internal.telephony.dataconnection.DcTracker }
08-08 01:27:17.089  1137  1137 D DCT     : [0]onDataConnectionDetached: stop polling and notify detached
08-08 01:27:17.090  1137  1137 D DCT     : [0]stopNetStatPoll
08-08 01:27:17.091  1137  1137 D DCT     : [0]stopDataStallAlarm: current tag=23088 mDataStallAlarmIntent=null
08-08 01:27:17.091  1137  1137 D DCT     : [0]notifyDataConnection: reason=dataDetached
08-08 01:27:17.092  1137  1137 D DCT     : [0]isDataAllowed getRecordsLoaded=true
08-08 01:27:17.093  1137  1137 D DCT     : [0]isDataAllowed: not allowed due to - Attached= false
08-08 01:27:17.093  1137  1137 D DCT     : [ApnContext:default] getApnSetting: apnSetting=null
08-08 01:27:17.094  1137  1137 D PhoneFactory: getPhone:- phoneId != DEFAULT_PHONE_ID return sProxyPhones[phoneId] phoneId=0 phone=Handler (com.android.internal.telephony.PhoneProxy) {337c25da}
08-08 01:27:17.098  1137  1137 D DCT     : [0]isDataAllowed getRecordsLoaded=true
08-08 01:27:17.099  1137  1137 D DCT     : [0]isDataAllowed: not allowed due to - Attached= false
08-08 01:27:17.099  1137  1137 D DCT     : [ApnContext:mms] getApnSetting: apnSetting=null
08-08 01:27:17.099  1137  1137 D PhoneFactory: getPhone:- phoneId != DEFAULT_PHONE_ID return sProxyPhones[phoneId] phoneId=0 phone=Handler (com.android.internal.telephony.PhoneProxy) {337c25da}
08-08 01:27:17.104  1137  1137 D DCT     : [0]isDataAllowed getRecordsLoaded=true
08-08 01:27:17.104  1137  1137 D DCT     : [0]isDataAllowed: not allowed due to - Attached= false
08-08 01:27:17.104  1137  1137 D DCT     : [ApnContext:cbs] getApnSetting: apnSetting=null
08-08 01:27:17.105  1137  1137 D PhoneFactory: getPhone:- phoneId != DEFAULT_PHONE_ID return sProxyPhones[phoneId] phoneId=0 phone=Handler (com.android.internal.telephony.PhoneProxy) {337c25da}
08-08 01:27:17.110  1137  1137 D DCT     : [0]isDataAllowed getRecordsLoaded=true
08-08 01:27:17.110  1137  1137 D DCT     : [0]isDataAllowed: not allowed due to - Attached= false
08-08 01:27:17.110  1137  1137 D DCT     : [ApnContext:fota] getApnSetting: apnSetting=null
08-08 01:27:17.111  1137  1137 D PhoneFactory: getPhone:- phoneId != DEFAULT_PHONE_ID return sProxyPhones[phoneId] phoneId=0 phone=Handler (com.android.internal.telephony.PhoneProxy) {337c25da}
08-08 01:27:17.116  1137  1137 D DCT     : [0]isDataAllowed getRecordsLoaded=true
08-08 01:27:17.116  1137  1137 D DCT     : [0]isDataAllowed: not allowed due to - Attached= false
08-08 01:27:17.117  1137  1137 D DCT     : [ApnContext:supl] getApnSetting: apnSetting=null
08-08 01:27:17.118  1137  1137 D PhoneFactory: getPhone:- phoneId != DEFAULT_PHONE_ID return sProxyPhones[phoneId] phoneId=0 phone=Handler (com.android.internal.telephony.PhoneProxy) {337c25da}
08-08 01:27:17.123  1137  1137 D DCT     : [0]isDataAllowed getRecordsLoaded=true
08-08 01:27:17.123  1137  1137 D DCT     : [0]isDataAllowed: not allowed due to - Attached= false
08-08 01:27:17.123  1137  1137 D DCT     : [ApnContext:ia] getApnSetting: apnSetting=null
08-08 01:27:17.124  1137  1137 D PhoneFactory: getPhone:- phoneId != DEFAULT_PHONE_ID return sProxyPhones[phoneId] phoneId=0 phone=Handler (com.android.internal.telephony.PhoneProxy) {337c25da}
08-08 01:27:17.130  1137  1137 D DCT     : [0]isDataAllowed getRecordsLoaded=true
08-08 01:27:17.130  1137  1137 D DCT     : [0]isDataAllowed: not allowed due to - Attached= false
08-08 01:27:17.130  1137  1137 D DCT     : [ApnContext:dun] getApnSetting: apnSetting=null
08-08 01:27:17.131  1137  1137 D PhoneFactory: getPhone:- phoneId != DEFAULT_PHONE_ID return sProxyPhones[phoneId] phoneId=0 phone=Handler (com.android.internal.telephony.PhoneProxy) {337c25da}
08-08 01:27:17.136  1137  1137 D DCT     : [0]isDataAllowed getRecordsLoaded=true
08-08 01:27:17.137  1137  1137 D DCT     : [0]isDataAllowed: not allowed due to - Attached= false
08-08 01:27:17.137  1137  1137 D DCT     : [ApnContext:hipri] getApnSetting: apnSetting=null
08-08 01:27:17.137  1137  1137 D PhoneFactory: getPhone:- phoneId != DEFAULT_PHONE_ID return sProxyPhones[phoneId] phoneId=0 phone=Handler (com.android.internal.telephony.PhoneProxy) {337c25da}
08-08 01:27:17.141  1137  1137 D DCT     : [0]isDataAllowed getRecordsLoaded=true
08-08 01:27:17.142  1137  1137 D DCT     : [0]isDataAllowed: not allowed due to - Attached= false
08-08 01:27:17.142  1137  1137 D DCT     : [ApnContext:ims] getApnSetting: apnSetting=null
08-08 01:27:17.143  1137  1137 D PhoneFactory: getPhone:- phoneId != DEFAULT_PHONE_ID return sProxyPhones[phoneId] phoneId=0 phone=Handler (com.android.internal.telephony.PhoneProxy) {337c25da}
08-08 01:27:17.147  1137  1137 D DCT     : [0]handleMessage msg={ when=-437ms what=270348 obj=android.os.AsyncResult@56e2a24 target=com.android.internal.telephony.dataconnection.DcTracker }
08-08 01:27:17.147  1137  1137 D DCT     : [0]onRoamingOff
08-08 01:27:17.148  1137  1137 D DCT     : [0]getDataOnRoamingEnabled: phoneSubId=1 isDataRoamingEnabled=true
08-08 01:27:17.148  1137  1137 D DCT     : [0]notifyDataConnection: reason=roamingOff
08-08 01:27:17.149  1137  1137 D DCT     : [0]isDataAllowed getRecordsLoaded=true
08-08 01:27:17.150  1137  1298 D GsmCellBroadcastHandler: mWakeLock released
08-08 01:27:17.150  1137  1137 D DCT     : [0]isDataAllowed: not allowed due to - Attached= false
08-08 01:27:17.150  1137  1137 D DCT     : [ApnContext:default] getApnSetting: apnSetting=null
08-08 01:27:17.151  1137  1137 D PhoneFactory: getPhone:- phoneId != DEFAULT_PHONE_ID return sProxyPhones[phoneId] phoneId=0 phone=Handler (com.android.internal.telephony.PhoneProxy) {337c25da}
08-08 01:27:17.156  1137  1137 D DCT     : [0]isDataAllowed getRecordsLoaded=true
08-08 01:27:17.156  1137  1137 D DCT     : [0]isDataAllowed: not allowed due to - Attached= false
08-08 01:27:17.157  1137  1137 D DCT     : [ApnContext:mms] getApnSetting: apnSetting=null
08-08 01:27:17.157  1137  1137 D PhoneFactory: getPhone:- phoneId != DEFAULT_PHONE_ID return sProxyPhones[phoneId] phoneId=0 phone=Handler (com.android.internal.telephony.PhoneProxy) {337c25da}
08-08 01:27:17.162  1137  1137 D DCT     : [0]isDataAllowed getRecordsLoaded=true
08-08 01:27:17.162  1137  1137 D DCT     : [0]isDataAllowed: not allowed due to - Attached= false
08-08 01:27:17.163  1137  1137 D DCT     : [ApnContext:cbs] getApnSetting: apnSetting=null
08-08 01:27:17.163  1137  1137 D PhoneFactory: getPhone:- phoneId != DEFAULT_PHONE_ID return sProxyPhones[phoneId] phoneId=0 phone=Handler (com.android.internal.telephony.PhoneProxy) {337c25da}
08-08 01:27:17.167  1137  1137 D DCT     : [0]isDataAllowed getRecordsLoaded=true
08-08 01:27:17.167  1137  1137 D DCT     : [0]isDataAllowed: not allowed due to - Attached= false
08-08 01:27:17.168  1137  1137 D DCT     : [ApnContext:fota] getApnSetting: apnSetting=null
08-08 01:27:17.168  1137  1137 D PhoneFactory: getPhone:- phoneId != DEFAULT_PHONE_ID return sProxyPhones[phoneId] phoneId=0 phone=Handler (com.android.internal.telephony.PhoneProxy) {337c25da}
08-08 01:27:17.173  1137  1137 D DCT     : [0]isDataAllowed getRecordsLoaded=true
08-08 01:27:17.173  1137  1137 D DCT     : [0]isDataAllowed: not allowed due to - Attached= false
08-08 01:27:17.173  1137  1137 D DCT     : [ApnContext:supl] getApnSetting: apnSetting=null
08-08 01:27:17.174  1137  1137 D PhoneFactory: getPhone:- phoneId != DEFAULT_PHONE_ID return sProxyPhones[phoneId] phoneId=0 phone=Handler (com.android.internal.telephony.PhoneProxy) {337c25da}
08-08 01:27:17.178  1137  1137 D DCT     : [0]isDataAllowed getRecordsLoaded=true
08-08 01:27:17.178  1137  1137 D DCT     : [0]isDataAllowed: not allowed due to - Attached= false
08-08 01:27:17.179  1137  1137 D DCT     : [ApnContext:ia] getApnSetting: apnSetting=null
08-08 01:27:17.179  1137  1137 D PhoneFactory: getPhone:- phoneId != DEFAULT_PHONE_ID return sProxyPhones[phoneId] phoneId=0 phone=Handler (com.android.internal.telephony.PhoneProxy) {337c25da}
08-08 01:27:17.184  1137  1137 D DCT     : [0]isDataAllowed getRecordsLoaded=true
08-08 01:27:17.185  1137  1137 D DCT     : [0]isDataAllowed: not allowed due to - Attached= false
08-08 01:27:17.185  1137  1137 D DCT     : [ApnContext:dun] getApnSetting: apnSetting=null
08-08 01:27:17.185  1137  1137 D PhoneFactory: getPhone:- phoneId != DEFAULT_PHONE_ID return sProxyPhones[phoneId] phoneId=0 phone=Handler (com.android.internal.telephony.PhoneProxy) {337c25da}
08-08 01:27:17.189  1137  1137 D DCT     : [0]isDataAllowed getRecordsLoaded=true
08-08 01:27:17.190  1137  1137 D DCT     : [0]isDataAllowed: not allowed due to - Attached= false
08-08 01:27:17.190  1137  1137 D DCT     : [ApnContext:hipri] getApnSetting: apnSetting=null
08-08 01:27:17.191  1137  1137 D PhoneFactory: getPhone:- phoneId != DEFAULT_PHONE_ID return sProxyPhones[phoneId] phoneId=0 phone=Handler (com.android.internal.telephony.PhoneProxy) {337c25da}
08-08 01:27:17.194  1137  1137 D DCT     : [0]isDataAllowed getRecordsLoaded=true
08-08 01:27:17.195  1137  1137 D DCT     : [0]isDataAllowed: not allowed due to - Attached= false
08-08 01:27:17.195  1137  1137 D DCT     : [ApnContext:ims] getApnSetting: apnSetting=null
08-08 01:27:17.196  1137  1137 D PhoneFactory: getPhone:- phoneId != DEFAULT_PHONE_ID return sProxyPhones[phoneId] phoneId=0 phone=Handler (com.android.internal.telephony.PhoneProxy) {337c25da}
08-08 01:27:17.199  1137  1137 D DCT     : [0]handleMessage msg={ when=-488ms what=270377 obj=android.os.AsyncResult@1c97198d target=com.android.internal.telephony.dataconnection.DcTracker }
08-08 01:27:17.199  1137  1137 D DCT     : [0]setupDataOnConnectableApns: nwTypeChanged
08-08 01:27:17.199  1137  1137 D DCT     : [0]setupDataOnConnectableApns: apnContext {mApnType=hipri mState=IDLE mWaitingApns={null} mWaitingApnsPermanentFailureCountDown=0 mApnSetting={null} mReason=radioTurnedOff mDataEnabled=false mDependencyMet=true}
08-08 01:27:17.200  1137  1137 D DCT     : [0]setupDataOnConnectableApns: apnContext {mApnType=mms mState=IDLE mWaitingApns={null} mWaitingApnsPermanentFailureCountDown=0 mApnSetting={null} mReason=radioTurnedOff mDataEnabled=false mDependencyMet=true}
08-08 01:27:17.200  1137  1137 D DCT     : [0]setupDataOnConnectableApns: apnContext {mApnType=supl mState=IDLE mWaitingApns={null} mWaitingApnsPermanentFailureCountDown=0 mApnSetting={null} mReason=radioTurnedOff mDataEnabled=false mDependencyMet=true}
08-08 01:27:17.201  1137  1137 D DCT     : [0]setupDataOnConnectableApns: apnContext {mApnType=cbs mState=IDLE mWaitingApns={null} mWaitingApnsPermanentFailureCountDown=0 mApnSetting={null} mReason=radioTurnedOff mDataEnabled=false mDependencyMet=true}
08-08 01:27:17.201  1137  1137 D DCT     : [0]setupDataOnConnectableApns: apnContext {mApnType=dun mState=IDLE mWaitingApns={null} mWaitingApnsPermanentFailureCountDown=0 mApnSetting={null} mReason=radioTurnedOff mDataEnabled=false mDependencyMet=true}
08-08 01:27:17.202  1137  1137 D DCT     : [0]setupDataOnConnectableApns: apnContext {mApnType=fota mState=IDLE mWaitingApns={null} mWaitingApnsPermanentFailureCountDown=0 mApnSetting={null} mReason=radioTurnedOff mDataEnabled=false mDependencyMet=true}
08-08 01:27:17.202  1137  1137 D DCT     : [0]setupDataOnConnectableApns: apnContext {mApnType=ims mState=IDLE mWaitingApns={null} mWaitingApnsPermanentFailureCountDown=0 mApnSetting={null} mReason=radioTurnedOff mDataEnabled=false mDependencyMet=true}
08-08 01:27:17.203  1137  1137 D DCT     : [0]setupDataOnConnectableApns: apnContext {mApnType=default mState=IDLE mWaitingApns={null} mWaitingApnsPermanentFailureCountDown=0 mApnSetting={null} mReason=radioTurnedOff mDataEnabled=false mDependencyMet=true}
08-08 01:27:17.203  1137  1137 D DCT     : [0]setupDataOnConnectableApns: apnContext {mApnType=ia mState=IDLE mWaitingApns={null} mWaitingApnsPermanentFailureCountDown=0 mApnSetting={null} mReason=radioTurnedOff mDataEnabled=false mDependencyMet=true}
08-08 01:27:17.204  1137  1137 D DCT     : [0]handleMessage msg={ when=-493ms what=270377 obj=android.os.AsyncResult@62d0742 target=com.android.internal.telephony.dataconnection.DcTracker }
08-08 01:27:17.204  1137  1137 D DCT     : [0]setupDataOnConnectableApns: nwTypeChanged
08-08 01:27:17.205  1137  1137 D DCT     : [0]setupDataOnConnectableApns: apnContext {mApnType=hipri mState=IDLE mWaitingApns={null} mWaitingApnsPermanentFailureCountDown=0 mApnSetting={null} mReason=radioTurnedOff mDataEnabled=false mDependencyMet=true}
08-08 01:27:17.205  1137  1137 D DCT     : [0]setupDataOnConnectableApns: apnContext {mApnType=mms mState=IDLE mWaitingApns={null} mWaitingApnsPermanentFailureCountDown=0 mApnSetting={null} mReason=radioTurnedOff mDataEnabled=false mDependencyMet=true}
08-08 01:27:17.205  1137  1137 D DCT     : [0]setupDataOnConnectableApns: apnContext {mApnType=supl mState=IDLE mWaitingApns={null} mWaitingApnsPermanentFailureCountDown=0 mApnSetting={null} mReason=radioTurnedOff mDataEnabled=false mDependencyMet=true}
08-08 01:27:17.206  1137  1137 D DCT     : [0]setupDataOnConnectableApns: apnContext {mApnType=cbs mState=IDLE mWaitingApns={null} mWaitingApnsPermanentFailureCountDown=0 mApnSetting={null} mReason=radioTurnedOff mDataEnabled=false mDependencyMet=true}
08-08 01:27:17.206  1137  1137 D DCT     : [0]setupDataOnConnectableApns: apnContext {mApnType=dun mState=IDLE mWaitingApns={null} mWaitingApnsPermanentFailureCountDown=0 mApnSetting={null} mReason=radioTurnedOff mDataEnabled=false mDependencyMet=true}
08-08 01:27:17.207  1137  1137 D DCT     : [0]setupDataOnConnectableApns: apnContext {mApnType=fota mState=IDLE mWaitingApns={null} mWaitingApnsPermanentFailureCountDown=0 mApnSetting={null} mReason=radioTurnedOff mDataEnabled=false mDependencyMet=true}
08-08 01:27:17.207  1137  1137 D DCT     : [0]setupDataOnConnectableApns: apnContext {mApnType=ims mState=IDLE mWaitingApns={null} mWaitingApnsPermanentFailureCountDown=0 mApnSetting={null} mReason=radioTurnedOff mDataEnabled=false mDependencyMet=true}
08-08 01:27:17.208  1137  1137 D DCT     : [0]setupDataOnConnectableApns: apnContext {mApnType=default mState=IDLE mWaitingApns={null} mWaitingApnsPermanentFailureCountDown=0 mApnSetting={null} mReason=radioTurnedOff mDataEnabled=false mDependencyMet=true}
08-08 01:27:17.208  1137  1137 D DCT     : [0]setupDataOnConnectableApns: apnContext {mApnType=ia mState=IDLE mWaitingApns={null} mWaitingApnsPermanentFailureCountDown=0 mApnSetting={null} mReason=radioTurnedOff mDataEnabled=false mDependencyMet=true}
08-08 01:27:17.209  1137  1137 D RILJ    : [3717]> OPERATOR [SUB0]
08-08 01:27:17.211  1137  1137 D RILJ    : [3718]> DATA_REGISTRATION_STATE [SUB0]
08-08 01:27:17.211   192  1459 D RILC    : RequestComplete, RIL_SOCKET_1
08-08 01:27:17.211   192  1459 E RILC    : Send Response to RIL_SOCKET_1
08-08 01:27:17.212  1137  1281 D RILJ    : [3717]< OPERATOR {null, null, null} [SUB0]
08-08 01:27:17.213  1137  1137 D RILJ    : [3719]> VOICE_REGISTRATION_STATE [SUB0]
08-08 01:27:17.215  1137  1137 D RILJ    : [3720]> QUERY_NETWORK_SELECTION_MODE [SUB0]
08-08 01:27:17.217   192  1460 D RILC    : RequestComplete, RIL_SOCKET_1
08-08 01:27:17.217   192  1460 E RILC    : Send Response to RIL_SOCKET_1
08-08 01:27:17.217  1137  1137 D DefaultPhoneNotifier: notifySignalStrength: mRegistry=com.android.internal.telephony.ITelephonyRegistry$Stub$Proxy@3c150394 ss=SignalStrength: 99 0 -120 -160 -120 -1 -1 99 2147483647 2147483647 2147483647 2147483647 gsm|lte sender=Handler (com.android.internal.telephony.gsm.GSMPhone) {2000ba0b}
08-08 01:27:17.218   192  1461 I RILQ    : (0/192):RIL[0][cmd-20(248)] qcril_qmi_nas_update_data_rte: completed, new drte 0 with confidence 4
08-08 01:27:17.218  1137  1281 D RILJ    : [3718]< DATA_REGISTRATION_STATE {3, null, null, null, 15, 20, null, null, null, null, null} [SUB0]
08-08 01:27:17.220  1137  1137 D DCT     : [0]handleMessage msg={ when=-431ms what=270337 obj=android.os.AsyncResult@386e6353 target=com.android.internal.telephony.dataconnection.DcTracker }
08-08 01:27:17.221  1137  1137 D DCT     : [0]onRadioAvailable
08-08 01:27:17.221  1137  1137 D DCT     : [0]isDataAllowed getRecordsLoaded=true
08-08 01:27:17.221   192  1462 D RILC    : RequestComplete, RIL_SOCKET_1
08-08 01:27:17.222   192  1462 E RILC    : Send Response to RIL_SOCKET_1
08-08 01:27:17.222  1137  1137 D DCT     : [0]isDataAllowed: not allowed due to - Attached= false
08-08 01:27:17.222  1137  1137 D DCT     : [ApnContext:default] getApnSetting: apnSetting=null
08-08 01:27:17.222  1137  1281 D RILJ    : [3720]< QUERY_NETWORK_SELECTION_MODE {0} [SUB0]
08-08 01:27:17.223  1137  1137 D PhoneFactory: getPhone:- phoneId != DEFAULT_PHONE_ID return sProxyPhones[phoneId] phoneId=0 phone=Handler (com.android.internal.telephony.PhoneProxy) {337c25da}
08-08 01:27:17.223   192  1461 D RILC    : RequestComplete, RIL_SOCKET_1
08-08 01:27:17.223   192  1461 E RILC    : Send Response to RIL_SOCKET_1
08-08 01:27:17.224  1137  1281 D RILJ    : [3719]< VOICE_REGISTRATION_STATE {2, null, null, 0, null, null, null, 0, null, null, null, null, null, 0, null} [SUB0]
08-08 01:27:17.226  1137  1137 D DCT     : [0]isDataAllowed getRecordsLoaded=true
08-08 01:27:17.227  1137  1137 D DCT     : [0]isDataAllowed: not allowed due to - Attached= false
08-08 01:27:17.227  1137  1137 D DCT     : [ApnContext:mms] getApnSetting: apnSetting=null
08-08 01:27:17.228  1137  1137 D PhoneFactory: getPhone:- phoneId != DEFAULT_PHONE_ID return sProxyPhones[phoneId] phoneId=0 phone=Handler (com.android.internal.telephony.PhoneProxy) {337c25da}
08-08 01:27:17.231  1137  1137 D DCT     : [0]isDataAllowed getRecordsLoaded=true
08-08 01:27:17.231  1137  1137 D DCT     : [0]isDataAllowed: not allowed due to - Attached= false
08-08 01:27:17.231  1137  1137 D DCT     : [ApnContext:cbs] getApnSetting: apnSetting=null
08-08 01:27:17.232  1137  1137 D PhoneFactory: getPhone:- phoneId != DEFAULT_PHONE_ID return sProxyPhones[phoneId] phoneId=0 phone=Handler (com.android.internal.telephony.PhoneProxy) {337c25da}
08-08 01:27:17.237  1137  1137 D DCT     : [0]isDataAllowed getRecordsLoaded=true
08-08 01:27:17.238  1137  1137 D DCT     : [0]isDataAllowed: not allowed due to - Attached= false
08-08 01:27:17.238  1137  1137 D DCT     : [ApnContext:fota] getApnSetting: apnSetting=null
08-08 01:27:17.239  1137  1137 D PhoneFactory: getPhone:- phoneId != DEFAULT_PHONE_ID return sProxyPhones[phoneId] phoneId=0 phone=Handler (com.android.internal.telephony.PhoneProxy) {337c25da}
08-08 01:27:17.242  1137  1137 D DCT     : [0]isDataAllowed getRecordsLoaded=true
08-08 01:27:17.243  1137  1137 D DCT     : [0]isDataAllowed: not allowed due to - Attached= false
08-08 01:27:17.243  1137  1137 D DCT     : [ApnContext:supl] getApnSetting: apnSetting=null
08-08 01:27:17.244  1137  1137 D PhoneFactory: getPhone:- phoneId != DEFAULT_PHONE_ID return sProxyPhones[phoneId] phoneId=0 phone=Handler (com.android.internal.telephony.PhoneProxy) {337c25da}
08-08 01:27:17.249  1137  1137 D DCT     : [0]isDataAllowed getRecordsLoaded=true
08-08 01:27:17.250  1137  1137 D DCT     : [0]isDataAllowed: not allowed due to - Attached= false
08-08 01:27:17.250  1137  1137 D DCT     : [ApnContext:ia] getApnSetting: apnSetting=null
08-08 01:27:17.251  1137  1137 D PhoneFactory: getPhone:- phoneId != DEFAULT_PHONE_ID return sProxyPhones[phoneId] phoneId=0 phone=Handler (com.android.internal.telephony.PhoneProxy) {337c25da}
08-08 01:27:17.255  1137  1137 D DCT     : [0]isDataAllowed getRecordsLoaded=true
08-08 01:27:17.257  1137  1137 D DCT     : [0]isDataAllowed: not allowed due to - Attached= false
08-08 01:27:17.257  1137  1137 D DCT     : [ApnContext:dun] getApnSetting: apnSetting=null
08-08 01:27:17.258  1137  1137 D PhoneFactory: getPhone:- phoneId != DEFAULT_PHONE_ID return sProxyPhones[phoneId] phoneId=0 phone=Handler (com.android.internal.telephony.PhoneProxy) {337c25da}
08-08 01:27:17.262  1137  1137 D DCT     : [0]isDataAllowed getRecordsLoaded=true
08-08 01:27:17.263  1137  1137 D DCT     : [0]isDataAllowed: not allowed due to - Attached= false
08-08 01:27:17.264  1137  1137 D DCT     : [ApnContext:hipri] getApnSetting: apnSetting=null
08-08 01:27:17.265  1137  1137 D PhoneFactory: getPhone:- phoneId != DEFAULT_PHONE_ID return sProxyPhones[phoneId] phoneId=0 phone=Handler (com.android.internal.telephony.PhoneProxy) {337c25da}
08-08 01:27:17.268  1137  1137 D DCT     : [0]isDataAllowed getRecordsLoaded=true
08-08 01:27:17.269  1137  1137 D DCT     : [0]isDataAllowed: not allowed due to - Attached= false
08-08 01:27:17.270  1137  1137 D DCT     : [ApnContext:ims] getApnSetting: apnSetting=null
08-08 01:27:17.270  1137  1321 D CellBroadcastHandler: mWakeLock released
08-08 01:27:17.271  1137  1137 D PhoneFactory: getPhone:- phoneId != DEFAULT_PHONE_ID return sProxyPhones[phoneId] phoneId=0 phone=Handler (com.android.internal.telephony.PhoneProxy) {337c25da}
08-08 01:27:17.274  1137  1137 D DCT     : [0]overall state is IDLE
08-08 01:27:17.275  1137  1137 D DCT     : [0]handleMessage msg={ when=-486ms what=270345 obj=android.os.AsyncResult@e75c490 target=com.android.internal.telephony.dataconnection.DcTracker }
08-08 01:27:17.275  1137  1137 D DCT     : [0]onDataConnectionDetached: stop polling and notify detached
08-08 01:27:17.276  1137  1137 D DCT     : [0]stopNetStatPoll
08-08 01:27:17.278  1137  1137 D DCT     : [0]stopDataStallAlarm: current tag=23089 mDataStallAlarmIntent=null
08-08 01:27:17.279  1137  1137 D DCT     : [0]notifyDataConnection: reason=dataDetached
08-08 01:27:17.280  1137  1137 D DCT     : [0]isDataAllowed getRecordsLoaded=true
08-08 01:27:17.281  1137  1137 D DCT     : [0]isDataAllowed: not allowed due to - Attached= false
08-08 01:27:17.282  1137  1137 D DCT     : [ApnContext:default] getApnSetting: apnSetting=null
08-08 01:27:17.283  1137  1137 D PhoneFactory: getPhone:- phoneId != DEFAULT_PHONE_ID return sProxyPhones[phoneId] phoneId=0 phone=Handler (com.android.internal.telephony.PhoneProxy) {337c25da}
08-08 01:27:17.288  1137  1137 D DCT     : [0]isDataAllowed getRecordsLoaded=true
08-08 01:27:17.289  1137  1137 D DCT     : [0]isDataAllowed: not allowed due to - Attached= false
08-08 01:27:17.289  1137  1137 D DCT     : [ApnContext:mms] getApnSetting: apnSetting=null
08-08 01:27:17.290  1137  1137 D PhoneFactory: getPhone:- phoneId != DEFAULT_PHONE_ID return sProxyPhones[phoneId] phoneId=0 phone=Handler (com.android.internal.telephony.PhoneProxy) {337c25da}
08-08 01:27:17.295  1137  1137 D DCT     : [0]isDataAllowed getRecordsLoaded=true
08-08 01:27:17.296  1137  1137 D DCT     : [0]isDataAllowed: not allowed due to - Attached= false
08-08 01:27:17.296  1137  1137 D DCT     : [ApnContext:cbs] getApnSetting: apnSetting=null
08-08 01:27:17.297  1137  1137 D PhoneFactory: getPhone:- phoneId != DEFAULT_PHONE_ID return sProxyPhones[phoneId] phoneId=0 phone=Handler (com.android.internal.telephony.PhoneProxy) {337c25da}
08-08 01:27:17.300  1137  1137 D DCT     : [0]isDataAllowed getRecordsLoaded=true
08-08 01:27:17.301  1137  1137 D DCT     : [0]isDataAllowed: not allowed due to - Attached= false
08-08 01:27:17.301  1137  1137 D DCT     : [ApnContext:fota] getApnSetting: apnSetting=null
08-08 01:27:17.302  1137  1137 D PhoneFactory: getPhone:- phoneId != DEFAULT_PHONE_ID return sProxyPhones[phoneId] phoneId=0 phone=Handler (com.android.internal.telephony.PhoneProxy) {337c25da}
08-08 01:27:17.305  1137  1137 D DCT     : [0]isDataAllowed getRecordsLoaded=true
08-08 01:27:17.306  1137  1137 D DCT     : [0]isDataAllowed: not allowed due to - Attached= false
08-08 01:27:17.306  1137  1137 D DCT     : [ApnContext:supl] getApnSetting: apnSetting=null
08-08 01:27:17.307  1137  1137 D PhoneFactory: getPhone:- phoneId != DEFAULT_PHONE_ID return sProxyPhones[phoneId] phoneId=0 phone=Handler (com.android.internal.telephony.PhoneProxy) {337c25da}
08-08 01:27:17.311  1137  1137 D DCT     : [0]isDataAllowed getRecordsLoaded=true
08-08 01:27:17.311  1137  1137 D DCT     : [0]isDataAllowed: not allowed due to - Attached= false
08-08 01:27:17.311  1137  1137 D DCT     : [ApnContext:ia] getApnSetting: apnSetting=null
08-08 01:27:17.312  1137  1137 D PhoneFactory: getPhone:- phoneId != DEFAULT_PHONE_ID return sProxyPhones[phoneId] phoneId=0 phone=Handler (com.android.internal.telephony.PhoneProxy) {337c25da}
08-08 01:27:17.316  1137  1137 D DCT     : [0]isDataAllowed getRecordsLoaded=true
08-08 01:27:17.317  1137  1327 D CdmaServiceCategoryProgramHandler: mWakeLock released
08-08 01:27:17.317  1137  1137 D DCT     : [0]isDataAllowed: not allowed due to - Attached= false
08-08 01:27:17.317  1137  1137 D DCT     : [ApnContext:dun] getApnSetting: apnSetting=null
08-08 01:27:17.318  1137  1137 D PhoneFactory: getPhone:- phoneId != DEFAULT_PHONE_ID return sProxyPhones[phoneId] phoneId=0 phone=Handler (com.android.internal.telephony.PhoneProxy) {337c25da}
08-08 01:27:17.323  1137  1137 D DCT     : [0]isDataAllowed getRecordsLoaded=true
08-08 01:27:17.323  1137  1137 D DCT     : [0]isDataAllowed: not allowed due to - Attached= false
08-08 01:27:17.324  1137  1137 D DCT     : [ApnContext:hipri] getApnSetting: apnSetting=null
08-08 01:27:17.324  1137  1137 D PhoneFactory: getPhone:- phoneId != DEFAULT_PHONE_ID return sProxyPhones[phoneId] phoneId=0 phone=Handler (com.android.internal.telephony.PhoneProxy) {337c25da}
08-08 01:27:17.328  1137  1137 D DCT     : [0]isDataAllowed getRecordsLoaded=true
08-08 01:27:17.329  1137  1137 D DCT     : [0]isDataAllowed: not allowed due to - Attached= false
08-08 01:27:17.329  1137  1137 D DCT     : [ApnContext:ims] getApnSetting: apnSetting=null
08-08 01:27:17.329  1137  1137 D PhoneFactory: getPhone:- phoneId != DEFAULT_PHONE_ID return sProxyPhones[phoneId] phoneId=0 phone=Handler (com.android.internal.telephony.PhoneProxy) {337c25da}
08-08 01:27:17.334  1137  1137 D DCT     : [0]handleMessage msg={ when=-545ms what=270348 obj=android.os.AsyncResult@2168c189 target=com.android.internal.telephony.dataconnection.DcTracker }
08-08 01:27:17.334  1137  1137 D DCT     : [0]onRoamingOff
08-08 01:27:17.335  1137  1137 D DCT     : [0]getDataOnRoamingEnabled: phoneSubId=1 isDataRoamingEnabled=true
08-08 01:27:17.335  1137  1137 D DCT     : [0]notifyDataConnection: reason=roamingOff
08-08 01:27:17.336  1137  1137 D DCT     : [0]isDataAllowed getRecordsLoaded=true
08-08 01:27:17.337  1137  1137 D DCT     : [0]isDataAllowed: not allowed due to - Attached= false
08-08 01:27:17.337  1137  1137 D DCT     : [ApnContext:default] getApnSetting: apnSetting=null
08-08 01:27:17.338  1137  1137 D PhoneFactory: getPhone:- phoneId != DEFAULT_PHONE_ID return sProxyPhones[phoneId] phoneId=0 phone=Handler (com.android.internal.telephony.PhoneProxy) {337c25da}
08-08 01:27:17.341  1137  1137 D DCT     : [0]isDataAllowed getRecordsLoaded=true
08-08 01:27:17.342  1137  1137 D DCT     : [0]isDataAllowed: not allowed due to - Attached= false
08-08 01:27:17.342  1137  1137 D DCT     : [ApnContext:mms] getApnSetting: apnSetting=null
08-08 01:27:17.343  1137  1137 D PhoneFactory: getPhone:- phoneId != DEFAULT_PHONE_ID return sProxyPhones[phoneId] phoneId=0 phone=Handler (com.android.internal.telephony.PhoneProxy) {337c25da}
08-08 01:27:17.346  1137  1137 D DCT     : [0]isDataAllowed getRecordsLoaded=true
08-08 01:27:17.347  1137  1137 D DCT     : [0]isDataAllowed: not allowed due to - Attached= false
08-08 01:27:17.347  1137  1137 D DCT     : [ApnContext:cbs] getApnSetting: apnSetting=null
08-08 01:27:17.348  1137  1137 D PhoneFactory: getPhone:- phoneId != DEFAULT_PHONE_ID return sProxyPhones[phoneId] phoneId=0 phone=Handler (com.android.internal.telephony.PhoneProxy) {337c25da}
08-08 01:27:17.351  1137  1137 D DCT     : [0]isDataAllowed getRecordsLoaded=true
08-08 01:27:17.352  1137  1137 D DCT     : [0]isDataAllowed: not allowed due to - Attached= false
08-08 01:27:17.352  1137  1137 D DCT     : [ApnContext:fota] getApnSetting: apnSetting=null
08-08 01:27:17.353  1137  1137 D PhoneFactory: getPhone:- phoneId != DEFAULT_PHONE_ID return sProxyPhones[phoneId] phoneId=0 phone=Handler (com.android.internal.telephony.PhoneProxy) {337c25da}
08-08 01:27:17.357  1137  1137 D DCT     : [0]isDataAllowed getRecordsLoaded=true
08-08 01:27:17.358  1137  1137 D DCT     : [0]isDataAllowed: not allowed due to - Attached= false
08-08 01:27:17.358  1137  1137 D DCT     : [ApnContext:supl] getApnSetting: apnSetting=null
08-08 01:27:17.358  1137  1137 D PhoneFactory: getPhone:- phoneId != DEFAULT_PHONE_ID return sProxyPhones[phoneId] phoneId=0 phone=Handler (com.android.internal.telephony.PhoneProxy) {337c25da}
08-08 01:27:17.362  1137  1137 D DCT     : [0]isDataAllowed getRecordsLoaded=true
08-08 01:27:17.362  1137  1137 D DCT     : [0]isDataAllowed: not allowed due to - Attached= false
08-08 01:27:17.362  1137  1137 D DCT     : [ApnContext:ia] getApnSetting: apnSetting=null
08-08 01:27:17.363  1137  1137 D PhoneFactory: getPhone:- phoneId != DEFAULT_PHONE_ID return sProxyPhones[phoneId] phoneId=0 phone=Handler (com.android.internal.telephony.PhoneProxy) {337c25da}
08-08 01:27:17.369  1137  1137 D DCT     : [0]isDataAllowed getRecordsLoaded=true
08-08 01:27:17.369  1137  1137 D DCT     : [0]isDataAllowed: not allowed due to - Attached= false
08-08 01:27:17.370  1137  1137 D DCT     : [ApnContext:dun] getApnSetting: apnSetting=null
08-08 01:27:17.370  1137  1137 D PhoneFactory: getPhone:- phoneId != DEFAULT_PHONE_ID return sProxyPhones[phoneId] phoneId=0 phone=Handler (com.android.internal.telephony.PhoneProxy) {337c25da}
08-08 01:27:17.374  1137  1137 D DCT     : [0]isDataAllowed getRecordsLoaded=true
08-08 01:27:17.375  1137  1137 D DCT     : [0]isDataAllowed: not allowed due to - Attached= false
08-08 01:27:17.375  1137  1137 D DCT     : [ApnContext:hipri] getApnSetting: apnSetting=null
08-08 01:27:17.375  1137  1137 D PhoneFactory: getPhone:- phoneId != DEFAULT_PHONE_ID return sProxyPhones[phoneId] phoneId=0 phone=Handler (com.android.internal.telephony.PhoneProxy) {337c25da}
08-08 01:27:17.381  1137  1137 D DCT     : [0]isDataAllowed getRecordsLoaded=true
08-08 01:27:17.382  1137  1137 D DCT     : [0]isDataAllowed: not allowed due to - Attached= false
08-08 01:27:17.382  1137  1137 D DCT     : [ApnContext:ims] getApnSetting: apnSetting=null
08-08 01:27:17.382  1137  1137 D PhoneFactory: getPhone:- phoneId != DEFAULT_PHONE_ID return sProxyPhones[phoneId] phoneId=0 phone=Handler (com.android.internal.telephony.PhoneProxy) {337c25da}
08-08 01:27:17.386  1137  1137 D DCT     : [0]handleMessage msg={ when=-596ms what=270377 obj=android.os.AsyncResult@1d88558e target=com.android.internal.telephony.dataconnection.DcTracker }
08-08 01:27:17.386  1137  1137 D DCT     : [0]setupDataOnConnectableApns: nwTypeChanged
08-08 01:27:17.388  1137  1137 D DCT     : [0]setupDataOnConnectableApns: apnContext {mApnType=hipri mState=IDLE mWaitingApns={null} mWaitingApnsPermanentFailureCountDown=0 mApnSetting={null} mReason=radioTurnedOff mDataEnabled=false mDependencyMet=true}
08-08 01:27:17.389  1137  1137 D DCT     : [0]setupDataOnConnectableApns: apnContext {mApnType=mms mState=IDLE mWaitingApns={null} mWaitingApnsPermanentFailureCountDown=0 mApnSetting={null} mReason=radioTurnedOff mDataEnabled=false mDependencyMet=true}
08-08 01:27:17.389  1137  1137 D DCT     : [0]setupDataOnConnectableApns: apnContext {mApnType=supl mState=IDLE mWaitingApns={null} mWaitingApnsPermanentFailureCountDown=0 mApnSetting={null} mReason=radioTurnedOff mDataEnabled=false mDependencyMet=true}
