04-12 10:47:36.613  3249  3249 I auditd  : type=1400 audit(0.0:34): avc: denied { read } for comm="OnLineMonitor" name="mem" dev="debugfs" ino=15991 scontext=u:r:untrusted_app:s0 tcontext=u:object_r:debugfs:s0 tclass=file
04-12 10:47:36.623  3249  3249 I auditd  : type=1400 audit(0.0:35): avc: denied { read } for comm="OnLineMonitor" name="mem" dev="debugfs" ino=15991 scontext=u:r:untrusted_app:s0 tcontext=u:object_r:debugfs:s0 tclass=file
04-12 10:47:38.013  3249  3249 I auditd  : type=1400 audit(0.0:36): avc: denied { read } for comm="OnLineMonitor" name="mem" dev="debugfs" ino=15991 scontext=u:r:untrusted_app:s0 tcontext=u:object_r:debugfs:s0 tclass=file
04-12 10:47:38.013  3249  3249 I auditd  : type=1400 audit(0.0:37): avc: denied { read } for comm="OnLineMonitor" name="mem" dev="debugfs" ino=15991 scontext=u:r:untrusted_app:s0 tcontext=u:object_r:debugfs:s0 tclass=file
04-12 10:47:38.883   710  1134 I am_home_stack_moved: [0,0,1,1,intentActivityFound]
04-12 10:47:38.883   710  1134 I wm_task_moved: [4,1,0]
04-12 10:47:38.889   710  1134 I am_home_stack_moved: [0,0,1,1,sourceStackToFront]
04-12 10:47:38.889   710  1134 I wm_task_moved: [4,1,0]
04-12 10:47:38.894   710  1134 I am_create_activity: [0,353815843,4,com.youku.phone/com.ali.auth.third.ui.LoginActivity,NULL,NULL,NULL,268435456]
04-12 10:47:38.896   710  1134 I am_pause_activity: [0,421474611,com.youku.phone/com.youku.ui.activity.WebViewActivity]
04-12 10:47:38.902   710  1134 I am_home_stack_moved: [0,0,1,1,startedActivity setFocusedActivity]
04-12 10:47:38.904   710  1134 I am_focused_activity: [0,com.youku.phone/com.ali.auth.third.ui.LoginActivity]
04-12 10:47:38.956  3176  3176 I am_on_paused_called: [0,com.youku.ui.activity.WebViewActivity]
04-12 10:47:38.962   710  1134 I am_restart_activity: [0,353815843,4,com.youku.phone/com.ali.auth.third.ui.LoginActivity]
04-12 10:47:39.040  3176  3176 I am_on_resume_called: [0,com.ali.auth.third.ui.LoginActivity]
04-12 10:47:39.148   710   782 I am_activity_launch_time: [0,353815843,com.youku.phone/com.ali.auth.third.ui.LoginActivity,189,189]
04-12 10:47:39.293  3249  3249 I auditd  : type=1400 audit(0.0:38): avc: denied { read } for comm="OnLineMonitor" name="mem" dev="debugfs" ino=15991 scontext=u:r:untrusted_app:s0 tcontext=u:object_r:debugfs:s0 tclass=file
04-12 10:47:39.293  3249  3249 I auditd  : type=1400 audit(0.0:39): avc: denied { read } for comm="OnLineMonitor" name="mem" dev="debugfs" ino=15991 scontext=u:r:untrusted_app:s0 tcontext=u:object_r:debugfs:s0 tclass=file
04-12 10:47:39.513   710   899 I am_home_stack_moved: [0,0,1,1,sourceStackToFront]
04-12 10:47:39.513   710   899 I wm_task_moved: [4,1,0]
04-12 10:47:39.518   710   899 I am_create_activity: [0,567169100,4,com.youku.phone/com.ali.auth.third.ui.LoginWebViewActivity,NULL,NULL,NULL,0]
04-12 10:47:39.520   710   899 I am_pause_activity: [0,353815843,com.youku.phone/com.ali.auth.third.ui.LoginActivity]
04-12 10:47:39.523   710   899 I am_home_stack_moved: [0,0,1,1,startedActivity setFocusedActivity]
04-12 10:47:39.525   710   899 I am_focused_activity: [0,com.youku.phone/com.ali.auth.third.ui.LoginWebViewActivity]
04-12 10:47:39.546  3176  3176 I am_on_paused_called: [0,com.ali.auth.third.ui.LoginActivity]
04-12 10:47:39.551   710   726 I am_restart_activity: [0,567169100,4,com.youku.phone/com.ali.auth.third.ui.LoginWebViewActivity]
04-12 10:47:39.652  3176  3176 I am_on_resume_called: [0,com.ali.auth.third.ui.LoginWebViewActivity]
04-12 10:47:39.761   710   782 I am_activity_launch_time: [0,567169100,com.youku.phone/com.ali.auth.third.ui.LoginWebViewActivity,213,213]
04-12 10:47:39.913  3249  3249 I auditd  : type=1400 audit(0.0:40): avc: denied { read } for comm="OnLineMonitor" name="mem" dev="debugfs" ino=15991 scontext=u:r:untrusted_app:s0 tcontext=u:object_r:debugfs:s0 tclass=file
04-12 10:47:39.913  3249  3249 I auditd  : type=1400 audit(0.0:41): avc: denied { read } for comm="OnLineMonitor" name="mem" dev="debugfs" ino=15991 scontext=u:r:untrusted_app:s0 tcontext=u:object_r:debugfs:s0 tclass=file
04-12 10:47:40.013   177   177 I sf_frame_dur: [com.youku.phone/com.youku.ui.activity.WebViewActivity,67,3,4,5,3,2,0]
04-12 10:47:41.170   710   809 I netstats_mobile_sample: [0,0,0,0,0,0,0,0,0,0,0,0,1491965261170]
04-12 10:47:41.172   710   809 I netstats_wifi_sample: [8528868,6989,424049,5072,8527867,6991,356447,5074,8527867,6991,355643,5070,1491965261170]
04-12 10:47:44.307  3176  3176 I menu_opened: 0
04-12 10:47:48.342  3176  3176 I menu_opened: 0
04-12 10:47:54.093  3249  3249 I auditd  : type=1400 audit(0.0:42): avc: denied { read } for comm="OnLineMonitor" name="mem" dev="debugfs" ino=15991 scontext=u:r:untrusted_app:s0 tcontext=u:object_r:debugfs:s0 tclass=file
04-12 10:47:54.093  3249  3249 I auditd  : type=1400 audit(0.0:43): avc: denied { read } for comm="OnLineMonitor" name="mem" dev="debugfs" ino=15991 scontext=u:r:untrusted_app:s0 tcontext=u:object_r:debugfs:s0 tclass=file
04-12 10:47:54.093  3249  3249 I auditd  : type=1400 audit(0.0:42): avc: denied { read } for comm="OnLineMonitor" name="mem" dev="debugfs" ino=15991 scontext=u:r:untrusted_app:s0 tcontext=u:object_r:debugfs:s0 tclass=file
04-12 10:47:54.093  3249  3249 I auditd  : type=1400 audit(0.0:43): avc: denied { read } for comm="OnLineMonitor" name="mem" dev="debugfs" ino=15991 scontext=u:r:untrusted_app:s0 tcontext=u:object_r:debugfs:s0 tclass=file
04-12 10:48:00.453  3249  3249 I auditd  : type=1400 audit(0.0:44): avc: denied { read } for comm="OnLineMonitor" name="mem" dev="debugfs" ino=15991 scontext=u:r:untrusted_app:s0 tcontext=u:object_r:debugfs:s0 tclass=file
04-12 10:48:00.453  3249  3249 I auditd  : type=1400 audit(0.0:45): avc: denied { read } for comm="OnLineMonitor" name="mem" dev="debugfs" ino=15991 scontext=u:r:untrusted_app:s0 tcontext=u:object_r:debugfs:s0 tclass=file
04-12 10:48:04.484   710   710 I free_storage_changed: 13121114112
04-12 10:48:08.669  3176  3176 I menu_opened: 0
04-12 10:48:21.076   177   177 I sf_frame_dur: [VolumePanel,14,1,0,0,0,0,0]
04-12 10:48:22.103   710   726 I am_home_stack_moved: [0,0,1,1,intentActivityFound]
04-12 10:48:22.103   710   726 I wm_task_moved: [4,1,0]
04-12 10:48:23.712   177   177 I sf_frame_dur: [InputMethod,5,4,2,1,3,0,5]
04-12 10:48:24.083  3249  3249 I auditd  : type=1400 audit(0.0:46): avc: denied { read } for comm="OnLineMonitor" name="mem" dev="debugfs" ino=15991 scontext=u:r:untrusted_app:s0 tcontext=u:object_r:debugfs:s0 tclass=file
04-12 10:48:24.093  3249  3249 I auditd  : type=1400 audit(0.0:47): avc: denied { read } for comm="OnLineMonitor" name="mem" dev="debugfs" ino=15991 scontext=u:r:untrusted_app:s0 tcontext=u:object_r:debugfs:s0 tclass=file
04-12 10:48:34.231  3176  3176 I menu_opened: 0
04-12 10:48:35.738   710   777 I am_proc_start: [0,9178,10038,com.android.music,broadcast,com.android.music/.MediaButtonIntentReceiver]
04-12 10:48:35.865   710  8211 I am_proc_bound: [0,9178,com.android.music]
04-12 10:48:36.295   177   177 I sf_frame_dur: [PopupWindow:5bf262d,8,2,0,0,0,0,0]
04-12 10:48:36.795   177   177 I sf_frame_dur: [InputMethod,0,0,0,0,0,0,1]
04-12 10:48:46.387   710  1243 I am_home_stack_moved: [0,0,1,1,intentActivityFound]
04-12 10:48:46.387   710  1243 I wm_task_moved: [4,1,0]
04-12 10:48:55.571  3176  3176 I menu_opened: 0
04-12 10:49:17.144  3176  3176 I menu_opened: 0
04-12 10:49:17.566   177   177 I sf_frame_dur: [InputMethod,4,1,0,0,3,1,0]
04-12 10:49:25.290  3176  3176 I menu_opened: 0
04-12 10:49:35.103   177   177 I sf_frame_dur: [InputMethod,0,0,0,0,0,0,1]
04-12 10:49:36.046   710  1269 I am_kill : [0,1643,com.android.mms,15,empty #17]
04-12 10:49:36.078   710  1218 I am_proc_died: [0,1643,com.android.mms]
04-12 10:49:44.332   177   177 I sf_frame_dur: [InputMethod,0,0,0,0,0,0,1]
04-12 10:49:53.848  3176  3176 I menu_opened: 0
04-12 10:50:01.307   177   177 I sf_frame_dur: [VolumePanel,35,3,0,0,0,1,1]
04-12 10:50:09.235  3176  3176 I menu_opened: 0
04-12 10:50:12.626   177   177 I sf_frame_dur: [VolumePanel,15,2,0,0,0,0,0]
04-12 10:50:23.514  3176  3176 I menu_opened: 0
04-12 10:50:30.656   710  1042 I am_finish_activity: [0,567169100,4,com.youku.phone/com.ali.auth.third.ui.LoginWebViewActivity,app-request]
04-12 10:50:30.658   710  1042 I am_home_stack_moved: [0,0,1,1,finishActivity adjustTopFocus setFocusedActivity]
04-12 10:50:30.659   710  1042 I am_focused_activity: [0,com.youku.phone/com.ali.auth.third.ui.LoginActivity]
04-12 10:50:30.660   710  1042 I am_pause_activity: [0,567169100,com.youku.phone/com.ali.auth.third.ui.LoginWebViewActivity]
04-12 10:50:30.679  3176  3176 I am_on_paused_called: [0,com.ali.auth.third.ui.LoginWebViewActivity]
04-12 10:50:30.683   710  1243 I am_resume_activity: [0,353815843,4,com.youku.phone/com.ali.auth.third.ui.LoginActivity]
04-12 10:50:30.718   710  1269 I am_finish_activity: [0,421474611,4,com.youku.phone/com.youku.ui.activity.WebViewActivity,app-request]
04-12 10:50:30.720   710  1269 I am_destroy_activity: [0,421474611,4,com.youku.phone/com.youku.ui.activity.WebViewActivity,finish-imm]
04-12 10:50:30.736   710  1243 I am_finish_activity: [0,353815843,4,com.youku.phone/com.ali.auth.third.ui.LoginActivity,app-request]
04-12 10:50:30.738   710  1243 I am_home_stack_moved: [0,0,1,1,finishActivity adjustTopFocus setFocusedActivity]
04-12 10:50:30.743   710  1243 I am_focused_activity: [0,com.youku.phone/com.youku.ui.activity.DetailActivity]
04-12 10:50:30.744   710  1243 I am_pause_activity: [0,353815843,com.youku.phone/com.ali.auth.third.ui.LoginActivity]
04-12 10:50:30.846   710  1243 I am_resume_activity: [0,674612955,4,com.youku.phone/com.youku.ui.activity.DetailActivity]
04-12 10:50:30.888   710   710 I notification_cancel: [10054,3176,com.youku.phone,11250603,NULL,0,0,64,8,NULL]
04-12 10:50:31.011  3176  3176 I am_on_resume_called: [0,com.youku.ui.activity.DetailActivity]
04-12 10:50:31.143  3249  3249 I auditd  : type=1400 audit(0.0:48): avc: denied { read } for comm="OnLineMonitor" name="mem" dev="debugfs" ino=15991 scontext=u:r:untrusted_app:s0 tcontext=u:object_r:debugfs:s0 tclass=file
04-12 10:50:31.143  3249  3249 I auditd  : type=1400 audit(0.0:49): avc: denied { read } for comm="OnLineMonitor" name="mem" dev="debugfs" ino=15991 scontext=u:r:untrusted_app:s0 tcontext=u:object_r:debugfs:s0 tclass=file
04-12 10:50:31.941   177   177 I sf_frame_dur: [com.youku.phone/com.ali.auth.third.ui.LoginWebViewActivity,613,42,23,37,95,52,25]
04-12 10:50:32.210   710  1269 I am_destroy_activity: [0,567169100,4,com.youku.phone/com.ali.auth.third.ui.LoginWebViewActivity,finish-imm]
04-12 10:50:32.211   710  1269 I am_destroy_activity: [0,353815843,4,com.youku.phone/com.ali.auth.third.ui.LoginActivity,finish-idle]
04-12 10:50:32.674  3176  3176 I menu_opened: 0
04-12 10:50:33.006   710   809 I netstats_mobile_sample: [0,0,0,0,0,0,0,0,0,0,0,0,1491965433007]
04-12 10:50:33.007   710   809 I netstats_wifi_sample: [10563306,8710,544745,6346,10553851,8712,460425,6351,10530043,8696,458095,6333,1491965433007]
04-12 10:50:34.363  3249  3249 I auditd  : type=1400 audit(0.0:50): avc: denied { read } for comm="OnLineMonitor" name="mem" dev="debugfs" ino=15991 scontext=u:r:untrusted_app:s0 tcontext=u:object_r:debugfs:s0 tclass=file
04-12 10:50:34.363  3249  3249 I auditd  : type=1400 audit(0.0:51): avc: denied { read } for comm="OnLineMonitor" name="mem" dev="debugfs" ino=15991 scontext=u:r:untrusted_app:s0 tcontext=u:object_r:debugfs:s0 tclass=file
04-12 10:50:40.843  3249  3249 I auditd  : type=1400 audit(0.0:52): avc: denied { read } for comm="OnLineMonitor" name="mem" dev="debugfs" ino=15991 scontext=u:r:untrusted_app:s0 tcontext=u:object_r:debugfs:s0 tclass=file
04-12 10:50:40.843  3249  3249 I auditd  : type=1400 audit(0.0:53): avc: denied { read } for comm="OnLineMonitor" name="mem" dev="debugfs" ino=15991 scontext=u:r:untrusted_app:s0 tcontext=u:object_r:debugfs:s0 tclass=file
04-12 10:50:46.773  3249  3249 I auditd  : type=1400 audit(0.0:54): avc: denied { read } for comm="OnLineMonitor" name="mem" dev="debugfs" ino=15991 scontext=u:r:untrusted_app:s0 tcontext=u:object_r:debugfs:s0 tclass=file
04-12 10:50:46.783  3249  3249 I auditd  : type=1400 audit(0.0:55): avc: denied { read } for comm="OnLineMonitor" name="mem" dev="debugfs" ino=15991 scontext=u:r:untrusted_app:s0 tcontext=u:object_r:debugfs:s0 tclass=file
04-12 10:50:54.360   177   177 I sf_frame_dur: [com.youku.phone/com.youku.ui.activity.DetailActivity,0,1,2,1,0,0,3]
04-12 10:50:57.216   710   809 I netstats_mobile_sample: [0,0,0,0,0,0,0,0,0,0,0,0,1491965457217]
04-12 10:50:57.219   710   809 I netstats_wifi_sample: [12674283,10221,612746,7212,12673571,10229,516960,7220,12673571,10229,514950,7210,1491965457217]
04-12 10:50:58.133   710   809 I netstats_mobile_sample: [0,0,0,0,0,0,0,0,0,0,0,0,1491965458133]
04-12 10:50:58.135   710   809 I netstats_wifi_sample: [14786793,11633,657326,7978,14786081,11641,557342,7986,14732081,11605,554396,7958,1491965458133]
04-12 10:50:58.989   710   809 I netstats_mobile_sample: [0,0,0,0,0,0,0,0,0,0,0,0,1491965458990]
04-12 10:50:58.992   710   809 I netstats_wifi_sample: [16992121,13104,735020,8940,16991811,13114,622882,8950,16981311,13107,619910,8931,1491965458990]
04-12 10:50:59.927   710   809 I netstats_mobile_sample: [0,0,0,0,0,0,0,0,0,0,0,0,1491965459927]
04-12 10:50:59.929   710   809 I netstats_wifi_sample: [19143225,14539,788910,9679,19139915,14547,666410,9688,19124915,14537,663738,9671,1491965459927]
04-12 10:51:00.077  3176  3176 I menu_opened: 0
04-12 10:51:00.870   710   809 I netstats_mobile_sample: [0,0,0,0,0,0,0,0,0,0,0,0,1491965460871]
04-12 10:51:00.871   710   809 I netstats_wifi_sample: [21327553,15996,829150,10317,21327243,16006,701238,10327,21276243,15972,697994,10299,1491965460871]
04-12 10:51:04.501   710   710 I free_storage_changed: 13107683328
04-12 10:51:06.382   177   177 I sf_frame_dur: [SafetyWarning,15,0,1,0,0,1,0]
04-12 10:51:17.905   710   809 I netstats_mobile_sample: [0,0,0,0,0,0,0,0,0,0,0,0,1491965477906]
04-12 10:51:17.909   710   809 I netstats_wifi_sample: [23585472,17575,908941,11529,23585005,17585,764031,11539,23580505,17582,761567,11526,1491965477906]
04-12 10:51:18.897   710   809 I netstats_mobile_sample: [0,0,0,0,0,0,0,0,0,0,0,0,1491965478898]
04-12 10:51:18.898   710   809 I netstats_wifi_sample: [25785196,19048,956082,12279,25783223,19057,805390,12288,25782695,19053,802834,12273,1491965478898]
04-12 10:51:19.792   710   809 I netstats_mobile_sample: [0,0,0,0,0,0,0,0,0,0,0,0,1491965479793]
04-12 10:51:19.794   710   809 I netstats_wifi_sample: [27988967,20525,998469,12898,27988488,20535,842287,12908,27971988,20524,839771,12894,1491965479793]
04-12 10:51:20.682   710   809 I netstats_mobile_sample: [0,0,0,0,0,0,0,0,0,0,0,0,1491965480683]
04-12 10:51:20.686   710   809 I netstats_wifi_sample: [30185924,21994,1032665,13480,30185433,22004,873987,13490,30183605,22002,871523,13477,1491965480683]
04-12 10:51:36.947   177   177 I sf_frame_dur: [VolumePanel,0,1,1,0,0,0,0]
04-12 10:51:50.412   710   809 I netstats_mobile_sample: [0,0,0,0,0,0,0,0,0,0,0,0,1491965510408]
04-12 10:51:50.413   710   809 I netstats_wifi_sample: [32334754,23525,1097465,14384,32319453,23527,934945,14392,32313453,23523,932027,14376,1491965510408]
04-12 10:51:51.428   710   809 I netstats_mobile_sample: [0,0,0,0,0,0,0,0,0,0,0,0,1491965511427]
04-12 10:51:51.444   710   809 I netstats_wifi_sample: [34634910,25060,1135941,15172,34633109,25071,976105,15184,34633109,25071,973291,15170,1491965511427]
04-12 10:51:51.834   710  5180 I battery_level: [94,4152,350]
04-12 10:51:51.842   710   710 I notification_cancel: [10013,853,com.android.systemui,100,low_battery,-1,0,64,8,NULL]
04-12 10:51:52.378  3176  3176 I menu_opened: 0
04-12 10:52:02.360   177   177 I sf_frame_dur: [com.youku.phone/com.youku.ui.activity.DetailActivity,0,1,0,1,0,0,1]
04-12 10:52:02.510   177   177 I sf_frame_dur: [InputMethod,0,0,0,1,0,0,0]
04-12 10:52:04.362   710  6844 I am_home_stack_moved: [0,0,1,1,intentActivityFound]
04-12 10:52:04.362   710  6844 I wm_task_moved: [4,1,0]
04-12 10:52:04.509   710   710 I free_storage_changed: 13094842368
04-12 10:52:14.290   710   777 I am_anr  : [0,3176,com.youku.phone,12074564,Input dispatching timed out (Waiting to send non-key event because the focused window has not finished processing certain input events that were delivered to it over 500.0ms ago.  Wait queue length: 12.  Wait queue head age: 6056.0ms.)]
04-12 10:52:20.111   853   853 I sysui_panelholder_touch: [0,17,9]
04-12 10:52:20.217   710 20735 I notification_panel_revealed: []
04-12 10:52:20.253   710   899 I notification_visibility_changed: [0|com.youku.phone|1361926276|null|10054;-1|android|17040644|null|1000;-1|android|17040636|null|1000,]
04-12 10:52:21.654   710  1042 I notification_visibility_changed: [,-1|android|17040636|null|1000]
04-12 10:52:21.984   710   726 I notification_visibility_changed: [,-1|android|17040644|null|1000;0|com.youku.phone|1361926276|null|10054]
04-12 10:52:21.989   710  5180 I notification_panel_hidden: []
04-12 10:53:26.427   710  1218 I am_home_stack_moved: [0,0,1,1,intentActivityFound]
04-12 10:53:26.427   710  1218 I wm_task_moved: [4,1,0]
04-12 10:53:30.315  3176  3176 I menu_opened: 0
04-12 10:53:30.792   710   809 I netstats_mobile_sample: [0,0,0,0,0,0,0,0,0,0,0,0,1491965610793]
04-12 10:53:30.795   710   809 I netstats_wifi_sample: [37022676,26794,1193661,15938,37022633,26808,1038565,15952,37022633,26808,1035349,15936,1491965610793]
04-12 10:53:31.845   710   809 I netstats_mobile_sample: [0,0,0,0,0,0,0,0,0,0,0,0,1491965611846]
04-12 10:53:31.855   710   809 I netstats_wifi_sample: [39619456,28535,1233085,16746,39607487,28542,1081069,16758,39527987,28489,1076099,16714,1491965611846]
04-12 10:53:40.832   177   177 I sf_frame_dur: [VolumePanel,0,0,1,0,0,0,0]
04-12 10:53:41.537   853   853 I sysui_panelholder_touch: [0,509,57]
04-12 10:53:41.716   710   726 I notification_panel_revealed: []
04-12 10:53:41.774   710  8211 I notification_visibility_changed: [0|com.youku.phone|1361926276|null|10054;-1|android|17040644|null|1000,]
04-12 10:53:43.507   710  1042 I notification_visibility_changed: [-1|android|17040636|null|1000,]
04-12 10:53:44.330   710 20735 I notification_visibility_changed: [,-1|android|17040636|null|1000]
04-12 10:53:44.570   710  8213 I notification_visibility_changed: [,-1|android|17040644|null|1000;0|com.youku.phone|1361926276|null|10054]
04-12 10:53:44.573   710   726 I notification_panel_hidden: []
04-12 10:53:54.716   710  1134 I am_home_stack_moved: [0,0,1,1,intentActivityFound]
04-12 10:53:54.716   710  1134 I wm_task_moved: [4,1,0]
04-12 10:54:02.361   710  9013 I am_home_stack_moved: [0,0,1,1,intentActivityFound]
04-12 10:54:02.361   710  9013 I wm_task_moved: [4,1,0]
04-12 10:54:02.754   710   809 I netstats_mobile_sample: [0,0,0,0,0,0,0,0,0,0,0,0,1491965642755]
04-12 10:54:02.775   710   809 I netstats_wifi_sample: [42121956,30261,1274832,17601,42122207,30277,1128424,17617,42111707,30270,1124806,17599,1491965642755]
04-12 10:54:03.763   710   809 I netstats_mobile_sample: [0,0,0,0,0,0,0,0,0,0,0,0,1491965643764]
04-12 10:54:03.764   710   809 I netstats_wifi_sample: [44976456,32164,1311232,18374,44952707,32164,1168204,18382,44919707,32142,1163962,18352,1491965643764]
04-12 10:54:04.519   710   710 I free_storage_changed: 13084430336
04-12 10:54:11.792   710   726 I am_home_stack_moved: [0,0,1,1,intentActivityFound]
04-12 10:54:11.792   710   726 I wm_task_moved: [4,1,0]
04-12 10:54:17.669   177   177 I sf_frame_dur: [com.youku.phone/com.youku.ui.activity.DetailActivity,0,1,4,7,24,26,7]
04-12 10:54:18.649   853   853 I sysui_panelholder_touch: [0,647,44]
04-12 10:54:18.875   710  1042 I notification_panel_revealed: []
04-12 10:54:18.970   710 20735 I notification_visibility_changed: [0|com.youku.phone|1361926276|null|10054;-1|android|17040644|null|1000,]
04-12 10:54:19.114   710  6844 I notification_visibility_changed: [,-1|android|17040644|null|1000;0|com.youku.phone|1361926276|null|10054]
04-12 10:54:19.116   710  1042 I notification_panel_hidden: []
04-12 10:54:25.228   710   777 I am_anr  : [0,1011,com.android.inputmethod.latin,13155909,Input dispatching timed out (Waiting to send non-key event because the touched window has not finished processing certain input events that were delivered to it over 500.0ms ago.  Wait queue length: 2.  Wait queue head age: 7034.7ms.)]
04-12 10:54:57.759   177   177 I sf_frame_dur: [InputMethod,0,0,2,0,2,5,12]
04-12 10:54:59.730   710   809 I netstats_mobile_sample: [0,0,0,0,0,0,0,0,0,0,0,0,1491965699731]
04-12 10:54:59.731   710   809 I netstats_wifi_sample: [47383094,33854,1377431,19395,47371632,33864,1236999,19407,47371632,33864,1232979,19387,1491965699731]
04-12 10:55:00.582   710   809 I netstats_mobile_sample: [0,0,0,0,0,0,0,0,0,0,0,0,1491965700583]
04-12 10:55:00.584   710   809 I netstats_wifi_sample: [49684781,35394,1409089,20066,49653803,35391,1271547,20076,49625303,35372,1267111,20048,1491965700583]
04-12 10:55:04.524   710   710 I free_storage_changed: 13080072192
04-12 10:55:56.593  3176  3176 I menu_opened: 0
04-12 10:56:03.268   710   809 I netstats_mobile_sample: [0,0,0,0,0,0,0,0,0,0,0,0,1491965763269]
04-12 10:56:03.269   710   809 I netstats_wifi_sample: [51867273,36930,1450154,20941,51859600,36946,1320720,20957,51841744,36934,1315416,20921,1491965763269]
04-12 10:56:03.998   177   177 I sf_frame_dur: [VolumePanel,0,0,0,0,1,0,0]
04-12 10:56:04.323   853   853 I sysui_panelholder_touch: [0,425,59]
04-12 10:56:04.402   710  1243 I notification_panel_revealed: []
04-12 10:56:04.530   710   710 I free_storage_changed: 13075603456
04-12 10:56:04.533   710  1042 I notification_visibility_changed: [0|com.youku.phone|1361926276|null|10054;-1|android|17040644|null|1000,]
04-12 10:56:04.679   710   809 I netstats_mobile_sample: [0,0,0,0,0,0,0,0,0,0,0,0,1491965764680]
04-12 10:56:04.701   710   809 I netstats_wifi_sample: [54346713,38598,1484954,21713,54347968,38620,1351840,21735,54339040,38614,1346936,21709,1491965764680]
04-12 10:56:04.710   710  1042 I notification_visibility_changed: [,-1|android|17040644|null|1000;0|com.youku.phone|1361926276|null|10054]
04-12 10:56:04.725   710  8213 I notification_panel_hidden: []
04-12 10:56:06.121   710   809 I netstats_mobile_sample: [0,0,0,0,0,0,0,0,0,0,0,0,1491965766122]
04-12 10:56:06.124   710   809 I netstats_wifi_sample: [56724865,40197,1512980,22369,56720168,40215,1378012,22389,56720168,40215,1373188,22365,1491965766122]
04-12 10:56:07.339   710   809 I netstats_mobile_sample: [0,0,0,0,0,0,0,0,0,0,0,0,1491965767340]
04-12 10:56:07.340   710   809 I netstats_wifi_sample: [59156585,41832,1543408,23147,59151888,41850,1409168,23167,59134032,41838,1404104,23137,1491965767340]
04-12 10:56:10.292  3176  3176 I menu_opened: 0
04-12 10:56:37.168   177   177 I sf_frame_dur: [VolumePanel,0,0,0,1,0,0,0]
04-12 10:56:44.796   710  1218 I battery_level: [93,4178,380]
04-12 10:56:45.168   710   710 I notification_cancel: [10013,853,com.android.systemui,100,low_battery,-1,0,64,8,NULL]
04-12 10:57:04.180   177   177 I sf_frame_dur: [com.youku.phone/com.youku.ui.activity.DetailActivity,0,5,4,5,28,20,5]
04-12 10:57:04.538   710   710 I free_storage_changed: 13069443072
04-12 10:57:05.856   853   853 I sysui_panelholder_touch: [0,679,40]
04-12 10:57:06.020   710  9013 I notification_panel_revealed: []
04-12 10:57:06.091   710  1269 I notification_visibility_changed: [0|com.youku.phone|1361926276|null|10054;-1|android|17040644|null|1000,]
04-12 10:57:08.142   710  9013 I notification_visibility_changed: [,-1|android|17040644|null|1000;0|com.youku.phone|1361926276|null|10054]
04-12 10:57:08.144   710   726 I notification_panel_hidden: []
04-12 10:57:13.621   710   809 I netstats_mobile_sample: [0,0,0,0,0,0,0,0,0,0,0,0,1491965833622]
04-12 10:57:13.645   710   809 I netstats_wifi_sample: [61499986,43528,1604527,24222,61501506,43552,1461221,24246,61501506,43552,1455995,24220,1491965833622]
04-12 10:57:16.071   710   809 I netstats_mobile_sample: [0,0,0,0,0,0,0,0,0,0,0,0,1491965836072]
04-12 10:57:16.072   710   809 I netstats_wifi_sample: [63972021,45190,1642181,25034,63973541,45214,1493713,25058,63973541,45214,1488487,25032,1491965836072]
04-12 10:57:26.473   177   177 I sf_frame_dur: [InputMethod,1,2,4,2,3,1,11]
04-12 10:57:28.246   710   726 I am_finish_activity: [0,674612955,4,com.youku.phone/com.youku.ui.activity.DetailActivity,app-request]
04-12 10:57:28.249   710   726 I am_home_stack_moved: [0,0,1,1,finishActivity adjustTopFocus setFocusedActivity]
04-12 10:57:28.249   710   726 I am_focused_activity: [0,com.youku.phone/com.youku.ui.activity.HomePageActivity]
04-12 10:57:28.251   710   726 I am_pause_activity: [0,674612955,com.youku.phone/com.youku.ui.activity.DetailActivity]
04-12 10:57:28.756   710   777 I am_resume_activity: [0,506988911,4,com.youku.phone/com.youku.ui.activity.HomePageActivity]
04-12 10:57:28.793  3176  3176 I am_on_paused_called: [0,com.youku.ui.activity.DetailActivity]
04-12 10:57:28.795   710  5180 I am_failed_to_pause: [0,674612955,com.youku.phone/com.youku.ui.activity.DetailActivity,(none)]
04-12 10:57:29.109  3176  3176 I am_on_resume_called: [0,com.youku.HomePageModule]
04-12 10:57:29.144  3176  3176 I am_on_resume_called: [0,com.youku.ui.activity.HomePageActivity]
04-12 10:57:29.513  3249  3249 I auditd  : type=1400 audit(0.0:56): avc: denied { read } for comm="OnLineMonitor" name="mem" dev="debugfs" ino=15991 scontext=u:r:untrusted_app:s0 tcontext=u:object_r:debugfs:s0 tclass=file
04-12 10:57:29.513  3249  3249 I auditd  : type=1400 audit(0.0:57): avc: denied { read } for comm="OnLineMonitor" name="mem" dev="debugfs" ino=15991 scontext=u:r:untrusted_app:s0 tcontext=u:object_r:debugfs:s0 tclass=file
04-12 10:57:29.721   710   777 I am_destroy_activity: [0,674612955,4,com.youku.phone/com.youku.ui.activity.DetailActivity,finish-imm]
04-12 10:57:29.731   177   177 I sf_frame_dur: [SurfaceView,781,2385,1065,522,167,33,33]
04-12 10:57:29.733   177   177 I sf_frame_dur: [com.youku.phone/com.youku.ui.activity.DetailActivity,9518,4204,854,113,38,23,13]
04-12 10:57:29.881   710   710 I notification_cancel: [10054,3176,com.youku.phone,11250603,NULL,0,0,64,8,NULL]
04-12 10:57:47.733   710  1115 I am_home_stack_moved: [0,0,1,1,intentActivityFound]
04-12 10:57:47.733   710  1115 I wm_task_moved: [4,1,0]
04-12 10:57:47.743   710  1115 I am_home_stack_moved: [0,0,1,1,sourceStackToFront]
04-12 10:57:47.743   710  1115 I wm_task_moved: [4,1,0]
04-12 10:57:47.751   710  1115 I am_create_activity: [0,253588451,4,com.youku.phone/com.soku.searchsdk.activity.SearchActivity,android.intent.action.VIEW,NULL,sokusdk://search,268435456]
04-12 10:57:47.753   710  1115 I am_pause_activity: [0,506988911,com.youku.phone/com.youku.ui.activity.HomePageActivity]
04-12 10:57:47.758   710  1115 I am_home_stack_moved: [0,0,1,1,startedActivity setFocusedActivity]
04-12 10:57:47.760   710  1115 I am_focused_activity: [0,com.youku.phone/com.soku.searchsdk.activity.SearchActivity]
04-12 10:57:47.836  3176  3176 I am_on_paused_called: [0,com.youku.HomePageModule]
04-12 10:57:47.843  3176  3176 I am_on_paused_called: [0,com.youku.ui.activity.HomePageActivity]
04-12 10:57:47.846   710  6844 I am_restart_activity: [0,253588451,4,com.youku.phone/com.soku.searchsdk.activity.SearchActivity]
04-12 10:57:48.054   177   177 I sf_frame_dur: [com.youku.phone/com.youku.HomePageModule,52,2,0,0,0,0,0]
04-12 10:57:48.893  3249  3249 I auditd  : type=1400 audit(0.0:58): avc: denied { read } for comm="OnLineMonitor" name="mem" dev="debugfs" ino=15991 scontext=u:r:untrusted_app:s0 tcontext=u:object_r:debugfs:s0 tclass=file
04-12 10:57:48.903  3249  3249 I auditd  : type=1400 audit(0.0:59): avc: denied { read } for comm="OnLineMonitor" name="mem" dev="debugfs" ino=15991 scontext=u:r:untrusted_app:s0 tcontext=u:object_r:debugfs:s0 tclass=file
04-12 10:57:49.728  3176  3176 I am_on_resume_called: [0,com.soku.searchsdk.activity.SearchActivity]
04-12 10:57:50.031   710   782 I am_activity_launch_time: [0,253588451,com.youku.phone/com.soku.searchsdk.activity.SearchActivity,2186,2186]
04-12 10:57:50.283   177   177 I sf_frame_dur: [com.youku.phone/com.youku.ui.activity.HomePageActivity,32,7,4,1,4,4,4]
04-12 10:57:51.793  3249  3249 I auditd  : type=1400 audit(0.0:60): avc: denied { read } for comm="OnLineMonitor" name="mem" dev="debugfs" ino=15991 scontext=u:r:untrusted_app:s0 tcontext=u:object_r:debugfs:s0 tclass=file
04-12 10:57:51.793  3249  3249 I auditd  : type=1400 audit(0.0:61): avc: denied { read } for comm="OnLineMonitor" name="mem" dev="debugfs" ino=15991 scontext=u:r:untrusted_app:s0 tcontext=u:object_r:debugfs:s0 tclass=file
04-12 10:57:58.563  3249  3249 I auditd  : type=1400 audit(0.0:62): avc: denied { read } for comm="OnLineMonitor" name="mem" dev="debugfs" ino=15991 scontext=u:r:untrusted_app:s0 tcontext=u:object_r:debugfs:s0 tclass=file
04-12 10:57:58.593  3249  3249 I auditd  : type=1400 audit(0.0:63): avc: denied { read } for comm="OnLineMonitor" name="mem" dev="debugfs" ino=15991 scontext=u:r:untrusted_app:s0 tcontext=u:object_r:debugfs:s0 tclass=file
04-12 10:58:02.988   710  1134 I am_home_stack_moved: [0,0,1,1,intentActivityFound]
04-12 10:58:02.988   710  1134 I wm_task_moved: [4,1,0]
04-12 10:58:03.002   710  1134 I am_home_stack_moved: [0,0,1,1,sourceStackToFront]
04-12 10:58:03.002   710  1134 I wm_task_moved: [4,1,0]
04-12 10:58:03.008   710  1134 I am_create_activity: [0,506368060,4,com.youku.phone/com.soku.searchsdk.activity.SearchResultActivity,NULL,NULL,NULL,268435456]
04-12 10:58:03.015   710  1134 I am_pause_activity: [0,253588451,com.youku.phone/com.soku.searchsdk.activity.SearchActivity]
04-12 10:58:03.020   710  1134 I am_home_stack_moved: [0,0,1,1,startedActivity setFocusedActivity]
04-12 10:58:03.024   710  1134 I am_focused_activity: [0,com.youku.phone/com.soku.searchsdk.activity.SearchResultActivity]
04-12 10:58:03.243  3176  3176 I am_on_paused_called: [0,com.soku.searchsdk.activity.SearchActivity]
04-12 10:58:03.255   710  9069 I am_restart_activity: [0,506368060,4,com.youku.phone/com.soku.searchsdk.activity.SearchResultActivity]
04-12 10:58:03.925  3176  3176 I am_on_resume_called: [0,com.soku.searchsdk.activity.SearchResultActivity]
04-12 10:58:04.543   710   710 I free_storage_changed: 13061488640
04-12 10:58:04.713  3249  3249 I auditd  : type=1400 audit(0.0:64): avc: denied { read } for comm="OnLineMonitor" name="mem" dev="debugfs" ino=15991 scontext=u:r:untrusted_app:s0 tcontext=u:object_r:debugfs:s0 tclass=file
04-12 10:58:04.713  3249  3249 I auditd  : type=1400 audit(0.0:65): avc: denied { read } for comm="OnLineMonitor" name="mem" dev="debugfs" ino=15991 scontext=u:r:untrusted_app:s0 tcontext=u:object_r:debugfs:s0 tclass=file
04-12 10:58:06.068   710   782 I am_activity_launch_time: [0,506368060,com.youku.phone/com.soku.searchsdk.activity.SearchResultActivity,2815,2815]
04-12 10:58:06.815   177   177 I sf_frame_dur: [com.youku.phone/com.soku.searchsdk.activity.SearchActivity,129,6,2,3,3,3,1]
04-12 10:58:15.033  3249  3249 I auditd  : type=1400 audit(0.0:66): avc: denied { read } for comm="OnLineMonitor" name="mem" dev="debugfs" ino=15991 scontext=u:r:untrusted_app:s0 tcontext=u:object_r:debugfs:s0 tclass=file
04-12 10:58:15.033  3249  3249 I auditd  : type=1400 audit(0.0:67): avc: denied { read } for comm="OnLineMonitor" name="mem" dev="debugfs" ino=15991 scontext=u:r:untrusted_app:s0 tcontext=u:object_r:debugfs:s0 tclass=file
04-12 10:58:21.356   710   727 I am_home_stack_moved: [0,0,1,1,intentActivityFound]
04-12 10:58:21.356   710   727 I wm_task_moved: [4,1,0]
04-12 10:58:21.361   710   727 I am_finish_activity: [0,506368060,4,com.youku.phone/com.soku.searchsdk.activity.SearchResultActivity,clear]
04-12 10:58:21.363   710   727 I am_home_stack_moved: [0,0,1,1,finishActivity adjustTopFocus setFocusedActivity]
04-12 10:58:21.364   710   727 I am_focused_activity: [0,com.youku.phone/com.soku.searchsdk.activity.SearchActivity]
04-12 10:58:21.364   710   727 I am_pause_activity: [0,506368060,com.youku.phone/com.soku.searchsdk.activity.SearchResultActivity]
04-12 10:58:21.365   710   727 I am_new_intent: [0,143567572,4,com.youku.phone/com.soku.searchsdk.activity.SearchActivity,NULL,NULL,NULL,268435456]
04-12 10:58:21.486  3176  3176 I am_on_paused_called: [0,com.soku.searchsdk.activity.SearchResultActivity]
04-12 10:58:21.496   710  1134 I am_resume_activity: [0,253588451,4,com.youku.phone/com.soku.searchsdk.activity.SearchActivity]
04-12 10:58:21.553  3249  3249 I auditd  : type=1400 audit(0.0:68): avc: denied { read } for comm="OnLineMonitor" name="mem" dev="debugfs" ino=15991 scontext=u:r:untrusted_app:s0 tcontext=u:object_r:debugfs:s0 tclass=file
04-12 10:58:21.553  3249  3249 I auditd  : type=1400 audit(0.0:69): avc: denied { read } for comm="OnLineMonitor" name="mem" dev="debugfs" ino=15991 scontext=u:r:untrusted_app:s0 tcontext=u:object_r:debugfs:s0 tclass=file
04-12 10:58:21.634  3176  3176 I am_on_resume_called: [0,com.soku.searchsdk.activity.SearchActivity]
04-12 10:58:22.037   710   777 I am_destroy_activity: [0,506368060,4,com.youku.phone/com.soku.searchsdk.activity.SearchResultActivity,finish-imm]
04-12 10:58:22.052   177   177 I sf_frame_dur: [com.youku.phone/com.soku.searchsdk.activity.SearchResultActivity,152,2,3,3,2,1,4]
04-12 10:58:23.383  3249  3249 I auditd  : type=1400 audit(0.0:70): avc: denied { read } for comm="OnLineMonitor" name="mem" dev="debugfs" ino=15991 scontext=u:r:untrusted_app:s0 tcontext=u:object_r:debugfs:s0 tclass=file
04-12 10:58:23.383  3249  3249 I auditd  : type=1400 audit(0.0:71): avc: denied { read } for comm="OnLineMonitor" name="mem" dev="debugfs" ino=15991 scontext=u:r:untrusted_app:s0 tcontext=u:object_r:debugfs:s0 tclass=file
04-12 10:58:27.622   710  9069 I am_home_stack_moved: [0,0,1,1,intentActivityFound]
04-12 10:58:27.623   710  9069 I wm_task_moved: [4,1,0]
04-12 10:58:27.628   710  9069 I am_home_stack_moved: [0,0,1,1,sourceStackToFront]
04-12 10:58:27.628   710  9069 I wm_task_moved: [4,1,0]
04-12 10:58:27.635   710  9069 I am_create_activity: [0,455168190,4,com.youku.phone/com.soku.searchsdk.activity.SearchResultActivity,NULL,NULL,NULL,268435456]
04-12 10:58:27.636   710  9069 I am_pause_activity: [0,253588451,com.youku.phone/com.soku.searchsdk.activity.SearchActivity]
04-12 10:58:27.640   710  9069 I am_home_stack_moved: [0,0,1,1,startedActivity setFocusedActivity]
04-12 10:58:27.643   710  9069 I am_focused_activity: [0,com.youku.phone/com.soku.searchsdk.activity.SearchResultActivity]
04-12 10:58:27.757  3176  3176 I am_on_paused_called: [0,com.soku.searchsdk.activity.SearchActivity]
04-12 10:58:27.760   710  1115 I am_restart_activity: [0,455168190,4,com.youku.phone/com.soku.searchsdk.activity.SearchResultActivity]
04-12 10:58:27.872   710  1243 I am_kill : [0,2260,com.android.quicksearchbox,15,empty #17]
04-12 10:58:27.932   177   177 I sf_frame_dur: [InputMethod,0,0,0,0,0,0,1]
04-12 10:58:27.957   710   899 I am_proc_died: [0,2260,com.android.quicksearchbox]
04-12 10:58:28.010  3176  3176 I am_on_resume_called: [0,com.soku.searchsdk.activity.SearchResultActivity]
04-12 10:58:28.143  3249  3249 I auditd  : type=1400 audit(0.0:72): avc: denied { read } for comm="OnLineMonitor" name="mem" dev="debugfs" ino=15991 scontext=u:r:untrusted_app:s0 tcontext=u:object_r:debugfs:s0 tclass=file
04-12 10:58:28.143  3249  3249 I auditd  : type=1400 audit(0.0:73): avc: denied { read } for comm="OnLineMonitor" name="mem" dev="debugfs" ino=15991 scontext=u:r:untrusted_app:s0 tcontext=u:object_r:debugfs:s0 tclass=file
04-12 10:58:28.514   710   782 I am_activity_launch_time: [0,455168190,com.youku.phone/com.soku.searchsdk.activity.SearchResultActivity,756,756]
04-12 10:58:28.751   177   177 I sf_frame_dur: [com.youku.phone/com.soku.searchsdk.activity.SearchActivity,2,0,1,6,5,1,1]
04-12 10:58:29.982   710  1243 I am_home_stack_moved: [0,0,1,1,sourceStackToFront]
04-12 10:58:29.982   710  1243 I wm_task_moved: [4,1,0]
04-12 10:58:29.987   710  1243 I am_create_activity: [0,537581858,4,com.youku.phone/com.youku.ui.activity.DetailActivity,NULL,NULL,NULL,0]
04-12 10:58:29.989   710  1243 I am_pause_activity: [0,455168190,com.youku.phone/com.soku.searchsdk.activity.SearchResultActivity]
04-12 10:58:29.993   710  1243 I am_home_stack_moved: [0,0,1,1,startedActivity setFocusedActivity]
04-12 10:58:29.995   710  1243 I am_focused_activity: [0,com.youku.phone/com.youku.ui.activity.DetailActivity]
04-12 10:58:30.160  3176  3176 I am_on_paused_called: [0,com.soku.searchsdk.activity.SearchResultActivity]
04-12 10:58:30.166   710  8211 I am_restart_activity: [0,537581858,4,com.youku.phone/com.youku.ui.activity.DetailActivity]
04-12 10:58:30.593  3249  3249 I auditd  : type=1400 audit(0.0:74): avc: denied { read } for comm="OnLineMonitor" name="mem" dev="debugfs" ino=15991 scontext=u:r:untrusted_app:s0 tcontext=u:object_r:debugfs:s0 tclass=file
04-12 10:58:30.593  3249  3249 I auditd  : type=1400 audit(0.0:75): avc: denied { read } for comm="OnLineMonitor" name="mem" dev="debugfs" ino=15991 scontext=u:r:untrusted_app:s0 tcontext=u:object_r:debugfs:s0 tclass=file
04-12 10:58:32.068   710   710 I notification_cancel: [10054,3176,com.youku.phone,11250603,NULL,0,0,64,8,NULL]
04-12 10:58:32.137  3176  3176 I am_on_resume_called: [0,com.youku.ui.activity.DetailActivity]
04-12 10:58:33.199   710   782 I am_activity_launch_time: [0,537581858,com.youku.phone/com.youku.ui.activity.DetailActivity,3035,3035]
04-12 10:58:33.979   710   809 I netstats_mobile_sample: [0,0,0,0,0,0,0,0,0,0,0,0,1491965913964]
04-12 10:58:33.980   710   809 I netstats_wifi_sample: [66403963,47163,1761891,26414,66397828,47184,1596963,26437,66385924,47176,1591215,26406,1491965913964]
04-12 10:58:34.048   177   177 I sf_frame_dur: [com.youku.phone/com.soku.searchsdk.activity.SearchResultActivity,3,2,2,2,2,1,1]
04-12 10:58:35.141   710   809 I netstats_mobile_sample: [0,0,0,0,0,0,0,0,0,0,0,0,1491965915142]
04-12 10:58:35.142   710   809 I netstats_wifi_sample: [68694120,48709,1808872,27240,68693931,48734,1633488,27266,68689467,48731,1627820,27237,1491965915142]
04-12 10:58:36.114   710  1134 I am_home_stack_moved: [0,0,1,1,sourceStackToFront]
04-12 10:58:36.114   710  1134 I wm_task_moved: [4,1,0]
04-12 10:58:36.123   710  1134 I am_create_activity: [0,83796491,4,com.youku.phone/com.youku.ui.activity.WebViewActivity,com.youku.action.YoukuWebview,NULL,NULL,0]
04-12 10:58:36.124   710  1134 I am_pause_activity: [0,537581858,com.youku.phone/com.youku.ui.activity.DetailActivity]
04-12 10:58:36.130   710  1134 I am_home_stack_moved: [0,0,1,1,startedActivity setFocusedActivity]
04-12 10:58:36.135   710  1134 I am_focused_activity: [0,com.youku.phone/com.youku.ui.activity.WebViewActivity]
04-12 10:58:36.633   710   777 I am_restart_activity: [0,83796491,4,com.youku.phone/com.youku.ui.activity.WebViewActivity]
04-12 10:58:37.479  3176  3176 I am_on_paused_called: [0,com.youku.ui.activity.DetailActivity]
04-12 10:58:37.480   710  1134 I am_failed_to_pause: [0,537581858,com.youku.phone/com.youku.ui.activity.DetailActivity,(none)]
04-12 10:58:38.226   710  6844 I am_home_stack_moved: [0,0,1,1,sourceStackToFront]
04-12 10:58:38.226   710  6844 I wm_task_moved: [4,1,0]
04-12 10:58:38.235   710  6844 I am_create_activity: [0,961574461,4,com.youku.phone/.home.activity.ScoreActivity,NULL,NULL,NULL,0]
04-12 10:58:38.244   710  6844 I am_pause_activity: [0,83796491,com.youku.phone/com.youku.ui.activity.WebViewActivity]
04-12 10:58:38.250   710  6844 I am_home_stack_moved: [0,0,1,1,startedActivity setFocusedActivity]
04-12 10:58:38.251   710  6844 I am_focused_activity: [0,com.youku.phone/.home.activity.ScoreActivity]
04-12 10:58:38.268  3176  3176 I am_on_resume_called: [0,com.youku.ui.activity.WebViewActivity]
04-12 10:58:38.659  3176  3176 I am_on_paused_called: [0,com.youku.ui.activity.WebViewActivity]
04-12 10:58:38.666   710  5180 I am_restart_activity: [0,961574461,4,com.youku.phone/.home.activity.ScoreActivity]
04-12 10:58:39.373  3176  3176 I am_on_resume_called: [0,com.youku.phone.home.activity.ScoreActivity]
04-12 10:58:40.372   710   782 I am_activity_launch_time: [0,961574461,com.youku.phone/.home.activity.ScoreActivity,1709,3741]
04-12 10:58:40.615   177   177 I sf_frame_dur: [com.youku.phone/com.youku.ui.activity.DetailActivity,0,0,2,2,3,2,2]
04-12 10:58:40.632   177   177 I sf_frame_dur: [SurfaceView,8,10,10,4,1,1,0]
04-12 10:58:41.343  3249  3249 I auditd  : type=1400 audit(0.0:76): avc: denied { read } for comm="OnLineMonitor" name="mem" dev="debugfs" ino=15991 scontext=u:r:untrusted_app:s0 tcontext=u:object_r:debugfs:s0 tclass=file
04-12 10:58:41.353  3249  3249 I auditd  : type=1400 audit(0.0:77): avc: denied { read } for comm="OnLineMonitor" name="mem" dev="debugfs" ino=15991 scontext=u:r:untrusted_app:s0 tcontext=u:object_r:debugfs:s0 tclass=file
04-12 10:58:43.298  3176  3176 I menu_opened: 0
04-12 10:58:47.797   177   177 I sf_frame_dur: [VolumePanel,3,2,0,1,0,0,0]
04-12 10:58:48.953  3249  3249 I auditd  : type=1400 audit(0.0:78): avc: denied { read } for comm="OnLineMonitor" name="mem" dev="debugfs" ino=15991 scontext=u:r:untrusted_app:s0 tcontext=u:object_r:debugfs:s0 tclass=file
04-12 10:58:48.973  3249  3249 I auditd  : type=1400 audit(0.0:79): avc: denied { read } for comm="OnLineMonitor" name="mem" dev="debugfs" ino=15991 scontext=u:r:untrusted_app:s0 tcontext=u:object_r:debugfs:s0 tclass=file
04-12 10:58:51.668   710  8211 I am_finish_activity: [0,961574461,4,com.youku.phone/.home.activity.ScoreActivity,app-request]
04-12 10:58:51.672   710  8211 I am_home_stack_moved: [0,0,1,1,finishActivity adjustTopFocus setFocusedActivity]
04-12 10:58:51.674   710  8211 I am_focused_activity: [0,com.youku.phone/com.youku.ui.activity.WebViewActivity]
04-12 10:58:51.674   710  8211 I am_pause_activity: [0,961574461,com.youku.phone/.home.activity.ScoreActivity]
04-12 10:58:51.733  3176  3176 I am_on_paused_called: [0,com.youku.phone.home.activity.ScoreActivity]
04-12 10:58:51.746   710  6844 I am_resume_activity: [0,83796491,4,com.youku.phone/com.youku.ui.activity.WebViewActivity]
04-12 10:58:51.823  3176  3176 I am_on_resume_called: [0,com.youku.ui.activity.WebViewActivity]
04-12 10:58:52.002   710  9069 I am_destroy_activity: [0,961574461,4,com.youku.phone/.home.activity.ScoreActivity,finish-imm]
04-12 10:58:52.174   177   177 I sf_frame_dur: [com.youku.phone/com.youku.phone.home.activity.ScoreActivity,1,0,0,0,0,0,0]
04-12 10:58:52.373  3249  3249 I auditd  : type=1400 audit(0.0:80): avc: denied { read } for comm="OnLineMonitor" name="mem" dev="debugfs" ino=15991 scontext=u:r:untrusted_app:s0 tcontext=u:object_r:debugfs:s0 tclass=file
04-12 10:58:52.373  3249  3249 I auditd  : type=1400 audit(0.0:81): avc: denied { read } for comm="OnLineMonitor" name="mem" dev="debugfs" ino=15991 scontext=u:r:untrusted_app:s0 tcontext=u:object_r:debugfs:s0 tclass=file
04-12 10:58:53.682   710  6844 I am_home_stack_moved: [0,0,1,1,intentActivityFound]
04-12 10:58:53.683   710  6844 I wm_task_moved: [4,1,0]
04-12 10:59:04.550   710   710 I free_storage_changed: 13056987136
04-12 10:59:16.087  3176  3176 I menu_item_selected: [0,]
04-12 10:59:17.518   177   177 I sf_frame_dur: [com.youku.phone/com.youku.ui.activity.WebViewActivity,1,0,0,0,2,0,0]
04-12 10:59:19.155   710   899 I am_finish_activity: [0,83796491,4,com.youku.phone/com.youku.ui.activity.WebViewActivity,app-request]
04-12 10:59:19.159   710   899 I am_home_stack_moved: [0,0,1,1,finishActivity adjustTopFocus setFocusedActivity]
04-12 10:59:19.160   710   899 I am_focused_activity: [0,com.youku.phone/com.youku.ui.activity.DetailActivity]
04-12 10:59:19.161   710   899 I am_pause_activity: [0,83796491,com.youku.phone/com.youku.ui.activity.WebViewActivity]
04-12 10:59:19.210  3176  3176 I am_on_paused_called: [0,com.youku.ui.activity.WebViewActivity]
04-12 10:59:19.216   710  6844 I am_resume_activity: [0,537581858,4,com.youku.phone/com.youku.ui.activity.DetailActivity]
04-12 10:59:19.289   710   710 I notification_cancel: [10054,3176,com.youku.phone,11250603,NULL,0,0,64,8,NULL]
04-12 10:59:19.421  3176  3176 I am_on_resume_called: [0,com.youku.ui.activity.DetailActivity]
04-12 10:59:19.613  3249  3249 I auditd  : type=1400 audit(0.0:82): avc: denied { read } for comm="OnLineMonitor" name="mem" dev="debugfs" ino=15991 scontext=u:r:untrusted_app:s0 tcontext=u:object_r:debugfs:s0 tclass=file
04-12 10:59:19.613  3249  3249 I auditd  : type=1400 audit(0.0:83): avc: denied { read } for comm="OnLineMonitor" name="mem" dev="debugfs" ino=15991 scontext=u:r:untrusted_app:s0 tcontext=u:object_r:debugfs:s0 tclass=file
04-12 10:59:20.000   710   809 I netstats_mobile_sample: [0,0,0,0,0,0,0,0,0,0,0,0,1491965960000]
04-12 10:59:20.001   710   809 I netstats_wifi_sample: [70811093,50305,1880546,28201,70812166,50331,1697126,28227,70809190,50329,1691498,28199,1491965960000]
04-12 10:59:21.891   710   809 I netstats_mobile_sample: [0,0,0,0,0,0,0,0,0,0,0,0,1491965961891]
04-12 10:59:21.894   710   809 I netstats_wifi_sample: [72896775,51746,1940282,29283,72897760,51772,1745750,29309,72884316,51762,1739722,29271,1491965961891]
04-12 10:59:21.899   177   177 I sf_frame_dur: [com.youku.phone/com.youku.ui.activity.WebViewActivity,123,5,2,4,3,6,7]
04-12 10:59:22.653  3249  3249 I auditd  : type=1400 audit(0.0:84): avc: denied { read } for comm="OnLineMonitor" name="mem" dev="debugfs" ino=15991 scontext=u:r:untrusted_app:s0 tcontext=u:object_r:debugfs:s0 tclass=file
04-12 10:59:22.653  3249  3249 I auditd  : type=1400 audit(0.0:85): avc: denied { read } for comm="OnLineMonitor" name="mem" dev="debugfs" ino=15991 scontext=u:r:untrusted_app:s0 tcontext=u:object_r:debugfs:s0 tclass=file
04-12 10:59:23.293   710   809 I netstats_mobile_sample: [0,0,0,0,0,0,0,0,0,0,0,0,1491965963293]
04-12 10:59:23.294   710   809 I netstats_wifi_sample: [75060747,53203,1985936,30116,75062122,53231,1780466,30144,75035338,53213,1774076,30105,1491965963293]
04-12 10:59:23.683  3249  3249 I auditd  : type=1400 audit(0.0:86): avc: denied { read } for comm="OnLineMonitor" name="mem" dev="debugfs" ino=15991 scontext=u:r:untrusted_app:s0 tcontext=u:object_r:debugfs:s0 tclass=file
04-12 10:59:23.683  3249  3249 I auditd  : type=1400 audit(0.0:87): avc: denied { read } for comm="OnLineMonitor" name="mem" dev="debugfs" ino=15991 scontext=u:r:untrusted_app:s0 tcontext=u:object_r:debugfs:s0 tclass=file
04-12 10:59:24.072   710  1134 I am_destroy_activity: [0,83796491,4,com.youku.phone/com.youku.ui.activity.WebViewActivity,finish-imm]
04-12 10:59:24.256   710  9069 I am_home_stack_moved: [0,0,1,1,sourceStackToFront]
04-12 10:59:24.256   710  9069 I wm_task_moved: [4,1,0]
04-12 10:59:24.261   710  9069 I am_create_activity: [0,816696533,4,com.youku.phone/com.youku.ui.activity.WebViewActivity,com.youku.action.YoukuWebview,NULL,NULL,0]
04-12 10:59:24.263   710  9069 I am_pause_activity: [0,537581858,com.youku.phone/com.youku.ui.activity.DetailActivity]
04-12 10:59:24.266   710  9069 I am_home_stack_moved: [0,0,1,1,startedActivity setFocusedActivity]
04-12 10:59:24.268   710  9069 I am_focused_activity: [0,com.youku.phone/com.youku.ui.activity.WebViewActivity]
04-12 10:59:24.355  3176  3176 I am_on_paused_called: [0,com.youku.ui.activity.DetailActivity]
04-12 10:59:24.359   710 20735 I am_restart_activity: [0,816696533,4,com.youku.phone/com.youku.ui.activity.WebViewActivity]
04-12 10:59:24.716  3176  3176 I am_on_resume_called: [0,com.youku.ui.activity.WebViewActivity]
04-12 10:59:24.959   710   782 I am_activity_launch_time: [0,816696533,com.youku.phone/com.youku.ui.activity.WebViewActivity,602,602]
04-12 10:59:25.193   177   177 I sf_frame_dur: [SurfaceView,18,39,11,3,0,0,0]
04-12 10:59:25.193   177   177 I sf_frame_dur: [com.youku.phone/com.youku.ui.activity.DetailActivity,4,6,9,7,4,1,0]
04-12 10:59:25.413  3249  3249 I auditd  : type=1400 audit(0.0:88): avc: denied { read } for comm="OnLineMonitor" name="mem" dev="debugfs" ino=15991 scontext=u:r:untrusted_app:s0 tcontext=u:object_r:debugfs:s0 tclass=file
04-12 10:59:25.413  3249  3249 I auditd  : type=1400 audit(0.0:89): avc: denied { read } for comm="OnLineMonitor" name="mem" dev="debugfs" ino=15991 scontext=u:r:untrusted_app:s0 tcontext=u:object_r:debugfs:s0 tclass=file
04-12 10:59:26.963   710   809 I netstats_mobile_sample: [0,0,0,0,0,0,0,0,0,0,0,0,1491965966964]
04-12 10:59:26.964   710   809 I netstats_wifi_sample: [77191888,54730,2078201,31033,77193133,54758,1862213,31061,77191645,54757,1856131,31030,1491965966964]
04-12 10:59:28.773  3249  3249 I auditd  : type=1400 audit(0.0:90): avc: denied { read } for comm="OnLineMonitor" name="mem" dev="debugfs" ino=15991 scontext=u:r:untrusted_app:s0 tcontext=u:object_r:debugfs:s0 tclass=file
04-12 10:59:28.793  3249  3249 I auditd  : type=1400 audit(0.0:91): avc: denied { read } for comm="OnLineMonitor" name="mem" dev="debugfs" ino=15991 scontext=u:r:untrusted_app:s0 tcontext=u:object_r:debugfs:s0 tclass=file
04-12 10:59:29.852   710   809 I netstats_mobile_sample: [0,0,0,0,0,0,0,0,0,0,0,0,1491965969853]
04-12 10:59:29.859   710   809 I netstats_wifi_sample: [79348799,56217,2161215,32128,79350008,56245,1939427,32156,79332152,56233,1933077,32118,1491965969853]
04-12 10:59:30.098   710  5180 I am_home_stack_moved: [0,0,1,1,intentActivityFound]
04-12 10:59:30.098   710  5180 I wm_task_moved: [4,1,0]
04-12 10:59:32.873  3249  3249 I auditd  : type=1400 audit(0.0:92): avc: denied { read } for comm="OnLineMonitor" name="mem" dev="debugfs" ino=15991 scontext=u:r:untrusted_app:s0 tcontext=u:object_r:debugfs:s0 tclass=file
04-12 10:59:32.883  3249  3249 I auditd  : type=1400 audit(0.0:93): avc: denied { read } for comm="OnLineMonitor" name="mem" dev="debugfs" ino=15991 scontext=u:r:untrusted_app:s0 tcontext=u:object_r:debugfs:s0 tclass=file
04-12 10:59:34.571   710   809 I netstats_mobile_sample: [0,0,0,0,0,0,0,0,0,0,0,0,1491965974572]
