08-08 01:27:17.390  1137  1137 D DCT     : [0]setupDataOnConnectableApns: apnContext {mApnType=cbs mState=IDLE mWaitingApns={null} mWaitingApnsPermanentFailureCountDown=0 mApnSetting={null} mReason=radioTurnedOff mDataEnabled=false mDependencyMet=true}
08-08 01:27:17.391  1137  1137 D DCT     : [0]setupDataOnConnectableApns: apnContext {mApnType=dun mState=IDLE mWaitingApns={null} mWaitingApnsPermanentFailureCountDown=0 mApnSetting={null} mReason=radioTurnedOff mDataEnabled=false mDependencyMet=true}
08-08 01:27:17.392  1137  1137 D DCT     : [0]setupDataOnConnectableApns: apnContext {mApnType=fota mState=IDLE mWaitingApns={null} mWaitingApnsPermanentFailureCountDown=0 mApnSetting={null} mReason=radioTurnedOff mDataEnabled=false mDependencyMet=true}
08-08 01:27:17.393  1137  1137 D DCT     : [0]setupDataOnConnectableApns: apnContext {mApnType=ims mState=IDLE mWaitingApns={null} mWaitingApnsPermanentFailureCountDown=0 mApnSetting={null} mReason=radioTurnedOff mDataEnabled=false mDependencyMet=true}
08-08 01:27:17.394  1137  1137 D DCT     : [0]setupDataOnConnectableApns: apnContext {mApnType=default mState=IDLE mWaitingApns={null} mWaitingApnsPermanentFailureCountDown=0 mApnSetting={null} mReason=radioTurnedOff mDataEnabled=false mDependencyMet=true}
08-08 01:27:17.394  1137  1137 D DCT     : [0]setupDataOnConnectableApns: apnContext {mApnType=ia mState=IDLE mWaitingApns={null} mWaitingApnsPermanentFailureCountDown=0 mApnSetting={null} mReason=radioTurnedOff mDataEnabled=false mDependencyMet=true}
08-08 01:27:17.395  1137  1137 D DCT     : [0]handleMessage msg={ when=-605ms what=270377 obj=android.os.AsyncResult@16f1e1af target=com.android.internal.telephony.dataconnection.DcTracker }
08-08 01:27:17.396  1137  1137 D DCT     : [0]setupDataOnConnectableApns: nwTypeChanged
08-08 01:27:17.396  1137  1137 D DCT     : [0]setupDataOnConnectableApns: apnContext {mApnType=hipri mState=IDLE mWaitingApns={null} mWaitingApnsPermanentFailureCountDown=0 mApnSetting={null} mReason=radioTurnedOff mDataEnabled=false mDependencyMet=true}
08-08 01:27:17.397  1137  1137 D DCT     : [0]setupDataOnConnectableApns: apnContext {mApnType=mms mState=IDLE mWaitingApns={null} mWaitingApnsPermanentFailureCountDown=0 mApnSetting={null} mReason=radioTurnedOff mDataEnabled=false mDependencyMet=true}
08-08 01:27:17.398  1137  1137 D DCT     : [0]setupDataOnConnectableApns: apnContext {mApnType=supl mState=IDLE mWaitingApns={null} mWaitingApnsPermanentFailureCountDown=0 mApnSetting={null} mReason=radioTurnedOff mDataEnabled=false mDependencyMet=true}
08-08 01:27:17.399  1137  1137 D DCT     : [0]setupDataOnConnectableApns: apnContext {mApnType=cbs mState=IDLE mWaitingApns={null} mWaitingApnsPermanentFailureCountDown=0 mApnSetting={null} mReason=radioTurnedOff mDataEnabled=false mDependencyMet=true}
08-08 01:27:17.399  1137  1137 D DCT     : [0]setupDataOnConnectableApns: apnContext {mApnType=dun mState=IDLE mWaitingApns={null} mWaitingApnsPermanentFailureCountDown=0 mApnSetting={null} mReason=radioTurnedOff mDataEnabled=false mDependencyMet=true}
08-08 01:27:17.400  1137  1137 D DCT     : [0]setupDataOnConnectableApns: apnContext {mApnType=fota mState=IDLE mWaitingApns={null} mWaitingApnsPermanentFailureCountDown=0 mApnSetting={null} mReason=radioTurnedOff mDataEnabled=false mDependencyMet=true}
08-08 01:27:17.401  1137  1137 D DCT     : [0]setupDataOnConnectableApns: apnContext {mApnType=ims mState=IDLE mWaitingApns={null} mWaitingApnsPermanentFailureCountDown=0 mApnSetting={null} mReason=radioTurnedOff mDataEnabled=false mDependencyMet=true}
08-08 01:27:17.402  1137  1137 D DCT     : [0]setupDataOnConnectableApns: apnContext {mApnType=default mState=IDLE mWaitingApns={null} mWaitingApnsPermanentFailureCountDown=0 mApnSetting={null} mReason=radioTurnedOff mDataEnabled=false mDependencyMet=true}
08-08 01:27:17.403  1137  1137 D DCT     : [0]setupDataOnConnectableApns: apnContext {mApnType=ia mState=IDLE mWaitingApns={null} mWaitingApnsPermanentFailureCountDown=0 mApnSetting={null} mReason=radioTurnedOff mDataEnabled=false mDependencyMet=true}
08-08 01:27:17.404  1137  1137 D DCT     : [0]handleMessage msg={ when=-613ms what=270377 obj=android.os.AsyncResult@341a99bc target=com.android.internal.telephony.dataconnection.DcTracker }
08-08 01:27:17.404  1137  1137 D DCT     : [0]setupDataOnConnectableApns: nwTypeChanged
08-08 01:27:17.405  1137  1137 D DCT     : [0]setupDataOnConnectableApns: apnContext {mApnType=hipri mState=IDLE mWaitingApns={null} mWaitingApnsPermanentFailureCountDown=0 mApnSetting={null} mReason=radioTurnedOff mDataEnabled=false mDependencyMet=true}
08-08 01:27:17.406  1137  1137 D DCT     : [0]setupDataOnConnectableApns: apnContext {mApnType=mms mState=IDLE mWaitingApns={null} mWaitingApnsPermanentFailureCountDown=0 mApnSetting={null} mReason=radioTurnedOff mDataEnabled=false mDependencyMet=true}
08-08 01:27:17.406  1137  1137 D DCT     : [0]setupDataOnConnectableApns: apnContext {mApnType=supl mState=IDLE mWaitingApns={null} mWaitingApnsPermanentFailureCountDown=0 mApnSetting={null} mReason=radioTurnedOff mDataEnabled=false mDependencyMet=true}
08-08 01:27:17.407  1137  1137 D DCT     : [0]setupDataOnConnectableApns: apnContext {mApnType=cbs mState=IDLE mWaitingApns={null} mWaitingApnsPermanentFailureCountDown=0 mApnSetting={null} mReason=radioTurnedOff mDataEnabled=false mDependencyMet=true}
08-08 01:27:17.408  1137  1137 D DCT     : [0]setupDataOnConnectableApns: apnContext {mApnType=dun mState=IDLE mWaitingApns={null} mWaitingApnsPermanentFailureCountDown=0 mApnSetting={null} mReason=radioTurnedOff mDataEnabled=false mDependencyMet=true}
08-08 01:27:17.409  1137  1137 D DCT     : [0]setupDataOnConnectableApns: apnContext {mApnType=fota mState=IDLE mWaitingApns={null} mWaitingApnsPermanentFailureCountDown=0 mApnSetting={null} mReason=radioTurnedOff mDataEnabled=false mDependencyMet=true}
08-08 01:27:17.410  1137  1137 D DCT     : [0]setupDataOnConnectableApns: apnContext {mApnType=ims mState=IDLE mWaitingApns={null} mWaitingApnsPermanentFailureCountDown=0 mApnSetting={null} mReason=radioTurnedOff mDataEnabled=false mDependencyMet=true}
08-08 01:27:17.410  1137  1137 D DCT     : [0]setupDataOnConnectableApns: apnContext {mApnType=default mState=IDLE mWaitingApns={null} mWaitingApnsPermanentFailureCountDown=0 mApnSetting={null} mReason=radioTurnedOff mDataEnabled=false mDependencyMet=true}
08-08 01:27:17.411  1137  1137 D DCT     : [0]setupDataOnConnectableApns: apnContext {mApnType=ia mState=IDLE mWaitingApns={null} mWaitingApnsPermanentFailureCountDown=0 mApnSetting={null} mReason=radioTurnedOff mDataEnabled=false mDependencyMet=true}
08-08 01:27:17.412  1137  1137 D RILJ    : [3721]> OPERATOR [SUB0]
08-08 01:27:17.412  1137  1323 D CdmaInboundSmsHandler: IdleState.processMessage:5
08-08 01:27:17.412  1137  1302 D GsmInboundSmsHandler: IdleState.processMessage:5
08-08 01:27:17.413  1137  1323 D CdmaInboundSmsHandler: Idle state processing message type 5
08-08 01:27:17.413  1137  1302 D GsmInboundSmsHandler: Idle state processing message type 5
08-08 01:27:17.414  1137  1137 D RILJ    : [3722]> DATA_REGISTRATION_STATE [SUB0]
08-08 01:27:17.414   192  1463 D RILC    : RequestComplete, RIL_SOCKET_1
08-08 01:27:17.414   192  1463 E RILC    : Send Response to RIL_SOCKET_1
08-08 01:27:17.414  1137  1302 D GsmInboundSmsHandler: mWakeLock released
08-08 01:27:17.415  1137  1323 D CdmaInboundSmsHandler: mWakeLock released
08-08 01:27:17.415  1137  1281 D RILJ    : [3721]< OPERATOR {null, null, null} [SUB0]
08-08 01:27:17.416  1137  1137 D RILJ    : [3723]> VOICE_REGISTRATION_STATE [SUB0]
08-08 01:27:17.417  1137  1137 D RILJ    : [3724]> QUERY_NETWORK_SELECTION_MODE [SUB0]
08-08 01:27:17.419  1137  1137 D RILJ    : [3725]> OPERATOR [SUB0]
08-08 01:27:17.420   192  1464 D RILC    : RequestComplete, RIL_SOCKET_1
08-08 01:27:17.420   192  1464 E RILC    : Send Response to RIL_SOCKET_1
08-08 01:27:17.421   192  1465 I RILQ    : (0/192):RIL[0][cmd-20(248)] qcril_qmi_nas_update_data_rte: completed, new drte 0 with confidence 4
08-08 01:27:17.421  1137  1281 D RILJ    : [3722]< DATA_REGISTRATION_STATE {3, null, null, null, 15, 20, null, 242, -1, null, null} [SUB0]
08-08 01:27:17.421  1137  1137 D RILJ    : [3726]> DATA_REGISTRATION_STATE [SUB0]
08-08 01:27:17.423  1137  1137 D RILJ    : [3727]> VOICE_REGISTRATION_STATE [SUB0]
08-08 01:27:17.425  1137  1137 D RILJ    : [3728]> QUERY_NETWORK_SELECTION_MODE [SUB0]
08-08 01:27:17.426   192  1465 D RILC    : RequestComplete, RIL_SOCKET_1
08-08 01:27:17.426   192  1465 E RILC    : Send Response to RIL_SOCKET_1
08-08 01:27:17.426   192  1465 D RILC    : RequestComplete, RIL_SOCKET_1
08-08 01:27:17.426   192  1465 E RILC    : Send Response to RIL_SOCKET_1
08-08 01:27:17.426  1137  1137 D RILJ    : [3729]> OPERATOR [SUB0]
08-08 01:27:17.427   192  1466 D RILC    : RequestComplete, RIL_SOCKET_1
08-08 01:27:17.427   192  1466 E RILC    : Send Response to RIL_SOCKET_1
08-08 01:27:17.427  1137  1281 D RILJ    : [3723]< VOICE_REGISTRATION_STATE {2, null, null, 0, null, null, null, 0, null, null, null, null, null, 0, null} [SUB0]
08-08 01:27:17.427   192  1467 D RILC    : RequestComplete, RIL_SOCKET_1
08-08 01:27:17.427   192  1467 E RILC    : Send Response to RIL_SOCKET_1
08-08 01:27:17.428   192  1469 D RILC    : RequestComplete, RIL_SOCKET_1
08-08 01:27:17.428   192  1469 E RILC    : Send Response to RIL_SOCKET_1
08-08 01:27:17.428  1137  1137 D RILJ    : [3730]> DATA_REGISTRATION_STATE [SUB0]
08-08 01:27:17.429  1137  1281 D RILJ    : [3727]< VOICE_REGISTRATION_STATE {2, null, null, 0, null, null, null, 0, null, null, null, null, null, 0, null} [SUB0]
08-08 01:27:17.430  1137  1137 D RILJ    : [3731]> VOICE_REGISTRATION_STATE [SUB0]
08-08 01:27:17.430  1137  1281 D RILJ    : [3724]< QUERY_NETWORK_SELECTION_MODE {0} [SUB0]
08-08 01:27:17.431   192  1470 D RILC    : RequestComplete, RIL_SOCKET_1
08-08 01:27:17.431   192  1470 E RILC    : Send Response to RIL_SOCKET_1
08-08 01:27:17.432  1137  1137 D RILJ    : [3732]> QUERY_NETWORK_SELECTION_MODE [SUB0]
08-08 01:27:17.432  1137  1281 D RILJ    : [3725]< OPERATOR {null, null, null} [SUB0]
08-08 01:27:17.432   192  1468 D RILC    : RequestComplete, RIL_SOCKET_1
08-08 01:27:17.432   192  1468 E RILC    : Send Response to RIL_SOCKET_1
08-08 01:27:17.432   192  1468 D RILC    : RequestComplete, RIL_SOCKET_1
08-08 01:27:17.432   192  1468 E RILC    : Send Response to RIL_SOCKET_1
08-08 01:27:17.433  1137  1137 D GsmSST  : [GsmSST] SubscriptionListener.onSubscriptionInfoChanged
08-08 01:27:17.434  1137  1137 D PhoneFactory: calculatePreferredNetworkType: phoneSubId = 1 networkType = 10
08-08 01:27:17.434  1137  1281 D RILJ    : [3728]< QUERY_NETWORK_SELECTION_MODE {0} [SUB0]
08-08 01:27:17.434  1137  1137 D RILJ    : [3733]> REQUEST_SET_PREFERRED_NETWORK_TYPE : 10 [SUB0]
08-08 01:27:17.435  1137  1281 D RILJ    : [3729]< OPERATOR {null, null, null} [SUB0]
08-08 01:27:17.435   192  1471 I RILQ    : (0/192):RIL[0][cmd-20(8)] qcril_qmi_nas_update_data_rte: completed, new drte 0 with confidence 4
08-08 01:27:17.436  1137  1281 D RILJ    : [3726]< DATA_REGISTRATION_STATE {3, null, null, null, 15, 20, null, 242, -1, null, null} [SUB0]
08-08 01:27:17.437  1137  1281 D RILJ    : [3730]< DATA_REGISTRATION_STATE {3, null, null, null, 15, 20, null, 242, -1, null, null} [SUB0]
08-08 01:27:17.439  1137  1137 D TelephonyManager: setTelephonyProperty: success phoneId=0 property=gsm.network.type value: Unknown propVal=Unknown
08-08 01:27:17.440   192  1471 D RILC    : RequestComplete, RIL_SOCKET_1
08-08 01:27:17.440   192  1471 E RILC    : Send Response to RIL_SOCKET_1
08-08 01:27:17.441  1137  1137 D SubscriptionController: [setCarrierText]+ text:No service. subId:1
08-08 01:27:17.441   192  1472 D RILC    : RequestComplete, RIL_SOCKET_1
08-08 01:27:17.441   192  1472 E RILC    : Send Response to RIL_SOCKET_1
08-08 01:27:17.442  1137  1281 D RILJ    : [3731]< VOICE_REGISTRATION_STATE {2, null, null, 0, null, null, null, 0, null, null, null, null, null, 0, null} [SUB0]
08-08 01:27:17.443  1137  1281 D RILJ    : [3732]< QUERY_NETWORK_SELECTION_MODE {0} [SUB0]
08-08 01:27:17.444   192  1473 D RILC    : RequestComplete, RIL_SOCKET_1
08-08 01:27:17.444   192  1473 E RILC    : Send Response to RIL_SOCKET_1
08-08 01:27:17.445  1137  1281 D RILJ    : [3733]< REQUEST_SET_PREFERRED_NETWORK_TYPE  [SUB0]
08-08 01:27:17.463  1137  1137 D SubscriptionController: notifySubscriptionInfoChanged:
08-08 01:27:17.466   710   710 D TelephonyManager: getSimOperatorNumeric(): default subId=1
08-08 01:27:17.468   710   710 D TelephonyManager: getTelephonyProperty: return propVal='46001' phoneId=0 property='gsm.sim.operator.numeric' defaultVal='' prop=46001
08-08 01:27:17.476  1137  1137 D DCT     : [0]SubscriptionListener.onSubscriptionInfoChanged
08-08 01:27:17.478  1137  1137 D DctController: onSubInfoReady mPhoneNum=1
08-08 01:27:17.479  1137  1137 D DctController: onSubInfoReady handle pending requests subId=1
08-08 01:27:17.479  1137  1137 D DctController: [TNF 1]evalPendingRequest, pending request size is 1
08-08 01:27:17.481  1137  1137 D DctController: [TNF 1]evalPendingRequest: request = NetworkRequest [ id=1, legacyType=-1, [ Capabilities: INTERNET&NOT_RESTRICTED&TRUSTED&NOT_VPN] ]
08-08 01:27:17.483  1137  1137 D DctController: [TNF 1]Cellular needs Network for NetworkRequest [ id=1, legacyType=-1, [ Capabilities: INTERNET&NOT_RESTRICTED&TRUSTED&NOT_VPN] ]
08-08 01:27:17.485  1137  1137 D DctController: requestNetwork request=NetworkRequest [ id=1, legacyType=-1, [ Capabilities: INTERNET&NOT_RESTRICTED&TRUSTED&NOT_VPN] ], priority=0
08-08 01:27:17.485  1137  1137 D DctController: processRequests
08-08 01:27:17.485  1137  1137 D DctController: processRequests
08-08 01:27:17.487  1137  1137 D SubscriptionController: [getActiveSubInfoList]+
08-08 01:27:17.491  1137  1137 D SubscriptionController: selection:sim_id>=0 null
08-08 01:27:17.512  1137  1137 D TelephonyManager: getTelephonyProperty: return propVal='cn' phoneId=0 property='gsm.sim.operator.iso-country' defaultVal='' prop=cn
08-08 01:27:17.512  1137  1137 D SubscriptionController: [getSubInfoRecord] id:1 iccid:89860115921101579076 simSlotIndex:0 displayName:CARD 1 nameSource:0 iconTint:-16746133 dataRoaming:0 mcc:460 mnc:1 countIso:cn
08-08 01:27:17.514  1137  1137 D PhoneFactory: getPhone:- phoneId != DEFAULT_PHONE_ID return sProxyPhones[phoneId] phoneId=0 phone=Handler (com.android.internal.telephony.PhoneProxy) {337c25da}
08-08 01:27:17.520  1137  1137 D SubscriptionController: [getActiveSubInfoList]- 1 infos return
08-08 01:27:17.530  1137  1137 E PhoneBase: Error! unregisterForCallWaiting() in PhoneBase should not be called, CDMAPhone inactive.
08-08 01:27:17.533  1137  1137 D PhoneFactory: getPhone:- phoneId != DEFAULT_PHONE_ID return sProxyPhones[phoneId] phoneId=0 phone=Handler (com.android.internal.telephony.PhoneProxy) {337c25da}
08-08 01:27:17.538  1137  1137 D TelephonyManager: getTelephonyProperty: return propVal='null' phoneId=0 property='gsm.operator.alpha' defaultVal='' prop=
08-08 01:27:17.559   192   273 I RILC    : RIL_SOCKET_1 UNSOLICITED: UNSOL_STK_PROACTIVE_COMMAND length:676
08-08 01:27:17.559   192   273 E RILC    : Send Response to RIL_SOCKET_1
08-08 01:27:17.560  1137  1281 D RILJ    : [UNSL]< UNSOL_STK_PROACTIVE_COMMAND [SUB0]
08-08 01:27:17.619  1137  1137 E PhoneBase: Error! registerForCallWaiting() in PhoneBase should not be called, CDMAPhone inactive.
08-08 01:27:17.689  1137  1137 D GsmSST  : [GsmSST] SubscriptionListener.onSubscriptionInfoChanged
08-08 01:27:17.690  1137  1137 D DctController: onSubInfoReady mPhoneNum=1
08-08 01:27:17.690  1137  1137 D DctController: onSubInfoReady handle pending requests subId=1
08-08 01:27:17.690  1137  1137 D DctController: [TNF 1]evalPendingRequest, pending request size is 0
08-08 01:27:17.690  1137  1137 D DctController: processRequests
08-08 01:27:17.691  1137  1137 D DCT     : [0]SubscriptionListener.onSubscriptionInfoChanged
08-08 01:27:17.696  1137  1137 D SubscriptionController: [getActiveSubInfoList]+
08-08 01:27:17.700  1137  1137 D SubscriptionController: selection:sim_id>=0 null
08-08 01:27:17.724  1137  1137 D TelephonyManager: getTelephonyProperty: return propVal='cn' phoneId=0 property='gsm.sim.operator.iso-country' defaultVal='' prop=cn
08-08 01:27:17.725  1137  1137 D SubscriptionController: [getSubInfoRecord] id:1 iccid:89860115921101579076 simSlotIndex:0 displayName:CARD 1 nameSource:0 iconTint:-16746133 dataRoaming:0 mcc:460 mnc:1 countIso:cn
08-08 01:27:17.726  1137  1137 D PhoneFactory: getPhone:- phoneId != DEFAULT_PHONE_ID return sProxyPhones[phoneId] phoneId=0 phone=Handler (com.android.internal.telephony.PhoneProxy) {337c25da}
08-08 01:27:17.731  1137  1137 D SubscriptionController: [getActiveSubInfoList]- 1 infos return
08-08 01:27:17.738  1137  1137 E PhoneBase: Error! unregisterForCallWaiting() in PhoneBase should not be called, CDMAPhone inactive.
08-08 01:27:17.741  1137  1137 D PhoneFactory: getPhone:- phoneId != DEFAULT_PHONE_ID return sProxyPhones[phoneId] phoneId=0 phone=Handler (com.android.internal.telephony.PhoneProxy) {337c25da}
08-08 01:27:17.746  1137  1137 D TelephonyManager: getTelephonyProperty: return propVal='null' phoneId=0 property='gsm.operator.alpha' defaultVal='' prop=
08-08 01:27:17.838  1137  1137 E PhoneBase: Error! registerForCallWaiting() in PhoneBase should not be called, CDMAPhone inactive.
08-08 01:27:17.840   192   254 I RILC    : RIL_SOCKET_1 UNSOLICITED: UNSOL_RESPONSE_VOICE_NETWORK_STATE_CHANGED length:8
08-08 01:27:17.840   192   254 E RILC    : Send Response to RIL_SOCKET_1
08-08 01:27:17.841  1137  1281 D RILJ    : [UNSL]< UNSOL_RESPONSE_VOICE_NETWORK_STATE_CHANGED [SUB0]
08-08 01:27:17.845  1137  1137 D SubscriptionInfoUpdater: [Receiver]+
08-08 01:27:17.845  1137  1137 D SubscriptionInfoUpdater: Action: android.intent.action.SIM_STATE_CHANGED
08-08 01:27:17.845  1137  1137 D SubscriptionInfoUpdater: slotId: 0
08-08 01:27:17.846  1137  1137 D SubscriptionInfoUpdater: simStatus: LOADED
08-08 01:27:17.846  1137  1137 D SubscriptionInfoUpdater: Ignoring simStatus: LOADED
08-08 01:27:17.846  1137  1137 D SubscriptionInfoUpdater: [Receiver]-
08-08 01:27:17.848  1137  1137 D PhoneFactory: getPhone:- phoneId != DEFAULT_PHONE_ID return sProxyPhones[phoneId] phoneId=0 phone=Handler (com.android.internal.telephony.PhoneProxy) {337c25da}
08-08 01:27:17.848  1137  1137 D DCT     : [0]getDataOnRoamingEnabled: phoneSubId=1 isDataRoamingEnabled=true
08-08 01:27:17.850  1137  1137 D PhoneFactory: getPhone:- phoneId != DEFAULT_PHONE_ID return sProxyPhones[phoneId] phoneId=0 phone=Handler (com.android.internal.telephony.PhoneProxy) {337c25da}
08-08 01:27:17.851  1137  1137 D DCT     : [0]getDataOnRoamingEnabled: phoneSubId=1 isDataRoamingEnabled=true
08-08 01:27:17.852  1137  1137 D PhoneFactory: getPhone:- phoneId != DEFAULT_PHONE_ID return sProxyPhones[phoneId] phoneId=0 phone=Handler (com.android.internal.telephony.PhoneProxy) {337c25da}
08-08 01:27:17.853  1137  1137 D DCT     : [0]getDataOnRoamingEnabled: phoneSubId=1 isDataRoamingEnabled=true
08-08 01:27:17.855  1137  1137 D PhoneFactory: getPhone:- phoneId != DEFAULT_PHONE_ID return sProxyPhones[phoneId] phoneId=0 phone=Handler (com.android.internal.telephony.PhoneProxy) {337c25da}
08-08 01:27:17.855  1137  1137 D DCT     : [0]getDataOnRoamingEnabled: phoneSubId=1 isDataRoamingEnabled=true
08-08 01:27:17.857  1137  1137 D PhoneFactory: getPhone:- phoneId != DEFAULT_PHONE_ID return sProxyPhones[phoneId] phoneId=0 phone=Handler (com.android.internal.telephony.PhoneProxy) {337c25da}
08-08 01:27:17.858  1137  1137 D DCT     : [0]getDataOnRoamingEnabled: phoneSubId=1 isDataRoamingEnabled=true
08-08 01:27:17.859  1137  1137 D PhoneFactory: getPhone:- phoneId != DEFAULT_PHONE_ID return sProxyPhones[phoneId] phoneId=0 phone=Handler (com.android.internal.telephony.PhoneProxy) {337c25da}
08-08 01:27:17.860  1137  1137 D DCT     : [0]getDataOnRoamingEnabled: phoneSubId=1 isDataRoamingEnabled=true
08-08 01:27:17.862  1137  1137 D PhoneFactory: getPhone:- phoneId != DEFAULT_PHONE_ID return sProxyPhones[phoneId] phoneId=0 phone=Handler (com.android.internal.telephony.PhoneProxy) {337c25da}
08-08 01:27:17.862  1137  1137 D DCT     : [0]getDataOnRoamingEnabled: phoneSubId=1 isDataRoamingEnabled=true
08-08 01:27:17.864  1137  1137 D PhoneFactory: getPhone:- phoneId != DEFAULT_PHONE_ID return sProxyPhones[phoneId] phoneId=0 phone=Handler (com.android.internal.telephony.PhoneProxy) {337c25da}
08-08 01:27:17.865  1137  1137 D DCT     : [0]getDataOnRoamingEnabled: phoneSubId=1 isDataRoamingEnabled=true
08-08 01:27:17.866  1137  1137 D PhoneFactory: getPhone:- phoneId != DEFAULT_PHONE_ID return sProxyPhones[phoneId] phoneId=0 phone=Handler (com.android.internal.telephony.PhoneProxy) {337c25da}
08-08 01:27:17.867  1137  1137 D DCT     : [0]getDataOnRoamingEnabled: phoneSubId=1 isDataRoamingEnabled=true
08-08 01:27:17.870  1137  1137 D PhoneFactory: getPhone:- phoneId != DEFAULT_PHONE_ID return sProxyPhones[phoneId] phoneId=0 phone=Handler (com.android.internal.telephony.PhoneProxy) {337c25da}
08-08 01:27:17.870  1137  1137 D DCT     : [0]getDataOnRoamingEnabled: phoneSubId=1 isDataRoamingEnabled=true
08-08 01:27:17.872  1137  1137 D PhoneFactory: getPhone:- phoneId != DEFAULT_PHONE_ID return sProxyPhones[phoneId] phoneId=0 phone=Handler (com.android.internal.telephony.PhoneProxy) {337c25da}
08-08 01:27:17.873  1137  1137 D DCT     : [0]getDataOnRoamingEnabled: phoneSubId=1 isDataRoamingEnabled=true
08-08 01:27:17.875  1137  1137 D PhoneFactory: getPhone:- phoneId != DEFAULT_PHONE_ID return sProxyPhones[phoneId] phoneId=0 phone=Handler (com.android.internal.telephony.PhoneProxy) {337c25da}
08-08 01:27:17.875  1137  1137 D DCT     : [0]getDataOnRoamingEnabled: phoneSubId=1 isDataRoamingEnabled=true
08-08 01:27:17.877  1137  1137 D PhoneFactory: getPhone:- phoneId != DEFAULT_PHONE_ID return sProxyPhones[phoneId] phoneId=0 phone=Handler (com.android.internal.telephony.PhoneProxy) {337c25da}
08-08 01:27:17.878  1137  1137 D DCT     : [0]getDataOnRoamingEnabled: phoneSubId=1 isDataRoamingEnabled=true
08-08 01:27:17.879  1137  1137 D PhoneFactory: getPhone:- phoneId != DEFAULT_PHONE_ID return sProxyPhones[phoneId] phoneId=0 phone=Handler (com.android.internal.telephony.PhoneProxy) {337c25da}
08-08 01:27:17.880  1137  1137 D DCT     : [0]getDataOnRoamingEnabled: phoneSubId=1 isDataRoamingEnabled=true
08-08 01:27:17.882  1137  1137 D PhoneFactory: getPhone:- phoneId != DEFAULT_PHONE_ID return sProxyPhones[phoneId] phoneId=0 phone=Handler (com.android.internal.telephony.PhoneProxy) {337c25da}
08-08 01:27:17.882  1137  1137 D DCT     : [0]getDataOnRoamingEnabled: phoneSubId=1 isDataRoamingEnabled=true
08-08 01:27:17.884  1137  1137 D PhoneFactory: getPhone:- phoneId != DEFAULT_PHONE_ID return sProxyPhones[phoneId] phoneId=0 phone=Handler (com.android.internal.telephony.PhoneProxy) {337c25da}
08-08 01:27:17.885  1137  1137 D DCT     : [0]getDataOnRoamingEnabled: phoneSubId=1 isDataRoamingEnabled=true
08-08 01:27:17.886  1137  1137 D PhoneFactory: getPhone:- phoneId != DEFAULT_PHONE_ID return sProxyPhones[phoneId] phoneId=0 phone=Handler (com.android.internal.telephony.PhoneProxy) {337c25da}
08-08 01:27:17.887  1137  1137 D DCT     : [0]getDataOnRoamingEnabled: phoneSubId=1 isDataRoamingEnabled=true
08-08 01:27:17.889  1137  1137 D PhoneFactory: getPhone:- phoneId != DEFAULT_PHONE_ID return sProxyPhones[phoneId] phoneId=0 phone=Handler (com.android.internal.telephony.PhoneProxy) {337c25da}
08-08 01:27:17.889  1137  1137 D DCT     : [0]getDataOnRoamingEnabled: phoneSubId=1 isDataRoamingEnabled=true
08-08 01:27:17.891  1137  1137 D PhoneFactory: getPhone:- phoneId != DEFAULT_PHONE_ID return sProxyPhones[phoneId] phoneId=0 phone=Handler (com.android.internal.telephony.PhoneProxy) {337c25da}
08-08 01:27:17.892  1137  1137 D DCT     : [0]getDataOnRoamingEnabled: phoneSubId=1 isDataRoamingEnabled=true
08-08 01:27:17.893  1137  1137 D PhoneFactory: getPhone:- phoneId != DEFAULT_PHONE_ID return sProxyPhones[phoneId] phoneId=0 phone=Handler (com.android.internal.telephony.PhoneProxy) {337c25da}
08-08 01:27:17.894  1137  1137 D DCT     : [0]getDataOnRoamingEnabled: phoneSubId=1 isDataRoamingEnabled=true
08-08 01:27:17.896  1137  1137 D PhoneFactory: getPhone:- phoneId != DEFAULT_PHONE_ID return sProxyPhones[phoneId] phoneId=0 phone=Handler (com.android.internal.telephony.PhoneProxy) {337c25da}
08-08 01:27:17.896  1137  1137 D DCT     : [0]getDataOnRoamingEnabled: phoneSubId=1 isDataRoamingEnabled=true
08-08 01:27:17.898  1137  1137 D PhoneFactory: getPhone:- phoneId != DEFAULT_PHONE_ID return sProxyPhones[phoneId] phoneId=0 phone=Handler (com.android.internal.telephony.PhoneProxy) {337c25da}
08-08 01:27:17.899  1137  1137 D DCT     : [0]getDataOnRoamingEnabled: phoneSubId=1 isDataRoamingEnabled=true
08-08 01:27:17.900  1137  1137 D PhoneFactory: getPhone:- phoneId != DEFAULT_PHONE_ID return sProxyPhones[phoneId] phoneId=0 phone=Handler (com.android.internal.telephony.PhoneProxy) {337c25da}
08-08 01:27:17.901  1137  1137 D DCT     : [0]getDataOnRoamingEnabled: phoneSubId=1 isDataRoamingEnabled=true
08-08 01:27:17.903  1137  1137 D PhoneFactory: getPhone:- phoneId != DEFAULT_PHONE_ID return sProxyPhones[phoneId] phoneId=0 phone=Handler (com.android.internal.telephony.PhoneProxy) {337c25da}
08-08 01:27:17.903  1137  1137 D DCT     : [0]getDataOnRoamingEnabled: phoneSubId=1 isDataRoamingEnabled=true
08-08 01:27:17.905  1137  1137 D PhoneFactory: getPhone:- phoneId != DEFAULT_PHONE_ID return sProxyPhones[phoneId] phoneId=0 phone=Handler (com.android.internal.telephony.PhoneProxy) {337c25da}
08-08 01:27:17.906  1137  1137 D DCT     : [0]getDataOnRoamingEnabled: phoneSubId=1 isDataRoamingEnabled=true
08-08 01:27:17.907  1137  1137 D PhoneFactory: getPhone:- phoneId != DEFAULT_PHONE_ID return sProxyPhones[phoneId] phoneId=0 phone=Handler (com.android.internal.telephony.PhoneProxy) {337c25da}
08-08 01:27:17.908  1137  1137 D DCT     : [0]getDataOnRoamingEnabled: phoneSubId=1 isDataRoamingEnabled=true
08-08 01:27:17.910  1137  1137 D PhoneFactory: getPhone:- phoneId != DEFAULT_PHONE_ID return sProxyPhones[phoneId] phoneId=0 phone=Handler (com.android.internal.telephony.PhoneProxy) {337c25da}
08-08 01:27:17.911  1137  1137 D DCT     : [0]getDataOnRoamingEnabled: phoneSubId=1 isDataRoamingEnabled=true
08-08 01:27:17.913  1137  1137 D PhoneFactory: getPhone:- phoneId != DEFAULT_PHONE_ID return sProxyPhones[phoneId] phoneId=0 phone=Handler (com.android.internal.telephony.PhoneProxy) {337c25da}
08-08 01:27:17.913  1137  1137 D DCT     : [0]getDataOnRoamingEnabled: phoneSubId=1 isDataRoamingEnabled=true
08-08 01:27:17.915  1137  1137 D PhoneFactory: getPhone:- phoneId != DEFAULT_PHONE_ID return sProxyPhones[phoneId] phoneId=0 phone=Handler (com.android.internal.telephony.PhoneProxy) {337c25da}
08-08 01:27:17.916  1137  1137 D DCT     : [0]getDataOnRoamingEnabled: phoneSubId=1 isDataRoamingEnabled=true
08-08 01:27:17.918  1137  1137 D PhoneFactory: getPhone:- phoneId != DEFAULT_PHONE_ID return sProxyPhones[phoneId] phoneId=0 phone=Handler (com.android.internal.telephony.PhoneProxy) {337c25da}
08-08 01:27:17.919  1137  1137 D DCT     : [0]getDataOnRoamingEnabled: phoneSubId=1 isDataRoamingEnabled=true
08-08 01:27:17.922  1137  1337 D SubscriptionController: [getActiveSubInfoList]+
08-08 01:27:17.923  1137  1137 D PhoneFactory: getPhone:- phoneId != DEFAULT_PHONE_ID return sProxyPhones[phoneId] phoneId=0 phone=Handler (com.android.internal.telephony.PhoneProxy) {337c25da}
08-08 01:27:17.923  1137  1137 D DCT     : [0]getDataOnRoamingEnabled: phoneSubId=1 isDataRoamingEnabled=true
08-08 01:27:17.924  1137  1137 D PhoneFactory: getPhone:- phoneId != DEFAULT_PHONE_ID return sProxyPhones[phoneId] phoneId=0 phone=Handler (com.android.internal.telephony.PhoneProxy) {337c25da}
08-08 01:27:17.924  1137  1137 D DCT     : [0]getDataOnRoamingEnabled: phoneSubId=1 isDataRoamingEnabled=true
08-08 01:27:17.925  1137  1137 D PhoneFactory: getPhone:- phoneId != DEFAULT_PHONE_ID return sProxyPhones[phoneId] phoneId=0 phone=Handler (com.android.internal.telephony.PhoneProxy) {337c25da}
08-08 01:27:17.926  1137  1137 D DCT     : [0]getDataOnRoamingEnabled: phoneSubId=1 isDataRoamingEnabled=true
08-08 01:27:17.926  1137  1337 D SubscriptionController: selection:sim_id>=0 null
08-08 01:27:17.927  1137  1137 D PhoneFactory: getPhone:- phoneId != DEFAULT_PHONE_ID return sProxyPhones[phoneId] phoneId=0 phone=Handler (com.android.internal.telephony.PhoneProxy) {337c25da}
08-08 01:27:17.927  1137  1137 D DCT     : [0]getDataOnRoamingEnabled: phoneSubId=1 isDataRoamingEnabled=true
08-08 01:27:17.928  1137  1137 D PhoneFactory: getPhone:- phoneId != DEFAULT_PHONE_ID return sProxyPhones[phoneId] phoneId=0 phone=Handler (com.android.internal.telephony.PhoneProxy) {337c25da}
08-08 01:27:17.929  1137  1137 D DCT     : [0]getDataOnRoamingEnabled: phoneSubId=1 isDataRoamingEnabled=true
08-08 01:27:17.929  1137  1137 D PhoneFactory: getPhone:- phoneId != DEFAULT_PHONE_ID return sProxyPhones[phoneId] phoneId=0 phone=Handler (com.android.internal.telephony.PhoneProxy) {337c25da}
08-08 01:27:17.930  1137  1137 D DCT     : [0]getDataOnRoamingEnabled: phoneSubId=1 isDataRoamingEnabled=true
08-08 01:27:17.931  1137  1137 D PhoneFactory: getPhone:- phoneId != DEFAULT_PHONE_ID return sProxyPhones[phoneId] phoneId=0 phone=Handler (com.android.internal.telephony.PhoneProxy) {337c25da}
08-08 01:27:17.931  1137  1137 D DCT     : [0]getDataOnRoamingEnabled: phoneSubId=1 isDataRoamingEnabled=true
08-08 01:27:17.932  1137  1137 D PhoneFactory: getPhone:- phoneId != DEFAULT_PHONE_ID return sProxyPhones[phoneId] phoneId=0 phone=Handler (com.android.internal.telephony.PhoneProxy) {337c25da}
08-08 01:27:17.933  1137  1137 D DCT     : [0]getDataOnRoamingEnabled: phoneSubId=1 isDataRoamingEnabled=true
08-08 01:27:17.934  1137  1137 D PhoneFactory: getPhone:- phoneId != DEFAULT_PHONE_ID return sProxyPhones[phoneId] phoneId=0 phone=Handler (com.android.internal.telephony.PhoneProxy) {337c25da}
08-08 01:27:17.934  1137  1137 D DCT     : [0]getDataOnRoamingEnabled: phoneSubId=1 isDataRoamingEnabled=true
08-08 01:27:17.935  1137  1137 D PhoneFactory: getPhone:- phoneId != DEFAULT_PHONE_ID return sProxyPhones[phoneId] phoneId=0 phone=Handler (com.android.internal.telephony.PhoneProxy) {337c25da}
08-08 01:27:17.935  1137  1137 D DCT     : [0]getDataOnRoamingEnabled: phoneSubId=1 isDataRoamingEnabled=true
08-08 01:27:17.936  1137  1137 D PhoneFactory: getPhone:- phoneId != DEFAULT_PHONE_ID return sProxyPhones[phoneId] phoneId=0 phone=Handler (com.android.internal.telephony.PhoneProxy) {337c25da}
08-08 01:27:17.937  1137  1137 D DCT     : [0]getDataOnRoamingEnabled: phoneSubId=1 isDataRoamingEnabled=true
08-08 01:27:17.938  1137  1137 D PhoneFactory: getPhone:- phoneId != DEFAULT_PHONE_ID return sProxyPhones[phoneId] phoneId=0 phone=Handler (com.android.internal.telephony.PhoneProxy) {337c25da}
08-08 01:27:17.938  1137  1137 D DCT     : [0]getDataOnRoamingEnabled: phoneSubId=1 isDataRoamingEnabled=true
08-08 01:27:17.939  1137  1137 D PhoneFactory: getPhone:- phoneId != DEFAULT_PHONE_ID return sProxyPhones[phoneId] phoneId=0 phone=Handler (com.android.internal.telephony.PhoneProxy) {337c25da}
08-08 01:27:17.940  1137  1137 D DCT     : [0]getDataOnRoamingEnabled: phoneSubId=1 isDataRoamingEnabled=true
08-08 01:27:17.941  1137  1137 D PhoneFactory: getPhone:- phoneId != DEFAULT_PHONE_ID return sProxyPhones[phoneId] phoneId=0 phone=Handler (com.android.internal.telephony.PhoneProxy) {337c25da}
08-08 01:27:17.941  1137  1137 D DCT     : [0]getDataOnRoamingEnabled: phoneSubId=1 isDataRoamingEnabled=true
08-08 01:27:17.942  1137  1137 D PhoneFactory: getPhone:- phoneId != DEFAULT_PHONE_ID return sProxyPhones[phoneId] phoneId=0 phone=Handler (com.android.internal.telephony.PhoneProxy) {337c25da}
08-08 01:27:17.942  1137  1137 D DCT     : [0]getDataOnRoamingEnabled: phoneSubId=1 isDataRoamingEnabled=true
08-08 01:27:17.943  1137  1137 D PhoneFactory: getPhone:- phoneId != DEFAULT_PHONE_ID return sProxyPhones[phoneId] phoneId=0 phone=Handler (com.android.internal.telephony.PhoneProxy) {337c25da}
08-08 01:27:17.944  1137  1137 D DCT     : [0]getDataOnRoamingEnabled: phoneSubId=1 isDataRoamingEnabled=true
08-08 01:27:17.944  1137  1337 D TelephonyManager: getTelephonyProperty: return propVal='cn' phoneId=0 property='gsm.sim.operator.iso-country' defaultVal='' prop=cn
08-08 01:27:17.945  1137  1337 D SubscriptionController: [getSubInfoRecord] id:1 iccid:89860115921101579076 simSlotIndex:0 displayName:CARD 1 nameSource:0 iconTint:-16746133 dataRoaming:0 mcc:460 mnc:1 countIso:cn
08-08 01:27:17.945  1137  1137 D PhoneFactory: getPhone:- phoneId != DEFAULT_PHONE_ID return sProxyPhones[phoneId] phoneId=0 phone=Handler (com.android.internal.telephony.PhoneProxy) {337c25da}
08-08 01:27:17.945  1137  1137 D DCT     : [0]getDataOnRoamingEnabled: phoneSubId=1 isDataRoamingEnabled=true
08-08 01:27:17.946  1137  1337 D PhoneFactory: getPhone:- phoneId != DEFAULT_PHONE_ID return sProxyPhones[phoneId] phoneId=0 phone=Handler (com.android.internal.telephony.PhoneProxy) {337c25da}
08-08 01:27:17.947  1137  1137 D PhoneFactory: getPhone:- phoneId != DEFAULT_PHONE_ID return sProxyPhones[phoneId] phoneId=0 phone=Handler (com.android.internal.telephony.PhoneProxy) {337c25da}
08-08 01:27:17.947  1137  1137 D DCT     : [0]getDataOnRoamingEnabled: phoneSubId=1 isDataRoamingEnabled=true
08-08 01:27:17.948  1137  1137 D PhoneFactory: getPhone:- phoneId != DEFAULT_PHONE_ID return sProxyPhones[phoneId] phoneId=0 phone=Handler (com.android.internal.telephony.PhoneProxy) {337c25da}
08-08 01:27:17.948  1137  1137 D DCT     : [0]getDataOnRoamingEnabled: phoneSubId=1 isDataRoamingEnabled=true
08-08 01:27:17.949  1137  1337 D SubscriptionController: [getActiveSubInfoList]- 1 infos return
08-08 01:27:17.949  1137  1137 D PhoneFactory: getPhone:- phoneId != DEFAULT_PHONE_ID return sProxyPhones[phoneId] phoneId=0 phone=Handler (com.android.internal.telephony.PhoneProxy) {337c25da}
08-08 01:27:17.950  1137  1137 D DCT     : [0]getDataOnRoamingEnabled: phoneSubId=1 isDataRoamingEnabled=true
08-08 01:27:17.951  1137  1137 D PhoneFactory: getPhone:- phoneId != DEFAULT_PHONE_ID return sProxyPhones[phoneId] phoneId=0 phone=Handler (com.android.internal.telephony.PhoneProxy) {337c25da}
08-08 01:27:17.951  1137  1137 D DCT     : [0]getDataOnRoamingEnabled: phoneSubId=1 isDataRoamingEnabled=true
08-08 01:27:17.952  1137  1137 D PhoneFactory: getPhone:- phoneId != DEFAULT_PHONE_ID return sProxyPhones[phoneId] phoneId=0 phone=Handler (com.android.internal.telephony.PhoneProxy) {337c25da}
08-08 01:27:17.954  1137  1137 D DCT     : [0]getDataOnRoamingEnabled: phoneSubId=1 isDataRoamingEnabled=true
08-08 01:27:17.955  1137  1137 D PhoneFactory: getPhone:- phoneId != DEFAULT_PHONE_ID return sProxyPhones[phoneId] phoneId=0 phone=Handler (com.android.internal.telephony.PhoneProxy) {337c25da}
08-08 01:27:17.955  1137  1137 D DCT     : [0]getDataOnRoamingEnabled: phoneSubId=1 isDataRoamingEnabled=true
08-08 01:27:17.956  1137  1137 D PhoneFactory: getPhone:- phoneId != DEFAULT_PHONE_ID return sProxyPhones[phoneId] phoneId=0 phone=Handler (com.android.internal.telephony.PhoneProxy) {337c25da}
08-08 01:27:17.957  1137  1137 D DCT     : [0]getDataOnRoamingEnabled: phoneSubId=1 isDataRoamingEnabled=true
08-08 01:27:17.958  1137  1137 D PHONE   : [ServiceState] setDataRegState=1
08-08 01:27:17.958  1137  1137 D PHONE   : [ServiceState] setDataRadioTechnology=0
08-08 01:27:17.958  1137  1137 D GsmSST  : [GsmSST] handlPollStateResultMessage: GsmSST setDataRegState=1 regState=3 dataRadioTechnology=0
08-08 01:27:17.958  1137  1137 D PHONE   : [ServiceState] setVoiceRegState=1
08-08 01:27:17.958  1137  1137 E PHONE   : [ServiceState] setState deprecated use setVoiceRegState()
08-08 01:27:17.960  1137  1137 D GsmSST  : [GsmSST] Poll ServiceState done:  oldSS=[1 1 voice home data home null null null null null null  Unknown Unknown CSS not supported -1 -1 RoamInd=-1 DefRoamInd=-1 EmergOnly=false] newSS=[1 1 voice home data home null null null null null null  Unknown Unknown CSS not supported -1 -1 RoamInd=-1 DefRoamInd=-1 EmergOnly=false] oldMaxDataCalls=20 mNewMaxDataCalls=20 oldReasonDataDenied=-1 mNewReasonDataDenied=15
08-08 01:27:17.960  1137  1137 D PHONE   : [ServiceState] setNullState=1
08-08 01:27:17.960  1137  1137 D DCT     : [0]SubscriptionListener.onSubscriptionInfoChanged
08-08 01:27:17.966  1137  1137 D GsmSST  : [GsmSST] SubscriptionListener.onSubscriptionInfoChanged
08-08 01:27:17.967  1137  1137 D DctController: onSubInfoReady mPhoneNum=1
08-08 01:27:17.967  1137  1137 D DctController: onSubInfoReady handle pending requests subId=1
08-08 01:27:17.969  1137  1137 D DctController: [TNF 1]evalPendingRequest, pending request size is 0
08-08 01:27:17.969  1137  1137 D DctController: processRequests
08-08 01:27:17.970  1137  1137 D SubscriptionController: [getActiveSubInfoList]+
08-08 01:27:17.974  1137  1137 D SubscriptionController: selection:sim_id>=0 null
08-08 01:27:17.996  1137  1137 D TelephonyManager: getTelephonyProperty: return propVal='cn' phoneId=0 property='gsm.sim.operator.iso-country' defaultVal='' prop=cn
08-08 01:27:17.997  1137  1137 D SubscriptionController: [getSubInfoRecord] id:1 iccid:89860115921101579076 simSlotIndex:0 displayName:CARD 1 nameSource:0 iconTint:-16746133 dataRoaming:0 mcc:460 mnc:1 countIso:cn
08-08 01:27:17.999  1137  1137 D PhoneFactory: getPhone:- phoneId != DEFAULT_PHONE_ID return sProxyPhones[phoneId] phoneId=0 phone=Handler (com.android.internal.telephony.PhoneProxy) {337c25da}
08-08 01:27:18.003  1137  1137 D SubscriptionController: [getActiveSubInfoList]- 1 infos return
08-08 01:27:18.010  1137  1137 E PhoneBase: Error! unregisterForCallWaiting() in PhoneBase should not be called, CDMAPhone inactive.
08-08 01:27:18.013  1137  1137 D PhoneFactory: getPhone:- phoneId != DEFAULT_PHONE_ID return sProxyPhones[phoneId] phoneId=0 phone=Handler (com.android.internal.telephony.PhoneProxy) {337c25da}
08-08 01:27:18.018  1137  1137 D TelephonyManager: getTelephonyProperty: return propVal='null' phoneId=0 property='gsm.operator.alpha' defaultVal='' prop=
08-08 01:27:18.077  1137  1137 E PhoneBase: Error! registerForCallWaiting() in PhoneBase should not be called, CDMAPhone inactive.
08-08 01:27:18.084  1137  1137 D DctController: handleMessage msg={ when=-599ms what=100 target=com.android.internal.telephony.dataconnection.DctController }
08-08 01:27:18.086  1137  1137 D DctController: selectExecPhone requestInfo = [ request=NetworkRequest [ id=1, legacyType=-1, [ Capabilities: INTERNET&NOT_RESTRICTED&TRUSTED&NOT_VPN] ], executed=false, priority=0]
08-08 01:27:18.087  1137  1137 D DctController: getTopPriorityRequestPhoneId = 0, priority = 0
08-08 01:27:18.088  1137  1137 D DcSwitchAsyncChannel: [DcSwitchAsyncChannel-0]: rspIsIdle=true
08-08 01:27:18.088  1137  1137 D DctController: onProcessRequest phoneId=0, activePhoneId=-1
08-08 01:27:18.089  1137  1333 D DcSwitchSM: [DcSwitchStateMachine-0] IdleState: REQ_CONNECT
08-08 01:27:18.090  1137  1333 D RILJ    : [3734]> RIL_REQUEST_ALLOW_DATA [SUB0]
08-08 01:27:18.092  1137  1333 D DcSwitchSM: [DcSwitchStateMachine-0] AttachingState: enter
08-08 01:27:18.093   192   254 D RILC    : RequestComplete, RIL_SOCKET_1
08-08 01:27:18.093   192   254 E RILC    : Send Response to RIL_SOCKET_1
08-08 01:27:18.094  1137  1281 D RilRequest: [3734]< RIL_REQUEST_ALLOW_DATA error: com.android.internal.telephony.CommandException: REQUEST_NOT_SUPPORTED ret=
08-08 01:27:18.094  1137  1137 D DcSwitchAsyncChannel: [DcSwitchAsyncChannel-0]: rspConnect=1
08-08 01:27:18.095  1137  1137 D DctController: handleMessage msg={ when=-610ms what=100 target=com.android.internal.telephony.dataconnection.DctController }
08-08 01:27:18.097  1137  1137 D DctController: selectExecPhone requestInfo = [ request=NetworkRequest [ id=1, legacyType=-1, [ Capabilities: INTERNET&NOT_RESTRICTED&TRUSTED&NOT_VPN] ], executed=false, priority=0]
08-08 01:27:18.098  1137  1137 D DctController: getTopPriorityRequestPhoneId = 0, priority = 0
08-08 01:27:18.099  1137  1137 D DcSwitchAsyncChannel: [DcSwitchAsyncChannel-0]: rspIsIdle=false
08-08 01:27:18.099  1137  1137 D DctController: onProcessRequest phoneId=0, activePhoneId=0
08-08 01:27:18.100  1137  1333 D DcSwitchSM: [DcSwitchStateMachine-0] AttachingState: REQ_CONNECT
08-08 01:27:18.101  1137  1333 D RILJ    : [3735]> RIL_REQUEST_ALLOW_DATA [SUB0]
08-08 01:27:18.104   192   254 D RILC    : RequestComplete, RIL_SOCKET_1
08-08 01:27:18.104   192   254 E RILC    : Send Response to RIL_SOCKET_1
08-08 01:27:18.104  1137  1281 D RilRequest: [3735]< RIL_REQUEST_ALLOW_DATA error: com.android.internal.telephony.CommandException: REQUEST_NOT_SUPPORTED ret=
08-08 01:27:18.105  1137  1137 D DcSwitchAsyncChannel: [DcSwitchAsyncChannel-0]: rspConnect=1
08-08 01:27:18.108  1137  1137 D CAT     : CatService: handleMessage[2]
08-08 01:27:18.108  1137  1137 D CAT     : CatService: ril message arrived,slotid:0
08-08 01:27:18.112  1137  1426 D CAT     : CommandParamsFactory: process SelectItem
08-08 01:27:18.116  1137  1137 D DctController: handleMessage msg={ when=-425ms what=100 target=com.android.internal.telephony.dataconnection.DctController }
08-08 01:27:18.117  1137  1137 D DctController: selectExecPhone requestInfo = [ request=NetworkRequest [ id=1, legacyType=-1, [ Capabilities: INTERNET&NOT_RESTRICTED&TRUSTED&NOT_VPN] ], executed=false, priority=0]
08-08 01:27:18.117  1137  1137 D DctController: getTopPriorityRequestPhoneId = 0, priority = 0
08-08 01:27:18.118  1137  1137 D DcSwitchAsyncChannel: [DcSwitchAsyncChannel-0]: rspIsIdle=false
08-08 01:27:18.118  1137  1137 D DctController: onProcessRequest phoneId=0, activePhoneId=0
08-08 01:27:18.118  1137  1333 D DcSwitchSM: [DcSwitchStateMachine-0] AttachingState: REQ_CONNECT
08-08 01:27:18.119  1137  1333 D RILJ    : [3736]> RIL_REQUEST_ALLOW_DATA [SUB0]
08-08 01:27:18.122   192   254 D RILC    : RequestComplete, RIL_SOCKET_1
08-08 01:27:18.122   192   254 E RILC    : Send Response to RIL_SOCKET_1
08-08 01:27:18.123  1137  1281 D RilRequest: [3736]< RIL_REQUEST_ALLOW_DATA error: com.android.internal.telephony.CommandException: REQUEST_NOT_SUPPORTED ret=
08-08 01:27:18.125  1137  1137 D DcSwitchAsyncChannel: [DcSwitchAsyncChannel-0]: rspConnect=1
08-08 01:27:18.125  1137  1137 D RILJ    : [3737]> OPERATOR [SUB0]
08-08 01:27:18.130   192  1474 D RILC    : RequestComplete, RIL_SOCKET_1
08-08 01:27:18.130   192  1474 E RILC    : Send Response to RIL_SOCKET_1
08-08 01:27:18.131  1137  1281 D RILJ    : [3737]< OPERATOR {null, null, null} [SUB0]
08-08 01:27:18.131  1137  1137 D RILJ    : [3738]> DATA_REGISTRATION_STATE [SUB0]
08-08 01:27:18.135  1137  1137 D RILJ    : [3739]> VOICE_REGISTRATION_STATE [SUB0]
08-08 01:27:18.137   192  1475 D RILC    : RequestComplete, RIL_SOCKET_1
08-08 01:27:18.137   192  1475 E RILC    : Send Response to RIL_SOCKET_1
08-08 01:27:18.138  1137  1281 D RILJ    : [3738]< DATA_REGISTRATION_STATE {3, null, null, null, 15, 20, null, 242, -1, null, null} [SUB0]
08-08 01:27:18.138  1137  1137 D RILJ    : [3740]> QUERY_NETWORK_SELECTION_MODE [SUB0]
08-08 01:27:18.139   192  1476 I RILQ    : (0/192):RIL[0][cmd-21(488)] qcril_qmi_nas_update_data_rte: completed, new drte 0 with confidence 4
08-08 01:27:18.140  1137  1137 D DctController: handleMessage msg={ when=-171ms what=100 target=com.android.internal.telephony.dataconnection.DctController }
08-08 01:27:18.141  1137  1137 D DctController: selectExecPhone requestInfo = [ request=NetworkRequest [ id=1, legacyType=-1, [ Capabilities: INTERNET&NOT_RESTRICTED&TRUSTED&NOT_VPN] ], executed=false, priority=0]
08-08 01:27:18.141  1137  1137 D DctController: getTopPriorityRequestPhoneId = 0, priority = 0
08-08 01:27:18.142  1137  1137 D DcSwitchAsyncChannel: [DcSwitchAsyncChannel-0]: rspIsIdle=false
08-08 01:27:18.142  1137  1137 D DctController: onProcessRequest phoneId=0, activePhoneId=0
08-08 01:27:18.143  1137  1333 D DcSwitchSM: [DcSwitchStateMachine-0] AttachingState: REQ_CONNECT
08-08 01:27:18.143  1137  1333 D RILJ    : [3741]> RIL_REQUEST_ALLOW_DATA [SUB0]
08-08 01:27:18.143   192  1476 D RILC    : RequestComplete, RIL_SOCKET_1
08-08 01:27:18.143   192  1476 E RILC    : Send Response to RIL_SOCKET_1
08-08 01:27:18.144  1137  1137 D DcSwitchAsyncChannel: [DcSwitchAsyncChannel-0]: rspConnect=1
08-08 01:27:18.145  1137  1137 D CAT     : CatService: handleMessage[10]
08-08 01:27:18.145  1137  1137 D CAT     : CatService: SET_UP_MENU
08-08 01:27:18.145  1137  1281 D RILJ    : [3739]< VOICE_REGISTRATION_STATE {2, null, null, 0, null, null, null, 0, null, null, null, null, null, 0, null} [SUB0]
08-08 01:27:18.146   192  1477 D RILC    : RequestComplete, RIL_SOCKET_1
08-08 01:27:18.146  1137  1137 D CAT     : CatService: encodeOptionalTags() Unsupported Cmd details=CmdDetails: compRequired=true commandNumber=1 typeOfCommand=37 commandQualifier=0
08-08 01:27:18.146   192  1477 E RILC    : Send Response to RIL_SOCKET_1
08-08 01:27:18.146  1137  1137 D RILJ    : [3742]> REQUEST_STK_SEND_TERMINAL_RESPONSE [SUB0]
08-08 01:27:18.147  1137  1281 D RILJ    : [3740]< QUERY_NETWORK_SELECTION_MODE {0} [SUB0]
08-08 01:27:18.148   192   254 D RILC    : RequestComplete, RIL_SOCKET_1
08-08 01:27:18.148   192   254 E RILC    : Send Response to RIL_SOCKET_1
08-08 01:27:18.149  1137  1137 D CAT     : CatService: Sending CmdMsg: com.android.internal.telephony.cat.CatCmdMessage@1626c743 on slotid:0
08-08 01:27:18.149  1137  1281 D RilRequest: [3741]< RIL_REQUEST_ALLOW_DATA error: com.android.internal.telephony.CommandException: REQUEST_NOT_SUPPORTED ret=
08-08 01:27:18.151  1137  1137 D PHONE   : [ServiceState] setDataRegState=1
08-08 01:27:18.151  1137  1137 D PHONE   : [ServiceState] setDataRadioTechnology=0
08-08 01:27:18.152  1137  1137 D GsmSST  : [GsmSST] handlPollStateResultMessage: GsmSST setDataRegState=1 regState=3 dataRadioTechnology=0
08-08 01:27:18.152  1137  1137 D PHONE   : [ServiceState] setVoiceRegState=1
08-08 01:27:18.152  1137  1137 E PHONE   : [ServiceState] setState deprecated use setVoiceRegState()
08-08 01:27:18.153  1137  1137 D GsmSST  : [GsmSST] Poll ServiceState done:  oldSS=[1 1 voice home data home null null null null null null  Unknown Unknown CSS not supported -1 -1 RoamInd=-1 DefRoamInd=-1 EmergOnly=false] newSS=[1 1 voice home data home null null null null null null  Unknown Unknown CSS not supported -1 -1 RoamInd=-1 DefRoamInd=-1 EmergOnly=false] oldMaxDataCalls=20 mNewMaxDataCalls=20 oldReasonDataDenied=15 mNewReasonDataDenied=15
08-08 01:27:18.153  1137  1137 D PHONE   : [ServiceState] setNullState=1
08-08 01:27:18.158   192   254 D RILC    : RequestComplete, RIL_SOCKET_1
08-08 01:27:18.158   192   254 E RILC    : Send Response to RIL_SOCKET_1
08-08 01:27:18.158   192   273 I RILC    : RIL_SOCKET_1 UNSOLICITED: UNSOL_STK_SESSION_END length:8
08-08 01:27:18.158   192   273 E RILC    : Send Response to RIL_SOCKET_1
08-08 01:27:18.159  1137  1281 D RILJ    : [3742]< REQUEST_STK_SEND_TERMINAL_RESPONSE  [SUB0]
08-08 01:27:18.161  1137  1281 D RILJ    : [UNSL]< UNSOL_STK_SESSION_END [SUB0]
08-08 01:27:18.161  1137  1137 D CAT     : CatService: handleMessage[1]
08-08 01:27:18.161  1137  1137 D CAT     : CatService: ril message arrived,slotid:0
08-08 01:27:18.162  1137  1137 D CAT     : CatService: handleMessage[10]
08-08 01:27:18.162  1137  1137 D CAT     : CatService: SESSION END on 0
08-08 01:27:18.398   192   663 I RILQ    : (0/192):RIL[0][qmi_cb] qcril_qmi_nas_update_data_rte: completed, new drte 0 with confidence 4
08-08 01:27:18.400   192   663 I RILC    : RIL_SOCKET_1 UNSOLICITED: UNSOL_RESPONSE_VOICE_NETWORK_STATE_CHANGED length:8
08-08 01:27:18.400   192   663 E RILC    : Send Response to RIL_SOCKET_1
08-08 01:27:18.401  1137  1281 D RILJ    : [UNSL]< UNSOL_RESPONSE_VOICE_NETWORK_STATE_CHANGED [SUB0]
08-08 01:27:18.402  1137  1137 D RILJ    : [3743]> OPERATOR [SUB0]
08-08 01:27:18.405  1137  1137 D RILJ    : [3744]> DATA_REGISTRATION_STATE [SUB0]
08-08 01:27:18.405   192  1478 D RILC    : RequestComplete, RIL_SOCKET_1
08-08 01:27:18.405   192  1478 E RILC    : Send Response to RIL_SOCKET_1
08-08 01:27:18.406  1137  1281 D RILJ    : [3743]< OPERATOR {null, null, null} [SUB0]
08-08 01:27:18.408  1137  1137 D RILJ    : [3745]> VOICE_REGISTRATION_STATE [SUB0]
08-08 01:27:18.410   192  1479 D RILC    : RequestComplete, RIL_SOCKET_1
08-08 01:27:18.410   192  1479 E RILC    : Send Response to RIL_SOCKET_1
08-08 01:27:18.411  1137  1137 D RILJ    : [3746]> QUERY_NETWORK_SELECTION_MODE [SUB0]
08-08 01:27:18.412  1137  1281 D RILJ    : [3744]< DATA_REGISTRATION_STATE {3, null, null, null, 15, 20, null, null, null, null, null} [SUB0]
08-08 01:27:18.415  1137  1137 D PHONE   : [ServiceState] setDataRegState=1
08-08 01:27:18.415  1137  1137 D PHONE   : [ServiceState] setDataRadioTechnology=0
08-08 01:27:18.415   192  1480 I RILQ    : (0/192):RIL[0][cmd-20(488)] qcril_qmi_nas_update_data_rte: completed, new drte 0 with confidence 4
08-08 01:27:18.415  1137  1137 D GsmSST  : [GsmSST] handlPollStateResultMessage: GsmSST setDataRegState=1 regState=3 dataRadioTechnology=0
08-08 01:27:18.417   192  1480 D RILC    : RequestComplete, RIL_SOCKET_1
08-08 01:27:18.418   192  1480 E RILC    : Send Response to RIL_SOCKET_1
08-08 01:27:18.418   192  1481 D RILC    : RequestComplete, RIL_SOCKET_1
08-08 01:27:18.418   192  1481 E RILC    : Send Response to RIL_SOCKET_1
08-08 01:27:18.419  1137  1281 D RILJ    : [3745]< VOICE_REGISTRATION_STATE {2, null, null, 0, null, null, null, 0, null, null, null, null, null, 0, null} [SUB0]
08-08 01:27:18.420  1137  1137 D PHONE   : [ServiceState] setVoiceRegState=1
08-08 01:27:18.420  1137  1137 E PHONE   : [ServiceState] setState deprecated use setVoiceRegState()
08-08 01:27:18.420  1137  1281 D RILJ    : [3746]< QUERY_NETWORK_SELECTION_MODE {0} [SUB0]
