04-12 11:11:39.123  3249  3249 I auditd  : type=1400 audit(0.0:146): avc: denied { read } for comm="OnLineMonitor" name="mem" dev="debugfs" ino=15991 scontext=u:r:untrusted_app:s0 tcontext=u:object_r:debugfs:s0 tclass=file
04-12 11:11:39.233  3249  3249 I auditd  : type=1400 audit(0.0:147): avc: denied { read } for comm="OnLineMonitor" name="mem" dev="debugfs" ino=15991 scontext=u:r:untrusted_app:s0 tcontext=u:object_r:debugfs:s0 tclass=file
04-12 11:11:42.931   853   853 I force_gc: Binder
04-12 11:11:43.307   710  9069 I force_gc: Binder
04-12 11:11:46.799   710  1042 I force_gc: Binder
04-12 11:11:55.487   710   727 I force_gc: Binder
04-12 11:11:58.282   710   899 I force_gc: Binder
04-12 11:11:58.816   853   853 I force_gc: Binder
04-12 11:11:59.406   853   853 I sysui_panelholder_touch: [0,352,31]
04-12 11:11:59.468   710  1134 I notification_panel_revealed: []
04-12 11:11:59.478   710   899 I notification_visibility_changed: [-1|android|17040644|null|1000;-1|android|17040636|null|1000,]
04-12 11:12:00.181   710  1042 I notification_visibility_changed: [,-1|android|17040644|null|1000;-1|android|17040636|null|1000]
04-12 11:12:00.190   710   727 I notification_panel_hidden: []
04-12 11:12:02.004   710  9013 I force_gc: Binder
04-12 11:12:02.372   853   853 I force_gc: Binder
04-12 11:12:04.950   710   727 I force_gc: Binder
04-12 11:12:05.901   853   853 I force_gc: Binder
04-12 11:12:09.174   710  1042 I force_gc: Binder
04-12 11:12:13.105   853   853 I force_gc: Binder
04-12 11:12:13.484   710  8213 I force_gc: Binder
04-12 11:12:16.627   853   853 I force_gc: Binder
04-12 11:12:17.605   710  1042 I force_gc: Binder
04-12 11:12:21.406   710  1218 I force_gc: Binder
04-12 11:12:36.634   710   777 I am_anr  : [0,853,com.android.systemui,1086864909,Input dispatching timed out (Waiting to send non-key event because the touched window has not finished processing certain input events that were delivered to it over 500.0ms ago.  Wait queue length: 2.  Wait queue head age: 13153.2ms.)]
04-12 11:13:10.278   710   777 I am_broadcast_discard_filter: [0,248800836,android.intent.action.TIME_TICK,11,230549349]
04-12 11:13:10.879   710   809 I netstats_mobile_sample: [0,0,0,0,0,0,0,0,0,0,0,0,1491966790880]
04-12 11:13:10.880   710   809 I netstats_wifi_sample: [138140448,98506,4088423,55736,138139796,98554,3769755,55786,138139796,98554,3759303,55734,1491966790880]
04-12 11:13:13.767   710  1218 I force_gc: Binder
04-12 11:13:14.125   853   853 I force_gc: Binder
04-12 11:13:16.566   710  1115 I force_gc: Binder
04-12 11:13:20.056   710  1042 I force_gc: Binder
04-12 11:13:20.598   853   853 I force_gc: Binder
04-12 11:13:22.813   710  8213 I force_gc: Binder
04-12 11:13:23.205   853   853 I force_gc: Binder
04-12 11:13:23.670   710   710 I notification_cancel: [10054,3176,com.youku.phone,11250603,NULL,0,0,64,8,NULL]
04-12 11:13:25.556   710   710 I notification_cancel: [10054,3176,com.youku.phone,11250603,NULL,0,0,64,8,NULL]
04-12 11:13:25.600   710  1115 I force_gc: Binder
04-12 11:13:28.729   853   853 I force_gc: Binder
04-12 11:13:28.920   710  1115 I force_gc: Binder
04-12 11:13:29.802   710   784 I power_sleep_requested: 0
04-12 11:13:29.804   710   710 I power_screen_state: [0,3,0,0]
04-12 11:13:29.804   710   710 I screen_toggled: 0
04-12 11:13:29.809   710   710 I power_screen_broadcast_send: 1
04-12 11:13:30.979   710   710 I am_pause_activity: [0,413672932,com.youku.phone/com.youku.community.activity.CommunityActivity]
04-12 11:13:31.486   710   777 I am_focused_activity: [0,com.youku.phone/com.youku.community.activity.CommunityActivity]
04-12 11:13:31.780  3176  3176 I am_on_paused_called: [0,com.youku.community.activity.CommunityActivity]
04-12 11:13:31.783   710  1115 I am_failed_to_pause: [0,413672932,com.youku.phone/com.youku.community.activity.CommunityActivity,(none)]
04-12 11:13:36.187   710  1115 I am_home_stack_moved: [0,0,1,1,intentActivityFound]
04-12 11:13:36.188   710  1115 I wm_task_moved: [4,1,0]
04-12 11:13:36.257   710  1115 I am_resume_activity: [0,413672932,4,com.youku.phone/com.youku.community.activity.CommunityActivity]
04-12 11:13:36.325   710  1115 I am_pause_activity: [0,413672932,com.youku.phone/com.youku.community.activity.CommunityActivity]
04-12 11:13:36.834   710   777 I am_focused_activity: [0,com.youku.phone/com.youku.community.activity.CommunityActivity]
04-12 11:13:37.472   710   710 I am_resume_activity: [0,413672932,4,com.youku.phone/com.youku.community.activity.CommunityActivity]
04-12 11:13:37.611   710   710 I power_screen_state: [1,0,0,0]
04-12 11:13:37.611   710   710 I screen_toggled: 1
04-12 11:13:38.539   177   177 I sf_frame_dur: [ColorFade,25,2,1,0,2,0,0]
04-12 11:13:40.024   710   777 I am_broadcast_discard_filter: [0,1017936475,android.intent.action.SCREEN_OFF,11,470987956]
04-12 11:13:41.323   853   853 I sysui_heads_up_status: [,0]
04-12 11:13:44.357   710   710 I notification_cancel: [10054,3176,com.youku.phone,11250603,NULL,0,0,64,8,NULL]
04-12 11:13:44.472   710   710 I notification_cancel: [10054,3176,com.youku.phone,11250603,NULL,0,0,64,8,NULL]
04-12 11:13:44.526   710   710 I notification_cancel: [10054,3176,com.youku.phone,11250603,NULL,0,0,64,8,NULL]
04-12 11:13:44.576  3176  3176 I am_on_resume_called: [0,com.youku.community.activity.CommunityActivity]
04-12 11:13:46.976  3176  3176 I am_on_paused_called: [0,com.youku.community.activity.CommunityActivity]
04-12 11:13:46.978   710  1243 I am_failed_to_pause: [0,413672932,com.youku.phone/com.youku.community.activity.CommunityActivity,(none)]
04-12 11:13:46.983  3249  3249 I auditd  : type=1400 audit(0.0:148): avc: denied { read } for comm="OnLineMonitor" name="mem" dev="debugfs" ino=15991 scontext=u:r:untrusted_app:s0 tcontext=u:object_r:debugfs:s0 tclass=file
04-12 11:13:46.983  3249  3249 I auditd  : type=1400 audit(0.0:149): avc: denied { read } for comm="OnLineMonitor" name="mem" dev="debugfs" ino=15991 scontext=u:r:untrusted_app:s0 tcontext=u:object_r:debugfs:s0 tclass=file
04-12 11:13:47.077   710  9013 I am_home_stack_moved: [0,0,1,1,intentActivityFound]
04-12 11:13:47.077   710  9013 I wm_task_moved: [4,1,0]
04-12 11:13:47.253   710   710 I notification_cancel: [10054,3176,com.youku.phone,11250603,NULL,0,0,64,8,NULL]
04-12 11:13:47.389   710   710 I notification_cancel: [10054,3176,com.youku.phone,11250603,NULL,0,0,64,8,NULL]
04-12 11:13:47.480   710   710 I notification_cancel: [10054,3176,com.youku.phone,11250603,NULL,0,0,64,8,NULL]
04-12 11:13:47.540  3176  3176 I am_on_resume_called: [0,com.youku.community.activity.CommunityActivity]
04-12 11:13:56.043  3249  3249 I auditd  : type=1400 audit(0.0:150): avc: denied { read } for comm="OnLineMonitor" name="mem" dev="debugfs" ino=15991 scontext=u:r:untrusted_app:s0 tcontext=u:object_r:debugfs:s0 tclass=file
04-12 11:13:56.143  3249  3249 I auditd  : type=1400 audit(0.0:151): avc: denied { read } for comm="OnLineMonitor" name="mem" dev="debugfs" ino=15991 scontext=u:r:untrusted_app:s0 tcontext=u:object_r:debugfs:s0 tclass=file
04-12 11:14:03.124   710   710 I power_screen_broadcast_done: [0,33315,1]
04-12 11:14:03.124   710   710 I power_screen_broadcast_send: 1
04-12 11:14:08.613  3249  3249 I auditd  : type=1400 audit(0.0:152): avc: denied { read } for comm="OnLineMonitor" name="mem" dev="debugfs" ino=15991 scontext=u:r:untrusted_app:s0 tcontext=u:object_r:debugfs:s0 tclass=file
04-12 11:14:08.613  3249  3249 I auditd  : type=1400 audit(0.0:153): avc: denied { read } for comm="OnLineMonitor" name="mem" dev="debugfs" ino=15991 scontext=u:r:untrusted_app:s0 tcontext=u:object_r:debugfs:s0 tclass=file
04-12 11:14:10.853  3249  3249 I auditd  : type=1400 audit(0.0:154): avc: denied { read } for comm="OnLineMonitor" name="mem" dev="debugfs" ino=15991 scontext=u:r:untrusted_app:s0 tcontext=u:object_r:debugfs:s0 tclass=file
04-12 11:14:10.853  3249  3249 I auditd  : type=1400 audit(0.0:155): avc: denied { read } for comm="OnLineMonitor" name="mem" dev="debugfs" ino=15991 scontext=u:r:untrusted_app:s0 tcontext=u:object_r:debugfs:s0 tclass=file
04-12 11:14:13.196   710   777 I am_broadcast_discard_filter: [0,124849434,android.intent.action.SCREEN_ON,10,470987956]
04-12 11:14:13.232   710   710 I power_screen_broadcast_done: [1,10108,1]
04-12 11:14:17.204   710  8213 I force_gc: Binder
04-12 11:14:18.863  3249  3249 I auditd  : type=1400 audit(0.0:156): avc: denied { read } for comm="OnLineMonitor" name="mem" dev="debugfs" ino=15991 scontext=u:r:untrusted_app:s0 tcontext=u:object_r:debugfs:s0 tclass=file
04-12 11:14:18.883  3249  3249 I auditd  : type=1400 audit(0.0:157): avc: denied { read } for comm="OnLineMonitor" name="mem" dev="debugfs" ino=15991 scontext=u:r:untrusted_app:s0 tcontext=u:object_r:debugfs:s0 tclass=file
04-12 11:14:20.717   710  8213 I force_gc: Binder
04-12 11:14:22.628   853   853 I force_gc: Binder
04-12 11:14:24.166   710  9013 I force_gc: Binder
04-12 11:14:24.488   710  9013 I am_home_stack_moved: [0,0,1,1,intentActivityFound]
04-12 11:14:24.488   710  9013 I wm_task_moved: [4,1,0]
04-12 11:14:25.671   853   853 I force_gc: Binder
04-12 11:14:27.481   710  1134 I force_gc: Binder
04-12 11:14:29.998   853   853 I force_gc: Binder
04-12 11:14:30.497   710  8211 I force_gc: Binder
04-12 11:14:33.044   853   853 I force_gc: Binder
04-12 11:14:33.629   710  1042 I force_gc: Binder
04-12 11:14:35.555   853   853 I sysui_panelholder_touch: [0,1060,2]
04-12 11:14:35.619   710  8213 I notification_panel_revealed: []
04-12 11:14:35.649   710   899 I notification_visibility_changed: [-1|android|17040644|null|1000;-1|android|17040636|null|1000,]
04-12 11:14:36.297   710  8213 I notification_visibility_changed: [,-1|android|17040644|null|1000;-1|android|17040636|null|1000]
04-12 11:14:36.300   710   899 I notification_panel_hidden: []
04-12 11:14:36.562   710  9013 I am_home_stack_moved: [0,0,1,1,intentActivityFound]
04-12 11:14:36.562   710  9013 I wm_task_moved: [4,1,0]
04-12 11:14:37.201   710  5180 I force_gc: Binder
04-12 11:14:39.673   853   853 I force_gc: Binder
04-12 11:14:40.375   710  1243 I force_gc: Binder
04-12 11:14:42.951   853   853 I force_gc: Binder
04-12 11:14:43.997   710   899 I force_gc: Binder
04-12 11:14:47.000   710  1243 I am_home_stack_moved: [0,0,1,1,intentActivityFound]
04-12 11:14:47.000   710  1243 I wm_task_moved: [4,1,0]
04-12 11:14:47.535   710  1115 I force_gc: Binder
04-12 11:14:50.503   710  8213 I force_gc: Binder
04-12 11:14:50.897   853   853 I force_gc: Binder
04-12 11:14:53.852   710  8213 I force_gc: Binder
04-12 11:14:54.482   853   853 I force_gc: Binder
04-12 11:14:57.406   710  8213 I force_gc: Binder
04-12 11:15:00.533   710   899 I am_home_stack_moved: [0,0,1,1,intentActivityFound]
04-12 11:15:00.533   710   899 I wm_task_moved: [4,1,0]
04-12 11:15:01.503   710   899 I force_gc: Binder
04-12 11:15:02.938   853   853 I force_gc: Binder
04-12 11:15:04.262   710  1042 I force_gc: Binder
04-12 11:15:04.854   710  1134 I am_finish_activity: [0,413672932,4,com.youku.phone/com.youku.community.activity.CommunityActivity,app-request]
04-12 11:15:04.856   710  1134 I am_home_stack_moved: [0,0,1,1,finishActivity adjustTopFocus setFocusedActivity]
04-12 11:15:04.856   710  1134 I am_focused_activity: [0,com.youku.phone/com.youku.ui.activity.DetailActivity]
04-12 11:15:04.856   710  1134 I am_pause_activity: [0,413672932,com.youku.phone/com.youku.community.activity.CommunityActivity]
04-12 11:15:05.363   710   777 I am_resume_activity: [0,446425055,4,com.youku.phone/com.youku.ui.activity.DetailActivity]
04-12 11:15:05.378  3176  3176 I am_on_paused_called: [0,com.youku.community.activity.CommunityActivity]
04-12 11:15:05.384   710  9013 I am_failed_to_pause: [0,413672932,com.youku.phone/com.youku.community.activity.CommunityActivity,(none)]
04-12 11:15:05.563   710   710 I notification_cancel: [10054,3176,com.youku.phone,11250603,NULL,0,0,64,8,NULL]
04-12 11:15:05.589   853   853 I force_gc: Binder
04-12 11:15:05.833  3176  3176 I am_on_resume_called: [0,com.youku.ui.activity.DetailActivity]
04-12 11:15:07.136   710  5180 I force_gc: Binder
04-12 11:15:07.383  3249  3249 I auditd  : type=1400 audit(0.0:158): avc: denied { read } for comm="OnLineMonitor" name="mem" dev="debugfs" ino=15991 scontext=u:r:untrusted_app:s0 tcontext=u:object_r:debugfs:s0 tclass=file
04-12 11:15:07.452   177   177 I sf_frame_dur: [com.youku.phone/com.youku.community.activity.CommunityActivity,3230,1440,265,49,14,9,14]
04-12 11:15:07.443  3249  3249 I auditd  : type=1400 audit(0.0:159): avc: denied { read } for comm="OnLineMonitor" name="mem" dev="debugfs" ino=15991 scontext=u:r:untrusted_app:s0 tcontext=u:object_r:debugfs:s0 tclass=file
04-12 11:15:07.485   710  1042 I am_home_stack_moved: [0,0,1,1,sourceStackToFront]
04-12 11:15:07.485   710  1042 I wm_task_moved: [4,1,0]
04-12 11:15:07.491   710  1042 I am_create_activity: [0,983828007,4,com.youku.phone/com.youku.ui.activity.WebViewActivity,NULL,NULL,NULL,0]
04-12 11:15:07.493   710  1042 I am_pause_activity: [0,446425055,com.youku.phone/com.youku.ui.activity.DetailActivity]
04-12 11:15:07.496   710  1042 I am_home_stack_moved: [0,0,1,1,startedActivity setFocusedActivity]
04-12 11:15:07.498   710  1042 I am_focused_activity: [0,com.youku.phone/com.youku.ui.activity.WebViewActivity]
04-12 11:15:08.000   710   777 I am_restart_activity: [0,983828007,4,com.youku.phone/com.youku.ui.activity.WebViewActivity]
04-12 11:15:08.042   710   777 I am_destroy_activity: [0,413672932,4,com.youku.phone/com.youku.community.activity.CommunityActivity,finish-imm]
04-12 11:15:08.104  3176  3176 I am_on_paused_called: [0,com.youku.ui.activity.DetailActivity]
04-12 11:15:08.106   710  1042 I am_failed_to_pause: [0,446425055,com.youku.phone/com.youku.ui.activity.DetailActivity,(none)]
04-12 11:15:08.794  3176  3176 I am_on_resume_called: [0,com.youku.ui.activity.WebViewActivity]
04-12 11:15:08.830   710   710 I notification_cancel: [10054,3176,com.youku.phone,11250603,NULL,0,0,64,8,NULL]
04-12 11:15:08.842   710   710 I notification_cancel: [10054,3176,com.youku.phone,11250603,NULL,0,0,64,8,NULL]
04-12 11:15:08.854   710   710 I notification_cancel: [10054,3176,com.youku.phone,11250603,NULL,0,0,64,8,NULL]
04-12 11:15:09.324   710   782 I am_activity_launch_time: [0,983828007,com.youku.phone/com.youku.ui.activity.WebViewActivity,1327,1327]
04-12 11:15:09.643  3249  3249 I auditd  : type=1400 audit(0.0:160): avc: denied { read } for comm="OnLineMonitor" name="mem" dev="debugfs" ino=15991 scontext=u:r:untrusted_app:s0 tcontext=u:object_r:debugfs:s0 tclass=file
04-12 11:15:09.653  3249  3249 I auditd  : type=1400 audit(0.0:161): avc: denied { read } for comm="OnLineMonitor" name="mem" dev="debugfs" ino=15991 scontext=u:r:untrusted_app:s0 tcontext=u:object_r:debugfs:s0 tclass=file
04-12 11:15:10.037   853   853 I force_gc: Binder
04-12 11:15:10.224   710  1115 I force_gc: Binder
04-12 11:15:10.716   177   177 I sf_frame_dur: [com.youku.phone/com.youku.ui.activity.DetailActivity,0,0,1,1,1,2,1]
04-12 11:15:13.948   710  1042 I am_home_stack_moved: [0,0,1,1,intentActivityFound]
04-12 11:15:13.948   710  1042 I wm_task_moved: [4,1,0]
04-12 11:15:16.006   853   853 I force_gc: Binder
04-12 11:15:16.403   710  1134 I force_gc: Binder
04-12 11:15:19.073  3249  3249 I auditd  : type=1400 audit(0.0:162): avc: denied { read } for comm="OnLineMonitor" name="mem" dev="debugfs" ino=15991 scontext=u:r:untrusted_app:s0 tcontext=u:object_r:debugfs:s0 tclass=file
04-12 11:15:19.073  3249  3249 I auditd  : type=1400 audit(0.0:163): avc: denied { read } for comm="OnLineMonitor" name="mem" dev="debugfs" ino=15991 scontext=u:r:untrusted_app:s0 tcontext=u:object_r:debugfs:s0 tclass=file
04-12 11:15:20.387   710   899 I force_gc: Binder
04-12 11:15:21.717   853   853 I force_gc: Binder
04-12 11:15:23.580   710  1134 I force_gc: Binder
04-12 11:15:24.693  3249  3249 I auditd  : type=1400 audit(0.0:164): avc: denied { read } for comm="OnLineMonitor" name="mem" dev="debugfs" ino=15991 scontext=u:r:untrusted_app:s0 tcontext=u:object_r:debugfs:s0 tclass=file
04-12 11:15:24.723  3249  3249 I auditd  : type=1400 audit(0.0:165): avc: denied { read } for comm="OnLineMonitor" name="mem" dev="debugfs" ino=15991 scontext=u:r:untrusted_app:s0 tcontext=u:object_r:debugfs:s0 tclass=file
04-12 11:15:24.856   853   853 I force_gc: Binder
04-12 11:15:26.617   710  1134 I force_gc: Binder
04-12 11:15:29.756   710  1115 I force_gc: Binder
04-12 11:15:31.768   853   853 I force_gc: Binder
04-12 11:15:33.073  3249  3249 I auditd  : type=1400 audit(0.0:166): avc: denied { read } for comm="OnLineMonitor" name="mem" dev="debugfs" ino=15991 scontext=u:r:untrusted_app:s0 tcontext=u:object_r:debugfs:s0 tclass=file
04-12 11:15:33.083  3249  3249 I auditd  : type=1400 audit(0.0:167): avc: denied { read } for comm="OnLineMonitor" name="mem" dev="debugfs" ino=15991 scontext=u:r:untrusted_app:s0 tcontext=u:object_r:debugfs:s0 tclass=file
04-12 11:15:35.778   177   177 I sf_frame_dur: [VolumePanel,0,0,0,0,1,0,0]
04-12 11:15:36.977   710  1042 I force_gc: Binder
04-12 11:15:40.116   710  1115 I am_home_stack_moved: [0,0,1,1,intentActivityFound]
04-12 11:15:40.116   710  1115 I wm_task_moved: [4,1,0]
04-12 11:15:40.272   710  6844 I force_gc: Binder
04-12 11:15:40.824   853   853 I force_gc: Binder
04-12 11:15:43.998   710  1269 I force_gc: Binder
04-12 11:15:44.305   853   853 I force_gc: Binder
04-12 11:15:47.533   710  9013 I force_gc: Binder
04-12 11:15:49.683   710  9013 I am_finish_activity: [0,983828007,4,com.youku.phone/com.youku.ui.activity.WebViewActivity,app-request]
04-12 11:15:49.685   710  9013 I am_home_stack_moved: [0,0,1,1,finishActivity adjustTopFocus setFocusedActivity]
04-12 11:15:49.685   710  9013 I am_focused_activity: [0,com.youku.phone/com.youku.ui.activity.DetailActivity]
04-12 11:15:49.686   710  9013 I am_pause_activity: [0,983828007,com.youku.phone/com.youku.ui.activity.WebViewActivity]
04-12 11:15:50.028  3176  3176 I am_on_paused_called: [0,com.youku.ui.activity.WebViewActivity]
04-12 11:15:50.036   710  1269 I am_resume_activity: [0,446425055,4,com.youku.phone/com.youku.ui.activity.DetailActivity]
04-12 11:15:50.182   710   710 I notification_cancel: [10054,3176,com.youku.phone,11250603,NULL,0,0,64,8,NULL]
04-12 11:15:50.531  3176  3176 I am_on_resume_called: [0,com.youku.ui.activity.DetailActivity]
04-12 11:15:50.745   853   853 I force_gc: Binder
04-12 11:15:50.954   710   899 I force_gc: Binder
04-12 11:15:51.689   177   177 I sf_frame_dur: [com.youku.phone/com.youku.ui.activity.WebViewActivity,114,82,37,11,14,10,10]
04-12 11:15:52.143  3249  3249 I auditd  : type=1400 audit(0.0:168): avc: denied { read } for comm="OnLineMonitor" name="mem" dev="debugfs" ino=15991 scontext=u:r:untrusted_app:s0 tcontext=u:object_r:debugfs:s0 tclass=file
04-12 11:15:52.143  3249  3249 I auditd  : type=1400 audit(0.0:169): avc: denied { read } for comm="OnLineMonitor" name="mem" dev="debugfs" ino=15991 scontext=u:r:untrusted_app:s0 tcontext=u:object_r:debugfs:s0 tclass=file
04-12 11:15:52.237   710  9069 I am_destroy_activity: [0,983828007,4,com.youku.phone/com.youku.ui.activity.WebViewActivity,finish-imm]
04-12 11:15:52.552   710   809 I netstats_mobile_sample: [0,0,0,0,0,0,0,0,0,0,0,0,1491966952553]
04-12 11:15:52.553   710   809 I netstats_wifi_sample: [140238424,100234,4205425,57227,140238406,100287,3882853,57283,140187406,100253,3870415,57210,1491966952553]
04-12 11:15:52.787   853   853 I sysui_panelholder_touch: [0,123,44]
04-12 11:15:52.933   710  9013 I notification_panel_revealed: []
04-12 11:15:52.951   710  1243 I notification_visibility_changed: [-1|android|17040644|null|1000;-1|android|17040636|null|1000,]
04-12 11:15:54.000   710  1269 I notification_visibility_changed: [,-1|android|17040644|null|1000;-1|android|17040636|null|1000]
04-12 11:15:54.004   710  9069 I notification_panel_hidden: []
04-12 11:15:54.037   710   809 I netstats_mobile_sample: [0,0,0,0,0,0,0,0,0,0,0,0,1491966954032]
04-12 11:15:54.045   710   809 I netstats_wifi_sample: [142864248,101998,4256629,58271,142862718,102050,3929363,58327,142832958,102030,3917305,58259,1491966954032]
04-12 11:15:54.957   853   853 I force_gc: Binder
04-12 11:15:55.089   710   809 I netstats_mobile_sample: [0,0,0,0,0,0,0,0,0,0,0,0,1491966955090]
04-12 11:15:55.107   710   809 I netstats_wifi_sample: [145360186,103678,4283269,58937,145355680,103728,3955999,58991,145336336,103715,3944101,58927,1491966955090]
04-12 11:15:55.318   710  6844 I force_gc: Binder
04-12 11:15:56.431   710   809 I netstats_mobile_sample: [0,0,0,0,0,0,0,0,0,0,0,0,1491966956432]
04-12 11:15:56.432   710   809 I netstats_wifi_sample: [147832738,105342,4308093,59632,147832696,105395,3983879,59688,147826744,105391,3972141,59628,1491966956432]
04-12 11:15:57.113  3249  3249 I auditd  : type=1400 audit(0.0:170): avc: denied { read } for comm="OnLineMonitor" name="mem" dev="debugfs" ino=15991 scontext=u:r:untrusted_app:s0 tcontext=u:object_r:debugfs:s0 tclass=file
04-12 11:15:57.143  3249  3249 I auditd  : type=1400 audit(0.0:171): avc: denied { read } for comm="OnLineMonitor" name="mem" dev="debugfs" ino=15991 scontext=u:r:untrusted_app:s0 tcontext=u:object_r:debugfs:s0 tclass=file
04-12 11:15:57.979   710  9069 I am_home_stack_moved: [0,0,1,1,sourceStackToFront]
04-12 11:15:57.979   710  9069 I wm_task_moved: [4,1,0]
04-12 11:15:57.988   710  9069 I am_create_activity: [0,546618222,4,com.youku.phone/com.youku.ui.activity.WebViewActivity,NULL,NULL,NULL,0]
04-12 11:15:57.989   710  9069 I am_pause_activity: [0,446425055,com.youku.phone/com.youku.ui.activity.DetailActivity]
04-12 11:15:57.994   710  9069 I am_home_stack_moved: [0,0,1,1,startedActivity setFocusedActivity]
04-12 11:15:57.999   710  9069 I am_focused_activity: [0,com.youku.phone/com.youku.ui.activity.WebViewActivity]
04-12 11:15:58.547  3176  3176 I am_on_paused_called: [0,com.youku.ui.activity.DetailActivity]
04-12 11:15:58.551   710  1134 I am_restart_activity: [0,546618222,4,com.youku.phone/com.youku.ui.activity.WebViewActivity]
04-12 11:15:58.903  3176  3176 I am_on_resume_called: [0,com.youku.ui.activity.WebViewActivity]
04-12 11:15:59.256   710   782 I am_activity_launch_time: [0,546618222,com.youku.phone/com.youku.ui.activity.WebViewActivity,706,706]
04-12 11:15:59.490   177   177 I sf_frame_dur: [SurfaceView,2,22,41,6,0,0,0]
04-12 11:15:59.490   177   177 I sf_frame_dur: [com.youku.phone/com.youku.ui.activity.DetailActivity,48,62,32,8,3,2,0]
04-12 11:15:59.519   710   899 I force_gc: Binder
04-12 11:15:59.620   710   777 I am_kill : [0,2795,com.android.defcontainer,15,empty for 1800s]
04-12 11:15:59.989   710  9069 I am_proc_died: [0,2795,com.android.defcontainer]
04-12 11:16:00.197   710   809 I netstats_mobile_sample: [0,0,0,0,0,0,0,0,0,0,0,0,1491966960198]
04-12 11:16:00.203   710   809 I netstats_wifi_sample: [150645309,107262,4360710,60643,150645147,107313,4037728,60699,150623772,107298,4024924,60632,1491966960198]
04-12 11:16:00.242   710  1042 I am_kill : [0,3076,com.svox.pico,15,empty for 1800s]
04-12 11:16:00.443  3249  3249 I auditd  : type=1400 audit(0.0:172): avc: denied { read } for comm="OnLineMonitor" name="mem" dev="debugfs" ino=15991 scontext=u:r:untrusted_app:s0 tcontext=u:object_r:debugfs:s0 tclass=file
04-12 11:16:00.443  3249  3249 I auditd  : type=1400 audit(0.0:173): avc: denied { read } for comm="OnLineMonitor" name="mem" dev="debugfs" ino=15991 scontext=u:r:untrusted_app:s0 tcontext=u:object_r:debugfs:s0 tclass=file
04-12 11:16:01.364   710  6844 I am_proc_died: [0,3076,com.svox.pico]
04-12 11:16:02.284   177   177 I sf_frame_dur: [VolumePanel,2,1,3,0,0,0,0]
04-12 11:16:02.429   853   853 I force_gc: Binder
04-12 11:16:03.867   710  9069 I force_gc: Binder
04-12 11:16:04.631   853   853 I sysui_panelholder_touch: [0,714,65]
04-12 11:16:04.697   710  9013 I notification_panel_revealed: []
04-12 11:16:04.726   710  1243 I notification_visibility_changed: [-1|android|17040644|null|1000;-1|android|17040636|null|1000,]
04-12 11:16:05.752   710  1243 I notification_visibility_changed: [,-1|android|17040644|null|1000;-1|android|17040636|null|1000]
04-12 11:16:05.755   710  1243 I notification_panel_hidden: []
04-12 11:16:08.022   710   710 I free_storage_changed: 12994957312
04-12 11:16:08.869   710  1042 I force_gc: Binder
04-12 11:16:12.603   710  1134 I am_finish_activity: [0,546618222,4,com.youku.phone/com.youku.ui.activity.WebViewActivity,app-request]
04-12 11:16:12.605   710  1134 I am_home_stack_moved: [0,0,1,1,finishActivity adjustTopFocus setFocusedActivity]
04-12 11:16:12.605   710  1134 I am_focused_activity: [0,com.youku.phone/com.youku.ui.activity.DetailActivity]
04-12 11:16:12.606   710  1134 I am_pause_activity: [0,546618222,com.youku.phone/com.youku.ui.activity.WebViewActivity]
04-12 11:16:12.801  3176  3176 I am_on_paused_called: [0,com.youku.ui.activity.WebViewActivity]
04-12 11:16:12.806   710  9069 I am_resume_activity: [0,446425055,4,com.youku.phone/com.youku.ui.activity.DetailActivity]
04-12 11:16:12.968   853   853 I force_gc: Binder
04-12 11:16:13.025   710   710 I notification_cancel: [10054,3176,com.youku.phone,11250603,NULL,0,0,64,8,NULL]
04-12 11:16:13.720   710   899 I force_gc: Binder
04-12 11:16:13.751  3176  3176 I am_on_resume_called: [0,com.youku.ui.activity.DetailActivity]
04-12 11:16:18.557   710  1269 I force_gc: Binder
04-12 11:16:21.254   177   177 I sf_frame_dur: [com.youku.phone/com.youku.ui.activity.WebViewActivity,49,110,17,10,3,5,4]
04-12 11:16:22.088   710   809 I netstats_mobile_sample: [0,0,0,0,0,0,0,0,0,0,0,0,1491966982089]
04-12 11:16:22.102   710   809 I netstats_wifi_sample: [152899818,108842,4401375,61257,152899578,108886,4078743,61315,152899578,108886,4066683,61255,1491966982089]
04-12 11:16:22.302   853   853 I force_gc: Binder
04-12 11:16:22.582   710  6844 I force_gc: Binder
04-12 11:16:22.807   710   777 I am_destroy_activity: [0,546618222,4,com.youku.phone/com.youku.ui.activity.WebViewActivity,finish-imm]
04-12 11:16:23.195   710   809 I netstats_mobile_sample: [0,0,0,0,0,0,0,0,0,0,0,0,1491966983196]
04-12 11:16:23.196   710   809 I netstats_wifi_sample: [155560610,110616,4442465,62142,155560370,110660,4124763,62200,155548370,110652,4112495,62136,1491966983196]
04-12 11:16:24.483   710   809 I netstats_mobile_sample: [0,0,0,0,0,0,0,0,0,0,0,0,1491966984484]
04-12 11:16:24.523   710   809 I netstats_wifi_sample: [158232110,112397,4473685,62746,158231870,112441,4156171,62804,158231870,112441,4144059,62743,1491966984484]
04-12 11:16:25.569   853   853 I force_gc: Binder
04-12 11:16:25.718   710   809 I netstats_mobile_sample: [0,0,0,0,0,0,0,0,0,0,0,0,1491966985719]
04-12 11:16:25.719   710   809 I netstats_wifi_sample: [160664042,114020,4498745,63246,160663802,114064,4182171,63304,160663802,114064,4170111,63244,1491966985719]
04-12 11:16:26.123   710  9069 I force_gc: Binder
04-12 11:16:27.002   710  9069 I am_home_stack_moved: [0,0,1,1,sourceStackToFront]
04-12 11:16:27.002   710  9069 I wm_task_moved: [4,1,0]
04-12 11:16:27.014   710  9069 I am_create_activity: [0,881289144,4,com.youku.phone/com.youku.ui.activity.WebViewActivity,NULL,NULL,NULL,0]
04-12 11:16:27.015   710  9069 I am_pause_activity: [0,446425055,com.youku.phone/com.youku.ui.activity.DetailActivity]
04-12 11:16:27.018   710  9069 I am_home_stack_moved: [0,0,1,1,startedActivity setFocusedActivity]
04-12 11:16:27.021   710  9069 I am_focused_activity: [0,com.youku.phone/com.youku.ui.activity.WebViewActivity]
04-12 11:16:27.542   710   777 I am_restart_activity: [0,881289144,4,com.youku.phone/com.youku.ui.activity.WebViewActivity]
04-12 11:16:27.973   710   777 I am_kill : [0,1709,com.android.voicedialer,15,empty for 1800s]
04-12 11:16:28.324   710   777 I am_kill : [0,3054,com.android.gallery3d,15,empty for 1800s]
04-12 11:16:29.223  3249  3249 I auditd  : type=1400 audit(0.0:174): avc: denied { read } for comm="OnLineMonitor" name="mem" dev="debugfs" ino=15991 scontext=u:r:untrusted_app:s0 tcontext=u:object_r:debugfs:s0 tclass=file
04-12 11:16:29.233  3249  3249 I auditd  : type=1400 audit(0.0:175): avc: denied { read } for comm="OnLineMonitor" name="mem" dev="debugfs" ino=15991 scontext=u:r:untrusted_app:s0 tcontext=u:object_r:debugfs:s0 tclass=file
04-12 11:16:30.007   710  6844 I force_gc: Binder
04-12 11:16:31.116   710  6844 I am_proc_died: [0,1709,com.android.voicedialer]
04-12 11:16:31.281   710  9013 I am_proc_died: [0,3054,com.android.gallery3d]
04-12 11:16:32.475   710   777 I am_kill : [0,4059,com.android.browser,15,empty for 1800s]
04-12 11:16:32.749   710   777 I am_kill : [0,1566,com.android.providers.calendar,15,empty for 1800s]
04-12 11:16:33.085  3176  3176 I am_on_paused_called: [0,com.youku.ui.activity.DetailActivity]
04-12 11:16:33.086   710  1269 I am_failed_to_pause: [0,446425055,com.youku.phone/com.youku.ui.activity.DetailActivity,(none)]
04-12 11:16:33.215   853   853 I force_gc: Binder
04-12 11:16:33.593  3176  3176 I am_on_resume_called: [0,com.youku.ui.activity.WebViewActivity]
04-12 11:16:35.009   710   899 I am_proc_died: [0,1566,com.android.providers.calendar]
04-12 11:16:35.048   710  9069 I am_proc_died: [0,4059,com.android.browser]
04-12 11:16:35.702   710  1042 I force_gc: Binder
04-12 11:16:36.904   177   177 I sf_frame_dur: [com.youku.phone/com.youku.ui.activity.DetailActivity,0,0,0,0,0,1,4]
04-12 11:16:37.147   710   782 I am_activity_launch_time: [0,881289144,com.youku.phone/com.youku.ui.activity.WebViewActivity,9622,9622]
04-12 11:16:37.773  3249  3249 I auditd  : type=1400 audit(0.0:176): avc: denied { read } for comm="OnLineMonitor" name="mem" dev="debugfs" ino=15991 scontext=u:r:untrusted_app:s0 tcontext=u:object_r:debugfs:s0 tclass=file
04-12 11:16:37.773  3249  3249 I auditd  : type=1400 audit(0.0:177): avc: denied { read } for comm="OnLineMonitor" name="mem" dev="debugfs" ino=15991 scontext=u:r:untrusted_app:s0 tcontext=u:object_r:debugfs:s0 tclass=file
04-12 11:16:42.406   710  9069 I force_gc: Binder
04-12 11:16:43.663   853   853 I force_gc: Binder
04-12 11:16:45.187   710  1269 I force_gc: Binder
04-12 11:16:51.313  3249  3249 I auditd  : type=1400 audit(0.0:178): avc: denied { read } for comm="OnLineMonitor" name="mem" dev="debugfs" ino=15991 scontext=u:r:untrusted_app:s0 tcontext=u:object_r:debugfs:s0 tclass=file
04-12 11:16:51.333  3249  3249 I auditd  : type=1400 audit(0.0:179): avc: denied { read } for comm="OnLineMonitor" name="mem" dev="debugfs" ino=15991 scontext=u:r:untrusted_app:s0 tcontext=u:object_r:debugfs:s0 tclass=file
04-12 11:16:54.430   710   899 I am_home_stack_moved: [0,0,1,1,intentActivityFound]
04-12 11:16:54.430   710   899 I wm_task_moved: [4,1,0]
04-12 11:16:56.193  3249  3249 I auditd  : type=1400 audit(0.0:180): avc: denied { read } for comm="OnLineMonitor" name="mem" dev="debugfs" ino=15991 scontext=u:r:untrusted_app:s0 tcontext=u:object_r:debugfs:s0 tclass=file
04-12 11:16:56.203  3249  3249 I auditd  : type=1400 audit(0.0:181): avc: denied { read } for comm="OnLineMonitor" name="mem" dev="debugfs" ino=15991 scontext=u:r:untrusted_app:s0 tcontext=u:object_r:debugfs:s0 tclass=file
04-12 11:16:59.543  3249  3249 I auditd  : type=1400 audit(0.0:182): avc: denied { read } for comm="OnLineMonitor" name="mem" dev="debugfs" ino=15991 scontext=u:r:untrusted_app:s0 tcontext=u:object_r:debugfs:s0 tclass=file
04-12 11:16:59.543  3249  3249 I auditd  : type=1400 audit(0.0:183): avc: denied { read } for comm="OnLineMonitor" name="mem" dev="debugfs" ino=15991 scontext=u:r:untrusted_app:s0 tcontext=u:object_r:debugfs:s0 tclass=file
04-12 11:17:00.113   853   853 I sysui_panelholder_touch: [0,540,70]
04-12 11:17:00.227   710  1218 I notification_panel_revealed: []
04-12 11:17:00.284   710  6844 I notification_visibility_changed: [-1|android|17040644|null|1000;-1|android|17040636|null|1000,]
04-12 11:17:00.928   853   853 I sysui_panelholder_touch: [0,168,388]
04-12 11:17:01.168   710  9013 I notification_visibility_changed: [,-1|android|17040644|null|1000;-1|android|17040636|null|1000]
04-12 11:17:01.171   710   899 I notification_panel_hidden: []
04-12 11:17:06.501   710  9069 I force_gc: Binder
04-12 11:17:08.051   710   710 I free_storage_changed: 12985774080
04-12 11:17:10.138   710  6844 I force_gc: Binder
04-12 11:17:12.623   853   853 I force_gc: Binder
04-12 11:17:13.499   710  9013 I force_gc: Binder
04-12 11:17:15.653   710  6844 I am_home_stack_moved: [0,0,1,1,intentActivityFound]
04-12 11:17:15.653   710  6844 I wm_task_moved: [4,1,0]
04-12 11:17:15.955   853   853 I force_gc: Binder
04-12 11:17:17.181   710   899 I force_gc: Binder
04-12 11:17:20.234   710  1042 I force_gc: Binder
04-12 11:17:21.921   853   853 I force_gc: Binder
04-12 11:17:24.031   710  1269 I force_gc: Binder
04-12 11:17:26.001   853   853 I force_gc: Binder
04-12 11:17:27.590   710  1269 I battery_level: [91,4176,405]
04-12 11:17:27.606   710   710 I notification_cancel: [10013,853,com.android.systemui,100,low_battery,-1,0,64,8,NULL]
04-12 11:17:27.864   710  1269 I am_finish_activity: [0,881289144,4,com.youku.phone/com.youku.ui.activity.WebViewActivity,app-request]
04-12 11:17:27.866   710  1269 I am_home_stack_moved: [0,0,1,1,finishActivity adjustTopFocus setFocusedActivity]
04-12 11:17:27.866   710  1269 I am_focused_activity: [0,com.youku.phone/com.youku.ui.activity.DetailActivity]
04-12 11:17:27.866   710  1269 I am_pause_activity: [0,881289144,com.youku.phone/com.youku.ui.activity.WebViewActivity]
04-12 11:17:28.230   710  9013 I force_gc: Binder
04-12 11:17:28.374   710   777 I am_resume_activity: [0,446425055,4,com.youku.phone/com.youku.ui.activity.DetailActivity]
04-12 11:17:31.514   710   727 I force_gc: Binder
04-12 11:17:32.000   853   853 I force_gc: Binder
04-12 11:17:34.847   710  9069 I force_gc: Binder
04-12 11:17:35.055   853   853 I force_gc: Binder
04-12 11:17:37.720   710   899 I force_gc: Binder
04-12 11:17:41.337  3176  3176 I am_on_paused_called: [0,com.youku.ui.activity.WebViewActivity]
04-12 11:17:41.343   710  9069 I am_failed_to_pause: [0,881289144,com.youku.phone/com.youku.ui.activity.WebViewActivity,(none)]
04-12 11:17:41.475   710   710 I notification_cancel: [10054,3176,com.youku.phone,11250603,NULL,0,0,64,8,NULL]
04-12 11:17:41.840  3176  3176 I am_on_resume_called: [0,com.youku.ui.activity.DetailActivity]
04-12 11:17:41.997   177   177 I sf_frame_dur: [com.youku.phone/com.youku.ui.activity.WebViewActivity,362,297,68,18,12,12,10]
04-12 11:17:42.296   710   777 I am_destroy_activity: [0,881289144,4,com.youku.phone/com.youku.ui.activity.WebViewActivity,finish-imm]
04-12 11:17:42.909   853   853 I force_gc: Binder
04-12 11:17:43.191   710  1269 I force_gc: Binder
04-12 11:17:44.099   710   809 I netstats_mobile_sample: [0,0,0,0,0,0,0,0,0,0,0,0,1491967064098]
04-12 11:17:44.114   710   809 I netstats_wifi_sample: [162912744,115706,4582632,64351,162908141,115749,4265998,64409,162897641,115742,4253172,64340,1491967064098]
04-12 11:17:45.668   853   853 I force_gc: Binder
04-12 11:17:45.727   710   809 I netstats_mobile_sample: [0,0,0,0,0,0,0,0,0,0,0,0,1491967065726]
04-12 11:17:45.740   710   809 I netstats_wifi_sample: [165122954,117194,4621257,65140,165113827,117234,4309077,65196,165074827,117208,4295627,65115,1491967065726]
04-12 11:17:46.003  3249  3249 I auditd  : type=1400 audit(0.0:184): avc: denied { read } for comm="OnLineMonitor" name="mem" dev="debugfs" ino=15991 scontext=u:r:untrusted_app:s0 tcontext=u:object_r:debugfs:s0 tclass=file
04-12 11:17:46.016   710  1269 I force_gc: Binder
04-12 11:17:46.013  3249  3249 I auditd  : type=1400 audit(0.0:185): avc: denied { read } for comm="OnLineMonitor" name="mem" dev="debugfs" ino=15991 scontext=u:r:untrusted_app:s0 tcontext=u:object_r:debugfs:s0 tclass=file
04-12 11:17:47.965   710  1115 I am_home_stack_moved: [0,0,1,1,sourceStackToFront]
04-12 11:17:47.966   710  1115 I wm_task_moved: [4,1,0]
04-12 11:17:47.975   710  1115 I am_create_activity: [0,487375230,4,com.youku.phone/com.youku.ui.activity.WebViewActivity,NULL,NULL,NULL,0]
04-12 11:17:47.985   710  1115 I am_pause_activity: [0,446425055,com.youku.phone/com.youku.ui.activity.DetailActivity]
04-12 11:17:48.003   710  1115 I am_home_stack_moved: [0,0,1,1,startedActivity setFocusedActivity]
04-12 11:17:48.005   710  1115 I am_focused_activity: [0,com.youku.phone/com.youku.ui.activity.WebViewActivity]
04-12 11:17:48.506   710   777 I am_restart_activity: [0,487375230,4,com.youku.phone/com.youku.ui.activity.WebViewActivity]
04-12 11:17:49.882   710  9013 I force_gc: Binder
04-12 11:17:50.620   853   853 I force_gc: Binder
04-12 11:17:53.738   710  6844 I force_gc: Binder
04-12 11:17:54.032   853   853 I force_gc: Binder
04-12 11:17:54.643  3249  3249 I auditd  : type=1400 audit(0.0:186): avc: denied { read } for comm="OnLineMonitor" name="mem" dev="debugfs" ino=15991 scontext=u:r:untrusted_app:s0 tcontext=u:object_r:debugfs:s0 tclass=file
04-12 11:17:54.653  3249  3249 I auditd  : type=1400 audit(0.0:187): avc: denied { read } for comm="OnLineMonitor" name="mem" dev="debugfs" ino=15991 scontext=u:r:untrusted_app:s0 tcontext=u:object_r:debugfs:s0 tclass=file
04-12 11:17:56.839   710  9069 I force_gc: Binder
04-12 11:18:02.585  3176  3176 I am_on_paused_called: [0,com.youku.ui.activity.DetailActivity]
04-12 11:18:02.587   710  1269 I am_failed_to_pause: [0,446425055,com.youku.phone/com.youku.ui.activity.DetailActivity,(none)]
04-12 11:18:03.246  3176  3176 I am_on_resume_called: [0,com.youku.ui.activity.WebViewActivity]
04-12 11:18:03.402   710  6844 I force_gc: Binder
04-12 11:18:03.640   177   177 I sf_frame_dur: [SurfaceView,24,64,120,6,3,1,1]
04-12 11:18:03.673   177   177 I sf_frame_dur: [com.youku.phone/com.youku.ui.activity.DetailActivity,31,15,5,2,0,0,3]
04-12 11:18:03.783  3249  3249 I auditd  : type=1400 audit(0.0:188): avc: denied { read } for comm="OnLineMonitor" name="mem" dev="debugfs" ino=15991 scontext=u:r:untrusted_app:s0 tcontext=u:object_r:debugfs:s0 tclass=file
04-12 11:18:03.813  3249  3249 I auditd  : type=1400 audit(0.0:189): avc: denied { read } for comm="OnLineMonitor" name="mem" dev="debugfs" ino=15991 scontext=u:r:untrusted_app:s0 tcontext=u:object_r:debugfs:s0 tclass=file
04-12 11:18:03.852   710   782 I am_activity_launch_time: [0,487375230,com.youku.phone/com.youku.ui.activity.WebViewActivity,15347,15347]
04-12 11:18:04.539   853   853 I force_gc: Binder
04-12 11:18:06.450   853   853 I sysui_panelholder_touch: [0,581,72]
04-12 11:18:06.601   710   727 I notification_panel_revealed: []
04-12 11:18:06.659   710  6844 I notification_visibility_changed: [-1|android|17040644|null|1000;-1|android|17040636|null|1000,]
04-12 11:18:06.748   710  9069 I notification_visibility_changed: [,-1|android|17040644|null|1000;-1|android|17040636|null|1000]
04-12 11:18:06.751   710  1042 I notification_panel_hidden: []
04-12 11:18:08.055   710   710 I free_storage_changed: 12982906880
04-12 11:18:08.170   710  1042 I force_gc: Binder
04-12 11:18:09.678   710  6844 I am_home_stack_moved: [0,0,1,1,intentActivityFound]
04-12 11:18:09.678   710  6844 I wm_task_moved: [4,1,0]
04-12 11:18:11.271   710   727 I force_gc: Binder
04-12 11:18:11.455   853   853 I force_gc: Binder
04-12 11:18:13.957   710  1269 I force_gc: Binder
04-12 11:18:14.175   853   853 I force_gc: Binder
04-12 11:18:21.251   710   899 I force_gc: Binder
04-12 11:18:24.619   853   853 I force_gc: Binder
04-12 11:18:25.125   710  1042 I force_gc: Binder
04-12 11:18:28.622   710  8213 I force_gc: Binder
04-12 11:18:29.781  3176  3176 I menu_item_selected: [0,]
04-12 11:18:31.128   177   177 I sf_frame_dur: [com.youku.phone/com.youku.ui.activity.WebViewActivity,0,0,0,0,1,0,0]
04-12 11:18:32.570   853   853 I force_gc: Binder
04-12 11:18:32.917   710  8213 I force_gc: Binder
04-12 11:18:33.049   710  1042 I am_home_stack_moved: [0,0,1,1,intentActivityFound]
04-12 11:18:33.049   710  1042 I wm_task_moved: [4,1,0]
04-12 11:18:33.113  3249  3249 I auditd  : type=1400 audit(0.0:190): avc: denied { read } for comm="OnLineMonitor" name="mem" dev="debugfs" ino=15991 scontext=u:r:untrusted_app:s0 tcontext=u:object_r:debugfs:s0 tclass=file
04-12 11:18:33.123  3249  3249 I auditd  : type=1400 audit(0.0:191): avc: denied { read } for comm="OnLineMonitor" name="mem" dev="debugfs" ino=15991 scontext=u:r:untrusted_app:s0 tcontext=u:object_r:debugfs:s0 tclass=file
04-12 11:18:36.683   853   853 I sysui_panelholder_touch: [0,584,71]
04-12 11:18:36.742   710   899 I notification_panel_revealed: []
04-12 11:18:36.965   710  1218 I notification_visibility_changed: [-1|android|17040644|null|1000;-1|android|17040636|null|1000,]
04-12 11:18:38.613  3249  3249 I auditd  : type=1400 audit(0.0:192): avc: denied { read } for comm="OnLineMonitor" name="mem" dev="debugfs" ino=15991 scontext=u:r:untrusted_app:s0 tcontext=u:object_r:debugfs:s0 tclass=file
04-12 11:18:38.623  3249  3249 I auditd  : type=1400 audit(0.0:193): avc: denied { read } for comm="OnLineMonitor" name="mem" dev="debugfs" ino=15991 scontext=u:r:untrusted_app:s0 tcontext=u:object_r:debugfs:s0 tclass=file
04-12 11:18:40.652   710   727 I force_gc: Binder
04-12 11:18:46.492   710 20735 I notification_visibility_changed: [,-1|android|17040644|null|1000;-1|android|17040636|null|1000]
04-12 11:18:46.501   710  5180 I notification_panel_hidden: []
04-12 11:18:47.473  3249  3249 I auditd  : type=1400 audit(0.0:194): avc: denied { read } for comm="OnLineMonitor" name="mem" dev="debugfs" ino=15991 scontext=u:r:untrusted_app:s0 tcontext=u:object_r:debugfs:s0 tclass=file
04-12 11:18:47.473  3249  3249 I auditd  : type=1400 audit(0.0:195): avc: denied { read } for comm="OnLineMonitor" name="mem" dev="debugfs" ino=15991 scontext=u:r:untrusted_app:s0 tcontext=u:object_r:debugfs:s0 tclass=file
04-12 11:18:52.465   710  1042 I force_gc: Binder
04-12 11:19:00.329   177   177 I sf_frame_dur: [com.youku.phone/com.youku.ui.activity.WebViewActivity,45,13,3,6,2,2,1]
04-12 11:19:03.274   710  1042 I force_gc: Binder
04-12 11:19:04.398   853   853 I force_gc: Binder
04-12 11:19:05.413   710   899 I am_home_stack_moved: [0,0,1,1,intentActivityFound]
04-12 11:19:05.413   710   899 I wm_task_moved: [4,1,0]
04-12 11:19:07.524  3176  3176 I menu_item_selected: [0,]
04-12 11:19:08.882   177   177 I sf_frame_dur: [com.youku.phone/com.youku.ui.activity.WebViewActivity,0,0,1,0,1,0,0]
04-12 11:19:09.806   710  8211 I force_gc: Binder
04-12 11:19:10.623   853   853 I force_gc: Binder
04-12 11:19:18.669   710  1218 I force_gc: Binder
04-12 11:19:20.509   853   853 I force_gc: Binder
04-12 11:19:21.566   710  1243 I force_gc: Binder
04-12 11:19:22.943   177   177 I sf_frame_dur: [com.youku.phone/com.youku.ui.activity.WebViewActivity,7,3,1,2,0,1,0]
04-12 11:19:23.055   853   853 I force_gc: Binder
04-12 11:19:24.171   853   853 I sysui_panelholder_touch: [0,679,19]
04-12 11:19:24.297   710  9069 I notification_panel_revealed: []
04-12 11:19:24.335   710  5180 I notification_visibility_changed: [-1|android|17040644|null|1000;-1|android|17040636|null|1000,]
04-12 11:19:24.393   710   899 I notification_visibility_changed: [,-1|android|17040644|null|1000;-1|android|17040636|null|1000]
04-12 11:19:24.395   710   727 I notification_panel_hidden: []
04-12 11:19:24.507   710  1243 I notification_panel_revealed: []
04-12 11:19:24.872   710  1243 I notification_visibility_changed: [-1|android|17040644|null|1000;-1|android|17040636|null|1000,]
04-12 11:19:25.920   710  1243 I force_gc: Binder
04-12 11:19:26.988   710  1218 I notification_visibility_changed: [,-1|android|17040644|null|1000;-1|android|17040636|null|1000]
04-12 11:19:26.991   710  8211 I notification_panel_hidden: []
04-12 11:19:29.690   177   177 I sf_frame_dur: [com.youku.phone/com.youku.ui.activity.WebViewActivity,25,3,5,4,3,2,1]
04-12 11:19:30.922   710  8211 I force_gc: Binder
04-12 11:19:33.282   853   853 I force_gc: Binder
04-12 11:19:34.655   710  5180 I force_gc: Binder
04-12 11:19:39.633   710  1218 I force_gc: Binder
04-12 11:19:44.553   710  1269 I force_gc: Binder
04-12 11:19:46.118   853   853 I force_gc: Binder
04-12 11:19:51.022   710   727 I force_gc: Binder
04-12 11:19:53.623   853   853 I sysui_panelholder_touch: [0,645,16]
04-12 11:19:53.857   710   726 I notification_panel_revealed: []
04-12 11:19:53.919   710  9069 I notification_visibility_changed: [-1|android|17040644|null|1000;-1|android|17040636|null|1000,]
04-12 11:19:56.378   710  1269 I notification_visibility_changed: [,-1|android|17040644|null|1000;-1|android|17040636|null|1000]
04-12 11:19:56.381   710   727 I notification_panel_hidden: []
04-12 11:20:00.196   177   177 I sf_frame_dur: [VolumePanel,0,0,0,0,0,1,0]
04-12 11:20:04.274   710  9069 I force_gc: Binder
04-12 11:20:06.139   710 20735 I am_home_stack_moved: [0,0,1,1,intentActivityFound]
04-12 11:20:06.140   710 20735 I wm_task_moved: [4,1,0]
04-12 11:20:06.201   853   853 I force_gc: Binder
04-12 11:20:10.230   710   726 I force_gc: Binder
04-12 11:20:16.407   710  1042 I force_gc: Binder
04-12 11:20:25.375   710  9013 I force_gc: Binder
04-12 11:20:25.751   710   727 I am_home_stack_moved: [0,0,1,1,intentActivityFound]
04-12 11:20:25.751   710   727 I wm_task_moved: [4,1,0]
04-12 11:20:29.474   710   726 I force_gc: Binder
04-12 11:20:33.201   853   853 I force_gc: Binder
04-12 11:20:34.026   710 20735 I force_gc: Binder
04-12 11:20:34.727   710   727 I am_home_stack_moved: [0,0,1,1,intentActivityFound]
04-12 11:20:34.727   710   727 I wm_task_moved: [4,1,0]
04-12 11:20:39.144   710   727 I force_gc: Binder
04-12 11:20:41.936   177   177 I sf_frame_dur: [VolumePanel,0,0,1,1,1,0,0]
04-12 11:20:44.084   710   777 I am_broadcast_discard_app: [0,663559591,com.youku.pushsdk.pushservice.ALARM_TICK,0,ResolveInfo{241b5fd com.youku.phone/com.youku.pushsdk.receiver.YoukuAppActionReceiver m=0x108000}]
04-12 11:20:45.436   710   777 I am_anr  : [0,3439,com.push.Youku_PushService,9977412,Broadcast of Intent { act=com.youku.pushsdk.pushservice.ALARM_TICK flg=0x14 cmp=com.youku.phone/com.youku.pushsdk.receiver.YoukuAppActionReceiver (has extras) }]
04-12 11:21:03.107   853   853 I sysui_panelholder_touch: [0,190,44]
04-12 11:21:03.318   710   727 I notification_panel_revealed: []
04-12 11:21:03.343   710  5180 I notification_visibility_changed: [-1|android|17040644|null|1000;-1|android|17040636|null|1000,]
04-12 11:21:06.103   710   727 I notification_visibility_changed: [,-1|android|17040644|null|1000;-1|android|17040636|null|1000]
04-12 11:21:06.180   710 20735 I notification_panel_hidden: []
04-12 11:21:10.465   710  1269 I am_home_stack_moved: [0,0,1,1,intentActivityFound]
04-12 11:21:10.469   710  1269 I wm_task_moved: [4,1,0]
04-12 11:21:15.103   177   177 I sf_frame_dur: [VolumePanel,0,0,1,0,1,0,0]
04-12 11:21:24.455   710   777 I am_broadcast_discard_filter: [0,59156405,android.intent.action.TIME_TICK,11,230549349]
04-12 11:21:26.723   710   727 I force_gc: Binder
04-12 11:21:27.747   710   726 I am_proc_died: [0,3797,com.youku.phone:channel]
04-12 11:21:27.748   710   726 I am_schedule_service_restart: [0,com.youku.phone/com.alibaba.analytics.AnalyticsService,1000]
04-12 11:21:27.748   710   726 I am_schedule_service_restart: [0,com.youku.phone/com.taobao.accs.ChannelService,11000]
04-12 11:21:28.897   710   777 I am_proc_start: [0,2526,10054,com.youku.phone:channel,service,com.youku.phone/com.alibaba.analytics.AnalyticsService]
04-12 11:21:29.115   710   726 I am_proc_bound: [0,2526,com.youku.phone:channel]
04-12 11:21:29.173   853   853 I force_gc: Binder
04-12 11:21:29.519   710  8211 I force_gc: Binder
04-12 11:21:31.653   191   191 I auditd  : type=1400 audit(0.0:196): avc: denied { search } for comm="debuggerd" name="com.youku.phone" dev="mmcblk0p28" ino=81952 scontext=u:r:debuggerd:s0 tcontext=u:object_r:app_data_file:s0 tclass=dir
04-12 11:21:31.664   853   853 I force_gc: Binder
04-12 11:21:31.663   191   191 I auditd  : type=1400 audit(0.0:197): avc: denied { search } for comm="debuggerd" name="com.youku.phone" dev="mmcblk0p28" ino=81952 scontext=u:r:debuggerd:s0 tcontext=u:object_r:app_data_file:s0 tclass=dir
04-12 11:21:31.663   191   191 I auditd  : type=1400 audit(0.0:198): avc: denied { search } for comm="debuggerd" name="com.youku.phone" dev="mmcblk0p28" ino=81952 scontext=u:r:debuggerd:s0 tcontext=u:object_r:app_data_file:s0 tclass=dir
04-12 11:21:31.663   191   191 I auditd  : type=1400 audit(0.0:199): avc: denied { search } for comm="debuggerd" name="com.youku.phone" dev="mmcblk0p28" ino=81952 scontext=u:r:debuggerd:s0 tcontext=u:object_r:app_data_file:s0 tclass=dir
04-12 11:21:31.663   191   191 I auditd  : type=1400 audit(0.0:200): avc: denied { search } for comm="debuggerd" name="com.youku.phone" dev="mmcblk0p28" ino=81952 scontext=u:r:debuggerd:s0 tcontext=u:object_r:app_data_file:s0 tclass=dir
04-12 11:21:31.673   191   191 I auditd  : type=1400 audit(0.0:201): avc: denied { search } for comm="debuggerd" name="com.youku.phone" dev="mmcblk0p28" ino=81952 scontext=u:r:debuggerd:s0 tcontext=u:object_r:app_data_file:s0 tclass=dir
04-12 11:21:32.101   710  9069 I force_gc: Binder
04-12 11:21:32.523   191   191 I auditd  : type=1400 audit(0.0:202): avc: denied { search } for comm="debuggerd" name="com.youku.phone" dev="mmcblk0p28" ino=81952 scontext=u:r:debuggerd:s0 tcontext=u:object_r:app_data_file:s0 tclass=dir
04-12 11:21:32.533   191   191 I auditd  : type=1400 audit(0.0:203): avc: denied { search } for comm="debuggerd" name="com.youku.phone" dev="mmcblk0p28" ino=81952 scontext=u:r:debuggerd:s0 tcontext=u:object_r:app_data_file:s0 tclass=dir
04-12 11:21:32.533   191   191 I auditd  : type=1400 audit(0.0:204): avc: denied { search } for comm="debuggerd" name="com.youku.phone" dev="mmcblk0p28" ino=81952 scontext=u:r:debuggerd:s0 tcontext=u:object_r:app_data_file:s0 tclass=dir
04-12 11:21:32.593   191   191 I auditd  : type=1400 audit(0.0:205): avc: denied { search } for comm="debuggerd" name="com.youku.phone" dev="mmcblk0p28" ino=81952 scontext=u:r:debuggerd:s0 tcontext=u:object_r:app_data_file:s0 tclass=dir
