04-12 11:35:16.727   853   853 I force_gc: Binder
04-12 11:35:16.746   710  6844 I am_finish_activity: [0,161457283,4,com.youku.phone/com.youku.ui.activity.DetailActivity,app-request]
04-12 11:35:16.749   710  6844 I am_home_stack_moved: [0,0,1,1,finishActivity adjustTopFocus setFocusedActivity]
04-12 11:35:16.749   710  6844 I am_focused_activity: [0,com.youku.phone/com.soku.searchsdk.activity.SearchResultActivity]
04-12 11:35:16.749   710  6844 I am_pause_activity: [0,161457283,com.youku.phone/com.youku.ui.activity.DetailActivity]
04-12 11:35:17.256   710   777 I am_resume_activity: [0,540139787,4,com.youku.phone/com.soku.searchsdk.activity.SearchResultActivity]
04-12 11:35:18.804  3176  3176 I am_on_paused_called: [0,com.youku.ui.activity.DetailActivity]
04-12 11:35:18.807   710  8211 I am_failed_to_pause: [0,161457283,com.youku.phone/com.youku.ui.activity.DetailActivity,(none)]
04-12 11:35:19.765   710  6844 I force_gc: Binder
04-12 11:35:22.789  3176  3176 I am_on_resume_called: [0,com.soku.searchsdk.activity.SearchResultActivity]
04-12 11:35:23.603  3249  3249 I auditd  : type=1400 audit(0.0:275): avc: denied { read } for comm="OnLineMonitor" name="mem" dev="debugfs" ino=15991 scontext=u:r:untrusted_app:s0 tcontext=u:object_r:debugfs:s0 tclass=file
04-12 11:35:23.693  3249  3249 I auditd  : type=1400 audit(0.0:276): avc: denied { read } for comm="OnLineMonitor" name="mem" dev="debugfs" ino=15991 scontext=u:r:untrusted_app:s0 tcontext=u:object_r:debugfs:s0 tclass=file
04-12 11:35:24.401   177   177 I sf_frame_dur: [SurfaceView,2,5,1,1,0,0,1]
04-12 11:35:24.468   177   177 I sf_frame_dur: [com.youku.phone/com.youku.ui.activity.DetailActivity,0,0,0,1,0,1,2]
04-12 11:35:24.819   853   853 I force_gc: Binder
04-12 11:35:25.220   710  6844 I force_gc: Binder
04-12 11:35:27.263   710   777 I am_destroy_activity: [0,161457283,4,com.youku.phone/com.youku.ui.activity.DetailActivity,finish-imm]
04-12 11:35:27.887   710   710 I notification_cancel: [10054,3176,com.youku.phone,11250603,NULL,0,0,64,8,NULL]
04-12 11:35:29.125   710  6844 I am_kill : [0,1777,com.android.email,15,empty for 2936s]
04-12 11:35:29.597   710  1218 I force_gc: Binder
04-12 11:35:32.671   710  1218 I am_home_stack_moved: [0,0,1,1,intentActivityFound]
04-12 11:35:32.671   710  1218 I wm_task_moved: [4,1,0]
04-12 11:35:33.827   710  5180 I force_gc: Binder
04-12 11:35:34.679   853   853 I force_gc: Binder
04-12 11:35:34.733  3249  3249 I auditd  : type=1400 audit(0.0:277): avc: denied { read } for comm="OnLineMonitor" name="mem" dev="debugfs" ino=15991 scontext=u:r:untrusted_app:s0 tcontext=u:object_r:debugfs:s0 tclass=file
04-12 11:35:34.733  3249  3249 I auditd  : type=1400 audit(0.0:278): avc: denied { read } for comm="OnLineMonitor" name="mem" dev="debugfs" ino=15991 scontext=u:r:untrusted_app:s0 tcontext=u:object_r:debugfs:s0 tclass=file
04-12 11:35:36.804   710  6844 I force_gc: Binder
04-12 11:35:39.397   710  8213 I force_gc: Binder
04-12 11:35:39.983  3249  3249 I auditd  : type=1400 audit(0.0:279): avc: denied { read } for comm="OnLineMonitor" name="mem" dev="debugfs" ino=15991 scontext=u:r:untrusted_app:s0 tcontext=u:object_r:debugfs:s0 tclass=file
04-12 11:35:39.983  3249  3249 I auditd  : type=1400 audit(0.0:280): avc: denied { read } for comm="OnLineMonitor" name="mem" dev="debugfs" ino=15991 scontext=u:r:untrusted_app:s0 tcontext=u:object_r:debugfs:s0 tclass=file
04-12 11:35:40.189   853   853 I force_gc: Binder
04-12 11:35:42.335   710  1243 I force_gc: Binder
04-12 11:35:43.719   853   853 I force_gc: Binder
04-12 11:35:47.338   853   853 I sysui_panelholder_touch: [0,746,32]
04-12 11:35:47.436   710  8213 I notification_panel_revealed: []
04-12 11:35:47.572   710 20735 I notification_visibility_changed: [-1|android|17040644|null|1000;-1|android|17040636|null|1000,]
04-12 11:35:48.278   710  1243 I notification_visibility_changed: [,-1|android|17040644|null|1000;-1|android|17040636|null|1000]
04-12 11:35:48.284   710  1218 I notification_panel_hidden: []
04-12 11:35:48.922   710  5180 I force_gc: Binder
04-12 11:35:49.183  3249  3249 I auditd  : type=1400 audit(0.0:281): avc: denied { read } for comm="OnLineMonitor" name="mem" dev="debugfs" ino=15991 scontext=u:r:untrusted_app:s0 tcontext=u:object_r:debugfs:s0 tclass=file
04-12 11:35:49.233  3249  3249 I auditd  : type=1400 audit(0.0:282): avc: denied { read } for comm="OnLineMonitor" name="mem" dev="debugfs" ino=15991 scontext=u:r:untrusted_app:s0 tcontext=u:object_r:debugfs:s0 tclass=file
04-12 11:35:51.646   853   853 I force_gc: Binder
04-12 11:35:51.765   710  1218 I force_gc: Binder
04-12 11:35:52.238   710  1243 I am_home_stack_moved: [0,0,1,1,sourceStackToFront]
04-12 11:35:52.238   710  1243 I wm_task_moved: [4,1,0]
04-12 11:35:52.248   710  1243 I am_create_activity: [0,412315325,4,com.youku.phone/com.youku.ui.activity.DetailActivity,NULL,NULL,NULL,0]
04-12 11:35:52.249   710  1243 I am_pause_activity: [0,540139787,com.youku.phone/com.soku.searchsdk.activity.SearchResultActivity]
04-12 11:35:52.252   710  1243 I am_home_stack_moved: [0,0,1,1,startedActivity setFocusedActivity]
04-12 11:35:52.255   710  1243 I am_focused_activity: [0,com.youku.phone/com.youku.ui.activity.DetailActivity]
04-12 11:35:52.624  3176  3176 I am_on_paused_called: [0,com.soku.searchsdk.activity.SearchResultActivity]
04-12 11:35:52.631   710 20735 I am_restart_activity: [0,412315325,4,com.youku.phone/com.youku.ui.activity.DetailActivity]
04-12 11:35:54.519   853   853 I force_gc: Binder
04-12 11:35:54.884   710  1218 I force_gc: Binder
04-12 11:35:59.231   710 20735 I force_gc: Binder
04-12 11:35:59.913  3249  3249 I auditd  : type=1400 audit(0.0:283): avc: denied { read } for comm="OnLineMonitor" name="mem" dev="debugfs" ino=15991 scontext=u:r:untrusted_app:s0 tcontext=u:object_r:debugfs:s0 tclass=file
04-12 11:36:00.153   710   899 I am_proc_died: [0,1777,com.android.email]
04-12 11:36:00.243  3249  3249 I auditd  : type=1400 audit(0.0:284): avc: denied { read } for comm="OnLineMonitor" name="mem" dev="debugfs" ino=15991 scontext=u:r:untrusted_app:s0 tcontext=u:object_r:debugfs:s0 tclass=file
04-12 11:36:02.294   853   853 I force_gc: Binder
04-12 11:36:03.155   710  1218 I force_gc: Binder
04-12 11:36:04.752   853   853 I force_gc: Binder
04-12 11:36:05.867   710  1218 I force_gc: Binder
04-12 11:36:07.170   710   710 I notification_cancel: [10054,3176,com.youku.phone,11250603,NULL,0,0,64,8,NULL]
04-12 11:36:07.438  3176  3176 I am_on_resume_called: [0,com.youku.ui.activity.DetailActivity]
04-12 11:36:09.232   710  8211 I force_gc: Binder
04-12 11:36:11.422   710  1218 I force_gc: Binder
04-12 11:36:11.839   853   853 I force_gc: Binder
04-12 11:36:12.842   710   782 I am_activity_launch_time: [0,412315325,com.youku.phone/com.youku.ui.activity.DetailActivity,20213,20213]
04-12 11:36:12.892   177   177 I sf_frame_dur: [com.youku.phone/com.soku.searchsdk.activity.SearchResultActivity,177,186,99,11,7,0,5]
04-12 11:36:14.254   710  8213 I force_gc: Binder
04-12 11:36:14.570   853   853 I force_gc: Binder
04-12 11:36:16.823  3249  3249 I auditd  : type=1400 audit(0.0:285): avc: denied { read } for comm="OnLineMonitor" name="mem" dev="debugfs" ino=15991 scontext=u:r:untrusted_app:s0 tcontext=u:object_r:debugfs:s0 tclass=file
04-12 11:36:16.833  3249  3249 I auditd  : type=1400 audit(0.0:286): avc: denied { read } for comm="OnLineMonitor" name="mem" dev="debugfs" ino=15991 scontext=u:r:untrusted_app:s0 tcontext=u:object_r:debugfs:s0 tclass=file
04-12 11:36:18.611   710 20735 I force_gc: Binder
04-12 11:36:18.893  3249  3249 I auditd  : type=1400 audit(0.0:287): avc: denied { read } for comm="OnLineMonitor" name="mem" dev="debugfs" ino=15991 scontext=u:r:untrusted_app:s0 tcontext=u:object_r:debugfs:s0 tclass=file
04-12 11:36:18.903  3249  3249 I auditd  : type=1400 audit(0.0:288): avc: denied { read } for comm="OnLineMonitor" name="mem" dev="debugfs" ino=15991 scontext=u:r:untrusted_app:s0 tcontext=u:object_r:debugfs:s0 tclass=file
04-12 11:36:20.133   853   853 I force_gc: Binder
04-12 11:36:20.534   710   809 I netstats_mobile_sample: [0,0,0,0,0,0,0,0,0,0,0,0,1491968180535]
04-12 11:36:20.540   710   809 I netstats_wifi_sample: [188268214,135667,5522860,76041,188264544,135750,5177196,76143,188251152,135741,5155368,76032,1491968180535]
04-12 11:36:20.917   710 20735 I force_gc: Binder
04-12 11:36:21.903   710   809 I netstats_mobile_sample: [0,0,0,0,0,0,0,0,0,0,0,0,1491968181895]
04-12 11:36:21.936   710   809 I netstats_wifi_sample: [190499323,137211,5563081,76820,190504529,137300,5214611,76924,190501553,137298,5192903,76816,1491968181895]
04-12 11:36:22.870   853   853 I force_gc: Binder
04-12 11:36:23.282   710   809 I netstats_mobile_sample: [0,0,0,0,0,0,0,0,0,0,0,0,1491968183282]
04-12 11:36:23.291   710   809 I netstats_wifi_sample: [192999098,138904,5600798,77615,193004282,138993,5246642,77720,193004282,138993,5224934,77612,1491968183282]
04-12 11:36:23.863   710  5180 I force_gc: Binder
04-12 11:36:24.441  3176  3176 I menu_opened: 0
04-12 11:36:25.269   853   853 I force_gc: Binder
04-12 11:36:26.476   710  8213 I force_gc: Binder
04-12 11:36:27.303  3249  3249 I auditd  : type=1400 audit(0.0:289): avc: denied { read } for comm="OnLineMonitor" name="mem" dev="debugfs" ino=15991 scontext=u:r:untrusted_app:s0 tcontext=u:object_r:debugfs:s0 tclass=file
04-12 11:36:27.313  3249  3249 I auditd  : type=1400 audit(0.0:290): avc: denied { read } for comm="OnLineMonitor" name="mem" dev="debugfs" ino=15991 scontext=u:r:untrusted_app:s0 tcontext=u:object_r:debugfs:s0 tclass=file
04-12 11:36:30.830   710  5180 I force_gc: Binder
04-12 11:36:33.926   853   853 I force_gc: Binder
04-12 11:36:34.348   710  6844 I force_gc: Binder
04-12 11:36:35.781  3176  3176 I menu_opened: 0
04-12 11:36:37.349   853   853 I force_gc: Binder
04-12 11:36:38.321   710   899 I force_gc: Binder
04-12 11:36:40.707  3176  3176 I menu_opened: 0
04-12 11:36:41.854   710   899 I force_gc: Binder
04-12 11:36:43.329   853   853 I force_gc: Binder
04-12 11:36:45.919   710  9069 I force_gc: Binder
04-12 11:36:47.604   853   853 I force_gc: Binder
04-12 11:36:50.098   853   853 I sysui_panelholder_touch: [0,301,9]
04-12 11:36:50.234   710  8213 I notification_panel_revealed: []
04-12 11:36:50.401   710   899 I notification_visibility_changed: [-1|android|17040644|null|1000;-1|android|17040636|null|1000,]
04-12 11:36:52.277   710  5180 I notification_visibility_changed: [,-1|android|17040644|null|1000;-1|android|17040636|null|1000]
04-12 11:36:52.280   710 20735 I notification_panel_hidden: []
04-12 11:36:54.155   710   899 I force_gc: Binder
04-12 11:36:59.050   710   899 I force_gc: Binder
04-12 11:37:07.929   710  9069 I force_gc: Binder
04-12 11:37:11.228   710  6844 I force_gc: Binder
04-12 11:37:12.821   710   710 I free_storage_changed: 12961251328
04-12 11:37:13.473   853   853 I force_gc: Binder
04-12 11:37:14.008   710 20735 I force_gc: Binder
04-12 11:37:15.820   853   853 I force_gc: Binder
04-12 11:37:16.446   710  6844 I force_gc: Binder
04-12 11:37:19.185   710  6844 I force_gc: Binder
04-12 11:37:21.270   853   853 I force_gc: Binder
04-12 11:37:21.823   710  1243 I force_gc: Binder
04-12 11:37:23.449   710  6844 I am_home_stack_moved: [0,0,1,1,sourceStackToFront]
04-12 11:37:23.449   710  6844 I wm_task_moved: [4,1,0]
04-12 11:37:23.463   710  6844 I am_create_activity: [0,924740672,4,com.youku.phone/com.youku.ui.activity.WebViewActivity,com.youku.action.YoukuWebview,NULL,NULL,0]
04-12 11:37:23.464   710  6844 I am_pause_activity: [0,412315325,com.youku.phone/com.youku.ui.activity.DetailActivity]
04-12 11:37:23.468   710  6844 I am_home_stack_moved: [0,0,1,1,startedActivity setFocusedActivity]
04-12 11:37:23.470   710  6844 I am_focused_activity: [0,com.youku.phone/com.youku.ui.activity.WebViewActivity]
04-12 11:37:23.843   853   853 I force_gc: Binder
04-12 11:37:23.931  3176  3176 I am_on_paused_called: [0,com.youku.ui.activity.DetailActivity]
04-12 11:37:23.936   710   899 I am_restart_activity: [0,924740672,4,com.youku.phone/com.youku.ui.activity.WebViewActivity]
04-12 11:37:25.127  3176  3176 I am_on_resume_called: [0,com.youku.ui.activity.WebViewActivity]
04-12 11:37:25.286   710   899 I force_gc: Binder
04-12 11:37:26.140   710   782 I am_activity_launch_time: [0,924740672,com.youku.phone/com.youku.ui.activity.WebViewActivity,2209,2209]
04-12 11:37:26.383   177   177 I sf_frame_dur: [SurfaceView,3,5,22,33,51,6,4]
04-12 11:37:26.383   177   177 I sf_frame_dur: [com.youku.phone/com.youku.ui.activity.DetailActivity,255,290,172,31,15,6,7]
04-12 11:37:28.063  3249  3249 I auditd  : type=1400 audit(0.0:291): avc: denied { read } for comm="OnLineMonitor" name="mem" dev="debugfs" ino=15991 scontext=u:r:untrusted_app:s0 tcontext=u:object_r:debugfs:s0 tclass=file
04-12 11:37:28.063  3249  3249 I auditd  : type=1400 audit(0.0:292): avc: denied { read } for comm="OnLineMonitor" name="mem" dev="debugfs" ino=15991 scontext=u:r:untrusted_app:s0 tcontext=u:object_r:debugfs:s0 tclass=file
04-12 11:37:28.225   177   177 I sf_frame_dur: [VolumePanel,6,0,1,1,0,0,0]
04-12 11:37:28.867   710  9069 I force_gc: Binder
04-12 11:37:30.112   853   853 I force_gc: Binder
04-12 11:37:30.986   710  6844 I force_gc: Binder
04-12 11:37:34.185   853   853 I force_gc: Binder
04-12 11:37:35.046   710   809 I netstats_mobile_sample: [0,0,0,0,0,0,0,0,0,0,0,0,1491968255047]
04-12 11:37:35.082   710   809 I netstats_wifi_sample: [195695640,140959,5716707,79060,195700997,141050,5360945,79167,195700997,141050,5338835,79057,1491968255047]
04-12 11:37:35.675   710  5180 I force_gc: Binder
04-12 11:37:37.985   853   853 I force_gc: Binder
04-12 11:37:40.992   710   899 I force_gc: Binder
04-12 11:37:45.590   177   177 I sf_frame_dur: [VolumePanel,0,0,1,0,2,0,0]
04-12 11:37:46.619   853   853 I force_gc: Binder
04-12 11:37:47.456   710  9069 I force_gc: Binder
04-12 11:37:47.593  3249  3249 I auditd  : type=1400 audit(0.0:293): avc: denied { read } for comm="OnLineMonitor" name="mem" dev="debugfs" ino=15991 scontext=u:r:untrusted_app:s0 tcontext=u:object_r:debugfs:s0 tclass=file
04-12 11:37:47.693  3249  3249 I auditd  : type=1400 audit(0.0:294): avc: denied { read } for comm="OnLineMonitor" name="mem" dev="debugfs" ino=15991 scontext=u:r:untrusted_app:s0 tcontext=u:object_r:debugfs:s0 tclass=file
04-12 11:37:51.946   710   727 I force_gc: Binder
04-12 11:37:52.852   710  8213 I am_finish_activity: [0,924740672,4,com.youku.phone/com.youku.ui.activity.WebViewActivity,app-request]
04-12 11:37:52.855   710  8213 I am_home_stack_moved: [0,0,1,1,finishActivity adjustTopFocus setFocusedActivity]
04-12 11:37:52.855   710  8213 I am_focused_activity: [0,com.youku.phone/com.youku.ui.activity.DetailActivity]
04-12 11:37:52.855   710  8213 I am_pause_activity: [0,924740672,com.youku.phone/com.youku.ui.activity.WebViewActivity]
04-12 11:37:53.079  3176  3176 I am_on_paused_called: [0,com.youku.ui.activity.WebViewActivity]
04-12 11:37:53.087   710  6844 I am_resume_activity: [0,412315325,4,com.youku.phone/com.youku.ui.activity.DetailActivity]
04-12 11:37:53.528   710   710 I notification_cancel: [10054,3176,com.youku.phone,11250603,NULL,0,0,64,8,NULL]
04-12 11:37:54.093  3176  3176 I am_on_resume_called: [0,com.youku.ui.activity.DetailActivity]
04-12 11:37:56.637   853   853 I force_gc: Binder
04-12 11:37:57.772   710  6844 I force_gc: Binder
04-12 11:37:59.627   710   809 I netstats_mobile_sample: [0,0,0,0,0,0,0,0,0,0,0,0,1491968279628]
04-12 11:37:59.679   710   809 I netstats_wifi_sample: [198063959,142604,5752197,79855,198069244,142695,5398821,79962,198069244,142695,5376711,79852,1491968279628]
04-12 11:38:01.201   177   177 I sf_frame_dur: [com.youku.phone/com.youku.ui.activity.WebViewActivity,173,260,121,11,5,2,7]
04-12 11:38:01.543  3249  3249 I auditd  : type=1400 audit(0.0:295): avc: denied { read } for comm="OnLineMonitor" name="mem" dev="debugfs" ino=15991 scontext=u:r:untrusted_app:s0 tcontext=u:object_r:debugfs:s0 tclass=file
04-12 11:38:01.583  3249  3249 I auditd  : type=1400 audit(0.0:296): avc: denied { read } for comm="OnLineMonitor" name="mem" dev="debugfs" ino=15991 scontext=u:r:untrusted_app:s0 tcontext=u:object_r:debugfs:s0 tclass=file
04-12 11:38:02.233   710   809 I netstats_mobile_sample: [0,0,0,0,0,0,0,0,0,0,0,0,1491968282218]
04-12 11:38:02.234   710   809 I netstats_wifi_sample: [200564242,144291,5792502,80887,200569515,144382,5441604,80994,200569515,144382,5419494,80884,1491968282218]
04-12 11:38:03.087   710   777 I am_destroy_activity: [0,924740672,4,com.youku.phone/com.youku.ui.activity.WebViewActivity,finish-imm]
04-12 11:38:05.904  3176  3176 I menu_opened: 0
04-12 11:38:09.078   710  8213 I force_gc: Binder
04-12 11:38:13.555  3176  3176 I menu_opened: 0
04-12 11:38:14.581   177   177 I sf_frame_dur: [VolumePanel,0,0,0,0,0,1,0]
04-12 11:38:16.243  3249  3249 I auditd  : type=1400 audit(0.0:297): avc: denied { read } for comm="OnLineMonitor" name="mem" dev="debugfs" ino=15991 scontext=u:r:untrusted_app:s0 tcontext=u:object_r:debugfs:s0 tclass=file
04-12 11:38:16.313  3249  3249 I auditd  : type=1400 audit(0.0:298): avc: denied { read } for comm="OnLineMonitor" name="mem" dev="debugfs" ino=15991 scontext=u:r:untrusted_app:s0 tcontext=u:object_r:debugfs:s0 tclass=file
04-12 11:38:19.903   710  5180 I force_gc: Binder
04-12 11:38:23.727   710 20735 I force_gc: Binder
04-12 11:38:24.772   853   853 I force_gc: Binder
04-12 11:38:31.682   710  9069 I force_gc: Binder
04-12 11:38:32.848   853   853 I force_gc: Binder
04-12 11:38:35.416   710  1218 I force_gc: Binder
04-12 11:38:36.264   853   853 I force_gc: Binder
04-12 11:38:39.230   710   899 I force_gc: Binder
04-12 11:38:39.538   710   809 I netstats_mobile_sample: [0,0,0,0,0,0,0,0,0,0,0,0,1491968319539]
04-12 11:38:39.539   710   809 I netstats_wifi_sample: [203101351,146097,5826776,81588,203106840,146190,5479526,81697,203106840,146190,5456962,81584,1491968319539]
04-12 11:38:41.229   710   809 I netstats_mobile_sample: [0,0,0,0,0,0,0,0,0,0,0,0,1491968321230]
04-12 11:38:41.230   710   809 I netstats_wifi_sample: [205675455,147814,5880672,82447,205680944,147907,5529090,82556,205680944,147907,5506578,82444,1491968321230]
04-12 11:38:42.425   710   809 I netstats_mobile_sample: [0,0,0,0,0,0,0,0,0,0,0,0,1491968322425]
04-12 11:38:42.449   710   809 I netstats_wifi_sample: [208385171,149623,5885988,82555,208390660,149716,5534702,82664,208390660,149716,5512190,82552,1491968322425]
04-12 11:38:45.343   710   899 I force_gc: Binder
04-12 11:38:46.348   853   853 I force_gc: Binder
04-12 11:38:48.122   710  5180 I force_gc: Binder
04-12 11:38:50.928   710   899 I force_gc: Binder
04-12 11:38:52.006   853   853 I force_gc: Binder
04-12 11:38:54.001   710 20735 I force_gc: Binder
04-12 11:38:54.966   853   853 I force_gc: Binder
04-12 11:38:57.104   710   899 I force_gc: Binder
04-12 11:39:06.080   177   177 I sf_frame_dur: [VolumePanel,0,0,0,0,1,0,0]
04-12 11:39:06.520   710  8213 I force_gc: Binder
04-12 11:39:08.217  3176  3176 I menu_opened: 0
04-12 11:39:12.723  3249  3249 I auditd  : type=1400 audit(0.0:299): avc: denied { read } for comm="OnLineMonitor" name="mem" dev="debugfs" ino=15991 scontext=u:r:untrusted_app:s0 tcontext=u:object_r:debugfs:s0 tclass=file
04-12 11:39:12.733  3249  3249 I auditd  : type=1400 audit(0.0:300): avc: denied { read } for comm="OnLineMonitor" name="mem" dev="debugfs" ino=15991 scontext=u:r:untrusted_app:s0 tcontext=u:object_r:debugfs:s0 tclass=file
04-12 11:39:12.743   710  5180 I force_gc: Binder
04-12 11:39:12.832   710   710 I free_storage_changed: 12951769088
04-12 11:39:16.574   177   177 I sf_frame_dur: [VolumePanel,0,1,0,0,1,0,0]
04-12 11:39:17.970   710  8213 I force_gc: Binder
04-12 11:39:21.418   710  6844 I force_gc: Binder
04-12 11:39:22.479   853   853 I force_gc: Binder
04-12 11:39:24.727  3176  3176 I menu_opened: 0
04-12 11:39:25.184   710  1218 I force_gc: Binder
04-12 11:39:25.443  3249  3249 I auditd  : type=1400 audit(0.0:301): avc: denied { read } for comm="OnLineMonitor" name="mem" dev="debugfs" ino=15991 scontext=u:r:untrusted_app:s0 tcontext=u:object_r:debugfs:s0 tclass=file
04-12 11:39:25.493  3249  3249 I auditd  : type=1400 audit(0.0:302): avc: denied { read } for comm="OnLineMonitor" name="mem" dev="debugfs" ino=15991 scontext=u:r:untrusted_app:s0 tcontext=u:object_r:debugfs:s0 tclass=file
04-12 11:39:26.529   853   853 I force_gc: Binder
04-12 11:39:31.216   710  5180 I force_gc: Binder
04-12 11:39:31.355   710   809 I netstats_mobile_sample: [0,0,0,0,0,0,0,0,0,0,0,0,1491968371356]
04-12 11:39:31.356   710   809 I netstats_wifi_sample: [211068158,151542,5966452,83232,211073891,151637,5606310,83343,211073891,151637,5583396,83229,1491968371356]
04-12 11:39:33.999   710   809 I netstats_mobile_sample: [0,0,0,0,0,0,0,0,0,0,0,0,1491968373970]
04-12 11:39:34.000   710   809 I netstats_wifi_sample: [213273154,153038,5979720,83595,213278857,153133,5623074,83706,213278857,153133,5600160,83592,1491968373970]
04-12 11:39:36.142  3176  3176 I menu_opened: 0
04-12 11:39:36.750   710   809 I netstats_mobile_sample: [0,0,0,0,0,0,0,0,0,0,0,0,1491968376751]
04-12 11:39:36.751   710   809 I netstats_wifi_sample: [215911024,154815,6018120,84358,215916721,154910,5654410,84469,215916721,154910,5631456,84354,1491968376751]
04-12 11:39:38.404   710  1218 I force_gc: Binder
04-12 11:39:39.996   710   809 I netstats_mobile_sample: [0,0,0,0,0,0,0,0,0,0,0,0,1491968379997]
04-12 11:39:40.005   710   809 I netstats_wifi_sample: [218437294,156517,6056748,85177,218442985,156612,5687170,85288,218442985,156612,5664216,85173,1491968379997]
04-12 11:39:48.154   710  8213 I force_gc: Binder
04-12 11:39:54.791   710 20735 I force_gc: Binder
04-12 11:39:55.288  3176  3176 I menu_opened: 0
04-12 11:39:55.715   853   853 I force_gc: Binder
04-12 11:39:59.152   710 20735 I force_gc: Binder
04-12 11:40:02.755   710  1218 I force_gc: Binder
04-12 11:40:03.354   853   853 I force_gc: Binder
04-12 11:40:05.003  3176  3176 I menu_opened: 0
04-12 11:40:06.257   710  1218 I force_gc: Binder
04-12 11:40:07.667   853   853 I force_gc: Binder
04-12 11:40:11.585   710  6844 I force_gc: Binder
04-12 11:40:12.844   710   710 I free_storage_changed: 12942856192
04-12 11:40:14.643   853   853 I force_gc: Binder
04-12 11:40:15.032   710  9069 I force_gc: Binder
04-12 11:40:18.082   710  9069 I force_gc: Binder
04-12 11:40:21.471   710   727 I force_gc: Binder
04-12 11:40:23.906   853   853 I force_gc: Binder
04-12 11:40:25.008   710  5180 I force_gc: Binder
04-12 11:40:26.921   853   853 I force_gc: Binder
04-12 11:40:28.679   710  9069 I force_gc: Binder
04-12 11:40:31.824   710   727 I force_gc: Binder
04-12 11:40:33.477   853   853 I force_gc: Binder
04-12 11:40:35.020   710  6844 I force_gc: Binder
04-12 11:40:36.436   853   853 I force_gc: Binder
04-12 11:40:38.200   710  8213 I force_gc: Binder
04-12 11:40:41.417   710  1218 I force_gc: Binder
04-12 11:40:43.057   853   853 I force_gc: Binder
04-12 11:40:44.454   710   899 I force_gc: Binder
04-12 11:40:45.923   853   853 I force_gc: Binder
04-12 11:40:49.125   710  5180 I force_gc: Binder
04-12 11:40:52.328   853   853 I force_gc: Binder
04-12 11:40:52.786   710   727 I force_gc: Binder
04-12 11:40:55.154   853   853 I force_gc: Binder
04-12 11:40:55.672   710   899 I force_gc: Binder
04-12 11:40:58.758   710  5180 I force_gc: Binder
04-12 11:41:10.288   710   777 I am_broadcast_discard_filter: [0,588431575,android.intent.action.TIME_TICK,11,3123429]
04-12 11:41:12.052   710   727 I force_gc: Binder
04-12 11:41:12.952   853   853 I force_gc: Binder
04-12 11:41:15.717   710  6844 I force_gc: Binder
04-12 11:41:16.427   853   853 I force_gc: Binder
04-12 11:41:18.755   710   727 I force_gc: Binder
04-12 11:41:21.906   710 20735 I force_gc: Binder
04-12 11:41:22.734   853   853 I force_gc: Binder
04-12 11:41:24.920   710 20735 I force_gc: Binder
04-12 11:41:25.603   853   853 I force_gc: Binder
04-12 11:41:36.696   710  9069 I force_gc: Binder
04-12 11:41:39.702   710   899 I force_gc: Binder
04-12 11:41:41.521   853   853 I force_gc: Binder
04-12 11:41:42.232   710  6844 I force_gc: Binder
04-12 11:41:44.063   853   853 I force_gc: Binder
04-12 11:41:44.897   710  1218 I force_gc: Binder
04-12 11:41:46.455   853   853 I force_gc: Binder
04-12 11:41:47.317   710  5180 I force_gc: Binder
04-12 11:41:50.130   710  8213 I force_gc: Binder
04-12 11:41:51.617   853   853 I force_gc: Binder
04-12 11:41:52.695   710  9069 I force_gc: Binder
04-12 11:41:54.135   853   853 I force_gc: Binder
04-12 11:41:55.456   710  5180 I force_gc: Binder
04-12 11:41:56.679   853   853 I force_gc: Binder
04-12 11:41:57.812   710 20735 I force_gc: Binder
04-12 11:41:59.372   853   853 I force_gc: Binder
04-12 11:41:59.765   710  9069 I force_gc: Binder
04-12 11:42:01.672   710   727 I battery_level: [89,4145,415]
04-12 11:42:01.680   710   710 I notification_cancel: [10013,853,com.android.systemui,100,low_battery,-1,0,64,8,NULL]
04-12 11:42:06.054   710   809 I netstats_mobile_sample: [0,0,0,0,0,0,0,0,0,0,0,0,1491968526055]
04-12 11:42:06.055   710   809 I netstats_wifi_sample: [220055189,157812,6082251,85537,220061865,157911,5712099,85652,220061865,157911,5687979,85532,1491968526055]
04-12 11:42:06.123   191   191 I auditd  : type=1400 audit(0.0:303): avc: denied { search } for comm="debuggerd" name="com.youku.phone" dev="mmcblk0p28" ino=81952 scontext=u:r:debuggerd:s0 tcontext=u:object_r:app_data_file:s0 tclass=dir
04-12 11:42:06.123   191   191 I auditd  : type=1400 audit(0.0:304): avc: denied { search } for comm="debuggerd" name="com.youku.phone" dev="mmcblk0p28" ino=81952 scontext=u:r:debuggerd:s0 tcontext=u:object_r:app_data_file:s0 tclass=dir
04-12 11:42:06.123   191   191 I auditd  : type=1400 audit(0.0:305): avc: denied { search } for comm="debuggerd" name="com.youku.phone" dev="mmcblk0p28" ino=81952 scontext=u:r:debuggerd:s0 tcontext=u:object_r:app_data_file:s0 tclass=dir
04-12 11:42:06.123   191   191 I auditd  : type=1400 audit(0.0:306): avc: denied { search } for comm="debuggerd" name="com.youku.phone" dev="mmcblk0p28" ino=81952 scontext=u:r:debuggerd:s0 tcontext=u:object_r:app_data_file:s0 tclass=dir
04-12 11:42:06.123   191   191 I auditd  : type=1400 audit(0.0:307): avc: denied { search } for comm="debuggerd" name="com.youku.phone" dev="mmcblk0p28" ino=81952 scontext=u:r:debuggerd:s0 tcontext=u:object_r:app_data_file:s0 tclass=dir
04-12 11:42:06.123   191   191 I auditd  : type=1400 audit(0.0:308): avc: denied { search } for comm="debuggerd" name="com.youku.phone" dev="mmcblk0p28" ino=81952 scontext=u:r:debuggerd:s0 tcontext=u:object_r:app_data_file:s0 tclass=dir
04-12 11:42:06.573   191   191 I auditd  : type=1400 audit(0.0:309): avc: denied { search } for comm="debuggerd" name="com.youku.phone" dev="mmcblk0p28" ino=81952 scontext=u:r:debuggerd:s0 tcontext=u:object_r:app_data_file:s0 tclass=dir
04-12 11:42:06.573   191   191 I auditd  : type=1400 audit(0.0:310): avc: denied { search } for comm="debuggerd" name="com.youku.phone" dev="mmcblk0p28" ino=81952 scontext=u:r:debuggerd:s0 tcontext=u:object_r:app_data_file:s0 tclass=dir
04-12 11:42:06.573   191   191 I auditd  : type=1400 audit(0.0:311): avc: denied { search } for comm="debuggerd" name="com.youku.phone" dev="mmcblk0p28" ino=81952 scontext=u:r:debuggerd:s0 tcontext=u:object_r:app_data_file:s0 tclass=dir
04-12 11:42:06.583   191   191 I auditd  : type=1400 audit(0.0:312): avc: denied { search } for comm="debuggerd" name="com.youku.phone" dev="mmcblk0p28" ino=81952 scontext=u:r:debuggerd:s0 tcontext=u:object_r:app_data_file:s0 tclass=dir
04-12 11:42:06.583   191   191 I auditd  : type=1400 audit(0.0:313): avc: denied { search } for comm="debuggerd" name="com.youku.phone" dev="mmcblk0p28" ino=81952 scontext=u:r:debuggerd:s0 tcontext=u:object_r:app_data_file:s0 tclass=dir
04-12 11:42:06.593   191   191 I auditd  : type=1400 audit(0.0:314): avc: denied { read } for comm="debuggerd" name="kgsl-3d0" dev="tmpfs" ino=6205 scontext=u:r:debuggerd:s0 tcontext=u:object_r:gpu_device:s0 tclass=chr_file
04-12 11:42:06.593   191   191 I auditd  : type=1400 audit(0.0:315): avc: denied { search } for comm="debuggerd" name="com.youku.phone" dev="mmcblk0p28" ino=81952 scontext=u:r:debuggerd:s0 tcontext=u:object_r:app_data_file:s0 tclass=dir
04-12 11:42:06.593   191   191 I auditd  : type=1400 audit(0.0:316): avc: denied { search } for comm="debuggerd" name="com.youku.phone" dev="mmcblk0p28" ino=81952 scontext=u:r:debuggerd:s0 tcontext=u:object_r:app_data_file:s0 tclass=dir
04-12 11:42:06.613   191   191 I auditd  : type=1400 audit(0.0:317): avc: denied { search } for comm="debuggerd" name="com.youku.phone" dev="mmcblk0p28" ino=81952 scontext=u:r:debuggerd:s0 tcontext=u:object_r:app_data_file:s0 tclass=dir
04-12 11:42:06.613   191   191 I auditd  : type=1400 audit(0.0:318): avc: denied { search } for comm="debuggerd" name="com.youku.phone" dev="mmcblk0p28" ino=81952 scontext=u:r:debuggerd:s0 tcontext=u:object_r:app_data_file:s0 tclass=dir
04-12 11:42:06.613   191   191 I auditd  : type=1400 audit(0.0:319): avc: denied { search } for comm="debuggerd" name="com.youku.phone" dev="mmcblk0p28" ino=81952 scontext=u:r:debuggerd:s0 tcontext=u:object_r:app_data_file:s0 tclass=dir
04-12 11:42:06.613   191   191 I auditd  : type=1400 audit(0.0:320): avc: denied { search } for comm="debuggerd" name="com.youku.phone" dev="mmcblk0p28" ino=81952 scontext=u:r:debuggerd:s0 tcontext=u:object_r:app_data_file:s0 tclass=dir
04-12 11:42:06.613   191   191 I auditd  : type=1400 audit(0.0:321): avc: denied { search } for comm="debuggerd" name="com.youku.phone" dev="mmcblk0p28" ino=81952 scontext=u:r:debuggerd:s0 tcontext=u:object_r:app_data_file:s0 tclass=dir
04-12 11:42:06.613   191   191 I auditd  : type=1400 audit(0.0:322): avc: denied { search } for comm="debuggerd" name="com.youku.phone" dev="mmcblk0p28" ino=81952 scontext=u:r:debuggerd:s0 tcontext=u:object_r:app_data_file:s0 tclass=dir
04-12 11:42:07.203   191   191 I auditd  : type=1400 audit(0.0:334): avc: denied { search } for comm="debuggerd" name="com.youku.phone" dev="mmcblk0p28" ino=81952 scontext=u:r:debuggerd:s0 tcontext=u:object_r:app_data_file:s0 tclass=dir
04-12 11:42:07.203   191   191 I auditd  : type=1400 audit(0.0:335): avc: denied { search } for comm="debuggerd" name="com.youku.phone" dev="mmcblk0p28" ino=81952 scontext=u:r:debuggerd:s0 tcontext=u:object_r:app_data_file:s0 tclass=dir
04-12 11:42:07.203   191   191 I auditd  : type=1400 audit(0.0:336): avc: denied { search } for comm="debuggerd" name="com.youku.phone" dev="mmcblk0p28" ino=81952 scontext=u:r:debuggerd:s0 tcontext=u:object_r:app_data_file:s0 tclass=dir
04-12 11:42:07.203   191   191 I auditd  : type=1400 audit(0.0:337): avc: denied { search } for comm="debuggerd" name="com.youku.phone" dev="mmcblk0p28" ino=81952 scontext=u:r:debuggerd:s0 tcontext=u:object_r:app_data_file:s0 tclass=dir
04-12 11:42:07.203   191   191 I auditd  : type=1400 audit(0.0:338): avc: denied { search } for comm="debuggerd" name="com.youku.phone" dev="mmcblk0p28" ino=81952 scontext=u:r:debuggerd:s0 tcontext=u:object_r:app_data_file:s0 tclass=dir
04-12 11:42:07.213   191   191 I auditd  : type=1400 audit(0.0:339): avc: denied { search } for comm="debuggerd" name="com.youku.phone" dev="mmcblk0p28" ino=81952 scontext=u:r:debuggerd:s0 tcontext=u:object_r:app_data_file:s0 tclass=dir
04-12 11:42:07.213   191   191 I auditd  : type=1400 audit(0.0:340): avc: denied { search } for comm="debuggerd" name="com.youku.phone" dev="mmcblk0p28" ino=81952 scontext=u:r:debuggerd:s0 tcontext=u:object_r:app_data_file:s0 tclass=dir
04-12 11:42:07.213   191   191 I auditd  : type=1400 audit(0.0:341): avc: denied { search } for comm="debuggerd" name="com.youku.phone" dev="mmcblk0p28" ino=81952 scontext=u:r:debuggerd:s0 tcontext=u:object_r:app_data_file:s0 tclass=dir
04-12 11:42:07.213   191   191 I auditd  : type=1400 audit(0.0:342): avc: denied { search } for comm="debuggerd" name="com.youku.phone" dev="mmcblk0p28" ino=81952 scontext=u:r:debuggerd:s0 tcontext=u:object_r:app_data_file:s0 tclass=dir
04-12 11:42:07.213   191   191 I auditd  : type=1400 audit(0.0:343): avc: denied { search } for comm="debuggerd" name="com.youku.phone" dev="mmcblk0p28" ino=81952 scontext=u:r:debuggerd:s0 tcontext=u:object_r:app_data_file:s0 tclass=dir
04-12 11:42:07.213   191   191 I auditd  : type=1400 audit(0.0:344): avc: denied { search } for comm="debuggerd" name="com.youku.phone" dev="mmcblk0p28" ino=81952 scontext=u:r:debuggerd:s0 tcontext=u:object_r:app_data_file:s0 tclass=dir
04-12 11:42:07.213   191   191 I auditd  : type=1400 audit(0.0:345): avc: denied { search } for comm="debuggerd" name="com.youku.phone" dev="mmcblk0p28" ino=81952 scontext=u:r:debuggerd:s0 tcontext=u:object_r:app_data_file:s0 tclass=dir
04-12 11:42:07.213   191   191 I auditd  : type=1400 audit(0.0:346): avc: denied { search } for comm="debuggerd" name="com.youku.phone" dev="mmcblk0p28" ino=81952 scontext=u:r:debuggerd:s0 tcontext=u:object_r:app_data_file:s0 tclass=dir
04-12 11:42:07.223   191   191 I auditd  : type=1400 audit(0.0:347): avc: denied { search } for comm="debuggerd" name="com.youku.phone" dev="mmcblk0p28" ino=81952 scontext=u:r:debuggerd:s0 tcontext=u:object_r:app_data_file:s0 tclass=dir
04-12 11:42:07.223   191   191 I auditd  : type=1400 audit(0.0:348): avc: denied { search } for comm="debuggerd" name="com.youku.phone" dev="mmcblk0p28" ino=81952 scontext=u:r:debuggerd:s0 tcontext=u:object_r:app_data_file:s0 tclass=dir
04-12 11:42:07.223   191   191 I auditd  : type=1400 audit(0.0:349): avc: denied { search } for comm="debuggerd" name="com.youku.phone" dev="mmcblk0p28" ino=81952 scontext=u:r:debuggerd:s0 tcontext=u:object_r:app_data_file:s0 tclass=dir
04-12 11:42:07.233   191   191 I auditd  : type=1400 audit(0.0:350): avc: denied { search } for comm="debuggerd" name="com.youku.phone" dev="mmcblk0p28" ino=81952 scontext=u:r:debuggerd:s0 tcontext=u:object_r:app_data_file:s0 tclass=dir
04-12 11:42:07.233   191   191 I auditd  : type=1400 audit(0.0:351): avc: denied { search } for comm="debuggerd" name="com.youku.phone" dev="mmcblk0p28" ino=81952 scontext=u:r:debuggerd:s0 tcontext=u:object_r:app_data_file:s0 tclass=dir
04-12 11:42:07.233   191   191 I auditd  : type=1400 audit(0.0:352): avc: denied { search } for comm="debuggerd" name="com.youku.phone" dev="mmcblk0p28" ino=81952 scontext=u:r:debuggerd:s0 tcontext=u:object_r:app_data_file:s0 tclass=dir
04-12 11:42:07.233   191   191 I auditd  : type=1400 audit(0.0:353): avc: denied { search } for comm="debuggerd" name="com.youku.phone" dev="mmcblk0p28" ino=81952 scontext=u:r:debuggerd:s0 tcontext=u:object_r:app_data_file:s0 tclass=dir
04-12 11:42:10.077   710   777 I am_broadcast_discard_filter: [0,587713988,android.intent.action.TIME_TICK,11,3123429]
04-12 11:42:11.838   710  5180 I force_gc: Binder
04-12 11:42:12.013   853   853 I force_gc: Binder
04-12 11:42:12.736   177   177 I sf_frame_dur: [SurfaceView,111,658,858,133,37,17,20]
04-12 11:42:12.753   177   177 I sf_frame_dur: [com.youku.phone/com.youku.ui.activity.DetailActivity,47,78,150,104,28,11,14]
04-12 11:42:12.833   710  1269 I am_proc_died: [0,3176,com.youku.phone]
04-12 11:42:12.842   710  1269 I am_schedule_service_restart: [0,com.youku.phone/com.taobao.accs.data.MsgDistributeService,1000]
04-12 11:42:12.842   710  1269 I am_schedule_service_restart: [0,com.youku.phone/anetwork.channel.aidl.NetworkService,1000]
04-12 11:42:12.843   710  1269 I am_schedule_service_restart: [0,com.youku.phone/com.taobao.android.tlog.AccsTLogService,11000]
04-12 11:42:12.850   710  1269 I am_finish_activity: [0,412315325,4,com.youku.phone/com.youku.ui.activity.DetailActivity,proc died without state saved]
04-12 11:42:12.881   710   710 I free_storage_changed: 12939407360
04-12 11:42:12.971   710  1269 I am_proc_start: [0,11819,10054,com.youku.phone,activity,com.youku.phone/com.soku.searchsdk.activity.SearchResultActivity]
04-12 11:42:12.999   710  1042 I am_kill : [0,1799,com.android.exchange,15,empty for 3340s]
04-12 11:42:13.090   710  6844 I am_proc_bound: [0,11819,com.youku.phone]
04-12 11:42:13.098   710  6844 I am_restart_activity: [0,540139787,4,com.youku.phone/com.soku.searchsdk.activity.SearchResultActivity]
04-12 11:42:13.124   710  1218 I am_proc_died: [0,1799,com.android.exchange]
04-12 11:42:14.165   710  8211 I force_gc: Binder
04-12 11:42:14.354   853   853 I force_gc: Binder
04-12 11:42:16.411   710   899 I force_gc: Binder
04-12 11:42:17.006   853   853 I force_gc: Binder
04-12 11:42:20.234   710  1218 I force_gc: Binder
04-12 11:42:20.953   710   726 I am_home_stack_moved: [0,0,1,1,intentActivityFound]
04-12 11:42:20.954   710   726 I wm_task_moved: [4,1,0]
04-12 11:42:21.969   710 20735 I am_home_stack_moved: [0,0,1,1,intentActivityFound]
04-12 11:42:21.969   710 20735 I wm_task_moved: [4,1,0]
04-12 11:42:23.472   710  9069 I force_gc: Binder
04-12 11:42:23.974   853   853 I force_gc: Binder
04-12 11:42:26.603   853   853 I force_gc: Binder
04-12 11:42:26.712   710  1042 I force_gc: Binder
04-12 11:42:27.111   710  1134 I am_home_stack_moved: [0,0,1,1,intentActivityFound]
04-12 11:42:27.111   710  1134 I wm_task_moved: [4,1,0]
04-12 11:42:30.734   710  9013 I force_gc: Binder
04-12 11:42:33.361   853   853 I force_gc: Binder
04-12 11:42:33.613   710  1243 I force_gc: Binder
04-12 11:42:35.791   853   853 I force_gc: Binder
04-12 11:42:36.693   710  8213 I force_gc: Binder
04-12 11:42:39.645   710  8213 I force_gc: Binder
04-12 11:42:41.314   853   853 I force_gc: Binder
04-12 11:42:42.104   710  8213 I force_gc: Binder
04-12 11:42:43.726   853   853 I force_gc: Binder
04-12 11:42:44.641   710   726 I force_gc: Binder
04-12 11:42:46.608   853   853 I force_gc: Binder
04-12 11:42:47.815   710  5180 I force_gc: Binder
04-12 11:42:51.217   710   727 I force_gc: Binder
04-12 11:42:53.469   853   853 I force_gc: Binder
04-12 11:42:54.205   710  8211 I force_gc: Binder
04-12 11:43:00.213   710  8211 I force_gc: Binder
04-12 11:43:02.839   853   853 I force_gc: Binder
04-12 11:43:03.090   710   727 I force_gc: Binder
04-12 11:43:04.968 11819 11819 I am_on_resume_called: [0,com.soku.searchsdk.activity.SearchResultActivity]
04-12 11:43:07.995   853   853 I force_gc: Binder
04-12 11:43:14.513   710 20735 I force_gc: Binder
04-12 11:43:16.526   710   782 I am_activity_launch_time: [0,540139787,com.youku.phone/com.soku.searchsdk.activity.SearchResultActivity,63668,63668]
04-12 11:43:21.892   710 20735 I force_gc: Binder
04-12 11:43:22.896   710   777 I am_anr  : [0,11819,com.youku.phone,9977412,Input dispatching timed out (Waiting to send key event because the focused window has not finished processing all of the input events that were previously delivered to it.  Outbound queue length: 0.  Wait queue length: 10.)]
04-12 11:43:37.117   710   726 I force_gc: Binder
04-12 11:43:41.009   710  1134 I force_gc: Binder
04-12 11:43:44.045   853   853 I force_gc: Binder
04-12 11:43:44.359   710  8211 I force_gc: Binder
04-12 11:43:46.860   853   853 I force_gc: Binder
04-12 11:43:47.557   710  8211 I force_gc: Binder
04-12 11:43:50.693   710   727 I force_gc: Binder
04-12 11:43:52.596   853   853 I force_gc: Binder
04-12 11:43:53.136   710   727 I force_gc: Binder
04-12 11:43:55.035   853   853 I force_gc: Binder
04-12 11:43:55.750   710  9013 I force_gc: Binder
04-12 11:43:58.928   710 20735 I force_gc: Binder
04-12 11:44:02.559   710   726 I force_gc: Binder
04-12 11:44:03.367   853   853 I force_gc: Binder
04-12 11:44:04.308   710   784 I power_sleep_requested: 0
04-12 11:44:04.310   710   710 I power_screen_state: [0,3,0,0]
04-12 11:44:04.310   710   710 I screen_toggled: 0
04-12 11:44:04.315   710   710 I power_screen_broadcast_send: 1
04-12 11:44:05.492   710   710 I am_pause_activity: [0,540139787,com.youku.phone/com.soku.searchsdk.activity.SearchResultActivity]
04-12 11:44:09.638   710  9013 I notification_expansion: [-1|android|17040644|null|1000,0,0]
04-12 11:44:10.082   853   853 I sysui_status_bar_state: [1,1,0,0,0,1]
04-12 11:44:10.639   177   177 I sf_frame_dur: [NavigationBar,45,7,8,3,0,0,1]
04-12 11:44:14.476   710   777 I am_broadcast_discard_filter: [0,535443970,android.intent.action.SCREEN_OFF,11,470987956]
04-12 11:44:14.507   853   853 I sysui_heads_up_status: [,0]
04-12 11:44:14.522   710   710 I power_screen_broadcast_done: [0,10208,1]
04-12 11:44:16.764   710  1134 I notification_clicked: -1|android|17040644|null|1000
04-12 11:44:16.765   710   710 I notification_cancel: [10013,853,android,17040644,NULL,-1,16,64,1,NULL]
04-12 11:44:18.592   710 20735 I force_gc: Binder
04-12 11:44:19.681   710   710 I power_screen_state: [1,0,0,0]
04-12 11:44:19.681   710   710 I screen_toggled: 1
04-12 11:44:19.765   710   710 I power_screen_broadcast_send: 1
04-12 11:44:20.126   853   853 I screen_toggled: 2
04-12 11:44:20.558   177   177 I sf_frame_dur: [ColorFade,23,2,0,0,0,0,0]
04-12 11:44:20.817   710  9069 I notification_expansion: [-1|android|17040644|null|1000,0,1]
04-12 11:44:21.256   853   853 I sysui_status_bar_state: [0,0,0,0,0,1]
04-12 11:44:21.267   710  9069 I am_resume_activity: [0,540139787,4,com.youku.phone/com.soku.searchsdk.activity.SearchResultActivity]
04-12 11:44:23.383   191   191 I auditd  : type=1400 audit(0.0:393): avc: denied { search } for comm="debuggerd" name="com.youku.phone" dev="mmcblk0p28" ino=81952 scontext=u:r:debuggerd:s0 tcontext=u:object_r:app_data_file:s0 tclass=dir
04-12 11:44:23.393   191   191 I auditd  : type=1400 audit(0.0:394): avc: denied { search } for comm="debuggerd" name="com.youku.phone" dev="mmcblk0p28" ino=81952 scontext=u:r:debuggerd:s0 tcontext=u:object_r:app_data_file:s0 tclass=dir
04-12 11:44:23.403   191   191 I auditd  : type=1400 audit(0.0:395): avc: denied { search } for comm="debuggerd" name="com.youku.phone" dev="mmcblk0p28" ino=81952 scontext=u:r:debuggerd:s0 tcontext=u:object_r:app_data_file:s0 tclass=dir
04-12 11:44:23.403   191   191 I auditd  : type=1400 audit(0.0:396): avc: denied { search } for comm="debuggerd" name="com.youku.phone" dev="mmcblk0p28" ino=81952 scontext=u:r:debuggerd:s0 tcontext=u:object_r:app_data_file:s0 tclass=dir
04-12 11:44:23.413   191   191 I auditd  : type=1400 audit(0.0:397): avc: denied { search } for comm="debuggerd" name="com.youku.phone" dev="mmcblk0p28" ino=81952 scontext=u:r:debuggerd:s0 tcontext=u:object_r:app_data_file:s0 tclass=dir
04-12 11:44:23.413   191   191 I auditd  : type=1400 audit(0.0:398): avc: denied { search } for comm="debuggerd" name="com.youku.phone" dev="mmcblk0p28" ino=81952 scontext=u:r:debuggerd:s0 tcontext=u:object_r:app_data_file:s0 tclass=dir
04-12 11:44:25.132   177   177 I sf_frame_dur: [VolumePanel,0,0,2,0,0,0,1]
04-12 11:44:26.766   710   899 I am_proc_died: [0,2526,com.youku.phone:channel]
04-12 11:44:26.767   710   899 I am_schedule_service_restart: [0,com.youku.phone/com.alibaba.analytics.AnalyticsService,1000]
04-12 11:44:26.767   710   899 I am_schedule_service_restart: [0,com.youku.phone/com.taobao.accs.ChannelService,11000]
04-12 11:44:26.767   710   899 I am_broadcast_discard_app: [0,643839612,android.intent.action.USER_PRESENT,0,ResolveInfo{7792b05 com.youku.phone/com.taobao.accs.EventReceiver m=0x108000}]
04-12 11:44:27.678   710  1042 I am_home_stack_moved: [0,0,1,1,intentActivityFound]
04-12 11:44:27.678   710  1042 I wm_task_moved: [4,1,0]
04-12 11:44:27.914 11819 11819 I am_on_paused_called: [0,com.soku.searchsdk.activity.SearchResultActivity]
04-12 11:44:28.437   710   777 I am_proc_start: [0,12754,10054,com.youku.phone:channel,service,com.youku.phone/com.alibaba.analytics.AnalyticsService]
04-12 11:44:28.440   710  6844 I am_failed_to_pause: [0,540139787,com.youku.phone/com.soku.searchsdk.activity.SearchResultActivity,(none)]
04-12 11:44:29.864   710   727 I am_proc_bound: [0,12754,com.youku.phone:channel]
04-12 11:44:29.935 11819 11819 I am_on_resume_called: [0,com.soku.searchsdk.activity.SearchResultActivity]
04-12 11:44:29.943   710   777 I am_broadcast_discard_filter: [0,613484378,android.intent.action.SCREEN_ON,10,470987956]
04-12 11:44:29.970   710   710 I power_screen_broadcast_done: [1,10204,1]
04-12 11:44:30.713 14757 14757 I auditd  : type=1400 audit(0.0:399): avc: denied { read } for comm="OnLineMonitor" name="mem" dev="debugfs" ino=1088282 scontext=u:r:untrusted_app:s0 tcontext=u:object_r:debugfs:s0 tclass=file
04-12 11:44:30.713 14757 14757 I auditd  : type=1400 audit(0.0:400): avc: denied { read } for comm="OnLineMonitor" name="mem" dev="debugfs" ino=1088282 scontext=u:r:untrusted_app:s0 tcontext=u:object_r:debugfs:s0 tclass=file
04-12 11:44:33.230   710  1243 I force_gc: Binder
04-12 11:44:47.083 14757 14757 I auditd  : type=1400 audit(0.0:401): avc: denied { read } for comm="OnLineMonitor" name="mem" dev="debugfs" ino=1088282 scontext=u:r:untrusted_app:s0 tcontext=u:object_r:debugfs:s0 tclass=file
04-12 11:44:47.203 14757 14757 I auditd  : type=1400 audit(0.0:402): avc: denied { read } for comm="OnLineMonitor" name="mem" dev="debugfs" ino=1088282 scontext=u:r:untrusted_app:s0 tcontext=u:object_r:debugfs:s0 tclass=file
04-12 11:44:48.761   710  1269 I force_gc: Binder
04-12 11:44:59.723 14757 14757 I auditd  : type=1400 audit(0.0:403): avc: denied { read } for comm="OnLineMonitor" name="mem" dev="debugfs" ino=1088282 scontext=u:r:untrusted_app:s0 tcontext=u:object_r:debugfs:s0 tclass=file
04-12 11:44:59.743 14757 14757 I auditd  : type=1400 audit(0.0:404): avc: denied { read } for comm="OnLineMonitor" name="mem" dev="debugfs" ino=1088282 scontext=u:r:untrusted_app:s0 tcontext=u:object_r:debugfs:s0 tclass=file
04-12 11:45:11.358   710  6844 I force_gc: Binder
04-12 11:45:18.009   710   727 I am_home_stack_moved: [0,0,1,1,intentActivityFound]
04-12 11:45:18.009   710   727 I wm_task_moved: [4,1,0]
04-12 11:45:18.031   710   727 I am_finish_activity: [0,540139787,4,com.youku.phone/com.soku.searchsdk.activity.SearchResultActivity,clear]
04-12 11:45:18.046   710   727 I am_pause_activity: [0,540139787,com.youku.phone/com.soku.searchsdk.activity.SearchResultActivity]
04-12 11:45:18.057   710   727 I am_new_intent: [0,135717218,4,com.youku.phone/com.soku.searchsdk.activity.SearchActivity,NULL,NULL,NULL,268435456]
04-12 11:45:18.559   710   777 I am_restart_activity: [0,253588451,4,com.youku.phone/com.soku.searchsdk.activity.SearchActivity]
04-12 11:45:19.264   710  6844 I am_home_stack_moved: [0,0,1,1,intentActivityFound]
04-12 11:45:19.264   710  6844 I wm_task_moved: [4,1,0]
04-12 11:45:20.514   710   727 I force_gc: Binder
04-12 11:45:23.940   853   853 I force_gc: Binder
04-12 11:45:24.092   710  9013 I force_gc: Binder
04-12 11:45:25.963 14757 14757 I auditd  : type=1400 audit(0.0:405): avc: denied { read } for comm="OnLineMonitor" name="mem" dev="debugfs" ino=1088282 scontext=u:r:untrusted_app:s0 tcontext=u:object_r:debugfs:s0 tclass=file
04-12 11:45:25.973 14757 14757 I auditd  : type=1400 audit(0.0:406): avc: denied { read } for comm="OnLineMonitor" name="mem" dev="debugfs" ino=1088282 scontext=u:r:untrusted_app:s0 tcontext=u:object_r:debugfs:s0 tclass=file
04-12 11:45:31.090   710   727 I force_gc: Binder
04-12 11:45:31.836 11819 11819 I am_on_paused_called: [0,com.soku.searchsdk.activity.SearchResultActivity]
04-12 11:45:31.867   710   899 I am_failed_to_pause: [0,540139787,com.youku.phone/com.soku.searchsdk.activity.SearchResultActivity,(none)]
04-12 11:45:34.611   710   726 I force_gc: Binder
04-12 11:45:35.043   853   853 I force_gc: Binder
04-12 11:45:41.968   710  1115 I force_gc: Binder
04-12 11:45:42.163 14757 14757 I auditd  : type=1400 audit(0.0:407): avc: denied { read } for comm="OnLineMonitor" name="mem" dev="debugfs" ino=1088282 scontext=u:r:untrusted_app:s0 tcontext=u:object_r:debugfs:s0 tclass=file
04-12 11:45:42.163 14757 14757 I auditd  : type=1400 audit(0.0:408): avc: denied { read } for comm="OnLineMonitor" name="mem" dev="debugfs" ino=1088282 scontext=u:r:untrusted_app:s0 tcontext=u:object_r:debugfs:s0 tclass=file
04-12 11:45:43.089 11819 11819 I am_on_resume_called: [0,com.soku.searchsdk.activity.SearchActivity]
04-12 11:45:43.270   177   177 I sf_frame_dur: [SurfaceView,5261,178,75,26,12,9,19]
04-12 11:45:43.320   177   177 I sf_frame_dur: [com.youku.phone/com.soku.searchsdk.activity.SearchResultActivity,0,0,0,0,1,3,7]
04-12 11:45:44.513   710   782 I am_activity_launch_time: [0,253588451,com.youku.phone/com.soku.searchsdk.activity.SearchActivity,25956,25956]
04-12 11:45:44.518   710   777 I am_destroy_activity: [0,540139787,4,com.youku.phone/com.soku.searchsdk.activity.SearchResultActivity,finish-imm]
04-12 11:45:44.777   177   177 I sf_frame_dur: [Starting com.youku.phone,0,1,0,0,0,0,0]
04-12 11:45:45.930   853   853 I force_gc: Binder
04-12 11:45:46.368   710  6844 I force_gc: Binder
04-12 11:45:49.171   710   727 I am_home_stack_moved: [0,0,1,1,sourceStackToFront]
04-12 11:45:49.178   710   727 I wm_task_moved: [4,1,0]
04-12 11:45:49.184   710   727 I am_create_activity: [0,239597267,4,com.youku.phone/com.youku.ui.activity.DetailActivity,NULL,NULL,NULL,0]
04-12 11:45:49.185   710   727 I am_pause_activity: [0,253588451,com.youku.phone/com.soku.searchsdk.activity.SearchActivity]
04-12 11:45:49.195   710   727 I am_home_stack_moved: [0,0,1,1,startedActivity setFocusedActivity]
04-12 11:45:49.201   710   727 I am_focused_activity: [0,com.youku.phone/com.youku.ui.activity.DetailActivity]
04-12 11:45:49.629 11819 11819 I am_on_paused_called: [0,com.soku.searchsdk.activity.SearchActivity]
04-12 11:45:49.648   710   899 I am_restart_activity: [0,239597267,4,com.youku.phone/com.youku.ui.activity.DetailActivity]
04-12 11:45:52.444   853   853 I force_gc: Binder
04-12 11:45:53.309   710  1243 I force_gc: Binder
04-12 11:45:57.909   853   853 I force_gc: Binder
04-12 11:45:58.990   710  1243 I force_gc: Binder
04-12 11:46:03.583   710  1115 I force_gc: Binder
04-12 11:46:04.042   710   710 I notification_cancel: [10054,11819,com.youku.phone,11250603,NULL,0,0,64,8,NULL]
