08-08 01:27:14.651  1137  1137 D DCT     : [0]isDataAllowed: not allowed due to - Attached= false - SIM not loaded
08-08 01:27:14.651  1137  1137 D DCT     : [ApnContext:default] getApnSetting: apnSetting=null
08-08 01:27:14.651  1137  1137 D SubscriptionController: [getPhoneId]- invalid subId return=-1
08-08 01:27:14.654  1137  1137 D PhoneFactory: getPhone:- phoneId != DEFAULT_PHONE_ID return sProxyPhones[phoneId] phoneId=-1 phone=null
08-08 01:27:14.660   710   899 D SubscriptionManager: [getPhoneId]- fail
08-08 01:27:14.663  1137  1137 D DCT     : [0]cleanUpConnection: X tearDown=false reason=radioTurnedOff apnContext={mApnType=default mState=IDLE mWaitingApns={null} mWaitingApnsPermanentFailureCountDown=0 mApnSetting={null} mReason=radioTurnedOff mDataEnabled=false mDependencyMet=true} dcac=null
08-08 01:27:14.664  1137  1137 D DCT     : [0]cleanUpConnection: E tearDown=false reason=radioTurnedOff apnContext={mApnType=mms mState=IDLE mWaitingApns={null} mWaitingApnsPermanentFailureCountDown=0 mApnSetting={null} mReason=radioTurnedOff mDataEnabled=false mDependencyMet=true}
08-08 01:27:14.664  1137  1137 D SubscriptionController: [getSubId]- mSlotIdToSubIdMap.size == 0, return DummySubIds slotIdx=0
08-08 01:27:14.664  1137  1137 D SubscriptionController: getDummySubIds: slotIdx=0 return 1 DummySubIds with each subId=-2
08-08 01:27:14.665  1137  1137 D DCT     : [0]isDataAllowed: not allowed due to - Attached= false - SIM not loaded
08-08 01:27:14.665  1137  1137 D DCT     : [ApnContext:mms] getApnSetting: apnSetting=null
08-08 01:27:14.666  1137  1137 D SubscriptionController: [getPhoneId]- invalid subId return=-1
08-08 01:27:14.668  1137  1137 D PhoneFactory: getPhone:- phoneId != DEFAULT_PHONE_ID return sProxyPhones[phoneId] phoneId=-1 phone=null
08-08 01:27:14.669   710  1115 D SubscriptionManager: [getPhoneId]- fail
08-08 01:27:14.671  1137  1137 D DCT     : [0]cleanUpConnection: X tearDown=false reason=radioTurnedOff apnContext={mApnType=mms mState=IDLE mWaitingApns={null} mWaitingApnsPermanentFailureCountDown=0 mApnSetting={null} mReason=radioTurnedOff mDataEnabled=false mDependencyMet=true} dcac=null
08-08 01:27:14.672  1137  1137 D DCT     : [0]cleanUpConnection: E tearDown=false reason=radioTurnedOff apnContext={mApnType=cbs mState=IDLE mWaitingApns={null} mWaitingApnsPermanentFailureCountDown=0 mApnSetting={null} mReason=radioTurnedOff mDataEnabled=false mDependencyMet=true}
08-08 01:27:14.672  1137  1137 D SubscriptionController: [getSubId]- mSlotIdToSubIdMap.size == 0, return DummySubIds slotIdx=0
08-08 01:27:14.672  1137  1137 D SubscriptionController: getDummySubIds: slotIdx=0 return 1 DummySubIds with each subId=-2
08-08 01:27:14.674  1137  1137 D DCT     : [0]isDataAllowed: not allowed due to - Attached= false - SIM not loaded
08-08 01:27:14.674  1137  1137 D DCT     : [ApnContext:cbs] getApnSetting: apnSetting=null
08-08 01:27:14.674  1137  1137 D SubscriptionController: [getPhoneId]- invalid subId return=-1
08-08 01:27:14.676  1137  1137 D PhoneFactory: getPhone:- phoneId != DEFAULT_PHONE_ID return sProxyPhones[phoneId] phoneId=-1 phone=null
08-08 01:27:14.677   710  1115 D SubscriptionManager: [getPhoneId]- fail
08-08 01:27:14.680  1137  1137 D DCT     : [0]cleanUpConnection: X tearDown=false reason=radioTurnedOff apnContext={mApnType=cbs mState=IDLE mWaitingApns={null} mWaitingApnsPermanentFailureCountDown=0 mApnSetting={null} mReason=radioTurnedOff mDataEnabled=false mDependencyMet=true} dcac=null
08-08 01:27:14.680  1137  1137 D DCT     : [0]cleanUpConnection: E tearDown=false reason=radioTurnedOff apnContext={mApnType=fota mState=IDLE mWaitingApns={null} mWaitingApnsPermanentFailureCountDown=0 mApnSetting={null} mReason=radioTurnedOff mDataEnabled=false mDependencyMet=true}
08-08 01:27:14.681  1137  1137 D SubscriptionController: [getSubId]- mSlotIdToSubIdMap.size == 0, return DummySubIds slotIdx=0
08-08 01:27:14.681  1137  1137 D SubscriptionController: getDummySubIds: slotIdx=0 return 1 DummySubIds with each subId=-2
08-08 01:27:14.682  1137  1137 D DCT     : [0]isDataAllowed: not allowed due to - Attached= false - SIM not loaded
08-08 01:27:14.682  1137  1137 D DCT     : [ApnContext:fota] getApnSetting: apnSetting=null
08-08 01:27:14.682  1137  1137 D SubscriptionController: [getPhoneId]- invalid subId return=-1
08-08 01:27:14.685  1137  1137 D PhoneFactory: getPhone:- phoneId != DEFAULT_PHONE_ID return sProxyPhones[phoneId] phoneId=-1 phone=null
08-08 01:27:14.685   710  1218 D SubscriptionManager: [getPhoneId]- fail
08-08 01:27:14.688  1137  1137 D DCT     : [0]cleanUpConnection: X tearDown=false reason=radioTurnedOff apnContext={mApnType=fota mState=IDLE mWaitingApns={null} mWaitingApnsPermanentFailureCountDown=0 mApnSetting={null} mReason=radioTurnedOff mDataEnabled=false mDependencyMet=true} dcac=null
08-08 01:27:14.689  1137  1137 D DCT     : [0]cleanUpConnection: E tearDown=false reason=radioTurnedOff apnContext={mApnType=supl mState=IDLE mWaitingApns={null} mWaitingApnsPermanentFailureCountDown=0 mApnSetting={null} mReason=radioTurnedOff mDataEnabled=false mDependencyMet=true}
08-08 01:27:14.689  1137  1137 D SubscriptionController: [getSubId]- mSlotIdToSubIdMap.size == 0, return DummySubIds slotIdx=0
08-08 01:27:14.689  1137  1137 D SubscriptionController: getDummySubIds: slotIdx=0 return 1 DummySubIds with each subId=-2
08-08 01:27:14.693  1137  1137 D DCT     : [0]isDataAllowed: not allowed due to - Attached= false - SIM not loaded
08-08 01:27:14.693  1137  1137 D DCT     : [ApnContext:supl] getApnSetting: apnSetting=null
08-08 01:27:14.694  1137  1137 D SubscriptionController: [getPhoneId]- invalid subId return=-1
08-08 01:27:14.696  1137  1137 D PhoneFactory: getPhone:- phoneId != DEFAULT_PHONE_ID return sProxyPhones[phoneId] phoneId=-1 phone=null
08-08 01:27:14.696   710  1042 D SubscriptionManager: [getPhoneId]- fail
08-08 01:27:14.700  1137  1137 D DCT     : [0]cleanUpConnection: X tearDown=false reason=radioTurnedOff apnContext={mApnType=supl mState=IDLE mWaitingApns={null} mWaitingApnsPermanentFailureCountDown=0 mApnSetting={null} mReason=radioTurnedOff mDataEnabled=false mDependencyMet=true} dcac=null
08-08 01:27:14.701  1137  1137 D DCT     : [0]cleanUpConnection: E tearDown=false reason=radioTurnedOff apnContext={mApnType=ia mState=IDLE mWaitingApns={null} mWaitingApnsPermanentFailureCountDown=0 mApnSetting={null} mReason=radioTurnedOff mDataEnabled=false mDependencyMet=true}
08-08 01:27:14.701  1137  1137 D SubscriptionController: [getSubId]- mSlotIdToSubIdMap.size == 0, return DummySubIds slotIdx=0
08-08 01:27:14.701  1137  1137 D SubscriptionController: getDummySubIds: slotIdx=0 return 1 DummySubIds with each subId=-2
08-08 01:27:14.703  1137  1137 D DCT     : [0]isDataAllowed: not allowed due to - Attached= false - SIM not loaded
08-08 01:27:14.703  1137  1137 D DCT     : [ApnContext:ia] getApnSetting: apnSetting=null
08-08 01:27:14.703  1137  1137 D SubscriptionController: [getPhoneId]- invalid subId return=-1
08-08 01:27:14.706  1137  1137 D PhoneFactory: getPhone:- phoneId != DEFAULT_PHONE_ID return sProxyPhones[phoneId] phoneId=-1 phone=null
08-08 01:27:14.706   710  1243 D SubscriptionManager: [getPhoneId]- fail
08-08 01:27:14.709  1137  1137 D DCT     : [0]cleanUpConnection: X tearDown=false reason=radioTurnedOff apnContext={mApnType=ia mState=IDLE mWaitingApns={null} mWaitingApnsPermanentFailureCountDown=0 mApnSetting={null} mReason=radioTurnedOff mDataEnabled=false mDependencyMet=true} dcac=null
08-08 01:27:14.709  1137  1137 D DCT     : [0]cleanUpConnection: E tearDown=false reason=radioTurnedOff apnContext={mApnType=dun mState=IDLE mWaitingApns={null} mWaitingApnsPermanentFailureCountDown=0 mApnSetting={null} mReason=radioTurnedOff mDataEnabled=false mDependencyMet=true}
08-08 01:27:14.709  1137  1137 D SubscriptionController: [getSubId]- mSlotIdToSubIdMap.size == 0, return DummySubIds slotIdx=0
08-08 01:27:14.710  1137  1137 D SubscriptionController: getDummySubIds: slotIdx=0 return 1 DummySubIds with each subId=-2
08-08 01:27:14.711  1137  1137 D DCT     : [0]isDataAllowed: not allowed due to - Attached= false - SIM not loaded
08-08 01:27:14.711  1137  1137 D DCT     : [ApnContext:dun] getApnSetting: apnSetting=null
08-08 01:27:14.711  1137  1137 D SubscriptionController: [getPhoneId]- invalid subId return=-1
08-08 01:27:14.714  1137  1137 D PhoneFactory: getPhone:- phoneId != DEFAULT_PHONE_ID return sProxyPhones[phoneId] phoneId=-1 phone=null
08-08 01:27:14.715   710  1134 D SubscriptionManager: [getPhoneId]- fail
08-08 01:27:14.721  1137  1137 D DCT     : [0]cleanUpConnection: X tearDown=false reason=radioTurnedOff apnContext={mApnType=dun mState=IDLE mWaitingApns={null} mWaitingApnsPermanentFailureCountDown=0 mApnSetting={null} mReason=radioTurnedOff mDataEnabled=false mDependencyMet=true} dcac=null
08-08 01:27:14.721  1137  1137 D DCT     : [0]cleanUpConnection: E tearDown=false reason=radioTurnedOff apnContext={mApnType=hipri mState=IDLE mWaitingApns={null} mWaitingApnsPermanentFailureCountDown=0 mApnSetting={null} mReason=radioTurnedOff mDataEnabled=false mDependencyMet=true}
08-08 01:27:14.721  1137  1137 D SubscriptionController: [getSubId]- mSlotIdToSubIdMap.size == 0, return DummySubIds slotIdx=0
08-08 01:27:14.722  1137  1137 D SubscriptionController: getDummySubIds: slotIdx=0 return 1 DummySubIds with each subId=-2
08-08 01:27:14.723  1137  1137 D DCT     : [0]isDataAllowed: not allowed due to - Attached= false - SIM not loaded
08-08 01:27:14.723  1137  1137 D DCT     : [ApnContext:hipri] getApnSetting: apnSetting=null
08-08 01:27:14.723  1137  1137 D SubscriptionController: [getPhoneId]- invalid subId return=-1
08-08 01:27:14.726  1137  1137 D PhoneFactory: getPhone:- phoneId != DEFAULT_PHONE_ID return sProxyPhones[phoneId] phoneId=-1 phone=null
08-08 01:27:14.726   710   726 D SubscriptionManager: [getPhoneId]- fail
08-08 01:27:14.822  1137  1137 D DCT     : [0]cleanUpConnection: X tearDown=false reason=radioTurnedOff apnContext={mApnType=hipri mState=IDLE mWaitingApns={null} mWaitingApnsPermanentFailureCountDown=0 mApnSetting={null} mReason=radioTurnedOff mDataEnabled=false mDependencyMet=true} dcac=null
08-08 01:27:14.822  1137  1137 D DCT     : [0]cleanUpConnection: E tearDown=false reason=radioTurnedOff apnContext={mApnType=ims mState=IDLE mWaitingApns={null} mWaitingApnsPermanentFailureCountDown=0 mApnSetting={null} mReason=radioTurnedOff mDataEnabled=false mDependencyMet=true}
08-08 01:27:14.823  1137  1137 D SubscriptionController: [getSubId]- mSlotIdToSubIdMap.size == 0, return DummySubIds slotIdx=0
08-08 01:27:14.823  1137  1137 D SubscriptionController: getDummySubIds: slotIdx=0 return 1 DummySubIds with each subId=-2
08-08 01:27:14.825  1137  1137 D DCT     : [0]isDataAllowed: not allowed due to - Attached= false - SIM not loaded
08-08 01:27:14.825  1137  1137 D DCT     : [ApnContext:ims] getApnSetting: apnSetting=null
08-08 01:27:14.827  1137  1137 D SubscriptionController: [getPhoneId]- invalid subId return=-1
08-08 01:27:14.830  1137  1137 D PhoneFactory: getPhone:- phoneId != DEFAULT_PHONE_ID return sProxyPhones[phoneId] phoneId=-1 phone=null
08-08 01:27:14.831   710  1269 D SubscriptionManager: [getPhoneId]- fail
08-08 01:27:14.833  1137  1137 D DCT     : [0]cleanUpConnection: X tearDown=false reason=radioTurnedOff apnContext={mApnType=ims mState=IDLE mWaitingApns={null} mWaitingApnsPermanentFailureCountDown=0 mApnSetting={null} mReason=radioTurnedOff mDataEnabled=false mDependencyMet=true} dcac=null
08-08 01:27:14.834  1137  1137 D DCT     : [0]stopNetStatPoll
08-08 01:27:14.834  1137  1137 D SubscriptionController: [getSubId]- mSlotIdToSubIdMap.size == 0, return DummySubIds slotIdx=0
08-08 01:27:14.834  1137  1137 D SubscriptionController: getDummySubIds: slotIdx=0 return 1 DummySubIds with each subId=-2
08-08 01:27:14.834   710  1115 D SubscriptionManager: [getPhoneId]- fail
08-08 01:27:14.835  1137  1137 D DCT     : [0]stopDataStallAlarm: current tag=23086 mDataStallAlarmIntent=null
08-08 01:27:14.835  1137  1137 D DCT     : [0]cleanUpConnection: mDisconnectPendingCount = 0
08-08 01:27:14.835  1137  1137 D SubscriptionController: [getSubId]- mSlotIdToSubIdMap.size == 0, return DummySubIds slotIdx=0
08-08 01:27:14.835  1137  1137 D SubscriptionController: getDummySubIds: slotIdx=0 return 1 DummySubIds with each subId=-2
08-08 01:27:14.837  1137  1137 D DCT     : [0]isDataAllowed: not allowed due to - Attached= false - SIM not loaded
08-08 01:27:14.842  1137  1137 D DCT     : [ApnContext:default] getApnSetting: apnSetting=null
08-08 01:27:14.844  1137  1137 D SubscriptionController: [getPhoneId]- invalid subId return=-1
08-08 01:27:14.848  1137  1137 D PhoneFactory: getPhone:- phoneId != DEFAULT_PHONE_ID return sProxyPhones[phoneId] phoneId=-1 phone=null
08-08 01:27:14.849   710  1218 D SubscriptionManager: [getPhoneId]- fail
08-08 01:27:14.856  1137  1137 D SubscriptionController: [getSubId]- mSlotIdToSubIdMap.size == 0, return DummySubIds slotIdx=0
08-08 01:27:14.856  1137  1137 D SubscriptionController: getDummySubIds: slotIdx=0 return 1 DummySubIds with each subId=-2
08-08 01:27:14.865  1137  1137 D DCT     : [0]isDataAllowed: not allowed due to - Attached= false - SIM not loaded
08-08 01:27:14.865  1137  1137 D DCT     : [ApnContext:mms] getApnSetting: apnSetting=null
08-08 01:27:14.866  1137  1137 D SubscriptionController: [getPhoneId]- invalid subId return=-1
08-08 01:27:14.870  1137  1137 D PhoneFactory: getPhone:- phoneId != DEFAULT_PHONE_ID return sProxyPhones[phoneId] phoneId=-1 phone=null
08-08 01:27:14.870   710  1115 D SubscriptionManager: [getPhoneId]- fail
08-08 01:27:14.873  1137  1137 D SubscriptionController: [getSubId]- mSlotIdToSubIdMap.size == 0, return DummySubIds slotIdx=0
08-08 01:27:14.873  1137  1137 D SubscriptionController: getDummySubIds: slotIdx=0 return 1 DummySubIds with each subId=-2
08-08 01:27:14.875  1137  1137 D DCT     : [0]isDataAllowed: not allowed due to - Attached= false - SIM not loaded
08-08 01:27:14.875  1137  1137 D DCT     : [ApnContext:cbs] getApnSetting: apnSetting=null
08-08 01:27:14.875  1137  1137 D SubscriptionController: [getPhoneId]- invalid subId return=-1
08-08 01:27:14.878  1137  1137 D PhoneFactory: getPhone:- phoneId != DEFAULT_PHONE_ID return sProxyPhones[phoneId] phoneId=-1 phone=null
08-08 01:27:14.879   710   727 D SubscriptionManager: [getPhoneId]- fail
08-08 01:27:14.881  1137  1137 D SubscriptionController: [getSubId]- mSlotIdToSubIdMap.size == 0, return DummySubIds slotIdx=0
08-08 01:27:14.881  1137  1137 D SubscriptionController: getDummySubIds: slotIdx=0 return 1 DummySubIds with each subId=-2
08-08 01:27:14.884  1137  1137 D DCT     : [0]isDataAllowed: not allowed due to - Attached= false - SIM not loaded
08-08 01:27:14.884  1137  1137 D DCT     : [ApnContext:fota] getApnSetting: apnSetting=null
08-08 01:27:14.885  1137  1137 D SubscriptionController: [getPhoneId]- invalid subId return=-1
08-08 01:27:14.888  1137  1137 D PhoneFactory: getPhone:- phoneId != DEFAULT_PHONE_ID return sProxyPhones[phoneId] phoneId=-1 phone=null
08-08 01:27:14.888   710   726 D SubscriptionManager: [getPhoneId]- fail
08-08 01:27:14.891  1137  1137 D SubscriptionController: [getSubId]- mSlotIdToSubIdMap.size == 0, return DummySubIds slotIdx=0
08-08 01:27:14.892  1137  1137 D SubscriptionController: getDummySubIds: slotIdx=0 return 1 DummySubIds with each subId=-2
08-08 01:27:14.894  1137  1137 D DCT     : [0]isDataAllowed: not allowed due to - Attached= false - SIM not loaded
08-08 01:27:14.894  1137  1137 D DCT     : [ApnContext:supl] getApnSetting: apnSetting=null
08-08 01:27:14.895  1137  1137 D SubscriptionController: [getPhoneId]- invalid subId return=-1
08-08 01:27:14.899  1137  1137 D PhoneFactory: getPhone:- phoneId != DEFAULT_PHONE_ID return sProxyPhones[phoneId] phoneId=-1 phone=null
08-08 01:27:14.899   710   727 D SubscriptionManager: [getPhoneId]- fail
08-08 01:27:14.901  1137  1137 D SubscriptionController: [getSubId]- mSlotIdToSubIdMap.size == 0, return DummySubIds slotIdx=0
08-08 01:27:14.902  1137  1137 D SubscriptionController: getDummySubIds: slotIdx=0 return 1 DummySubIds with each subId=-2
08-08 01:27:14.903  1137  1137 D DCT     : [0]isDataAllowed: not allowed due to - Attached= false - SIM not loaded
08-08 01:27:14.903  1137  1137 D DCT     : [ApnContext:ia] getApnSetting: apnSetting=null
08-08 01:27:14.903  1137  1137 D SubscriptionController: [getPhoneId]- invalid subId return=-1
08-08 01:27:14.906  1137  1137 D PhoneFactory: getPhone:- phoneId != DEFAULT_PHONE_ID return sProxyPhones[phoneId] phoneId=-1 phone=null
08-08 01:27:14.906   710  1042 D SubscriptionManager: [getPhoneId]- fail
08-08 01:27:14.908  1137  1137 D SubscriptionController: [getSubId]- mSlotIdToSubIdMap.size == 0, return DummySubIds slotIdx=0
08-08 01:27:14.908  1137  1137 D SubscriptionController: getDummySubIds: slotIdx=0 return 1 DummySubIds with each subId=-2
08-08 01:27:14.910  1137  1137 D DCT     : [0]isDataAllowed: not allowed due to - Attached= false - SIM not loaded
08-08 01:27:14.910  1137  1137 D DCT     : [ApnContext:dun] getApnSetting: apnSetting=null
08-08 01:27:14.910  1137  1137 D SubscriptionController: [getPhoneId]- invalid subId return=-1
08-08 01:27:14.913  1137  1137 D PhoneFactory: getPhone:- phoneId != DEFAULT_PHONE_ID return sProxyPhones[phoneId] phoneId=-1 phone=null
08-08 01:27:14.914   710  1269 D SubscriptionManager: [getPhoneId]- fail
08-08 01:27:14.931  1137  1137 D SubscriptionController: [getSubId]- mSlotIdToSubIdMap.size == 0, return DummySubIds slotIdx=0
08-08 01:27:14.931  1137  1137 D SubscriptionController: getDummySubIds: slotIdx=0 return 1 DummySubIds with each subId=-2
08-08 01:27:14.932  1137  1137 D DCT     : [0]isDataAllowed: not allowed due to - Attached= false - SIM not loaded
08-08 01:27:14.932  1137  1137 D DCT     : [ApnContext:hipri] getApnSetting: apnSetting=null
08-08 01:27:14.933  1137  1137 D SubscriptionController: [getPhoneId]- invalid subId return=-1
08-08 01:27:14.935  1137  1137 D PhoneFactory: getPhone:- phoneId != DEFAULT_PHONE_ID return sProxyPhones[phoneId] phoneId=-1 phone=null
08-08 01:27:14.935   710   726 D SubscriptionManager: [getPhoneId]- fail
08-08 01:27:14.938  1137  1137 D SubscriptionController: [getSubId]- mSlotIdToSubIdMap.size == 0, return DummySubIds slotIdx=0
08-08 01:27:14.938  1137  1137 D SubscriptionController: getDummySubIds: slotIdx=0 return 1 DummySubIds with each subId=-2
08-08 01:27:14.939  1137  1137 D DCT     : [0]isDataAllowed: not allowed due to - Attached= false - SIM not loaded
08-08 01:27:14.939  1137  1137 D DCT     : [ApnContext:ims] getApnSetting: apnSetting=null
08-08 01:27:14.939  1137  1137 D SubscriptionController: [getPhoneId]- invalid subId return=-1
08-08 01:27:14.942  1137  1137 D PhoneFactory: getPhone:- phoneId != DEFAULT_PHONE_ID return sProxyPhones[phoneId] phoneId=-1 phone=null
08-08 01:27:14.942   710   899 D SubscriptionManager: [getPhoneId]- fail
08-08 01:27:14.949  1137  1137 D DCT     : [0]handleMessage msg={ when=-978ms what=270345 obj=android.os.AsyncResult@25f6e37e target=com.android.internal.telephony.dataconnection.DcTracker }
08-08 01:27:14.949  1137  1137 D DCT     : [0]onDataConnectionDetached: stop polling and notify detached
08-08 01:27:14.949  1137  1137 D DCT     : [0]stopNetStatPoll
08-08 01:27:14.949  1137  1137 D SubscriptionController: [getSubId]- mSlotIdToSubIdMap.size == 0, return DummySubIds slotIdx=0
08-08 01:27:14.950  1137  1137 D SubscriptionController: getDummySubIds: slotIdx=0 return 1 DummySubIds with each subId=-2
08-08 01:27:14.950   710  1218 D SubscriptionManager: [getPhoneId]- fail
08-08 01:27:14.950  1137  1137 D DCT     : [0]stopDataStallAlarm: current tag=23087 mDataStallAlarmIntent=null
08-08 01:27:14.951  1137  1137 D DCT     : [0]notifyDataConnection: reason=dataDetached
08-08 01:27:14.951  1137  1137 D SubscriptionController: [getSubId]- mSlotIdToSubIdMap.size == 0, return DummySubIds slotIdx=0
08-08 01:27:14.951  1137  1137 D SubscriptionController: getDummySubIds: slotIdx=0 return 1 DummySubIds with each subId=-2
08-08 01:27:14.952  1137  1137 D DCT     : [0]isDataAllowed: not allowed due to - Attached= false - SIM not loaded
08-08 01:27:14.952  1137  1137 D DCT     : [ApnContext:default] getApnSetting: apnSetting=null
08-08 01:27:14.953  1137  1137 D SubscriptionController: [getPhoneId]- invalid subId return=-1
08-08 01:27:14.955  1137  1137 D PhoneFactory: getPhone:- phoneId != DEFAULT_PHONE_ID return sProxyPhones[phoneId] phoneId=-1 phone=null
08-08 01:27:14.956   710  1134 D SubscriptionManager: [getPhoneId]- fail
08-08 01:27:14.959  1137  1137 D SubscriptionController: [getSubId]- mSlotIdToSubIdMap.size == 0, return DummySubIds slotIdx=0
08-08 01:27:14.959  1137  1137 D SubscriptionController: getDummySubIds: slotIdx=0 return 1 DummySubIds with each subId=-2
08-08 01:27:14.960  1137  1137 D DCT     : [0]isDataAllowed: not allowed due to - Attached= false - SIM not loaded
08-08 01:27:14.960  1137  1137 D DCT     : [ApnContext:mms] getApnSetting: apnSetting=null
08-08 01:27:14.960  1137  1137 D SubscriptionController: [getPhoneId]- invalid subId return=-1
08-08 01:27:14.963  1137  1137 D PhoneFactory: getPhone:- phoneId != DEFAULT_PHONE_ID return sProxyPhones[phoneId] phoneId=-1 phone=null
08-08 01:27:14.963   710   726 D SubscriptionManager: [getPhoneId]- fail
08-08 01:27:14.967  1137  1137 D SubscriptionController: [getSubId]- mSlotIdToSubIdMap.size == 0, return DummySubIds slotIdx=0
08-08 01:27:14.967  1137  1137 D SubscriptionController: getDummySubIds: slotIdx=0 return 1 DummySubIds with each subId=-2
08-08 01:27:14.969  1137  1137 D DCT     : [0]isDataAllowed: not allowed due to - Attached= false - SIM not loaded
08-08 01:27:14.970  1137  1137 D DCT     : [ApnContext:cbs] getApnSetting: apnSetting=null
08-08 01:27:14.970  1137  1137 D SubscriptionController: [getPhoneId]- invalid subId return=-1
08-08 01:27:14.973  1137  1137 D PhoneFactory: getPhone:- phoneId != DEFAULT_PHONE_ID return sProxyPhones[phoneId] phoneId=-1 phone=null
08-08 01:27:14.973   710   899 D SubscriptionManager: [getPhoneId]- fail
08-08 01:27:14.977  1137  1137 D SubscriptionController: [getSubId]- mSlotIdToSubIdMap.size == 0, return DummySubIds slotIdx=0
08-08 01:27:14.977  1137  1137 D SubscriptionController: getDummySubIds: slotIdx=0 return 1 DummySubIds with each subId=-2
08-08 01:27:14.978  1137  1137 D DCT     : [0]isDataAllowed: not allowed due to - Attached= false - SIM not loaded
08-08 01:27:14.978  1137  1137 D DCT     : [ApnContext:fota] getApnSetting: apnSetting=null
08-08 01:27:14.979  1137  1137 D SubscriptionController: [getPhoneId]- invalid subId return=-1
08-08 01:27:14.981  1137  1137 D PhoneFactory: getPhone:- phoneId != DEFAULT_PHONE_ID return sProxyPhones[phoneId] phoneId=-1 phone=null
08-08 01:27:14.982   710  1115 D SubscriptionManager: [getPhoneId]- fail
08-08 01:27:14.985  1137  1137 D SubscriptionController: [getSubId]- mSlotIdToSubIdMap.size == 0, return DummySubIds slotIdx=0
08-08 01:27:14.985  1137  1137 D SubscriptionController: getDummySubIds: slotIdx=0 return 1 DummySubIds with each subId=-2
08-08 01:27:14.986  1137  1137 D DCT     : [0]isDataAllowed: not allowed due to - Attached= false - SIM not loaded
08-08 01:27:14.987  1137  1137 D DCT     : [ApnContext:supl] getApnSetting: apnSetting=null
08-08 01:27:14.987  1137  1137 D SubscriptionController: [getPhoneId]- invalid subId return=-1
08-08 01:27:14.990  1137  1137 D PhoneFactory: getPhone:- phoneId != DEFAULT_PHONE_ID return sProxyPhones[phoneId] phoneId=-1 phone=null
08-08 01:27:14.990   192   663 I RILQ    : (0/192):RIL[0][qmi_cb] qcril_qmi_nas_update_data_rte: completed, new drte 0 with confidence 4
08-08 01:27:14.992   192   663 I RILC    : RIL_SOCKET_1 UNSOLICITED: UNSOL_RESPONSE_VOICE_NETWORK_STATE_CHANGED length:8
08-08 01:27:14.992   192   663 E RILC    : Send Response to RIL_SOCKET_1
08-08 01:27:14.992  1137  1281 D RILJ    : [UNSL]< UNSOL_RESPONSE_VOICE_NETWORK_STATE_CHANGED [SUB0]
08-08 01:27:15.001   710   726 D SubscriptionManager: [getPhoneId]- fail
08-08 01:27:15.003  1137  1137 D SubscriptionController: [getSubId]- mSlotIdToSubIdMap.size == 0, return DummySubIds slotIdx=0
08-08 01:27:15.003  1137  1137 D SubscriptionController: getDummySubIds: slotIdx=0 return 1 DummySubIds with each subId=-2
08-08 01:27:15.004  1137  1137 D DCT     : [0]isDataAllowed: not allowed due to - Attached= false - SIM not loaded
08-08 01:27:15.004  1137  1137 D DCT     : [ApnContext:ia] getApnSetting: apnSetting=null
08-08 01:27:15.005  1137  1137 D SubscriptionController: [getPhoneId]- invalid subId return=-1
08-08 01:27:15.008  1137  1137 D PhoneFactory: getPhone:- phoneId != DEFAULT_PHONE_ID return sProxyPhones[phoneId] phoneId=-1 phone=null
08-08 01:27:15.009   710  1218 D SubscriptionManager: [getPhoneId]- fail
08-08 01:27:15.016  1137  1137 D SubscriptionController: [getSubId]- mSlotIdToSubIdMap.size == 0, return DummySubIds slotIdx=0
08-08 01:27:15.017  1137  1137 D SubscriptionController: getDummySubIds: slotIdx=0 return 1 DummySubIds with each subId=-2
08-08 01:27:15.019  1137  1137 D DCT     : [0]isDataAllowed: not allowed due to - Attached= false - SIM not loaded
08-08 01:27:15.019  1137  1137 D DCT     : [ApnContext:dun] getApnSetting: apnSetting=null
08-08 01:27:15.020  1137  1137 D SubscriptionController: [getPhoneId]- invalid subId return=-1
08-08 01:27:15.022  1137  1137 D PhoneFactory: getPhone:- phoneId != DEFAULT_PHONE_ID return sProxyPhones[phoneId] phoneId=-1 phone=null
08-08 01:27:15.023   710  1269 D SubscriptionManager: [getPhoneId]- fail
08-08 01:27:15.026  1137  1137 D SubscriptionController: [getSubId]- mSlotIdToSubIdMap.size == 0, return DummySubIds slotIdx=0
08-08 01:27:15.026  1137  1137 D SubscriptionController: getDummySubIds: slotIdx=0 return 1 DummySubIds with each subId=-2
08-08 01:27:15.027  1137  1137 D DCT     : [0]isDataAllowed: not allowed due to - Attached= false - SIM not loaded
08-08 01:27:15.028  1137  1137 D DCT     : [ApnContext:hipri] getApnSetting: apnSetting=null
08-08 01:27:15.028  1137  1137 D SubscriptionController: [getPhoneId]- invalid subId return=-1
08-08 01:27:15.030  1137  1137 D PhoneFactory: getPhone:- phoneId != DEFAULT_PHONE_ID return sProxyPhones[phoneId] phoneId=-1 phone=null
08-08 01:27:15.031   710   726 D SubscriptionManager: [getPhoneId]- fail
08-08 01:27:15.033  1137  1137 D SubscriptionController: [getSubId]- mSlotIdToSubIdMap.size == 0, return DummySubIds slotIdx=0
08-08 01:27:15.035  1137  1137 D SubscriptionController: getDummySubIds: slotIdx=0 return 1 DummySubIds with each subId=-2
08-08 01:27:15.036  1137  1137 D DCT     : [0]isDataAllowed: not allowed due to - Attached= false - SIM not loaded
08-08 01:27:15.036  1137  1137 D DCT     : [ApnContext:ims] getApnSetting: apnSetting=null
08-08 01:27:15.036  1137  1137 D SubscriptionController: [getPhoneId]- invalid subId return=-1
08-08 01:27:15.039  1137  1137 D PhoneFactory: getPhone:- phoneId != DEFAULT_PHONE_ID return sProxyPhones[phoneId] phoneId=-1 phone=null
08-08 01:27:15.039   710   727 D SubscriptionManager: [getPhoneId]- fail
08-08 01:27:15.042  1137  1137 D DCT     : [0]handleMessage msg={ when=-1s71ms what=270348 obj=android.os.AsyncResult@14e370df target=com.android.internal.telephony.dataconnection.DcTracker }
08-08 01:27:15.042  1137  1137 D DCT     : [0]onRoamingOff
08-08 01:27:15.042  1137  1137 D SubscriptionController: [getSubId]- mSlotIdToSubIdMap.size == 0, return DummySubIds slotIdx=0
08-08 01:27:15.043  1137  1137 D SubscriptionController: getDummySubIds: slotIdx=0 return 1 DummySubIds with each subId=-2
08-08 01:27:15.044  1137  1137 D DCT     : [0]getDataOnRoamingEnabled: phoneSubId=-2 isDataRoamingEnabled=true
08-08 01:27:15.044  1137  1137 D DCT     : [0]notifyDataConnection: reason=roamingOff
08-08 01:27:15.045  1137  1137 D SubscriptionController: [getSubId]- mSlotIdToSubIdMap.size == 0, return DummySubIds slotIdx=0
08-08 01:27:15.045  1137  1137 D SubscriptionController: getDummySubIds: slotIdx=0 return 1 DummySubIds with each subId=-2
08-08 01:27:15.046  1137  1137 D DCT     : [0]isDataAllowed: not allowed due to - Attached= false - SIM not loaded
08-08 01:27:15.046  1137  1137 D DCT     : [ApnContext:default] getApnSetting: apnSetting=null
08-08 01:27:15.046  1137  1137 D SubscriptionController: [getPhoneId]- invalid subId return=-1
08-08 01:27:15.050  1137  1137 D PhoneFactory: getPhone:- phoneId != DEFAULT_PHONE_ID return sProxyPhones[phoneId] phoneId=-1 phone=null
08-08 01:27:15.051   710  1269 D SubscriptionManager: [getPhoneId]- fail
08-08 01:27:15.053  1137  1137 D SubscriptionController: [getSubId]- mSlotIdToSubIdMap.size == 0, return DummySubIds slotIdx=0
08-08 01:27:15.054  1137  1137 D SubscriptionController: getDummySubIds: slotIdx=0 return 1 DummySubIds with each subId=-2
08-08 01:27:15.055  1137  1137 D DCT     : [0]isDataAllowed: not allowed due to - Attached= false - SIM not loaded
08-08 01:27:15.055  1137  1137 D DCT     : [ApnContext:mms] getApnSetting: apnSetting=null
08-08 01:27:15.055  1137  1137 D SubscriptionController: [getPhoneId]- invalid subId return=-1
08-08 01:27:15.057  1137  1137 D PhoneFactory: getPhone:- phoneId != DEFAULT_PHONE_ID return sProxyPhones[phoneId] phoneId=-1 phone=null
08-08 01:27:15.058   710   726 D SubscriptionManager: [getPhoneId]- fail
08-08 01:27:15.060  1137  1137 D SubscriptionController: [getSubId]- mSlotIdToSubIdMap.size == 0, return DummySubIds slotIdx=0
08-08 01:27:15.060  1137  1137 D SubscriptionController: getDummySubIds: slotIdx=0 return 1 DummySubIds with each subId=-2
08-08 01:27:15.061  1137  1137 D DCT     : [0]isDataAllowed: not allowed due to - Attached= false - SIM not loaded
08-08 01:27:15.061  1137  1137 D DCT     : [ApnContext:cbs] getApnSetting: apnSetting=null
08-08 01:27:15.062  1137  1137 D SubscriptionController: [getPhoneId]- invalid subId return=-1
08-08 01:27:15.064  1137  1137 D PhoneFactory: getPhone:- phoneId != DEFAULT_PHONE_ID return sProxyPhones[phoneId] phoneId=-1 phone=null
08-08 01:27:15.064   710  1243 D SubscriptionManager: [getPhoneId]- fail
08-08 01:27:15.067  1137  1137 D SubscriptionController: [getSubId]- mSlotIdToSubIdMap.size == 0, return DummySubIds slotIdx=0
08-08 01:27:15.067  1137  1137 D SubscriptionController: getDummySubIds: slotIdx=0 return 1 DummySubIds with each subId=-2
08-08 01:27:15.068  1137  1137 D DCT     : [0]isDataAllowed: not allowed due to - Attached= false - SIM not loaded
08-08 01:27:15.068  1137  1137 D DCT     : [ApnContext:fota] getApnSetting: apnSetting=null
08-08 01:27:15.068  1137  1137 D SubscriptionController: [getPhoneId]- invalid subId return=-1
08-08 01:27:15.071  1137  1137 D PhoneFactory: getPhone:- phoneId != DEFAULT_PHONE_ID return sProxyPhones[phoneId] phoneId=-1 phone=null
08-08 01:27:15.071   710   899 D SubscriptionManager: [getPhoneId]- fail
08-08 01:27:15.074  1137  1137 D SubscriptionController: [getSubId]- mSlotIdToSubIdMap.size == 0, return DummySubIds slotIdx=0
08-08 01:27:15.074  1137  1137 D SubscriptionController: getDummySubIds: slotIdx=0 return 1 DummySubIds with each subId=-2
08-08 01:27:15.075  1137  1137 D DCT     : [0]isDataAllowed: not allowed due to - Attached= false - SIM not loaded
08-08 01:27:15.075  1137  1137 D DCT     : [ApnContext:supl] getApnSetting: apnSetting=null
08-08 01:27:15.076  1137  1137 D SubscriptionController: [getPhoneId]- invalid subId return=-1
08-08 01:27:15.078  1137  1137 D PhoneFactory: getPhone:- phoneId != DEFAULT_PHONE_ID return sProxyPhones[phoneId] phoneId=-1 phone=null
08-08 01:27:15.079   710   726 D SubscriptionManager: [getPhoneId]- fail
08-08 01:27:15.081  1137  1137 D SubscriptionController: [getSubId]- mSlotIdToSubIdMap.size == 0, return DummySubIds slotIdx=0
08-08 01:27:15.081  1137  1137 D SubscriptionController: getDummySubIds: slotIdx=0 return 1 DummySubIds with each subId=-2
08-08 01:27:15.083  1137  1137 D DCT     : [0]isDataAllowed: not allowed due to - Attached= false - SIM not loaded
08-08 01:27:15.083  1137  1137 D DCT     : [ApnContext:ia] getApnSetting: apnSetting=null
08-08 01:27:15.083  1137  1137 D SubscriptionController: [getPhoneId]- invalid subId return=-1
08-08 01:27:15.085  1137  1137 D PhoneFactory: getPhone:- phoneId != DEFAULT_PHONE_ID return sProxyPhones[phoneId] phoneId=-1 phone=null
08-08 01:27:15.086   710  1243 D SubscriptionManager: [getPhoneId]- fail
08-08 01:27:15.088  1137  1137 D SubscriptionController: [getSubId]- mSlotIdToSubIdMap.size == 0, return DummySubIds slotIdx=0
08-08 01:27:15.088  1137  1137 D SubscriptionController: getDummySubIds: slotIdx=0 return 1 DummySubIds with each subId=-2
08-08 01:27:15.089  1137  1137 D DCT     : [0]isDataAllowed: not allowed due to - Attached= false - SIM not loaded
08-08 01:27:15.089  1137  1137 D DCT     : [ApnContext:dun] getApnSetting: apnSetting=null
08-08 01:27:15.089  1137  1137 D SubscriptionController: [getPhoneId]- invalid subId return=-1
08-08 01:27:15.092  1137  1137 D PhoneFactory: getPhone:- phoneId != DEFAULT_PHONE_ID return sProxyPhones[phoneId] phoneId=-1 phone=null
08-08 01:27:15.092   710   899 D SubscriptionManager: [getPhoneId]- fail
08-08 01:27:15.094  1137  1137 D SubscriptionController: [getSubId]- mSlotIdToSubIdMap.size == 0, return DummySubIds slotIdx=0
08-08 01:27:15.094  1137  1137 D SubscriptionController: getDummySubIds: slotIdx=0 return 1 DummySubIds with each subId=-2
08-08 01:27:15.096  1137  1137 D DCT     : [0]isDataAllowed: not allowed due to - Attached= false - SIM not loaded
08-08 01:27:15.096  1137  1137 D DCT     : [ApnContext:hipri] getApnSetting: apnSetting=null
08-08 01:27:15.098  1137  1137 D SubscriptionController: [getPhoneId]- invalid subId return=-1
08-08 01:27:15.101  1137  1137 D PhoneFactory: getPhone:- phoneId != DEFAULT_PHONE_ID return sProxyPhones[phoneId] phoneId=-1 phone=null
08-08 01:27:15.101   710  1115 D SubscriptionManager: [getPhoneId]- fail
08-08 01:27:15.104  1137  1137 D SubscriptionController: [getSubId]- mSlotIdToSubIdMap.size == 0, return DummySubIds slotIdx=0
08-08 01:27:15.104  1137  1137 D SubscriptionController: getDummySubIds: slotIdx=0 return 1 DummySubIds with each subId=-2
08-08 01:27:15.105  1137  1137 D DCT     : [0]isDataAllowed: not allowed due to - Attached= false - SIM not loaded
08-08 01:27:15.105  1137  1137 D DCT     : [ApnContext:ims] getApnSetting: apnSetting=null
08-08 01:27:15.106  1137  1137 D SubscriptionController: [getPhoneId]- invalid subId return=-1
08-08 01:27:15.108  1137  1137 D PhoneFactory: getPhone:- phoneId != DEFAULT_PHONE_ID return sProxyPhones[phoneId] phoneId=-1 phone=null
08-08 01:27:15.109   710  1243 D SubscriptionManager: [getPhoneId]- fail
08-08 01:27:15.110  1137  1337 D SubscriptionController: [getActiveSubIdList] simInfoSet=[]
08-08 01:27:15.113  1137  1337 D SubscriptionController: [getActiveSubIdList] X subIdArr.length=0
08-08 01:27:15.114  1137  1137 D DCT     : [0]handleMessage msg={ when=-1s139ms what=270377 obj=android.os.AsyncResult@1cb5312c target=com.android.internal.telephony.dataconnection.DcTracker }
08-08 01:27:15.115  1137  1137 D DCT     : [0]setupDataOnConnectableApns: nwTypeChanged
08-08 01:27:15.115  1137  1137 D DCT     : [0]setupDataOnConnectableApns: apnContext {mApnType=hipri mState=IDLE mWaitingApns={null} mWaitingApnsPermanentFailureCountDown=0 mApnSetting={null} mReason=radioTurnedOff mDataEnabled=false mDependencyMet=true}
08-08 01:27:15.116  1137  1137 D DCT     : [0]setupDataOnConnectableApns: apnContext {mApnType=mms mState=IDLE mWaitingApns={null} mWaitingApnsPermanentFailureCountDown=0 mApnSetting={null} mReason=radioTurnedOff mDataEnabled=false mDependencyMet=true}
08-08 01:27:15.117  1137  1137 D DCT     : [0]setupDataOnConnectableApns: apnContext {mApnType=supl mState=IDLE mWaitingApns={null} mWaitingApnsPermanentFailureCountDown=0 mApnSetting={null} mReason=radioTurnedOff mDataEnabled=false mDependencyMet=true}
08-08 01:27:15.117  1137  1137 D DCT     : [0]setupDataOnConnectableApns: apnContext {mApnType=cbs mState=IDLE mWaitingApns={null} mWaitingApnsPermanentFailureCountDown=0 mApnSetting={null} mReason=radioTurnedOff mDataEnabled=false mDependencyMet=true}
08-08 01:27:15.118  1137  1137 D DCT     : [0]setupDataOnConnectableApns: apnContext {mApnType=dun mState=IDLE mWaitingApns={null} mWaitingApnsPermanentFailureCountDown=0 mApnSetting={null} mReason=radioTurnedOff mDataEnabled=false mDependencyMet=true}
08-08 01:27:15.118  1137  1137 D DCT     : [0]setupDataOnConnectableApns: apnContext {mApnType=fota mState=IDLE mWaitingApns={null} mWaitingApnsPermanentFailureCountDown=0 mApnSetting={null} mReason=radioTurnedOff mDataEnabled=false mDependencyMet=true}
08-08 01:27:15.119  1137  1137 D DCT     : [0]setupDataOnConnectableApns: apnContext {mApnType=ims mState=IDLE mWaitingApns={null} mWaitingApnsPermanentFailureCountDown=0 mApnSetting={null} mReason=radioTurnedOff mDataEnabled=false mDependencyMet=true}
08-08 01:27:15.119  1137  1137 D DCT     : [0]setupDataOnConnectableApns: apnContext {mApnType=default mState=IDLE mWaitingApns={null} mWaitingApnsPermanentFailureCountDown=0 mApnSetting={null} mReason=radioTurnedOff mDataEnabled=false mDependencyMet=true}
08-08 01:27:15.120  1137  1137 D DCT     : [0]setupDataOnConnectableApns: apnContext {mApnType=ia mState=IDLE mWaitingApns={null} mWaitingApnsPermanentFailureCountDown=0 mApnSetting={null} mReason=radioTurnedOff mDataEnabled=false mDependencyMet=true}
08-08 01:27:15.121  1137  1137 D RILJ    : [3657]> BASEBAND_VERSION [SUB0]
08-08 01:27:15.123  1137  1137 D RILJ    : [3658]> GET_IMEI [SUB0]
08-08 01:27:15.125  1137  1137 D RILJ    : [3659]> GET_IMEISV [SUB0]
08-08 01:27:15.126   192  1397 D RILC    : RequestComplete, RIL_SOCKET_1
08-08 01:27:15.126   192  1397 E RILC    : Send Response to RIL_SOCKET_1
08-08 01:27:15.127  1137  1281 D RILJ    : [3657]< BASEBAND_VERSION M8974A-2.0.50.2.26 [SUB0]
08-08 01:27:15.127  1137  1137 D RILJ    : [3660]> RIL_REQUEST_GET_RADIO_CAPABILITY [SUB0]
08-08 01:27:15.128   192   254 D RILC    : RequestComplete, RIL_SOCKET_1
08-08 01:27:15.128   192   254 E RILC    : Send Response to RIL_SOCKET_1
08-08 01:27:15.129  1137  1137 D SubscriptionController: [getSubId]- mSlotIdToSubIdMap.size == 0, return DummySubIds slotIdx=0
08-08 01:27:15.129  1137  1137 D SubscriptionController: getDummySubIds: slotIdx=0 return 1 DummySubIds with each subId=-2
08-08 01:27:15.129  1137  1137 D GsmSMSDispatcher: GsmSMSDispatcher: subId = -2 slotId = 0
08-08 01:27:15.129  1137  1281 D RilRequest: [3660]< RIL_REQUEST_GET_RADIO_CAPABILITY error: com.android.internal.telephony.CommandException: GENERIC_FAILURE ret=
08-08 01:27:15.129  1137  1137 E IccCardProxy: setExternalState: !override and newstate unchanged from NOT_READY
08-08 01:27:15.129  1137  1137 E IccCardProxy: setExternalState: !override and newstate unchanged from NOT_READY
08-08 01:27:15.130  1137  1137 D DctController: EVENT_PHONE1_DATA_DETACH.
08-08 01:27:15.130  1137  1137 D DcSwitchAsyncChannel: [DcSwitchAsyncChannel-0]: EVENT_DATA_DETACHED
08-08 01:27:15.130  1137  1333 D DcSwitchSM: [DcSwitchStateMachine-0] DefaultState: shouldn't happen but ignore msg.what=0x4400b
08-08 01:27:15.131  1137  1137 D SubscriptionController: [getSubId]- mSlotIdToSubIdMap.size == 0, return DummySubIds slotIdx=0
08-08 01:27:15.132  1137  1137 D SubscriptionController: getDummySubIds: slotIdx=0 return 1 DummySubIds with each subId=-2
08-08 01:27:15.132   192  1399 D RILC    : RequestComplete, RIL_SOCKET_1
08-08 01:27:15.132   192  1399 E RILC    : Send Response to RIL_SOCKET_1
08-08 01:27:15.132  1137  1137 D DctController: [TNF -2]got request NetworkRequest [ id=1, legacyType=-1, [ Capabilities: INTERNET&NOT_RESTRICTED&TRUSTED&NOT_VPN] ] with score 0
08-08 01:27:15.132  1137  1281 D RILJ    : [3659]< GET_IMEISV  [SUB0]
08-08 01:27:15.133  1137  1137 D SubscriptionController: [getSubId]- mSlotIdToSubIdMap.size == 0, return DummySubIds slotIdx=0
08-08 01:27:15.133  1137  1137 D SubscriptionController: getDummySubIds: slotIdx=0 return 1 DummySubIds with each subId=-2
08-08 01:27:15.133  1137  1137 D DctController: [TNF -2]Cellular needs Network for NetworkRequest [ id=1, legacyType=-1, [ Capabilities: INTERNET&NOT_RESTRICTED&TRUSTED&NOT_VPN] ]
08-08 01:27:15.133  1137  1137 D SubscriptionController: [getSubId]- mSlotIdToSubIdMap.size == 0, return DummySubIds slotIdx=0
08-08 01:27:15.134  1137  1137 D SubscriptionController: getDummySubIds: slotIdx=0 return 1 DummySubIds with each subId=-2
08-08 01:27:15.134  1137  1137 D SubscriptionController: [getSubId]- mSlotIdToSubIdMap.size == 0, return DummySubIds slotIdx=0
08-08 01:27:15.134  1137  1137 D SubscriptionController: getDummySubIds: slotIdx=0 return 1 DummySubIds with each subId=-2
08-08 01:27:15.134  1137  1137 D DctController: [TNF -2]Sub Info has not been ready, pending request.
08-08 01:27:15.135  1137  1137 V WAP PUSH: wappush manager connected to 876269936
08-08 01:27:15.135  1137  1137 V WAP PUSH: wappush manager connected to 405167453
08-08 01:27:15.135  1137  1137 D SubscriptionInfoUpdater: [Receiver]+
08-08 01:27:15.135  1137  1137 D SubscriptionInfoUpdater: Action: android.intent.action.SIM_STATE_CHANGED
08-08 01:27:15.135  1137  1137 D SubscriptionInfoUpdater: slotId: 0
08-08 01:27:15.136  1137  1137 D SubscriptionInfoUpdater: simStatus: NOT_READY
08-08 01:27:15.136  1137  1137 D SubscriptionInfoUpdater: Ignoring simStatus: NOT_READY
08-08 01:27:15.136  1137  1137 D SubscriptionInfoUpdater: [Receiver]-
08-08 01:27:15.136  1137  1137 D DebugService: DebugService DebugService:
08-08 01:27:15.141   192  1398 D RILC    : RequestComplete, RIL_SOCKET_1
08-08 01:27:15.141   192  1398 E RILC    : Send Response to RIL_SOCKET_1
08-08 01:27:15.142  1137  1281 D RILJ    : [3658]< GET_IMEI  [SUB0]
08-08 01:27:15.142  1137  1137 D SipService: SipService: started!
08-08 01:27:15.155  1137  1137 D SipService: start:
08-08 01:27:15.155  1137  1137 D RILJ    : [3661]> RIL_REQUEST_QUERY_TTY_MODE [SUB0]
08-08 01:27:15.158  1137  1137 D DCT     : [0]handleMessage msg={ when=-571ms what=270369 obj=android.os.AsyncResult@5b83bfb target=com.android.internal.telephony.dataconnection.DcTracker }
08-08 01:27:15.158  1137  1137 D SubscriptionController: [getSubId]- mSlotIdToSubIdMap.size == 0, return DummySubIds slotIdx=0
08-08 01:27:15.158  1137  1137 D SubscriptionController: getDummySubIds: slotIdx=0 return 1 DummySubIds with each subId=-2
08-08 01:27:15.158  1137  1137 D GsmSMSDispatcher: GsmSMSDispatcher: subId = -2 slotId = 0
08-08 01:27:15.158  1137  1137 E IccCardProxy: setExternalState: !override and newstate unchanged from NOT_READY
08-08 01:27:15.159  1137  1137 D GsmSST  : [GsmSST] mDeviceShuttingDown = false
08-08 01:27:15.159  1137  1137 D GsmSST  : [GsmSST] mDesiredPowerState = true
08-08 01:27:15.159  1137  1137 D GsmSST  : [GsmSST] getRadioState = RADIO_ON
08-08 01:27:15.159  1137  1137 D GsmSST  : [GsmSST] mPowerOffDelayNeed = true
08-08 01:27:15.159  1137  1137 D GsmSST  : [GsmSST] mAlarmSwitch = false
08-08 01:27:15.160  1137  1137 D RILJ    : [3662]> OPERATOR [SUB0]
08-08 01:27:15.161  1137  1137 D RILJ    : [3663]> DATA_REGISTRATION_STATE [SUB0]
08-08 01:27:15.162   192  1404 D RILC    : RequestComplete, RIL_SOCKET_1
08-08 01:27:15.162   192  1404 E RILC    : Send Response to RIL_SOCKET_1
08-08 01:27:15.163  1137  1281 D RILJ    : [3662]< OPERATOR {null, null, null} [SUB0]
08-08 01:27:15.163  1137  1137 D RILJ    : [3664]> VOICE_REGISTRATION_STATE [SUB0]
08-08 01:27:15.165   192  1405 D RILC    : RequestComplete, RIL_SOCKET_1
08-08 01:27:15.165   192  1405 E RILC    : Send Response to RIL_SOCKET_1
08-08 01:27:15.165  1137  1137 D RILJ    : [3665]> QUERY_NETWORK_SELECTION_MODE [SUB0]
08-08 01:27:15.166  1137  1281 D RILJ    : [3663]< DATA_REGISTRATION_STATE {0, null, null, null, 0, 20, null, 41, 4912751, null, null} [SUB0]
08-08 01:27:15.167  1137  1137 D UiccController: Received EVENT_ICC_STATUS_CHANGED, calling getIccCardStatus
08-08 01:27:15.167   192  1407 D RILC    : RequestComplete, RIL_SOCKET_1
08-08 01:27:15.167   192  1407 E RILC    : Send Response to RIL_SOCKET_1
08-08 01:27:15.167  1137  1137 D RILJ    : [3666]> GET_SIM_STATUS [SUB0]
08-08 01:27:15.167  1137  1281 D RILJ    : [3665]< QUERY_NETWORK_SELECTION_MODE {0} [SUB0]
08-08 01:27:15.169  1137  1137 D RILJ    : [3667]> GET_CURRENT_CALLS [SUB0]
08-08 01:27:15.170  1137  1137 D RILJ    : [3668]> RIL_REQUEST_VOICE_RADIO_TECH [SUB0]
08-08 01:27:15.172   192   254 D RILC    : RequestComplete, RIL_SOCKET_1
08-08 01:27:15.172   192   254 E RILC    : Send Response to RIL_SOCKET_1
08-08 01:27:15.172   192   254 I RILQ    : (0/192):RIL[0][main] qcril_qmi_get_call_list_to_send: RILVI: calls rep: reported/skipped 0/0 calls
08-08 01:27:15.172   192   254 D RILC    : RequestComplete, RIL_SOCKET_1
08-08 01:27:15.172   192   254 E RILC    : Send Response to RIL_SOCKET_1
08-08 01:27:15.172  1137  1137 D RILJ    : [3669]> RIL_REQUEST_IMS_REGISTRATION_STATE [SUB0]
08-08 01:27:15.172   192  1403 D RILC    : RequestComplete, RIL_SOCKET_1
08-08 01:27:15.172   192  1403 E RILC    : Send Response to RIL_SOCKET_1
08-08 01:27:15.174  1137  1137 D RILJ    : [3670]> RIL_REQUEST_CDMA_GET_SUBSCRIPTION_SOURCE [SUB0]
08-08 01:27:15.174  1137  1281 D RILJ    : [3666]< GET_SIM_STATUS IccCardState {CARDSTATE_PRESENT,PINSTATE_ENABLED_NOT_VERIFIED,num_apps=1,gsm_id=0{APPTYPE_USIM,APPSTATE_READY,pin1=PINSTATE_DISABLED,pin2=PINSTATE_ENABLED_NOT_VERIFIED},cdma_id=-1,ims_id=-1} [SUB0]
08-08 01:27:15.175  1137  1137 D DCT     : [0]SubscriptionListener.onSubscriptionInfoChanged
08-08 01:27:15.175  1137  1137 D SubscriptionController: [getSubId]- mSlotIdToSubIdMap.size == 0, return DummySubIds slotIdx=0
08-08 01:27:15.175  1137  1137 D SubscriptionController: getDummySubIds: slotIdx=0 return 1 DummySubIds with each subId=-2
08-08 01:27:15.175  1137  1281 D RILJ    : [3667]< GET_CURRENT_CALLS   [SUB0]
08-08 01:27:15.175  1137  1137 D GsmSST  : [GsmSST] SubscriptionListener.onSubscriptionInfoChanged
08-08 01:27:15.176  1137  1137 D SubscriptionController: [getSubId]- mSlotIdToSubIdMap.size == 0, return DummySubIds slotIdx=0
08-08 01:27:15.176  1137  1137 D SubscriptionController: getDummySubIds: slotIdx=0 return 1 DummySubIds with each subId=-2
08-08 01:27:15.176  1137  1137 D DctController: onSubInfoReady mPhoneNum=1
08-08 01:27:15.176  1137  1281 D RILJ    : [3661]< RIL_REQUEST_QUERY_TTY_MODE {0} [SUB0]
08-08 01:27:15.176  1137  1137 D SubscriptionController: [getSubId]- mSlotIdToSubIdMap.size == 0, return DummySubIds slotIdx=0
08-08 01:27:15.176  1137  1137 D SubscriptionController: getDummySubIds: slotIdx=0 return 1 DummySubIds with each subId=-2
08-08 01:27:15.176  1137  1137 D DctController: onSubInfoReady handle pending requests subId=-2
08-08 01:27:15.177  1137  1137 D SubscriptionController: [getSubId]- mSlotIdToSubIdMap.size == 0, return DummySubIds slotIdx=0
08-08 01:27:15.177  1137  1137 D SubscriptionController: getDummySubIds: slotIdx=0 return 1 DummySubIds with each subId=-2
08-08 01:27:15.177  1137  1137 D DctController: [TNF -2]evalPendingRequest, pending request size is 1
08-08 01:27:15.178  1137  1137 D SubscriptionController: [getSubId]- mSlotIdToSubIdMap.size == 0, return DummySubIds slotIdx=0
08-08 01:27:15.178  1137  1137 D SubscriptionController: getDummySubIds: slotIdx=0 return 1 DummySubIds with each subId=-2
08-08 01:27:15.178  1137  1137 D DctController: [TNF -2]evalPendingRequest: request = NetworkRequest [ id=1, legacyType=-1, [ Capabilities: INTERNET&NOT_RESTRICTED&TRUSTED&NOT_VPN] ]
08-08 01:27:15.178   192  1406 I RILQ    : (0/192):RIL[0][cmd-20(88)] qcril_qmi_nas_update_data_rte: completed, new drte 0 with confidence 4
08-08 01:27:15.179  1137  1137 D SubscriptionController: [getSubId]- mSlotIdToSubIdMap.size == 0, return DummySubIds slotIdx=0
08-08 01:27:15.179  1137  1137 D SubscriptionController: getDummySubIds: slotIdx=0 return 1 DummySubIds with each subId=-2
08-08 01:27:15.179  1137  1137 D DctController: [TNF -2]Cellular needs Network for NetworkRequest [ id=1, legacyType=-1, [ Capabilities: INTERNET&NOT_RESTRICTED&TRUSTED&NOT_VPN] ]
08-08 01:27:15.179  1137  1137 D SubscriptionController: [getSubId]- mSlotIdToSubIdMap.size == 0, return DummySubIds slotIdx=0
08-08 01:27:15.179   192  1406 D RILC    : RequestComplete, RIL_SOCKET_1
08-08 01:27:15.179   192  1406 E RILC    : Send Response to RIL_SOCKET_1
08-08 01:27:15.179  1137  1137 D SubscriptionController: getDummySubIds: slotIdx=0 return 1 DummySubIds with each subId=-2
08-08 01:27:15.180  1137  1137 D SubscriptionController: [getSubId]- mSlotIdToSubIdMap.size == 0, return DummySubIds slotIdx=0
08-08 01:27:15.180  1137  1137 D SubscriptionController: getDummySubIds: slotIdx=0 return 1 DummySubIds with each subId=-2
08-08 01:27:15.180  1137  1137 D DctController: [TNF -2]Sub Info has not been ready, pending request.
08-08 01:27:15.180  1137  1137 D DctController: processRequests
08-08 01:27:15.180  1137  1281 D RILJ    : [3664]< VOICE_REGISTRATION_STATE {2, null, null, 0, null, null, null, 0, null, null, null, null, null, 0, null} [SUB0]
08-08 01:27:15.181  1137  1137 D SubscriptionController: [getActiveSubInfoList]+
08-08 01:27:15.183   192  1408 D RILC    : RequestComplete, RIL_SOCKET_1
08-08 01:27:15.183   192  1408 E RILC    : Send Response to RIL_SOCKET_1
08-08 01:27:15.183  1137  1281 D RILJ    : [3668]< RIL_REQUEST_VOICE_RADIO_TECH {3} [SUB0]
08-08 01:27:15.183  1137  1137 D SubscriptionController: [getActiveSubInfoList] Sub Controller not ready
08-08 01:27:15.184   192   663 D RILC    : RequestComplete, RIL_SOCKET_1
08-08 01:27:15.184   192   663 E RILC    : Send Response to RIL_SOCKET_1
08-08 01:27:15.184   192  1410 D RILC    : RequestComplete, RIL_SOCKET_1
08-08 01:27:15.184   192  1410 E RILC    : Send Response to RIL_SOCKET_1
08-08 01:27:15.184  1137  1281 D RilRequest: [3669]< RIL_REQUEST_IMS_REGISTRATION_STATE error: com.android.internal.telephony.CommandException: GENERIC_FAILURE ret=
