08-09 10:44:56.028  1158  1195 D SubscriptionController: selection:sim_id>=0 null
08-09 10:44:56.042  1158  1195 D TelephonyManager: getTelephonyProperty: return propVal='cn' phoneId=0 property='gsm.sim.operator.iso-country' defaultVal='' prop=cn
08-09 10:44:56.042  1158  1195 D SubscriptionController: [getSubInfoRecord] id:1 iccid:89860115921101579076 simSlotIndex:0 displayName:CARD 1 nameSource:0 iconTint:-16746133 dataRoaming:0 mcc:460 mnc:1 countIso:cn
08-09 10:44:56.044  1158  1195 D PhoneFactory: getPhone:- phoneId != DEFAULT_PHONE_ID return sProxyPhones[phoneId] phoneId=0 phone=Handler (com.android.internal.telephony.PhoneProxy) {249d39f}
08-09 10:44:56.046  1158  1195 D SubscriptionController: [getActiveSubInfoList]- 1 infos return
08-09 10:44:56.058  1158  1361 D SubscriptionController: [getActiveSubInfoList]+
08-09 10:44:56.060  1158  1361 D SubscriptionController: selection:sim_id>=0 null
08-09 10:44:56.071  1158  1361 D TelephonyManager: getTelephonyProperty: return propVal='cn' phoneId=0 property='gsm.sim.operator.iso-country' defaultVal='' prop=cn
08-09 10:44:56.071  1158  1361 D SubscriptionController: [getSubInfoRecord] id:1 iccid:89860115921101579076 simSlotIndex:0 displayName:CARD 1 nameSource:0 iconTint:-16746133 dataRoaming:0 mcc:460 mnc:1 countIso:cn
08-09 10:44:56.073  1158  1361 D PhoneFactory: getPhone:- phoneId != DEFAULT_PHONE_ID return sProxyPhones[phoneId] phoneId=0 phone=Handler (com.android.internal.telephony.PhoneProxy) {249d39f}
08-09 10:44:56.076  1158  1361 D SubscriptionController: [getActiveSubInfoList]- 1 infos return
08-09 10:44:56.086  1158  1202 D SubscriptionController: [getActiveSubInfoList]+
08-09 10:44:56.088  1158  1202 D SubscriptionController: selection:sim_id>=0 null
08-09 10:44:56.099  1158  1202 D TelephonyManager: getTelephonyProperty: return propVal='cn' phoneId=0 property='gsm.sim.operator.iso-country' defaultVal='' prop=cn
08-09 10:44:56.099  1158  1202 D SubscriptionController: [getSubInfoRecord] id:1 iccid:89860115921101579076 simSlotIndex:0 displayName:CARD 1 nameSource:0 iconTint:-16746133 dataRoaming:0 mcc:460 mnc:1 countIso:cn
08-09 10:44:56.100  1158  1202 D PhoneFactory: getPhone:- phoneId != DEFAULT_PHONE_ID return sProxyPhones[phoneId] phoneId=0 phone=Handler (com.android.internal.telephony.PhoneProxy) {249d39f}
08-09 10:44:56.104  1158  1202 D SubscriptionController: [getActiveSubInfoList]- 1 infos return
08-09 10:44:56.112  1158  1467 D SubscriptionController: [getActiveSubInfoList]+
08-09 10:44:56.125  1158  1467 D SubscriptionController: selection:sim_id>=0 null
08-09 10:44:56.140  1158  1467 D TelephonyManager: getTelephonyProperty: return propVal='cn' phoneId=0 property='gsm.sim.operator.iso-country' defaultVal='' prop=cn
08-09 10:44:56.141  1158  1467 D SubscriptionController: [getSubInfoRecord] id:1 iccid:89860115921101579076 simSlotIndex:0 displayName:CARD 1 nameSource:0 iconTint:-16746133 dataRoaming:0 mcc:460 mnc:1 countIso:cn
08-09 10:44:56.142  1158  1467 D PhoneFactory: getPhone:- phoneId != DEFAULT_PHONE_ID return sProxyPhones[phoneId] phoneId=0 phone=Handler (com.android.internal.telephony.PhoneProxy) {249d39f}
08-09 10:44:56.146  1158  1467 D SubscriptionController: [getActiveSubInfoList]- 1 infos return
08-09 10:44:56.159  1158  1361 D PhoneFactory: getPhone:- phoneId != DEFAULT_PHONE_ID return sProxyPhones[phoneId] phoneId=0 phone=Handler (com.android.internal.telephony.PhoneProxy) {249d39f}
08-09 10:44:56.159  1158  1361 D SubscriptionController: getSimStateForSubscriber:  simState=READY ordinal=5
08-09 10:44:56.160   867   867 D SubscriptionManager: getSimStateForSubscriber: simState=5 subId=1
08-09 10:44:56.160   867   867 D TelephonyManager: getSimState: simState=5 slotIdx=0
08-09 10:44:56.230  1158  1202 D SubscriptionController: [getActiveSubInfoList]+
08-09 10:44:56.234  1158  1202 D SubscriptionController: selection:sim_id>=0 null
08-09 10:44:56.253  1158  1202 D TelephonyManager: getTelephonyProperty: return propVal='cn' phoneId=0 property='gsm.sim.operator.iso-country' defaultVal='' prop=cn
08-09 10:44:56.254  1158  1202 D SubscriptionController: [getSubInfoRecord] id:1 iccid:89860115921101579076 simSlotIndex:0 displayName:CARD 1 nameSource:0 iconTint:-16746133 dataRoaming:0 mcc:460 mnc:1 countIso:cn
08-09 10:44:56.255  1158  1202 D PhoneFactory: getPhone:- phoneId != DEFAULT_PHONE_ID return sProxyPhones[phoneId] phoneId=0 phone=Handler (com.android.internal.telephony.PhoneProxy) {249d39f}
08-09 10:44:56.260  1158  1202 D SubscriptionController: [getActiveSubInfoList]- 1 infos return
08-09 10:44:56.272  1158  1467 D SubscriptionController: [getActiveSubInfoList]+
08-09 10:44:56.274  1158  1467 D SubscriptionController: selection:sim_id>=0 null
08-09 10:44:56.285  1158  1467 D TelephonyManager: getTelephonyProperty: return propVal='cn' phoneId=0 property='gsm.sim.operator.iso-country' defaultVal='' prop=cn
08-09 10:44:56.285  1158  1467 D SubscriptionController: [getSubInfoRecord] id:1 iccid:89860115921101579076 simSlotIndex:0 displayName:CARD 1 nameSource:0 iconTint:-16746133 dataRoaming:0 mcc:460 mnc:1 countIso:cn
08-09 10:44:56.287  1158  1467 D PhoneFactory: getPhone:- phoneId != DEFAULT_PHONE_ID return sProxyPhones[phoneId] phoneId=0 phone=Handler (com.android.internal.telephony.PhoneProxy) {249d39f}
08-09 10:44:56.290  1158  1467 D SubscriptionController: [getActiveSubInfoList]- 1 infos return
08-09 10:44:56.300  1158  1361 D PhoneFactory: getPhone:- phoneId != DEFAULT_PHONE_ID return sProxyPhones[phoneId] phoneId=0 phone=Handler (com.android.internal.telephony.PhoneProxy) {249d39f}
08-09 10:44:56.300  1158  1361 D SubscriptionController: getSimStateForSubscriber:  simState=READY ordinal=5
08-09 10:44:56.301   867   867 D SubscriptionManager: getSimStateForSubscriber: simState=5 subId=1
08-09 10:44:56.301   867   867 D TelephonyManager: getSimState: simState=5 slotIdx=0
08-09 10:44:56.395  1158  1467 D DCT     : [0]hasMatchedTetherApnSetting: APN=null
08-09 10:44:56.426   191   280 I RILC    : RIL_SOCKET_1 UNSOLICITED: UNSOL_STK_PROACTIVE_COMMAND length:676
08-09 10:44:56.426   191   280 E RILC    : Send Response to RIL_SOCKET_1
08-09 10:44:56.426  1158  1299 D RILJ    : [UNSL]< UNSOL_STK_PROACTIVE_COMMAND [SUB0]
08-09 10:44:56.427  1158  1158 D CAT     : CatService: handleMessage[2]
08-09 10:44:56.427  1158  1158 D CAT     : CatService: ril message arrived,slotid:0
08-09 10:44:56.430  1158  1439 D CAT     : CommandParamsFactory: process SelectItem
08-09 10:44:56.438  1158  1158 D CAT     : CatService: handleMessage[10]
08-09 10:44:56.439  1158  1158 D CAT     : CatService: SET_UP_MENU
08-09 10:44:56.440  1158  1158 D CAT     : CatService: encodeOptionalTags() Unsupported Cmd details=CmdDetails: compRequired=true commandNumber=1 typeOfCommand=37 commandQualifier=0
08-09 10:44:56.440  1158  1158 D RILJ    : [3746]> REQUEST_STK_SEND_TERMINAL_RESPONSE [SUB0]
08-09 10:44:56.442  1158  1158 D CAT     : CatService: Sending CmdMsg: com.android.internal.telephony.cat.CatCmdMessage@56861dc on slotid:0
08-09 10:44:56.452   191   271 D RILC    : RequestComplete, RIL_SOCKET_1
08-09 10:44:56.452   191   271 E RILC    : Send Response to RIL_SOCKET_1
08-09 10:44:56.452   191   280 I RILC    : RIL_SOCKET_1 UNSOLICITED: UNSOL_STK_SESSION_END length:8
08-09 10:44:56.452   191   280 E RILC    : Send Response to RIL_SOCKET_1
08-09 10:44:56.452  1158  1299 D RILJ    : [3746]< REQUEST_STK_SEND_TERMINAL_RESPONSE  [SUB0]
08-09 10:44:56.454  1158  1299 D RILJ    : [UNSL]< UNSOL_STK_SESSION_END [SUB0]
08-09 10:44:56.454  1158  1202 D SubscriptionController: [getActiveSubInfoList]+
08-09 10:44:56.454  1158  1158 D CAT     : CatService: handleMessage[1]
08-09 10:44:56.454  1158  1158 D CAT     : CatService: ril message arrived,slotid:0
08-09 10:44:56.455  1158  1158 D CAT     : CatService: handleMessage[10]
08-09 10:44:56.455  1158  1158 D CAT     : CatService: SESSION END on 0
08-09 10:44:56.456  1158  1202 D SubscriptionController: selection:sim_id>=0 null
08-09 10:44:56.468  1158  1202 D TelephonyManager: getTelephonyProperty: return propVal='cn' phoneId=0 property='gsm.sim.operator.iso-country' defaultVal='' prop=cn
08-09 10:44:56.469  1158  1202 D SubscriptionController: [getSubInfoRecord] id:1 iccid:89860115921101579076 simSlotIndex:0 displayName:CARD 1 nameSource:0 iconTint:-16746133 dataRoaming:0 mcc:460 mnc:1 countIso:cn
08-09 10:44:56.470  1158  1202 D PhoneFactory: getPhone:- phoneId != DEFAULT_PHONE_ID return sProxyPhones[phoneId] phoneId=0 phone=Handler (com.android.internal.telephony.PhoneProxy) {249d39f}
08-09 10:44:56.474  1158  1202 D SubscriptionController: [getActiveSubInfoList]- 1 infos return
08-09 10:44:56.491  1158  1195 D SubscriptionController: [getActiveSubInfoList]+
08-09 10:44:56.493  1158  1195 D SubscriptionController: selection:sim_id>=0 null
08-09 10:44:56.503  1158  1195 D TelephonyManager: getTelephonyProperty: return propVal='cn' phoneId=0 property='gsm.sim.operator.iso-country' defaultVal='' prop=cn
08-09 10:44:56.504  1158  1195 D SubscriptionController: [getSubInfoRecord] id:1 iccid:89860115921101579076 simSlotIndex:0 displayName:CARD 1 nameSource:0 iconTint:-16746133 dataRoaming:0 mcc:460 mnc:1 countIso:cn
08-09 10:44:56.505  1158  1195 D PhoneFactory: getPhone:- phoneId != DEFAULT_PHONE_ID return sProxyPhones[phoneId] phoneId=0 phone=Handler (com.android.internal.telephony.PhoneProxy) {249d39f}
08-09 10:44:56.508  1158  1195 D SubscriptionController: [getActiveSubInfoList]- 1 infos return
08-09 10:44:56.518  1158  1361 D SubscriptionController: [getActiveSubInfoList]+
08-09 10:44:56.521  1158  1361 D SubscriptionController: selection:sim_id>=0 null
08-09 10:44:56.539  1158  1361 D TelephonyManager: getTelephonyProperty: return propVal='cn' phoneId=0 property='gsm.sim.operator.iso-country' defaultVal='' prop=cn
08-09 10:44:56.540  1158  1361 D SubscriptionController: [getSubInfoRecord] id:1 iccid:89860115921101579076 simSlotIndex:0 displayName:CARD 1 nameSource:0 iconTint:-16746133 dataRoaming:0 mcc:460 mnc:1 countIso:cn
08-09 10:44:56.541  1158  1361 D PhoneFactory: getPhone:- phoneId != DEFAULT_PHONE_ID return sProxyPhones[phoneId] phoneId=0 phone=Handler (com.android.internal.telephony.PhoneProxy) {249d39f}
08-09 10:44:56.545  1158  1361 D SubscriptionController: [getActiveSubInfoList]- 1 infos return
08-09 10:44:56.554  1158  1202 D PhoneFactory: getPhone:- phoneId != DEFAULT_PHONE_ID return sProxyPhones[phoneId] phoneId=0 phone=Handler (com.android.internal.telephony.PhoneProxy) {249d39f}
08-09 10:44:56.554  1158  1202 D SubscriptionController: getSimStateForSubscriber:  simState=READY ordinal=5
08-09 10:44:56.555   867   867 D SubscriptionManager: getSimStateForSubscriber: simState=5 subId=1
08-09 10:44:56.555   867   867 D TelephonyManager: getSimState: simState=5 slotIdx=0
08-09 10:44:56.655   191   280 E RILQ    : (0/191): RIL[0][event] qcril_gstk_qmi_process_raw_command_callback: Proactive command size (0) less than minimum (11)
08-09 10:44:56.905  1158  1361 D SubscriptionController: [getActiveSubInfoList]+
08-09 10:44:56.907  1158  1361 D SubscriptionController: selection:sim_id>=0 null
08-09 10:44:56.918  1158  1361 D TelephonyManager: getTelephonyProperty: return propVal='cn' phoneId=0 property='gsm.sim.operator.iso-country' defaultVal='' prop=cn
08-09 10:44:56.919  1158  1361 D SubscriptionController: [getSubInfoRecord] id:1 iccid:89860115921101579076 simSlotIndex:0 displayName:CARD 1 nameSource:0 iconTint:-16746133 dataRoaming:0 mcc:460 mnc:1 countIso:cn
08-09 10:44:56.920  1158  1361 D PhoneFactory: getPhone:- phoneId != DEFAULT_PHONE_ID return sProxyPhones[phoneId] phoneId=0 phone=Handler (com.android.internal.telephony.PhoneProxy) {249d39f}
08-09 10:44:56.923  1158  1361 D SubscriptionController: [getActiveSubInfoList]- 1 infos return
08-09 10:44:56.932  1158  1467 D SubscriptionController: [getActiveSubInfoList]+
08-09 10:44:56.937  1158  1467 D SubscriptionController: selection:sim_id>=0 null
08-09 10:44:56.946  1158  1467 D TelephonyManager: getTelephonyProperty: return propVal='cn' phoneId=0 property='gsm.sim.operator.iso-country' defaultVal='' prop=cn
08-09 10:44:56.947  1158  1467 D SubscriptionController: [getSubInfoRecord] id:1 iccid:89860115921101579076 simSlotIndex:0 displayName:CARD 1 nameSource:0 iconTint:-16746133 dataRoaming:0 mcc:460 mnc:1 countIso:cn
08-09 10:44:56.948  1158  1467 D PhoneFactory: getPhone:- phoneId != DEFAULT_PHONE_ID return sProxyPhones[phoneId] phoneId=0 phone=Handler (com.android.internal.telephony.PhoneProxy) {249d39f}
08-09 10:44:56.952  1158  1467 D SubscriptionController: [getActiveSubInfoList]- 1 infos return
08-09 10:44:56.961  1158  1195 D PhoneFactory: getPhone:- phoneId != DEFAULT_PHONE_ID return sProxyPhones[phoneId] phoneId=0 phone=Handler (com.android.internal.telephony.PhoneProxy) {249d39f}
08-09 10:44:56.961  1158  1195 D SubscriptionController: getSimStateForSubscriber:  simState=READY ordinal=5
08-09 10:44:56.961   867   867 D SubscriptionManager: getSimStateForSubscriber: simState=5 subId=1
08-09 10:44:56.961   867   867 D TelephonyManager: getSimState: simState=5 slotIdx=0
08-09 10:44:56.969  1158  1361 D SubscriptionController: [getActiveSubInfoList]+
08-09 10:44:56.971  1158  1361 D SubscriptionController: selection:sim_id>=0 null
08-09 10:44:56.981  1158  1361 D TelephonyManager: getTelephonyProperty: return propVal='cn' phoneId=0 property='gsm.sim.operator.iso-country' defaultVal='' prop=cn
08-09 10:44:56.981  1158  1361 D SubscriptionController: [getSubInfoRecord] id:1 iccid:89860115921101579076 simSlotIndex:0 displayName:CARD 1 nameSource:0 iconTint:-16746133 dataRoaming:0 mcc:460 mnc:1 countIso:cn
08-09 10:44:56.983  1158  1361 D PhoneFactory: getPhone:- phoneId != DEFAULT_PHONE_ID return sProxyPhones[phoneId] phoneId=0 phone=Handler (com.android.internal.telephony.PhoneProxy) {249d39f}
08-09 10:44:56.987  1158  1361 D SubscriptionController: [getActiveSubInfoList]- 1 infos return
08-09 10:44:56.995  1158  1467 D SubscriptionController: [getActiveSubInfoList]+
08-09 10:44:57.000  1158  1467 D SubscriptionController: selection:sim_id>=0 null
08-09 10:44:57.010  1158  1467 D TelephonyManager: getTelephonyProperty: return propVal='cn' phoneId=0 property='gsm.sim.operator.iso-country' defaultVal='' prop=cn
08-09 10:44:57.011  1158  1467 D SubscriptionController: [getSubInfoRecord] id:1 iccid:89860115921101579076 simSlotIndex:0 displayName:CARD 1 nameSource:0 iconTint:-16746133 dataRoaming:0 mcc:460 mnc:1 countIso:cn
08-09 10:44:57.012  1158  1467 D PhoneFactory: getPhone:- phoneId != DEFAULT_PHONE_ID return sProxyPhones[phoneId] phoneId=0 phone=Handler (com.android.internal.telephony.PhoneProxy) {249d39f}
08-09 10:44:57.015  1158  1467 D SubscriptionController: [getActiveSubInfoList]- 1 infos return
08-09 10:44:57.025  1158  1195 D PhoneFactory: getPhone:- phoneId != DEFAULT_PHONE_ID return sProxyPhones[phoneId] phoneId=0 phone=Handler (com.android.internal.telephony.PhoneProxy) {249d39f}
08-09 10:44:57.026  1158  1195 D SubscriptionController: getSimStateForSubscriber:  simState=READY ordinal=5
08-09 10:44:57.026   867   867 D SubscriptionManager: getSimStateForSubscriber: simState=5 subId=1
08-09 10:44:57.026   867   867 D TelephonyManager: getSimState: simState=5 slotIdx=0
08-09 10:44:57.110  1158  1467 D SubscriptionController: [getActiveSubInfoList]+
08-09 10:44:57.114  1158  1467 D SubscriptionController: selection:sim_id>=0 null
08-09 10:44:57.131  1158  1467 D TelephonyManager: getTelephonyProperty: return propVal='cn' phoneId=0 property='gsm.sim.operator.iso-country' defaultVal='' prop=cn
08-09 10:44:57.131  1158  1467 D SubscriptionController: [getSubInfoRecord] id:1 iccid:89860115921101579076 simSlotIndex:0 displayName:CARD 1 nameSource:0 iconTint:-16746133 dataRoaming:0 mcc:460 mnc:1 countIso:cn
08-09 10:44:57.133  1158  1467 D PhoneFactory: getPhone:- phoneId != DEFAULT_PHONE_ID return sProxyPhones[phoneId] phoneId=0 phone=Handler (com.android.internal.telephony.PhoneProxy) {249d39f}
08-09 10:44:57.138  1158  1467 D SubscriptionController: [getActiveSubInfoList]- 1 infos return
08-09 10:44:57.158  1158  1202 D SubscriptionController: [getActiveSubInfoList]+
08-09 10:44:57.161  1158  1202 D SubscriptionController: selection:sim_id>=0 null
08-09 10:44:57.176  1158  1202 D TelephonyManager: getTelephonyProperty: return propVal='cn' phoneId=0 property='gsm.sim.operator.iso-country' defaultVal='' prop=cn
08-09 10:44:57.176  1158  1202 D SubscriptionController: [getSubInfoRecord] id:1 iccid:89860115921101579076 simSlotIndex:0 displayName:CARD 1 nameSource:0 iconTint:-16746133 dataRoaming:0 mcc:460 mnc:1 countIso:cn
08-09 10:44:57.178  1158  1202 D PhoneFactory: getPhone:- phoneId != DEFAULT_PHONE_ID return sProxyPhones[phoneId] phoneId=0 phone=Handler (com.android.internal.telephony.PhoneProxy) {249d39f}
08-09 10:44:57.182  1158  1202 D SubscriptionController: [getActiveSubInfoList]- 1 infos return
08-09 10:44:57.193  1158  1361 D PhoneFactory: getPhone:- phoneId != DEFAULT_PHONE_ID return sProxyPhones[phoneId] phoneId=0 phone=Handler (com.android.internal.telephony.PhoneProxy) {249d39f}
08-09 10:44:57.193  1158  1361 D SubscriptionController: getSimStateForSubscriber:  simState=READY ordinal=5
08-09 10:44:57.194   867   867 D SubscriptionManager: getSimStateForSubscriber: simState=5 subId=1
08-09 10:44:57.194   867   867 D TelephonyManager: getSimState: simState=5 slotIdx=0
08-09 10:44:57.580  1158  1158 D SubscriptionController: [getPhoneId] asked for default subId=1
08-09 10:44:58.237   191   535 I RILQ    : (0/191):RIL[0][qmi_cb] qcril_qmi_nas_update_data_rte: completed, new drte 0 with confidence 4
08-09 10:44:58.239   191   535 I RILC    : RIL_SOCKET_1 UNSOLICITED: UNSOL_RESPONSE_VOICE_NETWORK_STATE_CHANGED length:8
08-09 10:44:58.239   191   535 E RILC    : Send Response to RIL_SOCKET_1
08-09 10:44:58.239  1158  1299 D RILJ    : [UNSL]< UNSOL_RESPONSE_VOICE_NETWORK_STATE_CHANGED [SUB0]
08-09 10:44:58.240  1158  1158 D RILJ    : [3747]> OPERATOR [SUB0]
08-09 10:44:58.243  1158  1158 D RILJ    : [3748]> DATA_REGISTRATION_STATE [SUB0]
08-09 10:44:58.243   191  1645 D RILC    : RequestComplete, RIL_SOCKET_1
08-09 10:44:58.243   191  1645 E RILC    : Send Response to RIL_SOCKET_1
08-09 10:44:58.245  1158  1299 D RILJ    : [3747]< OPERATOR {null, null, null} [SUB0]
08-09 10:44:58.247  1158  1158 D RILJ    : [3749]> VOICE_REGISTRATION_STATE [SUB0]
08-09 10:44:58.249  1158  1158 D RILJ    : [3750]> QUERY_NETWORK_SELECTION_MODE [SUB0]
08-09 10:44:58.249   191  1646 D RILC    : RequestComplete, RIL_SOCKET_1
08-09 10:44:58.249   191  1646 E RILC    : Send Response to RIL_SOCKET_1
08-09 10:44:58.251  1158  1299 D RILJ    : [3748]< DATA_REGISTRATION_STATE {2, null, null, null, 0, 20, null, null, null, null, null} [SUB0]
08-09 10:44:58.252  1158  1158 D PHONE   : [ServiceState] setDataRegState=1
08-09 10:44:58.252  1158  1158 D PHONE   : [ServiceState] setDataRadioTechnology=0
08-09 10:44:58.253   191  1647 I RILQ    : (0/191):RIL[0][cmd-20(448)] qcril_qmi_nas_update_data_rte: completed, new drte 0 with confidence 4
08-09 10:44:58.253  1158  1158 D GsmSST  : [GsmSST] handlPollStateResultMessage: GsmSST setDataRegState=1 regState=2 dataRadioTechnology=0
08-09 10:44:58.255   191  1648 D RILC    : RequestComplete, RIL_SOCKET_1
08-09 10:44:58.255   191  1648 E RILC    : Send Response to RIL_SOCKET_1
08-09 10:44:58.255  1158  1299 D RILJ    : [3750]< QUERY_NETWORK_SELECTION_MODE {0} [SUB0]
08-09 10:44:58.256   191  1647 D RILC    : RequestComplete, RIL_SOCKET_1
08-09 10:44:58.256   191  1647 E RILC    : Send Response to RIL_SOCKET_1
08-09 10:44:58.257  1158  1299 D RILJ    : [3749]< VOICE_REGISTRATION_STATE {2, null, null, 0, null, null, null, 0, null, null, null, null, null, 0, null} [SUB0]
08-09 10:44:58.258  1158  1158 D PHONE   : [ServiceState] setVoiceRegState=1
08-09 10:44:58.258  1158  1158 E PHONE   : [ServiceState] setState deprecated use setVoiceRegState()
08-09 10:44:58.260  1158  1158 D GsmSST  : [GsmSST] Poll ServiceState done:  oldSS=[1 1 voice home data home null null null null null null  Unknown Unknown CSS not supported -1 -1 RoamInd=-1 DefRoamInd=-1 EmergOnly=false] newSS=[1 1 voice home data home null null null null null null  Unknown Unknown CSS not supported -1 -1 RoamInd=-1 DefRoamInd=-1 EmergOnly=false] oldMaxDataCalls=20 mNewMaxDataCalls=20 oldReasonDataDenied=15 mNewReasonDataDenied=-1
08-09 10:44:58.260  1158  1158 D PHONE   : [ServiceState] setNullState=1
08-09 10:44:58.543  1158  1361 D SubscriptionController: [getPhoneId] asked for default subId=1
08-09 10:44:58.557  1158  1195 D PhoneFactory: getPhone:- phoneId != DEFAULT_PHONE_ID return sProxyPhones[phoneId] phoneId=0 phone=Handler (com.android.internal.telephony.PhoneProxy) {249d39f}
08-09 10:44:58.563   722   786 D TelephonyManager: getTelephonyProperty: return propVal='null' phoneId=0 property='gsm.operator.iso-country' defaultVal='' prop=
08-09 10:44:58.565   722   786 D TelephonyManager: getTelephonyProperty: return propVal='cn' phoneId=0 property='gsm.sim.operator.iso-country' defaultVal='' prop=cn
08-09 10:44:58.569  1158  1202 D PhoneFactory: getPhone:- phoneId != DEFAULT_PHONE_ID return sProxyPhones[phoneId] phoneId=0 phone=Handler (com.android.internal.telephony.PhoneProxy) {249d39f}
08-09 10:44:58.572  1158  1467 D PhoneFactory: getPhone:- phoneId != DEFAULT_PHONE_ID return sProxyPhones[phoneId] phoneId=0 phone=Handler (com.android.internal.telephony.PhoneProxy) {249d39f}
08-09 10:44:58.574   722   786 D TelephonyManager: getTelephonyProperty: return propVal='null' phoneId=0 property='gsm.operator.iso-country' defaultVal='' prop=
08-09 10:44:58.576   722   786 D TelephonyManager: getTelephonyProperty: return propVal='cn' phoneId=0 property='gsm.sim.operator.iso-country' defaultVal='' prop=cn
08-09 10:44:58.599  1651  1651 D TelephonyManager: getTelephonyProperty: return propVal='false' phoneId=0 property='gsm.operator.isroaming' defaultVal='null' prop=false
08-09 10:44:58.643  1158  1361 D PhoneFactory: getPhone:- phoneId != DEFAULT_PHONE_ID return sProxyPhones[phoneId] phoneId=0 phone=Handler (com.android.internal.telephony.PhoneProxy) {249d39f}
08-09 10:44:58.644  1158  1361 D DCT     : [0]getDataEnabled: getIntWithSubId retVal=true
08-09 10:44:58.783  1158  1467 D PhoneFactory: getPhone:- phoneId != DEFAULT_PHONE_ID return sProxyPhones[phoneId] phoneId=0 phone=Handler (com.android.internal.telephony.PhoneProxy) {249d39f}
08-09 10:44:58.783  1158  1467 D DCT     : [0]getDataEnabled: getIntWithSubId retVal=true
08-09 10:45:00.385  1158  1158 D DCT     : [0]onReceive: action=android.net.wifi.STATE_CHANGE
08-09 10:45:00.386  1158  1158 D DCT     : [0]NETWORK_STATE_CHANGED_ACTION: mIsWifiConnected=false
08-09 10:45:00.450  1158  1158 D DCT     : [0]onReceive: action=android.net.wifi.STATE_CHANGE
08-09 10:45:00.451  1158  1158 D DCT     : [0]NETWORK_STATE_CHANGED_ACTION: mIsWifiConnected=false
08-09 10:45:00.454  1158  1158 D DCT     : [0]onReceive: action=android.net.wifi.STATE_CHANGE
08-09 10:45:00.455  1158  1158 D DCT     : [0]NETWORK_STATE_CHANGED_ACTION: mIsWifiConnected=false
08-09 10:45:00.531  1158  1158 D DCT     : [0]onReceive: action=android.net.wifi.STATE_CHANGE
08-09 10:45:00.532  1158  1158 D DCT     : [0]NETWORK_STATE_CHANGED_ACTION: mIsWifiConnected=false
08-09 10:45:00.755  1158  1158 D DCT     : [0]onReceive: action=android.net.wifi.STATE_CHANGE
08-09 10:45:00.755  1158  1158 D DCT     : [0]NETWORK_STATE_CHANGED_ACTION: mIsWifiConnected=false
08-09 10:45:00.760  1158  1158 D DCT     : [0]onReceive: action=android.net.wifi.STATE_CHANGE
08-09 10:45:00.760  1158  1158 D DCT     : [0]NETWORK_STATE_CHANGED_ACTION: mIsWifiConnected=false
08-09 10:45:00.847  1158  1158 D DCT     : [0]onReceive: action=android.net.wifi.STATE_CHANGE
08-09 10:45:00.848  1158  1158 D DCT     : [0]NETWORK_STATE_CHANGED_ACTION: mIsWifiConnected=false
08-09 10:45:00.851  1158  1158 D DCT     : [0]onReceive: action=android.net.wifi.STATE_CHANGE
08-09 10:45:00.852  1158  1158 D DCT     : [0]NETWORK_STATE_CHANGED_ACTION: mIsWifiConnected=false
08-09 10:45:00.878  1158  1158 D DCT     : [0]onReceive: action=android.net.wifi.STATE_CHANGE
08-09 10:45:00.878  1158  1158 D DCT     : [0]NETWORK_STATE_CHANGED_ACTION: mIsWifiConnected=false
08-09 10:45:01.864  1158  1158 D DCT     : [0]onReceive: action=android.net.wifi.STATE_CHANGE
08-09 10:45:01.869  1158  1158 D DCT     : [0]NETWORK_STATE_CHANGED_ACTION: mIsWifiConnected=false
08-09 10:45:01.873  1158  1158 D DCT     : [0]onReceive: action=android.net.wifi.STATE_CHANGE
08-09 10:45:01.875  1158  1158 D DCT     : [0]NETWORK_STATE_CHANGED_ACTION: mIsWifiConnected=false
08-09 10:45:01.885  1158  1158 D DCT     : [0]onReceive: action=android.net.wifi.STATE_CHANGE
08-09 10:45:01.895  1158  1158 D DCT     : [0]NETWORK_STATE_CHANGED_ACTION: mIsWifiConnected=true
08-09 10:45:01.895  1158  1158 D DCT     : [0]onReceive: action=android.net.wifi.STATE_CHANGE
08-09 10:45:01.899  1158  1158 D DCT     : [0]NETWORK_STATE_CHANGED_ACTION: mIsWifiConnected=true
08-09 10:45:01.953  1158  1361 D SubscriptionController: [getActiveSubIdList] simInfoSet=[0=1]
08-09 10:45:01.957  1158  1361 D SubscriptionController: [getActiveSubIdList] X subIdArr.length=1
08-09 10:45:01.974  1158  1195 D SubscriptionController: [getActiveSubIdList] simInfoSet=[0=1]
08-09 10:45:01.977  1158  1195 D SubscriptionController: [getActiveSubIdList] X subIdArr.length=1
08-09 10:45:02.013  1158  1202 D PhoneFactory: getPhone:- phoneId != DEFAULT_PHONE_ID return sProxyPhones[phoneId] phoneId=0 phone=Handler (com.android.internal.telephony.PhoneProxy) {249d39f}
08-09 10:45:02.014  1158  1202 D DCT     : [0]getDataEnabled: getIntWithSubId retVal=true
08-09 10:45:03.077  1158  1195 D PhoneFactory: getPhone:- phoneId != DEFAULT_PHONE_ID return sProxyPhones[phoneId] phoneId=0 phone=Handler (com.android.internal.telephony.PhoneProxy) {249d39f}
08-09 10:45:03.237  1158  1467 D PhoneFactory: getPhone:- phoneId != DEFAULT_PHONE_ID return sProxyPhones[phoneId] phoneId=0 phone=Handler (com.android.internal.telephony.PhoneProxy) {249d39f}
08-09 10:45:03.673  1158  1361 D PhoneFactory: getPhone:- phoneId != DEFAULT_PHONE_ID return sProxyPhones[phoneId] phoneId=0 phone=Handler (com.android.internal.telephony.PhoneProxy) {249d39f}
08-09 10:45:03.674  1158  1361 D DCT     : [0]getDataEnabled: getIntWithSubId retVal=true
08-09 10:45:03.723  1158  1361 D PhoneFactory: getPhone:- phoneId != DEFAULT_PHONE_ID return sProxyPhones[phoneId] phoneId=0 phone=Handler (com.android.internal.telephony.PhoneProxy) {249d39f}
08-09 10:45:03.724  1158  1361 D DCT     : [0]getDataEnabled: getIntWithSubId retVal=true
08-09 10:45:04.229   191   271 I RILC    : RIL_SOCKET_1 UNSOLICITED: UNSOL_RESPONSE_VOICE_NETWORK_STATE_CHANGED length:8
08-09 10:45:04.229   191   271 E RILC    : Send Response to RIL_SOCKET_1
08-09 10:45:04.229  1158  1299 D RILJ    : [UNSL]< UNSOL_RESPONSE_VOICE_NETWORK_STATE_CHANGED [SUB0]
08-09 10:45:04.230  1158  1158 D RILJ    : [3751]> OPERATOR [SUB0]
08-09 10:45:04.232  1158  1158 D RILJ    : [3752]> DATA_REGISTRATION_STATE [SUB0]
08-09 10:45:04.232   191  2066 D RILC    : RequestComplete, RIL_SOCKET_1
08-09 10:45:04.232   191  2066 E RILC    : Send Response to RIL_SOCKET_1
08-09 10:45:04.233  1158  1299 D RILJ    : [3751]< OPERATOR {null, null, null} [SUB0]
08-09 10:45:04.234  1158  1158 D RILJ    : [3753]> VOICE_REGISTRATION_STATE [SUB0]
08-09 10:45:04.235   191  2067 D RILC    : RequestComplete, RIL_SOCKET_1
08-09 10:45:04.235   191  2067 E RILC    : Send Response to RIL_SOCKET_1
08-09 10:45:04.236  1158  1158 D RILJ    : [3754]> QUERY_NETWORK_SELECTION_MODE [SUB0]
08-09 10:45:04.237  1158  1299 D RILJ    : [3752]< DATA_REGISTRATION_STATE {2, null, null, null, 0, 20, null, null, null, null, null} [SUB0]
08-09 10:45:04.238   191  2068 I RILQ    : (0/191):RIL[0][cmd-20(448)] qcril_qmi_nas_update_data_rte: completed, new drte 0 with confidence 4
08-09 10:45:04.238  1158  1158 D PHONE   : [ServiceState] setDataRegState=1
08-09 10:45:04.238  1158  1158 D PHONE   : [ServiceState] setDataRadioTechnology=0
08-09 10:45:04.239  1158  1158 D GsmSST  : [GsmSST] handlPollStateResultMessage: GsmSST setDataRegState=1 regState=2 dataRadioTechnology=0
08-09 10:45:04.240   191  2069 D RILC    : RequestComplete, RIL_SOCKET_1
08-09 10:45:04.240   191  2069 E RILC    : Send Response to RIL_SOCKET_1
08-09 10:45:04.240   191  2068 D RILC    : RequestComplete, RIL_SOCKET_1
08-09 10:45:04.240   191  2068 E RILC    : Send Response to RIL_SOCKET_1
08-09 10:45:04.240  1158  1299 D RILJ    : [3754]< QUERY_NETWORK_SELECTION_MODE {0} [SUB0]
08-09 10:45:04.241  1158  1299 D RILJ    : [3753]< VOICE_REGISTRATION_STATE {2, null, null, 0, null, null, null, 0, null, null, null, null, null, 0, null} [SUB0]
08-09 10:45:04.241  1158  1158 D PHONE   : [ServiceState] setVoiceRegState=1
08-09 10:45:04.241  1158  1158 E PHONE   : [ServiceState] setState deprecated use setVoiceRegState()
08-09 10:45:04.244  1158  1158 D GsmSST  : [GsmSST] Poll ServiceState done:  oldSS=[1 1 voice home data home null null null null null null  Unknown Unknown CSS not supported -1 -1 RoamInd=-1 DefRoamInd=-1 EmergOnly=false] newSS=[1 1 voice home data home null null null null null null  Unknown Unknown CSS not supported -1 -1 RoamInd=-1 DefRoamInd=-1 EmergOnly=false] oldMaxDataCalls=20 mNewMaxDataCalls=20 oldReasonDataDenied=-1 mNewReasonDataDenied=-1
08-09 10:45:04.245  1158  1158 D PHONE   : [ServiceState] setNullState=1
08-09 10:45:06.790  1158  1158 D DCT     : [0]onReceive: action=android.intent.action.SCREEN_ON
08-09 10:45:06.790  1158  1158 D DCT     : [0]stopNetStatPoll
08-09 10:45:06.792  1158  1158 D DCT     : [0]overall state is IDLE
08-09 10:45:06.831  1158  1158 D DCT     : [0]onReceive: action=android.intent.action.SCREEN_OFF
08-09 10:45:06.831  1158  1158 D DCT     : [0]stopNetStatPoll
08-09 10:45:06.835  1158  1158 D DCT     : [0]overall state is IDLE
08-09 10:45:07.212  1158  1158 D RILJ    : [3755]> SCREEN_STATE: false [SUB0]
08-09 10:45:07.215   191   271 D RILC    : RequestComplete, RIL_SOCKET_1
08-09 10:45:07.215   191   271 E RILC    : Send Response to RIL_SOCKET_1
08-09 10:45:07.216  1158  1299 D RILJ    : [3755]< SCREEN_STATE  [SUB0]
08-09 10:45:07.221   191   280 I RILQ    : (0/191):RIL[0][event] qcril_arb_set_data_sys_status: recvd data_sys_status nw=0x0, rat_mask=0x8000, so_mask=0x0
08-09 10:45:07.221   191   280 I RILQ    : (0/191):RIL[0][event] qcril_arb_set_data_sys_status: recvd data_sys_status nw=0x1, rat_mask=0x0, so_mask=0x0
08-09 10:45:07.222   191   280 I RILQ    : (0/191):RIL[0][event] qcril_qmi_nas_update_data_rte: completed, new drte 0 with confidence 4
08-09 10:45:07.223   191   280 I RILC    : RIL_SOCKET_1 UNSOLICITED: UNSOL_RESPONSE_VOICE_NETWORK_STATE_CHANGED length:8
08-09 10:45:07.223   191   280 E RILC    : Send Response to RIL_SOCKET_1
08-09 10:45:07.225  1158  1299 D RILJ    : [UNSL]< UNSOL_RESPONSE_VOICE_NETWORK_STATE_CHANGED [SUB0]
08-09 10:45:07.226  1158  1158 D RILJ    : [3756]> OPERATOR [SUB0]
08-09 10:45:07.226   191   280 I RILC    : RIL_SOCKET_1 UNSOLICITED: UNSOL_SIGNAL_STRENGTH length:60
08-09 10:45:07.226   191   280 E RILC    : Send Response to RIL_SOCKET_1
08-09 10:45:07.228  1158  1158 D RILJ    : [3757]> DATA_REGISTRATION_STATE [SUB0]
08-09 10:45:07.231  1158  1158 D RILJ    : [3758]> VOICE_REGISTRATION_STATE [SUB0]
08-09 10:45:07.231   191  2151 D RILC    : RequestComplete, RIL_SOCKET_1
08-09 10:45:07.231   191  2151 E RILC    : Send Response to RIL_SOCKET_1
08-09 10:45:07.232  1158  1299 D RILJ    : [3756]< OPERATOR {null, null, null} [SUB0]
08-09 10:45:07.234  1158  1158 D RILJ    : [3759]> QUERY_NETWORK_SELECTION_MODE [SUB0]
08-09 10:45:07.238   191  2152 D RILC    : RequestComplete, RIL_SOCKET_1
08-09 10:45:07.238   191  2152 E RILC    : Send Response to RIL_SOCKET_1
08-09 10:45:07.239  1158  1158 D DefaultPhoneNotifier: notifySignalStrength: mRegistry=com.android.internal.telephony.ITelephonyRegistry$Stub$Proxy@3c7cfb31 ss=SignalStrength: 99 0 -120 -160 -120 -1 -1 99 2147483647 2147483647 2147483647 2147483647 gsm|lte sender=Handler (com.android.internal.telephony.gsm.GSMPhone) {3e3bcec}
08-09 10:45:07.240  1158  1299 D RILJ    : [3757]< DATA_REGISTRATION_STATE {2, null, null, null, 0, 20, null, null, null, null, null} [SUB0]
08-09 10:45:07.241   191  2153 I RILQ    : (0/191):RIL[0][cmd-20(448)] qcril_qmi_nas_update_data_rte: completed, new drte 0 with confidence 4
08-09 10:45:07.245  1158  1158 D PHONE   : [ServiceState] setDataRegState=1
08-09 10:45:07.245   191  2153 D RILC    : RequestComplete, RIL_SOCKET_1
08-09 10:45:07.245   191  2153 E RILC    : Send Response to RIL_SOCKET_1
08-09 10:45:07.245  1158  1158 D PHONE   : [ServiceState] setDataRadioTechnology=0
08-09 10:45:07.245  1158  1158 D GsmSST  : [GsmSST] handlPollStateResultMessage: GsmSST setDataRegState=1 regState=2 dataRadioTechnology=0
08-09 10:45:07.247  1158  1299 D RILJ    : [3758]< VOICE_REGISTRATION_STATE {2, null, null, 0, null, null, null, 0, null, null, null, null, null, 0, null} [SUB0]
08-09 10:45:07.247  1158  1158 D PHONE   : [ServiceState] setVoiceRegState=1
08-09 10:45:07.247  1158  1158 E PHONE   : [ServiceState] setState deprecated use setVoiceRegState()
08-09 10:45:07.248   191  2154 D RILC    : RequestComplete, RIL_SOCKET_1
08-09 10:45:07.248   191  2154 E RILC    : Send Response to RIL_SOCKET_1
08-09 10:45:07.249  1158  1299 D RILJ    : [3759]< QUERY_NETWORK_SELECTION_MODE {0} [SUB0]
08-09 10:45:07.251  1158  1158 D GsmSST  : [GsmSST] Poll ServiceState done:  oldSS=[1 1 voice home data home null null null null null null  Unknown Unknown CSS not supported -1 -1 RoamInd=-1 DefRoamInd=-1 EmergOnly=false] newSS=[1 1 voice home data home null null null null null null  Unknown Unknown CSS not supported -1 -1 RoamInd=-1 DefRoamInd=-1 EmergOnly=false] oldMaxDataCalls=20 mNewMaxDataCalls=20 oldReasonDataDenied=-1 mNewReasonDataDenied=-1
08-09 10:45:07.252  1158  1158 D PHONE   : [ServiceState] setNullState=1
08-09 10:45:08.642  1158  1158 D DCT     : [0]onReceive: action=android.intent.action.SCREEN_ON
08-09 10:45:08.643  1158  1158 D DCT     : [0]stopNetStatPoll
08-09 10:45:08.644  1158  1158 D DCT     : [0]overall state is IDLE
08-09 10:45:08.888  1158  1158 D RILJ    : [3760]> SCREEN_STATE: true [SUB0]
08-09 10:45:08.890   191   271 D RILC    : RequestComplete, RIL_SOCKET_1
08-09 10:45:08.890   191   271 E RILC    : Send Response to RIL_SOCKET_1
08-09 10:45:08.891  1158  1299 D RILJ    : [3760]< SCREEN_STATE  [SUB0]
08-09 10:45:08.898   191   280 I RILQ    : (0/191):RIL[0][event] qcril_qmi_nas_update_data_rte: completed, new drte 0 with confidence 4
08-09 10:45:08.900   191   280 I RILC    : RIL_SOCKET_1 UNSOLICITED: UNSOL_RESPONSE_VOICE_NETWORK_STATE_CHANGED length:8
08-09 10:45:08.900   191   280 E RILC    : Send Response to RIL_SOCKET_1
08-09 10:45:08.902  1158  1299 D RILJ    : [UNSL]< UNSOL_RESPONSE_VOICE_NETWORK_STATE_CHANGED [SUB0]
08-09 10:45:08.903  1158  1158 D RILJ    : [3761]> OPERATOR [SUB0]
08-09 10:45:08.904   191   280 I RILQ    : (0/191):RIL[0][event] qcril_qmi_nas_evaluate_custom_emergency_numbers_for_card: cur_status 1024, card_state 3
08-09 10:45:08.904   191   280 I RILQ    : (0/191):RIL[0][event] qcril_qmi_nas_evaluate_custom_emergency_numbers_for_card: card_mcc 460, card_mnc 01
08-09 10:45:08.905  1158  1158 D RILJ    : [3762]> DATA_REGISTRATION_STATE [SUB0]
08-09 10:45:08.906   191   535 E RILQ    : (0/191): RIL[0][qmi_cb] get_ecc_property_name: ecc list name : ril.ecclist.
08-09 10:45:08.907  1158  1158 D RILJ    : [3763]> VOICE_REGISTRATION_STATE [SUB0]
08-09 10:45:08.908   191   280 I RILC    : RIL_SOCKET_1 UNSOLICITED: UNSOL_SIGNAL_STRENGTH length:60
08-09 10:45:08.909   191   280 E RILC    : Send Response to RIL_SOCKET_1
08-09 10:45:08.909  1158  1158 D RILJ    : [3764]> QUERY_NETWORK_SELECTION_MODE [SUB0]
08-09 10:45:08.909   191   280 I RILQ    : (0/191):RIL[0][event] qcril_qmi_nas_evaluate_custom_emergency_numbers_for_card: cur_status 1024, card_state 3
08-09 10:45:08.909   191   280 I RILQ    : (0/191):RIL[0][event] qcril_qmi_nas_evaluate_custom_emergency_numbers_for_card: card_mcc 460, card_mnc 01
08-09 10:45:08.910   191  2183 D RILC    : RequestComplete, RIL_SOCKET_1
08-09 10:45:08.910   191  2183 E RILC    : Send Response to RIL_SOCKET_1
08-09 10:45:08.911  1158  1158 D DefaultPhoneNotifier: notifySignalStrength: mRegistry=com.android.internal.telephony.ITelephonyRegistry$Stub$Proxy@3c7cfb31 ss=SignalStrength: 99 0 -120 -160 -120 -1 -1 99 2147483647 2147483647 2147483647 2147483647 gsm|lte sender=Handler (com.android.internal.telephony.gsm.GSMPhone) {3e3bcec}
08-09 10:45:08.911  1158  1299 D RILJ    : [3761]< OPERATOR {null, null, null} [SUB0]
08-09 10:45:08.912   191  2184 D RILC    : RequestComplete, RIL_SOCKET_1
08-09 10:45:08.912   191  2184 E RILC    : Send Response to RIL_SOCKET_1
08-09 10:45:08.915   191  2185 I RILQ    : (0/191):RIL[0][cmd-20(448)] qcril_qmi_nas_update_data_rte: completed, new drte 0 with confidence 4
08-09 10:45:08.916  1158  1299 D RILJ    : [3762]< DATA_REGISTRATION_STATE {2, null, null, null, 0, 20, null, null, null, null, null} [SUB0]
08-09 10:45:08.917  1158  1158 D PHONE   : [ServiceState] setDataRegState=1
08-09 10:45:08.917  1158  1158 D PHONE   : [ServiceState] setDataRadioTechnology=0
08-09 10:45:08.918  1158  1158 D GsmSST  : [GsmSST] handlPollStateResultMessage: GsmSST setDataRegState=1 regState=2 dataRadioTechnology=0
08-09 10:45:08.919   191  2186 D RILC    : RequestComplete, RIL_SOCKET_1
08-09 10:45:08.919   191  2186 E RILC    : Send Response to RIL_SOCKET_1
08-09 10:45:08.920  1158  1299 D RILJ    : [3764]< QUERY_NETWORK_SELECTION_MODE {0} [SUB0]
08-09 10:45:08.920   191  2185 D RILC    : RequestComplete, RIL_SOCKET_1
08-09 10:45:08.920   191  2185 E RILC    : Send Response to RIL_SOCKET_1
08-09 10:45:08.921  1158  1299 D RILJ    : [3763]< VOICE_REGISTRATION_STATE {2, null, null, 0, null, null, null, 0, null, null, null, null, null, 0, null} [SUB0]
08-09 10:45:08.923  1158  1158 D PHONE   : [ServiceState] setVoiceRegState=1
08-09 10:45:08.923  1158  1158 E PHONE   : [ServiceState] setState deprecated use setVoiceRegState()
08-09 10:45:08.926  1158  1158 D GsmSST  : [GsmSST] Poll ServiceState done:  oldSS=[1 1 voice home data home null null null null null null  Unknown Unknown CSS not supported -1 -1 RoamInd=-1 DefRoamInd=-1 EmergOnly=false] newSS=[1 1 voice home data home null null null null null null  Unknown Unknown CSS not supported -1 -1 RoamInd=-1 DefRoamInd=-1 EmergOnly=false] oldMaxDataCalls=20 mNewMaxDataCalls=20 oldReasonDataDenied=-1 mNewReasonDataDenied=-1
08-09 10:45:08.926  1158  1158 D PHONE   : [ServiceState] setNullState=1
08-09 10:45:16.177   191   535 I RILQ    : (0/191):RIL[0][qmi_cb] qcril_qmi_nas_update_data_rte: completed, new drte 0 with confidence 4
08-09 10:45:16.179   191   280 I RILQ    : (0/191):RIL[0][event] qcril_qmi_nas_evaluate_custom_emergency_numbers_for_card: cur_status 17408, card_state 3
08-09 10:45:16.179   191   280 I RILQ    : (0/191):RIL[0][event] qcril_qmi_nas_evaluate_custom_emergency_numbers_for_card: card_mcc 460, card_mnc 01
08-09 10:45:16.181   191   280 I RILQ    : (0/191):RIL[0][event] qcril_qmi_nas_evaluate_custom_emergency_numbers_for_card: cur_status 1024, card_state 3
08-09 10:45:16.181   191   280 I RILQ    : (0/191):RIL[0][event] qcril_qmi_nas_evaluate_custom_emergency_numbers_for_card: card_mcc 460, card_mnc 01
08-09 10:45:16.185   191   535 I RILQ    : (0/191):RIL[0][qmi_cb] qcril_qmi_nas_update_data_rte: completed, new drte 0 with confidence 4
08-09 10:45:16.187   191   280 I RILQ    : (0/191):RIL[0][event] qcril_qmi_nas_evaluate_custom_emergency_numbers_for_card: cur_status 1024, card_state 3
08-09 10:45:16.187   191   280 I RILQ    : (0/191):RIL[0][event] qcril_qmi_nas_evaluate_custom_emergency_numbers_for_card: card_mcc 460, card_mnc 01
08-09 10:45:16.189   191   280 I RILC    : RIL_SOCKET_1 UNSOLICITED: UNSOL_RESPONSE_VOICE_NETWORK_STATE_CHANGED length:8
08-09 10:45:16.189   191   280 E RILC    : Send Response to RIL_SOCKET_1
08-09 10:45:16.190  1158  1299 D RILJ    : [UNSL]< UNSOL_RESPONSE_VOICE_NETWORK_STATE_CHANGED [SUB0]
08-09 10:45:16.191  1158  1158 D RILJ    : [3765]> OPERATOR [SUB0]
08-09 10:45:16.193  1158  1158 D RILJ    : [3766]> DATA_REGISTRATION_STATE [SUB0]
08-09 10:45:16.195  1158  1158 D RILJ    : [3767]> VOICE_REGISTRATION_STATE [SUB0]
08-09 10:45:16.197  1158  1158 D RILJ    : [3768]> QUERY_NETWORK_SELECTION_MODE [SUB0]
08-09 10:45:16.199   191  2262 D RILC    : RequestComplete, RIL_SOCKET_1
08-09 10:45:16.200   191  2262 E RILC    : Send Response to RIL_SOCKET_1
08-09 10:45:16.201  1158  1299 D RILJ    : [3766]< DATA_REGISTRATION_STATE {2, null, null, null, 0, 20, null, null, null, null, null} [SUB0]
08-09 10:45:16.201  1158  1158 D PHONE   : [ServiceState] setDataRegState=1
08-09 10:45:16.201  1158  1158 D PHONE   : [ServiceState] setDataRadioTechnology=0
08-09 10:45:16.202  1158  1158 D GsmSST  : [GsmSST] handlPollStateResultMessage: GsmSST setDataRegState=1 regState=2 dataRadioTechnology=0
08-09 10:45:16.202   191  2263 D RILC    : RequestComplete, RIL_SOCKET_1
08-09 10:45:16.202   191  2263 E RILC    : Send Response to RIL_SOCKET_1
08-09 10:45:16.203   191  2264 D RILC    : RequestComplete, RIL_SOCKET_1
08-09 10:45:16.203   191  2264 E RILC    : Send Response to RIL_SOCKET_1
08-09 10:45:16.204   191  2261 D RILC    : RequestComplete, RIL_SOCKET_1
08-09 10:45:16.204   191  2261 E RILC    : Send Response to RIL_SOCKET_1
08-09 10:45:16.205  1158  1299 D RILJ    : [3767]< VOICE_REGISTRATION_STATE {12, null, null, 0, null, null, null, 0, null, null, null, null, null, 0, fc} [SUB0]
08-09 10:45:16.206  1158  1299 D RILJ    : [3768]< QUERY_NETWORK_SELECTION_MODE {0} [SUB0]
08-09 10:45:16.207  1158  1299 D RILJ    : [3765]< OPERATOR {null, null, null} [SUB0]
08-09 10:45:16.207  1158  1158 D PHONE   : [ServiceState] setVoiceRegState=1
08-09 10:45:16.207  1158  1158 E PHONE   : [ServiceState] setState deprecated use setVoiceRegState()
08-09 10:45:16.210  1158  1158 D GsmSST  : [GsmSST] Poll ServiceState done:  oldSS=[1 1 voice home data home null null null null null null  Unknown Unknown CSS not supported -1 -1 RoamInd=-1 DefRoamInd=-1 EmergOnly=false] newSS=[1 1 voice home data home null null null null null null  Unknown Unknown CSS not supported -1 -1 RoamInd=-1 DefRoamInd=-1 EmergOnly=true] oldMaxDataCalls=20 mNewMaxDataCalls=20 oldReasonDataDenied=-1 mNewReasonDataDenied=-1
08-09 10:45:16.210  1158  1158 D PHONE   : [ServiceState] setNullState=1
08-09 10:45:16.211  1158  1158 D SIMRecords: [SIMRecords] getServiceProviderName: no brandOverride
08-09 10:45:16.211  1158  1158 D SIMRecords: [SIMRecords] getServiceProviderName: providerName=
08-09 10:45:16.212  1158  1158 D GsmSST  : [GsmSST] updateSpnDisplay: radio is on but out of service, set plmn='Emergency calls only'
08-09 10:45:16.214  1158  1158 D SIMRecords: [SIMRecords] getServiceProviderName: no brandOverride
08-09 10:45:16.214  1158  1158 D SIMRecords: [SIMRecords] getServiceProviderName: providerName=
08-09 10:45:16.215  1158  1158 D GsmSST  : [GsmSST] updateSpnDisplay: changed sending intent rule=2 showPlmn='true' plmn='Emergency calls only' showSpn='false' spn=''
08-09 10:45:16.222  1158  1158 D SubscriptionController: [setCarrierText]+ text:Emergency calls only subId:1
08-09 10:45:16.264  1158  1158 D SubscriptionController: notifySubscriptionInfoChanged:
08-09 10:45:16.267   722   722 D TelephonyManager: getSimOperatorNumeric(): default subId=1
08-09 10:45:16.271   722   722 D TelephonyManager: getTelephonyProperty: return propVal='46001' phoneId=0 property='gsm.sim.operator.numeric' defaultVal='' prop=46001
08-09 10:45:16.275  1158  1158 D TelephonyManager: setTelephonyProperty: success phoneId=0 property=gsm.operator.alpha value:  propVal=
08-09 10:45:16.276  1158  1158 D TelephonyManager: getTelephonyProperty: return propVal='null' phoneId=0 property='gsm.operator.numeric' defaultVal='' prop=
08-09 10:45:16.276  1158  1158 D TelephonyManager: setTelephonyProperty: success phoneId=0 property=gsm.operator.numeric value:  propVal=
08-09 10:45:16.281  1158  1158 D GsmSST  : [GsmSST] operatorNumeric is null
08-09 10:45:16.282  1158  1158 D TelephonyManager: setTelephonyProperty: success phoneId=0 property=gsm.operator.iso-country value:  propVal=
08-09 10:45:16.282  1158  1158 D TelephonyManager: setTelephonyProperty: success phoneId=0 property=gsm.operator.isroaming value: false propVal=false
08-09 10:45:16.283  1158  1158 D GsmSST  : [GsmSST] Broadcasting ServiceState : 1 1 voice home data home null null null null null null  Unknown Unknown CSS not supported -1 -1 RoamInd=-1 DefRoamInd=-1 EmergOnly=true
08-09 10:45:16.284  1158  1158 D DefaultPhoneNotifier: nofityServiceState: mRegistry=com.android.internal.telephony.ITelephonyRegistry$Stub$Proxy@3c7cfb31 ss=1 1 voice home data home null null null null null null  Unknown Unknown CSS not supported -1 -1 RoamInd=-1 DefRoamInd=-1 EmergOnly=true sender=Handler (com.android.internal.telephony.gsm.GSMPhone) {3e3bcec} phondId=0 subId=1
08-09 10:45:16.290  1158  1158 D PhoneFactory: getPhone:- phoneId != DEFAULT_PHONE_ID return sProxyPhones[phoneId] phoneId=0 phone=Handler (com.android.internal.telephony.PhoneProxy) {249d39f}
08-09 10:45:16.290  1158  1158 D SubscriptionController: getSimStateForSubscriber:  simState=READY ordinal=5
08-09 10:45:16.291   722   812 D SubscriptionManager: getSimStateForSubscriber: simState=5 subId=1
08-09 10:45:16.291   722   812 D TelephonyManager: getSimState: simState=5 slotIdx=0
08-09 10:45:16.293  1158  1158 D GsmSST  : [GsmSST] SST.getAllCellInfo(): return last, same thread can't block
08-09 10:45:16.293  1158  1158 D GsmSST  : [GsmSST] SST.getAllCellInfo(): X size=0 list=null
08-09 10:45:16.293  1158  1158 D GsmSST  : [GsmSST] getCellLocation(): X empty mCellLoc and CellInfo mCellLoc=[-1,-1,252]
08-09 10:45:16.297   722   927 D TelephonyRegistry: notifyCellLocationForSubscriber: subId=1 cellLocation=Bundle[mParcelledData.dataSize=64]
08-09 10:45:16.303  1158  1158 D GsmSST  : [GsmSST] SubscriptionListener.onSubscriptionInfoChanged
08-09 10:45:16.304  1158  1158 D DCT     : [0]SubscriptionListener.onSubscriptionInfoChanged
08-09 10:45:16.308  1158  1158 D DctController: onSubInfoReady mPhoneNum=1
08-09 10:45:16.308  1158  1158 D DctController: onSubInfoReady handle pending requests subId=1
08-09 10:45:16.309  1158  1158 D DctController: [TNF 1]evalPendingRequest, pending request size is 0
08-09 10:45:16.309  1158  1158 D DctController: processRequests
08-09 10:45:16.310  1158  1158 E PhoneBase: Error! unregisterForCallWaiting() in PhoneBase should not be called, CDMAPhone inactive.
08-09 10:45:16.332  1158  1158 D PhoneFactory: getPhone:- phoneId != DEFAULT_PHONE_ID return sProxyPhones[phoneId] phoneId=0 phone=Handler (com.android.internal.telephony.PhoneProxy) {249d39f}
08-09 10:45:16.338  1158  1158 D TelephonyManager: getTelephonyProperty: return propVal='null' phoneId=0 property='gsm.operator.alpha' defaultVal='' prop=
08-09 10:45:16.366  1158  1195 D PhoneFactory: getPhone:- phoneId != DEFAULT_PHONE_ID return sProxyPhones[phoneId] phoneId=0 phone=Handler (com.android.internal.telephony.PhoneProxy) {249d39f}
08-09 10:45:16.411  1158  1202 D SubscriptionController: [getActiveSubInfoList]+
08-09 10:45:16.411  1158  1467 D DCT     : [0]hasMatchedTetherApnSetting: APN=null
08-09 10:45:16.413  1158  1202 D SubscriptionController: selection:sim_id>=0 null
08-09 10:45:16.414  1158  1361 D PhoneFactory: getPhone:- phoneId != DEFAULT_PHONE_ID return sProxyPhones[phoneId] phoneId=0 phone=Handler (com.android.internal.telephony.PhoneProxy) {249d39f}
08-09 10:45:16.419   722   786 D TelephonyManager: getTelephonyProperty: return propVal='null' phoneId=0 property='gsm.operator.iso-country' defaultVal='' prop=
08-09 10:45:16.423   722   786 D TelephonyManager: getTelephonyProperty: return propVal='cn' phoneId=0 property='gsm.sim.operator.iso-country' defaultVal='' prop=cn
08-09 10:45:16.429  1158  1158 E PhoneBase: Error! registerForCallWaiting() in PhoneBase should not be called, CDMAPhone inactive.
08-09 10:45:16.430  1158  1202 D TelephonyManager: getTelephonyProperty: return propVal='cn' phoneId=0 property='gsm.sim.operator.iso-country' defaultVal='' prop=cn
08-09 10:45:16.430  1158  1202 D SubscriptionController: [getSubInfoRecord] id:1 iccid:89860115921101579076 simSlotIndex:0 displayName:CARD 1 nameSource:0 iconTint:-16746133 dataRoaming:0 mcc:460 mnc:1 countIso:cn
08-09 10:45:16.432  1158  1202 D PhoneFactory: getPhone:- phoneId != DEFAULT_PHONE_ID return sProxyPhones[phoneId] phoneId=0 phone=Handler (com.android.internal.telephony.PhoneProxy) {249d39f}
08-09 10:45:16.434  1158  1158 D SubscriptionController: [getActiveSubInfoList]+
08-09 10:45:16.437  1158  1158 D SubscriptionController: selection:sim_id>=0 null
08-09 10:45:16.438  1158  1202 D SubscriptionController: [getActiveSubInfoList]- 1 infos return
08-09 10:45:16.451  1158  1158 D TelephonyManager: getTelephonyProperty: return propVal='cn' phoneId=0 property='gsm.sim.operator.iso-country' defaultVal='' prop=cn
08-09 10:45:16.452  1158  1158 D SubscriptionController: [getSubInfoRecord] id:1 iccid:89860115921101579076 simSlotIndex:0 displayName:CARD 1 nameSource:0 iconTint:-16746133 dataRoaming:0 mcc:460 mnc:1 countIso:cn
08-09 10:45:16.453  1158  1158 D PhoneFactory: getPhone:- phoneId != DEFAULT_PHONE_ID return sProxyPhones[phoneId] phoneId=0 phone=Handler (com.android.internal.telephony.PhoneProxy) {249d39f}
08-09 10:45:16.457  1158  1158 D SubscriptionController: [getActiveSubInfoList]- 1 infos return
08-09 10:45:16.465  1158  1158 D DctController: handleMessage msg={ when=-156ms what=100 target=com.android.internal.telephony.dataconnection.DctController }
