04-13 20:15:35.548   722 10551 W InputManager: Input event injection from pid 2379 failed.
04-13 20:15:35.556   722   812 W InputManager: Input event injection from pid 2379 failed.
04-13 20:15:35.646   722  1296 W InputMethodManagerService: Window already focused, ignoring focus gain of: com.android.internal.view.IInputMethodClient$Stub$Proxy@1cc7f4eb attribute=null, token = android.os.BinderProxy@3a345550
04-13 20:15:47.460   722  1244 V WindowManager: Adding window Window{26fd0af4 u0 PopupWindow:932f3b7} at 3 of 9 (after Window{626e349 u0 com.zhihu.android/com.zhihu.android.app.ui.activity.MainActivity})
04-13 20:15:48.780   722   739 W InputMethodManagerService: Window already focused, ignoring focus gain of: com.android.internal.view.IInputMethodClient$Stub$Proxy@f59e260 attribute=null, token = android.os.BinderProxy@3a345550
04-13 20:15:52.261   722   787 W ProcessCpuTracker: Skipping unknown process pid 8175
04-13 20:16:10.600   722   787 W ProcessCpuTracker: Skipping unknown process pid 12657
04-13 20:16:19.055   722  1295 V WindowManager: not Base app: Adding window Window{2ceecc51 u0 com.zhihu.android/com.zhihu.android.app.ui.activity.MainActivity} at 3 of 9
04-13 20:16:20.758   722  1089 V WindowManager: not Base app: Adding window Window{2182dc8d u0 com.zhihu.android/com.zhihu.android.app.ui.activity.MainActivity} at 5 of 11
04-13 20:16:21.983   722  1296 W InputMethodManagerService: Window already focused, ignoring focus gain of: com.android.internal.view.IInputMethodClient$Stub$Proxy@3ccdb489 attribute=null, token = android.os.BinderProxy@3a345550
04-13 20:16:37.724   722  1239 W InputMethodManagerService: Window already focused, ignoring focus gain of: com.android.internal.view.IInputMethodClient$Stub$Proxy@3b8dcc8e attribute=null, token = android.os.BinderProxy@3a345550
04-13 20:16:50.286   722   808 I WindowManager: Input event dispatching timed out sending to com.zhihu.android/com.zhihu.android.app.ui.activity.MainActivity.  Reason: Waiting to send key event because the focused window has not finished processing all of the input events that were previously delivered to it.  Outbound queue length: 0.  Wait queue length: 1.
04-13 20:16:50.368   722   787 I ActivityManager: Skipping duplicate ANR: ProcessRecord{1acd0c76 1847:com.zhihu.android/u0a54} Input dispatching timed out (Waiting to send key event because the focused window has not finished processing all of the input events that were previously delivered to it.  Outbound queue length: 0.  Wait queue length: 1.)
04-13 20:16:50.370   722   739 W InputManager: Input event injection from pid 2379 timed out.
04-13 20:16:56.379   722   808 I WindowManager: Input event dispatching timed out sending to com.zhihu.android/com.zhihu.android.app.ui.activity.MainActivity.  Reason: Waiting to send non-key event because the touched window has not finished processing certain input events that were delivered to it over 500.0ms ago.  Wait queue length: 2.  Wait queue head age: 11100.4ms.
04-13 20:16:56.471   722   787 I ActivityManager: Skipping duplicate ANR: ProcessRecord{1acd0c76 1847:com.zhihu.android/u0a54} Input dispatching timed out (Waiting to send non-key event because the touched window has not finished processing certain input events that were delivered to it over 500.0ms ago.  Wait queue length: 2.  Wait queue head age: 11100.4ms.)
04-13 20:16:56.471   722   927 W InputManager: Input event injection from pid 2379 timed out.
04-13 20:16:56.473   722  1239 W InputManager: Input event injection from pid 2379 failed.
04-13 20:16:56.475   722  1295 W InputManager: Input event injection from pid 2379 failed.
04-13 20:16:56.477   722  9913 W InputManager: Input event injection from pid 2379 failed.
04-13 20:16:56.479   722   739 W InputManager: Input event injection from pid 2379 failed.
04-13 20:17:03.527   722   808 I WindowManager: Input event dispatching timed out sending to com.zhihu.android/com.zhihu.android.app.ui.activity.MainActivity.  Reason: Waiting to send non-key event because the touched window has not finished processing certain input events that were delivered to it over 500.0ms ago.  Wait queue length: 2.  Wait queue head age: 18246.9ms.
04-13 20:17:03.638   722  1089 W InputManager: Input event injection from pid 2379 timed out.
04-13 20:17:03.641   722 10551 W InputManager: Input event injection from pid 2379 failed.
04-13 20:17:03.644   722  1245 W InputManager: Input event injection from pid 2379 failed.
04-13 20:17:03.647   722  1296 W InputManager: Input event injection from pid 2379 failed.
04-13 20:17:03.650   722  1244 W InputManager: Input event injection from pid 2379 failed.
04-13 20:17:03.655   722   738 W InputManager: Input event injection from pid 2379 failed.
04-13 20:17:03.658   722   927 W InputManager: Input event injection from pid 2379 failed.
04-13 20:17:03.662   722  1239 W InputManager: Input event injection from pid 2379 failed.
04-13 20:17:03.665   722  1295 W InputManager: Input event injection from pid 2379 failed.
04-13 20:17:03.672   722  9913 W InputManager: Input event injection from pid 2379 failed.
04-13 20:17:03.680   722   787 I ActivityManager: Skipping duplicate ANR: ProcessRecord{1acd0c76 1847:com.zhihu.android/u0a54} Input dispatching timed out (Waiting to send non-key event because the touched window has not finished processing certain input events that were delivered to it over 500.0ms ago.  Wait queue length: 2.  Wait queue head age: 18246.9ms.)
04-13 20:17:34.213   722  1295 I ActivityManager: START u0 {act=android.intent.action.MAIN cat=[android.intent.category.LAUNCHER] flg=0x10200000 cmp=com.zhihu.android/.app.ui.activity.MainActivity} from uid 0 on display 0
04-13 20:17:35.846   722  1296 W ProcessCpuTracker: Skipping unknown process pid 25000
04-13 20:17:35.870   722  1296 W ProcessCpuTracker: Skipping unknown process pid 25018
04-13 20:17:46.647   722  1245 I ActivityManager: START u0 {act=android.intent.action.SEND typ=text/plain flg=0x80001 cmp=com.android.mms/.ui.ComposeMessageActivity (has clip) (has extras)} from uid 10054 on display 0
04-13 20:17:48.354   722   787 W ProcessCpuTracker: Skipping unknown process pid 26639
04-13 20:17:48.355   722   787 W ProcessCpuTracker: Skipping unknown process pid 26640
04-13 20:17:48.414   722   787 W ProcessCpuTracker: Skipping unknown process pid 26642
04-13 20:17:48.415   722   787 W ProcessCpuTracker: Skipping unknown process pid 26643
04-13 20:17:48.477   722   787 W ProcessCpuTracker: Skipping unknown process pid 27687
04-13 20:18:15.386   722   787 W ProcessCpuTracker: Skipping unknown process pid 2513
04-13 20:18:42.892   722 10551 V WindowManager: not Base app: Adding window Window{fdc8243 u0 com.zhihu.android/com.zhihu.android.app.ui.activity.MainActivity} at 3 of 10
04-13 20:18:43.699   722 10551 V WindowManager: not Base app: Adding window Window{203aff9f u0 com.zhihu.android/com.zhihu.android.app.ui.activity.MainActivity} at 4 of 11
04-13 20:18:57.947   722 11468 W InputMethodManagerService: Window already focused, ignoring focus gain of: com.android.internal.view.IInputMethodClient$Stub$Proxy@a7294b5 attribute=null, token = android.os.BinderProxy@284c753e
04-13 20:19:01.859   722  1244 I ActivityManager: START u0 {act=android.intent.action.MAIN cat=[android.intent.category.LAUNCHER] flg=0x10200000 cmp=com.zhihu.android/.app.ui.activity.MainActivity} from uid 0 on display 0
04-13 20:19:05.057   722  1244 V WindowManager: Adding window Window{b9d37d8 u0 SubPanel:com.zhihu.android/com.zhihu.android.app.ui.activity.MainActivity} at 3 of 11 (after Window{626e349 u0 com.zhihu.android/com.zhihu.android.app.ui.activity.MainActivity})
04-13 20:19:15.967   722  1252 W ProcessCpuTracker: Skipping unknown process pid 16065
04-13 20:19:16.014   722  1252 W ProcessCpuTracker: Skipping unknown process pid 16071
04-13 20:19:32.883   722 10551 I ActivityManager: START u0 {act=android.intent.action.MAIN cat=[android.intent.category.LAUNCHER] flg=0x10200000 cmp=com.zhihu.android/.app.ui.activity.MainActivity} from uid 0 on display 0
04-13 20:19:52.787   722   927 W BackupManagerService: dataChanged but no participant pkg='com.android.providers.settings' uid=10013
04-13 20:19:52.809   722   722 D ZenLog  : set_zen_mode: important_interruptions,setting
04-13 20:19:52.809   722   722 D ZenLog  : update_zen_mode: off -> important_interruptions
04-13 20:19:52.813   722   722 D ZenLog  : set_ringer_mode_internal: ZenModeHelper,i:normal->normal,e:normal->silent
04-13 20:20:10.340   722   927 I ActivityManager: START u0 {act=android.intent.action.MAIN cat=[android.intent.category.LAUNCHER] flg=0x10200000 cmp=com.zhihu.android/.app.ui.activity.MainActivity} from uid 0 on display 0
04-13 20:20:46.149   722   786 I UsageStatsService: User[0] Flushing usage stats to disk
04-13 20:20:58.530   722   738 I ActivityManager: START u0 {act=android.intent.action.MAIN cat=[android.intent.category.LAUNCHER] flg=0x10200000 cmp=com.zhihu.android/.app.ui.activity.MainActivity} from uid 0 on display 0
04-13 20:21:19.673   722  1252 W InputMethodManagerService: Window already focused, ignoring focus gain of: com.android.internal.view.IInputMethodClient$Stub$Proxy@1b0c9195 attribute=null, token = android.os.BinderProxy@284c753e
04-13 20:21:31.525   722   738 I ActivityManager: START u0 {act=android.intent.action.MAIN cat=[android.intent.category.LAUNCHER] flg=0x10200000 cmp=com.zhihu.android/.app.ui.activity.MainActivity} from uid 0 on display 0
04-13 20:21:35.574   722  1252 W ProcessCpuTracker: Skipping unknown process pid 10710
04-13 20:21:43.495   722  1252 W InputMethodManagerService: Window already focused, ignoring focus gain of: com.android.internal.view.IInputMethodClient$Stub$Proxy@df1b211 attribute=null, token = android.os.BinderProxy@284c753e
04-13 20:21:50.287   722 23547 W InputMethodManagerService: Window already focused, ignoring focus gain of: com.android.internal.view.IInputMethodClient$Stub$Proxy@1e502f76 attribute=null, token = android.os.BinderProxy@284c753e
04-13 20:22:09.240   722   812 I ActivityManager: START u0 {act=android.intent.action.MAIN cat=[android.intent.category.LAUNCHER] flg=0x10200000 cmp=com.zhihu.android/.app.ui.activity.MainActivity} from uid 0 on display 0
04-13 20:22:15.583   722  1295 W ProcessCpuTracker: Skipping unknown process pid 11933
04-13 20:22:15.584   722  1295 W ProcessCpuTracker: Skipping unknown process pid 11935
04-13 20:22:25.303   722   827 D ConnectivityService: updateNetworkScore for NetworkAgentInfo [WIFI () - 100] to 55
04-13 20:22:25.303   722   827 D ConnectivityService: rematching NetworkAgentInfo [WIFI () - 100]
04-13 20:22:25.304   722   827 D ConnectivityService: Network NetworkAgentInfo [WIFI () - 100] was already satisfying request 1. No change.
04-13 20:22:25.304   722   827 D ConnectivityService: notifyType AVAILABLE for NetworkAgentInfo [WIFI () - 100]
04-13 20:22:26.845   722  9913 W ProcessCpuTracker: Skipping unknown process pid 12089
04-13 20:22:26.846   722  9913 W ProcessCpuTracker: Skipping unknown process pid 12090
04-13 20:22:26.850   722  9913 W ProcessCpuTracker: Skipping unknown process pid 12092
04-13 20:22:26.851   722  9913 W ProcessCpuTracker: Skipping unknown process pid 12093
04-13 20:22:26.856   722  9913 W ProcessCpuTracker: Skipping unknown process pid 12100
04-13 20:22:26.867   722  9913 W ProcessCpuTracker: Skipping unknown process pid 12150
04-13 20:22:28.535   722   827 D ConnectivityService: updateNetworkScore for NetworkAgentInfo [WIFI () - 100] to 56
04-13 20:22:28.535   722   827 D ConnectivityService: rematching NetworkAgentInfo [WIFI () - 100]
04-13 20:22:28.535   722   827 D ConnectivityService: Network NetworkAgentInfo [WIFI () - 100] was already satisfying request 1. No change.
04-13 20:22:28.535   722   827 D ConnectivityService: notifyType AVAILABLE for NetworkAgentInfo [WIFI () - 100]
04-13 20:22:31.715   722   827 D ConnectivityService: updateNetworkScore for NetworkAgentInfo [WIFI () - 100] to 55
04-13 20:22:31.715   722   827 D ConnectivityService: rematching NetworkAgentInfo [WIFI () - 100]
04-13 20:22:31.715   722   827 D ConnectivityService: Network NetworkAgentInfo [WIFI () - 100] was already satisfying request 1. No change.
04-13 20:22:31.716   722   827 D ConnectivityService: notifyType AVAILABLE for NetworkAgentInfo [WIFI () - 100]
04-13 20:22:34.946   722   827 D ConnectivityService: updateNetworkScore for NetworkAgentInfo [WIFI () - 100] to 56
04-13 20:22:34.947   722   827 D ConnectivityService: rematching NetworkAgentInfo [WIFI () - 100]
04-13 20:22:34.947   722   827 D ConnectivityService: Network NetworkAgentInfo [WIFI () - 100] was already satisfying request 1. No change.
04-13 20:22:34.947   722   827 D ConnectivityService: notifyType AVAILABLE for NetworkAgentInfo [WIFI () - 100]
04-13 20:22:36.119   722  1296 W ProcessCpuTracker: Skipping unknown process pid 14337
04-13 20:22:38.296   722   827 D ConnectivityService: updateNetworkScore for NetworkAgentInfo [WIFI () - 100] to 55
04-13 20:22:38.296   722   827 D ConnectivityService: rematching NetworkAgentInfo [WIFI () - 100]
04-13 20:22:38.296   722   827 D ConnectivityService: Network NetworkAgentInfo [WIFI () - 100] was already satisfying request 1. No change.
04-13 20:22:38.297   722   827 D ConnectivityService: notifyType AVAILABLE for NetworkAgentInfo [WIFI () - 100]
04-13 20:22:41.486   722   827 D ConnectivityService: updateNetworkScore for NetworkAgentInfo [WIFI () - 100] to 56
04-13 20:22:41.487   722   827 D ConnectivityService: rematching NetworkAgentInfo [WIFI () - 100]
04-13 20:22:41.487   722   827 D ConnectivityService: Network NetworkAgentInfo [WIFI () - 100] was already satisfying request 1. No change.
04-13 20:22:41.487   722   827 D ConnectivityService: notifyType AVAILABLE for NetworkAgentInfo [WIFI () - 100]
04-13 20:22:50.535   722  1296 I ActivityManager: START u0 {act=android.intent.action.MAIN cat=[android.intent.category.LAUNCHER] flg=0x10200000 cmp=com.zhihu.android/.app.ui.activity.MainActivity} from uid 0 on display 0
04-13 20:22:55.630   722 23547 W ProcessCpuTracker: Skipping unknown process pid 17228
04-13 20:22:55.642   722 23547 W ProcessCpuTracker: Skipping unknown process pid 17242
04-13 20:23:15.708   722  1245 W ProcessCpuTracker: Skipping unknown process pid 17567
04-13 20:23:20.283   722   808 I ActivityManager: START u0 {act=android.intent.action.MAIN cat=[android.intent.category.LAUNCHER] flg=0x10000000 cmp=com.android.contacts/.activities.PeopleActivity sel=act=android.intent.action.MAIN cat=[android.intent.category.APP_CONTACTS]}} from uid 1000 on display 0
04-13 20:23:21.419   722  1295 I ActivityManager: START u0 {act=android.intent.action.MAIN cat=[android.intent.category.LAUNCHER] flg=0x10200000 cmp=com.zhihu.android/.app.ui.activity.MainActivity} from uid 0 on display 0
04-13 20:23:38.034   722   927 I ActivityManager: START u0 {act=android.intent.action.MAIN cat=[android.intent.category.LAUNCHER] flg=0x10200000 cmp=com.zhihu.android/.app.ui.activity.MainActivity} from uid 0 on display 0
04-13 20:23:50.692   722 11468 W InputMethodManagerService: Window already focused, ignoring focus gain of: com.android.internal.view.IInputMethodClient$Stub$Proxy@c649fb9 attribute=null, token = android.os.BinderProxy@284c753e
04-13 20:23:55.716   722 11468 W ProcessCpuTracker: Skipping unknown process pid 20289
04-13 20:24:07.259   722  1295 W InputMethodManagerService: Window already focused, ignoring focus gain of: com.android.internal.view.IInputMethodClient$Stub$Proxy@cc9f1ac attribute=null, token = android.os.BinderProxy@284c753e
04-13 20:24:11.945   722   739 V WindowManager: not Base app: Adding window Window{30ba7c98 u0 com.zhihu.android/com.zhihu.android.app.ui.activity.MainActivity} at 5 of 12
04-13 20:24:15.731   722  1239 W ProcessCpuTracker: Skipping unknown process pid 20434
04-13 20:24:17.043   722  1239 W InputMethodManagerService: Window already focused, ignoring focus gain of: com.android.internal.view.IInputMethodClient$Stub$Proxy@1226ca44 attribute=null, token = android.os.BinderProxy@284c753e
04-13 20:24:21.031   722   808 I ActivityManager: START u0 {act=android.intent.action.MAIN cat=[android.intent.category.LAUNCHER] flg=0x10000000 cmp=com.android.contacts/.activities.PeopleActivity sel=act=android.intent.action.MAIN cat=[android.intent.category.APP_CONTACTS]}} from uid 1000 on display 0
04-13 20:24:45.773   722  9913 W ProcessCpuTracker: Skipping unknown process pid 21466
04-13 20:25:15.505   722   808 I ActivityManager: START u0 {act=android.intent.action.SHOW_BRIGHTNESS_DIALOG cmp=com.android.systemui/.settings.BrightnessDialog} from uid 1000 on display 0
04-13 20:25:29.261   722 30841 W ProcessCpuTracker: Skipping unknown process pid 21803
04-13 20:25:48.873   722 11468 I ActivityManager: START u0 {act=android.intent.action.MAIN cat=[android.intent.category.LAUNCHER] flg=0x10200000 cmp=com.zhihu.android/.app.ui.activity.MainActivity} from uid 0 on display 0
04-13 20:25:55.698   722  9913 W InputMethodManagerService: Window already focused, ignoring focus gain of: com.android.internal.view.IInputMethodClient$Stub$Proxy@152a9461 attribute=null, token = android.os.BinderProxy@284c753e
04-13 20:25:55.832   722  1089 W ProcessCpuTracker: Skipping unknown process pid 28416
04-13 20:26:09.359   722  1296 I ActivityManager: START u0 {act=android.intent.action.MAIN cat=[android.intent.category.LAUNCHER] flg=0x10008000 cmp=com.android.settings/.UsbSettings} from uid 1000 on display 0
04-13 20:26:09.394   722 11468 W InputMethodManagerService: Window already focused, ignoring focus gain of: com.android.internal.view.IInputMethodClient$Stub$Proxy@20bb7d3f attribute=null, token = android.os.BinderProxy@284c753e
04-13 20:26:22.231   722   739 W InputMethodManagerService: Window already focused, ignoring focus gain of: com.android.internal.view.IInputMethodClient$Stub$Proxy@2f3026f8 attribute=null, token = android.os.BinderProxy@284c753e
04-13 20:26:45.860   722  1295 W ProcessCpuTracker: Skipping unknown process pid 28920
04-13 20:26:46.125   722  1252 V WindowManager: Adding window Window{3efd4236 u0 PopupWindow:766b7e7} at 5 of 11 (after Window{203aff9f u0 com.zhihu.android})
04-13 20:27:03.361   722  1089 V WindowManager: Adding window Window{15bcbaa4 u0 PopupWindow:766b7e7} at 5 of 11 (after Window{203aff9f u0 com.zhihu.android})
04-13 20:27:07.370   722 11468 I ActivityManager: START u0 {act=android.intent.action.MAIN cat=[android.intent.category.LAUNCHER] flg=0x10200000 cmp=com.zhihu.android/.app.ui.activity.MainActivity} from uid 0 on display 0
04-13 20:27:10.414   722   927 I ActivityManager: START u0 {act=android.intent.action.MAIN cat=[android.intent.category.LAUNCHER] flg=0x10200000 cmp=com.zhihu.android/.app.ui.activity.MainActivity} from uid 0 on display 0
04-13 20:27:12.532   722  1089 V WindowManager: Adding window Window{3d453009 u0 PopupWindow:766b7e7} at 5 of 11 (after Window{203aff9f u0 com.zhihu.android})
04-13 20:27:16.703   722 11468 I ActivityManager: START u0 {act=android.intent.action.MAIN cat=[android.intent.category.LAUNCHER] flg=0x10200000 cmp=com.zhihu.android/.app.ui.activity.MainActivity} from uid 0 on display 0
04-13 20:27:17.807   722  1245 W BackupManagerService: dataChanged but no participant pkg='com.android.providers.settings' uid=10013
04-13 20:27:17.813   722   722 D ZenLog  : set_zen_mode: no_interruptions,setting
04-13 20:27:17.814   722   722 D ZenLog  : update_zen_mode: important_interruptions -> no_interruptions
04-13 20:27:17.827   722   722 D ZenLog  : set_ringer_mode_internal: ZenModeHelper,i:normal->silent,e:silent->silent
04-13 20:27:17.843   722  9913 D ConditionProviders: Subscribing to condition://android/countdown/1492090037831 with android.service.notification.ConditionProviderService$Provider@1d39d07f
04-13 20:27:17.848   722  9913 D ZenLog  : subscribe: condition://android/countdown/1492090037831,ok
04-13 20:27:17.854   722  9913 D ZenLog  : exit_condition: Condition[id=condition://android/countdown/1492090037831,summary=For one hour (until 9:27 PM),line1=For one hour,line2=Until 9:27 PM,icon=0,state=STATE_TRUE,flags=1],{android/com.android.server.notification.CountdownConditionProvider},binderCall
04-13 20:27:17.862   722  9913 D ZenLog  : config: ZenModeConfig[allowCalls=false,allowMessages=false,allowFrom=anyone,allowEvents=true,sleepMode=null,sleepStart=22.0,sleepEnd=7.0,sleepNone=false,conditionComponents=null,conditionIds=null,exitCondition=Condition[id=condition://android/countdown/1492090037831,summary=For one hour (until 9:27 PM),line1=For one hour,line2=Until 9:27 PM,icon=0,state=STATE_TRUE,flags=1],exitConditionComponent=ComponentInfo{android/com.android.server.notification.CountdownConditionProvider}]
04-13 20:27:17.862   722   722 D NotificationService: handleSavePolicyFile
04-13 20:27:25.921   722   787 W ProcessCpuTracker: Skipping unknown process pid 29174
04-13 20:27:25.925   722   787 W ProcessCpuTracker: Skipping unknown process pid 29176
04-13 20:27:45.930   722   739 W ProcessCpuTracker: Skipping unknown process pid 29281
04-13 20:27:55.616   722   738 V WindowManager: Adding window Window{1079e44b u0 PopupWindow:766b7e7} at 5 of 11 (after Window{203aff9f u0 com.zhihu.android})
04-13 20:27:55.935   722  1296 W ProcessCpuTracker: Skipping unknown process pid 29375
04-13 20:28:13.897   722  1239 V WindowManager: Adding window Window{36a5d741 u0 PopupWindow:766b7e7} at 5 of 11 (after Window{203aff9f u0 com.zhihu.android})
04-13 20:28:16.842   722 23547 I ActivityManager: START u0 {act=android.intent.action.MAIN cat=[android.intent.category.LAUNCHER] flg=0x10200000 cmp=com.zhihu.android/.app.ui.activity.MainActivity} from uid 0 on display 0
04-13 20:28:28.181   722 30841 I ActivityManager: START u0 {act=android.intent.action.MAIN cat=[android.intent.category.LAUNCHER] flg=0x10200000 cmp=com.zhihu.android/.app.ui.activity.MainActivity} from uid 0 on display 0
04-13 20:28:35.983   722   812 W ProcessCpuTracker: Skipping unknown process pid 29649
04-13 20:28:35.985   722   812 W ProcessCpuTracker: Skipping unknown process pid 29653
04-13 20:28:45.767   722  1245 V WindowManager: Adding window Window{147091c3 u0 PopupWindow:766b7e7} at 5 of 11 (after Window{203aff9f u0 com.zhihu.android})
04-13 20:28:45.963   722  1295 W ProcessCpuTracker: Skipping unknown process pid 29704
04-13 20:28:52.903   722 10551 V WindowManager: Adding window Window{311d2d79 u0 PopupWindow:766b7e7} at 5 of 11 (after Window{203aff9f u0 com.zhihu.android})
04-13 20:28:57.962   722   738 V WindowManager: Adding window Window{3ec0871f u0 PopupWindow:766b7e7} at 5 of 11 (after Window{203aff9f u0 com.zhihu.android})
04-13 20:29:01.956   722   739 I ActivityManager: START u0 {act=android.intent.action.MAIN cat=[android.intent.category.LAUNCHER] flg=0x10200000 cmp=com.zhihu.android/.app.ui.activity.MainActivity} from uid 0 on display 0
04-13 20:29:16.022   722   739 W ProcessCpuTracker: Skipping unknown process pid 29898
04-13 20:29:26.041   722 23547 W ProcessCpuTracker: Skipping unknown process pid 29956
04-13 20:29:26.044   722 23547 W ProcessCpuTracker: Skipping unknown process pid 29960
04-13 20:29:36.049   722  9913 W ProcessCpuTracker: Skipping unknown process pid 29996
04-13 20:29:36.054   722  9913 W ProcessCpuTracker: Skipping unknown process pid 29998
04-13 20:29:39.768   722 30841 I ActivityManager: START u0 {act=android.intent.action.MAIN cat=[android.intent.category.LAUNCHER] flg=0x10200000 cmp=com.zhihu.android/.app.ui.activity.MainActivity} from uid 0 on display 0
04-13 20:29:39.854   722   787 I ProcessStatsService: Prepared write state in 9ms
04-13 20:29:46.037   722  1245 W ProcessCpuTracker: Skipping unknown process pid 30065
04-13 20:29:46.040   722  1245 W ProcessCpuTracker: Skipping unknown process pid 30067
04-13 20:29:56.017   722  1245 I ActivityManager: START u0 {act=android.intent.action.MAIN cat=[android.intent.category.LAUNCHER] flg=0x10200000 cmp=com.zhihu.android/.app.ui.activity.MainActivity} from uid 0 on display 0
04-13 20:29:56.102   722 30841 W ProcessCpuTracker: Skipping unknown process pid 30138
04-13 20:30:00.005   722   722 I ActivityManager: Killing 1651:com.android.mms/u0a8 (adj 11): empty for 1801s
04-13 20:30:00.020   722 11468 D CountryDetector: No listener is left
04-13 20:30:00.029   722   722 I ActivityManager: Killing 1788:com.android.email/u0a28 (adj 13): empty for 1801s
04-13 20:30:00.067   722   722 I ActivityManager: Killing 1807:com.android.exchange/u0a29 (adj 13): empty for 1804s
04-13 20:30:00.099   722   722 I ActivityManager: Killing 1014:com.android.settings/1000 (adj 13): empty for 1806s
04-13 20:30:00.117   722   826 D WifiService: Client connection lost with reason: 4
04-13 20:30:00.178   722   722 I ActivityManager: Killing 1691:com.android.onetimeinitializer/u0a10 (adj 13): empty for 1806s
04-13 20:30:00.231   722   722 I ActivityManager: Killing 1620:com.android.managedprovisioning/u0a7 (adj 13): empty for 1806s
04-13 20:30:00.258   722   722 I ActivityManager: Killing 1570:com.android.dialer/u0a4 (adj 15): empty for 1807s
04-13 20:30:06.444   722 10551 V WindowManager: Adding window Window{290971b3 u0 PopupWindow:766b7e7} at 5 of 11 (after Window{203aff9f u0 com.zhihu.android})
04-13 20:30:17.555   722 11468 V WindowManager: Adding window Window{306766e9 u0 PopupWindow:766b7e7} at 5 of 11 (after Window{203aff9f u0 com.zhihu.android})
04-13 20:30:26.451   722   927 W ProcessCpuTracker: Skipping unknown process pid 30355
04-13 20:30:40.955   722  1089 V WindowManager: Adding window Window{139f760f u0 PopupWindow:766b7e7} at 5 of 11 (after Window{203aff9f u0 com.zhihu.android})
04-13 20:31:06.433   722 30841 V WindowManager: Adding window Window{20c688a5 u0 PopupWindow:766b7e7} at 5 of 11 (after Window{203aff9f u0 com.zhihu.android})
04-13 20:31:16.143   722 30841 W ProcessCpuTracker: Skipping unknown process pid 30658
04-13 20:31:16.144   722 30841 W ProcessCpuTracker: Skipping unknown process pid 30660
04-13 20:31:26.137   722 10551 W ProcessCpuTracker: Skipping unknown process pid 30710
04-13 20:31:41.328   722  1089 V WindowManager: Adding window Window{1b3c0a21 u0 PopupWindow:766b7e7} at 5 of 11 (after Window{203aff9f u0 com.zhihu.android})
04-13 20:31:46.193   722  1239 W ProcessCpuTracker: Skipping unknown process pid 30858
04-13 20:31:47.406   722   812 V WindowManager: Adding window Window{8761807 u0 PopupWindow:766b7e7} at 5 of 11 (after Window{203aff9f u0 com.zhihu.android})
04-13 20:31:56.520   722   812 W ProcessCpuTracker: Skipping unknown process pid 30926
04-13 20:31:56.525   722   812 W ProcessCpuTracker: Skipping unknown process pid 30934
04-13 20:32:05.785   722  1089 V WindowManager: Adding window Window{192e275d u0 PopupWindow:766b7e7} at 5 of 11 (after Window{203aff9f u0 com.zhihu.android})
04-13 20:32:10.850   722   812 V WindowManager: Adding window Window{e522da3 u0 PopupWindow:766b7e7} at 5 of 11 (after Window{203aff9f u0 com.zhihu.android})
04-13 20:32:13.367   722   827 D ConnectivityService: updateNetworkScore for NetworkAgentInfo [WIFI () - 100] to 60
04-13 20:32:13.368   722   827 D ConnectivityService: rematching NetworkAgentInfo [WIFI () - 100]
04-13 20:32:13.373   722   827 D ConnectivityService: Network NetworkAgentInfo [WIFI () - 100] was already satisfying request 1. No change.
04-13 20:32:13.373   722   827 D ConnectivityService: notifyType AVAILABLE for NetworkAgentInfo [WIFI () - 100]
04-13 20:32:19.051   722   927 V WindowManager: Adding window Window{a2adc59 u0 PopupWindow:766b7e7} at 5 of 11 (after Window{203aff9f u0 com.zhihu.android})
04-13 20:32:19.454   722   827 D ConnectivityService: updateNetworkScore for NetworkAgentInfo [WIFI () - 100] to 56
04-13 20:32:19.455   722   827 D ConnectivityService: rematching NetworkAgentInfo [WIFI () - 100]
04-13 20:32:19.455   722   827 D ConnectivityService: Network NetworkAgentInfo [WIFI () - 100] was already satisfying request 1. No change.
04-13 20:32:19.456   722   827 D ConnectivityService: notifyType AVAILABLE for NetworkAgentInfo [WIFI () - 100]
04-13 20:32:26.235   722  1296 W ProcessCpuTracker: Skipping unknown process pid 31140
04-13 20:32:32.322   722  1296 V WindowManager: Adding window Window{2a5000ff u0 PopupWindow:766b7e7} at 5 of 11 (after Window{203aff9f u0 com.zhihu.android})
04-13 20:32:46.223   722  1245 W ProcessCpuTracker: Skipping unknown process pid 31275
04-13 20:32:55.714   722  1089 I ActivityManager: START u0 {act=android.intent.action.MAIN cat=[android.intent.category.LAUNCHER] flg=0x10200000 cmp=com.zhihu.android/.app.ui.activity.MainActivity} from uid 0 on display 0
04-13 20:33:17.149   722   927 V WindowManager: Adding window Window{3f6f10f7 u0 PopupWindow:766b7e7} at 5 of 12 (after Window{203aff9f u0 com.zhihu.android})
04-13 20:33:26.680   722 11468 V WindowManager: Adding window Window{12eca1cd u0 PopupWindow:766b7e7} at 5 of 11 (after Window{203aff9f u0 com.zhihu.android})
04-13 20:33:28.479   722   808 W IntentResolver: resolveIntent failed: found match, but none with CATEGORY_DEFAULT
04-13 20:33:28.480   722   808 I ActivityManager: START u0 {act=android.intent.action.MAIN cat=[android.intent.category.LAUNCHER] flg=0x10000000 sel=act=android.intent.action.MAIN cat=[android.intent.category.APP_CALCULATOR]}} from uid 1000 on display 0
04-13 20:33:36.749   722   738 V WindowManager: Adding window Window{2df9c593 u0 PopupWindow:766b7e7} at 5 of 11 (after Window{203aff9f u0 com.zhihu.android})
04-13 20:33:50.271   722   927 W BackupManagerService: dataChanged but no participant pkg='com.android.providers.settings' uid=10013
04-13 20:33:50.273   722   722 D ZenLog  : set_zen_mode: off,setting
04-13 20:33:50.273   722   722 D ZenLog  : update_zen_mode: no_interruptions -> off
04-13 20:33:50.280   722   722 D ZenLog  : set_ringer_mode_internal: ZenModeHelper,i:silent->normal,e:silent->normal
04-13 20:33:50.290   722   722 D ZenLog  : unsubscribe: condition://android/countdown/1492090037831,ok
04-13 20:33:50.291   722   722 D ZenLog  : exit_condition: null,null,zenOff
04-13 20:33:50.300   722   722 D ZenLog  : config: ZenModeConfig[allowCalls=false,allowMessages=false,allowFrom=anyone,allowEvents=true,sleepMode=null,sleepStart=22.0,sleepEnd=7.0,sleepNone=false,conditionComponents=null,conditionIds=null,exitCondition=null,exitConditionComponent=null]
04-13 20:33:50.337   722   722 D NotificationService: handleSavePolicyFile
04-13 20:33:59.409   722 23547 V WindowManager: Adding window Window{f893d85 u0 PopupWindow:766b7e7} at 5 of 11 (after Window{203aff9f u0 com.zhihu.android})
04-13 20:34:06.312   722  1245 W ProcessCpuTracker: Skipping unknown process pid 31859
04-13 20:34:11.589   722   812 V WindowManager: Adding window Window{3a52540b u0 PopupWindow:766b7e7} at 5 of 11 (after Window{203aff9f u0 com.zhihu.android})
04-13 20:34:16.662   722 30841 V WindowManager: Adding window Window{b252d01 u0 PopupWindow:766b7e7} at 5 of 11 (after Window{203aff9f u0 com.zhihu.android})
04-13 20:34:26.305   722   739 W ProcessCpuTracker: Skipping unknown process pid 31990
04-13 20:34:26.306   722   739 W ProcessCpuTracker: Skipping unknown process pid 31992
04-13 20:34:33.880   722   812 I ActivityManager: START u0 {act=android.intent.action.MAIN cat=[android.intent.category.LAUNCHER] flg=0x10200000 cmp=com.zhihu.android/.app.ui.activity.MainActivity} from uid 0 on display 0
04-13 20:34:36.330   722  1244 W ProcessCpuTracker: Skipping unknown process pid 32068
04-13 20:34:44.147   722  9913 V WindowManager: Adding window Window{136983d u0 PopupWindow:766b7e7} at 5 of 11 (after Window{203aff9f u0 com.zhihu.android})
04-13 20:34:46.339   722 23547 W ProcessCpuTracker: Skipping unknown process pid 32123
04-13 20:34:53.316   722 30841 V WindowManager: Adding window Window{3b6f3983 u0 PopupWindow:766b7e7} at 5 of 11 (after Window{203aff9f u0 com.zhihu.android})
04-13 20:34:56.377   722 30841 W ProcessCpuTracker: Skipping unknown process pid 32192
04-13 20:34:56.378   722 30841 W ProcessCpuTracker: Skipping unknown process pid 32194
04-13 20:35:11.438   722   739 I ActivityManager: START u0 {act=android.intent.action.MAIN cat=[android.intent.category.LAUNCHER] flg=0x10200000 cmp=com.zhihu.android/.app.ui.activity.MainActivity} from uid 0 on display 0
04-13 20:35:18.605   722   738 I ActivityManager: START u0 {act=android.intent.action.MAIN cat=[android.intent.category.LAUNCHER] flg=0x10200000 cmp=com.zhihu.android/.app.ui.activity.MainActivity} from uid 0 on display 0
04-13 20:35:24.730   722  1296 I ActivityManager: START u0 {act=android.intent.action.MAIN cat=[android.intent.category.LAUNCHER] flg=0x10200000 cmp=com.zhihu.android/.app.ui.activity.MainActivity} from uid 0 on display 0
04-13 20:35:26.372   722 10551 W ProcessCpuTracker: Skipping unknown process pid 32388
04-13 20:35:26.373   722 10551 W ProcessCpuTracker: Skipping unknown process pid 32390
04-13 20:35:26.773   722  1296 I ActivityManager: START u0 {act=android.intent.action.MAIN cat=[android.intent.category.LAUNCHER] flg=0x10200000 cmp=com.zhihu.android/.app.ui.activity.MainActivity} from uid 0 on display 0
04-13 20:35:31.967   722 10551 I ActivityManager: START u0 {act=android.intent.action.MAIN cat=[android.intent.category.LAUNCHER] flg=0x10200000 cmp=com.zhihu.android/.app.ui.activity.MainActivity} from uid 0 on display 0
04-13 20:35:33.027   722   808 I ActivityManager: START u0 {act=android.intent.action.SHOW_BRIGHTNESS_DIALOG cmp=com.android.systemui/.settings.BrightnessDialog} from uid 1000 on display 0
04-13 20:35:35.122   722 23547 V WindowManager: Adding window Window{2ca455fb u0 PopupWindow:766b7e7} at 5 of 11 (after Window{203aff9f u0 com.zhihu.android})
04-13 20:35:37.209   722 30841 V WindowManager: Adding window Window{1dd25871 u0 PopupWindow:766b7e7} at 5 of 11 (after Window{203aff9f u0 com.zhihu.android})
04-13 20:35:39.153   722   927 I ActivityManager: START u0 {act=android.intent.action.MAIN cat=[android.intent.category.LAUNCHER] flg=0x10200000 cmp=com.zhihu.android/.app.ui.activity.MainActivity} from uid 0 on display 0
04-13 20:35:46.410   722  1296 W ProcessCpuTracker: Skipping unknown process pid 32540
04-13 20:35:46.411   722  1296 W ProcessCpuTracker: Skipping unknown process pid 32542
04-13 20:35:48.423   722 23547 V WindowManager: Adding window Window{dac030 u0 PopupWindow:766b7e7} at 5 of 11 (after Window{203aff9f u0 com.zhihu.android})
04-13 20:35:53.420   722 23547 I ActivityManager: START u0 {act=android.intent.action.MAIN cat=[android.intent.category.LAUNCHER] flg=0x10200000 cmp=com.zhihu.android/.app.ui.activity.MainActivity} from uid 0 on display 0
04-13 20:35:56.404   722   927 W ProcessCpuTracker: Skipping unknown process pid 32609
04-13 20:36:02.583   722   738 I ActivityManager: START u0 {act=android.intent.action.MAIN cat=[android.intent.category.LAUNCHER] flg=0x10200000 cmp=com.zhihu.android/.app.ui.activity.MainActivity} from uid 0 on display 0
04-13 20:36:16.420   722 30841 W ProcessCpuTracker: Skipping unknown process pid 32706
04-13 20:36:30.079   722   808 I ActivityManager: START u0 {act=android.intent.action.SHOW_BRIGHTNESS_DIALOG cmp=com.android.systemui/.settings.BrightnessDialog} from uid 1000 on display 0
04-13 20:36:37.198   722   812 V WindowManager: Adding window Window{27745b3a u0 PopupWindow:766b7e7} at 5 of 12 (after Window{203aff9f u0 com.zhihu.android})
04-13 20:36:42.964   722   812 W InputMethodManagerService: Window already focused, ignoring focus gain of: com.android.internal.view.IInputMethodClient$Stub$Proxy@932b3eb attribute=null, token = android.os.BinderProxy@284c753e
04-13 20:36:52.424   722 30841 I ActivityManager: START u0 {act=android.intent.action.MAIN cat=[android.intent.category.LAUNCHER] flg=0x10200000 cmp=com.zhihu.android/.app.ui.activity.MainActivity} from uid 0 on display 0
04-13 20:36:54.546   722 30841 V WindowManager: Adding window Window{b86a3c7 u0 PopupWindow:766b7e7} at 5 of 11 (after Window{203aff9f u0 com.zhihu.android})
04-13 20:36:56.493   722  1245 W ProcessCpuTracker: Skipping unknown process pid 498
04-13 20:37:06.547   722  1244 W InputMethodManagerService: Window already focused, ignoring focus gain of: com.android.internal.view.IInputMethodClient$Stub$Proxy@25a71792 attribute=null, token = android.os.BinderProxy@284c753e
04-13 20:37:17.293   722  1245 W ProcessCpuTracker: Skipping unknown process pid 635
04-13 20:37:24.222   722   738 I ActivityManager: START u0 {act=android.intent.action.MAIN cat=[android.intent.category.LAUNCHER] flg=0x10200000 cmp=com.zhihu.android/.app.ui.activity.MainActivity} from uid 0 on display 0
04-13 20:37:26.512   722  1089 W ProcessCpuTracker: Skipping unknown process pid 850
04-13 20:37:26.549   722  1089 W ProcessCpuTracker: Skipping unknown process pid 862
04-13 20:37:26.810   722  1295 V WindowManager: Adding window Window{49b1ade u0 PopupWindow:766b7e7} at 5 of 11 (after Window{203aff9f u0 com.zhihu.android})
04-13 20:37:36.514   722  1252 W ProcessCpuTracker: Skipping unknown process pid 947
04-13 20:37:43.883   722  1239 V WindowManager: Adding window Window{21fa78c u0 PopupWindow:766b7e7} at 5 of 11 (after Window{203aff9f u0 com.zhihu.android})
04-13 20:37:48.466   722 11468 W InputMethodManagerService: Window already focused, ignoring focus gain of: com.android.internal.view.IInputMethodClient$Stub$Proxy@2ecf2ed5 attribute=null, token = android.os.BinderProxy@284c753e
04-13 20:37:55.136   722  1245 V WindowManager: Adding window Window{35cc6ddb u0 PopupWindow:766b7e7} at 5 of 11 (after Window{203aff9f u0 com.zhihu.android})
04-13 20:37:55.921   722  1239 I ActivityManager: START u0 {act=android.intent.action.MAIN cat=[android.intent.category.LAUNCHER] flg=0x10200000 cmp=com.zhihu.android/.app.ui.activity.MainActivity} from uid 0 on display 0
04-13 20:37:57.974   722  1245 I ActivityManager: START u0 {act=android.intent.action.MAIN cat=[android.intent.category.LAUNCHER] flg=0x10200000 cmp=com.zhihu.android/.app.ui.activity.MainActivity} from uid 0 on display 0
04-13 20:38:25.462   722  1245 I ActivityManager: START u0 {act=android.intent.action.MAIN cat=[android.intent.category.LAUNCHER] flg=0x10200000 cmp=com.zhihu.android/.app.ui.activity.MainActivity} from uid 0 on display 0
04-13 20:38:36.614   722  1245 W ProcessCpuTracker: Skipping unknown process pid 1586
04-13 20:38:46.582   722   812 W ProcessCpuTracker: Skipping unknown process pid 1644
04-13 20:38:50.554   722   927 W InputMethodManagerService: Window already focused, ignoring focus gain of: com.android.internal.view.IInputMethodClient$Stub$Proxy@3e015c24 attribute=null, token = android.os.BinderProxy@284c753e
04-13 20:38:56.591   722  1245 W ProcessCpuTracker: Skipping unknown process pid 1722
04-13 20:39:13.353   722   927 V WindowManager: Adding window Window{348bab89 u0 PopupWindow:766b7e7} at 5 of 11 (after Window{203aff9f u0 com.zhihu.android})
04-13 20:39:15.427   722   927 V WindowManager: Adding window Window{507dbaf u0 PopupWindow:766b7e7} at 5 of 11 (after Window{203aff9f u0 com.zhihu.android})
04-13 20:39:17.431   722  1296 V WindowManager: Adding window Window{fa7745 u0 PopupWindow:766b7e7} at 5 of 11 (after Window{203aff9f u0 com.zhihu.android})
04-13 20:39:26.655   722 11468 W ProcessCpuTracker: Skipping unknown process pid 2027
04-13 20:39:36.609   722  1295 W ProcessCpuTracker: Skipping unknown process pid 2088
04-13 20:39:37.737   722 30841 V WindowManager: Adding window Window{19d042c1 u0 PopupWindow:766b7e7} at 5 of 11 (after Window{203aff9f u0 com.zhihu.android})
04-13 20:39:39.810   722  1239 V WindowManager: Adding window Window{329191a7 u0 PopupWindow:766b7e7} at 5 of 11 (after Window{203aff9f u0 com.zhihu.android})
04-13 20:39:58.151   722  1245 V WindowManager: Adding window Window{1cdd49fd u0 PopupWindow:766b7e7} at 5 of 11 (after Window{203aff9f u0 com.zhihu.android})
04-13 20:40:05.261   722 23547 W BackupManagerService: dataChanged but no participant pkg='com.android.providers.settings' uid=10013
04-13 20:40:05.271   722   722 D ZenLog  : set_zen_mode: no_interruptions,setting
04-13 20:40:05.271   722   722 D ZenLog  : update_zen_mode: off -> no_interruptions
04-13 20:40:05.282   722   722 D ZenLog  : set_ringer_mode_internal: ZenModeHelper,i:normal->silent,e:normal->silent
04-13 20:40:05.370   722  1244 D ConditionProviders: Subscribing to condition://android/countdown/1492090805362 with android.service.notification.ConditionProviderService$Provider@1d39d07f
04-13 20:40:05.379   722  1244 D ZenLog  : subscribe: condition://android/countdown/1492090805362,ok
04-13 20:40:05.380   722  1244 D ZenLog  : exit_condition: Condition[id=condition://android/countdown/1492090805362,summary=For one hour (until 9:40 PM),line1=For one hour,line2=Until 9:40 PM,icon=0,state=STATE_TRUE,flags=1],{android/com.android.server.notification.CountdownConditionProvider},binderCall
04-13 20:40:05.397   722  1244 D ZenLog  : config: ZenModeConfig[allowCalls=false,allowMessages=false,allowFrom=anyone,allowEvents=true,sleepMode=null,sleepStart=22.0,sleepEnd=7.0,sleepNone=false,conditionComponents=null,conditionIds=null,exitCondition=Condition[id=condition://android/countdown/1492090805362,summary=For one hour (until 9:40 PM),line1=For one hour,line2=Until 9:40 PM,icon=0,state=STATE_TRUE,flags=1],exitConditionComponent=ComponentInfo{android/com.android.server.notification.CountdownConditionProvider}]
04-13 20:40:05.397   722   722 D NotificationService: handleSavePolicyFile
04-13 20:40:09.528   722  1252 V WindowManager: Adding window Window{3ab988f9 u0 PopupWindow:766b7e7} at 5 of 11 (after Window{203aff9f u0 com.zhihu.android})
04-13 20:40:18.037   722  1239 W InputMethodManagerService: Window already focused, ignoring focus gain of: com.android.internal.view.IInputMethodClient$Stub$Proxy@3251603e attribute=null, token = android.os.BinderProxy@284c753e
04-13 20:40:26.690   722  1296 W ProcessCpuTracker: Skipping unknown process pid 2601
04-13 20:40:27.649   722   739 I ActivityManager: START u0 {act=android.intent.action.MAIN cat=[android.intent.category.LAUNCHER] flg=0x10200000 cmp=com.zhihu.android/.app.ui.activity.MainActivity} from uid 0 on display 0
04-13 20:40:28.725   722  1252 V WindowManager: Adding window Window{1f1df5bb u0 PopupWindow:766b7e7} at 5 of 11 (after Window{203aff9f u0 com.zhihu.android})
04-13 20:40:33.825   722  1244 I ActivityManager: START u0 {act=android.intent.action.MAIN cat=[android.intent.category.LAUNCHER] flg=0x10200000 cmp=com.zhihu.android/.app.ui.activity.MainActivity} from uid 0 on display 0
04-13 20:40:39.615   722 23547 W InputMethodManagerService: Window already focused, ignoring focus gain of: com.android.internal.view.IInputMethodClient$Stub$Proxy@20ac3297 attribute=null, token = android.os.BinderProxy@284c753e
04-13 20:40:46.699   722 30841 W ProcessCpuTracker: Skipping unknown process pid 2794
04-13 20:40:56.743   722 30841 W ProcessCpuTracker: Skipping unknown process pid 2852
04-13 20:40:56.744   722 30841 W ProcessCpuTracker: Skipping unknown process pid 2854
04-13 20:41:16.688   722 30841 W ProcessCpuTracker: Skipping unknown process pid 2949
04-13 20:41:16.722   722 30841 W ProcessCpuTracker: Skipping unknown process pid 2969
04-13 20:41:23.662   722  1296 V WindowManager: Adding window Window{279ac6d u0 PopupWindow:766b7e7} at 5 of 11 (after Window{203aff9f u0 com.zhihu.android})
04-13 20:41:26.703   722   927 W ProcessCpuTracker: Skipping unknown process pid 3016
04-13 20:41:26.705   722   927 W ProcessCpuTracker: Skipping unknown process pid 3019
04-13 20:41:44.992   722   927 I ActivityManager: START u0 {act=android.intent.action.MAIN cat=[android.intent.category.LAUNCHER] flg=0x10200000 cmp=com.zhihu.android/.app.ui.activity.MainActivity} from uid 0 on display 0
04-13 20:41:51.233   722 11468 V WindowManager: Adding window Window{3d91a269 u0 PopupWindow:766b7e7} at 5 of 11 (after Window{203aff9f u0 com.zhihu.android})
04-13 20:41:53.827   722  1239 W InputMethodManagerService: Window already focused, ignoring focus gain of: com.android.internal.view.IInputMethodClient$Stub$Proxy@1cb454ee attribute=null, token = android.os.BinderProxy@284c753e
04-13 20:41:55.336   722   812 V WindowManager: Adding window Window{2f86181c u0 PopupWindow:766b7e7} at 5 of 11 (after Window{203aff9f u0 com.zhihu.android})
04-13 20:41:56.780   722   739 W ProcessCpuTracker: Skipping unknown process pid 3296
04-13 20:42:03.479   722   738 V WindowManager: Adding window Window{3614d1fa u0 PopupWindow:766b7e7} at 5 of 11 (after Window{203aff9f u0 com.zhihu.android})
04-13 20:42:06.774   722  1245 W ProcessCpuTracker: Skipping unknown process pid 3344
04-13 20:42:06.802   722  1245 W ProcessCpuTracker: Skipping unknown process pid 3354
04-13 20:42:21.938   722   739 V WindowManager: Adding window Window{1cea9a08 u0 PopupWindow:766b7e7} at 5 of 11 (after Window{203aff9f u0 com.zhihu.android})
04-13 20:42:32.279   722  9913 I ActivityManager: START u0 {act=android.intent.action.MAIN cat=[android.intent.category.LAUNCHER] flg=0x10200000 cmp=com.zhihu.android/.app.ui.activity.MainActivity} from uid 0 on display 0
04-13 20:42:36.831   722 23547 W ProcessCpuTracker: Skipping unknown process pid 3618
04-13 20:42:36.836   722 23547 W ProcessCpuTracker: Skipping unknown process pid 3624
04-13 20:42:43.645   722 30841 V WindowManager: Adding window Window{a1af7d9 u0 PopupWindow:766b7e7} at 5 of 12 (after Window{203aff9f u0 com.zhihu.android})
04-13 20:42:46.831   722   812 W ProcessCpuTracker: Skipping unknown process pid 3688
04-13 20:42:46.835   722   812 W ProcessCpuTracker: Skipping unknown process pid 3693
04-13 20:42:54.905   722  1089 I ActivityManager: START u0 {act=android.intent.action.MAIN cat=[android.intent.category.LAUNCHER] flg=0x10200000 cmp=com.zhihu.android/.app.ui.activity.MainActivity} from uid 0 on display 0
04-13 20:42:56.830   722  1252 W ProcessCpuTracker: Skipping unknown process pid 3792
04-13 20:43:10.525   722  1295 W InputMethodManagerService: Window already focused, ignoring focus gain of: com.android.internal.view.IInputMethodClient$Stub$Proxy@1c157513 attribute=null, token = android.os.BinderProxy@284c753e
04-13 20:43:12.268   722   739 V WindowManager: Adding window Window{3d1c8949 u0 PopupWindow:766b7e7} at 5 of 11 (after Window{203aff9f u0 com.zhihu.android})
04-13 20:43:21.423   722 11468 I ActivityManager: START u0 {act=android.intent.action.MAIN cat=[android.intent.category.LAUNCHER] flg=0x10200000 cmp=com.zhihu.android/.app.ui.activity.MainActivity} from uid 0 on display 0
04-13 20:43:48.221   722   787 W ProcessCpuTracker: Skipping unknown process pid 4192
04-13 20:43:48.223   722   787 W ProcessCpuTracker: Skipping unknown process pid 4193
04-13 20:43:48.225   722   787 W ProcessCpuTracker: Skipping unknown process pid 4200
04-13 20:43:48.226   722   787 W ProcessCpuTracker: Skipping unknown process pid 4202
04-13 20:43:48.228   722   787 W ProcessCpuTracker: Skipping unknown process pid 4203
04-13 20:43:48.230   722   787 W ProcessCpuTracker: Skipping unknown process pid 4208
04-13 20:43:56.368   722  1245 V WindowManager: Adding window Window{19a7d47c u0 PopupWindow:766b7e7} at 5 of 11 (after Window{203aff9f u0 com.zhihu.android})
04-13 20:44:06.404   722  1245 I ActivityManager: START u0 {act=android.intent.action.MAIN cat=[android.intent.category.LAUNCHER] flg=0x10200000 cmp=com.zhihu.android/.app.ui.activity.MainActivity} from uid 0 on display 0
04-13 20:44:06.894   722  1296 W ProcessCpuTracker: Skipping unknown process pid 4332
04-13 20:44:16.875   722  1245 W ProcessCpuTracker: Skipping unknown process pid 4409
04-13 20:44:30.692   722  1239 W InputMethodManagerService: Window already focused, ignoring focus gain of: com.android.internal.view.IInputMethodClient$Stub$Proxy@b44738b attribute=null, token = android.os.BinderProxy@284c753e
04-13 20:44:45.410   722  1244 V WindowManager: Adding window Window{14671881 u0 PopupWindow:766b7e7} at 5 of 11 (after Window{203aff9f u0 com.zhihu.android})
04-13 20:44:55.519   722   808 I ActivityManager: START u0 {act=android.intent.action.MAIN cat=[android.intent.category.LAUNCHER] flg=0x10000000 cmp=com.android.browser/.BrowserActivity sel=act=android.intent.action.MAIN cat=[android.intent.category.APP_BROWSER]}} from uid 1000 on display 0
04-13 20:45:10.908   722  1089 V WindowManager: Adding window Window{3a84bd67 u0 PopupWindow:766b7e7} at 5 of 11 (after Window{203aff9f u0 com.zhihu.android})
04-13 20:45:36.977   722 30841 W ProcessCpuTracker: Skipping unknown process pid 5039
04-13 20:45:41.551   722  1296 V WindowManager: Adding window Window{176bbbbd u0 PopupWindow:766b7e7} at 5 of 11 (after Window{203aff9f u0 com.zhihu.android})
04-13 20:45:50.743   722 10551 V WindowManager: Adding window Window{595c903 u0 PopupWindow:766b7e7} at 5 of 11 (after Window{203aff9f u0 com.zhihu.android})
04-13 20:45:53.853   722   739 V WindowManager: Adding window Window{331d56b9 u0 PopupWindow:766b7e7} at 5 of 11 (after Window{203aff9f u0 com.zhihu.android})
04-13 20:45:56.994   722  1252 W ProcessCpuTracker: Skipping unknown process pid 5197
04-13 20:46:09.151   722  1239 I ActivityManager: START u0 {act=android.intent.action.MAIN cat=[android.intent.category.LAUNCHER] flg=0x10200000 cmp=com.zhihu.android/.app.ui.activity.MainActivity} from uid 0 on display 0
04-13 20:46:22.443   722  1244 I ActivityManager: START u0 {act=android.intent.action.MAIN cat=[android.intent.category.LAUNCHER] flg=0x10200000 cmp=com.zhihu.android/.app.ui.activity.MainActivity} from uid 0 on display 0
04-13 20:46:25.564   722  1296 V WindowManager: Adding window Window{341d557b u0 PopupWindow:766b7e7} at 5 of 11 (after Window{203aff9f u0 com.zhihu.android})
04-13 20:46:27.031   722  1295 W ProcessCpuTracker: Skipping unknown process pid 5417
04-13 20:46:27.032   722  1295 W ProcessCpuTracker: Skipping unknown process pid 5419
04-13 20:46:37.041   722  1089 W ProcessCpuTracker: Skipping unknown process pid 5488
