04-13 20:18:46.336  1158  1195 D SubscriptionController: [getActiveSubIdList] simInfoSet=[0=1]
04-13 20:18:46.343  1158  1195 D SubscriptionController: [getActiveSubIdList] X subIdArr.length=1
04-13 20:21:18.743  1158  1202 D DCT     : [0]hasMatchedTetherApnSetting: APN=null
04-13 20:22:09.162  1158  1467 D SubscriptionController: [getActiveSubIdList] simInfoSet=[0=1]
04-13 20:22:09.165  1158  1467 D SubscriptionController: [getActiveSubIdList] X subIdArr.length=1
04-13 20:23:48.835  1158  1195 D DCT     : [0]hasMatchedTetherApnSetting: APN=null
04-13 20:25:09.498  1158  1195 D SubscriptionController: [getActiveSubIdList] simInfoSet=[0=1]
04-13 20:25:09.508  1158  1195 D SubscriptionController: [getActiveSubIdList] X subIdArr.length=1
04-13 20:25:58.681  1158  1195 D DCT     : [0]hasMatchedTetherApnSetting: APN=null
04-13 20:26:02.205  1158  1361 D PhoneFactory: getPhone:- phoneId != DEFAULT_PHONE_ID return sProxyPhones[phoneId] phoneId=0 phone=Handler (com.android.internal.telephony.PhoneProxy) {249d39f}
04-13 20:26:02.205  1158  1361 D SubscriptionController: getSimStateForSubscriber:  simState=READY ordinal=5
04-13 20:26:02.215   867  1444 D SubscriptionManager: getSimStateForSubscriber: simState=5 subId=1
04-13 20:26:02.215   867  1444 D TelephonyManager: getSimState: simState=5 slotIdx=0
04-13 20:26:02.266  1158  1195 D SubscriptionController: [getActiveSubIdList] simInfoSet=[0=1]
04-13 20:26:02.271  1158  1195 D SubscriptionController: [getActiveSubIdList] X subIdArr.length=1
04-13 20:26:02.371  1158  1361 D PhoneFactory: getPhone:- phoneId != DEFAULT_PHONE_ID return sProxyPhones[phoneId] phoneId=0 phone=Handler (com.android.internal.telephony.PhoneProxy) {249d39f}
04-13 20:26:02.372  1158  1361 D SubscriptionController: getSimStateForSubscriber:  simState=READY ordinal=5
04-13 20:26:02.372   867   867 D SubscriptionManager: getSimStateForSubscriber: simState=5 subId=1
04-13 20:26:02.372   867   867 D TelephonyManager: getSimState: simState=5 slotIdx=0
04-13 20:26:02.376  1158  1202 D PhoneFactory: getPhone:- phoneId != DEFAULT_PHONE_ID return sProxyPhones[phoneId] phoneId=0 phone=Handler (com.android.internal.telephony.PhoneProxy) {249d39f}
04-13 20:26:02.377  1158  1202 D DCT     : [0]getDataEnabled: getIntWithSubId retVal=true
04-13 20:28:31.738   191   535 I RILQ    : (0/191):RIL[0][qmi_cb] qcril_qmi_nas_update_data_rte: completed, new drte 0 with confidence 4
04-13 20:28:31.741   191   535 I RILC    : RIL_SOCKET_1 UNSOLICITED: UNSOL_RESPONSE_VOICE_NETWORK_STATE_CHANGED length:8
04-13 20:28:31.741   191   535 E RILC    : Send Response to RIL_SOCKET_1
04-13 20:28:31.742  1158  1299 D RILJ    : [UNSL]< UNSOL_RESPONSE_VOICE_NETWORK_STATE_CHANGED [SUB0]
04-13 20:28:31.742  1158  1158 D RILJ    : [3826]> OPERATOR [SUB0]
04-13 20:28:31.748  1158  1158 D RILJ    : [3827]> DATA_REGISTRATION_STATE [SUB0]
04-13 20:28:31.751  1158  1158 D RILJ    : [3828]> VOICE_REGISTRATION_STATE [SUB0]
04-13 20:28:31.756  1158  1158 D RILJ    : [3829]> QUERY_NETWORK_SELECTION_MODE [SUB0]
04-13 20:28:31.760   191 29614 D RILC    : RequestComplete, RIL_SOCKET_1
04-13 20:28:31.760   191 29614 E RILC    : Send Response to RIL_SOCKET_1
04-13 20:28:31.762  1158  1299 D RILJ    : [3828]< VOICE_REGISTRATION_STATE {13, null, null, 0, null, null, null, 0, null, null, null, null, null, 2, fc} [SUB0]
04-13 20:28:31.763  1158  1158 D PHONE   : [ServiceState] setVoiceRegState=1
04-13 20:28:31.763  1158  1158 E PHONE   : [ServiceState] setState deprecated use setVoiceRegState()
04-13 20:28:31.763   191 29613 D RILC    : RequestComplete, RIL_SOCKET_1
04-13 20:28:31.763   191 29613 E RILC    : Send Response to RIL_SOCKET_1
04-13 20:28:31.764  1158  1299 D RILJ    : [3827]< DATA_REGISTRATION_STATE {2, null, null, null, 0, 20, null, null, null, null, null} [SUB0]
04-13 20:28:31.765  1158  1158 D PHONE   : [ServiceState] setDataRegState=1
04-13 20:28:31.765  1158  1158 D PHONE   : [ServiceState] setDataRadioTechnology=0
04-13 20:28:31.765  1158  1158 D GsmSST  : [GsmSST] handlPollStateResultMessage: GsmSST setDataRegState=1 regState=2 dataRadioTechnology=0
04-13 20:28:31.767   191 29612 D RILC    : RequestComplete, RIL_SOCKET_1
04-13 20:28:31.767   191 29612 E RILC    : Send Response to RIL_SOCKET_1
04-13 20:28:31.769  1158  1299 D RILJ    : [3826]< OPERATOR {null, null, null} [SUB0]
04-13 20:28:31.769   191 29615 D RILC    : RequestComplete, RIL_SOCKET_1
04-13 20:28:31.770   191 29615 E RILC    : Send Response to RIL_SOCKET_1
04-13 20:28:31.771  1158  1299 D RILJ    : [3829]< QUERY_NETWORK_SELECTION_MODE {0} [SUB0]
04-13 20:28:31.773  1158  1158 D GsmSST  : [GsmSST] Poll ServiceState done:  oldSS=[1 1 voice home data home null null null null null null  Unknown Unknown CSS not supported -1 -1 RoamInd=-1 DefRoamInd=-1 EmergOnly=true] newSS=[1 1 voice home data home null null null null null null  Unknown Unknown CSS not supported -1 -1 RoamInd=-1 DefRoamInd=-1 EmergOnly=true] oldMaxDataCalls=20 mNewMaxDataCalls=20 oldReasonDataDenied=-1 mNewReasonDataDenied=-1
04-13 20:28:31.774  1158  1158 D PHONE   : [ServiceState] setNullState=1
04-13 20:28:31.774  1158  1158 D GsmSST  : [GsmSST] SST.getAllCellInfo(): return last, same thread can't block
04-13 20:28:31.774  1158  1158 D GsmSST  : [GsmSST] SST.getAllCellInfo(): X size=0 list=null
04-13 20:28:31.774  1158  1158 D GsmSST  : [GsmSST] getCellLocation(): X empty mCellLoc and CellInfo mCellLoc=[-1,-1,252]
04-13 20:28:31.777   722  1089 D TelephonyRegistry: notifyCellLocationForSubscriber: subId=1 cellLocation=Bundle[mParcelledData.dataSize=64]
04-13 20:36:43.196   191   535 I RILQ    : (0/191):RIL[0][qmi_cb] qcril_qmi_nas_update_data_rte: completed, new drte 0 with confidence 4
04-13 20:36:43.198   191   535 I RILC    : RIL_SOCKET_1 UNSOLICITED: UNSOL_RESPONSE_VOICE_NETWORK_STATE_CHANGED length:8
04-13 20:36:43.198   191   535 E RILC    : Send Response to RIL_SOCKET_1
04-13 20:36:43.200  1158  1299 D RILJ    : [UNSL]< UNSOL_RESPONSE_VOICE_NETWORK_STATE_CHANGED [SUB0]
04-13 20:36:43.201  1158  1158 D RILJ    : [3830]> OPERATOR [SUB0]
04-13 20:36:43.204  1158  1158 D RILJ    : [3831]> DATA_REGISTRATION_STATE [SUB0]
04-13 20:36:43.210  1158  1158 D RILJ    : [3832]> VOICE_REGISTRATION_STATE [SUB0]
04-13 20:36:43.214  1158  1158 D RILJ    : [3833]> QUERY_NETWORK_SELECTION_MODE [SUB0]
04-13 20:36:43.218   191   382 D RILC    : RequestComplete, RIL_SOCKET_1
04-13 20:36:43.218   191   382 E RILC    : Send Response to RIL_SOCKET_1
04-13 20:36:43.220  1158  1299 D RILJ    : [3830]< OPERATOR {null, null, null} [SUB0]
04-13 20:36:43.223   191   384 D RILC    : RequestComplete, RIL_SOCKET_1
04-13 20:36:43.223   191   384 E RILC    : Send Response to RIL_SOCKET_1
04-13 20:36:43.224   191   385 D RILC    : RequestComplete, RIL_SOCKET_1
04-13 20:36:43.224   191   385 E RILC    : Send Response to RIL_SOCKET_1
04-13 20:36:43.226  1158  1299 D RILJ    : [3832]< VOICE_REGISTRATION_STATE {13, null, null, 0, null, null, null, 0, null, null, null, null, null, 2, dd} [SUB0]
04-13 20:36:43.228  1158  1299 D RILJ    : [3833]< QUERY_NETWORK_SELECTION_MODE {0} [SUB0]
04-13 20:36:43.228  1158  1158 D PHONE   : [ServiceState] setVoiceRegState=1
04-13 20:36:43.228  1158  1158 E PHONE   : [ServiceState] setState deprecated use setVoiceRegState()
04-13 20:36:43.230   191   383 D RILC    : RequestComplete, RIL_SOCKET_1
04-13 20:36:43.230   191   383 E RILC    : Send Response to RIL_SOCKET_1
04-13 20:36:43.232  1158  1299 D RILJ    : [3831]< DATA_REGISTRATION_STATE {2, null, null, null, 0, 20, null, null, null, null, null} [SUB0]
04-13 20:36:43.232  1158  1158 D PHONE   : [ServiceState] setDataRegState=1
04-13 20:36:43.232  1158  1158 D PHONE   : [ServiceState] setDataRadioTechnology=0
04-13 20:36:43.233  1158  1158 D GsmSST  : [GsmSST] handlPollStateResultMessage: GsmSST setDataRegState=1 regState=2 dataRadioTechnology=0
04-13 20:36:43.252  1158  1158 D GsmSST  : [GsmSST] Poll ServiceState done:  oldSS=[1 1 voice home data home null null null null null null  Unknown Unknown CSS not supported -1 -1 RoamInd=-1 DefRoamInd=-1 EmergOnly=true] newSS=[1 1 voice home data home null null null null null null  Unknown Unknown CSS not supported -1 -1 RoamInd=-1 DefRoamInd=-1 EmergOnly=true] oldMaxDataCalls=20 mNewMaxDataCalls=20 oldReasonDataDenied=-1 mNewReasonDataDenied=-1
04-13 20:36:43.253  1158  1158 D PHONE   : [ServiceState] setNullState=1
04-13 20:36:43.261  1158  1158 D GsmSST  : [GsmSST] SST.getAllCellInfo(): return last, same thread can't block
04-13 20:36:43.261  1158  1158 D GsmSST  : [GsmSST] SST.getAllCellInfo(): X size=0 list=null
04-13 20:36:43.262  1158  1158 D GsmSST  : [GsmSST] getCellLocation(): X empty mCellLoc and CellInfo mCellLoc=[-1,-1,221]
04-13 20:36:43.271   722 30841 D TelephonyRegistry: notifyCellLocationForSubscriber: subId=1 cellLocation=Bundle[mParcelledData.dataSize=64]
04-13 20:38:43.419  1158  1361 D SubscriptionController: [getActiveSubIdList] simInfoSet=[0=1]
04-13 20:38:43.428  1158  1361 D SubscriptionController: [getActiveSubIdList] X subIdArr.length=1
04-13 20:40:05.433  1158  1202 D SubscriptionController: [getActiveSubIdList] simInfoSet=[0=1]
04-13 20:40:05.440  1158  1202 D SubscriptionController: [getActiveSubIdList] X subIdArr.length=1
04-13 20:43:09.750  1158  1361 D DCT     : [0]hasMatchedTetherApnSetting: APN=null
04-13 20:46:35.321  1158  1467 D DCT     : [0]hasMatchedTetherApnSetting: APN=null
04-13 20:47:47.779  1158  1361 D DCT     : [0]hasMatchedTetherApnSetting: APN=null
04-13 20:54:23.092   191   535 I RILQ    : (0/191):RIL[0][qmi_cb] qcril_qmi_nas_update_data_rte: completed, new drte 0 with confidence 4
04-13 20:54:23.094   191   535 I RILC    : RIL_SOCKET_1 UNSOLICITED: UNSOL_RESPONSE_VOICE_NETWORK_STATE_CHANGED length:8
04-13 20:54:23.094   191   535 E RILC    : Send Response to RIL_SOCKET_1
04-13 20:54:23.094  1158  1299 D RILJ    : [UNSL]< UNSOL_RESPONSE_VOICE_NETWORK_STATE_CHANGED [SUB0]
04-13 20:54:23.095  1158  1158 D RILJ    : [3834]> OPERATOR [SUB0]
04-13 20:54:23.098  1158  1158 D RILJ    : [3835]> DATA_REGISTRATION_STATE [SUB0]
04-13 20:54:23.101  1158  1158 D RILJ    : [3836]> VOICE_REGISTRATION_STATE [SUB0]
04-13 20:54:23.107  1158  1158 D RILJ    : [3837]> QUERY_NETWORK_SELECTION_MODE [SUB0]
04-13 20:54:23.109   191  9173 D RILC    : RequestComplete, RIL_SOCKET_1
04-13 20:54:23.109   191  9173 E RILC    : Send Response to RIL_SOCKET_1
04-13 20:54:23.110  1158  1299 D RILJ    : [3834]< OPERATOR {null, null, null} [SUB0]
04-13 20:54:23.116   191  9176 D RILC    : RequestComplete, RIL_SOCKET_1
04-13 20:54:23.116   191  9176 E RILC    : Send Response to RIL_SOCKET_1
04-13 20:54:23.117  1158  1299 D RILJ    : [3837]< QUERY_NETWORK_SELECTION_MODE {0} [SUB0]
04-13 20:54:23.118   191  9175 D RILC    : RequestComplete, RIL_SOCKET_1
04-13 20:54:23.118   191  9175 E RILC    : Send Response to RIL_SOCKET_1
04-13 20:54:23.119  1158  1299 D RILJ    : [3836]< VOICE_REGISTRATION_STATE {13, null, null, 0, null, null, null, 0, null, null, null, null, null, 2, fc} [SUB0]
04-13 20:54:23.120  1158  1158 D PHONE   : [ServiceState] setVoiceRegState=1
04-13 20:54:23.120  1158  1158 E PHONE   : [ServiceState] setState deprecated use setVoiceRegState()
04-13 20:54:23.121   191  9174 D RILC    : RequestComplete, RIL_SOCKET_1
04-13 20:54:23.121   191  9174 E RILC    : Send Response to RIL_SOCKET_1
04-13 20:54:23.123  1158  1299 D RILJ    : [3835]< DATA_REGISTRATION_STATE {2, null, null, null, 0, 20, null, null, null, null, null} [SUB0]
04-13 20:54:23.123  1158  1158 D PHONE   : [ServiceState] setDataRegState=1
04-13 20:54:23.123  1158  1158 D PHONE   : [ServiceState] setDataRadioTechnology=0
04-13 20:54:23.124  1158  1158 D GsmSST  : [GsmSST] handlPollStateResultMessage: GsmSST setDataRegState=1 regState=2 dataRadioTechnology=0
04-13 20:54:23.126  1158  1158 D GsmSST  : [GsmSST] Poll ServiceState done:  oldSS=[1 1 voice home data home null null null null null null  Unknown Unknown CSS not supported -1 -1 RoamInd=-1 DefRoamInd=-1 EmergOnly=true] newSS=[1 1 voice home data home null null null null null null  Unknown Unknown CSS not supported -1 -1 RoamInd=-1 DefRoamInd=-1 EmergOnly=true] oldMaxDataCalls=20 mNewMaxDataCalls=20 oldReasonDataDenied=-1 mNewReasonDataDenied=-1
04-13 20:54:23.126  1158  1158 D PHONE   : [ServiceState] setNullState=1
04-13 20:54:23.126  1158  1158 D GsmSST  : [GsmSST] SST.getAllCellInfo(): return last, same thread can't block
04-13 20:54:23.127  1158  1158 D GsmSST  : [GsmSST] SST.getAllCellInfo(): X size=0 list=null
04-13 20:54:23.127  1158  1158 D GsmSST  : [GsmSST] getCellLocation(): X empty mCellLoc and CellInfo mCellLoc=[-1,-1,252]
04-13 20:54:23.129   722 10551 D TelephonyRegistry: notifyCellLocationForSubscriber: subId=1 cellLocation=Bundle[mParcelledData.dataSize=64]
04-13 20:57:43.991   191   535 I RILQ    : (0/191):RIL[0][qmi_cb] qcril_qmi_nas_update_data_rte: completed, new drte 0 with confidence 4
04-13 20:57:43.993   191   535 I RILC    : RIL_SOCKET_1 UNSOLICITED: UNSOL_RESPONSE_VOICE_NETWORK_STATE_CHANGED length:8
04-13 20:57:43.993   191   535 E RILC    : Send Response to RIL_SOCKET_1
04-13 20:57:43.994  1158  1299 D RILJ    : [UNSL]< UNSOL_RESPONSE_VOICE_NETWORK_STATE_CHANGED [SUB0]
04-13 20:57:43.994  1158  1158 D RILJ    : [3838]> OPERATOR [SUB0]
04-13 20:57:43.998  1158  1158 D RILJ    : [3839]> DATA_REGISTRATION_STATE [SUB0]
04-13 20:57:44.003  1158  1158 D RILJ    : [3840]> VOICE_REGISTRATION_STATE [SUB0]
04-13 20:57:44.007   191 10779 D RILC    : RequestComplete, RIL_SOCKET_1
04-13 20:57:44.007   191 10779 E RILC    : Send Response to RIL_SOCKET_1
04-13 20:57:44.007  1158  1158 D RILJ    : [3841]> QUERY_NETWORK_SELECTION_MODE [SUB0]
04-13 20:57:44.011  1158  1299 D RILJ    : [3838]< OPERATOR {null, null, null} [SUB0]
04-13 20:57:44.014   191 10781 D RILC    : RequestComplete, RIL_SOCKET_1
04-13 20:57:44.014   191 10781 E RILC    : Send Response to RIL_SOCKET_1
04-13 20:57:44.017  1158  1299 D RILJ    : [3840]< VOICE_REGISTRATION_STATE {13, null, null, 0, null, null, null, 0, null, null, null, null, null, 2, dd} [SUB0]
04-13 20:57:44.018  1158  1158 D PHONE   : [ServiceState] setVoiceRegState=1
04-13 20:57:44.018  1158  1158 E PHONE   : [ServiceState] setState deprecated use setVoiceRegState()
04-13 20:57:44.019   191 10782 D RILC    : RequestComplete, RIL_SOCKET_1
04-13 20:57:44.019   191 10782 E RILC    : Send Response to RIL_SOCKET_1
04-13 20:57:44.020  1158  1299 D RILJ    : [3841]< QUERY_NETWORK_SELECTION_MODE {0} [SUB0]
04-13 20:57:44.021   191 10780 D RILC    : RequestComplete, RIL_SOCKET_1
04-13 20:57:44.021   191 10780 E RILC    : Send Response to RIL_SOCKET_1
04-13 20:57:44.024  1158  1299 D RILJ    : [3839]< DATA_REGISTRATION_STATE {2, null, null, null, 0, 20, null, null, null, null, null} [SUB0]
04-13 20:57:44.024  1158  1158 D PHONE   : [ServiceState] setDataRegState=1
04-13 20:57:44.024  1158  1158 D PHONE   : [ServiceState] setDataRadioTechnology=0
04-13 20:57:44.025  1158  1158 D GsmSST  : [GsmSST] handlPollStateResultMessage: GsmSST setDataRegState=1 regState=2 dataRadioTechnology=0
04-13 20:57:44.027  1158  1158 D GsmSST  : [GsmSST] Poll ServiceState done:  oldSS=[1 1 voice home data home null null null null null null  Unknown Unknown CSS not supported -1 -1 RoamInd=-1 DefRoamInd=-1 EmergOnly=true] newSS=[1 1 voice home data home null null null null null null  Unknown Unknown CSS not supported -1 -1 RoamInd=-1 DefRoamInd=-1 EmergOnly=true] oldMaxDataCalls=20 mNewMaxDataCalls=20 oldReasonDataDenied=-1 mNewReasonDataDenied=-1
04-13 20:57:44.027  1158  1158 D PHONE   : [ServiceState] setNullState=1
04-13 20:57:44.028  1158  1158 D GsmSST  : [GsmSST] SST.getAllCellInfo(): return last, same thread can't block
04-13 20:57:44.028  1158  1158 D GsmSST  : [GsmSST] SST.getAllCellInfo(): X size=0 list=null
04-13 20:57:44.030  1158  1158 D GsmSST  : [GsmSST] getCellLocation(): X empty mCellLoc and CellInfo mCellLoc=[-1,-1,221]
04-13 20:57:44.031   722 23547 D TelephonyRegistry: notifyCellLocationForSubscriber: subId=1 cellLocation=Bundle[mParcelledData.dataSize=64]
04-13 21:04:05.690  1158  1361 D SubscriptionController: [getActiveSubIdList] simInfoSet=[0=1]
04-13 21:04:05.692  1158  1361 D SubscriptionController: [getActiveSubIdList] X subIdArr.length=1
04-13 21:13:11.400  1158  1202 D DCT     : [0]hasMatchedTetherApnSetting: APN=null
04-13 21:13:14.329  1158  1467 D PhoneFactory: getPhone:- phoneId != DEFAULT_PHONE_ID return sProxyPhones[phoneId] phoneId=0 phone=Handler (com.android.internal.telephony.PhoneProxy) {249d39f}
04-13 21:13:14.329  1158  1467 D SubscriptionController: getSimStateForSubscriber:  simState=READY ordinal=5
04-13 21:13:14.493   867  1444 D SubscriptionManager: getSimStateForSubscriber: simState=5 subId=1
04-13 21:13:14.493   867  1444 D TelephonyManager: getSimState: simState=5 slotIdx=0
04-13 21:13:16.902  1158  1202 D SubscriptionController: [getActiveSubIdList] simInfoSet=[0=1]
04-13 21:13:16.905  1158  1202 D SubscriptionController: [getActiveSubIdList] X subIdArr.length=1
04-13 21:13:18.088  1158  1202 D PhoneFactory: getPhone:- phoneId != DEFAULT_PHONE_ID return sProxyPhones[phoneId] phoneId=0 phone=Handler (com.android.internal.telephony.PhoneProxy) {249d39f}
04-13 21:13:18.088  1158  1202 D SubscriptionController: getSimStateForSubscriber:  simState=READY ordinal=5
04-13 21:13:18.091   867   867 D SubscriptionManager: getSimStateForSubscriber: simState=5 subId=1
04-13 21:13:18.091   867   867 D TelephonyManager: getSimState: simState=5 slotIdx=0
04-13 21:13:18.094  1158  1467 D PhoneFactory: getPhone:- phoneId != DEFAULT_PHONE_ID return sProxyPhones[phoneId] phoneId=0 phone=Handler (com.android.internal.telephony.PhoneProxy) {249d39f}
04-13 21:13:18.095  1158  1467 D DCT     : [0]getDataEnabled: getIntWithSubId retVal=true
04-13 21:23:50.342  1158  1202 D DCT     : [0]hasMatchedTetherApnSetting: APN=null
04-13 21:27:01.763  1158  1202 D DCT     : [0]hasMatchedTetherApnSetting: APN=null
04-13 21:28:19.001  1158  1202 D SubscriptionController: [getActiveSubIdList] simInfoSet=[0=1]
04-13 21:28:19.004  1158  1202 D SubscriptionController: [getActiveSubIdList] X subIdArr.length=1
04-13 21:31:23.458  1158  1202 D DCT     : [0]hasMatchedTetherApnSetting: APN=null
04-13 21:44:49.977  1158  1202 D SubscriptionController: [getActiveSubIdList] simInfoSet=[0=1]
04-13 21:44:49.979  1158  1202 D SubscriptionController: [getActiveSubIdList] X subIdArr.length=1
04-13 21:51:48.125  1158  1202 D DCT     : [0]hasMatchedTetherApnSetting: APN=null
04-13 21:55:25.720  1158  1195 D DCT     : [0]hasMatchedTetherApnSetting: APN=null
04-13 21:55:40.538  1158  1202 D SubscriptionController: [getActiveSubIdList] simInfoSet=[0=1]
04-13 21:55:40.540  1158  1202 D SubscriptionController: [getActiveSubIdList] X subIdArr.length=1
04-13 21:55:40.851  1158  1158 D DCT     : [0]onReceive: action=android.net.wifi.STATE_CHANGE
04-13 21:55:40.853  1158  1158 D DCT     : [0]NETWORK_STATE_CHANGED_ACTION: mIsWifiConnected=true
04-13 21:55:40.873  1158  1158 D DCT     : [0]onReceive: action=android.net.wifi.STATE_CHANGE
04-13 21:55:40.875  1158  1158 D DCT     : [0]NETWORK_STATE_CHANGED_ACTION: mIsWifiConnected=false
04-13 21:55:40.885  1158  1158 D DCT     : [0]onReceive: action=android.net.wifi.STATE_CHANGE
04-13 21:55:40.886  1158  1158 D DCT     : [0]NETWORK_STATE_CHANGED_ACTION: mIsWifiConnected=false
04-13 21:55:41.706  1158  1158 D DCT     : [0]onReceive: action=android.net.wifi.STATE_CHANGE
04-13 21:55:41.706  1158  1158 D DCT     : [0]NETWORK_STATE_CHANGED_ACTION: mIsWifiConnected=false
04-13 21:55:41.852  1158  1202 D SubscriptionController: [getActiveSubIdList] simInfoSet=[0=1]
04-13 21:55:41.855  1158  1202 D SubscriptionController: [getActiveSubIdList] X subIdArr.length=1
04-13 21:55:42.104  1158  1361 D SubscriptionController: [getActiveSubIdList] simInfoSet=[0=1]
04-13 21:55:42.106  1158  1361 D SubscriptionController: [getActiveSubIdList] X subIdArr.length=1
04-13 21:55:42.112  1158  1195 D SubscriptionController: [getActiveSubIdList] simInfoSet=[0=1]
04-13 21:55:42.113  1158  1195 D SubscriptionController: [getActiveSubIdList] X subIdArr.length=1
04-13 21:55:42.118  1158  1202 D SubscriptionController: [getActiveSubIdList] simInfoSet=[0=1]
04-13 21:55:42.120  1158  1202 D SubscriptionController: [getActiveSubIdList] X subIdArr.length=1
04-13 21:55:42.355  1158  1202 D SubscriptionController: [getActiveSubIdList] simInfoSet=[0=1]
04-13 21:55:42.357  1158  1202 D SubscriptionController: [getActiveSubIdList] X subIdArr.length=1
04-13 21:55:42.362  1158  1195 D SubscriptionController: [getActiveSubIdList] simInfoSet=[0=1]
04-13 21:55:42.364  1158  1195 D SubscriptionController: [getActiveSubIdList] X subIdArr.length=1
04-13 21:55:42.371  1158  1202 D SubscriptionController: [getActiveSubIdList] simInfoSet=[0=1]
04-13 21:55:42.373  1158  1202 D SubscriptionController: [getActiveSubIdList] X subIdArr.length=1
04-13 21:55:42.444  1158  1158 D DctController: [TNF 1]Cellular needs Network for NetworkRequest [ id=1, legacyType=-1, [ Capabilities: INTERNET&NOT_RESTRICTED&TRUSTED&NOT_VPN] ]
04-13 21:55:42.445  1158  1158 D DctController: requestNetwork request=NetworkRequest [ id=1, legacyType=-1, [ Capabilities: INTERNET&NOT_RESTRICTED&TRUSTED&NOT_VPN] ], priority=0
04-13 21:55:42.445  1158  1158 D DctController: processRequests
04-13 21:55:42.446  1158  1158 D DctController: handleMessage msg={ when=0 what=100 target=com.android.internal.telephony.dataconnection.DctController }
04-13 21:55:42.447  1158  1158 D DctController: selectExecPhone requestInfo = [ request=NetworkRequest [ id=1, legacyType=-1, [ Capabilities: INTERNET&NOT_RESTRICTED&TRUSTED&NOT_VPN] ], executed=false, priority=0]
04-13 21:55:42.447  1158  1158 D DctController: getTopPriorityRequestPhoneId = 0, priority = 0
04-13 21:55:42.448  1158  1158 D DcSwitchAsyncChannel: [DcSwitchAsyncChannel-0]: rspIsIdle=false
04-13 21:55:42.448  1158  1158 D DctController: onProcessRequest phoneId=0, activePhoneId=0
04-13 21:55:42.448  1158  1351 D DcSwitchSM: [DcSwitchStateMachine-0] AttachingState: REQ_CONNECT
04-13 21:55:42.449  1158  1351 D RILJ    : [3842]> RIL_REQUEST_ALLOW_DATA [SUB0]
04-13 21:55:42.451   191   271 D RILC    : RequestComplete, RIL_SOCKET_1
04-13 21:55:42.451   191   271 E RILC    : Send Response to RIL_SOCKET_1
04-13 21:55:42.451  1158  1299 D RilRequest: [3842]< RIL_REQUEST_ALLOW_DATA error: com.android.internal.telephony.CommandException: REQUEST_NOT_SUPPORTED ret=
04-13 21:55:42.453  1158  1158 D DcSwitchAsyncChannel: [DcSwitchAsyncChannel-0]: rspConnect=1
04-13 21:55:51.963  1158  1361 D PhoneFactory: getPhone:- phoneId != DEFAULT_PHONE_ID return sProxyPhones[phoneId] phoneId=0 phone=Handler (com.android.internal.telephony.PhoneProxy) {249d39f}
04-13 21:55:52.246  1158  1158 D DCT     : [0]onReceive: action=android.net.wifi.STATE_CHANGE
04-13 21:55:52.246  1158  1158 D DCT     : [0]NETWORK_STATE_CHANGED_ACTION: mIsWifiConnected=false
04-13 21:55:52.374  1158  1158 D DCT     : [0]onReceive: action=android.net.wifi.STATE_CHANGE
04-13 21:55:52.375  1158  1158 D DCT     : [0]NETWORK_STATE_CHANGED_ACTION: mIsWifiConnected=false
04-13 21:55:55.719  1158  1158 D DCT     : [0]onReceive: action=android.net.wifi.STATE_CHANGE
04-13 21:55:55.720  1158  1158 D DCT     : [0]NETWORK_STATE_CHANGED_ACTION: mIsWifiConnected=false
04-13 21:55:55.740  1158  1158 D DCT     : [0]onReceive: action=android.net.wifi.STATE_CHANGE
04-13 21:55:55.741  1158  1158 D DCT     : [0]NETWORK_STATE_CHANGED_ACTION: mIsWifiConnected=false
04-13 21:55:56.430  1158  1158 D DCT     : [0]onReceive: action=android.net.wifi.STATE_CHANGE
04-13 21:55:56.431  1158  1158 D DCT     : [0]NETWORK_STATE_CHANGED_ACTION: mIsWifiConnected=false
04-13 21:55:56.455  1158  1158 D DCT     : [0]onReceive: action=android.net.wifi.STATE_CHANGE
04-13 21:55:56.456  1158  1158 D DCT     : [0]NETWORK_STATE_CHANGED_ACTION: mIsWifiConnected=false
04-13 21:55:56.855  1158  1158 D DCT     : [0]onReceive: action=android.net.wifi.STATE_CHANGE
04-13 21:55:56.855  1158  1158 D DCT     : [0]NETWORK_STATE_CHANGED_ACTION: mIsWifiConnected=false
04-13 21:55:58.403  1158  1158 D DCT     : [0]onReceive: action=android.net.wifi.STATE_CHANGE
04-13 21:55:58.404  1158  1158 D DCT     : [0]NETWORK_STATE_CHANGED_ACTION: mIsWifiConnected=false
04-13 21:55:58.415  1158  1158 D DCT     : [0]onReceive: action=android.net.wifi.STATE_CHANGE
04-13 21:55:58.416  1158  1158 D DCT     : [0]NETWORK_STATE_CHANGED_ACTION: mIsWifiConnected=false
04-13 21:55:58.668  1158  1361 D DCT     : [0]getDataEnabled: getIntWithSubId retVal=true
04-13 21:55:59.975  1158  1158 D DCT     : [0]onReceive: action=android.net.wifi.STATE_CHANGE
04-13 21:55:59.976  1158  1158 D DCT     : [0]NETWORK_STATE_CHANGED_ACTION: mIsWifiConnected=false
04-13 21:56:00.018  1158  1158 D DCT     : [0]onReceive: action=android.net.wifi.STATE_CHANGE
04-13 21:56:00.019  1158  1158 D DCT     : [0]NETWORK_STATE_CHANGED_ACTION: mIsWifiConnected=false
04-13 21:56:00.193  1158  1158 D DCT     : [0]onReceive: action=android.net.wifi.STATE_CHANGE
04-13 21:56:00.193  1158  1158 D DCT     : [0]NETWORK_STATE_CHANGED_ACTION: mIsWifiConnected=false
04-13 21:56:12.638  1158  1158 D DCT     : [0]onReceive: action=android.net.wifi.STATE_CHANGE
04-13 21:56:12.641  1158  1158 D DCT     : [0]NETWORK_STATE_CHANGED_ACTION: mIsWifiConnected=false
04-13 21:56:12.654  1158  1158 D DCT     : [0]onReceive: action=android.net.wifi.STATE_CHANGE
04-13 21:56:12.657  1158  1158 D DCT     : [0]NETWORK_STATE_CHANGED_ACTION: mIsWifiConnected=false
04-13 21:56:12.678  1158  1158 D DCT     : [0]onReceive: action=android.net.wifi.STATE_CHANGE
04-13 21:56:12.683  1158  1158 D DCT     : [0]NETWORK_STATE_CHANGED_ACTION: mIsWifiConnected=true
04-13 21:56:12.750  1158  1158 D DCT     : [0]onReceive: action=android.net.wifi.STATE_CHANGE
04-13 21:56:12.753  1158  1158 D DCT     : [0]NETWORK_STATE_CHANGED_ACTION: mIsWifiConnected=true
04-13 21:56:13.340  1158  1202 D SubscriptionController: [getActiveSubIdList] simInfoSet=[0=1]
04-13 21:56:13.342  1158  1202 D SubscriptionController: [getActiveSubIdList] X subIdArr.length=1
04-13 21:56:13.532  1158  1361 D SubscriptionController: [getActiveSubIdList] simInfoSet=[0=1]
04-13 21:56:13.534  1158  1361 D SubscriptionController: [getActiveSubIdList] X subIdArr.length=1
04-13 21:56:13.847  1158  1202 D SubscriptionController: [getActiveSubIdList] simInfoSet=[0=1]
04-13 21:56:13.849  1158  1202 D SubscriptionController: [getActiveSubIdList] X subIdArr.length=1
04-13 21:56:13.854  1158  1361 D SubscriptionController: [getActiveSubIdList] simInfoSet=[0=1]
04-13 21:56:13.856  1158  1361 D SubscriptionController: [getActiveSubIdList] X subIdArr.length=1
04-13 21:56:13.863  1158  1467 D SubscriptionController: [getActiveSubIdList] simInfoSet=[0=1]
04-13 21:56:13.865  1158  1467 D SubscriptionController: [getActiveSubIdList] X subIdArr.length=1
04-13 21:56:14.075  1158  1158 D DctController: [TNF 1]Cellular releasing Network for NetworkRequest [ id=1, legacyType=-1, [ Capabilities: INTERNET&NOT_RESTRICTED&TRUSTED&NOT_VPN] ]
04-13 21:56:14.077  1158  1158 D DctController: releaseNetwork request=NetworkRequest [ id=1, legacyType=-1, [ Capabilities: INTERNET&NOT_RESTRICTED&TRUSTED&NOT_VPN] ], requestInfo=[ request=NetworkRequest [ id=1, legacyType=-1, [ Capabilities: INTERNET&NOT_RESTRICTED&TRUSTED&NOT_VPN] ], executed=false, priority=0]
04-13 21:56:14.081  1158  1158 D DctController: releaseRequest, request= [ request=NetworkRequest [ id=1, legacyType=-1, [ Capabilities: INTERNET&NOT_RESTRICTED&TRUSTED&NOT_VPN] ], executed=false, priority=0]
04-13 21:56:14.082  1158  1158 D DctController: processRequests
04-13 21:56:14.083  1158  1158 D DctController: handleMessage msg={ when=0 what=103 obj=[ request=NetworkRequest [ id=1, legacyType=-1, [ Capabilities: INTERNET&NOT_RESTRICTED&TRUSTED&NOT_VPN] ], executed=false, priority=0] target=com.android.internal.telephony.dataconnection.DctController }
04-13 21:56:14.083  1158  1158 D DctController: onReleaseRequest request=[ request=NetworkRequest [ id=1, legacyType=-1, [ Capabilities: INTERNET&NOT_RESTRICTED&TRUSTED&NOT_VPN] ], executed=false, priority=0]
04-13 21:56:14.084  1158  1158 D DctController: handleMessage msg={ when=-2ms what=100 target=com.android.internal.telephony.dataconnection.DctController }
04-13 21:56:14.084  1158  1158 D DctController: getTopPriorityRequestPhoneId = 0, priority = -1
04-13 21:56:14.084  1158  1158 D DcSwitchAsyncChannel: [DcSwitchAsyncChannel-0]: rspIsIdle=false
04-13 21:56:14.085  1158  1158 D DctController: onProcessRequest phoneId=0, activePhoneId=0
04-13 21:56:23.595 10561 10561 D TelephonyManager: getTelephonyProperty: return propVal='false' phoneId=0 property='gsm.operator.isroaming' defaultVal='null' prop=false
04-13 21:56:24.626  1158  1195 D PhoneFactory: getPhone:- phoneId != DEFAULT_PHONE_ID return sProxyPhones[phoneId] phoneId=0 phone=Handler (com.android.internal.telephony.PhoneProxy) {249d39f}
04-13 21:56:27.358  1158  1195 D DCT     : [0]getDataEnabled: getIntWithSubId retVal=true
04-13 21:56:27.695  1158  1195 D PhoneFactory: getPhone:- phoneId != DEFAULT_PHONE_ID return sProxyPhones[phoneId] phoneId=0 phone=Handler (com.android.internal.telephony.PhoneProxy) {249d39f}
04-13 21:56:27.696  1158  1195 D DCT     : [0]getDataEnabled: getIntWithSubId retVal=true
04-13 21:56:40.508  1158  1467 D PhoneFactory: getPhone:- phoneId != DEFAULT_PHONE_ID return sProxyPhones[phoneId] phoneId=0 phone=Handler (com.android.internal.telephony.PhoneProxy) {249d39f}
04-13 21:56:40.509  1158  1467 D DCT     : [0]getDataEnabled: getIntWithSubId retVal=true
04-13 21:56:43.945  1158  1202 D PhoneFactory: getPhone:- phoneId != DEFAULT_PHONE_ID return sProxyPhones[phoneId] phoneId=0 phone=Handler (com.android.internal.telephony.PhoneProxy) {249d39f}
04-13 21:56:43.945  1158  1202 D DCT     : [0]getDataEnabled: getIntWithSubId retVal=true
04-13 21:56:52.156  1158  1361 D PhoneFactory: getPhone:- phoneId != DEFAULT_PHONE_ID return sProxyPhones[phoneId] phoneId=0 phone=Handler (com.android.internal.telephony.PhoneProxy) {249d39f}
04-13 21:56:52.156  1158  1361 D DCT     : [0]getDataEnabled: getIntWithSubId retVal=true
04-13 21:57:07.457  1158  1467 D SubscriptionController: [getPhoneId] asked for default subId=1
04-13 21:57:14.437  1158  1361 D PhoneFactory: getPhone:- phoneId != DEFAULT_PHONE_ID return sProxyPhones[phoneId] phoneId=0 phone=Handler (com.android.internal.telephony.PhoneProxy) {249d39f}
04-13 21:57:14.437  1158  1361 D DCT     : [0]getDataEnabled: getIntWithSubId retVal=true
04-13 21:57:19.939  1158  1195 D PhoneFactory: getPhone:- phoneId != DEFAULT_PHONE_ID return sProxyPhones[phoneId] phoneId=0 phone=Handler (com.android.internal.telephony.PhoneProxy) {249d39f}
04-13 21:57:20.576   722   786 D TelephonyManager: getTelephonyProperty: return propVal='null' phoneId=0 property='gsm.operator.iso-country' defaultVal='' prop=
04-13 21:57:21.367   722   786 D TelephonyManager: getTelephonyProperty: return propVal='cn' phoneId=0 property='gsm.sim.operator.iso-country' defaultVal='' prop=cn
04-13 21:57:26.440  1158  1202 D PhoneFactory: getPhone:- phoneId != DEFAULT_PHONE_ID return sProxyPhones[phoneId] phoneId=0 phone=Handler (com.android.internal.telephony.PhoneProxy) {249d39f}
04-13 21:57:26.441  1158  1202 D DCT     : [0]getDataEnabled: getIntWithSubId retVal=true
04-13 21:57:35.554  1158  1195 D PhoneFactory: getPhone:- phoneId != DEFAULT_PHONE_ID return sProxyPhones[phoneId] phoneId=0 phone=Handler (com.android.internal.telephony.PhoneProxy) {249d39f}
04-13 21:57:35.562  1158  1195 D DCT     : [0]getDataEnabled: getIntWithSubId retVal=true
04-13 22:05:51.631  1158  1195 D DCT     : [0]hasMatchedTetherApnSetting: APN=null
04-13 22:09:03.037  1158  1467 D SubscriptionController: [getActiveSubIdList] simInfoSet=[0=1]
04-13 22:09:03.039  1158  1467 D SubscriptionController: [getActiveSubIdList] X subIdArr.length=1
04-13 22:12:17.692  1158 17358 D PhoneFactory: getPhone:- phoneId != DEFAULT_PHONE_ID return sProxyPhones[phoneId] phoneId=0 phone=Handler (com.android.internal.telephony.PhoneProxy) {249d39f}
04-13 22:12:22.969  1158  1361 D PhoneFactory: getPhone:- phoneId != DEFAULT_PHONE_ID return sProxyPhones[phoneId] phoneId=0 phone=Handler (com.android.internal.telephony.PhoneProxy) {249d39f}
04-13 22:12:25.191   722   786 D TelephonyManager: getTelephonyProperty: return propVal='null' phoneId=0 property='gsm.operator.iso-country' defaultVal='' prop=
04-13 22:12:25.984   722   786 D TelephonyManager: getTelephonyProperty: return propVal='cn' phoneId=0 property='gsm.sim.operator.iso-country' defaultVal='' prop=cn
04-13 22:16:26.108  1158  1202 D DCT     : [0]hasMatchedTetherApnSetting: APN=null
04-13 22:41:17.175  1158  1467 D PhoneFactory: getPhone:- phoneId != DEFAULT_PHONE_ID return sProxyPhones[phoneId] phoneId=0 phone=Handler (com.android.internal.telephony.PhoneProxy) {249d39f}
04-13 22:41:17.795  1158  1467 D DCT     : [0]getDataEnabled: getIntWithSubId retVal=true
04-13 22:42:42.905   191   535 I RILQ    : (0/191):RIL[0][qmi_cb] qcril_qmi_nas_update_data_rte: completed, new drte 0 with confidence 4
04-13 22:42:42.906   191   535 I RILC    : RIL_SOCKET_1 UNSOLICITED: UNSOL_RESPONSE_VOICE_NETWORK_STATE_CHANGED length:8
04-13 22:42:42.906   191   535 E RILC    : Send Response to RIL_SOCKET_1
04-13 22:42:42.906  1158  1299 D RILJ    : [UNSL]< UNSOL_RESPONSE_VOICE_NETWORK_STATE_CHANGED [SUB0]
04-13 22:42:42.907  1158  1158 D RILJ    : [3843]> OPERATOR [SUB0]
04-13 22:42:42.909  1158  1158 D RILJ    : [3844]> DATA_REGISTRATION_STATE [SUB0]
04-13 22:42:42.910  1158  1158 D RILJ    : [3845]> VOICE_REGISTRATION_STATE [SUB0]
04-13 22:42:42.912  1158  1158 D RILJ    : [3846]> QUERY_NETWORK_SELECTION_MODE [SUB0]
04-13 22:42:42.938   191 29712 D RILC    : RequestComplete, RIL_SOCKET_1
04-13 22:42:42.938   191 29712 E RILC    : Send Response to RIL_SOCKET_1
04-13 22:42:42.939  1158  1299 D RILJ    : [3843]< OPERATOR {null, null, null} [SUB0]
04-13 22:42:42.945   191 29714 D RILC    : RequestComplete, RIL_SOCKET_1
04-13 22:42:42.945   191 29714 E RILC    : Send Response to RIL_SOCKET_1
04-13 22:42:42.946  1158  1299 D RILJ    : [3845]< VOICE_REGISTRATION_STATE {13, null, null, 0, null, null, null, 0, null, null, null, null, null, 2, fc} [SUB0]
04-13 22:42:42.947  1158  1158 D PHONE   : [ServiceState] setVoiceRegState=1
04-13 22:42:42.947  1158  1158 E PHONE   : [ServiceState] setState deprecated use setVoiceRegState()
04-13 22:42:42.947   191 29715 D RILC    : RequestComplete, RIL_SOCKET_1
04-13 22:42:42.947   191 29715 E RILC    : Send Response to RIL_SOCKET_1
04-13 22:42:42.948  1158  1299 D RILJ    : [3846]< QUERY_NETWORK_SELECTION_MODE {0} [SUB0]
04-13 22:42:42.948   191 29713 D RILC    : RequestComplete, RIL_SOCKET_1
04-13 22:42:42.948   191 29713 E RILC    : Send Response to RIL_SOCKET_1
04-13 22:42:42.949  1158  1299 D RILJ    : [3844]< DATA_REGISTRATION_STATE {2, null, null, null, 0, 20, null, null, null, null, null} [SUB0]
04-13 22:42:42.951  1158  1158 D PHONE   : [ServiceState] setDataRegState=1
04-13 22:42:42.951  1158  1158 D PHONE   : [ServiceState] setDataRadioTechnology=0
04-13 22:42:42.951  1158  1158 D GsmSST  : [GsmSST] handlPollStateResultMessage: GsmSST setDataRegState=1 regState=2 dataRadioTechnology=0
04-13 22:42:42.952  1158  1158 D GsmSST  : [GsmSST] Poll ServiceState done:  oldSS=[1 1 voice home data home null null null null null null  Unknown Unknown CSS not supported -1 -1 RoamInd=-1 DefRoamInd=-1 EmergOnly=true] newSS=[1 1 voice home data home null null null null null null  Unknown Unknown CSS not supported -1 -1 RoamInd=-1 DefRoamInd=-1 EmergOnly=true] oldMaxDataCalls=20 mNewMaxDataCalls=20 oldReasonDataDenied=-1 mNewReasonDataDenied=-1
04-13 22:42:42.952  1158  1158 D PHONE   : [ServiceState] setNullState=1
04-13 22:42:42.953  1158  1158 D GsmSST  : [GsmSST] SST.getAllCellInfo(): return last, same thread can't block
04-13 22:42:42.953  1158  1158 D GsmSST  : [GsmSST] SST.getAllCellInfo(): X size=0 list=null
04-13 22:42:42.953  1158  1158 D GsmSST  : [GsmSST] getCellLocation(): X empty mCellLoc and CellInfo mCellLoc=[-1,-1,252]
04-13 22:42:42.954   722   812 D TelephonyRegistry: notifyCellLocationForSubscriber: subId=1 cellLocation=Bundle[mParcelledData.dataSize=64]
04-13 22:45:04.829  1158  1202 D SubscriptionController: [getActiveSubIdList] simInfoSet=[0=1]
04-13 22:45:04.831  1158  1202 D SubscriptionController: [getActiveSubIdList] X subIdArr.length=1
04-13 22:50:46.395  1158  1195 D DCT     : [0]hasMatchedTetherApnSetting: APN=null
04-13 22:53:23.970  1158  1361 D DCT     : [0]hasMatchedTetherApnSetting: APN=null
04-13 22:59:41.621  1158 17358 D SubscriptionController: [getActiveSubIdList] simInfoSet=[0=1]
04-13 22:59:41.623  1158 17358 D SubscriptionController: [getActiveSubIdList] X subIdArr.length=1
04-13 23:16:28.633  1158  1202 D DCT     : [0]hasMatchedTetherApnSetting: APN=null
04-13 23:25:07.659  1847 14997 D TelephonyManager: getTelephonyProperty: return propVal='null' phoneId=0 property='gsm.operator.iso-country' defaultVal='' prop=
04-13 23:33:02.035  1158  1361 D SubscriptionController: [getActiveSubIdList] simInfoSet=[0=1]
04-13 23:33:02.037  1158  1361 D SubscriptionController: [getActiveSubIdList] X subIdArr.length=1
04-13 23:38:43.196  1158  1361 D SubscriptionController: [getActiveSubIdList] simInfoSet=[0=1]
04-13 23:38:43.200  1158  1361 D SubscriptionController: [getActiveSubIdList] X subIdArr.length=1
04-13 23:46:04.734  1158  1361 D SubscriptionController: [getActiveSubIdList] simInfoSet=[0=1]
04-13 23:46:04.736  1158  1361 D SubscriptionController: [getActiveSubIdList] X subIdArr.length=1
04-13 23:47:42.569  1158  1361 D SubscriptionController: [getActiveSubIdList] simInfoSet=[0=1]
04-13 23:47:42.571  1158  1361 D SubscriptionController: [getActiveSubIdList] X subIdArr.length=1
04-13 23:51:52.811  1158  1158 D DctController: [TNF 1]Cellular needs Network for NetworkRequest [ id=1, legacyType=-1, [ Capabilities: INTERNET&NOT_RESTRICTED&TRUSTED&NOT_VPN] ]
04-13 23:51:52.812  1158  1158 D DctController: requestNetwork request=NetworkRequest [ id=1, legacyType=-1, [ Capabilities: INTERNET&NOT_RESTRICTED&TRUSTED&NOT_VPN] ], priority=0
04-13 23:51:56.845  1158  1202 D PhoneFactory: getPhone:- phoneId != DEFAULT_PHONE_ID return sProxyPhones[phoneId] phoneId=0 phone=Handler (com.android.internal.telephony.PhoneProxy) {249d39f}
04-13 23:51:56.845  1158  1202 D DCT     : [0]getDataEnabled: getIntWithSubId retVal=true
04-13 23:52:02.655  1158 17358 D PhoneFactory: getPhone:- phoneId != DEFAULT_PHONE_ID return sProxyPhones[phoneId] phoneId=0 phone=Handler (com.android.internal.telephony.PhoneProxy) {249d39f}
04-13 23:52:02.656  1158 17358 D DCT     : [0]getDataEnabled: getIntWithSubId retVal=true
04-13 23:52:03.808  1158  1158 D DCT     : [0]onReceive: action=android.net.wifi.STATE_CHANGE
04-13 23:52:03.809  1158  1158 D DCT     : [0]NETWORK_STATE_CHANGED_ACTION: mIsWifiConnected=false
04-13 23:52:03.851  1158  1158 D DCT     : [0]onReceive: action=android.net.wifi.STATE_CHANGE
04-13 23:52:03.851  1158  1158 D DCT     : [0]NETWORK_STATE_CHANGED_ACTION: mIsWifiConnected=false
04-13 23:52:05.894  1158  1158 D DCT     : [0]onReceive: action=android.net.wifi.STATE_CHANGE
04-13 23:52:05.894  1158  1158 D DCT     : [0]NETWORK_STATE_CHANGED_ACTION: mIsWifiConnected=false
04-13 23:52:05.915  1158  1158 D DCT     : [0]onReceive: action=android.net.wifi.STATE_CHANGE
04-13 23:52:05.916  1158  1158 D DCT     : [0]NETWORK_STATE_CHANGED_ACTION: mIsWifiConnected=false
04-13 23:52:06.300  1158  1158 D DCT     : [0]onReceive: action=android.net.wifi.STATE_CHANGE
04-13 23:52:06.301  1158  1158 D DCT     : [0]NETWORK_STATE_CHANGED_ACTION: mIsWifiConnected=false
04-13 23:52:06.934   191   535 I RILQ    : (0/191):RIL[0][qmi_cb] qcril_qmi_nas_update_data_rte: completed, new drte 0 with confidence 4
04-13 23:52:06.935   191   535 I RILC    : RIL_SOCKET_1 UNSOLICITED: UNSOL_RESPONSE_VOICE_NETWORK_STATE_CHANGED length:8
04-13 23:52:06.935   191   535 E RILC    : Send Response to RIL_SOCKET_1
04-13 23:52:06.936  1158  1299 D RILJ    : [UNSL]< UNSOL_RESPONSE_VOICE_NETWORK_STATE_CHANGED [SUB0]
04-13 23:52:06.936  1158  1158 D RILJ    : [3848]> OPERATOR [SUB0]
04-13 23:52:07.146  1158  1158 D RILJ    : [3849]> DATA_REGISTRATION_STATE [SUB0]
04-13 23:52:07.170  1158  1158 D RILJ    : [3850]> VOICE_REGISTRATION_STATE [SUB0]
04-13 23:52:07.181  1158  1158 D RILJ    : [3851]> QUERY_NETWORK_SELECTION_MODE [SUB0]
04-13 23:52:07.271   191 24597 D RILC    : RequestComplete, RIL_SOCKET_1
04-13 23:52:07.271   191 24597 E RILC    : Send Response to RIL_SOCKET_1
04-13 23:52:07.271  1158  1299 D RILJ    : [3848]< OPERATOR {null, null, null} [SUB0]
04-13 23:52:07.273   191 24611 D RILC    : RequestComplete, RIL_SOCKET_1
04-13 23:52:07.273   191 24611 E RILC    : Send Response to RIL_SOCKET_1
04-13 23:52:07.274  1158  1299 D RILJ    : [3850]< VOICE_REGISTRATION_STATE {13, null, null, 0, null, null, null, 0, null, null, null, null, null, 2, 63} [SUB0]
04-13 23:52:07.275  1158  1158 D PHONE   : [ServiceState] setVoiceRegState=1
04-13 23:52:07.275  1158  1158 E PHONE   : [ServiceState] setState deprecated use setVoiceRegState()
04-13 23:52:07.293   191 24612 D RILC    : RequestComplete, RIL_SOCKET_1
04-13 23:52:07.293   191 24612 E RILC    : Send Response to RIL_SOCKET_1
04-13 23:52:07.294  1158  1299 D RILJ    : [3851]< QUERY_NETWORK_SELECTION_MODE {0} [SUB0]
04-13 23:52:07.294   191 24598 D RILC    : RequestComplete, RIL_SOCKET_1
04-13 23:52:07.294   191 24598 E RILC    : Send Response to RIL_SOCKET_1
04-13 23:52:07.295  1158  1299 D RILJ    : [3849]< DATA_REGISTRATION_STATE {2, null, null, null, 0, 20, null, null, null, null, null} [SUB0]
04-13 23:52:07.295  1158  1158 D PHONE   : [ServiceState] setDataRegState=1
04-13 23:52:07.295  1158  1158 D PHONE   : [ServiceState] setDataRadioTechnology=0
04-13 23:52:07.296  1158  1158 D GsmSST  : [GsmSST] handlPollStateResultMessage: GsmSST setDataRegState=1 regState=2 dataRadioTechnology=0
04-13 23:52:07.297  1158  1158 D GsmSST  : [GsmSST] Poll ServiceState done:  oldSS=[1 1 voice home data home null null null null null null  Unknown Unknown CSS not supported -1 -1 RoamInd=-1 DefRoamInd=-1 EmergOnly=true] newSS=[1 1 voice home data home null null null null null null  Unknown Unknown CSS not supported -1 -1 RoamInd=-1 DefRoamInd=-1 EmergOnly=true] oldMaxDataCalls=20 mNewMaxDataCalls=20 oldReasonDataDenied=-1 mNewReasonDataDenied=-1
04-13 23:52:07.297  1158  1158 D PHONE   : [ServiceState] setNullState=1
04-13 23:52:07.297  1158  1158 D GsmSST  : [GsmSST] SST.getAllCellInfo(): return last, same thread can't block
04-13 23:52:07.297  1158  1158 D GsmSST  : [GsmSST] SST.getAllCellInfo(): X size=0 list=null
04-13 23:52:07.298  1158  1158 D GsmSST  : [GsmSST] getCellLocation(): X empty mCellLoc and CellInfo mCellLoc=[-1,-1,99]
04-13 23:52:07.299   722  1252 D TelephonyRegistry: notifyCellLocationForSubscriber: subId=1 cellLocation=Bundle[mParcelledData.dataSize=64]
04-13 23:52:07.704  1158  1158 D DCT     : [0]onReceive: action=android.net.wifi.STATE_CHANGE
04-13 23:52:07.705  1158  1158 D DCT     : [0]NETWORK_STATE_CHANGED_ACTION: mIsWifiConnected=false
04-13 23:52:07.984  1158  1158 D DCT     : [0]onReceive: action=android.net.wifi.STATE_CHANGE
04-13 23:52:07.984  1158  1158 D DCT     : [0]NETWORK_STATE_CHANGED_ACTION: mIsWifiConnected=false
04-13 23:52:12.648   191   535 I RILQ    : (0/191):RIL[0][qmi_cb] qcril_qmi_nas_update_data_rte: completed, new drte 0 with confidence 4
04-13 23:52:12.649   191   535 I RILC    : RIL_SOCKET_1 UNSOLICITED: UNSOL_RESPONSE_VOICE_NETWORK_STATE_CHANGED length:8
04-13 23:52:12.650   191   535 E RILC    : Send Response to RIL_SOCKET_1
04-13 23:52:12.650  1158  1299 D RILJ    : [UNSL]< UNSOL_RESPONSE_VOICE_NETWORK_STATE_CHANGED [SUB0]
04-13 23:52:12.651  1158  1158 D RILJ    : [3852]> OPERATOR [SUB0]
04-13 23:52:13.143  1158  1158 D RILJ    : [3853]> DATA_REGISTRATION_STATE [SUB0]
04-13 23:52:13.184  1158  1158 D RILJ    : [3854]> VOICE_REGISTRATION_STATE [SUB0]
04-13 23:52:13.198   191 26074 D RILC    : RequestComplete, RIL_SOCKET_1
04-13 23:52:13.198   191 26074 E RILC    : Send Response to RIL_SOCKET_1
04-13 23:52:13.199  1158  1299 D RILJ    : [3852]< OPERATOR {null, null, null} [SUB0]
04-13 23:52:13.217   191 26098 D RILC    : RequestComplete, RIL_SOCKET_1
04-13 23:52:13.217   191 26098 E RILC    : Send Response to RIL_SOCKET_1
04-13 23:52:13.469  1158  1158 D RILJ    : [3855]> QUERY_NETWORK_SELECTION_MODE [SUB0]
04-13 23:52:13.488  1158  1299 D RILJ    : [3853]< DATA_REGISTRATION_STATE {2, null, null, null, 0, 20, null, null, null, null, null} [SUB0]
04-13 23:52:13.493  1158  1158 D PHONE   : [ServiceState] setDataRegState=1
04-13 23:52:13.493  1158  1158 D PHONE   : [ServiceState] setDataRadioTechnology=0
04-13 23:52:13.493  1158  1158 D GsmSST  : [GsmSST] handlPollStateResultMessage: GsmSST setDataRegState=1 regState=2 dataRadioTechnology=0
04-13 23:52:13.572   191 26164 D RILC    : RequestComplete, RIL_SOCKET_1
04-13 23:52:13.572   191 26164 E RILC    : Send Response to RIL_SOCKET_1
04-13 23:52:13.573  1158  1299 D RILJ    : [3855]< QUERY_NETWORK_SELECTION_MODE {0} [SUB0]
04-13 23:52:13.574   191 26159 D RILC    : RequestComplete, RIL_SOCKET_1
04-13 23:52:13.574   191 26159 E RILC    : Send Response to RIL_SOCKET_1
04-13 23:52:13.574  1158  1299 D RILJ    : [3854]< VOICE_REGISTRATION_STATE {13, null, null, 0, null, null, null, 0, null, null, null, null, null, 2, fc} [SUB0]
04-13 23:52:13.575  1158  1158 D PHONE   : [ServiceState] setVoiceRegState=1
04-13 23:52:13.575  1158  1158 E PHONE   : [ServiceState] setState deprecated use setVoiceRegState()
04-13 23:52:13.576  1158  1158 D GsmSST  : [GsmSST] Poll ServiceState done:  oldSS=[1 1 voice home data home null null null null null null  Unknown Unknown CSS not supported -1 -1 RoamInd=-1 DefRoamInd=-1 EmergOnly=true] newSS=[1 1 voice home data home null null null null null null  Unknown Unknown CSS not supported -1 -1 RoamInd=-1 DefRoamInd=-1 EmergOnly=true] oldMaxDataCalls=20 mNewMaxDataCalls=20 oldReasonDataDenied=-1 mNewReasonDataDenied=-1
04-13 23:52:18.731  1158  1202 D PhoneFactory: getPhone:- phoneId != DEFAULT_PHONE_ID return sProxyPhones[phoneId] phoneId=0 phone=Handler (com.android.internal.telephony.PhoneProxy) {249d39f}
04-13 23:52:18.731  1158  1202 D DCT     : [0]getDataEnabled: getIntWithSubId retVal=true
04-13 23:52:20.165  1158  1158 D DCT     : [0]onReceive: action=android.net.wifi.STATE_CHANGE
04-13 23:52:20.168  1158  1158 D DCT     : [0]NETWORK_STATE_CHANGED_ACTION: mIsWifiConnected=false
04-13 23:52:20.200  1158  1158 D DCT     : [0]onReceive: action=android.net.wifi.STATE_CHANGE
04-13 23:52:20.204  1158  1158 D DCT     : [0]NETWORK_STATE_CHANGED_ACTION: mIsWifiConnected=false
04-13 23:52:20.204  1158  1158 D DCT     : [0]onReceive: action=android.net.wifi.STATE_CHANGE
04-13 23:52:20.206  1158  1158 D DCT     : [0]NETWORK_STATE_CHANGED_ACTION: mIsWifiConnected=true
04-13 23:52:20.555  1158  1158 D DCT     : [0]onReceive: action=android.net.wifi.STATE_CHANGE
04-13 23:52:20.557  1158  1158 D DCT     : [0]NETWORK_STATE_CHANGED_ACTION: mIsWifiConnected=true
04-13 23:52:20.772  1158 17358 D SubscriptionController: [getActiveSubIdList] simInfoSet=[0=1]
04-13 23:52:20.775  1158 17358 D SubscriptionController: [getActiveSubIdList] X subIdArr.length=1
04-13 23:52:20.949  1158  1361 D SubscriptionController: [getActiveSubIdList] simInfoSet=[0=1]
04-13 23:52:20.952  1158  1361 D SubscriptionController: [getActiveSubIdList] X subIdArr.length=1
04-13 23:52:21.260  1158 17358 D SubscriptionController: [getActiveSubIdList] simInfoSet=[0=1]
04-13 23:52:21.262  1158 17358 D SubscriptionController: [getActiveSubIdList] X subIdArr.length=1
04-13 23:52:21.266  1158  1467 D SubscriptionController: [getActiveSubIdList] simInfoSet=[0=1]
04-13 23:52:21.268  1158  1467 D SubscriptionController: [getActiveSubIdList] X subIdArr.length=1
04-13 23:52:21.273  1158  1202 D SubscriptionController: [getActiveSubIdList] simInfoSet=[0=1]
04-13 23:52:21.274  1158  1202 D SubscriptionController: [getActiveSubIdList] X subIdArr.length=1
04-13 23:52:23.584  1158  1467 D PhoneFactory: getPhone:- phoneId != DEFAULT_PHONE_ID return sProxyPhones[phoneId] phoneId=0 phone=Handler (com.android.internal.telephony.PhoneProxy) {249d39f}
04-13 23:52:23.585  1158  1467 D DCT     : [0]getDataEnabled: getIntWithSubId retVal=true
04-13 23:52:24.044  1158  1361 D PhoneFactory: getPhone:- phoneId != DEFAULT_PHONE_ID return sProxyPhones[phoneId] phoneId=0 phone=Handler (com.android.internal.telephony.PhoneProxy) {249d39f}
04-13 23:52:24.044  1158  1361 D DCT     : [0]getDataEnabled: getIntWithSubId retVal=true
04-13 23:52:26.569  1158  1158 D DctController: [TNF 1]Cellular releasing Network for NetworkRequest [ id=1, legacyType=-1, [ Capabilities: INTERNET&NOT_RESTRICTED&TRUSTED&NOT_VPN] ]
04-13 23:52:26.570  1158  1158 D DctController: releaseNetwork request=NetworkRequest [ id=1, legacyType=-1, [ Capabilities: INTERNET&NOT_RESTRICTED&TRUSTED&NOT_VPN] ], requestInfo=[ request=NetworkRequest [ id=1, legacyType=-1, [ Capabilities: INTERNET&NOT_RESTRICTED&TRUSTED&NOT_VPN] ], executed=false, priority=0]
04-13 23:52:26.595  1158  1158 D DctController: releaseRequest, request= [ request=NetworkRequest [ id=1, legacyType=-1, [ Capabilities: INTERNET&NOT_RESTRICTED&TRUSTED&NOT_VPN] ], executed=false, priority=0]
04-13 23:52:26.595  1158  1158 D DctController: processRequests
04-13 23:52:26.596  1158  1158 D DctController: handleMessage msg={ when=-1ms what=103 obj=[ request=NetworkRequest [ id=1, legacyType=-1, [ Capabilities: INTERNET&NOT_RESTRICTED&TRUSTED&NOT_VPN] ], executed=false, priority=0] target=com.android.internal.telephony.dataconnection.DctController }
04-13 23:52:26.597  1158  1158 D DctController: onReleaseRequest request=[ request=NetworkRequest [ id=1, legacyType=-1, [ Capabilities: INTERNET&NOT_RESTRICTED&TRUSTED&NOT_VPN] ], executed=false, priority=0]
