04-13 22:50:36.414   867   867 W ViewRootImpl: Cancelling event due to no window focus: KeyEvent { action=ACTION_UP, keyCode=KEYCODE_DPAD_DOWN, scanCode=0, metaState=0, flags=0x28, repeatCount=0, eventTime=10276916, downTime=10276916, deviceId=-1, source=0x101 }
04-13 22:50:36.414   867   867 W ViewRootImpl: Cancelling event due to no window focus: KeyEvent { action=ACTION_UP, keyCode=KEYCODE_DPAD_DOWN, scanCode=0, metaState=0, flags=0x28, repeatCount=0, eventTime=10276916, downTime=10276916, deviceId=-1, source=0x101 }
04-13 22:50:36.415   867   867 W ViewRootImpl: Cancelling event due to no window focus: KeyEvent { action=ACTION_UP, keyCode=KEYCODE_DPAD_DOWN, scanCode=0, metaState=0, flags=0x28, repeatCount=0, eventTime=10276916, downTime=10276916, deviceId=-1, source=0x101 }
04-13 22:50:36.415   867   867 W ViewRootImpl: Cancelling event due to no window focus: KeyEvent { action=ACTION_UP, keyCode=KEYCODE_DPAD_DOWN, scanCode=0, metaState=0, flags=0x28, repeatCount=0, eventTime=10276916, downTime=10276916, deviceId=-1, source=0x101 }
04-13 22:50:36.438   867   867 W ViewRootImpl: Cancelling event due to no window focus: KeyEvent { action=ACTION_UP, keyCode=KEYCODE_DPAD_DOWN, scanCode=0, metaState=0, flags=0x28, repeatCount=0, eventTime=10276916, downTime=10276916, deviceId=-1, source=0x101 }
04-13 22:50:36.439   867   867 W ViewRootImpl: Cancelling event due to no window focus: KeyEvent { action=ACTION_UP, keyCode=KEYCODE_DPAD_DOWN, scanCode=0, metaState=0, flags=0x28, repeatCount=0, eventTime=10276916, downTime=10276916, deviceId=-1, source=0x101 }
04-13 22:50:36.514   867   867 W ViewRootImpl: Cancelling event due to no window focus: KeyEvent { action=ACTION_UP, keyCode=KEYCODE_DPAD_DOWN, scanCode=0, metaState=0, flags=0x80000028, repeatCount=0, eventTime=10276916, downTime=10276916, deviceId=-1, source=0x101 }
04-13 22:50:36.515   867   867 W ViewRootImpl: Cancelling event due to no window focus: KeyEvent { action=ACTION_UP, keyCode=KEYCODE_DPAD_DOWN, scanCode=0, metaState=0, flags=0x80000028, repeatCount=0, eventTime=10276916, downTime=10276916, deviceId=-1, source=0x101 }
04-13 22:50:36.515   867   867 W ViewRootImpl: Cancelling event due to no window focus: KeyEvent { action=ACTION_UP, keyCode=KEYCODE_DPAD_DOWN, scanCode=0, metaState=0, flags=0x80000028, repeatCount=0, eventTime=10276916, downTime=10276916, deviceId=-1, source=0x101 }
04-13 22:50:38.413   722  1296 I ActivityManager: START u0 {act=android.intent.action.MAIN cat=[android.intent.category.LAUNCHER] flg=0x10200000 cmp=com.zhihu.android/.app.ui.activity.MainActivity} from uid 0 on display 0
04-13 22:50:43.808   722  1296 I ActivityManager: START u0 {act=android.intent.action.VIEW dat=content://media/external/images/media/37 typ=image/png flg=0x10000000 cmp=com.android.gallery3d/.app.GalleryActivity} from uid 10013 on display 0
04-13 22:50:44.903  1847  1847 W ViewRootImpl: Cancelling event due to no window focus: KeyEvent { action=ACTION_UP, keyCode=KEYCODE_MENU, scanCode=0, metaState=0, flags=0x80000028, repeatCount=0, eventTime=10285450, downTime=10285450, deviceId=-1, source=0x101 }
04-13 22:50:44.903  1847  1847 W ViewRootImpl: Cancelling event due to no window focus: KeyEvent { action=ACTION_UP, keyCode=KEYCODE_MENU, scanCode=0, metaState=0, flags=0x80000028, repeatCount=0, eventTime=10285450, downTime=10285450, deviceId=-1, source=0x101 }
04-13 22:50:44.904  1847  1847 W ViewRootImpl: Cancelling event due to no window focus: KeyEvent { action=ACTION_UP, keyCode=KEYCODE_MENU, scanCode=0, metaState=0, flags=0x80000028, repeatCount=0, eventTime=10285450, downTime=10285450, deviceId=-1, source=0x101 }
04-13 22:50:44.905  1847  1847 W ViewRootImpl: Cancelling event due to no window focus: KeyEvent { action=ACTION_UP, keyCode=KEYCODE_MENU, scanCode=0, metaState=0, flags=0x80000028, repeatCount=0, eventTime=10285450, downTime=10285450, deviceId=-1, source=0x101 }
04-13 22:50:44.906  1847  1847 W ViewRootImpl: Cancelling event due to no window focus: KeyEvent { action=ACTION_UP, keyCode=KEYCODE_MENU, scanCode=0, metaState=0, flags=0x80000028, repeatCount=0, eventTime=10285450, downTime=10285450, deviceId=-1, source=0x101 }
04-13 22:50:44.907  1847  1847 W ViewRootImpl: Cancelling event due to no window focus: KeyEvent { action=ACTION_UP, keyCode=KEYCODE_MENU, scanCode=0, metaState=0, flags=0x80000028, repeatCount=0, eventTime=10285450, downTime=10285450, deviceId=-1, source=0x101 }
04-13 22:50:44.938   722  1239 W InputMethodManagerService: Window already focused, ignoring focus gain of: com.android.internal.view.IInputMethodClient$Stub$Proxy@31d2ecbe attribute=null, token = android.os.BinderProxy@284c753e
04-13 22:50:55.844   722  1296 I ActivityManager: START u0 {act=android.intent.action.MAIN cat=[android.intent.category.LAUNCHER] flg=0x10008000 cmp=com.android.settings/.UsbSettings} from uid 1000 on display 0
04-13 22:51:26.525   722 23547 W ProcessCpuTracker: Skipping unknown process pid 29759
04-13 22:51:28.923   722  1295 W InputMethodManagerService: Window already focused, ignoring focus gain of: com.android.internal.view.IInputMethodClient$Stub$Proxy@470ed04 attribute=null, token = android.os.BinderProxy@284c753e
04-13 22:51:30.235   722   808 I ActivityManager: START u0 {act=android.speech.action.WEB_SEARCH} from uid 1000 on display 0
04-13 22:52:56.898   722   739 W ProcessCpuTracker: Skipping unknown process pid 20399
04-13 22:52:56.899   722   739 W ProcessCpuTracker: Skipping unknown process pid 20400
04-13 22:52:56.900   722   739 W ProcessCpuTracker: Skipping unknown process pid 20401
04-13 22:52:56.901   722   739 W ProcessCpuTracker: Skipping unknown process pid 20402
04-13 22:53:06.207   867   867 W ViewRootImpl: Dropping event due to no window focus: KeyEvent { action=ACTION_DOWN, keyCode=KEYCODE_MENU, scanCode=0, metaState=0, flags=0x8, repeatCount=0, eventTime=10426761, downTime=10426761, deviceId=-1, source=0x101 }
04-13 22:53:06.209   867   867 W ViewRootImpl: Cancelling event due to no window focus: KeyEvent { action=ACTION_UP, keyCode=KEYCODE_MENU, scanCode=0, metaState=0, flags=0x28, repeatCount=0, eventTime=10426767, downTime=10426767, deviceId=-1, source=0x101 }
04-13 22:53:06.209   867   867 W ViewRootImpl: Cancelling event due to no window focus: KeyEvent { action=ACTION_UP, keyCode=KEYCODE_MENU, scanCode=0, metaState=0, flags=0x28, repeatCount=0, eventTime=10426767, downTime=10426767, deviceId=-1, source=0x101 }
04-13 22:53:06.210   867   867 W ViewRootImpl: Cancelling event due to no window focus: KeyEvent { action=ACTION_UP, keyCode=KEYCODE_MENU, scanCode=0, metaState=0, flags=0x28, repeatCount=0, eventTime=10426767, downTime=10426767, deviceId=-1, source=0x101 }
04-13 22:53:06.244   867   867 W ViewRootImpl: Cancelling event due to no window focus: KeyEvent { action=ACTION_UP, keyCode=KEYCODE_MENU, scanCode=0, metaState=0, flags=0x28, repeatCount=0, eventTime=10426767, downTime=10426767, deviceId=-1, source=0x101 }
04-13 22:53:06.245   867   867 W ViewRootImpl: Cancelling event due to no window focus: KeyEvent { action=ACTION_UP, keyCode=KEYCODE_MENU, scanCode=0, metaState=0, flags=0x28, repeatCount=0, eventTime=10426767, downTime=10426767, deviceId=-1, source=0x101 }
04-13 22:53:06.245   867   867 W ViewRootImpl: Cancelling event due to no window focus: KeyEvent { action=ACTION_UP, keyCode=KEYCODE_MENU, scanCode=0, metaState=0, flags=0x28, repeatCount=0, eventTime=10426767, downTime=10426767, deviceId=-1, source=0x101 }
04-13 22:53:06.246   867   867 W ViewRootImpl: Cancelling event due to no window focus: KeyEvent { action=ACTION_UP, keyCode=KEYCODE_MENU, scanCode=0, metaState=0, flags=0x28, repeatCount=0, eventTime=10426767, downTime=10426767, deviceId=-1, source=0x101 }
04-13 22:53:06.246   867   867 W ViewRootImpl: Cancelling event due to no window focus: KeyEvent { action=ACTION_UP, keyCode=KEYCODE_MENU, scanCode=0, metaState=0, flags=0x28, repeatCount=0, eventTime=10426767, downTime=10426767, deviceId=-1, source=0x101 }
04-13 22:53:06.247   867   867 W ViewRootImpl: Cancelling event due to no window focus: KeyEvent { action=ACTION_UP, keyCode=KEYCODE_MENU, scanCode=0, metaState=0, flags=0x28, repeatCount=0, eventTime=10426767, downTime=10426767, deviceId=-1, source=0x101 }
04-13 22:53:09.271  1847  1847 W ViewRootImpl: Dropping event due to no window focus: KeyEvent { action=ACTION_DOWN, keyCode=KEYCODE_DPAD_RIGHT, scanCode=0, metaState=0, flags=0x8, repeatCount=0, eventTime=10429832, downTime=10429832, deviceId=-1, source=0x101 }
04-13 22:53:09.273  1847  1847 W ViewRootImpl: Cancelling event due to no window focus: KeyEvent { action=ACTION_UP, keyCode=KEYCODE_DPAD_RIGHT, scanCode=0, metaState=0, flags=0x28, repeatCount=0, eventTime=10429835, downTime=10429835, deviceId=-1, source=0x101 }
04-13 22:53:09.274  1847  1847 W ViewRootImpl: Cancelling event due to no window focus: KeyEvent { action=ACTION_UP, keyCode=KEYCODE_DPAD_RIGHT, scanCode=0, metaState=0, flags=0x28, repeatCount=0, eventTime=10429835, downTime=10429835, deviceId=-1, source=0x101 }
04-13 22:53:09.274  1847  1847 W ViewRootImpl: Cancelling event due to no window focus: KeyEvent { action=ACTION_UP, keyCode=KEYCODE_DPAD_RIGHT, scanCode=0, metaState=0, flags=0x28, repeatCount=0, eventTime=10429835, downTime=10429835, deviceId=-1, source=0x101 }
04-13 22:53:09.292  1847  1847 W ViewRootImpl: Cancelling event due to no window focus: KeyEvent { action=ACTION_UP, keyCode=KEYCODE_DPAD_RIGHT, scanCode=0, metaState=0, flags=0x28, repeatCount=0, eventTime=10429835, downTime=10429835, deviceId=-1, source=0x101 }
04-13 22:53:09.294  1847  1847 W ViewRootImpl: Cancelling event due to no window focus: KeyEvent { action=ACTION_UP, keyCode=KEYCODE_DPAD_RIGHT, scanCode=0, metaState=0, flags=0x28, repeatCount=0, eventTime=10429835, downTime=10429835, deviceId=-1, source=0x101 }
04-13 22:53:09.295  1847  1847 W ViewRootImpl: Cancelling event due to no window focus: KeyEvent { action=ACTION_UP, keyCode=KEYCODE_DPAD_RIGHT, scanCode=0, metaState=0, flags=0x28, repeatCount=0, eventTime=10429835, downTime=10429835, deviceId=-1, source=0x101 }
04-13 22:53:09.375   722 10551 W InputMethodManagerService: Window already focused, ignoring focus gain of: com.android.internal.view.IInputMethodClient$Stub$Proxy@20c0c67a attribute=null, token = android.os.BinderProxy@284c753e
04-13 22:54:24.643   722   812 W InputMethodManagerService: Window already focused, ignoring focus gain of: com.android.internal.view.IInputMethodClient$Stub$Proxy@3884d046 attribute=null, token = android.os.BinderProxy@284c753e
04-13 22:54:45.757   722  1089 W InputMethodManagerService: Window already focused, ignoring focus gain of: com.android.internal.view.IInputMethodClient$Stub$Proxy@24263207 attribute=null, token = android.os.BinderProxy@284c753e
04-13 22:55:00.104   722   787 W ProcessCpuTracker: Skipping unknown process pid 18697
04-13 22:55:04.484   722 23547 W InputMethodManagerService: Window already focused, ignoring focus gain of: com.android.internal.view.IInputMethodClient$Stub$Proxy@3feb9f34 attribute=null, token = android.os.BinderProxy@284c753e
04-13 22:55:06.251   722   787 W ProcessCpuTracker: Skipping unknown process pid 19853
04-13 22:55:28.785   722 10551 I ActivityManager: START u0 {act=android.intent.action.MAIN cat=[android.intent.category.LAUNCHER] flg=0x10200000 cmp=com.zhihu.android/.app.ui.activity.MainActivity} from uid 0 on display 0
04-13 22:56:00.136   722   808 I ActivityManager: START u0 {act=android.intent.action.MAIN cat=[android.intent.category.LAUNCHER] flg=0x10000000 cmp=com.android.browser/.BrowserActivity sel=act=android.intent.action.MAIN cat=[android.intent.category.APP_BROWSER]}} from uid 1000 on display 0
04-13 22:56:24.896   722 10551 W ProcessCpuTracker: Skipping unknown process pid 7500
04-13 22:56:24.941   722 10551 W ProcessCpuTracker: Skipping unknown process pid 7507
04-13 22:56:24.990   722 10551 W ProcessCpuTracker: Skipping unknown process pid 7511
04-13 22:56:35.211   722  9913 W ProcessCpuTracker: Skipping unknown process pid 10022
04-13 22:56:57.888   722  9913 I ActivityManager: START u0 {act=android.intent.action.MAIN cat=[android.intent.category.LAUNCHER] flg=0x10200000 cmp=com.zhihu.android/.app.ui.activity.MainActivity} from uid 0 on display 0
04-13 22:57:02.026   722  1244 I ActivityManager: START u0 {act=android.intent.action.MAIN cat=[android.intent.category.LAUNCHER] flg=0x10200000 cmp=com.zhihu.android/.app.ui.activity.MainActivity} from uid 0 on display 0
04-13 22:57:08.109   722   808 I WindowManager: Input event dispatching timed out sending to .  Reason: Waiting to send key event because the focused window has not finished processing all of the input events that were previously delivered to it.  Outbound queue length: 0.  Wait queue length: 1.
04-13 22:57:08.291   722   738 W InputManager: Input event injection from pid 2379 timed out.
04-13 22:57:08.386   722   787 I ActivityManager: Skipping duplicate ANR: ProcessRecord{1acd0c76 1847:com.zhihu.android/u0a54} Input dispatching timed out (Waiting to send key event because the focused window has not finished processing all of the input events that were previously delivered to it.  Outbound queue length: 0.  Wait queue length: 1.)
04-13 22:57:42.213   722   722 D ZenLog  : intercepted: 0|com.android.systemui|789|null|10013,none
04-13 22:57:42.223   722   722 V NotificationService: pkg=com.android.systemui canInterrupt=false intercept=true
04-13 22:58:05.849   722   808 I WindowManager: Input event dispatching timed out sending to .  Reason: Waiting to send key event because the focused window has not finished processing all of the input events that were previously delivered to it.  Outbound queue length: 0.  Wait queue length: 1.
04-13 22:58:05.990   722   787 I ActivityManager: Skipping duplicate ANR: ProcessRecord{1acd0c76 1847:com.zhihu.android/u0a54} Input dispatching timed out (Waiting to send key event because the focused window has not finished processing all of the input events that were previously delivered to it.  Outbound queue length: 0.  Wait queue length: 1.)
04-13 22:58:05.990   722 23547 W InputManager: Input event injection from pid 2379 timed out.
04-13 22:58:12.571   722   722 V NotificationService: pkg=com.android.systemui canInterrupt=false intercept=true
04-13 22:59:25.872  1847  1847 W ViewRootImpl: Dropping event due to no window focus: KeyEvent { action=ACTION_DOWN, keyCode=KEYCODE_DPAD_CENTER, scanCode=0, metaState=0, flags=0x8, repeatCount=0, eventTime=10805723, downTime=10805723, deviceId=-1, source=0x101 }
04-13 22:59:25.878  1847  1847 W ViewRootImpl: Cancelling event due to no window focus: KeyEvent { action=ACTION_UP, keyCode=KEYCODE_DPAD_CENTER, scanCode=0, metaState=0, flags=0x28, repeatCount=0, eventTime=10806095, downTime=10806095, deviceId=-1, source=0x101 }
04-13 22:59:25.879  1847  1847 W ViewRootImpl: Cancelling event due to no window focus: KeyEvent { action=ACTION_UP, keyCode=KEYCODE_DPAD_CENTER, scanCode=0, metaState=0, flags=0x28, repeatCount=0, eventTime=10806095, downTime=10806095, deviceId=-1, source=0x101 }
04-13 22:59:25.880  1847  1847 W ViewRootImpl: Cancelling event due to no window focus: KeyEvent { action=ACTION_UP, keyCode=KEYCODE_DPAD_CENTER, scanCode=0, metaState=0, flags=0x28, repeatCount=0, eventTime=10806095, downTime=10806095, deviceId=-1, source=0x101 }
04-13 22:59:25.901  1847  1847 W ViewRootImpl: Cancelling event due to no window focus: KeyEvent { action=ACTION_UP, keyCode=KEYCODE_DPAD_CENTER, scanCode=0, metaState=0, flags=0x28, repeatCount=0, eventTime=10806095, downTime=10806095, deviceId=-1, source=0x101 }
04-13 22:59:25.902  1847  1847 W ViewRootImpl: Cancelling event due to no window focus: KeyEvent { action=ACTION_UP, keyCode=KEYCODE_DPAD_CENTER, scanCode=0, metaState=0, flags=0x28, repeatCount=0, eventTime=10806095, downTime=10806095, deviceId=-1, source=0x101 }
04-13 22:59:25.902  1847  1847 W ViewRootImpl: Cancelling event due to no window focus: KeyEvent { action=ACTION_UP, keyCode=KEYCODE_DPAD_CENTER, scanCode=0, metaState=0, flags=0x28, repeatCount=0, eventTime=10806095, downTime=10806095, deviceId=-1, source=0x101 }
04-13 22:59:26.146   722  1296 W InputMethodManagerService: Window already focused, ignoring focus gain of: com.android.internal.view.IInputMethodClient$Stub$Proxy@2f22d4fc attribute=null, token = android.os.BinderProxy@284c753e
04-13 22:59:26.582   722   793 W ProcessCpuTracker: Skipping unknown process pid 19990
04-13 22:59:38.543   722   722 I EntropyMixer: Added HW RNG output to entropy pool
04-13 22:59:38.543   722   722 I EntropyMixer: Writing entropy...
04-13 23:00:00.276   722   787 I ProcessStatsService: Prepared write state in 14ms
04-13 23:00:07.075   722   927 I ActivityManager: START u0 {act=android.intent.action.MAIN cat=[android.intent.category.LAUNCHER] flg=0x10200000 cmp=com.zhihu.android/.app.ui.activity.MainActivity} from uid 0 on display 0
04-13 23:00:25.665   722  1244 W ProcessCpuTracker: Skipping unknown process pid 2448
04-13 23:00:25.984   722   808 W IntentResolver: resolveIntent failed: found match, but none with CATEGORY_DEFAULT
04-13 23:00:25.985   722   808 I ActivityManager: START u0 {act=android.intent.action.MAIN cat=[android.intent.category.LAUNCHER] flg=0x10000000 sel=act=android.intent.action.MAIN cat=[android.intent.category.APP_CALCULATOR]}} from uid 1000 on display 0
04-13 23:01:19.504   722 23547 I ActivityManager: START u0 {act=android.intent.action.MAIN cat=[android.intent.category.LAUNCHER] flg=0x10200000 cmp=com.zhihu.android/.app.ui.activity.MainActivity} from uid 0 on display 0
04-13 23:01:21.615   722 23547 I ActivityManager: START u0 {act=android.intent.action.MAIN cat=[android.intent.category.LAUNCHER] flg=0x10200000 cmp=com.zhihu.android/.app.ui.activity.MainActivity} from uid 0 on display 0
04-13 23:01:22.690   722   808 I ActivityManager: START u0 {act=android.intent.action.MAIN cat=[android.intent.category.LAUNCHER] flg=0x10000000 cmp=com.android.music/.MusicBrowserActivity sel=act=android.intent.action.MAIN cat=[android.intent.category.APP_MUSIC]}} from uid 1000 on display 0
04-13 23:01:39.816   722 11468 W InputMethodManagerService: Window already focused, ignoring focus gain of: com.android.internal.view.IInputMethodClient$Stub$Proxy@3442fa32 attribute=null, token = android.os.BinderProxy@284c753e
04-13 23:01:45.555   867   867 W ViewRootImpl: Dropping event due to no window focus: KeyEvent { action=ACTION_DOWN, keyCode=KEYCODE_DPAD_UP, scanCode=0, metaState=0, flags=0x8, repeatCount=0, eventTime=10946079, downTime=10946079, deviceId=-1, source=0x101 }
04-13 23:01:45.557   867   867 W ViewRootImpl: Cancelling event due to no window focus: KeyEvent { action=ACTION_UP, keyCode=KEYCODE_DPAD_UP, scanCode=0, metaState=0, flags=0x28, repeatCount=0, eventTime=10946082, downTime=10946082, deviceId=-1, source=0x101 }
04-13 23:01:45.558   867   867 W ViewRootImpl: Cancelling event due to no window focus: KeyEvent { action=ACTION_UP, keyCode=KEYCODE_DPAD_UP, scanCode=0, metaState=0, flags=0x28, repeatCount=0, eventTime=10946082, downTime=10946082, deviceId=-1, source=0x101 }
04-13 23:01:45.559   867   867 W ViewRootImpl: Cancelling event due to no window focus: KeyEvent { action=ACTION_UP, keyCode=KEYCODE_DPAD_UP, scanCode=0, metaState=0, flags=0x28, repeatCount=0, eventTime=10946082, downTime=10946082, deviceId=-1, source=0x101 }
04-13 23:01:45.559   867   867 W ViewRootImpl: Cancelling event due to no window focus: KeyEvent { action=ACTION_UP, keyCode=KEYCODE_DPAD_UP, scanCode=0, metaState=0, flags=0x28, repeatCount=0, eventTime=10946082, downTime=10946082, deviceId=-1, source=0x101 }
04-13 23:01:45.591   867   867 W ViewRootImpl: Cancelling event due to no window focus: KeyEvent { action=ACTION_UP, keyCode=KEYCODE_DPAD_UP, scanCode=0, metaState=0, flags=0x28, repeatCount=0, eventTime=10946082, downTime=10946082, deviceId=-1, source=0x101 }
04-13 23:01:45.591   867   867 W ViewRootImpl: Cancelling event due to no window focus: KeyEvent { action=ACTION_UP, keyCode=KEYCODE_DPAD_UP, scanCode=0, metaState=0, flags=0x28, repeatCount=0, eventTime=10946082, downTime=10946082, deviceId=-1, source=0x101 }
04-13 23:01:45.665   867   867 W ViewRootImpl: Cancelling event due to no window focus: KeyEvent { action=ACTION_UP, keyCode=KEYCODE_DPAD_UP, scanCode=0, metaState=0, flags=0x80000028, repeatCount=0, eventTime=10946082, downTime=10946082, deviceId=-1, source=0x101 }
04-13 23:01:45.665   867   867 W ViewRootImpl: Cancelling event due to no window focus: KeyEvent { action=ACTION_UP, keyCode=KEYCODE_DPAD_UP, scanCode=0, metaState=0, flags=0x80000028, repeatCount=0, eventTime=10946082, downTime=10946082, deviceId=-1, source=0x101 }
04-13 23:01:45.666   867   867 W ViewRootImpl: Cancelling event due to no window focus: KeyEvent { action=ACTION_UP, keyCode=KEYCODE_DPAD_UP, scanCode=0, metaState=0, flags=0x80000028, repeatCount=0, eventTime=10946082, downTime=10946082, deviceId=-1, source=0x101 }
04-13 23:01:48.325   722 23547 W InputMethodManagerService: Window already focused, ignoring focus gain of: com.android.internal.view.IInputMethodClient$Stub$Proxy@1d6bf383 attribute=null, token = android.os.BinderProxy@284c753e
04-13 23:02:01.262   867   867 W ViewRootImpl: Dropping event due to no window focus: KeyEvent { action=ACTION_DOWN, keyCode=KEYCODE_DPAD_CENTER, scanCode=0, metaState=0, flags=0x8, repeatCount=0, eventTime=10961571, downTime=10961571, deviceId=-1, source=0x101 }
04-13 23:02:01.264   867   867 W ViewRootImpl: Cancelling event due to no window focus: KeyEvent { action=ACTION_UP, keyCode=KEYCODE_DPAD_CENTER, scanCode=0, metaState=0, flags=0x28, repeatCount=0, eventTime=10961573, downTime=10961573, deviceId=-1, source=0x101 }
04-13 23:02:01.264   867   867 W ViewRootImpl: Cancelling event due to no window focus: KeyEvent { action=ACTION_UP, keyCode=KEYCODE_DPAD_CENTER, scanCode=0, metaState=0, flags=0x28, repeatCount=0, eventTime=10961573, downTime=10961573, deviceId=-1, source=0x101 }
04-13 23:02:01.265   867   867 W ViewRootImpl: Cancelling event due to no window focus: KeyEvent { action=ACTION_UP, keyCode=KEYCODE_DPAD_CENTER, scanCode=0, metaState=0, flags=0x28, repeatCount=0, eventTime=10961573, downTime=10961573, deviceId=-1, source=0x101 }
04-13 23:02:01.265   867   867 W ViewRootImpl: Cancelling event due to no window focus: KeyEvent { action=ACTION_UP, keyCode=KEYCODE_DPAD_CENTER, scanCode=0, metaState=0, flags=0x28, repeatCount=0, eventTime=10961573, downTime=10961573, deviceId=-1, source=0x101 }
04-13 23:02:01.266   867   867 W ViewRootImpl: Cancelling event due to no window focus: KeyEvent { action=ACTION_UP, keyCode=KEYCODE_DPAD_CENTER, scanCode=0, metaState=0, flags=0x28, repeatCount=0, eventTime=10961573, downTime=10961573, deviceId=-1, source=0x101 }
04-13 23:02:01.266   867   867 W ViewRootImpl: Cancelling event due to no window focus: KeyEvent { action=ACTION_UP, keyCode=KEYCODE_DPAD_CENTER, scanCode=0, metaState=0, flags=0x28, repeatCount=0, eventTime=10961573, downTime=10961573, deviceId=-1, source=0x101 }
04-13 23:02:01.297   867   867 W ViewRootImpl: Cancelling event due to no window focus: KeyEvent { action=ACTION_UP, keyCode=KEYCODE_DPAD_CENTER, scanCode=0, metaState=0, flags=0x80000028, repeatCount=0, eventTime=10961573, downTime=10961573, deviceId=-1, source=0x101 }
04-13 23:02:01.297   867   867 W ViewRootImpl: Cancelling event due to no window focus: KeyEvent { action=ACTION_UP, keyCode=KEYCODE_DPAD_CENTER, scanCode=0, metaState=0, flags=0x80000028, repeatCount=0, eventTime=10961573, downTime=10961573, deviceId=-1, source=0x101 }
04-13 23:02:01.298   867   867 W ViewRootImpl: Cancelling event due to no window focus: KeyEvent { action=ACTION_UP, keyCode=KEYCODE_DPAD_CENTER, scanCode=0, metaState=0, flags=0x80000028, repeatCount=0, eventTime=10961573, downTime=10961573, deviceId=-1, source=0x101 }
04-13 23:02:03.463   722 11468 I ActivityManager: START u0 {act=android.intent.action.VIEW dat=content://media/external/images/media/38 typ=image/png flg=0x10000000 cmp=com.android.gallery3d/.app.GalleryActivity} from uid 10013 on display 0
04-13 23:02:03.540   722   812 W InputMethodManagerService: Window already focused, ignoring focus gain of: com.android.internal.view.IInputMethodClient$Stub$Proxy@57ac900 attribute=null, token = android.os.BinderProxy@284c753e
04-13 23:02:11.923   722 23547 I ActivityManager: START u0 {act=android.intent.action.MAIN cat=[android.intent.category.LAUNCHER] flg=0x10200000 cmp=com.zhihu.android/.app.ui.activity.MainActivity} from uid 0 on display 0
04-13 23:03:09.466   722  1295 I ActivityManager: START u0 {act=android.intent.action.MAIN cat=[android.intent.category.LAUNCHER] flg=0x10200000 cmp=com.zhihu.android/.app.ui.activity.MainActivity} from uid 0 on display 0
04-13 23:03:45.050   722   739 I ActivityManager: START u0 {act=android.intent.action.MAIN cat=[android.intent.category.LAUNCHER] flg=0x10200000 cmp=com.zhihu.android/.app.ui.activity.MainActivity} from uid 0 on display 0
04-13 23:03:55.505   722 11468 W ProcessCpuTracker: Skipping unknown process pid 21965
04-13 23:03:55.506   722 11468 W ProcessCpuTracker: Skipping unknown process pid 21979
04-13 23:03:57.691   722   787 I ActivityManager: Waited long enough for: ServiceRecord{215e0856 u0 com.android.music/.MediaPlaybackService}
04-13 23:04:12.149   722 30841 W InputMethodManagerService: Window already focused, ignoring focus gain of: com.android.internal.view.IInputMethodClient$Stub$Proxy@119a23cf attribute=null, token = android.os.BinderProxy@284c753e
04-13 23:04:18.185   722  9913 I ActivityManager: START u0 {act=android.intent.action.MAIN cat=[android.intent.category.LAUNCHER] flg=0x10200000 cmp=com.zhihu.android/.app.ui.activity.MainActivity} from uid 0 on display 0
04-13 23:04:53.004   722 23547 I ActivityManager: START u0 {act=android.intent.action.MAIN cat=[android.intent.category.LAUNCHER] flg=0x10200000 cmp=com.zhihu.android/.app.ui.activity.MainActivity} from uid 0 on display 0
04-13 23:05:11.904   722  1296 I ActivityManager: START u0 {act=android.intent.action.MAIN cat=[android.intent.category.LAUNCHER] flg=0x10200000 cmp=com.zhihu.android/.app.ui.activity.MainActivity} from uid 0 on display 0
04-13 23:05:13.061  1847  1847 W ViewRootImpl: Dropping event due to no window focus: MotionEvent { action=ACTION_MOVE, id[0]=0, x[0]=3.0, y[0]=0.0, toolType[0]=TOOL_TYPE_UNKNOWN, buttonState=0, metaState=0, flags=0x0, edgeFlags=0x0, pointerCount=1, historySize=9, eventTime=11153594, downTime=-1, deviceId=0, source=0x10004 }
04-13 23:05:13.067  1847  1847 W ViewRootImpl: Dropping event due to no window focus: MotionEvent { action=ACTION_DOWN, id[0]=0, x[0]=0.0, y[0]=0.0, toolType[0]=TOOL_TYPE_UNKNOWN, buttonState=0, metaState=0, flags=0x80000000, edgeFlags=0x0, pointerCount=1, historySize=0, eventTime=11153595, downTime=11153581, deviceId=0, source=0x10004 }
04-13 23:05:13.068  1847  1847 W ViewRootImpl: Cancelling event due to no window focus: MotionEvent { action=ACTION_CANCEL, id[0]=0, x[0]=0.0, y[0]=0.0, toolType[0]=TOOL_TYPE_UNKNOWN, buttonState=0, metaState=0, flags=0x0, edgeFlags=0x0, pointerCount=1, historySize=0, eventTime=11153608, downTime=11153581, deviceId=0, source=0x10004 }
04-13 23:05:13.069  1847  1847 W ViewRootImpl: Cancelling event due to no window focus: MotionEvent { action=ACTION_CANCEL, id[0]=0, x[0]=0.0, y[0]=0.0, toolType[0]=TOOL_TYPE_UNKNOWN, buttonState=0, metaState=0, flags=0x0, edgeFlags=0x0, pointerCount=1, historySize=0, eventTime=11153608, downTime=11153581, deviceId=0, source=0x10004 }
04-13 23:05:13.070  1847  1847 W ViewRootImpl: Cancelling event due to no window focus: MotionEvent { action=ACTION_CANCEL, id[0]=0, x[0]=0.0, y[0]=0.0, toolType[0]=TOOL_TYPE_UNKNOWN, buttonState=0, metaState=0, flags=0x0, edgeFlags=0x0, pointerCount=1, historySize=0, eventTime=11153608, downTime=11153581, deviceId=0, source=0x10004 }
04-13 23:05:13.072   722  1239 W InputMethodManagerService: Window already focused, ignoring focus gain of: com.android.internal.view.IInputMethodClient$Stub$Proxy@261b49e1 attribute=null, token = android.os.BinderProxy@284c753e
04-13 23:05:37.960   722  1296 I ActivityManager: START u0 {act=android.intent.action.MAIN cat=[android.intent.category.LAUNCHER] flg=0x10200000 cmp=com.zhihu.android/.app.ui.activity.MainActivity} from uid 0 on display 0
04-13 23:05:41.194   722  9913 I ActivityManager: START u0 {act=android.intent.action.MAIN cat=[android.intent.category.LAUNCHER] flg=0x10200000 cmp=com.zhihu.android/.app.ui.activity.MainActivity} from uid 0 on display 0
04-13 23:05:50.819   722  1295 W InputMethodManagerService: Window already focused, ignoring focus gain of: com.android.internal.view.IInputMethodClient$Stub$Proxy@356d9ff4 attribute=null, token = android.os.BinderProxy@284c753e
04-13 23:06:07.768   722 23547 I ActivityManager: START u0 {act=android.intent.action.MAIN cat=[android.intent.category.LAUNCHER] flg=0x10200000 cmp=com.zhihu.android/.app.ui.activity.MainActivity} from uid 0 on display 0
04-13 23:06:22.580   722   808 I WindowManager: Input event dispatching timed out sending to .  Reason: Waiting to send key event because the focused window has not finished processing all of the input events that were previously delivered to it.  Outbound queue length: 0.  Wait queue length: 1.
04-13 23:06:22.761   722  1295 W InputManager: Input event injection from pid 2379 timed out.
04-13 23:06:22.802   722   787 I ActivityManager: Skipping duplicate ANR: ProcessRecord{1acd0c76 1847:com.zhihu.android/u0a54} Input dispatching timed out (Waiting to send key event because the focused window has not finished processing all of the input events that were previously delivered to it.  Outbound queue length: 0.  Wait queue length: 1.)
04-13 23:06:39.299   722 30841 I ActivityManager: START u0 {act=android.intent.action.MAIN cat=[android.intent.category.LAUNCHER] flg=0x10200000 cmp=com.zhihu.android/.app.ui.activity.MainActivity} from uid 0 on display 0
04-13 23:06:57.000   722  1239 W InputMethodManagerService: Window already focused, ignoring focus gain of: com.android.internal.view.IInputMethodClient$Stub$Proxy@26796d51 attribute=null, token = android.os.BinderProxy@284c753e
04-13 23:07:05.080   722  1252 I ActivityManager: START u0 {act=android.intent.action.MAIN cat=[android.intent.category.LAUNCHER] flg=0x10200000 cmp=com.zhihu.android/.app.ui.activity.MainActivity} from uid 0 on display 0
04-13 23:07:15.584   722  1245 W ProcessCpuTracker: Skipping unknown process pid 5558
04-13 23:07:25.969   722 10551 W ProcessCpuTracker: Skipping unknown process pid 7816
04-13 23:09:21.994   722 23547 I ActivityManager: START u0 {act=android.intent.action.MAIN cat=[android.intent.category.LAUNCHER] flg=0x10200000 cmp=com.zhihu.android/.app.ui.activity.MainActivity} from uid 0 on display 0
04-13 23:09:23.050   722  1089 I ActivityManager: START u0 {act=android.intent.action.MAIN cat=[android.intent.category.LAUNCHER] flg=0x10200000 cmp=com.zhihu.android/.app.ui.activity.MainActivity} from uid 0 on display 0
04-13 23:09:42.763   722 10551 I ActivityManager: START u0 {act=android.intent.action.MAIN cat=[android.intent.category.LAUNCHER] flg=0x10200000 cmp=com.zhihu.android/.app.ui.activity.MainActivity} from uid 0 on display 0
04-13 23:09:50.550   722   927 W ProcessCpuTracker: Skipping unknown process pid 11025
04-13 23:09:50.551   722   927 W ProcessCpuTracker: Skipping unknown process pid 11026
04-13 23:10:12.420   722 10551 I ActivityManager: START u0 {act=android.intent.action.MAIN cat=[android.intent.category.LAUNCHER] flg=0x10200000 cmp=com.zhihu.android/.app.ui.activity.MainActivity} from uid 0 on display 0
04-13 23:10:38.638   722 23547 I ActivityManager: START u0 {act=android.intent.action.MAIN cat=[android.intent.category.LAUNCHER] flg=0x10200000 cmp=com.zhihu.android/.app.ui.activity.MainActivity} from uid 0 on display 0
04-13 23:11:26.204   722 11468 W ProcessCpuTracker: Skipping unknown process pid 2382
04-13 23:11:26.205   722 11468 W ProcessCpuTracker: Skipping unknown process pid 2383
04-13 23:11:26.206   722 11468 W ProcessCpuTracker: Skipping unknown process pid 2384
04-13 23:11:26.207   722 11468 W ProcessCpuTracker: Skipping unknown process pid 2385
04-13 23:12:23.729   722  1295 I ActivityManager: START u0 {act=android.intent.action.MAIN cat=[android.intent.category.LAUNCHER] flg=0x10200000 cmp=com.zhihu.android/.app.ui.activity.MainActivity} from uid 0 on display 0
04-13 23:13:01.573  1847  1847 W ViewRootImpl: Cancelling event due to no window focus: KeyEvent { action=ACTION_UP, keyCode=KEYCODE_DPAD_RIGHT, scanCode=0, metaState=0, flags=0x80000028, repeatCount=0, eventTime=11621757, downTime=11621757, deviceId=-1, source=0x101 }
04-13 23:13:01.573  1847  1847 W ViewRootImpl: Cancelling event due to no window focus: KeyEvent { action=ACTION_UP, keyCode=KEYCODE_DPAD_RIGHT, scanCode=0, metaState=0, flags=0x80000028, repeatCount=0, eventTime=11621757, downTime=11621757, deviceId=-1, source=0x101 }
04-13 23:13:01.574  1847  1847 W ViewRootImpl: Cancelling event due to no window focus: KeyEvent { action=ACTION_UP, keyCode=KEYCODE_DPAD_RIGHT, scanCode=0, metaState=0, flags=0x80000028, repeatCount=0, eventTime=11621757, downTime=11621757, deviceId=-1, source=0x101 }
04-13 23:13:01.576  1847  1847 W ViewRootImpl: Cancelling event due to no window focus: KeyEvent { action=ACTION_UP, keyCode=KEYCODE_DPAD_RIGHT, scanCode=0, metaState=0, flags=0x80000028, repeatCount=0, eventTime=11621757, downTime=11621757, deviceId=-1, source=0x101 }
04-13 23:13:01.577  1847  1847 W ViewRootImpl: Cancelling event due to no window focus: KeyEvent { action=ACTION_UP, keyCode=KEYCODE_DPAD_RIGHT, scanCode=0, metaState=0, flags=0x80000028, repeatCount=0, eventTime=11621757, downTime=11621757, deviceId=-1, source=0x101 }
04-13 23:13:01.578  1847  1847 W ViewRootImpl: Cancelling event due to no window focus: KeyEvent { action=ACTION_UP, keyCode=KEYCODE_DPAD_RIGHT, scanCode=0, metaState=0, flags=0x80000028, repeatCount=0, eventTime=11621757, downTime=11621757, deviceId=-1, source=0x101 }
04-13 23:13:01.588   722  1089 W InputMethodManagerService: Window already focused, ignoring focus gain of: com.android.internal.view.IInputMethodClient$Stub$Proxy@2b83a27f attribute=null, token = android.os.BinderProxy@284c753e
04-13 23:13:45.201   722   927 I ActivityManager: START u0 {act=android.intent.action.MAIN cat=[android.intent.category.LAUNCHER] flg=0x10200000 cmp=com.zhihu.android/.app.ui.activity.MainActivity} from uid 0 on display 0
04-13 23:14:41.830  1847  1847 W ViewRootImpl: Cancelling event due to no window focus: KeyEvent { action=ACTION_UP, keyCode=KEYCODE_PICTSYMBOLS, scanCode=0, metaState=0, flags=0x80000028, repeatCount=0, eventTime=11722385, downTime=11722385, deviceId=-1, source=0x101 }
04-13 23:14:41.830  1847  1847 W ViewRootImpl: Cancelling event due to no window focus: KeyEvent { action=ACTION_UP, keyCode=KEYCODE_PICTSYMBOLS, scanCode=0, metaState=0, flags=0x80000028, repeatCount=0, eventTime=11722385, downTime=11722385, deviceId=-1, source=0x101 }
04-13 23:14:41.831  1847  1847 W ViewRootImpl: Cancelling event due to no window focus: KeyEvent { action=ACTION_UP, keyCode=KEYCODE_PICTSYMBOLS, scanCode=0, metaState=0, flags=0x80000028, repeatCount=0, eventTime=11722385, downTime=11722385, deviceId=-1, source=0x101 }
04-13 23:14:41.854  1847  1847 W ViewRootImpl: Cancelling event due to no window focus: KeyEvent { action=ACTION_UP, keyCode=KEYCODE_PICTSYMBOLS, scanCode=0, metaState=0, flags=0x80000028, repeatCount=0, eventTime=11722385, downTime=11722385, deviceId=-1, source=0x101 }
04-13 23:14:41.855  1847  1847 W ViewRootImpl: Cancelling event due to no window focus: KeyEvent { action=ACTION_UP, keyCode=KEYCODE_PICTSYMBOLS, scanCode=0, metaState=0, flags=0x80000028, repeatCount=0, eventTime=11722385, downTime=11722385, deviceId=-1, source=0x101 }
04-13 23:14:41.855  1847  1847 W ViewRootImpl: Cancelling event due to no window focus: KeyEvent { action=ACTION_UP, keyCode=KEYCODE_PICTSYMBOLS, scanCode=0, metaState=0, flags=0x80000028, repeatCount=0, eventTime=11722385, downTime=11722385, deviceId=-1, source=0x101 }
04-13 23:14:41.978   722  1295 W InputMethodManagerService: Window already focused, ignoring focus gain of: com.android.internal.view.IInputMethodClient$Stub$Proxy@16db0f4d attribute=null, token = android.os.BinderProxy@284c753e
04-13 23:14:49.461   722  1244 I ActivityManager: START u0 {act=android.intent.action.MAIN cat=[android.intent.category.LAUNCHER] flg=0x10200000 cmp=com.zhihu.android/.app.ui.activity.MainActivity} from uid 0 on display 0
04-13 23:15:21.319   722   808 I ActivityManager: START u0 {act=android.intent.action.SHOW_BRIGHTNESS_DIALOG cmp=com.android.systemui/.settings.BrightnessDialog} from uid 1000 on display 0
04-13 23:15:46.132   722 10551 W ProcessCpuTracker: Skipping unknown process pid 1795
04-13 23:15:46.133   722 10551 W ProcessCpuTracker: Skipping unknown process pid 1796
04-13 23:15:46.134   722 10551 W ProcessCpuTracker: Skipping unknown process pid 1797
04-13 23:15:46.135   722 10551 W ProcessCpuTracker: Skipping unknown process pid 1798
04-13 23:16:10.400   722  1244 I ActivityManager: START u0 {act=android.intent.action.MAIN cat=[android.intent.category.LAUNCHER] flg=0x10200000 cmp=com.zhihu.android/.app.ui.activity.MainActivity} from uid 0 on display 0
04-13 23:16:22.398   722 10551 W InputMethodManagerService: Window already focused, ignoring focus gain of: com.android.internal.view.IInputMethodClient$Stub$Proxy@fae8f75 attribute=null, token = android.os.BinderProxy@284c753e
04-13 23:16:24.535   722 10551 I ActivityManager: START u0 {act=android.intent.action.MAIN cat=[android.intent.category.LAUNCHER] flg=0x10200000 cmp=com.zhihu.android/.app.ui.activity.MainActivity} from uid 0 on display 0
04-13 23:16:48.667   722   808 I WindowManager: Input event dispatching timed out sending to .  Reason: Waiting to send key event because the focused window has not finished processing all of the input events that were previously delivered to it.  Outbound queue length: 0.  Wait queue length: 1.
04-13 23:16:48.824   722   787 I ActivityManager: Skipping duplicate ANR: ProcessRecord{1acd0c76 1847:com.zhihu.android/u0a54} Input dispatching timed out (Waiting to send key event because the focused window has not finished processing all of the input events that were previously delivered to it.  Outbound queue length: 0.  Wait queue length: 1.)
04-13 23:16:48.825   722   812 W InputManager: Input event injection from pid 2379 timed out.
04-13 23:17:17.211   722 30841 I ActivityManager: START u0 {act=android.intent.action.MAIN cat=[android.intent.category.LAUNCHER] flg=0x10200000 cmp=com.zhihu.android/.app.ui.activity.MainActivity} from uid 0 on display 0
04-13 23:18:07.666   722  9913 W InputMethodManagerService: Window already focused, ignoring focus gain of: com.android.internal.view.IInputMethodClient$Stub$Proxy@3473ebb0 attribute=null, token = android.os.BinderProxy@284c753e
04-13 23:18:11.352   722  1296 I ActivityManager: START u0 {act=android.intent.action.MAIN cat=[android.intent.category.LAUNCHER] flg=0x10200000 cmp=com.zhihu.android/.app.ui.activity.MainActivity} from uid 0 on display 0
04-13 23:19:46.419   722  9913 W ProcessCpuTracker: Skipping unknown process pid 28673
04-13 23:19:46.489   722  9913 W ProcessCpuTracker: Skipping unknown process pid 28681
04-13 23:19:56.600   722  9913 W ProcessCpuTracker: Skipping unknown process pid 31177
04-13 23:19:56.601   722  9913 W ProcessCpuTracker: Skipping unknown process pid 31178
04-13 23:19:56.643   722  9913 W ProcessCpuTracker: Skipping unknown process pid 31179
04-13 23:19:56.644   722  9913 W ProcessCpuTracker: Skipping unknown process pid 31180
04-13 23:19:57.764   722  1245 I ActivityManager: START u0 {act=android.intent.action.MAIN cat=[android.intent.category.LAUNCHER] flg=0x10200000 cmp=com.zhihu.android/.app.ui.activity.MainActivity} from uid 0 on display 0
04-13 23:20:02.202   867   867 W ViewRootImpl: Dropping event due to no window focus: KeyEvent { action=ACTION_DOWN, keyCode=KEYCODE_DPAD_UP, scanCode=0, metaState=0, flags=0x8, repeatCount=0, eventTime=12042750, downTime=12042750, deviceId=-1, source=0x101 }
04-13 23:20:02.223   867   867 W ViewRootImpl: Cancelling event due to no window focus: KeyEvent { action=ACTION_UP, keyCode=KEYCODE_DPAD_UP, scanCode=0, metaState=0, flags=0x28, repeatCount=0, eventTime=12042752, downTime=12042752, deviceId=-1, source=0x101 }
04-13 23:20:02.224   867   867 W ViewRootImpl: Cancelling event due to no window focus: KeyEvent { action=ACTION_UP, keyCode=KEYCODE_DPAD_UP, scanCode=0, metaState=0, flags=0x28, repeatCount=0, eventTime=12042752, downTime=12042752, deviceId=-1, source=0x101 }
04-13 23:20:02.224   867   867 W ViewRootImpl: Cancelling event due to no window focus: KeyEvent { action=ACTION_UP, keyCode=KEYCODE_DPAD_UP, scanCode=0, metaState=0, flags=0x28, repeatCount=0, eventTime=12042752, downTime=12042752, deviceId=-1, source=0x101 }
04-13 23:20:02.225   867   867 W ViewRootImpl: Cancelling event due to no window focus: KeyEvent { action=ACTION_UP, keyCode=KEYCODE_DPAD_UP, scanCode=0, metaState=0, flags=0x28, repeatCount=0, eventTime=12042752, downTime=12042752, deviceId=-1, source=0x101 }
04-13 23:20:02.225   867   867 W ViewRootImpl: Cancelling event due to no window focus: KeyEvent { action=ACTION_UP, keyCode=KEYCODE_DPAD_UP, scanCode=0, metaState=0, flags=0x28, repeatCount=0, eventTime=12042752, downTime=12042752, deviceId=-1, source=0x101 }
04-13 23:20:36.239   722   787 W ProcessCpuTracker: Skipping unknown process pid 8963
04-13 23:20:36.240   722   787 W ProcessCpuTracker: Skipping unknown process pid 8965
04-13 23:20:36.662   722   812 W InputMethodManagerService: Window already focused, ignoring focus gain of: com.android.internal.view.IInputMethodClient$Stub$Proxy@2f0b1547 attribute=null, token = android.os.BinderProxy@284c753e
04-13 23:20:44.451   722   812 W BackupManagerService: dataChanged but no participant pkg='com.android.providers.settings' uid=10013
04-13 23:20:44.454   722   722 D ZenLog  : set_zen_mode: off,setting
04-13 23:20:44.454   722   722 D ZenLog  : update_zen_mode: important_interruptions -> off
04-13 23:20:44.455   722   722 D ZenLog  : set_ringer_mode_internal: ZenModeHelper,i:normal->normal,e:silent->normal
04-13 23:20:44.460   722   722 D ZenLog  : unsubscribe: condition://android/countdown/1492097394314,ok
04-13 23:20:44.460   722   722 D ZenLog  : exit_condition: null,null,zenOff
04-13 23:20:44.466   722   722 D ZenLog  : config: ZenModeConfig[allowCalls=false,allowMessages=false,allowFrom=anyone,allowEvents=true,sleepMode=null,sleepStart=22.0,sleepEnd=7.0,sleepNone=false,conditionComponents=null,conditionIds=null,exitCondition=null,exitConditionComponent=null]
04-13 23:20:44.597   722   722 D NotificationService: handleSavePolicyFile
04-13 23:21:02.621   722   739 W BackupManagerService: dataChanged but no participant pkg='com.android.providers.settings' uid=10013
04-13 23:21:02.622   722   722 D ZenLog  : set_zen_mode: important_interruptions,setting
04-13 23:21:02.623   722   722 D ZenLog  : update_zen_mode: off -> important_interruptions
04-13 23:21:02.624   722   722 D ZenLog  : set_ringer_mode_internal: ZenModeHelper,i:normal->normal,e:normal->silent
04-13 23:21:02.937   722   739 D ConditionProviders: Subscribing to condition://android/countdown/1492100462657 with android.service.notification.ConditionProviderService$Provider@1d39d07f
04-13 23:21:02.937   722   739 D ZenLog  : subscribe: condition://android/countdown/1492100462657,ok
04-13 23:21:02.938   722   739 D ZenLog  : exit_condition: Condition[id=condition://android/countdown/1492100462657,summary=For one hour (until 12:21 AM),line1=For one hour,line2=Until 12:21 AM,icon=0,state=STATE_TRUE,flags=1],{android/com.android.server.notification.CountdownConditionProvider},binderCall
04-13 23:21:02.958   722   739 D ZenLog  : config: ZenModeConfig[allowCalls=false,allowMessages=false,allowFrom=anyone,allowEvents=true,sleepMode=null,sleepStart=22.0,sleepEnd=7.0,sleepNone=false,conditionComponents=null,conditionIds=null,exitCondition=Condition[id=condition://android/countdown/1492100462657,summary=For one hour (until 12:21 AM),line1=For one hour,line2=Until 12:21 AM,icon=0,state=STATE_TRUE,flags=1],exitConditionComponent=ComponentInfo{android/com.android.server.notification.CountdownConditionProvider}]
04-13 23:21:02.958   722   722 D NotificationService: handleSavePolicyFile
04-13 23:21:10.348   722 11468 I ActivityManager: START u0 {act=android.intent.action.MAIN cat=[android.intent.category.LAUNCHER] flg=0x10200000 cmp=com.zhihu.android/.app.ui.activity.MainActivity} from uid 0 on display 0
04-13 23:21:25.555   722  1244 W ProcessCpuTracker: Skipping unknown process pid 20945
04-13 23:21:27.764   722  1245 I ActivityManager: START u0 {act=android.intent.action.MAIN cat=[android.intent.category.LAUNCHER] flg=0x10200000 cmp=com.zhihu.android/.app.ui.activity.MainActivity} from uid 0 on display 0
04-13 23:22:16.841   722  1245 W ProcessCpuTracker: Skipping unknown process pid 1156
04-13 23:22:16.882   722  1245 W ProcessCpuTracker: Skipping unknown process pid 1157
04-13 23:22:16.883   722  1245 W ProcessCpuTracker: Skipping unknown process pid 1159
04-13 23:22:16.931   722  1245 W ProcessCpuTracker: Skipping unknown process pid 1160
04-13 23:22:22.191   722  1244 I ActivityManager: START u0 {act=android.intent.action.MAIN cat=[android.intent.category.LAUNCHER] flg=0x10200000 cmp=com.zhihu.android/.app.ui.activity.MainActivity} from uid 0 on display 0
04-13 23:22:46.705   722   739 W ProcessCpuTracker: Skipping unknown process pid 8862
04-13 23:22:46.706   722   739 W ProcessCpuTracker: Skipping unknown process pid 8863
04-13 23:22:46.839   722   739 W ProcessCpuTracker: Skipping unknown process pid 8864
04-13 23:22:46.840   722   739 W ProcessCpuTracker: Skipping unknown process pid 8865
04-13 23:22:50.650  1847  1847 W ViewRootImpl: Dropping event due to no window focus: KeyEvent { action=ACTION_DOWN, keyCode=KEYCODE_D, scanCode=0, metaState=0, flags=0x8, repeatCount=0, eventTime=12211152, downTime=12211152, deviceId=-1, source=0x101 }
04-13 23:22:50.651  1847  1847 W ViewRootImpl: Cancelling event due to no window focus: KeyEvent { action=ACTION_UP, keyCode=KEYCODE_D, scanCode=0, metaState=0, flags=0x28, repeatCount=0, eventTime=12211157, downTime=12211157, deviceId=-1, source=0x101 }
04-13 23:22:50.652  1847  1847 W ViewRootImpl: Cancelling event due to no window focus: KeyEvent { action=ACTION_UP, keyCode=KEYCODE_D, scanCode=0, metaState=0, flags=0x28, repeatCount=0, eventTime=12211157, downTime=12211157, deviceId=-1, source=0x101 }
04-13 23:22:50.652  1847  1847 W ViewRootImpl: Cancelling event due to no window focus: KeyEvent { action=ACTION_UP, keyCode=KEYCODE_D, scanCode=0, metaState=0, flags=0x28, repeatCount=0, eventTime=12211157, downTime=12211157, deviceId=-1, source=0x101 }
04-13 23:22:50.700  1847  1847 W ViewRootImpl: Cancelling event due to no window focus: KeyEvent { action=ACTION_UP, keyCode=KEYCODE_D, scanCode=0, metaState=0, flags=0x28, repeatCount=0, eventTime=12211157, downTime=12211157, deviceId=-1, source=0x101 }
04-13 23:22:50.701  1847  1847 W ViewRootImpl: Cancelling event due to no window focus: KeyEvent { action=ACTION_UP, keyCode=KEYCODE_D, scanCode=0, metaState=0, flags=0x28, repeatCount=0, eventTime=12211157, downTime=12211157, deviceId=-1, source=0x101 }
04-13 23:22:50.704  1847  1847 W ViewRootImpl: Cancelling event due to no window focus: KeyEvent { action=ACTION_UP, keyCode=KEYCODE_D, scanCode=0, metaState=0, flags=0x28, repeatCount=0, eventTime=12211157, downTime=12211157, deviceId=-1, source=0x101 }
04-13 23:22:50.711   722   738 W InputMethodManagerService: Window already focused, ignoring focus gain of: com.android.internal.view.IInputMethodClient$Stub$Proxy@20b4f109 attribute=null, token = android.os.BinderProxy@284c753e
04-13 23:23:34.177   722   927 W InputMethodManagerService: Window already focused, ignoring focus gain of: com.android.internal.view.IInputMethodClient$Stub$Proxy@4718f0e attribute=null, token = android.os.BinderProxy@284c753e
04-13 23:24:35.838   722 23547 I ActivityManager: START u0 {act=android.intent.action.MAIN cat=[android.intent.category.LAUNCHER] flg=0x10200000 cmp=com.zhihu.android/.app.ui.activity.MainActivity} from uid 0 on display 0
04-13 23:24:44.553   722   808 I ActivityManager: START u0 {act=android.intent.action.MAIN cat=[android.intent.category.LAUNCHER] flg=0x10000000 cmp=com.android.contacts/.activities.PeopleActivity sel=act=android.intent.action.MAIN cat=[android.intent.category.APP_CONTACTS]}} from uid 1000 on display 0
04-13 23:24:47.624   722   808 W IntentResolver: resolveIntent failed: found match, but none with CATEGORY_DEFAULT
04-13 23:24:47.624   722   808 I ActivityManager: START u0 {act=android.intent.action.MAIN cat=[android.intent.category.LAUNCHER] flg=0x10000000 sel=act=android.intent.action.MAIN cat=[android.intent.category.APP_CALCULATOR]}} from uid 1000 on display 0
04-13 23:25:00.552   722   827 D ConnectivityService: updateNetworkScore for NetworkAgentInfo [WIFI () - 101] to 55
04-13 23:25:00.552   722   827 D ConnectivityService: rematching NetworkAgentInfo [WIFI () - 101]
04-13 23:25:00.553   722   827 D ConnectivityService: Network NetworkAgentInfo [WIFI () - 101] was already satisfying request 1. No change.
04-13 23:25:00.553   722   827 D ConnectivityService: notifyType AVAILABLE for NetworkAgentInfo [WIFI () - 101]
04-13 23:25:01.473  1847  1847 W ViewRootImpl: Dropping event due to no window focus: KeyEvent { action=ACTION_DOWN, keyCode=KEYCODE_DPAD_UP, scanCode=0, metaState=0, flags=0x8, repeatCount=0, eventTime=12341781, downTime=12341781, deviceId=-1, source=0x101 }
