04-13 23:39:03.040  1847  1847 W ViewRootImpl: Cancelling event due to no window focus: KeyEvent { action=ACTION_UP, keyCode=KEYCODE_DPAD_UP, scanCode=0, metaState=0, flags=0x28, repeatCount=0, eventTime=13183041, downTime=13183041, deviceId=-1, source=0x101 }
04-13 23:39:03.212   722 10551 W InputMethodManagerService: Window already focused, ignoring focus gain of: com.android.internal.view.IInputMethodClient$Stub$Proxy@1ce4d83a attribute=null, token = android.os.BinderProxy@7333b1
04-13 23:39:35.322   722   787 I ActivityManager: Waited long enough for: ServiceRecord{3e2deceb u0 com.android.music/.MediaPlaybackService}
04-13 23:39:51.950   722   808 I WindowManager: Input event dispatching timed out sending to .  Reason: Waiting to send key event because the focused window has not finished processing all of the input events that were previously delivered to it.  Outbound queue length: 0.  Wait queue length: 1.
04-13 23:39:52.096   722 23547 W InputManager: Input event injection from pid 2379 timed out.
04-13 23:39:52.193   722   787 I ActivityManager: Skipping duplicate ANR: ProcessRecord{1acd0c76 1847:com.zhihu.android/u0a54} Input dispatching timed out (Waiting to send key event because the focused window has not finished processing all of the input events that were previously delivered to it.  Outbound queue length: 0.  Wait queue length: 1.)
04-13 23:40:26.531   722   812 I ActivityManager: START u0 {act=android.intent.action.MAIN cat=[android.intent.category.LAUNCHER] flg=0x10200000 cmp=com.zhihu.android/.app.ui.activity.MainActivity} from uid 0 on display 0
04-13 23:40:30.661   722 30841 W ProcessCpuTracker: Skipping unknown process pid 13012
04-13 23:40:35.808   722   808 I WindowManager: Input event dispatching timed out sending to .  Reason: Waiting to send key event because the focused window has not finished processing all of the input events that were previously delivered to it.  Outbound queue length: 0.  Wait queue length: 5.
04-13 23:40:35.968   722 11468 W InputManager: Input event injection from pid 2379 timed out.
04-13 23:40:35.998   722   787 I ActivityManager: Skipping duplicate ANR: ProcessRecord{1acd0c76 1847:com.zhihu.android/u0a54} Input dispatching timed out (Waiting to send key event because the focused window has not finished processing all of the input events that were previously delivered to it.  Outbound queue length: 0.  Wait queue length: 5.)
04-13 23:40:45.264   722   787 I ActivityManager: Waited long enough for: ServiceRecord{37b42dbf u0 com.android.music/.MediaPlaybackService}
04-13 23:40:47.760   722  1245 W ProcessCpuTracker: Skipping unknown process pid 17980
04-13 23:40:47.761   722  1245 W ProcessCpuTracker: Skipping unknown process pid 17981
04-13 23:40:47.762   722  1245 W ProcessCpuTracker: Skipping unknown process pid 17982
04-13 23:40:47.763   722  1245 W ProcessCpuTracker: Skipping unknown process pid 17983
04-13 23:41:37.485   722  1296 W ProcessCpuTracker: Skipping unknown process pid 30077
04-13 23:41:37.487   722  1296 W ProcessCpuTracker: Skipping unknown process pid 30093
04-13 23:41:37.599   722  1296 W ProcessCpuTracker: Skipping unknown process pid 30098
04-13 23:41:37.600   722  1296 W ProcessCpuTracker: Skipping unknown process pid 30099
04-13 23:41:37.601   722  1296 W ProcessCpuTracker: Skipping unknown process pid 30100
04-13 23:41:37.601   722  1296 W ProcessCpuTracker: Skipping unknown process pid 30101
04-13 23:42:10.604   722  9913 I ActivityManager: START u0 {act=android.intent.action.MAIN cat=[android.intent.category.LAUNCHER] flg=0x10200000 cmp=com.zhihu.android/.app.ui.activity.MainActivity} from uid 0 on display 0
04-13 23:42:13.689   722  1296 I ActivityManager: START u0 {act=android.intent.action.MAIN cat=[android.intent.category.LAUNCHER] flg=0x10200000 cmp=com.zhihu.android/.app.ui.activity.MainActivity} from uid 0 on display 0
04-13 23:42:19.719   722   808 I WindowManager: Input event dispatching timed out sending to .  Reason: Waiting to send key event because the focused window has not finished processing all of the input events that were previously delivered to it.  Outbound queue length: 0.  Wait queue length: 1.
04-13 23:42:19.913   722  1089 W InputManager: Input event injection from pid 2379 timed out.
04-13 23:42:21.123   722   787 I ActivityManager: Skipping duplicate ANR: ProcessRecord{1acd0c76 1847:com.zhihu.android/u0a54} Input dispatching timed out (Waiting to send key event because the focused window has not finished processing all of the input events that were previously delivered to it.  Outbound queue length: 0.  Wait queue length: 1.)
04-13 23:42:24.453   722 23547 W InputMethodManagerService: Window already focused, ignoring focus gain of: com.android.internal.view.IInputMethodClient$Stub$Proxy@126f3766 attribute=null, token = android.os.BinderProxy@7333b1
04-13 23:42:31.990   722  1089 W InputMethodManagerService: Window already focused, ignoring focus gain of: com.android.internal.view.IInputMethodClient$Stub$Proxy@3b1fdaa7 attribute=null, token = android.os.BinderProxy@7333b1
04-13 23:43:12.678   722   927 D ZenLog  : unsubscribe: condition://android/countdown/1492100462657,ok
04-13 23:43:12.678   722   927 D ConditionProviders: Subscribing to condition://android/countdown/1492100892308 with android.service.notification.ConditionProviderService$Provider@1d39d07f
04-13 23:43:12.679   722   927 D ZenLog  : subscribe: condition://android/countdown/1492100892308,ok
04-13 23:43:12.679   722   927 D ZenLog  : exit_condition: Condition[id=condition://android/countdown/1492100892308,summary=For 45 minutes (until 12:28 AM),line1=For 45 minutes,line2=Until 12:28 AM,icon=0,state=STATE_TRUE,flags=1],{android/com.android.server.notification.CountdownConditionProvider},binderCall
04-13 23:43:12.713   722   927 D ZenLog  : config: ZenModeConfig[allowCalls=false,allowMessages=false,allowFrom=anyone,allowEvents=true,sleepMode=null,sleepStart=22.0,sleepEnd=7.0,sleepNone=false,conditionComponents=null,conditionIds=null,exitCondition=Condition[id=condition://android/countdown/1492100892308,summary=For 45 minutes (until 12:28 AM),line1=For 45 minutes,line2=Until 12:28 AM,icon=0,state=STATE_TRUE,flags=1],exitConditionComponent=ComponentInfo{android/com.android.server.notification.CountdownConditionProvider}]
04-13 23:43:12.713   722   722 D NotificationService: handleSavePolicyFile
04-13 23:43:17.456   722   787 W ProcessCpuTracker: Skipping unknown process pid 22675
04-13 23:43:17.545   722   787 W ProcessCpuTracker: Skipping unknown process pid 22683
04-13 23:43:28.484   722  1296 W InputMethodManagerService: Window already focused, ignoring focus gain of: com.android.internal.view.IInputMethodClient$Stub$Proxy@32e57a43 attribute=null, token = android.os.BinderProxy@7333b1
04-13 23:43:49.341   722   787 W ProcessCpuTracker: Skipping unknown process pid 30461
04-13 23:43:49.342   722   787 W ProcessCpuTracker: Skipping unknown process pid 30462
04-13 23:43:49.343   722   787 W ProcessCpuTracker: Skipping unknown process pid 30463
04-13 23:43:49.344   722   787 W ProcessCpuTracker: Skipping unknown process pid 30464
04-13 23:44:07.378   722  1244 W InputMethodManagerService: Window already focused, ignoring focus gain of: com.android.internal.view.IInputMethodClient$Stub$Proxy@29c7a8c0 attribute=null, token = android.os.BinderProxy@7333b1
04-13 23:44:20.036   867   867 W ViewRootImpl: Dropping event due to no window focus: KeyEvent { action=ACTION_DOWN, keyCode=KEYCODE_DPAD_CENTER, scanCode=0, metaState=0, flags=0x8, repeatCount=0, eventTime=13500576, downTime=13500576, deviceId=-1, source=0x101 }
04-13 23:44:20.046   867   867 W ViewRootImpl: Cancelling event due to no window focus: KeyEvent { action=ACTION_UP, keyCode=KEYCODE_DPAD_CENTER, scanCode=0, metaState=0, flags=0x28, repeatCount=0, eventTime=13500595, downTime=13500595, deviceId=-1, source=0x101 }
04-13 23:44:20.047   867   867 W ViewRootImpl: Cancelling event due to no window focus: KeyEvent { action=ACTION_UP, keyCode=KEYCODE_DPAD_CENTER, scanCode=0, metaState=0, flags=0x28, repeatCount=0, eventTime=13500595, downTime=13500595, deviceId=-1, source=0x101 }
04-13 23:44:20.047   867   867 W ViewRootImpl: Cancelling event due to no window focus: KeyEvent { action=ACTION_UP, keyCode=KEYCODE_DPAD_CENTER, scanCode=0, metaState=0, flags=0x28, repeatCount=0, eventTime=13500595, downTime=13500595, deviceId=-1, source=0x101 }
04-13 23:44:20.066   867   867 W ViewRootImpl: Cancelling event due to no window focus: KeyEvent { action=ACTION_UP, keyCode=KEYCODE_DPAD_CENTER, scanCode=0, metaState=0, flags=0x28, repeatCount=0, eventTime=13500595, downTime=13500595, deviceId=-1, source=0x101 }
04-13 23:44:20.066   867   867 W ViewRootImpl: Cancelling event due to no window focus: KeyEvent { action=ACTION_UP, keyCode=KEYCODE_DPAD_CENTER, scanCode=0, metaState=0, flags=0x28, repeatCount=0, eventTime=13500595, downTime=13500595, deviceId=-1, source=0x101 }
04-13 23:44:20.067   867   867 W ViewRootImpl: Cancelling event due to no window focus: KeyEvent { action=ACTION_UP, keyCode=KEYCODE_DPAD_CENTER, scanCode=0, metaState=0, flags=0x28, repeatCount=0, eventTime=13500595, downTime=13500595, deviceId=-1, source=0x101 }
04-13 23:44:20.285   867   867 W ViewRootImpl: Cancelling event due to no window focus: KeyEvent { action=ACTION_UP, keyCode=KEYCODE_DPAD_CENTER, scanCode=0, metaState=0, flags=0x80000028, repeatCount=0, eventTime=13500595, downTime=13500595, deviceId=-1, source=0x101 }
04-13 23:44:20.286   867   867 W ViewRootImpl: Cancelling event due to no window focus: KeyEvent { action=ACTION_UP, keyCode=KEYCODE_DPAD_CENTER, scanCode=0, metaState=0, flags=0x80000028, repeatCount=0, eventTime=13500595, downTime=13500595, deviceId=-1, source=0x101 }
04-13 23:44:20.306   867   867 W ViewRootImpl: Cancelling event due to no window focus: KeyEvent { action=ACTION_UP, keyCode=KEYCODE_DPAD_CENTER, scanCode=0, metaState=0, flags=0x80000028, repeatCount=0, eventTime=13500595, downTime=13500595, deviceId=-1, source=0x101 }
04-13 23:44:24.199  1847  1847 W ViewRootImpl: Cancelling event due to no window focus: KeyEvent { action=ACTION_UP, keyCode=KEYCODE_DPAD_CENTER, scanCode=0, metaState=0, flags=0x80000028, repeatCount=0, eventTime=13504684, downTime=13504684, deviceId=-1, source=0x101 }
04-13 23:44:24.199  1847  1847 W ViewRootImpl: Cancelling event due to no window focus: KeyEvent { action=ACTION_UP, keyCode=KEYCODE_DPAD_CENTER, scanCode=0, metaState=0, flags=0x80000028, repeatCount=0, eventTime=13504684, downTime=13504684, deviceId=-1, source=0x101 }
04-13 23:44:24.200  1847  1847 W ViewRootImpl: Cancelling event due to no window focus: KeyEvent { action=ACTION_UP, keyCode=KEYCODE_DPAD_CENTER, scanCode=0, metaState=0, flags=0x80000028, repeatCount=0, eventTime=13504684, downTime=13504684, deviceId=-1, source=0x101 }
04-13 23:44:24.212  1847  1847 W ViewRootImpl: Cancelling event due to no window focus: KeyEvent { action=ACTION_UP, keyCode=KEYCODE_DPAD_CENTER, scanCode=0, metaState=0, flags=0x80000028, repeatCount=0, eventTime=13504684, downTime=13504684, deviceId=-1, source=0x101 }
04-13 23:44:24.213  1847  1847 W ViewRootImpl: Cancelling event due to no window focus: KeyEvent { action=ACTION_UP, keyCode=KEYCODE_DPAD_CENTER, scanCode=0, metaState=0, flags=0x80000028, repeatCount=0, eventTime=13504684, downTime=13504684, deviceId=-1, source=0x101 }
04-13 23:44:24.214  1847  1847 W ViewRootImpl: Cancelling event due to no window focus: KeyEvent { action=ACTION_UP, keyCode=KEYCODE_DPAD_CENTER, scanCode=0, metaState=0, flags=0x80000028, repeatCount=0, eventTime=13504684, downTime=13504684, deviceId=-1, source=0x101 }
04-13 23:44:24.256   722   739 W InputMethodManagerService: Window already focused, ignoring focus gain of: com.android.internal.view.IInputMethodClient$Stub$Proxy@23ed89f9 attribute=null, token = android.os.BinderProxy@7333b1
04-13 23:44:30.576   722 11468 I ActivityManager: START u0 {act=android.intent.action.MAIN cat=[android.intent.category.LAUNCHER] flg=0x10200000 cmp=com.zhihu.android/.app.ui.activity.MainActivity} from uid 0 on display 0
04-13 23:44:46.500  1847  1847 W ViewRootImpl: Dropping event due to no window focus: KeyEvent { action=ACTION_DOWN, keyCode=KEYCODE_DPAD_RIGHT, scanCode=0, metaState=0, flags=0x400, repeatCount=0, eventTime=13527079, downTime=13527079, deviceId=-1, source=0x101 }
04-13 23:44:46.501  1847  1847 W ViewRootImpl: Cancelling event due to no window focus: KeyEvent { action=ACTION_UP, keyCode=KEYCODE_DPAD_RIGHT, scanCode=0, metaState=0, flags=0x420, repeatCount=0, eventTime=13527079, downTime=13527079, deviceId=-1, source=0x101 }
04-13 23:44:46.502  1847  1847 W ViewRootImpl: Cancelling event due to no window focus: KeyEvent { action=ACTION_UP, keyCode=KEYCODE_DPAD_RIGHT, scanCode=0, metaState=0, flags=0x420, repeatCount=0, eventTime=13527079, downTime=13527079, deviceId=-1, source=0x101 }
04-13 23:44:46.503  1847  1847 W ViewRootImpl: Cancelling event due to no window focus: KeyEvent { action=ACTION_UP, keyCode=KEYCODE_DPAD_RIGHT, scanCode=0, metaState=0, flags=0x420, repeatCount=0, eventTime=13527079, downTime=13527079, deviceId=-1, source=0x101 }
04-13 23:44:46.503  1847  1847 W ViewRootImpl: Dropping event due to no window focus: KeyEvent { action=ACTION_DOWN, keyCode=KEYCODE_DPAD_RIGHT, scanCode=0, metaState=0, flags=0x400, repeatCount=0, eventTime=13527080, downTime=13527080, deviceId=-1, source=0x101 }
04-13 23:44:46.504  1847  1847 W ViewRootImpl: Cancelling event due to no window focus: KeyEvent { action=ACTION_UP, keyCode=KEYCODE_DPAD_RIGHT, scanCode=0, metaState=0, flags=0x420, repeatCount=0, eventTime=13527080, downTime=13527080, deviceId=-1, source=0x101 }
04-13 23:44:46.505  1847  1847 W ViewRootImpl: Cancelling event due to no window focus: KeyEvent { action=ACTION_UP, keyCode=KEYCODE_DPAD_RIGHT, scanCode=0, metaState=0, flags=0x420, repeatCount=0, eventTime=13527080, downTime=13527080, deviceId=-1, source=0x101 }
04-13 23:44:46.505  1847  1847 W ViewRootImpl: Cancelling event due to no window focus: KeyEvent { action=ACTION_UP, keyCode=KEYCODE_DPAD_RIGHT, scanCode=0, metaState=0, flags=0x420, repeatCount=0, eventTime=13527080, downTime=13527080, deviceId=-1, source=0x101 }
04-13 23:44:46.507  1847  1847 W ViewRootImpl: Cancelling event due to no window focus: KeyEvent { action=ACTION_UP, keyCode=KEYCODE_DPAD_RIGHT, scanCode=0, metaState=0, flags=0x420, repeatCount=0, eventTime=13527079, downTime=13527079, deviceId=-1, source=0x101 }
04-13 23:44:46.507  1847  1847 W ViewRootImpl: Cancelling event due to no window focus: KeyEvent { action=ACTION_UP, keyCode=KEYCODE_DPAD_RIGHT, scanCode=0, metaState=0, flags=0x420, repeatCount=0, eventTime=13527079, downTime=13527079, deviceId=-1, source=0x101 }
04-13 23:44:46.508  1847  1847 W ViewRootImpl: Cancelling event due to no window focus: KeyEvent { action=ACTION_UP, keyCode=KEYCODE_DPAD_RIGHT, scanCode=0, metaState=0, flags=0x420, repeatCount=0, eventTime=13527079, downTime=13527079, deviceId=-1, source=0x101 }
04-13 23:44:46.514  1847  1847 W ViewRootImpl: Cancelling event due to no window focus: KeyEvent { action=ACTION_UP, keyCode=KEYCODE_DPAD_RIGHT, scanCode=0, metaState=0, flags=0x420, repeatCount=0, eventTime=13527080, downTime=13527080, deviceId=-1, source=0x101 }
04-13 23:44:46.515  1847  1847 W ViewRootImpl: Cancelling event due to no window focus: KeyEvent { action=ACTION_UP, keyCode=KEYCODE_DPAD_RIGHT, scanCode=0, metaState=0, flags=0x420, repeatCount=0, eventTime=13527080, downTime=13527080, deviceId=-1, source=0x101 }
04-13 23:44:46.515  1847  1847 W ViewRootImpl: Cancelling event due to no window focus: KeyEvent { action=ACTION_UP, keyCode=KEYCODE_DPAD_RIGHT, scanCode=0, metaState=0, flags=0x420, repeatCount=0, eventTime=13527080, downTime=13527080, deviceId=-1, source=0x101 }
04-13 23:44:47.714   722  1244 W InputMethodManagerService: Window already focused, ignoring focus gain of: com.android.internal.view.IInputMethodClient$Stub$Proxy@999cfd8 attribute=null, token = android.os.BinderProxy@7333b1
04-13 23:44:54.778   722  1239 I ActivityManager: START u0 {act=android.intent.action.MAIN cat=[android.intent.category.LAUNCHER] flg=0x10200000 cmp=com.zhihu.android/.app.ui.activity.MainActivity} from uid 0 on display 0
04-13 23:45:25.859   722   739 I ActivityManager: START u0 {act=android.intent.action.MAIN cat=[android.intent.category.LAUNCHER] flg=0x10200000 cmp=com.zhihu.android/.app.ui.activity.MainActivity} from uid 0 on display 0
04-13 23:45:26.872   722  1239 I ActivityManager: START u0 {act=android.intent.action.MAIN cat=[android.intent.category.LAUNCHER] flg=0x10200000 cmp=com.zhihu.android/.app.ui.activity.MainActivity} from uid 0 on display 0
04-13 23:45:39.059  1847  1847 W ViewRootImpl: Dropping event due to no window focus: KeyEvent { action=ACTION_DOWN, keyCode=KEYCODE_DPAD_CENTER, scanCode=0, metaState=0, flags=0x8, repeatCount=0, eventTime=13576168, downTime=13576168, deviceId=-1, source=0x101 }
04-13 23:45:39.061  1847  1847 W ViewRootImpl: Cancelling event due to no window focus: KeyEvent { action=ACTION_UP, keyCode=KEYCODE_DPAD_CENTER, scanCode=0, metaState=0, flags=0x28, repeatCount=0, eventTime=13576171, downTime=13576171, deviceId=-1, source=0x101 }
04-13 23:45:39.061  1847  1847 W ViewRootImpl: Cancelling event due to no window focus: KeyEvent { action=ACTION_UP, keyCode=KEYCODE_DPAD_CENTER, scanCode=0, metaState=0, flags=0x28, repeatCount=0, eventTime=13576171, downTime=13576171, deviceId=-1, source=0x101 }
04-13 23:45:39.062  1847  1847 W ViewRootImpl: Cancelling event due to no window focus: KeyEvent { action=ACTION_UP, keyCode=KEYCODE_DPAD_CENTER, scanCode=0, metaState=0, flags=0x28, repeatCount=0, eventTime=13576171, downTime=13576171, deviceId=-1, source=0x101 }
04-13 23:45:39.093  1847  1847 W ViewRootImpl: Cancelling event due to no window focus: KeyEvent { action=ACTION_UP, keyCode=KEYCODE_DPAD_CENTER, scanCode=0, metaState=0, flags=0x28, repeatCount=0, eventTime=13576171, downTime=13576171, deviceId=-1, source=0x101 }
04-13 23:45:39.094  1847  1847 W ViewRootImpl: Cancelling event due to no window focus: KeyEvent { action=ACTION_UP, keyCode=KEYCODE_DPAD_CENTER, scanCode=0, metaState=0, flags=0x28, repeatCount=0, eventTime=13576171, downTime=13576171, deviceId=-1, source=0x101 }
04-13 23:45:39.094  1847  1847 W ViewRootImpl: Cancelling event due to no window focus: KeyEvent { action=ACTION_UP, keyCode=KEYCODE_DPAD_CENTER, scanCode=0, metaState=0, flags=0x28, repeatCount=0, eventTime=13576171, downTime=13576171, deviceId=-1, source=0x101 }
04-13 23:45:39.133   722   739 W InputMethodManagerService: Window already focused, ignoring focus gain of: com.android.internal.view.IInputMethodClient$Stub$Proxy@1b76c1f0 attribute=null, token = android.os.BinderProxy@7333b1
04-13 23:46:06.148   722   722 W ViewRootImpl: Dropping event due to no window focus: KeyEvent { action=ACTION_DOWN, keyCode=KEYCODE_DPAD_UP, scanCode=0, metaState=0, flags=0x8, repeatCount=0, eventTime=13606059, downTime=13606059, deviceId=-1, source=0x101 }
04-13 23:46:06.234   722   722 W ViewRootImpl: Cancelling event due to no window focus: KeyEvent { action=ACTION_UP, keyCode=KEYCODE_DPAD_UP, scanCode=0, metaState=0, flags=0x28, repeatCount=0, eventTime=13606064, downTime=13606064, deviceId=-1, source=0x101 }
04-13 23:46:06.235   722   722 W ViewRootImpl: Cancelling event due to no window focus: KeyEvent { action=ACTION_UP, keyCode=KEYCODE_DPAD_UP, scanCode=0, metaState=0, flags=0x28, repeatCount=0, eventTime=13606064, downTime=13606064, deviceId=-1, source=0x101 }
04-13 23:46:06.254   722   722 W ViewRootImpl: Cancelling event due to no window focus: KeyEvent { action=ACTION_UP, keyCode=KEYCODE_DPAD_UP, scanCode=0, metaState=0, flags=0x28, repeatCount=0, eventTime=13606064, downTime=13606064, deviceId=-1, source=0x101 }
04-13 23:46:06.254   722   722 W ViewRootImpl: Cancelling event due to no window focus: KeyEvent { action=ACTION_UP, keyCode=KEYCODE_DPAD_UP, scanCode=0, metaState=0, flags=0x28, repeatCount=0, eventTime=13606064, downTime=13606064, deviceId=-1, source=0x101 }
04-13 23:46:06.255   722   722 W ViewRootImpl: Cancelling event due to no window focus: KeyEvent { action=ACTION_UP, keyCode=KEYCODE_DPAD_UP, scanCode=0, metaState=0, flags=0x28, repeatCount=0, eventTime=13606064, downTime=13606064, deviceId=-1, source=0x101 }
04-13 23:46:06.256   722   722 W ViewRootImpl: Cancelling event due to no window focus: KeyEvent { action=ACTION_UP, keyCode=KEYCODE_DPAD_UP, scanCode=0, metaState=0, flags=0x28, repeatCount=0, eventTime=13606064, downTime=13606064, deviceId=-1, source=0x101 }
04-13 23:46:06.258   722   722 W ViewRootImpl: Cancelling event due to no window focus: KeyEvent { action=ACTION_UP, keyCode=KEYCODE_DPAD_UP, scanCode=0, metaState=0, flags=0x80000028, repeatCount=0, eventTime=13606064, downTime=13606064, deviceId=-1, source=0x101 }
04-13 23:46:06.272   722   722 W ViewRootImpl: Cancelling event due to no window focus: KeyEvent { action=ACTION_UP, keyCode=KEYCODE_DPAD_UP, scanCode=0, metaState=0, flags=0x80000028, repeatCount=0, eventTime=13606064, downTime=13606064, deviceId=-1, source=0x101 }
04-13 23:46:06.273   722   722 W ViewRootImpl: Cancelling event due to no window focus: KeyEvent { action=ACTION_UP, keyCode=KEYCODE_DPAD_UP, scanCode=0, metaState=0, flags=0x80000028, repeatCount=0, eventTime=13606064, downTime=13606064, deviceId=-1, source=0x101 }
04-13 23:46:08.207   722  9913 W InputMethodManagerService: Window already focused, ignoring focus gain of: com.android.internal.view.IInputMethodClient$Stub$Proxy@31d46aaa attribute=null, token = android.os.BinderProxy@7333b1
04-13 23:46:30.019   722   808 I WindowManager: Input event dispatching timed out sending to .  Reason: Waiting to send key event because the focused window has not finished processing all of the input events that were previously delivered to it.  Outbound queue length: 0.  Wait queue length: 1.
04-13 23:46:30.168   722   787 I ActivityManager: Skipping duplicate ANR: ProcessRecord{1acd0c76 1847:com.zhihu.android/u0a54} Input dispatching timed out (Waiting to send key event because the focused window has not finished processing all of the input events that were previously delivered to it.  Outbound queue length: 0.  Wait queue length: 1.)
04-13 23:46:30.169   722  9913 W InputManager: Input event injection from pid 2379 timed out.
04-13 23:46:55.725   722   738 I ActivityManager: START u0 {act=android.intent.action.MAIN cat=[android.intent.category.LAUNCHER] flg=0x10200000 cmp=com.zhihu.android/.app.ui.activity.MainActivity} from uid 0 on display 0
04-13 23:47:39.542   722   738 I ActivityManager: START u0 {act=android.intent.action.MAIN cat=[android.intent.category.LAUNCHER] flg=0x10200000 cmp=com.zhihu.android/.app.ui.activity.MainActivity} from uid 0 on display 0
04-13 23:47:40.098   722  1296 W ProcessCpuTracker: Skipping unknown process pid 23215
04-13 23:47:56.349   722 23547 I ActivityManager: START u0 {act=com.android.systemui.recents.SHOW_RECENTS flg=0x10804000 cmp=com.android.systemui/.recents.RecentsActivity} from uid 10013 on display 0
04-13 23:49:53.784   867   867 W ViewRootImpl: Cancelling event due to no window focus: KeyEvent { action=ACTION_UP, keyCode=KEYCODE_TV_AUDIO_DESCRIPTION_MIX_DOWN, scanCode=0, metaState=0, flags=0x80000028, repeatCount=0, eventTime=13833855, downTime=13833855, deviceId=-1, source=0x101 }
04-13 23:49:53.785   867   867 W ViewRootImpl: Cancelling event due to no window focus: KeyEvent { action=ACTION_UP, keyCode=KEYCODE_TV_AUDIO_DESCRIPTION_MIX_DOWN, scanCode=0, metaState=0, flags=0x80000028, repeatCount=0, eventTime=13833855, downTime=13833855, deviceId=-1, source=0x101 }
04-13 23:49:53.785   867   867 W ViewRootImpl: Cancelling event due to no window focus: KeyEvent { action=ACTION_UP, keyCode=KEYCODE_TV_AUDIO_DESCRIPTION_MIX_DOWN, scanCode=0, metaState=0, flags=0x80000028, repeatCount=0, eventTime=13833855, downTime=13833855, deviceId=-1, source=0x101 }
04-13 23:49:53.786   867   867 W ViewRootImpl: Cancelling event due to no window focus: KeyEvent { action=ACTION_UP, keyCode=KEYCODE_TV_AUDIO_DESCRIPTION_MIX_DOWN, scanCode=0, metaState=0, flags=0x80000028, repeatCount=0, eventTime=13833855, downTime=13833855, deviceId=-1, source=0x101 }
04-13 23:49:53.786   867   867 W ViewRootImpl: Cancelling event due to no window focus: KeyEvent { action=ACTION_UP, keyCode=KEYCODE_TV_AUDIO_DESCRIPTION_MIX_DOWN, scanCode=0, metaState=0, flags=0x80000028, repeatCount=0, eventTime=13833855, downTime=13833855, deviceId=-1, source=0x101 }
04-13 23:49:53.787   867   867 W ViewRootImpl: Cancelling event due to no window focus: KeyEvent { action=ACTION_UP, keyCode=KEYCODE_TV_AUDIO_DESCRIPTION_MIX_DOWN, scanCode=0, metaState=0, flags=0x80000028, repeatCount=0, eventTime=13833855, downTime=13833855, deviceId=-1, source=0x101 }
04-13 23:49:53.819   867   867 W ViewRootImpl: Cancelling event due to no window focus: KeyEvent { action=ACTION_UP, keyCode=KEYCODE_TV_AUDIO_DESCRIPTION_MIX_DOWN, scanCode=0, metaState=0, flags=0x80000028, repeatCount=0, eventTime=13833855, downTime=13833855, deviceId=-1, source=0x101 }
04-13 23:49:53.820   867   867 W ViewRootImpl: Cancelling event due to no window focus: KeyEvent { action=ACTION_UP, keyCode=KEYCODE_TV_AUDIO_DESCRIPTION_MIX_DOWN, scanCode=0, metaState=0, flags=0x80000028, repeatCount=0, eventTime=13833855, downTime=13833855, deviceId=-1, source=0x101 }
04-13 23:49:53.821   867   867 W ViewRootImpl: Cancelling event due to no window focus: KeyEvent { action=ACTION_UP, keyCode=KEYCODE_TV_AUDIO_DESCRIPTION_MIX_DOWN, scanCode=0, metaState=0, flags=0x80000028, repeatCount=0, eventTime=13833855, downTime=13833855, deviceId=-1, source=0x101 }
04-13 23:50:15.050   722   738 I ActivityManager: START u0 {act=android.intent.action.MAIN cat=[android.intent.category.LAUNCHER] flg=0x10200000 cmp=com.zhihu.android/.app.ui.activity.MainActivity} from uid 0 on display 0
04-13 23:50:44.026   722 30841 I ActivityManager: START u0 {act=android.intent.action.MAIN cat=[android.intent.category.LAUNCHER] flg=0x10200000 cmp=com.zhihu.android/.app.ui.activity.MainActivity} from uid 0 on display 0
04-13 23:51:38.758   722   827 D ConnectivityService: updateNetworkScore for NetworkAgentInfo [WIFI () - 101] to 55
04-13 23:51:38.758   722   827 D ConnectivityService: rematching NetworkAgentInfo [WIFI () - 101]
04-13 23:51:38.759   722   827 D ConnectivityService: Network NetworkAgentInfo [WIFI () - 101] was already satisfying request 1. No change.
04-13 23:51:38.759   722   827 D ConnectivityService: notifyType AVAILABLE for NetworkAgentInfo [WIFI () - 101]
04-13 23:51:42.091   722   827 D ConnectivityService: updateNetworkScore for NetworkAgentInfo [WIFI () - 101] to 56
04-13 23:51:48.767   722   827 D ConnectivityService: updateNetworkScore for NetworkAgentInfo [WIFI () - 101] to 55
04-13 23:51:48.767   722   827 D ConnectivityService: rematching NetworkAgentInfo [WIFI () - 101]
04-13 23:51:48.767   722   827 D ConnectivityService: Network NetworkAgentInfo [WIFI () - 101] was already satisfying request 1. No change.
04-13 23:51:48.768   722   827 D ConnectivityService: notifyType AVAILABLE for NetworkAgentInfo [WIFI () - 101]
04-13 23:51:52.661   722   827 D ConnectivityService: notifyType LOST for NetworkAgentInfo [WIFI () - 101]
04-13 23:51:52.752   722   827 D CSLegacyTypeTracker: Sending disconnected broadcast for type 1 NetworkAgentInfo [WIFI () - 101] isDefaultNetwork=true
04-13 23:51:52.753   722   827 D ConnectivityService: sendStickyBroadcast: action=android.net.conn.CONNECTIVITY_CHANGE_IMMEDIATE
04-13 23:51:52.753   722   827 D ConnectivityService: sendStickyBroadcast: action=android.net.conn.CONNECTIVITY_CHANGE
04-13 23:51:52.755   722   827 D ConnectivityService: sendStickyBroadcast: action=android.net.conn.CONNECTIVITY_CHANGE_IMMEDIATE
04-13 23:51:52.789   722   827 D ConnectivityService: sendStickyBroadcast: action=android.net.conn.CONNECTIVITY_CHANGE
04-13 23:51:52.809   722   827 D ConnectivityService: Checking for replacement network to handle request NetworkRequest [ id=1, legacyType=-1, [ Capabilities: INTERNET&NOT_RESTRICTED&TRUSTED&NOT_VPN] ]
04-13 23:52:07.826   722   825 D ConnectivityService: registerNetworkAgent NetworkAgentInfo{ ni{[type: WIFI[], state: CONNECTING/CONNECTING, reason: (unspecified), extra: "BUAA-WiFi", roaming: false, failover: false, isAvailable: true, isConnectedToProvisioningNetwork: false]}  network{null}  lp{{InterfaceName: wlan0 LinkAddresses: []  Routes: [] DnsAddresses: [] Domains: null MTU: 0 TcpBufferSizes: 524288,1048576,2097152,262144,524288,1048576}}  nc{[ Transports: WIFI Capabilities: INTERNET&NOT_RESTRICTED&TRUSTED&NOT_VPN LinkUpBandwidth>=1048576Kbps LinkDnBandwidth>=1048576Kbps]}  Score{20}  everValidated{false}  lastValidated{false}  created{false}  explicitlySelected{false} }
04-13 23:52:07.826   722   827 D ConnectivityService: NetworkAgentInfo [WIFI () - 102] EVENT_NETWORK_INFO_CHANGED, going from null to CONNECTING
04-13 23:52:09.896   722   827 D ConnectivityService: updateNetworkScore for NetworkAgentInfo [WIFI () - 102] to 56
04-13 23:52:10.145   722   787 I ActivityManager: Waited long enough for: ServiceRecord{1e048168 u0 com.android.mms/.transaction.TransactionService}
04-13 23:52:20.168   722   827 D ConnectivityService: NetworkAgentInfo [WIFI () - 102] EVENT_NETWORK_INFO_CHANGED, going from CONNECTING to CONNECTED
04-13 23:52:20.173   722   827 D ConnectivityService: Adding iface wlan0 to network 102
04-13 23:52:20.400   722   827 E ConnectivityService: Unexpected mtu value: 0, wlan0
04-13 23:52:20.401   722   827 D ConnectivityService: Adding Route [fe80::/64 -> :: wlan0] to network 102
04-13 23:52:20.405   722   827 D ConnectivityService: Adding Route [2001:da8:203:2224::/64 -> :: wlan0] to network 102
04-13 23:52:20.410   722   827 D ConnectivityService: Adding Route [10.137.0.0/16 -> 0.0.0.0 wlan0] to network 102
04-13 23:52:20.418   722   827 D ConnectivityService: Adding Route [::/0 -> fe80::620b:3ff:fe2c:3002 wlan0] to network 102
04-13 23:52:20.469   722   827 D ConnectivityService: Adding Route [0.0.0.0/0 -> 10.137.0.1 wlan0] to network 102
04-13 23:52:20.474   722   827 D ConnectivityService: Setting Dns servers for network 102 to [/202.112.128.51, /202.112.128.50]
04-13 23:52:20.769   722   827 D ConnectivityService: notifyType IP_CHANGED for NetworkAgentInfo [WIFI () - 102]
04-13 23:52:20.881   722   827 D ConnectivityService: notifyType PRECHECK for NetworkAgentInfo [WIFI () - 102]
04-13 23:52:20.898   722   827 D ConnectivityService: rematching NetworkAgentInfo [WIFI () - 102]
04-13 23:52:20.898   722   827 D ConnectivityService:    accepting network in place of null
04-13 23:52:20.963   722 23547 I ActivityManager: START u0 {act=android.intent.action.MAIN cat=[android.intent.category.LAUNCHER] flg=0x10200000 cmp=com.zhihu.android/.app.ui.activity.MainActivity} from uid 0 on display 0
04-13 23:52:21.044   722   827 D ConnectivityService: Switching to new default network: NetworkAgentInfo{ ni{[type: WIFI[], state: CONNECTED/CONNECTED, reason: (unspecified), extra: "BUAA-WiFi", roaming: false, failover: false, isAvailable: true, isConnectedToProvisioningNetwork: false]}  network{102}  lp{{InterfaceName: wlan0 LinkAddresses: [fe80::faa9:d0ff:fe55:5067/64,2001:da8:203:2224:faa9:d0ff:fe55:5067/64,2001:da8:203:2224:bdb9:bdaa:5690:c09/64,10.137.160.128/16,]  Routes: [fe80::/64 -> :: wlan0,::/0 -> fe80::620b:3ff:fe2c:3002 wlan0,2001:da8:203:2224::/64 -> :: wlan0,10.137.0.0/16 -> 0.0.0.0 wlan0,0.0.0.0/0 -> 10.137.0.1 wlan0,] DnsAddresses: [202.112.128.51,202.112.128.50,] Domains:  MTU: 0 TcpBufferSizes: 524288,1048576,2097152,262144,524288,1048576}}  nc{[ Transports: WIFI Capabilities: INTERNET&NOT_RESTRICTED&TRUSTED&NOT_VPN LinkUpBandwidth>=1048576Kbps LinkDnBandwidth>=1048576Kbps]}  Score{16}  everValidated{false}  lastValidated{false}  created{true}  explicitlySelected{false} }
04-13 23:52:21.099   722   827 D ConnectivityService: notifyType AVAILABLE for NetworkAgentInfo [WIFI () - 102]
04-13 23:52:21.198   722   827 D CSLegacyTypeTracker: Sending connected broadcast for type 1 NetworkAgentInfo [WIFI () - 102] isDefaultNetwork=true
04-13 23:52:21.198   722   827 D ConnectivityService: sendStickyBroadcast: action=android.net.conn.CONNECTIVITY_CHANGE_IMMEDIATE
04-13 23:52:21.248   722   827 D ConnectivityService: sendStickyBroadcast: action=android.net.conn.CONNECTIVITY_CHANGE
04-13 23:52:21.346   722   787 W BroadcastQueue: Skipping deliver [background] BroadcastRecord{159ef8d6 u-1 android.net.conn.CONNECTIVITY_CHANGE} to ReceiverList{3268cfa1 2379 (unknown name)/0/u-1 remote:10bb43fa}: process crashing
04-13 23:52:22.101   722   827 D ConnectivityService: NetTransition Wakelock (NetworkAgentInfo [WIFI () - 101] cleared because we found a replacement network
04-13 23:52:26.088   722   827 D ConnectivityService: setProvNotificationVisibleIntent: E visible=false networkType=0 extraInfo=null
04-13 23:52:26.089   722   827 D ConnectivityService: Validated NetworkAgentInfo [WIFI () - 102]
04-13 23:52:26.089   722   827 D ConnectivityService: rematching NetworkAgentInfo [WIFI () - 102]
04-13 23:52:26.090   722   827 D ConnectivityService: Network NetworkAgentInfo [WIFI () - 102] was already satisfying request 1. No change.
04-13 23:52:26.090   722   827 D ConnectivityService: notifyType AVAILABLE for NetworkAgentInfo [WIFI () - 102]
04-13 23:52:26.560   722   827 D ConnectivityService: sendStickyBroadcast: action=android.net.conn.INET_CONDITION_ACTION
04-13 23:52:49.129   722   722 D ZenLog  : intercepted: 0|com.android.systemui|789|null|10013,!priority
04-13 23:52:49.166   722   722 V NotificationService: pkg=com.android.systemui canInterrupt=false intercept=true
04-13 23:53:02.160   722   808 I WindowManager: Input event dispatching timed out sending to .  Reason: Waiting to send key event because the focused window has not finished processing all of the input events that were previously delivered to it.  Outbound queue length: 0.  Wait queue length: 1.
04-13 23:53:02.269   722  1295 W InputManager: Input event injection from pid 2379 timed out.
04-13 23:53:02.695   722   787 I ActivityManager: Skipping duplicate ANR: ProcessRecord{1acd0c76 1847:com.zhihu.android/u0a54} Input dispatching timed out (Waiting to send key event because the focused window has not finished processing all of the input events that were previously delivered to it.  Outbound queue length: 0.  Wait queue length: 1.)
04-13 23:53:17.626   722   722 V NotificationService: pkg=com.android.systemui canInterrupt=false intercept=true
04-13 23:54:03.724   867   867 W ViewRootImpl: Dropping event due to no window focus: KeyEvent { action=ACTION_DOWN, keyCode=KEYCODE_MENU, scanCode=0, metaState=0, flags=0x8, repeatCount=0, eventTime=14084213, downTime=14084213, deviceId=-1, source=0x101 }
04-13 23:54:03.726   867   867 W ViewRootImpl: Cancelling event due to no window focus: KeyEvent { action=ACTION_UP, keyCode=KEYCODE_MENU, scanCode=0, metaState=0, flags=0x28, repeatCount=0, eventTime=14084215, downTime=14084215, deviceId=-1, source=0x101 }
04-13 23:54:03.726   867   867 W ViewRootImpl: Cancelling event due to no window focus: KeyEvent { action=ACTION_UP, keyCode=KEYCODE_MENU, scanCode=0, metaState=0, flags=0x28, repeatCount=0, eventTime=14084215, downTime=14084215, deviceId=-1, source=0x101 }
04-13 23:54:03.727   867   867 W ViewRootImpl: Cancelling event due to no window focus: KeyEvent { action=ACTION_UP, keyCode=KEYCODE_MENU, scanCode=0, metaState=0, flags=0x28, repeatCount=0, eventTime=14084215, downTime=14084215, deviceId=-1, source=0x101 }
04-13 23:54:03.727   867   867 W ViewRootImpl: Cancelling event due to no window focus: KeyEvent { action=ACTION_UP, keyCode=KEYCODE_MENU, scanCode=0, metaState=0, flags=0x28, repeatCount=0, eventTime=14084215, downTime=14084215, deviceId=-1, source=0x101 }
04-13 23:54:03.728   867   867 W ViewRootImpl: Cancelling event due to no window focus: KeyEvent { action=ACTION_UP, keyCode=KEYCODE_MENU, scanCode=0, metaState=0, flags=0x28, repeatCount=0, eventTime=14084215, downTime=14084215, deviceId=-1, source=0x101 }
04-13 23:54:03.831   867   867 W ViewRootImpl: Cancelling event due to no window focus: KeyEvent { action=ACTION_UP, keyCode=KEYCODE_MENU, scanCode=0, metaState=0, flags=0x28, repeatCount=0, eventTime=14084215, downTime=14084215, deviceId=-1, source=0x101 }
04-13 23:54:03.831   867   867 W ViewRootImpl: Cancelling event due to no window focus: KeyEvent { action=ACTION_UP, keyCode=KEYCODE_MENU, scanCode=0, metaState=0, flags=0x28, repeatCount=0, eventTime=14084215, downTime=14084215, deviceId=-1, source=0x101 }
04-13 23:54:03.832   867   867 W ViewRootImpl: Cancelling event due to no window focus: KeyEvent { action=ACTION_UP, keyCode=KEYCODE_MENU, scanCode=0, metaState=0, flags=0x28, repeatCount=0, eventTime=14084215, downTime=14084215, deviceId=-1, source=0x101 }
04-13 23:54:03.832   867   867 W ViewRootImpl: Cancelling event due to no window focus: KeyEvent { action=ACTION_UP, keyCode=KEYCODE_MENU, scanCode=0, metaState=0, flags=0x28, repeatCount=0, eventTime=14084215, downTime=14084215, deviceId=-1, source=0x101 }
04-13 23:54:05.260   722 11468 I ActivityManager: START u0 {act=android.intent.action.CHOOSER flg=0x10008000 cmp=android/com.android.internal.app.ChooserActivity bnds=[216,852][1056,996] (has extras)} from uid 10013 on display 0
04-13 23:54:07.101  1847  1847 W ViewRootImpl: Dropping event due to no window focus: KeyEvent { action=ACTION_DOWN, keyCode=KEYCODE_DPAD_CENTER, scanCode=0, metaState=0, flags=0x8, repeatCount=0, eventTime=14086318, downTime=14086318, deviceId=-1, source=0x101 }
04-13 23:54:07.103  1847  1847 W ViewRootImpl: Cancelling event due to no window focus: KeyEvent { action=ACTION_UP, keyCode=KEYCODE_DPAD_CENTER, scanCode=0, metaState=0, flags=0x28, repeatCount=0, eventTime=14086322, downTime=14086322, deviceId=-1, source=0x101 }
04-13 23:54:07.103  1847  1847 W ViewRootImpl: Cancelling event due to no window focus: KeyEvent { action=ACTION_UP, keyCode=KEYCODE_DPAD_CENTER, scanCode=0, metaState=0, flags=0x28, repeatCount=0, eventTime=14086322, downTime=14086322, deviceId=-1, source=0x101 }
04-13 23:54:07.104  1847  1847 W ViewRootImpl: Cancelling event due to no window focus: KeyEvent { action=ACTION_UP, keyCode=KEYCODE_DPAD_CENTER, scanCode=0, metaState=0, flags=0x28, repeatCount=0, eventTime=14086322, downTime=14086322, deviceId=-1, source=0x101 }
04-13 23:54:07.134  1847  1847 W ViewRootImpl: Cancelling event due to no window focus: KeyEvent { action=ACTION_UP, keyCode=KEYCODE_DPAD_CENTER, scanCode=0, metaState=0, flags=0x28, repeatCount=0, eventTime=14086322, downTime=14086322, deviceId=-1, source=0x101 }
04-13 23:54:07.134  1847  1847 W ViewRootImpl: Cancelling event due to no window focus: KeyEvent { action=ACTION_UP, keyCode=KEYCODE_DPAD_CENTER, scanCode=0, metaState=0, flags=0x28, repeatCount=0, eventTime=14086322, downTime=14086322, deviceId=-1, source=0x101 }
04-13 23:54:07.135  1847  1847 W ViewRootImpl: Cancelling event due to no window focus: KeyEvent { action=ACTION_UP, keyCode=KEYCODE_DPAD_CENTER, scanCode=0, metaState=0, flags=0x28, repeatCount=0, eventTime=14086322, downTime=14086322, deviceId=-1, source=0x101 }
04-13 23:54:07.741   722 11468 W InputMethodManagerService: Window already focused, ignoring focus gain of: com.android.internal.view.IInputMethodClient$Stub$Proxy@104c26e5 attribute=null, token = android.os.BinderProxy@7333b1
04-13 23:54:10.462   722   787 W ProcessCpuTracker: Skipping unknown process pid 22779
04-13 23:54:10.463   722   787 W ProcessCpuTracker: Skipping unknown process pid 22780
04-13 23:54:24.071   722 10551 I ActivityManager: START u0 {act=android.intent.action.MAIN cat=[android.intent.category.LAUNCHER] flg=0x10200000 cmp=com.zhihu.android/.app.ui.activity.MainActivity} from uid 0 on display 0
04-13 23:54:43.950   722   787 W ProcessCpuTracker: Skipping unknown process pid 30957
04-13 23:54:48.260   722 10551 I ActivityManager: START u0 {act=android.intent.action.MAIN cat=[android.intent.category.LAUNCHER] flg=0x10200000 cmp=com.zhihu.android/.app.ui.activity.MainActivity} from uid 0 on display 0
04-13 23:55:09.360   722  9913 I ActivityManager: START u0 {act=android.intent.action.MAIN cat=[android.intent.category.LAUNCHER] flg=0x10200000 cmp=com.zhihu.android/.app.ui.activity.MainActivity} from uid 0 on display 0
04-13 23:55:58.110   722 11468 I ActivityManager: START u0 {act=android.intent.action.MAIN cat=[android.intent.category.LAUNCHER] flg=0x10200000 cmp=com.zhihu.android/.app.ui.activity.MainActivity} from uid 0 on display 0
04-13 23:56:04.196   722   739 I ActivityManager: START u0 {act=android.intent.action.MAIN cat=[android.intent.category.LAUNCHER] flg=0x10200000 cmp=com.zhihu.android/.app.ui.activity.MainActivity} from uid 0 on display 0
04-13 23:56:10.220   722   808 I WindowManager: Input event dispatching timed out sending to .  Reason: Waiting to send key event because the focused window has not finished processing all of the input events that were previously delivered to it.  Outbound queue length: 0.  Wait queue length: 1.
04-13 23:56:10.375   722   812 W InputManager: Input event injection from pid 2379 timed out.
04-13 23:56:10.442   722   787 I ActivityManager: Skipping duplicate ANR: ProcessRecord{1acd0c76 1847:com.zhihu.android/u0a54} Input dispatching timed out (Waiting to send key event because the focused window has not finished processing all of the input events that were previously delivered to it.  Outbound queue length: 0.  Wait queue length: 1.)
04-13 23:57:03.813   722 11468 W ProcessCpuTracker: Skipping unknown process pid 31701
04-13 23:57:08.791   722   739 I ActivityManager: START u0 {act=android.intent.action.MAIN cat=[android.intent.category.LAUNCHER] flg=0x10200000 cmp=com.zhihu.android/.app.ui.activity.MainActivity} from uid 0 on display 0
04-13 23:58:31.109   722  1296 I ActivityManager: START u0 {act=android.intent.action.MAIN cat=[android.intent.category.LAUNCHER] flg=0x10200000 cmp=com.zhihu.android/.app.ui.activity.MainActivity} from uid 0 on display 0
04-13 23:58:42.625   722  9913 I ActivityManager: START u0 {act=android.intent.action.MAIN cat=[android.intent.category.LAUNCHER] flg=0x10200000 cmp=com.zhihu.android/.app.ui.activity.MainActivity} from uid 0 on display 0
04-13 23:59:02.943   722  1296 I ActivityManager: START u0 {act=android.intent.action.MAIN cat=[android.intent.category.LAUNCHER] flg=0x10200000 cmp=com.zhihu.android/.app.ui.activity.MainActivity} from uid 0 on display 0
04-13 23:59:13.966   722 10551 I ActivityManager: START u0 {act=android.intent.action.MAIN cat=[android.intent.category.LAUNCHER] flg=0x10200000 cmp=com.zhihu.android/.app.ui.activity.MainActivity} from uid 0 on display 0
04-14 00:00:00.862   722   787 I ActivityManager: Start proc 12360:com.android.calendar/u0a21 for broadcast com.android.calendar/.widget.CalendarAppWidgetService$CalendarFactory
04-14 00:00:00.881   722   787 I ProcessStatsService: Prepared write state in 13ms
04-14 00:00:45.195   722 10551 I ActivityManager: Killing 2220:com.android.gallery3d/u0a31 (adj 15): empty for 14434s
04-14 00:00:45.415   722 10551 E libprocessgroup: failed to kill 1 processes for processgroup 2220
04-14 00:01:00.107   722   808 I ActivityManager: START u0 {act=android.intent.action.SHOW_BRIGHTNESS_DIALOG cmp=com.android.systemui/.settings.BrightnessDialog} from uid 1000 on display 0
