04-13 22:24:43.295   722   808 I WindowManager: Input event dispatching timed out sending to .  Reason: Waiting to send key event because the focused window has not finished processing all of the input events that were previously delivered to it.  Outbound queue length: 0.  Wait queue length: 8.
04-13 22:24:43.556   722   787 I ActivityManager: Skipping duplicate ANR: ProcessRecord{1acd0c76 1847:com.zhihu.android/u0a54} Input dispatching timed out (Waiting to send key event because the focused window has not finished processing all of the input events that were previously delivered to it.  Outbound queue length: 0.  Wait queue length: 8.)
04-13 22:24:43.563   722 23547 W InputManager: Input event injection from pid 2379 timed out.
04-13 22:25:00.609   722   827 D ConnectivityService: updateNetworkScore for NetworkAgentInfo [WIFI () - 101] to 55
04-13 22:25:00.609   722   827 D ConnectivityService: rematching NetworkAgentInfo [WIFI () - 101]
04-13 22:25:00.609   722   827 D ConnectivityService: Network NetworkAgentInfo [WIFI () - 101] was already satisfying request 1. No change.
04-13 22:25:00.609   722   827 D ConnectivityService: notifyType AVAILABLE for NetworkAgentInfo [WIFI () - 101]
04-13 22:25:04.006   722   827 D ConnectivityService: updateNetworkScore for NetworkAgentInfo [WIFI () - 101] to 56
04-13 22:25:04.006   722   827 D ConnectivityService: rematching NetworkAgentInfo [WIFI () - 101]
04-13 22:25:04.007   722   827 D ConnectivityService: Network NetworkAgentInfo [WIFI () - 101] was already satisfying request 1. No change.
04-13 22:25:04.007   722   827 D ConnectivityService: notifyType AVAILABLE for NetworkAgentInfo [WIFI () - 101]
04-13 22:25:15.874   722   739 I ActivityManager: START u0 {act=android.intent.action.MAIN cat=[android.intent.category.LAUNCHER] flg=0x10200000 cmp=com.zhihu.android/.app.ui.activity.MainActivity} from uid 0 on display 0
04-13 22:25:29.228   722   738 I ActivityManager: START u0 {act=android.intent.action.MAIN cat=[android.intent.category.LAUNCHER] flg=0x10200000 cmp=com.zhihu.android/.app.ui.activity.MainActivity} from uid 0 on display 0
04-13 22:25:47.723   722  1296 I ActivityManager: START u0 {act=android.intent.action.MAIN cat=[android.intent.category.LAUNCHER] flg=0x10200000 cmp=com.zhihu.android/.app.ui.activity.MainActivity} from uid 0 on display 0
04-13 22:26:36.809   722   808 I WindowManager: Input event dispatching timed out sending to .  Reason: Waiting to send key event because the focused window has not finished processing all of the input events that were previously delivered to it.  Outbound queue length: 0.  Wait queue length: 1.
04-13 22:26:36.959   722   787 I ActivityManager: Skipping duplicate ANR: ProcessRecord{1acd0c76 1847:com.zhihu.android/u0a54} Input dispatching timed out (Waiting to send key event because the focused window has not finished processing all of the input events that were previously delivered to it.  Outbound queue length: 0.  Wait queue length: 1.)
04-13 22:26:36.959   722  1245 W InputManager: Input event injection from pid 2379 timed out.
04-13 22:26:49.023   722  1245 I ActivityManager: START u0 {act=android.intent.action.MAIN cat=[android.intent.category.LAUNCHER] flg=0x10200000 cmp=com.zhihu.android/.app.ui.activity.MainActivity} from uid 0 on display 0
04-13 22:26:54.470   722   808 I ActivityManager: START u0 {act=android.intent.action.MAIN cat=[android.intent.category.LAUNCHER] flg=0x10000000 cmp=com.android.calendar/.AllInOneActivity sel=act=android.intent.action.MAIN cat=[android.intent.category.APP_CALENDAR]}} from uid 1000 on display 0
04-13 22:27:09.776   722  9913 W InputMethodManagerService: Window already focused, ignoring focus gain of: com.android.internal.view.IInputMethodClient$Stub$Proxy@2313b2ef attribute=null, token = android.os.BinderProxy@284c753e
04-13 22:27:50.074   722  9913 I ActivityManager: START u0 {act=android.intent.action.MAIN cat=[android.intent.category.LAUNCHER] flg=0x10200000 cmp=com.zhihu.android/.app.ui.activity.MainActivity} from uid 0 on display 0
04-13 22:28:04.243   722   808 I ActivityManager: START u0 {act=android.intent.action.MAIN cat=[android.intent.category.LAUNCHER] flg=0x10000000 cmp=com.android.contacts/.activities.PeopleActivity sel=act=android.intent.action.MAIN cat=[android.intent.category.APP_CONTACTS]}} from uid 1000 on display 0
04-13 22:28:20.049   722   808 I WindowManager: Input event dispatching timed out sending to .  Reason: Waiting to send key event because the focused window has not finished processing all of the input events that were previously delivered to it.  Outbound queue length: 0.  Wait queue length: 1.
04-13 22:28:20.269   722   738 W InputManager: Input event injection from pid 2379 timed out.
04-13 22:28:20.311   722   787 I ActivityManager: Skipping duplicate ANR: ProcessRecord{1acd0c76 1847:com.zhihu.android/u0a54} Input dispatching timed out (Waiting to send key event because the focused window has not finished processing all of the input events that were previously delivered to it.  Outbound queue length: 0.  Wait queue length: 1.)
04-13 22:28:32.283   722   808 W IntentResolver: resolveIntent failed: found match, but none with CATEGORY_DEFAULT
04-13 22:28:32.284   722   808 I ActivityManager: START u0 {act=android.intent.action.MAIN cat=[android.intent.category.LAUNCHER] flg=0x10000000 sel=act=android.intent.action.MAIN cat=[android.intent.category.APP_CALCULATOR]}} from uid 1000 on display 0
04-13 22:29:14.272   867   867 W ViewRootImpl: Dropping event due to no window focus: KeyEvent { action=ACTION_DOWN, keyCode=KEYCODE_DPAD_DOWN, scanCode=0, metaState=0, flags=0x8, repeatCount=0, eventTime=8994591, downTime=8994591, deviceId=-1, source=0x101 }
04-13 22:29:14.274   867   867 W ViewRootImpl: Cancelling event due to no window focus: KeyEvent { action=ACTION_UP, keyCode=KEYCODE_DPAD_DOWN, scanCode=0, metaState=0, flags=0x28, repeatCount=0, eventTime=8994599, downTime=8994599, deviceId=-1, source=0x101 }
04-13 22:29:14.274   867   867 W ViewRootImpl: Cancelling event due to no window focus: KeyEvent { action=ACTION_UP, keyCode=KEYCODE_DPAD_DOWN, scanCode=0, metaState=0, flags=0x28, repeatCount=0, eventTime=8994599, downTime=8994599, deviceId=-1, source=0x101 }
04-13 22:29:14.275   867   867 W ViewRootImpl: Cancelling event due to no window focus: KeyEvent { action=ACTION_UP, keyCode=KEYCODE_DPAD_DOWN, scanCode=0, metaState=0, flags=0x28, repeatCount=0, eventTime=8994599, downTime=8994599, deviceId=-1, source=0x101 }
04-13 22:29:14.275   867   867 W ViewRootImpl: Cancelling event due to no window focus: KeyEvent { action=ACTION_UP, keyCode=KEYCODE_DPAD_DOWN, scanCode=0, metaState=0, flags=0x28, repeatCount=0, eventTime=8994599, downTime=8994599, deviceId=-1, source=0x101 }
04-13 22:29:14.276   867   867 W ViewRootImpl: Cancelling event due to no window focus: KeyEvent { action=ACTION_UP, keyCode=KEYCODE_DPAD_DOWN, scanCode=0, metaState=0, flags=0x28, repeatCount=0, eventTime=8994599, downTime=8994599, deviceId=-1, source=0x101 }
04-13 22:29:14.276   867   867 W ViewRootImpl: Cancelling event due to no window focus: KeyEvent { action=ACTION_UP, keyCode=KEYCODE_DPAD_DOWN, scanCode=0, metaState=0, flags=0x28, repeatCount=0, eventTime=8994599, downTime=8994599, deviceId=-1, source=0x101 }
04-13 22:29:14.428   867   867 W ViewRootImpl: Cancelling event due to no window focus: KeyEvent { action=ACTION_UP, keyCode=KEYCODE_DPAD_DOWN, scanCode=0, metaState=0, flags=0x80000028, repeatCount=0, eventTime=8994599, downTime=8994599, deviceId=-1, source=0x101 }
04-13 22:29:14.498   867   867 W ViewRootImpl: Cancelling event due to no window focus: KeyEvent { action=ACTION_UP, keyCode=KEYCODE_DPAD_DOWN, scanCode=0, metaState=0, flags=0x80000028, repeatCount=0, eventTime=8994599, downTime=8994599, deviceId=-1, source=0x101 }
04-13 22:29:14.499   867   867 W ViewRootImpl: Cancelling event due to no window focus: KeyEvent { action=ACTION_UP, keyCode=KEYCODE_DPAD_DOWN, scanCode=0, metaState=0, flags=0x80000028, repeatCount=0, eventTime=8994599, downTime=8994599, deviceId=-1, source=0x101 }
04-13 22:29:18.260   722   739 W InputMethodManagerService: Window already focused, ignoring focus gain of: com.android.internal.view.IInputMethodClient$Stub$Proxy@1f7d54f5 attribute=null, token = android.os.BinderProxy@284c753e
04-13 22:29:34.262   722   738 W ProcessCpuTracker: Skipping unknown process pid 28174
04-13 22:29:35.512   722  1245 I ActivityManager: START u0 {act=android.intent.action.MAIN cat=[android.intent.category.LAUNCHER] flg=0x10200000 cmp=com.zhihu.android/.app.ui.activity.MainActivity} from uid 0 on display 0
04-13 22:29:41.555   722   808 I WindowManager: Input event dispatching timed out sending to .  Reason: Waiting to send key event because the focused window has not finished processing all of the input events that were previously delivered to it.  Outbound queue length: 0.  Wait queue length: 10.
04-13 22:29:41.708   722   927 W InputManager: Input event injection from pid 2379 timed out.
04-13 22:29:41.783   722   787 I ActivityManager: Skipping duplicate ANR: ProcessRecord{1acd0c76 1847:com.zhihu.android/u0a54} Input dispatching timed out (Waiting to send key event because the focused window has not finished processing all of the input events that were previously delivered to it.  Outbound queue length: 0.  Wait queue length: 10.)
04-13 22:29:54.098   722  1245 W BackupManagerService: dataChanged but no participant pkg='com.android.providers.settings' uid=10013
04-13 22:29:54.252   722   722 D ZenLog  : set_zen_mode: no_interruptions,setting
04-13 22:29:54.252   722   722 D ZenLog  : update_zen_mode: off -> no_interruptions
04-13 22:29:54.256   722   722 D ZenLog  : set_ringer_mode_internal: ZenModeHelper,i:normal->silent,e:normal->silent
04-13 22:29:54.477   722   927 D ConditionProviders: Subscribing to condition://android/countdown/1492097394314 with android.service.notification.ConditionProviderService$Provider@1d39d07f
04-13 22:29:54.477   722   927 D ZenLog  : subscribe: condition://android/countdown/1492097394314,ok
04-13 22:29:54.478   722   927 D ZenLog  : exit_condition: Condition[id=condition://android/countdown/1492097394314,summary=For one hour (until 11:29 PM),line1=For one hour,line2=Until 11:29 PM,icon=0,state=STATE_TRUE,flags=1],{android/com.android.server.notification.CountdownConditionProvider},binderCall
04-13 22:29:54.487   722   927 D ZenLog  : config: ZenModeConfig[allowCalls=false,allowMessages=false,allowFrom=anyone,allowEvents=true,sleepMode=null,sleepStart=22.0,sleepEnd=7.0,sleepNone=false,conditionComponents=null,conditionIds=null,exitCondition=Condition[id=condition://android/countdown/1492097394314,summary=For one hour (until 11:29 PM),line1=For one hour,line2=Until 11:29 PM,icon=0,state=STATE_TRUE,flags=1],exitConditionComponent=ComponentInfo{android/com.android.server.notification.CountdownConditionProvider}]
04-13 22:29:54.487   722   722 D NotificationService: handleSavePolicyFile
04-13 22:30:00.249   722   787 I ProcessStatsService: Prepared write state in 10ms
04-13 22:30:12.804   722 10551 W ProcessCpuTracker: Skipping unknown process pid 5748
04-13 22:30:12.805   722 10551 W ProcessCpuTracker: Skipping unknown process pid 5749
04-13 22:30:12.930   722 10551 W ProcessCpuTracker: Skipping unknown process pid 5750
04-13 22:30:12.931   722 10551 W ProcessCpuTracker: Skipping unknown process pid 5751
04-13 22:30:27.488   722   739 I ActivityManager: START u0 {act=android.intent.action.MAIN cat=[android.intent.category.LAUNCHER] flg=0x10008000 cmp=com.android.settings/.UsbSettings} from uid 1000 on display 0
04-13 22:30:28.249   722   738 W InputMethodManagerService: Window already focused, ignoring focus gain of: com.android.internal.view.IInputMethodClient$Stub$Proxy@3a907f30 attribute=null, token = android.os.BinderProxy@284c753e
04-13 22:30:29.109   722  1295 I ActivityManager: START u0 {act=android.intent.action.MAIN cat=[android.intent.category.LAUNCHER] flg=0x10008000 cmp=com.android.settings/.UsbSettings} from uid 1000 on display 0
04-13 22:31:10.305   722  1245 W InputMethodManagerService: Window already focused, ignoring focus gain of: com.android.internal.view.IInputMethodClient$Stub$Proxy@566f7a9 attribute=null, token = android.os.BinderProxy@284c753e
04-13 22:31:20.513   722   722 W ViewRootImpl: Dropping event due to root view being removed: MotionEvent { action=ACTION_UP, id[0]=0, x[0]=634.2619, y[0]=749.91833, toolType[0]=TOOL_TYPE_UNKNOWN, buttonState=0, metaState=0, flags=0x0, edgeFlags=0x0, pointerCount=1, historySize=0, eventTime=9120817, downTime=9120813, deviceId=0, source=0x1002 }
04-13 22:31:22.696   722  1245 W InputMethodManagerService: Window already focused, ignoring focus gain of: com.android.internal.view.IInputMethodClient$Stub$Proxy@39aae8db attribute=null, token = android.os.BinderProxy@284c753e
04-13 22:32:38.974   722   787 W ProcessCpuTracker: Skipping unknown process pid 9572
04-13 22:32:57.864   722  1244 I ActivityManager: START u0 {act=android.intent.action.MAIN cat=[android.intent.category.LAUNCHER] flg=0x10200000 cmp=com.zhihu.android/.app.ui.activity.MainActivity} from uid 0 on display 0
04-13 22:33:06.627   722  1244 I ActivityManager: START u0 {act=android.intent.action.MAIN cat=[android.intent.category.LAUNCHER] flg=0x10200000 cmp=com.zhihu.android/.app.ui.activity.MainActivity} from uid 0 on display 0
04-13 22:33:15.170   722   738 W ProcessCpuTracker: Skipping unknown process pid 18092
04-13 22:33:19.456   722   808 I WindowManager: Input event dispatching timed out sending to .  Reason: Waiting to send non-key event because the focused window has not finished processing certain input events that were delivered to it over 500.0ms ago.  Wait queue length: 2.  Wait queue head age: 6029.8ms.
04-13 22:33:19.647   722  1296 W InputManager: Input event injection from pid 2379 timed out.
04-13 22:33:21.402   722   787 I ActivityManager: Skipping duplicate ANR: ProcessRecord{1acd0c76 1847:com.zhihu.android/u0a54} Input dispatching timed out (Waiting to send non-key event because the focused window has not finished processing certain input events that were delivered to it over 500.0ms ago.  Wait queue length: 2.  Wait queue head age: 6029.8ms.)
04-13 22:33:44.284   722 23547 W ProcessCpuTracker: Skipping unknown process pid 25477
04-13 22:35:01.649   722   808 I WindowManager: Input event dispatching timed out sending to .  Reason: Waiting to send key event because the focused window has not finished processing all of the input events that were previously delivered to it.  Outbound queue length: 0.  Wait queue length: 1.
04-13 22:35:01.832   722   812 W InputManager: Input event injection from pid 2379 timed out.
04-13 22:35:02.507   722   787 I ActivityManager: Skipping duplicate ANR: ProcessRecord{1acd0c76 1847:com.zhihu.android/u0a54} Input dispatching timed out (Waiting to send key event because the focused window has not finished processing all of the input events that were previously delivered to it.  Outbound queue length: 0.  Wait queue length: 1.)
04-13 22:35:06.999   722 30841 I ActivityManager: START u0 {act=android.intent.action.MAIN cat=[android.intent.category.LAUNCHER] flg=0x10200000 cmp=com.zhihu.android/.app.ui.activity.MainActivity} from uid 0 on display 0
04-13 22:35:35.308   722  9913 W ProcessCpuTracker: Skipping unknown process pid 20454
04-13 22:35:48.144   722  1296 I ActivityManager: START u0 {act=android.intent.action.MAIN cat=[android.intent.category.LAUNCHER] flg=0x10008000 cmp=com.android.settings/.UsbSettings} from uid 1000 on display 0
04-13 22:35:48.522   722 10551 W InputMethodManagerService: Window already focused, ignoring focus gain of: com.android.internal.view.IInputMethodClient$Stub$Proxy@1b132554 attribute=null, token = android.os.BinderProxy@284c753e
04-13 22:36:23.912   722  9913 W ProcessCpuTracker: Skipping unknown process pid 32657
04-13 22:36:23.915   722  9913 W ProcessCpuTracker: Skipping unknown process pid 32665
04-13 22:37:18.888   722  1252 I ActivityManager: START u0 {act=android.intent.action.MAIN cat=[android.intent.category.LAUNCHER] flg=0x10200000 cmp=com.zhihu.android/.app.ui.activity.MainActivity} from uid 0 on display 0
04-13 22:37:24.373   722   927 I ActivityManager: START u0 {act=android.intent.action.MAIN cat=[android.intent.category.LAUNCHER] flg=0x10200000 cmp=com.zhihu.android/.app.ui.activity.MainActivity} from uid 0 on display 0
04-13 22:37:28.838   722   808 I ActivityManager: START u0 {act=android.intent.action.MAIN cat=[android.intent.category.LAUNCHER] flg=0x10000000 cmp=com.android.browser/.BrowserActivity sel=act=android.intent.action.MAIN cat=[android.intent.category.APP_BROWSER]}} from uid 1000 on display 0
04-13 22:37:40.736   722  1244 W InputMethodManagerService: Window already focused, ignoring focus gain of: com.android.internal.view.IInputMethodClient$Stub$Proxy@175fb016 attribute=null, token = android.os.BinderProxy@284c753e
04-13 22:38:06.290   722   739 I ActivityManager: START u0 {act=android.intent.action.MAIN cat=[android.intent.category.LAUNCHER] flg=0x10200000 cmp=com.zhihu.android/.app.ui.activity.MainActivity} from uid 0 on display 0
04-13 22:38:30.095   722   812 I ActivityManager: START u0 {act=android.intent.action.MAIN cat=[android.intent.category.LAUNCHER] flg=0x10200000 cmp=com.zhihu.android/.app.ui.activity.MainActivity} from uid 0 on display 0
04-13 22:38:39.887   722  1089 I ActivityManager: START u0 {act=android.intent.action.MAIN cat=[android.intent.category.LAUNCHER] flg=0x10200000 cmp=com.zhihu.android/.app.ui.activity.MainActivity} from uid 0 on display 0
04-13 22:38:46.861   722  1239 I ActivityManager: START u0 {act=android.intent.action.MAIN cat=[android.intent.category.LAUNCHER] flg=0x10200000 cmp=com.zhihu.android/.app.ui.activity.MainActivity} from uid 0 on display 0
04-13 22:38:51.990   722   739 I ActivityManager: START u0 {act=android.intent.action.MAIN cat=[android.intent.category.LAUNCHER] flg=0x10200000 cmp=com.zhihu.android/.app.ui.activity.MainActivity} from uid 0 on display 0
04-13 22:38:58.030   722   808 I WindowManager: Input event dispatching timed out sending to .  Reason: Waiting to send non-key event because the touched window has not finished processing certain input events that were delivered to it over 500.0ms ago.  Wait queue length: 10.  Wait queue head age: 6114.7ms.
04-13 22:38:58.232   722  1252 W InputManager: Input event injection from pid 2379 timed out.
04-13 22:38:58.234   722  1239 W InputManager: Input event injection from pid 2379 failed.
04-13 22:38:58.236   722   927 W InputManager: Input event injection from pid 2379 failed.
04-13 22:38:58.237   722  1295 W InputManager: Input event injection from pid 2379 failed.
04-13 22:38:58.244   722   739 W InputManager: Input event injection from pid 2379 failed.
04-13 22:38:58.247   722  1295 W InputManager: Input event injection from pid 2379 failed.
04-13 22:38:58.249   722   812 W InputManager: Input event injection from pid 2379 failed.
04-13 22:38:58.251   722  1252 W InputManager: Input event injection from pid 2379 failed.
04-13 22:38:58.260   722   787 I ActivityManager: Skipping duplicate ANR: ProcessRecord{1acd0c76 1847:com.zhihu.android/u0a54} Input dispatching timed out (Waiting to send non-key event because the touched window has not finished processing certain input events that were delivered to it over 500.0ms ago.  Wait queue length: 10.  Wait queue head age: 6114.7ms.)
04-13 22:39:13.187   722 11468 I ActivityManager: START u0 {act=android.intent.action.MAIN cat=[android.intent.category.LAUNCHER] flg=0x10200000 cmp=com.zhihu.android/.app.ui.activity.MainActivity} from uid 0 on display 0
04-13 22:39:15.297   722   812 I ActivityManager: START u0 {act=android.intent.action.MAIN cat=[android.intent.category.LAUNCHER] flg=0x10200000 cmp=com.zhihu.android/.app.ui.activity.MainActivity} from uid 0 on display 0
04-13 22:39:22.753   722   739 I ActivityManager: START u0 {act=android.intent.action.MAIN cat=[android.intent.category.LAUNCHER] flg=0x10200000 cmp=com.zhihu.android/.app.ui.activity.MainActivity} from uid 0 on display 0
04-13 22:39:38.031   722   808 I WindowManager: Input event dispatching timed out sending to .  Reason: Waiting to send key event because the focused window has not finished processing all of the input events that were previously delivered to it.  Outbound queue length: 0.  Wait queue length: 1.
04-13 22:39:38.238   722   927 W InputManager: Input event injection from pid 2379 timed out.
04-13 22:39:39.006   722   787 I ActivityManager: Skipping duplicate ANR: ProcessRecord{1acd0c76 1847:com.zhihu.android/u0a54} Input dispatching timed out (Waiting to send key event because the focused window has not finished processing all of the input events that were previously delivered to it.  Outbound queue length: 0.  Wait queue length: 1.)
04-13 22:40:22.059   722   808 I WindowManager: Input event dispatching timed out sending to .  Reason: Waiting to send key event because the focused window has not finished processing all of the input events that were previously delivered to it.  Outbound queue length: 0.  Wait queue length: 1.
04-13 22:40:22.259   722  1295 W InputManager: Input event injection from pid 2379 timed out.
04-13 22:40:22.295   722   787 I ActivityManager: Skipping duplicate ANR: ProcessRecord{1acd0c76 1847:com.zhihu.android/u0a54} Input dispatching timed out (Waiting to send key event because the focused window has not finished processing all of the input events that were previously delivered to it.  Outbound queue length: 0.  Wait queue length: 1.)
04-13 22:40:42.657   722   722 W ViewRootImpl: Dropping event due to no window focus: KeyEvent { action=ACTION_DOWN, keyCode=KEYCODE_TAB, scanCode=0, metaState=0, flags=0x8, repeatCount=0, eventTime=9682876, downTime=9682876, deviceId=-1, source=0x101 }
04-13 22:40:42.659   722   722 W ViewRootImpl: Cancelling event due to no window focus: KeyEvent { action=ACTION_UP, keyCode=KEYCODE_TAB, scanCode=0, metaState=0, flags=0x28, repeatCount=0, eventTime=9682878, downTime=9682878, deviceId=-1, source=0x101 }
04-13 22:40:42.660   722   722 W ViewRootImpl: Cancelling event due to no window focus: KeyEvent { action=ACTION_UP, keyCode=KEYCODE_TAB, scanCode=0, metaState=0, flags=0x28, repeatCount=0, eventTime=9682878, downTime=9682878, deviceId=-1, source=0x101 }
04-13 22:40:42.660   722   722 W ViewRootImpl: Cancelling event due to no window focus: KeyEvent { action=ACTION_UP, keyCode=KEYCODE_TAB, scanCode=0, metaState=0, flags=0x28, repeatCount=0, eventTime=9682878, downTime=9682878, deviceId=-1, source=0x101 }
04-13 22:40:42.661   722   722 W ViewRootImpl: Cancelling event due to no window focus: KeyEvent { action=ACTION_UP, keyCode=KEYCODE_TAB, scanCode=0, metaState=0, flags=0x28, repeatCount=0, eventTime=9682878, downTime=9682878, deviceId=-1, source=0x101 }
04-13 22:40:42.661   722   722 W ViewRootImpl: Cancelling event due to no window focus: KeyEvent { action=ACTION_UP, keyCode=KEYCODE_TAB, scanCode=0, metaState=0, flags=0x28, repeatCount=0, eventTime=9682878, downTime=9682878, deviceId=-1, source=0x101 }
04-13 22:40:42.662   722   722 W ViewRootImpl: Cancelling event due to no window focus: KeyEvent { action=ACTION_UP, keyCode=KEYCODE_TAB, scanCode=0, metaState=0, flags=0x28, repeatCount=0, eventTime=9682878, downTime=9682878, deviceId=-1, source=0x101 }
04-13 22:40:42.712   722   722 W ViewRootImpl: Cancelling event due to no window focus: KeyEvent { action=ACTION_UP, keyCode=KEYCODE_TAB, scanCode=0, metaState=0, flags=0x80000028, repeatCount=0, eventTime=9682878, downTime=9682878, deviceId=-1, source=0x101 }
04-13 22:40:42.713   722   722 W ViewRootImpl: Cancelling event due to no window focus: KeyEvent { action=ACTION_UP, keyCode=KEYCODE_TAB, scanCode=0, metaState=0, flags=0x80000028, repeatCount=0, eventTime=9682878, downTime=9682878, deviceId=-1, source=0x101 }
04-13 22:40:42.713   722   722 W ViewRootImpl: Cancelling event due to no window focus: KeyEvent { action=ACTION_UP, keyCode=KEYCODE_TAB, scanCode=0, metaState=0, flags=0x80000028, repeatCount=0, eventTime=9682878, downTime=9682878, deviceId=-1, source=0x101 }
04-13 22:40:52.715   722   722 W ViewRootImpl: Dropping event due to root view being removed: MotionEvent { action=ACTION_UP, id[0]=0, x[0]=1044.5159, y[0]=987.38574, toolType[0]=TOOL_TYPE_UNKNOWN, buttonState=0, metaState=0, flags=0x0, edgeFlags=0x0, pointerCount=1, historySize=0, eventTime=9693040, downTime=9693001, deviceId=0, source=0x1002 }
04-13 22:40:52.763   722  1295 W InputMethodManagerService: Window already focused, ignoring focus gain of: com.android.internal.view.IInputMethodClient$Stub$Proxy@6984614 attribute=null, token = android.os.BinderProxy@284c753e
04-13 22:40:56.549   867   867 W ViewRootImpl: Dropping event due to no window focus: MotionEvent { action=ACTION_MOVE, id[0]=0, x[0]=3.0, y[0]=1.0, toolType[0]=TOOL_TYPE_UNKNOWN, buttonState=0, metaState=0, flags=0x0, edgeFlags=0x0, pointerCount=1, historySize=9, eventTime=9696185, downTime=-1, deviceId=0, source=0x10004 }
04-13 22:40:56.695   867   867 W ViewRootImpl: Dropping event due to no window focus: MotionEvent { action=ACTION_DOWN, id[0]=0, x[0]=0.0, y[0]=0.0, toolType[0]=TOOL_TYPE_UNKNOWN, buttonState=0, metaState=0, flags=0x80000000, edgeFlags=0x0, pointerCount=1, historySize=0, eventTime=9696186, downTime=9696172, deviceId=0, source=0x10004 }
04-13 22:40:56.783   867   867 W ViewRootImpl: Cancelling event due to no window focus: MotionEvent { action=ACTION_CANCEL, id[0]=0, x[0]=0.0, y[0]=0.0, toolType[0]=TOOL_TYPE_UNKNOWN, buttonState=0, metaState=0, flags=0x0, edgeFlags=0x0, pointerCount=1, historySize=0, eventTime=9696187, downTime=9696172, deviceId=0, source=0x10004 }
04-13 22:40:56.784   867   867 W ViewRootImpl: Cancelling event due to no window focus: MotionEvent { action=ACTION_CANCEL, id[0]=0, x[0]=0.0, y[0]=0.0, toolType[0]=TOOL_TYPE_UNKNOWN, buttonState=0, metaState=0, flags=0x0, edgeFlags=0x0, pointerCount=1, historySize=0, eventTime=9696187, downTime=9696172, deviceId=0, source=0x10004 }
04-13 22:40:56.865   867   867 W ViewRootImpl: Cancelling event due to no window focus: MotionEvent { action=ACTION_CANCEL, id[0]=0, x[0]=0.0, y[0]=0.0, toolType[0]=TOOL_TYPE_UNKNOWN, buttonState=0, metaState=0, flags=0x0, edgeFlags=0x0, pointerCount=1, historySize=0, eventTime=9696187, downTime=9696172, deviceId=0, source=0x10004 }
04-13 22:40:56.866   867   867 W ViewRootImpl: Cancelling event due to no window focus: MotionEvent { action=ACTION_CANCEL, id[0]=0, x[0]=0.0, y[0]=0.0, toolType[0]=TOOL_TYPE_UNKNOWN, buttonState=0, metaState=0, flags=0x0, edgeFlags=0x0, pointerCount=1, historySize=0, eventTime=9696187, downTime=9696172, deviceId=0, source=0x10004 }
04-13 22:40:56.867   867   867 W ViewRootImpl: Cancelling event due to no window focus: MotionEvent { action=ACTION_CANCEL, id[0]=0, x[0]=0.0, y[0]=0.0, toolType[0]=TOOL_TYPE_UNKNOWN, buttonState=0, metaState=0, flags=0x0, edgeFlags=0x0, pointerCount=1, historySize=0, eventTime=9696187, downTime=9696172, deviceId=0, source=0x10004 }
04-13 22:40:56.868   867   867 W ViewRootImpl: Cancelling event due to no window focus: MotionEvent { action=ACTION_CANCEL, id[0]=0, x[0]=0.0, y[0]=0.0, toolType[0]=TOOL_TYPE_UNKNOWN, buttonState=0, metaState=0, flags=0x0, edgeFlags=0x0, pointerCount=1, historySize=0, eventTime=9696187, downTime=9696172, deviceId=0, source=0x10004 }
04-13 22:40:56.985   867   867 W ViewRootImpl: Cancelling event due to no window focus: MotionEvent { action=ACTION_CANCEL, id[0]=0, x[0]=0.0, y[0]=0.0, toolType[0]=TOOL_TYPE_UNKNOWN, buttonState=0, metaState=0, flags=0x80000000, edgeFlags=0x0, pointerCount=1, historySize=0, eventTime=9696187, downTime=9696172, deviceId=0, source=0x10004 }
04-13 22:40:57.071   867   867 W ViewRootImpl: Dropping event due to no window focus: KeyEvent { action=ACTION_DOWN, keyCode=KEYCODE_R, scanCode=0, metaState=0, flags=0x8, repeatCount=0, eventTime=9697227, downTime=9697227, deviceId=-1, source=0x101 }
04-13 22:40:57.299   867   867 W ViewRootImpl: Cancelling event due to no window focus: KeyEvent { action=ACTION_UP, keyCode=KEYCODE_R, scanCode=0, metaState=0, flags=0x28, repeatCount=0, eventTime=9697651, downTime=9697651, deviceId=-1, source=0x101 }
04-13 22:40:57.299   867   867 W ViewRootImpl: Cancelling event due to no window focus: KeyEvent { action=ACTION_UP, keyCode=KEYCODE_R, scanCode=0, metaState=0, flags=0x28, repeatCount=0, eventTime=9697651, downTime=9697651, deviceId=-1, source=0x101 }
04-13 22:40:57.300   867   867 W ViewRootImpl: Cancelling event due to no window focus: KeyEvent { action=ACTION_UP, keyCode=KEYCODE_R, scanCode=0, metaState=0, flags=0x28, repeatCount=0, eventTime=9697651, downTime=9697651, deviceId=-1, source=0x101 }
04-13 22:40:57.300   867   867 W ViewRootImpl: Cancelling event due to no window focus: KeyEvent { action=ACTION_UP, keyCode=KEYCODE_R, scanCode=0, metaState=0, flags=0x28, repeatCount=0, eventTime=9697651, downTime=9697651, deviceId=-1, source=0x101 }
04-13 22:40:57.301   867   867 W ViewRootImpl: Cancelling event due to no window focus: KeyEvent { action=ACTION_UP, keyCode=KEYCODE_R, scanCode=0, metaState=0, flags=0x28, repeatCount=0, eventTime=9697651, downTime=9697651, deviceId=-1, source=0x101 }
04-13 22:40:57.301   867   867 W ViewRootImpl: Cancelling event due to no window focus: KeyEvent { action=ACTION_UP, keyCode=KEYCODE_R, scanCode=0, metaState=0, flags=0x28, repeatCount=0, eventTime=9697651, downTime=9697651, deviceId=-1, source=0x101 }
04-13 22:40:57.431   867   867 W ViewRootImpl: Cancelling event due to no window focus: KeyEvent { action=ACTION_UP, keyCode=KEYCODE_R, scanCode=0, metaState=0, flags=0x80000028, repeatCount=0, eventTime=9697651, downTime=9697651, deviceId=-1, source=0x101 }
04-13 22:40:57.432   867   867 W ViewRootImpl: Cancelling event due to no window focus: KeyEvent { action=ACTION_UP, keyCode=KEYCODE_R, scanCode=0, metaState=0, flags=0x80000028, repeatCount=0, eventTime=9697651, downTime=9697651, deviceId=-1, source=0x101 }
04-13 22:40:57.432   867   867 W ViewRootImpl: Cancelling event due to no window focus: KeyEvent { action=ACTION_UP, keyCode=KEYCODE_R, scanCode=0, metaState=0, flags=0x80000028, repeatCount=0, eventTime=9697651, downTime=9697651, deviceId=-1, source=0x101 }
04-13 22:40:58.338   722 11468 W InputMethodManagerService: Window already focused, ignoring focus gain of: com.android.internal.view.IInputMethodClient$Stub$Proxy@3ba81ebd attribute=null, token = android.os.BinderProxy@284c753e
04-13 22:41:02.627  1847  1847 W ViewRootImpl: Dropping event due to no window focus: KeyEvent { action=ACTION_DOWN, keyCode=KEYCODE_MENU, scanCode=0, metaState=0, flags=0x8, repeatCount=0, eventTime=9701735, downTime=9701735, deviceId=-1, source=0x101 }
04-13 22:41:02.628  1847  1847 W ViewRootImpl: Cancelling event due to no window focus: KeyEvent { action=ACTION_UP, keyCode=KEYCODE_MENU, scanCode=0, metaState=0, flags=0x28, repeatCount=0, eventTime=9701744, downTime=9701744, deviceId=-1, source=0x101 }
04-13 22:41:02.628  1847  1847 W ViewRootImpl: Cancelling event due to no window focus: KeyEvent { action=ACTION_UP, keyCode=KEYCODE_MENU, scanCode=0, metaState=0, flags=0x28, repeatCount=0, eventTime=9701744, downTime=9701744, deviceId=-1, source=0x101 }
04-13 22:41:02.629  1847  1847 W ViewRootImpl: Cancelling event due to no window focus: KeyEvent { action=ACTION_UP, keyCode=KEYCODE_MENU, scanCode=0, metaState=0, flags=0x28, repeatCount=0, eventTime=9701744, downTime=9701744, deviceId=-1, source=0x101 }
04-13 22:41:02.659  1847  1847 W ViewRootImpl: Cancelling event due to no window focus: KeyEvent { action=ACTION_UP, keyCode=KEYCODE_MENU, scanCode=0, metaState=0, flags=0x28, repeatCount=0, eventTime=9701744, downTime=9701744, deviceId=-1, source=0x101 }
04-13 22:41:02.660  1847  1847 W ViewRootImpl: Cancelling event due to no window focus: KeyEvent { action=ACTION_UP, keyCode=KEYCODE_MENU, scanCode=0, metaState=0, flags=0x28, repeatCount=0, eventTime=9701744, downTime=9701744, deviceId=-1, source=0x101 }
04-13 22:41:02.660  1847  1847 W ViewRootImpl: Cancelling event due to no window focus: KeyEvent { action=ACTION_UP, keyCode=KEYCODE_MENU, scanCode=0, metaState=0, flags=0x28, repeatCount=0, eventTime=9701744, downTime=9701744, deviceId=-1, source=0x101 }
04-13 22:41:04.685   722  1252 W InputMethodManagerService: Window already focused, ignoring focus gain of: com.android.internal.view.IInputMethodClient$Stub$Proxy@2320dcb2 attribute=null, token = android.os.BinderProxy@284c753e
04-13 22:41:12.840   722   808 I WindowManager: Input event dispatching timed out sending to .  Reason: Waiting to send key event because the focused window has not finished processing all of the input events that were previously delivered to it.  Outbound queue length: 0.  Wait queue length: 10.
04-13 22:41:13.451   722  1089 W InputManager: Input event injection from pid 2379 timed out.
04-13 22:41:13.682   722   787 I ActivityManager: Skipping duplicate ANR: ProcessRecord{1acd0c76 1847:com.zhihu.android/u0a54} Input dispatching timed out (Waiting to send key event because the focused window has not finished processing all of the input events that were previously delivered to it.  Outbound queue length: 0.  Wait queue length: 10.)
04-13 22:41:34.527   722 11468 W ProcessCpuTracker: Skipping unknown process pid 12917
04-13 22:41:55.000   722   808 I WindowManager: Input event dispatching timed out sending to .  Reason: Waiting to send non-key event because the focused window has not finished processing certain input events that were delivered to it over 500.0ms ago.  Wait queue length: 6.  Wait queue head age: 6029.2ms.
04-13 22:41:55.142   722 23547 W InputManager: Input event injection from pid 2379 timed out.
04-13 22:41:56.551   722   787 I ActivityManager: Skipping duplicate ANR: ProcessRecord{1acd0c76 1847:com.zhihu.android/u0a54} Input dispatching timed out (Waiting to send non-key event because the focused window has not finished processing certain input events that were delivered to it over 500.0ms ago.  Wait queue length: 6.  Wait queue head age: 6029.2ms.)
04-13 22:42:00.625   722   808 I WindowManager: Input event dispatching timed out sending to .  Reason: Waiting to send key event because the focused window has not finished processing all of the input events that were previously delivered to it.  Outbound queue length: 0.  Wait queue length: 9.
04-13 22:42:00.830   722 11468 W InputManager: Input event injection from pid 2379 timed out.
04-13 22:42:00.911   722   787 I ActivityManager: Skipping duplicate ANR: ProcessRecord{1acd0c76 1847:com.zhihu.android/u0a54} Input dispatching timed out (Waiting to send key event because the focused window has not finished processing all of the input events that were previously delivered to it.  Outbound queue length: 0.  Wait queue length: 9.)
04-13 22:42:16.225   722 23547 W ProcessCpuTracker: Skipping unknown process pid 22636
04-13 22:42:44.507   722 10551 W ProcessCpuTracker: Skipping unknown process pid 30033
04-13 22:42:52.856   722 10551 I ActivityManager: START u0 {act=com.android.systemui.recents.SHOW_RECENTS flg=0x10804000 cmp=com.android.systemui/.recents.RecentsActivity} from uid 10013 on display 0
04-13 22:42:53.659   722  1089 I ActivityManager: START u0 {act=android.intent.action.MAIN cat=[android.intent.category.LAUNCHER] flg=0x10200000 cmp=com.zhihu.android/.app.ui.activity.MainActivity} from uid 0 on display 0
04-13 22:43:01.773   722  9913 I ActivityManager: START u0 {act=android.intent.action.MAIN cat=[android.intent.category.LAUNCHER] flg=0x10200000 cmp=com.zhihu.android/.app.ui.activity.MainActivity} from uid 0 on display 0
04-13 22:43:03.143  1847  1847 W ViewRootImpl: Cancelling event due to no window focus: KeyEvent { action=ACTION_UP, keyCode=KEYCODE_DPAD_UP, scanCode=0, metaState=0, flags=0x80000028, repeatCount=0, eventTime=9823383, downTime=9823383, deviceId=-1, source=0x101 }
04-13 22:43:03.144  1847  1847 W ViewRootImpl: Cancelling event due to no window focus: KeyEvent { action=ACTION_UP, keyCode=KEYCODE_DPAD_UP, scanCode=0, metaState=0, flags=0x80000028, repeatCount=0, eventTime=9823383, downTime=9823383, deviceId=-1, source=0x101 }
04-13 22:43:03.144  1847  1847 W ViewRootImpl: Cancelling event due to no window focus: KeyEvent { action=ACTION_UP, keyCode=KEYCODE_DPAD_UP, scanCode=0, metaState=0, flags=0x80000028, repeatCount=0, eventTime=9823383, downTime=9823383, deviceId=-1, source=0x101 }
04-13 22:43:03.153  1847  1847 W ViewRootImpl: Cancelling event due to no window focus: KeyEvent { action=ACTION_UP, keyCode=KEYCODE_DPAD_UP, scanCode=0, metaState=0, flags=0x80000028, repeatCount=0, eventTime=9823383, downTime=9823383, deviceId=-1, source=0x101 }
04-13 22:43:03.154  1847  1847 W ViewRootImpl: Cancelling event due to no window focus: KeyEvent { action=ACTION_UP, keyCode=KEYCODE_DPAD_UP, scanCode=0, metaState=0, flags=0x80000028, repeatCount=0, eventTime=9823383, downTime=9823383, deviceId=-1, source=0x101 }
04-13 22:43:03.155  1847  1847 W ViewRootImpl: Cancelling event due to no window focus: KeyEvent { action=ACTION_UP, keyCode=KEYCODE_DPAD_UP, scanCode=0, metaState=0, flags=0x80000028, repeatCount=0, eventTime=9823383, downTime=9823383, deviceId=-1, source=0x101 }
04-13 22:43:03.304   722   738 W InputMethodManagerService: Window already focused, ignoring focus gain of: com.android.internal.view.IInputMethodClient$Stub$Proxy@224516f1 attribute=null, token = android.os.BinderProxy@284c753e
04-13 22:43:20.755   722  1252 I ActivityManager: START u0 {act=android.intent.action.MAIN cat=[android.intent.category.LAUNCHER] flg=0x10200000 cmp=com.zhihu.android/.app.ui.activity.MainActivity} from uid 0 on display 0
04-13 22:43:27.530   722   808 I WindowManager: Input event dispatching timed out sending to .  Reason: Waiting to send key event because the focused window has not finished processing all of the input events that were previously delivered to it.  Outbound queue length: 0.  Wait queue length: 10.
04-13 22:43:27.694   722  1089 W InputManager: Input event injection from pid 2379 timed out.
04-13 22:43:27.831   722   787 I ActivityManager: Skipping duplicate ANR: ProcessRecord{1acd0c76 1847:com.zhihu.android/u0a54} Input dispatching timed out (Waiting to send key event because the focused window has not finished processing all of the input events that were previously delivered to it.  Outbound queue length: 0.  Wait queue length: 10.)
04-13 22:43:39.757   722   808 I WindowManager: Input event dispatching timed out sending to .  Reason: Waiting to send key event because the focused window has not finished processing all of the input events that were previously delivered to it.  Outbound queue length: 0.  Wait queue length: 12.
04-13 22:43:39.876   722   739 W InputManager: Input event injection from pid 2379 timed out.
04-13 22:43:41.180   722   787 I ActivityManager: Skipping duplicate ANR: ProcessRecord{1acd0c76 1847:com.zhihu.android/u0a54} Input dispatching timed out (Waiting to send key event because the focused window has not finished processing all of the input events that were previously delivered to it.  Outbound queue length: 0.  Wait queue length: 12.)
04-13 22:43:50.018   722   808 I WindowManager: Input event dispatching timed out sending to .  Reason: Waiting to send key event because the focused window has not finished processing all of the input events that were previously delivered to it.  Outbound queue length: 0.  Wait queue length: 1.
04-13 22:43:50.149   722   787 I ActivityManager: Skipping duplicate ANR: ProcessRecord{1acd0c76 1847:com.zhihu.android/u0a54} Input dispatching timed out (Waiting to send key event because the focused window has not finished processing all of the input events that were previously delivered to it.  Outbound queue length: 0.  Wait queue length: 1.)
04-13 22:43:50.150   722  9913 W InputManager: Input event injection from pid 2379 timed out.
04-13 22:43:56.158   722   808 I WindowManager: Input event dispatching timed out sending to .  Reason: Waiting to send key event because the focused window has not finished processing all of the input events that were previously delivered to it.  Outbound queue length: 0.  Wait queue length: 2.
04-13 22:43:56.313   722   787 I ActivityManager: Skipping duplicate ANR: ProcessRecord{1acd0c76 1847:com.zhihu.android/u0a54} Input dispatching timed out (Waiting to send key event because the focused window has not finished processing all of the input events that were previously delivered to it.  Outbound queue length: 0.  Wait queue length: 2.)
04-13 22:43:56.313   722   739 W InputManager: Input event injection from pid 2379 timed out.
04-13 22:44:03.964   722  9913 W ProcessCpuTracker: Skipping unknown process pid 17633
04-13 22:44:24.515   722  1089 W ProcessCpuTracker: Skipping unknown process pid 22650
04-13 22:44:24.516   722  1089 W ProcessCpuTracker: Skipping unknown process pid 22651
04-13 22:44:24.517   722  1089 W ProcessCpuTracker: Skipping unknown process pid 22652
04-13 22:44:24.517   722  1089 W ProcessCpuTracker: Skipping unknown process pid 22653
04-13 22:45:38.685   722   812 I ActivityManager: START u0 {act=android.intent.action.MAIN cat=[android.intent.category.LAUNCHER] flg=0x10200000 cmp=com.zhihu.android/.app.ui.activity.MainActivity} from uid 0 on display 0
04-13 22:46:04.744   722  1244 W ProcessCpuTracker: Skipping unknown process pid 15279
04-13 22:46:25.325   722   812 I ActivityManager: START u0 {act=android.intent.action.MAIN cat=[android.intent.category.LAUNCHER] flg=0x10200000 cmp=com.zhihu.android/.app.ui.activity.MainActivity} from uid 0 on display 0
04-13 22:47:40.918   722 10551 I ActivityManager: START u0 {act=android.intent.action.MAIN cat=[android.intent.category.LAUNCHER] flg=0x10200000 cmp=com.zhihu.android/.app.ui.activity.MainActivity} from uid 0 on display 0
04-13 22:47:44.757   722  1252 W ProcessCpuTracker: Skipping unknown process pid 7806
04-13 22:47:44.830   722  1252 W ProcessCpuTracker: Skipping unknown process pid 7807
04-13 22:47:44.831   722  1252 W ProcessCpuTracker: Skipping unknown process pid 7808
04-13 22:47:44.832   722  1252 W ProcessCpuTracker: Skipping unknown process pid 7809
04-13 22:48:29.596   722  9913 W ProcessCpuTracker: Skipping unknown process pid 18745
04-13 22:48:46.953   722  9913 W InputMethodManagerService: Window already focused, ignoring focus gain of: com.android.internal.view.IInputMethodClient$Stub$Proxy@33580436 attribute=null, token = android.os.BinderProxy@284c753e
04-13 22:48:57.039   722   808 I ActivityManager: START u0 {act=android.intent.action.MAIN cat=[android.intent.category.LAUNCHER] flg=0x10000000 cmp=com.android.calendar/.AllInOneActivity sel=act=android.intent.action.MAIN cat=[android.intent.category.APP_CALENDAR]}} from uid 1000 on display 0
04-13 22:49:13.501   722   812 I ActivityManager: START u0 {act=android.intent.action.MAIN cat=[android.intent.category.LAUNCHER] flg=0x10200000 cmp=com.zhihu.android/.app.ui.activity.MainActivity} from uid 0 on display 0
04-13 22:49:41.105  1847  1847 W ViewRootImpl: Dropping event due to no window focus: MotionEvent { action=ACTION_MOVE, id[0]=0, x[0]=3.0, y[0]=-4.0, toolType[0]=TOOL_TYPE_UNKNOWN, buttonState=0, metaState=0, flags=0x0, edgeFlags=0x0, pointerCount=1, historySize=11, eventTime=10219650, downTime=-1, deviceId=0, source=0x10004 }
04-13 22:49:41.111  1847  1847 W ViewRootImpl: Dropping event due to no window focus: MotionEvent { action=ACTION_DOWN, id[0]=0, x[0]=0.0, y[0]=0.0, toolType[0]=TOOL_TYPE_UNKNOWN, buttonState=0, metaState=0, flags=0x80000000, edgeFlags=0x0, pointerCount=1, historySize=0, eventTime=10219651, downTime=10219574, deviceId=0, source=0x10004 }
04-13 22:49:41.124  1847  1847 W ViewRootImpl: Cancelling event due to no window focus: MotionEvent { action=ACTION_CANCEL, id[0]=0, x[0]=0.0, y[0]=0.0, toolType[0]=TOOL_TYPE_UNKNOWN, buttonState=0, metaState=0, flags=0x0, edgeFlags=0x0, pointerCount=1, historySize=0, eventTime=10219652, downTime=10219574, deviceId=0, source=0x10004 }
04-13 22:49:41.125  1847  1847 W ViewRootImpl: Cancelling event due to no window focus: MotionEvent { action=ACTION_CANCEL, id[0]=0, x[0]=0.0, y[0]=0.0, toolType[0]=TOOL_TYPE_UNKNOWN, buttonState=0, metaState=0, flags=0x0, edgeFlags=0x0, pointerCount=1, historySize=0, eventTime=10219652, downTime=10219574, deviceId=0, source=0x10004 }
04-13 22:49:41.126  1847  1847 W ViewRootImpl: Cancelling event due to no window focus: MotionEvent { action=ACTION_CANCEL, id[0]=0, x[0]=0.0, y[0]=0.0, toolType[0]=TOOL_TYPE_UNKNOWN, buttonState=0, metaState=0, flags=0x0, edgeFlags=0x0, pointerCount=1, historySize=0, eventTime=10219652, downTime=10219574, deviceId=0, source=0x10004 }
04-13 22:49:41.138  1847  1847 W ViewRootImpl: Cancelling event due to no window focus: MotionEvent { action=ACTION_CANCEL, id[0]=0, x[0]=0.0, y[0]=0.0, toolType[0]=TOOL_TYPE_UNKNOWN, buttonState=0, metaState=0, flags=0x0, edgeFlags=0x0, pointerCount=1, historySize=0, eventTime=10219652, downTime=10219574, deviceId=0, source=0x10004 }
04-13 22:49:41.141  1847  1847 W ViewRootImpl: Cancelling event due to no window focus: MotionEvent { action=ACTION_CANCEL, id[0]=0, x[0]=0.0, y[0]=0.0, toolType[0]=TOOL_TYPE_UNKNOWN, buttonState=0, metaState=0, flags=0x0, edgeFlags=0x0, pointerCount=1, historySize=0, eventTime=10219652, downTime=10219574, deviceId=0, source=0x10004 }
04-13 22:49:41.142  1847  1847 W ViewRootImpl: Cancelling event due to no window focus: MotionEvent { action=ACTION_CANCEL, id[0]=0, x[0]=0.0, y[0]=0.0, toolType[0]=TOOL_TYPE_UNKNOWN, buttonState=0, metaState=0, flags=0x0, edgeFlags=0x0, pointerCount=1, historySize=0, eventTime=10219652, downTime=10219574, deviceId=0, source=0x10004 }
04-13 22:49:41.177  1847  1847 W ViewRootImpl: Cancelling event due to no window focus: MotionEvent { action=ACTION_CANCEL, id[0]=0, x[0]=0.0, y[0]=0.0, toolType[0]=TOOL_TYPE_UNKNOWN, buttonState=0, metaState=0, flags=0x80000000, edgeFlags=0x0, pointerCount=1, historySize=0, eventTime=10219652, downTime=10219574, deviceId=0, source=0x10004 }
04-13 22:49:43.504   867   867 W ViewRootImpl: Dropping event due to no window focus: MotionEvent { action=ACTION_MOVE, id[0]=0, x[0]=1.0, y[0]=1.0, toolType[0]=TOOL_TYPE_UNKNOWN, buttonState=0, metaState=0, flags=0x0, edgeFlags=0x0, pointerCount=1, historySize=9, eventTime=10221731, downTime=-1, deviceId=0, source=0x10004 }
04-13 22:49:43.509   867   867 W ViewRootImpl: Dropping event due to no window focus: KeyEvent { action=ACTION_DOWN, keyCode=KEYCODE_EQUALS, scanCode=0, metaState=0, flags=0x8, repeatCount=0, eventTime=10221734, downTime=10221734, deviceId=-1, source=0x101 }
04-13 22:49:43.558   867   867 W ViewRootImpl: Cancelling event due to no window focus: KeyEvent { action=ACTION_UP, keyCode=KEYCODE_EQUALS, scanCode=0, metaState=0, flags=0x28, repeatCount=0, eventTime=10224089, downTime=10224089, deviceId=-1, source=0x101 }
04-13 22:49:43.559   867   867 W ViewRootImpl: Cancelling event due to no window focus: KeyEvent { action=ACTION_UP, keyCode=KEYCODE_EQUALS, scanCode=0, metaState=0, flags=0x28, repeatCount=0, eventTime=10224089, downTime=10224089, deviceId=-1, source=0x101 }
04-13 22:49:43.559   867   867 W ViewRootImpl: Cancelling event due to no window focus: KeyEvent { action=ACTION_UP, keyCode=KEYCODE_EQUALS, scanCode=0, metaState=0, flags=0x28, repeatCount=0, eventTime=10224089, downTime=10224089, deviceId=-1, source=0x101 }
04-13 22:49:43.560   867   867 W ViewRootImpl: Cancelling event due to no window focus: KeyEvent { action=ACTION_UP, keyCode=KEYCODE_EQUALS, scanCode=0, metaState=0, flags=0x28, repeatCount=0, eventTime=10224089, downTime=10224089, deviceId=-1, source=0x101 }
04-13 22:49:43.560   867   867 W ViewRootImpl: Cancelling event due to no window focus: KeyEvent { action=ACTION_UP, keyCode=KEYCODE_EQUALS, scanCode=0, metaState=0, flags=0x28, repeatCount=0, eventTime=10224089, downTime=10224089, deviceId=-1, source=0x101 }
04-13 22:49:43.561   867   867 W ViewRootImpl: Cancelling event due to no window focus: KeyEvent { action=ACTION_UP, keyCode=KEYCODE_EQUALS, scanCode=0, metaState=0, flags=0x28, repeatCount=0, eventTime=10224089, downTime=10224089, deviceId=-1, source=0x101 }
04-13 22:49:43.566   867   867 W ViewRootImpl: Cancelling event due to no window focus: KeyEvent { action=ACTION_UP, keyCode=KEYCODE_EQUALS, scanCode=0, metaState=0, flags=0x80000028, repeatCount=0, eventTime=10224089, downTime=10224089, deviceId=-1, source=0x101 }
04-13 22:49:43.567   867   867 W ViewRootImpl: Cancelling event due to no window focus: KeyEvent { action=ACTION_UP, keyCode=KEYCODE_EQUALS, scanCode=0, metaState=0, flags=0x80000028, repeatCount=0, eventTime=10224089, downTime=10224089, deviceId=-1, source=0x101 }
04-13 22:49:43.567   867   867 W ViewRootImpl: Cancelling event due to no window focus: KeyEvent { action=ACTION_UP, keyCode=KEYCODE_EQUALS, scanCode=0, metaState=0, flags=0x80000028, repeatCount=0, eventTime=10224089, downTime=10224089, deviceId=-1, source=0x101 }
04-13 22:49:48.204   722   812 W InputMethodManagerService: Window already focused, ignoring focus gain of: com.android.internal.view.IInputMethodClient$Stub$Proxy@25b4ca0d attribute=null, token = android.os.BinderProxy@284c753e
04-13 22:49:54.632   722  1244 W ProcessCpuTracker: Skipping unknown process pid 7669
04-13 22:49:54.633   722  1244 W ProcessCpuTracker: Skipping unknown process pid 7671
04-13 22:50:22.948   722  1245 I ActivityManager: START u0 {act=android.intent.action.MAIN cat=[android.intent.category.LAUNCHER] flg=0x10200000 cmp=com.zhihu.android/.app.ui.activity.MainActivity} from uid 0 on display 0
04-13 22:50:36.397   867   867 W ViewRootImpl: Dropping event due to no window focus: KeyEvent { action=ACTION_DOWN, keyCode=KEYCODE_DPAD_DOWN, scanCode=0, metaState=0, flags=0x8, repeatCount=0, eventTime=10276914, downTime=10276914, deviceId=-1, source=0x101 }
