08-09 10:44:51.357  1158  1299 D RILJ    : [3667]< GET_CURRENT_CALLS   [SUB0]
08-09 10:44:51.359  1158  1299 D RILJ    : [3668]< RIL_REQUEST_VOICE_RADIO_TECH {3} [SUB0]
08-09 10:44:51.359  1158  1158 D RILJ    : [3671]> OPERATOR [SUB0]
08-09 10:44:51.360   191   535 D RILC    : RequestComplete, RIL_SOCKET_1
08-09 10:44:51.360   191   535 E RILC    : Send Response to RIL_SOCKET_1
08-09 10:44:51.361  1158  1299 D RilRequest: [3669]< RIL_REQUEST_IMS_REGISTRATION_STATE error: com.android.internal.telephony.CommandException: GENERIC_FAILURE ret=
08-09 10:44:51.362   191  1425 D RILC    : RequestComplete, RIL_SOCKET_1
08-09 10:44:51.362   191  1425 E RILC    : Send Response to RIL_SOCKET_1
08-09 10:44:51.362  1158  1158 D RILJ    : [3672]> DATA_REGISTRATION_STATE [SUB0]
08-09 10:44:51.362  1158  1299 D RilRequest: [3670]< RIL_REQUEST_CDMA_GET_SUBSCRIPTION_SOURCE error: com.android.internal.telephony.CommandException: GENERIC_FAILURE ret=
08-09 10:44:51.363   191  1426 D RILC    : RequestComplete, RIL_SOCKET_1
08-09 10:44:51.363   191  1426 E RILC    : Send Response to RIL_SOCKET_1
08-09 10:44:51.364  1158  1299 D RILJ    : [3671]< OPERATOR {null, null, null} [SUB0]
08-09 10:44:51.365  1158  1158 D RILJ    : [3673]> VOICE_REGISTRATION_STATE [SUB0]
08-09 10:44:51.367  1158  1158 D RILJ    : [3674]> QUERY_NETWORK_SELECTION_MODE [SUB0]
08-09 10:44:51.369   191  1429 D RILC    : RequestComplete, RIL_SOCKET_1
08-09 10:44:51.370   191  1429 E RILC    : Send Response to RIL_SOCKET_1
08-09 10:44:51.370  1158  1158 D SubscriptionController: [getSubId]- mSlotIdToSubIdMap.size == 0, return DummySubIds slotIdx=0
08-09 10:44:51.370  1158  1158 D SubscriptionController: getDummySubIds: slotIdx=0 return 1 DummySubIds with each subId=-2
08-09 10:44:51.371  1158  1299 D RILJ    : [3674]< QUERY_NETWORK_SELECTION_MODE {0} [SUB0]
08-09 10:44:51.371  1158  1158 D DefaultPhoneNotifier: notifySignalStrength: mRegistry=com.android.internal.telephony.ITelephonyRegistry$Stub$Proxy@3c7cfb31 ss=SignalStrength: 99 0 -120 -160 -120 -1 -1 99 2147483647 2147483647 2147483647 2147483647 gsm|lte sender=Handler (com.android.internal.telephony.gsm.GSMPhone) {3e3bcec}
08-09 10:44:51.372   191  1427 D RILC    : RequestComplete, RIL_SOCKET_1
08-09 10:44:51.372   191  1427 E RILC    : Send Response to RIL_SOCKET_1
08-09 10:44:51.372   722   738 D SubscriptionManager: [getPhoneId]- fail
08-09 10:44:51.372   722   738 D TelephonyRegistry: notifySignalStrengthForSubscriber: invalid phoneId=-1
08-09 10:44:51.373  1158  1299 D RILJ    : [3672]< DATA_REGISTRATION_STATE {0, null, null, null, 0, 20, null, 41, 4912751, null, null} [SUB0]
08-09 10:44:51.379  1158  1158 D SubscriptionController: [getSubId]- mSlotIdToSubIdMap.size == 0, return DummySubIds slotIdx=0
08-09 10:44:51.379  1158  1158 D SubscriptionController: getDummySubIds: slotIdx=0 return 1 DummySubIds with each subId=-2
08-09 10:44:51.380  1158  1158 D DCT     : [0]handleMessage msg={ when=-1s197ms what=270377 obj=android.os.AsyncResult@15c718ab target=com.android.internal.telephony.dataconnection.DcTracker }
08-09 10:44:51.380  1158  1158 D DCT     : [0]setupDataOnConnectableApns: nwTypeChanged
08-09 10:44:51.380   191  1428 I RILQ    : (0/191):RIL[0][cmd-20(248)] qcril_qmi_nas_update_data_rte: completed, new drte 0 with confidence 4
08-09 10:44:51.380  1158  1158 D DCT     : [0]setupDataOnConnectableApns: apnContext {mApnType=hipri mState=IDLE mWaitingApns={null} mWaitingApnsPermanentFailureCountDown=0 mApnSetting={null} mReason=radioTurnedOff mDataEnabled=false mDependencyMet=true}
08-09 10:44:51.381  1158  1158 D DCT     : [0]setupDataOnConnectableApns: apnContext {mApnType=mms mState=IDLE mWaitingApns={null} mWaitingApnsPermanentFailureCountDown=0 mApnSetting={null} mReason=radioTurnedOff mDataEnabled=false mDependencyMet=true}
08-09 10:44:51.381  1158  1158 D DCT     : [0]setupDataOnConnectableApns: apnContext {mApnType=supl mState=IDLE mWaitingApns={null} mWaitingApnsPermanentFailureCountDown=0 mApnSetting={null} mReason=radioTurnedOff mDataEnabled=false mDependencyMet=true}
08-09 10:44:51.381   191  1428 D RILC    : RequestComplete, RIL_SOCKET_1
08-09 10:44:51.381   191  1428 E RILC    : Send Response to RIL_SOCKET_1
08-09 10:44:51.382  1158  1158 D DCT     : [0]setupDataOnConnectableApns: apnContext {mApnType=cbs mState=IDLE mWaitingApns={null} mWaitingApnsPermanentFailureCountDown=0 mApnSetting={null} mReason=radioTurnedOff mDataEnabled=false mDependencyMet=true}
08-09 10:44:51.382  1158  1158 D DCT     : [0]setupDataOnConnectableApns: apnContext {mApnType=dun mState=IDLE mWaitingApns={null} mWaitingApnsPermanentFailureCountDown=0 mApnSetting={null} mReason=radioTurnedOff mDataEnabled=false mDependencyMet=true}
08-09 10:44:51.382  1158  1299 D RILJ    : [3673]< VOICE_REGISTRATION_STATE {2, null, null, 0, null, null, null, 0, null, null, null, null, null, 0, null} [SUB0]
08-09 10:44:51.383  1158  1158 D DCT     : [0]setupDataOnConnectableApns: apnContext {mApnType=fota mState=IDLE mWaitingApns={null} mWaitingApnsPermanentFailureCountDown=0 mApnSetting={null} mReason=radioTurnedOff mDataEnabled=false mDependencyMet=true}
08-09 10:44:51.383  1158  1158 D DCT     : [0]setupDataOnConnectableApns: apnContext {mApnType=ims mState=IDLE mWaitingApns={null} mWaitingApnsPermanentFailureCountDown=0 mApnSetting={null} mReason=radioTurnedOff mDataEnabled=false mDependencyMet=true}
08-09 10:44:51.384  1158  1158 D DCT     : [0]setupDataOnConnectableApns: apnContext {mApnType=default mState=IDLE mWaitingApns={null} mWaitingApnsPermanentFailureCountDown=0 mApnSetting={null} mReason=radioTurnedOff mDataEnabled=false mDependencyMet=true}
08-09 10:44:51.384  1158  1158 D DCT     : [0]setupDataOnConnectableApns: apnContext {mApnType=ia mState=IDLE mWaitingApns={null} mWaitingApnsPermanentFailureCountDown=0 mApnSetting={null} mReason=radioTurnedOff mDataEnabled=false mDependencyMet=true}
08-09 10:44:51.385  1158  1158 D SubscriptionManager: [getPhoneId]- fail
08-09 10:44:51.385  1158  1158 D SubscriptionController: [getSubId]- mSlotIdToSubIdMap.size == 0, return DummySubIds slotIdx=0
08-09 10:44:51.385  1158  1158 D SubscriptionController: getDummySubIds: slotIdx=0 return 1 DummySubIds with each subId=-2
08-09 10:44:51.386  1158  1158 D DCT     : [0]getDataOnRoamingEnabled: phoneSubId=-2 isDataRoamingEnabled=true
08-09 10:44:51.386  1158  1158 D SubscriptionManager: [getPhoneId]- fail
08-09 10:44:51.386  1158  1158 D SubscriptionController: [getSubId]- mSlotIdToSubIdMap.size == 0, return DummySubIds slotIdx=0
08-09 10:44:51.386  1158  1158 D SubscriptionController: getDummySubIds: slotIdx=0 return 1 DummySubIds with each subId=-2
08-09 10:44:51.387  1158  1158 D DCT     : [0]getDataOnRoamingEnabled: phoneSubId=-2 isDataRoamingEnabled=true
08-09 10:44:51.387  1158  1158 D SubscriptionManager: [getPhoneId]- fail
08-09 10:44:51.387  1158  1158 D SubscriptionController: [getSubId]- mSlotIdToSubIdMap.size == 0, return DummySubIds slotIdx=0
08-09 10:44:51.387  1158  1158 D SubscriptionController: getDummySubIds: slotIdx=0 return 1 DummySubIds with each subId=-2
08-09 10:44:51.388  1158  1158 D DCT     : [0]getDataOnRoamingEnabled: phoneSubId=-2 isDataRoamingEnabled=true
08-09 10:44:51.388  1158  1158 D SubscriptionManager: [getPhoneId]- fail
08-09 10:44:51.388  1158  1158 D SubscriptionController: [getSubId]- mSlotIdToSubIdMap.size == 0, return DummySubIds slotIdx=0
08-09 10:44:51.388  1158  1158 D SubscriptionController: getDummySubIds: slotIdx=0 return 1 DummySubIds with each subId=-2
08-09 10:44:51.389  1158  1158 D DCT     : [0]getDataOnRoamingEnabled: phoneSubId=-2 isDataRoamingEnabled=true
08-09 10:44:51.389  1158  1158 D SubscriptionManager: [getPhoneId]- fail
08-09 10:44:51.390  1158  1158 D SubscriptionController: [getSubId]- mSlotIdToSubIdMap.size == 0, return DummySubIds slotIdx=0
08-09 10:44:51.390  1158  1158 D SubscriptionController: getDummySubIds: slotIdx=0 return 1 DummySubIds with each subId=-2
08-09 10:44:51.391  1158  1158 D DCT     : [0]getDataOnRoamingEnabled: phoneSubId=-2 isDataRoamingEnabled=true
08-09 10:44:51.392  1158  1158 D SubscriptionManager: [getPhoneId]- fail
08-09 10:44:51.393  1158  1158 D SubscriptionController: [getSubId]- mSlotIdToSubIdMap.size == 0, return DummySubIds slotIdx=0
08-09 10:44:51.393  1158  1158 D SubscriptionController: getDummySubIds: slotIdx=0 return 1 DummySubIds with each subId=-2
08-09 10:44:51.393  1158  1158 D DCT     : [0]getDataOnRoamingEnabled: phoneSubId=-2 isDataRoamingEnabled=true
08-09 10:44:51.394  1158  1158 D SubscriptionManager: [getPhoneId]- fail
08-09 10:44:51.394  1158  1158 D SubscriptionController: [getSubId]- mSlotIdToSubIdMap.size == 0, return DummySubIds slotIdx=0
08-09 10:44:51.394  1158  1158 D SubscriptionController: getDummySubIds: slotIdx=0 return 1 DummySubIds with each subId=-2
08-09 10:44:51.394  1158  1158 D DCT     : [0]getDataOnRoamingEnabled: phoneSubId=-2 isDataRoamingEnabled=true
08-09 10:44:51.395  1158  1158 D SubscriptionManager: [getPhoneId]- fail
08-09 10:44:51.395  1158  1158 D SubscriptionController: [getSubId]- mSlotIdToSubIdMap.size == 0, return DummySubIds slotIdx=0
08-09 10:44:51.395  1158  1158 D SubscriptionController: getDummySubIds: slotIdx=0 return 1 DummySubIds with each subId=-2
08-09 10:44:51.395  1158  1158 D DCT     : [0]getDataOnRoamingEnabled: phoneSubId=-2 isDataRoamingEnabled=true
08-09 10:44:51.396  1158  1158 D SubscriptionManager: [getPhoneId]- fail
08-09 10:44:51.396  1158  1158 D SubscriptionController: [getSubId]- mSlotIdToSubIdMap.size == 0, return DummySubIds slotIdx=0
08-09 10:44:51.396  1158  1158 D SubscriptionController: getDummySubIds: slotIdx=0 return 1 DummySubIds with each subId=-2
08-09 10:44:51.396  1158  1158 D DCT     : [0]getDataOnRoamingEnabled: phoneSubId=-2 isDataRoamingEnabled=true
08-09 10:44:51.397  1158  1158 D SubscriptionManager: [getPhoneId]- fail
08-09 10:44:51.397  1158  1158 D SubscriptionController: [getSubId]- mSlotIdToSubIdMap.size == 0, return DummySubIds slotIdx=0
08-09 10:44:51.397  1158  1158 D SubscriptionController: getDummySubIds: slotIdx=0 return 1 DummySubIds with each subId=-2
08-09 10:44:51.397  1158  1158 D DCT     : [0]getDataOnRoamingEnabled: phoneSubId=-2 isDataRoamingEnabled=true
08-09 10:44:51.398  1158  1158 D SubscriptionManager: [getPhoneId]- fail
08-09 10:44:51.398  1158  1158 D SubscriptionController: [getSubId]- mSlotIdToSubIdMap.size == 0, return DummySubIds slotIdx=0
08-09 10:44:51.398  1158  1158 D SubscriptionController: getDummySubIds: slotIdx=0 return 1 DummySubIds with each subId=-2
08-09 10:44:51.398  1158  1158 D DCT     : [0]getDataOnRoamingEnabled: phoneSubId=-2 isDataRoamingEnabled=true
08-09 10:44:51.399  1158  1158 D SubscriptionManager: [getPhoneId]- fail
08-09 10:44:51.399  1158  1158 D SubscriptionController: [getSubId]- mSlotIdToSubIdMap.size == 0, return DummySubIds slotIdx=0
08-09 10:44:51.399  1158  1158 D SubscriptionController: getDummySubIds: slotIdx=0 return 1 DummySubIds with each subId=-2
08-09 10:44:51.399  1158  1158 D DCT     : [0]getDataOnRoamingEnabled: phoneSubId=-2 isDataRoamingEnabled=true
08-09 10:44:51.400  1158  1158 D SubscriptionManager: [getPhoneId]- fail
08-09 10:44:51.400  1158  1158 D SubscriptionController: [getSubId]- mSlotIdToSubIdMap.size == 0, return DummySubIds slotIdx=0
08-09 10:44:51.400  1158  1158 D SubscriptionController: getDummySubIds: slotIdx=0 return 1 DummySubIds with each subId=-2
08-09 10:44:51.400  1158  1158 D DCT     : [0]getDataOnRoamingEnabled: phoneSubId=-2 isDataRoamingEnabled=true
08-09 10:44:51.401  1158  1158 D SubscriptionManager: [getPhoneId]- fail
08-09 10:44:51.401  1158  1158 D SubscriptionController: [getSubId]- mSlotIdToSubIdMap.size == 0, return DummySubIds slotIdx=0
08-09 10:44:51.401  1158  1158 D SubscriptionController: getDummySubIds: slotIdx=0 return 1 DummySubIds with each subId=-2
08-09 10:44:51.401  1158  1158 D DCT     : [0]getDataOnRoamingEnabled: phoneSubId=-2 isDataRoamingEnabled=true
08-09 10:44:51.402  1158  1158 D RILJ    : [3675]> OPERATOR [SUB0]
08-09 10:44:51.404  1158  1158 D RILJ    : [3676]> DATA_REGISTRATION_STATE [SUB0]
08-09 10:44:51.405   191  1430 D RILC    : RequestComplete, RIL_SOCKET_1
08-09 10:44:51.405   191  1430 E RILC    : Send Response to RIL_SOCKET_1
08-09 10:44:51.405  1158  1299 D RILJ    : [3675]< OPERATOR {null, null, null} [SUB0]
08-09 10:44:51.406  1158  1158 D RILJ    : [3677]> VOICE_REGISTRATION_STATE [SUB0]
08-09 10:44:51.407  1158  1158 D RILJ    : [3678]> QUERY_NETWORK_SELECTION_MODE [SUB0]
08-09 10:44:51.409  1158  1158 D SubscriptionManager: [getPhoneId]- fail
08-09 10:44:51.409  1158  1158 D SubscriptionController: [getSubId]- mSlotIdToSubIdMap.size == 0, return DummySubIds slotIdx=0
08-09 10:44:51.409  1158  1158 D SubscriptionController: getDummySubIds: slotIdx=0 return 1 DummySubIds with each subId=-2
08-09 10:44:51.409   191  1433 D RILC    : RequestComplete, RIL_SOCKET_1
08-09 10:44:51.409   191  1433 E RILC    : Send Response to RIL_SOCKET_1
08-09 10:44:51.409  1158  1158 D DCT     : [0]getDataOnRoamingEnabled: phoneSubId=-2 isDataRoamingEnabled=true
08-09 10:44:51.410  1158  1299 D RILJ    : [3678]< QUERY_NETWORK_SELECTION_MODE {0} [SUB0]
08-09 10:44:51.410  1158  1158 D SubscriptionManager: [getPhoneId]- fail
08-09 10:44:51.410  1158  1158 D SubscriptionController: [getSubId]- mSlotIdToSubIdMap.size == 0, return DummySubIds slotIdx=0
08-09 10:44:51.410  1158  1158 D SubscriptionController: getDummySubIds: slotIdx=0 return 1 DummySubIds with each subId=-2
08-09 10:44:51.410  1158  1158 D DCT     : [0]getDataOnRoamingEnabled: phoneSubId=-2 isDataRoamingEnabled=true
08-09 10:44:51.411  1158  1158 D SubscriptionManager: [getPhoneId]- fail
08-09 10:44:51.411  1158  1158 D SubscriptionController: [getSubId]- mSlotIdToSubIdMap.size == 0, return DummySubIds slotIdx=0
08-09 10:44:51.411  1158  1158 D SubscriptionController: getDummySubIds: slotIdx=0 return 1 DummySubIds with each subId=-2
08-09 10:44:51.411   191  1431 D RILC    : RequestComplete, RIL_SOCKET_1
08-09 10:44:51.411   191  1431 E RILC    : Send Response to RIL_SOCKET_1
08-09 10:44:51.411  1158  1158 D DCT     : [0]getDataOnRoamingEnabled: phoneSubId=-2 isDataRoamingEnabled=true
08-09 10:44:51.411  1158  1158 D SubscriptionManager: [getPhoneId]- fail
08-09 10:44:51.412  1158  1158 D SubscriptionController: [getSubId]- mSlotIdToSubIdMap.size == 0, return DummySubIds slotIdx=0
08-09 10:44:51.412  1158  1158 D SubscriptionController: getDummySubIds: slotIdx=0 return 1 DummySubIds with each subId=-2
08-09 10:44:51.412  1158  1299 D RILJ    : [3676]< DATA_REGISTRATION_STATE {0, null, null, null, 0, 20, null, 41, 4912751, null, null} [SUB0]
08-09 10:44:51.412  1158  1158 D DCT     : [0]getDataOnRoamingEnabled: phoneSubId=-2 isDataRoamingEnabled=true
08-09 10:44:51.412  1158  1158 D SubscriptionManager: [getPhoneId]- fail
08-09 10:44:51.413   191  1432 I RILQ    : (0/191):RIL[0][cmd-20(248)] qcril_qmi_nas_update_data_rte: completed, new drte 0 with confidence 4
08-09 10:44:51.413  1158  1158 D SubscriptionController: [getSubId]- mSlotIdToSubIdMap.size == 0, return DummySubIds slotIdx=0
08-09 10:44:51.413  1158  1158 D SubscriptionController: getDummySubIds: slotIdx=0 return 1 DummySubIds with each subId=-2
08-09 10:44:51.413  1158  1158 D DCT     : [0]getDataOnRoamingEnabled: phoneSubId=-2 isDataRoamingEnabled=true
08-09 10:44:51.413  1158  1158 D SubscriptionManager: [getPhoneId]- fail
08-09 10:44:51.414  1158  1158 D SubscriptionController: [getSubId]- mSlotIdToSubIdMap.size == 0, return DummySubIds slotIdx=0
08-09 10:44:51.414   191  1432 D RILC    : RequestComplete, RIL_SOCKET_1
08-09 10:44:51.414   191  1432 E RILC    : Send Response to RIL_SOCKET_1
08-09 10:44:51.414  1158  1158 D SubscriptionController: getDummySubIds: slotIdx=0 return 1 DummySubIds with each subId=-2
08-09 10:44:51.414  1158  1158 D DCT     : [0]getDataOnRoamingEnabled: phoneSubId=-2 isDataRoamingEnabled=true
08-09 10:44:51.414  1158  1158 D SubscriptionManager: [getPhoneId]- fail
08-09 10:44:51.414  1158  1299 D RILJ    : [3677]< VOICE_REGISTRATION_STATE {2, null, null, 0, null, null, null, 0, null, null, null, null, null, 0, null} [SUB0]
08-09 10:44:51.415  1158  1158 D SubscriptionController: [getSubId]- mSlotIdToSubIdMap.size == 0, return DummySubIds slotIdx=0
08-09 10:44:51.415  1158  1158 D SubscriptionController: getDummySubIds: slotIdx=0 return 1 DummySubIds with each subId=-2
08-09 10:44:51.415  1158  1158 D DCT     : [0]getDataOnRoamingEnabled: phoneSubId=-2 isDataRoamingEnabled=true
08-09 10:44:51.415  1158  1158 D SubscriptionManager: [getPhoneId]- fail
08-09 10:44:51.416  1158  1158 D SubscriptionController: [getSubId]- mSlotIdToSubIdMap.size == 0, return DummySubIds slotIdx=0
08-09 10:44:51.416  1158  1158 D SubscriptionController: getDummySubIds: slotIdx=0 return 1 DummySubIds with each subId=-2
08-09 10:44:51.416  1158  1158 D DCT     : [0]getDataOnRoamingEnabled: phoneSubId=-2 isDataRoamingEnabled=true
08-09 10:44:51.417  1158  1158 D SubscriptionManager: [getPhoneId]- fail
08-09 10:44:51.417  1158  1158 D SubscriptionController: [getSubId]- mSlotIdToSubIdMap.size == 0, return DummySubIds slotIdx=0
08-09 10:44:51.417  1158  1158 D SubscriptionController: getDummySubIds: slotIdx=0 return 1 DummySubIds with each subId=-2
08-09 10:44:51.417  1158  1158 D DCT     : [0]getDataOnRoamingEnabled: phoneSubId=-2 isDataRoamingEnabled=true
08-09 10:44:51.418  1158  1158 D SubscriptionManager: [getPhoneId]- fail
08-09 10:44:51.418  1158  1158 D SubscriptionController: [getSubId]- mSlotIdToSubIdMap.size == 0, return DummySubIds slotIdx=0
08-09 10:44:51.418  1158  1158 D SubscriptionController: getDummySubIds: slotIdx=0 return 1 DummySubIds with each subId=-2
08-09 10:44:51.418  1158  1158 D DCT     : [0]getDataOnRoamingEnabled: phoneSubId=-2 isDataRoamingEnabled=true
08-09 10:44:51.419  1158  1158 D SubscriptionManager: [getPhoneId]- fail
08-09 10:44:51.419  1158  1158 D SubscriptionController: [getSubId]- mSlotIdToSubIdMap.size == 0, return DummySubIds slotIdx=0
08-09 10:44:51.419  1158  1158 D SubscriptionController: getDummySubIds: slotIdx=0 return 1 DummySubIds with each subId=-2
08-09 10:44:51.419  1158  1158 D DCT     : [0]getDataOnRoamingEnabled: phoneSubId=-2 isDataRoamingEnabled=true
08-09 10:44:51.420  1158  1158 D SubscriptionManager: [getPhoneId]- fail
08-09 10:44:51.420  1158  1158 D SubscriptionController: [getSubId]- mSlotIdToSubIdMap.size == 0, return DummySubIds slotIdx=0
08-09 10:44:51.420  1158  1158 D SubscriptionController: getDummySubIds: slotIdx=0 return 1 DummySubIds with each subId=-2
08-09 10:44:51.420  1158  1158 D DCT     : [0]getDataOnRoamingEnabled: phoneSubId=-2 isDataRoamingEnabled=true
08-09 10:44:51.420  1158  1158 D SubscriptionManager: [getPhoneId]- fail
08-09 10:44:51.421  1158  1158 D SubscriptionController: [getSubId]- mSlotIdToSubIdMap.size == 0, return DummySubIds slotIdx=0
08-09 10:44:51.421  1158  1158 D SubscriptionController: getDummySubIds: slotIdx=0 return 1 DummySubIds with each subId=-2
08-09 10:44:51.421  1158  1158 D DCT     : [0]getDataOnRoamingEnabled: phoneSubId=-2 isDataRoamingEnabled=true
08-09 10:44:51.421  1158  1158 D SubscriptionManager: [getPhoneId]- fail
08-09 10:44:51.422  1158  1158 D SubscriptionController: [getSubId]- mSlotIdToSubIdMap.size == 0, return DummySubIds slotIdx=0
08-09 10:44:51.422  1158  1158 D SubscriptionController: getDummySubIds: slotIdx=0 return 1 DummySubIds with each subId=-2
08-09 10:44:51.423  1158  1158 D DCT     : [0]getDataOnRoamingEnabled: phoneSubId=-2 isDataRoamingEnabled=true
08-09 10:44:51.423  1158  1158 D SubscriptionManager: [getPhoneId]- fail
08-09 10:44:51.423  1158  1158 D SubscriptionController: [getSubId]- mSlotIdToSubIdMap.size == 0, return DummySubIds slotIdx=0
08-09 10:44:51.423  1158  1158 D SubscriptionController: getDummySubIds: slotIdx=0 return 1 DummySubIds with each subId=-2
08-09 10:44:51.424  1158  1158 D DCT     : [0]getDataOnRoamingEnabled: phoneSubId=-2 isDataRoamingEnabled=true
08-09 10:44:51.424  1158  1158 D SubscriptionManager: [getPhoneId]- fail
08-09 10:44:51.424  1158  1158 D SubscriptionController: [getSubId]- mSlotIdToSubIdMap.size == 0, return DummySubIds slotIdx=0
08-09 10:44:51.424  1158  1158 D SubscriptionController: getDummySubIds: slotIdx=0 return 1 DummySubIds with each subId=-2
08-09 10:44:51.425  1158  1158 D DCT     : [0]getDataOnRoamingEnabled: phoneSubId=-2 isDataRoamingEnabled=true
08-09 10:44:51.425  1158  1158 D SubscriptionManager: [getPhoneId]- fail
08-09 10:44:51.425  1158  1158 D SubscriptionController: [getSubId]- mSlotIdToSubIdMap.size == 0, return DummySubIds slotIdx=0
08-09 10:44:51.425  1158  1158 D SubscriptionController: getDummySubIds: slotIdx=0 return 1 DummySubIds with each subId=-2
08-09 10:44:51.426  1158  1158 D DCT     : [0]getDataOnRoamingEnabled: phoneSubId=-2 isDataRoamingEnabled=true
08-09 10:44:51.426  1158  1158 D SubscriptionManager: [getPhoneId]- fail
08-09 10:44:51.426  1158  1158 D SubscriptionController: [getSubId]- mSlotIdToSubIdMap.size == 0, return DummySubIds slotIdx=0
08-09 10:44:51.426  1158  1158 D SubscriptionController: getDummySubIds: slotIdx=0 return 1 DummySubIds with each subId=-2
08-09 10:44:51.426  1158  1158 D DCT     : [0]getDataOnRoamingEnabled: phoneSubId=-2 isDataRoamingEnabled=true
08-09 10:44:51.427  1158  1158 D SubscriptionManager: [getPhoneId]- fail
08-09 10:44:51.427  1158  1158 D SubscriptionController: [getSubId]- mSlotIdToSubIdMap.size == 0, return DummySubIds slotIdx=0
08-09 10:44:51.427  1158  1158 D SubscriptionController: getDummySubIds: slotIdx=0 return 1 DummySubIds with each subId=-2
08-09 10:44:51.427  1158  1158 D DCT     : [0]getDataOnRoamingEnabled: phoneSubId=-2 isDataRoamingEnabled=true
08-09 10:44:51.428  1158  1158 D SubscriptionManager: [getPhoneId]- fail
08-09 10:44:51.428  1158  1158 D SubscriptionController: [getSubId]- mSlotIdToSubIdMap.size == 0, return DummySubIds slotIdx=0
08-09 10:44:51.428  1158  1158 D SubscriptionController: getDummySubIds: slotIdx=0 return 1 DummySubIds with each subId=-2
08-09 10:44:51.428  1158  1158 D DCT     : [0]getDataOnRoamingEnabled: phoneSubId=-2 isDataRoamingEnabled=true
08-09 10:44:51.429  1158  1158 D SubscriptionManager: [getPhoneId]- fail
08-09 10:44:51.429  1158  1158 D SubscriptionController: [getSubId]- mSlotIdToSubIdMap.size == 0, return DummySubIds slotIdx=0
08-09 10:44:51.429  1158  1158 D SubscriptionController: getDummySubIds: slotIdx=0 return 1 DummySubIds with each subId=-2
08-09 10:44:51.429  1158  1158 D DCT     : [0]getDataOnRoamingEnabled: phoneSubId=-2 isDataRoamingEnabled=true
08-09 10:44:51.430  1158  1158 D SubscriptionManager: [getPhoneId]- fail
08-09 10:44:51.430  1158  1158 D SubscriptionController: [getSubId]- mSlotIdToSubIdMap.size == 0, return DummySubIds slotIdx=0
08-09 10:44:51.430  1158  1158 D SubscriptionController: getDummySubIds: slotIdx=0 return 1 DummySubIds with each subId=-2
08-09 10:44:51.430  1158  1158 D DCT     : [0]getDataOnRoamingEnabled: phoneSubId=-2 isDataRoamingEnabled=true
08-09 10:44:51.430  1158  1158 D GSMPhone: Baseband version: M8974A-2.0.50.2.26
08-09 10:44:51.432  1158  1158 D PhoneBase: get phone radio capability fail,no need to change mRadioAccessFamily
08-09 10:44:51.432  1158  1158 D PhoneBase: EVENT_GET_RADIO_CAPABILITY :phone RAF : 1
08-09 10:44:51.436  1158  1158 D DctController: handleMessage msg={ when=-309ms what=100 target=com.android.internal.telephony.dataconnection.DctController }
08-09 10:44:51.436  1158  1158 D DctController: getTopPriorityRequestPhoneId = 0, priority = -1
08-09 10:44:51.437  1158  1158 D DcSwitchAsyncChannel: [DcSwitchAsyncChannel-0]: rspIsIdle=true
08-09 10:44:51.437  1158  1158 D DctController: onProcessRequest phoneId=0, activePhoneId=-1
08-09 10:44:51.445  1158  1158 D UiccController: Received EVENT_GET_ICC_STATUS_DONE
08-09 10:44:51.447  1158  1158 D UiccCard: 1 applications
08-09 10:44:51.447  1158  1158 D UiccCardApplication: Creating UiccApp: {APPTYPE_USIM,APPSTATE_READY,pin1=PINSTATE_DISABLED,pin2=PINSTATE_ENABLED_NOT_VERIFIED}
08-09 10:44:51.457  1158  1158 W VoiceMailConstants: Can't open /system/etc/voicemail-conf.xml
08-09 10:44:51.465  1158  1158 D SpnOverride: No SPN in OEM image = /oem/telephony/spn-conf.xml Load SPN from system image
08-09 10:44:51.505  1158  1202 D SubscriptionController: [getActiveSubInfoList]+
08-09 10:44:51.508  1158  1202 D SubscriptionController: [getActiveSubInfoList] Sub Controller not ready
08-09 10:44:51.513  1158  1158 D SIMRecords: [SIMRecords] setting0 mMncLength-1
08-09 10:44:51.513  1158  1158 D SIMRecords: [SIMRecords] SIMRecords: onRadioOffOrNotAvailable set 'gsm.sim.operator.numeric' to operator=null
08-09 10:44:51.513  1158  1158 D SIMRecords: [SIMRecords] update icc_operator_numeric=null
08-09 10:44:51.514  1158  1158 D TelephonyManager: setTelephonyProperty: success phoneId=0 property=gsm.sim.operator.numeric value:  propVal=
08-09 10:44:51.515  1158  1158 D TelephonyManager: setTelephonyProperty: success phoneId=0 property=gsm.sim.operator.alpha value:  propVal=
08-09 10:44:51.516  1158  1158 D TelephonyManager: setTelephonyProperty: success phoneId=0 property=gsm.sim.operator.iso-country value:  propVal=
08-09 10:44:51.516  1158  1158 D UiccCardApplication: Notifying 1 registrant: READY
08-09 10:44:51.519  1158  1158 D SIMRecords: [SIMRecords] getOperatorNumeric: IMSI == null
08-09 10:44:51.519  1158  1158 D SIMRecords: [SIMRecords] SIMRecords X ctor this=SimRecords: mDestroyed=false mContext=com.android.phone.PhoneGlobals@2e8bcb08 mCi=com.android.internal.telephony.RIL@298c0445 mFh=Handler (com.android.internal.telephony.uicc.UsimFileHandler) {399212a1} mParentApp=com.android.internal.telephony.uicc.UiccCardApplication@e652cc6 recordsLoadedRegistrants=android.os.RegistrantList@1bdc9487 mImsiReadyRegistrants=android.os.RegistrantList@39968fb4 mRecordsEventsRegistrants=android.os.RegistrantList@3e1c37dd mNewSmsRegistrants=android.os.RegistrantList@1cf74f52 mNetworkSelectionModeAutomaticRegistrants=android.os.RegistrantList@1ae3f223 recordsToLoad=0 adnCache=Handler (com.android.internal.telephony.uicc.AdnRecordCache) {10e6f320} recordsRequested=false iccid=null msisdnTag=null voiceMailNum=null voiceMailTag=null newVoiceMailNum=null newVoiceMailTag=null isVoiceMailFixed=false mImsi=null mncLength=-1 mailboxIndex=0 spn=null mVmConfigcom.android.internal.telephony.uicc.VoiceMailConstants@3b2974d9 mSpnOverride=mSpnOverride callForwardingEnabled=false spnState=null mCphsInfo=null mCspPlmnEnabled=true efMWIS=null efCPHS_MWI=null mEfCff=null mEfCfis=null getOperatorNumeric=null
08-09 10:44:51.520  1158  1158 D RILJ    : [3679]> QUERY_FACILITY_LOCK [FD 7 a0000000871002ff86ffff89ffffffff] [SUB0]
08-09 10:44:51.523  1158  1158 D RILJ    : [3680]> QUERY_FACILITY_LOCK [SC 7 a0000000871002ff86ffff89ffffffff] [SUB0]
08-09 10:44:51.526   191   271 D RILC    : RequestComplete, RIL_SOCKET_1
08-09 10:44:51.526   191   271 E RILC    : Send Response to RIL_SOCKET_1
08-09 10:44:51.527  1158  1299 D RILJ    : [3680]< QUERY_FACILITY_LOCK {0} [SUB0]
08-09 10:44:51.533  1158  1158 D CAT     : CatService: registerForRecordsLoaded slotid=0 instance:Handler (com.android.internal.telephony.cat.CatService) {3ee176aa}
08-09 10:44:51.533   191   280 D RILC    : RequestComplete, RIL_SOCKET_1
08-09 10:44:51.533   191   280 E RILC    : Send Response to RIL_SOCKET_1
08-09 10:44:51.534  1158  1299 D RILJ    : [3679]< QUERY_FACILITY_LOCK {0} [SUB0]
08-09 10:44:51.536  1158  1158 D CAT     : CatService: Running CAT service on Slotid: 0. STK app installed:false
08-09 10:44:51.536  1158  1158 D UiccCard: Before privilege rules: null : CARDSTATE_PRESENT
08-09 10:44:51.537  1158  1158 D UiccCarrierPrivilegeRules: Creating UiccCarrierPrivilegeRules
08-09 10:44:51.537  1158  1158 D RILJ    : [3681]> RIL_REQUEST_SIM_OPEN_CHANNEL [SUB0]
08-09 10:44:51.539  1158  1158 D UiccCard: update: radioState=RADIO_ON mLastRadioState=RADIO_UNAVAILABLE
08-09 10:44:51.539  1158  1158 D UiccController: Notifying IccChangedRegistrants
08-09 10:44:51.562  1158  1158 D PhoneProxy: [PhoneProxy] EVENT_REQUEST_VOICE_RADIO_TECH_DONE: newVoiceTech=3
08-09 10:44:51.563  1158  1158 D PhoneProxy: [PhoneProxy] phoneObjectUpdater: newVoiceRadioTech=3
08-09 10:44:51.563  1158  1158 D PhoneProxy: [PhoneProxy] phoneObjectUpdater: No change ignore, newVoiceRadioTech=3 mActivePhone=GSM
08-09 10:44:51.563  1158  1158 E RIL_ImsSms: IMS State query failed with exp com.android.internal.telephony.CommandException: GENERIC_FAILURE
08-09 10:44:51.563  1158  1158 D CdmaSSM : CDMA_SUBSCRIPTION_SOURCE event = 2
08-09 10:44:51.563  1158  1158 W CdmaSSM : Unable to get CDMA Subscription Source, Exception: com.android.internal.telephony.CommandException: GENERIC_FAILURE, result: null
08-09 10:44:51.564  1158  1158 D PHONE   : [ServiceState] setDataRegState=1
08-09 10:44:51.564  1158  1158 D PHONE   : [ServiceState] setDataRadioTechnology=0
08-09 10:44:51.564  1158  1158 D GsmSST  : [GsmSST] handlPollStateResultMessage: GsmSST setDataRegState=1 regState=0 dataRadioTechnology=0
08-09 10:44:51.564  1158  1158 D PHONE   : [ServiceState] setVoiceRegState=1
08-09 10:44:51.564  1158  1158 E PHONE   : [ServiceState] setState deprecated use setVoiceRegState()
08-09 10:44:51.566  1158  1158 D GsmSST  : [GsmSST] Poll ServiceState done:  oldSS=[3 3 voice home data home null null null null null null  Unknown Unknown CSS not supported -1 -1 RoamInd=-1 DefRoamInd=-1 EmergOnly=false] newSS=[1 1 voice home data home null null null null null null  Unknown Unknown CSS not supported -1 -1 RoamInd=-1 DefRoamInd=-1 EmergOnly=false] oldMaxDataCalls=1 mNewMaxDataCalls=20 oldReasonDataDenied=-1 mNewReasonDataDenied=-1
08-09 10:44:51.566  1158  1158 D PHONE   : [ServiceState] setNullState=1
08-09 10:44:51.567  1158  1158 D GsmSST  : [GsmSST] updateSpnDisplay: radio is on but out of service, set plmn='No service.'
08-09 10:44:51.567  1158  1158 D GsmSST  : [GsmSST] updateSpnDisplay: changed sending intent rule=0 showPlmn='true' plmn='No service.' showSpn='false' spn=''
08-09 10:44:51.569  1158  1158 D SubscriptionController: [getSubId]- mSlotIdToSubIdMap.size == 0, return DummySubIds slotIdx=0
08-09 10:44:51.569  1158  1158 D SubscriptionController: getDummySubIds: slotIdx=0 return 1 DummySubIds with each subId=-2
08-09 10:44:51.573  1158  1158 D SubscriptionController: [getSubId]- mSlotIdToSubIdMap.size == 0, return DummySubIds slotIdx=0
08-09 10:44:51.573  1158  1158 D SubscriptionController: getDummySubIds: slotIdx=0 return 1 DummySubIds with each subId=-2
08-09 10:44:51.574  1158  1158 D SubscriptionController: [setPlmnSpn] No valid subscription to store info
08-09 10:44:51.575  1158  1158 D SubscriptionController: notifySubscriptionInfoChanged:
08-09 10:44:51.577   722   722 D TelephonyManager: getSimOperatorNumeric(): default subId=1
08-09 10:44:51.578  1158  1195 D SubscriptionController: [getPhoneId]- no sims, returning default phoneId=2147483647
08-09 10:44:51.580  1158  1158 D TelephonyManager: setTelephonyProperty: success phoneId=0 property=gsm.operator.alpha value:  propVal=
08-09 10:44:51.581   722   722 D TelephonyManager: getTelephonyProperty: return propVal='null' phoneId=2147483647 property='gsm.sim.operator.numeric' defaultVal='' prop=
08-09 10:44:51.581  1158  1158 D TelephonyManager: getTelephonyProperty: return propVal='null' phoneId=0 property='gsm.operator.numeric' defaultVal='' prop=
08-09 10:44:51.582  1158  1158 D TelephonyManager: setTelephonyProperty: success phoneId=0 property=gsm.operator.numeric value:  propVal=
08-09 10:44:51.582  1158  1158 D GsmSST  : [GsmSST] operatorNumeric is null
08-09 10:44:51.583  1158  1158 D TelephonyManager: setTelephonyProperty: success phoneId=0 property=gsm.operator.iso-country value:  propVal=
08-09 10:44:51.583  1158  1158 D TelephonyManager: setTelephonyProperty: success phoneId=0 property=gsm.operator.isroaming value: false propVal=false
08-09 10:44:51.584   191   535 E RILQ    : (0/191): RIL[0][qmi_cb] qcril_uim_qmi_conv_logical_channel_resp: response error: 0x50
08-09 10:44:51.584  1158  1158 D GsmSST  : [GsmSST] Broadcasting ServiceState : 1 1 voice home data home null null null null null null  Unknown Unknown CSS not supported -1 -1 RoamInd=-1 DefRoamInd=-1 EmergOnly=false
08-09 10:44:51.585  1158  1158 D SubscriptionController: [getSubId]- mSlotIdToSubIdMap.size == 0, return DummySubIds slotIdx=0
08-09 10:44:51.585  1158  1158 D SubscriptionController: getDummySubIds: slotIdx=0 return 1 DummySubIds with each subId=-2
08-09 10:44:51.586  1158  1158 D DefaultPhoneNotifier: nofityServiceState: mRegistry=com.android.internal.telephony.ITelephonyRegistry$Stub$Proxy@3c7cfb31 ss=1 1 voice home data home null null null null null null  Unknown Unknown CSS not supported -1 -1 RoamInd=-1 DefRoamInd=-1 EmergOnly=false sender=Handler (com.android.internal.telephony.gsm.GSMPhone) {3e3bcec} phondId=0 subId=-2
08-09 10:44:51.586   191   280 D RILC    : RequestComplete, RIL_SOCKET_1
08-09 10:44:51.586   191   280 E RILC    : Send Response to RIL_SOCKET_1
08-09 10:44:51.587  1158  1299 D RilRequest: [3681]< RIL_REQUEST_SIM_OPEN_CHANNEL error: com.android.internal.telephony.CommandException: NO_SUCH_ELEMENT ret=
08-09 10:44:51.589   722  1245 D SubscriptionManager: [getSlotId]- fail
08-09 10:44:51.589  1158  1158 D SubscriptionController: [getSlotId]- subId invalid
08-09 10:44:51.590   722  1245 D SubscriptionManager: [getSubId]- fail
08-09 10:44:51.590   722  1245 D TelephonyManager: getSimState:- empty subId return SIM_STATE_ABSENT
08-09 10:44:51.591  1158  1158 D GsmSST  : [GsmSST] notifyDataRegStateRilRadioTechnologyChanged: drs=1 rat=0
08-09 10:44:51.592  1158  1158 D TelephonyManager: setTelephonyProperty: success phoneId=0 property=gsm.network.type value: Unknown propVal=Unknown
08-09 10:44:51.593  1158  1158 D DCT     : [0]get all active apn types
08-09 10:44:51.594  1158  1158 D SIMRecords: [SIMRecords] fetchSimRecords 0
08-09 10:44:51.594  1158  1158 D RILJ    : [3682]> getIMSI: GET_IMSI aid: a0000000871002ff86ffff89ffffffff [SUB0]
08-09 10:44:51.597  1158  1158 D RILJ    : [3683]> iccIO: SIM_IO 0xc0 0x2fe2  path: 3F00,0,0,15 aid: a0000000871002ff86ffff89ffffffff [SUB0]
08-09 10:44:51.599  1158  1158 D RILJ    : [3684]> iccIO: SIM_IO 0xc0 0x6f40  path: 3F007FFF,0,0,15 aid: a0000000871002ff86ffff89ffffffff [SUB0]
08-09 10:44:51.601  1158  1158 D RILJ    : [3685]> iccIO: SIM_IO 0xc0 0x6fc9  path: 3F007FFF,0,0,15 aid: a0000000871002ff86ffff89ffffffff [SUB0]
08-09 10:44:51.603  1158  1158 D RILJ    : [3686]> iccIO: SIM_IO 0xc0 0x6fad  path: 3F007FFF,0,0,15 aid: a0000000871002ff86ffff89ffffffff [SUB0]
08-09 10:44:51.604  1158  1158 D RILJ    : [3687]> iccIO: SIM_IO 0xc0 0x6fca  path: 3F007FFF,0,0,15 aid: a0000000871002ff86ffff89ffffffff [SUB0]
08-09 10:44:51.606   867   867 D SubscriptionManager: [getPhoneId]- fail
08-09 10:44:51.606  1158  1158 D RILJ    : [3688]> iccIO: SIM_IO 0xc0 0x6f11  path: 3F007FFF,0,0,15 aid: a0000000871002ff86ffff89ffffffff [SUB0]
08-09 10:44:51.607   191   280 I RILQ    : (0/191):RIL[0][event] qcril_common_update_current_imsi: cur imsi 460011952973996, is gwl 1
08-09 10:44:51.607   191   280 D RILC    : RequestComplete, RIL_SOCKET_1
08-09 10:44:51.608   191   280 E RILC    : Send Response to RIL_SOCKET_1
08-09 10:44:51.608  1158  1202 D SubscriptionController: [getPhoneId]- invalid subId return=-1
08-09 10:44:51.608   191   280 I RILQ    : (0/191):RIL[0][event] qcril_qmi_nas_evaluate_custom_emergency_numbers_for_card: cur_status 1024, card_state 3
08-09 10:44:51.608   191   280 I RILQ    : (0/191):RIL[0][event] qcril_qmi_nas_evaluate_custom_emergency_numbers_for_card: card_mcc 460, card_mnc 01
08-09 10:44:51.609  1158  1158 D RILJ    : [3689]> iccIO: SIM_IO 0xc0 0x6fcb  path: 3F007FFF,0,0,15 aid: a0000000871002ff86ffff89ffffffff [SUB0]
08-09 10:44:51.610  1158  1299 D RILJ    : [3682]< GET_IMSI  [SUB0]
08-09 10:44:51.610  1158  1202 D PhoneFactory: getPhone:- phoneId != DEFAULT_PHONE_ID return sProxyPhones[phoneId] phoneId=-1 phone=null
08-09 10:44:51.612   867   867 D TelephonyManager: getTelephonyProperty: return propVal='null' phoneId=-1 property='gsm.current.phone-type' defaultVal='null' prop=1
08-09 10:44:51.612   867   867 D TelephonyManager: getTelephonyProperty: return propVal='null' phoneId=-1 property='ro.telephony.default_network' defaultVal='null' prop=10
08-09 10:44:51.614  1158  1158 D RILJ    : [3690]> iccIO: SIM_IO 0xc0 0x6f13  path: 3F007FFF,0,0,15 aid: a0000000871002ff86ffff89ffffffff [SUB0]
08-09 10:44:51.619  1158  1158 D RILJ    : [3691]> iccIO: SIM_IO 0xc0 0x6f46  path: 3F007FFF,0,0,15 aid: a0000000871002ff86ffff89ffffffff [SUB0]
08-09 10:44:51.622  1158  1158 D RILJ    : [3692]> iccIO: SIM_IO 0xc0 0x6fcd  path: 3F007FFF,0,0,15 aid: a0000000871002ff86ffff89ffffffff [SUB0]
08-09 10:44:51.626  1158  1158 D RILJ    : [3693]> iccIO: SIM_IO 0xc0 0x6fc5  path: 3F007FFF,0,0,15 aid: a0000000871002ff86ffff89ffffffff [SUB0]
08-09 10:44:51.629  1158  1158 D RILJ    : [3694]> iccIO: SIM_IO 0xc0 0x6f38  path: 3F007FFF,0,0,15 aid: a0000000871002ff86ffff89ffffffff [SUB0]
08-09 10:44:51.632  1158  1158 D RILJ    : [3695]> iccIO: SIM_IO 0xc0 0x6f16  path: 3F007FFF,0,0,15 aid: a0000000871002ff86ffff89ffffffff [SUB0]
08-09 10:44:51.634  1158  1158 D RILJ    : [3696]> iccIO: SIM_IO 0xc0 0x6f15  path: 3F007FFF,0,0,15 aid: a0000000871002ff86ffff89ffffffff [SUB0]
08-09 10:44:51.637  1158  1158 D RILJ    : [3697]> iccIO: SIM_IO 0xc0 0x6f3e  path: 3F007FFF,0,0,15 aid: a0000000871002ff86ffff89ffffffff [SUB0]
08-09 10:44:51.642  1158  1158 D RILJ    : [3698]> iccIO: SIM_IO 0xc0 0x6f05  path: 3F007FFF,0,0,15 aid: a0000000871002ff86ffff89ffffffff [SUB0]
08-09 10:44:51.649  1158  1158 D RILJ    : [3699]> iccIO: SIM_IO 0xc0 0x2f05  path: 3F00,0,0,15 aid: a0000000871002ff86ffff89ffffffff [SUB0]
08-09 10:44:51.651  1158  1158 D SIMRecords: [SIMRecords] fetchSimRecords 18 requested: true
08-09 10:44:51.651  1158  1158 D UiccCardApplication: Query facility lock : 0
08-09 10:44:51.651  1158  1158 D CAT     : CatService: handleMessage[8]
08-09 10:44:51.651  1158  1158 D CAT     : CatService: MSG_ID_ICC_CHANGED
08-09 10:44:51.652  1158  1158 D CAT     : CatService: New Card State = CARDSTATE_PRESENT Old Card State = CARDSTATE_ABSENT
08-09 10:44:51.652  1158  1158 D RILJ    : [3700]> RIL_REQUEST_REPORT_STK_SERVICE_IS_RUNNING [SUB0]
08-09 10:44:51.654  1158  1158 D UiccCardApplication: Query facility FDN : FDN service available: true enabled: false
08-09 10:44:51.654  1158  1158 D GSMPhone: [GSMPhone] New Uicc application found
08-09 10:44:51.655   191   271 D RILC    : RequestComplete, RIL_SOCKET_1
08-09 10:44:51.655   191   271 E RILC    : Send Response to RIL_SOCKET_1
08-09 10:44:51.655  1158  1158 D GsmSST  : [GsmSST] New card found
08-09 10:44:51.655  1158  1158 D UiccCardApplication: Notifying 1 registrant: READY
08-09 10:44:51.655  1158  1299 D RILJ    : [3700]< RIL_REQUEST_REPORT_STK_SERVICE_IS_RUNNING  [SUB0]
08-09 10:44:51.656  1158  1158 D DCT     : [0]handleMessage msg={ when=-116ms what=270369 obj=android.os.AsyncResult@29a3829b target=com.android.internal.telephony.dataconnection.DcTracker }
08-09 10:44:51.657  1158  1158 D DCT     : [0]New records found
08-09 10:44:51.657  1158  1158 D SubscriptionController: [getSubId]- mSlotIdToSubIdMap.size == 0, return DummySubIds slotIdx=0
08-09 10:44:51.658  1158  1158 D SubscriptionController: getDummySubIds: slotIdx=0 return 1 DummySubIds with each subId=-2
08-09 10:44:51.658  1158  1158 D GsmSMSDispatcher: GsmSMSDispatcher: subId = -2 slotId = 0
08-09 10:44:51.658  1158  1158 D GsmSMSDispatcher: New Uicc application found
08-09 10:44:51.658  1158  1158 D IccCardProxy: Icc changed. Reregestering.
08-09 10:44:51.658  1158  1158 D UiccCardApplication: Notifying 1 registrant: READY
08-09 10:44:51.660  1158  1158 E IccCardProxy: setExternalState: set mPhoneId=0 mExternalState=READY
08-09 10:44:51.660  1158  1158 D TelephonyManager: setTelephonyProperty: success phoneId=0 property=gsm.sim.state value: READY propVal=READY
08-09 10:44:51.661   191   280 D RILC    : RequestComplete, RIL_SOCKET_1
08-09 10:44:51.661   191   280 E RILC    : Send Response to RIL_SOCKET_1
08-09 10:44:51.662  1158  1158 D SubscriptionController: [getSubId]- mSlotIdToSubIdMap.size == 0, return DummySubIds slotIdx=0
08-09 10:44:51.662  1158  1158 D SubscriptionController: getDummySubIds: slotIdx=0 return 1 DummySubIds with each subId=-2
08-09 10:44:51.663  1158  1158 D IccCardProxy: broadcastIccStateChangedIntent intent ACTION_SIM_STATE_CHANGED value=READY reason=null for mPhoneId=0
08-09 10:44:51.663  1158  1299 D RILJ    : [3683]< SIM_IO IccIoResponse sw1:0x90 sw2:0x0 [SUB0]
08-09 10:44:51.665  1158  1158 D CAT     : CatService: handleMessage[8]
08-09 10:44:51.665  1158  1158 D CAT     : CatService: MSG_ID_ICC_CHANGED
08-09 10:44:51.666  1158  1158 D CAT     : CatService: New Card State = CARDSTATE_PRESENT Old Card State = CARDSTATE_PRESENT
08-09 10:44:51.666  1158  1158 D GsmSST  : [GsmSST] SubscriptionListener.onSubscriptionInfoChanged
08-09 10:44:51.667  1158  1158 D SubscriptionController: [getSubId]- mSlotIdToSubIdMap.size == 0, return DummySubIds slotIdx=0
08-09 10:44:51.668  1158  1158 D SubscriptionController: getDummySubIds: slotIdx=0 return 1 DummySubIds with each subId=-2
08-09 10:44:51.668  1158  1158 D DCT     : [0]SubscriptionListener.onSubscriptionInfoChanged
08-09 10:44:51.668  1158  1158 D SubscriptionController: [getSubId]- mSlotIdToSubIdMap.size == 0, return DummySubIds slotIdx=0
08-09 10:44:51.668   722   786 D TelephonyManager: getSimOperatorNumeric(): default subId=1
08-09 10:44:51.669  1158  1158 D SubscriptionController: getDummySubIds: slotIdx=0 return 1 DummySubIds with each subId=-2
08-09 10:44:51.669  1158  1158 D DctController: onSubInfoReady mPhoneNum=1
08-09 10:44:51.669  1158  1158 D SubscriptionController: [getSubId]- mSlotIdToSubIdMap.size == 0, return DummySubIds slotIdx=0
08-09 10:44:51.669  1158  1158 D SubscriptionController: getDummySubIds: slotIdx=0 return 1 DummySubIds with each subId=-2
08-09 10:44:51.669  1158  1158 D DctController: onSubInfoReady handle pending requests subId=-2
08-09 10:44:51.669  1158  1361 D SubscriptionController: [getPhoneId]- no sims, returning default phoneId=2147483647
08-09 10:44:51.669  1158  1158 D SubscriptionController: [getSubId]- mSlotIdToSubIdMap.size == 0, return DummySubIds slotIdx=0
08-09 10:44:51.670  1158  1158 D SubscriptionController: getDummySubIds: slotIdx=0 return 1 DummySubIds with each subId=-2
08-09 10:44:51.670  1158  1158 D DctController: [TNF -2]evalPendingRequest, pending request size is 1
08-09 10:44:51.671  1158  1158 D SubscriptionController: [getSubId]- mSlotIdToSubIdMap.size == 0, return DummySubIds slotIdx=0
08-09 10:44:51.671  1158  1158 D SubscriptionController: getDummySubIds: slotIdx=0 return 1 DummySubIds with each subId=-2
08-09 10:44:51.671  1158  1158 D DctController: [TNF -2]evalPendingRequest: request = NetworkRequest [ id=1, legacyType=-1, [ Capabilities: INTERNET&NOT_RESTRICTED&TRUSTED&NOT_VPN] ]
08-09 10:44:51.672  1158  1158 D SubscriptionController: [getSubId]- mSlotIdToSubIdMap.size == 0, return DummySubIds slotIdx=0
08-09 10:44:51.673  1158  1158 D SubscriptionController: getDummySubIds: slotIdx=0 return 1 DummySubIds with each subId=-2
08-09 10:44:51.673  1158  1158 D DctController: [TNF -2]Cellular needs Network for NetworkRequest [ id=1, legacyType=-1, [ Capabilities: INTERNET&NOT_RESTRICTED&TRUSTED&NOT_VPN] ]
08-09 10:44:51.673  1158  1158 D SubscriptionController: [getSubId]- mSlotIdToSubIdMap.size == 0, return DummySubIds slotIdx=0
08-09 10:44:51.673   722   786 D TelephonyManager: getTelephonyProperty: return propVal='null' phoneId=2147483647 property='gsm.sim.operator.numeric' defaultVal='' prop=
08-09 10:44:51.673  1158  1158 D SubscriptionController: getDummySubIds: slotIdx=0 return 1 DummySubIds with each subId=-2
08-09 10:44:51.673  1158  1158 D SubscriptionController: [getSubId]- mSlotIdToSubIdMap.size == 0, return DummySubIds slotIdx=0
08-09 10:44:51.673  1158  1158 D SubscriptionController: getDummySubIds: slotIdx=0 return 1 DummySubIds with each subId=-2
08-09 10:44:51.673  1158  1158 D DctController: [TNF -2]Sub Info has not been ready, pending request.
08-09 10:44:51.674  1158  1158 D DctController: processRequests
08-09 10:44:51.676  1158  1158 D SubscriptionController: [getActiveSubInfoList]+
08-09 10:44:51.678  1158  1158 D SubscriptionController: [getActiveSubInfoList] Sub Controller not ready
08-09 10:44:51.683   191   280 D RILC    : RequestComplete, RIL_SOCKET_1
08-09 10:44:51.683   191   280 E RILC    : Send Response to RIL_SOCKET_1
08-09 10:44:51.684  1158  1299 D RILJ    : [3684]< SIM_IO IccIoResponse sw1:0x90 sw2:0x0 [SUB0]
08-09 10:44:51.684  1158  1158 E PhoneBase: Error! unregisterForCallWaiting() in PhoneBase should not be called, CDMAPhone inactive.
08-09 10:44:51.687  1158  1158 D SubscriptionController: [getSubId]- mSlotIdToSubIdMap.size == 0, return DummySubIds slotIdx=0
08-09 10:44:51.687  1158  1158 D SubscriptionController: getDummySubIds: slotIdx=0 return 1 DummySubIds with each subId=-2
08-09 10:44:51.687  1158  1158 D SubscriptionController: [getSubId]- mSlotIdToSubIdMap.size == 0, return DummySubIds slotIdx=0
08-09 10:44:51.687  1158  1158 D SubscriptionController: getDummySubIds: slotIdx=0 return 1 DummySubIds with each subId=-2
08-09 10:44:51.689  1158  1158 D SubscriptionController: [getPhoneId]- invalid subId return=-1
08-09 10:44:51.692  1158  1158 D PhoneFactory: getPhone:- phoneId != DEFAULT_PHONE_ID return sProxyPhones[phoneId] phoneId=-1 phone=null
08-09 10:44:51.693  1158  1158 D SubscriptionManager: [getPhoneId]- fail
08-09 10:44:51.715   191   280 D RILC    : RequestComplete, RIL_SOCKET_1
08-09 10:44:51.715   191   280 E RILC    : Send Response to RIL_SOCKET_1
08-09 10:44:51.717  1158  1299 D RilRequest: [3685]< SIM_IO error: com.android.internal.telephony.CommandException: GENERIC_FAILURE ret=IccIoResponse sw1:0x6a sw2:0x82
08-09 10:44:51.774   191   280 D RILC    : RequestComplete, RIL_SOCKET_1
08-09 10:44:51.774   191   280 E RILC    : Send Response to RIL_SOCKET_1
08-09 10:44:51.777  1158  1299 D RILJ    : [3686]< SIM_IO IccIoResponse sw1:0x90 sw2:0x0 [SUB0]
08-09 10:44:51.783   191   280 D RILC    : RequestComplete, RIL_SOCKET_1
08-09 10:44:51.783   191   280 E RILC    : Send Response to RIL_SOCKET_1
08-09 10:44:51.785  1158  1299 D RilRequest: [3687]< SIM_IO error: com.android.internal.telephony.CommandException: GENERIC_FAILURE ret=IccIoResponse sw1:0x94 sw2:0x4
08-09 10:44:51.806   191   280 D RILC    : RequestComplete, RIL_SOCKET_1
08-09 10:44:51.806   191   280 E RILC    : Send Response to RIL_SOCKET_1
08-09 10:44:51.808  1158  1299 D RilRequest: [3688]< SIM_IO error: com.android.internal.telephony.CommandException: GENERIC_FAILURE ret=IccIoResponse sw1:0x6a sw2:0x82
08-09 10:44:51.809   191   280 D RILC    : RequestComplete, RIL_SOCKET_1
08-09 10:44:51.809   191   280 E RILC    : Send Response to RIL_SOCKET_1
08-09 10:44:51.810  1158  1299 D RilRequest: [3689]< SIM_IO error: com.android.internal.telephony.CommandException: GENERIC_FAILURE ret=IccIoResponse sw1:0x94 sw2:0x4
08-09 10:44:51.822  1158  1158 E PhoneBase: Error! registerForCallWaiting() in PhoneBase should not be called, CDMAPhone inactive.
08-09 10:44:51.834  1158  1158 D UiccCard: Error in SIM access with exceptioncom.android.internal.telephony.CommandException: NO_SUCH_ELEMENT
08-09 10:44:51.836  1158  1158 D DCT     : [0]handleMessage msg={ when=-242ms what=270377 obj=android.os.AsyncResult@31385376 target=com.android.internal.telephony.dataconnection.DcTracker }
08-09 10:44:51.836  1158  1158 D DCT     : [0]setupDataOnConnectableApns: nwTypeChanged
08-09 10:44:51.837  1158  1158 D DCT     : [0]setupDataOnConnectableApns: apnContext {mApnType=hipri mState=IDLE mWaitingApns={null} mWaitingApnsPermanentFailureCountDown=0 mApnSetting={null} mReason=radioTurnedOff mDataEnabled=false mDependencyMet=true}
08-09 10:44:51.838  1158  1158 D DCT     : [0]setupDataOnConnectableApns: apnContext {mApnType=mms mState=IDLE mWaitingApns={null} mWaitingApnsPermanentFailureCountDown=0 mApnSetting={null} mReason=radioTurnedOff mDataEnabled=false mDependencyMet=true}
08-09 10:44:51.839  1158  1158 D DCT     : [0]setupDataOnConnectableApns: apnContext {mApnType=supl mState=IDLE mWaitingApns={null} mWaitingApnsPermanentFailureCountDown=0 mApnSetting={null} mReason=radioTurnedOff mDataEnabled=false mDependencyMet=true}
08-09 10:44:51.839  1158  1158 D DCT     : [0]setupDataOnConnectableApns: apnContext {mApnType=cbs mState=IDLE mWaitingApns={null} mWaitingApnsPermanentFailureCountDown=0 mApnSetting={null} mReason=radioTurnedOff mDataEnabled=false mDependencyMet=true}
08-09 10:44:51.840  1158  1158 D DCT     : [0]setupDataOnConnectableApns: apnContext {mApnType=dun mState=IDLE mWaitingApns={null} mWaitingApnsPermanentFailureCountDown=0 mApnSetting={null} mReason=radioTurnedOff mDataEnabled=false mDependencyMet=true}
08-09 10:44:51.840  1158  1158 D DCT     : [0]setupDataOnConnectableApns: apnContext {mApnType=fota mState=IDLE mWaitingApns={null} mWaitingApnsPermanentFailureCountDown=0 mApnSetting={null} mReason=radioTurnedOff mDataEnabled=false mDependencyMet=true}
08-09 10:44:51.841   191   280 D RILC    : RequestComplete, RIL_SOCKET_1
08-09 10:44:51.841   191   280 E RILC    : Send Response to RIL_SOCKET_1
08-09 10:44:51.841  1158  1158 D DCT     : [0]setupDataOnConnectableApns: apnContext {mApnType=ims mState=IDLE mWaitingApns={null} mWaitingApnsPermanentFailureCountDown=0 mApnSetting={null} mReason=radioTurnedOff mDataEnabled=false mDependencyMet=true}
08-09 10:44:51.842  1158  1299 D RilRequest: [3690]< SIM_IO error: com.android.internal.telephony.CommandException: GENERIC_FAILURE ret=IccIoResponse sw1:0x6a sw2:0x82
