01-01 08:00:00.520   170   170 I auditd  : type=2000 audit(0.0:1): initialized
08-09 10:44:26.530   170   170 I auditd  : type=1403 audit(0.0:2): policy loaded auid=4294967295 ses=4294967295
08-09 10:44:26.530   170   170 I auditd  : type=1404 audit(0.0:3): enforcing=1 old_enforcing=0 auid=4294967295 ses=4294967295
08-09 10:44:28.430   203   203 I boot_progress_start: 4048
08-09 10:44:29.624   203   203 I boot_progress_preload_start: 5242
08-09 10:44:36.273   203   203 I boot_progress_preload_end: 11891
08-09 10:44:36.581   722   722 I boot_progress_system_run: 12199
08-09 10:44:37.226   722   722 I boot_progress_pms_start: 12844
08-09 10:44:37.990   722   722 I boot_progress_pms_system_scan_start: 13608
08-09 10:44:42.099   722   722 I boot_progress_pms_data_scan_start: 17717
08-09 10:44:42.696   722   722 I boot_progress_pms_scan_end: 18314
08-09 10:44:43.044   722   722 I boot_progress_pms_ready: 18662
08-09 10:44:43.154   722   738 I battery_status: [2,2,1,2,Li-ion]
08-09 10:44:43.154   722   738 I battery_level: [40,3796,343]
08-09 10:44:43.494   722   722 I wm_stack_created: [0,0,0,0,0]
08-09 10:44:43.644   722   722 I configuration_changed: 7672
08-09 10:44:43.670   722   722 I configuration_changed: 1288
08-09 10:44:44.682   722   722 I free_storage_left: [13217017856,687144960,710078464]
08-09 10:44:44.682   722   722 I free_storage_changed: 13217017856
08-09 10:44:45.417   722   722 I configuration_changed: 512
08-09 10:44:45.602   722   722 I boot_progress_ams_ready: 21220
08-09 10:44:45.763   722   722 I am_proc_start: [0,848,1037,WebViewLoader-armeabi-v7a,,]
08-09 10:44:45.872   722   722 I am_proc_start: [0,867,10013,com.android.systemui,service,com.android.systemui/.SystemUIService]
08-09 10:44:46.028   722   787 I am_proc_start: [0,890,10005,android.process.media,broadcast,com.android.providers.media/.MtpReceiver]
08-09 10:44:46.031   722   738 I am_proc_bound: [0,867,com.android.systemui]
08-09 10:44:46.138   722   739 I am_proc_bound: [0,890,android.process.media]
08-09 10:44:46.728   722   812 I notification_cancel_all: [10005,890,com.android.providers.downloads,0,0,64,9,NULL]
08-09 10:44:46.881   722   738 I am_proc_start: [0,1014,1000,com.android.settings,broadcast,com.android.settings/.widget.SettingsAppWidgetProvider]
08-09 10:44:46.906   722   822 I netstats_mobile_sample: [0,0,0,0,0,0,0,0,0,0,0,0,-1]
08-09 10:44:46.906   722   822 I netstats_wifi_sample: [0,0,0,0,0,0,0,0,0,0,0,0,-1]
08-09 10:44:47.174   722   722 I am_proc_start: [0,1058,10034,com.android.inputmethod.latin,service,com.android.inputmethod.latin/.LatinIME]
08-09 10:44:47.176   722   812 I am_proc_bound: [0,1014,com.android.settings]
08-09 10:44:47.349   722   927 I am_proc_bound: [0,1058,com.android.inputmethod.latin]
08-09 10:44:47.671   722   722 I am_proc_start: [0,1103,1027,com.android.nfc,added application,com.android.nfc]
08-09 10:44:47.821   722   722 I am_proc_start: [0,1158,1001,com.android.phone,added application,com.android.phone]
08-09 10:44:47.855   722   722 I am_create_task: [0,1]
08-09 10:44:47.855   722   722 I am_create_activity: [0,179938266,1,com.android.launcher3/.Launcher,android.intent.action.MAIN,NULL,NULL,268435456]
08-09 10:44:47.860   722   722 I wm_task_created: [1,0]
08-09 10:44:47.860   722   722 I wm_task_moved: [1,1,0]
08-09 10:44:47.991   722   722 I am_proc_start: [0,1206,10035,com.android.launcher3,activity,com.android.launcher3/.Launcher]
08-09 10:44:47.993   722   722 I am_focused_activity: [0,com.android.launcher3/.Launcher]
08-09 10:44:48.003   722  1089 I am_proc_bound: [0,1103,com.android.nfc]
08-09 10:44:48.132   722  1089 I am_proc_bound: [0,1158,com.android.phone]
08-09 10:44:48.327   722   786 I am_proc_start: [0,1251,10046,com.android.printspooler,service,com.android.printspooler/.model.PrintSpoolerService]
08-09 10:44:48.336   722  1239 I am_proc_bound: [0,1206,com.android.launcher3]
08-09 10:44:48.346   722  1239 I am_restart_activity: [0,179938266,1,com.android.launcher3/.Launcher]
08-09 10:44:48.556   722  1270 I am_proc_start: [0,1272,10002,android.process.acore,content provider,com.android.providers.contacts/.CallLogProvider]
08-09 10:44:48.613   722  1252 I force_gc: Binder
08-09 10:44:48.801   722  1252 I am_proc_bound: [0,1251,com.android.printspooler]
08-09 10:44:48.816   722   927 I am_proc_bound: [0,1272,android.process.acore]
08-09 10:44:48.867   722   722 I notification_enqueue: [1000,722,android,17040636,NULL,-1,Notification(pri=-2 contentView=null vibrate=null sound=null defaults=0x0 flags=0x2 color=0xff607d8b vis=PUBLIC),0]
08-09 10:44:48.901   722   722 I notification_enqueue: [1000,722,android,17040644,NULL,-1,Notification(pri=-1 contentView=null vibrate=null sound=null defaults=0x0 flags=0x2 color=0xff607d8b vis=PUBLIC),0]
08-09 10:44:49.472   722   739 I am_proc_start: [0,1314,10052,com.android.smspush,service,com.android.smspush/.WapPushManager]
08-09 10:44:49.729   722  1239 I am_proc_bound: [0,1314,com.android.smspush]
08-09 10:44:49.801   722   722 I backup_transport_lifecycle: [android/com.android.internal.backup.LocalTransportService,1]
08-09 10:44:49.898   722   722 I notification_cancel: [10013,867,com.android.systemui,100,low_battery,-1,0,64,8,NULL]
08-09 10:44:49.944   722   822 I netstats_mobile_sample: [0,0,0,0,0,0,0,0,0,0,0,0,-1]
08-09 10:44:49.944   722   822 I netstats_wifi_sample: [0,0,0,0,0,0,0,0,0,0,0,0,-1]
08-09 10:44:50.114  1206  1206 I am_on_resume_called: [0,com.android.launcher3.Launcher]
08-09 10:44:50.130  1158  1158 I gsm_service_state_change: [1,1,3,3]
08-09 10:44:50.635   722   722 I am_proc_start: [0,1385,10038,com.android.music,broadcast,com.android.music/.MediaButtonIntentReceiver]
08-09 10:44:50.792   722   792 I am_activity_launch_time: [0,179938266,com.android.launcher3/.Launcher,2932,2932]
08-09 10:44:50.824   722  1295 I am_proc_bound: [0,1385,com.android.music]
08-09 10:44:50.970   722  1295 I force_gc: Binder
08-09 10:44:51.566  1158  1158 I gsm_service_state_change: [3,3,1,1]
08-09 10:44:51.722   722   787 I boot_progress_enable_screen: 27339
08-09 10:44:51.728   722   787 I screen_toggled: 1
08-09 10:44:51.951   722  1252 I configuration_changed: 3
08-09 10:44:51.966   722  1252 I am_relaunch_resume_activity: [0,179938266,1,com.android.launcher3/.Launcher]
08-09 10:44:51.994  1206  1206 I am_on_paused_called: [0,com.android.launcher3.Launcher]
08-09 10:44:52.107   176   176 I sf_frame_dur: [com.android.launcher3/com.android.launcher3.Launcher,8,2,3,0,0,1,0]
08-09 10:44:52.423  1206  1206 I am_on_resume_called: [0,com.android.launcher3.Launcher]
08-09 10:44:52.446   722   722 I notification_cancel: [10013,867,com.android.systemui,100,low_battery,-1,0,64,8,NULL]
08-09 10:44:54.826   722   739 I force_gc: Binder
08-09 10:44:54.889   722   722 I notification_cancel: [1001,1158,com.android.phone,3,1,-1,0,64,8,NULL]
08-09 10:44:54.891   722   722 I notification_cancel: [1001,1158,com.android.phone,4,1,-1,0,64,8,NULL]
08-09 10:44:55.497   722  1296 I notification_expansion: [-1|android|17040644|null|1000,0,1]
08-09 10:44:55.913   176   176 I sf_frame_dur: [BootAnimation,4,18,290,13,0,0,0]
08-09 10:44:56.224   722  1504 I am_proc_start: [0,1539,1000,com.android.keychain,service,com.android.keychain/.KeyChainService]
08-09 10:44:56.330   722   927 I notification_expansion: [-1|android|17040644|null|1000,0,0]
08-09 10:44:56.356   722  1089 I am_proc_bound: [0,1539,com.android.keychain]
08-09 10:44:56.402   722   722 I notification_cancel: [1000,722,android,17039590,NULL,0,0,0,8,NULL]
08-09 10:44:56.416   867   867 I sysui_status_bar_state: [1,1,0,0,0,1]
08-09 10:44:56.427   722  1296 I notification_panel_revealed: []
08-09 10:44:56.429   722   812 I notification_visibility_changed: [-1|android|17040644|null|1000;-1|android|17040636|null|1000,]
08-09 10:44:57.131   176   176 I sf_frame_dur: [KeyguardScrim,0,0,0,0,0,0,1]
08-09 10:44:57.279   722  1295 I notification_visibility_changed: [,-1|android|17040636|null|1000]
08-09 10:44:57.429   722  1295 I am_proc_start: [0,1570,10004,com.android.dialer,broadcast,com.android.dialer/.calllog.CallLogReceiver]
08-09 10:44:57.518   722  1089 I am_proc_bound: [0,1570,com.android.dialer]
08-09 10:44:57.664   722   722 I am_proc_start: [0,1591,10001,com.android.providers.calendar,broadcast,com.android.providers.calendar/.CalendarReceiver]
08-09 10:44:57.733   722   722 I notification_cancel: [10004,1570,com.android.dialer,1,DefaultVoicemailNotifier,0,0,64,8,NULL]
08-09 10:44:57.763   722  1296 I am_proc_bound: [0,1591,com.android.providers.calendar]
08-09 10:44:57.882   722  1245 I notification_cancel_all: [10005,890,com.android.providers.downloads,0,0,64,9,NULL]
08-09 10:44:57.951   722   738 I am_proc_start: [0,1620,10007,com.android.managedprovisioning,broadcast,com.android.managedprovisioning/.BootReminder]
08-09 10:44:58.049   722  1245 I am_proc_bound: [0,1620,com.android.managedprovisioning]
08-09 10:44:58.397   722  1295 I am_proc_start: [0,1651,10008,com.android.mms,broadcast,com.android.mms/.transaction.MmsSystemEventReceiver]
08-09 10:44:58.485   722  1089 I am_proc_bound: [0,1651,com.android.mms]
08-09 10:44:58.698   722   739 I am_proc_start: [0,1691,10010,com.android.onetimeinitializer,broadcast,com.android.onetimeinitializer/.OneTimeInitializerReceiver]
08-09 10:44:58.740   722   722 I notification_cancel: [10008,1651,com.android.mms,123,NULL,0,0,64,8,NULL]
08-09 10:44:58.774   722  1239 I am_proc_bound: [0,1691,com.android.onetimeinitializer]
08-09 10:44:58.887   722   738 I am_proc_start: [0,1714,10015,com.android.voicedialer,broadcast,com.android.voicedialer/.VoiceDialerReceiver]
08-09 10:44:58.908   722   722 I notification_cancel: [10008,1651,com.android.mms,123,NULL,0,0,64,8,NULL]
08-09 10:44:58.956   722   739 I am_proc_bound: [0,1714,com.android.voicedialer]
08-09 10:44:59.100   722  1089 I am_proc_start: [0,1733,10021,com.android.calendar,broadcast,com.android.calendar/.alerts.AlertReceiver]
08-09 10:44:59.152   722  1296 I am_proc_bound: [0,1733,com.android.calendar]
08-09 10:44:59.318   722  1252 I am_proc_start: [0,1758,10025,com.android.deskclock,broadcast,com.android.deskclock/.AlarmInitReceiver]
08-09 10:44:59.435   722  1252 I am_proc_bound: [0,1758,com.android.deskclock]
08-09 10:44:59.713   722   738 I am_proc_start: [0,1788,10028,com.android.email,broadcast,com.android.email/.service.EmailBroadcastReceiver]
08-09 10:44:59.803   722   739 I am_proc_bound: [0,1788,com.android.email]
08-09 10:44:59.814   722  1252 I force_gc: Binder
08-09 10:45:00.074   722   812 I am_proc_start: [0,1807,10029,com.android.exchange,service,com.android.exchange/.service.EasService]
08-09 10:45:00.177   722  1252 I am_proc_bound: [0,1807,com.android.exchange]
08-09 10:45:00.331   722  1089 I am_proc_start: [0,1847,10054,com.zhihu.android,broadcast,com.zhihu.android/com.avos.avoscloud.AVBroadcastReceiver]
08-09 10:45:00.422   722  1296 I am_proc_bound: [0,1847,com.zhihu.android]
08-09 10:45:01.950   722   827 I netstats_mobile_sample: [0,0,0,0,0,0,0,0,0,0,0,0,-1]
08-09 10:45:01.950   722   827 I netstats_wifi_sample: [0,0,0,0,0,0,0,0,0,0,0,0,-1]
08-09 10:45:01.972   722   827 I netstats_mobile_sample: [0,0,0,0,0,0,0,0,0,0,0,0,-1]
08-09 10:45:01.972   722   827 I netstats_wifi_sample: [0,0,0,0,0,0,0,0,0,0,0,0,-1]
08-09 10:45:03.639   722   812 I notification_cancel_all: [10005,890,com.android.providers.downloads,0,0,64,9,NULL]
08-09 10:45:03.831   722   827 I netstats_mobile_sample: [0,0,0,0,0,0,0,0,0,0,0,0,1492084798876]
08-09 10:45:03.831   722   827 I netstats_wifi_sample: [74901,84,8442,95,74817,83,6816,93,74417,77,6736,91,1492084798876]
08-09 10:45:03.854  1158  1202 I force_gc: Binder
08-09 10:45:06.559   722   794 I power_sleep_requested: 0
08-09 10:45:06.574   722   722 I am_pause_activity: [0,179938266,com.android.launcher3/.Launcher]
08-09 10:45:06.579  1206  1206 I am_on_paused_called: [0,com.android.launcher3.Launcher]
08-09 10:45:06.606   722   787 I am_focused_activity: [0,com.android.launcher3/.Launcher]
08-09 10:45:06.629   722   722 I power_screen_state: [0,3,0,0]
08-09 10:45:06.629   722   722 I screen_toggled: 0
08-09 10:45:06.655   722  1239 I notification_visibility_changed: [,-1|android|17040644|null|1000]
08-09 10:45:06.656   722   812 I notification_panel_hidden: []
08-09 10:45:06.666   722   722 I power_screen_broadcast_send: 1
08-09 10:45:06.804   722   722 I power_screen_broadcast_done: [1,139,1]
08-09 10:45:06.804   722   722 I power_screen_broadcast_send: 1
08-09 10:45:06.842   867   867 I sysui_heads_up_status: [,0]
08-09 10:45:06.846   722   722 I power_screen_broadcast_done: [0,42,1]
08-09 10:45:08.220   722   738 I battery_status: [3,2,1,2,Li-ion]
08-09 10:45:08.229   722   722 I notification_cancel: [10013,867,com.android.systemui,100,low_battery,-1,0,64,8,NULL]
08-09 10:45:08.524   722  1245 I battery_status: [3,2,1,0,Li-ion]
08-09 10:45:08.533   722   722 I notification_cancel: [10013,867,com.android.systemui,100,low_battery,-1,0,64,8,NULL]
08-09 10:45:08.569   722   722 I power_screen_state: [1,0,0,0]
08-09 10:45:08.569   722   722 I screen_toggled: 1
08-09 10:45:08.572   722   722 I power_screen_broadcast_send: 1
08-09 10:45:08.608   722   739 I notification_panel_revealed: []
08-09 10:45:08.609   722  1239 I notification_visibility_changed: [-1|android|17040644|null|1000,]
08-09 10:45:08.653   722   722 I power_screen_broadcast_done: [1,82,1]
08-09 10:45:08.668   722   722 I notification_cancel: [10021,1733,com.android.calendar,0,NULL,0,0,64,8,NULL]
08-09 10:45:08.669   722   722 I notification_cancel: [10021,1733,com.android.calendar,1,NULL,0,0,64,8,NULL]
08-09 10:45:08.669   722   722 I notification_cancel: [10021,1733,com.android.calendar,2,NULL,0,0,64,8,NULL]
08-09 10:45:08.670   722   722 I notification_cancel: [10021,1733,com.android.calendar,3,NULL,0,0,64,8,NULL]
08-09 10:45:08.671   722   722 I notification_cancel: [10021,1733,com.android.calendar,4,NULL,0,0,64,8,NULL]
08-09 10:45:08.672   722   722 I notification_cancel: [10021,1733,com.android.calendar,5,NULL,0,0,64,8,NULL]
08-09 10:45:08.672   722   722 I notification_cancel: [10021,1733,com.android.calendar,6,NULL,0,0,64,8,NULL]
08-09 10:45:08.673   722   722 I notification_cancel: [10021,1733,com.android.calendar,7,NULL,0,0,64,8,NULL]
08-09 10:45:08.673   722   722 I notification_cancel: [10021,1733,com.android.calendar,8,NULL,0,0,64,8,NULL]
08-09 10:45:08.674   722   722 I notification_cancel: [10021,1733,com.android.calendar,9,NULL,0,0,64,8,NULL]
08-09 10:45:08.675   722   722 I notification_cancel: [10021,1733,com.android.calendar,10,NULL,0,0,64,8,NULL]
08-09 10:45:08.675   722   722 I notification_cancel: [10021,1733,com.android.calendar,11,NULL,0,0,64,8,NULL]
08-09 10:45:08.676   722   722 I notification_cancel: [10021,1733,com.android.calendar,12,NULL,0,0,64,8,NULL]
08-09 10:45:08.676   722   722 I notification_cancel: [10021,1733,com.android.calendar,13,NULL,0,0,64,8,NULL]
08-09 10:45:08.677   722   722 I notification_cancel: [10021,1733,com.android.calendar,14,NULL,0,0,64,8,NULL]
08-09 10:45:08.678   722   722 I notification_cancel: [10021,1733,com.android.calendar,15,NULL,0,0,64,8,NULL]
08-09 10:45:08.678   722   722 I notification_cancel: [10021,1733,com.android.calendar,16,NULL,0,0,64,8,NULL]
08-09 10:45:08.679   722   722 I notification_cancel: [10021,1733,com.android.calendar,17,NULL,0,0,64,8,NULL]
08-09 10:45:08.679   722   722 I notification_cancel: [10021,1733,com.android.calendar,18,NULL,0,0,64,8,NULL]
08-09 10:45:08.680   722   722 I notification_cancel: [10021,1733,com.android.calendar,19,NULL,0,0,64,8,NULL]
08-09 10:45:08.681   722   722 I notification_cancel: [10021,1733,com.android.calendar,20,NULL,0,0,64,8,NULL]
08-09 10:45:09.034   722  1295 I battery_status: [2,2,1,0,Li-ion]
08-09 10:45:09.040   722   722 I notification_cancel: [10013,867,com.android.systemui,100,low_battery,-1,0,64,8,NULL]
08-09 10:45:09.072   722   722 I notification_cancel: [1000,722,android,17040636,NULL,-1,0,0,8,NULL]
08-09 10:45:09.075   722   722 I notification_canceled: [-1|android|17040636|null|1000,8]
08-09 10:45:09.076   722   722 I notification_cancel: [1000,722,android,17040644,NULL,-1,0,0,8,NULL]
08-09 10:45:09.078   722   722 I notification_canceled: [-1|android|17040644|null|1000,8]
08-09 10:45:09.098   722   722 I notification_cancel: [10013,867,com.android.systemui,100,low_battery,-1,0,64,8,NULL]
08-09 10:45:09.109   722   722 I notification_cancel: [10013,867,com.android.systemui,100,low_battery,-1,0,64,8,NULL]
08-09 10:45:09.115   176   176 I sf_frame_dur: [ColorFade,25,1,0,1,0,0,0]
08-09 10:45:09.213   722   812 I notification_visibility_changed: [,-1|android|17040644|null|1000]
08-09 10:45:09.400   722   927 I battery_status: [2,2,1,2,Li-ion]
08-09 10:45:09.495   722   722 I notification_cancel: [10013,867,com.android.systemui,100,low_battery,-1,0,64,8,NULL]
08-09 10:45:09.557   722   722 I notification_enqueue: [1000,722,android,17040636,NULL,-1,Notification(pri=-2 contentView=null vibrate=null sound=null defaults=0x0 flags=0x2 color=0xff607d8b vis=PUBLIC),0]
08-09 10:45:09.574   722   722 I notification_enqueue: [1000,722,android,17040644,NULL,-1,Notification(pri=-1 contentView=null vibrate=null sound=null defaults=0x0 flags=0x2 color=0xff607d8b vis=PUBLIC),0]
08-09 10:45:15.045   722   738 I am_proc_start: [0,2220,10031,com.android.gallery3d,broadcast,com.android.gallery3d/.app.PackagesMonitor]
08-09 10:45:15.119   722  1296 I am_proc_bound: [0,2220,com.android.gallery3d]
08-09 10:45:15.431   722  1296 I notification_visibility_changed: [-1|android|17040644|null|1000,]
08-09 10:45:15.481   867   867 I sysui_lockscreen_gesture: [1,196,4472]
08-09 10:45:15.566   722  1089 I notification_visibility_changed: [,-1|android|17040644|null|1000]
08-09 10:45:15.567   722   812 I notification_panel_hidden: []
08-09 10:45:15.573   867   867 I screen_toggled: 2
08-09 10:45:16.298   722   739 I notification_expansion: [-1|android|17040644|null|1000,0,1]
08-09 10:45:16.323   867   867 I sysui_status_bar_state: [0,0,0,0,0,1]
08-09 10:45:16.329   722  1252 I am_resume_activity: [0,179938266,1,com.android.launcher3/.Launcher]
08-09 10:45:16.498  1206  1206 I am_on_resume_called: [0,com.android.launcher3.Launcher]
04-13 20:00:39.779   722   722 I notification_cancel: [1000,722,android,100,CaptivePortal.Notification,0,0,0,8,NULL]
04-13 20:00:41.096   722  1295 I wm_stack_created: [1,0,0,0,0]
04-13 20:00:41.115   722  1295 I am_home_stack_moved: [0,0,1,1,startingNewTask]
04-13 20:00:41.116   722  1295 I am_create_task: [0,2]
04-13 20:00:41.116   722  1295 I am_create_activity: [0,493462982,2,com.zhihu.android/.app.ui.activity.MainActivity,android.intent.action.MAIN,NULL,NULL,270532608]
04-13 20:00:41.131   722  1295 I wm_task_created: [2,1]
04-13 20:00:41.131   722  1295 I wm_task_moved: [2,1,0]
04-13 20:00:41.132   722  1295 I am_pause_activity: [0,179938266,com.android.launcher3/.Launcher]
04-13 20:00:41.139  1206  1206 I am_on_paused_called: [0,com.android.launcher3.Launcher]
04-13 20:00:41.146   722  1295 I am_home_stack_moved: [0,0,1,1,startedActivity setFocusedActivity]
04-13 20:00:41.147   722  1295 I am_focused_activity: [0,com.zhihu.android/.app.ui.activity.MainActivity]
04-13 20:00:41.159   722  1296 I am_restart_activity: [0,493462982,2,com.zhihu.android/.app.ui.activity.MainActivity]
04-13 20:00:41.613   722   927 I force_gc: Binder
04-13 20:00:41.742   176   176 I sf_frame_dur: [com.android.launcher3/com.android.launcher3.Launcher,24,2,4,2,2,1,3]
04-13 20:00:42.115  1847  1847 I am_on_resume_called: [0,com.zhihu.android.app.ui.activity.MainActivity]
04-13 20:00:42.744   722   792 I am_activity_launch_time: [0,493462982,com.zhihu.android/.app.ui.activity.MainActivity,1595,1595]
04-13 20:00:46.328   722   787 I am_proc_start: [0,2520,10009,com.android.musicfx,broadcast,com.android.musicfx/.ControlPanelReceiver]
04-13 20:00:46.434   722  1296 I am_proc_bound: [0,2520,com.android.musicfx]
04-13 20:00:46.471   722   812 I am_kill : [0,1385,com.android.music,15,empty #17]
04-13 20:00:46.580   722  1239 I am_proc_died: [0,1385,com.android.music]
04-13 20:00:49.195   176   176 I sf_frame_dur: [VolumePanel,0,1,0,0,0,0,0]
04-13 20:00:59.406   867   867 I sysui_panelholder_touch: [0,278,60]
04-13 20:00:59.436   722  1252 I notification_panel_revealed: []
04-13 20:00:59.447   722  1239 I notification_visibility_changed: [-1|android|17040644|null|1000;-1|android|17040636|null|1000,]
04-13 20:01:00.094   722   927 I notification_visibility_changed: [,-1|android|17040644|null|1000;-1|android|17040636|null|1000]
04-13 20:01:00.095   722  1089 I notification_panel_hidden: []
04-13 20:01:05.026   722   722 I notification_cancel: [10054,1847,com.zhihu.android,1,NULL,0,0,64,8,NULL]
04-13 20:01:07.012   722  1244 I battery_level: [39,3723,353]
04-13 20:01:07.019   722   722 I notification_cancel: [10013,867,com.android.systemui,100,low_battery,-1,0,64,8,NULL]
04-13 20:01:07.315   722   722 I notification_cancel: [10054,1847,com.zhihu.android,0,NULL,0,0,64,8,NULL]
04-13 20:01:09.181   722  1244 I am_home_stack_moved: [0,0,1,1,intentActivityFound]
04-13 20:01:09.181   722  1244 I wm_task_moved: [2,1,0]
04-13 20:01:09.185   722  1244 I am_new_intent: [0,975499694,2,com.zhihu.android/.app.ui.activity.MainActivity,android.intent.action.MAIN,NULL,NULL,270532608]
04-13 20:01:09.374   722   722 I notification_cancel: [10054,1847,com.zhihu.android,0,NULL,0,0,64,8,NULL]
04-13 20:01:14.874   722   722 I notification_cancel: [10054,1847,com.zhihu.android,0,NULL,0,0,64,8,NULL]
04-13 20:01:30.589   722   722 I notification_cancel: [10054,1847,com.zhihu.android,0,NULL,0,0,64,8,NULL]
04-13 20:01:39.854   722   722 I notification_cancel: [10054,1847,com.zhihu.android,0,NULL,0,0,64,8,NULL]
04-13 20:01:41.069   867   867 I sysui_panelholder_touch: [0,1017,63]
04-13 20:01:41.247   722   738 I notification_panel_revealed: []
04-13 20:01:41.267   722  1089 I notification_visibility_changed: [-1|android|17040644|null|1000;-1|android|17040636|null|1000,]
04-13 20:01:41.477   722  1089 I notification_visibility_changed: [,-1|android|17040644|null|1000;-1|android|17040636|null|1000]
04-13 20:01:41.479   722   927 I notification_panel_hidden: []
04-13 20:01:43.396   722   927 I am_home_stack_moved: [0,0,1,1,intentActivityFound]
04-13 20:01:43.396   722   927 I wm_task_moved: [2,1,0]
04-13 20:01:43.418   722   927 I am_new_intent: [0,876085768,2,com.zhihu.android/.app.ui.activity.MainActivity,android.intent.action.MAIN,NULL,NULL,270532608]
04-13 20:01:51.894   722   787 I am_anr  : [0,1847,com.zhihu.android,14171716,Input dispatching timed out (Waiting to send non-key event because the touched window has not finished processing certain input events that were delivered to it over 500.0ms ago.  Wait queue length: 1.  Wait queue head age: 9530.8ms.)]
04-13 20:01:56.483   722  1252 I am_crash: [1733,0,com.android.calendar,9027141,java.util.concurrent.TimeoutException,android.database.CursorWindow.finalize() timed out after 10 seconds,String.java,1097]
04-13 20:01:56.521   722  1252 I am_kill : [0,1733,com.android.calendar,9,crash]
04-13 20:01:59.299   722  1244 I am_proc_died: [0,1733,com.android.calendar]
04-13 20:02:33.864   722   794 I power_sleep_requested: 0
04-13 20:02:33.865   722   722 I power_screen_state: [0,3,0,0]
04-13 20:02:33.865   722   722 I screen_toggled: 0
04-13 20:02:33.870   722   722 I power_screen_broadcast_send: 1
04-13 20:02:34.673   722   722 I am_pause_activity: [0,493462982,com.zhihu.android/.app.ui.activity.MainActivity]
04-13 20:02:34.682  1847  1847 I am_on_paused_called: [0,com.zhihu.android.app.ui.activity.MainActivity]
04-13 20:02:34.687   722   787 I am_focused_activity: [0,com.zhihu.android/.app.ui.activity.MainActivity]
04-13 20:02:36.689   722   722 I am_resume_activity: [0,493462982,2,com.zhihu.android/.app.ui.activity.MainActivity]
04-13 20:02:36.703   722   722 I power_screen_state: [1,0,0,0]
04-13 20:02:36.704   722   722 I screen_toggled: 1
04-13 20:02:36.871  1847  1847 I am_on_resume_called: [0,com.zhihu.android.app.ui.activity.MainActivity]
04-13 20:02:37.324   176   176 I sf_frame_dur: [ColorFade,31,1,0,0,0,0,0]
04-13 20:02:39.811   722   722 I free_storage_changed: 13214461952
04-13 20:02:42.922   867   867 I sysui_heads_up_status: [,0]
04-13 20:02:43.093   722   722 I power_screen_broadcast_done: [0,9224,1]
04-13 20:02:43.093   722   722 I power_screen_broadcast_send: 1
04-13 20:02:48.671   722   722 I notification_cancel: [10054,1847,com.zhihu.android,0,NULL,0,0,64,8,NULL]
04-13 20:02:49.821   722   722 I power_screen_broadcast_done: [1,6728,1]
04-13 20:02:52.646   176   176 I sf_frame_dur: [VolumePanel,0,0,0,1,1,0,0]
04-13 20:02:54.280   867   867 I sysui_panelholder_touch: [0,95,63]
04-13 20:02:54.340   722   812 I notification_panel_revealed: []
04-13 20:02:54.379   722 10551 I notification_visibility_changed: [-1|android|17040644|null|1000;-1|android|17040636|null|1000,]
04-13 20:02:55.412   722   927 I notification_visibility_changed: [,-1|android|17040644|null|1000;-1|android|17040636|null|1000]
04-13 20:02:55.414   722  1089 I notification_panel_hidden: []
04-13 20:03:19.029   722   822 I netstats_mobile_sample: [0,0,0,0,0,0,0,0,0,0,0,0,1492084999038]
04-13 20:03:19.030   722   822 I netstats_wifi_sample: [2087406,2077,190068,1868,2086525,2075,178012,1864,2064253,2041,177544,1855,1492084999038]
04-13 20:03:22.626   722  1252 I am_home_stack_moved: [0,0,1,1,intentActivityFound]
04-13 20:03:22.626   722  1252 I wm_task_moved: [2,1,0]
04-13 20:03:22.630   722  1252 I am_new_intent: [0,675646211,2,com.zhihu.android/.app.ui.activity.MainActivity,android.intent.action.MAIN,NULL,NULL,270532608]
04-13 20:03:22.852   722   722 I notification_cancel: [10054,1847,com.zhihu.android,0,NULL,0,0,64,8,NULL]
04-13 20:03:29.385   722   787 I am_proc_start: [0,26631,10038,com.android.music,broadcast,com.android.music/.MediaButtonIntentReceiver]
04-13 20:03:29.542   722  1245 I am_proc_bound: [0,26631,com.android.music]
04-13 20:03:35.416   722  1239 I am_home_stack_moved: [0,0,1,1,intentActivityFound]
04-13 20:03:35.418   722  1239 I wm_task_moved: [2,1,0]
04-13 20:03:35.425   722  1239 I am_new_intent: [0,252433503,2,com.zhihu.android/.app.ui.activity.MainActivity,android.intent.action.MAIN,NULL,NULL,270532608]
04-13 20:03:40.751   722  1296 I am_home_stack_moved: [0,0,1,1,intentActivityFound]
04-13 20:03:40.751   722  1296 I wm_task_moved: [2,1,0]
04-13 20:03:40.756   722  1296 I am_new_intent: [0,590909100,2,com.zhihu.android/.app.ui.activity.MainActivity,android.intent.action.MAIN,NULL,NULL,270532608]
04-13 20:03:47.650   722   722 I notification_cancel: [10054,1847,com.zhihu.android,1,NULL,0,0,64,8,NULL]
04-13 20:03:48.986   722   722 I notification_cancel: [10054,1847,com.zhihu.android,1,NULL,0,0,64,8,NULL]
04-13 20:03:58.454   722   722 I notification_cancel: [10054,1847,com.zhihu.android,1,NULL,0,0,64,8,NULL]
04-13 20:04:04.571   722  1239 I am_home_stack_moved: [0,0,1,1,intentActivityFound]
04-13 20:04:04.571   722  1239 I wm_task_moved: [2,1,0]
04-13 20:04:04.584   722  1239 I am_new_intent: [0,750392074,2,com.zhihu.android/.app.ui.activity.MainActivity,android.intent.action.MAIN,NULL,NULL,270532608]
04-13 20:04:28.136   722  1296 I am_home_stack_moved: [0,0,1,1,intentActivityFound]
04-13 20:04:28.136   722  1296 I wm_task_moved: [2,1,0]
04-13 20:04:28.147   722  1296 I am_new_intent: [0,12801915,2,com.zhihu.android/.app.ui.activity.MainActivity,android.intent.action.MAIN,NULL,NULL,270532608]
04-13 20:04:32.869   722  1296 I am_home_stack_moved: [0,0,1,1,intentActivityFound]
04-13 20:04:32.869   722  1296 I wm_task_moved: [2,1,0]
04-13 20:04:32.874   722  1296 I am_new_intent: [0,1005971864,2,com.zhihu.android/.app.ui.activity.MainActivity,android.intent.action.MAIN,NULL,NULL,270532608]
04-13 20:04:39.821   722   722 I free_storage_changed: 13212262400
04-13 20:05:00.449   722   822 I netstats_mobile_sample: [0,0,0,0,0,0,0,0,0,0,0,0,1492085100459]
04-13 20:05:00.450   722   822 I netstats_wifi_sample: [4178528,3791,342913,3280,4177173,3789,329919,3276,4168293,3764,329659,3271,1492085100459]
04-13 20:05:14.139   722   722 I notification_cancel: [10054,1847,com.zhihu.android,1,NULL,0,0,64,8,NULL]
04-13 20:05:14.189   722   722 I notification_cancel: [10054,1847,com.zhihu.android,1,NULL,0,0,64,8,NULL]
04-13 20:05:44.496   722   790 I am_proc_start: [0,6931,10013,com.android.systemui:screenshot,service,com.android.systemui/.screenshot.TakeScreenshotService]
04-13 20:05:44.571   722   739 I am_proc_bound: [0,6931,com.android.systemui:screenshot]
04-13 20:05:46.498   722   722 I notification_enqueue: [10013,6931,com.android.systemui,789,NULL,0,Notification(pri=0 contentView=null vibrate=null sound=null defaults=0x0 flags=0x20 color=0xff607d8b vis=PRIVATE publicVersion=Notification(pri=0 contentView=com.android.systemui/0x1090077 vibrate=null sound=null defaults=0x0 flags=0x0 color=0xff607d8b category=progress vis=PRIVATE)),0]
04-13 20:05:46.561   176   176 I sf_frame_dur: [ScreenshotAnimation,46,0,1,1,1,0,0]
04-13 20:05:46.813   722  9913 I notification_expansion: [0|com.android.systemui|789|null|10013,0,1]
04-13 20:05:46.814   722  1252 I notification_expansion: [-1|android|17040644|null|1000,0,0]
04-13 20:05:47.192   722   722 I notification_enqueue: [10013,6931,com.android.systemui,789,NULL,0,Notification(pri=0 contentView=null vibrate=null sound=null defaults=0x0 flags=0x10 color=0xff607d8b actions=1 vis=PRIVATE publicVersion=Notification(pri=0 contentView=com.android.systemui/0x1090077 vibrate=null sound=null defaults=0x0 flags=0x10 color=0xff607d8b category=progress vis=PRIVATE)),1]
04-13 20:05:47.263   722  9913 I notification_expansion: [0|com.android.systemui|789|null|10013,0,0]
04-13 20:05:47.481   722  1089 I notification_expansion: [0|com.android.systemui|789|null|10013,0,1]
04-13 20:05:48.406   722   722 I notification_cancel: [10054,1847,com.zhihu.android,1,NULL,0,0,64,8,NULL]
04-13 20:05:49.663   176   176 I sf_frame_dur: [VolumePanel,4,1,1,1,0,0,0]
04-13 20:05:53.480   722   738 I am_home_stack_moved: [0,0,1,1,intentActivityFound]
04-13 20:05:53.481   722   738 I wm_task_moved: [2,1,0]
04-13 20:05:53.487   722   738 I am_new_intent: [0,600501823,2,com.zhihu.android/.app.ui.activity.MainActivity,android.intent.action.MAIN,NULL,NULL,270532608]
04-13 20:06:03.761   722   927 I am_kill : [0,1539,com.android.keychain,15,empty #17]
04-13 20:06:03.839   722   739 I am_proc_died: [0,1539,com.android.keychain]
04-13 20:06:05.465   722   738 I battery_level: [38,3693,382]
04-13 20:06:05.472   722   722 I notification_cancel: [10013,867,com.android.systemui,100,low_battery,-1,0,64,8,NULL]
04-13 20:06:14.123   722   722 I notification_cancel: [10054,1847,com.zhihu.android,1,NULL,0,0,64,8,NULL]
04-13 20:06:31.991   176   176 I sf_frame_dur: [PopupWindow:80c19c4,0,0,0,0,0,1,0]
04-13 20:06:57.988   722   722 I notification_cancel: [10054,1847,com.zhihu.android,1,NULL,0,0,64,8,NULL]
04-13 20:07:23.944   176   176 I sf_frame_dur: [InputMethod,1,3,0,1,3,9,8]
04-13 20:07:32.765   722   722 I notification_cancel: [10054,1847,com.zhihu.android,1,NULL,0,0,64,8,NULL]
04-13 20:07:35.854   722   722 I notification_cancel: [10054,1847,com.zhihu.android,0,NULL,0,0,64,8,NULL]
04-13 20:08:16.691   722   722 I notification_cancel: [10054,1847,com.zhihu.android,1,NULL,0,0,64,8,NULL]
04-13 20:08:18.002   722   722 I notification_cancel: [10054,1847,com.zhihu.android,1,NULL,0,0,64,8,NULL]
04-13 20:08:39.845   722   722 I free_storage_changed: 13210050560
04-13 20:09:05.320   722   739 I am_home_stack_moved: [0,0,1,1,intentActivityFound]
04-13 20:09:05.320   722   739 I wm_task_moved: [2,1,0]
04-13 20:09:05.327   722   739 I am_new_intent: [0,921880428,2,com.zhihu.android/.app.ui.activity.MainActivity,android.intent.action.MAIN,NULL,NULL,270532608]
04-13 20:09:19.997   176   176 I sf_frame_dur: [InputMethod,14,2,5,3,4,8,16]
04-13 20:09:31.270   722   722 I notification_cancel: [10054,1847,com.zhihu.android,1,NULL,0,0,64,8,NULL]
04-13 20:09:34.347   722   722 I notification_cancel: [10054,1847,com.zhihu.android,1,NULL,0,0,64,8,NULL]
04-13 20:09:41.513   722   722 I notification_cancel: [10054,1847,com.zhihu.android,1,NULL,0,0,64,8,NULL]
04-13 20:09:43.577   722   722 I notification_cancel: [10054,1847,com.zhihu.android,1,NULL,0,0,64,8,NULL]
04-13 20:09:46.666   722   722 I notification_cancel: [10054,1847,com.zhihu.android,1,NULL,0,0,64,8,NULL]
04-13 20:09:48.624   722  1245 I am_home_stack_moved: [0,0,1,1,intentActivityFound]
04-13 20:09:48.624   722  1245 I wm_task_moved: [2,1,0]
04-13 20:09:48.634   722  1245 I am_new_intent: [0,450414742,2,com.zhihu.android/.app.ui.activity.MainActivity,android.intent.action.MAIN,NULL,NULL,270532608]
04-13 20:10:07.414   176   176 I sf_frame_dur: [InputMethod,0,0,1,0,0,2,1]
04-13 20:10:17.248   867   867 I sysui_panelholder_touch: [0,115,47]
04-13 20:10:17.287   722  1252 I notification_panel_revealed: []
04-13 20:10:17.320   722  1244 I notification_visibility_changed: [0|com.android.systemui|789|null|10013;-1|android|17040644|null|1000;-1|android|17040636|null|1000,]
04-13 20:10:19.383   722 10551 I notification_clicked: 0|com.android.systemui|789|null|10013
04-13 20:10:19.384   722   722 I notification_cancel: [10013,867,com.android.systemui,789,NULL,0,16,64,1,NULL]
04-13 20:10:19.389   722   722 I notification_canceled: [0|com.android.systemui|789|null|10013,1]
04-13 20:10:19.402   722  1244 I notification_visibility_changed: [,0|com.android.systemui|789|null|10013;-1|android|17040644|null|1000;-1|android|17040636|null|1000]
04-13 20:10:19.404   722  9913 I notification_panel_hidden: []
04-13 20:10:19.907   722  9913 I notification_expansion: [-1|android|17040644|null|1000,0,1]
04-13 20:10:25.405   867   867 I sysui_panelholder_touch: [0,993,26]
04-13 20:10:25.422   722   927 I notification_panel_revealed: []
04-13 20:10:25.428   722  1296 I notification_visibility_changed: [-1|android|17040644|null|1000;-1|android|17040636|null|1000,]
04-13 20:10:25.999   722   739 I notification_visibility_changed: [,-1|android|17040644|null|1000;-1|android|17040636|null|1000]
04-13 20:10:26.000   722   812 I notification_panel_hidden: []
04-13 20:11:22.475   867   867 I sysui_panelholder_touch: [0,975,45]
04-13 20:11:22.502   722  9913 I notification_panel_revealed: []
04-13 20:11:22.527   722   927 I notification_visibility_changed: [-1|android|17040644|null|1000;-1|android|17040636|null|1000,]
04-13 20:11:24.836   722  1295 I notification_visibility_changed: [,-1|android|17040644|null|1000;-1|android|17040636|null|1000]
04-13 20:11:24.837   722 10551 I notification_panel_hidden: []
04-13 20:11:44.689   176   176 I sf_frame_dur: [VolumePanel,31,1,0,0,0,0,1]
04-13 20:12:17.823   176   176 I sf_frame_dur: [VolumePanel,5,1,0,0,0,0,0]
04-13 20:12:19.047   722   738 I am_home_stack_moved: [0,0,1,1,intentActivityFound]
04-13 20:12:19.047   722   738 I wm_task_moved: [2,1,0]
04-13 20:12:19.055   722   738 I am_new_intent: [0,841442963,2,com.zhihu.android/.app.ui.activity.MainActivity,android.intent.action.MAIN,NULL,NULL,270532608]
04-13 20:12:34.335   176   176 I sf_frame_dur: [VolumePanel,3,1,0,0,0,0,0]
04-13 20:13:14.702   722  1245 I am_home_stack_moved: [0,0,1,1,intentActivityFound]
04-13 20:13:14.702   722  1245 I wm_task_moved: [2,1,0]
04-13 20:13:14.710   722  1245 I am_new_intent: [0,1025707226,2,com.zhihu.android/.app.ui.activity.MainActivity,android.intent.action.MAIN,NULL,NULL,270532608]
04-13 20:13:16.519   176   176 I sf_frame_dur: [VolumePanel,7,0,0,0,0,0,0]
04-13 20:13:35.107   722  1295 I am_home_stack_moved: [0,0,1,1,intentActivityFound]
04-13 20:13:35.107   722  1295 I wm_task_moved: [2,1,0]
04-13 20:13:35.111   722  1295 I am_new_intent: [0,7542027,2,com.zhihu.android/.app.ui.activity.MainActivity,android.intent.action.MAIN,NULL,NULL,270532608]
04-13 20:13:50.427   722  9913 I am_home_stack_moved: [0,0,1,1,intentActivityFound]
04-13 20:13:50.427   722  9913 I wm_task_moved: [2,1,0]
04-13 20:13:50.433   722  9913 I am_new_intent: [0,615405057,2,com.zhihu.android/.app.ui.activity.MainActivity,android.intent.action.MAIN,NULL,NULL,270532608]
04-13 20:14:00.620   722   927 I am_home_stack_moved: [0,0,1,1,intentActivityFound]
04-13 20:14:00.620   722   927 I wm_task_moved: [2,1,0]
04-13 20:14:00.625   722   927 I am_new_intent: [0,37035174,2,com.zhihu.android/.app.ui.activity.MainActivity,android.intent.action.MAIN,NULL,NULL,270532608]
04-13 20:14:19.048   867   867 I sysui_panelholder_touch: [0,165,7]
04-13 20:14:19.071   722  1244 I notification_panel_revealed: []
04-13 20:14:19.080   722  1239 I notification_visibility_changed: [-1|android|17040644|null|1000;-1|android|17040636|null|1000,]
04-13 20:14:19.092   722   927 I notification_visibility_changed: [,-1|android|17040644|null|1000;-1|android|17040636|null|1000]
04-13 20:14:19.092   722 10551 I notification_panel_hidden: []
04-13 20:14:19.142   722  1296 I notification_panel_revealed: []
04-13 20:14:19.598   722  1089 I notification_visibility_changed: [-1|android|17040644|null|1000;-1|android|17040636|null|1000,]
04-13 20:14:26.281   722  1296 I notification_clicked: -1|android|17040644|null|1000
04-13 20:14:26.282   722   722 I notification_cancel: [10013,867,android,17040644,NULL,-1,16,64,1,NULL]
04-13 20:14:26.285   722   738 I notification_visibility_changed: [,-1|android|17040644|null|1000;-1|android|17040636|null|1000]
04-13 20:14:26.285   722  1244 I notification_panel_hidden: []
04-13 20:14:31.272   867   867 I sysui_panelholder_touch: [0,686,54]
04-13 20:14:31.319   722  1089 I notification_panel_revealed: []
04-13 20:14:31.334   722  1295 I notification_visibility_changed: [-1|android|17040644|null|1000;-1|android|17040636|null|1000,]
04-13 20:14:31.354   722  1296 I notification_visibility_changed: [,-1|android|17040644|null|1000;-1|android|17040636|null|1000]
04-13 20:14:31.356   722  1245 I notification_panel_hidden: []
04-13 20:15:06.214   176   176 I sf_frame_dur: [PopupWindow:3cc3aa97,34,1,0,2,2,1,0]
04-13 20:15:06.231   176   176 I sf_frame_dur: [VolumePanel,6,0,0,0,0,0,0]
04-13 20:15:24.336   176   176 I sf_frame_dur: [InputMethod,3,1,0,4,2,1,1]
04-13 20:15:35.749   176   176 I sf_frame_dur: [com.zhihu.android/com.zhihu.android.app.ui.activity.MainActivity,59,2,1,0,2,3,1]
04-13 20:15:42.183   176   176 I sf_frame_dur: [VolumePanel,3,1,0,0,0,0,0]
04-13 20:15:48.673   176   176 I sf_frame_dur: [PopupWindow:932f3b7,0,0,1,0,0,0,0]
04-13 20:16:05.914   722   822 I netstats_mobile_sample: [0,0,0,0,0,0,0,0,0,0,0,0,1492085765923]
04-13 20:16:05.977   722   822 I netstats_wifi_sample: [5981275,6328,656779,5094,5978682,6323,627149,5087,5975754,6302,627109,5086,1492085765923]
04-13 20:16:21.047   176   176 I sf_frame_dur: [com.zhihu.android/com.zhihu.android.app.ui.activity.MainActivity,0,0,1,0,1,1,0]
04-13 20:16:22.018   176   176 I sf_frame_dur: [com.zhihu.android/com.zhihu.android.app.ui.activity.MainActivity,35,0,0,0,0,0,0]
04-13 20:16:36.108   867   867 I sysui_panelholder_touch: [0,511,55]
04-13 20:16:36.223   722  1244 I notification_panel_revealed: []
04-13 20:16:36.258   722  1295 I notification_visibility_changed: [-1|android|17040644|null|1000;-1|android|17040636|null|1000,]
04-13 20:16:37.420   722   738 I notification_visibility_changed: [,-1|android|17040644|null|1000;-1|android|17040636|null|1000]
04-13 20:16:37.425   722  1239 I notification_panel_hidden: []
04-13 20:17:07.160   176   176 I sf_frame_dur: [InputMethod,8,0,1,1,2,1,9]
04-13 20:17:34.217   722  1295 I am_home_stack_moved: [0,0,1,1,intentActivityFound]
04-13 20:17:34.217   722  1295 I wm_task_moved: [2,1,0]
04-13 20:17:34.223   722  1295 I am_new_intent: [0,524960971,2,com.zhihu.android/.app.ui.activity.MainActivity,android.intent.action.MAIN,NULL,NULL,270532608]
04-13 20:17:39.907   722   722 I free_storage_changed: 13207863296
04-13 20:18:19.701   867   867 I sysui_panelholder_touch: [0,339,30]
04-13 20:18:19.820   722   739 I notification_panel_revealed: []
04-13 20:18:19.872   722   738 I notification_visibility_changed: [-1|android|17040644|null|1000;-1|android|17040636|null|1000,]
04-13 20:18:19.942   722  1296 I notification_visibility_changed: [,-1|android|17040644|null|1000;-1|android|17040636|null|1000]
04-13 20:18:19.943   722  1089 I notification_panel_hidden: []
04-13 20:18:46.334   722   822 I netstats_mobile_sample: [0,0,0,0,0,0,0,0,0,0,0,0,1492085926343]
04-13 20:18:46.334   722   822 I netstats_wifi_sample: [8162026,8251,800880,6588,8158785,8245,759458,6580,8151393,8221,759293,6577,1492085926343]
04-13 20:18:47.388   176   176 I sf_frame_dur: [VolumePanel,1,0,1,0,0,0,0]
04-13 20:18:54.869   867   867 I sysui_panelholder_touch: [0,11,59]
04-13 20:18:54.998   722   738 I notification_panel_revealed: []
04-13 20:18:55.059   722  1244 I notification_visibility_changed: [-1|android|17040644|null|1000;-1|android|17040636|null|1000,]
04-13 20:18:57.420   722   738 I notification_visibility_changed: [,-1|android|17040644|null|1000;-1|android|17040636|null|1000]
04-13 20:18:57.429   722  1089 I notification_panel_hidden: []
04-13 20:19:01.864   722  1244 I am_home_stack_moved: [0,0,1,1,intentActivityFound]
04-13 20:19:01.864   722  1244 I wm_task_moved: [2,1,0]
04-13 20:19:01.871   722  1244 I am_new_intent: [0,353806154,2,com.zhihu.android/.app.ui.activity.MainActivity,android.intent.action.MAIN,NULL,NULL,270532608]
04-13 20:19:24.253   176   176 I sf_frame_dur: [VolumePanel,0,0,0,0,1,0,0]
04-13 20:19:32.888   722 10551 I am_home_stack_moved: [0,0,1,1,intentActivityFound]
04-13 20:19:32.888   722 10551 I wm_task_moved: [2,1,0]
04-13 20:19:32.902   722 10551 I am_new_intent: [0,816686445,2,com.zhihu.android/.app.ui.activity.MainActivity,android.intent.action.MAIN,NULL,NULL,270532608]
04-13 20:19:52.531   176   176 I sf_frame_dur: [VolumePanel,18,1,3,2,0,2,1]
04-13 20:20:04.774   722  1244 I battery_level: [37,3756,399]
04-13 20:20:04.804   722   722 I notification_cancel: [10013,867,com.android.systemui,100,low_battery,-1,0,64,8,NULL]
04-13 20:20:10.352   722   927 I am_home_stack_moved: [0,0,1,1,intentActivityFound]
04-13 20:20:10.352   722   927 I wm_task_moved: [2,1,0]
04-13 20:20:10.361   722   927 I am_new_intent: [0,494873072,2,com.zhihu.android/.app.ui.activity.MainActivity,android.intent.action.MAIN,NULL,NULL,270532608]
04-13 20:20:15.061   176   176 I sf_frame_dur: [VolumePanel,0,0,0,1,0,0,0]
04-13 20:20:26.053   176   176 I sf_frame_dur: [VolumePanel,13,1,0,2,1,0,0]
04-13 20:20:40.424   867   867 I sysui_panelholder_touch: [0,801,59]
04-13 20:20:40.530   722  9913 I notification_panel_revealed: []
04-13 20:20:40.586   722  1295 I notification_visibility_changed: [-1|android|17040644|null|1000;-1|android|17040636|null|1000,]
04-13 20:20:40.662   722 11468 I notification_visibility_changed: [,-1|android|17040644|null|1000;-1|android|17040636|null|1000]
04-13 20:20:40.665   722   738 I notification_panel_hidden: []
04-13 20:20:58.535   722   738 I am_home_stack_moved: [0,0,1,1,intentActivityFound]
04-13 20:20:58.535   722   738 I wm_task_moved: [2,1,0]
04-13 20:20:58.571   722   738 I am_new_intent: [0,648339105,2,com.zhihu.android/.app.ui.activity.MainActivity,android.intent.action.MAIN,NULL,NULL,270532608]
04-13 20:21:00.508   176   176 I sf_frame_dur: [VolumePanel,1,0,1,0,0,0,0]
04-13 20:21:11.411   176   176 I sf_frame_dur: [VolumePanel,23,2,1,0,0,1,0]
04-13 20:21:18.238   867   867 I sysui_panelholder_touch: [0,391,24]
04-13 20:21:18.272   722   927 I notification_panel_revealed: []
04-13 20:21:18.291   722  1244 I notification_visibility_changed: [-1|android|17040644|null|1000;-1|android|17040636|null|1000,]
04-13 20:21:19.612   722 11468 I notification_visibility_changed: [,-1|android|17040644|null|1000;-1|android|17040636|null|1000]
04-13 20:21:19.613   722  1296 I notification_panel_hidden: []
04-13 20:21:29.742   176   176 I sf_frame_dur: [VolumePanel,4,1,0,0,0,0,0]
04-13 20:21:31.529   722   738 I am_home_stack_moved: [0,0,1,1,intentActivityFound]
04-13 20:21:31.529   722   738 I wm_task_moved: [2,1,0]
04-13 20:21:31.537   722   738 I am_new_intent: [0,395412024,2,com.zhihu.android/.app.ui.activity.MainActivity,android.intent.action.MAIN,NULL,NULL,270532608]
04-13 20:21:42.838   867   867 I sysui_panelholder_touch: [0,328,41]
04-13 20:21:42.865   722   927 I notification_panel_revealed: []
04-13 20:21:42.881   722  1296 I notification_visibility_changed: [-1|android|17040644|null|1000;-1|android|17040636|null|1000,]
04-13 20:21:43.431   722  9913 I notification_visibility_changed: [,-1|android|17040644|null|1000;-1|android|17040636|null|1000]
04-13 20:21:43.432   722  1295 I notification_panel_hidden: []
04-13 20:21:45.870   867   867 I sysui_panelholder_touch: [0,723,27]
04-13 20:21:45.889   722  1252 I notification_panel_revealed: []
04-13 20:21:45.900   722   739 I notification_visibility_changed: [-1|android|17040644|null|1000;-1|android|17040636|null|1000,]
04-13 20:21:45.914   722  1239 I notification_visibility_changed: [,-1|android|17040644|null|1000;-1|android|17040636|null|1000]
04-13 20:21:45.916   722 10551 I notification_panel_hidden: []
04-13 20:21:45.967   722 23547 I notification_panel_revealed: []
04-13 20:21:46.409   722  1252 I notification_visibility_changed: [-1|android|17040644|null|1000;-1|android|17040636|null|1000,]
04-13 20:21:50.249   722  1245 I notification_visibility_changed: [,-1|android|17040644|null|1000;-1|android|17040636|null|1000]
04-13 20:21:50.251   722   927 I notification_panel_hidden: []
04-13 20:22:09.154   722   822 I netstats_mobile_sample: [0,0,0,0,0,0,0,0,0,0,0,0,1492086129163]
04-13 20:22:09.158   722   822 I netstats_wifi_sample: [10206982,10242,986381,8078,10193130,10229,929309,8067,10150317,10179,928749,8053,1492086129163]
04-13 20:22:09.243   722   812 I am_home_stack_moved: [0,0,1,1,intentActivityFound]
04-13 20:22:09.243   722   812 I wm_task_moved: [2,1,0]
04-13 20:22:09.249   722   812 I am_new_intent: [0,31349111,2,com.zhihu.android/.app.ui.activity.MainActivity,android.intent.action.MAIN,NULL,NULL,270532608]
04-13 20:22:29.872   722  1089 I battery_level: [36,3721,403]
04-13 20:22:29.953   722   722 I notification_cancel: [10013,867,com.android.systemui,100,low_battery,-1,0,64,8,NULL]
04-13 20:22:31.341   176   176 I sf_frame_dur: [VolumePanel,0,0,1,0,0,0,0]
04-13 20:22:39.942   722   722 I free_storage_changed: 13204811776
04-13 20:22:50.539   722  1296 I am_home_stack_moved: [0,0,1,1,intentActivityFound]
04-13 20:22:50.539   722  1296 I wm_task_moved: [2,1,0]
04-13 20:22:50.548   722  1296 I am_new_intent: [0,454005321,2,com.zhihu.android/.app.ui.activity.MainActivity,android.intent.action.MAIN,NULL,NULL,270532608]
04-13 20:23:21.458   722  1295 I am_home_stack_moved: [0,0,1,1,intentActivityFound]
04-13 20:23:21.458   722  1295 I wm_task_moved: [2,1,0]
04-13 20:23:21.467   722  1295 I am_new_intent: [0,795934831,2,com.zhihu.android/.app.ui.activity.MainActivity,android.intent.action.MAIN,NULL,NULL,270532608]
04-13 20:23:26.083   176   176 I sf_frame_dur: [VolumePanel,1,0,1,1,0,0,0]
04-13 20:23:38.037   722   927 I am_home_stack_moved: [0,0,1,1,intentActivityFound]
04-13 20:23:38.037   722   927 I wm_task_moved: [2,1,0]
04-13 20:23:38.047   722   927 I am_new_intent: [0,12006539,2,com.zhihu.android/.app.ui.activity.MainActivity,android.intent.action.MAIN,NULL,NULL,270532608]
04-13 20:23:48.272   867   867 I sysui_panelholder_touch: [0,359,61]
04-13 20:23:48.302   722 11468 I notification_panel_revealed: []
04-13 20:23:48.324   722   812 I notification_visibility_changed: [-1|android|17040644|null|1000;-1|android|17040636|null|1000,]
04-13 20:23:50.625   722  9913 I notification_visibility_changed: [,-1|android|17040644|null|1000;-1|android|17040636|null|1000]
04-13 20:23:50.626   722 23547 I notification_panel_hidden: []
04-13 20:24:06.625   867   867 I sysui_panelholder_touch: [0,1,13]
04-13 20:24:06.648   722  1295 I notification_panel_revealed: []
04-13 20:24:06.656   722   739 I notification_visibility_changed: [-1|android|17040644|null|1000;-1|android|17040636|null|1000,]
04-13 20:24:07.230   722   812 I notification_visibility_changed: [,-1|android|17040644|null|1000;-1|android|17040636|null|1000]
04-13 20:24:07.230   722 10551 I notification_panel_hidden: []
04-13 20:24:09.668   867   867 I sysui_panelholder_touch: [0,990,14]
04-13 20:24:09.707   722   739 I notification_panel_revealed: []
04-13 20:24:09.732   722 30841 I notification_visibility_changed: [-1|android|17040644|null|1000;-1|android|17040636|null|1000,]
04-13 20:24:09.775   722  1244 I notification_visibility_changed: [,-1|android|17040644|null|1000;-1|android|17040636|null|1000]
04-13 20:24:09.783   722  1239 I notification_panel_hidden: []
04-13 20:24:12.034   176   176 I sf_frame_dur: [VolumePanel,4,1,0,0,0,0,0]
04-13 20:24:17.217   176   176 I sf_frame_dur: [com.zhihu.android/com.zhihu.android.app.ui.activity.MainActivity,22,3,0,2,1,0,0]
04-13 20:24:53.714   176   176 I sf_frame_dur: [VolumePanel,4,1,0,0,0,0,0]
04-13 20:25:09.494   722   822 I netstats_mobile_sample: [0,0,0,0,0,0,0,0,0,0,0,0,1492086309504]
04-13 20:25:09.495   722   822 I netstats_wifi_sample: [12130574,12166,1252875,9802,12124548,12159,1175605,9793,12112692,12132,1175333,9788,1492086309504]
04-13 20:25:09.615   176   176 I sf_frame_dur: [VolumePanel,22,1,1,0,0,1,0]
04-13 20:25:24.167   176   176 I sf_frame_dur: [VolumePanel,4,1,0,0,0,0,0]
04-13 20:25:39.985   722   722 I free_storage_changed: 13201874944
04-13 20:25:46.328   176   176 I sf_frame_dur: [VolumePanel,30,1,0,0,2,0,1]
04-13 20:25:48.885   722 11468 I am_home_stack_moved: [0,0,1,1,intentActivityFound]
04-13 20:25:48.885   722 11468 I wm_task_moved: [2,1,0]
04-13 20:25:48.895   722 11468 I am_new_intent: [0,827436474,2,com.zhihu.android/.app.ui.activity.MainActivity,android.intent.action.MAIN,NULL,NULL,270532608]
04-13 20:25:55.045   867   867 I sysui_panelholder_touch: [0,73,41]
04-13 20:25:55.096   722   739 I notification_panel_revealed: []
