08-09 10:44:52.944  1158  1158 D TelephonyManager: getSimOperatorNumeric(): default subId=1
08-09 10:44:52.945  1158  1158 D TelephonyManager: getTelephonyProperty: return propVal='46001' phoneId=0 property='gsm.sim.operator.numeric' defaultVal='' prop=46001
08-09 10:44:52.952  1158  1158 D SubscriptionController: [setDefaultFallbackSubId] broadcast default subId changed phoneId=0 subId=1
08-09 10:44:52.960  1158  1158 D SubscriptionController: [addSubInfoRecord] one sim set defaults to subId=1
08-09 10:44:52.962   722   722 D SubscriptionManager: [getPhoneId]- fail
08-09 10:44:52.968  1158  1158 D SubscriptionController: [setDefaultDataSubId] subId=1
08-09 10:44:52.971  1158  1158 D SubscriptionController: [setDefaultDataSubId] num phones=1
08-09 10:44:52.974  1158  1158 D SubscriptionController: [setDefaultDataSubId] phoneId=0 subId=1 RAF=1
08-09 10:44:52.980  1158  1158 D SubscriptionController: [setDefaultDataSubId] reqRAF=65545
08-09 10:44:52.984  1158  1158 D PhoneFactory: calculatePreferredNetworkType: phoneSubId = 1 networkType = 10
08-09 10:44:52.984  1158  1158 D SubscriptionController: [setDefaultDataSubId] networkType=10
08-09 10:44:52.987  1158  1158 D SubscriptionController: [setDefaultDataSubId] newRAF=65544
08-09 10:44:52.989  1158  1158 D ProxyController: setRadioCapability: mSetRadioAccessFamilyStatus[0]=0
08-09 10:44:52.989  1158  1158 D ProxyController: clearTransaction
08-09 10:44:52.989  1158  1158 D ProxyController: clearTransaction: phoneId=0 status=IDLE
08-09 10:44:52.991  1158  1158 D ProxyController: setRadioCapability: new request session id=-304731299
08-09 10:44:52.991  1158  1158 D ProxyController: setRadioCapability: phoneId=0 status=STARTING
08-09 10:44:52.992  1158  1158 D ProxyController: setRadioCapability: mOldRadioAccessFamily[0]=1
08-09 10:44:52.992  1158  1158 D ProxyController: setRadioCapability: mNewRadioAccessFamily[0]=65544
08-09 10:44:52.993  1158  1158 D RILJ    : [3716]> RIL_REQUEST_SET_RADIO_CAPABILITY {mPhoneId = 0 mVersion=1 mSession=-304731299 mPhase=1 mRadioAccessFamily=1 mLogicModemId=0 mStatus=0} [SUB0]
08-09 10:44:52.995   191   271 D RILC    : RequestComplete, RIL_SOCKET_1
08-09 10:44:52.995  1158  1158 D SubscriptionController: [updateAllDataConnectionTrackers] sProxyPhones.length=1
08-09 10:44:52.995   191   271 E RILC    : Send Response to RIL_SOCKET_1
08-09 10:44:52.996  1158  1299 D RilRequest: [3716]< RIL_REQUEST_SET_RADIO_CAPABILITY error: com.android.internal.telephony.CommandException: GENERIC_FAILURE ret=
08-09 10:44:52.998  1158  1158 D SubscriptionController: [updateAllDataConnectionTrackers] phoneId=0
08-09 10:44:53.000  1158  1158 D PhoneProxy: [PhoneProxy] Updating Data Connection Tracker
08-09 10:44:53.001  1158  1158 D DCT     : [0]update sub = 1
08-09 10:44:53.001  1158  1158 D DCT     : [0]update(): Active DDS, register for all events now!
08-09 10:44:53.003  1158  1158 D GsmSST  : [GsmSST] notifyDataRegStateRilRadioTechnologyChanged: drs=1 rat=0
08-09 10:44:53.004  1158  1158 D TelephonyManager: setTelephonyProperty: success phoneId=0 property=gsm.network.type value: Unknown propVal=Unknown
08-09 10:44:53.006  1158  1158 D DCT     : [0]getDataEnabled: getIntWithSubId retVal=true
08-09 10:44:53.008  1158  1158 D GSMPhone: [GSMPhone] updateCurrentCarrierInProvider: mSubId = 1 currentDds = 1 operatorNumeric = 46001
08-09 10:44:53.087   191   535 I RILQ    : (0/191):RIL[0][qmi_cb] qcril_qmi_nas_update_data_rte: completed, new drte 0 with confidence 4
08-09 10:44:53.089   191   535 I RILC    : RIL_SOCKET_1 UNSOLICITED: UNSOL_RESPONSE_VOICE_NETWORK_STATE_CHANGED length:8
08-09 10:44:53.089   191   535 E RILC    : Send Response to RIL_SOCKET_1
08-09 10:44:53.090   191   535 I RILC    : RIL_SOCKET_1 UNSOLICITED: UNSOL_RESPONSE_VOICE_NETWORK_STATE_CHANGED length:8
08-09 10:44:53.090   191   535 E RILC    : Send Response to RIL_SOCKET_1
08-09 10:44:53.090  1158  1299 D RILJ    : [UNSL]< UNSOL_RESPONSE_VOICE_NETWORK_STATE_CHANGED [SUB0]
08-09 10:44:53.091  1158  1299 D RILJ    : [UNSL]< UNSOL_RESPONSE_VOICE_NETWORK_STATE_CHANGED [SUB0]
08-09 10:44:53.091   191   535 I RILQ    : (0/191):RIL[0][qmi_cb] qcril_qmi_nas_update_data_rte: completed, new drte 0 with confidence 4
08-09 10:44:53.093   191   535 I RILC    : RIL_SOCKET_1 UNSOLICITED: UNSOL_RESPONSE_VOICE_NETWORK_STATE_CHANGED length:8
08-09 10:44:53.093   191   535 E RILC    : Send Response to RIL_SOCKET_1
08-09 10:44:53.093  1158  1299 D RILJ    : [UNSL]< UNSOL_RESPONSE_VOICE_NETWORK_STATE_CHANGED [SUB0]
08-09 10:44:53.120  1158  1158 D SubscriptionController: [broadcastDefaultDataSubIdChanged] subId=1
08-09 10:44:53.126  1158  1158 D SubscriptionController: [setDefaultSmsSubId] subId=1
08-09 10:44:53.131  1158  1158 D SubscriptionController: [broadcastDefaultSmsSubIdChanged] subId=1
08-09 10:44:53.137  1158  1158 D SubscriptionController: [setDefaultVoiceSubId] subId=1
08-09 10:44:53.144  1158  1158 D SubscriptionController: [broadcastDefaultVoiceSubIdChanged] subId=1
08-09 10:44:53.155  1158  1158 D SubscriptionController: [addSubInfoRecord] hashmap(0,1)
08-09 10:44:53.161  1158  1158 D SubscriptionController: [updateAllDataConnectionTrackers] sProxyPhones.length=1
08-09 10:44:53.165  1158  1158 D SubscriptionController: [updateAllDataConnectionTrackers] phoneId=0
08-09 10:44:53.169  1158  1158 D PhoneProxy: [PhoneProxy] Updating Data Connection Tracker
08-09 10:44:53.170  1158  1158 D DCT     : [0]update sub = 1
08-09 10:44:53.170  1158  1158 D DCT     : [0]update(): Active DDS, register for all events now!
08-09 10:44:53.171  1158  1158 D GsmSST  : [GsmSST] notifyDataRegStateRilRadioTechnologyChanged: drs=1 rat=0
08-09 10:44:53.171  1158  1158 D TelephonyManager: setTelephonyProperty: success phoneId=0 property=gsm.network.type value: Unknown propVal=Unknown
08-09 10:44:53.173  1158  1158 D DCT     : [0]getDataEnabled: getIntWithSubId retVal=true
08-09 10:44:53.175  1158  1158 D GSMPhone: [GSMPhone] updateCurrentCarrierInProvider: mSubId = 1 currentDds = 1 operatorNumeric = 46001
08-09 10:44:53.269  1158  1158 D SubscriptionController: [addSubInfoRecord]- info size=1
08-09 10:44:53.272  1158  1158 D SubscriptionInfoUpdater: newSim = false
08-09 10:44:53.272  1158  1158 D SubscriptionInfoUpdater: updateSubscriptionInfoByIccId: sInsertSimState[0] = 0
08-09 10:44:53.273  1158  1158 D SubscriptionController: [getActiveSubInfoList]+
08-09 10:44:53.275  1158  1158 D SubscriptionController: selection:sim_id>=0 null
08-09 10:44:53.296  1158  1158 D TelephonyManager: getTelephonyProperty: return propVal='cn' phoneId=0 property='gsm.sim.operator.iso-country' defaultVal='' prop=cn
08-09 10:44:53.296  1158  1158 D SubscriptionController: [getSubInfoRecord] id:1 iccid:89860115921101579076 simSlotIndex:0 displayName:CARD 1 nameSource:0 iconTint:-16746133 dataRoaming:0 mcc:460 mnc:1 countIso:cn
08-09 10:44:53.300  1158  1158 D PhoneFactory: getPhone:- phoneId != DEFAULT_PHONE_ID return sProxyPhones[phoneId] phoneId=0 phone=Handler (com.android.internal.telephony.PhoneProxy) {249d39f}
08-09 10:44:53.305  1158  1158 D SubscriptionController: [getActiveSubInfoList]- 1 infos return
08-09 10:44:53.308  1158  1158 D SubscriptionInfoUpdater: updateSubscriptionInfoByIccId: nSubCount = 1
08-09 10:44:53.314  1158  1158 D PhoneFactory: getPhone:- phoneId != DEFAULT_PHONE_ID return sProxyPhones[phoneId] phoneId=0 phone=Handler (com.android.internal.telephony.PhoneProxy) {249d39f}
08-09 10:44:53.359  1158  1158 D SubscriptionController: notifySubscriptionInfoChanged:
08-09 10:44:53.363   722   722 D TelephonyManager: getSimOperatorNumeric(): default subId=1
08-09 10:44:53.365  1158  1158 D SubscriptionInfoUpdater: updateSubscriptionInfoByIccId:- SsubscriptionInfo update complete
08-09 10:44:53.366   722   722 D TelephonyManager: getTelephonyProperty: return propVal='46001' phoneId=0 property='gsm.sim.operator.numeric' defaultVal='' prop=46001
08-09 10:44:53.371  1158  1158 D TelephonyManager: getSimOperatorNumeric(): default subId=1
08-09 10:44:53.372  1158  1158 D TelephonyManager: getTelephonyProperty: return propVal='46001' phoneId=0 property='gsm.sim.operator.numeric' defaultVal='' prop=46001
08-09 10:44:53.384  1158  1158 D SubscriptionController: [setMccMnc]+ mcc/mnc:460/1 subId:1
08-09 10:44:53.406  1158  1158 D SubscriptionController: notifySubscriptionInfoChanged:
08-09 10:44:53.414  1158  1158 D PhoneFactory: getPhone:- phoneId != DEFAULT_PHONE_ID return sProxyPhones[phoneId] phoneId=0 phone=Handler (com.android.internal.telephony.PhoneProxy) {249d39f}
08-09 10:44:53.445  1158  1158 D SubscriptionController: [getActiveSubInfoList]+
08-09 10:44:53.447  1158  1158 D SubscriptionController: selection:sim_id>=0 null
08-09 10:44:53.453   722   722 D TelephonyManager: getSimOperatorNumeric(): default subId=1
08-09 10:44:53.457   722   722 D TelephonyManager: getTelephonyProperty: return propVal='46001' phoneId=0 property='gsm.sim.operator.numeric' defaultVal='' prop=46001
08-09 10:44:53.467  1158  1158 D TelephonyManager: getTelephonyProperty: return propVal='cn' phoneId=0 property='gsm.sim.operator.iso-country' defaultVal='' prop=cn
08-09 10:44:53.467  1158  1158 D SubscriptionController: [getSubInfoRecord] id:1 iccid:89860115921101579076 simSlotIndex:0 displayName:CARD 1 nameSource:0 iconTint:-16746133 dataRoaming:0 mcc:460 mnc:1 countIso:cn
08-09 10:44:53.470  1158  1158 D PhoneFactory: getPhone:- phoneId != DEFAULT_PHONE_ID return sProxyPhones[phoneId] phoneId=0 phone=Handler (com.android.internal.telephony.PhoneProxy) {249d39f}
08-09 10:44:53.477  1158  1158 D SubscriptionController: [getActiveSubInfoList]- 1 infos return
08-09 10:44:53.482  1158  1158 D SubscriptionController: [getActiveSubInfoForSubscriber]+ subId=1 subInfo={id=1, iccId=89860115921101579076 simSlotIndex=0 displayName=CARD 1 carrierName=Emergency calls only nameSource=0 iconTint=-16746133 dataRoaming=0 iconBitmap=android.graphics.Bitmap@2cf25b4e mcc 460 mnc 1}
08-09 10:44:53.484  1158  1158 D TelephonyManager: getTelephonyProperty: return propVal='null' phoneId=0 property='gsm.sim.operator.alpha' defaultVal='' prop=
08-09 10:44:53.485  1158  1158 D SubscriptionInfoUpdater: sim name = CARD 1
08-09 10:44:53.505  1158  1158 D SubscriptionInfoUpdater: Broadcasting intent ACTION_SIM_STATE_CHANGED LOADED reason null for mCardIndex : 0
08-09 10:44:53.547   722   786 D TelephonyManager: getSimOperatorNumeric(): default subId=1
08-09 10:44:53.549   722   786 D TelephonyManager: getTelephonyProperty: return propVal='46001' phoneId=0 property='gsm.sim.operator.numeric' defaultVal='' prop=46001
08-09 10:44:53.560  1158  1158 D RILJ    : [3717]> OPERATOR [SUB0]
08-09 10:44:53.564  1158  1158 D RILJ    : [3718]> DATA_REGISTRATION_STATE [SUB0]
08-09 10:44:53.568  1158  1158 D RILJ    : [3719]> VOICE_REGISTRATION_STATE [SUB0]
08-09 10:44:53.571   191  1468 D RILC    : RequestComplete, RIL_SOCKET_1
08-09 10:44:53.571   191  1468 E RILC    : Send Response to RIL_SOCKET_1
08-09 10:44:53.573  1158  1299 D RILJ    : [3717]< OPERATOR {null, null, null} [SUB0]
08-09 10:44:53.574   191  1469 D RILC    : RequestComplete, RIL_SOCKET_1
08-09 10:44:53.574   191  1469 E RILC    : Send Response to RIL_SOCKET_1
08-09 10:44:53.576  1158  1299 D RILJ    : [3718]< DATA_REGISTRATION_STATE {3, null, null, null, 15, 20, null, 446, -1, null, null} [SUB0]
08-09 10:44:53.576  1158  1158 D RILJ    : [3720]> QUERY_NETWORK_SELECTION_MODE [SUB0]
08-09 10:44:53.587  1158  1158 D DefaultPhoneNotifier: notifySignalStrength: mRegistry=com.android.internal.telephony.ITelephonyRegistry$Stub$Proxy@3c7cfb31 ss=SignalStrength: 99 0 -120 -160 -120 -1 -1 99 2147483647 2147483647 2147483647 2147483647 gsm|lte sender=Handler (com.android.internal.telephony.gsm.GSMPhone) {3e3bcec}
08-09 10:44:53.588   191  1471 I RILQ    : (0/191):RIL[0][cmd-20(248)] qcril_qmi_nas_update_data_rte: completed, new drte 0 with confidence 4
08-09 10:44:53.589   191  1471 D RILC    : RequestComplete, RIL_SOCKET_1
08-09 10:44:53.589   191  1471 E RILC    : Send Response to RIL_SOCKET_1
08-09 10:44:53.592  1158  1299 D RILJ    : [3719]< VOICE_REGISTRATION_STATE {2, null, null, 0, null, null, null, 0, null, null, null, null, null, 0, null} [SUB0]
08-09 10:44:53.596   191  1472 D RILC    : RequestComplete, RIL_SOCKET_1
08-09 10:44:53.597   191  1472 E RILC    : Send Response to RIL_SOCKET_1
08-09 10:44:53.599  1158  1299 D RILJ    : [3720]< QUERY_NETWORK_SELECTION_MODE {0} [SUB0]
08-09 10:44:53.601  1158  1158 D ProxyController: handleMessage msg.what=2
08-09 10:44:53.602  1158  1158 D ProxyController: onStartRadioCapabilityResponse: Ignore session=-304731299 rc=null
08-09 10:44:53.603  1158  1158 D DCT     : [0]handleMessage msg={ when=-600ms what=270337 obj=android.os.AsyncResult@2756d46f target=com.android.internal.telephony.dataconnection.DcTracker }
08-09 10:44:53.603  1158  1158 D DCT     : [0]onRadioAvailable
08-09 10:44:53.606  1158  1158 D DCT     : [0]isDataAllowed getRecordsLoaded=true
08-09 10:44:53.610  1158  1158 D DCT     : [0]isDataAllowed: not allowed due to - Attached= false
08-09 10:44:53.611  1158  1158 D DCT     : [ApnContext:default] getApnSetting: apnSetting=null
08-09 10:44:53.615  1158  1158 D PhoneFactory: getPhone:- phoneId != DEFAULT_PHONE_ID return sProxyPhones[phoneId] phoneId=0 phone=Handler (com.android.internal.telephony.PhoneProxy) {249d39f}
08-09 10:44:53.627  1158  1158 D DCT     : [0]isDataAllowed getRecordsLoaded=true
08-09 10:44:53.630  1158  1158 D DCT     : [0]isDataAllowed: not allowed due to - Attached= false
08-09 10:44:53.631  1158  1158 D DCT     : [ApnContext:mms] getApnSetting: apnSetting=null
08-09 10:44:53.638  1158  1158 D PhoneFactory: getPhone:- phoneId != DEFAULT_PHONE_ID return sProxyPhones[phoneId] phoneId=0 phone=Handler (com.android.internal.telephony.PhoneProxy) {249d39f}
08-09 10:44:53.647  1158  1158 D DCT     : [0]isDataAllowed getRecordsLoaded=true
08-09 10:44:53.648  1158  1158 D DCT     : [0]isDataAllowed: not allowed due to - Attached= false
08-09 10:44:53.648  1158  1158 D DCT     : [ApnContext:cbs] getApnSetting: apnSetting=null
08-09 10:44:53.650  1158  1158 D PhoneFactory: getPhone:- phoneId != DEFAULT_PHONE_ID return sProxyPhones[phoneId] phoneId=0 phone=Handler (com.android.internal.telephony.PhoneProxy) {249d39f}
08-09 10:44:53.669  1158  1158 D DCT     : [0]isDataAllowed getRecordsLoaded=true
08-09 10:44:53.672  1158  1158 D DCT     : [0]isDataAllowed: not allowed due to - Attached= false
08-09 10:44:53.672  1158  1158 D DCT     : [ApnContext:fota] getApnSetting: apnSetting=null
08-09 10:44:53.674  1158  1158 D PhoneFactory: getPhone:- phoneId != DEFAULT_PHONE_ID return sProxyPhones[phoneId] phoneId=0 phone=Handler (com.android.internal.telephony.PhoneProxy) {249d39f}
08-09 10:44:53.684  1158  1158 D DCT     : [0]isDataAllowed getRecordsLoaded=true
08-09 10:44:53.686  1158  1158 D DCT     : [0]isDataAllowed: not allowed due to - Attached= false
08-09 10:44:53.687  1158  1158 D DCT     : [ApnContext:supl] getApnSetting: apnSetting=null
08-09 10:44:53.688  1158  1158 D PhoneFactory: getPhone:- phoneId != DEFAULT_PHONE_ID return sProxyPhones[phoneId] phoneId=0 phone=Handler (com.android.internal.telephony.PhoneProxy) {249d39f}
08-09 10:44:53.698  1158  1158 D DCT     : [0]isDataAllowed getRecordsLoaded=true
08-09 10:44:53.699  1158  1158 D DCT     : [0]isDataAllowed: not allowed due to - Attached= false
08-09 10:44:53.699  1158  1158 D DCT     : [ApnContext:ia] getApnSetting: apnSetting=null
08-09 10:44:53.700  1158  1158 D PhoneFactory: getPhone:- phoneId != DEFAULT_PHONE_ID return sProxyPhones[phoneId] phoneId=0 phone=Handler (com.android.internal.telephony.PhoneProxy) {249d39f}
08-09 10:44:53.708  1158  1158 D DCT     : [0]isDataAllowed getRecordsLoaded=true
08-09 10:44:53.709  1158  1158 D DCT     : [0]isDataAllowed: not allowed due to - Attached= false
08-09 10:44:53.709  1158  1158 D DCT     : [ApnContext:dun] getApnSetting: apnSetting=null
08-09 10:44:53.710  1158  1158 D PhoneFactory: getPhone:- phoneId != DEFAULT_PHONE_ID return sProxyPhones[phoneId] phoneId=0 phone=Handler (com.android.internal.telephony.PhoneProxy) {249d39f}
08-09 10:44:53.718  1158  1158 D DCT     : [0]isDataAllowed getRecordsLoaded=true
08-09 10:44:53.719  1158  1158 D DCT     : [0]isDataAllowed: not allowed due to - Attached= false
08-09 10:44:53.719  1158  1158 D DCT     : [ApnContext:hipri] getApnSetting: apnSetting=null
08-09 10:44:53.720  1158  1158 D PhoneFactory: getPhone:- phoneId != DEFAULT_PHONE_ID return sProxyPhones[phoneId] phoneId=0 phone=Handler (com.android.internal.telephony.PhoneProxy) {249d39f}
08-09 10:44:53.728  1158  1158 D DCT     : [0]isDataAllowed getRecordsLoaded=true
08-09 10:44:53.729  1158  1158 D DCT     : [0]isDataAllowed: not allowed due to - Attached= false
08-09 10:44:53.729  1158  1158 D DCT     : [ApnContext:ims] getApnSetting: apnSetting=null
08-09 10:44:53.729  1158  1158 D PhoneFactory: getPhone:- phoneId != DEFAULT_PHONE_ID return sProxyPhones[phoneId] phoneId=0 phone=Handler (com.android.internal.telephony.PhoneProxy) {249d39f}
08-09 10:44:53.734  1158  1158 D DCT     : [0]overall state is IDLE
08-09 10:44:53.735  1158  1158 D DCT     : [0]handleMessage msg={ when=-733ms what=270345 obj=android.os.AsyncResult@318c757c target=com.android.internal.telephony.dataconnection.DcTracker }
08-09 10:44:53.736  1158  1158 D DCT     : [0]onDataConnectionDetached: stop polling and notify detached
08-09 10:44:53.736  1158  1158 D DCT     : [0]stopNetStatPoll
08-09 10:44:53.740  1158  1158 D DCT     : [0]stopDataStallAlarm: current tag=24707 mDataStallAlarmIntent=null
08-09 10:44:53.740  1158  1158 D DCT     : [0]notifyDataConnection: reason=dataDetached
08-09 10:44:53.742  1158  1158 D DCT     : [0]isDataAllowed getRecordsLoaded=true
08-09 10:44:53.743  1158  1158 D DCT     : [0]isDataAllowed: not allowed due to - Attached= false
08-09 10:44:53.743  1158  1158 D DCT     : [ApnContext:default] getApnSetting: apnSetting=null
08-09 10:44:53.744  1158  1158 D PhoneFactory: getPhone:- phoneId != DEFAULT_PHONE_ID return sProxyPhones[phoneId] phoneId=0 phone=Handler (com.android.internal.telephony.PhoneProxy) {249d39f}
08-09 10:44:53.750  1158  1158 D DCT     : [0]isDataAllowed getRecordsLoaded=true
08-09 10:44:53.751  1158  1158 D DCT     : [0]isDataAllowed: not allowed due to - Attached= false
08-09 10:44:53.751  1158  1158 D DCT     : [ApnContext:mms] getApnSetting: apnSetting=null
08-09 10:44:53.752  1158  1158 D PhoneFactory: getPhone:- phoneId != DEFAULT_PHONE_ID return sProxyPhones[phoneId] phoneId=0 phone=Handler (com.android.internal.telephony.PhoneProxy) {249d39f}
08-09 10:44:53.760  1158  1158 D DCT     : [0]isDataAllowed getRecordsLoaded=true
08-09 10:44:53.761  1158  1158 D DCT     : [0]isDataAllowed: not allowed due to - Attached= false
08-09 10:44:53.762  1158  1158 D DCT     : [ApnContext:cbs] getApnSetting: apnSetting=null
08-09 10:44:53.763  1158  1158 D PhoneFactory: getPhone:- phoneId != DEFAULT_PHONE_ID return sProxyPhones[phoneId] phoneId=0 phone=Handler (com.android.internal.telephony.PhoneProxy) {249d39f}
08-09 10:44:53.770  1158  1158 D DCT     : [0]isDataAllowed getRecordsLoaded=true
08-09 10:44:53.771  1158  1158 D DCT     : [0]isDataAllowed: not allowed due to - Attached= false
08-09 10:44:53.771  1158  1158 D DCT     : [ApnContext:fota] getApnSetting: apnSetting=null
08-09 10:44:53.772  1158  1158 D PhoneFactory: getPhone:- phoneId != DEFAULT_PHONE_ID return sProxyPhones[phoneId] phoneId=0 phone=Handler (com.android.internal.telephony.PhoneProxy) {249d39f}
08-09 10:44:53.778  1158  1158 D DCT     : [0]isDataAllowed getRecordsLoaded=true
08-09 10:44:53.779  1158  1158 D DCT     : [0]isDataAllowed: not allowed due to - Attached= false
08-09 10:44:53.779  1158  1158 D DCT     : [ApnContext:supl] getApnSetting: apnSetting=null
08-09 10:44:53.780  1158  1158 D PhoneFactory: getPhone:- phoneId != DEFAULT_PHONE_ID return sProxyPhones[phoneId] phoneId=0 phone=Handler (com.android.internal.telephony.PhoneProxy) {249d39f}
08-09 10:44:53.785  1158  1158 D DCT     : [0]isDataAllowed getRecordsLoaded=true
08-09 10:44:53.786  1158  1158 D DCT     : [0]isDataAllowed: not allowed due to - Attached= false
08-09 10:44:53.786  1158  1158 D DCT     : [ApnContext:ia] getApnSetting: apnSetting=null
08-09 10:44:53.787  1158  1158 D PhoneFactory: getPhone:- phoneId != DEFAULT_PHONE_ID return sProxyPhones[phoneId] phoneId=0 phone=Handler (com.android.internal.telephony.PhoneProxy) {249d39f}
08-09 10:44:53.792  1158  1158 D DCT     : [0]isDataAllowed getRecordsLoaded=true
08-09 10:44:53.792  1158  1158 D DCT     : [0]isDataAllowed: not allowed due to - Attached= false
08-09 10:44:53.793  1158  1158 D DCT     : [ApnContext:dun] getApnSetting: apnSetting=null
08-09 10:44:53.794  1158  1158 D PhoneFactory: getPhone:- phoneId != DEFAULT_PHONE_ID return sProxyPhones[phoneId] phoneId=0 phone=Handler (com.android.internal.telephony.PhoneProxy) {249d39f}
08-09 10:44:53.802  1158  1158 D DCT     : [0]isDataAllowed getRecordsLoaded=true
08-09 10:44:53.803  1158  1158 D DCT     : [0]isDataAllowed: not allowed due to - Attached= false
08-09 10:44:53.803  1158  1158 D DCT     : [ApnContext:hipri] getApnSetting: apnSetting=null
08-09 10:44:53.804  1158  1158 D PhoneFactory: getPhone:- phoneId != DEFAULT_PHONE_ID return sProxyPhones[phoneId] phoneId=0 phone=Handler (com.android.internal.telephony.PhoneProxy) {249d39f}
08-09 10:44:53.809  1158  1158 D DCT     : [0]isDataAllowed getRecordsLoaded=true
08-09 10:44:53.810  1158  1158 D DCT     : [0]isDataAllowed: not allowed due to - Attached= false
08-09 10:44:53.810  1158  1158 D DCT     : [ApnContext:ims] getApnSetting: apnSetting=null
08-09 10:44:53.811  1158  1158 D PhoneFactory: getPhone:- phoneId != DEFAULT_PHONE_ID return sProxyPhones[phoneId] phoneId=0 phone=Handler (com.android.internal.telephony.PhoneProxy) {249d39f}
08-09 10:44:53.816  1158  1158 D DCT     : [0]handleMessage msg={ when=-814ms what=270348 obj=android.os.AsyncResult@3e81fe05 target=com.android.internal.telephony.dataconnection.DcTracker }
08-09 10:44:53.816  1158  1158 D DCT     : [0]onRoamingOff
08-09 10:44:53.816  1158  1158 D DCT     : [0]getDataOnRoamingEnabled: phoneSubId=1 isDataRoamingEnabled=true
08-09 10:44:53.817  1158  1158 D DCT     : [0]notifyDataConnection: reason=roamingOff
08-09 10:44:53.823  1158  1158 D DCT     : [0]isDataAllowed getRecordsLoaded=true
08-09 10:44:53.823  1158  1158 D DCT     : [0]isDataAllowed: not allowed due to - Attached= false
08-09 10:44:53.824  1158  1158 D DCT     : [ApnContext:default] getApnSetting: apnSetting=null
08-09 10:44:53.824  1158  1158 D PhoneFactory: getPhone:- phoneId != DEFAULT_PHONE_ID return sProxyPhones[phoneId] phoneId=0 phone=Handler (com.android.internal.telephony.PhoneProxy) {249d39f}
08-09 10:44:53.828  1158  1158 D DCT     : [0]isDataAllowed getRecordsLoaded=true
08-09 10:44:53.830  1158  1158 D DCT     : [0]isDataAllowed: not allowed due to - Attached= false
08-09 10:44:53.830  1158  1158 D DCT     : [ApnContext:mms] getApnSetting: apnSetting=null
08-09 10:44:53.831  1158  1158 D PhoneFactory: getPhone:- phoneId != DEFAULT_PHONE_ID return sProxyPhones[phoneId] phoneId=0 phone=Handler (com.android.internal.telephony.PhoneProxy) {249d39f}
08-09 10:44:53.835  1158  1158 D DCT     : [0]isDataAllowed getRecordsLoaded=true
08-09 10:44:53.836  1158  1158 D DCT     : [0]isDataAllowed: not allowed due to - Attached= false
08-09 10:44:53.836  1158  1158 D DCT     : [ApnContext:cbs] getApnSetting: apnSetting=null
08-09 10:44:53.837  1158  1158 D PhoneFactory: getPhone:- phoneId != DEFAULT_PHONE_ID return sProxyPhones[phoneId] phoneId=0 phone=Handler (com.android.internal.telephony.PhoneProxy) {249d39f}
08-09 10:44:53.840  1158  1158 D DCT     : [0]isDataAllowed getRecordsLoaded=true
08-09 10:44:53.842  1158  1158 D DCT     : [0]isDataAllowed: not allowed due to - Attached= false
08-09 10:44:53.842  1158  1158 D DCT     : [ApnContext:fota] getApnSetting: apnSetting=null
08-09 10:44:53.843  1158  1158 D PhoneFactory: getPhone:- phoneId != DEFAULT_PHONE_ID return sProxyPhones[phoneId] phoneId=0 phone=Handler (com.android.internal.telephony.PhoneProxy) {249d39f}
08-09 10:44:53.848  1158  1158 D DCT     : [0]isDataAllowed getRecordsLoaded=true
08-09 10:44:53.849  1158  1158 D DCT     : [0]isDataAllowed: not allowed due to - Attached= false
08-09 10:44:53.849  1158  1158 D DCT     : [ApnContext:supl] getApnSetting: apnSetting=null
08-09 10:44:53.850  1158  1158 D PhoneFactory: getPhone:- phoneId != DEFAULT_PHONE_ID return sProxyPhones[phoneId] phoneId=0 phone=Handler (com.android.internal.telephony.PhoneProxy) {249d39f}
08-09 10:44:53.855  1158  1158 D DCT     : [0]isDataAllowed getRecordsLoaded=true
08-09 10:44:53.856  1158  1158 D DCT     : [0]isDataAllowed: not allowed due to - Attached= false
08-09 10:44:53.856  1158  1158 D DCT     : [ApnContext:ia] getApnSetting: apnSetting=null
08-09 10:44:53.857  1158  1158 D PhoneFactory: getPhone:- phoneId != DEFAULT_PHONE_ID return sProxyPhones[phoneId] phoneId=0 phone=Handler (com.android.internal.telephony.PhoneProxy) {249d39f}
08-09 10:44:53.868  1158  1158 D DCT     : [0]isDataAllowed getRecordsLoaded=true
08-09 10:44:53.870  1158  1158 D DCT     : [0]isDataAllowed: not allowed due to - Attached= false
08-09 10:44:53.870  1158  1158 D DCT     : [ApnContext:dun] getApnSetting: apnSetting=null
08-09 10:44:53.872  1158  1158 D PhoneFactory: getPhone:- phoneId != DEFAULT_PHONE_ID return sProxyPhones[phoneId] phoneId=0 phone=Handler (com.android.internal.telephony.PhoneProxy) {249d39f}
08-09 10:44:53.886  1158  1158 D DCT     : [0]isDataAllowed getRecordsLoaded=true
08-09 10:44:53.888  1158  1158 D DCT     : [0]isDataAllowed: not allowed due to - Attached= false
08-09 10:44:53.888  1158  1158 D DCT     : [ApnContext:hipri] getApnSetting: apnSetting=null
08-09 10:44:53.891  1158  1158 D PhoneFactory: getPhone:- phoneId != DEFAULT_PHONE_ID return sProxyPhones[phoneId] phoneId=0 phone=Handler (com.android.internal.telephony.PhoneProxy) {249d39f}
08-09 10:44:53.902  1158  1158 D DCT     : [0]isDataAllowed getRecordsLoaded=true
08-09 10:44:53.903  1158  1158 D DCT     : [0]isDataAllowed: not allowed due to - Attached= false
08-09 10:44:53.903  1158  1158 D DCT     : [ApnContext:ims] getApnSetting: apnSetting=null
08-09 10:44:53.904  1158  1158 D PhoneFactory: getPhone:- phoneId != DEFAULT_PHONE_ID return sProxyPhones[phoneId] phoneId=0 phone=Handler (com.android.internal.telephony.PhoneProxy) {249d39f}
08-09 10:44:53.911  1158  1158 D DCT     : [0]handleMessage msg={ when=-905ms what=270377 obj=android.os.AsyncResult@359cde5a target=com.android.internal.telephony.dataconnection.DcTracker }
08-09 10:44:53.911  1158  1158 D DCT     : [0]setupDataOnConnectableApns: nwTypeChanged
08-09 10:44:53.912  1158  1158 D DCT     : [0]setupDataOnConnectableApns: apnContext {mApnType=hipri mState=IDLE mWaitingApns={null} mWaitingApnsPermanentFailureCountDown=0 mApnSetting={null} mReason=radioTurnedOff mDataEnabled=false mDependencyMet=true}
08-09 10:44:53.913  1158  1158 D DCT     : [0]setupDataOnConnectableApns: apnContext {mApnType=mms mState=IDLE mWaitingApns={null} mWaitingApnsPermanentFailureCountDown=0 mApnSetting={null} mReason=radioTurnedOff mDataEnabled=false mDependencyMet=true}
08-09 10:44:53.914  1158  1158 D DCT     : [0]setupDataOnConnectableApns: apnContext {mApnType=supl mState=IDLE mWaitingApns={null} mWaitingApnsPermanentFailureCountDown=0 mApnSetting={null} mReason=radioTurnedOff mDataEnabled=false mDependencyMet=true}
08-09 10:44:53.914  1158  1158 D DCT     : [0]setupDataOnConnectableApns: apnContext {mApnType=cbs mState=IDLE mWaitingApns={null} mWaitingApnsPermanentFailureCountDown=0 mApnSetting={null} mReason=radioTurnedOff mDataEnabled=false mDependencyMet=true}
08-09 10:44:53.915  1158  1158 D DCT     : [0]setupDataOnConnectableApns: apnContext {mApnType=dun mState=IDLE mWaitingApns={null} mWaitingApnsPermanentFailureCountDown=0 mApnSetting={null} mReason=radioTurnedOff mDataEnabled=false mDependencyMet=true}
08-09 10:44:53.915  1158  1158 D DCT     : [0]setupDataOnConnectableApns: apnContext {mApnType=fota mState=IDLE mWaitingApns={null} mWaitingApnsPermanentFailureCountDown=0 mApnSetting={null} mReason=radioTurnedOff mDataEnabled=false mDependencyMet=true}
08-09 10:44:53.916  1158  1158 D DCT     : [0]setupDataOnConnectableApns: apnContext {mApnType=ims mState=IDLE mWaitingApns={null} mWaitingApnsPermanentFailureCountDown=0 mApnSetting={null} mReason=radioTurnedOff mDataEnabled=false mDependencyMet=true}
08-09 10:44:53.917  1158  1158 D DCT     : [0]setupDataOnConnectableApns: apnContext {mApnType=default mState=IDLE mWaitingApns={null} mWaitingApnsPermanentFailureCountDown=0 mApnSetting={null} mReason=radioTurnedOff mDataEnabled=false mDependencyMet=true}
08-09 10:44:53.917  1158  1158 D DCT     : [0]setupDataOnConnectableApns: apnContext {mApnType=ia mState=IDLE mWaitingApns={null} mWaitingApnsPermanentFailureCountDown=0 mApnSetting={null} mReason=radioTurnedOff mDataEnabled=false mDependencyMet=true}
08-09 10:44:53.918  1158  1158 D DCT     : [0]handleMessage msg={ when=-912ms what=270377 obj=android.os.AsyncResult@3326488b target=com.android.internal.telephony.dataconnection.DcTracker }
08-09 10:44:53.918  1158  1158 D DCT     : [0]setupDataOnConnectableApns: nwTypeChanged
08-09 10:44:53.918  1158  1158 D DCT     : [0]setupDataOnConnectableApns: apnContext {mApnType=hipri mState=IDLE mWaitingApns={null} mWaitingApnsPermanentFailureCountDown=0 mApnSetting={null} mReason=radioTurnedOff mDataEnabled=false mDependencyMet=true}
08-09 10:44:53.919  1158  1158 D DCT     : [0]setupDataOnConnectableApns: apnContext {mApnType=mms mState=IDLE mWaitingApns={null} mWaitingApnsPermanentFailureCountDown=0 mApnSetting={null} mReason=radioTurnedOff mDataEnabled=false mDependencyMet=true}
08-09 10:44:53.920  1158  1158 D DCT     : [0]setupDataOnConnectableApns: apnContext {mApnType=supl mState=IDLE mWaitingApns={null} mWaitingApnsPermanentFailureCountDown=0 mApnSetting={null} mReason=radioTurnedOff mDataEnabled=false mDependencyMet=true}
08-09 10:44:53.920  1158  1158 D DCT     : [0]setupDataOnConnectableApns: apnContext {mApnType=cbs mState=IDLE mWaitingApns={null} mWaitingApnsPermanentFailureCountDown=0 mApnSetting={null} mReason=radioTurnedOff mDataEnabled=false mDependencyMet=true}
08-09 10:44:53.921  1158  1158 D DCT     : [0]setupDataOnConnectableApns: apnContext {mApnType=dun mState=IDLE mWaitingApns={null} mWaitingApnsPermanentFailureCountDown=0 mApnSetting={null} mReason=radioTurnedOff mDataEnabled=false mDependencyMet=true}
08-09 10:44:53.921  1158  1158 D DCT     : [0]setupDataOnConnectableApns: apnContext {mApnType=fota mState=IDLE mWaitingApns={null} mWaitingApnsPermanentFailureCountDown=0 mApnSetting={null} mReason=radioTurnedOff mDataEnabled=false mDependencyMet=true}
08-09 10:44:53.924  1158  1158 D DCT     : [0]setupDataOnConnectableApns: apnContext {mApnType=ims mState=IDLE mWaitingApns={null} mWaitingApnsPermanentFailureCountDown=0 mApnSetting={null} mReason=radioTurnedOff mDataEnabled=false mDependencyMet=true}
08-09 10:44:53.925  1158  1158 D DCT     : [0]setupDataOnConnectableApns: apnContext {mApnType=default mState=IDLE mWaitingApns={null} mWaitingApnsPermanentFailureCountDown=0 mApnSetting={null} mReason=radioTurnedOff mDataEnabled=false mDependencyMet=true}
08-09 10:44:53.925  1158  1158 D DCT     : [0]setupDataOnConnectableApns: apnContext {mApnType=ia mState=IDLE mWaitingApns={null} mWaitingApnsPermanentFailureCountDown=0 mApnSetting={null} mReason=radioTurnedOff mDataEnabled=false mDependencyMet=true}
08-09 10:44:53.926  1158  1158 D RILJ    : [3721]> OPERATOR [SUB0]
08-09 10:44:53.927  1158  1158 D RILJ    : [3722]> DATA_REGISTRATION_STATE [SUB0]
08-09 10:44:53.929   191  1473 D RILC    : RequestComplete, RIL_SOCKET_1
08-09 10:44:53.929   191  1473 E RILC    : Send Response to RIL_SOCKET_1
08-09 10:44:53.930  1158  1299 D RILJ    : [3721]< OPERATOR {null, null, null} [SUB0]
08-09 10:44:53.930  1158  1158 D RILJ    : [3723]> VOICE_REGISTRATION_STATE [SUB0]
08-09 10:44:53.934   191  1474 D RILC    : RequestComplete, RIL_SOCKET_1
08-09 10:44:53.934   191  1474 E RILC    : Send Response to RIL_SOCKET_1
08-09 10:44:53.934  1158  1361 D SubscriptionController: [getActiveSubInfoList]+
08-09 10:44:53.935  1158  1299 D RILJ    : [3722]< DATA_REGISTRATION_STATE {3, null, null, null, 15, 20, null, 242, -1, null, null} [SUB0]
08-09 10:44:53.936  1158  1158 D RILJ    : [3724]> QUERY_NETWORK_SELECTION_MODE [SUB0]
08-09 10:44:53.936  1158  1361 D SubscriptionController: selection:sim_id>=0 null
08-09 10:44:53.937   191  1475 I RILQ    : (0/191):RIL[0][cmd-20(248)] qcril_qmi_nas_update_data_rte: completed, new drte 0 with confidence 4
08-09 10:44:53.938  1158  1158 D RILJ    : [3725]> OPERATOR [SUB0]
08-09 10:44:53.939   191  1475 D RILC    : RequestComplete, RIL_SOCKET_1
08-09 10:44:53.939   191  1475 E RILC    : Send Response to RIL_SOCKET_1
08-09 10:44:53.940  1158  1158 D RILJ    : [3726]> DATA_REGISTRATION_STATE [SUB0]
08-09 10:44:53.940  1158  1299 D RILJ    : [3723]< VOICE_REGISTRATION_STATE {2, null, null, 0, null, null, null, 0, null, null, null, null, null, 0, null} [SUB0]
08-09 10:44:53.941   191  1476 D RILC    : RequestComplete, RIL_SOCKET_1
08-09 10:44:53.941   191  1476 E RILC    : Send Response to RIL_SOCKET_1
08-09 10:44:53.942   191  1477 D RILC    : RequestComplete, RIL_SOCKET_1
08-09 10:44:53.942   191  1477 E RILC    : Send Response to RIL_SOCKET_1
08-09 10:44:53.946  1158  1299 D RILJ    : [3724]< QUERY_NETWORK_SELECTION_MODE {0} [SUB0]
08-09 10:44:53.947  1158  1299 D RILJ    : [3725]< OPERATOR {null, null, null} [SUB0]
08-09 10:44:53.947  1158  1158 D RILJ    : [3727]> VOICE_REGISTRATION_STATE [SUB0]
08-09 10:44:53.950  1158  1158 D RILJ    : [3728]> QUERY_NETWORK_SELECTION_MODE [SUB0]
08-09 10:44:53.951   191  1478 D RILC    : RequestComplete, RIL_SOCKET_1
08-09 10:44:53.952   191  1478 E RILC    : Send Response to RIL_SOCKET_1
08-09 10:44:53.952  1158  1361 D TelephonyManager: getTelephonyProperty: return propVal='cn' phoneId=0 property='gsm.sim.operator.iso-country' defaultVal='' prop=cn
08-09 10:44:53.952  1158  1299 D RILJ    : [3726]< DATA_REGISTRATION_STATE {3, null, null, null, 15, 20, null, 242, -1, null, null} [SUB0]
08-09 10:44:53.953  1158  1158 D RILJ    : [3729]> OPERATOR [SUB0]
08-09 10:44:53.953  1158  1361 D SubscriptionController: [getSubInfoRecord] id:1 iccid:89860115921101579076 simSlotIndex:0 displayName:CARD 1 nameSource:0 iconTint:-16746133 dataRoaming:0 mcc:460 mnc:1 countIso:cn
08-09 10:44:53.954   191  1479 I RILQ    : (0/191):RIL[0][cmd-20(248)] qcril_qmi_nas_update_data_rte: completed, new drte 0 with confidence 4
08-09 10:44:53.954  1158  1361 D PhoneFactory: getPhone:- phoneId != DEFAULT_PHONE_ID return sProxyPhones[phoneId] phoneId=0 phone=Handler (com.android.internal.telephony.PhoneProxy) {249d39f}
08-09 10:44:53.956  1158  1158 D RILJ    : [3730]> DATA_REGISTRATION_STATE [SUB0]
08-09 10:44:53.957  1158  1158 D RILJ    : [3731]> VOICE_REGISTRATION_STATE [SUB0]
08-09 10:44:53.958  1158  1361 D SubscriptionController: [getActiveSubInfoList]- 1 infos return
08-09 10:44:53.958   191  1479 D RILC    : RequestComplete, RIL_SOCKET_1
08-09 10:44:53.958   191  1479 E RILC    : Send Response to RIL_SOCKET_1
08-09 10:44:53.959  1158  1299 D RILJ    : [3727]< VOICE_REGISTRATION_STATE {2, null, null, 0, null, null, null, 0, null, null, null, null, null, 0, null} [SUB0]
08-09 10:44:53.959  1158  1158 D RILJ    : [3732]> QUERY_NETWORK_SELECTION_MODE [SUB0]
08-09 10:44:53.961   191  1480 D RILC    : RequestComplete, RIL_SOCKET_1
08-09 10:44:53.961   191  1480 E RILC    : Send Response to RIL_SOCKET_1
08-09 10:44:53.962  1158  1299 D RILJ    : [3728]< QUERY_NETWORK_SELECTION_MODE {0} [SUB0]
08-09 10:44:53.963  1158  1158 D DCT     : [0]handleMessage msg={ when=-791ms what=270337 obj=android.os.AsyncResult@14297581 target=com.android.internal.telephony.dataconnection.DcTracker }
08-09 10:44:53.964   191  1482 D RILC    : RequestComplete, RIL_SOCKET_1
08-09 10:44:53.964   191  1482 E RILC    : Send Response to RIL_SOCKET_1
08-09 10:44:53.964  1158  1158 D DCT     : [0]onRadioAvailable
08-09 10:44:53.965   191  1483 I RILQ    : (0/191):RIL[0][cmd-20(728)] qcril_qmi_nas_update_data_rte: completed, new drte 0 with confidence 4
08-09 10:44:53.965  1158  1299 D RILJ    : [3730]< DATA_REGISTRATION_STATE {3, null, null, null, 15, 20, null, 242, -1, null, null} [SUB0]
08-09 10:44:53.965  1158  1158 D DCT     : [0]isDataAllowed getRecordsLoaded=true
08-09 10:44:53.966  1158  1158 D DCT     : [0]isDataAllowed: not allowed due to - Attached= false
08-09 10:44:53.966   191  1481 D RILC    : RequestComplete, RIL_SOCKET_1
08-09 10:44:53.966   191  1481 E RILC    : Send Response to RIL_SOCKET_1
08-09 10:44:53.966  1158  1158 D DCT     : [ApnContext:default] getApnSetting: apnSetting=null
08-09 10:44:53.967  1158  1299 D RILJ    : [3729]< OPERATOR {null, null, null} [SUB0]
08-09 10:44:53.967  1158  1158 D PhoneFactory: getPhone:- phoneId != DEFAULT_PHONE_ID return sProxyPhones[phoneId] phoneId=0 phone=Handler (com.android.internal.telephony.PhoneProxy) {249d39f}
08-09 10:44:53.967   191  1483 D RILC    : RequestComplete, RIL_SOCKET_1
08-09 10:44:53.967   191  1483 E RILC    : Send Response to RIL_SOCKET_1
08-09 10:44:53.968  1158  1299 D RILJ    : [3731]< VOICE_REGISTRATION_STATE {2, null, null, 0, null, null, null, 0, null, null, null, null, null, 0, null} [SUB0]
08-09 10:44:53.970   191  1484 D RILC    : RequestComplete, RIL_SOCKET_1
08-09 10:44:53.972   191  1484 E RILC    : Send Response to RIL_SOCKET_1
08-09 10:44:53.973  1158  1299 D RILJ    : [3732]< QUERY_NETWORK_SELECTION_MODE {0} [SUB0]
08-09 10:44:53.974  1158  1158 D DCT     : [0]isDataAllowed getRecordsLoaded=true
08-09 10:44:53.975  1158  1158 D DCT     : [0]isDataAllowed: not allowed due to - Attached= false
08-09 10:44:53.975  1158  1158 D DCT     : [ApnContext:mms] getApnSetting: apnSetting=null
08-09 10:44:53.976  1158  1158 D PhoneFactory: getPhone:- phoneId != DEFAULT_PHONE_ID return sProxyPhones[phoneId] phoneId=0 phone=Handler (com.android.internal.telephony.PhoneProxy) {249d39f}
08-09 10:44:53.982  1158  1158 D DCT     : [0]isDataAllowed getRecordsLoaded=true
08-09 10:44:53.983  1158  1158 D DCT     : [0]isDataAllowed: not allowed due to - Attached= false
08-09 10:44:53.983  1158  1158 D DCT     : [ApnContext:cbs] getApnSetting: apnSetting=null
08-09 10:44:53.983  1158  1158 D PhoneFactory: getPhone:- phoneId != DEFAULT_PHONE_ID return sProxyPhones[phoneId] phoneId=0 phone=Handler (com.android.internal.telephony.PhoneProxy) {249d39f}
08-09 10:44:53.988  1158  1158 D DCT     : [0]isDataAllowed getRecordsLoaded=true
08-09 10:44:53.989  1158  1158 D DCT     : [0]isDataAllowed: not allowed due to - Attached= false
08-09 10:44:53.989  1158  1158 D DCT     : [ApnContext:fota] getApnSetting: apnSetting=null
08-09 10:44:53.990  1158  1158 D PhoneFactory: getPhone:- phoneId != DEFAULT_PHONE_ID return sProxyPhones[phoneId] phoneId=0 phone=Handler (com.android.internal.telephony.PhoneProxy) {249d39f}
08-09 10:44:53.994  1158  1158 D DCT     : [0]isDataAllowed getRecordsLoaded=true
08-09 10:44:53.995  1158  1158 D DCT     : [0]isDataAllowed: not allowed due to - Attached= false
08-09 10:44:53.995  1158  1158 D DCT     : [ApnContext:supl] getApnSetting: apnSetting=null
08-09 10:44:53.996  1158  1158 D PhoneFactory: getPhone:- phoneId != DEFAULT_PHONE_ID return sProxyPhones[phoneId] phoneId=0 phone=Handler (com.android.internal.telephony.PhoneProxy) {249d39f}
08-09 10:44:53.999  1158  1158 D DCT     : [0]isDataAllowed getRecordsLoaded=true
08-09 10:44:54.000  1158  1158 D DCT     : [0]isDataAllowed: not allowed due to - Attached= false
08-09 10:44:54.000  1158  1158 D DCT     : [ApnContext:ia] getApnSetting: apnSetting=null
08-09 10:44:54.001  1158  1158 D PhoneFactory: getPhone:- phoneId != DEFAULT_PHONE_ID return sProxyPhones[phoneId] phoneId=0 phone=Handler (com.android.internal.telephony.PhoneProxy) {249d39f}
08-09 10:44:54.005  1158  1158 D DCT     : [0]isDataAllowed getRecordsLoaded=true
08-09 10:44:54.006  1158  1158 D DCT     : [0]isDataAllowed: not allowed due to - Attached= false
08-09 10:44:54.006  1158  1158 D DCT     : [ApnContext:dun] getApnSetting: apnSetting=null
08-09 10:44:54.007  1158  1158 D PhoneFactory: getPhone:- phoneId != DEFAULT_PHONE_ID return sProxyPhones[phoneId] phoneId=0 phone=Handler (com.android.internal.telephony.PhoneProxy) {249d39f}
08-09 10:44:54.015  1158  1158 D DCT     : [0]isDataAllowed getRecordsLoaded=true
08-09 10:44:54.016  1158  1158 D DCT     : [0]isDataAllowed: not allowed due to - Attached= false
08-09 10:44:54.016  1158  1158 D DCT     : [ApnContext:hipri] getApnSetting: apnSetting=null
08-09 10:44:54.017  1158  1158 D PhoneFactory: getPhone:- phoneId != DEFAULT_PHONE_ID return sProxyPhones[phoneId] phoneId=0 phone=Handler (com.android.internal.telephony.PhoneProxy) {249d39f}
08-09 10:44:54.021  1158  1158 D DCT     : [0]isDataAllowed getRecordsLoaded=true
08-09 10:44:54.021  1158  1158 D DCT     : [0]isDataAllowed: not allowed due to - Attached= false
08-09 10:44:54.022  1158  1158 D DCT     : [ApnContext:ims] getApnSetting: apnSetting=null
08-09 10:44:54.023  1158  1158 D PhoneFactory: getPhone:- phoneId != DEFAULT_PHONE_ID return sProxyPhones[phoneId] phoneId=0 phone=Handler (com.android.internal.telephony.PhoneProxy) {249d39f}
08-09 10:44:54.028  1158  1158 D DCT     : [0]overall state is IDLE
08-09 10:44:54.029  1158  1158 D DCT     : [0]handleMessage msg={ when=-858ms what=270345 obj=android.os.AsyncResult@1a3a8626 target=com.android.internal.telephony.dataconnection.DcTracker }
08-09 10:44:54.029  1158  1158 D DCT     : [0]onDataConnectionDetached: stop polling and notify detached
08-09 10:44:54.029  1158  1158 D DCT     : [0]stopNetStatPoll
08-09 10:44:54.031  1158  1158 D DCT     : [0]stopDataStallAlarm: current tag=24708 mDataStallAlarmIntent=null
08-09 10:44:54.031  1158  1195 D SubscriptionController: [getActiveSubInfoList]+
08-09 10:44:54.031  1158  1158 D DCT     : [0]notifyDataConnection: reason=dataDetached
08-09 10:44:54.032  1158  1158 D DCT     : [0]isDataAllowed getRecordsLoaded=true
08-09 10:44:54.033  1158  1158 D DCT     : [0]isDataAllowed: not allowed due to - Attached= false
08-09 10:44:54.033  1158  1158 D DCT     : [ApnContext:default] getApnSetting: apnSetting=null
08-09 10:44:54.034  1158  1158 D PhoneFactory: getPhone:- phoneId != DEFAULT_PHONE_ID return sProxyPhones[phoneId] phoneId=0 phone=Handler (com.android.internal.telephony.PhoneProxy) {249d39f}
08-09 10:44:54.035  1158  1195 D SubscriptionController: selection:sim_id>=0 null
08-09 10:44:54.039  1158  1158 D DCT     : [0]isDataAllowed getRecordsLoaded=true
08-09 10:44:54.040  1158  1158 D DCT     : [0]isDataAllowed: not allowed due to - Attached= false
08-09 10:44:54.040  1158  1158 D DCT     : [ApnContext:mms] getApnSetting: apnSetting=null
08-09 10:44:54.041  1158  1158 D PhoneFactory: getPhone:- phoneId != DEFAULT_PHONE_ID return sProxyPhones[phoneId] phoneId=0 phone=Handler (com.android.internal.telephony.PhoneProxy) {249d39f}
08-09 10:44:54.046  1158  1158 D DCT     : [0]isDataAllowed getRecordsLoaded=true
08-09 10:44:54.047  1158  1158 D DCT     : [0]isDataAllowed: not allowed due to - Attached= false
08-09 10:44:54.047  1158  1158 D DCT     : [ApnContext:cbs] getApnSetting: apnSetting=null
08-09 10:44:54.048  1158  1158 D PhoneFactory: getPhone:- phoneId != DEFAULT_PHONE_ID return sProxyPhones[phoneId] phoneId=0 phone=Handler (com.android.internal.telephony.PhoneProxy) {249d39f}
08-09 10:44:54.052  1158  1195 D TelephonyManager: getTelephonyProperty: return propVal='cn' phoneId=0 property='gsm.sim.operator.iso-country' defaultVal='' prop=cn
08-09 10:44:54.053  1158  1195 D SubscriptionController: [getSubInfoRecord] id:1 iccid:89860115921101579076 simSlotIndex:0 displayName:CARD 1 nameSource:0 iconTint:-16746133 dataRoaming:0 mcc:460 mnc:1 countIso:cn
08-09 10:44:54.054  1158  1158 D DCT     : [0]isDataAllowed getRecordsLoaded=true
08-09 10:44:54.054  1158  1195 D PhoneFactory: getPhone:- phoneId != DEFAULT_PHONE_ID return sProxyPhones[phoneId] phoneId=0 phone=Handler (com.android.internal.telephony.PhoneProxy) {249d39f}
08-09 10:44:54.055  1158  1158 D DCT     : [0]isDataAllowed: not allowed due to - Attached= false
08-09 10:44:54.055  1158  1158 D DCT     : [ApnContext:fota] getApnSetting: apnSetting=null
08-09 10:44:54.055  1158  1158 D PhoneFactory: getPhone:- phoneId != DEFAULT_PHONE_ID return sProxyPhones[phoneId] phoneId=0 phone=Handler (com.android.internal.telephony.PhoneProxy) {249d39f}
08-09 10:44:54.058  1158  1195 D SubscriptionController: [getActiveSubInfoList]- 1 infos return
08-09 10:44:54.061  1158  1158 D DCT     : [0]isDataAllowed getRecordsLoaded=true
08-09 10:44:54.067  1158  1158 D DCT     : [0]isDataAllowed: not allowed due to - Attached= false
08-09 10:44:54.067  1158  1158 D DCT     : [ApnContext:supl] getApnSetting: apnSetting=null
08-09 10:44:54.069  1158  1158 D PhoneFactory: getPhone:- phoneId != DEFAULT_PHONE_ID return sProxyPhones[phoneId] phoneId=0 phone=Handler (com.android.internal.telephony.PhoneProxy) {249d39f}
08-09 10:44:54.075  1158  1158 D DCT     : [0]isDataAllowed getRecordsLoaded=true
08-09 10:44:54.076  1158  1158 D DCT     : [0]isDataAllowed: not allowed due to - Attached= false
08-09 10:44:54.076  1158  1158 D DCT     : [ApnContext:ia] getApnSetting: apnSetting=null
08-09 10:44:54.077  1158  1361 D SubscriptionController: [getActiveSubInfoList]+
08-09 10:44:54.077  1158  1158 D PhoneFactory: getPhone:- phoneId != DEFAULT_PHONE_ID return sProxyPhones[phoneId] phoneId=0 phone=Handler (com.android.internal.telephony.PhoneProxy) {249d39f}
08-09 10:44:54.081  1158  1361 D SubscriptionController: selection:sim_id>=0 null
08-09 10:44:54.082  1158  1158 D DCT     : [0]isDataAllowed getRecordsLoaded=true
08-09 10:44:54.083  1158  1158 D DCT     : [0]isDataAllowed: not allowed due to - Attached= false
08-09 10:44:54.083  1158  1158 D DCT     : [ApnContext:dun] getApnSetting: apnSetting=null
08-09 10:44:54.084  1158  1158 D PhoneFactory: getPhone:- phoneId != DEFAULT_PHONE_ID return sProxyPhones[phoneId] phoneId=0 phone=Handler (com.android.internal.telephony.PhoneProxy) {249d39f}
08-09 10:44:54.088  1158  1158 D DCT     : [0]isDataAllowed getRecordsLoaded=true
08-09 10:44:54.089   191   271 I RILC    : RIL_SOCKET_1 UNSOLICITED: UNSOL_RESPONSE_VOICE_NETWORK_STATE_CHANGED length:8
08-09 10:44:54.089   191   271 E RILC    : Send Response to RIL_SOCKET_1
08-09 10:44:54.089  1158  1299 D RILJ    : [UNSL]< UNSOL_RESPONSE_VOICE_NETWORK_STATE_CHANGED [SUB0]
08-09 10:44:54.089  1158  1158 D DCT     : [0]isDataAllowed: not allowed due to - Attached= false
08-09 10:44:54.090  1158  1158 D DCT     : [ApnContext:hipri] getApnSetting: apnSetting=null
08-09 10:44:54.090  1158  1158 D PhoneFactory: getPhone:- phoneId != DEFAULT_PHONE_ID return sProxyPhones[phoneId] phoneId=0 phone=Handler (com.android.internal.telephony.PhoneProxy) {249d39f}
08-09 10:44:54.095  1158  1158 D DCT     : [0]isDataAllowed getRecordsLoaded=true
08-09 10:44:54.095  1158  1158 D DCT     : [0]isDataAllowed: not allowed due to - Attached= false
08-09 10:44:54.096  1158  1158 D DCT     : [ApnContext:ims] getApnSetting: apnSetting=null
08-09 10:44:54.097  1158  1158 D PhoneFactory: getPhone:- phoneId != DEFAULT_PHONE_ID return sProxyPhones[phoneId] phoneId=0 phone=Handler (com.android.internal.telephony.PhoneProxy) {249d39f}
08-09 10:44:54.100  1158  1361 D TelephonyManager: getTelephonyProperty: return propVal='cn' phoneId=0 property='gsm.sim.operator.iso-country' defaultVal='' prop=cn
08-09 10:44:54.101  1158  1158 D DCT     : [0]handleMessage msg={ when=-930ms what=270348 obj=android.os.AsyncResult@2d76e8bd target=com.android.internal.telephony.dataconnection.DcTracker }
08-09 10:44:54.101  1158  1361 D SubscriptionController: [getSubInfoRecord] id:1 iccid:89860115921101579076 simSlotIndex:0 displayName:CARD 1 nameSource:0 iconTint:-16746133 dataRoaming:0 mcc:460 mnc:1 countIso:cn
08-09 10:44:54.101  1158  1158 D DCT     : [0]onRoamingOff
08-09 10:44:54.101  1158  1158 D DCT     : [0]getDataOnRoamingEnabled: phoneSubId=1 isDataRoamingEnabled=true
08-09 10:44:54.101  1158  1158 D DCT     : [0]notifyDataConnection: reason=roamingOff
08-09 10:44:54.102  1158  1158 D DCT     : [0]isDataAllowed getRecordsLoaded=true
08-09 10:44:54.103  1158  1361 D PhoneFactory: getPhone:- phoneId != DEFAULT_PHONE_ID return sProxyPhones[phoneId] phoneId=0 phone=Handler (com.android.internal.telephony.PhoneProxy) {249d39f}
08-09 10:44:54.103  1158  1158 D DCT     : [0]isDataAllowed: not allowed due to - Attached= false
08-09 10:44:54.104  1158  1158 D DCT     : [ApnContext:default] getApnSetting: apnSetting=null
08-09 10:44:54.104  1158  1158 D PhoneFactory: getPhone:- phoneId != DEFAULT_PHONE_ID return sProxyPhones[phoneId] phoneId=0 phone=Handler (com.android.internal.telephony.PhoneProxy) {249d39f}
08-09 10:44:54.108  1158  1361 D SubscriptionController: [getActiveSubInfoList]- 1 infos return
08-09 10:44:54.109  1158  1158 D DCT     : [0]isDataAllowed getRecordsLoaded=true
08-09 10:44:54.110  1158  1158 D DCT     : [0]isDataAllowed: not allowed due to - Attached= false
08-09 10:44:54.110  1158  1158 D DCT     : [ApnContext:mms] getApnSetting: apnSetting=null
08-09 10:44:54.110  1158  1158 D PhoneFactory: getPhone:- phoneId != DEFAULT_PHONE_ID return sProxyPhones[phoneId] phoneId=0 phone=Handler (com.android.internal.telephony.PhoneProxy) {249d39f}
08-09 10:44:54.115  1158  1158 D DCT     : [0]isDataAllowed getRecordsLoaded=true
08-09 10:44:54.115  1158  1158 D DCT     : [0]isDataAllowed: not allowed due to - Attached= false
08-09 10:44:54.115  1158  1158 D DCT     : [ApnContext:cbs] getApnSetting: apnSetting=null
