08-10 23:18:30.280  1170  1170 D SubscriptionController: [getSubId]- mSlotIdToSubIdMap.size == 0, return DummySubIds slotIdx=0
08-10 23:18:30.281  1170  1170 D SubscriptionController: getDummySubIds: slotIdx=0 return 1 DummySubIds with each subId=-2
08-10 23:18:30.281   710  1188 D SubscriptionManager: [getPhoneId]- fail
08-10 23:18:30.282  1170  1170 D RILJ    : [3701]> OPERATOR [SUB0]
08-10 23:18:30.284   190  1443 D RILC    : RequestComplete, RIL_SOCKET_1
08-10 23:18:30.284   190  1443 E RILC    : Send Response to RIL_SOCKET_1
08-10 23:18:30.284  1170  1170 D RILJ    : [3702]> DATA_REGISTRATION_STATE [SUB0]
08-10 23:18:30.284  1170  1289 D RILJ    : [3701]< OPERATOR {null, null, null} [SUB0]
08-10 23:18:30.286  1170  1170 D RILJ    : [3703]> VOICE_REGISTRATION_STATE [SUB0]
08-10 23:18:30.287   190  1444 D RILC    : RequestComplete, RIL_SOCKET_1
08-10 23:18:30.287   190  1444 E RILC    : Send Response to RIL_SOCKET_1
08-10 23:18:30.288  1170  1170 D RILJ    : [3704]> QUERY_NETWORK_SELECTION_MODE [SUB0]
08-10 23:18:30.288  1170  1289 D RILJ    : [3702]< DATA_REGISTRATION_STATE {0, null, null, null, 0, 20, null, 446, 2929439, null, null} [SUB0]
08-10 23:18:30.289  1170  1170 E IccCardProxy: setExternalState: !override and newstate unchanged from READY
08-10 23:18:30.290  1170  1170 D RILJ    : [3705]> iccIO: SIM_IO 0xb0 0x2fe2  path: 3F00,0,0,10 aid: a0000000871002ff86ffff89ffffffff [SUB0]
08-10 23:18:30.290   190  1446 D RILC    : RequestComplete, RIL_SOCKET_1
08-10 23:18:30.290   190  1446 E RILC    : Send Response to RIL_SOCKET_1
08-10 23:18:30.291  1170  1170 D SubscriptionInfoUpdater: [Receiver]+
08-10 23:18:30.291  1170  1170 D SubscriptionInfoUpdater: Action: android.intent.action.SIM_STATE_CHANGED
08-10 23:18:30.291  1170  1289 D RILJ    : [3704]< QUERY_NETWORK_SELECTION_MODE {0} [SUB0]
08-10 23:18:30.291  1170  1170 D SubscriptionInfoUpdater: slotId: 0
08-10 23:18:30.291  1170  1170 D SubscriptionInfoUpdater: simStatus: READY
08-10 23:18:30.291  1170  1170 D SubscriptionInfoUpdater: Ignoring simStatus: READY
08-10 23:18:30.291  1170  1170 D SubscriptionInfoUpdater: [Receiver]-
08-10 23:18:30.292  1170  1170 D DctController: handleMessage msg={ when=-101ms what=100 target=com.android.internal.telephony.dataconnection.DctController }
08-10 23:18:30.292  1170  1170 D DctController: getTopPriorityRequestPhoneId = 0, priority = -1
08-10 23:18:30.293  1170  1170 D DcSwitchAsyncChannel: [DcSwitchAsyncChannel-0]: rspIsIdle=true
08-10 23:18:30.293  1170  1170 D DctController: onProcessRequest phoneId=0, activePhoneId=-1
08-10 23:18:30.293  1170  1170 D RILJ    : [3706]> iccIO: SIM_IO 0xb2 0x6f40  path: 3F007FFF,1,4,28 aid: a0000000871002ff86ffff89ffffffff [SUB0]
08-10 23:18:30.295  1170  1170 D UiccCarrierPrivilegeRules: EVENT_OPEN_LOGICAL_CHANNEL_DONE
08-10 23:18:30.295  1170  1170 E UiccCarrierPrivilegeRules: Error opening channel
08-10 23:18:30.295  1170  1170 D RILJ    : [3707]> iccIO: SIM_IO 0xb0 0x6fad  path: 3F007FFF,0,0,4 aid: a0000000871002ff86ffff89ffffffff [SUB0]
08-10 23:18:30.297  1170  1170 D SubscriptionController: [getSubId]- mSlotIdToSubIdMap.size == 0, return DummySubIds slotIdx=0
08-10 23:18:30.297  1170  1170 D SubscriptionController: getDummySubIds: slotIdx=0 return 1 DummySubIds with each subId=-2
08-10 23:18:30.298   190  1445 I RILQ    : (0/190):RIL[0][cmd-20(248)] qcril_qmi_nas_update_data_rte: completed, new drte 0 with confidence 4
08-10 23:18:30.298  1170  1170 D IccCardProxy: broadcastIccStateChangedIntent intent ACTION_SIM_STATE_CHANGED value=IMSI reason=null for mPhoneId=0
08-10 23:18:30.300   190  1445 D RILC    : RequestComplete, RIL_SOCKET_1
08-10 23:18:30.301   190  1445 E RILC    : Send Response to RIL_SOCKET_1
08-10 23:18:30.302  1170  1289 D RILJ    : [3703]< VOICE_REGISTRATION_STATE {2, null, null, 0, null, null, null, 0, null, null, null, null, null, 0, null} [SUB0]
08-10 23:18:30.302  1170  1170 D PHONE   : [ServiceState] setDataRegState=1
08-10 23:18:30.302  1170  1170 D PHONE   : [ServiceState] setDataRadioTechnology=0
08-10 23:18:30.303   710   774 D TelephonyManager: getSimOperatorNumeric(): default subId=1
08-10 23:18:30.304  1170  1353 D SubscriptionController: [getPhoneId]- no sims, returning default phoneId=2147483647
08-10 23:18:30.305  1170  1170 D GsmSST  : [GsmSST] handlPollStateResultMessage: GsmSST setDataRegState=1 regState=0 dataRadioTechnology=0
08-10 23:18:30.305   190   285 D RILC    : RequestComplete, RIL_SOCKET_1
08-10 23:18:30.305   190   285 E RILC    : Send Response to RIL_SOCKET_1
08-10 23:18:30.306  1170  1289 D RilRequest: [3688]< SIM_IO error: com.android.internal.telephony.CommandException: GENERIC_FAILURE ret=IccIoResponse sw1:0x6a sw2:0x82
08-10 23:18:30.307   710   774 D TelephonyManager: getTelephonyProperty: return propVal='null' phoneId=2147483647 property='gsm.sim.operator.numeric' defaultVal='' prop=
08-10 23:18:30.308   190   285 D RILC    : RequestComplete, RIL_SOCKET_1
08-10 23:18:30.308   190   285 E RILC    : Send Response to RIL_SOCKET_1
08-10 23:18:30.309  1170  1170 D RILJ    : [3708]> iccIO: SIM_IO 0xc0 0x6f17  path: 3F007FFF,0,0,15 aid: a0000000871002ff86ffff89ffffffff [SUB0]
08-10 23:18:30.309  1170  1289 D RilRequest: [3689]< SIM_IO error: com.android.internal.telephony.CommandException: GENERIC_FAILURE ret=IccIoResponse sw1:0x94 sw2:0x4
08-10 23:18:30.310  1170  1170 D SIMRecords: [SIMRecords] onRecordLoaded 17 requested: true
08-10 23:18:30.311  1170  1170 D SIMRecords: [SIMRecords] EF_MWIS : null
08-10 23:18:30.311  1170  1170 D SIMRecords: [SIMRecords] EVENT_GET_MWIS_DONE exception = com.android.internal.telephony.CommandException: GENERIC_FAILURE
08-10 23:18:30.311  1170  1170 D SIMRecords: [SIMRecords] onRecordLoaded 16 requested: true
08-10 23:18:30.311  1170  1170 D SubscriptionInfoUpdater: [Receiver]+
08-10 23:18:30.311  1170  1170 D SubscriptionInfoUpdater: Action: android.intent.action.SIM_STATE_CHANGED
08-10 23:18:30.312  1170  1170 D SubscriptionInfoUpdater: slotId: 0
08-10 23:18:30.312  1170  1170 D SubscriptionInfoUpdater: simStatus: IMSI
08-10 23:18:30.312  1170  1170 D SubscriptionInfoUpdater: Ignoring simStatus: IMSI
08-10 23:18:30.312  1170  1170 D SubscriptionInfoUpdater: [Receiver]-
08-10 23:18:30.312  1170  1170 D PHONE   : [ServiceState] setVoiceRegState=1
08-10 23:18:30.312  1170  1170 E PHONE   : [ServiceState] setState deprecated use setVoiceRegState()
08-10 23:18:30.314  1170  1170 D GsmSST  : [GsmSST] Poll ServiceState done:  oldSS=[1 1 voice home data home null null null null null null  Unknown Unknown CSS not supported -1 -1 RoamInd=-1 DefRoamInd=-1 EmergOnly=false] newSS=[1 1 voice home data home null null null null null null  Unknown Unknown CSS not supported -1 -1 RoamInd=-1 DefRoamInd=-1 EmergOnly=false] oldMaxDataCalls=20 mNewMaxDataCalls=20 oldReasonDataDenied=-1 mNewReasonDataDenied=-1
08-10 23:18:30.314  1170  1170 D PHONE   : [ServiceState] setNullState=1
08-10 23:18:30.315  1170  1170 D SIMRecords: [SIMRecords] EF_CPHS_MWI: null
08-10 23:18:30.315  1170  1170 D SIMRecords: [SIMRecords] EVENT_GET_VOICE_MAIL_INDICATOR_CPHS_DONE exception = com.android.internal.telephony.CommandException: GENERIC_FAILURE
08-10 23:18:30.315  1170  1170 D SIMRecords: [SIMRecords] onRecordLoaded 15 requested: true
08-10 23:18:30.315  1170  1170 D SIMRecords: [SIMRecords] onRecordLoaded 14 requested: true
08-10 23:18:30.332   190   285 D RILC    : RequestComplete, RIL_SOCKET_1
08-10 23:18:30.332   190   285 E RILC    : Send Response to RIL_SOCKET_1
08-10 23:18:30.333  1170  1289 D RilRequest: [3690]< SIM_IO error: com.android.internal.telephony.CommandException: GENERIC_FAILURE ret=IccIoResponse sw1:0x6a sw2:0x82
08-10 23:18:30.333  1170  1170 D SIMRecords: [SIMRecords] onRecordLoaded 13 requested: true
08-10 23:18:30.348   190   285 D RILC    : RequestComplete, RIL_SOCKET_1
08-10 23:18:30.349   190   285 E RILC    : Send Response to RIL_SOCKET_1
08-10 23:18:30.349  1170  1289 D RILJ    : [3691]< SIM_IO IccIoResponse sw1:0x90 sw2:0x0 [SUB0]
08-10 23:18:30.350  1170  1170 D RILJ    : [3709]> iccIO: SIM_IO 0xb0 0x6f46  path: 3F007FFF,0,0,17 aid: a0000000871002ff86ffff89ffffffff [SUB0]
08-10 23:18:30.374  1170  1206 D DCT     : [0]hasMatchedTetherApnSetting: APN=null
08-10 23:18:30.377   190   285 D RILC    : RequestComplete, RIL_SOCKET_1
08-10 23:18:30.377   190   285 E RILC    : Send Response to RIL_SOCKET_1
08-10 23:18:30.378  1170  1289 D RilRequest: [3692]< SIM_IO error: com.android.internal.telephony.CommandException: GENERIC_FAILURE ret=IccIoResponse sw1:0x6a sw2:0x82
08-10 23:18:30.378  1170  1170 D SIMRecords: [SIMRecords] onRecordLoaded 12 requested: true
08-10 23:18:30.390  1170  1352 D DCT     : [0]hasMatchedTetherApnSetting: APN=null
08-10 23:18:30.395   190   285 D RILC    : RequestComplete, RIL_SOCKET_1
08-10 23:18:30.395   190   285 E RILC    : Send Response to RIL_SOCKET_1
08-10 23:18:30.396  1170  1289 D RILJ    : [3693]< SIM_IO IccIoResponse sw1:0x90 sw2:0x0 [SUB0]
08-10 23:18:30.397  1170  1170 D RILJ    : [3710]> iccIO: SIM_IO 0xb2 0x6fc5  path: 3F007FFF,1,4,14 aid: a0000000871002ff86ffff89ffffffff [SUB0]
08-10 23:18:30.397   190   285 D RILC    : RequestComplete, RIL_SOCKET_1
08-10 23:18:30.397   190   285 E RILC    : Send Response to RIL_SOCKET_1
08-10 23:18:30.398  1170  1289 D RILJ    : [3707]< SIM_IO IccIoResponse sw1:0x90 sw2:0x0 [SUB0]
08-10 23:18:30.398  1170  1170 D SIMRecords: [SIMRecords] EF_AD: 00000002
08-10 23:18:30.399  1170  1170 D SIMRecords: [SIMRecords] setting4 mMncLength=2
08-10 23:18:30.399  1170  1170 D SIMRecords: [SIMRecords] mccmncCode=460011
08-10 23:18:30.400  1170  1170 D SIMRecords: [SIMRecords] update mccmnc=46001
08-10 23:18:30.412  1170  1170 D TelephonyManager: getSimOperatorNumeric(): default subId=1
08-10 23:18:30.412  1170  1170 D SubscriptionController: [getPhoneId]- no sims, returning default phoneId=2147483647
08-10 23:18:30.414  1170  1170 D TelephonyManager: getTelephonyProperty: return propVal='null' phoneId=2147483647 property='gsm.sim.operator.numeric' defaultVal='' prop=
08-10 23:18:30.443  1170  1170 D SIMRecords: [SIMRecords] onRecordLoaded 11 requested: true
08-10 23:18:30.445   190   285 D RILC    : RequestComplete, RIL_SOCKET_1
08-10 23:18:30.445   190   285 E RILC    : Send Response to RIL_SOCKET_1
08-10 23:18:30.446  1170  1289 D RILJ    : [3694]< SIM_IO IccIoResponse sw1:0x90 sw2:0x0 [SUB0]
08-10 23:18:30.449  1170  1170 D RILJ    : [3711]> iccIO: SIM_IO 0xb0 0x6f38  path: 3F007FFF,0,0,10 aid: a0000000871002ff86ffff89ffffffff [SUB0]
08-10 23:18:30.450  1170  1209 D DCT     : [0]hasMatchedTetherApnSetting: APN=null
08-10 23:18:30.471   190   285 D RILC    : RequestComplete, RIL_SOCKET_1
08-10 23:18:30.471   190   285 E RILC    : Send Response to RIL_SOCKET_1
08-10 23:18:30.472  1170  1289 D RilRequest: [3695]< SIM_IO error: com.android.internal.telephony.CommandException: GENERIC_FAILURE ret=IccIoResponse sw1:0x6a sw2:0x82
08-10 23:18:30.472  1170  1170 D SIMRecords: [SIMRecords] onRecordLoaded 10 requested: true
08-10 23:18:30.498   190   285 D RILC    : RequestComplete, RIL_SOCKET_1
08-10 23:18:30.498   190   285 E RILC    : Send Response to RIL_SOCKET_1
08-10 23:18:30.499  1170  1289 D RilRequest: [3696]< SIM_IO error: com.android.internal.telephony.CommandException: GENERIC_FAILURE ret=IccIoResponse sw1:0x6a sw2:0x82
08-10 23:18:30.499  1170  1170 E SIMRecords: [SIMRecords] Exception in fetching EF_CSP data com.android.internal.telephony.CommandException: GENERIC_FAILURE
08-10 23:18:30.499  1170  1170 D SIMRecords: [SIMRecords] onRecordLoaded 9 requested: true
08-10 23:18:30.515   190   285 D RILC    : RequestComplete, RIL_SOCKET_1
08-10 23:18:30.515   190   285 E RILC    : Send Response to RIL_SOCKET_1
08-10 23:18:30.516  1170  1289 D RILJ    : [3697]< SIM_IO IccIoResponse sw1:0x90 sw2:0x0 [SUB0]
08-10 23:18:30.518  1170  1170 D RILJ    : [3712]> iccIO: SIM_IO 0xb0 0x6f3e  path: 3F007FFF,0,0,1 aid: a0000000871002ff86ffff89ffffffff [SUB0]
08-10 23:18:30.564   190   285 D RILC    : RequestComplete, RIL_SOCKET_1
08-10 23:18:30.565   190   285 E RILC    : Send Response to RIL_SOCKET_1
08-10 23:18:30.565  1170  1289 D RILJ    : [3698]< SIM_IO IccIoResponse sw1:0x90 sw2:0x0 [SUB0]
08-10 23:18:30.566  1170  1170 D RILJ    : [3713]> iccIO: SIM_IO 0xb0 0x6f05  path: 3F007FFF,0,0,4 aid: a0000000871002ff86ffff89ffffffff [SUB0]
08-10 23:18:30.621   190   285 D RILC    : RequestComplete, RIL_SOCKET_1
08-10 23:18:30.622   190   285 E RILC    : Send Response to RIL_SOCKET_1
08-10 23:18:30.623  1170  1289 D RILJ    : [3699]< SIM_IO IccIoResponse sw1:0x90 sw2:0x0 [SUB0]
08-10 23:18:30.623  1170  1170 D RILJ    : [3714]> iccIO: SIM_IO 0xb0 0x2f05  path: 3F00,0,0,4 aid: a0000000871002ff86ffff89ffffffff [SUB0]
08-10 23:18:30.628   190   285 D RILC    : RequestComplete, RIL_SOCKET_1
08-10 23:18:30.628   190   285 E RILC    : Send Response to RIL_SOCKET_1
08-10 23:18:30.629  1170  1289 D RILJ    : [3705]< SIM_IO IccIoResponse sw1:0x90 sw2:0x0 [SUB0]
08-10 23:18:30.630  1170  1170 D SIMRecords: [SIMRecords] iccid: 89860115921101579076
08-10 23:18:30.630  1170  1170 D SIMRecords: [SIMRecords] onRecordLoaded 8 requested: true
08-10 23:18:30.639   190   285 D RILC    : RequestComplete, RIL_SOCKET_1
08-10 23:18:30.639   190   285 E RILC    : Send Response to RIL_SOCKET_1
08-10 23:18:30.643  1170  1289 D RILJ    : [3706]< SIM_IO IccIoResponse sw1:0x90 sw2:0x0 [SUB0]
08-10 23:18:30.669   190   285 D RILC    : RequestComplete, RIL_SOCKET_1
08-10 23:18:30.670   190   285 E RILC    : Send Response to RIL_SOCKET_1
08-10 23:18:30.670  1170  1289 D RilRequest: [3708]< SIM_IO error: com.android.internal.telephony.CommandException: GENERIC_FAILURE ret=IccIoResponse sw1:0x6a sw2:0x82
08-10 23:18:30.671   190   285 D RILC    : RequestComplete, RIL_SOCKET_1
08-10 23:18:30.671   190   285 E RILC    : Send Response to RIL_SOCKET_1
08-10 23:18:30.673  1170  1289 D RILJ    : [3709]< SIM_IO IccIoResponse sw1:0x90 sw2:0x0 [SUB0]
08-10 23:18:30.675   190   285 D RILC    : RequestComplete, RIL_SOCKET_1
08-10 23:18:30.675   190   285 E RILC    : Send Response to RIL_SOCKET_1
08-10 23:18:30.676   190   285 D RILC    : RequestComplete, RIL_SOCKET_1
08-10 23:18:30.676   190   285 E RILC    : Send Response to RIL_SOCKET_1
08-10 23:18:30.677  1170  1289 D RILJ    : [3710]< SIM_IO IccIoResponse sw1:0x90 sw2:0x0 [SUB0]
08-10 23:18:30.678  1170  1289 D RILJ    : [3711]< SIM_IO IccIoResponse sw1:0x90 sw2:0x0 [SUB0]
08-10 23:18:30.691   190   285 D RILC    : RequestComplete, RIL_SOCKET_1
08-10 23:18:30.692   190   285 E RILC    : Send Response to RIL_SOCKET_1
08-10 23:18:30.696  1170  1289 D RILJ    : [3712]< SIM_IO IccIoResponse sw1:0x90 sw2:0x0 [SUB0]
08-10 23:18:30.704   190   285 D RILC    : RequestComplete, RIL_SOCKET_1
08-10 23:18:30.705   190   285 E RILC    : Send Response to RIL_SOCKET_1
08-10 23:18:30.706   190   285 D RILC    : RequestComplete, RIL_SOCKET_1
08-10 23:18:30.706   190   285 E RILC    : Send Response to RIL_SOCKET_1
08-10 23:18:30.708  1170  1289 D RILJ    : [3713]< SIM_IO IccIoResponse sw1:0x90 sw2:0x0 [SUB0]
08-10 23:18:30.715  1170  1289 D RILJ    : [3714]< SIM_IO IccIoResponse sw1:0x90 sw2:0x0 [SUB0]
08-10 23:18:30.727  1170  1170 D SIMRecords: [SIMRecords] MSISDN: xxxxxxx
08-10 23:18:30.727  1170  1170 D SIMRecords: [SIMRecords] onRecordLoaded 7 requested: true
08-10 23:18:30.729  1170  1170 D SIMRecords: [SIMRecords] getServiceProviderName: no brandOverride
08-10 23:18:30.729  1170  1170 D SIMRecords: [SIMRecords] getServiceProviderName: providerName=
08-10 23:18:30.729  1170  1170 D SIMRecords: [SIMRecords] Load EF_SPN:  spnDisplayCondition: 0
08-10 23:18:30.730  1170  1170 D SIMRecords: [SIMRecords] getServiceProviderName: no brandOverride
08-10 23:18:30.730  1170  1170 D SIMRecords: [SIMRecords] getServiceProviderName: providerName=
08-10 23:18:30.730  1170  1170 D TelephonyManager: setTelephonyProperty: success phoneId=0 property=gsm.sim.operator.alpha value:  propVal=
08-10 23:18:30.732  1170  1170 D SIMRecords: [SIMRecords] onRecordLoaded 6 requested: true
08-10 23:18:30.732  1170  1170 D SIMRecords: [SIMRecords] onRecordLoaded 5 requested: true
08-10 23:18:30.736  1170  1170 D SIMRecords: [SIMRecords] SST: UsimServiceTable[80]={ FDN, FDN_EXTENSION, SDN, SDN_EXTENSION, OUTGOING_CALL_INFO, INCOMING_CALL_INFO, SM_STORAGE, SM_STATUS_REPORTS, SM_SERVICE_PARAMS, ADVICE_OF_CHARGE, CAP_CONFIG_PARAMS_2, CB_MESSAGE_ID, CB_MESSAGE_ID_RANGES, GROUP_ID_LEVEL_1, GROUP_ID_LEVEL_2, SPN, USER_PLMN_SELECT, MSISDN, IMAGE, EMLPP, EMLPP_AUTO_ANSWER, GSM_ACCESS, DATA_DL_VIA_SMS_PP, DATA_DL_VIA_SMS_CB, CALL_CONTROL_BY_USIM, MO_SMS_CONTROL_BY_USIM, RUN_AT_COMMAND, IGNORED_1, ENABLED_SERVICES_TABLE, APN_CONTROL_LIST, DEPERSONALISATION_CONTROL_KEYS, COOPERATIVE_NETWORK_LIST, GSM_SECURITY_CONTEXT, CPBCCH_INFO, INVESTIGATION_SCAN, OPERATOR_PLMN_SELECT, HPLMN_SELECT, EXTENSION_5, PLMN_NETWORK_NAME, OPERATOR_PLMN_LIST, SERVICE_PROVIDER_DISPLAY_INFO, MMS_NOTIFICATION, MMS_NOTIFICATION_EXTENSION, MMS_CONNECTIVITY_PARAMS, NETWORK_INDICATION_OF_ALERTING, VGCS_GROUP_ID_LIST, VBS_GROUP_ID_LIST, EQUIVALENT_HPLMN, EQUIVALENT_HPLMN_PRESENTATION }
08-10 23:18:30.736  1170  1170 D SIMRecords: [SIMRecords] onRecordLoaded 4 requested: true
08-10 23:18:30.736  1170  1170 D SIMRecords: [SIMRecords] GID1: ff
08-10 23:18:30.736  1170  1170 D SIMRecords: [SIMRecords] onRecordLoaded 3 requested: true
08-10 23:18:30.736  1170  1170 D SIMRecords: [SIMRecords] EF_LI LOADED
08-10 23:18:30.737  1170  1170 D SIMRecords: [SIMRecords] EF_LI=7a68656e
08-10 23:18:30.737  1170  1170 D SIMRecords: [SIMRecords] onRecordLoaded 2 requested: true
08-10 23:18:30.737  1170  1170 D SIMRecords: [SIMRecords] EF_PL LOADED
08-10 23:18:30.737  1170  1170 D SIMRecords: [SIMRecords] EF_PL=ffffffff
08-10 23:18:30.737  1170  1170 D SIMRecords: [SIMRecords] onRecordLoaded 1 requested: true
08-10 23:18:30.738  1170  1170 D SIMRecords: [SIMRecords] Invalid or missing EF[MAILBOX]
08-10 23:18:30.738  1170  1170 D SIMRecords: [SIMRecords] onRecordLoaded 0 requested: true
08-10 23:18:30.738  1170  1170 D SIMRecords: [SIMRecords] record load complete
08-10 23:18:30.743  1170  1170 D SIMRecords: [SIMRecords] languages from sim = zh
08-10 23:18:30.744  1170  1170 D SIMRecords: [SIMRecords] Setting locale to zh_cn
08-10 23:18:30.744  1170  1170 D SIMRecords: [SIMRecords] onAllRecordsLoaded set 'gsm.sim.operator.numeric' to operator='46001'
08-10 23:18:30.744  1170  1170 D SIMRecords: [SIMRecords] update icc_operator_numeric=46001
08-10 23:18:30.745  1170  1170 D TelephonyManager: setTelephonyProperty: success phoneId=0 property=gsm.sim.operator.numeric value: 46001 propVal=46001
08-10 23:18:30.747  1170  1170 D SubscriptionController: [setMccMnc]+ mcc/mnc:460/1 subId:1
08-10 23:18:30.769  1170  1299 D GsmCellBroadcastHandler: mWakeLock released
08-10 23:18:30.781  1170  1170 D SubscriptionController: notifySubscriptionInfoChanged:
08-10 23:18:30.784   710   710 D TelephonyManager: getSimOperatorNumeric(): default subId=1
08-10 23:18:30.785  1170  1209 D SubscriptionController: [getPhoneId]- no sims, returning default phoneId=2147483647
08-10 23:18:30.785  1170  1170 D SIMRecords: [SIMRecords] onAllRecordsLoaded set mcc imsi=460011952973996
08-10 23:18:30.786  1170  1170 D TelephonyManager: setTelephonyProperty: success phoneId=0 property=gsm.sim.operator.iso-country value: cn propVal=cn
08-10 23:18:30.788   710   710 D TelephonyManager: getTelephonyProperty: return propVal='null' phoneId=2147483647 property='gsm.sim.operator.numeric' defaultVal='' prop=46001
08-10 23:18:30.790  1170  1170 D GsmSST  : [GsmSST] SubscriptionListener.onSubscriptionInfoChanged
08-10 23:18:30.790  1170  1170 D SubscriptionController: [getSubId]- mSlotIdToSubIdMap.size == 0, return DummySubIds slotIdx=0
08-10 23:18:30.790  1170  1170 D SubscriptionController: getDummySubIds: slotIdx=0 return 1 DummySubIds with each subId=-2
08-10 23:18:30.790  1170  1170 D DCT     : [0]SubscriptionListener.onSubscriptionInfoChanged
08-10 23:18:30.790  1170  1170 D SubscriptionController: [getSubId]- mSlotIdToSubIdMap.size == 0, return DummySubIds slotIdx=0
08-10 23:18:30.791  1170  1170 D SubscriptionController: getDummySubIds: slotIdx=0 return 1 DummySubIds with each subId=-2
08-10 23:18:30.792  1170  1170 D SubscriptionController: [getActiveSubInfoList]+
08-10 23:18:30.794  1170  1170 D SubscriptionController: [getActiveSubInfoList] Sub Controller not ready
08-10 23:18:30.797  1170  1170 E PhoneBase: Error! unregisterForCallWaiting() in PhoneBase should not be called, CDMAPhone inactive.
08-10 23:18:30.798  1170  1170 D SubscriptionController: [getSubId]- mSlotIdToSubIdMap.size == 0, return DummySubIds slotIdx=0
08-10 23:18:30.798  1170  1170 D SubscriptionController: getDummySubIds: slotIdx=0 return 1 DummySubIds with each subId=-2
08-10 23:18:30.799  1170  1170 D SubscriptionController: [getSubId]- mSlotIdToSubIdMap.size == 0, return DummySubIds slotIdx=0
08-10 23:18:30.799  1170  1170 D SubscriptionController: getDummySubIds: slotIdx=0 return 1 DummySubIds with each subId=-2
08-10 23:18:30.800  1170  1170 D SubscriptionController: [getPhoneId]- invalid subId return=-1
08-10 23:18:30.803  1170  1170 D PhoneFactory: getPhone:- phoneId != DEFAULT_PHONE_ID return sProxyPhones[phoneId] phoneId=-1 phone=null
08-10 23:18:30.804  1170  1170 D SubscriptionManager: [getPhoneId]- fail
08-10 23:18:30.866  1170  1170 E PhoneBase: Error! registerForCallWaiting() in PhoneBase should not be called, CDMAPhone inactive.
08-10 23:18:30.871  1170  1170 D DctController: onSubInfoReady mPhoneNum=1
08-10 23:18:30.872  1170  1170 D SubscriptionController: [getSubId]- mSlotIdToSubIdMap.size == 0, return DummySubIds slotIdx=0
08-10 23:18:30.872  1170  1170 D SubscriptionController: getDummySubIds: slotIdx=0 return 1 DummySubIds with each subId=-2
08-10 23:18:30.872  1170  1170 D DctController: onSubInfoReady handle pending requests subId=-2
08-10 23:18:30.872  1170  1170 D SubscriptionController: [getSubId]- mSlotIdToSubIdMap.size == 0, return DummySubIds slotIdx=0
08-10 23:18:30.872  1170  1170 D SubscriptionController: getDummySubIds: slotIdx=0 return 1 DummySubIds with each subId=-2
08-10 23:18:30.873  1170  1170 D DctController: [TNF -2]evalPendingRequest, pending request size is 1
08-10 23:18:30.873  1170  1170 D SubscriptionController: [getSubId]- mSlotIdToSubIdMap.size == 0, return DummySubIds slotIdx=0
08-10 23:18:30.874  1170  1170 D SubscriptionController: getDummySubIds: slotIdx=0 return 1 DummySubIds with each subId=-2
08-10 23:18:30.874  1170  1170 D DctController: [TNF -2]evalPendingRequest: request = NetworkRequest [ id=1, legacyType=-1, [ Capabilities: INTERNET&NOT_RESTRICTED&TRUSTED&NOT_VPN] ]
08-10 23:18:30.875  1170  1170 D SubscriptionController: [getSubId]- mSlotIdToSubIdMap.size == 0, return DummySubIds slotIdx=0
08-10 23:18:30.875  1170  1170 D SubscriptionController: getDummySubIds: slotIdx=0 return 1 DummySubIds with each subId=-2
08-10 23:18:30.875  1170  1170 D DctController: [TNF -2]Cellular needs Network for NetworkRequest [ id=1, legacyType=-1, [ Capabilities: INTERNET&NOT_RESTRICTED&TRUSTED&NOT_VPN] ]
08-10 23:18:30.875  1170  1170 D SubscriptionController: [getSubId]- mSlotIdToSubIdMap.size == 0, return DummySubIds slotIdx=0
08-10 23:18:30.875  1170  1170 D SubscriptionController: getDummySubIds: slotIdx=0 return 1 DummySubIds with each subId=-2
08-10 23:18:30.875  1170  1170 D SubscriptionController: [getSubId]- mSlotIdToSubIdMap.size == 0, return DummySubIds slotIdx=0
08-10 23:18:30.875  1170  1170 D SubscriptionController: getDummySubIds: slotIdx=0 return 1 DummySubIds with each subId=-2
08-10 23:18:30.876  1170  1170 D DctController: [TNF -2]Sub Info has not been ready, pending request.
08-10 23:18:30.876  1170  1170 D DctController: processRequests
08-10 23:18:30.876  1170  1170 D CAT     : CatService: handleMessage[20]
08-10 23:18:30.877  1170  1170 D SubscriptionController: [getSubId]- mSlotIdToSubIdMap.size == 0, return DummySubIds slotIdx=0
08-10 23:18:30.877  1170  1170 D SubscriptionController: getDummySubIds: slotIdx=0 return 1 DummySubIds with each subId=-2
08-10 23:18:30.877  1170  1170 D GSMPhone: [GSMPhone] updateCurrentCarrierInProvider: mSubId = -2 currentDds = 1 operatorNumeric = 46001
08-10 23:18:30.877  1170  1170 D SubscriptionController: [getSubId]- mSlotIdToSubIdMap.size == 0, return DummySubIds slotIdx=0
08-10 23:18:30.877  1170  1170 D SubscriptionController: getDummySubIds: slotIdx=0 return 1 DummySubIds with each subId=-2
08-10 23:18:30.878  1170  1170 D PhoneBase: Voicemail count retrieval for subscriberId = null current subscriberId = 460011952973996
08-10 23:18:30.878  1170  1170 D SubscriptionController: [getSubId]- mSlotIdToSubIdMap.size == 0, return DummySubIds slotIdx=0
08-10 23:18:30.879  1170  1170 D SubscriptionController: getDummySubIds: slotIdx=0 return 1 DummySubIds with each subId=-2
08-10 23:18:30.879  1170  1170 D GSMPhone: updateVoiceMail countVoiceMessages = 0 subId -2
08-10 23:18:30.879  1170  1170 D SubscriptionController: [getSubId]- mSlotIdToSubIdMap.size == 0, return DummySubIds slotIdx=0
08-10 23:18:30.879  1170  1170 D SubscriptionController: getDummySubIds: slotIdx=0 return 1 DummySubIds with each subId=-2
08-10 23:18:30.880  1170  1170 D GsmSST  : [GsmSST] EVENT_SIM_RECORDS_LOADED: what=16
08-10 23:18:30.881  1170  1170 D SST     : updatePhoneObject: Ignore update
08-10 23:18:30.881  1170  1170 D SIMRecords: [SIMRecords] getServiceProviderName: no brandOverride
08-10 23:18:30.882  1170  1170 D SIMRecords: [SIMRecords] getServiceProviderName: providerName=
08-10 23:18:30.882  1170  1170 D GsmSST  : [GsmSST] updateSpnDisplay: radio is on but out of service, set plmn='No service.'
08-10 23:18:30.882  1170  1170 D SIMRecords: [SIMRecords] getServiceProviderName: no brandOverride
08-10 23:18:30.882  1170  1170 D SIMRecords: [SIMRecords] getServiceProviderName: providerName=
08-10 23:18:30.883  1170  1170 D DCT     : [0]handleMessage msg={ when=-96ms what=270338 obj=android.os.AsyncResult@2daf47ef target=com.android.internal.telephony.dataconnection.DcTracker }
08-10 23:18:30.883  1170  1170 D DCT     : [0]onRecordsLoaded: createAllApnList
08-10 23:18:30.883  1170  1170 D DCT     : [0]createAllApnList: selection=numeric = '46001'
08-10 23:18:30.898  1170  1317 D CellBroadcastHandler: mWakeLock released
08-10 23:18:30.914  1170  1170 D DCT     : [0]createApnList: X result=[[ApnSettingV3] 3G (China Unicom), 2622, 46001, 3gnet, , null, , , , -1, default | supl, IP, IP, true, 0, 0, false, 0, 0, 0, 0, , , [ApnSettingV3] 3G (China Unicom), 2623, 46001, 3gwap, 10.0.0.172, null, , , 80, -1, default | supl, IP, IP, true, 0, 0, false, 0, 0, 0, 0, , , [ApnSettingV3] 2GNET (China Unicom), 2624, 46001, uninet, , null, , , , -1, default | supl, IP, IP, true, 0, 0, false, 0, 0, 0, 0, , , [ApnSettingV3]  (China Unicom), 2625, 46001, 3gwap, , http://mmsc.myuni.com.cn, 10.0.0.172, 80, , -1, mms, IP, IP, true, 0, 0, false, 0, 0, 0, 0, , , [ApnSettingV3] 2g (China Unicom), 2626, 46001, uniwap, , http://mmsc.myuni.com.cn, 10.0.0.172, 80, , -1, mms, IP, IP, true, 0, 0, false, 0, 0, 0, 0, , ]
08-10 23:18:30.918  1170  1170 D SubscriptionController: [getSubId]- mSlotIdToSubIdMap.size == 0, return DummySubIds slotIdx=0
08-10 23:18:30.918  1170  1170 D SubscriptionController: getDummySubIds: slotIdx=0 return 1 DummySubIds with each subId=-2
08-10 23:18:30.934  1170  1324 D CdmaServiceCategoryProgramHandler: mWakeLock released
08-10 23:18:30.951  1170  1170 D DCT     : [0]getPreferredApn: mRequestedApnType=default cursor=android.content.ContentResolver$CursorWrapperInner@2d66a2fc cursor.count=0
08-10 23:18:30.954  1170  1170 D DCT     : [0]getPreferredApn: X not found
08-10 23:18:30.954  1170  1170 D DCT     : [0]createAllApnList: mPreferredApn=null
08-10 23:18:30.959  1170  1170 D DCT     : [0]createAllApnList: X mAllApnSettings=[[ApnSettingV3] 3G (China Unicom), 2622, 46001, 3gnet, , null, , , , -1, default | supl, IP, IP, true, 0, 0, false, 0, 0, 0, 0, , , [ApnSettingV3] 3G (China Unicom), 2623, 46001, 3gwap, 10.0.0.172, http://mmsc.myuni.com.cn, 10.0.0.172, 80, 80, -1, default | supl | mms, IP, IP, true, 0, 0, false, 0, 0, 0, 0, , , [ApnSettingV3] 2GNET (China Unicom), 2624, 46001, uninet, , null, , , , -1, default | supl, IP, IP, true, 0, 0, false, 0, 0, 0, 0, , , [ApnSettingV3] 2g (China Unicom), 2626, 46001, uniwap, , http://mmsc.myuni.com.cn, 10.0.0.172, 80, , -1, mms, IP, IP, true, 0, 0, false, 0, 0, 0, 0, , ]
08-10 23:18:30.959  1170  1170 D DCT     : [0]setDataProfilesAsNeeded
08-10 23:18:30.960  1170  1170 D DCT     : [0]setInitialApn: E mPreferredApn=null
08-10 23:18:30.961  1170  1170 D DCT     : [0]setInitialApn: firstApnSetting=[ApnSettingV3] 3G (China Unicom), 2622, 46001, 3gnet, , null, , , , -1, default | supl, IP, IP, true, 0, 0, false, 0, 0, 0, 0, , 
08-10 23:18:30.962  1170  1170 D DCT     : [0]setInitialApn: defaultApnSetting=[ApnSettingV3] 3G (China Unicom), 2622, 46001, 3gnet, , null, , , , -1, default | supl, IP, IP, true, 0, 0, false, 0, 0, 0, 0, , 
08-10 23:18:30.963  1170  1170 D DCT     : [0]setInitialAttachApn: using defaultApnSetting
08-10 23:18:30.964  1170  1170 D DCT     : [0]setInitialAttachApn: X selected Apn=[ApnSettingV3] 3G (China Unicom), 2622, 46001, 3gnet, , null, , , , -1, default | supl, IP, IP, true, 0, 0, false, 0, 0, 0, 0, , 
08-10 23:18:30.964  1170  1170 D RILJ    : Set RIL_REQUEST_SET_INITIAL_ATTACH_APN [SUB0]
08-10 23:18:30.966  1170  1170 D RILJ    : [3715]> RIL_REQUEST_SET_INITIAL_ATTACH_APN, apn:3gnet, protocol:IP, authType:-1, username:null, password:null [SUB0]
08-10 23:18:30.969  1170  1170 D DCT     : [0]onRecordsLoaded: notifying data availability
08-10 23:18:30.970  1170  1170 D SubscriptionController: [getSubId]- mSlotIdToSubIdMap.size == 0, return DummySubIds slotIdx=0
08-10 23:18:30.970  1170  1170 D SubscriptionController: getDummySubIds: slotIdx=0 return 1 DummySubIds with each subId=-2
08-10 23:18:30.980  1170  1170 D DCT     : [0]isDataAllowed getRecordsLoaded=true
08-10 23:18:30.981   190   277 D RILC    : RequestComplete, RIL_SOCKET_1
08-10 23:18:30.982  1170  1170 D DCT     : [0]isDataAllowed: not allowed due to - Attached= false
08-10 23:18:30.982   190   277 E RILC    : Send Response to RIL_SOCKET_1
08-10 23:18:30.982  1170  1170 D DCT     : [ApnContext:default] getApnSetting: apnSetting=null
08-10 23:18:30.983  1170  1289 D RILJ    : [3715]< RIL_REQUEST_SET_INITIAL_ATTACH_APN  [SUB0]
08-10 23:18:30.983  1170  1170 D SubscriptionController: [getPhoneId]- invalid subId return=-1
08-10 23:18:30.987  1170  1170 D PhoneFactory: getPhone:- phoneId != DEFAULT_PHONE_ID return sProxyPhones[phoneId] phoneId=-1 phone=null
08-10 23:18:30.988   710   726 D SubscriptionManager: [getPhoneId]- fail
08-10 23:18:30.994  1170  1170 D SubscriptionController: [getSubId]- mSlotIdToSubIdMap.size == 0, return DummySubIds slotIdx=0
08-10 23:18:30.994  1170  1170 D SubscriptionController: getDummySubIds: slotIdx=0 return 1 DummySubIds with each subId=-2
08-10 23:18:30.995  1170  1170 D DCT     : [0]isDataAllowed getRecordsLoaded=true
08-10 23:18:30.997  1170  1170 D DCT     : [0]isDataAllowed: not allowed due to - Attached= false
08-10 23:18:30.997  1170  1170 D DCT     : [ApnContext:mms] getApnSetting: apnSetting=null
08-10 23:18:30.997  1170  1170 D SubscriptionController: [getPhoneId]- invalid subId return=-1
08-10 23:18:31.000  1170  1170 D PhoneFactory: getPhone:- phoneId != DEFAULT_PHONE_ID return sProxyPhones[phoneId] phoneId=-1 phone=null
08-10 23:18:31.009   710  1245 D SubscriptionManager: [getPhoneId]- fail
08-10 23:18:31.012  1170  1170 D SubscriptionController: [getSubId]- mSlotIdToSubIdMap.size == 0, return DummySubIds slotIdx=0
08-10 23:18:31.012  1170  1170 D SubscriptionController: getDummySubIds: slotIdx=0 return 1 DummySubIds with each subId=-2
08-10 23:18:31.013  1170  1170 D DCT     : [0]isDataAllowed getRecordsLoaded=true
08-10 23:18:31.014  1170  1170 D DCT     : [0]isDataAllowed: not allowed due to - Attached= false
08-10 23:18:31.014  1170  1170 D DCT     : [ApnContext:cbs] getApnSetting: apnSetting=null
08-10 23:18:31.014  1170  1170 D SubscriptionController: [getPhoneId]- invalid subId return=-1
08-10 23:18:31.017  1170  1170 D PhoneFactory: getPhone:- phoneId != DEFAULT_PHONE_ID return sProxyPhones[phoneId] phoneId=-1 phone=null
08-10 23:18:31.019   710  1281 D SubscriptionManager: [getPhoneId]- fail
08-10 23:18:31.025  1170  1170 D SubscriptionController: [getSubId]- mSlotIdToSubIdMap.size == 0, return DummySubIds slotIdx=0
08-10 23:18:31.025  1170  1170 D SubscriptionController: getDummySubIds: slotIdx=0 return 1 DummySubIds with each subId=-2
08-10 23:18:31.026  1170  1170 D DCT     : [0]isDataAllowed getRecordsLoaded=true
08-10 23:18:31.027  1170  1170 D DCT     : [0]isDataAllowed: not allowed due to - Attached= false
08-10 23:18:31.027  1170  1170 D DCT     : [ApnContext:fota] getApnSetting: apnSetting=null
08-10 23:18:31.029  1170  1170 D SubscriptionController: [getPhoneId]- invalid subId return=-1
08-10 23:18:31.032  1170  1170 D PhoneFactory: getPhone:- phoneId != DEFAULT_PHONE_ID return sProxyPhones[phoneId] phoneId=-1 phone=null
08-10 23:18:31.033   710   800 D SubscriptionManager: [getPhoneId]- fail
08-10 23:18:31.035  1170  1170 D SubscriptionController: [getSubId]- mSlotIdToSubIdMap.size == 0, return DummySubIds slotIdx=0
08-10 23:18:31.036  1170  1170 D SubscriptionController: getDummySubIds: slotIdx=0 return 1 DummySubIds with each subId=-2
08-10 23:18:31.037  1170  1170 D DCT     : [0]isDataAllowed getRecordsLoaded=true
08-10 23:18:31.037  1170  1170 D DCT     : [0]isDataAllowed: not allowed due to - Attached= false
08-10 23:18:31.038  1170  1170 D DCT     : [ApnContext:supl] getApnSetting: apnSetting=null
08-10 23:18:31.038  1170  1170 D SubscriptionController: [getPhoneId]- invalid subId return=-1
08-10 23:18:31.039  1170  1300 D GsmInboundSmsHandler: IdleState.processMessage:5
08-10 23:18:31.039  1170  1300 D GsmInboundSmsHandler: Idle state processing message type 5
08-10 23:18:31.042  1170  1170 D PhoneFactory: getPhone:- phoneId != DEFAULT_PHONE_ID return sProxyPhones[phoneId] phoneId=-1 phone=null
08-10 23:18:31.042  1170  1300 D GsmInboundSmsHandler: mWakeLock released
08-10 23:18:31.042  1170  1320 D CdmaInboundSmsHandler: IdleState.processMessage:5
08-10 23:18:31.042  1170  1320 D CdmaInboundSmsHandler: Idle state processing message type 5
08-10 23:18:31.043   710   726 D SubscriptionManager: [getPhoneId]- fail
08-10 23:18:31.045  1170  1170 D SubscriptionController: [getSubId]- mSlotIdToSubIdMap.size == 0, return DummySubIds slotIdx=0
08-10 23:18:31.045  1170  1170 D SubscriptionController: getDummySubIds: slotIdx=0 return 1 DummySubIds with each subId=-2
08-10 23:18:31.046  1170  1320 D CdmaInboundSmsHandler: mWakeLock released
08-10 23:18:31.047  1170  1170 D DCT     : [0]isDataAllowed getRecordsLoaded=true
08-10 23:18:31.048  1170  1170 D DCT     : [0]isDataAllowed: not allowed due to - Attached= false
08-10 23:18:31.048  1170  1170 D DCT     : [ApnContext:ia] getApnSetting: apnSetting=null
08-10 23:18:31.049  1170  1170 D SubscriptionController: [getPhoneId]- invalid subId return=-1
08-10 23:18:31.054  1170  1170 D PhoneFactory: getPhone:- phoneId != DEFAULT_PHONE_ID return sProxyPhones[phoneId] phoneId=-1 phone=null
08-10 23:18:31.061   710  1245 D SubscriptionManager: [getPhoneId]- fail
08-10 23:18:31.067  1170  1170 D SubscriptionController: [getSubId]- mSlotIdToSubIdMap.size == 0, return DummySubIds slotIdx=0
08-10 23:18:31.067  1170  1170 D SubscriptionController: getDummySubIds: slotIdx=0 return 1 DummySubIds with each subId=-2
08-10 23:18:31.071  1170  1170 D DCT     : [0]isDataAllowed getRecordsLoaded=true
08-10 23:18:31.080  1170  1170 D DCT     : [0]isDataAllowed: not allowed due to - Attached= false
08-10 23:18:31.081  1170  1170 D DCT     : [ApnContext:dun] getApnSetting: apnSetting=null
08-10 23:18:31.082  1170  1170 D SubscriptionController: [getPhoneId]- invalid subId return=-1
08-10 23:18:31.085  1170  1170 D PhoneFactory: getPhone:- phoneId != DEFAULT_PHONE_ID return sProxyPhones[phoneId] phoneId=-1 phone=null
08-10 23:18:31.086   710  1245 D SubscriptionManager: [getPhoneId]- fail
08-10 23:18:31.089  1170  1170 D SubscriptionController: [getSubId]- mSlotIdToSubIdMap.size == 0, return DummySubIds slotIdx=0
08-10 23:18:31.096  1170  1170 D SubscriptionController: getDummySubIds: slotIdx=0 return 1 DummySubIds with each subId=-2
08-10 23:18:31.097  1170  1170 D DCT     : [0]isDataAllowed getRecordsLoaded=true
08-10 23:18:31.099  1170  1170 D DCT     : [0]isDataAllowed: not allowed due to - Attached= false
08-10 23:18:31.099  1170  1170 D DCT     : [ApnContext:hipri] getApnSetting: apnSetting=null
08-10 23:18:31.099  1170  1170 D SubscriptionController: [getPhoneId]- invalid subId return=-1
08-10 23:18:31.102  1170  1170 D PhoneFactory: getPhone:- phoneId != DEFAULT_PHONE_ID return sProxyPhones[phoneId] phoneId=-1 phone=null
08-10 23:18:31.103   710   726 D SubscriptionManager: [getPhoneId]- fail
08-10 23:18:31.105  1170  1170 D SubscriptionController: [getSubId]- mSlotIdToSubIdMap.size == 0, return DummySubIds slotIdx=0
08-10 23:18:31.105  1170  1170 D SubscriptionController: getDummySubIds: slotIdx=0 return 1 DummySubIds with each subId=-2
08-10 23:18:31.106  1170  1170 D DCT     : [0]isDataAllowed getRecordsLoaded=true
08-10 23:18:31.107  1170  1170 D DCT     : [0]isDataAllowed: not allowed due to - Attached= false
08-10 23:18:31.107  1170  1170 D DCT     : [ApnContext:ims] getApnSetting: apnSetting=null
08-10 23:18:31.108  1170  1170 D SubscriptionController: [getPhoneId]- invalid subId return=-1
08-10 23:18:31.111  1170  1170 D PhoneFactory: getPhone:- phoneId != DEFAULT_PHONE_ID return sProxyPhones[phoneId] phoneId=-1 phone=null
08-10 23:18:31.113   710  1199 D SubscriptionManager: [getPhoneId]- fail
08-10 23:18:31.115  1170  1170 D DCT     : [0]setupDataOnConnectableApns: simLoaded
08-10 23:18:31.116  1170  1170 D DCT     : [0]setupDataOnConnectableApns: apnContext {mApnType=hipri mState=IDLE mWaitingApns={null} mWaitingApnsPermanentFailureCountDown=0 mApnSetting={null} mReason=radioTurnedOff mDataEnabled=false mDependencyMet=true}
08-10 23:18:31.117  1170  1170 D DCT     : [0]setupDataOnConnectableApns: apnContext {mApnType=mms mState=IDLE mWaitingApns={null} mWaitingApnsPermanentFailureCountDown=0 mApnSetting={null} mReason=radioTurnedOff mDataEnabled=false mDependencyMet=true}
08-10 23:18:31.117  1170  1170 D DCT     : [0]setupDataOnConnectableApns: apnContext {mApnType=supl mState=IDLE mWaitingApns={null} mWaitingApnsPermanentFailureCountDown=0 mApnSetting={null} mReason=radioTurnedOff mDataEnabled=false mDependencyMet=true}
08-10 23:18:31.118  1170  1170 D DCT     : [0]setupDataOnConnectableApns: apnContext {mApnType=cbs mState=IDLE mWaitingApns={null} mWaitingApnsPermanentFailureCountDown=0 mApnSetting={null} mReason=radioTurnedOff mDataEnabled=false mDependencyMet=true}
08-10 23:18:31.119  1170  1170 D DCT     : [0]setupDataOnConnectableApns: apnContext {mApnType=dun mState=IDLE mWaitingApns={null} mWaitingApnsPermanentFailureCountDown=0 mApnSetting={null} mReason=radioTurnedOff mDataEnabled=false mDependencyMet=true}
08-10 23:18:31.119  1170  1170 D DCT     : [0]setupDataOnConnectableApns: apnContext {mApnType=fota mState=IDLE mWaitingApns={null} mWaitingApnsPermanentFailureCountDown=0 mApnSetting={null} mReason=radioTurnedOff mDataEnabled=false mDependencyMet=true}
08-10 23:18:31.120  1170  1170 D DCT     : [0]setupDataOnConnectableApns: apnContext {mApnType=ims mState=IDLE mWaitingApns={null} mWaitingApnsPermanentFailureCountDown=0 mApnSetting={null} mReason=radioTurnedOff mDataEnabled=false mDependencyMet=true}
08-10 23:18:31.120  1170  1170 D DCT     : [0]setupDataOnConnectableApns: apnContext {mApnType=default mState=IDLE mWaitingApns={null} mWaitingApnsPermanentFailureCountDown=0 mApnSetting={null} mReason=radioTurnedOff mDataEnabled=false mDependencyMet=true}
08-10 23:18:31.121  1170  1170 D DCT     : [0]setupDataOnConnectableApns: apnContext {mApnType=ia mState=IDLE mWaitingApns={null} mWaitingApnsPermanentFailureCountDown=0 mApnSetting={null} mReason=radioTurnedOff mDataEnabled=false mDependencyMet=true}
08-10 23:18:31.145  1170  1170 D IccCardProxy: operator=46001 mPhoneId=0
08-10 23:18:31.145  1170  1170 D IccCardProxy: update icc_operator_numeric=46001
08-10 23:18:31.146  1170  1170 D TelephonyManager: setTelephonyProperty: success phoneId=0 property=gsm.sim.operator.numeric value: 46001 propVal=46001
08-10 23:18:31.155  1170  1170 D TelephonyManager: setTelephonyProperty: success phoneId=0 property=gsm.sim.operator.iso-country value: cn propVal=cn
08-10 23:18:31.160  1170  1170 D IccCardProxy: Sending intent ACTION_INTERNAL_SIM_STATE_CHANGED for mPhoneId : 0
08-10 23:18:31.170  1170  1170 D DctController: handleMessage msg={ when=-293ms what=100 target=com.android.internal.telephony.dataconnection.DctController }
08-10 23:18:31.170  1170  1170 D DctController: getTopPriorityRequestPhoneId = 0, priority = -1
08-10 23:18:31.172  1170  1170 D DcSwitchAsyncChannel: [DcSwitchAsyncChannel-0]: rspIsIdle=true
08-10 23:18:31.172  1170  1170 D DctController: onProcessRequest phoneId=0, activePhoneId=-1
08-10 23:18:31.173  1170  1170 D SubscriptionManager: [getPhoneId]- fail
08-10 23:18:31.174  1170  1170 D SubscriptionController: [getSubId]- mSlotIdToSubIdMap.size == 0, return DummySubIds slotIdx=0
08-10 23:18:31.174  1170  1170 D SubscriptionController: getDummySubIds: slotIdx=0 return 1 DummySubIds with each subId=-2
08-10 23:18:31.175  1170  1170 D DCT     : [0]getDataOnRoamingEnabled: phoneSubId=-2 isDataRoamingEnabled=true
08-10 23:18:31.176  1170  1170 D SubscriptionManager: [getPhoneId]- fail
08-10 23:18:31.176  1170  1170 D SubscriptionController: [getSubId]- mSlotIdToSubIdMap.size == 0, return DummySubIds slotIdx=0
08-10 23:18:31.176  1170  1170 D SubscriptionController: getDummySubIds: slotIdx=0 return 1 DummySubIds with each subId=-2
08-10 23:18:31.178  1170  1170 D DCT     : [0]getDataOnRoamingEnabled: phoneSubId=-2 isDataRoamingEnabled=true
08-10 23:18:31.179  1170  1170 D SubscriptionManager: [getPhoneId]- fail
08-10 23:18:31.179  1170  1170 D SubscriptionController: [getSubId]- mSlotIdToSubIdMap.size == 0, return DummySubIds slotIdx=0
08-10 23:18:31.179  1170  1170 D SubscriptionController: getDummySubIds: slotIdx=0 return 1 DummySubIds with each subId=-2
08-10 23:18:31.181  1170  1170 D DCT     : [0]getDataOnRoamingEnabled: phoneSubId=-2 isDataRoamingEnabled=true
08-10 23:18:31.192  1170  1170 D SubscriptionManager: [getPhoneId]- fail
08-10 23:18:31.192  1170  1170 D SubscriptionController: [getSubId]- mSlotIdToSubIdMap.size == 0, return DummySubIds slotIdx=0
08-10 23:18:31.192  1170  1170 D SubscriptionController: getDummySubIds: slotIdx=0 return 1 DummySubIds with each subId=-2
08-10 23:18:31.193  1170  1170 D DCT     : [0]getDataOnRoamingEnabled: phoneSubId=-2 isDataRoamingEnabled=true
08-10 23:18:31.193  1170  1170 D SubscriptionManager: [getPhoneId]- fail
08-10 23:18:31.193  1170  1170 D SubscriptionController: [getSubId]- mSlotIdToSubIdMap.size == 0, return DummySubIds slotIdx=0
08-10 23:18:31.194  1170  1170 D SubscriptionController: getDummySubIds: slotIdx=0 return 1 DummySubIds with each subId=-2
08-10 23:18:31.194  1170  1170 D DCT     : [0]getDataOnRoamingEnabled: phoneSubId=-2 isDataRoamingEnabled=true
08-10 23:18:31.195  1170  1170 D SubscriptionManager: [getPhoneId]- fail
08-10 23:18:31.195  1170  1170 D SubscriptionController: [getSubId]- mSlotIdToSubIdMap.size == 0, return DummySubIds slotIdx=0
08-10 23:18:31.195  1170  1170 D SubscriptionController: getDummySubIds: slotIdx=0 return 1 DummySubIds with each subId=-2
08-10 23:18:31.196  1170  1170 D DCT     : [0]getDataOnRoamingEnabled: phoneSubId=-2 isDataRoamingEnabled=true
08-10 23:18:31.196  1170  1170 D SubscriptionManager: [getPhoneId]- fail
08-10 23:18:31.196  1170  1170 D SubscriptionController: [getSubId]- mSlotIdToSubIdMap.size == 0, return DummySubIds slotIdx=0
08-10 23:18:31.196  1170  1170 D SubscriptionController: getDummySubIds: slotIdx=0 return 1 DummySubIds with each subId=-2
08-10 23:18:31.197  1170  1170 D DCT     : [0]getDataOnRoamingEnabled: phoneSubId=-2 isDataRoamingEnabled=true
08-10 23:18:31.198  1170  1170 D SubscriptionManager: [getPhoneId]- fail
08-10 23:18:31.198  1170  1170 D SubscriptionController: [getSubId]- mSlotIdToSubIdMap.size == 0, return DummySubIds slotIdx=0
08-10 23:18:31.198  1170  1170 D SubscriptionController: getDummySubIds: slotIdx=0 return 1 DummySubIds with each subId=-2
08-10 23:18:31.199  1170  1170 D DCT     : [0]getDataOnRoamingEnabled: phoneSubId=-2 isDataRoamingEnabled=true
08-10 23:18:31.199  1170  1170 D SubscriptionManager: [getPhoneId]- fail
08-10 23:18:31.199  1170  1170 D SubscriptionController: [getSubId]- mSlotIdToSubIdMap.size == 0, return DummySubIds slotIdx=0
08-10 23:18:31.200  1170  1170 D SubscriptionController: getDummySubIds: slotIdx=0 return 1 DummySubIds with each subId=-2
08-10 23:18:31.200  1170  1170 D DCT     : [0]getDataOnRoamingEnabled: phoneSubId=-2 isDataRoamingEnabled=true
08-10 23:18:31.200  1170  1170 D SubscriptionInfoUpdater: [Receiver]+
08-10 23:18:31.200  1170  1170 D SubscriptionInfoUpdater: Action: android.intent.action.internal_sim_state_changed
08-10 23:18:31.201  1170  1170 D SubscriptionInfoUpdater: slotId: 0
08-10 23:18:31.201  1170  1170 D SubscriptionInfoUpdater: simStatus: LOADED
08-10 23:18:31.201  1170  1170 D SubscriptionInfoUpdater: [Receiver]-
08-10 23:18:31.201  1170  1170 D SubscriptionInfoUpdater: handleSimStateLoadedInternal: slotId: 0
08-10 23:18:31.201  1170  1170 D SubscriptionInfoUpdater: All IccIds query complete
08-10 23:18:31.201  1170  1170 D SubscriptionInfoUpdater: updateSubscriptionInfoByIccId:+ Start
08-10 23:18:31.203  1170  1170 D SubscriptionController: [clearSubInfo]+
08-10 23:18:31.204  1170  1170 D SubscriptionController: [clearSubInfo]- no simInfo size=0
08-10 23:18:31.208  1170  1170 D SubscriptionInfoUpdater: insertedSimCount = 1
08-10 23:18:31.208  1170  1170 D SubscriptionController: [getSubInfoUsingSlotIdWithCheck]+ slotId:0
08-10 23:18:31.237  1170  1170 D SubscriptionController: [getPhoneId]- no sims, returning default phoneId=2147483647
08-10 23:18:31.245  1170  1170 D TelephonyManager: getTelephonyProperty: return propVal='null' phoneId=2147483647 property='gsm.sim.operator.iso-country' defaultVal='' prop=cn
08-10 23:18:31.246  1170  1170 D SubscriptionController: [getSubInfoRecord] id:1 iccid:89860115921101579076 simSlotIndex:0 displayName:CARD 1 nameSource:0 iconTint:-16746133 dataRoaming:0 mcc:460 mnc:1 countIso:
08-10 23:18:31.249  1170  1170 D SubscriptionController: [getPhoneId]- no sims, returning default phoneId=2147483647
08-10 23:18:31.252  1170  1170 D PhoneFactory: getPhone:- phoneId == DEFAULT_PHONE_ID return sProxyPhone phoneId=2147483647 phone=Handler (com.android.internal.telephony.PhoneProxy) {1ea732b1}
08-10 23:18:31.254  1170  1170 D SubscriptionController: [getPhoneId]- no sims, returning default phoneId=2147483647
08-10 23:18:31.267  1170  1170 D SubscriptionController: [getSubInfoUsingSlotId]- null info return
08-10 23:18:31.267  1170  1170 D SubscriptionInfoUpdater: updateSubscriptionInfoByIccId: oldSubId = 1
08-10 23:18:31.268  1170  1170 D SubscriptionInfoUpdater: updateSubscriptionInfoByIccId: oldIccId[0] = 89860115921101579076, sIccId[0] = 89860115921101579076
08-10 23:18:31.269  1170  1170 D SubscriptionController: [addSubInfoRecord]+ iccId:89860115921101579076 slotId:0
08-10 23:18:31.274  1170  1170 D SubscriptionController: [getSubId]- mSlotIdToSubIdMap.size == 0, return DummySubIds slotIdx=0
08-10 23:18:31.275  1170  1170 D SubscriptionController: getDummySubIds: slotIdx=0 return 1 DummySubIds with each subId=-2
08-10 23:18:31.275  1170  1170 D SubscriptionManager: [getPhoneId]- fail
08-10 23:18:31.275  1170  1170 D TelephonyManager: getTelephonyProperty: return propVal='null' phoneId=-1 property='gsm.sim.operator.alpha' defaultVal='' prop=
08-10 23:18:31.275  1170  1170 D SubscriptionController: [addSubInfoRecord] sim name = CARD 1
08-10 23:18:31.279  1170  1170 D SubscriptionController: [addSubInfoRecord] carrier name = 
08-10 23:18:31.284   190   285 I RILQ    : (0/190):RIL[0][event] qcril_arb_set_data_sys_status: recvd data_sys_status nw=0x0, rat_mask=0x8000, so_mask=0x0
08-10 23:18:31.284   190   285 I RILQ    : (0/190):RIL[0][event] qcril_arb_set_data_sys_status: recvd data_sys_status nw=0x1, rat_mask=0x0, so_mask=0x0
08-10 23:18:31.285   190   285 I RILQ    : (0/190):RIL[0][event] qcril_qmi_nas_update_data_rte: completed, new drte 0 with confidence 4
08-10 23:18:31.286   190   285 I RILC    : RIL_SOCKET_1 UNSOLICITED: UNSOL_RESPONSE_VOICE_NETWORK_STATE_CHANGED length:8
08-10 23:18:31.286   190   285 E RILC    : Send Response to RIL_SOCKET_1
08-10 23:18:31.287   190   285 I RILC    : RIL_SOCKET_1 UNSOLICITED: UNSOL_SIGNAL_STRENGTH length:60
08-10 23:18:31.287   190   285 E RILC    : Send Response to RIL_SOCKET_1
08-10 23:18:31.288  1170  1289 D RILJ    : [UNSL]< UNSOL_RESPONSE_VOICE_NETWORK_STATE_CHANGED [SUB0]
08-10 23:18:31.325  1170  1170 D SubscriptionController: [getActiveSubInfoList]+
08-10 23:18:31.333  1170  1170 D SubscriptionController: [getActiveSubInfoList] Sub Controller not ready
08-10 23:18:31.376   190   532 I RILQ    : (0/190):RIL[0][qmi_cb] qcril_qmi_nas_update_data_rte: completed, new drte 0 with confidence 4
08-10 23:18:31.378   190   532 I RILC    : RIL_SOCKET_1 UNSOLICITED: UNSOL_RESPONSE_VOICE_NETWORK_STATE_CHANGED length:8
08-10 23:18:31.378   190   532 E RILC    : Send Response to RIL_SOCKET_1
08-10 23:18:31.378   190   532 I RILC    : RIL_SOCKET_1 UNSOLICITED: UNSOL_RESPONSE_VOICE_NETWORK_STATE_CHANGED length:8
08-10 23:18:31.378   190   532 E RILC    : Send Response to RIL_SOCKET_1
08-10 23:18:31.379  1170  1289 D RILJ    : [UNSL]< UNSOL_RESPONSE_VOICE_NETWORK_STATE_CHANGED [SUB0]
