08-10 23:18:29.872  1170  1170 D RILJ    : [3671]> OPERATOR [SUB0]
08-10 23:18:29.873   190  1418 D RILC    : RequestComplete, RIL_SOCKET_1
08-10 23:18:29.873   190  1418 E RILC    : Send Response to RIL_SOCKET_1
08-10 23:18:29.874  1170  1289 D RILJ    : [3668]< RIL_REQUEST_VOICE_RADIO_TECH {3} [SUB0]
08-10 23:18:29.874  1170  1170 D RILJ    : [3672]> DATA_REGISTRATION_STATE [SUB0]
08-10 23:18:29.874   190   532 D RILC    : RequestComplete, RIL_SOCKET_1
08-10 23:18:29.874   190   532 E RILC    : Send Response to RIL_SOCKET_1
08-10 23:18:29.875  1170  1289 D RilRequest: [3669]< RIL_REQUEST_IMS_REGISTRATION_STATE error: com.android.internal.telephony.CommandException: GENERIC_FAILURE ret=
08-10 23:18:29.875   190  1421 D RILC    : RequestComplete, RIL_SOCKET_1
08-10 23:18:29.875   190  1421 E RILC    : Send Response to RIL_SOCKET_1
08-10 23:18:29.876  1170  1289 D RILJ    : [3671]< OPERATOR {null, null, null} [SUB0]
08-10 23:18:29.877  1170  1170 D RILJ    : [3673]> VOICE_REGISTRATION_STATE [SUB0]
08-10 23:18:29.880  1170  1170 D RILJ    : [3674]> QUERY_NETWORK_SELECTION_MODE [SUB0]
08-10 23:18:29.881   190  1422 D RILC    : RequestComplete, RIL_SOCKET_1
08-10 23:18:29.881   190  1422 E RILC    : Send Response to RIL_SOCKET_1
08-10 23:18:29.882   190  1420 D RILC    : RequestComplete, RIL_SOCKET_1
08-10 23:18:29.882   190  1420 E RILC    : Send Response to RIL_SOCKET_1
08-10 23:18:29.882  1170  1289 D RILJ    : [3672]< DATA_REGISTRATION_STATE {0, null, null, null, 0, 20, null, 446, 2929439, null, null} [SUB0]
08-10 23:18:29.883   190  1423 I RILQ    : (0/190):RIL[0][cmd-20(248)] qcril_qmi_nas_update_data_rte: completed, new drte 0 with confidence 4
08-10 23:18:29.883  1170  1289 D RilRequest: [3670]< RIL_REQUEST_CDMA_GET_SUBSCRIPTION_SOURCE error: com.android.internal.telephony.CommandException: GENERIC_FAILURE ret=
08-10 23:18:29.884  1170  1170 D SubscriptionController: [getSubId]- mSlotIdToSubIdMap.size == 0, return DummySubIds slotIdx=0
08-10 23:18:29.884   190  1423 D RILC    : RequestComplete, RIL_SOCKET_1
08-10 23:18:29.884  1170  1170 D SubscriptionController: getDummySubIds: slotIdx=0 return 1 DummySubIds with each subId=-2
08-10 23:18:29.884   190  1423 E RILC    : Send Response to RIL_SOCKET_1
08-10 23:18:29.885  1170  1170 D DefaultPhoneNotifier: notifySignalStrength: mRegistry=com.android.internal.telephony.ITelephonyRegistry$Stub$Proxy@181591b3 ss=SignalStrength: 99 0 -120 -160 -120 -1 -1 99 2147483647 2147483647 2147483647 2147483647 gsm|lte sender=Handler (com.android.internal.telephony.gsm.GSMPhone) {2488b396}
08-10 23:18:29.885  1170  1289 D RILJ    : [3673]< VOICE_REGISTRATION_STATE {2, null, null, 0, null, null, null, 0, null, null, null, null, null, 0, null} [SUB0]
08-10 23:18:29.887   710   800 D SubscriptionManager: [getPhoneId]- fail
08-10 23:18:29.887   710   800 D TelephonyRegistry: notifySignalStrengthForSubscriber: invalid phoneId=-1
08-10 23:18:29.889   190  1424 D RILC    : RequestComplete, RIL_SOCKET_1
08-10 23:18:29.889   190  1424 E RILC    : Send Response to RIL_SOCKET_1
08-10 23:18:29.890  1170  1289 D RILJ    : [3674]< QUERY_NETWORK_SELECTION_MODE {0} [SUB0]
08-10 23:18:29.892  1170  1170 D SubscriptionController: [getSubId]- mSlotIdToSubIdMap.size == 0, return DummySubIds slotIdx=0
08-10 23:18:29.892  1170  1170 D SubscriptionController: getDummySubIds: slotIdx=0 return 1 DummySubIds with each subId=-2
08-10 23:18:29.893  1170  1170 D DCT     : [0]handleMessage msg={ when=-1s307ms what=270377 obj=android.os.AsyncResult@211d475d target=com.android.internal.telephony.dataconnection.DcTracker }
08-10 23:18:29.893  1170  1170 D DCT     : [0]setupDataOnConnectableApns: nwTypeChanged
08-10 23:18:29.894  1170  1170 D DCT     : [0]setupDataOnConnectableApns: apnContext {mApnType=hipri mState=IDLE mWaitingApns={null} mWaitingApnsPermanentFailureCountDown=0 mApnSetting={null} mReason=radioTurnedOff mDataEnabled=false mDependencyMet=true}
08-10 23:18:29.894  1170  1170 D DCT     : [0]setupDataOnConnectableApns: apnContext {mApnType=mms mState=IDLE mWaitingApns={null} mWaitingApnsPermanentFailureCountDown=0 mApnSetting={null} mReason=radioTurnedOff mDataEnabled=false mDependencyMet=true}
08-10 23:18:29.895  1170  1170 D DCT     : [0]setupDataOnConnectableApns: apnContext {mApnType=supl mState=IDLE mWaitingApns={null} mWaitingApnsPermanentFailureCountDown=0 mApnSetting={null} mReason=radioTurnedOff mDataEnabled=false mDependencyMet=true}
08-10 23:18:29.895  1170  1170 D DCT     : [0]setupDataOnConnectableApns: apnContext {mApnType=cbs mState=IDLE mWaitingApns={null} mWaitingApnsPermanentFailureCountDown=0 mApnSetting={null} mReason=radioTurnedOff mDataEnabled=false mDependencyMet=true}
08-10 23:18:29.896  1170  1170 D DCT     : [0]setupDataOnConnectableApns: apnContext {mApnType=dun mState=IDLE mWaitingApns={null} mWaitingApnsPermanentFailureCountDown=0 mApnSetting={null} mReason=radioTurnedOff mDataEnabled=false mDependencyMet=true}
08-10 23:18:29.896  1170  1170 D DCT     : [0]setupDataOnConnectableApns: apnContext {mApnType=fota mState=IDLE mWaitingApns={null} mWaitingApnsPermanentFailureCountDown=0 mApnSetting={null} mReason=radioTurnedOff mDataEnabled=false mDependencyMet=true}
08-10 23:18:29.896  1170  1170 D DCT     : [0]setupDataOnConnectableApns: apnContext {mApnType=ims mState=IDLE mWaitingApns={null} mWaitingApnsPermanentFailureCountDown=0 mApnSetting={null} mReason=radioTurnedOff mDataEnabled=false mDependencyMet=true}
08-10 23:18:29.897  1170  1170 D DCT     : [0]setupDataOnConnectableApns: apnContext {mApnType=default mState=IDLE mWaitingApns={null} mWaitingApnsPermanentFailureCountDown=0 mApnSetting={null} mReason=radioTurnedOff mDataEnabled=false mDependencyMet=true}
08-10 23:18:29.897  1170  1170 D DCT     : [0]setupDataOnConnectableApns: apnContext {mApnType=ia mState=IDLE mWaitingApns={null} mWaitingApnsPermanentFailureCountDown=0 mApnSetting={null} mReason=radioTurnedOff mDataEnabled=false mDependencyMet=true}
08-10 23:18:29.898  1170  1170 D SubscriptionManager: [getPhoneId]- fail
08-10 23:18:29.898  1170  1170 D SubscriptionController: [getSubId]- mSlotIdToSubIdMap.size == 0, return DummySubIds slotIdx=0
08-10 23:18:29.898  1170  1170 D SubscriptionController: getDummySubIds: slotIdx=0 return 1 DummySubIds with each subId=-2
08-10 23:18:29.899  1170  1170 D DCT     : [0]getDataOnRoamingEnabled: phoneSubId=-2 isDataRoamingEnabled=true
08-10 23:18:29.899  1170  1170 D SubscriptionManager: [getPhoneId]- fail
08-10 23:18:29.899  1170  1170 D SubscriptionController: [getSubId]- mSlotIdToSubIdMap.size == 0, return DummySubIds slotIdx=0
08-10 23:18:29.899  1170  1170 D SubscriptionController: getDummySubIds: slotIdx=0 return 1 DummySubIds with each subId=-2
08-10 23:18:29.900  1170  1170 D DCT     : [0]getDataOnRoamingEnabled: phoneSubId=-2 isDataRoamingEnabled=true
08-10 23:18:29.900  1170  1170 D SubscriptionManager: [getPhoneId]- fail
08-10 23:18:29.900  1170  1170 D SubscriptionController: [getSubId]- mSlotIdToSubIdMap.size == 0, return DummySubIds slotIdx=0
08-10 23:18:29.900  1170  1170 D SubscriptionController: getDummySubIds: slotIdx=0 return 1 DummySubIds with each subId=-2
08-10 23:18:29.901  1170  1170 D DCT     : [0]getDataOnRoamingEnabled: phoneSubId=-2 isDataRoamingEnabled=true
08-10 23:18:29.901  1170  1170 D SubscriptionManager: [getPhoneId]- fail
08-10 23:18:29.901  1170  1170 D SubscriptionController: [getSubId]- mSlotIdToSubIdMap.size == 0, return DummySubIds slotIdx=0
08-10 23:18:29.902  1170  1170 D SubscriptionController: getDummySubIds: slotIdx=0 return 1 DummySubIds with each subId=-2
08-10 23:18:29.902  1170  1170 D DCT     : [0]getDataOnRoamingEnabled: phoneSubId=-2 isDataRoamingEnabled=true
08-10 23:18:29.902  1170  1170 D SubscriptionManager: [getPhoneId]- fail
08-10 23:18:29.902  1170  1170 D SubscriptionController: [getSubId]- mSlotIdToSubIdMap.size == 0, return DummySubIds slotIdx=0
08-10 23:18:29.902  1170  1170 D SubscriptionController: getDummySubIds: slotIdx=0 return 1 DummySubIds with each subId=-2
08-10 23:18:29.903  1170  1170 D DCT     : [0]getDataOnRoamingEnabled: phoneSubId=-2 isDataRoamingEnabled=true
08-10 23:18:29.903  1170  1170 D SubscriptionManager: [getPhoneId]- fail
08-10 23:18:29.903  1170  1170 D SubscriptionController: [getSubId]- mSlotIdToSubIdMap.size == 0, return DummySubIds slotIdx=0
08-10 23:18:29.903  1170  1170 D SubscriptionController: getDummySubIds: slotIdx=0 return 1 DummySubIds with each subId=-2
08-10 23:18:29.904  1170  1170 D DCT     : [0]getDataOnRoamingEnabled: phoneSubId=-2 isDataRoamingEnabled=true
08-10 23:18:29.904  1170  1170 D SubscriptionManager: [getPhoneId]- fail
08-10 23:18:29.904  1170  1170 D SubscriptionController: [getSubId]- mSlotIdToSubIdMap.size == 0, return DummySubIds slotIdx=0
08-10 23:18:29.904  1170  1170 D SubscriptionController: getDummySubIds: slotIdx=0 return 1 DummySubIds with each subId=-2
08-10 23:18:29.905  1170  1170 D DCT     : [0]getDataOnRoamingEnabled: phoneSubId=-2 isDataRoamingEnabled=true
08-10 23:18:29.906  1170  1170 D SubscriptionManager: [getPhoneId]- fail
08-10 23:18:29.907  1170  1170 D SubscriptionController: [getSubId]- mSlotIdToSubIdMap.size == 0, return DummySubIds slotIdx=0
08-10 23:18:29.907  1170  1170 D SubscriptionController: getDummySubIds: slotIdx=0 return 1 DummySubIds with each subId=-2
08-10 23:18:29.907  1170  1170 D DCT     : [0]getDataOnRoamingEnabled: phoneSubId=-2 isDataRoamingEnabled=true
08-10 23:18:29.908  1170  1170 D SubscriptionManager: [getPhoneId]- fail
08-10 23:18:29.908  1170  1170 D SubscriptionController: [getSubId]- mSlotIdToSubIdMap.size == 0, return DummySubIds slotIdx=0
08-10 23:18:29.908  1170  1170 D SubscriptionController: getDummySubIds: slotIdx=0 return 1 DummySubIds with each subId=-2
08-10 23:18:29.909  1170  1170 D DCT     : [0]getDataOnRoamingEnabled: phoneSubId=-2 isDataRoamingEnabled=true
08-10 23:18:29.909  1170  1170 D SubscriptionManager: [getPhoneId]- fail
08-10 23:18:29.909  1170  1170 D SubscriptionController: [getSubId]- mSlotIdToSubIdMap.size == 0, return DummySubIds slotIdx=0
08-10 23:18:29.909  1170  1170 D SubscriptionController: getDummySubIds: slotIdx=0 return 1 DummySubIds with each subId=-2
08-10 23:18:29.910  1170  1170 D DCT     : [0]getDataOnRoamingEnabled: phoneSubId=-2 isDataRoamingEnabled=true
08-10 23:18:29.910  1170  1170 D SubscriptionManager: [getPhoneId]- fail
08-10 23:18:29.910  1170  1170 D SubscriptionController: [getSubId]- mSlotIdToSubIdMap.size == 0, return DummySubIds slotIdx=0
08-10 23:18:29.910  1170  1170 D SubscriptionController: getDummySubIds: slotIdx=0 return 1 DummySubIds with each subId=-2
08-10 23:18:29.911  1170  1170 D DCT     : [0]getDataOnRoamingEnabled: phoneSubId=-2 isDataRoamingEnabled=true
08-10 23:18:29.911  1170  1170 D RILJ    : [3675]> OPERATOR [SUB0]
08-10 23:18:29.913  1170  1170 D RILJ    : [3676]> DATA_REGISTRATION_STATE [SUB0]
08-10 23:18:29.914   190  1425 D RILC    : RequestComplete, RIL_SOCKET_1
08-10 23:18:29.914   190  1425 E RILC    : Send Response to RIL_SOCKET_1
08-10 23:18:29.915  1170  1170 D RILJ    : [3677]> VOICE_REGISTRATION_STATE [SUB0]
08-10 23:18:29.915  1170  1289 D RILJ    : [3675]< OPERATOR {null, null, null} [SUB0]
08-10 23:18:29.916  1170  1170 D RILJ    : [3678]> QUERY_NETWORK_SELECTION_MODE [SUB0]
08-10 23:18:29.918  1170  1170 D SubscriptionManager: [getPhoneId]- fail
08-10 23:18:29.918  1170  1170 D SubscriptionController: [getSubId]- mSlotIdToSubIdMap.size == 0, return DummySubIds slotIdx=0
08-10 23:18:29.919  1170  1170 D SubscriptionController: getDummySubIds: slotIdx=0 return 1 DummySubIds with each subId=-2
08-10 23:18:29.919   190  1428 D RILC    : RequestComplete, RIL_SOCKET_1
08-10 23:18:29.919   190  1428 E RILC    : Send Response to RIL_SOCKET_1
08-10 23:18:29.919  1170  1170 D DCT     : [0]getDataOnRoamingEnabled: phoneSubId=-2 isDataRoamingEnabled=true
08-10 23:18:29.919  1170  1289 D RILJ    : [3678]< QUERY_NETWORK_SELECTION_MODE {0} [SUB0]
08-10 23:18:29.919  1170  1170 D SubscriptionManager: [getPhoneId]- fail
08-10 23:18:29.920  1170  1170 D SubscriptionController: [getSubId]- mSlotIdToSubIdMap.size == 0, return DummySubIds slotIdx=0
08-10 23:18:29.920  1170  1170 D SubscriptionController: getDummySubIds: slotIdx=0 return 1 DummySubIds with each subId=-2
08-10 23:18:29.920  1170  1170 D DCT     : [0]getDataOnRoamingEnabled: phoneSubId=-2 isDataRoamingEnabled=true
08-10 23:18:29.920  1170  1170 D SubscriptionManager: [getPhoneId]- fail
08-10 23:18:29.920   190  1427 I RILQ    : (0/190):RIL[0][cmd-20(248)] qcril_qmi_nas_update_data_rte: completed, new drte 0 with confidence 4
08-10 23:18:29.921  1170  1170 D SubscriptionController: [getSubId]- mSlotIdToSubIdMap.size == 0, return DummySubIds slotIdx=0
08-10 23:18:29.921  1170  1170 D SubscriptionController: getDummySubIds: slotIdx=0 return 1 DummySubIds with each subId=-2
08-10 23:18:29.921  1170  1170 D DCT     : [0]getDataOnRoamingEnabled: phoneSubId=-2 isDataRoamingEnabled=true
08-10 23:18:29.921  1170  1170 D SubscriptionManager: [getPhoneId]- fail
08-10 23:18:29.921  1170  1170 D SubscriptionController: [getSubId]- mSlotIdToSubIdMap.size == 0, return DummySubIds slotIdx=0
08-10 23:18:29.922  1170  1170 D SubscriptionController: getDummySubIds: slotIdx=0 return 1 DummySubIds with each subId=-2
08-10 23:18:29.922  1170  1170 D DCT     : [0]getDataOnRoamingEnabled: phoneSubId=-2 isDataRoamingEnabled=true
08-10 23:18:29.922  1170  1170 D SubscriptionManager: [getPhoneId]- fail
08-10 23:18:29.922  1170  1170 D SubscriptionController: [getSubId]- mSlotIdToSubIdMap.size == 0, return DummySubIds slotIdx=0
08-10 23:18:29.923   190  1426 D RILC    : RequestComplete, RIL_SOCKET_1
08-10 23:18:29.923  1170  1170 D SubscriptionController: getDummySubIds: slotIdx=0 return 1 DummySubIds with each subId=-2
08-10 23:18:29.923   190  1426 E RILC    : Send Response to RIL_SOCKET_1
08-10 23:18:29.923  1170  1170 D DCT     : [0]getDataOnRoamingEnabled: phoneSubId=-2 isDataRoamingEnabled=true
08-10 23:18:29.924  1170  1289 D RILJ    : [3676]< DATA_REGISTRATION_STATE {0, null, null, null, 0, 20, null, 446, 2929439, null, null} [SUB0]
08-10 23:18:29.924  1170  1170 D SubscriptionManager: [getPhoneId]- fail
08-10 23:18:29.925  1170  1170 D SubscriptionController: [getSubId]- mSlotIdToSubIdMap.size == 0, return DummySubIds slotIdx=0
08-10 23:18:29.925  1170  1170 D SubscriptionController: getDummySubIds: slotIdx=0 return 1 DummySubIds with each subId=-2
08-10 23:18:29.925   190  1427 D RILC    : RequestComplete, RIL_SOCKET_1
08-10 23:18:29.925   190  1427 E RILC    : Send Response to RIL_SOCKET_1
08-10 23:18:29.925  1170  1170 D DCT     : [0]getDataOnRoamingEnabled: phoneSubId=-2 isDataRoamingEnabled=true
08-10 23:18:29.925  1170  1170 D SubscriptionManager: [getPhoneId]- fail
08-10 23:18:29.926  1170  1170 D SubscriptionController: [getSubId]- mSlotIdToSubIdMap.size == 0, return DummySubIds slotIdx=0
08-10 23:18:29.926  1170  1170 D SubscriptionController: getDummySubIds: slotIdx=0 return 1 DummySubIds with each subId=-2
08-10 23:18:29.926  1170  1289 D RILJ    : [3677]< VOICE_REGISTRATION_STATE {2, null, null, 0, null, null, null, 0, null, null, null, null, null, 0, null} [SUB0]
08-10 23:18:29.926  1170  1170 D DCT     : [0]getDataOnRoamingEnabled: phoneSubId=-2 isDataRoamingEnabled=true
08-10 23:18:29.926  1170  1170 D SubscriptionManager: [getPhoneId]- fail
08-10 23:18:29.927  1170  1170 D SubscriptionController: [getSubId]- mSlotIdToSubIdMap.size == 0, return DummySubIds slotIdx=0
08-10 23:18:29.927  1170  1170 D SubscriptionController: getDummySubIds: slotIdx=0 return 1 DummySubIds with each subId=-2
08-10 23:18:29.928  1170  1170 D DCT     : [0]getDataOnRoamingEnabled: phoneSubId=-2 isDataRoamingEnabled=true
08-10 23:18:29.928  1170  1170 D SubscriptionManager: [getPhoneId]- fail
08-10 23:18:29.928  1170  1170 D SubscriptionController: [getSubId]- mSlotIdToSubIdMap.size == 0, return DummySubIds slotIdx=0
08-10 23:18:29.928  1170  1170 D SubscriptionController: getDummySubIds: slotIdx=0 return 1 DummySubIds with each subId=-2
08-10 23:18:29.929  1170  1170 D DCT     : [0]getDataOnRoamingEnabled: phoneSubId=-2 isDataRoamingEnabled=true
08-10 23:18:29.929  1170  1170 D SubscriptionManager: [getPhoneId]- fail
08-10 23:18:29.929  1170  1170 D SubscriptionController: [getSubId]- mSlotIdToSubIdMap.size == 0, return DummySubIds slotIdx=0
08-10 23:18:29.929  1170  1170 D SubscriptionController: getDummySubIds: slotIdx=0 return 1 DummySubIds with each subId=-2
08-10 23:18:29.930  1170  1170 D DCT     : [0]getDataOnRoamingEnabled: phoneSubId=-2 isDataRoamingEnabled=true
08-10 23:18:29.930  1170  1170 D SubscriptionManager: [getPhoneId]- fail
08-10 23:18:29.930  1170  1170 D SubscriptionController: [getSubId]- mSlotIdToSubIdMap.size == 0, return DummySubIds slotIdx=0
08-10 23:18:29.930  1170  1170 D SubscriptionController: getDummySubIds: slotIdx=0 return 1 DummySubIds with each subId=-2
08-10 23:18:29.931  1170  1170 D DCT     : [0]getDataOnRoamingEnabled: phoneSubId=-2 isDataRoamingEnabled=true
08-10 23:18:29.931  1170  1170 D SubscriptionManager: [getPhoneId]- fail
08-10 23:18:29.931  1170  1170 D SubscriptionController: [getSubId]- mSlotIdToSubIdMap.size == 0, return DummySubIds slotIdx=0
08-10 23:18:29.931  1170  1170 D SubscriptionController: getDummySubIds: slotIdx=0 return 1 DummySubIds with each subId=-2
08-10 23:18:29.932  1170  1170 D DCT     : [0]getDataOnRoamingEnabled: phoneSubId=-2 isDataRoamingEnabled=true
08-10 23:18:29.932  1170  1170 D SubscriptionManager: [getPhoneId]- fail
08-10 23:18:29.932  1170  1170 D SubscriptionController: [getSubId]- mSlotIdToSubIdMap.size == 0, return DummySubIds slotIdx=0
08-10 23:18:29.932  1170  1170 D SubscriptionController: getDummySubIds: slotIdx=0 return 1 DummySubIds with each subId=-2
08-10 23:18:29.933  1170  1170 D DCT     : [0]getDataOnRoamingEnabled: phoneSubId=-2 isDataRoamingEnabled=true
08-10 23:18:29.933  1170  1170 D SubscriptionManager: [getPhoneId]- fail
08-10 23:18:29.933  1170  1170 D SubscriptionController: [getSubId]- mSlotIdToSubIdMap.size == 0, return DummySubIds slotIdx=0
08-10 23:18:29.933  1170  1170 D SubscriptionController: getDummySubIds: slotIdx=0 return 1 DummySubIds with each subId=-2
08-10 23:18:29.934  1170  1170 D DCT     : [0]getDataOnRoamingEnabled: phoneSubId=-2 isDataRoamingEnabled=true
08-10 23:18:29.934  1170  1170 D SubscriptionManager: [getPhoneId]- fail
08-10 23:18:29.934  1170  1170 D SubscriptionController: [getSubId]- mSlotIdToSubIdMap.size == 0, return DummySubIds slotIdx=0
08-10 23:18:29.934  1170  1170 D SubscriptionController: getDummySubIds: slotIdx=0 return 1 DummySubIds with each subId=-2
08-10 23:18:29.935  1170  1170 D DCT     : [0]getDataOnRoamingEnabled: phoneSubId=-2 isDataRoamingEnabled=true
08-10 23:18:29.935  1170  1170 D SubscriptionManager: [getPhoneId]- fail
08-10 23:18:29.935  1170  1170 D SubscriptionController: [getSubId]- mSlotIdToSubIdMap.size == 0, return DummySubIds slotIdx=0
08-10 23:18:29.935  1170  1170 D SubscriptionController: getDummySubIds: slotIdx=0 return 1 DummySubIds with each subId=-2
08-10 23:18:29.935  1170  1170 D DCT     : [0]getDataOnRoamingEnabled: phoneSubId=-2 isDataRoamingEnabled=true
08-10 23:18:29.936  1170  1170 D SubscriptionManager: [getPhoneId]- fail
08-10 23:18:29.936  1170  1170 D SubscriptionController: [getSubId]- mSlotIdToSubIdMap.size == 0, return DummySubIds slotIdx=0
08-10 23:18:29.936  1170  1170 D SubscriptionController: getDummySubIds: slotIdx=0 return 1 DummySubIds with each subId=-2
08-10 23:18:29.936  1170  1170 D DCT     : [0]getDataOnRoamingEnabled: phoneSubId=-2 isDataRoamingEnabled=true
08-10 23:18:29.937  1170  1170 D SubscriptionManager: [getPhoneId]- fail
08-10 23:18:29.937  1170  1170 D SubscriptionController: [getSubId]- mSlotIdToSubIdMap.size == 0, return DummySubIds slotIdx=0
08-10 23:18:29.937  1170  1170 D SubscriptionController: getDummySubIds: slotIdx=0 return 1 DummySubIds with each subId=-2
08-10 23:18:29.937  1170  1170 D DCT     : [0]getDataOnRoamingEnabled: phoneSubId=-2 isDataRoamingEnabled=true
08-10 23:18:29.938  1170  1170 D SubscriptionManager: [getPhoneId]- fail
08-10 23:18:29.938  1170  1170 D SubscriptionController: [getSubId]- mSlotIdToSubIdMap.size == 0, return DummySubIds slotIdx=0
08-10 23:18:29.938  1170  1170 D SubscriptionController: getDummySubIds: slotIdx=0 return 1 DummySubIds with each subId=-2
08-10 23:18:29.938  1170  1170 D DCT     : [0]getDataOnRoamingEnabled: phoneSubId=-2 isDataRoamingEnabled=true
08-10 23:18:29.939  1170  1170 D SubscriptionManager: [getPhoneId]- fail
08-10 23:18:29.939  1170  1170 D SubscriptionController: [getSubId]- mSlotIdToSubIdMap.size == 0, return DummySubIds slotIdx=0
08-10 23:18:29.939  1170  1170 D SubscriptionController: getDummySubIds: slotIdx=0 return 1 DummySubIds with each subId=-2
08-10 23:18:29.939  1170  1170 D DCT     : [0]getDataOnRoamingEnabled: phoneSubId=-2 isDataRoamingEnabled=true
08-10 23:18:29.940  1170  1170 D SubscriptionManager: [getPhoneId]- fail
08-10 23:18:29.940  1170  1170 D SubscriptionController: [getSubId]- mSlotIdToSubIdMap.size == 0, return DummySubIds slotIdx=0
08-10 23:18:29.940  1170  1170 D SubscriptionController: getDummySubIds: slotIdx=0 return 1 DummySubIds with each subId=-2
08-10 23:18:29.940  1170  1170 D DCT     : [0]getDataOnRoamingEnabled: phoneSubId=-2 isDataRoamingEnabled=true
08-10 23:18:29.941  1170  1170 D SubscriptionManager: [getPhoneId]- fail
08-10 23:18:29.941  1170  1170 D SubscriptionController: [getSubId]- mSlotIdToSubIdMap.size == 0, return DummySubIds slotIdx=0
08-10 23:18:29.941  1170  1170 D SubscriptionController: getDummySubIds: slotIdx=0 return 1 DummySubIds with each subId=-2
08-10 23:18:29.941  1170  1170 D DCT     : [0]getDataOnRoamingEnabled: phoneSubId=-2 isDataRoamingEnabled=true
08-10 23:18:29.942  1170  1170 D SubscriptionManager: [getPhoneId]- fail
08-10 23:18:29.942  1170  1170 D SubscriptionController: [getSubId]- mSlotIdToSubIdMap.size == 0, return DummySubIds slotIdx=0
08-10 23:18:29.942  1170  1170 D SubscriptionController: getDummySubIds: slotIdx=0 return 1 DummySubIds with each subId=-2
08-10 23:18:29.942  1170  1170 D DCT     : [0]getDataOnRoamingEnabled: phoneSubId=-2 isDataRoamingEnabled=true
08-10 23:18:29.943  1170  1170 D SubscriptionManager: [getPhoneId]- fail
08-10 23:18:29.943  1170  1170 D SubscriptionController: [getSubId]- mSlotIdToSubIdMap.size == 0, return DummySubIds slotIdx=0
08-10 23:18:29.943  1170  1170 D SubscriptionController: getDummySubIds: slotIdx=0 return 1 DummySubIds with each subId=-2
08-10 23:18:29.943  1170  1170 D DCT     : [0]getDataOnRoamingEnabled: phoneSubId=-2 isDataRoamingEnabled=true
08-10 23:18:29.943  1170  1170 D SubscriptionManager: [getPhoneId]- fail
08-10 23:18:29.944  1170  1170 D SubscriptionController: [getSubId]- mSlotIdToSubIdMap.size == 0, return DummySubIds slotIdx=0
08-10 23:18:29.944  1170  1170 D SubscriptionController: getDummySubIds: slotIdx=0 return 1 DummySubIds with each subId=-2
08-10 23:18:29.944  1170  1170 D DCT     : [0]getDataOnRoamingEnabled: phoneSubId=-2 isDataRoamingEnabled=true
08-10 23:18:29.944  1170  1170 D GSMPhone: Baseband version: M8974A-2.0.50.2.26
08-10 23:18:29.946  1170  1170 D PhoneBase: get phone radio capability fail,no need to change mRadioAccessFamily
08-10 23:18:29.946  1170  1170 D PhoneBase: EVENT_GET_RADIO_CAPABILITY :phone RAF : 1
08-10 23:18:29.962  1170  1170 D DctController: handleMessage msg={ when=-119ms what=100 target=com.android.internal.telephony.dataconnection.DctController }
08-10 23:18:29.962  1170  1170 D DctController: getTopPriorityRequestPhoneId = 0, priority = -1
08-10 23:18:29.963  1170  1170 D DcSwitchAsyncChannel: [DcSwitchAsyncChannel-0]: rspIsIdle=true
08-10 23:18:29.963  1170  1170 D DctController: onProcessRequest phoneId=0, activePhoneId=-1
08-10 23:18:29.963  1170  1170 D UiccController: Received EVENT_GET_ICC_STATUS_DONE
08-10 23:18:29.964  1170  1170 D UiccCard: 1 applications
08-10 23:18:29.964  1170  1170 D UiccCardApplication: Creating UiccApp: {APPTYPE_USIM,APPSTATE_READY,pin1=PINSTATE_DISABLED,pin2=PINSTATE_ENABLED_NOT_VERIFIED}
08-10 23:18:29.979  1170  1170 W VoiceMailConstants: Can't open /system/etc/voicemail-conf.xml
08-10 23:18:29.985  1170  1170 D SpnOverride: No SPN in OEM image = /oem/telephony/spn-conf.xml Load SPN from system image
08-10 23:18:30.018  1170  1352 D SubscriptionController: [getActiveSubInfoList]+
08-10 23:18:30.020  1170  1352 D SubscriptionController: [getActiveSubInfoList] Sub Controller not ready
08-10 23:18:30.037  1170  1170 D SIMRecords: [SIMRecords] setting0 mMncLength-1
08-10 23:18:30.037  1170  1170 D SIMRecords: [SIMRecords] SIMRecords: onRadioOffOrNotAvailable set 'gsm.sim.operator.numeric' to operator=null
08-10 23:18:30.037  1170  1170 D SIMRecords: [SIMRecords] update icc_operator_numeric=null
08-10 23:18:30.038  1170  1170 D TelephonyManager: setTelephonyProperty: success phoneId=0 property=gsm.sim.operator.numeric value:  propVal=
08-10 23:18:30.039  1170  1170 D TelephonyManager: setTelephonyProperty: success phoneId=0 property=gsm.sim.operator.alpha value:  propVal=
08-10 23:18:30.039  1170  1170 D TelephonyManager: setTelephonyProperty: success phoneId=0 property=gsm.sim.operator.iso-country value:  propVal=
08-10 23:18:30.040  1170  1170 D UiccCardApplication: Notifying 1 registrant: READY
08-10 23:18:30.042  1170  1170 D SIMRecords: [SIMRecords] getOperatorNumeric: IMSI == null
08-10 23:18:30.043  1170  1170 D SIMRecords: [SIMRecords] SIMRecords X ctor this=SimRecords: mDestroyed=false mContext=com.android.phone.PhoneGlobals@1423e8d2 mCi=com.android.internal.telephony.RIL@16429a27 mFh=Handler (com.android.internal.telephony.uicc.UsimFileHandler) {28a64da3} mParentApp=com.android.internal.telephony.uicc.UiccCardApplication@2988e8a0 recordsLoadedRegistrants=android.os.RegistrantList@31ebfc59 mImsiReadyRegistrants=android.os.RegistrantList@2e33c01e mRecordsEventsRegistrants=android.os.RegistrantList@25c620ff mNewSmsRegistrants=android.os.RegistrantList@37a3eecc mNetworkSelectionModeAutomaticRegistrants=android.os.RegistrantList@21570515 recordsToLoad=0 adnCache=Handler (com.android.internal.telephony.uicc.AdnRecordCache) {38d7c02a} recordsRequested=false iccid=null msisdnTag=null voiceMailNum=null voiceMailTag=null newVoiceMailNum=null newVoiceMailTag=null isVoiceMailFixed=false mImsi=null mncLength=-1 mailboxIndex=0 spn=null mVmConfigcom.android.internal.telephony.uicc.VoiceMailConstants@3ae5ce1b mSpnOverride=mSpnOverride callForwardingEnabled=false spnState=null mCphsInfo=null mCspPlmnEnabled=true efMWIS=null efCPHS_MWI=null mEfCff=null mEfCfis=null getOperatorNumeric=null
08-10 23:18:30.043  1170  1170 D RILJ    : [3679]> QUERY_FACILITY_LOCK [FD 7 a0000000871002ff86ffff89ffffffff] [SUB0]
08-10 23:18:30.045  1170  1170 D RILJ    : [3680]> QUERY_FACILITY_LOCK [SC 7 a0000000871002ff86ffff89ffffffff] [SUB0]
08-10 23:18:30.048   190   277 D RILC    : RequestComplete, RIL_SOCKET_1
08-10 23:18:30.048   190   277 E RILC    : Send Response to RIL_SOCKET_1
08-10 23:18:30.049  1170  1289 D RILJ    : [3680]< QUERY_FACILITY_LOCK {0} [SUB0]
08-10 23:18:30.054   190   285 D RILC    : RequestComplete, RIL_SOCKET_1
08-10 23:18:30.054   190   285 E RILC    : Send Response to RIL_SOCKET_1
08-10 23:18:30.054  1170  1289 D RILJ    : [3679]< QUERY_FACILITY_LOCK {0} [SUB0]
08-10 23:18:30.066  1170  1170 D CAT     : CatService: registerForRecordsLoaded slotid=0 instance:Handler (com.android.internal.telephony.cat.CatService) {205f4b64}
08-10 23:18:30.068  1170  1170 D CAT     : CatService: Running CAT service on Slotid: 0. STK app installed:false
08-10 23:18:30.068  1170  1170 D UiccCard: Before privilege rules: null : CARDSTATE_PRESENT
08-10 23:18:30.069  1170  1170 D UiccCarrierPrivilegeRules: Creating UiccCarrierPrivilegeRules
08-10 23:18:30.069  1170  1170 D RILJ    : [3681]> RIL_REQUEST_SIM_OPEN_CHANNEL [SUB0]
08-10 23:18:30.071  1170  1170 D UiccCard: update: radioState=RADIO_ON mLastRadioState=RADIO_UNAVAILABLE
08-10 23:18:30.072  1170  1170 D UiccController: Notifying IccChangedRegistrants
08-10 23:18:30.094  1170  1170 D PhoneProxy: [PhoneProxy] EVENT_REQUEST_VOICE_RADIO_TECH_DONE: newVoiceTech=3
08-10 23:18:30.094  1170  1170 D PhoneProxy: [PhoneProxy] phoneObjectUpdater: newVoiceRadioTech=3
08-10 23:18:30.094  1170  1170 D PhoneProxy: [PhoneProxy] phoneObjectUpdater: No change ignore, newVoiceRadioTech=3 mActivePhone=GSM
08-10 23:18:30.095  1170  1170 E RIL_ImsSms: IMS State query failed with exp com.android.internal.telephony.CommandException: GENERIC_FAILURE
08-10 23:18:30.095  1170  1170 D CdmaSSM : CDMA_SUBSCRIPTION_SOURCE event = 2
08-10 23:18:30.095  1170  1170 W CdmaSSM : Unable to get CDMA Subscription Source, Exception: com.android.internal.telephony.CommandException: GENERIC_FAILURE, result: null
08-10 23:18:30.096  1170  1170 D PHONE   : [ServiceState] setDataRegState=1
08-10 23:18:30.096  1170  1170 D PHONE   : [ServiceState] setDataRadioTechnology=0
08-10 23:18:30.096   854   854 D SubscriptionManager: [getPhoneId]- fail
08-10 23:18:30.096  1170  1170 D GsmSST  : [GsmSST] handlPollStateResultMessage: GsmSST setDataRegState=1 regState=0 dataRadioTechnology=0
08-10 23:18:30.096  1170  1170 D PHONE   : [ServiceState] setVoiceRegState=1
08-10 23:18:30.096  1170  1170 E PHONE   : [ServiceState] setState deprecated use setVoiceRegState()
08-10 23:18:30.096  1170  1209 D SubscriptionController: [getPhoneId]- invalid subId return=-1
08-10 23:18:30.098  1170  1170 D GsmSST  : [GsmSST] Poll ServiceState done:  oldSS=[3 3 voice home data home null null null null null null  Unknown Unknown CSS not supported -1 -1 RoamInd=-1 DefRoamInd=-1 EmergOnly=false] newSS=[1 1 voice home data home null null null null null null  Unknown Unknown CSS not supported -1 -1 RoamInd=-1 DefRoamInd=-1 EmergOnly=false] oldMaxDataCalls=1 mNewMaxDataCalls=20 oldReasonDataDenied=-1 mNewReasonDataDenied=-1
08-10 23:18:30.098  1170  1170 D PHONE   : [ServiceState] setNullState=1
08-10 23:18:30.098  1170  1170 D GsmSST  : [GsmSST] updateSpnDisplay: radio is on but out of service, set plmn='No service.'
08-10 23:18:30.099  1170  1209 D PhoneFactory: getPhone:- phoneId != DEFAULT_PHONE_ID return sProxyPhones[phoneId] phoneId=-1 phone=null
08-10 23:18:30.100  1170  1170 D GsmSST  : [GsmSST] updateSpnDisplay: changed sending intent rule=0 showPlmn='true' plmn='No service.' showSpn='false' spn=''
08-10 23:18:30.100   854   854 D TelephonyManager: getTelephonyProperty: return propVal='null' phoneId=-1 property='gsm.current.phone-type' defaultVal='null' prop=1
08-10 23:18:30.100   854   854 D TelephonyManager: getTelephonyProperty: return propVal='null' phoneId=-1 property='ro.telephony.default_network' defaultVal='null' prop=10
08-10 23:18:30.100  1170  1170 D SubscriptionController: [getSubId]- mSlotIdToSubIdMap.size == 0, return DummySubIds slotIdx=0
08-10 23:18:30.101  1170  1170 D SubscriptionController: getDummySubIds: slotIdx=0 return 1 DummySubIds with each subId=-2
08-10 23:18:30.103  1170  1170 D SubscriptionController: [getSubId]- mSlotIdToSubIdMap.size == 0, return DummySubIds slotIdx=0
08-10 23:18:30.103  1170  1170 D SubscriptionController: getDummySubIds: slotIdx=0 return 1 DummySubIds with each subId=-2
08-10 23:18:30.104  1170  1170 D SubscriptionController: [setPlmnSpn] No valid subscription to store info
08-10 23:18:30.106  1170  1170 D SubscriptionController: notifySubscriptionInfoChanged:
08-10 23:18:30.108   710   710 D TelephonyManager: getSimOperatorNumeric(): default subId=1
08-10 23:18:30.109  1170  1352 D SubscriptionController: [getPhoneId]- no sims, returning default phoneId=2147483647
08-10 23:18:30.110  1170  1170 D TelephonyManager: setTelephonyProperty: success phoneId=0 property=gsm.operator.alpha value:  propVal=
08-10 23:18:30.111   190   532 E RILQ    : (0/190): RIL[0][qmi_cb] qcril_uim_qmi_conv_logical_channel_resp: response error: 0x50
08-10 23:18:30.112   710   710 D TelephonyManager: getTelephonyProperty: return propVal='null' phoneId=2147483647 property='gsm.sim.operator.numeric' defaultVal='' prop=
08-10 23:18:30.112   190   285 D RILC    : RequestComplete, RIL_SOCKET_1
08-10 23:18:30.112   190   285 E RILC    : Send Response to RIL_SOCKET_1
08-10 23:18:30.113  1170  1289 D RilRequest: [3681]< RIL_REQUEST_SIM_OPEN_CHANNEL error: com.android.internal.telephony.CommandException: NO_SUCH_ELEMENT ret=
08-10 23:18:30.114  1170  1170 D TelephonyManager: getTelephonyProperty: return propVal='null' phoneId=0 property='gsm.operator.numeric' defaultVal='' prop=
08-10 23:18:30.114  1170  1170 D TelephonyManager: setTelephonyProperty: success phoneId=0 property=gsm.operator.numeric value:  propVal=
08-10 23:18:30.115  1170  1170 D GsmSST  : [GsmSST] operatorNumeric is null
08-10 23:18:30.115  1170  1170 D TelephonyManager: setTelephonyProperty: success phoneId=0 property=gsm.operator.iso-country value:  propVal=
08-10 23:18:30.116  1170  1170 D TelephonyManager: setTelephonyProperty: success phoneId=0 property=gsm.operator.isroaming value: false propVal=false
08-10 23:18:30.117  1170  1170 D GsmSST  : [GsmSST] Broadcasting ServiceState : 1 1 voice home data home null null null null null null  Unknown Unknown CSS not supported -1 -1 RoamInd=-1 DefRoamInd=-1 EmergOnly=false
08-10 23:18:30.117  1170  1170 D SubscriptionController: [getSubId]- mSlotIdToSubIdMap.size == 0, return DummySubIds slotIdx=0
08-10 23:18:30.117  1170  1170 D SubscriptionController: getDummySubIds: slotIdx=0 return 1 DummySubIds with each subId=-2
08-10 23:18:30.118  1170  1170 D DefaultPhoneNotifier: nofityServiceState: mRegistry=com.android.internal.telephony.ITelephonyRegistry$Stub$Proxy@181591b3 ss=1 1 voice home data home null null null null null null  Unknown Unknown CSS not supported -1 -1 RoamInd=-1 DefRoamInd=-1 EmergOnly=false sender=Handler (com.android.internal.telephony.gsm.GSMPhone) {2488b396} phondId=0 subId=-2
08-10 23:18:30.120   710  1281 D SubscriptionManager: [getSlotId]- fail
08-10 23:18:30.120  1170  1170 D SubscriptionController: [getSlotId]- subId invalid
08-10 23:18:30.120   710  1281 D SubscriptionManager: [getSubId]- fail
08-10 23:18:30.120   710  1281 D TelephonyManager: getSimState:- empty subId return SIM_STATE_ABSENT
08-10 23:18:30.123  1170  1170 D GsmSST  : [GsmSST] notifyDataRegStateRilRadioTechnologyChanged: drs=1 rat=0
08-10 23:18:30.124  1170  1170 D TelephonyManager: setTelephonyProperty: success phoneId=0 property=gsm.network.type value: Unknown propVal=Unknown
08-10 23:18:30.124  1170  1170 D DCT     : [0]get all active apn types
08-10 23:18:30.125  1170  1170 D SIMRecords: [SIMRecords] fetchSimRecords 0
08-10 23:18:30.125  1170  1170 D RILJ    : [3682]> getIMSI: GET_IMSI aid: a0000000871002ff86ffff89ffffffff [SUB0]
08-10 23:18:30.128  1170  1170 D RILJ    : [3683]> iccIO: SIM_IO 0xc0 0x2fe2  path: 3F00,0,0,15 aid: a0000000871002ff86ffff89ffffffff [SUB0]
08-10 23:18:30.130  1170  1170 D RILJ    : [3684]> iccIO: SIM_IO 0xc0 0x6f40  path: 3F007FFF,0,0,15 aid: a0000000871002ff86ffff89ffffffff [SUB0]
08-10 23:18:30.132   190   285 I RILQ    : (0/190):RIL[0][event] qcril_common_update_current_imsi: cur imsi 460011952973996, is gwl 1
08-10 23:18:30.132   190   285 D RILC    : RequestComplete, RIL_SOCKET_1
08-10 23:18:30.132   190   285 E RILC    : Send Response to RIL_SOCKET_1
08-10 23:18:30.132   190   285 I RILQ    : (0/190):RIL[0][event] qcril_qmi_nas_evaluate_custom_emergency_numbers_for_card: cur_status 1024, card_state 3
08-10 23:18:30.132   190   285 I RILQ    : (0/190):RIL[0][event] qcril_qmi_nas_evaluate_custom_emergency_numbers_for_card: card_mcc 460, card_mnc 01
08-10 23:18:30.133  1170  1289 D RILJ    : [3682]< GET_IMSI  [SUB0]
08-10 23:18:30.136  1170  1170 D RILJ    : [3685]> iccIO: SIM_IO 0xc0 0x6fc9  path: 3F007FFF,0,0,15 aid: a0000000871002ff86ffff89ffffffff [SUB0]
08-10 23:18:30.138  1170  1170 D RILJ    : [3686]> iccIO: SIM_IO 0xc0 0x6fad  path: 3F007FFF,0,0,15 aid: a0000000871002ff86ffff89ffffffff [SUB0]
08-10 23:18:30.140  1170  1170 D RILJ    : [3687]> iccIO: SIM_IO 0xc0 0x6fca  path: 3F007FFF,0,0,15 aid: a0000000871002ff86ffff89ffffffff [SUB0]
08-10 23:18:30.141  1170  1170 D RILJ    : [3688]> iccIO: SIM_IO 0xc0 0x6f11  path: 3F007FFF,0,0,15 aid: a0000000871002ff86ffff89ffffffff [SUB0]
08-10 23:18:30.143  1170  1170 D RILJ    : [3689]> iccIO: SIM_IO 0xc0 0x6fcb  path: 3F007FFF,0,0,15 aid: a0000000871002ff86ffff89ffffffff [SUB0]
08-10 23:18:30.145  1170  1170 D RILJ    : [3690]> iccIO: SIM_IO 0xc0 0x6f13  path: 3F007FFF,0,0,15 aid: a0000000871002ff86ffff89ffffffff [SUB0]
08-10 23:18:30.147  1170  1170 D RILJ    : [3691]> iccIO: SIM_IO 0xc0 0x6f46  path: 3F007FFF,0,0,15 aid: a0000000871002ff86ffff89ffffffff [SUB0]
08-10 23:18:30.149  1170  1170 D RILJ    : [3692]> iccIO: SIM_IO 0xc0 0x6fcd  path: 3F007FFF,0,0,15 aid: a0000000871002ff86ffff89ffffffff [SUB0]
08-10 23:18:30.151  1170  1170 D RILJ    : [3693]> iccIO: SIM_IO 0xc0 0x6fc5  path: 3F007FFF,0,0,15 aid: a0000000871002ff86ffff89ffffffff [SUB0]
08-10 23:18:30.154  1170  1170 D RILJ    : [3694]> iccIO: SIM_IO 0xc0 0x6f38  path: 3F007FFF,0,0,15 aid: a0000000871002ff86ffff89ffffffff [SUB0]
08-10 23:18:30.160  1170  1170 D RILJ    : [3695]> iccIO: SIM_IO 0xc0 0x6f16  path: 3F007FFF,0,0,15 aid: a0000000871002ff86ffff89ffffffff [SUB0]
08-10 23:18:30.162  1170  1170 D RILJ    : [3696]> iccIO: SIM_IO 0xc0 0x6f15  path: 3F007FFF,0,0,15 aid: a0000000871002ff86ffff89ffffffff [SUB0]
08-10 23:18:30.163  1170  1170 D RILJ    : [3697]> iccIO: SIM_IO 0xc0 0x6f3e  path: 3F007FFF,0,0,15 aid: a0000000871002ff86ffff89ffffffff [SUB0]
08-10 23:18:30.166  1170  1170 D RILJ    : [3698]> iccIO: SIM_IO 0xc0 0x6f05  path: 3F007FFF,0,0,15 aid: a0000000871002ff86ffff89ffffffff [SUB0]
08-10 23:18:30.168  1170  1170 D RILJ    : [3699]> iccIO: SIM_IO 0xc0 0x2f05  path: 3F00,0,0,15 aid: a0000000871002ff86ffff89ffffffff [SUB0]
08-10 23:18:30.170  1170  1170 D SIMRecords: [SIMRecords] fetchSimRecords 18 requested: true
08-10 23:18:30.170  1170  1170 D UiccCardApplication: Query facility lock : 0
08-10 23:18:30.170  1170  1170 D UiccCardApplication: Query facility FDN : FDN service available: true enabled: false
08-10 23:18:30.171  1170  1170 D CAT     : CatService: handleMessage[8]
08-10 23:18:30.171  1170  1170 D CAT     : CatService: MSG_ID_ICC_CHANGED
08-10 23:18:30.171  1170  1170 D CAT     : CatService: New Card State = CARDSTATE_PRESENT Old Card State = CARDSTATE_ABSENT
08-10 23:18:30.171  1170  1170 D RILJ    : [3700]> RIL_REQUEST_REPORT_STK_SERVICE_IS_RUNNING [SUB0]
08-10 23:18:30.173  1170  1170 D GSMPhone: [GSMPhone] New Uicc application found
08-10 23:18:30.175  1170  1170 D GsmSST  : [GsmSST] New card found
08-10 23:18:30.175   190   277 D RILC    : RequestComplete, RIL_SOCKET_1
08-10 23:18:30.175   190   277 E RILC    : Send Response to RIL_SOCKET_1
08-10 23:18:30.175  1170  1170 D UiccCardApplication: Notifying 1 registrant: READY
08-10 23:18:30.176  1170  1289 D RILJ    : [3700]< RIL_REQUEST_REPORT_STK_SERVICE_IS_RUNNING  [SUB0]
08-10 23:18:30.176  1170  1170 D DCT     : [0]handleMessage msg={ when=-103ms what=270369 obj=android.os.AsyncResult@4e3c1cd target=com.android.internal.telephony.dataconnection.DcTracker }
08-10 23:18:30.176  1170  1170 D DCT     : [0]New records found
08-10 23:18:30.176  1170  1170 D SubscriptionController: [getSubId]- mSlotIdToSubIdMap.size == 0, return DummySubIds slotIdx=0
08-10 23:18:30.177  1170  1170 D SubscriptionController: getDummySubIds: slotIdx=0 return 1 DummySubIds with each subId=-2
08-10 23:18:30.177  1170  1170 D GsmSMSDispatcher: GsmSMSDispatcher: subId = -2 slotId = 0
08-10 23:18:30.177  1170  1170 D GsmSMSDispatcher: New Uicc application found
08-10 23:18:30.177  1170  1170 D IccCardProxy: Icc changed. Reregestering.
08-10 23:18:30.177  1170  1170 D UiccCardApplication: Notifying 1 registrant: READY
08-10 23:18:30.177  1170  1170 E IccCardProxy: setExternalState: set mPhoneId=0 mExternalState=READY
08-10 23:18:30.178  1170  1170 D TelephonyManager: setTelephonyProperty: success phoneId=0 property=gsm.sim.state value: READY propVal=READY
08-10 23:18:30.181  1170  1170 D SubscriptionController: [getSubId]- mSlotIdToSubIdMap.size == 0, return DummySubIds slotIdx=0
08-10 23:18:30.181  1170  1170 D SubscriptionController: getDummySubIds: slotIdx=0 return 1 DummySubIds with each subId=-2
08-10 23:18:30.181  1170  1170 D IccCardProxy: broadcastIccStateChangedIntent intent ACTION_SIM_STATE_CHANGED value=READY reason=null for mPhoneId=0
08-10 23:18:30.181   190   285 D RILC    : RequestComplete, RIL_SOCKET_1
08-10 23:18:30.181   190   285 E RILC    : Send Response to RIL_SOCKET_1
08-10 23:18:30.183  1170  1289 D RILJ    : [3683]< SIM_IO IccIoResponse sw1:0x90 sw2:0x0 [SUB0]
08-10 23:18:30.186  1170  1170 D CAT     : CatService: handleMessage[8]
08-10 23:18:30.186  1170  1170 D CAT     : CatService: MSG_ID_ICC_CHANGED
08-10 23:18:30.186  1170  1170 D CAT     : CatService: New Card State = CARDSTATE_PRESENT Old Card State = CARDSTATE_PRESENT
08-10 23:18:30.186  1170  1170 D GsmSST  : [GsmSST] SubscriptionListener.onSubscriptionInfoChanged
08-10 23:18:30.186  1170  1170 D SubscriptionController: [getSubId]- mSlotIdToSubIdMap.size == 0, return DummySubIds slotIdx=0
08-10 23:18:30.187  1170  1170 D SubscriptionController: getDummySubIds: slotIdx=0 return 1 DummySubIds with each subId=-2
08-10 23:18:30.187  1170  1170 D DctController: onSubInfoReady mPhoneNum=1
08-10 23:18:30.187  1170  1170 D SubscriptionController: [getSubId]- mSlotIdToSubIdMap.size == 0, return DummySubIds slotIdx=0
08-10 23:18:30.187  1170  1170 D SubscriptionController: getDummySubIds: slotIdx=0 return 1 DummySubIds with each subId=-2
08-10 23:18:30.187  1170  1170 D DctController: onSubInfoReady handle pending requests subId=-2
08-10 23:18:30.187  1170  1170 D SubscriptionController: [getSubId]- mSlotIdToSubIdMap.size == 0, return DummySubIds slotIdx=0
08-10 23:18:30.188   710   774 D TelephonyManager: getSimOperatorNumeric(): default subId=1
08-10 23:18:30.188  1170  1170 D SubscriptionController: getDummySubIds: slotIdx=0 return 1 DummySubIds with each subId=-2
08-10 23:18:30.188  1170  1170 D DctController: [TNF -2]evalPendingRequest, pending request size is 1
08-10 23:18:30.188  1170  1352 D SubscriptionController: [getPhoneId]- no sims, returning default phoneId=2147483647
08-10 23:18:30.189  1170  1170 D SubscriptionController: [getSubId]- mSlotIdToSubIdMap.size == 0, return DummySubIds slotIdx=0
08-10 23:18:30.189  1170  1170 D SubscriptionController: getDummySubIds: slotIdx=0 return 1 DummySubIds with each subId=-2
08-10 23:18:30.189  1170  1170 D DctController: [TNF -2]evalPendingRequest: request = NetworkRequest [ id=1, legacyType=-1, [ Capabilities: INTERNET&NOT_RESTRICTED&TRUSTED&NOT_VPN] ]
08-10 23:18:30.190  1170  1170 D SubscriptionController: [getSubId]- mSlotIdToSubIdMap.size == 0, return DummySubIds slotIdx=0
08-10 23:18:30.190  1170  1170 D SubscriptionController: getDummySubIds: slotIdx=0 return 1 DummySubIds with each subId=-2
08-10 23:18:30.190  1170  1170 D DctController: [TNF -2]Cellular needs Network for NetworkRequest [ id=1, legacyType=-1, [ Capabilities: INTERNET&NOT_RESTRICTED&TRUSTED&NOT_VPN] ]
08-10 23:18:30.190  1170  1170 D SubscriptionController: [getSubId]- mSlotIdToSubIdMap.size == 0, return DummySubIds slotIdx=0
08-10 23:18:30.190  1170  1170 D SubscriptionController: getDummySubIds: slotIdx=0 return 1 DummySubIds with each subId=-2
08-10 23:18:30.191  1170  1170 D SubscriptionController: [getSubId]- mSlotIdToSubIdMap.size == 0, return DummySubIds slotIdx=0
08-10 23:18:30.191  1170  1170 D SubscriptionController: getDummySubIds: slotIdx=0 return 1 DummySubIds with each subId=-2
08-10 23:18:30.191  1170  1170 D DctController: [TNF -2]Sub Info has not been ready, pending request.
08-10 23:18:30.191  1170  1170 D DctController: processRequests
08-10 23:18:30.191  1170  1170 D DCT     : [0]SubscriptionListener.onSubscriptionInfoChanged
08-10 23:18:30.191  1170  1170 D SubscriptionController: [getSubId]- mSlotIdToSubIdMap.size == 0, return DummySubIds slotIdx=0
08-10 23:18:30.191  1170  1170 D SubscriptionController: getDummySubIds: slotIdx=0 return 1 DummySubIds with each subId=-2
08-10 23:18:30.193  1170  1170 E PhoneBase: Error! unregisterForCallWaiting() in PhoneBase should not be called, CDMAPhone inactive.
08-10 23:18:30.194  1170  1170 D SubscriptionController: [getSubId]- mSlotIdToSubIdMap.size == 0, return DummySubIds slotIdx=0
08-10 23:18:30.194  1170  1170 D SubscriptionController: getDummySubIds: slotIdx=0 return 1 DummySubIds with each subId=-2
08-10 23:18:30.194  1170  1170 D SubscriptionController: [getSubId]- mSlotIdToSubIdMap.size == 0, return DummySubIds slotIdx=0
08-10 23:18:30.194  1170  1170 D SubscriptionController: getDummySubIds: slotIdx=0 return 1 DummySubIds with each subId=-2
08-10 23:18:30.195   710   774 D TelephonyManager: getTelephonyProperty: return propVal='null' phoneId=2147483647 property='gsm.sim.operator.numeric' defaultVal='' prop=
08-10 23:18:30.196  1170  1170 D SubscriptionController: [getPhoneId]- invalid subId return=-1
08-10 23:18:30.198  1170  1170 D PhoneFactory: getPhone:- phoneId != DEFAULT_PHONE_ID return sProxyPhones[phoneId] phoneId=-1 phone=null
08-10 23:18:30.199  1170  1170 D SubscriptionManager: [getPhoneId]- fail
08-10 23:18:30.200   190   285 D RILC    : RequestComplete, RIL_SOCKET_1
08-10 23:18:30.200   190   285 E RILC    : Send Response to RIL_SOCKET_1
08-10 23:18:30.201  1170  1289 D RILJ    : [3684]< SIM_IO IccIoResponse sw1:0x90 sw2:0x0 [SUB0]
08-10 23:18:30.226   190   285 D RILC    : RequestComplete, RIL_SOCKET_1
08-10 23:18:30.226   190   285 E RILC    : Send Response to RIL_SOCKET_1
08-10 23:18:30.227  1170  1289 D RilRequest: [3685]< SIM_IO error: com.android.internal.telephony.CommandException: GENERIC_FAILURE ret=IccIoResponse sw1:0x6a sw2:0x82
08-10 23:18:30.262  1170  1170 E PhoneBase: Error! registerForCallWaiting() in PhoneBase should not be called, CDMAPhone inactive.
08-10 23:18:30.267  1170  1170 D SubscriptionController: [getActiveSubInfoList]+
08-10 23:18:30.269  1170  1170 D SubscriptionController: [getActiveSubInfoList] Sub Controller not ready
08-10 23:18:30.271  1170  1170 D UiccCard: Error in SIM access with exceptioncom.android.internal.telephony.CommandException: NO_SUCH_ELEMENT
08-10 23:18:30.273  1170  1170 D SubscriptionController: [getSubId]- mSlotIdToSubIdMap.size == 0, return DummySubIds slotIdx=0
08-10 23:18:30.273  1170  1170 D SubscriptionController: getDummySubIds: slotIdx=0 return 1 DummySubIds with each subId=-2
08-10 23:18:30.275  1170  1170 D DCT     : [0]handleMessage msg={ when=-150ms what=270377 obj=android.os.AsyncResult@3f77b9d0 target=com.android.internal.telephony.dataconnection.DcTracker }
08-10 23:18:30.275  1170  1170 D DCT     : [0]setupDataOnConnectableApns: nwTypeChanged
08-10 23:18:30.275  1170  1170 D DCT     : [0]setupDataOnConnectableApns: apnContext {mApnType=hipri mState=IDLE mWaitingApns={null} mWaitingApnsPermanentFailureCountDown=0 mApnSetting={null} mReason=radioTurnedOff mDataEnabled=false mDependencyMet=true}
08-10 23:18:30.276  1170  1170 D DCT     : [0]setupDataOnConnectableApns: apnContext {mApnType=mms mState=IDLE mWaitingApns={null} mWaitingApnsPermanentFailureCountDown=0 mApnSetting={null} mReason=radioTurnedOff mDataEnabled=false mDependencyMet=true}
08-10 23:18:30.276   190   285 D RILC    : RequestComplete, RIL_SOCKET_1
08-10 23:18:30.276   190   285 E RILC    : Send Response to RIL_SOCKET_1
08-10 23:18:30.276  1170  1170 D DCT     : [0]setupDataOnConnectableApns: apnContext {mApnType=supl mState=IDLE mWaitingApns={null} mWaitingApnsPermanentFailureCountDown=0 mApnSetting={null} mReason=radioTurnedOff mDataEnabled=false mDependencyMet=true}
08-10 23:18:30.277  1170  1289 D RILJ    : [3686]< SIM_IO IccIoResponse sw1:0x90 sw2:0x0 [SUB0]
08-10 23:18:30.277  1170  1170 D DCT     : [0]setupDataOnConnectableApns: apnContext {mApnType=cbs mState=IDLE mWaitingApns={null} mWaitingApnsPermanentFailureCountDown=0 mApnSetting={null} mReason=radioTurnedOff mDataEnabled=false mDependencyMet=true}
08-10 23:18:30.277  1170  1170 D DCT     : [0]setupDataOnConnectableApns: apnContext {mApnType=dun mState=IDLE mWaitingApns={null} mWaitingApnsPermanentFailureCountDown=0 mApnSetting={null} mReason=radioTurnedOff mDataEnabled=false mDependencyMet=true}
08-10 23:18:30.278  1170  1170 D DCT     : [0]setupDataOnConnectableApns: apnContext {mApnType=fota mState=IDLE mWaitingApns={null} mWaitingApnsPermanentFailureCountDown=0 mApnSetting={null} mReason=radioTurnedOff mDataEnabled=false mDependencyMet=true}
08-10 23:18:30.278  1170  1170 D DCT     : [0]setupDataOnConnectableApns: apnContext {mApnType=ims mState=IDLE mWaitingApns={null} mWaitingApnsPermanentFailureCountDown=0 mApnSetting={null} mReason=radioTurnedOff mDataEnabled=false mDependencyMet=true}
08-10 23:18:30.278   190   285 D RILC    : RequestComplete, RIL_SOCKET_1
08-10 23:18:30.278   190   285 E RILC    : Send Response to RIL_SOCKET_1
08-10 23:18:30.279  1170  1170 D DCT     : [0]setupDataOnConnectableApns: apnContext {mApnType=default mState=IDLE mWaitingApns={null} mWaitingApnsPermanentFailureCountDown=0 mApnSetting={null} mReason=radioTurnedOff mDataEnabled=false mDependencyMet=true}
08-10 23:18:30.279  1170  1289 D RilRequest: [3687]< SIM_IO error: com.android.internal.telephony.CommandException: GENERIC_FAILURE ret=IccIoResponse sw1:0x94 sw2:0x4
08-10 23:18:30.279  1170  1170 D DCT     : [0]setupDataOnConnectableApns: apnContext {mApnType=ia mState=IDLE mWaitingApns={null} mWaitingApnsPermanentFailureCountDown=0 mApnSetting={null} mReason=radioTurnedOff mDataEnabled=false mDependencyMet=true}
08-10 23:18:30.279  1170  1170 D SIMRecords: [SIMRecords] IMSI: mMncLength=-1
08-10 23:18:30.280  1170  1170 D SIMRecords: [SIMRecords] IMSI: 460011xxxxxxx
08-10 23:18:30.280  1170  1170 D SIMRecords: [SIMRecords] onRecordLoaded 17 requested: true
