08-10 23:18:06.708   175   175 I Vold    : Vold 2.1 (the revenge) firing up
08-10 23:18:14.684   710   710 I InstallerConnection: disconnecting...
08-10 23:18:14.749   710   710 I SystemServer: Entered the Android system server!
08-10 23:18:14.899   710   710 I SystemServiceManager: Starting com.android.server.pm.Installer
08-10 23:18:14.901   710   710 I Installer: Waiting for installd to be ready.
08-10 23:18:14.901   710   710 I InstallerConnection: connecting...
08-10 23:18:14.903   710   710 I SystemServiceManager: Starting com.android.server.am.ActivityManagerService$Lifecycle
08-10 23:18:14.932   710   710 I ActivityManager: Memory class: 192
08-10 23:18:14.934   710   775 I ServiceThread: Enabled StrictMode logging for ActivityManager looper.
08-10 23:18:15.292   710   710 I IntentFirewall: Read new rules (A:0 B:0 S:0)
08-10 23:18:15.306   710   778 I ServiceThread: Enabled StrictMode logging for android.ui looper.
08-10 23:18:15.311   710   780 I ServiceThread: Enabled StrictMode logging for android.display looper.
08-10 23:18:15.331   710   710 D AppOps  : AppOpsService published
08-10 23:18:15.332   710   710 I SystemServiceManager: Starting com.android.server.power.PowerManagerService
08-10 23:18:15.335   710   782 I ServiceThread: Enabled StrictMode logging for PowerManagerService looper.
08-10 23:18:15.345   710   710 I SystemServiceManager: Starting com.android.server.display.DisplayManagerService
08-10 23:18:15.353   710   710 I SystemServiceManager: Starting phase 100
08-10 23:18:15.368   710   780 I DisplayManagerService: Display device added: DisplayDeviceInfo{"Built-in Screen": uniqueId="local:0", 1080 x 1920, 60.0 fps, supportedRefreshRates [60.0], density 480, 442.451 x 443.345 dpi, appVsyncOff 7500000, presDeadline 12666667, touch INTERNAL, rotation 0, type BUILT_IN, state UNKNOWN, FLAG_DEFAULT_DISPLAY, FLAG_ROTATES_WITH_CONTENT, FLAG_SECURE, FLAG_SUPPORTS_PROTECTED_BUFFERS}
08-10 23:18:15.370   710   710 I SystemServer: Package Manager
08-10 23:18:15.397   710   710 W SystemConfig: No directory /system/etc/sysconfig, skipping
08-10 23:18:15.573   710   710 D SELinuxMMAC: Using policy file /system/etc/security/mac_permissions.xml
08-10 23:18:16.544   710   710 W PackageParser: No actions in intent filter at /system/priv-app/Contacts/Contacts.apk Binary XML file line #356
08-10 23:18:16.706   710   710 W PackageParser: No actions in intent filter at /system/priv-app/Dialer/Dialer.apk Binary XML file line #166
08-10 23:18:17.900   710   710 W PackageParser: Unknown element under <intent-filter>: android at /system/priv-app/Telecom/Telecom.apk Binary XML file line #232
08-10 23:18:18.122   710   710 W PackageParser: No actions in intent filter at /system/app/Bluetooth/Bluetooth.apk Binary XML file line #209
08-10 23:18:18.863   710   710 W PackageParser: Unknown element under <application>: permission at /system/app/Gallery2/Gallery2.apk Binary XML file line #242
08-10 23:18:18.863   710   710 W PackageParser: Unknown element under <application>: permission at /system/app/Gallery2/Gallery2.apk Binary XML file line #245
08-10 23:18:19.975   710   710 W PackageManager: Failed to parse /system/app/qcrilmsgtunnel: Signature mismatch for shared user : SharedUserSetting{1275211c android.uid.phone/1001}
08-10 23:18:20.144   710   710 W PackageParser: Unknown element under <manifest>: service at /data/app/com.youku.phone-1/base.apk Binary XML file line #99
08-10 23:18:20.250   710   710 W PackageParser: No actions in intent filter at /data/app/com.youku.phone-1/base.apk Binary XML file line #1091
08-10 23:18:21.072   710   710 W PackageManager: Package com.android.gallery3d desires unavailable shared library com.google.android.media.effects; ignoring!
08-10 23:18:21.072   710   710 W PackageManager: Package com.android.gallery3d desires unavailable shared library com.google.android.media.effects; ignoring!
08-10 23:18:21.073   710   710 I PackageManager: Adjusting ABI for : com.android.settings to armeabi-v7a
08-10 23:18:21.074   710   710 I PackageManager: Adjusting ABI for : com.android.providers.settings to armeabi-v7a
08-10 23:18:21.075   710   710 I PackageManager: Adjusting ABI for : com.android.server.telecom to armeabi-v7a
08-10 23:18:21.075   710   710 I PackageManager: Adjusting ABI for : com.android.keychain to armeabi-v7a
08-10 23:18:21.076   710   710 I PackageManager: Adjusting ABI for : com.android.location.fused to armeabi-v7a
08-10 23:18:21.077   710   710 I PackageManager: Adjusting ABI for : com.android.inputdevices to armeabi-v7a
08-10 23:18:21.079   710   710 I PackageManager: Time to scan packages: 4.952 seconds
08-10 23:18:21.082   710   710 W PackageManager: Unknown permission com.google.android.googleapps.permission.GOOGLE_AUTH in package com.android.providers.calendar
08-10 23:18:21.082   710   710 W PackageManager: Unknown permission com.google.android.googleapps.permission.GOOGLE_AUTH.cl in package com.android.providers.calendar
08-10 23:18:21.084   710   710 W PackageManager: Unknown permission com.android.launcher.permission.READ_SETTINGS in package com.youku.phone
08-10 23:18:21.084   710   710 W PackageManager: Unknown permission com.android.launcher.permission.WRITE_SETTINGS in package com.youku.phone
08-10 23:18:21.085   710   710 W PackageManager: Unknown permission android.permission.READ_SETTINGS in package com.youku.phone
08-10 23:18:21.085   710   710 W PackageManager: Not granting permission android.permission.CHANGE_CONFIGURATION to package com.youku.phone (protectionLevel=50 flags=0x183e44)
08-10 23:18:21.086   710   710 W PackageManager: Not granting permission android.permission.MOUNT_UNMOUNT_FILESYSTEMS to package com.youku.phone (protectionLevel=18 flags=0x183e44)
08-10 23:18:21.086   710   710 W PackageManager: Not granting permission android.permission.MANAGE_DOCUMENTS to package com.youku.phone (protectionLevel=2 flags=0x183e44)
08-10 23:18:21.086   710   710 W PackageManager: Unknown permission android.permission.RUN_INSTRUMENTATION in package com.youku.phone
08-10 23:18:21.087   710   710 W PackageManager: Unknown permission android.permission.SYSTEM_OVERLAY_WINDOW in package com.youku.phone
08-10 23:18:21.087   710   710 W PackageManager: Not granting permission android.permission.GLOBAL_SEARCH to package com.android.quicksearchbox (protectionLevel=18 flags=0x8be45)
08-10 23:18:21.089   710   710 W PackageManager: Not granting permission android.permission.ACCESS_DOWNLOAD_MANAGER to package com.android.browser (protectionLevel=18 flags=0x9be45)
08-10 23:18:21.090   710   710 W PackageManager: Not granting permission android.permission.SEND_DOWNLOAD_COMPLETED_INTENTS to package com.android.browser (protectionLevel=2 flags=0x9be45)
08-10 23:18:21.097   710   710 W PackageManager: Not granting permission android.permission.BIND_WALLPAPER to package com.android.camera2 (protectionLevel=18 flags=0x58bc45)
08-10 23:18:21.101   710   710 W PackageManager: Unknown permission android.permission.INSTALL_DRM in package com.android.mms
08-10 23:18:21.102   710   710 W PackageManager: Unknown permission android.permission.NFC_UNLOCK in package com.android.nfc
08-10 23:18:21.104   710   710 W PackageManager: Not granting permission android.permission.BIND_APPWIDGET to package com.android.launcher3 (protectionLevel=18 flags=0x483e45)
08-10 23:18:21.105   710   710 W PackageManager: Unknown permission com.android.launcher.permission.READ_SETTINGS in package com.android.launcher3
08-10 23:18:21.105   710   710 W PackageManager: Unknown permission com.android.launcher.permission.WRITE_SETTINGS in package com.android.launcher3
08-10 23:18:21.107   710   710 W PackageManager: Unknown permission com.google.android.googleapps.permission.GOOGLE_AUTH.mail in package com.android.calendar
08-10 23:18:21.109   710   710 W PackageManager: Unknown permission com.android.launcher.permission.READ_SETTINGS in package com.android.onetimeinitializer
08-10 23:18:21.109   710   710 W PackageManager: Unknown permission com.android.launcher.permission.WRITE_SETTINGS in package com.android.onetimeinitializer
08-10 23:18:21.117   710   710 W PackageManager: Not granting permission android.permission.DELETE_PACKAGES to package com.svox.pico (protectionLevel=18 flags=0x8be45)
08-10 23:18:21.122   710   710 W PackageManager: Unknown permission com.google.android.gallery3d.permission.PICASA_STORE in package com.android.dreams.phototable
08-10 23:18:21.125   710   710 W PackageManager: Unknown permission com.google.android.googleapps.permission.GOOGLE_AUTH in package com.android.settings
08-10 23:18:21.127   710   710 W PackageManager: Unknown permission com.android.launcher.permission.READ_SETTINGS in package com.android.settings
08-10 23:18:21.127   710   710 W PackageManager: Unknown permission com.android.launcher.permission.WRITE_SETTINGS in package com.android.settings
08-10 23:18:21.143   710   710 W PackageManager: Not granting permission android.permission.DEVICE_POWER to package com.android.deskclock (protectionLevel=2 flags=0x48be45)
08-10 23:18:21.153   710   710 W PackageManager: Unknown permission com.google.android.gallery3d.permission.GALLERY_PROVIDER in package com.android.bluetooth
08-10 23:18:21.156   710   710 W PackageManager: Unknown permission com.google.android.googleapps.permission.ACCESS_GOOGLE_PASSWORD in package com.android.development
08-10 23:18:21.156   710   710 W PackageManager: Unknown permission com.google.android.googleapps.permission.GOOGLE_AUTH in package com.android.development
08-10 23:18:21.156   710   710 W PackageManager: Unknown permission com.google.android.googleapps.permission.GOOGLE_AUTH.ALL_SERVICES in package com.android.development
08-10 23:18:21.157   710   710 W PackageManager: Unknown permission com.google.android.googleapps.permission.GOOGLE_AUTH.YouTubeUser in package com.android.development
08-10 23:18:21.534   710   710 I SystemServer: User Service
08-10 23:18:21.552   710   710 I SystemServiceManager: Starting com.android.server.lights.LightsService
08-10 23:18:21.560   710   710 I SystemServiceManager: Starting com.android.server.BatteryService
08-10 23:18:21.588   710   710 I SystemServiceManager: Starting com.android.server.usage.UsageStatsService
08-10 23:18:21.611   710   710 I UsageStatsService: User[0] Rollover scheduled @ 1971-08-11 08:00:00(50716800000)
08-10 23:18:21.612   710   710 I SystemServiceManager: Starting com.android.server.webkit.WebViewUpdateService
08-10 23:18:21.615   710   710 I SystemServer: Reading configuration...
08-10 23:18:21.615   710   710 I SystemServer: Scheduling Policy
08-10 23:18:21.617   710   710 I SystemServiceManager: Starting com.android.server.telecom.TelecomLoaderService
08-10 23:18:21.617   710   710 I SystemServer: Telephony Registry
08-10 23:18:21.626   710   710 I SystemServer: Entropy Mixer
08-10 23:18:21.642   710   710 I EntropyMixer: Added HW RNG output to entropy pool
08-10 23:18:21.642   710   710 I EntropyMixer: Writing entropy...
08-10 23:18:21.652   710   710 I SystemServer: Account Manager
08-10 23:18:21.668   710   710 I SystemServer: Content Manager
08-10 23:18:21.673   710   710 I SystemServer: System Content Providers
08-10 23:18:21.746   710   710 I SystemServer: Vibrator Service
08-10 23:18:21.750   710   710 I SystemServer: Consumer IR Service
08-10 23:18:21.751   710   710 I SystemServiceManager: Starting com.android.server.AlarmManagerService
08-10 23:18:21.768   710   710 I SystemServer: Init Watchdog
08-10 23:18:21.769   710   710 I SystemServer: Input Manager
08-10 23:18:21.771   710   710 I InputManager: Initializing input manager, mUseDevInputEventForAudioJack=true
08-10 23:18:21.774   710   710 I SystemServer: Window Manager
08-10 23:18:21.825   710   780 I WindowManager: No existing display settings /data/system/display_settings.xml; starting empty
08-10 23:18:21.931   710   710 I InputManager: Starting input manager
08-10 23:18:21.941   710   710 I SystemServer: Bluetooth Manager Service
08-10 23:18:21.955   710   710 I SystemServer: Input Method Service
08-10 23:18:21.979   710   710 W InputMethodManagerService: Couldn't create dir.: /data/system/inputmethod
08-10 23:18:22.058   710   710 I SystemServer: Accessibility Manager
08-10 23:18:22.075   710   710 I ActivityManager: Config changes=1df8 {1.0 ?mcc?mnc en_US ?layoutDir sw360dp w360dp h640dp 480dpi nrml long port ?uimode ?night -touch -keyb/v/h -nav/h s.2}
08-10 23:18:22.097   710   710 I ActivityManager: Config changes=508 {1.0 ?mcc?mnc en_US ?layoutDir sw360dp w360dp h567dp 480dpi nrml port ?uimode ?night finger -keyb/v/h -nav/h s.3}
08-10 23:18:22.100   710   710 I SystemServer: Mount Service
08-10 23:18:22.110   710   710 D MountService: got storage path: null description: Internal storage primary: false removable: false emulated: true mtpReserve: 100 allowMassStorage: false maxFileSize: 0
08-10 23:18:22.113   710   710 D MountService: addVolumeLocked() StorageVolume:
08-10 23:18:22.113   710   710 D MountService:     mStorageId=65537 mPath=/storage/emulated/0 mDescriptionId=17040805 
08-10 23:18:22.113   710   710 D MountService:     mPrimary=true mRemovable=false mEmulated=true mMtpReserveSpace=100 
08-10 23:18:22.113   710   710 D MountService:     mAllowMassStorage=false mMaxFileSize=0 mOwner=UserHandle{0} mUuid=null 
08-10 23:18:22.113   710   710 D MountService:     mUserLabel=null mState=null 
08-10 23:18:22.131   710   710 I SystemServer: LockSettingsService
08-10 23:18:22.147   710   808 W PackageManager: Unknown permission com.google.android.googleapps.permission.GOOGLE_AUTH in package com.android.providers.calendar
08-10 23:18:22.147   710   808 W PackageManager: Unknown permission com.google.android.googleapps.permission.GOOGLE_AUTH.cl in package com.android.providers.calendar
08-10 23:18:22.147   710   710 I SystemServiceManager: Starting com.android.server.devicepolicy.DevicePolicyManagerService$Lifecycle
08-10 23:18:22.149   710   808 W PackageManager: Unknown permission com.android.launcher.permission.READ_SETTINGS in package com.youku.phone
08-10 23:18:22.149   710   808 W PackageManager: Unknown permission com.android.launcher.permission.WRITE_SETTINGS in package com.youku.phone
08-10 23:18:22.149   710   808 W PackageManager: Unknown permission android.permission.READ_SETTINGS in package com.youku.phone
08-10 23:18:22.150   710   808 W PackageManager: Not granting permission android.permission.CHANGE_CONFIGURATION to package com.youku.phone (protectionLevel=50 flags=0x183e44)
08-10 23:18:22.150   710   808 W PackageManager: Not granting permission android.permission.MOUNT_UNMOUNT_FILESYSTEMS to package com.youku.phone (protectionLevel=18 flags=0x183e44)
08-10 23:18:22.151   710   808 W PackageManager: Not granting permission android.permission.MANAGE_DOCUMENTS to package com.youku.phone (protectionLevel=2 flags=0x183e44)
08-10 23:18:22.151   710   808 W PackageManager: Unknown permission android.permission.RUN_INSTRUMENTATION in package com.youku.phone
08-10 23:18:22.151   710   808 W PackageManager: Unknown permission android.permission.SYSTEM_OVERLAY_WINDOW in package com.youku.phone
08-10 23:18:22.152   710   808 W PackageManager: Not granting permission android.permission.GLOBAL_SEARCH to package com.android.quicksearchbox (protectionLevel=18 flags=0x8be45)
08-10 23:18:22.153   710   808 W PackageManager: Not granting permission android.permission.ACCESS_DOWNLOAD_MANAGER to package com.android.browser (protectionLevel=18 flags=0x9be45)
08-10 23:18:22.153   710   808 W PackageManager: Not granting permission android.permission.SEND_DOWNLOAD_COMPLETED_INTENTS to package com.android.browser (protectionLevel=2 flags=0x9be45)
08-10 23:18:22.156   710   808 W PackageManager: Not granting permission android.permission.BIND_WALLPAPER to package com.android.camera2 (protectionLevel=18 flags=0x58bc45)
08-10 23:18:22.158   710   808 W PackageManager: Unknown permission android.permission.INSTALL_DRM in package com.android.mms
08-10 23:18:22.158   710   808 W PackageManager: Unknown permission android.permission.NFC_UNLOCK in package com.android.nfc
08-10 23:18:22.160   710   808 W PackageManager: Not granting permission android.permission.BIND_APPWIDGET to package com.android.launcher3 (protectionLevel=18 flags=0x483e45)
08-10 23:18:22.160   710   808 W PackageManager: Unknown permission com.android.launcher.permission.READ_SETTINGS in package com.android.launcher3
08-10 23:18:22.160   710   808 W PackageManager: Unknown permission com.android.launcher.permission.WRITE_SETTINGS in package com.android.launcher3
08-10 23:18:22.161   710   808 W PackageManager: Unknown permission com.google.android.googleapps.permission.GOOGLE_AUTH.mail in package com.android.calendar
08-10 23:18:22.161   710   808 W PackageManager: Unknown permission com.android.launcher.permission.READ_SETTINGS in package com.android.onetimeinitializer
08-10 23:18:22.162   710   808 W PackageManager: Unknown permission com.android.launcher.permission.WRITE_SETTINGS in package com.android.onetimeinitializer
08-10 23:18:22.165   710   808 W PackageManager: Not granting permission android.permission.DELETE_PACKAGES to package com.svox.pico (protectionLevel=18 flags=0x8be45)
08-10 23:18:22.166   710   808 W PackageManager: Unknown permission com.google.android.gallery3d.permission.PICASA_STORE in package com.android.dreams.phototable
08-10 23:18:22.168   710   808 W PackageManager: Unknown permission com.google.android.googleapps.permission.GOOGLE_AUTH in package com.android.settings
08-10 23:18:22.169   710   808 W PackageManager: Unknown permission com.android.launcher.permission.READ_SETTINGS in package com.android.settings
08-10 23:18:22.169   710   808 W PackageManager: Unknown permission com.android.launcher.permission.WRITE_SETTINGS in package com.android.settings
08-10 23:18:22.176   710   808 W PackageManager: Not granting permission android.permission.DEVICE_POWER to package com.android.deskclock (protectionLevel=2 flags=0x48be45)
08-10 23:18:22.181   710   808 W PackageManager: Unknown permission com.google.android.gallery3d.permission.GALLERY_PROVIDER in package com.android.bluetooth
08-10 23:18:22.182   710   808 W PackageManager: Unknown permission com.google.android.googleapps.permission.ACCESS_GOOGLE_PASSWORD in package com.android.development
08-10 23:18:22.182   710   808 W PackageManager: Unknown permission com.google.android.googleapps.permission.GOOGLE_AUTH in package com.android.development
08-10 23:18:22.182   710   808 W PackageManager: Unknown permission com.google.android.googleapps.permission.GOOGLE_AUTH.ALL_SERVICES in package com.android.development
08-10 23:18:22.182   710   808 W PackageManager: Unknown permission com.google.android.googleapps.permission.GOOGLE_AUTH.YouTubeUser in package com.android.development
08-10 23:18:22.493   710   710 I SystemServer: Status Bar
08-10 23:18:22.500   710   710 I SystemServer: Clipboard Service
08-10 23:18:22.509   710   710 I SystemServer: NetworkManagement Service
08-10 23:18:22.525   710   710 I SystemServer: Text Service Manager Service
08-10 23:18:22.553   710   710 I SystemServer: Network Score Service
08-10 23:18:22.558   710   710 I SystemServer: NetworkStats Service
08-10 23:18:22.582   710   710 I SystemServer: NetworkPolicy Service
08-10 23:18:22.616   710   710 I SystemServiceManager: Starting com.android.server.wifi.p2p.WifiP2pService
08-10 23:18:22.663   710   710 I SystemServiceManager: Starting com.android.server.wifi.WifiService
08-10 23:18:22.870   710   710 I SystemServiceManager: Starting com.android.server.wifi.WifiScanningService
08-10 23:18:22.872   710   710 I SystemServiceManager: Starting com.android.server.wifi.RttService
08-10 23:18:22.877   710   710 I SystemServiceManager: Starting com.android.server.ethernet.EthernetService
08-10 23:18:22.887   710   710 I SystemServer: Connectivity Service
08-10 23:18:22.895   710   710 D ConnectivityService: ConnectivityService starting up
08-10 23:18:22.902   710   710 D ConnectivityService: wifiOnly=false
08-10 23:18:22.904   710   710 E ConnectivityService: Ignoring protectedNetwork 15
08-10 23:18:22.936   710   710 I SystemServer: Network Service Discovery Service
08-10 23:18:22.944   710   710 D NsdService: Network service discovery enabled true
08-10 23:18:22.947   710   710 I SystemServer: UpdateLock Service
08-10 23:18:23.013   710   710 I SystemServiceManager: Starting com.android.server.notification.NotificationManagerService
08-10 23:18:23.092   710   710 D ZenLog  : set_zen_mode: off,setting
08-10 23:18:23.099   710   710 I SystemServiceManager: Starting com.android.server.storage.DeviceStorageMonitorService
08-10 23:18:23.106   710   710 I SystemServer: Location Manager
08-10 23:18:23.112   710   710 I SystemServer: Country Detector
08-10 23:18:23.114   710   710 I SystemServer: Search Service
08-10 23:18:23.120   710   710 I SystemServer: DropBox Service
08-10 23:18:23.124   710   710 I SystemServer: Wallpaper Service
08-10 23:18:23.136   710   710 I SystemServer: Audio Service
08-10 23:18:23.252   710   710 I SystemServiceManager: Starting com.android.server.DockObserver
08-10 23:18:23.254   710   710 W DockObserver: This kernel does not have dock station support
08-10 23:18:23.255   710   710 I SystemServer: Wired Accessory Manager
08-10 23:18:23.264   710   710 I SystemServiceManager: Starting com.android.server.usb.UsbService$Lifecycle
08-10 23:18:23.288   710   710 I SystemServer: Serial Service
08-10 23:18:23.290   710   710 I SystemServiceManager: Starting com.android.server.twilight.TwilightService
08-10 23:18:23.300   710   710 I SystemServiceManager: Starting com.android.server.UiModeManagerService
08-10 23:18:23.310   710   710 I SystemServiceManager: Starting com.android.server.job.JobSchedulerService
08-10 23:18:23.328   710   710 I SystemServiceManager: Starting com.android.server.backup.BackupManagerService$Lifecycle
08-10 23:18:23.333   710   710 I SystemServiceManager: Starting com.android.server.appwidget.AppWidgetService
08-10 23:18:23.341   710   710 I SystemServiceManager: Starting com.android.server.voiceinteraction.VoiceInteractionManagerService
08-10 23:18:23.348   710   710 W SoundTriggerHelper: listModules status=0, # of modules=0
08-10 23:18:23.348   710   710 I SystemServer: DiskStats Service
08-10 23:18:23.349   710   710 I SystemServer: SamplingProfiler Service
08-10 23:18:23.360   710   710 I SystemServer: NetworkTimeUpdateService
08-10 23:18:23.363   710   710 I SystemServer: CommonTimeManagementService
08-10 23:18:23.372   710   710 I SystemServer: CertBlacklister
08-10 23:18:23.375   710   710 I SystemServiceManager: Starting com.android.server.dreams.DreamManagerService
08-10 23:18:23.384   710   710 I SystemServer: Assets Atlas Service
08-10 23:18:23.447   710   710 I SystemServiceManager: Starting com.android.server.print.PrintManagerService
08-10 23:18:23.455   710   710 I SystemServiceManager: Starting com.android.server.restrictions.RestrictionsManagerService
08-10 23:18:23.460   710   710 I SystemServiceManager: Starting com.android.server.media.MediaSessionService
08-10 23:18:23.480   710   710 I SystemServer: Media Router Service
08-10 23:18:23.486   710   710 I SystemServiceManager: Starting com.android.server.trust.TrustManagerService
08-10 23:18:23.495   710   710 I SystemServiceManager: Starting com.android.server.fingerprint.FingerprintService
08-10 23:18:23.501   710   710 I SystemServer: BackgroundDexOptService
08-10 23:18:23.508   710   710 I SystemServiceManager: Starting com.android.server.pm.LauncherAppsService
08-10 23:18:23.515   710   710 I SystemServiceManager: Starting com.android.server.media.projection.MediaProjectionManagerService
08-10 23:18:23.566   710   710 I SystemServiceManager: Starting com.android.server.MmsServiceBroker
08-10 23:18:23.646   710   710 E LockSettingsStorage: Cannot read file java.io.FileNotFoundException: /data/system/password.key: open failed: ENOENT (No such file or directory)
08-10 23:18:23.648   710   710 E LockSettingsStorage: Cannot read file java.io.FileNotFoundException: /data/system/gesture.key: open failed: ENOENT (No such file or directory)
08-10 23:18:23.648   710   710 I SystemServiceManager: Starting phase 480
08-10 23:18:23.680   710   710 I SystemServiceManager: Starting phase 500
08-10 23:18:23.680   710   710 I WifiService: WifiService starting up with Wi-Fi enabled
08-10 23:18:23.686   710   710 D WifiService: setWifiEnabled: true pid=710, uid=1000
08-10 23:18:23.686   710   710 E WifiService: Invoking mWifiStateMachine.setWifiEnabled
08-10 23:18:23.720   710   814 D WifiService: New client listening to asynchronous messages
08-10 23:18:23.783   710   710 D WifiScanningService: New client, channel: null messenger: null
08-10 23:18:23.810   710   815 D ConnectivityService: Got NetworkFactory Messenger for Ethernet
08-10 23:18:23.896   710   710 I ActivityManager: Config changes=200 {1.0 ?mcc?mnc en_US ?layoutDir sw360dp w360dp h567dp 480dpi nrml port finger -keyb/v/h -nav/h s.4}
08-10 23:18:23.913   710   710 V BackupManagerService: No ancestral data
08-10 23:18:23.924   710   710 D BackupManagerService: Now staging backup of com.android.browser
08-10 23:18:23.936   710   710 D BackupManagerService: Now staging backup of android
08-10 23:18:23.940   710   710 D BackupManagerService: Now staging backup of com.android.nfc
08-10 23:18:23.944   710   710 D BackupManagerService: Now staging backup of com.android.calendar
08-10 23:18:23.948   710   710 D BackupManagerService: Now staging backup of com.android.providers.settings
08-10 23:18:23.951   710   710 D BackupManagerService: Now staging backup of com.android.sharedstoragebackup
08-10 23:18:23.955   710   710 D BackupManagerService: Now staging backup of com.android.dialer
08-10 23:18:23.959   710   710 D BackupManagerService: Now staging backup of com.android.providers.userdictionary
08-10 23:18:23.963   710   710 V BackupManagerService: Starting with transport android/com.android.internal.backup.LocalTransport
08-10 23:18:23.964   710   710 V BackupManagerService: Found transports: 1
08-10 23:18:23.964   710   710 I BackupManagerService: Binding to transport host ComponentInfo{android/com.android.internal.backup.LocalTransportService}
08-10 23:18:23.980   710   710 I BackupManagerService: Found stale backup journal, scheduling
08-10 23:18:24.075   710   710 I AppOps  : Pruning old package media/1013: new uid=-1
08-10 23:18:24.076   710   710 I ActivityManager: System now ready
08-10 23:18:24.102   710   710 I SystemServer: Making services ready
08-10 23:18:24.102   710   710 I SystemServiceManager: Starting phase 550
08-10 23:18:24.117   710   710 I SystemServer: WebViewFactory preparation
08-10 23:18:24.213   710   710 I ActivityManager: Start proc 836:WebViewLoader-armeabi-v7a/1037 [android.webkit.WebViewFactory$RelroFileCreator] for 
08-10 23:18:24.320   710   710 I ActivityManager: Start proc 854:com.android.systemui/u0a13 for service com.android.systemui/.SystemUIService
08-10 23:18:24.323   710   710 D NetworkManagementService: enabling bandwidth control
08-10 23:18:24.323   710   806 W MountService: Duplicate state transition (mounted -> mounted) for /storage/emulated/0
08-10 23:18:24.333   710   780 I DisplayManagerService: Display device changed: DisplayDeviceInfo{"Built-in Screen": uniqueId="local:0", 1080 x 1920, 60.0 fps, supportedRefreshRates [60.0], density 480, 442.451 x 443.345 dpi, appVsyncOff 7500000, presDeadline 12666667, touch INTERNAL, rotation 0, type BUILT_IN, state ON, FLAG_DEFAULT_DISPLAY, FLAG_ROTATES_WITH_CONTENT, FLAG_SECURE, FLAG_SUPPORTS_PROTECTED_BUFFERS}
08-10 23:18:24.452   710   775 I ActivityManager: Start proc 874:android.process.media/u0a5 for broadcast com.android.providers.media/.MtpReceiver
08-10 23:18:24.605   710   727 V FingerprintService: startListening(android.service.fingerprint.IFingerprintServiceReceiver$Stub$Proxy@34565fa8)
08-10 23:18:25.287   710   800 I ActivityManager: Start proc 989:com.android.settings/1000 for broadcast com.android.settings/.widget.SettingsAppWidgetProvider
08-10 23:18:25.419   710   710 I SystemServiceManager: Starting phase 600
08-10 23:18:25.472   710   710 I BackupManagerService: Backup enabled => false
08-10 23:18:25.474   710   710 I BackupManagerService: Opting out of backup
08-10 23:18:25.563   710   710 E InputMethodManagerService: Ignoring setImeWindowStatus due to an invalid token. uid:1000 token:null
08-10 23:18:25.771   710   710 I ActivityManager: Start proc 1053:com.android.inputmethod.latin/u0a34 for service com.android.inputmethod.latin/.LatinIME
08-10 23:18:25.772   710   710 V InputMethodManagerService: Adding window token: android.os.Binder@3bdac8c3
08-10 23:18:25.930   710   710 W LocationManagerService: no network location provider found
08-10 23:18:26.013   710   710 E LocationManagerService: no geocoder provider found
08-10 23:18:26.043   710   710 E LocationManagerService: FLP HAL not supported
08-10 23:18:26.061   710   710 E LocationManagerService: Unable to bind FLP Geofence proxy.
08-10 23:18:26.062   710   710 E LocationManagerService: Hardware Activity-Recognition not supported.
08-10 23:18:26.119   710   710 I MmsServiceBroker: Delay connecting to MmsService until an API is called
08-10 23:18:26.121   710   710 W VoiceInteractionManagerService: no available voice interaction services found for user 0
08-10 23:18:26.121   710   710 W VoiceInteractionManagerService: no available voice recognition services found for user 0
08-10 23:18:26.300   710   710 I ActivityManager: Start proc 1121:com.android.nfc/1027 for added application com.android.nfc
08-10 23:18:26.451   710   710 I ActivityManager: Start proc 1170:com.android.phone/1001 for added application com.android.phone
08-10 23:18:26.458   710   710 I ActivityManager: START u0 {act=android.intent.action.MAIN cat=[android.intent.category.HOME] flg=0x10000000 cmp=com.android.launcher3/.Launcher} from uid 0 on display 0
08-10 23:18:26.481   710   710 V WindowManager: addAppToken: AppWindowToken{19686d2e token=Token{921f3a9 ActivityRecord{34a9eb30 u0 com.android.launcher3/.Launcher t1}}} to stack=0 task=1 at 0
08-10 23:18:26.587   710   710 I ActivityManager: Start proc 1208:com.android.launcher3/u0a35 for activity com.android.launcher3/.Launcher
08-10 23:18:26.599   710   710 I SystemServer: Enabled StrictMode for system server main thread.
08-10 23:18:26.761   710   774 I ActivityManager: Start proc 1238:com.android.printspooler/u0a46 for service com.android.printspooler/.model.PrintSpoolerService
08-10 23:18:26.776   710   710 V ActivityManager: Display changed displayId=0
08-10 23:18:26.874   710   710 V ActivityManager: Display changed displayId=0
08-10 23:18:26.991   710   710 I Telecom : TelecomGlobals: TelecomGlobals initializing
08-10 23:18:27.212   710  1261 I ActivityManager: Start proc 1265:android.process.acore/u0a2 for content provider com.android.providers.contacts/.CallLogProvider
08-10 23:18:27.308   710   710 I Telecom : TelecomGlobals: CallsManager initialized
08-10 23:18:27.318   710   710 W ContextImpl: Calling a method in the system process without a qualified user: android.app.ContextImpl.startService:1692 android.content.ContextWrapper.startService:516 com.android.server.telecom.BluetoothPhoneService.start:440 com.android.server.telecom.TelecomGlobals.initialize:93 com.android.server.telecom.TelecomService.onCreate:164 
08-10 23:18:27.319   710   815 D ConnectivityService: Got NetworkFactory Messenger for WIFI
08-10 23:18:27.319   710   815 D ConnectivityService: Got NetworkFactory Messenger for WIFI_UT
08-10 23:18:27.336   710   710 I ValidateNoPeople: skipping global notification
08-10 23:18:27.343   710   710 I ValidateNoPeople: skipping global notification
08-10 23:18:27.346   710   710 V ActivityManager: Display changed displayId=0
08-10 23:18:27.371   710   710 D ZenLog  : downtime: Autotrigger skipped: not in downtime
08-10 23:18:27.430   710   710 W ResourcesManager: Asset path '/system/framework/com.android.location.provider.jar' does not exist or contains no resources.
08-10 23:18:27.433   710  1281 I StatusBarManagerService: registerStatusBar bar=com.android.internal.statusbar.IStatusBar$Stub$Proxy@2ec37026
08-10 23:18:27.487   710   710 V WiredAccessoryManager: notifyWiredAccessoryChanged: when=0 bits=SW_HEADPHONE_INSERT SW_MICROPHONE_INSERT mask=54
08-10 23:18:27.488   710   710 V WiredAccessoryManager: newName=h2w newState=1 headsetState=1 prev headsetState=0
08-10 23:18:27.503   710   710 V WiredAccessoryManager: init()
08-10 23:18:27.873   710  1281 I ActivityManager: Start proc 1301:com.android.smspush/u0a52 for service com.android.smspush/.WapPushManager
08-10 23:18:28.011   710   815 E ConnectivityService: Failed to find Messenger in unregisterNetworkFactory
08-10 23:18:28.025   710   815 D ConnectivityService: Got NetworkFactory Messenger for Telephony
08-10 23:18:28.352   710   710 V BackupManagerService: Connected to transport ComponentInfo{android/com.android.internal.backup.LocalTransportService}
08-10 23:18:28.353   710   710 V BackupManagerService: Registering transport android/com.android.internal.backup.LocalTransportService::android/com.android.internal.backup.LocalTransport = android.app.backup.BackupTransport$TransportImpl@a45ce88
08-10 23:18:28.571   710   710 V WiredAccessoryManager: device h2w connected
08-10 23:18:28.675   710   814 D WifiService: New client listening to asynchronous messages
08-10 23:18:28.999   710   710 I ActivityManager: Start proc 1383:com.android.music/u0a38 for broadcast com.android.music/.MediaButtonIntentReceiver
08-10 23:18:29.038   710  1281 V WindowManager: Based on layer: Adding window Window{2b9c139 u0 com.android.launcher3/com.android.launcher3.Launcher} at 0 of 1
08-10 23:18:29.535   710   814 D WifiService: New client listening to asynchronous messages
08-10 23:18:30.001   710   814 D WifiService: New client listening to asynchronous messages
08-10 23:18:30.072   710   726 D ConnectivityService: listenForNetwork for NetworkRequest [ id=2, legacyType=-1, [] ]
08-10 23:18:30.410  1170  1170 D MccTable: updateMccMncConfiguration mccmnc='46001' fromServiceState=false
08-10 23:18:30.414  1170  1170 D MccTable: updateMccMncConfiguration defaultMccMnc=
08-10 23:18:30.415  1170  1170 D MccTable: updateMccMncConfiguration: mcc=460, mnc=1
08-10 23:18:30.416  1170  1170 D MccTable: defaultLanguageForMcc(460): country cn uses zh
08-10 23:18:30.416  1170  1170 D MccTable: getLocaleFromMcc to zh_cn mcc=460
08-10 23:18:30.418  1170  1170 D MccTable: getLocaleForLanguageCountry: not permitted to update locale
08-10 23:18:30.418  1170  1170 D MccTable: updateMccMncConfiguration updateConfig config={1.0 460mcc1mnc ?locale ?layoutDir ?swdp ?wdp ?hdp ?density ?lsize ?long ?orien ?uimode ?night ?touch ?keyb/?/? ?nav/?}
08-10 23:18:30.420   710  1281 I ActivityManager: Config changes=3 {1.0 460mcc1mnc en_US ?layoutDir sw360dp w360dp h567dp 480dpi nrml port finger -keyb/v/h -nav/h s.5}
08-10 23:18:30.744  1170  1170 D MccTable: getLocaleForLanguageCountry: not permitted to update locale
08-10 23:18:30.744  1170  1170 D MccTable: setSystemLocale: no locale
08-10 23:18:30.954   710   727 V WindowManager: Based on layer: Adding window Window{3d36296b u0 com.android.launcher3/com.android.launcher3.Launcher} at 0 of 5
08-10 23:18:31.309   710   775 W KeyguardServiceDelegate: onScreenTurnedOn(): no keyguard service!
08-10 23:18:31.444  1170  1170 D MccTable: updateMccMncConfiguration mccmnc='46001' fromServiceState=false
08-10 23:18:31.446  1170  1170 D MccTable: updateMccMncConfiguration defaultMccMnc=46001
08-10 23:18:31.447  1170  1170 D MccTable: updateMccMncConfiguration: mcc=460, mnc=1
08-10 23:18:31.448  1170  1170 D MccTable: defaultLanguageForMcc(460): country cn uses zh
08-10 23:18:31.448  1170  1170 D MccTable: getLocaleFromMcc to zh_cn mcc=460
08-10 23:18:31.448  1170  1170 D MccTable: getLocaleForLanguageCountry: not permitted to update locale
08-10 23:18:31.449  1170  1170 D MccTable: updateMccMncConfiguration updateConfig config={1.0 460mcc1mnc ?locale ?layoutDir ?swdp ?wdp ?hdp ?density ?lsize ?long ?orien ?uimode ?night ?touch ?keyb/?/? ?nav/?}
08-10 23:18:31.805  1170  1170 D MccTable: updateMccMncConfiguration mccmnc='46001' fromServiceState=false
08-10 23:18:31.807  1170  1170 D MccTable: updateMccMncConfiguration defaultMccMnc=46001
08-10 23:18:31.807  1170  1170 D MccTable: updateMccMncConfiguration: mcc=460, mnc=1
08-10 23:18:31.808  1170  1170 D MccTable: defaultLanguageForMcc(460): country cn uses zh
08-10 23:18:31.809  1170  1170 D MccTable: getLocaleFromMcc to zh_cn mcc=460
08-10 23:18:31.809  1170  1170 D MccTable: getLocaleForLanguageCountry: not permitted to update locale
08-10 23:18:31.809  1170  1170 D MccTable: updateMccMncConfiguration updateConfig config={1.0 460mcc1mnc ?locale ?layoutDir ?swdp ?wdp ?hdp ?density ?lsize ?long ?orien ?uimode ?night ?touch ?keyb/?/? ?nav/?}
08-10 23:18:32.239   710   814 D WifiService: New client listening to asynchronous messages
08-10 23:18:32.309   710   778 W WindowManager: Keyguard drawn timeout. Setting mKeyguardDrawComplete
08-10 23:18:32.396   710   780 W WindowManager: Timeout waiting for drawn: undrawn=[Window{36180cb4 u0 StatusBar}]
08-10 23:18:32.982   710   780 W WindowManager: Window freeze timeout expired.
08-10 23:18:32.982   710   780 W WindowManager: Force clearing orientation change: Window{3687fe7f u0 NavigationBar}
08-10 23:18:32.982   710   780 W WindowManager: Force clearing orientation change: Window{36180cb4 u0 StatusBar}
08-10 23:18:34.431   710   780 I SystemServiceManager: Starting phase 1000
08-10 23:18:34.434   175   231 D VoldCmdListener: cryptfs getpw
08-10 23:18:34.441   175   231 D VoldCmdListener: cryptfs clearpw
08-10 23:18:34.669   710  1495 I ActivityManager: Start proc 1511:com.android.keychain/1000 for service com.android.keychain/.KeyChainService
08-10 23:18:34.678   710   710 V ActivityManager: Display changed displayId=0
08-10 23:18:35.434   710   780 W WindowManager: App freeze timeout expired.
08-10 23:18:35.758   710  1561 I BootReceiver: Copying /proc/last_kmsg to DropBox (SYSTEM_LAST_KMSG)
08-10 23:18:35.804   710  1561 I BootReceiver: Copying audit failures to DropBox
08-10 23:18:35.839   710  1561 I BootReceiver: Copied 551 worth of audits to DropBox
08-10 23:18:35.849   710  1561 I BootReceiver: Checking for fsck errors
08-10 23:18:35.897   710  1282 I ActivityManager: Start proc 1570:com.android.dialer/u0a4 for broadcast com.android.dialer/.calllog.CallLogReceiver
08-10 23:18:36.167   710   710 I ActivityManager: Start proc 1593:com.android.providers.calendar/u0a1 for broadcast com.android.providers.calendar/.CalendarReceiver
08-10 23:18:36.265  1593  1593 W ResourcesManager: Asset path '/system/framework/android.test.runner.jar' does not exist or contains no resources.
08-10 23:18:36.530   710   727 I ActivityManager: Start proc 1618:com.android.managedprovisioning/u0a7 for broadcast com.android.managedprovisioning/.BootReminder
08-10 23:18:37.001   710   906 I ActivityManager: Start proc 1659:com.android.mms/u0a8 for broadcast com.android.mms/.transaction.MmsSystemEventReceiver
08-10 23:18:37.130   710  1201 D CountryDetector: The first listener is added
08-10 23:18:37.294   710  1276 I ActivityManager: Start proc 1688:com.android.onetimeinitializer/u0a10 for broadcast com.android.onetimeinitializer/.OneTimeInitializerReceiver
08-10 23:18:37.505   710   800 I ActivityManager: Start proc 1718:com.android.voicedialer/u0a15 for broadcast com.android.voicedialer/.VoiceDialerReceiver
08-10 23:18:37.698   710  1276 I ActivityManager: Start proc 1736:com.android.calendar/u0a21 for broadcast com.android.calendar/.alerts.AlertReceiver
08-10 23:18:37.942   710  1245 I ActivityManager: Start proc 1761:com.android.deskclock/u0a25 for broadcast com.android.deskclock/.AlarmInitReceiver
08-10 23:18:38.361   710  1199 I ActivityManager: Start proc 1787:com.android.email/u0a28 for broadcast com.android.email/.service.EmailBroadcastReceiver
08-10 23:18:38.673   710   800 I ActivityManager: Start proc 1807:com.android.exchange/u0a29 for service com.android.exchange/.service.EasService
08-10 23:18:38.688   710   813 D ConnectivityService: registerNetworkAgent NetworkAgentInfo{ ni{[type: WIFI[], state: CONNECTING/CONNECTING, reason: (unspecified), extra: "BUAA-WiFi", roaming: false, failover: false, isAvailable: true, isConnectedToProvisioningNetwork: false]}  network{null}  lp{{LinkAddresses: []  Routes: [] DnsAddresses: [] Domains: null MTU: 0 TcpBufferSizes: 524288,1048576,2097152,262144,524288,1048576}}  nc{[ Transports: WIFI Capabilities: INTERNET&NOT_RESTRICTED&TRUSTED&NOT_VPN LinkUpBandwidth>=1048576Kbps LinkDnBandwidth>=1048576Kbps]}  Score{20}  everValidated{false}  lastValidated{false}  created{false}  explicitlySelected{false} }
08-10 23:18:38.689   710   815 D ConnectivityService: NetworkAgentInfo [WIFI () - 100] EVENT_NETWORK_INFO_CHANGED, going from null to CONNECTING
08-10 23:18:38.807   710   815 D ConnectivityService: updateNetworkScore for NetworkAgentInfo [WIFI () - 100] to 60
08-10 23:18:38.819   710  1276 W ActivityManager: Unable to start service Intent { cmp=com.android.email/.service.AttachmentService } U=0: not found
08-10 23:18:38.892  1787  1787 E ActivityThread: Service com.android.email.service.EmailBroadcastProcessorService has leaked ServiceConnection com.android.emailcommon.service.ServiceProxy$ProxyConnection@f838b86 that was originally bound here
08-10 23:18:38.892  1787  1787 E ActivityThread: android.app.ServiceConnectionLeaked: Service com.android.email.service.EmailBroadcastProcessorService has leaked ServiceConnection com.android.emailcommon.service.ServiceProxy$ProxyConnection@f838b86 that was originally bound here
08-10 23:18:38.892  1787  1787 E ActivityThread: 	at android.app.LoadedApk$ServiceDispatcher.<init>(LoadedApk.java:1077)
08-10 23:18:38.892  1787  1787 E ActivityThread: 	at android.app.LoadedApk.getServiceDispatcher(LoadedApk.java:971)
08-10 23:18:38.892  1787  1787 E ActivityThread: 	at android.app.ContextImpl.bindServiceCommon(ContextImpl.java:1774)
08-10 23:18:38.892  1787  1787 E ActivityThread: 	at android.app.ContextImpl.bindService(ContextImpl.java:1757)
08-10 23:18:38.892  1787  1787 E ActivityThread: 	at android.content.ContextWrapper.bindService(ContextWrapper.java:539)
08-10 23:18:38.892  1787  1787 E ActivityThread: 	at com.android.emailcommon.service.ServiceProxy.setTask(ServiceProxy.java:181)
08-10 23:18:38.892  1787  1787 E ActivityThread: 	at com.android.emailcommon.service.ServiceProxy.test(ServiceProxy.java:224)
08-10 23:18:38.892  1787  1787 E ActivityThread: 	at com.android.email.service.EmailServiceUtils.isServiceAvailable(EmailServiceUtils.java:160)
08-10 23:18:38.892  1787  1787 E ActivityThread: 	at com.android.email.provider.AccountReconciler.reconcileAccountsInternal(AccountReconciler.java:171)
08-10 23:18:38.892  1787  1787 E ActivityThread: 	at com.android.email.provider.AccountReconciler.reconcileAccounts(AccountReconciler.java:115)
08-10 23:18:38.892  1787  1787 E ActivityThread: 	at com.android.email.service.EmailBroadcastProcessorService.reconcileAndStartServices(EmailBroadcastProcessorService.java:305)
08-10 23:18:38.892  1787  1787 E ActivityThread: 	at com.android.email.service.EmailBroadcastProcessorService.onBootCompleted(EmailBroadcastProcessorService.java:295)
08-10 23:18:38.892  1787  1787 E ActivityThread: 	at com.android.email.service.EmailBroadcastProcessorService.onHandleIntent(EmailBroadcastProcessorService.java:130)
08-10 23:18:38.892  1787  1787 E ActivityThread: 	at android.app.IntentService$ServiceHandler.handleMessage(IntentService.java:65)
08-10 23:18:38.892  1787  1787 E ActivityThread: 	at android.os.Handler.dispatchMessage(Handler.java:102)
08-10 23:18:38.892  1787  1787 E ActivityThread: 	at android.os.Looper.loop(Looper.java:135)
08-10 23:18:38.892  1787  1787 E ActivityThread: 	at android.os.HandlerThread.run(HandlerThread.java:61)
08-10 23:18:39.715   710   815 D ConnectivityService: NetworkAgentInfo [WIFI () - 100] EVENT_NETWORK_INFO_CHANGED, going from CONNECTING to CONNECTED
08-10 23:18:39.721   710   815 D ConnectivityService: Adding iface wlan0 to network 100
08-10 23:18:39.790   710   815 E ConnectivityService: Unexpected mtu value: 0, wlan0
08-10 23:18:39.791   710   815 D ConnectivityService: Adding Route [fe80::/64 -> :: wlan0] to network 100
08-10 23:18:39.796   710   815 D ConnectivityService: Adding Route [10.137.0.0/16 -> 0.0.0.0 wlan0] to network 100
08-10 23:18:39.801   710   815 D ConnectivityService: Adding Route [0.0.0.0/0 -> 10.137.0.1 wlan0] to network 100
08-10 23:18:39.806   710   815 D ConnectivityService: Setting Dns servers for network 100 to [/202.112.128.51, /202.112.128.50]
08-10 23:18:39.842   710   815 D ConnectivityService: notifyType IP_CHANGED for NetworkAgentInfo [WIFI () - 100]
08-10 23:18:39.860   710   815 D ConnectivityService: notifyType PRECHECK for NetworkAgentInfo [WIFI () - 100]
08-10 23:18:39.860   710   815 D ConnectivityService: rematching NetworkAgentInfo [WIFI () - 100]
08-10 23:18:39.861   710   815 D ConnectivityService:    accepting network in place of null
08-10 23:18:39.879   710   815 D ConnectivityService: Switching to new default network: NetworkAgentInfo{ ni{[type: WIFI[], state: CONNECTED/CONNECTED, reason: (unspecified), extra: "BUAA-WiFi", roaming: false, failover: false, isAvailable: true, isConnectedToProvisioningNetwork: false]}  network{100}  lp{{InterfaceName: wlan0 LinkAddresses: [fe80::faa9:d0ff:fe55:5067/64,10.137.160.128/16,]  Routes: [fe80::/64 -> :: wlan0,10.137.0.0/16 -> 0.0.0.0 wlan0,0.0.0.0/0 -> 10.137.0.1 wlan0,] DnsAddresses: [202.112.128.51,202.112.128.50,] Domains:  MTU: 0 TcpBufferSizes: 524288,1048576,2097152,262144,524288,1048576}}  nc{[ Transports: WIFI Capabilities: INTERNET&NOT_RESTRICTED&TRUSTED&NOT_VPN LinkUpBandwidth>=1048576Kbps LinkDnBandwidth>=1048576Kbps]}  Score{20}  everValidated{false}  lastValidated{false}  created{true}  explicitlySelected{false} }
08-10 23:18:39.886   710   815 D ConnectivityService: Setting tx/rx TCP buffers to 524288,1048576,2097152,262144,524288,1048576
08-10 23:18:39.896   710   815 D ConnectivityService: notifyType AVAILABLE for NetworkAgentInfo [WIFI () - 100]
08-10 23:18:39.905   710   815 D CSLegacyTypeTracker: Sending connected broadcast for type 1 NetworkAgentInfo [WIFI () - 100] isDefaultNetwork=true
08-10 23:18:39.905   710   815 D ConnectivityService: sendStickyBroadcast: action=android.net.conn.CONNECTIVITY_CHANGE_IMMEDIATE
08-10 23:18:39.910   710   815 D ConnectivityService: sendStickyBroadcast: action=android.net.conn.CONNECTIVITY_CHANGE
08-10 23:18:40.210   710   815 D ConnectivityService: Adding Route [2001:da8:203:2224::/64 -> :: wlan0] to network 100
08-10 23:18:40.218   710   815 D ConnectivityService: Adding Route [::/0 -> fe80::620b:3ff:fe2c:3002 wlan0] to network 100
04-15 08:33:36.201   710   811 I NetworkPolicy: No policy for subscriber 460011952973996; generating default policy
04-15 08:33:36.231   710   815 D ConnectivityService: notifyType IP_CHANGED for NetworkAgentInfo [WIFI () - 100]
04-15 08:33:40.254   710   775 I ActivityManager: Waited long enough for: ServiceRecord{30ec37f5 u0 com.android.music/.MediaPlaybackService}
04-15 08:33:40.965   710   782 I PowerManagerService: Going to sleep due to screen timeout (uid 1000)...
04-15 08:33:40.968   710   782 I PowerManagerService: Sleeping (uid 1000)...
04-15 08:33:40.973   710   774 I UsageStatsService: User[0] Flushing usage stats to disk
04-15 08:33:41.210   710   774 I UsageStatsDatabase: Moving file /data/system/usagestats/0/daily/50630400000 to /data/system/usagestats/0/daily/1492161295942
04-15 08:33:41.211   710   774 I UsageStatsDatabase: Moving file /data/system/usagestats/0/weekly/50198400000 to /data/system/usagestats/0/weekly/1491729295942
04-15 08:33:41.212   710   774 I UsageStatsDatabase: Moving file /data/system/usagestats/0/monthly/49248000000 to /data/system/usagestats/0/monthly/1490778895942
04-15 08:33:41.212   710   774 I UsageStatsDatabase: Moving file /data/system/usagestats/0/yearly/31536000000 to /data/system/usagestats/0/yearly/1473066895942
04-15 08:33:41.229   710   774 I UsageStatsService: User[0] Rollover scheduled @ 2017-04-16 08:00:00(1492300800000)
04-15 08:33:41.596   710   780 I DisplayManagerService: Display device changed: DisplayDeviceInfo{"Built-in Screen": uniqueId="local:0", 1080 x 1920, 60.0 fps, supportedRefreshRates [60.0], density 480, 442.451 x 443.345 dpi, appVsyncOff 7500000, presDeadline 12666667, touch INTERNAL, rotation 0, type BUILT_IN, state OFF, FLAG_DEFAULT_DISPLAY, FLAG_ROTATES_WITH_CONTENT, FLAG_SECURE, FLAG_SUPPORTS_PROTECTED_BUFFERS}
04-15 08:33:41.597   710   710 V ActivityManager: Display changed displayId=0
04-15 08:33:43.789   710   796 I PowerManagerService: Waking up from sleep (uid 1000)...
04-15 08:33:43.795   710   782 I DisplayPowerController: Blocking screen on until initial contents have been drawn.
04-15 08:33:44.057   710   782 I DisplayPowerController: Unblocked screen on after 262 ms
04-15 08:33:44.061   710   780 I DisplayManagerService: Display device changed: DisplayDeviceInfo{"Built-in Screen": uniqueId="local:0", 1080 x 1920, 60.0 fps, supportedRefreshRates [60.0], density 480, 442.451 x 443.345 dpi, appVsyncOff 7500000, presDeadline 12666667, touch INTERNAL, rotation 0, type BUILT_IN, state ON, FLAG_DEFAULT_DISPLAY, FLAG_ROTATES_WITH_CONTENT, FLAG_SECURE, FLAG_SUPPORTS_PROTECTED_BUFFERS}
04-15 08:33:44.062   710   710 V ActivityManager: Display changed displayId=0
04-15 08:33:48.896   710   775 I ActivityManager: Waited long enough for: ServiceRecord{b0145ff u0 com.android.calendar/.alerts.InitAlarmsService}
04-15 08:34:05.734   710   906 W InputMethodManagerService: Window already focused, ignoring focus gain of: com.android.internal.view.IInputMethodClient$Stub$Proxy@1c8000b6 attribute=null, token = android.os.BinderProxy@32e36ba
