04-15 08:34:07.177   710  1199 I ActivityManager: START u0 {act=android.intent.action.MAIN cat=[android.intent.category.LAUNCHER] flg=0x10200000 pkg=com.android.browser cmp=com.android.browser/.BrowserActivity bnds=[849,1532][1050,1784] (has extras)} from uid 10035 on display 0
04-15 08:34:07.211   710  1199 V WindowManager: addAppToken: AppWindowToken{26e8508d token=Token{23f5dd24 ActivityRecord{257bf1b7 u0 com.android.browser/.BrowserActivity t2}}} to stack=1 task=2 at 0
04-15 08:34:07.239   710   780 V WindowManager: Adding window Window{15a708e u0 Starting com.android.browser} at 2 of 7 (after Window{3d36296b u0 com.android.launcher3/com.android.launcher3.Launcher})
04-15 08:34:07.418   710   726 I ActivityManager: Start proc 2179:com.android.browser/u0a19 for activity com.android.browser/.BrowserActivity
04-15 08:34:07.671  2179  2212 E ActivityThread: Failed to find provider info for com.google.settings
04-15 08:34:07.679  2179  2212 E ActivityThread: Failed to find provider info for com.google.settings
04-15 08:34:08.386   710  1245 V WindowManager: Adding window Window{3e4dbbd8 u0 com.android.browser/com.android.browser.BrowserActivity} at 2 of 8 (before Window{15a708e u0 Starting com.android.browser})
04-15 08:34:08.823   710  1276 V WindowManager: not Base app: Adding window Window{3c3139a2 u0 com.android.browser/com.android.browser.BrowserActivity} at 3 of 8
04-15 08:34:09.845   710  1281 W InputMethodManagerService: Window already focused, ignoring focus gain of: com.android.internal.view.IInputMethodClient$Stub$Proxy@15ce391c attribute=null, token = android.os.BinderProxy@3baa0abb
04-15 08:34:13.187   710  1281 V WindowManager: not Base app: Adding window Window{2c20214c u0 com.android.browser/com.android.browser.BrowserActivity} at 3 of 9
04-15 08:34:14.029   710  1281 W InputMethodManagerService: Window already focused, ignoring focus gain of: com.android.internal.view.IInputMethodClient$Stub$Proxy@f7be611 attribute=null, token = android.os.BinderProxy@3baa0abb
04-15 08:34:16.856   710  1201 V WindowManager: Adding window Window{22963102 u0 PopupWindow:2a7847b6} at 3 of 9 (after Window{3e4dbbd8 u0 com.android.browser/com.android.browser.BrowserActivity})
04-15 08:34:25.897   710   775 I ActivityManager: Start proc 2389:com.android.musicfx/u0a9 for broadcast com.android.musicfx/.ControlPanelReceiver
04-15 08:34:27.538   710  1282 I ActivityManager: START u0 {act=com.android.systemui.recents.SHOW_RECENTS flg=0x10804000 cmp=com.android.systemui/.recents.RecentsActivity} from uid 10013 on display 0
04-15 08:34:27.551   710  1282 V WindowManager: addAppToken: AppWindowToken{3716d68 token=Token{37ce488b ActivityRecord{3e4de5a u0 com.android.systemui/.recents.RecentsActivity t3}}} to stack=0 task=3 at 0
04-15 08:34:27.667   710  1281 V WindowManager: Adding window Window{20bf7275 u0 com.android.systemui/com.android.systemui.recents.RecentsActivity} at 3 of 9 (after Window{3d36296b u0 com.android.launcher3/com.android.launcher3.Launcher})
04-15 08:34:28.509   710  1282 I ActivityManager: Killing 1383:com.android.music/u0a38 (adj 15): empty #17
04-15 08:34:28.538   710  1282 I ActivityManager: Killing 2179:com.android.browser/u0a19 (adj 9): remove task
04-15 08:34:28.587   710  1188 I WindowState: WIN DEATH: Window{3e4dbbd8 u0 com.android.browser/com.android.browser.BrowserActivity}
04-15 08:34:28.769   710  1245 I ActivityManager: START u0 {act=android.intent.action.MAIN cat=[android.intent.category.HOME] flg=0x10200000 cmp=com.android.launcher3/.Launcher} from uid 10013 on display 0
04-15 08:34:28.876   710   832 D TaskPersister: removeObsoleteFile: deleting file=2_task.xml
04-15 08:34:28.877   710   832 D TaskPersister: removeObsoleteFile: deleting file=2_task_thumbnail.png
04-15 08:34:33.311   710   775 W BroadcastQueue: Skipping deliver [background] BroadcastRecord{320a5862 u-1 android.net.conn.CONNECTIVITY_CHANGE} to ReceiverList{3321adf3 2432 (unknown name)/0/u-1 remote:3dbf8e44}: process crashing
04-15 08:34:33.405   710  1276 I ActivityManager: START u0 {act=android.intent.action.MAIN cat=[android.intent.category.LAUNCHER] flg=0x10200000 cmp=com.youku.phone/.ActivityWelcome} from uid 0 on display 0
04-15 08:34:33.412   710  1276 W ResourcesManager: Asset path '/system/framework/android.test.runner.jar' does not exist or contains no resources.
04-15 08:34:33.416   710  1276 V WindowManager: addAppToken: AppWindowToken{393998ae token=Token{9169d29 ActivityRecord{5494ab0 u0 com.youku.phone/.ActivityWelcome t4}}} to stack=1 task=4 at 0
04-15 08:34:33.495   710   780 V WindowManager: Adding window Window{1d8fbfc8 u0 Starting com.youku.phone} at 3 of 9 (after Window{3d36296b u0 com.android.launcher3/com.android.launcher3.Launcher})
04-15 08:34:33.533   710  1188 I ActivityManager: Start proc 2453:com.youku.phone/u0a54 for activity com.youku.phone/.ActivityWelcome
04-15 08:34:33.682  2453  2453 W ResourcesManager: Asset path '/system/framework/android.test.runner.jar' does not exist or contains no resources.
04-15 08:34:34.464   710   726 W InputManager: Input event injection from pid 2432 failed.
04-15 08:34:34.470   710  1199 W InputManager: Input event injection from pid 2432 failed.
04-15 08:34:35.476   710  1188 W InputManager: Input event injection from pid 2432 failed.
04-15 08:34:35.478   710   800 W InputManager: Input event injection from pid 2432 failed.
04-15 08:34:36.483   710   726 W InputManager: Input event injection from pid 2432 failed.
04-15 08:34:36.484   710  1199 W InputManager: Input event injection from pid 2432 failed.
04-15 08:34:37.165   710   814 D WifiService: New client listening to asynchronous messages
04-15 08:34:37.409   710  1201 I ActivityManager: Start proc 2499:com.youku.phone:dex2oat/u0a54 for service com.youku.phone/com.taobao.android.runtime.Dex2OatService
04-15 08:34:37.488   710  1201 I ActivityManager: START u0 {act=android.intent.action.MAIN cat=[android.intent.category.LAUNCHER] flg=0x10200000 cmp=com.youku.phone/.ActivityWelcome} from uid 0 on display 0
04-15 08:34:37.576  2499  2499 W ResourcesManager: Asset path '/system/framework/android.test.runner.jar' does not exist or contains no resources.
04-15 08:34:37.603   710  1201 W BackupManagerService: dataChanged but no participant pkg='com.android.providers.settings' uid=10054
04-15 08:34:38.500   710  1245 W InputManager: Input event injection from pid 2432 failed.
04-15 08:34:38.501   710  1201 W InputManager: Input event injection from pid 2432 failed.
04-15 08:34:38.897  2453  2453 W FileUtils: Failed to chmod(/storage/emulated/0/tencent/assistant/mobile_app_link.db): android.system.ErrnoException: chmod failed: EPERM (Operation not permitted)
04-15 08:34:39.240   710  1282 I ActivityManager: Start proc 2604:com.youku.phone:download/u0a54 for service com.youku.phone/com.youku.service.download.DownloadService
04-15 08:34:39.458  2604  2604 W ResourcesManager: Asset path '/system/framework/android.test.runner.jar' does not exist or contains no resources.
04-15 08:34:39.552   710  1276 I ActivityManager: Start proc 2646:com.push.Youku_PushService/u0a54 for service com.youku.phone/com.youku.pushsdk.service.PushService
04-15 08:34:39.554   710  1245 I ActivityManager: START u0 {act=android.intent.action.MAIN cat=[android.intent.category.LAUNCHER] flg=0x10200000 cmp=com.youku.phone/.ActivityWelcome} from uid 0 on display 0
04-15 08:34:39.630   710  1282 W BackupManagerService: dataChanged but no participant pkg='com.android.providers.settings' uid=10054
04-15 08:34:39.676   710   815 D ConnectivityService: setProvNotificationVisibleIntent: E visible=false networkType=0 extraInfo=null
04-15 08:34:39.678   710   815 D ConnectivityService: Validated NetworkAgentInfo [WIFI () - 100]
04-15 08:34:39.678   710   815 D ConnectivityService: rematching NetworkAgentInfo [WIFI () - 100]
04-15 08:34:39.678   710   815 D ConnectivityService: Network NetworkAgentInfo [WIFI () - 100] was already satisfying request 1. No change.
04-15 08:34:39.678   710   815 D ConnectivityService: notifyType AVAILABLE for NetworkAgentInfo [WIFI () - 100]
04-15 08:34:40.061   710   815 D ConnectivityService: sendStickyBroadcast: action=android.net.conn.INET_CONDITION_ACTION
04-15 08:34:40.102  2646  2646 W ResourcesManager: Asset path '/system/framework/android.test.runner.jar' does not exist or contains no resources.
04-15 08:34:40.107   710  1201 W BackupManagerService: dataChanged but no participant pkg='com.android.providers.settings' uid=10054
04-15 08:34:40.629   710  1281 I ActivityManager: START u0 {cmp=com.youku.phone/com.youku.ui.activity.HomePageActivity} from uid 10054 on display 0
04-15 08:34:40.971   710  1281 V WindowManager: addAppToken: AppWindowToken{27d76e6c token=Token{2adf5b1f ActivityRecord{1aa30ebe u0 com.youku.phone/com.youku.ui.activity.HomePageActivity t4}}} to stack=1 task=4 at 1
04-15 08:34:40.972   710  1281 V WindowManager: Based on layer: Adding window Window{1d8fbfc8 u0 Starting com.youku.phone} at 3 of 9
04-15 08:34:41.477   710   775 W ActivityManager: Activity pause timeout for ActivityRecord{5494ab0 u0 com.youku.phone/.ActivityWelcome t4 f}
04-15 08:34:41.649   710  1273 W BackupManagerService: dataChanged but no participant pkg='com.android.providers.settings' uid=10054
04-15 08:34:41.832   710   814 D WifiService: New client listening to asynchronous messages
04-15 08:34:42.311   710   814 D WifiService: New client listening to asynchronous messages
04-15 08:34:42.795   710  1199 V WindowManager: Adding window Window{3a4c6101 u0 com.youku.phone/com.youku.ui.activity.HomePageActivity} at 3 of 10 (before Window{1d8fbfc8 u0 Starting com.youku.phone})
04-15 08:34:42.985   710   727 V WindowManager: Adding window Window{19c6fc32 u0 com.youku.phone/com.youku.ui.activity.HomePageActivity} at 4 of 11 (before Window{1d8fbfc8 u0 Starting com.youku.phone})
04-15 08:34:43.061   710  1281 V WindowManager: Adding window Window{2a74bedf u0 com.youku.phone/com.youku.ui.activity.HomePageActivity} at 3 of 11 (before Window{3a4c6101 u0 com.youku.phone/com.youku.ui.activity.HomePageActivity})
04-15 08:34:43.201   710   814 D WifiService: New client listening to asynchronous messages
04-15 08:34:43.425   710   775 W ActivityManager: Launch timeout has expired, giving up wake lock!
04-15 08:34:43.979  2453  2453 W ViewRootImpl: Dropping event due to no window focus: MotionEvent { action=ACTION_MOVE, id[0]=0, x[0]=2.0, y[0]=-2.0, toolType[0]=TOOL_TYPE_UNKNOWN, buttonState=0, metaState=0, flags=0x0, edgeFlags=0x0, pointerCount=1, historySize=9, eventTime=103979, downTime=-1, deviceId=0, source=0x10004 }
04-15 08:34:44.166  2453  2453 W ViewRootImpl: Cancelling event due to no window focus: KeyEvent { action=ACTION_UP, keyCode=KEYCODE_DPAD_RIGHT, scanCode=0, metaState=0, flags=0x80000028, repeatCount=0, eventTime=104156, downTime=104156, deviceId=-1, source=0x101 }
04-15 08:34:44.167  2453  2453 W ViewRootImpl: Cancelling event due to no window focus: KeyEvent { action=ACTION_UP, keyCode=KEYCODE_DPAD_RIGHT, scanCode=0, metaState=0, flags=0x80000028, repeatCount=0, eventTime=104156, downTime=104156, deviceId=-1, source=0x101 }
04-15 08:34:44.167  2453  2453 W ViewRootImpl: Cancelling event due to no window focus: KeyEvent { action=ACTION_UP, keyCode=KEYCODE_DPAD_RIGHT, scanCode=0, metaState=0, flags=0x80000028, repeatCount=0, eventTime=104156, downTime=104156, deviceId=-1, source=0x101 }
04-15 08:34:44.168  2453  2453 W ViewRootImpl: Cancelling event due to no window focus: KeyEvent { action=ACTION_UP, keyCode=KEYCODE_DPAD_RIGHT, scanCode=0, metaState=0, flags=0x80000028, repeatCount=0, eventTime=104156, downTime=104156, deviceId=-1, source=0x101 }
04-15 08:34:44.169  2453  2453 W ViewRootImpl: Cancelling event due to no window focus: KeyEvent { action=ACTION_UP, keyCode=KEYCODE_DPAD_RIGHT, scanCode=0, metaState=0, flags=0x80000028, repeatCount=0, eventTime=104156, downTime=104156, deviceId=-1, source=0x101 }
04-15 08:34:44.169  2453  2453 W ViewRootImpl: Cancelling event due to no window focus: KeyEvent { action=ACTION_UP, keyCode=KEYCODE_DPAD_RIGHT, scanCode=0, metaState=0, flags=0x80000028, repeatCount=0, eventTime=104156, downTime=104156, deviceId=-1, source=0x101 }
04-15 08:34:44.170  2453  2453 W ViewRootImpl: Cancelling event due to no window focus: KeyEvent { action=ACTION_UP, keyCode=KEYCODE_DPAD_RIGHT, scanCode=0, metaState=0, flags=0x80000028, repeatCount=0, eventTime=104156, downTime=104156, deviceId=-1, source=0x101 }
04-15 08:34:44.171  2453  2453 W ViewRootImpl: Cancelling event due to no window focus: KeyEvent { action=ACTION_UP, keyCode=KEYCODE_DPAD_RIGHT, scanCode=0, metaState=0, flags=0x80000028, repeatCount=0, eventTime=104156, downTime=104156, deviceId=-1, source=0x101 }
04-15 08:34:44.172  2453  2453 W ViewRootImpl: Cancelling event due to no window focus: KeyEvent { action=ACTION_UP, keyCode=KEYCODE_DPAD_RIGHT, scanCode=0, metaState=0, flags=0x80000028, repeatCount=0, eventTime=104156, downTime=104156, deviceId=-1, source=0x101 }
04-15 08:34:44.281   710  1273 I ActivityManager: Start proc 2917:com.youku.phone:SoUpgradeService/u0a54 for service com.youku.phone/com.youku.libmanager.SoUpgradeService
04-15 08:34:44.303   710   726 W InputMethodManagerService: Window already focused, ignoring focus gain of: com.android.internal.view.IInputMethodClient$Stub$Proxy@8ce7ead attribute=null, token = android.os.BinderProxy@215ed6e8
04-15 08:34:44.401  2917  2917 W ResourcesManager: Asset path '/system/framework/android.test.runner.jar' does not exist or contains no resources.
04-15 08:34:44.644   710  1276 W ActivityManager: Bad activity token: android.os.BinderProxy@2c3c1d73
04-15 08:34:44.644   710  1276 W ActivityManager: java.lang.ClassCastException: android.os.BinderProxy cannot be cast to com.android.server.am.ActivityRecord$Token
04-15 08:34:44.644   710  1276 W ActivityManager: 	at com.android.server.am.ActivityRecord.forToken(ActivityRecord.java:369)
04-15 08:34:44.644   710  1276 W ActivityManager: 	at com.android.server.am.ActivityRecord.isInStackLocked(ActivityRecord.java:1070)
04-15 08:34:44.644   710  1276 W ActivityManager: 	at com.android.server.am.ActivityRecord.getStackLocked(ActivityRecord.java:1078)
04-15 08:34:44.644   710  1276 W ActivityManager: 	at com.android.server.am.ActivityManagerService.getActivityDisplayId(ActivityManagerService.java:8669)
04-15 08:34:44.644   710  1276 W ActivityManager: 	at android.app.ActivityManagerNative.onTransact(ActivityManagerNative.java:2214)
04-15 08:34:44.644   710  1276 W ActivityManager: 	at com.android.server.am.ActivityManagerService.onTransact(ActivityManagerService.java:2208)
04-15 08:34:44.644   710  1276 W ActivityManager: 	at android.os.Binder.execTransact(Binder.java:446)
04-15 08:34:44.651   710  1188 W ActivityManager: Bad activity token: android.os.BinderProxy@2c3c1d73
04-15 08:34:44.651   710  1188 W ActivityManager: java.lang.ClassCastException: android.os.BinderProxy cannot be cast to com.android.server.am.ActivityRecord$Token
04-15 08:34:44.651   710  1188 W ActivityManager: 	at com.android.server.am.ActivityRecord.forToken(ActivityRecord.java:369)
04-15 08:34:44.651   710  1188 W ActivityManager: 	at com.android.server.am.ActivityRecord.isInStackLocked(ActivityRecord.java:1070)
04-15 08:34:44.651   710  1188 W ActivityManager: 	at com.android.server.am.ActivityManagerService.setTaskDescription(ActivityManagerService.java:8334)
04-15 08:34:44.651   710  1188 W ActivityManager: 	at android.app.ActivityManagerNative.onTransact(ActivityManagerNative.java:2278)
04-15 08:34:44.651   710  1188 W ActivityManager: 	at com.android.server.am.ActivityManagerService.onTransact(ActivityManagerService.java:2208)
04-15 08:34:44.651   710  1188 W ActivityManager: 	at android.os.Binder.execTransact(Binder.java:446)
04-15 08:34:44.655   710  1188 W ActivityManager: Bad activity token: android.os.BinderProxy@2c3c1d73
04-15 08:34:44.655   710  1188 W ActivityManager: java.lang.ClassCastException: android.os.BinderProxy cannot be cast to com.android.server.am.ActivityRecord$Token
04-15 08:34:44.655   710  1188 W ActivityManager: 	at com.android.server.am.ActivityRecord.forToken(ActivityRecord.java:369)
04-15 08:34:44.655   710  1188 W ActivityManager: 	at com.android.server.am.ActivityRecord.isInStackLocked(ActivityRecord.java:1070)
04-15 08:34:44.655   710  1188 W ActivityManager: 	at com.android.server.am.ActivityManagerService.setTaskDescription(ActivityManagerService.java:8334)
04-15 08:34:44.655   710  1188 W ActivityManager: 	at android.app.ActivityManagerNative.onTransact(ActivityManagerNative.java:2278)
04-15 08:34:44.655   710  1188 W ActivityManager: 	at com.android.server.am.ActivityManagerService.onTransact(ActivityManagerService.java:2208)
04-15 08:34:44.655   710  1188 W ActivityManager: 	at android.os.Binder.execTransact(Binder.java:446)
04-15 08:34:44.792   710   800 W ActivityManager: Bad activity token: android.os.BinderProxy@2c3c1d73
04-15 08:34:44.792   710   800 W ActivityManager: java.lang.ClassCastException: android.os.BinderProxy cannot be cast to com.android.server.am.ActivityRecord$Token
04-15 08:34:44.792   710   800 W ActivityManager: 	at com.android.server.am.ActivityRecord.forToken(ActivityRecord.java:369)
04-15 08:34:44.792   710   800 W ActivityManager: 	at com.android.server.am.ActivityRecord.isInStackLocked(ActivityRecord.java:1070)
04-15 08:34:44.792   710   800 W ActivityManager: 	at com.android.server.am.ActivityManagerService.getActivityOptions(ActivityManagerService.java:10639)
04-15 08:34:44.792   710   800 W ActivityManager: 	at android.app.ActivityManagerNative.onTransact(ActivityManagerNative.java:1681)
04-15 08:34:44.792   710   800 W ActivityManager: 	at com.android.server.am.ActivityManagerService.onTransact(ActivityManagerService.java:2208)
04-15 08:34:44.792   710   800 W ActivityManager: 	at android.os.Binder.execTransact(Binder.java:446)
04-15 08:34:44.795   710  1282 W ActivityManager: Bad activity token: android.os.BinderProxy@2c3c1d73
04-15 08:34:44.795   710  1282 W ActivityManager: java.lang.ClassCastException: android.os.BinderProxy cannot be cast to com.android.server.am.ActivityRecord$Token
04-15 08:34:44.795   710  1282 W ActivityManager: 	at com.android.server.am.ActivityRecord.forToken(ActivityRecord.java:369)
04-15 08:34:44.795   710  1282 W ActivityManager: 	at com.android.server.am.ActivityRecord.isInStackLocked(ActivityRecord.java:1070)
04-15 08:34:44.795   710  1282 W ActivityManager: 	at com.android.server.am.ActivityManagerService.getActivityOptions(ActivityManagerService.java:10639)
04-15 08:34:44.795   710  1282 W ActivityManager: 	at android.app.ActivityManagerNative.onTransact(ActivityManagerNative.java:1681)
04-15 08:34:44.795   710  1282 W ActivityManager: 	at com.android.server.am.ActivityManagerService.onTransact(ActivityManagerService.java:2208)
04-15 08:34:44.795   710  1282 W ActivityManager: 	at android.os.Binder.execTransact(Binder.java:446)
04-15 08:34:46.432  2453  2453 W ViewRootImpl: Dropping event due to no window focus: KeyEvent { action=ACTION_DOWN, keyCode=KEYCODE_STB_INPUT, scanCode=0, metaState=0, flags=0x8, repeatCount=0, eventTime=107159, downTime=107159, deviceId=-1, source=0x101 }
04-15 08:34:46.435  2453  2453 W ViewRootImpl: Cancelling event due to no window focus: KeyEvent { action=ACTION_UP, keyCode=KEYCODE_STB_INPUT, scanCode=0, metaState=0, flags=0x28, repeatCount=0, eventTime=107161, downTime=107161, deviceId=-1, source=0x101 }
04-15 08:34:46.435  2453  2453 W ViewRootImpl: Cancelling event due to no window focus: KeyEvent { action=ACTION_UP, keyCode=KEYCODE_STB_INPUT, scanCode=0, metaState=0, flags=0x28, repeatCount=0, eventTime=107161, downTime=107161, deviceId=-1, source=0x101 }
04-15 08:34:46.436  2453  2453 W ViewRootImpl: Cancelling event due to no window focus: KeyEvent { action=ACTION_UP, keyCode=KEYCODE_STB_INPUT, scanCode=0, metaState=0, flags=0x28, repeatCount=0, eventTime=107161, downTime=107161, deviceId=-1, source=0x101 }
04-15 08:34:46.436  2453  2453 W ViewRootImpl: Cancelling event due to no window focus: KeyEvent { action=ACTION_UP, keyCode=KEYCODE_STB_INPUT, scanCode=0, metaState=0, flags=0x28, repeatCount=0, eventTime=107161, downTime=107161, deviceId=-1, source=0x101 }
04-15 08:34:46.437  2453  2453 W ViewRootImpl: Cancelling event due to no window focus: KeyEvent { action=ACTION_UP, keyCode=KEYCODE_STB_INPUT, scanCode=0, metaState=0, flags=0x28, repeatCount=0, eventTime=107161, downTime=107161, deviceId=-1, source=0x101 }
04-15 08:34:46.438  2453  2453 W ViewRootImpl: Cancelling event due to no window focus: KeyEvent { action=ACTION_UP, keyCode=KEYCODE_STB_INPUT, scanCode=0, metaState=0, flags=0x28, repeatCount=0, eventTime=107161, downTime=107161, deviceId=-1, source=0x101 }
04-15 08:34:46.440  2453  2453 W ViewRootImpl: Cancelling event due to no window focus: KeyEvent { action=ACTION_UP, keyCode=KEYCODE_STB_INPUT, scanCode=0, metaState=0, flags=0x80000028, repeatCount=0, eventTime=107161, downTime=107161, deviceId=-1, source=0x101 }
04-15 08:34:46.441  2453  2453 W ViewRootImpl: Cancelling event due to no window focus: KeyEvent { action=ACTION_UP, keyCode=KEYCODE_STB_INPUT, scanCode=0, metaState=0, flags=0x80000028, repeatCount=0, eventTime=107161, downTime=107161, deviceId=-1, source=0x101 }
04-15 08:34:46.441  2453  2453 W ViewRootImpl: Cancelling event due to no window focus: KeyEvent { action=ACTION_UP, keyCode=KEYCODE_STB_INPUT, scanCode=0, metaState=0, flags=0x80000028, repeatCount=0, eventTime=107161, downTime=107161, deviceId=-1, source=0x101 }
04-15 08:34:46.954   710   814 D WifiService: New client listening to asynchronous messages
04-15 08:34:47.573   710  1282 I ActivityManager: Start proc 3070:com.youku.phone:channel/u0a54 for service com.youku.phone/com.alibaba.analytics.AnalyticsService
04-15 08:34:47.682   710  1245 I ActivityManager: Killing 1238:com.android.printspooler/u0a46 (adj 15): empty #17
04-15 08:34:47.697  3070  3070 W ResourcesManager: Asset path '/system/framework/android.test.runner.jar' does not exist or contains no resources.
04-15 08:34:49.199   710   710 D BackupManagerService: Received broadcast Intent { act=android.intent.action.PACKAGE_CHANGED dat=package:com.youku.phone flg=0x4000010 (has extras) }
04-15 08:34:49.549   710  1245 I ActivityManager: Start proc 3174:com.android.gallery3d/u0a31 for broadcast com.android.gallery3d/.app.PackagesMonitor
04-15 08:34:50.058   710  1201 I ActivityManager: Start proc 3222:com.android.browser/u0a19 for broadcast com.android.browser/.AccountsChangedReceiver
04-15 08:34:50.708  3222  3244 E ActivityThread: Failed to find provider info for com.google.settings
04-15 08:34:50.710  3222  3244 E ActivityThread: Failed to find provider info for com.google.settings
04-15 08:34:51.013   710   726 I ActivityManager: Killing 1511:com.android.keychain/1000 (adj 15): empty #17
04-15 08:34:51.234   710   710 I ValidateNoPeople: mEvictionCount: 0
04-15 08:34:51.376   710   814 D WifiService: New client listening to asynchronous messages
04-15 08:34:52.002   710   727 W ActivityManager: Unable to start service Intent { pkg=com.youku.phone cmp=com.youku.phone/com.taobao.accs.ChannelService$KernelService } U=0: not found
04-15 08:34:55.355   710   727 W BackupManagerService: dataChanged but no participant pkg='com.android.providers.settings' uid=10054
04-15 08:34:57.759   710   800 I ActivityManager: Killing 1570:com.android.dialer/u0a4 (adj 15): empty #17
04-15 08:35:04.216   710  1245 W InputMethodManagerService: Window already focused, ignoring focus gain of: com.android.internal.view.IInputMethodClient$Stub$Proxy@2dcbdf8 attribute=null, token = android.os.BinderProxy@28e4a97e
04-15 08:35:05.549   710  1201 W ActivityManager: Bad activity token: android.os.BinderProxy@319d3136
04-15 08:35:05.549   710  1201 W ActivityManager: java.lang.ClassCastException: android.os.BinderProxy cannot be cast to com.android.server.am.ActivityRecord$Token
04-15 08:35:05.549   710  1201 W ActivityManager: 	at com.android.server.am.ActivityRecord.forToken(ActivityRecord.java:369)
04-15 08:35:05.549   710  1201 W ActivityManager: 	at com.android.server.am.ActivityRecord.isInStackLocked(ActivityRecord.java:1070)
04-15 08:35:05.549   710  1201 W ActivityManager: 	at com.android.server.am.ActiveServices.bindServiceLocked(ActiveServices.java:703)
04-15 08:35:05.549   710  1201 W ActivityManager: 	at com.android.server.am.ActivityManagerService.bindService(ActivityManagerService.java:15321)
04-15 08:35:05.549   710  1201 W ActivityManager: 	at android.app.ActivityManagerNative.onTransact(ActivityManagerNative.java:957)
04-15 08:35:05.549   710  1201 W ActivityManager: 	at com.android.server.am.ActivityManagerService.onTransact(ActivityManagerService.java:2208)
04-15 08:35:05.549   710  1201 W ActivityManager: 	at android.os.Binder.execTransact(Binder.java:446)
04-15 08:35:05.550   710  1201 W ActivityManager: Binding with unknown activity: android.os.BinderProxy@319d3136
04-15 08:35:05.554   710   727 W ActivityManager: Unbind failed: could not find connection for android.os.BinderProxy@ab09837
04-15 08:35:15.734   710   726 I ActivityManager: START u0 {cmp=com.youku.phone/com.youku.ui.activity.DownloadPageActivity} from uid 10054 on display 0
04-15 08:35:15.752   710   726 V WindowManager: addAppToken: AppWindowToken{fe1db09 token=Token{3c255410 ActivityRecord{1aec80d3 u0 com.youku.phone/com.youku.ui.activity.DownloadPageActivity t4}}} to stack=1 task=4 at 1
04-15 08:35:16.112   710   727 W ProcessCpuTracker: Skipping unknown process pid 5742
04-15 08:35:16.113   710   727 W ProcessCpuTracker: Skipping unknown process pid 5752
04-15 08:35:16.257   710   775 W ActivityManager: Activity pause timeout for ActivityRecord{1aa30ebe u0 com.youku.phone/com.youku.ui.activity.HomePageActivity t4}
04-15 08:35:17.056   710  1273 V WindowManager: Adding window Window{22f4572f u0 com.youku.phone/com.youku.ui.activity.DownloadPageActivity} at 4 of 10 (after Window{2a74bedf u0 com.youku.phone/com.youku.ui.activity.HomePageActivity})
04-15 08:35:17.228   710  1281 V WindowManager: Adding window Window{2b21fd27 u0 com.youku.phone/com.youku.ui.activity.DownloadPageActivity} at 4 of 11 (before Window{22f4572f u0 com.youku.phone/com.youku.ui.activity.DownloadPageActivity})
04-15 08:35:17.236  2453  2453 W ViewRootImpl: Dropping event due to no window focus: KeyEvent { action=ACTION_DOWN, keyCode=KEYCODE_MENU, scanCode=0, metaState=0, flags=0x8, repeatCount=0, eventTime=137468, downTime=137468, deviceId=-1, source=0x101 }
04-15 08:35:17.239  2453  2453 W ViewRootImpl: Cancelling event due to no window focus: KeyEvent { action=ACTION_UP, keyCode=KEYCODE_MENU, scanCode=0, metaState=0, flags=0x28, repeatCount=0, eventTime=138229, downTime=138229, deviceId=-1, source=0x101 }
04-15 08:35:17.240  2453  2453 W ViewRootImpl: Cancelling event due to no window focus: KeyEvent { action=ACTION_UP, keyCode=KEYCODE_MENU, scanCode=0, metaState=0, flags=0x28, repeatCount=0, eventTime=138229, downTime=138229, deviceId=-1, source=0x101 }
04-15 08:35:17.240  2453  2453 W ViewRootImpl: Cancelling event due to no window focus: KeyEvent { action=ACTION_UP, keyCode=KEYCODE_MENU, scanCode=0, metaState=0, flags=0x28, repeatCount=0, eventTime=138229, downTime=138229, deviceId=-1, source=0x101 }
04-15 08:35:17.243  2453  2453 W ViewRootImpl: Cancelling event due to no window focus: KeyEvent { action=ACTION_UP, keyCode=KEYCODE_MENU, scanCode=0, metaState=0, flags=0x28, repeatCount=0, eventTime=138229, downTime=138229, deviceId=-1, source=0x101 }
04-15 08:35:17.249  2453  2453 W ViewRootImpl: Cancelling event due to no window focus: KeyEvent { action=ACTION_UP, keyCode=KEYCODE_MENU, scanCode=0, metaState=0, flags=0x28, repeatCount=0, eventTime=138229, downTime=138229, deviceId=-1, source=0x101 }
04-15 08:35:17.249  2453  2453 W ViewRootImpl: Cancelling event due to no window focus: KeyEvent { action=ACTION_UP, keyCode=KEYCODE_MENU, scanCode=0, metaState=0, flags=0x28, repeatCount=0, eventTime=138229, downTime=138229, deviceId=-1, source=0x101 }
04-15 08:35:49.374   710  1282 I ActivityManager: Start proc 6997:com.android.printspooler/u0a46 for service com.android.printspooler/.model.PrintSpoolerService
04-15 08:35:54.566   710  1199 I ActivityManager: Killing 1618:com.android.managedprovisioning/u0a7 (adj 15): empty #17
04-15 08:35:56.067   710  1188 W ProcessCpuTracker: Skipping unknown process pid 7070
04-15 08:35:56.100   710  1188 W ProcessCpuTracker: Skipping unknown process pid 7075
04-15 08:36:01.614   710  1245 W InputMethodManagerService: Window already focused, ignoring focus gain of: com.android.internal.view.IInputMethodClient$Stub$Proxy@26d00b95 attribute=null, token = android.os.BinderProxy@277253e6
04-15 08:36:02.969   710   795 I ActivityManager: START u0 {act=android.speech.action.WEB_SEARCH} from uid 1000 on display 0
04-15 08:36:14.458   710  1188 W ActivityManager: Bad activity token: android.os.BinderProxy@345a84aa
04-15 08:36:14.458   710  1188 W ActivityManager: java.lang.ClassCastException: android.os.BinderProxy cannot be cast to com.android.server.am.ActivityRecord$Token
04-15 08:36:14.458   710  1188 W ActivityManager: 	at com.android.server.am.ActivityRecord.forToken(ActivityRecord.java:369)
04-15 08:36:14.458   710  1188 W ActivityManager: 	at com.android.server.am.ActivityRecord.isInStackLocked(ActivityRecord.java:1070)
04-15 08:36:14.458   710  1188 W ActivityManager: 	at com.android.server.am.ActivityManagerService.getActivityOptions(ActivityManagerService.java:10639)
04-15 08:36:14.458   710  1188 W ActivityManager: 	at android.app.ActivityManagerNative.onTransact(ActivityManagerNative.java:1681)
04-15 08:36:14.458   710  1188 W ActivityManager: 	at com.android.server.am.ActivityManagerService.onTransact(ActivityManagerService.java:2208)
04-15 08:36:14.458   710  1188 W ActivityManager: 	at android.os.Binder.execTransact(Binder.java:446)
04-15 08:36:15.327  2453  2453 W ViewRootImpl: Dropping event due to no window focus: KeyEvent { action=ACTION_DOWN, keyCode=KEYCODE_DPAD_UP, scanCode=0, metaState=0, flags=0x8, repeatCount=0, eventTime=196491, downTime=196491, deviceId=-1, source=0x101 }
04-15 08:36:15.346  2453  2453 W ViewRootImpl: Cancelling event due to no window focus: KeyEvent { action=ACTION_UP, keyCode=KEYCODE_DPAD_UP, scanCode=0, metaState=0, flags=0x28, repeatCount=0, eventTime=196502, downTime=196502, deviceId=-1, source=0x101 }
04-15 08:36:15.347  2453  2453 W ViewRootImpl: Cancelling event due to no window focus: KeyEvent { action=ACTION_UP, keyCode=KEYCODE_DPAD_UP, scanCode=0, metaState=0, flags=0x28, repeatCount=0, eventTime=196502, downTime=196502, deviceId=-1, source=0x101 }
04-15 08:36:15.356  2453  2453 W ViewRootImpl: Cancelling event due to no window focus: KeyEvent { action=ACTION_UP, keyCode=KEYCODE_DPAD_UP, scanCode=0, metaState=0, flags=0x28, repeatCount=0, eventTime=196502, downTime=196502, deviceId=-1, source=0x101 }
04-15 08:36:15.362  2453  2453 W ViewRootImpl: Cancelling event due to no window focus: KeyEvent { action=ACTION_UP, keyCode=KEYCODE_DPAD_UP, scanCode=0, metaState=0, flags=0x28, repeatCount=0, eventTime=196502, downTime=196502, deviceId=-1, source=0x101 }
04-15 08:36:15.365  2453  2453 W ViewRootImpl: Cancelling event due to no window focus: KeyEvent { action=ACTION_UP, keyCode=KEYCODE_DPAD_UP, scanCode=0, metaState=0, flags=0x28, repeatCount=0, eventTime=196502, downTime=196502, deviceId=-1, source=0x101 }
04-15 08:36:15.368  2453  2453 W ViewRootImpl: Cancelling event due to no window focus: KeyEvent { action=ACTION_UP, keyCode=KEYCODE_DPAD_UP, scanCode=0, metaState=0, flags=0x28, repeatCount=0, eventTime=196502, downTime=196502, deviceId=-1, source=0x101 }
04-15 08:36:15.380  2453  2453 W ViewRootImpl: Cancelling event due to no window focus: KeyEvent { action=ACTION_UP, keyCode=KEYCODE_DPAD_UP, scanCode=0, metaState=0, flags=0x80000028, repeatCount=0, eventTime=196502, downTime=196502, deviceId=-1, source=0x101 }
04-15 08:36:15.380  2453  2453 W ViewRootImpl: Cancelling event due to no window focus: KeyEvent { action=ACTION_UP, keyCode=KEYCODE_DPAD_UP, scanCode=0, metaState=0, flags=0x80000028, repeatCount=0, eventTime=196502, downTime=196502, deviceId=-1, source=0x101 }
04-15 08:36:15.381  2453  2453 W ViewRootImpl: Cancelling event due to no window focus: KeyEvent { action=ACTION_UP, keyCode=KEYCODE_DPAD_UP, scanCode=0, metaState=0, flags=0x80000028, repeatCount=0, eventTime=196502, downTime=196502, deviceId=-1, source=0x101 }
04-15 08:36:15.923   710  1281 W ProcessCpuTracker: Skipping unknown process pid 7259
04-15 08:36:15.924   710  1281 W ProcessCpuTracker: Skipping unknown process pid 7260
04-15 08:36:15.925   710  1281 W ProcessCpuTracker: Skipping unknown process pid 7266
04-15 08:36:15.926   710  1281 W ProcessCpuTracker: Skipping unknown process pid 7268
04-15 08:36:15.927   710  1281 W ProcessCpuTracker: Skipping unknown process pid 7273
04-15 08:36:15.969   710  1281 W ProcessCpuTracker: Skipping unknown process pid 7286
04-15 08:36:15.982   710  1281 W ProcessCpuTracker: Skipping unknown process pid 7290
04-15 08:36:26.090   710   800 W ProcessCpuTracker: Skipping unknown process pid 7424
04-15 08:36:39.550   710  1245 I ActivityManager: START u0 {cmp=com.youku.phone/com.youku.ui.activity.DetailActivity (has extras)} from uid 10054 on display 0
04-15 08:36:39.559   710  1245 V WindowManager: addAppToken: AppWindowToken{2faef875 token=Token{3d2013ac ActivityRecord{2b7a4d5f u0 com.youku.phone/com.youku.ui.activity.DetailActivity t4}}} to stack=1 task=4 at 1
04-15 08:36:40.996   710  1245 I ActivityManager: Start proc 7554:com.youku.phone:LockPlayService/u0a54 for service com.youku.phone/com.youku.player.lock.LockPlayService
04-15 08:36:41.088  7554  7554 W ResourcesManager: Asset path '/system/framework/android.test.runner.jar' does not exist or contains no resources.
04-15 08:36:42.944   710  1201 V WindowManager: Adding window Window{2c8db75e u0 com.youku.phone/com.youku.ui.activity.DetailActivity} at 4 of 10 (after Window{2a74bedf u0 com.youku.phone/com.youku.ui.activity.HomePageActivity})
04-15 08:36:43.397   710   814 D WifiService: New client listening to asynchronous messages
04-15 08:36:43.955   710  1188 V WindowManager: Adding window Window{31a25f10 u0 SurfaceView} at 4 of 11 (before Window{2c8db75e u0 com.youku.phone/com.youku.ui.activity.DetailActivity})
04-15 08:36:43.976  2453  2453 W ViewRootImpl: Dropping event due to no window focus: KeyEvent { action=ACTION_DOWN, keyCode=KEYCODE_DPAD_RIGHT, scanCode=0, metaState=0, flags=0x8, repeatCount=0, eventTime=221683, downTime=221683, deviceId=-1, source=0x101 }
04-15 08:36:43.992  2453  2453 W ViewRootImpl: Cancelling event due to no window focus: KeyEvent { action=ACTION_UP, keyCode=KEYCODE_DPAD_RIGHT, scanCode=0, metaState=0, flags=0x28, repeatCount=0, eventTime=225082, downTime=225082, deviceId=-1, source=0x101 }
04-15 08:36:43.993  2453  2453 W ViewRootImpl: Cancelling event due to no window focus: KeyEvent { action=ACTION_UP, keyCode=KEYCODE_DPAD_RIGHT, scanCode=0, metaState=0, flags=0x28, repeatCount=0, eventTime=225082, downTime=225082, deviceId=-1, source=0x101 }
04-15 08:36:43.994  2453  2453 W ViewRootImpl: Cancelling event due to no window focus: KeyEvent { action=ACTION_UP, keyCode=KEYCODE_DPAD_RIGHT, scanCode=0, metaState=0, flags=0x28, repeatCount=0, eventTime=225082, downTime=225082, deviceId=-1, source=0x101 }
04-15 08:36:43.994  2453  2453 W ViewRootImpl: Cancelling event due to no window focus: KeyEvent { action=ACTION_UP, keyCode=KEYCODE_DPAD_RIGHT, scanCode=0, metaState=0, flags=0x28, repeatCount=0, eventTime=225082, downTime=225082, deviceId=-1, source=0x101 }
04-15 08:36:43.995  2453  2453 W ViewRootImpl: Cancelling event due to no window focus: KeyEvent { action=ACTION_UP, keyCode=KEYCODE_DPAD_RIGHT, scanCode=0, metaState=0, flags=0x28, repeatCount=0, eventTime=225082, downTime=225082, deviceId=-1, source=0x101 }
04-15 08:36:43.995  2453  2453 W ViewRootImpl: Cancelling event due to no window focus: KeyEvent { action=ACTION_UP, keyCode=KEYCODE_DPAD_RIGHT, scanCode=0, metaState=0, flags=0x28, repeatCount=0, eventTime=225082, downTime=225082, deviceId=-1, source=0x101 }
04-15 08:36:43.997  2453  2453 W ViewRootImpl: Cancelling event due to no window focus: KeyEvent { action=ACTION_UP, keyCode=KEYCODE_DPAD_RIGHT, scanCode=0, metaState=0, flags=0x80000028, repeatCount=0, eventTime=225082, downTime=225082, deviceId=-1, source=0x101 }
04-15 08:36:43.998  2453  2453 W ViewRootImpl: Cancelling event due to no window focus: KeyEvent { action=ACTION_UP, keyCode=KEYCODE_DPAD_RIGHT, scanCode=0, metaState=0, flags=0x80000028, repeatCount=0, eventTime=225082, downTime=225082, deviceId=-1, source=0x101 }
04-15 08:36:43.999  2453  2453 W ViewRootImpl: Cancelling event due to no window focus: KeyEvent { action=ACTION_UP, keyCode=KEYCODE_DPAD_RIGHT, scanCode=0, metaState=0, flags=0x80000028, repeatCount=0, eventTime=225082, downTime=225082, deviceId=-1, source=0x101 }
04-15 08:36:48.010   710   727 I ActivityManager: START u0 {act=android.intent.action.VIEW dat=youku://userChannel pkg=com.youku.phone cmp=com.youku.phone/com.youku.userchannel.ShowUserChannel (has extras)} from uid 10054 on display 0
04-15 08:36:48.020   710   727 V WindowManager: addAppToken: AppWindowToken{256736e6 token=Token{3dcb7141 ActivityRecord{24ab0028 u0 com.youku.phone/com.youku.userchannel.ShowUserChannel t4}}} to stack=1 task=4 at 2
04-15 08:36:48.524   710   775 W ActivityManager: Activity pause timeout for ActivityRecord{2b7a4d5f u0 com.youku.phone/com.youku.ui.activity.DetailActivity t4}
04-15 08:36:49.065   710  1188 W BackupManagerService: dataChanged but no participant pkg='com.android.providers.settings' uid=10054
04-15 08:36:49.351   710  1201 W ActivityManager: getTasks: caller 10054 does not hold GET_TASKS; limiting output
04-15 08:36:49.785   710  1276 V WindowManager: Adding window Window{23dfdb72 u0 com.youku.phone/com.youku.userchannel.ShowUserChannel} at 6 of 12 (after Window{2c8db75e u0 com.youku.phone/com.youku.ui.activity.DetailActivity})
04-15 08:36:49.799   710   800 W InputMethodManagerService: Starting input on non-focused client com.android.internal.view.IInputMethodClient$Stub$Proxy@9e85b27 (uid=10054 pid=2453)
04-15 08:36:49.939  2453  2453 W ViewRootImpl: Dropping event due to no window focus: KeyEvent { action=ACTION_DOWN, keyCode=KEYCODE_MENU, scanCode=0, metaState=0, flags=0x8, repeatCount=0, eventTime=229698, downTime=229698, deviceId=-1, source=0x101 }
04-15 08:36:49.940  2453  2453 W ViewRootImpl: Cancelling event due to no window focus: KeyEvent { action=ACTION_UP, keyCode=KEYCODE_MENU, scanCode=0, metaState=0, flags=0x28, repeatCount=0, eventTime=231089, downTime=231089, deviceId=-1, source=0x101 }
04-15 08:36:49.941  2453  2453 W ViewRootImpl: Cancelling event due to no window focus: KeyEvent { action=ACTION_UP, keyCode=KEYCODE_MENU, scanCode=0, metaState=0, flags=0x28, repeatCount=0, eventTime=231089, downTime=231089, deviceId=-1, source=0x101 }
04-15 08:36:49.941  2453  2453 W ViewRootImpl: Cancelling event due to no window focus: KeyEvent { action=ACTION_UP, keyCode=KEYCODE_MENU, scanCode=0, metaState=0, flags=0x28, repeatCount=0, eventTime=231089, downTime=231089, deviceId=-1, source=0x101 }
04-15 08:36:49.942  2453  2453 W ViewRootImpl: Cancelling event due to no window focus: KeyEvent { action=ACTION_UP, keyCode=KEYCODE_MENU, scanCode=0, metaState=0, flags=0x28, repeatCount=0, eventTime=231089, downTime=231089, deviceId=-1, source=0x101 }
04-15 08:36:49.943  2453  2453 W ViewRootImpl: Cancelling event due to no window focus: KeyEvent { action=ACTION_UP, keyCode=KEYCODE_MENU, scanCode=0, metaState=0, flags=0x28, repeatCount=0, eventTime=231089, downTime=231089, deviceId=-1, source=0x101 }
04-15 08:36:49.944  2453  2453 W ViewRootImpl: Cancelling event due to no window focus: KeyEvent { action=ACTION_UP, keyCode=KEYCODE_MENU, scanCode=0, metaState=0, flags=0x28, repeatCount=0, eventTime=231089, downTime=231089, deviceId=-1, source=0x101 }
04-15 08:36:52.986   710  1281 I ActivityManager: START u0 {cmp=com.youku.phone/com.youku.ui.activity.DetailActivity (has extras)} from uid 10054 on display 0
04-15 08:36:52.994   710  1281 V WindowManager: addAppToken: AppWindowToken{34b8bbb3 token=Token{2c020522 ActivityRecord{58be2ed u0 com.youku.phone/com.youku.ui.activity.DetailActivity t4}}} to stack=1 task=4 at 3
04-15 08:36:53.196   710  1199 W InputMethodManagerService: Starting input on non-focused client com.android.internal.view.IInputMethodClient$Stub$Proxy@9e85b27 (uid=10054 pid=2453)
04-15 08:36:55.222   710  1245 V WindowManager: Adding window Window{b52cdb8 u0 com.youku.phone/com.youku.ui.activity.DetailActivity} at 7 of 13 (after Window{23dfdb72 u0 com.youku.phone/com.youku.userchannel.ShowUserChannel})
04-15 08:36:55.907   710   726 V WindowManager: Adding window Window{3d59bd0 u0 SurfaceView} at 7 of 14 (before Window{b52cdb8 u0 com.youku.phone/com.youku.ui.activity.DetailActivity})
04-15 08:36:55.955  2453  2453 W ViewRootImpl: Cancelling event due to no window focus: KeyEvent { action=ACTION_UP, keyCode=KEYCODE_DPAD_UP, scanCode=0, metaState=0, flags=0x80000028, repeatCount=0, eventTime=234138, downTime=234138, deviceId=-1, source=0x101 }
04-15 08:36:55.955  2453  2453 W ViewRootImpl: Cancelling event due to no window focus: KeyEvent { action=ACTION_UP, keyCode=KEYCODE_DPAD_UP, scanCode=0, metaState=0, flags=0x80000028, repeatCount=0, eventTime=234138, downTime=234138, deviceId=-1, source=0x101 }
04-15 08:36:55.956  2453  2453 W ViewRootImpl: Cancelling event due to no window focus: KeyEvent { action=ACTION_UP, keyCode=KEYCODE_DPAD_UP, scanCode=0, metaState=0, flags=0x80000028, repeatCount=0, eventTime=234138, downTime=234138, deviceId=-1, source=0x101 }
04-15 08:36:55.969  2453  2453 W ViewRootImpl: Cancelling event due to no window focus: KeyEvent { action=ACTION_UP, keyCode=KEYCODE_DPAD_UP, scanCode=0, metaState=0, flags=0x80000028, repeatCount=0, eventTime=234138, downTime=234138, deviceId=-1, source=0x101 }
04-15 08:36:55.974  2453  2453 W ViewRootImpl: Cancelling event due to no window focus: KeyEvent { action=ACTION_UP, keyCode=KEYCODE_DPAD_UP, scanCode=0, metaState=0, flags=0x80000028, repeatCount=0, eventTime=234138, downTime=234138, deviceId=-1, source=0x101 }
04-15 08:36:55.991  2453  2453 W ViewRootImpl: Cancelling event due to no window focus: KeyEvent { action=ACTION_UP, keyCode=KEYCODE_DPAD_UP, scanCode=0, metaState=0, flags=0x80000028, repeatCount=0, eventTime=234138, downTime=234138, deviceId=-1, source=0x101 }
04-15 08:36:55.995  2453  2453 W ViewRootImpl: Cancelling event due to no window focus: KeyEvent { action=ACTION_UP, keyCode=KEYCODE_DPAD_UP, scanCode=0, metaState=0, flags=0x80000028, repeatCount=0, eventTime=234138, downTime=234138, deviceId=-1, source=0x101 }
04-15 08:36:55.996  2453  2453 W ViewRootImpl: Cancelling event due to no window focus: KeyEvent { action=ACTION_UP, keyCode=KEYCODE_DPAD_UP, scanCode=0, metaState=0, flags=0x80000028, repeatCount=0, eventTime=234138, downTime=234138, deviceId=-1, source=0x101 }
04-15 08:36:55.997  2453  2453 W ViewRootImpl: Cancelling event due to no window focus: KeyEvent { action=ACTION_UP, keyCode=KEYCODE_DPAD_UP, scanCode=0, metaState=0, flags=0x80000028, repeatCount=0, eventTime=234138, downTime=234138, deviceId=-1, source=0x101 }
04-15 08:37:00.486   710  1188 I ActivityManager: START u0 {act=android.intent.action.MAIN cat=[android.intent.category.LAUNCHER] flg=0x10200000 cmp=com.youku.phone/.ActivityWelcome} from uid 0 on display 0
04-15 08:37:04.542   710  1188 W InputMethodManagerService: Window already focused, ignoring focus gain of: com.android.internal.view.IInputMethodClient$Stub$Proxy@2b65ffb attribute=android.view.inputmethod.EditorInfo@30078818, token = android.os.BinderProxy@30f2b81b
04-15 08:37:14.878   710   778 I ActivityManager: Start proc 10696:com.android.systemui:screenshot/u0a13 for service com.android.systemui/.screenshot.TakeScreenshotService
04-15 08:37:15.782   710   710 V ActivityManager: Display changed displayId=0
04-15 08:37:15.794   710   726 I ActivityManager: Config changes=480 {1.0 460mcc1mnc en_US ?layoutDir sw360dp w598dp h335dp 480dpi nrml land finger -keyb/v/h -nav/h s.6}
04-15 08:37:17.772   710   780 W WindowManager: Window freeze timeout expired.
04-15 08:37:17.774   710   780 W WindowManager: Force clearing orientation change: Window{b52cdb8 u0 com.youku.phone/com.youku.ui.activity.DetailActivity}
04-15 08:37:17.774   710   780 W WindowManager: Force clearing orientation change: Window{3d59bd0 u0 SurfaceView}
04-15 08:37:17.774   710   780 W WindowManager: Force clearing orientation change: Window{26d61e5e u0 com.android.systemui.ImageWallpaper}
04-15 08:37:17.799   710   780 I WindowManager: Screen frozen for +2s43ms due to Window{b52cdb8 u0 com.youku.phone/com.youku.ui.activity.DetailActivity}
04-15 08:37:20.765   710  1188 V WindowManager: not Base app: Adding window Window{3110aebf u0 com.youku.phone/com.youku.ui.activity.DetailActivity} at 7 of 13
04-15 08:37:20.839   710  1273 I ActivityManager: START u0 {act=com.youku.action.YoukuWebview cmp=com.youku.phone/com.youku.ui.activity.WebViewActivity (has extras)} from uid 10054 on display 0
04-15 08:37:20.846   710  1273 W ResourcesManager: Asset path '/system/framework/android.test.runner.jar' does not exist or contains no resources.
04-15 08:37:20.856   710  1273 V WindowManager: addAppToken: AppWindowToken{2b66f8ea token=Token{fb0a8d5 ActivityRecord{2012c98c u0 com.youku.phone/com.youku.ui.activity.WebViewActivity t4}}} to stack=1 task=4 at 3
04-15 08:37:21.390   710   710 V ActivityManager: Display changed displayId=0
04-15 08:37:21.398   710  1273 I ActivityManager: Config changes=480 {1.0 460mcc1mnc en_US ?layoutDir sw360dp w360dp h567dp 480dpi nrml port finger -keyb/v/h -nav/h s.7}
04-15 08:37:22.165   710  1273 W ActivityManager: getTasks: caller 10054 does not hold GET_TASKS; limiting output
04-15 08:37:22.338   710  1273 V WindowManager: Adding window Window{2298c5af u0 com.youku.phone/com.youku.ui.activity.WebViewActivity} at 7 of 14 (after Window{b52cdb8 u0 com.youku.phone/com.youku.ui.activity.DetailActivity})
04-15 08:37:23.848   710   780 I WindowManager: Screen frozen for +2s491ms due to Window{2298c5af u0 com.youku.phone/com.youku.ui.activity.WebViewActivity}
04-15 08:37:46.205   710  1276 W ProcessCpuTracker: Skipping unknown process pid 16053
04-15 08:37:56.134   710  1188 W ProcessCpuTracker: Skipping unknown process pid 16229
04-15 08:37:56.172   710  1188 W ProcessCpuTracker: Skipping unknown process pid 16253
04-15 08:38:26.244   710  1282 W ProcessCpuTracker: Skipping unknown process pid 16584
04-15 08:38:30.103   710  1282 W ActivityManager: getTasks: caller 10054 does not hold GET_TASKS; limiting output
04-15 08:38:30.222   710   710 V ActivityManager: Display changed displayId=0
04-15 08:38:30.237   710  1199 I ActivityManager: Config changes=480 {1.0 460mcc1mnc en_US ?layoutDir sw360dp w598dp h335dp 480dpi nrml land finger -keyb/v/h -nav/h s.8}
04-15 08:38:30.589   710   780 I WindowManager: Screen frozen for +386ms due to Window{3687fe7f u0 NavigationBar}
04-15 08:38:31.137  2453  2453 W ViewRootImpl: Dropping event due to no window focus: KeyEvent { action=ACTION_DOWN, keyCode=KEYCODE_DPAD_DOWN, scanCode=0, metaState=0, flags=0x8, repeatCount=0, eventTime=332248, downTime=332248, deviceId=-1, source=0x101 }
04-15 08:38:31.143  2453  2453 W ViewRootImpl: Cancelling event due to no window focus: KeyEvent { action=ACTION_UP, keyCode=KEYCODE_DPAD_DOWN, scanCode=0, metaState=0, flags=0x28, repeatCount=0, eventTime=332251, downTime=332251, deviceId=-1, source=0x101 }
04-15 08:38:31.144  2453  2453 W ViewRootImpl: Cancelling event due to no window focus: KeyEvent { action=ACTION_UP, keyCode=KEYCODE_DPAD_DOWN, scanCode=0, metaState=0, flags=0x28, repeatCount=0, eventTime=332251, downTime=332251, deviceId=-1, source=0x101 }
04-15 08:38:31.145  2453  2453 W ViewRootImpl: Cancelling event due to no window focus: KeyEvent { action=ACTION_UP, keyCode=KEYCODE_DPAD_DOWN, scanCode=0, metaState=0, flags=0x28, repeatCount=0, eventTime=332251, downTime=332251, deviceId=-1, source=0x101 }
04-15 08:38:31.150  2453  2453 W ViewRootImpl: Cancelling event due to no window focus: KeyEvent { action=ACTION_UP, keyCode=KEYCODE_DPAD_DOWN, scanCode=0, metaState=0, flags=0x28, repeatCount=0, eventTime=332251, downTime=332251, deviceId=-1, source=0x101 }
04-15 08:38:31.151  2453  2453 W ViewRootImpl: Cancelling event due to no window focus: KeyEvent { action=ACTION_UP, keyCode=KEYCODE_DPAD_DOWN, scanCode=0, metaState=0, flags=0x28, repeatCount=0, eventTime=332251, downTime=332251, deviceId=-1, source=0x101 }
04-15 08:38:31.152  2453  2453 W ViewRootImpl: Cancelling event due to no window focus: KeyEvent { action=ACTION_UP, keyCode=KEYCODE_DPAD_DOWN, scanCode=0, metaState=0, flags=0x28, repeatCount=0, eventTime=332251, downTime=332251, deviceId=-1, source=0x101 }
04-15 08:38:31.167  2453  2453 W ViewRootImpl: Cancelling event due to no window focus: KeyEvent { action=ACTION_UP, keyCode=KEYCODE_DPAD_DOWN, scanCode=0, metaState=0, flags=0x80000028, repeatCount=0, eventTime=332251, downTime=332251, deviceId=-1, source=0x101 }
04-15 08:38:31.168  2453  2453 W ViewRootImpl: Cancelling event due to no window focus: KeyEvent { action=ACTION_UP, keyCode=KEYCODE_DPAD_DOWN, scanCode=0, metaState=0, flags=0x80000028, repeatCount=0, eventTime=332251, downTime=332251, deviceId=-1, source=0x101 }
04-15 08:38:31.169  2453  2453 W ViewRootImpl: Cancelling event due to no window focus: KeyEvent { action=ACTION_UP, keyCode=KEYCODE_DPAD_DOWN, scanCode=0, metaState=0, flags=0x80000028, repeatCount=0, eventTime=332251, downTime=332251, deviceId=-1, source=0x101 }
