08-10 23:18:32.527  1170  1170 D DCT     : [0]handleMessage msg={ when=-876ms what=270348 obj=android.os.AsyncResult@e30b1f5 target=com.android.internal.telephony.dataconnection.DcTracker }
08-10 23:18:32.527  1170  1170 D DCT     : [0]onRoamingOff
08-10 23:18:32.527  1170  1170 D DCT     : [0]getDataOnRoamingEnabled: phoneSubId=1 isDataRoamingEnabled=true
08-10 23:18:32.527  1170  1170 D DCT     : [0]notifyDataConnection: reason=roamingOff
08-10 23:18:32.529  1170  1170 D DCT     : [0]isDataAllowed getRecordsLoaded=true
08-10 23:18:32.529  1170  1170 D DCT     : [0]isDataAllowed: not allowed due to - Attached= false
08-10 23:18:32.530  1170  1170 D DCT     : [ApnContext:default] getApnSetting: apnSetting=null
08-10 23:18:32.530  1170  1170 D PhoneFactory: getPhone:- phoneId != DEFAULT_PHONE_ID return sProxyPhones[phoneId] phoneId=0 phone=Handler (com.android.internal.telephony.PhoneProxy) {1ea732b1}
08-10 23:18:32.534  1170  1170 D DCT     : [0]isDataAllowed getRecordsLoaded=true
08-10 23:18:32.535  1170  1170 D DCT     : [0]isDataAllowed: not allowed due to - Attached= false
08-10 23:18:32.535  1170  1170 D DCT     : [ApnContext:mms] getApnSetting: apnSetting=null
08-10 23:18:32.536  1170  1170 D PhoneFactory: getPhone:- phoneId != DEFAULT_PHONE_ID return sProxyPhones[phoneId] phoneId=0 phone=Handler (com.android.internal.telephony.PhoneProxy) {1ea732b1}
08-10 23:18:32.539  1170  1170 D DCT     : [0]isDataAllowed getRecordsLoaded=true
08-10 23:18:32.540  1170  1170 D DCT     : [0]isDataAllowed: not allowed due to - Attached= false
08-10 23:18:32.540  1170  1170 D DCT     : [ApnContext:cbs] getApnSetting: apnSetting=null
08-10 23:18:32.541  1170  1170 D PhoneFactory: getPhone:- phoneId != DEFAULT_PHONE_ID return sProxyPhones[phoneId] phoneId=0 phone=Handler (com.android.internal.telephony.PhoneProxy) {1ea732b1}
08-10 23:18:32.545  1170  1170 D DCT     : [0]isDataAllowed getRecordsLoaded=true
08-10 23:18:32.545  1170  1170 D DCT     : [0]isDataAllowed: not allowed due to - Attached= false
08-10 23:18:32.546  1170  1170 D DCT     : [ApnContext:fota] getApnSetting: apnSetting=null
08-10 23:18:32.546  1170  1170 D PhoneFactory: getPhone:- phoneId != DEFAULT_PHONE_ID return sProxyPhones[phoneId] phoneId=0 phone=Handler (com.android.internal.telephony.PhoneProxy) {1ea732b1}
08-10 23:18:32.550  1170  1170 D DCT     : [0]isDataAllowed getRecordsLoaded=true
08-10 23:18:32.551  1170  1170 D DCT     : [0]isDataAllowed: not allowed due to - Attached= false
08-10 23:18:32.551  1170  1170 D DCT     : [ApnContext:supl] getApnSetting: apnSetting=null
08-10 23:18:32.552  1170  1170 D PhoneFactory: getPhone:- phoneId != DEFAULT_PHONE_ID return sProxyPhones[phoneId] phoneId=0 phone=Handler (com.android.internal.telephony.PhoneProxy) {1ea732b1}
08-10 23:18:32.556  1170  1170 D DCT     : [0]isDataAllowed getRecordsLoaded=true
08-10 23:18:32.556  1170  1170 D DCT     : [0]isDataAllowed: not allowed due to - Attached= false
08-10 23:18:32.556  1170  1170 D DCT     : [ApnContext:ia] getApnSetting: apnSetting=null
08-10 23:18:32.557  1170  1170 D PhoneFactory: getPhone:- phoneId != DEFAULT_PHONE_ID return sProxyPhones[phoneId] phoneId=0 phone=Handler (com.android.internal.telephony.PhoneProxy) {1ea732b1}
08-10 23:18:32.562  1170  1170 D DCT     : [0]isDataAllowed getRecordsLoaded=true
08-10 23:18:32.563  1170  1170 D DCT     : [0]isDataAllowed: not allowed due to - Attached= false
08-10 23:18:32.563  1170  1170 D DCT     : [ApnContext:dun] getApnSetting: apnSetting=null
08-10 23:18:32.563  1170  1170 D PhoneFactory: getPhone:- phoneId != DEFAULT_PHONE_ID return sProxyPhones[phoneId] phoneId=0 phone=Handler (com.android.internal.telephony.PhoneProxy) {1ea732b1}
08-10 23:18:32.567  1170  1170 D DCT     : [0]isDataAllowed getRecordsLoaded=true
08-10 23:18:32.567  1170  1170 D DCT     : [0]isDataAllowed: not allowed due to - Attached= false
08-10 23:18:32.568  1170  1170 D DCT     : [ApnContext:hipri] getApnSetting: apnSetting=null
08-10 23:18:32.568  1170  1170 D PhoneFactory: getPhone:- phoneId != DEFAULT_PHONE_ID return sProxyPhones[phoneId] phoneId=0 phone=Handler (com.android.internal.telephony.PhoneProxy) {1ea732b1}
08-10 23:18:32.572  1170  1170 D DCT     : [0]isDataAllowed getRecordsLoaded=true
08-10 23:18:32.573  1170  1170 D DCT     : [0]isDataAllowed: not allowed due to - Attached= false
08-10 23:18:32.573  1170  1170 D DCT     : [ApnContext:ims] getApnSetting: apnSetting=null
08-10 23:18:32.574  1170  1170 D PhoneFactory: getPhone:- phoneId != DEFAULT_PHONE_ID return sProxyPhones[phoneId] phoneId=0 phone=Handler (com.android.internal.telephony.PhoneProxy) {1ea732b1}
08-10 23:18:32.579  1170  1170 D DCT     : [0]handleMessage msg={ when=-925ms what=270377 obj=android.os.AsyncResult@39729b8a target=com.android.internal.telephony.dataconnection.DcTracker }
08-10 23:18:32.579  1170  1170 D DCT     : [0]setupDataOnConnectableApns: nwTypeChanged
08-10 23:18:32.582  1170  1170 D DCT     : [0]setupDataOnConnectableApns: apnContext {mApnType=hipri mState=IDLE mWaitingApns={null} mWaitingApnsPermanentFailureCountDown=0 mApnSetting={null} mReason=radioTurnedOff mDataEnabled=false mDependencyMet=true}
08-10 23:18:32.582  1170  1170 D DCT     : [0]setupDataOnConnectableApns: apnContext {mApnType=mms mState=IDLE mWaitingApns={null} mWaitingApnsPermanentFailureCountDown=0 mApnSetting={null} mReason=radioTurnedOff mDataEnabled=false mDependencyMet=true}
08-10 23:18:32.583  1170  1170 D DCT     : [0]setupDataOnConnectableApns: apnContext {mApnType=supl mState=IDLE mWaitingApns={null} mWaitingApnsPermanentFailureCountDown=0 mApnSetting={null} mReason=radioTurnedOff mDataEnabled=false mDependencyMet=true}
08-10 23:18:32.583  1170  1170 D DCT     : [0]setupDataOnConnectableApns: apnContext {mApnType=cbs mState=IDLE mWaitingApns={null} mWaitingApnsPermanentFailureCountDown=0 mApnSetting={null} mReason=radioTurnedOff mDataEnabled=false mDependencyMet=true}
08-10 23:18:32.585  1170  1170 D DCT     : [0]setupDataOnConnectableApns: apnContext {mApnType=dun mState=IDLE mWaitingApns={null} mWaitingApnsPermanentFailureCountDown=0 mApnSetting={null} mReason=radioTurnedOff mDataEnabled=false mDependencyMet=true}
08-10 23:18:32.586  1170  1170 D DCT     : [0]setupDataOnConnectableApns: apnContext {mApnType=fota mState=IDLE mWaitingApns={null} mWaitingApnsPermanentFailureCountDown=0 mApnSetting={null} mReason=radioTurnedOff mDataEnabled=false mDependencyMet=true}
08-10 23:18:32.586  1170  1170 D DCT     : [0]setupDataOnConnectableApns: apnContext {mApnType=ims mState=IDLE mWaitingApns={null} mWaitingApnsPermanentFailureCountDown=0 mApnSetting={null} mReason=radioTurnedOff mDataEnabled=false mDependencyMet=true}
08-10 23:18:32.587  1170  1170 D DCT     : [0]setupDataOnConnectableApns: apnContext {mApnType=default mState=IDLE mWaitingApns={null} mWaitingApnsPermanentFailureCountDown=0 mApnSetting={null} mReason=radioTurnedOff mDataEnabled=false mDependencyMet=true}
08-10 23:18:32.587  1170  1170 D DCT     : [0]setupDataOnConnectableApns: apnContext {mApnType=ia mState=IDLE mWaitingApns={null} mWaitingApnsPermanentFailureCountDown=0 mApnSetting={null} mReason=radioTurnedOff mDataEnabled=false mDependencyMet=true}
08-10 23:18:32.588  1170  1170 D DCT     : [0]handleMessage msg={ when=-935ms what=270377 obj=android.os.AsyncResult@37ec75fb target=com.android.internal.telephony.dataconnection.DcTracker }
08-10 23:18:32.588  1170  1170 D DCT     : [0]setupDataOnConnectableApns: nwTypeChanged
08-10 23:18:32.589  1170  1170 D DCT     : [0]setupDataOnConnectableApns: apnContext {mApnType=hipri mState=IDLE mWaitingApns={null} mWaitingApnsPermanentFailureCountDown=0 mApnSetting={null} mReason=radioTurnedOff mDataEnabled=false mDependencyMet=true}
08-10 23:18:32.590  1170  1170 D DCT     : [0]setupDataOnConnectableApns: apnContext {mApnType=mms mState=IDLE mWaitingApns={null} mWaitingApnsPermanentFailureCountDown=0 mApnSetting={null} mReason=radioTurnedOff mDataEnabled=false mDependencyMet=true}
08-10 23:18:32.594  1170  1170 D DCT     : [0]setupDataOnConnectableApns: apnContext {mApnType=supl mState=IDLE mWaitingApns={null} mWaitingApnsPermanentFailureCountDown=0 mApnSetting={null} mReason=radioTurnedOff mDataEnabled=false mDependencyMet=true}
08-10 23:18:32.595  1170  1170 D DCT     : [0]setupDataOnConnectableApns: apnContext {mApnType=cbs mState=IDLE mWaitingApns={null} mWaitingApnsPermanentFailureCountDown=0 mApnSetting={null} mReason=radioTurnedOff mDataEnabled=false mDependencyMet=true}
08-10 23:18:32.595  1170  1170 D DCT     : [0]setupDataOnConnectableApns: apnContext {mApnType=dun mState=IDLE mWaitingApns={null} mWaitingApnsPermanentFailureCountDown=0 mApnSetting={null} mReason=radioTurnedOff mDataEnabled=false mDependencyMet=true}
08-10 23:18:32.596  1170  1170 D DCT     : [0]setupDataOnConnectableApns: apnContext {mApnType=fota mState=IDLE mWaitingApns={null} mWaitingApnsPermanentFailureCountDown=0 mApnSetting={null} mReason=radioTurnedOff mDataEnabled=false mDependencyMet=true}
08-10 23:18:32.597  1170  1170 D DCT     : [0]setupDataOnConnectableApns: apnContext {mApnType=ims mState=IDLE mWaitingApns={null} mWaitingApnsPermanentFailureCountDown=0 mApnSetting={null} mReason=radioTurnedOff mDataEnabled=false mDependencyMet=true}
08-10 23:18:32.598  1170  1170 D DCT     : [0]setupDataOnConnectableApns: apnContext {mApnType=default mState=IDLE mWaitingApns={null} mWaitingApnsPermanentFailureCountDown=0 mApnSetting={null} mReason=radioTurnedOff mDataEnabled=false mDependencyMet=true}
08-10 23:18:32.599  1170  1170 D DCT     : [0]setupDataOnConnectableApns: apnContext {mApnType=ia mState=IDLE mWaitingApns={null} mWaitingApnsPermanentFailureCountDown=0 mApnSetting={null} mReason=radioTurnedOff mDataEnabled=false mDependencyMet=true}
08-10 23:18:32.600  1170  1170 D DCT     : [0]handleMessage msg={ when=-946ms what=270377 obj=android.os.AsyncResult@16c2e618 target=com.android.internal.telephony.dataconnection.DcTracker }
08-10 23:18:32.600  1170  1170 D DCT     : [0]setupDataOnConnectableApns: nwTypeChanged
08-10 23:18:32.601  1170  1170 D DCT     : [0]setupDataOnConnectableApns: apnContext {mApnType=hipri mState=IDLE mWaitingApns={null} mWaitingApnsPermanentFailureCountDown=0 mApnSetting={null} mReason=radioTurnedOff mDataEnabled=false mDependencyMet=true}
08-10 23:18:32.602  1170  1170 D DCT     : [0]setupDataOnConnectableApns: apnContext {mApnType=mms mState=IDLE mWaitingApns={null} mWaitingApnsPermanentFailureCountDown=0 mApnSetting={null} mReason=radioTurnedOff mDataEnabled=false mDependencyMet=true}
08-10 23:18:32.602  1170  1170 D DCT     : [0]setupDataOnConnectableApns: apnContext {mApnType=supl mState=IDLE mWaitingApns={null} mWaitingApnsPermanentFailureCountDown=0 mApnSetting={null} mReason=radioTurnedOff mDataEnabled=false mDependencyMet=true}
08-10 23:18:32.603  1170  1170 D DCT     : [0]setupDataOnConnectableApns: apnContext {mApnType=cbs mState=IDLE mWaitingApns={null} mWaitingApnsPermanentFailureCountDown=0 mApnSetting={null} mReason=radioTurnedOff mDataEnabled=false mDependencyMet=true}
08-10 23:18:32.604  1170  1170 D DCT     : [0]setupDataOnConnectableApns: apnContext {mApnType=dun mState=IDLE mWaitingApns={null} mWaitingApnsPermanentFailureCountDown=0 mApnSetting={null} mReason=radioTurnedOff mDataEnabled=false mDependencyMet=true}
08-10 23:18:32.605  1170  1170 D DCT     : [0]setupDataOnConnectableApns: apnContext {mApnType=fota mState=IDLE mWaitingApns={null} mWaitingApnsPermanentFailureCountDown=0 mApnSetting={null} mReason=radioTurnedOff mDataEnabled=false mDependencyMet=true}
08-10 23:18:32.606  1170  1170 D DCT     : [0]setupDataOnConnectableApns: apnContext {mApnType=ims mState=IDLE mWaitingApns={null} mWaitingApnsPermanentFailureCountDown=0 mApnSetting={null} mReason=radioTurnedOff mDataEnabled=false mDependencyMet=true}
08-10 23:18:32.607  1170  1170 D DCT     : [0]setupDataOnConnectableApns: apnContext {mApnType=default mState=IDLE mWaitingApns={null} mWaitingApnsPermanentFailureCountDown=0 mApnSetting={null} mReason=radioTurnedOff mDataEnabled=false mDependencyMet=true}
08-10 23:18:32.608  1170  1170 D DCT     : [0]setupDataOnConnectableApns: apnContext {mApnType=ia mState=IDLE mWaitingApns={null} mWaitingApnsPermanentFailureCountDown=0 mApnSetting={null} mReason=radioTurnedOff mDataEnabled=false mDependencyMet=true}
08-10 23:18:32.608  1170  1170 D DCT     : [0]SubscriptionListener.onSubscriptionInfoChanged
08-10 23:18:32.611  1170  1170 D DctController: onSubInfoReady mPhoneNum=1
08-10 23:18:32.612  1170  1170 D DctController: onSubInfoReady handle pending requests subId=1
08-10 23:18:32.612  1170  1170 D DctController: [TNF 1]evalPendingRequest, pending request size is 1
08-10 23:18:32.614  1170  1170 D DctController: [TNF 1]evalPendingRequest: request = NetworkRequest [ id=1, legacyType=-1, [ Capabilities: INTERNET&NOT_RESTRICTED&TRUSTED&NOT_VPN] ]
08-10 23:18:32.615  1170  1170 D DctController: [TNF 1]Cellular needs Network for NetworkRequest [ id=1, legacyType=-1, [ Capabilities: INTERNET&NOT_RESTRICTED&TRUSTED&NOT_VPN] ]
08-10 23:18:32.617  1170  1170 D DctController: requestNetwork request=NetworkRequest [ id=1, legacyType=-1, [ Capabilities: INTERNET&NOT_RESTRICTED&TRUSTED&NOT_VPN] ], priority=0
08-10 23:18:32.618  1170  1170 D DctController: processRequests
08-10 23:18:32.618  1170  1170 D DctController: processRequests
08-10 23:18:32.618  1170  1170 D GsmSST  : [GsmSST] SubscriptionListener.onSubscriptionInfoChanged
08-10 23:18:32.619  1170  1170 D PhoneFactory: calculatePreferredNetworkType: phoneSubId = 1 networkType = 10
08-10 23:18:32.619  1170  1170 D RILJ    : [3733]> REQUEST_SET_PREFERRED_NETWORK_TYPE : 10 [SUB0]
08-10 23:18:32.624  1170  1170 D TelephonyManager: setTelephonyProperty: success phoneId=0 property=gsm.network.type value: Unknown propVal=Unknown
08-10 23:18:32.625   190  1476 D RILC    : RequestComplete, RIL_SOCKET_1
08-10 23:18:32.625   190  1476 E RILC    : Send Response to RIL_SOCKET_1
08-10 23:18:32.627  1170  1289 D RILJ    : [3733]< REQUEST_SET_PREFERRED_NETWORK_TYPE  [SUB0]
08-10 23:18:32.628  1170  1170 D SubscriptionController: [setCarrierText]+ text:No service. subId:1
08-10 23:18:32.665  1170  1170 D SubscriptionController: notifySubscriptionInfoChanged:
08-10 23:18:32.669   710   710 D TelephonyManager: getSimOperatorNumeric(): default subId=1
08-10 23:18:32.671   710   710 D TelephonyManager: getTelephonyProperty: return propVal='46001' phoneId=0 property='gsm.sim.operator.numeric' defaultVal='' prop=46001
08-10 23:18:32.679  1170  1170 E PhoneBase: Error! unregisterForCallWaiting() in PhoneBase should not be called, CDMAPhone inactive.
08-10 23:18:32.683  1170  1170 D PhoneFactory: getPhone:- phoneId != DEFAULT_PHONE_ID return sProxyPhones[phoneId] phoneId=0 phone=Handler (com.android.internal.telephony.PhoneProxy) {1ea732b1}
08-10 23:18:32.688  1170  1170 D TelephonyManager: getTelephonyProperty: return propVal='null' phoneId=0 property='gsm.operator.alpha' defaultVal='' prop=
08-10 23:18:32.779  1170  1170 E PhoneBase: Error! registerForCallWaiting() in PhoneBase should not be called, CDMAPhone inactive.
08-10 23:18:32.869  1170  1170 D SubscriptionController: [getActiveSubInfoList]+
08-10 23:18:32.871  1170  1170 D SubscriptionController: selection:sim_id>=0 null
08-10 23:18:32.887  1170  1170 D TelephonyManager: getTelephonyProperty: return propVal='cn' phoneId=0 property='gsm.sim.operator.iso-country' defaultVal='' prop=cn
08-10 23:18:32.888  1170  1170 D SubscriptionController: [getSubInfoRecord] id:1 iccid:89860115921101579076 simSlotIndex:0 displayName:CARD 1 nameSource:0 iconTint:-16746133 dataRoaming:0 mcc:460 mnc:1 countIso:cn
08-10 23:18:32.889  1170  1170 D PhoneFactory: getPhone:- phoneId != DEFAULT_PHONE_ID return sProxyPhones[phoneId] phoneId=0 phone=Handler (com.android.internal.telephony.PhoneProxy) {1ea732b1}
08-10 23:18:32.892  1170  1170 D SubscriptionController: [getActiveSubInfoList]- 1 infos return
08-10 23:18:32.902  1170  1170 D GsmSST  : [GsmSST] SubscriptionListener.onSubscriptionInfoChanged
08-10 23:18:32.902  1170  1170 D DCT     : [0]SubscriptionListener.onSubscriptionInfoChanged
08-10 23:18:32.906  1170  1170 D DctController: onSubInfoReady mPhoneNum=1
08-10 23:18:32.906  1170  1170 D DctController: onSubInfoReady handle pending requests subId=1
08-10 23:18:32.906  1170  1170 D DctController: [TNF 1]evalPendingRequest, pending request size is 0
08-10 23:18:32.906  1170  1170 D DctController: processRequests
08-10 23:18:32.907  1170  1170 D SubscriptionController: [getActiveSubInfoList]+
08-10 23:18:32.909  1170  1170 D SubscriptionController: selection:sim_id>=0 null
08-10 23:18:32.924  1170  1170 D TelephonyManager: getTelephonyProperty: return propVal='cn' phoneId=0 property='gsm.sim.operator.iso-country' defaultVal='' prop=cn
08-10 23:18:32.924  1170  1170 D SubscriptionController: [getSubInfoRecord] id:1 iccid:89860115921101579076 simSlotIndex:0 displayName:CARD 1 nameSource:0 iconTint:-16746133 dataRoaming:0 mcc:460 mnc:1 countIso:cn
08-10 23:18:32.926  1170  1170 D PhoneFactory: getPhone:- phoneId != DEFAULT_PHONE_ID return sProxyPhones[phoneId] phoneId=0 phone=Handler (com.android.internal.telephony.PhoneProxy) {1ea732b1}
08-10 23:18:32.929  1170  1170 D SubscriptionController: [getActiveSubInfoList]- 1 infos return
08-10 23:18:32.936  1170  1170 E PhoneBase: Error! unregisterForCallWaiting() in PhoneBase should not be called, CDMAPhone inactive.
08-10 23:18:32.940  1170  1170 D PhoneFactory: getPhone:- phoneId != DEFAULT_PHONE_ID return sProxyPhones[phoneId] phoneId=0 phone=Handler (com.android.internal.telephony.PhoneProxy) {1ea732b1}
08-10 23:18:32.944  1170  1170 D TelephonyManager: getTelephonyProperty: return propVal='null' phoneId=0 property='gsm.operator.alpha' defaultVal='' prop=
08-10 23:18:33.020  1170  1170 E PhoneBase: Error! registerForCallWaiting() in PhoneBase should not be called, CDMAPhone inactive.
08-10 23:18:33.028  1170  1170 D SubscriptionInfoUpdater: [Receiver]+
08-10 23:18:33.028  1170  1170 D SubscriptionInfoUpdater: Action: android.intent.action.SIM_STATE_CHANGED
08-10 23:18:33.028  1170  1170 D SubscriptionInfoUpdater: slotId: 0
08-10 23:18:33.029  1170  1170 D SubscriptionInfoUpdater: simStatus: LOADED
08-10 23:18:33.029  1170  1170 D SubscriptionInfoUpdater: Ignoring simStatus: LOADED
08-10 23:18:33.029  1170  1170 D SubscriptionInfoUpdater: [Receiver]-
08-10 23:18:33.031  1170  1170 D PHONE   : [ServiceState] setDataRegState=1
08-10 23:18:33.031  1170  1170 D PHONE   : [ServiceState] setDataRadioTechnology=0
08-10 23:18:33.031  1170  1170 D GsmSST  : [GsmSST] handlPollStateResultMessage: GsmSST setDataRegState=1 regState=3 dataRadioTechnology=0
08-10 23:18:33.032  1170  1170 D PHONE   : [ServiceState] setVoiceRegState=1
08-10 23:18:33.032  1170  1170 E PHONE   : [ServiceState] setState deprecated use setVoiceRegState()
08-10 23:18:33.034  1170  1170 D GsmSST  : [GsmSST] Poll ServiceState done:  oldSS=[1 1 voice home data home null null null null null null  Unknown Unknown CSS not supported -1 -1 RoamInd=-1 DefRoamInd=-1 EmergOnly=false] newSS=[1 1 voice home data home null null null null null null  Unknown Unknown CSS not supported -1 -1 RoamInd=-1 DefRoamInd=-1 EmergOnly=false] oldMaxDataCalls=20 mNewMaxDataCalls=20 oldReasonDataDenied=-1 mNewReasonDataDenied=15
08-10 23:18:33.035  1170  1170 D PHONE   : [ServiceState] setNullState=1
08-10 23:18:33.036  1170  1170 D PhoneFactory: getPhone:- phoneId != DEFAULT_PHONE_ID return sProxyPhones[phoneId] phoneId=0 phone=Handler (com.android.internal.telephony.PhoneProxy) {1ea732b1}
08-10 23:18:33.037  1170  1170 D DCT     : [0]getDataOnRoamingEnabled: phoneSubId=1 isDataRoamingEnabled=true
08-10 23:18:33.038  1170  1170 D PhoneFactory: getPhone:- phoneId != DEFAULT_PHONE_ID return sProxyPhones[phoneId] phoneId=0 phone=Handler (com.android.internal.telephony.PhoneProxy) {1ea732b1}
08-10 23:18:33.039  1170  1170 D DCT     : [0]getDataOnRoamingEnabled: phoneSubId=1 isDataRoamingEnabled=true
08-10 23:18:33.041  1170  1170 D PhoneFactory: getPhone:- phoneId != DEFAULT_PHONE_ID return sProxyPhones[phoneId] phoneId=0 phone=Handler (com.android.internal.telephony.PhoneProxy) {1ea732b1}
08-10 23:18:33.041  1170  1170 D DCT     : [0]getDataOnRoamingEnabled: phoneSubId=1 isDataRoamingEnabled=true
08-10 23:18:33.043  1170  1170 D PhoneFactory: getPhone:- phoneId != DEFAULT_PHONE_ID return sProxyPhones[phoneId] phoneId=0 phone=Handler (com.android.internal.telephony.PhoneProxy) {1ea732b1}
08-10 23:18:33.044  1170  1170 D DCT     : [0]getDataOnRoamingEnabled: phoneSubId=1 isDataRoamingEnabled=true
08-10 23:18:33.045  1170  1170 D PhoneFactory: getPhone:- phoneId != DEFAULT_PHONE_ID return sProxyPhones[phoneId] phoneId=0 phone=Handler (com.android.internal.telephony.PhoneProxy) {1ea732b1}
08-10 23:18:33.046  1170  1170 D DCT     : [0]getDataOnRoamingEnabled: phoneSubId=1 isDataRoamingEnabled=true
08-10 23:18:33.047  1170  1170 D PhoneFactory: getPhone:- phoneId != DEFAULT_PHONE_ID return sProxyPhones[phoneId] phoneId=0 phone=Handler (com.android.internal.telephony.PhoneProxy) {1ea732b1}
08-10 23:18:33.048  1170  1170 D DCT     : [0]getDataOnRoamingEnabled: phoneSubId=1 isDataRoamingEnabled=true
08-10 23:18:33.049  1170  1170 D PhoneFactory: getPhone:- phoneId != DEFAULT_PHONE_ID return sProxyPhones[phoneId] phoneId=0 phone=Handler (com.android.internal.telephony.PhoneProxy) {1ea732b1}
08-10 23:18:33.050  1170  1170 D DCT     : [0]getDataOnRoamingEnabled: phoneSubId=1 isDataRoamingEnabled=true
08-10 23:18:33.052  1170  1170 D PhoneFactory: getPhone:- phoneId != DEFAULT_PHONE_ID return sProxyPhones[phoneId] phoneId=0 phone=Handler (com.android.internal.telephony.PhoneProxy) {1ea732b1}
08-10 23:18:33.053  1170  1170 D DCT     : [0]getDataOnRoamingEnabled: phoneSubId=1 isDataRoamingEnabled=true
08-10 23:18:33.054  1170  1170 D PhoneFactory: getPhone:- phoneId != DEFAULT_PHONE_ID return sProxyPhones[phoneId] phoneId=0 phone=Handler (com.android.internal.telephony.PhoneProxy) {1ea732b1}
08-10 23:18:33.055  1170  1170 D DCT     : [0]getDataOnRoamingEnabled: phoneSubId=1 isDataRoamingEnabled=true
08-10 23:18:33.057  1170  1170 D PhoneFactory: getPhone:- phoneId != DEFAULT_PHONE_ID return sProxyPhones[phoneId] phoneId=0 phone=Handler (com.android.internal.telephony.PhoneProxy) {1ea732b1}
08-10 23:18:33.057  1170  1170 D DCT     : [0]getDataOnRoamingEnabled: phoneSubId=1 isDataRoamingEnabled=true
08-10 23:18:33.059  1170  1170 D PhoneFactory: getPhone:- phoneId != DEFAULT_PHONE_ID return sProxyPhones[phoneId] phoneId=0 phone=Handler (com.android.internal.telephony.PhoneProxy) {1ea732b1}
08-10 23:18:33.060  1170  1170 D DCT     : [0]getDataOnRoamingEnabled: phoneSubId=1 isDataRoamingEnabled=true
08-10 23:18:33.061  1170  1170 D PhoneFactory: getPhone:- phoneId != DEFAULT_PHONE_ID return sProxyPhones[phoneId] phoneId=0 phone=Handler (com.android.internal.telephony.PhoneProxy) {1ea732b1}
08-10 23:18:33.062  1170  1170 D DCT     : [0]getDataOnRoamingEnabled: phoneSubId=1 isDataRoamingEnabled=true
08-10 23:18:33.063  1170  1170 D PhoneFactory: getPhone:- phoneId != DEFAULT_PHONE_ID return sProxyPhones[phoneId] phoneId=0 phone=Handler (com.android.internal.telephony.PhoneProxy) {1ea732b1}
08-10 23:18:33.064  1170  1170 D DCT     : [0]getDataOnRoamingEnabled: phoneSubId=1 isDataRoamingEnabled=true
08-10 23:18:33.066  1170  1170 D PhoneFactory: getPhone:- phoneId != DEFAULT_PHONE_ID return sProxyPhones[phoneId] phoneId=0 phone=Handler (com.android.internal.telephony.PhoneProxy) {1ea732b1}
08-10 23:18:33.066  1170  1170 D DCT     : [0]getDataOnRoamingEnabled: phoneSubId=1 isDataRoamingEnabled=true
08-10 23:18:33.068  1170  1170 D PhoneFactory: getPhone:- phoneId != DEFAULT_PHONE_ID return sProxyPhones[phoneId] phoneId=0 phone=Handler (com.android.internal.telephony.PhoneProxy) {1ea732b1}
08-10 23:18:33.068  1170  1170 D DCT     : [0]getDataOnRoamingEnabled: phoneSubId=1 isDataRoamingEnabled=true
08-10 23:18:33.070  1170  1170 D PhoneFactory: getPhone:- phoneId != DEFAULT_PHONE_ID return sProxyPhones[phoneId] phoneId=0 phone=Handler (com.android.internal.telephony.PhoneProxy) {1ea732b1}
08-10 23:18:33.071  1170  1170 D DCT     : [0]getDataOnRoamingEnabled: phoneSubId=1 isDataRoamingEnabled=true
08-10 23:18:33.072  1170  1170 D PhoneFactory: getPhone:- phoneId != DEFAULT_PHONE_ID return sProxyPhones[phoneId] phoneId=0 phone=Handler (com.android.internal.telephony.PhoneProxy) {1ea732b1}
08-10 23:18:33.073  1170  1170 D DCT     : [0]getDataOnRoamingEnabled: phoneSubId=1 isDataRoamingEnabled=true
08-10 23:18:33.075  1170  1170 D PhoneFactory: getPhone:- phoneId != DEFAULT_PHONE_ID return sProxyPhones[phoneId] phoneId=0 phone=Handler (com.android.internal.telephony.PhoneProxy) {1ea732b1}
08-10 23:18:33.075  1170  1170 D DCT     : [0]getDataOnRoamingEnabled: phoneSubId=1 isDataRoamingEnabled=true
08-10 23:18:33.077  1170  1170 D PhoneFactory: getPhone:- phoneId != DEFAULT_PHONE_ID return sProxyPhones[phoneId] phoneId=0 phone=Handler (com.android.internal.telephony.PhoneProxy) {1ea732b1}
08-10 23:18:33.077  1170  1170 D DCT     : [0]getDataOnRoamingEnabled: phoneSubId=1 isDataRoamingEnabled=true
08-10 23:18:33.081  1170  1170 D PhoneFactory: getPhone:- phoneId != DEFAULT_PHONE_ID return sProxyPhones[phoneId] phoneId=0 phone=Handler (com.android.internal.telephony.PhoneProxy) {1ea732b1}
08-10 23:18:33.081  1170  1170 D DCT     : [0]getDataOnRoamingEnabled: phoneSubId=1 isDataRoamingEnabled=true
08-10 23:18:33.083  1170  1170 D PhoneFactory: getPhone:- phoneId != DEFAULT_PHONE_ID return sProxyPhones[phoneId] phoneId=0 phone=Handler (com.android.internal.telephony.PhoneProxy) {1ea732b1}
08-10 23:18:33.083  1170  1170 D DCT     : [0]getDataOnRoamingEnabled: phoneSubId=1 isDataRoamingEnabled=true
08-10 23:18:33.086  1170  1170 D PhoneFactory: getPhone:- phoneId != DEFAULT_PHONE_ID return sProxyPhones[phoneId] phoneId=0 phone=Handler (com.android.internal.telephony.PhoneProxy) {1ea732b1}
08-10 23:18:33.086  1170  1170 D DCT     : [0]getDataOnRoamingEnabled: phoneSubId=1 isDataRoamingEnabled=true
08-10 23:18:33.088  1170  1170 D PhoneFactory: getPhone:- phoneId != DEFAULT_PHONE_ID return sProxyPhones[phoneId] phoneId=0 phone=Handler (com.android.internal.telephony.PhoneProxy) {1ea732b1}
08-10 23:18:33.088  1170  1170 D DCT     : [0]getDataOnRoamingEnabled: phoneSubId=1 isDataRoamingEnabled=true
08-10 23:18:33.089  1170  1170 D PhoneFactory: getPhone:- phoneId != DEFAULT_PHONE_ID return sProxyPhones[phoneId] phoneId=0 phone=Handler (com.android.internal.telephony.PhoneProxy) {1ea732b1}
08-10 23:18:33.091  1170  1170 D DCT     : [0]getDataOnRoamingEnabled: phoneSubId=1 isDataRoamingEnabled=true
08-10 23:18:33.091  1170  1170 D RILJ    : [3734]> OPERATOR [SUB0]
08-10 23:18:33.093  1170  1170 D RILJ    : [3735]> DATA_REGISTRATION_STATE [SUB0]
08-10 23:18:33.094   190  1480 D RILC    : RequestComplete, RIL_SOCKET_1
08-10 23:18:33.094   190  1480 E RILC    : Send Response to RIL_SOCKET_1
08-10 23:18:33.094  1170  1170 D RILJ    : [3736]> VOICE_REGISTRATION_STATE [SUB0]
08-10 23:18:33.094  1170  1289 D RILJ    : [3734]< OPERATOR {null, null, null} [SUB0]
08-10 23:18:33.096  1170  1170 D RILJ    : [3737]> QUERY_NETWORK_SELECTION_MODE [SUB0]
08-10 23:18:33.098  1170  1170 D PhoneFactory: getPhone:- phoneId != DEFAULT_PHONE_ID return sProxyPhones[phoneId] phoneId=0 phone=Handler (com.android.internal.telephony.PhoneProxy) {1ea732b1}
08-10 23:18:33.098   190  1481 D RILC    : RequestComplete, RIL_SOCKET_1
08-10 23:18:33.098   190  1481 E RILC    : Send Response to RIL_SOCKET_1
08-10 23:18:33.098  1170  1170 D DCT     : [0]getDataOnRoamingEnabled: phoneSubId=1 isDataRoamingEnabled=true
08-10 23:18:33.099  1170  1170 D PhoneFactory: getPhone:- phoneId != DEFAULT_PHONE_ID return sProxyPhones[phoneId] phoneId=0 phone=Handler (com.android.internal.telephony.PhoneProxy) {1ea732b1}
08-10 23:18:33.099  1170  1289 D RILJ    : [3735]< DATA_REGISTRATION_STATE {3, null, null, null, 15, 20, null, null, null, null, null} [SUB0]
08-10 23:18:33.100  1170  1170 D DCT     : [0]getDataOnRoamingEnabled: phoneSubId=1 isDataRoamingEnabled=true
08-10 23:18:33.101  1170  1170 D PhoneFactory: getPhone:- phoneId != DEFAULT_PHONE_ID return sProxyPhones[phoneId] phoneId=0 phone=Handler (com.android.internal.telephony.PhoneProxy) {1ea732b1}
08-10 23:18:33.101   190  1483 D RILC    : RequestComplete, RIL_SOCKET_1
08-10 23:18:33.101   190  1483 E RILC    : Send Response to RIL_SOCKET_1
08-10 23:18:33.101  1170  1170 D DCT     : [0]getDataOnRoamingEnabled: phoneSubId=1 isDataRoamingEnabled=true
08-10 23:18:33.101  1170  1289 D RILJ    : [3737]< QUERY_NETWORK_SELECTION_MODE {0} [SUB0]
08-10 23:18:33.102   190  1482 I RILQ    : (0/190):RIL[0][cmd-20(488)] qcril_qmi_nas_update_data_rte: completed, new drte 0 with confidence 4
08-10 23:18:33.102  1170  1170 D PhoneFactory: getPhone:- phoneId != DEFAULT_PHONE_ID return sProxyPhones[phoneId] phoneId=0 phone=Handler (com.android.internal.telephony.PhoneProxy) {1ea732b1}
08-10 23:18:33.102  1170  1170 D DCT     : [0]getDataOnRoamingEnabled: phoneSubId=1 isDataRoamingEnabled=true
08-10 23:18:33.103  1170  1170 D PhoneFactory: getPhone:- phoneId != DEFAULT_PHONE_ID return sProxyPhones[phoneId] phoneId=0 phone=Handler (com.android.internal.telephony.PhoneProxy) {1ea732b1}
08-10 23:18:33.104  1170  1170 D DCT     : [0]getDataOnRoamingEnabled: phoneSubId=1 isDataRoamingEnabled=true
08-10 23:18:33.105  1170  1170 D PhoneFactory: getPhone:- phoneId != DEFAULT_PHONE_ID return sProxyPhones[phoneId] phoneId=0 phone=Handler (com.android.internal.telephony.PhoneProxy) {1ea732b1}
08-10 23:18:33.105  1170  1170 D DCT     : [0]getDataOnRoamingEnabled: phoneSubId=1 isDataRoamingEnabled=true
08-10 23:18:33.105   190  1482 D RILC    : RequestComplete, RIL_SOCKET_1
08-10 23:18:33.105   190  1482 E RILC    : Send Response to RIL_SOCKET_1
08-10 23:18:33.106  1170  1170 D PhoneFactory: getPhone:- phoneId != DEFAULT_PHONE_ID return sProxyPhones[phoneId] phoneId=0 phone=Handler (com.android.internal.telephony.PhoneProxy) {1ea732b1}
08-10 23:18:33.106  1170  1170 D DCT     : [0]getDataOnRoamingEnabled: phoneSubId=1 isDataRoamingEnabled=true
08-10 23:18:33.107  1170  1289 D RILJ    : [3736]< VOICE_REGISTRATION_STATE {2, null, null, 0, null, null, null, 0, null, null, null, null, null, 0, null} [SUB0]
08-10 23:18:33.107  1170  1170 D PhoneFactory: getPhone:- phoneId != DEFAULT_PHONE_ID return sProxyPhones[phoneId] phoneId=0 phone=Handler (com.android.internal.telephony.PhoneProxy) {1ea732b1}
08-10 23:18:33.108  1170  1170 D DCT     : [0]getDataOnRoamingEnabled: phoneSubId=1 isDataRoamingEnabled=true
08-10 23:18:33.109  1170  1170 D PhoneFactory: getPhone:- phoneId != DEFAULT_PHONE_ID return sProxyPhones[phoneId] phoneId=0 phone=Handler (com.android.internal.telephony.PhoneProxy) {1ea732b1}
08-10 23:18:33.109  1170  1170 D DCT     : [0]getDataOnRoamingEnabled: phoneSubId=1 isDataRoamingEnabled=true
08-10 23:18:33.110  1170  1170 D PhoneFactory: getPhone:- phoneId != DEFAULT_PHONE_ID return sProxyPhones[phoneId] phoneId=0 phone=Handler (com.android.internal.telephony.PhoneProxy) {1ea732b1}
08-10 23:18:33.111  1170  1170 D DCT     : [0]getDataOnRoamingEnabled: phoneSubId=1 isDataRoamingEnabled=true
08-10 23:18:33.112  1170  1170 D PhoneFactory: getPhone:- phoneId != DEFAULT_PHONE_ID return sProxyPhones[phoneId] phoneId=0 phone=Handler (com.android.internal.telephony.PhoneProxy) {1ea732b1}
08-10 23:18:33.112  1170  1170 D DCT     : [0]getDataOnRoamingEnabled: phoneSubId=1 isDataRoamingEnabled=true
08-10 23:18:33.113  1170  1170 D PhoneFactory: getPhone:- phoneId != DEFAULT_PHONE_ID return sProxyPhones[phoneId] phoneId=0 phone=Handler (com.android.internal.telephony.PhoneProxy) {1ea732b1}
08-10 23:18:33.113  1170  1170 D DCT     : [0]getDataOnRoamingEnabled: phoneSubId=1 isDataRoamingEnabled=true
08-10 23:18:33.114  1170  1170 D PhoneFactory: getPhone:- phoneId != DEFAULT_PHONE_ID return sProxyPhones[phoneId] phoneId=0 phone=Handler (com.android.internal.telephony.PhoneProxy) {1ea732b1}
08-10 23:18:33.115  1170  1170 D DCT     : [0]getDataOnRoamingEnabled: phoneSubId=1 isDataRoamingEnabled=true
08-10 23:18:33.115  1170  1170 D PhoneFactory: getPhone:- phoneId != DEFAULT_PHONE_ID return sProxyPhones[phoneId] phoneId=0 phone=Handler (com.android.internal.telephony.PhoneProxy) {1ea732b1}
08-10 23:18:33.116  1170  1170 D DCT     : [0]getDataOnRoamingEnabled: phoneSubId=1 isDataRoamingEnabled=true
08-10 23:18:33.117  1170  1170 D PhoneFactory: getPhone:- phoneId != DEFAULT_PHONE_ID return sProxyPhones[phoneId] phoneId=0 phone=Handler (com.android.internal.telephony.PhoneProxy) {1ea732b1}
08-10 23:18:33.117  1170  1170 D DCT     : [0]getDataOnRoamingEnabled: phoneSubId=1 isDataRoamingEnabled=true
08-10 23:18:33.118  1170  1170 D PhoneFactory: getPhone:- phoneId != DEFAULT_PHONE_ID return sProxyPhones[phoneId] phoneId=0 phone=Handler (com.android.internal.telephony.PhoneProxy) {1ea732b1}
08-10 23:18:33.119  1170  1170 D DCT     : [0]getDataOnRoamingEnabled: phoneSubId=1 isDataRoamingEnabled=true
08-10 23:18:33.120  1170  1170 D PhoneFactory: getPhone:- phoneId != DEFAULT_PHONE_ID return sProxyPhones[phoneId] phoneId=0 phone=Handler (com.android.internal.telephony.PhoneProxy) {1ea732b1}
08-10 23:18:33.120  1170  1170 D DCT     : [0]getDataOnRoamingEnabled: phoneSubId=1 isDataRoamingEnabled=true
08-10 23:18:33.121  1170  1170 D PhoneFactory: getPhone:- phoneId != DEFAULT_PHONE_ID return sProxyPhones[phoneId] phoneId=0 phone=Handler (com.android.internal.telephony.PhoneProxy) {1ea732b1}
08-10 23:18:33.121  1170  1170 D DCT     : [0]getDataOnRoamingEnabled: phoneSubId=1 isDataRoamingEnabled=true
08-10 23:18:33.122  1170  1170 D PhoneFactory: getPhone:- phoneId != DEFAULT_PHONE_ID return sProxyPhones[phoneId] phoneId=0 phone=Handler (com.android.internal.telephony.PhoneProxy) {1ea732b1}
08-10 23:18:33.123  1170  1170 D DCT     : [0]getDataOnRoamingEnabled: phoneSubId=1 isDataRoamingEnabled=true
08-10 23:18:33.123  1170  1170 D PhoneFactory: getPhone:- phoneId != DEFAULT_PHONE_ID return sProxyPhones[phoneId] phoneId=0 phone=Handler (com.android.internal.telephony.PhoneProxy) {1ea732b1}
08-10 23:18:33.124  1170  1170 D DCT     : [0]getDataOnRoamingEnabled: phoneSubId=1 isDataRoamingEnabled=true
08-10 23:18:33.125  1170  1170 D PhoneFactory: getPhone:- phoneId != DEFAULT_PHONE_ID return sProxyPhones[phoneId] phoneId=0 phone=Handler (com.android.internal.telephony.PhoneProxy) {1ea732b1}
08-10 23:18:33.125  1170  1170 D DCT     : [0]getDataOnRoamingEnabled: phoneSubId=1 isDataRoamingEnabled=true
08-10 23:18:33.126  1170  1170 D PhoneFactory: getPhone:- phoneId != DEFAULT_PHONE_ID return sProxyPhones[phoneId] phoneId=0 phone=Handler (com.android.internal.telephony.PhoneProxy) {1ea732b1}
08-10 23:18:33.127  1170  1170 D DCT     : [0]getDataOnRoamingEnabled: phoneSubId=1 isDataRoamingEnabled=true
08-10 23:18:33.127  1170  1170 D PhoneFactory: getPhone:- phoneId != DEFAULT_PHONE_ID return sProxyPhones[phoneId] phoneId=0 phone=Handler (com.android.internal.telephony.PhoneProxy) {1ea732b1}
08-10 23:18:33.128  1170  1170 D DCT     : [0]getDataOnRoamingEnabled: phoneSubId=1 isDataRoamingEnabled=true
08-10 23:18:33.129  1170  1170 D PhoneFactory: getPhone:- phoneId != DEFAULT_PHONE_ID return sProxyPhones[phoneId] phoneId=0 phone=Handler (com.android.internal.telephony.PhoneProxy) {1ea732b1}
08-10 23:18:33.129  1170  1170 D DCT     : [0]getDataOnRoamingEnabled: phoneSubId=1 isDataRoamingEnabled=true
08-10 23:18:33.130  1170  1170 D PhoneFactory: getPhone:- phoneId != DEFAULT_PHONE_ID return sProxyPhones[phoneId] phoneId=0 phone=Handler (com.android.internal.telephony.PhoneProxy) {1ea732b1}
08-10 23:18:33.131  1170  1170 D DCT     : [0]getDataOnRoamingEnabled: phoneSubId=1 isDataRoamingEnabled=true
08-10 23:18:33.132  1170  1170 D PhoneFactory: getPhone:- phoneId != DEFAULT_PHONE_ID return sProxyPhones[phoneId] phoneId=0 phone=Handler (com.android.internal.telephony.PhoneProxy) {1ea732b1}
08-10 23:18:33.132  1170  1170 D DCT     : [0]getDataOnRoamingEnabled: phoneSubId=1 isDataRoamingEnabled=true
08-10 23:18:33.133  1170  1170 D PhoneFactory: getPhone:- phoneId != DEFAULT_PHONE_ID return sProxyPhones[phoneId] phoneId=0 phone=Handler (com.android.internal.telephony.PhoneProxy) {1ea732b1}
08-10 23:18:33.133  1170  1170 D DCT     : [0]getDataOnRoamingEnabled: phoneSubId=1 isDataRoamingEnabled=true
08-10 23:18:33.134  1170  1170 D PhoneFactory: getPhone:- phoneId != DEFAULT_PHONE_ID return sProxyPhones[phoneId] phoneId=0 phone=Handler (com.android.internal.telephony.PhoneProxy) {1ea732b1}
08-10 23:18:33.135  1170  1170 D DCT     : [0]getDataOnRoamingEnabled: phoneSubId=1 isDataRoamingEnabled=true
08-10 23:18:33.136  1170  1170 D PhoneFactory: getPhone:- phoneId != DEFAULT_PHONE_ID return sProxyPhones[phoneId] phoneId=0 phone=Handler (com.android.internal.telephony.PhoneProxy) {1ea732b1}
08-10 23:18:33.136  1170  1170 D DCT     : [0]getDataOnRoamingEnabled: phoneSubId=1 isDataRoamingEnabled=true
08-10 23:18:33.137  1170  1170 D PhoneFactory: getPhone:- phoneId != DEFAULT_PHONE_ID return sProxyPhones[phoneId] phoneId=0 phone=Handler (com.android.internal.telephony.PhoneProxy) {1ea732b1}
08-10 23:18:33.138  1170  1170 D DCT     : [0]getDataOnRoamingEnabled: phoneSubId=1 isDataRoamingEnabled=true
08-10 23:18:33.138  1170  1170 D DctController: handleMessage msg={ when=-520ms what=100 target=com.android.internal.telephony.dataconnection.DctController }
08-10 23:18:33.139  1170  1170 D DctController: selectExecPhone requestInfo = [ request=NetworkRequest [ id=1, legacyType=-1, [ Capabilities: INTERNET&NOT_RESTRICTED&TRUSTED&NOT_VPN] ], executed=false, priority=0]
08-10 23:18:33.139  1170  1170 D DctController: getTopPriorityRequestPhoneId = 0, priority = 0
08-10 23:18:33.140  1170  1170 D DcSwitchAsyncChannel: [DcSwitchAsyncChannel-0]: rspIsIdle=true
08-10 23:18:33.140  1170  1170 D DctController: onProcessRequest phoneId=0, activePhoneId=-1
08-10 23:18:33.141  1170  1332 D DcSwitchSM: [DcSwitchStateMachine-0] IdleState: REQ_CONNECT
08-10 23:18:33.141  1170  1332 D RILJ    : [3738]> RIL_REQUEST_ALLOW_DATA [SUB0]
08-10 23:18:33.143  1170  1332 D DcSwitchSM: [DcSwitchStateMachine-0] AttachingState: enter
08-10 23:18:33.144  1170  1170 D DcSwitchAsyncChannel: [DcSwitchAsyncChannel-0]: rspConnect=1
08-10 23:18:33.144  1170  1170 D DctController: handleMessage msg={ when=-526ms what=100 target=com.android.internal.telephony.dataconnection.DctController }
08-10 23:18:33.144   190   277 D RILC    : RequestComplete, RIL_SOCKET_1
08-10 23:18:33.144   190   277 E RILC    : Send Response to RIL_SOCKET_1
08-10 23:18:33.145  1170  1170 D DctController: selectExecPhone requestInfo = [ request=NetworkRequest [ id=1, legacyType=-1, [ Capabilities: INTERNET&NOT_RESTRICTED&TRUSTED&NOT_VPN] ], executed=false, priority=0]
08-10 23:18:33.145  1170  1289 D RilRequest: [3738]< RIL_REQUEST_ALLOW_DATA error: com.android.internal.telephony.CommandException: REQUEST_NOT_SUPPORTED ret=
08-10 23:18:33.145  1170  1170 D DctController: getTopPriorityRequestPhoneId = 0, priority = 0
08-10 23:18:33.146  1170  1170 D DcSwitchAsyncChannel: [DcSwitchAsyncChannel-0]: rspIsIdle=false
08-10 23:18:33.146  1170  1170 D DctController: onProcessRequest phoneId=0, activePhoneId=0
08-10 23:18:33.147  1170  1332 D DcSwitchSM: [DcSwitchStateMachine-0] AttachingState: REQ_CONNECT
08-10 23:18:33.147  1170  1332 D RILJ    : [3739]> RIL_REQUEST_ALLOW_DATA [SUB0]
08-10 23:18:33.149  1170  1170 D DcSwitchAsyncChannel: [DcSwitchAsyncChannel-0]: rspConnect=1
08-10 23:18:33.149  1170  1170 D GsmSST  : [GsmSST] SubscriptionListener.onSubscriptionInfoChanged
08-10 23:18:33.149  1170  1170 D DCT     : [0]SubscriptionListener.onSubscriptionInfoChanged
08-10 23:18:33.149   190   277 D RILC    : RequestComplete, RIL_SOCKET_1
08-10 23:18:33.149   190   277 E RILC    : Send Response to RIL_SOCKET_1
08-10 23:18:33.150  1170  1289 D RilRequest: [3739]< RIL_REQUEST_ALLOW_DATA error: com.android.internal.telephony.CommandException: REQUEST_NOT_SUPPORTED ret=
08-10 23:18:33.153  1170  1170 D DctController: onSubInfoReady mPhoneNum=1
08-10 23:18:33.153  1170  1170 D DctController: onSubInfoReady handle pending requests subId=1
08-10 23:18:33.153  1170  1170 D DctController: [TNF 1]evalPendingRequest, pending request size is 0
08-10 23:18:33.153  1170  1170 D DctController: processRequests
08-10 23:18:33.154  1170  1170 E PhoneBase: Error! unregisterForCallWaiting() in PhoneBase should not be called, CDMAPhone inactive.
08-10 23:18:33.157  1170  1170 D PhoneFactory: getPhone:- phoneId != DEFAULT_PHONE_ID return sProxyPhones[phoneId] phoneId=0 phone=Handler (com.android.internal.telephony.PhoneProxy) {1ea732b1}
08-10 23:18:33.160  1170  1170 D TelephonyManager: getTelephonyProperty: return propVal='null' phoneId=0 property='gsm.operator.alpha' defaultVal='' prop=
08-10 23:18:33.239  1170  1170 E PhoneBase: Error! registerForCallWaiting() in PhoneBase should not be called, CDMAPhone inactive.
08-10 23:18:33.244  1170  1170 D SubscriptionController: [getActiveSubInfoList]+
08-10 23:18:33.247  1170  1170 D SubscriptionController: selection:sim_id>=0 null
08-10 23:18:33.264  1170  1170 D TelephonyManager: getTelephonyProperty: return propVal='cn' phoneId=0 property='gsm.sim.operator.iso-country' defaultVal='' prop=cn
08-10 23:18:33.264  1170  1170 D SubscriptionController: [getSubInfoRecord] id:1 iccid:89860115921101579076 simSlotIndex:0 displayName:CARD 1 nameSource:0 iconTint:-16746133 dataRoaming:0 mcc:460 mnc:1 countIso:cn
08-10 23:18:33.266  1170  1170 D PhoneFactory: getPhone:- phoneId != DEFAULT_PHONE_ID return sProxyPhones[phoneId] phoneId=0 phone=Handler (com.android.internal.telephony.PhoneProxy) {1ea732b1}
08-10 23:18:33.270  1170  1170 D SubscriptionController: [getActiveSubInfoList]- 1 infos return
08-10 23:18:33.275  1170  1170 D DctController: handleMessage msg={ when=-369ms what=100 target=com.android.internal.telephony.dataconnection.DctController }
08-10 23:18:33.276  1170  1170 D DctController: selectExecPhone requestInfo = [ request=NetworkRequest [ id=1, legacyType=-1, [ Capabilities: INTERNET&NOT_RESTRICTED&TRUSTED&NOT_VPN] ], executed=false, priority=0]
08-10 23:18:33.277  1170  1170 D DctController: getTopPriorityRequestPhoneId = 0, priority = 0
08-10 23:18:33.277  1170  1170 D DcSwitchAsyncChannel: [DcSwitchAsyncChannel-0]: rspIsIdle=false
08-10 23:18:33.278  1170  1170 D DctController: onProcessRequest phoneId=0, activePhoneId=0
08-10 23:18:33.278  1170  1332 D DcSwitchSM: [DcSwitchStateMachine-0] AttachingState: REQ_CONNECT
08-10 23:18:33.278  1170  1332 D RILJ    : [3740]> RIL_REQUEST_ALLOW_DATA [SUB0]
08-10 23:18:33.280  1170  1170 D DcSwitchAsyncChannel: [DcSwitchAsyncChannel-0]: rspConnect=1
08-10 23:18:33.280  1170  1170 D PHONE   : [ServiceState] setDataRegState=1
08-10 23:18:33.281  1170  1170 D PHONE   : [ServiceState] setDataRadioTechnology=0
08-10 23:18:33.281   190   277 D RILC    : RequestComplete, RIL_SOCKET_1
08-10 23:18:33.281   190   277 E RILC    : Send Response to RIL_SOCKET_1
08-10 23:18:33.281  1170  1170 D GsmSST  : [GsmSST] handlPollStateResultMessage: GsmSST setDataRegState=1 regState=3 dataRadioTechnology=0
08-10 23:18:33.281  1170  1170 D PHONE   : [ServiceState] setVoiceRegState=1
08-10 23:18:33.281  1170  1170 E PHONE   : [ServiceState] setState deprecated use setVoiceRegState()
08-10 23:18:33.282  1170  1289 D RilRequest: [3740]< RIL_REQUEST_ALLOW_DATA error: com.android.internal.telephony.CommandException: REQUEST_NOT_SUPPORTED ret=
08-10 23:18:33.283  1170  1170 D GsmSST  : [GsmSST] Poll ServiceState done:  oldSS=[1 1 voice home data home null null null null null null  Unknown Unknown CSS not supported -1 -1 RoamInd=-1 DefRoamInd=-1 EmergOnly=false] newSS=[1 1 voice home data home null null null null null null  Unknown Unknown CSS not supported -1 -1 RoamInd=-1 DefRoamInd=-1 EmergOnly=false] oldMaxDataCalls=20 mNewMaxDataCalls=20 oldReasonDataDenied=15 mNewReasonDataDenied=15
08-10 23:18:33.283  1170  1170 D PHONE   : [ServiceState] setNullState=1
08-10 23:18:33.283  1170  1170 D DctController: handleMessage msg={ when=-130ms what=100 target=com.android.internal.telephony.dataconnection.DctController }
08-10 23:18:33.284  1170  1170 D DctController: selectExecPhone requestInfo = [ request=NetworkRequest [ id=1, legacyType=-1, [ Capabilities: INTERNET&NOT_RESTRICTED&TRUSTED&NOT_VPN] ], executed=false, priority=0]
08-10 23:18:33.285  1170  1170 D DctController: getTopPriorityRequestPhoneId = 0, priority = 0
08-10 23:18:33.285  1170  1170 D DcSwitchAsyncChannel: [DcSwitchAsyncChannel-0]: rspIsIdle=false
08-10 23:18:33.285  1170  1170 D DctController: onProcessRequest phoneId=0, activePhoneId=0
08-10 23:18:33.286  1170  1332 D DcSwitchSM: [DcSwitchStateMachine-0] AttachingState: REQ_CONNECT
08-10 23:18:33.286  1170  1332 D RILJ    : [3741]> RIL_REQUEST_ALLOW_DATA [SUB0]
08-10 23:18:33.288  1170  1170 D DcSwitchAsyncChannel: [DcSwitchAsyncChannel-0]: rspConnect=1
08-10 23:18:33.288   190   277 D RILC    : RequestComplete, RIL_SOCKET_1
08-10 23:18:33.288   190   277 E RILC    : Send Response to RIL_SOCKET_1
08-10 23:18:33.289  1170  1289 D RilRequest: [3741]< RIL_REQUEST_ALLOW_DATA error: com.android.internal.telephony.CommandException: REQUEST_NOT_SUPPORTED ret=
08-10 23:18:33.475   190   532 I RILQ    : (0/190):RIL[0][qmi_cb] qcril_qmi_nas_update_data_rte: completed, new drte 0 with confidence 4
08-10 23:18:33.476   190   532 I RILC    : RIL_SOCKET_1 UNSOLICITED: UNSOL_RESPONSE_VOICE_NETWORK_STATE_CHANGED length:8
08-10 23:18:33.476   190   532 E RILC    : Send Response to RIL_SOCKET_1
08-10 23:18:33.477  1170  1289 D RILJ    : [UNSL]< UNSOL_RESPONSE_VOICE_NETWORK_STATE_CHANGED [SUB0]
08-10 23:18:33.478  1170  1170 D RILJ    : [3742]> OPERATOR [SUB0]
08-10 23:18:33.481  1170  1170 D RILJ    : [3743]> DATA_REGISTRATION_STATE [SUB0]
08-10 23:18:33.481   190  1485 D RILC    : RequestComplete, RIL_SOCKET_1
08-10 23:18:33.481   190  1485 E RILC    : Send Response to RIL_SOCKET_1
08-10 23:18:33.482  1170  1289 D RILJ    : [3742]< OPERATOR {null, null, null} [SUB0]
08-10 23:18:33.483  1170  1170 D RILJ    : [3744]> VOICE_REGISTRATION_STATE [SUB0]
08-10 23:18:33.484  1170  1170 D RILJ    : [3745]> QUERY_NETWORK_SELECTION_MODE [SUB0]
08-10 23:18:33.485   190  1486 D RILC    : RequestComplete, RIL_SOCKET_1
08-10 23:18:33.485   190  1486 E RILC    : Send Response to RIL_SOCKET_1
08-10 23:18:33.486  1170  1289 D RILJ    : [3743]< DATA_REGISTRATION_STATE {3, null, null, null, 15, 20, null, 148, -1, null, null} [SUB0]
08-10 23:18:33.487  1170  1170 D PHONE   : [ServiceState] setDataRegState=1
08-10 23:18:33.487  1170  1170 D PHONE   : [ServiceState] setDataRadioTechnology=0
08-10 23:18:33.487  1170  1170 D GsmSST  : [GsmSST] handlPollStateResultMessage: GsmSST setDataRegState=1 regState=3 dataRadioTechnology=0
08-10 23:18:33.488   190  1487 I RILQ    : (0/190):RIL[0][cmd-20(488)] qcril_qmi_nas_update_data_rte: completed, new drte 0 with confidence 4
08-10 23:18:33.491   190  1488 D RILC    : RequestComplete, RIL_SOCKET_1
08-10 23:18:33.491   190  1488 E RILC    : Send Response to RIL_SOCKET_1
08-10 23:18:33.491  1170  1289 D RILJ    : [3745]< QUERY_NETWORK_SELECTION_MODE {0} [SUB0]
08-10 23:18:33.492   190  1487 D RILC    : RequestComplete, RIL_SOCKET_1
08-10 23:18:33.492   190  1487 E RILC    : Send Response to RIL_SOCKET_1
08-10 23:18:33.492  1170  1289 D RILJ    : [3744]< VOICE_REGISTRATION_STATE {2, null, null, 0, null, null, null, 0, null, null, null, null, null, 0, null} [SUB0]
08-10 23:18:33.494  1170  1170 D PHONE   : [ServiceState] setVoiceRegState=1
08-10 23:18:33.494  1170  1170 E PHONE   : [ServiceState] setState deprecated use setVoiceRegState()
08-10 23:18:33.498  1170  1170 D GsmSST  : [GsmSST] Poll ServiceState done:  oldSS=[1 1 voice home data home null null null null null null  Unknown Unknown CSS not supported -1 -1 RoamInd=-1 DefRoamInd=-1 EmergOnly=false] newSS=[1 1 voice home data home null null null null null null  Unknown Unknown CSS not supported -1 -1 RoamInd=-1 DefRoamInd=-1 EmergOnly=false] oldMaxDataCalls=20 mNewMaxDataCalls=20 oldReasonDataDenied=15 mNewReasonDataDenied=15
08-10 23:18:33.498  1170  1170 D PHONE   : [ServiceState] setNullState=1
08-10 23:18:34.273  1170  1352 D SubscriptionController: [getActiveSubInfoList]+
08-10 23:18:34.277  1170  1352 D SubscriptionController: selection:sim_id>=0 null
08-10 23:18:34.385  1170  1352 D TelephonyManager: getTelephonyProperty: return propVal='cn' phoneId=0 property='gsm.sim.operator.iso-country' defaultVal='' prop=cn
08-10 23:18:34.386  1170  1352 D SubscriptionController: [getSubInfoRecord] id:1 iccid:89860115921101579076 simSlotIndex:0 displayName:CARD 1 nameSource:0 iconTint:-16746133 dataRoaming:0 mcc:460 mnc:1 countIso:cn
08-10 23:18:34.388  1170  1352 D PhoneFactory: getPhone:- phoneId != DEFAULT_PHONE_ID return sProxyPhones[phoneId] phoneId=0 phone=Handler (com.android.internal.telephony.PhoneProxy) {1ea732b1}
08-10 23:18:34.394  1170  1352 D SubscriptionController: [getActiveSubInfoList]- 1 infos return
08-10 23:18:34.484  1170  1206 D SubscriptionController: [getActiveSubInfoList]+
08-10 23:18:34.489  1170  1206 D SubscriptionController: selection:sim_id>=0 null
08-10 23:18:34.532  1170  1206 D TelephonyManager: getTelephonyProperty: return propVal='cn' phoneId=0 property='gsm.sim.operator.iso-country' defaultVal='' prop=cn
08-10 23:18:34.532  1170  1206 D SubscriptionController: [getSubInfoRecord] id:1 iccid:89860115921101579076 simSlotIndex:0 displayName:CARD 1 nameSource:0 iconTint:-16746133 dataRoaming:0 mcc:460 mnc:1 countIso:cn
08-10 23:18:34.533  1170  1206 D PhoneFactory: getPhone:- phoneId != DEFAULT_PHONE_ID return sProxyPhones[phoneId] phoneId=0 phone=Handler (com.android.internal.telephony.PhoneProxy) {1ea732b1}
08-10 23:18:34.548  1170  1206 D SubscriptionController: [getActiveSubInfoList]- 1 infos return
