04-15 10:29:18.224  1170  1170 D DCT     : [0]onReceive: action=android.net.wifi.STATE_CHANGE
04-15 10:29:18.225  1170  1170 D DCT     : [0]NETWORK_STATE_CHANGED_ACTION: mIsWifiConnected=false
04-15 10:29:18.230  1170  1209 D SubscriptionController: [getActiveSubIdList] simInfoSet=[0=1]
04-15 10:29:18.233  1170  1209 D SubscriptionController: [getActiveSubIdList] X subIdArr.length=1
04-15 10:29:18.275  1170  1353 D SubscriptionController: [getActiveSubIdList] simInfoSet=[0=1]
04-15 10:29:18.278  1170  1353 D SubscriptionController: [getActiveSubIdList] X subIdArr.length=1
04-15 10:29:18.286  1170  1352 D SubscriptionController: [getActiveSubIdList] simInfoSet=[0=1]
04-15 10:29:18.288  1170  1352 D SubscriptionController: [getActiveSubIdList] X subIdArr.length=1
04-15 10:29:18.298  1170  1209 D SubscriptionController: [getActiveSubIdList] simInfoSet=[0=1]
04-15 10:29:18.300  1170  1209 D SubscriptionController: [getActiveSubIdList] X subIdArr.length=1
04-15 10:29:18.358  1170  1170 D DctController: [TNF 1]Cellular needs Network for NetworkRequest [ id=1, legacyType=-1, [ Capabilities: INTERNET&NOT_RESTRICTED&TRUSTED&NOT_VPN] ]
04-15 10:29:18.358  1170  1206 D PhoneFactory: getPhone:- phoneId != DEFAULT_PHONE_ID return sProxyPhones[phoneId] phoneId=0 phone=Handler (com.android.internal.telephony.PhoneProxy) {1ea732b1}
04-15 10:29:18.359  1170  1170 D DctController: requestNetwork request=NetworkRequest [ id=1, legacyType=-1, [ Capabilities: INTERNET&NOT_RESTRICTED&TRUSTED&NOT_VPN] ], priority=0
04-15 10:29:18.359  1170  1206 D DCT     : [0]getDataEnabled: getIntWithSubId retVal=true
04-15 10:29:18.359  1170  1170 D DctController: processRequests
04-15 10:29:18.360  1170  1170 D DctController: handleMessage msg={ when=0 what=100 target=com.android.internal.telephony.dataconnection.DctController }
04-15 10:29:18.360  1170  1170 D DctController: selectExecPhone requestInfo = [ request=NetworkRequest [ id=1, legacyType=-1, [ Capabilities: INTERNET&NOT_RESTRICTED&TRUSTED&NOT_VPN] ], executed=false, priority=0]
04-15 10:29:18.361  1170  1170 D DctController: getTopPriorityRequestPhoneId = 0, priority = 0
04-15 10:29:18.362  1170  1170 D DcSwitchAsyncChannel: [DcSwitchAsyncChannel-0]: rspIsIdle=false
04-15 10:29:18.362  1170  1170 D DctController: onProcessRequest phoneId=0, activePhoneId=0
04-15 10:29:18.362  1170  1332 D DcSwitchSM: [DcSwitchStateMachine-0] AttachingState: REQ_CONNECT
04-15 10:29:18.363  1170  1332 D RILJ    : [3840]> RIL_REQUEST_ALLOW_DATA [SUB0]
04-15 10:29:18.365   190   277 D RILC    : RequestComplete, RIL_SOCKET_1
04-15 10:29:18.365   190   277 E RILC    : Send Response to RIL_SOCKET_1
04-15 10:29:18.365  1170  1289 D RilRequest: [3840]< RIL_REQUEST_ALLOW_DATA error: com.android.internal.telephony.CommandException: REQUEST_NOT_SUPPORTED ret=
04-15 10:29:18.366  1170  1170 D DcSwitchAsyncChannel: [DcSwitchAsyncChannel-0]: rspConnect=1
04-15 10:29:18.383  1170  1353 D SubscriptionController: [getActiveSubIdList] simInfoSet=[0=1]
04-15 10:29:18.386  1170  1353 D SubscriptionController: [getActiveSubIdList] X subIdArr.length=1
04-15 10:29:18.404  1170  1209 D SubscriptionController: [getActiveSubIdList] simInfoSet=[0=1]
04-15 10:29:18.406  1170  1209 D SubscriptionController: [getActiveSubIdList] X subIdArr.length=1
04-15 10:29:18.416  1170  1347 D SubscriptionController: [getActiveSubIdList] simInfoSet=[0=1]
04-15 10:29:18.419  1170  1347 D SubscriptionController: [getActiveSubIdList] X subIdArr.length=1
04-15 10:29:18.507  1170  1209 D PhoneFactory: getPhone:- phoneId != DEFAULT_PHONE_ID return sProxyPhones[phoneId] phoneId=0 phone=Handler (com.android.internal.telephony.PhoneProxy) {1ea732b1}
04-15 10:29:18.507  1170  1209 D DCT     : [0]getDataEnabled: getIntWithSubId retVal=true
04-15 10:29:18.619  1170  1352 D SubscriptionController: [getPhoneId] asked for default subId=1
04-15 10:29:18.625  1170  1347 D PhoneFactory: getPhone:- phoneId != DEFAULT_PHONE_ID return sProxyPhones[phoneId] phoneId=0 phone=Handler (com.android.internal.telephony.PhoneProxy) {1ea732b1}
04-15 10:29:18.628   710   774 D TelephonyManager: getTelephonyProperty: return propVal='null' phoneId=0 property='gsm.operator.iso-country' defaultVal='' prop=
04-15 10:29:18.632   710   774 D TelephonyManager: getTelephonyProperty: return propVal='cn' phoneId=0 property='gsm.sim.operator.iso-country' defaultVal='' prop=cn
04-15 10:29:18.636  1170  1352 D PhoneFactory: getPhone:- phoneId != DEFAULT_PHONE_ID return sProxyPhones[phoneId] phoneId=0 phone=Handler (com.android.internal.telephony.PhoneProxy) {1ea732b1}
04-15 10:29:18.644  1170  1347 D PhoneFactory: getPhone:- phoneId != DEFAULT_PHONE_ID return sProxyPhones[phoneId] phoneId=0 phone=Handler (com.android.internal.telephony.PhoneProxy) {1ea732b1}
04-15 10:29:18.647   710   774 D TelephonyManager: getTelephonyProperty: return propVal='null' phoneId=0 property='gsm.operator.iso-country' defaultVal='' prop=
04-15 10:29:18.653   710   774 D TelephonyManager: getTelephonyProperty: return propVal='cn' phoneId=0 property='gsm.sim.operator.iso-country' defaultVal='' prop=cn
04-15 10:29:18.671 28016 28016 D TelephonyManager: getTelephonyProperty: return propVal='false' phoneId=0 property='gsm.operator.isroaming' defaultVal='null' prop=false
04-15 10:29:18.696  1170  1353 D PhoneFactory: getPhone:- phoneId != DEFAULT_PHONE_ID return sProxyPhones[phoneId] phoneId=0 phone=Handler (com.android.internal.telephony.PhoneProxy) {1ea732b1}
04-15 10:29:18.697  1170  1353 D DCT     : [0]getDataEnabled: getIntWithSubId retVal=true
04-15 10:29:18.739  1170  1206 D PhoneFactory: getPhone:- phoneId != DEFAULT_PHONE_ID return sProxyPhones[phoneId] phoneId=0 phone=Handler (com.android.internal.telephony.PhoneProxy) {1ea732b1}
04-15 10:29:18.739  1170  1206 D DCT     : [0]getDataEnabled: getIntWithSubId retVal=true
04-15 10:29:18.803  1170  1209 D PhoneFactory: getPhone:- phoneId != DEFAULT_PHONE_ID return sProxyPhones[phoneId] phoneId=0 phone=Handler (com.android.internal.telephony.PhoneProxy) {1ea732b1}
04-15 10:29:18.804  1170  1209 D DCT     : [0]getDataEnabled: getIntWithSubId retVal=true
04-15 10:29:28.355  1170  1170 D DCT     : [0]onReceive: action=android.net.wifi.STATE_CHANGE
04-15 10:29:28.356  1170  1170 D DCT     : [0]NETWORK_STATE_CHANGED_ACTION: mIsWifiConnected=false
04-15 10:29:28.383  1170  1170 D DCT     : [0]onReceive: action=android.net.wifi.STATE_CHANGE
04-15 10:29:28.384  1170  1170 D DCT     : [0]NETWORK_STATE_CHANGED_ACTION: mIsWifiConnected=false
04-15 10:29:36.663  1170  1209 D PhoneFactory: getPhone:- phoneId != DEFAULT_PHONE_ID return sProxyPhones[phoneId] phoneId=0 phone=Handler (com.android.internal.telephony.PhoneProxy) {1ea732b1}
04-15 10:30:00.144  1170  1170 D DCT     : [0]onReceive: action=android.net.wifi.STATE_CHANGE
04-15 10:30:00.145  1170  1170 D DCT     : [0]NETWORK_STATE_CHANGED_ACTION: mIsWifiConnected=false
04-15 10:30:00.152  1170  1170 D DCT     : [0]onReceive: action=android.net.wifi.STATE_CHANGE
04-15 10:30:00.152  1170  1170 D DCT     : [0]NETWORK_STATE_CHANGED_ACTION: mIsWifiConnected=false
04-15 10:30:00.254  1170  1170 D DCT     : [0]onReceive: action=android.net.wifi.STATE_CHANGE
04-15 10:30:00.255  1170  1170 D DCT     : [0]NETWORK_STATE_CHANGED_ACTION: mIsWifiConnected=false
04-15 10:30:00.259  1170  1170 D DCT     : [0]onReceive: action=android.net.wifi.STATE_CHANGE
04-15 10:30:00.259  1170  1170 D DCT     : [0]NETWORK_STATE_CHANGED_ACTION: mIsWifiConnected=false
04-15 10:30:00.329  1170  1170 D DCT     : [0]onReceive: action=android.net.wifi.STATE_CHANGE
04-15 10:30:00.329  1170  1170 D DCT     : [0]NETWORK_STATE_CHANGED_ACTION: mIsWifiConnected=false
04-15 10:30:00.558  1170  1170 D DCT     : [0]onReceive: action=android.net.wifi.STATE_CHANGE
04-15 10:30:00.558  1170  1170 D DCT     : [0]NETWORK_STATE_CHANGED_ACTION: mIsWifiConnected=false
04-15 10:30:00.565  1170  1170 D DCT     : [0]onReceive: action=android.net.wifi.STATE_CHANGE
04-15 10:30:00.565  1170  1170 D DCT     : [0]NETWORK_STATE_CHANGED_ACTION: mIsWifiConnected=false
04-15 10:30:01.095  1170  1170 D DCT     : [0]onReceive: action=android.net.wifi.STATE_CHANGE
04-15 10:30:01.095  1170  1170 D DCT     : [0]NETWORK_STATE_CHANGED_ACTION: mIsWifiConnected=false
04-15 10:30:01.138  1170  1170 D DCT     : [0]onReceive: action=android.net.wifi.STATE_CHANGE
04-15 10:30:01.138  1170  1170 D DCT     : [0]NETWORK_STATE_CHANGED_ACTION: mIsWifiConnected=false
04-15 10:30:01.162  1170  1170 D DCT     : [0]onReceive: action=android.net.wifi.STATE_CHANGE
04-15 10:30:01.163  1170  1170 D DCT     : [0]NETWORK_STATE_CHANGED_ACTION: mIsWifiConnected=false
04-15 10:30:01.393  1170  1170 D DCT     : [0]onReceive: action=android.net.wifi.STATE_CHANGE
04-15 10:30:01.394  1170  1170 D DCT     : [0]NETWORK_STATE_CHANGED_ACTION: mIsWifiConnected=false
04-15 10:30:01.398  1170  1170 D DCT     : [0]onReceive: action=android.net.wifi.STATE_CHANGE
04-15 10:30:01.400  1170  1170 D DCT     : [0]NETWORK_STATE_CHANGED_ACTION: mIsWifiConnected=false
04-15 10:30:01.508  1170  1170 D DCT     : [0]onReceive: action=android.net.wifi.STATE_CHANGE
04-15 10:30:01.508  1170  1170 D DCT     : [0]NETWORK_STATE_CHANGED_ACTION: mIsWifiConnected=false
04-15 10:30:01.514  1170  1170 D DCT     : [0]onReceive: action=android.net.wifi.STATE_CHANGE
04-15 10:30:01.515  1170  1170 D DCT     : [0]NETWORK_STATE_CHANGED_ACTION: mIsWifiConnected=false
04-15 10:30:01.530  1170  1170 D DCT     : [0]onReceive: action=android.net.wifi.STATE_CHANGE
04-15 10:30:01.531  1170  1170 D DCT     : [0]NETWORK_STATE_CHANGED_ACTION: mIsWifiConnected=false
04-15 10:30:02.717  1170  1170 D DCT     : [0]onReceive: action=android.net.wifi.STATE_CHANGE
04-15 10:30:02.720  1170  1170 D DCT     : [0]NETWORK_STATE_CHANGED_ACTION: mIsWifiConnected=false
04-15 10:30:02.731  1170  1170 D DCT     : [0]onReceive: action=android.net.wifi.STATE_CHANGE
04-15 10:30:02.734  1170  1170 D DCT     : [0]NETWORK_STATE_CHANGED_ACTION: mIsWifiConnected=false
04-15 10:30:02.751  1170  1170 D DCT     : [0]onReceive: action=android.net.wifi.STATE_CHANGE
04-15 10:30:02.754  1170  1170 D DCT     : [0]NETWORK_STATE_CHANGED_ACTION: mIsWifiConnected=true
04-15 10:30:02.759  1170  1170 D DCT     : [0]onReceive: action=android.net.wifi.STATE_CHANGE
04-15 10:30:02.762  1170  1170 D DCT     : [0]NETWORK_STATE_CHANGED_ACTION: mIsWifiConnected=true
04-15 10:30:02.838  1170  1353 D SubscriptionController: [getActiveSubIdList] simInfoSet=[0=1]
04-15 10:30:02.841  1170  1353 D SubscriptionController: [getActiveSubIdList] X subIdArr.length=1
04-15 10:30:02.890  1170  1352 D SubscriptionController: [getActiveSubIdList] simInfoSet=[0=1]
04-15 10:30:02.892  1170  1352 D SubscriptionController: [getActiveSubIdList] X subIdArr.length=1
04-15 10:30:02.943  1170  1209 D SubscriptionController: [getActiveSubIdList] simInfoSet=[0=1]
04-15 10:30:02.945  1170  1209 D SubscriptionController: [getActiveSubIdList] X subIdArr.length=1
04-15 10:30:03.031  1170  1347 D SubscriptionController: [getActiveSubIdList] simInfoSet=[0=1]
04-15 10:30:03.032  1170  1352 D PhoneFactory: getPhone:- phoneId != DEFAULT_PHONE_ID return sProxyPhones[phoneId] phoneId=0 phone=Handler (com.android.internal.telephony.PhoneProxy) {1ea732b1}
04-15 10:30:03.032  1170  1352 D DCT     : [0]getDataEnabled: getIntWithSubId retVal=true
04-15 10:30:03.033  1170  1347 D SubscriptionController: [getActiveSubIdList] X subIdArr.length=1
04-15 10:30:03.038  1170  1353 D SubscriptionController: [getActiveSubIdList] simInfoSet=[0=1]
04-15 10:30:03.041  1170  1353 D SubscriptionController: [getActiveSubIdList] X subIdArr.length=1
04-15 10:30:08.219  1170  1170 D DctController: [TNF 1]Cellular releasing Network for NetworkRequest [ id=1, legacyType=-1, [ Capabilities: INTERNET&NOT_RESTRICTED&TRUSTED&NOT_VPN] ]
04-15 10:30:08.221  1170  1170 D DctController: releaseNetwork request=NetworkRequest [ id=1, legacyType=-1, [ Capabilities: INTERNET&NOT_RESTRICTED&TRUSTED&NOT_VPN] ], requestInfo=[ request=NetworkRequest [ id=1, legacyType=-1, [ Capabilities: INTERNET&NOT_RESTRICTED&TRUSTED&NOT_VPN] ], executed=false, priority=0]
04-15 10:30:08.222  1170  1170 D DctController: releaseRequest, request= [ request=NetworkRequest [ id=1, legacyType=-1, [ Capabilities: INTERNET&NOT_RESTRICTED&TRUSTED&NOT_VPN] ], executed=false, priority=0]
04-15 10:30:08.222  1170  1170 D DctController: processRequests
04-15 10:30:08.223  1170  1170 D DctController: handleMessage msg={ when=0 what=103 obj=[ request=NetworkRequest [ id=1, legacyType=-1, [ Capabilities: INTERNET&NOT_RESTRICTED&TRUSTED&NOT_VPN] ], executed=false, priority=0] target=com.android.internal.telephony.dataconnection.DctController }
04-15 10:30:08.224  1170  1170 D DctController: onReleaseRequest request=[ request=NetworkRequest [ id=1, legacyType=-1, [ Capabilities: INTERNET&NOT_RESTRICTED&TRUSTED&NOT_VPN] ], executed=false, priority=0]
04-15 10:30:08.225  1170  1170 D DctController: handleMessage msg={ when=-2ms what=100 target=com.android.internal.telephony.dataconnection.DctController }
04-15 10:30:08.225  1170  1170 D DctController: getTopPriorityRequestPhoneId = 0, priority = -1
04-15 10:30:08.231  1170  1170 D DcSwitchAsyncChannel: [DcSwitchAsyncChannel-0]: rspIsIdle=false
04-15 10:30:08.231  1170  1170 D DctController: onProcessRequest phoneId=0, activePhoneId=0
04-15 10:30:18.786  1170  1347 D PhoneFactory: getPhone:- phoneId != DEFAULT_PHONE_ID return sProxyPhones[phoneId] phoneId=0 phone=Handler (com.android.internal.telephony.PhoneProxy) {1ea732b1}
04-15 10:30:18.786  1170  1347 D DCT     : [0]getDataEnabled: getIntWithSubId retVal=true
04-15 10:30:18.949  1170  1206 D PhoneFactory: getPhone:- phoneId != DEFAULT_PHONE_ID return sProxyPhones[phoneId] phoneId=0 phone=Handler (com.android.internal.telephony.PhoneProxy) {1ea732b1}
04-15 10:30:18.949  1170  1206 D DCT     : [0]getDataEnabled: getIntWithSubId retVal=true
04-15 10:30:19.061  1170  1352 D PhoneFactory: getPhone:- phoneId != DEFAULT_PHONE_ID return sProxyPhones[phoneId] phoneId=0 phone=Handler (com.android.internal.telephony.PhoneProxy) {1ea732b1}
04-15 10:30:19.075  1170  1347 D PhoneFactory: getPhone:- phoneId != DEFAULT_PHONE_ID return sProxyPhones[phoneId] phoneId=0 phone=Handler (com.android.internal.telephony.PhoneProxy) {1ea732b1}
04-15 10:30:19.094  1170  1209 D PhoneFactory: getPhone:- phoneId != DEFAULT_PHONE_ID return sProxyPhones[phoneId] phoneId=0 phone=Handler (com.android.internal.telephony.PhoneProxy) {1ea732b1}
04-15 10:30:19.511  1170  1353 D PhoneFactory: getPhone:- phoneId != DEFAULT_PHONE_ID return sProxyPhones[phoneId] phoneId=0 phone=Handler (com.android.internal.telephony.PhoneProxy) {1ea732b1}
04-15 10:30:24.865  1170  1352 D PhoneFactory: getPhone:- phoneId != DEFAULT_PHONE_ID return sProxyPhones[phoneId] phoneId=0 phone=Handler (com.android.internal.telephony.PhoneProxy) {1ea732b1}
04-15 10:30:24.969  1170  1352 D PhoneFactory: getPhone:- phoneId != DEFAULT_PHONE_ID return sProxyPhones[phoneId] phoneId=0 phone=Handler (com.android.internal.telephony.PhoneProxy) {1ea732b1}
04-15 10:30:25.114  1170  1347 D PhoneFactory: getPhone:- phoneId != DEFAULT_PHONE_ID return sProxyPhones[phoneId] phoneId=0 phone=Handler (com.android.internal.telephony.PhoneProxy) {1ea732b1}
04-15 10:30:25.141  1170  1209 D PhoneFactory: getPhone:- phoneId != DEFAULT_PHONE_ID return sProxyPhones[phoneId] phoneId=0 phone=Handler (com.android.internal.telephony.PhoneProxy) {1ea732b1}
04-15 10:30:25.163  1170  1353 D PhoneFactory: getPhone:- phoneId != DEFAULT_PHONE_ID return sProxyPhones[phoneId] phoneId=0 phone=Handler (com.android.internal.telephony.PhoneProxy) {1ea732b1}
04-15 10:30:25.185  1170  1206 D PhoneFactory: getPhone:- phoneId != DEFAULT_PHONE_ID return sProxyPhones[phoneId] phoneId=0 phone=Handler (com.android.internal.telephony.PhoneProxy) {1ea732b1}
04-15 10:30:25.198  1170  1352 D PhoneFactory: getPhone:- phoneId != DEFAULT_PHONE_ID return sProxyPhones[phoneId] phoneId=0 phone=Handler (com.android.internal.telephony.PhoneProxy) {1ea732b1}
04-15 10:30:25.212  1170  1347 D PhoneFactory: getPhone:- phoneId != DEFAULT_PHONE_ID return sProxyPhones[phoneId] phoneId=0 phone=Handler (com.android.internal.telephony.PhoneProxy) {1ea732b1}
04-15 10:30:25.404  1170  1209 D PhoneFactory: getPhone:- phoneId != DEFAULT_PHONE_ID return sProxyPhones[phoneId] phoneId=0 phone=Handler (com.android.internal.telephony.PhoneProxy) {1ea732b1}
04-15 10:30:25.452  1170  1353 D PhoneFactory: getPhone:- phoneId != DEFAULT_PHONE_ID return sProxyPhones[phoneId] phoneId=0 phone=Handler (com.android.internal.telephony.PhoneProxy) {1ea732b1}
04-15 10:30:25.688  1170  1206 D PhoneFactory: getPhone:- phoneId != DEFAULT_PHONE_ID return sProxyPhones[phoneId] phoneId=0 phone=Handler (com.android.internal.telephony.PhoneProxy) {1ea732b1}
04-15 10:30:25.708  1170  1352 D PhoneFactory: getPhone:- phoneId != DEFAULT_PHONE_ID return sProxyPhones[phoneId] phoneId=0 phone=Handler (com.android.internal.telephony.PhoneProxy) {1ea732b1}
04-15 10:30:25.724  1170  1347 D PhoneFactory: getPhone:- phoneId != DEFAULT_PHONE_ID return sProxyPhones[phoneId] phoneId=0 phone=Handler (com.android.internal.telephony.PhoneProxy) {1ea732b1}
04-15 10:31:18.887  1170  1206 D PhoneFactory: getPhone:- phoneId != DEFAULT_PHONE_ID return sProxyPhones[phoneId] phoneId=0 phone=Handler (com.android.internal.telephony.PhoneProxy) {1ea732b1}
04-15 10:31:18.994  1170  1352 D PhoneFactory: getPhone:- phoneId != DEFAULT_PHONE_ID return sProxyPhones[phoneId] phoneId=0 phone=Handler (com.android.internal.telephony.PhoneProxy) {1ea732b1}
04-15 10:31:18.994  1170  1352 D DCT     : [0]getDataEnabled: getIntWithSubId retVal=true
04-15 10:31:19.030  1170  1353 D PhoneFactory: getPhone:- phoneId != DEFAULT_PHONE_ID return sProxyPhones[phoneId] phoneId=0 phone=Handler (com.android.internal.telephony.PhoneProxy) {1ea732b1}
04-15 10:31:19.031  1170  1353 D DCT     : [0]getDataEnabled: getIntWithSubId retVal=true
04-15 10:32:19.079  1170  1353 D PhoneFactory: getPhone:- phoneId != DEFAULT_PHONE_ID return sProxyPhones[phoneId] phoneId=0 phone=Handler (com.android.internal.telephony.PhoneProxy) {1ea732b1}
04-15 10:32:19.222  1170  1206 D PhoneFactory: getPhone:- phoneId != DEFAULT_PHONE_ID return sProxyPhones[phoneId] phoneId=0 phone=Handler (com.android.internal.telephony.PhoneProxy) {1ea732b1}
04-15 10:32:48.374  1170  1352 D PhoneFactory: getPhone:- phoneId != DEFAULT_PHONE_ID return sProxyPhones[phoneId] phoneId=0 phone=Handler (com.android.internal.telephony.PhoneProxy) {1ea732b1}
04-15 10:32:51.942  1170  1206 D PhoneFactory: getPhone:- phoneId != DEFAULT_PHONE_ID return sProxyPhones[phoneId] phoneId=0 phone=Handler (com.android.internal.telephony.PhoneProxy) {1ea732b1}
04-15 10:32:51.965  1170  1352 D PhoneFactory: getPhone:- phoneId != DEFAULT_PHONE_ID return sProxyPhones[phoneId] phoneId=0 phone=Handler (com.android.internal.telephony.PhoneProxy) {1ea732b1}
04-15 10:32:51.982  1170  1347 D PhoneFactory: getPhone:- phoneId != DEFAULT_PHONE_ID return sProxyPhones[phoneId] phoneId=0 phone=Handler (com.android.internal.telephony.PhoneProxy) {1ea732b1}
04-15 10:32:51.998  1170  1209 D PhoneFactory: getPhone:- phoneId != DEFAULT_PHONE_ID return sProxyPhones[phoneId] phoneId=0 phone=Handler (com.android.internal.telephony.PhoneProxy) {1ea732b1}
04-15 10:32:52.014  1170  1353 D PhoneFactory: getPhone:- phoneId != DEFAULT_PHONE_ID return sProxyPhones[phoneId] phoneId=0 phone=Handler (com.android.internal.telephony.PhoneProxy) {1ea732b1}
04-15 10:32:52.027  1170  1206 D PhoneFactory: getPhone:- phoneId != DEFAULT_PHONE_ID return sProxyPhones[phoneId] phoneId=0 phone=Handler (com.android.internal.telephony.PhoneProxy) {1ea732b1}
04-15 10:32:52.133  1170  1352 D PhoneFactory: getPhone:- phoneId != DEFAULT_PHONE_ID return sProxyPhones[phoneId] phoneId=0 phone=Handler (com.android.internal.telephony.PhoneProxy) {1ea732b1}
04-15 10:32:52.179  1170  1347 D PhoneFactory: getPhone:- phoneId != DEFAULT_PHONE_ID return sProxyPhones[phoneId] phoneId=0 phone=Handler (com.android.internal.telephony.PhoneProxy) {1ea732b1}
04-15 10:32:52.260  1170  1347 D PhoneFactory: getPhone:- phoneId != DEFAULT_PHONE_ID return sProxyPhones[phoneId] phoneId=0 phone=Handler (com.android.internal.telephony.PhoneProxy) {1ea732b1}
04-15 10:32:52.279  1170  1209 D PhoneFactory: getPhone:- phoneId != DEFAULT_PHONE_ID return sProxyPhones[phoneId] phoneId=0 phone=Handler (com.android.internal.telephony.PhoneProxy) {1ea732b1}
04-15 10:32:52.292  1170  1353 D PhoneFactory: getPhone:- phoneId != DEFAULT_PHONE_ID return sProxyPhones[phoneId] phoneId=0 phone=Handler (com.android.internal.telephony.PhoneProxy) {1ea732b1}
04-15 10:32:52.305  1170  1206 D PhoneFactory: getPhone:- phoneId != DEFAULT_PHONE_ID return sProxyPhones[phoneId] phoneId=0 phone=Handler (com.android.internal.telephony.PhoneProxy) {1ea732b1}
04-15 10:32:52.903  1170  1352 D PhoneFactory: getPhone:- phoneId != DEFAULT_PHONE_ID return sProxyPhones[phoneId] phoneId=0 phone=Handler (com.android.internal.telephony.PhoneProxy) {1ea732b1}
04-15 10:34:36.656  1170  1352 D PhoneFactory: getPhone:- phoneId != DEFAULT_PHONE_ID return sProxyPhones[phoneId] phoneId=0 phone=Handler (com.android.internal.telephony.PhoneProxy) {1ea732b1}
04-15 10:34:36.695  1170  1347 D PhoneFactory: getPhone:- phoneId != DEFAULT_PHONE_ID return sProxyPhones[phoneId] phoneId=0 phone=Handler (com.android.internal.telephony.PhoneProxy) {1ea732b1}
04-15 10:34:36.721  1170  1209 D PhoneFactory: getPhone:- phoneId != DEFAULT_PHONE_ID return sProxyPhones[phoneId] phoneId=0 phone=Handler (com.android.internal.telephony.PhoneProxy) {1ea732b1}
04-15 10:36:22.453  1170  1206 D SubscriptionController: [getActiveSubIdList] simInfoSet=[0=1]
04-15 10:36:22.458  1170  1206 D SubscriptionController: [getActiveSubIdList] X subIdArr.length=1
04-15 10:39:36.688  1170  1353 D PhoneFactory: getPhone:- phoneId != DEFAULT_PHONE_ID return sProxyPhones[phoneId] phoneId=0 phone=Handler (com.android.internal.telephony.PhoneProxy) {1ea732b1}
04-15 10:44:36.769  1170  1353 D PhoneFactory: getPhone:- phoneId != DEFAULT_PHONE_ID return sProxyPhones[phoneId] phoneId=0 phone=Handler (com.android.internal.telephony.PhoneProxy) {1ea732b1}
04-15 10:49:36.846  1170  1352 D PhoneFactory: getPhone:- phoneId != DEFAULT_PHONE_ID return sProxyPhones[phoneId] phoneId=0 phone=Handler (com.android.internal.telephony.PhoneProxy) {1ea732b1}
04-15 10:54:36.981  1170  1206 D PhoneFactory: getPhone:- phoneId != DEFAULT_PHONE_ID return sProxyPhones[phoneId] phoneId=0 phone=Handler (com.android.internal.telephony.PhoneProxy) {1ea732b1}
04-15 10:59:37.004  1170  1209 D PhoneFactory: getPhone:- phoneId != DEFAULT_PHONE_ID return sProxyPhones[phoneId] phoneId=0 phone=Handler (com.android.internal.telephony.PhoneProxy) {1ea732b1}
04-15 11:04:37.033  1170  1206 D PhoneFactory: getPhone:- phoneId != DEFAULT_PHONE_ID return sProxyPhones[phoneId] phoneId=0 phone=Handler (com.android.internal.telephony.PhoneProxy) {1ea732b1}
04-15 11:06:03.251   190   532 I RILQ    : (0/190):RIL[0][qmi_cb] qcril_qmi_nas_update_data_rte: completed, new drte 0 with confidence 4
04-15 11:06:03.253   190   532 I RILC    : RIL_SOCKET_1 UNSOLICITED: UNSOL_RESPONSE_VOICE_NETWORK_STATE_CHANGED length:8
04-15 11:06:03.253   190   532 E RILC    : Send Response to RIL_SOCKET_1
04-15 11:06:03.254  1170  1289 D RILJ    : [UNSL]< UNSOL_RESPONSE_VOICE_NETWORK_STATE_CHANGED [SUB0]
04-15 11:06:03.255  1170  1170 D RILJ    : [3841]> OPERATOR [SUB0]
04-15 11:06:03.258  1170  1170 D RILJ    : [3842]> DATA_REGISTRATION_STATE [SUB0]
04-15 11:06:03.260   190 15497 D RILC    : RequestComplete, RIL_SOCKET_1
04-15 11:06:03.260   190 15497 E RILC    : Send Response to RIL_SOCKET_1
04-15 11:06:03.260  1170  1170 D RILJ    : [3843]> VOICE_REGISTRATION_STATE [SUB0]
04-15 11:06:03.261  1170  1289 D RILJ    : [3841]< OPERATOR {null, null, null} [SUB0]
04-15 11:06:03.264  1170  1170 D RILJ    : [3844]> QUERY_NETWORK_SELECTION_MODE [SUB0]
04-15 11:06:03.270   190 15499 D RILC    : RequestComplete, RIL_SOCKET_1
04-15 11:06:03.271   190 15499 E RILC    : Send Response to RIL_SOCKET_1
04-15 11:06:03.272  1170  1289 D RILJ    : [3843]< VOICE_REGISTRATION_STATE {13, null, null, 0, null, null, null, 0, null, null, null, null, null, 2, 172} [SUB0]
04-15 11:06:03.273  1170  1170 D PHONE   : [ServiceState] setVoiceRegState=1
04-15 11:06:03.273  1170  1170 E PHONE   : [ServiceState] setState deprecated use setVoiceRegState()
04-15 11:06:03.274   190 15500 D RILC    : RequestComplete, RIL_SOCKET_1
04-15 11:06:03.274   190 15500 E RILC    : Send Response to RIL_SOCKET_1
04-15 11:06:03.275  1170  1289 D RILJ    : [3844]< QUERY_NETWORK_SELECTION_MODE {0} [SUB0]
04-15 11:06:03.278   190 15498 D RILC    : RequestComplete, RIL_SOCKET_1
04-15 11:06:03.278   190 15498 E RILC    : Send Response to RIL_SOCKET_1
04-15 11:06:03.280  1170  1289 D RILJ    : [3842]< DATA_REGISTRATION_STATE {2, null, null, null, 0, 20, null, null, null, null, null} [SUB0]
04-15 11:06:03.282  1170  1170 D PHONE   : [ServiceState] setDataRegState=1
04-15 11:06:03.282  1170  1170 D PHONE   : [ServiceState] setDataRadioTechnology=0
04-15 11:06:03.282  1170  1170 D GsmSST  : [GsmSST] handlPollStateResultMessage: GsmSST setDataRegState=1 regState=2 dataRadioTechnology=0
04-15 11:06:03.284  1170  1170 D GsmSST  : [GsmSST] Poll ServiceState done:  oldSS=[1 1 voice home data home null null null null null null  Unknown Unknown CSS not supported -1 -1 RoamInd=-1 DefRoamInd=-1 EmergOnly=true] newSS=[1 1 voice home data home null null null null null null  Unknown Unknown CSS not supported -1 -1 RoamInd=-1 DefRoamInd=-1 EmergOnly=true] oldMaxDataCalls=20 mNewMaxDataCalls=20 oldReasonDataDenied=-1 mNewReasonDataDenied=-1
04-15 11:06:03.284  1170  1170 D PHONE   : [ServiceState] setNullState=1
04-15 11:06:03.284  1170  1170 D GsmSST  : [GsmSST] SST.getAllCellInfo(): return last, same thread can't block
04-15 11:06:03.286  1170  1170 D GsmSST  : [GsmSST] SST.getAllCellInfo(): X size=2 list=[CellInfoWcdma:{mRegistered=YES mTimeStampType=oem_ril mTimeStamp=115472827304ns CellIdentityWcdma:{ mMcc=460 mMnc=1 mLac=41019 mCid=4930011 mPsc=252} CellSignalStrengthWcdma: ss=10 ber=99}, CellInfoWcdma:{mRegistered=NO mTimeStampType=oem_ril mTimeStamp=115472827304ns CellIdentityWcdma:{ mMcc=2147483647 mMnc=2147483647 mLac=2147483647 mCid=2147483647 mPsc=99} CellSignalStrengthWcdma: ss=10 ber=99}]
04-15 11:06:03.286  1170  1170 D GsmSST  : [GsmSST] getCellLocation(): X ret WCDMA info=[41019,4930011,252]
04-15 11:06:03.288   710   726 D TelephonyRegistry: notifyCellLocationForSubscriber: subId=1 cellLocation=Bundle[mParcelledData.dataSize=64]
04-15 11:06:18.968  1170  1347 D SubscriptionController: [getActiveSubIdList] simInfoSet=[0=1]
04-15 11:06:18.972  1170  1347 D SubscriptionController: [getActiveSubIdList] X subIdArr.length=1
04-15 11:09:37.074  1170  1209 D PhoneFactory: getPhone:- phoneId != DEFAULT_PHONE_ID return sProxyPhones[phoneId] phoneId=0 phone=Handler (com.android.internal.telephony.PhoneProxy) {1ea732b1}
04-15 11:14:37.076  1170  1353 D PhoneFactory: getPhone:- phoneId != DEFAULT_PHONE_ID return sProxyPhones[phoneId] phoneId=0 phone=Handler (com.android.internal.telephony.PhoneProxy) {1ea732b1}
04-15 11:19:37.126  1170  1347 D PhoneFactory: getPhone:- phoneId != DEFAULT_PHONE_ID return sProxyPhones[phoneId] phoneId=0 phone=Handler (com.android.internal.telephony.PhoneProxy) {1ea732b1}
04-15 11:24:37.159  1170  1353 D PhoneFactory: getPhone:- phoneId != DEFAULT_PHONE_ID return sProxyPhones[phoneId] phoneId=0 phone=Handler (com.android.internal.telephony.PhoneProxy) {1ea732b1}
04-15 11:29:37.185  1170  1209 D PhoneFactory: getPhone:- phoneId != DEFAULT_PHONE_ID return sProxyPhones[phoneId] phoneId=0 phone=Handler (com.android.internal.telephony.PhoneProxy) {1ea732b1}
04-15 11:32:48.145  1170  1353 D PhoneFactory: getPhone:- phoneId != DEFAULT_PHONE_ID return sProxyPhones[phoneId] phoneId=0 phone=Handler (com.android.internal.telephony.PhoneProxy) {1ea732b1}
04-15 11:34:37.215  1170  1353 D PhoneFactory: getPhone:- phoneId != DEFAULT_PHONE_ID return sProxyPhones[phoneId] phoneId=0 phone=Handler (com.android.internal.telephony.PhoneProxy) {1ea732b1}
04-15 11:35:54.246  1170  1353 D SubscriptionController: [getActiveSubIdList] simInfoSet=[0=1]
04-15 11:35:54.249  1170  1353 D SubscriptionController: [getActiveSubIdList] X subIdArr.length=1
04-15 11:35:59.819  1170  1352 D DCT     : [0]hasMatchedTetherApnSetting: APN=null
04-15 11:39:37.282  1170  1352 D PhoneFactory: getPhone:- phoneId != DEFAULT_PHONE_ID return sProxyPhones[phoneId] phoneId=0 phone=Handler (com.android.internal.telephony.PhoneProxy) {1ea732b1}
04-15 11:44:37.298  1170  1353 D PhoneFactory: getPhone:- phoneId != DEFAULT_PHONE_ID return sProxyPhones[phoneId] phoneId=0 phone=Handler (com.android.internal.telephony.PhoneProxy) {1ea732b1}
04-15 11:49:37.344  1170  1209 D PhoneFactory: getPhone:- phoneId != DEFAULT_PHONE_ID return sProxyPhones[phoneId] phoneId=0 phone=Handler (com.android.internal.telephony.PhoneProxy) {1ea732b1}
04-15 11:54:37.373  1170  1353 D PhoneFactory: getPhone:- phoneId != DEFAULT_PHONE_ID return sProxyPhones[phoneId] phoneId=0 phone=Handler (com.android.internal.telephony.PhoneProxy) {1ea732b1}
