04-15 09:14:46.926   710  1188 I ActivityManager: START u0 {act=android.intent.action.MAIN cat=[android.intent.category.LAUNCHER] flg=0x10200000 cmp=com.youku.phone/.ActivityWelcome} from uid 0 on display 0
04-15 09:14:53.025   710   795 I WindowManager: Input event dispatching timed out sending to com.youku.phone/com.youku.usercenter.passport.activity.LoginActivity.  Reason: Waiting to send non-key event because the focused window has not finished processing certain input events that were delivered to it over 500.0ms ago.  Wait queue length: 1.  Wait queue head age: 396640.2ms.
04-15 09:14:53.219   710  1273 W InputManager: Input event injection from pid 2432 timed out.
04-15 09:14:53.249   710   775 I ActivityManager: Skipping duplicate ANR: ProcessRecord{1e0513f 2453:com.youku.phone/u0a54} Input dispatching timed out (Waiting to send non-key event because the focused window has not finished processing certain input events that were delivered to it over 500.0ms ago.  Wait queue length: 1.  Wait queue head age: 396640.2ms.)
04-15 09:14:58.233   710   795 I WindowManager: Input event dispatching timed out sending to com.youku.phone/com.youku.usercenter.passport.activity.LoginActivity.  Reason: Waiting to send non-key event because the focused window has not finished processing certain input events that were delivered to it over 500.0ms ago.  Wait queue length: 1.  Wait queue head age: 401871.6ms.
04-15 09:14:58.305   710   906 W ProcessCpuTracker: Skipping unknown process pid 22275
04-15 09:14:58.359   710  1282 W InputManager: Input event injection from pid 2432 timed out.
04-15 09:14:58.362   710   775 I ActivityManager: Skipping duplicate ANR: ProcessRecord{1e0513f 2453:com.youku.phone/u0a54} Input dispatching timed out (Waiting to send non-key event because the focused window has not finished processing certain input events that were delivered to it over 500.0ms ago.  Wait queue length: 1.  Wait queue head age: 401871.6ms.)
04-15 09:15:03.389   710   795 I WindowManager: Input event dispatching timed out sending to com.youku.phone/com.youku.usercenter.passport.activity.LoginActivity.  Reason: Waiting to send non-key event because the focused window has not finished processing certain input events that were delivered to it over 500.0ms ago.  Wait queue length: 1.  Wait queue head age: 407006.8ms.
04-15 09:15:03.567   710  1201 W InputManager: Input event injection from pid 2432 timed out.
04-15 09:15:03.598   710   775 I ActivityManager: Skipping duplicate ANR: ProcessRecord{1e0513f 2453:com.youku.phone/u0a54} Input dispatching timed out (Waiting to send non-key event because the focused window has not finished processing certain input events that were delivered to it over 500.0ms ago.  Wait queue length: 1.  Wait queue head age: 407006.8ms.)
04-15 09:15:08.598   710   795 I WindowManager: Input event dispatching timed out sending to com.youku.phone/com.youku.usercenter.passport.activity.LoginActivity.  Reason: Waiting to send non-key event because the focused window has not finished processing certain input events that were delivered to it over 500.0ms ago.  Wait queue length: 1.  Wait queue head age: 412236.7ms.
04-15 09:15:08.731   710  1276 W InputManager: Input event injection from pid 2432 timed out.
04-15 09:15:08.763   710   775 I ActivityManager: Skipping duplicate ANR: ProcessRecord{1e0513f 2453:com.youku.phone/u0a54} Input dispatching timed out (Waiting to send non-key event because the focused window has not finished processing certain input events that were delivered to it over 500.0ms ago.  Wait queue length: 1.  Wait queue head age: 412236.7ms.)
04-15 09:15:10.050   710   775 W BroadcastQueue: Timeout of broadcast BroadcastRecord{f1a640c u-1 android.intent.action.TIME_TICK} - receiver=android.os.BinderProxy@999fad2, started 10000ms ago
04-15 09:15:10.050   710   775 W BroadcastQueue: Receiver during timeout: BroadcastFilter{1ca4aa0 u0 ReceiverList{1167f7a3 2453 com.youku.phone/10054/u0 remote:999fad2}}
04-15 09:15:10.055   710   775 I ActivityManager: Skipping duplicate ANR: ProcessRecord{1e0513f 2453:com.youku.phone/u0a54} Broadcast of Intent { act=android.intent.action.TIME_TICK flg=0x50000014 (has extras) }
04-15 09:15:13.763   710   795 I WindowManager: Input event dispatching timed out sending to com.youku.phone/com.youku.usercenter.passport.activity.LoginActivity.  Reason: Waiting to send non-key event because the focused window has not finished processing certain input events that were delivered to it over 500.0ms ago.  Wait queue length: 1.  Wait queue head age: 417381.6ms.
04-15 09:15:13.981   710  1201 W InputManager: Input event injection from pid 2432 timed out.
04-15 09:15:14.003   710   775 I ActivityManager: Skipping duplicate ANR: ProcessRecord{1e0513f 2453:com.youku.phone/u0a54} Input dispatching timed out (Waiting to send non-key event because the focused window has not finished processing certain input events that were delivered to it over 500.0ms ago.  Wait queue length: 1.  Wait queue head age: 417381.6ms.)
04-15 09:15:18.990   710   795 I WindowManager: Input event dispatching timed out sending to com.youku.phone/com.youku.usercenter.passport.activity.LoginActivity.  Reason: Waiting to send non-key event because the focused window has not finished processing certain input events that were delivered to it over 500.0ms ago.  Wait queue length: 1.  Wait queue head age: 422629.2ms.
04-15 09:15:19.105   710  1273 W InputManager: Input event injection from pid 2432 timed out.
04-15 09:15:19.143   710   775 I ActivityManager: Skipping duplicate ANR: ProcessRecord{1e0513f 2453:com.youku.phone/u0a54} Input dispatching timed out (Waiting to send non-key event because the focused window has not finished processing certain input events that were delivered to it over 500.0ms ago.  Wait queue length: 1.  Wait queue head age: 422629.2ms.)
04-15 09:15:24.117   710   795 I WindowManager: Input event dispatching timed out sending to com.youku.phone/com.youku.usercenter.passport.activity.LoginActivity.  Reason: Waiting to send non-key event because the focused window has not finished processing certain input events that were delivered to it over 500.0ms ago.  Wait queue length: 1.  Wait queue head age: 427756.6ms.
04-15 09:15:24.263   710  1201 W InputManager: Input event injection from pid 2432 timed out.
04-15 09:15:24.304   710   775 I ActivityManager: Skipping duplicate ANR: ProcessRecord{1e0513f 2453:com.youku.phone/u0a54} Input dispatching timed out (Waiting to send non-key event because the focused window has not finished processing certain input events that were delivered to it over 500.0ms ago.  Wait queue length: 1.  Wait queue head age: 427756.6ms.)
04-15 09:15:29.281   710   795 I WindowManager: Input event dispatching timed out sending to com.youku.phone/com.youku.usercenter.passport.activity.LoginActivity.  Reason: Waiting to send non-key event because the focused window has not finished processing certain input events that were delivered to it over 500.0ms ago.  Wait queue length: 1.  Wait queue head age: 432918.0ms.
04-15 09:15:29.424   710   906 W InputManager: Input event injection from pid 2432 timed out.
04-15 09:15:29.485   710   775 I ActivityManager: Skipping duplicate ANR: ProcessRecord{1e0513f 2453:com.youku.phone/u0a54} Input dispatching timed out (Waiting to send non-key event because the focused window has not finished processing certain input events that were delivered to it over 500.0ms ago.  Wait queue length: 1.  Wait queue head age: 432918.0ms.)
04-15 09:15:34.430   710   795 I WindowManager: Input event dispatching timed out sending to com.youku.phone/com.youku.usercenter.passport.activity.LoginActivity.  Reason: Waiting to send non-key event because the focused window has not finished processing certain input events that were delivered to it over 500.0ms ago.  Wait queue length: 1.  Wait queue head age: 438068.8ms.
04-15 09:15:34.581   710  1282 W InputManager: Input event injection from pid 2432 timed out.
04-15 09:15:34.613   710   775 I ActivityManager: Skipping duplicate ANR: ProcessRecord{1e0513f 2453:com.youku.phone/u0a54} Input dispatching timed out (Waiting to send non-key event because the focused window has not finished processing certain input events that were delivered to it over 500.0ms ago.  Wait queue length: 1.  Wait queue head age: 438068.8ms.)
04-15 09:15:39.594   710   795 I WindowManager: Input event dispatching timed out sending to com.youku.phone/com.youku.usercenter.passport.activity.LoginActivity.  Reason: Waiting to send non-key event because the focused window has not finished processing certain input events that were delivered to it over 500.0ms ago.  Wait queue length: 1.  Wait queue head age: 443231.5ms.
04-15 09:15:39.756   710  1201 W InputManager: Input event injection from pid 2432 timed out.
04-15 09:15:39.795   710   775 I ActivityManager: Skipping duplicate ANR: ProcessRecord{1e0513f 2453:com.youku.phone/u0a54} Input dispatching timed out (Waiting to send non-key event because the focused window has not finished processing certain input events that were delivered to it over 500.0ms ago.  Wait queue length: 1.  Wait queue head age: 443231.5ms.)
04-15 09:15:44.762   710   795 I WindowManager: Input event dispatching timed out sending to com.youku.phone/com.youku.usercenter.passport.activity.LoginActivity.  Reason: Waiting to send key event because the focused window has not finished processing all of the input events that were previously delivered to it.  Outbound queue length: 0.  Wait queue length: 1.
04-15 09:15:44.902   710  1276 W InputManager: Input event injection from pid 2432 timed out.
04-15 09:15:44.962   710   775 I ActivityManager: Skipping duplicate ANR: ProcessRecord{1e0513f 2453:com.youku.phone/u0a54} Input dispatching timed out (Waiting to send key event because the focused window has not finished processing all of the input events that were previously delivered to it.  Outbound queue length: 0.  Wait queue length: 1.)
04-15 09:15:49.913   710   795 I WindowManager: Input event dispatching timed out sending to com.youku.phone/com.youku.usercenter.passport.activity.LoginActivity.  Reason: Waiting to send key event because the focused window has not finished processing all of the input events that were previously delivered to it.  Outbound queue length: 0.  Wait queue length: 1.
04-15 09:15:50.064   710  1282 W InputManager: Input event injection from pid 2432 timed out.
04-15 09:15:50.085   710   775 W ProcessCpuTracker: Skipping unknown process pid 22664
04-15 09:15:50.112   710   775 I ActivityManager: Skipping duplicate ANR: ProcessRecord{1e0513f 2453:com.youku.phone/u0a54} Input dispatching timed out (Waiting to send key event because the focused window has not finished processing all of the input events that were previously delivered to it.  Outbound queue length: 0.  Wait queue length: 1.)
04-15 09:15:56.076   710   795 I WindowManager: Input event dispatching timed out sending to com.youku.phone/com.youku.usercenter.passport.activity.LoginActivity.  Reason: Waiting to send key event because the focused window has not finished processing all of the input events that were previously delivered to it.  Outbound queue length: 0.  Wait queue length: 1.
04-15 09:15:56.304   710  1282 W InputManager: Input event injection from pid 2432 timed out.
04-15 09:15:56.319   710   775 I ActivityManager: Skipping duplicate ANR: ProcessRecord{1e0513f 2453:com.youku.phone/u0a54} Input dispatching timed out (Waiting to send key event because the focused window has not finished processing all of the input events that were previously delivered to it.  Outbound queue length: 0.  Wait queue length: 1.)
04-15 09:16:01.338   710   795 I WindowManager: Input event dispatching timed out sending to com.youku.phone/com.youku.usercenter.passport.activity.LoginActivity.  Reason: Waiting to send key event because the focused window has not finished processing all of the input events that were previously delivered to it.  Outbound queue length: 0.  Wait queue length: 1.
04-15 09:16:01.521   710  1273 W InputManager: Input event injection from pid 2432 timed out.
04-15 09:16:01.539   710   775 I ActivityManager: Skipping duplicate ANR: ProcessRecord{1e0513f 2453:com.youku.phone/u0a54} Input dispatching timed out (Waiting to send key event because the focused window has not finished processing all of the input events that were previously delivered to it.  Outbound queue length: 0.  Wait queue length: 1.)
04-15 09:16:07.557   710   795 I WindowManager: Input event dispatching timed out sending to com.youku.phone/com.youku.usercenter.passport.activity.LoginActivity.  Reason: Waiting to send key event because the focused window has not finished processing all of the input events that were previously delivered to it.  Outbound queue length: 0.  Wait queue length: 1.
04-15 09:16:07.727   710   906 W InputManager: Input event injection from pid 2432 timed out.
04-15 09:16:07.752   710   775 I ActivityManager: Skipping duplicate ANR: ProcessRecord{1e0513f 2453:com.youku.phone/u0a54} Input dispatching timed out (Waiting to send key event because the focused window has not finished processing all of the input events that were previously delivered to it.  Outbound queue length: 0.  Wait queue length: 1.)
04-15 09:16:10.048   710   775 W BroadcastQueue: Timeout of broadcast BroadcastRecord{26007155 u-1 android.intent.action.TIME_TICK} - receiver=android.os.BinderProxy@999fad2, started 10000ms ago
04-15 09:16:10.048   710   775 W BroadcastQueue: Receiver during timeout: BroadcastFilter{1ca4aa0 u0 ReceiverList{1167f7a3 2453 com.youku.phone/10054/u0 remote:999fad2}}
04-15 09:16:10.053   710   775 I ActivityManager: Skipping duplicate ANR: ProcessRecord{1e0513f 2453:com.youku.phone/u0a54} Broadcast of Intent { act=android.intent.action.TIME_TICK flg=0x50000014 (has extras) }
04-15 09:16:12.774   710   795 I WindowManager: Input event dispatching timed out sending to com.youku.phone/com.youku.usercenter.passport.activity.LoginActivity.  Reason: Waiting to send key event because the focused window has not finished processing all of the input events that were previously delivered to it.  Outbound queue length: 0.  Wait queue length: 1.
04-15 09:16:12.976   710   726 W InputManager: Input event injection from pid 2432 timed out.
04-15 09:16:13.007   710   775 I ActivityManager: Skipping duplicate ANR: ProcessRecord{1e0513f 2453:com.youku.phone/u0a54} Input dispatching timed out (Waiting to send key event because the focused window has not finished processing all of the input events that were previously delivered to it.  Outbound queue length: 0.  Wait queue length: 1.)
04-15 09:16:18.333   710  1273 W ProcessCpuTracker: Skipping unknown process pid 22946
04-15 09:16:18.334   710  1273 W ProcessCpuTracker: Skipping unknown process pid 22948
04-15 09:16:18.999   710   795 I WindowManager: Input event dispatching timed out sending to com.youku.phone/com.youku.usercenter.passport.activity.LoginActivity.  Reason: Waiting to send key event because the focused window has not finished processing all of the input events that were previously delivered to it.  Outbound queue length: 0.  Wait queue length: 1.
04-15 09:16:19.152   710   726 W InputManager: Input event injection from pid 2432 timed out.
04-15 09:16:19.154   710   775 I ActivityManager: Skipping duplicate ANR: ProcessRecord{1e0513f 2453:com.youku.phone/u0a54} Input dispatching timed out (Waiting to send key event because the focused window has not finished processing all of the input events that were previously delivered to it.  Outbound queue length: 0.  Wait queue length: 1.)
04-15 09:16:24.162   710   795 I WindowManager: Input event dispatching timed out sending to com.youku.phone/com.youku.usercenter.passport.activity.LoginActivity.  Reason: Waiting to send key event because the focused window has not finished processing all of the input events that were previously delivered to it.  Outbound queue length: 0.  Wait queue length: 1.
04-15 09:16:24.320   710  1201 W InputManager: Input event injection from pid 2432 timed out.
04-15 09:16:24.370   710   775 I ActivityManager: Skipping duplicate ANR: ProcessRecord{1e0513f 2453:com.youku.phone/u0a54} Input dispatching timed out (Waiting to send key event because the focused window has not finished processing all of the input events that were previously delivered to it.  Outbound queue length: 0.  Wait queue length: 1.)
04-15 09:16:30.480   710   795 I WindowManager: Input event dispatching timed out sending to com.youku.phone/com.youku.usercenter.passport.activity.LoginActivity.  Reason: Waiting to send key event because the focused window has not finished processing all of the input events that were previously delivered to it.  Outbound queue length: 0.  Wait queue length: 1.
04-15 09:16:30.610   710   800 W InputManager: Input event injection from pid 2432 timed out.
04-15 09:16:30.640   710   775 I ActivityManager: Skipping duplicate ANR: ProcessRecord{1e0513f 2453:com.youku.phone/u0a54} Input dispatching timed out (Waiting to send key event because the focused window has not finished processing all of the input events that were previously delivered to it.  Outbound queue length: 0.  Wait queue length: 1.)
04-15 09:16:35.620   710   795 I WindowManager: Input event dispatching timed out sending to com.youku.phone/com.youku.usercenter.passport.activity.LoginActivity.  Reason: Waiting to send key event because the focused window has not finished processing all of the input events that were previously delivered to it.  Outbound queue length: 0.  Wait queue length: 1.
04-15 09:16:35.780   710  1188 W InputManager: Input event injection from pid 2432 timed out.
04-15 09:16:35.819   710   775 I ActivityManager: Skipping duplicate ANR: ProcessRecord{1e0513f 2453:com.youku.phone/u0a54} Input dispatching timed out (Waiting to send key event because the focused window has not finished processing all of the input events that were previously delivered to it.  Outbound queue length: 0.  Wait queue length: 1.)
04-15 09:16:41.806   710   795 I WindowManager: Input event dispatching timed out sending to com.youku.phone/com.youku.usercenter.passport.activity.LoginActivity.  Reason: Waiting to send key event because the focused window has not finished processing all of the input events that were previously delivered to it.  Outbound queue length: 0.  Wait queue length: 1.
04-15 09:16:41.985   710   800 W InputManager: Input event injection from pid 2432 timed out.
04-15 09:16:42.026   710   775 I ActivityManager: Skipping duplicate ANR: ProcessRecord{1e0513f 2453:com.youku.phone/u0a54} Input dispatching timed out (Waiting to send key event because the focused window has not finished processing all of the input events that were previously delivered to it.  Outbound queue length: 0.  Wait queue length: 1.)
04-15 09:16:47.012   710   795 I WindowManager: Input event dispatching timed out sending to com.youku.phone/com.youku.usercenter.passport.activity.LoginActivity.  Reason: Waiting to send key event because the focused window has not finished processing all of the input events that were previously delivered to it.  Outbound queue length: 0.  Wait queue length: 1.
04-15 09:16:47.208   710  1188 W InputManager: Input event injection from pid 2432 timed out.
04-15 09:16:47.247   710   775 I ActivityManager: Skipping duplicate ANR: ProcessRecord{1e0513f 2453:com.youku.phone/u0a54} Input dispatching timed out (Waiting to send key event because the focused window has not finished processing all of the input events that were previously delivered to it.  Outbound queue length: 0.  Wait queue length: 1.)
04-15 09:16:53.272   710   795 I WindowManager: Input event dispatching timed out sending to com.youku.phone/com.youku.usercenter.passport.activity.LoginActivity.  Reason: Waiting to send non-key event because the focused window has not finished processing certain input events that were delivered to it over 500.0ms ago.  Wait queue length: 1.  Wait queue head age: 516891.8ms.
04-15 09:16:53.449   710  1282 W InputManager: Input event injection from pid 2432 timed out.
04-15 09:16:53.477   710   775 I ActivityManager: Skipping duplicate ANR: ProcessRecord{1e0513f 2453:com.youku.phone/u0a54} Input dispatching timed out (Waiting to send non-key event because the focused window has not finished processing certain input events that were delivered to it over 500.0ms ago.  Wait queue length: 1.  Wait queue head age: 516891.8ms.)
04-15 09:16:58.468   710   795 I WindowManager: Input event dispatching timed out sending to com.youku.phone/com.youku.usercenter.passport.activity.LoginActivity.  Reason: Waiting to send non-key event because the focused window has not finished processing certain input events that were delivered to it over 500.0ms ago.  Wait queue length: 1.  Wait queue head age: 522107.1ms.
04-15 09:16:58.590   710  1201 W InputManager: Input event injection from pid 2432 timed out.
04-15 09:16:58.633   710   775 I ActivityManager: Skipping duplicate ANR: ProcessRecord{1e0513f 2453:com.youku.phone/u0a54} Input dispatching timed out (Waiting to send non-key event because the focused window has not finished processing certain input events that were delivered to it over 500.0ms ago.  Wait queue length: 1.  Wait queue head age: 522107.1ms.)
04-15 09:17:03.614   710   795 I WindowManager: Input event dispatching timed out sending to com.youku.phone/com.youku.usercenter.passport.activity.LoginActivity.  Reason: Waiting to send non-key event because the focused window has not finished processing certain input events that were delivered to it over 500.0ms ago.  Wait queue length: 1.  Wait queue head age: 527238.1ms.
04-15 09:17:03.748   710   726 W InputManager: Input event injection from pid 2432 timed out.
04-15 09:17:03.782   710   775 I ActivityManager: Skipping duplicate ANR: ProcessRecord{1e0513f 2453:com.youku.phone/u0a54} Input dispatching timed out (Waiting to send non-key event because the focused window has not finished processing certain input events that were delivered to it over 500.0ms ago.  Wait queue length: 1.  Wait queue head age: 527238.1ms.)
04-15 09:17:08.754   710   795 I WindowManager: Input event dispatching timed out sending to com.youku.phone/com.youku.usercenter.passport.activity.LoginActivity.  Reason: Waiting to send non-key event because the focused window has not finished processing certain input events that were delivered to it over 500.0ms ago.  Wait queue length: 1.  Wait queue head age: 532393.4ms.
04-15 09:17:08.875   710  1273 W InputManager: Input event injection from pid 2432 timed out.
04-15 09:17:08.930   710   775 I ActivityManager: Skipping duplicate ANR: ProcessRecord{1e0513f 2453:com.youku.phone/u0a54} Input dispatching timed out (Waiting to send non-key event because the focused window has not finished processing certain input events that were delivered to it over 500.0ms ago.  Wait queue length: 1.  Wait queue head age: 532393.4ms.)
04-15 09:17:10.070   710   775 W BroadcastQueue: Timeout of broadcast BroadcastRecord{d76576a u-1 android.intent.action.TIME_TICK} - receiver=android.os.BinderProxy@999fad2, started 10000ms ago
04-15 09:17:10.070   710   775 W BroadcastQueue: Receiver during timeout: BroadcastFilter{1ca4aa0 u0 ReceiverList{1167f7a3 2453 com.youku.phone/10054/u0 remote:999fad2}}
04-15 09:17:10.079   710   775 I ActivityManager: Skipping duplicate ANR: ProcessRecord{1e0513f 2453:com.youku.phone/u0a54} Broadcast of Intent { act=android.intent.action.TIME_TICK flg=0x50000014 (has extras) }
04-15 09:17:13.884   710   795 I WindowManager: Input event dispatching timed out sending to com.youku.phone/com.youku.usercenter.passport.activity.LoginActivity.  Reason: Waiting to send non-key event because the focused window has not finished processing certain input events that were delivered to it over 500.0ms ago.  Wait queue length: 1.  Wait queue head age: 537522.9ms.
04-15 09:17:14.060   710  1276 W InputManager: Input event injection from pid 2432 timed out.
04-15 09:17:14.079   710   775 W ProcessCpuTracker: Skipping unknown process pid 23459
04-15 09:17:14.079   710   775 W ProcessCpuTracker: Skipping unknown process pid 23460
04-15 09:17:14.083   710   775 I ActivityManager: Skipping duplicate ANR: ProcessRecord{1e0513f 2453:com.youku.phone/u0a54} Input dispatching timed out (Waiting to send non-key event because the focused window has not finished processing certain input events that were delivered to it over 500.0ms ago.  Wait queue length: 1.  Wait queue head age: 537522.9ms.)
04-15 09:17:19.080   710   795 I WindowManager: Input event dispatching timed out sending to com.youku.phone/com.youku.usercenter.passport.activity.LoginActivity.  Reason: Waiting to send non-key event because the focused window has not finished processing certain input events that were delivered to it over 500.0ms ago.  Wait queue length: 1.  Wait queue head age: 542719.1ms.
04-15 09:17:19.200   710  1188 W InputManager: Input event injection from pid 2432 timed out.
04-15 09:17:19.238   710   775 I ActivityManager: Skipping duplicate ANR: ProcessRecord{1e0513f 2453:com.youku.phone/u0a54} Input dispatching timed out (Waiting to send non-key event because the focused window has not finished processing certain input events that were delivered to it over 500.0ms ago.  Wait queue length: 1.  Wait queue head age: 542719.1ms.)
04-15 09:17:24.212   710   795 I WindowManager: Input event dispatching timed out sending to com.youku.phone/com.youku.usercenter.passport.activity.LoginActivity.  Reason: Waiting to send non-key event because the focused window has not finished processing certain input events that were delivered to it over 500.0ms ago.  Wait queue length: 1.  Wait queue head age: 547851.3ms.
04-15 09:17:24.397   710  1201 W InputManager: Input event injection from pid 2432 timed out.
04-15 09:17:24.427   710   775 I ActivityManager: Skipping duplicate ANR: ProcessRecord{1e0513f 2453:com.youku.phone/u0a54} Input dispatching timed out (Waiting to send non-key event because the focused window has not finished processing certain input events that were delivered to it over 500.0ms ago.  Wait queue length: 1.  Wait queue head age: 547851.3ms.)
04-15 09:17:29.412   710   795 I WindowManager: Input event dispatching timed out sending to com.youku.phone/com.youku.usercenter.passport.activity.LoginActivity.  Reason: Waiting to send non-key event because the focused window has not finished processing certain input events that were delivered to it over 500.0ms ago.  Wait queue length: 1.  Wait queue head age: 553051.5ms.
04-15 09:17:29.533   710  1188 W InputManager: Input event injection from pid 2432 timed out.
04-15 09:17:29.610   710   775 I ActivityManager: Skipping duplicate ANR: ProcessRecord{1e0513f 2453:com.youku.phone/u0a54} Input dispatching timed out (Waiting to send non-key event because the focused window has not finished processing certain input events that were delivered to it over 500.0ms ago.  Wait queue length: 1.  Wait queue head age: 553051.5ms.)
04-15 09:17:34.562   710   795 I WindowManager: Input event dispatching timed out sending to com.youku.phone/com.youku.usercenter.passport.activity.LoginActivity.  Reason: Waiting to send non-key event because the focused window has not finished processing certain input events that were delivered to it over 500.0ms ago.  Wait queue length: 1.  Wait queue head age: 558180.1ms.
04-15 09:17:34.763   710  1273 W InputManager: Input event injection from pid 2432 timed out.
04-15 09:17:34.806   710   775 I ActivityManager: Skipping duplicate ANR: ProcessRecord{1e0513f 2453:com.youku.phone/u0a54} Input dispatching timed out (Waiting to send non-key event because the focused window has not finished processing certain input events that were delivered to it over 500.0ms ago.  Wait queue length: 1.  Wait queue head age: 558180.1ms.)
04-15 09:17:39.784   710   795 I WindowManager: Input event dispatching timed out sending to com.youku.phone/com.youku.usercenter.passport.activity.LoginActivity.  Reason: Waiting to send non-key event because the focused window has not finished processing certain input events that were delivered to it over 500.0ms ago.  Wait queue length: 1.  Wait queue head age: 563421.5ms.
04-15 09:17:39.928   710  1201 W InputManager: Input event injection from pid 2432 timed out.
04-15 09:17:39.963   710   775 I ActivityManager: Skipping duplicate ANR: ProcessRecord{1e0513f 2453:com.youku.phone/u0a54} Input dispatching timed out (Waiting to send non-key event because the focused window has not finished processing certain input events that were delivered to it over 500.0ms ago.  Wait queue length: 1.  Wait queue head age: 563421.5ms.)
04-15 09:17:44.935   710   795 I WindowManager: Input event dispatching timed out sending to com.youku.phone/com.youku.usercenter.passport.activity.LoginActivity.  Reason: Waiting to send key event because the focused window has not finished processing all of the input events that were previously delivered to it.  Outbound queue length: 0.  Wait queue length: 1.
04-15 09:17:45.061   710  1273 W InputManager: Input event injection from pid 2432 timed out.
04-15 09:17:45.111   710   775 I ActivityManager: Skipping duplicate ANR: ProcessRecord{1e0513f 2453:com.youku.phone/u0a54} Input dispatching timed out (Waiting to send key event because the focused window has not finished processing all of the input events that were previously delivered to it.  Outbound queue length: 0.  Wait queue length: 1.)
04-15 09:17:50.066   710   795 I WindowManager: Input event dispatching timed out sending to com.youku.phone/com.youku.usercenter.passport.activity.LoginActivity.  Reason: Waiting to send key event because the focused window has not finished processing all of the input events that were previously delivered to it.  Outbound queue length: 0.  Wait queue length: 1.
04-15 09:17:50.208   710  1201 W InputManager: Input event injection from pid 2432 timed out.
04-15 09:17:50.241   710   775 I ActivityManager: Skipping duplicate ANR: ProcessRecord{1e0513f 2453:com.youku.phone/u0a54} Input dispatching timed out (Waiting to send key event because the focused window has not finished processing all of the input events that were previously delivered to it.  Outbound queue length: 0.  Wait queue length: 1.)
04-15 09:17:56.245   710   795 I WindowManager: Input event dispatching timed out sending to com.youku.phone/com.youku.usercenter.passport.activity.LoginActivity.  Reason: Waiting to send key event because the focused window has not finished processing all of the input events that were previously delivered to it.  Outbound queue length: 0.  Wait queue length: 1.
04-15 09:17:56.461   710   800 W InputManager: Input event injection from pid 2432 timed out.
04-15 09:17:56.496   710   775 I ActivityManager: Skipping duplicate ANR: ProcessRecord{1e0513f 2453:com.youku.phone/u0a54} Input dispatching timed out (Waiting to send key event because the focused window has not finished processing all of the input events that were previously delivered to it.  Outbound queue length: 0.  Wait queue length: 1.)
04-15 09:18:01.490   710   795 I WindowManager: Input event dispatching timed out sending to com.youku.phone/com.youku.usercenter.passport.activity.LoginActivity.  Reason: Waiting to send key event because the focused window has not finished processing all of the input events that were previously delivered to it.  Outbound queue length: 0.  Wait queue length: 1.
04-15 09:18:01.665   710  1188 W InputManager: Input event injection from pid 2432 timed out.
04-15 09:18:01.685   710   775 I ActivityManager: Skipping duplicate ANR: ProcessRecord{1e0513f 2453:com.youku.phone/u0a54} Input dispatching timed out (Waiting to send key event because the focused window has not finished processing all of the input events that were previously delivered to it.  Outbound queue length: 0.  Wait queue length: 1.)
04-15 09:18:07.703   710   795 I WindowManager: Input event dispatching timed out sending to com.youku.phone/com.youku.usercenter.passport.activity.LoginActivity.  Reason: Waiting to send key event because the focused window has not finished processing all of the input events that were previously delivered to it.  Outbound queue length: 0.  Wait queue length: 1.
04-15 09:18:07.877   710  1201 W InputManager: Input event injection from pid 2432 timed out.
04-15 09:18:07.899   710   775 I ActivityManager: Skipping duplicate ANR: ProcessRecord{1e0513f 2453:com.youku.phone/u0a54} Input dispatching timed out (Waiting to send key event because the focused window has not finished processing all of the input events that were previously delivered to it.  Outbound queue length: 0.  Wait queue length: 1.)
04-15 09:18:10.076   710   775 W BroadcastQueue: Timeout of broadcast BroadcastRecord{1001b45b u-1 android.intent.action.TIME_TICK} - receiver=android.os.BinderProxy@999fad2, started 10001ms ago
04-15 09:18:10.076   710   775 W BroadcastQueue: Receiver during timeout: BroadcastFilter{1ca4aa0 u0 ReceiverList{1167f7a3 2453 com.youku.phone/10054/u0 remote:999fad2}}
04-15 09:18:10.083   710   775 I ActivityManager: Skipping duplicate ANR: ProcessRecord{1e0513f 2453:com.youku.phone/u0a54} Broadcast of Intent { act=android.intent.action.TIME_TICK flg=0x50000014 (has extras) }
04-15 09:18:12.902   710   795 I WindowManager: Input event dispatching timed out sending to com.youku.phone/com.youku.usercenter.passport.activity.LoginActivity.  Reason: Waiting to send key event because the focused window has not finished processing all of the input events that were previously delivered to it.  Outbound queue length: 0.  Wait queue length: 1.
04-15 09:18:13.071   710   906 W InputManager: Input event injection from pid 2432 timed out.
04-15 09:18:13.104   710   775 I ActivityManager: Skipping duplicate ANR: ProcessRecord{1e0513f 2453:com.youku.phone/u0a54} Input dispatching timed out (Waiting to send key event because the focused window has not finished processing all of the input events that were previously delivered to it.  Outbound queue length: 0.  Wait queue length: 1.)
04-15 09:18:18.407   710  1273 W ProcessCpuTracker: Skipping unknown process pid 23966
04-15 09:18:18.427   710  1273 W ProcessCpuTracker: Skipping unknown process pid 23983
04-15 09:18:19.094   710   795 I WindowManager: Input event dispatching timed out sending to com.youku.phone/com.youku.usercenter.passport.activity.LoginActivity.  Reason: Waiting to send key event because the focused window has not finished processing all of the input events that were previously delivered to it.  Outbound queue length: 0.  Wait queue length: 1.
04-15 09:18:19.269   710  1276 W InputManager: Input event injection from pid 2432 timed out.
04-15 09:18:19.272   710   775 I ActivityManager: Skipping duplicate ANR: ProcessRecord{1e0513f 2453:com.youku.phone/u0a54} Input dispatching timed out (Waiting to send key event because the focused window has not finished processing all of the input events that were previously delivered to it.  Outbound queue length: 0.  Wait queue length: 1.)
04-15 09:18:24.277   710   795 I WindowManager: Input event dispatching timed out sending to com.youku.phone/com.youku.usercenter.passport.activity.LoginActivity.  Reason: Waiting to send key event because the focused window has not finished processing all of the input events that were previously delivered to it.  Outbound queue length: 0.  Wait queue length: 1.
04-15 09:18:24.454   710   726 W InputManager: Input event injection from pid 2432 timed out.
04-15 09:18:24.484   710   775 I ActivityManager: Skipping duplicate ANR: ProcessRecord{1e0513f 2453:com.youku.phone/u0a54} Input dispatching timed out (Waiting to send key event because the focused window has not finished processing all of the input events that were previously delivered to it.  Outbound queue length: 0.  Wait queue length: 1.)
04-15 09:18:31.635   710   795 I WindowManager: Input event dispatching timed out sending to com.youku.phone/com.youku.usercenter.passport.activity.LoginActivity.  Reason: Waiting to send key event because the focused window has not finished processing all of the input events that were previously delivered to it.  Outbound queue length: 0.  Wait queue length: 1.
04-15 09:18:31.807   710   815 D ConnectivityService: updateNetworkScore for NetworkAgentInfo [WIFI () - 100] to 56
04-15 09:18:31.807   710   815 D ConnectivityService: rematching NetworkAgentInfo [WIFI () - 100]
04-15 09:18:31.808   710   815 D ConnectivityService: Network NetworkAgentInfo [WIFI () - 100] was already satisfying request 1. No change.
04-15 09:18:31.808   710   815 D ConnectivityService: notifyType AVAILABLE for NetworkAgentInfo [WIFI () - 100]
04-15 09:18:31.857   710  1188 W InputManager: Input event injection from pid 2432 timed out.
04-15 09:18:31.888   710   775 I ActivityManager: Skipping duplicate ANR: ProcessRecord{1e0513f 2453:com.youku.phone/u0a54} Input dispatching timed out (Waiting to send key event because the focused window has not finished processing all of the input events that were previously delivered to it.  Outbound queue length: 0.  Wait queue length: 1.)
04-15 09:18:36.877   710   795 I WindowManager: Input event dispatching timed out sending to com.youku.phone/com.youku.usercenter.passport.activity.LoginActivity.  Reason: Waiting to send key event because the focused window has not finished processing all of the input events that were previously delivered to it.  Outbound queue length: 0.  Wait queue length: 1.
04-15 09:18:37.071   710   906 W InputManager: Input event injection from pid 2432 timed out.
04-15 09:18:37.120   710   775 I ActivityManager: Skipping duplicate ANR: ProcessRecord{1e0513f 2453:com.youku.phone/u0a54} Input dispatching timed out (Waiting to send key event because the focused window has not finished processing all of the input events that were previously delivered to it.  Outbound queue length: 0.  Wait queue length: 1.)
04-15 09:18:37.956   710   815 D ConnectivityService: updateNetworkScore for NetworkAgentInfo [WIFI () - 100] to 60
04-15 09:18:37.956   710   815 D ConnectivityService: rematching NetworkAgentInfo [WIFI () - 100]
04-15 09:18:37.956   710   815 D ConnectivityService: Network NetworkAgentInfo [WIFI () - 100] was already satisfying request 1. No change.
04-15 09:18:37.957   710   815 D ConnectivityService: notifyType AVAILABLE for NetworkAgentInfo [WIFI () - 100]
04-15 09:18:43.078   710   795 I WindowManager: Input event dispatching timed out sending to com.youku.phone/com.youku.usercenter.passport.activity.LoginActivity.  Reason: Waiting to send key event because the focused window has not finished processing all of the input events that were previously delivered to it.  Outbound queue length: 0.  Wait queue length: 1.
04-15 09:18:43.255   710  1273 W InputManager: Input event injection from pid 2432 timed out.
04-15 09:18:43.285   710   775 I ActivityManager: Skipping duplicate ANR: ProcessRecord{1e0513f 2453:com.youku.phone/u0a54} Input dispatching timed out (Waiting to send key event because the focused window has not finished processing all of the input events that were previously delivered to it.  Outbound queue length: 0.  Wait queue length: 1.)
04-15 09:18:48.300   710   795 I WindowManager: Input event dispatching timed out sending to com.youku.phone/com.youku.usercenter.passport.activity.LoginActivity.  Reason: Waiting to send key event because the focused window has not finished processing all of the input events that were previously delivered to it.  Outbound queue length: 0.  Wait queue length: 1.
04-15 09:18:48.496   710   800 W ProcessCpuTracker: Skipping unknown process pid 24275
04-15 09:18:48.538   710   906 W InputManager: Input event injection from pid 2432 timed out.
04-15 09:18:48.548   710   775 I ActivityManager: Skipping duplicate ANR: ProcessRecord{1e0513f 2453:com.youku.phone/u0a54} Input dispatching timed out (Waiting to send key event because the focused window has not finished processing all of the input events that were previously delivered to it.  Outbound queue length: 0.  Wait queue length: 1.)
04-15 09:18:54.546   710   795 I WindowManager: Input event dispatching timed out sending to com.youku.phone/com.youku.usercenter.passport.activity.LoginActivity.  Reason: Waiting to send key event because the focused window has not finished processing all of the input events that were previously delivered to it.  Outbound queue length: 0.  Wait queue length: 1.
04-15 09:18:54.721   710  1282 W InputManager: Input event injection from pid 2432 timed out.
04-15 09:18:54.742   710   775 I ActivityManager: Skipping duplicate ANR: ProcessRecord{1e0513f 2453:com.youku.phone/u0a54} Input dispatching timed out (Waiting to send key event because the focused window has not finished processing all of the input events that were previously delivered to it.  Outbound queue length: 0.  Wait queue length: 1.)
04-15 09:18:59.744   710   795 I WindowManager: Input event dispatching timed out sending to com.youku.phone/com.youku.usercenter.passport.activity.LoginActivity.  Reason: Waiting to send key event because the focused window has not finished processing all of the input events that were previously delivered to it.  Outbound queue length: 0.  Wait queue length: 1.
04-15 09:18:59.879   710   726 W InputManager: Input event injection from pid 2432 timed out.
04-15 09:18:59.912   710   775 I ActivityManager: Skipping duplicate ANR: ProcessRecord{1e0513f 2453:com.youku.phone/u0a54} Input dispatching timed out (Waiting to send key event because the focused window has not finished processing all of the input events that were previously delivered to it.  Outbound queue length: 0.  Wait queue length: 1.)
04-15 09:19:05.021   710   775 W ProcessCpuTracker: Skipping unknown process pid 24386
04-15 09:19:05.022   710   775 W ProcessCpuTracker: Skipping unknown process pid 24387
04-15 09:19:05.044   710   775 W ProcessCpuTracker: Skipping unknown process pid 24394
04-15 09:19:05.048   710   775 W ProcessCpuTracker: Skipping unknown process pid 24395
04-15 09:19:05.065   710   775 W ProcessCpuTracker: Skipping unknown process pid 24399
04-15 09:19:05.074   710   775 W ProcessCpuTracker: Skipping unknown process pid 24403
04-15 09:19:05.907   710   795 I WindowManager: Input event dispatching timed out sending to com.youku.phone/com.youku.usercenter.passport.activity.LoginActivity.  Reason: Waiting to send key event because the focused window has not finished processing all of the input events that were previously delivered to it.  Outbound queue length: 0.  Wait queue length: 1.
04-15 09:19:06.085   710   775 I ActivityManager: Skipping duplicate ANR: ProcessRecord{1e0513f 2453:com.youku.phone/u0a54} Input dispatching timed out (Waiting to send key event because the focused window has not finished processing all of the input events that were previously delivered to it.  Outbound queue length: 0.  Wait queue length: 1.)
04-15 09:19:06.099   710  1282 W InputManager: Input event injection from pid 2432 timed out.
04-15 09:19:10.052   710   775 W BroadcastQueue: Timeout of broadcast BroadcastRecord{2f0fb4f8 u-1 android.intent.action.TIME_TICK} - receiver=android.os.BinderProxy@999fad2, started 10000ms ago
04-15 09:19:10.052   710   775 W BroadcastQueue: Receiver during timeout: BroadcastFilter{1ca4aa0 u0 ReceiverList{1167f7a3 2453 com.youku.phone/10054/u0 remote:999fad2}}
04-15 09:19:10.093   710   775 I ActivityManager: Skipping duplicate ANR: ProcessRecord{1e0513f 2453:com.youku.phone/u0a54} Broadcast of Intent { act=android.intent.action.TIME_TICK flg=0x50000014 (has extras) }
04-15 09:19:11.120   710   795 I WindowManager: Input event dispatching timed out sending to com.youku.phone/com.youku.usercenter.passport.activity.LoginActivity.  Reason: Waiting to send key event because the focused window has not finished processing all of the input events that were previously delivered to it.  Outbound queue length: 0.  Wait queue length: 1.
04-15 09:19:11.291   710   906 W InputManager: Input event injection from pid 2432 timed out.
04-15 09:19:11.302   710   775 I ActivityManager: Skipping duplicate ANR: ProcessRecord{1e0513f 2453:com.youku.phone/u0a54} Input dispatching timed out (Waiting to send key event because the focused window has not finished processing all of the input events that were previously delivered to it.  Outbound queue length: 0.  Wait queue length: 1.)
04-15 09:19:17.306   710   795 I WindowManager: Input event dispatching timed out sending to com.youku.phone/com.youku.usercenter.passport.activity.LoginActivity.  Reason: Waiting to send key event because the focused window has not finished processing all of the input events that were previously delivered to it.  Outbound queue length: 0.  Wait queue length: 1.
04-15 09:19:17.496   710  1201 W InputManager: Input event injection from pid 2432 timed out.
04-15 09:19:17.524   710   775 I ActivityManager: Skipping duplicate ANR: ProcessRecord{1e0513f 2453:com.youku.phone/u0a54} Input dispatching timed out (Waiting to send key event because the focused window has not finished processing all of the input events that were previously delivered to it.  Outbound queue length: 0.  Wait queue length: 1.)
04-15 09:19:22.524   710   795 I WindowManager: Input event dispatching timed out sending to com.youku.phone/com.youku.usercenter.passport.activity.LoginActivity.  Reason: Waiting to send key event because the focused window has not finished processing all of the input events that were previously delivered to it.  Outbound queue length: 0.  Wait queue length: 1.
04-15 09:19:22.681   710   800 W InputManager: Input event injection from pid 2432 timed out.
04-15 09:19:22.712   710   775 I ActivityManager: Skipping duplicate ANR: ProcessRecord{1e0513f 2453:com.youku.phone/u0a54} Input dispatching timed out (Waiting to send key event because the focused window has not finished processing all of the input events that were previously delivered to it.  Outbound queue length: 0.  Wait queue length: 1.)
04-15 09:19:28.503   710  1273 W ProcessCpuTracker: Skipping unknown process pid 24611
04-15 09:19:28.722   710   795 I WindowManager: Input event dispatching timed out sending to com.youku.phone/com.youku.usercenter.passport.activity.LoginActivity.  Reason: Waiting to send non-key event because the touched window has not finished processing certain input events that were delivered to it over 500.0ms ago.  Wait queue length: 1.  Wait queue head age: 672361.5ms.
04-15 09:19:28.857   710  1282 W InputManager: Input event injection from pid 2432 timed out.
04-15 09:19:28.859   710   726 W InputManager: Input event injection from pid 2432 failed.
04-15 09:19:28.860   710   775 I ActivityManager: Skipping duplicate ANR: ProcessRecord{1e0513f 2453:com.youku.phone/u0a54} Input dispatching timed out (Waiting to send non-key event because the touched window has not finished processing certain input events that were delivered to it over 500.0ms ago.  Wait queue length: 1.  Wait queue head age: 672361.5ms.)
04-15 09:19:28.862   710   906 W InputManager: Input event injection from pid 2432 failed.
04-15 09:19:28.864   710  1276 W InputManager: Input event injection from pid 2432 failed.
04-15 09:19:28.866   710  1188 W InputManager: Input event injection from pid 2432 failed.
04-15 09:19:34.888   710   795 I WindowManager: Input event dispatching timed out sending to com.youku.phone/com.youku.usercenter.passport.activity.LoginActivity.  Reason: Waiting to send non-key event because the touched window has not finished processing certain input events that were delivered to it over 500.0ms ago.  Wait queue length: 1.  Wait queue head age: 678516.7ms.
04-15 09:19:35.099   710   726 W InputManager: Input event injection from pid 2432 timed out.
04-15 09:19:35.108   710  1276 W InputManager: Input event injection from pid 2432 failed.
04-15 09:19:35.148   710   775 I ActivityManager: Skipping duplicate ANR: ProcessRecord{1e0513f 2453:com.youku.phone/u0a54} Input dispatching timed out (Waiting to send non-key event because the touched window has not finished processing certain input events that were delivered to it over 500.0ms ago.  Wait queue length: 1.  Wait queue head age: 678516.7ms.)
04-15 09:19:41.116   710   795 I WindowManager: Input event dispatching timed out sending to com.youku.phone/com.youku.usercenter.passport.activity.LoginActivity.  Reason: Waiting to send key event because the focused window has not finished processing all of the input events that were previously delivered to it.  Outbound queue length: 0.  Wait queue length: 1.
04-15 09:19:41.273   710   906 W InputManager: Input event injection from pid 2432 timed out.
04-15 09:19:41.300   710   775 I ActivityManager: Skipping duplicate ANR: ProcessRecord{1e0513f 2453:com.youku.phone/u0a54} Input dispatching timed out (Waiting to send key event because the focused window has not finished processing all of the input events that were previously delivered to it.  Outbound queue length: 0.  Wait queue length: 1.)
04-15 09:19:46.288   710   795 I WindowManager: Input event dispatching timed out sending to com.youku.phone/com.youku.usercenter.passport.activity.LoginActivity.  Reason: Waiting to send key event because the focused window has not finished processing all of the input events that were previously delivered to it.  Outbound queue length: 0.  Wait queue length: 1.
04-15 09:19:46.469   710   800 W InputManager: Input event injection from pid 2432 timed out.
