04-15 08:57:29.046  2453  2453 W ViewRootImpl: Cancelling event due to no window focus: KeyEvent { action=ACTION_UP, keyCode=KEYCODE_MENU, scanCode=0, metaState=0, flags=0x80000028, repeatCount=0, eventTime=1470069, downTime=1470069, deviceId=-1, source=0x101 }
04-15 08:57:29.047  2453  2453 W ViewRootImpl: Cancelling event due to no window focus: KeyEvent { action=ACTION_UP, keyCode=KEYCODE_MENU, scanCode=0, metaState=0, flags=0x80000028, repeatCount=0, eventTime=1470069, downTime=1470069, deviceId=-1, source=0x101 }
04-15 08:57:37.561   710   795 I WindowManager: Input event dispatching timed out sending to com.youku.phone/com.youku.ui.activity.DetailActivity.  Reason: Waiting to send key event because the focused window has not finished processing all of the input events that were previously delivered to it.  Outbound queue length: 0.  Wait queue length: 1.
04-15 08:57:38.005   710  1282 W InputManager: Input event injection from pid 2432 timed out.
04-15 08:57:38.059   710   775 I ActivityManager: Skipping duplicate ANR: ProcessRecord{1e0513f 2453:com.youku.phone/u0a54} Input dispatching timed out (Waiting to send key event because the focused window has not finished processing all of the input events that were previously delivered to it.  Outbound queue length: 0.  Wait queue length: 1.)
04-15 08:57:45.484   710   795 I WindowManager: Input event dispatching timed out sending to com.youku.phone/com.youku.ui.activity.DetailActivity.  Reason: Waiting to send non-key event because the focused window has not finished processing certain input events that were delivered to it over 500.0ms ago.  Wait queue length: 1.  Wait queue head age: 6006.4ms.
04-15 08:57:45.837   710  1282 W InputManager: Input event injection from pid 2432 timed out.
04-15 08:57:50.296   710   775 I ActivityManager: Skipping duplicate ANR: ProcessRecord{1e0513f 2453:com.youku.phone/u0a54} Input dispatching timed out (Waiting to send non-key event because the focused window has not finished processing certain input events that were delivered to it over 500.0ms ago.  Wait queue length: 1.  Wait queue head age: 6006.4ms.)
04-15 08:57:50.861   710   795 I WindowManager: Input event dispatching timed out sending to com.youku.phone/com.youku.ui.activity.DetailActivity.  Reason: Waiting to send non-key event because the focused window has not finished processing certain input events that were delivered to it over 500.0ms ago.  Wait queue length: 1.  Wait queue head age: 11382.8ms.
04-15 08:57:51.151   710   336 W InputManager: Input event injection from pid 2432 timed out.
04-15 08:57:51.445   710   814 D WifiService: New client listening to asynchronous messages
04-15 08:57:53.549   710  1273 W ActivityManager: Unable to start service Intent { pkg=com.youku.phone cmp=com.youku.phone/com.taobao.accs.ChannelService$KernelService } U=0: not found
04-15 08:57:55.387   710   775 W ProcessCpuTracker: Skipping unknown process pid 31237
04-15 08:57:55.454   710   775 I ActivityManager: Skipping duplicate ANR: ProcessRecord{1e0513f 2453:com.youku.phone/u0a54} Input dispatching timed out (Waiting to send non-key event because the focused window has not finished processing certain input events that were delivered to it over 500.0ms ago.  Wait queue length: 1.  Wait queue head age: 11382.8ms.)
04-15 08:57:56.176   710   795 I WindowManager: Input event dispatching timed out sending to com.youku.phone/com.youku.ui.activity.DetailActivity.  Reason: Waiting to send non-key event because the focused window has not finished processing certain input events that were delivered to it over 500.0ms ago.  Wait queue length: 1.  Wait queue head age: 16698.4ms.
04-15 08:57:56.532   710   775 I ActivityManager: Skipping duplicate ANR: ProcessRecord{1e0513f 2453:com.youku.phone/u0a54} Input dispatching timed out (Waiting to send non-key event because the focused window has not finished processing certain input events that were delivered to it over 500.0ms ago.  Wait queue length: 1.  Wait queue head age: 16698.4ms.)
04-15 08:57:56.545   710  1282 W InputManager: Input event injection from pid 2432 timed out.
04-15 08:58:01.559   710   795 I WindowManager: Input event dispatching timed out sending to com.youku.phone/com.youku.ui.activity.DetailActivity.  Reason: Waiting to send non-key event because the focused window has not finished processing certain input events that were delivered to it over 500.0ms ago.  Wait queue length: 1.  Wait queue head age: 22076.9ms.
04-15 08:58:01.812   710   775 I ActivityManager: Skipping duplicate ANR: ProcessRecord{1e0513f 2453:com.youku.phone/u0a54} Input dispatching timed out (Waiting to send non-key event because the focused window has not finished processing certain input events that were delivered to it over 500.0ms ago.  Wait queue length: 1.  Wait queue head age: 22076.9ms.)
04-15 08:58:01.822   710   336 W InputManager: Input event injection from pid 2432 timed out.
04-15 08:58:06.838   710   795 I WindowManager: Input event dispatching timed out sending to com.youku.phone/com.youku.ui.activity.DetailActivity.  Reason: Waiting to send non-key event because the focused window has not finished processing certain input events that were delivered to it over 500.0ms ago.  Wait queue length: 1.  Wait queue head age: 27360.0ms.
04-15 08:58:07.094   710   906 W InputManager: Input event injection from pid 2432 timed out.
04-15 08:58:07.181   710   775 I ActivityManager: Skipping duplicate ANR: ProcessRecord{1e0513f 2453:com.youku.phone/u0a54} Input dispatching timed out (Waiting to send non-key event because the focused window has not finished processing certain input events that were delivered to it over 500.0ms ago.  Wait queue length: 1.  Wait queue head age: 27360.0ms.)
04-15 08:58:10.161   710   775 W BroadcastQueue: Timeout of broadcast BroadcastRecord{15185b59 u-1 android.intent.action.TIME_TICK} - receiver=android.os.BinderProxy@999fad2, started 10000ms ago
04-15 08:58:10.161   710   775 W BroadcastQueue: Receiver during timeout: BroadcastFilter{1ca4aa0 u0 ReceiverList{1167f7a3 2453 com.youku.phone/10054/u0 remote:999fad2}}
04-15 08:58:10.186   710   775 I ActivityManager: Skipping duplicate ANR: ProcessRecord{1e0513f 2453:com.youku.phone/u0a54} Broadcast of Intent { act=android.intent.action.TIME_TICK flg=0x50000014 (has extras) }
04-15 08:58:12.111   710   795 I WindowManager: Input event dispatching timed out sending to com.youku.phone/com.youku.ui.activity.DetailActivity.  Reason: Waiting to send non-key event because the focused window has not finished processing certain input events that were delivered to it over 500.0ms ago.  Wait queue length: 1.  Wait queue head age: 32633.0ms.
04-15 08:58:12.387   710  1245 W InputManager: Input event injection from pid 2432 timed out.
04-15 08:58:13.188   710   775 I ActivityManager: Skipping duplicate ANR: ProcessRecord{1e0513f 2453:com.youku.phone/u0a54} Input dispatching timed out (Waiting to send non-key event because the focused window has not finished processing certain input events that were delivered to it over 500.0ms ago.  Wait queue length: 1.  Wait queue head age: 32633.0ms.)
04-15 08:58:20.586  2453  2453 W ViewRootImpl: Dropping event due to no window focus: MotionEvent { action=ACTION_MOVE, id[0]=0, x[0]=0.0, y[0]=-4.0, toolType[0]=TOOL_TYPE_UNKNOWN, buttonState=0, metaState=0, flags=0x0, edgeFlags=0x0, pointerCount=1, historySize=9, eventTime=1521711, downTime=-1, deviceId=0, source=0x10004 }
04-15 08:58:45.794   710   775 W ProcessCpuTracker: Skipping unknown process pid 12968
04-15 08:58:45.795   710   775 W ProcessCpuTracker: Skipping unknown process pid 12975
04-15 08:58:45.819   710   775 W ProcessCpuTracker: Skipping unknown process pid 12976
04-15 08:58:45.820   710   775 W ProcessCpuTracker: Skipping unknown process pid 12977
04-15 08:58:52.907   710   795 I WindowManager: Input event dispatching timed out sending to com.youku.phone/com.youku.ui.activity.DetailActivity.  Reason: Waiting to send key event because the focused window has not finished processing all of the input events that were previously delivered to it.  Outbound queue length: 0.  Wait queue length: 1.
04-15 08:58:53.104   710  1273 W InputManager: Input event injection from pid 2432 timed out.
04-15 08:58:53.192   710   775 I ActivityManager: Skipping duplicate ANR: ProcessRecord{1e0513f 2453:com.youku.phone/u0a54} Input dispatching timed out (Waiting to send key event because the focused window has not finished processing all of the input events that were previously delivered to it.  Outbound queue length: 0.  Wait queue length: 1.)
04-15 08:58:59.151   710   906 V WindowManager: Adding window Window{2b302d82 u0 AtchDlg:com.youku.phone/com.youku.ui.activity.DetailActivity} at 7 of 13 (after Window{b52cdb8 u0 com.youku.phone/com.youku.ui.activity.DetailActivity})
04-15 08:59:01.986   710   336 W InputMethodManagerService: Window already focused, ignoring focus gain of: com.android.internal.view.IInputMethodClient$Stub$Proxy@9f9ccc9 attribute=null, token = android.os.BinderProxy@30f2b81b
04-15 08:59:05.645   710  1282 V WindowManager: Adding window Window{19b3feef u0 AtchDlg:com.youku.phone/com.youku.ui.activity.DetailActivity} at 7 of 13 (after Window{b52cdb8 u0 com.youku.phone/com.youku.ui.activity.DetailActivity})
04-15 08:59:07.289   710   336 W InputMethodManagerService: Window already focused, ignoring focus gain of: com.android.internal.view.IInputMethodClient$Stub$Proxy@252a8dfc attribute=null, token = android.os.BinderProxy@30f2b81b
04-15 08:59:14.207   710  1245 V WindowManager: not Base app: Adding window Window{1753daa6 u0 com.youku.phone/com.youku.ui.activity.DetailActivity} at 7 of 13
04-15 08:59:20.315   710   795 I WindowManager: Input event dispatching timed out sending to com.youku.phone/com.youku.ui.activity.DetailActivity.  Reason: Waiting to send key event because the focused window has not finished processing all of the input events that were previously delivered to it.  Outbound queue length: 0.  Wait queue length: 1.
04-15 08:59:22.164   710  1282 W InputManager: Input event injection from pid 2432 timed out.
04-15 08:59:22.256   710   775 I ActivityManager: Skipping duplicate ANR: ProcessRecord{1e0513f 2453:com.youku.phone/u0a54} Input dispatching timed out (Waiting to send key event because the focused window has not finished processing all of the input events that were previously delivered to it.  Outbound queue length: 0.  Wait queue length: 1.)
04-15 08:59:25.104   710   775 I ActivityManager: Waited long enough for: ServiceRecord{17496c85 u0 com.android.music/.MediaPlaybackService}
04-15 08:59:28.223   710   795 I WindowManager: Input event dispatching timed out sending to com.youku.phone/com.youku.ui.activity.DetailActivity.  Reason: Waiting to send non-key event because the focused window has not finished processing certain input events that were delivered to it over 500.0ms ago.  Wait queue length: 2.  Wait queue head age: 12914.6ms.
04-15 08:59:28.626   710  1282 W InputManager: Input event injection from pid 2432 timed out.
04-15 08:59:31.946   710   775 I ActivityManager: Skipping duplicate ANR: ProcessRecord{1e0513f 2453:com.youku.phone/u0a54} Input dispatching timed out (Waiting to send non-key event because the focused window has not finished processing certain input events that were delivered to it over 500.0ms ago.  Wait queue length: 2.  Wait queue head age: 12914.6ms.)
04-15 08:59:33.632   710   795 I WindowManager: Input event dispatching timed out sending to com.youku.phone/com.youku.ui.activity.DetailActivity.  Reason: Waiting to send non-key event because the focused window has not finished processing certain input events that were delivered to it over 500.0ms ago.  Wait queue length: 2.  Wait queue head age: 18323.7ms.
04-15 08:59:34.010   710  1245 W InputManager: Input event injection from pid 2432 timed out.
04-15 08:59:36.147   710   775 I ActivityManager: Skipping duplicate ANR: ProcessRecord{1e0513f 2453:com.youku.phone/u0a54} Input dispatching timed out (Waiting to send non-key event because the focused window has not finished processing certain input events that were delivered to it over 500.0ms ago.  Wait queue length: 2.  Wait queue head age: 18323.7ms.)
04-15 08:59:39.065   710   795 I WindowManager: Input event dispatching timed out sending to com.youku.phone/com.youku.ui.activity.DetailActivity.  Reason: Waiting to send non-key event because the focused window has not finished processing certain input events that were delivered to it over 500.0ms ago.  Wait queue length: 2.  Wait queue head age: 23756.8ms.
04-15 08:59:39.516   710   775 I ActivityManager: Skipping duplicate ANR: ProcessRecord{1e0513f 2453:com.youku.phone/u0a54} Input dispatching timed out (Waiting to send non-key event because the focused window has not finished processing certain input events that were delivered to it over 500.0ms ago.  Wait queue length: 2.  Wait queue head age: 23756.8ms.)
04-15 08:59:39.517   710  1188 W InputManager: Input event injection from pid 2432 timed out.
04-15 08:59:44.522   710   795 I WindowManager: Input event dispatching timed out sending to com.youku.phone/com.youku.ui.activity.DetailActivity.  Reason: Waiting to send non-key event because the focused window has not finished processing certain input events that were delivered to it over 500.0ms ago.  Wait queue length: 2.  Wait queue head age: 29213.7ms.
04-15 08:59:44.869   710  1273 W InputManager: Input event injection from pid 2432 timed out.
04-15 08:59:45.645   710   775 I ActivityManager: Skipping duplicate ANR: ProcessRecord{1e0513f 2453:com.youku.phone/u0a54} Input dispatching timed out (Waiting to send non-key event because the focused window has not finished processing certain input events that were delivered to it over 500.0ms ago.  Wait queue length: 2.  Wait queue head age: 29213.7ms.)
04-15 08:59:49.878   710   795 I WindowManager: Input event dispatching timed out sending to com.youku.phone/com.youku.ui.activity.DetailActivity.  Reason: Waiting to send non-key event because the focused window has not finished processing certain input events that were delivered to it over 500.0ms ago.  Wait queue length: 2.  Wait queue head age: 34569.0ms.
04-15 08:59:50.140   710   336 W InputManager: Input event injection from pid 2432 timed out.
04-15 08:59:50.593   710   775 I ActivityManager: Skipping duplicate ANR: ProcessRecord{1e0513f 2453:com.youku.phone/u0a54} Input dispatching timed out (Waiting to send non-key event because the focused window has not finished processing certain input events that were delivered to it over 500.0ms ago.  Wait queue length: 2.  Wait queue head age: 34569.0ms.)
04-15 08:59:55.164   710   795 I WindowManager: Input event dispatching timed out sending to com.youku.phone/com.youku.ui.activity.DetailActivity.  Reason: Waiting to send non-key event because the focused window has not finished processing certain input events that were delivered to it over 500.0ms ago.  Wait queue length: 2.  Wait queue head age: 39847.9ms.
04-15 08:59:55.504   710   775 I ActivityManager: Skipping duplicate ANR: ProcessRecord{1e0513f 2453:com.youku.phone/u0a54} Input dispatching timed out (Waiting to send non-key event because the focused window has not finished processing certain input events that were delivered to it over 500.0ms ago.  Wait queue length: 2.  Wait queue head age: 39847.9ms.)
04-15 08:59:55.509   710  1188 W InputManager: Input event injection from pid 2432 timed out.
04-15 09:00:00.521   710   795 I WindowManager: Input event dispatching timed out sending to com.youku.phone/com.youku.ui.activity.DetailActivity.  Reason: Waiting to send non-key event because the focused window has not finished processing certain input events that were delivered to it over 500.0ms ago.  Wait queue length: 2.  Wait queue head age: 45212.7ms.
04-15 09:00:00.743   710   775 I ActivityManager: Skipping duplicate ANR: ProcessRecord{1e0513f 2453:com.youku.phone/u0a54} Input dispatching timed out (Waiting to send non-key event because the focused window has not finished processing certain input events that were delivered to it over 500.0ms ago.  Wait queue length: 2.  Wait queue head age: 45212.7ms.)
04-15 09:00:00.752   710  1245 W InputManager: Input event injection from pid 2432 timed out.
04-15 09:00:05.770   710   795 I WindowManager: Input event dispatching timed out sending to com.youku.phone/com.youku.ui.activity.DetailActivity.  Reason: Waiting to send non-key event because the focused window has not finished processing certain input events that were delivered to it over 500.0ms ago.  Wait queue length: 2.  Wait queue head age: 50455.3ms.
04-15 09:00:06.050   710  1201 W InputManager: Input event injection from pid 2432 timed out.
04-15 09:00:06.188   710   775 I ActivityManager: Skipping duplicate ANR: ProcessRecord{1e0513f 2453:com.youku.phone/u0a54} Input dispatching timed out (Waiting to send non-key event because the focused window has not finished processing certain input events that were delivered to it over 500.0ms ago.  Wait queue length: 2.  Wait queue head age: 50455.3ms.)
04-15 09:00:10.244   710   775 W BroadcastQueue: Timeout of broadcast BroadcastRecord{15b1987e u-1 android.intent.action.TIME_TICK} - receiver=android.os.BinderProxy@999fad2, started 10000ms ago
04-15 09:00:10.244   710   775 W BroadcastQueue: Receiver during timeout: BroadcastFilter{1ca4aa0 u0 ReceiverList{1167f7a3 2453 com.youku.phone/10054/u0 remote:999fad2}}
04-15 09:00:10.251   710   775 I ActivityManager: Skipping duplicate ANR: ProcessRecord{1e0513f 2453:com.youku.phone/u0a54} Broadcast of Intent { act=android.intent.action.TIME_TICK flg=0x50000014 (has extras) }
04-15 09:00:11.094   710   795 I WindowManager: Input event dispatching timed out sending to com.youku.phone/com.youku.ui.activity.DetailActivity.  Reason: Waiting to send non-key event because the focused window has not finished processing certain input events that were delivered to it over 500.0ms ago.  Wait queue length: 2.  Wait queue head age: 55785.9ms.
04-15 09:00:11.424   710  1188 W InputManager: Input event injection from pid 2432 timed out.
04-15 09:00:11.528   710   775 I ActivityManager: Skipping duplicate ANR: ProcessRecord{1e0513f 2453:com.youku.phone/u0a54} Input dispatching timed out (Waiting to send non-key event because the focused window has not finished processing certain input events that were delivered to it over 500.0ms ago.  Wait queue length: 2.  Wait queue head age: 55785.9ms.)
04-15 09:00:13.842  2453  2453 W ViewRootImpl: Dropping event due to no window focus: KeyEvent { action=ACTION_DOWN, keyCode=KEYCODE_DPAD_DOWN, scanCode=0, metaState=0, flags=0x8, repeatCount=0, eventTime=1576473, downTime=1576473, deviceId=-1, source=0x101 }
04-15 09:00:13.867  2453  2453 W ViewRootImpl: Cancelling event due to no window focus: KeyEvent { action=ACTION_UP, keyCode=KEYCODE_DPAD_DOWN, scanCode=0, metaState=0, flags=0x28, repeatCount=0, eventTime=1583327, downTime=1576473, deviceId=-1, source=0x101 }
04-15 09:00:13.867  2453  2453 W ViewRootImpl: Cancelling event due to no window focus: KeyEvent { action=ACTION_UP, keyCode=KEYCODE_DPAD_DOWN, scanCode=0, metaState=0, flags=0x28, repeatCount=0, eventTime=1583327, downTime=1576473, deviceId=-1, source=0x101 }
04-15 09:00:13.903  2453  2453 W ViewRootImpl: Cancelling event due to no window focus: KeyEvent { action=ACTION_UP, keyCode=KEYCODE_DPAD_DOWN, scanCode=0, metaState=0, flags=0x28, repeatCount=0, eventTime=1583327, downTime=1576473, deviceId=-1, source=0x101 }
04-15 09:00:13.904  2453  2453 W ViewRootImpl: Cancelling event due to no window focus: KeyEvent { action=ACTION_UP, keyCode=KEYCODE_DPAD_DOWN, scanCode=0, metaState=0, flags=0x28, repeatCount=0, eventTime=1583327, downTime=1576473, deviceId=-1, source=0x101 }
04-15 09:00:13.904  2453  2453 W ViewRootImpl: Cancelling event due to no window focus: KeyEvent { action=ACTION_UP, keyCode=KEYCODE_DPAD_DOWN, scanCode=0, metaState=0, flags=0x28, repeatCount=0, eventTime=1583327, downTime=1576473, deviceId=-1, source=0x101 }
04-15 09:00:13.905  2453  2453 W ViewRootImpl: Cancelling event due to no window focus: KeyEvent { action=ACTION_UP, keyCode=KEYCODE_DPAD_DOWN, scanCode=0, metaState=0, flags=0x28, repeatCount=0, eventTime=1583327, downTime=1576473, deviceId=-1, source=0x101 }
04-15 09:00:13.907  2453  2453 W ViewRootImpl: Cancelling event due to no window focus: KeyEvent { action=ACTION_UP, keyCode=KEYCODE_DPAD_DOWN, scanCode=0, metaState=0, flags=0x80000028, repeatCount=0, eventTime=1583327, downTime=1576473, deviceId=-1, source=0x101 }
04-15 09:00:13.914  2453  2453 W ViewRootImpl: Cancelling event due to no window focus: KeyEvent { action=ACTION_UP, keyCode=KEYCODE_DPAD_DOWN, scanCode=0, metaState=0, flags=0x80000028, repeatCount=0, eventTime=1583327, downTime=1576473, deviceId=-1, source=0x101 }
04-15 09:00:13.915  2453  2453 W ViewRootImpl: Cancelling event due to no window focus: KeyEvent { action=ACTION_UP, keyCode=KEYCODE_DPAD_DOWN, scanCode=0, metaState=0, flags=0x80000028, repeatCount=0, eventTime=1583327, downTime=1576473, deviceId=-1, source=0x101 }
04-15 09:00:24.291   710   795 I WindowManager: Input event dispatching timed out sending to com.youku.phone/com.youku.ui.activity.DetailActivity.  Reason: Waiting to send key event because the focused window has not finished processing all of the input events that were previously delivered to it.  Outbound queue length: 0.  Wait queue length: 20.
04-15 09:00:24.639   710  1245 W InputManager: Input event injection from pid 2432 timed out.
04-15 09:00:26.153   710   775 I ActivityManager: Skipping duplicate ANR: ProcessRecord{1e0513f 2453:com.youku.phone/u0a54} Input dispatching timed out (Waiting to send key event because the focused window has not finished processing all of the input events that were previously delivered to it.  Outbound queue length: 0.  Wait queue length: 20.)
04-15 09:00:29.650   710   795 I WindowManager: Input event dispatching timed out sending to com.youku.phone/com.youku.ui.activity.DetailActivity.  Reason: Waiting to send key event because the focused window has not finished processing all of the input events that were previously delivered to it.  Outbound queue length: 0.  Wait queue length: 20.
04-15 09:00:29.986   710   775 I ActivityManager: Skipping duplicate ANR: ProcessRecord{1e0513f 2453:com.youku.phone/u0a54} Input dispatching timed out (Waiting to send key event because the focused window has not finished processing all of the input events that were previously delivered to it.  Outbound queue length: 0.  Wait queue length: 20.)
04-15 09:00:29.987   710  1245 W InputManager: Input event injection from pid 2432 timed out.
04-15 09:00:33.866   710   906 I ActivityManager: START u0 {act=android.intent.action.MAIN cat=[android.intent.category.LAUNCHER] flg=0x10200000 cmp=com.youku.phone/.ActivityWelcome} from uid 0 on display 0
04-15 09:00:39.939   710   795 I WindowManager: Input event dispatching timed out sending to com.youku.phone/com.youku.ui.activity.DetailActivity.  Reason: Waiting to send non-key event because the focused window has not finished processing certain input events that were delivered to it over 500.0ms ago.  Wait queue length: 2.  Wait queue head age: 7145.0ms.
04-15 09:00:40.367   710   906 W InputManager: Input event injection from pid 2432 timed out.
04-15 09:00:40.590   710   775 I ActivityManager: Skipping duplicate ANR: ProcessRecord{1e0513f 2453:com.youku.phone/u0a54} Input dispatching timed out (Waiting to send non-key event because the focused window has not finished processing certain input events that were delivered to it over 500.0ms ago.  Wait queue length: 2.  Wait queue head age: 7145.0ms.)
04-15 09:00:44.926   710   800 W InputMethodManagerService: Window already focused, ignoring focus gain of: com.android.internal.view.IInputMethodClient$Stub$Proxy@1bac3771 attribute=android.view.inputmethod.EditorInfo@139e3956, token = android.os.BinderProxy@394c01
04-15 09:00:46.736   710   795 I ActivityManager: START u0 {act=android.intent.action.MAIN cat=[android.intent.category.LAUNCHER] flg=0x10000000 cmp=com.android.contacts/.activities.PeopleActivity sel=act=android.intent.action.MAIN cat=[android.intent.category.APP_CONTACTS]}} from uid 1000 on display 0
04-15 09:00:54.038   710   795 I WindowManager: Input event dispatching timed out sending to com.youku.phone/com.youku.ui.activity.DetailActivity.  Reason: Waiting to send key event because the focused window has not finished processing all of the input events that were previously delivered to it.  Outbound queue length: 0.  Wait queue length: 1.
04-15 09:00:54.437   710  1201 W InputManager: Input event injection from pid 2432 timed out.
04-15 09:00:54.612   710   775 I ActivityManager: Skipping duplicate ANR: ProcessRecord{1e0513f 2453:com.youku.phone/u0a54} Input dispatching timed out (Waiting to send key event because the focused window has not finished processing all of the input events that were previously delivered to it.  Outbound queue length: 0.  Wait queue length: 1.)
04-15 09:01:13.707   854   854 W ViewRootImpl: Dropping event due to no window focus: KeyEvent { action=ACTION_DOWN, keyCode=KEYCODE_DPAD_RIGHT, scanCode=0, metaState=0, flags=0x8, repeatCount=0, eventTime=1694230, downTime=1694230, deviceId=-1, source=0x101 }
04-15 09:01:13.725   854   854 W ViewRootImpl: Cancelling event due to no window focus: KeyEvent { action=ACTION_UP, keyCode=KEYCODE_DPAD_RIGHT, scanCode=0, metaState=0, flags=0x28, repeatCount=0, eventTime=1694235, downTime=1694235, deviceId=-1, source=0x101 }
04-15 09:01:13.726   854   854 W ViewRootImpl: Cancelling event due to no window focus: KeyEvent { action=ACTION_UP, keyCode=KEYCODE_DPAD_RIGHT, scanCode=0, metaState=0, flags=0x28, repeatCount=0, eventTime=1694235, downTime=1694235, deviceId=-1, source=0x101 }
04-15 09:01:13.752   854   854 W ViewRootImpl: Cancelling event due to no window focus: KeyEvent { action=ACTION_UP, keyCode=KEYCODE_DPAD_RIGHT, scanCode=0, metaState=0, flags=0x28, repeatCount=0, eventTime=1694235, downTime=1694235, deviceId=-1, source=0x101 }
04-15 09:01:13.753   854   854 W ViewRootImpl: Cancelling event due to no window focus: KeyEvent { action=ACTION_UP, keyCode=KEYCODE_DPAD_RIGHT, scanCode=0, metaState=0, flags=0x28, repeatCount=0, eventTime=1694235, downTime=1694235, deviceId=-1, source=0x101 }
04-15 09:01:13.753   854   854 W ViewRootImpl: Cancelling event due to no window focus: KeyEvent { action=ACTION_UP, keyCode=KEYCODE_DPAD_RIGHT, scanCode=0, metaState=0, flags=0x28, repeatCount=0, eventTime=1694235, downTime=1694235, deviceId=-1, source=0x101 }
04-15 09:01:13.754   854   854 W ViewRootImpl: Cancelling event due to no window focus: KeyEvent { action=ACTION_UP, keyCode=KEYCODE_DPAD_RIGHT, scanCode=0, metaState=0, flags=0x28, repeatCount=0, eventTime=1694235, downTime=1694235, deviceId=-1, source=0x101 }
04-15 09:01:13.860   854   854 W ViewRootImpl: Cancelling event due to no window focus: KeyEvent { action=ACTION_UP, keyCode=KEYCODE_DPAD_RIGHT, scanCode=0, metaState=0, flags=0x80000028, repeatCount=0, eventTime=1694235, downTime=1694235, deviceId=-1, source=0x101 }
04-15 09:01:13.880   854   854 W ViewRootImpl: Cancelling event due to no window focus: KeyEvent { action=ACTION_UP, keyCode=KEYCODE_DPAD_RIGHT, scanCode=0, metaState=0, flags=0x80000028, repeatCount=0, eventTime=1694235, downTime=1694235, deviceId=-1, source=0x101 }
04-15 09:01:13.881   854   854 W ViewRootImpl: Cancelling event due to no window focus: KeyEvent { action=ACTION_UP, keyCode=KEYCODE_DPAD_RIGHT, scanCode=0, metaState=0, flags=0x80000028, repeatCount=0, eventTime=1694235, downTime=1694235, deviceId=-1, source=0x101 }
04-15 09:01:17.278   854   854 W ViewRootImpl: Dropping event due to root view being removed: MotionEvent { action=ACTION_UP, id[0]=0, x[0]=538.49866, y[0]=763.448, toolType[0]=TOOL_TYPE_UNKNOWN, buttonState=0, metaState=0, flags=0x0, edgeFlags=0x0, pointerCount=1, historySize=0, eventTime=1698356, downTime=1698346, deviceId=0, source=0x1002 }
04-15 09:01:17.695   710  1273 W InputMethodManagerService: Window already focused, ignoring focus gain of: com.android.internal.view.IInputMethodClient$Stub$Proxy@2514dac7 attribute=null, token = android.os.BinderProxy@30f2b81b
04-15 09:01:18.232   710  1273 V WindowManager: Adding window Window{297fa92 u0 AtchDlg:com.youku.phone/com.youku.ui.activity.DetailActivity} at 7 of 13 (after Window{b52cdb8 u0 com.youku.phone/com.youku.ui.activity.DetailActivity})
04-15 09:01:24.366   710  1273 I ActivityManager: START u0 {act=android.intent.action.MAIN cat=[android.intent.category.LAUNCHER] flg=0x10200000 cmp=com.youku.phone/.ActivityWelcome} from uid 0 on display 0
04-15 09:01:31.462   710   795 I WindowManager: Input event dispatching timed out sending to AtchDlg:com.youku.phone/com.youku.ui.activity.DetailActivity.  Reason: Waiting to send non-key event because the focused window has not finished processing certain input events that were delivered to it over 500.0ms ago.  Wait queue length: 2.  Wait queue head age: 6019.6ms.
04-15 09:01:31.815   710   775 I ActivityManager: Skipping duplicate ANR: ProcessRecord{1e0513f 2453:com.youku.phone/u0a54} Input dispatching timed out (Waiting to send non-key event because the focused window has not finished processing certain input events that were delivered to it over 500.0ms ago.  Wait queue length: 2.  Wait queue head age: 6019.6ms.)
04-15 09:01:31.815   710   800 W InputManager: Input event injection from pid 2432 timed out.
04-15 09:01:36.823   710   795 I WindowManager: Input event dispatching timed out sending to AtchDlg:com.youku.phone/com.youku.ui.activity.DetailActivity.  Reason: Waiting to send non-key event because the focused window has not finished processing certain input events that were delivered to it over 500.0ms ago.  Wait queue length: 2.  Wait queue head age: 11380.1ms.
04-15 09:01:37.180   710  1188 W InputManager: Input event injection from pid 2432 timed out.
04-15 09:01:37.595   710   775 I ActivityManager: Skipping duplicate ANR: ProcessRecord{1e0513f 2453:com.youku.phone/u0a54} Input dispatching timed out (Waiting to send non-key event because the focused window has not finished processing certain input events that were delivered to it over 500.0ms ago.  Wait queue length: 2.  Wait queue head age: 11380.1ms.)
04-15 09:01:41.250   710  1245 W InputMethodManagerService: Window already focused, ignoring focus gain of: com.android.internal.view.IInputMethodClient$Stub$Proxy@1991728c attribute=null, token = android.os.BinderProxy@30f2b81b
04-15 09:01:56.177   710   795 I WindowManager: Input event dispatching timed out sending to com.youku.phone/com.youku.ui.activity.DetailActivity.  Reason: Waiting to send key event because the focused window has not finished processing all of the input events that were previously delivered to it.  Outbound queue length: 0.  Wait queue length: 2.
04-15 09:01:56.377   710  1201 W InputManager: Input event injection from pid 2432 timed out.
04-15 09:01:56.951   710   775 I ActivityManager: Skipping duplicate ANR: ProcessRecord{1e0513f 2453:com.youku.phone/u0a54} Input dispatching timed out (Waiting to send key event because the focused window has not finished processing all of the input events that were previously delivered to it.  Outbound queue length: 0.  Wait queue length: 2.)
04-15 09:02:06.551   710   795 I WindowManager: Input event dispatching timed out sending to com.youku.phone/com.youku.ui.activity.DetailActivity.  Reason: Waiting to send non-key event because the touched window has not finished processing certain input events that were delivered to it over 500.0ms ago.  Wait queue length: 2.  Wait queue head age: 6034.9ms.
04-15 09:02:06.856   710   775 I ActivityManager: Skipping duplicate ANR: ProcessRecord{1e0513f 2453:com.youku.phone/u0a54} Input dispatching timed out (Waiting to send non-key event because the touched window has not finished processing certain input events that were delivered to it over 500.0ms ago.  Wait queue length: 2.  Wait queue head age: 6034.9ms.)
04-15 09:02:06.863   710   906 W InputManager: Input event injection from pid 2432 timed out.
04-15 09:02:06.866   710  1245 W InputManager: Input event injection from pid 2432 failed.
04-15 09:02:06.869   710   727 W InputManager: Input event injection from pid 2432 failed.
04-15 09:02:06.875   710   800 W InputManager: Input event injection from pid 2432 failed.
04-15 09:02:10.253   710   775 W BroadcastQueue: Timeout of broadcast BroadcastRecord{3954f4db u-1 android.intent.action.TIME_TICK} - receiver=android.os.BinderProxy@999fad2, started 10000ms ago
04-15 09:02:10.253   710   775 W BroadcastQueue: Receiver during timeout: BroadcastFilter{1ca4aa0 u0 ReceiverList{1167f7a3 2453 com.youku.phone/10054/u0 remote:999fad2}}
04-15 09:02:10.448   710   775 I ActivityManager: Skipping duplicate ANR: ProcessRecord{1e0513f 2453:com.youku.phone/u0a54} Broadcast of Intent { act=android.intent.action.TIME_TICK flg=0x50000014 (has extras) }
04-15 09:02:12.884   710   795 I WindowManager: Input event dispatching timed out sending to com.youku.phone/com.youku.ui.activity.DetailActivity.  Reason: Waiting to send key event because the focused window has not finished processing all of the input events that were previously delivered to it.  Outbound queue length: 0.  Wait queue length: 2.
04-15 09:02:13.200   710   906 W InputManager: Input event injection from pid 2432 timed out.
04-15 09:02:13.207   710   775 I ActivityManager: Skipping duplicate ANR: ProcessRecord{1e0513f 2453:com.youku.phone/u0a54} Input dispatching timed out (Waiting to send key event because the focused window has not finished processing all of the input events that were previously delivered to it.  Outbound queue length: 0.  Wait queue length: 2.)
04-15 09:02:18.246   710   795 I WindowManager: Input event dispatching timed out sending to com.youku.phone/com.youku.ui.activity.DetailActivity.  Reason: Waiting to send key event because the focused window has not finished processing all of the input events that were previously delivered to it.  Outbound queue length: 0.  Wait queue length: 2.
04-15 09:02:18.569   710   775 I ActivityManager: Skipping duplicate ANR: ProcessRecord{1e0513f 2453:com.youku.phone/u0a54} Input dispatching timed out (Waiting to send key event because the focused window has not finished processing all of the input events that were previously delivered to it.  Outbound queue length: 0.  Wait queue length: 2.)
04-15 09:02:18.569   710  1245 W InputManager: Input event injection from pid 2432 timed out.
04-15 09:02:30.205   710  1245 W InputManager: Input event injection from pid 2432 failed.
04-15 09:02:30.751   710  1201 I ActivityManager: START u0 {act=android.intent.action.VIEW dat=passport://login pkg=com.youku.phone cmp=com.youku.phone/com.youku.usercenter.passport.activity.LoginActivity (has extras)} from uid 10054 on display 0
04-15 09:02:30.760   710  1201 V WindowManager: addAppToken: AppWindowToken{22d51ab6 token=Token{1b964251 ActivityRecord{8292b78 u0 com.youku.phone/com.youku.usercenter.passport.activity.LoginActivity t4}}} to stack=1 task=4 at 3
04-15 09:02:31.266   710   775 W ActivityManager: Activity pause timeout for ActivityRecord{58be2ed u0 com.youku.phone/com.youku.ui.activity.DetailActivity t4}
04-15 09:02:33.613  2453  2453 W ViewRootImpl: Dropping event due to no window focus: KeyEvent { action=ACTION_DOWN, keyCode=KEYCODE_DPAD_UP, scanCode=0, metaState=0, flags=0x400, repeatCount=0, eventTime=1772854, downTime=1772854, deviceId=-1, source=0x101 }
04-15 09:02:33.614  2453  2453 W ViewRootImpl: Cancelling event due to no window focus: KeyEvent { action=ACTION_UP, keyCode=KEYCODE_DPAD_UP, scanCode=0, metaState=0, flags=0x420, repeatCount=0, eventTime=1772854, downTime=1772854, deviceId=-1, source=0x101 }
04-15 09:02:33.615  2453  2453 W ViewRootImpl: Cancelling event due to no window focus: KeyEvent { action=ACTION_UP, keyCode=KEYCODE_DPAD_UP, scanCode=0, metaState=0, flags=0x420, repeatCount=0, eventTime=1772854, downTime=1772854, deviceId=-1, source=0x101 }
04-15 09:02:33.615  2453  2453 W ViewRootImpl: Cancelling event due to no window focus: KeyEvent { action=ACTION_UP, keyCode=KEYCODE_DPAD_UP, scanCode=0, metaState=0, flags=0x420, repeatCount=0, eventTime=1772854, downTime=1772854, deviceId=-1, source=0x101 }
04-15 09:02:34.447  2453  2453 W ViewRootImpl: Cancelling event due to no window focus: KeyEvent { action=ACTION_UP, keyCode=KEYCODE_DPAD_UP, scanCode=0, metaState=0, flags=0x420, repeatCount=0, eventTime=1772854, downTime=1772854, deviceId=-1, source=0x101 }
04-15 09:02:34.471  2453  2453 W ViewRootImpl: Cancelling event due to no window focus: KeyEvent { action=ACTION_UP, keyCode=KEYCODE_DPAD_UP, scanCode=0, metaState=0, flags=0x420, repeatCount=0, eventTime=1772854, downTime=1772854, deviceId=-1, source=0x101 }
04-15 09:02:34.472  2453  2453 W ViewRootImpl: Cancelling event due to no window focus: KeyEvent { action=ACTION_UP, keyCode=KEYCODE_DPAD_UP, scanCode=0, metaState=0, flags=0x420, repeatCount=0, eventTime=1772854, downTime=1772854, deviceId=-1, source=0x101 }
04-15 09:02:34.502  2453  2453 W ViewRootImpl: Cancelling event due to no window focus: KeyEvent { action=ACTION_UP, keyCode=KEYCODE_DPAD_UP, scanCode=0, metaState=0, flags=0x80000420, repeatCount=0, eventTime=1772854, downTime=1772854, deviceId=-1, source=0x101 }
04-15 09:02:34.503  2453  2453 W ViewRootImpl: Cancelling event due to no window focus: KeyEvent { action=ACTION_UP, keyCode=KEYCODE_DPAD_UP, scanCode=0, metaState=0, flags=0x80000420, repeatCount=0, eventTime=1772854, downTime=1772854, deviceId=-1, source=0x101 }
04-15 09:02:34.503  2453  2453 W ViewRootImpl: Cancelling event due to no window focus: KeyEvent { action=ACTION_UP, keyCode=KEYCODE_DPAD_UP, scanCode=0, metaState=0, flags=0x80000420, repeatCount=0, eventTime=1772854, downTime=1772854, deviceId=-1, source=0x101 }
04-15 09:02:35.772   710   795 I WindowManager: Input event dispatching timed out sending to application AppWindowToken{22d51ab6 token=Token{1b964251 ActivityRecord{8292b78 u0 com.youku.phone/com.youku.usercenter.passport.activity.LoginActivity t4}}}.  Reason: Waiting because no window has focus but there is a focused application that may eventually add a window when it finishes starting up.
04-15 09:02:36.038   710   775 I ActivityManager: Skipping duplicate ANR: ProcessRecord{1e0513f 2453:com.youku.phone/u0a54} Input dispatching timed out (Waiting because no window has focus but there is a focused application that may eventually add a window when it finishes starting up.)
04-15 09:02:36.049   710  1282 W InputManager: Input event injection from pid 2432 timed out.
04-15 09:02:39.694   710  1201 V WindowManager: Adding window Window{22818724 u0 com.youku.phone/com.youku.usercenter.passport.activity.LoginActivity} at 7 of 13 (after Window{b52cdb8 u0 com.youku.phone/com.youku.ui.activity.DetailActivity})
04-15 09:02:40.765   710   775 W ActivityManager: Launch timeout has expired, giving up wake lock!
04-15 09:02:41.055   710   795 I WindowManager: Input event dispatching timed out sending to application AppWindowToken{22d51ab6 token=Token{1b964251 ActivityRecord{8292b78 u0 com.youku.phone/com.youku.usercenter.passport.activity.LoginActivity t4}}}.  Reason: Waiting because no window has focus but there is a focused application that may eventually add a window when it finishes starting up.
04-15 09:02:41.338   710   906 W InputManager: Input event injection from pid 2432 timed out.
04-15 09:02:41.482   710   775 I ActivityManager: Skipping duplicate ANR: ProcessRecord{1e0513f 2453:com.youku.phone/u0a54} Input dispatching timed out (Waiting because no window has focus but there is a focused application that may eventually add a window when it finishes starting up.)
04-15 09:02:52.475   710   795 I WindowManager: Input event dispatching timed out sending to com.youku.phone/com.youku.usercenter.passport.activity.LoginActivity.  Reason: Waiting to send key event because the focused window has not finished processing all of the input events that were previously delivered to it.  Outbound queue length: 0.  Wait queue length: 1.
04-15 09:02:52.710   710   775 I ActivityManager: Skipping duplicate ANR: ProcessRecord{1e0513f 2453:com.youku.phone/u0a54} Input dispatching timed out (Waiting to send key event because the focused window has not finished processing all of the input events that were previously delivered to it.  Outbound queue length: 0.  Wait queue length: 1.)
04-15 09:02:52.735   710   336 W InputManager: Input event injection from pid 2432 timed out.
04-15 09:02:58.745   710   795 I WindowManager: Input event dispatching timed out sending to com.youku.phone/com.youku.usercenter.passport.activity.LoginActivity.  Reason: Waiting to send non-key event because the focused window has not finished processing certain input events that were delivered to it over 500.0ms ago.  Wait queue length: 2.  Wait queue head age: 11278.1ms.
04-15 09:02:58.995   710   336 W InputManager: Input event injection from pid 2432 timed out.
04-15 09:02:59.192   710   775 I ActivityManager: Skipping duplicate ANR: ProcessRecord{1e0513f 2453:com.youku.phone/u0a54} Input dispatching timed out (Waiting to send non-key event because the focused window has not finished processing certain input events that were delivered to it over 500.0ms ago.  Wait queue length: 2.  Wait queue head age: 11278.1ms.)
04-15 09:03:04.013   710   795 I WindowManager: Input event dispatching timed out sending to com.youku.phone/com.youku.usercenter.passport.activity.LoginActivity.  Reason: Waiting to send non-key event because the focused window has not finished processing certain input events that were delivered to it over 500.0ms ago.  Wait queue length: 2.  Wait queue head age: 16545.6ms.
04-15 09:03:04.239   710   775 I ActivityManager: Skipping duplicate ANR: ProcessRecord{1e0513f 2453:com.youku.phone/u0a54} Input dispatching timed out (Waiting to send non-key event because the focused window has not finished processing certain input events that were delivered to it over 500.0ms ago.  Wait queue length: 2.  Wait queue head age: 16545.6ms.)
04-15 09:03:04.250   710  1273 W InputManager: Input event injection from pid 2432 timed out.
04-15 09:03:09.267   710   795 I WindowManager: Input event dispatching timed out sending to com.youku.phone/com.youku.usercenter.passport.activity.LoginActivity.  Reason: Waiting to send non-key event because the focused window has not finished processing certain input events that were delivered to it over 500.0ms ago.  Wait queue length: 2.  Wait queue head age: 21799.2ms.
04-15 09:03:09.540   710   775 I ActivityManager: Skipping duplicate ANR: ProcessRecord{1e0513f 2453:com.youku.phone/u0a54} Input dispatching timed out (Waiting to send non-key event because the focused window has not finished processing certain input events that were delivered to it over 500.0ms ago.  Wait queue length: 2.  Wait queue head age: 21799.2ms.)
04-15 09:03:09.548   710   906 W InputManager: Input event injection from pid 2432 timed out.
04-15 09:03:10.182   710   775 W BroadcastQueue: Timeout of broadcast BroadcastRecord{286b2453 u-1 android.intent.action.TIME_TICK} - receiver=android.os.BinderProxy@999fad2, started 10001ms ago
04-15 09:03:10.183   710   775 W BroadcastQueue: Receiver during timeout: BroadcastFilter{1ca4aa0 u0 ReceiverList{1167f7a3 2453 com.youku.phone/10054/u0 remote:999fad2}}
04-15 09:03:10.334   710   775 I ActivityManager: Skipping duplicate ANR: ProcessRecord{1e0513f 2453:com.youku.phone/u0a54} Broadcast of Intent { act=android.intent.action.TIME_TICK flg=0x50000014 (has extras) }
04-15 09:03:11.055   710   775 I ProcessStatsService: Prepared write state in 45ms
04-15 09:03:14.394  2453  2453 W ViewRootImpl: Dropping event due to no window focus: KeyEvent { action=ACTION_DOWN, keyCode=KEYCODE_DPAD_RIGHT, scanCode=0, metaState=0, flags=0x8, repeatCount=0, eventTime=1788633, downTime=1788633, deviceId=-1, source=0x101 }
04-15 09:03:14.395  2453  2453 W ViewRootImpl: Cancelling event due to no window focus: KeyEvent { action=ACTION_UP, keyCode=KEYCODE_DPAD_RIGHT, scanCode=0, metaState=0, flags=0x28, repeatCount=0, eventTime=1793904, downTime=1788633, deviceId=-1, source=0x101 }
04-15 09:03:14.396  2453  2453 W ViewRootImpl: Cancelling event due to no window focus: KeyEvent { action=ACTION_UP, keyCode=KEYCODE_DPAD_RIGHT, scanCode=0, metaState=0, flags=0x28, repeatCount=0, eventTime=1793904, downTime=1788633, deviceId=-1, source=0x101 }
04-15 09:03:14.396  2453  2453 W ViewRootImpl: Cancelling event due to no window focus: KeyEvent { action=ACTION_UP, keyCode=KEYCODE_DPAD_RIGHT, scanCode=0, metaState=0, flags=0x28, repeatCount=0, eventTime=1793904, downTime=1788633, deviceId=-1, source=0x101 }
04-15 09:03:14.397  2453  2453 W ViewRootImpl: Cancelling event due to no window focus: KeyEvent { action=ACTION_UP, keyCode=KEYCODE_DPAD_RIGHT, scanCode=0, metaState=0, flags=0x28, repeatCount=0, eventTime=1793904, downTime=1788633, deviceId=-1, source=0x101 }
04-15 09:03:14.398  2453  2453 W ViewRootImpl: Cancelling event due to no window focus: KeyEvent { action=ACTION_UP, keyCode=KEYCODE_DPAD_RIGHT, scanCode=0, metaState=0, flags=0x28, repeatCount=0, eventTime=1793904, downTime=1788633, deviceId=-1, source=0x101 }
04-15 09:03:14.398  2453  2453 W ViewRootImpl: Cancelling event due to no window focus: KeyEvent { action=ACTION_UP, keyCode=KEYCODE_DPAD_RIGHT, scanCode=0, metaState=0, flags=0x28, repeatCount=0, eventTime=1793904, downTime=1788633, deviceId=-1, source=0x101 }
04-15 09:03:14.466  2453  2453 W ViewRootImpl: Cancelling event due to no window focus: KeyEvent { action=ACTION_UP, keyCode=KEYCODE_DPAD_RIGHT, scanCode=0, metaState=0, flags=0x80000028, repeatCount=0, eventTime=1793904, downTime=1788633, deviceId=-1, source=0x101 }
04-15 09:03:14.467  2453  2453 W ViewRootImpl: Cancelling event due to no window focus: KeyEvent { action=ACTION_UP, keyCode=KEYCODE_DPAD_RIGHT, scanCode=0, metaState=0, flags=0x80000028, repeatCount=0, eventTime=1793904, downTime=1788633, deviceId=-1, source=0x101 }
04-15 09:03:14.468  2453  2453 W ViewRootImpl: Cancelling event due to no window focus: KeyEvent { action=ACTION_UP, keyCode=KEYCODE_DPAD_RIGHT, scanCode=0, metaState=0, flags=0x80000028, repeatCount=0, eventTime=1793904, downTime=1788633, deviceId=-1, source=0x101 }
04-15 09:03:15.060   710   906 V WindowManager: not Base app: Adding window Window{3e2dea89 u0 com.youku.phone/com.youku.ui.activity.DetailActivity} at 7 of 14
04-15 09:03:15.231   710   336 I ActivityManager: START u0 {act=android.intent.action.VIEW dat=passport://login pkg=com.youku.phone cmp=com.youku.phone/com.youku.usercenter.passport.activity.LoginActivity (has extras)} from uid 10054 on display 0
04-15 09:03:15.241   710   336 V WindowManager: addAppToken: AppWindowToken{1a9c96bc token=Token{3079b2af ActivityRecord{25f8ca8e u0 com.youku.phone/com.youku.usercenter.passport.activity.LoginActivity t4}}} to stack=1 task=4 at 4
04-15 09:03:15.356  2453  2453 W ViewRootImpl: Dropping event due to no window focus: MotionEvent { action=ACTION_MOVE, id[0]=0, x[0]=1.0, y[0]=-3.0, toolType[0]=TOOL_TYPE_UNKNOWN, buttonState=0, metaState=0, flags=0x0, edgeFlags=0x0, pointerCount=1, historySize=6, eventTime=1815687, downTime=-1, deviceId=0, source=0x10004 }
04-15 09:03:15.745   710   775 W ActivityManager: Activity pause timeout for ActivityRecord{8292b78 u0 com.youku.phone/com.youku.usercenter.passport.activity.LoginActivity t4}
04-15 09:03:20.594   710   795 I WindowManager: Input event dispatching timed out sending to application AppWindowToken{1a9c96bc token=Token{3079b2af ActivityRecord{25f8ca8e u0 com.youku.phone/com.youku.usercenter.passport.activity.LoginActivity t4}}}.  Reason: Waiting because no window has focus but there is a focused application that may eventually add a window when it finishes starting up.
04-15 09:03:20.805   710   800 W InputManager: Input event injection from pid 2432 timed out.
04-15 09:03:22.040   710   727 W ProcessCpuTracker: Skipping unknown process pid 17590
04-15 09:03:22.041   710   727 W ProcessCpuTracker: Skipping unknown process pid 17591
04-15 09:03:22.175   710   727 W ProcessCpuTracker: Skipping unknown process pid 17592
04-15 09:03:22.176   710   727 W ProcessCpuTracker: Skipping unknown process pid 17593
04-15 09:03:28.708   710   775 I ActivityManager: Skipping duplicate ANR: ProcessRecord{1e0513f 2453:com.youku.phone/u0a54} Input dispatching timed out (Waiting because no window has focus but there is a focused application that may eventually add a window when it finishes starting up.)
04-15 09:03:28.708   710   775 W ActivityManager: Launch timeout has expired, giving up wake lock!
04-15 09:03:28.737   710   775 W ActivityManager: Activity stop timeout for ActivityRecord{58be2ed u0 com.youku.phone/com.youku.ui.activity.DetailActivity t4}
04-15 09:03:28.738   710   775 W ActivityManager: Activity stop timeout for ActivityRecord{8292b78 u0 com.youku.phone/com.youku.usercenter.passport.activity.LoginActivity t4}
04-15 09:03:31.473   710   795 I WindowManager: Input event dispatching timed out sending to application AppWindowToken{1a9c96bc token=Token{3079b2af ActivityRecord{25f8ca8e u0 com.youku.phone/com.youku.usercenter.passport.activity.LoginActivity t4}}}.  Reason: Waiting because no window has focus but there is a focused application that may eventually add a window when it finishes starting up.
04-15 09:03:31.940   710   775 I ActivityManager: Skipping duplicate ANR: ProcessRecord{1e0513f 2453:com.youku.phone/u0a54} Input dispatching timed out (Waiting because no window has focus but there is a focused application that may eventually add a window when it finishes starting up.)
