11-25 14:48:08.529  1256  1256 D GsmSST  : [GsmSST] EVENT_POLL_STATE_OPERATOR: use value from ril
11-25 14:48:08.529  1256  1256 D GsmSST  : [GsmSST] EVENT_POLL_STATE_OPERATOR: 中国联通
11-25 14:48:08.529   203  2778 D RILC    : RequestComplete, RIL_SOCKET_1
11-25 14:48:08.530   203  2777 I RILQ    : (0/203):RIL[0][cmd-21(768)] qcril_qmi_nas_update_data_rte: completed, new drte 0 with confidence 4
11-25 14:48:08.532   203  2778 E RILC    : Send Response to RIL_SOCKET_1
11-25 14:48:08.532  1256  1460 D RILJ    : [4039]< VOICE_REGISTRATION_STATE {1, a03b, 004b703d, 3, null, null, null, 0, null, null, null, null, null, 0, 172} [SUB0]
11-25 14:48:08.532  1256  1256 D PHONE   : [ServiceState] setVoiceRegState=0
11-25 14:48:08.532  1256  1256 E PHONE   : [ServiceState] setState deprecated use setVoiceRegState()
11-25 14:48:08.533   203  2779 D RILC    : RequestComplete, RIL_SOCKET_1
11-25 14:48:08.533   203  2779 E RILC    : Send Response to RIL_SOCKET_1
11-25 14:48:08.533  1256  1460 D RILJ    : [4040]< QUERY_NETWORK_SELECTION_MODE {0} [SUB0]
11-25 14:48:08.534   203  2777 D RILC    : RequestComplete, RIL_SOCKET_1
11-25 14:48:08.534   203  2777 E RILC    : Send Response to RIL_SOCKET_1
11-25 14:48:08.535  1256  1460 D RILJ    : [4038]< DATA_REGISTRATION_STATE {1, 101d, 002cb31f, 14, 0, 20, null, null, null, null, null} [SUB0]
11-25 14:48:08.535  1256  1256 D PHONE   : [ServiceState] setDataRegState=0
11-25 14:48:08.535  1256  1256 D PHONE   : [ServiceState] setDataRadioTechnology=14
11-25 14:48:08.535  1256  1256 D GsmSST  : [GsmSST] handlPollStateResultMessage: GsmSST setDataRegState=0 regState=1 dataRadioTechnology=14
11-25 14:48:08.535  1256  1256 D GsmSST  : [GsmSST] Poll ServiceState done:  oldSS=[0 0 voice home data home 中国联通 中国联通 46001 中国联通 中国联通 46001  UMTS LTE CSS not supported -1 -1 RoamInd=-1 DefRoamInd=-1 EmergOnly=false] newSS=[0 0 voice home data home 中国联通 中国联通 46001 中国联通 中国联通 46001  UMTS LTE CSS not supported -1 -1 RoamInd=-1 DefRoamInd=-1 EmergOnly=false] oldMaxDataCalls=20 mNewMaxDataCalls=20 oldReasonDataDenied=-1 mNewReasonDataDenied=-1
11-25 14:48:08.535  1256  1256 D PHONE   : [ServiceState] setNullState=1
11-25 14:48:08.729   203   636 I RILQ    : (0/203):RIL[0][qmi_cb] qcril_qmi_nas_update_data_rte: completed, new drte 0 with confidence 4
11-25 14:48:08.735   203   636 I RILC    : RIL_SOCKET_1 UNSOLICITED: UNSOL_RESPONSE_VOICE_NETWORK_STATE_CHANGED length:8
11-25 14:48:08.735   203   636 E RILC    : Send Response to RIL_SOCKET_1
11-25 14:48:08.735  1256  1460 D RILJ    : [UNSL]< UNSOL_RESPONSE_VOICE_NETWORK_STATE_CHANGED [SUB0]
11-25 14:48:08.735  1256  1256 D RILJ    : [4041]> OPERATOR [SUB0]
11-25 14:48:08.736  1256  1256 D RILJ    : [4042]> DATA_REGISTRATION_STATE [SUB0]
11-25 14:48:08.737  1256  1256 D RILJ    : [4043]> VOICE_REGISTRATION_STATE [SUB0]
11-25 14:48:08.738  1256  1256 D RILJ    : [4044]> QUERY_NETWORK_SELECTION_MODE [SUB0]
11-25 14:48:08.740   203   350 I RILQ    : (0/203):RIL[0][event] qcril_arb_set_data_sys_status: recvd data_sys_status nw=0x0, rat_mask=0x1, so_mask=0x0
11-25 14:48:08.740   203   350 I RILQ    : (0/203):RIL[0][event] qcril_arb_set_data_sys_status: recvd data_sys_status nw=0x1, rat_mask=0x0, so_mask=0x0
11-25 14:48:08.740   203   350 I RILQ    : (0/203):RIL[0][event] qcril_qmi_nas_update_data_rte: completed, new drte 3 with confidence 1
11-25 14:48:08.742   203   350 I RILC    : RIL_SOCKET_1 UNSOLICITED: UNSOL_SIGNAL_STRENGTH length:60
11-25 14:48:08.742   203   350 E RILC    : Send Response to RIL_SOCKET_1
11-25 14:48:08.742   203   350 I RILC    : RIL_SOCKET_1 UNSOLICITED: UNSOL_RESPONSE_VOICE_NETWORK_STATE_CHANGED length:8
11-25 14:48:08.742   203   350 E RILC    : Send Response to RIL_SOCKET_1
11-25 14:48:08.743  1256  1460 D RILJ    : [UNSL]< UNSOL_RESPONSE_VOICE_NETWORK_STATE_CHANGED [SUB0]
11-25 14:48:08.743  1256  1256 D DefaultPhoneNotifier: notifySignalStrength: mRegistry=com.android.internal.telephony.ITelephonyRegistry$Stub$Proxy@3c7bf3cf ss=SignalStrength: 12 0 -120 -160 -120 -1 -1 99 2147483647 2147483647 2147483647 2147483647 2147483647 gsm|lte sender=Handler (com.android.internal.telephony.gsm.GSMPhone) {2799bdec}
11-25 14:48:08.745  1256  1256 D RILJ    : [4045]> OPERATOR [SUB0]
11-25 14:48:08.745  1256  1256 D RILJ    : [4046]> DATA_REGISTRATION_STATE [SUB0]
11-25 14:48:08.746  1256  1256 D RILJ    : [4047]> VOICE_REGISTRATION_STATE [SUB0]
11-25 14:48:08.747  1256  1256 D RILJ    : [4048]> QUERY_NETWORK_SELECTION_MODE [SUB0]
11-25 14:48:08.749   203  2780 D RILC    : RequestComplete, RIL_SOCKET_1
11-25 14:48:08.751   203  2780 E RILC    : Send Response to RIL_SOCKET_1
11-25 14:48:08.751  1256  1460 D RILJ    : [4041]< OPERATOR {中国联通, 中国联通, 46001} [SUB0]
11-25 14:48:08.751   203  2780 D RILC    : RequestComplete, RIL_SOCKET_1
11-25 14:48:08.751   203  2780 E RILC    : Send Response to RIL_SOCKET_1
11-25 14:48:08.752  1256  1460 D RILJ    : [4045]< OPERATOR {中国联通, 中国联通, 46001} [SUB0]
11-25 14:48:08.752  1256  1256 D GsmSST  : [GsmSST] EVENT_POLL_STATE_OPERATOR: use value from ril
11-25 14:48:08.752  1256  1256 D GsmSST  : [GsmSST] EVENT_POLL_STATE_OPERATOR: 中国联通
11-25 14:48:08.752   203  2782 D RILC    : RequestComplete, RIL_SOCKET_1
11-25 14:48:08.752   203  2782 E RILC    : Send Response to RIL_SOCKET_1
11-25 14:48:08.753  1256  1460 D RILJ    : [4043]< VOICE_REGISTRATION_STATE {1, a03b, 004b703d, 3, null, null, null, 0, null, null, null, null, null, 0, 172} [SUB0]
11-25 14:48:08.753   203  2782 D RILC    : RequestComplete, RIL_SOCKET_1
11-25 14:48:08.753   203  2782 E RILC    : Send Response to RIL_SOCKET_1
11-25 14:48:08.753  1256  1460 D RILJ    : [4047]< VOICE_REGISTRATION_STATE {1, a03b, 004b703d, 3, null, null, null, 0, null, null, null, null, null, 0, 172} [SUB0]
11-25 14:48:08.753  1256  1256 D PHONE   : [ServiceState] setVoiceRegState=0
11-25 14:48:08.753  1256  1256 E PHONE   : [ServiceState] setState deprecated use setVoiceRegState()
11-25 14:48:08.754   203  2783 D RILC    : RequestComplete, RIL_SOCKET_1
11-25 14:48:08.754   203  2783 E RILC    : Send Response to RIL_SOCKET_1
11-25 14:48:08.754  1256  1460 D RILJ    : [4044]< QUERY_NETWORK_SELECTION_MODE {0} [SUB0]
11-25 14:48:08.754   203  2783 D RILC    : RequestComplete, RIL_SOCKET_1
11-25 14:48:08.754   203  2783 E RILC    : Send Response to RIL_SOCKET_1
11-25 14:48:08.755  1256  1460 D RILJ    : [4048]< QUERY_NETWORK_SELECTION_MODE {0} [SUB0]
11-25 14:48:08.755   203  2781 D RILC    : RequestComplete, RIL_SOCKET_1
11-25 14:48:08.755   203  2781 E RILC    : Send Response to RIL_SOCKET_1
11-25 14:48:08.756  1256  1460 D RILJ    : [4042]< DATA_REGISTRATION_STATE {1, a03b, 004b703d, 3, null, 20, null, null, null, null, null} [SUB0]
11-25 14:48:08.756   203  2781 D RILC    : RequestComplete, RIL_SOCKET_1
11-25 14:48:08.756   203  2781 E RILC    : Send Response to RIL_SOCKET_1
11-25 14:48:08.756  1256  1460 D RILJ    : [4046]< DATA_REGISTRATION_STATE {1, a03b, 004b703d, 3, null, 20, null, null, null, null, null} [SUB0]
11-25 14:48:08.757  1256  1256 D PHONE   : [ServiceState] setDataRegState=0
11-25 14:48:08.757  1256  1256 D PHONE   : [ServiceState] setDataRadioTechnology=3
11-25 14:48:08.757  1256  1256 D GsmSST  : [GsmSST] handlPollStateResultMessage: GsmSST setDataRegState=0 regState=1 dataRadioTechnology=3
11-25 14:48:08.757  1256  1256 D GsmSST  : [GsmSST] Poll ServiceState done:  oldSS=[0 0 voice home data home 中国联通 中国联通 46001 中国联通 中国联通 46001  UMTS LTE CSS not supported -1 -1 RoamInd=-1 DefRoamInd=-1 EmergOnly=false] newSS=[0 0 voice home data home 中国联通 中国联通 46001 中国联通 中国联通 46001  UMTS UMTS CSS not supported -1 -1 RoamInd=-1 DefRoamInd=-1 EmergOnly=false] oldMaxDataCalls=20 mNewMaxDataCalls=20 oldReasonDataDenied=-1 mNewReasonDataDenied=-1
11-25 14:48:08.757  1256  1256 D PHONE   : [ServiceState] setNullState=1
11-25 14:48:08.757  1256  1256 D TelephonyManager: setTelephonyProperty: success phoneId=0 property=gsm.network.type value: UMTS propVal=UMTS
11-25 14:48:08.758  1256  1256 D GsmSST  : [GsmSST] Iwlan feature available = false
11-25 14:48:08.758  1256  1256 D SIMRecords: [SIMRecords] getServiceProviderName: no brandOverride
11-25 14:48:08.758  1256  1256 D SIMRecords: [SIMRecords] getServiceProviderName: providerName=
11-25 14:48:08.758  1256  1256 D SIMRecords: [SIMRecords] getServiceProviderName: no brandOverride
11-25 14:48:08.758  1256  1256 D SIMRecords: [SIMRecords] getServiceProviderName: providerName=
11-25 14:48:08.758  1256  1256 D TelephonyManager: setTelephonyProperty: success phoneId=0 property=gsm.operator.alpha value: 中国联通 propVal=中国联通
11-25 14:48:08.759  1256  1256 D TelephonyManager: setTelephonyProperty: success phoneId=0 property=gsm.operator.numeric value: 46001 propVal=46001
11-25 14:48:08.759  1256  1256 D TelephonyManager: setTelephonyProperty: success phoneId=0 property=gsm.operator.iso-country value: cn propVal=cn
11-25 14:48:08.760  1256  1256 D GsmSST  : [GsmSST] pollStateDone: there are 2 unique offsets for iso-cc='cn testOneUniqueOffsetPath=false', do nothing
11-25 14:48:08.760  1256  1256 D GsmSST  : [GsmSST] shouldFixTimeZoneNow: retVal=false iccCardExist=true operatorNumeric=46001 mcc=460 prevOperatorNumeric=46001 prevMcc=460 needToFixTimeZone=false ltod=11-25 14:48:08.760
11-25 14:48:08.760  1256  1256 D TelephonyManager: setTelephonyProperty: success phoneId=0 property=gsm.operator.isroaming value: false propVal=false
11-25 14:48:08.761  1256  1256 D GsmSST  : [GsmSST] Broadcasting ServiceState : 0 0 voice home data home 中国联通 中国联通 46001 中国联通 中国联通 46001  UMTS UMTS CSS not supported -1 -1 RoamInd=-1 DefRoamInd=-1 EmergOnly=false
11-25 14:48:08.761  1256  1256 D DefaultPhoneNotifier: nofityServiceState: mRegistry=com.android.internal.telephony.ITelephonyRegistry$Stub$Proxy@3c7bf3cf ss=0 0 voice home data home 中国联通 中国联通 46001 中国联通 中国联通 46001  UMTS UMTS CSS not supported -1 -1 RoamInd=-1 DefRoamInd=-1 EmergOnly=false sender=Handler (com.android.internal.telephony.gsm.GSMPhone) {2799bdec} phondId=0 subId=1
11-25 14:48:08.764  1256  1256 D SubscriptionController: getSimStateForSubscriber:  simState=READY ordinal=5
11-25 14:48:08.770  1256  1256 D GsmSST  : [GsmSST] notifyDataRegStateRilRadioTechnologyChanged: drs=0 rat=3
11-25 14:48:08.770  1256  1256 D TelephonyManager: setTelephonyProperty: success phoneId=0 property=gsm.network.type value: UMTS propVal=UMTS
11-25 14:48:08.770  1256  1256 D GsmSST  : [GsmSST] Iwlan feature available = false
11-25 14:48:08.770  1256  1256 D GsmSST  : [GsmSST] Iwlan feature available = false
11-25 14:48:08.770  1256  1256 D GsmDCT  : [0]get all active apn types
11-25 14:48:08.771  1256  1256 D GsmDCT  : [0]isDataAllowed getRecordsLoaded=true
11-25 14:48:08.771  1256  1256 D GsmDCT  : [ApnContext:default] getApnSetting: apnSetting=null
11-25 14:48:08.772   671  1204 D TelephonyRegistry: Notify data connection state changed on sub: 1
11-25 14:48:08.772   671  1204 D TelephonyRegistry: Notify data connection state changed on sub: 1
11-25 14:48:08.781  1256  1256 D GsmDCT  : [0]handleMessage msg={ when=-9ms what=270377 obj=android.os.AsyncResult@1d96e64d target=com.android.internal.telephony.dataconnection.DcTracker }
11-25 14:48:08.781  1256  1256 D GsmDCT  : [0]updateSimRecords: newSimRecords = SimRecords: mDestroyed=false mContext=com.android.phone.PhoneGlobals@9cd8992 mCi=com.android.internal.telephony.RIL@16c58701 mFh=Handler (com.android.internal.telephony.uicc.UsimFileHandler) {55a3f63} mParentApp=com.android.internal.telephony.uicc.UiccCardApplication@304f5760 mSpnOverride=mSpnOverride recordsLoadedRegistrants=android.os.RegistrantList@32a7a419 mImsiReadyRegistrants=android.os.RegistrantList@29b6acde mRecordsEventsRegistrants=android.os.RegistrantList@3d276ebf mNewSmsRegistrants=android.os.RegistrantList@3442898c mNetworkSelectionModeAutomaticRegistrants=android.os.RegistrantList@348568d5 recordsToLoad=0 adnCache=Handler (com.android.internal.telephony.uicc.AdnRecordCache) {2c7cb8ea} recordsRequested=true iccid=89860115921101579076 msisdnTag= voiceMailNum=null voiceMailTag=null newVoiceMailNum=null newVoiceMailTag=null isVoiceMailFixed=false mImsi=460011952973996 mncLength=2 mailboxIndex=0 spn= mVmConfigcom.android.internal.telephony.uicc.VoiceMailConstants@206e37db callForwardingEnabled=false spnState=IDLE mCphsInfo=null mCspPlmnEnabled=true efMWIS=null efCPHS_MWI=null mEfCff=null mEfCfis=null getOperatorNumeric=46001
11-25 14:48:08.781  1256  1256 D GsmDCT  : [0]onUpdateIcc: newIccRecords com.android.internal.telephony.uicc.SIMRecords
11-25 14:48:08.782   203  2781 I RILC    : RIL_SOCKET_1 UNSOLICITED: UNSOL_RESPONSE_VOICE_NETWORK_STATE_CHANGED length:8
11-25 14:48:08.782   203  2781 E RILC    : Send Response to RIL_SOCKET_1
11-25 14:48:08.783  1256  1460 D RILJ    : [UNSL]< UNSOL_RESPONSE_VOICE_NETWORK_STATE_CHANGED [SUB0]
11-25 14:48:08.783  1256  1256 D RILJ    : [4049]> OPERATOR [SUB0]
11-25 14:48:08.785  1256  1256 D RILJ    : [4050]> DATA_REGISTRATION_STATE [SUB0]
11-25 14:48:08.786  1256  1256 D RILJ    : [4051]> VOICE_REGISTRATION_STATE [SUB0]
11-25 14:48:08.786   203   341 I RILC    : RIL_SOCKET_1 UNSOLICITED: UNSOL_RESPONSE_VOICE_NETWORK_STATE_CHANGED length:8
11-25 14:48:08.786   203   341 E RILC    : Send Response to RIL_SOCKET_1
11-25 14:48:08.786  1256  1460 D RILJ    : [UNSL]< UNSOL_RESPONSE_VOICE_NETWORK_STATE_CHANGED [SUB0]
11-25 14:48:08.788  1256  1256 D RILJ    : [4052]> QUERY_NETWORK_SELECTION_MODE [SUB0]
11-25 14:48:08.789  1256  1256 D RILJ    : [4053]> OPERATOR [SUB0]
11-25 14:48:08.796  1256  1256 D RILJ    : [4054]> DATA_REGISTRATION_STATE [SUB0]
11-25 14:48:08.797  1256  1256 D RILJ    : [4055]> VOICE_REGISTRATION_STATE [SUB0]
11-25 14:48:08.798   203  2784 D RILC    : RequestComplete, RIL_SOCKET_1
11-25 14:48:08.798   203  2784 E RILC    : Send Response to RIL_SOCKET_1
11-25 14:48:08.798  1256  1460 D RILJ    : [4049]< OPERATOR {中国联通, 中国联通, 46001} [SUB0]
11-25 14:48:08.798  1256  1256 D RILJ    : [4056]> QUERY_NETWORK_SELECTION_MODE [SUB0]
11-25 14:48:08.799   203  2784 D RILC    : RequestComplete, RIL_SOCKET_1
11-25 14:48:08.799   203  2784 E RILC    : Send Response to RIL_SOCKET_1
11-25 14:48:08.799  1256  1460 D RILJ    : [4053]< OPERATOR {中国联通, 中国联通, 46001} [SUB0]
11-25 14:48:08.800  1256  1256 D GsmSST  : [GsmSST] EVENT_POLL_STATE_OPERATOR: use value from ril
11-25 14:48:08.800  1256  1256 D GsmSST  : [GsmSST] EVENT_POLL_STATE_OPERATOR: 中国联通
11-25 14:48:08.801   203  2786 D RILC    : RequestComplete, RIL_SOCKET_1
11-25 14:48:08.801   203  2786 E RILC    : Send Response to RIL_SOCKET_1
11-25 14:48:08.802  1256  1460 D RILJ    : [4051]< VOICE_REGISTRATION_STATE {1, a03b, 004b703d, 3, null, null, null, 0, null, null, 1, null, null, 0, 172} [SUB0]
11-25 14:48:08.802   203  2786 D RILC    : RequestComplete, RIL_SOCKET_1
11-25 14:48:08.802   203  2786 E RILC    : Send Response to RIL_SOCKET_1
11-25 14:48:08.802  1256  1460 D RILJ    : [4055]< VOICE_REGISTRATION_STATE {1, a03b, 004b703d, 3, null, null, null, 0, null, null, 1, null, null, 0, 172} [SUB0]
11-25 14:48:08.802  1256  1256 D PHONE   : [ServiceState] setVoiceRegState=0
11-25 14:48:08.802  1256  1256 E PHONE   : [ServiceState] setState deprecated use setVoiceRegState()
11-25 14:48:08.803   203  2787 D RILC    : RequestComplete, RIL_SOCKET_1
11-25 14:48:08.803   203  2787 E RILC    : Send Response to RIL_SOCKET_1
11-25 14:48:08.803  1256  1460 D RILJ    : [4052]< QUERY_NETWORK_SELECTION_MODE {0} [SUB0]
11-25 14:48:08.803   203  2787 D RILC    : RequestComplete, RIL_SOCKET_1
11-25 14:48:08.803   203  2787 E RILC    : Send Response to RIL_SOCKET_1
11-25 14:48:08.803  1256  1460 D RILJ    : [4056]< QUERY_NETWORK_SELECTION_MODE {0} [SUB0]
11-25 14:48:08.804   203  2785 D RILC    : RequestComplete, RIL_SOCKET_1
11-25 14:48:08.804   203  2785 E RILC    : Send Response to RIL_SOCKET_1
11-25 14:48:08.804  1256  1460 D RILJ    : [4050]< DATA_REGISTRATION_STATE {1, a03b, 004b703d, 3, null, 20, null, null, null, null, null} [SUB0]
11-25 14:48:08.804   203  2785 D RILC    : RequestComplete, RIL_SOCKET_1
11-25 14:48:08.804   203  2785 E RILC    : Send Response to RIL_SOCKET_1
11-25 14:48:08.804  1256  1460 D RILJ    : [4054]< DATA_REGISTRATION_STATE {1, a03b, 004b703d, 3, null, 20, null, null, null, null, null} [SUB0]
11-25 14:48:08.805  1256  1256 D PHONE   : [ServiceState] setDataRegState=0
11-25 14:48:08.805  1256  1256 D PHONE   : [ServiceState] setDataRadioTechnology=3
11-25 14:48:08.805  1256  1256 D GsmSST  : [GsmSST] handlPollStateResultMessage: GsmSST setDataRegState=0 regState=1 dataRadioTechnology=3
11-25 14:48:08.805  1256  1256 D GsmSST  : [GsmSST] Poll ServiceState done:  oldSS=[0 0 voice home data home 中国联通 中国联通 46001 中国联通 中国联通 46001  UMTS UMTS CSS not supported -1 -1 RoamInd=-1 DefRoamInd=-1 EmergOnly=false] newSS=[0 0 voice home data home 中国联通 中国联通 46001 中国联通 中国联通 46001  UMTS UMTS CSS not supported -1 -1 RoamInd=-1 DefRoamInd=-1 EmergOnly=false] oldMaxDataCalls=20 mNewMaxDataCalls=20 oldReasonDataDenied=-1 mNewReasonDataDenied=-1
11-25 14:48:08.805  1256  1256 D PHONE   : [ServiceState] setNullState=1
11-25 14:48:08.805   203  2785 I RILC    : RIL_SOCKET_1 UNSOLICITED: UNSOL_RESPONSE_VOICE_NETWORK_STATE_CHANGED length:8
11-25 14:48:08.805   203  2785 E RILC    : Send Response to RIL_SOCKET_1
11-25 14:48:08.806  1256  1460 D RILJ    : [UNSL]< UNSOL_RESPONSE_VOICE_NETWORK_STATE_CHANGED [SUB0]
11-25 14:48:08.806  1256  1256 D RILJ    : [4057]> OPERATOR [SUB0]
11-25 14:48:08.807  1256  1256 D RILJ    : [4058]> DATA_REGISTRATION_STATE [SUB0]
11-25 14:48:08.808  1256  1256 D RILJ    : [4059]> VOICE_REGISTRATION_STATE [SUB0]
11-25 14:48:08.810  1256  1256 D RILJ    : [4060]> QUERY_NETWORK_SELECTION_MODE [SUB0]
11-25 14:48:08.811   203  2789 D RILC    : RequestComplete, RIL_SOCKET_1
11-25 14:48:08.811   203  2789 E RILC    : Send Response to RIL_SOCKET_1
11-25 14:48:08.812  1256  1460 D RILJ    : [4058]< DATA_REGISTRATION_STATE {1, a03b, 004b703d, 3, null, 20, null, null, null, null, null} [SUB0]
11-25 14:48:08.812  1256  1256 D PHONE   : [ServiceState] setDataRegState=0
11-25 14:48:08.812  1256  1256 D PHONE   : [ServiceState] setDataRadioTechnology=3
11-25 14:48:08.812  1256  1256 D GsmSST  : [GsmSST] handlPollStateResultMessage: GsmSST setDataRegState=0 regState=1 dataRadioTechnology=3
11-25 14:48:08.813   203  2791 D RILC    : RequestComplete, RIL_SOCKET_1
11-25 14:48:08.813   203  2791 E RILC    : Send Response to RIL_SOCKET_1
11-25 14:48:08.813  1256  1460 D RILJ    : [4060]< QUERY_NETWORK_SELECTION_MODE {0} [SUB0]
11-25 14:48:08.814   203  2790 D RILC    : RequestComplete, RIL_SOCKET_1
11-25 14:48:08.814   203  2790 E RILC    : Send Response to RIL_SOCKET_1
11-25 14:48:08.814  1256  1460 D RILJ    : [4059]< VOICE_REGISTRATION_STATE {1, a03b, 004b703d, 3, null, null, null, 0, null, null, 1, null, null, 0, 172} [SUB0]
11-25 14:48:08.814  1256  1256 D PHONE   : [ServiceState] setVoiceRegState=0
11-25 14:48:08.814  1256  1256 E PHONE   : [ServiceState] setState deprecated use setVoiceRegState()
11-25 14:48:08.815   203  2788 D RILC    : RequestComplete, RIL_SOCKET_1
11-25 14:48:08.815   203  2788 E RILC    : Send Response to RIL_SOCKET_1
11-25 14:48:08.815  1256  1460 D RILJ    : [4057]< OPERATOR {中国联通, 中国联通, 46001} [SUB0]
11-25 14:48:08.816  1256  1256 D GsmSST  : [GsmSST] EVENT_POLL_STATE_OPERATOR: use value from ril
11-25 14:48:08.816  1256  1256 D GsmSST  : [GsmSST] EVENT_POLL_STATE_OPERATOR: 中国联通
11-25 14:48:08.816  1256  1256 D GsmSST  : [GsmSST] Poll ServiceState done:  oldSS=[0 0 voice home data home 中国联通 中国联通 46001 中国联通 中国联通 46001  UMTS UMTS CSS not supported -1 -1 RoamInd=-1 DefRoamInd=-1 EmergOnly=false] newSS=[0 0 voice home data home 中国联通 中国联通 46001 中国联通 中国联通 46001  UMTS UMTS CSS not supported -1 -1 RoamInd=-1 DefRoamInd=-1 EmergOnly=false] oldMaxDataCalls=20 mNewMaxDataCalls=20 oldReasonDataDenied=-1 mNewReasonDataDenied=-1
11-25 14:48:08.816  1256  1256 D PHONE   : [ServiceState] setNullState=1
11-25 14:48:08.824  2438  2792 D TelephonyManager: getTelephonyProperty: return propVal='cn' phoneId=0 property='gsm.sim.operator.iso-country' defaultVal='' prop=cn
11-25 14:48:08.826  1256  1649 D SubscriptionController: [getActiveSubInfoList]+
11-25 14:48:08.826  1256  1649 D SubscriptionController: selection:sim_id>=0 null
11-25 14:48:08.828  1256  1649 D TelephonyManager: getTelephonyProperty: return propVal='cn' phoneId=0 property='gsm.sim.operator.iso-country' defaultVal='' prop=cn
11-25 14:48:08.828  1256  1649 D SubscriptionController: [getSubInfoRecord] id:1 iccid:DUMMY_NV_ID simSlotIndex:0 displayName:CARD 1 nameSource:0 iconTint:-16746133 dataRoaming:0 mcc:460 mnc:1 countIso:cn status:1 nwMode:10
11-25 14:48:08.830  1256  1649 D SubscriptionController: [getActiveSubInfoList]- 1 infos return
11-25 14:48:08.831  1256  2066 D RILJ    : [4061]> RIL_REQUEST_GSM_BROADCAST_ACTIVATION [SUB0]
11-25 14:48:08.832   671   805 D TelephonyManager: getTelephonyProperty: return propVal='cn' phoneId=0 property='gsm.operator.iso-country' defaultVal='' prop=cn
11-25 14:48:08.833   203   636 D RILC    : RequestComplete, RIL_SOCKET_1
11-25 14:48:08.833   203   636 E RILC    : Send Response to RIL_SOCKET_1
11-25 14:48:08.833  1256  1460 D RILJ    : [4061]< RIL_REQUEST_GSM_BROADCAST_ACTIVATION  [SUB0]
11-25 14:48:08.838  1256  1274 D SubscriptionController: [getActiveSubInfoList]+
11-25 14:48:08.839  1256  1274 D SubscriptionController: selection:sim_id>=0 null
11-25 14:48:08.846  1256  1274 D TelephonyManager: getTelephonyProperty: return propVal='cn' phoneId=0 property='gsm.sim.operator.iso-country' defaultVal='' prop=cn
11-25 14:48:08.846  1256  1274 D SubscriptionController: [getSubInfoRecord] id:1 iccid:DUMMY_NV_ID simSlotIndex:0 displayName:CARD 1 nameSource:0 iconTint:-16746133 dataRoaming:0 mcc:460 mnc:1 countIso:cn status:1 nwMode:10
11-25 14:48:08.850  1256  1274 D SubscriptionController: [getActiveSubInfoList]- 1 infos return
11-25 14:48:08.851  1256  1804 D RILJ    : [4062]> RIL_REQUEST_GSM_BROADCAST_ACTIVATION [SUB0]
11-25 14:48:08.854   203   636 D RILC    : RequestComplete, RIL_SOCKET_1
11-25 14:48:08.854   203   636 E RILC    : Send Response to RIL_SOCKET_1
11-25 14:48:08.854  1256  1460 D RILJ    : [4062]< RIL_REQUEST_GSM_BROADCAST_ACTIVATION  [SUB0]
11-25 14:48:08.856  1256  1649 D SubscriptionController: [getActiveSubInfoList]+
11-25 14:48:08.856  1256  1649 D SubscriptionController: selection:sim_id>=0 null
11-25 14:48:08.858  1256  1649 D TelephonyManager: getTelephonyProperty: return propVal='cn' phoneId=0 property='gsm.sim.operator.iso-country' defaultVal='' prop=cn
11-25 14:48:08.858  1256  1649 D SubscriptionController: [getSubInfoRecord] id:1 iccid:DUMMY_NV_ID simSlotIndex:0 displayName:CARD 1 nameSource:0 iconTint:-16746133 dataRoaming:0 mcc:460 mnc:1 countIso:cn status:1 nwMode:10
11-25 14:48:08.860  1256  1649 D SubscriptionController: [getActiveSubInfoList]- 1 infos return
11-25 14:48:08.861  1256  1276 D RILJ    : [4063]> RIL_REQUEST_GSM_BROADCAST_ACTIVATION [SUB0]
11-25 14:48:08.865   203   636 D RILC    : RequestComplete, RIL_SOCKET_1
11-25 14:48:08.865   203   636 E RILC    : Send Response to RIL_SOCKET_1
11-25 14:48:08.865  1256  1460 D RILJ    : [4063]< RIL_REQUEST_GSM_BROADCAST_ACTIVATION  [SUB0]
11-25 14:48:08.867  1256  2066 D SubscriptionController: [getActiveSubInfoList]+
11-25 14:48:08.867  1256  2066 D SubscriptionController: selection:sim_id>=0 null
11-25 14:48:08.870  1256  2066 D TelephonyManager: getTelephonyProperty: return propVal='cn' phoneId=0 property='gsm.sim.operator.iso-country' defaultVal='' prop=cn
11-25 14:48:08.871  1256  2066 D SubscriptionController: [getSubInfoRecord] id:1 iccid:DUMMY_NV_ID simSlotIndex:0 displayName:CARD 1 nameSource:0 iconTint:-16746133 dataRoaming:0 mcc:460 mnc:1 countIso:cn status:1 nwMode:10
11-25 14:48:08.872  1256  2066 D SubscriptionController: [getActiveSubInfoList]- 1 infos return
11-25 14:48:08.874  1256  1274 D RILJ    : [4064]> RIL_REQUEST_CDMA_SET_BROADCAST_CONFIG with 1 configs :  [SUB0]
11-25 14:48:08.874  1256  1274 D RILJ    : CdmaSmsBroadcastConfigInfo: Id [4097, 4097] ENABLED [SUB0]
11-25 14:48:08.878   203   636 D RILC    : RequestComplete, RIL_SOCKET_1
11-25 14:48:08.878   203   636 E RILC    : Send Response to RIL_SOCKET_1
11-25 14:48:08.878  1256  1460 D RilRequest: [4064]< RIL_REQUEST_CDMA_SET_BROADCAST_CONFIG error: com.android.internal.telephony.CommandException: GENERIC_FAILURE ret=
11-25 14:48:08.880  1256  1804 D SubscriptionController: [getActiveSubInfoList]+
11-25 14:48:08.880  1256  1804 D SubscriptionController: selection:sim_id>=0 null
11-25 14:48:08.882  1256  1804 D TelephonyManager: getTelephonyProperty: return propVal='cn' phoneId=0 property='gsm.sim.operator.iso-country' defaultVal='' prop=cn
11-25 14:48:08.882  1256  1804 D SubscriptionController: [getSubInfoRecord] id:1 iccid:DUMMY_NV_ID simSlotIndex:0 displayName:CARD 1 nameSource:0 iconTint:-16746133 dataRoaming:0 mcc:460 mnc:1 countIso:cn status:1 nwMode:10
11-25 14:48:08.884  1256  1804 D SubscriptionController: [getActiveSubInfoList]- 1 infos return
11-25 14:48:08.885  1256  1649 D RILJ    : [4065]> RIL_REQUEST_GSM_BROADCAST_ACTIVATION [SUB0]
11-25 14:48:08.889   203   636 D RILC    : RequestComplete, RIL_SOCKET_1
11-25 14:48:08.889   203   636 E RILC    : Send Response to RIL_SOCKET_1
11-25 14:48:08.889  1256  1460 D RILJ    : [4065]< RIL_REQUEST_GSM_BROADCAST_ACTIVATION  [SUB0]
11-25 14:48:08.890  1256  1276 D SubscriptionController: [getActiveSubInfoList]+
11-25 14:48:08.891  1256  1276 D SubscriptionController: selection:sim_id>=0 null
11-25 14:48:08.893  1256  1276 D TelephonyManager: getTelephonyProperty: return propVal='cn' phoneId=0 property='gsm.sim.operator.iso-country' defaultVal='' prop=cn
11-25 14:48:08.893  1256  1276 D SubscriptionController: [getSubInfoRecord] id:1 iccid:DUMMY_NV_ID simSlotIndex:0 displayName:CARD 1 nameSource:0 iconTint:-16746133 dataRoaming:0 mcc:460 mnc:1 countIso:cn status:1 nwMode:10
11-25 14:48:08.895  1256  1276 D SubscriptionController: [getActiveSubInfoList]- 1 infos return
11-25 14:48:08.896  1256  2066 D RILJ    : [4066]> RIL_REQUEST_CDMA_SET_BROADCAST_CONFIG with 1 configs :  [SUB0]
11-25 14:48:08.896  1256  2066 D RILJ    : CdmaSmsBroadcastConfigInfo: Id [4098, 4098] ENABLED [SUB0]
11-25 14:48:08.899   203   636 D RILC    : RequestComplete, RIL_SOCKET_1
11-25 14:48:08.899   203   636 E RILC    : Send Response to RIL_SOCKET_1
11-25 14:48:08.900  1256  1460 D RilRequest: [4066]< RIL_REQUEST_CDMA_SET_BROADCAST_CONFIG error: com.android.internal.telephony.CommandException: GENERIC_FAILURE ret=
11-25 14:48:08.901  1256  1274 D SubscriptionController: [getActiveSubInfoList]+
11-25 14:48:08.902  1256  1274 D SubscriptionController: selection:sim_id>=0 null
11-25 14:48:08.904  1256  1274 D TelephonyManager: getTelephonyProperty: return propVal='cn' phoneId=0 property='gsm.sim.operator.iso-country' defaultVal='' prop=cn
11-25 14:48:08.904  1256  1274 D SubscriptionController: [getSubInfoRecord] id:1 iccid:DUMMY_NV_ID simSlotIndex:0 displayName:CARD 1 nameSource:0 iconTint:-16746133 dataRoaming:0 mcc:460 mnc:1 countIso:cn status:1 nwMode:10
11-25 14:48:08.907  1256  1274 D SubscriptionController: [getActiveSubInfoList]- 1 infos return
11-25 14:48:08.908  1256  1804 D RILJ    : [4067]> RIL_REQUEST_GSM_BROADCAST_ACTIVATION [SUB0]
11-25 14:48:08.911   203   636 D RILC    : RequestComplete, RIL_SOCKET_1
11-25 14:48:08.911   203   636 E RILC    : Send Response to RIL_SOCKET_1
11-25 14:48:08.912  1256  1460 D RILJ    : [4067]< RIL_REQUEST_GSM_BROADCAST_ACTIVATION  [SUB0]
11-25 14:48:08.913  1256  1649 D SubscriptionController: [getActiveSubInfoList]+
11-25 14:48:08.913  1256  1649 D SubscriptionController: selection:sim_id>=0 null
11-25 14:48:08.917  1256  1649 D TelephonyManager: getTelephonyProperty: return propVal='cn' phoneId=0 property='gsm.sim.operator.iso-country' defaultVal='' prop=cn
11-25 14:48:08.917  1256  1649 D SubscriptionController: [getSubInfoRecord] id:1 iccid:DUMMY_NV_ID simSlotIndex:0 displayName:CARD 1 nameSource:0 iconTint:-16746133 dataRoaming:0 mcc:460 mnc:1 countIso:cn status:1 nwMode:10
11-25 14:48:08.919  1256  1649 D SubscriptionController: [getActiveSubInfoList]- 1 infos return
11-25 14:48:08.920  1256  1276 D RILJ    : [4068]> RIL_REQUEST_CDMA_SET_BROADCAST_CONFIG with 1 configs :  [SUB0]
11-25 14:48:08.920  1256  1276 D RILJ    : CdmaSmsBroadcastConfigInfo: Id [4099, 4099] ENABLED [SUB0]
11-25 14:48:08.923   203   636 I RILQ    : (0/203):RIL[0][qmi_cb] qcril_qmi_nas_update_data_rte: completed, new drte 3 with confidence 1
11-25 14:48:08.927   203   636 I RILC    : RIL_SOCKET_1 UNSOLICITED: UNSOL_RESPONSE_VOICE_NETWORK_STATE_CHANGED length:8
11-25 14:48:08.927   203   636 E RILC    : Send Response to RIL_SOCKET_1
11-25 14:48:08.927  1256  1460 D RILJ    : [UNSL]< UNSOL_RESPONSE_VOICE_NETWORK_STATE_CHANGED [SUB0]
11-25 14:48:08.928  1256  1256 D RILJ    : [4069]> OPERATOR [SUB0]
11-25 14:48:08.928  1256  1256 D RILJ    : [4070]> DATA_REGISTRATION_STATE [SUB0]
11-25 14:48:08.929  1256  1256 D RILJ    : [4071]> VOICE_REGISTRATION_STATE [SUB0]
11-25 14:48:08.930  1256  1256 D RILJ    : [4072]> QUERY_NETWORK_SELECTION_MODE [SUB0]
11-25 14:48:08.931   203   636 D RILC    : RequestComplete, RIL_SOCKET_1
11-25 14:48:08.931   203   636 E RILC    : Send Response to RIL_SOCKET_1
11-25 14:48:08.932  1256  1460 D RilRequest: [4068]< RIL_REQUEST_CDMA_SET_BROADCAST_CONFIG error: com.android.internal.telephony.CommandException: GENERIC_FAILURE ret=
11-25 14:48:08.933  1256  2066 D SubscriptionController: [getActiveSubInfoList]+
11-25 14:48:08.933  1256  2066 D SubscriptionController: selection:sim_id>=0 null
11-25 14:48:08.936   203  2802 D RILC    : RequestComplete, RIL_SOCKET_1
11-25 14:48:08.936  1256  2066 D TelephonyManager: getTelephonyProperty: return propVal='cn' phoneId=0 property='gsm.sim.operator.iso-country' defaultVal='' prop=cn
11-25 14:48:08.936   203  2802 E RILC    : Send Response to RIL_SOCKET_1
11-25 14:48:08.937  1256  2066 D SubscriptionController: [getSubInfoRecord] id:1 iccid:DUMMY_NV_ID simSlotIndex:0 displayName:CARD 1 nameSource:0 iconTint:-16746133 dataRoaming:0 mcc:460 mnc:1 countIso:cn status:1 nwMode:10
11-25 14:48:08.937  1256  1460 D RILJ    : [4069]< OPERATOR {中国联通, 中国联通, 46001} [SUB0]
11-25 14:48:08.937  1256  1256 D GsmSST  : [GsmSST] EVENT_POLL_STATE_OPERATOR: use value from ril
11-25 14:48:08.937  1256  1256 D GsmSST  : [GsmSST] EVENT_POLL_STATE_OPERATOR: 中国联通
11-25 14:48:08.938  1256  2066 D SubscriptionController: [getActiveSubInfoList]- 1 infos return
11-25 14:48:08.940  1256  1274 D RILJ    : [4073]> RIL_REQUEST_GSM_BROADCAST_ACTIVATION [SUB0]
11-25 14:48:08.945   203  2803 D RILC    : RequestComplete, RIL_SOCKET_1
11-25 14:48:08.945   203  2803 E RILC    : Send Response to RIL_SOCKET_1
11-25 14:48:08.945  1256  1460 D RILJ    : [4070]< DATA_REGISTRATION_STATE {1, a03b, 004b703d, 3, null, 20, null, null, null, null, null} [SUB0]
11-25 14:48:08.946  1256  1256 D PHONE   : [ServiceState] setDataRegState=0
11-25 14:48:08.946  1256  1256 D PHONE   : [ServiceState] setDataRadioTechnology=3
11-25 14:48:08.946  1256  1256 D GsmSST  : [GsmSST] handlPollStateResultMessage: GsmSST setDataRegState=0 regState=1 dataRadioTechnology=3
11-25 14:48:08.948   203  2805 D RILC    : RequestComplete, RIL_SOCKET_1
11-25 14:48:08.948   203  2805 E RILC    : Send Response to RIL_SOCKET_1
11-25 14:48:08.948  1256  1460 D RILJ    : [4072]< QUERY_NETWORK_SELECTION_MODE {0} [SUB0]
11-25 14:48:08.950   203  2804 D RILC    : RequestComplete, RIL_SOCKET_1
11-25 14:48:08.950   203  2804 E RILC    : Send Response to RIL_SOCKET_1
11-25 14:48:08.951  1256  1460 D RILJ    : [4071]< VOICE_REGISTRATION_STATE {1, a03b, 004b703d, 3, null, null, null, 0, null, null, 1, null, null, 0, 172} [SUB0]
11-25 14:48:08.951  1256  1256 D PHONE   : [ServiceState] setVoiceRegState=0
11-25 14:48:08.951  1256  1256 E PHONE   : [ServiceState] setState deprecated use setVoiceRegState()
11-25 14:48:08.951  1256  1256 D GsmSST  : [GsmSST] Poll ServiceState done:  oldSS=[0 0 voice home data home 中国联通 中国联通 46001 中国联通 中国联通 46001  UMTS UMTS CSS not supported -1 -1 RoamInd=-1 DefRoamInd=-1 EmergOnly=false] newSS=[0 0 voice home data home 中国联通 中国联通 46001 中国联通 中国联通 46001  UMTS UMTS CSS not supported -1 -1 RoamInd=-1 DefRoamInd=-1 EmergOnly=false] oldMaxDataCalls=20 mNewMaxDataCalls=20 oldReasonDataDenied=-1 mNewReasonDataDenied=-1
11-25 14:48:08.951  1256  1256 D PHONE   : [ServiceState] setNullState=1
11-25 14:48:08.953   203   636 D RILC    : RequestComplete, RIL_SOCKET_1
11-25 14:48:08.953   203   636 E RILC    : Send Response to RIL_SOCKET_1
11-25 14:48:08.954  1256  1460 D RILJ    : [4073]< RIL_REQUEST_GSM_BROADCAST_ACTIVATION  [SUB0]
11-25 14:48:08.957  1256  1804 D SubscriptionController: [getActiveSubInfoList]+
11-25 14:48:08.957  1256  1804 D SubscriptionController: selection:sim_id>=0 null
11-25 14:48:08.962  1256  1804 D TelephonyManager: getTelephonyProperty: return propVal='cn' phoneId=0 property='gsm.sim.operator.iso-country' defaultVal='' prop=cn
11-25 14:48:08.962  1256  1804 D SubscriptionController: [getSubInfoRecord] id:1 iccid:DUMMY_NV_ID simSlotIndex:0 displayName:CARD 1 nameSource:0 iconTint:-16746133 dataRoaming:0 mcc:460 mnc:1 countIso:cn status:1 nwMode:10
11-25 14:48:08.965  1256  1804 D SubscriptionController: [getActiveSubInfoList]- 1 infos return
11-25 14:48:08.966  1256  1649 D RILJ    : [4074]> RIL_REQUEST_CDMA_SET_BROADCAST_CONFIG with 1 configs :  [SUB0]
11-25 14:48:08.967  1256  1649 D RILJ    : CdmaSmsBroadcastConfigInfo: Id [4096, 4096] ENABLED [SUB0]
11-25 14:48:08.970   203   636 D RILC    : RequestComplete, RIL_SOCKET_1
11-25 14:48:08.970   203   636 E RILC    : Send Response to RIL_SOCKET_1
11-25 14:48:08.970  1256  1460 D RilRequest: [4074]< RIL_REQUEST_CDMA_SET_BROADCAST_CONFIG error: com.android.internal.telephony.CommandException: GENERIC_FAILURE ret=
11-25 14:48:08.973  1256  1276 D SubscriptionController: [getActiveSubInfoList]+
11-25 14:48:08.973  1256  1276 D SubscriptionController: selection:sim_id>=0 null
11-25 14:48:08.977  1256  1276 D TelephonyManager: getTelephonyProperty: return propVal='cn' phoneId=0 property='gsm.sim.operator.iso-country' defaultVal='' prop=cn
11-25 14:48:08.978  1256  1276 D SubscriptionController: [getSubInfoRecord] id:1 iccid:DUMMY_NV_ID simSlotIndex:0 displayName:CARD 1 nameSource:0 iconTint:-16746133 dataRoaming:0 mcc:460 mnc:1 countIso:cn status:1 nwMode:10
11-25 14:48:08.980  1256  1276 D SubscriptionController: [getActiveSubInfoList]- 1 infos return
11-25 14:48:08.982  1256  2066 D RILJ    : [4075]> RIL_REQUEST_GSM_BROADCAST_ACTIVATION [SUB0]
11-25 14:48:08.985   203   636 D RILC    : RequestComplete, RIL_SOCKET_1
11-25 14:48:08.985   203   636 E RILC    : Send Response to RIL_SOCKET_1
11-25 14:48:08.985  1256  1460 D RILJ    : [4075]< RIL_REQUEST_GSM_BROADCAST_ACTIVATION  [SUB0]
11-25 14:48:08.989  1256  1274 D SubscriptionController: [getActiveSubInfoList]+
11-25 14:48:08.989  1256  1274 D SubscriptionController: selection:sim_id>=0 null
11-25 14:48:08.994  1256  1274 D TelephonyManager: getTelephonyProperty: return propVal='cn' phoneId=0 property='gsm.sim.operator.iso-country' defaultVal='' prop=cn
11-25 14:48:08.994  1256  1274 D SubscriptionController: [getSubInfoRecord] id:1 iccid:DUMMY_NV_ID simSlotIndex:0 displayName:CARD 1 nameSource:0 iconTint:-16746133 dataRoaming:0 mcc:460 mnc:1 countIso:cn status:1 nwMode:10
11-25 14:48:08.998  1256  1274 D SubscriptionController: [getActiveSubInfoList]- 1 infos return
11-25 14:48:09.001  2438  2792 D TelephonyManager: getTelephonyProperty: return propVal='cn' phoneId=0 property='gsm.sim.operator.iso-country' defaultVal='' prop=cn
11-25 14:48:09.003  2438  2792 D TelephonyManager: getTelephonyProperty: return propVal='cn' phoneId=0 property='gsm.operator.iso-country' defaultVal='' prop=cn
11-25 14:48:09.005  1256  1804 D SubscriptionController: [getActiveSubInfoList]+
11-25 14:48:09.005  1256  1804 D SubscriptionController: selection:sim_id>=0 null
11-25 14:48:09.010  1256  1804 D TelephonyManager: getTelephonyProperty: return propVal='cn' phoneId=0 property='gsm.sim.operator.iso-country' defaultVal='' prop=cn
11-25 14:48:09.010  1256  1804 D SubscriptionController: [getSubInfoRecord] id:1 iccid:DUMMY_NV_ID simSlotIndex:0 displayName:CARD 1 nameSource:0 iconTint:-16746133 dataRoaming:0 mcc:460 mnc:1 countIso:cn status:1 nwMode:10
11-25 14:48:09.013  1256  1804 D SubscriptionController: [getActiveSubInfoList]- 1 infos return
11-25 14:48:09.016  1256  1276 D SubscriptionController: [getActiveSubInfoList]+
11-25 14:48:09.017  1256  1276 D SubscriptionController: selection:sim_id>=0 null
11-25 14:48:09.021  1256  1276 D TelephonyManager: getTelephonyProperty: return propVal='cn' phoneId=0 property='gsm.sim.operator.iso-country' defaultVal='' prop=cn
11-25 14:48:09.021  1256  1276 D SubscriptionController: [getSubInfoRecord] id:1 iccid:DUMMY_NV_ID simSlotIndex:0 displayName:CARD 1 nameSource:0 iconTint:-16746133 dataRoaming:0 mcc:460 mnc:1 countIso:cn status:1 nwMode:10
11-25 14:48:09.024  1256  1276 D SubscriptionController: [getActiveSubInfoList]- 1 infos return
11-25 14:48:09.028  1256  1274 D SubscriptionController: [getActiveSubInfoList]+
11-25 14:48:09.028  1256  1274 D SubscriptionController: selection:sim_id>=0 null
11-25 14:48:09.033  1256  1274 D TelephonyManager: getTelephonyProperty: return propVal='cn' phoneId=0 property='gsm.sim.operator.iso-country' defaultVal='' prop=cn
11-25 14:48:09.033  1256  1274 D SubscriptionController: [getSubInfoRecord] id:1 iccid:DUMMY_NV_ID simSlotIndex:0 displayName:CARD 1 nameSource:0 iconTint:-16746133 dataRoaming:0 mcc:460 mnc:1 countIso:cn status:1 nwMode:10
11-25 14:48:09.037  1256  1274 D SubscriptionController: [getActiveSubInfoList]- 1 infos return
11-25 14:48:09.041  1256  1649 D SubscriptionController: [getActiveSubInfoList]+
11-25 14:48:09.042  1256  1649 D SubscriptionController: selection:sim_id>=0 null
11-25 14:48:09.047  1256  1649 D TelephonyManager: getTelephonyProperty: return propVal='cn' phoneId=0 property='gsm.sim.operator.iso-country' defaultVal='' prop=cn
11-25 14:48:09.047  1256  1649 D SubscriptionController: [getSubInfoRecord] id:1 iccid:DUMMY_NV_ID simSlotIndex:0 displayName:CARD 1 nameSource:0 iconTint:-16746133 dataRoaming:0 mcc:460 mnc:1 countIso:cn status:1 nwMode:10
11-25 14:48:09.051  1256  1649 D SubscriptionController: [getActiveSubInfoList]- 1 infos return
11-25 14:48:10.843   203   350 I RILC    : RIL_SOCKET_1 UNSOLICITED: UNSOL_SIGNAL_STRENGTH length:60
11-25 14:48:10.843   203   350 E RILC    : Send Response to RIL_SOCKET_1
11-25 14:48:10.845  1256  1256 D DefaultPhoneNotifier: notifySignalStrength: mRegistry=com.android.internal.telephony.ITelephonyRegistry$Stub$Proxy@3c7bf3cf ss=SignalStrength: 12 0 -120 -160 -120 -1 -1 99 2147483647 2147483647 2147483647 2147483647 2147483647 gsm|lte sender=Handler (com.android.internal.telephony.gsm.GSMPhone) {2799bdec}
11-25 14:48:13.571   203   636 I RILQ    : (0/203):RIL[0][qmi_cb] qcril_qmi_nas_update_data_rte: completed, new drte 3 with confidence 1
11-25 14:48:13.577   203   636 I RILC    : RIL_SOCKET_1 UNSOLICITED: UNSOL_RESPONSE_VOICE_NETWORK_STATE_CHANGED length:8
11-25 14:48:13.577   203   636 E RILC    : Send Response to RIL_SOCKET_1
11-25 14:48:13.579  1256  1460 D RILJ    : [UNSL]< UNSOL_RESPONSE_VOICE_NETWORK_STATE_CHANGED [SUB0]
11-25 14:48:13.580  1256  1256 D RILJ    : [4076]> OPERATOR [SUB0]
11-25 14:48:13.583  1256  1256 D RILJ    : [4077]> DATA_REGISTRATION_STATE [SUB0]
11-25 14:48:13.587  1256  1256 D RILJ    : [4078]> VOICE_REGISTRATION_STATE [SUB0]
11-25 14:48:13.590  1256  1256 D RILJ    : [4079]> QUERY_NETWORK_SELECTION_MODE [SUB0]
11-25 14:48:13.596   203  2813 D RILC    : RequestComplete, RIL_SOCKET_1
11-25 14:48:13.596   203  2813 E RILC    : Send Response to RIL_SOCKET_1
11-25 14:48:13.597  1256  1460 D RILJ    : [4076]< OPERATOR {中国联通, 中国联通, 46001} [SUB0]
11-25 14:48:13.598  1256  1256 D GsmSST  : [GsmSST] EVENT_POLL_STATE_OPERATOR: use value from ril
11-25 14:48:13.598  1256  1256 D GsmSST  : [GsmSST] EVENT_POLL_STATE_OPERATOR: 中国联通
11-25 14:48:13.598   203  2815 D RILC    : RequestComplete, RIL_SOCKET_1
11-25 14:48:13.598   203  2815 E RILC    : Send Response to RIL_SOCKET_1
11-25 14:48:13.599  1256  1460 D RILJ    : [4078]< VOICE_REGISTRATION_STATE {1, a03b, 004b703d, 3, null, null, null, 0, null, null, 1, null, null, 0, 172} [SUB0]
11-25 14:48:13.599  1256  1256 D PHONE   : [ServiceState] setVoiceRegState=0
11-25 14:48:13.599  1256  1256 E PHONE   : [ServiceState] setState deprecated use setVoiceRegState()
11-25 14:48:13.599   203  2816 D RILC    : RequestComplete, RIL_SOCKET_1
11-25 14:48:13.599   203  2816 E RILC    : Send Response to RIL_SOCKET_1
11-25 14:48:13.599  1256  1460 D RILJ    : [4079]< QUERY_NETWORK_SELECTION_MODE {0} [SUB0]
11-25 14:48:13.600   203  2814 D RILC    : RequestComplete, RIL_SOCKET_1
11-25 14:48:13.600   203  2814 E RILC    : Send Response to RIL_SOCKET_1
11-25 14:48:13.601  1256  1460 D RILJ    : [4077]< DATA_REGISTRATION_STATE {1, a03b, 004b703d, 3, null, 20, null, null, null, null, null} [SUB0]
11-25 14:48:13.601  1256  1256 D PHONE   : [ServiceState] setDataRegState=0
11-25 14:48:13.601  1256  1256 D PHONE   : [ServiceState] setDataRadioTechnology=3
11-25 14:48:13.601  1256  1256 D GsmSST  : [GsmSST] handlPollStateResultMessage: GsmSST setDataRegState=0 regState=1 dataRadioTechnology=3
11-25 14:48:13.602  1256  1256 D GsmSST  : [GsmSST] Poll ServiceState done:  oldSS=[0 0 voice home data home 中国联通 中国联通 46001 中国联通 中国联通 46001  UMTS UMTS CSS not supported -1 -1 RoamInd=-1 DefRoamInd=-1 EmergOnly=false] newSS=[0 0 voice home data home 中国联通 中国联通 46001 中国联通 中国联通 46001  UMTS UMTS CSS not supported -1 -1 RoamInd=-1 DefRoamInd=-1 EmergOnly=false] oldMaxDataCalls=20 mNewMaxDataCalls=20 oldReasonDataDenied=-1 mNewReasonDataDenied=-1
11-25 14:48:13.602  1256  1256 D PHONE   : [ServiceState] setNullState=1
11-25 14:48:13.627   203   636 I RILQ    : (0/203):RIL[0][qmi_cb] qcril_qmi_nas_update_data_rte: completed, new drte 3 with confidence 1
11-25 14:48:13.628   203   636 I RILC    : RIL_SOCKET_1 UNSOLICITED: UNSOL_RESPONSE_VOICE_NETWORK_STATE_CHANGED length:8
11-25 14:48:13.628   203   636 E RILC    : Send Response to RIL_SOCKET_1
11-25 14:48:13.628  1256  1460 D RILJ    : [UNSL]< UNSOL_RESPONSE_VOICE_NETWORK_STATE_CHANGED [SUB0]
11-25 14:48:13.629  1256  1256 D RILJ    : [4080]> OPERATOR [SUB0]
11-25 14:48:13.629  1256  1256 D RILJ    : [4081]> DATA_REGISTRATION_STATE [SUB0]
11-25 14:48:13.631  1256  1256 D RILJ    : [4082]> VOICE_REGISTRATION_STATE [SUB0]
11-25 14:48:13.632  1256  1256 D RILJ    : [4083]> QUERY_NETWORK_SELECTION_MODE [SUB0]
11-25 14:48:13.633   203   350 I RILC    : RIL_SOCKET_1 UNSOLICITED: UNSOL_SIGNAL_STRENGTH length:60
11-25 14:48:13.633   203   350 E RILC    : Send Response to RIL_SOCKET_1
11-25 14:48:13.634  1256  1256 D DefaultPhoneNotifier: notifySignalStrength: mRegistry=com.android.internal.telephony.ITelephonyRegistry$Stub$Proxy@3c7bf3cf ss=SignalStrength: 12 0 -120 -160 -120 -1 -1 99 2147483647 2147483647 2147483647 2147483647 2147483647 gsm|lte sender=Handler (com.android.internal.telephony.gsm.GSMPhone) {2799bdec}
11-25 14:48:13.636   203  2819 D RILC    : RequestComplete, RIL_SOCKET_1
11-25 14:48:13.636   203  2819 E RILC    : Send Response to RIL_SOCKET_1
11-25 14:48:13.637  1256  1460 D RILJ    : [4082]< VOICE_REGISTRATION_STATE {1, a03b, 004b703d, 3, null, null, null, 0, null, null, 1, null, null, 0, 172} [SUB0]
11-25 14:48:13.638  1256  1256 D PHONE   : [ServiceState] setVoiceRegState=0
11-25 14:48:13.638  1256  1256 E PHONE   : [ServiceState] setState deprecated use setVoiceRegState()
11-25 14:48:13.639   203  2820 D RILC    : RequestComplete, RIL_SOCKET_1
11-25 14:48:13.639   203  2820 E RILC    : Send Response to RIL_SOCKET_1
11-25 14:48:13.639  1256  1460 D RILJ    : [4083]< QUERY_NETWORK_SELECTION_MODE {0} [SUB0]
11-25 14:48:13.640   203  2818 D RILC    : RequestComplete, RIL_SOCKET_1
11-25 14:48:13.640   203  2818 E RILC    : Send Response to RIL_SOCKET_1
11-25 14:48:13.641  1256  1460 D RILJ    : [4081]< DATA_REGISTRATION_STATE {1, a03b, 004b703d, 3, null, 20, null, null, null, null, null} [SUB0]
11-25 14:48:13.641  1256  1256 D PHONE   : [ServiceState] setDataRegState=0
11-25 14:48:13.641  1256  1256 D PHONE   : [ServiceState] setDataRadioTechnology=3
11-25 14:48:13.641  1256  1256 D GsmSST  : [GsmSST] handlPollStateResultMessage: GsmSST setDataRegState=0 regState=1 dataRadioTechnology=3
11-25 14:48:13.642   203  2817 D RILC    : RequestComplete, RIL_SOCKET_1
11-25 14:48:13.642   203  2817 E RILC    : Send Response to RIL_SOCKET_1
11-25 14:48:13.642  1256  1460 D RILJ    : [4080]< OPERATOR {中国联通, 中国联通, 46001} [SUB0]
11-25 14:48:13.642  1256  1256 D GsmSST  : [GsmSST] EVENT_POLL_STATE_OPERATOR: use value from ril
11-25 14:48:13.642  1256  1256 D GsmSST  : [GsmSST] EVENT_POLL_STATE_OPERATOR: 中国联通
11-25 14:48:13.642  1256  1256 D GsmSST  : [GsmSST] Poll ServiceState done:  oldSS=[0 0 voice home data home 中国联通 中国联通 46001 中国联通 中国联通 46001  UMTS UMTS CSS not supported -1 -1 RoamInd=-1 DefRoamInd=-1 EmergOnly=false] newSS=[0 0 voice home data home 中国联通 中国联通 46001 中国联通 中国联通 46001  UMTS UMTS CSS not supported -1 -1 RoamInd=-1 DefRoamInd=-1 EmergOnly=false] oldMaxDataCalls=20 mNewMaxDataCalls=20 oldReasonDataDenied=-1 mNewReasonDataDenied=-1
11-25 14:48:13.642  1256  1256 D PHONE   : [ServiceState] setNullState=1
11-25 14:48:13.703   203   350 I RILQ    : (0/203):RIL[0][event] qcril_arb_set_data_sys_status: recvd data_sys_status nw=0x0, rat_mask=0x8000, so_mask=0x0
11-25 14:48:13.704   203   350 I RILQ    : (0/203):RIL[0][event] qcril_arb_set_data_sys_status: recvd data_sys_status nw=0x1, rat_mask=0x0, so_mask=0x0
11-25 14:48:13.704   203   350 I RILQ    : (0/203):RIL[0][event] qcril_qmi_nas_update_data_rte: completed, new drte 3 with confidence 1
11-25 14:48:13.706   203   350 I RILC    : RIL_SOCKET_1 UNSOLICITED: UNSOL_RESPONSE_VOICE_NETWORK_STATE_CHANGED length:8
11-25 14:48:13.706   203   350 E RILC    : Send Response to RIL_SOCKET_1
11-25 14:48:13.707  1256  1460 D RILJ    : [UNSL]< UNSOL_RESPONSE_VOICE_NETWORK_STATE_CHANGED [SUB0]
11-25 14:48:13.707  1256  1256 D RILJ    : [4084]> OPERATOR [SUB0]
11-25 14:48:13.708  1256  1256 D RILJ    : [4085]> DATA_REGISTRATION_STATE [SUB0]
11-25 14:48:13.710  1256  1256 D RILJ    : [4086]> VOICE_REGISTRATION_STATE [SUB0]
11-25 14:48:13.712  1256  1256 D RILJ    : [4087]> QUERY_NETWORK_SELECTION_MODE [SUB0]
11-25 14:48:13.716   203   350 I RILC    : RIL_SOCKET_1 UNSOLICITED: UNSOL_SIGNAL_STRENGTH length:60
11-25 14:48:13.716   203   350 E RILC    : Send Response to RIL_SOCKET_1
11-25 14:48:13.717  1256  1256 D DefaultPhoneNotifier: notifySignalStrength: mRegistry=com.android.internal.telephony.ITelephonyRegistry$Stub$Proxy@3c7bf3cf ss=SignalStrength: 12 0 -120 -160 -120 -1 -1 99 2147483647 2147483647 2147483647 2147483647 2147483647 gsm|lte sender=Handler (com.android.internal.telephony.gsm.GSMPhone) {2799bdec}
11-25 14:48:13.721   203  2823 D RILC    : RequestComplete, RIL_SOCKET_1
11-25 14:48:13.721   203  2823 E RILC    : Send Response to RIL_SOCKET_1
11-25 14:48:13.724  1256  1460 D RILJ    : [4086]< VOICE_REGISTRATION_STATE {1, a03b, 004b703d, 3, null, null, null, 0, null, null, 1, null, null, 0, 172} [SUB0]
11-25 14:48:13.724  1256  1256 D PHONE   : [ServiceState] setVoiceRegState=0
11-25 14:48:13.724  1256  1256 E PHONE   : [ServiceState] setState deprecated use setVoiceRegState()
11-25 14:48:13.725   203  2824 D RILC    : RequestComplete, RIL_SOCKET_1
11-25 14:48:13.725   203  2824 E RILC    : Send Response to RIL_SOCKET_1
11-25 14:48:13.726  1256  1460 D RILJ    : [4087]< QUERY_NETWORK_SELECTION_MODE {0} [SUB0]
11-25 14:48:13.727   203  2821 D RILC    : RequestComplete, RIL_SOCKET_1
11-25 14:48:13.727   203  2821 E RILC    : Send Response to RIL_SOCKET_1
11-25 14:48:13.727  1256  1460 D RILJ    : [4084]< OPERATOR {中国联通, 中国联通, 46001} [SUB0]
11-25 14:48:13.727  1256  1256 D GsmSST  : [GsmSST] EVENT_POLL_STATE_OPERATOR: use value from ril
11-25 14:48:13.728  1256  1256 D GsmSST  : [GsmSST] EVENT_POLL_STATE_OPERATOR: 中国联通
11-25 14:48:13.728   203  2822 D RILC    : RequestComplete, RIL_SOCKET_1
11-25 14:48:13.729   203  2822 E RILC    : Send Response to RIL_SOCKET_1
11-25 14:48:13.729  1256  1460 D RILJ    : [4085]< DATA_REGISTRATION_STATE {1, a03b, 004b703d, 3, null, 20, null, null, null, null, null} [SUB0]
11-25 14:48:13.730  1256  1256 D PHONE   : [ServiceState] setDataRegState=0
11-25 14:48:13.730  1256  1256 D PHONE   : [ServiceState] setDataRadioTechnology=3
11-25 14:48:13.730  1256  1256 D GsmSST  : [GsmSST] handlPollStateResultMessage: GsmSST setDataRegState=0 regState=1 dataRadioTechnology=3
11-25 14:48:13.731  1256  1256 D GsmSST  : [GsmSST] Poll ServiceState done:  oldSS=[0 0 voice home data home 中国联通 中国联通 46001 中国联通 中国联通 46001  UMTS UMTS CSS not supported -1 -1 RoamInd=-1 DefRoamInd=-1 EmergOnly=false] newSS=[0 0 voice home data home 中国联通 中国联通 46001 中国联通 中国联通 46001  UMTS UMTS CSS not supported -1 -1 RoamInd=-1 DefRoamInd=-1 EmergOnly=false] oldMaxDataCalls=20 mNewMaxDataCalls=20 oldReasonDataDenied=-1 mNewReasonDataDenied=-1
11-25 14:48:13.731  1256  1256 D PHONE   : [ServiceState] setNullState=1
11-25 14:48:14.126   203   636 I RILQ    : (0/203):RIL[0][qmi_cb] qcril_qmi_nas_update_data_rte: completed, new drte 0 with confidence 4
11-25 14:48:14.134   203   636 I RILQ    : (0/203):RIL[0][qmi_cb] qcril_qmi_nas_update_data_rte: completed, new drte 0 with confidence 4
11-25 14:48:14.135   203   350 I RILQ    : (0/203):RIL[0][event] qcril_qmi_nas_evaluate_custom_emergency_numbers_for_card: cur_status 1024, card_state 3
11-25 14:48:14.135   203   350 I RILQ    : (0/203):RIL[0][event] qcril_qmi_nas_evaluate_custom_emergency_numbers_for_card: card_mcc 460, card_mnc 01
11-25 14:48:14.139   203   636 I RILC    : RIL_SOCKET_1 UNSOLICITED: UNSOL_RESPONSE_VOICE_NETWORK_STATE_CHANGED length:8
11-25 14:48:14.139   203   636 E RILC    : Send Response to RIL_SOCKET_1
