11-25 14:47:43.236  1256  1274 D SubscriptionController: [getActiveSubInfoList]+
11-25 14:47:43.236  1256  1274 D SubscriptionController: selection:sim_id>=0 null
11-25 14:47:43.239  1256  1274 D TelephonyManager: getTelephonyProperty: return propVal='cn' phoneId=0 property='gsm.sim.operator.iso-country' defaultVal='' prop=cn
11-25 14:47:43.239  1256  1274 D SubscriptionController: [getSubInfoRecord] id:1 iccid:DUMMY_NV_ID simSlotIndex:0 displayName:CARD 1 nameSource:0 iconTint:-16746133 dataRoaming:0 mcc:460 mnc:1 countIso:cn status:1 nwMode:10
11-25 14:47:43.241  1256  1274 D SubscriptionController: [getActiveSubInfoList]- 1 infos return
11-25 14:47:43.835  1256  2066 D GsmDCT  : [0]fetchDunApn: net.tethering.noprovisioning=true ret: null
11-25 14:47:43.835  1256  2066 D GsmDCT  : [0]hasMatchedTetherApnSetting: APN=null
11-25 14:47:45.241   203   350 I RILC    : RIL_SOCKET_1 UNSOLICITED: UNSOL_SIGNAL_STRENGTH length:60
11-25 14:47:45.241   203   350 E RILC    : Send Response to RIL_SOCKET_1
11-25 14:47:45.242  1256  1256 D DefaultPhoneNotifier: notifySignalStrength: mRegistry=com.android.internal.telephony.ITelephonyRegistry$Stub$Proxy@3c7bf3cf ss=SignalStrength: 12 0 -120 -160 -120 -1 -1 99 2147483647 2147483647 2147483647 2147483647 2147483647 gsm|lte sender=Handler (com.android.internal.telephony.gsm.GSMPhone) {2799bdec}
11-25 14:47:47.951   203   636 I RILQ    : (0/203):RIL[0][qmi_cb] qcril_qmi_nas_update_data_rte: completed, new drte 3 with confidence 1
11-25 14:47:47.952   203   636 I RILC    : RIL_SOCKET_1 UNSOLICITED: UNSOL_RESPONSE_VOICE_NETWORK_STATE_CHANGED length:8
11-25 14:47:47.952   203   636 E RILC    : Send Response to RIL_SOCKET_1
11-25 14:47:47.952  1256  1460 D RILJ    : [UNSL]< UNSOL_RESPONSE_VOICE_NETWORK_STATE_CHANGED [SUB0]
11-25 14:47:47.952  1256  1256 D RILJ    : [3960]> OPERATOR [SUB0]
11-25 14:47:47.953  1256  1256 D RILJ    : [3961]> DATA_REGISTRATION_STATE [SUB0]
11-25 14:47:47.953  1256  1256 D RILJ    : [3962]> VOICE_REGISTRATION_STATE [SUB0]
11-25 14:47:47.954  1256  1256 D RILJ    : [3963]> QUERY_NETWORK_SELECTION_MODE [SUB0]
11-25 14:47:47.956   203  2702 D RILC    : RequestComplete, RIL_SOCKET_1
11-25 14:47:47.956   203  2702 E RILC    : Send Response to RIL_SOCKET_1
11-25 14:47:47.956  1256  1460 D RILJ    : [3960]< OPERATOR {中国联通, 中国联通, 46001} [SUB0]
11-25 14:47:47.956  1256  1256 D GsmSST  : [GsmSST] EVENT_POLL_STATE_OPERATOR: use value from ril
11-25 14:47:47.956  1256  1256 D GsmSST  : [GsmSST] EVENT_POLL_STATE_OPERATOR: 中国联通
11-25 14:47:47.956   203  2703 D RILC    : RequestComplete, RIL_SOCKET_1
11-25 14:47:47.956   203  2703 E RILC    : Send Response to RIL_SOCKET_1
11-25 14:47:47.957  1256  1460 D RILJ    : [3961]< DATA_REGISTRATION_STATE {1, a03b, 004b703d, 3, null, 20, null, null, null, null, null} [SUB0]
11-25 14:47:47.957  1256  1256 D PHONE   : [ServiceState] setDataRegState=0
11-25 14:47:47.957  1256  1256 D PHONE   : [ServiceState] setDataRadioTechnology=3
11-25 14:47:47.957  1256  1256 D GsmSST  : [GsmSST] handlPollStateResultMessage: GsmSST setDataRegState=0 regState=1 dataRadioTechnology=3
11-25 14:47:47.957   203  2704 D RILC    : RequestComplete, RIL_SOCKET_1
11-25 14:47:47.957   203  2704 E RILC    : Send Response to RIL_SOCKET_1
11-25 14:47:47.957  1256  1460 D RILJ    : [3962]< VOICE_REGISTRATION_STATE {1, a03b, 004b703d, 3, null, null, null, 0, null, null, 1, null, null, 0, 172} [SUB0]
11-25 14:47:47.957  1256  1256 D PHONE   : [ServiceState] setVoiceRegState=0
11-25 14:47:47.958  1256  1256 E PHONE   : [ServiceState] setState deprecated use setVoiceRegState()
11-25 14:47:47.958   203  2705 D RILC    : RequestComplete, RIL_SOCKET_1
11-25 14:47:47.958   203  2705 E RILC    : Send Response to RIL_SOCKET_1
11-25 14:47:47.958  1256  1460 D RILJ    : [3963]< QUERY_NETWORK_SELECTION_MODE {0} [SUB0]
11-25 14:47:47.959  1256  1256 D GsmSST  : [GsmSST] Poll ServiceState done:  oldSS=[0 0 voice home data home 中国联通 中国联通 46001 中国联通 中国联通 46001  UMTS UMTS CSS not supported -1 -1 RoamInd=-1 DefRoamInd=-1 EmergOnly=false] newSS=[0 0 voice home data home 中国联通 中国联通 46001 中国联通 中国联通 46001  UMTS UMTS CSS not supported -1 -1 RoamInd=-1 DefRoamInd=-1 EmergOnly=false] oldMaxDataCalls=20 mNewMaxDataCalls=20 oldReasonDataDenied=-1 mNewReasonDataDenied=-1
11-25 14:47:47.959  1256  1256 D PHONE   : [ServiceState] setNullState=1
11-25 14:47:48.012   203   636 I RILQ    : (0/203):RIL[0][qmi_cb] qcril_qmi_nas_update_data_rte: completed, new drte 3 with confidence 1
11-25 14:47:48.013   203   636 I RILC    : RIL_SOCKET_1 UNSOLICITED: UNSOL_RESPONSE_VOICE_NETWORK_STATE_CHANGED length:8
11-25 14:47:48.013   203   636 E RILC    : Send Response to RIL_SOCKET_1
11-25 14:47:48.013  1256  1460 D RILJ    : [UNSL]< UNSOL_RESPONSE_VOICE_NETWORK_STATE_CHANGED [SUB0]
11-25 14:47:48.013  1256  1256 D RILJ    : [3964]> OPERATOR [SUB0]
11-25 14:47:48.013   203   350 I RILC    : RIL_SOCKET_1 UNSOLICITED: UNSOL_SIGNAL_STRENGTH length:60
11-25 14:47:48.013   203   350 E RILC    : Send Response to RIL_SOCKET_1
11-25 14:47:48.014  1256  1256 D RILJ    : [3965]> DATA_REGISTRATION_STATE [SUB0]
11-25 14:47:48.014  1256  1256 D RILJ    : [3966]> VOICE_REGISTRATION_STATE [SUB0]
11-25 14:47:48.015  1256  1256 D RILJ    : [3967]> QUERY_NETWORK_SELECTION_MODE [SUB0]
11-25 14:47:48.015  1256  1256 D DefaultPhoneNotifier: notifySignalStrength: mRegistry=com.android.internal.telephony.ITelephonyRegistry$Stub$Proxy@3c7bf3cf ss=SignalStrength: 11 0 -120 -160 -120 -1 -1 99 2147483647 2147483647 2147483647 2147483647 2147483647 gsm|lte sender=Handler (com.android.internal.telephony.gsm.GSMPhone) {2799bdec}
11-25 14:47:48.019   203  2706 D RILC    : RequestComplete, RIL_SOCKET_1
11-25 14:47:48.019   203  2706 E RILC    : Send Response to RIL_SOCKET_1
11-25 14:47:48.020  1256  1460 D RILJ    : [3964]< OPERATOR {中国联通, 中国联通, 46001} [SUB0]
11-25 14:47:48.020  1256  1256 D GsmSST  : [GsmSST] EVENT_POLL_STATE_OPERATOR: use value from ril
11-25 14:47:48.020  1256  1256 D GsmSST  : [GsmSST] EVENT_POLL_STATE_OPERATOR: 中国联通
11-25 14:47:48.021   203  2708 D RILC    : RequestComplete, RIL_SOCKET_1
11-25 14:47:48.021   203  2708 E RILC    : Send Response to RIL_SOCKET_1
11-25 14:47:48.021  1256  1460 D RILJ    : [3966]< VOICE_REGISTRATION_STATE {1, a03b, 004b703d, 3, null, null, null, 0, null, null, 1, null, null, 0, 172} [SUB0]
11-25 14:47:48.021  1256  1256 D PHONE   : [ServiceState] setVoiceRegState=0
11-25 14:47:48.021  1256  1256 E PHONE   : [ServiceState] setState deprecated use setVoiceRegState()
11-25 14:47:48.021   203  2707 D RILC    : RequestComplete, RIL_SOCKET_1
11-25 14:47:48.021   203  2707 E RILC    : Send Response to RIL_SOCKET_1
11-25 14:47:48.021  1256  1460 D RILJ    : [3965]< DATA_REGISTRATION_STATE {1, a03b, 004b703d, 3, null, 20, null, null, null, null, null} [SUB0]
11-25 14:47:48.022  1256  1256 D PHONE   : [ServiceState] setDataRegState=0
11-25 14:47:48.022  1256  1256 D PHONE   : [ServiceState] setDataRadioTechnology=3
11-25 14:47:48.022  1256  1256 D GsmSST  : [GsmSST] handlPollStateResultMessage: GsmSST setDataRegState=0 regState=1 dataRadioTechnology=3
11-25 14:47:48.022   203  2709 D RILC    : RequestComplete, RIL_SOCKET_1
11-25 14:47:48.022   203  2709 E RILC    : Send Response to RIL_SOCKET_1
11-25 14:47:48.022  1256  1460 D RILJ    : [3967]< QUERY_NETWORK_SELECTION_MODE {0} [SUB0]
11-25 14:47:48.022  1256  1256 D GsmSST  : [GsmSST] Poll ServiceState done:  oldSS=[0 0 voice home data home 中国联通 中国联通 46001 中国联通 中国联通 46001  UMTS UMTS CSS not supported -1 -1 RoamInd=-1 DefRoamInd=-1 EmergOnly=false] newSS=[0 0 voice home data home 中国联通 中国联通 46001 中国联通 中国联通 46001  UMTS UMTS CSS not supported -1 -1 RoamInd=-1 DefRoamInd=-1 EmergOnly=false] oldMaxDataCalls=20 mNewMaxDataCalls=20 oldReasonDataDenied=-1 mNewReasonDataDenied=-1
11-25 14:47:48.022  1256  1256 D PHONE   : [ServiceState] setNullState=1
11-25 14:47:48.086   203   350 I RILQ    : (0/203):RIL[0][event] qcril_arb_set_data_sys_status: recvd data_sys_status nw=0x0, rat_mask=0x8000, so_mask=0x0
11-25 14:47:48.086   203   350 I RILQ    : (0/203):RIL[0][event] qcril_arb_set_data_sys_status: recvd data_sys_status nw=0x1, rat_mask=0x0, so_mask=0x0
11-25 14:47:48.087   203   350 I RILQ    : (0/203):RIL[0][event] qcril_qmi_nas_update_data_rte: completed, new drte 3 with confidence 1
11-25 14:47:48.087   203   350 I RILC    : RIL_SOCKET_1 UNSOLICITED: UNSOL_RESPONSE_VOICE_NETWORK_STATE_CHANGED length:8
11-25 14:47:48.087   203   350 E RILC    : Send Response to RIL_SOCKET_1
11-25 14:47:48.088  1256  1460 D RILJ    : [UNSL]< UNSOL_RESPONSE_VOICE_NETWORK_STATE_CHANGED [SUB0]
11-25 14:47:48.088  1256  1256 D RILJ    : [3968]> OPERATOR [SUB0]
11-25 14:47:48.088   203   350 I RILC    : RIL_SOCKET_1 UNSOLICITED: UNSOL_SIGNAL_STRENGTH length:60
11-25 14:47:48.088   203   350 E RILC    : Send Response to RIL_SOCKET_1
11-25 14:47:48.088  1256  1256 D RILJ    : [3969]> DATA_REGISTRATION_STATE [SUB0]
11-25 14:47:48.089  1256  1256 D RILJ    : [3970]> VOICE_REGISTRATION_STATE [SUB0]
11-25 14:47:48.089  1256  1256 D RILJ    : [3971]> QUERY_NETWORK_SELECTION_MODE [SUB0]
11-25 14:47:48.090   203  2710 D RILC    : RequestComplete, RIL_SOCKET_1
11-25 14:47:48.090   203  2710 E RILC    : Send Response to RIL_SOCKET_1
11-25 14:47:48.090  1256  1256 D DefaultPhoneNotifier: notifySignalStrength: mRegistry=com.android.internal.telephony.ITelephonyRegistry$Stub$Proxy@3c7bf3cf ss=SignalStrength: 11 0 -120 -160 -120 -1 -1 99 2147483647 2147483647 2147483647 2147483647 2147483647 gsm|lte sender=Handler (com.android.internal.telephony.gsm.GSMPhone) {2799bdec}
11-25 14:47:48.090  1256  1460 D RILJ    : [3968]< OPERATOR {中国联通, 中国联通, 46001} [SUB0]
11-25 14:47:48.091  1256  1256 D GsmSST  : [GsmSST] EVENT_POLL_STATE_OPERATOR: use value from ril
11-25 14:47:48.091  1256  1256 D GsmSST  : [GsmSST] EVENT_POLL_STATE_OPERATOR: 中国联通
11-25 14:47:48.092   203  2713 D RILC    : RequestComplete, RIL_SOCKET_1
11-25 14:47:48.092   203  2713 E RILC    : Send Response to RIL_SOCKET_1
11-25 14:47:48.092  1256  1460 D RILJ    : [3971]< QUERY_NETWORK_SELECTION_MODE {0} [SUB0]
11-25 14:47:48.092   203  2712 D RILC    : RequestComplete, RIL_SOCKET_1
11-25 14:47:48.093   203  2712 E RILC    : Send Response to RIL_SOCKET_1
11-25 14:47:48.093  1256  1460 D RILJ    : [3970]< VOICE_REGISTRATION_STATE {1, a03b, 004b703d, 3, null, null, null, 0, null, null, 1, null, null, 0, 172} [SUB0]
11-25 14:47:48.093  1256  1256 D PHONE   : [ServiceState] setVoiceRegState=0
11-25 14:47:48.093   203  2711 D RILC    : RequestComplete, RIL_SOCKET_1
11-25 14:47:48.093  1256  1256 E PHONE   : [ServiceState] setState deprecated use setVoiceRegState()
11-25 14:47:48.093   203  2711 E RILC    : Send Response to RIL_SOCKET_1
11-25 14:47:48.093  1256  1460 D RILJ    : [3969]< DATA_REGISTRATION_STATE {1, a03b, 004b703d, 3, null, 20, null, null, null, null, null} [SUB0]
11-25 14:47:48.093  1256  1256 D PHONE   : [ServiceState] setDataRegState=0
11-25 14:47:48.093  1256  1256 D PHONE   : [ServiceState] setDataRadioTechnology=3
11-25 14:47:48.093  1256  1256 D GsmSST  : [GsmSST] handlPollStateResultMessage: GsmSST setDataRegState=0 regState=1 dataRadioTechnology=3
11-25 14:47:48.093  1256  1256 D GsmSST  : [GsmSST] Poll ServiceState done:  oldSS=[0 0 voice home data home 中国联通 中国联通 46001 中国联通 中国联通 46001  UMTS UMTS CSS not supported -1 -1 RoamInd=-1 DefRoamInd=-1 EmergOnly=false] newSS=[0 0 voice home data home 中国联通 中国联通 46001 中国联通 中国联通 46001  UMTS UMTS CSS not supported -1 -1 RoamInd=-1 DefRoamInd=-1 EmergOnly=false] oldMaxDataCalls=20 mNewMaxDataCalls=20 oldReasonDataDenied=-1 mNewReasonDataDenied=-1
11-25 14:47:48.093  1256  1256 D PHONE   : [ServiceState] setNullState=1
11-25 14:47:48.504   203   636 I RILQ    : (0/203):RIL[0][qmi_cb] qcril_qmi_nas_update_data_rte: completed, new drte 0 with confidence 4
11-25 14:47:48.506   203   636 I RILQ    : (0/203):RIL[0][qmi_cb] qcril_qmi_nas_update_data_rte: completed, new drte 0 with confidence 4
11-25 14:47:48.507   203   350 I RILQ    : (0/203):RIL[0][event] qcril_qmi_nas_evaluate_custom_emergency_numbers_for_card: cur_status 1024, card_state 3
11-25 14:47:48.507   203   350 I RILQ    : (0/203):RIL[0][event] qcril_qmi_nas_evaluate_custom_emergency_numbers_for_card: card_mcc 460, card_mnc 01
11-25 14:47:48.509   203   350 I RILC    : RIL_SOCKET_1 UNSOLICITED: UNSOL_RESPONSE_VOICE_NETWORK_STATE_CHANGED length:8
11-25 14:47:48.509   203   350 E RILC    : Send Response to RIL_SOCKET_1
11-25 14:47:48.509  1256  1460 D RILJ    : [UNSL]< UNSOL_RESPONSE_VOICE_NETWORK_STATE_CHANGED [SUB0]
11-25 14:47:48.509  1256  1256 D RILJ    : [3972]> OPERATOR [SUB0]
11-25 14:47:48.509  1256  1256 D RILJ    : [3973]> DATA_REGISTRATION_STATE [SUB0]
11-25 14:47:48.510  1256  1256 D RILJ    : [3974]> VOICE_REGISTRATION_STATE [SUB0]
11-25 14:47:48.510  1256  1256 D RILJ    : [3975]> QUERY_NETWORK_SELECTION_MODE [SUB0]
11-25 14:47:48.512   203   350 I RILC    : RIL_SOCKET_1 UNSOLICITED: UNSOL_SIGNAL_STRENGTH length:60
11-25 14:47:48.512   203   350 E RILC    : Send Response to RIL_SOCKET_1
11-25 14:47:48.512  1256  1256 D DefaultPhoneNotifier: notifySignalStrength: mRegistry=com.android.internal.telephony.ITelephonyRegistry$Stub$Proxy@3c7bf3cf ss=SignalStrength: 99 0 -120 -160 -120 -1 -1 21 -96 -5 300 2147483647 2147483647 gsm|lte sender=Handler (com.android.internal.telephony.gsm.GSMPhone) {2799bdec}
11-25 14:47:48.512   203   350 I RILC    : RIL_SOCKET_1 UNSOLICITED: UNSOL_SIGNAL_STRENGTH length:60
11-25 14:47:48.512   203   350 E RILC    : Send Response to RIL_SOCKET_1
11-25 14:47:48.513  1256  1256 D DefaultPhoneNotifier: notifySignalStrength: mRegistry=com.android.internal.telephony.ITelephonyRegistry$Stub$Proxy@3c7bf3cf ss=SignalStrength: 99 0 -120 -160 -120 -1 -1 21 -96 -5 300 2147483647 2147483647 gsm|lte sender=Handler (com.android.internal.telephony.gsm.GSMPhone) {2799bdec}
11-25 14:47:48.515   203  2716 D RILC    : RequestComplete, RIL_SOCKET_1
11-25 14:47:48.515   203  2716 E RILC    : Send Response to RIL_SOCKET_1
11-25 14:47:48.516  1256  1460 D RILJ    : [3974]< VOICE_REGISTRATION_STATE {1, 101d, 002cb31f, 14, null, null, null, 0, null, null, null, null, null, 0, null} [SUB0]
11-25 14:47:48.516  1256  1256 D PHONE   : [ServiceState] setVoiceRegState=0
11-25 14:47:48.516  1256  1256 E PHONE   : [ServiceState] setState deprecated use setVoiceRegState()
11-25 14:47:48.516   203  2715 I RILQ    : (0/203):RIL[0][cmd-21(608)] qcril_qmi_nas_update_data_rte: completed, new drte 0 with confidence 4
11-25 14:47:48.518   203  2715 D RILC    : RequestComplete, RIL_SOCKET_1
11-25 14:47:48.518   203  2715 E RILC    : Send Response to RIL_SOCKET_1
11-25 14:47:48.518  1256  1460 D RILJ    : [3973]< DATA_REGISTRATION_STATE {1, a03b, 004b703d, 3, 0, 20, null, null, null, null, null} [SUB0]
11-25 14:47:48.518  1256  1256 D PHONE   : [ServiceState] setDataRegState=0
11-25 14:47:48.518  1256  1256 D PHONE   : [ServiceState] setDataRadioTechnology=3
11-25 14:47:48.518  1256  1256 D GsmSST  : [GsmSST] handlPollStateResultMessage: GsmSST setDataRegState=0 regState=1 dataRadioTechnology=3
11-25 14:47:48.519   203  2714 D RILC    : RequestComplete, RIL_SOCKET_1
11-25 14:47:48.519   203  2714 E RILC    : Send Response to RIL_SOCKET_1
11-25 14:47:48.519  1256  1460 D RILJ    : [3972]< OPERATOR {中国联通, 中国联通, 46001} [SUB0]
11-25 14:47:48.519  1256  1256 D GsmSST  : [GsmSST] EVENT_POLL_STATE_OPERATOR: use value from ril
11-25 14:47:48.519  1256  1256 D GsmSST  : [GsmSST] EVENT_POLL_STATE_OPERATOR: 中国联通
11-25 14:47:48.519   203  2717 D RILC    : RequestComplete, RIL_SOCKET_1
11-25 14:47:48.519   203  2717 E RILC    : Send Response to RIL_SOCKET_1
11-25 14:47:48.519  1256  1460 D RILJ    : [3975]< QUERY_NETWORK_SELECTION_MODE {0} [SUB0]
11-25 14:47:48.519  1256  1256 D GsmSST  : [GsmSST] Poll ServiceState done:  oldSS=[0 0 voice home data home 中国联通 中国联通 46001 中国联通 中国联通 46001  UMTS UMTS CSS not supported -1 -1 RoamInd=-1 DefRoamInd=-1 EmergOnly=false] newSS=[0 0 voice home data home 中国联通 中国联通 46001 中国联通 中国联通 46001  LTE UMTS CSS not supported -1 -1 RoamInd=-1 DefRoamInd=-1 EmergOnly=false] oldMaxDataCalls=20 mNewMaxDataCalls=20 oldReasonDataDenied=-1 mNewReasonDataDenied=-1
11-25 14:47:48.519  1256  1256 D GsmSST  : [GsmSST] RAT switched UMTS -> LTE at cell 2929439
11-25 14:47:48.519  1256  1256 D PHONE   : [ServiceState] setNullState=1
11-25 14:47:48.520  1256  1256 D PhoneBase: updatePhoneObject: phoneid = 0 rat = 14
11-25 14:47:48.520  1256  1256 D PhoneProxy: [PhoneProxy] updatePhoneObject: radioTechnology=14
11-25 14:47:48.520  1256  1256 D SIMRecords: [SIMRecords] getServiceProviderName: no brandOverride
11-25 14:47:48.520  1256  1256 D SIMRecords: [SIMRecords] getServiceProviderName: providerName=
11-25 14:47:48.520  1256  1256 D SIMRecords: [SIMRecords] getServiceProviderName: no brandOverride
11-25 14:47:48.520  1256  1256 D SIMRecords: [SIMRecords] getServiceProviderName: providerName=
11-25 14:47:48.520  1256  1256 D TelephonyManager: setTelephonyProperty: success phoneId=0 property=gsm.operator.alpha value: 中国联通 propVal=中国联通
11-25 14:47:48.520  1256  1256 D TelephonyManager: setTelephonyProperty: success phoneId=0 property=gsm.operator.numeric value: 46001 propVal=46001
11-25 14:47:48.521  1256  1256 D TelephonyManager: setTelephonyProperty: success phoneId=0 property=gsm.operator.iso-country value: cn propVal=cn
11-25 14:47:48.521   203   350 I RILQ    : (0/203):RIL[0][event] qcril_arb_set_data_sys_status: recvd data_sys_status nw=0x0, rat_mask=0x20, so_mask=0x0
11-25 14:47:48.521   203   350 I RILQ    : (0/203):RIL[0][event] qcril_arb_set_data_sys_status: recvd data_sys_status nw=0x1, rat_mask=0x0, so_mask=0x0
11-25 14:47:48.522   203   350 I RILQ    : (0/203):RIL[0][event] qcril_qmi_nas_update_data_rte: completed, new drte 5 with confidence 1
11-25 14:47:48.522   203   350 I RILC    : RIL_SOCKET_1 UNSOLICITED: UNSOL_SIGNAL_STRENGTH length:60
11-25 14:47:48.523   203   350 E RILC    : Send Response to RIL_SOCKET_1
11-25 14:47:48.523   203   350 I RILC    : RIL_SOCKET_1 UNSOLICITED: UNSOL_RESPONSE_VOICE_NETWORK_STATE_CHANGED length:8
11-25 14:47:48.523   203   350 E RILC    : Send Response to RIL_SOCKET_1
11-25 14:47:48.523  1256  1460 D RILJ    : [UNSL]< UNSOL_RESPONSE_VOICE_NETWORK_STATE_CHANGED [SUB0]
11-25 14:47:48.523  1256  1256 D GsmSST  : [GsmSST] pollStateDone: there are 2 unique offsets for iso-cc='cn testOneUniqueOffsetPath=false', do nothing
11-25 14:47:48.523  1256  1256 D GsmSST  : [GsmSST] shouldFixTimeZoneNow: retVal=false iccCardExist=true operatorNumeric=46001 mcc=460 prevOperatorNumeric=46001 prevMcc=460 needToFixTimeZone=false ltod=11-25 14:47:48.523
11-25 14:47:48.523  1256  1256 D TelephonyManager: setTelephonyProperty: success phoneId=0 property=gsm.operator.isroaming value: false propVal=false
11-25 14:47:48.524  1256  1256 D GsmSST  : [GsmSST] Broadcasting ServiceState : 0 0 voice home data home 中国联通 中国联通 46001 中国联通 中国联通 46001  LTE UMTS CSS not supported -1 -1 RoamInd=-1 DefRoamInd=-1 EmergOnly=false
11-25 14:47:48.524  1256  1256 D DefaultPhoneNotifier: nofityServiceState: mRegistry=com.android.internal.telephony.ITelephonyRegistry$Stub$Proxy@3c7bf3cf ss=0 0 voice home data home 中国联通 中国联通 46001 中国联通 中国联通 46001  LTE UMTS CSS not supported -1 -1 RoamInd=-1 DefRoamInd=-1 EmergOnly=false sender=Handler (com.android.internal.telephony.gsm.GSMPhone) {2799bdec} phondId=0 subId=1
11-25 14:47:48.526  1256  1256 D SubscriptionController: getSimStateForSubscriber:  simState=READY ordinal=5
11-25 14:47:48.528  1256  1256 D GsmSST  : [GsmSST] getCellLocation(): X good mCellLoc=[4125,2929439,-1]
11-25 14:47:48.528   671   801 D TelephonyRegistry: notifyCellLocationForSubscriber: subId=1 cellLocation=Bundle[mParcelledData.dataSize=64]
11-25 14:47:48.529  1256  1256 D PhoneProxy: [PhoneProxy] phoneObjectUpdater: newVoiceRadioTech=14
11-25 14:47:48.529  1256  1256 D PhoneProxy: [PhoneProxy] phoneObjectUpdater: volteReplacementRat=0
11-25 14:47:48.529  1256  1256 D PhoneProxy: [PhoneProxy] phoneObjectUpdater: No change ignore, newVoiceRadioTech=14 mActivePhone=GSM
11-25 14:47:48.529  1256  1256 D DefaultPhoneNotifier: notifySignalStrength: mRegistry=com.android.internal.telephony.ITelephonyRegistry$Stub$Proxy@3c7bf3cf ss=SignalStrength: 99 0 -120 -160 -120 -1 -1 21 -96 -5 300 2147483647 2147483647 gsm|lte sender=Handler (com.android.internal.telephony.gsm.GSMPhone) {2799bdec}
11-25 14:47:48.531  1256  1256 D RILJ    : [3976]> OPERATOR [SUB0]
11-25 14:47:48.533  1256  1256 D RILJ    : [3977]> DATA_REGISTRATION_STATE [SUB0]
11-25 14:47:48.533   203  2719 D RILC    : RequestComplete, RIL_SOCKET_1
11-25 14:47:48.533   203  2719 E RILC    : Send Response to RIL_SOCKET_1
11-25 14:47:48.534  1256  1256 D RILJ    : [3978]> VOICE_REGISTRATION_STATE [SUB0]
11-25 14:47:48.534  1256  1460 D RILJ    : [3976]< OPERATOR {中国联通, 中国联通, 46001} [SUB0]
11-25 14:47:48.534  1256  1256 D RILJ    : [3979]> QUERY_NETWORK_SELECTION_MODE [SUB0]
11-25 14:47:48.535  1256  1256 D GsmSST  : [GsmSST] EVENT_POLL_STATE_OPERATOR: use value from ril
11-25 14:47:48.535  1256  1256 D GsmSST  : [GsmSST] EVENT_POLL_STATE_OPERATOR: 中国联通
11-25 14:47:48.538   203  2721 D RILC    : RequestComplete, RIL_SOCKET_1
11-25 14:47:48.538   203  2721 E RILC    : Send Response to RIL_SOCKET_1
11-25 14:47:48.539  1256  1460 D RILJ    : [3978]< VOICE_REGISTRATION_STATE {1, 101d, 002cb31f, 14, null, null, null, 0, null, null, 1, null, null, 0, null} [SUB0]
11-25 14:47:48.539  1256  1256 D PHONE   : [ServiceState] setVoiceRegState=0
11-25 14:47:48.539  1256  1256 E PHONE   : [ServiceState] setState deprecated use setVoiceRegState()
11-25 14:47:48.539   203  2722 D RILC    : RequestComplete, RIL_SOCKET_1
11-25 14:47:48.539   203  2722 E RILC    : Send Response to RIL_SOCKET_1
11-25 14:47:48.539  1256  1460 D RILJ    : [3979]< QUERY_NETWORK_SELECTION_MODE {0} [SUB0]
11-25 14:47:48.540   671   805 D TelephonyManager: getTelephonyProperty: return propVal='cn' phoneId=0 property='gsm.operator.iso-country' defaultVal='' prop=cn
11-25 14:47:48.540   203  2720 D RILC    : RequestComplete, RIL_SOCKET_1
11-25 14:47:48.540   203  2720 E RILC    : Send Response to RIL_SOCKET_1
11-25 14:47:48.541  1256  1460 D RILJ    : [3977]< DATA_REGISTRATION_STATE {1, null, 002cb31f, 14, null, 20, 4125, 446, 2929439, null, null} [SUB0]
11-25 14:47:48.541   203  2720 I RILC    : RIL_SOCKET_1 UNSOLICITED: UNSOL_RESPONSE_VOICE_NETWORK_STATE_CHANGED length:8
11-25 14:47:48.541   203  2720 E RILC    : Send Response to RIL_SOCKET_1
11-25 14:47:48.541  1256  1256 D PHONE   : [ServiceState] setDataRegState=0
11-25 14:47:48.541  1256  1256 D PHONE   : [ServiceState] setDataRadioTechnology=14
11-25 14:47:48.541  1256  1256 D GsmSST  : [GsmSST] handlPollStateResultMessage: GsmSST setDataRegState=0 regState=1 dataRadioTechnology=14
11-25 14:47:48.541  1256  1256 D GsmSST  : [GsmSST] Poll ServiceState done:  oldSS=[0 0 voice home data home 中国联通 中国联通 46001 中国联通 中国联通 46001  LTE UMTS CSS not supported -1 -1 RoamInd=-1 DefRoamInd=-1 EmergOnly=false] newSS=[0 0 voice home data home 中国联通 中国联通 46001 中国联通 中国联通 46001  LTE LTE CSS not supported -1 -1 RoamInd=-1 DefRoamInd=-1 EmergOnly=false] oldMaxDataCalls=20 mNewMaxDataCalls=20 oldReasonDataDenied=-1 mNewReasonDataDenied=-1
11-25 14:47:48.541   203   341 I RILC    : RIL_SOCKET_1 UNSOLICITED: UNSOL_RESPONSE_VOICE_NETWORK_STATE_CHANGED length:8
11-25 14:47:48.541   203   341 E RILC    : Send Response to RIL_SOCKET_1
11-25 14:47:48.541  1256  1256 D PHONE   : [ServiceState] setNullState=1
11-25 14:47:48.541  1256  1256 D TelephonyManager: setTelephonyProperty: success phoneId=0 property=gsm.network.type value: LTE propVal=LTE
11-25 14:47:48.542  1256  1460 D RILJ    : [UNSL]< UNSOL_RESPONSE_VOICE_NETWORK_STATE_CHANGED [SUB0]
11-25 14:47:48.542  1256  1460 D RILJ    : [UNSL]< UNSOL_RESPONSE_VOICE_NETWORK_STATE_CHANGED [SUB0]
11-25 14:47:48.542  1256  1256 D GsmSST  : [GsmSST] Iwlan feature available = false
11-25 14:47:48.542  1256  1256 D SIMRecords: [SIMRecords] getServiceProviderName: no brandOverride
11-25 14:47:48.542  1256  1256 D SIMRecords: [SIMRecords] getServiceProviderName: providerName=
11-25 14:47:48.542  1256  1256 D SIMRecords: [SIMRecords] getServiceProviderName: no brandOverride
11-25 14:47:48.542  1256  1256 D SIMRecords: [SIMRecords] getServiceProviderName: providerName=
11-25 14:47:48.542  1256  1256 D TelephonyManager: setTelephonyProperty: success phoneId=0 property=gsm.operator.alpha value: 中国联通 propVal=中国联通
11-25 14:47:48.542  2438  2723 D TelephonyManager: getTelephonyProperty: return propVal='cn' phoneId=0 property='gsm.sim.operator.iso-country' defaultVal='' prop=cn
11-25 14:47:48.542  1256  1256 D TelephonyManager: setTelephonyProperty: success phoneId=0 property=gsm.operator.numeric value: 46001 propVal=46001
11-25 14:47:48.543  1256  1256 D TelephonyManager: setTelephonyProperty: success phoneId=0 property=gsm.operator.iso-country value: cn propVal=cn
11-25 14:47:48.543  1256  1256 D GsmSST  : [GsmSST] pollStateDone: there are 2 unique offsets for iso-cc='cn testOneUniqueOffsetPath=false', do nothing
11-25 14:47:48.543  1256  1256 D GsmSST  : [GsmSST] shouldFixTimeZoneNow: retVal=false iccCardExist=true operatorNumeric=46001 mcc=460 prevOperatorNumeric=46001 prevMcc=460 needToFixTimeZone=false ltod=11-25 14:47:48.543
11-25 14:47:48.543  1256  1256 D TelephonyManager: setTelephonyProperty: success phoneId=0 property=gsm.operator.isroaming value: false propVal=false
11-25 14:47:48.544  1256  2066 D SubscriptionController: [getActiveSubInfoList]+
11-25 14:47:48.544  1256  1256 D GsmSST  : [GsmSST] Broadcasting ServiceState : 0 0 voice home data home 中国联通 中国联通 46001 中国联通 中国联通 46001  LTE LTE CSS not supported -1 -1 RoamInd=-1 DefRoamInd=-1 EmergOnly=false
11-25 14:47:48.544  1256  1256 D DefaultPhoneNotifier: nofityServiceState: mRegistry=com.android.internal.telephony.ITelephonyRegistry$Stub$Proxy@3c7bf3cf ss=0 0 voice home data home 中国联通 中国联通 46001 中国联通 中国联通 46001  LTE LTE CSS not supported -1 -1 RoamInd=-1 DefRoamInd=-1 EmergOnly=false sender=Handler (com.android.internal.telephony.gsm.GSMPhone) {2799bdec} phondId=0 subId=1
11-25 14:47:48.544  1256  2066 D SubscriptionController: selection:sim_id>=0 null
11-25 14:47:48.546  1256  1256 D SubscriptionController: getSimStateForSubscriber:  simState=READY ordinal=5
11-25 14:47:48.549  1256  1256 D GsmSST  : [GsmSST] notifyDataRegStateRilRadioTechnologyChanged: drs=0 rat=14
11-25 14:47:48.549  1256  1256 D TelephonyManager: setTelephonyProperty: success phoneId=0 property=gsm.network.type value: LTE propVal=LTE
11-25 14:47:48.550  1256  1256 D GsmSST  : [GsmSST] Iwlan feature available = false
11-25 14:47:48.550  1256  1256 D GsmSST  : [GsmSST] Iwlan feature available = false
11-25 14:47:48.550  1256  1256 D GsmDCT  : [0]get all active apn types
11-25 14:47:48.551  1256  1256 D GsmDCT  : [0]isDataAllowed getRecordsLoaded=true
11-25 14:47:48.551  1256  1256 D GsmDCT  : [ApnContext:default] getApnSetting: apnSetting=null
11-25 14:47:48.551  1256  2066 D TelephonyManager: getTelephonyProperty: return propVal='cn' phoneId=0 property='gsm.sim.operator.iso-country' defaultVal='' prop=cn
11-25 14:47:48.551  1256  2066 D SubscriptionController: [getSubInfoRecord] id:1 iccid:DUMMY_NV_ID simSlotIndex:0 displayName:CARD 1 nameSource:0 iconTint:-16746133 dataRoaming:0 mcc:460 mnc:1 countIso:cn status:1 nwMode:10
11-25 14:47:48.552   671  1277 D TelephonyRegistry: Notify data connection state changed on sub: 1
11-25 14:47:48.552   671  1277 D TelephonyRegistry: Notify data connection state changed on sub: 1
11-25 14:47:48.552  1256  1256 D RILJ    : [3980]> OPERATOR [SUB0]
11-25 14:47:48.553  1256  1256 D RILJ    : [3981]> DATA_REGISTRATION_STATE [SUB0]
11-25 14:47:48.554  1256  1256 D RILJ    : [3982]> VOICE_REGISTRATION_STATE [SUB0]
11-25 14:47:48.555  1256  2066 D SubscriptionController: [getActiveSubInfoList]- 1 infos return
11-25 14:47:48.555  1256  1256 D RILJ    : [3983]> QUERY_NETWORK_SELECTION_MODE [SUB0]
11-25 14:47:48.556  1256  1256 D RILJ    : [3984]> OPERATOR [SUB0]
11-25 14:47:48.556   203  2724 D RILC    : RequestComplete, RIL_SOCKET_1
11-25 14:47:48.556  1256  1256 D RILJ    : [3985]> DATA_REGISTRATION_STATE [SUB0]
11-25 14:47:48.556   203  2724 E RILC    : Send Response to RIL_SOCKET_1
11-25 14:47:48.557  1256  1256 D RILJ    : [3986]> VOICE_REGISTRATION_STATE [SUB0]
11-25 14:47:48.557  1256  1460 D RILJ    : [3980]< OPERATOR {中国联通, 中国联通, 46001} [SUB0]
11-25 14:47:48.557  1256  1256 D RILJ    : [3987]> QUERY_NETWORK_SELECTION_MODE [SUB0]
11-25 14:47:48.558   203  2725 D RILC    : RequestComplete, RIL_SOCKET_1
11-25 14:47:48.558   203  2725 E RILC    : Send Response to RIL_SOCKET_1
11-25 14:47:48.559  1256  1460 D RILJ    : [3981]< DATA_REGISTRATION_STATE {1, null, 002cb31f, 14, null, 20, 4125, 446, 2929439, null, null} [SUB0]
11-25 14:47:48.559   203  2725 D RILC    : RequestComplete, RIL_SOCKET_1
11-25 14:47:48.559   203  2725 E RILC    : Send Response to RIL_SOCKET_1
11-25 14:47:48.559  1256  1460 D RILJ    : [3985]< DATA_REGISTRATION_STATE {1, null, 002cb31f, 14, null, 20, 4125, 446, 2929439, null, null} [SUB0]
11-25 14:47:48.560   203  2728 D RILC    : RequestComplete, RIL_SOCKET_1
11-25 14:47:48.560   203  2728 E RILC    : Send Response to RIL_SOCKET_1
11-25 14:47:48.560   203  2726 D RILC    : RequestComplete, RIL_SOCKET_1
11-25 14:47:48.560   203  2726 E RILC    : Send Response to RIL_SOCKET_1
11-25 14:47:48.561   203  2726 D RILC    : RequestComplete, RIL_SOCKET_1
11-25 14:47:48.561   203  2726 E RILC    : Send Response to RIL_SOCKET_1
11-25 14:47:48.561  1256  1460 D RILJ    : [3984]< OPERATOR {中国联通, 中国联通, 46001} [SUB0]
11-25 14:47:48.561  1256  1460 D RILJ    : [3982]< VOICE_REGISTRATION_STATE {1, 101d, 002cb31f, 14, null, null, null, 0, null, null, 1, null, null, 0, null} [SUB0]
11-25 14:47:48.561  1256  1460 D RILJ    : [3986]< VOICE_REGISTRATION_STATE {1, 101d, 002cb31f, 14, null, null, null, 0, null, null, 1, null, null, 0, null} [SUB0]
11-25 14:47:48.561   203  2727 D RILC    : RequestComplete, RIL_SOCKET_1
11-25 14:47:48.561   203  2727 E RILC    : Send Response to RIL_SOCKET_1
11-25 14:47:48.561  1256  1256 D GsmDCT  : [0]handleMessage msg={ when=-11ms what=270377 obj=android.os.AsyncResult@c038afd target=com.android.internal.telephony.dataconnection.DcTracker }
11-25 14:47:48.561  1256  1256 D GsmDCT  : [0]updateSimRecords: newSimRecords = SimRecords: mDestroyed=false mContext=com.android.phone.PhoneGlobals@9cd8992 mCi=com.android.internal.telephony.RIL@16c58701 mFh=Handler (com.android.internal.telephony.uicc.UsimFileHandler) {55a3f63} mParentApp=com.android.internal.telephony.uicc.UiccCardApplication@304f5760 mSpnOverride=mSpnOverride recordsLoadedRegistrants=android.os.RegistrantList@32a7a419 mImsiReadyRegistrants=android.os.RegistrantList@29b6acde mRecordsEventsRegistrants=android.os.RegistrantList@3d276ebf mNewSmsRegistrants=android.os.RegistrantList@3442898c mNetworkSelectionModeAutomaticRegistrants=android.os.RegistrantList@348568d5 recordsToLoad=0 adnCache=Handler (com.android.internal.telephony.uicc.AdnRecordCache) {2c7cb8ea} recordsRequested=true iccid=89860115921101579076 msisdnTag= voiceMailNum=null voiceMailTag=null newVoiceMailNum=null newVoiceMailTag=null isVoiceMailFixed=false mImsi=460011952973996 mncLength=2 mailboxIndex=0 spn= mVmConfigcom.android.internal.telephony.uicc.VoiceMailConstants@206e37db callForwardingEnabled=false spnState=IDLE mCphsInfo=null mCspPlmnEnabled=true efMWIS=null efCPHS_MWI=null mEfCff=null mEfCfis=null getOperatorNumeric=46001
11-25 14:47:48.561  1256  1256 D GsmDCT  : [0]onUpdateIcc: newIccRecords com.android.internal.telephony.uicc.SIMRecords
11-25 14:47:48.562  1256  1460 D RILJ    : [3983]< QUERY_NETWORK_SELECTION_MODE {0} [SUB0]
11-25 14:47:48.562  1256  1256 D PHONE   : [ServiceState] setDataRegState=0
11-25 14:47:48.562  1256  1256 D PHONE   : [ServiceState] setDataRadioTechnology=14
11-25 14:47:48.562  1256  1256 D GsmSST  : [GsmSST] handlPollStateResultMessage: GsmSST setDataRegState=0 regState=1 dataRadioTechnology=14
11-25 14:47:48.562  1256  1256 D GsmSST  : [GsmSST] EVENT_POLL_STATE_OPERATOR: use value from ril
11-25 14:47:48.562  1256  1256 D GsmSST  : [GsmSST] EVENT_POLL_STATE_OPERATOR: 中国联通
11-25 14:47:48.562  1256  1256 D PHONE   : [ServiceState] setVoiceRegState=0
11-25 14:47:48.562  1256  1256 E PHONE   : [ServiceState] setState deprecated use setVoiceRegState()
11-25 14:47:48.562   203  2729 D RILC    : RequestComplete, RIL_SOCKET_1
11-25 14:47:48.562   203  2729 E RILC    : Send Response to RIL_SOCKET_1
11-25 14:47:48.562  1256  1460 D RILJ    : [3987]< QUERY_NETWORK_SELECTION_MODE {0} [SUB0]
11-25 14:47:48.563  1256  1256 D GsmSST  : [GsmSST] Poll ServiceState done:  oldSS=[0 0 voice home data home 中国联通 中国联通 46001 中国联通 中国联通 46001  LTE LTE CSS not supported -1 -1 RoamInd=-1 DefRoamInd=-1 EmergOnly=false] newSS=[0 0 voice home data home 中国联通 中国联通 46001 中国联通 中国联通 46001  LTE LTE CSS not supported -1 -1 RoamInd=-1 DefRoamInd=-1 EmergOnly=false] oldMaxDataCalls=20 mNewMaxDataCalls=20 oldReasonDataDenied=-1 mNewReasonDataDenied=-1
11-25 14:47:48.563  1256  1256 D PHONE   : [ServiceState] setNullState=1
11-25 14:47:48.563  1256  1649 D RILJ    : [3988]> RIL_REQUEST_GSM_BROADCAST_ACTIVATION [SUB0]
11-25 14:47:48.565   203   636 D RILC    : RequestComplete, RIL_SOCKET_1
11-25 14:47:48.565   203   636 E RILC    : Send Response to RIL_SOCKET_1
11-25 14:47:48.565  1256  1460 D RILJ    : [3988]< RIL_REQUEST_GSM_BROADCAST_ACTIVATION  [SUB0]
11-25 14:47:48.567  1256  1274 D SubscriptionController: [getActiveSubInfoList]+
11-25 14:47:48.568  1256  1274 D SubscriptionController: selection:sim_id>=0 null
11-25 14:47:48.569   671   805 D TelephonyManager: getTelephonyProperty: return propVal='cn' phoneId=0 property='gsm.operator.iso-country' defaultVal='' prop=cn
11-25 14:47:48.570  1256  1274 D TelephonyManager: getTelephonyProperty: return propVal='cn' phoneId=0 property='gsm.sim.operator.iso-country' defaultVal='' prop=cn
11-25 14:47:48.570  1256  1274 D SubscriptionController: [getSubInfoRecord] id:1 iccid:DUMMY_NV_ID simSlotIndex:0 displayName:CARD 1 nameSource:0 iconTint:-16746133 dataRoaming:0 mcc:460 mnc:1 countIso:cn status:1 nwMode:10
11-25 14:47:48.571  1256  1274 D SubscriptionController: [getActiveSubInfoList]- 1 infos return
11-25 14:47:48.572  1256  1804 D RILJ    : [3989]> RIL_REQUEST_GSM_BROADCAST_ACTIVATION [SUB0]
11-25 14:47:48.573   203   636 D RILC    : RequestComplete, RIL_SOCKET_1
11-25 14:47:48.573   203   636 E RILC    : Send Response to RIL_SOCKET_1
11-25 14:47:48.574  1256  1460 D RILJ    : [3989]< RIL_REQUEST_GSM_BROADCAST_ACTIVATION  [SUB0]
11-25 14:47:48.575  1256  1649 D SubscriptionController: [getActiveSubInfoList]+
11-25 14:47:48.575  1256  1649 D SubscriptionController: selection:sim_id>=0 null
11-25 14:47:48.577  1256  1649 D TelephonyManager: getTelephonyProperty: return propVal='cn' phoneId=0 property='gsm.sim.operator.iso-country' defaultVal='' prop=cn
11-25 14:47:48.577  1256  1649 D SubscriptionController: [getSubInfoRecord] id:1 iccid:DUMMY_NV_ID simSlotIndex:0 displayName:CARD 1 nameSource:0 iconTint:-16746133 dataRoaming:0 mcc:460 mnc:1 countIso:cn status:1 nwMode:10
11-25 14:47:48.580  1256  1649 D SubscriptionController: [getActiveSubInfoList]- 1 infos return
11-25 14:47:48.580  1256  2066 D RILJ    : [3990]> RIL_REQUEST_GSM_BROADCAST_ACTIVATION [SUB0]
11-25 14:47:48.582   203   636 D RILC    : RequestComplete, RIL_SOCKET_1
11-25 14:47:48.582   203   636 E RILC    : Send Response to RIL_SOCKET_1
11-25 14:47:48.582  1256  1460 D RILJ    : [3990]< RIL_REQUEST_GSM_BROADCAST_ACTIVATION  [SUB0]
11-25 14:47:48.583  1256  1276 D SubscriptionController: [getActiveSubInfoList]+
11-25 14:47:48.583  1256  1276 D SubscriptionController: selection:sim_id>=0 null
11-25 14:47:48.585  1256  1276 D TelephonyManager: getTelephonyProperty: return propVal='cn' phoneId=0 property='gsm.sim.operator.iso-country' defaultVal='' prop=cn
11-25 14:47:48.585  1256  1276 D SubscriptionController: [getSubInfoRecord] id:1 iccid:DUMMY_NV_ID simSlotIndex:0 displayName:CARD 1 nameSource:0 iconTint:-16746133 dataRoaming:0 mcc:460 mnc:1 countIso:cn status:1 nwMode:10
11-25 14:47:48.587  1256  1276 D SubscriptionController: [getActiveSubInfoList]- 1 infos return
11-25 14:47:48.587  1256  1274 D RILJ    : [3991]> RIL_REQUEST_CDMA_SET_BROADCAST_CONFIG with 1 configs :  [SUB0]
11-25 14:47:48.587  1256  1274 D RILJ    : CdmaSmsBroadcastConfigInfo: Id [4097, 4097] ENABLED [SUB0]
11-25 14:47:48.589   203   636 D RILC    : RequestComplete, RIL_SOCKET_1
11-25 14:47:48.589   203   636 E RILC    : Send Response to RIL_SOCKET_1
11-25 14:47:48.589  1256  1460 D RilRequest: [3991]< RIL_REQUEST_CDMA_SET_BROADCAST_CONFIG error: com.android.internal.telephony.CommandException: GENERIC_FAILURE ret=
11-25 14:47:48.590  1256  1804 D SubscriptionController: [getActiveSubInfoList]+
11-25 14:47:48.590  1256  1804 D SubscriptionController: selection:sim_id>=0 null
11-25 14:47:48.592  1256  1804 D TelephonyManager: getTelephonyProperty: return propVal='cn' phoneId=0 property='gsm.sim.operator.iso-country' defaultVal='' prop=cn
11-25 14:47:48.592  1256  1804 D SubscriptionController: [getSubInfoRecord] id:1 iccid:DUMMY_NV_ID simSlotIndex:0 displayName:CARD 1 nameSource:0 iconTint:-16746133 dataRoaming:0 mcc:460 mnc:1 countIso:cn status:1 nwMode:10
11-25 14:47:48.593  1256  1804 D SubscriptionController: [getActiveSubInfoList]- 1 infos return
11-25 14:47:48.594  1256  1649 D RILJ    : [3992]> RIL_REQUEST_GSM_BROADCAST_ACTIVATION [SUB0]
11-25 14:47:48.595   203   636 D RILC    : RequestComplete, RIL_SOCKET_1
11-25 14:47:48.595   203   636 E RILC    : Send Response to RIL_SOCKET_1
11-25 14:47:48.596  1256  1460 D RILJ    : [3992]< RIL_REQUEST_GSM_BROADCAST_ACTIVATION  [SUB0]
11-25 14:47:48.596  1256  2066 D SubscriptionController: [getActiveSubInfoList]+
11-25 14:47:48.597  1256  2066 D SubscriptionController: selection:sim_id>=0 null
11-25 14:47:48.599  1256  2066 D TelephonyManager: getTelephonyProperty: return propVal='cn' phoneId=0 property='gsm.sim.operator.iso-country' defaultVal='' prop=cn
11-25 14:47:48.599  1256  2066 D SubscriptionController: [getSubInfoRecord] id:1 iccid:DUMMY_NV_ID simSlotIndex:0 displayName:CARD 1 nameSource:0 iconTint:-16746133 dataRoaming:0 mcc:460 mnc:1 countIso:cn status:1 nwMode:10
11-25 14:47:48.600  1256  2066 D SubscriptionController: [getActiveSubInfoList]- 1 infos return
11-25 14:47:48.601  1256  1276 D RILJ    : [3993]> RIL_REQUEST_CDMA_SET_BROADCAST_CONFIG with 1 configs :  [SUB0]
11-25 14:47:48.601  1256  1276 D RILJ    : CdmaSmsBroadcastConfigInfo: Id [4098, 4098] ENABLED [SUB0]
11-25 14:47:48.602   203   636 D RILC    : RequestComplete, RIL_SOCKET_1
11-25 14:47:48.602   203   636 E RILC    : Send Response to RIL_SOCKET_1
11-25 14:47:48.602  1256  1460 D RilRequest: [3993]< RIL_REQUEST_CDMA_SET_BROADCAST_CONFIG error: com.android.internal.telephony.CommandException: GENERIC_FAILURE ret=
11-25 14:47:48.603  1256  1274 D SubscriptionController: [getActiveSubInfoList]+
11-25 14:47:48.603  1256  1274 D SubscriptionController: selection:sim_id>=0 null
11-25 14:47:48.606  1256  1274 D TelephonyManager: getTelephonyProperty: return propVal='cn' phoneId=0 property='gsm.sim.operator.iso-country' defaultVal='' prop=cn
11-25 14:47:48.606  1256  1274 D SubscriptionController: [getSubInfoRecord] id:1 iccid:DUMMY_NV_ID simSlotIndex:0 displayName:CARD 1 nameSource:0 iconTint:-16746133 dataRoaming:0 mcc:460 mnc:1 countIso:cn status:1 nwMode:10
11-25 14:47:48.607  1256  1274 D SubscriptionController: [getActiveSubInfoList]- 1 infos return
11-25 14:47:48.608  1256  1804 D RILJ    : [3994]> RIL_REQUEST_GSM_BROADCAST_ACTIVATION [SUB0]
11-25 14:47:48.609   203   636 D RILC    : RequestComplete, RIL_SOCKET_1
11-25 14:47:48.609   203   636 E RILC    : Send Response to RIL_SOCKET_1
11-25 14:47:48.609  1256  1460 D RILJ    : [3994]< RIL_REQUEST_GSM_BROADCAST_ACTIVATION  [SUB0]
11-25 14:47:48.610  1256  1649 D SubscriptionController: [getActiveSubInfoList]+
11-25 14:47:48.610  1256  1649 D SubscriptionController: selection:sim_id>=0 null
11-25 14:47:48.612  1256  1649 D TelephonyManager: getTelephonyProperty: return propVal='cn' phoneId=0 property='gsm.sim.operator.iso-country' defaultVal='' prop=cn
11-25 14:47:48.612  1256  1649 D SubscriptionController: [getSubInfoRecord] id:1 iccid:DUMMY_NV_ID simSlotIndex:0 displayName:CARD 1 nameSource:0 iconTint:-16746133 dataRoaming:0 mcc:460 mnc:1 countIso:cn status:1 nwMode:10
11-25 14:47:48.614  1256  1649 D SubscriptionController: [getActiveSubInfoList]- 1 infos return
11-25 14:47:48.614  1256  2066 D RILJ    : [3995]> RIL_REQUEST_CDMA_SET_BROADCAST_CONFIG with 1 configs :  [SUB0]
11-25 14:47:48.614  1256  2066 D RILJ    : CdmaSmsBroadcastConfigInfo: Id [4099, 4099] ENABLED [SUB0]
11-25 14:47:48.616   203   636 D RILC    : RequestComplete, RIL_SOCKET_1
11-25 14:47:48.616   203   636 E RILC    : Send Response to RIL_SOCKET_1
11-25 14:47:48.616  1256  1460 D RilRequest: [3995]< RIL_REQUEST_CDMA_SET_BROADCAST_CONFIG error: com.android.internal.telephony.CommandException: GENERIC_FAILURE ret=
11-25 14:47:48.617  1256  1276 D SubscriptionController: [getActiveSubInfoList]+
11-25 14:47:48.617  1256  1276 D SubscriptionController: selection:sim_id>=0 null
11-25 14:47:48.619  1256  1276 D TelephonyManager: getTelephonyProperty: return propVal='cn' phoneId=0 property='gsm.sim.operator.iso-country' defaultVal='' prop=cn
11-25 14:47:48.619  1256  1276 D SubscriptionController: [getSubInfoRecord] id:1 iccid:DUMMY_NV_ID simSlotIndex:0 displayName:CARD 1 nameSource:0 iconTint:-16746133 dataRoaming:0 mcc:460 mnc:1 countIso:cn status:1 nwMode:10
11-25 14:47:48.621  1256  1276 D SubscriptionController: [getActiveSubInfoList]- 1 infos return
11-25 14:47:48.621  1256  1274 D RILJ    : [3996]> RIL_REQUEST_GSM_BROADCAST_ACTIVATION [SUB0]
11-25 14:47:48.623   203   636 D RILC    : RequestComplete, RIL_SOCKET_1
11-25 14:47:48.623   203   636 E RILC    : Send Response to RIL_SOCKET_1
11-25 14:47:48.623  1256  1460 D RILJ    : [3996]< RIL_REQUEST_GSM_BROADCAST_ACTIVATION  [SUB0]
11-25 14:47:48.624  1256  1804 D SubscriptionController: [getActiveSubInfoList]+
11-25 14:47:48.624  1256  1804 D SubscriptionController: selection:sim_id>=0 null
11-25 14:47:48.626  1256  1804 D TelephonyManager: getTelephonyProperty: return propVal='cn' phoneId=0 property='gsm.sim.operator.iso-country' defaultVal='' prop=cn
11-25 14:47:48.626  1256  1804 D SubscriptionController: [getSubInfoRecord] id:1 iccid:DUMMY_NV_ID simSlotIndex:0 displayName:CARD 1 nameSource:0 iconTint:-16746133 dataRoaming:0 mcc:460 mnc:1 countIso:cn status:1 nwMode:10
11-25 14:47:48.628  1256  1804 D SubscriptionController: [getActiveSubInfoList]- 1 infos return
11-25 14:47:48.628  1256  1649 D RILJ    : [3997]> RIL_REQUEST_CDMA_SET_BROADCAST_CONFIG with 1 configs :  [SUB0]
11-25 14:47:48.628  1256  1649 D RILJ    : CdmaSmsBroadcastConfigInfo: Id [4096, 4096] ENABLED [SUB0]
11-25 14:47:48.630   203   636 D RILC    : RequestComplete, RIL_SOCKET_1
11-25 14:47:48.630   203   636 E RILC    : Send Response to RIL_SOCKET_1
11-25 14:47:48.630  1256  1460 D RilRequest: [3997]< RIL_REQUEST_CDMA_SET_BROADCAST_CONFIG error: com.android.internal.telephony.CommandException: GENERIC_FAILURE ret=
11-25 14:47:48.631  1256  2066 D SubscriptionController: [getActiveSubInfoList]+
11-25 14:47:48.631  1256  2066 D SubscriptionController: selection:sim_id>=0 null
11-25 14:47:48.633  1256  2066 D TelephonyManager: getTelephonyProperty: return propVal='cn' phoneId=0 property='gsm.sim.operator.iso-country' defaultVal='' prop=cn
11-25 14:47:48.633  1256  2066 D SubscriptionController: [getSubInfoRecord] id:1 iccid:DUMMY_NV_ID simSlotIndex:0 displayName:CARD 1 nameSource:0 iconTint:-16746133 dataRoaming:0 mcc:460 mnc:1 countIso:cn status:1 nwMode:10
11-25 14:47:48.635  1256  2066 D SubscriptionController: [getActiveSubInfoList]- 1 infos return
11-25 14:47:48.636  1256  1276 D RILJ    : [3998]> RIL_REQUEST_GSM_BROADCAST_ACTIVATION [SUB0]
11-25 14:47:48.638   203   636 D RILC    : RequestComplete, RIL_SOCKET_1
11-25 14:47:48.638   203   636 E RILC    : Send Response to RIL_SOCKET_1
11-25 14:47:48.638  1256  1460 D RILJ    : [3998]< RIL_REQUEST_GSM_BROADCAST_ACTIVATION  [SUB0]
11-25 14:47:48.639  1256  1274 D SubscriptionController: [getActiveSubInfoList]+
11-25 14:47:48.639  1256  1274 D SubscriptionController: selection:sim_id>=0 null
11-25 14:47:48.641  1256  1274 D TelephonyManager: getTelephonyProperty: return propVal='cn' phoneId=0 property='gsm.sim.operator.iso-country' defaultVal='' prop=cn
11-25 14:47:48.641  1256  1274 D SubscriptionController: [getSubInfoRecord] id:1 iccid:DUMMY_NV_ID simSlotIndex:0 displayName:CARD 1 nameSource:0 iconTint:-16746133 dataRoaming:0 mcc:460 mnc:1 countIso:cn status:1 nwMode:10
11-25 14:47:48.643  1256  1274 D SubscriptionController: [getActiveSubInfoList]- 1 infos return
11-25 14:47:48.644  2438  2723 D TelephonyManager: getTelephonyProperty: return propVal='cn' phoneId=0 property='gsm.sim.operator.iso-country' defaultVal='' prop=cn
11-25 14:47:48.645  2438  2723 D TelephonyManager: getTelephonyProperty: return propVal='cn' phoneId=0 property='gsm.operator.iso-country' defaultVal='' prop=cn
11-25 14:47:48.646  1256  1804 D SubscriptionController: [getActiveSubInfoList]+
11-25 14:47:48.646  1256  1804 D SubscriptionController: selection:sim_id>=0 null
11-25 14:47:48.648  1256  1804 D TelephonyManager: getTelephonyProperty: return propVal='cn' phoneId=0 property='gsm.sim.operator.iso-country' defaultVal='' prop=cn
11-25 14:47:48.648  1256  1804 D SubscriptionController: [getSubInfoRecord] id:1 iccid:DUMMY_NV_ID simSlotIndex:0 displayName:CARD 1 nameSource:0 iconTint:-16746133 dataRoaming:0 mcc:460 mnc:1 countIso:cn status:1 nwMode:10
11-25 14:47:48.649  1256  1804 D SubscriptionController: [getActiveSubInfoList]- 1 infos return
11-25 14:47:48.651  1256  2066 D SubscriptionController: [getActiveSubInfoList]+
11-25 14:47:48.651  1256  2066 D SubscriptionController: selection:sim_id>=0 null
11-25 14:47:48.653  1256  2066 D TelephonyManager: getTelephonyProperty: return propVal='cn' phoneId=0 property='gsm.sim.operator.iso-country' defaultVal='' prop=cn
11-25 14:47:48.653  1256  2066 D SubscriptionController: [getSubInfoRecord] id:1 iccid:DUMMY_NV_ID simSlotIndex:0 displayName:CARD 1 nameSource:0 iconTint:-16746133 dataRoaming:0 mcc:460 mnc:1 countIso:cn status:1 nwMode:10
11-25 14:47:48.654  1256  2066 D SubscriptionController: [getActiveSubInfoList]- 1 infos return
11-25 14:47:48.656  1256  1274 D SubscriptionController: [getActiveSubInfoList]+
11-25 14:47:48.656  1256  1274 D SubscriptionController: selection:sim_id>=0 null
11-25 14:47:48.658  1256  1274 D TelephonyManager: getTelephonyProperty: return propVal='cn' phoneId=0 property='gsm.sim.operator.iso-country' defaultVal='' prop=cn
11-25 14:47:48.658  1256  1274 D SubscriptionController: [getSubInfoRecord] id:1 iccid:DUMMY_NV_ID simSlotIndex:0 displayName:CARD 1 nameSource:0 iconTint:-16746133 dataRoaming:0 mcc:460 mnc:1 countIso:cn status:1 nwMode:10
11-25 14:47:48.660  1256  1274 D SubscriptionController: [getActiveSubInfoList]- 1 infos return
11-25 14:47:48.661  1256  1649 D SubscriptionController: [getActiveSubInfoList]+
11-25 14:47:48.662  1256  1649 D SubscriptionController: selection:sim_id>=0 null
11-25 14:47:48.663  1256  1649 D TelephonyManager: getTelephonyProperty: return propVal='cn' phoneId=0 property='gsm.sim.operator.iso-country' defaultVal='' prop=cn
11-25 14:47:48.663  1256  1649 D SubscriptionController: [getSubInfoRecord] id:1 iccid:DUMMY_NV_ID simSlotIndex:0 displayName:CARD 1 nameSource:0 iconTint:-16746133 dataRoaming:0 mcc:460 mnc:1 countIso:cn status:1 nwMode:10
11-25 14:47:48.665  1256  1649 D SubscriptionController: [getActiveSubInfoList]- 1 infos return
11-25 14:47:48.667  2438  2723 D TelephonyManager: getTelephonyProperty: return propVal='cn' phoneId=0 property='gsm.sim.operator.iso-country' defaultVal='' prop=cn
11-25 14:47:48.669  1256  1274 D SubscriptionController: [getActiveSubInfoList]+
11-25 14:47:48.669  1256  1274 D SubscriptionController: selection:sim_id>=0 null
11-25 14:47:48.671  1256  1274 D TelephonyManager: getTelephonyProperty: return propVal='cn' phoneId=0 property='gsm.sim.operator.iso-country' defaultVal='' prop=cn
11-25 14:47:48.671  1256  1274 D SubscriptionController: [getSubInfoRecord] id:1 iccid:DUMMY_NV_ID simSlotIndex:0 displayName:CARD 1 nameSource:0 iconTint:-16746133 dataRoaming:0 mcc:460 mnc:1 countIso:cn status:1 nwMode:10
11-25 14:47:48.672  1256  1274 D SubscriptionController: [getActiveSubInfoList]- 1 infos return
11-25 14:47:48.673  1256  1804 D RILJ    : [3999]> RIL_REQUEST_GSM_BROADCAST_ACTIVATION [SUB0]
11-25 14:47:48.675   203   636 D RILC    : RequestComplete, RIL_SOCKET_1
11-25 14:47:48.675   203   636 E RILC    : Send Response to RIL_SOCKET_1
11-25 14:47:48.675  1256  1460 D RILJ    : [3999]< RIL_REQUEST_GSM_BROADCAST_ACTIVATION  [SUB0]
11-25 14:47:48.676  1256  1649 D SubscriptionController: [getActiveSubInfoList]+
11-25 14:47:48.676  1256  1649 D SubscriptionController: selection:sim_id>=0 null
11-25 14:47:48.678  1256  1649 D TelephonyManager: getTelephonyProperty: return propVal='cn' phoneId=0 property='gsm.sim.operator.iso-country' defaultVal='' prop=cn
11-25 14:47:48.678  1256  1649 D SubscriptionController: [getSubInfoRecord] id:1 iccid:DUMMY_NV_ID simSlotIndex:0 displayName:CARD 1 nameSource:0 iconTint:-16746133 dataRoaming:0 mcc:460 mnc:1 countIso:cn status:1 nwMode:10
11-25 14:47:48.679  1256  1649 D SubscriptionController: [getActiveSubInfoList]- 1 infos return
11-25 14:47:48.680  1256  2066 D RILJ    : [4000]> RIL_REQUEST_GSM_BROADCAST_ACTIVATION [SUB0]
11-25 14:47:48.682   203   636 D RILC    : RequestComplete, RIL_SOCKET_1
11-25 14:47:48.682   203   636 E RILC    : Send Response to RIL_SOCKET_1
11-25 14:47:48.682  1256  1460 D RILJ    : [4000]< RIL_REQUEST_GSM_BROADCAST_ACTIVATION  [SUB0]
