11-25 14:55:33.539   671  1213 I am_create_activity: [0,502770979,16,com.support.android.designlibdemo/.CheeseDetailActivity,NULL,NULL,NULL,0]
11-25 14:55:33.540   671  1213 I am_pause_activity: [0,245640229,com.support.android.designlibdemo/.MainActivity]
11-25 14:55:33.542   671  1213 I am_home_stack_moved: [0,0,1,1,startedActivity setFocusedActivity]
11-25 14:55:33.543   671  1213 I am_focused_activity: [0,com.support.android.designlibdemo/.CheeseDetailActivity]
11-25 14:55:33.550  3573  3573 I am_on_paused_called: [0,com.support.android.designlibdemo.MainActivity]
11-25 14:55:33.556   671  1071 I am_restart_activity: [0,502770979,16,com.support.android.designlibdemo/.CheeseDetailActivity]
11-25 14:55:33.603  3573  3573 I am_on_resume_called: [0,com.support.android.designlibdemo.CheeseDetailActivity]
11-25 14:55:33.658   671   812 I am_activity_launch_time: [0,502770979,com.support.android.designlibdemo/.CheeseDetailActivity,107,107]
11-25 14:55:33.915   193   193 I sf_frame_dur: [com.support.android.designlibdemo/com.support.android.designlibdemo.MainActivity,30,0,2,0,1,0,2]
11-25 14:55:35.922   671  1196 I am_finish_activity: [0,502770979,16,com.support.android.designlibdemo/.CheeseDetailActivity,navigate-up]
11-25 14:55:35.923   671  1196 I am_home_stack_moved: [0,0,1,1,finishActivity adjustTopFocus setFocusedActivity]
11-25 14:55:35.925   671  1196 I am_focused_activity: [0,com.support.android.designlibdemo/.MainActivity]
11-25 14:55:35.926   671  1196 I am_pause_activity: [0,502770979,com.support.android.designlibdemo/.CheeseDetailActivity]
11-25 14:55:35.931   671  1196 I am_home_stack_moved: [0,0,1,1,sourceStackToFront]
11-25 14:55:35.932   671  1196 I wm_task_moved: [16,1,0]
11-25 14:55:35.942   671   812 I dvm_lock_sample: [system_server,1,android.display,5,WindowManagerService.java,7820,-,5214,1]
11-25 14:55:35.943   671  1196 I am_create_activity: [0,952957201,16,com.support.android.designlibdemo/.MainActivity,android.intent.action.MAIN,NULL,NULL,0]
11-25 14:55:35.944   671  1196 I am_home_stack_moved: [0,0,1,1,startedActivity setFocusedActivity]
11-25 14:55:35.945   671  1196 I am_focused_activity: [0,com.support.android.designlibdemo/.MainActivity]
11-25 14:55:35.945   671  1196 I am_finish_activity: [0,245640229,16,com.support.android.designlibdemo/.MainActivity,navigate-up]
11-25 14:55:35.946   671  1196 I am_destroy_activity: [0,245640229,16,com.support.android.designlibdemo/.MainActivity,finish-imm]
11-25 14:55:35.952  3573  3573 I am_on_paused_called: [0,com.support.android.designlibdemo.CheeseDetailActivity]
11-25 14:55:35.954   671  1071 I am_restart_activity: [0,952957201,16,com.support.android.designlibdemo/.MainActivity]
11-25 14:55:36.001  3573  3573 I am_on_resume_called: [0,com.support.android.designlibdemo.MainActivity]
11-25 14:55:36.142   671   812 I am_activity_launch_time: [0,952957201,com.support.android.designlibdemo/.MainActivity,188,188]
11-25 14:55:36.512   671   806 I am_destroy_activity: [0,502770979,16,com.support.android.designlibdemo/.CheeseDetailActivity,finish-imm]
11-25 14:55:43.543   671  1212 I am_home_stack_moved: [0,0,1,1,sourceStackToFront]
11-25 14:55:43.544   671  1212 I wm_task_moved: [16,1,0]
11-25 14:55:43.550   671  1212 I am_create_activity: [0,651951983,16,com.support.android.designlibdemo/.CheeseDetailActivity,NULL,NULL,NULL,0]
11-25 14:55:43.555   671  1212 I am_pause_activity: [0,952957201,com.support.android.designlibdemo/.MainActivity]
11-25 14:55:43.557   671  1212 I am_home_stack_moved: [0,0,1,1,startedActivity setFocusedActivity]
11-25 14:55:43.559   671  1212 I am_focused_activity: [0,com.support.android.designlibdemo/.CheeseDetailActivity]
11-25 14:55:43.567  3573  3573 I am_on_paused_called: [0,com.support.android.designlibdemo.MainActivity]
11-25 14:55:43.568   671  1248 I am_restart_activity: [0,651951983,16,com.support.android.designlibdemo/.CheeseDetailActivity]
11-25 14:55:43.616  3573  3573 I am_on_resume_called: [0,com.support.android.designlibdemo.CheeseDetailActivity]
11-25 14:55:43.671   671   812 I am_activity_launch_time: [0,651951983,com.support.android.designlibdemo/.CheeseDetailActivity,103,103]
11-25 14:55:43.920   193   193 I sf_frame_dur: [com.support.android.designlibdemo/com.support.android.designlibdemo.MainActivity,31,1,3,0,1,0,3]
11-25 14:55:45.937   671  1213 I am_finish_activity: [0,651951983,16,com.support.android.designlibdemo/.CheeseDetailActivity,navigate-up]
11-25 14:55:45.938   671  1213 I am_home_stack_moved: [0,0,1,1,finishActivity adjustTopFocus setFocusedActivity]
11-25 14:55:45.941   671  1213 I am_focused_activity: [0,com.support.android.designlibdemo/.MainActivity]
11-25 14:55:45.941   671  1213 I am_pause_activity: [0,651951983,com.support.android.designlibdemo/.CheeseDetailActivity]
11-25 14:55:45.943   671  1213 I am_home_stack_moved: [0,0,1,1,sourceStackToFront]
11-25 14:55:45.943   671  1213 I wm_task_moved: [16,1,0]
11-25 14:55:45.954   671  1213 I am_create_activity: [0,92597181,16,com.support.android.designlibdemo/.MainActivity,android.intent.action.MAIN,NULL,NULL,0]
11-25 14:55:45.955   671  1213 I am_home_stack_moved: [0,0,1,1,startedActivity setFocusedActivity]
11-25 14:55:45.957   671  1213 I am_focused_activity: [0,com.support.android.designlibdemo/.MainActivity]
11-25 14:55:45.957   671  1213 I am_finish_activity: [0,952957201,16,com.support.android.designlibdemo/.MainActivity,navigate-up]
11-25 14:55:45.957   671  1213 I am_destroy_activity: [0,952957201,16,com.support.android.designlibdemo/.MainActivity,finish-imm]
11-25 14:55:45.960  3573  3573 I am_on_paused_called: [0,com.support.android.designlibdemo.CheeseDetailActivity]
11-25 14:55:45.963   671  1327 I am_restart_activity: [0,92597181,16,com.support.android.designlibdemo/.MainActivity]
11-25 14:55:46.009  3573  3573 I am_on_resume_called: [0,com.support.android.designlibdemo.MainActivity]
11-25 14:55:46.137   671   812 I am_activity_launch_time: [0,92597181,com.support.android.designlibdemo/.MainActivity,176,176]
11-25 14:55:46.516   671   806 I am_destroy_activity: [0,651951983,16,com.support.android.designlibdemo/.CheeseDetailActivity,finish-imm]
11-25 14:55:48.167   671  1249 I am_finish_activity: [0,92597181,16,com.support.android.designlibdemo/.MainActivity,app-request]
11-25 14:55:48.182   671  1249 I am_home_stack_moved: [0,1,0,0,finishActivity adjustFocus]
11-25 14:55:48.182   671  1249 I wm_task_moved: [1,1,0]
11-25 14:55:48.188   671  1249 I am_home_stack_moved: [0,1,0,0,finishActivity adjustTopFocus setFocusedActivity]
11-25 14:55:48.192   671  1249 I am_focused_activity: [0,com.cyanogenmod.trebuchet/com.android.launcher3.Launcher]
11-25 14:55:48.209   671  1249 I am_pause_activity: [0,92597181,com.support.android.designlibdemo/.MainActivity]
11-25 14:55:48.213  3573  3573 I am_on_paused_called: [0,com.support.android.designlibdemo.MainActivity]
11-25 14:55:48.226   671   802 I am_resume_activity: [0,337982653,1,com.cyanogenmod.trebuchet/com.android.launcher3.Launcher]
11-25 14:55:48.236  1278  1278 I am_on_resume_called: [0,com.android.launcher3.Launcher]
11-25 14:55:48.541   671   806 I am_destroy_activity: [0,92597181,16,com.support.android.designlibdemo/.MainActivity,finish-imm]
11-25 14:55:48.709   671   812 I wm_task_removed: [16,removeAppToken: last token]
11-25 14:55:48.709   671   812 I wm_task_removed: [16,removeTask]
11-25 14:55:48.722   193   193 I sf_frame_dur: [com.support.android.designlibdemo/com.support.android.designlibdemo.MainActivity,1,0,1,0,1,0,0]
11-25 14:55:51.404   671  1196 I am_home_stack_moved: [0,0,1,1,startingNewTask]
11-25 14:55:51.404   671  1196 I am_create_task: [0,17]
11-25 14:55:51.405   671  1196 I am_create_activity: [0,451509572,17,com.support.android.designlibdemo/.MainActivity,android.intent.action.MAIN,NULL,NULL,270532608]
11-25 14:55:51.409   671  1196 I wm_task_created: [17,1]
11-25 14:55:51.409   671  1196 I wm_task_moved: [17,1,0]
11-25 14:55:51.413   671  1196 I am_pause_activity: [0,337982653,com.cyanogenmod.trebuchet/com.android.launcher3.Launcher]
11-25 14:55:51.416   671  1196 I am_home_stack_moved: [0,0,1,1,startedActivity setFocusedActivity]
11-25 14:55:51.417   671  1196 I am_focused_activity: [0,com.support.android.designlibdemo/.MainActivity]
11-25 14:55:51.429  1278  1278 I am_on_paused_called: [0,com.android.launcher3.Launcher]
11-25 14:55:51.433   671  1248 I am_restart_activity: [0,451509572,17,com.support.android.designlibdemo/.MainActivity]
11-25 14:55:51.480  3573  3573 I am_on_resume_called: [0,com.support.android.designlibdemo.MainActivity]
11-25 14:55:51.582   671   812 I am_activity_launch_time: [0,451509572,com.support.android.designlibdemo/.MainActivity,152,152]
11-25 14:55:51.918   193   193 I sf_frame_dur: [com.cyanogenmod.trebuchet/com.android.launcher3.Launcher,0,0,0,0,1,0,1]
11-25 14:55:53.752   671  1277 I am_home_stack_moved: [0,0,1,1,sourceStackToFront]
11-25 14:55:53.752   671  1277 I wm_task_moved: [17,1,0]
11-25 14:55:53.758   671  1277 I am_create_activity: [0,314991890,17,com.support.android.designlibdemo/.CheeseDetailActivity,NULL,NULL,NULL,0]
11-25 14:55:53.760   671  1277 I am_pause_activity: [0,451509572,com.support.android.designlibdemo/.MainActivity]
11-25 14:55:53.763   671  1277 I am_home_stack_moved: [0,0,1,1,startedActivity setFocusedActivity]
11-25 14:55:53.765   671  1277 I am_focused_activity: [0,com.support.android.designlibdemo/.CheeseDetailActivity]
11-25 14:55:53.771  3573  3573 I am_on_paused_called: [0,com.support.android.designlibdemo.MainActivity]
11-25 14:55:53.772   671  1248 I am_restart_activity: [0,314991890,17,com.support.android.designlibdemo/.CheeseDetailActivity]
11-25 14:55:53.807  3573  3573 I am_on_resume_called: [0,com.support.android.designlibdemo.CheeseDetailActivity]
11-25 14:55:53.857   671   812 I am_activity_launch_time: [0,314991890,com.support.android.designlibdemo/.CheeseDetailActivity,86,86]
11-25 14:55:54.110   193   193 I sf_frame_dur: [com.support.android.designlibdemo/com.support.android.designlibdemo.MainActivity,28,0,0,0,1,0,1]
11-25 14:55:56.115   671  1213 I am_finish_activity: [0,314991890,17,com.support.android.designlibdemo/.CheeseDetailActivity,navigate-up]
11-25 14:55:56.116   671  1213 I am_home_stack_moved: [0,0,1,1,finishActivity adjustTopFocus setFocusedActivity]
11-25 14:55:56.118   671  1213 I am_focused_activity: [0,com.support.android.designlibdemo/.MainActivity]
11-25 14:55:56.119   671  1213 I am_pause_activity: [0,314991890,com.support.android.designlibdemo/.CheeseDetailActivity]
11-25 14:55:56.131   671  1213 I am_home_stack_moved: [0,0,1,1,sourceStackToFront]
11-25 14:55:56.132   671  1213 I wm_task_moved: [17,1,0]
11-25 14:55:56.135   671  1213 I am_create_activity: [0,572205560,17,com.support.android.designlibdemo/.MainActivity,android.intent.action.MAIN,NULL,NULL,0]
11-25 14:55:56.136   671  1213 I am_home_stack_moved: [0,0,1,1,startedActivity setFocusedActivity]
11-25 14:55:56.137   671  1213 I am_focused_activity: [0,com.support.android.designlibdemo/.MainActivity]
11-25 14:55:56.137   671  1213 I am_finish_activity: [0,451509572,17,com.support.android.designlibdemo/.MainActivity,navigate-up]
11-25 14:55:56.137   671  1213 I am_destroy_activity: [0,451509572,17,com.support.android.designlibdemo/.MainActivity,finish-imm]
11-25 14:55:56.141  3573  3573 I am_on_paused_called: [0,com.support.android.designlibdemo.CheeseDetailActivity]
11-25 14:55:56.143   671  1071 I am_restart_activity: [0,572205560,17,com.support.android.designlibdemo/.MainActivity]
11-25 14:55:56.189  3573  3573 I am_on_resume_called: [0,com.support.android.designlibdemo.MainActivity]
11-25 14:55:56.295   671   812 I am_activity_launch_time: [0,572205560,com.support.android.designlibdemo/.MainActivity,153,153]
11-25 14:55:56.673   671   806 I am_destroy_activity: [0,314991890,17,com.support.android.designlibdemo/.CheeseDetailActivity,finish-imm]
11-25 14:56:03.698   671  1327 I am_home_stack_moved: [0,0,1,1,sourceStackToFront]
11-25 14:56:03.698   671  1327 I wm_task_moved: [17,1,0]
11-25 14:56:03.705   671  1327 I am_create_activity: [0,971832590,17,com.support.android.designlibdemo/.CheeseDetailActivity,NULL,NULL,NULL,0]
11-25 14:56:03.706   671  1327 I am_pause_activity: [0,572205560,com.support.android.designlibdemo/.MainActivity]
11-25 14:56:03.709   671  1327 I am_home_stack_moved: [0,0,1,1,startedActivity setFocusedActivity]
11-25 14:56:03.711   671  1327 I am_focused_activity: [0,com.support.android.designlibdemo/.CheeseDetailActivity]
11-25 14:56:03.724  3573  3573 I am_on_paused_called: [0,com.support.android.designlibdemo.MainActivity]
11-25 14:56:03.726   671  1249 I am_restart_activity: [0,971832590,17,com.support.android.designlibdemo/.CheeseDetailActivity]
11-25 14:56:03.775  3573  3573 I am_on_resume_called: [0,com.support.android.designlibdemo.CheeseDetailActivity]
11-25 14:56:03.828   671   812 I am_activity_launch_time: [0,971832590,com.support.android.designlibdemo/.CheeseDetailActivity,104,104]
11-25 14:56:04.081   193   193 I sf_frame_dur: [com.support.android.designlibdemo/com.support.android.designlibdemo.MainActivity,31,1,1,0,1,0,3]
11-25 14:56:06.073   671  1212 I am_finish_activity: [0,971832590,17,com.support.android.designlibdemo/.CheeseDetailActivity,navigate-up]
11-25 14:56:06.074   671  1212 I am_home_stack_moved: [0,0,1,1,finishActivity adjustTopFocus setFocusedActivity]
11-25 14:56:06.076   671  1212 I am_focused_activity: [0,com.support.android.designlibdemo/.MainActivity]
11-25 14:56:06.077   671  1212 I am_pause_activity: [0,971832590,com.support.android.designlibdemo/.CheeseDetailActivity]
11-25 14:56:06.083   671  1212 I am_home_stack_moved: [0,0,1,1,sourceStackToFront]
11-25 14:56:06.083   671  1212 I wm_task_moved: [17,1,0]
11-25 14:56:06.089   671  1212 I am_create_activity: [0,622921684,17,com.support.android.designlibdemo/.MainActivity,android.intent.action.MAIN,NULL,NULL,0]
11-25 14:56:06.090   671  1212 I am_home_stack_moved: [0,0,1,1,startedActivity setFocusedActivity]
11-25 14:56:06.093   671  1212 I am_focused_activity: [0,com.support.android.designlibdemo/.MainActivity]
11-25 14:56:06.093   671  1212 I am_finish_activity: [0,572205560,17,com.support.android.designlibdemo/.MainActivity,navigate-up]
11-25 14:56:06.096   671  1212 I am_destroy_activity: [0,572205560,17,com.support.android.designlibdemo/.MainActivity,finish-imm]
11-25 14:56:06.101  3573  3573 I am_on_paused_called: [0,com.support.android.designlibdemo.CheeseDetailActivity]
11-25 14:56:06.103   671  1249 I am_restart_activity: [0,622921684,17,com.support.android.designlibdemo/.MainActivity]
11-25 14:56:06.144  3573  3573 I am_on_resume_called: [0,com.support.android.designlibdemo.MainActivity]
11-25 14:56:06.256   671   812 I am_activity_launch_time: [0,622921684,com.support.android.designlibdemo/.MainActivity,154,154]
11-25 14:56:06.628   671   806 I am_destroy_activity: [0,971832590,17,com.support.android.designlibdemo/.CheeseDetailActivity,finish-imm]
11-25 14:56:13.607   671  1249 I am_home_stack_moved: [0,0,1,1,sourceStackToFront]
11-25 14:56:13.607   671  1249 I wm_task_moved: [17,1,0]
11-25 14:56:13.616   671  1249 I am_create_activity: [0,664240074,17,com.support.android.designlibdemo/.CheeseDetailActivity,NULL,NULL,NULL,0]
11-25 14:56:13.618   671  1249 I am_pause_activity: [0,622921684,com.support.android.designlibdemo/.MainActivity]
11-25 14:56:13.620   671  1249 I am_home_stack_moved: [0,0,1,1,startedActivity setFocusedActivity]
11-25 14:56:13.622   671  1249 I am_focused_activity: [0,com.support.android.designlibdemo/.CheeseDetailActivity]
11-25 14:56:13.631  3573  3573 I am_on_paused_called: [0,com.support.android.designlibdemo.MainActivity]
11-25 14:56:13.633   671  1213 I am_restart_activity: [0,664240074,17,com.support.android.designlibdemo/.CheeseDetailActivity]
11-25 14:56:13.670  3573  3573 I am_on_resume_called: [0,com.support.android.designlibdemo.CheeseDetailActivity]
11-25 14:56:13.727   671   812 I am_activity_launch_time: [0,664240074,com.support.android.designlibdemo/.CheeseDetailActivity,95,95]
11-25 14:56:13.987   193   193 I sf_frame_dur: [com.support.android.designlibdemo/com.support.android.designlibdemo.MainActivity,30,1,1,0,1,0,2]
11-25 14:56:15.974   671  1248 I am_finish_activity: [0,664240074,17,com.support.android.designlibdemo/.CheeseDetailActivity,navigate-up]
11-25 14:56:15.975   671  1248 I am_home_stack_moved: [0,0,1,1,finishActivity adjustTopFocus setFocusedActivity]
11-25 14:56:15.979   671  1248 I am_focused_activity: [0,com.support.android.designlibdemo/.MainActivity]
11-25 14:56:15.982   671  1248 I am_pause_activity: [0,664240074,com.support.android.designlibdemo/.CheeseDetailActivity]
11-25 14:56:15.987   671  1248 I am_home_stack_moved: [0,0,1,1,sourceStackToFront]
11-25 14:56:15.987   671  1248 I wm_task_moved: [17,1,0]
11-25 14:56:15.993   671  1248 I am_create_activity: [0,32638576,17,com.support.android.designlibdemo/.MainActivity,android.intent.action.MAIN,NULL,NULL,0]
11-25 14:56:15.994   671  1248 I am_home_stack_moved: [0,0,1,1,startedActivity setFocusedActivity]
11-25 14:56:15.996   671  1248 I am_focused_activity: [0,com.support.android.designlibdemo/.MainActivity]
11-25 14:56:15.996   671  1248 I am_finish_activity: [0,622921684,17,com.support.android.designlibdemo/.MainActivity,navigate-up]
11-25 14:56:15.997   671  1248 I am_destroy_activity: [0,622921684,17,com.support.android.designlibdemo/.MainActivity,finish-imm]
11-25 14:56:16.003  3573  3573 I am_on_paused_called: [0,com.support.android.designlibdemo.CheeseDetailActivity]
11-25 14:56:16.005   671  1277 I am_restart_activity: [0,32638576,17,com.support.android.designlibdemo/.MainActivity]
11-25 14:56:16.045  3573  3573 I am_on_resume_called: [0,com.support.android.designlibdemo.MainActivity]
11-25 14:56:16.183   671   812 I am_activity_launch_time: [0,32638576,com.support.android.designlibdemo/.MainActivity,179,179]
11-25 14:56:16.564   671   806 I am_destroy_activity: [0,664240074,17,com.support.android.designlibdemo/.CheeseDetailActivity,finish-imm]
11-25 14:56:18.229   671  1327 I am_finish_activity: [0,32638576,17,com.support.android.designlibdemo/.MainActivity,app-request]
11-25 14:56:18.235   671  1327 I am_home_stack_moved: [0,1,0,0,finishActivity adjustFocus]
11-25 14:56:18.235   671  1327 I wm_task_moved: [1,1,0]
11-25 14:56:18.246   671  1327 I am_home_stack_moved: [0,1,0,0,finishActivity adjustTopFocus setFocusedActivity]
11-25 14:56:18.249   671  1327 I am_focused_activity: [0,com.cyanogenmod.trebuchet/com.android.launcher3.Launcher]
11-25 14:56:18.266   671  1327 I am_pause_activity: [0,32638576,com.support.android.designlibdemo/.MainActivity]
11-25 14:56:18.270  3573  3573 I am_on_paused_called: [0,com.support.android.designlibdemo.MainActivity]
11-25 14:56:18.289   671  1277 I am_resume_activity: [0,337982653,1,com.cyanogenmod.trebuchet/com.android.launcher3.Launcher]
11-25 14:56:18.300  1278  1278 I am_on_resume_called: [0,com.android.launcher3.Launcher]
11-25 14:56:18.592   671   806 I am_destroy_activity: [0,32638576,17,com.support.android.designlibdemo/.MainActivity,finish-imm]
11-25 14:56:18.777   671   812 I wm_task_removed: [17,removeAppToken: last token]
11-25 14:56:18.777   671   812 I wm_task_removed: [17,removeTask]
11-25 14:56:18.789   193   193 I sf_frame_dur: [com.support.android.designlibdemo/com.support.android.designlibdemo.MainActivity,0,0,1,0,1,0,1]
11-25 14:56:21.448   671  1277 I am_home_stack_moved: [0,0,1,1,startingNewTask]
11-25 14:56:21.449   671  1277 I am_create_task: [0,18]
11-25 14:56:21.449   671  1277 I am_create_activity: [0,613907619,18,com.support.android.designlibdemo/.MainActivity,android.intent.action.MAIN,NULL,NULL,270532608]
11-25 14:56:21.449   671  1277 I wm_task_created: [18,1]
11-25 14:56:21.449   671  1277 I wm_task_moved: [18,1,0]
11-25 14:56:21.449   671  1277 I am_pause_activity: [0,337982653,com.cyanogenmod.trebuchet/com.android.launcher3.Launcher]
11-25 14:56:21.450   671  1277 I am_home_stack_moved: [0,0,1,1,startedActivity setFocusedActivity]
11-25 14:56:21.451   671  1277 I am_focused_activity: [0,com.support.android.designlibdemo/.MainActivity]
11-25 14:56:21.470  1278  1278 I am_on_paused_called: [0,com.android.launcher3.Launcher]
11-25 14:56:21.480   671  1212 I am_restart_activity: [0,613907619,18,com.support.android.designlibdemo/.MainActivity]
11-25 14:56:21.529  3573  3573 I am_on_resume_called: [0,com.support.android.designlibdemo.MainActivity]
11-25 14:56:21.641   671   812 I am_activity_launch_time: [0,613907619,com.support.android.designlibdemo/.MainActivity,166,166]
11-25 14:56:21.951   193   193 I sf_frame_dur: [com.cyanogenmod.trebuchet/com.android.launcher3.Launcher,0,0,0,0,1,0,1]
11-25 14:56:23.863   671  1249 I am_home_stack_moved: [0,0,1,1,sourceStackToFront]
11-25 14:56:23.864   671  1249 I wm_task_moved: [18,1,0]
11-25 14:56:23.872   671  1249 I am_create_activity: [0,843691209,18,com.support.android.designlibdemo/.CheeseDetailActivity,NULL,NULL,NULL,0]
11-25 14:56:23.875   671  1249 I am_pause_activity: [0,613907619,com.support.android.designlibdemo/.MainActivity]
11-25 14:56:23.877   671  1249 I am_home_stack_moved: [0,0,1,1,startedActivity setFocusedActivity]
11-25 14:56:23.878   671  1249 I am_focused_activity: [0,com.support.android.designlibdemo/.CheeseDetailActivity]
11-25 14:56:23.883  3573  3573 I am_on_paused_called: [0,com.support.android.designlibdemo.MainActivity]
11-25 14:56:23.885   671  1071 I am_restart_activity: [0,843691209,18,com.support.android.designlibdemo/.CheeseDetailActivity]
11-25 14:56:23.922  3573  3573 I am_on_resume_called: [0,com.support.android.designlibdemo.CheeseDetailActivity]
11-25 14:56:23.981   671   812 I am_activity_launch_time: [0,843691209,com.support.android.designlibdemo/.CheeseDetailActivity,97,97]
11-25 14:56:24.245   193   193 I sf_frame_dur: [com.support.android.designlibdemo/com.support.android.designlibdemo.MainActivity,28,1,0,0,1,0,1]
11-25 14:56:26.233   671  1327 I am_finish_activity: [0,843691209,18,com.support.android.designlibdemo/.CheeseDetailActivity,navigate-up]
11-25 14:56:26.235   671  1327 I am_home_stack_moved: [0,0,1,1,finishActivity adjustTopFocus setFocusedActivity]
11-25 14:56:26.237   671  1327 I am_focused_activity: [0,com.support.android.designlibdemo/.MainActivity]
11-25 14:56:26.240   671  1327 I am_pause_activity: [0,843691209,com.support.android.designlibdemo/.CheeseDetailActivity]
11-25 14:56:26.242   671  1327 I am_home_stack_moved: [0,0,1,1,sourceStackToFront]
11-25 14:56:26.242   671  1327 I wm_task_moved: [18,1,0]
11-25 14:56:26.244   671  1327 I am_create_activity: [0,128582887,18,com.support.android.designlibdemo/.MainActivity,android.intent.action.MAIN,NULL,NULL,0]
11-25 14:56:26.245   671  1327 I am_home_stack_moved: [0,0,1,1,startedActivity setFocusedActivity]
11-25 14:56:26.246   671  1327 I am_focused_activity: [0,com.support.android.designlibdemo/.MainActivity]
11-25 14:56:26.247   671   813 I dvm_lock_sample: [system_server,1,PowerManagerService,5,PowerManagerService.java,1868,-,839,1]
11-25 14:56:26.255   671  1327 I am_finish_activity: [0,613907619,18,com.support.android.designlibdemo/.MainActivity,navigate-up]
11-25 14:56:26.258   671  1327 I am_destroy_activity: [0,613907619,18,com.support.android.designlibdemo/.MainActivity,finish-imm]
11-25 14:56:26.263  3573  3573 I am_on_paused_called: [0,com.support.android.designlibdemo.CheeseDetailActivity]
11-25 14:56:26.265   671  1212 I am_restart_activity: [0,128582887,18,com.support.android.designlibdemo/.MainActivity]
11-25 14:56:26.313  3573  3573 I am_on_resume_called: [0,com.support.android.designlibdemo.MainActivity]
11-25 14:56:26.425   671   812 I am_activity_launch_time: [0,128582887,com.support.android.designlibdemo/.MainActivity,161,161]
11-25 14:56:26.808   671   806 I am_destroy_activity: [0,843691209,18,com.support.android.designlibdemo/.CheeseDetailActivity,finish-imm]
11-25 14:56:33.810   671   801 I am_home_stack_moved: [0,0,1,1,sourceStackToFront]
11-25 14:56:33.810   671   801 I wm_task_moved: [18,1,0]
11-25 14:56:33.815   671   801 I am_create_activity: [0,451406069,18,com.support.android.designlibdemo/.CheeseDetailActivity,NULL,NULL,NULL,0]
11-25 14:56:33.816   671   801 I am_pause_activity: [0,128582887,com.support.android.designlibdemo/.MainActivity]
11-25 14:56:33.819   671   801 I am_home_stack_moved: [0,0,1,1,startedActivity setFocusedActivity]
11-25 14:56:33.822   671   801 I am_focused_activity: [0,com.support.android.designlibdemo/.CheeseDetailActivity]
11-25 14:56:33.830  3573  3573 I am_on_paused_called: [0,com.support.android.designlibdemo.MainActivity]
11-25 14:56:33.833   671  1213 I am_restart_activity: [0,451406069,18,com.support.android.designlibdemo/.CheeseDetailActivity]
11-25 14:56:33.895  3573  3573 I am_on_resume_called: [0,com.support.android.designlibdemo.CheeseDetailActivity]
11-25 14:56:33.947   671   812 I am_activity_launch_time: [0,451406069,com.support.android.designlibdemo/.CheeseDetailActivity,116,116]
11-25 14:56:34.201   193   193 I sf_frame_dur: [com.support.android.designlibdemo/com.support.android.designlibdemo.MainActivity,31,1,1,0,1,0,2]
11-25 14:56:36.219   671  1196 I am_finish_activity: [0,451406069,18,com.support.android.designlibdemo/.CheeseDetailActivity,navigate-up]
11-25 14:56:36.221   671  1196 I am_home_stack_moved: [0,0,1,1,finishActivity adjustTopFocus setFocusedActivity]
11-25 14:56:36.223   671  1196 I am_focused_activity: [0,com.support.android.designlibdemo/.MainActivity]
11-25 14:56:36.223   671  1196 I am_pause_activity: [0,451406069,com.support.android.designlibdemo/.CheeseDetailActivity]
11-25 14:56:36.232   671  1196 I am_home_stack_moved: [0,0,1,1,sourceStackToFront]
11-25 14:56:36.232   671  1196 I wm_task_moved: [18,1,0]
11-25 14:56:36.236   671  1196 I am_create_activity: [0,608966771,18,com.support.android.designlibdemo/.MainActivity,android.intent.action.MAIN,NULL,NULL,0]
11-25 14:56:36.237   671  1196 I am_home_stack_moved: [0,0,1,1,startedActivity setFocusedActivity]
11-25 14:56:36.237   671  1196 I am_focused_activity: [0,com.support.android.designlibdemo/.MainActivity]
11-25 14:56:36.237   671  1196 I am_finish_activity: [0,128582887,18,com.support.android.designlibdemo/.MainActivity,navigate-up]
11-25 14:56:36.239   671  1196 I am_destroy_activity: [0,128582887,18,com.support.android.designlibdemo/.MainActivity,finish-imm]
11-25 14:56:36.242  3573  3573 I am_on_paused_called: [0,com.support.android.designlibdemo.CheeseDetailActivity]
11-25 14:56:36.244   671   802 I am_restart_activity: [0,608966771,18,com.support.android.designlibdemo/.MainActivity]
11-25 14:56:36.295  3573  3573 I am_on_resume_called: [0,com.support.android.designlibdemo.MainActivity]
11-25 14:56:36.417   671   812 I am_activity_launch_time: [0,608966771,com.support.android.designlibdemo/.MainActivity,173,173]
11-25 14:56:36.797   671   806 I am_destroy_activity: [0,451406069,18,com.support.android.designlibdemo/.CheeseDetailActivity,finish-imm]
11-25 14:56:43.762   671  1249 I am_home_stack_moved: [0,0,1,1,sourceStackToFront]
11-25 14:56:43.762   671  1249 I wm_task_moved: [18,1,0]
11-25 14:56:43.770   671  1249 I am_create_activity: [0,136431329,18,com.support.android.designlibdemo/.CheeseDetailActivity,NULL,NULL,NULL,0]
11-25 14:56:43.773   671  1249 I am_pause_activity: [0,608966771,com.support.android.designlibdemo/.MainActivity]
11-25 14:56:43.782   671  1249 I am_home_stack_moved: [0,0,1,1,startedActivity setFocusedActivity]
11-25 14:56:43.783   671  1249 I am_focused_activity: [0,com.support.android.designlibdemo/.CheeseDetailActivity]
11-25 14:56:43.788  3573  3573 I am_on_paused_called: [0,com.support.android.designlibdemo.MainActivity]
11-25 14:56:43.792   671  1248 I am_restart_activity: [0,136431329,18,com.support.android.designlibdemo/.CheeseDetailActivity]
11-25 14:56:43.833  3573  3573 I am_on_resume_called: [0,com.support.android.designlibdemo.CheeseDetailActivity]
11-25 14:56:43.885   671   812 I am_activity_launch_time: [0,136431329,com.support.android.designlibdemo/.CheeseDetailActivity,97,97]
11-25 14:56:44.138   193   193 I sf_frame_dur: [com.support.android.designlibdemo/com.support.android.designlibdemo.MainActivity,30,1,1,0,2,0,2]
11-25 14:56:46.091   671   802 I am_finish_activity: [0,136431329,18,com.support.android.designlibdemo/.CheeseDetailActivity,navigate-up]
11-25 14:56:46.093   671   802 I am_home_stack_moved: [0,0,1,1,finishActivity adjustTopFocus setFocusedActivity]
11-25 14:56:46.095   671   802 I am_focused_activity: [0,com.support.android.designlibdemo/.MainActivity]
11-25 14:56:46.095   671   802 I am_pause_activity: [0,136431329,com.support.android.designlibdemo/.CheeseDetailActivity]
11-25 14:56:46.109   671   802 I am_home_stack_moved: [0,0,1,1,sourceStackToFront]
11-25 14:56:46.110   671   802 I wm_task_moved: [18,1,0]
11-25 14:56:46.116   671   802 I am_create_activity: [0,831554495,18,com.support.android.designlibdemo/.MainActivity,android.intent.action.MAIN,NULL,NULL,0]
11-25 14:56:46.117   671   802 I am_home_stack_moved: [0,0,1,1,startedActivity setFocusedActivity]
11-25 14:56:46.118   671   802 I am_focused_activity: [0,com.support.android.designlibdemo/.MainActivity]
11-25 14:56:46.118   671   802 I am_finish_activity: [0,608966771,18,com.support.android.designlibdemo/.MainActivity,navigate-up]
11-25 14:56:46.119   671   802 I am_destroy_activity: [0,608966771,18,com.support.android.designlibdemo/.MainActivity,finish-imm]
11-25 14:56:46.122  3573  3573 I am_on_paused_called: [0,com.support.android.designlibdemo.CheeseDetailActivity]
11-25 14:56:46.125   671   801 I am_restart_activity: [0,831554495,18,com.support.android.designlibdemo/.MainActivity]
11-25 14:56:46.167  3573  3573 I am_on_resume_called: [0,com.support.android.designlibdemo.MainActivity]
11-25 14:56:46.285   671   812 I am_activity_launch_time: [0,831554495,com.support.android.designlibdemo/.MainActivity,162,162]
11-25 14:56:46.668   671   806 I am_destroy_activity: [0,136431329,18,com.support.android.designlibdemo/.CheeseDetailActivity,finish-imm]
11-25 14:56:48.325   671  1248 I am_finish_activity: [0,831554495,18,com.support.android.designlibdemo/.MainActivity,app-request]
11-25 14:56:48.331   671  1248 I am_home_stack_moved: [0,1,0,0,finishActivity adjustFocus]
11-25 14:56:48.332   671  1248 I wm_task_moved: [1,1,0]
11-25 14:56:48.337   671  1248 I am_home_stack_moved: [0,1,0,0,finishActivity adjustTopFocus setFocusedActivity]
11-25 14:56:48.346   671  1248 I am_focused_activity: [0,com.cyanogenmod.trebuchet/com.android.launcher3.Launcher]
11-25 14:56:48.363   671  1248 I am_pause_activity: [0,831554495,com.support.android.designlibdemo/.MainActivity]
11-25 14:56:48.368  3573  3573 I am_on_paused_called: [0,com.support.android.designlibdemo.MainActivity]
11-25 14:56:48.375   671  1213 I am_resume_activity: [0,337982653,1,com.cyanogenmod.trebuchet/com.android.launcher3.Launcher]
11-25 14:56:48.389  1278  1278 I am_on_resume_called: [0,com.android.launcher3.Launcher]
11-25 14:56:48.676   671   806 I am_destroy_activity: [0,831554495,18,com.support.android.designlibdemo/.MainActivity,finish-imm]
11-25 14:56:48.862   671   812 I wm_task_removed: [18,removeAppToken: last token]
11-25 14:56:48.862   671   812 I wm_task_removed: [18,removeTask]
11-25 14:56:48.874   193   193 I sf_frame_dur: [com.support.android.designlibdemo/com.support.android.designlibdemo.MainActivity,0,2,0,0,1,0,1]
11-25 14:56:51.587   671  1213 I am_home_stack_moved: [0,0,1,1,startingNewTask]
11-25 14:56:51.587   671  1213 I am_create_task: [0,19]
11-25 14:56:51.587   671  1213 I am_create_activity: [0,666276494,19,com.support.android.designlibdemo/.MainActivity,android.intent.action.MAIN,NULL,NULL,270532608]
11-25 14:56:51.588   671  1213 I wm_task_created: [19,1]
11-25 14:56:51.588   671  1213 I wm_task_moved: [19,1,0]
11-25 14:56:51.592   671  1213 I am_pause_activity: [0,337982653,com.cyanogenmod.trebuchet/com.android.launcher3.Launcher]
11-25 14:56:51.595   671  1213 I am_home_stack_moved: [0,0,1,1,startedActivity setFocusedActivity]
11-25 14:56:51.595   671  1213 I am_focused_activity: [0,com.support.android.designlibdemo/.MainActivity]
11-25 14:56:51.613  1278  1278 I am_on_paused_called: [0,com.android.launcher3.Launcher]
11-25 14:56:51.617   671  1212 I am_restart_activity: [0,666276494,19,com.support.android.designlibdemo/.MainActivity]
11-25 14:56:51.665  3573  3573 I am_on_resume_called: [0,com.support.android.designlibdemo.MainActivity]
11-25 14:56:51.805   671   812 I am_activity_launch_time: [0,666276494,com.support.android.designlibdemo/.MainActivity,192,192]
11-25 14:56:52.137   193   193 I sf_frame_dur: [com.cyanogenmod.trebuchet/com.android.launcher3.Launcher,0,0,0,0,1,0,1]
11-25 14:56:54.068   671  1212 I am_home_stack_moved: [0,0,1,1,sourceStackToFront]
11-25 14:56:54.068   671  1212 I wm_task_moved: [19,1,0]
11-25 14:56:54.076   671  1212 I am_create_activity: [0,696921836,19,com.support.android.designlibdemo/.CheeseDetailActivity,NULL,NULL,NULL,0]
11-25 14:56:54.078   671  1212 I am_pause_activity: [0,666276494,com.support.android.designlibdemo/.MainActivity]
11-25 14:56:54.080   671  1212 I am_home_stack_moved: [0,0,1,1,startedActivity setFocusedActivity]
11-25 14:56:54.082   671  1212 I am_focused_activity: [0,com.support.android.designlibdemo/.CheeseDetailActivity]
11-25 14:56:54.085  3573  3573 I am_on_paused_called: [0,com.support.android.designlibdemo.MainActivity]
11-25 14:56:54.086   671  1277 I am_restart_activity: [0,696921836,19,com.support.android.designlibdemo/.CheeseDetailActivity]
11-25 14:56:54.128  3573  3573 I am_on_resume_called: [0,com.support.android.designlibdemo.CheeseDetailActivity]
11-25 14:56:54.179   671   812 I am_activity_launch_time: [0,696921836,com.support.android.designlibdemo/.CheeseDetailActivity,93,93]
11-25 14:56:54.430   193   193 I sf_frame_dur: [com.support.android.designlibdemo/com.support.android.designlibdemo.MainActivity,25,2,0,0,1,0,1]
11-25 14:56:56.441   671   801 I am_finish_activity: [0,696921836,19,com.support.android.designlibdemo/.CheeseDetailActivity,navigate-up]
11-25 14:56:56.443   671   801 I am_home_stack_moved: [0,0,1,1,finishActivity adjustTopFocus setFocusedActivity]
11-25 14:56:56.447   671   801 I am_focused_activity: [0,com.support.android.designlibdemo/.MainActivity]
11-25 14:56:56.448   671   801 I am_pause_activity: [0,696921836,com.support.android.designlibdemo/.CheeseDetailActivity]
11-25 14:56:56.454   671   801 I am_home_stack_moved: [0,0,1,1,sourceStackToFront]
11-25 14:56:56.454   671   801 I wm_task_moved: [19,1,0]
11-25 14:56:56.459   671   801 I am_create_activity: [0,249052066,19,com.support.android.designlibdemo/.MainActivity,android.intent.action.MAIN,NULL,NULL,0]
11-25 14:56:56.460   671   801 I am_home_stack_moved: [0,0,1,1,startedActivity setFocusedActivity]
11-25 14:56:56.462   671   801 I am_focused_activity: [0,com.support.android.designlibdemo/.MainActivity]
11-25 14:56:56.462   671   801 I am_finish_activity: [0,666276494,19,com.support.android.designlibdemo/.MainActivity,navigate-up]
11-25 14:56:56.463   671   801 I am_destroy_activity: [0,666276494,19,com.support.android.designlibdemo/.MainActivity,finish-imm]
11-25 14:56:56.468  3573  3573 I am_on_paused_called: [0,com.support.android.designlibdemo.CheeseDetailActivity]
11-25 14:56:56.469   671  1196 I am_restart_activity: [0,249052066,19,com.support.android.designlibdemo/.MainActivity]
11-25 14:56:56.517  3573  3573 I am_on_resume_called: [0,com.support.android.designlibdemo.MainActivity]
11-25 14:56:56.661   671   812 I am_activity_launch_time: [0,249052066,com.support.android.designlibdemo/.MainActivity,192,192]
11-25 14:56:57.044   671   806 I am_destroy_activity: [0,696921836,19,com.support.android.designlibdemo/.CheeseDetailActivity,finish-imm]
11-25 14:57:04.017   671  1277 I am_home_stack_moved: [0,0,1,1,sourceStackToFront]
11-25 14:57:04.017   671  1277 I wm_task_moved: [19,1,0]
11-25 14:57:04.023   671  1277 I am_create_activity: [0,1009769736,19,com.support.android.designlibdemo/.CheeseDetailActivity,NULL,NULL,NULL,0]
11-25 14:57:04.027   671  1277 I am_pause_activity: [0,249052066,com.support.android.designlibdemo/.MainActivity]
11-25 14:57:04.032   671  1277 I am_home_stack_moved: [0,0,1,1,startedActivity setFocusedActivity]
11-25 14:57:04.034   671  1277 I am_focused_activity: [0,com.support.android.designlibdemo/.CheeseDetailActivity]
11-25 14:57:04.038  3573  3573 I am_on_paused_called: [0,com.support.android.designlibdemo.MainActivity]
11-25 14:57:04.040   671  1249 I am_restart_activity: [0,1009769736,19,com.support.android.designlibdemo/.CheeseDetailActivity]
11-25 14:57:04.078  3573  3573 I am_on_resume_called: [0,com.support.android.designlibdemo.CheeseDetailActivity]
11-25 14:57:04.129   671   812 I am_activity_launch_time: [0,1009769736,com.support.android.designlibdemo/.CheeseDetailActivity,91,91]
11-25 14:57:04.385   193   193 I sf_frame_dur: [com.support.android.designlibdemo/com.support.android.designlibdemo.MainActivity,25,1,2,0,1,1,2]
11-25 14:57:06.374   671  1204 I am_finish_activity: [0,1009769736,19,com.support.android.designlibdemo/.CheeseDetailActivity,navigate-up]
11-25 14:57:06.375   671  1204 I am_home_stack_moved: [0,0,1,1,finishActivity adjustTopFocus setFocusedActivity]
11-25 14:57:06.377   671  1204 I am_focused_activity: [0,com.support.android.designlibdemo/.MainActivity]
11-25 14:57:06.377   671  1204 I am_pause_activity: [0,1009769736,com.support.android.designlibdemo/.CheeseDetailActivity]
11-25 14:57:06.379   671  1204 I am_home_stack_moved: [0,0,1,1,sourceStackToFront]
11-25 14:57:06.379   671  1204 I wm_task_moved: [19,1,0]
11-25 14:57:06.381   671  1204 I am_create_activity: [0,243314846,19,com.support.android.designlibdemo/.MainActivity,android.intent.action.MAIN,NULL,NULL,0]
11-25 14:57:06.381   671  1204 I am_home_stack_moved: [0,0,1,1,startedActivity setFocusedActivity]
11-25 14:57:06.389   671  1204 I am_focused_activity: [0,com.support.android.designlibdemo/.MainActivity]
11-25 14:57:06.390   671  1204 I am_finish_activity: [0,249052066,19,com.support.android.designlibdemo/.MainActivity,navigate-up]
11-25 14:57:06.391   671  1204 I am_destroy_activity: [0,249052066,19,com.support.android.designlibdemo/.MainActivity,finish-imm]
11-25 14:57:06.398  3573  3573 I am_on_paused_called: [0,com.support.android.designlibdemo.CheeseDetailActivity]
11-25 14:57:06.399   671  1071 I am_restart_activity: [0,243314846,19,com.support.android.designlibdemo/.MainActivity]
11-25 14:57:06.441  3573  3573 I am_on_resume_called: [0,com.support.android.designlibdemo.MainActivity]
11-25 14:57:06.585   671   812 I am_activity_launch_time: [0,243314846,com.support.android.designlibdemo/.MainActivity,186,186]
11-25 14:57:06.964   671   806 I am_destroy_activity: [0,1009769736,19,com.support.android.designlibdemo/.CheeseDetailActivity,finish-imm]
11-25 14:57:13.990   671   891 I am_home_stack_moved: [0,0,1,1,sourceStackToFront]
11-25 14:57:13.990   671   891 I wm_task_moved: [19,1,0]
11-25 14:57:13.996   671   891 I am_create_activity: [0,937099236,19,com.support.android.designlibdemo/.CheeseDetailActivity,NULL,NULL,NULL,0]
11-25 14:57:13.998   671   891 I am_pause_activity: [0,243314846,com.support.android.designlibdemo/.MainActivity]
11-25 14:57:14.000   671   891 I am_home_stack_moved: [0,0,1,1,startedActivity setFocusedActivity]
11-25 14:57:14.002   671   891 I am_focused_activity: [0,com.support.android.designlibdemo/.CheeseDetailActivity]
11-25 14:57:14.011  3573  3573 I am_on_paused_called: [0,com.support.android.designlibdemo.MainActivity]
11-25 14:57:14.014   671   801 I am_restart_activity: [0,937099236,19,com.support.android.designlibdemo/.CheeseDetailActivity]
11-25 14:57:14.057  3573  3573 I am_on_resume_called: [0,com.support.android.designlibdemo.CheeseDetailActivity]
11-25 14:57:14.107   671   812 I am_activity_launch_time: [0,937099236,com.support.android.designlibdemo/.CheeseDetailActivity,95,95]
11-25 14:57:14.371   193   193 I sf_frame_dur: [com.support.android.designlibdemo/com.support.android.designlibdemo.MainActivity,31,0,2,0,1,0,2]
11-25 14:57:16.386   671  1248 I am_finish_activity: [0,937099236,19,com.support.android.designlibdemo/.CheeseDetailActivity,navigate-up]
11-25 14:57:16.387   671  1248 I am_home_stack_moved: [0,0,1,1,finishActivity adjustTopFocus setFocusedActivity]
11-25 14:57:16.389   671  1248 I am_focused_activity: [0,com.support.android.designlibdemo/.MainActivity]
11-25 14:57:16.389   671  1248 I am_pause_activity: [0,937099236,com.support.android.designlibdemo/.CheeseDetailActivity]
11-25 14:57:16.391   671  1248 I am_home_stack_moved: [0,0,1,1,sourceStackToFront]
11-25 14:57:16.399   671  1248 I wm_task_moved: [19,1,0]
11-25 14:57:16.401   671  1248 I am_create_activity: [0,133374042,19,com.support.android.designlibdemo/.MainActivity,android.intent.action.MAIN,NULL,NULL,0]
11-25 14:57:16.402   671  1248 I am_home_stack_moved: [0,0,1,1,startedActivity setFocusedActivity]
11-25 14:57:16.403   671  1248 I am_focused_activity: [0,com.support.android.designlibdemo/.MainActivity]
11-25 14:57:16.403   671  1248 I am_finish_activity: [0,243314846,19,com.support.android.designlibdemo/.MainActivity,navigate-up]
11-25 14:57:16.404   671  1248 I am_destroy_activity: [0,243314846,19,com.support.android.designlibdemo/.MainActivity,finish-imm]
11-25 14:57:16.410  3573  3573 I am_on_paused_called: [0,com.support.android.designlibdemo.CheeseDetailActivity]
11-25 14:57:16.414   671   801 I am_restart_activity: [0,133374042,19,com.support.android.designlibdemo/.MainActivity]
11-25 14:57:16.465  3573  3573 I am_on_resume_called: [0,com.support.android.designlibdemo.MainActivity]
11-25 14:57:16.601   671   812 I am_activity_launch_time: [0,133374042,com.support.android.designlibdemo/.MainActivity,189,189]
11-25 14:57:16.984   671   806 I am_destroy_activity: [0,937099236,19,com.support.android.designlibdemo/.CheeseDetailActivity,finish-imm]
11-25 14:57:18.627   671   801 I am_finish_activity: [0,133374042,19,com.support.android.designlibdemo/.MainActivity,app-request]
11-25 14:57:18.635   671   801 I am_home_stack_moved: [0,1,0,0,finishActivity adjustFocus]
11-25 14:57:18.635   671   801 I wm_task_moved: [1,1,0]
11-25 14:57:18.647   671   801 I am_home_stack_moved: [0,1,0,0,finishActivity adjustTopFocus setFocusedActivity]
11-25 14:57:18.667   671   801 I am_focused_activity: [0,com.cyanogenmod.trebuchet/com.android.launcher3.Launcher]
11-25 14:57:18.684   671   801 I am_pause_activity: [0,133374042,com.support.android.designlibdemo/.MainActivity]
11-25 14:57:18.689  3573  3573 I am_on_paused_called: [0,com.support.android.designlibdemo.MainActivity]
11-25 14:57:18.701   671  1249 I am_resume_activity: [0,337982653,1,com.cyanogenmod.trebuchet/com.android.launcher3.Launcher]
11-25 14:57:18.714  1278  1278 I am_on_resume_called: [0,com.android.launcher3.Launcher]
11-25 14:57:19.008   671   806 I am_destroy_activity: [0,133374042,19,com.support.android.designlibdemo/.MainActivity,finish-imm]
11-25 14:57:19.193   671   812 I wm_task_removed: [19,removeAppToken: last token]
11-25 14:57:19.193   671   812 I wm_task_removed: [19,removeTask]
11-25 14:57:19.206   193   193 I sf_frame_dur: [com.support.android.designlibdemo/com.support.android.designlibdemo.MainActivity,0,0,0,0,1,0,1]
11-25 14:57:21.888   671  1249 I am_home_stack_moved: [0,0,1,1,startingNewTask]
11-25 14:57:21.888   671  1249 I am_create_task: [0,20]
11-25 14:57:21.888   671  1249 I am_create_activity: [0,160169077,20,com.support.android.designlibdemo/.MainActivity,android.intent.action.MAIN,NULL,NULL,270532608]
11-25 14:57:21.888   671  1249 I wm_task_created: [20,1]
11-25 14:57:21.888   671  1249 I wm_task_moved: [20,1,0]
11-25 14:57:21.888   671  1249 I am_pause_activity: [0,337982653,com.cyanogenmod.trebuchet/com.android.launcher3.Launcher]
11-25 14:57:21.890   671  1249 I am_home_stack_moved: [0,0,1,1,startedActivity setFocusedActivity]
11-25 14:57:21.891   671  1249 I am_focused_activity: [0,com.support.android.designlibdemo/.MainActivity]
11-25 14:57:21.908  1278  1278 I am_on_paused_called: [0,com.android.launcher3.Launcher]
11-25 14:57:21.911   671   801 I am_restart_activity: [0,160169077,20,com.support.android.designlibdemo/.MainActivity]
11-25 14:57:21.915   671   806 I dvm_lock_sample: [system_server,1,ActivityManager,7,ActivityStackSupervisor.java,3544,ActivityManagerService.java,6460,1]
11-25 14:57:21.963  3573  3573 I am_on_resume_called: [0,com.support.android.designlibdemo.MainActivity]
11-25 14:57:22.060   671   812 I am_activity_launch_time: [0,160169077,com.support.android.designlibdemo/.MainActivity,152,152]
11-25 14:57:22.401   193   193 I sf_frame_dur: [com.cyanogenmod.trebuchet/com.android.launcher3.Launcher,0,0,0,0,1,0,1]
11-25 14:57:24.283   671  1204 I am_home_stack_moved: [0,0,1,1,sourceStackToFront]
11-25 14:57:24.283   671  1204 I wm_task_moved: [20,1,0]
11-25 14:57:24.288   671  1204 I am_create_activity: [0,503710315,20,com.support.android.designlibdemo/.CheeseDetailActivity,NULL,NULL,NULL,0]
11-25 14:57:24.290   671  1204 I am_pause_activity: [0,160169077,com.support.android.designlibdemo/.MainActivity]
11-25 14:57:24.292   671  1204 I am_home_stack_moved: [0,0,1,1,startedActivity setFocusedActivity]
11-25 14:57:24.294   671  1204 I am_focused_activity: [0,com.support.android.designlibdemo/.CheeseDetailActivity]
11-25 14:57:24.300  3573  3573 I am_on_paused_called: [0,com.support.android.designlibdemo.MainActivity]
11-25 14:57:24.302   671  1071 I am_restart_activity: [0,503710315,20,com.support.android.designlibdemo/.CheeseDetailActivity]
11-25 14:57:24.333  3573  3573 I am_on_resume_called: [0,com.support.android.designlibdemo.CheeseDetailActivity]
11-25 14:57:24.389   671   812 I am_activity_launch_time: [0,503710315,com.support.android.designlibdemo/.CheeseDetailActivity,88,88]
11-25 14:57:24.643   193   193 I sf_frame_dur: [com.support.android.designlibdemo/com.support.android.designlibdemo.MainActivity,27,1,0,0,1,0,1]
11-25 14:57:26.649   671  1249 I am_finish_activity: [0,503710315,20,com.support.android.designlibdemo/.CheeseDetailActivity,navigate-up]
11-25 14:57:26.651   671  1249 I am_home_stack_moved: [0,0,1,1,finishActivity adjustTopFocus setFocusedActivity]
11-25 14:57:26.653   671  1249 I am_focused_activity: [0,com.support.android.designlibdemo/.MainActivity]
11-25 14:57:26.654   671  1249 I am_pause_activity: [0,503710315,com.support.android.designlibdemo/.CheeseDetailActivity]
11-25 14:57:26.662   671  1249 I am_home_stack_moved: [0,0,1,1,sourceStackToFront]
11-25 14:57:26.662   671  1249 I wm_task_moved: [20,1,0]
11-25 14:57:26.668   671  1249 I am_create_activity: [0,262737049,20,com.support.android.designlibdemo/.MainActivity,android.intent.action.MAIN,NULL,NULL,0]
11-25 14:57:26.671   671  1249 I am_home_stack_moved: [0,0,1,1,startedActivity setFocusedActivity]
11-25 14:57:26.672   671  1249 I am_focused_activity: [0,com.support.android.designlibdemo/.MainActivity]
11-25 14:57:26.672   671  1249 I am_finish_activity: [0,160169077,20,com.support.android.designlibdemo/.MainActivity,navigate-up]
11-25 14:57:26.673   671  1249 I am_destroy_activity: [0,160169077,20,com.support.android.designlibdemo/.MainActivity,finish-imm]
11-25 14:57:26.679  3573  3573 I am_on_paused_called: [0,com.support.android.designlibdemo.CheeseDetailActivity]
11-25 14:57:26.681   671  1071 I am_restart_activity: [0,262737049,20,com.support.android.designlibdemo/.MainActivity]
11-25 14:57:26.738  3573  3573 I am_on_resume_called: [0,com.support.android.designlibdemo.MainActivity]
11-25 14:57:26.857   671   812 I am_activity_launch_time: [0,262737049,com.support.android.designlibdemo/.MainActivity,178,178]
11-25 14:57:27.238   671   806 I am_destroy_activity: [0,503710315,20,com.support.android.designlibdemo/.CheeseDetailActivity,finish-imm]
11-25 14:57:34.245   671  1212 I am_home_stack_moved: [0,0,1,1,sourceStackToFront]
11-25 14:57:34.245   671  1212 I wm_task_moved: [20,1,0]
11-25 14:57:34.252   671  1212 I am_create_activity: [0,212755255,20,com.support.android.designlibdemo/.CheeseDetailActivity,NULL,NULL,NULL,0]
11-25 14:57:34.261   671  1212 I am_pause_activity: [0,262737049,com.support.android.designlibdemo/.MainActivity]
11-25 14:57:34.264   671  1212 I am_home_stack_moved: [0,0,1,1,startedActivity setFocusedActivity]
11-25 14:57:34.265   671  1212 I am_focused_activity: [0,com.support.android.designlibdemo/.CheeseDetailActivity]
11-25 14:57:34.271  3573  3573 I am_on_paused_called: [0,com.support.android.designlibdemo.MainActivity]
11-25 14:57:34.273   671   891 I am_restart_activity: [0,212755255,20,com.support.android.designlibdemo/.CheeseDetailActivity]
11-25 14:57:34.318  3573  3573 I am_on_resume_called: [0,com.support.android.designlibdemo.CheeseDetailActivity]
11-25 14:57:34.367   671   812 I am_activity_launch_time: [0,212755255,com.support.android.designlibdemo/.CheeseDetailActivity,95,95]
11-25 14:57:34.628   193   193 I sf_frame_dur: [com.support.android.designlibdemo/com.support.android.designlibdemo.MainActivity,29,1,1,0,1,0,2]
11-25 14:57:36.614   671  1249 I am_finish_activity: [0,212755255,20,com.support.android.designlibdemo/.CheeseDetailActivity,navigate-up]
11-25 14:57:36.616   671  1249 I am_home_stack_moved: [0,0,1,1,finishActivity adjustTopFocus setFocusedActivity]
11-25 14:57:36.618   671  1249 I am_focused_activity: [0,com.support.android.designlibdemo/.MainActivity]
11-25 14:57:36.618   671  1249 I am_pause_activity: [0,212755255,com.support.android.designlibdemo/.CheeseDetailActivity]
11-25 14:57:36.625   671  1249 I am_home_stack_moved: [0,0,1,1,sourceStackToFront]
11-25 14:57:36.625   671  1249 I wm_task_moved: [20,1,0]
11-25 14:57:36.634   671  1249 I am_create_activity: [0,631226821,20,com.support.android.designlibdemo/.MainActivity,android.intent.action.MAIN,NULL,NULL,0]
11-25 14:57:36.635   671  1249 I am_home_stack_moved: [0,0,1,1,startedActivity setFocusedActivity]
