11-25 14:55:41.160   203   350 E RILC    : Send Response to RIL_SOCKET_1
11-25 14:55:41.165  1256  1256 D DefaultPhoneNotifier: notifySignalStrength: mRegistry=com.android.internal.telephony.ITelephonyRegistry$Stub$Proxy@3c7bf3cf ss=SignalStrength: 99 0 -120 -160 -120 -1 -1 20 -103 -9 300 2147483647 2147483647 gsm|lte sender=Handler (com.android.internal.telephony.gsm.GSMPhone) {2799bdec}
11-25 14:55:46.277   203   350 I RILC    : RIL_SOCKET_1 UNSOLICITED: UNSOL_SIGNAL_STRENGTH length:60
11-25 14:55:46.277   203   350 E RILC    : Send Response to RIL_SOCKET_1
11-25 14:55:46.277  1256  1256 D DefaultPhoneNotifier: notifySignalStrength: mRegistry=com.android.internal.telephony.ITelephonyRegistry$Stub$Proxy@3c7bf3cf ss=SignalStrength: 99 0 -120 -160 -120 -1 -1 18 -105 -9 300 2147483647 2147483647 gsm|lte sender=Handler (com.android.internal.telephony.gsm.GSMPhone) {2799bdec}
11-25 14:55:47.556   203   350 I RILC    : RIL_SOCKET_1 UNSOLICITED: UNSOL_SIGNAL_STRENGTH length:60
11-25 14:55:47.557   203   350 E RILC    : Send Response to RIL_SOCKET_1
11-25 14:55:47.557  1256  1256 D DefaultPhoneNotifier: notifySignalStrength: mRegistry=com.android.internal.telephony.ITelephonyRegistry$Stub$Proxy@3c7bf3cf ss=SignalStrength: 99 0 -120 -160 -120 -1 -1 20 -101 -6 300 2147483647 2147483647 gsm|lte sender=Handler (com.android.internal.telephony.gsm.GSMPhone) {2799bdec}
11-25 14:55:51.391   203   350 I RILC    : RIL_SOCKET_1 UNSOLICITED: UNSOL_SIGNAL_STRENGTH length:60
11-25 14:55:51.391   203   350 E RILC    : Send Response to RIL_SOCKET_1
11-25 14:55:51.392  1256  1256 D DefaultPhoneNotifier: notifySignalStrength: mRegistry=com.android.internal.telephony.ITelephonyRegistry$Stub$Proxy@3c7bf3cf ss=SignalStrength: 99 0 -120 -160 -120 -1 -1 20 -105 -9 300 2147483647 2147483647 gsm|lte sender=Handler (com.android.internal.telephony.gsm.GSMPhone) {2799bdec}
11-25 14:55:56.511   203   350 I RILC    : RIL_SOCKET_1 UNSOLICITED: UNSOL_SIGNAL_STRENGTH length:60
11-25 14:55:56.511   203   350 E RILC    : Send Response to RIL_SOCKET_1
11-25 14:55:56.512  1256  1256 D DefaultPhoneNotifier: notifySignalStrength: mRegistry=com.android.internal.telephony.ITelephonyRegistry$Stub$Proxy@3c7bf3cf ss=SignalStrength: 99 0 -120 -160 -120 -1 -1 19 -104 -8 300 2147483647 2147483647 gsm|lte sender=Handler (com.android.internal.telephony.gsm.GSMPhone) {2799bdec}
11-25 14:56:01.640   203   350 I RILC    : RIL_SOCKET_1 UNSOLICITED: UNSOL_SIGNAL_STRENGTH length:60
11-25 14:56:01.640   203   350 E RILC    : Send Response to RIL_SOCKET_1
11-25 14:56:01.643  1256  1256 D DefaultPhoneNotifier: notifySignalStrength: mRegistry=com.android.internal.telephony.ITelephonyRegistry$Stub$Proxy@3c7bf3cf ss=SignalStrength: 99 0 -120 -160 -120 -1 -1 19 -102 -6 300 2147483647 2147483647 gsm|lte sender=Handler (com.android.internal.telephony.gsm.GSMPhone) {2799bdec}
11-25 14:56:04.197   203   350 I RILC    : RIL_SOCKET_1 UNSOLICITED: UNSOL_SIGNAL_STRENGTH length:60
11-25 14:56:04.197   203   350 E RILC    : Send Response to RIL_SOCKET_1
11-25 14:56:04.197  1256  1256 D DefaultPhoneNotifier: notifySignalStrength: mRegistry=com.android.internal.telephony.ITelephonyRegistry$Stub$Proxy@3c7bf3cf ss=SignalStrength: 99 0 -120 -160 -120 -1 -1 20 -105 -8 300 2147483647 2147483647 gsm|lte sender=Handler (com.android.internal.telephony.gsm.GSMPhone) {2799bdec}
11-25 14:56:09.309   203   350 I RILC    : RIL_SOCKET_1 UNSOLICITED: UNSOL_SIGNAL_STRENGTH length:60
11-25 14:56:09.309   203   350 E RILC    : Send Response to RIL_SOCKET_1
11-25 14:56:09.310  1256  1256 D DefaultPhoneNotifier: notifySignalStrength: mRegistry=com.android.internal.telephony.ITelephonyRegistry$Stub$Proxy@3c7bf3cf ss=SignalStrength: 99 0 -120 -160 -120 -1 -1 21 -104 -13 300 2147483647 2147483647 gsm|lte sender=Handler (com.android.internal.telephony.gsm.GSMPhone) {2799bdec}
11-25 14:56:11.880   203   350 I RILC    : RIL_SOCKET_1 UNSOLICITED: UNSOL_SIGNAL_STRENGTH length:60
11-25 14:56:11.880   203   350 E RILC    : Send Response to RIL_SOCKET_1
11-25 14:56:11.883  1256  1256 D DefaultPhoneNotifier: notifySignalStrength: mRegistry=com.android.internal.telephony.ITelephonyRegistry$Stub$Proxy@3c7bf3cf ss=SignalStrength: 99 0 -120 -160 -120 -1 -1 18 -103 -6 300 2147483647 2147483647 gsm|lte sender=Handler (com.android.internal.telephony.gsm.GSMPhone) {2799bdec}
11-25 14:56:14.437   203   350 I RILC    : RIL_SOCKET_1 UNSOLICITED: UNSOL_SIGNAL_STRENGTH length:60
11-25 14:56:14.437   203   350 E RILC    : Send Response to RIL_SOCKET_1
11-25 14:56:14.438  1256  1256 D DefaultPhoneNotifier: notifySignalStrength: mRegistry=com.android.internal.telephony.ITelephonyRegistry$Stub$Proxy@3c7bf3cf ss=SignalStrength: 99 0 -120 -160 -120 -1 -1 21 -101 -11 300 2147483647 2147483647 gsm|lte sender=Handler (com.android.internal.telephony.gsm.GSMPhone) {2799bdec}
11-25 14:56:18.280   203   350 I RILC    : RIL_SOCKET_1 UNSOLICITED: UNSOL_SIGNAL_STRENGTH length:60
11-25 14:56:18.280   203   350 E RILC    : Send Response to RIL_SOCKET_1
11-25 14:56:18.281  1256  1256 D DefaultPhoneNotifier: notifySignalStrength: mRegistry=com.android.internal.telephony.ITelephonyRegistry$Stub$Proxy@3c7bf3cf ss=SignalStrength: 99 0 -120 -160 -120 -1 -1 21 -101 -11 300 2147483647 2147483647 gsm|lte sender=Handler (com.android.internal.telephony.gsm.GSMPhone) {2799bdec}
11-25 14:56:24.674   203   350 I RILC    : RIL_SOCKET_1 UNSOLICITED: UNSOL_SIGNAL_STRENGTH length:60
11-25 14:56:24.674   203   350 E RILC    : Send Response to RIL_SOCKET_1
11-25 14:56:24.675  1256  1256 D DefaultPhoneNotifier: notifySignalStrength: mRegistry=com.android.internal.telephony.ITelephonyRegistry$Stub$Proxy@3c7bf3cf ss=SignalStrength: 99 0 -120 -160 -120 -1 -1 20 -103 -9 300 2147483647 2147483647 gsm|lte sender=Handler (com.android.internal.telephony.gsm.GSMPhone) {2799bdec}
11-25 14:56:27.237   203   350 I RILC    : RIL_SOCKET_1 UNSOLICITED: UNSOL_SIGNAL_STRENGTH length:60
11-25 14:56:27.237   203   350 E RILC    : Send Response to RIL_SOCKET_1
11-25 14:56:27.237  1256  1256 D DefaultPhoneNotifier: notifySignalStrength: mRegistry=com.android.internal.telephony.ITelephonyRegistry$Stub$Proxy@3c7bf3cf ss=SignalStrength: 99 0 -120 -160 -120 -1 -1 18 -105 -7 300 2147483647 2147483647 gsm|lte sender=Handler (com.android.internal.telephony.gsm.GSMPhone) {2799bdec}
11-25 14:56:32.360   203   350 I RILC    : RIL_SOCKET_1 UNSOLICITED: UNSOL_SIGNAL_STRENGTH length:60
11-25 14:56:32.360   203   350 E RILC    : Send Response to RIL_SOCKET_1
11-25 14:56:32.364  1256  1256 D DefaultPhoneNotifier: notifySignalStrength: mRegistry=com.android.internal.telephony.ITelephonyRegistry$Stub$Proxy@3c7bf3cf ss=SignalStrength: 99 0 -120 -160 -120 -1 -1 20 -99 -7 300 2147483647 2147483647 gsm|lte sender=Handler (com.android.internal.telephony.gsm.GSMPhone) {2799bdec}
11-25 14:56:34.917   203   350 I RILC    : RIL_SOCKET_1 UNSOLICITED: UNSOL_SIGNAL_STRENGTH length:60
11-25 14:56:34.917   203   350 E RILC    : Send Response to RIL_SOCKET_1
11-25 14:56:34.918  1256  1256 D DefaultPhoneNotifier: notifySignalStrength: mRegistry=com.android.internal.telephony.ITelephonyRegistry$Stub$Proxy@3c7bf3cf ss=SignalStrength: 99 0 -120 -160 -120 -1 -1 20 -101 -8 300 2147483647 2147483647 gsm|lte sender=Handler (com.android.internal.telephony.gsm.GSMPhone) {2799bdec}
11-25 14:56:37.477   203   350 I RILC    : RIL_SOCKET_1 UNSOLICITED: UNSOL_SIGNAL_STRENGTH length:60
11-25 14:56:37.477   203   350 E RILC    : Send Response to RIL_SOCKET_1
11-25 14:56:37.478  1256  1256 D DefaultPhoneNotifier: notifySignalStrength: mRegistry=com.android.internal.telephony.ITelephonyRegistry$Stub$Proxy@3c7bf3cf ss=SignalStrength: 99 0 -120 -160 -120 -1 -1 19 -100 -5 300 2147483647 2147483647 gsm|lte sender=Handler (com.android.internal.telephony.gsm.GSMPhone) {2799bdec}
11-25 14:56:42.600   203   350 I RILC    : RIL_SOCKET_1 UNSOLICITED: UNSOL_SIGNAL_STRENGTH length:60
11-25 14:56:42.600   203   350 E RILC    : Send Response to RIL_SOCKET_1
11-25 14:56:42.605  1256  1256 D DefaultPhoneNotifier: notifySignalStrength: mRegistry=com.android.internal.telephony.ITelephonyRegistry$Stub$Proxy@3c7bf3cf ss=SignalStrength: 99 0 -120 -160 -120 -1 -1 20 -100 -8 300 2147483647 2147483647 gsm|lte sender=Handler (com.android.internal.telephony.gsm.GSMPhone) {2799bdec}
11-25 14:56:47.716   203   350 I RILC    : RIL_SOCKET_1 UNSOLICITED: UNSOL_SIGNAL_STRENGTH length:60
11-25 14:56:47.716   203   350 E RILC    : Send Response to RIL_SOCKET_1
11-25 14:56:47.717  1256  1256 D DefaultPhoneNotifier: notifySignalStrength: mRegistry=com.android.internal.telephony.ITelephonyRegistry$Stub$Proxy@3c7bf3cf ss=SignalStrength: 99 0 -120 -160 -120 -1 -1 21 -101 -9 300 2147483647 2147483647 gsm|lte sender=Handler (com.android.internal.telephony.gsm.GSMPhone) {2799bdec}
11-25 14:56:50.277   203   350 I RILC    : RIL_SOCKET_1 UNSOLICITED: UNSOL_SIGNAL_STRENGTH length:60
11-25 14:56:50.277   203   350 E RILC    : Send Response to RIL_SOCKET_1
11-25 14:56:50.278  1256  1256 D DefaultPhoneNotifier: notifySignalStrength: mRegistry=com.android.internal.telephony.ITelephonyRegistry$Stub$Proxy@3c7bf3cf ss=SignalStrength: 99 0 -120 -160 -120 -1 -1 21 -101 -10 300 2147483647 2147483647 gsm|lte sender=Handler (com.android.internal.telephony.gsm.GSMPhone) {2799bdec}
11-25 14:56:55.394   203   350 I RILC    : RIL_SOCKET_1 UNSOLICITED: UNSOL_SIGNAL_STRENGTH length:60
11-25 14:56:55.394   203   350 E RILC    : Send Response to RIL_SOCKET_1
11-25 14:56:55.394  1256  1256 D DefaultPhoneNotifier: notifySignalStrength: mRegistry=com.android.internal.telephony.ITelephonyRegistry$Stub$Proxy@3c7bf3cf ss=SignalStrength: 99 0 -120 -160 -120 -1 -1 19 -103 -6 300 2147483647 2147483647 gsm|lte sender=Handler (com.android.internal.telephony.gsm.GSMPhone) {2799bdec}
11-25 14:56:56.671   203   350 I RILC    : RIL_SOCKET_1 UNSOLICITED: UNSOL_SIGNAL_STRENGTH length:60
11-25 14:56:56.672   203   350 E RILC    : Send Response to RIL_SOCKET_1
11-25 14:56:56.672  1256  1256 D DefaultPhoneNotifier: notifySignalStrength: mRegistry=com.android.internal.telephony.ITelephonyRegistry$Stub$Proxy@3c7bf3cf ss=SignalStrength: 99 0 -120 -160 -120 -1 -1 19 -102 -6 300 2147483647 2147483647 gsm|lte sender=Handler (com.android.internal.telephony.gsm.GSMPhone) {2799bdec}
11-25 14:57:00.521   203   350 I RILC    : RIL_SOCKET_1 UNSOLICITED: UNSOL_SIGNAL_STRENGTH length:60
11-25 14:57:00.521   203   350 E RILC    : Send Response to RIL_SOCKET_1
11-25 14:57:00.526  1256  1256 D DefaultPhoneNotifier: notifySignalStrength: mRegistry=com.android.internal.telephony.ITelephonyRegistry$Stub$Proxy@3c7bf3cf ss=SignalStrength: 99 0 -120 -160 -120 -1 -1 19 -103 -8 300 2147483647 2147483647 gsm|lte sender=Handler (com.android.internal.telephony.gsm.GSMPhone) {2799bdec}
11-25 14:57:04.352   203   350 I RILC    : RIL_SOCKET_1 UNSOLICITED: UNSOL_SIGNAL_STRENGTH length:60
11-25 14:57:04.352   203   350 E RILC    : Send Response to RIL_SOCKET_1
11-25 14:57:04.352  1256  1256 D DefaultPhoneNotifier: notifySignalStrength: mRegistry=com.android.internal.telephony.ITelephonyRegistry$Stub$Proxy@3c7bf3cf ss=SignalStrength: 99 0 -120 -160 -120 -1 -1 19 -102 -5 300 2147483647 2147483647 gsm|lte sender=Handler (com.android.internal.telephony.gsm.GSMPhone) {2799bdec}
11-25 14:57:08.197   203   350 I RILC    : RIL_SOCKET_1 UNSOLICITED: UNSOL_SIGNAL_STRENGTH length:60
11-25 14:57:08.197   203   350 E RILC    : Send Response to RIL_SOCKET_1
11-25 14:57:08.197  1256  1256 D DefaultPhoneNotifier: notifySignalStrength: mRegistry=com.android.internal.telephony.ITelephonyRegistry$Stub$Proxy@3c7bf3cf ss=SignalStrength: 99 0 -120 -160 -120 -1 -1 18 -103 -6 300 2147483647 2147483647 gsm|lte sender=Handler (com.android.internal.telephony.gsm.GSMPhone) {2799bdec}
11-25 14:57:12.041   203   350 I RILC    : RIL_SOCKET_1 UNSOLICITED: UNSOL_SIGNAL_STRENGTH length:60
11-25 14:57:12.041   203   350 E RILC    : Send Response to RIL_SOCKET_1
11-25 14:57:12.045  1256  1256 D DefaultPhoneNotifier: notifySignalStrength: mRegistry=com.android.internal.telephony.ITelephonyRegistry$Stub$Proxy@3c7bf3cf ss=SignalStrength: 99 0 -120 -160 -120 -1 -1 19 -104 -8 300 2147483647 2147483647 gsm|lte sender=Handler (com.android.internal.telephony.gsm.GSMPhone) {2799bdec}
11-25 14:57:15.877   203   350 I RILC    : RIL_SOCKET_1 UNSOLICITED: UNSOL_SIGNAL_STRENGTH length:60
11-25 14:57:15.877   203   350 E RILC    : Send Response to RIL_SOCKET_1
11-25 14:57:15.878  1256  1256 D DefaultPhoneNotifier: notifySignalStrength: mRegistry=com.android.internal.telephony.ITelephonyRegistry$Stub$Proxy@3c7bf3cf ss=SignalStrength: 99 0 -120 -160 -120 -1 -1 19 -104 -7 300 2147483647 2147483647 gsm|lte sender=Handler (com.android.internal.telephony.gsm.GSMPhone) {2799bdec}
11-25 14:57:19.712   203   350 I RILC    : RIL_SOCKET_1 UNSOLICITED: UNSOL_SIGNAL_STRENGTH length:60
11-25 14:57:19.712   203   350 E RILC    : Send Response to RIL_SOCKET_1
11-25 14:57:19.712  1256  1256 D DefaultPhoneNotifier: notifySignalStrength: mRegistry=com.android.internal.telephony.ITelephonyRegistry$Stub$Proxy@3c7bf3cf ss=SignalStrength: 99 0 -120 -160 -120 -1 -1 19 -104 -8 300 2147483647 2147483647 gsm|lte sender=Handler (com.android.internal.telephony.gsm.GSMPhone) {2799bdec}
11-25 14:57:23.556   203   350 I RILC    : RIL_SOCKET_1 UNSOLICITED: UNSOL_SIGNAL_STRENGTH length:60
11-25 14:57:23.556   203   350 E RILC    : Send Response to RIL_SOCKET_1
11-25 14:57:23.557  1256  1256 D DefaultPhoneNotifier: notifySignalStrength: mRegistry=com.android.internal.telephony.ITelephonyRegistry$Stub$Proxy@3c7bf3cf ss=SignalStrength: 99 0 -120 -160 -120 -1 -1 19 -103 -9 300 2147483647 2147483647 gsm|lte sender=Handler (com.android.internal.telephony.gsm.GSMPhone) {2799bdec}
11-25 14:57:27.396   203   350 I RILC    : RIL_SOCKET_1 UNSOLICITED: UNSOL_SIGNAL_STRENGTH length:60
11-25 14:57:27.396   203   350 E RILC    : Send Response to RIL_SOCKET_1
11-25 14:57:27.397  1256  1256 D DefaultPhoneNotifier: notifySignalStrength: mRegistry=com.android.internal.telephony.ITelephonyRegistry$Stub$Proxy@3c7bf3cf ss=SignalStrength: 99 0 -120 -160 -120 -1 -1 19 -104 -10 300 2147483647 2147483647 gsm|lte sender=Handler (com.android.internal.telephony.gsm.GSMPhone) {2799bdec}
11-25 14:57:31.241   203   350 I RILC    : RIL_SOCKET_1 UNSOLICITED: UNSOL_SIGNAL_STRENGTH length:60
11-25 14:57:31.241   203   350 E RILC    : Send Response to RIL_SOCKET_1
11-25 14:57:31.245  1256  1256 D DefaultPhoneNotifier: notifySignalStrength: mRegistry=com.android.internal.telephony.ITelephonyRegistry$Stub$Proxy@3c7bf3cf ss=SignalStrength: 99 0 -120 -160 -120 -1 -1 19 -103 -7 300 2147483647 2147483647 gsm|lte sender=Handler (com.android.internal.telephony.gsm.GSMPhone) {2799bdec}
11-25 14:57:35.076   203   350 I RILC    : RIL_SOCKET_1 UNSOLICITED: UNSOL_SIGNAL_STRENGTH length:60
11-25 14:57:35.076   203   350 E RILC    : Send Response to RIL_SOCKET_1
11-25 14:57:35.077  1256  1256 D DefaultPhoneNotifier: notifySignalStrength: mRegistry=com.android.internal.telephony.ITelephonyRegistry$Stub$Proxy@3c7bf3cf ss=SignalStrength: 99 0 -120 -160 -120 -1 -1 19 -103 -6 300 2147483647 2147483647 gsm|lte sender=Handler (com.android.internal.telephony.gsm.GSMPhone) {2799bdec}
11-25 14:57:38.912   203   350 I RILC    : RIL_SOCKET_1 UNSOLICITED: UNSOL_SIGNAL_STRENGTH length:60
11-25 14:57:38.912   203   350 E RILC    : Send Response to RIL_SOCKET_1
11-25 14:57:38.913  1256  1256 D DefaultPhoneNotifier: notifySignalStrength: mRegistry=com.android.internal.telephony.ITelephonyRegistry$Stub$Proxy@3c7bf3cf ss=SignalStrength: 99 0 -120 -160 -120 -1 -1 19 -104 -9 300 2147483647 2147483647 gsm|lte sender=Handler (com.android.internal.telephony.gsm.GSMPhone) {2799bdec}
11-25 14:57:42.760   203   350 I RILC    : RIL_SOCKET_1 UNSOLICITED: UNSOL_SIGNAL_STRENGTH length:60
11-25 14:57:42.760   203   350 E RILC    : Send Response to RIL_SOCKET_1
11-25 14:57:42.764  1256  1256 D DefaultPhoneNotifier: notifySignalStrength: mRegistry=com.android.internal.telephony.ITelephonyRegistry$Stub$Proxy@3c7bf3cf ss=SignalStrength: 99 0 -120 -160 -120 -1 -1 19 -103 -6 300 2147483647 2147483647 gsm|lte sender=Handler (com.android.internal.telephony.gsm.GSMPhone) {2799bdec}
11-25 14:57:46.598   203   350 I RILC    : RIL_SOCKET_1 UNSOLICITED: UNSOL_SIGNAL_STRENGTH length:60
11-25 14:57:46.598   203   350 E RILC    : Send Response to RIL_SOCKET_1
11-25 14:57:46.598  1256  1256 D DefaultPhoneNotifier: notifySignalStrength: mRegistry=com.android.internal.telephony.ITelephonyRegistry$Stub$Proxy@3c7bf3cf ss=SignalStrength: 99 0 -120 -160 -120 -1 -1 19 -101 -8 300 2147483647 2147483647 gsm|lte sender=Handler (com.android.internal.telephony.gsm.GSMPhone) {2799bdec}
11-25 14:57:50.431   203   350 I RILC    : RIL_SOCKET_1 UNSOLICITED: UNSOL_SIGNAL_STRENGTH length:60
11-25 14:57:50.431   203   350 E RILC    : Send Response to RIL_SOCKET_1
11-25 14:57:50.432  1256  1256 D DefaultPhoneNotifier: notifySignalStrength: mRegistry=com.android.internal.telephony.ITelephonyRegistry$Stub$Proxy@3c7bf3cf ss=SignalStrength: 99 0 -120 -160 -120 -1 -1 18 -103 -6 300 2147483647 2147483647 gsm|lte sender=Handler (com.android.internal.telephony.gsm.GSMPhone) {2799bdec}
11-25 14:57:54.280   203   350 I RILC    : RIL_SOCKET_1 UNSOLICITED: UNSOL_SIGNAL_STRENGTH length:60
11-25 14:57:54.281   203   350 E RILC    : Send Response to RIL_SOCKET_1
11-25 14:57:54.283  1256  1256 D DefaultPhoneNotifier: notifySignalStrength: mRegistry=com.android.internal.telephony.ITelephonyRegistry$Stub$Proxy@3c7bf3cf ss=SignalStrength: 99 0 -120 -160 -120 -1 -1 19 -103 -8 300 2147483647 2147483647 gsm|lte sender=Handler (com.android.internal.telephony.gsm.GSMPhone) {2799bdec}
11-25 14:57:58.116   203   350 I RILC    : RIL_SOCKET_1 UNSOLICITED: UNSOL_SIGNAL_STRENGTH length:60
11-25 14:57:58.116   203   350 E RILC    : Send Response to RIL_SOCKET_1
11-25 14:57:58.117  1256  1256 D DefaultPhoneNotifier: notifySignalStrength: mRegistry=com.android.internal.telephony.ITelephonyRegistry$Stub$Proxy@3c7bf3cf ss=SignalStrength: 99 0 -120 -160 -120 -1 -1 18 -102 -6 300 2147483647 2147483647 gsm|lte sender=Handler (com.android.internal.telephony.gsm.GSMPhone) {2799bdec}
11-25 14:58:01.961   203   350 I RILC    : RIL_SOCKET_1 UNSOLICITED: UNSOL_SIGNAL_STRENGTH length:60
11-25 14:58:01.961   203   350 E RILC    : Send Response to RIL_SOCKET_1
11-25 14:58:01.966  1256  1256 D DefaultPhoneNotifier: notifySignalStrength: mRegistry=com.android.internal.telephony.ITelephonyRegistry$Stub$Proxy@3c7bf3cf ss=SignalStrength: 99 0 -120 -160 -120 -1 -1 18 -101 -5 300 2147483647 2147483647 gsm|lte sender=Handler (com.android.internal.telephony.gsm.GSMPhone) {2799bdec}
11-25 14:58:04.511   203   350 I RILC    : RIL_SOCKET_1 UNSOLICITED: UNSOL_SIGNAL_STRENGTH length:60
11-25 14:58:04.511   203   350 E RILC    : Send Response to RIL_SOCKET_1
11-25 14:58:04.511  1256  1256 D DefaultPhoneNotifier: notifySignalStrength: mRegistry=com.android.internal.telephony.ITelephonyRegistry$Stub$Proxy@3c7bf3cf ss=SignalStrength: 99 0 -120 -160 -120 -1 -1 18 -102 -6 300 2147483647 2147483647 gsm|lte sender=Handler (com.android.internal.telephony.gsm.GSMPhone) {2799bdec}
11-25 14:58:09.637   203   350 I RILC    : RIL_SOCKET_1 UNSOLICITED: UNSOL_SIGNAL_STRENGTH length:60
11-25 14:58:09.637   203   350 E RILC    : Send Response to RIL_SOCKET_1
11-25 14:58:09.637  1256  1256 D DefaultPhoneNotifier: notifySignalStrength: mRegistry=com.android.internal.telephony.ITelephonyRegistry$Stub$Proxy@3c7bf3cf ss=SignalStrength: 99 0 -120 -160 -120 -1 -1 18 -102 -6 300 2147483647 2147483647 gsm|lte sender=Handler (com.android.internal.telephony.gsm.GSMPhone) {2799bdec}
11-25 14:58:13.476   203   350 I RILC    : RIL_SOCKET_1 UNSOLICITED: UNSOL_SIGNAL_STRENGTH length:60
11-25 14:58:13.476   203   350 E RILC    : Send Response to RIL_SOCKET_1
11-25 14:58:13.478  1256  1256 D DefaultPhoneNotifier: notifySignalStrength: mRegistry=com.android.internal.telephony.ITelephonyRegistry$Stub$Proxy@3c7bf3cf ss=SignalStrength: 99 0 -120 -160 -120 -1 -1 18 -102 -6 300 2147483647 2147483647 gsm|lte sender=Handler (com.android.internal.telephony.gsm.GSMPhone) {2799bdec}
11-25 14:58:17.317   203   350 I RILC    : RIL_SOCKET_1 UNSOLICITED: UNSOL_SIGNAL_STRENGTH length:60
11-25 14:58:17.317   203   350 E RILC    : Send Response to RIL_SOCKET_1
11-25 14:58:17.318  1256  1256 D DefaultPhoneNotifier: notifySignalStrength: mRegistry=com.android.internal.telephony.ITelephonyRegistry$Stub$Proxy@3c7bf3cf ss=SignalStrength: 99 0 -120 -160 -120 -1 -1 20 -100 -6 300 2147483647 2147483647 gsm|lte sender=Handler (com.android.internal.telephony.gsm.GSMPhone) {2799bdec}
11-25 14:58:20.384   203   350 I RILC    : RIL_SOCKET_1 UNSOLICITED: UNSOL_SIGNAL_STRENGTH length:60
11-25 14:58:20.384   203   350 E RILC    : Send Response to RIL_SOCKET_1
11-25 14:58:20.384  1256  1256 D DefaultPhoneNotifier: notifySignalStrength: mRegistry=com.android.internal.telephony.ITelephonyRegistry$Stub$Proxy@3c7bf3cf ss=SignalStrength: 99 0 -120 -160 -120 -1 -1 18 -103 -6 300 2147483647 2147483647 gsm|lte sender=Handler (com.android.internal.telephony.gsm.GSMPhone) {2799bdec}
11-25 14:58:20.385   203   350 I RILQ    : (0/203):RIL[0][event] qcril_arb_set_data_sys_status: recvd data_sys_status nw=0x0, rat_mask=0x8000, so_mask=0x0
11-25 14:58:20.385   203   350 I RILQ    : (0/203):RIL[0][event] qcril_arb_set_data_sys_status: recvd data_sys_status nw=0x1, rat_mask=0x0, so_mask=0x0
11-25 14:58:20.386   203   350 I RILQ    : (0/203):RIL[0][event] qcril_qmi_nas_update_data_rte: completed, new drte 5 with confidence 1
11-25 14:58:20.386   203   350 I RILC    : RIL_SOCKET_1 UNSOLICITED: UNSOL_RESPONSE_VOICE_NETWORK_STATE_CHANGED length:8
11-25 14:58:20.386   203   350 E RILC    : Send Response to RIL_SOCKET_1
11-25 14:58:20.386  1256  1460 D RILJ    : [UNSL]< UNSOL_RESPONSE_VOICE_NETWORK_STATE_CHANGED [SUB0]
11-25 14:58:20.387  1256  1256 D RILJ    : [4208]> OPERATOR [SUB0]
11-25 14:58:20.387   203   350 I RILC    : RIL_SOCKET_1 UNSOLICITED: UNSOL_SIGNAL_STRENGTH length:60
11-25 14:58:20.387   203   350 E RILC    : Send Response to RIL_SOCKET_1
11-25 14:58:20.387  1256  1256 D RILJ    : [4209]> DATA_REGISTRATION_STATE [SUB0]
11-25 14:58:20.388  1256  1256 D RILJ    : [4210]> VOICE_REGISTRATION_STATE [SUB0]
11-25 14:58:20.389  1256  1256 D RILJ    : [4211]> QUERY_NETWORK_SELECTION_MODE [SUB0]
11-25 14:58:20.389  1256  1256 D DefaultPhoneNotifier: notifySignalStrength: mRegistry=com.android.internal.telephony.ITelephonyRegistry$Stub$Proxy@3c7bf3cf ss=SignalStrength: 99 0 -120 -160 -120 -1 -1 18 -103 -6 300 2147483647 2147483647 gsm|lte sender=Handler (com.android.internal.telephony.gsm.GSMPhone) {2799bdec}
11-25 14:58:20.391   203  8799 D RILC    : RequestComplete, RIL_SOCKET_1
11-25 14:58:20.391   203  8799 E RILC    : Send Response to RIL_SOCKET_1
11-25 14:58:20.391  1256  1460 D RILJ    : [4210]< VOICE_REGISTRATION_STATE {1, 101d, 002cb31f, 14, null, null, null, 0, null, null, 1, null, null, 0, null} [SUB0]
11-25 14:58:20.391  1256  1256 D PHONE   : [ServiceState] setVoiceRegState=0
11-25 14:58:20.391  1256  1256 E PHONE   : [ServiceState] setState deprecated use setVoiceRegState()
11-25 14:58:20.392   203  8798 D RILC    : RequestComplete, RIL_SOCKET_1
11-25 14:58:20.392   203  8798 E RILC    : Send Response to RIL_SOCKET_1
11-25 14:58:20.393  1256  1460 D RILJ    : [4209]< DATA_REGISTRATION_STATE {1, null, 002cb31f, 14, null, 20, 4125, 446, 2929439, null, null} [SUB0]
11-25 14:58:20.393  1256  1256 D PHONE   : [ServiceState] setDataRegState=0
11-25 14:58:20.393  1256  1256 D PHONE   : [ServiceState] setDataRadioTechnology=14
11-25 14:58:20.393  1256  1256 D GsmSST  : [GsmSST] handlPollStateResultMessage: GsmSST setDataRegState=0 regState=1 dataRadioTechnology=14
11-25 14:58:20.394   203  8797 D RILC    : RequestComplete, RIL_SOCKET_1
11-25 14:58:20.394   203  8797 E RILC    : Send Response to RIL_SOCKET_1
11-25 14:58:20.394  1256  1460 D RILJ    : [4208]< OPERATOR {中国联通, 中国联通, 46001} [SUB0]
11-25 14:58:20.394  1256  1256 D GsmSST  : [GsmSST] EVENT_POLL_STATE_OPERATOR: use value from ril
11-25 14:58:20.394  1256  1256 D GsmSST  : [GsmSST] EVENT_POLL_STATE_OPERATOR: 中国联通
11-25 14:58:20.395   203  8800 D RILC    : RequestComplete, RIL_SOCKET_1
11-25 14:58:20.395   203  8800 E RILC    : Send Response to RIL_SOCKET_1
11-25 14:58:20.395  1256  1460 D RILJ    : [4211]< QUERY_NETWORK_SELECTION_MODE {0} [SUB0]
11-25 14:58:20.395  1256  1256 D GsmSST  : [GsmSST] Poll ServiceState done:  oldSS=[0 0 voice home data home 中国联通 中国联通 46001 中国联通 中国联通 46001  LTE LTE CSS not supported -1 -1 RoamInd=-1 DefRoamInd=-1 EmergOnly=false] newSS=[0 0 voice home data home 中国联通 中国联通 46001 中国联通 中国联通 46001  LTE LTE CSS not supported -1 -1 RoamInd=-1 DefRoamInd=-1 EmergOnly=false] oldMaxDataCalls=20 mNewMaxDataCalls=20 oldReasonDataDenied=-1 mNewReasonDataDenied=-1
11-25 14:58:20.395  1256  1256 D PHONE   : [ServiceState] setNullState=1
11-25 14:58:20.690   203   636 I RILQ    : (0/203):RIL[0][qmi_cb] qcril_qmi_nas_update_data_rte: completed, new drte 5 with confidence 1
11-25 14:58:20.691   203   636 I RILC    : RIL_SOCKET_1 UNSOLICITED: UNSOL_RESPONSE_VOICE_NETWORK_STATE_CHANGED length:8
11-25 14:58:20.691   203   636 E RILC    : Send Response to RIL_SOCKET_1
11-25 14:58:20.692  1256  1460 D RILJ    : [UNSL]< UNSOL_RESPONSE_VOICE_NETWORK_STATE_CHANGED [SUB0]
11-25 14:58:20.692  1256  1256 D RILJ    : [4212]> OPERATOR [SUB0]
11-25 14:58:20.692  1256  1256 D RILJ    : [4213]> DATA_REGISTRATION_STATE [SUB0]
11-25 14:58:20.692  1256  1256 D RILJ    : [4214]> VOICE_REGISTRATION_STATE [SUB0]
11-25 14:58:20.693  1256  1256 D RILJ    : [4215]> QUERY_NETWORK_SELECTION_MODE [SUB0]
11-25 14:58:20.695   203  8804 D RILC    : RequestComplete, RIL_SOCKET_1
11-25 14:58:20.695   203  8804 E RILC    : Send Response to RIL_SOCKET_1
11-25 14:58:20.696  1256  1460 D RILJ    : [4214]< VOICE_REGISTRATION_STATE {1, 101d, 004a176f, 14, null, null, null, 0, null, null, 1, null, null, 0, null} [SUB0]
11-25 14:58:20.696  1256  1256 D PHONE   : [ServiceState] setVoiceRegState=0
11-25 14:58:20.696  1256  1256 E PHONE   : [ServiceState] setState deprecated use setVoiceRegState()
11-25 14:58:20.697   203  8802 D RILC    : RequestComplete, RIL_SOCKET_1
11-25 14:58:20.697   203  8802 E RILC    : Send Response to RIL_SOCKET_1
11-25 14:58:20.697  1256  1460 D RILJ    : [4212]< OPERATOR {中国联通, 中国联通, 46001} [SUB0]
11-25 14:58:20.697  1256  1256 D GsmSST  : [GsmSST] EVENT_POLL_STATE_OPERATOR: use value from ril
11-25 14:58:20.697  1256  1256 D GsmSST  : [GsmSST] EVENT_POLL_STATE_OPERATOR: 中国联通
11-25 14:58:20.698   203  8805 D RILC    : RequestComplete, RIL_SOCKET_1
11-25 14:58:20.698   203  8805 E RILC    : Send Response to RIL_SOCKET_1
11-25 14:58:20.698  1256  1460 D RILJ    : [4215]< QUERY_NETWORK_SELECTION_MODE {0} [SUB0]
11-25 14:58:20.699   203  8803 D RILC    : RequestComplete, RIL_SOCKET_1
11-25 14:58:20.699   203  8803 E RILC    : Send Response to RIL_SOCKET_1
11-25 14:58:20.699  1256  1460 D RILJ    : [4213]< DATA_REGISTRATION_STATE {1, null, 004a176f, 14, null, 20, 4125, null, null, null, null} [SUB0]
11-25 14:58:20.700  1256  1256 D PHONE   : [ServiceState] setDataRegState=0
11-25 14:58:20.700  1256  1256 D PHONE   : [ServiceState] setDataRadioTechnology=14
11-25 14:58:20.700  1256  1256 D GsmSST  : [GsmSST] handlPollStateResultMessage: GsmSST setDataRegState=0 regState=1 dataRadioTechnology=14
11-25 14:58:20.700  1256  1256 D GsmSST  : [GsmSST] Poll ServiceState done:  oldSS=[0 0 voice home data home 中国联通 中国联通 46001 中国联通 中国联通 46001  LTE LTE CSS not supported -1 -1 RoamInd=-1 DefRoamInd=-1 EmergOnly=false] newSS=[0 0 voice home data home 中国联通 中国联通 46001 中国联通 中国联通 46001  LTE LTE CSS not supported -1 -1 RoamInd=-1 DefRoamInd=-1 EmergOnly=false] oldMaxDataCalls=20 mNewMaxDataCalls=20 oldReasonDataDenied=-1 mNewReasonDataDenied=-1
11-25 14:58:20.700  1256  1256 D PHONE   : [ServiceState] setNullState=1
11-25 14:58:20.700  1256  1256 D GsmSST  : [GsmSST] getCellLocation(): X good mCellLoc=[4125,4855663,-1]
11-25 14:58:20.700   671  1277 D TelephonyRegistry: notifyCellLocationForSubscriber: subId=1 cellLocation=Bundle[mParcelledData.dataSize=64]
11-25 14:58:22.393   203   341 I RILC    : RIL_SOCKET_1 UNSOLICITED: UNSOL_RESPONSE_VOICE_NETWORK_STATE_CHANGED length:8
11-25 14:58:22.393   203   341 E RILC    : Send Response to RIL_SOCKET_1
11-25 14:58:22.393  1256  1460 D RILJ    : [UNSL]< UNSOL_RESPONSE_VOICE_NETWORK_STATE_CHANGED [SUB0]
11-25 14:58:22.393  1256  1256 D RILJ    : [4216]> OPERATOR [SUB0]
11-25 14:58:22.394  1256  1256 D RILJ    : [4217]> DATA_REGISTRATION_STATE [SUB0]
11-25 14:58:22.394  1256  1256 D RILJ    : [4218]> VOICE_REGISTRATION_STATE [SUB0]
11-25 14:58:22.394   203  8822 D RILC    : RequestComplete, RIL_SOCKET_1
11-25 14:58:22.394   203  8822 E RILC    : Send Response to RIL_SOCKET_1
11-25 14:58:22.395  1256  1460 D RILJ    : [4216]< OPERATOR {中国联通, 中国联通, 46001} [SUB0]
11-25 14:58:22.395  1256  1256 D RILJ    : [4219]> QUERY_NETWORK_SELECTION_MODE [SUB0]
11-25 14:58:22.396  1256  1256 D GsmSST  : [GsmSST] EVENT_POLL_STATE_OPERATOR: use value from ril
11-25 14:58:22.396  1256  1256 D GsmSST  : [GsmSST] EVENT_POLL_STATE_OPERATOR: 中国联通
11-25 14:58:22.397   203  8825 D RILC    : RequestComplete, RIL_SOCKET_1
11-25 14:58:22.397   203  8825 E RILC    : Send Response to RIL_SOCKET_1
11-25 14:58:22.397  1256  1460 D RILJ    : [4219]< QUERY_NETWORK_SELECTION_MODE {0} [SUB0]
11-25 14:58:22.397   203  8824 D RILC    : RequestComplete, RIL_SOCKET_1
11-25 14:58:22.397   203  8824 E RILC    : Send Response to RIL_SOCKET_1
11-25 14:58:22.397  1256  1460 D RILJ    : [4218]< VOICE_REGISTRATION_STATE {1, 101d, 004a176f, 14, null, null, null, 0, null, null, 1, null, null, 0, null} [SUB0]
11-25 14:58:22.397  1256  1256 D PHONE   : [ServiceState] setVoiceRegState=0
11-25 14:58:22.397  1256  1256 E PHONE   : [ServiceState] setState deprecated use setVoiceRegState()
11-25 14:58:22.398   203  8823 D RILC    : RequestComplete, RIL_SOCKET_1
11-25 14:58:22.398   203  8823 E RILC    : Send Response to RIL_SOCKET_1
11-25 14:58:22.399  1256  1460 D RILJ    : [4217]< DATA_REGISTRATION_STATE {1, null, 004a176f, 14, null, 20, 4125, null, null, null, null} [SUB0]
11-25 14:58:22.399  1256  1256 D PHONE   : [ServiceState] setDataRegState=0
11-25 14:58:22.399  1256  1256 D PHONE   : [ServiceState] setDataRadioTechnology=14
11-25 14:58:22.399  1256  1256 D GsmSST  : [GsmSST] handlPollStateResultMessage: GsmSST setDataRegState=0 regState=1 dataRadioTechnology=14
11-25 14:58:22.399  1256  1256 D GsmSST  : [GsmSST] Poll ServiceState done:  oldSS=[0 0 voice home data home 中国联通 中国联通 46001 中国联通 中国联通 46001  LTE LTE CSS not supported -1 -1 RoamInd=-1 DefRoamInd=-1 EmergOnly=false] newSS=[0 0 voice home data home 中国联通 中国联通 46001 中国联通 中国联通 46001  LTE LTE CSS not supported -1 -1 RoamInd=-1 DefRoamInd=-1 EmergOnly=false] oldMaxDataCalls=20 mNewMaxDataCalls=20 oldReasonDataDenied=-1 mNewReasonDataDenied=-1
11-25 14:58:22.400  1256  1256 D PHONE   : [ServiceState] setNullState=1
11-25 14:58:22.546   203   636 I RILQ    : (0/203):RIL[0][qmi_cb] qcril_qmi_nas_update_data_rte: completed, new drte 5 with confidence 1
11-25 14:58:22.547   203   636 I RILC    : RIL_SOCKET_1 UNSOLICITED: UNSOL_RESPONSE_VOICE_NETWORK_STATE_CHANGED length:8
11-25 14:58:22.547   203   636 E RILC    : Send Response to RIL_SOCKET_1
11-25 14:58:22.547  1256  1460 D RILJ    : [UNSL]< UNSOL_RESPONSE_VOICE_NETWORK_STATE_CHANGED [SUB0]
11-25 14:58:22.548  1256  1256 D RILJ    : [4220]> OPERATOR [SUB0]
11-25 14:58:22.548  1256  1256 D RILJ    : [4221]> DATA_REGISTRATION_STATE [SUB0]
11-25 14:58:22.548  1256  1256 D RILJ    : [4222]> VOICE_REGISTRATION_STATE [SUB0]
11-25 14:58:22.549  1256  1256 D RILJ    : [4223]> QUERY_NETWORK_SELECTION_MODE [SUB0]
11-25 14:58:22.551   203  8828 D RILC    : RequestComplete, RIL_SOCKET_1
11-25 14:58:22.553   203  8828 E RILC    : Send Response to RIL_SOCKET_1
11-25 14:58:22.553  1256  1460 D RILJ    : [4220]< OPERATOR {中国联通, 中国联通, 46001} [SUB0]
11-25 14:58:22.553  1256  1256 D GsmSST  : [GsmSST] EVENT_POLL_STATE_OPERATOR: use value from ril
11-25 14:58:22.553  1256  1256 D GsmSST  : [GsmSST] EVENT_POLL_STATE_OPERATOR: 中国联通
11-25 14:58:22.554   203  8830 D RILC    : RequestComplete, RIL_SOCKET_1
11-25 14:58:22.554   203  8830 E RILC    : Send Response to RIL_SOCKET_1
11-25 14:58:22.554  1256  1460 D RILJ    : [4222]< VOICE_REGISTRATION_STATE {1, 101d, 004b703b, 14, null, null, null, 0, null, null, 1, null, null, 0, null} [SUB0]
11-25 14:58:22.554  1256  1256 D PHONE   : [ServiceState] setVoiceRegState=0
11-25 14:58:22.554  1256  1256 E PHONE   : [ServiceState] setState deprecated use setVoiceRegState()
11-25 14:58:22.555   203  8831 D RILC    : RequestComplete, RIL_SOCKET_1
11-25 14:58:22.555   203  8831 E RILC    : Send Response to RIL_SOCKET_1
11-25 14:58:22.555  1256  1460 D RILJ    : [4223]< QUERY_NETWORK_SELECTION_MODE {0} [SUB0]
11-25 14:58:22.555   203  8829 D RILC    : RequestComplete, RIL_SOCKET_1
11-25 14:58:22.555   203  8829 E RILC    : Send Response to RIL_SOCKET_1
11-25 14:58:22.555  1256  1460 D RILJ    : [4221]< DATA_REGISTRATION_STATE {1, null, 004b703b, 14, null, 20, 4125, null, null, null, null} [SUB0]
11-25 14:58:22.556  1256  1256 D PHONE   : [ServiceState] setDataRegState=0
11-25 14:58:22.556  1256  1256 D PHONE   : [ServiceState] setDataRadioTechnology=14
11-25 14:58:22.556  1256  1256 D GsmSST  : [GsmSST] handlPollStateResultMessage: GsmSST setDataRegState=0 regState=1 dataRadioTechnology=14
11-25 14:58:22.556  1256  1256 D GsmSST  : [GsmSST] Poll ServiceState done:  oldSS=[0 0 voice home data home 中国联通 中国联通 46001 中国联通 中国联通 46001  LTE LTE CSS not supported -1 -1 RoamInd=-1 DefRoamInd=-1 EmergOnly=false] newSS=[0 0 voice home data home 中国联通 中国联通 46001 中国联通 中国联通 46001  LTE LTE CSS not supported -1 -1 RoamInd=-1 DefRoamInd=-1 EmergOnly=false] oldMaxDataCalls=20 mNewMaxDataCalls=20 oldReasonDataDenied=-1 mNewReasonDataDenied=-1
11-25 14:58:22.556  1256  1256 D PHONE   : [ServiceState] setNullState=1
11-25 14:58:22.556  1256  1256 D GsmSST  : [GsmSST] getCellLocation(): X good mCellLoc=[4125,4943931,-1]
11-25 14:58:22.556   671   802 D TelephonyRegistry: notifyCellLocationForSubscriber: subId=1 cellLocation=Bundle[mParcelledData.dataSize=64]
11-25 14:58:22.878   203   350 I RILC    : RIL_SOCKET_1 UNSOLICITED: UNSOL_SIGNAL_STRENGTH length:60
11-25 14:58:22.878   203   350 E RILC    : Send Response to RIL_SOCKET_1
11-25 14:58:22.878  1256  1256 D DefaultPhoneNotifier: notifySignalStrength: mRegistry=com.android.internal.telephony.ITelephonyRegistry$Stub$Proxy@3c7bf3cf ss=SignalStrength: 99 0 -120 -160 -120 -1 -1 18 -103 -6 300 2147483647 2147483647 gsm|lte sender=Handler (com.android.internal.telephony.gsm.GSMPhone) {2799bdec}
11-25 14:58:22.884   203   636 I RILQ    : (0/203):RIL[0][qmi_cb] qcril_qmi_nas_update_data_rte: completed, new drte 0 with confidence 4
11-25 14:58:22.885   203   350 I RILQ    : (0/203):RIL[0][event] qcril_qmi_nas_evaluate_custom_emergency_numbers_for_card: cur_status 1024, card_state 3
11-25 14:58:22.885   203   350 I RILQ    : (0/203):RIL[0][event] qcril_qmi_nas_evaluate_custom_emergency_numbers_for_card: card_mcc 460, card_mnc 01
11-25 14:58:22.886   203   636 I RILQ    : (0/203):RIL[0][qmi_cb] qcril_qmi_nas_update_data_rte: completed, new drte 0 with confidence 4
11-25 14:58:22.889   203   350 I RILQ    : (0/203):RIL[0][event] qcril_qmi_nas_evaluate_custom_emergency_numbers_for_card: cur_status 1024, card_state 3
11-25 14:58:22.889   203   350 I RILQ    : (0/203):RIL[0][event] qcril_qmi_nas_evaluate_custom_emergency_numbers_for_card: card_mcc 460, card_mnc 01
11-25 14:58:22.891   203   350 I RILC    : RIL_SOCKET_1 UNSOLICITED: UNSOL_RESPONSE_VOICE_NETWORK_STATE_CHANGED length:8
11-25 14:58:22.891   203   350 E RILC    : Send Response to RIL_SOCKET_1
11-25 14:58:22.891  1256  1460 D RILJ    : [UNSL]< UNSOL_RESPONSE_VOICE_NETWORK_STATE_CHANGED [SUB0]
11-25 14:58:22.891  1256  1256 D RILJ    : [4224]> OPERATOR [SUB0]
11-25 14:58:22.892  1256  1256 D RILJ    : [4225]> DATA_REGISTRATION_STATE [SUB0]
11-25 14:58:22.893  1256  1256 D RILJ    : [4226]> VOICE_REGISTRATION_STATE [SUB0]
11-25 14:58:22.893   203  8836 D RILC    : RequestComplete, RIL_SOCKET_1
11-25 14:58:22.893   203  8836 E RILC    : Send Response to RIL_SOCKET_1
11-25 14:58:22.893  1256  1256 D RILJ    : [4227]> QUERY_NETWORK_SELECTION_MODE [SUB0]
11-25 14:58:22.894  1256  1460 D RILJ    : [4224]< OPERATOR {null, null, null} [SUB0]
11-25 14:58:22.895  1256  1256 D GsmSST  : [GsmSST] EVENT_POLL_STATE_OPERATOR: use value from ril
11-25 14:58:22.895  1256  1256 D GsmSST  : [GsmSST] EVENT_POLL_STATE_OPERATOR: null
11-25 14:58:22.896   203  8838 D RILC    : RequestComplete, RIL_SOCKET_1
11-25 14:58:22.896   203  8838 E RILC    : Send Response to RIL_SOCKET_1
11-25 14:58:22.896  1256  1460 D RILJ    : [4226]< VOICE_REGISTRATION_STATE {12, null, null, 0, null, null, null, 0, null, null, null, null, null, 0, 172} [SUB0]
11-25 14:58:22.896  1256  1256 D PHONE   : [ServiceState] setVoiceRegState=1
11-25 14:58:22.896  1256  1256 E PHONE   : [ServiceState] setState deprecated use setVoiceRegState()
11-25 14:58:22.898   203  8837 I RILQ    : (0/203):RIL[0][cmd-21(768)] qcril_qmi_nas_update_data_rte: completed, new drte 0 with confidence 4
11-25 14:58:22.899   203  8839 D RILC    : RequestComplete, RIL_SOCKET_1
11-25 14:58:22.899   203  8839 E RILC    : Send Response to RIL_SOCKET_1
11-25 14:58:22.900  1256  1460 D RILJ    : [4227]< QUERY_NETWORK_SELECTION_MODE {0} [SUB0]
11-25 14:58:22.902   203  8837 D RILC    : RequestComplete, RIL_SOCKET_1
11-25 14:58:22.902   203  8837 E RILC    : Send Response to RIL_SOCKET_1
11-25 14:58:22.902  1256  1460 D RILJ    : [4225]< DATA_REGISTRATION_STATE {1, 101d, 004a176f, 14, 0, 20, null, null, null, null, null} [SUB0]
11-25 14:58:22.902  1256  1256 D PHONE   : [ServiceState] setDataRegState=0
11-25 14:58:22.902  1256  1256 D PHONE   : [ServiceState] setDataRadioTechnology=14
11-25 14:58:22.902  1256  1256 D GsmSST  : [GsmSST] handlPollStateResultMessage: GsmSST setDataRegState=0 regState=1 dataRadioTechnology=14
11-25 14:58:22.902  1256  1256 D GsmSST  : [GsmSST] Poll ServiceState done:  oldSS=[0 0 voice home data home 中国联通 中国联通 46001 中国联通 中国联通 46001  LTE LTE CSS not supported -1 -1 RoamInd=-1 DefRoamInd=-1 EmergOnly=false] newSS=[1 0 voice home data home null null null null null null  Unknown LTE CSS not supported -1 -1 RoamInd=-1 DefRoamInd=-1 EmergOnly=true] oldMaxDataCalls=20 mNewMaxDataCalls=20 oldReasonDataDenied=-1 mNewReasonDataDenied=-1
11-25 14:58:22.902  1256  1256 D GsmSST  : [GsmSST] RAT switched LTE -> Unknown at cell -1
11-25 14:58:22.902  1256  1256 D PHONE   : [ServiceState] setNullState=1
11-25 14:58:22.902  1256  1256 D PhoneBase: updatePhoneObject: phoneid = 0 rat = 0
11-25 14:58:22.903  1256  1256 D PhoneProxy: [PhoneProxy] updatePhoneObject: radioTechnology=0
11-25 14:58:22.903  1256  1256 D SIMRecords: [SIMRecords] getServiceProviderName: no brandOverride
11-25 14:58:22.903  1256  1256 D SIMRecords: [SIMRecords] getServiceProviderName: providerName=
11-25 14:58:22.903  1256  1256 D GsmSST  : [GsmSST] getCombinedRegState: return STATE_IN_SERVICE as Data is in service
11-25 14:58:22.903  1256  1256 D SIMRecords: [SIMRecords] getServiceProviderName: no brandOverride
11-25 14:58:22.903  1256  1256 D SIMRecords: [SIMRecords] getServiceProviderName: providerName=
11-25 14:58:22.903  1256  1256 D GsmSST  : [GsmSST] updateSpnDisplay: changed sending intent rule=2 showPlmn='false' plmn='null' showSpn='false' spn=''
11-25 14:58:22.905  1256  1256 D TelephonyManager: setTelephonyProperty: success phoneId=0 property=gsm.operator.alpha value:  propVal=
11-25 14:58:22.905  1256  1256 D TelephonyManager: setTelephonyProperty: success phoneId=0 property=gsm.operator.numeric value:  propVal=
11-25 14:58:22.906  1256  1256 D GsmSST  : [GsmSST] update mccmnc=null fromServiceState=true
11-25 14:58:22.908  1256  1256 D GsmSST  : [GsmSST] operatorNumeric is null
11-25 14:58:22.908  1256  1256 D TelephonyManager: setTelephonyProperty: success phoneId=0 property=gsm.operator.iso-country value:  propVal=
11-25 14:58:22.908  1256  1256 D TelephonyManager: setTelephonyProperty: success phoneId=0 property=gsm.operator.isroaming value: false propVal=false
11-25 14:58:22.908  1256  1256 D GsmSST  : [GsmSST] Broadcasting ServiceState : 1 0 voice home data home null null null null null null  Unknown LTE CSS not supported -1 -1 RoamInd=-1 DefRoamInd=-1 EmergOnly=true
11-25 14:58:22.908  1256  1256 D DefaultPhoneNotifier: nofityServiceState: mRegistry=com.android.internal.telephony.ITelephonyRegistry$Stub$Proxy@3c7bf3cf ss=1 0 voice home data home null null null null null null  Unknown LTE CSS not supported -1 -1 RoamInd=-1 DefRoamInd=-1 EmergOnly=true sender=Handler (com.android.internal.telephony.gsm.GSMPhone) {2799bdec} phondId=0 subId=1
11-25 14:58:22.911  1256  1256 D SubscriptionController: getSimStateForSubscriber:  simState=READY ordinal=5
11-25 14:58:22.911  1256  1256 D GsmSST  : [GsmSST] SST.getAllCellInfo(): return last, same thread can't block
11-25 14:58:22.911  1256  1256 D GsmSST  : [GsmSST] SST.getAllCellInfo(): X size=0 list=null
11-25 14:58:22.911  1256  1256 D GsmSST  : [GsmSST] getCellLocation(): X empty mCellLoc and CellInfo mCellLoc=[-1,-1,370]
11-25 14:58:22.912   671   801 D TelephonyRegistry: notifyCellLocationForSubscriber: subId=1 cellLocation=Bundle[mParcelledData.dataSize=64]
11-25 14:58:22.915  1256  1256 D PhoneProxy: [PhoneProxy] phoneObjectUpdater: newVoiceRadioTech=0
11-25 14:58:22.915  1256  1256 D PhoneProxy: [PhoneProxy] phoneObjectUpdater: volteReplacementRat=0
11-25 14:58:22.915  1256  1256 E PhoneProxy: [PhoneProxy] phoneObjectUpdater: newVoiceRadioTech=0 doesn't match either CDMA or GSM - error! No phone change
11-25 14:58:22.915  1256  1256 D SubscriptionController: onReceive Intent { act=android.provider.Telephony.SPN_STRINGS_UPDATED flg=0x10 (has extras) }
11-25 14:58:22.925   671   805 D TelephonyManager: getTelephonyProperty: return propVal='null' phoneId=0 property='gsm.operator.iso-country' defaultVal='' prop=
11-25 14:58:22.926   671   805 D TelephonyManager: getTelephonyProperty: return propVal='cn' phoneId=0 property='gsm.sim.operator.iso-country' defaultVal='' prop=cn
11-25 14:58:23.374   203   636 I RILQ    : (0/203):RIL[0][qmi_cb] qcril_qmi_nas_update_data_rte: completed, new drte 0 with confidence 4
11-25 14:58:23.375   203   636 I RILC    : RIL_SOCKET_1 UNSOLICITED: UNSOL_RESPONSE_VOICE_NETWORK_STATE_CHANGED length:8
11-25 14:58:23.375   203   636 E RILC    : Send Response to RIL_SOCKET_1
11-25 14:58:23.376  1256  1460 D RILJ    : [UNSL]< UNSOL_RESPONSE_VOICE_NETWORK_STATE_CHANGED [SUB0]
11-25 14:58:23.376  1256  1256 D RILJ    : [4228]> OPERATOR [SUB0]
11-25 14:58:23.377  1256  1256 D RILJ    : [4229]> DATA_REGISTRATION_STATE [SUB0]
11-25 14:58:23.377  1256  1256 D RILJ    : [4230]> VOICE_REGISTRATION_STATE [SUB0]
11-25 14:58:23.378  1256  1256 D RILJ    : [4231]> QUERY_NETWORK_SELECTION_MODE [SUB0]
11-25 14:58:23.379   203  8841 D RILC    : RequestComplete, RIL_SOCKET_1
11-25 14:58:23.379   203  8841 E RILC    : Send Response to RIL_SOCKET_1
11-25 14:58:23.380  1256  1460 D RILJ    : [4228]< OPERATOR {null, null, null} [SUB0]
11-25 14:58:23.380  1256  1256 D GsmSST  : [GsmSST] EVENT_POLL_STATE_OPERATOR: use value from ril
11-25 14:58:23.380   203  8842 I RILQ    : (0/203):RIL[0][cmd-21(768)] qcril_qmi_nas_update_data_rte: completed, new drte 0 with confidence 4
11-25 14:58:23.380  1256  1256 D GsmSST  : [GsmSST] EVENT_POLL_STATE_OPERATOR: null
11-25 14:58:23.382   203  8844 D RILC    : RequestComplete, RIL_SOCKET_1
11-25 14:58:23.382   203  8844 E RILC    : Send Response to RIL_SOCKET_1
11-25 14:58:23.382  1256  1460 D RILJ    : [4231]< QUERY_NETWORK_SELECTION_MODE {0} [SUB0]
11-25 14:58:23.383   203  8843 D RILC    : RequestComplete, RIL_SOCKET_1
11-25 14:58:23.383   203  8843 E RILC    : Send Response to RIL_SOCKET_1
11-25 14:58:23.383  1256  1460 D RILJ    : [4230]< VOICE_REGISTRATION_STATE {12, null, null, 0, null, null, null, 0, null, null, null, null, null, 0, 172} [SUB0]
11-25 14:58:23.383  1256  1256 D PHONE   : [ServiceState] setVoiceRegState=1
11-25 14:58:23.383  1256  1256 E PHONE   : [ServiceState] setState deprecated use setVoiceRegState()
11-25 14:58:23.386   203   636 I RILQ    : (0/203):RIL[0][qmi_cb] qcril_qmi_nas_update_data_rte: completed, new drte 0 with confidence 4
11-25 14:58:23.388   203  8842 D RILC    : RequestComplete, RIL_SOCKET_1
11-25 14:58:23.388   203  8842 E RILC    : Send Response to RIL_SOCKET_1
11-25 14:58:23.388  1256  1460 D RILJ    : [4229]< DATA_REGISTRATION_STATE {1, 101d, 004a176f, 14, 0, 20, null, null, null, null, null} [SUB0]
11-25 14:58:23.388   203  8842 I RILC    : RIL_SOCKET_1 UNSOLICITED: UNSOL_RESPONSE_VOICE_NETWORK_STATE_CHANGED length:8
11-25 14:58:23.388   203  8842 E RILC    : Send Response to RIL_SOCKET_1
11-25 14:58:23.388  1256  1256 D PHONE   : [ServiceState] setDataRegState=0
11-25 14:58:23.388  1256  1256 D PHONE   : [ServiceState] setDataRadioTechnology=14
11-25 14:58:23.388  1256  1256 D GsmSST  : [GsmSST] handlPollStateResultMessage: GsmSST setDataRegState=0 regState=1 dataRadioTechnology=14
11-25 14:58:23.388  1256  1256 D GsmSST  : [GsmSST] Poll ServiceState done:  oldSS=[1 0 voice home data home null null null null null null  Unknown LTE CSS not supported -1 -1 RoamInd=-1 DefRoamInd=-1 EmergOnly=true] newSS=[1 0 voice home data home null null null null null null  Unknown LTE CSS not supported -1 -1 RoamInd=-1 DefRoamInd=-1 EmergOnly=true] oldMaxDataCalls=20 mNewMaxDataCalls=20 oldReasonDataDenied=-1 mNewReasonDataDenied=-1
11-25 14:58:23.388  1256  1256 D PHONE   : [ServiceState] setNullState=1
11-25 14:58:23.389  1256  1460 D RILJ    : [UNSL]< UNSOL_RESPONSE_VOICE_NETWORK_STATE_CHANGED [SUB0]
11-25 14:58:23.389  1256  1256 D RILJ    : [4232]> OPERATOR [SUB0]
11-25 14:58:23.389  1256  1256 D RILJ    : [4233]> DATA_REGISTRATION_STATE [SUB0]
11-25 14:58:23.390  1256  1256 D RILJ    : [4234]> VOICE_REGISTRATION_STATE [SUB0]
11-25 14:58:23.390  1256  1256 D RILJ    : [4235]> QUERY_NETWORK_SELECTION_MODE [SUB0]
11-25 14:58:23.392   203  8845 D RILC    : RequestComplete, RIL_SOCKET_1
11-25 14:58:23.392   203  8845 E RILC    : Send Response to RIL_SOCKET_1
11-25 14:58:23.392  1256  1460 D RILJ    : [4232]< OPERATOR {null, null, null} [SUB0]
11-25 14:58:23.392  1256  1256 D GsmSST  : [GsmSST] EVENT_POLL_STATE_OPERATOR: use value from ril
11-25 14:58:23.392  1256  1256 D GsmSST  : [GsmSST] EVENT_POLL_STATE_OPERATOR: null
11-25 14:58:23.393   203  8848 D RILC    : RequestComplete, RIL_SOCKET_1
11-25 14:58:23.393   203  8848 E RILC    : Send Response to RIL_SOCKET_1
11-25 14:58:23.394  1256  1460 D RILJ    : [4235]< QUERY_NETWORK_SELECTION_MODE {0} [SUB0]
11-25 14:58:23.394   203  8847 D RILC    : RequestComplete, RIL_SOCKET_1
11-25 14:58:23.394   203  8847 E RILC    : Send Response to RIL_SOCKET_1
11-25 14:58:23.394  1256  1460 D RILJ    : [4234]< VOICE_REGISTRATION_STATE {12, null, null, 0, null, null, null, 0, null, null, null, null, null, 0, 172} [SUB0]
11-25 14:58:23.395  1256  1256 D PHONE   : [ServiceState] setVoiceRegState=1
11-25 14:58:23.395  1256  1256 E PHONE   : [ServiceState] setState deprecated use setVoiceRegState()
11-25 14:58:23.400   203   636 I RILQ    : (0/203):RIL[0][qmi_cb] qcril_qmi_nas_update_data_rte: completed, new drte 0 with confidence 4
11-25 14:58:23.401   203   636 I RILQ    : (0/203):RIL[0][qmi_cb] qcril_qmi_nas_update_data_rte: completed, new drte 0 with confidence 4
11-25 14:58:23.402   203   350 I RILQ    : (0/203):RIL[0][event] qcril_qmi_nas_evaluate_custom_emergency_numbers_for_card: cur_status 1024, card_state 3
11-25 14:58:23.402   203   350 I RILQ    : (0/203):RIL[0][event] qcril_qmi_nas_evaluate_custom_emergency_numbers_for_card: card_mcc 460, card_mnc 01
11-25 14:58:23.404   203  8846 I RILQ    : (0/203):RIL[0][cmd-21(768)] qcril_qmi_nas_update_data_rte: completed, new drte 0 with confidence 4
11-25 14:58:23.405   203   350 I RILQ    : (0/203):RIL[0][event] qcril_qmi_nas_evaluate_custom_emergency_numbers_for_card: cur_status 1024, card_state 3
11-25 14:58:23.405   203   350 I RILQ    : (0/203):RIL[0][event] qcril_qmi_nas_evaluate_custom_emergency_numbers_for_card: card_mcc 460, card_mnc 01
11-25 14:58:23.409   203  8846 D RILC    : RequestComplete, RIL_SOCKET_1
11-25 14:58:23.409   203  8846 E RILC    : Send Response to RIL_SOCKET_1
11-25 14:58:23.409  1256  1460 D RILJ    : [4233]< DATA_REGISTRATION_STATE {1, 101d, 004a176f, 14, 0, 20, null, null, null, null, null} [SUB0]
11-25 14:58:23.410  1256  1256 D PHONE   : [ServiceState] setDataRegState=0
11-25 14:58:23.410   203   350 I RILC    : RIL_SOCKET_1 UNSOLICITED: UNSOL_SIGNAL_STRENGTH length:60
11-25 14:58:23.410  1256  1256 D PHONE   : [ServiceState] setDataRadioTechnology=14
11-25 14:58:23.410   203   350 E RILC    : Send Response to RIL_SOCKET_1
11-25 14:58:23.410  1256  1256 D GsmSST  : [GsmSST] handlPollStateResultMessage: GsmSST setDataRegState=0 regState=1 dataRadioTechnology=14
11-25 14:58:23.410  1256  1256 D GsmSST  : [GsmSST] Poll ServiceState done:  oldSS=[1 0 voice home data home null null null null null null  Unknown LTE CSS not supported -1 -1 RoamInd=-1 DefRoamInd=-1 EmergOnly=true] newSS=[1 0 voice home data home null null null null null null  Unknown LTE CSS not supported -1 -1 RoamInd=-1 DefRoamInd=-1 EmergOnly=true] oldMaxDataCalls=20 mNewMaxDataCalls=20 oldReasonDataDenied=-1 mNewReasonDataDenied=-1
11-25 14:58:23.410  1256  1256 D PHONE   : [ServiceState] setNullState=1
11-25 14:58:23.410  1256  1256 D DefaultPhoneNotifier: notifySignalStrength: mRegistry=com.android.internal.telephony.ITelephonyRegistry$Stub$Proxy@3c7bf3cf ss=SignalStrength: 12 0 -120 -160 -120 -1 -1 99 2147483647 2147483647 2147483647 2147483647 2147483647 gsm|lte sender=Handler (com.android.internal.telephony.gsm.GSMPhone) {2799bdec}
