11-25 14:51:19.949   671   891 I am_focused_activity: [0,com.support.android.designlibdemo/.MainActivity]
11-25 14:51:19.964  1278  1278 I am_on_paused_called: [0,com.android.launcher3.Launcher]
11-25 14:51:19.967   671  1327 I am_restart_activity: [0,262156441,8,com.support.android.designlibdemo/.MainActivity]
11-25 14:51:20.024  3573  3573 I am_on_resume_called: [0,com.support.android.designlibdemo.MainActivity]
11-25 14:51:20.137   671   812 I am_activity_launch_time: [0,262156441,com.support.android.designlibdemo/.MainActivity,173,173]
11-25 14:51:20.451   193   193 I sf_frame_dur: [com.cyanogenmod.trebuchet/com.android.launcher3.Launcher,0,0,0,0,1,0,1]
11-25 14:51:22.331   671  1212 I am_home_stack_moved: [0,0,1,1,sourceStackToFront]
11-25 14:51:22.331   671  1212 I wm_task_moved: [8,1,0]
11-25 14:51:22.339   671  1212 I am_create_activity: [0,645875247,8,com.support.android.designlibdemo/.CheeseDetailActivity,NULL,NULL,NULL,0]
11-25 14:51:22.342   671  1212 I am_pause_activity: [0,262156441,com.support.android.designlibdemo/.MainActivity]
11-25 14:51:22.344   671  1212 I am_home_stack_moved: [0,0,1,1,startedActivity setFocusedActivity]
11-25 14:51:22.347   671  1212 I am_focused_activity: [0,com.support.android.designlibdemo/.CheeseDetailActivity]
11-25 14:51:22.353  3573  3573 I am_on_paused_called: [0,com.support.android.designlibdemo.MainActivity]
11-25 14:51:22.355   671  1327 I am_restart_activity: [0,645875247,8,com.support.android.designlibdemo/.CheeseDetailActivity]
11-25 14:51:22.394  3573  3573 I am_on_resume_called: [0,com.support.android.designlibdemo.CheeseDetailActivity]
11-25 14:51:22.446   671   812 I am_activity_launch_time: [0,645875247,com.support.android.designlibdemo/.CheeseDetailActivity,93,93]
11-25 14:51:22.710   193   193 I sf_frame_dur: [com.support.android.designlibdemo/com.support.android.designlibdemo.MainActivity,25,2,0,0,1,0,1]
11-25 14:51:24.674   671  1071 I am_finish_activity: [0,645875247,8,com.support.android.designlibdemo/.CheeseDetailActivity,navigate-up]
11-25 14:51:24.676   671  1071 I am_home_stack_moved: [0,0,1,1,finishActivity adjustTopFocus setFocusedActivity]
11-25 14:51:24.677   671  1071 I am_focused_activity: [0,com.support.android.designlibdemo/.MainActivity]
11-25 14:51:24.678   671  1071 I am_pause_activity: [0,645875247,com.support.android.designlibdemo/.CheeseDetailActivity]
11-25 14:51:24.691   671  1071 I am_home_stack_moved: [0,0,1,1,sourceStackToFront]
11-25 14:51:24.691   671  1071 I wm_task_moved: [8,1,0]
11-25 14:51:24.694   671  1071 I am_create_activity: [0,81807485,8,com.support.android.designlibdemo/.MainActivity,android.intent.action.MAIN,NULL,NULL,0]
11-25 14:51:24.696   671  1071 I am_home_stack_moved: [0,0,1,1,startedActivity setFocusedActivity]
11-25 14:51:24.697   671  1071 I am_focused_activity: [0,com.support.android.designlibdemo/.MainActivity]
11-25 14:51:24.697   671  1071 I am_finish_activity: [0,262156441,8,com.support.android.designlibdemo/.MainActivity,navigate-up]
11-25 14:51:24.698   671  1071 I am_destroy_activity: [0,262156441,8,com.support.android.designlibdemo/.MainActivity,finish-imm]
11-25 14:51:24.702  3573  3573 I am_on_paused_called: [0,com.support.android.designlibdemo.CheeseDetailActivity]
11-25 14:51:24.705   671  1327 I am_restart_activity: [0,81807485,8,com.support.android.designlibdemo/.MainActivity]
11-25 14:51:24.748  3573  3573 I am_on_resume_called: [0,com.support.android.designlibdemo.MainActivity]
11-25 14:51:24.865   671   812 I am_activity_launch_time: [0,81807485,com.support.android.designlibdemo/.MainActivity,161,161]
11-25 14:51:25.238   671   806 I am_destroy_activity: [0,645875247,8,com.support.android.designlibdemo/.CheeseDetailActivity,finish-imm]
11-25 14:51:32.210   671  1204 I am_home_stack_moved: [0,0,1,1,sourceStackToFront]
11-25 14:51:32.210   671  1204 I wm_task_moved: [8,1,0]
11-25 14:51:32.218   671  1204 I am_create_activity: [0,942352443,8,com.support.android.designlibdemo/.CheeseDetailActivity,NULL,NULL,NULL,0]
11-25 14:51:32.221   671  1204 I am_pause_activity: [0,81807485,com.support.android.designlibdemo/.MainActivity]
11-25 14:51:32.228   671  1204 I am_home_stack_moved: [0,0,1,1,startedActivity setFocusedActivity]
11-25 14:51:32.232   671  1204 I am_focused_activity: [0,com.support.android.designlibdemo/.CheeseDetailActivity]
11-25 14:51:32.237  3573  3573 I am_on_paused_called: [0,com.support.android.designlibdemo.MainActivity]
11-25 14:51:32.239   671   891 I am_restart_activity: [0,942352443,8,com.support.android.designlibdemo/.CheeseDetailActivity]
11-25 14:51:32.281  3573  3573 I am_on_resume_called: [0,com.support.android.designlibdemo.CheeseDetailActivity]
11-25 14:51:32.337   671   812 I am_activity_launch_time: [0,942352443,com.support.android.designlibdemo/.CheeseDetailActivity,99,99]
11-25 14:51:32.593   193   193 I sf_frame_dur: [com.support.android.designlibdemo/com.support.android.designlibdemo.MainActivity,31,1,1,0,1,0,2]
11-25 14:51:34.576   671   801 I am_finish_activity: [0,942352443,8,com.support.android.designlibdemo/.CheeseDetailActivity,navigate-up]
11-25 14:51:34.578   671   801 I am_home_stack_moved: [0,0,1,1,finishActivity adjustTopFocus setFocusedActivity]
11-25 14:51:34.580   671   801 I am_focused_activity: [0,com.support.android.designlibdemo/.MainActivity]
11-25 14:51:34.581   671   801 I am_pause_activity: [0,942352443,com.support.android.designlibdemo/.CheeseDetailActivity]
11-25 14:51:34.588   671   801 I am_home_stack_moved: [0,0,1,1,sourceStackToFront]
11-25 14:51:34.589   671   801 I wm_task_moved: [8,1,0]
11-25 14:51:34.594   671   801 I am_create_activity: [0,70035689,8,com.support.android.designlibdemo/.MainActivity,android.intent.action.MAIN,NULL,NULL,0]
11-25 14:51:34.597   671   801 I am_home_stack_moved: [0,0,1,1,startedActivity setFocusedActivity]
11-25 14:51:34.598   671   801 I am_focused_activity: [0,com.support.android.designlibdemo/.MainActivity]
11-25 14:51:34.598   671   801 I am_finish_activity: [0,81807485,8,com.support.android.designlibdemo/.MainActivity,navigate-up]
11-25 14:51:34.599   671   801 I am_destroy_activity: [0,81807485,8,com.support.android.designlibdemo/.MainActivity,finish-imm]
11-25 14:51:34.601  3573  3573 I am_on_paused_called: [0,com.support.android.designlibdemo.CheeseDetailActivity]
11-25 14:51:34.603   671  1213 I am_restart_activity: [0,70035689,8,com.support.android.designlibdemo/.MainActivity]
11-25 14:51:34.647  3573  3573 I am_on_resume_called: [0,com.support.android.designlibdemo.MainActivity]
11-25 14:51:34.761   671   812 I am_activity_launch_time: [0,70035689,com.support.android.designlibdemo/.MainActivity,160,160]
11-25 14:51:35.138   671   806 I am_destroy_activity: [0,942352443,8,com.support.android.designlibdemo/.CheeseDetailActivity,finish-imm]
11-25 14:51:42.135   671  1213 I am_home_stack_moved: [0,0,1,1,sourceStackToFront]
11-25 14:51:42.136   671  1213 I wm_task_moved: [8,1,0]
11-25 14:51:42.151   671  1213 I am_create_activity: [0,54684167,8,com.support.android.designlibdemo/.CheeseDetailActivity,NULL,NULL,NULL,0]
11-25 14:51:42.154   671  1213 I am_pause_activity: [0,70035689,com.support.android.designlibdemo/.MainActivity]
11-25 14:51:42.155   671  1213 I am_home_stack_moved: [0,0,1,1,startedActivity setFocusedActivity]
11-25 14:51:42.157   671  1213 I am_focused_activity: [0,com.support.android.designlibdemo/.CheeseDetailActivity]
11-25 14:51:42.162  3573  3573 I am_on_paused_called: [0,com.support.android.designlibdemo.MainActivity]
11-25 14:51:42.165   671  1071 I am_restart_activity: [0,54684167,8,com.support.android.designlibdemo/.CheeseDetailActivity]
11-25 14:51:42.211  3573  3573 I am_on_resume_called: [0,com.support.android.designlibdemo.CheeseDetailActivity]
11-25 14:51:42.272   671   812 I am_activity_launch_time: [0,54684167,com.support.android.designlibdemo/.CheeseDetailActivity,109,109]
11-25 14:51:42.527   193   193 I sf_frame_dur: [com.support.android.designlibdemo/com.support.android.designlibdemo.MainActivity,29,1,1,0,1,0,2]
11-25 14:51:44.535   671  1249 I am_finish_activity: [0,54684167,8,com.support.android.designlibdemo/.CheeseDetailActivity,navigate-up]
11-25 14:51:44.537   671  1249 I am_home_stack_moved: [0,0,1,1,finishActivity adjustTopFocus setFocusedActivity]
11-25 14:51:44.539   671  1249 I am_focused_activity: [0,com.support.android.designlibdemo/.MainActivity]
11-25 14:51:44.540   671  1249 I am_pause_activity: [0,54684167,com.support.android.designlibdemo/.CheeseDetailActivity]
11-25 14:51:44.546   671  1249 I am_home_stack_moved: [0,0,1,1,sourceStackToFront]
11-25 14:51:44.546   671  1249 I wm_task_moved: [8,1,0]
11-25 14:51:44.553   671  1249 I am_create_activity: [0,605538069,8,com.support.android.designlibdemo/.MainActivity,android.intent.action.MAIN,NULL,NULL,0]
11-25 14:51:44.555   671  1249 I am_home_stack_moved: [0,0,1,1,startedActivity setFocusedActivity]
11-25 14:51:44.556   671  1249 I am_focused_activity: [0,com.support.android.designlibdemo/.MainActivity]
11-25 14:51:44.556   671  1249 I am_finish_activity: [0,70035689,8,com.support.android.designlibdemo/.MainActivity,navigate-up]
11-25 14:51:44.556   671  1249 I am_destroy_activity: [0,70035689,8,com.support.android.designlibdemo/.MainActivity,finish-imm]
11-25 14:51:44.564  3573  3573 I am_on_paused_called: [0,com.support.android.designlibdemo.CheeseDetailActivity]
11-25 14:51:44.566   671  1213 I am_restart_activity: [0,605538069,8,com.support.android.designlibdemo/.MainActivity]
11-25 14:51:44.607  3573  3573 I am_on_resume_called: [0,com.support.android.designlibdemo.MainActivity]
11-25 14:51:44.751   671   812 I am_activity_launch_time: [0,605538069,com.support.android.designlibdemo/.MainActivity,185,185]
11-25 14:51:45.123   671   806 I am_destroy_activity: [0,54684167,8,com.support.android.designlibdemo/.CheeseDetailActivity,finish-imm]
11-25 14:51:46.801   671  1204 I am_finish_activity: [0,605538069,8,com.support.android.designlibdemo/.MainActivity,app-request]
11-25 14:51:46.806   671  1204 I am_home_stack_moved: [0,1,0,0,finishActivity adjustFocus]
11-25 14:51:46.806   671  1204 I wm_task_moved: [1,1,0]
11-25 14:51:46.808   671  1204 I am_home_stack_moved: [0,1,0,0,finishActivity adjustTopFocus setFocusedActivity]
11-25 14:51:46.816   671  1204 I am_focused_activity: [0,com.cyanogenmod.trebuchet/com.android.launcher3.Launcher]
11-25 14:51:46.848   671  1204 I am_pause_activity: [0,605538069,com.support.android.designlibdemo/.MainActivity]
11-25 14:51:46.855  3573  3573 I am_on_paused_called: [0,com.support.android.designlibdemo.MainActivity]
11-25 14:51:46.868   671   891 I am_resume_activity: [0,337982653,1,com.cyanogenmod.trebuchet/com.android.launcher3.Launcher]
11-25 14:51:46.874  1278  1278 I am_on_resume_called: [0,com.android.launcher3.Launcher]
11-25 14:51:47.164   671   806 I am_destroy_activity: [0,605538069,8,com.support.android.designlibdemo/.MainActivity,finish-imm]
11-25 14:51:47.349   671   812 I wm_task_removed: [8,removeAppToken: last token]
11-25 14:51:47.349   671   812 I wm_task_removed: [8,removeTask]
11-25 14:51:47.361   193   193 I sf_frame_dur: [com.support.android.designlibdemo/com.support.android.designlibdemo.MainActivity,0,0,2,0,1,0,1]
11-25 14:51:47.410   318   318 I auditd  : type=1400 audit(0.0:180): avc: denied { create } for comm="360s" scontext=u:r:init:s0 tcontext=u:r:adbd:s0 tclass=tcp_socket permissive=1
11-25 14:51:47.410   318   318 I auditd  : type=1400 audit(0.0:181): avc: denied { setopt } for comm="360s" scontext=u:r:init:s0 tcontext=u:r:adbd:s0 tclass=tcp_socket permissive=1
11-25 14:51:47.410   318   318 I auditd  : type=1400 audit(0.0:182): avc: denied { connect } for comm="360s" scontext=u:r:init:s0 tcontext=u:r:adbd:s0 tclass=tcp_socket permissive=1
11-25 14:51:50.058   671  1327 I am_home_stack_moved: [0,0,1,1,startingNewTask]
11-25 14:51:50.059   671  1327 I am_create_task: [0,9]
11-25 14:51:50.059   671  1327 I am_create_activity: [0,37727484,9,com.support.android.designlibdemo/.MainActivity,android.intent.action.MAIN,NULL,NULL,270532608]
11-25 14:51:50.062   671  1327 I wm_task_created: [9,1]
11-25 14:51:50.062   671  1327 I wm_task_moved: [9,1,0]
11-25 14:51:50.069   671  1327 I am_pause_activity: [0,337982653,com.cyanogenmod.trebuchet/com.android.launcher3.Launcher]
11-25 14:51:50.071   671  1327 I am_home_stack_moved: [0,0,1,1,startedActivity setFocusedActivity]
11-25 14:51:50.073   671  1327 I am_focused_activity: [0,com.support.android.designlibdemo/.MainActivity]
11-25 14:51:50.085  1278  1278 I am_on_paused_called: [0,com.android.launcher3.Launcher]
11-25 14:51:50.088   671  1212 I am_restart_activity: [0,37727484,9,com.support.android.designlibdemo/.MainActivity]
11-25 14:51:50.141  3573  3573 I am_on_resume_called: [0,com.support.android.designlibdemo.MainActivity]
11-25 14:51:50.267   671   812 I am_activity_launch_time: [0,37727484,com.support.android.designlibdemo/.MainActivity,181,181]
11-25 14:51:50.573   193   193 I sf_frame_dur: [com.cyanogenmod.trebuchet/com.android.launcher3.Launcher,0,0,0,0,1,0,1]
11-25 14:51:52.078   671   671 I notification_cancel: [10033,1601,com.cyanogenmod.eleven,291347314,NULL,0,0,64,8,NULL]
11-25 14:51:52.483   671  1327 I am_home_stack_moved: [0,0,1,1,sourceStackToFront]
11-25 14:51:52.483   671  1327 I wm_task_moved: [9,1,0]
11-25 14:51:52.489   671  1327 I am_create_activity: [0,334902666,9,com.support.android.designlibdemo/.CheeseDetailActivity,NULL,NULL,NULL,0]
11-25 14:51:52.493   671  1327 I am_pause_activity: [0,37727484,com.support.android.designlibdemo/.MainActivity]
11-25 14:51:52.494   671  1327 I am_home_stack_moved: [0,0,1,1,startedActivity setFocusedActivity]
11-25 14:51:52.496   671  1327 I am_focused_activity: [0,com.support.android.designlibdemo/.CheeseDetailActivity]
11-25 14:51:52.501  3573  3573 I am_on_paused_called: [0,com.support.android.designlibdemo.MainActivity]
11-25 14:51:52.503   671  1277 I am_restart_activity: [0,334902666,9,com.support.android.designlibdemo/.CheeseDetailActivity]
11-25 14:51:52.543  3573  3573 I am_on_resume_called: [0,com.support.android.designlibdemo.CheeseDetailActivity]
11-25 14:51:52.606   671   812 I am_activity_launch_time: [0,334902666,com.support.android.designlibdemo/.CheeseDetailActivity,103,103]
11-25 14:51:52.865   193   193 I sf_frame_dur: [com.support.android.designlibdemo/com.support.android.designlibdemo.MainActivity,29,0,0,0,1,0,1]
11-25 14:51:54.853   671  1071 I am_finish_activity: [0,334902666,9,com.support.android.designlibdemo/.CheeseDetailActivity,navigate-up]
11-25 14:51:54.855   671  1071 I am_home_stack_moved: [0,0,1,1,finishActivity adjustTopFocus setFocusedActivity]
11-25 14:51:54.858   671  1071 I am_focused_activity: [0,com.support.android.designlibdemo/.MainActivity]
11-25 14:51:54.859   671  1071 I am_pause_activity: [0,334902666,com.support.android.designlibdemo/.CheeseDetailActivity]
11-25 14:51:54.866   671  1071 I am_home_stack_moved: [0,0,1,1,sourceStackToFront]
11-25 14:51:54.867   671  1071 I wm_task_moved: [9,1,0]
11-25 14:51:54.872   671  1071 I am_create_activity: [0,677235248,9,com.support.android.designlibdemo/.MainActivity,android.intent.action.MAIN,NULL,NULL,0]
11-25 14:51:54.873   671  1071 I am_home_stack_moved: [0,0,1,1,startedActivity setFocusedActivity]
11-25 14:51:54.874   671  1071 I am_focused_activity: [0,com.support.android.designlibdemo/.MainActivity]
11-25 14:51:54.874   671  1071 I am_finish_activity: [0,37727484,9,com.support.android.designlibdemo/.MainActivity,navigate-up]
11-25 14:51:54.875   671  1071 I am_destroy_activity: [0,37727484,9,com.support.android.designlibdemo/.MainActivity,finish-imm]
11-25 14:51:54.878  3573  3573 I am_on_paused_called: [0,com.support.android.designlibdemo.CheeseDetailActivity]
11-25 14:51:54.879   671   802 I am_restart_activity: [0,677235248,9,com.support.android.designlibdemo/.MainActivity]
11-25 14:51:54.921  3573  3573 I am_on_resume_called: [0,com.support.android.designlibdemo.MainActivity]
11-25 14:51:55.043   671   812 I am_activity_launch_time: [0,677235248,com.support.android.designlibdemo/.MainActivity,165,165]
11-25 14:51:55.411   671   806 I am_destroy_activity: [0,334902666,9,com.support.android.designlibdemo/.CheeseDetailActivity,finish-imm]
11-25 14:52:02.416   671   891 I am_home_stack_moved: [0,0,1,1,sourceStackToFront]
11-25 14:52:02.416   671   891 I wm_task_moved: [9,1,0]
11-25 14:52:02.421   671   891 I am_create_activity: [0,411650822,9,com.support.android.designlibdemo/.CheeseDetailActivity,NULL,NULL,NULL,0]
11-25 14:52:02.426   671   891 I am_pause_activity: [0,677235248,com.support.android.designlibdemo/.MainActivity]
11-25 14:52:02.429   671   891 I am_home_stack_moved: [0,0,1,1,startedActivity setFocusedActivity]
11-25 14:52:02.431   671   891 I am_focused_activity: [0,com.support.android.designlibdemo/.CheeseDetailActivity]
11-25 14:52:02.441  3573  3573 I am_on_paused_called: [0,com.support.android.designlibdemo.MainActivity]
11-25 14:52:02.443   671  1204 I am_restart_activity: [0,411650822,9,com.support.android.designlibdemo/.CheeseDetailActivity]
11-25 14:52:02.486  3573  3573 I am_on_resume_called: [0,com.support.android.designlibdemo.CheeseDetailActivity]
11-25 14:52:02.543   671   812 I am_activity_launch_time: [0,411650822,com.support.android.designlibdemo/.CheeseDetailActivity,101,101]
11-25 14:52:02.799   193   193 I sf_frame_dur: [com.support.android.designlibdemo/com.support.android.designlibdemo.MainActivity,29,0,2,0,1,0,3]
11-25 14:52:04.783   671  1248 I am_finish_activity: [0,411650822,9,com.support.android.designlibdemo/.CheeseDetailActivity,navigate-up]
11-25 14:52:04.786   671  1248 I am_home_stack_moved: [0,0,1,1,finishActivity adjustTopFocus setFocusedActivity]
11-25 14:52:04.787   671  1248 I am_focused_activity: [0,com.support.android.designlibdemo/.MainActivity]
11-25 14:52:04.788   671  1248 I am_pause_activity: [0,411650822,com.support.android.designlibdemo/.CheeseDetailActivity]
11-25 14:52:04.799   671  1248 I am_home_stack_moved: [0,0,1,1,sourceStackToFront]
11-25 14:52:04.799   671  1248 I wm_task_moved: [9,1,0]
11-25 14:52:04.803   671  1248 I am_create_activity: [0,981979532,9,com.support.android.designlibdemo/.MainActivity,android.intent.action.MAIN,NULL,NULL,0]
11-25 14:52:04.804   671  1248 I am_home_stack_moved: [0,0,1,1,startedActivity setFocusedActivity]
11-25 14:52:04.805   671  1248 I am_focused_activity: [0,com.support.android.designlibdemo/.MainActivity]
11-25 14:52:04.805   671  1248 I am_finish_activity: [0,677235248,9,com.support.android.designlibdemo/.MainActivity,navigate-up]
11-25 14:52:04.806   671  1248 I am_destroy_activity: [0,677235248,9,com.support.android.designlibdemo/.MainActivity,finish-imm]
11-25 14:52:04.813  3573  3573 I am_on_paused_called: [0,com.support.android.designlibdemo.CheeseDetailActivity]
11-25 14:52:04.814   671  1204 I am_restart_activity: [0,981979532,9,com.support.android.designlibdemo/.MainActivity]
11-25 14:52:04.870  3573  3573 I am_on_resume_called: [0,com.support.android.designlibdemo.MainActivity]
11-25 14:52:04.987   671   812 I am_activity_launch_time: [0,981979532,com.support.android.designlibdemo/.MainActivity,174,174]
11-25 14:52:05.361   671   806 I am_destroy_activity: [0,411650822,9,com.support.android.designlibdemo/.CheeseDetailActivity,finish-imm]
11-25 14:52:12.375   671  1248 I am_home_stack_moved: [0,0,1,1,sourceStackToFront]
11-25 14:52:12.375   671  1248 I wm_task_moved: [9,1,0]
11-25 14:52:12.380   671  1248 I am_create_activity: [0,835388226,9,com.support.android.designlibdemo/.CheeseDetailActivity,NULL,NULL,NULL,0]
11-25 14:52:12.383   671  1248 I am_pause_activity: [0,981979532,com.support.android.designlibdemo/.MainActivity]
11-25 14:52:12.391   671  1248 I am_home_stack_moved: [0,0,1,1,startedActivity setFocusedActivity]
11-25 14:52:12.396   671  1248 I am_focused_activity: [0,com.support.android.designlibdemo/.CheeseDetailActivity]
11-25 14:52:12.403  3573  3573 I am_on_paused_called: [0,com.support.android.designlibdemo.MainActivity]
11-25 14:52:12.404   671  1213 I am_restart_activity: [0,835388226,9,com.support.android.designlibdemo/.CheeseDetailActivity]
11-25 14:52:12.448  3573  3573 I am_on_resume_called: [0,com.support.android.designlibdemo.CheeseDetailActivity]
11-25 14:52:12.504   671   812 I am_activity_launch_time: [0,835388226,com.support.android.designlibdemo/.CheeseDetailActivity,101,101]
11-25 14:52:12.766   193   193 I sf_frame_dur: [com.support.android.designlibdemo/com.support.android.designlibdemo.MainActivity,29,2,1,0,1,0,2]
11-25 14:52:14.739   671  1327 I am_finish_activity: [0,835388226,9,com.support.android.designlibdemo/.CheeseDetailActivity,navigate-up]
11-25 14:52:14.742   671  1327 I am_home_stack_moved: [0,0,1,1,finishActivity adjustTopFocus setFocusedActivity]
11-25 14:52:14.746   671  1327 I am_focused_activity: [0,com.support.android.designlibdemo/.MainActivity]
11-25 14:52:14.747   671  1327 I am_pause_activity: [0,835388226,com.support.android.designlibdemo/.CheeseDetailActivity]
11-25 14:52:14.749   671  1327 I am_home_stack_moved: [0,0,1,1,sourceStackToFront]
11-25 14:52:14.749   671  1327 I wm_task_moved: [9,1,0]
11-25 14:52:14.758   671  1327 I am_create_activity: [0,183071144,9,com.support.android.designlibdemo/.MainActivity,android.intent.action.MAIN,NULL,NULL,0]
11-25 14:52:14.761   671  1327 I am_home_stack_moved: [0,0,1,1,startedActivity setFocusedActivity]
11-25 14:52:14.763   671  1327 I am_focused_activity: [0,com.support.android.designlibdemo/.MainActivity]
11-25 14:52:14.763   671  1327 I am_finish_activity: [0,981979532,9,com.support.android.designlibdemo/.MainActivity,navigate-up]
11-25 14:52:14.764   671  1327 I am_destroy_activity: [0,981979532,9,com.support.android.designlibdemo/.MainActivity,finish-imm]
11-25 14:52:14.770  3573  3573 I am_on_paused_called: [0,com.support.android.designlibdemo.CheeseDetailActivity]
11-25 14:52:14.772   671  1196 I am_restart_activity: [0,183071144,9,com.support.android.designlibdemo/.MainActivity]
11-25 14:52:14.815  3573  3573 I am_on_resume_called: [0,com.support.android.designlibdemo.MainActivity]
11-25 14:52:14.920   671   812 I am_activity_launch_time: [0,183071144,com.support.android.designlibdemo/.MainActivity,150,150]
11-25 14:52:15.294   671   806 I am_destroy_activity: [0,835388226,9,com.support.android.designlibdemo/.CheeseDetailActivity,finish-imm]
11-25 14:52:16.976   671  1248 I am_finish_activity: [0,183071144,9,com.support.android.designlibdemo/.MainActivity,app-request]
11-25 14:52:16.982   671  1248 I am_home_stack_moved: [0,1,0,0,finishActivity adjustFocus]
11-25 14:52:16.982   671  1248 I wm_task_moved: [1,1,0]
11-25 14:52:16.994   671  1248 I am_home_stack_moved: [0,1,0,0,finishActivity adjustTopFocus setFocusedActivity]
11-25 14:52:17.004   671  1248 I am_focused_activity: [0,com.cyanogenmod.trebuchet/com.android.launcher3.Launcher]
11-25 14:52:17.031   671  1248 I am_pause_activity: [0,183071144,com.support.android.designlibdemo/.MainActivity]
11-25 14:52:17.036  3573  3573 I am_on_paused_called: [0,com.support.android.designlibdemo.MainActivity]
11-25 14:52:17.045   671   891 I am_resume_activity: [0,337982653,1,com.cyanogenmod.trebuchet/com.android.launcher3.Launcher]
11-25 14:52:17.060  1278  1278 I am_on_resume_called: [0,com.android.launcher3.Launcher]
11-25 14:52:17.351   671   806 I am_destroy_activity: [0,183071144,9,com.support.android.designlibdemo/.MainActivity,finish-imm]
11-25 14:52:17.352   671   806 I am_kill : [0,1601,com.cyanogenmod.eleven:main,15,empty #17]
11-25 14:52:17.395   671  1213 I am_proc_died: [0,1601,com.cyanogenmod.eleven:main]
11-25 14:52:17.536   671   812 I wm_task_removed: [9,removeAppToken: last token]
11-25 14:52:17.536   671   812 I wm_task_removed: [9,removeTask]
11-25 14:52:17.549   193   193 I sf_frame_dur: [com.support.android.designlibdemo/com.support.android.designlibdemo.MainActivity,0,0,0,0,1,0,0]
11-25 14:52:20.225   671  1327 I am_home_stack_moved: [0,0,1,1,startingNewTask]
11-25 14:52:20.231   671  1327 I am_create_task: [0,10]
11-25 14:52:20.231   671  1327 I am_create_activity: [0,240953275,10,com.support.android.designlibdemo/.MainActivity,android.intent.action.MAIN,NULL,NULL,270532608]
11-25 14:52:20.231   671  1327 I wm_task_created: [10,1]
11-25 14:52:20.231   671  1327 I wm_task_moved: [10,1,0]
11-25 14:52:20.235   671  1327 I am_pause_activity: [0,337982653,com.cyanogenmod.trebuchet/com.android.launcher3.Launcher]
11-25 14:52:20.238   671  1327 I am_home_stack_moved: [0,0,1,1,startedActivity setFocusedActivity]
11-25 14:52:20.239   671  1327 I am_focused_activity: [0,com.support.android.designlibdemo/.MainActivity]
11-25 14:52:20.255  1278  1278 I am_on_paused_called: [0,com.android.launcher3.Launcher]
11-25 14:52:20.257   671  1071 I am_restart_activity: [0,240953275,10,com.support.android.designlibdemo/.MainActivity]
11-25 14:52:20.308  3573  3573 I am_on_resume_called: [0,com.support.android.designlibdemo.MainActivity]
11-25 14:52:20.414   671   812 I am_activity_launch_time: [0,240953275,com.support.android.designlibdemo/.MainActivity,158,158]
11-25 14:52:20.743   193   193 I sf_frame_dur: [com.cyanogenmod.trebuchet/com.android.launcher3.Launcher,0,0,0,0,1,0,1]
11-25 14:52:22.600   671   801 I am_home_stack_moved: [0,0,1,1,sourceStackToFront]
11-25 14:52:22.600   671   801 I wm_task_moved: [10,1,0]
11-25 14:52:22.613   671   801 I am_create_activity: [0,579975073,10,com.support.android.designlibdemo/.CheeseDetailActivity,NULL,NULL,NULL,0]
11-25 14:52:22.616   671   801 I am_pause_activity: [0,240953275,com.support.android.designlibdemo/.MainActivity]
11-25 14:52:22.619   671   801 I am_home_stack_moved: [0,0,1,1,startedActivity setFocusedActivity]
11-25 14:52:22.621   671   801 I am_focused_activity: [0,com.support.android.designlibdemo/.CheeseDetailActivity]
11-25 14:52:22.624  3573  3573 I am_on_paused_called: [0,com.support.android.designlibdemo.MainActivity]
11-25 14:52:22.626   671   891 I am_restart_activity: [0,579975073,10,com.support.android.designlibdemo/.CheeseDetailActivity]
11-25 14:52:22.657  3573  3573 I am_on_resume_called: [0,com.support.android.designlibdemo.CheeseDetailActivity]
11-25 14:52:22.709   671   812 I am_activity_launch_time: [0,579975073,com.support.android.designlibdemo/.CheeseDetailActivity,84,84]
11-25 14:52:22.968   193   193 I sf_frame_dur: [com.support.android.designlibdemo/com.support.android.designlibdemo.MainActivity,27,1,0,0,1,0,1]
11-25 14:52:24.966   671  1248 I am_finish_activity: [0,579975073,10,com.support.android.designlibdemo/.CheeseDetailActivity,navigate-up]
11-25 14:52:24.968   671  1248 I am_home_stack_moved: [0,0,1,1,finishActivity adjustTopFocus setFocusedActivity]
11-25 14:52:24.969   671  1248 I am_focused_activity: [0,com.support.android.designlibdemo/.MainActivity]
11-25 14:52:24.969   671  1248 I am_pause_activity: [0,579975073,com.support.android.designlibdemo/.CheeseDetailActivity]
11-25 14:52:24.971   671  1248 I am_home_stack_moved: [0,0,1,1,sourceStackToFront]
11-25 14:52:24.971   671  1248 I wm_task_moved: [10,1,0]
11-25 14:52:24.973   671  1248 I am_create_activity: [0,115268223,10,com.support.android.designlibdemo/.MainActivity,android.intent.action.MAIN,NULL,NULL,0]
11-25 14:52:24.973   671  1248 I am_home_stack_moved: [0,0,1,1,startedActivity setFocusedActivity]
11-25 14:52:24.974   671  1248 I am_focused_activity: [0,com.support.android.designlibdemo/.MainActivity]
11-25 14:52:24.974   671  1248 I am_finish_activity: [0,240953275,10,com.support.android.designlibdemo/.MainActivity,navigate-up]
11-25 14:52:24.975   671  1248 I am_destroy_activity: [0,240953275,10,com.support.android.designlibdemo/.MainActivity,finish-imm]
11-25 14:52:24.990  3573  3573 I am_on_paused_called: [0,com.support.android.designlibdemo.CheeseDetailActivity]
11-25 14:52:24.991   671   802 I am_restart_activity: [0,115268223,10,com.support.android.designlibdemo/.MainActivity]
11-25 14:52:25.047  3573  3573 I am_on_resume_called: [0,com.support.android.designlibdemo.MainActivity]
11-25 14:52:25.183   671   812 I am_activity_launch_time: [0,115268223,com.support.android.designlibdemo/.MainActivity,193,193]
11-25 14:52:25.564   671   806 I am_destroy_activity: [0,579975073,10,com.support.android.designlibdemo/.CheeseDetailActivity,finish-imm]
11-25 14:52:32.569   671  1249 I am_home_stack_moved: [0,0,1,1,sourceStackToFront]
11-25 14:52:32.569   671  1249 I wm_task_moved: [10,1,0]
11-25 14:52:32.578   671  1249 I am_create_activity: [0,423364429,10,com.support.android.designlibdemo/.CheeseDetailActivity,NULL,NULL,NULL,0]
11-25 14:52:32.581   671  1249 I am_pause_activity: [0,115268223,com.support.android.designlibdemo/.MainActivity]
11-25 14:52:32.592   671  1249 I am_home_stack_moved: [0,0,1,1,startedActivity setFocusedActivity]
11-25 14:52:32.595   671  1249 I am_focused_activity: [0,com.support.android.designlibdemo/.CheeseDetailActivity]
11-25 14:52:32.601  3573  3573 I am_on_paused_called: [0,com.support.android.designlibdemo.MainActivity]
11-25 14:52:32.603   671  1327 I am_restart_activity: [0,423364429,10,com.support.android.designlibdemo/.CheeseDetailActivity]
11-25 14:52:32.651  3573  3573 I am_on_resume_called: [0,com.support.android.designlibdemo.CheeseDetailActivity]
11-25 14:52:32.706   671   812 I am_activity_launch_time: [0,423364429,com.support.android.designlibdemo/.CheeseDetailActivity,104,104]
11-25 14:52:32.970   193   193 I sf_frame_dur: [com.support.android.designlibdemo/com.support.android.designlibdemo.MainActivity,30,2,1,0,1,0,2]
11-25 14:52:34.960   671  1277 I am_finish_activity: [0,423364429,10,com.support.android.designlibdemo/.CheeseDetailActivity,navigate-up]
11-25 14:52:34.962   671  1277 I am_home_stack_moved: [0,0,1,1,finishActivity adjustTopFocus setFocusedActivity]
11-25 14:52:34.964   671  1277 I am_focused_activity: [0,com.support.android.designlibdemo/.MainActivity]
11-25 14:52:34.964   671  1277 I am_pause_activity: [0,423364429,com.support.android.designlibdemo/.CheeseDetailActivity]
11-25 14:52:34.965   671  1277 I am_home_stack_moved: [0,0,1,1,sourceStackToFront]
11-25 14:52:34.966   671  1277 I wm_task_moved: [10,1,0]
11-25 14:52:34.977   671  1277 I am_create_activity: [0,471115147,10,com.support.android.designlibdemo/.MainActivity,android.intent.action.MAIN,NULL,NULL,0]
11-25 14:52:34.979   671  1277 I am_home_stack_moved: [0,0,1,1,startedActivity setFocusedActivity]
11-25 14:52:34.981   671  1277 I am_focused_activity: [0,com.support.android.designlibdemo/.MainActivity]
11-25 14:52:34.981   671  1277 I am_finish_activity: [0,115268223,10,com.support.android.designlibdemo/.MainActivity,navigate-up]
11-25 14:52:34.982   671  1277 I am_destroy_activity: [0,115268223,10,com.support.android.designlibdemo/.MainActivity,finish-imm]
11-25 14:52:34.985  3573  3573 I am_on_paused_called: [0,com.support.android.designlibdemo.CheeseDetailActivity]
11-25 14:52:34.987   671  1212 I am_restart_activity: [0,471115147,10,com.support.android.designlibdemo/.MainActivity]
11-25 14:52:35.030  3573  3573 I am_on_resume_called: [0,com.support.android.designlibdemo.MainActivity]
11-25 14:52:35.148   671   812 I am_activity_launch_time: [0,471115147,com.support.android.designlibdemo/.MainActivity,162,162]
11-25 14:52:35.515   671   806 I am_destroy_activity: [0,423364429,10,com.support.android.designlibdemo/.CheeseDetailActivity,finish-imm]
11-25 14:52:42.501   671  1212 I am_home_stack_moved: [0,0,1,1,sourceStackToFront]
11-25 14:52:42.501   671  1212 I wm_task_moved: [10,1,0]
11-25 14:52:42.507   671  1212 I am_create_activity: [0,484710585,10,com.support.android.designlibdemo/.CheeseDetailActivity,NULL,NULL,NULL,0]
11-25 14:52:42.509   671  1212 I am_pause_activity: [0,471115147,com.support.android.designlibdemo/.MainActivity]
11-25 14:52:42.515   671  1212 I am_home_stack_moved: [0,0,1,1,startedActivity setFocusedActivity]
11-25 14:52:42.517   671  1212 I am_focused_activity: [0,com.support.android.designlibdemo/.CheeseDetailActivity]
11-25 14:52:42.523  3573  3573 I am_on_paused_called: [0,com.support.android.designlibdemo.MainActivity]
11-25 14:52:42.526   671  1248 I am_restart_activity: [0,484710585,10,com.support.android.designlibdemo/.CheeseDetailActivity]
11-25 14:52:42.561  3573  3573 I am_on_resume_called: [0,com.support.android.designlibdemo.CheeseDetailActivity]
11-25 14:52:42.619   671   812 I am_activity_launch_time: [0,484710585,com.support.android.designlibdemo/.CheeseDetailActivity,94,94]
11-25 14:52:42.871   193   193 I sf_frame_dur: [com.support.android.designlibdemo/com.support.android.designlibdemo.MainActivity,29,1,1,0,1,0,2]
11-25 14:52:44.889   671  1196 I am_finish_activity: [0,484710585,10,com.support.android.designlibdemo/.CheeseDetailActivity,navigate-up]
11-25 14:52:44.890   671  1196 I am_home_stack_moved: [0,0,1,1,finishActivity adjustTopFocus setFocusedActivity]
11-25 14:52:44.891   671  1196 I am_focused_activity: [0,com.support.android.designlibdemo/.MainActivity]
11-25 14:52:44.892   671  1196 I am_pause_activity: [0,484710585,com.support.android.designlibdemo/.CheeseDetailActivity]
11-25 14:52:44.901   671  1196 I am_home_stack_moved: [0,0,1,1,sourceStackToFront]
11-25 14:52:44.901   671  1196 I wm_task_moved: [10,1,0]
11-25 14:52:44.905   671  1196 I am_create_activity: [0,54239319,10,com.support.android.designlibdemo/.MainActivity,android.intent.action.MAIN,NULL,NULL,0]
11-25 14:52:44.906   671  1196 I am_home_stack_moved: [0,0,1,1,startedActivity setFocusedActivity]
11-25 14:52:44.908   671  1196 I am_focused_activity: [0,com.support.android.designlibdemo/.MainActivity]
11-25 14:52:44.908   671  1196 I am_finish_activity: [0,471115147,10,com.support.android.designlibdemo/.MainActivity,navigate-up]
11-25 14:52:44.909   671  1196 I am_destroy_activity: [0,471115147,10,com.support.android.designlibdemo/.MainActivity,finish-imm]
11-25 14:52:44.911  3573  3573 I am_on_paused_called: [0,com.support.android.designlibdemo.CheeseDetailActivity]
11-25 14:52:44.913   671   802 I am_restart_activity: [0,54239319,10,com.support.android.designlibdemo/.MainActivity]
11-25 14:52:44.960  3573  3573 I am_on_resume_called: [0,com.support.android.designlibdemo.MainActivity]
11-25 14:52:45.082   671   812 I am_activity_launch_time: [0,54239319,com.support.android.designlibdemo/.MainActivity,171,171]
11-25 14:52:45.450   671   806 I am_destroy_activity: [0,484710585,10,com.support.android.designlibdemo/.CheeseDetailActivity,finish-imm]
11-25 14:52:47.116   671  1212 I am_finish_activity: [0,54239319,10,com.support.android.designlibdemo/.MainActivity,app-request]
11-25 14:52:47.122   671  1212 I am_home_stack_moved: [0,1,0,0,finishActivity adjustFocus]
11-25 14:52:47.123   671  1212 I wm_task_moved: [1,1,0]
11-25 14:52:47.136   671  1212 I am_home_stack_moved: [0,1,0,0,finishActivity adjustTopFocus setFocusedActivity]
11-25 14:52:47.139   671  1212 I am_focused_activity: [0,com.cyanogenmod.trebuchet/com.android.launcher3.Launcher]
11-25 14:52:47.157   671  1212 I am_pause_activity: [0,54239319,com.support.android.designlibdemo/.MainActivity]
11-25 14:52:47.162  3573  3573 I am_on_paused_called: [0,com.support.android.designlibdemo.MainActivity]
11-25 14:52:47.171   671  1071 I am_resume_activity: [0,337982653,1,com.cyanogenmod.trebuchet/com.android.launcher3.Launcher]
11-25 14:52:47.186  1278  1278 I am_on_resume_called: [0,com.android.launcher3.Launcher]
11-25 14:52:47.474   671   806 I am_destroy_activity: [0,54239319,10,com.support.android.designlibdemo/.MainActivity,finish-imm]
11-25 14:52:47.659   671   812 I wm_task_removed: [10,removeAppToken: last token]
11-25 14:52:47.659   671   812 I wm_task_removed: [10,removeTask]
11-25 14:52:47.671   193   193 I sf_frame_dur: [com.support.android.designlibdemo/com.support.android.designlibdemo.MainActivity,1,0,0,0,1,0,0]
11-25 14:52:50.382   671   801 I am_home_stack_moved: [0,0,1,1,startingNewTask]
11-25 14:52:50.382   671   801 I am_create_task: [0,11]
11-25 14:52:50.382   671   801 I am_create_activity: [0,868241542,11,com.support.android.designlibdemo/.MainActivity,android.intent.action.MAIN,NULL,NULL,270532608]
11-25 14:52:50.384   671   801 I wm_task_created: [11,1]
11-25 14:52:50.384   671   801 I wm_task_moved: [11,1,0]
11-25 14:52:50.388   671   801 I am_pause_activity: [0,337982653,com.cyanogenmod.trebuchet/com.android.launcher3.Launcher]
11-25 14:52:50.391   671   801 I am_home_stack_moved: [0,0,1,1,startedActivity setFocusedActivity]
11-25 14:52:50.393   671   801 I am_focused_activity: [0,com.support.android.designlibdemo/.MainActivity]
11-25 14:52:50.405  1278  1278 I am_on_paused_called: [0,com.android.launcher3.Launcher]
11-25 14:52:50.409   671  1212 I am_restart_activity: [0,868241542,11,com.support.android.designlibdemo/.MainActivity]
11-25 14:52:50.463  3573  3573 I am_on_resume_called: [0,com.support.android.designlibdemo.MainActivity]
11-25 14:52:50.566   671   812 I am_activity_launch_time: [0,868241542,com.support.android.designlibdemo/.MainActivity,161,161]
11-25 14:52:50.900   193   193 I sf_frame_dur: [com.cyanogenmod.trebuchet/com.android.launcher3.Launcher,0,0,0,0,1,0,1]
11-25 14:52:52.753   671   891 I am_home_stack_moved: [0,0,1,1,sourceStackToFront]
11-25 14:52:52.753   671   891 I wm_task_moved: [11,1,0]
11-25 14:52:52.759   671   891 I am_create_activity: [0,121137060,11,com.support.android.designlibdemo/.CheeseDetailActivity,NULL,NULL,NULL,0]
11-25 14:52:52.765   671   891 I am_pause_activity: [0,868241542,com.support.android.designlibdemo/.MainActivity]
11-25 14:52:52.767   671   891 I am_home_stack_moved: [0,0,1,1,startedActivity setFocusedActivity]
11-25 14:52:52.770   671   891 I am_focused_activity: [0,com.support.android.designlibdemo/.CheeseDetailActivity]
11-25 14:52:52.780  3573  3573 I am_on_paused_called: [0,com.support.android.designlibdemo.MainActivity]
11-25 14:52:52.782   671  1196 I am_restart_activity: [0,121137060,11,com.support.android.designlibdemo/.CheeseDetailActivity]
11-25 14:52:52.817  3573  3573 I am_on_resume_called: [0,com.support.android.designlibdemo.CheeseDetailActivity]
11-25 14:52:52.879   671   812 I am_activity_launch_time: [0,121137060,com.support.android.designlibdemo/.CheeseDetailActivity,97,97]
11-25 14:52:53.142   193   193 I sf_frame_dur: [com.support.android.designlibdemo/com.support.android.designlibdemo.MainActivity,29,0,0,0,1,0,1]
11-25 14:52:55.124   671   801 I am_finish_activity: [0,121137060,11,com.support.android.designlibdemo/.CheeseDetailActivity,navigate-up]
11-25 14:52:55.125   671   801 I am_home_stack_moved: [0,0,1,1,finishActivity adjustTopFocus setFocusedActivity]
11-25 14:52:55.127   671   801 I am_focused_activity: [0,com.support.android.designlibdemo/.MainActivity]
11-25 14:52:55.130   671   801 I am_pause_activity: [0,121137060,com.support.android.designlibdemo/.CheeseDetailActivity]
11-25 14:52:55.137   671   801 I am_home_stack_moved: [0,0,1,1,sourceStackToFront]
11-25 14:52:55.137   671   801 I wm_task_moved: [11,1,0]
11-25 14:52:55.145   671   801 I am_create_activity: [0,638068250,11,com.support.android.designlibdemo/.MainActivity,android.intent.action.MAIN,NULL,NULL,0]
11-25 14:52:55.146   671   801 I am_home_stack_moved: [0,0,1,1,startedActivity setFocusedActivity]
11-25 14:52:55.147   671   801 I am_focused_activity: [0,com.support.android.designlibdemo/.MainActivity]
11-25 14:52:55.147   671   801 I am_finish_activity: [0,868241542,11,com.support.android.designlibdemo/.MainActivity,navigate-up]
11-25 14:52:55.148   671   801 I am_destroy_activity: [0,868241542,11,com.support.android.designlibdemo/.MainActivity,finish-imm]
11-25 14:52:55.150  3573  3573 I am_on_paused_called: [0,com.support.android.designlibdemo.CheeseDetailActivity]
11-25 14:52:55.152   671  1213 I am_restart_activity: [0,638068250,11,com.support.android.designlibdemo/.MainActivity]
11-25 14:52:55.192  3573  3573 I am_on_resume_called: [0,com.support.android.designlibdemo.MainActivity]
11-25 14:52:55.302   671   812 I am_activity_launch_time: [0,638068250,com.support.android.designlibdemo/.MainActivity,152,152]
11-25 14:52:55.671   671   806 I am_destroy_activity: [0,121137060,11,com.support.android.designlibdemo/.CheeseDetailActivity,finish-imm]
11-25 14:53:02.690   671  1212 I am_home_stack_moved: [0,0,1,1,sourceStackToFront]
11-25 14:53:02.690   671  1212 I wm_task_moved: [11,1,0]
11-25 14:53:02.695   671  1212 I am_create_activity: [0,705455936,11,com.support.android.designlibdemo/.CheeseDetailActivity,NULL,NULL,NULL,0]
11-25 14:53:02.698   671  1212 I am_pause_activity: [0,638068250,com.support.android.designlibdemo/.MainActivity]
11-25 14:53:02.704   671  1212 I am_home_stack_moved: [0,0,1,1,startedActivity setFocusedActivity]
11-25 14:53:02.707   671  1212 I am_focused_activity: [0,com.support.android.designlibdemo/.CheeseDetailActivity]
11-25 14:53:02.714  3573  3573 I am_on_paused_called: [0,com.support.android.designlibdemo.MainActivity]
11-25 14:53:02.716   671  1327 I am_restart_activity: [0,705455936,11,com.support.android.designlibdemo/.CheeseDetailActivity]
11-25 14:53:02.764  3573  3573 I am_on_resume_called: [0,com.support.android.designlibdemo.CheeseDetailActivity]
11-25 14:53:02.822   671   812 I am_activity_launch_time: [0,705455936,com.support.android.designlibdemo/.CheeseDetailActivity,108,108]
11-25 14:53:03.078   193   193 I sf_frame_dur: [com.support.android.designlibdemo/com.support.android.designlibdemo.MainActivity,30,1,1,0,1,0,3]
11-25 14:53:05.082   671  1249 I am_finish_activity: [0,705455936,11,com.support.android.designlibdemo/.CheeseDetailActivity,navigate-up]
11-25 14:53:05.084   671  1249 I am_home_stack_moved: [0,0,1,1,finishActivity adjustTopFocus setFocusedActivity]
11-25 14:53:05.088   671  1249 I am_focused_activity: [0,com.support.android.designlibdemo/.MainActivity]
11-25 14:53:05.088   671  1249 I am_pause_activity: [0,705455936,com.support.android.designlibdemo/.CheeseDetailActivity]
11-25 14:53:05.090   671  1249 I am_home_stack_moved: [0,0,1,1,sourceStackToFront]
11-25 14:53:05.090   671  1249 I wm_task_moved: [11,1,0]
11-25 14:53:05.098   671  1249 I am_create_activity: [0,979843222,11,com.support.android.designlibdemo/.MainActivity,android.intent.action.MAIN,NULL,NULL,0]
11-25 14:53:05.100   671  1249 I am_home_stack_moved: [0,0,1,1,startedActivity setFocusedActivity]
11-25 14:53:05.102   671  1249 I am_focused_activity: [0,com.support.android.designlibdemo/.MainActivity]
11-25 14:53:05.102   671  1249 I am_finish_activity: [0,638068250,11,com.support.android.designlibdemo/.MainActivity,navigate-up]
11-25 14:53:05.102   671  1249 I am_destroy_activity: [0,638068250,11,com.support.android.designlibdemo/.MainActivity,finish-imm]
11-25 14:53:05.109  3573  3573 I am_on_paused_called: [0,com.support.android.designlibdemo.CheeseDetailActivity]
11-25 14:53:05.111   671  1277 I am_restart_activity: [0,979843222,11,com.support.android.designlibdemo/.MainActivity]
11-25 14:53:05.167  3573  3573 I am_on_resume_called: [0,com.support.android.designlibdemo.MainActivity]
11-25 14:53:05.281   671   812 I am_activity_launch_time: [0,979843222,com.support.android.designlibdemo/.MainActivity,170,170]
11-25 14:53:05.657   671   806 I am_destroy_activity: [0,705455936,11,com.support.android.designlibdemo/.CheeseDetailActivity,finish-imm]
11-25 14:53:12.642   671  1327 I am_home_stack_moved: [0,0,1,1,sourceStackToFront]
11-25 14:53:12.642   671  1327 I wm_task_moved: [11,1,0]
11-25 14:53:12.648   671  1327 I am_create_activity: [0,54973340,11,com.support.android.designlibdemo/.CheeseDetailActivity,NULL,NULL,NULL,0]
11-25 14:53:12.657   671  1327 I am_pause_activity: [0,979843222,com.support.android.designlibdemo/.MainActivity]
11-25 14:53:12.660   671  1327 I am_home_stack_moved: [0,0,1,1,startedActivity setFocusedActivity]
11-25 14:53:12.662   671  1327 I am_focused_activity: [0,com.support.android.designlibdemo/.CheeseDetailActivity]
11-25 14:53:12.667  3573  3573 I am_on_paused_called: [0,com.support.android.designlibdemo.MainActivity]
11-25 14:53:12.668   671   891 I am_restart_activity: [0,54973340,11,com.support.android.designlibdemo/.CheeseDetailActivity]
11-25 14:53:12.714  3573  3573 I am_on_resume_called: [0,com.support.android.designlibdemo.CheeseDetailActivity]
11-25 14:53:12.776   671   812 I am_activity_launch_time: [0,54973340,com.support.android.designlibdemo/.CheeseDetailActivity,108,108]
11-25 14:53:13.028   193   193 I sf_frame_dur: [com.support.android.designlibdemo/com.support.android.designlibdemo.MainActivity,31,0,1,0,1,0,2]
11-25 14:53:15.014   671  1277 I am_finish_activity: [0,54973340,11,com.support.android.designlibdemo/.CheeseDetailActivity,navigate-up]
11-25 14:53:15.017   671  1277 I am_home_stack_moved: [0,0,1,1,finishActivity adjustTopFocus setFocusedActivity]
11-25 14:53:15.018   671  1277 I am_focused_activity: [0,com.support.android.designlibdemo/.MainActivity]
11-25 14:53:15.022   671  1277 I am_pause_activity: [0,54973340,com.support.android.designlibdemo/.CheeseDetailActivity]
11-25 14:53:15.027   671  1277 I am_home_stack_moved: [0,0,1,1,sourceStackToFront]
11-25 14:53:15.027   671  1277 I wm_task_moved: [11,1,0]
11-25 14:53:15.033   671  1277 I am_create_activity: [0,746913234,11,com.support.android.designlibdemo/.MainActivity,android.intent.action.MAIN,NULL,NULL,0]
11-25 14:53:15.037   671  1277 I am_home_stack_moved: [0,0,1,1,startedActivity setFocusedActivity]
11-25 14:53:15.038   671  1277 I am_focused_activity: [0,com.support.android.designlibdemo/.MainActivity]
11-25 14:53:15.038   671  1277 I am_finish_activity: [0,979843222,11,com.support.android.designlibdemo/.MainActivity,navigate-up]
11-25 14:53:15.039   671  1277 I am_destroy_activity: [0,979843222,11,com.support.android.designlibdemo/.MainActivity,finish-imm]
11-25 14:53:15.041  3573  3573 I am_on_paused_called: [0,com.support.android.designlibdemo.CheeseDetailActivity]
11-25 14:53:15.042   671  1249 I am_restart_activity: [0,746913234,11,com.support.android.designlibdemo/.MainActivity]
11-25 14:53:15.086  3573  3573 I am_on_resume_called: [0,com.support.android.designlibdemo.MainActivity]
11-25 14:53:15.206   671   812 I am_activity_launch_time: [0,746913234,com.support.android.designlibdemo/.MainActivity,165,165]
11-25 14:53:15.574   671   806 I am_destroy_activity: [0,54973340,11,com.support.android.designlibdemo/.CheeseDetailActivity,finish-imm]
11-25 14:53:17.238   671  1071 I am_finish_activity: [0,746913234,11,com.support.android.designlibdemo/.MainActivity,app-request]
11-25 14:53:17.245   671  1071 I am_home_stack_moved: [0,1,0,0,finishActivity adjustFocus]
11-25 14:53:17.248   671  1071 I wm_task_moved: [1,1,0]
11-25 14:53:17.257   671  1071 I am_home_stack_moved: [0,1,0,0,finishActivity adjustTopFocus setFocusedActivity]
11-25 14:53:17.260   671  1071 I am_focused_activity: [0,com.cyanogenmod.trebuchet/com.android.launcher3.Launcher]
11-25 14:53:17.283   671  1071 I am_pause_activity: [0,746913234,com.support.android.designlibdemo/.MainActivity]
11-25 14:53:17.287  3573  3573 I am_on_paused_called: [0,com.support.android.designlibdemo.MainActivity]
11-25 14:53:17.297   671  1249 I am_resume_activity: [0,337982653,1,com.cyanogenmod.trebuchet/com.android.launcher3.Launcher]
11-25 14:53:17.309  1278  1278 I am_on_resume_called: [0,com.android.launcher3.Launcher]
11-25 14:53:17.598   671   806 I am_destroy_activity: [0,746913234,11,com.support.android.designlibdemo/.MainActivity,finish-imm]
11-25 14:53:17.783   671   812 I wm_task_removed: [11,removeAppToken: last token]
11-25 14:53:17.783   671   812 I wm_task_removed: [11,removeTask]
11-25 14:53:17.795   193   193 I sf_frame_dur: [com.support.android.designlibdemo/com.support.android.designlibdemo.MainActivity,0,1,0,0,1,0,1]
11-25 14:53:20.505   671  1327 I am_home_stack_moved: [0,0,1,1,startingNewTask]
11-25 14:53:20.505   671  1327 I am_create_task: [0,12]
11-25 14:53:20.505   671  1327 I am_create_activity: [0,882657997,12,com.support.android.designlibdemo/.MainActivity,android.intent.action.MAIN,NULL,NULL,270532608]
11-25 14:53:20.506   671  1327 I wm_task_created: [12,1]
11-25 14:53:20.506   671  1327 I wm_task_moved: [12,1,0]
11-25 14:53:20.516   671  1327 I am_pause_activity: [0,337982653,com.cyanogenmod.trebuchet/com.android.launcher3.Launcher]
11-25 14:53:20.519   671  1327 I am_home_stack_moved: [0,0,1,1,startedActivity setFocusedActivity]
11-25 14:53:20.520   671  1327 I am_focused_activity: [0,com.support.android.designlibdemo/.MainActivity]
11-25 14:53:20.535  1278  1278 I am_on_paused_called: [0,com.android.launcher3.Launcher]
11-25 14:53:20.538   671  1213 I am_restart_activity: [0,882657997,12,com.support.android.designlibdemo/.MainActivity]
11-25 14:53:20.596  3573  3573 I am_on_resume_called: [0,com.support.android.designlibdemo.MainActivity]
11-25 14:53:20.712   671   812 I am_activity_launch_time: [0,882657997,com.support.android.designlibdemo/.MainActivity,176,176]
11-25 14:53:21.007   193   193 I sf_frame_dur: [com.cyanogenmod.trebuchet/com.android.launcher3.Launcher,0,0,0,0,1,0,1]
11-25 14:53:22.910   671  1196 I am_home_stack_moved: [0,0,1,1,sourceStackToFront]
11-25 14:53:22.910   671  1196 I wm_task_moved: [12,1,0]
11-25 14:53:22.916   671  1196 I am_create_activity: [0,551275139,12,com.support.android.designlibdemo/.CheeseDetailActivity,NULL,NULL,NULL,0]
11-25 14:53:22.919   671  1196 I am_pause_activity: [0,882657997,com.support.android.designlibdemo/.MainActivity]
11-25 14:53:22.921   671  1196 I am_home_stack_moved: [0,0,1,1,startedActivity setFocusedActivity]
11-25 14:53:22.923   671  1196 I am_focused_activity: [0,com.support.android.designlibdemo/.CheeseDetailActivity]
11-25 14:53:22.929  3573  3573 I am_on_paused_called: [0,com.support.android.designlibdemo.MainActivity]
11-25 14:53:22.931   671   891 I am_restart_activity: [0,551275139,12,com.support.android.designlibdemo/.CheeseDetailActivity]
11-25 14:53:22.964  3573  3573 I am_on_resume_called: [0,com.support.android.designlibdemo.CheeseDetailActivity]
