11-25 14:46:58.408   671  1212 I ActivityManager: Start proc 1844:com.android.deskclock/u0a31 for broadcast com.android.deskclock/.AlarmInitReceiver
11-25 14:46:58.418   671  1841 I BootReceiver: Copied 1167 worth of audits to DropBox
11-25 14:46:58.427   671  1841 I BootReceiver: Checking for fsck errors
11-25 14:46:58.475   671  1840 I ActivityManager: Start proc 1862:com.android.keychain/1000 for service com.android.keychain/.KeyChainService
11-25 14:46:58.633   671  1213 I ActivityManager: Start proc 1895:com.android.dialer/u0a8 for broadcast com.android.dialer/.calllog.CallLogReceiver
11-25 14:46:58.776   671   907 D ConnectivityService: Got NetworkFactory Messenger for WIFI
11-25 14:46:58.776   671   907 D ConnectivityService: Got NetworkFactory Messenger for WIFI_UT
11-25 14:46:58.846   671   802 I ActivityManager: Start proc 1916:com.cyanogenmod.account/u0a2 for broadcast com.cyanogenmod.account/.receiver.BootReceiver
11-25 14:46:59.021   671  1212 I ActivityManager: Start proc 1944:org.cyanogenmod.bugreport/2000 for broadcast org.cyanogenmod.bugreport/.PackageChangeReceiver
11-25 14:46:59.106   671  1196 I ActivityManager: Start proc 1962:com.cyanogenmod.updater/u0a3 for broadcast com.cyanogenmod.updater/.receiver.UpdateCheckReceiver
11-25 14:46:59.231   671   801 I ActivityManager: Start proc 1990:com.android.providers.calendar/u0a4 for broadcast com.android.providers.calendar/.CalendarReceiver
11-25 14:46:59.255  1990  1990 W ResourcesManager: Asset path '/system/framework/android.test.runner.jar' does not exist or contains no resources.
11-25 14:46:59.390   671  1071 I ActivityManager: Start proc 2013:com.android.managedprovisioning/u0a11 for broadcast com.android.managedprovisioning/.BootReminder
11-25 14:46:59.674   671   801 I ActivityManager: Start proc 2039:com.android.mms/u0a12 for broadcast com.android.mms/.transaction.MmsSystemEventReceiver
11-25 14:46:59.846   671  1071 D CountryDetector: The first listener is added
11-25 14:46:59.957   671   801 I ActivityManager: Start proc 2070:com.android.onetimeinitializer/u0a13 for broadcast com.android.onetimeinitializer/.OneTimeInitializerReceiver
11-25 14:47:00.072   671  1204 I ActivityManager: Start proc 2099:com.android.calendar/u0a27 for broadcast com.android.calendar/.alerts.AlertReceiver
11-25 14:47:00.098   671  1248 W ActivityManager: getTasks: caller 10012 is using old GET_TASKS but privileged; allowing
11-25 14:47:00.109   671   671 I ValidateNoPeople: Validating: 0|com.android.mms|123|null|10012
11-25 14:47:00.112   671   910 I ValidateNoPeople: Executing: validation for: 0|com.android.mms|123|null|10012
11-25 14:47:00.122   671   671 D ZenLog  : intercepted: 0|com.android.mms|123|null|10012,none
11-25 14:47:00.123   671   671 V NotificationService: pkg=com.android.mms canInterrupt=false intercept=true
11-25 14:47:00.124   671   801 W ActivityManager: getTasks: caller 10012 is using old GET_TASKS but privileged; allowing
11-25 14:47:00.129   671   671 I ValidateNoPeople: Validating: 0|com.android.mms|123|null|10012
11-25 14:47:00.134   671   671 V NotificationService: pkg=com.android.mms canInterrupt=false intercept=true
11-25 14:47:00.195   671  1196 I ActivityManager: Start proc 2126:com.android.email/u0a34 for broadcast com.android.email/.service.EmailBroadcastReceiver
11-25 14:47:00.199   671   910 I ValidateNoPeople: final affinity: 0.0
11-25 14:47:00.199   671   910 I ValidateNoPeople: Executing: validation for: 0|com.android.mms|123|null|10012
11-25 14:47:00.215   671   910 I ValidateNoPeople: final affinity: 0.0
11-25 14:47:00.349   671   891 I ActivityManager: Start proc 2146:com.android.exchange/u0a35 for service com.android.exchange/.service.EasService
11-25 14:47:00.368  2126  2164 D ActivityThread: Loading provider com.android.email.provider;com.android.email.notifier: com.android.email.provider.EmailProvider
11-25 14:47:00.371  2126  2166 D ActivityThread: Loading provider com.android.email.provider;com.android.email.notifier: com.android.email.provider.EmailProvider
11-25 14:47:00.375  2126  2168 D ActivityThread: Loading provider com.android.email.provider;com.android.email.notifier: com.android.email.provider.EmailProvider
11-25 14:47:00.379  2126  2165 D ActivityThread: Loading provider com.android.email.provider;com.android.email.notifier: com.android.email.provider.EmailProvider
11-25 14:47:00.431   671  1196 I ActivityManager: Start proc 2174:com.android.gallery3d/u0a37 for broadcast com.android.gallery3d/org.codeaurora.gallery3d.video.DmReceiver
11-25 14:47:00.473   671  1212 W ActivityManager: Unable to start service Intent { cmp=com.android.email/.service.AttachmentService } U=0: not found
11-25 14:47:00.474   671  1213 W ActivityManager: Unable to start service Intent { cmp=com.android.email/.service.AttachmentService } U=0: not found
11-25 14:47:00.477   671  1196 W ActivityManager: Unable to start service Intent { cmp=com.android.email/.service.AttachmentService } U=0: not found
11-25 14:47:00.480   671  1071 W ActivityManager: Unable to start service Intent { cmp=com.android.email/.service.AttachmentService } U=0: not found
11-25 14:47:00.483   671  1327 W ActivityManager: Unable to start service Intent { cmp=com.android.email/.service.AttachmentService } U=0: not found
11-25 14:47:00.540   671  1204 I ActivityManager: Killing 1539:com.cyanogenmod.eleven/u0a33 (adj 15): empty #17
11-25 14:47:00.605   671  1204 I ActivityManager: Killing 1503:com.cyanogenmod.lockclock/u0a43 (adj 15): empty #17
11-25 14:47:00.697   671  1248 I ActivityManager: Start proc 2202:com.cyanogenmod.lockclock/u0a43 for broadcast com.cyanogenmod.lockclock/.ClockWidgetProvider
11-25 14:47:00.776   671   891 I ActivityManager: Killing 1359:com.android.printspooler/u0a51 (adj 15): empty #17
11-25 14:47:00.923   671   891 I ActivityManager: Start proc 2222:org.whispersystems.whisperpush/u0a60 for broadcast org.whispersystems.whisperpush/.service.DirectoryRefreshListener
11-25 14:47:01.080   671  1204 I ActivityManager: Start proc 2242:com.qualcomm.qcrilmsgtunnel/1001 for broadcast com.qualcomm.qcrilmsgtunnel/.QcrilMsgTunnelAutoboot
11-25 14:47:01.084   671  1204 I ActivityManager: Killing 1678:com.android.cellbroadcastreceiver/u0a5 (adj 15): empty #17
11-25 14:47:01.138   671  1213 W ActivityManager: Unable to start service Intent { act=com.google.android.c2dm.intent.REGISTER pkg=com.google.android.gms (has extras) } U=0: not found
11-25 14:47:01.646   671   808 W ProcessCpuTracker: Skipping unknown process pid 2033
11-25 14:47:01.647   671   808 W ProcessCpuTracker: Skipping unknown process pid 2034
11-25 14:47:01.647   671   808 W ProcessCpuTracker: Skipping unknown process pid 2036
11-25 14:47:06.095   671   671 D BackupManagerService: Received broadcast Intent { act=android.intent.action.PACKAGE_CHANGED dat=package:com.android.stk flg=0x4000010 (has extras) }
11-25 14:47:07.154   671   802 I ActivityManager: START u0 {flg=0x10000000 cmp=com.qihoo.permmgr/com.qihoo.root.SplashActivity (has extras)} from uid 0 on display 0
11-25 14:47:11.469   671   891 I WindowManager: Screenshot max retries 4 of Token{24c95688 ActivityRecord{a9da22b u0 com.android.stk/.StkDialogActivity t2 f}} appWin=Window{3fd22ba3 u0 com.android.stk/com.android.stk.StkDialogActivity} drawState=4
11-25 14:47:11.489   671   802 I ActivityManager: START u0 {flg=0x74840000 cmp=com.android.stk/.StkDialogActivity (has extras)} from uid 1001 on display 0
11-25 14:47:11.512   671   802 V WindowManager: addAppToken: AppWindowToken{11bbe9c6 token=Token{3f49a3a1 ActivityRecord{3b130008 u0 com.android.stk/.StkDialogActivity t3}}} to stack=1 task=3 at 0
11-25 14:47:11.535   671   891 V WindowManager: Adding window Window{1fdc14b4 u0 com.android.stk/com.android.stk.StkDialogActivity} at 3 of 8 (after Window{3fd22ba3 u0 com.android.stk/com.android.stk.StkDialogActivity})
11-25 14:47:15.201   671   806 I ActivityManager: Waited long enough for: ServiceRecord{2edb471d u0 com.android.calendar/.alerts.InitAlarmsService}
11-25 14:47:15.701   671   806 I ActivityManager: Waited long enough for: ServiceRecord{27f511bc u0 com.android.email/.service.LegacyImapSyncAdapterService}
11-25 14:47:16.155   671   806 I ActivityManager: Waited long enough for: ServiceRecord{18c09f43 u0 com.qualcomm.qcrilmsgtunnel/.QcrilMsgTunnelService}
11-25 14:47:17.100   671  1248 I ActivityManager: START u0 {flg=0x10000000 cmp=com.qihoo.permmgr/com.qihoo.root.SplashActivity (has extras)} from uid 0 on display 0
11-25 14:47:26.855   671  1277 I WindowManager: Screenshot max retries 4 of Token{3f49a3a1 ActivityRecord{3b130008 u0 com.android.stk/.StkDialogActivity t3 f}} appWin=Window{1fdc14b4 u0 com.android.stk/com.android.stk.StkDialogActivity} drawState=4
11-25 14:47:27.285   671  1327 I ActivityManager: START u0 {flg=0x10000000 cmp=com.qihoo.permmgr/com.qihoo.root.SplashActivity (has extras)} from uid 0 on display 0
11-25 14:47:29.676  1256  1256 D MccTable: updateMccMncConfiguration mccmnc='null' fromServiceState=true
11-25 14:47:29.676  1256  1256 D MccTable: WIFI_COUNTRY_CODE set to 
11-25 14:47:29.676   671  1277 I WifiService: WifiService trying to set country code to  with persist set to true
11-25 14:47:29.742   671   806 I ActivityManager: Start proc 2438:com.android.cellbroadcastreceiver/u0a5 for broadcast com.android.cellbroadcastreceiver/.CellBroadcastReceiver
11-25 14:47:29.833   671   801 I ActivityManager: Killing 1862:com.android.keychain/1000 (adj 15): empty #17
11-25 14:47:29.919  1256  1256 D MccTable: updateMccMncConfiguration mccmnc='46001' fromServiceState=true
11-25 14:47:29.920  1256  1256 D MccTable: updateMccMncConfiguration defaultMccMnc=46001
11-25 14:47:29.920  1256  1256 D MccTable: updateMccMncConfiguration: mcc=460, mnc=1
11-25 14:47:29.920  1256  1256 D MccTable: defaultLanguageForMcc(460): country cn uses zh
11-25 14:47:29.920  1256  1256 D MccTable: getLocaleFromMcc to zh_cn mcc=460
11-25 14:47:29.920  1256  1256 D MccTable: getLocaleForLanguageCountry: not permitted to update locale
11-25 14:47:29.920  1256  1256 D MccTable: WIFI_COUNTRY_CODE set to cn
11-25 14:47:29.920   671  1212 I WifiService: WifiService trying to set country code to cn with persist set to true
11-25 14:47:30.505   671  1249 I ActivityManager: Killing 1895:com.android.dialer/u0a8 (adj 15): empty #17
11-25 14:47:37.152   671  1213 I ActivityManager: START u0 {flg=0x10000000 cmp=com.qihoo.permmgr/com.qihoo.root.SplashActivity (has extras)} from uid 0 on display 0
11-25 14:47:47.166   671  1196 I ActivityManager: START u0 {flg=0x10000000 cmp=com.qihoo.permmgr/com.qihoo.root.SplashActivity (has extras)} from uid 0 on display 0
11-25 14:47:51.365   671   671 I ValidateNoPeople: skipping global notification
11-25 14:47:51.373   671   671 D ZenLog  : intercepted: -1|android|17040859|null|1000,none
11-25 14:47:51.373   671   671 V NotificationService: pkg=android canInterrupt=false intercept=true
11-25 14:48:18.627   671   808 W ProcessCpuTracker: Skipping unknown process pid 2879
11-25 14:48:18.628   671   808 W ProcessCpuTracker: Skipping unknown process pid 2880
11-25 14:48:18.628   671   808 W ProcessCpuTracker: Skipping unknown process pid 2895
11-25 14:48:18.629   671   808 W ProcessCpuTracker: Skipping unknown process pid 2899
11-25 14:48:23.656   671   808 W ProcessCpuTracker: Skipping unknown process pid 2932
11-25 14:48:23.656   671   808 W ProcessCpuTracker: Skipping unknown process pid 2933
11-25 14:48:23.657   671   808 W ProcessCpuTracker: Skipping unknown process pid 2936
11-25 14:49:19.253   671  1213 I ActivityManager: START u0 {act=android.intent.action.MAIN cat=[android.intent.category.LAUNCHER] flg=0x10200000 cmp=com.support.android.designlibdemo/.MainActivity (has extras)} from uid 10019 on display 0
11-25 14:49:19.268   671  1213 V WindowManager: addAppToken: AppWindowToken{13aad16b token=Token{1d6c7eba ActivityRecord{310463e5 u0 com.support.android.designlibdemo/.MainActivity t4}}} to stack=1 task=4 at 0
11-25 14:49:19.284   671   812 V WindowManager: Adding window Window{27102b12 u0 Starting com.support.android.designlibdemo} at 2 of 7 (after Window{30b0af81 u0 com.cyanogenmod.trebuchet/com.android.launcher3.Launcher})
11-25 14:49:19.333   671  1212 I ActivityManager: Start proc 3573:com.support.android.designlibdemo/u0a77 for activity com.support.android.designlibdemo/.MainActivity
11-25 14:49:19.708   671  1277 V WindowManager: Adding window Window{12fee237 u0 com.support.android.designlibdemo/com.support.android.designlibdemo.MainActivity} at 2 of 8 (before Window{27102b12 u0 Starting com.support.android.designlibdemo})
11-25 14:49:22.154   671  1212 I ActivityManager: START u0 {cmp=com.support.android.designlibdemo/.CheeseDetailActivity (has extras)} from uid 10077 on display 0
11-25 14:49:22.163   671  1212 V WindowManager: addAppToken: AppWindowToken{172dd509 token=Token{59cf610 ActivityRecord{3ad56ad3 u0 com.support.android.designlibdemo/.CheeseDetailActivity t4}}} to stack=1 task=4 at 1
11-25 14:49:22.231   671  1212 V WindowManager: Adding window Window{981e12f u0 com.support.android.designlibdemo/com.support.android.designlibdemo.CheeseDetailActivity} at 3 of 8 (after Window{12fee237 u0 com.support.android.designlibdemo/com.support.android.designlibdemo.MainActivity})
11-25 14:49:24.320   671   808 W ProcessCpuTracker: Skipping unknown process pid 3827
11-25 14:49:24.320   671   808 W ProcessCpuTracker: Skipping unknown process pid 3828
11-25 14:49:24.320   671   808 W ProcessCpuTracker: Skipping unknown process pid 3830
11-25 14:49:24.321   671   808 W ProcessCpuTracker: Skipping unknown process pid 3831
11-25 14:49:24.321   671   808 W ProcessCpuTracker: Skipping unknown process pid 3999
11-25 14:49:24.512   671  1196 I ActivityManager: START u0 {act=android.intent.action.MAIN cat=[android.intent.category.LAUNCHER] cmp=com.support.android.designlibdemo/.MainActivity} from uid 10077 on display 0
11-25 14:49:24.523   671  1196 V WindowManager: addAppToken: AppWindowToken{1096c727 token=Token{1df405e6 ActivityRecord{265e1c41 u0 com.support.android.designlibdemo/.MainActivity t4}}} to stack=1 task=4 at 2
11-25 14:49:24.589   671   801 V WindowManager: Adding window Window{2a2f3b7d u0 com.support.android.designlibdemo/com.support.android.designlibdemo.MainActivity} at 3 of 8 (after Window{981e12f u0 com.support.android.designlibdemo/com.support.android.designlibdemo.CheeseDetailActivity})
11-25 14:49:29.565   671   808 W ProcessCpuTracker: Skipping unknown process pid 4471
11-25 14:49:29.565   671   808 W ProcessCpuTracker: Skipping unknown process pid 4473
11-25 14:49:29.565   671   808 W ProcessCpuTracker: Skipping unknown process pid 4474
11-25 14:49:29.565   671   808 W ProcessCpuTracker: Skipping unknown process pid 4475
11-25 14:49:29.566   671   808 W ProcessCpuTracker: Skipping unknown process pid 4476
11-25 14:49:29.566   671   808 W ProcessCpuTracker: Skipping unknown process pid 4477
11-25 14:49:32.043   671  1277 I ActivityManager: START u0 {cmp=com.support.android.designlibdemo/.CheeseDetailActivity (has extras)} from uid 10077 on display 0
11-25 14:49:32.052   671  1277 V WindowManager: addAppToken: AppWindowToken{fef5d35 token=Token{21c4136c ActivityRecord{3db3741f u0 com.support.android.designlibdemo/.CheeseDetailActivity t4}}} to stack=1 task=4 at 1
11-25 14:49:32.118   671  1277 V WindowManager: Adding window Window{a5333b u0 com.support.android.designlibdemo/com.support.android.designlibdemo.CheeseDetailActivity} at 3 of 8 (after Window{2a2f3b7d u0 com.support.android.designlibdemo/com.support.android.designlibdemo.MainActivity})
11-25 14:49:34.401   671   802 I ActivityManager: START u0 {act=android.intent.action.MAIN cat=[android.intent.category.LAUNCHER] cmp=com.support.android.designlibdemo/.MainActivity} from uid 10077 on display 0
11-25 14:49:34.414   671   802 V WindowManager: addAppToken: AppWindowToken{38f8ceb3 token=Token{25ba8422 ActivityRecord{2eeafded u0 com.support.android.designlibdemo/.MainActivity t4}}} to stack=1 task=4 at 2
11-25 14:49:34.494   671  1213 V WindowManager: Adding window Window{11868be9 u0 com.support.android.designlibdemo/com.support.android.designlibdemo.MainActivity} at 3 of 8 (after Window{a5333b u0 com.support.android.designlibdemo/com.support.android.designlibdemo.CheeseDetailActivity})
11-25 14:49:37.063   671   808 W ProcessCpuTracker: Skipping unknown process pid 5046
11-25 14:49:41.921   671  1277 I ActivityManager: START u0 {cmp=com.support.android.designlibdemo/.CheeseDetailActivity (has extras)} from uid 10077 on display 0
11-25 14:49:41.940   671  1277 V WindowManager: addAppToken: AppWindowToken{327acf21 token=Token{3fe7a988 ActivityRecord{ec5612b u0 com.support.android.designlibdemo/.CheeseDetailActivity t4}}} to stack=1 task=4 at 1
11-25 14:49:41.997   671  1213 V WindowManager: Adding window Window{3db6e507 u0 com.support.android.designlibdemo/com.support.android.designlibdemo.CheeseDetailActivity} at 3 of 8 (after Window{11868be9 u0 com.support.android.designlibdemo/com.support.android.designlibdemo.MainActivity})
11-25 14:49:44.223   671  1212 I ActivityManager: START u0 {act=android.intent.action.MAIN cat=[android.intent.category.LAUNCHER] cmp=com.support.android.designlibdemo/.MainActivity} from uid 10077 on display 0
11-25 14:49:44.225   671  1212 V WindowManager: addAppToken: AppWindowToken{185a5c7e token=Token{613ce39 ActivityRecord{15c75600 u0 com.support.android.designlibdemo/.MainActivity t4}}} to stack=1 task=4 at 2
11-25 14:49:44.271   671  1071 V WindowManager: Adding window Window{304bd22c u0 com.support.android.designlibdemo/com.support.android.designlibdemo.MainActivity} at 3 of 8 (after Window{3db6e507 u0 com.support.android.designlibdemo/com.support.android.designlibdemo.CheeseDetailActivity})
11-25 14:49:46.788   671   806 I ActivityManager: Killing 1962:com.cyanogenmod.updater/u0a3 (adj 15): empty #17
11-25 14:49:49.669   671  1213 I ActivityManager: START u0 {act=android.intent.action.MAIN cat=[android.intent.category.LAUNCHER] flg=0x10200000 cmp=com.support.android.designlibdemo/.MainActivity (has extras)} from uid 10019 on display 0
11-25 14:49:49.675   671  1213 V WindowManager: addAppToken: AppWindowToken{2214e12e token=Token{17a7b7a9 ActivityRecord{1e5c3f30 u0 com.support.android.designlibdemo/.MainActivity t5}}} to stack=1 task=5 at 0
11-25 14:49:49.678   671   812 V WindowManager: Adding window Window{269db2e1 u0 Starting com.support.android.designlibdemo} at 2 of 7 (after Window{30b0af81 u0 com.cyanogenmod.trebuchet/com.android.launcher3.Launcher})
11-25 14:49:49.749   671  1248 V WindowManager: Adding window Window{15a89063 u0 com.support.android.designlibdemo/com.support.android.designlibdemo.MainActivity} at 2 of 8 (before Window{269db2e1 u0 Starting com.support.android.designlibdemo})
11-25 14:49:50.802   671  1327 I ActivityManager: Start proc 5472:com.android.printspooler/u0a51 for service com.android.printspooler/.model.PrintSpoolerService
11-25 14:49:50.928   671   802 I ProcessStatsService: Added stats: 2016-11-25-12-11-38, over +2h34m43s650ms
11-25 14:49:50.932   671   802 I ProcessStatsService: Added stats: 2016-11-25-09-11-20, over +3h0m17s518ms
11-25 14:49:50.936   671   802 I ProcessStatsService: Added stats: 2016-11-24-21-54-41, over +1h23m23s935ms
11-25 14:49:50.938   671   802 I ProcessStatsService: Added stats: 2016-11-24-21-53-57, over +30s933ms
11-25 14:49:50.942   671   802 I ProcessStatsService: Added stats: 2016-11-24-20-13-03, over +1h38m18s160ms
11-25 14:49:50.945   671   802 I ProcessStatsService: Added stats: 2016-11-24-18-49-53, over +1h22m54s733ms
11-25 14:49:50.948   671   802 I ProcessStatsService: Added stats: 2016-11-24-18-43-42, over +5m57s342ms
11-25 14:49:50.952   671   802 I ProcessStatsService: Added stats: 2016-11-24-18-41-51, over +1m35s925ms
11-25 14:49:50.956   671   802 I ProcessStatsService: Added stats: 2016-11-24-15-43-03, over +2h58m32s714ms
11-25 14:49:51.042   671   802 I ProcessStatsService: Added stats: 2016-11-25-12-11-38, over +2h34m43s650ms
11-25 14:49:51.174   671   934 D TaskPersister: removeObsoleteFile: deleting file=4_task.xml
11-25 14:49:51.174   671   934 D TaskPersister: removeObsoleteFile: deleting file=4_task_thumbnail.png
11-25 14:49:51.992   671  1327 I ActivityManager: START u0 {cmp=com.support.android.designlibdemo/.CheeseDetailActivity (has extras)} from uid 10077 on display 0
11-25 14:49:51.997   671  1327 V WindowManager: addAppToken: AppWindowToken{142db528 token=Token{1b3d74b ActivityRecord{e40701a u0 com.support.android.designlibdemo/.CheeseDetailActivity t5}}} to stack=1 task=5 at 1
11-25 14:49:52.039   671  1196 V WindowManager: Adding window Window{ce573e6 u0 com.support.android.designlibdemo/com.support.android.designlibdemo.CheeseDetailActivity} at 3 of 8 (after Window{15a89063 u0 com.support.android.designlibdemo/com.support.android.designlibdemo.MainActivity})
11-25 14:49:54.295   671  1213 I ActivityManager: START u0 {act=android.intent.action.MAIN cat=[android.intent.category.LAUNCHER] cmp=com.support.android.designlibdemo/.MainActivity} from uid 10077 on display 0
11-25 14:49:54.300   671  1213 V WindowManager: addAppToken: AppWindowToken{1e3519be token=Token{245a3879 ActivityRecord{33580140 u0 com.support.android.designlibdemo/.MainActivity t5}}} to stack=1 task=5 at 2
11-25 14:49:54.373   671  1196 V WindowManager: Adding window Window{2f5bf16c u0 com.support.android.designlibdemo/com.support.android.designlibdemo.MainActivity} at 3 of 8 (after Window{ce573e6 u0 com.support.android.designlibdemo/com.support.android.designlibdemo.CheeseDetailActivity})
11-25 14:49:57.852   671  1196 I ProcessStatsService: Added stats: 2016-11-25-12-11-38, over +2h34m43s650ms
11-25 14:49:57.858   671  1196 I ProcessStatsService: Added stats: 2016-11-25-09-11-20, over +3h0m17s518ms
11-25 14:49:57.864   671  1196 I ProcessStatsService: Added stats: 2016-11-24-21-54-41, over +1h23m23s935ms
11-25 14:49:57.868   671  1196 I ProcessStatsService: Added stats: 2016-11-24-21-53-57, over +30s933ms
11-25 14:49:57.873   671  1196 I ProcessStatsService: Added stats: 2016-11-24-20-13-03, over +1h38m18s160ms
11-25 14:49:57.879   671  1196 I ProcessStatsService: Added stats: 2016-11-24-18-49-53, over +1h22m54s733ms
11-25 14:49:57.884   671  1196 I ProcessStatsService: Added stats: 2016-11-24-18-43-42, over +5m57s342ms
11-25 14:49:57.889   671  1196 I ProcessStatsService: Added stats: 2016-11-24-18-41-51, over +1m35s925ms
11-25 14:49:57.894   671  1196 I ProcessStatsService: Added stats: 2016-11-24-15-43-03, over +2h58m32s714ms
11-25 14:49:57.950   671  1196 I ProcessStatsService: Added stats: 2016-11-25-12-11-38, over +2h34m43s650ms
11-25 14:50:01.865   671  1277 I ActivityManager: START u0 {cmp=com.support.android.designlibdemo/.CheeseDetailActivity (has extras)} from uid 10077 on display 0
11-25 14:50:01.879   671  1277 V WindowManager: addAppToken: AppWindowToken{3d810204 token=Token{1a1b1e17 ActivityRecord{e68a296 u0 com.support.android.designlibdemo/.CheeseDetailActivity t5}}} to stack=1 task=5 at 1
11-25 14:50:01.938   671  1249 V WindowManager: Adding window Window{37845222 u0 com.support.android.designlibdemo/com.support.android.designlibdemo.CheeseDetailActivity} at 3 of 8 (after Window{2f5bf16c u0 com.support.android.designlibdemo/com.support.android.designlibdemo.MainActivity})
11-25 14:50:04.223   671   891 I ActivityManager: START u0 {act=android.intent.action.MAIN cat=[android.intent.category.LAUNCHER] cmp=com.support.android.designlibdemo/.MainActivity} from uid 10077 on display 0
11-25 14:50:04.234   671   891 V WindowManager: addAppToken: AppWindowToken{1e12037a token=Token{11ee03a5 ActivityRecord{14f48d9c u0 com.support.android.designlibdemo/.MainActivity t5}}} to stack=1 task=5 at 2
11-25 14:50:04.291   671  1196 V WindowManager: Adding window Window{268ae788 u0 com.support.android.designlibdemo/com.support.android.designlibdemo.MainActivity} at 3 of 8 (after Window{37845222 u0 com.support.android.designlibdemo/com.support.android.designlibdemo.CheeseDetailActivity})
11-25 14:50:11.769   671  1327 I ActivityManager: START u0 {cmp=com.support.android.designlibdemo/.CheeseDetailActivity (has extras)} from uid 10077 on display 0
11-25 14:50:11.793   671  1327 V WindowManager: addAppToken: AppWindowToken{1d1d1fa0 token=Token{f9d00a3 ActivityRecord{4c987d2 u0 com.support.android.designlibdemo/.CheeseDetailActivity t5}}} to stack=1 task=5 at 1
11-25 14:50:11.844   671  1249 V WindowManager: Adding window Window{d144f1e u0 com.support.android.designlibdemo/com.support.android.designlibdemo.CheeseDetailActivity} at 3 of 8 (after Window{268ae788 u0 com.support.android.designlibdemo/com.support.android.designlibdemo.MainActivity})
11-25 14:50:14.174   671  1213 I ActivityManager: START u0 {act=android.intent.action.MAIN cat=[android.intent.category.LAUNCHER] cmp=com.support.android.designlibdemo/.MainActivity} from uid 10077 on display 0
11-25 14:50:14.188   671  1213 V WindowManager: addAppToken: AppWindowToken{3c8d23f6 token=Token{20efa891 ActivityRecord{198b42b8 u0 com.support.android.designlibdemo/.MainActivity t5}}} to stack=1 task=5 at 2
11-25 14:50:14.240   671  1248 V WindowManager: Adding window Window{3f0dd264 u0 com.support.android.designlibdemo/com.support.android.designlibdemo.MainActivity} at 3 of 8 (after Window{d144f1e u0 com.support.android.designlibdemo/com.support.android.designlibdemo.CheeseDetailActivity})
11-25 14:50:16.774   671   806 I ActivityManager: Killing 2013:com.android.managedprovisioning/u0a11 (adj 15): empty #17
11-25 14:50:19.656   671  1248 I ActivityManager: START u0 {act=android.intent.action.MAIN cat=[android.intent.category.LAUNCHER] flg=0x10200000 cmp=com.support.android.designlibdemo/.MainActivity (has extras)} from uid 10019 on display 0
11-25 14:50:19.668   671  1248 V WindowManager: addAppToken: AppWindowToken{263ad801 token=Token{1cb0c9e8 ActivityRecord{3037470b u0 com.support.android.designlibdemo/.MainActivity t6}}} to stack=1 task=6 at 0
11-25 14:50:19.688   671   812 V WindowManager: Adding window Window{2510ee00 u0 Starting com.support.android.designlibdemo} at 2 of 7 (after Window{30b0af81 u0 com.cyanogenmod.trebuchet/com.android.launcher3.Launcher})
11-25 14:50:19.736   671  1327 V WindowManager: Adding window Window{364dd556 u0 com.support.android.designlibdemo/com.support.android.designlibdemo.MainActivity} at 2 of 8 (before Window{2510ee00 u0 Starting com.support.android.designlibdemo})
11-25 14:50:21.153   671   934 D TaskPersister: removeObsoleteFile: deleting file=5_task.xml
11-25 14:50:21.154   671   934 D TaskPersister: removeObsoleteFile: deleting file=5_task_thumbnail.png
11-25 14:50:22.035   671  1249 I ActivityManager: START u0 {cmp=com.support.android.designlibdemo/.CheeseDetailActivity (has extras)} from uid 10077 on display 0
11-25 14:50:22.051   671  1249 V WindowManager: addAppToken: AppWindowToken{3f4c9c73 token=Token{269f0e2 ActivityRecord{1fb525ad u0 com.support.android.designlibdemo/.CheeseDetailActivity t6}}} to stack=1 task=6 at 1
11-25 14:50:22.101   671  1213 V WindowManager: Adding window Window{72b6fa9 u0 com.support.android.designlibdemo/com.support.android.designlibdemo.CheeseDetailActivity} at 3 of 8 (after Window{364dd556 u0 com.support.android.designlibdemo/com.support.android.designlibdemo.MainActivity})
11-25 14:50:24.415   671  1248 I ActivityManager: START u0 {act=android.intent.action.MAIN cat=[android.intent.category.LAUNCHER] cmp=com.support.android.designlibdemo/.MainActivity} from uid 10077 on display 0
11-25 14:50:24.427   671  1248 V WindowManager: addAppToken: AppWindowToken{1be06ae1 token=Token{28b75c48 ActivityRecord{3e8d26eb u0 com.support.android.designlibdemo/.MainActivity t6}}} to stack=1 task=6 at 2
11-25 14:50:24.481   671  1196 V WindowManager: Adding window Window{279546c7 u0 com.support.android.designlibdemo/com.support.android.designlibdemo.MainActivity} at 3 of 8 (after Window{72b6fa9 u0 com.support.android.designlibdemo/com.support.android.designlibdemo.CheeseDetailActivity})
11-25 14:50:31.946   671   801 I ActivityManager: START u0 {cmp=com.support.android.designlibdemo/.CheeseDetailActivity (has extras)} from uid 10077 on display 0
11-25 14:50:31.956   671   801 V WindowManager: addAppToken: AppWindowToken{32ce47bf token=Token{ebd49de ActivityRecord{15629519 u0 com.support.android.designlibdemo/.CheeseDetailActivity t6}}} to stack=1 task=6 at 1
11-25 14:50:32.009   671  1204 V WindowManager: Adding window Window{267e69d5 u0 com.support.android.designlibdemo/com.support.android.designlibdemo.CheeseDetailActivity} at 3 of 8 (after Window{279546c7 u0 com.support.android.designlibdemo/com.support.android.designlibdemo.MainActivity})
11-25 14:50:34.311   671  1204 I ActivityManager: START u0 {act=android.intent.action.MAIN cat=[android.intent.category.LAUNCHER] cmp=com.support.android.designlibdemo/.MainActivity} from uid 10077 on display 0
11-25 14:50:34.321   671  1204 V WindowManager: addAppToken: AppWindowToken{397afe8d token=Token{1b8e8324 ActivityRecord{2b176fb7 u0 com.support.android.designlibdemo/.MainActivity t6}}} to stack=1 task=6 at 2
11-25 14:50:34.384   671  1196 V WindowManager: Adding window Window{13a95053 u0 com.support.android.designlibdemo/com.support.android.designlibdemo.MainActivity} at 3 of 8 (after Window{267e69d5 u0 com.support.android.designlibdemo/com.support.android.designlibdemo.CheeseDetailActivity})
11-25 14:50:41.862   671   802 I ActivityManager: START u0 {cmp=com.support.android.designlibdemo/.CheeseDetailActivity (has extras)} from uid 10077 on display 0
11-25 14:50:41.874   671   802 V WindowManager: addAppToken: AppWindowToken{79076cb token=Token{2835dd9a ActivityRecord{1c6e7245 u0 com.support.android.designlibdemo/.CheeseDetailActivity t6}}} to stack=1 task=6 at 1
11-25 14:50:41.927   671   802 V WindowManager: Adding window Window{1808edc1 u0 com.support.android.designlibdemo/com.support.android.designlibdemo.CheeseDetailActivity} at 3 of 8 (after Window{13a95053 u0 com.support.android.designlibdemo/com.support.android.designlibdemo.MainActivity})
11-25 14:50:44.247   671   891 I ActivityManager: START u0 {act=android.intent.action.MAIN cat=[android.intent.category.LAUNCHER] cmp=com.support.android.designlibdemo/.MainActivity} from uid 10077 on display 0
11-25 14:50:44.250   671   891 V WindowManager: addAppToken: AppWindowToken{3bfc93f9 token=Token{2fe49ac0 ActivityRecord{1076f443 u0 com.support.android.designlibdemo/.MainActivity t6}}} to stack=1 task=6 at 2
11-25 14:50:44.317   671  1327 V WindowManager: Adding window Window{350a919f u0 com.support.android.designlibdemo/com.support.android.designlibdemo.MainActivity} at 3 of 8 (after Window{1808edc1 u0 com.support.android.designlibdemo/com.support.android.designlibdemo.CheeseDetailActivity})
11-25 14:50:49.285   671   808 W ProcessCpuTracker: Skipping unknown process pid 5935
11-25 14:50:49.286   671   808 W ProcessCpuTracker: Skipping unknown process pid 5938
11-25 14:50:49.716   671  1277 I ActivityManager: START u0 {act=android.intent.action.MAIN cat=[android.intent.category.LAUNCHER] flg=0x10200000 cmp=com.support.android.designlibdemo/.MainActivity (has extras)} from uid 10019 on display 0
11-25 14:50:49.725   671  1277 V WindowManager: addAppToken: AppWindowToken{3b433f0 token=Token{6ad7433 ActivityRecord{3b6c4fa2 u0 com.support.android.designlibdemo/.MainActivity t7}}} to stack=1 task=7 at 0
11-25 14:50:49.728   671   812 V WindowManager: Adding window Window{eb936ab u0 Starting com.support.android.designlibdemo} at 2 of 7 (after Window{30b0af81 u0 com.cyanogenmod.trebuchet/com.android.launcher3.Launcher})
11-25 14:50:49.801   671  1249 V WindowManager: Adding window Window{31cd65dd u0 com.support.android.designlibdemo/com.support.android.designlibdemo.MainActivity} at 2 of 8 (before Window{eb936ab u0 Starting com.support.android.designlibdemo})
11-25 14:50:51.210   671   934 D TaskPersister: removeObsoleteFile: deleting file=6_task.xml
11-25 14:50:51.211   671   934 D TaskPersister: removeObsoleteFile: deleting file=6_task_thumbnail.png
11-25 14:50:52.114   671  1249 I ActivityManager: START u0 {cmp=com.support.android.designlibdemo/.CheeseDetailActivity (has extras)} from uid 10077 on display 0
11-25 14:50:52.128   671  1249 V WindowManager: addAppToken: AppWindowToken{1f3f049e token=Token{23bf82d9 ActivityRecord{30f47920 u0 com.support.android.designlibdemo/.CheeseDetailActivity t7}}} to stack=1 task=7 at 1
11-25 14:50:52.182   671  1204 V WindowManager: Adding window Window{3578074c u0 com.support.android.designlibdemo/com.support.android.designlibdemo.CheeseDetailActivity} at 3 of 8 (after Window{31cd65dd u0 com.support.android.designlibdemo/com.support.android.designlibdemo.MainActivity})
11-25 14:50:54.499   671  1196 I ActivityManager: START u0 {act=android.intent.action.MAIN cat=[android.intent.category.LAUNCHER] cmp=com.support.android.designlibdemo/.MainActivity} from uid 10077 on display 0
11-25 14:50:54.511   671  1196 V WindowManager: addAppToken: AppWindowToken{8df3e4 token=Token{3b1f2b77 ActivityRecord{37a90976 u0 com.support.android.designlibdemo/.MainActivity t7}}} to stack=1 task=7 at 2
11-25 14:50:54.579   671   891 V WindowManager: Adding window Window{11144702 u0 com.support.android.designlibdemo/com.support.android.designlibdemo.MainActivity} at 3 of 8 (after Window{3578074c u0 com.support.android.designlibdemo/com.support.android.designlibdemo.CheeseDetailActivity})
11-25 14:51:02.087   671   891 I ActivityManager: START u0 {cmp=com.support.android.designlibdemo/.CheeseDetailActivity (has extras)} from uid 10077 on display 0
11-25 14:51:02.103   671   891 V WindowManager: addAppToken: AppWindowToken{154fb45a token=Token{10826c05 ActivityRecord{2eb1db7c u0 com.support.android.designlibdemo/.CheeseDetailActivity t7}}} to stack=1 task=7 at 1
11-25 14:51:02.156   671   891 V WindowManager: Adding window Window{18ff3368 u0 com.support.android.designlibdemo/com.support.android.designlibdemo.CheeseDetailActivity} at 3 of 8 (after Window{11144702 u0 com.support.android.designlibdemo/com.support.android.designlibdemo.MainActivity})
11-25 14:51:04.455   671  1327 I ActivityManager: START u0 {act=android.intent.action.MAIN cat=[android.intent.category.LAUNCHER] cmp=com.support.android.designlibdemo/.MainActivity} from uid 10077 on display 0
11-25 14:51:04.457   671  1327 V WindowManager: addAppToken: AppWindowToken{c930780 token=Token{15dc1c03 ActivityRecord{323074b2 u0 com.support.android.designlibdemo/.MainActivity t7}}} to stack=1 task=7 at 2
11-25 14:51:04.535   671  1196 V WindowManager: Adding window Window{2dad29fe u0 com.support.android.designlibdemo/com.support.android.designlibdemo.MainActivity} at 3 of 8 (after Window{18ff3368 u0 com.support.android.designlibdemo/com.support.android.designlibdemo.CheeseDetailActivity})
11-25 14:51:12.049   671  1212 I ActivityManager: START u0 {cmp=com.support.android.designlibdemo/.CheeseDetailActivity (has extras)} from uid 10077 on display 0
11-25 14:51:12.060   671  1212 V WindowManager: addAppToken: AppWindowToken{2a4a7ad6 token=Token{3428ef1 ActivityRecord{391a4698 u0 com.support.android.designlibdemo/.CheeseDetailActivity t7}}} to stack=1 task=7 at 1
11-25 14:51:12.132   671  1212 V WindowManager: Adding window Window{21b93444 u0 com.support.android.designlibdemo/com.support.android.designlibdemo.CheeseDetailActivity} at 3 of 8 (after Window{2dad29fe u0 com.support.android.designlibdemo/com.support.android.designlibdemo.MainActivity})
11-25 14:51:14.442   671   802 I ActivityManager: START u0 {act=android.intent.action.MAIN cat=[android.intent.category.LAUNCHER] cmp=com.support.android.designlibdemo/.MainActivity} from uid 10077 on display 0
11-25 14:51:14.451   671   802 V WindowManager: addAppToken: AppWindowToken{1538c7dc token=Token{3151744f ActivityRecord{36760eae u0 com.support.android.designlibdemo/.MainActivity t7}}} to stack=1 task=7 at 2
11-25 14:51:14.510   671  1196 V WindowManager: Adding window Window{219867ba u0 com.support.android.designlibdemo/com.support.android.designlibdemo.MainActivity} at 3 of 8 (after Window{21b93444 u0 com.support.android.designlibdemo/com.support.android.designlibdemo.CheeseDetailActivity})
11-25 14:51:19.929   671   891 I ActivityManager: START u0 {act=android.intent.action.MAIN cat=[android.intent.category.LAUNCHER] flg=0x10200000 cmp=com.support.android.designlibdemo/.MainActivity (has extras)} from uid 10019 on display 0
11-25 14:51:19.941   671   891 V WindowManager: addAppToken: AppWindowToken{c9e0f3f token=Token{25597f5e ActivityRecord{fa03099 u0 com.support.android.designlibdemo/.MainActivity t8}}} to stack=1 task=8 at 0
11-25 14:51:19.945   671   812 V WindowManager: Adding window Window{9c01c36 u0 Starting com.support.android.designlibdemo} at 2 of 7 (after Window{30b0af81 u0 com.cyanogenmod.trebuchet/com.android.launcher3.Launcher})
11-25 14:51:20.026   671  1248 V WindowManager: Adding window Window{7f8e710 u0 com.support.android.designlibdemo/com.support.android.designlibdemo.MainActivity} at 2 of 8 (before Window{9c01c36 u0 Starting com.support.android.designlibdemo})
11-25 14:51:21.419   671   934 D TaskPersister: removeObsoleteFile: deleting file=7_task.xml
11-25 14:51:21.420   671   934 D TaskPersister: removeObsoleteFile: deleting file=7_task_thumbnail.png
11-25 14:51:22.329   671  1212 I ActivityManager: START u0 {cmp=com.support.android.designlibdemo/.CheeseDetailActivity (has extras)} from uid 10077 on display 0
11-25 14:51:22.341   671  1212 V WindowManager: addAppToken: AppWindowToken{360625c5 token=Token{22ed643c ActivityRecord{267f462f u0 com.support.android.designlibdemo/.CheeseDetailActivity t8}}} to stack=1 task=8 at 1
11-25 14:51:22.396   671  1277 V WindowManager: Adding window Window{1fc4164b u0 com.support.android.designlibdemo/com.support.android.designlibdemo.CheeseDetailActivity} at 3 of 8 (after Window{7f8e710 u0 com.support.android.designlibdemo/com.support.android.designlibdemo.MainActivity})
11-25 14:51:24.681   671  1071 I ActivityManager: START u0 {act=android.intent.action.MAIN cat=[android.intent.category.LAUNCHER] cmp=com.support.android.designlibdemo/.MainActivity} from uid 10077 on display 0
11-25 14:51:24.695   671  1071 V WindowManager: addAppToken: AppWindowToken{188f03c3 token=Token{37432372 ActivityRecord{4e0487d u0 com.support.android.designlibdemo/.MainActivity t8}}} to stack=1 task=8 at 2
11-25 14:51:24.750   671   802 V WindowManager: Adding window Window{162def79 u0 com.support.android.designlibdemo/com.support.android.designlibdemo.MainActivity} at 3 of 8 (after Window{1fc4164b u0 com.support.android.designlibdemo/com.support.android.designlibdemo.CheeseDetailActivity})
11-25 14:51:32.208   671  1204 I ActivityManager: START u0 {cmp=com.support.android.designlibdemo/.CheeseDetailActivity (has extras)} from uid 10077 on display 0
11-25 14:51:32.220   671  1204 V WindowManager: addAppToken: AppWindowToken{3f1914b1 token=Token{29444b58 ActivityRecord{382b283b u0 com.support.android.designlibdemo/.CheeseDetailActivity t8}}} to stack=1 task=8 at 1
11-25 14:51:32.283   671  1204 V WindowManager: Adding window Window{59a0d17 u0 com.support.android.designlibdemo/com.support.android.designlibdemo.CheeseDetailActivity} at 3 of 8 (after Window{162def79 u0 com.support.android.designlibdemo/com.support.android.designlibdemo.MainActivity})
11-25 14:51:34.584   671   801 I ActivityManager: START u0 {act=android.intent.action.MAIN cat=[android.intent.category.LAUNCHER] cmp=com.support.android.designlibdemo/.MainActivity} from uid 10077 on display 0
11-25 14:51:34.597   671   801 V WindowManager: addAppToken: AppWindowToken{1d3b880f token=Token{2fb1196e ActivityRecord{42ca8e9 u0 com.support.android.designlibdemo/.MainActivity t8}}} to stack=1 task=8 at 2
11-25 14:51:34.649   671   891 V WindowManager: Adding window Window{189deaa5 u0 com.support.android.designlibdemo/com.support.android.designlibdemo.MainActivity} at 3 of 8 (after Window{59a0d17 u0 com.support.android.designlibdemo/com.support.android.designlibdemo.CheeseDetailActivity})
11-25 14:51:42.128   671  1213 I ActivityManager: START u0 {cmp=com.support.android.designlibdemo/.CheeseDetailActivity (has extras)} from uid 10077 on display 0
11-25 14:51:42.153   671  1213 V WindowManager: addAppToken: AppWindowToken{44fc95d token=Token{27ff7734 ActivityRecord{3426a07 u0 com.support.android.designlibdemo/.CheeseDetailActivity t8}}} to stack=1 task=8 at 1
11-25 14:51:42.213   671  1248 V WindowManager: Adding window Window{3e919fa3 u0 com.support.android.designlibdemo/com.support.android.designlibdemo.CheeseDetailActivity} at 3 of 8 (after Window{189deaa5 u0 com.support.android.designlibdemo/com.support.android.designlibdemo.MainActivity})
11-25 14:51:44.543   671  1249 I ActivityManager: START u0 {act=android.intent.action.MAIN cat=[android.intent.category.LAUNCHER] cmp=com.support.android.designlibdemo/.MainActivity} from uid 10077 on display 0
11-25 14:51:44.555   671  1249 V WindowManager: addAppToken: AppWindowToken{14a9601b token=Token{2c065a2a ActivityRecord{2417c715 u0 com.support.android.designlibdemo/.MainActivity t8}}} to stack=1 task=8 at 2
11-25 14:51:44.610   671  1204 V WindowManager: Adding window Window{383abf91 u0 com.support.android.designlibdemo/com.support.android.designlibdemo.MainActivity} at 3 of 8 (after Window{3e919fa3 u0 com.support.android.designlibdemo/com.support.android.designlibdemo.CheeseDetailActivity})
11-25 14:51:50.050   671  1327 I ActivityManager: START u0 {act=android.intent.action.MAIN cat=[android.intent.category.LAUNCHER] flg=0x10200000 cmp=com.support.android.designlibdemo/.MainActivity (has extras)} from uid 10019 on display 0
11-25 14:51:50.062   671  1327 V WindowManager: addAppToken: AppWindowToken{3d81a1da token=Token{22b99f85 ActivityRecord{23facfc u0 com.support.android.designlibdemo/.MainActivity t9}}} to stack=1 task=9 at 0
11-25 14:51:50.068   671   812 V WindowManager: Adding window Window{39d13a3d u0 Starting com.support.android.designlibdemo} at 2 of 7 (after Window{30b0af81 u0 com.cyanogenmod.trebuchet/com.android.launcher3.Launcher})
11-25 14:51:50.143   671  1248 V WindowManager: Adding window Window{2cd77cdf u0 com.support.android.designlibdemo/com.support.android.designlibdemo.MainActivity} at 2 of 8 (before Window{39d13a3d u0 Starting com.support.android.designlibdemo})
11-25 14:51:51.542   671   934 D TaskPersister: removeObsoleteFile: deleting file=8_task.xml
11-25 14:51:51.543   671   934 D TaskPersister: removeObsoleteFile: deleting file=8_task_thumbnail.png
11-25 14:51:52.481   671  1327 I ActivityManager: START u0 {cmp=com.support.android.designlibdemo/.CheeseDetailActivity (has extras)} from uid 10077 on display 0
11-25 14:51:52.493   671  1327 V WindowManager: addAppToken: AppWindowToken{15611018 token=Token{36e107fb ActivityRecord{13f6358a u0 com.support.android.designlibdemo/.CheeseDetailActivity t9}}} to stack=1 task=9 at 1
11-25 14:51:52.545   671  1248 V WindowManager: Adding window Window{1b8a2056 u0 com.support.android.designlibdemo/com.support.android.designlibdemo.CheeseDetailActivity} at 3 of 8 (after Window{2cd77cdf u0 com.support.android.designlibdemo/com.support.android.designlibdemo.MainActivity})
11-25 14:51:54.863   671  1071 I ActivityManager: START u0 {act=android.intent.action.MAIN cat=[android.intent.category.LAUNCHER] cmp=com.support.android.designlibdemo/.MainActivity} from uid 10077 on display 0
11-25 14:51:54.873   671  1071 V WindowManager: addAppToken: AppWindowToken{2054e42e token=Token{14a9e6a9 ActivityRecord{285dca30 u0 com.support.android.designlibdemo/.MainActivity t9}}} to stack=1 task=9 at 2
11-25 14:51:54.923   671  1212 V WindowManager: Adding window Window{290d595c u0 com.support.android.designlibdemo/com.support.android.designlibdemo.MainActivity} at 3 of 8 (after Window{1b8a2056 u0 com.support.android.designlibdemo/com.support.android.designlibdemo.CheeseDetailActivity})
11-25 14:52:02.413   671   891 I ActivityManager: START u0 {cmp=com.support.android.designlibdemo/.CheeseDetailActivity (has extras)} from uid 10077 on display 0
11-25 14:52:02.425   671   891 V WindowManager: addAppToken: AppWindowToken{11977f4 token=Token{13f4f5c7 ActivityRecord{18894b06 u0 com.support.android.designlibdemo/.CheeseDetailActivity t9}}} to stack=1 task=9 at 1
11-25 14:52:02.492   671  1213 V WindowManager: Adding window Window{29df1192 u0 com.support.android.designlibdemo/com.support.android.designlibdemo.CheeseDetailActivity} at 3 of 8 (after Window{290d595c u0 com.support.android.designlibdemo/com.support.android.designlibdemo.MainActivity})
11-25 14:52:04.792   671  1248 I ActivityManager: START u0 {act=android.intent.action.MAIN cat=[android.intent.category.LAUNCHER] cmp=com.support.android.designlibdemo/.MainActivity} from uid 10077 on display 0
11-25 14:52:04.804   671  1248 V WindowManager: addAppToken: AppWindowToken{3c3740ea token=Token{2bf510d5 ActivityRecord{3a87d18c u0 com.support.android.designlibdemo/.MainActivity t9}}} to stack=1 task=9 at 2
11-25 14:52:04.872   671  1249 V WindowManager: Adding window Window{2ba67a78 u0 com.support.android.designlibdemo/com.support.android.designlibdemo.MainActivity} at 3 of 8 (after Window{29df1192 u0 com.support.android.designlibdemo/com.support.android.designlibdemo.CheeseDetailActivity})
11-25 14:52:12.372   671  1248 I ActivityManager: START u0 {cmp=com.support.android.designlibdemo/.CheeseDetailActivity (has extras)} from uid 10077 on display 0
11-25 14:52:12.382   671  1248 V WindowManager: addAppToken: AppWindowToken{33da2090 token=Token{157aaf53 ActivityRecord{31cb0342 u0 com.support.android.designlibdemo/.CheeseDetailActivity t9}}} to stack=1 task=9 at 1
11-25 14:52:12.452   671  1212 V WindowManager: Adding window Window{b0a118e u0 com.support.android.designlibdemo/com.support.android.designlibdemo.CheeseDetailActivity} at 3 of 8 (after Window{2ba67a78 u0 com.support.android.designlibdemo/com.support.android.designlibdemo.MainActivity})
11-25 14:52:14.748   671  1327 I ActivityManager: START u0 {act=android.intent.action.MAIN cat=[android.intent.category.LAUNCHER] cmp=com.support.android.designlibdemo/.MainActivity} from uid 10077 on display 0
11-25 14:52:14.761   671  1327 V WindowManager: addAppToken: AppWindowToken{384ac466 token=Token{15f6c4c1 ActivityRecord{ae971a8 u0 com.support.android.designlibdemo/.MainActivity t9}}} to stack=1 task=9 at 2
11-25 14:52:14.817   671   801 V WindowManager: Adding window Window{39380054 u0 com.support.android.designlibdemo/com.support.android.designlibdemo.MainActivity} at 3 of 8 (after Window{b0a118e u0 com.support.android.designlibdemo/com.support.android.designlibdemo.CheeseDetailActivity})
11-25 14:52:17.352   671   806 I ActivityManager: Killing 1601:com.cyanogenmod.eleven:main/u0a33 (adj 15): empty #17
11-25 14:52:20.219   671  1327 I ActivityManager: START u0 {act=android.intent.action.MAIN cat=[android.intent.category.LAUNCHER] flg=0x10200000 cmp=com.support.android.designlibdemo/.MainActivity (has extras)} from uid 10019 on display 0
11-25 14:52:20.231   671  1327 V WindowManager: addAppToken: AppWindowToken{f196031 token=Token{e3094d8 ActivityRecord{e5ca7bb u0 com.support.android.designlibdemo/.MainActivity t10}}} to stack=1 task=10 at 0
11-25 14:52:20.236   671   812 V WindowManager: Adding window Window{198126f0 u0 Starting com.support.android.designlibdemo} at 2 of 7 (after Window{30b0af81 u0 com.cyanogenmod.trebuchet/com.android.launcher3.Launcher})
11-25 14:52:20.312   671  1204 V WindowManager: Adding window Window{3b398bfa u0 com.support.android.designlibdemo/com.support.android.designlibdemo.MainActivity} at 2 of 8 (before Window{198126f0 u0 Starting com.support.android.designlibdemo})
11-25 14:52:21.763   671   934 D TaskPersister: removeObsoleteFile: deleting file=9_task.xml
11-25 14:52:21.763   671   934 D TaskPersister: removeObsoleteFile: deleting file=9_task_thumbnail.png
11-25 14:52:22.597   671   801 I ActivityManager: START u0 {cmp=com.support.android.designlibdemo/.CheeseDetailActivity (has extras)} from uid 10077 on display 0
11-25 14:52:22.615   671   801 V WindowManager: addAppToken: AppWindowToken{1ff94187 token=Token{5846dc6 ActivityRecord{2291b7a1 u0 com.support.android.designlibdemo/.CheeseDetailActivity t10}}} to stack=1 task=10 at 1
11-25 14:52:22.661   671  1196 V WindowManager: Adding window Window{27f12cdd u0 com.support.android.designlibdemo/com.support.android.designlibdemo.CheeseDetailActivity} at 3 of 8 (after Window{3b398bfa u0 com.support.android.designlibdemo/com.support.android.designlibdemo.MainActivity})
11-25 14:52:24.970   671  1248 I ActivityManager: START u0 {act=android.intent.action.MAIN cat=[android.intent.category.LAUNCHER] cmp=com.support.android.designlibdemo/.MainActivity} from uid 10077 on display 0
11-25 14:52:24.973   671  1248 V WindowManager: addAppToken: AppWindowToken{37121a95 token=Token{10afea4c ActivityRecord{6deda7f u0 com.support.android.designlibdemo/.MainActivity t10}}} to stack=1 task=10 at 2
11-25 14:52:25.052   671  1196 V WindowManager: Adding window Window{a909f9b u0 com.support.android.designlibdemo/com.support.android.designlibdemo.MainActivity} at 3 of 8 (after Window{27f12cdd u0 com.support.android.designlibdemo/com.support.android.designlibdemo.CheeseDetailActivity})
11-25 14:52:32.567   671  1249 I ActivityManager: START u0 {cmp=com.support.android.designlibdemo/.CheeseDetailActivity (has extras)} from uid 10077 on display 0
11-25 14:52:32.581   671  1249 V WindowManager: addAppToken: AppWindowToken{2996713 token=Token{3b56c202 ActivityRecord{193c074d u0 com.support.android.designlibdemo/.CheeseDetailActivity t10}}} to stack=1 task=10 at 1
11-25 14:52:32.654   671  1071 V WindowManager: Adding window Window{ccecb49 u0 com.support.android.designlibdemo/com.support.android.designlibdemo.CheeseDetailActivity} at 3 of 8 (after Window{a909f9b u0 com.support.android.designlibdemo/com.support.android.designlibdemo.MainActivity})
