11-25 14:48:22.537   203   636 I RILC    : RIL_SOCKET_1 UNSOLICITED: UNSOL_RESPONSE_VOICE_NETWORK_STATE_CHANGED length:8
11-25 14:48:22.537   203   636 E RILC    : Send Response to RIL_SOCKET_1
11-25 14:48:22.538  1256  1460 D RILJ    : [UNSL]< UNSOL_RESPONSE_VOICE_NETWORK_STATE_CHANGED [SUB0]
11-25 14:48:22.539  1256  1256 D RILJ    : [4173]> OPERATOR [SUB0]
11-25 14:48:22.542  1256  1256 D RILJ    : [4174]> DATA_REGISTRATION_STATE [SUB0]
11-25 14:48:22.546  1256  1256 D RILJ    : [4175]> VOICE_REGISTRATION_STATE [SUB0]
11-25 14:48:22.549  1256  1256 D RILJ    : [4176]> QUERY_NETWORK_SELECTION_MODE [SUB0]
11-25 14:48:22.557   203  2906 D RILC    : RequestComplete, RIL_SOCKET_1
11-25 14:48:22.558   203  2906 E RILC    : Send Response to RIL_SOCKET_1
11-25 14:48:22.563  1256  1460 D RILJ    : [4173]< OPERATOR {中国联通, 中国联通, 46001} [SUB0]
11-25 14:48:22.565  1256  1256 D GsmSST  : [GsmSST] EVENT_POLL_STATE_OPERATOR: use value from ril
11-25 14:48:22.565  1256  1256 D GsmSST  : [GsmSST] EVENT_POLL_STATE_OPERATOR: 中国联通
11-25 14:48:22.565   203  2908 D RILC    : RequestComplete, RIL_SOCKET_1
11-25 14:48:22.565   203  2908 E RILC    : Send Response to RIL_SOCKET_1
11-25 14:48:22.566  1256  1460 D RILJ    : [4175]< VOICE_REGISTRATION_STATE {1, a03b, 004b703d, 3, null, null, null, 0, null, null, 1, null, null, 0, 172} [SUB0]
11-25 14:48:22.566  1256  1256 D PHONE   : [ServiceState] setVoiceRegState=0
11-25 14:48:22.566  1256  1256 E PHONE   : [ServiceState] setState deprecated use setVoiceRegState()
11-25 14:48:22.567   203  2909 D RILC    : RequestComplete, RIL_SOCKET_1
11-25 14:48:22.567   203  2909 E RILC    : Send Response to RIL_SOCKET_1
11-25 14:48:22.567  1256  1460 D RILJ    : [4176]< QUERY_NETWORK_SELECTION_MODE {0} [SUB0]
11-25 14:48:22.567   203  2907 D RILC    : RequestComplete, RIL_SOCKET_1
11-25 14:48:22.567   203  2907 E RILC    : Send Response to RIL_SOCKET_1
11-25 14:48:22.568  1256  1460 D RILJ    : [4174]< DATA_REGISTRATION_STATE {1, a03b, 004b703d, 3, null, 20, null, null, null, null, null} [SUB0]
11-25 14:48:22.568  1256  1256 D PHONE   : [ServiceState] setDataRegState=0
11-25 14:48:22.568  1256  1256 D PHONE   : [ServiceState] setDataRadioTechnology=3
11-25 14:48:22.568  1256  1256 D GsmSST  : [GsmSST] handlPollStateResultMessage: GsmSST setDataRegState=0 regState=1 dataRadioTechnology=3
11-25 14:48:22.568  1256  1256 D GsmSST  : [GsmSST] Poll ServiceState done:  oldSS=[0 0 voice home data home 中国联通 中国联通 46001 中国联通 中国联通 46001  UMTS UMTS CSS not supported -1 -1 RoamInd=-1 DefRoamInd=-1 EmergOnly=false] newSS=[0 0 voice home data home 中国联通 中国联通 46001 中国联通 中国联通 46001  UMTS UMTS CSS not supported -1 -1 RoamInd=-1 DefRoamInd=-1 EmergOnly=false] oldMaxDataCalls=20 mNewMaxDataCalls=20 oldReasonDataDenied=-1 mNewReasonDataDenied=-1
11-25 14:48:22.568  1256  1256 D PHONE   : [ServiceState] setNullState=1
11-25 14:48:22.587   203   636 I RILQ    : (0/203):RIL[0][qmi_cb] qcril_qmi_nas_update_data_rte: completed, new drte 3 with confidence 1
11-25 14:48:22.588   203   636 I RILC    : RIL_SOCKET_1 UNSOLICITED: UNSOL_RESPONSE_VOICE_NETWORK_STATE_CHANGED length:8
11-25 14:48:22.588   203   636 E RILC    : Send Response to RIL_SOCKET_1
11-25 14:48:22.589  1256  1460 D RILJ    : [UNSL]< UNSOL_RESPONSE_VOICE_NETWORK_STATE_CHANGED [SUB0]
11-25 14:48:22.589  1256  1256 D RILJ    : [4177]> OPERATOR [SUB0]
11-25 14:48:22.590  1256  1256 D RILJ    : [4178]> DATA_REGISTRATION_STATE [SUB0]
11-25 14:48:22.591  1256  1256 D RILJ    : [4179]> VOICE_REGISTRATION_STATE [SUB0]
11-25 14:48:22.592  1256  1256 D RILJ    : [4180]> QUERY_NETWORK_SELECTION_MODE [SUB0]
11-25 14:48:22.594   203  2910 D RILC    : RequestComplete, RIL_SOCKET_1
11-25 14:48:22.594   203  2910 E RILC    : Send Response to RIL_SOCKET_1
11-25 14:48:22.595  1256  1460 D RILJ    : [4177]< OPERATOR {中国联通, 中国联通, 46001} [SUB0]
11-25 14:48:22.596  1256  1256 D GsmSST  : [GsmSST] EVENT_POLL_STATE_OPERATOR: use value from ril
11-25 14:48:22.596  1256  1256 D GsmSST  : [GsmSST] EVENT_POLL_STATE_OPERATOR: 中国联通
11-25 14:48:22.596   203  2911 D RILC    : RequestComplete, RIL_SOCKET_1
11-25 14:48:22.596   203  2911 E RILC    : Send Response to RIL_SOCKET_1
11-25 14:48:22.597  1256  1460 D RILJ    : [4178]< DATA_REGISTRATION_STATE {1, a03b, 004b703d, 3, null, 20, null, null, null, null, null} [SUB0]
11-25 14:48:22.597  1256  1256 D PHONE   : [ServiceState] setDataRegState=0
11-25 14:48:22.597  1256  1256 D PHONE   : [ServiceState] setDataRadioTechnology=3
11-25 14:48:22.597  1256  1256 D GsmSST  : [GsmSST] handlPollStateResultMessage: GsmSST setDataRegState=0 regState=1 dataRadioTechnology=3
11-25 14:48:22.598   203  2912 D RILC    : RequestComplete, RIL_SOCKET_1
11-25 14:48:22.598   203  2912 E RILC    : Send Response to RIL_SOCKET_1
11-25 14:48:22.598  1256  1460 D RILJ    : [4179]< VOICE_REGISTRATION_STATE {1, a03b, 004b703d, 3, null, null, null, 0, null, null, 1, null, null, 0, 172} [SUB0]
11-25 14:48:22.598  1256  1256 D PHONE   : [ServiceState] setVoiceRegState=0
11-25 14:48:22.598  1256  1256 E PHONE   : [ServiceState] setState deprecated use setVoiceRegState()
11-25 14:48:22.599   203  2913 D RILC    : RequestComplete, RIL_SOCKET_1
11-25 14:48:22.599   203  2913 E RILC    : Send Response to RIL_SOCKET_1
11-25 14:48:22.599  1256  1460 D RILJ    : [4180]< QUERY_NETWORK_SELECTION_MODE {0} [SUB0]
11-25 14:48:22.600  1256  1256 D GsmSST  : [GsmSST] Poll ServiceState done:  oldSS=[0 0 voice home data home 中国联通 中国联通 46001 中国联通 中国联通 46001  UMTS UMTS CSS not supported -1 -1 RoamInd=-1 DefRoamInd=-1 EmergOnly=false] newSS=[0 0 voice home data home 中国联通 中国联通 46001 中国联通 中国联通 46001  UMTS UMTS CSS not supported -1 -1 RoamInd=-1 DefRoamInd=-1 EmergOnly=false] oldMaxDataCalls=20 mNewMaxDataCalls=20 oldReasonDataDenied=-1 mNewReasonDataDenied=-1
11-25 14:48:22.600  1256  1256 D PHONE   : [ServiceState] setNullState=1
11-25 14:48:22.664   203   350 I RILQ    : (0/203):RIL[0][event] qcril_arb_set_data_sys_status: recvd data_sys_status nw=0x0, rat_mask=0x8000, so_mask=0x0
11-25 14:48:22.664   203   350 I RILQ    : (0/203):RIL[0][event] qcril_arb_set_data_sys_status: recvd data_sys_status nw=0x1, rat_mask=0x0, so_mask=0x0
11-25 14:48:22.665   203   350 I RILQ    : (0/203):RIL[0][event] qcril_qmi_nas_update_data_rte: completed, new drte 3 with confidence 1
11-25 14:48:22.669   203   350 I RILC    : RIL_SOCKET_1 UNSOLICITED: UNSOL_RESPONSE_VOICE_NETWORK_STATE_CHANGED length:8
11-25 14:48:22.669   203   350 E RILC    : Send Response to RIL_SOCKET_1
11-25 14:48:22.671  1256  1460 D RILJ    : [UNSL]< UNSOL_RESPONSE_VOICE_NETWORK_STATE_CHANGED [SUB0]
11-25 14:48:22.671  1256  1256 D RILJ    : [4181]> OPERATOR [SUB0]
11-25 14:48:22.674  1256  1256 D RILJ    : [4182]> DATA_REGISTRATION_STATE [SUB0]
11-25 14:48:22.678  1256  1256 D RILJ    : [4183]> VOICE_REGISTRATION_STATE [SUB0]
11-25 14:48:22.682  1256  1256 D RILJ    : [4184]> QUERY_NETWORK_SELECTION_MODE [SUB0]
11-25 14:48:22.686   203   350 I RILC    : RIL_SOCKET_1 UNSOLICITED: UNSOL_SIGNAL_STRENGTH length:60
11-25 14:48:22.686   203   350 E RILC    : Send Response to RIL_SOCKET_1
11-25 14:48:22.687  1256  1256 D DefaultPhoneNotifier: notifySignalStrength: mRegistry=com.android.internal.telephony.ITelephonyRegistry$Stub$Proxy@3c7bf3cf ss=SignalStrength: 12 0 -120 -160 -120 -1 -1 99 2147483647 2147483647 2147483647 2147483647 2147483647 gsm|lte sender=Handler (com.android.internal.telephony.gsm.GSMPhone) {2799bdec}
11-25 14:48:22.689   203  2915 D RILC    : RequestComplete, RIL_SOCKET_1
11-25 14:48:22.689   203  2915 E RILC    : Send Response to RIL_SOCKET_1
11-25 14:48:22.690  1256  1460 D RILJ    : [4182]< DATA_REGISTRATION_STATE {1, a03b, 004b703d, 3, null, 20, null, null, null, null, null} [SUB0]
11-25 14:48:22.690  1256  1256 D PHONE   : [ServiceState] setDataRegState=0
11-25 14:48:22.690  1256  1256 D PHONE   : [ServiceState] setDataRadioTechnology=3
11-25 14:48:22.691  1256  1256 D GsmSST  : [GsmSST] handlPollStateResultMessage: GsmSST setDataRegState=0 regState=1 dataRadioTechnology=3
11-25 14:48:22.691   203  2916 D RILC    : RequestComplete, RIL_SOCKET_1
11-25 14:48:22.691   203  2916 E RILC    : Send Response to RIL_SOCKET_1
11-25 14:48:22.691  1256  1460 D RILJ    : [4183]< VOICE_REGISTRATION_STATE {1, a03b, 004b703d, 3, null, null, null, 0, null, null, 1, null, null, 0, 172} [SUB0]
11-25 14:48:22.692  1256  1256 D PHONE   : [ServiceState] setVoiceRegState=0
11-25 14:48:22.692  1256  1256 E PHONE   : [ServiceState] setState deprecated use setVoiceRegState()
11-25 14:48:22.692   203  2917 D RILC    : RequestComplete, RIL_SOCKET_1
11-25 14:48:22.692   203  2917 E RILC    : Send Response to RIL_SOCKET_1
11-25 14:48:22.693  1256  1460 D RILJ    : [4184]< QUERY_NETWORK_SELECTION_MODE {0} [SUB0]
11-25 14:48:22.693   203  2914 D RILC    : RequestComplete, RIL_SOCKET_1
11-25 14:48:22.693   203  2914 E RILC    : Send Response to RIL_SOCKET_1
11-25 14:48:22.693  1256  1460 D RILJ    : [4181]< OPERATOR {中国联通, 中国联通, 46001} [SUB0]
11-25 14:48:22.694  1256  1256 D GsmSST  : [GsmSST] EVENT_POLL_STATE_OPERATOR: use value from ril
11-25 14:48:22.694  1256  1256 D GsmSST  : [GsmSST] EVENT_POLL_STATE_OPERATOR: 中国联通
11-25 14:48:22.694  1256  1256 D GsmSST  : [GsmSST] Poll ServiceState done:  oldSS=[0 0 voice home data home 中国联通 中国联通 46001 中国联通 中国联通 46001  UMTS UMTS CSS not supported -1 -1 RoamInd=-1 DefRoamInd=-1 EmergOnly=false] newSS=[0 0 voice home data home 中国联通 中国联通 46001 中国联通 中国联通 46001  UMTS UMTS CSS not supported -1 -1 RoamInd=-1 DefRoamInd=-1 EmergOnly=false] oldMaxDataCalls=20 mNewMaxDataCalls=20 oldReasonDataDenied=-1 mNewReasonDataDenied=-1
11-25 14:48:22.694  1256  1256 D PHONE   : [ServiceState] setNullState=1
11-25 14:48:23.075   203   636 I RILQ    : (0/203):RIL[0][qmi_cb] qcril_qmi_nas_update_data_rte: completed, new drte 0 with confidence 4
11-25 14:48:23.077   203   636 I RILQ    : (0/203):RIL[0][qmi_cb] qcril_qmi_nas_update_data_rte: completed, new drte 0 with confidence 4
11-25 14:48:23.079   203   350 I RILQ    : (0/203):RIL[0][event] qcril_qmi_nas_evaluate_custom_emergency_numbers_for_card: cur_status 1024, card_state 3
11-25 14:48:23.079   203   350 I RILQ    : (0/203):RIL[0][event] qcril_qmi_nas_evaluate_custom_emergency_numbers_for_card: card_mcc 460, card_mnc 01
11-25 14:48:23.081   203   350 I RILC    : RIL_SOCKET_1 UNSOLICITED: UNSOL_RESPONSE_VOICE_NETWORK_STATE_CHANGED length:8
11-25 14:48:23.081   203   350 E RILC    : Send Response to RIL_SOCKET_1
11-25 14:48:23.081  1256  1460 D RILJ    : [UNSL]< UNSOL_RESPONSE_VOICE_NETWORK_STATE_CHANGED [SUB0]
11-25 14:48:23.082  1256  1256 D RILJ    : [4185]> OPERATOR [SUB0]
11-25 14:48:23.083  1256  1256 D RILJ    : [4186]> DATA_REGISTRATION_STATE [SUB0]
11-25 14:48:23.084  1256  1256 D RILJ    : [4187]> VOICE_REGISTRATION_STATE [SUB0]
11-25 14:48:23.086  1256  1256 D RILJ    : [4188]> QUERY_NETWORK_SELECTION_MODE [SUB0]
11-25 14:48:23.087   203  2921 D RILC    : RequestComplete, RIL_SOCKET_1
11-25 14:48:23.088   203  2921 E RILC    : Send Response to RIL_SOCKET_1
11-25 14:48:23.088   203   350 I RILC    : RIL_SOCKET_1 UNSOLICITED: UNSOL_SIGNAL_STRENGTH length:60
11-25 14:48:23.088   203   350 E RILC    : Send Response to RIL_SOCKET_1
11-25 14:48:23.088  1256  1460 D RILJ    : [4188]< QUERY_NETWORK_SELECTION_MODE {0} [SUB0]
11-25 14:48:23.089  1256  1256 D DefaultPhoneNotifier: notifySignalStrength: mRegistry=com.android.internal.telephony.ITelephonyRegistry$Stub$Proxy@3c7bf3cf ss=SignalStrength: 99 0 -120 -160 -120 -1 -1 22 -97 -9 300 2147483647 2147483647 gsm|lte sender=Handler (com.android.internal.telephony.gsm.GSMPhone) {2799bdec}
11-25 14:48:23.092   203   350 I RILC    : RIL_SOCKET_1 UNSOLICITED: UNSOL_SIGNAL_STRENGTH length:60
11-25 14:48:23.092   203   350 E RILC    : Send Response to RIL_SOCKET_1
11-25 14:48:23.092  1256  1256 D DefaultPhoneNotifier: notifySignalStrength: mRegistry=com.android.internal.telephony.ITelephonyRegistry$Stub$Proxy@3c7bf3cf ss=SignalStrength: 99 0 -120 -160 -120 -1 -1 22 -97 -9 300 2147483647 2147483647 gsm|lte sender=Handler (com.android.internal.telephony.gsm.GSMPhone) {2799bdec}
11-25 14:48:23.094   203   350 I RILQ    : (0/203):RIL[0][event] qcril_arb_set_data_sys_status: recvd data_sys_status nw=0x0, rat_mask=0x20, so_mask=0x0
11-25 14:48:23.094   203   350 I RILQ    : (0/203):RIL[0][event] qcril_arb_set_data_sys_status: recvd data_sys_status nw=0x1, rat_mask=0x0, so_mask=0x0
11-25 14:48:23.094   203   350 I RILQ    : (0/203):RIL[0][event] qcril_qmi_nas_update_data_rte: completed, new drte 5 with confidence 1
11-25 14:48:23.096   203   350 I RILC    : RIL_SOCKET_1 UNSOLICITED: UNSOL_SIGNAL_STRENGTH length:60
11-25 14:48:23.096   203   350 E RILC    : Send Response to RIL_SOCKET_1
11-25 14:48:23.097   203  2920 D RILC    : RequestComplete, RIL_SOCKET_1
11-25 14:48:23.097   203  2920 E RILC    : Send Response to RIL_SOCKET_1
11-25 14:48:23.098  1256  1256 D DefaultPhoneNotifier: notifySignalStrength: mRegistry=com.android.internal.telephony.ITelephonyRegistry$Stub$Proxy@3c7bf3cf ss=SignalStrength: 99 0 -120 -160 -120 -1 -1 22 -97 -9 300 2147483647 2147483647 gsm|lte sender=Handler (com.android.internal.telephony.gsm.GSMPhone) {2799bdec}
11-25 14:48:23.100  1256  1460 D RILJ    : [4187]< VOICE_REGISTRATION_STATE {1, 101d, 002cb31f, 14, null, null, null, 0, null, null, null, null, null, 0, null} [SUB0]
11-25 14:48:23.100  1256  1256 D PHONE   : [ServiceState] setVoiceRegState=0
11-25 14:48:23.100  1256  1256 E PHONE   : [ServiceState] setState deprecated use setVoiceRegState()
11-25 14:48:23.102   203  2918 D RILC    : RequestComplete, RIL_SOCKET_1
11-25 14:48:23.102   203  2918 E RILC    : Send Response to RIL_SOCKET_1
11-25 14:48:23.103  1256  1460 D RILJ    : [4185]< OPERATOR {中国联通, 中国联通, 46001} [SUB0]
11-25 14:48:23.103  1256  1256 D GsmSST  : [GsmSST] EVENT_POLL_STATE_OPERATOR: use value from ril
11-25 14:48:23.103  1256  1256 D GsmSST  : [GsmSST] EVENT_POLL_STATE_OPERATOR: 中国联通
11-25 14:48:23.104   203  2919 D RILC    : RequestComplete, RIL_SOCKET_1
11-25 14:48:23.104   203  2919 E RILC    : Send Response to RIL_SOCKET_1
11-25 14:48:23.104  1256  1460 D RILJ    : [4186]< DATA_REGISTRATION_STATE {1, null, 002cb31f, 14, null, 20, 4125, 446, 2929439, null, null} [SUB0]
11-25 14:48:23.105  1256  1256 D PHONE   : [ServiceState] setDataRegState=0
11-25 14:48:23.105  1256  1256 D PHONE   : [ServiceState] setDataRadioTechnology=14
11-25 14:48:23.105  1256  1256 D GsmSST  : [GsmSST] handlPollStateResultMessage: GsmSST setDataRegState=0 regState=1 dataRadioTechnology=14
11-25 14:48:23.105  1256  1256 D GsmSST  : [GsmSST] Poll ServiceState done:  oldSS=[0 0 voice home data home 中国联通 中国联通 46001 中国联通 中国联通 46001  UMTS UMTS CSS not supported -1 -1 RoamInd=-1 DefRoamInd=-1 EmergOnly=false] newSS=[0 0 voice home data home 中国联通 中国联通 46001 中国联通 中国联通 46001  LTE LTE CSS not supported -1 -1 RoamInd=-1 DefRoamInd=-1 EmergOnly=false] oldMaxDataCalls=20 mNewMaxDataCalls=20 oldReasonDataDenied=-1 mNewReasonDataDenied=-1
11-25 14:48:23.105  1256  1256 D GsmSST  : [GsmSST] RAT switched UMTS -> LTE at cell 2929439
11-25 14:48:23.105  1256  1256 D PHONE   : [ServiceState] setNullState=1
11-25 14:48:23.105  1256  1256 D PhoneBase: updatePhoneObject: phoneid = 0 rat = 14
11-25 14:48:23.105  1256  1256 D PhoneProxy: [PhoneProxy] updatePhoneObject: radioTechnology=14
11-25 14:48:23.105  1256  1256 D TelephonyManager: setTelephonyProperty: success phoneId=0 property=gsm.network.type value: LTE propVal=LTE
11-25 14:48:23.106  1256  1256 D GsmSST  : [GsmSST] Iwlan feature available = false
11-25 14:48:23.106  1256  1256 D SIMRecords: [SIMRecords] getServiceProviderName: no brandOverride
11-25 14:48:23.106  1256  1256 D SIMRecords: [SIMRecords] getServiceProviderName: providerName=
11-25 14:48:23.106  1256  1256 D SIMRecords: [SIMRecords] getServiceProviderName: no brandOverride
11-25 14:48:23.106  1256  1256 D SIMRecords: [SIMRecords] getServiceProviderName: providerName=
11-25 14:48:23.106  1256  1256 D TelephonyManager: setTelephonyProperty: success phoneId=0 property=gsm.operator.alpha value: 中国联通 propVal=中国联通
11-25 14:48:23.107  1256  1256 D TelephonyManager: setTelephonyProperty: success phoneId=0 property=gsm.operator.numeric value: 46001 propVal=46001
11-25 14:48:23.107  1256  1256 D TelephonyManager: setTelephonyProperty: success phoneId=0 property=gsm.operator.iso-country value: cn propVal=cn
11-25 14:48:23.108  1256  1256 D GsmSST  : [GsmSST] pollStateDone: there are 2 unique offsets for iso-cc='cn testOneUniqueOffsetPath=false', do nothing
11-25 14:48:23.108  1256  1256 D GsmSST  : [GsmSST] shouldFixTimeZoneNow: retVal=false iccCardExist=true operatorNumeric=46001 mcc=460 prevOperatorNumeric=46001 prevMcc=460 needToFixTimeZone=false ltod=11-25 14:48:23.108
11-25 14:48:23.108  1256  1256 D TelephonyManager: setTelephonyProperty: success phoneId=0 property=gsm.operator.isroaming value: false propVal=false
11-25 14:48:23.108  1256  1256 D GsmSST  : [GsmSST] Broadcasting ServiceState : 0 0 voice home data home 中国联通 中国联通 46001 中国联通 中国联通 46001  LTE LTE CSS not supported -1 -1 RoamInd=-1 DefRoamInd=-1 EmergOnly=false
11-25 14:48:23.109  1256  1256 D DefaultPhoneNotifier: nofityServiceState: mRegistry=com.android.internal.telephony.ITelephonyRegistry$Stub$Proxy@3c7bf3cf ss=0 0 voice home data home 中国联通 中国联通 46001 中国联通 中国联通 46001  LTE LTE CSS not supported -1 -1 RoamInd=-1 DefRoamInd=-1 EmergOnly=false sender=Handler (com.android.internal.telephony.gsm.GSMPhone) {2799bdec} phondId=0 subId=1
11-25 14:48:23.111  1256  1256 D SubscriptionController: getSimStateForSubscriber:  simState=READY ordinal=5
11-25 14:48:23.117  1256  1256 D GsmSST  : [GsmSST] notifyDataRegStateRilRadioTechnologyChanged: drs=0 rat=14
11-25 14:48:23.117  1256  1256 D TelephonyManager: setTelephonyProperty: success phoneId=0 property=gsm.network.type value: LTE propVal=LTE
11-25 14:48:23.118  1256  1256 D GsmSST  : [GsmSST] Iwlan feature available = false
11-25 14:48:23.118  1256  1256 D GsmSST  : [GsmSST] Iwlan feature available = false
11-25 14:48:23.118  1256  1256 D GsmDCT  : [0]get all active apn types
11-25 14:48:23.119  1256  1256 D GsmDCT  : [0]isDataAllowed getRecordsLoaded=true
11-25 14:48:23.119  1256  1256 D GsmDCT  : [ApnContext:default] getApnSetting: apnSetting=null
11-25 14:48:23.120   203  2919 I RILC    : RIL_SOCKET_1 UNSOLICITED: UNSOL_RESPONSE_VOICE_NETWORK_STATE_CHANGED length:8
11-25 14:48:23.120   203  2919 E RILC    : Send Response to RIL_SOCKET_1
11-25 14:48:23.120   671  1212 D TelephonyRegistry: Notify data connection state changed on sub: 1
11-25 14:48:23.120   671  1212 D TelephonyRegistry: Notify data connection state changed on sub: 1
11-25 14:48:23.124  1256  1256 D GsmSST  : [GsmSST] getCellLocation(): X good mCellLoc=[4125,2929439,-1]
11-25 14:48:23.124  1256  1460 D RILJ    : [UNSL]< UNSOL_RESPONSE_VOICE_NETWORK_STATE_CHANGED [SUB0]
11-25 14:48:23.125   203   341 I RILC    : RIL_SOCKET_1 UNSOLICITED: UNSOL_RESPONSE_VOICE_NETWORK_STATE_CHANGED length:8
11-25 14:48:23.125   203   341 E RILC    : Send Response to RIL_SOCKET_1
11-25 14:48:23.125  1256  1460 D RILJ    : [UNSL]< UNSOL_RESPONSE_VOICE_NETWORK_STATE_CHANGED [SUB0]
11-25 14:48:23.125   671  1213 D TelephonyRegistry: notifyCellLocationForSubscriber: subId=1 cellLocation=Bundle[mParcelledData.dataSize=64]
11-25 14:48:23.126  1256  1256 D PhoneProxy: [PhoneProxy] phoneObjectUpdater: newVoiceRadioTech=14
11-25 14:48:23.126  1256  1256 D PhoneProxy: [PhoneProxy] phoneObjectUpdater: volteReplacementRat=0
11-25 14:48:23.126  1256  1256 D PhoneProxy: [PhoneProxy] phoneObjectUpdater: No change ignore, newVoiceRadioTech=14 mActivePhone=GSM
11-25 14:48:23.127  1256  1256 D GsmDCT  : [0]handleMessage msg={ when=-9ms what=270377 obj=android.os.AsyncResult@268d0510 target=com.android.internal.telephony.dataconnection.DcTracker }
11-25 14:48:23.128  1256  1256 D GsmDCT  : [0]updateSimRecords: newSimRecords = SimRecords: mDestroyed=false mContext=com.android.phone.PhoneGlobals@9cd8992 mCi=com.android.internal.telephony.RIL@16c58701 mFh=Handler (com.android.internal.telephony.uicc.UsimFileHandler) {55a3f63} mParentApp=com.android.internal.telephony.uicc.UiccCardApplication@304f5760 mSpnOverride=mSpnOverride recordsLoadedRegistrants=android.os.RegistrantList@32a7a419 mImsiReadyRegistrants=android.os.RegistrantList@29b6acde mRecordsEventsRegistrants=android.os.RegistrantList@3d276ebf mNewSmsRegistrants=android.os.RegistrantList@3442898c mNetworkSelectionModeAutomaticRegistrants=android.os.RegistrantList@348568d5 recordsToLoad=0 adnCache=Handler (com.android.internal.telephony.uicc.AdnRecordCache) {2c7cb8ea} recordsRequested=true iccid=89860115921101579076 msisdnTag= voiceMailNum=null voiceMailTag=null newVoiceMailNum=null newVoiceMailTag=null isVoiceMailFixed=false mImsi=460011952973996 mncLength=2 mailboxIndex=0 spn= mVmConfigcom.android.internal.telephony.uicc.VoiceMailConstants@206e37db callForwardingEnabled=false spnState=IDLE mCphsInfo=null mCspPlmnEnabled=true efMWIS=null efCPHS_MWI=null mEfCff=null mEfCfis=null getOperatorNumeric=46001
11-25 14:48:23.128  1256  1256 D GsmDCT  : [0]onUpdateIcc: newIccRecords com.android.internal.telephony.uicc.SIMRecords
11-25 14:48:23.128  1256  1256 D RILJ    : [4189]> OPERATOR [SUB0]
11-25 14:48:23.130  1256  1256 D RILJ    : [4190]> DATA_REGISTRATION_STATE [SUB0]
11-25 14:48:23.133  1256  1256 D RILJ    : [4191]> VOICE_REGISTRATION_STATE [SUB0]
11-25 14:48:23.138  1256  1256 D RILJ    : [4192]> QUERY_NETWORK_SELECTION_MODE [SUB0]
11-25 14:48:23.139  1256  1256 D RILJ    : [4193]> OPERATOR [SUB0]
11-25 14:48:23.140  1256  1256 D RILJ    : [4194]> DATA_REGISTRATION_STATE [SUB0]
11-25 14:48:23.140  1256  1256 D RILJ    : [4195]> VOICE_REGISTRATION_STATE [SUB0]
11-25 14:48:23.141  1256  1256 D RILJ    : [4196]> QUERY_NETWORK_SELECTION_MODE [SUB0]
11-25 14:48:23.142   203  2925 D RILC    : RequestComplete, RIL_SOCKET_1
11-25 14:48:23.142   203  2925 E RILC    : Send Response to RIL_SOCKET_1
11-25 14:48:23.143  1256  1460 D RILJ    : [4192]< QUERY_NETWORK_SELECTION_MODE {0} [SUB0]
11-25 14:48:23.143   203  2925 D RILC    : RequestComplete, RIL_SOCKET_1
11-25 14:48:23.143   203  2925 E RILC    : Send Response to RIL_SOCKET_1
11-25 14:48:23.143  1256  1460 D RILJ    : [4196]< QUERY_NETWORK_SELECTION_MODE {0} [SUB0]
11-25 14:48:23.144   203  2922 D RILC    : RequestComplete, RIL_SOCKET_1
11-25 14:48:23.144   203  2922 E RILC    : Send Response to RIL_SOCKET_1
11-25 14:48:23.145  1256  1460 D RILJ    : [4189]< OPERATOR {中国联通, 中国联通, 46001} [SUB0]
11-25 14:48:23.149   203  2922 D RILC    : RequestComplete, RIL_SOCKET_1
11-25 14:48:23.149   203  2922 E RILC    : Send Response to RIL_SOCKET_1
11-25 14:48:23.150  1256  1460 D RILJ    : [4193]< OPERATOR {中国联通, 中国联通, 46001} [SUB0]
11-25 14:48:23.150  1256  1256 D GsmSST  : [GsmSST] EVENT_POLL_STATE_OPERATOR: use value from ril
11-25 14:48:23.150  1256  1256 D GsmSST  : [GsmSST] EVENT_POLL_STATE_OPERATOR: 中国联通
11-25 14:48:23.150   203  2924 D RILC    : RequestComplete, RIL_SOCKET_1
11-25 14:48:23.150   203  2924 E RILC    : Send Response to RIL_SOCKET_1
11-25 14:48:23.150  1256  1460 D RILJ    : [4191]< VOICE_REGISTRATION_STATE {1, 101d, 002cb31f, 14, null, null, null, 0, null, null, 1, null, null, 0, null} [SUB0]
11-25 14:48:23.151   203  2924 D RILC    : RequestComplete, RIL_SOCKET_1
11-25 14:48:23.151   203  2924 E RILC    : Send Response to RIL_SOCKET_1
11-25 14:48:23.151  1256  1460 D RILJ    : [4195]< VOICE_REGISTRATION_STATE {1, 101d, 002cb31f, 14, null, null, null, 0, null, null, 1, null, null, 0, null} [SUB0]
11-25 14:48:23.151  1256  1256 D PHONE   : [ServiceState] setVoiceRegState=0
11-25 14:48:23.151  1256  1256 E PHONE   : [ServiceState] setState deprecated use setVoiceRegState()
11-25 14:48:23.152   203  2923 D RILC    : RequestComplete, RIL_SOCKET_1
11-25 14:48:23.152   203  2923 E RILC    : Send Response to RIL_SOCKET_1
11-25 14:48:23.152  1256  1460 D RILJ    : [4190]< DATA_REGISTRATION_STATE {1, null, 002cb31f, 14, null, 20, 4125, 446, 2929439, null, null} [SUB0]
11-25 14:48:23.152   203  2923 D RILC    : RequestComplete, RIL_SOCKET_1
11-25 14:48:23.152   203  2923 E RILC    : Send Response to RIL_SOCKET_1
11-25 14:48:23.152  1256  1460 D RILJ    : [4194]< DATA_REGISTRATION_STATE {1, null, 002cb31f, 14, null, 20, 4125, 446, 2929439, null, null} [SUB0]
11-25 14:48:23.153  1256  1256 D PHONE   : [ServiceState] setDataRegState=0
11-25 14:48:23.153  1256  1256 D PHONE   : [ServiceState] setDataRadioTechnology=14
11-25 14:48:23.153  1256  1256 D GsmSST  : [GsmSST] handlPollStateResultMessage: GsmSST setDataRegState=0 regState=1 dataRadioTechnology=14
11-25 14:48:23.153  1256  1256 D GsmSST  : [GsmSST] Poll ServiceState done:  oldSS=[0 0 voice home data home 中国联通 中国联通 46001 中国联通 中国联通 46001  LTE LTE CSS not supported -1 -1 RoamInd=-1 DefRoamInd=-1 EmergOnly=false] newSS=[0 0 voice home data home 中国联通 中国联通 46001 中国联通 中国联通 46001  LTE LTE CSS not supported -1 -1 RoamInd=-1 DefRoamInd=-1 EmergOnly=false] oldMaxDataCalls=20 mNewMaxDataCalls=20 oldReasonDataDenied=-1 mNewReasonDataDenied=-1
11-25 14:48:23.153  1256  1256 D PHONE   : [ServiceState] setNullState=1
11-25 14:48:23.160   671   805 D TelephonyManager: getTelephonyProperty: return propVal='cn' phoneId=0 property='gsm.operator.iso-country' defaultVal='' prop=cn
11-25 14:48:23.164  2438  2926 D TelephonyManager: getTelephonyProperty: return propVal='cn' phoneId=0 property='gsm.sim.operator.iso-country' defaultVal='' prop=cn
11-25 14:48:23.165  1256  1649 D SubscriptionController: [getActiveSubInfoList]+
11-25 14:48:23.165  1256  1649 D SubscriptionController: selection:sim_id>=0 null
11-25 14:48:23.167  1256  1649 D TelephonyManager: getTelephonyProperty: return propVal='cn' phoneId=0 property='gsm.sim.operator.iso-country' defaultVal='' prop=cn
11-25 14:48:23.167  1256  1649 D SubscriptionController: [getSubInfoRecord] id:1 iccid:DUMMY_NV_ID simSlotIndex:0 displayName:CARD 1 nameSource:0 iconTint:-16746133 dataRoaming:0 mcc:460 mnc:1 countIso:cn status:1 nwMode:10
11-25 14:48:23.169  1256  1649 D SubscriptionController: [getActiveSubInfoList]- 1 infos return
11-25 14:48:23.170  1256  1274 D RILJ    : [4197]> RIL_REQUEST_GSM_BROADCAST_ACTIVATION [SUB0]
11-25 14:48:23.172   203   636 D RILC    : RequestComplete, RIL_SOCKET_1
11-25 14:48:23.172   203   636 E RILC    : Send Response to RIL_SOCKET_1
11-25 14:48:23.172  1256  1460 D RILJ    : [4197]< RIL_REQUEST_GSM_BROADCAST_ACTIVATION  [SUB0]
11-25 14:48:23.173  1256  1276 D SubscriptionController: [getActiveSubInfoList]+
11-25 14:48:23.173  1256  1276 D SubscriptionController: selection:sim_id>=0 null
11-25 14:48:23.182  1256  1276 D TelephonyManager: getTelephonyProperty: return propVal='cn' phoneId=0 property='gsm.sim.operator.iso-country' defaultVal='' prop=cn
11-25 14:48:23.183  1256  1276 D SubscriptionController: [getSubInfoRecord] id:1 iccid:DUMMY_NV_ID simSlotIndex:0 displayName:CARD 1 nameSource:0 iconTint:-16746133 dataRoaming:0 mcc:460 mnc:1 countIso:cn status:1 nwMode:10
11-25 14:48:23.185  1256  1276 D SubscriptionController: [getActiveSubInfoList]- 1 infos return
11-25 14:48:23.195  1256  2066 D RILJ    : [4198]> RIL_REQUEST_GSM_BROADCAST_ACTIVATION [SUB0]
11-25 14:48:23.198   203   636 D RILC    : RequestComplete, RIL_SOCKET_1
11-25 14:48:23.198   203   636 E RILC    : Send Response to RIL_SOCKET_1
11-25 14:48:23.199  1256  1460 D RILJ    : [4198]< RIL_REQUEST_GSM_BROADCAST_ACTIVATION  [SUB0]
11-25 14:48:23.201  1256  1804 D SubscriptionController: [getActiveSubInfoList]+
11-25 14:48:23.202  1256  1804 D SubscriptionController: selection:sim_id>=0 null
11-25 14:48:23.205  1256  1804 D TelephonyManager: getTelephonyProperty: return propVal='cn' phoneId=0 property='gsm.sim.operator.iso-country' defaultVal='' prop=cn
11-25 14:48:23.205  1256  1804 D SubscriptionController: [getSubInfoRecord] id:1 iccid:DUMMY_NV_ID simSlotIndex:0 displayName:CARD 1 nameSource:0 iconTint:-16746133 dataRoaming:0 mcc:460 mnc:1 countIso:cn status:1 nwMode:10
11-25 14:48:23.207  1256  1804 D SubscriptionController: [getActiveSubInfoList]- 1 infos return
11-25 14:48:23.209  1256  1649 D RILJ    : [4199]> RIL_REQUEST_GSM_BROADCAST_ACTIVATION [SUB0]
11-25 14:48:23.211   203   636 D RILC    : RequestComplete, RIL_SOCKET_1
11-25 14:48:23.211   203   636 E RILC    : Send Response to RIL_SOCKET_1
11-25 14:48:23.212  1256  1460 D RILJ    : [4199]< RIL_REQUEST_GSM_BROADCAST_ACTIVATION  [SUB0]
11-25 14:48:23.214  1256  1274 D SubscriptionController: [getActiveSubInfoList]+
11-25 14:48:23.214  1256  1274 D SubscriptionController: selection:sim_id>=0 null
11-25 14:48:23.218  1256  1274 D TelephonyManager: getTelephonyProperty: return propVal='cn' phoneId=0 property='gsm.sim.operator.iso-country' defaultVal='' prop=cn
11-25 14:48:23.218  1256  1274 D SubscriptionController: [getSubInfoRecord] id:1 iccid:DUMMY_NV_ID simSlotIndex:0 displayName:CARD 1 nameSource:0 iconTint:-16746133 dataRoaming:0 mcc:460 mnc:1 countIso:cn status:1 nwMode:10
11-25 14:48:23.220  1256  1274 D SubscriptionController: [getActiveSubInfoList]- 1 infos return
11-25 14:48:23.222  1256  1276 D RILJ    : [4200]> RIL_REQUEST_CDMA_SET_BROADCAST_CONFIG with 1 configs :  [SUB0]
11-25 14:48:23.222  1256  1276 D RILJ    : CdmaSmsBroadcastConfigInfo: Id [4097, 4097] ENABLED [SUB0]
11-25 14:48:23.226   203   636 D RILC    : RequestComplete, RIL_SOCKET_1
11-25 14:48:23.226   203   636 E RILC    : Send Response to RIL_SOCKET_1
11-25 14:48:23.227  1256  1460 D RilRequest: [4200]< RIL_REQUEST_CDMA_SET_BROADCAST_CONFIG error: com.android.internal.telephony.CommandException: GENERIC_FAILURE ret=
11-25 14:48:23.228  1256  2066 D SubscriptionController: [getActiveSubInfoList]+
11-25 14:48:23.229  1256  2066 D SubscriptionController: selection:sim_id>=0 null
11-25 14:48:23.232  1256  2066 D TelephonyManager: getTelephonyProperty: return propVal='cn' phoneId=0 property='gsm.sim.operator.iso-country' defaultVal='' prop=cn
11-25 14:48:23.232  1256  2066 D SubscriptionController: [getSubInfoRecord] id:1 iccid:DUMMY_NV_ID simSlotIndex:0 displayName:CARD 1 nameSource:0 iconTint:-16746133 dataRoaming:0 mcc:460 mnc:1 countIso:cn status:1 nwMode:10
11-25 14:48:23.234  1256  2066 D SubscriptionController: [getActiveSubInfoList]- 1 infos return
11-25 14:48:23.235  1256  1804 D RILJ    : [4201]> RIL_REQUEST_GSM_BROADCAST_ACTIVATION [SUB0]
11-25 14:48:23.237   203   636 D RILC    : RequestComplete, RIL_SOCKET_1
11-25 14:48:23.237   203   636 E RILC    : Send Response to RIL_SOCKET_1
11-25 14:48:23.238  1256  1460 D RILJ    : [4201]< RIL_REQUEST_GSM_BROADCAST_ACTIVATION  [SUB0]
11-25 14:48:23.239  1256  1649 D SubscriptionController: [getActiveSubInfoList]+
11-25 14:48:23.239  1256  1649 D SubscriptionController: selection:sim_id>=0 null
11-25 14:48:23.242  1256  1649 D TelephonyManager: getTelephonyProperty: return propVal='cn' phoneId=0 property='gsm.sim.operator.iso-country' defaultVal='' prop=cn
11-25 14:48:23.242  1256  1649 D SubscriptionController: [getSubInfoRecord] id:1 iccid:DUMMY_NV_ID simSlotIndex:0 displayName:CARD 1 nameSource:0 iconTint:-16746133 dataRoaming:0 mcc:460 mnc:1 countIso:cn status:1 nwMode:10
11-25 14:48:23.244  1256  1649 D SubscriptionController: [getActiveSubInfoList]- 1 infos return
11-25 14:48:23.245  1256  1274 D RILJ    : [4202]> RIL_REQUEST_CDMA_SET_BROADCAST_CONFIG with 1 configs :  [SUB0]
11-25 14:48:23.245  1256  1274 D RILJ    : CdmaSmsBroadcastConfigInfo: Id [4098, 4098] ENABLED [SUB0]
11-25 14:48:23.248   203   636 D RILC    : RequestComplete, RIL_SOCKET_1
11-25 14:48:23.248   203   636 E RILC    : Send Response to RIL_SOCKET_1
11-25 14:48:23.248  1256  1460 D RilRequest: [4202]< RIL_REQUEST_CDMA_SET_BROADCAST_CONFIG error: com.android.internal.telephony.CommandException: GENERIC_FAILURE ret=
11-25 14:48:23.249  1256  1276 D SubscriptionController: [getActiveSubInfoList]+
11-25 14:48:23.250  1256  1276 D SubscriptionController: selection:sim_id>=0 null
11-25 14:48:23.253  1256  1276 D TelephonyManager: getTelephonyProperty: return propVal='cn' phoneId=0 property='gsm.sim.operator.iso-country' defaultVal='' prop=cn
11-25 14:48:23.253  1256  1276 D SubscriptionController: [getSubInfoRecord] id:1 iccid:DUMMY_NV_ID simSlotIndex:0 displayName:CARD 1 nameSource:0 iconTint:-16746133 dataRoaming:0 mcc:460 mnc:1 countIso:cn status:1 nwMode:10
11-25 14:48:23.255  1256  1276 D SubscriptionController: [getActiveSubInfoList]- 1 infos return
11-25 14:48:23.257  1256  2066 D RILJ    : [4203]> RIL_REQUEST_GSM_BROADCAST_ACTIVATION [SUB0]
11-25 14:48:23.259   203   636 D RILC    : RequestComplete, RIL_SOCKET_1
11-25 14:48:23.259   203   636 E RILC    : Send Response to RIL_SOCKET_1
11-25 14:48:23.259  1256  1460 D RILJ    : [4203]< RIL_REQUEST_GSM_BROADCAST_ACTIVATION  [SUB0]
11-25 14:48:23.262  1256  1804 D SubscriptionController: [getActiveSubInfoList]+
11-25 14:48:23.262  1256  1804 D SubscriptionController: selection:sim_id>=0 null
11-25 14:48:23.266  1256  1804 D TelephonyManager: getTelephonyProperty: return propVal='cn' phoneId=0 property='gsm.sim.operator.iso-country' defaultVal='' prop=cn
11-25 14:48:23.267  1256  1804 D SubscriptionController: [getSubInfoRecord] id:1 iccid:DUMMY_NV_ID simSlotIndex:0 displayName:CARD 1 nameSource:0 iconTint:-16746133 dataRoaming:0 mcc:460 mnc:1 countIso:cn status:1 nwMode:10
11-25 14:48:23.269  1256  1804 D SubscriptionController: [getActiveSubInfoList]- 1 infos return
11-25 14:48:23.270  1256  1649 D RILJ    : [4204]> RIL_REQUEST_CDMA_SET_BROADCAST_CONFIG with 1 configs :  [SUB0]
11-25 14:48:23.270  1256  1649 D RILJ    : CdmaSmsBroadcastConfigInfo: Id [4099, 4099] ENABLED [SUB0]
11-25 14:48:23.273   203   636 D RILC    : RequestComplete, RIL_SOCKET_1
11-25 14:48:23.273   203   636 E RILC    : Send Response to RIL_SOCKET_1
11-25 14:48:23.274  1256  1460 D RilRequest: [4204]< RIL_REQUEST_CDMA_SET_BROADCAST_CONFIG error: com.android.internal.telephony.CommandException: GENERIC_FAILURE ret=
11-25 14:48:23.277  1256  1274 D SubscriptionController: [getActiveSubInfoList]+
11-25 14:48:23.277  1256  1274 D SubscriptionController: selection:sim_id>=0 null
11-25 14:48:23.281  1256  1274 D TelephonyManager: getTelephonyProperty: return propVal='cn' phoneId=0 property='gsm.sim.operator.iso-country' defaultVal='' prop=cn
11-25 14:48:23.281  1256  1274 D SubscriptionController: [getSubInfoRecord] id:1 iccid:DUMMY_NV_ID simSlotIndex:0 displayName:CARD 1 nameSource:0 iconTint:-16746133 dataRoaming:0 mcc:460 mnc:1 countIso:cn status:1 nwMode:10
11-25 14:48:23.283  1256  1274 D SubscriptionController: [getActiveSubInfoList]- 1 infos return
11-25 14:48:23.285  1256  1276 D RILJ    : [4205]> RIL_REQUEST_GSM_BROADCAST_ACTIVATION [SUB0]
11-25 14:48:23.289   203   636 D RILC    : RequestComplete, RIL_SOCKET_1
11-25 14:48:23.289   203   636 E RILC    : Send Response to RIL_SOCKET_1
11-25 14:48:23.290  1256  1460 D RILJ    : [4205]< RIL_REQUEST_GSM_BROADCAST_ACTIVATION  [SUB0]
11-25 14:48:23.292  1256  2066 D SubscriptionController: [getActiveSubInfoList]+
11-25 14:48:23.293  1256  2066 D SubscriptionController: selection:sim_id>=0 null
11-25 14:48:23.298  1256  2066 D TelephonyManager: getTelephonyProperty: return propVal='cn' phoneId=0 property='gsm.sim.operator.iso-country' defaultVal='' prop=cn
11-25 14:48:23.298  1256  2066 D SubscriptionController: [getSubInfoRecord] id:1 iccid:DUMMY_NV_ID simSlotIndex:0 displayName:CARD 1 nameSource:0 iconTint:-16746133 dataRoaming:0 mcc:460 mnc:1 countIso:cn status:1 nwMode:10
11-25 14:48:23.301  1256  2066 D SubscriptionController: [getActiveSubInfoList]- 1 infos return
11-25 14:48:23.303  1256  1804 D RILJ    : [4206]> RIL_REQUEST_CDMA_SET_BROADCAST_CONFIG with 1 configs :  [SUB0]
11-25 14:48:23.303  1256  1804 D RILJ    : CdmaSmsBroadcastConfigInfo: Id [4096, 4096] ENABLED [SUB0]
11-25 14:48:23.306   203   636 D RILC    : RequestComplete, RIL_SOCKET_1
11-25 14:48:23.306   203   636 E RILC    : Send Response to RIL_SOCKET_1
11-25 14:48:23.307  1256  1460 D RilRequest: [4206]< RIL_REQUEST_CDMA_SET_BROADCAST_CONFIG error: com.android.internal.telephony.CommandException: GENERIC_FAILURE ret=
11-25 14:48:23.309  1256  1649 D SubscriptionController: [getActiveSubInfoList]+
11-25 14:48:23.309  1256  1649 D SubscriptionController: selection:sim_id>=0 null
11-25 14:48:23.314  1256  1649 D TelephonyManager: getTelephonyProperty: return propVal='cn' phoneId=0 property='gsm.sim.operator.iso-country' defaultVal='' prop=cn
11-25 14:48:23.314  1256  1649 D SubscriptionController: [getSubInfoRecord] id:1 iccid:DUMMY_NV_ID simSlotIndex:0 displayName:CARD 1 nameSource:0 iconTint:-16746133 dataRoaming:0 mcc:460 mnc:1 countIso:cn status:1 nwMode:10
11-25 14:48:23.317  1256  1649 D SubscriptionController: [getActiveSubInfoList]- 1 infos return
11-25 14:48:23.319  1256  1274 D RILJ    : [4207]> RIL_REQUEST_GSM_BROADCAST_ACTIVATION [SUB0]
11-25 14:48:23.322   203   636 D RILC    : RequestComplete, RIL_SOCKET_1
11-25 14:48:23.323   203   636 E RILC    : Send Response to RIL_SOCKET_1
11-25 14:48:23.323  1256  1460 D RILJ    : [4207]< RIL_REQUEST_GSM_BROADCAST_ACTIVATION  [SUB0]
11-25 14:48:23.326  1256  1276 D SubscriptionController: [getActiveSubInfoList]+
11-25 14:48:23.326  1256  1276 D SubscriptionController: selection:sim_id>=0 null
11-25 14:48:23.331  1256  1276 D TelephonyManager: getTelephonyProperty: return propVal='cn' phoneId=0 property='gsm.sim.operator.iso-country' defaultVal='' prop=cn
11-25 14:48:23.331  1256  1276 D SubscriptionController: [getSubInfoRecord] id:1 iccid:DUMMY_NV_ID simSlotIndex:0 displayName:CARD 1 nameSource:0 iconTint:-16746133 dataRoaming:0 mcc:460 mnc:1 countIso:cn status:1 nwMode:10
11-25 14:48:23.334  1256  1276 D SubscriptionController: [getActiveSubInfoList]- 1 infos return
11-25 14:48:23.338  2438  2926 D TelephonyManager: getTelephonyProperty: return propVal='cn' phoneId=0 property='gsm.sim.operator.iso-country' defaultVal='' prop=cn
11-25 14:48:23.339  2438  2926 D TelephonyManager: getTelephonyProperty: return propVal='cn' phoneId=0 property='gsm.operator.iso-country' defaultVal='' prop=cn
11-25 14:48:23.341  1256  2066 D SubscriptionController: [getActiveSubInfoList]+
11-25 14:48:23.341  1256  2066 D SubscriptionController: selection:sim_id>=0 null
11-25 14:48:23.347  1256  2066 D TelephonyManager: getTelephonyProperty: return propVal='cn' phoneId=0 property='gsm.sim.operator.iso-country' defaultVal='' prop=cn
11-25 14:48:23.348  1256  2066 D SubscriptionController: [getSubInfoRecord] id:1 iccid:DUMMY_NV_ID simSlotIndex:0 displayName:CARD 1 nameSource:0 iconTint:-16746133 dataRoaming:0 mcc:460 mnc:1 countIso:cn status:1 nwMode:10
11-25 14:48:23.351  1256  2066 D SubscriptionController: [getActiveSubInfoList]- 1 infos return
11-25 14:48:23.356  1256  1649 D SubscriptionController: [getActiveSubInfoList]+
11-25 14:48:23.356  1256  1649 D SubscriptionController: selection:sim_id>=0 null
11-25 14:48:23.361  1256  1649 D TelephonyManager: getTelephonyProperty: return propVal='cn' phoneId=0 property='gsm.sim.operator.iso-country' defaultVal='' prop=cn
11-25 14:48:23.361  1256  1649 D SubscriptionController: [getSubInfoRecord] id:1 iccid:DUMMY_NV_ID simSlotIndex:0 displayName:CARD 1 nameSource:0 iconTint:-16746133 dataRoaming:0 mcc:460 mnc:1 countIso:cn status:1 nwMode:10
11-25 14:48:23.365  1256  1649 D SubscriptionController: [getActiveSubInfoList]- 1 infos return
11-25 14:48:23.368  1256  1276 D SubscriptionController: [getActiveSubInfoList]+
11-25 14:48:23.369  1256  1276 D SubscriptionController: selection:sim_id>=0 null
11-25 14:48:23.373  1256  1276 D TelephonyManager: getTelephonyProperty: return propVal='cn' phoneId=0 property='gsm.sim.operator.iso-country' defaultVal='' prop=cn
11-25 14:48:23.373  1256  1276 D SubscriptionController: [getSubInfoRecord] id:1 iccid:DUMMY_NV_ID simSlotIndex:0 displayName:CARD 1 nameSource:0 iconTint:-16746133 dataRoaming:0 mcc:460 mnc:1 countIso:cn status:1 nwMode:10
11-25 14:48:23.378  1256  1276 D SubscriptionController: [getActiveSubInfoList]- 1 infos return
11-25 14:48:23.382  1256  1804 D SubscriptionController: [getActiveSubInfoList]+
11-25 14:48:23.383  1256  1804 D SubscriptionController: selection:sim_id>=0 null
11-25 14:48:23.389  1256  1804 D TelephonyManager: getTelephonyProperty: return propVal='cn' phoneId=0 property='gsm.sim.operator.iso-country' defaultVal='' prop=cn
11-25 14:48:23.390  1256  1804 D SubscriptionController: [getSubInfoRecord] id:1 iccid:DUMMY_NV_ID simSlotIndex:0 displayName:CARD 1 nameSource:0 iconTint:-16746133 dataRoaming:0 mcc:460 mnc:1 countIso:cn status:1 nwMode:10
11-25 14:48:23.393  1256  1804 D SubscriptionController: [getActiveSubInfoList]- 1 infos return
11-25 14:48:25.817   203   350 I RILC    : RIL_SOCKET_1 UNSOLICITED: UNSOL_SIGNAL_STRENGTH length:60
11-25 14:48:25.817   203   350 E RILC    : Send Response to RIL_SOCKET_1
11-25 14:48:25.819  1256  1256 D DefaultPhoneNotifier: notifySignalStrength: mRegistry=com.android.internal.telephony.ITelephonyRegistry$Stub$Proxy@3c7bf3cf ss=SignalStrength: 99 0 -120 -160 -120 -1 -1 20 -98 -5 300 2147483647 2147483647 gsm|lte sender=Handler (com.android.internal.telephony.gsm.GSMPhone) {2799bdec}
11-25 14:48:30.296   203   350 I RILC    : RIL_SOCKET_1 UNSOLICITED: UNSOL_SIGNAL_STRENGTH length:60
11-25 14:48:30.296   203   350 E RILC    : Send Response to RIL_SOCKET_1
11-25 14:48:30.298  1256  1256 D DefaultPhoneNotifier: notifySignalStrength: mRegistry=com.android.internal.telephony.ITelephonyRegistry$Stub$Proxy@3c7bf3cf ss=SignalStrength: 99 0 -120 -160 -120 -1 -1 20 -98 -6 300 2147483647 2147483647 gsm|lte sender=Handler (com.android.internal.telephony.gsm.GSMPhone) {2799bdec}
11-25 14:48:32.536   203   350 I RILC    : RIL_SOCKET_1 UNSOLICITED: UNSOL_SIGNAL_STRENGTH length:60
11-25 14:48:32.536   203   350 E RILC    : Send Response to RIL_SOCKET_1
11-25 14:48:32.538  1256  1256 D DefaultPhoneNotifier: notifySignalStrength: mRegistry=com.android.internal.telephony.ITelephonyRegistry$Stub$Proxy@3c7bf3cf ss=SignalStrength: 99 0 -120 -160 -120 -1 -1 20 -98 -6 300 2147483647 2147483647 gsm|lte sender=Handler (com.android.internal.telephony.gsm.GSMPhone) {2799bdec}
11-25 14:48:34.776   203   350 I RILC    : RIL_SOCKET_1 UNSOLICITED: UNSOL_SIGNAL_STRENGTH length:60
11-25 14:48:34.776   203   350 E RILC    : Send Response to RIL_SOCKET_1
11-25 14:48:34.776  1256  1256 D DefaultPhoneNotifier: notifySignalStrength: mRegistry=com.android.internal.telephony.ITelephonyRegistry$Stub$Proxy@3c7bf3cf ss=SignalStrength: 99 0 -120 -160 -120 -1 -1 20 -98 -5 300 2147483647 2147483647 gsm|lte sender=Handler (com.android.internal.telephony.gsm.GSMPhone) {2799bdec}
11-25 14:48:39.257   203   350 I RILC    : RIL_SOCKET_1 UNSOLICITED: UNSOL_SIGNAL_STRENGTH length:60
11-25 14:48:39.258   203   350 E RILC    : Send Response to RIL_SOCKET_1
11-25 14:48:39.259  1256  1256 D DefaultPhoneNotifier: notifySignalStrength: mRegistry=com.android.internal.telephony.ITelephonyRegistry$Stub$Proxy@3c7bf3cf ss=SignalStrength: 99 0 -120 -160 -120 -1 -1 22 -98 -7 300 2147483647 2147483647 gsm|lte sender=Handler (com.android.internal.telephony.gsm.GSMPhone) {2799bdec}
11-25 14:48:41.496   203   350 I RILC    : RIL_SOCKET_1 UNSOLICITED: UNSOL_SIGNAL_STRENGTH length:60
11-25 14:48:41.496   203   350 E RILC    : Send Response to RIL_SOCKET_1
11-25 14:48:41.497  1256  1256 D DefaultPhoneNotifier: notifySignalStrength: mRegistry=com.android.internal.telephony.ITelephonyRegistry$Stub$Proxy@3c7bf3cf ss=SignalStrength: 99 0 -120 -160 -120 -1 -1 20 -98 -5 300 2147483647 2147483647 gsm|lte sender=Handler (com.android.internal.telephony.gsm.GSMPhone) {2799bdec}
11-25 14:48:43.738   203   350 I RILC    : RIL_SOCKET_1 UNSOLICITED: UNSOL_SIGNAL_STRENGTH length:60
11-25 14:48:43.738   203   350 E RILC    : Send Response to RIL_SOCKET_1
11-25 14:48:43.740  1256  1256 D DefaultPhoneNotifier: notifySignalStrength: mRegistry=com.android.internal.telephony.ITelephonyRegistry$Stub$Proxy@3c7bf3cf ss=SignalStrength: 99 0 -120 -160 -120 -1 -1 19 -98 -4 300 2147483647 2147483647 gsm|lte sender=Handler (com.android.internal.telephony.gsm.GSMPhone) {2799bdec}
11-25 14:48:49.002   203   350 I RILC    : RIL_SOCKET_1 UNSOLICITED: UNSOL_SIGNAL_STRENGTH length:60
11-25 14:48:49.002   203   350 E RILC    : Send Response to RIL_SOCKET_1
11-25 14:48:49.004  1256  1256 D DefaultPhoneNotifier: notifySignalStrength: mRegistry=com.android.internal.telephony.ITelephonyRegistry$Stub$Proxy@3c7bf3cf ss=SignalStrength: 99 0 -120 -160 -120 -1 -1 20 -97 -5 300 2147483647 2147483647 gsm|lte sender=Handler (com.android.internal.telephony.gsm.GSMPhone) {2799bdec}
11-25 14:48:51.552   203   350 I RILC    : RIL_SOCKET_1 UNSOLICITED: UNSOL_SIGNAL_STRENGTH length:60
11-25 14:48:51.552   203   350 E RILC    : Send Response to RIL_SOCKET_1
11-25 14:48:51.553  1256  1256 D DefaultPhoneNotifier: notifySignalStrength: mRegistry=com.android.internal.telephony.ITelephonyRegistry$Stub$Proxy@3c7bf3cf ss=SignalStrength: 99 0 -120 -160 -120 -1 -1 21 -97 -7 300 2147483647 2147483647 gsm|lte sender=Handler (com.android.internal.telephony.gsm.GSMPhone) {2799bdec}
11-25 14:48:56.680   203   350 I RILC    : RIL_SOCKET_1 UNSOLICITED: UNSOL_SIGNAL_STRENGTH length:60
11-25 14:48:56.680   203   350 E RILC    : Send Response to RIL_SOCKET_1
11-25 14:48:56.682  1256  1256 D DefaultPhoneNotifier: notifySignalStrength: mRegistry=com.android.internal.telephony.ITelephonyRegistry$Stub$Proxy@3c7bf3cf ss=SignalStrength: 99 0 -120 -160 -120 -1 -1 20 -97 -5 300 2147483647 2147483647 gsm|lte sender=Handler (com.android.internal.telephony.gsm.GSMPhone) {2799bdec}
11-25 14:48:59.242   203   350 I RILC    : RIL_SOCKET_1 UNSOLICITED: UNSOL_SIGNAL_STRENGTH length:60
11-25 14:48:59.242   203   350 E RILC    : Send Response to RIL_SOCKET_1
11-25 14:48:59.244  1256  1256 D DefaultPhoneNotifier: notifySignalStrength: mRegistry=com.android.internal.telephony.ITelephonyRegistry$Stub$Proxy@3c7bf3cf ss=SignalStrength: 99 0 -120 -160 -120 -1 -1 22 -97 -8 300 2147483647 2147483647 gsm|lte sender=Handler (com.android.internal.telephony.gsm.GSMPhone) {2799bdec}
11-25 14:49:04.358   203   350 I RILC    : RIL_SOCKET_1 UNSOLICITED: UNSOL_SIGNAL_STRENGTH length:60
11-25 14:49:04.358   203   350 E RILC    : Send Response to RIL_SOCKET_1
11-25 14:49:04.358  1256  1256 D DefaultPhoneNotifier: notifySignalStrength: mRegistry=com.android.internal.telephony.ITelephonyRegistry$Stub$Proxy@3c7bf3cf ss=SignalStrength: 99 0 -120 -160 -120 -1 -1 20 -98 -5 300 2147483647 2147483647 gsm|lte sender=Handler (com.android.internal.telephony.gsm.GSMPhone) {2799bdec}
11-25 14:49:06.912   203   350 I RILC    : RIL_SOCKET_1 UNSOLICITED: UNSOL_SIGNAL_STRENGTH length:60
11-25 14:49:06.912   203   350 E RILC    : Send Response to RIL_SOCKET_1
11-25 14:49:06.913  1256  1256 D DefaultPhoneNotifier: notifySignalStrength: mRegistry=com.android.internal.telephony.ITelephonyRegistry$Stub$Proxy@3c7bf3cf ss=SignalStrength: 99 0 -120 -160 -120 -1 -1 20 -97 -6 300 2147483647 2147483647 gsm|lte sender=Handler (com.android.internal.telephony.gsm.GSMPhone) {2799bdec}
11-25 14:49:12.037   203   350 I RILC    : RIL_SOCKET_1 UNSOLICITED: UNSOL_SIGNAL_STRENGTH length:60
11-25 14:49:12.037   203   350 E RILC    : Send Response to RIL_SOCKET_1
11-25 14:49:12.038  1256  1256 D DefaultPhoneNotifier: notifySignalStrength: mRegistry=com.android.internal.telephony.ITelephonyRegistry$Stub$Proxy@3c7bf3cf ss=SignalStrength: 99 0 -120 -160 -120 -1 -1 20 -99 -7 300 2147483647 2147483647 gsm|lte sender=Handler (com.android.internal.telephony.gsm.GSMPhone) {2799bdec}
11-25 14:49:14.595   203   350 I RILC    : RIL_SOCKET_1 UNSOLICITED: UNSOL_SIGNAL_STRENGTH length:60
11-25 14:49:14.595   203   350 E RILC    : Send Response to RIL_SOCKET_1
11-25 14:49:14.596  1256  1256 D DefaultPhoneNotifier: notifySignalStrength: mRegistry=com.android.internal.telephony.ITelephonyRegistry$Stub$Proxy@3c7bf3cf ss=SignalStrength: 99 0 -120 -160 -120 -1 -1 20 -101 -8 300 2147483647 2147483647 gsm|lte sender=Handler (com.android.internal.telephony.gsm.GSMPhone) {2799bdec}
11-25 14:49:19.712   203   350 I RILC    : RIL_SOCKET_1 UNSOLICITED: UNSOL_SIGNAL_STRENGTH length:60
11-25 14:49:19.712   203   350 E RILC    : Send Response to RIL_SOCKET_1
11-25 14:49:19.713  1256  1256 D DefaultPhoneNotifier: notifySignalStrength: mRegistry=com.android.internal.telephony.ITelephonyRegistry$Stub$Proxy@3c7bf3cf ss=SignalStrength: 99 0 -120 -160 -120 -1 -1 18 -105 -8 300 2147483647 2147483647 gsm|lte sender=Handler (com.android.internal.telephony.gsm.GSMPhone) {2799bdec}
11-25 14:49:22.274   203   350 I RILC    : RIL_SOCKET_1 UNSOLICITED: UNSOL_SIGNAL_STRENGTH length:60
11-25 14:49:22.274   203   350 E RILC    : Send Response to RIL_SOCKET_1
11-25 14:49:22.274  1256  1256 D DefaultPhoneNotifier: notifySignalStrength: mRegistry=com.android.internal.telephony.ITelephonyRegistry$Stub$Proxy@3c7bf3cf ss=SignalStrength: 99 0 -120 -160 -120 -1 -1 20 -102 -8 300 2147483647 2147483647 gsm|lte sender=Handler (com.android.internal.telephony.gsm.GSMPhone) {2799bdec}
11-25 14:49:27.395   203   350 I RILC    : RIL_SOCKET_1 UNSOLICITED: UNSOL_SIGNAL_STRENGTH length:60
11-25 14:49:27.395   203   350 E RILC    : Send Response to RIL_SOCKET_1
11-25 14:49:27.395  1256  1256 D DefaultPhoneNotifier: notifySignalStrength: mRegistry=com.android.internal.telephony.ITelephonyRegistry$Stub$Proxy@3c7bf3cf ss=SignalStrength: 99 0 -120 -160 -120 -1 -1 21 -102 -10 300 2147483647 2147483647 gsm|lte sender=Handler (com.android.internal.telephony.gsm.GSMPhone) {2799bdec}
11-25 14:49:29.957   203   350 I RILC    : RIL_SOCKET_1 UNSOLICITED: UNSOL_SIGNAL_STRENGTH length:60
11-25 14:49:29.957   203   350 E RILC    : Send Response to RIL_SOCKET_1
11-25 14:49:29.959  1256  1256 D DefaultPhoneNotifier: notifySignalStrength: mRegistry=com.android.internal.telephony.ITelephonyRegistry$Stub$Proxy@3c7bf3cf ss=SignalStrength: 99 0 -120 -160 -120 -1 -1 21 -101 -8 300 2147483647 2147483647 gsm|lte sender=Handler (com.android.internal.telephony.gsm.GSMPhone) {2799bdec}
