03-23 05:32:18.918     0   198 I auditd  : Starting up
03-23 05:32:18.941     0   198 I audit_log: Previous audit logfile detected, rotating
03-23 05:32:18.942     0   198 E audit_rules: Could not read audit rules /data/misc/audit/audit.rules: No such file or directory
03-23 05:32:19.042   191   191 I Vold    : Vold 2.1 (the revenge) firing up
03-23 05:32:19.042   191   191 D Vold    : Volume usbdisk state changing -1 (Initializing) -> 0 (No-Media)
03-23 05:32:19.042   191   191 I Cryptfs : Check if PFE is activated on Boot
03-23 05:32:19.057   191   191 E Cryptfs : Bad magic for real block device /dev/block/platform/msm_sdcc.1/by-name/metadata
03-23 05:32:19.058   191   191 E Cryptfs : Error getting crypt footer and key
11-25 14:46:35.959   671   671 I InstallerConnection: disconnecting...
11-25 14:46:36.027   671   671 I SystemServer: Entered the Android system server!
11-25 14:46:36.079   671   671 I SystemServiceManager: Starting com.android.server.pm.Installer
11-25 14:46:36.090   671   671 I Installer: Waiting for installd to be ready.
11-25 14:46:36.090   671   671 I InstallerConnection: connecting...
11-25 14:46:36.092   671   671 I SystemServiceManager: Starting com.android.server.am.ActivityManagerService$Lifecycle
11-25 14:46:36.146   671   671 I XXXXXX  : choosing minFree values for 32 Bit
11-25 14:46:36.146   671   671 I XXXXXX  : choosing minFree values for 32 Bit
11-25 14:46:36.146   671   671 I XXXXXX  : choosing minFree values for 32 Bit
11-25 14:46:36.146   671   671 I XXXXXX  : choosing minFree values for 32 Bit
11-25 14:46:36.146   671   671 I XXXXXX  : choosing minFree values for 32 Bit
11-25 14:46:36.146   671   671 I XXXXXX  : choosing minFree values for 32 Bit
11-25 14:46:36.153   671   671 I ActivityManager: Memory class: 192
11-25 14:46:36.164   671   806 I ServiceThread: Enabled StrictMode logging for ActivityManager looper.
11-25 14:46:36.166   671   807 I ServiceThread: Enabled StrictMode logging for android.ui looper.
11-25 14:46:36.277   671   671 I IntentFirewall: Read new rules (A:0 B:0 S:0)
11-25 14:46:36.286   671   812 I ServiceThread: Enabled StrictMode logging for android.display looper.
11-25 14:46:36.289   671   671 D AppOps  : AppOpsService published
11-25 14:46:36.289   671   671 I SystemServiceManager: Starting com.android.server.power.PowerManagerService
11-25 14:46:36.298   671   813 I ServiceThread: Enabled StrictMode logging for PowerManagerService looper.
11-25 14:46:38.353   671   671 I SystemServiceManager: Starting com.android.server.display.DisplayManagerService
11-25 14:46:38.363   671   812 I DisplayManagerService: Display device added: DisplayDeviceInfo{"Built-in Screen": uniqueId="local:0", 1080 x 1920, 60.0 fps, supportedRefreshRates [60.0], density 480, 442.451 x 443.345 dpi, appVsyncOff 7500000, presDeadline 12666667, touch INTERNAL, rotation 0, type BUILT_IN, state UNKNOWN, FLAG_DEFAULT_DISPLAY, FLAG_ROTATES_WITH_CONTENT, FLAG_SECURE, FLAG_SUPPORTS_PROTECTED_BUFFERS}
11-25 14:46:38.365   671   671 I SystemServiceManager: Starting phase 100
11-25 14:46:38.365   671   671 I SystemServer: Package Manager
11-25 14:46:38.381   671   671 W PackageManager: No security bridge jar found, using default
11-25 14:46:38.393   671   671 W SystemConfig: No directory /system/etc/sysconfig, skipping
11-25 14:46:38.464   671   671 D SELinuxMMAC: Using policy file /system/etc/security/mac_permissions.xml
11-25 14:46:39.232   671   671 W PackageParser: No actions in intent filter at /system/priv-app/Contacts/Contacts.apk Binary XML file line #362
11-25 14:46:39.547   671   671 W PackageParser: No actions in intent filter at /system/priv-app/Dialer/Dialer.apk Binary XML file line #185
11-25 14:46:40.585   671   671 W PackageParser: Unknown element under <intent-filter>: android at /system/priv-app/Telecom/Telecom.apk Binary XML file line #236
11-25 14:46:40.586   671   671 W PackageParser: Unknown element under <intent-filter>: android at /system/priv-app/Telecom/Telecom.apk Binary XML file line #244
11-25 14:46:40.961   671   671 W PackageParser: No actions in intent filter at /system/app/Bluetooth/Bluetooth.apk Binary XML file line #229
11-25 14:46:41.064   671   671 W PackageParser: No actions in intent filter at /system/app/CMFileManager/CMFileManager.apk Binary XML file line #166
11-25 14:46:41.750   671   671 W PackageParser: Unknown element under <application>: permission at /system/app/Gallery2/Gallery2.apk Binary XML file line #276
11-25 14:46:41.750   671   671 W PackageParser: Unknown element under <application>: permission at /system/app/Gallery2/Gallery2.apk Binary XML file line #279
11-25 14:46:42.653   671   671 W PackageParser: Unknown element under <application>: uses-permission at /system/app/shutdownlistener/shutdownlistener.apk Binary XML file line #11
11-25 14:46:42.978   671   671 W PackageManager: Package com.android.mms desires unavailable shared library com.qrd.wappush; ignoring!
11-25 14:46:42.978   671   671 E PackageManager: updateAllSharedLibrariesLPw failed: Package com.android.dialer requires unavailable shared library com.qualcomm.qti.smartsearch; failing!
11-25 14:46:42.978   671   671 W PackageManager: Package com.android.gallery3d desires unavailable shared library com.google.android.media.effects; ignoring!
11-25 14:46:42.978   671   671 W PackageManager: Package com.android.gallery3d desires unavailable shared library com.google.android.media.effects; ignoring!
11-25 14:46:42.978   671   671 W PackageManager: Package com.android.calculator2 desires unavailable shared library com.sec.android.app.multiwindow; ignoring!
11-25 14:46:42.978   671   671 I PackageManager: Adjusting ABI for : com.android.keychain to armeabi-v7a
11-25 14:46:42.979   671   671 I PackageManager: Adjusting ABI for : cyanogenmod.platform to armeabi-v7a
11-25 14:46:42.979   671   671 I PackageManager: Adjusting ABI for : com.android.providers.settings to armeabi-v7a
11-25 14:46:42.979   671   671 I PackageManager: Adjusting ABI for : com.android.location.fused to armeabi-v7a
11-25 14:46:42.980   671   671 I PackageManager: Adjusting ABI for : com.cyanogenmod.setupwizard to armeabi-v7a
11-25 14:46:42.980   671   671 I PackageManager: Adjusting ABI for : com.android.development to armeabi-v7a
11-25 14:46:42.980   671   671 I PackageManager: Adjusting ABI for : com.android.server.telecom to armeabi-v7a
11-25 14:46:42.980   671   671 I PackageManager: Adjusting ABI for : com.android.inputdevices to armeabi-v7a
11-25 14:46:42.981   671   671 I PackageManager: Adjusting ABI for : com.android.settings to armeabi-v7a
11-25 14:46:42.984   671   671 I PackageManager: Time to scan packages: 4.46 seconds
11-25 14:46:42.984   671   671 W PackageManager: Unknown permission com.google.android.googleapps.permission.GOOGLE_AUTH in package com.android.providers.calendar
11-25 14:46:42.984   671   671 W PackageManager: Unknown permission com.google.android.googleapps.permission.GOOGLE_AUTH.cl in package com.android.providers.calendar
11-25 14:46:42.984   671   671 W PackageManager: Not granting permission android.permission.ACCESS_DOWNLOAD_MANAGER to package com.android.browser (protectionLevel=18 flags=0x49be45)
11-25 14:46:42.984   671   671 W PackageManager: Not granting permission android.permission.SEND_DOWNLOAD_COMPLETED_INTENTS to package com.android.browser (protectionLevel=2 flags=0x49be45)
11-25 14:46:42.984   671   671 W PackageManager: Not granting permission android.permission.WRITE_MEDIA_STORAGE to package com.android.soundrecorder (protectionLevel=18 flags=0x8be45)
11-25 14:46:42.984   671   671 W PackageManager: Unknown permission com.cyngn.cmstats.SEND_ANALYTICS in package com.cyanogenmod.setupwizard
11-25 14:46:42.984   671   671 W PackageManager: Unknown permission com.cyanogen.permission.REQUEST_KILL_SWITCH_OP in package com.cyanogenmod.setupwizard
11-25 14:46:42.984   671   671 W PackageManager: Unknown permission com.google.android.c2dm.permission.RECEIVE in package org.whispersystems.whisperpush
11-25 14:46:42.984   671   671 W PackageManager: Unknown permission com.cyngn.stats.SEND_ANALYTICS in package org.whispersystems.whisperpush
11-25 14:46:42.985   671   671 W PackageManager: Unknown permission com.google.android.c2dm.permission.RECEIVE in package com.cyanogenmod.account
11-25 14:46:42.985   671   671 W PackageManager: Unknown permission android.permission.INSTALL_DRM in package com.android.mms
11-25 14:46:42.985   671   671 W PackageManager: Unknown permission com.qualcomm.permission.USE_PHONE_SERVICE in package com.android.mms
11-25 14:46:42.985   671   671 W PackageManager: Not granting permission android.permission.MANAGE_DOCUMENTS to package com.android.mms (protectionLevel=2 flags=0x4049be65)
11-25 14:46:42.985   671   671 W PackageManager: Unknown permission android.permission.NFC_UNLOCK in package com.android.nfc
11-25 14:46:42.985   671   671 W PackageManager: Unknown permission com.google.android.googleapps.permission.GOOGLE_AUTH.mail in package com.android.calendar
11-25 14:46:42.985   671   671 W PackageManager: Unknown permission com.android.launcher.permission.READ_SETTINGS in package com.android.onetimeinitializer
11-25 14:46:42.985   671   671 W PackageManager: Unknown permission com.android.launcher.permission.WRITE_SETTINGS in package com.android.onetimeinitializer
11-25 14:46:42.985   671   671 W PackageManager: Unknown permission com.qualcomm.permission.USE_PHONE_SERVICE in package com.android.dialer
11-25 14:46:42.985   671   671 W PackageManager: Unknown permission com.android.launcher.permission.READ_SETTINGS in package com.cyanogenmod.trebuchet
11-25 14:46:42.985   671   671 W PackageManager: Unknown permission com.android.launcher.permission.WRITE_SETTINGS in package com.cyanogenmod.trebuchet
11-25 14:46:42.985   671   671 W PackageManager: Unknown permission com.cyngn.stats.SEND_ANALYTICS in package com.cyanogenmod.trebuchet
11-25 14:46:42.985   671   671 W PackageManager: Unknown permission android.permission.CANCEL_NOTIFICATIONS in package org.cyanogenmod.theme.chooser
11-25 14:46:42.985   671   671 W PackageManager: Not granting permission android.permission.DELETE_PACKAGES to package com.svox.pico (protectionLevel=18 flags=0x8be45)
11-25 14:46:42.985   671   671 W PackageManager: Unknown permission android.permission.ACCESS_SUPERUSER in package com.cyanogenmod.filemanager
11-25 14:46:42.985   671   671 W PackageManager: Unknown permission com.cyanogenmod.filemanager.permissions.READ_THEME in package com.cyanogenmod.filemanager
11-25 14:46:42.986   671   671 W PackageManager: Unknown permission com.google.android.gallery3d.permission.PICASA_STORE in package com.android.dreams.phototable
11-25 14:46:42.986   671   671 W PackageManager: Unknown permission com.google.android.googleapps.permission.GOOGLE_AUTH in package com.android.settings
11-25 14:46:42.986   671   671 W PackageManager: Unknown permission com.android.launcher.permission.READ_SETTINGS in package com.android.settings
11-25 14:46:42.986   671   671 W PackageManager: Unknown permission com.android.launcher.permission.WRITE_SETTINGS in package com.android.settings
11-25 14:46:42.986   671   671 W PackageManager: Unknown permission com.cyanogen.permission.REQUEST_KILL_SWITCH_OP in package com.android.settings
11-25 14:46:42.986   671   671 W PackageManager: Unknown permission com.cyngn.stats.SEND_ANALYTICS in package com.android.settings
11-25 14:46:42.986   671   671 W PackageManager: Not granting permission android.permission.DEVICE_POWER to package com.android.deskclock (protectionLevel=2 flags=0x48be45)
11-25 14:46:42.986   671   671 W PackageManager: Unknown permission com.android.deskclock.worldclock.permissions.WRITE_DATABASE in package com.android.deskclock
11-25 14:46:42.986   671   671 W PackageManager: Unknown permission com.cyngn.stats.SEND_ANALYTICS in package com.android.systemui
11-25 14:46:42.986   671   671 W PackageManager: Unknown permission com.google.android.gallery3d.permission.GALLERY_PROVIDER in package com.android.bluetooth
11-25 14:46:42.986   671   671 W PackageManager: Unknown permission com.google.android.googleapps.permission.ACCESS_GOOGLE_PASSWORD in package com.android.development
11-25 14:46:42.986   671   671 W PackageManager: Unknown permission com.google.android.googleapps.permission.GOOGLE_AUTH in package com.android.development
11-25 14:46:42.986   671   671 W PackageManager: Unknown permission com.google.android.googleapps.permission.GOOGLE_AUTH.ALL_SERVICES in package com.android.development
11-25 14:46:42.986   671   671 W PackageManager: Unknown permission com.google.android.googleapps.permission.GOOGLE_AUTH.YouTubeUser in package com.android.development
11-25 14:46:42.987   671   671 V PackageManager: Disabling com.google.android.gsf/com.google.android.gsf.update.SystemUpdateActivity
11-25 14:46:42.987   671   671 W PackageManager: Unable to disable com.google.android.gsf/com.google.android.gsf.update.SystemUpdateActivity
11-25 14:46:42.987   671   671 V PackageManager: Disabling com.google.android.gsf/com.google.android.gsf.update.SystemUpdateService$Receiver
11-25 14:46:42.987   671   671 W PackageManager: Unable to disable com.google.android.gsf/com.google.android.gsf.update.SystemUpdateService$Receiver
11-25 14:46:42.987   671   671 V PackageManager: Disabling com.google.android.gsf/com.google.android.gsf.update.SystemUpdateService$SecretCodeReceiver
11-25 14:46:42.987   671   671 W PackageManager: Unable to disable com.google.android.gsf/com.google.android.gsf.update.SystemUpdateService$SecretCodeReceiver
11-25 14:46:42.987   671   671 V PackageManager: Disabling com.google.android.gms/com.google.android.gms.update.SystemUpdateActivity
11-25 14:46:42.987   671   671 W PackageManager: Unable to disable com.google.android.gms/com.google.android.gms.update.SystemUpdateActivity
11-25 14:46:42.987   671   671 V PackageManager: Disabling com.google.android.gms/com.google.android.gms.update.SystemUpdateService$Receiver
11-25 14:46:42.987   671   671 W PackageManager: Unable to disable com.google.android.gms/com.google.android.gms.update.SystemUpdateService$Receiver
11-25 14:46:42.987   671   671 V PackageManager: Disabling com.google.android.gms/com.google.android.gms.update.SystemUpdateService$ActiveReceiver
11-25 14:46:42.987   671   671 W PackageManager: Unable to disable com.google.android.gms/com.google.android.gms.update.SystemUpdateService$ActiveReceiver
11-25 14:46:42.987   671   671 V PackageManager: Disabling com.google.android.gms/com.google.android.gms.update.SystemUpdateService$SecretCodeReceiver
11-25 14:46:42.987   671   671 W PackageManager: Unable to disable com.google.android.gms/com.google.android.gms.update.SystemUpdateService$SecretCodeReceiver
11-25 14:46:42.987   671   671 V PackageManager: Enabling com.google.android.gsf/com.google.android.gsf.update.SystemUpdateService
11-25 14:46:42.987   671   671 W PackageManager: Unable to enable com.google.android.gsf/com.google.android.gsf.update.SystemUpdateService
11-25 14:46:42.987   671   671 V PackageManager: Enabling com.google.android.gms/com.google.android.gms.update.SystemUpdateService
11-25 14:46:42.987   671   671 W PackageManager: Unable to enable com.google.android.gms/com.google.android.gms.update.SystemUpdateService
11-25 14:46:43.059   671   671 I SystemServer: User Service
11-25 14:46:43.067   671   671 I SystemServiceManager: Starting com.android.server.lights.LightsService
11-25 14:46:43.071   671   671 I SystemServiceManager: Starting com.android.server.BatteryService
11-25 14:46:43.082   671   671 I SystemServiceManager: Starting com.android.server.usage.UsageStatsService
11-25 14:46:43.091   671   671 I SystemServiceManager: Starting com.android.server.webkit.WebViewUpdateService
11-25 14:46:43.094   671   671 I SystemServer: Reading configuration...
11-25 14:46:43.094   671   671 I SystemServer: Scheduling Policy
11-25 14:46:43.095   671   671 I SystemServiceManager: Starting com.android.server.telecom.TelecomLoaderService
11-25 14:46:43.095   671   671 I SystemServer: Telephony Registry
11-25 14:46:43.100   671   671 I SystemServer: Entropy Mixer
11-25 14:46:43.109   671   671 I EntropyMixer: Added HW RNG output to entropy pool
11-25 14:46:43.109   671   671 I EntropyMixer: Writing entropy...
11-25 14:46:43.118   671   671 I SystemServer: Account Manager
11-25 14:46:43.131   671   671 I SystemServer: Content Manager
11-25 14:46:43.133   671   671 I SystemServer: System Content Providers
11-25 14:46:43.177   671   671 I SystemServer: Vibrator Service
11-25 14:46:43.186   671   671 I SystemServer: Consumer IR Service
11-25 14:46:43.187   671   671 I SystemServiceManager: Starting com.android.server.AlarmManagerService
11-25 14:46:43.194   671   671 I SystemServer: Init Watchdog
11-25 14:46:43.195   671   671 I SystemServer: Input Manager
11-25 14:46:43.196   671   671 I InputManager: Initializing input manager, mUseDevInputEventForAudioJack=true
11-25 14:46:43.197   671   671 I SystemServer: Window Manager
11-25 14:46:43.231   671   812 I WindowManager: No existing display settings /data/system/display_settings.xml; starting empty
11-25 14:46:43.295   671   671 I InputManager: Starting input manager
11-25 14:46:43.303   671   671 I SystemServer: Bluetooth Manager Service
11-25 14:46:43.317   671   671 I SystemServer: Input Method Service
11-25 14:46:43.326   671   671 W InputMethodManagerService: Couldn't create dir.: /data/system/inputmethod
11-25 14:46:43.355   671   671 I SystemServer: Accessibility Manager
11-25 14:46:43.364   671   671 I XXXXXX  : choosing minFree values for 32 Bit
11-25 14:46:43.364   671   671 I XXXXXX  : choosing minFree values for 32 Bit
11-25 14:46:43.364   671   671 I XXXXXX  : choosing minFree values for 32 Bit
11-25 14:46:43.364   671   671 I XXXXXX  : choosing minFree values for 32 Bit
11-25 14:46:43.364   671   671 I XXXXXX  : choosing minFree values for 32 Bit
11-25 14:46:43.364   671   671 I XXXXXX  : choosing minFree values for 32 Bit
11-25 14:46:43.365   671   671 I ActivityManager: Config changes=1df8 {1.0 ?mcc?mnc en_US ?layoutDir sw360dp w360dp h640dp 480dpi nrml long port ?uimode ?night -touch -keyb/v/h -nav/h s.2 themeResource=null}
11-25 14:46:43.372   671   671 I ActivityManager: Config changes=508 {1.0 ?mcc?mnc en_US ?layoutDir sw360dp w360dp h567dp 480dpi nrml port ?uimode ?night finger -keyb/v/h -nav/h s.3 themeResource=null}
11-25 14:46:43.374   671   671 I SystemServer: Mount Service
11-25 14:46:43.384   671   671 D MountService: got storage path: null description: Internal storage primary: true removable: false emulated: true mtpReserve: 100 allowMassStorage: false maxFileSize: 0 allowMtp: true
11-25 14:46:43.387   671   671 D MountService: addVolumeLocked() StorageVolume:
11-25 14:46:43.387   671   671 D MountService:     mStorageId=65537 mPath=/storage/emulated/0 mDescriptionId=17041028 
11-25 14:46:43.387   671   671 D MountService:     mPrimary=true mRemovable=false mEmulated=true mMtpReserveSpace=100 
11-25 14:46:43.387   671   671 D MountService:     mAllowMassStorage=false mMaxFileSize=0 mOwner=UserHandle{0} mUuid=null 
11-25 14:46:43.387   671   671 D MountService:     mUserLabel=null mState=null mAllowMtp=true 
11-25 14:46:43.387   671   671 D MountService: got storage path: /storage/usbdisk description: USB storage primary: false removable: true emulated: false mtpReserve: 0 allowMassStorage: false maxFileSize: 0 allowMtp: true
11-25 14:46:43.387   671   671 D MountService: addVolumeLocked() StorageVolume:
11-25 14:46:43.387   671   671 D MountService:     mStorageId=0 mPath=/storage/usbdisk mDescriptionId=17041030 mPrimary=false 
11-25 14:46:43.387   671   671 D MountService:     mRemovable=true mEmulated=false mMtpReserveSpace=0 mAllowMassStorage=false 
11-25 14:46:43.387   671   671 D MountService:     mMaxFileSize=0 mOwner=null mUuid=null mUserLabel=null mState=null 
11-25 14:46:43.387   671   671 D MountService:     mAllowMtp=true 
11-25 14:46:43.393   671   671 I SystemServer: LockSettingsService
11-25 14:46:43.398   671   671 I SystemServiceManager: Starting com.android.server.devicepolicy.DevicePolicyManagerService$Lifecycle
11-25 14:46:43.403   671   671 I SystemServer: Status Bar
11-25 14:46:43.413   671   671 I SystemServer: Clipboard Service
11-25 14:46:43.423   671   890 D MountService: volume state changed for /storage/usbdisk (unmounted -> removed)
11-25 14:46:43.426   671   671 W ClipboardService: No security bridge jar found, using default
11-25 14:46:43.427   671   671 I SystemServer: TorchService
11-25 14:46:43.429   671   890 W PackageManager: Unknown permission com.google.android.googleapps.permission.GOOGLE_AUTH in package com.android.providers.calendar
11-25 14:46:43.429   671   890 W PackageManager: Unknown permission com.google.android.googleapps.permission.GOOGLE_AUTH.cl in package com.android.providers.calendar
11-25 14:46:43.430   671   890 W PackageManager: Not granting permission android.permission.ACCESS_DOWNLOAD_MANAGER to package com.android.browser (protectionLevel=18 flags=0x49be45)
11-25 14:46:43.430   671   890 W PackageManager: Not granting permission android.permission.SEND_DOWNLOAD_COMPLETED_INTENTS to package com.android.browser (protectionLevel=2 flags=0x49be45)
11-25 14:46:43.431   671   890 W PackageManager: Not granting permission android.permission.WRITE_MEDIA_STORAGE to package com.android.soundrecorder (protectionLevel=18 flags=0x8be45)
11-25 14:46:43.442   671   671 I SystemServer: NetworkManagement Service
11-25 14:46:43.445   671   890 W PackageManager: Unknown permission com.cyngn.cmstats.SEND_ANALYTICS in package com.cyanogenmod.setupwizard
11-25 14:46:43.445   671   890 W PackageManager: Unknown permission com.cyanogen.permission.REQUEST_KILL_SWITCH_OP in package com.cyanogenmod.setupwizard
11-25 14:46:43.445   671   890 W PackageManager: Unknown permission com.google.android.c2dm.permission.RECEIVE in package org.whispersystems.whisperpush
11-25 14:46:43.445   671   890 W PackageManager: Unknown permission com.cyngn.stats.SEND_ANALYTICS in package org.whispersystems.whisperpush
11-25 14:46:43.446   671   890 W PackageManager: Unknown permission com.google.android.c2dm.permission.RECEIVE in package com.cyanogenmod.account
11-25 14:46:43.446   671   890 W PackageManager: Unknown permission android.permission.INSTALL_DRM in package com.android.mms
11-25 14:46:43.446   671   890 W PackageManager: Unknown permission com.qualcomm.permission.USE_PHONE_SERVICE in package com.android.mms
11-25 14:46:43.446   671   890 W PackageManager: Not granting permission android.permission.MANAGE_DOCUMENTS to package com.android.mms (protectionLevel=2 flags=0x4049be65)
11-25 14:46:43.446   671   890 W PackageManager: Unknown permission android.permission.NFC_UNLOCK in package com.android.nfc
11-25 14:46:43.446   671   890 W PackageManager: Unknown permission com.google.android.googleapps.permission.GOOGLE_AUTH.mail in package com.android.calendar
11-25 14:46:43.446   671   890 W PackageManager: Unknown permission com.android.launcher.permission.READ_SETTINGS in package com.android.onetimeinitializer
11-25 14:46:43.446   671   890 W PackageManager: Unknown permission com.android.launcher.permission.WRITE_SETTINGS in package com.android.onetimeinitializer
11-25 14:46:43.446   671   890 W PackageManager: Unknown permission com.qualcomm.permission.USE_PHONE_SERVICE in package com.android.dialer
11-25 14:46:43.446   671   890 W PackageManager: Unknown permission com.android.launcher.permission.READ_SETTINGS in package com.cyanogenmod.trebuchet
11-25 14:46:43.446   671   890 W PackageManager: Unknown permission com.android.launcher.permission.WRITE_SETTINGS in package com.cyanogenmod.trebuchet
11-25 14:46:43.446   671   890 W PackageManager: Unknown permission com.cyngn.stats.SEND_ANALYTICS in package com.cyanogenmod.trebuchet
11-25 14:46:43.447   671   890 W PackageManager: Unknown permission android.permission.CANCEL_NOTIFICATIONS in package org.cyanogenmod.theme.chooser
11-25 14:46:43.447   671   890 W PackageManager: Not granting permission android.permission.DELETE_PACKAGES to package com.svox.pico (protectionLevel=18 flags=0x8be45)
11-25 14:46:43.447   671   890 W PackageManager: Unknown permission android.permission.ACCESS_SUPERUSER in package com.cyanogenmod.filemanager
11-25 14:46:43.447   671   890 W PackageManager: Unknown permission com.cyanogenmod.filemanager.permissions.READ_THEME in package com.cyanogenmod.filemanager
11-25 14:46:43.447   671   890 W PackageManager: Unknown permission com.google.android.gallery3d.permission.PICASA_STORE in package com.android.dreams.phototable
11-25 14:46:43.447   671   890 W PackageManager: Unknown permission com.google.android.googleapps.permission.GOOGLE_AUTH in package com.android.settings
11-25 14:46:43.447   671   890 W PackageManager: Unknown permission com.android.launcher.permission.READ_SETTINGS in package com.android.settings
11-25 14:46:43.447   671   890 W PackageManager: Unknown permission com.android.launcher.permission.WRITE_SETTINGS in package com.android.settings
11-25 14:46:43.447   671   890 W PackageManager: Unknown permission com.cyanogen.permission.REQUEST_KILL_SWITCH_OP in package com.android.settings
11-25 14:46:43.447   671   890 W PackageManager: Unknown permission com.cyngn.stats.SEND_ANALYTICS in package com.android.settings
11-25 14:46:43.447   671   890 W PackageManager: Not granting permission android.permission.DEVICE_POWER to package com.android.deskclock (protectionLevel=2 flags=0x48be45)
11-25 14:46:43.447   671   890 W PackageManager: Unknown permission com.android.deskclock.worldclock.permissions.WRITE_DATABASE in package com.android.deskclock
11-25 14:46:43.448   671   890 W PackageManager: Unknown permission com.cyngn.stats.SEND_ANALYTICS in package com.android.systemui
11-25 14:46:43.448   671   890 W PackageManager: Unknown permission com.google.android.gallery3d.permission.GALLERY_PROVIDER in package com.android.bluetooth
11-25 14:46:43.448   671   890 W PackageManager: Unknown permission com.google.android.googleapps.permission.ACCESS_GOOGLE_PASSWORD in package com.android.development
11-25 14:46:43.448   671   890 W PackageManager: Unknown permission com.google.android.googleapps.permission.GOOGLE_AUTH in package com.android.development
11-25 14:46:43.448   671   890 W PackageManager: Unknown permission com.google.android.googleapps.permission.GOOGLE_AUTH.ALL_SERVICES in package com.android.development
11-25 14:46:43.448   671   890 W PackageManager: Unknown permission com.google.android.googleapps.permission.GOOGLE_AUTH.YouTubeUser in package com.android.development
11-25 14:46:43.460   671   671 I SystemServer: Text Service Manager Service
11-25 14:46:43.501   671   671 I SystemServer: Network Score Service
11-25 14:46:43.503   671   671 I SystemServer: NetworkStats Service
11-25 14:46:43.522   671   671 I SystemServer: NetworkPolicy Service
11-25 14:46:43.540   671   671 I SystemServiceManager: Starting com.android.server.wifi.p2p.WifiP2pService
11-25 14:46:43.587   671   805 I UsageStatsService: User[0] Rollover scheduled @ 2016-11-26 08:00:00(1480118400000)
11-25 14:46:43.588   671   671 I SystemServiceManager: Starting com.android.server.wifi.WifiService
11-25 14:46:43.777   671   671 I SystemServiceManager: Starting com.android.server.wifi.WifiScanningService
11-25 14:46:43.779   671   671 I SystemServiceManager: Starting com.android.server.wifi.RttService
11-25 14:46:43.781   671   671 I SystemServiceManager: Starting com.android.server.ethernet.EthernetService
11-25 14:46:43.791   671   671 I SystemServer: Connectivity Service
11-25 14:46:43.795   671   671 D ConnectivityService: ConnectivityService starting up
11-25 14:46:43.800   671   671 D ConnectivityService: wifiOnly=false
11-25 14:46:43.801   671   671 E ConnectivityService: Ignoring protectedNetwork 15
11-25 14:46:43.824   671   671 I SystemServer: Network Service Discovery Service
11-25 14:46:43.829   671   671 D NsdService: Network service discovery enabled true
11-25 14:46:43.831   671   671 I SystemServer: DPM Service
11-25 14:46:43.831   671   671 I SystemServer: DPM configuration set to 0
11-25 14:46:43.831   671   671 I SystemServer: UpdateLock Service
11-25 14:46:43.874   671   671 I SystemServiceManager: Starting com.android.server.notification.NotificationManagerService
11-25 14:46:43.907   671   671 D ZenLog  : set_zen_mode: no_interruptions,setting
11-25 14:46:43.907   671   671 D ZenLog  : update_zen_mode: off -> no_interruptions
11-25 14:46:43.911   671   671 I SystemServiceManager: Starting com.android.server.storage.DeviceStorageMonitorService
11-25 14:46:43.915   671   671 I SystemServer: Location Manager
11-25 14:46:43.924   671   671 I SystemServer: Country Detector
11-25 14:46:43.925   671   671 I SystemServer: Search Service
11-25 14:46:43.927   671   671 I SystemServer: DropBox Service
11-25 14:46:43.929   671   671 I SystemServer: Wallpaper Service
11-25 14:46:43.934   671   671 W WallpaperManagerService: no current wallpaper -- first boot?
11-25 14:46:43.935   671   671 I SystemServer: Profile Manager
11-25 14:46:43.940   671   906 D WifiService: New client listening to asynchronous messages
11-25 14:46:43.960   671   671 I SystemServer: Audio Service
11-25 14:46:44.017   671   671 I SystemServiceManager: Starting com.android.server.DockObserver
11-25 14:46:44.018   671   671 W DockObserver: This kernel does not have dock station support
11-25 14:46:44.021   671   671 I SystemServer: Wired Accessory Manager
11-25 14:46:44.024   671   671 I SystemServiceManager: Starting com.android.server.usb.UsbService$Lifecycle
11-25 14:46:44.033   671   671 I SystemServer: Serial Service
11-25 14:46:44.034   671   671 I SystemServiceManager: Starting com.android.server.twilight.TwilightService
11-25 14:46:44.045   671   671 I SystemServiceManager: Starting com.android.server.UiModeManagerService
11-25 14:46:44.050   671   671 I SystemServiceManager: Starting com.android.server.job.JobSchedulerService
11-25 14:46:44.065   671   671 D JobStore: job-info
11-25 14:46:44.074   671   671 I SystemServiceManager: Starting com.android.server.backup.BackupManagerService$Lifecycle
11-25 14:46:44.079   671   671 I SystemServiceManager: Starting com.android.server.appwidget.AppWidgetService
11-25 14:46:44.088   671   671 I SystemServiceManager: Starting com.android.server.voiceinteraction.VoiceInteractionManagerService
11-25 14:46:44.095   671   671 W SoundTriggerHelper: listModules status=0, # of modules=0
11-25 14:46:44.096   671   671 I SystemServer: DiskStats Service
11-25 14:46:44.097   671   671 I SystemServer: SamplingProfiler Service
11-25 14:46:44.113   671   671 I SystemServer: NetworkTimeUpdateService
11-25 14:46:44.114   671   671 I SystemServer: CommonTimeManagementService
11-25 14:46:44.118   671   671 I SystemServer: CertBlacklister
11-25 14:46:44.120   671   671 I SystemServiceManager: Starting com.android.server.dreams.DreamManagerService
11-25 14:46:44.125   671   671 I SystemServer: Assets Atlas Service
11-25 14:46:44.133   671   671 I SystemServiceManager: Starting com.android.server.print.PrintManagerService
11-25 14:46:44.154   671   671 I SystemServiceManager: Starting com.android.server.restrictions.RestrictionsManagerService
11-25 14:46:44.172   671   671 I SystemServiceManager: Starting com.android.server.media.MediaSessionService
11-25 14:46:44.217   671   671 I SystemServer: Theme Service
11-25 14:46:44.254   671   671 I SystemServer: KillSwitch Service
11-25 14:46:44.258   671   671 I SystemServer: Media Router Service
11-25 14:46:44.266   671   671 I SystemServiceManager: Starting com.android.server.trust.TrustManagerService
11-25 14:46:44.283   671   671 I SystemServiceManager: Starting com.android.server.fingerprint.FingerprintService
11-25 14:46:44.289   671   671 I SystemServer: BackgroundDexOptService
11-25 14:46:44.292   671   671 I SystemServer: CmHardwareService
11-25 14:46:44.303   671   671 I SystemServiceManager: Starting com.android.server.pm.LauncherAppsService
11-25 14:46:44.308   671   671 D SystemServer: Wipower not supported
11-25 14:46:44.308   671   671 I SystemServer: EdgeGesture service
11-25 14:46:44.318   671   671 I SystemServiceManager: Starting com.android.server.media.projection.MediaProjectionManagerService
11-25 14:46:44.358   671   671 I SystemServiceManager: Starting com.android.server.MmsServiceBroker
11-25 14:46:44.394   671   671 E LockSettingsStorage: Cannot read file java.io.FileNotFoundException: /data/system/password.key: open failed: ENOENT (No such file or directory)
11-25 14:46:44.395   671   671 E LockSettingsStorage: Cannot read file java.io.FileNotFoundException: /data/system/gesture.key: open failed: ENOENT (No such file or directory)
11-25 14:46:44.395   671   671 I SystemServiceManager: Starting phase 480
11-25 14:46:44.486   671   671 I SystemServiceManager: Starting phase 500
11-25 14:46:44.487   671   671 I WifiService: WifiService starting up with Wi-Fi disabled
11-25 14:46:44.513   671   671 D WifiScanningService: New client, channel: null messenger: null
11-25 14:46:44.522   671   907 D ConnectivityService: Got NetworkFactory Messenger for Ethernet
11-25 14:46:44.536   671   671 I ActivityManager: Config changes=200 {1.0 ?mcc?mnc en_US ?layoutDir sw360dp w360dp h567dp 480dpi nrml port finger -keyb/v/h -nav/h s.4 themeResource=null}
11-25 14:46:44.547   671   671 V BackupManagerService: No ancestral data
11-25 14:46:44.551   671   671 D BackupManagerService: Now staging backup of com.android.providers.telephony
11-25 14:46:44.566   671   671 D BackupManagerService: Now staging backup of com.android.browser
11-25 14:46:44.570   671   671 D BackupManagerService: Now staging backup of android
11-25 14:46:44.574   671   671 D BackupManagerService: Now staging backup of com.android.mms
11-25 14:46:44.577   671   671 D BackupManagerService: Now staging backup of com.android.nfc
11-25 14:46:44.580   671   671 D BackupManagerService: Now staging backup of com.android.calendar
11-25 14:46:44.584   671   671 D BackupManagerService: Now staging backup of com.android.providers.settings
11-25 14:46:44.591   671   671 D BackupManagerService: Now staging backup of com.android.sharedstoragebackup
11-25 14:46:44.594   671   671 D BackupManagerService: Now staging backup of com.android.dialer
11-25 14:46:44.597   671   671 D BackupManagerService: Now staging backup of com.cyanogenmod.trebuchet
11-25 14:46:44.600   671   671 D BackupManagerService: Now staging backup of com.android.providers.userdictionary
11-25 14:46:44.603   671   671 V BackupManagerService: Starting with transport com.google.android.backup/.BackupTransportService
11-25 14:46:44.603   671   671 V BackupManagerService: Found transports: 1
11-25 14:46:44.603   671   671 I BackupManagerService: Binding to transport host ComponentInfo{android/com.android.internal.backup.LocalTransportService}
11-25 14:46:44.608   671   671 I BackupManagerService: Found stale backup journal, scheduling
11-25 14:46:44.644   671   813 D LiveDisplay: Adjust display temperature to 6500K [r=1.0 g=1.0 b=1.0]
11-25 14:46:44.679   671   812 I DisplayManagerService: Display device changed: DisplayDeviceInfo{"Built-in Screen": uniqueId="local:0", 1080 x 1920, 60.0 fps, supportedRefreshRates [60.0], density 480, 442.451 x 443.345 dpi, appVsyncOff 7500000, presDeadline 12666667, touch INTERNAL, rotation 0, type BUILT_IN, state ON, FLAG_DEFAULT_DISPLAY, FLAG_ROTATES_WITH_CONTENT, FLAG_SECURE, FLAG_SUPPORTS_PROTECTED_BUFFERS}
11-25 14:46:44.701   671   671 I SystemServer: org.cyanogenmod.platform.internal.CMStatusBarManagerService
11-25 14:46:44.716   671   671 I SystemServiceManager: Starting org.cyanogenmod.platform.internal.CMStatusBarManagerService
11-25 14:46:44.720   671   671 D TaskPersister: removeObsoleteFile: deleting file=438_task_thumbnail.png
11-25 14:46:44.725   671   671 I AppOps  : Pruning old package media/1013: new uid=-1
11-25 14:46:44.725   671   671 I ActivityManager: System now ready
11-25 14:46:44.733   671   671 I SystemServer: Making services ready
11-25 14:46:44.733   671   671 I SystemServiceManager: Starting phase 550
11-25 14:46:44.740   671   671 I SystemServer: WebViewFactory preparation
11-25 14:46:44.788   671   671 I ActivityManager: Start proc 937:WebViewLoader-armeabi-v7a/1037 [android.webkit.WebViewFactory$RelroFileCreator] for 
11-25 14:46:44.843   671   671 I ActivityManager: Start proc 955:com.android.systemui/u0a16 for service com.android.systemui/.SystemUIService
11-25 14:46:44.846   671   888 W MountService: Duplicate state transition (mounted -> mounted) for /storage/emulated/0
11-25 14:46:44.846   671   671 D NetworkManagementService: enabling bandwidth control
11-25 14:46:44.925   671   806 I ActivityManager: Start proc 976:android.process.media/u0a9 for broadcast com.android.providers.media/.MtpReceiver
11-25 14:46:45.458   671   671 E NetdConnector: NDC Command {2 bandwidth enable} took too long (613ms)
11-25 14:46:45.768   671   802 I StatusBarManagerService: registerStatusBar bar=com.android.internal.statusbar.IStatusBar$Stub$Proxy@39af3bb1
11-25 14:46:45.909   671   671 I SystemServiceManager: Starting phase 600
11-25 14:46:45.926   671   671 I BackupManagerService: Backup enabled => false
11-25 14:46:45.927   671   671 I BackupManagerService: Opting out of backup
11-25 14:46:45.952   671   671 E InputMethodManagerService: Ignoring setImeWindowStatus due to an invalid token. uid:1000 token:null
11-25 14:46:46.050   671   671 I ActivityManager: Start proc 1104:com.android.inputmethod.latin/u0a40 for service com.android.inputmethod.latin/.LatinIME
11-25 14:46:46.050   671   671 V InputMethodManagerService: Adding window token: android.os.Binder@30f21d
11-25 14:46:46.285   671   671 W LocationManagerService: no network location provider found
11-25 14:46:46.293   671   671 E LocationManagerService: no geocoder provider found
11-25 14:46:46.336   671   671 E LocationManagerService: Unable to bind FusedProxy.
11-25 14:46:46.346   671   671 E LocationManagerService: Unable to bind FLP Geofence proxy.
11-25 14:46:46.354   671   671 E LocationManagerService: Hardware Activity-Recognition not supported.
11-25 14:46:46.464   671   806 I ActivityManager: Start proc 1142:com.android.settings/1000 for broadcast com.android.settings/.widget.SettingsAppWidgetProvider
11-25 14:46:46.509   671   671 I MmsServiceBroker: systemRunning
11-25 14:46:46.520   671   671 W VoiceInteractionManagerService: no available voice interaction services found for user 0
11-25 14:46:46.520   671   671 W VoiceInteractionManagerService: no available voice recognition services found for user 0
11-25 14:46:46.651   671   671 I ActivityManager: Start proc 1171:org.cyanogenmod.audiofx/u0a0 for added application org.cyanogenmod.audiofx
11-25 14:46:46.768   671   671 I ActivityManager: Start proc 1201:com.android.nfc/1027 for added application com.android.nfc
11-25 14:46:46.867   671   671 I ActivityManager: Start proc 1222:com.android.incallui/u0a8 for added application com.android.incallui
11-25 14:46:47.049   671   671 I ActivityManager: Start proc 1256:com.android.phone/1001 for added application com.android.phone
11-25 14:46:47.054   671   671 I ActivityManager: START u0 {act=android.intent.action.MAIN cat=[android.intent.category.HOME] flg=0x10000000 cmp=com.cyanogenmod.trebuchet/com.android.launcher3.Launcher} from uid 0 on display 0
11-25 14:46:47.069   671   671 V WindowManager: addAppToken: AppWindowToken{12726a03 token=Token{31173ab2 ActivityRecord{142534bd u0 com.cyanogenmod.trebuchet/com.android.launcher3.Launcher t1}}} to stack=0 task=1 at 0
11-25 14:46:47.142   671   671 I ActivityManager: Start proc 1278:com.cyanogenmod.trebuchet/u0a19 for activity com.cyanogenmod.trebuchet/com.android.launcher3.Launcher
11-25 14:46:47.156   671   671 I SystemServer: Enabled StrictMode for system server main thread.
11-25 14:46:47.265   671  1196 I ActivityManager: Start proc 1309:android.process.acore/u0a6 for content provider com.android.providers.userdictionary/.UserDictionaryProvider
11-25 14:46:47.300   671   671 V ActivityManager: Display changed displayId=0
11-25 14:46:47.500   671   805 I ActivityManager: Start proc 1359:com.android.printspooler/u0a51 for service com.android.printspooler/.model.PrintSpoolerService
11-25 14:46:47.501   671   671 V ActivityManager: Display changed displayId=0
11-25 14:46:47.642   671   671 V ActivityManager: Display changed displayId=0
11-25 14:46:47.643   671   671 V ActivityManager: Display changed displayId=0
11-25 14:46:47.665   671   671 I Telecom : TelecomGlobals: TelecomGlobals initializing
11-25 14:46:47.889   671   671 I Telecom : TelecomGlobals: CallsManager initialized
11-25 14:46:47.899   671   906 D WifiService: New client listening to asynchronous messages
11-25 14:46:47.906   671   671 W ContextImpl: Calling a method in the system process without a qualified user: android.app.ContextImpl.startService:1732 android.content.ContextWrapper.startService:522 com.android.server.telecom.BluetoothPhoneService.start:468 com.android.server.telecom.TelecomGlobals.initialize:101 com.android.server.telecom.TelecomService.onCreate:164 
11-25 14:46:47.949   671   671 I ValidateNoPeople: skipping global notification
11-25 14:46:48.108   671   671 D ZenLog  : intercepted: -1|android|17040867|null|1000,none
11-25 14:46:48.109   671   671 V NotificationService: pkg=android canInterrupt=false intercept=true
11-25 14:46:48.118   671   671 D ZenLog  : downtime: Autotrigger skipped: already in zen
11-25 14:46:48.140   671   671 W ResourcesManager: Asset path '/system/framework/com.android.location.provider.jar' does not exist or contains no resources.
11-25 14:46:48.178   671   671 V WiredAccessoryManager: notifyWiredAccessoryChanged: when=0 bits=SW_HEADPHONE_INSERT SW_MICROPHONE_INSERT mask=54
11-25 14:46:48.178   671   671 V WiredAccessoryManager: newName=h2w newState=1 headsetState=1 prev headsetState=0
11-25 14:46:48.185   671  1212 D ConnectivityService: listenForNetwork for NetworkRequest [ id=2, legacyType=-1, [] ]
11-25 14:46:48.247   671   671 V WiredAccessoryManager: init()
11-25 14:46:48.416   671   906 D WifiService: New client listening to asynchronous messages
11-25 14:46:48.549   671  1248 I ActivityManager: Start proc 1503:com.cyanogenmod.lockclock/u0a43 for content provider com.cyanogenmod.lockclock/.weather.WeatherContentProvider
11-25 14:46:48.760   671   806 I ActivityManager: Start proc 1539:com.cyanogenmod.eleven/u0a33 for broadcast com.cyanogenmod.eleven/.MediaButtonIntentReceiver
11-25 14:46:48.846   671  1196 I ActivityManager: Start proc 1558:com.android.smspush/u0a59 for service com.android.smspush/.WapPushManager
11-25 14:46:48.930   671   671 V BackupManagerService: Connected to transport ComponentInfo{android/com.android.internal.backup.LocalTransportService}
11-25 14:46:48.931   671   671 V BackupManagerService: Registering transport android/com.android.internal.backup.LocalTransportService::android/com.android.internal.backup.LocalTransport = android.app.backup.BackupTransport$TransportImpl@2b4675b2
11-25 14:46:49.064   671   907 E ConnectivityService: Failed to find Messenger in unregisterNetworkFactory
11-25 14:46:49.073   671   907 D ConnectivityService: Got NetworkFactory Messenger for Telephony
11-25 14:46:49.144   671   671 V WiredAccessoryManager: device h2w connected
11-25 14:46:49.280   671  1212 I ActivityManager: Start proc 1601:com.cyanogenmod.eleven:main/u0a33 for service com.cyanogenmod.eleven/.MusicPlaybackService
11-25 14:46:49.354   671  1277 W ActivityManager: Unable to start service Intent { cmp=org.codeaurora.ims/.ImsService } U=0: not found
11-25 14:46:49.705   671  1248 V WindowManager: Based on layer: Adding window Window{9bf10b3 u0 com.cyanogenmod.trebuchet/com.android.launcher3.Launcher} at 0 of 2
11-25 14:46:50.531   671   806 W KeyguardServiceDelegate: onScreenTurnedOn(): no keyguard service!
11-25 14:46:50.681   671   906 D WifiService: New client listening to asynchronous messages
11-25 14:46:50.830   671  1327 I ActivityManager: Start proc 1678:com.android.cellbroadcastreceiver/u0a5 for broadcast com.android.cellbroadcastreceiver/.CellBroadcastReceiver
11-25 14:46:50.843  1256  1256 D MccTable: updateMccMncConfiguration mccmnc='' fromServiceState=false
11-25 14:46:51.004   671   906 D WifiService: New client listening to asynchronous messages
11-25 14:46:51.531   671   807 W WindowManager: Keyguard drawn timeout. Setting mKeyguardDrawComplete
11-25 14:46:51.637   671   812 W WindowManager: Timeout waiting for drawn: undrawn=[Window{19f070c3 u0 StatusBar}]
11-25 14:46:52.178  1256  1256 D MccTable: updateMccMncConfiguration mccmnc='' fromServiceState=false
11-25 14:46:52.372   191   291 D VoldCmdListener: cryptfs getpw
11-25 14:46:52.379   191   291 D VoldCmdListener: cryptfs clearpw
11-25 14:46:52.664   671   907 D ConnectivityService: unregisterNetworkFactory for Telephony
11-25 14:46:52.673   671   907 D ConnectivityService: Got NetworkFactory Messenger for Telephony
11-25 14:46:52.747   671  1071 W Telecom : TelecomServiceImpl: ComponentInfo{com.android.phone/com.android.services.telephony.TelephonyConnectionService}, [356a192b7913b04c54574d18c28d46e6395428ab], UserHandle{0} is not visible for the calling user
11-25 14:46:53.284  1256  1256 D MccTable: updateMccMncConfiguration mccmnc='46001' fromServiceState=false
11-25 14:46:53.292  1256  1256 D MccTable: updateMccMncConfiguration defaultMccMnc=
11-25 14:46:53.292  1256  1256 D MccTable: updateMccMncConfiguration: mcc=460, mnc=1
11-25 14:46:53.294  1256  1256 D MccTable: defaultLanguageForMcc(460): country cn uses zh
11-25 14:46:53.295  1256  1256 D MccTable: getLocaleFromMcc to zh_cn mcc=460
11-25 14:46:53.295  1256  1256 D MccTable: getLocaleForLanguageCountry: not permitted to update locale
11-25 14:46:53.295  1256  1256 D MccTable: updateMccMncConfiguration updateConfig config={1.0 460mcc1mnc ?locale ?layoutDir ?swdp ?wdp ?hdp ?density ?lsize ?long ?orien ?uimode ?night ?touch ?keyb/?/? ?nav/? themeResource=null}
11-25 14:46:53.296   671  1248 I ActivityManager: Config changes=3 {1.0 460mcc1mnc en_US ?layoutDir sw360dp w360dp h567dp 480dpi nrml port finger -keyb/v/h -nav/h s.5 themeResource=null}
11-25 14:46:53.616  1256  1256 D MccTable: getLocaleForLanguageCountry: not permitted to update locale
11-25 14:46:53.617  1256  1256 D MccTable: setSystemLocale: no locale
11-25 14:46:54.196   671  1248 V WindowManager: Based on layer: Adding window Window{30b0af81 u0 com.cyanogenmod.trebuchet/com.android.launcher3.Launcher} at 1 of 6
11-25 14:46:54.304  1256  1256 D MccTable: updateMccMncConfiguration mccmnc='46001' fromServiceState=false
11-25 14:46:54.306  1256  1256 D MccTable: updateMccMncConfiguration defaultMccMnc=46001
11-25 14:46:54.306  1256  1256 D MccTable: updateMccMncConfiguration: mcc=460, mnc=1
11-25 14:46:54.307  1256  1256 D MccTable: defaultLanguageForMcc(460): country cn uses zh
11-25 14:46:54.307  1256  1256 D MccTable: getLocaleFromMcc to zh_cn mcc=460
11-25 14:46:54.307  1256  1256 D MccTable: getLocaleForLanguageCountry: not permitted to update locale
11-25 14:46:54.307  1256  1256 D MccTable: updateMccMncConfiguration updateConfig config={1.0 460mcc1mnc ?locale ?layoutDir ?swdp ?wdp ?hdp ?density ?lsize ?long ?orien ?uimode ?night ?touch ?keyb/?/? ?nav/? themeResource=null}
11-25 14:46:54.953  1256  1256 D MccTable: updateMccMncConfiguration mccmnc='46001' fromServiceState=true
11-25 14:46:54.957  1256  1256 D MccTable: updateMccMncConfiguration defaultMccMnc=46001
11-25 14:46:54.957  1256  1256 D MccTable: updateMccMncConfiguration: mcc=460, mnc=1
11-25 14:46:54.958  1256  1256 D MccTable: defaultLanguageForMcc(460): country cn uses zh
11-25 14:46:54.958  1256  1256 D MccTable: getLocaleFromMcc to zh_cn mcc=460
11-25 14:46:54.958  1256  1256 D MccTable: getLocaleForLanguageCountry: not permitted to update locale
11-25 14:46:54.958  1256  1256 D MccTable: WIFI_COUNTRY_CODE set to cn
11-25 14:46:54.961   671   801 I WifiService: WifiService trying to set country code to cn with persist set to true
11-25 14:46:55.451   671   812 W WindowManager: App freeze timeout expired.
11-25 14:46:55.460   671   812 W WindowManager: Window freeze timeout expired.
11-25 14:46:55.460   671   812 W WindowManager: Force clearing orientation change: Window{333c5946 u0 NavigationBar}
11-25 14:46:55.460   671   812 W WindowManager: Force clearing orientation change: Window{19f070c3 u0 StatusBar}
11-25 14:46:55.460   671   812 W WindowManager: Force clearing orientation change: Window{1f61f777 u0 com.android.systemui.ImageWallpaper}
11-25 14:46:55.486   671   812 I WindowManager: Screen frozen for +2s185ms due to Window{333c5946 u0 NavigationBar}
11-25 14:46:56.039   671  1196 I ActivityManager: START u0 {flg=0x74840000 cmp=com.android.stk/.StkDialogActivity (has extras)} from uid 1001 on display 0
11-25 14:46:56.069   671  1196 V WindowManager: addAppToken: AppWindowToken{37477821 token=Token{24c95688 ActivityRecord{a9da22b u0 com.android.stk/.StkDialogActivity t2}}} to stack=1 task=2 at 0
11-25 14:46:56.079   671   671 V ActivityManager: Display changed displayId=0
11-25 14:46:56.168   671  1249 V WindowManager: Adding window Window{3fd22ba3 u0 com.android.stk/com.android.stk.StkDialogActivity} at 2 of 7 (after Window{30b0af81 u0 com.cyanogenmod.trebuchet/com.android.launcher3.Launcher})
11-25 14:46:57.833   671   812 I SystemServiceManager: Starting phase 1000
11-25 14:46:58.286   671   801 I WindowManager: Screenshot max retries 4 of Token{24c95688 ActivityRecord{a9da22b u0 com.android.stk/.StkDialogActivity t2}} appWin=Window{3fd22ba3 u0 com.android.stk/com.android.stk.StkDialogActivity} drawState=4
11-25 14:46:58.353   671  1841 I BootReceiver: Copying /proc/last_kmsg to DropBox (SYSTEM_LAST_KMSG)
11-25 14:46:58.399   671  1841 I BootReceiver: Copying audit failures to DropBox
