11-25 15:01:47.841   671   806 I am_destroy_activity: [0,799396152,28,com.support.android.designlibdemo/.CheeseDetailActivity,finish-imm]
11-25 15:01:49.486   671  1071 I am_finish_activity: [0,764018254,28,com.support.android.designlibdemo/.MainActivity,app-request]
11-25 15:01:49.487   671  1071 I am_home_stack_moved: [0,1,0,0,finishActivity adjustFocus]
11-25 15:01:49.487   671  1071 I wm_task_moved: [1,1,0]
11-25 15:01:49.488   671  1071 I am_home_stack_moved: [0,1,0,0,finishActivity adjustTopFocus setFocusedActivity]
11-25 15:01:49.490   671  1071 I am_focused_activity: [0,com.cyanogenmod.trebuchet/com.android.launcher3.Launcher]
11-25 15:01:49.503   671  1071 I am_pause_activity: [0,764018254,com.support.android.designlibdemo/.MainActivity]
11-25 15:01:49.505  3573  3573 I am_on_paused_called: [0,com.support.android.designlibdemo.MainActivity]
11-25 15:01:49.508   671  1212 I am_resume_activity: [0,337982653,1,com.cyanogenmod.trebuchet/com.android.launcher3.Launcher]
11-25 15:01:49.522  1278  1278 I am_on_resume_called: [0,com.android.launcher3.Launcher]
11-25 15:01:49.816   671   806 I am_destroy_activity: [0,764018254,28,com.support.android.designlibdemo/.MainActivity,finish-imm]
11-25 15:01:50.002   671   812 I wm_task_removed: [28,removeAppToken: last token]
11-25 15:01:50.002   671   812 I wm_task_removed: [28,removeTask]
11-25 15:01:50.014   193   193 I sf_frame_dur: [com.support.android.designlibdemo/com.support.android.designlibdemo.MainActivity,0,0,0,0,1,0,0]
11-25 15:01:52.693   671  1204 I am_home_stack_moved: [0,0,1,1,startingNewTask]
11-25 15:01:52.693   671  1204 I am_create_task: [0,29]
11-25 15:01:52.698   671  1204 I am_create_activity: [0,903111353,29,com.support.android.designlibdemo/.MainActivity,android.intent.action.MAIN,NULL,NULL,270532608]
11-25 15:01:52.699   671  1204 I wm_task_created: [29,1]
11-25 15:01:52.699   671  1204 I wm_task_moved: [29,1,0]
11-25 15:01:52.699   671  1204 I am_pause_activity: [0,337982653,com.cyanogenmod.trebuchet/com.android.launcher3.Launcher]
11-25 15:01:52.705   671  1204 I am_home_stack_moved: [0,0,1,1,startedActivity setFocusedActivity]
11-25 15:01:52.706   671  1204 I am_focused_activity: [0,com.support.android.designlibdemo/.MainActivity]
11-25 15:01:52.721  1278  1278 I am_on_paused_called: [0,com.android.launcher3.Launcher]
11-25 15:01:52.724   671  1212 I am_restart_activity: [0,903111353,29,com.support.android.designlibdemo/.MainActivity]
11-25 15:01:52.776  3573  3573 I am_on_resume_called: [0,com.support.android.designlibdemo.MainActivity]
11-25 15:01:52.899   671   812 I am_activity_launch_time: [0,903111353,com.support.android.designlibdemo/.MainActivity,177,177]
11-25 15:01:53.193   193   193 I sf_frame_dur: [com.cyanogenmod.trebuchet/com.android.launcher3.Launcher,0,0,0,0,1,0,1]
11-25 15:01:55.098   671  1071 I am_home_stack_moved: [0,0,1,1,sourceStackToFront]
11-25 15:01:55.098   671  1071 I wm_task_moved: [29,1,0]
11-25 15:01:55.104   671  1071 I am_create_activity: [0,636558671,29,com.support.android.designlibdemo/.CheeseDetailActivity,NULL,NULL,NULL,0]
11-25 15:01:55.108   671  1071 I am_pause_activity: [0,903111353,com.support.android.designlibdemo/.MainActivity]
11-25 15:01:55.108   671  1071 I am_home_stack_moved: [0,0,1,1,startedActivity setFocusedActivity]
11-25 15:01:55.110   671  1071 I am_focused_activity: [0,com.support.android.designlibdemo/.CheeseDetailActivity]
11-25 15:01:55.113  3573  3573 I am_on_paused_called: [0,com.support.android.designlibdemo.MainActivity]
11-25 15:01:55.115   671  1213 I am_restart_activity: [0,636558671,29,com.support.android.designlibdemo/.CheeseDetailActivity]
11-25 15:01:55.152  3573  3573 I am_on_resume_called: [0,com.support.android.designlibdemo.CheeseDetailActivity]
11-25 15:01:55.204   671   812 I am_activity_launch_time: [0,636558671,com.support.android.designlibdemo/.CheeseDetailActivity,90,90]
11-25 15:01:55.452   193   193 I sf_frame_dur: [com.support.android.designlibdemo/com.support.android.designlibdemo.MainActivity,7,1,0,0,1,0,1]
11-25 15:01:57.460   671   802 I am_finish_activity: [0,636558671,29,com.support.android.designlibdemo/.CheeseDetailActivity,navigate-up]
11-25 15:01:57.462   671   802 I am_home_stack_moved: [0,0,1,1,finishActivity adjustTopFocus setFocusedActivity]
11-25 15:01:57.464   671   802 I am_focused_activity: [0,com.support.android.designlibdemo/.MainActivity]
11-25 15:01:57.465   671   802 I am_pause_activity: [0,636558671,com.support.android.designlibdemo/.CheeseDetailActivity]
11-25 15:01:57.478   671   802 I am_home_stack_moved: [0,0,1,1,sourceStackToFront]
11-25 15:01:57.478   671   802 I wm_task_moved: [29,1,0]
11-25 15:01:57.484   671   802 I am_create_activity: [0,759834781,29,com.support.android.designlibdemo/.MainActivity,android.intent.action.MAIN,NULL,NULL,0]
11-25 15:01:57.485   671   802 I am_home_stack_moved: [0,0,1,1,startedActivity setFocusedActivity]
11-25 15:01:57.486   671   802 I am_focused_activity: [0,com.support.android.designlibdemo/.MainActivity]
11-25 15:01:57.486   671   802 I am_finish_activity: [0,903111353,29,com.support.android.designlibdemo/.MainActivity,navigate-up]
11-25 15:01:57.487   671   802 I am_destroy_activity: [0,903111353,29,com.support.android.designlibdemo/.MainActivity,finish-imm]
11-25 15:01:57.490  3573  3573 I am_on_paused_called: [0,com.support.android.designlibdemo.CheeseDetailActivity]
11-25 15:01:57.492   671  1212 I am_restart_activity: [0,759834781,29,com.support.android.designlibdemo/.MainActivity]
11-25 15:01:57.537  3573  3573 I am_on_resume_called: [0,com.support.android.designlibdemo.MainActivity]
11-25 15:01:57.671   671   812 I am_activity_launch_time: [0,759834781,com.support.android.designlibdemo/.MainActivity,179,179]
11-25 15:01:58.050   671   806 I am_destroy_activity: [0,636558671,29,com.support.android.designlibdemo/.CheeseDetailActivity,finish-imm]
11-25 15:02:04.989   671  1196 I am_home_stack_moved: [0,0,1,1,sourceStackToFront]
11-25 15:02:04.989   671  1196 I wm_task_moved: [29,1,0]
11-25 15:02:04.995   671  1196 I am_create_activity: [0,480237915,29,com.support.android.designlibdemo/.CheeseDetailActivity,NULL,NULL,NULL,0]
11-25 15:02:05.004   671  1196 I am_pause_activity: [0,759834781,com.support.android.designlibdemo/.MainActivity]
11-25 15:02:05.006   671  1196 I am_home_stack_moved: [0,0,1,1,startedActivity setFocusedActivity]
11-25 15:02:05.007   671  1196 I am_focused_activity: [0,com.support.android.designlibdemo/.CheeseDetailActivity]
11-25 15:02:05.015  3573  3573 I am_on_paused_called: [0,com.support.android.designlibdemo.MainActivity]
11-25 15:02:05.018   671  1212 I am_restart_activity: [0,480237915,29,com.support.android.designlibdemo/.CheeseDetailActivity]
11-25 15:02:05.075  3573  3573 I am_on_resume_called: [0,com.support.android.designlibdemo.CheeseDetailActivity]
11-25 15:02:05.131   671   812 I am_activity_launch_time: [0,480237915,com.support.android.designlibdemo/.CheeseDetailActivity,114,114]
11-25 15:02:05.392   193   193 I sf_frame_dur: [com.support.android.designlibdemo/com.support.android.designlibdemo.MainActivity,33,0,2,0,1,0,2]
11-25 15:02:07.362   671   891 I am_finish_activity: [0,480237915,29,com.support.android.designlibdemo/.CheeseDetailActivity,navigate-up]
11-25 15:02:07.363   671   891 I am_home_stack_moved: [0,0,1,1,finishActivity adjustTopFocus setFocusedActivity]
11-25 15:02:07.365   671   891 I am_focused_activity: [0,com.support.android.designlibdemo/.MainActivity]
11-25 15:02:07.365   671   891 I am_pause_activity: [0,480237915,com.support.android.designlibdemo/.CheeseDetailActivity]
11-25 15:02:07.379   671   891 I am_home_stack_moved: [0,0,1,1,sourceStackToFront]
11-25 15:02:07.379   671   891 I wm_task_moved: [29,1,0]
11-25 15:02:07.383   671   891 I am_create_activity: [0,522793737,29,com.support.android.designlibdemo/.MainActivity,android.intent.action.MAIN,NULL,NULL,0]
11-25 15:02:07.385   671   891 I am_home_stack_moved: [0,0,1,1,startedActivity setFocusedActivity]
11-25 15:02:07.386   671   891 I am_focused_activity: [0,com.support.android.designlibdemo/.MainActivity]
11-25 15:02:07.386   671   891 I am_finish_activity: [0,759834781,29,com.support.android.designlibdemo/.MainActivity,navigate-up]
11-25 15:02:07.387   671   891 I am_destroy_activity: [0,759834781,29,com.support.android.designlibdemo/.MainActivity,finish-imm]
11-25 15:02:07.394  3573  3573 I am_on_paused_called: [0,com.support.android.designlibdemo.CheeseDetailActivity]
11-25 15:02:07.396   671  1196 I am_restart_activity: [0,522793737,29,com.support.android.designlibdemo/.MainActivity]
11-25 15:02:07.449  3573  3573 I am_on_resume_called: [0,com.support.android.designlibdemo.MainActivity]
11-25 15:02:07.561   671   812 I am_activity_launch_time: [0,522793737,com.support.android.designlibdemo/.MainActivity,165,165]
11-25 15:02:07.939   671   806 I am_destroy_activity: [0,480237915,29,com.support.android.designlibdemo/.CheeseDetailActivity,finish-imm]
11-25 15:02:14.865   671   802 I am_home_stack_moved: [0,0,1,1,sourceStackToFront]
11-25 15:02:14.865   671   802 I wm_task_moved: [29,1,0]
11-25 15:02:14.878   671   802 I am_create_activity: [0,715134247,29,com.support.android.designlibdemo/.CheeseDetailActivity,NULL,NULL,NULL,0]
11-25 15:02:14.881   671   802 I am_pause_activity: [0,522793737,com.support.android.designlibdemo/.MainActivity]
11-25 15:02:14.884   671   802 I am_home_stack_moved: [0,0,1,1,startedActivity setFocusedActivity]
11-25 15:02:14.886   671   802 I am_focused_activity: [0,com.support.android.designlibdemo/.CheeseDetailActivity]
11-25 15:02:14.893  3573  3573 I am_on_paused_called: [0,com.support.android.designlibdemo.MainActivity]
11-25 15:02:14.895   671  1204 I am_restart_activity: [0,715134247,29,com.support.android.designlibdemo/.CheeseDetailActivity]
11-25 15:02:14.935  3573  3573 I am_on_resume_called: [0,com.support.android.designlibdemo.CheeseDetailActivity]
11-25 15:02:14.989   671   812 I am_activity_launch_time: [0,715134247,com.support.android.designlibdemo/.CheeseDetailActivity,96,96]
11-25 15:02:15.248   193   193 I sf_frame_dur: [com.support.android.designlibdemo/com.support.android.designlibdemo.MainActivity,24,2,1,0,1,0,2]
11-25 15:02:17.237   671  1212 I am_finish_activity: [0,715134247,29,com.support.android.designlibdemo/.CheeseDetailActivity,navigate-up]
11-25 15:02:17.238   671  1212 I am_home_stack_moved: [0,0,1,1,finishActivity adjustTopFocus setFocusedActivity]
11-25 15:02:17.240   671  1212 I am_focused_activity: [0,com.support.android.designlibdemo/.MainActivity]
11-25 15:02:17.241   671  1212 I am_pause_activity: [0,715134247,com.support.android.designlibdemo/.CheeseDetailActivity]
11-25 15:02:17.247   671  1212 I am_home_stack_moved: [0,0,1,1,sourceStackToFront]
11-25 15:02:17.247   671  1212 I wm_task_moved: [29,1,0]
11-25 15:02:17.252   671  1212 I am_create_activity: [0,831396661,29,com.support.android.designlibdemo/.MainActivity,android.intent.action.MAIN,NULL,NULL,0]
11-25 15:02:17.253   671  1212 I am_home_stack_moved: [0,0,1,1,startedActivity setFocusedActivity]
11-25 15:02:17.255   671  1212 I am_focused_activity: [0,com.support.android.designlibdemo/.MainActivity]
11-25 15:02:17.255   671  1212 I am_finish_activity: [0,522793737,29,com.support.android.designlibdemo/.MainActivity,navigate-up]
11-25 15:02:17.256   671  1212 I am_destroy_activity: [0,522793737,29,com.support.android.designlibdemo/.MainActivity,finish-imm]
11-25 15:02:17.262  3573  3573 I am_on_paused_called: [0,com.support.android.designlibdemo.CheeseDetailActivity]
11-25 15:02:17.264   671  1204 I am_restart_activity: [0,831396661,29,com.support.android.designlibdemo/.MainActivity]
11-25 15:02:17.305  3573  3573 I am_on_resume_called: [0,com.support.android.designlibdemo.MainActivity]
11-25 15:02:17.444   671   812 I am_activity_launch_time: [0,831396661,com.support.android.designlibdemo/.MainActivity,181,181]
11-25 15:02:17.827   671   806 I am_destroy_activity: [0,715134247,29,com.support.android.designlibdemo/.CheeseDetailActivity,finish-imm]
11-25 15:02:19.465   671  1196 I am_finish_activity: [0,831396661,29,com.support.android.designlibdemo/.MainActivity,app-request]
11-25 15:02:19.466   671  1196 I am_home_stack_moved: [0,1,0,0,finishActivity adjustFocus]
11-25 15:02:19.466   671  1196 I wm_task_moved: [1,1,0]
11-25 15:02:19.468   671  1196 I am_home_stack_moved: [0,1,0,0,finishActivity adjustTopFocus setFocusedActivity]
11-25 15:02:19.470   671  1196 I am_focused_activity: [0,com.cyanogenmod.trebuchet/com.android.launcher3.Launcher]
11-25 15:02:19.478   671  1196 I am_pause_activity: [0,831396661,com.support.android.designlibdemo/.MainActivity]
11-25 15:02:19.482  3573  3573 I am_on_paused_called: [0,com.support.android.designlibdemo.MainActivity]
11-25 15:02:19.488   671  1327 I am_resume_activity: [0,337982653,1,com.cyanogenmod.trebuchet/com.android.launcher3.Launcher]
11-25 15:02:19.507  1278  1278 I am_on_resume_called: [0,com.android.launcher3.Launcher]
11-25 15:02:19.802   671   806 I am_destroy_activity: [0,831396661,29,com.support.android.designlibdemo/.MainActivity,finish-imm]
11-25 15:02:19.970   671   812 I wm_task_removed: [29,removeAppToken: last token]
11-25 15:02:19.970   671   812 I wm_task_removed: [29,removeTask]
11-25 15:02:19.983   193   193 I sf_frame_dur: [com.support.android.designlibdemo/com.support.android.designlibdemo.MainActivity,1,0,0,0,1,0,0]
11-25 15:02:22.695   671  1277 I am_home_stack_moved: [0,0,1,1,startingNewTask]
11-25 15:02:22.695   671  1277 I am_create_task: [0,30]
11-25 15:02:22.698   671  1277 I am_create_activity: [0,6137244,30,com.support.android.designlibdemo/.MainActivity,android.intent.action.MAIN,NULL,NULL,270532608]
11-25 15:02:22.699   671  1277 I wm_task_created: [30,1]
11-25 15:02:22.699   671  1277 I wm_task_moved: [30,1,0]
11-25 15:02:22.699   671  1277 I am_pause_activity: [0,337982653,com.cyanogenmod.trebuchet/com.android.launcher3.Launcher]
11-25 15:02:22.701   671  1277 I am_home_stack_moved: [0,0,1,1,startedActivity setFocusedActivity]
11-25 15:02:22.702   671  1277 I am_focused_activity: [0,com.support.android.designlibdemo/.MainActivity]
11-25 15:02:22.720  1278  1278 I am_on_paused_called: [0,com.android.launcher3.Launcher]
11-25 15:02:22.724   671   802 I am_restart_activity: [0,6137244,30,com.support.android.designlibdemo/.MainActivity]
11-25 15:02:22.768  3573  3573 I am_on_resume_called: [0,com.support.android.designlibdemo.MainActivity]
11-25 15:02:22.883   671   812 I am_activity_launch_time: [0,6137244,com.support.android.designlibdemo/.MainActivity,162,162]
11-25 15:02:23.213   193   193 I sf_frame_dur: [com.cyanogenmod.trebuchet/com.android.launcher3.Launcher,0,0,0,0,1,0,1]
11-25 15:02:25.098   671   802 I am_home_stack_moved: [0,0,1,1,sourceStackToFront]
11-25 15:02:25.098   671   802 I wm_task_moved: [30,1,0]
11-25 15:02:25.104   671   802 I am_create_activity: [0,27465514,30,com.support.android.designlibdemo/.CheeseDetailActivity,NULL,NULL,NULL,0]
11-25 15:02:25.108   671   802 I am_pause_activity: [0,6137244,com.support.android.designlibdemo/.MainActivity]
11-25 15:02:25.110   671   802 I am_home_stack_moved: [0,0,1,1,startedActivity setFocusedActivity]
11-25 15:02:25.112   671   802 I am_focused_activity: [0,com.support.android.designlibdemo/.CheeseDetailActivity]
11-25 15:02:25.117  3573  3573 I am_on_paused_called: [0,com.support.android.designlibdemo.MainActivity]
11-25 15:02:25.119   671  1249 I am_restart_activity: [0,27465514,30,com.support.android.designlibdemo/.CheeseDetailActivity]
11-25 15:02:25.151  3573  3573 I am_on_resume_called: [0,com.support.android.designlibdemo.CheeseDetailActivity]
11-25 15:02:25.203   671   812 I am_activity_launch_time: [0,27465514,com.support.android.designlibdemo/.CheeseDetailActivity,85,85]
11-25 15:02:25.455   193   193 I sf_frame_dur: [com.support.android.designlibdemo/com.support.android.designlibdemo.MainActivity,5,2,0,0,1,0,1]
11-25 15:02:27.465   671   801 I am_finish_activity: [0,27465514,30,com.support.android.designlibdemo/.CheeseDetailActivity,navigate-up]
11-25 15:02:27.467   671   801 I am_home_stack_moved: [0,0,1,1,finishActivity adjustTopFocus setFocusedActivity]
11-25 15:02:27.469   671   801 I am_focused_activity: [0,com.support.android.designlibdemo/.MainActivity]
11-25 15:02:27.469   671   801 I am_pause_activity: [0,27465514,com.support.android.designlibdemo/.CheeseDetailActivity]
11-25 15:02:27.475   671   801 I am_home_stack_moved: [0,0,1,1,sourceStackToFront]
11-25 15:02:27.475   671   801 I wm_task_moved: [30,1,0]
11-25 15:02:27.482   671   801 I am_create_activity: [0,574310608,30,com.support.android.designlibdemo/.MainActivity,android.intent.action.MAIN,NULL,NULL,0]
11-25 15:02:27.485   671   801 I am_home_stack_moved: [0,0,1,1,startedActivity setFocusedActivity]
11-25 15:02:27.486   671   801 I am_focused_activity: [0,com.support.android.designlibdemo/.MainActivity]
11-25 15:02:27.486   671   801 I am_finish_activity: [0,6137244,30,com.support.android.designlibdemo/.MainActivity,navigate-up]
11-25 15:02:27.486   671   801 I am_destroy_activity: [0,6137244,30,com.support.android.designlibdemo/.MainActivity,finish-imm]
11-25 15:02:27.489  3573  3573 I am_on_paused_called: [0,com.support.android.designlibdemo.CheeseDetailActivity]
11-25 15:02:27.491   671  1196 I am_restart_activity: [0,574310608,30,com.support.android.designlibdemo/.MainActivity]
11-25 15:02:27.545  3573  3573 I am_on_resume_called: [0,com.support.android.designlibdemo.MainActivity]
11-25 15:02:27.649   671   812 I am_activity_launch_time: [0,574310608,com.support.android.designlibdemo/.MainActivity,159,159]
11-25 15:02:28.019   671   806 I am_destroy_activity: [0,27465514,30,com.support.android.designlibdemo/.CheeseDetailActivity,finish-imm]
11-25 15:02:35.023   671  1213 I am_home_stack_moved: [0,0,1,1,sourceStackToFront]
11-25 15:02:35.024   671  1213 I wm_task_moved: [30,1,0]
11-25 15:02:35.030   671  1213 I am_create_activity: [0,504417958,30,com.support.android.designlibdemo/.CheeseDetailActivity,NULL,NULL,NULL,0]
11-25 15:02:35.036   671  1213 I am_pause_activity: [0,574310608,com.support.android.designlibdemo/.MainActivity]
11-25 15:02:35.039   671  1213 I am_home_stack_moved: [0,0,1,1,startedActivity setFocusedActivity]
11-25 15:02:35.041   671  1213 I am_focused_activity: [0,com.support.android.designlibdemo/.CheeseDetailActivity]
11-25 15:02:35.047  3573  3573 I am_on_paused_called: [0,com.support.android.designlibdemo.MainActivity]
11-25 15:02:35.050   671   801 I am_restart_activity: [0,504417958,30,com.support.android.designlibdemo/.CheeseDetailActivity]
11-25 15:02:35.098  3573  3573 I am_on_resume_called: [0,com.support.android.designlibdemo.CheeseDetailActivity]
11-25 15:02:35.152   671   812 I am_activity_launch_time: [0,504417958,com.support.android.designlibdemo/.CheeseDetailActivity,104,104]
11-25 15:02:35.410   193   193 I sf_frame_dur: [com.support.android.designlibdemo/com.support.android.designlibdemo.MainActivity,31,2,0,0,1,0,2]
11-25 15:02:37.394   671  1248 I am_finish_activity: [0,504417958,30,com.support.android.designlibdemo/.CheeseDetailActivity,navigate-up]
11-25 15:02:37.396   671  1248 I am_home_stack_moved: [0,0,1,1,finishActivity adjustTopFocus setFocusedActivity]
11-25 15:02:37.399   671  1248 I am_focused_activity: [0,com.support.android.designlibdemo/.MainActivity]
11-25 15:02:37.401   671  1248 I am_pause_activity: [0,504417958,com.support.android.designlibdemo/.CheeseDetailActivity]
11-25 15:02:37.410   671  1248 I am_home_stack_moved: [0,0,1,1,sourceStackToFront]
11-25 15:02:37.410   671  1248 I wm_task_moved: [30,1,0]
11-25 15:02:37.413   671  1248 I am_create_activity: [0,937558572,30,com.support.android.designlibdemo/.MainActivity,android.intent.action.MAIN,NULL,NULL,0]
11-25 15:02:37.416   671  1248 I am_home_stack_moved: [0,0,1,1,startedActivity setFocusedActivity]
11-25 15:02:37.417   671  1248 I am_focused_activity: [0,com.support.android.designlibdemo/.MainActivity]
11-25 15:02:37.417   671  1248 I am_finish_activity: [0,574310608,30,com.support.android.designlibdemo/.MainActivity,navigate-up]
11-25 15:02:37.418   671  1248 I am_destroy_activity: [0,574310608,30,com.support.android.designlibdemo/.MainActivity,finish-imm]
11-25 15:02:37.424  3573  3573 I am_on_paused_called: [0,com.support.android.designlibdemo.CheeseDetailActivity]
11-25 15:02:37.426   671  1327 I am_restart_activity: [0,937558572,30,com.support.android.designlibdemo/.MainActivity]
11-25 15:02:37.477  3573  3573 I am_on_resume_called: [0,com.support.android.designlibdemo.MainActivity]
11-25 15:02:37.598   671   812 I am_activity_launch_time: [0,937558572,com.support.android.designlibdemo/.MainActivity,172,172]
11-25 15:02:37.974   671   806 I am_destroy_activity: [0,504417958,30,com.support.android.designlibdemo/.CheeseDetailActivity,finish-imm]
11-25 15:02:44.909   671   801 I am_home_stack_moved: [0,0,1,1,sourceStackToFront]
11-25 15:02:44.909   671   801 I wm_task_moved: [30,1,0]
11-25 15:02:44.915   671   801 I am_create_activity: [0,376031458,30,com.support.android.designlibdemo/.CheeseDetailActivity,NULL,NULL,NULL,0]
11-25 15:02:44.916   671   801 I am_pause_activity: [0,937558572,com.support.android.designlibdemo/.MainActivity]
11-25 15:02:44.925   671   801 I am_home_stack_moved: [0,0,1,1,startedActivity setFocusedActivity]
11-25 15:02:44.927   671   801 I am_focused_activity: [0,com.support.android.designlibdemo/.CheeseDetailActivity]
11-25 15:02:44.930  3573  3573 I am_on_paused_called: [0,com.support.android.designlibdemo.MainActivity]
11-25 15:02:44.931   671   891 I am_restart_activity: [0,376031458,30,com.support.android.designlibdemo/.CheeseDetailActivity]
11-25 15:02:44.969  3573  3573 I am_on_resume_called: [0,com.support.android.designlibdemo.CheeseDetailActivity]
11-25 15:02:45.021   671   812 I am_activity_launch_time: [0,376031458,com.support.android.designlibdemo/.CheeseDetailActivity,91,91]
11-25 15:02:45.282   193   193 I sf_frame_dur: [com.support.android.designlibdemo/com.support.android.designlibdemo.MainActivity,28,3,0,0,1,0,2]
11-25 15:02:47.265   671  1196 I am_finish_activity: [0,376031458,30,com.support.android.designlibdemo/.CheeseDetailActivity,navigate-up]
11-25 15:02:47.267   671  1196 I am_home_stack_moved: [0,0,1,1,finishActivity adjustTopFocus setFocusedActivity]
11-25 15:02:47.269   671  1196 I am_focused_activity: [0,com.support.android.designlibdemo/.MainActivity]
11-25 15:02:47.270   671  1196 I am_pause_activity: [0,376031458,com.support.android.designlibdemo/.CheeseDetailActivity]
11-25 15:02:47.280   671  1196 I am_home_stack_moved: [0,0,1,1,sourceStackToFront]
11-25 15:02:47.280   671  1196 I wm_task_moved: [30,1,0]
11-25 15:02:47.287   671  1196 I am_create_activity: [0,770831432,30,com.support.android.designlibdemo/.MainActivity,android.intent.action.MAIN,NULL,NULL,0]
11-25 15:02:47.288   671  1196 I am_home_stack_moved: [0,0,1,1,startedActivity setFocusedActivity]
11-25 15:02:47.288   671  1196 I am_focused_activity: [0,com.support.android.designlibdemo/.MainActivity]
11-25 15:02:47.288   671  1196 I am_finish_activity: [0,937558572,30,com.support.android.designlibdemo/.MainActivity,navigate-up]
11-25 15:02:47.289   671  1196 I am_destroy_activity: [0,937558572,30,com.support.android.designlibdemo/.MainActivity,finish-imm]
11-25 15:02:47.291  3573  3573 I am_on_paused_called: [0,com.support.android.designlibdemo.CheeseDetailActivity]
11-25 15:02:47.293   671  1213 I am_restart_activity: [0,770831432,30,com.support.android.designlibdemo/.MainActivity]
11-25 15:02:47.348  3573  3573 I am_on_resume_called: [0,com.support.android.designlibdemo.MainActivity]
11-25 15:02:47.472   671   812 I am_activity_launch_time: [0,770831432,com.support.android.designlibdemo/.MainActivity,179,179]
11-25 15:02:47.846   671   806 I am_destroy_activity: [0,376031458,30,com.support.android.designlibdemo/.CheeseDetailActivity,finish-imm]
11-25 15:02:49.488   671  1204 I am_finish_activity: [0,770831432,30,com.support.android.designlibdemo/.MainActivity,app-request]
11-25 15:02:49.489   671  1204 I am_home_stack_moved: [0,1,0,0,finishActivity adjustFocus]
11-25 15:02:49.489   671  1204 I wm_task_moved: [1,1,0]
11-25 15:02:49.490   671  1204 I am_home_stack_moved: [0,1,0,0,finishActivity adjustTopFocus setFocusedActivity]
11-25 15:02:49.494   671  1204 I am_focused_activity: [0,com.cyanogenmod.trebuchet/com.android.launcher3.Launcher]
11-25 15:02:49.507   671  1204 I am_pause_activity: [0,770831432,com.support.android.designlibdemo/.MainActivity]
11-25 15:02:49.509  3573  3573 I am_on_paused_called: [0,com.support.android.designlibdemo.MainActivity]
11-25 15:02:49.512   671   802 I am_resume_activity: [0,337982653,1,com.cyanogenmod.trebuchet/com.android.launcher3.Launcher]
11-25 15:02:49.527  1278  1278 I am_on_resume_called: [0,com.android.launcher3.Launcher]
11-25 15:02:49.820   671   806 I am_destroy_activity: [0,770831432,30,com.support.android.designlibdemo/.MainActivity,finish-imm]
11-25 15:02:50.005   671   812 I wm_task_removed: [30,removeAppToken: last token]
11-25 15:02:50.005   671   812 I wm_task_removed: [30,removeTask]
11-25 15:02:50.018   193   193 I sf_frame_dur: [com.support.android.designlibdemo/com.support.android.designlibdemo.MainActivity,0,0,0,0,1,0,1]
11-25 15:02:52.736   671   801 I am_home_stack_moved: [0,0,1,1,startingNewTask]
11-25 15:02:52.736   671   801 I am_create_task: [0,31]
11-25 15:02:52.736   671   801 I am_create_activity: [0,255695067,31,com.support.android.designlibdemo/.MainActivity,android.intent.action.MAIN,NULL,NULL,270532608]
11-25 15:02:52.736   671   801 I wm_task_created: [31,1]
11-25 15:02:52.736   671   801 I wm_task_moved: [31,1,0]
11-25 15:02:52.736   671   801 I am_pause_activity: [0,337982653,com.cyanogenmod.trebuchet/com.android.launcher3.Launcher]
11-25 15:02:52.744   671   801 I am_home_stack_moved: [0,0,1,1,startedActivity setFocusedActivity]
11-25 15:02:52.745   671   801 I am_focused_activity: [0,com.support.android.designlibdemo/.MainActivity]
11-25 15:02:52.759  1278  1278 I am_on_paused_called: [0,com.android.launcher3.Launcher]
11-25 15:02:52.763   671  1071 I am_restart_activity: [0,255695067,31,com.support.android.designlibdemo/.MainActivity]
11-25 15:02:52.813  3573  3573 I am_on_resume_called: [0,com.support.android.designlibdemo.MainActivity]
11-25 15:02:52.937   671   812 I am_activity_launch_time: [0,255695067,com.support.android.designlibdemo/.MainActivity,178,178]
11-25 15:02:53.247   193   193 I sf_frame_dur: [com.cyanogenmod.trebuchet/com.android.launcher3.Launcher,0,0,0,0,1,0,1]
11-25 15:02:55.123   671  1196 I am_home_stack_moved: [0,0,1,1,sourceStackToFront]
11-25 15:02:55.123   671  1196 I wm_task_moved: [31,1,0]
11-25 15:02:55.133   671  1196 I am_create_activity: [0,604480961,31,com.support.android.designlibdemo/.CheeseDetailActivity,NULL,NULL,NULL,0]
11-25 15:02:55.136   671  1196 I am_pause_activity: [0,255695067,com.support.android.designlibdemo/.MainActivity]
11-25 15:02:55.138   671  1196 I am_home_stack_moved: [0,0,1,1,startedActivity setFocusedActivity]
11-25 15:02:55.141   671  1196 I am_focused_activity: [0,com.support.android.designlibdemo/.CheeseDetailActivity]
11-25 15:02:55.149  3573  3573 I am_on_paused_called: [0,com.support.android.designlibdemo.MainActivity]
11-25 15:02:55.151   671  1071 I am_restart_activity: [0,604480961,31,com.support.android.designlibdemo/.CheeseDetailActivity]
11-25 15:02:55.181  3573  3573 I am_on_resume_called: [0,com.support.android.designlibdemo.CheeseDetailActivity]
11-25 15:02:55.235   671   812 I am_activity_launch_time: [0,604480961,com.support.android.designlibdemo/.CheeseDetailActivity,86,86]
11-25 15:02:55.490   193   193 I sf_frame_dur: [com.support.android.designlibdemo/com.support.android.designlibdemo.MainActivity,8,0,0,0,2,0,1]
11-25 15:02:57.461   671  1071 I am_finish_activity: [0,604480961,31,com.support.android.designlibdemo/.CheeseDetailActivity,navigate-up]
11-25 15:02:57.463   671  1071 I am_home_stack_moved: [0,0,1,1,finishActivity adjustTopFocus setFocusedActivity]
11-25 15:02:57.465   671  1071 I am_focused_activity: [0,com.support.android.designlibdemo/.MainActivity]
11-25 15:02:57.475   671  1071 I am_pause_activity: [0,604480961,com.support.android.designlibdemo/.CheeseDetailActivity]
11-25 15:02:57.480   671  1071 I am_home_stack_moved: [0,0,1,1,sourceStackToFront]
11-25 15:02:57.481   671  1071 I wm_task_moved: [31,1,0]
11-25 15:02:57.487   671  1071 I am_create_activity: [0,132843935,31,com.support.android.designlibdemo/.MainActivity,android.intent.action.MAIN,NULL,NULL,0]
11-25 15:02:57.488   671  1071 I am_home_stack_moved: [0,0,1,1,startedActivity setFocusedActivity]
11-25 15:02:57.489   671  1071 I am_focused_activity: [0,com.support.android.designlibdemo/.MainActivity]
11-25 15:02:57.489   671  1071 I am_finish_activity: [0,255695067,31,com.support.android.designlibdemo/.MainActivity,navigate-up]
11-25 15:02:57.490   671  1071 I am_destroy_activity: [0,255695067,31,com.support.android.designlibdemo/.MainActivity,finish-imm]
11-25 15:02:57.494  3573  3573 I am_on_paused_called: [0,com.support.android.designlibdemo.CheeseDetailActivity]
11-25 15:02:57.496   671  1249 I am_restart_activity: [0,132843935,31,com.support.android.designlibdemo/.MainActivity]
11-25 15:02:57.540  3573  3573 I am_on_resume_called: [0,com.support.android.designlibdemo.MainActivity]
11-25 15:02:57.665   671   812 I am_activity_launch_time: [0,132843935,com.support.android.designlibdemo/.MainActivity,170,170]
11-25 15:02:58.036   671   806 I am_destroy_activity: [0,604480961,31,com.support.android.designlibdemo/.CheeseDetailActivity,finish-imm]
11-25 15:03:05.026   671  1071 I am_home_stack_moved: [0,0,1,1,sourceStackToFront]
11-25 15:03:05.026   671  1071 I wm_task_moved: [31,1,0]
11-25 15:03:05.039   671  1071 I am_create_activity: [0,697237357,31,com.support.android.designlibdemo/.CheeseDetailActivity,NULL,NULL,NULL,0]
11-25 15:03:05.040   671  1071 I am_pause_activity: [0,132843935,com.support.android.designlibdemo/.MainActivity]
11-25 15:03:05.042   671  1071 I am_home_stack_moved: [0,0,1,1,startedActivity setFocusedActivity]
11-25 15:03:05.044   671  1071 I am_focused_activity: [0,com.support.android.designlibdemo/.CheeseDetailActivity]
11-25 15:03:05.046  3573  3573 I am_on_paused_called: [0,com.support.android.designlibdemo.MainActivity]
11-25 15:03:05.048   671   891 I am_restart_activity: [0,697237357,31,com.support.android.designlibdemo/.CheeseDetailActivity]
11-25 15:03:05.092  3573  3573 I am_on_resume_called: [0,com.support.android.designlibdemo.CheeseDetailActivity]
11-25 15:03:05.140   671   812 I am_activity_launch_time: [0,697237357,com.support.android.designlibdemo/.CheeseDetailActivity,93,93]
11-25 15:03:05.396   193   193 I sf_frame_dur: [com.support.android.designlibdemo/com.support.android.designlibdemo.MainActivity,30,1,0,0,1,0,2]
11-25 15:03:07.389   671  1204 I am_finish_activity: [0,697237357,31,com.support.android.designlibdemo/.CheeseDetailActivity,navigate-up]
11-25 15:03:07.390   671  1204 I am_home_stack_moved: [0,0,1,1,finishActivity adjustTopFocus setFocusedActivity]
11-25 15:03:07.392   671  1204 I am_focused_activity: [0,com.support.android.designlibdemo/.MainActivity]
11-25 15:03:07.393   671  1204 I am_pause_activity: [0,697237357,com.support.android.designlibdemo/.CheeseDetailActivity]
11-25 15:03:07.403   671  1204 I am_home_stack_moved: [0,0,1,1,sourceStackToFront]
11-25 15:03:07.403   671  1204 I wm_task_moved: [31,1,0]
11-25 15:03:07.408   671  1204 I am_create_activity: [0,320286379,31,com.support.android.designlibdemo/.MainActivity,android.intent.action.MAIN,NULL,NULL,0]
11-25 15:03:07.409   671  1204 I am_home_stack_moved: [0,0,1,1,startedActivity setFocusedActivity]
11-25 15:03:07.410   671  1204 I am_focused_activity: [0,com.support.android.designlibdemo/.MainActivity]
11-25 15:03:07.410   671  1204 I am_finish_activity: [0,132843935,31,com.support.android.designlibdemo/.MainActivity,navigate-up]
11-25 15:03:07.410   671  1204 I am_destroy_activity: [0,132843935,31,com.support.android.designlibdemo/.MainActivity,finish-imm]
11-25 15:03:07.414  3573  3573 I am_on_paused_called: [0,com.support.android.designlibdemo.CheeseDetailActivity]
11-25 15:03:07.416   671   891 I am_restart_activity: [0,320286379,31,com.support.android.designlibdemo/.MainActivity]
11-25 15:03:07.467  3573  3573 I am_on_resume_called: [0,com.support.android.designlibdemo.MainActivity]
11-25 15:03:07.616   671   812 I am_activity_launch_time: [0,320286379,com.support.android.designlibdemo/.MainActivity,200,200]
11-25 15:03:07.992   671   806 I am_destroy_activity: [0,697237357,31,com.support.android.designlibdemo/.CheeseDetailActivity,finish-imm]
11-25 15:03:14.947   671  1248 I am_home_stack_moved: [0,0,1,1,sourceStackToFront]
11-25 15:03:14.947   671  1248 I wm_task_moved: [31,1,0]
11-25 15:03:14.954   671  1248 I am_create_activity: [0,454638297,31,com.support.android.designlibdemo/.CheeseDetailActivity,NULL,NULL,NULL,0]
11-25 15:03:14.963   671  1248 I am_pause_activity: [0,320286379,com.support.android.designlibdemo/.MainActivity]
11-25 15:03:14.965   671  1248 I am_home_stack_moved: [0,0,1,1,startedActivity setFocusedActivity]
11-25 15:03:14.970   671  1248 I am_focused_activity: [0,com.support.android.designlibdemo/.CheeseDetailActivity]
11-25 15:03:14.972  3573  3573 I am_on_paused_called: [0,com.support.android.designlibdemo.MainActivity]
11-25 15:03:14.973   671  1249 I am_restart_activity: [0,454638297,31,com.support.android.designlibdemo/.CheeseDetailActivity]
11-25 15:03:15.009  3573  3573 I am_on_resume_called: [0,com.support.android.designlibdemo.CheeseDetailActivity]
11-25 15:03:15.059   671   812 I am_activity_launch_time: [0,454638297,com.support.android.designlibdemo/.CheeseDetailActivity,86,86]
11-25 15:03:15.319   193   193 I sf_frame_dur: [com.support.android.designlibdemo/com.support.android.designlibdemo.MainActivity,28,2,0,0,1,0,2]
11-25 15:03:17.319   671  1196 I am_finish_activity: [0,454638297,31,com.support.android.designlibdemo/.CheeseDetailActivity,navigate-up]
11-25 15:03:17.320   671  1196 I am_home_stack_moved: [0,0,1,1,finishActivity adjustTopFocus setFocusedActivity]
11-25 15:03:17.322   671  1196 I am_focused_activity: [0,com.support.android.designlibdemo/.MainActivity]
11-25 15:03:17.323   671  1196 I am_pause_activity: [0,454638297,com.support.android.designlibdemo/.CheeseDetailActivity]
11-25 15:03:17.331   671  1196 I am_home_stack_moved: [0,0,1,1,sourceStackToFront]
11-25 15:03:17.332   671  1196 I wm_task_moved: [31,1,0]
11-25 15:03:17.335   671  1196 I am_create_activity: [0,733127543,31,com.support.android.designlibdemo/.MainActivity,android.intent.action.MAIN,NULL,NULL,0]
11-25 15:03:17.336   671  1196 I am_home_stack_moved: [0,0,1,1,startedActivity setFocusedActivity]
11-25 15:03:17.338   671  1196 I am_focused_activity: [0,com.support.android.designlibdemo/.MainActivity]
11-25 15:03:17.338   671  1196 I am_finish_activity: [0,320286379,31,com.support.android.designlibdemo/.MainActivity,navigate-up]
11-25 15:03:17.339   671  1196 I am_destroy_activity: [0,320286379,31,com.support.android.designlibdemo/.MainActivity,finish-imm]
11-25 15:03:17.344  3573  3573 I am_on_paused_called: [0,com.support.android.designlibdemo.CheeseDetailActivity]
11-25 15:03:17.346   671   891 I am_restart_activity: [0,733127543,31,com.support.android.designlibdemo/.MainActivity]
11-25 15:03:17.406  3573  3573 I am_on_resume_called: [0,com.support.android.designlibdemo.MainActivity]
11-25 15:03:17.522   671   812 I am_activity_launch_time: [0,733127543,com.support.android.designlibdemo/.MainActivity,177,177]
11-25 15:03:17.900   671   806 I am_destroy_activity: [0,454638297,31,com.support.android.designlibdemo/.CheeseDetailActivity,finish-imm]
11-25 15:03:19.536   671  1204 I am_finish_activity: [0,733127543,31,com.support.android.designlibdemo/.MainActivity,app-request]
11-25 15:03:19.536   671  1204 I am_home_stack_moved: [0,1,0,0,finishActivity adjustFocus]
11-25 15:03:19.536   671  1204 I wm_task_moved: [1,1,0]
11-25 15:03:19.538   671  1204 I am_home_stack_moved: [0,1,0,0,finishActivity adjustTopFocus setFocusedActivity]
11-25 15:03:19.540   671  1204 I am_focused_activity: [0,com.cyanogenmod.trebuchet/com.android.launcher3.Launcher]
11-25 15:03:19.551   671  1204 I am_pause_activity: [0,733127543,com.support.android.designlibdemo/.MainActivity]
11-25 15:03:19.554  3573  3573 I am_on_paused_called: [0,com.support.android.designlibdemo.MainActivity]
11-25 15:03:19.558   671   891 I am_resume_activity: [0,337982653,1,com.cyanogenmod.trebuchet/com.android.launcher3.Launcher]
11-25 15:03:19.568  1278  1278 I am_on_resume_called: [0,com.android.launcher3.Launcher]
11-25 15:03:19.876   671   806 I am_destroy_activity: [0,733127543,31,com.support.android.designlibdemo/.MainActivity,finish-imm]
11-25 15:03:20.060   671   812 I wm_task_removed: [31,removeAppToken: last token]
11-25 15:03:20.060   671   812 I wm_task_removed: [31,removeTask]
11-25 15:03:20.073   193   193 I sf_frame_dur: [com.support.android.designlibdemo/com.support.android.designlibdemo.MainActivity,0,0,0,0,1,0,0]
11-25 15:03:22.769   671  1213 I am_home_stack_moved: [0,0,1,1,startingNewTask]
11-25 15:03:22.770   671  1213 I am_create_task: [0,32]
11-25 15:03:22.770   671  1213 I am_create_activity: [0,14750758,32,com.support.android.designlibdemo/.MainActivity,android.intent.action.MAIN,NULL,NULL,270532608]
11-25 15:03:22.770   671  1213 I wm_task_created: [32,1]
11-25 15:03:22.770   671  1213 I wm_task_moved: [32,1,0]
11-25 15:03:22.774   671  1213 I am_pause_activity: [0,337982653,com.cyanogenmod.trebuchet/com.android.launcher3.Launcher]
11-25 15:03:22.777   671  1213 I am_home_stack_moved: [0,0,1,1,startedActivity setFocusedActivity]
11-25 15:03:22.778   671  1213 I am_focused_activity: [0,com.support.android.designlibdemo/.MainActivity]
11-25 15:03:22.793  1278  1278 I am_on_paused_called: [0,com.android.launcher3.Launcher]
11-25 15:03:22.797   671  1248 I am_restart_activity: [0,14750758,32,com.support.android.designlibdemo/.MainActivity]
11-25 15:03:22.850  3573  3573 I am_on_resume_called: [0,com.support.android.designlibdemo.MainActivity]
11-25 15:03:22.973   671   812 I am_activity_launch_time: [0,14750758,com.support.android.designlibdemo/.MainActivity,180,180]
11-25 15:03:23.285   193   193 I sf_frame_dur: [com.cyanogenmod.trebuchet/com.android.launcher3.Launcher,0,0,0,0,1,0,1]
11-25 15:03:25.184   671   802 I am_home_stack_moved: [0,0,1,1,sourceStackToFront]
11-25 15:03:25.186   671   802 I wm_task_moved: [32,1,0]
11-25 15:03:25.190   671   802 I am_create_activity: [0,369052740,32,com.support.android.designlibdemo/.CheeseDetailActivity,NULL,NULL,NULL,0]
11-25 15:03:25.192   671   802 I am_pause_activity: [0,14750758,com.support.android.designlibdemo/.MainActivity]
11-25 15:03:25.196   671   802 I am_home_stack_moved: [0,0,1,1,startedActivity setFocusedActivity]
11-25 15:03:25.198   671   802 I am_focused_activity: [0,com.support.android.designlibdemo/.CheeseDetailActivity]
11-25 15:03:25.201  3573  3573 I am_on_paused_called: [0,com.support.android.designlibdemo.MainActivity]
11-25 15:03:25.203   671  1196 I am_restart_activity: [0,369052740,32,com.support.android.designlibdemo/.CheeseDetailActivity]
11-25 15:03:25.236  3573  3573 I am_on_resume_called: [0,com.support.android.designlibdemo.CheeseDetailActivity]
11-25 15:03:25.284   671   812 I am_activity_launch_time: [0,369052740,com.support.android.designlibdemo/.CheeseDetailActivity,82,82]
11-25 15:03:25.545   193   193 I sf_frame_dur: [com.support.android.designlibdemo/com.support.android.designlibdemo.MainActivity,6,1,0,0,1,0,1]
11-25 15:03:27.552   671   891 I am_finish_activity: [0,369052740,32,com.support.android.designlibdemo/.CheeseDetailActivity,navigate-up]
11-25 15:03:27.554   671   891 I am_home_stack_moved: [0,0,1,1,finishActivity adjustTopFocus setFocusedActivity]
11-25 15:03:27.557   671   891 I am_focused_activity: [0,com.support.android.designlibdemo/.MainActivity]
11-25 15:03:27.558   671   891 I am_pause_activity: [0,369052740,com.support.android.designlibdemo/.CheeseDetailActivity]
11-25 15:03:27.564   671   891 I am_home_stack_moved: [0,0,1,1,sourceStackToFront]
11-25 15:03:27.565   671   891 I wm_task_moved: [32,1,0]
11-25 15:03:27.572   671   891 I am_create_activity: [0,938164154,32,com.support.android.designlibdemo/.MainActivity,android.intent.action.MAIN,NULL,NULL,0]
11-25 15:03:27.574   671   891 I am_home_stack_moved: [0,0,1,1,startedActivity setFocusedActivity]
11-25 15:03:27.575   671   891 I am_focused_activity: [0,com.support.android.designlibdemo/.MainActivity]
11-25 15:03:27.575   671   891 I am_finish_activity: [0,14750758,32,com.support.android.designlibdemo/.MainActivity,navigate-up]
11-25 15:03:27.576   671   891 I am_destroy_activity: [0,14750758,32,com.support.android.designlibdemo/.MainActivity,finish-imm]
11-25 15:03:27.578  3573  3573 I am_on_paused_called: [0,com.support.android.designlibdemo.CheeseDetailActivity]
11-25 15:03:27.580   671  1213 I am_restart_activity: [0,938164154,32,com.support.android.designlibdemo/.MainActivity]
11-25 15:03:27.629  3573  3573 I am_on_resume_called: [0,com.support.android.designlibdemo.MainActivity]
11-25 15:03:27.749   671   812 I am_activity_launch_time: [0,938164154,com.support.android.designlibdemo/.MainActivity,170,170]
11-25 15:03:28.125   671   806 I am_destroy_activity: [0,369052740,32,com.support.android.designlibdemo/.CheeseDetailActivity,finish-imm]
11-25 15:03:35.066   671   801 I am_home_stack_moved: [0,0,1,1,sourceStackToFront]
11-25 15:03:35.066   671   801 I wm_task_moved: [32,1,0]
11-25 15:03:35.072   671   801 I am_create_activity: [0,226352608,32,com.support.android.designlibdemo/.CheeseDetailActivity,NULL,NULL,NULL,0]
11-25 15:03:35.078   671   801 I am_pause_activity: [0,938164154,com.support.android.designlibdemo/.MainActivity]
11-25 15:03:35.080   671   801 I am_home_stack_moved: [0,0,1,1,startedActivity setFocusedActivity]
11-25 15:03:35.083   671   801 I am_focused_activity: [0,com.support.android.designlibdemo/.CheeseDetailActivity]
11-25 15:03:35.089  3573  3573 I am_on_paused_called: [0,com.support.android.designlibdemo.MainActivity]
11-25 15:03:35.090   671   802 I am_restart_activity: [0,226352608,32,com.support.android.designlibdemo/.CheeseDetailActivity]
11-25 15:03:35.142  3573  3573 I am_on_resume_called: [0,com.support.android.designlibdemo.CheeseDetailActivity]
11-25 15:03:35.199   671   812 I am_activity_launch_time: [0,226352608,com.support.android.designlibdemo/.CheeseDetailActivity,110,110]
11-25 15:03:35.451   193   193 I sf_frame_dur: [com.support.android.designlibdemo/com.support.android.designlibdemo.MainActivity,31,1,1,0,1,0,2]
11-25 15:03:37.453   671   891 I am_finish_activity: [0,226352608,32,com.support.android.designlibdemo/.CheeseDetailActivity,navigate-up]
11-25 15:03:37.455   671   891 I am_home_stack_moved: [0,0,1,1,finishActivity adjustTopFocus setFocusedActivity]
11-25 15:03:37.457   671   891 I am_focused_activity: [0,com.support.android.designlibdemo/.MainActivity]
11-25 15:03:37.458   671   891 I am_pause_activity: [0,226352608,com.support.android.designlibdemo/.CheeseDetailActivity]
11-25 15:03:37.467   671   891 I am_home_stack_moved: [0,0,1,1,sourceStackToFront]
11-25 15:03:37.467   671   891 I wm_task_moved: [32,1,0]
11-25 15:03:37.474   671   891 I am_create_activity: [0,892236854,32,com.support.android.designlibdemo/.MainActivity,android.intent.action.MAIN,NULL,NULL,0]
11-25 15:03:37.475   671   891 I am_home_stack_moved: [0,0,1,1,startedActivity setFocusedActivity]
11-25 15:03:37.477   671   891 I am_focused_activity: [0,com.support.android.designlibdemo/.MainActivity]
11-25 15:03:37.477   671   891 I am_finish_activity: [0,938164154,32,com.support.android.designlibdemo/.MainActivity,navigate-up]
11-25 15:03:37.477   671   891 I am_destroy_activity: [0,938164154,32,com.support.android.designlibdemo/.MainActivity,finish-imm]
11-25 15:03:37.486  3573  3573 I am_on_paused_called: [0,com.support.android.designlibdemo.CheeseDetailActivity]
11-25 15:03:37.488   671  1277 I am_restart_activity: [0,892236854,32,com.support.android.designlibdemo/.MainActivity]
11-25 15:03:37.540  3573  3573 I am_on_resume_called: [0,com.support.android.designlibdemo.MainActivity]
11-25 15:03:37.686   671   812 I am_activity_launch_time: [0,892236854,com.support.android.designlibdemo/.MainActivity,198,198]
11-25 15:03:38.065   671   806 I am_destroy_activity: [0,226352608,32,com.support.android.designlibdemo/.CheeseDetailActivity,finish-imm]
11-25 15:03:45.042   671  1213 I am_home_stack_moved: [0,0,1,1,sourceStackToFront]
11-25 15:03:45.042   671  1213 I wm_task_moved: [32,1,0]
11-25 15:03:45.051   671  1213 I am_create_activity: [0,88767548,32,com.support.android.designlibdemo/.CheeseDetailActivity,NULL,NULL,NULL,0]
11-25 15:03:45.052   671  1213 I am_pause_activity: [0,892236854,com.support.android.designlibdemo/.MainActivity]
11-25 15:03:45.056   671  1213 I am_home_stack_moved: [0,0,1,1,startedActivity setFocusedActivity]
11-25 15:03:45.059   671  1213 I am_focused_activity: [0,com.support.android.designlibdemo/.CheeseDetailActivity]
11-25 15:03:45.065  3573  3573 I am_on_paused_called: [0,com.support.android.designlibdemo.MainActivity]
11-25 15:03:45.067   671  1327 I am_restart_activity: [0,88767548,32,com.support.android.designlibdemo/.CheeseDetailActivity]
11-25 15:03:45.105  3573  3573 I am_on_resume_called: [0,com.support.android.designlibdemo.CheeseDetailActivity]
11-25 15:03:45.169   671   812 I am_activity_launch_time: [0,88767548,com.support.android.designlibdemo/.CheeseDetailActivity,103,103]
11-25 15:03:45.424   193   193 I sf_frame_dur: [com.support.android.designlibdemo/com.support.android.designlibdemo.MainActivity,27,2,0,0,1,0,2]
11-25 15:03:47.412   671  1213 I am_finish_activity: [0,88767548,32,com.support.android.designlibdemo/.CheeseDetailActivity,navigate-up]
11-25 15:03:47.413   671  1213 I am_home_stack_moved: [0,0,1,1,finishActivity adjustTopFocus setFocusedActivity]
11-25 15:03:47.415   671  1213 I am_focused_activity: [0,com.support.android.designlibdemo/.MainActivity]
11-25 15:03:47.418   671  1213 I am_pause_activity: [0,88767548,com.support.android.designlibdemo/.CheeseDetailActivity]
11-25 15:03:47.427   671  1213 I am_home_stack_moved: [0,0,1,1,sourceStackToFront]
11-25 15:03:47.427   671  1213 I wm_task_moved: [32,1,0]
11-25 15:03:47.433   671  1213 I am_create_activity: [0,702872434,32,com.support.android.designlibdemo/.MainActivity,android.intent.action.MAIN,NULL,NULL,0]
11-25 15:03:47.435   671  1213 I am_home_stack_moved: [0,0,1,1,startedActivity setFocusedActivity]
11-25 15:03:47.437   671  1213 I am_focused_activity: [0,com.support.android.designlibdemo/.MainActivity]
11-25 15:03:47.437   671  1213 I am_finish_activity: [0,892236854,32,com.support.android.designlibdemo/.MainActivity,navigate-up]
11-25 15:03:47.437   671  1213 I am_destroy_activity: [0,892236854,32,com.support.android.designlibdemo/.MainActivity,finish-imm]
11-25 15:03:47.443  3573  3573 I am_on_paused_called: [0,com.support.android.designlibdemo.CheeseDetailActivity]
11-25 15:03:47.445   671  1196 I am_restart_activity: [0,702872434,32,com.support.android.designlibdemo/.MainActivity]
11-25 15:03:47.493  3573  3573 I am_on_resume_called: [0,com.support.android.designlibdemo.MainActivity]
11-25 15:03:47.613   671   812 I am_activity_launch_time: [0,702872434,com.support.android.designlibdemo/.MainActivity,169,169]
11-25 15:03:47.987   671   806 I am_destroy_activity: [0,88767548,32,com.support.android.designlibdemo/.CheeseDetailActivity,finish-imm]
11-25 15:03:49.633   671  1196 I am_finish_activity: [0,702872434,32,com.support.android.designlibdemo/.MainActivity,app-request]
11-25 15:03:49.634   671  1196 I am_home_stack_moved: [0,1,0,0,finishActivity adjustFocus]
11-25 15:03:49.634   671  1196 I wm_task_moved: [1,1,0]
11-25 15:03:49.636   671  1196 I am_home_stack_moved: [0,1,0,0,finishActivity adjustTopFocus setFocusedActivity]
11-25 15:03:49.637   671  1196 I am_focused_activity: [0,com.cyanogenmod.trebuchet/com.android.launcher3.Launcher]
11-25 15:03:49.650   671  1196 I am_pause_activity: [0,702872434,com.support.android.designlibdemo/.MainActivity]
11-25 15:03:49.654  3573  3573 I am_on_paused_called: [0,com.support.android.designlibdemo.MainActivity]
11-25 15:03:49.669   671  1204 I am_resume_activity: [0,337982653,1,com.cyanogenmod.trebuchet/com.android.launcher3.Launcher]
11-25 15:03:49.678  1278  1278 I am_on_resume_called: [0,com.android.launcher3.Launcher]
11-25 15:03:49.962   671   806 I am_destroy_activity: [0,702872434,32,com.support.android.designlibdemo/.MainActivity,finish-imm]
11-25 15:03:50.130   671   812 I wm_task_removed: [32,removeAppToken: last token]
11-25 15:03:50.130   671   812 I wm_task_removed: [32,removeTask]
11-25 15:03:50.143   193   193 I sf_frame_dur: [com.support.android.designlibdemo/com.support.android.designlibdemo.MainActivity,0,0,2,0,1,0,0]
11-25 15:03:52.872   671   801 I am_home_stack_moved: [0,0,1,1,startingNewTask]
11-25 15:03:52.872   671   801 I am_create_task: [0,33]
11-25 15:03:52.872   671   801 I am_create_activity: [0,781812461,33,com.support.android.designlibdemo/.MainActivity,android.intent.action.MAIN,NULL,NULL,270532608]
11-25 15:03:52.873   671   801 I wm_task_created: [33,1]
11-25 15:03:52.873   671   801 I wm_task_moved: [33,1,0]
11-25 15:03:52.877   671   801 I am_pause_activity: [0,337982653,com.cyanogenmod.trebuchet/com.android.launcher3.Launcher]
11-25 15:03:52.878   671   801 I am_home_stack_moved: [0,0,1,1,startedActivity setFocusedActivity]
11-25 15:03:52.882   671   801 I am_focused_activity: [0,com.support.android.designlibdemo/.MainActivity]
11-25 15:03:52.898  1278  1278 I am_on_paused_called: [0,com.android.launcher3.Launcher]
