11-25 15:03:52.902   671  1212 I am_restart_activity: [0,781812461,33,com.support.android.designlibdemo/.MainActivity]
11-25 15:03:52.952  3573  3573 I am_on_resume_called: [0,com.support.android.designlibdemo.MainActivity]
11-25 15:03:53.062   671   812 I am_activity_launch_time: [0,781812461,com.support.android.designlibdemo/.MainActivity,163,163]
11-25 15:03:53.390   193   193 I sf_frame_dur: [com.cyanogenmod.trebuchet/com.android.launcher3.Launcher,0,0,0,0,1,0,1]
11-25 15:03:55.257   671  1204 I am_home_stack_moved: [0,0,1,1,sourceStackToFront]
11-25 15:03:55.257   671  1204 I wm_task_moved: [33,1,0]
11-25 15:03:55.263   671  1204 I am_create_activity: [0,220632995,33,com.support.android.designlibdemo/.CheeseDetailActivity,NULL,NULL,NULL,0]
11-25 15:03:55.264   671  1204 I am_pause_activity: [0,781812461,com.support.android.designlibdemo/.MainActivity]
11-25 15:03:55.267   671  1204 I am_home_stack_moved: [0,0,1,1,startedActivity setFocusedActivity]
11-25 15:03:55.268   671  1204 I am_focused_activity: [0,com.support.android.designlibdemo/.CheeseDetailActivity]
11-25 15:03:55.274  3573  3573 I am_on_paused_called: [0,com.support.android.designlibdemo.MainActivity]
11-25 15:03:55.276   671  1212 I am_restart_activity: [0,220632995,33,com.support.android.designlibdemo/.CheeseDetailActivity]
11-25 15:03:55.309  3573  3573 I am_on_resume_called: [0,com.support.android.designlibdemo.CheeseDetailActivity]
11-25 15:03:55.365   671   812 I am_activity_launch_time: [0,220632995,com.support.android.designlibdemo/.CheeseDetailActivity,90,90]
11-25 15:03:55.632   193   193 I sf_frame_dur: [com.support.android.designlibdemo/com.support.android.designlibdemo.MainActivity,8,1,0,0,1,0,1]
11-25 15:03:57.617   671  1277 I am_finish_activity: [0,220632995,33,com.support.android.designlibdemo/.CheeseDetailActivity,navigate-up]
11-25 15:03:57.619   671  1277 I am_home_stack_moved: [0,0,1,1,finishActivity adjustTopFocus setFocusedActivity]
11-25 15:03:57.621   671  1277 I am_focused_activity: [0,com.support.android.designlibdemo/.MainActivity]
11-25 15:03:57.622   671  1277 I am_pause_activity: [0,220632995,com.support.android.designlibdemo/.CheeseDetailActivity]
11-25 15:03:57.628   671  1277 I am_home_stack_moved: [0,0,1,1,sourceStackToFront]
11-25 15:03:57.629   671  1277 I wm_task_moved: [33,1,0]
11-25 15:03:57.635   671  1277 I am_create_activity: [0,419657617,33,com.support.android.designlibdemo/.MainActivity,android.intent.action.MAIN,NULL,NULL,0]
11-25 15:03:57.637   671  1277 I am_home_stack_moved: [0,0,1,1,startedActivity setFocusedActivity]
11-25 15:03:57.638   671  1277 I am_focused_activity: [0,com.support.android.designlibdemo/.MainActivity]
11-25 15:03:57.638   671  1277 I am_finish_activity: [0,781812461,33,com.support.android.designlibdemo/.MainActivity,navigate-up]
11-25 15:03:57.639   671  1277 I am_destroy_activity: [0,781812461,33,com.support.android.designlibdemo/.MainActivity,finish-imm]
11-25 15:03:57.641  3573  3573 I am_on_paused_called: [0,com.support.android.designlibdemo.CheeseDetailActivity]
11-25 15:03:57.643   671  1212 I am_restart_activity: [0,419657617,33,com.support.android.designlibdemo/.MainActivity]
11-25 15:03:57.684  3573  3573 I am_on_resume_called: [0,com.support.android.designlibdemo.MainActivity]
11-25 15:03:57.806   671   812 I am_activity_launch_time: [0,419657617,com.support.android.designlibdemo/.MainActivity,165,165]
11-25 15:03:58.178   671   806 I am_destroy_activity: [0,220632995,33,com.support.android.designlibdemo/.CheeseDetailActivity,finish-imm]
11-25 15:04:05.151   671   801 I am_home_stack_moved: [0,0,1,1,sourceStackToFront]
11-25 15:04:05.151   671   801 I wm_task_moved: [33,1,0]
11-25 15:04:05.156   671   801 I am_create_activity: [0,1014542831,33,com.support.android.designlibdemo/.CheeseDetailActivity,NULL,NULL,NULL,0]
11-25 15:04:05.161   671   801 I am_pause_activity: [0,419657617,com.support.android.designlibdemo/.MainActivity]
11-25 15:04:05.167   671   801 I am_home_stack_moved: [0,0,1,1,startedActivity setFocusedActivity]
11-25 15:04:05.168   671   801 I am_focused_activity: [0,com.support.android.designlibdemo/.CheeseDetailActivity]
11-25 15:04:05.175  3573  3573 I am_on_paused_called: [0,com.support.android.designlibdemo.MainActivity]
11-25 15:04:05.177   671  1248 I am_restart_activity: [0,1014542831,33,com.support.android.designlibdemo/.CheeseDetailActivity]
11-25 15:04:05.223  3573  3573 I am_on_resume_called: [0,com.support.android.designlibdemo.CheeseDetailActivity]
11-25 15:04:05.278   671   812 I am_activity_launch_time: [0,1014542831,com.support.android.designlibdemo/.CheeseDetailActivity,102,102]
11-25 15:04:05.537   193   193 I sf_frame_dur: [com.support.android.designlibdemo/com.support.android.designlibdemo.MainActivity,30,0,1,0,1,0,2]
11-25 15:04:07.542   671   802 I am_finish_activity: [0,1014542831,33,com.support.android.designlibdemo/.CheeseDetailActivity,navigate-up]
11-25 15:04:07.543   671   802 I am_home_stack_moved: [0,0,1,1,finishActivity adjustTopFocus setFocusedActivity]
11-25 15:04:07.546   671   802 I am_focused_activity: [0,com.support.android.designlibdemo/.MainActivity]
11-25 15:04:07.546   671   802 I am_pause_activity: [0,1014542831,com.support.android.designlibdemo/.CheeseDetailActivity]
11-25 15:04:07.552   671   802 I am_home_stack_moved: [0,0,1,1,sourceStackToFront]
11-25 15:04:07.552   671   802 I wm_task_moved: [33,1,0]
11-25 15:04:07.561   671   802 I am_create_activity: [0,636187197,33,com.support.android.designlibdemo/.MainActivity,android.intent.action.MAIN,NULL,NULL,0]
11-25 15:04:07.561   671   802 I am_home_stack_moved: [0,0,1,1,startedActivity setFocusedActivity]
11-25 15:04:07.562   671   802 I am_focused_activity: [0,com.support.android.designlibdemo/.MainActivity]
11-25 15:04:07.562   671   802 I am_finish_activity: [0,419657617,33,com.support.android.designlibdemo/.MainActivity,navigate-up]
11-25 15:04:07.563   671   802 I am_destroy_activity: [0,419657617,33,com.support.android.designlibdemo/.MainActivity,finish-imm]
11-25 15:04:07.568  3573  3573 I am_on_paused_called: [0,com.support.android.designlibdemo.CheeseDetailActivity]
11-25 15:04:07.570   671  1071 I am_restart_activity: [0,636187197,33,com.support.android.designlibdemo/.MainActivity]
11-25 15:04:07.621  3573  3573 I am_on_resume_called: [0,com.support.android.designlibdemo.MainActivity]
11-25 15:04:07.732   671   812 I am_activity_launch_time: [0,636187197,com.support.android.designlibdemo/.MainActivity,164,164]
11-25 15:04:08.100   671   806 I am_destroy_activity: [0,1014542831,33,com.support.android.designlibdemo/.CheeseDetailActivity,finish-imm]
11-25 15:04:15.098   671   802 I am_home_stack_moved: [0,0,1,1,sourceStackToFront]
11-25 15:04:15.098   671   802 I wm_task_moved: [33,1,0]
11-25 15:04:15.108   671   802 I am_create_activity: [0,293142523,33,com.support.android.designlibdemo/.CheeseDetailActivity,NULL,NULL,NULL,0]
11-25 15:04:15.111   671   802 I am_pause_activity: [0,636187197,com.support.android.designlibdemo/.MainActivity]
11-25 15:04:15.114   671   802 I am_home_stack_moved: [0,0,1,1,startedActivity setFocusedActivity]
11-25 15:04:15.117   671   802 I am_focused_activity: [0,com.support.android.designlibdemo/.CheeseDetailActivity]
11-25 15:04:15.123  3573  3573 I am_on_paused_called: [0,com.support.android.designlibdemo.MainActivity]
11-25 15:04:15.125   671  1212 I am_restart_activity: [0,293142523,33,com.support.android.designlibdemo/.CheeseDetailActivity]
11-25 15:04:15.169  3573  3573 I am_on_resume_called: [0,com.support.android.designlibdemo.CheeseDetailActivity]
11-25 15:04:15.226   671   812 I am_activity_launch_time: [0,293142523,com.support.android.designlibdemo/.CheeseDetailActivity,103,103]
11-25 15:04:15.476   193   193 I sf_frame_dur: [com.support.android.designlibdemo/com.support.android.designlibdemo.MainActivity,29,3,0,0,1,0,2]
11-25 15:04:17.468   671  1213 I am_finish_activity: [0,293142523,33,com.support.android.designlibdemo/.CheeseDetailActivity,navigate-up]
11-25 15:04:17.469   671  1213 I am_home_stack_moved: [0,0,1,1,finishActivity adjustTopFocus setFocusedActivity]
11-25 15:04:17.471   671  1213 I am_focused_activity: [0,com.support.android.designlibdemo/.MainActivity]
11-25 15:04:17.472   671  1213 I am_pause_activity: [0,293142523,com.support.android.designlibdemo/.CheeseDetailActivity]
11-25 15:04:17.474   671  1213 I am_home_stack_moved: [0,0,1,1,sourceStackToFront]
11-25 15:04:17.474   671  1213 I wm_task_moved: [33,1,0]
11-25 15:04:17.476   671  1213 I am_create_activity: [0,1024302761,33,com.support.android.designlibdemo/.MainActivity,android.intent.action.MAIN,NULL,NULL,0]
11-25 15:04:17.476   671  1213 I am_home_stack_moved: [0,0,1,1,startedActivity setFocusedActivity]
11-25 15:04:17.477   671   808 I dvm_lock_sample: [system_server,0,CpuTracker,5,MessageQueue.java,145,-,323,1]
11-25 15:04:17.486   671  1213 I am_focused_activity: [0,com.support.android.designlibdemo/.MainActivity]
11-25 15:04:17.486   671  1213 I am_finish_activity: [0,636187197,33,com.support.android.designlibdemo/.MainActivity,navigate-up]
11-25 15:04:17.488   671  1213 I am_destroy_activity: [0,636187197,33,com.support.android.designlibdemo/.MainActivity,finish-imm]
11-25 15:04:17.493  3573  3573 I am_on_paused_called: [0,com.support.android.designlibdemo.CheeseDetailActivity]
11-25 15:04:17.495   671  1212 I am_restart_activity: [0,1024302761,33,com.support.android.designlibdemo/.MainActivity]
11-25 15:04:17.541  3573  3573 I am_on_resume_called: [0,com.support.android.designlibdemo.MainActivity]
11-25 15:04:17.646   671   812 I am_activity_launch_time: [0,1024302761,com.support.android.designlibdemo/.MainActivity,151,151]
11-25 15:04:18.022   671   806 I am_destroy_activity: [0,293142523,33,com.support.android.designlibdemo/.CheeseDetailActivity,finish-imm]
11-25 15:04:19.694   671  1212 I am_finish_activity: [0,1024302761,33,com.support.android.designlibdemo/.MainActivity,app-request]
11-25 15:04:19.694   671  1212 I am_home_stack_moved: [0,1,0,0,finishActivity adjustFocus]
11-25 15:04:19.694   671  1212 I wm_task_moved: [1,1,0]
11-25 15:04:19.696   671  1212 I am_home_stack_moved: [0,1,0,0,finishActivity adjustTopFocus setFocusedActivity]
11-25 15:04:19.698   671  1212 I am_focused_activity: [0,com.cyanogenmod.trebuchet/com.android.launcher3.Launcher]
11-25 15:04:19.709   671  1212 I am_pause_activity: [0,1024302761,com.support.android.designlibdemo/.MainActivity]
11-25 15:04:19.711  3573  3573 I am_on_paused_called: [0,com.support.android.designlibdemo.MainActivity]
11-25 15:04:19.717   671  1196 I am_resume_activity: [0,337982653,1,com.cyanogenmod.trebuchet/com.android.launcher3.Launcher]
11-25 15:04:19.738  1278  1278 I am_on_resume_called: [0,com.android.launcher3.Launcher]
11-25 15:04:20.030   671   806 I am_destroy_activity: [0,1024302761,33,com.support.android.designlibdemo/.MainActivity,finish-imm]
11-25 15:04:20.215   671   812 I wm_task_removed: [33,removeAppToken: last token]
11-25 15:04:20.215   671   812 I wm_task_removed: [33,removeTask]
11-25 15:04:20.228   193   193 I sf_frame_dur: [com.support.android.designlibdemo/com.support.android.designlibdemo.MainActivity,0,2,0,0,1,0,0]
11-25 15:04:22.906   671  1327 I am_home_stack_moved: [0,0,1,1,startingNewTask]
11-25 15:04:22.906   671  1327 I am_create_task: [0,34]
11-25 15:04:22.906   671  1327 I am_create_activity: [0,530954080,34,com.support.android.designlibdemo/.MainActivity,android.intent.action.MAIN,NULL,NULL,270532608]
11-25 15:04:22.910   671  1327 I wm_task_created: [34,1]
11-25 15:04:22.910   671  1327 I wm_task_moved: [34,1,0]
11-25 15:04:22.914   671  1327 I am_pause_activity: [0,337982653,com.cyanogenmod.trebuchet/com.android.launcher3.Launcher]
11-25 15:04:22.917   671  1327 I am_home_stack_moved: [0,0,1,1,startedActivity setFocusedActivity]
11-25 15:04:22.918   671  1327 I am_focused_activity: [0,com.support.android.designlibdemo/.MainActivity]
11-25 15:04:22.933  1278  1278 I am_on_paused_called: [0,com.android.launcher3.Launcher]
11-25 15:04:22.938   671   801 I am_restart_activity: [0,530954080,34,com.support.android.designlibdemo/.MainActivity]
11-25 15:04:22.994  3573  3573 I am_on_resume_called: [0,com.support.android.designlibdemo.MainActivity]
11-25 15:04:23.113   671   812 I am_activity_launch_time: [0,530954080,com.support.android.designlibdemo/.MainActivity,179,179]
11-25 15:04:23.424   193   193 I sf_frame_dur: [com.cyanogenmod.trebuchet/com.android.launcher3.Launcher,0,0,0,0,1,0,1]
11-25 15:04:25.309   671  1213 I am_home_stack_moved: [0,0,1,1,sourceStackToFront]
11-25 15:04:25.309   671  1213 I wm_task_moved: [34,1,0]
11-25 15:04:25.319   671  1213 I am_create_activity: [0,756771214,34,com.support.android.designlibdemo/.CheeseDetailActivity,NULL,NULL,NULL,0]
11-25 15:04:25.324   671  1213 I am_pause_activity: [0,530954080,com.support.android.designlibdemo/.MainActivity]
11-25 15:04:25.325   671  1213 I am_home_stack_moved: [0,0,1,1,startedActivity setFocusedActivity]
11-25 15:04:25.327   671  1213 I am_focused_activity: [0,com.support.android.designlibdemo/.CheeseDetailActivity]
11-25 15:04:25.329  3573  3573 I am_on_paused_called: [0,com.support.android.designlibdemo.MainActivity]
11-25 15:04:25.332   671  1196 I am_restart_activity: [0,756771214,34,com.support.android.designlibdemo/.CheeseDetailActivity]
11-25 15:04:25.364  3573  3573 I am_on_resume_called: [0,com.support.android.designlibdemo.CheeseDetailActivity]
11-25 15:04:25.425   671   812 I am_activity_launch_time: [0,756771214,com.support.android.designlibdemo/.CheeseDetailActivity,95,95]
11-25 15:04:25.684   193   193 I sf_frame_dur: [com.support.android.designlibdemo/com.support.android.designlibdemo.MainActivity,5,1,0,0,1,0,1]
11-25 15:04:27.673   671  1071 I am_finish_activity: [0,756771214,34,com.support.android.designlibdemo/.CheeseDetailActivity,navigate-up]
11-25 15:04:27.674   671  1071 I am_home_stack_moved: [0,0,1,1,finishActivity adjustTopFocus setFocusedActivity]
11-25 15:04:27.676   671  1071 I am_focused_activity: [0,com.support.android.designlibdemo/.MainActivity]
11-25 15:04:27.676   671  1071 I am_pause_activity: [0,756771214,com.support.android.designlibdemo/.CheeseDetailActivity]
11-25 15:04:27.677   671  1071 I am_home_stack_moved: [0,0,1,1,sourceStackToFront]
11-25 15:04:27.678   671  1071 I wm_task_moved: [34,1,0]
11-25 15:04:27.688   671  1071 I am_create_activity: [0,852498516,34,com.support.android.designlibdemo/.MainActivity,android.intent.action.MAIN,NULL,NULL,0]
11-25 15:04:27.690   671  1071 I am_home_stack_moved: [0,0,1,1,startedActivity setFocusedActivity]
11-25 15:04:27.692   671  1071 I am_focused_activity: [0,com.support.android.designlibdemo/.MainActivity]
11-25 15:04:27.692   671  1071 I am_finish_activity: [0,530954080,34,com.support.android.designlibdemo/.MainActivity,navigate-up]
11-25 15:04:27.693   671  1071 I am_destroy_activity: [0,530954080,34,com.support.android.designlibdemo/.MainActivity,finish-imm]
11-25 15:04:27.699  3573  3573 I am_on_paused_called: [0,com.support.android.designlibdemo.CheeseDetailActivity]
11-25 15:04:27.701   671  1204 I am_restart_activity: [0,852498516,34,com.support.android.designlibdemo/.MainActivity]
11-25 15:04:27.747  3573  3573 I am_on_resume_called: [0,com.support.android.designlibdemo.MainActivity]
11-25 15:04:27.862   671   812 I am_activity_launch_time: [0,852498516,com.support.android.designlibdemo/.MainActivity,162,162]
11-25 15:04:28.231   671   806 I am_destroy_activity: [0,756771214,34,com.support.android.designlibdemo/.CheeseDetailActivity,finish-imm]
11-25 15:04:35.201   671  1204 I am_home_stack_moved: [0,0,1,1,sourceStackToFront]
11-25 15:04:35.201   671  1204 I wm_task_moved: [34,1,0]
11-25 15:04:35.208   671  1204 I am_create_activity: [0,274093130,34,com.support.android.designlibdemo/.CheeseDetailActivity,NULL,NULL,NULL,0]
11-25 15:04:35.211   671  1204 I am_pause_activity: [0,852498516,com.support.android.designlibdemo/.MainActivity]
11-25 15:04:35.213   671  1204 I am_home_stack_moved: [0,0,1,1,startedActivity setFocusedActivity]
11-25 15:04:35.218   671  1204 I am_focused_activity: [0,com.support.android.designlibdemo/.CheeseDetailActivity]
11-25 15:04:35.226  3573  3573 I am_on_paused_called: [0,com.support.android.designlibdemo.MainActivity]
11-25 15:04:35.229   671  1196 I am_restart_activity: [0,274093130,34,com.support.android.designlibdemo/.CheeseDetailActivity]
11-25 15:04:35.273  3573  3573 I am_on_resume_called: [0,com.support.android.designlibdemo.CheeseDetailActivity]
11-25 15:04:35.325   671   812 I am_activity_launch_time: [0,274093130,com.support.android.designlibdemo/.CheeseDetailActivity,98,98]
11-25 15:04:35.575   193   193 I sf_frame_dur: [com.support.android.designlibdemo/com.support.android.designlibdemo.MainActivity,25,0,2,0,1,0,2]
11-25 15:04:37.575   671  1277 I am_finish_activity: [0,274093130,34,com.support.android.designlibdemo/.CheeseDetailActivity,navigate-up]
11-25 15:04:37.578   671  1277 I am_home_stack_moved: [0,0,1,1,finishActivity adjustTopFocus setFocusedActivity]
11-25 15:04:37.580   671  1277 I am_focused_activity: [0,com.support.android.designlibdemo/.MainActivity]
11-25 15:04:37.580   671  1277 I am_pause_activity: [0,274093130,com.support.android.designlibdemo/.CheeseDetailActivity]
11-25 15:04:37.581   671  1277 I am_home_stack_moved: [0,0,1,1,sourceStackToFront]
11-25 15:04:37.581   671  1277 I wm_task_moved: [34,1,0]
11-25 15:04:37.583   671  1277 I am_create_activity: [0,538492656,34,com.support.android.designlibdemo/.MainActivity,android.intent.action.MAIN,NULL,NULL,0]
11-25 15:04:37.594   671  1277 I am_home_stack_moved: [0,0,1,1,startedActivity setFocusedActivity]
11-25 15:04:37.596   671  1277 I am_focused_activity: [0,com.support.android.designlibdemo/.MainActivity]
11-25 15:04:37.596   671  1277 I am_finish_activity: [0,852498516,34,com.support.android.designlibdemo/.MainActivity,navigate-up]
11-25 15:04:37.598   671  1277 I am_destroy_activity: [0,852498516,34,com.support.android.designlibdemo/.MainActivity,finish-imm]
11-25 15:04:37.602  3573  3573 I am_on_paused_called: [0,com.support.android.designlibdemo.CheeseDetailActivity]
11-25 15:04:37.604   671  1248 I am_restart_activity: [0,538492656,34,com.support.android.designlibdemo/.MainActivity]
11-25 15:04:37.655  3573  3573 I am_on_resume_called: [0,com.support.android.designlibdemo.MainActivity]
11-25 15:04:37.816   671   812 I am_activity_launch_time: [0,538492656,com.support.android.designlibdemo/.MainActivity,214,214]
11-25 15:04:38.189   671   806 I am_destroy_activity: [0,274093130,34,com.support.android.designlibdemo/.CheeseDetailActivity,finish-imm]
11-25 15:04:45.161   671  1277 I am_home_stack_moved: [0,0,1,1,sourceStackToFront]
11-25 15:04:45.162   671  1277 I wm_task_moved: [34,1,0]
11-25 15:04:45.169   671  1277 I am_create_activity: [0,376751558,34,com.support.android.designlibdemo/.CheeseDetailActivity,NULL,NULL,NULL,0]
11-25 15:04:45.178   671  1277 I am_pause_activity: [0,538492656,com.support.android.designlibdemo/.MainActivity]
11-25 15:04:45.181   671  1277 I am_home_stack_moved: [0,0,1,1,startedActivity setFocusedActivity]
11-25 15:04:45.183   671  1277 I am_focused_activity: [0,com.support.android.designlibdemo/.CheeseDetailActivity]
11-25 15:04:45.191  3573  3573 I am_on_paused_called: [0,com.support.android.designlibdemo.MainActivity]
11-25 15:04:45.193   671  1196 I am_restart_activity: [0,376751558,34,com.support.android.designlibdemo/.CheeseDetailActivity]
11-25 15:04:45.240  3573  3573 I am_on_resume_called: [0,com.support.android.designlibdemo.CheeseDetailActivity]
11-25 15:04:45.299   671   812 I am_activity_launch_time: [0,376751558,com.support.android.designlibdemo/.CheeseDetailActivity,107,107]
11-25 15:04:45.549   193   193 I sf_frame_dur: [com.support.android.designlibdemo/com.support.android.designlibdemo.MainActivity,33,1,0,0,1,0,3]
11-25 15:04:47.534   671  1327 I am_finish_activity: [0,376751558,34,com.support.android.designlibdemo/.CheeseDetailActivity,navigate-up]
11-25 15:04:47.536   671  1327 I am_home_stack_moved: [0,0,1,1,finishActivity adjustTopFocus setFocusedActivity]
11-25 15:04:47.538   671  1327 I am_focused_activity: [0,com.support.android.designlibdemo/.MainActivity]
11-25 15:04:47.538   671  1327 I am_pause_activity: [0,376751558,com.support.android.designlibdemo/.CheeseDetailActivity]
11-25 15:04:47.546   671  1327 I am_home_stack_moved: [0,0,1,1,sourceStackToFront]
11-25 15:04:47.546   671  1327 I wm_task_moved: [34,1,0]
11-25 15:04:47.553   671  1327 I am_create_activity: [0,27198028,34,com.support.android.designlibdemo/.MainActivity,android.intent.action.MAIN,NULL,NULL,0]
11-25 15:04:47.555   671  1327 I am_home_stack_moved: [0,0,1,1,startedActivity setFocusedActivity]
11-25 15:04:47.556   671  1327 I am_focused_activity: [0,com.support.android.designlibdemo/.MainActivity]
11-25 15:04:47.556   671  1327 I am_finish_activity: [0,538492656,34,com.support.android.designlibdemo/.MainActivity,navigate-up]
11-25 15:04:47.557   671  1327 I am_destroy_activity: [0,538492656,34,com.support.android.designlibdemo/.MainActivity,finish-imm]
11-25 15:04:47.563  3573  3573 I am_on_paused_called: [0,com.support.android.designlibdemo.CheeseDetailActivity]
11-25 15:04:47.564   671  1277 I am_restart_activity: [0,27198028,34,com.support.android.designlibdemo/.MainActivity]
11-25 15:04:47.611  3573  3573 I am_on_resume_called: [0,com.support.android.designlibdemo.MainActivity]
11-25 15:04:47.731   671   812 I am_activity_launch_time: [0,27198028,com.support.android.designlibdemo/.MainActivity,167,167]
11-25 15:04:48.112   671   806 I am_destroy_activity: [0,376751558,34,com.support.android.designlibdemo/.CheeseDetailActivity,finish-imm]
11-25 15:04:49.758   671   891 I am_finish_activity: [0,27198028,34,com.support.android.designlibdemo/.MainActivity,app-request]
11-25 15:04:49.758   671   891 I am_home_stack_moved: [0,1,0,0,finishActivity adjustFocus]
11-25 15:04:49.758   671   891 I wm_task_moved: [1,1,0]
11-25 15:04:49.759   671   891 I am_home_stack_moved: [0,1,0,0,finishActivity adjustTopFocus setFocusedActivity]
11-25 15:04:49.761   671   891 I am_focused_activity: [0,com.cyanogenmod.trebuchet/com.android.launcher3.Launcher]
11-25 15:04:49.774   671   891 I am_pause_activity: [0,27198028,com.support.android.designlibdemo/.MainActivity]
11-25 15:04:49.778  3573  3573 I am_on_paused_called: [0,com.support.android.designlibdemo.MainActivity]
11-25 15:04:49.783   671   802 I am_resume_activity: [0,337982653,1,com.cyanogenmod.trebuchet/com.android.launcher3.Launcher]
11-25 15:04:49.796  1278  1278 I am_on_resume_called: [0,com.android.launcher3.Launcher]
11-25 15:04:50.086   671   806 I am_destroy_activity: [0,27198028,34,com.support.android.designlibdemo/.MainActivity,finish-imm]
11-25 15:04:50.255   671   812 I wm_task_removed: [34,removeAppToken: last token]
11-25 15:04:50.255   671   812 I wm_task_removed: [34,removeTask]
11-25 15:04:50.267   193   193 I sf_frame_dur: [com.support.android.designlibdemo/com.support.android.designlibdemo.MainActivity,0,0,0,0,1,0,1]
11-25 15:04:52.999   671  1071 I am_home_stack_moved: [0,0,1,1,startingNewTask]
11-25 15:04:52.999   671  1071 I am_create_task: [0,35]
11-25 15:04:52.999   671  1071 I am_create_activity: [0,1049876847,35,com.support.android.designlibdemo/.MainActivity,android.intent.action.MAIN,NULL,NULL,270532608]
11-25 15:04:53.000   671  1071 I wm_task_created: [35,1]
11-25 15:04:53.000   671  1071 I wm_task_moved: [35,1,0]
11-25 15:04:53.004   671  1071 I am_pause_activity: [0,337982653,com.cyanogenmod.trebuchet/com.android.launcher3.Launcher]
11-25 15:04:53.005   671  1071 I am_home_stack_moved: [0,0,1,1,startedActivity setFocusedActivity]
11-25 15:04:53.006   671  1071 I am_focused_activity: [0,com.support.android.designlibdemo/.MainActivity]
11-25 15:04:53.022  1278  1278 I am_on_paused_called: [0,com.android.launcher3.Launcher]
11-25 15:04:53.026   671   802 I am_restart_activity: [0,1049876847,35,com.support.android.designlibdemo/.MainActivity]
11-25 15:04:53.070  3573  3573 I am_on_resume_called: [0,com.support.android.designlibdemo.MainActivity]
11-25 15:04:53.188   671   812 I am_activity_launch_time: [0,1049876847,com.support.android.designlibdemo/.MainActivity,165,165]
11-25 15:04:53.514   193   193 I sf_frame_dur: [com.cyanogenmod.trebuchet/com.android.launcher3.Launcher,0,0,0,0,1,0,1]
11-25 15:04:55.395   671   802 I am_home_stack_moved: [0,0,1,1,sourceStackToFront]
11-25 15:04:55.395   671   802 I wm_task_moved: [35,1,0]
11-25 15:04:55.404   671   802 I am_create_activity: [0,574472053,35,com.support.android.designlibdemo/.CheeseDetailActivity,NULL,NULL,NULL,0]
11-25 15:04:55.404   671   802 I am_pause_activity: [0,1049876847,com.support.android.designlibdemo/.MainActivity]
11-25 15:04:55.406   671   802 I am_home_stack_moved: [0,0,1,1,startedActivity setFocusedActivity]
11-25 15:04:55.410   671   802 I am_focused_activity: [0,com.support.android.designlibdemo/.CheeseDetailActivity]
11-25 15:04:55.413  3573  3573 I am_on_paused_called: [0,com.support.android.designlibdemo.MainActivity]
11-25 15:04:55.415   671  1212 I am_restart_activity: [0,574472053,35,com.support.android.designlibdemo/.CheeseDetailActivity]
11-25 15:04:55.456  3573  3573 I am_on_resume_called: [0,com.support.android.designlibdemo.CheeseDetailActivity]
11-25 15:04:55.513   671   812 I am_activity_launch_time: [0,574472053,com.support.android.designlibdemo/.CheeseDetailActivity,99,99]
11-25 15:04:55.774   193   193 I sf_frame_dur: [com.support.android.designlibdemo/com.support.android.designlibdemo.MainActivity,8,0,0,0,1,0,1]
11-25 15:04:57.763   671  1277 I am_finish_activity: [0,574472053,35,com.support.android.designlibdemo/.CheeseDetailActivity,navigate-up]
11-25 15:04:57.765   671  1277 I am_home_stack_moved: [0,0,1,1,finishActivity adjustTopFocus setFocusedActivity]
11-25 15:04:57.766   671  1277 I am_focused_activity: [0,com.support.android.designlibdemo/.MainActivity]
11-25 15:04:57.767   671  1277 I am_pause_activity: [0,574472053,com.support.android.designlibdemo/.CheeseDetailActivity]
11-25 15:04:57.769   671  1277 I am_home_stack_moved: [0,0,1,1,sourceStackToFront]
11-25 15:04:57.769   671  1277 I wm_task_moved: [35,1,0]
11-25 15:04:57.778   671  1277 I am_create_activity: [0,201253619,35,com.support.android.designlibdemo/.MainActivity,android.intent.action.MAIN,NULL,NULL,0]
11-25 15:04:57.779   671  1277 I am_home_stack_moved: [0,0,1,1,startedActivity setFocusedActivity]
11-25 15:04:57.780   671  1277 I am_focused_activity: [0,com.support.android.designlibdemo/.MainActivity]
11-25 15:04:57.780   671  1277 I am_finish_activity: [0,1049876847,35,com.support.android.designlibdemo/.MainActivity,navigate-up]
11-25 15:04:57.780   671  1277 I am_destroy_activity: [0,1049876847,35,com.support.android.designlibdemo/.MainActivity,finish-imm]
11-25 15:04:57.785  3573  3573 I am_on_paused_called: [0,com.support.android.designlibdemo.CheeseDetailActivity]
11-25 15:04:57.787   671  1213 I am_restart_activity: [0,201253619,35,com.support.android.designlibdemo/.MainActivity]
11-25 15:04:57.840  3573  3573 I am_on_resume_called: [0,com.support.android.designlibdemo.MainActivity]
11-25 15:04:57.971   671   812 I am_activity_launch_time: [0,201253619,com.support.android.designlibdemo/.MainActivity,185,185]
11-25 15:04:58.355   671   806 I am_destroy_activity: [0,574472053,35,com.support.android.designlibdemo/.CheeseDetailActivity,finish-imm]
11-25 15:05:05.330   671  1071 I am_home_stack_moved: [0,0,1,1,sourceStackToFront]
11-25 15:05:05.330   671  1071 I wm_task_moved: [35,1,0]
11-25 15:05:05.335   671  1071 I am_create_activity: [0,321594721,35,com.support.android.designlibdemo/.CheeseDetailActivity,NULL,NULL,NULL,0]
11-25 15:05:05.340   671  1071 I am_pause_activity: [0,201253619,com.support.android.designlibdemo/.MainActivity]
11-25 15:05:05.343   671  1071 I am_home_stack_moved: [0,0,1,1,startedActivity setFocusedActivity]
11-25 15:05:05.347   671  1071 I am_focused_activity: [0,com.support.android.designlibdemo/.CheeseDetailActivity]
11-25 15:05:05.354  3573  3573 I am_on_paused_called: [0,com.support.android.designlibdemo.MainActivity]
11-25 15:05:05.357   671  1212 I am_restart_activity: [0,321594721,35,com.support.android.designlibdemo/.CheeseDetailActivity]
11-25 15:05:05.404  3573  3573 I am_on_resume_called: [0,com.support.android.designlibdemo.CheeseDetailActivity]
11-25 15:05:05.459   671   812 I am_activity_launch_time: [0,321594721,com.support.android.designlibdemo/.CheeseDetailActivity,103,103]
11-25 15:05:05.715   193   193 I sf_frame_dur: [com.support.android.designlibdemo/com.support.android.designlibdemo.MainActivity,29,1,1,0,1,0,2]
11-25 15:05:07.723   671  1277 I am_finish_activity: [0,321594721,35,com.support.android.designlibdemo/.CheeseDetailActivity,navigate-up]
11-25 15:05:07.725   671  1277 I am_home_stack_moved: [0,0,1,1,finishActivity adjustTopFocus setFocusedActivity]
11-25 15:05:07.727   671  1277 I am_focused_activity: [0,com.support.android.designlibdemo/.MainActivity]
11-25 15:05:07.727   671  1277 I am_pause_activity: [0,321594721,com.support.android.designlibdemo/.CheeseDetailActivity]
11-25 15:05:07.729   671  1277 I am_home_stack_moved: [0,0,1,1,sourceStackToFront]
11-25 15:05:07.729   671  1277 I wm_task_moved: [35,1,0]
11-25 15:05:07.738   671  1277 I am_create_activity: [0,541529663,35,com.support.android.designlibdemo/.MainActivity,android.intent.action.MAIN,NULL,NULL,0]
11-25 15:05:07.740   671  1277 I am_home_stack_moved: [0,0,1,1,startedActivity setFocusedActivity]
11-25 15:05:07.742   671  1277 I am_focused_activity: [0,com.support.android.designlibdemo/.MainActivity]
11-25 15:05:07.742   671  1277 I am_finish_activity: [0,201253619,35,com.support.android.designlibdemo/.MainActivity,navigate-up]
11-25 15:05:07.744   671  1277 I am_destroy_activity: [0,201253619,35,com.support.android.designlibdemo/.MainActivity,finish-imm]
11-25 15:05:07.749  3573  3573 I am_on_paused_called: [0,com.support.android.designlibdemo.CheeseDetailActivity]
11-25 15:05:07.750   671  1212 I am_restart_activity: [0,541529663,35,com.support.android.designlibdemo/.MainActivity]
11-25 15:05:07.803  3573  3573 I am_on_resume_called: [0,com.support.android.designlibdemo.MainActivity]
11-25 15:05:07.928   671   812 I am_activity_launch_time: [0,541529663,com.support.android.designlibdemo/.MainActivity,179,179]
11-25 15:05:08.311   671   806 I am_destroy_activity: [0,321594721,35,com.support.android.designlibdemo/.CheeseDetailActivity,finish-imm]
11-25 15:05:15.283   671  1204 I am_home_stack_moved: [0,0,1,1,sourceStackToFront]
11-25 15:05:15.283   671  1204 I wm_task_moved: [35,1,0]
11-25 15:05:15.290   671  1204 I am_create_activity: [0,16023821,35,com.support.android.designlibdemo/.CheeseDetailActivity,NULL,NULL,NULL,0]
11-25 15:05:15.297   671  1204 I am_pause_activity: [0,541529663,com.support.android.designlibdemo/.MainActivity]
11-25 15:05:15.305   671  1204 I am_home_stack_moved: [0,0,1,1,startedActivity setFocusedActivity]
11-25 15:05:15.306   671  1204 I am_focused_activity: [0,com.support.android.designlibdemo/.CheeseDetailActivity]
11-25 15:05:15.312  3573  3573 I am_on_paused_called: [0,com.support.android.designlibdemo.MainActivity]
11-25 15:05:15.314   671  1212 I am_restart_activity: [0,16023821,35,com.support.android.designlibdemo/.CheeseDetailActivity]
11-25 15:05:15.359  3573  3573 I am_on_resume_called: [0,com.support.android.designlibdemo.CheeseDetailActivity]
11-25 15:05:15.426   671   812 I am_activity_launch_time: [0,16023821,com.support.android.designlibdemo/.CheeseDetailActivity,114,114]
11-25 15:05:15.718   193   193 I sf_frame_dur: [com.support.android.designlibdemo/com.support.android.designlibdemo.MainActivity,32,0,1,0,1,0,2]
11-25 15:05:17.679   671  1212 I am_finish_activity: [0,16023821,35,com.support.android.designlibdemo/.CheeseDetailActivity,navigate-up]
11-25 15:05:17.681   671  1212 I am_home_stack_moved: [0,0,1,1,finishActivity adjustTopFocus setFocusedActivity]
11-25 15:05:17.683   671  1212 I am_focused_activity: [0,com.support.android.designlibdemo/.MainActivity]
11-25 15:05:17.683   671  1212 I am_pause_activity: [0,16023821,com.support.android.designlibdemo/.CheeseDetailActivity]
11-25 15:05:17.685   671  1212 I am_home_stack_moved: [0,0,1,1,sourceStackToFront]
11-25 15:05:17.685   671  1212 I wm_task_moved: [35,1,0]
11-25 15:05:17.694   671  1212 I am_create_activity: [0,729959755,35,com.support.android.designlibdemo/.MainActivity,android.intent.action.MAIN,NULL,NULL,0]
11-25 15:05:17.698   671  1212 I am_home_stack_moved: [0,0,1,1,startedActivity setFocusedActivity]
11-25 15:05:17.701   671  1212 I am_focused_activity: [0,com.support.android.designlibdemo/.MainActivity]
11-25 15:05:17.702   671  1212 I am_finish_activity: [0,541529663,35,com.support.android.designlibdemo/.MainActivity,navigate-up]
11-25 15:05:17.702   671  1212 I am_destroy_activity: [0,541529663,35,com.support.android.designlibdemo/.MainActivity,finish-imm]
11-25 15:05:17.709  3573  3573 I am_on_paused_called: [0,com.support.android.designlibdemo.CheeseDetailActivity]
11-25 15:05:17.711   671  1277 I am_restart_activity: [0,729959755,35,com.support.android.designlibdemo/.MainActivity]
11-25 15:05:17.752  3573  3573 I am_on_resume_called: [0,com.support.android.designlibdemo.MainActivity]
11-25 15:05:17.865   671   812 I am_activity_launch_time: [0,729959755,com.support.android.designlibdemo/.MainActivity,155,155]
11-25 15:05:18.235   671   806 I am_destroy_activity: [0,16023821,35,com.support.android.designlibdemo/.CheeseDetailActivity,finish-imm]
11-25 15:05:19.888   671   802 I am_finish_activity: [0,729959755,35,com.support.android.designlibdemo/.MainActivity,app-request]
11-25 15:05:19.889   671   802 I am_home_stack_moved: [0,1,0,0,finishActivity adjustFocus]
11-25 15:05:19.889   671   802 I wm_task_moved: [1,1,0]
11-25 15:05:19.890   671   802 I am_home_stack_moved: [0,1,0,0,finishActivity adjustTopFocus setFocusedActivity]
11-25 15:05:19.891   671   802 I am_focused_activity: [0,com.cyanogenmod.trebuchet/com.android.launcher3.Launcher]
11-25 15:05:19.904   671   802 I am_pause_activity: [0,729959755,com.support.android.designlibdemo/.MainActivity]
11-25 15:05:19.907  3573  3573 I am_on_paused_called: [0,com.support.android.designlibdemo.MainActivity]
11-25 15:05:19.910   671   801 I am_resume_activity: [0,337982653,1,com.cyanogenmod.trebuchet/com.android.launcher3.Launcher]
11-25 15:05:19.919  1278  1278 I am_on_resume_called: [0,com.android.launcher3.Launcher]
11-25 15:05:20.210   671   806 I am_destroy_activity: [0,729959755,35,com.support.android.designlibdemo/.MainActivity,finish-imm]
11-25 15:05:20.395   671   812 I wm_task_removed: [35,removeAppToken: last token]
11-25 15:05:20.395   671   812 I wm_task_removed: [35,removeTask]
11-25 15:05:20.407   193   193 I sf_frame_dur: [com.support.android.designlibdemo/com.support.android.designlibdemo.MainActivity,0,1,0,0,1,0,0]
11-25 15:05:23.120   671  1204 I am_home_stack_moved: [0,0,1,1,startingNewTask]
11-25 15:05:23.120   671  1204 I am_create_task: [0,36]
11-25 15:05:23.120   671  1204 I am_create_activity: [0,380314058,36,com.support.android.designlibdemo/.MainActivity,android.intent.action.MAIN,NULL,NULL,270532608]
11-25 15:05:23.120   671  1204 I wm_task_created: [36,1]
11-25 15:05:23.120   671  1204 I wm_task_moved: [36,1,0]
11-25 15:05:23.126   671  1204 I am_pause_activity: [0,337982653,com.cyanogenmod.trebuchet/com.android.launcher3.Launcher]
11-25 15:05:23.129   671  1204 I am_home_stack_moved: [0,0,1,1,startedActivity setFocusedActivity]
11-25 15:05:23.130   671  1204 I am_focused_activity: [0,com.support.android.designlibdemo/.MainActivity]
11-25 15:05:23.154  1278  1278 I am_on_paused_called: [0,com.android.launcher3.Launcher]
11-25 15:05:23.160   671   802 I am_restart_activity: [0,380314058,36,com.support.android.designlibdemo/.MainActivity]
11-25 15:05:23.207  3573  3573 I am_on_resume_called: [0,com.support.android.designlibdemo.MainActivity]
11-25 15:05:23.327   671   812 I am_activity_launch_time: [0,380314058,com.support.android.designlibdemo/.MainActivity,171,171]
11-25 15:05:23.621   193   193 I sf_frame_dur: [com.cyanogenmod.trebuchet/com.android.launcher3.Launcher,0,0,0,0,1,0,1]
11-25 15:05:25.519   671   802 I am_home_stack_moved: [0,0,1,1,sourceStackToFront]
11-25 15:05:25.519   671   802 I wm_task_moved: [36,1,0]
11-25 15:05:25.528   671   802 I am_create_activity: [0,643704200,36,com.support.android.designlibdemo/.CheeseDetailActivity,NULL,NULL,NULL,0]
11-25 15:05:25.529   671   802 I am_pause_activity: [0,380314058,com.support.android.designlibdemo/.MainActivity]
11-25 15:05:25.536   671   802 I am_home_stack_moved: [0,0,1,1,startedActivity setFocusedActivity]
11-25 15:05:25.537   671   802 I am_focused_activity: [0,com.support.android.designlibdemo/.CheeseDetailActivity]
11-25 15:05:25.541  3573  3573 I am_on_paused_called: [0,com.support.android.designlibdemo.MainActivity]
11-25 15:05:25.543   671  1248 I am_restart_activity: [0,643704200,36,com.support.android.designlibdemo/.CheeseDetailActivity]
11-25 15:05:25.572  3573  3573 I am_on_resume_called: [0,com.support.android.designlibdemo.CheeseDetailActivity]
11-25 15:05:25.626   671   812 I am_activity_launch_time: [0,643704200,com.support.android.designlibdemo/.CheeseDetailActivity,84,84]
11-25 15:05:25.880   193   193 I sf_frame_dur: [com.support.android.designlibdemo/com.support.android.designlibdemo.MainActivity,5,1,0,0,2,0,1]
11-25 15:05:27.884   671  1327 I am_finish_activity: [0,643704200,36,com.support.android.designlibdemo/.CheeseDetailActivity,navigate-up]
11-25 15:05:27.887   671  1327 I am_home_stack_moved: [0,0,1,1,finishActivity adjustTopFocus setFocusedActivity]
11-25 15:05:27.889   671  1327 I am_focused_activity: [0,com.support.android.designlibdemo/.MainActivity]
11-25 15:05:27.889   671  1327 I am_pause_activity: [0,643704200,com.support.android.designlibdemo/.CheeseDetailActivity]
11-25 15:05:27.891   671  1327 I am_home_stack_moved: [0,0,1,1,sourceStackToFront]
11-25 15:05:27.891   671  1327 I wm_task_moved: [36,1,0]
11-25 15:05:27.897   671  1327 I am_create_activity: [0,233078046,36,com.support.android.designlibdemo/.MainActivity,android.intent.action.MAIN,NULL,NULL,0]
11-25 15:05:27.901   671  1327 I am_home_stack_moved: [0,0,1,1,startedActivity setFocusedActivity]
11-25 15:05:27.906   671  1327 I am_focused_activity: [0,com.support.android.designlibdemo/.MainActivity]
11-25 15:05:27.906   671  1327 I am_finish_activity: [0,380314058,36,com.support.android.designlibdemo/.MainActivity,navigate-up]
11-25 15:05:27.906   671  1327 I am_destroy_activity: [0,380314058,36,com.support.android.designlibdemo/.MainActivity,finish-imm]
11-25 15:05:27.914  3573  3573 I am_on_paused_called: [0,com.support.android.designlibdemo.CheeseDetailActivity]
11-25 15:05:27.915   671  1212 I am_restart_activity: [0,233078046,36,com.support.android.designlibdemo/.MainActivity]
11-25 15:05:27.972  3573  3573 I am_on_resume_called: [0,com.support.android.designlibdemo.MainActivity]
11-25 15:05:28.095   671   812 I am_activity_launch_time: [0,233078046,com.support.android.designlibdemo/.MainActivity,181,181]
11-25 15:05:28.477   671   806 I am_destroy_activity: [0,643704200,36,com.support.android.designlibdemo/.CheeseDetailActivity,finish-imm]
11-25 15:05:35.452   671  1212 I am_home_stack_moved: [0,0,1,1,sourceStackToFront]
11-25 15:05:35.452   671  1212 I wm_task_moved: [36,1,0]
11-25 15:05:35.458   671  1212 I am_create_activity: [0,660238436,36,com.support.android.designlibdemo/.CheeseDetailActivity,NULL,NULL,NULL,0]
11-25 15:05:35.460   671  1212 I am_pause_activity: [0,233078046,com.support.android.designlibdemo/.MainActivity]
11-25 15:05:35.465   671  1212 I am_home_stack_moved: [0,0,1,1,startedActivity setFocusedActivity]
11-25 15:05:35.476   671  1212 I am_focused_activity: [0,com.support.android.designlibdemo/.CheeseDetailActivity]
11-25 15:05:35.482  3573  3573 I am_on_paused_called: [0,com.support.android.designlibdemo.MainActivity]
11-25 15:05:35.484   671   891 I am_restart_activity: [0,660238436,36,com.support.android.designlibdemo/.CheeseDetailActivity]
11-25 15:05:35.519  3573  3573 I am_on_resume_called: [0,com.support.android.designlibdemo.CheeseDetailActivity]
11-25 15:05:35.574   671   812 I am_activity_launch_time: [0,660238436,com.support.android.designlibdemo/.CheeseDetailActivity,91,91]
11-25 15:05:35.837   193   193 I sf_frame_dur: [com.support.android.designlibdemo/com.support.android.designlibdemo.MainActivity,26,1,1,0,1,0,2]
11-25 15:05:37.842   671  1071 I am_finish_activity: [0,660238436,36,com.support.android.designlibdemo/.CheeseDetailActivity,navigate-up]
11-25 15:05:37.843   671  1071 I am_home_stack_moved: [0,0,1,1,finishActivity adjustTopFocus setFocusedActivity]
11-25 15:05:37.845   671  1071 I am_focused_activity: [0,com.support.android.designlibdemo/.MainActivity]
11-25 15:05:37.845   671  1071 I am_pause_activity: [0,660238436,com.support.android.designlibdemo/.CheeseDetailActivity]
11-25 15:05:37.847   671  1071 I am_home_stack_moved: [0,0,1,1,sourceStackToFront]
11-25 15:05:37.847   671  1071 I wm_task_moved: [36,1,0]
11-25 15:05:37.858   671  1071 I am_create_activity: [0,209016026,36,com.support.android.designlibdemo/.MainActivity,android.intent.action.MAIN,NULL,NULL,0]
11-25 15:05:37.859   671  1071 I am_home_stack_moved: [0,0,1,1,startedActivity setFocusedActivity]
11-25 15:05:37.859   671  1071 I am_focused_activity: [0,com.support.android.designlibdemo/.MainActivity]
11-25 15:05:37.859   671  1071 I am_finish_activity: [0,233078046,36,com.support.android.designlibdemo/.MainActivity,navigate-up]
11-25 15:05:37.860   671  1071 I am_destroy_activity: [0,233078046,36,com.support.android.designlibdemo/.MainActivity,finish-imm]
11-25 15:05:37.866  3573  3573 I am_on_paused_called: [0,com.support.android.designlibdemo.CheeseDetailActivity]
11-25 15:05:37.867   671  1249 I am_restart_activity: [0,209016026,36,com.support.android.designlibdemo/.MainActivity]
11-25 15:05:37.924  3573  3573 I am_on_resume_called: [0,com.support.android.designlibdemo.MainActivity]
11-25 15:05:38.066   671   812 I am_activity_launch_time: [0,209016026,com.support.android.designlibdemo/.MainActivity,200,200]
11-25 15:05:38.434   671   806 I am_destroy_activity: [0,660238436,36,com.support.android.designlibdemo/.CheeseDetailActivity,finish-imm]
11-25 15:05:45.449   671  1204 I am_home_stack_moved: [0,0,1,1,sourceStackToFront]
11-25 15:05:45.449   671  1204 I wm_task_moved: [36,1,0]
11-25 15:05:45.460   671  1204 I am_create_activity: [0,782560256,36,com.support.android.designlibdemo/.CheeseDetailActivity,NULL,NULL,NULL,0]
11-25 15:05:45.461   671  1204 I am_pause_activity: [0,209016026,com.support.android.designlibdemo/.MainActivity]
11-25 15:05:45.465   671  1204 I am_home_stack_moved: [0,0,1,1,startedActivity setFocusedActivity]
11-25 15:05:45.466   671  1204 I am_focused_activity: [0,com.support.android.designlibdemo/.CheeseDetailActivity]
11-25 15:05:45.477  3573  3573 I am_on_paused_called: [0,com.support.android.designlibdemo.MainActivity]
11-25 15:05:45.479   671  1212 I am_restart_activity: [0,782560256,36,com.support.android.designlibdemo/.CheeseDetailActivity]
11-25 15:05:45.519  3573  3573 I am_on_resume_called: [0,com.support.android.designlibdemo.CheeseDetailActivity]
11-25 15:05:45.584   671   812 I am_activity_launch_time: [0,782560256,com.support.android.designlibdemo/.CheeseDetailActivity,107,107]
11-25 15:05:45.844   193   193 I sf_frame_dur: [com.support.android.designlibdemo/com.support.android.designlibdemo.MainActivity,33,0,1,0,1,0,2]
11-25 15:05:47.828   671  1248 I am_finish_activity: [0,782560256,36,com.support.android.designlibdemo/.CheeseDetailActivity,navigate-up]
11-25 15:05:47.830   671  1248 I am_home_stack_moved: [0,0,1,1,finishActivity adjustTopFocus setFocusedActivity]
11-25 15:05:47.832   671  1248 I am_focused_activity: [0,com.support.android.designlibdemo/.MainActivity]
11-25 15:05:47.832   671  1248 I am_pause_activity: [0,782560256,com.support.android.designlibdemo/.CheeseDetailActivity]
11-25 15:05:47.833   671  1248 I am_home_stack_moved: [0,0,1,1,sourceStackToFront]
11-25 15:05:47.833   671  1248 I wm_task_moved: [36,1,0]
11-25 15:05:47.835   671  1248 I am_create_activity: [0,902087510,36,com.support.android.designlibdemo/.MainActivity,android.intent.action.MAIN,NULL,NULL,0]
11-25 15:05:47.835   671  1248 I am_home_stack_moved: [0,0,1,1,startedActivity setFocusedActivity]
11-25 15:05:47.842   671  1248 I am_focused_activity: [0,com.support.android.designlibdemo/.MainActivity]
11-25 15:05:47.842   671  1248 I am_finish_activity: [0,209016026,36,com.support.android.designlibdemo/.MainActivity,navigate-up]
11-25 15:05:47.846   671  1248 I am_destroy_activity: [0,209016026,36,com.support.android.designlibdemo/.MainActivity,finish-imm]
11-25 15:05:47.852  3573  3573 I am_on_paused_called: [0,com.support.android.designlibdemo.CheeseDetailActivity]
11-25 15:05:47.854   671   801 I am_restart_activity: [0,902087510,36,com.support.android.designlibdemo/.MainActivity]
11-25 15:05:47.898  3573  3573 I am_on_resume_called: [0,com.support.android.designlibdemo.MainActivity]
11-25 15:05:48.018   671   812 I am_activity_launch_time: [0,902087510,com.support.android.designlibdemo/.MainActivity,165,165]
11-25 15:05:48.391   671   806 I am_destroy_activity: [0,782560256,36,com.support.android.designlibdemo/.CheeseDetailActivity,finish-imm]
11-25 15:05:50.038   671   802 I am_finish_activity: [0,902087510,36,com.support.android.designlibdemo/.MainActivity,app-request]
11-25 15:05:50.039   671   802 I am_home_stack_moved: [0,1,0,0,finishActivity adjustFocus]
11-25 15:05:50.039   671   802 I wm_task_moved: [1,1,0]
11-25 15:05:50.040   671   802 I am_home_stack_moved: [0,1,0,0,finishActivity adjustTopFocus setFocusedActivity]
11-25 15:05:50.042   671   802 I am_focused_activity: [0,com.cyanogenmod.trebuchet/com.android.launcher3.Launcher]
11-25 15:05:50.077   671   802 I am_pause_activity: [0,902087510,com.support.android.designlibdemo/.MainActivity]
11-25 15:05:50.083  3573  3573 I am_on_paused_called: [0,com.support.android.designlibdemo.MainActivity]
11-25 15:05:50.089   671  1204 I am_resume_activity: [0,337982653,1,com.cyanogenmod.trebuchet/com.android.launcher3.Launcher]
11-25 15:05:50.104  1278  1278 I am_on_resume_called: [0,com.android.launcher3.Launcher]
11-25 15:05:50.400   671   806 I am_destroy_activity: [0,902087510,36,com.support.android.designlibdemo/.MainActivity,finish-imm]
11-25 15:05:50.585   671   812 I wm_task_removed: [36,removeAppToken: last token]
11-25 15:05:50.585   671   812 I wm_task_removed: [36,removeTask]
11-25 15:05:50.598   193   193 I sf_frame_dur: [com.support.android.designlibdemo/com.support.android.designlibdemo.MainActivity,0,1,0,0,1,0,0]
11-25 15:05:53.297   671  1248 I am_home_stack_moved: [0,0,1,1,startingNewTask]
11-25 15:05:53.297   671  1248 I am_create_task: [0,37]
11-25 15:05:53.297   671  1248 I am_create_activity: [0,546033889,37,com.support.android.designlibdemo/.MainActivity,android.intent.action.MAIN,NULL,NULL,270532608]
11-25 15:05:53.301   671  1248 I wm_task_created: [37,1]
11-25 15:05:53.301   671  1248 I wm_task_moved: [37,1,0]
11-25 15:05:53.306   671  1248 I am_pause_activity: [0,337982653,com.cyanogenmod.trebuchet/com.android.launcher3.Launcher]
11-25 15:05:53.307   671  1248 I am_home_stack_moved: [0,0,1,1,startedActivity setFocusedActivity]
11-25 15:05:53.308   671  1248 I am_focused_activity: [0,com.support.android.designlibdemo/.MainActivity]
11-25 15:05:53.324  1278  1278 I am_on_paused_called: [0,com.android.launcher3.Launcher]
11-25 15:05:53.329   671  1327 I am_restart_activity: [0,546033889,37,com.support.android.designlibdemo/.MainActivity]
11-25 15:05:53.382  3573  3573 I am_on_resume_called: [0,com.support.android.designlibdemo.MainActivity]
11-25 15:05:53.508   671   812 I am_activity_launch_time: [0,546033889,com.support.android.designlibdemo/.MainActivity,182,182]
11-25 15:05:53.811   193   193 I sf_frame_dur: [com.cyanogenmod.trebuchet/com.android.launcher3.Launcher,0,0,0,0,1,0,1]
11-25 15:05:55.693   671   801 I am_home_stack_moved: [0,0,1,1,sourceStackToFront]
11-25 15:05:55.693   671   801 I wm_task_moved: [37,1,0]
11-25 15:05:55.703   671   801 I am_create_activity: [0,463586743,37,com.support.android.designlibdemo/.CheeseDetailActivity,NULL,NULL,NULL,0]
11-25 15:05:55.706   671   801 I am_pause_activity: [0,546033889,com.support.android.designlibdemo/.MainActivity]
11-25 15:05:55.707   671   801 I am_home_stack_moved: [0,0,1,1,startedActivity setFocusedActivity]
11-25 15:05:55.709   671   801 I am_focused_activity: [0,com.support.android.designlibdemo/.CheeseDetailActivity]
11-25 15:05:55.717  3573  3573 I am_on_paused_called: [0,com.support.android.designlibdemo.MainActivity]
11-25 15:05:55.719   671  1277 I am_restart_activity: [0,463586743,37,com.support.android.designlibdemo/.CheeseDetailActivity]
11-25 15:05:55.754  3573  3573 I am_on_resume_called: [0,com.support.android.designlibdemo.CheeseDetailActivity]
11-25 15:05:55.819   671   812 I am_activity_launch_time: [0,463586743,com.support.android.designlibdemo/.CheeseDetailActivity,102,102]
11-25 15:05:56.071   193   193 I sf_frame_dur: [com.support.android.designlibdemo/com.support.android.designlibdemo.MainActivity,6,1,0,0,1,0,1]
11-25 15:05:58.086   671  1213 I am_finish_activity: [0,463586743,37,com.support.android.designlibdemo/.CheeseDetailActivity,navigate-up]
11-25 15:05:58.089   671  1213 I am_home_stack_moved: [0,0,1,1,finishActivity adjustTopFocus setFocusedActivity]
11-25 15:05:58.092   671  1213 I am_focused_activity: [0,com.support.android.designlibdemo/.MainActivity]
11-25 15:05:58.092   671  1213 I am_pause_activity: [0,463586743,com.support.android.designlibdemo/.CheeseDetailActivity]
11-25 15:05:58.100   671  1213 I am_home_stack_moved: [0,0,1,1,sourceStackToFront]
