08-06 09:34:42.715  1154  1204 D SubscriptionController: selection:sim_id>=0 null
08-06 09:34:42.722  1154  1154 D SubscriptionController: [getActiveSubInfoList]+
08-06 09:34:42.724  1154  1154 D SubscriptionController: selection:sim_id>=0 null
08-06 09:34:42.732  1154  1204 D TelephonyManager: getTelephonyProperty: return propVal='cn' phoneId=0 property='gsm.sim.operator.iso-country' defaultVal='' prop=cn
08-06 09:34:42.732  1154  1204 D SubscriptionController: [getSubInfoRecord] id:1 iccid:89860115921101579076 simSlotIndex:0 displayName:CARD 1 nameSource:0 iconTint:-16746133 dataRoaming:0 mcc:460 mnc:1 countIso:cn
08-06 09:34:42.733   713   713 D TelephonyManager: getSimOperatorNumeric(): default subId=1
08-06 09:34:42.734  1154  1204 D PhoneFactory: getPhone:- phoneId != DEFAULT_PHONE_ID return sProxyPhones[phoneId] phoneId=0 phone=Handler (com.android.internal.telephony.PhoneProxy) {ff1ad28}
08-06 09:34:42.734   713   713 D TelephonyManager: getTelephonyProperty: return propVal='46001' phoneId=0 property='gsm.sim.operator.numeric' defaultVal='' prop=46001
08-06 09:34:42.738  1154  1154 D TelephonyManager: getTelephonyProperty: return propVal='cn' phoneId=0 property='gsm.sim.operator.iso-country' defaultVal='' prop=cn
08-06 09:34:42.738  1154  1154 D SubscriptionController: [getSubInfoRecord] id:1 iccid:89860115921101579076 simSlotIndex:0 displayName:CARD 1 nameSource:0 iconTint:-16746133 dataRoaming:0 mcc:460 mnc:1 countIso:cn
08-06 09:34:42.740  1154  1154 D PhoneFactory: getPhone:- phoneId != DEFAULT_PHONE_ID return sProxyPhones[phoneId] phoneId=0 phone=Handler (com.android.internal.telephony.PhoneProxy) {ff1ad28}
08-06 09:34:42.742  1154  1204 D SubscriptionController: [getActiveSubInfoList]- 1 infos return
08-06 09:34:42.743  1154  1154 D SubscriptionController: [getActiveSubInfoList]- 1 infos return
08-06 09:34:42.747  1154  1154 D SubscriptionController: [getActiveSubInfoForSubscriber]+ subId=1 subInfo={id=1, iccId=89860115921101579076 simSlotIndex=0 displayName=CARD 1 carrierName=Emergency calls only nameSource=0 iconTint=-16746133 dataRoaming=0 iconBitmap=android.graphics.Bitmap@3a993ab8 mcc 460 mnc 1}
08-06 09:34:42.748  1154  1154 D TelephonyManager: getTelephonyProperty: return propVal='null' phoneId=0 property='gsm.sim.operator.alpha' defaultVal='' prop=
08-06 09:34:42.748  1154  1154 D SubscriptionInfoUpdater: sim name = CARD 1
08-06 09:34:42.762  1154  1154 D SubscriptionInfoUpdater: Broadcasting intent ACTION_SIM_STATE_CHANGED LOADED reason null for mCardIndex : 0
08-06 09:34:42.775   713   777 D TelephonyManager: getSimOperatorNumeric(): default subId=1
08-06 09:34:42.787   713   777 D TelephonyManager: getTelephonyProperty: return propVal='46001' phoneId=0 property='gsm.sim.operator.numeric' defaultVal='' prop=46001
08-06 09:34:42.794  1154  1154 D ProxyController: handleMessage msg.what=2
08-06 09:34:42.794  1154  1154 D ProxyController: onStartRadioCapabilityResponse: Ignore session=-238114718 rc=null
08-06 09:34:42.795  1154  1154 D DCT     : [0]handleMessage msg={ when=-315ms what=270337 obj=android.os.AsyncResult@5724091 target=com.android.internal.telephony.dataconnection.DcTracker }
08-06 09:34:42.795  1154  1154 D DCT     : [0]onRadioAvailable
08-06 09:34:42.795  1154  1154 D DCT     : [0]isDataAllowed getRecordsLoaded=true
08-06 09:34:42.796  1154  1154 D DCT     : [0]isDataAllowed: not allowed due to - Attached= false
08-06 09:34:42.796  1154  1154 D DCT     : [ApnContext:default] getApnSetting: apnSetting=null
08-06 09:34:42.797  1154  1154 D PhoneFactory: getPhone:- phoneId != DEFAULT_PHONE_ID return sProxyPhones[phoneId] phoneId=0 phone=Handler (com.android.internal.telephony.PhoneProxy) {ff1ad28}
08-06 09:34:42.801  1154  1154 D DCT     : [0]isDataAllowed getRecordsLoaded=true
08-06 09:34:42.802  1154  1154 D DCT     : [0]isDataAllowed: not allowed due to - Attached= false
08-06 09:34:42.802  1154  1154 D DCT     : [ApnContext:mms] getApnSetting: apnSetting=null
08-06 09:34:42.802  1154  1154 D PhoneFactory: getPhone:- phoneId != DEFAULT_PHONE_ID return sProxyPhones[phoneId] phoneId=0 phone=Handler (com.android.internal.telephony.PhoneProxy) {ff1ad28}
08-06 09:34:42.805  1154  1204 D SubscriptionController: [getActiveSubInfoList]+
08-06 09:34:42.807  1154  1204 D SubscriptionController: selection:sim_id>=0 null
08-06 09:34:42.814  1154  1154 D DCT     : [0]isDataAllowed getRecordsLoaded=true
08-06 09:34:42.815  1154  1154 D DCT     : [0]isDataAllowed: not allowed due to - Attached= false
08-06 09:34:42.815  1154  1154 D DCT     : [ApnContext:cbs] getApnSetting: apnSetting=null
08-06 09:34:42.816  1154  1154 D PhoneFactory: getPhone:- phoneId != DEFAULT_PHONE_ID return sProxyPhones[phoneId] phoneId=0 phone=Handler (com.android.internal.telephony.PhoneProxy) {ff1ad28}
08-06 09:34:42.821  1154  1154 D DCT     : [0]isDataAllowed getRecordsLoaded=true
08-06 09:34:42.822  1154  1154 D DCT     : [0]isDataAllowed: not allowed due to - Attached= false
08-06 09:34:42.822  1154  1154 D DCT     : [ApnContext:fota] getApnSetting: apnSetting=null
08-06 09:34:42.823  1154  1154 D PhoneFactory: getPhone:- phoneId != DEFAULT_PHONE_ID return sProxyPhones[phoneId] phoneId=0 phone=Handler (com.android.internal.telephony.PhoneProxy) {ff1ad28}
08-06 09:34:42.825  1154  1204 D TelephonyManager: getTelephonyProperty: return propVal='cn' phoneId=0 property='gsm.sim.operator.iso-country' defaultVal='' prop=cn
08-06 09:34:42.825  1154  1204 D SubscriptionController: [getSubInfoRecord] id:1 iccid:89860115921101579076 simSlotIndex:0 displayName:CARD 1 nameSource:0 iconTint:-16746133 dataRoaming:0 mcc:460 mnc:1 countIso:cn
08-06 09:34:42.828  1154  1154 D DCT     : [0]isDataAllowed getRecordsLoaded=true
08-06 09:34:42.828  1154  1204 D PhoneFactory: getPhone:- phoneId != DEFAULT_PHONE_ID return sProxyPhones[phoneId] phoneId=0 phone=Handler (com.android.internal.telephony.PhoneProxy) {ff1ad28}
08-06 09:34:42.829  1154  1154 D DCT     : [0]isDataAllowed: not allowed due to - Attached= false
08-06 09:34:42.829  1154  1154 D DCT     : [ApnContext:supl] getApnSetting: apnSetting=null
08-06 09:34:42.830  1154  1154 D PhoneFactory: getPhone:- phoneId != DEFAULT_PHONE_ID return sProxyPhones[phoneId] phoneId=0 phone=Handler (com.android.internal.telephony.PhoneProxy) {ff1ad28}
08-06 09:34:42.832  1154  1204 D SubscriptionController: [getActiveSubInfoList]- 1 infos return
08-06 09:34:42.834  1154  1154 D DCT     : [0]isDataAllowed getRecordsLoaded=true
08-06 09:34:42.834  1154  1154 D DCT     : [0]isDataAllowed: not allowed due to - Attached= false
08-06 09:34:42.835  1154  1154 D DCT     : [ApnContext:ia] getApnSetting: apnSetting=null
08-06 09:34:42.835  1154  1154 D PhoneFactory: getPhone:- phoneId != DEFAULT_PHONE_ID return sProxyPhones[phoneId] phoneId=0 phone=Handler (com.android.internal.telephony.PhoneProxy) {ff1ad28}
08-06 09:34:42.840  1154  1154 D DCT     : [0]isDataAllowed getRecordsLoaded=true
08-06 09:34:42.841  1154  1154 D DCT     : [0]isDataAllowed: not allowed due to - Attached= false
08-06 09:34:42.841  1154  1154 D DCT     : [ApnContext:dun] getApnSetting: apnSetting=null
08-06 09:34:42.842  1154  1154 D PhoneFactory: getPhone:- phoneId != DEFAULT_PHONE_ID return sProxyPhones[phoneId] phoneId=0 phone=Handler (com.android.internal.telephony.PhoneProxy) {ff1ad28}
08-06 09:34:42.846  1154  1154 D DCT     : [0]isDataAllowed getRecordsLoaded=true
08-06 09:34:42.846  1154  1154 D DCT     : [0]isDataAllowed: not allowed due to - Attached= false
08-06 09:34:42.846  1154  1154 D DCT     : [ApnContext:hipri] getApnSetting: apnSetting=null
08-06 09:34:42.847  1154  1154 D PhoneFactory: getPhone:- phoneId != DEFAULT_PHONE_ID return sProxyPhones[phoneId] phoneId=0 phone=Handler (com.android.internal.telephony.PhoneProxy) {ff1ad28}
08-06 09:34:42.850  1154  1381 D SubscriptionController: [getActiveSubInfoList]+
08-06 09:34:42.852  1154  1381 D SubscriptionController: selection:sim_id>=0 null
08-06 09:34:42.852  1154  1154 D DCT     : [0]isDataAllowed getRecordsLoaded=true
08-06 09:34:42.853  1154  1154 D DCT     : [0]isDataAllowed: not allowed due to - Attached= false
08-06 09:34:42.853  1154  1154 D DCT     : [ApnContext:ims] getApnSetting: apnSetting=null
08-06 09:34:42.854  1154  1154 D PhoneFactory: getPhone:- phoneId != DEFAULT_PHONE_ID return sProxyPhones[phoneId] phoneId=0 phone=Handler (com.android.internal.telephony.PhoneProxy) {ff1ad28}
08-06 09:34:42.858  1154  1154 D DCT     : [0]overall state is IDLE
08-06 09:34:42.858  1154  1154 D DCT     : [0]handleMessage msg={ when=-378ms what=270345 obj=android.os.AsyncResult@851cbf7 target=com.android.internal.telephony.dataconnection.DcTracker }
08-06 09:34:42.859  1154  1154 D DCT     : [0]onDataConnectionDetached: stop polling and notify detached
08-06 09:34:42.859  1154  1154 D DCT     : [0]stopNetStatPoll
08-06 09:34:42.860  1154  1154 D DCT     : [0]stopDataStallAlarm: current tag=26474 mDataStallAlarmIntent=null
08-06 09:34:42.860  1154  1154 D DCT     : [0]notifyDataConnection: reason=dataDetached
08-06 09:34:42.861  1154  1154 D DCT     : [0]isDataAllowed getRecordsLoaded=true
08-06 09:34:42.862  1154  1154 D DCT     : [0]isDataAllowed: not allowed due to - Attached= false
08-06 09:34:42.862  1154  1154 D DCT     : [ApnContext:default] getApnSetting: apnSetting=null
08-06 09:34:42.863  1154  1154 D PhoneFactory: getPhone:- phoneId != DEFAULT_PHONE_ID return sProxyPhones[phoneId] phoneId=0 phone=Handler (com.android.internal.telephony.PhoneProxy) {ff1ad28}
08-06 09:34:42.866  1154  1381 D TelephonyManager: getTelephonyProperty: return propVal='cn' phoneId=0 property='gsm.sim.operator.iso-country' defaultVal='' prop=cn
08-06 09:34:42.866  1154  1154 D DCT     : [0]isDataAllowed getRecordsLoaded=true
08-06 09:34:42.867  1154  1381 D SubscriptionController: [getSubInfoRecord] id:1 iccid:89860115921101579076 simSlotIndex:0 displayName:CARD 1 nameSource:0 iconTint:-16746133 dataRoaming:0 mcc:460 mnc:1 countIso:cn
08-06 09:34:42.868  1154  1154 D DCT     : [0]isDataAllowed: not allowed due to - Attached= false
08-06 09:34:42.868  1154  1381 D PhoneFactory: getPhone:- phoneId != DEFAULT_PHONE_ID return sProxyPhones[phoneId] phoneId=0 phone=Handler (com.android.internal.telephony.PhoneProxy) {ff1ad28}
08-06 09:34:42.868  1154  1154 D DCT     : [ApnContext:mms] getApnSetting: apnSetting=null
08-06 09:34:42.868  1154  1154 D PhoneFactory: getPhone:- phoneId != DEFAULT_PHONE_ID return sProxyPhones[phoneId] phoneId=0 phone=Handler (com.android.internal.telephony.PhoneProxy) {ff1ad28}
08-06 09:34:42.871  1154  1381 D SubscriptionController: [getActiveSubInfoList]- 1 infos return
08-06 09:34:42.873  1154  1154 D DCT     : [0]isDataAllowed getRecordsLoaded=true
08-06 09:34:42.874  1154  1154 D DCT     : [0]isDataAllowed: not allowed due to - Attached= false
08-06 09:34:42.874  1154  1154 D DCT     : [ApnContext:cbs] getApnSetting: apnSetting=null
08-06 09:34:42.875  1154  1154 D PhoneFactory: getPhone:- phoneId != DEFAULT_PHONE_ID return sProxyPhones[phoneId] phoneId=0 phone=Handler (com.android.internal.telephony.PhoneProxy) {ff1ad28}
08-06 09:34:42.880  1154  1154 D DCT     : [0]isDataAllowed getRecordsLoaded=true
08-06 09:34:42.881  1154  1154 D DCT     : [0]isDataAllowed: not allowed due to - Attached= false
08-06 09:34:42.881  1154  1154 D DCT     : [ApnContext:fota] getApnSetting: apnSetting=null
08-06 09:34:42.881  1154  1154 D PhoneFactory: getPhone:- phoneId != DEFAULT_PHONE_ID return sProxyPhones[phoneId] phoneId=0 phone=Handler (com.android.internal.telephony.PhoneProxy) {ff1ad28}
08-06 09:34:42.886  1154  1154 D DCT     : [0]isDataAllowed getRecordsLoaded=true
08-06 09:34:42.887  1154  1154 D DCT     : [0]isDataAllowed: not allowed due to - Attached= false
08-06 09:34:42.887  1154  1154 D DCT     : [ApnContext:supl] getApnSetting: apnSetting=null
08-06 09:34:42.888  1154  1154 D PhoneFactory: getPhone:- phoneId != DEFAULT_PHONE_ID return sProxyPhones[phoneId] phoneId=0 phone=Handler (com.android.internal.telephony.PhoneProxy) {ff1ad28}
08-06 09:34:42.892  1154  1154 D DCT     : [0]isDataAllowed getRecordsLoaded=true
08-06 09:34:42.893  1154  1154 D DCT     : [0]isDataAllowed: not allowed due to - Attached= false
08-06 09:34:42.893  1154  1154 D DCT     : [ApnContext:ia] getApnSetting: apnSetting=null
08-06 09:34:42.894  1154  1154 D PhoneFactory: getPhone:- phoneId != DEFAULT_PHONE_ID return sProxyPhones[phoneId] phoneId=0 phone=Handler (com.android.internal.telephony.PhoneProxy) {ff1ad28}
08-06 09:34:42.897  1154  1154 D DCT     : [0]isDataAllowed getRecordsLoaded=true
08-06 09:34:42.898  1154  1154 D DCT     : [0]isDataAllowed: not allowed due to - Attached= false
08-06 09:34:42.898  1154  1154 D DCT     : [ApnContext:dun] getApnSetting: apnSetting=null
08-06 09:34:42.899  1154  1154 D PhoneFactory: getPhone:- phoneId != DEFAULT_PHONE_ID return sProxyPhones[phoneId] phoneId=0 phone=Handler (com.android.internal.telephony.PhoneProxy) {ff1ad28}
08-06 09:34:42.903  1154  1154 D DCT     : [0]isDataAllowed getRecordsLoaded=true
08-06 09:34:42.904  1154  1154 D DCT     : [0]isDataAllowed: not allowed due to - Attached= false
08-06 09:34:42.904  1154  1154 D DCT     : [ApnContext:hipri] getApnSetting: apnSetting=null
08-06 09:34:42.905  1154  1154 D PhoneFactory: getPhone:- phoneId != DEFAULT_PHONE_ID return sProxyPhones[phoneId] phoneId=0 phone=Handler (com.android.internal.telephony.PhoneProxy) {ff1ad28}
08-06 09:34:42.909  1154  1154 D DCT     : [0]isDataAllowed getRecordsLoaded=true
08-06 09:34:42.909  1154  1154 D DCT     : [0]isDataAllowed: not allowed due to - Attached= false
08-06 09:34:42.910  1154  1154 D DCT     : [ApnContext:ims] getApnSetting: apnSetting=null
08-06 09:34:42.910  1154  1154 D PhoneFactory: getPhone:- phoneId != DEFAULT_PHONE_ID return sProxyPhones[phoneId] phoneId=0 phone=Handler (com.android.internal.telephony.PhoneProxy) {ff1ad28}
08-06 09:34:42.914  1154  1154 D DCT     : [0]handleMessage msg={ when=-433ms what=270348 obj=android.os.AsyncResult@326954cd target=com.android.internal.telephony.dataconnection.DcTracker }
08-06 09:34:42.914  1154  1154 D DCT     : [0]onRoamingOff
08-06 09:34:42.914  1154  1154 D DCT     : [0]getDataOnRoamingEnabled: phoneSubId=1 isDataRoamingEnabled=true
08-06 09:34:42.914  1154  1154 D DCT     : [0]notifyDataConnection: reason=roamingOff
08-06 09:34:42.915  1154  1154 D DCT     : [0]isDataAllowed getRecordsLoaded=true
08-06 09:34:42.916  1154  1154 D DCT     : [0]isDataAllowed: not allowed due to - Attached= false
08-06 09:34:42.916  1154  1154 D DCT     : [ApnContext:default] getApnSetting: apnSetting=null
08-06 09:34:42.917  1154  1154 D PhoneFactory: getPhone:- phoneId != DEFAULT_PHONE_ID return sProxyPhones[phoneId] phoneId=0 phone=Handler (com.android.internal.telephony.PhoneProxy) {ff1ad28}
08-06 09:34:42.920  1154  1154 D DCT     : [0]isDataAllowed getRecordsLoaded=true
08-06 09:34:42.921  1154  1154 D DCT     : [0]isDataAllowed: not allowed due to - Attached= false
08-06 09:34:42.921  1154  1154 D DCT     : [ApnContext:mms] getApnSetting: apnSetting=null
08-06 09:34:42.922  1154  1154 D PhoneFactory: getPhone:- phoneId != DEFAULT_PHONE_ID return sProxyPhones[phoneId] phoneId=0 phone=Handler (com.android.internal.telephony.PhoneProxy) {ff1ad28}
08-06 09:34:42.923  1154  1318 D GsmCellBroadcastHandler: mWakeLock released
08-06 09:34:42.926  1154  1154 D DCT     : [0]isDataAllowed getRecordsLoaded=true
08-06 09:34:42.927  1154  1154 D DCT     : [0]isDataAllowed: not allowed due to - Attached= false
08-06 09:34:42.927  1154  1154 D DCT     : [ApnContext:cbs] getApnSetting: apnSetting=null
08-06 09:34:42.927  1154  1154 D PhoneFactory: getPhone:- phoneId != DEFAULT_PHONE_ID return sProxyPhones[phoneId] phoneId=0 phone=Handler (com.android.internal.telephony.PhoneProxy) {ff1ad28}
08-06 09:34:42.931  1154  1154 D DCT     : [0]isDataAllowed getRecordsLoaded=true
08-06 09:34:42.932  1154  1154 D DCT     : [0]isDataAllowed: not allowed due to - Attached= false
08-06 09:34:42.932  1154  1154 D DCT     : [ApnContext:fota] getApnSetting: apnSetting=null
08-06 09:34:42.932  1154  1154 D PhoneFactory: getPhone:- phoneId != DEFAULT_PHONE_ID return sProxyPhones[phoneId] phoneId=0 phone=Handler (com.android.internal.telephony.PhoneProxy) {ff1ad28}
08-06 09:34:42.936  1154  1154 D DCT     : [0]isDataAllowed getRecordsLoaded=true
08-06 09:34:42.937  1154  1154 D DCT     : [0]isDataAllowed: not allowed due to - Attached= false
08-06 09:34:42.937  1154  1154 D DCT     : [ApnContext:supl] getApnSetting: apnSetting=null
08-06 09:34:42.938  1154  1154 D PhoneFactory: getPhone:- phoneId != DEFAULT_PHONE_ID return sProxyPhones[phoneId] phoneId=0 phone=Handler (com.android.internal.telephony.PhoneProxy) {ff1ad28}
08-06 09:34:42.942  1154  1154 D DCT     : [0]isDataAllowed getRecordsLoaded=true
08-06 09:34:42.943  1154  1154 D DCT     : [0]isDataAllowed: not allowed due to - Attached= false
08-06 09:34:42.943  1154  1154 D DCT     : [ApnContext:ia] getApnSetting: apnSetting=null
08-06 09:34:42.943  1154  1154 D PhoneFactory: getPhone:- phoneId != DEFAULT_PHONE_ID return sProxyPhones[phoneId] phoneId=0 phone=Handler (com.android.internal.telephony.PhoneProxy) {ff1ad28}
08-06 09:34:42.947  1154  1154 D DCT     : [0]isDataAllowed getRecordsLoaded=true
08-06 09:34:42.948  1154  1154 D DCT     : [0]isDataAllowed: not allowed due to - Attached= false
08-06 09:34:42.948  1154  1154 D DCT     : [ApnContext:dun] getApnSetting: apnSetting=null
08-06 09:34:42.948  1154  1154 D PhoneFactory: getPhone:- phoneId != DEFAULT_PHONE_ID return sProxyPhones[phoneId] phoneId=0 phone=Handler (com.android.internal.telephony.PhoneProxy) {ff1ad28}
08-06 09:34:42.952  1154  1154 D DCT     : [0]isDataAllowed getRecordsLoaded=true
08-06 09:34:42.953  1154  1154 D DCT     : [0]isDataAllowed: not allowed due to - Attached= false
08-06 09:34:42.953  1154  1154 D DCT     : [ApnContext:hipri] getApnSetting: apnSetting=null
08-06 09:34:42.954  1154  1154 D PhoneFactory: getPhone:- phoneId != DEFAULT_PHONE_ID return sProxyPhones[phoneId] phoneId=0 phone=Handler (com.android.internal.telephony.PhoneProxy) {ff1ad28}
08-06 09:34:42.959  1154  1154 D DCT     : [0]isDataAllowed getRecordsLoaded=true
08-06 09:34:42.960  1154  1154 D DCT     : [0]isDataAllowed: not allowed due to - Attached= false
08-06 09:34:42.960  1154  1154 D DCT     : [ApnContext:ims] getApnSetting: apnSetting=null
08-06 09:34:42.961  1154  1154 D PhoneFactory: getPhone:- phoneId != DEFAULT_PHONE_ID return sProxyPhones[phoneId] phoneId=0 phone=Handler (com.android.internal.telephony.PhoneProxy) {ff1ad28}
08-06 09:34:42.965  1154  1154 D DCT     : [0]handleMessage msg={ when=-483ms what=270377 obj=android.os.AsyncResult@323dc182 target=com.android.internal.telephony.dataconnection.DcTracker }
08-06 09:34:42.965  1154  1154 D DCT     : [0]setupDataOnConnectableApns: nwTypeChanged
08-06 09:34:42.965  1154  1154 D DCT     : [0]setupDataOnConnectableApns: apnContext {mApnType=hipri mState=IDLE mWaitingApns={null} mWaitingApnsPermanentFailureCountDown=0 mApnSetting={null} mReason=radioTurnedOff mDataEnabled=false mDependencyMet=true}
08-06 09:34:42.966  1154  1154 D DCT     : [0]setupDataOnConnectableApns: apnContext {mApnType=mms mState=IDLE mWaitingApns={null} mWaitingApnsPermanentFailureCountDown=0 mApnSetting={null} mReason=radioTurnedOff mDataEnabled=false mDependencyMet=true}
08-06 09:34:42.967  1154  1154 D DCT     : [0]setupDataOnConnectableApns: apnContext {mApnType=supl mState=IDLE mWaitingApns={null} mWaitingApnsPermanentFailureCountDown=0 mApnSetting={null} mReason=radioTurnedOff mDataEnabled=false mDependencyMet=true}
08-06 09:34:42.968  1154  1154 D DCT     : [0]setupDataOnConnectableApns: apnContext {mApnType=cbs mState=IDLE mWaitingApns={null} mWaitingApnsPermanentFailureCountDown=0 mApnSetting={null} mReason=radioTurnedOff mDataEnabled=false mDependencyMet=true}
08-06 09:34:42.968  1154  1154 D DCT     : [0]setupDataOnConnectableApns: apnContext {mApnType=dun mState=IDLE mWaitingApns={null} mWaitingApnsPermanentFailureCountDown=0 mApnSetting={null} mReason=radioTurnedOff mDataEnabled=false mDependencyMet=true}
08-06 09:34:42.969  1154  1154 D DCT     : [0]setupDataOnConnectableApns: apnContext {mApnType=fota mState=IDLE mWaitingApns={null} mWaitingApnsPermanentFailureCountDown=0 mApnSetting={null} mReason=radioTurnedOff mDataEnabled=false mDependencyMet=true}
08-06 09:34:42.970  1154  1154 D DCT     : [0]setupDataOnConnectableApns: apnContext {mApnType=ims mState=IDLE mWaitingApns={null} mWaitingApnsPermanentFailureCountDown=0 mApnSetting={null} mReason=radioTurnedOff mDataEnabled=false mDependencyMet=true}
08-06 09:34:42.971  1154  1154 D DCT     : [0]setupDataOnConnectableApns: apnContext {mApnType=default mState=IDLE mWaitingApns={null} mWaitingApnsPermanentFailureCountDown=0 mApnSetting={null} mReason=radioTurnedOff mDataEnabled=false mDependencyMet=true}
08-06 09:34:42.971  1154  1154 D DCT     : [0]setupDataOnConnectableApns: apnContext {mApnType=ia mState=IDLE mWaitingApns={null} mWaitingApnsPermanentFailureCountDown=0 mApnSetting={null} mReason=radioTurnedOff mDataEnabled=false mDependencyMet=true}
08-06 09:34:42.972  1154  1154 D DCT     : [0]handleMessage msg={ when=-490ms what=270377 obj=android.os.AsyncResult@21cd3093 target=com.android.internal.telephony.dataconnection.DcTracker }
08-06 09:34:42.972  1154  1154 D DCT     : [0]setupDataOnConnectableApns: nwTypeChanged
08-06 09:34:42.973  1154  1154 D DCT     : [0]setupDataOnConnectableApns: apnContext {mApnType=hipri mState=IDLE mWaitingApns={null} mWaitingApnsPermanentFailureCountDown=0 mApnSetting={null} mReason=radioTurnedOff mDataEnabled=false mDependencyMet=true}
08-06 09:34:42.973  1154  1154 D DCT     : [0]setupDataOnConnectableApns: apnContext {mApnType=mms mState=IDLE mWaitingApns={null} mWaitingApnsPermanentFailureCountDown=0 mApnSetting={null} mReason=radioTurnedOff mDataEnabled=false mDependencyMet=true}
08-06 09:34:42.974  1154  1154 D DCT     : [0]setupDataOnConnectableApns: apnContext {mApnType=supl mState=IDLE mWaitingApns={null} mWaitingApnsPermanentFailureCountDown=0 mApnSetting={null} mReason=radioTurnedOff mDataEnabled=false mDependencyMet=true}
08-06 09:34:42.975  1154  1154 D DCT     : [0]setupDataOnConnectableApns: apnContext {mApnType=cbs mState=IDLE mWaitingApns={null} mWaitingApnsPermanentFailureCountDown=0 mApnSetting={null} mReason=radioTurnedOff mDataEnabled=false mDependencyMet=true}
08-06 09:34:42.975  1154  1154 D DCT     : [0]setupDataOnConnectableApns: apnContext {mApnType=dun mState=IDLE mWaitingApns={null} mWaitingApnsPermanentFailureCountDown=0 mApnSetting={null} mReason=radioTurnedOff mDataEnabled=false mDependencyMet=true}
08-06 09:34:42.976  1154  1154 D DCT     : [0]setupDataOnConnectableApns: apnContext {mApnType=fota mState=IDLE mWaitingApns={null} mWaitingApnsPermanentFailureCountDown=0 mApnSetting={null} mReason=radioTurnedOff mDataEnabled=false mDependencyMet=true}
08-06 09:34:42.977  1154  1154 D DCT     : [0]setupDataOnConnectableApns: apnContext {mApnType=ims mState=IDLE mWaitingApns={null} mWaitingApnsPermanentFailureCountDown=0 mApnSetting={null} mReason=radioTurnedOff mDataEnabled=false mDependencyMet=true}
08-06 09:34:42.977  1154  1154 D DCT     : [0]setupDataOnConnectableApns: apnContext {mApnType=default mState=IDLE mWaitingApns={null} mWaitingApnsPermanentFailureCountDown=0 mApnSetting={null} mReason=radioTurnedOff mDataEnabled=false mDependencyMet=true}
08-06 09:34:42.978  1154  1154 D DCT     : [0]setupDataOnConnectableApns: apnContext {mApnType=ia mState=IDLE mWaitingApns={null} mWaitingApnsPermanentFailureCountDown=0 mApnSetting={null} mReason=radioTurnedOff mDataEnabled=false mDependencyMet=true}
08-06 09:34:42.978  1154  1154 D RILJ    : [3717]> OPERATOR [SUB0]
08-06 09:34:42.981  1154  1154 D RILJ    : [3718]> DATA_REGISTRATION_STATE [SUB0]
08-06 09:34:42.981   191  1474 D RILC    : RequestComplete, RIL_SOCKET_1
08-06 09:34:42.981   191  1474 E RILC    : Send Response to RIL_SOCKET_1
08-06 09:34:42.981  1154  1299 D RILJ    : [3717]< OPERATOR {null, null, null} [SUB0]
08-06 09:34:42.982  1154  1154 D RILJ    : [3719]> VOICE_REGISTRATION_STATE [SUB0]
08-06 09:34:42.984   191  1475 D RILC    : RequestComplete, RIL_SOCKET_1
08-06 09:34:42.984   191  1475 E RILC    : Send Response to RIL_SOCKET_1
08-06 09:34:42.984  1154  1154 D RILJ    : [3720]> QUERY_NETWORK_SELECTION_MODE [SUB0]
08-06 09:34:42.985   191  1476 I RILQ    : (0/191):RIL[0][cmd-20(248)] qcril_qmi_nas_update_data_rte: completed, new drte 0 with confidence 4
08-06 09:34:42.985  1154  1299 D RILJ    : [3718]< DATA_REGISTRATION_STATE {3, null, null, null, 15, 20, null, 446, -1, null, null} [SUB0]
08-06 09:34:42.987   191  1476 D RILC    : RequestComplete, RIL_SOCKET_1
08-06 09:34:42.987   191  1476 E RILC    : Send Response to RIL_SOCKET_1
08-06 09:34:42.988  1154  1154 D DefaultPhoneNotifier: notifySignalStrength: mRegistry=com.android.internal.telephony.ITelephonyRegistry$Stub$Proxy@2c692072 ss=SignalStrength: 99 0 -120 -160 -120 -1 -1 99 2147483647 2147483647 2147483647 2147483647 gsm|lte sender=Handler (com.android.internal.telephony.gsm.GSMPhone) {1991a41}
08-06 09:34:42.988   191  1477 D RILC    : RequestComplete, RIL_SOCKET_1
08-06 09:34:42.988   191  1477 E RILC    : Send Response to RIL_SOCKET_1
08-06 09:34:42.988  1154  1299 D RILJ    : [3719]< VOICE_REGISTRATION_STATE {2, null, null, 0, null, null, null, 0, null, null, null, null, null, 0, null} [SUB0]
08-06 09:34:42.989  1154  1299 D RILJ    : [3720]< QUERY_NETWORK_SELECTION_MODE {0} [SUB0]
08-06 09:34:42.994  1154  1154 D DCT     : [0]handleMessage msg={ when=-426ms what=270337 obj=android.os.AsyncResult@ddca8d0 target=com.android.internal.telephony.dataconnection.DcTracker }
08-06 09:34:42.994  1154  1154 D DCT     : [0]onRadioAvailable
08-06 09:34:42.995  1154  1154 D DCT     : [0]isDataAllowed getRecordsLoaded=true
08-06 09:34:42.996  1154  1154 D DCT     : [0]isDataAllowed: not allowed due to - Attached= false
08-06 09:34:42.996  1154  1154 D DCT     : [ApnContext:default] getApnSetting: apnSetting=null
08-06 09:34:42.997  1154  1154 D PhoneFactory: getPhone:- phoneId != DEFAULT_PHONE_ID return sProxyPhones[phoneId] phoneId=0 phone=Handler (com.android.internal.telephony.PhoneProxy) {ff1ad28}
08-06 09:34:43.001  1154  1154 D DCT     : [0]isDataAllowed getRecordsLoaded=true
08-06 09:34:43.002  1154  1154 D DCT     : [0]isDataAllowed: not allowed due to - Attached= false
08-06 09:34:43.003  1154  1154 D DCT     : [ApnContext:mms] getApnSetting: apnSetting=null
08-06 09:34:43.004  1154  1154 D PhoneFactory: getPhone:- phoneId != DEFAULT_PHONE_ID return sProxyPhones[phoneId] phoneId=0 phone=Handler (com.android.internal.telephony.PhoneProxy) {ff1ad28}
08-06 09:34:43.008  1154  1154 D DCT     : [0]isDataAllowed getRecordsLoaded=true
08-06 09:34:43.009  1154  1154 D DCT     : [0]isDataAllowed: not allowed due to - Attached= false
08-06 09:34:43.009  1154  1154 D DCT     : [ApnContext:cbs] getApnSetting: apnSetting=null
08-06 09:34:43.010  1154  1154 D PhoneFactory: getPhone:- phoneId != DEFAULT_PHONE_ID return sProxyPhones[phoneId] phoneId=0 phone=Handler (com.android.internal.telephony.PhoneProxy) {ff1ad28}
08-06 09:34:43.014  1154  1154 D DCT     : [0]isDataAllowed getRecordsLoaded=true
08-06 09:34:43.015  1154  1154 D DCT     : [0]isDataAllowed: not allowed due to - Attached= false
08-06 09:34:43.016  1154  1154 D DCT     : [ApnContext:fota] getApnSetting: apnSetting=null
08-06 09:34:43.016  1154  1154 D PhoneFactory: getPhone:- phoneId != DEFAULT_PHONE_ID return sProxyPhones[phoneId] phoneId=0 phone=Handler (com.android.internal.telephony.PhoneProxy) {ff1ad28}
08-06 09:34:43.021  1154  1154 D DCT     : [0]isDataAllowed getRecordsLoaded=true
08-06 09:34:43.022  1154  1154 D DCT     : [0]isDataAllowed: not allowed due to - Attached= false
08-06 09:34:43.022  1154  1154 D DCT     : [ApnContext:supl] getApnSetting: apnSetting=null
08-06 09:34:43.023  1154  1154 D PhoneFactory: getPhone:- phoneId != DEFAULT_PHONE_ID return sProxyPhones[phoneId] phoneId=0 phone=Handler (com.android.internal.telephony.PhoneProxy) {ff1ad28}
08-06 09:34:43.028  1154  1154 D DCT     : [0]isDataAllowed getRecordsLoaded=true
08-06 09:34:43.029  1154  1154 D DCT     : [0]isDataAllowed: not allowed due to - Attached= false
08-06 09:34:43.030  1154  1154 D DCT     : [ApnContext:ia] getApnSetting: apnSetting=null
08-06 09:34:43.031  1154  1154 D PhoneFactory: getPhone:- phoneId != DEFAULT_PHONE_ID return sProxyPhones[phoneId] phoneId=0 phone=Handler (com.android.internal.telephony.PhoneProxy) {ff1ad28}
08-06 09:34:43.035  1154  1154 D DCT     : [0]isDataAllowed getRecordsLoaded=true
08-06 09:34:43.036  1154  1154 D DCT     : [0]isDataAllowed: not allowed due to - Attached= false
08-06 09:34:43.036  1154  1154 D DCT     : [ApnContext:dun] getApnSetting: apnSetting=null
08-06 09:34:43.037  1154  1154 D PhoneFactory: getPhone:- phoneId != DEFAULT_PHONE_ID return sProxyPhones[phoneId] phoneId=0 phone=Handler (com.android.internal.telephony.PhoneProxy) {ff1ad28}
08-06 09:34:43.041  1154  1154 D DCT     : [0]isDataAllowed getRecordsLoaded=true
08-06 09:34:43.042  1154  1154 D DCT     : [0]isDataAllowed: not allowed due to - Attached= false
08-06 09:34:43.043  1154  1154 D DCT     : [ApnContext:hipri] getApnSetting: apnSetting=null
08-06 09:34:43.044  1154  1154 D PhoneFactory: getPhone:- phoneId != DEFAULT_PHONE_ID return sProxyPhones[phoneId] phoneId=0 phone=Handler (com.android.internal.telephony.PhoneProxy) {ff1ad28}
08-06 09:34:43.048  1154  1154 D DCT     : [0]isDataAllowed getRecordsLoaded=true
08-06 09:34:43.050  1154  1154 D DCT     : [0]isDataAllowed: not allowed due to - Attached= false
08-06 09:34:43.050  1154  1154 D DCT     : [ApnContext:ims] getApnSetting: apnSetting=null
08-06 09:34:43.051  1154  1154 D PhoneFactory: getPhone:- phoneId != DEFAULT_PHONE_ID return sProxyPhones[phoneId] phoneId=0 phone=Handler (com.android.internal.telephony.PhoneProxy) {ff1ad28}
08-06 09:34:43.055  1154  1154 D DCT     : [0]overall state is IDLE
08-06 09:34:43.056  1154  1154 D DCT     : [0]handleMessage msg={ when=-489ms what=270345 obj=android.os.AsyncResult@34370c9 target=com.android.internal.telephony.dataconnection.DcTracker }
08-06 09:34:43.056  1154  1154 D DCT     : [0]onDataConnectionDetached: stop polling and notify detached
08-06 09:34:43.057  1154  1154 D DCT     : [0]stopNetStatPoll
08-06 09:34:43.059  1154  1154 D DCT     : [0]stopDataStallAlarm: current tag=26475 mDataStallAlarmIntent=null
08-06 09:34:43.059  1154  1154 D DCT     : [0]notifyDataConnection: reason=dataDetached
08-06 09:34:43.061  1154  1154 D DCT     : [0]isDataAllowed getRecordsLoaded=true
08-06 09:34:43.062  1154  1154 D DCT     : [0]isDataAllowed: not allowed due to - Attached= false
08-06 09:34:43.062  1154  1154 D DCT     : [ApnContext:default] getApnSetting: apnSetting=null
08-06 09:34:43.063  1154  1154 D PhoneFactory: getPhone:- phoneId != DEFAULT_PHONE_ID return sProxyPhones[phoneId] phoneId=0 phone=Handler (com.android.internal.telephony.PhoneProxy) {ff1ad28}
08-06 09:34:43.067  1154  1154 D DCT     : [0]isDataAllowed getRecordsLoaded=true
08-06 09:34:43.068  1154  1154 D DCT     : [0]isDataAllowed: not allowed due to - Attached= false
08-06 09:34:43.069  1154  1154 D DCT     : [ApnContext:mms] getApnSetting: apnSetting=null
08-06 09:34:43.070  1154  1154 D PhoneFactory: getPhone:- phoneId != DEFAULT_PHONE_ID return sProxyPhones[phoneId] phoneId=0 phone=Handler (com.android.internal.telephony.PhoneProxy) {ff1ad28}
08-06 09:34:43.074  1154  1154 D DCT     : [0]isDataAllowed getRecordsLoaded=true
08-06 09:34:43.075  1154  1334 D CellBroadcastHandler: mWakeLock released
08-06 09:34:43.075  1154  1154 D DCT     : [0]isDataAllowed: not allowed due to - Attached= false
08-06 09:34:43.076  1154  1154 D DCT     : [ApnContext:cbs] getApnSetting: apnSetting=null
08-06 09:34:43.077  1154  1154 D PhoneFactory: getPhone:- phoneId != DEFAULT_PHONE_ID return sProxyPhones[phoneId] phoneId=0 phone=Handler (com.android.internal.telephony.PhoneProxy) {ff1ad28}
08-06 09:34:43.083  1154  1154 D DCT     : [0]isDataAllowed getRecordsLoaded=true
08-06 09:34:43.084  1154  1154 D DCT     : [0]isDataAllowed: not allowed due to - Attached= false
08-06 09:34:43.084  1154  1154 D DCT     : [ApnContext:fota] getApnSetting: apnSetting=null
08-06 09:34:43.085  1154  1154 D PhoneFactory: getPhone:- phoneId != DEFAULT_PHONE_ID return sProxyPhones[phoneId] phoneId=0 phone=Handler (com.android.internal.telephony.PhoneProxy) {ff1ad28}
08-06 09:34:43.091  1154  1154 D DCT     : [0]isDataAllowed getRecordsLoaded=true
08-06 09:34:43.092  1154  1154 D DCT     : [0]isDataAllowed: not allowed due to - Attached= false
08-06 09:34:43.092  1154  1154 D DCT     : [ApnContext:supl] getApnSetting: apnSetting=null
08-06 09:34:43.093  1154  1154 D PhoneFactory: getPhone:- phoneId != DEFAULT_PHONE_ID return sProxyPhones[phoneId] phoneId=0 phone=Handler (com.android.internal.telephony.PhoneProxy) {ff1ad28}
08-06 09:34:43.099  1154  1154 D DCT     : [0]isDataAllowed getRecordsLoaded=true
08-06 09:34:43.100  1154  1154 D DCT     : [0]isDataAllowed: not allowed due to - Attached= false
08-06 09:34:43.101  1154  1154 D DCT     : [ApnContext:ia] getApnSetting: apnSetting=null
08-06 09:34:43.102  1154  1154 D PhoneFactory: getPhone:- phoneId != DEFAULT_PHONE_ID return sProxyPhones[phoneId] phoneId=0 phone=Handler (com.android.internal.telephony.PhoneProxy) {ff1ad28}
08-06 09:34:43.107  1154  1154 D DCT     : [0]isDataAllowed getRecordsLoaded=true
08-06 09:34:43.108  1154  1154 D DCT     : [0]isDataAllowed: not allowed due to - Attached= false
08-06 09:34:43.108  1154  1154 D DCT     : [ApnContext:dun] getApnSetting: apnSetting=null
08-06 09:34:43.110  1154  1154 D PhoneFactory: getPhone:- phoneId != DEFAULT_PHONE_ID return sProxyPhones[phoneId] phoneId=0 phone=Handler (com.android.internal.telephony.PhoneProxy) {ff1ad28}
08-06 09:34:43.114  1154  1341 D CdmaServiceCategoryProgramHandler: mWakeLock released
08-06 09:34:43.115  1154  1154 D DCT     : [0]isDataAllowed getRecordsLoaded=true
08-06 09:34:43.116  1154  1154 D DCT     : [0]isDataAllowed: not allowed due to - Attached= false
08-06 09:34:43.116  1154  1154 D DCT     : [ApnContext:hipri] getApnSetting: apnSetting=null
08-06 09:34:43.117  1154  1154 D PhoneFactory: getPhone:- phoneId != DEFAULT_PHONE_ID return sProxyPhones[phoneId] phoneId=0 phone=Handler (com.android.internal.telephony.PhoneProxy) {ff1ad28}
08-06 09:34:43.123  1154  1154 D DCT     : [0]isDataAllowed getRecordsLoaded=true
08-06 09:34:43.124  1154  1154 D DCT     : [0]isDataAllowed: not allowed due to - Attached= false
08-06 09:34:43.124  1154  1154 D DCT     : [ApnContext:ims] getApnSetting: apnSetting=null
08-06 09:34:43.125  1154  1154 D PhoneFactory: getPhone:- phoneId != DEFAULT_PHONE_ID return sProxyPhones[phoneId] phoneId=0 phone=Handler (com.android.internal.telephony.PhoneProxy) {ff1ad28}
08-06 09:34:43.133  1154  1154 D DCT     : [0]handleMessage msg={ when=-564ms what=270348 obj=android.os.AsyncResult@348a73ce target=com.android.internal.telephony.dataconnection.DcTracker }
08-06 09:34:43.133  1154  1154 D DCT     : [0]onRoamingOff
08-06 09:34:43.134  1154  1154 D DCT     : [0]getDataOnRoamingEnabled: phoneSubId=1 isDataRoamingEnabled=true
08-06 09:34:43.134  1154  1154 D DCT     : [0]notifyDataConnection: reason=roamingOff
08-06 09:34:43.136  1154  1154 D DCT     : [0]isDataAllowed getRecordsLoaded=true
08-06 09:34:43.137  1154  1154 D DCT     : [0]isDataAllowed: not allowed due to - Attached= false
08-06 09:34:43.137  1154  1154 D DCT     : [ApnContext:default] getApnSetting: apnSetting=null
08-06 09:34:43.138  1154  1154 D PhoneFactory: getPhone:- phoneId != DEFAULT_PHONE_ID return sProxyPhones[phoneId] phoneId=0 phone=Handler (com.android.internal.telephony.PhoneProxy) {ff1ad28}
08-06 09:34:43.144  1154  1154 D DCT     : [0]isDataAllowed getRecordsLoaded=true
08-06 09:34:43.145  1154  1154 D DCT     : [0]isDataAllowed: not allowed due to - Attached= false
08-06 09:34:43.146  1154  1154 D DCT     : [ApnContext:mms] getApnSetting: apnSetting=null
08-06 09:34:43.147  1154  1154 D PhoneFactory: getPhone:- phoneId != DEFAULT_PHONE_ID return sProxyPhones[phoneId] phoneId=0 phone=Handler (com.android.internal.telephony.PhoneProxy) {ff1ad28}
08-06 09:34:43.153  1154  1154 D DCT     : [0]isDataAllowed getRecordsLoaded=true
08-06 09:34:43.154  1154  1154 D DCT     : [0]isDataAllowed: not allowed due to - Attached= false
08-06 09:34:43.154  1154  1154 D DCT     : [ApnContext:cbs] getApnSetting: apnSetting=null
08-06 09:34:43.155  1154  1154 D PhoneFactory: getPhone:- phoneId != DEFAULT_PHONE_ID return sProxyPhones[phoneId] phoneId=0 phone=Handler (com.android.internal.telephony.PhoneProxy) {ff1ad28}
08-06 09:34:43.161  1154  1154 D DCT     : [0]isDataAllowed getRecordsLoaded=true
08-06 09:34:43.162  1154  1154 D DCT     : [0]isDataAllowed: not allowed due to - Attached= false
08-06 09:34:43.163  1154  1154 D DCT     : [ApnContext:fota] getApnSetting: apnSetting=null
08-06 09:34:43.164  1154  1154 D PhoneFactory: getPhone:- phoneId != DEFAULT_PHONE_ID return sProxyPhones[phoneId] phoneId=0 phone=Handler (com.android.internal.telephony.PhoneProxy) {ff1ad28}
08-06 09:34:43.169  1154  1154 D DCT     : [0]isDataAllowed getRecordsLoaded=true
08-06 09:34:43.169  1154  1319 D GsmInboundSmsHandler: IdleState.processMessage:5
08-06 09:34:43.170  1154  1319 D GsmInboundSmsHandler: Idle state processing message type 5
08-06 09:34:43.170  1154  1335 D CdmaInboundSmsHandler: IdleState.processMessage:5
08-06 09:34:43.170  1154  1335 D CdmaInboundSmsHandler: Idle state processing message type 5
08-06 09:34:43.170  1154  1154 D DCT     : [0]isDataAllowed: not allowed due to - Attached= false
08-06 09:34:43.171  1154  1319 D GsmInboundSmsHandler: mWakeLock released
08-06 09:34:43.171  1154  1154 D DCT     : [ApnContext:supl] getApnSetting: apnSetting=null
08-06 09:34:43.172  1154  1335 D CdmaInboundSmsHandler: mWakeLock released
08-06 09:34:43.172  1154  1154 D PhoneFactory: getPhone:- phoneId != DEFAULT_PHONE_ID return sProxyPhones[phoneId] phoneId=0 phone=Handler (com.android.internal.telephony.PhoneProxy) {ff1ad28}
08-06 09:34:43.179  1154  1154 D DCT     : [0]isDataAllowed getRecordsLoaded=true
08-06 09:34:43.180  1154  1154 D DCT     : [0]isDataAllowed: not allowed due to - Attached= false
08-06 09:34:43.180  1154  1154 D DCT     : [ApnContext:ia] getApnSetting: apnSetting=null
08-06 09:34:43.182  1154  1154 D PhoneFactory: getPhone:- phoneId != DEFAULT_PHONE_ID return sProxyPhones[phoneId] phoneId=0 phone=Handler (com.android.internal.telephony.PhoneProxy) {ff1ad28}
08-06 09:34:43.187  1154  1154 D DCT     : [0]isDataAllowed getRecordsLoaded=true
08-06 09:34:43.187  1154  1154 D DCT     : [0]isDataAllowed: not allowed due to - Attached= false
08-06 09:34:43.187  1154  1154 D DCT     : [ApnContext:dun] getApnSetting: apnSetting=null
08-06 09:34:43.188  1154  1154 D PhoneFactory: getPhone:- phoneId != DEFAULT_PHONE_ID return sProxyPhones[phoneId] phoneId=0 phone=Handler (com.android.internal.telephony.PhoneProxy) {ff1ad28}
08-06 09:34:43.194  1154  1154 D DCT     : [0]isDataAllowed getRecordsLoaded=true
08-06 09:34:43.195  1154  1154 D DCT     : [0]isDataAllowed: not allowed due to - Attached= false
08-06 09:34:43.196  1154  1154 D DCT     : [ApnContext:hipri] getApnSetting: apnSetting=null
08-06 09:34:43.197  1154  1154 D PhoneFactory: getPhone:- phoneId != DEFAULT_PHONE_ID return sProxyPhones[phoneId] phoneId=0 phone=Handler (com.android.internal.telephony.PhoneProxy) {ff1ad28}
08-06 09:34:43.201  1154  1154 D DCT     : [0]isDataAllowed getRecordsLoaded=true
08-06 09:34:43.202  1154  1154 D DCT     : [0]isDataAllowed: not allowed due to - Attached= false
08-06 09:34:43.203  1154  1154 D DCT     : [ApnContext:ims] getApnSetting: apnSetting=null
08-06 09:34:43.204  1154  1154 D PhoneFactory: getPhone:- phoneId != DEFAULT_PHONE_ID return sProxyPhones[phoneId] phoneId=0 phone=Handler (com.android.internal.telephony.PhoneProxy) {ff1ad28}
08-06 09:34:43.211  1154  1154 D DCT     : [0]handleMessage msg={ when=-641ms what=270377 obj=android.os.AsyncResult@2d9042ef target=com.android.internal.telephony.dataconnection.DcTracker }
08-06 09:34:43.211  1154  1154 D DCT     : [0]setupDataOnConnectableApns: nwTypeChanged
08-06 09:34:43.212  1154  1154 D DCT     : [0]setupDataOnConnectableApns: apnContext {mApnType=hipri mState=IDLE mWaitingApns={null} mWaitingApnsPermanentFailureCountDown=0 mApnSetting={null} mReason=radioTurnedOff mDataEnabled=false mDependencyMet=true}
08-06 09:34:43.213  1154  1154 D DCT     : [0]setupDataOnConnectableApns: apnContext {mApnType=mms mState=IDLE mWaitingApns={null} mWaitingApnsPermanentFailureCountDown=0 mApnSetting={null} mReason=radioTurnedOff mDataEnabled=false mDependencyMet=true}
08-06 09:34:43.214  1154  1154 D DCT     : [0]setupDataOnConnectableApns: apnContext {mApnType=supl mState=IDLE mWaitingApns={null} mWaitingApnsPermanentFailureCountDown=0 mApnSetting={null} mReason=radioTurnedOff mDataEnabled=false mDependencyMet=true}
08-06 09:34:43.215  1154  1154 D DCT     : [0]setupDataOnConnectableApns: apnContext {mApnType=cbs mState=IDLE mWaitingApns={null} mWaitingApnsPermanentFailureCountDown=0 mApnSetting={null} mReason=radioTurnedOff mDataEnabled=false mDependencyMet=true}
08-06 09:34:43.215  1154  1154 D DCT     : [0]setupDataOnConnectableApns: apnContext {mApnType=dun mState=IDLE mWaitingApns={null} mWaitingApnsPermanentFailureCountDown=0 mApnSetting={null} mReason=radioTurnedOff mDataEnabled=false mDependencyMet=true}
08-06 09:34:43.216  1154  1154 D DCT     : [0]setupDataOnConnectableApns: apnContext {mApnType=fota mState=IDLE mWaitingApns={null} mWaitingApnsPermanentFailureCountDown=0 mApnSetting={null} mReason=radioTurnedOff mDataEnabled=false mDependencyMet=true}
08-06 09:34:43.217  1154  1154 D DCT     : [0]setupDataOnConnectableApns: apnContext {mApnType=ims mState=IDLE mWaitingApns={null} mWaitingApnsPermanentFailureCountDown=0 mApnSetting={null} mReason=radioTurnedOff mDataEnabled=false mDependencyMet=true}
08-06 09:34:43.218  1154  1154 D DCT     : [0]setupDataOnConnectableApns: apnContext {mApnType=default mState=IDLE mWaitingApns={null} mWaitingApnsPermanentFailureCountDown=0 mApnSetting={null} mReason=radioTurnedOff mDataEnabled=false mDependencyMet=true}
08-06 09:34:43.219  1154  1154 D DCT     : [0]setupDataOnConnectableApns: apnContext {mApnType=ia mState=IDLE mWaitingApns={null} mWaitingApnsPermanentFailureCountDown=0 mApnSetting={null} mReason=radioTurnedOff mDataEnabled=false mDependencyMet=true}
08-06 09:34:43.220  1154  1154 D DCT     : [0]handleMessage msg={ when=-650ms what=270377 obj=android.os.AsyncResult@eab81fc target=com.android.internal.telephony.dataconnection.DcTracker }
08-06 09:34:43.220  1154  1154 D DCT     : [0]setupDataOnConnectableApns: nwTypeChanged
08-06 09:34:43.221  1154  1154 D DCT     : [0]setupDataOnConnectableApns: apnContext {mApnType=hipri mState=IDLE mWaitingApns={null} mWaitingApnsPermanentFailureCountDown=0 mApnSetting={null} mReason=radioTurnedOff mDataEnabled=false mDependencyMet=true}
08-06 09:34:43.222  1154  1154 D DCT     : [0]setupDataOnConnectableApns: apnContext {mApnType=mms mState=IDLE mWaitingApns={null} mWaitingApnsPermanentFailureCountDown=0 mApnSetting={null} mReason=radioTurnedOff mDataEnabled=false mDependencyMet=true}
08-06 09:34:43.222  1154  1154 D DCT     : [0]setupDataOnConnectableApns: apnContext {mApnType=supl mState=IDLE mWaitingApns={null} mWaitingApnsPermanentFailureCountDown=0 mApnSetting={null} mReason=radioTurnedOff mDataEnabled=false mDependencyMet=true}
08-06 09:34:43.223  1154  1154 D DCT     : [0]setupDataOnConnectableApns: apnContext {mApnType=cbs mState=IDLE mWaitingApns={null} mWaitingApnsPermanentFailureCountDown=0 mApnSetting={null} mReason=radioTurnedOff mDataEnabled=false mDependencyMet=true}
08-06 09:34:43.225  1154  1154 D DCT     : [0]setupDataOnConnectableApns: apnContext {mApnType=dun mState=IDLE mWaitingApns={null} mWaitingApnsPermanentFailureCountDown=0 mApnSetting={null} mReason=radioTurnedOff mDataEnabled=false mDependencyMet=true}
08-06 09:34:43.225  1154  1154 D DCT     : [0]setupDataOnConnectableApns: apnContext {mApnType=fota mState=IDLE mWaitingApns={null} mWaitingApnsPermanentFailureCountDown=0 mApnSetting={null} mReason=radioTurnedOff mDataEnabled=false mDependencyMet=true}
08-06 09:34:43.226  1154  1154 D DCT     : [0]setupDataOnConnectableApns: apnContext {mApnType=ims mState=IDLE mWaitingApns={null} mWaitingApnsPermanentFailureCountDown=0 mApnSetting={null} mReason=radioTurnedOff mDataEnabled=false mDependencyMet=true}
08-06 09:34:43.227  1154  1154 D DCT     : [0]setupDataOnConnectableApns: apnContext {mApnType=default mState=IDLE mWaitingApns={null} mWaitingApnsPermanentFailureCountDown=0 mApnSetting={null} mReason=radioTurnedOff mDataEnabled=false mDependencyMet=true}
08-06 09:34:43.228  1154  1154 D DCT     : [0]setupDataOnConnectableApns: apnContext {mApnType=ia mState=IDLE mWaitingApns={null} mWaitingApnsPermanentFailureCountDown=0 mApnSetting={null} mReason=radioTurnedOff mDataEnabled=false mDependencyMet=true}
08-06 09:34:43.229  1154  1154 D DCT     : [0]handleMessage msg={ when=-659ms what=270377 obj=android.os.AsyncResult@5895085 target=com.android.internal.telephony.dataconnection.DcTracker }
08-06 09:34:43.229  1154  1154 D DCT     : [0]setupDataOnConnectableApns: nwTypeChanged
08-06 09:34:43.230  1154  1154 D DCT     : [0]setupDataOnConnectableApns: apnContext {mApnType=hipri mState=IDLE mWaitingApns={null} mWaitingApnsPermanentFailureCountDown=0 mApnSetting={null} mReason=radioTurnedOff mDataEnabled=false mDependencyMet=true}
08-06 09:34:43.231  1154  1154 D DCT     : [0]setupDataOnConnectableApns: apnContext {mApnType=mms mState=IDLE mWaitingApns={null} mWaitingApnsPermanentFailureCountDown=0 mApnSetting={null} mReason=radioTurnedOff mDataEnabled=false mDependencyMet=true}
08-06 09:34:43.232  1154  1154 D DCT     : [0]setupDataOnConnectableApns: apnContext {mApnType=supl mState=IDLE mWaitingApns={null} mWaitingApnsPermanentFailureCountDown=0 mApnSetting={null} mReason=radioTurnedOff mDataEnabled=false mDependencyMet=true}
08-06 09:34:43.233  1154  1154 D DCT     : [0]setupDataOnConnectableApns: apnContext {mApnType=cbs mState=IDLE mWaitingApns={null} mWaitingApnsPermanentFailureCountDown=0 mApnSetting={null} mReason=radioTurnedOff mDataEnabled=false mDependencyMet=true}
08-06 09:34:43.233  1154  1154 D DCT     : [0]setupDataOnConnectableApns: apnContext {mApnType=dun mState=IDLE mWaitingApns={null} mWaitingApnsPermanentFailureCountDown=0 mApnSetting={null} mReason=radioTurnedOff mDataEnabled=false mDependencyMet=true}
08-06 09:34:43.234  1154  1154 D DCT     : [0]setupDataOnConnectableApns: apnContext {mApnType=fota mState=IDLE mWaitingApns={null} mWaitingApnsPermanentFailureCountDown=0 mApnSetting={null} mReason=radioTurnedOff mDataEnabled=false mDependencyMet=true}
08-06 09:34:43.235  1154  1154 D DCT     : [0]setupDataOnConnectableApns: apnContext {mApnType=ims mState=IDLE mWaitingApns={null} mWaitingApnsPermanentFailureCountDown=0 mApnSetting={null} mReason=radioTurnedOff mDataEnabled=false mDependencyMet=true}
08-06 09:34:43.236  1154  1154 D DCT     : [0]setupDataOnConnectableApns: apnContext {mApnType=default mState=IDLE mWaitingApns={null} mWaitingApnsPermanentFailureCountDown=0 mApnSetting={null} mReason=radioTurnedOff mDataEnabled=false mDependencyMet=true}
08-06 09:34:43.237  1154  1154 D DCT     : [0]setupDataOnConnectableApns: apnContext {mApnType=ia mState=IDLE mWaitingApns={null} mWaitingApnsPermanentFailureCountDown=0 mApnSetting={null} mReason=radioTurnedOff mDataEnabled=false mDependencyMet=true}
08-06 09:34:43.237  1154  1154 D RILJ    : [3721]> OPERATOR [SUB0]
08-06 09:34:43.240  1154  1154 D RILJ    : [3722]> DATA_REGISTRATION_STATE [SUB0]
08-06 09:34:43.240   191  1478 D RILC    : RequestComplete, RIL_SOCKET_1
08-06 09:34:43.241   191  1478 E RILC    : Send Response to RIL_SOCKET_1
08-06 09:34:43.242  1154  1299 D RILJ    : [3721]< OPERATOR {null, null, null} [SUB0]
08-06 09:34:43.242  1154  1154 D RILJ    : [3723]> VOICE_REGISTRATION_STATE [SUB0]
08-06 09:34:43.244  1154  1154 D RILJ    : [3724]> QUERY_NETWORK_SELECTION_MODE [SUB0]
08-06 09:34:43.245   191  1479 D RILC    : RequestComplete, RIL_SOCKET_1
08-06 09:34:43.246   191  1479 E RILC    : Send Response to RIL_SOCKET_1
08-06 09:34:43.246   191  1480 I RILQ    : (0/191):RIL[0][cmd-20(248)] qcril_qmi_nas_update_data_rte: completed, new drte 0 with confidence 4
08-06 09:34:43.247  1154  1299 D RILJ    : [3722]< DATA_REGISTRATION_STATE {3, null, null, null, 15, 20, null, 242, -1, null, null} [SUB0]
08-06 09:34:43.247   191  1480 D RILC    : RequestComplete, RIL_SOCKET_1
08-06 09:34:43.247   191  1480 E RILC    : Send Response to RIL_SOCKET_1
08-06 09:34:43.249  1154  1299 D RILJ    : [3723]< VOICE_REGISTRATION_STATE {2, null, null, 0, null, null, null, 0, null, null, null, null, null, 0, null} [SUB0]
08-06 09:34:43.250   191  1481 D RILC    : RequestComplete, RIL_SOCKET_1
08-06 09:34:43.250   191  1481 E RILC    : Send Response to RIL_SOCKET_1
08-06 09:34:43.251  1154  1154 D RILJ    : [3725]> OPERATOR [SUB0]
08-06 09:34:43.251  1154  1299 D RILJ    : [3724]< QUERY_NETWORK_SELECTION_MODE {0} [SUB0]
08-06 09:34:43.253  1154  1154 D RILJ    : [3726]> DATA_REGISTRATION_STATE [SUB0]
08-06 09:34:43.253   191  1482 D RILC    : RequestComplete, RIL_SOCKET_1
08-06 09:34:43.253   191  1482 E RILC    : Send Response to RIL_SOCKET_1
08-06 09:34:43.255  1154  1299 D RILJ    : [3725]< OPERATOR {null, null, null} [SUB0]
08-06 09:34:43.255  1154  1154 D RILJ    : [3727]> VOICE_REGISTRATION_STATE [SUB0]
08-06 09:34:43.256  1154  1154 D RILJ    : [3728]> QUERY_NETWORK_SELECTION_MODE [SUB0]
08-06 09:34:43.258  1154  1154 D RILJ    : [3729]> OPERATOR [SUB0]
08-06 09:34:43.258   191  1483 D RILC    : RequestComplete, RIL_SOCKET_1
