08-06 10:20:35.163   713 29460 W InputMethodManagerService: Window already focused, ignoring focus gain of: com.android.internal.view.IInputMethodClient$Stub$Proxy@1c8ad338 attribute=null, token = android.os.BinderProxy@12fef021
08-06 10:20:40.688   713  1248 I ActivityManager: START u0 {act=com.youku.action.YoukuWebview cmp=com.youku.phone/com.youku.ui.activity.WebViewActivity (has extras)} from uid 10054 on display 0
08-06 10:20:40.702   713  1248 V WindowManager: addAppToken: AppWindowToken{2aa09e77 token=Token{254c6876 ActivityRecord{8c72f11 u0 com.youku.phone/com.youku.ui.activity.WebViewActivity t4}}} to stack=1 task=4 at 4
08-06 10:20:41.209   713   778 W ActivityManager: Activity pause timeout for ActivityRecord{367992e6 u0 com.youku.phone/com.youku.ui.activity.DetailActivity t4}
08-06 10:20:41.552  2545  2545 W ViewRootImpl: Dropping event due to no window focus: KeyEvent { action=ACTION_DOWN, keyCode=KEYCODE_DPAD_LEFT, scanCode=0, metaState=0, flags=0x400, repeatCount=0, eventTime=2787702, downTime=2787702, deviceId=-1, source=0x101 }
08-06 10:20:41.559  2545  2545 W ViewRootImpl: Cancelling event due to no window focus: KeyEvent { action=ACTION_UP, keyCode=KEYCODE_DPAD_LEFT, scanCode=0, metaState=0, flags=0x420, repeatCount=0, eventTime=2787702, downTime=2787702, deviceId=-1, source=0x101 }
08-06 10:20:41.560  2545  2545 W ViewRootImpl: Cancelling event due to no window focus: KeyEvent { action=ACTION_UP, keyCode=KEYCODE_DPAD_LEFT, scanCode=0, metaState=0, flags=0x420, repeatCount=0, eventTime=2787702, downTime=2787702, deviceId=-1, source=0x101 }
08-06 10:20:41.560  2545  2545 W ViewRootImpl: Cancelling event due to no window focus: KeyEvent { action=ACTION_UP, keyCode=KEYCODE_DPAD_LEFT, scanCode=0, metaState=0, flags=0x420, repeatCount=0, eventTime=2787702, downTime=2787702, deviceId=-1, source=0x101 }
08-06 10:20:41.574  2545  2545 W ViewRootImpl: Dropping event due to no window focus: KeyEvent { action=ACTION_DOWN, keyCode=KEYCODE_DPAD_LEFT, scanCode=0, metaState=0, flags=0x400, repeatCount=0, eventTime=2787702, downTime=2787702, deviceId=-1, source=0x101 }
08-06 10:20:41.578  2545  2545 W ViewRootImpl: Cancelling event due to no window focus: KeyEvent { action=ACTION_UP, keyCode=KEYCODE_DPAD_LEFT, scanCode=0, metaState=0, flags=0x420, repeatCount=0, eventTime=2787702, downTime=2787702, deviceId=-1, source=0x101 }
08-06 10:20:41.578  2545  2545 W ViewRootImpl: Cancelling event due to no window focus: KeyEvent { action=ACTION_UP, keyCode=KEYCODE_DPAD_LEFT, scanCode=0, metaState=0, flags=0x420, repeatCount=0, eventTime=2787702, downTime=2787702, deviceId=-1, source=0x101 }
08-06 10:20:41.581  2545  2545 W ViewRootImpl: Cancelling event due to no window focus: KeyEvent { action=ACTION_UP, keyCode=KEYCODE_DPAD_LEFT, scanCode=0, metaState=0, flags=0x420, repeatCount=0, eventTime=2787702, downTime=2787702, deviceId=-1, source=0x101 }
08-06 10:20:41.585  2545  2545 W ViewRootImpl: Dropping event due to no window focus: KeyEvent { action=ACTION_DOWN, keyCode=KEYCODE_DPAD_LEFT, scanCode=0, metaState=0, flags=0x400, repeatCount=0, eventTime=2787702, downTime=2787702, deviceId=-1, source=0x101 }
08-06 10:20:41.585  2545  2545 W ViewRootImpl: Cancelling event due to no window focus: KeyEvent { action=ACTION_UP, keyCode=KEYCODE_DPAD_LEFT, scanCode=0, metaState=0, flags=0x420, repeatCount=0, eventTime=2787702, downTime=2787702, deviceId=-1, source=0x101 }
08-06 10:20:41.592  2545  2545 W ViewRootImpl: Cancelling event due to no window focus: KeyEvent { action=ACTION_UP, keyCode=KEYCODE_DPAD_LEFT, scanCode=0, metaState=0, flags=0x420, repeatCount=0, eventTime=2787702, downTime=2787702, deviceId=-1, source=0x101 }
08-06 10:20:41.593  2545  2545 W ViewRootImpl: Cancelling event due to no window focus: KeyEvent { action=ACTION_UP, keyCode=KEYCODE_DPAD_LEFT, scanCode=0, metaState=0, flags=0x420, repeatCount=0, eventTime=2787702, downTime=2787702, deviceId=-1, source=0x101 }
08-06 10:20:41.735  2545  2545 W ViewRootImpl: Cancelling event due to no window focus: KeyEvent { action=ACTION_UP, keyCode=KEYCODE_DPAD_LEFT, scanCode=0, metaState=0, flags=0x420, repeatCount=0, eventTime=2787702, downTime=2787702, deviceId=-1, source=0x101 }
08-06 10:20:41.742  2545  2545 W ViewRootImpl: Cancelling event due to no window focus: KeyEvent { action=ACTION_UP, keyCode=KEYCODE_DPAD_LEFT, scanCode=0, metaState=0, flags=0x420, repeatCount=0, eventTime=2787702, downTime=2787702, deviceId=-1, source=0x101 }
08-06 10:20:41.743  2545  2545 W ViewRootImpl: Cancelling event due to no window focus: KeyEvent { action=ACTION_UP, keyCode=KEYCODE_DPAD_LEFT, scanCode=0, metaState=0, flags=0x420, repeatCount=0, eventTime=2787702, downTime=2787702, deviceId=-1, source=0x101 }
08-06 10:20:41.776  2545  2545 W ViewRootImpl: Cancelling event due to no window focus: KeyEvent { action=ACTION_UP, keyCode=KEYCODE_DPAD_LEFT, scanCode=0, metaState=0, flags=0x80000420, repeatCount=0, eventTime=2787702, downTime=2787702, deviceId=-1, source=0x101 }
08-06 10:20:41.779  2545  2545 W ViewRootImpl: Cancelling event due to no window focus: KeyEvent { action=ACTION_UP, keyCode=KEYCODE_DPAD_LEFT, scanCode=0, metaState=0, flags=0x80000420, repeatCount=0, eventTime=2787702, downTime=2787702, deviceId=-1, source=0x101 }
08-06 10:20:41.779  2545  2545 W ViewRootImpl: Cancelling event due to no window focus: KeyEvent { action=ACTION_UP, keyCode=KEYCODE_DPAD_LEFT, scanCode=0, metaState=0, flags=0x80000420, repeatCount=0, eventTime=2787702, downTime=2787702, deviceId=-1, source=0x101 }
08-06 10:20:41.780  2545  2545 W ViewRootImpl: Cancelling event due to no window focus: KeyEvent { action=ACTION_UP, keyCode=KEYCODE_DPAD_LEFT, scanCode=0, metaState=0, flags=0x420, repeatCount=0, eventTime=2787702, downTime=2787702, deviceId=-1, source=0x101 }
08-06 10:20:41.781  2545  2545 W ViewRootImpl: Cancelling event due to no window focus: KeyEvent { action=ACTION_UP, keyCode=KEYCODE_DPAD_LEFT, scanCode=0, metaState=0, flags=0x420, repeatCount=0, eventTime=2787702, downTime=2787702, deviceId=-1, source=0x101 }
08-06 10:20:41.789  2545  2545 W ViewRootImpl: Cancelling event due to no window focus: KeyEvent { action=ACTION_UP, keyCode=KEYCODE_DPAD_LEFT, scanCode=0, metaState=0, flags=0x420, repeatCount=0, eventTime=2787702, downTime=2787702, deviceId=-1, source=0x101 }
08-06 10:20:41.807  2545  2545 W ViewRootImpl: Cancelling event due to no window focus: KeyEvent { action=ACTION_UP, keyCode=KEYCODE_DPAD_LEFT, scanCode=0, metaState=0, flags=0x80000420, repeatCount=0, eventTime=2787702, downTime=2787702, deviceId=-1, source=0x101 }
08-06 10:20:41.832  2545  2545 W ViewRootImpl: Cancelling event due to no window focus: KeyEvent { action=ACTION_UP, keyCode=KEYCODE_DPAD_LEFT, scanCode=0, metaState=0, flags=0x80000420, repeatCount=0, eventTime=2787702, downTime=2787702, deviceId=-1, source=0x101 }
08-06 10:20:41.832  2545  2545 W ViewRootImpl: Cancelling event due to no window focus: KeyEvent { action=ACTION_UP, keyCode=KEYCODE_DPAD_LEFT, scanCode=0, metaState=0, flags=0x80000420, repeatCount=0, eventTime=2787702, downTime=2787702, deviceId=-1, source=0x101 }
08-06 10:20:41.833  2545  2545 W ViewRootImpl: Cancelling event due to no window focus: KeyEvent { action=ACTION_UP, keyCode=KEYCODE_DPAD_LEFT, scanCode=0, metaState=0, flags=0x420, repeatCount=0, eventTime=2787702, downTime=2787702, deviceId=-1, source=0x101 }
08-06 10:20:41.839  2545  2545 W ViewRootImpl: Cancelling event due to no window focus: KeyEvent { action=ACTION_UP, keyCode=KEYCODE_DPAD_LEFT, scanCode=0, metaState=0, flags=0x420, repeatCount=0, eventTime=2787702, downTime=2787702, deviceId=-1, source=0x101 }
08-06 10:20:41.842  2545  2545 W ViewRootImpl: Cancelling event due to no window focus: KeyEvent { action=ACTION_UP, keyCode=KEYCODE_DPAD_LEFT, scanCode=0, metaState=0, flags=0x420, repeatCount=0, eventTime=2787702, downTime=2787702, deviceId=-1, source=0x101 }
08-06 10:20:41.873  2545  2545 W ViewRootImpl: Cancelling event due to no window focus: KeyEvent { action=ACTION_UP, keyCode=KEYCODE_DPAD_LEFT, scanCode=0, metaState=0, flags=0x80000420, repeatCount=0, eventTime=2787702, downTime=2787702, deviceId=-1, source=0x101 }
08-06 10:20:41.876  2545  2545 W ViewRootImpl: Cancelling event due to no window focus: KeyEvent { action=ACTION_UP, keyCode=KEYCODE_DPAD_LEFT, scanCode=0, metaState=0, flags=0x80000420, repeatCount=0, eventTime=2787702, downTime=2787702, deviceId=-1, source=0x101 }
08-06 10:20:41.876  2545  2545 W ViewRootImpl: Cancelling event due to no window focus: KeyEvent { action=ACTION_UP, keyCode=KEYCODE_DPAD_LEFT, scanCode=0, metaState=0, flags=0x80000420, repeatCount=0, eventTime=2787702, downTime=2787702, deviceId=-1, source=0x101 }
08-06 10:20:42.353   713  1248 W ActivityManager: getTasks: caller 10054 does not hold GET_TASKS; limiting output
08-06 10:20:42.429   713  1248 V WindowManager: Adding window Window{3b96e56f u0 com.youku.phone/com.youku.ui.activity.WebViewActivity} at 8 of 14 (after Window{1e3c7c46 u0 com.youku.phone/com.youku.ui.activity.DetailActivity})
08-06 10:20:42.610  2545  2545 W ViewRootImpl: Dropping event due to no window focus: KeyEvent { action=ACTION_DOWN, keyCode=KEYCODE_DPAD_RIGHT, scanCode=0, metaState=0, flags=0x8, repeatCount=0, eventTime=2787331, downTime=2787331, deviceId=-1, source=0x101 }
08-06 10:20:42.621  2545  2545 W ViewRootImpl: Cancelling event due to no window focus: KeyEvent { action=ACTION_UP, keyCode=KEYCODE_DPAD_RIGHT, scanCode=0, metaState=0, flags=0x28, repeatCount=0, eventTime=2789319, downTime=2789319, deviceId=-1, source=0x101 }
08-06 10:20:42.628  2545  2545 W ViewRootImpl: Cancelling event due to no window focus: KeyEvent { action=ACTION_UP, keyCode=KEYCODE_DPAD_RIGHT, scanCode=0, metaState=0, flags=0x28, repeatCount=0, eventTime=2789319, downTime=2789319, deviceId=-1, source=0x101 }
08-06 10:20:42.632  2545  2545 W ViewRootImpl: Cancelling event due to no window focus: KeyEvent { action=ACTION_UP, keyCode=KEYCODE_DPAD_RIGHT, scanCode=0, metaState=0, flags=0x28, repeatCount=0, eventTime=2789319, downTime=2789319, deviceId=-1, source=0x101 }
08-06 10:20:42.632  2545  2545 W ViewRootImpl: Cancelling event due to no window focus: KeyEvent { action=ACTION_UP, keyCode=KEYCODE_DPAD_RIGHT, scanCode=0, metaState=0, flags=0x28, repeatCount=0, eventTime=2789319, downTime=2789319, deviceId=-1, source=0x101 }
08-06 10:20:42.638  2545  2545 W ViewRootImpl: Cancelling event due to no window focus: KeyEvent { action=ACTION_UP, keyCode=KEYCODE_DPAD_RIGHT, scanCode=0, metaState=0, flags=0x28, repeatCount=0, eventTime=2789319, downTime=2789319, deviceId=-1, source=0x101 }
08-06 10:20:42.646  2545  2545 W ViewRootImpl: Cancelling event due to no window focus: KeyEvent { action=ACTION_UP, keyCode=KEYCODE_DPAD_RIGHT, scanCode=0, metaState=0, flags=0x28, repeatCount=0, eventTime=2789319, downTime=2789319, deviceId=-1, source=0x101 }
08-06 10:20:42.652  2545  2545 W ViewRootImpl: Cancelling event due to no window focus: KeyEvent { action=ACTION_UP, keyCode=KEYCODE_DPAD_RIGHT, scanCode=0, metaState=0, flags=0x80000028, repeatCount=0, eventTime=2789319, downTime=2789319, deviceId=-1, source=0x101 }
08-06 10:20:42.653  2545  2545 W ViewRootImpl: Cancelling event due to no window focus: KeyEvent { action=ACTION_UP, keyCode=KEYCODE_DPAD_RIGHT, scanCode=0, metaState=0, flags=0x80000028, repeatCount=0, eventTime=2789319, downTime=2789319, deviceId=-1, source=0x101 }
08-06 10:20:42.653  2545  2545 W ViewRootImpl: Cancelling event due to no window focus: KeyEvent { action=ACTION_UP, keyCode=KEYCODE_DPAD_RIGHT, scanCode=0, metaState=0, flags=0x80000028, repeatCount=0, eventTime=2789319, downTime=2789319, deviceId=-1, source=0x101 }
08-06 10:20:48.509   713  1248 W ActivityManager: getTasks: caller 10054 does not hold GET_TASKS; limiting output
08-06 10:20:49.023   713   778 W ActivityManager: Activity pause timeout for ActivityRecord{8c72f11 u0 com.youku.phone/com.youku.ui.activity.WebViewActivity t4 f}
08-06 10:20:49.550   713 14522 W InputManager: Input event injection from pid 2524 failed.
08-06 10:20:49.585   713  1285 W InputManager: Input event injection from pid 2524 failed.
08-06 10:20:50.708   713   778 W ActivityManager: Launch timeout has expired, giving up wake lock!
08-06 10:20:51.940   713  1019 I ActivityManager: START u0 {act=com.youku.action.YoukuWebview cmp=com.youku.phone/com.youku.ui.activity.WebViewActivity (has extras)} from uid 10054 on display 0
08-06 10:20:51.955   713  1019 V WindowManager: addAppToken: AppWindowToken{e32085f token=Token{228b28fe ActivityRecord{1f8dfcb9 u0 com.youku.phone/com.youku.ui.activity.WebViewActivity t4}}} to stack=1 task=4 at 5
08-06 10:20:52.513   713   778 W ActivityManager: Activity pause timeout for ActivityRecord{367992e6 u0 com.youku.phone/com.youku.ui.activity.DetailActivity t4}
08-06 10:20:53.438   713  1248 W ProcessCpuTracker: Skipping unknown process pid 20437
08-06 10:20:55.945   713 29460 W ActivityManager: getTasks: caller 10054 does not hold GET_TASKS; limiting output
08-06 10:20:56.005   713 29460 V WindowManager: Adding window Window{1dea457 u0 com.youku.phone/com.youku.ui.activity.WebViewActivity} at 9 of 15 (after Window{3b96e56f u0 com.youku.phone/com.youku.ui.activity.WebViewActivity})
08-06 10:20:56.540  2545  2545 W ViewRootImpl: Dropping event due to no window focus: KeyEvent { action=ACTION_DOWN, keyCode=KEYCODE_DPAD_CENTER, scanCode=0, metaState=0, flags=0x8, repeatCount=0, eventTime=2799545, downTime=2799545, deviceId=-1, source=0x101 }
08-06 10:20:56.547  2545  2545 W ViewRootImpl: Cancelling event due to no window focus: KeyEvent { action=ACTION_UP, keyCode=KEYCODE_DPAD_CENTER, scanCode=0, metaState=0, flags=0x28, repeatCount=0, eventTime=2803244, downTime=2803244, deviceId=-1, source=0x101 }
08-06 10:20:56.552  2545  2545 W ViewRootImpl: Cancelling event due to no window focus: KeyEvent { action=ACTION_UP, keyCode=KEYCODE_DPAD_CENTER, scanCode=0, metaState=0, flags=0x28, repeatCount=0, eventTime=2803244, downTime=2803244, deviceId=-1, source=0x101 }
08-06 10:20:56.553  2545  2545 W ViewRootImpl: Cancelling event due to no window focus: KeyEvent { action=ACTION_UP, keyCode=KEYCODE_DPAD_CENTER, scanCode=0, metaState=0, flags=0x28, repeatCount=0, eventTime=2803244, downTime=2803244, deviceId=-1, source=0x101 }
08-06 10:20:56.553  2545  2545 W ViewRootImpl: Cancelling event due to no window focus: KeyEvent { action=ACTION_UP, keyCode=KEYCODE_DPAD_CENTER, scanCode=0, metaState=0, flags=0x28, repeatCount=0, eventTime=2803244, downTime=2803244, deviceId=-1, source=0x101 }
08-06 10:20:56.561  2545  2545 W ViewRootImpl: Cancelling event due to no window focus: KeyEvent { action=ACTION_UP, keyCode=KEYCODE_DPAD_CENTER, scanCode=0, metaState=0, flags=0x28, repeatCount=0, eventTime=2803244, downTime=2803244, deviceId=-1, source=0x101 }
08-06 10:20:56.562  2545  2545 W ViewRootImpl: Cancelling event due to no window focus: KeyEvent { action=ACTION_UP, keyCode=KEYCODE_DPAD_CENTER, scanCode=0, metaState=0, flags=0x28, repeatCount=0, eventTime=2803244, downTime=2803244, deviceId=-1, source=0x101 }
08-06 10:20:56.581  2545  2545 W ViewRootImpl: Cancelling event due to no window focus: KeyEvent { action=ACTION_UP, keyCode=KEYCODE_DPAD_CENTER, scanCode=0, metaState=0, flags=0x80000028, repeatCount=0, eventTime=2803244, downTime=2803244, deviceId=-1, source=0x101 }
08-06 10:20:56.582  2545  2545 W ViewRootImpl: Cancelling event due to no window focus: KeyEvent { action=ACTION_UP, keyCode=KEYCODE_DPAD_CENTER, scanCode=0, metaState=0, flags=0x80000028, repeatCount=0, eventTime=2803244, downTime=2803244, deviceId=-1, source=0x101 }
08-06 10:20:56.582  2545  2545 W ViewRootImpl: Cancelling event due to no window focus: KeyEvent { action=ACTION_UP, keyCode=KEYCODE_DPAD_CENTER, scanCode=0, metaState=0, flags=0x80000028, repeatCount=0, eventTime=2803244, downTime=2803244, deviceId=-1, source=0x101 }
08-06 10:21:02.579   713   777 I UsageStatsService: User[0] Flushing usage stats to disk
08-06 10:21:13.057   713  1019 W ProcessCpuTracker: Skipping unknown process pid 25353
08-06 10:21:18.651   713 29460 I ActivityManager: START u0 {act=android.intent.action.MAIN cat=[android.intent.category.LAUNCHER] flg=0x10200000 cmp=com.youku.phone/.ActivityWelcome} from uid 0 on display 0
08-06 10:21:34.495   713 29460 I ActivityManager: START u0 {act=android.intent.action.MAIN cat=[android.intent.category.LAUNCHER] flg=0x10200000 cmp=com.youku.phone/.ActivityWelcome} from uid 0 on display 0
08-06 10:21:47.183   713   819 I ActivityManager: START u0 {act=android.intent.action.MAIN cat=[android.intent.category.LAUNCHER] flg=0x10000000 cmp=com.android.calendar/.AllInOneActivity sel=act=android.intent.action.MAIN cat=[android.intent.category.APP_CALENDAR]}} from uid 1000 on display 0
08-06 10:21:53.205   713  1224 W ProcessCpuTracker: Skipping unknown process pid 3376
08-06 10:21:57.886   713  1019 W ActivityManager: getTasks: caller 10054 does not hold GET_TASKS; limiting output
08-06 10:21:57.905   713  1224 W ActivityManager: Duplicate finish request for ActivityRecord{1f8dfcb9 u0 com.youku.phone/com.youku.ui.activity.WebViewActivity t4 f}
08-06 10:21:59.279  2545  2545 W ViewRootImpl: Dropping event due to no window focus: KeyEvent { action=ACTION_DOWN, keyCode=KEYCODE_DPAD_DOWN, scanCode=0, metaState=0, flags=0x8, repeatCount=0, eventTime=2865584, downTime=2865584, deviceId=-1, source=0x101 }
08-06 10:21:59.283  2545  2545 W ViewRootImpl: Cancelling event due to no window focus: KeyEvent { action=ACTION_UP, keyCode=KEYCODE_DPAD_DOWN, scanCode=0, metaState=0, flags=0x28, repeatCount=0, eventTime=2865798, downTime=2865798, deviceId=-1, source=0x101 }
08-06 10:21:59.292  2545  2545 W ViewRootImpl: Cancelling event due to no window focus: KeyEvent { action=ACTION_UP, keyCode=KEYCODE_DPAD_DOWN, scanCode=0, metaState=0, flags=0x28, repeatCount=0, eventTime=2865798, downTime=2865798, deviceId=-1, source=0x101 }
08-06 10:21:59.298  2545  2545 W ViewRootImpl: Cancelling event due to no window focus: KeyEvent { action=ACTION_UP, keyCode=KEYCODE_DPAD_DOWN, scanCode=0, metaState=0, flags=0x28, repeatCount=0, eventTime=2865798, downTime=2865798, deviceId=-1, source=0x101 }
08-06 10:21:59.302  2545  2545 W ViewRootImpl: Cancelling event due to no window focus: KeyEvent { action=ACTION_UP, keyCode=KEYCODE_DPAD_DOWN, scanCode=0, metaState=0, flags=0x28, repeatCount=0, eventTime=2865798, downTime=2865798, deviceId=-1, source=0x101 }
08-06 10:21:59.304  2545  2545 W ViewRootImpl: Cancelling event due to no window focus: KeyEvent { action=ACTION_UP, keyCode=KEYCODE_DPAD_DOWN, scanCode=0, metaState=0, flags=0x28, repeatCount=0, eventTime=2865798, downTime=2865798, deviceId=-1, source=0x101 }
08-06 10:21:59.305  2545  2545 W ViewRootImpl: Cancelling event due to no window focus: KeyEvent { action=ACTION_UP, keyCode=KEYCODE_DPAD_DOWN, scanCode=0, metaState=0, flags=0x28, repeatCount=0, eventTime=2865798, downTime=2865798, deviceId=-1, source=0x101 }
08-06 10:21:59.331  2545  2545 W ViewRootImpl: Cancelling event due to no window focus: KeyEvent { action=ACTION_UP, keyCode=KEYCODE_DPAD_DOWN, scanCode=0, metaState=0, flags=0x80000028, repeatCount=0, eventTime=2865798, downTime=2865798, deviceId=-1, source=0x101 }
08-06 10:21:59.331  2545  2545 W ViewRootImpl: Cancelling event due to no window focus: KeyEvent { action=ACTION_UP, keyCode=KEYCODE_DPAD_DOWN, scanCode=0, metaState=0, flags=0x80000028, repeatCount=0, eventTime=2865798, downTime=2865798, deviceId=-1, source=0x101 }
08-06 10:21:59.332  2545  2545 W ViewRootImpl: Cancelling event due to no window focus: KeyEvent { action=ACTION_UP, keyCode=KEYCODE_DPAD_DOWN, scanCode=0, metaState=0, flags=0x80000028, repeatCount=0, eventTime=2865798, downTime=2865798, deviceId=-1, source=0x101 }
08-06 10:22:06.337   713   819 I WindowManager: Input event dispatching timed out sending to com.youku.phone/com.youku.ui.activity.DetailActivity.  Reason: Waiting to send key event because the focused window has not finished processing all of the input events that were previously delivered to it.  Outbound queue length: 0.  Wait queue length: 10.
08-06 10:22:06.605   713  1259 W InputManager: Input event injection from pid 2524 timed out.
08-06 10:22:06.697   713   778 I ActivityManager: Skipping duplicate ANR: ProcessRecord{1e729670 2545:com.youku.phone/u0a54} Input dispatching timed out (Waiting to send key event because the focused window has not finished processing all of the input events that were previously delivered to it.  Outbound queue length: 0.  Wait queue length: 10.)
08-06 10:22:07.896   713   778 W ActivityManager: Launch timeout has expired, giving up wake lock!
08-06 10:22:11.063   713   778 W BroadcastQueue: Timeout of broadcast BroadcastRecord{a1b223f u-1 android.intent.action.TIME_TICK} - receiver=android.os.BinderProxy@1cba7b3, started 10001ms ago
08-06 10:22:11.063   713   778 W BroadcastQueue: Receiver during timeout: BroadcastFilter{188b8ce9 u0 ReceiverList{38412170 2545 com.youku.phone/10054/u0 remote:1cba7b3}}
08-06 10:22:11.147   713   778 I ActivityManager: Skipping duplicate ANR: ProcessRecord{1e729670 2545:com.youku.phone/u0a54} Broadcast of Intent { act=android.intent.action.TIME_TICK flg=0x50000014 (has extras) }
08-06 10:22:11.626   713   819 I WindowManager: Input event dispatching timed out sending to com.youku.phone/com.youku.ui.activity.DetailActivity.  Reason: Waiting to send key event because the focused window has not finished processing all of the input events that were previously delivered to it.  Outbound queue length: 0.  Wait queue length: 10.
08-06 10:22:11.973   713   778 I ActivityManager: Skipping duplicate ANR: ProcessRecord{1e729670 2545:com.youku.phone/u0a54} Input dispatching timed out (Waiting to send key event because the focused window has not finished processing all of the input events that were previously delivered to it.  Outbound queue length: 0.  Wait queue length: 10.)
08-06 10:22:43.349   713  1019 W ProcessCpuTracker: Skipping unknown process pid 15870
08-06 10:22:46.846   713   819 I WindowManager: Input event dispatching timed out sending to com.youku.phone/com.youku.ui.activity.DetailActivity.  Reason: Waiting to send key event because the focused window has not finished processing all of the input events that were previously delivered to it.  Outbound queue length: 0.  Wait queue length: 10.
08-06 10:22:46.993   713   778 I ActivityManager: Skipping duplicate ANR: ProcessRecord{1e729670 2545:com.youku.phone/u0a54} Input dispatching timed out (Waiting to send key event because the focused window has not finished processing all of the input events that were previously delivered to it.  Outbound queue length: 0.  Wait queue length: 10.)
08-06 10:22:46.996   713  6776 W InputManager: Input event injection from pid 2524 timed out.
08-06 10:22:53.208   713  6776 V WindowManager: Adding window Window{17a9a35b u0 AtchDlg:com.youku.phone/com.youku.ui.activity.DetailActivity} at 8 of 14 (after Window{1e3c7c46 u0 com.youku.phone/com.youku.ui.activity.DetailActivity})
08-06 10:22:56.554   713 14522 W InputMethodManagerService: Window already focused, ignoring focus gain of: com.android.internal.view.IInputMethodClient$Stub$Proxy@2c431ba4 attribute=null, token = android.os.BinderProxy@12fef021
08-06 10:23:02.898   713  1019 V WindowManager: Adding window Window{1fcb14c2 u0 AtchDlg:com.youku.phone/com.youku.ui.activity.DetailActivity} at 8 of 14 (after Window{1e3c7c46 u0 com.youku.phone/com.youku.ui.activity.DetailActivity})
08-06 10:23:02.942  2545  2545 W ViewRootImpl: Dropping event due to no window focus: KeyEvent { action=ACTION_DOWN, keyCode=KEYCODE_FORWARD_DEL, scanCode=0, metaState=0, flags=0x8, repeatCount=0, eventTime=2929634, downTime=2929634, deviceId=-1, source=0x101 }
08-06 10:23:02.972  2545  2545 W ViewRootImpl: Cancelling event due to no window focus: KeyEvent { action=ACTION_UP, keyCode=KEYCODE_FORWARD_DEL, scanCode=0, metaState=0, flags=0x28, repeatCount=0, eventTime=2929660, downTime=2929660, deviceId=-1, source=0x101 }
08-06 10:23:02.975  2545  2545 W ViewRootImpl: Cancelling event due to no window focus: KeyEvent { action=ACTION_UP, keyCode=KEYCODE_FORWARD_DEL, scanCode=0, metaState=0, flags=0x28, repeatCount=0, eventTime=2929660, downTime=2929660, deviceId=-1, source=0x101 }
08-06 10:23:02.976  2545  2545 W ViewRootImpl: Cancelling event due to no window focus: KeyEvent { action=ACTION_UP, keyCode=KEYCODE_FORWARD_DEL, scanCode=0, metaState=0, flags=0x28, repeatCount=0, eventTime=2929660, downTime=2929660, deviceId=-1, source=0x101 }
08-06 10:23:02.980  2545  2545 W ViewRootImpl: Cancelling event due to no window focus: KeyEvent { action=ACTION_UP, keyCode=KEYCODE_FORWARD_DEL, scanCode=0, metaState=0, flags=0x28, repeatCount=0, eventTime=2929660, downTime=2929660, deviceId=-1, source=0x101 }
08-06 10:23:02.981  2545  2545 W ViewRootImpl: Cancelling event due to no window focus: KeyEvent { action=ACTION_UP, keyCode=KEYCODE_FORWARD_DEL, scanCode=0, metaState=0, flags=0x28, repeatCount=0, eventTime=2929660, downTime=2929660, deviceId=-1, source=0x101 }
08-06 10:23:02.994  2545  2545 W ViewRootImpl: Cancelling event due to no window focus: KeyEvent { action=ACTION_UP, keyCode=KEYCODE_FORWARD_DEL, scanCode=0, metaState=0, flags=0x28, repeatCount=0, eventTime=2929660, downTime=2929660, deviceId=-1, source=0x101 }
08-06 10:23:03.026  2545  2545 W ViewRootImpl: Cancelling event due to no window focus: KeyEvent { action=ACTION_UP, keyCode=KEYCODE_FORWARD_DEL, scanCode=0, metaState=0, flags=0x80000028, repeatCount=0, eventTime=2929660, downTime=2929660, deviceId=-1, source=0x101 }
08-06 10:23:03.034  2545  2545 W ViewRootImpl: Cancelling event due to no window focus: KeyEvent { action=ACTION_UP, keyCode=KEYCODE_FORWARD_DEL, scanCode=0, metaState=0, flags=0x80000028, repeatCount=0, eventTime=2929660, downTime=2929660, deviceId=-1, source=0x101 }
08-06 10:23:03.034  2545  2545 W ViewRootImpl: Cancelling event due to no window focus: KeyEvent { action=ACTION_UP, keyCode=KEYCODE_FORWARD_DEL, scanCode=0, metaState=0, flags=0x80000028, repeatCount=0, eventTime=2929660, downTime=2929660, deviceId=-1, source=0x101 }
08-06 10:23:06.482  2545  2545 W ViewRootImpl: Dropping event due to no window focus: KeyEvent { action=ACTION_DOWN, keyCode=KEYCODE_TV_ZOOM_MODE, scanCode=0, metaState=0, flags=0x8, repeatCount=0, eventTime=2932744, downTime=2932744, deviceId=-1, source=0x101 }
08-06 10:23:06.490  2545  2545 W ViewRootImpl: Cancelling event due to no window focus: KeyEvent { action=ACTION_UP, keyCode=KEYCODE_TV_ZOOM_MODE, scanCode=0, metaState=0, flags=0x28, repeatCount=0, eventTime=2932746, downTime=2932746, deviceId=-1, source=0x101 }
08-06 10:23:06.490  2545  2545 W ViewRootImpl: Cancelling event due to no window focus: KeyEvent { action=ACTION_UP, keyCode=KEYCODE_TV_ZOOM_MODE, scanCode=0, metaState=0, flags=0x28, repeatCount=0, eventTime=2932746, downTime=2932746, deviceId=-1, source=0x101 }
08-06 10:23:06.491  2545  2545 W ViewRootImpl: Cancelling event due to no window focus: KeyEvent { action=ACTION_UP, keyCode=KEYCODE_TV_ZOOM_MODE, scanCode=0, metaState=0, flags=0x28, repeatCount=0, eventTime=2932746, downTime=2932746, deviceId=-1, source=0x101 }
08-06 10:23:06.495  2545  2545 W ViewRootImpl: Cancelling event due to no window focus: KeyEvent { action=ACTION_UP, keyCode=KEYCODE_TV_ZOOM_MODE, scanCode=0, metaState=0, flags=0x28, repeatCount=0, eventTime=2932746, downTime=2932746, deviceId=-1, source=0x101 }
08-06 10:23:06.498  2545  2545 W ViewRootImpl: Cancelling event due to no window focus: KeyEvent { action=ACTION_UP, keyCode=KEYCODE_TV_ZOOM_MODE, scanCode=0, metaState=0, flags=0x28, repeatCount=0, eventTime=2932746, downTime=2932746, deviceId=-1, source=0x101 }
08-06 10:23:06.499  2545  2545 W ViewRootImpl: Cancelling event due to no window focus: KeyEvent { action=ACTION_UP, keyCode=KEYCODE_TV_ZOOM_MODE, scanCode=0, metaState=0, flags=0x28, repeatCount=0, eventTime=2932746, downTime=2932746, deviceId=-1, source=0x101 }
08-06 10:23:06.551  2545  2545 W ViewRootImpl: Cancelling event due to no window focus: KeyEvent { action=ACTION_UP, keyCode=KEYCODE_TV_ZOOM_MODE, scanCode=0, metaState=0, flags=0x80000028, repeatCount=0, eventTime=2932746, downTime=2932746, deviceId=-1, source=0x101 }
08-06 10:23:06.554  2545  2545 W ViewRootImpl: Cancelling event due to no window focus: KeyEvent { action=ACTION_UP, keyCode=KEYCODE_TV_ZOOM_MODE, scanCode=0, metaState=0, flags=0x80000028, repeatCount=0, eventTime=2932746, downTime=2932746, deviceId=-1, source=0x101 }
08-06 10:23:06.555  2545  2545 W ViewRootImpl: Cancelling event due to no window focus: KeyEvent { action=ACTION_UP, keyCode=KEYCODE_TV_ZOOM_MODE, scanCode=0, metaState=0, flags=0x80000028, repeatCount=0, eventTime=2932746, downTime=2932746, deviceId=-1, source=0x101 }
08-06 10:23:06.854   713  1019 W InputMethodManagerService: Window already focused, ignoring focus gain of: com.android.internal.view.IInputMethodClient$Stub$Proxy@39d722d3 attribute=null, token = android.os.BinderProxy@12fef021
08-06 10:23:08.507   713   819 I ActivityManager: START u0 {act=android.intent.action.MAIN cat=[android.intent.category.LAUNCHER] flg=0x10000000 cmp=com.android.calendar/.AllInOneActivity sel=act=android.intent.action.MAIN cat=[android.intent.category.APP_CALENDAR]}} from uid 1000 on display 0
08-06 10:23:09.589   713  1248 V WindowManager: Adding window Window{27924d09 u0 AtchDlg:com.youku.phone/com.youku.ui.activity.DetailActivity} at 8 of 14 (after Window{1e3c7c46 u0 com.youku.phone/com.youku.ui.activity.DetailActivity})
08-06 10:23:10.755   713  2782 W InputMethodManagerService: Window already focused, ignoring focus gain of: com.android.internal.view.IInputMethodClient$Stub$Proxy@ab9bb0e attribute=null, token = android.os.BinderProxy@12fef021
08-06 10:23:11.632   713  1224 V WindowManager: Adding window Window{2f6c3b3c u0 AtchDlg:com.youku.phone/com.youku.ui.activity.DetailActivity} at 8 of 14 (after Window{1e3c7c46 u0 com.youku.phone/com.youku.ui.activity.DetailActivity})
08-06 10:23:17.662   713 14522 W InputMethodManagerService: Window already focused, ignoring focus gain of: com.android.internal.view.IInputMethodClient$Stub$Proxy@1656194b attribute=null, token = android.os.BinderProxy@12fef021
08-06 10:23:24.305   713   819 I WindowManager: Input event dispatching timed out sending to com.youku.phone/com.youku.ui.activity.DetailActivity.  Reason: Waiting to send key event because the focused window has not finished processing all of the input events that were previously delivered to it.  Outbound queue length: 0.  Wait queue length: 1.
08-06 10:23:24.501   713  6776 W InputManager: Input event injection from pid 2524 timed out.
08-06 10:23:24.536   713   778 I ActivityManager: Skipping duplicate ANR: ProcessRecord{1e729670 2545:com.youku.phone/u0a54} Input dispatching timed out (Waiting to send key event because the focused window has not finished processing all of the input events that were previously delivered to it.  Outbound queue length: 0.  Wait queue length: 1.)
08-06 10:23:25.504   713  1259 I ActivityManager: START u0 {act=android.intent.action.MAIN cat=[android.intent.category.LAUNCHER] flg=0x10200000 cmp=com.youku.phone/.ActivityWelcome} from uid 0 on display 0
08-06 10:23:27.154   713   778 W ProcessCpuTracker: Skipping unknown process pid 26721
08-06 10:23:43.151   713  1224 W ProcessCpuTracker: Skipping unknown process pid 30665
08-06 10:23:47.765   713   819 I WindowManager: Input event dispatching timed out sending to com.youku.phone/com.youku.ui.activity.DetailActivity.  Reason: Waiting to send non-key event because the touched window has not finished processing certain input events that were delivered to it over 500.0ms ago.  Wait queue length: 1.  Wait queue head age: 6008.7ms.
08-06 10:23:47.940   713  1259 W InputManager: Input event injection from pid 2524 timed out.
08-06 10:23:49.719   713   778 I ActivityManager: Skipping duplicate ANR: ProcessRecord{1e729670 2545:com.youku.phone/u0a54} Input dispatching timed out (Waiting to send non-key event because the touched window has not finished processing certain input events that were delivered to it over 500.0ms ago.  Wait queue length: 1.  Wait queue head age: 6008.7ms.)
08-06 10:23:49.725   713  6776 W InputManager: Input event injection from pid 2524 failed.
08-06 10:23:57.758   713   819 I WindowManager: Input event dispatching timed out sending to com.youku.phone/com.youku.ui.activity.DetailActivity.  Reason: Waiting to send key event because the focused window has not finished processing all of the input events that were previously delivered to it.  Outbound queue length: 0.  Wait queue length: 1.
08-06 10:23:57.935   713  1248 W InputManager: Input event injection from pid 2524 timed out.
08-06 10:23:59.723   713   778 I ActivityManager: Skipping duplicate ANR: ProcessRecord{1e729670 2545:com.youku.phone/u0a54} Input dispatching timed out (Waiting to send key event because the focused window has not finished processing all of the input events that were previously delivered to it.  Outbound queue length: 0.  Wait queue length: 1.)
08-06 10:24:03.387   713  1031 W ProcessCpuTracker: Skipping unknown process pid 3785
08-06 10:24:06.943   713  1259 I ActivityManager: START u0 {act=android.intent.action.MAIN cat=[android.intent.category.LAUNCHER] flg=0x10200000 cmp=com.youku.phone/.ActivityWelcome} from uid 0 on display 0
08-06 10:24:16.062   713   819 I WindowManager: Input event dispatching timed out sending to com.youku.phone/com.youku.ui.activity.DetailActivity.  Reason: Waiting to send key event because the focused window has not finished processing all of the input events that were previously delivered to it.  Outbound queue length: 0.  Wait queue length: 1.
08-06 10:24:16.195   713   778 I ActivityManager: Skipping duplicate ANR: ProcessRecord{1e729670 2545:com.youku.phone/u0a54} Input dispatching timed out (Waiting to send key event because the focused window has not finished processing all of the input events that were previously delivered to it.  Outbound queue length: 0.  Wait queue length: 1.)
08-06 10:24:16.198   713  1224 W InputManager: Input event injection from pid 2524 timed out.
08-06 10:24:23.656   713  6776 V WindowManager: Adding window Window{3e163272 u0 AtchDlg:com.youku.phone/com.youku.ui.activity.DetailActivity} at 8 of 14 (after Window{1e3c7c46 u0 com.youku.phone/com.youku.ui.activity.DetailActivity})
08-06 10:24:23.683  2545  2545 W ViewRootImpl: Dropping event due to no window focus: KeyEvent { action=ACTION_DOWN, keyCode=KEYCODE_MENU, scanCode=0, metaState=0, flags=0x8, repeatCount=0, eventTime=3010346, downTime=3010346, deviceId=-1, source=0x101 }
08-06 10:24:23.694  2545  2545 W ViewRootImpl: Cancelling event due to no window focus: KeyEvent { action=ACTION_UP, keyCode=KEYCODE_MENU, scanCode=0, metaState=0, flags=0x28, repeatCount=0, eventTime=3010418, downTime=3010418, deviceId=-1, source=0x101 }
08-06 10:24:23.900  2545  2545 W ViewRootImpl: Cancelling event due to no window focus: KeyEvent { action=ACTION_UP, keyCode=KEYCODE_MENU, scanCode=0, metaState=0, flags=0x28, repeatCount=0, eventTime=3010418, downTime=3010418, deviceId=-1, source=0x101 }
08-06 10:24:23.900  2545  2545 W ViewRootImpl: Cancelling event due to no window focus: KeyEvent { action=ACTION_UP, keyCode=KEYCODE_MENU, scanCode=0, metaState=0, flags=0x28, repeatCount=0, eventTime=3010418, downTime=3010418, deviceId=-1, source=0x101 }
08-06 10:24:23.901  2545  2545 W ViewRootImpl: Cancelling event due to no window focus: KeyEvent { action=ACTION_UP, keyCode=KEYCODE_MENU, scanCode=0, metaState=0, flags=0x28, repeatCount=0, eventTime=3010418, downTime=3010418, deviceId=-1, source=0x101 }
08-06 10:24:23.902  2545  2545 W ViewRootImpl: Cancelling event due to no window focus: KeyEvent { action=ACTION_UP, keyCode=KEYCODE_MENU, scanCode=0, metaState=0, flags=0x28, repeatCount=0, eventTime=3010418, downTime=3010418, deviceId=-1, source=0x101 }
08-06 10:24:23.902  2545  2545 W ViewRootImpl: Cancelling event due to no window focus: KeyEvent { action=ACTION_UP, keyCode=KEYCODE_MENU, scanCode=0, metaState=0, flags=0x28, repeatCount=0, eventTime=3010418, downTime=3010418, deviceId=-1, source=0x101 }
08-06 10:24:25.705  2545  2545 W ViewRootImpl: Dropping event due to no window focus: KeyEvent { action=ACTION_DOWN, keyCode=KEYCODE_F6, scanCode=0, metaState=0, flags=0x8, repeatCount=0, eventTime=3011441, downTime=3011441, deviceId=-1, source=0x101 }
08-06 10:24:25.706  2545  2545 W ViewRootImpl: Cancelling event due to no window focus: KeyEvent { action=ACTION_UP, keyCode=KEYCODE_F6, scanCode=0, metaState=0, flags=0x28, repeatCount=0, eventTime=3011445, downTime=3011445, deviceId=-1, source=0x101 }
08-06 10:24:25.707  2545  2545 W ViewRootImpl: Cancelling event due to no window focus: KeyEvent { action=ACTION_UP, keyCode=KEYCODE_F6, scanCode=0, metaState=0, flags=0x28, repeatCount=0, eventTime=3011445, downTime=3011445, deviceId=-1, source=0x101 }
08-06 10:24:25.707  2545  2545 W ViewRootImpl: Cancelling event due to no window focus: KeyEvent { action=ACTION_UP, keyCode=KEYCODE_F6, scanCode=0, metaState=0, flags=0x28, repeatCount=0, eventTime=3011445, downTime=3011445, deviceId=-1, source=0x101 }
08-06 10:24:25.708  2545  2545 W ViewRootImpl: Cancelling event due to no window focus: KeyEvent { action=ACTION_UP, keyCode=KEYCODE_F6, scanCode=0, metaState=0, flags=0x28, repeatCount=0, eventTime=3011445, downTime=3011445, deviceId=-1, source=0x101 }
08-06 10:24:25.708  2545  2545 W ViewRootImpl: Cancelling event due to no window focus: KeyEvent { action=ACTION_UP, keyCode=KEYCODE_F6, scanCode=0, metaState=0, flags=0x28, repeatCount=0, eventTime=3011445, downTime=3011445, deviceId=-1, source=0x101 }
08-06 10:24:25.727  2545  2545 W ViewRootImpl: Cancelling event due to no window focus: KeyEvent { action=ACTION_UP, keyCode=KEYCODE_F6, scanCode=0, metaState=0, flags=0x28, repeatCount=0, eventTime=3011445, downTime=3011445, deviceId=-1, source=0x101 }
08-06 10:24:25.737  2545  2545 W ViewRootImpl: Cancelling event due to no window focus: KeyEvent { action=ACTION_UP, keyCode=KEYCODE_F6, scanCode=0, metaState=0, flags=0x80000028, repeatCount=0, eventTime=3011445, downTime=3011445, deviceId=-1, source=0x101 }
08-06 10:24:25.737  2545  2545 W ViewRootImpl: Cancelling event due to no window focus: KeyEvent { action=ACTION_UP, keyCode=KEYCODE_F6, scanCode=0, metaState=0, flags=0x80000028, repeatCount=0, eventTime=3011445, downTime=3011445, deviceId=-1, source=0x101 }
08-06 10:24:25.738  2545  2545 W ViewRootImpl: Cancelling event due to no window focus: KeyEvent { action=ACTION_UP, keyCode=KEYCODE_F6, scanCode=0, metaState=0, flags=0x80000028, repeatCount=0, eventTime=3011445, downTime=3011445, deviceId=-1, source=0x101 }
08-06 10:24:29.382   713 14522 W InputMethodManagerService: Window already focused, ignoring focus gain of: com.android.internal.view.IInputMethodClient$Stub$Proxy@28fe66c3 attribute=null, token = android.os.BinderProxy@12fef021
08-06 10:24:41.560   713   819 I WindowManager: Input event dispatching timed out sending to com.youku.phone/com.youku.ui.activity.DetailActivity.  Reason: Waiting to send key event because the focused window has not finished processing all of the input events that were previously delivered to it.  Outbound queue length: 0.  Wait queue length: 1.
08-06 10:24:41.831   713  1248 W InputManager: Input event injection from pid 2524 timed out.
08-06 10:24:43.586   713   778 W ProcessCpuTracker: Skipping unknown process pid 13858
08-06 10:24:43.660   713   778 I ActivityManager: Skipping duplicate ANR: ProcessRecord{1e729670 2545:com.youku.phone/u0a54} Input dispatching timed out (Waiting to send key event because the focused window has not finished processing all of the input events that were previously delivered to it.  Outbound queue length: 0.  Wait queue length: 1.)
08-06 10:24:54.354   713  1031 V WindowManager: not Base app: Adding window Window{3b6b8a79 u0 com.youku.phone/com.youku.ui.activity.DetailActivity} at 8 of 14
08-06 10:25:00.474  2545  2545 W ViewRootImpl: Dropping event due to root view being removed: MotionEvent { action=ACTION_MOVE, id[0]=0, x[0]=47.869865, y[0]=-739.1795, toolType[0]=TOOL_TYPE_UNKNOWN, buttonState=0, metaState=0, flags=0x0, edgeFlags=0x0, pointerCount=1, historySize=4, eventTime=3047194, downTime=3047114, deviceId=0, source=0x1002 }
08-06 10:25:00.482  2545  2545 W ViewRootImpl: Dropping event due to root view being removed: MotionEvent { action=ACTION_UP, id[0]=0, x[0]=51.149647, y[0]=-739.09155, toolType[0]=TOOL_TYPE_UNKNOWN, buttonState=0, metaState=0, flags=0x0, edgeFlags=0x0, pointerCount=1, historySize=0, eventTime=3047195, downTime=3047114, deviceId=0, source=0x1002 }
08-06 10:25:01.529   713  1019 I ActivityManager: START u0 {cmp=com.youku.phone/com.youku.ui.activity.WebViewActivity (has extras)} from uid 10054 on display 0
08-06 10:25:01.542   713  1019 V WindowManager: addAppToken: AppWindowToken{1e559dca token=Token{1f115535 ActivityRecord{d2eb6c u0 com.youku.phone/com.youku.ui.activity.WebViewActivity t4}}} to stack=1 task=4 at 4
08-06 10:25:02.047   713   778 W ActivityManager: Activity pause timeout for ActivityRecord{367992e6 u0 com.youku.phone/com.youku.ui.activity.DetailActivity t4}
08-06 10:25:07.490   713   819 I WindowManager: Input event dispatching timed out sending to application AppWindowToken{1e559dca token=Token{1f115535 ActivityRecord{d2eb6c u0 com.youku.phone/com.youku.ui.activity.WebViewActivity t4}}}.  Reason: Waiting because no window has focus but there is a focused application that may eventually add a window when it finishes starting up.
08-06 10:25:07.642   713   778 I ActivityManager: Skipping duplicate ANR: ProcessRecord{1e729670 2545:com.youku.phone/u0a54} Input dispatching timed out (Waiting because no window has focus but there is a focused application that may eventually add a window when it finishes starting up.)
08-06 10:25:07.647   713  6776 W InputManager: Input event injection from pid 2524 timed out.
08-06 10:25:10.813   713  1019 W ActivityManager: getTasks: caller 10054 does not hold GET_TASKS; limiting output
08-06 10:25:10.875   713  1259 V WindowManager: Adding window Window{1408db0f u0 com.youku.phone/com.youku.ui.activity.WebViewActivity} at 8 of 14 (after Window{1e3c7c46 u0 com.youku.phone/com.youku.ui.activity.DetailActivity})
08-06 10:25:11.163  2545  2545 W ViewRootImpl: Dropping event due to no window focus: MotionEvent { action=ACTION_MOVE, id[0]=0, x[0]=0.0, y[0]=3.0, toolType[0]=TOOL_TYPE_UNKNOWN, buttonState=0, metaState=0, flags=0x0, edgeFlags=0x0, pointerCount=1, historySize=18, eventTime=3057858, downTime=-1, deviceId=0, source=0x10004 }
08-06 10:25:19.842   713  1248 I ActivityManager: START u0 {act=android.intent.action.VIEW dat=youku://play?source=mplaypage&cookieid=14918220015714hy&showid=84f2392aaecb11e5a080&activeby=2 cmp=com.youku.phone/com.youku.ui.activity.DetailActivity} from uid 10054 on display 0
08-06 10:25:19.856   713  1248 V WindowManager: addAppToken: AppWindowToken{8790d7a token=Token{1cc2f5a5 ActivityRecord{371e079c u0 com.youku.phone/com.youku.ui.activity.DetailActivity t4}}} to stack=1 task=4 at 5
08-06 10:25:25.000   713   819 I WindowManager: Input event dispatching timed out sending to application AppWindowToken{8790d7a token=Token{1cc2f5a5 ActivityRecord{371e079c u0 com.youku.phone/com.youku.ui.activity.DetailActivity t4}}}.  Reason: Waiting because no window has focus but there is a focused application that may eventually add a window when it finishes starting up.
08-06 10:25:25.144   713   778 I ActivityManager: Skipping duplicate ANR: ProcessRecord{1e729670 2545:com.youku.phone/u0a54} Input dispatching timed out (Waiting because no window has focus but there is a focused application that may eventually add a window when it finishes starting up.)
08-06 10:25:25.149   713  1259 W InputManager: Input event injection from pid 2524 timed out.
08-06 10:25:29.863   713   778 W ActivityManager: Launch timeout has expired, giving up wake lock!
08-06 10:25:30.165   713   819 I WindowManager: Input event dispatching timed out sending to application AppWindowToken{8790d7a token=Token{1cc2f5a5 ActivityRecord{371e079c u0 com.youku.phone/com.youku.ui.activity.DetailActivity t4}}}.  Reason: Waiting because no window has focus but there is a focused application that may eventually add a window when it finishes starting up.
08-06 10:25:30.358   713   778 I ActivityManager: Skipping duplicate ANR: ProcessRecord{1e729670 2545:com.youku.phone/u0a54} Input dispatching timed out (Waiting because no window has focus but there is a focused application that may eventually add a window when it finishes starting up.)
08-06 10:25:30.361   713  1019 W InputManager: Input event injection from pid 2524 timed out.
08-06 10:25:31.683   713  1259 V WindowManager: Adding window Window{2f710cef u0 com.youku.phone/com.youku.ui.activity.DetailActivity} at 9 of 15 (after Window{1408db0f u0 com.youku.phone/com.youku.ui.activity.WebViewActivity})
08-06 10:25:32.481   713   778 W ActivityManager: Activity destroy timeout for ActivityRecord{367992e6 u0 com.youku.phone/com.youku.ui.activity.DetailActivity t4 f}
08-06 10:25:32.753   713  1019 V WindowManager: Adding window Window{1047aae7 u0 SurfaceView} at 7 of 14 (before Window{2f710cef u0 com.youku.phone/com.youku.ui.activity.DetailActivity})
08-06 10:25:32.883   713  1224 W WindowManager: Failed looking up window
08-06 10:25:32.883   713  1224 W WindowManager: java.lang.IllegalArgumentException: Requested window android.os.BinderProxy@ea48259 does not exist
08-06 10:25:32.883   713  1224 W WindowManager: 	at com.android.server.wm.WindowManagerService.windowForClientLocked(WindowManagerService.java:8539)
08-06 10:25:32.883   713  1224 W WindowManager: 	at com.android.server.wm.WindowManagerService.windowForClientLocked(WindowManagerService.java:8530)
08-06 10:25:32.883   713  1224 W WindowManager: 	at com.android.server.wm.WindowManagerService.removeWindow(WindowManagerService.java:2593)
08-06 10:25:32.883   713  1224 W WindowManager: 	at com.android.server.wm.Session.remove(Session.java:187)
08-06 10:25:32.883   713  1224 W WindowManager: 	at android.view.IWindowSession$Stub.onTransact(IWindowSession.java:233)
08-06 10:25:32.883   713  1224 W WindowManager: 	at com.android.server.wm.Session.onTransact(Session.java:130)
08-06 10:25:32.883   713  1224 W WindowManager: 	at android.os.Binder.execTransact(Binder.java:446)
08-06 10:25:33.112   713  1031 W WindowManager: Failed looking up window
08-06 10:25:33.112   713  1031 W WindowManager: java.lang.IllegalArgumentException: Requested window android.os.BinderProxy@12fef021 does not exist
08-06 10:25:33.112   713  1031 W WindowManager: 	at com.android.server.wm.WindowManagerService.windowForClientLocked(WindowManagerService.java:8539)
08-06 10:25:33.112   713  1031 W WindowManager: 	at com.android.server.wm.WindowManagerService.windowForClientLocked(WindowManagerService.java:8530)
08-06 10:25:33.112   713  1031 W WindowManager: 	at com.android.server.wm.WindowManagerService.removeWindow(WindowManagerService.java:2593)
08-06 10:25:33.112   713  1031 W WindowManager: 	at com.android.server.wm.Session.remove(Session.java:187)
08-06 10:25:33.112   713  1031 W WindowManager: 	at android.view.IWindowSession$Stub.onTransact(IWindowSession.java:233)
08-06 10:25:33.112   713  1031 W WindowManager: 	at com.android.server.wm.Session.onTransact(Session.java:130)
08-06 10:25:33.112   713  1031 W WindowManager: 	at android.os.Binder.execTransact(Binder.java:446)
08-06 10:25:33.379   713  1248 W ProcessCpuTracker: Skipping unknown process pid 26097
08-06 10:25:33.380   713  1248 W ProcessCpuTracker: Skipping unknown process pid 26099
08-06 10:25:33.581  2545  2545 W ViewRootImpl: Dropping event due to no window focus: MotionEvent { action=ACTION_MOVE, id[0]=0, x[0]=-1.0, y[0]=-4.0, toolType[0]=TOOL_TYPE_UNKNOWN, buttonState=0, metaState=0, flags=0x0, edgeFlags=0x0, pointerCount=1, historySize=7, eventTime=3079455, downTime=-1, deviceId=0, source=0x10004 }
08-06 10:25:34.031  2545  2545 W ViewRootImpl: Dropping event due to no window focus: KeyEvent { action=ACTION_DOWN, keyCode=KEYCODE_F10, scanCode=0, metaState=0, flags=0x8, repeatCount=0, eventTime=3080502, downTime=3080502, deviceId=-1, source=0x101 }
08-06 10:25:34.036  2545  2545 W ViewRootImpl: Cancelling event due to no window focus: KeyEvent { action=ACTION_UP, keyCode=KEYCODE_F10, scanCode=0, metaState=0, flags=0x28, repeatCount=0, eventTime=3080504, downTime=3080504, deviceId=-1, source=0x101 }
08-06 10:25:34.037  2545  2545 W ViewRootImpl: Cancelling event due to no window focus: KeyEvent { action=ACTION_UP, keyCode=KEYCODE_F10, scanCode=0, metaState=0, flags=0x28, repeatCount=0, eventTime=3080504, downTime=3080504, deviceId=-1, source=0x101 }
08-06 10:25:34.037  2545  2545 W ViewRootImpl: Cancelling event due to no window focus: KeyEvent { action=ACTION_UP, keyCode=KEYCODE_F10, scanCode=0, metaState=0, flags=0x28, repeatCount=0, eventTime=3080504, downTime=3080504, deviceId=-1, source=0x101 }
08-06 10:25:34.038  2545  2545 W ViewRootImpl: Cancelling event due to no window focus: KeyEvent { action=ACTION_UP, keyCode=KEYCODE_F10, scanCode=0, metaState=0, flags=0x28, repeatCount=0, eventTime=3080504, downTime=3080504, deviceId=-1, source=0x101 }
08-06 10:25:34.038  2545  2545 W ViewRootImpl: Cancelling event due to no window focus: KeyEvent { action=ACTION_UP, keyCode=KEYCODE_F10, scanCode=0, metaState=0, flags=0x28, repeatCount=0, eventTime=3080504, downTime=3080504, deviceId=-1, source=0x101 }
08-06 10:25:34.039  2545  2545 W ViewRootImpl: Cancelling event due to no window focus: KeyEvent { action=ACTION_UP, keyCode=KEYCODE_F10, scanCode=0, metaState=0, flags=0x28, repeatCount=0, eventTime=3080504, downTime=3080504, deviceId=-1, source=0x101 }
