08-06 09:51:07.332  2545  2545 W ViewRootImpl: Dropping event due to root view being removed: MotionEvent { action=ACTION_UP, id[0]=0, x[0]=629.3577, y[0]=-150.54794, toolType[0]=TOOL_TYPE_UNKNOWN, buttonState=0, metaState=0, flags=0x0, edgeFlags=0x0, pointerCount=1, historySize=0, eventTime=1013716, downTime=1013702, deviceId=0, source=0x1002 }
08-06 09:51:07.992   713  2782 V WindowManager: Adding window Window{22df231d u0 AtchDlg:com.youku.phone/com.youku.ui.activity.DetailActivity} at 8 of 14 (after Window{2d1e6617 u0 com.youku.phone/com.youku.ui.activity.DetailActivity})
08-06 09:51:12.250   713  2782 W InputMethodManagerService: Window already focused, ignoring focus gain of: com.android.internal.view.IInputMethodClient$Stub$Proxy@11ba4760 attribute=null, token = android.os.BinderProxy@19cc0a96
08-06 09:51:15.797   713  1031 V WindowManager: Adding window Window{12f31cde u0 AtchDlg:com.youku.phone/com.youku.ui.activity.DetailActivity} at 8 of 14 (after Window{2d1e6617 u0 com.youku.phone/com.youku.ui.activity.DetailActivity})
08-06 09:51:19.246   713 14522 W InputMethodManagerService: Window already focused, ignoring focus gain of: com.android.internal.view.IInputMethodClient$Stub$Proxy@16031ebf attribute=null, token = android.os.BinderProxy@19cc0a96
08-06 09:51:23.035   713 14522 I ActivityManager: START u0 {act=com.youku.action.YoukuWebview cmp=com.youku.phone/com.youku.ui.activity.WebViewActivity (has extras)} from uid 10054 on display 0
08-06 09:51:23.068   713 14522 V WindowManager: addAppToken: AppWindowToken{182da278 token=Token{2354e7db ActivityRecord{51028ea u0 com.youku.phone/com.youku.ui.activity.WebViewActivity t4}}} to stack=1 task=4 at 4
08-06 09:51:23.573   713   778 W ActivityManager: Activity pause timeout for ActivityRecord{1f0b9c10 u0 com.youku.phone/com.youku.ui.activity.DetailActivity t4}
08-06 09:51:28.216   713   819 I WindowManager: Input event dispatching timed out sending to application AppWindowToken{182da278 token=Token{2354e7db ActivityRecord{51028ea u0 com.youku.phone/com.youku.ui.activity.WebViewActivity t4}}}.  Reason: Waiting because no window has focus but there is a focused application that may eventually add a window when it finishes starting up.
08-06 09:51:28.428   713  1031 W InputManager: Input event injection from pid 2524 timed out.
08-06 09:51:29.782   713   778 I ActivityManager: Skipping duplicate ANR: ProcessRecord{1e729670 2545:com.youku.phone/u0a54} Input dispatching timed out (Waiting because no window has focus but there is a focused application that may eventually add a window when it finishes starting up.)
08-06 09:51:33.071   713   778 W ActivityManager: Launch timeout has expired, giving up wake lock!
08-06 09:51:33.441   713   819 I WindowManager: Input event dispatching timed out sending to application AppWindowToken{182da278 token=Token{2354e7db ActivityRecord{51028ea u0 com.youku.phone/com.youku.ui.activity.WebViewActivity t4}}}.  Reason: Waiting because no window has focus but there is a focused application that may eventually add a window when it finishes starting up.
08-06 09:51:33.627   713   778 I ActivityManager: Skipping duplicate ANR: ProcessRecord{1e729670 2545:com.youku.phone/u0a54} Input dispatching timed out (Waiting because no window has focus but there is a focused application that may eventually add a window when it finishes starting up.)
08-06 09:51:33.629   713  1224 W InputManager: Input event injection from pid 2524 timed out.
08-06 09:51:35.238   713  1248 W ActivityManager: getTasks: caller 10054 does not hold GET_TASKS; limiting output
08-06 09:51:35.388   713  1031 V WindowManager: Adding window Window{cda6145 u0 com.youku.phone/com.youku.ui.activity.WebViewActivity} at 8 of 14 (after Window{2d1e6617 u0 com.youku.phone/com.youku.ui.activity.DetailActivity})
08-06 09:51:35.815  2545  2545 W ViewRootImpl: Dropping event due to no window focus: KeyEvent { action=ACTION_DOWN, keyCode=KEYCODE_DPAD_CENTER, scanCode=0, metaState=0, flags=0x8, repeatCount=0, eventTime=1041387, downTime=1041387, deviceId=-1, source=0x101 }
08-06 09:51:35.816  2545  2545 W ViewRootImpl: Cancelling event due to no window focus: KeyEvent { action=ACTION_UP, keyCode=KEYCODE_DPAD_CENTER, scanCode=0, metaState=0, flags=0x28, repeatCount=0, eventTime=1042400, downTime=1042400, deviceId=-1, source=0x101 }
08-06 09:51:35.817  2545  2545 W ViewRootImpl: Cancelling event due to no window focus: KeyEvent { action=ACTION_UP, keyCode=KEYCODE_DPAD_CENTER, scanCode=0, metaState=0, flags=0x28, repeatCount=0, eventTime=1042400, downTime=1042400, deviceId=-1, source=0x101 }
08-06 09:51:35.817  2545  2545 W ViewRootImpl: Cancelling event due to no window focus: KeyEvent { action=ACTION_UP, keyCode=KEYCODE_DPAD_CENTER, scanCode=0, metaState=0, flags=0x28, repeatCount=0, eventTime=1042400, downTime=1042400, deviceId=-1, source=0x101 }
08-06 09:51:35.818  2545  2545 W ViewRootImpl: Cancelling event due to no window focus: KeyEvent { action=ACTION_UP, keyCode=KEYCODE_DPAD_CENTER, scanCode=0, metaState=0, flags=0x28, repeatCount=0, eventTime=1042400, downTime=1042400, deviceId=-1, source=0x101 }
08-06 09:51:35.819  2545  2545 W ViewRootImpl: Cancelling event due to no window focus: KeyEvent { action=ACTION_UP, keyCode=KEYCODE_DPAD_CENTER, scanCode=0, metaState=0, flags=0x28, repeatCount=0, eventTime=1042400, downTime=1042400, deviceId=-1, source=0x101 }
08-06 09:51:35.819  2545  2545 W ViewRootImpl: Cancelling event due to no window focus: KeyEvent { action=ACTION_UP, keyCode=KEYCODE_DPAD_CENTER, scanCode=0, metaState=0, flags=0x28, repeatCount=0, eventTime=1042400, downTime=1042400, deviceId=-1, source=0x101 }
08-06 09:51:35.833  2545  2545 W ViewRootImpl: Cancelling event due to no window focus: KeyEvent { action=ACTION_UP, keyCode=KEYCODE_DPAD_CENTER, scanCode=0, metaState=0, flags=0x80000028, repeatCount=0, eventTime=1042400, downTime=1042400, deviceId=-1, source=0x101 }
08-06 09:51:35.836  2545  2545 W ViewRootImpl: Cancelling event due to no window focus: KeyEvent { action=ACTION_UP, keyCode=KEYCODE_DPAD_CENTER, scanCode=0, metaState=0, flags=0x80000028, repeatCount=0, eventTime=1042400, downTime=1042400, deviceId=-1, source=0x101 }
08-06 09:51:35.837  2545  2545 W ViewRootImpl: Cancelling event due to no window focus: KeyEvent { action=ACTION_UP, keyCode=KEYCODE_DPAD_CENTER, scanCode=0, metaState=0, flags=0x80000028, repeatCount=0, eventTime=1042400, downTime=1042400, deviceId=-1, source=0x101 }
08-06 09:51:38.508   713  1031 W ActivityManager: getTasks: caller 10054 does not hold GET_TASKS; limiting output
08-06 09:51:40.545  2545  2545 W ViewRootImpl: Dropping event due to no window focus: KeyEvent { action=ACTION_DOWN, keyCode=KEYCODE_MENU, scanCode=0, metaState=0, flags=0x8, repeatCount=0, eventTime=1046602, downTime=1046602, deviceId=-1, source=0x101 }
08-06 09:51:40.549  2545  2545 W ViewRootImpl: Cancelling event due to no window focus: KeyEvent { action=ACTION_UP, keyCode=KEYCODE_MENU, scanCode=0, metaState=0, flags=0x28, repeatCount=0, eventTime=1047155, downTime=1047155, deviceId=-1, source=0x101 }
08-06 09:51:40.549  2545  2545 W ViewRootImpl: Cancelling event due to no window focus: KeyEvent { action=ACTION_UP, keyCode=KEYCODE_MENU, scanCode=0, metaState=0, flags=0x28, repeatCount=0, eventTime=1047155, downTime=1047155, deviceId=-1, source=0x101 }
08-06 09:51:40.550  2545  2545 W ViewRootImpl: Cancelling event due to no window focus: KeyEvent { action=ACTION_UP, keyCode=KEYCODE_MENU, scanCode=0, metaState=0, flags=0x28, repeatCount=0, eventTime=1047155, downTime=1047155, deviceId=-1, source=0x101 }
08-06 09:51:40.555  2545  2545 W ViewRootImpl: Cancelling event due to no window focus: KeyEvent { action=ACTION_UP, keyCode=KEYCODE_MENU, scanCode=0, metaState=0, flags=0x28, repeatCount=0, eventTime=1047155, downTime=1047155, deviceId=-1, source=0x101 }
08-06 09:51:40.562  2545  2545 W ViewRootImpl: Cancelling event due to no window focus: KeyEvent { action=ACTION_UP, keyCode=KEYCODE_MENU, scanCode=0, metaState=0, flags=0x28, repeatCount=0, eventTime=1047155, downTime=1047155, deviceId=-1, source=0x101 }
08-06 09:51:40.563  2545  2545 W ViewRootImpl: Cancelling event due to no window focus: KeyEvent { action=ACTION_UP, keyCode=KEYCODE_MENU, scanCode=0, metaState=0, flags=0x28, repeatCount=0, eventTime=1047155, downTime=1047155, deviceId=-1, source=0x101 }
08-06 09:51:44.590   713 14522 I ActivityManager: START u0 {act=android.intent.action.MAIN cat=[android.intent.category.LAUNCHER] flg=0x10200000 cmp=com.youku.phone/.ActivityWelcome} from uid 0 on display 0
08-06 09:51:50.085   713  1224 V WindowManager: Adding window Window{339073fd u0 AtchDlg:com.youku.phone/com.youku.ui.activity.DetailActivity} at 8 of 14 (after Window{2d1e6617 u0 com.youku.phone/com.youku.ui.activity.DetailActivity})
08-06 09:52:01.310   713   729 W InputManager: Input event injection from pid 2524 failed.
08-06 09:52:01.673   713 15395 W InputMethodManagerService: Window already focused, ignoring focus gain of: com.android.internal.view.IInputMethodClient$Stub$Proxy@87badec attribute=null, token = android.os.BinderProxy@19cc0a96
08-06 09:52:03.930   713   808 V WindowManager: Adding window Window{1c8e644a u0 AtchDlg:com.youku.phone/com.youku.ui.activity.DetailActivity} at 8 of 14 (after Window{2d1e6617 u0 com.youku.phone/com.youku.ui.activity.DetailActivity})
08-06 09:52:10.788   713  1285 I ActivityManager: START u0 {act=android.intent.action.MAIN cat=[android.intent.category.LAUNCHER] flg=0x10200000 cmp=com.youku.phone/.ActivityWelcome} from uid 0 on display 0
08-06 09:52:12.522   713  1285 W InputMethodManagerService: Window already focused, ignoring focus gain of: com.android.internal.view.IInputMethodClient$Stub$Proxy@1f35e625 attribute=null, token = android.os.BinderProxy@19cc0a96
08-06 09:52:26.431   713  1031 V WindowManager: Adding window Window{3ad3bdab u0 AtchDlg:com.youku.phone/com.youku.ui.activity.DetailActivity} at 8 of 14 (after Window{2d1e6617 u0 com.youku.phone/com.youku.ui.activity.DetailActivity})
08-06 09:52:31.839   713  1031 W InputMethodManagerService: Window already focused, ignoring focus gain of: com.android.internal.view.IInputMethodClient$Stub$Proxy@3103bfa1 attribute=null, token = android.os.BinderProxy@19cc0a96
08-06 09:52:39.907   713  1031 V WindowManager: not Base app: Adding window Window{358e8987 u0 com.youku.phone/com.youku.ui.activity.DetailActivity} at 8 of 14
08-06 09:52:40.636  2545  2545 W ViewRootImpl: Dropping event due to root view being removed: MotionEvent { action=ACTION_UP, id[0]=0, x[0]=416.98337, y[0]=-1090.6693, toolType[0]=TOOL_TYPE_UNKNOWN, buttonState=0, metaState=0, flags=0x0, edgeFlags=0x0, pointerCount=1, historySize=0, eventTime=1107311, downTime=1107306, deviceId=0, source=0x1002 }
08-06 09:52:44.777   713   730 I ActivityManager: START u0 {act=android.intent.action.MAIN cat=[android.intent.category.LAUNCHER] flg=0x10200000 cmp=com.youku.phone/.ActivityWelcome} from uid 0 on display 0
08-06 09:52:48.040   713  1233 W ProcessCpuTracker: Skipping unknown process pid 23360
08-06 09:52:49.073   713   830 D ConnectivityService: updateNetworkScore for NetworkAgentInfo [WIFI () - 100] to 60
08-06 09:52:49.073   713   830 D ConnectivityService: rematching NetworkAgentInfo [WIFI () - 100]
08-06 09:52:49.077   713   830 D ConnectivityService: Network NetworkAgentInfo [WIFI () - 100] was already satisfying request 1. No change.
08-06 09:52:49.077   713   830 D ConnectivityService: notifyType AVAILABLE for NetworkAgentInfo [WIFI () - 100]
08-06 09:52:50.821   713   819 I WindowManager: Input event dispatching timed out sending to com.youku.phone/com.youku.ui.activity.DetailActivity.  Reason: Waiting to send key event because the focused window has not finished processing all of the input events that were previously delivered to it.  Outbound queue length: 0.  Wait queue length: 1.
08-06 09:52:51.045   713   730 W InputManager: Input event injection from pid 2524 timed out.
08-06 09:52:51.093   713   778 I ActivityManager: Skipping duplicate ANR: ProcessRecord{1e729670 2545:com.youku.phone/u0a54} Input dispatching timed out (Waiting to send key event because the focused window has not finished processing all of the input events that were previously delivered to it.  Outbound queue length: 0.  Wait queue length: 1.)
08-06 09:52:52.406   713   830 D ConnectivityService: updateNetworkScore for NetworkAgentInfo [WIFI () - 100] to 56
08-06 09:52:52.407   713   830 D ConnectivityService: rematching NetworkAgentInfo [WIFI () - 100]
08-06 09:52:52.407   713   830 D ConnectivityService: Network NetworkAgentInfo [WIFI () - 100] was already satisfying request 1. No change.
08-06 09:52:52.407   713   830 D ConnectivityService: notifyType AVAILABLE for NetworkAgentInfo [WIFI () - 100]
08-06 09:52:53.010   713  1031 W ProcessCpuTracker: Skipping unknown process pid 25010
08-06 09:52:57.057   713   819 I WindowManager: Input event dispatching timed out sending to com.youku.phone/com.youku.ui.activity.DetailActivity.  Reason: Waiting to send non-key event because the focused window has not finished processing certain input events that were delivered to it over 500.0ms ago.  Wait queue length: 2.  Wait queue head age: 11241.1ms.
08-06 09:52:57.350   713   778 I ActivityManager: Skipping duplicate ANR: ProcessRecord{1e729670 2545:com.youku.phone/u0a54} Input dispatching timed out (Waiting to send non-key event because the focused window has not finished processing certain input events that were delivered to it over 500.0ms ago.  Wait queue length: 2.  Wait queue head age: 11241.1ms.)
08-06 09:52:57.352   713  6134 W InputManager: Input event injection from pid 2524 timed out.
08-06 09:52:59.615   713   778 W BroadcastQueue: Timeout of broadcast BroadcastRecord{12365420 u0 com.youku.pushsdk.pushservice.ALARM_TICK} - receiver=android.os.BinderProxy@3f83c1d9, started 60002ms ago
08-06 09:52:59.615   713   778 W BroadcastQueue: Receiver during timeout: ResolveInfo{36ffd79e com.youku.phone/com.youku.pushsdk.receiver.YoukuAppActionReceiver m=0x108000}
08-06 09:52:59.763   713   778 W ProcessCpuTracker: Skipping unknown process pid 27047
08-06 09:53:10.324   713   730 I ActivityManager: START u0 {cmp=com.youku.phone/com.youku.ui.activity.WebViewActivity (has extras)} from uid 10054 on display 0
08-06 09:53:10.341   713   730 V WindowManager: addAppToken: AppWindowToken{1a3679b token=Token{1b0dcfaa ActivityRecord{3465a295 u0 com.youku.phone/com.youku.ui.activity.WebViewActivity t4}}} to stack=1 task=4 at 4
08-06 09:53:10.385   713   819 I WindowManager: Input event dispatching timed out sending to com.youku.phone/com.youku.ui.activity.DetailActivity.  Reason: Waiting to send non-key event because the focused window has not finished processing certain input events that were delivered to it over 500.0ms ago.  Wait queue length: 2.  Wait queue head age: 16548.5ms.
08-06 09:53:10.938   713  1031 W InputManager: Input event injection from pid 2524 failed.
08-06 09:53:16.023   713   819 I WindowManager: Input event dispatching timed out sending to application AppWindowToken{1a3679b token=Token{1b0dcfaa ActivityRecord{3465a295 u0 com.youku.phone/com.youku.ui.activity.WebViewActivity t4}}}.  Reason: Waiting because no window has focus but there is a focused application that may eventually add a window when it finishes starting up.
08-06 09:53:16.349   713  1031 W InputManager: Input event injection from pid 2524 timed out.
08-06 09:53:21.425   713   819 I WindowManager: Input event dispatching timed out sending to application AppWindowToken{1a3679b token=Token{1b0dcfaa ActivityRecord{3465a295 u0 com.youku.phone/com.youku.ui.activity.WebViewActivity t4}}}.  Reason: Waiting because no window has focus but there is a focused application that may eventually add a window when it finishes starting up.
08-06 09:53:21.657   713  1031 W InputManager: Input event injection from pid 2524 timed out.
08-06 09:53:21.937   713   778 W ProcessCpuTracker: Skipping unknown process pid 24383
08-06 09:53:21.981   713   778 W ProcessCpuTracker: Skipping unknown process pid 27425
08-06 09:53:21.982   713   778 W ProcessCpuTracker: Skipping unknown process pid 28144
08-06 09:53:22.029   713   778 W ProcessCpuTracker: Skipping unknown process pid 30062
08-06 09:53:22.273   713   778 W ProcessCpuTracker: Skipping unknown process pid 32299
08-06 09:53:23.463   713   778 E ActivityManager: ANR in com.push.Youku_PushService
08-06 09:53:23.463   713   778 E ActivityManager: PID: 2849
08-06 09:53:23.463   713   778 E ActivityManager: Reason: Broadcast of Intent { act=com.youku.pushsdk.pushservice.ALARM_TICK flg=0x14 cmp=com.youku.phone/com.youku.pushsdk.receiver.YoukuAppActionReceiver (has extras) }
08-06 09:53:23.463   713   778 E ActivityManager: Load: 25.01 / 21.15 / 15.18
08-06 09:53:23.463   713   778 E ActivityManager: CPU usage from 10959ms to 21437ms later with 99% awake:
08-06 09:53:23.463   713   778 E ActivityManager:   39% 713/system_server: 29% user + 10% kernel / faults: 617 minor
08-06 09:53:23.463   713   778 E ActivityManager:   11% 2545/com.youku.phone: 10% user + 1.2% kernel / faults: 1476 minor
08-06 09:53:23.463   713   778 E ActivityManager:   8.6% 170/logd: 8.2% user + 0.3% kernel / faults: 3 minor
08-06 09:53:23.463   713   778 E ActivityManager:   7.1% 868/com.android.systemui: 4.9% user + 2.2% kernel / faults: 27235 minor
08-06 09:53:23.463   713   778 E ActivityManager:   4.1% 207/adbd: 0.5% user + 3.5% kernel / faults: 1772 minor
08-06 09:53:23.463   713   778 E ActivityManager:   3.4% 1504/mpdecision: 0% user + 3.4% kernel
08-06 09:53:23.463   713   778 E ActivityManager:   2.6% 1154/com.android.phone: 1% user + 1.5% kernel / faults: 2916 minor
08-06 09:53:23.463   713   778 E ActivityManager:   2.1% 190/debuggerd: 0% user + 2% kernel / faults: 2586 minor
08-06 09:53:23.463   713   778 E ActivityManager:   1.7% 183/surfaceflinger: 0.8% user + 0.8% kernel / faults: 7 minor
08-06 09:53:23.463   713   778 E ActivityManager:   1% 1110/com.android.nfc: 0.6% user + 0.3% kernel / faults: 1327 minor
08-06 09:53:23.463   713   778 E ActivityManager:   0.7% 193/mediaserver: 0.1% user + 0.5% kernel
08-06 09:53:23.463   713   778 E ActivityManager:   0.7% 4861/com.youku.phone:channel: 0.7% user + 0% kernel / faults: 30 minor
08-06 09:53:23.463   713   778 E ActivityManager:   0.5% 2/kthreadd: 0% user + 0.5% kernel
08-06 09:53:23.463   713   778 E ActivityManager:   0.4% 97/kworker/0:2: 0% user + 0.4% kernel
08-06 09:53:23.463   713   778 E ActivityManager:   0.3% 2601/logcat: 0.1% user + 0.1% kernel
08-06 09:53:23.463   713   778 E ActivityManager:   0.2% 199/sensors.qcom: 0% user + 0.2% kernel / faults: 3 minor
08-06 09:53:23.463   713   778 E ActivityManager:   0.2% 2609/logcat: 0% user + 0.1% kernel
08-06 09:53:23.463   713   778 E ActivityManager:   0.1% 120/mmcqd/1: 0% user + 0.1% kernel
08-06 09:53:23.463   713   778 E ActivityManager:   0.1% 124/dhd_dpc: 0% user + 0.1% kernel
08-06 09:53:23.463   713   778 E ActivityManager:   0.1% 2849/com.push.Youku_PushService: 0.1% user + 0% kernel / faults: 82 minor
08-06 09:53:23.463   713   778 E ActivityManager:   0.1% 7913/kworker/u:27: 0% user + 0.1% kernel
08-06 09:53:23.463   713   778 E ActivityManager:   0.1% 7914/kworker/u:28: 0% user + 0.1% kernel
08-06 09:53:23.463   713   778 E ActivityManager:   0% 3/ksoftirqd/0: 0% user + 0% kernel
08-06 09:53:23.463   713   778 E ActivityManager:   0% 7/kworker/u:0H: 0% user + 0% kernel
08-06 09:53:23.463   713   778 E ActivityManager:   0% 123/dhd_watchdog_th: 0% user + 0% kernel
08-06 09:53:23.463   713   778 E ActivityManager:   0% 296/mdss_fb0: 0% user + 0% kernel
08-06 09:53:23.463   713   778 E ActivityManager:   0% 1013/com.android.settings: 0% user + 0% kernel
08-06 09:53:23.463   713   778 E ActivityManager:   0% 2613/sh: 0% user + 0% kernel
08-06 09:53:23.463   713   778 E ActivityManager:   0% 5774/com.youku.phone:SoUpgradeService: 0% user + 0% kernel / faults: 258 minor
08-06 09:53:23.463   713   778 E ActivityManager:   0% 14232/kworker/0:0H: 0% user + 0% kernel
08-06 09:53:23.463   713   778 E ActivityManager:  +0% 29745/dumpsys: 0% user + 0% kernel
08-06 09:53:23.463   713   778 E ActivityManager:  +0% 30539/procrank: 0% user + 0% kernel
08-06 09:53:23.463   713   778 E ActivityManager:  +0% 30541/dumpsys: 0% user + 0% kernel
08-06 09:53:23.463   713   778 E ActivityManager: 100% TOTAL: 66% user + 33% kernel
08-06 09:53:23.463   713   778 E ActivityManager: CPU usage from 22419ms to 23207ms later:
08-06 09:53:23.463   713   778 E ActivityManager:   42% 713/system_server: 28% user + 14% kernel / faults: 70 minor
08-06 09:53:23.463   713   778 E ActivityManager:     12% 1233/Binder_7: 8.4% user + 4.2% kernel
08-06 09:53:23.463   713   778 E ActivityManager:     11% 730/Binder_2: 7% user + 4.2% kernel
08-06 09:53:23.463   713   778 E ActivityManager:     11% 6134/Binder_C: 8.4% user + 2.8% kernel
08-06 09:53:23.463   713   778 E ActivityManager:     4.2% 778/ActivityManager: 0% user + 4.2% kernel
08-06 09:53:23.463   713   778 E ActivityManager:     1.4% 713/system_server: 0% user + 1.4% kernel
08-06 09:53:23.463   713   778 E ActivityManager:     1.4% 781/android.ui: 1.4% user + 0% kernel
08-06 09:53:23.463   713   778 E ActivityManager:     1.4% 14522/Binder_D: 1.4% user + 0% kernel
08-06 09:53:23.463   713   778 E ActivityManager:   12% 868/com.android.systemui: 11% user + 1.4% kernel / faults: 5000 minor
08-06 09:53:23.463   713   778 E ActivityManager:     11% 1461/Binder_3: 11% user + 0% kernel
08-06 09:53:23.463   713   778 E ActivityManager:     1.4% 1456/RenderThread: 0% user + 1.4% kernel
08-06 09:53:23.463   713   778 E ActivityManager:   10% 30539/procrank: 1.2% user + 8.9% kernel / faults: 1532 minor
08-06 09:53:23.463   713   778 E ActivityManager:   9.2% 170/logd: 7.8% user + 1.3% kernel
08-06 09:53:23.463   713   778 E ActivityManager:     2.6% 2619/logd.reader.per: 2.6% user + 0% kernel
08-06 09:53:23.463   713   778 E ActivityManager:     1.3% 2616/logd.reader.per: 1.3% user + 0% kernel
08-06 09:53:23.463   713   778 E ActivityManager:     1.3% 2617/logd.reader.per: 1.3% user + 0% kernel
08-06 09:53:23.463   713   778 E ActivityManager:     1.3% 2618/logd.reader.per: 1.3% user + 0% kernel
08-06 09:53:23.463   713   778 E ActivityManager:     1.3% 2620/logd.reader.per: 1.3% user + 0% kernel
08-06 09:53:23.463   713   778 E ActivityManager:   4.1% 207/adbd: 1.3% user + 2.7% kernel / faults: 121 minor
08-06 09:53:23.463   713   778 E ActivityManager:     4.1% 207/adbd: 0% user + 4.1% kernel
08-06 09:53:23.463   713   778 E ActivityManager:     2.7% 1981/adbd: 2.7% user + 0% kernel
08-06 09:53:23.463   713   778 E ActivityManager:     1.3% 1982/adbd: 0% user + 1.3% kernel
08-06 09:53:23.463   713   778 E ActivityManager:    +0% 32576/adbd: 0% user + 0% kernel
08-06 09:53:23.463   713   778 E ActivityManager:   2.7% 1504/mpdecision: 0% user + 2.7% kernel
08-06 09:53:23.463   713   778 E ActivityManager:     4.1% 1521/mpdecision: 0% user + 4.1% kernel
08-06 09:53:23.463   713   778 E ActivityManager:   0.7% 2545/com.youku.phone: 0.7% user + 0% kernel / faults: 2 minor
08-06 09:53:23.463   713   778 E ActivityManager:     0.3% 2675/Binder_7: 0.3% user + 0% kernel
08-06 09:53:23.463   713   778 E ActivityManager:     0.3% 2887/Timer-2: 0.3% user + 0% kernel
08-06 09:53:23.463   713   778 E ActivityManager:   0.1% 7/kworker/u:0H: 0% user + 0.1% kernel
08-06 09:53:23.463   713   778 E ActivityManager:   1.3% 183/surfaceflinger: 0% user + 1.3% kernel
08-06 09:53:23.463   713   778 E ActivityManager:   0.1% 189/netd: 0% user + 0.1% kernel
08-06 09:53:23.463   713   778 E ActivityManager:   0.7% 7925/kworker/u:39: 0% user + 0.7% kernel
08-06 09:53:23.463   713   778 E ActivityManager:  +0% 32575/procrank: 0% user + 0% kernel
08-06 09:53:23.463   713   778 E ActivityManager: 100% TOTAL: 65% user + 34% kernel
08-06 09:53:23.575   713   778 I ActivityManager: Skipping duplicate ANR: ProcessRecord{1e729670 2545:com.youku.phone/u0a54} Input dispatching timed out (Waiting to send non-key event because the focused window has not finished processing certain input events that were delivered to it over 500.0ms ago.  Wait queue length: 2.  Wait queue head age: 16548.5ms.)
08-06 09:53:23.652   713   778 I ActivityManager: Skipping duplicate ANR: ProcessRecord{1e729670 2545:com.youku.phone/u0a54} Input dispatching timed out (Waiting because no window has focus but there is a focused application that may eventually add a window when it finishes starting up.)
08-06 09:53:23.655   713   778 W ActivityManager: Launch timeout has expired, giving up wake lock!
08-06 09:53:23.701   713   778 I ActivityManager: Skipping duplicate ANR: ProcessRecord{1e729670 2545:com.youku.phone/u0a54} Input dispatching timed out (Waiting because no window has focus but there is a focused application that may eventually add a window when it finishes starting up.)
08-06 09:53:26.665   713   819 I WindowManager: Input event dispatching timed out sending to application AppWindowToken{1a3679b token=Token{1b0dcfaa ActivityRecord{3465a295 u0 com.youku.phone/com.youku.ui.activity.WebViewActivity t4}}}.  Reason: Waiting because no window has focus but there is a focused application that may eventually add a window when it finishes starting up.
08-06 09:53:27.754   713  2782 W ActivityManager: getTasks: caller 10054 does not hold GET_TASKS; limiting output
08-06 09:53:28.257   713  2782 V WindowManager: Adding window Window{3d6f267c u0 com.youku.phone/com.youku.ui.activity.WebViewActivity} at 8 of 14 (after Window{2d1e6617 u0 com.youku.phone/com.youku.ui.activity.DetailActivity})
08-06 09:53:28.294   713  1031 W InputManager: Input event injection from pid 2524 timed out.
08-06 09:53:28.525   713   778 I ActivityManager: Skipping duplicate ANR: ProcessRecord{1e729670 2545:com.youku.phone/u0a54} Input dispatching timed out (Waiting because no window has focus but there is a focused application that may eventually add a window when it finishes starting up.)
08-06 09:53:33.836  2545  2545 W ViewRootImpl: Dropping event due to no window focus: KeyEvent { action=ACTION_DOWN, keyCode=KEYCODE_BACK, scanCode=0, metaState=0, flags=0x48, repeatCount=0, eventTime=1159489, downTime=1159489, deviceId=-1, source=0x101 }
08-06 09:53:33.839  2545  2545 W ViewRootImpl: Cancelling event due to no window focus: KeyEvent { action=ACTION_UP, keyCode=KEYCODE_BACK, scanCode=0, metaState=0, flags=0x68, repeatCount=0, eventTime=1159651, downTime=1159489, deviceId=-1, source=0x101 }
08-06 09:53:33.842  2545  2545 W ViewRootImpl: Cancelling event due to no window focus: KeyEvent { action=ACTION_UP, keyCode=KEYCODE_BACK, scanCode=0, metaState=0, flags=0x68, repeatCount=0, eventTime=1159651, downTime=1159489, deviceId=-1, source=0x101 }
08-06 09:53:33.846  2545  2545 W ViewRootImpl: Cancelling event due to no window focus: KeyEvent { action=ACTION_UP, keyCode=KEYCODE_BACK, scanCode=0, metaState=0, flags=0x68, repeatCount=0, eventTime=1159651, downTime=1159489, deviceId=-1, source=0x101 }
08-06 09:53:33.846  2545  2545 W ViewRootImpl: Cancelling event due to no window focus: KeyEvent { action=ACTION_UP, keyCode=KEYCODE_BACK, scanCode=0, metaState=0, flags=0x68, repeatCount=0, eventTime=1159651, downTime=1159489, deviceId=-1, source=0x101 }
08-06 09:53:33.849  2545  2545 W ViewRootImpl: Cancelling event due to no window focus: KeyEvent { action=ACTION_UP, keyCode=KEYCODE_BACK, scanCode=0, metaState=0, flags=0x68, repeatCount=0, eventTime=1159651, downTime=1159489, deviceId=-1, source=0x101 }
08-06 09:53:33.850  2545  2545 W ViewRootImpl: Cancelling event due to no window focus: KeyEvent { action=ACTION_UP, keyCode=KEYCODE_BACK, scanCode=0, metaState=0, flags=0x68, repeatCount=0, eventTime=1159651, downTime=1159489, deviceId=-1, source=0x101 }
08-06 09:53:33.869  2545  2545 W ViewRootImpl: Cancelling event due to no window focus: KeyEvent { action=ACTION_UP, keyCode=KEYCODE_BACK, scanCode=0, metaState=0, flags=0x80000068, repeatCount=0, eventTime=1159651, downTime=1159489, deviceId=-1, source=0x101 }
08-06 09:53:33.870  2545  2545 W ViewRootImpl: Cancelling event due to no window focus: KeyEvent { action=ACTION_UP, keyCode=KEYCODE_BACK, scanCode=0, metaState=0, flags=0x80000068, repeatCount=0, eventTime=1159651, downTime=1159489, deviceId=-1, source=0x101 }
08-06 09:53:33.874  2545  2545 W ViewRootImpl: Cancelling event due to no window focus: KeyEvent { action=ACTION_UP, keyCode=KEYCODE_BACK, scanCode=0, metaState=0, flags=0x80000068, repeatCount=0, eventTime=1159651, downTime=1159489, deviceId=-1, source=0x101 }
08-06 09:53:41.782   713  1233 W ProcessCpuTracker: Skipping unknown process pid 5128
08-06 09:54:02.733   713   785 I PowerManagerService: Going to sleep due to screen timeout (uid 1000)...
08-06 09:54:02.735   713   785 I PowerManagerService: Sleeping (uid 1000)...
08-06 09:54:03.405   713   783 I DisplayManagerService: Display device changed: DisplayDeviceInfo{"Built-in Screen": uniqueId="local:0", 1080 x 1920, 60.0 fps, supportedRefreshRates [60.0], density 480, 442.451 x 443.345 dpi, appVsyncOff 7500000, presDeadline 12666667, touch INTERNAL, rotation 0, type BUILT_IN, state OFF, FLAG_DEFAULT_DISPLAY, FLAG_ROTATES_WITH_CONTENT, FLAG_SECURE, FLAG_SUPPORTS_PROTECTED_BUFFERS}
08-06 09:54:03.409   713   713 V ActivityManager: Display changed displayId=0
08-06 09:54:08.094   713   830 D ConnectivityService: updateNetworkScore for NetworkAgentInfo [WIFI () - 100] to 60
08-06 09:54:08.094   713   830 D ConnectivityService: rematching NetworkAgentInfo [WIFI () - 100]
08-06 09:54:08.094   713   830 D ConnectivityService: Network NetworkAgentInfo [WIFI () - 100] was already satisfying request 1. No change.
08-06 09:54:08.095   713   830 D ConnectivityService: notifyType AVAILABLE for NetworkAgentInfo [WIFI () - 100]
08-06 09:54:08.331   713   820 I PowerManagerService: Waking up from sleep (uid 1000)...
08-06 09:54:08.342   713   785 I DisplayPowerController: Blocking screen on until initial contents have been drawn.
08-06 09:54:08.440   713   783 I DisplayManagerService: Display device changed: DisplayDeviceInfo{"Built-in Screen": uniqueId="local:0", 1080 x 1920, 60.0 fps, supportedRefreshRates [60.0], density 480, 442.451 x 443.345 dpi, appVsyncOff 7500000, presDeadline 12666667, touch INTERNAL, rotation 0, type BUILT_IN, state ON, FLAG_DEFAULT_DISPLAY, FLAG_ROTATES_WITH_CONTENT, FLAG_SECURE, FLAG_SUPPORTS_PROTECTED_BUFFERS}
08-06 09:54:08.459   713   713 V ActivityManager: Display changed displayId=0
08-06 09:54:08.473   713   713 V ActivityManager: Display changed displayId=0
08-06 09:54:09.361   713   783 W WindowManager: Timeout waiting for drawn: undrawn=[Window{3d6f267c u0 com.youku.phone/com.youku.ui.activity.WebViewActivity}]
08-06 09:54:09.363   713   785 I DisplayPowerController: Unblocked screen on after 1021 ms
08-06 09:54:09.471   713   820 I PowerManagerService: Going to sleep due to power button (uid 1000)...
08-06 09:54:09.472   713   785 I PowerManagerService: Sleeping (uid 1000)...
08-06 09:54:09.964   713   783 I DisplayManagerService: Display device changed: DisplayDeviceInfo{"Built-in Screen": uniqueId="local:0", 1080 x 1920, 60.0 fps, supportedRefreshRates [60.0], density 480, 442.451 x 443.345 dpi, appVsyncOff 7500000, presDeadline 12666667, touch INTERNAL, rotation 0, type BUILT_IN, state OFF, FLAG_DEFAULT_DISPLAY, FLAG_ROTATES_WITH_CONTENT, FLAG_SECURE, FLAG_SUPPORTS_PROTECTED_BUFFERS}
08-06 09:54:09.967   713   713 V ActivityManager: Display changed displayId=0
08-06 09:54:11.657   713   820 I PowerManagerService: Waking up from sleep (uid 1000)...
08-06 09:54:11.663   713   785 I DisplayPowerController: Blocking screen on until initial contents have been drawn.
08-06 09:54:11.744   713   783 I DisplayManagerService: Display device changed: DisplayDeviceInfo{"Built-in Screen": uniqueId="local:0", 1080 x 1920, 60.0 fps, supportedRefreshRates [60.0], density 480, 442.451 x 443.345 dpi, appVsyncOff 7500000, presDeadline 12666667, touch INTERNAL, rotation 0, type BUILT_IN, state ON, FLAG_DEFAULT_DISPLAY, FLAG_ROTATES_WITH_CONTENT, FLAG_SECURE, FLAG_SUPPORTS_PROTECTED_BUFFERS}
08-06 09:54:11.767   713  6776 I WindowManager: Screenshot max retries 4 of Token{1b0dcfaa ActivityRecord{3465a295 u0 com.youku.phone/com.youku.ui.activity.WebViewActivity t4}} appWin=Window{3d6f267c u0 com.youku.phone/com.youku.ui.activity.WebViewActivity} drawState=1
08-06 09:54:12.461   713   820 I WindowManager: Suppressed redundant power key press while already in the process of turning the screen on.
08-06 09:54:12.664   713   783 W WindowManager: Timeout waiting for drawn: undrawn=[Window{39c588c6 u0 StatusBar}]
08-06 09:54:12.666   713   785 I DisplayPowerController: Unblocked screen on after 1003 ms
08-06 09:54:13.666   713   783 W WindowManager: Window freeze timeout expired.
08-06 09:54:13.666   713   783 W WindowManager: Force clearing orientation change: Window{39c588c6 u0 StatusBar}
08-06 09:54:17.632   713   830 D ConnectivityService: updateNetworkScore for NetworkAgentInfo [WIFI () - 100] to 56
08-06 09:54:17.633   713   830 D ConnectivityService: rematching NetworkAgentInfo [WIFI () - 100]
08-06 09:54:17.633   713   830 D ConnectivityService: Network NetworkAgentInfo [WIFI () - 100] was already satisfying request 1. No change.
08-06 09:54:17.633   713   830 D ConnectivityService: notifyType AVAILABLE for NetworkAgentInfo [WIFI () - 100]
08-06 09:54:17.667   713   713 V ActivityManager: Display changed displayId=0
08-06 09:54:17.884   713   778 W ActivityManager: Activity pause timeout for ActivityRecord{3465a295 u0 com.youku.phone/com.youku.ui.activity.WebViewActivity t4}
08-06 09:54:18.588   713   781 W WindowManager: Keyguard drawn timeout. Setting mKeyguardDrawComplete
08-06 09:54:19.047   713  1248 V WindowManager: not Base app: Adding window Window{1c6b2df1 u0 com.youku.phone/com.youku.ui.activity.WebViewActivity} at 9 of 15
08-06 09:54:19.173  2545  2545 W ViewRootImpl: Cancelling event due to no window focus: KeyEvent { action=ACTION_UP, keyCode=KEYCODE_BACK, scanCode=0, metaState=0, flags=0x80000068, repeatCount=0, eventTime=1205466, downTime=1204798, deviceId=-1, source=0x101 }
08-06 09:54:19.176  2545  2545 W ViewRootImpl: Cancelling event due to no window focus: KeyEvent { action=ACTION_UP, keyCode=KEYCODE_BACK, scanCode=0, metaState=0, flags=0x80000068, repeatCount=0, eventTime=1205466, downTime=1204798, deviceId=-1, source=0x101 }
08-06 09:54:19.179  2545  2545 W ViewRootImpl: Cancelling event due to no window focus: KeyEvent { action=ACTION_UP, keyCode=KEYCODE_BACK, scanCode=0, metaState=0, flags=0x80000068, repeatCount=0, eventTime=1205466, downTime=1204798, deviceId=-1, source=0x101 }
08-06 09:54:19.179  2545  2545 W ViewRootImpl: Cancelling event due to no window focus: KeyEvent { action=ACTION_UP, keyCode=KEYCODE_BACK, scanCode=0, metaState=0, flags=0x80000068, repeatCount=0, eventTime=1205466, downTime=1204798, deviceId=-1, source=0x101 }
08-06 09:54:19.180  2545  2545 W ViewRootImpl: Cancelling event due to no window focus: KeyEvent { action=ACTION_UP, keyCode=KEYCODE_BACK, scanCode=0, metaState=0, flags=0x80000068, repeatCount=0, eventTime=1205466, downTime=1204798, deviceId=-1, source=0x101 }
08-06 09:54:19.181  2545  2545 W ViewRootImpl: Cancelling event due to no window focus: KeyEvent { action=ACTION_UP, keyCode=KEYCODE_BACK, scanCode=0, metaState=0, flags=0x80000068, repeatCount=0, eventTime=1205466, downTime=1204798, deviceId=-1, source=0x101 }
08-06 09:54:19.184  2545  2545 W ViewRootImpl: Cancelling event due to no window focus: KeyEvent { action=ACTION_UP, keyCode=KEYCODE_BACK, scanCode=0, metaState=0, flags=0x80000068, repeatCount=0, eventTime=1205466, downTime=1204798, deviceId=-1, source=0x101 }
08-06 09:54:19.184  2545  2545 W ViewRootImpl: Cancelling event due to no window focus: KeyEvent { action=ACTION_UP, keyCode=KEYCODE_BACK, scanCode=0, metaState=0, flags=0x80000068, repeatCount=0, eventTime=1205466, downTime=1204798, deviceId=-1, source=0x101 }
08-06 09:54:19.185  2545  2545 W ViewRootImpl: Cancelling event due to no window focus: KeyEvent { action=ACTION_UP, keyCode=KEYCODE_BACK, scanCode=0, metaState=0, flags=0x80000068, repeatCount=0, eventTime=1205466, downTime=1204798, deviceId=-1, source=0x101 }
08-06 09:54:19.220  2545  2545 W ViewRootImpl: Dropping event due to no window focus: KeyEvent { action=ACTION_DOWN, keyCode=KEYCODE_BACK, scanCode=0, metaState=0, flags=0x48, repeatCount=0, eventTime=1205552, downTime=1205552, deviceId=-1, source=0x101 }
08-06 09:54:19.229   713  1248 W ActivityManager: getTasks: caller 10054 does not hold GET_TASKS; limiting output
08-06 09:54:19.252   713   713 V ActivityManager: Display changed displayId=0
08-06 09:54:21.008   713   778 W BroadcastQueue: Timeout of broadcast BroadcastRecord{3a8f6bb0 u-1 android.intent.action.SCREEN_ON} - receiver=android.app.LoadedApk$ReceiverDispatcher$InnerReceiver@18317710, started 16768ms ago
08-06 09:54:21.008   713   778 W BroadcastQueue: Receiver during timeout: BroadcastFilter{261ef43c u0 ReceiverList{5b6c209 713 system/1000/u0 local:18317710}}
08-06 09:54:21.008   713   778 W ActivityManager: Sleep timeout!  Sleeping now.
08-06 09:54:21.631  2545  2545 W ViewRootImpl: Cancelling event due to no window focus: KeyEvent { action=ACTION_UP, keyCode=KEYCODE_BACK, scanCode=0, metaState=0, flags=0x68, repeatCount=0, eventTime=1206429, downTime=1205552, deviceId=-1, source=0x101 }
08-06 09:54:21.631  2545  2545 W ViewRootImpl: Cancelling event due to no window focus: KeyEvent { action=ACTION_UP, keyCode=KEYCODE_BACK, scanCode=0, metaState=0, flags=0x68, repeatCount=0, eventTime=1206429, downTime=1205552, deviceId=-1, source=0x101 }
08-06 09:54:21.635  2545  2545 W ViewRootImpl: Cancelling event due to no window focus: KeyEvent { action=ACTION_UP, keyCode=KEYCODE_BACK, scanCode=0, metaState=0, flags=0x68, repeatCount=0, eventTime=1206429, downTime=1205552, deviceId=-1, source=0x101 }
08-06 09:54:21.635  2545  2545 W ViewRootImpl: Cancelling event due to no window focus: KeyEvent { action=ACTION_UP, keyCode=KEYCODE_BACK, scanCode=0, metaState=0, flags=0x68, repeatCount=0, eventTime=1206429, downTime=1205552, deviceId=-1, source=0x101 }
08-06 09:54:21.639  2545  2545 W ViewRootImpl: Cancelling event due to no window focus: KeyEvent { action=ACTION_UP, keyCode=KEYCODE_BACK, scanCode=0, metaState=0, flags=0x68, repeatCount=0, eventTime=1206429, downTime=1205552, deviceId=-1, source=0x101 }
08-06 09:54:21.640  2545  2545 W ViewRootImpl: Cancelling event due to no window focus: KeyEvent { action=ACTION_UP, keyCode=KEYCODE_BACK, scanCode=0, metaState=0, flags=0x68, repeatCount=0, eventTime=1206429, downTime=1205552, deviceId=-1, source=0x101 }
08-06 09:54:21.644  2545  2545 W ViewRootImpl: Cancelling event due to no window focus: KeyEvent { action=ACTION_UP, keyCode=KEYCODE_BACK, scanCode=0, metaState=0, flags=0x80000068, repeatCount=0, eventTime=1206429, downTime=1205552, deviceId=-1, source=0x101 }
08-06 09:54:21.645  2545  2545 W ViewRootImpl: Cancelling event due to no window focus: KeyEvent { action=ACTION_UP, keyCode=KEYCODE_BACK, scanCode=0, metaState=0, flags=0x80000068, repeatCount=0, eventTime=1206429, downTime=1205552, deviceId=-1, source=0x101 }
08-06 09:54:21.645  2545  2545 W ViewRootImpl: Cancelling event due to no window focus: KeyEvent { action=ACTION_UP, keyCode=KEYCODE_BACK, scanCode=0, metaState=0, flags=0x80000068, repeatCount=0, eventTime=1206429, downTime=1205552, deviceId=-1, source=0x101 }
08-06 09:54:21.652   713   778 W ActivityManager: Activity pause timeout for ActivityRecord{1f0b9c10 u0 com.youku.phone/com.youku.ui.activity.DetailActivity t4}
08-06 09:54:22.321   713   730 W InputMethodManagerService: Window already focused, ignoring focus gain of: com.android.internal.view.IInputMethodClient$Stub$Proxy@1c00aa29 attribute=null, token = android.os.BinderProxy@1941a96f
08-06 09:54:24.101   868   868 W ViewRootImpl: Dropping event due to no window focus: KeyEvent { action=ACTION_DOWN, keyCode=KEYCODE_BACK, scanCode=0, metaState=0, flags=0x48, repeatCount=0, eventTime=1209496, downTime=1209496, deviceId=-1, source=0x101 }
08-06 09:54:24.130   868   868 W ViewRootImpl: Cancelling event due to no window focus: KeyEvent { action=ACTION_UP, keyCode=KEYCODE_BACK, scanCode=0, metaState=0, flags=0x68, repeatCount=0, eventTime=1209812, downTime=1209496, deviceId=-1, source=0x101 }
08-06 09:54:24.131   868   868 W ViewRootImpl: Cancelling event due to no window focus: KeyEvent { action=ACTION_UP, keyCode=KEYCODE_BACK, scanCode=0, metaState=0, flags=0x68, repeatCount=0, eventTime=1209812, downTime=1209496, deviceId=-1, source=0x101 }
08-06 09:54:24.134   868   868 W ViewRootImpl: Cancelling event due to no window focus: KeyEvent { action=ACTION_UP, keyCode=KEYCODE_BACK, scanCode=0, metaState=0, flags=0x68, repeatCount=0, eventTime=1209812, downTime=1209496, deviceId=-1, source=0x101 }
08-06 09:54:24.134   868   868 W ViewRootImpl: Cancelling event due to no window focus: KeyEvent { action=ACTION_UP, keyCode=KEYCODE_BACK, scanCode=0, metaState=0, flags=0x68, repeatCount=0, eventTime=1209812, downTime=1209496, deviceId=-1, source=0x101 }
08-06 09:54:24.172   868   868 W ViewRootImpl: Cancelling event due to no window focus: KeyEvent { action=ACTION_UP, keyCode=KEYCODE_BACK, scanCode=0, metaState=0, flags=0x68, repeatCount=0, eventTime=1209812, downTime=1209496, deviceId=-1, source=0x101 }
08-06 09:54:24.173   868   868 W ViewRootImpl: Cancelling event due to no window focus: KeyEvent { action=ACTION_UP, keyCode=KEYCODE_BACK, scanCode=0, metaState=0, flags=0x68, repeatCount=0, eventTime=1209812, downTime=1209496, deviceId=-1, source=0x101 }
08-06 09:54:24.190   868   868 W ViewRootImpl: Dropping event due to no window focus: KeyEvent { action=ACTION_DOWN, keyCode=KEYCODE_BACK, scanCode=0, metaState=0, flags=0x48, repeatCount=0, eventTime=1209911, downTime=1209911, deviceId=-1, source=0x101 }
08-06 09:54:24.194   868   868 W ViewRootImpl: Cancelling event due to no window focus: KeyEvent { action=ACTION_UP, keyCode=KEYCODE_BACK, scanCode=0, metaState=0, flags=0x68, repeatCount=0, eventTime=1210217, downTime=1209911, deviceId=-1, source=0x101 }
08-06 09:54:24.195   868   868 W ViewRootImpl: Cancelling event due to no window focus: KeyEvent { action=ACTION_UP, keyCode=KEYCODE_BACK, scanCode=0, metaState=0, flags=0x68, repeatCount=0, eventTime=1210217, downTime=1209911, deviceId=-1, source=0x101 }
08-06 09:54:24.208   868   868 W ViewRootImpl: Cancelling event due to no window focus: KeyEvent { action=ACTION_UP, keyCode=KEYCODE_BACK, scanCode=0, metaState=0, flags=0x68, repeatCount=0, eventTime=1210217, downTime=1209911, deviceId=-1, source=0x101 }
08-06 09:54:24.208   868   868 W ViewRootImpl: Cancelling event due to no window focus: KeyEvent { action=ACTION_UP, keyCode=KEYCODE_BACK, scanCode=0, metaState=0, flags=0x68, repeatCount=0, eventTime=1210217, downTime=1209911, deviceId=-1, source=0x101 }
08-06 09:54:24.209   868   868 W ViewRootImpl: Cancelling event due to no window focus: KeyEvent { action=ACTION_UP, keyCode=KEYCODE_BACK, scanCode=0, metaState=0, flags=0x68, repeatCount=0, eventTime=1210217, downTime=1209911, deviceId=-1, source=0x101 }
08-06 09:54:24.209   868   868 W ViewRootImpl: Cancelling event due to no window focus: KeyEvent { action=ACTION_UP, keyCode=KEYCODE_BACK, scanCode=0, metaState=0, flags=0x68, repeatCount=0, eventTime=1210217, downTime=1209911, deviceId=-1, source=0x101 }
08-06 09:54:27.582   713   808 I ActivityManager: START u0 {act=android.intent.action.MAIN cat=[android.intent.category.LAUNCHER] flg=0x10200000 cmp=com.youku.phone/.ActivityWelcome} from uid 0 on display 0
08-06 09:54:28.136   713   778 W ActivityManager: Activity pause timeout for ActivityRecord{1f0b9c10 u0 com.youku.phone/com.youku.ui.activity.DetailActivity t4}
08-06 09:54:31.580   713   778 W ActivityManager: Activity destroy timeout for ActivityRecord{3465a295 u0 com.youku.phone/com.youku.ui.activity.WebViewActivity t4 f}
08-06 09:54:33.604   713   778 W ActivityManager: Activity stop timeout for ActivityRecord{1f0b9c10 u0 com.youku.phone/com.youku.ui.activity.DetailActivity t4}
08-06 09:54:34.659   713   783 E WindowAnimator: Timeout waiting for animation to startup
08-06 09:54:38.806   713   778 W BroadcastQueue: Timeout of broadcast BroadcastRecord{13e0069d u-1 android.intent.action.SCREEN_OFF} - receiver=android.app.LoadedApk$ReceiverDispatcher$InnerReceiver@18317710, started 10000ms ago
08-06 09:54:38.807   713   778 W BroadcastQueue: Receiver during timeout: BroadcastFilter{261ef43c u0 ReceiverList{5b6c209 713 system/1000/u0 local:18317710}}
08-06 09:54:41.482   713  6776 W WindowManager: Failed looking up window
08-06 09:54:41.482   713  6776 W WindowManager: java.lang.IllegalArgumentException: Requested window android.os.BinderProxy@17160198 does not exist
08-06 09:54:41.482   713  6776 W WindowManager: 	at com.android.server.wm.WindowManagerService.windowForClientLocked(WindowManagerService.java:8539)
08-06 09:54:41.482   713  6776 W WindowManager: 	at com.android.server.wm.WindowManagerService.windowForClientLocked(WindowManagerService.java:8530)
08-06 09:54:41.482   713  6776 W WindowManager: 	at com.android.server.wm.WindowManagerService.finishDrawingWindow(WindowManagerService.java:3352)
08-06 09:54:41.482   713  6776 W WindowManager: 	at com.android.server.wm.Session.finishDrawing(Session.java:231)
08-06 09:54:41.482   713  6776 W WindowManager: 	at android.view.IWindowSession$Stub.onTransact(IWindowSession.java:417)
08-06 09:54:41.482   713  6776 W WindowManager: 	at com.android.server.wm.Session.onTransact(Session.java:130)
08-06 09:54:41.482   713  6776 W WindowManager: 	at android.os.Binder.execTransact(Binder.java:446)
08-06 09:54:41.852   713   819 I WindowManager: Input event dispatching timed out sending to application AppWindowToken{2da0b90e token=Token{5de8309 ActivityRecord{1f0b9c10 u0 com.youku.phone/com.youku.ui.activity.DetailActivity t4}}}.  Reason: Waiting because no window has focus but there is a focused application that may eventually add a window when it finishes starting up.
08-06 09:54:41.996   713   778 I ActivityManager: Skipping duplicate ANR: ProcessRecord{1e729670 2545:com.youku.phone/u0a54} Input dispatching timed out (Waiting because no window has focus but there is a focused application that may eventually add a window when it finishes starting up.)
08-06 09:54:41.998   713 15395 W InputManager: Input event injection from pid 2524 timed out.
08-06 09:54:42.760  2545  2545 W ViewRootImpl: Cancelling event due to no window focus: KeyEvent { action=ACTION_UP, keyCode=KEYCODE_DPAD_LEFT, scanCode=0, metaState=0, flags=0x80000028, repeatCount=0, eventTime=1228755, downTime=1228755, deviceId=-1, source=0x101 }
08-06 09:54:42.760  2545  2545 W ViewRootImpl: Cancelling event due to no window focus: KeyEvent { action=ACTION_UP, keyCode=KEYCODE_DPAD_LEFT, scanCode=0, metaState=0, flags=0x80000028, repeatCount=0, eventTime=1228755, downTime=1228755, deviceId=-1, source=0x101 }
08-06 09:54:42.761  2545  2545 W ViewRootImpl: Cancelling event due to no window focus: KeyEvent { action=ACTION_UP, keyCode=KEYCODE_DPAD_LEFT, scanCode=0, metaState=0, flags=0x80000028, repeatCount=0, eventTime=1228755, downTime=1228755, deviceId=-1, source=0x101 }
08-06 09:54:42.777  2545  2545 W ViewRootImpl: Cancelling event due to no window focus: KeyEvent { action=ACTION_UP, keyCode=KEYCODE_DPAD_LEFT, scanCode=0, metaState=0, flags=0x80000028, repeatCount=0, eventTime=1228755, downTime=1228755, deviceId=-1, source=0x101 }
08-06 09:54:42.778  2545  2545 W ViewRootImpl: Cancelling event due to no window focus: KeyEvent { action=ACTION_UP, keyCode=KEYCODE_DPAD_LEFT, scanCode=0, metaState=0, flags=0x80000028, repeatCount=0, eventTime=1228755, downTime=1228755, deviceId=-1, source=0x101 }
08-06 09:54:42.778  2545  2545 W ViewRootImpl: Cancelling event due to no window focus: KeyEvent { action=ACTION_UP, keyCode=KEYCODE_DPAD_LEFT, scanCode=0, metaState=0, flags=0x80000028, repeatCount=0, eventTime=1228755, downTime=1228755, deviceId=-1, source=0x101 }
08-06 09:54:42.783  2545  2545 W ViewRootImpl: Cancelling event due to no window focus: KeyEvent { action=ACTION_UP, keyCode=KEYCODE_DPAD_LEFT, scanCode=0, metaState=0, flags=0x80000028, repeatCount=0, eventTime=1228755, downTime=1228755, deviceId=-1, source=0x101 }
08-06 09:54:42.805  2545  2545 W ViewRootImpl: Cancelling event due to no window focus: KeyEvent { action=ACTION_UP, keyCode=KEYCODE_DPAD_LEFT, scanCode=0, metaState=0, flags=0x80000028, repeatCount=0, eventTime=1228755, downTime=1228755, deviceId=-1, source=0x101 }
08-06 09:54:42.806  2545  2545 W ViewRootImpl: Cancelling event due to no window focus: KeyEvent { action=ACTION_UP, keyCode=KEYCODE_DPAD_LEFT, scanCode=0, metaState=0, flags=0x80000028, repeatCount=0, eventTime=1228755, downTime=1228755, deviceId=-1, source=0x101 }
08-06 09:54:42.939   713  1031 W WindowManager: Failed looking up window
08-06 09:54:42.939   713  1031 W WindowManager: java.lang.IllegalArgumentException: Requested window android.os.BinderProxy@1941a96f does not exist
08-06 09:54:42.939   713  1031 W WindowManager: 	at com.android.server.wm.WindowManagerService.windowForClientLocked(WindowManagerService.java:8539)
08-06 09:54:42.939   713  1031 W WindowManager: 	at com.android.server.wm.WindowManagerService.windowForClientLocked(WindowManagerService.java:8530)
08-06 09:54:42.939   713  1031 W WindowManager: 	at com.android.server.wm.WindowManagerService.removeWindow(WindowManagerService.java:2593)
08-06 09:54:42.939   713  1031 W WindowManager: 	at com.android.server.wm.Session.remove(Session.java:187)
08-06 09:54:42.939   713  1031 W WindowManager: 	at android.view.IWindowSession$Stub.onTransact(IWindowSession.java:233)
08-06 09:54:42.939   713  1031 W WindowManager: 	at com.android.server.wm.Session.onTransact(Session.java:130)
