08-06 09:49:18.809  2587  2587 I auditd  : type=1400 audit(0.0:131): avc: denied { read } for comm="OnLineMonitor" name="mem" dev="debugfs" ino=18221 scontext=u:r:untrusted_app:s0 tcontext=u:object_r:debugfs:s0 tclass=file
08-06 09:49:36.626   713   713 I free_storage_changed: 13059862528
08-06 09:49:39.382   713  1259 I am_finish_activity: [0,409800464,4,com.youku.phone/com.youku.usercenter.passport.activity.LoginActivity,app-request]
08-06 09:49:39.390   713  1259 I am_home_stack_moved: [0,0,1,1,finishActivity adjustTopFocus setFocusedActivity]
08-06 09:49:39.392   713  1259 I am_focused_activity: [0,com.youku.phone/com.youku.ui.activity.DetailActivity]
08-06 09:49:39.406   713  1259 I am_pause_activity: [0,409800464,com.youku.phone/com.youku.usercenter.passport.activity.LoginActivity]
08-06 09:49:39.647  2545  2545 I am_on_paused_called: [0,com.youku.usercenter.passport.activity.LoginActivity]
08-06 09:49:39.657   713  1031 I am_resume_activity: [0,520854544,4,com.youku.phone/com.youku.ui.activity.DetailActivity]
08-06 09:49:39.951   713   713 I notification_cancel: [10054,2545,com.youku.phone,11250603,NULL,0,0,64,8,NULL]
08-06 09:49:41.249  2587  2587 I auditd  : type=1400 audit(0.0:132): avc: denied { read } for comm="OnLineMonitor" name="mem" dev="debugfs" ino=18221 scontext=u:r:untrusted_app:s0 tcontext=u:object_r:debugfs:s0 tclass=file
08-06 09:49:41.259  2587  2587 I auditd  : type=1400 audit(0.0:133): avc: denied { read } for comm="OnLineMonitor" name="mem" dev="debugfs" ino=18221 scontext=u:r:untrusted_app:s0 tcontext=u:object_r:debugfs:s0 tclass=file
08-06 09:49:41.584  2545  2545 I am_on_resume_called: [0,com.youku.ui.activity.DetailActivity]
08-06 09:49:41.880   713   808 I am_home_stack_moved: [0,0,1,1,sourceStackToFront]
08-06 09:49:41.905   713   808 I wm_task_moved: [4,1,0]
08-06 09:49:41.923   713   808 I am_create_activity: [0,810176861,4,com.youku.phone/com.youku.usercenter.passport.activity.LoginActivity,android.intent.action.VIEW,NULL,passport://login,0]
08-06 09:49:41.932   713   808 I am_pause_activity: [0,520854544,com.youku.phone/com.youku.ui.activity.DetailActivity]
08-06 09:49:41.936   713   808 I am_home_stack_moved: [0,0,1,1,startedActivity setFocusedActivity]
08-06 09:49:41.955   713   808 I am_focused_activity: [0,com.youku.phone/com.youku.usercenter.passport.activity.LoginActivity]
08-06 09:49:42.163   183   183 I sf_frame_dur: [InputMethod,0,0,0,0,0,0,1]
08-06 09:49:42.439   713   778 I am_restart_activity: [0,810176861,4,com.youku.phone/com.youku.usercenter.passport.activity.LoginActivity]
08-06 09:49:42.633   183   183 I sf_frame_dur: [com.youku.phone/com.youku.usercenter.passport.activity.LoginActivity,3,23,13,5,13,7,8]
08-06 09:49:42.952  2545  2545 I am_on_paused_called: [0,com.youku.ui.activity.DetailActivity]
08-06 09:49:42.954   713 29460 I am_failed_to_pause: [0,520854544,com.youku.phone/com.youku.ui.activity.DetailActivity,(none)]
08-06 09:49:44.629  2545  2545 I am_on_resume_called: [0,com.youku.usercenter.passport.activity.LoginActivity]
08-06 09:49:46.089  2587  2587 I auditd  : type=1400 audit(0.0:134): avc: denied { read } for comm="OnLineMonitor" name="mem" dev="debugfs" ino=18221 scontext=u:r:untrusted_app:s0 tcontext=u:object_r:debugfs:s0 tclass=file
08-06 09:49:46.099  2587  2587 I auditd  : type=1400 audit(0.0:135): avc: denied { read } for comm="OnLineMonitor" name="mem" dev="debugfs" ino=18221 scontext=u:r:untrusted_app:s0 tcontext=u:object_r:debugfs:s0 tclass=file
08-06 09:49:46.395   713   783 I am_activity_launch_time: [0,810176861,com.youku.phone/com.youku.usercenter.passport.activity.LoginActivity,3958,3958]
08-06 09:49:47.798   713  2782 I am_destroy_activity: [0,409800464,4,com.youku.phone/com.youku.usercenter.passport.activity.LoginActivity,finish-imm]
08-06 09:49:53.199  2587  2587 I auditd  : type=1400 audit(0.0:136): avc: denied { read } for comm="OnLineMonitor" name="mem" dev="debugfs" ino=18221 scontext=u:r:untrusted_app:s0 tcontext=u:object_r:debugfs:s0 tclass=file
08-06 09:49:53.219  2587  2587 I auditd  : type=1400 audit(0.0:137): avc: denied { read } for comm="OnLineMonitor" name="mem" dev="debugfs" ino=18221 scontext=u:r:untrusted_app:s0 tcontext=u:object_r:debugfs:s0 tclass=file
08-06 09:49:57.809  2587  2587 I auditd  : type=1400 audit(0.0:138): avc: denied { read } for comm="OnLineMonitor" name="mem" dev="debugfs" ino=18221 scontext=u:r:untrusted_app:s0 tcontext=u:object_r:debugfs:s0 tclass=file
08-06 09:49:57.819  2587  2587 I auditd  : type=1400 audit(0.0:139): avc: denied { read } for comm="OnLineMonitor" name="mem" dev="debugfs" ino=18221 scontext=u:r:untrusted_app:s0 tcontext=u:object_r:debugfs:s0 tclass=file
08-06 09:49:59.273  2545  2545 I menu_opened: 0
08-06 09:50:00.311  2545  2545 I menu_opened: 0
08-06 09:50:08.399  2587  2587 I auditd  : type=1400 audit(0.0:140): avc: denied { read } for comm="OnLineMonitor" name="mem" dev="debugfs" ino=18221 scontext=u:r:untrusted_app:s0 tcontext=u:object_r:debugfs:s0 tclass=file
08-06 09:50:08.399  2587  2587 I auditd  : type=1400 audit(0.0:141): avc: denied { read } for comm="OnLineMonitor" name="mem" dev="debugfs" ino=18221 scontext=u:r:untrusted_app:s0 tcontext=u:object_r:debugfs:s0 tclass=file
08-06 09:50:08.825  2545  2545 I menu_opened: 0
08-06 09:50:12.840   183   183 I sf_frame_dur: [VolumePanel,15,2,1,0,1,1,0]
08-06 09:50:24.406   713   730 I am_finish_activity: [0,810176861,4,com.youku.phone/com.youku.usercenter.passport.activity.LoginActivity,app-request]
08-06 09:50:24.411   713   730 I am_home_stack_moved: [0,0,1,1,finishActivity adjustTopFocus setFocusedActivity]
08-06 09:50:24.411   713   730 I am_focused_activity: [0,com.youku.phone/com.youku.ui.activity.DetailActivity]
08-06 09:50:24.411   713   730 I am_pause_activity: [0,810176861,com.youku.phone/com.youku.usercenter.passport.activity.LoginActivity]
08-06 09:50:25.044   713   778 I am_resume_activity: [0,520854544,4,com.youku.phone/com.youku.ui.activity.DetailActivity]
08-06 09:50:29.042  2545  2545 I am_on_paused_called: [0,com.youku.usercenter.passport.activity.LoginActivity]
08-06 09:50:29.051   713  1224 I am_failed_to_pause: [0,810176861,com.youku.phone/com.youku.usercenter.passport.activity.LoginActivity,(none)]
08-06 09:50:29.129   713   713 I notification_cancel: [10054,2545,com.youku.phone,11250603,NULL,0,0,64,8,NULL]
08-06 09:50:29.553  2545  2545 I am_on_resume_called: [0,com.youku.ui.activity.DetailActivity]
08-06 09:50:29.967   183   183 I sf_frame_dur: [com.youku.phone/com.youku.usercenter.passport.activity.LoginActivity,1,6,6,2,12,16,7]
08-06 09:50:30.701   183   183 I sf_frame_dur: [Toast,0,0,0,0,0,0,1]
08-06 09:50:31.363   713  1019 I am_destroy_activity: [0,810176861,4,com.youku.phone/com.youku.usercenter.passport.activity.LoginActivity,finish-imm]
08-06 09:50:32.219  2587  2587 I auditd  : type=1400 audit(0.0:142): avc: denied { read } for comm="OnLineMonitor" name="mem" dev="debugfs" ino=18221 scontext=u:r:untrusted_app:s0 tcontext=u:object_r:debugfs:s0 tclass=file
08-06 09:50:32.219  2587  2587 I auditd  : type=1400 audit(0.0:143): avc: denied { read } for comm="OnLineMonitor" name="mem" dev="debugfs" ino=18221 scontext=u:r:untrusted_app:s0 tcontext=u:object_r:debugfs:s0 tclass=file
08-06 09:50:34.818   183   183 I sf_frame_dur: [InputMethod,0,0,1,1,1,1,5]
08-06 09:50:37.053   713   713 I free_storage_changed: 13054627840
08-06 09:50:38.182  2545  2545 I menu_opened: 0
08-06 09:50:42.076   183   183 I sf_frame_dur: [VolumePanel,0,0,0,0,1,0,0]
08-06 09:50:49.972   183   183 I sf_frame_dur: [VolumePanel,0,0,0,1,0,0,0]
08-06 09:50:53.022   713   825 I netstats_mobile_sample: [0,0,0,0,0,0,0,0,0,0,0,0,-1]
08-06 09:50:53.052   713   825 I netstats_wifi_sample: [82235306,59742,2221766,35422,82226437,59583,2337324,35453,82226333,59582,2330892,35421,-1]
08-06 09:50:53.904   713 14522 I am_home_stack_moved: [0,0,1,1,intentActivityFound]
08-06 09:50:53.904   713 14522 I wm_task_moved: [4,1,0]
08-06 09:51:02.563   868   868 I sysui_panelholder_touch: [0,362,12]
08-06 09:51:02.798   713  1019 I notification_panel_revealed: []
08-06 09:51:02.878   713 14522 I notification_visibility_changed: [-1|android|17040644|null|1000;-1|android|17040636|null|1000,]
08-06 09:51:03.095   713  1019 I notification_visibility_changed: [,-1|android|17040644|null|1000;-1|android|17040636|null|1000]
08-06 09:51:03.130   713  1259 I notification_panel_hidden: []
08-06 09:51:07.590   183   183 I sf_frame_dur: [com.youku.phone/com.youku.ui.activity.DetailActivity,2,3,3,1,1,1,3]
08-06 09:51:07.985  2545  2545 I menu_opened: 0
08-06 09:51:15.763  2545  2545 I menu_opened: 0
08-06 09:51:16.497   713   730 I battery_level: [46,3798,404]
08-06 09:51:16.527   713   713 I notification_cancel: [10013,868,com.android.systemui,100,low_battery,-1,0,64,8,NULL]
08-06 09:51:23.039   713 14522 I am_home_stack_moved: [0,0,1,1,sourceStackToFront]
08-06 09:51:23.039   713 14522 I wm_task_moved: [4,1,0]
08-06 09:51:23.054   713 14522 I am_create_activity: [0,84945130,4,com.youku.phone/com.youku.ui.activity.WebViewActivity,com.youku.action.YoukuWebview,NULL,NULL,0]
08-06 09:51:23.069   713 14522 I am_pause_activity: [0,520854544,com.youku.phone/com.youku.ui.activity.DetailActivity]
08-06 09:51:23.072   713 14522 I am_home_stack_moved: [0,0,1,1,startedActivity setFocusedActivity]
08-06 09:51:23.079   713 14522 I am_focused_activity: [0,com.youku.phone/com.youku.ui.activity.WebViewActivity]
08-06 09:51:23.578   713   778 I am_restart_activity: [0,84945130,4,com.youku.phone/com.youku.ui.activity.WebViewActivity]
08-06 09:51:30.803  2545  2545 I am_on_paused_called: [0,com.youku.ui.activity.DetailActivity]
08-06 09:51:30.803   713   730 I am_failed_to_pause: [0,520854544,com.youku.phone/com.youku.ui.activity.DetailActivity,(none)]
08-06 09:51:35.378  2545  2545 I am_on_resume_called: [0,com.youku.ui.activity.WebViewActivity]
08-06 09:51:35.459   183   183 I sf_frame_dur: [SurfaceView,7,10,28,62,25,20,10]
08-06 09:51:35.509   183   183 I sf_frame_dur: [com.youku.phone/com.youku.ui.activity.DetailActivity,506,1006,227,43,28,25,20]
08-06 09:51:36.735   713   783 I am_activity_launch_time: [0,84945130,com.youku.phone/com.youku.ui.activity.WebViewActivity,13161,13161]
08-06 09:51:38.519   713  1248 I am_finish_activity: [0,84945130,4,com.youku.phone/com.youku.ui.activity.WebViewActivity,app-request]
08-06 09:51:38.526   713  1248 I am_home_stack_moved: [0,0,1,1,finishActivity adjustTopFocus setFocusedActivity]
08-06 09:51:38.526   713  1248 I am_focused_activity: [0,com.youku.phone/com.youku.ui.activity.DetailActivity]
08-06 09:51:38.526   713  1248 I am_pause_activity: [0,84945130,com.youku.phone/com.youku.ui.activity.WebViewActivity]
08-06 09:51:38.709  2545  2545 I am_on_paused_called: [0,com.youku.ui.activity.WebViewActivity]
08-06 09:51:38.713   713  1248 I am_resume_activity: [0,520854544,4,com.youku.phone/com.youku.ui.activity.DetailActivity]
08-06 09:51:39.192   713   713 I notification_cancel: [10054,2545,com.youku.phone,11250603,NULL,0,0,64,8,NULL]
08-06 09:51:40.151  2545  2545 I am_on_resume_called: [0,com.youku.ui.activity.DetailActivity]
08-06 09:51:40.949  2587  2587 I auditd  : type=1400 audit(0.0:144): avc: denied { read } for comm="OnLineMonitor" name="mem" dev="debugfs" ino=18221 scontext=u:r:untrusted_app:s0 tcontext=u:object_r:debugfs:s0 tclass=file
08-06 09:51:41.019  2587  2587 I auditd  : type=1400 audit(0.0:145): avc: denied { read } for comm="OnLineMonitor" name="mem" dev="debugfs" ino=18221 scontext=u:r:untrusted_app:s0 tcontext=u:object_r:debugfs:s0 tclass=file
08-06 09:51:42.466   183   183 I sf_frame_dur: [com.youku.phone/com.youku.ui.activity.WebViewActivity,9,1,2,2,1,1,1]
08-06 09:51:42.791   713   729 I am_destroy_activity: [0,84945130,4,com.youku.phone/com.youku.ui.activity.WebViewActivity,finish-imm]
08-06 09:51:44.540   183   183 I sf_frame_dur: [VolumePanel,0,1,0,0,0,0,0]
08-06 09:51:44.593   713 14522 I am_home_stack_moved: [0,0,1,1,intentActivityFound]
08-06 09:51:44.593   713 14522 I wm_task_moved: [4,1,0]
08-06 09:51:50.050  2545  2545 I menu_opened: 0
08-06 09:51:51.499  2587  2587 I auditd  : type=1400 audit(0.0:146): avc: denied { read } for comm="OnLineMonitor" name="mem" dev="debugfs" ino=18221 scontext=u:r:untrusted_app:s0 tcontext=u:object_r:debugfs:s0 tclass=file
08-06 09:51:51.509  2587  2587 I auditd  : type=1400 audit(0.0:147): avc: denied { read } for comm="OnLineMonitor" name="mem" dev="debugfs" ino=18221 scontext=u:r:untrusted_app:s0 tcontext=u:object_r:debugfs:s0 tclass=file
08-06 09:52:00.607   183   183 I sf_frame_dur: [VolumePanel,0,0,0,0,1,0,0]
08-06 09:52:03.340   713   825 I netstats_mobile_sample: [0,0,0,0,0,0,0,0,0,0,0,0,-1]
08-06 09:52:03.343   713   825 I netstats_wifi_sample: [93748354,67811,2453818,39073,93738960,67641,2583836,39106,93738960,67641,2577002,39072,-1]
08-06 09:52:03.749  2587  2587 I auditd  : type=1400 audit(0.0:148): avc: denied { read } for comm="OnLineMonitor" name="mem" dev="debugfs" ino=18221 scontext=u:r:untrusted_app:s0 tcontext=u:object_r:debugfs:s0 tclass=file
08-06 09:52:03.869  2587  2587 I auditd  : type=1400 audit(0.0:149): avc: denied { read } for comm="OnLineMonitor" name="mem" dev="debugfs" ino=18221 scontext=u:r:untrusted_app:s0 tcontext=u:object_r:debugfs:s0 tclass=file
08-06 09:52:03.886  2545  2545 I menu_opened: 0
08-06 09:52:10.792   713  1285 I am_home_stack_moved: [0,0,1,1,intentActivityFound]
08-06 09:52:10.834   713  1285 I wm_task_moved: [4,1,0]
08-06 09:52:12.083   183   183 I sf_frame_dur: [VolumePanel,0,0,0,0,1,0,0]
08-06 09:52:16.799  2587  2587 I auditd  : type=1400 audit(0.0:150): avc: denied { read } for comm="OnLineMonitor" name="mem" dev="debugfs" ino=18221 scontext=u:r:untrusted_app:s0 tcontext=u:object_r:debugfs:s0 tclass=file
08-06 09:52:16.859  2587  2587 I auditd  : type=1400 audit(0.0:151): avc: denied { read } for comm="OnLineMonitor" name="mem" dev="debugfs" ino=18221 scontext=u:r:untrusted_app:s0 tcontext=u:object_r:debugfs:s0 tclass=file
08-06 09:52:26.410  2545  2545 I menu_opened: 0
08-06 09:52:28.442   713   825 I netstats_mobile_sample: [0,0,0,0,0,0,0,0,0,0,0,0,-1]
08-06 09:52:28.443   713   825 I netstats_wifi_sample: [113298275,80939,2615713,42632,113288518,80764,2785285,42665,113288518,80764,2778451,42631,-1]
08-06 09:52:37.073   713   713 I free_storage_changed: 13024788480
08-06 09:52:44.781   713   730 I am_home_stack_moved: [0,0,1,1,intentActivityFound]
08-06 09:52:44.781   713   730 I wm_task_moved: [4,1,0]
08-06 09:52:59.615   713   778 I am_broadcast_discard_app: [0,305550368,com.youku.pushsdk.pushservice.ALARM_TICK,0,ResolveInfo{36ffd79e com.youku.phone/com.youku.pushsdk.receiver.YoukuAppActionReceiver m=0x108000}]
08-06 09:52:59.792   713   778 I am_anr  : [0,2849,com.push.Youku_PushService,9977412,Broadcast of Intent { act=com.youku.pushsdk.pushservice.ALARM_TICK flg=0x14 cmp=com.youku.phone/com.youku.pushsdk.receiver.YoukuAppActionReceiver (has extras) }]
08-06 09:53:10.327   713   730 I am_home_stack_moved: [0,0,1,1,sourceStackToFront]
08-06 09:53:10.327   713   730 I wm_task_moved: [4,1,0]
08-06 09:53:10.338   713   730 I am_create_activity: [0,879075989,4,com.youku.phone/com.youku.ui.activity.WebViewActivity,NULL,NULL,NULL,0]
08-06 09:53:10.343   713   730 I am_pause_activity: [0,520854544,com.youku.phone/com.youku.ui.activity.DetailActivity]
08-06 09:53:10.379   713   730 I am_home_stack_moved: [0,0,1,1,startedActivity setFocusedActivity]
08-06 09:53:10.383   713   730 I am_focused_activity: [0,com.youku.phone/com.youku.ui.activity.WebViewActivity]
08-06 09:53:14.513  2545  2545 I am_on_paused_called: [0,com.youku.ui.activity.DetailActivity]
08-06 09:53:14.522   713 14522 I am_restart_activity: [0,879075989,4,com.youku.phone/com.youku.ui.activity.WebViewActivity]
08-06 09:53:18.439  2587  2587 I auditd  : type=1400 audit(0.0:152): avc: denied { read } for comm="OnLineMonitor" name="mem" dev="debugfs" ino=18221 scontext=u:r:untrusted_app:s0 tcontext=u:object_r:debugfs:s0 tclass=file
08-06 09:53:18.439  2587  2587 I auditd  : type=1400 audit(0.0:153): avc: denied { read } for comm="OnLineMonitor" name="mem" dev="debugfs" ino=18221 scontext=u:r:untrusted_app:s0 tcontext=u:object_r:debugfs:s0 tclass=file
08-06 09:53:27.794  2545  2545 I am_on_resume_called: [0,com.youku.ui.activity.WebViewActivity]
08-06 09:53:28.317   183   183 I sf_frame_dur: [com.youku.phone/com.youku.ui.activity.DetailActivity,101,457,226,50,19,7,6]
08-06 09:53:33.983   713   783 I am_activity_launch_time: [0,879075989,com.youku.phone/com.youku.ui.activity.WebViewActivity,19463,19463]
08-06 09:53:34.014   183   183 I sf_frame_dur: [SurfaceView,31,114,53,67,42,23,16]
08-06 09:54:02.733   713   785 I power_sleep_requested: 0
08-06 09:54:02.736   713   713 I power_screen_state: [0,3,0,0]
08-06 09:54:02.736   713   713 I screen_toggled: 0
08-06 09:54:02.742   713   713 I power_screen_broadcast_send: 1
08-06 09:54:03.992   713   713 I am_pause_activity: [0,879075989,com.youku.phone/com.youku.ui.activity.WebViewActivity]
08-06 09:54:04.408  2545  2545 I am_on_paused_called: [0,com.youku.ui.activity.WebViewActivity]
08-06 09:54:04.411   713   778 I am_focused_activity: [0,com.youku.phone/com.youku.ui.activity.WebViewActivity]
08-06 09:54:08.370   713   713 I am_resume_activity: [0,879075989,4,com.youku.phone/com.youku.ui.activity.WebViewActivity]
08-06 09:54:08.397   713   713 I power_screen_state: [1,0,0,0]
08-06 09:54:08.397   713   713 I screen_toggled: 1
08-06 09:54:09.399   183   183 I sf_frame_dur: [ColorFade,24,1,0,1,2,0,0]
08-06 09:54:09.471   713   820 I power_sleep_requested: 0
08-06 09:54:09.473   713   713 I power_screen_state: [0,2,0,0]
08-06 09:54:09.473   713   713 I screen_toggled: 0
08-06 09:54:09.658   713 14522 I notification_expansion: [-1|android|17040644|null|1000,0,0]
08-06 09:54:09.928   868   868 I sysui_status_bar_state: [1,1,0,0,0,1]
08-06 09:54:11.768   713  6776 I am_pause_activity: [0,879075989,com.youku.phone/com.youku.ui.activity.WebViewActivity]
08-06 09:54:14.083   183   183 I sf_frame_dur: [ColorFade,22,2,0,0,0,0,2]
08-06 09:54:17.587   713   713 I power_screen_state: [1,0,0,0]
08-06 09:54:17.588   713   713 I screen_toggled: 1
08-06 09:54:19.139  2545  2545 I am_on_resume_called: [0,com.youku.ui.activity.WebViewActivity]
08-06 09:54:19.238   713  1259 I am_finish_activity: [0,879075989,4,com.youku.phone/com.youku.ui.activity.WebViewActivity,app-request]
08-06 09:54:19.240   713  1259 I am_home_stack_moved: [0,0,1,1,finishActivity adjustTopFocus setFocusedActivity]
08-06 09:54:19.240   713  1259 I am_focused_activity: [0,com.youku.phone/com.youku.ui.activity.DetailActivity]
08-06 09:54:19.273   713  1259 I am_resume_activity: [0,520854544,4,com.youku.phone/com.youku.ui.activity.DetailActivity]
08-06 09:54:19.278   713  1259 I am_pause_activity: [0,520854544,com.youku.phone/com.youku.ui.activity.DetailActivity]
08-06 09:54:21.008   713   778 I am_broadcast_discard_filter: [0,982477744,android.intent.action.SCREEN_ON,10,639562812]
08-06 09:54:21.578   713   778 I am_destroy_activity: [0,879075989,4,com.youku.phone/com.youku.ui.activity.WebViewActivity,finish-idle]
08-06 09:54:21.654   713   778 I am_focused_activity: [0,com.youku.phone/com.youku.ui.activity.DetailActivity]
08-06 09:54:21.949  2587  2587 I auditd  : type=1400 audit(0.0:154): avc: denied { read } for comm="OnLineMonitor" name="mem" dev="debugfs" ino=18221 scontext=u:r:untrusted_app:s0 tcontext=u:object_r:debugfs:s0 tclass=file
08-06 09:54:21.989  2587  2587 I auditd  : type=1400 audit(0.0:155): avc: denied { read } for comm="OnLineMonitor" name="mem" dev="debugfs" ino=18221 scontext=u:r:untrusted_app:s0 tcontext=u:object_r:debugfs:s0 tclass=file
08-06 09:54:22.297  2545  2545 I am_on_paused_called: [0,com.youku.ui.activity.WebViewActivity]
08-06 09:54:22.302   713   730 I am_failed_to_pause: [0,879075989,com.youku.phone/com.youku.ui.activity.WebViewActivity,(none)]
08-06 09:54:23.074   183   183 I sf_frame_dur: [NavigationBar,109,6,1,2,2,1,18]
08-06 09:54:23.580   713   713 I notification_cancel: [10054,2545,com.youku.phone,11250603,NULL,0,0,64,8,NULL]
08-06 09:54:25.290   713 29460 I notification_panel_revealed: []
08-06 09:54:25.293   713   730 I notification_visibility_changed: [-1|android|17040644|null|1000,]
08-06 09:54:26.689  2587  2587 I auditd  : type=1400 audit(0.0:156): avc: denied { read } for comm="OnLineMonitor" name="mem" dev="debugfs" ino=18221 scontext=u:r:untrusted_app:s0 tcontext=u:object_r:debugfs:s0 tclass=file
08-06 09:54:26.689  2587  2587 I auditd  : type=1400 audit(0.0:157): avc: denied { read } for comm="OnLineMonitor" name="mem" dev="debugfs" ino=18221 scontext=u:r:untrusted_app:s0 tcontext=u:object_r:debugfs:s0 tclass=file
08-06 09:54:27.586   713   808 I am_home_stack_moved: [0,0,1,1,intentActivityFound]
08-06 09:54:27.586   713   808 I wm_task_moved: [4,1,0]
08-06 09:54:27.596   713   808 I am_resume_activity: [0,520854544,4,com.youku.phone/com.youku.ui.activity.DetailActivity]
08-06 09:54:27.629   713   808 I am_pause_activity: [0,520854544,com.youku.phone/com.youku.ui.activity.DetailActivity]
08-06 09:54:28.137   713   778 I am_focused_activity: [0,com.youku.phone/com.youku.ui.activity.DetailActivity]
08-06 09:54:28.734   713   713 I power_screen_broadcast_done: [1,25992,1]
08-06 09:54:28.734   713   713 I power_screen_broadcast_send: 1
08-06 09:54:29.137   868   868 I sysui_lockscreen_gesture: [1,242,3545]
08-06 09:54:29.781   713  1259 I notification_visibility_changed: [,-1|android|17040644|null|1000]
08-06 09:54:30.326   713  6776 I notification_panel_hidden: []
08-06 09:54:30.348   868   868 I screen_toggled: 2
08-06 09:54:30.360  2545  2545 I am_on_resume_called: [0,com.youku.ui.activity.DetailActivity]
08-06 09:54:33.486   183   183 I sf_frame_dur: [com.youku.phone/com.youku.ui.activity.WebViewActivity,834,226,50,6,2,1,4]
08-06 09:54:35.729   713  1259 I notification_expansion: [-1|android|17040644|null|1000,0,1]
08-06 09:54:35.783   868   868 I sysui_status_bar_state: [0,0,0,0,0,1]
08-06 09:54:35.792   713  6776 I am_resume_activity: [0,520854544,4,com.youku.phone/com.youku.ui.activity.DetailActivity]
08-06 09:54:35.911   868   868 I sysui_panelholder_touch: [0,711,528]
08-06 09:54:36.879   183   183 I sf_frame_dur: [VolumePanel,0,0,0,0,1,0,0]
08-06 09:54:38.807   713   778 I am_broadcast_discard_filter: [0,333448861,android.intent.action.SCREEN_OFF,11,639562812]
08-06 09:54:39.106   868   868 I sysui_heads_up_status: [,0]
08-06 09:54:40.436  2545  2545 I am_on_paused_called: [0,com.youku.ui.activity.DetailActivity]
08-06 09:54:40.439   713  1285 I am_failed_to_pause: [0,520854544,com.youku.phone/com.youku.ui.activity.DetailActivity,(none)]
08-06 09:54:43.203   713   713 I notification_cancel: [10054,2545,com.youku.phone,11250603,NULL,0,0,64,8,NULL]
08-06 09:54:47.146  2545  2545 I am_on_resume_called: [0,com.youku.ui.activity.DetailActivity]
08-06 09:54:47.626  2545  2545 I am_on_paused_called: [0,com.youku.ui.activity.DetailActivity]
08-06 09:54:47.630   713 15395 I am_failed_to_pause: [0,520854544,com.youku.phone/com.youku.ui.activity.DetailActivity,(none)]
08-06 09:54:47.819  2587  2587 I auditd  : type=1400 audit(0.0:158): avc: denied { read } for comm="OnLineMonitor" name="mem" dev="debugfs" ino=18221 scontext=u:r:untrusted_app:s0 tcontext=u:object_r:debugfs:s0 tclass=file
08-06 09:54:47.829  2587  2587 I auditd  : type=1400 audit(0.0:159): avc: denied { read } for comm="OnLineMonitor" name="mem" dev="debugfs" ino=18221 scontext=u:r:untrusted_app:s0 tcontext=u:object_r:debugfs:s0 tclass=file
08-06 09:54:48.355   713   713 I notification_cancel: [10054,2545,com.youku.phone,11250603,NULL,0,0,64,8,NULL]
08-06 09:54:48.776  2545  2545 I am_on_resume_called: [0,com.youku.ui.activity.DetailActivity]
08-06 09:54:49.589  2587  2587 I auditd  : type=1400 audit(0.0:160): avc: denied { read } for comm="OnLineMonitor" name="mem" dev="debugfs" ino=18221 scontext=u:r:untrusted_app:s0 tcontext=u:object_r:debugfs:s0 tclass=file
08-06 09:54:49.698   713   713 I power_screen_broadcast_done: [0,20964,1]
08-06 09:54:49.698   713   713 I power_screen_broadcast_send: 1
08-06 09:54:49.829  2587  2587 I auditd  : type=1400 audit(0.0:161): avc: denied { read } for comm="OnLineMonitor" name="mem" dev="debugfs" ino=18221 scontext=u:r:untrusted_app:s0 tcontext=u:object_r:debugfs:s0 tclass=file
08-06 09:54:57.383  2545  2545 I menu_opened: 0
08-06 09:54:57.949  2587  2587 I auditd  : type=1400 audit(0.0:162): avc: denied { read } for comm="OnLineMonitor" name="mem" dev="debugfs" ino=18221 scontext=u:r:untrusted_app:s0 tcontext=u:object_r:debugfs:s0 tclass=file
08-06 09:54:57.949  2587  2587 I auditd  : type=1400 audit(0.0:163): avc: denied { read } for comm="OnLineMonitor" name="mem" dev="debugfs" ino=18221 scontext=u:r:untrusted_app:s0 tcontext=u:object_r:debugfs:s0 tclass=file
08-06 09:54:58.581   713   781 I am_proc_start: [0,24018,10013,com.android.systemui:screenshot,service,com.android.systemui/.screenshot.TakeScreenshotService]
08-06 09:54:58.858   713  1248 I am_proc_bound: [0,24018,com.android.systemui:screenshot]
08-06 09:54:59.843   713   778 I am_broadcast_discard_filter: [0,713891147,android.intent.action.SCREEN_ON,10,639562812]
08-06 09:54:59.877   713   713 I power_screen_broadcast_done: [1,10179,1]
08-06 09:55:00.489   713  1031 I am_finish_activity: [0,520854544,4,com.youku.phone/com.youku.ui.activity.DetailActivity,app-request]
08-06 09:55:00.491   713  1031 I am_home_stack_moved: [0,0,1,1,finishActivity adjustTopFocus setFocusedActivity]
08-06 09:55:00.492   713  1031 I am_focused_activity: [0,com.youku.phone/com.soku.searchsdk.activity.SearchResultActivity]
08-06 09:55:00.500   713  1031 I am_pause_activity: [0,520854544,com.youku.phone/com.youku.ui.activity.DetailActivity]
08-06 09:55:01.006   713   778 I am_resume_activity: [0,976856332,4,com.youku.phone/com.soku.searchsdk.activity.SearchResultActivity]
08-06 09:55:02.427   713  6776 I am_home_stack_moved: [0,0,1,1,intentActivityFound]
08-06 09:55:02.427   713  6776 I wm_task_moved: [4,1,0]
08-06 09:55:02.905   713   713 I notification_enqueue: [10013,24018,com.android.systemui,789,NULL,0,Notification(pri=0 contentView=null vibrate=null sound=null defaults=0x0 flags=0x20 color=0xff607d8b vis=PRIVATE publicVersion=Notification(pri=0 contentView=com.android.systemui/0x1090077 vibrate=null sound=null defaults=0x0 flags=0x0 color=0xff607d8b category=progress vis=PRIVATE)),0]
08-06 09:55:04.541  2545  2545 I am_on_paused_called: [0,com.youku.ui.activity.DetailActivity]
08-06 09:55:04.542   713  1248 I am_failed_to_pause: [0,520854544,com.youku.phone/com.youku.ui.activity.DetailActivity,(none)]
08-06 09:55:05.150   183   183 I sf_frame_dur: [ScreenshotAnimation,45,0,1,1,1,1,0]
08-06 09:55:06.609   713   713 I notification_enqueue: [10013,24018,com.android.systemui,789,NULL,0,Notification(pri=0 contentView=null vibrate=null sound=null defaults=0x0 flags=0x10 color=0xff607d8b actions=1 vis=PRIVATE publicVersion=Notification(pri=0 contentView=com.android.systemui/0x1090077 vibrate=null sound=null defaults=0x0 flags=0x10 color=0xff607d8b category=progress vis=PRIVATE)),1]
08-06 09:55:07.309   713  1031 I notification_expansion: [0|com.android.systemui|789|null|10013,0,1]
08-06 09:55:07.348  2545  2545 I am_on_resume_called: [0,com.soku.searchsdk.activity.SearchResultActivity]
08-06 09:55:07.410   713  6134 I notification_expansion: [-1|android|17040644|null|1000,0,0]
08-06 09:55:07.437   183   183 I sf_frame_dur: [SurfaceView,8,10,5,2,1,2,1]
08-06 09:55:07.605   183   183 I sf_frame_dur: [com.youku.phone/com.youku.ui.activity.DetailActivity,14,49,7,2,1,2,3]
08-06 09:55:07.846   713  1285 I notification_expansion: [0|com.android.systemui|789|null|10013,0,0]
08-06 09:55:08.319  2587  2587 I auditd  : type=1400 audit(0.0:164): avc: denied { read } for comm="OnLineMonitor" name="mem" dev="debugfs" ino=18221 scontext=u:r:untrusted_app:s0 tcontext=u:object_r:debugfs:s0 tclass=file
08-06 09:55:08.359  2587  2587 I auditd  : type=1400 audit(0.0:165): avc: denied { read } for comm="OnLineMonitor" name="mem" dev="debugfs" ino=18221 scontext=u:r:untrusted_app:s0 tcontext=u:object_r:debugfs:s0 tclass=file
08-06 09:55:10.107   713  1285 I notification_expansion: [0|com.android.systemui|789|null|10013,0,1]
08-06 09:55:11.021   713   778 I am_destroy_activity: [0,520854544,4,com.youku.phone/com.youku.ui.activity.DetailActivity,finish-imm]
08-06 09:55:11.174   713   713 I notification_cancel: [10054,2545,com.youku.phone,11250603,NULL,0,0,64,8,NULL]
08-06 09:55:12.731   713  1259 I am_home_stack_moved: [0,0,1,1,intentActivityFound]
08-06 09:55:12.731   713  1259 I wm_task_moved: [4,1,0]
08-06 09:55:15.999  2587  2587 I auditd  : type=1400 audit(0.0:166): avc: denied { read } for comm="OnLineMonitor" name="mem" dev="debugfs" ino=18221 scontext=u:r:untrusted_app:s0 tcontext=u:object_r:debugfs:s0 tclass=file
08-06 09:55:16.019  2587  2587 I auditd  : type=1400 audit(0.0:167): avc: denied { read } for comm="OnLineMonitor" name="mem" dev="debugfs" ino=18221 scontext=u:r:untrusted_app:s0 tcontext=u:object_r:debugfs:s0 tclass=file
08-06 09:55:19.284   713  1259 I am_home_stack_moved: [0,0,1,1,sourceStackToFront]
08-06 09:55:19.284   713  1259 I wm_task_moved: [4,1,0]
08-06 09:55:19.291   713  1259 I am_create_activity: [0,353256231,4,com.youku.phone/com.youku.ui.activity.DetailActivity,NULL,NULL,NULL,0]
08-06 09:55:19.297   713  1259 I am_pause_activity: [0,976856332,com.youku.phone/com.soku.searchsdk.activity.SearchResultActivity]
08-06 09:55:19.301   713  1259 I am_home_stack_moved: [0,0,1,1,startedActivity setFocusedActivity]
08-06 09:55:19.308   713  1259 I am_focused_activity: [0,com.youku.phone/com.youku.ui.activity.DetailActivity]
08-06 09:55:19.596  2545  2545 I am_on_paused_called: [0,com.soku.searchsdk.activity.SearchResultActivity]
08-06 09:55:19.603   713  1248 I am_restart_activity: [0,353256231,4,com.youku.phone/com.youku.ui.activity.DetailActivity]
08-06 09:55:20.779  2587  2587 I auditd  : type=1400 audit(0.0:168): avc: denied { read } for comm="OnLineMonitor" name="mem" dev="debugfs" ino=18221 scontext=u:r:untrusted_app:s0 tcontext=u:object_r:debugfs:s0 tclass=file
08-06 09:55:20.789  2587  2587 I auditd  : type=1400 audit(0.0:169): avc: denied { read } for comm="OnLineMonitor" name="mem" dev="debugfs" ino=18221 scontext=u:r:untrusted_app:s0 tcontext=u:object_r:debugfs:s0 tclass=file
08-06 09:55:31.046   713   713 I notification_cancel: [10054,2545,com.youku.phone,11250603,NULL,0,0,64,8,NULL]
08-06 09:55:31.221  2545  2545 I am_on_resume_called: [0,com.youku.ui.activity.DetailActivity]
08-06 09:55:34.142   713   783 I am_activity_launch_time: [0,353256231,com.youku.phone/com.youku.ui.activity.DetailActivity,14543,14543]
08-06 09:55:34.201   183   183 I sf_frame_dur: [com.youku.phone/com.soku.searchsdk.activity.SearchResultActivity,221,153,11,5,2,3,1]
08-06 09:55:35.685  2545  2545 I menu_opened: 0
08-06 09:55:45.681   713  1233 I am_home_stack_moved: [0,0,1,1,sourceStackToFront]
08-06 09:55:45.681   713  1233 I wm_task_moved: [4,1,0]
08-06 09:55:45.689   713  1233 I am_create_activity: [0,955184661,4,com.youku.phone/com.youku.ui.activity.WebViewActivity,com.youku.action.YoukuWebview,NULL,NULL,0]
08-06 09:55:45.690   713  1233 I am_pause_activity: [0,353256231,com.youku.phone/com.youku.ui.activity.DetailActivity]
08-06 09:55:45.696   713  1233 I am_home_stack_moved: [0,0,1,1,startedActivity setFocusedActivity]
08-06 09:55:45.701   713  1233 I am_focused_activity: [0,com.youku.phone/com.youku.ui.activity.WebViewActivity]
08-06 09:55:46.025   868   868 I sysui_panelholder_touch: [0,69,19]
08-06 09:55:46.187   713  1233 I notification_panel_revealed: []
08-06 09:55:46.200   713   778 I am_restart_activity: [0,955184661,4,com.youku.phone/com.youku.ui.activity.WebViewActivity]
08-06 09:55:46.304   713  6776 I notification_visibility_changed: [0|com.android.systemui|789|null|10013;-1|android|17040644|null|1000;-1|android|17040636|null|1000,]
08-06 09:55:46.429   713  1285 I notification_visibility_changed: [,0|com.android.systemui|789|null|10013;-1|android|17040644|null|1000;-1|android|17040636|null|1000]
08-06 09:55:46.432   713  1259 I notification_panel_hidden: []
08-06 09:55:46.785  2545  2545 I am_on_paused_called: [0,com.youku.ui.activity.DetailActivity]
08-06 09:55:46.785   713  1233 I am_failed_to_pause: [0,353256231,com.youku.phone/com.youku.ui.activity.DetailActivity,(none)]
08-06 09:55:47.562  2545  2545 I am_on_resume_called: [0,com.youku.ui.activity.WebViewActivity]
08-06 09:55:48.245   713   783 I am_activity_launch_time: [0,955184661,com.youku.phone/com.youku.ui.activity.WebViewActivity,2047,2047]
08-06 09:55:48.494   183   183 I sf_frame_dur: [SurfaceView,0,0,2,1,1,1,1]
08-06 09:55:48.494   183   183 I sf_frame_dur: [com.youku.phone/com.youku.ui.activity.DetailActivity,9,7,2,4,1,4,5]
08-06 09:55:48.889  2587  2587 I auditd  : type=1400 audit(0.0:170): avc: denied { read } for comm="OnLineMonitor" name="mem" dev="debugfs" ino=18221 scontext=u:r:untrusted_app:s0 tcontext=u:object_r:debugfs:s0 tclass=file
08-06 09:55:48.939  2587  2587 I auditd  : type=1400 audit(0.0:171): avc: denied { read } for comm="OnLineMonitor" name="mem" dev="debugfs" ino=18221 scontext=u:r:untrusted_app:s0 tcontext=u:object_r:debugfs:s0 tclass=file
08-06 09:55:50.351   713  6776 I am_finish_activity: [0,955184661,4,com.youku.phone/com.youku.ui.activity.WebViewActivity,app-request]
08-06 09:55:50.353   713  6776 I am_home_stack_moved: [0,0,1,1,finishActivity adjustTopFocus setFocusedActivity]
08-06 09:55:50.354   713  6776 I am_focused_activity: [0,com.youku.phone/com.youku.ui.activity.DetailActivity]
08-06 09:55:50.354   713  6776 I am_pause_activity: [0,955184661,com.youku.phone/com.youku.ui.activity.WebViewActivity]
08-06 09:55:50.508  2545  2545 I am_on_paused_called: [0,com.youku.ui.activity.WebViewActivity]
08-06 09:55:50.513   713  1248 I am_resume_activity: [0,353256231,4,com.youku.phone/com.youku.ui.activity.DetailActivity]
08-06 09:55:50.779   713   713 I notification_cancel: [10054,2545,com.youku.phone,11250603,NULL,0,0,64,8,NULL]
08-06 09:55:51.102  2545  2545 I am_on_resume_called: [0,com.youku.ui.activity.DetailActivity]
08-06 09:55:54.033   183   183 I sf_frame_dur: [com.youku.phone/com.youku.ui.activity.WebViewActivity,21,9,2,5,2,1,2]
08-06 09:55:54.760  2545  2545 I menu_opened: 0
08-06 09:55:55.839  2587  2587 I auditd  : type=1400 audit(0.0:172): avc: denied { read } for comm="OnLineMonitor" name="mem" dev="debugfs" ino=18221 scontext=u:r:untrusted_app:s0 tcontext=u:object_r:debugfs:s0 tclass=file
08-06 09:55:55.889  2587  2587 I auditd  : type=1400 audit(0.0:173): avc: denied { read } for comm="OnLineMonitor" name="mem" dev="debugfs" ino=18221 scontext=u:r:untrusted_app:s0 tcontext=u:object_r:debugfs:s0 tclass=file
08-06 09:55:57.213   713  1285 I am_destroy_activity: [0,955184661,4,com.youku.phone/com.youku.ui.activity.WebViewActivity,finish-imm]
08-06 09:56:03.827   713   825 I netstats_mobile_sample: [0,0,0,0,0,0,0,0,0,0,0,0,-1]
08-06 09:56:03.830   713   825 I netstats_wifi_sample: [120978101,86715,2804320,45899,120968282,86521,2976296,45942,120968282,86521,2967452,45898,-1]
08-06 09:56:05.949  2587  2587 I auditd  : type=1400 audit(0.0:174): avc: denied { read } for comm="OnLineMonitor" name="mem" dev="debugfs" ino=18221 scontext=u:r:untrusted_app:s0 tcontext=u:object_r:debugfs:s0 tclass=file
08-06 09:56:06.309  2587  2587 I auditd  : type=1400 audit(0.0:175): avc: denied { read } for comm="OnLineMonitor" name="mem" dev="debugfs" ino=18221 scontext=u:r:untrusted_app:s0 tcontext=u:object_r:debugfs:s0 tclass=file
08-06 09:56:13.619  2587  2587 I auditd  : type=1400 audit(0.0:176): avc: denied { read } for comm="OnLineMonitor" name="mem" dev="debugfs" ino=18221 scontext=u:r:untrusted_app:s0 tcontext=u:object_r:debugfs:s0 tclass=file
08-06 09:56:13.629  2587  2587 I auditd  : type=1400 audit(0.0:177): avc: denied { read } for comm="OnLineMonitor" name="mem" dev="debugfs" ino=18221 scontext=u:r:untrusted_app:s0 tcontext=u:object_r:debugfs:s0 tclass=file
08-06 09:56:14.296   713   778 I am_proc_start: [0,10954,10038,com.android.music,broadcast,com.android.music/.MediaButtonIntentReceiver]
08-06 09:56:15.428   713  1259 I am_proc_bound: [0,10954,com.android.music]
08-06 09:56:19.749  2587  2587 I auditd  : type=1400 audit(0.0:178): avc: denied { read } for comm="OnLineMonitor" name="mem" dev="debugfs" ino=18221 scontext=u:r:untrusted_app:s0 tcontext=u:object_r:debugfs:s0 tclass=file
08-06 09:56:19.769  2587  2587 I auditd  : type=1400 audit(0.0:179): avc: denied { read } for comm="OnLineMonitor" name="mem" dev="debugfs" ino=18221 scontext=u:r:untrusted_app:s0 tcontext=u:object_r:debugfs:s0 tclass=file
08-06 09:56:26.380   713  1248 I am_home_stack_moved: [0,0,1,1,intentActivityFound]
08-06 09:56:26.380   713  1248 I wm_task_moved: [4,1,0]
08-06 09:56:26.392   713  1248 I am_finish_activity: [0,976856332,4,com.youku.phone/com.soku.searchsdk.activity.SearchResultActivity,clear]
08-06 09:56:26.394   713  1248 I am_destroy_activity: [0,976856332,4,com.youku.phone/com.soku.searchsdk.activity.SearchResultActivity,finish-imm]
08-06 09:56:26.395   713  1248 I am_finish_activity: [0,353256231,4,com.youku.phone/com.youku.ui.activity.DetailActivity,clear]
08-06 09:56:26.400   713  1248 I am_home_stack_moved: [0,0,1,1,finishActivity adjustTopFocus setFocusedActivity]
08-06 09:56:26.400   713  1248 I am_focused_activity: [0,com.youku.phone/com.soku.searchsdk.activity.SearchActivity]
08-06 09:56:26.401   713  1248 I am_pause_activity: [0,353256231,com.youku.phone/com.youku.ui.activity.DetailActivity]
08-06 09:56:26.402   713  1248 I am_new_intent: [0,513090293,4,com.youku.phone/com.soku.searchsdk.activity.SearchActivity,android.intent.action.VIEW,NULL,sokusdk://search,268435456]
08-06 09:56:26.908   713   778 I am_resume_activity: [0,1002973590,4,com.youku.phone/com.soku.searchsdk.activity.SearchActivity]
08-06 09:56:27.391  2545  2545 I am_on_paused_called: [0,com.youku.ui.activity.DetailActivity]
08-06 09:56:27.392   713  1259 I am_failed_to_pause: [0,353256231,com.youku.phone/com.youku.ui.activity.DetailActivity,(none)]
08-06 09:56:27.981  2545  2545 I am_on_resume_called: [0,com.soku.searchsdk.activity.SearchActivity]
08-06 09:56:29.084   183   183 I sf_frame_dur: [SurfaceView,6,6,16,24,5,3,8]
08-06 09:56:29.119   183   183 I sf_frame_dur: [com.youku.phone/com.youku.ui.activity.DetailActivity,213,199,28,12,5,5,6]
08-06 09:56:29.244   713  1285 I am_destroy_activity: [0,353256231,4,com.youku.phone/com.youku.ui.activity.DetailActivity,finish-imm]
08-06 09:56:29.289   713   713 I notification_cancel: [10054,2545,com.youku.phone,11250603,NULL,0,0,64,8,NULL]
08-06 09:56:29.859  2587  2587 I auditd  : type=1400 audit(0.0:180): avc: denied { read } for comm="OnLineMonitor" name="mem" dev="debugfs" ino=18221 scontext=u:r:untrusted_app:s0 tcontext=u:object_r:debugfs:s0 tclass=file
08-06 09:56:29.869  2587  2587 I auditd  : type=1400 audit(0.0:181): avc: denied { read } for comm="OnLineMonitor" name="mem" dev="debugfs" ino=18221 scontext=u:r:untrusted_app:s0 tcontext=u:object_r:debugfs:s0 tclass=file
08-06 09:56:31.039  2587  2587 I auditd  : type=1400 audit(0.0:182): avc: denied { read } for comm="OnLineMonitor" name="mem" dev="debugfs" ino=18221 scontext=u:r:untrusted_app:s0 tcontext=u:object_r:debugfs:s0 tclass=file
08-06 09:56:31.039  2587  2587 I auditd  : type=1400 audit(0.0:183): avc: denied { read } for comm="OnLineMonitor" name="mem" dev="debugfs" ino=18221 scontext=u:r:untrusted_app:s0 tcontext=u:object_r:debugfs:s0 tclass=file
08-06 09:56:37.704   713   713 I free_storage_changed: 13014736896
08-06 09:56:38.809  2587  2587 I auditd  : type=1400 audit(0.0:184): avc: denied { read } for comm="OnLineMonitor" name="mem" dev="debugfs" ino=18221 scontext=u:r:untrusted_app:s0 tcontext=u:object_r:debugfs:s0 tclass=file
08-06 09:56:38.819  2587  2587 I auditd  : type=1400 audit(0.0:185): avc: denied { read } for comm="OnLineMonitor" name="mem" dev="debugfs" ino=18221 scontext=u:r:untrusted_app:s0 tcontext=u:object_r:debugfs:s0 tclass=file
08-06 09:56:43.807   713   713 I notification_cancel: [1000,713,android,100,CaptivePortal.Notification,0,0,0,8,NULL]
08-06 09:56:44.429  2587  2587 I auditd  : type=1400 audit(0.0:186): avc: denied { read } for comm="OnLineMonitor" name="mem" dev="debugfs" ino=18221 scontext=u:r:untrusted_app:s0 tcontext=u:object_r:debugfs:s0 tclass=file
08-06 09:56:44.469  2587  2587 I auditd  : type=1400 audit(0.0:187): avc: denied { read } for comm="OnLineMonitor" name="mem" dev="debugfs" ino=18221 scontext=u:r:untrusted_app:s0 tcontext=u:object_r:debugfs:s0 tclass=file
08-06 09:56:44.938   868   868 I sysui_panelholder_touch: [0,219,39]
08-06 09:56:45.097   713  6134 I notification_panel_revealed: []
08-06 09:56:45.176   713   808 I notification_visibility_changed: [0|com.android.systemui|789|null|10013;-1|android|17040644|null|1000;-1|android|17040636|null|1000,]
08-06 09:56:45.285   713  1248 I notification_visibility_changed: [,0|com.android.systemui|789|null|10013;-1|android|17040644|null|1000;-1|android|17040636|null|1000]
08-06 09:56:45.288   713  1285 I notification_panel_hidden: []
08-06 09:56:47.562   713  1259 I am_home_stack_moved: [0,0,1,1,intentActivityFound]
08-06 09:56:47.562   713  1259 I wm_task_moved: [4,1,0]
08-06 09:56:47.573   713  1259 I am_home_stack_moved: [0,0,1,1,sourceStackToFront]
08-06 09:56:47.573   713  1259 I wm_task_moved: [4,1,0]
08-06 09:56:47.578   713  1259 I am_create_activity: [0,882218423,4,com.youku.phone/com.soku.searchsdk.activity.SearchResultActivity,NULL,NULL,NULL,268435456]
08-06 09:56:47.580   713  1259 I am_pause_activity: [0,1002973590,com.youku.phone/com.soku.searchsdk.activity.SearchActivity]
08-06 09:56:47.586   713  1259 I am_home_stack_moved: [0,0,1,1,startedActivity setFocusedActivity]
08-06 09:56:47.592   713  1259 I am_focused_activity: [0,com.youku.phone/com.soku.searchsdk.activity.SearchResultActivity]
08-06 09:56:47.803  2545  2545 I am_on_paused_called: [0,com.soku.searchsdk.activity.SearchActivity]
08-06 09:56:47.811   713  6776 I am_restart_activity: [0,882218423,4,com.youku.phone/com.soku.searchsdk.activity.SearchResultActivity]
08-06 09:56:48.437  2545  2545 I am_on_resume_called: [0,com.soku.searchsdk.activity.SearchResultActivity]
08-06 09:56:49.195   713   783 I am_activity_launch_time: [0,882218423,com.youku.phone/com.soku.searchsdk.activity.SearchResultActivity,1388,1388]
08-06 09:56:49.546   183   183 I sf_frame_dur: [com.youku.phone/com.soku.searchsdk.activity.SearchActivity,1,1,2,2,8,4,3]
08-06 09:56:50.549  2587  2587 I auditd  : type=1400 audit(0.0:188): avc: denied { read } for comm="OnLineMonitor" name="mem" dev="debugfs" ino=18221 scontext=u:r:untrusted_app:s0 tcontext=u:object_r:debugfs:s0 tclass=file
08-06 09:56:50.579  2587  2587 I auditd  : type=1400 audit(0.0:189): avc: denied { read } for comm="OnLineMonitor" name="mem" dev="debugfs" ino=18221 scontext=u:r:untrusted_app:s0 tcontext=u:object_r:debugfs:s0 tclass=file
08-06 09:56:56.099  2587  2587 I auditd  : type=1400 audit(0.0:190): avc: denied { read } for comm="OnLineMonitor" name="mem" dev="debugfs" ino=18221 scontext=u:r:untrusted_app:s0 tcontext=u:object_r:debugfs:s0 tclass=file
08-06 09:56:56.139  2587  2587 I auditd  : type=1400 audit(0.0:191): avc: denied { read } for comm="OnLineMonitor" name="mem" dev="debugfs" ino=18221 scontext=u:r:untrusted_app:s0 tcontext=u:object_r:debugfs:s0 tclass=file
08-06 09:57:02.889  2587  2587 I auditd  : type=1400 audit(0.0:192): avc: denied { read } for comm="OnLineMonitor" name="mem" dev="debugfs" ino=18221 scontext=u:r:untrusted_app:s0 tcontext=u:object_r:debugfs:s0 tclass=file
08-06 09:57:02.899  2587  2587 I auditd  : type=1400 audit(0.0:193): avc: denied { read } for comm="OnLineMonitor" name="mem" dev="debugfs" ino=18221 scontext=u:r:untrusted_app:s0 tcontext=u:object_r:debugfs:s0 tclass=file
08-06 09:57:06.895   868   868 I sysui_panelholder_touch: [0,44,70]
08-06 09:57:07.011   713  1233 I notification_panel_revealed: []
08-06 09:57:07.088   713  6776 I notification_visibility_changed: [0|com.android.systemui|789|null|10013;-1|android|17040644|null|1000;-1|android|17040636|null|1000,]
08-06 09:57:07.429  2587  2587 I auditd  : type=1400 audit(0.0:194): avc: denied { read } for comm="OnLineMonitor" name="mem" dev="debugfs" ino=18221 scontext=u:r:untrusted_app:s0 tcontext=u:object_r:debugfs:s0 tclass=file
08-06 09:57:07.439  2587  2587 I auditd  : type=1400 audit(0.0:195): avc: denied { read } for comm="OnLineMonitor" name="mem" dev="debugfs" ino=18221 scontext=u:r:untrusted_app:s0 tcontext=u:object_r:debugfs:s0 tclass=file
08-06 09:57:07.930   713  1285 I am_home_stack_moved: [0,0,1,1,intentActivityFound]
08-06 09:57:07.930   713  1285 I wm_task_moved: [4,1,0]
08-06 09:57:09.236   713  1019 I notification_visibility_changed: [,-1|android|17040636|null|1000]
08-06 09:57:10.182   713   808 I notification_visibility_changed: [-1|android|17040636|null|1000,]
08-06 09:57:11.218   713  1285 I am_home_stack_moved: [0,0,1,1,intentActivityFound]
08-06 09:57:11.218   713  1285 I wm_task_moved: [4,1,0]
08-06 09:57:15.203   713 29460 I notification_visibility_changed: [,-1|android|17040636|null|1000]
08-06 09:57:20.903   713 29460 I notification_clicked: 0|com.android.systemui|789|null|10013
08-06 09:57:20.904   713   713 I notification_cancel: [10013,868,com.android.systemui,789,NULL,0,16,64,1,NULL]
08-06 09:57:20.910   713   713 I notification_canceled: [0|com.android.systemui|789|null|10013,1]
08-06 09:57:20.935   713  1285 I notification_visibility_changed: [,0|com.android.systemui|789|null|10013;-1|android|17040644|null|1000]
08-06 09:57:20.939   713  1248 I notification_panel_hidden: []
08-06 09:57:21.901   713 29460 I notification_expansion: [-1|android|17040644|null|1000,0,1]
08-06 09:57:28.492   713  1259 I am_finish_activity: [0,882218423,4,com.youku.phone/com.soku.searchsdk.activity.SearchResultActivity,app-request]
08-06 09:57:28.497   713  1259 I am_home_stack_moved: [0,0,1,1,finishActivity adjustTopFocus setFocusedActivity]
08-06 09:57:28.497   713  1259 I am_focused_activity: [0,com.youku.phone/com.soku.searchsdk.activity.SearchActivity]
08-06 09:57:28.498   713  1259 I am_pause_activity: [0,882218423,com.youku.phone/com.soku.searchsdk.activity.SearchResultActivity]
08-06 09:57:29.008   713   778 I am_resume_activity: [0,1002973590,4,com.youku.phone/com.soku.searchsdk.activity.SearchActivity]
08-06 09:57:29.610  2545  2545 I am_on_paused_called: [0,com.soku.searchsdk.activity.SearchResultActivity]
08-06 09:57:29.616   713  6776 I am_failed_to_pause: [0,882218423,com.youku.phone/com.soku.searchsdk.activity.SearchResultActivity,(none)]
08-06 09:57:29.838  2545  2545 I am_on_resume_called: [0,com.soku.searchsdk.activity.SearchActivity]
08-06 09:57:30.339  2587  2587 I auditd  : type=1400 audit(0.0:196): avc: denied { read } for comm="OnLineMonitor" name="mem" dev="debugfs" ino=18221 scontext=u:r:untrusted_app:s0 tcontext=u:object_r:debugfs:s0 tclass=file
08-06 09:57:30.339  2587  2587 I auditd  : type=1400 audit(0.0:197): avc: denied { read } for comm="OnLineMonitor" name="mem" dev="debugfs" ino=18221 scontext=u:r:untrusted_app:s0 tcontext=u:object_r:debugfs:s0 tclass=file
08-06 09:57:31.278   183   183 I sf_frame_dur: [com.youku.phone/com.soku.searchsdk.activity.SearchResultActivity,1355,83,12,6,2,3,5]
08-06 09:57:31.882   713  1248 I am_destroy_activity: [0,882218423,4,com.youku.phone/com.soku.searchsdk.activity.SearchResultActivity,finish-imm]
08-06 09:57:34.379  2587  2587 I auditd  : type=1400 audit(0.0:198): avc: denied { read } for comm="OnLineMonitor" name="mem" dev="debugfs" ino=18221 scontext=u:r:untrusted_app:s0 tcontext=u:object_r:debugfs:s0 tclass=file
08-06 09:57:34.409  2587  2587 I auditd  : type=1400 audit(0.0:199): avc: denied { read } for comm="OnLineMonitor" name="mem" dev="debugfs" ino=18221 scontext=u:r:untrusted_app:s0 tcontext=u:object_r:debugfs:s0 tclass=file
08-06 09:57:35.099   713  1248 I am_home_stack_moved: [0,0,1,1,intentActivityFound]
08-06 09:57:35.099   713  1248 I wm_task_moved: [4,1,0]
08-06 09:57:35.108   713  1248 I am_home_stack_moved: [0,0,1,1,sourceStackToFront]
08-06 09:57:35.108   713  1248 I wm_task_moved: [4,1,0]
08-06 09:57:35.121   713  1248 I am_create_activity: [0,314771961,4,com.youku.phone/com.soku.searchsdk.activity.SearchResultActivity,NULL,NULL,NULL,268435456]
08-06 09:57:35.123   713  1248 I am_pause_activity: [0,1002973590,com.youku.phone/com.soku.searchsdk.activity.SearchActivity]
08-06 09:57:35.130   713  1248 I am_home_stack_moved: [0,0,1,1,startedActivity setFocusedActivity]
08-06 09:57:35.134   713  1248 I am_focused_activity: [0,com.youku.phone/com.soku.searchsdk.activity.SearchResultActivity]
08-06 09:57:35.347  2545  2545 I am_on_paused_called: [0,com.soku.searchsdk.activity.SearchActivity]
08-06 09:57:35.351   713 29460 I am_restart_activity: [0,314771961,4,com.youku.phone/com.soku.searchsdk.activity.SearchResultActivity]
08-06 09:57:36.027  2545  2545 I am_on_resume_called: [0,com.soku.searchsdk.activity.SearchResultActivity]
08-06 09:57:36.513   713   783 I am_activity_launch_time: [0,314771961,com.youku.phone/com.soku.searchsdk.activity.SearchResultActivity,1163,1163]
08-06 09:57:36.917   183   183 I sf_frame_dur: [com.youku.phone/com.soku.searchsdk.activity.SearchActivity,0,0,0,3,1,2,1]
08-06 09:57:37.639  2587  2587 I auditd  : type=1400 audit(0.0:200): avc: denied { read } for comm="OnLineMonitor" name="mem" dev="debugfs" ino=18221 scontext=u:r:untrusted_app:s0 tcontext=u:object_r:debugfs:s0 tclass=file
08-06 09:57:37.649  2587  2587 I auditd  : type=1400 audit(0.0:201): avc: denied { read } for comm="OnLineMonitor" name="mem" dev="debugfs" ino=18221 scontext=u:r:untrusted_app:s0 tcontext=u:object_r:debugfs:s0 tclass=file
08-06 09:57:43.949   183   183 I sf_frame_dur: [VolumePanel,1,0,1,0,0,0,0]
