08-06 10:18:37.361   713   713 I notification_cancel: [10054,2545,com.youku.phone,11250603,NULL,0,0,64,8,NULL]
08-06 10:18:37.907  2545  2545 I am_on_resume_called: [0,com.youku.ui.activity.DetailActivity]
08-06 10:18:38.327   713   713 I free_storage_changed: 12922052608
08-06 10:18:39.656   183   183 I sf_frame_dur: [com.youku.phone/com.youku.ui.activity.WebViewActivity,154,8,4,7,7,11,4]
08-06 10:18:40.084   713 14522 I am_destroy_activity: [0,440788370,4,com.youku.phone/com.youku.ui.activity.WebViewActivity,finish-imm]
08-06 10:18:41.899  2587  2587 I auditd  : type=1400 audit(0.0:382): avc: denied { read } for comm="OnLineMonitor" name="mem" dev="debugfs" ino=18221 scontext=u:r:untrusted_app:s0 tcontext=u:object_r:debugfs:s0 tclass=file
08-06 10:18:41.899  2587  2587 I auditd  : type=1400 audit(0.0:383): avc: denied { read } for comm="OnLineMonitor" name="mem" dev="debugfs" ino=18221 scontext=u:r:untrusted_app:s0 tcontext=u:object_r:debugfs:s0 tclass=file
08-06 10:18:47.377   183   183 I sf_frame_dur: [VolumePanel,0,0,0,0,1,0,0]
08-06 10:18:49.039  2587  2587 I auditd  : type=1400 audit(0.0:384): avc: denied { read } for comm="OnLineMonitor" name="mem" dev="debugfs" ino=18221 scontext=u:r:untrusted_app:s0 tcontext=u:object_r:debugfs:s0 tclass=file
08-06 10:18:49.079  2587  2587 I auditd  : type=1400 audit(0.0:385): avc: denied { read } for comm="OnLineMonitor" name="mem" dev="debugfs" ino=18221 scontext=u:r:untrusted_app:s0 tcontext=u:object_r:debugfs:s0 tclass=file
08-06 10:18:52.089  2587  2587 I auditd  : type=1400 audit(0.0:386): avc: denied { read } for comm="OnLineMonitor" name="mem" dev="debugfs" ino=18221 scontext=u:r:untrusted_app:s0 tcontext=u:object_r:debugfs:s0 tclass=file
08-06 10:18:52.099  2587  2587 I auditd  : type=1400 audit(0.0:387): avc: denied { read } for comm="OnLineMonitor" name="mem" dev="debugfs" ino=18221 scontext=u:r:untrusted_app:s0 tcontext=u:object_r:debugfs:s0 tclass=file
08-06 10:18:55.842   713  1233 I am_home_stack_moved: [0,0,1,1,sourceStackToFront]
08-06 10:18:55.842   713  1233 I wm_task_moved: [4,1,0]
08-06 10:18:55.851   713  1233 I am_create_activity: [0,25038398,4,com.youku.phone/com.youku.ui.activity.WebViewActivity,com.youku.action.YoukuWebview,NULL,NULL,0]
08-06 10:18:55.852   713  1233 I am_pause_activity: [0,913937126,com.youku.phone/com.youku.ui.activity.DetailActivity]
08-06 10:18:55.857   713  1233 I am_home_stack_moved: [0,0,1,1,startedActivity setFocusedActivity]
08-06 10:18:55.862   713  1233 I am_focused_activity: [0,com.youku.phone/com.youku.ui.activity.WebViewActivity]
08-06 10:18:56.359   713   778 I am_restart_activity: [0,25038398,4,com.youku.phone/com.youku.ui.activity.WebViewActivity]
08-06 10:18:56.830  2545  2545 I am_on_paused_called: [0,com.youku.ui.activity.DetailActivity]
08-06 10:18:56.830   713  1233 I am_failed_to_pause: [0,913937126,com.youku.phone/com.youku.ui.activity.DetailActivity,(none)]
08-06 10:18:57.854  2545  2545 I am_on_resume_called: [0,com.youku.ui.activity.WebViewActivity]
08-06 10:18:58.442   713   783 I am_activity_launch_time: [0,25038398,com.youku.phone/com.youku.ui.activity.WebViewActivity,2085,2085]
08-06 10:18:58.667   183   183 I sf_frame_dur: [SurfaceView,0,10,9,13,7,2,1]
08-06 10:18:58.667   183   183 I sf_frame_dur: [com.youku.phone/com.youku.ui.activity.DetailActivity,86,90,27,7,7,2,3]
08-06 10:18:59.849  2587  2587 I auditd  : type=1400 audit(0.0:388): avc: denied { read } for comm="OnLineMonitor" name="mem" dev="debugfs" ino=18221 scontext=u:r:untrusted_app:s0 tcontext=u:object_r:debugfs:s0 tclass=file
08-06 10:18:59.859  2587  2587 I auditd  : type=1400 audit(0.0:389): avc: denied { read } for comm="OnLineMonitor" name="mem" dev="debugfs" ino=18221 scontext=u:r:untrusted_app:s0 tcontext=u:object_r:debugfs:s0 tclass=file
08-06 10:19:05.446   713   825 I netstats_mobile_sample: [0,0,0,0,0,0,0,0,0,0,0,0,-1]
08-06 10:19:05.451   713   825 I netstats_wifi_sample: [249407440,177706,5412577,86619,249394762,177468,5651139,86697,249394762,177468,5635059,86617,-1]
08-06 10:19:07.261   713 29460 I am_home_stack_moved: [0,0,1,1,intentActivityFound]
08-06 10:19:07.262   713 29460 I wm_task_moved: [4,1,0]
08-06 10:19:20.969  2587  2587 I auditd  : type=1400 audit(0.0:390): avc: denied { read } for comm="OnLineMonitor" name="mem" dev="debugfs" ino=18221 scontext=u:r:untrusted_app:s0 tcontext=u:object_r:debugfs:s0 tclass=file
08-06 10:19:20.969  2587  2587 I auditd  : type=1400 audit(0.0:391): avc: denied { read } for comm="OnLineMonitor" name="mem" dev="debugfs" ino=18221 scontext=u:r:untrusted_app:s0 tcontext=u:object_r:debugfs:s0 tclass=file
08-06 10:19:26.956  2545  2545 I menu_item_selected: [0,]
08-06 10:19:28.294   183   183 I sf_frame_dur: [com.youku.phone/com.youku.ui.activity.WebViewActivity,0,0,0,0,1,0,0]
08-06 10:19:28.419  2587  2587 I auditd  : type=1400 audit(0.0:392): avc: denied { read } for comm="OnLineMonitor" name="mem" dev="debugfs" ino=18221 scontext=u:r:untrusted_app:s0 tcontext=u:object_r:debugfs:s0 tclass=file
08-06 10:19:28.429  2587  2587 I auditd  : type=1400 audit(0.0:393): avc: denied { read } for comm="OnLineMonitor" name="mem" dev="debugfs" ino=18221 scontext=u:r:untrusted_app:s0 tcontext=u:object_r:debugfs:s0 tclass=file
08-06 10:19:31.169  2587  2587 I auditd  : type=1400 audit(0.0:394): avc: denied { read } for comm="OnLineMonitor" name="mem" dev="debugfs" ino=18221 scontext=u:r:untrusted_app:s0 tcontext=u:object_r:debugfs:s0 tclass=file
08-06 10:19:31.179  2587  2587 I auditd  : type=1400 audit(0.0:395): avc: denied { read } for comm="OnLineMonitor" name="mem" dev="debugfs" ino=18221 scontext=u:r:untrusted_app:s0 tcontext=u:object_r:debugfs:s0 tclass=file
08-06 10:19:38.336   713   713 I free_storage_changed: 12918165504
08-06 10:19:55.865   868   868 I sysui_panelholder_touch: [0,698,60]
08-06 10:19:55.974   713  1019 I notification_panel_revealed: []
08-06 10:19:56.029   713 14522 I notification_visibility_changed: [-1|android|17040644|null|1000;-1|android|17040636|null|1000,]
08-06 10:19:56.732   713 14522 I notification_visibility_changed: [,-1|android|17040644|null|1000;-1|android|17040636|null|1000]
08-06 10:19:56.735   713  1224 I notification_panel_hidden: []
08-06 10:20:07.544   713 29460 I am_finish_activity: [0,25038398,4,com.youku.phone/com.youku.ui.activity.WebViewActivity,app-request]
08-06 10:20:07.546   713 29460 I am_home_stack_moved: [0,0,1,1,finishActivity adjustTopFocus setFocusedActivity]
08-06 10:20:07.546   713 29460 I am_focused_activity: [0,com.youku.phone/com.youku.ui.activity.DetailActivity]
08-06 10:20:07.546   713 29460 I am_pause_activity: [0,25038398,com.youku.phone/com.youku.ui.activity.WebViewActivity]
08-06 10:20:07.635  2545  2545 I am_on_paused_called: [0,com.youku.ui.activity.WebViewActivity]
08-06 10:20:07.640   713 29460 I am_resume_activity: [0,913937126,4,com.youku.phone/com.youku.ui.activity.DetailActivity]
08-06 10:20:07.761   713   713 I notification_cancel: [10054,2545,com.youku.phone,11250603,NULL,0,0,64,8,NULL]
08-06 10:20:08.283  2545  2545 I am_on_resume_called: [0,com.youku.ui.activity.DetailActivity]
08-06 10:20:09.970   183   183 I sf_frame_dur: [com.youku.phone/com.youku.ui.activity.WebViewActivity,568,77,18,19,14,24,13]
08-06 10:20:10.373   713   729 I am_destroy_activity: [0,25038398,4,com.youku.phone/com.youku.ui.activity.WebViewActivity,finish-imm]
08-06 10:20:12.499  2587  2587 I auditd  : type=1400 audit(0.0:396): avc: denied { read } for comm="OnLineMonitor" name="mem" dev="debugfs" ino=18221 scontext=u:r:untrusted_app:s0 tcontext=u:object_r:debugfs:s0 tclass=file
08-06 10:20:12.619  2587  2587 I auditd  : type=1400 audit(0.0:397): avc: denied { read } for comm="OnLineMonitor" name="mem" dev="debugfs" ino=18221 scontext=u:r:untrusted_app:s0 tcontext=u:object_r:debugfs:s0 tclass=file
08-06 10:20:15.904   713  1248 I am_home_stack_moved: [0,0,1,1,intentActivityFound]
08-06 10:20:15.904   713  1248 I wm_task_moved: [4,1,0]
08-06 10:20:20.729  2587  2587 I auditd  : type=1400 audit(0.0:398): avc: denied { read } for comm="OnLineMonitor" name="mem" dev="debugfs" ino=18221 scontext=u:r:untrusted_app:s0 tcontext=u:object_r:debugfs:s0 tclass=file
08-06 10:20:20.749  2587  2587 I auditd  : type=1400 audit(0.0:399): avc: denied { read } for comm="OnLineMonitor" name="mem" dev="debugfs" ino=18221 scontext=u:r:untrusted_app:s0 tcontext=u:object_r:debugfs:s0 tclass=file
08-06 10:20:23.513  2545  2545 I menu_opened: 0
08-06 10:20:27.189  2587  2587 I auditd  : type=1400 audit(0.0:400): avc: denied { read } for comm="OnLineMonitor" name="mem" dev="debugfs" ino=18221 scontext=u:r:untrusted_app:s0 tcontext=u:object_r:debugfs:s0 tclass=file
08-06 10:20:27.189  2587  2587 I auditd  : type=1400 audit(0.0:401): avc: denied { read } for comm="OnLineMonitor" name="mem" dev="debugfs" ino=18221 scontext=u:r:untrusted_app:s0 tcontext=u:object_r:debugfs:s0 tclass=file
08-06 10:20:31.969   713   825 I netstats_mobile_sample: [0,0,0,0,0,0,0,0,0,0,0,0,-1]
08-06 10:20:31.970   713   825 I netstats_wifi_sample: [256112799,182468,5532139,88589,256099819,182216,5772215,88671,256099819,182216,5755331,88587,-1]
08-06 10:20:36.769  2587  2587 I auditd  : type=1400 audit(0.0:402): avc: denied { read } for comm="OnLineMonitor" name="mem" dev="debugfs" ino=18221 scontext=u:r:untrusted_app:s0 tcontext=u:object_r:debugfs:s0 tclass=file
08-06 10:20:36.779  2587  2587 I auditd  : type=1400 audit(0.0:403): avc: denied { read } for comm="OnLineMonitor" name="mem" dev="debugfs" ino=18221 scontext=u:r:untrusted_app:s0 tcontext=u:object_r:debugfs:s0 tclass=file
08-06 10:20:38.341   713   713 I free_storage_changed: 12907974656
08-06 10:20:40.691   713  1248 I am_home_stack_moved: [0,0,1,1,sourceStackToFront]
08-06 10:20:40.691   713  1248 I wm_task_moved: [4,1,0]
08-06 10:20:40.700   713  1248 I am_create_activity: [0,147271441,4,com.youku.phone/com.youku.ui.activity.WebViewActivity,com.youku.action.YoukuWebview,NULL,NULL,0]
08-06 10:20:40.702   713  1248 I am_pause_activity: [0,913937126,com.youku.phone/com.youku.ui.activity.DetailActivity]
08-06 10:20:40.709   713  1248 I am_home_stack_moved: [0,0,1,1,startedActivity setFocusedActivity]
08-06 10:20:40.711   713  1248 I am_focused_activity: [0,com.youku.phone/com.youku.ui.activity.WebViewActivity]
08-06 10:20:41.211   713   778 I am_restart_activity: [0,147271441,4,com.youku.phone/com.youku.ui.activity.WebViewActivity]
08-06 10:20:41.467  2545  2545 I am_on_paused_called: [0,com.youku.ui.activity.DetailActivity]
08-06 10:20:41.468   713  1248 I am_failed_to_pause: [0,913937126,com.youku.phone/com.youku.ui.activity.DetailActivity,(none)]
08-06 10:20:42.410  2545  2545 I am_on_resume_called: [0,com.youku.ui.activity.WebViewActivity]
08-06 10:20:43.210   713   783 I am_activity_launch_time: [0,147271441,com.youku.phone/com.youku.ui.activity.WebViewActivity,2000,2000]
08-06 10:20:43.393   183   183 I sf_frame_dur: [SurfaceView,0,9,17,7,6,2,4]
08-06 10:20:43.493   183   183 I sf_frame_dur: [com.youku.phone/com.youku.ui.activity.DetailActivity,43,113,23,14,5,5,5]
08-06 10:20:47.869  2587  2587 I auditd  : type=1400 audit(0.0:404): avc: denied { read } for comm="OnLineMonitor" name="mem" dev="debugfs" ino=18221 scontext=u:r:untrusted_app:s0 tcontext=u:object_r:debugfs:s0 tclass=file
08-06 10:20:48.069  2587  2587 I auditd  : type=1400 audit(0.0:405): avc: denied { read } for comm="OnLineMonitor" name="mem" dev="debugfs" ino=18221 scontext=u:r:untrusted_app:s0 tcontext=u:object_r:debugfs:s0 tclass=file
08-06 10:20:48.518   713  1224 I am_finish_activity: [0,147271441,4,com.youku.phone/com.youku.ui.activity.WebViewActivity,app-request]
08-06 10:20:48.520   713  1224 I am_home_stack_moved: [0,0,1,1,finishActivity adjustTopFocus setFocusedActivity]
08-06 10:20:48.521   713  1224 I am_focused_activity: [0,com.youku.phone/com.youku.ui.activity.DetailActivity]
08-06 10:20:48.521   713  1224 I am_pause_activity: [0,147271441,com.youku.phone/com.youku.ui.activity.WebViewActivity]
08-06 10:20:49.031   713   778 I am_resume_activity: [0,913937126,4,com.youku.phone/com.youku.ui.activity.DetailActivity]
08-06 10:20:49.156  2545  2545 I am_on_paused_called: [0,com.youku.ui.activity.WebViewActivity]
08-06 10:20:49.160   713 14522 I am_failed_to_pause: [0,147271441,com.youku.phone/com.youku.ui.activity.WebViewActivity,(none)]
08-06 10:20:49.530   713   713 I notification_cancel: [10054,2545,com.youku.phone,11250603,NULL,0,0,64,8,NULL]
08-06 10:20:49.946  2545  2545 I am_on_resume_called: [0,com.youku.ui.activity.DetailActivity]
08-06 10:20:51.750   183   183 I sf_frame_dur: [com.youku.phone/com.youku.ui.activity.WebViewActivity,2,0,2,3,2,2,1]
08-06 10:20:51.942   713  1019 I am_home_stack_moved: [0,0,1,1,sourceStackToFront]
08-06 10:20:51.942   713  1019 I wm_task_moved: [4,1,0]
08-06 10:20:51.954   713  1019 I am_create_activity: [0,529398969,4,com.youku.phone/com.youku.ui.activity.WebViewActivity,com.youku.action.YoukuWebview,NULL,NULL,0]
08-06 10:20:51.955   713  1019 I am_pause_activity: [0,913937126,com.youku.phone/com.youku.ui.activity.DetailActivity]
08-06 10:20:52.013   713  1019 I am_home_stack_moved: [0,0,1,1,startedActivity setFocusedActivity]
08-06 10:20:52.025   713  1019 I am_focused_activity: [0,com.youku.phone/com.youku.ui.activity.WebViewActivity]
08-06 10:20:52.515   713   778 I am_restart_activity: [0,529398969,4,com.youku.phone/com.youku.ui.activity.WebViewActivity]
08-06 10:20:52.534   713   778 I am_destroy_activity: [0,147271441,4,com.youku.phone/com.youku.ui.activity.WebViewActivity,finish-imm]
08-06 10:20:53.048  2545  2545 I am_on_paused_called: [0,com.youku.ui.activity.DetailActivity]
08-06 10:20:53.048   713  6134 I am_failed_to_pause: [0,913937126,com.youku.phone/com.youku.ui.activity.DetailActivity,(none)]
08-06 10:20:55.679  2587  2587 I auditd  : type=1400 audit(0.0:406): avc: denied { read } for comm="OnLineMonitor" name="mem" dev="debugfs" ino=18221 scontext=u:r:untrusted_app:s0 tcontext=u:object_r:debugfs:s0 tclass=file
08-06 10:20:55.719  2587  2587 I auditd  : type=1400 audit(0.0:407): avc: denied { read } for comm="OnLineMonitor" name="mem" dev="debugfs" ino=18221 scontext=u:r:untrusted_app:s0 tcontext=u:object_r:debugfs:s0 tclass=file
08-06 10:20:55.997  2545  2545 I am_on_resume_called: [0,com.youku.ui.activity.WebViewActivity]
08-06 10:20:57.007   713   825 I netstats_mobile_sample: [0,0,0,0,0,0,0,0,0,0,0,0,-1]
08-06 10:20:57.008   713   825 I netstats_wifi_sample: [260263272,185411,5622992,90102,260249778,185154,5858828,90184,260249778,185154,5841944,90100,-1]
08-06 10:20:57.313   713   783 I am_activity_launch_time: [0,529398969,com.youku.phone/com.youku.ui.activity.WebViewActivity,4800,4800]
08-06 10:20:57.663   183   183 I sf_frame_dur: [com.youku.phone/com.youku.ui.activity.DetailActivity,0,0,0,0,5,2,1]
08-06 10:21:03.322   713 14522 I battery_level: [42,3781,426]
08-06 10:21:03.335   713   713 I notification_cancel: [10013,868,com.android.systemui,100,low_battery,-1,0,64,8,NULL]
08-06 10:21:18.656   713 29460 I am_home_stack_moved: [0,0,1,1,intentActivityFound]
08-06 10:21:18.656   713 29460 I wm_task_moved: [4,1,0]
08-06 10:21:22.239  2587  2587 I auditd  : type=1400 audit(0.0:408): avc: denied { read } for comm="OnLineMonitor" name="mem" dev="debugfs" ino=18221 scontext=u:r:untrusted_app:s0 tcontext=u:object_r:debugfs:s0 tclass=file
08-06 10:21:22.249  2587  2587 I auditd  : type=1400 audit(0.0:409): avc: denied { read } for comm="OnLineMonitor" name="mem" dev="debugfs" ino=18221 scontext=u:r:untrusted_app:s0 tcontext=u:object_r:debugfs:s0 tclass=file
08-06 10:21:26.599  2587  2587 I auditd  : type=1400 audit(0.0:410): avc: denied { read } for comm="OnLineMonitor" name="mem" dev="debugfs" ino=18221 scontext=u:r:untrusted_app:s0 tcontext=u:object_r:debugfs:s0 tclass=file
08-06 10:21:26.619  2587  2587 I auditd  : type=1400 audit(0.0:411): avc: denied { read } for comm="OnLineMonitor" name="mem" dev="debugfs" ino=18221 scontext=u:r:untrusted_app:s0 tcontext=u:object_r:debugfs:s0 tclass=file
08-06 10:21:33.679  2587  2587 I auditd  : type=1400 audit(0.0:412): avc: denied { read } for comm="OnLineMonitor" name="mem" dev="debugfs" ino=18221 scontext=u:r:untrusted_app:s0 tcontext=u:object_r:debugfs:s0 tclass=file
08-06 10:21:33.699  2587  2587 I auditd  : type=1400 audit(0.0:413): avc: denied { read } for comm="OnLineMonitor" name="mem" dev="debugfs" ino=18221 scontext=u:r:untrusted_app:s0 tcontext=u:object_r:debugfs:s0 tclass=file
08-06 10:21:34.500   713 29460 I am_home_stack_moved: [0,0,1,1,intentActivityFound]
08-06 10:21:34.500   713 29460 I wm_task_moved: [4,1,0]
08-06 10:21:50.901   183   183 I sf_frame_dur: [VolumePanel,0,0,0,0,1,0,0]
08-06 10:21:57.891   713  2782 I am_finish_activity: [0,529398969,4,com.youku.phone/com.youku.ui.activity.WebViewActivity,app-request]
08-06 10:21:57.893   713  2782 I am_home_stack_moved: [0,0,1,1,finishActivity adjustTopFocus setFocusedActivity]
08-06 10:21:57.893   713  2782 I am_focused_activity: [0,com.youku.phone/com.youku.ui.activity.DetailActivity]
08-06 10:21:57.894   713  2782 I am_pause_activity: [0,529398969,com.youku.phone/com.youku.ui.activity.WebViewActivity]
08-06 10:21:58.048  2545  2545 I am_on_paused_called: [0,com.youku.ui.activity.WebViewActivity]
08-06 10:21:58.053   713  1019 I am_resume_activity: [0,913937126,4,com.youku.phone/com.youku.ui.activity.DetailActivity]
08-06 10:21:58.230   713   713 I notification_cancel: [10054,2545,com.youku.phone,11250603,NULL,0,0,64,8,NULL]
08-06 10:21:58.746  2545  2545 I am_on_resume_called: [0,com.youku.ui.activity.DetailActivity]
08-06 10:22:00.631   183   183 I sf_frame_dur: [com.youku.phone/com.youku.ui.activity.WebViewActivity,357,75,16,12,16,18,13]
08-06 10:22:01.050   183   183 I sf_frame_dur: [VolumePanel,36,1,0,0,0,1,1]
08-06 10:22:01.799  2587  2587 I auditd  : type=1400 audit(0.0:414): avc: denied { read } for comm="OnLineMonitor" name="mem" dev="debugfs" ino=18221 scontext=u:r:untrusted_app:s0 tcontext=u:object_r:debugfs:s0 tclass=file
08-06 10:22:01.799  2587  2587 I auditd  : type=1400 audit(0.0:415): avc: denied { read } for comm="OnLineMonitor" name="mem" dev="debugfs" ino=18221 scontext=u:r:untrusted_app:s0 tcontext=u:object_r:debugfs:s0 tclass=file
08-06 10:22:08.053   713   778 I am_destroy_activity: [0,529398969,4,com.youku.phone/com.youku.ui.activity.WebViewActivity,finish-imm]
08-06 10:22:11.063   713   778 I am_broadcast_discard_filter: [0,169550399,android.intent.action.TIME_TICK,11,411798761]
08-06 10:22:15.819  2587  2587 I auditd  : type=1400 audit(0.0:416): avc: denied { read } for comm="OnLineMonitor" name="mem" dev="debugfs" ino=18221 scontext=u:r:untrusted_app:s0 tcontext=u:object_r:debugfs:s0 tclass=file
08-06 10:22:15.829  2587  2587 I auditd  : type=1400 audit(0.0:417): avc: denied { read } for comm="OnLineMonitor" name="mem" dev="debugfs" ino=18221 scontext=u:r:untrusted_app:s0 tcontext=u:object_r:debugfs:s0 tclass=file
08-06 10:22:24.399  2587  2587 I auditd  : type=1400 audit(0.0:418): avc: denied { read } for comm="OnLineMonitor" name="mem" dev="debugfs" ino=18221 scontext=u:r:untrusted_app:s0 tcontext=u:object_r:debugfs:s0 tclass=file
08-06 10:22:24.399  2587  2587 I auditd  : type=1400 audit(0.0:419): avc: denied { read } for comm="OnLineMonitor" name="mem" dev="debugfs" ino=18221 scontext=u:r:untrusted_app:s0 tcontext=u:object_r:debugfs:s0 tclass=file
08-06 10:22:31.979  2587  2587 I auditd  : type=1400 audit(0.0:420): avc: denied { read } for comm="OnLineMonitor" name="mem" dev="debugfs" ino=18221 scontext=u:r:untrusted_app:s0 tcontext=u:object_r:debugfs:s0 tclass=file
08-06 10:22:31.989  2587  2587 I auditd  : type=1400 audit(0.0:421): avc: denied { read } for comm="OnLineMonitor" name="mem" dev="debugfs" ino=18221 scontext=u:r:untrusted_app:s0 tcontext=u:object_r:debugfs:s0 tclass=file
08-06 10:22:39.303   183   183 I sf_frame_dur: [VolumePanel,0,0,0,0,1,0,0]
08-06 10:22:41.512   713   825 I netstats_mobile_sample: [0,0,0,0,0,0,0,0,0,0,0,0,-1]
08-06 10:22:41.513   713   825 I netstats_wifi_sample: [265477245,189209,5752904,92008,265463294,188936,5990756,92094,265463294,188936,5973068,92006,-1]
08-06 10:22:53.196  2545  2545 I menu_opened: 0
08-06 10:23:02.861  2545  2545 I menu_opened: 0
08-06 10:23:09.547  2545  2545 I menu_opened: 0
08-06 10:23:09.853   713   825 I netstats_mobile_sample: [0,0,0,0,0,0,0,0,0,0,0,0,-1]
08-06 10:23:09.875   713   825 I netstats_wifi_sample: [272262808,193879,5857192,94311,272248878,193603,6097480,94399,272248878,193603,6079390,94309,-1]
08-06 10:23:11.611  2545  2545 I menu_opened: 0
08-06 10:23:16.563   713  1224 I battery_level: [41,3777,427]
08-06 10:23:16.929   713   713 I notification_cancel: [10013,868,com.android.systemui,100,low_battery,-1,0,64,8,NULL]
08-06 10:23:18.287   183   183 I sf_frame_dur: [VolumePanel,0,0,0,0,1,0,0]
08-06 10:23:25.509   713  1259 I am_home_stack_moved: [0,0,1,1,intentActivityFound]
08-06 10:23:25.509   713  1259 I wm_task_moved: [4,1,0]
08-06 10:23:38.828   713   713 I free_storage_changed: 12898107392
08-06 10:24:06.950   713  1259 I am_home_stack_moved: [0,0,1,1,intentActivityFound]
08-06 10:24:06.950   713  1259 I wm_task_moved: [4,1,0]
08-06 10:24:13.928   713   825 I netstats_mobile_sample: [0,0,0,0,0,0,0,0,0,0,0,0,-1]
08-06 10:24:13.931   713   825 I netstats_wifi_sample: [276606657,197071,6037961,96379,276592087,196785,6269499,96469,276592087,196785,6251007,96377,-1]
08-06 10:24:23.645  2545  2545 I menu_opened: 0
08-06 10:24:38.836   713   713 I free_storage_changed: 12893736960
08-06 10:24:59.987   713   825 I netstats_mobile_sample: [0,0,0,0,0,0,0,0,0,0,0,0,-1]
08-06 10:25:00.038   713   825 I netstats_wifi_sample: [291055156,206888,6376405,101473,291040313,206595,6588055,101565,291040313,206595,6569161,101471,-1]
08-06 10:25:01.531   713  1019 I am_home_stack_moved: [0,0,1,1,sourceStackToFront]
08-06 10:25:01.531   713  1019 I wm_task_moved: [4,1,0]
08-06 10:25:01.540   713  1019 I am_create_activity: [0,13822828,4,com.youku.phone/com.youku.ui.activity.WebViewActivity,NULL,NULL,NULL,0]
08-06 10:25:01.542   713  1019 I am_pause_activity: [0,913937126,com.youku.phone/com.youku.ui.activity.DetailActivity]
08-06 10:25:01.546   713  1019 I am_home_stack_moved: [0,0,1,1,startedActivity setFocusedActivity]
08-06 10:25:01.548   713  1019 I am_focused_activity: [0,com.youku.phone/com.youku.ui.activity.WebViewActivity]
08-06 10:25:02.049   713   778 I am_restart_activity: [0,13822828,4,com.youku.phone/com.youku.ui.activity.WebViewActivity]
08-06 10:25:10.458  2545  2545 I am_on_paused_called: [0,com.youku.ui.activity.DetailActivity]
08-06 10:25:10.462   713  1019 I am_failed_to_pause: [0,913937126,com.youku.phone/com.youku.ui.activity.DetailActivity,(none)]
08-06 10:25:10.859  2545  2545 I am_on_resume_called: [0,com.youku.ui.activity.WebViewActivity]
08-06 10:25:10.911   183   183 I sf_frame_dur: [SurfaceView,80,128,78,51,25,11,26]
08-06 10:25:10.961   183   183 I sf_frame_dur: [com.youku.phone/com.youku.ui.activity.DetailActivity,609,609,119,41,15,17,29]
08-06 10:25:11.258   713   783 I am_activity_launch_time: [0,13822828,com.youku.phone/com.youku.ui.activity.WebViewActivity,9210,9210]
08-06 10:25:11.899  2587  2587 I auditd  : type=1400 audit(0.0:422): avc: denied { read } for comm="OnLineMonitor" name="mem" dev="debugfs" ino=18221 scontext=u:r:untrusted_app:s0 tcontext=u:object_r:debugfs:s0 tclass=file
08-06 10:25:11.909  2587  2587 I auditd  : type=1400 audit(0.0:423): avc: denied { read } for comm="OnLineMonitor" name="mem" dev="debugfs" ino=18221 scontext=u:r:untrusted_app:s0 tcontext=u:object_r:debugfs:s0 tclass=file
08-06 10:25:19.219  2587  2587 I auditd  : type=1400 audit(0.0:424): avc: denied { read } for comm="OnLineMonitor" name="mem" dev="debugfs" ino=18221 scontext=u:r:untrusted_app:s0 tcontext=u:object_r:debugfs:s0 tclass=file
08-06 10:25:19.219  2587  2587 I auditd  : type=1400 audit(0.0:425): avc: denied { read } for comm="OnLineMonitor" name="mem" dev="debugfs" ino=18221 scontext=u:r:untrusted_app:s0 tcontext=u:object_r:debugfs:s0 tclass=file
08-06 10:25:19.846   713  1248 I am_home_stack_moved: [0,0,1,1,sourceStackToFront]
08-06 10:25:19.847   713  1248 I wm_task_moved: [4,1,0]
08-06 10:25:19.855   713  1248 I am_create_activity: [0,924714908,4,com.youku.phone/com.youku.ui.activity.DetailActivity,android.intent.action.VIEW,NULL,youku://play?source=mplaypage&cookieid=14918220015714hy&showid=84f2392aaecb11e5a080&activeby=2,0]
08-06 10:25:19.856   713  1248 I am_pause_activity: [0,13822828,com.youku.phone/com.youku.ui.activity.WebViewActivity]
08-06 10:25:19.863   713  1248 I am_home_stack_moved: [0,0,1,1,startedActivity setFocusedActivity]
08-06 10:25:19.875   713  1248 I am_focused_activity: [0,com.youku.phone/com.youku.ui.activity.DetailActivity]
08-06 10:25:19.973  2545  2545 I am_on_paused_called: [0,com.youku.ui.activity.WebViewActivity]
08-06 10:25:19.978   713  1224 I am_restart_activity: [0,924714908,4,com.youku.phone/com.youku.ui.activity.DetailActivity]
08-06 10:25:22.478   713  2782 I am_finish_activity: [0,913937126,4,com.youku.phone/com.youku.ui.activity.DetailActivity,app-request]
08-06 10:25:22.480   713  2782 I am_destroy_activity: [0,913937126,4,com.youku.phone/com.youku.ui.activity.DetailActivity,finish-imm]
08-06 10:25:27.779  2587  2587 I auditd  : type=1400 audit(0.0:426): avc: denied { read } for comm="OnLineMonitor" name="mem" dev="debugfs" ino=18221 scontext=u:r:untrusted_app:s0 tcontext=u:object_r:debugfs:s0 tclass=file
08-06 10:25:27.799  2587  2587 I auditd  : type=1400 audit(0.0:427): avc: denied { read } for comm="OnLineMonitor" name="mem" dev="debugfs" ino=18221 scontext=u:r:untrusted_app:s0 tcontext=u:object_r:debugfs:s0 tclass=file
08-06 10:25:31.525   713   713 I notification_cancel: [10054,2545,com.youku.phone,11250603,NULL,0,0,64,8,NULL]
08-06 10:25:31.655  2545  2545 I am_on_resume_called: [0,com.youku.ui.activity.DetailActivity]
08-06 10:25:32.875   713   713 I notification_cancel: [10054,2545,com.youku.phone,11250603,NULL,0,0,64,8,NULL]
08-06 10:25:34.020   183   183 I sf_frame_dur: [com.youku.phone/com.youku.ui.activity.WebViewActivity,140,104,6,3,3,0,1]
08-06 10:25:34.043   713   783 I am_activity_launch_time: [0,924714908,com.youku.phone/com.youku.ui.activity.DetailActivity,14066,14066]
08-06 10:25:38.842   713   713 I free_storage_changed: 12879446016
08-06 10:25:39.579  2587  2587 I auditd  : type=1400 audit(0.0:428): avc: denied { read } for comm="OnLineMonitor" name="mem" dev="debugfs" ino=18221 scontext=u:r:untrusted_app:s0 tcontext=u:object_r:debugfs:s0 tclass=file
08-06 10:25:39.619  2587  2587 I auditd  : type=1400 audit(0.0:429): avc: denied { read } for comm="OnLineMonitor" name="mem" dev="debugfs" ino=18221 scontext=u:r:untrusted_app:s0 tcontext=u:object_r:debugfs:s0 tclass=file
08-06 10:25:47.262  2545  2545 I menu_opened: 0
08-06 10:25:47.529  2587  2587 I auditd  : type=1400 audit(0.0:430): avc: denied { read } for comm="OnLineMonitor" name="mem" dev="debugfs" ino=18221 scontext=u:r:untrusted_app:s0 tcontext=u:object_r:debugfs:s0 tclass=file
08-06 10:25:47.539  2587  2587 I auditd  : type=1400 audit(0.0:431): avc: denied { read } for comm="OnLineMonitor" name="mem" dev="debugfs" ino=18221 scontext=u:r:untrusted_app:s0 tcontext=u:object_r:debugfs:s0 tclass=file
08-06 10:25:50.635  2545  2545 I menu_opened: 0
08-06 10:25:52.642   868   868 I sysui_panelholder_touch: [0,841,12]
08-06 10:25:52.841   713  1031 I notification_panel_revealed: []
08-06 10:25:52.894   713  1248 I notification_visibility_changed: [-1|android|17040644|null|1000;-1|android|17040636|null|1000,]
08-06 10:25:54.746   713  1224 I notification_visibility_changed: [,-1|android|17040644|null|1000;-1|android|17040636|null|1000]
08-06 10:25:54.755   713  1019 I notification_panel_hidden: []
08-06 10:25:59.839  2587  2587 I auditd  : type=1400 audit(0.0:432): avc: denied { read } for comm="OnLineMonitor" name="mem" dev="debugfs" ino=18221 scontext=u:r:untrusted_app:s0 tcontext=u:object_r:debugfs:s0 tclass=file
08-06 10:25:59.939  2587  2587 I auditd  : type=1400 audit(0.0:433): avc: denied { read } for comm="OnLineMonitor" name="mem" dev="debugfs" ino=18221 scontext=u:r:untrusted_app:s0 tcontext=u:object_r:debugfs:s0 tclass=file
08-06 10:26:02.581   713   825 I netstats_mobile_sample: [0,0,0,0,0,0,0,0,0,0,0,0,-1]
08-06 10:26:02.582   713   825 I netstats_wifi_sample: [294660111,209599,6489487,103210,294644627,209295,6701303,103304,294644627,209295,6682007,103208,-1]
08-06 10:26:03.778   713  1031 I am_home_stack_moved: [0,0,1,1,intentActivityFound]
08-06 10:26:03.778   713  1031 I wm_task_moved: [4,1,0]
08-06 10:26:11.401   713  6776 I am_home_stack_moved: [0,0,1,1,sourceStackToFront]
08-06 10:26:11.401   713  6776 I wm_task_moved: [4,1,0]
08-06 10:26:11.414   713  6776 I am_create_activity: [0,826483850,4,com.youku.phone/com.youku.ui.activity.WebViewActivity,com.youku.action.YoukuWebview,NULL,NULL,0]
08-06 10:26:11.416   713  6776 I am_pause_activity: [0,924714908,com.youku.phone/com.youku.ui.activity.DetailActivity]
08-06 10:26:11.429   713  6776 I am_home_stack_moved: [0,0,1,1,startedActivity setFocusedActivity]
08-06 10:26:11.442   713  6776 I am_focused_activity: [0,com.youku.phone/com.youku.ui.activity.WebViewActivity]
08-06 10:26:11.932   713   778 I am_restart_activity: [0,826483850,4,com.youku.phone/com.youku.ui.activity.WebViewActivity]
08-06 10:26:11.951   868   868 I sysui_panelholder_touch: [0,734,46]
08-06 10:26:12.030  2545  2545 I am_on_paused_called: [0,com.youku.ui.activity.DetailActivity]
08-06 10:26:12.030   713 14522 I am_failed_to_pause: [0,924714908,com.youku.phone/com.youku.ui.activity.DetailActivity,(none)]
08-06 10:26:12.179   713  1259 I notification_panel_revealed: []
08-06 10:26:12.293   713  2782 I notification_visibility_changed: [-1|android|17040644|null|1000;-1|android|17040636|null|1000,]
08-06 10:26:12.473   713 14522 I notification_visibility_changed: [,-1|android|17040644|null|1000;-1|android|17040636|null|1000]
08-06 10:26:12.484   713  1259 I notification_panel_hidden: []
08-06 10:26:12.903  2545  2545 I am_on_resume_called: [0,com.youku.ui.activity.WebViewActivity]
08-06 10:26:13.230   713 14522 I notification_panel_revealed: []
08-06 10:26:13.740   713   783 I am_activity_launch_time: [0,826483850,com.youku.phone/com.youku.ui.activity.WebViewActivity,1806,1806]
08-06 10:26:13.946   183   183 I sf_frame_dur: [SurfaceView,17,23,32,31,13,8,6]
08-06 10:26:13.997   183   183 I sf_frame_dur: [com.youku.phone/com.youku.ui.activity.DetailActivity,455,194,30,11,5,10,5]
08-06 10:26:14.683   713 14522 I notification_visibility_changed: [-1|android|17040644|null|1000;-1|android|17040636|null|1000,]
08-06 10:26:15.072   713 14522 I notification_clicked: -1|android|17040636|null|1000
08-06 10:26:15.072   713   713 I notification_cancel: [10013,868,android,17040636,NULL,-1,16,64,1,NULL]
08-06 10:26:15.245   713  1031 I notification_visibility_changed: [,-1|android|17040644|null|1000;-1|android|17040636|null|1000]
08-06 10:26:15.250   713  1224 I notification_panel_hidden: []
08-06 10:26:18.293   713 14522 I am_home_stack_moved: [0,0,1,1,intentActivityFound]
08-06 10:26:18.294   713 14522 I wm_task_moved: [4,1,0]
08-06 10:26:18.699  2587  2587 I auditd  : type=1400 audit(0.0:434): avc: denied { read } for comm="OnLineMonitor" name="mem" dev="debugfs" ino=18221 scontext=u:r:untrusted_app:s0 tcontext=u:object_r:debugfs:s0 tclass=file
08-06 10:26:18.739  2587  2587 I auditd  : type=1400 audit(0.0:435): avc: denied { read } for comm="OnLineMonitor" name="mem" dev="debugfs" ino=18221 scontext=u:r:untrusted_app:s0 tcontext=u:object_r:debugfs:s0 tclass=file
08-06 10:26:24.842   713   825 I netstats_mobile_sample: [0,0,0,0,0,0,0,0,0,0,0,0,-1]
08-06 10:26:24.843   713   825 I netstats_wifi_sample: [298051085,211982,6535475,103729,298035266,211674,6748157,103823,298035266,211674,6728861,103727,-1]
08-06 10:26:37.909  2587  2587 I auditd  : type=1400 audit(0.0:436): avc: denied { read } for comm="OnLineMonitor" name="mem" dev="debugfs" ino=18221 scontext=u:r:untrusted_app:s0 tcontext=u:object_r:debugfs:s0 tclass=file
08-06 10:26:37.909  2587  2587 I auditd  : type=1400 audit(0.0:437): avc: denied { read } for comm="OnLineMonitor" name="mem" dev="debugfs" ino=18221 scontext=u:r:untrusted_app:s0 tcontext=u:object_r:debugfs:s0 tclass=file
08-06 10:26:38.847   713   713 I free_storage_changed: 12873216000
08-06 10:26:40.336   713  6776 I am_home_stack_moved: [0,0,1,1,intentActivityFound]
08-06 10:26:40.336   713  6776 I wm_task_moved: [4,1,0]
08-06 10:26:41.434   183   183 I sf_frame_dur: [VolumePanel,0,0,0,1,0,0,0]
08-06 10:26:42.149  2587  2587 I auditd  : type=1400 audit(0.0:438): avc: denied { read } for comm="OnLineMonitor" name="mem" dev="debugfs" ino=18221 scontext=u:r:untrusted_app:s0 tcontext=u:object_r:debugfs:s0 tclass=file
08-06 10:26:42.159  2587  2587 I auditd  : type=1400 audit(0.0:439): avc: denied { read } for comm="OnLineMonitor" name="mem" dev="debugfs" ino=18221 scontext=u:r:untrusted_app:s0 tcontext=u:object_r:debugfs:s0 tclass=file
08-06 10:26:48.249  2587  2587 I auditd  : type=1400 audit(0.0:440): avc: denied { read } for comm="OnLineMonitor" name="mem" dev="debugfs" ino=18221 scontext=u:r:untrusted_app:s0 tcontext=u:object_r:debugfs:s0 tclass=file
08-06 10:26:48.259  2587  2587 I auditd  : type=1400 audit(0.0:441): avc: denied { read } for comm="OnLineMonitor" name="mem" dev="debugfs" ino=18221 scontext=u:r:untrusted_app:s0 tcontext=u:object_r:debugfs:s0 tclass=file
08-06 10:26:55.887   183   183 I sf_frame_dur: [VolumePanel,0,0,0,0,0,1,0]
08-06 10:27:11.312   713  1248 I am_home_stack_moved: [0,0,1,1,intentActivityFound]
08-06 10:27:11.312   713  1248 I wm_task_moved: [4,1,0]
08-06 10:27:21.753   713  1224 I am_home_stack_moved: [0,0,1,1,intentActivityFound]
08-06 10:27:21.753   713  1224 I wm_task_moved: [4,1,0]
08-06 10:27:23.957   713   729 I am_finish_activity: [0,826483850,4,com.youku.phone/com.youku.ui.activity.WebViewActivity,app-request]
08-06 10:27:23.959   713   729 I am_home_stack_moved: [0,0,1,1,finishActivity adjustTopFocus setFocusedActivity]
08-06 10:27:23.960   713   729 I am_focused_activity: [0,com.youku.phone/com.youku.ui.activity.DetailActivity]
08-06 10:27:23.960   713   729 I am_pause_activity: [0,826483850,com.youku.phone/com.youku.ui.activity.WebViewActivity]
08-06 10:27:24.135  2545  2545 I am_on_paused_called: [0,com.youku.ui.activity.WebViewActivity]
08-06 10:27:24.143   713  1224 I am_resume_activity: [0,924714908,4,com.youku.phone/com.youku.ui.activity.DetailActivity]
08-06 10:27:24.362   713   713 I notification_cancel: [10054,2545,com.youku.phone,11250603,NULL,0,0,64,8,NULL]
08-06 10:27:24.796  2545  2545 I am_on_resume_called: [0,com.youku.ui.activity.DetailActivity]
08-06 10:27:28.189  2587  2587 I auditd  : type=1400 audit(0.0:442): avc: denied { read } for comm="OnLineMonitor" name="mem" dev="debugfs" ino=18221 scontext=u:r:untrusted_app:s0 tcontext=u:object_r:debugfs:s0 tclass=file
08-06 10:27:28.199  2587  2587 I auditd  : type=1400 audit(0.0:443): avc: denied { read } for comm="OnLineMonitor" name="mem" dev="debugfs" ino=18221 scontext=u:r:untrusted_app:s0 tcontext=u:object_r:debugfs:s0 tclass=file
08-06 10:27:31.746   183   183 I sf_frame_dur: [com.youku.phone/com.youku.ui.activity.WebViewActivity,327,55,11,8,21,13,14]
08-06 10:27:32.403   713 29460 I am_destroy_activity: [0,826483850,4,com.youku.phone/com.youku.ui.activity.WebViewActivity,finish-imm]
08-06 10:27:34.010  2545  2545 I menu_opened: 0
08-06 10:27:35.651   183   183 I sf_frame_dur: [VolumePanel,22,6,5,2,3,3,3]
08-06 10:27:37.629  2587  2587 I auditd  : type=1400 audit(0.0:444): avc: denied { read } for comm="OnLineMonitor" name="mem" dev="debugfs" ino=18221 scontext=u:r:untrusted_app:s0 tcontext=u:object_r:debugfs:s0 tclass=file
08-06 10:27:37.649  2587  2587 I auditd  : type=1400 audit(0.0:445): avc: denied { read } for comm="OnLineMonitor" name="mem" dev="debugfs" ino=18221 scontext=u:r:untrusted_app:s0 tcontext=u:object_r:debugfs:s0 tclass=file
08-06 10:27:43.928   183   183 I sf_frame_dur: [VolumePanel,0,0,0,0,0,1,0]
08-06 10:27:44.047  2545  2545 I menu_opened: 0
08-06 10:27:44.461   713   713 I notification_cancel: [1000,713,android,100,CaptivePortal.Notification,0,0,0,8,NULL]
08-06 10:27:53.251   713  1031 I am_home_stack_moved: [0,0,1,1,intentActivityFound]
08-06 10:27:53.253   713  1031 I wm_task_moved: [4,1,0]
08-06 10:27:54.199   183   183 I sf_frame_dur: [VolumePanel,0,0,0,0,1,0,0]
08-06 10:27:57.706  2545  2545 I menu_opened: 0
08-06 10:28:03.681   713   825 I netstats_mobile_sample: [0,0,0,0,0,0,0,0,0,0,0,0,-1]
08-06 10:28:03.725   713   825 I netstats_wifi_sample: [303028745,215639,6653307,105548,303012313,215315,6878027,105646,303012313,215315,6857927,105546,-1]
08-06 10:28:07.096   713  1224 I am_home_stack_moved: [0,0,1,1,sourceStackToFront]
08-06 10:28:07.096   713  1224 I wm_task_moved: [4,1,0]
08-06 10:28:07.121   713  1224 I am_create_activity: [0,308518124,4,com.youku.phone/com.youku.ui.activity.WebViewActivity,com.youku.action.YoukuWebview,NULL,NULL,0]
08-06 10:28:07.123   713  1224 I am_pause_activity: [0,924714908,com.youku.phone/com.youku.ui.activity.DetailActivity]
08-06 10:28:07.128   713  1224 I am_home_stack_moved: [0,0,1,1,startedActivity setFocusedActivity]
08-06 10:28:07.150   713  1224 I am_focused_activity: [0,com.youku.phone/com.youku.ui.activity.WebViewActivity]
08-06 10:28:07.631   713   778 I am_restart_activity: [0,308518124,4,com.youku.phone/com.youku.ui.activity.WebViewActivity]
08-06 10:28:10.079  2545  2545 I am_on_paused_called: [0,com.youku.ui.activity.DetailActivity]
08-06 10:28:10.079   713 29460 I am_failed_to_pause: [0,924714908,com.youku.phone/com.youku.ui.activity.DetailActivity,(none)]
08-06 10:28:10.739  2587  2587 I auditd  : type=1400 audit(0.0:446): avc: denied { read } for comm="OnLineMonitor" name="mem" dev="debugfs" ino=18221 scontext=u:r:untrusted_app:s0 tcontext=u:object_r:debugfs:s0 tclass=file
08-06 10:28:10.749  2587  2587 I auditd  : type=1400 audit(0.0:447): avc: denied { read } for comm="OnLineMonitor" name="mem" dev="debugfs" ino=18221 scontext=u:r:untrusted_app:s0 tcontext=u:object_r:debugfs:s0 tclass=file
08-06 10:28:10.882  2545  2545 I am_on_resume_called: [0,com.youku.ui.activity.WebViewActivity]
08-06 10:28:11.825   713   783 I am_activity_launch_time: [0,308518124,com.youku.phone/com.youku.ui.activity.WebViewActivity,4196,4196]
08-06 10:28:12.047   183   183 I sf_frame_dur: [SurfaceView,7,9,24,39,9,9,3]
08-06 10:28:12.047   183   183 I sf_frame_dur: [com.youku.phone/com.youku.ui.activity.DetailActivity,362,462,68,16,1,0,4]
08-06 10:28:18.525   713   729 I am_home_stack_moved: [0,0,1,1,intentActivityFound]
08-06 10:28:18.525   713   729 I wm_task_moved: [4,1,0]
08-06 10:28:19.972   183   183 I sf_frame_dur: [VolumePanel,0,0,0,0,1,0,0]
08-06 10:28:20.600   868   868 I sysui_panelholder_touch: [0,862,23]
08-06 10:28:20.706   713   730 I notification_panel_revealed: []
08-06 10:28:20.735   713  1019 I notification_visibility_changed: [-1|android|17040644|null|1000;-1|android|17040636|null|1000,]
08-06 10:28:20.783   713  1248 I notification_visibility_changed: [,-1|android|17040644|null|1000;-1|android|17040636|null|1000]
08-06 10:28:20.788   713  6134 I notification_panel_hidden: []
08-06 10:28:28.872   713  1224 I am_home_stack_moved: [0,0,1,1,intentActivityFound]
08-06 10:28:28.873   713  1224 I wm_task_moved: [4,1,0]
08-06 10:28:32.869  2587  2587 I auditd  : type=1400 audit(0.0:448): avc: denied { read } for comm="OnLineMonitor" name="mem" dev="debugfs" ino=18221 scontext=u:r:untrusted_app:s0 tcontext=u:object_r:debugfs:s0 tclass=file
08-06 10:28:32.879  2587  2587 I auditd  : type=1400 audit(0.0:449): avc: denied { read } for comm="OnLineMonitor" name="mem" dev="debugfs" ino=18221 scontext=u:r:untrusted_app:s0 tcontext=u:object_r:debugfs:s0 tclass=file
08-06 10:28:38.860   713   713 I free_storage_changed: 12866756608
08-06 10:28:38.919  2587  2587 I auditd  : type=1400 audit(0.0:450): avc: denied { read } for comm="OnLineMonitor" name="mem" dev="debugfs" ino=18221 scontext=u:r:untrusted_app:s0 tcontext=u:object_r:debugfs:s0 tclass=file
08-06 10:28:38.929  2587  2587 I auditd  : type=1400 audit(0.0:451): avc: denied { read } for comm="OnLineMonitor" name="mem" dev="debugfs" ino=18221 scontext=u:r:untrusted_app:s0 tcontext=u:object_r:debugfs:s0 tclass=file
08-06 10:28:45.309  2587  2587 I auditd  : type=1400 audit(0.0:452): avc: denied { read } for comm="OnLineMonitor" name="mem" dev="debugfs" ino=18221 scontext=u:r:untrusted_app:s0 tcontext=u:object_r:debugfs:s0 tclass=file
08-06 10:28:45.319  2587  2587 I auditd  : type=1400 audit(0.0:453): avc: denied { read } for comm="OnLineMonitor" name="mem" dev="debugfs" ino=18221 scontext=u:r:untrusted_app:s0 tcontext=u:object_r:debugfs:s0 tclass=file
08-06 10:28:45.705   868   868 I sysui_panelholder_touch: [0,500,58]
08-06 10:28:45.783   713  1285 I notification_panel_revealed: []
08-06 10:28:45.804   713  6134 I notification_visibility_changed: [-1|android|17040644|null|1000;-1|android|17040636|null|1000,]
08-06 10:28:47.025   713  1031 I notification_visibility_changed: [,-1|android|17040644|null|1000;-1|android|17040636|null|1000]
08-06 10:28:47.028   713  6134 I notification_panel_hidden: []
08-06 10:28:53.101  2545  2545 I menu_item_selected: [0,]
08-06 10:28:58.965   183   183 I sf_frame_dur: [com.youku.phone/com.youku.ui.activity.WebViewActivity,16,1,0,0,2,0,2]
08-06 10:29:01.702  2545  2545 I menu_item_selected: [0,]
08-06 10:29:07.221   183   183 I sf_frame_dur: [com.youku.phone/com.youku.ui.activity.WebViewActivity,29,0,0,3,1,1,1]
08-06 10:29:09.954   713  2782 I am_finish_activity: [0,308518124,4,com.youku.phone/com.youku.ui.activity.WebViewActivity,app-request]
08-06 10:29:09.957   713  2782 I am_home_stack_moved: [0,0,1,1,finishActivity adjustTopFocus setFocusedActivity]
08-06 10:29:09.957   713  2782 I am_focused_activity: [0,com.youku.phone/com.youku.ui.activity.DetailActivity]
08-06 10:29:09.957   713  2782 I am_pause_activity: [0,308518124,com.youku.phone/com.youku.ui.activity.WebViewActivity]
08-06 10:29:10.063  2545  2545 I am_on_paused_called: [0,com.youku.ui.activity.WebViewActivity]
08-06 10:29:10.075   713 29460 I am_resume_activity: [0,924714908,4,com.youku.phone/com.youku.ui.activity.DetailActivity]
08-06 10:29:10.237   713   713 I notification_cancel: [10054,2545,com.youku.phone,11250603,NULL,0,0,64,8,NULL]
08-06 10:29:10.633  2545  2545 I am_on_resume_called: [0,com.youku.ui.activity.DetailActivity]
08-06 10:29:12.247  2545  2545 I menu_opened: 0
08-06 10:29:12.475   183   183 I sf_frame_dur: [com.youku.phone/com.youku.ui.activity.WebViewActivity,315,32,11,12,7,17,14]
08-06 10:29:15.529  2587  2587 I auditd  : type=1400 audit(0.0:454): avc: denied { read } for comm="OnLineMonitor" name="mem" dev="debugfs" ino=18221 scontext=u:r:untrusted_app:s0 tcontext=u:object_r:debugfs:s0 tclass=file
08-06 10:29:15.539  2587  2587 I auditd  : type=1400 audit(0.0:455): avc: denied { read } for comm="OnLineMonitor" name="mem" dev="debugfs" ino=18221 scontext=u:r:untrusted_app:s0 tcontext=u:object_r:debugfs:s0 tclass=file
08-06 10:29:20.076   713   778 I am_destroy_activity: [0,308518124,4,com.youku.phone/com.youku.ui.activity.WebViewActivity,finish-imm]
08-06 10:29:27.228  2545  2545 I menu_opened: 0
08-06 10:29:27.399  2587  2587 I auditd  : type=1400 audit(0.0:456): avc: denied { read } for comm="OnLineMonitor" name="mem" dev="debugfs" ino=18221 scontext=u:r:untrusted_app:s0 tcontext=u:object_r:debugfs:s0 tclass=file
08-06 10:29:27.399  2587  2587 I auditd  : type=1400 audit(0.0:457): avc: denied { read } for comm="OnLineMonitor" name="mem" dev="debugfs" ino=18221 scontext=u:r:untrusted_app:s0 tcontext=u:object_r:debugfs:s0 tclass=file
08-06 10:29:32.359   713   825 I netstats_mobile_sample: [0,0,0,0,0,0,0,0,0,0,0,0,-1]
08-06 10:29:32.360   713   825 I netstats_wifi_sample: [316174463,224679,6944652,111036,316157756,224342,7168478,111138,316157756,224342,7147574,111034,-1]
08-06 10:29:34.869  2587  2587 I auditd  : type=1400 audit(0.0:458): avc: denied { read } for comm="OnLineMonitor" name="mem" dev="debugfs" ino=18221 scontext=u:r:untrusted_app:s0 tcontext=u:object_r:debugfs:s0 tclass=file
08-06 10:29:34.869  2587  2587 I auditd  : type=1400 audit(0.0:459): avc: denied { read } for comm="OnLineMonitor" name="mem" dev="debugfs" ino=18221 scontext=u:r:untrusted_app:s0 tcontext=u:object_r:debugfs:s0 tclass=file
08-06 10:29:39.752   713   713 I free_storage_changed: 12860162048
08-06 10:29:41.499  2587  2587 I auditd  : type=1400 audit(0.0:460): avc: denied { read } for comm="OnLineMonitor" name="mem" dev="debugfs" ino=18221 scontext=u:r:untrusted_app:s0 tcontext=u:object_r:debugfs:s0 tclass=file
08-06 10:29:41.519  2587  2587 I auditd  : type=1400 audit(0.0:461): avc: denied { read } for comm="OnLineMonitor" name="mem" dev="debugfs" ino=18221 scontext=u:r:untrusted_app:s0 tcontext=u:object_r:debugfs:s0 tclass=file
08-06 10:29:44.406   713   713 I notification_enqueue: [10013,24018,com.android.systemui,789,NULL,0,Notification(pri=0 contentView=null vibrate=null sound=null defaults=0x0 flags=0x20 color=0xff607d8b vis=PRIVATE publicVersion=Notification(pri=0 contentView=com.android.systemui/0x1090077 vibrate=null sound=null defaults=0x0 flags=0x0 color=0xff607d8b category=progress vis=PRIVATE)),0]
08-06 10:29:44.597   183   183 I sf_frame_dur: [ScreenshotAnimation,44,4,0,0,2,0,0]
08-06 10:29:46.433  2545  2545 I menu_opened: 0
08-06 10:29:48.796   713  2782 I notification_expansion: [0|com.android.systemui|789|null|10013,0,1]
08-06 10:29:48.839   713  1285 I notification_expansion: [-1|android|17040644|null|1000,0,0]
08-06 10:29:49.940   713   729 I am_home_stack_moved: [0,0,1,1,sourceStackToFront]
08-06 10:29:49.940   713   729 I wm_task_moved: [4,1,0]
08-06 10:29:49.954   713   729 I am_create_activity: [0,611082624,4,com.youku.phone/com.youku.ui.activity.WebViewActivity,NULL,NULL,NULL,0]
08-06 10:29:49.963   713   729 I am_pause_activity: [0,924714908,com.youku.phone/com.youku.ui.activity.DetailActivity]
08-06 10:29:49.974   713   729 I am_home_stack_moved: [0,0,1,1,startedActivity setFocusedActivity]
08-06 10:29:49.976   713   729 I am_focused_activity: [0,com.youku.phone/com.youku.ui.activity.WebViewActivity]
08-06 10:29:50.475   713   778 I am_restart_activity: [0,611082624,4,com.youku.phone/com.youku.ui.activity.WebViewActivity]
08-06 10:30:00.112   713   713 I notification_enqueue: [10013,24018,com.android.systemui,789,NULL,0,Notification(pri=0 contentView=null vibrate=null sound=null defaults=0x0 flags=0x10 color=0xff607d8b actions=1 vis=PRIVATE publicVersion=Notification(pri=0 contentView=com.android.systemui/0x1090077 vibrate=null sound=null defaults=0x0 flags=0x10 color=0xff607d8b category=progress vis=PRIVATE)),1]
08-06 10:30:00.240   713 29460 I notification_expansion: [0|com.android.systemui|789|null|10013,0,0]
08-06 10:30:00.485   713   729 I notification_expansion: [0|com.android.systemui|789|null|10013,0,1]
08-06 10:30:00.694  2545  2545 I am_on_paused_called: [0,com.youku.ui.activity.DetailActivity]
08-06 10:30:00.697   713  6134 I am_failed_to_pause: [0,924714908,com.youku.phone/com.youku.ui.activity.DetailActivity,(none)]
08-06 10:30:01.355  2545  2545 I am_on_resume_called: [0,com.youku.ui.activity.WebViewActivity]
08-06 10:30:01.634   713   825 I netstats_mobile_sample: [0,0,0,0,0,0,0,0,0,0,0,0,-1]
08-06 10:30:01.635   713   825 I netstats_wifi_sample: [325137665,230824,7068665,113973,325120908,230484,7295805,114077,325120908,230484,7274499,113971,-1]
08-06 10:30:02.004   183   183 I sf_frame_dur: [SurfaceView,0,2,4,17,4,7,1]
08-06 10:30:02.088   183   183 I sf_frame_dur: [com.youku.phone/com.youku.ui.activity.DetailActivity,25,34,23,5,5,1,7]
08-06 10:30:07.354   713   783 I am_activity_launch_time: [0,611082624,com.youku.phone/com.youku.ui.activity.WebViewActivity,16880,16880]
08-06 10:30:13.724   868   868 I sysui_panelholder_touch: [0,401,63]
08-06 10:30:13.804   713  6134 I notification_panel_revealed: []
08-06 10:30:13.874   713   729 I notification_visibility_changed: [0|com.android.systemui|789|null|10013;-1|android|17040644|null|1000;-1|android|17040636|null|1000,]
08-06 10:30:14.552   713 29460 I notification_visibility_changed: [,-1|android|17040636|null|1000]
08-06 10:30:15.158   713  1031 I notification_visibility_changed: [-1|android|17040636|null|1000,]
08-06 10:30:15.976   713  1031 I notification_clicked: -1|android|17040644|null|1000
08-06 10:30:15.977   713   713 I notification_cancel: [10013,868,android,17040644,NULL,-1,16,64,1,NULL]
08-06 10:30:15.997   713   729 I notification_visibility_changed: [,0|com.android.systemui|789|null|10013;-1|android|17040644|null|1000;-1|android|17040636|null|1000]
08-06 10:30:16.001   713   808 I notification_panel_hidden: []
08-06 10:30:20.511   713  6134 I am_home_stack_moved: [0,0,1,1,sourceStackToFront]
08-06 10:30:20.511   713  6134 I wm_task_moved: [4,1,0]
08-06 10:30:20.523   713  6134 I am_create_activity: [0,874260577,4,com.youku.phone/com.youku.ui.activity.DetailActivity,android.intent.action.VIEW,NULL,youku://play?source=mplaypage&cookieid=14918220015714hy&showid=7af9445a0fac11df97c0&activeby=2,0]
08-06 10:30:20.525   713  6134 I am_pause_activity: [0,611082624,com.youku.phone/com.youku.ui.activity.WebViewActivity]
08-06 10:30:20.531   713  6134 I am_home_stack_moved: [0,0,1,1,startedActivity setFocusedActivity]
08-06 10:30:20.538   713  6134 I am_focused_activity: [0,com.youku.phone/com.youku.ui.activity.DetailActivity]
08-06 10:30:20.692  2545  2545 I am_on_paused_called: [0,com.youku.ui.activity.WebViewActivity]
08-06 10:30:20.705   713 29460 I am_restart_activity: [0,874260577,4,com.youku.phone/com.youku.ui.activity.DetailActivity]
08-06 10:30:20.828   713   808 I am_finish_activity: [0,924714908,4,com.youku.phone/com.youku.ui.activity.DetailActivity,app-request]
