08-06 09:34:40.645  1154  1154 D DCT     : [0]isDataAllowed: not allowed due to - Attached= false - SIM not loaded
08-06 09:34:40.646  1154  1154 D DCT     : [ApnContext:dun] getApnSetting: apnSetting=null
08-06 09:34:40.646  1154  1154 D SubscriptionController: [getPhoneId]- invalid subId return=-1
08-06 09:34:40.648  1154  1154 D PhoneFactory: getPhone:- phoneId != DEFAULT_PHONE_ID return sProxyPhones[phoneId] phoneId=-1 phone=null
08-06 09:34:40.649   713  1233 D SubscriptionManager: [getPhoneId]- fail
08-06 09:34:40.652  1154  1154 D DCT     : [0]cleanUpConnection: X tearDown=false reason=radioTurnedOff apnContext={mApnType=dun mState=IDLE mWaitingApns={null} mWaitingApnsPermanentFailureCountDown=0 mApnSetting={null} mReason=radioTurnedOff mDataEnabled=false mDependencyMet=true} dcac=null
08-06 09:34:40.653  1154  1154 D DCT     : [0]cleanUpConnection: E tearDown=false reason=radioTurnedOff apnContext={mApnType=hipri mState=IDLE mWaitingApns={null} mWaitingApnsPermanentFailureCountDown=0 mApnSetting={null} mReason=radioTurnedOff mDataEnabled=false mDependencyMet=true}
08-06 09:34:40.653  1154  1154 D SubscriptionController: [getSubId]- mSlotIdToSubIdMap.size == 0, return DummySubIds slotIdx=0
08-06 09:34:40.653  1154  1154 D SubscriptionController: getDummySubIds: slotIdx=0 return 1 DummySubIds with each subId=-2
08-06 09:34:40.654  1154  1154 D DCT     : [0]isDataAllowed: not allowed due to - Attached= false - SIM not loaded
08-06 09:34:40.654  1154  1154 D DCT     : [ApnContext:hipri] getApnSetting: apnSetting=null
08-06 09:34:40.655  1154  1154 D SubscriptionController: [getPhoneId]- invalid subId return=-1
08-06 09:34:40.657  1154  1154 D PhoneFactory: getPhone:- phoneId != DEFAULT_PHONE_ID return sProxyPhones[phoneId] phoneId=-1 phone=null
08-06 09:34:40.658   713  1259 D SubscriptionManager: [getPhoneId]- fail
08-06 09:34:40.661  1154  1154 D DCT     : [0]cleanUpConnection: X tearDown=false reason=radioTurnedOff apnContext={mApnType=hipri mState=IDLE mWaitingApns={null} mWaitingApnsPermanentFailureCountDown=0 mApnSetting={null} mReason=radioTurnedOff mDataEnabled=false mDependencyMet=true} dcac=null
08-06 09:34:40.661  1154  1154 D DCT     : [0]cleanUpConnection: E tearDown=false reason=radioTurnedOff apnContext={mApnType=ims mState=IDLE mWaitingApns={null} mWaitingApnsPermanentFailureCountDown=0 mApnSetting={null} mReason=radioTurnedOff mDataEnabled=false mDependencyMet=true}
08-06 09:34:40.661  1154  1154 D SubscriptionController: [getSubId]- mSlotIdToSubIdMap.size == 0, return DummySubIds slotIdx=0
08-06 09:34:40.662  1154  1154 D SubscriptionController: getDummySubIds: slotIdx=0 return 1 DummySubIds with each subId=-2
08-06 09:34:40.663  1154  1154 D DCT     : [0]isDataAllowed: not allowed due to - Attached= false - SIM not loaded
08-06 09:34:40.663  1154  1154 D DCT     : [ApnContext:ims] getApnSetting: apnSetting=null
08-06 09:34:40.664  1154  1154 D SubscriptionController: [getPhoneId]- invalid subId return=-1
08-06 09:34:40.666  1154  1154 D PhoneFactory: getPhone:- phoneId != DEFAULT_PHONE_ID return sProxyPhones[phoneId] phoneId=-1 phone=null
08-06 09:34:40.667   713   729 D SubscriptionManager: [getPhoneId]- fail
08-06 09:34:40.670  1154  1154 D DCT     : [0]cleanUpConnection: X tearDown=false reason=radioTurnedOff apnContext={mApnType=ims mState=IDLE mWaitingApns={null} mWaitingApnsPermanentFailureCountDown=0 mApnSetting={null} mReason=radioTurnedOff mDataEnabled=false mDependencyMet=true} dcac=null
08-06 09:34:40.670  1154  1154 D DCT     : [0]stopNetStatPoll
08-06 09:34:40.670  1154  1154 D SubscriptionController: [getSubId]- mSlotIdToSubIdMap.size == 0, return DummySubIds slotIdx=0
08-06 09:34:40.670  1154  1154 D SubscriptionController: getDummySubIds: slotIdx=0 return 1 DummySubIds with each subId=-2
08-06 09:34:40.672   713  1285 D SubscriptionManager: [getPhoneId]- fail
08-06 09:34:40.672  1154  1154 D DCT     : [0]stopDataStallAlarm: current tag=26472 mDataStallAlarmIntent=null
08-06 09:34:40.673  1154  1154 D DCT     : [0]cleanUpConnection: mDisconnectPendingCount = 0
08-06 09:34:40.673  1154  1154 D SubscriptionController: [getSubId]- mSlotIdToSubIdMap.size == 0, return DummySubIds slotIdx=0
08-06 09:34:40.673  1154  1154 D SubscriptionController: getDummySubIds: slotIdx=0 return 1 DummySubIds with each subId=-2
08-06 09:34:40.675  1154  1154 D DCT     : [0]isDataAllowed: not allowed due to - Attached= false - SIM not loaded
08-06 09:34:40.676  1154  1154 D DCT     : [ApnContext:default] getApnSetting: apnSetting=null
08-06 09:34:40.676  1154  1154 D SubscriptionController: [getPhoneId]- invalid subId return=-1
08-06 09:34:40.678  1154  1154 D PhoneFactory: getPhone:- phoneId != DEFAULT_PHONE_ID return sProxyPhones[phoneId] phoneId=-1 phone=null
08-06 09:34:40.679   713  1031 D SubscriptionManager: [getPhoneId]- fail
08-06 09:34:40.681  1154  1154 D SubscriptionController: [getSubId]- mSlotIdToSubIdMap.size == 0, return DummySubIds slotIdx=0
08-06 09:34:40.681  1154  1154 D SubscriptionController: getDummySubIds: slotIdx=0 return 1 DummySubIds with each subId=-2
08-06 09:34:40.682  1154  1154 D DCT     : [0]isDataAllowed: not allowed due to - Attached= false - SIM not loaded
08-06 09:34:40.682  1154  1154 D DCT     : [ApnContext:mms] getApnSetting: apnSetting=null
08-06 09:34:40.683  1154  1154 D SubscriptionController: [getPhoneId]- invalid subId return=-1
08-06 09:34:40.685  1154  1154 D PhoneFactory: getPhone:- phoneId != DEFAULT_PHONE_ID return sProxyPhones[phoneId] phoneId=-1 phone=null
08-06 09:34:40.686   713  1224 D SubscriptionManager: [getPhoneId]- fail
08-06 09:34:40.689  1154  1154 D SubscriptionController: [getSubId]- mSlotIdToSubIdMap.size == 0, return DummySubIds slotIdx=0
08-06 09:34:40.689  1154  1154 D SubscriptionController: getDummySubIds: slotIdx=0 return 1 DummySubIds with each subId=-2
08-06 09:34:40.690  1154  1154 D DCT     : [0]isDataAllowed: not allowed due to - Attached= false - SIM not loaded
08-06 09:34:40.691  1154  1154 D DCT     : [ApnContext:cbs] getApnSetting: apnSetting=null
08-06 09:34:40.691  1154  1154 D SubscriptionController: [getPhoneId]- invalid subId return=-1
08-06 09:34:40.694  1154  1154 D PhoneFactory: getPhone:- phoneId != DEFAULT_PHONE_ID return sProxyPhones[phoneId] phoneId=-1 phone=null
08-06 09:34:40.694   713  1019 D SubscriptionManager: [getPhoneId]- fail
08-06 09:34:40.702   191   535 I RILQ    : (0/191):RIL[0][qmi_cb] qcril_qmi_nas_update_data_rte: completed, new drte 0 with confidence 4
08-06 09:34:40.704  1154  1154 D SubscriptionController: [getSubId]- mSlotIdToSubIdMap.size == 0, return DummySubIds slotIdx=0
08-06 09:34:40.704  1154  1154 D SubscriptionController: getDummySubIds: slotIdx=0 return 1 DummySubIds with each subId=-2
08-06 09:34:40.709   191   535 I RILC    : RIL_SOCKET_1 UNSOLICITED: UNSOL_RESPONSE_VOICE_NETWORK_STATE_CHANGED length:8
08-06 09:34:40.709   191   535 E RILC    : Send Response to RIL_SOCKET_1
08-06 09:34:40.709  1154  1154 D DCT     : [0]isDataAllowed: not allowed due to - Attached= false - SIM not loaded
08-06 09:34:40.709  1154  1299 D RILJ    : [UNSL]< UNSOL_RESPONSE_VOICE_NETWORK_STATE_CHANGED [SUB0]
08-06 09:34:40.709  1154  1154 D DCT     : [ApnContext:fota] getApnSetting: apnSetting=null
08-06 09:34:40.710  1154  1154 D SubscriptionController: [getPhoneId]- invalid subId return=-1
08-06 09:34:40.714  1154  1154 D PhoneFactory: getPhone:- phoneId != DEFAULT_PHONE_ID return sProxyPhones[phoneId] phoneId=-1 phone=null
08-06 09:34:40.714   713  1248 D SubscriptionManager: [getPhoneId]- fail
08-06 09:34:40.716  1154  1154 D SubscriptionController: [getSubId]- mSlotIdToSubIdMap.size == 0, return DummySubIds slotIdx=0
08-06 09:34:40.717  1154  1154 D SubscriptionController: getDummySubIds: slotIdx=0 return 1 DummySubIds with each subId=-2
08-06 09:34:40.718  1154  1154 D DCT     : [0]isDataAllowed: not allowed due to - Attached= false - SIM not loaded
08-06 09:34:40.718  1154  1154 D DCT     : [ApnContext:supl] getApnSetting: apnSetting=null
08-06 09:34:40.718  1154  1154 D SubscriptionController: [getPhoneId]- invalid subId return=-1
08-06 09:34:40.721  1154  1154 D PhoneFactory: getPhone:- phoneId != DEFAULT_PHONE_ID return sProxyPhones[phoneId] phoneId=-1 phone=null
08-06 09:34:40.722   713  1259 D SubscriptionManager: [getPhoneId]- fail
08-06 09:34:40.725  1154  1154 D SubscriptionController: [getSubId]- mSlotIdToSubIdMap.size == 0, return DummySubIds slotIdx=0
08-06 09:34:40.725  1154  1154 D SubscriptionController: getDummySubIds: slotIdx=0 return 1 DummySubIds with each subId=-2
08-06 09:34:40.726  1154  1154 D DCT     : [0]isDataAllowed: not allowed due to - Attached= false - SIM not loaded
08-06 09:34:40.726  1154  1154 D DCT     : [ApnContext:ia] getApnSetting: apnSetting=null
08-06 09:34:40.727  1154  1154 D SubscriptionController: [getPhoneId]- invalid subId return=-1
08-06 09:34:40.730  1154  1154 D PhoneFactory: getPhone:- phoneId != DEFAULT_PHONE_ID return sProxyPhones[phoneId] phoneId=-1 phone=null
08-06 09:34:40.730   713  1031 D SubscriptionManager: [getPhoneId]- fail
08-06 09:34:40.733  1154  1154 D SubscriptionController: [getSubId]- mSlotIdToSubIdMap.size == 0, return DummySubIds slotIdx=0
08-06 09:34:40.733  1154  1154 D SubscriptionController: getDummySubIds: slotIdx=0 return 1 DummySubIds with each subId=-2
08-06 09:34:40.734  1154  1154 D DCT     : [0]isDataAllowed: not allowed due to - Attached= false - SIM not loaded
08-06 09:34:40.734  1154  1154 D DCT     : [ApnContext:dun] getApnSetting: apnSetting=null
08-06 09:34:40.735  1154  1154 D SubscriptionController: [getPhoneId]- invalid subId return=-1
08-06 09:34:40.738  1154  1154 D PhoneFactory: getPhone:- phoneId != DEFAULT_PHONE_ID return sProxyPhones[phoneId] phoneId=-1 phone=null
08-06 09:34:40.738   713   729 D SubscriptionManager: [getPhoneId]- fail
08-06 09:34:40.741  1154  1154 D SubscriptionController: [getSubId]- mSlotIdToSubIdMap.size == 0, return DummySubIds slotIdx=0
08-06 09:34:40.742  1154  1154 D SubscriptionController: getDummySubIds: slotIdx=0 return 1 DummySubIds with each subId=-2
08-06 09:34:40.743  1154  1154 D DCT     : [0]isDataAllowed: not allowed due to - Attached= false - SIM not loaded
08-06 09:34:40.744  1154  1154 D DCT     : [ApnContext:hipri] getApnSetting: apnSetting=null
08-06 09:34:40.744  1154  1154 D SubscriptionController: [getPhoneId]- invalid subId return=-1
08-06 09:34:40.746  1154  1154 D PhoneFactory: getPhone:- phoneId != DEFAULT_PHONE_ID return sProxyPhones[phoneId] phoneId=-1 phone=null
08-06 09:34:40.747   713   730 D SubscriptionManager: [getPhoneId]- fail
08-06 09:34:40.749  1154  1154 D SubscriptionController: [getSubId]- mSlotIdToSubIdMap.size == 0, return DummySubIds slotIdx=0
08-06 09:34:40.750  1154  1154 D SubscriptionController: getDummySubIds: slotIdx=0 return 1 DummySubIds with each subId=-2
08-06 09:34:40.751  1154  1154 D DCT     : [0]isDataAllowed: not allowed due to - Attached= false - SIM not loaded
08-06 09:34:40.751  1154  1154 D DCT     : [ApnContext:ims] getApnSetting: apnSetting=null
08-06 09:34:40.751  1154  1154 D SubscriptionController: [getPhoneId]- invalid subId return=-1
08-06 09:34:40.753  1154  1154 D PhoneFactory: getPhone:- phoneId != DEFAULT_PHONE_ID return sProxyPhones[phoneId] phoneId=-1 phone=null
08-06 09:34:40.754   713  1285 D SubscriptionManager: [getPhoneId]- fail
08-06 09:34:40.757  1154  1154 D DCT     : [0]handleMessage msg={ when=-1s4ms what=270345 obj=android.os.AsyncResult@65e696c target=com.android.internal.telephony.dataconnection.DcTracker }
08-06 09:34:40.757  1154  1154 D DCT     : [0]onDataConnectionDetached: stop polling and notify detached
08-06 09:34:40.757  1154  1154 D DCT     : [0]stopNetStatPoll
08-06 09:34:40.758  1154  1154 D SubscriptionController: [getSubId]- mSlotIdToSubIdMap.size == 0, return DummySubIds slotIdx=0
08-06 09:34:40.758  1154  1154 D SubscriptionController: getDummySubIds: slotIdx=0 return 1 DummySubIds with each subId=-2
08-06 09:34:40.758   713   808 D SubscriptionManager: [getPhoneId]- fail
08-06 09:34:40.759  1154  1154 D DCT     : [0]stopDataStallAlarm: current tag=26473 mDataStallAlarmIntent=null
08-06 09:34:40.759  1154  1154 D DCT     : [0]notifyDataConnection: reason=dataDetached
08-06 09:34:40.759  1154  1154 D SubscriptionController: [getSubId]- mSlotIdToSubIdMap.size == 0, return DummySubIds slotIdx=0
08-06 09:34:40.759  1154  1154 D SubscriptionController: getDummySubIds: slotIdx=0 return 1 DummySubIds with each subId=-2
08-06 09:34:40.761  1154  1154 D DCT     : [0]isDataAllowed: not allowed due to - Attached= false - SIM not loaded
08-06 09:34:40.761  1154  1154 D DCT     : [ApnContext:default] getApnSetting: apnSetting=null
08-06 09:34:40.761  1154  1154 D SubscriptionController: [getPhoneId]- invalid subId return=-1
08-06 09:34:40.763  1154  1154 D PhoneFactory: getPhone:- phoneId != DEFAULT_PHONE_ID return sProxyPhones[phoneId] phoneId=-1 phone=null
08-06 09:34:40.764   713  1248 D SubscriptionManager: [getPhoneId]- fail
08-06 09:34:40.766  1154  1154 D SubscriptionController: [getSubId]- mSlotIdToSubIdMap.size == 0, return DummySubIds slotIdx=0
08-06 09:34:40.766  1154  1154 D SubscriptionController: getDummySubIds: slotIdx=0 return 1 DummySubIds with each subId=-2
08-06 09:34:40.767  1154  1154 D DCT     : [0]isDataAllowed: not allowed due to - Attached= false - SIM not loaded
08-06 09:34:40.768  1154  1154 D DCT     : [ApnContext:mms] getApnSetting: apnSetting=null
08-06 09:34:40.768  1154  1154 D SubscriptionController: [getPhoneId]- invalid subId return=-1
08-06 09:34:40.770  1154  1154 D PhoneFactory: getPhone:- phoneId != DEFAULT_PHONE_ID return sProxyPhones[phoneId] phoneId=-1 phone=null
08-06 09:34:40.771   713  1259 D SubscriptionManager: [getPhoneId]- fail
08-06 09:34:40.775  1154  1154 D SubscriptionController: [getSubId]- mSlotIdToSubIdMap.size == 0, return DummySubIds slotIdx=0
08-06 09:34:40.775  1154  1154 D SubscriptionController: getDummySubIds: slotIdx=0 return 1 DummySubIds with each subId=-2
08-06 09:34:40.776  1154  1154 D DCT     : [0]isDataAllowed: not allowed due to - Attached= false - SIM not loaded
08-06 09:34:40.776  1154  1154 D DCT     : [ApnContext:cbs] getApnSetting: apnSetting=null
08-06 09:34:40.776  1154  1154 D SubscriptionController: [getPhoneId]- invalid subId return=-1
08-06 09:34:40.779  1154  1154 D PhoneFactory: getPhone:- phoneId != DEFAULT_PHONE_ID return sProxyPhones[phoneId] phoneId=-1 phone=null
08-06 09:34:40.779   713  1224 D SubscriptionManager: [getPhoneId]- fail
08-06 09:34:40.781  1154  1154 D SubscriptionController: [getSubId]- mSlotIdToSubIdMap.size == 0, return DummySubIds slotIdx=0
08-06 09:34:40.781  1154  1154 D SubscriptionController: getDummySubIds: slotIdx=0 return 1 DummySubIds with each subId=-2
08-06 09:34:40.783  1154  1154 D DCT     : [0]isDataAllowed: not allowed due to - Attached= false - SIM not loaded
08-06 09:34:40.783  1154  1154 D DCT     : [ApnContext:fota] getApnSetting: apnSetting=null
08-06 09:34:40.783  1154  1154 D SubscriptionController: [getPhoneId]- invalid subId return=-1
08-06 09:34:40.786  1154  1154 D PhoneFactory: getPhone:- phoneId != DEFAULT_PHONE_ID return sProxyPhones[phoneId] phoneId=-1 phone=null
08-06 09:34:40.787   713  1233 D SubscriptionManager: [getPhoneId]- fail
08-06 09:34:40.790  1154  1154 D SubscriptionController: [getSubId]- mSlotIdToSubIdMap.size == 0, return DummySubIds slotIdx=0
08-06 09:34:40.790  1154  1154 D SubscriptionController: getDummySubIds: slotIdx=0 return 1 DummySubIds with each subId=-2
08-06 09:34:40.791  1154  1154 D DCT     : [0]isDataAllowed: not allowed due to - Attached= false - SIM not loaded
08-06 09:34:40.791  1154  1154 D DCT     : [ApnContext:supl] getApnSetting: apnSetting=null
08-06 09:34:40.792  1154  1154 D SubscriptionController: [getPhoneId]- invalid subId return=-1
08-06 09:34:40.794  1154  1154 D PhoneFactory: getPhone:- phoneId != DEFAULT_PHONE_ID return sProxyPhones[phoneId] phoneId=-1 phone=null
08-06 09:34:40.795   713  1285 D SubscriptionManager: [getPhoneId]- fail
08-06 09:34:40.797  1154  1154 D SubscriptionController: [getSubId]- mSlotIdToSubIdMap.size == 0, return DummySubIds slotIdx=0
08-06 09:34:40.797  1154  1154 D SubscriptionController: getDummySubIds: slotIdx=0 return 1 DummySubIds with each subId=-2
08-06 09:34:40.798  1154  1154 D DCT     : [0]isDataAllowed: not allowed due to - Attached= false - SIM not loaded
08-06 09:34:40.798  1154  1154 D DCT     : [ApnContext:ia] getApnSetting: apnSetting=null
08-06 09:34:40.798  1154  1154 D SubscriptionController: [getPhoneId]- invalid subId return=-1
08-06 09:34:40.801  1154  1154 D PhoneFactory: getPhone:- phoneId != DEFAULT_PHONE_ID return sProxyPhones[phoneId] phoneId=-1 phone=null
08-06 09:34:40.801   713   808 D SubscriptionManager: [getPhoneId]- fail
08-06 09:34:40.803  1154  1154 D SubscriptionController: [getSubId]- mSlotIdToSubIdMap.size == 0, return DummySubIds slotIdx=0
08-06 09:34:40.803  1154  1154 D SubscriptionController: getDummySubIds: slotIdx=0 return 1 DummySubIds with each subId=-2
08-06 09:34:40.804  1154  1154 D DCT     : [0]isDataAllowed: not allowed due to - Attached= false - SIM not loaded
08-06 09:34:40.805  1154  1154 D DCT     : [ApnContext:dun] getApnSetting: apnSetting=null
08-06 09:34:40.805  1154  1154 D SubscriptionController: [getPhoneId]- invalid subId return=-1
08-06 09:34:40.807  1154  1154 D PhoneFactory: getPhone:- phoneId != DEFAULT_PHONE_ID return sProxyPhones[phoneId] phoneId=-1 phone=null
08-06 09:34:40.808   713  1031 D SubscriptionManager: [getPhoneId]- fail
08-06 09:34:40.810  1154  1154 D SubscriptionController: [getSubId]- mSlotIdToSubIdMap.size == 0, return DummySubIds slotIdx=0
08-06 09:34:40.810  1154  1154 D SubscriptionController: getDummySubIds: slotIdx=0 return 1 DummySubIds with each subId=-2
08-06 09:34:40.811  1154  1154 D DCT     : [0]isDataAllowed: not allowed due to - Attached= false - SIM not loaded
08-06 09:34:40.811  1154  1154 D DCT     : [ApnContext:hipri] getApnSetting: apnSetting=null
08-06 09:34:40.811  1154  1154 D SubscriptionController: [getPhoneId]- invalid subId return=-1
08-06 09:34:40.814  1154  1154 D PhoneFactory: getPhone:- phoneId != DEFAULT_PHONE_ID return sProxyPhones[phoneId] phoneId=-1 phone=null
08-06 09:34:40.814   713  1259 D SubscriptionManager: [getPhoneId]- fail
08-06 09:34:40.817  1154  1154 D SubscriptionController: [getSubId]- mSlotIdToSubIdMap.size == 0, return DummySubIds slotIdx=0
08-06 09:34:40.817  1154  1154 D SubscriptionController: getDummySubIds: slotIdx=0 return 1 DummySubIds with each subId=-2
08-06 09:34:40.818  1154  1154 D DCT     : [0]isDataAllowed: not allowed due to - Attached= false - SIM not loaded
08-06 09:34:40.818  1154  1154 D DCT     : [ApnContext:ims] getApnSetting: apnSetting=null
08-06 09:34:40.819  1154  1154 D SubscriptionController: [getPhoneId]- invalid subId return=-1
08-06 09:34:40.821  1154  1154 D PhoneFactory: getPhone:- phoneId != DEFAULT_PHONE_ID return sProxyPhones[phoneId] phoneId=-1 phone=null
08-06 09:34:40.821   713  1019 D SubscriptionManager: [getPhoneId]- fail
08-06 09:34:40.824  1154  1154 D DCT     : [0]handleMessage msg={ when=-1s71ms what=270348 obj=android.os.AsyncResult@2fd9fb35 target=com.android.internal.telephony.dataconnection.DcTracker }
08-06 09:34:40.824  1154  1154 D DCT     : [0]onRoamingOff
08-06 09:34:40.825  1154  1154 D SubscriptionController: [getSubId]- mSlotIdToSubIdMap.size == 0, return DummySubIds slotIdx=0
08-06 09:34:40.825  1154  1154 D SubscriptionController: getDummySubIds: slotIdx=0 return 1 DummySubIds with each subId=-2
08-06 09:34:40.826  1154  1154 D DCT     : [0]getDataOnRoamingEnabled: phoneSubId=-2 isDataRoamingEnabled=true
08-06 09:34:40.826  1154  1154 D DCT     : [0]notifyDataConnection: reason=roamingOff
08-06 09:34:40.827  1154  1154 D SubscriptionController: [getSubId]- mSlotIdToSubIdMap.size == 0, return DummySubIds slotIdx=0
08-06 09:34:40.827  1154  1154 D SubscriptionController: getDummySubIds: slotIdx=0 return 1 DummySubIds with each subId=-2
08-06 09:34:40.828  1154  1154 D DCT     : [0]isDataAllowed: not allowed due to - Attached= false - SIM not loaded
08-06 09:34:40.828  1154  1154 D DCT     : [ApnContext:default] getApnSetting: apnSetting=null
08-06 09:34:40.828  1154  1154 D SubscriptionController: [getPhoneId]- invalid subId return=-1
08-06 09:34:40.831  1154  1154 D PhoneFactory: getPhone:- phoneId != DEFAULT_PHONE_ID return sProxyPhones[phoneId] phoneId=-1 phone=null
08-06 09:34:40.831   713  1285 D SubscriptionManager: [getPhoneId]- fail
08-06 09:34:40.835  1154  1154 D SubscriptionController: [getSubId]- mSlotIdToSubIdMap.size == 0, return DummySubIds slotIdx=0
08-06 09:34:40.835  1154  1154 D SubscriptionController: getDummySubIds: slotIdx=0 return 1 DummySubIds with each subId=-2
08-06 09:34:40.836  1154  1154 D DCT     : [0]isDataAllowed: not allowed due to - Attached= false - SIM not loaded
08-06 09:34:40.836  1154  1154 D DCT     : [ApnContext:mms] getApnSetting: apnSetting=null
08-06 09:34:40.836  1154  1154 D SubscriptionController: [getPhoneId]- invalid subId return=-1
08-06 09:34:40.838  1154  1154 D PhoneFactory: getPhone:- phoneId != DEFAULT_PHONE_ID return sProxyPhones[phoneId] phoneId=-1 phone=null
08-06 09:34:40.839   713   808 D SubscriptionManager: [getPhoneId]- fail
08-06 09:34:40.841  1154  1154 D SubscriptionController: [getSubId]- mSlotIdToSubIdMap.size == 0, return DummySubIds slotIdx=0
08-06 09:34:40.841  1154  1154 D SubscriptionController: getDummySubIds: slotIdx=0 return 1 DummySubIds with each subId=-2
08-06 09:34:40.842  1154  1154 D DCT     : [0]isDataAllowed: not allowed due to - Attached= false - SIM not loaded
08-06 09:34:40.843  1154  1154 D DCT     : [ApnContext:cbs] getApnSetting: apnSetting=null
08-06 09:34:40.843  1154  1154 D SubscriptionController: [getPhoneId]- invalid subId return=-1
08-06 09:34:40.845  1154  1154 D PhoneFactory: getPhone:- phoneId != DEFAULT_PHONE_ID return sProxyPhones[phoneId] phoneId=-1 phone=null
08-06 09:34:40.846   713  1259 D SubscriptionManager: [getPhoneId]- fail
08-06 09:34:40.848  1154  1154 D SubscriptionController: [getSubId]- mSlotIdToSubIdMap.size == 0, return DummySubIds slotIdx=0
08-06 09:34:40.848  1154  1154 D SubscriptionController: getDummySubIds: slotIdx=0 return 1 DummySubIds with each subId=-2
08-06 09:34:40.849  1154  1154 D DCT     : [0]isDataAllowed: not allowed due to - Attached= false - SIM not loaded
08-06 09:34:40.849  1154  1154 D DCT     : [ApnContext:fota] getApnSetting: apnSetting=null
08-06 09:34:40.849  1154  1154 D SubscriptionController: [getPhoneId]- invalid subId return=-1
08-06 09:34:40.852  1154  1154 D PhoneFactory: getPhone:- phoneId != DEFAULT_PHONE_ID return sProxyPhones[phoneId] phoneId=-1 phone=null
08-06 09:34:40.852   713  1233 D SubscriptionManager: [getPhoneId]- fail
08-06 09:34:40.854  1154  1154 D SubscriptionController: [getSubId]- mSlotIdToSubIdMap.size == 0, return DummySubIds slotIdx=0
08-06 09:34:40.854  1154  1154 D SubscriptionController: getDummySubIds: slotIdx=0 return 1 DummySubIds with each subId=-2
08-06 09:34:40.855  1154  1154 D DCT     : [0]isDataAllowed: not allowed due to - Attached= false - SIM not loaded
08-06 09:34:40.856  1154  1154 D DCT     : [ApnContext:supl] getApnSetting: apnSetting=null
08-06 09:34:40.856  1154  1154 D SubscriptionController: [getPhoneId]- invalid subId return=-1
08-06 09:34:40.858  1154  1154 D PhoneFactory: getPhone:- phoneId != DEFAULT_PHONE_ID return sProxyPhones[phoneId] phoneId=-1 phone=null
08-06 09:34:40.859   713   729 D SubscriptionManager: [getPhoneId]- fail
08-06 09:34:40.871  1154  1154 D SubscriptionController: [getSubId]- mSlotIdToSubIdMap.size == 0, return DummySubIds slotIdx=0
08-06 09:34:40.872  1154  1154 D SubscriptionController: getDummySubIds: slotIdx=0 return 1 DummySubIds with each subId=-2
08-06 09:34:40.877  1154  1154 D DCT     : [0]isDataAllowed: not allowed due to - Attached= false - SIM not loaded
08-06 09:34:40.878  1154  1154 D DCT     : [ApnContext:ia] getApnSetting: apnSetting=null
08-06 09:34:40.879  1154  1154 D SubscriptionController: [getPhoneId]- invalid subId return=-1
08-06 09:34:40.881  1154  1154 D PhoneFactory: getPhone:- phoneId != DEFAULT_PHONE_ID return sProxyPhones[phoneId] phoneId=-1 phone=null
08-06 09:34:40.881   713  1224 D SubscriptionManager: [getPhoneId]- fail
08-06 09:34:40.884  1154  1154 D SubscriptionController: [getSubId]- mSlotIdToSubIdMap.size == 0, return DummySubIds slotIdx=0
08-06 09:34:40.884  1154  1154 D SubscriptionController: getDummySubIds: slotIdx=0 return 1 DummySubIds with each subId=-2
08-06 09:34:40.885  1154  1154 D DCT     : [0]isDataAllowed: not allowed due to - Attached= false - SIM not loaded
08-06 09:34:40.886  1154  1154 D DCT     : [ApnContext:dun] getApnSetting: apnSetting=null
08-06 09:34:40.886  1154  1154 D SubscriptionController: [getPhoneId]- invalid subId return=-1
08-06 09:34:40.888  1154  1154 D PhoneFactory: getPhone:- phoneId != DEFAULT_PHONE_ID return sProxyPhones[phoneId] phoneId=-1 phone=null
08-06 09:34:40.889   713   729 D SubscriptionManager: [getPhoneId]- fail
08-06 09:34:40.891  1154  1154 D SubscriptionController: [getSubId]- mSlotIdToSubIdMap.size == 0, return DummySubIds slotIdx=0
08-06 09:34:40.891  1154  1154 D SubscriptionController: getDummySubIds: slotIdx=0 return 1 DummySubIds with each subId=-2
08-06 09:34:40.893  1154  1154 D DCT     : [0]isDataAllowed: not allowed due to - Attached= false - SIM not loaded
08-06 09:34:40.893  1154  1154 D DCT     : [ApnContext:hipri] getApnSetting: apnSetting=null
08-06 09:34:40.894  1154  1154 D SubscriptionController: [getPhoneId]- invalid subId return=-1
08-06 09:34:40.896  1154  1154 D PhoneFactory: getPhone:- phoneId != DEFAULT_PHONE_ID return sProxyPhones[phoneId] phoneId=-1 phone=null
08-06 09:34:40.897   713  1259 D SubscriptionManager: [getPhoneId]- fail
08-06 09:34:40.899  1154  1154 D SubscriptionController: [getSubId]- mSlotIdToSubIdMap.size == 0, return DummySubIds slotIdx=0
08-06 09:34:40.900  1154  1154 D SubscriptionController: getDummySubIds: slotIdx=0 return 1 DummySubIds with each subId=-2
08-06 09:34:40.901  1154  1154 D DCT     : [0]isDataAllowed: not allowed due to - Attached= false - SIM not loaded
08-06 09:34:40.901  1154  1154 D DCT     : [ApnContext:ims] getApnSetting: apnSetting=null
08-06 09:34:40.901  1154  1154 D SubscriptionController: [getPhoneId]- invalid subId return=-1
08-06 09:34:40.903  1154  1154 D PhoneFactory: getPhone:- phoneId != DEFAULT_PHONE_ID return sProxyPhones[phoneId] phoneId=-1 phone=null
08-06 09:34:40.904   713  1224 D SubscriptionManager: [getPhoneId]- fail
08-06 09:34:40.908  1154  1154 D DCT     : [0]handleMessage msg={ when=-1s153ms what=270377 obj=android.os.AsyncResult@a584bca target=com.android.internal.telephony.dataconnection.DcTracker }
08-06 09:34:40.908  1154  1154 D DCT     : [0]setupDataOnConnectableApns: nwTypeChanged
08-06 09:34:40.909  1154  1154 D DCT     : [0]setupDataOnConnectableApns: apnContext {mApnType=hipri mState=IDLE mWaitingApns={null} mWaitingApnsPermanentFailureCountDown=0 mApnSetting={null} mReason=radioTurnedOff mDataEnabled=false mDependencyMet=true}
08-06 09:34:40.909  1154  1154 D DCT     : [0]setupDataOnConnectableApns: apnContext {mApnType=mms mState=IDLE mWaitingApns={null} mWaitingApnsPermanentFailureCountDown=0 mApnSetting={null} mReason=radioTurnedOff mDataEnabled=false mDependencyMet=true}
08-06 09:34:40.910  1154  1154 D DCT     : [0]setupDataOnConnectableApns: apnContext {mApnType=supl mState=IDLE mWaitingApns={null} mWaitingApnsPermanentFailureCountDown=0 mApnSetting={null} mReason=radioTurnedOff mDataEnabled=false mDependencyMet=true}
08-06 09:34:40.910  1154  1154 D DCT     : [0]setupDataOnConnectableApns: apnContext {mApnType=cbs mState=IDLE mWaitingApns={null} mWaitingApnsPermanentFailureCountDown=0 mApnSetting={null} mReason=radioTurnedOff mDataEnabled=false mDependencyMet=true}
08-06 09:34:40.910  1154  1154 D DCT     : [0]setupDataOnConnectableApns: apnContext {mApnType=dun mState=IDLE mWaitingApns={null} mWaitingApnsPermanentFailureCountDown=0 mApnSetting={null} mReason=radioTurnedOff mDataEnabled=false mDependencyMet=true}
08-06 09:34:40.911  1154  1154 D DCT     : [0]setupDataOnConnectableApns: apnContext {mApnType=fota mState=IDLE mWaitingApns={null} mWaitingApnsPermanentFailureCountDown=0 mApnSetting={null} mReason=radioTurnedOff mDataEnabled=false mDependencyMet=true}
08-06 09:34:40.911  1154  1154 D DCT     : [0]setupDataOnConnectableApns: apnContext {mApnType=ims mState=IDLE mWaitingApns={null} mWaitingApnsPermanentFailureCountDown=0 mApnSetting={null} mReason=radioTurnedOff mDataEnabled=false mDependencyMet=true}
08-06 09:34:40.912  1154  1154 D DCT     : [0]setupDataOnConnectableApns: apnContext {mApnType=default mState=IDLE mWaitingApns={null} mWaitingApnsPermanentFailureCountDown=0 mApnSetting={null} mReason=radioTurnedOff mDataEnabled=false mDependencyMet=true}
08-06 09:34:40.912  1154  1154 D DCT     : [0]setupDataOnConnectableApns: apnContext {mApnType=ia mState=IDLE mWaitingApns={null} mWaitingApnsPermanentFailureCountDown=0 mApnSetting={null} mReason=radioTurnedOff mDataEnabled=false mDependencyMet=true}
08-06 09:34:40.913  1154  1154 D DCT     : [0]onReceive: action=android.net.wifi.STATE_CHANGE
08-06 09:34:40.914  1154  1154 D DCT     : [0]NETWORK_STATE_CHANGED_ACTION: mIsWifiConnected=false
08-06 09:34:40.914  1154  1154 D RILJ    : [3657]> BASEBAND_VERSION [SUB0]
08-06 09:34:40.918  1154  1154 D RILJ    : [3658]> GET_IMEI [SUB0]
08-06 09:34:40.919  1154  1154 D RILJ    : [3659]> GET_IMEISV [SUB0]
08-06 09:34:40.921  1154  1154 D RILJ    : [3660]> RIL_REQUEST_GET_RADIO_CAPABILITY [SUB0]
08-06 09:34:40.923   191  1415 D RILC    : RequestComplete, RIL_SOCKET_1
08-06 09:34:40.923   191  1415 E RILC    : Send Response to RIL_SOCKET_1
08-06 09:34:40.923  1154  1299 D RILJ    : [3657]< BASEBAND_VERSION M8974A-2.0.50.2.26 [SUB0]
08-06 09:34:40.923  1154  1154 D SubscriptionController: [getSubId]- mSlotIdToSubIdMap.size == 0, return DummySubIds slotIdx=0
08-06 09:34:40.924  1154  1154 D SubscriptionController: getDummySubIds: slotIdx=0 return 1 DummySubIds with each subId=-2
08-06 09:34:40.924  1154  1154 D GsmSMSDispatcher: GsmSMSDispatcher: subId = -2 slotId = 0
08-06 09:34:40.924  1154  1154 E IccCardProxy: setExternalState: !override and newstate unchanged from NOT_READY
08-06 09:34:40.924  1154  1154 E IccCardProxy: setExternalState: !override and newstate unchanged from NOT_READY
08-06 09:34:40.924  1154  1154 D DctController: EVENT_PHONE1_DATA_DETACH.
08-06 09:34:40.925  1154  1154 D DcSwitchAsyncChannel: [DcSwitchAsyncChannel-0]: EVENT_DATA_DETACHED
08-06 09:34:40.926  1154  1154 D SubscriptionController: [getSubId]- mSlotIdToSubIdMap.size == 0, return DummySubIds slotIdx=0
08-06 09:34:40.926  1154  1154 D SubscriptionController: getDummySubIds: slotIdx=0 return 1 DummySubIds with each subId=-2
08-06 09:34:40.926  1154  1154 D DctController: [TNF -2]got request NetworkRequest [ id=1, legacyType=-1, [ Capabilities: INTERNET&NOT_RESTRICTED&TRUSTED&NOT_VPN] ] with score 0
08-06 09:34:40.927  1154  1154 D SubscriptionController: [getSubId]- mSlotIdToSubIdMap.size == 0, return DummySubIds slotIdx=0
08-06 09:34:40.927   191  1417 D RILC    : RequestComplete, RIL_SOCKET_1
08-06 09:34:40.927   191  1417 E RILC    : Send Response to RIL_SOCKET_1
08-06 09:34:40.927  1154  1154 D SubscriptionController: getDummySubIds: slotIdx=0 return 1 DummySubIds with each subId=-2
08-06 09:34:40.927  1154  1154 D DctController: [TNF -2]Cellular needs Network for NetworkRequest [ id=1, legacyType=-1, [ Capabilities: INTERNET&NOT_RESTRICTED&TRUSTED&NOT_VPN] ]
08-06 09:34:40.927  1154  1154 D SubscriptionController: [getSubId]- mSlotIdToSubIdMap.size == 0, return DummySubIds slotIdx=0
08-06 09:34:40.927  1154  1299 D RILJ    : [3659]< GET_IMEISV  [SUB0]
08-06 09:34:40.928  1154  1154 D SubscriptionController: getDummySubIds: slotIdx=0 return 1 DummySubIds with each subId=-2
08-06 09:34:40.928  1154  1154 D SubscriptionController: [getSubId]- mSlotIdToSubIdMap.size == 0, return DummySubIds slotIdx=0
08-06 09:34:40.928  1154  1154 D SubscriptionController: getDummySubIds: slotIdx=0 return 1 DummySubIds with each subId=-2
08-06 09:34:40.928  1154  1154 D DctController: [TNF -2]Sub Info has not been ready, pending request.
08-06 09:34:40.928  1154  1154 D SubscriptionInfoUpdater: [Receiver]+
08-06 09:34:40.928  1154  1154 D SubscriptionInfoUpdater: Action: android.intent.action.SIM_STATE_CHANGED
08-06 09:34:40.929  1154  1154 D SubscriptionInfoUpdater: slotId: 0
08-06 09:34:40.929  1154  1154 D SubscriptionInfoUpdater: simStatus: NOT_READY
08-06 09:34:40.929  1154  1154 D SubscriptionInfoUpdater: Ignoring simStatus: NOT_READY
08-06 09:34:40.929  1154  1154 D SubscriptionInfoUpdater: [Receiver]-
08-06 09:34:40.929  1154  1154 D DebugService: DebugService DebugService:
08-06 09:34:40.930  1154  1348 D DcSwitchSM: [DcSwitchStateMachine-0] DefaultState: shouldn't happen but ignore msg.what=0x4400b
08-06 09:34:40.931   191   292 D RILC    : RequestComplete, RIL_SOCKET_1
08-06 09:34:40.931   191   292 E RILC    : Send Response to RIL_SOCKET_1
08-06 09:34:40.931  1154  1299 D RilRequest: [3660]< RIL_REQUEST_GET_RADIO_CAPABILITY error: com.android.internal.telephony.CommandException: GENERIC_FAILURE ret=
08-06 09:34:40.932   191  1416 D RILC    : RequestComplete, RIL_SOCKET_1
08-06 09:34:40.932   191  1416 E RILC    : Send Response to RIL_SOCKET_1
08-06 09:34:40.932  1154  1299 D RILJ    : [3658]< GET_IMEI  [SUB0]
08-06 09:34:40.935  1154  1154 D SipService: SipService: started!
08-06 09:34:40.952  1154  1154 D SipService: start:
08-06 09:34:40.953  1154  1154 V WAP PUSH: wappush manager connected to 578949347
08-06 09:34:40.953  1154  1154 V WAP PUSH: wappush manager connected to 880221102
08-06 09:34:40.954  1154  1154 D RILJ    : [3661]> RIL_REQUEST_QUERY_TTY_MODE [SUB0]
08-06 09:34:40.960  1154  1154 D DCT     : [0]handleMessage msg={ when=-568ms what=270369 obj=android.os.AsyncResult@10bc15b1 target=com.android.internal.telephony.dataconnection.DcTracker }
08-06 09:34:40.960  1154  1154 D SubscriptionController: [getSubId]- mSlotIdToSubIdMap.size == 0, return DummySubIds slotIdx=0
08-06 09:34:40.961  1154  1154 D SubscriptionController: getDummySubIds: slotIdx=0 return 1 DummySubIds with each subId=-2
08-06 09:34:40.961  1154  1154 D GsmSMSDispatcher: GsmSMSDispatcher: subId = -2 slotId = 0
08-06 09:34:40.962  1154  1154 E IccCardProxy: setExternalState: !override and newstate unchanged from NOT_READY
08-06 09:34:40.962  1154  1154 D GsmSST  : [GsmSST] mDeviceShuttingDown = false
08-06 09:34:40.962  1154  1154 D GsmSST  : [GsmSST] mDesiredPowerState = true
08-06 09:34:40.962  1154  1154 D GsmSST  : [GsmSST] getRadioState = RADIO_ON
08-06 09:34:40.963  1154  1154 D GsmSST  : [GsmSST] mPowerOffDelayNeed = true
08-06 09:34:40.963  1154  1154 D GsmSST  : [GsmSST] mAlarmSwitch = false
08-06 09:34:40.963  1154  1154 D RILJ    : [3662]> OPERATOR [SUB0]
08-06 09:34:40.965  1154  1154 D RILJ    : [3663]> DATA_REGISTRATION_STATE [SUB0]
08-06 09:34:40.965   191  1422 D RILC    : RequestComplete, RIL_SOCKET_1
08-06 09:34:40.965   191  1422 E RILC    : Send Response to RIL_SOCKET_1
08-06 09:34:40.966  1154  1299 D RILJ    : [3662]< OPERATOR {null, null, null} [SUB0]
08-06 09:34:40.966   191  1421 D RILC    : RequestComplete, RIL_SOCKET_1
08-06 09:34:40.966   191  1421 E RILC    : Send Response to RIL_SOCKET_1
08-06 09:34:40.967  1154  1299 D RILJ    : [3661]< RIL_REQUEST_QUERY_TTY_MODE {0} [SUB0]
08-06 09:34:40.968  1154  1154 D RILJ    : [3664]> VOICE_REGISTRATION_STATE [SUB0]
08-06 09:34:40.969  1154  1154 D RILJ    : [3665]> QUERY_NETWORK_SELECTION_MODE [SUB0]
08-06 09:34:40.971  1154  1154 D UiccController: Received EVENT_ICC_STATUS_CHANGED, calling getIccCardStatus
08-06 09:34:40.971  1154  1154 D RILJ    : [3666]> GET_SIM_STATUS [SUB0]
08-06 09:34:40.972   191  1425 D RILC    : RequestComplete, RIL_SOCKET_1
08-06 09:34:40.972   191  1425 E RILC    : Send Response to RIL_SOCKET_1
08-06 09:34:40.973  1154  1299 D RILJ    : [3665]< QUERY_NETWORK_SELECTION_MODE {0} [SUB0]
08-06 09:34:40.974  1154  1154 D RILJ    : [3667]> GET_CURRENT_CALLS [SUB0]
08-06 09:34:40.975   191  1424 I RILQ    : (0/191):RIL[0][cmd-20(88)] qcril_qmi_nas_update_data_rte: completed, new drte 0 with confidence 4
08-06 09:34:40.976   191  1424 D RILC    : RequestComplete, RIL_SOCKET_1
08-06 09:34:40.976   191  1424 E RILC    : Send Response to RIL_SOCKET_1
08-06 09:34:40.977  1154  1154 D RILJ    : [3668]> RIL_REQUEST_VOICE_RADIO_TECH [SUB0]
08-06 09:34:40.977  1154  1299 D RILJ    : [3664]< VOICE_REGISTRATION_STATE {2, null, null, 0, null, null, null, 0, null, null, null, null, null, 0, null} [SUB0]
08-06 09:34:40.977   191  1423 D RILC    : RequestComplete, RIL_SOCKET_1
08-06 09:34:40.977   191  1423 E RILC    : Send Response to RIL_SOCKET_1
08-06 09:34:40.979  1154  1154 D RILJ    : [3669]> RIL_REQUEST_IMS_REGISTRATION_STATE [SUB0]
08-06 09:34:40.979  1154  1299 D RILJ    : [3663]< DATA_REGISTRATION_STATE {0, null, null, null, 0, 20, null, 446, 2929439, null, null} [SUB0]
08-06 09:34:40.980   191   292 D RILC    : RequestComplete, RIL_SOCKET_1
08-06 09:34:40.980   191   292 E RILC    : Send Response to RIL_SOCKET_1
08-06 09:34:40.981  1154  1154 D RILJ    : [3670]> RIL_REQUEST_CDMA_GET_SUBSCRIPTION_SOURCE [SUB0]
08-06 09:34:40.981   191   292 I RILQ    : (0/191):RIL[0][main] qcril_qmi_get_call_list_to_send: RILVI: calls rep: reported/skipped 0/0 calls
08-06 09:34:40.981   191   292 D RILC    : RequestComplete, RIL_SOCKET_1
08-06 09:34:40.981   191   292 E RILC    : Send Response to RIL_SOCKET_1
08-06 09:34:40.982  1154  1154 D RILJ    : [3671]> OPERATOR [SUB0]
08-06 09:34:40.983  1154  1299 D RILJ    : [3666]< GET_SIM_STATUS IccCardState {CARDSTATE_PRESENT,PINSTATE_ENABLED_NOT_VERIFIED,num_apps=1,gsm_id=0{APPTYPE_USIM,APPSTATE_READY,pin1=PINSTATE_DISABLED,pin2=PINSTATE_ENABLED_NOT_VERIFIED},cdma_id=-1,ims_id=-1} [SUB0]
08-06 09:34:40.985  1154  1154 D RILJ    : [3672]> DATA_REGISTRATION_STATE [SUB0]
08-06 09:34:40.985  1154  1299 D RILJ    : [3667]< GET_CURRENT_CALLS   [SUB0]
08-06 09:34:40.986   191  1429 D RILC    : RequestComplete, RIL_SOCKET_1
08-06 09:34:40.986   191  1429 E RILC    : Send Response to RIL_SOCKET_1
08-06 09:34:40.987  1154  1154 D RILJ    : [3673]> VOICE_REGISTRATION_STATE [SUB0]
08-06 09:34:40.987  1154  1299 D RILJ    : [3671]< OPERATOR {null, null, null} [SUB0]
08-06 09:34:40.988   191  1426 D RILC    : RequestComplete, RIL_SOCKET_1
08-06 09:34:40.988   191  1426 E RILC    : Send Response to RIL_SOCKET_1
08-06 09:34:40.989  1154  1299 D RILJ    : [3668]< RIL_REQUEST_VOICE_RADIO_TECH {3} [SUB0]
08-06 09:34:40.989  1154  1154 D RILJ    : [3674]> QUERY_NETWORK_SELECTION_MODE [SUB0]
08-06 09:34:40.991  1154  1154 D SubscriptionController: [getSubId]- mSlotIdToSubIdMap.size == 0, return DummySubIds slotIdx=0
08-06 09:34:40.991   191   535 D RILC    : RequestComplete, RIL_SOCKET_1
08-06 09:34:40.991   191   535 E RILC    : Send Response to RIL_SOCKET_1
08-06 09:34:40.991  1154  1154 D SubscriptionController: getDummySubIds: slotIdx=0 return 1 DummySubIds with each subId=-2
08-06 09:34:40.992  1154  1299 D RilRequest: [3669]< RIL_REQUEST_IMS_REGISTRATION_STATE error: com.android.internal.telephony.CommandException: GENERIC_FAILURE ret=
08-06 09:34:40.992   191  1430 D RILC    : RequestComplete, RIL_SOCKET_1
08-06 09:34:40.992  1154  1154 D DefaultPhoneNotifier: notifySignalStrength: mRegistry=com.android.internal.telephony.ITelephonyRegistry$Stub$Proxy@2c692072 ss=SignalStrength: 99 0 -120 -160 -120 -1 -1 99 2147483647 2147483647 2147483647 2147483647 gsm|lte sender=Handler (com.android.internal.telephony.gsm.GSMPhone) {1991a41}
08-06 09:34:40.993   191  1430 E RILC    : Send Response to RIL_SOCKET_1
08-06 09:34:40.993   713  1224 D SubscriptionManager: [getPhoneId]- fail
08-06 09:34:40.993   713  1224 D TelephonyRegistry: notifySignalStrengthForSubscriber: invalid phoneId=-1
08-06 09:34:40.993  1154  1299 D RILJ    : [3672]< DATA_REGISTRATION_STATE {0, null, null, null, 0, 20, null, 446, 2929439, null, null} [SUB0]
08-06 09:34:40.994   191  1431 I RILQ    : (0/191):RIL[0][cmd-20(8)] qcril_qmi_nas_update_data_rte: completed, new drte 0 with confidence 4
08-06 09:34:40.995   191  1431 D RILC    : RequestComplete, RIL_SOCKET_1
08-06 09:34:40.995   191  1431 E RILC    : Send Response to RIL_SOCKET_1
08-06 09:34:40.996  1154  1154 D GsmSST  : [GsmSST] SubscriptionListener.onSubscriptionInfoChanged
08-06 09:34:40.996  1154  1154 D SubscriptionController: [getSubId]- mSlotIdToSubIdMap.size == 0, return DummySubIds slotIdx=0
08-06 09:34:40.996   191  1428 D RILC    : RequestComplete, RIL_SOCKET_1
08-06 09:34:40.996   191  1428 E RILC    : Send Response to RIL_SOCKET_1
08-06 09:34:40.996  1154  1154 D SubscriptionController: getDummySubIds: slotIdx=0 return 1 DummySubIds with each subId=-2
08-06 09:34:40.996  1154  1154 D DCT     : [0]SubscriptionListener.onSubscriptionInfoChanged
08-06 09:34:40.996  1154  1299 D RILJ    : [3673]< VOICE_REGISTRATION_STATE {2, null, null, 0, null, null, null, 0, null, null, null, null, null, 0, null} [SUB0]
08-06 09:34:40.997  1154  1154 D SubscriptionController: [getSubId]- mSlotIdToSubIdMap.size == 0, return DummySubIds slotIdx=0
08-06 09:34:40.997  1154  1154 D SubscriptionController: getDummySubIds: slotIdx=0 return 1 DummySubIds with each subId=-2
08-06 09:34:40.997  1154  1154 D DctController: onSubInfoReady mPhoneNum=1
08-06 09:34:40.997  1154  1299 D RilRequest: [3670]< RIL_REQUEST_CDMA_GET_SUBSCRIPTION_SOURCE error: com.android.internal.telephony.CommandException: GENERIC_FAILURE ret=
08-06 09:34:40.997  1154  1154 D SubscriptionController: [getSubId]- mSlotIdToSubIdMap.size == 0, return DummySubIds slotIdx=0
08-06 09:34:40.997  1154  1154 D SubscriptionController: getDummySubIds: slotIdx=0 return 1 DummySubIds with each subId=-2
08-06 09:34:40.997  1154  1154 D DctController: onSubInfoReady handle pending requests subId=-2
08-06 09:34:40.998  1154  1154 D SubscriptionController: [getSubId]- mSlotIdToSubIdMap.size == 0, return DummySubIds slotIdx=0
08-06 09:34:40.998  1154  1154 D SubscriptionController: getDummySubIds: slotIdx=0 return 1 DummySubIds with each subId=-2
08-06 09:34:40.998  1154  1154 D DctController: [TNF -2]evalPendingRequest, pending request size is 1
08-06 09:34:40.999  1154  1154 D SubscriptionController: [getSubId]- mSlotIdToSubIdMap.size == 0, return DummySubIds slotIdx=0
08-06 09:34:40.999   191  1432 D RILC    : RequestComplete, RIL_SOCKET_1
08-06 09:34:40.999   191  1432 E RILC    : Send Response to RIL_SOCKET_1
08-06 09:34:40.999  1154  1154 D SubscriptionController: getDummySubIds: slotIdx=0 return 1 DummySubIds with each subId=-2
08-06 09:34:40.999  1154  1154 D DctController: [TNF -2]evalPendingRequest: request = NetworkRequest [ id=1, legacyType=-1, [ Capabilities: INTERNET&NOT_RESTRICTED&TRUSTED&NOT_VPN] ]
08-06 09:34:40.999  1154  1299 D RILJ    : [3674]< QUERY_NETWORK_SELECTION_MODE {0} [SUB0]
08-06 09:34:41.001  1154  1154 D SubscriptionController: [getSubId]- mSlotIdToSubIdMap.size == 0, return DummySubIds slotIdx=0
08-06 09:34:41.002  1154  1154 D SubscriptionController: getDummySubIds: slotIdx=0 return 1 DummySubIds with each subId=-2
08-06 09:34:41.002  1154  1154 D DctController: [TNF -2]Cellular needs Network for NetworkRequest [ id=1, legacyType=-1, [ Capabilities: INTERNET&NOT_RESTRICTED&TRUSTED&NOT_VPN] ]
08-06 09:34:41.002  1154  1154 D SubscriptionController: [getSubId]- mSlotIdToSubIdMap.size == 0, return DummySubIds slotIdx=0
08-06 09:34:41.002  1154  1154 D SubscriptionController: getDummySubIds: slotIdx=0 return 1 DummySubIds with each subId=-2
08-06 09:34:41.002  1154  1154 D SubscriptionController: [getSubId]- mSlotIdToSubIdMap.size == 0, return DummySubIds slotIdx=0
08-06 09:34:41.002  1154  1154 D SubscriptionController: getDummySubIds: slotIdx=0 return 1 DummySubIds with each subId=-2
08-06 09:34:41.002  1154  1154 D DctController: [TNF -2]Sub Info has not been ready, pending request.
08-06 09:34:41.003  1154  1154 D DctController: processRequests
08-06 09:34:41.004  1154  1154 D SubscriptionController: [getActiveSubInfoList]+
08-06 09:34:41.006  1154  1154 D SubscriptionController: [getActiveSubInfoList] Sub Controller not ready
08-06 09:34:41.008  1154  1154 D SubscriptionController: [getSubId]- mSlotIdToSubIdMap.size == 0, return DummySubIds slotIdx=0
08-06 09:34:41.009  1154  1154 D SubscriptionController: getDummySubIds: slotIdx=0 return 1 DummySubIds with each subId=-2
08-06 09:34:41.010  1154  1154 D SubscriptionController: [getSubId]- mSlotIdToSubIdMap.size == 0, return DummySubIds slotIdx=0
08-06 09:34:41.010  1154  1154 D SubscriptionController: getDummySubIds: slotIdx=0 return 1 DummySubIds with each subId=-2
08-06 09:34:41.011  1154  1154 D SubscriptionController: [getPhoneId]- invalid subId return=-1
08-06 09:34:41.013  1154  1154 D PhoneFactory: getPhone:- phoneId != DEFAULT_PHONE_ID return sProxyPhones[phoneId] phoneId=-1 phone=null
08-06 09:34:41.014  1154  1154 D SubscriptionManager: [getPhoneId]- fail
08-06 09:34:41.076  1154  1154 E PhoneBase: Error! registerForCallWaiting() in PhoneBase should not be called, CDMAPhone inactive.
08-06 09:34:41.114  1154  1381 D SubscriptionController: [getActiveSubInfoList]+
08-06 09:34:41.116  1154  1381 D SubscriptionController: [getActiveSubInfoList] Sub Controller not ready
08-06 09:34:41.167  1154  1154 D SubscriptionController: [getSubId]- mSlotIdToSubIdMap.size == 0, return DummySubIds slotIdx=0
08-06 09:34:41.168  1154  1154 D SubscriptionController: getDummySubIds: slotIdx=0 return 1 DummySubIds with each subId=-2
08-06 09:34:41.168  1154  1154 D DCT     : [0]handleMessage msg={ when=-648ms what=270377 obj=android.os.AsyncResult@335a7a04 target=com.android.internal.telephony.dataconnection.DcTracker }
08-06 09:34:41.168  1154  1154 D DCT     : [0]setupDataOnConnectableApns: nwTypeChanged
08-06 09:34:41.169  1154  1154 D DCT     : [0]setupDataOnConnectableApns: apnContext {mApnType=hipri mState=IDLE mWaitingApns={null} mWaitingApnsPermanentFailureCountDown=0 mApnSetting={null} mReason=radioTurnedOff mDataEnabled=false mDependencyMet=true}
08-06 09:34:41.169  1154  1154 D DCT     : [0]setupDataOnConnectableApns: apnContext {mApnType=mms mState=IDLE mWaitingApns={null} mWaitingApnsPermanentFailureCountDown=0 mApnSetting={null} mReason=radioTurnedOff mDataEnabled=false mDependencyMet=true}
08-06 09:34:41.170  1154  1154 D DCT     : [0]setupDataOnConnectableApns: apnContext {mApnType=supl mState=IDLE mWaitingApns={null} mWaitingApnsPermanentFailureCountDown=0 mApnSetting={null} mReason=radioTurnedOff mDataEnabled=false mDependencyMet=true}
08-06 09:34:41.170  1154  1154 D DCT     : [0]setupDataOnConnectableApns: apnContext {mApnType=cbs mState=IDLE mWaitingApns={null} mWaitingApnsPermanentFailureCountDown=0 mApnSetting={null} mReason=radioTurnedOff mDataEnabled=false mDependencyMet=true}
08-06 09:34:41.172  1154  1154 D DCT     : [0]setupDataOnConnectableApns: apnContext {mApnType=dun mState=IDLE mWaitingApns={null} mWaitingApnsPermanentFailureCountDown=0 mApnSetting={null} mReason=radioTurnedOff mDataEnabled=false mDependencyMet=true}
08-06 09:34:41.172  1154  1154 D DCT     : [0]setupDataOnConnectableApns: apnContext {mApnType=fota mState=IDLE mWaitingApns={null} mWaitingApnsPermanentFailureCountDown=0 mApnSetting={null} mReason=radioTurnedOff mDataEnabled=false mDependencyMet=true}
08-06 09:34:41.173  1154  1154 D DCT     : [0]setupDataOnConnectableApns: apnContext {mApnType=ims mState=IDLE mWaitingApns={null} mWaitingApnsPermanentFailureCountDown=0 mApnSetting={null} mReason=radioTurnedOff mDataEnabled=false mDependencyMet=true}
08-06 09:34:41.173  1154  1154 D DCT     : [0]setupDataOnConnectableApns: apnContext {mApnType=default mState=IDLE mWaitingApns={null} mWaitingApnsPermanentFailureCountDown=0 mApnSetting={null} mReason=radioTurnedOff mDataEnabled=false mDependencyMet=true}
08-06 09:34:41.174   868   868 D SubscriptionManager: [getPhoneId]- fail
08-06 09:34:41.174  1154  1154 D DCT     : [0]setupDataOnConnectableApns: apnContext {mApnType=ia mState=IDLE mWaitingApns={null} mWaitingApnsPermanentFailureCountDown=0 mApnSetting={null} mReason=radioTurnedOff mDataEnabled=false mDependencyMet=true}
08-06 09:34:41.174  1154  1193 D SubscriptionController: [getPhoneId]- invalid subId return=-1
08-06 09:34:41.174  1154  1154 D SubscriptionManager: [getPhoneId]- fail
08-06 09:34:41.175  1154  1154 D SubscriptionController: [getSubId]- mSlotIdToSubIdMap.size == 0, return DummySubIds slotIdx=0
08-06 09:34:41.175  1154  1154 D SubscriptionController: getDummySubIds: slotIdx=0 return 1 DummySubIds with each subId=-2
08-06 09:34:41.175  1154  1154 D DCT     : [0]getDataOnRoamingEnabled: phoneSubId=-2 isDataRoamingEnabled=true
08-06 09:34:41.175  1154  1154 D SubscriptionManager: [getPhoneId]- fail
08-06 09:34:41.175  1154  1154 D SubscriptionController: [getSubId]- mSlotIdToSubIdMap.size == 0, return DummySubIds slotIdx=0
08-06 09:34:41.176  1154  1154 D SubscriptionController: getDummySubIds: slotIdx=0 return 1 DummySubIds with each subId=-2
08-06 09:34:41.176  1154  1154 D DCT     : [0]getDataOnRoamingEnabled: phoneSubId=-2 isDataRoamingEnabled=true
08-06 09:34:41.176  1154  1154 D SubscriptionManager: [getPhoneId]- fail
08-06 09:34:41.176  1154  1193 D PhoneFactory: getPhone:- phoneId != DEFAULT_PHONE_ID return sProxyPhones[phoneId] phoneId=-1 phone=null
08-06 09:34:41.177  1154  1154 D SubscriptionController: [getSubId]- mSlotIdToSubIdMap.size == 0, return DummySubIds slotIdx=0
08-06 09:34:41.177  1154  1154 D SubscriptionController: getDummySubIds: slotIdx=0 return 1 DummySubIds with each subId=-2
08-06 09:34:41.177   868   868 D TelephonyManager: getTelephonyProperty: return propVal='null' phoneId=-1 property='gsm.current.phone-type' defaultVal='null' prop=1
