08-06 10:54:50.788   713  1285 I notification_clicked: 0|com.android.systemui|789|null|10013
08-06 10:54:50.788   713   713 I notification_cancel: [10013,868,com.android.systemui,789,NULL,0,16,64,1,NULL]
08-06 10:54:50.791   713   713 I notification_canceled: [0|com.android.systemui|789|null|10013,1]
08-06 10:54:50.822   713  6776 I notification_visibility_changed: [,0|com.android.systemui|789|null|10013;-1|android|17040644|null|1000;-1|android|17040636|null|1000]
08-06 10:54:50.826   713  1031 I notification_panel_hidden: []
08-06 10:54:51.632   713  6134 I notification_expansion: [-1|android|17040644|null|1000,0,1]
08-06 10:56:01.238   868   868 I sysui_panelholder_touch: [0,921,38]
08-06 10:56:01.410   713  1233 I notification_panel_revealed: []
08-06 10:56:01.496   713  2782 I notification_visibility_changed: [-1|android|17040644|null|1000;-1|android|17040636|null|1000,]
08-06 10:56:02.598   713 29460 I notification_visibility_changed: [,-1|android|17040644|null|1000;-1|android|17040636|null|1000]
08-06 10:56:02.607   713  1031 I notification_clicked: -1|android|17040644|null|1000
08-06 10:56:02.608   713   713 I notification_cancel: [10013,868,android,17040644,NULL,-1,16,64,1,NULL]
08-06 10:56:02.612   713  1285 I notification_panel_hidden: []
08-06 10:56:09.757   713  6134 I am_finish_activity: [0,327405091,4,com.youku.phone/com.youku.ui.activity.WebViewActivity,app-request]
08-06 10:56:09.759   713  6134 I am_home_stack_moved: [0,0,1,1,finishActivity adjustTopFocus setFocusedActivity]
08-06 10:56:09.759   713  6134 I am_focused_activity: [0,com.youku.phone/com.youku.ui.activity.DetailActivity]
08-06 10:56:09.760   713  6134 I am_pause_activity: [0,327405091,com.youku.phone/com.youku.ui.activity.WebViewActivity]
08-06 10:56:09.935  2545  2545 I am_on_paused_called: [0,com.youku.ui.activity.WebViewActivity]
08-06 10:56:09.941   713  2782 I am_resume_activity: [0,507719889,4,com.youku.phone/com.youku.ui.activity.DetailActivity]
08-06 10:56:10.180   713   713 I notification_cancel: [10054,2545,com.youku.phone,11250603,NULL,0,0,64,8,NULL]
08-06 10:56:10.682  2545  2545 I am_on_resume_called: [0,com.youku.ui.activity.DetailActivity]
08-06 10:56:12.652   183   183 I sf_frame_dur: [com.youku.phone/com.youku.ui.activity.WebViewActivity,620,91,32,33,25,28,23]
08-06 10:56:14.232  2545  2545 I menu_opened: 0
08-06 10:56:15.279   713  1248 I am_destroy_activity: [0,327405091,4,com.youku.phone/com.youku.ui.activity.WebViewActivity,finish-imm]
08-06 10:56:15.919  2587  2587 I auditd  : type=1400 audit(0.0:622): avc: denied { read } for comm="OnLineMonitor" name="mem" dev="debugfs" ino=18221 scontext=u:r:untrusted_app:s0 tcontext=u:object_r:debugfs:s0 tclass=file
08-06 10:56:16.189  2587  2587 I auditd  : type=1400 audit(0.0:623): avc: denied { read } for comm="OnLineMonitor" name="mem" dev="debugfs" ino=18221 scontext=u:r:untrusted_app:s0 tcontext=u:object_r:debugfs:s0 tclass=file
08-06 10:56:17.580  2545  2545 I menu_opened: 0
08-06 10:56:23.569  2587  2587 I auditd  : type=1400 audit(0.0:624): avc: denied { read } for comm="OnLineMonitor" name="mem" dev="debugfs" ino=18221 scontext=u:r:untrusted_app:s0 tcontext=u:object_r:debugfs:s0 tclass=file
08-06 10:56:23.569  2587  2587 I auditd  : type=1400 audit(0.0:625): avc: denied { read } for comm="OnLineMonitor" name="mem" dev="debugfs" ino=18221 scontext=u:r:untrusted_app:s0 tcontext=u:object_r:debugfs:s0 tclass=file
08-06 10:56:27.874   713  6776 I am_home_stack_moved: [0,0,1,1,intentActivityFound]
08-06 10:56:27.874   713  6776 I wm_task_moved: [4,1,0]
08-06 10:56:35.284   713   825 I netstats_mobile_sample: [0,0,0,0,0,0,0,0,0,0,0,0,-1]
08-06 10:56:35.348   713   825 I netstats_wifi_sample: [402529864,287923,9242755,149278,402504037,287331,9428195,149443,402504037,287331,9394025,149273,-1]
08-06 10:56:40.329  2587  2587 I auditd  : type=1400 audit(0.0:626): avc: denied { read } for comm="OnLineMonitor" name="mem" dev="debugfs" ino=18221 scontext=u:r:untrusted_app:s0 tcontext=u:object_r:debugfs:s0 tclass=file
08-06 10:56:40.329  2587  2587 I auditd  : type=1400 audit(0.0:627): avc: denied { read } for comm="OnLineMonitor" name="mem" dev="debugfs" ino=18221 scontext=u:r:untrusted_app:s0 tcontext=u:object_r:debugfs:s0 tclass=file
08-06 10:56:42.151  2545  2545 I menu_opened: 0
08-06 10:56:47.639  2587  2587 I auditd  : type=1400 audit(0.0:628): avc: denied { read } for comm="OnLineMonitor" name="mem" dev="debugfs" ino=18221 scontext=u:r:untrusted_app:s0 tcontext=u:object_r:debugfs:s0 tclass=file
08-06 10:56:47.639  2587  2587 I auditd  : type=1400 audit(0.0:629): avc: denied { read } for comm="OnLineMonitor" name="mem" dev="debugfs" ino=18221 scontext=u:r:untrusted_app:s0 tcontext=u:object_r:debugfs:s0 tclass=file
08-06 10:56:49.144  2545  2545 I menu_opened: 0
08-06 10:57:23.998   183   183 I sf_frame_dur: [SafetyWarning,25,7,2,2,1,0,1]
08-06 10:57:24.367   183   183 I sf_frame_dur: [VolumePanel,0,0,0,1,0,0,0]
08-06 10:57:25.441   713   825 I netstats_mobile_sample: [0,0,0,0,0,0,0,0,0,0,0,0,-1]
08-06 10:57:25.447   713   825 I netstats_wifi_sample: [405833333,290285,9310857,150884,405807311,289685,9499575,151051,405807311,289685,9465003,150879,-1]
08-06 10:57:33.412   713 15395 I am_home_stack_moved: [0,0,1,1,intentActivityFound]
08-06 10:57:33.412   713 15395 I wm_task_moved: [4,1,0]
08-06 10:57:42.233   713  1248 I battery_level: [37,3772,426]
08-06 10:57:42.243   713   713 I notification_cancel: [10013,868,com.android.systemui,100,low_battery,-1,0,64,8,NULL]
08-06 10:57:52.214   183   183 I sf_frame_dur: [VolumePanel,0,0,0,0,0,1,0]
08-06 10:58:00.879   713  1233 I am_home_stack_moved: [0,0,1,1,intentActivityFound]
08-06 10:58:00.879   713  1233 I wm_task_moved: [4,1,0]
08-06 10:58:27.932  2545  2545 I menu_opened: 0
08-06 10:58:28.090   713   825 I netstats_mobile_sample: [0,0,0,0,0,0,0,0,0,0,0,0,-1]
08-06 10:58:28.108   713   825 I netstats_wifi_sample: [410363961,293523,9413460,153597,410337625,292912,9614704,153766,410337625,292912,9579730,153592,-1]
08-06 10:58:34.862   713  1259 I am_home_stack_moved: [0,0,1,1,intentActivityFound]
08-06 10:58:34.862   713  1259 I wm_task_moved: [4,1,0]
08-06 10:58:36.125  2545  2545 I menu_opened: 0
08-06 10:58:40.391   713  1285 I am_home_stack_moved: [0,0,1,1,sourceStackToFront]
08-06 10:58:40.391   713  1285 I wm_task_moved: [4,1,0]
08-06 10:58:40.427   713  1285 I am_create_activity: [0,401107516,4,com.youku.phone/com.youku.ui.activity.WebViewActivity,NULL,NULL,NULL,0]
08-06 10:58:40.432   713  1285 I am_pause_activity: [0,507719889,com.youku.phone/com.youku.ui.activity.DetailActivity]
08-06 10:58:40.445   713  1285 I am_home_stack_moved: [0,0,1,1,startedActivity setFocusedActivity]
08-06 10:58:40.452   713  1285 I am_focused_activity: [0,com.youku.phone/com.youku.ui.activity.WebViewActivity]
08-06 10:58:40.948   713   778 I am_restart_activity: [0,401107516,4,com.youku.phone/com.youku.ui.activity.WebViewActivity]
08-06 10:58:45.038   713   713 I notification_cancel: [1000,713,android,100,CaptivePortal.Notification,0,0,0,8,NULL]
08-06 10:58:47.993  2545  2545 I am_on_paused_called: [0,com.youku.ui.activity.DetailActivity]
08-06 10:58:47.996   713  1248 I am_failed_to_pause: [0,507719889,com.youku.phone/com.youku.ui.activity.DetailActivity,(none)]
08-06 10:58:48.697  2545  2545 I am_on_resume_called: [0,com.youku.ui.activity.WebViewActivity]
08-06 10:58:48.818   183   183 I sf_frame_dur: [SurfaceView,271,372,295,159,63,21,22]
08-06 10:58:49.300   183   183 I sf_frame_dur: [com.youku.phone/com.youku.ui.activity.DetailActivity,341,848,554,110,30,11,16]
08-06 10:58:50.894   713   783 I am_activity_launch_time: [0,401107516,com.youku.phone/com.youku.ui.activity.WebViewActivity,9948,9948]
08-06 10:58:51.999  2587  2587 I auditd  : type=1400 audit(0.0:630): avc: denied { read } for comm="OnLineMonitor" name="mem" dev="debugfs" ino=18221 scontext=u:r:untrusted_app:s0 tcontext=u:object_r:debugfs:s0 tclass=file
08-06 10:58:52.029  2587  2587 I auditd  : type=1400 audit(0.0:631): avc: denied { read } for comm="OnLineMonitor" name="mem" dev="debugfs" ino=18221 scontext=u:r:untrusted_app:s0 tcontext=u:object_r:debugfs:s0 tclass=file
08-06 10:58:53.752   713  1248 I am_finish_activity: [0,401107516,4,com.youku.phone/com.youku.ui.activity.WebViewActivity,app-request]
08-06 10:58:53.755   713  1248 I am_home_stack_moved: [0,0,1,1,finishActivity adjustTopFocus setFocusedActivity]
08-06 10:58:53.755   713  1248 I am_focused_activity: [0,com.youku.phone/com.youku.ui.activity.DetailActivity]
08-06 10:58:53.756   713  1248 I am_pause_activity: [0,401107516,com.youku.phone/com.youku.ui.activity.WebViewActivity]
08-06 10:58:53.885  2545  2545 I am_on_paused_called: [0,com.youku.ui.activity.WebViewActivity]
08-06 10:58:53.894   713  1259 I am_resume_activity: [0,507719889,4,com.youku.phone/com.youku.ui.activity.DetailActivity]
08-06 10:58:54.087   713   713 I notification_cancel: [10054,2545,com.youku.phone,11250603,NULL,0,0,64,8,NULL]
08-06 10:58:54.675  2545  2545 I am_on_resume_called: [0,com.youku.ui.activity.DetailActivity]
08-06 10:58:57.208   183   183 I sf_frame_dur: [com.youku.phone/com.youku.ui.activity.WebViewActivity,9,2,7,3,4,1,2]
08-06 10:58:57.303   713  2782 I am_destroy_activity: [0,401107516,4,com.youku.phone/com.youku.ui.activity.WebViewActivity,finish-imm]
08-06 10:58:58.426   713  1285 I am_home_stack_moved: [0,0,1,1,sourceStackToFront]
08-06 10:58:58.426   713  1285 I wm_task_moved: [4,1,0]
08-06 10:58:58.444   713  1285 I am_create_activity: [0,710534715,4,com.youku.phone/com.youku.ui.activity.WebViewActivity,NULL,NULL,NULL,0]
08-06 10:58:58.450   713  1285 I am_pause_activity: [0,507719889,com.youku.phone/com.youku.ui.activity.DetailActivity]
08-06 10:58:58.454   713  1285 I am_home_stack_moved: [0,0,1,1,startedActivity setFocusedActivity]
08-06 10:58:58.461   713  1285 I am_focused_activity: [0,com.youku.phone/com.youku.ui.activity.WebViewActivity]
08-06 10:58:58.957   713   778 I am_restart_activity: [0,710534715,4,com.youku.phone/com.youku.ui.activity.WebViewActivity]
08-06 10:58:59.600  2545  2545 I am_on_paused_called: [0,com.youku.ui.activity.DetailActivity]
08-06 10:58:59.600   713  2782 I am_failed_to_pause: [0,507719889,com.youku.phone/com.youku.ui.activity.DetailActivity,(none)]
08-06 10:59:00.299  2587  2587 I auditd  : type=1400 audit(0.0:632): avc: denied { read } for comm="OnLineMonitor" name="mem" dev="debugfs" ino=18221 scontext=u:r:untrusted_app:s0 tcontext=u:object_r:debugfs:s0 tclass=file
08-06 10:59:00.319  2587  2587 I auditd  : type=1400 audit(0.0:633): avc: denied { read } for comm="OnLineMonitor" name="mem" dev="debugfs" ino=18221 scontext=u:r:untrusted_app:s0 tcontext=u:object_r:debugfs:s0 tclass=file
08-06 10:59:00.994  2545  2545 I am_on_resume_called: [0,com.youku.ui.activity.WebViewActivity]
08-06 10:59:01.883   713   783 I am_activity_launch_time: [0,710534715,com.youku.phone/com.youku.ui.activity.WebViewActivity,2928,2928]
08-06 10:59:02.324   183   183 I sf_frame_dur: [com.youku.phone/com.youku.ui.activity.DetailActivity,3,10,4,2,2,2,1]
08-06 10:59:04.559   713  1233 I am_home_stack_moved: [0,0,1,1,intentActivityFound]
08-06 10:59:04.559   713  1233 I wm_task_moved: [4,1,0]
08-06 10:59:13.110   713 14522 I am_finish_activity: [0,710534715,4,com.youku.phone/com.youku.ui.activity.WebViewActivity,app-request]
08-06 10:59:13.112   713 14522 I am_home_stack_moved: [0,0,1,1,finishActivity adjustTopFocus setFocusedActivity]
08-06 10:59:13.112   713 14522 I am_focused_activity: [0,com.youku.phone/com.youku.ui.activity.DetailActivity]
08-06 10:59:13.579   713 14522 I am_pause_activity: [0,710534715,com.youku.phone/com.youku.ui.activity.WebViewActivity]
08-06 10:59:13.894  2545  2545 I am_on_paused_called: [0,com.youku.ui.activity.WebViewActivity]
08-06 10:59:13.900   713  1285 I am_resume_activity: [0,507719889,4,com.youku.phone/com.youku.ui.activity.DetailActivity]
08-06 10:59:14.275   713   713 I notification_cancel: [10054,2545,com.youku.phone,11250603,NULL,0,0,64,8,NULL]
08-06 10:59:14.697  2545  2545 I am_on_resume_called: [0,com.youku.ui.activity.DetailActivity]
08-06 10:59:17.693   183   183 I sf_frame_dur: [com.youku.phone/com.youku.ui.activity.WebViewActivity,106,150,15,3,4,2,4]
08-06 10:59:17.860   713  1248 I am_destroy_activity: [0,710534715,4,com.youku.phone/com.youku.ui.activity.WebViewActivity,finish-imm]
08-06 10:59:18.256   713   825 I netstats_mobile_sample: [0,0,0,0,0,0,0,0,0,0,0,0,-1]
08-06 10:59:18.260   713   825 I netstats_wifi_sample: [415785468,297468,9615791,156746,415758670,296849,9818073,156917,415755694,296847,9782657,156740,-1]
08-06 10:59:19.738  2545  2545 I menu_opened: 0
08-06 10:59:21.129  2587  2587 I auditd  : type=1400 audit(0.0:634): avc: denied { read } for comm="OnLineMonitor" name="mem" dev="debugfs" ino=18221 scontext=u:r:untrusted_app:s0 tcontext=u:object_r:debugfs:s0 tclass=file
08-06 10:59:21.139  2587  2587 I auditd  : type=1400 audit(0.0:635): avc: denied { read } for comm="OnLineMonitor" name="mem" dev="debugfs" ino=18221 scontext=u:r:untrusted_app:s0 tcontext=u:object_r:debugfs:s0 tclass=file
08-06 10:59:23.323  2545  2545 I menu_opened: 0
08-06 10:59:27.154   868   868 I sysui_panelholder_touch: [0,206,27]
08-06 10:59:27.522   713 15395 I notification_panel_revealed: []
08-06 10:59:27.586   713  1233 I notification_visibility_changed: [-1|android|17040644|null|1000;-1|android|17040636|null|1000,]
08-06 10:59:27.940   713 15395 I notification_visibility_changed: [,-1|android|17040644|null|1000;-1|android|17040636|null|1000]
08-06 10:59:27.956   713  1233 I notification_panel_hidden: []
08-06 10:59:33.719  2587  2587 I auditd  : type=1400 audit(0.0:636): avc: denied { read } for comm="OnLineMonitor" name="mem" dev="debugfs" ino=18221 scontext=u:r:untrusted_app:s0 tcontext=u:object_r:debugfs:s0 tclass=file
08-06 10:59:33.729  2587  2587 I auditd  : type=1400 audit(0.0:637): avc: denied { read } for comm="OnLineMonitor" name="mem" dev="debugfs" ino=18221 scontext=u:r:untrusted_app:s0 tcontext=u:object_r:debugfs:s0 tclass=file
08-06 10:59:40.475   868   868 I sysui_panelholder_touch: [0,658,74]
08-06 10:59:40.696   713  1233 I notification_panel_revealed: []
08-06 10:59:40.710   713  1285 I notification_visibility_changed: [-1|android|17040644|null|1000;-1|android|17040636|null|1000,]
08-06 10:59:40.747   713  1259 I notification_visibility_changed: [,-1|android|17040644|null|1000;-1|android|17040636|null|1000]
08-06 10:59:40.754   713  1233 I notification_panel_hidden: []
08-06 10:59:42.729  2587  2587 I auditd  : type=1400 audit(0.0:638): avc: denied { read } for comm="OnLineMonitor" name="mem" dev="debugfs" ino=18221 scontext=u:r:untrusted_app:s0 tcontext=u:object_r:debugfs:s0 tclass=file
08-06 10:59:42.839  2587  2587 I auditd  : type=1400 audit(0.0:639): avc: denied { read } for comm="OnLineMonitor" name="mem" dev="debugfs" ino=18221 scontext=u:r:untrusted_app:s0 tcontext=u:object_r:debugfs:s0 tclass=file
08-06 10:59:43.202   713   825 I netstats_mobile_sample: [0,0,0,0,0,0,0,0,0,0,0,0,-1]
08-06 10:59:43.203   713   825 I netstats_wifi_sample: [418951259,299719,9694919,158158,418924381,299097,9894529,158331,418924381,299097,9858751,158153,-1]
08-06 10:59:53.379  2587  2587 I auditd  : type=1400 audit(0.0:640): avc: denied { read } for comm="OnLineMonitor" name="mem" dev="debugfs" ino=18221 scontext=u:r:untrusted_app:s0 tcontext=u:object_r:debugfs:s0 tclass=file
08-06 10:59:53.389  2587  2587 I auditd  : type=1400 audit(0.0:641): avc: denied { read } for comm="OnLineMonitor" name="mem" dev="debugfs" ino=18221 scontext=u:r:untrusted_app:s0 tcontext=u:object_r:debugfs:s0 tclass=file
08-06 11:00:06.112   713   825 I netstats_mobile_sample: [0,0,0,0,0,0,0,0,0,0,0,0,-1]
08-06 11:00:06.113   713   825 I netstats_wifi_sample: [427700777,305711,9855067,161327,427673398,305084,10040265,161500,427672877,305081,10004487,161322,-1]
08-06 11:00:08.395  2545  2545 I menu_opened: 0
08-06 11:00:11.491  2545  2545 I menu_opened: 0
08-06 11:00:32.163   713 14522 I am_home_stack_moved: [0,0,1,1,sourceStackToFront]
08-06 11:00:32.163   713 14522 I wm_task_moved: [4,1,0]
08-06 11:00:32.180   713 14522 I am_create_activity: [0,190896038,4,com.youku.phone/com.youku.ui.activity.WebViewActivity,NULL,NULL,NULL,0]
08-06 11:00:32.181   713 14522 I am_pause_activity: [0,507719889,com.youku.phone/com.youku.ui.activity.DetailActivity]
08-06 11:00:32.192   713 14522 I am_home_stack_moved: [0,0,1,1,startedActivity setFocusedActivity]
08-06 11:00:32.197   713 14522 I am_focused_activity: [0,com.youku.phone/com.youku.ui.activity.WebViewActivity]
08-06 11:00:32.696   713   778 I am_restart_activity: [0,190896038,4,com.youku.phone/com.youku.ui.activity.WebViewActivity]
08-06 11:00:38.080   713   825 I netstats_mobile_sample: [0,0,0,0,0,0,0,0,0,0,0,0,-1]
08-06 11:00:38.081   713   825 I netstats_wifi_sample: [433690155,309822,9964489,163728,433662819,309191,10148621,163903,433662819,309191,10112441,163723,-1]
08-06 11:00:41.895  2545  2545 I am_on_paused_called: [0,com.youku.ui.activity.DetailActivity]
08-06 11:00:41.899   713 29460 I am_failed_to_pause: [0,507719889,com.youku.phone/com.youku.ui.activity.DetailActivity,(none)]
08-06 11:00:42.482  2545  2545 I am_on_resume_called: [0,com.youku.ui.activity.WebViewActivity]
08-06 11:00:42.549   183   183 I sf_frame_dur: [SurfaceView,53,81,64,48,9,5,6]
08-06 11:00:42.750   183   183 I sf_frame_dur: [com.youku.phone/com.youku.ui.activity.DetailActivity,233,334,69,28,11,4,14]
08-06 11:00:44.441   713   783 I am_activity_launch_time: [0,190896038,com.youku.phone/com.youku.ui.activity.WebViewActivity,11748,11748]
08-06 11:00:49.349  2587  2587 I auditd  : type=1400 audit(0.0:642): avc: denied { read } for comm="OnLineMonitor" name="mem" dev="debugfs" ino=18221 scontext=u:r:untrusted_app:s0 tcontext=u:object_r:debugfs:s0 tclass=file
08-06 11:00:49.379  2587  2587 I auditd  : type=1400 audit(0.0:643): avc: denied { read } for comm="OnLineMonitor" name="mem" dev="debugfs" ino=18221 scontext=u:r:untrusted_app:s0 tcontext=u:object_r:debugfs:s0 tclass=file
08-06 11:01:12.772   713 15395 I am_home_stack_moved: [0,0,1,1,intentActivityFound]
08-06 11:01:12.773   713 15395 I wm_task_moved: [4,1,0]
08-06 11:01:14.357   713   808 I am_home_stack_moved: [0,0,1,1,sourceStackToFront]
08-06 11:01:14.357   713   808 I wm_task_moved: [4,1,0]
08-06 11:01:14.377   713   808 I am_create_activity: [0,124024406,4,com.youku.phone/com.youku.ui.activity.DetailActivity,android.intent.action.VIEW,NULL,youku://play?source=mplaypage&cookieid=14918220015714hy&showid=3ad8305c40a211e097c0&spm=a2h0g.8191282.starpagehotvideo.4&activeby=2,0]
08-06 11:01:14.381   713   808 I am_pause_activity: [0,190896038,com.youku.phone/com.youku.ui.activity.WebViewActivity]
08-06 11:01:14.389   713   808 I am_home_stack_moved: [0,0,1,1,startedActivity setFocusedActivity]
08-06 11:01:14.401   713   808 I am_focused_activity: [0,com.youku.phone/com.youku.ui.activity.DetailActivity]
08-06 11:01:14.487  2545  2545 I am_on_paused_called: [0,com.youku.ui.activity.WebViewActivity]
08-06 11:01:14.492   713 15395 I am_restart_activity: [0,124024406,4,com.youku.phone/com.youku.ui.activity.DetailActivity]
08-06 11:01:14.792   713  1224 I am_finish_activity: [0,507719889,4,com.youku.phone/com.youku.ui.activity.DetailActivity,app-request]
08-06 11:01:14.798   713  1224 I am_destroy_activity: [0,507719889,4,com.youku.phone/com.youku.ui.activity.DetailActivity,finish-imm]
08-06 11:01:17.329  2587  2587 I auditd  : type=1400 audit(0.0:644): avc: denied { read } for comm="OnLineMonitor" name="mem" dev="debugfs" ino=18221 scontext=u:r:untrusted_app:s0 tcontext=u:object_r:debugfs:s0 tclass=file
08-06 11:01:17.359  2587  2587 I auditd  : type=1400 audit(0.0:645): avc: denied { read } for comm="OnLineMonitor" name="mem" dev="debugfs" ino=18221 scontext=u:r:untrusted_app:s0 tcontext=u:object_r:debugfs:s0 tclass=file
08-06 11:01:21.686   713   713 I notification_cancel: [10054,2545,com.youku.phone,11250603,NULL,0,0,64,8,NULL]
08-06 11:01:21.886  2545  2545 I am_on_resume_called: [0,com.youku.ui.activity.DetailActivity]
08-06 11:01:22.044   713   713 I notification_cancel: [10054,2545,com.youku.phone,11250603,NULL,0,0,64,8,NULL]
08-06 11:01:24.768   183   183 I sf_frame_dur: [com.youku.phone/com.youku.ui.activity.WebViewActivity,50,37,6,9,8,6,13]
08-06 11:01:24.907   713   783 I am_activity_launch_time: [0,124024406,com.youku.phone/com.youku.ui.activity.DetailActivity,10416,10416]
08-06 11:01:26.024   713   825 I netstats_mobile_sample: [0,0,0,0,0,0,0,0,0,0,0,0,-1]
08-06 11:01:26.054   713   825 I netstats_wifi_sample: [436231235,311768,10097323,165376,436203877,311132,10280261,165555,436203877,311132,10243277,165371,-1]
08-06 11:01:26.510   713  1224 I battery_level: [36,3776,425]
08-06 11:01:26.529   713   713 I notification_cancel: [10013,868,com.android.systemui,100,low_battery,-1,0,64,8,NULL]
08-06 11:01:32.895  2545  2545 I menu_opened: 0
08-06 11:01:50.174   713   825 I netstats_mobile_sample: [0,0,0,0,0,0,0,0,0,0,0,0,-1]
08-06 11:01:50.175   713   825 I netstats_wifi_sample: [444350114,317324,10267620,169154,444322375,316683,10446970,169333,444322375,316683,10409986,169149,-1]
08-06 11:01:54.654   183   183 I sf_frame_dur: [VolumePanel,0,0,0,0,0,1,0]
08-06 11:02:05.492   713  1224 I am_home_stack_moved: [0,0,1,1,sourceStackToFront]
08-06 11:02:05.492   713  1224 I wm_task_moved: [4,1,0]
08-06 11:02:05.504   713  1224 I am_create_activity: [0,780107423,4,com.youku.phone/com.youku.ui.activity.WebViewActivity,com.youku.action.YoukuWebview,NULL,NULL,0]
08-06 11:02:05.508   713  1224 I am_pause_activity: [0,124024406,com.youku.phone/com.youku.ui.activity.DetailActivity]
08-06 11:02:05.521   713  1224 I am_home_stack_moved: [0,0,1,1,startedActivity setFocusedActivity]
08-06 11:02:05.527   713  1224 I am_focused_activity: [0,com.youku.phone/com.youku.ui.activity.WebViewActivity]
08-06 11:02:06.160  2545  2545 I am_on_paused_called: [0,com.youku.ui.activity.DetailActivity]
08-06 11:02:06.171   713  1224 I am_restart_activity: [0,780107423,4,com.youku.phone/com.youku.ui.activity.WebViewActivity]
08-06 11:02:07.333  2545  2545 I am_on_resume_called: [0,com.youku.ui.activity.WebViewActivity]
08-06 11:02:08.078   713   783 I am_activity_launch_time: [0,780107423,com.youku.phone/com.youku.ui.activity.WebViewActivity,1915,1915]
08-06 11:02:08.328   183   183 I sf_frame_dur: [SurfaceView,4,14,51,27,20,10,7]
08-06 11:02:08.329   183   183 I sf_frame_dur: [com.youku.phone/com.youku.ui.activity.DetailActivity,217,214,48,4,7,1,4]
08-06 11:02:09.779  2587  2587 I auditd  : type=1400 audit(0.0:646): avc: denied { read } for comm="OnLineMonitor" name="mem" dev="debugfs" ino=18221 scontext=u:r:untrusted_app:s0 tcontext=u:object_r:debugfs:s0 tclass=file
08-06 11:02:09.779  2587  2587 I auditd  : type=1400 audit(0.0:647): avc: denied { read } for comm="OnLineMonitor" name="mem" dev="debugfs" ino=18221 scontext=u:r:untrusted_app:s0 tcontext=u:object_r:debugfs:s0 tclass=file
08-06 11:02:14.806   713  2782 I am_home_stack_moved: [0,0,1,1,intentActivityFound]
08-06 11:02:14.806   713  2782 I wm_task_moved: [4,1,0]
08-06 11:02:16.939   713   808 I am_home_stack_moved: [0,0,1,1,intentActivityFound]
08-06 11:02:16.939   713   808 I wm_task_moved: [4,1,0]
08-06 11:02:40.495   713   713 I free_storage_changed: 12850102272
08-06 11:02:46.537   868   868 I sysui_panelholder_touch: [0,395,32]
08-06 11:02:46.612   713 29460 I notification_panel_revealed: []
08-06 11:02:46.642   713  1259 I notification_visibility_changed: [-1|android|17040644|null|1000;-1|android|17040636|null|1000,]
08-06 11:02:47.711   713  1259 I notification_visibility_changed: [,-1|android|17040644|null|1000;-1|android|17040636|null|1000]
08-06 11:02:47.732   713 15395 I notification_panel_hidden: []
08-06 11:02:51.579   713   825 I netstats_mobile_sample: [0,0,0,0,0,0,0,0,0,0,0,0,-1]
08-06 11:02:51.584   713   825 I netstats_wifi_sample: [449159389,321042,10563969,171906,449131007,320391,10734695,172087,449131007,320391,10697309,171901,-1]
08-06 11:02:54.397   713   808 I am_home_stack_moved: [0,0,1,1,intentActivityFound]
08-06 11:02:54.397   713   808 I wm_task_moved: [4,1,0]
08-06 11:03:18.029  2587  2587 I auditd  : type=1400 audit(0.0:648): avc: denied { read } for comm="OnLineMonitor" name="mem" dev="debugfs" ino=18221 scontext=u:r:untrusted_app:s0 tcontext=u:object_r:debugfs:s0 tclass=file
08-06 11:03:18.049  2587  2587 I auditd  : type=1400 audit(0.0:649): avc: denied { read } for comm="OnLineMonitor" name="mem" dev="debugfs" ino=18221 scontext=u:r:untrusted_app:s0 tcontext=u:object_r:debugfs:s0 tclass=file
08-06 11:03:22.299  2587  2587 I auditd  : type=1400 audit(0.0:650): avc: denied { read } for comm="OnLineMonitor" name="mem" dev="debugfs" ino=18221 scontext=u:r:untrusted_app:s0 tcontext=u:object_r:debugfs:s0 tclass=file
08-06 11:03:22.299  2587  2587 I auditd  : type=1400 audit(0.0:651): avc: denied { read } for comm="OnLineMonitor" name="mem" dev="debugfs" ino=18221 scontext=u:r:untrusted_app:s0 tcontext=u:object_r:debugfs:s0 tclass=file
08-06 11:03:23.337   713  1031 I am_home_stack_moved: [0,0,1,1,intentActivityFound]
08-06 11:03:23.337   713  1031 I wm_task_moved: [4,1,0]
08-06 11:03:28.729  2587  2587 I auditd  : type=1400 audit(0.0:652): avc: denied { read } for comm="OnLineMonitor" name="mem" dev="debugfs" ino=18221 scontext=u:r:untrusted_app:s0 tcontext=u:object_r:debugfs:s0 tclass=file
08-06 11:03:28.749  2587  2587 I auditd  : type=1400 audit(0.0:653): avc: denied { read } for comm="OnLineMonitor" name="mem" dev="debugfs" ino=18221 scontext=u:r:untrusted_app:s0 tcontext=u:object_r:debugfs:s0 tclass=file
08-06 11:03:31.451   183   183 I sf_frame_dur: [VolumePanel,28,5,0,1,1,1,1]
08-06 11:03:34.201   713 29460 I am_home_stack_moved: [0,0,1,1,intentActivityFound]
08-06 11:03:34.201   713 29460 I wm_task_moved: [4,1,0]
08-06 11:03:38.157   183   183 I sf_frame_dur: [com.youku.phone/com.youku.ui.activity.WebViewActivity,13,3,1,1,1,2,0]
08-06 11:03:45.431   183   183 I sf_frame_dur: [com.youku.phone/com.youku.ui.activity.WebViewActivity,4,1,0,1,0,0,0]
08-06 11:03:50.546   183   183 I sf_frame_dur: [com.youku.phone/com.youku.ui.activity.WebViewActivity,15,1,1,0,1,0,0]
08-06 11:03:53.756   183   183 I sf_frame_dur: [com.youku.phone/com.youku.ui.activity.WebViewActivity,2,1,1,0,2,0,0]
08-06 11:04:14.182   183   183 I sf_frame_dur: [com.youku.phone/com.youku.ui.activity.WebViewActivity,21,3,0,2,1,0,0]
08-06 11:04:17.293   183   183 I sf_frame_dur: [com.youku.phone/com.youku.ui.activity.WebViewActivity,19,1,1,0,3,0,0]
08-06 11:04:30.048   183   183 I sf_frame_dur: [com.youku.phone/com.youku.ui.activity.WebViewActivity,76,6,0,1,4,0,2]
08-06 11:04:36.334   183   183 I sf_frame_dur: [com.youku.phone/com.youku.ui.activity.WebViewActivity,40,0,2,0,1,2,1]
08-06 11:04:48.672   183   183 I sf_frame_dur: [VolumePanel,18,3,4,0,0,1,0]
08-06 11:05:02.648   183   183 I sf_frame_dur: [com.youku.phone/com.youku.ui.activity.WebViewActivity,19,2,0,0,1,1,1]
08-06 11:05:03.859   713   825 I netstats_mobile_sample: [0,0,0,0,0,0,0,0,0,0,0,0,-1]
08-06 11:05:03.860   713   825 I netstats_wifi_sample: [449667252,321902,10682916,172683,449638322,321231,10849412,172870,449638322,321231,10810820,172678,-1]
08-06 11:05:15.336   183   183 I sf_frame_dur: [com.youku.phone/com.youku.ui.activity.WebViewActivity,0,2,0,1,1,0,0]
08-06 11:05:28.944   183   183 I sf_frame_dur: [com.youku.phone/com.youku.ui.activity.WebViewActivity,15,1,0,1,2,1,0]
08-06 11:05:33.044   183   183 I sf_frame_dur: [com.youku.phone/com.youku.ui.activity.WebViewActivity,15,2,0,0,1,1,0]
08-06 11:05:36.318   183   183 I sf_frame_dur: [com.youku.phone/com.youku.ui.activity.WebViewActivity,1,0,0,0,1,0,0]
08-06 11:05:43.958   183   183 I sf_frame_dur: [com.youku.phone/com.youku.ui.activity.WebViewActivity,14,2,0,2,1,0,0]
08-06 11:05:52.869   183   183 I sf_frame_dur: [com.youku.phone/com.youku.ui.activity.WebViewActivity,1,0,1,0,1,0,1]
08-06 11:06:07.180   183   183 I sf_frame_dur: [com.youku.phone/com.youku.ui.activity.WebViewActivity,0,1,0,0,1,0,0]
08-06 11:06:17.344   183   183 I sf_frame_dur: [com.youku.phone/com.youku.ui.activity.WebViewActivity,17,2,1,1,3,0,0]
08-06 11:06:19.311  2545  2545 I menu_item_selected: [0,]
08-06 11:06:20.572   183   183 I sf_frame_dur: [com.youku.phone/com.youku.ui.activity.WebViewActivity,0,0,0,0,1,0,0]
08-06 11:06:22.647  2545  2545 I menu_item_selected: [0,]
08-06 11:06:24.168   183   183 I sf_frame_dur: [com.youku.phone/com.youku.ui.activity.WebViewActivity,0,0,0,2,1,0,0]
08-06 11:06:25.694   713 15395 I am_home_stack_moved: [0,0,1,1,intentActivityFound]
08-06 11:06:25.694   713 15395 I wm_task_moved: [4,1,0]
08-06 11:06:28.762   713   729 I am_finish_activity: [0,780107423,4,com.youku.phone/com.youku.ui.activity.WebViewActivity,app-request]
08-06 11:06:28.765   713   729 I am_home_stack_moved: [0,0,1,1,finishActivity adjustTopFocus setFocusedActivity]
08-06 11:06:28.765   713   729 I am_focused_activity: [0,com.youku.phone/com.youku.ui.activity.DetailActivity]
08-06 11:06:28.766   713   729 I am_pause_activity: [0,780107423,com.youku.phone/com.youku.ui.activity.WebViewActivity]
08-06 11:06:28.907  2545  2545 I am_on_paused_called: [0,com.youku.ui.activity.WebViewActivity]
08-06 11:06:28.913   713   729 I am_resume_activity: [0,124024406,4,com.youku.phone/com.youku.ui.activity.DetailActivity]
08-06 11:06:29.092   713   713 I notification_cancel: [10054,2545,com.youku.phone,11250603,NULL,0,0,64,8,NULL]
08-06 11:06:29.447  2545  2545 I am_on_resume_called: [0,com.youku.ui.activity.DetailActivity]
08-06 11:06:33.451   183   183 I sf_frame_dur: [com.youku.phone/com.youku.ui.activity.WebViewActivity,619,233,64,46,51,72,68]
08-06 11:06:34.799  2587  2587 I auditd  : type=1400 audit(0.0:654): avc: denied { read } for comm="OnLineMonitor" name="mem" dev="debugfs" ino=18221 scontext=u:r:untrusted_app:s0 tcontext=u:object_r:debugfs:s0 tclass=file
08-06 11:06:34.859  2587  2587 I auditd  : type=1400 audit(0.0:655): avc: denied { read } for comm="OnLineMonitor" name="mem" dev="debugfs" ino=18221 scontext=u:r:untrusted_app:s0 tcontext=u:object_r:debugfs:s0 tclass=file
08-06 11:06:36.541   713   730 I am_destroy_activity: [0,780107423,4,com.youku.phone/com.youku.ui.activity.WebViewActivity,finish-imm]
08-06 11:06:37.226   713  1031 I am_home_stack_moved: [0,0,1,1,sourceStackToFront]
08-06 11:06:37.226   713  1031 I wm_task_moved: [4,1,0]
08-06 11:06:37.238   713  1031 I am_create_activity: [0,550248429,4,com.youku.phone/com.youku.userchannel.ShowUserChannel,android.intent.action.VIEW,NULL,youku://userChannel,0]
08-06 11:06:37.242   713  1031 I am_pause_activity: [0,124024406,com.youku.phone/com.youku.ui.activity.DetailActivity]
08-06 11:06:37.257   713  1031 I am_home_stack_moved: [0,0,1,1,startedActivity setFocusedActivity]
08-06 11:06:37.273   713  1031 I am_focused_activity: [0,com.youku.phone/com.youku.userchannel.ShowUserChannel]
08-06 11:06:37.760   713   778 I am_restart_activity: [0,550248429,4,com.youku.phone/com.youku.userchannel.ShowUserChannel]
08-06 11:06:38.650  2545  2545 I am_on_paused_called: [0,com.youku.ui.activity.DetailActivity]
08-06 11:06:38.651   713   730 I am_failed_to_pause: [0,124024406,com.youku.phone/com.youku.ui.activity.DetailActivity,(none)]
08-06 11:06:40.261  2545  2545 I am_on_resume_called: [0,com.youku.userchannel.ShowUserChannel]
08-06 11:06:41.163   713   783 I am_activity_launch_time: [0,550248429,com.youku.phone/com.youku.userchannel.ShowUserChannel,3404,3404]
08-06 11:06:41.359   183   183 I sf_frame_dur: [SurfaceView,1,0,0,1,1,1,1]
08-06 11:06:41.359   183   183 I sf_frame_dur: [com.youku.phone/com.youku.ui.activity.DetailActivity,1,7,16,4,1,4,1]
08-06 11:06:42.799  2587  2587 I auditd  : type=1400 audit(0.0:656): avc: denied { read } for comm="OnLineMonitor" name="mem" dev="debugfs" ino=18221 scontext=u:r:untrusted_app:s0 tcontext=u:object_r:debugfs:s0 tclass=file
08-06 11:06:42.819  2587  2587 I auditd  : type=1400 audit(0.0:657): avc: denied { read } for comm="OnLineMonitor" name="mem" dev="debugfs" ino=18221 scontext=u:r:untrusted_app:s0 tcontext=u:object_r:debugfs:s0 tclass=file
08-06 11:06:55.919  2587  2587 I auditd  : type=1400 audit(0.0:658): avc: denied { read } for comm="OnLineMonitor" name="mem" dev="debugfs" ino=18221 scontext=u:r:untrusted_app:s0 tcontext=u:object_r:debugfs:s0 tclass=file
08-06 11:06:55.919  2587  2587 I auditd  : type=1400 audit(0.0:659): avc: denied { read } for comm="OnLineMonitor" name="mem" dev="debugfs" ino=18221 scontext=u:r:untrusted_app:s0 tcontext=u:object_r:debugfs:s0 tclass=file
08-06 11:06:57.021   713   825 I netstats_mobile_sample: [0,0,0,0,0,0,0,0,0,0,0,0,-1]
08-06 11:06:57.023   713   825 I netstats_wifi_sample: [451985956,323700,10753801,173975,451956643,323011,10913657,174166,451956643,323011,10874261,173970,-1]
08-06 11:07:00.311   713  1259 I am_home_stack_moved: [0,0,1,1,sourceStackToFront]
08-06 11:07:00.312   713  1259 I wm_task_moved: [4,1,0]
08-06 11:07:00.325   713  1259 I am_create_activity: [0,1015786400,4,com.youku.phone/com.youku.userchannel.UserChannelSearchActivity,NULL,NULL,NULL,0]
08-06 11:07:00.329   713  1259 I am_pause_activity: [0,550248429,com.youku.phone/com.youku.userchannel.ShowUserChannel]
08-06 11:07:00.339   713  1259 I am_home_stack_moved: [0,0,1,1,startedActivity setFocusedActivity]
08-06 11:07:00.348   713  1259 I am_focused_activity: [0,com.youku.phone/com.youku.userchannel.UserChannelSearchActivity]
08-06 11:07:00.506  2545  2545 I am_on_paused_called: [0,com.youku.userchannel.ShowUserChannel]
08-06 11:07:00.512   713 15395 I am_restart_activity: [0,1015786400,4,com.youku.phone/com.youku.userchannel.UserChannelSearchActivity]
08-06 11:07:01.299  2545  2545 I am_on_resume_called: [0,com.youku.userchannel.UserChannelSearchActivity]
08-06 11:07:01.759   713   783 I am_activity_launch_time: [0,1015786400,com.youku.phone/com.youku.userchannel.UserChannelSearchActivity,1249,1249]
08-06 11:07:01.989   183   183 I sf_frame_dur: [com.youku.phone/com.youku.userchannel.ShowUserChannel,28,2,5,8,5,4,6]
08-06 11:07:03.469  2587  2587 I auditd  : type=1400 audit(0.0:660): avc: denied { read } for comm="OnLineMonitor" name="mem" dev="debugfs" ino=18221 scontext=u:r:untrusted_app:s0 tcontext=u:object_r:debugfs:s0 tclass=file
08-06 11:07:03.479  2587  2587 I auditd  : type=1400 audit(0.0:661): avc: denied { read } for comm="OnLineMonitor" name="mem" dev="debugfs" ino=18221 scontext=u:r:untrusted_app:s0 tcontext=u:object_r:debugfs:s0 tclass=file
08-06 11:07:10.289  2587  2587 I auditd  : type=1400 audit(0.0:662): avc: denied { read } for comm="OnLineMonitor" name="mem" dev="debugfs" ino=18221 scontext=u:r:untrusted_app:s0 tcontext=u:object_r:debugfs:s0 tclass=file
08-06 11:07:10.299  2587  2587 I auditd  : type=1400 audit(0.0:663): avc: denied { read } for comm="OnLineMonitor" name="mem" dev="debugfs" ino=18221 scontext=u:r:untrusted_app:s0 tcontext=u:object_r:debugfs:s0 tclass=file
08-06 11:07:16.299  2587  2587 I auditd  : type=1400 audit(0.0:664): avc: denied { read } for comm="OnLineMonitor" name="mem" dev="debugfs" ino=18221 scontext=u:r:untrusted_app:s0 tcontext=u:object_r:debugfs:s0 tclass=file
08-06 11:07:16.299  2587  2587 I auditd  : type=1400 audit(0.0:665): avc: denied { read } for comm="OnLineMonitor" name="mem" dev="debugfs" ino=18221 scontext=u:r:untrusted_app:s0 tcontext=u:object_r:debugfs:s0 tclass=file
08-06 11:07:21.529  2587  2587 I auditd  : type=1400 audit(0.0:666): avc: denied { read } for comm="OnLineMonitor" name="mem" dev="debugfs" ino=18221 scontext=u:r:untrusted_app:s0 tcontext=u:object_r:debugfs:s0 tclass=file
08-06 11:07:21.529  2587  2587 I auditd  : type=1400 audit(0.0:667): avc: denied { read } for comm="OnLineMonitor" name="mem" dev="debugfs" ino=18221 scontext=u:r:untrusted_app:s0 tcontext=u:object_r:debugfs:s0 tclass=file
08-06 11:07:35.799   713   729 I am_finish_activity: [0,1015786400,4,com.youku.phone/com.youku.userchannel.UserChannelSearchActivity,app-request]
08-06 11:07:35.801   713   729 I am_home_stack_moved: [0,0,1,1,finishActivity adjustTopFocus setFocusedActivity]
08-06 11:07:35.801   713   729 I am_focused_activity: [0,com.youku.phone/com.youku.userchannel.ShowUserChannel]
08-06 11:07:35.802   713   729 I am_pause_activity: [0,1015786400,com.youku.phone/com.youku.userchannel.UserChannelSearchActivity]
08-06 11:07:36.072  2545  2545 I am_on_paused_called: [0,com.youku.userchannel.UserChannelSearchActivity]
08-06 11:07:36.078   713  2782 I am_resume_activity: [0,550248429,4,com.youku.phone/com.youku.userchannel.ShowUserChannel]
08-06 11:07:36.537  2545  2545 I am_on_resume_called: [0,com.youku.userchannel.ShowUserChannel]
08-06 11:07:37.664   183   183 I sf_frame_dur: [com.youku.phone/com.youku.userchannel.UserChannelSearchActivity,19,9,11,13,33,12,3]
08-06 11:07:38.183   713  1019 I am_destroy_activity: [0,1015786400,4,com.youku.phone/com.youku.userchannel.UserChannelSearchActivity,finish-imm]
08-06 11:07:38.650   183   183 I sf_frame_dur: [InputMethod,11,1,1,4,4,9,8]
08-06 11:07:40.099  2587  2587 I auditd  : type=1400 audit(0.0:668): avc: denied { read } for comm="OnLineMonitor" name="mem" dev="debugfs" ino=18221 scontext=u:r:untrusted_app:s0 tcontext=u:object_r:debugfs:s0 tclass=file
08-06 11:07:40.099  2587  2587 I auditd  : type=1400 audit(0.0:669): avc: denied { read } for comm="OnLineMonitor" name="mem" dev="debugfs" ino=18221 scontext=u:r:untrusted_app:s0 tcontext=u:object_r:debugfs:s0 tclass=file
08-06 11:07:40.533   713   713 I free_storage_changed: 12847808512
08-06 11:07:41.985   713  1259 I am_home_stack_moved: [0,0,1,1,intentActivityFound]
08-06 11:07:41.986   713  1259 I wm_task_moved: [4,1,0]
08-06 11:07:44.222   713   730 I am_home_stack_moved: [0,0,1,1,sourceStackToFront]
08-06 11:07:44.222   713   730 I wm_task_moved: [4,1,0]
08-06 11:07:44.230   713   730 I am_create_activity: [0,867115134,4,com.youku.phone/com.youku.ui.activity.DetailActivity,NULL,NULL,NULL,0]
08-06 11:07:44.231   713   730 I am_pause_activity: [0,550248429,com.youku.phone/com.youku.userchannel.ShowUserChannel]
08-06 11:07:44.242   713   730 I am_home_stack_moved: [0,0,1,1,startedActivity setFocusedActivity]
08-06 11:07:44.254   713   730 I am_focused_activity: [0,com.youku.phone/com.youku.ui.activity.DetailActivity]
08-06 11:07:44.323  2545  2545 I am_on_paused_called: [0,com.youku.userchannel.ShowUserChannel]
08-06 11:07:44.330   713  1259 I am_restart_activity: [0,867115134,4,com.youku.phone/com.youku.ui.activity.DetailActivity]
08-06 11:07:44.486   713  2782 I am_finish_activity: [0,124024406,4,com.youku.phone/com.youku.ui.activity.DetailActivity,app-request]
08-06 11:07:44.491   713  2782 I am_destroy_activity: [0,124024406,4,com.youku.phone/com.youku.ui.activity.DetailActivity,finish-imm]
08-06 11:07:49.999  2587  2587 I auditd  : type=1400 audit(0.0:670): avc: denied { read } for comm="OnLineMonitor" name="mem" dev="debugfs" ino=18221 scontext=u:r:untrusted_app:s0 tcontext=u:object_r:debugfs:s0 tclass=file
08-06 11:07:50.019  2587  2587 I auditd  : type=1400 audit(0.0:671): avc: denied { read } for comm="OnLineMonitor" name="mem" dev="debugfs" ino=18221 scontext=u:r:untrusted_app:s0 tcontext=u:object_r:debugfs:s0 tclass=file
08-06 11:07:53.837   713   713 I notification_cancel: [10054,2545,com.youku.phone,11250603,NULL,0,0,64,8,NULL]
08-06 11:07:54.059  2545  2545 I am_on_resume_called: [0,com.youku.ui.activity.DetailActivity]
08-06 11:07:57.733   713   713 I notification_cancel: [10054,2545,com.youku.phone,11250603,NULL,0,0,64,8,NULL]
08-06 11:07:58.688   713   783 I am_activity_launch_time: [0,867115134,com.youku.phone/com.youku.ui.activity.DetailActivity,14360,14360]
08-06 11:07:58.739   183   183 I sf_frame_dur: [com.youku.phone/com.youku.userchannel.ShowUserChannel,0,0,0,1,2,2,2]
08-06 11:08:06.653  2545  2545 I menu_opened: 0
08-06 11:08:11.760   713  1031 I am_home_stack_moved: [0,0,1,1,intentActivityFound]
08-06 11:08:11.760   713  1031 I wm_task_moved: [4,1,0]
08-06 11:08:12.802  2545  2545 I menu_opened: 0
08-06 11:08:15.886   713  1224 I am_home_stack_moved: [0,0,1,1,intentActivityFound]
08-06 11:08:15.886   713  1224 I wm_task_moved: [4,1,0]
08-06 11:08:17.041  2545  2545 I menu_opened: 0
08-06 11:08:18.109  2587  2587 I auditd  : type=1400 audit(0.0:672): avc: denied { read } for comm="OnLineMonitor" name="mem" dev="debugfs" ino=18221 scontext=u:r:untrusted_app:s0 tcontext=u:object_r:debugfs:s0 tclass=file
08-06 11:08:18.139  2587  2587 I auditd  : type=1400 audit(0.0:673): avc: denied { read } for comm="OnLineMonitor" name="mem" dev="debugfs" ino=18221 scontext=u:r:untrusted_app:s0 tcontext=u:object_r:debugfs:s0 tclass=file
08-06 11:08:21.879   713   825 I netstats_mobile_sample: [0,0,0,0,0,0,0,0,0,0,0,0,-1]
08-06 11:08:21.880   713   825 I netstats_wifi_sample: [458892689,328510,10899406,176912,458863199,327807,11047774,177106,458863199,327807,11007574,176906,-1]
08-06 11:08:29.979  2587  2587 I auditd  : type=1400 audit(0.0:674): avc: denied { read } for comm="OnLineMonitor" name="mem" dev="debugfs" ino=18221 scontext=u:r:untrusted_app:s0 tcontext=u:object_r:debugfs:s0 tclass=file
08-06 11:08:30.039  2587  2587 I auditd  : type=1400 audit(0.0:675): avc: denied { read } for comm="OnLineMonitor" name="mem" dev="debugfs" ino=18221 scontext=u:r:untrusted_app:s0 tcontext=u:object_r:debugfs:s0 tclass=file
08-06 11:08:39.907   713  1259 I am_finish_activity: [0,867115134,4,com.youku.phone/com.youku.ui.activity.DetailActivity,app-request]
08-06 11:08:39.909   713  1259 I am_home_stack_moved: [0,0,1,1,finishActivity adjustTopFocus setFocusedActivity]
08-06 11:08:39.909   713  1259 I am_focused_activity: [0,com.youku.phone/com.youku.userchannel.ShowUserChannel]
08-06 11:08:39.910   713  1259 I am_pause_activity: [0,867115134,com.youku.phone/com.youku.ui.activity.DetailActivity]
08-06 11:08:40.414   713   778 I am_resume_activity: [0,550248429,4,com.youku.phone/com.youku.userchannel.ShowUserChannel]
08-06 11:08:43.339  2587  2587 I auditd  : type=1400 audit(0.0:676): avc: denied { read } for comm="OnLineMonitor" name="mem" dev="debugfs" ino=18221 scontext=u:r:untrusted_app:s0 tcontext=u:object_r:debugfs:s0 tclass=file
08-06 11:08:43.349  2587  2587 I auditd  : type=1400 audit(0.0:677): avc: denied { read } for comm="OnLineMonitor" name="mem" dev="debugfs" ino=18221 scontext=u:r:untrusted_app:s0 tcontext=u:object_r:debugfs:s0 tclass=file
08-06 11:08:50.895  2545  2545 I am_on_paused_called: [0,com.youku.ui.activity.DetailActivity]
08-06 11:08:50.900   713  2782 I am_failed_to_pause: [0,867115134,com.youku.phone/com.youku.ui.activity.DetailActivity,(none)]
08-06 11:08:51.075  2545  2545 I am_on_resume_called: [0,com.youku.userchannel.ShowUserChannel]
08-06 11:08:51.341   183   183 I sf_frame_dur: [com.youku.phone/com.youku.ui.activity.DetailActivity,402,420,50,15,1,2,4]
08-06 11:08:51.842   183   183 I sf_frame_dur: [SurfaceView,1,27,46,47,11,9,10]
08-06 11:08:51.850   713   778 I am_destroy_activity: [0,867115134,4,com.youku.phone/com.youku.ui.activity.DetailActivity,finish-imm]
08-06 11:08:52.081   713   713 I notification_cancel: [10054,2545,com.youku.phone,11250603,NULL,0,0,64,8,NULL]
08-06 11:08:52.772   713  1259 I am_home_stack_moved: [0,0,1,1,sourceStackToFront]
08-06 11:08:52.774   713  1259 I wm_task_moved: [4,1,0]
08-06 11:08:52.784   713  1259 I am_create_activity: [0,780283971,4,com.youku.phone/com.youku.ui.activity.WebViewActivity,NULL,NULL,NULL,0]
08-06 11:08:52.789   713  1259 I am_pause_activity: [0,550248429,com.youku.phone/com.youku.userchannel.ShowUserChannel]
08-06 11:08:52.798   713  1259 I am_home_stack_moved: [0,0,1,1,startedActivity setFocusedActivity]
08-06 11:08:52.806   713  1259 I am_focused_activity: [0,com.youku.phone/com.youku.ui.activity.WebViewActivity]
08-06 11:08:52.969  2545  2545 I am_on_paused_called: [0,com.youku.userchannel.ShowUserChannel]
08-06 11:08:52.977   713   808 I am_restart_activity: [0,780283971,4,com.youku.phone/com.youku.ui.activity.WebViewActivity]
08-06 11:08:53.794  2545  2545 I am_on_resume_called: [0,com.youku.ui.activity.WebViewActivity]
08-06 11:08:54.137   713   783 I am_activity_launch_time: [0,780283971,com.youku.phone/com.youku.ui.activity.WebViewActivity,1162,1162]
08-06 11:08:54.535   183   183 I sf_frame_dur: [com.youku.phone/com.youku.userchannel.ShowUserChannel,1,0,0,1,2,3,0]
08-06 11:09:02.589   868   868 I sysui_panelholder_touch: [0,678,9]
08-06 11:09:02.674   713   729 I notification_panel_revealed: []
08-06 11:09:02.754   713  1019 I notification_visibility_changed: [-1|android|17040644|null|1000;-1|android|17040636|null|1000,]
08-06 11:09:03.183   713  1031 I notification_visibility_changed: [,-1|android|17040644|null|1000;-1|android|17040636|null|1000]
08-06 11:09:03.187   713  1285 I notification_panel_hidden: []
08-06 11:09:03.729  2587  2587 I auditd  : type=1400 audit(0.0:678): avc: denied { read } for comm="OnLineMonitor" name="mem" dev="debugfs" ino=18221 scontext=u:r:untrusted_app:s0 tcontext=u:object_r:debugfs:s0 tclass=file
08-06 11:09:03.729  2587  2587 I auditd  : type=1400 audit(0.0:679): avc: denied { read } for comm="OnLineMonitor" name="mem" dev="debugfs" ino=18221 scontext=u:r:untrusted_app:s0 tcontext=u:object_r:debugfs:s0 tclass=file
08-06 11:09:05.219   713   713 I notification_cancel: [1000,713,android,100,CaptivePortal.Notification,0,0,0,8,NULL]
08-06 11:09:10.429   868   868 I sysui_panelholder_touch: [0,192,48]
08-06 11:09:10.451   713  1259 I notification_panel_revealed: []
08-06 11:09:10.462   713  1233 I notification_visibility_changed: [-1|android|17040644|null|1000;-1|android|17040636|null|1000,]
08-06 11:09:11.091   713  1019 I notification_visibility_changed: [,-1|android|17040644|null|1000;-1|android|17040636|null|1000]
08-06 11:09:11.094   713   729 I notification_panel_hidden: []
08-06 11:09:22.399  2587  2587 I auditd  : type=1400 audit(0.0:680): avc: denied { read } for comm="OnLineMonitor" name="mem" dev="debugfs" ino=18221 scontext=u:r:untrusted_app:s0 tcontext=u:object_r:debugfs:s0 tclass=file
08-06 11:09:22.429  2587  2587 I auditd  : type=1400 audit(0.0:681): avc: denied { read } for comm="OnLineMonitor" name="mem" dev="debugfs" ino=18221 scontext=u:r:untrusted_app:s0 tcontext=u:object_r:debugfs:s0 tclass=file
08-06 11:09:28.695   713 29460 I am_finish_activity: [0,780283971,4,com.youku.phone/com.youku.ui.activity.WebViewActivity,app-request]
08-06 11:09:28.697   713 29460 I am_home_stack_moved: [0,0,1,1,finishActivity adjustTopFocus setFocusedActivity]
08-06 11:09:28.698   713 29460 I am_focused_activity: [0,com.youku.phone/com.youku.userchannel.ShowUserChannel]
08-06 11:09:28.698   713 29460 I am_pause_activity: [0,780283971,com.youku.phone/com.youku.ui.activity.WebViewActivity]
08-06 11:09:28.820  2545  2545 I am_on_paused_called: [0,com.youku.ui.activity.WebViewActivity]
08-06 11:09:28.831   713  1019 I am_resume_activity: [0,550248429,4,com.youku.phone/com.youku.userchannel.ShowUserChannel]
08-06 11:09:29.057  2545  2545 I am_on_resume_called: [0,com.youku.userchannel.ShowUserChannel]
08-06 11:09:29.640   713   778 I am_destroy_activity: [0,780283971,4,com.youku.phone/com.youku.ui.activity.WebViewActivity,finish-imm]
08-06 11:09:29.665   183   183 I sf_frame_dur: [com.youku.phone/com.youku.ui.activity.WebViewActivity,60,7,15,6,7,2,8]
08-06 11:09:30.419  2587  2587 I auditd  : type=1400 audit(0.0:682): avc: denied { read } for comm="OnLineMonitor" name="mem" dev="debugfs" ino=18221 scontext=u:r:untrusted_app:s0 tcontext=u:object_r:debugfs:s0 tclass=file
08-06 11:09:30.429  2587  2587 I auditd  : type=1400 audit(0.0:683): avc: denied { read } for comm="OnLineMonitor" name="mem" dev="debugfs" ino=18221 scontext=u:r:untrusted_app:s0 tcontext=u:object_r:debugfs:s0 tclass=file
08-06 11:09:32.803   713  1031 I am_home_stack_moved: [0,0,1,1,sourceStackToFront]
08-06 11:09:32.803   713  1031 I wm_task_moved: [4,1,0]
08-06 11:09:32.820   713  1031 I am_create_activity: [0,301366433,4,com.youku.phone/com.youku.ui.activity.WebViewActivity,NULL,NULL,NULL,0]
08-06 11:09:32.824   713  1031 I am_pause_activity: [0,550248429,com.youku.phone/com.youku.userchannel.ShowUserChannel]
08-06 11:09:32.835   713  1031 I am_home_stack_moved: [0,0,1,1,startedActivity setFocusedActivity]
08-06 11:09:32.842   713  1031 I am_focused_activity: [0,com.youku.phone/com.youku.ui.activity.WebViewActivity]
08-06 11:09:33.174  2545  2545 I am_on_paused_called: [0,com.youku.userchannel.ShowUserChannel]
08-06 11:09:33.180   713  1233 I am_restart_activity: [0,301366433,4,com.youku.phone/com.youku.ui.activity.WebViewActivity]
08-06 11:09:33.794  2545  2545 I am_on_resume_called: [0,com.youku.ui.activity.WebViewActivity]
08-06 11:09:34.380   713   783 I am_activity_launch_time: [0,301366433,com.youku.phone/com.youku.ui.activity.WebViewActivity,1201,1201]
08-06 11:09:34.613   183   183 I sf_frame_dur: [com.youku.phone/com.youku.userchannel.ShowUserChannel,0,0,2,2,3,3,1]
08-06 11:09:37.089  2587  2587 I auditd  : type=1400 audit(0.0:684): avc: denied { read } for comm="OnLineMonitor" name="mem" dev="debugfs" ino=18221 scontext=u:r:untrusted_app:s0 tcontext=u:object_r:debugfs:s0 tclass=file
08-06 11:09:37.089  2587  2587 I auditd  : type=1400 audit(0.0:685): avc: denied { read } for comm="OnLineMonitor" name="mem" dev="debugfs" ino=18221 scontext=u:r:untrusted_app:s0 tcontext=u:object_r:debugfs:s0 tclass=file
08-06 11:09:40.544   713   713 I free_storage_changed: 12854317056
08-06 11:09:42.874   713   808 I am_finish_activity: [0,301366433,4,com.youku.phone/com.youku.ui.activity.WebViewActivity,app-request]
08-06 11:09:42.877   713   808 I am_home_stack_moved: [0,0,1,1,finishActivity adjustTopFocus setFocusedActivity]
08-06 11:09:42.877   713   808 I am_focused_activity: [0,com.youku.phone/com.youku.userchannel.ShowUserChannel]
08-06 11:09:42.877   713   808 I am_pause_activity: [0,301366433,com.youku.phone/com.youku.ui.activity.WebViewActivity]
