08-06 09:34:41.606  1154  1154 D SIMRecords: [SIMRecords] onRecordLoaded 13 requested: true
08-06 09:34:41.625   191   317 D RILC    : RequestComplete, RIL_SOCKET_1
08-06 09:34:41.625   191   317 E RILC    : Send Response to RIL_SOCKET_1
08-06 09:34:41.626  1154  1299 D RILJ    : [3691]< SIM_IO IccIoResponse sw1:0x90 sw2:0x0 [SUB0]
08-06 09:34:41.627  1154  1154 D RILJ    : [3709]> iccIO: SIM_IO 0xb0 0x6f46  path: 3F007FFF,0,0,17 aid: a0000000871002ff86ffff89ffffffff [SUB0]
08-06 09:34:41.658   191   317 D RILC    : RequestComplete, RIL_SOCKET_1
08-06 09:34:41.658   191   317 E RILC    : Send Response to RIL_SOCKET_1
08-06 09:34:41.659  1154  1299 D RilRequest: [3692]< SIM_IO error: com.android.internal.telephony.CommandException: GENERIC_FAILURE ret=IccIoResponse sw1:0x6a sw2:0x82
08-06 09:34:41.660  1154  1154 D SIMRecords: [SIMRecords] onRecordLoaded 12 requested: true
08-06 09:34:41.679   191   317 D RILC    : RequestComplete, RIL_SOCKET_1
08-06 09:34:41.679   191   317 E RILC    : Send Response to RIL_SOCKET_1
08-06 09:34:41.680  1154  1299 D RILJ    : [3693]< SIM_IO IccIoResponse sw1:0x90 sw2:0x0 [SUB0]
08-06 09:34:41.681  1154  1154 D RILJ    : [3710]> iccIO: SIM_IO 0xb2 0x6fc5  path: 3F007FFF,1,4,14 aid: a0000000871002ff86ffff89ffffffff [SUB0]
08-06 09:34:41.687   191   317 D RILC    : RequestComplete, RIL_SOCKET_1
08-06 09:34:41.687   191   317 E RILC    : Send Response to RIL_SOCKET_1
08-06 09:34:41.688  1154  1299 D RILJ    : [3707]< SIM_IO IccIoResponse sw1:0x90 sw2:0x0 [SUB0]
08-06 09:34:41.688  1154  1154 D SIMRecords: [SIMRecords] EF_AD: 00000002
08-06 09:34:41.688  1154  1154 D SIMRecords: [SIMRecords] setting4 mMncLength=2
08-06 09:34:41.689  1154  1154 D SIMRecords: [SIMRecords] mccmncCode=460011
08-06 09:34:41.689  1154  1154 D SIMRecords: [SIMRecords] update mccmnc=46001
08-06 09:34:41.697  1154  1154 D TelephonyManager: getSimOperatorNumeric(): default subId=1
08-06 09:34:41.697  1154  1154 D SubscriptionController: [getPhoneId]- no sims, returning default phoneId=2147483647
08-06 09:34:41.700  1154  1154 D TelephonyManager: getTelephonyProperty: return propVal='null' phoneId=2147483647 property='gsm.sim.operator.numeric' defaultVal='' prop=
08-06 09:34:41.738  1154  1154 D SIMRecords: [SIMRecords] onRecordLoaded 11 requested: true
08-06 09:34:41.738   191   317 D RILC    : RequestComplete, RIL_SOCKET_1
08-06 09:34:41.738   191   317 E RILC    : Send Response to RIL_SOCKET_1
08-06 09:34:41.739  1154  1299 D RILJ    : [3694]< SIM_IO IccIoResponse sw1:0x90 sw2:0x0 [SUB0]
08-06 09:34:41.743  1154  1154 D RILJ    : [3711]> iccIO: SIM_IO 0xb0 0x6f38  path: 3F007FFF,0,0,10 aid: a0000000871002ff86ffff89ffffffff [SUB0]
08-06 09:34:41.771   191   317 D RILC    : RequestComplete, RIL_SOCKET_1
08-06 09:34:41.771   191   317 E RILC    : Send Response to RIL_SOCKET_1
08-06 09:34:41.772  1154  1299 D RilRequest: [3695]< SIM_IO error: com.android.internal.telephony.CommandException: GENERIC_FAILURE ret=IccIoResponse sw1:0x6a sw2:0x82
08-06 09:34:41.772  1154  1154 D SIMRecords: [SIMRecords] onRecordLoaded 10 requested: true
08-06 09:34:41.776  1154  1193 D DCT     : [0]hasMatchedTetherApnSetting: APN=null
08-06 09:34:41.795   191   317 D RILC    : RequestComplete, RIL_SOCKET_1
08-06 09:34:41.795   191   317 E RILC    : Send Response to RIL_SOCKET_1
08-06 09:34:41.796  1154  1299 D RilRequest: [3696]< SIM_IO error: com.android.internal.telephony.CommandException: GENERIC_FAILURE ret=IccIoResponse sw1:0x6a sw2:0x82
08-06 09:34:41.796  1154  1154 E SIMRecords: [SIMRecords] Exception in fetching EF_CSP data com.android.internal.telephony.CommandException: GENERIC_FAILURE
08-06 09:34:41.796  1154  1154 D SIMRecords: [SIMRecords] onRecordLoaded 9 requested: true
08-06 09:34:41.813   191   317 D RILC    : RequestComplete, RIL_SOCKET_1
08-06 09:34:41.813   191   317 E RILC    : Send Response to RIL_SOCKET_1
08-06 09:34:41.814  1154  1299 D RILJ    : [3697]< SIM_IO IccIoResponse sw1:0x90 sw2:0x0 [SUB0]
08-06 09:34:41.815  1154  1154 D RILJ    : [3712]> iccIO: SIM_IO 0xb0 0x6f3e  path: 3F007FFF,0,0,1 aid: a0000000871002ff86ffff89ffffffff [SUB0]
08-06 09:34:41.862   191   317 D RILC    : RequestComplete, RIL_SOCKET_1
08-06 09:34:41.862   191   317 E RILC    : Send Response to RIL_SOCKET_1
08-06 09:34:41.863  1154  1299 D RILJ    : [3698]< SIM_IO IccIoResponse sw1:0x90 sw2:0x0 [SUB0]
08-06 09:34:41.864  1154  1154 D RILJ    : [3713]> iccIO: SIM_IO 0xb0 0x6f05  path: 3F007FFF,0,0,4 aid: a0000000871002ff86ffff89ffffffff [SUB0]
08-06 09:34:41.912   191   317 D RILC    : RequestComplete, RIL_SOCKET_1
08-06 09:34:41.912   191   317 E RILC    : Send Response to RIL_SOCKET_1
08-06 09:34:41.913  1154  1299 D RILJ    : [3699]< SIM_IO IccIoResponse sw1:0x90 sw2:0x0 [SUB0]
08-06 09:34:41.914  1154  1154 D RILJ    : [3714]> iccIO: SIM_IO 0xb0 0x2f05  path: 3F00,0,0,4 aid: a0000000871002ff86ffff89ffffffff [SUB0]
08-06 09:34:41.914   191   317 D RILC    : RequestComplete, RIL_SOCKET_1
08-06 09:34:41.914   191   317 E RILC    : Send Response to RIL_SOCKET_1
08-06 09:34:41.915  1154  1299 D RILJ    : [3705]< SIM_IO IccIoResponse sw1:0x90 sw2:0x0 [SUB0]
08-06 09:34:41.916  1154  1154 D SIMRecords: [SIMRecords] iccid: 89860115921101579076
08-06 09:34:41.916  1154  1154 D SIMRecords: [SIMRecords] onRecordLoaded 8 requested: true
08-06 09:34:41.936   191   317 D RILC    : RequestComplete, RIL_SOCKET_1
08-06 09:34:41.936   191   317 E RILC    : Send Response to RIL_SOCKET_1
08-06 09:34:41.937  1154  1299 D RILJ    : [3706]< SIM_IO IccIoResponse sw1:0x90 sw2:0x0 [SUB0]
08-06 09:34:41.964   191   317 D RILC    : RequestComplete, RIL_SOCKET_1
08-06 09:34:41.964   191   317 E RILC    : Send Response to RIL_SOCKET_1
08-06 09:34:41.965  1154  1299 D RilRequest: [3708]< SIM_IO error: com.android.internal.telephony.CommandException: GENERIC_FAILURE ret=IccIoResponse sw1:0x6a sw2:0x82
08-06 09:34:41.966   191   317 D RILC    : RequestComplete, RIL_SOCKET_1
08-06 09:34:41.966   191   317 E RILC    : Send Response to RIL_SOCKET_1
08-06 09:34:41.968  1154  1299 D RILJ    : [3709]< SIM_IO IccIoResponse sw1:0x90 sw2:0x0 [SUB0]
08-06 09:34:41.968   191   317 D RILC    : RequestComplete, RIL_SOCKET_1
08-06 09:34:41.969   191   317 E RILC    : Send Response to RIL_SOCKET_1
08-06 09:34:41.970   191   317 D RILC    : RequestComplete, RIL_SOCKET_1
08-06 09:34:41.970   191   317 E RILC    : Send Response to RIL_SOCKET_1
08-06 09:34:41.971  1154  1299 D RILJ    : [3710]< SIM_IO IccIoResponse sw1:0x90 sw2:0x0 [SUB0]
08-06 09:34:41.972  1154  1299 D RILJ    : [3711]< SIM_IO IccIoResponse sw1:0x90 sw2:0x0 [SUB0]
08-06 09:34:41.989   191   317 D RILC    : RequestComplete, RIL_SOCKET_1
08-06 09:34:41.989   191   317 E RILC    : Send Response to RIL_SOCKET_1
08-06 09:34:41.989  1154  1299 D RILJ    : [3712]< SIM_IO IccIoResponse sw1:0x90 sw2:0x0 [SUB0]
08-06 09:34:41.991   191   317 D RILC    : RequestComplete, RIL_SOCKET_1
08-06 09:34:41.991   191   317 E RILC    : Send Response to RIL_SOCKET_1
08-06 09:34:41.992  1154  1299 D RILJ    : [3713]< SIM_IO IccIoResponse sw1:0x90 sw2:0x0 [SUB0]
08-06 09:34:41.993   191   317 D RILC    : RequestComplete, RIL_SOCKET_1
08-06 09:34:41.993   191   317 E RILC    : Send Response to RIL_SOCKET_1
08-06 09:34:41.993  1154  1154 D SIMRecords: [SIMRecords] MSISDN: xxxxxxx
08-06 09:34:41.994  1154  1154 D SIMRecords: [SIMRecords] onRecordLoaded 7 requested: true
08-06 09:34:41.994  1154  1299 D RILJ    : [3714]< SIM_IO IccIoResponse sw1:0x90 sw2:0x0 [SUB0]
08-06 09:34:41.994  1154  1154 D SIMRecords: [SIMRecords] getServiceProviderName: no brandOverride
08-06 09:34:41.995  1154  1154 D SIMRecords: [SIMRecords] getServiceProviderName: providerName=
08-06 09:34:41.995  1154  1154 D SIMRecords: [SIMRecords] Load EF_SPN:  spnDisplayCondition: 0
08-06 09:34:41.995  1154  1154 D SIMRecords: [SIMRecords] getServiceProviderName: no brandOverride
08-06 09:34:41.995  1154  1154 D SIMRecords: [SIMRecords] getServiceProviderName: providerName=
08-06 09:34:41.996  1154  1154 D TelephonyManager: setTelephonyProperty: success phoneId=0 property=gsm.sim.operator.alpha value:  propVal=
08-06 09:34:41.996  1154  1154 D SIMRecords: [SIMRecords] onRecordLoaded 6 requested: true
08-06 09:34:41.997  1154  1154 D SIMRecords: [SIMRecords] onRecordLoaded 5 requested: true
08-06 09:34:42.000  1154  1154 D SIMRecords: [SIMRecords] SST: UsimServiceTable[80]={ FDN, FDN_EXTENSION, SDN, SDN_EXTENSION, OUTGOING_CALL_INFO, INCOMING_CALL_INFO, SM_STORAGE, SM_STATUS_REPORTS, SM_SERVICE_PARAMS, ADVICE_OF_CHARGE, CAP_CONFIG_PARAMS_2, CB_MESSAGE_ID, CB_MESSAGE_ID_RANGES, GROUP_ID_LEVEL_1, GROUP_ID_LEVEL_2, SPN, USER_PLMN_SELECT, MSISDN, IMAGE, EMLPP, EMLPP_AUTO_ANSWER, GSM_ACCESS, DATA_DL_VIA_SMS_PP, DATA_DL_VIA_SMS_CB, CALL_CONTROL_BY_USIM, MO_SMS_CONTROL_BY_USIM, RUN_AT_COMMAND, IGNORED_1, ENABLED_SERVICES_TABLE, APN_CONTROL_LIST, DEPERSONALISATION_CONTROL_KEYS, COOPERATIVE_NETWORK_LIST, GSM_SECURITY_CONTEXT, CPBCCH_INFO, INVESTIGATION_SCAN, OPERATOR_PLMN_SELECT, HPLMN_SELECT, EXTENSION_5, PLMN_NETWORK_NAME, OPERATOR_PLMN_LIST, SERVICE_PROVIDER_DISPLAY_INFO, MMS_NOTIFICATION, MMS_NOTIFICATION_EXTENSION, MMS_CONNECTIVITY_PARAMS, NETWORK_INDICATION_OF_ALERTING, VGCS_GROUP_ID_LIST, VBS_GROUP_ID_LIST, EQUIVALENT_HPLMN, EQUIVALENT_HPLMN_PRESENTATION }
08-06 09:34:42.000  1154  1154 D SIMRecords: [SIMRecords] onRecordLoaded 4 requested: true
08-06 09:34:42.000  1154  1154 D SIMRecords: [SIMRecords] GID1: ff
08-06 09:34:42.000  1154  1154 D SIMRecords: [SIMRecords] onRecordLoaded 3 requested: true
08-06 09:34:42.000  1154  1154 D SIMRecords: [SIMRecords] EF_LI LOADED
08-06 09:34:42.001  1154  1154 D SIMRecords: [SIMRecords] EF_LI=7a68656e
08-06 09:34:42.001  1154  1154 D SIMRecords: [SIMRecords] onRecordLoaded 2 requested: true
08-06 09:34:42.001  1154  1154 D SIMRecords: [SIMRecords] Invalid or missing EF[MAILBOX]
08-06 09:34:42.001  1154  1154 D SIMRecords: [SIMRecords] onRecordLoaded 1 requested: true
08-06 09:34:42.001  1154  1154 D SIMRecords: [SIMRecords] EF_PL LOADED
08-06 09:34:42.002  1154  1154 D SIMRecords: [SIMRecords] EF_PL=ffffffff
08-06 09:34:42.002  1154  1154 D SIMRecords: [SIMRecords] onRecordLoaded 0 requested: true
08-06 09:34:42.002  1154  1154 D SIMRecords: [SIMRecords] record load complete
08-06 09:34:42.005  1154  1154 D SIMRecords: [SIMRecords] languages from sim = zh
08-06 09:34:42.006  1154  1154 D SIMRecords: [SIMRecords] Setting locale to zh_cn
08-06 09:34:42.006  1154  1154 D SIMRecords: [SIMRecords] onAllRecordsLoaded set 'gsm.sim.operator.numeric' to operator='46001'
08-06 09:34:42.006  1154  1154 D SIMRecords: [SIMRecords] update icc_operator_numeric=46001
08-06 09:34:42.007  1154  1154 D TelephonyManager: setTelephonyProperty: success phoneId=0 property=gsm.sim.operator.numeric value: 46001 propVal=46001
08-06 09:34:42.008  1154  1154 D SubscriptionController: [setMccMnc]+ mcc/mnc:460/1 subId:1
08-06 09:34:42.032  1154  1154 D SubscriptionController: notifySubscriptionInfoChanged:
08-06 09:34:42.034   713   713 D TelephonyManager: getSimOperatorNumeric(): default subId=1
08-06 09:34:42.035  1154  1204 D SubscriptionController: [getPhoneId]- no sims, returning default phoneId=2147483647
08-06 09:34:42.036  1154  1154 D SIMRecords: [SIMRecords] onAllRecordsLoaded set mcc imsi=460011952973996
08-06 09:34:42.036  1154  1154 D TelephonyManager: setTelephonyProperty: success phoneId=0 property=gsm.sim.operator.iso-country value: cn propVal=cn
08-06 09:34:42.037   713   713 D TelephonyManager: getTelephonyProperty: return propVal='null' phoneId=2147483647 property='gsm.sim.operator.numeric' defaultVal='' prop=46001
08-06 09:34:42.041  1154  1154 D GsmSST  : [GsmSST] SubscriptionListener.onSubscriptionInfoChanged
08-06 09:34:42.041  1154  1154 D SubscriptionController: [getSubId]- mSlotIdToSubIdMap.size == 0, return DummySubIds slotIdx=0
08-06 09:34:42.041  1154  1154 D SubscriptionController: getDummySubIds: slotIdx=0 return 1 DummySubIds with each subId=-2
08-06 09:34:42.042  1154  1154 D DctController: onSubInfoReady mPhoneNum=1
08-06 09:34:42.042  1154  1154 D SubscriptionController: [getSubId]- mSlotIdToSubIdMap.size == 0, return DummySubIds slotIdx=0
08-06 09:34:42.042  1154  1154 D SubscriptionController: getDummySubIds: slotIdx=0 return 1 DummySubIds with each subId=-2
08-06 09:34:42.042  1154  1154 D DctController: onSubInfoReady handle pending requests subId=-2
08-06 09:34:42.042  1154  1154 D SubscriptionController: [getSubId]- mSlotIdToSubIdMap.size == 0, return DummySubIds slotIdx=0
08-06 09:34:42.043  1154  1154 D SubscriptionController: getDummySubIds: slotIdx=0 return 1 DummySubIds with each subId=-2
08-06 09:34:42.043  1154  1154 D DctController: [TNF -2]evalPendingRequest, pending request size is 1
08-06 09:34:42.043  1154  1154 D SubscriptionController: [getSubId]- mSlotIdToSubIdMap.size == 0, return DummySubIds slotIdx=0
08-06 09:34:42.044  1154  1154 D SubscriptionController: getDummySubIds: slotIdx=0 return 1 DummySubIds with each subId=-2
08-06 09:34:42.044  1154  1154 D DctController: [TNF -2]evalPendingRequest: request = NetworkRequest [ id=1, legacyType=-1, [ Capabilities: INTERNET&NOT_RESTRICTED&TRUSTED&NOT_VPN] ]
08-06 09:34:42.045  1154  1154 D SubscriptionController: [getSubId]- mSlotIdToSubIdMap.size == 0, return DummySubIds slotIdx=0
08-06 09:34:42.045  1154  1154 D SubscriptionController: getDummySubIds: slotIdx=0 return 1 DummySubIds with each subId=-2
08-06 09:34:42.045  1154  1154 D DctController: [TNF -2]Cellular needs Network for NetworkRequest [ id=1, legacyType=-1, [ Capabilities: INTERNET&NOT_RESTRICTED&TRUSTED&NOT_VPN] ]
08-06 09:34:42.045  1154  1154 D SubscriptionController: [getSubId]- mSlotIdToSubIdMap.size == 0, return DummySubIds slotIdx=0
08-06 09:34:42.045  1154  1154 D SubscriptionController: getDummySubIds: slotIdx=0 return 1 DummySubIds with each subId=-2
08-06 09:34:42.046  1154  1154 D SubscriptionController: [getSubId]- mSlotIdToSubIdMap.size == 0, return DummySubIds slotIdx=0
08-06 09:34:42.046  1154  1154 D SubscriptionController: getDummySubIds: slotIdx=0 return 1 DummySubIds with each subId=-2
08-06 09:34:42.046  1154  1154 D DctController: [TNF -2]Sub Info has not been ready, pending request.
08-06 09:34:42.046  1154  1154 D DctController: processRequests
08-06 09:34:42.047  1154  1154 D SubscriptionController: [getActiveSubInfoList]+
08-06 09:34:42.049  1154  1154 D SubscriptionController: [getActiveSubInfoList] Sub Controller not ready
08-06 09:34:42.053  1154  1154 E PhoneBase: Error! unregisterForCallWaiting() in PhoneBase should not be called, CDMAPhone inactive.
08-06 09:34:42.054  1154  1154 D SubscriptionController: [getSubId]- mSlotIdToSubIdMap.size == 0, return DummySubIds slotIdx=0
08-06 09:34:42.054  1154  1154 D SubscriptionController: getDummySubIds: slotIdx=0 return 1 DummySubIds with each subId=-2
08-06 09:34:42.054  1154  1154 D SubscriptionController: [getSubId]- mSlotIdToSubIdMap.size == 0, return DummySubIds slotIdx=0
08-06 09:34:42.054  1154  1154 D SubscriptionController: getDummySubIds: slotIdx=0 return 1 DummySubIds with each subId=-2
08-06 09:34:42.055  1154  1154 D SubscriptionController: [getPhoneId]- invalid subId return=-1
08-06 09:34:42.058  1154  1154 D PhoneFactory: getPhone:- phoneId != DEFAULT_PHONE_ID return sProxyPhones[phoneId] phoneId=-1 phone=null
08-06 09:34:42.058  1154  1154 D SubscriptionManager: [getPhoneId]- fail
08-06 09:34:42.140  1154  1154 E PhoneBase: Error! registerForCallWaiting() in PhoneBase should not be called, CDMAPhone inactive.
08-06 09:34:42.144  1154  1154 D DCT     : [0]SubscriptionListener.onSubscriptionInfoChanged
08-06 09:34:42.144  1154  1154 D SubscriptionController: [getSubId]- mSlotIdToSubIdMap.size == 0, return DummySubIds slotIdx=0
08-06 09:34:42.145  1154  1154 D SubscriptionController: getDummySubIds: slotIdx=0 return 1 DummySubIds with each subId=-2
08-06 09:34:42.145  1154  1154 D CAT     : CatService: handleMessage[20]
08-06 09:34:42.146  1154  1154 D SubscriptionController: [getSubId]- mSlotIdToSubIdMap.size == 0, return DummySubIds slotIdx=0
08-06 09:34:42.146  1154  1154 D SubscriptionController: getDummySubIds: slotIdx=0 return 1 DummySubIds with each subId=-2
08-06 09:34:42.146  1154  1154 D GSMPhone: [GSMPhone] updateCurrentCarrierInProvider: mSubId = -2 currentDds = 1 operatorNumeric = 46001
08-06 09:34:42.146  1154  1154 D SubscriptionController: [getSubId]- mSlotIdToSubIdMap.size == 0, return DummySubIds slotIdx=0
08-06 09:34:42.146  1154  1154 D SubscriptionController: getDummySubIds: slotIdx=0 return 1 DummySubIds with each subId=-2
08-06 09:34:42.147  1154  1154 D PhoneBase: Voicemail count retrieval for subscriberId = null current subscriberId = 460011952973996
08-06 09:34:42.147  1154  1154 D SubscriptionController: [getSubId]- mSlotIdToSubIdMap.size == 0, return DummySubIds slotIdx=0
08-06 09:34:42.148  1154  1154 D SubscriptionController: getDummySubIds: slotIdx=0 return 1 DummySubIds with each subId=-2
08-06 09:34:42.148  1154  1154 D GSMPhone: updateVoiceMail countVoiceMessages = 0 subId -2
08-06 09:34:42.149  1154  1154 D SubscriptionController: [getSubId]- mSlotIdToSubIdMap.size == 0, return DummySubIds slotIdx=0
08-06 09:34:42.149  1154  1154 D SubscriptionController: getDummySubIds: slotIdx=0 return 1 DummySubIds with each subId=-2
08-06 09:34:42.154  1154  1154 D GsmSST  : [GsmSST] EVENT_SIM_RECORDS_LOADED: what=16
08-06 09:34:42.155  1154  1154 D SST     : updatePhoneObject: Ignore update
08-06 09:34:42.155  1154  1154 D SIMRecords: [SIMRecords] getServiceProviderName: no brandOverride
08-06 09:34:42.156  1154  1154 D SIMRecords: [SIMRecords] getServiceProviderName: providerName=
08-06 09:34:42.156  1154  1154 D GsmSST  : [GsmSST] updateSpnDisplay: radio is on but out of service, set plmn='No service.'
08-06 09:34:42.156  1154  1154 D SIMRecords: [SIMRecords] getServiceProviderName: no brandOverride
08-06 09:34:42.156  1154  1154 D SIMRecords: [SIMRecords] getServiceProviderName: providerName=
08-06 09:34:42.157  1154  1154 D DCT     : [0]handleMessage msg={ when=-119ms what=270338 obj=android.os.AsyncResult@2040071e target=com.android.internal.telephony.dataconnection.DcTracker }
08-06 09:34:42.157  1154  1154 D DCT     : [0]onRecordsLoaded: createAllApnList
08-06 09:34:42.157  1154  1154 D DCT     : [0]createAllApnList: selection=numeric = '46001'
08-06 09:34:42.187  1154  1154 D DCT     : [0]createApnList: X result=[[ApnSettingV3] 3G (China Unicom), 2622, 46001, 3gnet, , null, , , , -1, default | supl, IP, IP, true, 0, 0, false, 0, 0, 0, 0, , , [ApnSettingV3] 3G (China Unicom), 2623, 46001, 3gwap, 10.0.0.172, null, , , 80, -1, default | supl, IP, IP, true, 0, 0, false, 0, 0, 0, 0, , , [ApnSettingV3] 2GNET (China Unicom), 2624, 46001, uninet, , null, , , , -1, default | supl, IP, IP, true, 0, 0, false, 0, 0, 0, 0, , , [ApnSettingV3]  (China Unicom), 2625, 46001, 3gwap, , http://mmsc.myuni.com.cn, 10.0.0.172, 80, , -1, mms, IP, IP, true, 0, 0, false, 0, 0, 0, 0, , , [ApnSettingV3] 2g (China Unicom), 2626, 46001, uniwap, , http://mmsc.myuni.com.cn, 10.0.0.172, 80, , -1, mms, IP, IP, true, 0, 0, false, 0, 0, 0, 0, , ]
08-06 09:34:42.189  1154  1154 D SubscriptionController: [getSubId]- mSlotIdToSubIdMap.size == 0, return DummySubIds slotIdx=0
08-06 09:34:42.190  1154  1154 D SubscriptionController: getDummySubIds: slotIdx=0 return 1 DummySubIds with each subId=-2
08-06 09:34:42.210  1154  1154 D DCT     : [0]getPreferredApn: mRequestedApnType=default cursor=android.content.ContentResolver$CursorWrapperInner@1ca25bff cursor.count=0
08-06 09:34:42.212  1154  1154 D DCT     : [0]getPreferredApn: X not found
08-06 09:34:42.213  1154  1154 D DCT     : [0]createAllApnList: mPreferredApn=null
08-06 09:34:42.216  1154  1154 D DCT     : [0]createAllApnList: X mAllApnSettings=[[ApnSettingV3] 3G (China Unicom), 2622, 46001, 3gnet, , null, , , , -1, default | supl, IP, IP, true, 0, 0, false, 0, 0, 0, 0, , , [ApnSettingV3] 3G (China Unicom), 2623, 46001, 3gwap, 10.0.0.172, http://mmsc.myuni.com.cn, 10.0.0.172, 80, 80, -1, default | supl | mms, IP, IP, true, 0, 0, false, 0, 0, 0, 0, , , [ApnSettingV3] 2GNET (China Unicom), 2624, 46001, uninet, , null, , , , -1, default | supl, IP, IP, true, 0, 0, false, 0, 0, 0, 0, , , [ApnSettingV3] 2g (China Unicom), 2626, 46001, uniwap, , http://mmsc.myuni.com.cn, 10.0.0.172, 80, , -1, mms, IP, IP, true, 0, 0, false, 0, 0, 0, 0, , ]
08-06 09:34:42.216  1154  1154 D DCT     : [0]setDataProfilesAsNeeded
08-06 09:34:42.216  1154  1154 D DCT     : [0]setInitialApn: E mPreferredApn=null
08-06 09:34:42.217  1154  1154 D DCT     : [0]setInitialApn: firstApnSetting=[ApnSettingV3] 3G (China Unicom), 2622, 46001, 3gnet, , null, , , , -1, default | supl, IP, IP, true, 0, 0, false, 0, 0, 0, 0, , 
08-06 09:34:42.218  1154  1154 D DCT     : [0]setInitialApn: defaultApnSetting=[ApnSettingV3] 3G (China Unicom), 2622, 46001, 3gnet, , null, , , , -1, default | supl, IP, IP, true, 0, 0, false, 0, 0, 0, 0, , 
08-06 09:34:42.218  1154  1154 D DCT     : [0]setInitialAttachApn: using defaultApnSetting
08-06 09:34:42.219  1154  1154 D DCT     : [0]setInitialAttachApn: X selected Apn=[ApnSettingV3] 3G (China Unicom), 2622, 46001, 3gnet, , null, , , , -1, default | supl, IP, IP, true, 0, 0, false, 0, 0, 0, 0, , 
08-06 09:34:42.219  1154  1154 D RILJ    : Set RIL_REQUEST_SET_INITIAL_ATTACH_APN [SUB0]
08-06 09:34:42.220  1154  1154 D RILJ    : [3715]> RIL_REQUEST_SET_INITIAL_ATTACH_APN, apn:3gnet, protocol:IP, authType:-1, username:null, password:null [SUB0]
08-06 09:34:42.221  1154  1154 D DCT     : [0]onRecordsLoaded: notifying data availability
08-06 09:34:42.221  1154  1154 D SubscriptionController: [getSubId]- mSlotIdToSubIdMap.size == 0, return DummySubIds slotIdx=0
08-06 09:34:42.222  1154  1154 D SubscriptionController: getDummySubIds: slotIdx=0 return 1 DummySubIds with each subId=-2
08-06 09:34:42.222  1154  1154 D DCT     : [0]isDataAllowed getRecordsLoaded=true
08-06 09:34:42.223  1154  1154 D DCT     : [0]isDataAllowed: not allowed due to - Attached= false
08-06 09:34:42.223  1154  1154 D DCT     : [ApnContext:default] getApnSetting: apnSetting=null
08-06 09:34:42.223  1154  1154 D SubscriptionController: [getPhoneId]- invalid subId return=-1
08-06 09:34:42.226  1154  1154 D PhoneFactory: getPhone:- phoneId != DEFAULT_PHONE_ID return sProxyPhones[phoneId] phoneId=-1 phone=null
08-06 09:34:42.227   713   729 D SubscriptionManager: [getPhoneId]- fail
08-06 09:34:42.233   191   292 D RILC    : RequestComplete, RIL_SOCKET_1
08-06 09:34:42.233   191   292 E RILC    : Send Response to RIL_SOCKET_1
08-06 09:34:42.233  1154  1154 D SubscriptionController: [getSubId]- mSlotIdToSubIdMap.size == 0, return DummySubIds slotIdx=0
08-06 09:34:42.233  1154  1154 D SubscriptionController: getDummySubIds: slotIdx=0 return 1 DummySubIds with each subId=-2
08-06 09:34:42.233  1154  1299 D RILJ    : [3715]< RIL_REQUEST_SET_INITIAL_ATTACH_APN  [SUB0]
08-06 09:34:42.234  1154  1154 D DCT     : [0]isDataAllowed getRecordsLoaded=true
08-06 09:34:42.235  1154  1154 D DCT     : [0]isDataAllowed: not allowed due to - Attached= false
08-06 09:34:42.235  1154  1154 D DCT     : [ApnContext:mms] getApnSetting: apnSetting=null
08-06 09:34:42.235  1154  1154 D SubscriptionController: [getPhoneId]- invalid subId return=-1
08-06 09:34:42.238  1154  1154 D PhoneFactory: getPhone:- phoneId != DEFAULT_PHONE_ID return sProxyPhones[phoneId] phoneId=-1 phone=null
08-06 09:34:42.238   713  1224 D SubscriptionManager: [getPhoneId]- fail
08-06 09:34:42.241  1154  1154 D SubscriptionController: [getSubId]- mSlotIdToSubIdMap.size == 0, return DummySubIds slotIdx=0
08-06 09:34:42.241  1154  1154 D SubscriptionController: getDummySubIds: slotIdx=0 return 1 DummySubIds with each subId=-2
08-06 09:34:42.241  1154  1154 D DCT     : [0]isDataAllowed getRecordsLoaded=true
08-06 09:34:42.242  1154  1154 D DCT     : [0]isDataAllowed: not allowed due to - Attached= false
08-06 09:34:42.242  1154  1154 D DCT     : [ApnContext:cbs] getApnSetting: apnSetting=null
08-06 09:34:42.243  1154  1154 D SubscriptionController: [getPhoneId]- invalid subId return=-1
08-06 09:34:42.245  1154  1154 D PhoneFactory: getPhone:- phoneId != DEFAULT_PHONE_ID return sProxyPhones[phoneId] phoneId=-1 phone=null
08-06 09:34:42.246   713  1248 D SubscriptionManager: [getPhoneId]- fail
08-06 09:34:42.248  1154  1154 D SubscriptionController: [getSubId]- mSlotIdToSubIdMap.size == 0, return DummySubIds slotIdx=0
08-06 09:34:42.248  1154  1154 D SubscriptionController: getDummySubIds: slotIdx=0 return 1 DummySubIds with each subId=-2
08-06 09:34:42.249  1154  1154 D DCT     : [0]isDataAllowed getRecordsLoaded=true
08-06 09:34:42.250  1154  1154 D DCT     : [0]isDataAllowed: not allowed due to - Attached= false
08-06 09:34:42.250  1154  1154 D DCT     : [ApnContext:fota] getApnSetting: apnSetting=null
08-06 09:34:42.250  1154  1154 D SubscriptionController: [getPhoneId]- invalid subId return=-1
08-06 09:34:42.253  1154  1154 D PhoneFactory: getPhone:- phoneId != DEFAULT_PHONE_ID return sProxyPhones[phoneId] phoneId=-1 phone=null
08-06 09:34:42.253   713   729 D SubscriptionManager: [getPhoneId]- fail
08-06 09:34:42.256  1154  1154 D SubscriptionController: [getSubId]- mSlotIdToSubIdMap.size == 0, return DummySubIds slotIdx=0
08-06 09:34:42.256  1154  1154 D SubscriptionController: getDummySubIds: slotIdx=0 return 1 DummySubIds with each subId=-2
08-06 09:34:42.256  1154  1154 D DCT     : [0]isDataAllowed getRecordsLoaded=true
08-06 09:34:42.257  1154  1154 D DCT     : [0]isDataAllowed: not allowed due to - Attached= false
08-06 09:34:42.257  1154  1154 D DCT     : [ApnContext:supl] getApnSetting: apnSetting=null
08-06 09:34:42.257  1154  1154 D SubscriptionController: [getPhoneId]- invalid subId return=-1
08-06 09:34:42.260  1154  1154 D PhoneFactory: getPhone:- phoneId != DEFAULT_PHONE_ID return sProxyPhones[phoneId] phoneId=-1 phone=null
08-06 09:34:42.261   713   808 D SubscriptionManager: [getPhoneId]- fail
08-06 09:34:42.264  1154  1154 D SubscriptionController: [getSubId]- mSlotIdToSubIdMap.size == 0, return DummySubIds slotIdx=0
08-06 09:34:42.264  1154  1154 D SubscriptionController: getDummySubIds: slotIdx=0 return 1 DummySubIds with each subId=-2
08-06 09:34:42.265  1154  1154 D DCT     : [0]isDataAllowed getRecordsLoaded=true
08-06 09:34:42.265  1154  1154 D DCT     : [0]isDataAllowed: not allowed due to - Attached= false
08-06 09:34:42.265  1154  1154 D DCT     : [ApnContext:ia] getApnSetting: apnSetting=null
08-06 09:34:42.266  1154  1154 D SubscriptionController: [getPhoneId]- invalid subId return=-1
08-06 09:34:42.269  1154  1154 D PhoneFactory: getPhone:- phoneId != DEFAULT_PHONE_ID return sProxyPhones[phoneId] phoneId=-1 phone=null
08-06 09:34:42.269   713  1019 D SubscriptionManager: [getPhoneId]- fail
08-06 09:34:42.271  1154  1154 D SubscriptionController: [getSubId]- mSlotIdToSubIdMap.size == 0, return DummySubIds slotIdx=0
08-06 09:34:42.271  1154  1154 D SubscriptionController: getDummySubIds: slotIdx=0 return 1 DummySubIds with each subId=-2
08-06 09:34:42.272  1154  1154 D DCT     : [0]isDataAllowed getRecordsLoaded=true
08-06 09:34:42.273  1154  1154 D DCT     : [0]isDataAllowed: not allowed due to - Attached= false
08-06 09:34:42.273  1154  1154 D DCT     : [ApnContext:dun] getApnSetting: apnSetting=null
08-06 09:34:42.273  1154  1154 D SubscriptionController: [getPhoneId]- invalid subId return=-1
08-06 09:34:42.276  1154  1154 D PhoneFactory: getPhone:- phoneId != DEFAULT_PHONE_ID return sProxyPhones[phoneId] phoneId=-1 phone=null
08-06 09:34:42.277   713  1285 D SubscriptionManager: [getPhoneId]- fail
08-06 09:34:42.279  1154  1154 D SubscriptionController: [getSubId]- mSlotIdToSubIdMap.size == 0, return DummySubIds slotIdx=0
08-06 09:34:42.279  1154  1154 D SubscriptionController: getDummySubIds: slotIdx=0 return 1 DummySubIds with each subId=-2
08-06 09:34:42.280  1154  1154 D DCT     : [0]isDataAllowed getRecordsLoaded=true
08-06 09:34:42.281  1154  1154 D DCT     : [0]isDataAllowed: not allowed due to - Attached= false
08-06 09:34:42.281  1154  1154 D DCT     : [ApnContext:hipri] getApnSetting: apnSetting=null
08-06 09:34:42.281  1154  1154 D SubscriptionController: [getPhoneId]- invalid subId return=-1
08-06 09:34:42.284  1154  1154 D PhoneFactory: getPhone:- phoneId != DEFAULT_PHONE_ID return sProxyPhones[phoneId] phoneId=-1 phone=null
08-06 09:34:42.285   713  1259 D SubscriptionManager: [getPhoneId]- fail
08-06 09:34:42.288  1154  1154 D SubscriptionController: [getSubId]- mSlotIdToSubIdMap.size == 0, return DummySubIds slotIdx=0
08-06 09:34:42.288  1154  1154 D SubscriptionController: getDummySubIds: slotIdx=0 return 1 DummySubIds with each subId=-2
08-06 09:34:42.289  1154  1154 D DCT     : [0]isDataAllowed getRecordsLoaded=true
08-06 09:34:42.289  1154  1154 D DCT     : [0]isDataAllowed: not allowed due to - Attached= false
08-06 09:34:42.290  1154  1154 D DCT     : [ApnContext:ims] getApnSetting: apnSetting=null
08-06 09:34:42.290  1154  1154 D SubscriptionController: [getPhoneId]- invalid subId return=-1
08-06 09:34:42.293  1154  1154 D PhoneFactory: getPhone:- phoneId != DEFAULT_PHONE_ID return sProxyPhones[phoneId] phoneId=-1 phone=null
08-06 09:34:42.294   713   730 D SubscriptionManager: [getPhoneId]- fail
08-06 09:34:42.296  1154  1154 D DCT     : [0]setupDataOnConnectableApns: simLoaded
08-06 09:34:42.297  1154  1154 D DCT     : [0]setupDataOnConnectableApns: apnContext {mApnType=hipri mState=IDLE mWaitingApns={null} mWaitingApnsPermanentFailureCountDown=0 mApnSetting={null} mReason=radioTurnedOff mDataEnabled=false mDependencyMet=true}
08-06 09:34:42.297  1154  1154 D DCT     : [0]setupDataOnConnectableApns: apnContext {mApnType=mms mState=IDLE mWaitingApns={null} mWaitingApnsPermanentFailureCountDown=0 mApnSetting={null} mReason=radioTurnedOff mDataEnabled=false mDependencyMet=true}
08-06 09:34:42.298  1154  1154 D DCT     : [0]setupDataOnConnectableApns: apnContext {mApnType=supl mState=IDLE mWaitingApns={null} mWaitingApnsPermanentFailureCountDown=0 mApnSetting={null} mReason=radioTurnedOff mDataEnabled=false mDependencyMet=true}
08-06 09:34:42.298  1154  1154 D DCT     : [0]setupDataOnConnectableApns: apnContext {mApnType=cbs mState=IDLE mWaitingApns={null} mWaitingApnsPermanentFailureCountDown=0 mApnSetting={null} mReason=radioTurnedOff mDataEnabled=false mDependencyMet=true}
08-06 09:34:42.299  1154  1154 D DCT     : [0]setupDataOnConnectableApns: apnContext {mApnType=dun mState=IDLE mWaitingApns={null} mWaitingApnsPermanentFailureCountDown=0 mApnSetting={null} mReason=radioTurnedOff mDataEnabled=false mDependencyMet=true}
08-06 09:34:42.300  1154  1154 D DCT     : [0]setupDataOnConnectableApns: apnContext {mApnType=fota mState=IDLE mWaitingApns={null} mWaitingApnsPermanentFailureCountDown=0 mApnSetting={null} mReason=radioTurnedOff mDataEnabled=false mDependencyMet=true}
08-06 09:34:42.300  1154  1154 D DCT     : [0]setupDataOnConnectableApns: apnContext {mApnType=ims mState=IDLE mWaitingApns={null} mWaitingApnsPermanentFailureCountDown=0 mApnSetting={null} mReason=radioTurnedOff mDataEnabled=false mDependencyMet=true}
08-06 09:34:42.301  1154  1154 D DCT     : [0]setupDataOnConnectableApns: apnContext {mApnType=default mState=IDLE mWaitingApns={null} mWaitingApnsPermanentFailureCountDown=0 mApnSetting={null} mReason=radioTurnedOff mDataEnabled=false mDependencyMet=true}
08-06 09:34:42.301  1154  1154 D DCT     : [0]setupDataOnConnectableApns: apnContext {mApnType=ia mState=IDLE mWaitingApns={null} mWaitingApnsPermanentFailureCountDown=0 mApnSetting={null} mReason=radioTurnedOff mDataEnabled=false mDependencyMet=true}
08-06 09:34:42.311  1154  1154 D IccCardProxy: operator=46001 mPhoneId=0
08-06 09:34:42.311  1154  1154 D IccCardProxy: update icc_operator_numeric=46001
08-06 09:34:42.312  1154  1154 D TelephonyManager: setTelephonyProperty: success phoneId=0 property=gsm.sim.operator.numeric value: 46001 propVal=46001
08-06 09:34:42.312  1154  1154 D TelephonyManager: setTelephonyProperty: success phoneId=0 property=gsm.sim.operator.iso-country value: cn propVal=cn
08-06 09:34:42.313  1154  1154 D IccCardProxy: Sending intent ACTION_INTERNAL_SIM_STATE_CHANGED for mPhoneId : 0
08-06 09:34:42.315  1154  1154 D DctController: handleMessage msg={ when=-269ms what=100 target=com.android.internal.telephony.dataconnection.DctController }
08-06 09:34:42.315  1154  1154 D DctController: getTopPriorityRequestPhoneId = 0, priority = -1
08-06 09:34:42.316  1154  1154 D DcSwitchAsyncChannel: [DcSwitchAsyncChannel-0]: rspIsIdle=true
08-06 09:34:42.316  1154  1154 D DctController: onProcessRequest phoneId=0, activePhoneId=-1
08-06 09:34:42.317  1154  1154 D SubscriptionManager: [getPhoneId]- fail
08-06 09:34:42.317  1154  1154 D SubscriptionController: [getSubId]- mSlotIdToSubIdMap.size == 0, return DummySubIds slotIdx=0
08-06 09:34:42.317  1154  1154 D SubscriptionController: getDummySubIds: slotIdx=0 return 1 DummySubIds with each subId=-2
08-06 09:34:42.317  1154  1154 D DCT     : [0]getDataOnRoamingEnabled: phoneSubId=-2 isDataRoamingEnabled=true
08-06 09:34:42.318  1154  1154 D SubscriptionManager: [getPhoneId]- fail
08-06 09:34:42.318  1154  1154 D SubscriptionController: [getSubId]- mSlotIdToSubIdMap.size == 0, return DummySubIds slotIdx=0
08-06 09:34:42.318  1154  1154 D SubscriptionController: getDummySubIds: slotIdx=0 return 1 DummySubIds with each subId=-2
08-06 09:34:42.318  1154  1154 D DCT     : [0]getDataOnRoamingEnabled: phoneSubId=-2 isDataRoamingEnabled=true
08-06 09:34:42.319  1154  1154 D SubscriptionManager: [getPhoneId]- fail
08-06 09:34:42.319  1154  1154 D SubscriptionController: [getSubId]- mSlotIdToSubIdMap.size == 0, return DummySubIds slotIdx=0
08-06 09:34:42.319  1154  1154 D SubscriptionController: getDummySubIds: slotIdx=0 return 1 DummySubIds with each subId=-2
08-06 09:34:42.319  1154  1154 D DCT     : [0]getDataOnRoamingEnabled: phoneSubId=-2 isDataRoamingEnabled=true
08-06 09:34:42.320  1154  1154 D SubscriptionManager: [getPhoneId]- fail
08-06 09:34:42.320  1154  1154 D SubscriptionController: [getSubId]- mSlotIdToSubIdMap.size == 0, return DummySubIds slotIdx=0
08-06 09:34:42.320  1154  1154 D SubscriptionController: getDummySubIds: slotIdx=0 return 1 DummySubIds with each subId=-2
08-06 09:34:42.320  1154  1154 D DCT     : [0]getDataOnRoamingEnabled: phoneSubId=-2 isDataRoamingEnabled=true
08-06 09:34:42.320  1154  1154 D SubscriptionManager: [getPhoneId]- fail
08-06 09:34:42.321  1154  1154 D SubscriptionController: [getSubId]- mSlotIdToSubIdMap.size == 0, return DummySubIds slotIdx=0
08-06 09:34:42.321  1154  1154 D SubscriptionController: getDummySubIds: slotIdx=0 return 1 DummySubIds with each subId=-2
08-06 09:34:42.321  1154  1154 D DCT     : [0]getDataOnRoamingEnabled: phoneSubId=-2 isDataRoamingEnabled=true
08-06 09:34:42.321  1154  1154 D SubscriptionManager: [getPhoneId]- fail
08-06 09:34:42.322  1154  1154 D SubscriptionController: [getSubId]- mSlotIdToSubIdMap.size == 0, return DummySubIds slotIdx=0
08-06 09:34:42.322  1154  1154 D SubscriptionController: getDummySubIds: slotIdx=0 return 1 DummySubIds with each subId=-2
08-06 09:34:42.322  1154  1154 D DCT     : [0]getDataOnRoamingEnabled: phoneSubId=-2 isDataRoamingEnabled=true
08-06 09:34:42.322  1154  1154 D SubscriptionManager: [getPhoneId]- fail
08-06 09:34:42.323  1154  1154 D SubscriptionController: [getSubId]- mSlotIdToSubIdMap.size == 0, return DummySubIds slotIdx=0
08-06 09:34:42.323  1154  1154 D SubscriptionController: getDummySubIds: slotIdx=0 return 1 DummySubIds with each subId=-2
08-06 09:34:42.323  1154  1154 D DCT     : [0]getDataOnRoamingEnabled: phoneSubId=-2 isDataRoamingEnabled=true
08-06 09:34:42.323  1154  1154 D SubscriptionManager: [getPhoneId]- fail
08-06 09:34:42.323  1154  1154 D SubscriptionController: [getSubId]- mSlotIdToSubIdMap.size == 0, return DummySubIds slotIdx=0
08-06 09:34:42.324  1154  1154 D SubscriptionController: getDummySubIds: slotIdx=0 return 1 DummySubIds with each subId=-2
08-06 09:34:42.324  1154  1154 D DCT     : [0]getDataOnRoamingEnabled: phoneSubId=-2 isDataRoamingEnabled=true
08-06 09:34:42.324  1154  1154 D SubscriptionManager: [getPhoneId]- fail
08-06 09:34:42.324  1154  1154 D SubscriptionController: [getSubId]- mSlotIdToSubIdMap.size == 0, return DummySubIds slotIdx=0
08-06 09:34:42.325  1154  1154 D SubscriptionController: getDummySubIds: slotIdx=0 return 1 DummySubIds with each subId=-2
08-06 09:34:42.325  1154  1154 D DCT     : [0]getDataOnRoamingEnabled: phoneSubId=-2 isDataRoamingEnabled=true
08-06 09:34:42.325  1154  1154 D SubscriptionInfoUpdater: [Receiver]+
08-06 09:34:42.326  1154  1154 D SubscriptionInfoUpdater: Action: android.intent.action.internal_sim_state_changed
08-06 09:34:42.326  1154  1154 D SubscriptionInfoUpdater: slotId: 0
08-06 09:34:42.326  1154  1154 D SubscriptionInfoUpdater: simStatus: LOADED
08-06 09:34:42.326  1154  1154 D SubscriptionInfoUpdater: [Receiver]-
08-06 09:34:42.326  1154  1154 D SubscriptionInfoUpdater: handleSimStateLoadedInternal: slotId: 0
08-06 09:34:42.326  1154  1154 D SubscriptionInfoUpdater: All IccIds query complete
08-06 09:34:42.326  1154  1154 D SubscriptionInfoUpdater: updateSubscriptionInfoByIccId:+ Start
08-06 09:34:42.327  1154  1154 D SubscriptionController: [clearSubInfo]+
08-06 09:34:42.327  1154  1154 D SubscriptionController: [clearSubInfo]- no simInfo size=0
08-06 09:34:42.330  1154  1154 D SubscriptionInfoUpdater: insertedSimCount = 1
08-06 09:34:42.330  1154  1154 D SubscriptionController: [getSubInfoUsingSlotIdWithCheck]+ slotId:0
08-06 09:34:42.349  1154  1154 D SubscriptionController: [getPhoneId]- no sims, returning default phoneId=2147483647
08-06 09:34:42.353  1154  1154 D TelephonyManager: getTelephonyProperty: return propVal='null' phoneId=2147483647 property='gsm.sim.operator.iso-country' defaultVal='' prop=cn
08-06 09:34:42.354  1154  1154 D SubscriptionController: [getSubInfoRecord] id:1 iccid:89860115921101579076 simSlotIndex:0 displayName:CARD 1 nameSource:0 iconTint:-16746133 dataRoaming:0 mcc:460 mnc:1 countIso:
08-06 09:34:42.355  1154  1154 D SubscriptionController: [getPhoneId]- no sims, returning default phoneId=2147483647
08-06 09:34:42.358  1154  1154 D PhoneFactory: getPhone:- phoneId == DEFAULT_PHONE_ID return sProxyPhone phoneId=2147483647 phone=Handler (com.android.internal.telephony.PhoneProxy) {ff1ad28}
08-06 09:34:42.359  1154  1154 D SubscriptionController: [getPhoneId]- no sims, returning default phoneId=2147483647
08-06 09:34:42.365  1154  1154 D SubscriptionController: [getSubInfoUsingSlotId]- null info return
08-06 09:34:42.365  1154  1154 D SubscriptionInfoUpdater: updateSubscriptionInfoByIccId: oldSubId = 1
08-06 09:34:42.366  1154  1154 D SubscriptionInfoUpdater: updateSubscriptionInfoByIccId: oldIccId[0] = 89860115921101579076, sIccId[0] = 89860115921101579076
08-06 09:34:42.366  1154  1154 D SubscriptionController: [addSubInfoRecord]+ iccId:89860115921101579076 slotId:0
08-06 09:34:42.369  1154  1154 D SubscriptionController: [getSubId]- mSlotIdToSubIdMap.size == 0, return DummySubIds slotIdx=0
08-06 09:34:42.370  1154  1154 D SubscriptionController: getDummySubIds: slotIdx=0 return 1 DummySubIds with each subId=-2
08-06 09:34:42.370  1154  1154 D SubscriptionManager: [getPhoneId]- fail
08-06 09:34:42.370  1154  1154 D TelephonyManager: getTelephonyProperty: return propVal='null' phoneId=-1 property='gsm.sim.operator.alpha' defaultVal='' prop=
08-06 09:34:42.370  1154  1154 D SubscriptionController: [addSubInfoRecord] sim name = CARD 1
08-06 09:34:42.372  1154  1154 D SubscriptionController: [addSubInfoRecord] carrier name = 
08-06 09:34:42.389  1154  1154 D SubscriptionController: [getActiveSubInfoList]+
08-06 09:34:42.391  1154  1154 D SubscriptionController: [getActiveSubInfoList] Sub Controller not ready
08-06 09:34:42.415  1154  1154 D SubscriptionController: [addSubInfoRecord] Record already exists
08-06 09:34:42.431  1154  1154 D SubscriptionController: [addSubInfoRecord] mSlotIdxToSubId.size=1 slotId=0 subId=1 defaultSubId=1 simCount=1
08-06 09:34:42.434  1154  1154 D SubscriptionController: [setDefaultFallbackSubId] subId=1
08-06 09:34:42.436  1154  1154 D SubscriptionController: [setDefaultFallbackSubId] set mDefaultFallbackSubId=1
08-06 09:34:42.439  1154  1154 D TelephonyManager: getTelephonyProperty: return propVal='46001' phoneId=0 property='gsm.sim.operator.numeric' defaultVal='' prop=46001
08-06 09:34:42.440  1154  1154 D TelephonyManager: getSimOperatorNumeric(): default subId=1
08-06 09:34:42.440  1154  1154 D TelephonyManager: getTelephonyProperty: return propVal='46001' phoneId=0 property='gsm.sim.operator.numeric' defaultVal='' prop=46001
08-06 09:34:42.446  1154  1154 D SubscriptionController: [setDefaultFallbackSubId] broadcast default subId changed phoneId=0 subId=1
08-06 09:34:42.450  1154  1154 D SubscriptionController: [addSubInfoRecord] one sim set defaults to subId=1
08-06 09:34:42.451   713   713 D SubscriptionManager: [getPhoneId]- fail
08-06 09:34:42.453  1154  1154 D SubscriptionController: [setDefaultDataSubId] subId=1
08-06 09:34:42.456  1154  1154 D SubscriptionController: [setDefaultDataSubId] num phones=1
08-06 09:34:42.458  1154  1154 D SubscriptionController: [setDefaultDataSubId] phoneId=0 subId=1 RAF=1
08-06 09:34:42.461  1154  1154 D SubscriptionController: [setDefaultDataSubId] reqRAF=65545
08-06 09:34:42.465  1154  1154 D PhoneFactory: calculatePreferredNetworkType: phoneSubId = 1 networkType = 10
08-06 09:34:42.465  1154  1154 D SubscriptionController: [setDefaultDataSubId] networkType=10
08-06 09:34:42.468  1154  1154 D SubscriptionController: [setDefaultDataSubId] newRAF=65544
08-06 09:34:42.470  1154  1154 D ProxyController: setRadioCapability: mSetRadioAccessFamilyStatus[0]=0
08-06 09:34:42.470  1154  1154 D ProxyController: clearTransaction
08-06 09:34:42.470  1154  1154 D ProxyController: clearTransaction: phoneId=0 status=IDLE
08-06 09:34:42.472  1154  1154 D ProxyController: setRadioCapability: new request session id=-238114718
08-06 09:34:42.472  1154  1154 D ProxyController: setRadioCapability: phoneId=0 status=STARTING
08-06 09:34:42.472  1154  1154 D ProxyController: setRadioCapability: mOldRadioAccessFamily[0]=1
08-06 09:34:42.472  1154  1154 D ProxyController: setRadioCapability: mNewRadioAccessFamily[0]=65544
08-06 09:34:42.473  1154  1154 D RILJ    : [3716]> RIL_REQUEST_SET_RADIO_CAPABILITY {mPhoneId = 0 mVersion=1 mSession=-238114718 mPhase=1 mRadioAccessFamily=1 mLogicModemId=0 mStatus=0} [SUB0]
08-06 09:34:42.474  1154  1154 D SubscriptionController: [updateAllDataConnectionTrackers] sProxyPhones.length=1
08-06 09:34:42.475   191   292 D RILC    : RequestComplete, RIL_SOCKET_1
08-06 09:34:42.475   191   292 E RILC    : Send Response to RIL_SOCKET_1
08-06 09:34:42.475  1154  1299 D RilRequest: [3716]< RIL_REQUEST_SET_RADIO_CAPABILITY error: com.android.internal.telephony.CommandException: GENERIC_FAILURE ret=
08-06 09:34:42.477  1154  1154 D SubscriptionController: [updateAllDataConnectionTrackers] phoneId=0
08-06 09:34:42.479  1154  1154 D PhoneProxy: [PhoneProxy] Updating Data Connection Tracker
08-06 09:34:42.479  1154  1154 D DCT     : [0]update sub = 1
08-06 09:34:42.479  1154  1154 D DCT     : [0]update(): Active DDS, register for all events now!
08-06 09:34:42.480  1154  1154 D GsmSST  : [GsmSST] notifyDataRegStateRilRadioTechnologyChanged: drs=1 rat=0
08-06 09:34:42.480  1154  1154 D TelephonyManager: setTelephonyProperty: success phoneId=0 property=gsm.network.type value: Unknown propVal=Unknown
08-06 09:34:42.481  1154  1154 D DCT     : [0]getDataEnabled: getIntWithSubId retVal=true
08-06 09:34:42.482  1154  1154 D GSMPhone: [GSMPhone] updateCurrentCarrierInProvider: mSubId = 1 currentDds = 1 operatorNumeric = 46001
08-06 09:34:42.535  1154  1154 D SubscriptionController: [broadcastDefaultDataSubIdChanged] subId=1
08-06 09:34:42.541  1154  1154 D SubscriptionController: [setDefaultSmsSubId] subId=1
08-06 09:34:42.546  1154  1154 D SubscriptionController: [broadcastDefaultSmsSubIdChanged] subId=1
08-06 09:34:42.548   191   317 I RILQ    : (0/191):RIL[0][event] qcril_arb_set_data_sys_status: recvd data_sys_status nw=0x0, rat_mask=0x8000, so_mask=0x0
08-06 09:34:42.548   191   317 I RILQ    : (0/191):RIL[0][event] qcril_arb_set_data_sys_status: recvd data_sys_status nw=0x1, rat_mask=0x0, so_mask=0x0
08-06 09:34:42.548   191   317 I RILQ    : (0/191):RIL[0][event] qcril_qmi_nas_update_data_rte: completed, new drte 0 with confidence 4
08-06 09:34:42.549   191   317 I RILC    : RIL_SOCKET_1 UNSOLICITED: UNSOL_RESPONSE_VOICE_NETWORK_STATE_CHANGED length:8
08-06 09:34:42.549   191   317 E RILC    : Send Response to RIL_SOCKET_1
08-06 09:34:42.549   191   317 I RILC    : RIL_SOCKET_1 UNSOLICITED: UNSOL_SIGNAL_STRENGTH length:60
08-06 09:34:42.549   191   317 E RILC    : Send Response to RIL_SOCKET_1
08-06 09:34:42.550  1154  1299 D RILJ    : [UNSL]< UNSOL_RESPONSE_VOICE_NETWORK_STATE_CHANGED [SUB0]
08-06 09:34:42.550  1154  1154 D SubscriptionController: [setDefaultVoiceSubId] subId=1
08-06 09:34:42.554  1154  1154 D SubscriptionController: [broadcastDefaultVoiceSubIdChanged] subId=1
08-06 09:34:42.558  1154  1154 D SubscriptionController: [addSubInfoRecord] hashmap(0,1)
08-06 09:34:42.562  1154  1154 D SubscriptionController: [updateAllDataConnectionTrackers] sProxyPhones.length=1
08-06 09:34:42.565  1154  1154 D SubscriptionController: [updateAllDataConnectionTrackers] phoneId=0
08-06 09:34:42.567  1154  1154 D PhoneProxy: [PhoneProxy] Updating Data Connection Tracker
08-06 09:34:42.567  1154  1154 D DCT     : [0]update sub = 1
08-06 09:34:42.567  1154  1154 D DCT     : [0]update(): Active DDS, register for all events now!
08-06 09:34:42.568  1154  1154 D GsmSST  : [GsmSST] notifyDataRegStateRilRadioTechnologyChanged: drs=1 rat=0
08-06 09:34:42.568  1154  1154 D TelephonyManager: setTelephonyProperty: success phoneId=0 property=gsm.network.type value: Unknown propVal=Unknown
08-06 09:34:42.569  1154  1154 D DCT     : [0]getDataEnabled: getIntWithSubId retVal=true
08-06 09:34:42.570  1154  1154 D GSMPhone: [GSMPhone] updateCurrentCarrierInProvider: mSubId = 1 currentDds = 1 operatorNumeric = 46001
08-06 09:34:42.612  1154  1154 D SubscriptionController: [addSubInfoRecord]- info size=1
08-06 09:34:42.614  1154  1154 D SubscriptionInfoUpdater: newSim = false
08-06 09:34:42.614  1154  1154 D SubscriptionInfoUpdater: updateSubscriptionInfoByIccId: sInsertSimState[0] = 0
08-06 09:34:42.615  1154  1154 D SubscriptionController: [getActiveSubInfoList]+
08-06 09:34:42.618  1154  1154 D SubscriptionController: selection:sim_id>=0 null
08-06 09:34:42.632  1154  1154 D TelephonyManager: getTelephonyProperty: return propVal='cn' phoneId=0 property='gsm.sim.operator.iso-country' defaultVal='' prop=cn
08-06 09:34:42.632  1154  1154 D SubscriptionController: [getSubInfoRecord] id:1 iccid:89860115921101579076 simSlotIndex:0 displayName:CARD 1 nameSource:0 iconTint:-16746133 dataRoaming:0 mcc:460 mnc:1 countIso:cn
08-06 09:34:42.634  1154  1154 D PhoneFactory: getPhone:- phoneId != DEFAULT_PHONE_ID return sProxyPhones[phoneId] phoneId=0 phone=Handler (com.android.internal.telephony.PhoneProxy) {ff1ad28}
08-06 09:34:42.638  1154  1154 D SubscriptionController: [getActiveSubInfoList]- 1 infos return
08-06 09:34:42.640  1154  1154 D SubscriptionInfoUpdater: updateSubscriptionInfoByIccId: nSubCount = 1
08-06 09:34:42.641  1154  1154 D PhoneFactory: getPhone:- phoneId != DEFAULT_PHONE_ID return sProxyPhones[phoneId] phoneId=0 phone=Handler (com.android.internal.telephony.PhoneProxy) {ff1ad28}
08-06 09:34:42.648   191   535 I RILQ    : (0/191):RIL[0][qmi_cb] qcril_qmi_nas_update_data_rte: completed, new drte 0 with confidence 4
08-06 09:34:42.649   191   535 I RILC    : RIL_SOCKET_1 UNSOLICITED: UNSOL_RESPONSE_VOICE_NETWORK_STATE_CHANGED length:8
08-06 09:34:42.649   191   535 E RILC    : Send Response to RIL_SOCKET_1
08-06 09:34:42.649  1154  1299 D RILJ    : [UNSL]< UNSOL_RESPONSE_VOICE_NETWORK_STATE_CHANGED [SUB0]
08-06 09:34:42.650   191   535 I RILC    : RIL_SOCKET_1 UNSOLICITED: UNSOL_RESPONSE_VOICE_NETWORK_STATE_CHANGED length:8
08-06 09:34:42.650   191   535 E RILC    : Send Response to RIL_SOCKET_1
08-06 09:34:42.650   191   535 I RILQ    : (0/191):RIL[0][qmi_cb] qcril_qmi_nas_update_data_rte: completed, new drte 0 with confidence 4
08-06 09:34:42.651   191   535 I RILC    : RIL_SOCKET_1 UNSOLICITED: UNSOL_RESPONSE_VOICE_NETWORK_STATE_CHANGED length:8
08-06 09:34:42.651   191   535 E RILC    : Send Response to RIL_SOCKET_1
08-06 09:34:42.652  1154  1299 D RILJ    : [UNSL]< UNSOL_RESPONSE_VOICE_NETWORK_STATE_CHANGED [SUB0]
08-06 09:34:42.652  1154  1299 D RILJ    : [UNSL]< UNSOL_RESPONSE_VOICE_NETWORK_STATE_CHANGED [SUB0]
08-06 09:34:42.665  1154  1154 D SubscriptionController: notifySubscriptionInfoChanged:
08-06 09:34:42.668   713   713 D TelephonyManager: getSimOperatorNumeric(): default subId=1
08-06 09:34:42.669   713   713 D TelephonyManager: getTelephonyProperty: return propVal='46001' phoneId=0 property='gsm.sim.operator.numeric' defaultVal='' prop=46001
08-06 09:34:42.674  1154  1154 D SubscriptionInfoUpdater: updateSubscriptionInfoByIccId:- SsubscriptionInfo update complete
08-06 09:34:42.676  1154  1154 D TelephonyManager: getSimOperatorNumeric(): default subId=1
08-06 09:34:42.676  1154  1154 D TelephonyManager: getTelephonyProperty: return propVal='46001' phoneId=0 property='gsm.sim.operator.numeric' defaultVal='' prop=46001
08-06 09:34:42.682  1154  1154 D SubscriptionController: [setMccMnc]+ mcc/mnc:460/1 subId:1
08-06 09:34:42.700  1154  1154 D SubscriptionController: notifySubscriptionInfoChanged:
08-06 09:34:42.705  1154  1154 D PhoneFactory: getPhone:- phoneId != DEFAULT_PHONE_ID return sProxyPhones[phoneId] phoneId=0 phone=Handler (com.android.internal.telephony.PhoneProxy) {ff1ad28}
08-06 09:34:42.713  1154  1204 D SubscriptionController: [getActiveSubInfoList]+
