08-06 10:30:20.830   713   808 I am_destroy_activity: [0,924714908,4,com.youku.phone/com.youku.ui.activity.DetailActivity,finish-imm]
08-06 10:30:28.299  2587  2587 I auditd  : type=1400 audit(0.0:462): avc: denied { read } for comm="OnLineMonitor" name="mem" dev="debugfs" ino=18221 scontext=u:r:untrusted_app:s0 tcontext=u:object_r:debugfs:s0 tclass=file
08-06 10:30:28.299  2587  2587 I auditd  : type=1400 audit(0.0:463): avc: denied { read } for comm="OnLineMonitor" name="mem" dev="debugfs" ino=18221 scontext=u:r:untrusted_app:s0 tcontext=u:object_r:debugfs:s0 tclass=file
08-06 10:30:30.345   713   713 I notification_cancel: [10054,2545,com.youku.phone,11250603,NULL,0,0,64,8,NULL]
08-06 10:30:30.537  2545  2545 I am_on_resume_called: [0,com.youku.ui.activity.DetailActivity]
08-06 10:30:32.450   713   713 I notification_cancel: [10054,2545,com.youku.phone,11250603,NULL,0,0,64,8,NULL]
08-06 10:30:33.231   183   183 I sf_frame_dur: [com.youku.phone/com.youku.ui.activity.WebViewActivity,178,64,6,6,3,4,3]
08-06 10:30:33.294   713   783 I am_activity_launch_time: [0,874260577,com.youku.phone/com.youku.ui.activity.DetailActivity,12590,12590]
08-06 10:30:39.757   713   713 I free_storage_changed: 12857860096
08-06 10:30:43.199  2587  2587 I auditd  : type=1400 audit(0.0:464): avc: denied { read } for comm="OnLineMonitor" name="mem" dev="debugfs" ino=18221 scontext=u:r:untrusted_app:s0 tcontext=u:object_r:debugfs:s0 tclass=file
08-06 10:30:43.349  2587  2587 I auditd  : type=1400 audit(0.0:465): avc: denied { read } for comm="OnLineMonitor" name="mem" dev="debugfs" ino=18221 scontext=u:r:untrusted_app:s0 tcontext=u:object_r:debugfs:s0 tclass=file
08-06 10:30:51.569  2587  2587 I auditd  : type=1400 audit(0.0:466): avc: denied { read } for comm="OnLineMonitor" name="mem" dev="debugfs" ino=18221 scontext=u:r:untrusted_app:s0 tcontext=u:object_r:debugfs:s0 tclass=file
08-06 10:30:51.579  2587  2587 I auditd  : type=1400 audit(0.0:467): avc: denied { read } for comm="OnLineMonitor" name="mem" dev="debugfs" ino=18221 scontext=u:r:untrusted_app:s0 tcontext=u:object_r:debugfs:s0 tclass=file
08-06 10:30:56.724   713   825 I netstats_mobile_sample: [0,0,0,0,0,0,0,0,0,0,0,0,-1]
08-06 10:30:56.727   713   825 I netstats_wifi_sample: [331753085,235589,7282046,117297,331735638,235239,7509648,117403,331735638,235239,7487940,117295,-1]
08-06 10:31:05.049  2587  2587 I auditd  : type=1400 audit(0.0:468): avc: denied { read } for comm="OnLineMonitor" name="mem" dev="debugfs" ino=18221 scontext=u:r:untrusted_app:s0 tcontext=u:object_r:debugfs:s0 tclass=file
08-06 10:31:05.079  2587  2587 I auditd  : type=1400 audit(0.0:469): avc: denied { read } for comm="OnLineMonitor" name="mem" dev="debugfs" ino=18221 scontext=u:r:untrusted_app:s0 tcontext=u:object_r:debugfs:s0 tclass=file
08-06 10:31:20.418   183   183 I sf_frame_dur: [VolumePanel,0,0,0,0,1,0,0]
08-06 10:31:20.898   713   729 I am_home_stack_moved: [0,0,1,1,sourceStackToFront]
08-06 10:31:20.898   713   729 I wm_task_moved: [4,1,0]
08-06 10:31:20.913   713   729 I am_create_activity: [0,512408351,4,com.youku.phone/com.youku.ui.activity.WebViewActivity,com.youku.action.YoukuWebview,NULL,NULL,0]
08-06 10:31:20.920   713   729 I am_pause_activity: [0,874260577,com.youku.phone/com.youku.ui.activity.DetailActivity]
08-06 10:31:20.931   713   729 I am_home_stack_moved: [0,0,1,1,startedActivity setFocusedActivity]
08-06 10:31:20.934   713   729 I am_focused_activity: [0,com.youku.phone/com.youku.ui.activity.WebViewActivity]
08-06 10:31:21.474   713   778 I am_restart_activity: [0,512408351,4,com.youku.phone/com.youku.ui.activity.WebViewActivity]
08-06 10:31:22.138  2545  2545 I am_on_paused_called: [0,com.youku.ui.activity.DetailActivity]
08-06 10:31:22.139   713  1233 I am_failed_to_pause: [0,874260577,com.youku.phone/com.youku.ui.activity.DetailActivity,(none)]
08-06 10:31:22.535   713   825 I netstats_mobile_sample: [0,0,0,0,0,0,0,0,0,0,0,0,-1]
08-06 10:31:22.536   713   825 I netstats_wifi_sample: [335194743,237989,7351702,118642,335177348,237636,7577652,118750,335177348,237636,7555542,118640,-1]
08-06 10:31:23.028  2545  2545 I am_on_resume_called: [0,com.youku.ui.activity.WebViewActivity]
08-06 10:31:23.905   713   783 I am_activity_launch_time: [0,512408351,com.youku.phone/com.youku.ui.activity.WebViewActivity,2467,2467]
08-06 10:31:24.217   183   183 I sf_frame_dur: [SurfaceView,10,53,38,40,30,11,6]
08-06 10:31:24.217   183   183 I sf_frame_dur: [com.youku.phone/com.youku.ui.activity.DetailActivity,620,357,40,3,9,5,7]
08-06 10:31:25.889  2587  2587 I auditd  : type=1400 audit(0.0:470): avc: denied { read } for comm="OnLineMonitor" name="mem" dev="debugfs" ino=18221 scontext=u:r:untrusted_app:s0 tcontext=u:object_r:debugfs:s0 tclass=file
08-06 10:31:25.889  2587  2587 I auditd  : type=1400 audit(0.0:471): avc: denied { read } for comm="OnLineMonitor" name="mem" dev="debugfs" ino=18221 scontext=u:r:untrusted_app:s0 tcontext=u:object_r:debugfs:s0 tclass=file
08-06 10:31:40.779  2587  2587 I auditd  : type=1400 audit(0.0:472): avc: denied { read } for comm="OnLineMonitor" name="mem" dev="debugfs" ino=18221 scontext=u:r:untrusted_app:s0 tcontext=u:object_r:debugfs:s0 tclass=file
08-06 10:31:40.779  2587  2587 I auditd  : type=1400 audit(0.0:473): avc: denied { read } for comm="OnLineMonitor" name="mem" dev="debugfs" ino=18221 scontext=u:r:untrusted_app:s0 tcontext=u:object_r:debugfs:s0 tclass=file
08-06 10:31:48.279  2587  2587 I auditd  : type=1400 audit(0.0:474): avc: denied { read } for comm="OnLineMonitor" name="mem" dev="debugfs" ino=18221 scontext=u:r:untrusted_app:s0 tcontext=u:object_r:debugfs:s0 tclass=file
08-06 10:31:48.289  2587  2587 I auditd  : type=1400 audit(0.0:475): avc: denied { read } for comm="OnLineMonitor" name="mem" dev="debugfs" ino=18221 scontext=u:r:untrusted_app:s0 tcontext=u:object_r:debugfs:s0 tclass=file
08-06 10:31:54.439  2587  2587 I auditd  : type=1400 audit(0.0:476): avc: denied { read } for comm="OnLineMonitor" name="mem" dev="debugfs" ino=18221 scontext=u:r:untrusted_app:s0 tcontext=u:object_r:debugfs:s0 tclass=file
08-06 10:31:54.469  2587  2587 I auditd  : type=1400 audit(0.0:477): avc: denied { read } for comm="OnLineMonitor" name="mem" dev="debugfs" ino=18221 scontext=u:r:untrusted_app:s0 tcontext=u:object_r:debugfs:s0 tclass=file
08-06 10:31:58.949   183   183 I sf_frame_dur: [VolumePanel,0,0,0,0,1,0,0]
08-06 10:32:07.036  2545  2545 I menu_item_selected: [0,]
08-06 10:32:08.454   183   183 I sf_frame_dur: [com.youku.phone/com.youku.ui.activity.WebViewActivity,0,0,0,2,1,0,0]
08-06 10:32:20.085   868   868 I sysui_panelholder_touch: [0,931,48]
08-06 10:32:20.204   713  1248 I notification_panel_revealed: []
08-06 10:32:20.236   713  1259 I notification_visibility_changed: [0|com.android.systemui|789|null|10013;-1|android|17040644|null|1000,]
08-06 10:32:20.848   713  1259 I notification_visibility_changed: [,0|com.android.systemui|789|null|10013;-1|android|17040644|null|1000]
08-06 10:32:20.851   713  6776 I notification_panel_hidden: []
08-06 10:32:24.833   713  1248 I battery_level: [40,3758,431]
08-06 10:32:24.844   713   713 I notification_cancel: [10013,868,com.android.systemui,100,low_battery,-1,0,64,8,NULL]
08-06 10:33:02.577   713  6134 I am_finish_activity: [0,512408351,4,com.youku.phone/com.youku.ui.activity.WebViewActivity,app-request]
08-06 10:33:02.582   713  6134 I am_home_stack_moved: [0,0,1,1,finishActivity adjustTopFocus setFocusedActivity]
08-06 10:33:02.583   713  6134 I am_focused_activity: [0,com.youku.phone/com.youku.ui.activity.DetailActivity]
08-06 10:33:02.583   713  6134 I am_pause_activity: [0,512408351,com.youku.phone/com.youku.ui.activity.WebViewActivity]
08-06 10:33:02.701  2545  2545 I am_on_paused_called: [0,com.youku.ui.activity.WebViewActivity]
08-06 10:33:02.710   713  1259 I am_resume_activity: [0,874260577,4,com.youku.phone/com.youku.ui.activity.DetailActivity]
08-06 10:33:02.849   713   713 I notification_cancel: [10054,2545,com.youku.phone,11250603,NULL,0,0,64,8,NULL]
08-06 10:33:03.182  2545  2545 I am_on_resume_called: [0,com.youku.ui.activity.DetailActivity]
08-06 10:33:07.279  2587  2587 I auditd  : type=1400 audit(0.0:478): avc: denied { read } for comm="OnLineMonitor" name="mem" dev="debugfs" ino=18221 scontext=u:r:untrusted_app:s0 tcontext=u:object_r:debugfs:s0 tclass=file
08-06 10:33:07.287   183   183 I sf_frame_dur: [com.youku.phone/com.youku.ui.activity.WebViewActivity,737,84,18,26,30,38,21]
08-06 10:33:07.309  2587  2587 I auditd  : type=1400 audit(0.0:479): avc: denied { read } for comm="OnLineMonitor" name="mem" dev="debugfs" ino=18221 scontext=u:r:untrusted_app:s0 tcontext=u:object_r:debugfs:s0 tclass=file
08-06 10:33:07.408   713 29460 I am_destroy_activity: [0,512408351,4,com.youku.phone/com.youku.ui.activity.WebViewActivity,finish-imm]
08-06 10:33:11.769  2587  2587 I auditd  : type=1400 audit(0.0:480): avc: denied { read } for comm="OnLineMonitor" name="mem" dev="debugfs" ino=18221 scontext=u:r:untrusted_app:s0 tcontext=u:object_r:debugfs:s0 tclass=file
08-06 10:33:11.779  2587  2587 I auditd  : type=1400 audit(0.0:481): avc: denied { read } for comm="OnLineMonitor" name="mem" dev="debugfs" ino=18221 scontext=u:r:untrusted_app:s0 tcontext=u:object_r:debugfs:s0 tclass=file
08-06 10:33:14.128  2545  2545 I menu_opened: 0
08-06 10:33:19.869  2587  2587 I auditd  : type=1400 audit(0.0:482): avc: denied { read } for comm="OnLineMonitor" name="mem" dev="debugfs" ino=18221 scontext=u:r:untrusted_app:s0 tcontext=u:object_r:debugfs:s0 tclass=file
08-06 10:33:19.889  2587  2587 I auditd  : type=1400 audit(0.0:483): avc: denied { read } for comm="OnLineMonitor" name="mem" dev="debugfs" ino=18221 scontext=u:r:untrusted_app:s0 tcontext=u:object_r:debugfs:s0 tclass=file
08-06 10:33:23.119   183   183 I sf_frame_dur: [VolumePanel,29,8,4,3,1,1,0]
08-06 10:33:25.209  2587  2587 I auditd  : type=1400 audit(0.0:484): avc: denied { read } for comm="OnLineMonitor" name="mem" dev="debugfs" ino=18221 scontext=u:r:untrusted_app:s0 tcontext=u:object_r:debugfs:s0 tclass=file
08-06 10:33:25.219  2587  2587 I auditd  : type=1400 audit(0.0:485): avc: denied { read } for comm="OnLineMonitor" name="mem" dev="debugfs" ino=18221 scontext=u:r:untrusted_app:s0 tcontext=u:object_r:debugfs:s0 tclass=file
08-06 10:33:53.516   183   183 I sf_frame_dur: [VolumePanel,0,0,0,1,0,0,0]
08-06 10:33:54.153   868   868 I sysui_panelholder_touch: [0,625,50]
08-06 10:33:54.325   713   808 I notification_panel_revealed: []
08-06 10:33:54.351   713  1248 I notification_visibility_changed: [0|com.android.systemui|789|null|10013;-1|android|17040644|null|1000,]
08-06 10:33:56.159   713  2782 I notification_visibility_changed: [,0|com.android.systemui|789|null|10013;-1|android|17040644|null|1000]
08-06 10:33:56.174   713  6134 I notification_panel_hidden: []
08-06 10:33:58.432  2545  2545 I menu_opened: 0
08-06 10:34:02.576  2545  2545 I menu_opened: 0
08-06 10:34:53.511  2545  2545 I menu_opened: 0
08-06 10:34:59.673   713  1259 I am_home_stack_moved: [0,0,1,1,intentActivityFound]
08-06 10:34:59.673   713  1259 I wm_task_moved: [4,1,0]
08-06 10:35:02.777  2545  2545 I menu_opened: 0
08-06 10:35:10.473   713  2782 I am_home_stack_moved: [0,0,1,1,sourceStackToFront]
08-06 10:35:10.473   713  2782 I wm_task_moved: [4,1,0]
08-06 10:35:10.487   713  2782 I am_create_activity: [0,1009613568,4,com.youku.phone/com.youku.ui.activity.WebViewActivity,com.youku.action.YoukuWebview,NULL,NULL,0]
08-06 10:35:10.496   713  2782 I am_pause_activity: [0,874260577,com.youku.phone/com.youku.ui.activity.DetailActivity]
08-06 10:35:10.503   713  2782 I am_home_stack_moved: [0,0,1,1,startedActivity setFocusedActivity]
08-06 10:35:10.506   713  2782 I am_focused_activity: [0,com.youku.phone/com.youku.ui.activity.WebViewActivity]
08-06 10:35:11.006   713   778 I am_restart_activity: [0,1009613568,4,com.youku.phone/com.youku.ui.activity.WebViewActivity]
08-06 10:35:11.378   713   825 I netstats_mobile_sample: [0,0,0,0,0,0,0,0,0,0,0,0,-1]
08-06 10:35:11.399   713   825 I netstats_wifi_sample: [342236440,243462,7552590,121228,342217376,243071,7775634,121343,342217376,243071,7751916,121225,-1]
08-06 10:35:18.158   713  1019 I battery_level: [39,3772,430]
08-06 10:35:18.179   713   713 I notification_cancel: [10013,868,com.android.systemui,100,low_battery,-1,0,64,8,NULL]
08-06 10:35:19.100  2545  2545 I am_on_paused_called: [0,com.youku.ui.activity.DetailActivity]
08-06 10:35:19.100   713  1259 I am_failed_to_pause: [0,874260577,com.youku.phone/com.youku.ui.activity.DetailActivity,(none)]
08-06 10:35:19.997  2545  2545 I am_on_resume_called: [0,com.youku.ui.activity.WebViewActivity]
08-06 10:35:20.144   183   183 I sf_frame_dur: [SurfaceView,9,6,40,40,13,12,2]
08-06 10:35:20.212   183   183 I sf_frame_dur: [com.youku.phone/com.youku.ui.activity.DetailActivity,561,840,110,35,14,13,20]
08-06 10:35:20.641   713   783 I am_activity_launch_time: [0,1009613568,com.youku.phone/com.youku.ui.activity.WebViewActivity,9637,9637]
08-06 10:35:43.032   183   183 I sf_frame_dur: [VolumePanel,0,1,0,1,0,0,0]
08-06 10:35:50.919  2587  2587 I auditd  : type=1400 audit(0.0:486): avc: denied { read } for comm="OnLineMonitor" name="mem" dev="debugfs" ino=18221 scontext=u:r:untrusted_app:s0 tcontext=u:object_r:debugfs:s0 tclass=file
08-06 10:35:51.329  2587  2587 I auditd  : type=1400 audit(0.0:487): avc: denied { read } for comm="OnLineMonitor" name="mem" dev="debugfs" ino=18221 scontext=u:r:untrusted_app:s0 tcontext=u:object_r:debugfs:s0 tclass=file
08-06 10:35:52.308   713   808 I am_home_stack_moved: [0,0,1,1,intentActivityFound]
08-06 10:35:52.308   713   808 I wm_task_moved: [4,1,0]
08-06 10:35:57.980   713   777 I sync    : [com.youku.auth.provider,0,4,-1645982301]
08-06 10:35:58.469  2587  2587 I auditd  : type=1400 audit(0.0:488): avc: denied { read } for comm="OnLineMonitor" name="mem" dev="debugfs" ino=18221 scontext=u:r:untrusted_app:s0 tcontext=u:object_r:debugfs:s0 tclass=file
08-06 10:35:58.479  2587  2587 I auditd  : type=1400 audit(0.0:489): avc: denied { read } for comm="OnLineMonitor" name="mem" dev="debugfs" ino=18221 scontext=u:r:untrusted_app:s0 tcontext=u:object_r:debugfs:s0 tclass=file
08-06 10:36:00.026   713   777 I sync    : [com.youku.auth.provider,1,4,-1645982301]
08-06 10:36:00.124   713   713 I notification_cancel: [1000,713,android,1266196461,NULL,0,0,0,8,NULL]
08-06 10:36:03.539  2587  2587 I auditd  : type=1400 audit(0.0:490): avc: denied { read } for comm="OnLineMonitor" name="mem" dev="debugfs" ino=18221 scontext=u:r:untrusted_app:s0 tcontext=u:object_r:debugfs:s0 tclass=file
08-06 10:36:03.539  2587  2587 I auditd  : type=1400 audit(0.0:491): avc: denied { read } for comm="OnLineMonitor" name="mem" dev="debugfs" ino=18221 scontext=u:r:untrusted_app:s0 tcontext=u:object_r:debugfs:s0 tclass=file
08-06 10:36:07.991   713 14522 I am_finish_activity: [0,1009613568,4,com.youku.phone/com.youku.ui.activity.WebViewActivity,app-request]
08-06 10:36:07.996   713 14522 I am_home_stack_moved: [0,0,1,1,finishActivity adjustTopFocus setFocusedActivity]
08-06 10:36:07.997   713 14522 I am_focused_activity: [0,com.youku.phone/com.youku.ui.activity.DetailActivity]
08-06 10:36:07.999   713 14522 I am_pause_activity: [0,1009613568,com.youku.phone/com.youku.ui.activity.WebViewActivity]
08-06 10:36:08.176  2545  2545 I am_on_paused_called: [0,com.youku.ui.activity.WebViewActivity]
08-06 10:36:08.182   713  1248 I am_resume_activity: [0,874260577,4,com.youku.phone/com.youku.ui.activity.DetailActivity]
08-06 10:36:08.395   713   713 I notification_cancel: [10054,2545,com.youku.phone,11250603,NULL,0,0,64,8,NULL]
08-06 10:36:08.679  2545  2545 I am_on_resume_called: [0,com.youku.ui.activity.DetailActivity]
08-06 10:36:11.539  2587  2587 I auditd  : type=1400 audit(0.0:492): avc: denied { read } for comm="OnLineMonitor" name="mem" dev="debugfs" ino=18221 scontext=u:r:untrusted_app:s0 tcontext=u:object_r:debugfs:s0 tclass=file
08-06 10:36:11.569  2587  2587 I auditd  : type=1400 audit(0.0:493): avc: denied { read } for comm="OnLineMonitor" name="mem" dev="debugfs" ino=18221 scontext=u:r:untrusted_app:s0 tcontext=u:object_r:debugfs:s0 tclass=file
08-06 10:36:13.163   183   183 I sf_frame_dur: [com.youku.phone/com.youku.ui.activity.WebViewActivity,112,24,7,6,7,4,12]
08-06 10:36:14.404  2545  2545 I menu_opened: 0
08-06 10:36:15.899  2587  2587 I auditd  : type=1400 audit(0.0:494): avc: denied { read } for comm="OnLineMonitor" name="mem" dev="debugfs" ino=18221 scontext=u:r:untrusted_app:s0 tcontext=u:object_r:debugfs:s0 tclass=file
08-06 10:36:15.919  2587  2587 I auditd  : type=1400 audit(0.0:495): avc: denied { read } for comm="OnLineMonitor" name="mem" dev="debugfs" ino=18221 scontext=u:r:untrusted_app:s0 tcontext=u:object_r:debugfs:s0 tclass=file
08-06 10:36:18.184   713   778 I am_destroy_activity: [0,1009613568,4,com.youku.phone/com.youku.ui.activity.WebViewActivity,finish-imm]
08-06 10:36:22.343   713   825 I netstats_mobile_sample: [0,0,0,0,0,0,0,0,0,0,0,0,-1]
08-06 10:36:22.393   713   825 I netstats_wifi_sample: [344551765,245373,7669386,122384,344531820,244970,7888902,122501,344531820,244970,7864782,122381,-1]
08-06 10:36:26.769  2587  2587 I auditd  : type=1400 audit(0.0:496): avc: denied { read } for comm="OnLineMonitor" name="mem" dev="debugfs" ino=18221 scontext=u:r:untrusted_app:s0 tcontext=u:object_r:debugfs:s0 tclass=file
08-06 10:36:26.829  2587  2587 I auditd  : type=1400 audit(0.0:497): avc: denied { read } for comm="OnLineMonitor" name="mem" dev="debugfs" ino=18221 scontext=u:r:untrusted_app:s0 tcontext=u:object_r:debugfs:s0 tclass=file
08-06 10:36:37.069  2587  2587 I auditd  : type=1400 audit(0.0:498): avc: denied { read } for comm="OnLineMonitor" name="mem" dev="debugfs" ino=18221 scontext=u:r:untrusted_app:s0 tcontext=u:object_r:debugfs:s0 tclass=file
08-06 10:36:37.069  2587  2587 I auditd  : type=1400 audit(0.0:499): avc: denied { read } for comm="OnLineMonitor" name="mem" dev="debugfs" ino=18221 scontext=u:r:untrusted_app:s0 tcontext=u:object_r:debugfs:s0 tclass=file
08-06 10:36:37.842   713 14522 I am_home_stack_moved: [0,0,1,1,sourceStackToFront]
08-06 10:36:37.842   713 14522 I wm_task_moved: [4,1,0]
08-06 10:36:37.852   713 14522 I am_create_activity: [0,912515547,4,com.youku.phone/com.youku.userchannel.ShowUserChannel,android.intent.action.VIEW,NULL,youku://userChannel,0]
08-06 10:36:37.854   713 14522 I am_pause_activity: [0,874260577,com.youku.phone/com.youku.ui.activity.DetailActivity]
08-06 10:36:37.870   713 14522 I am_home_stack_moved: [0,0,1,1,startedActivity setFocusedActivity]
08-06 10:36:37.876   713 14522 I am_focused_activity: [0,com.youku.phone/com.youku.userchannel.ShowUserChannel]
08-06 10:36:38.366   713   778 I am_restart_activity: [0,912515547,4,com.youku.phone/com.youku.userchannel.ShowUserChannel]
08-06 10:36:42.701   713   825 I netstats_mobile_sample: [0,0,0,0,0,0,0,0,0,0,0,0,-1]
08-06 10:36:42.702   713   825 I netstats_wifi_sample: [350283856,249319,7770612,124544,350263880,248913,7988330,124663,350263880,248913,7963808,124541,-1]
08-06 10:36:47.242  2545  2545 I am_on_paused_called: [0,com.youku.ui.activity.DetailActivity]
08-06 10:36:47.243   713  2782 I am_failed_to_pause: [0,874260577,com.youku.phone/com.youku.ui.activity.DetailActivity,(none)]
08-06 10:36:48.583  2545  2545 I am_on_resume_called: [0,com.youku.userchannel.ShowUserChannel]
08-06 10:36:48.680   183   183 I sf_frame_dur: [SurfaceView,0,0,9,17,6,8,3]
08-06 10:36:48.748   183   183 I sf_frame_dur: [com.youku.phone/com.youku.ui.activity.DetailActivity,65,173,38,6,5,0,6]
08-06 10:36:49.105   713   783 I am_activity_launch_time: [0,912515547,com.youku.phone/com.youku.userchannel.ShowUserChannel,10741,10741]
08-06 10:36:49.889  2587  2587 I auditd  : type=1400 audit(0.0:500): avc: denied { read } for comm="OnLineMonitor" name="mem" dev="debugfs" ino=18221 scontext=u:r:untrusted_app:s0 tcontext=u:object_r:debugfs:s0 tclass=file
08-06 10:36:49.949  2587  2587 I auditd  : type=1400 audit(0.0:501): avc: denied { read } for comm="OnLineMonitor" name="mem" dev="debugfs" ino=18221 scontext=u:r:untrusted_app:s0 tcontext=u:object_r:debugfs:s0 tclass=file
08-06 10:36:52.679  2587  2587 I auditd  : type=1400 audit(0.0:502): avc: denied { read } for comm="OnLineMonitor" name="mem" dev="debugfs" ino=18221 scontext=u:r:untrusted_app:s0 tcontext=u:object_r:debugfs:s0 tclass=file
08-06 10:36:52.679  2587  2587 I auditd  : type=1400 audit(0.0:503): avc: denied { read } for comm="OnLineMonitor" name="mem" dev="debugfs" ino=18221 scontext=u:r:untrusted_app:s0 tcontext=u:object_r:debugfs:s0 tclass=file
08-06 10:37:00.989  2587  2587 I auditd  : type=1400 audit(0.0:504): avc: denied { read } for comm="OnLineMonitor" name="mem" dev="debugfs" ino=18221 scontext=u:r:untrusted_app:s0 tcontext=u:object_r:debugfs:s0 tclass=file
08-06 10:37:00.999  2587  2587 I auditd  : type=1400 audit(0.0:505): avc: denied { read } for comm="OnLineMonitor" name="mem" dev="debugfs" ino=18221 scontext=u:r:untrusted_app:s0 tcontext=u:object_r:debugfs:s0 tclass=file
08-06 10:37:01.197   713 14522 I am_home_stack_moved: [0,0,1,1,sourceStackToFront]
08-06 10:37:01.197   713 14522 I wm_task_moved: [4,1,0]
08-06 10:37:01.205   713 14522 I am_create_activity: [0,165113446,4,com.youku.phone/com.youku.ui.activity.DetailActivity,NULL,NULL,NULL,0]
08-06 10:37:01.213   713 14522 I am_pause_activity: [0,912515547,com.youku.phone/com.youku.userchannel.ShowUserChannel]
08-06 10:37:01.238   713 14522 I am_home_stack_moved: [0,0,1,1,startedActivity setFocusedActivity]
08-06 10:37:01.244   713 14522 I am_focused_activity: [0,com.youku.phone/com.youku.ui.activity.DetailActivity]
08-06 10:37:01.374  2545  2545 I am_on_paused_called: [0,com.youku.userchannel.ShowUserChannel]
08-06 10:37:01.383   713  6776 I am_restart_activity: [0,165113446,4,com.youku.phone/com.youku.ui.activity.DetailActivity]
08-06 10:37:02.349   713  1248 I am_finish_activity: [0,874260577,4,com.youku.phone/com.youku.ui.activity.DetailActivity,app-request]
08-06 10:37:02.354   713  1248 I am_destroy_activity: [0,874260577,4,com.youku.phone/com.youku.ui.activity.DetailActivity,finish-imm]
08-06 10:37:02.801   713   825 I netstats_mobile_sample: [0,0,0,0,0,0,0,0,0,0,0,0,-1]
08-06 10:37:02.802   713   825 I netstats_wifi_sample: [350616768,249630,7798369,124831,350596473,249220,8015991,124950,350596473,249220,7991469,124828,-1]
08-06 10:37:05.919  2587  2587 I auditd  : type=1400 audit(0.0:506): avc: denied { read } for comm="OnLineMonitor" name="mem" dev="debugfs" ino=18221 scontext=u:r:untrusted_app:s0 tcontext=u:object_r:debugfs:s0 tclass=file
08-06 10:37:05.929  2587  2587 I auditd  : type=1400 audit(0.0:507): avc: denied { read } for comm="OnLineMonitor" name="mem" dev="debugfs" ino=18221 scontext=u:r:untrusted_app:s0 tcontext=u:object_r:debugfs:s0 tclass=file
08-06 10:37:08.464   713   713 I notification_cancel: [10054,2545,com.youku.phone,11250603,NULL,0,0,64,8,NULL]
08-06 10:37:08.542  2545  2545 I am_on_resume_called: [0,com.youku.ui.activity.DetailActivity]
08-06 10:37:10.274   713   713 I notification_cancel: [10054,2545,com.youku.phone,11250603,NULL,0,0,64,8,NULL]
08-06 10:37:10.993   713   783 I am_activity_launch_time: [0,165113446,com.youku.phone/com.youku.ui.activity.DetailActivity,9612,9612]
08-06 10:37:11.016   183   183 I sf_frame_dur: [com.youku.phone/com.youku.userchannel.ShowUserChannel,92,8,4,4,4,5,4]
08-06 10:37:14.510   868   868 I sysui_panelholder_touch: [0,973,40]
08-06 10:37:14.601   713  1224 I notification_panel_revealed: []
08-06 10:37:14.740   713  6776 I notification_visibility_changed: [0|com.android.systemui|789|null|10013;-1|android|17040644|null|1000,]
08-06 10:37:16.139   713  6134 I notification_visibility_changed: [,0|com.android.systemui|789|null|10013;-1|android|17040644|null|1000]
08-06 10:37:16.181   713  1224 I notification_panel_hidden: []
08-06 10:37:32.740  2545  2545 I menu_opened: 0
08-06 10:37:34.759   713  1248 I am_home_stack_moved: [0,0,1,1,intentActivityFound]
08-06 10:37:34.759   713  1248 I wm_task_moved: [4,1,0]
08-06 10:37:40.381   868   868 I sysui_panelholder_touch: [0,766,37]
08-06 10:37:40.474   713 14522 I notification_panel_revealed: []
08-06 10:37:40.534   713  1019 I notification_visibility_changed: [0|com.android.systemui|789|null|10013;-1|android|17040644|null|1000,]
08-06 10:37:41.313   713  1224 I notification_visibility_changed: [,0|com.android.systemui|789|null|10013;-1|android|17040644|null|1000]
08-06 10:37:41.323   713  1248 I notification_panel_hidden: []
08-06 10:37:41.899  2587  2587 I auditd  : type=1400 audit(0.0:508): avc: denied { read } for comm="OnLineMonitor" name="mem" dev="debugfs" ino=18221 scontext=u:r:untrusted_app:s0 tcontext=u:object_r:debugfs:s0 tclass=file
08-06 10:37:41.929  2587  2587 I auditd  : type=1400 audit(0.0:509): avc: denied { read } for comm="OnLineMonitor" name="mem" dev="debugfs" ino=18221 scontext=u:r:untrusted_app:s0 tcontext=u:object_r:debugfs:s0 tclass=file
08-06 10:37:46.869  2587  2587 I auditd  : type=1400 audit(0.0:510): avc: denied { read } for comm="OnLineMonitor" name="mem" dev="debugfs" ino=18221 scontext=u:r:untrusted_app:s0 tcontext=u:object_r:debugfs:s0 tclass=file
08-06 10:37:46.879  2587  2587 I auditd  : type=1400 audit(0.0:511): avc: denied { read } for comm="OnLineMonitor" name="mem" dev="debugfs" ino=18221 scontext=u:r:untrusted_app:s0 tcontext=u:object_r:debugfs:s0 tclass=file
08-06 10:37:50.939  2587  2587 I auditd  : type=1400 audit(0.0:512): avc: denied { read } for comm="OnLineMonitor" name="mem" dev="debugfs" ino=18221 scontext=u:r:untrusted_app:s0 tcontext=u:object_r:debugfs:s0 tclass=file
08-06 10:37:50.949  2587  2587 I auditd  : type=1400 audit(0.0:513): avc: denied { read } for comm="OnLineMonitor" name="mem" dev="debugfs" ino=18221 scontext=u:r:untrusted_app:s0 tcontext=u:object_r:debugfs:s0 tclass=file
08-06 10:37:51.431  2545  2545 I menu_opened: 0
08-06 10:37:55.491  2545  2545 I menu_opened: 0
08-06 10:38:01.702   713  2782 I am_home_stack_moved: [0,0,1,1,intentActivityFound]
08-06 10:38:01.702   713  2782 I wm_task_moved: [4,1,0]
08-06 10:38:04.636   713   713 I notification_cancel: [1000,713,android,100,CaptivePortal.Notification,0,0,0,8,NULL]
08-06 10:38:05.842  2545  2545 I menu_opened: 0
08-06 10:38:09.093   868   868 I sysui_panelholder_touch: [0,684,73]
08-06 10:38:09.227   713  1224 I notification_panel_revealed: []
08-06 10:38:09.274   713  1248 I notification_visibility_changed: [0|com.android.systemui|789|null|10013;-1|android|17040644|null|1000,]
08-06 10:38:10.900   713 14522 I notification_visibility_changed: [,0|com.android.systemui|789|null|10013;-1|android|17040644|null|1000]
08-06 10:38:10.904   713  1019 I notification_panel_hidden: []
08-06 10:38:16.367   183   183 I sf_frame_dur: [VolumePanel,0,0,0,0,0,1,0]
08-06 10:38:22.082  2545  2545 I menu_opened: 0
08-06 10:38:31.437  2545  2545 I menu_opened: 0
08-06 10:38:37.142  2545  2545 I menu_opened: 0
08-06 10:38:49.906   713  1248 I am_home_stack_moved: [0,0,1,1,intentActivityFound]
08-06 10:38:49.906   713  1248 I wm_task_moved: [4,1,0]
08-06 10:38:53.164   713  1224 I am_home_stack_moved: [0,0,1,1,sourceStackToFront]
08-06 10:38:53.164   713  1224 I wm_task_moved: [4,1,0]
08-06 10:38:53.180   713  1224 I am_create_activity: [0,884477194,4,com.youku.phone/com.youku.userchannel.ShowUserChannel,android.intent.action.VIEW,NULL,youku://userChannel,0]
08-06 10:38:53.185   713  1224 I am_pause_activity: [0,165113446,com.youku.phone/com.youku.ui.activity.DetailActivity]
08-06 10:38:53.193   713  1224 I am_home_stack_moved: [0,0,1,1,startedActivity setFocusedActivity]
08-06 10:38:53.196   713  1224 I am_focused_activity: [0,com.youku.phone/com.youku.userchannel.ShowUserChannel]
08-06 10:38:53.694   713   778 I am_restart_activity: [0,884477194,4,com.youku.phone/com.youku.userchannel.ShowUserChannel]
08-06 10:38:55.056  2545  2545 I am_on_paused_called: [0,com.youku.ui.activity.DetailActivity]
08-06 10:38:55.057   713  1224 I am_failed_to_pause: [0,165113446,com.youku.phone/com.youku.ui.activity.DetailActivity,(none)]
08-06 10:38:56.427   713  2782 I am_finish_activity: [0,912515547,4,com.youku.phone/com.youku.userchannel.ShowUserChannel,app-request]
08-06 10:38:56.429   713  2782 I am_destroy_activity: [0,912515547,4,com.youku.phone/com.youku.userchannel.ShowUserChannel,finish-imm]
08-06 10:38:56.659  2545  2545 I am_on_resume_called: [0,com.youku.userchannel.ShowUserChannel]
08-06 10:38:58.146   713   783 I am_activity_launch_time: [0,884477194,com.youku.phone/com.youku.userchannel.ShowUserChannel,4453,4453]
08-06 10:38:59.279  2587  2587 I auditd  : type=1400 audit(0.0:514): avc: denied { read } for comm="OnLineMonitor" name="mem" dev="debugfs" ino=18221 scontext=u:r:untrusted_app:s0 tcontext=u:object_r:debugfs:s0 tclass=file
08-06 10:38:59.279  2587  2587 I auditd  : type=1400 audit(0.0:515): avc: denied { read } for comm="OnLineMonitor" name="mem" dev="debugfs" ino=18221 scontext=u:r:untrusted_app:s0 tcontext=u:object_r:debugfs:s0 tclass=file
08-06 10:39:02.794   183   183 I sf_frame_dur: [com.youku.phone/com.youku.ui.activity.DetailActivity,1913,893,77,28,12,12,11]
08-06 10:39:07.653   713 14522 I am_home_stack_moved: [0,0,1,1,sourceStackToFront]
08-06 10:39:07.653   713 14522 I wm_task_moved: [4,1,0]
08-06 10:39:07.662   713 14522 I am_create_activity: [0,327742152,4,com.youku.phone/com.youku.ui.activity.DetailActivity,NULL,NULL,NULL,0]
08-06 10:39:07.677   713 14522 I am_pause_activity: [0,884477194,com.youku.phone/com.youku.userchannel.ShowUserChannel]
08-06 10:39:07.686   713 14522 I am_home_stack_moved: [0,0,1,1,startedActivity setFocusedActivity]
08-06 10:39:07.689   713 14522 I am_focused_activity: [0,com.youku.phone/com.youku.ui.activity.DetailActivity]
08-06 10:39:08.192   713   778 I am_restart_activity: [0,327742152,4,com.youku.phone/com.youku.ui.activity.DetailActivity]
08-06 10:39:08.576  2545  2545 I am_on_paused_called: [0,com.youku.userchannel.ShowUserChannel]
08-06 10:39:08.580   713  1031 I am_failed_to_pause: [0,884477194,com.youku.phone/com.youku.userchannel.ShowUserChannel,(none)]
08-06 10:39:08.737   713  1031 I am_finish_activity: [0,165113446,4,com.youku.phone/com.youku.ui.activity.DetailActivity,app-request]
08-06 10:39:08.740   713  1031 I am_destroy_activity: [0,165113446,4,com.youku.phone/com.youku.ui.activity.DetailActivity,finish-imm]
08-06 10:39:10.919  2587  2587 I auditd  : type=1400 audit(0.0:516): avc: denied { read } for comm="OnLineMonitor" name="mem" dev="debugfs" ino=18221 scontext=u:r:untrusted_app:s0 tcontext=u:object_r:debugfs:s0 tclass=file
08-06 10:39:10.919  2587  2587 I auditd  : type=1400 audit(0.0:517): avc: denied { read } for comm="OnLineMonitor" name="mem" dev="debugfs" ino=18221 scontext=u:r:untrusted_app:s0 tcontext=u:object_r:debugfs:s0 tclass=file
08-06 10:39:16.004   713   713 I notification_cancel: [10054,2545,com.youku.phone,11250603,NULL,0,0,64,8,NULL]
08-06 10:39:16.213  2545  2545 I am_on_resume_called: [0,com.youku.ui.activity.DetailActivity]
08-06 10:39:18.102   713   713 I notification_cancel: [10054,2545,com.youku.phone,11250603,NULL,0,0,64,8,NULL]
08-06 10:39:18.891   713   783 I am_activity_launch_time: [0,327742152,com.youku.phone/com.youku.ui.activity.DetailActivity,10704,10704]
08-06 10:39:18.951   183   183 I sf_frame_dur: [com.youku.phone/com.youku.userchannel.ShowUserChannel,0,0,0,0,1,2,4]
08-06 10:39:20.087   713  1248 I am_finish_activity: [0,327742152,4,com.youku.phone/com.youku.ui.activity.DetailActivity,app-request]
08-06 10:39:20.089   713  1248 I am_home_stack_moved: [0,0,1,1,finishActivity adjustTopFocus setFocusedActivity]
08-06 10:39:20.089   713  1248 I am_focused_activity: [0,com.youku.phone/com.youku.userchannel.ShowUserChannel]
08-06 10:39:20.089   713  1248 I am_pause_activity: [0,327742152,com.youku.phone/com.youku.ui.activity.DetailActivity]
08-06 10:39:20.593   713   778 I am_resume_activity: [0,884477194,4,com.youku.phone/com.youku.userchannel.ShowUserChannel]
08-06 10:39:21.090  2545  2545 I am_on_paused_called: [0,com.youku.ui.activity.DetailActivity]
08-06 10:39:21.101   713  6776 I am_failed_to_pause: [0,327742152,com.youku.phone/com.youku.ui.activity.DetailActivity,(none)]
08-06 10:39:21.247  2545  2545 I am_on_resume_called: [0,com.youku.userchannel.ShowUserChannel]
08-06 10:39:23.168   183   183 I sf_frame_dur: [com.youku.phone/com.youku.ui.activity.DetailActivity,1,0,1,1,0,1,1]
08-06 10:39:23.453   713  1019 I am_home_stack_moved: [0,0,1,1,sourceStackToFront]
08-06 10:39:23.453   713  1019 I wm_task_moved: [4,1,0]
08-06 10:39:23.464   713  1019 I am_create_activity: [0,416129845,4,com.youku.phone/com.youku.ui.activity.DetailActivity,NULL,NULL,NULL,0]
08-06 10:39:23.476   713  1019 I am_pause_activity: [0,884477194,com.youku.phone/com.youku.userchannel.ShowUserChannel]
08-06 10:39:23.483   713  1019 I am_home_stack_moved: [0,0,1,1,startedActivity setFocusedActivity]
08-06 10:39:23.489   713  1019 I am_focused_activity: [0,com.youku.phone/com.youku.ui.activity.DetailActivity]
08-06 10:39:23.703  2545  2545 I am_on_paused_called: [0,com.youku.userchannel.ShowUserChannel]
08-06 10:39:23.710   713  1031 I am_restart_activity: [0,416129845,4,com.youku.phone/com.youku.ui.activity.DetailActivity]
08-06 10:39:23.729   713   778 I am_destroy_activity: [0,327742152,4,com.youku.phone/com.youku.ui.activity.DetailActivity,finish-imm]
08-06 10:39:24.237   713  1019 I am_home_stack_moved: [0,0,1,1,intentActivityFound]
08-06 10:39:24.238   713  1019 I wm_task_moved: [4,1,0]
08-06 10:39:25.429  2587  2587 I auditd  : type=1400 audit(0.0:518): avc: denied { read } for comm="OnLineMonitor" name="mem" dev="debugfs" ino=18221 scontext=u:r:untrusted_app:s0 tcontext=u:object_r:debugfs:s0 tclass=file
08-06 10:39:25.429  2587  2587 I auditd  : type=1400 audit(0.0:519): avc: denied { read } for comm="OnLineMonitor" name="mem" dev="debugfs" ino=18221 scontext=u:r:untrusted_app:s0 tcontext=u:object_r:debugfs:s0 tclass=file
08-06 10:39:35.388   713   713 I notification_cancel: [10054,2545,com.youku.phone,11250603,NULL,0,0,64,8,NULL]
08-06 10:39:36.926  2545  2545 I am_on_resume_called: [0,com.youku.ui.activity.DetailActivity]
08-06 10:39:37.004   713   713 I notification_cancel: [10054,2545,com.youku.phone,11250603,NULL,0,0,64,8,NULL]
08-06 10:39:39.291   713   783 I am_activity_launch_time: [0,416129845,com.youku.phone/com.youku.ui.activity.DetailActivity,15583,15583]
08-06 10:39:39.354   183   183 I sf_frame_dur: [com.youku.phone/com.youku.userchannel.ShowUserChannel,0,2,0,0,0,1,1]
08-06 10:39:47.891  2545  2545 I menu_opened: 0
08-06 10:39:48.509  2587  2587 I auditd  : type=1400 audit(0.0:520): avc: denied { read } for comm="OnLineMonitor" name="mem" dev="debugfs" ino=18221 scontext=u:r:untrusted_app:s0 tcontext=u:object_r:debugfs:s0 tclass=file
08-06 10:39:48.509  2587  2587 I auditd  : type=1400 audit(0.0:521): avc: denied { read } for comm="OnLineMonitor" name="mem" dev="debugfs" ino=18221 scontext=u:r:untrusted_app:s0 tcontext=u:object_r:debugfs:s0 tclass=file
08-06 10:39:49.902  2545  2545 I menu_opened: 0
08-06 10:39:57.989  2587  2587 I auditd  : type=1400 audit(0.0:522): avc: denied { read } for comm="OnLineMonitor" name="mem" dev="debugfs" ino=18221 scontext=u:r:untrusted_app:s0 tcontext=u:object_r:debugfs:s0 tclass=file
08-06 10:39:57.999  2587  2587 I auditd  : type=1400 audit(0.0:523): avc: denied { read } for comm="OnLineMonitor" name="mem" dev="debugfs" ino=18221 scontext=u:r:untrusted_app:s0 tcontext=u:object_r:debugfs:s0 tclass=file
08-06 10:39:59.345  2545  2545 I menu_opened: 0
08-06 10:40:03.279  2587  2587 I auditd  : type=1400 audit(0.0:524): avc: denied { read } for comm="OnLineMonitor" name="mem" dev="debugfs" ino=18221 scontext=u:r:untrusted_app:s0 tcontext=u:object_r:debugfs:s0 tclass=file
08-06 10:40:03.279  2587  2587 I auditd  : type=1400 audit(0.0:525): avc: denied { read } for comm="OnLineMonitor" name="mem" dev="debugfs" ino=18221 scontext=u:r:untrusted_app:s0 tcontext=u:object_r:debugfs:s0 tclass=file
08-06 10:40:08.799  2545  2545 I menu_opened: 0
08-06 10:40:18.263  2545  2545 I menu_opened: 0
08-06 10:40:25.499  2545  2545 I menu_opened: 0
08-06 10:40:28.587   868   868 I sysui_panelholder_touch: [0,854,39]
08-06 10:40:28.755   713  6776 I notification_panel_revealed: []
08-06 10:40:28.822   713  1285 I notification_visibility_changed: [0|com.android.systemui|789|null|10013;-1|android|17040644|null|1000,]
08-06 10:40:31.827   713 14522 I notification_visibility_changed: [,0|com.android.systemui|789|null|10013;-1|android|17040644|null|1000]
08-06 10:40:31.844   713  1285 I notification_panel_hidden: []
08-06 10:40:35.076   183   183 I sf_frame_dur: [VolumePanel,0,0,0,0,0,1,0]
08-06 10:40:41.528  2545  2545 I menu_opened: 0
08-06 10:40:49.451  2545  2545 I menu_opened: 0
08-06 10:40:52.947   868   868 I sysui_panelholder_touch: [0,642,20]
08-06 10:40:53.105   713  1031 I notification_panel_revealed: []
08-06 10:40:53.162   713  1224 I notification_visibility_changed: [0|com.android.systemui|789|null|10013;-1|android|17040644|null|1000,]
08-06 10:40:54.492   713  1019 I notification_visibility_changed: [-1|android|17040636|null|1000,]
08-06 10:40:55.222   713  1248 I notification_visibility_changed: [,0|com.android.systemui|789|null|10013;-1|android|17040644|null|1000;-1|android|17040636|null|1000]
08-06 10:40:55.225   713  1019 I notification_panel_hidden: []
08-06 10:41:04.203   713 14522 I am_home_stack_moved: [0,0,1,1,intentActivityFound]
08-06 10:41:04.203   713 14522 I wm_task_moved: [4,1,0]
08-06 10:41:06.255  2545  2545 I menu_opened: 0
08-06 10:41:13.353   713  2782 I am_home_stack_moved: [0,0,1,1,intentActivityFound]
08-06 10:41:13.354   713  2782 I wm_task_moved: [4,1,0]
08-06 10:41:18.489  2545  2545 I menu_opened: 0
08-06 10:41:30.461   868   868 I sysui_panelholder_touch: [0,1078,46]
08-06 10:41:30.529   713 14522 I notification_panel_revealed: []
08-06 10:41:30.546   713  6776 I notification_visibility_changed: [0|com.android.systemui|789|null|10013;-1|android|17040644|null|1000,]
08-06 10:41:31.357   713  6776 I notification_visibility_changed: [,0|com.android.systemui|789|null|10013;-1|android|17040644|null|1000]
08-06 10:41:31.360   713  1248 I notification_panel_hidden: []
08-06 10:41:34.255   713  6776 I am_home_stack_moved: [0,0,1,1,intentActivityFound]
08-06 10:41:34.255   713  6776 I wm_task_moved: [4,1,0]
08-06 10:41:36.339  2545  2545 I menu_opened: 0
08-06 10:41:45.698   713  1019 I am_finish_activity: [0,416129845,4,com.youku.phone/com.youku.ui.activity.DetailActivity,app-request]
08-06 10:41:45.707   713  1019 I am_home_stack_moved: [0,0,1,1,finishActivity adjustTopFocus setFocusedActivity]
08-06 10:41:45.708   713  1019 I am_focused_activity: [0,com.youku.phone/com.youku.userchannel.ShowUserChannel]
08-06 10:41:45.708   713  1019 I am_pause_activity: [0,416129845,com.youku.phone/com.youku.ui.activity.DetailActivity]
08-06 10:41:46.221   713   778 I am_resume_activity: [0,884477194,4,com.youku.phone/com.youku.userchannel.ShowUserChannel]
08-06 10:41:47.205  2545  2545 I am_on_paused_called: [0,com.youku.ui.activity.DetailActivity]
08-06 10:41:47.206   713  1019 I am_failed_to_pause: [0,416129845,com.youku.phone/com.youku.ui.activity.DetailActivity,(none)]
08-06 10:41:47.478  2545  2545 I am_on_resume_called: [0,com.youku.userchannel.ShowUserChannel]
08-06 10:41:48.494   183   183 I sf_frame_dur: [com.youku.phone/com.youku.ui.activity.DetailActivity,2046,1567,167,21,14,15,7]
08-06 10:41:48.698   713  1285 I am_destroy_activity: [0,416129845,4,com.youku.phone/com.youku.ui.activity.DetailActivity,finish-imm]
08-06 10:41:48.831   713   713 I notification_cancel: [10054,2545,com.youku.phone,11250603,NULL,0,0,64,8,NULL]
08-06 10:41:49.477   713  1248 I am_kill : [0,11755,com.android.browser,15,empty for 3909s]
08-06 10:41:50.039  2587  2587 I auditd  : type=1400 audit(0.0:526): avc: denied { read } for comm="OnLineMonitor" name="mem" dev="debugfs" ino=18221 scontext=u:r:untrusted_app:s0 tcontext=u:object_r:debugfs:s0 tclass=file
08-06 10:41:50.049  2587  2587 I auditd  : type=1400 audit(0.0:527): avc: denied { read } for comm="OnLineMonitor" name="mem" dev="debugfs" ino=18221 scontext=u:r:untrusted_app:s0 tcontext=u:object_r:debugfs:s0 tclass=file
08-06 10:41:50.188   713  2782 I am_proc_died: [0,11755,com.android.browser]
08-06 10:41:57.889  2587  2587 I auditd  : type=1400 audit(0.0:528): avc: denied { read } for comm="OnLineMonitor" name="mem" dev="debugfs" ino=18221 scontext=u:r:untrusted_app:s0 tcontext=u:object_r:debugfs:s0 tclass=file
08-06 10:41:57.889  2587  2587 I auditd  : type=1400 audit(0.0:529): avc: denied { read } for comm="OnLineMonitor" name="mem" dev="debugfs" ino=18221 scontext=u:r:untrusted_app:s0 tcontext=u:object_r:debugfs:s0 tclass=file
08-06 10:42:02.079  2587  2587 I auditd  : type=1400 audit(0.0:530): avc: denied { read } for comm="OnLineMonitor" name="mem" dev="debugfs" ino=18221 scontext=u:r:untrusted_app:s0 tcontext=u:object_r:debugfs:s0 tclass=file
08-06 10:42:02.079  2587  2587 I auditd  : type=1400 audit(0.0:531): avc: denied { read } for comm="OnLineMonitor" name="mem" dev="debugfs" ino=18221 scontext=u:r:untrusted_app:s0 tcontext=u:object_r:debugfs:s0 tclass=file
08-06 10:42:09.399  2587  2587 I auditd  : type=1400 audit(0.0:532): avc: denied { read } for comm="OnLineMonitor" name="mem" dev="debugfs" ino=18221 scontext=u:r:untrusted_app:s0 tcontext=u:object_r:debugfs:s0 tclass=file
08-06 10:42:09.399  2587  2587 I auditd  : type=1400 audit(0.0:533): avc: denied { read } for comm="OnLineMonitor" name="mem" dev="debugfs" ino=18221 scontext=u:r:untrusted_app:s0 tcontext=u:object_r:debugfs:s0 tclass=file
08-06 10:42:15.330   713  6776 I am_home_stack_moved: [0,0,1,1,sourceStackToFront]
08-06 10:42:15.330   713  6776 I wm_task_moved: [4,1,0]
08-06 10:42:15.339   713  6776 I am_create_activity: [0,16533603,4,com.youku.phone/com.youku.ui.activity.DetailActivity,NULL,NULL,NULL,0]
08-06 10:42:15.344   713  6776 I am_pause_activity: [0,884477194,com.youku.phone/com.youku.userchannel.ShowUserChannel]
08-06 10:42:15.348   713  6776 I am_home_stack_moved: [0,0,1,1,startedActivity setFocusedActivity]
08-06 10:42:15.354   713  6776 I am_focused_activity: [0,com.youku.phone/com.youku.ui.activity.DetailActivity]
08-06 10:42:15.520  2545  2545 I am_on_paused_called: [0,com.youku.userchannel.ShowUserChannel]
08-06 10:42:15.535   713  1248 I am_restart_activity: [0,16533603,4,com.youku.phone/com.youku.ui.activity.DetailActivity]
08-06 10:42:19.199  2587  2587 I auditd  : type=1400 audit(0.0:534): avc: denied { read } for comm="OnLineMonitor" name="mem" dev="debugfs" ino=18221 scontext=u:r:untrusted_app:s0 tcontext=u:object_r:debugfs:s0 tclass=file
08-06 10:42:19.269  2587  2587 I auditd  : type=1400 audit(0.0:535): avc: denied { read } for comm="OnLineMonitor" name="mem" dev="debugfs" ino=18221 scontext=u:r:untrusted_app:s0 tcontext=u:object_r:debugfs:s0 tclass=file
08-06 10:42:21.902   713   713 I notification_cancel: [10054,2545,com.youku.phone,11250603,NULL,0,0,64,8,NULL]
08-06 10:42:22.075  2545  2545 I am_on_resume_called: [0,com.youku.ui.activity.DetailActivity]
08-06 10:42:24.417   183   183 I sf_frame_dur: [com.youku.phone/com.youku.userchannel.ShowUserChannel,36,13,5,1,6,9,6]
08-06 10:42:24.802   713   783 I am_activity_launch_time: [0,16533603,com.youku.phone/com.youku.ui.activity.DetailActivity,9269,9269]
08-06 10:42:40.299  2587  2587 I auditd  : type=1400 audit(0.0:536): avc: denied { read } for comm="OnLineMonitor" name="mem" dev="debugfs" ino=18221 scontext=u:r:untrusted_app:s0 tcontext=u:object_r:debugfs:s0 tclass=file
08-06 10:42:40.329  2587  2587 I auditd  : type=1400 audit(0.0:537): avc: denied { read } for comm="OnLineMonitor" name="mem" dev="debugfs" ino=18221 scontext=u:r:untrusted_app:s0 tcontext=u:object_r:debugfs:s0 tclass=file
08-06 10:42:47.899  2587  2587 I auditd  : type=1400 audit(0.0:538): avc: denied { read } for comm="OnLineMonitor" name="mem" dev="debugfs" ino=18221 scontext=u:r:untrusted_app:s0 tcontext=u:object_r:debugfs:s0 tclass=file
08-06 10:42:47.899  2587  2587 I auditd  : type=1400 audit(0.0:539): avc: denied { read } for comm="OnLineMonitor" name="mem" dev="debugfs" ino=18221 scontext=u:r:untrusted_app:s0 tcontext=u:object_r:debugfs:s0 tclass=file
08-06 10:42:52.739  2587  2587 I auditd  : type=1400 audit(0.0:540): avc: denied { read } for comm="OnLineMonitor" name="mem" dev="debugfs" ino=18221 scontext=u:r:untrusted_app:s0 tcontext=u:object_r:debugfs:s0 tclass=file
08-06 10:42:52.779  2587  2587 I auditd  : type=1400 audit(0.0:541): avc: denied { read } for comm="OnLineMonitor" name="mem" dev="debugfs" ino=18221 scontext=u:r:untrusted_app:s0 tcontext=u:object_r:debugfs:s0 tclass=file
08-06 10:42:53.113  2545  2545 I menu_opened: 0
08-06 10:43:04.398  2545  2545 I menu_opened: 0
08-06 10:43:33.424  2545  2545 I menu_opened: 0
08-06 10:43:42.885   713   729 I am_home_stack_moved: [0,0,1,1,sourceStackToFront]
08-06 10:43:42.885   713   729 I wm_task_moved: [4,1,0]
08-06 10:43:42.898   713   729 I am_create_activity: [0,424146603,4,com.youku.phone/com.youku.ui.activity.WebViewActivity,NULL,NULL,NULL,0]
08-06 10:43:42.900   713   729 I am_pause_activity: [0,16533603,com.youku.phone/com.youku.ui.activity.DetailActivity]
08-06 10:43:42.908   713   729 I am_home_stack_moved: [0,0,1,1,startedActivity setFocusedActivity]
08-06 10:43:42.922   713   729 I am_focused_activity: [0,com.youku.phone/com.youku.ui.activity.WebViewActivity]
08-06 10:43:43.175  2545  2545 I am_on_paused_called: [0,com.youku.ui.activity.DetailActivity]
08-06 10:43:43.181   713  1233 I am_restart_activity: [0,424146603,4,com.youku.phone/com.youku.ui.activity.WebViewActivity]
08-06 10:43:43.796  2545  2545 I am_on_resume_called: [0,com.youku.ui.activity.WebViewActivity]
08-06 10:43:44.484   713   783 I am_activity_launch_time: [0,424146603,com.youku.phone/com.youku.ui.activity.WebViewActivity,1305,1305]
08-06 10:43:44.750   183   183 I sf_frame_dur: [com.youku.phone/com.youku.ui.activity.DetailActivity,1979,573,40,45,11,6,5]
08-06 10:43:51.649  2587  2587 I auditd  : type=1400 audit(0.0:542): avc: denied { read } for comm="OnLineMonitor" name="mem" dev="debugfs" ino=18221 scontext=u:r:untrusted_app:s0 tcontext=u:object_r:debugfs:s0 tclass=file
08-06 10:43:51.689  2587  2587 I auditd  : type=1400 audit(0.0:543): avc: denied { read } for comm="OnLineMonitor" name="mem" dev="debugfs" ino=18221 scontext=u:r:untrusted_app:s0 tcontext=u:object_r:debugfs:s0 tclass=file
08-06 10:43:55.879  2587  2587 I auditd  : type=1400 audit(0.0:544): avc: denied { read } for comm="OnLineMonitor" name="mem" dev="debugfs" ino=18221 scontext=u:r:untrusted_app:s0 tcontext=u:object_r:debugfs:s0 tclass=file
08-06 10:43:55.879  2587  2587 I auditd  : type=1400 audit(0.0:545): avc: denied { read } for comm="OnLineMonitor" name="mem" dev="debugfs" ino=18221 scontext=u:r:untrusted_app:s0 tcontext=u:object_r:debugfs:s0 tclass=file
08-06 10:44:01.209  2587  2587 I auditd  : type=1400 audit(0.0:546): avc: denied { read } for comm="OnLineMonitor" name="mem" dev="debugfs" ino=18221 scontext=u:r:untrusted_app:s0 tcontext=u:object_r:debugfs:s0 tclass=file
08-06 10:44:01.219  2587  2587 I auditd  : type=1400 audit(0.0:547): avc: denied { read } for comm="OnLineMonitor" name="mem" dev="debugfs" ino=18221 scontext=u:r:untrusted_app:s0 tcontext=u:object_r:debugfs:s0 tclass=file
08-06 10:44:01.248   713  1248 I am_home_stack_moved: [0,0,1,1,sourceStackToFront]
08-06 10:44:01.248   713  1248 I wm_task_moved: [4,1,0]
08-06 10:44:01.261   713  1248 I am_create_activity: [0,318878692,4,com.youku.phone/com.youku.ui.activity.DetailActivity,android.intent.action.VIEW,NULL,youku://play?source=mplaypage&cookieid=14918220015714hy&showid=6aa38540eed911e4b432&activeby=2,0]
08-06 10:44:01.273   713  1248 I am_pause_activity: [0,424146603,com.youku.phone/com.youku.ui.activity.WebViewActivity]
08-06 10:44:01.279   868   868 I sysui_panelholder_touch: [0,592,51]
08-06 10:44:01.293   713  1248 I am_home_stack_moved: [0,0,1,1,startedActivity setFocusedActivity]
08-06 10:44:01.301   713  1248 I am_focused_activity: [0,com.youku.phone/com.youku.ui.activity.DetailActivity]
08-06 10:44:01.400  2545  2545 I am_on_paused_called: [0,com.youku.ui.activity.WebViewActivity]
08-06 10:44:01.403   713  1233 I am_restart_activity: [0,318878692,4,com.youku.phone/com.youku.ui.activity.DetailActivity]
08-06 10:44:01.509   713 29460 I notification_panel_revealed: []
08-06 10:44:01.560   713  1248 I am_finish_activity: [0,16533603,4,com.youku.phone/com.youku.ui.activity.DetailActivity,app-request]
08-06 10:44:01.562   713  1248 I am_destroy_activity: [0,16533603,4,com.youku.phone/com.youku.ui.activity.DetailActivity,finish-imm]
08-06 10:44:01.661   713  1248 I notification_visibility_changed: [0|com.android.systemui|789|null|10013;-1|android|17040644|null|1000,]
08-06 10:44:01.729   713 14522 I notification_visibility_changed: [,0|com.android.systemui|789|null|10013;-1|android|17040644|null|1000]
08-06 10:44:01.732   713  6776 I notification_panel_hidden: []
08-06 10:44:08.379  2587  2587 I auditd  : type=1400 audit(0.0:548): avc: denied { read } for comm="OnLineMonitor" name="mem" dev="debugfs" ino=18221 scontext=u:r:untrusted_app:s0 tcontext=u:object_r:debugfs:s0 tclass=file
08-06 10:44:08.389  2587  2587 I auditd  : type=1400 audit(0.0:549): avc: denied { read } for comm="OnLineMonitor" name="mem" dev="debugfs" ino=18221 scontext=u:r:untrusted_app:s0 tcontext=u:object_r:debugfs:s0 tclass=file
08-06 10:44:10.483   713   713 I notification_cancel: [10054,2545,com.youku.phone,11250603,NULL,0,0,64,8,NULL]
08-06 10:44:10.600  2545  2545 I am_on_resume_called: [0,com.youku.ui.activity.DetailActivity]
08-06 10:44:11.861   713   713 I notification_cancel: [10054,2545,com.youku.phone,11250603,NULL,0,0,64,8,NULL]
