08-06 09:37:44.649   713 14522 W InputManager: Input event injection from pid 2524 failed.
08-06 09:37:44.657   713   730 W InputManager: Input event injection from pid 2524 failed.
08-06 09:37:44.667   713   729 W InputManager: Input event injection from pid 2524 failed.
08-06 09:37:44.670   713  1019 W InputManager: Input event injection from pid 2524 failed.
08-06 09:37:44.673   713  1031 W InputManager: Input event injection from pid 2524 failed.
08-06 09:37:44.717   713  6134 W InputManager: Input event injection from pid 2524 failed.
08-06 09:37:44.720   713  2782 W InputManager: Input event injection from pid 2524 failed.
08-06 09:37:44.743   713   808 W InputManager: Input event injection from pid 2524 failed.
08-06 09:37:44.758   713  1233 W InputManager: Input event injection from pid 2524 failed.
08-06 09:37:44.842   713  1019 W ActivityManager: getTasks: caller 10054 does not hold GET_TASKS; limiting output
08-06 09:37:44.934   713  6134 V WindowManager: Adding window Window{13075f43 u0 com.youku.phone/com.youku.ui.activity.WebViewActivity} at 8 of 14 (after Window{2ed47363 u0 com.youku.phone/com.youku.ui.activity.DetailActivity})
08-06 09:37:45.023   713  1224 W BackupManagerService: dataChanged but no participant pkg='com.android.providers.settings' uid=10054
08-06 09:37:48.139   713  1019 W ActivityManager: getTasks: caller 10054 does not hold GET_TASKS; limiting output
08-06 09:37:50.264  2545  2545 W ViewRootImpl: Dropping event due to no window focus: KeyEvent { action=ACTION_DOWN, keyCode=KEYCODE_DPAD_RIGHT, scanCode=0, metaState=0, flags=0x8, repeatCount=0, eventTime=216889, downTime=216889, deviceId=-1, source=0x101 }
08-06 09:37:50.268  2545  2545 W ViewRootImpl: Cancelling event due to no window focus: KeyEvent { action=ACTION_UP, keyCode=KEYCODE_DPAD_RIGHT, scanCode=0, metaState=0, flags=0x28, repeatCount=0, eventTime=216891, downTime=216891, deviceId=-1, source=0x101 }
08-06 09:37:50.270  2545  2545 W ViewRootImpl: Cancelling event due to no window focus: KeyEvent { action=ACTION_UP, keyCode=KEYCODE_DPAD_RIGHT, scanCode=0, metaState=0, flags=0x28, repeatCount=0, eventTime=216891, downTime=216891, deviceId=-1, source=0x101 }
08-06 09:37:50.271  2545  2545 W ViewRootImpl: Cancelling event due to no window focus: KeyEvent { action=ACTION_UP, keyCode=KEYCODE_DPAD_RIGHT, scanCode=0, metaState=0, flags=0x28, repeatCount=0, eventTime=216891, downTime=216891, deviceId=-1, source=0x101 }
08-06 09:37:50.281  2545  2545 W ViewRootImpl: Cancelling event due to no window focus: KeyEvent { action=ACTION_UP, keyCode=KEYCODE_DPAD_RIGHT, scanCode=0, metaState=0, flags=0x28, repeatCount=0, eventTime=216891, downTime=216891, deviceId=-1, source=0x101 }
08-06 09:37:50.281  2545  2545 W ViewRootImpl: Cancelling event due to no window focus: KeyEvent { action=ACTION_UP, keyCode=KEYCODE_DPAD_RIGHT, scanCode=0, metaState=0, flags=0x28, repeatCount=0, eventTime=216891, downTime=216891, deviceId=-1, source=0x101 }
08-06 09:37:50.282  2545  2545 W ViewRootImpl: Cancelling event due to no window focus: KeyEvent { action=ACTION_UP, keyCode=KEYCODE_DPAD_RIGHT, scanCode=0, metaState=0, flags=0x28, repeatCount=0, eventTime=216891, downTime=216891, deviceId=-1, source=0x101 }
08-06 09:37:50.305  2545  2545 W ViewRootImpl: Cancelling event due to no window focus: KeyEvent { action=ACTION_UP, keyCode=KEYCODE_DPAD_RIGHT, scanCode=0, metaState=0, flags=0x80000028, repeatCount=0, eventTime=216891, downTime=216891, deviceId=-1, source=0x101 }
08-06 09:37:50.306  2545  2545 W ViewRootImpl: Cancelling event due to no window focus: KeyEvent { action=ACTION_UP, keyCode=KEYCODE_DPAD_RIGHT, scanCode=0, metaState=0, flags=0x80000028, repeatCount=0, eventTime=216891, downTime=216891, deviceId=-1, source=0x101 }
08-06 09:37:50.306  2545  2545 W ViewRootImpl: Cancelling event due to no window focus: KeyEvent { action=ACTION_UP, keyCode=KEYCODE_DPAD_RIGHT, scanCode=0, metaState=0, flags=0x80000028, repeatCount=0, eventTime=216891, downTime=216891, deviceId=-1, source=0x101 }
08-06 09:37:58.171   713   778 W ActivityManager: Launch timeout has expired, giving up wake lock!
08-06 09:38:06.610   713  2782 W ProcessCpuTracker: Skipping unknown process pid 30412
08-06 09:38:07.667   713   730 I ActivityManager: START u0 {act=android.intent.action.MAIN cat=[android.intent.category.LAUNCHER] flg=0x10200000 cmp=com.youku.phone/.ActivityWelcome} from uid 0 on display 0
08-06 09:38:14.298   713  1019 V WindowManager: Adding window Window{23e64a25 u0 AtchDlg:com.youku.phone/com.youku.ui.activity.DetailActivity} at 8 of 14 (after Window{2ed47363 u0 com.youku.phone/com.youku.ui.activity.DetailActivity})
08-06 09:38:19.413   713   778 W ProcessCpuTracker: Skipping unknown process pid 1536
08-06 09:38:24.646   713   778 W ProcessCpuTracker: Skipping unknown process pid 3242
08-06 09:38:25.556   713   819 I WindowManager: Input event dispatching timed out sending to com.youku.phone/com.youku.ui.activity.DetailActivity.  Reason: Waiting to send key event because the focused window has not finished processing all of the input events that were previously delivered to it.  Outbound queue length: 0.  Wait queue length: 1.
08-06 09:38:25.742   713   778 I ActivityManager: Skipping duplicate ANR: ProcessRecord{1e729670 2545:com.youku.phone/u0a54} Input dispatching timed out (Waiting to send key event because the focused window has not finished processing all of the input events that were previously delivered to it.  Outbound queue length: 0.  Wait queue length: 1.)
08-06 09:38:25.746   713   730 W InputManager: Input event injection from pid 2524 timed out.
08-06 09:38:27.354   713 15395 W InputMethodManagerService: Window already focused, ignoring focus gain of: com.android.internal.view.IInputMethodClient$Stub$Proxy@1cdfd4b4 attribute=null, token = android.os.BinderProxy@28c00d92
08-06 09:38:30.673   713  1019 W ProcessCpuTracker: Skipping unknown process pid 4560
08-06 09:38:35.494   713  1019 I ActivityManager: START u0 {act=android.intent.action.MAIN cat=[android.intent.category.LAUNCHER] flg=0x10200000 cmp=com.youku.phone/.ActivityWelcome} from uid 0 on display 0
08-06 09:39:00.720   713   819 I ActivityManager: START u0 {act=android.intent.action.MAIN cat=[android.intent.category.LAUNCHER] flg=0x10000000 cmp=com.android.music/.MusicBrowserActivity sel=act=android.intent.action.MAIN cat=[android.intent.category.APP_MUSIC]}} from uid 1000 on display 0
08-06 09:39:07.702   713  1224 V WindowManager: Adding window Window{11cb68f0 u0 AtchDlg:com.youku.phone/com.youku.ui.activity.DetailActivity} at 8 of 14 (after Window{2ed47363 u0 com.youku.phone/com.youku.ui.activity.DetailActivity})
08-06 09:39:08.809   713 14522 W InputMethodManagerService: Window already focused, ignoring focus gain of: com.android.internal.view.IInputMethodClient$Stub$Proxy@2734fe69 attribute=null, token = android.os.BinderProxy@28c00d92
08-06 09:39:28.126   713   819 I WindowManager: Input event dispatching timed out sending to com.youku.phone/com.youku.ui.activity.DetailActivity.  Reason: Waiting to send non-key event because the touched window has not finished processing certain input events that were delivered to it over 500.0ms ago.  Wait queue length: 2.  Wait queue head age: 6014.8ms.
08-06 09:39:28.368   713   778 I ActivityManager: Skipping duplicate ANR: ProcessRecord{1e729670 2545:com.youku.phone/u0a54} Input dispatching timed out (Waiting to send non-key event because the touched window has not finished processing certain input events that were delivered to it over 500.0ms ago.  Wait queue length: 2.  Wait queue head age: 6014.8ms.)
08-06 09:39:28.370   713  1224 W InputManager: Input event injection from pid 2524 timed out.
08-06 09:39:28.373   713  6776 W InputManager: Input event injection from pid 2524 failed.
08-06 09:39:28.386   713   729 W InputManager: Input event injection from pid 2524 failed.
08-06 09:39:28.389   713  2782 W InputManager: Input event injection from pid 2524 failed.
08-06 09:39:28.392   713 14522 W InputManager: Input event injection from pid 2524 failed.
08-06 09:39:28.397   713  1248 W InputManager: Input event injection from pid 2524 failed.
08-06 09:39:39.982   713  1248 V WindowManager: Adding window Window{1a15998f u0 AtchDlg:com.youku.phone/com.youku.ui.activity.DetailActivity} at 8 of 14 (after Window{2ed47363 u0 com.youku.phone/com.youku.ui.activity.DetailActivity})
08-06 09:39:43.045   713  1248 W InputManager: Input event injection from pid 2524 failed.
08-06 09:39:43.059   713  6134 W InputManager: Input event injection from pid 2524 failed.
08-06 09:39:43.064   713  2782 W InputManager: Input event injection from pid 2524 failed.
08-06 09:39:43.100   713  6776 W InputMethodManagerService: Window already focused, ignoring focus gain of: com.android.internal.view.IInputMethodClient$Stub$Proxy@396241c attribute=null, token = android.os.BinderProxy@28c00d92
08-06 09:39:45.141   713   778 W ProcessCpuTracker: Skipping unknown process pid 22146
08-06 09:39:47.115   713 14522 I ActivityManager: START u0 {act=android.intent.action.MAIN cat=[android.intent.category.LAUNCHER] flg=0x10200000 cmp=com.youku.phone/.ActivityWelcome} from uid 0 on display 0
08-06 09:39:59.122   713  6776 V WindowManager: Adding window Window{2fe1bdfa u0 AtchDlg:com.youku.phone/com.youku.ui.activity.DetailActivity} at 8 of 14 (after Window{2ed47363 u0 com.youku.phone/com.youku.ui.activity.DetailActivity})
08-06 09:40:00.142   713   729 W InputManager: Input event injection from pid 2524 failed.
08-06 09:40:00.153   713  6776 W InputManager: Input event injection from pid 2524 failed.
08-06 09:40:00.163   713 14522 W InputManager: Input event injection from pid 2524 failed.
08-06 09:40:00.171   713  1019 W InputManager: Input event injection from pid 2524 failed.
08-06 09:40:00.188   713  1224 W InputManager: Input event injection from pid 2524 failed.
08-06 09:40:00.196   713  6776 W InputManager: Input event injection from pid 2524 failed.
08-06 09:40:00.237   713   729 W InputManager: Input event injection from pid 2524 failed.
08-06 09:40:00.242   713  1248 W InputMethodManagerService: Window already focused, ignoring focus gain of: com.android.internal.view.IInputMethodClient$Stub$Proxy@145c3fab attribute=null, token = android.os.BinderProxy@28c00d92
08-06 09:40:08.388   713   819 I WindowManager: Input event dispatching timed out sending to com.youku.phone/com.youku.ui.activity.DetailActivity.  Reason: Waiting to send key event because the focused window has not finished processing all of the input events that were previously delivered to it.  Outbound queue length: 0.  Wait queue length: 1.
08-06 09:40:08.616   713   778 I ActivityManager: Skipping duplicate ANR: ProcessRecord{1e729670 2545:com.youku.phone/u0a54} Input dispatching timed out (Waiting to send key event because the focused window has not finished processing all of the input events that were previously delivered to it.  Outbound queue length: 0.  Wait queue length: 1.)
08-06 09:40:08.622   713  6776 W InputManager: Input event injection from pid 2524 timed out.
08-06 09:40:08.636  2545  2545 W ViewRootImpl: Cancelling event due to no window focus: KeyEvent { action=ACTION_UP, keyCode=KEYCODE_GRAVE, scanCode=0, metaState=0, flags=0x28, repeatCount=0, eventTime=355374, downTime=350138, deviceId=-1, source=0x101 }
08-06 09:40:08.636  2545  2545 W ViewRootImpl: Cancelling event due to no window focus: KeyEvent { action=ACTION_UP, keyCode=KEYCODE_GRAVE, scanCode=0, metaState=0, flags=0x28, repeatCount=0, eventTime=355374, downTime=350138, deviceId=-1, source=0x101 }
08-06 09:40:08.637  2545  2545 W ViewRootImpl: Cancelling event due to no window focus: KeyEvent { action=ACTION_UP, keyCode=KEYCODE_GRAVE, scanCode=0, metaState=0, flags=0x28, repeatCount=0, eventTime=355374, downTime=350138, deviceId=-1, source=0x101 }
08-06 09:40:08.641  2545  2545 W ViewRootImpl: Cancelling event due to no window focus: KeyEvent { action=ACTION_UP, keyCode=KEYCODE_GRAVE, scanCode=0, metaState=0, flags=0x28, repeatCount=0, eventTime=355374, downTime=350138, deviceId=-1, source=0x101 }
08-06 09:40:08.641  2545  2545 W ViewRootImpl: Cancelling event due to no window focus: KeyEvent { action=ACTION_UP, keyCode=KEYCODE_GRAVE, scanCode=0, metaState=0, flags=0x28, repeatCount=0, eventTime=355374, downTime=350138, deviceId=-1, source=0x101 }
08-06 09:40:08.645  2545  2545 W ViewRootImpl: Cancelling event due to no window focus: KeyEvent { action=ACTION_UP, keyCode=KEYCODE_GRAVE, scanCode=0, metaState=0, flags=0x28, repeatCount=0, eventTime=355374, downTime=350138, deviceId=-1, source=0x101 }
08-06 09:40:08.649  2545  2545 W ViewRootImpl: Cancelling event due to no window focus: KeyEvent { action=ACTION_UP, keyCode=KEYCODE_GRAVE, scanCode=0, metaState=0, flags=0x28, repeatCount=0, eventTime=355374, downTime=350138, deviceId=-1, source=0x101 }
08-06 09:40:08.652  2545  2545 W ViewRootImpl: Cancelling event due to no window focus: KeyEvent { action=ACTION_UP, keyCode=KEYCODE_GRAVE, scanCode=0, metaState=0, flags=0x28, repeatCount=0, eventTime=355374, downTime=350138, deviceId=-1, source=0x101 }
08-06 09:40:08.652  2545  2545 W ViewRootImpl: Cancelling event due to no window focus: KeyEvent { action=ACTION_UP, keyCode=KEYCODE_GRAVE, scanCode=0, metaState=0, flags=0x28, repeatCount=0, eventTime=355374, downTime=350138, deviceId=-1, source=0x101 }
08-06 09:40:08.717   713  1224 W InputMethodManagerService: Window already focused, ignoring focus gain of: com.android.internal.view.IInputMethodClient$Stub$Proxy@2fef6608 attribute=null, token = android.os.BinderProxy@28c00d92
08-06 09:40:10.895   713  6134 W ProcessCpuTracker: Skipping unknown process pid 28143
08-06 09:40:20.631   713   830 D ConnectivityService: updateNetworkScore for NetworkAgentInfo [WIFI () - 100] to 60
08-06 09:40:20.631   713   830 D ConnectivityService: rematching NetworkAgentInfo [WIFI () - 100]
08-06 09:40:20.632   713   830 D ConnectivityService: Network NetworkAgentInfo [WIFI () - 100] was already satisfying request 1. No change.
08-06 09:40:20.632   713   830 D ConnectivityService: notifyType AVAILABLE for NetworkAgentInfo [WIFI () - 100]
08-06 09:40:23.757   713   830 D ConnectivityService: updateNetworkScore for NetworkAgentInfo [WIFI () - 100] to 56
08-06 09:40:23.757   713   830 D ConnectivityService: rematching NetworkAgentInfo [WIFI () - 100]
08-06 09:40:23.757   713   830 D ConnectivityService: Network NetworkAgentInfo [WIFI () - 100] was already satisfying request 1. No change.
08-06 09:40:23.758   713   830 D ConnectivityService: notifyType AVAILABLE for NetworkAgentInfo [WIFI () - 100]
08-06 09:40:24.616   713  1248 W ProcessCpuTracker: Skipping unknown process pid 31235
08-06 09:40:26.126   713  1019 V WindowManager: Adding window Window{11c2ee20 u0 AtchDlg:com.youku.phone/com.youku.ui.activity.DetailActivity} at 8 of 14 (after Window{2ed47363 u0 com.youku.phone/com.youku.ui.activity.DetailActivity})
08-06 09:40:33.170   713   819 I WindowManager: Input event dispatching timed out sending to AtchDlg:com.youku.phone/com.youku.ui.activity.DetailActivity.  Reason: Waiting to send key event because the focused window has not finished processing all of the input events that were previously delivered to it.  Outbound queue length: 0.  Wait queue length: 10.
08-06 09:40:35.731   713   778 W ProcessCpuTracker: Skipping unknown process pid 32116
08-06 09:40:35.732   713   778 W ProcessCpuTracker: Skipping unknown process pid 32154
08-06 09:40:36.223  2545  2545 W ViewRootImpl: Dropping event due to no window focus: MotionEvent { action=ACTION_MOVE, id[0]=0, x[0]=4.0, y[0]=-4.0, toolType[0]=TOOL_TYPE_UNKNOWN, buttonState=0, metaState=0, flags=0x0, edgeFlags=0x0, pointerCount=1, historySize=9, eventTime=373896, downTime=-1, deviceId=0, source=0x10004 }
08-06 09:40:36.417   713 15395 W ProcessCpuTracker: Skipping unknown process pid 32511
08-06 09:40:37.020   713   778 I ActivityManager: Skipping duplicate ANR: ProcessRecord{1e729670 2545:com.youku.phone/u0a54} Input dispatching timed out (Waiting to send key event because the focused window has not finished processing all of the input events that were previously delivered to it.  Outbound queue length: 0.  Wait queue length: 10.)
08-06 09:40:40.487  2545  2545 W ViewRootImpl: Dropping event due to no window focus: KeyEvent { action=ACTION_DOWN, keyCode=KEYCODE_DPAD_LEFT, scanCode=0, metaState=0, flags=0x8, repeatCount=0, eventTime=374920, downTime=374920, deviceId=-1, source=0x101 }
08-06 09:40:40.504  2545  2545 W ViewRootImpl: Cancelling event due to no window focus: KeyEvent { action=ACTION_UP, keyCode=KEYCODE_DPAD_LEFT, scanCode=0, metaState=0, flags=0x28, repeatCount=0, eventTime=383727, downTime=383727, deviceId=-1, source=0x101 }
08-06 09:40:40.506  2545  2545 W ViewRootImpl: Cancelling event due to no window focus: KeyEvent { action=ACTION_UP, keyCode=KEYCODE_DPAD_LEFT, scanCode=0, metaState=0, flags=0x28, repeatCount=0, eventTime=383727, downTime=383727, deviceId=-1, source=0x101 }
08-06 09:40:40.515  2545  2545 W ViewRootImpl: Cancelling event due to no window focus: KeyEvent { action=ACTION_UP, keyCode=KEYCODE_DPAD_LEFT, scanCode=0, metaState=0, flags=0x28, repeatCount=0, eventTime=383727, downTime=383727, deviceId=-1, source=0x101 }
08-06 09:40:40.516  2545  2545 W ViewRootImpl: Cancelling event due to no window focus: KeyEvent { action=ACTION_UP, keyCode=KEYCODE_DPAD_LEFT, scanCode=0, metaState=0, flags=0x28, repeatCount=0, eventTime=383727, downTime=383727, deviceId=-1, source=0x101 }
08-06 09:40:40.516  2545  2545 W ViewRootImpl: Cancelling event due to no window focus: KeyEvent { action=ACTION_UP, keyCode=KEYCODE_DPAD_LEFT, scanCode=0, metaState=0, flags=0x28, repeatCount=0, eventTime=383727, downTime=383727, deviceId=-1, source=0x101 }
08-06 09:40:40.520  2545  2545 W ViewRootImpl: Cancelling event due to no window focus: KeyEvent { action=ACTION_UP, keyCode=KEYCODE_DPAD_LEFT, scanCode=0, metaState=0, flags=0x28, repeatCount=0, eventTime=383727, downTime=383727, deviceId=-1, source=0x101 }
08-06 09:40:40.557  2545  2545 W ViewRootImpl: Cancelling event due to no window focus: KeyEvent { action=ACTION_UP, keyCode=KEYCODE_DPAD_LEFT, scanCode=0, metaState=0, flags=0x80000028, repeatCount=0, eventTime=383727, downTime=383727, deviceId=-1, source=0x101 }
08-06 09:40:40.558  2545  2545 W ViewRootImpl: Cancelling event due to no window focus: KeyEvent { action=ACTION_UP, keyCode=KEYCODE_DPAD_LEFT, scanCode=0, metaState=0, flags=0x80000028, repeatCount=0, eventTime=383727, downTime=383727, deviceId=-1, source=0x101 }
08-06 09:40:40.561  2545  2545 W ViewRootImpl: Cancelling event due to no window focus: KeyEvent { action=ACTION_UP, keyCode=KEYCODE_DPAD_LEFT, scanCode=0, metaState=0, flags=0x80000028, repeatCount=0, eventTime=383727, downTime=383727, deviceId=-1, source=0x101 }
08-06 09:40:49.256   713   819 I WindowManager: Input event dispatching timed out sending to AtchDlg:com.youku.phone/com.youku.ui.activity.DetailActivity.  Reason: Waiting to send key event because the focused window has not finished processing all of the input events that were previously delivered to it.  Outbound queue length: 0.  Wait queue length: 12.
08-06 09:40:49.447   713  6134 W InputManager: Input event injection from pid 2524 timed out.
08-06 09:40:55.021   713   778 I ActivityManager: Skipping duplicate ANR: ProcessRecord{1e729670 2545:com.youku.phone/u0a54} Input dispatching timed out (Waiting to send key event because the focused window has not finished processing all of the input events that were previously delivered to it.  Outbound queue length: 0.  Wait queue length: 12.)
08-06 09:40:56.141  2545  2545 W ViewRootImpl: Cancelling event due to no window focus: KeyEvent { action=ACTION_UP, keyCode=KEYCODE_MENU, scanCode=0, metaState=0, flags=0x80000028, repeatCount=0, eventTime=401766, downTime=401766, deviceId=-1, source=0x101 }
08-06 09:40:56.142  2545  2545 W ViewRootImpl: Cancelling event due to no window focus: KeyEvent { action=ACTION_UP, keyCode=KEYCODE_MENU, scanCode=0, metaState=0, flags=0x80000028, repeatCount=0, eventTime=401766, downTime=401766, deviceId=-1, source=0x101 }
08-06 09:40:56.142  2545  2545 W ViewRootImpl: Cancelling event due to no window focus: KeyEvent { action=ACTION_UP, keyCode=KEYCODE_MENU, scanCode=0, metaState=0, flags=0x80000028, repeatCount=0, eventTime=401766, downTime=401766, deviceId=-1, source=0x101 }
08-06 09:40:56.146  2545  2545 W ViewRootImpl: Cancelling event due to no window focus: KeyEvent { action=ACTION_UP, keyCode=KEYCODE_MENU, scanCode=0, metaState=0, flags=0x80000028, repeatCount=0, eventTime=401766, downTime=401766, deviceId=-1, source=0x101 }
08-06 09:40:56.146  2545  2545 W ViewRootImpl: Cancelling event due to no window focus: KeyEvent { action=ACTION_UP, keyCode=KEYCODE_MENU, scanCode=0, metaState=0, flags=0x80000028, repeatCount=0, eventTime=401766, downTime=401766, deviceId=-1, source=0x101 }
08-06 09:40:56.159  2545  2545 W ViewRootImpl: Cancelling event due to no window focus: KeyEvent { action=ACTION_UP, keyCode=KEYCODE_MENU, scanCode=0, metaState=0, flags=0x80000028, repeatCount=0, eventTime=401766, downTime=401766, deviceId=-1, source=0x101 }
08-06 09:40:56.350   713 15395 W InputMethodManagerService: Window already focused, ignoring focus gain of: com.android.internal.view.IInputMethodClient$Stub$Proxy@d38cc4c attribute=null, token = android.os.BinderProxy@28c00d92
08-06 09:41:04.886   713 15395 W ProcessCpuTracker: Skipping unknown process pid 5977
08-06 09:41:09.663   713  2782 W ActivityManager: Force-killing crashed app com.android.quicksearchbox at watcher's request
08-06 09:41:09.665   713  2782 I ActivityManager: Killing 2368:com.android.quicksearchbox/u0a48 (adj 13): crash
08-06 09:41:09.886   713  2782 E libprocessgroup: failed to kill 1 processes for processgroup 2368
08-06 09:41:14.660   713   819 I WindowManager: Input event dispatching timed out sending to com.youku.phone/com.youku.ui.activity.DetailActivity.  Reason: Waiting to send key event because the focused window has not finished processing all of the input events that were previously delivered to it.  Outbound queue length: 0.  Wait queue length: 2.
08-06 09:41:14.868   713 14522 W InputManager: Input event injection from pid 2524 timed out.
08-06 09:41:14.880   713   819 I ActivityManager: START u0 {act=android.speech.action.WEB_SEARCH} from uid 1000 on display 0
08-06 09:41:15.845   713   778 I ActivityManager: Skipping duplicate ANR: ProcessRecord{1e729670 2545:com.youku.phone/u0a54} Input dispatching timed out (Waiting to send key event because the focused window has not finished processing all of the input events that were previously delivered to it.  Outbound queue length: 0.  Wait queue length: 2.)
08-06 09:41:17.952   713 14522 W ActivityManager: Force-killing crashed app com.android.mms at watcher's request
08-06 09:41:17.953   713 14522 I ActivityManager: Killing 1649:com.android.mms/u0a8 (adj 13): crash
08-06 09:41:18.161   713 14522 E libprocessgroup: failed to kill 1 processes for processgroup 1649
08-06 09:41:19.004   713   778 W BroadcastQueue: Timeout of broadcast BroadcastRecord{3e365495 u-1 android.intent.action.TIME_TICK} - receiver=android.os.BinderProxy@96067cf, started 10001ms ago
08-06 09:41:19.004   713   778 W BroadcastQueue: Receiver during timeout: BroadcastFilter{39d73065 u0 ReceiverList{36c7755c 2545 com.youku.phone/10054/u0 remote:96067cf}}
08-06 09:41:19.013   713   778 I ActivityManager: Skipping duplicate ANR: ProcessRecord{1e729670 2545:com.youku.phone/u0a54} Broadcast of Intent { act=android.intent.action.TIME_TICK flg=0x50000014 (has extras) }
08-06 09:41:19.886   713   819 I WindowManager: Input event dispatching timed out sending to com.youku.phone/com.youku.ui.activity.DetailActivity.  Reason: Waiting to send key event because the focused window has not finished processing all of the input events that were previously delivered to it.  Outbound queue length: 0.  Wait queue length: 2.
08-06 09:41:20.062   713   778 I ActivityManager: Skipping duplicate ANR: ProcessRecord{1e729670 2545:com.youku.phone/u0a54} Input dispatching timed out (Waiting to send key event because the focused window has not finished processing all of the input events that were previously delivered to it.  Outbound queue length: 0.  Wait queue length: 2.)
08-06 09:41:20.064   713   808 W InputManager: Input event injection from pid 2524 timed out.
08-06 09:41:24.504   713  1259 D CountryDetector: No listener is left
08-06 09:41:30.957   713  1019 W ProcessCpuTracker: Skipping unknown process pid 13129
08-06 09:41:30.958   713  1019 W ProcessCpuTracker: Skipping unknown process pid 13143
08-06 09:41:31.055   713   819 I WindowManager: Input event dispatching timed out sending to com.youku.phone/com.youku.ui.activity.DetailActivity.  Reason: Waiting to send key event because the focused window has not finished processing all of the input events that were previously delivered to it.  Outbound queue length: 0.  Wait queue length: 1.
08-06 09:41:31.357   713   778 I ActivityManager: Skipping duplicate ANR: ProcessRecord{1e729670 2545:com.youku.phone/u0a54} Input dispatching timed out (Waiting to send key event because the focused window has not finished processing all of the input events that were previously delivered to it.  Outbound queue length: 0.  Wait queue length: 1.)
08-06 09:41:31.359   713 15395 W InputManager: Input event injection from pid 2524 timed out.
08-06 09:41:39.202   713   819 I WindowManager: Input event dispatching timed out sending to com.youku.phone/com.youku.ui.activity.DetailActivity.  Reason: Waiting to send key event because the focused window has not finished processing all of the input events that were previously delivered to it.  Outbound queue length: 0.  Wait queue length: 1.
08-06 09:41:39.383   713   778 I ActivityManager: Skipping duplicate ANR: ProcessRecord{1e729670 2545:com.youku.phone/u0a54} Input dispatching timed out (Waiting to send key event because the focused window has not finished processing all of the input events that were previously delivered to it.  Outbound queue length: 0.  Wait queue length: 1.)
08-06 09:41:39.386   713  1019 W InputManager: Input event injection from pid 2524 timed out.
08-06 09:41:48.762   713  6134 V WindowManager: Adding window Window{3750699b u0 AtchDlg:com.youku.phone/com.youku.ui.activity.DetailActivity} at 8 of 14 (after Window{2ed47363 u0 com.youku.phone/com.youku.ui.activity.DetailActivity})
08-06 09:41:50.821  2545  2545 W ViewRootImpl: Cancelling event due to no window focus: KeyEvent { action=ACTION_UP, keyCode=KEYCODE_DPAD_LEFT, scanCode=0, metaState=0, flags=0x80000028, repeatCount=0, eventTime=457519, downTime=457519, deviceId=-1, source=0x101 }
08-06 09:41:50.821  2545  2545 W ViewRootImpl: Cancelling event due to no window focus: KeyEvent { action=ACTION_UP, keyCode=KEYCODE_DPAD_LEFT, scanCode=0, metaState=0, flags=0x80000028, repeatCount=0, eventTime=457519, downTime=457519, deviceId=-1, source=0x101 }
08-06 09:41:50.822  2545  2545 W ViewRootImpl: Cancelling event due to no window focus: KeyEvent { action=ACTION_UP, keyCode=KEYCODE_DPAD_LEFT, scanCode=0, metaState=0, flags=0x80000028, repeatCount=0, eventTime=457519, downTime=457519, deviceId=-1, source=0x101 }
08-06 09:41:50.822  2545  2545 W ViewRootImpl: Cancelling event due to no window focus: KeyEvent { action=ACTION_UP, keyCode=KEYCODE_DPAD_LEFT, scanCode=0, metaState=0, flags=0x80000028, repeatCount=0, eventTime=457519, downTime=457519, deviceId=-1, source=0x101 }
08-06 09:41:50.823  2545  2545 W ViewRootImpl: Cancelling event due to no window focus: KeyEvent { action=ACTION_UP, keyCode=KEYCODE_DPAD_LEFT, scanCode=0, metaState=0, flags=0x80000028, repeatCount=0, eventTime=457519, downTime=457519, deviceId=-1, source=0x101 }
08-06 09:41:50.823  2545  2545 W ViewRootImpl: Cancelling event due to no window focus: KeyEvent { action=ACTION_UP, keyCode=KEYCODE_DPAD_LEFT, scanCode=0, metaState=0, flags=0x80000028, repeatCount=0, eventTime=457519, downTime=457519, deviceId=-1, source=0x101 }
08-06 09:41:50.827  2545  2545 W ViewRootImpl: Cancelling event due to no window focus: KeyEvent { action=ACTION_UP, keyCode=KEYCODE_DPAD_LEFT, scanCode=0, metaState=0, flags=0x80000028, repeatCount=0, eventTime=457519, downTime=457519, deviceId=-1, source=0x101 }
08-06 09:41:50.828  2545  2545 W ViewRootImpl: Cancelling event due to no window focus: KeyEvent { action=ACTION_UP, keyCode=KEYCODE_DPAD_LEFT, scanCode=0, metaState=0, flags=0x80000028, repeatCount=0, eventTime=457519, downTime=457519, deviceId=-1, source=0x101 }
08-06 09:41:50.829  2545  2545 W ViewRootImpl: Cancelling event due to no window focus: KeyEvent { action=ACTION_UP, keyCode=KEYCODE_DPAD_LEFT, scanCode=0, metaState=0, flags=0x80000028, repeatCount=0, eventTime=457519, downTime=457519, deviceId=-1, source=0x101 }
08-06 09:41:58.205   713 14522 W InputMethodManagerService: Window already focused, ignoring focus gain of: com.android.internal.view.IInputMethodClient$Stub$Proxy@211ba676 attribute=null, token = android.os.BinderProxy@28c00d92
08-06 09:42:00.842   713  1285 W ProcessCpuTracker: Skipping unknown process pid 19743
08-06 09:42:06.128   713   819 I WindowManager: Input event dispatching timed out sending to com.youku.phone/com.youku.ui.activity.DetailActivity.  Reason: Waiting to send key event because the focused window has not finished processing all of the input events that were previously delivered to it.  Outbound queue length: 0.  Wait queue length: 1.
08-06 09:42:06.340   713  1019 W InputManager: Input event injection from pid 2524 timed out.
08-06 09:42:06.398   713   778 I ActivityManager: Skipping duplicate ANR: ProcessRecord{1e729670 2545:com.youku.phone/u0a54} Input dispatching timed out (Waiting to send key event because the focused window has not finished processing all of the input events that were previously delivered to it.  Outbound queue length: 0.  Wait queue length: 1.)
08-06 09:42:08.096   713  1259 I ActivityManager: START u0 {act=com.youku.action.YoukuWebview cmp=com.youku.phone/com.youku.ui.activity.WebViewActivity (has extras)} from uid 10054 on display 0
08-06 09:42:08.107   713  1259 V WindowManager: addAppToken: AppWindowToken{256d814d token=Token{d0258e4 ActivityRecord{3ac20477 u0 com.youku.phone/com.youku.ui.activity.WebViewActivity t4}}} to stack=1 task=4 at 4
08-06 09:42:08.615   713   778 W ActivityManager: Activity pause timeout for ActivityRecord{6c5b01 u0 com.youku.phone/com.youku.ui.activity.DetailActivity t4}
08-06 09:42:09.405   713 14522 W ActivityManager: getTasks: caller 10054 does not hold GET_TASKS; limiting output
08-06 09:42:09.490   713 14522 V WindowManager: Adding window Window{26568d05 u0 com.youku.phone/com.youku.ui.activity.WebViewActivity} at 8 of 14 (after Window{2ed47363 u0 com.youku.phone/com.youku.ui.activity.DetailActivity})
08-06 09:42:09.663  2545  2545 W ViewRootImpl: Dropping event due to no window focus: KeyEvent { action=ACTION_DOWN, keyCode=KEYCODE_MENU, scanCode=0, metaState=0, flags=0x8, repeatCount=0, eventTime=474097, downTime=474097, deviceId=-1, source=0x101 }
08-06 09:42:09.669  2545  2545 W ViewRootImpl: Cancelling event due to no window focus: KeyEvent { action=ACTION_UP, keyCode=KEYCODE_MENU, scanCode=0, metaState=0, flags=0x28, repeatCount=0, eventTime=476365, downTime=476365, deviceId=-1, source=0x101 }
08-06 09:42:09.683  2545  2545 W ViewRootImpl: Cancelling event due to no window focus: KeyEvent { action=ACTION_UP, keyCode=KEYCODE_MENU, scanCode=0, metaState=0, flags=0x28, repeatCount=0, eventTime=476365, downTime=476365, deviceId=-1, source=0x101 }
08-06 09:42:09.686  2545  2545 W ViewRootImpl: Cancelling event due to no window focus: KeyEvent { action=ACTION_UP, keyCode=KEYCODE_MENU, scanCode=0, metaState=0, flags=0x28, repeatCount=0, eventTime=476365, downTime=476365, deviceId=-1, source=0x101 }
08-06 09:42:09.687  2545  2545 W ViewRootImpl: Cancelling event due to no window focus: KeyEvent { action=ACTION_UP, keyCode=KEYCODE_MENU, scanCode=0, metaState=0, flags=0x28, repeatCount=0, eventTime=476365, downTime=476365, deviceId=-1, source=0x101 }
08-06 09:42:09.688  2545  2545 W ViewRootImpl: Cancelling event due to no window focus: KeyEvent { action=ACTION_UP, keyCode=KEYCODE_MENU, scanCode=0, metaState=0, flags=0x28, repeatCount=0, eventTime=476365, downTime=476365, deviceId=-1, source=0x101 }
08-06 09:42:09.688  2545  2545 W ViewRootImpl: Cancelling event due to no window focus: KeyEvent { action=ACTION_UP, keyCode=KEYCODE_MENU, scanCode=0, metaState=0, flags=0x28, repeatCount=0, eventTime=476365, downTime=476365, deviceId=-1, source=0x101 }
08-06 09:42:30.839   713  1259 W ProcessCpuTracker: Skipping unknown process pid 26920
08-06 09:42:30.840   713  1259 W ProcessCpuTracker: Skipping unknown process pid 26922
08-06 09:42:40.963   713  1233 W ProcessCpuTracker: Skipping unknown process pid 29402
08-06 09:42:42.296   713 29460 W InputMethodManagerService: Window already focused, ignoring focus gain of: com.android.internal.view.IInputMethodClient$Stub$Proxy@376860ac attribute=null, token = android.os.BinderProxy@1eade07c
08-06 09:42:50.854   713   808 W ProcessCpuTracker: Skipping unknown process pid 31817
08-06 09:42:55.962   713   729 W ActivityManager: getTasks: caller 10054 does not hold GET_TASKS; limiting output
08-06 09:42:57.033   713  1031 I ActivityManager: START u0 {act=android.intent.action.MAIN cat=[android.intent.category.LAUNCHER] flg=0x10200000 cmp=com.youku.phone/.ActivityWelcome} from uid 0 on display 0
08-06 09:43:01.063  2545  2545 W ViewRootImpl: Dropping event due to no window focus: KeyEvent { action=ACTION_DOWN, keyCode=KEYCODE_MENU, scanCode=0, metaState=0, flags=0x8, repeatCount=0, eventTime=525865, downTime=525865, deviceId=-1, source=0x101 }
08-06 09:43:01.065  2545  2545 W ViewRootImpl: Cancelling event due to no window focus: KeyEvent { action=ACTION_UP, keyCode=KEYCODE_MENU, scanCode=0, metaState=0, flags=0x28, repeatCount=0, eventTime=525867, downTime=525867, deviceId=-1, source=0x101 }
08-06 09:43:01.065  2545  2545 W ViewRootImpl: Cancelling event due to no window focus: KeyEvent { action=ACTION_UP, keyCode=KEYCODE_MENU, scanCode=0, metaState=0, flags=0x28, repeatCount=0, eventTime=525867, downTime=525867, deviceId=-1, source=0x101 }
08-06 09:43:01.066  2545  2545 W ViewRootImpl: Cancelling event due to no window focus: KeyEvent { action=ACTION_UP, keyCode=KEYCODE_MENU, scanCode=0, metaState=0, flags=0x28, repeatCount=0, eventTime=525867, downTime=525867, deviceId=-1, source=0x101 }
08-06 09:43:01.070  2545  2545 W ViewRootImpl: Cancelling event due to no window focus: KeyEvent { action=ACTION_UP, keyCode=KEYCODE_MENU, scanCode=0, metaState=0, flags=0x28, repeatCount=0, eventTime=525867, downTime=525867, deviceId=-1, source=0x101 }
08-06 09:43:01.071  2545  2545 W ViewRootImpl: Cancelling event due to no window focus: KeyEvent { action=ACTION_UP, keyCode=KEYCODE_MENU, scanCode=0, metaState=0, flags=0x28, repeatCount=0, eventTime=525867, downTime=525867, deviceId=-1, source=0x101 }
08-06 09:43:01.072  2545  2545 W ViewRootImpl: Cancelling event due to no window focus: KeyEvent { action=ACTION_UP, keyCode=KEYCODE_MENU, scanCode=0, metaState=0, flags=0x28, repeatCount=0, eventTime=525867, downTime=525867, deviceId=-1, source=0x101 }
08-06 09:43:01.257   713  1224 I ActivityManager: START u0 {act=com.youku.action.YoukuWebview cmp=com.youku.phone/com.youku.ui.activity.WebViewActivity (has extras)} from uid 10054 on display 0
08-06 09:43:01.270   713  1224 V WindowManager: addAppToken: AppWindowToken{374f97d6 token=Token{ce5fff1 ActivityRecord{3850db98 u0 com.youku.phone/com.youku.ui.activity.WebViewActivity t4}}} to stack=1 task=4 at 5
08-06 09:43:01.439   713  1248 W ProcessCpuTracker: Skipping unknown process pid 2392
08-06 09:43:01.779   713   778 W ActivityManager: Activity pause timeout for ActivityRecord{6c5b01 u0 com.youku.phone/com.youku.ui.activity.DetailActivity t4}
08-06 09:43:03.966   713  1031 W ActivityManager: getTasks: caller 10054 does not hold GET_TASKS; limiting output
08-06 09:43:04.051   713  1248 V WindowManager: Adding window Window{2161cbae u0 com.youku.phone/com.youku.ui.activity.WebViewActivity} at 9 of 15 (after Window{26568d05 u0 com.youku.phone/com.youku.ui.activity.WebViewActivity EXITING})
08-06 09:43:04.269  2545  2545 W ViewRootImpl: Dropping event due to no window focus: KeyEvent { action=ACTION_DOWN, keyCode=KEYCODE_DPAD_CENTER, scanCode=0, metaState=0, flags=0x8, repeatCount=0, eventTime=528820, downTime=528820, deviceId=-1, source=0x101 }
08-06 09:43:04.287  2545  2545 W ViewRootImpl: Cancelling event due to no window focus: KeyEvent { action=ACTION_UP, keyCode=KEYCODE_DPAD_CENTER, scanCode=0, metaState=0, flags=0x28, repeatCount=0, eventTime=530960, downTime=530960, deviceId=-1, source=0x101 }
08-06 09:43:04.294  2545  2545 W ViewRootImpl: Cancelling event due to no window focus: KeyEvent { action=ACTION_UP, keyCode=KEYCODE_DPAD_CENTER, scanCode=0, metaState=0, flags=0x28, repeatCount=0, eventTime=530960, downTime=530960, deviceId=-1, source=0x101 }
08-06 09:43:04.296  2545  2545 W ViewRootImpl: Cancelling event due to no window focus: KeyEvent { action=ACTION_UP, keyCode=KEYCODE_DPAD_CENTER, scanCode=0, metaState=0, flags=0x28, repeatCount=0, eventTime=530960, downTime=530960, deviceId=-1, source=0x101 }
08-06 09:43:04.297  2545  2545 W ViewRootImpl: Cancelling event due to no window focus: KeyEvent { action=ACTION_UP, keyCode=KEYCODE_DPAD_CENTER, scanCode=0, metaState=0, flags=0x28, repeatCount=0, eventTime=530960, downTime=530960, deviceId=-1, source=0x101 }
08-06 09:43:04.303  2545  2545 W ViewRootImpl: Cancelling event due to no window focus: KeyEvent { action=ACTION_UP, keyCode=KEYCODE_DPAD_CENTER, scanCode=0, metaState=0, flags=0x28, repeatCount=0, eventTime=530960, downTime=530960, deviceId=-1, source=0x101 }
08-06 09:43:04.304  2545  2545 W ViewRootImpl: Cancelling event due to no window focus: KeyEvent { action=ACTION_UP, keyCode=KEYCODE_DPAD_CENTER, scanCode=0, metaState=0, flags=0x28, repeatCount=0, eventTime=530960, downTime=530960, deviceId=-1, source=0x101 }
08-06 09:43:04.318  2545  2545 W ViewRootImpl: Cancelling event due to no window focus: KeyEvent { action=ACTION_UP, keyCode=KEYCODE_DPAD_CENTER, scanCode=0, metaState=0, flags=0x80000028, repeatCount=0, eventTime=530960, downTime=530960, deviceId=-1, source=0x101 }
08-06 09:43:04.318  2545  2545 W ViewRootImpl: Cancelling event due to no window focus: KeyEvent { action=ACTION_UP, keyCode=KEYCODE_DPAD_CENTER, scanCode=0, metaState=0, flags=0x80000028, repeatCount=0, eventTime=530960, downTime=530960, deviceId=-1, source=0x101 }
08-06 09:43:04.319  2545  2545 W ViewRootImpl: Cancelling event due to no window focus: KeyEvent { action=ACTION_UP, keyCode=KEYCODE_DPAD_CENTER, scanCode=0, metaState=0, flags=0x80000028, repeatCount=0, eventTime=530960, downTime=530960, deviceId=-1, source=0x101 }
08-06 09:43:13.713   713  2782 I ActivityManager: START u0 {act=android.intent.action.VIEW dat=sokusdk://search pkg=com.youku.phone cmp=com.youku.phone/com.soku.searchsdk.activity.SearchActivity (has extras)} from uid 10054 on display 0
08-06 09:43:14.253   713   778 W ActivityManager: Activity pause timeout for ActivityRecord{3850db98 u0 com.youku.phone/com.youku.ui.activity.WebViewActivity t4 f}
08-06 09:43:14.857  2545  2545 W ViewRootImpl: Cancelling event due to no window focus: KeyEvent { action=ACTION_UP, keyCode=KEYCODE_SEARCH, scanCode=0, metaState=0, flags=0x80000028, repeatCount=0, eventTime=540464, downTime=540464, deviceId=-1, source=0x101 }
08-06 09:43:14.858  2545  2545 W ViewRootImpl: Cancelling event due to no window focus: KeyEvent { action=ACTION_UP, keyCode=KEYCODE_SEARCH, scanCode=0, metaState=0, flags=0x80000028, repeatCount=0, eventTime=540464, downTime=540464, deviceId=-1, source=0x101 }
08-06 09:43:14.863  2545  2545 W ViewRootImpl: Cancelling event due to no window focus: KeyEvent { action=ACTION_UP, keyCode=KEYCODE_SEARCH, scanCode=0, metaState=0, flags=0x80000028, repeatCount=0, eventTime=540464, downTime=540464, deviceId=-1, source=0x101 }
08-06 09:43:14.887  2545  2545 W ViewRootImpl: Cancelling event due to no window focus: KeyEvent { action=ACTION_UP, keyCode=KEYCODE_SEARCH, scanCode=0, metaState=0, flags=0x80000028, repeatCount=0, eventTime=540464, downTime=540464, deviceId=-1, source=0x101 }
08-06 09:43:14.890  2545  2545 W ViewRootImpl: Cancelling event due to no window focus: KeyEvent { action=ACTION_UP, keyCode=KEYCODE_SEARCH, scanCode=0, metaState=0, flags=0x80000028, repeatCount=0, eventTime=540464, downTime=540464, deviceId=-1, source=0x101 }
08-06 09:43:14.891  2545  2545 W ViewRootImpl: Cancelling event due to no window focus: KeyEvent { action=ACTION_UP, keyCode=KEYCODE_SEARCH, scanCode=0, metaState=0, flags=0x80000028, repeatCount=0, eventTime=540464, downTime=540464, deviceId=-1, source=0x101 }
08-06 09:43:26.819   713  1259 I ActivityManager: START u0 {cmp=com.youku.phone/com.soku.searchsdk.activity.SearchResultActivity} from uid 10054 on display 0
08-06 09:43:26.841   713  1259 V WindowManager: addAppToken: AppWindowToken{2c62006a token=Token{e1d1e55 ActivityRecord{3a39a50c u0 com.youku.phone/com.soku.searchsdk.activity.SearchResultActivity t4}}} to stack=1 task=4 at 2
08-06 09:43:27.951   713  6134 V WindowManager: Adding window Window{3597b936 u0 com.youku.phone/com.soku.searchsdk.activity.SearchResultActivity} at 5 of 12 (after Window{ea2d56e u0 com.youku.phone/com.soku.searchsdk.activity.SearchActivity})
08-06 09:43:28.170  2545  2545 W ViewRootImpl: Cancelling event due to no window focus: KeyEvent { action=ACTION_UP, keyCode=KEYCODE_VOLUME_DOWN, scanCode=0, metaState=0, flags=0x80000028, repeatCount=0, eventTime=550828, downTime=550828, deviceId=-1, source=0x101 }
08-06 09:43:28.170  2545  2545 W ViewRootImpl: Cancelling event due to no window focus: KeyEvent { action=ACTION_UP, keyCode=KEYCODE_VOLUME_DOWN, scanCode=0, metaState=0, flags=0x80000028, repeatCount=0, eventTime=550828, downTime=550828, deviceId=-1, source=0x101 }
08-06 09:43:28.171  2545  2545 W ViewRootImpl: Cancelling event due to no window focus: KeyEvent { action=ACTION_UP, keyCode=KEYCODE_VOLUME_DOWN, scanCode=0, metaState=0, flags=0x80000028, repeatCount=0, eventTime=550828, downTime=550828, deviceId=-1, source=0x101 }
08-06 09:43:28.171  2545  2545 W ViewRootImpl: Cancelling event due to no window focus: KeyEvent { action=ACTION_UP, keyCode=KEYCODE_VOLUME_DOWN, scanCode=0, metaState=0, flags=0x80000028, repeatCount=0, eventTime=550828, downTime=550828, deviceId=-1, source=0x101 }
08-06 09:43:28.172  2545  2545 W ViewRootImpl: Cancelling event due to no window focus: KeyEvent { action=ACTION_UP, keyCode=KEYCODE_VOLUME_DOWN, scanCode=0, metaState=0, flags=0x80000028, repeatCount=0, eventTime=550828, downTime=550828, deviceId=-1, source=0x101 }
08-06 09:43:28.173  2545  2545 W ViewRootImpl: Cancelling event due to no window focus: KeyEvent { action=ACTION_UP, keyCode=KEYCODE_VOLUME_DOWN, scanCode=0, metaState=0, flags=0x80000028, repeatCount=0, eventTime=550828, downTime=550828, deviceId=-1, source=0x101 }
08-06 09:43:43.057   713  1031 I ActivityManager: START u0 {act=android.intent.action.MAIN cat=[android.intent.category.LAUNCHER] flg=0x10200000 cmp=com.youku.phone/.ActivityWelcome} from uid 0 on display 0
08-06 09:43:52.786   713  6776 V WindowManager: not Base app: Adding window Window{26abc30d u0 com.youku.phone/com.soku.searchsdk.activity.SearchResultActivity} at 6 of 12
08-06 09:43:55.578   713   778 W ProcessCpuTracker: Skipping unknown process pid 14442
08-06 09:43:56.210   713  2782 W InputMethodManagerService: Window already focused, ignoring focus gain of: com.android.internal.view.IInputMethodClient$Stub$Proxy@bdee8d3 attribute=null, token = android.os.BinderProxy@34ad89a4
08-06 09:43:56.712   713  2782 I ActivityManager: START u0 {cmp=com.youku.phone/com.youku.ui.activity.DetailActivity (has extras)} from uid 10054 on display 0
08-06 09:43:56.721   713  2782 V WindowManager: addAppToken: AppWindowToken{2da0b90e token=Token{5de8309 ActivityRecord{1f0b9c10 u0 com.youku.phone/com.youku.ui.activity.DetailActivity t4}}} to stack=1 task=4 at 3
08-06 09:43:59.003   713   729 V WindowManager: Adding window Window{2d1e6617 u0 com.youku.phone/com.youku.ui.activity.DetailActivity} at 6 of 12 (after Window{3597b936 u0 com.youku.phone/com.soku.searchsdk.activity.SearchResultActivity})
08-06 09:43:59.692   713 29460 V WindowManager: Adding window Window{13d2010f u0 SurfaceView} at 6 of 13 (before Window{2d1e6617 u0 com.youku.phone/com.youku.ui.activity.DetailActivity})
08-06 09:43:59.717  2545  2545 W ViewRootImpl: Dropping event due to no window focus: KeyEvent { action=ACTION_DOWN, keyCode=KEYCODE_SHIFT_RIGHT, scanCode=0, metaState=0, flags=0x8, repeatCount=0, eventTime=584411, downTime=584411, deviceId=-1, source=0x101 }
08-06 09:43:59.718  2545  2545 W ViewRootImpl: Cancelling event due to no window focus: KeyEvent { action=ACTION_UP, keyCode=KEYCODE_SHIFT_RIGHT, scanCode=0, metaState=0, flags=0x28, repeatCount=0, eventTime=586407, downTime=586407, deviceId=-1, source=0x101 }
08-06 09:43:59.718  2545  2545 W ViewRootImpl: Cancelling event due to no window focus: KeyEvent { action=ACTION_UP, keyCode=KEYCODE_SHIFT_RIGHT, scanCode=0, metaState=0, flags=0x28, repeatCount=0, eventTime=586407, downTime=586407, deviceId=-1, source=0x101 }
08-06 09:43:59.719  2545  2545 W ViewRootImpl: Cancelling event due to no window focus: KeyEvent { action=ACTION_UP, keyCode=KEYCODE_SHIFT_RIGHT, scanCode=0, metaState=0, flags=0x28, repeatCount=0, eventTime=586407, downTime=586407, deviceId=-1, source=0x101 }
08-06 09:43:59.720  2545  2545 W ViewRootImpl: Cancelling event due to no window focus: KeyEvent { action=ACTION_UP, keyCode=KEYCODE_SHIFT_RIGHT, scanCode=0, metaState=0, flags=0x28, repeatCount=0, eventTime=586407, downTime=586407, deviceId=-1, source=0x101 }
08-06 09:43:59.720  2545  2545 W ViewRootImpl: Cancelling event due to no window focus: KeyEvent { action=ACTION_UP, keyCode=KEYCODE_SHIFT_RIGHT, scanCode=0, metaState=0, flags=0x28, repeatCount=0, eventTime=586407, downTime=586407, deviceId=-1, source=0x101 }
08-06 09:43:59.721  2545  2545 W ViewRootImpl: Cancelling event due to no window focus: KeyEvent { action=ACTION_UP, keyCode=KEYCODE_SHIFT_RIGHT, scanCode=0, metaState=0, flags=0x28, repeatCount=0, eventTime=586407, downTime=586407, deviceId=-1, source=0x101 }
08-06 09:43:59.723  2545  2545 W ViewRootImpl: Cancelling event due to no window focus: KeyEvent { action=ACTION_UP, keyCode=KEYCODE_SHIFT_RIGHT, scanCode=0, metaState=0, flags=0x80000028, repeatCount=0, eventTime=586407, downTime=586407, deviceId=-1, source=0x101 }
08-06 09:43:59.723  2545  2545 W ViewRootImpl: Cancelling event due to no window focus: KeyEvent { action=ACTION_UP, keyCode=KEYCODE_SHIFT_RIGHT, scanCode=0, metaState=0, flags=0x80000028, repeatCount=0, eventTime=586407, downTime=586407, deviceId=-1, source=0x101 }
08-06 09:43:59.724  2545  2545 W ViewRootImpl: Cancelling event due to no window focus: KeyEvent { action=ACTION_UP, keyCode=KEYCODE_SHIFT_RIGHT, scanCode=0, metaState=0, flags=0x80000028, repeatCount=0, eventTime=586407, downTime=586407, deviceId=-1, source=0x101 }
08-06 09:44:00.905   713 14522 W ProcessCpuTracker: Skipping unknown process pid 14606
08-06 09:44:06.724   713   778 W ActivityManager: Launch timeout has expired, giving up wake lock!
08-06 09:44:07.211   713 15395 V WindowManager: Adding window Window{28ba9c34 u0 AtchDlg:com.youku.phone/com.youku.ui.activity.DetailActivity} at 8 of 14 (after Window{2d1e6617 u0 com.youku.phone/com.youku.ui.activity.DetailActivity})
08-06 09:44:07.224  2545  2545 W ViewRootImpl: Dropping event due to no window focus: KeyEvent { action=ACTION_DOWN, keyCode=KEYCODE_DPAD_CENTER, scanCode=0, metaState=0, flags=0x8, repeatCount=0, eventTime=593905, downTime=593905, deviceId=-1, source=0x101 }
08-06 09:44:07.225  2545  2545 W ViewRootImpl: Cancelling event due to no window focus: KeyEvent { action=ACTION_UP, keyCode=KEYCODE_DPAD_CENTER, scanCode=0, metaState=0, flags=0x28, repeatCount=0, eventTime=593973, downTime=593973, deviceId=-1, source=0x101 }
08-06 09:44:07.225  2545  2545 W ViewRootImpl: Cancelling event due to no window focus: KeyEvent { action=ACTION_UP, keyCode=KEYCODE_DPAD_CENTER, scanCode=0, metaState=0, flags=0x28, repeatCount=0, eventTime=593973, downTime=593973, deviceId=-1, source=0x101 }
08-06 09:44:07.226  2545  2545 W ViewRootImpl: Cancelling event due to no window focus: KeyEvent { action=ACTION_UP, keyCode=KEYCODE_DPAD_CENTER, scanCode=0, metaState=0, flags=0x28, repeatCount=0, eventTime=593973, downTime=593973, deviceId=-1, source=0x101 }
08-06 09:44:07.226  2545  2545 W ViewRootImpl: Cancelling event due to no window focus: KeyEvent { action=ACTION_UP, keyCode=KEYCODE_DPAD_CENTER, scanCode=0, metaState=0, flags=0x28, repeatCount=0, eventTime=593973, downTime=593973, deviceId=-1, source=0x101 }
08-06 09:44:07.233  2545  2545 W ViewRootImpl: Cancelling event due to no window focus: KeyEvent { action=ACTION_UP, keyCode=KEYCODE_DPAD_CENTER, scanCode=0, metaState=0, flags=0x28, repeatCount=0, eventTime=593973, downTime=593973, deviceId=-1, source=0x101 }
08-06 09:44:07.234  2545  2545 W ViewRootImpl: Cancelling event due to no window focus: KeyEvent { action=ACTION_UP, keyCode=KEYCODE_DPAD_CENTER, scanCode=0, metaState=0, flags=0x28, repeatCount=0, eventTime=593973, downTime=593973, deviceId=-1, source=0x101 }
08-06 09:44:07.235  2545  2545 W ViewRootImpl: Cancelling event due to no window focus: KeyEvent { action=ACTION_UP, keyCode=KEYCODE_DPAD_CENTER, scanCode=0, metaState=0, flags=0x80000028, repeatCount=0, eventTime=593973, downTime=593973, deviceId=-1, source=0x101 }
