08-06 09:34:45.432  1154  1204 D SubscriptionController: [getSubInfoRecord] id:1 iccid:89860115921101579076 simSlotIndex:0 displayName:CARD 1 nameSource:0 iconTint:-16746133 dataRoaming:0 mcc:460 mnc:1 countIso:cn
08-06 09:34:45.433  1154  1204 D PhoneFactory: getPhone:- phoneId != DEFAULT_PHONE_ID return sProxyPhones[phoneId] phoneId=0 phone=Handler (com.android.internal.telephony.PhoneProxy) {ff1ad28}
08-06 09:34:45.437  1154  1204 D SubscriptionController: [getActiveSubInfoList]- 1 infos return
08-06 09:34:45.792  1154  1450 D SubscriptionController: [getActiveSubInfoList]+
08-06 09:34:45.795  1154  1450 D SubscriptionController: selection:sim_id>=0 null
08-06 09:34:45.804  1154  1450 D TelephonyManager: getTelephonyProperty: return propVal='cn' phoneId=0 property='gsm.sim.operator.iso-country' defaultVal='' prop=cn
08-06 09:34:45.805  1154  1450 D SubscriptionController: [getSubInfoRecord] id:1 iccid:89860115921101579076 simSlotIndex:0 displayName:CARD 1 nameSource:0 iconTint:-16746133 dataRoaming:0 mcc:460 mnc:1 countIso:cn
08-06 09:34:45.806  1154  1450 D PhoneFactory: getPhone:- phoneId != DEFAULT_PHONE_ID return sProxyPhones[phoneId] phoneId=0 phone=Handler (com.android.internal.telephony.PhoneProxy) {ff1ad28}
08-06 09:34:45.810  1154  1450 D SubscriptionController: [getActiveSubInfoList]- 1 infos return
08-06 09:34:45.819  1154  1381 D SubscriptionController: [getActiveSubInfoList]+
08-06 09:34:45.821  1154  1381 D SubscriptionController: selection:sim_id>=0 null
08-06 09:34:45.838  1154  1381 D TelephonyManager: getTelephonyProperty: return propVal='cn' phoneId=0 property='gsm.sim.operator.iso-country' defaultVal='' prop=cn
08-06 09:34:45.838  1154  1381 D SubscriptionController: [getSubInfoRecord] id:1 iccid:89860115921101579076 simSlotIndex:0 displayName:CARD 1 nameSource:0 iconTint:-16746133 dataRoaming:0 mcc:460 mnc:1 countIso:cn
08-06 09:34:45.840  1154  1381 D PhoneFactory: getPhone:- phoneId != DEFAULT_PHONE_ID return sProxyPhones[phoneId] phoneId=0 phone=Handler (com.android.internal.telephony.PhoneProxy) {ff1ad28}
08-06 09:34:45.845  1154  1381 D SubscriptionController: [getActiveSubInfoList]- 1 infos return
08-06 09:34:45.856  1154  1193 D PhoneFactory: getPhone:- phoneId != DEFAULT_PHONE_ID return sProxyPhones[phoneId] phoneId=0 phone=Handler (com.android.internal.telephony.PhoneProxy) {ff1ad28}
08-06 09:34:45.856  1154  1193 D SubscriptionController: getSimStateForSubscriber:  simState=READY ordinal=5
08-06 09:34:45.857   868   868 D SubscriptionManager: getSimStateForSubscriber: simState=5 subId=1
08-06 09:34:45.857   868   868 D TelephonyManager: getSimState: simState=5 slotIdx=0
08-06 09:34:45.867  1154  1450 D SubscriptionController: [getActiveSubInfoList]+
08-06 09:34:45.870  1154  1450 D SubscriptionController: selection:sim_id>=0 null
08-06 09:34:45.885  1154  1450 D TelephonyManager: getTelephonyProperty: return propVal='cn' phoneId=0 property='gsm.sim.operator.iso-country' defaultVal='' prop=cn
08-06 09:34:45.885  1154  1450 D SubscriptionController: [getSubInfoRecord] id:1 iccid:89860115921101579076 simSlotIndex:0 displayName:CARD 1 nameSource:0 iconTint:-16746133 dataRoaming:0 mcc:460 mnc:1 countIso:cn
08-06 09:34:45.887  1154  1450 D PhoneFactory: getPhone:- phoneId != DEFAULT_PHONE_ID return sProxyPhones[phoneId] phoneId=0 phone=Handler (com.android.internal.telephony.PhoneProxy) {ff1ad28}
08-06 09:34:45.891  1154  1450 D SubscriptionController: [getActiveSubInfoList]- 1 infos return
08-06 09:34:45.905  1154  1381 D SubscriptionController: [getActiveSubInfoList]+
08-06 09:34:45.907  1154  1381 D SubscriptionController: selection:sim_id>=0 null
08-06 09:34:45.924  1154  1381 D TelephonyManager: getTelephonyProperty: return propVal='cn' phoneId=0 property='gsm.sim.operator.iso-country' defaultVal='' prop=cn
08-06 09:34:45.925  1154  1381 D SubscriptionController: [getSubInfoRecord] id:1 iccid:89860115921101579076 simSlotIndex:0 displayName:CARD 1 nameSource:0 iconTint:-16746133 dataRoaming:0 mcc:460 mnc:1 countIso:cn
08-06 09:34:45.927  1154  1381 D PhoneFactory: getPhone:- phoneId != DEFAULT_PHONE_ID return sProxyPhones[phoneId] phoneId=0 phone=Handler (com.android.internal.telephony.PhoneProxy) {ff1ad28}
08-06 09:34:45.932  1154  1381 D SubscriptionController: [getActiveSubInfoList]- 1 infos return
08-06 09:34:45.940  1154  1193 D PhoneFactory: getPhone:- phoneId != DEFAULT_PHONE_ID return sProxyPhones[phoneId] phoneId=0 phone=Handler (com.android.internal.telephony.PhoneProxy) {ff1ad28}
08-06 09:34:45.941  1154  1193 D SubscriptionController: getSimStateForSubscriber:  simState=READY ordinal=5
08-06 09:34:45.941   868   868 D SubscriptionManager: getSimStateForSubscriber: simState=5 subId=1
08-06 09:34:45.941   868   868 D TelephonyManager: getSimState: simState=5 slotIdx=0
08-06 09:34:45.953  1154  1450 D SubscriptionController: [getActiveSubInfoList]+
08-06 09:34:45.956  1154  1450 D SubscriptionController: selection:sim_id>=0 null
08-06 09:34:45.969  1154  1450 D TelephonyManager: getTelephonyProperty: return propVal='cn' phoneId=0 property='gsm.sim.operator.iso-country' defaultVal='' prop=cn
08-06 09:34:45.970  1154  1450 D SubscriptionController: [getSubInfoRecord] id:1 iccid:89860115921101579076 simSlotIndex:0 displayName:CARD 1 nameSource:0 iconTint:-16746133 dataRoaming:0 mcc:460 mnc:1 countIso:cn
08-06 09:34:45.971  1154  1450 D PhoneFactory: getPhone:- phoneId != DEFAULT_PHONE_ID return sProxyPhones[phoneId] phoneId=0 phone=Handler (com.android.internal.telephony.PhoneProxy) {ff1ad28}
08-06 09:34:45.975  1154  1450 D SubscriptionController: [getActiveSubInfoList]- 1 infos return
08-06 09:34:45.986  1154  1381 D SubscriptionController: [getActiveSubInfoList]+
08-06 09:34:45.988  1154  1381 D SubscriptionController: selection:sim_id>=0 null
08-06 09:34:46.002  1154  1381 D TelephonyManager: getTelephonyProperty: return propVal='cn' phoneId=0 property='gsm.sim.operator.iso-country' defaultVal='' prop=cn
08-06 09:34:46.003  1154  1381 D SubscriptionController: [getSubInfoRecord] id:1 iccid:89860115921101579076 simSlotIndex:0 displayName:CARD 1 nameSource:0 iconTint:-16746133 dataRoaming:0 mcc:460 mnc:1 countIso:cn
08-06 09:34:46.004  1154  1381 D PhoneFactory: getPhone:- phoneId != DEFAULT_PHONE_ID return sProxyPhones[phoneId] phoneId=0 phone=Handler (com.android.internal.telephony.PhoneProxy) {ff1ad28}
08-06 09:34:46.008  1154  1381 D SubscriptionController: [getActiveSubInfoList]- 1 infos return
08-06 09:34:46.024  1154  1193 D PhoneFactory: getPhone:- phoneId != DEFAULT_PHONE_ID return sProxyPhones[phoneId] phoneId=0 phone=Handler (com.android.internal.telephony.PhoneProxy) {ff1ad28}
08-06 09:34:46.024  1154  1193 D SubscriptionController: getSimStateForSubscriber:  simState=READY ordinal=5
08-06 09:34:46.024   868   868 D SubscriptionManager: getSimStateForSubscriber: simState=5 subId=1
08-06 09:34:46.024   868   868 D TelephonyManager: getSimState: simState=5 slotIdx=0
08-06 09:34:46.105  1154  1381 D SubscriptionController: [getActiveSubInfoList]+
08-06 09:34:46.109  1154  1381 D SubscriptionController: selection:sim_id>=0 null
08-06 09:34:46.135  1154  1381 D TelephonyManager: getTelephonyProperty: return propVal='cn' phoneId=0 property='gsm.sim.operator.iso-country' defaultVal='' prop=cn
08-06 09:34:46.135  1154  1381 D SubscriptionController: [getSubInfoRecord] id:1 iccid:89860115921101579076 simSlotIndex:0 displayName:CARD 1 nameSource:0 iconTint:-16746133 dataRoaming:0 mcc:460 mnc:1 countIso:cn
08-06 09:34:46.137  1154  1381 D PhoneFactory: getPhone:- phoneId != DEFAULT_PHONE_ID return sProxyPhones[phoneId] phoneId=0 phone=Handler (com.android.internal.telephony.PhoneProxy) {ff1ad28}
08-06 09:34:46.143  1154  1381 D SubscriptionController: [getActiveSubInfoList]- 1 infos return
08-06 09:34:46.158  1154  1204 D SubscriptionController: [getActiveSubInfoList]+
08-06 09:34:46.163  1154  1204 D SubscriptionController: selection:sim_id>=0 null
08-06 09:34:46.177  1154  1204 D TelephonyManager: getTelephonyProperty: return propVal='cn' phoneId=0 property='gsm.sim.operator.iso-country' defaultVal='' prop=cn
08-06 09:34:46.181  1154  1204 D SubscriptionController: [getSubInfoRecord] id:1 iccid:89860115921101579076 simSlotIndex:0 displayName:CARD 1 nameSource:0 iconTint:-16746133 dataRoaming:0 mcc:460 mnc:1 countIso:cn
08-06 09:34:46.183  1154  1204 D PhoneFactory: getPhone:- phoneId != DEFAULT_PHONE_ID return sProxyPhones[phoneId] phoneId=0 phone=Handler (com.android.internal.telephony.PhoneProxy) {ff1ad28}
08-06 09:34:46.187  1154  1204 D SubscriptionController: [getActiveSubInfoList]- 1 infos return
08-06 09:34:46.198  1154  1450 D PhoneFactory: getPhone:- phoneId != DEFAULT_PHONE_ID return sProxyPhones[phoneId] phoneId=0 phone=Handler (com.android.internal.telephony.PhoneProxy) {ff1ad28}
08-06 09:34:46.198  1154  1450 D SubscriptionController: getSimStateForSubscriber:  simState=READY ordinal=5
08-06 09:34:46.199   868   868 D SubscriptionManager: getSimStateForSubscriber: simState=5 subId=1
08-06 09:34:46.199   868   868 D TelephonyManager: getSimState: simState=5 slotIdx=0
08-06 09:34:46.418   191   317 E RILQ    : (0/191): RIL[0][event] qcril_gstk_qmi_process_raw_command_callback: Proactive command size (0) less than minimum (11)
08-06 09:34:46.582  1154  1154 D SubscriptionController: [getPhoneId] asked for default subId=1
08-06 09:34:47.505   191   535 I RILQ    : (0/191):RIL[0][qmi_cb] qcril_qmi_nas_update_data_rte: completed, new drte 0 with confidence 4
08-06 09:34:47.507   191   535 I RILC    : RIL_SOCKET_1 UNSOLICITED: UNSOL_RESPONSE_VOICE_NETWORK_STATE_CHANGED length:8
08-06 09:34:47.507   191   535 E RILC    : Send Response to RIL_SOCKET_1
08-06 09:34:47.507  1154  1299 D RILJ    : [UNSL]< UNSOL_RESPONSE_VOICE_NETWORK_STATE_CHANGED [SUB0]
08-06 09:34:47.507  1154  1154 D RILJ    : [3747]> OPERATOR [SUB0]
08-06 09:34:47.509  1154  1154 D RILJ    : [3748]> DATA_REGISTRATION_STATE [SUB0]
08-06 09:34:47.510   191  1667 D RILC    : RequestComplete, RIL_SOCKET_1
08-06 09:34:47.510  1154  1154 D RILJ    : [3749]> VOICE_REGISTRATION_STATE [SUB0]
08-06 09:34:47.510   191  1667 E RILC    : Send Response to RIL_SOCKET_1
08-06 09:34:47.511  1154  1299 D RILJ    : [3747]< OPERATOR {null, null, null} [SUB0]
08-06 09:34:47.511  1154  1154 D RILJ    : [3750]> QUERY_NETWORK_SELECTION_MODE [SUB0]
08-06 09:34:47.513   191  1670 D RILC    : RequestComplete, RIL_SOCKET_1
08-06 09:34:47.513   191  1670 E RILC    : Send Response to RIL_SOCKET_1
08-06 09:34:47.514  1154  1299 D RILJ    : [3750]< QUERY_NETWORK_SELECTION_MODE {0} [SUB0]
08-06 09:34:47.515   191  1668 D RILC    : RequestComplete, RIL_SOCKET_1
08-06 09:34:47.515   191  1668 E RILC    : Send Response to RIL_SOCKET_1
08-06 09:34:47.517  1154  1299 D RILJ    : [3748]< DATA_REGISTRATION_STATE {2, null, null, null, 0, 20, null, null, null, null, null} [SUB0]
08-06 09:34:47.517  1154  1154 D PHONE   : [ServiceState] setDataRegState=1
08-06 09:34:47.517  1154  1154 D PHONE   : [ServiceState] setDataRadioTechnology=0
08-06 09:34:47.517  1154  1154 D GsmSST  : [GsmSST] handlPollStateResultMessage: GsmSST setDataRegState=1 regState=2 dataRadioTechnology=0
08-06 09:34:47.518   191  1669 I RILQ    : (0/191):RIL[0][cmd-20(248)] qcril_qmi_nas_update_data_rte: completed, new drte 0 with confidence 4
08-06 09:34:47.519   191  1669 D RILC    : RequestComplete, RIL_SOCKET_1
08-06 09:34:47.519   191  1669 E RILC    : Send Response to RIL_SOCKET_1
08-06 09:34:47.520  1154  1299 D RILJ    : [3749]< VOICE_REGISTRATION_STATE {2, null, null, 0, null, null, null, 0, null, null, null, null, null, 0, null} [SUB0]
08-06 09:34:47.520  1154  1154 D PHONE   : [ServiceState] setVoiceRegState=1
08-06 09:34:47.520  1154  1154 E PHONE   : [ServiceState] setState deprecated use setVoiceRegState()
08-06 09:34:47.522  1154  1154 D GsmSST  : [GsmSST] Poll ServiceState done:  oldSS=[1 1 voice home data home null null null null null null  Unknown Unknown CSS not supported -1 -1 RoamInd=-1 DefRoamInd=-1 EmergOnly=false] newSS=[1 1 voice home data home null null null null null null  Unknown Unknown CSS not supported -1 -1 RoamInd=-1 DefRoamInd=-1 EmergOnly=false] oldMaxDataCalls=20 mNewMaxDataCalls=20 oldReasonDataDenied=15 mNewReasonDataDenied=-1
08-06 09:34:47.522  1154  1154 D PHONE   : [ServiceState] setNullState=1
08-06 09:34:47.642  1154  1450 D SubscriptionController: [getPhoneId] asked for default subId=1
08-06 09:34:47.648  1154  1193 D PhoneFactory: getPhone:- phoneId != DEFAULT_PHONE_ID return sProxyPhones[phoneId] phoneId=0 phone=Handler (com.android.internal.telephony.PhoneProxy) {ff1ad28}
08-06 09:34:47.654   713   777 D TelephonyManager: getTelephonyProperty: return propVal='null' phoneId=0 property='gsm.operator.iso-country' defaultVal='' prop=
08-06 09:34:47.656   713   777 D TelephonyManager: getTelephonyProperty: return propVal='cn' phoneId=0 property='gsm.sim.operator.iso-country' defaultVal='' prop=cn
08-06 09:34:47.661  1154  1204 D PhoneFactory: getPhone:- phoneId != DEFAULT_PHONE_ID return sProxyPhones[phoneId] phoneId=0 phone=Handler (com.android.internal.telephony.PhoneProxy) {ff1ad28}
08-06 09:34:47.674  1154  1381 D PhoneFactory: getPhone:- phoneId != DEFAULT_PHONE_ID return sProxyPhones[phoneId] phoneId=0 phone=Handler (com.android.internal.telephony.PhoneProxy) {ff1ad28}
08-06 09:34:47.688   713   777 D TelephonyManager: getTelephonyProperty: return propVal='null' phoneId=0 property='gsm.operator.iso-country' defaultVal='' prop=
08-06 09:34:47.701   713   777 D TelephonyManager: getTelephonyProperty: return propVal='cn' phoneId=0 property='gsm.sim.operator.iso-country' defaultVal='' prop=cn
08-06 09:34:47.702  1649  1649 D TelephonyManager: getTelephonyProperty: return propVal='false' phoneId=0 property='gsm.operator.isroaming' defaultVal='null' prop=false
08-06 09:34:47.739  1154  1204 D PhoneFactory: getPhone:- phoneId != DEFAULT_PHONE_ID return sProxyPhones[phoneId] phoneId=0 phone=Handler (com.android.internal.telephony.PhoneProxy) {ff1ad28}
08-06 09:34:47.739  1154  1204 D DCT     : [0]getDataEnabled: getIntWithSubId retVal=true
08-06 09:34:47.880  1154  1193 D PhoneFactory: getPhone:- phoneId != DEFAULT_PHONE_ID return sProxyPhones[phoneId] phoneId=0 phone=Handler (com.android.internal.telephony.PhoneProxy) {ff1ad28}
08-06 09:34:47.880  1154  1193 D DCT     : [0]getDataEnabled: getIntWithSubId retVal=true
08-06 09:34:51.504  1154  1381 D DCT     : [0]hasMatchedTetherApnSetting: APN=null
08-06 09:34:51.756  1154  1154 D DCT     : [0]onReceive: action=android.net.wifi.STATE_CHANGE
08-06 09:34:51.757  1154  1154 D DCT     : [0]NETWORK_STATE_CHANGED_ACTION: mIsWifiConnected=false
08-06 09:34:51.789  1154  1154 D DCT     : [0]onReceive: action=android.net.wifi.STATE_CHANGE
08-06 09:34:51.790  1154  1154 D DCT     : [0]NETWORK_STATE_CHANGED_ACTION: mIsWifiConnected=false
08-06 09:34:51.885  1154  1154 D DCT     : [0]onReceive: action=android.net.wifi.STATE_CHANGE
08-06 09:34:51.885  1154  1154 D DCT     : [0]NETWORK_STATE_CHANGED_ACTION: mIsWifiConnected=false
08-06 09:34:51.922  1154  1154 D DCT     : [0]onReceive: action=android.net.wifi.STATE_CHANGE
08-06 09:34:51.923  1154  1154 D DCT     : [0]NETWORK_STATE_CHANGED_ACTION: mIsWifiConnected=false
08-06 09:34:53.055  1154  1154 D DCT     : [0]onReceive: action=android.net.wifi.STATE_CHANGE
08-06 09:34:53.064  1154  1154 D DCT     : [0]NETWORK_STATE_CHANGED_ACTION: mIsWifiConnected=false
08-06 09:34:53.074  1154  1154 D DCT     : [0]onReceive: action=android.net.wifi.STATE_CHANGE
08-06 09:34:53.078  1154  1154 D DCT     : [0]NETWORK_STATE_CHANGED_ACTION: mIsWifiConnected=false
08-06 09:34:53.086  1154  1154 D DCT     : [0]onReceive: action=android.net.wifi.STATE_CHANGE
08-06 09:34:53.091  1154  1154 D DCT     : [0]NETWORK_STATE_CHANGED_ACTION: mIsWifiConnected=true
08-06 09:34:53.099  1154  1154 D DCT     : [0]onReceive: action=android.net.wifi.STATE_CHANGE
08-06 09:34:53.102  1154  1154 D DCT     : [0]NETWORK_STATE_CHANGED_ACTION: mIsWifiConnected=true
08-06 09:34:53.171  1154  1450 D SubscriptionController: [getActiveSubIdList] simInfoSet=[0=1]
08-06 09:34:53.174  1154  1450 D SubscriptionController: [getActiveSubIdList] X subIdArr.length=1
08-06 09:34:53.182  1154  1193 D SubscriptionController: [getActiveSubIdList] simInfoSet=[0=1]
08-06 09:34:53.184  1154  1193 D SubscriptionController: [getActiveSubIdList] X subIdArr.length=1
08-06 09:34:53.218  1154  1450 D PhoneFactory: getPhone:- phoneId != DEFAULT_PHONE_ID return sProxyPhones[phoneId] phoneId=0 phone=Handler (com.android.internal.telephony.PhoneProxy) {ff1ad28}
08-06 09:34:53.218  1154  1450 D DCT     : [0]getDataEnabled: getIntWithSubId retVal=true
08-06 09:34:53.235  1154  1711 D PhoneFactory: getPhone:- phoneId != DEFAULT_PHONE_ID return sProxyPhones[phoneId] phoneId=0 phone=Handler (com.android.internal.telephony.PhoneProxy) {ff1ad28}
08-06 09:34:53.235  1154  1711 D DCT     : [0]getDataEnabled: getIntWithSubId retVal=true
08-06 09:34:53.259  1154  1450 D PhoneFactory: getPhone:- phoneId != DEFAULT_PHONE_ID return sProxyPhones[phoneId] phoneId=0 phone=Handler (com.android.internal.telephony.PhoneProxy) {ff1ad28}
08-06 09:34:53.260  1154  1450 D DCT     : [0]getDataEnabled: getIntWithSubId retVal=true
08-06 09:34:53.274   191   292 I RILC    : RIL_SOCKET_1 UNSOLICITED: UNSOL_RESPONSE_VOICE_NETWORK_STATE_CHANGED length:8
08-06 09:34:53.274   191   292 E RILC    : Send Response to RIL_SOCKET_1
08-06 09:34:53.274  1154  1299 D RILJ    : [UNSL]< UNSOL_RESPONSE_VOICE_NETWORK_STATE_CHANGED [SUB0]
08-06 09:34:53.276  1154  1154 D RILJ    : [3751]> OPERATOR [SUB0]
08-06 09:34:53.309  1154  1154 D RILJ    : [3752]> DATA_REGISTRATION_STATE [SUB0]
08-06 09:34:53.312  1154  1154 D RILJ    : [3753]> VOICE_REGISTRATION_STATE [SUB0]
08-06 09:34:53.313  1154  1154 D RILJ    : [3754]> QUERY_NETWORK_SELECTION_MODE [SUB0]
08-06 09:34:53.314   191  1974 D RILC    : RequestComplete, RIL_SOCKET_1
08-06 09:34:53.314   191  1974 E RILC    : Send Response to RIL_SOCKET_1
08-06 09:34:53.315  1154  1299 D RILJ    : [3751]< OPERATOR {null, null, null} [SUB0]
08-06 09:34:53.317   191  1976 I RILQ    : (0/191):RIL[0][cmd-20(248)] qcril_qmi_nas_update_data_rte: completed, new drte 0 with confidence 4
08-06 09:34:53.319   191  1976 D RILC    : RequestComplete, RIL_SOCKET_1
08-06 09:34:53.319   191  1976 E RILC    : Send Response to RIL_SOCKET_1
08-06 09:34:53.320   191  1975 D RILC    : RequestComplete, RIL_SOCKET_1
08-06 09:34:53.320   191  1975 E RILC    : Send Response to RIL_SOCKET_1
08-06 09:34:53.320  1154  1299 D RILJ    : [3753]< VOICE_REGISTRATION_STATE {2, null, null, 0, null, null, null, 0, null, null, null, null, null, 0, null} [SUB0]
08-06 09:34:53.321  1154  1299 D RILJ    : [3752]< DATA_REGISTRATION_STATE {2, null, null, null, 0, 20, null, null, null, null, null} [SUB0]
08-06 09:34:53.322  1154  1154 D PHONE   : [ServiceState] setVoiceRegState=1
08-06 09:34:53.322  1154  1154 E PHONE   : [ServiceState] setState deprecated use setVoiceRegState()
08-06 09:34:53.322  1154  1154 D PHONE   : [ServiceState] setDataRegState=1
08-06 09:34:53.322  1154  1154 D PHONE   : [ServiceState] setDataRadioTechnology=0
08-06 09:34:53.322  1154  1154 D GsmSST  : [GsmSST] handlPollStateResultMessage: GsmSST setDataRegState=1 regState=2 dataRadioTechnology=0
08-06 09:34:53.322   191  1977 D RILC    : RequestComplete, RIL_SOCKET_1
08-06 09:34:53.322   191  1977 E RILC    : Send Response to RIL_SOCKET_1
08-06 09:34:53.323  1154  1299 D RILJ    : [3754]< QUERY_NETWORK_SELECTION_MODE {0} [SUB0]
08-06 09:34:53.324  1154  1154 D GsmSST  : [GsmSST] Poll ServiceState done:  oldSS=[1 1 voice home data home null null null null null null  Unknown Unknown CSS not supported -1 -1 RoamInd=-1 DefRoamInd=-1 EmergOnly=false] newSS=[1 1 voice home data home null null null null null null  Unknown Unknown CSS not supported -1 -1 RoamInd=-1 DefRoamInd=-1 EmergOnly=false] oldMaxDataCalls=20 mNewMaxDataCalls=20 oldReasonDataDenied=-1 mNewReasonDataDenied=-1
08-06 09:34:53.325  1154  1154 D PHONE   : [ServiceState] setNullState=1
08-06 09:35:02.196  2012  2064 D TelephonyManager: getTelephonyProperty: return propVal='null' phoneId=0 property='gsm.operator.iso-country' defaultVal='' prop=
08-06 09:35:03.580   191   535 I RILQ    : (0/191):RIL[0][qmi_cb] qcril_qmi_nas_update_data_rte: completed, new drte 0 with confidence 4
08-06 09:35:03.582   191   317 I RILQ    : (0/191):RIL[0][event] qcril_qmi_nas_evaluate_custom_emergency_numbers_for_card: cur_status 17408, card_state 3
08-06 09:35:03.582   191   317 I RILQ    : (0/191):RIL[0][event] qcril_qmi_nas_evaluate_custom_emergency_numbers_for_card: card_mcc 460, card_mnc 01
08-06 09:35:03.586   191   535 I RILQ    : (0/191):RIL[0][qmi_cb] qcril_qmi_nas_update_data_rte: completed, new drte 0 with confidence 4
08-06 09:35:03.590   191   317 I RILQ    : (0/191):RIL[0][event] qcril_qmi_nas_evaluate_custom_emergency_numbers_for_card: cur_status 1024, card_state 3
08-06 09:35:03.590   191   317 I RILQ    : (0/191):RIL[0][event] qcril_qmi_nas_evaluate_custom_emergency_numbers_for_card: card_mcc 460, card_mnc 01
08-06 09:35:03.592   191   317 I RILQ    : (0/191):RIL[0][event] qcril_qmi_nas_evaluate_custom_emergency_numbers_for_card: cur_status 1024, card_state 3
08-06 09:35:03.592   191   317 I RILQ    : (0/191):RIL[0][event] qcril_qmi_nas_evaluate_custom_emergency_numbers_for_card: card_mcc 460, card_mnc 01
08-06 09:35:03.596   191   317 I RILC    : RIL_SOCKET_1 UNSOLICITED: UNSOL_RESPONSE_VOICE_NETWORK_STATE_CHANGED length:8
08-06 09:35:03.596   191   317 E RILC    : Send Response to RIL_SOCKET_1
08-06 09:35:03.596  1154  1299 D RILJ    : [UNSL]< UNSOL_RESPONSE_VOICE_NETWORK_STATE_CHANGED [SUB0]
08-06 09:35:03.597  1154  1154 D RILJ    : [3755]> OPERATOR [SUB0]
08-06 09:35:03.600  1154  1154 D RILJ    : [3756]> DATA_REGISTRATION_STATE [SUB0]
08-06 09:35:03.604  1154  1154 D RILJ    : [3757]> VOICE_REGISTRATION_STATE [SUB0]
08-06 09:35:03.609  1154  1154 D RILJ    : [3758]> QUERY_NETWORK_SELECTION_MODE [SUB0]
08-06 09:35:03.612   191  2091 D RILC    : RequestComplete, RIL_SOCKET_1
08-06 09:35:03.613   191  2091 E RILC    : Send Response to RIL_SOCKET_1
08-06 09:35:03.614  1154  1299 D RILJ    : [3755]< OPERATOR {null, null, null} [SUB0]
08-06 09:35:03.616   191  2094 D RILC    : RequestComplete, RIL_SOCKET_1
08-06 09:35:03.616   191  2094 E RILC    : Send Response to RIL_SOCKET_1
08-06 09:35:03.617  1154  1299 D RILJ    : [3758]< QUERY_NETWORK_SELECTION_MODE {0} [SUB0]
08-06 09:35:03.618   191  2092 D RILC    : RequestComplete, RIL_SOCKET_1
08-06 09:35:03.618   191  2092 E RILC    : Send Response to RIL_SOCKET_1
08-06 09:35:03.621  1154  1299 D RILJ    : [3756]< DATA_REGISTRATION_STATE {2, null, null, null, 0, 20, null, null, null, null, null} [SUB0]
08-06 09:35:03.622  1154  1154 D PHONE   : [ServiceState] setDataRegState=1
08-06 09:35:03.622   191  2093 D RILC    : RequestComplete, RIL_SOCKET_1
08-06 09:35:03.622  1154  1154 D PHONE   : [ServiceState] setDataRadioTechnology=0
08-06 09:35:03.622   191  2093 E RILC    : Send Response to RIL_SOCKET_1
08-06 09:35:03.623  1154  1154 D GsmSST  : [GsmSST] handlPollStateResultMessage: GsmSST setDataRegState=1 regState=2 dataRadioTechnology=0
08-06 09:35:03.624  1154  1299 D RILJ    : [3757]< VOICE_REGISTRATION_STATE {12, null, null, 0, null, null, null, 0, null, null, null, null, null, 0, 172} [SUB0]
08-06 09:35:03.625  1154  1154 D PHONE   : [ServiceState] setVoiceRegState=1
08-06 09:35:03.625  1154  1154 E PHONE   : [ServiceState] setState deprecated use setVoiceRegState()
08-06 09:35:03.627  1154  1154 D GsmSST  : [GsmSST] Poll ServiceState done:  oldSS=[1 1 voice home data home null null null null null null  Unknown Unknown CSS not supported -1 -1 RoamInd=-1 DefRoamInd=-1 EmergOnly=false] newSS=[1 1 voice home data home null null null null null null  Unknown Unknown CSS not supported -1 -1 RoamInd=-1 DefRoamInd=-1 EmergOnly=true] oldMaxDataCalls=20 mNewMaxDataCalls=20 oldReasonDataDenied=-1 mNewReasonDataDenied=-1
08-06 09:35:03.627  1154  1154 D PHONE   : [ServiceState] setNullState=1
08-06 09:35:03.628  1154  1154 D SIMRecords: [SIMRecords] getServiceProviderName: no brandOverride
08-06 09:35:03.628  1154  1154 D SIMRecords: [SIMRecords] getServiceProviderName: providerName=
08-06 09:35:03.629  1154  1154 D GsmSST  : [GsmSST] updateSpnDisplay: radio is on but out of service, set plmn='Emergency calls only'
08-06 09:35:03.629  1154  1154 D SIMRecords: [SIMRecords] getServiceProviderName: no brandOverride
08-06 09:35:03.629  1154  1154 D SIMRecords: [SIMRecords] getServiceProviderName: providerName=
08-06 09:35:03.632  1154  1154 D GsmSST  : [GsmSST] updateSpnDisplay: changed sending intent rule=2 showPlmn='true' plmn='Emergency calls only' showSpn='false' spn=''
08-06 09:35:03.639  1154  1154 D SubscriptionController: [setCarrierText]+ text:Emergency calls only subId:1
08-06 09:35:03.677  1154  1154 D SubscriptionController: notifySubscriptionInfoChanged:
08-06 09:35:03.680   713   713 D TelephonyManager: getSimOperatorNumeric(): default subId=1
08-06 09:35:03.681   713   713 D TelephonyManager: getTelephonyProperty: return propVal='46001' phoneId=0 property='gsm.sim.operator.numeric' defaultVal='' prop=46001
08-06 09:35:03.687  1154  1711 D SubscriptionController: [getActiveSubInfoList]+
08-06 09:35:03.690  1154  1711 D SubscriptionController: selection:sim_id>=0 null
08-06 09:35:03.701  1154  1154 D TelephonyManager: setTelephonyProperty: success phoneId=0 property=gsm.operator.alpha value:  propVal=
08-06 09:35:03.702  1154  1154 D TelephonyManager: getTelephonyProperty: return propVal='null' phoneId=0 property='gsm.operator.numeric' defaultVal='' prop=
08-06 09:35:03.703  1154  1154 D TelephonyManager: setTelephonyProperty: success phoneId=0 property=gsm.operator.numeric value:  propVal=
08-06 09:35:03.703  1154  1154 D GsmSST  : [GsmSST] operatorNumeric is null
08-06 09:35:03.704  1154  1154 D TelephonyManager: setTelephonyProperty: success phoneId=0 property=gsm.operator.iso-country value:  propVal=
08-06 09:35:03.705  1154  1154 D TelephonyManager: setTelephonyProperty: success phoneId=0 property=gsm.operator.isroaming value: false propVal=false
08-06 09:35:03.712  1154  1154 D GsmSST  : [GsmSST] Broadcasting ServiceState : 1 1 voice home data home null null null null null null  Unknown Unknown CSS not supported -1 -1 RoamInd=-1 DefRoamInd=-1 EmergOnly=true
08-06 09:35:03.724  1154  1154 D DefaultPhoneNotifier: nofityServiceState: mRegistry=com.android.internal.telephony.ITelephonyRegistry$Stub$Proxy@2c692072 ss=1 1 voice home data home null null null null null null  Unknown Unknown CSS not supported -1 -1 RoamInd=-1 DefRoamInd=-1 EmergOnly=true sender=Handler (com.android.internal.telephony.gsm.GSMPhone) {1991a41} phondId=0 subId=1
08-06 09:35:03.731  1154  1711 D TelephonyManager: getTelephonyProperty: return propVal='cn' phoneId=0 property='gsm.sim.operator.iso-country' defaultVal='' prop=cn
08-06 09:35:03.731  1154  1711 D SubscriptionController: [getSubInfoRecord] id:1 iccid:89860115921101579076 simSlotIndex:0 displayName:CARD 1 nameSource:0 iconTint:-16746133 dataRoaming:0 mcc:460 mnc:1 countIso:cn
08-06 09:35:03.736  1154  1154 D PhoneFactory: getPhone:- phoneId != DEFAULT_PHONE_ID return sProxyPhones[phoneId] phoneId=0 phone=Handler (com.android.internal.telephony.PhoneProxy) {ff1ad28}
08-06 09:35:03.737  1154  1154 D SubscriptionController: getSimStateForSubscriber:  simState=READY ordinal=5
08-06 09:35:03.737   713  1233 D SubscriptionManager: getSimStateForSubscriber: simState=5 subId=1
08-06 09:35:03.737   713  1233 D TelephonyManager: getSimState: simState=5 slotIdx=0
08-06 09:35:03.742  1154  1154 D GsmSST  : [GsmSST] SST.getAllCellInfo(): return last, same thread can't block
08-06 09:35:03.743  1154  1154 D GsmSST  : [GsmSST] SST.getAllCellInfo(): X size=0 list=null
08-06 09:35:03.743  1154  1154 D GsmSST  : [GsmSST] getCellLocation(): X empty mCellLoc and CellInfo mCellLoc=[-1,-1,370]
08-06 09:35:03.744   713  1248 D TelephonyRegistry: notifyCellLocationForSubscriber: subId=1 cellLocation=Bundle[mParcelledData.dataSize=64]
08-06 09:35:03.749  1154  1154 D DCT     : [0]SubscriptionListener.onSubscriptionInfoChanged
08-06 09:35:03.751  1154  1711 D PhoneFactory: getPhone:- phoneId != DEFAULT_PHONE_ID return sProxyPhones[phoneId] phoneId=0 phone=Handler (com.android.internal.telephony.PhoneProxy) {ff1ad28}
08-06 09:35:03.752  1154  1154 D DctController: onSubInfoReady mPhoneNum=1
08-06 09:35:03.753  1154  1154 D DctController: onSubInfoReady handle pending requests subId=1
08-06 09:35:03.753  1154  1154 D DctController: [TNF 1]evalPendingRequest, pending request size is 0
08-06 09:35:03.753  1154  1154 D DctController: processRequests
08-06 09:35:03.754  1154  1154 D SubscriptionController: [getActiveSubInfoList]+
08-06 09:35:03.756  1154  1154 D SubscriptionController: selection:sim_id>=0 null
08-06 09:35:03.765  1154  1711 D SubscriptionController: [getActiveSubInfoList]- 1 infos return
08-06 09:35:03.775  1154  1154 D TelephonyManager: getTelephonyProperty: return propVal='cn' phoneId=0 property='gsm.sim.operator.iso-country' defaultVal='' prop=cn
08-06 09:35:03.775  1154  1154 D SubscriptionController: [getSubInfoRecord] id:1 iccid:89860115921101579076 simSlotIndex:0 displayName:CARD 1 nameSource:0 iconTint:-16746133 dataRoaming:0 mcc:460 mnc:1 countIso:cn
08-06 09:35:03.785  1154  1154 D PhoneFactory: getPhone:- phoneId != DEFAULT_PHONE_ID return sProxyPhones[phoneId] phoneId=0 phone=Handler (com.android.internal.telephony.PhoneProxy) {ff1ad28}
08-06 09:35:03.789  1154  1154 D SubscriptionController: [getActiveSubInfoList]- 1 infos return
08-06 09:35:03.792  1154  1154 D GsmSST  : [GsmSST] SubscriptionListener.onSubscriptionInfoChanged
08-06 09:35:03.793  1154  1154 E PhoneBase: Error! unregisterForCallWaiting() in PhoneBase should not be called, CDMAPhone inactive.
08-06 09:35:03.794  1154  1450 D SubscriptionController: [getActiveSubInfoList]+
08-06 09:35:03.796  1154  1154 D PhoneFactory: getPhone:- phoneId != DEFAULT_PHONE_ID return sProxyPhones[phoneId] phoneId=0 phone=Handler (com.android.internal.telephony.PhoneProxy) {ff1ad28}
08-06 09:35:03.796  1154  1450 D SubscriptionController: selection:sim_id>=0 null
08-06 09:35:03.797  1154  1711 D PhoneFactory: getPhone:- phoneId != DEFAULT_PHONE_ID return sProxyPhones[phoneId] phoneId=0 phone=Handler (com.android.internal.telephony.PhoneProxy) {ff1ad28}
08-06 09:35:03.804  1154  1154 D TelephonyManager: getTelephonyProperty: return propVal='null' phoneId=0 property='gsm.operator.alpha' defaultVal='' prop=
08-06 09:35:03.808  1154  1712 D PhoneFactory: getPhone:- phoneId != DEFAULT_PHONE_ID return sProxyPhones[phoneId] phoneId=0 phone=Handler (com.android.internal.telephony.PhoneProxy) {ff1ad28}
08-06 09:35:03.809  1154  1450 D TelephonyManager: getTelephonyProperty: return propVal='cn' phoneId=0 property='gsm.sim.operator.iso-country' defaultVal='' prop=cn
08-06 09:35:03.809  1154  1450 D SubscriptionController: [getSubInfoRecord] id:1 iccid:89860115921101579076 simSlotIndex:0 displayName:CARD 1 nameSource:0 iconTint:-16746133 dataRoaming:0 mcc:460 mnc:1 countIso:cn
08-06 09:35:03.810   713   777 D TelephonyManager: getTelephonyProperty: return propVal='null' phoneId=0 property='gsm.operator.iso-country' defaultVal='' prop=
08-06 09:35:03.810  1154  1450 D PhoneFactory: getPhone:- phoneId != DEFAULT_PHONE_ID return sProxyPhones[phoneId] phoneId=0 phone=Handler (com.android.internal.telephony.PhoneProxy) {ff1ad28}
08-06 09:35:03.814  1154  1450 D SubscriptionController: [getActiveSubInfoList]- 1 infos return
08-06 09:35:03.825  1154  1712 D SubscriptionController: [getActiveSubInfoList]+
08-06 09:35:03.827  1154  1712 D SubscriptionController: selection:sim_id>=0 null
08-06 09:35:03.827   713   777 D TelephonyManager: getTelephonyProperty: return propVal='cn' phoneId=0 property='gsm.sim.operator.iso-country' defaultVal='' prop=cn
08-06 09:35:03.838  1154  1712 D TelephonyManager: getTelephonyProperty: return propVal='cn' phoneId=0 property='gsm.sim.operator.iso-country' defaultVal='' prop=cn
08-06 09:35:03.839  1154  1712 D SubscriptionController: [getSubInfoRecord] id:1 iccid:89860115921101579076 simSlotIndex:0 displayName:CARD 1 nameSource:0 iconTint:-16746133 dataRoaming:0 mcc:460 mnc:1 countIso:cn
08-06 09:35:03.840  1154  1712 D PhoneFactory: getPhone:- phoneId != DEFAULT_PHONE_ID return sProxyPhones[phoneId] phoneId=0 phone=Handler (com.android.internal.telephony.PhoneProxy) {ff1ad28}
08-06 09:35:03.844  1154  1712 D SubscriptionController: [getActiveSubInfoList]- 1 infos return
08-06 09:35:03.853  1154  1204 D PhoneFactory: getPhone:- phoneId != DEFAULT_PHONE_ID return sProxyPhones[phoneId] phoneId=0 phone=Handler (com.android.internal.telephony.PhoneProxy) {ff1ad28}
08-06 09:35:03.853  1154  1204 D SubscriptionController: getSimStateForSubscriber:  simState=READY ordinal=5
08-06 09:35:03.854   868   868 D SubscriptionManager: getSimStateForSubscriber: simState=5 subId=1
08-06 09:35:03.854   868   868 D TelephonyManager: getSimState: simState=5 slotIdx=0
08-06 09:35:03.857  1154  1154 E PhoneBase: Error! registerForCallWaiting() in PhoneBase should not be called, CDMAPhone inactive.
08-06 09:35:03.864  1154  1154 D DctController: handleMessage msg={ when=-110ms what=100 target=com.android.internal.telephony.dataconnection.DctController }
08-06 09:35:03.865  1154  1154 D DctController: selectExecPhone requestInfo = [ request=NetworkRequest [ id=1, legacyType=-1, [ Capabilities: INTERNET&NOT_RESTRICTED&TRUSTED&NOT_VPN] ], executed=false, priority=0]
08-06 09:35:03.865  1154  1154 D DctController: getTopPriorityRequestPhoneId = 0, priority = 0
08-06 09:35:03.866  1154  1154 D DcSwitchAsyncChannel: [DcSwitchAsyncChannel-0]: rspIsIdle=false
08-06 09:35:03.866  1154  1154 D DctController: onProcessRequest phoneId=0, activePhoneId=0
08-06 09:35:03.866  1154  1348 D DcSwitchSM: [DcSwitchStateMachine-0] AttachingState: REQ_CONNECT
08-06 09:35:03.867  1154  1348 D RILJ    : [3759]> RIL_REQUEST_ALLOW_DATA [SUB0]
08-06 09:35:03.869  1154  1154 D DcSwitchAsyncChannel: [DcSwitchAsyncChannel-0]: rspConnect=1
08-06 09:35:03.869   191   292 D RILC    : RequestComplete, RIL_SOCKET_1
08-06 09:35:03.869   191   292 E RILC    : Send Response to RIL_SOCKET_1
08-06 09:35:03.869  1154  1299 D RilRequest: [3759]< RIL_REQUEST_ALLOW_DATA error: com.android.internal.telephony.CommandException: REQUEST_NOT_SUPPORTED ret=
08-06 09:35:04.497   191   535 I RILQ    : (0/191):RIL[0][qmi_cb] qcril_qmi_nas_update_data_rte: completed, new drte 0 with confidence 4
08-06 09:35:04.498   191   535 I RILC    : RIL_SOCKET_1 UNSOLICITED: UNSOL_RESPONSE_VOICE_NETWORK_STATE_CHANGED length:8
08-06 09:35:04.498   191   535 E RILC    : Send Response to RIL_SOCKET_1
08-06 09:35:04.499   191   535 I RILC    : RIL_SOCKET_1 UNSOLICITED: UNSOL_RESPONSE_VOICE_NETWORK_STATE_CHANGED length:8
08-06 09:35:04.499   191   535 E RILC    : Send Response to RIL_SOCKET_1
08-06 09:35:04.499  1154  1299 D RILJ    : [UNSL]< UNSOL_RESPONSE_VOICE_NETWORK_STATE_CHANGED [SUB0]
08-06 09:35:04.500  1154  1299 D RILJ    : [UNSL]< UNSOL_RESPONSE_VOICE_NETWORK_STATE_CHANGED [SUB0]
08-06 09:35:04.500  1154  1154 D RILJ    : [3760]> OPERATOR [SUB0]
08-06 09:35:04.502  1154  1154 D RILJ    : [3761]> DATA_REGISTRATION_STATE [SUB0]
08-06 09:35:04.503  1154  1154 D RILJ    : [3762]> VOICE_REGISTRATION_STATE [SUB0]
08-06 09:35:04.505  1154  1154 D RILJ    : [3763]> QUERY_NETWORK_SELECTION_MODE [SUB0]
08-06 09:35:04.509   191  2111 D RILC    : RequestComplete, RIL_SOCKET_1
08-06 09:35:04.509   191  2111 E RILC    : Send Response to RIL_SOCKET_1
08-06 09:35:04.510  1154  1299 D RILJ    : [3760]< OPERATOR {null, null, null} [SUB0]
08-06 09:35:04.510   191  2114 D RILC    : RequestComplete, RIL_SOCKET_1
08-06 09:35:04.510   191  2114 E RILC    : Send Response to RIL_SOCKET_1
08-06 09:35:04.511  1154  1154 D RILJ    : [3764]> OPERATOR [SUB0]
08-06 09:35:04.511  1154  1299 D RILJ    : [3763]< QUERY_NETWORK_SELECTION_MODE {0} [SUB0]
08-06 09:35:04.512   191  2113 D RILC    : RequestComplete, RIL_SOCKET_1
08-06 09:35:04.512   191  2113 E RILC    : Send Response to RIL_SOCKET_1
08-06 09:35:04.512  1154  1154 D RILJ    : [3765]> DATA_REGISTRATION_STATE [SUB0]
08-06 09:35:04.512  1154  1299 D RILJ    : [3762]< VOICE_REGISTRATION_STATE {12, null, null, 0, null, null, null, 0, null, null, null, null, null, 0, 172} [SUB0]
08-06 09:35:04.513   191  2115 D RILC    : RequestComplete, RIL_SOCKET_1
08-06 09:35:04.513   191  2115 E RILC    : Send Response to RIL_SOCKET_1
08-06 09:35:04.514  1154  1299 D RILJ    : [3764]< OPERATOR {null, null, null} [SUB0]
08-06 09:35:04.514  1154  1154 D RILJ    : [3766]> VOICE_REGISTRATION_STATE [SUB0]
08-06 09:35:04.515  1154  1154 D RILJ    : [3767]> QUERY_NETWORK_SELECTION_MODE [SUB0]
08-06 09:35:04.516   191  2112 D RILC    : RequestComplete, RIL_SOCKET_1
08-06 09:35:04.516   191  2112 E RILC    : Send Response to RIL_SOCKET_1
08-06 09:35:04.516  1154  1299 D RILJ    : [3761]< DATA_REGISTRATION_STATE {3, null, null, null, 7, 20, null, null, null, null, null} [SUB0]
08-06 09:35:04.517   191  2112 D RILC    : RequestComplete, RIL_SOCKET_1
08-06 09:35:04.517   191  2112 E RILC    : Send Response to RIL_SOCKET_1
08-06 09:35:04.517   191  2116 D RILC    : RequestComplete, RIL_SOCKET_1
08-06 09:35:04.517  1154  1299 D RILJ    : [3765]< DATA_REGISTRATION_STATE {3, null, null, null, 7, 20, null, null, null, null, null} [SUB0]
08-06 09:35:04.517   191  2116 E RILC    : Send Response to RIL_SOCKET_1
08-06 09:35:04.518  1154  1154 D PHONE   : [ServiceState] setDataRegState=1
08-06 09:35:04.518  1154  1154 D PHONE   : [ServiceState] setDataRadioTechnology=0
08-06 09:35:04.518  1154  1299 D RILJ    : [3766]< VOICE_REGISTRATION_STATE {12, null, null, 0, null, null, null, 0, null, null, null, null, null, 0, 172} [SUB0]
08-06 09:35:04.518  1154  1154 D GsmSST  : [GsmSST] handlPollStateResultMessage: GsmSST setDataRegState=1 regState=3 dataRadioTechnology=0
08-06 09:35:04.518  1154  1154 D PHONE   : [ServiceState] setVoiceRegState=1
08-06 09:35:04.519  1154  1154 E PHONE   : [ServiceState] setState deprecated use setVoiceRegState()
08-06 09:35:04.519   191  2117 D RILC    : RequestComplete, RIL_SOCKET_1
08-06 09:35:04.519   191  2117 E RILC    : Send Response to RIL_SOCKET_1
08-06 09:35:04.519  1154  1299 D RILJ    : [3767]< QUERY_NETWORK_SELECTION_MODE {0} [SUB0]
08-06 09:35:04.522  1154  1154 D GsmSST  : [GsmSST] Poll ServiceState done:  oldSS=[1 1 voice home data home null null null null null null  Unknown Unknown CSS not supported -1 -1 RoamInd=-1 DefRoamInd=-1 EmergOnly=true] newSS=[1 1 voice home data home null null null null null null  Unknown Unknown CSS not supported -1 -1 RoamInd=-1 DefRoamInd=-1 EmergOnly=true] oldMaxDataCalls=20 mNewMaxDataCalls=20 oldReasonDataDenied=-1 mNewReasonDataDenied=7
08-06 09:35:04.522  1154  1154 D PHONE   : [ServiceState] setNullState=1
08-06 09:35:04.674   191   535 I RILQ    : (0/191):RIL[0][qmi_cb] qcril_qmi_nas_update_data_rte: completed, new drte 0 with confidence 4
08-06 09:35:04.675   191   535 I RILC    : RIL_SOCKET_1 UNSOLICITED: UNSOL_RESPONSE_VOICE_NETWORK_STATE_CHANGED length:8
08-06 09:35:04.675   191   535 E RILC    : Send Response to RIL_SOCKET_1
08-06 09:35:04.675   191   535 I RILC    : RIL_SOCKET_1 UNSOLICITED: UNSOL_RESPONSE_VOICE_NETWORK_STATE_CHANGED length:8
08-06 09:35:04.675   191   535 E RILC    : Send Response to RIL_SOCKET_1
08-06 09:35:04.676  1154  1299 D RILJ    : [UNSL]< UNSOL_RESPONSE_VOICE_NETWORK_STATE_CHANGED [SUB0]
08-06 09:35:04.676   191   535 I RILQ    : (0/191):RIL[0][qmi_cb] qcril_qmi_nas_update_data_rte: completed, new drte 0 with confidence 4
08-06 09:35:04.676  1154  1299 D RILJ    : [UNSL]< UNSOL_RESPONSE_VOICE_NETWORK_STATE_CHANGED [SUB0]
08-06 09:35:04.676  1154  1154 D RILJ    : [3768]> OPERATOR [SUB0]
08-06 09:35:04.678  1154  1154 D RILJ    : [3769]> DATA_REGISTRATION_STATE [SUB0]
08-06 09:35:04.679  1154  1154 D RILJ    : [3770]> VOICE_REGISTRATION_STATE [SUB0]
08-06 09:35:04.681   191   535 I RILC    : RIL_SOCKET_1 UNSOLICITED: UNSOL_RESPONSE_VOICE_NETWORK_STATE_CHANGED length:8
08-06 09:35:04.681   191   535 E RILC    : Send Response to RIL_SOCKET_1
08-06 09:35:04.681  1154  1299 D RILJ    : [UNSL]< UNSOL_RESPONSE_VOICE_NETWORK_STATE_CHANGED [SUB0]
08-06 09:35:04.681  1154  1154 D RILJ    : [3771]> QUERY_NETWORK_SELECTION_MODE [SUB0]
08-06 09:35:04.682  1154  1154 D RILJ    : [3772]> OPERATOR [SUB0]
08-06 09:35:04.682   191   535 I RILQ    : (0/191):RIL[0][qmi_cb] qcril_qmi_nas_update_data_rte: completed, new drte 0 with confidence 4
08-06 09:35:04.683   191   535 I RILC    : RIL_SOCKET_1 UNSOLICITED: UNSOL_RESPONSE_VOICE_NETWORK_STATE_CHANGED length:8
08-06 09:35:04.683   191   535 E RILC    : Send Response to RIL_SOCKET_1
08-06 09:35:04.684  1154  1299 D RILJ    : [UNSL]< UNSOL_RESPONSE_VOICE_NETWORK_STATE_CHANGED [SUB0]
08-06 09:35:04.684   191  2121 D RILC    : RequestComplete, RIL_SOCKET_1
08-06 09:35:04.684   191  2121 E RILC    : Send Response to RIL_SOCKET_1
08-06 09:35:04.684   191  2119 D RILC    : RequestComplete, RIL_SOCKET_1
08-06 09:35:04.684   191  2119 E RILC    : Send Response to RIL_SOCKET_1
08-06 09:35:04.685  1154  1299 D RILJ    : [3770]< VOICE_REGISTRATION_STATE {13, null, null, 0, null, null, null, 0, null, null, null, null, null, 2, 172} [SUB0]
08-06 09:35:04.686  1154  1154 D RILJ    : [3773]> DATA_REGISTRATION_STATE [SUB0]
08-06 09:35:04.687  1154  1299 D RILJ    : [3768]< OPERATOR {null, null, null} [SUB0]
08-06 09:35:04.688  1154  1154 D RILJ    : [3774]> VOICE_REGISTRATION_STATE [SUB0]
08-06 09:35:04.692  1154  1154 D RILJ    : [3775]> QUERY_NETWORK_SELECTION_MODE [SUB0]
08-06 09:35:04.692   191  2120 D RILC    : RequestComplete, RIL_SOCKET_1
08-06 09:35:04.692   191  2120 E RILC    : Send Response to RIL_SOCKET_1
08-06 09:35:04.692   191  2120 D RILC    : RequestComplete, RIL_SOCKET_1
08-06 09:35:04.692   191  2120 E RILC    : Send Response to RIL_SOCKET_1
08-06 09:35:04.693   191  2123 D RILC    : RequestComplete, RIL_SOCKET_1
08-06 09:35:04.693   191  2123 E RILC    : Send Response to RIL_SOCKET_1
08-06 09:35:04.693   191  2124 D RILC    : RequestComplete, RIL_SOCKET_1
08-06 09:35:04.693   191  2124 E RILC    : Send Response to RIL_SOCKET_1
08-06 09:35:04.695  1154  1299 D RILJ    : [3769]< DATA_REGISTRATION_STATE {2, null, null, null, 0, 20, null, null, null, null, null} [SUB0]
08-06 09:35:04.697  1154  1299 D RILJ    : [3773]< DATA_REGISTRATION_STATE {2, null, null, null, 0, 20, null, null, null, null, null} [SUB0]
08-06 09:35:04.698  1154  1299 D RILJ    : [3772]< OPERATOR {null, null, null} [SUB0]
08-06 09:35:04.698  1154  1299 D RILJ    : [3774]< VOICE_REGISTRATION_STATE {13, null, null, 0, null, null, null, 0, null, null, null, null, null, 2, 172} [SUB0]
08-06 09:35:04.699  1154  1154 D RILJ    : [3776]> OPERATOR [SUB0]
08-06 09:35:04.701  1154  1154 D RILJ    : [3777]> DATA_REGISTRATION_STATE [SUB0]
08-06 09:35:04.703  1154  1154 D RILJ    : [3778]> VOICE_REGISTRATION_STATE [SUB0]
08-06 09:35:04.703   191  2122 D RILC    : RequestComplete, RIL_SOCKET_1
08-06 09:35:04.703   191  2122 E RILC    : Send Response to RIL_SOCKET_1
08-06 09:35:04.703   191  2122 D RILC    : RequestComplete, RIL_SOCKET_1
08-06 09:35:04.703   191  2122 E RILC    : Send Response to RIL_SOCKET_1
08-06 09:35:04.704   191  2125 D RILC    : RequestComplete, RIL_SOCKET_1
08-06 09:35:04.704   191  2125 E RILC    : Send Response to RIL_SOCKET_1
08-06 09:35:04.704  1154  1299 D RILJ    : [3771]< QUERY_NETWORK_SELECTION_MODE {0} [SUB0]
08-06 09:35:04.705  1154  1299 D RILJ    : [3775]< QUERY_NETWORK_SELECTION_MODE {0} [SUB0]
08-06 09:35:04.705  1154  1299 D RILJ    : [3776]< OPERATOR {null, null, null} [SUB0]
08-06 09:35:04.706  1154  1154 D RILJ    : [3779]> QUERY_NETWORK_SELECTION_MODE [SUB0]
08-06 09:35:04.709   191  2126 D RILC    : RequestComplete, RIL_SOCKET_1
08-06 09:35:04.709   191  2126 E RILC    : Send Response to RIL_SOCKET_1
08-06 09:35:04.710   191  2127 D RILC    : RequestComplete, RIL_SOCKET_1
08-06 09:35:04.710   191  2127 E RILC    : Send Response to RIL_SOCKET_1
08-06 09:35:04.713  1154  1154 D RILJ    : [3780]> OPERATOR [SUB0]
08-06 09:35:04.715  1154  1299 D RILJ    : [3777]< DATA_REGISTRATION_STATE {2, null, null, null, 0, 20, null, null, null, null, null} [SUB0]
08-06 09:35:04.716  1154  1154 D RILJ    : [3781]> DATA_REGISTRATION_STATE [SUB0]
08-06 09:35:04.718  1154  1299 D RILJ    : [3778]< VOICE_REGISTRATION_STATE {13, null, null, 0, null, null, null, 0, null, null, null, null, null, 2, 172} [SUB0]
08-06 09:35:04.719  1154  1154 D RILJ    : [3782]> VOICE_REGISTRATION_STATE [SUB0]
08-06 09:35:04.719   191  2130 D RILC    : RequestComplete, RIL_SOCKET_1
08-06 09:35:04.720   191  2130 E RILC    : Send Response to RIL_SOCKET_1
08-06 09:35:04.720  1154  1299 D RILJ    : [3779]< QUERY_NETWORK_SELECTION_MODE {0} [SUB0]
08-06 09:35:04.720  1154  1154 D RILJ    : [3783]> QUERY_NETWORK_SELECTION_MODE [SUB0]
08-06 09:35:04.720   191  2131 D RILC    : RequestComplete, RIL_SOCKET_1
08-06 09:35:04.720   191  2131 E RILC    : Send Response to RIL_SOCKET_1
08-06 09:35:04.721  1154  1299 D RILJ    : [3780]< OPERATOR {null, null, null} [SUB0]
08-06 09:35:04.728   191  2134 D RILC    : RequestComplete, RIL_SOCKET_1
08-06 09:35:04.728   191  2134 E RILC    : Send Response to RIL_SOCKET_1
08-06 09:35:04.729  1154  1299 D RILJ    : [3783]< QUERY_NETWORK_SELECTION_MODE {0} [SUB0]
08-06 09:35:04.729   191  2132 D RILC    : RequestComplete, RIL_SOCKET_1
08-06 09:35:04.729   191  2132 E RILC    : Send Response to RIL_SOCKET_1
08-06 09:35:04.730  1154  1299 D RILJ    : [3781]< DATA_REGISTRATION_STATE {2, null, null, null, 0, 20, null, null, null, null, null} [SUB0]
08-06 09:35:04.731   191  2133 D RILC    : RequestComplete, RIL_SOCKET_1
08-06 09:35:04.731   191  2133 E RILC    : Send Response to RIL_SOCKET_1
08-06 09:35:04.732  1154  1299 D RILJ    : [3782]< VOICE_REGISTRATION_STATE {13, null, null, 0, null, null, null, 0, null, null, null, null, null, 2, 172} [SUB0]
08-06 09:35:04.733  1154  1154 D PHONE   : [ServiceState] setDataRegState=1
08-06 09:35:04.733  1154  1154 D PHONE   : [ServiceState] setDataRadioTechnology=0
08-06 09:35:04.733  1154  1154 D GsmSST  : [GsmSST] handlPollStateResultMessage: GsmSST setDataRegState=1 regState=2 dataRadioTechnology=0
08-06 09:35:04.734  1154  1154 D PHONE   : [ServiceState] setVoiceRegState=1
08-06 09:35:04.734  1154  1154 E PHONE   : [ServiceState] setState deprecated use setVoiceRegState()
08-06 09:35:04.735  1154  1154 D GsmSST  : [GsmSST] Poll ServiceState done:  oldSS=[1 1 voice home data home null null null null null null  Unknown Unknown CSS not supported -1 -1 RoamInd=-1 DefRoamInd=-1 EmergOnly=true] newSS=[1 1 voice home data home null null null null null null  Unknown Unknown CSS not supported -1 -1 RoamInd=-1 DefRoamInd=-1 EmergOnly=true] oldMaxDataCalls=20 mNewMaxDataCalls=20 oldReasonDataDenied=7 mNewReasonDataDenied=-1
08-06 09:35:04.736  1154  1154 D PHONE   : [ServiceState] setNullState=1
08-06 09:35:04.760   191   317 I RILC    : RIL_SOCKET_1 UNSOLICITED: UNSOL_RESPONSE_SIM_STATUS_CHANGED length:8
08-06 09:35:04.760   191   317 E RILC    : Send Response to RIL_SOCKET_1
08-06 09:35:04.762  1154  1299 D RILJ    : [UNSL]< UNSOL_RESPONSE_SIM_STATUS_CHANGED [SUB0]
08-06 09:35:04.762  1154  1154 D UiccController: Received EVENT_ICC_STATUS_CHANGED, calling getIccCardStatus
08-06 09:35:04.763  1154  1154 D RILJ    : [3784]> GET_SIM_STATUS [SUB0]
08-06 09:35:04.766   191   292 D RILC    : RequestComplete, RIL_SOCKET_1
08-06 09:35:04.766   191   292 E RILC    : Send Response to RIL_SOCKET_1
08-06 09:35:04.767  1154  1299 D RILJ    : [3784]< GET_SIM_STATUS IccCardState {CARDSTATE_PRESENT,PINSTATE_ENABLED_NOT_VERIFIED,num_apps=1,gsm_id=0{APPTYPE_USIM,APPSTATE_READY,pin1=PINSTATE_DISABLED,pin2=PINSTATE_ENABLED_NOT_VERIFIED},cdma_id=-1,ims_id=-1} [SUB0]
08-06 09:35:04.767  1154  1154 D UiccController: Received EVENT_GET_ICC_STATUS_DONE
08-06 09:35:04.767  1154  1154 D UiccCard: 1 applications
08-06 09:35:04.768  1154  1154 D UiccCardApplication: APPTYPE_USIM update. New {APPTYPE_USIM,APPSTATE_READY,pin1=PINSTATE_DISABLED,pin2=PINSTATE_ENABLED_NOT_VERIFIED}
08-06 09:35:04.768  1154  1154 D UiccCard: Before privilege rules: Handler (com.android.internal.telephony.uicc.UiccCarrierPrivilegeRules) {3a6502e1} : CARDSTATE_PRESENT
08-06 09:35:04.768  1154  1154 D UiccCard: update: radioState=RADIO_ON mLastRadioState=RADIO_ON
08-06 09:35:04.768  1154  1154 D UiccController: Notifying IccChangedRegistrants
08-06 09:35:04.769  1154  1154 D DCT     : [0]handleMessage msg={ when=-1ms what=270369 obj=android.os.AsyncResult@3ee8f806 target=com.android.internal.telephony.dataconnection.DcTracker }
08-06 09:35:04.769  1154  1154 D GsmSMSDispatcher: GsmSMSDispatcher: subId = 1 slotId = 0
08-06 09:35:04.770  1154  1154 E IccCardProxy: setExternalState: !override and newstate unchanged from READY
08-06 09:35:04.770  1154  1154 D CAT     : CatService: handleMessage[8]
08-06 09:35:04.770  1154  1154 D CAT     : CatService: MSG_ID_ICC_CHANGED
08-06 09:35:04.770  1154  1154 D CAT     : CatService: New Card State = CARDSTATE_PRESENT Old Card State = CARDSTATE_PRESENT
08-06 09:35:04.878   191   535 I RILQ    : (0/191):RIL[0][qmi_cb] qcril_qmi_nas_update_data_rte: completed, new drte 0 with confidence 4
08-06 09:35:04.879   191   535 I RILC    : RIL_SOCKET_1 UNSOLICITED: UNSOL_RESPONSE_VOICE_NETWORK_STATE_CHANGED length:8
08-06 09:35:04.879   191   535 E RILC    : Send Response to RIL_SOCKET_1
08-06 09:35:04.879  1154  1299 D RILJ    : [UNSL]< UNSOL_RESPONSE_VOICE_NETWORK_STATE_CHANGED [SUB0]
08-06 09:35:04.880  1154  1154 D RILJ    : [3785]> OPERATOR [SUB0]
08-06 09:35:04.881  1154  1154 D RILJ    : [3786]> DATA_REGISTRATION_STATE [SUB0]
08-06 09:35:04.882   191  2143 D RILC    : RequestComplete, RIL_SOCKET_1
08-06 09:35:04.882   191  2143 E RILC    : Send Response to RIL_SOCKET_1
