08-06 10:00:05.559  2545  2545 W ViewRootImpl: Cancelling event due to no window focus: KeyEvent { action=ACTION_UP, keyCode=KEYCODE_TV_NETWORK, scanCode=0, metaState=0, flags=0x28, repeatCount=0, eventTime=1552299, downTime=1552299, deviceId=-1, source=0x101 }
08-06 10:00:05.563  2545  2545 W ViewRootImpl: Cancelling event due to no window focus: KeyEvent { action=ACTION_UP, keyCode=KEYCODE_TV_NETWORK, scanCode=0, metaState=0, flags=0x28, repeatCount=0, eventTime=1552299, downTime=1552299, deviceId=-1, source=0x101 }
08-06 10:00:05.569  2545  2545 W ViewRootImpl: Cancelling event due to no window focus: KeyEvent { action=ACTION_UP, keyCode=KEYCODE_TV_NETWORK, scanCode=0, metaState=0, flags=0x28, repeatCount=0, eventTime=1552299, downTime=1552299, deviceId=-1, source=0x101 }
08-06 10:00:05.583  2545  2545 W ViewRootImpl: Cancelling event due to no window focus: KeyEvent { action=ACTION_UP, keyCode=KEYCODE_TV_NETWORK, scanCode=0, metaState=0, flags=0x80000028, repeatCount=0, eventTime=1552299, downTime=1552299, deviceId=-1, source=0x101 }
08-06 10:00:05.589  2545  2545 W ViewRootImpl: Cancelling event due to no window focus: KeyEvent { action=ACTION_UP, keyCode=KEYCODE_TV_NETWORK, scanCode=0, metaState=0, flags=0x80000028, repeatCount=0, eventTime=1552299, downTime=1552299, deviceId=-1, source=0x101 }
08-06 10:00:05.590  2545  2545 W ViewRootImpl: Cancelling event due to no window focus: KeyEvent { action=ACTION_UP, keyCode=KEYCODE_TV_NETWORK, scanCode=0, metaState=0, flags=0x80000028, repeatCount=0, eventTime=1552299, downTime=1552299, deviceId=-1, source=0x101 }
08-06 10:00:05.606   713  6776 W InputMethodManagerService: Window already focused, ignoring focus gain of: com.android.internal.view.IInputMethodClient$Stub$Proxy@27553a26 attribute=android.view.inputmethod.EditorInfo@16658667, token = android.os.BinderProxy@19ed623
08-06 10:00:27.026   713   848 E NativeCrashListener: Exception dealing with report
08-06 10:00:27.026   713   848 E NativeCrashListener: android.system.ErrnoException: read failed: EAGAIN (Try again)
08-06 10:00:27.026   713   848 E NativeCrashListener: 	at libcore.io.Posix.readBytes(Native Method)
08-06 10:00:27.026   713   848 E NativeCrashListener: 	at libcore.io.Posix.read(Posix.java:165)
08-06 10:00:27.026   713   848 E NativeCrashListener: 	at libcore.io.BlockGuardOs.read(BlockGuardOs.java:230)
08-06 10:00:27.026   713   848 E NativeCrashListener: 	at android.system.Os.read(Os.java:350)
08-06 10:00:27.026   713   848 E NativeCrashListener: 	at com.android.server.am.NativeCrashListener.consumeNativeCrashData(NativeCrashListener.java:240)
08-06 10:00:27.026   713   848 E NativeCrashListener: 	at com.android.server.am.NativeCrashListener.run(NativeCrashListener.java:138)
08-06 10:00:30.843   713  1285 I ActivityManager: START u0 {cmp=com.youku.phone/com.soku.searchsdk.activity.SearchActivity (has extras)} from uid 10054 on display 0
08-06 10:00:30.883   713 29460 W ActivityManager: Duplicate finish request for ActivityRecord{e8516a1 u0 com.youku.phone/com.soku.searchsdk.activity.SearchResultActivity t4 f}
08-06 10:00:31.379   713   778 W ActivityManager: Activity pause timeout for ActivityRecord{e8516a1 u0 com.youku.phone/com.soku.searchsdk.activity.SearchResultActivity t4 f}
08-06 10:00:36.838   713   819 I WindowManager: Input event dispatching timed out sending to application AppWindowToken{3ee56104 token=Token{30e99917 ActivityRecord{3bc82996 u0 com.youku.phone/com.soku.searchsdk.activity.SearchActivity t4}}}.  Reason: Waiting because no window has focus but there is a focused application that may eventually add a window when it finishes starting up.
08-06 10:00:37.004   713 29460 W InputManager: Input event injection from pid 2524 timed out.
08-06 10:00:37.034   713   778 I ActivityManager: Skipping duplicate ANR: ProcessRecord{1e729670 2545:com.youku.phone/u0a54} Input dispatching timed out (Waiting because no window has focus but there is a focused application that may eventually add a window when it finishes starting up.)
08-06 10:00:38.011   713  1259 W InputManager: Input event injection from pid 2524 failed.
08-06 10:00:38.020   713   729 W InputManager: Input event injection from pid 2524 failed.
08-06 10:00:38.024   713 14522 W InputManager: Input event injection from pid 2524 failed.
08-06 10:00:39.033   713  1233 W InputManager: Input event injection from pid 2524 failed.
08-06 10:00:39.037   713  1259 W InputManager: Input event injection from pid 2524 failed.
08-06 10:00:39.603   713   777 I UsageStatsService: User[0] Flushing usage stats to disk
08-06 10:00:39.837   713   779 I BootReceiver: Copying /data/tombstones/tombstone_00 to DropBox (SYSTEM_TOMBSTONE)
08-06 10:00:39.967   713   829 D WifiService: Client connection lost with reason: 4
08-06 10:00:40.093   713  1031 I ActivityManager: Process com.youku.phone:channel (pid 4861) has died
08-06 10:00:40.094   713  1031 W ActivityManager: Scheduling restart of crashed service com.youku.phone/com.alibaba.analytics.AnalyticsService in 1000ms
08-06 10:00:40.094   713  1031 W ActivityManager: Scheduling restart of crashed service com.youku.phone/com.taobao.accs.ChannelService in 11000ms
08-06 10:00:40.878   713   778 W ActivityManager: Launch timeout has expired, giving up wake lock!
08-06 10:00:41.088  2545  2545 W ViewRootImpl: Dropping event due to no window focus: KeyEvent { action=ACTION_DOWN, keyCode=KEYCODE_DPAD_CENTER, scanCode=0, metaState=0, flags=0x8, repeatCount=0, eventTime=1586796, downTime=1586796, deviceId=-1, source=0x101 }
08-06 10:00:41.106  2545  2545 W ViewRootImpl: Cancelling event due to no window focus: KeyEvent { action=ACTION_UP, keyCode=KEYCODE_DPAD_CENTER, scanCode=0, metaState=0, flags=0x28, repeatCount=0, eventTime=1587693, downTime=1587693, deviceId=-1, source=0x101 }
08-06 10:00:41.113  2545  2545 W ViewRootImpl: Cancelling event due to no window focus: KeyEvent { action=ACTION_UP, keyCode=KEYCODE_DPAD_CENTER, scanCode=0, metaState=0, flags=0x28, repeatCount=0, eventTime=1587693, downTime=1587693, deviceId=-1, source=0x101 }
08-06 10:00:41.113  2545  2545 W ViewRootImpl: Cancelling event due to no window focus: KeyEvent { action=ACTION_UP, keyCode=KEYCODE_DPAD_CENTER, scanCode=0, metaState=0, flags=0x28, repeatCount=0, eventTime=1587693, downTime=1587693, deviceId=-1, source=0x101 }
08-06 10:00:41.127  2545  2545 W ViewRootImpl: Cancelling event due to no window focus: KeyEvent { action=ACTION_UP, keyCode=KEYCODE_DPAD_CENTER, scanCode=0, metaState=0, flags=0x28, repeatCount=0, eventTime=1587693, downTime=1587693, deviceId=-1, source=0x101 }
08-06 10:00:41.128  2545  2545 W ViewRootImpl: Cancelling event due to no window focus: KeyEvent { action=ACTION_UP, keyCode=KEYCODE_DPAD_CENTER, scanCode=0, metaState=0, flags=0x28, repeatCount=0, eventTime=1587693, downTime=1587693, deviceId=-1, source=0x101 }
08-06 10:00:41.129  2545  2545 W ViewRootImpl: Cancelling event due to no window focus: KeyEvent { action=ACTION_UP, keyCode=KEYCODE_DPAD_CENTER, scanCode=0, metaState=0, flags=0x28, repeatCount=0, eventTime=1587693, downTime=1587693, deviceId=-1, source=0x101 }
08-06 10:00:41.146  2545  2545 W ViewRootImpl: Cancelling event due to no window focus: KeyEvent { action=ACTION_UP, keyCode=KEYCODE_DPAD_CENTER, scanCode=0, metaState=0, flags=0x80000028, repeatCount=0, eventTime=1587693, downTime=1587693, deviceId=-1, source=0x101 }
08-06 10:00:41.147  2545  2545 W ViewRootImpl: Cancelling event due to no window focus: KeyEvent { action=ACTION_UP, keyCode=KEYCODE_DPAD_CENTER, scanCode=0, metaState=0, flags=0x80000028, repeatCount=0, eventTime=1587693, downTime=1587693, deviceId=-1, source=0x101 }
08-06 10:00:41.147  2545  2545 W ViewRootImpl: Cancelling event due to no window focus: KeyEvent { action=ACTION_UP, keyCode=KEYCODE_DPAD_CENTER, scanCode=0, metaState=0, flags=0x80000028, repeatCount=0, eventTime=1587693, downTime=1587693, deviceId=-1, source=0x101 }
08-06 10:00:41.394   713   778 I ActivityManager: Start proc 13420:com.youku.phone:channel/u0a54 for service com.youku.phone/com.alibaba.analytics.AnalyticsService
08-06 10:00:41.601 13420 13420 W ResourcesManager: Asset path '/system/framework/android.test.runner.jar' does not exist or contains no resources.
08-06 10:00:47.088   713   729 I ActivityManager: START u0 {cmp=com.youku.phone/com.soku.searchsdk.activity.SearchResultActivity} from uid 10054 on display 0
08-06 10:00:47.108   713   729 V WindowManager: addAppToken: AppWindowToken{33a9498 token=Token{3ad3ce7b ActivityRecord{3176060a u0 com.youku.phone/com.soku.searchsdk.activity.SearchResultActivity t4}}} to stack=1 task=4 at 2
08-06 10:00:47.621   713   778 W ActivityManager: Activity pause timeout for ActivityRecord{3bc82996 u0 com.youku.phone/com.soku.searchsdk.activity.SearchActivity t4}
08-06 10:00:48.425   713  1019 W InputManager: Input event injection from pid 2524 failed.
08-06 10:00:48.441   713  6776 W InputManager: Input event injection from pid 2524 failed.
08-06 10:00:49.653   713  1019 V WindowManager: Adding window Window{c792129 u0 com.youku.phone/com.soku.searchsdk.activity.SearchResultActivity} at 5 of 11 (after Window{ea2d56e u0 com.youku.phone/com.soku.searchsdk.activity.SearchActivity})
08-06 10:00:50.789  2545  2545 W ViewRootImpl: Dropping event due to no window focus: MotionEvent { action=ACTION_MOVE, id[0]=0, x[0]=-1.0, y[0]=4.0, toolType[0]=TOOL_TYPE_UNKNOWN, buttonState=0, metaState=0, flags=0x0, edgeFlags=0x0, pointerCount=1, historySize=9, eventTime=1597360, downTime=-1, deviceId=0, source=0x10004 }
08-06 10:00:50.823  2545  2545 W ViewRootImpl: Dropping event due to no window focus: KeyEvent { action=ACTION_DOWN, keyCode=KEYCODE_DPAD_DOWN, scanCode=0, metaState=0, flags=0x8, repeatCount=0, eventTime=1597362, downTime=1597362, deviceId=-1, source=0x101 }
08-06 10:00:50.831  2545  2545 W ViewRootImpl: Cancelling event due to no window focus: KeyEvent { action=ACTION_UP, keyCode=KEYCODE_DPAD_DOWN, scanCode=0, metaState=0, flags=0x28, repeatCount=0, eventTime=1597569, downTime=1597569, deviceId=-1, source=0x101 }
08-06 10:00:50.831  2545  2545 W ViewRootImpl: Cancelling event due to no window focus: KeyEvent { action=ACTION_UP, keyCode=KEYCODE_DPAD_DOWN, scanCode=0, metaState=0, flags=0x28, repeatCount=0, eventTime=1597569, downTime=1597569, deviceId=-1, source=0x101 }
08-06 10:00:50.832  2545  2545 W ViewRootImpl: Cancelling event due to no window focus: KeyEvent { action=ACTION_UP, keyCode=KEYCODE_DPAD_DOWN, scanCode=0, metaState=0, flags=0x28, repeatCount=0, eventTime=1597569, downTime=1597569, deviceId=-1, source=0x101 }
08-06 10:00:50.835  2545  2545 W ViewRootImpl: Cancelling event due to no window focus: KeyEvent { action=ACTION_UP, keyCode=KEYCODE_DPAD_DOWN, scanCode=0, metaState=0, flags=0x28, repeatCount=0, eventTime=1597569, downTime=1597569, deviceId=-1, source=0x101 }
08-06 10:00:50.836  2545  2545 W ViewRootImpl: Cancelling event due to no window focus: KeyEvent { action=ACTION_UP, keyCode=KEYCODE_DPAD_DOWN, scanCode=0, metaState=0, flags=0x28, repeatCount=0, eventTime=1597569, downTime=1597569, deviceId=-1, source=0x101 }
08-06 10:00:50.838  2545  2545 W ViewRootImpl: Cancelling event due to no window focus: KeyEvent { action=ACTION_UP, keyCode=KEYCODE_DPAD_DOWN, scanCode=0, metaState=0, flags=0x28, repeatCount=0, eventTime=1597569, downTime=1597569, deviceId=-1, source=0x101 }
08-06 10:00:50.851  2545  2545 W ViewRootImpl: Cancelling event due to no window focus: KeyEvent { action=ACTION_UP, keyCode=KEYCODE_DPAD_DOWN, scanCode=0, metaState=0, flags=0x80000028, repeatCount=0, eventTime=1597569, downTime=1597569, deviceId=-1, source=0x101 }
08-06 10:00:50.855  2545  2545 W ViewRootImpl: Cancelling event due to no window focus: KeyEvent { action=ACTION_UP, keyCode=KEYCODE_DPAD_DOWN, scanCode=0, metaState=0, flags=0x80000028, repeatCount=0, eventTime=1597569, downTime=1597569, deviceId=-1, source=0x101 }
08-06 10:00:50.855  2545  2545 W ViewRootImpl: Cancelling event due to no window focus: KeyEvent { action=ACTION_UP, keyCode=KEYCODE_DPAD_DOWN, scanCode=0, metaState=0, flags=0x80000028, repeatCount=0, eventTime=1597569, downTime=1597569, deviceId=-1, source=0x101 }
08-06 10:01:01.702   713   829 D WifiService: New client listening to asynchronous messages
08-06 10:01:02.256   713  1259 W ProcessCpuTracker: Skipping unknown process pid 18529
08-06 10:01:02.257   713  1259 W ProcessCpuTracker: Skipping unknown process pid 18531
08-06 10:01:02.326   713  1259 W ProcessCpuTracker: Skipping unknown process pid 18532
08-06 10:01:02.338   713  1259 W ProcessCpuTracker: Skipping unknown process pid 18533
08-06 10:01:02.343   713  1259 W ProcessCpuTracker: Skipping unknown process pid 18534
08-06 10:01:06.543   713  1248 W ActivityManager: Unable to start service Intent { pkg=com.youku.phone cmp=com.youku.phone/com.taobao.accs.ChannelService$KernelService } U=0: not found
08-06 10:01:10.227   713  1224 W BackupManagerService: dataChanged but no participant pkg='com.android.providers.settings' uid=10013
08-06 10:01:10.233   713   713 D ZenLog  : set_zen_mode: no_interruptions,setting
08-06 10:01:10.233   713   713 D ZenLog  : update_zen_mode: off -> no_interruptions
08-06 10:01:10.257   713   713 D ZenLog  : set_ringer_mode_internal: ZenModeHelper,i:normal->silent,e:normal->silent
08-06 10:01:11.333   713 29460 D ConditionProviders: Subscribing to condition://android/countdown/50295671140 with android.service.notification.ConditionProviderService$Provider@3b124e0c
08-06 10:01:11.344   713 29460 D ZenLog  : subscribe: condition://android/countdown/50295671140,ok
08-06 10:01:11.345   713 29460 D ZenLog  : exit_condition: Condition[id=condition://android/countdown/50295671140,summary=For one hour (until 11:01 AM),line1=For one hour,line2=Until 11:01 AM,icon=0,state=STATE_TRUE,flags=1],{android/com.android.server.notification.CountdownConditionProvider},binderCall
08-06 10:01:11.388   713 29460 D ZenLog  : config: ZenModeConfig[allowCalls=false,allowMessages=false,allowFrom=anyone,allowEvents=true,sleepMode=null,sleepStart=22.0,sleepEnd=7.0,sleepNone=false,conditionComponents=null,conditionIds=null,exitCondition=Condition[id=condition://android/countdown/50295671140,summary=For one hour (until 11:01 AM),line1=For one hour,line2=Until 11:01 AM,icon=0,state=STATE_TRUE,flags=1],exitConditionComponent=ComponentInfo{android/com.android.server.notification.CountdownConditionProvider}]
08-06 10:01:11.405   713   713 D NotificationService: handleSavePolicyFile
08-06 10:01:11.602   713  1224 W BackupManagerService: dataChanged but no participant pkg='com.android.providers.settings' uid=10054
08-06 10:01:25.591   713   729 I ActivityManager: START u0 {act=android.intent.action.MAIN cat=[android.intent.category.LAUNCHER] flg=0x10200000 cmp=com.youku.phone/.ActivityWelcome} from uid 0 on display 0
08-06 10:01:28.992   713   808 I ActivityManager: START u0 {cmp=com.youku.phone/com.soku.searchsdk.activity.SearchActivity (has extras)} from uid 10054 on display 0
08-06 10:01:29.028   713  1019 W ActivityManager: Duplicate finish request for ActivityRecord{3176060a u0 com.youku.phone/com.soku.searchsdk.activity.SearchResultActivity t4 f}
08-06 10:01:34.552   713  1259 I ActivityManager: START u0 {cmp=com.youku.phone/com.soku.searchsdk.activity.SearchResultActivity} from uid 10054 on display 0
08-06 10:01:34.579   713  1259 V WindowManager: addAppToken: AppWindowToken{23755c4b token=Token{21b0e91a ActivityRecord{d087bc5 u0 com.youku.phone/com.soku.searchsdk.activity.SearchResultActivity t4}}} to stack=1 task=4 at 2
08-06 10:01:35.479   713  1285 W InputManager: Input event injection from pid 2524 failed.
08-06 10:01:35.485   713  6776 W InputManager: Input event injection from pid 2524 failed.
08-06 10:01:35.598   713   778 W ProcessCpuTracker: Skipping unknown process pid 26827
08-06 10:01:35.599   713   778 W ProcessCpuTracker: Skipping unknown process pid 26828
08-06 10:01:35.600   713   778 W ProcessCpuTracker: Skipping unknown process pid 26829
08-06 10:01:36.290   713  1248 V WindowManager: Adding window Window{26c1acd4 u0 com.youku.phone/com.soku.searchsdk.activity.SearchResultActivity} at 5 of 11 (after Window{ea2d56e u0 com.youku.phone/com.soku.searchsdk.activity.SearchActivity})
08-06 10:01:36.641  2545  2545 W ViewRootImpl: Dropping event due to no window focus: KeyEvent { action=ACTION_DOWN, keyCode=KEYCODE_DPAD_CENTER, scanCode=0, metaState=0, flags=0x8, repeatCount=0, eventTime=1643244, downTime=1643244, deviceId=-1, source=0x101 }
08-06 10:01:36.649  2545  2545 W ViewRootImpl: Cancelling event due to no window focus: KeyEvent { action=ACTION_UP, keyCode=KEYCODE_DPAD_CENTER, scanCode=0, metaState=0, flags=0x28, repeatCount=0, eventTime=1643337, downTime=1643337, deviceId=-1, source=0x101 }
08-06 10:01:36.650  2545  2545 W ViewRootImpl: Cancelling event due to no window focus: KeyEvent { action=ACTION_UP, keyCode=KEYCODE_DPAD_CENTER, scanCode=0, metaState=0, flags=0x28, repeatCount=0, eventTime=1643337, downTime=1643337, deviceId=-1, source=0x101 }
08-06 10:01:36.650  2545  2545 W ViewRootImpl: Cancelling event due to no window focus: KeyEvent { action=ACTION_UP, keyCode=KEYCODE_DPAD_CENTER, scanCode=0, metaState=0, flags=0x28, repeatCount=0, eventTime=1643337, downTime=1643337, deviceId=-1, source=0x101 }
08-06 10:01:36.651  2545  2545 W ViewRootImpl: Cancelling event due to no window focus: KeyEvent { action=ACTION_UP, keyCode=KEYCODE_DPAD_CENTER, scanCode=0, metaState=0, flags=0x28, repeatCount=0, eventTime=1643337, downTime=1643337, deviceId=-1, source=0x101 }
08-06 10:01:36.652  2545  2545 W ViewRootImpl: Cancelling event due to no window focus: KeyEvent { action=ACTION_UP, keyCode=KEYCODE_DPAD_CENTER, scanCode=0, metaState=0, flags=0x28, repeatCount=0, eventTime=1643337, downTime=1643337, deviceId=-1, source=0x101 }
08-06 10:01:36.657  2545  2545 W ViewRootImpl: Cancelling event due to no window focus: KeyEvent { action=ACTION_UP, keyCode=KEYCODE_DPAD_CENTER, scanCode=0, metaState=0, flags=0x28, repeatCount=0, eventTime=1643337, downTime=1643337, deviceId=-1, source=0x101 }
08-06 10:01:36.672  2545  2545 W ViewRootImpl: Cancelling event due to no window focus: KeyEvent { action=ACTION_UP, keyCode=KEYCODE_DPAD_CENTER, scanCode=0, metaState=0, flags=0x80000028, repeatCount=0, eventTime=1643337, downTime=1643337, deviceId=-1, source=0x101 }
08-06 10:01:36.678  2545  2545 W ViewRootImpl: Cancelling event due to no window focus: KeyEvent { action=ACTION_UP, keyCode=KEYCODE_DPAD_CENTER, scanCode=0, metaState=0, flags=0x80000028, repeatCount=0, eventTime=1643337, downTime=1643337, deviceId=-1, source=0x101 }
08-06 10:01:36.678  2545  2545 W ViewRootImpl: Cancelling event due to no window focus: KeyEvent { action=ACTION_UP, keyCode=KEYCODE_DPAD_CENTER, scanCode=0, metaState=0, flags=0x80000028, repeatCount=0, eventTime=1643337, downTime=1643337, deviceId=-1, source=0x101 }
08-06 10:01:38.754   713   778 I ActivityManager: Waited long enough for: ServiceRecord{23db1355 u0 com.android.music/.MediaPlaybackService}
08-06 10:01:42.212   713   808 W ProcessCpuTracker: Skipping unknown process pid 28400
08-06 10:01:57.101   713  6134 V WindowManager: not Base app: Adding window Window{20a5c26c u0 com.youku.phone/com.soku.searchsdk.activity.SearchResultActivity} at 6 of 12
08-06 10:02:03.728  2545  2545 W ViewRootImpl: Cancelling event due to no window focus: KeyEvent { action=ACTION_UP, keyCode=KEYCODE_MENU, scanCode=0, metaState=0, flags=0x80000028, repeatCount=0, eventTime=1670406, downTime=1670406, deviceId=-1, source=0x101 }
08-06 10:02:03.731  2545  2545 W ViewRootImpl: Cancelling event due to no window focus: KeyEvent { action=ACTION_UP, keyCode=KEYCODE_MENU, scanCode=0, metaState=0, flags=0x80000028, repeatCount=0, eventTime=1670406, downTime=1670406, deviceId=-1, source=0x101 }
08-06 10:02:03.739  2545  2545 W ViewRootImpl: Cancelling event due to no window focus: KeyEvent { action=ACTION_UP, keyCode=KEYCODE_MENU, scanCode=0, metaState=0, flags=0x80000028, repeatCount=0, eventTime=1670406, downTime=1670406, deviceId=-1, source=0x101 }
08-06 10:02:03.743  2545  2545 W ViewRootImpl: Cancelling event due to no window focus: KeyEvent { action=ACTION_UP, keyCode=KEYCODE_MENU, scanCode=0, metaState=0, flags=0x80000028, repeatCount=0, eventTime=1670406, downTime=1670406, deviceId=-1, source=0x101 }
08-06 10:02:03.744  2545  2545 W ViewRootImpl: Cancelling event due to no window focus: KeyEvent { action=ACTION_UP, keyCode=KEYCODE_MENU, scanCode=0, metaState=0, flags=0x80000028, repeatCount=0, eventTime=1670406, downTime=1670406, deviceId=-1, source=0x101 }
08-06 10:02:03.744  2545  2545 W ViewRootImpl: Cancelling event due to no window focus: KeyEvent { action=ACTION_UP, keyCode=KEYCODE_MENU, scanCode=0, metaState=0, flags=0x80000028, repeatCount=0, eventTime=1670406, downTime=1670406, deviceId=-1, source=0x101 }
08-06 10:02:06.555   713   729 W InputMethodManagerService: Window already focused, ignoring focus gain of: com.android.internal.view.IInputMethodClient$Stub$Proxy@25b9ee3b attribute=null, token = android.os.BinderProxy@dbb7227
08-06 10:02:08.992   713   808 I ActivityManager: START u0 {cmp=com.youku.phone/com.soku.searchsdk.activity.SearchActivity (has extras)} from uid 10054 on display 0
08-06 10:02:09.025   713  1285 W ActivityManager: Duplicate finish request for ActivityRecord{d087bc5 u0 com.youku.phone/com.soku.searchsdk.activity.SearchResultActivity t4 f}
08-06 10:02:16.841   713  1019 I ActivityManager: START u0 {cmp=com.youku.phone/com.soku.searchsdk.activity.SearchResultActivity} from uid 10054 on display 0
08-06 10:02:16.860   713  1019 V WindowManager: addAppToken: AppWindowToken{caf6e0f token=Token{28cd76e ActivityRecord{3a489ee9 u0 com.youku.phone/com.soku.searchsdk.activity.SearchResultActivity t4}}} to stack=1 task=4 at 2
08-06 10:02:17.679   713  1248 W InputManager: Input event injection from pid 2524 failed.
08-06 10:02:17.684   713  1285 W InputManager: Input event injection from pid 2524 failed.
08-06 10:02:18.444   713  1259 V WindowManager: Adding window Window{26db0888 u0 com.youku.phone/com.soku.searchsdk.activity.SearchResultActivity} at 5 of 11 (after Window{ea2d56e u0 com.youku.phone/com.soku.searchsdk.activity.SearchActivity})
08-06 10:02:18.855  2545  2545 W ViewRootImpl: Dropping event due to no window focus: KeyEvent { action=ACTION_DOWN, keyCode=KEYCODE_DPAD_LEFT, scanCode=0, metaState=0, flags=0x8, repeatCount=0, eventTime=1685443, downTime=1685443, deviceId=-1, source=0x101 }
08-06 10:02:18.863  2545  2545 W ViewRootImpl: Cancelling event due to no window focus: KeyEvent { action=ACTION_UP, keyCode=KEYCODE_DPAD_LEFT, scanCode=0, metaState=0, flags=0x28, repeatCount=0, eventTime=1685553, downTime=1685553, deviceId=-1, source=0x101 }
08-06 10:02:18.870  2545  2545 W ViewRootImpl: Cancelling event due to no window focus: KeyEvent { action=ACTION_UP, keyCode=KEYCODE_DPAD_LEFT, scanCode=0, metaState=0, flags=0x28, repeatCount=0, eventTime=1685553, downTime=1685553, deviceId=-1, source=0x101 }
08-06 10:02:18.870  2545  2545 W ViewRootImpl: Cancelling event due to no window focus: KeyEvent { action=ACTION_UP, keyCode=KEYCODE_DPAD_LEFT, scanCode=0, metaState=0, flags=0x28, repeatCount=0, eventTime=1685553, downTime=1685553, deviceId=-1, source=0x101 }
08-06 10:02:18.871  2545  2545 W ViewRootImpl: Cancelling event due to no window focus: KeyEvent { action=ACTION_UP, keyCode=KEYCODE_DPAD_LEFT, scanCode=0, metaState=0, flags=0x28, repeatCount=0, eventTime=1685553, downTime=1685553, deviceId=-1, source=0x101 }
08-06 10:02:18.872  2545  2545 W ViewRootImpl: Cancelling event due to no window focus: KeyEvent { action=ACTION_UP, keyCode=KEYCODE_DPAD_LEFT, scanCode=0, metaState=0, flags=0x28, repeatCount=0, eventTime=1685553, downTime=1685553, deviceId=-1, source=0x101 }
08-06 10:02:18.872  2545  2545 W ViewRootImpl: Cancelling event due to no window focus: KeyEvent { action=ACTION_UP, keyCode=KEYCODE_DPAD_LEFT, scanCode=0, metaState=0, flags=0x28, repeatCount=0, eventTime=1685553, downTime=1685553, deviceId=-1, source=0x101 }
08-06 10:02:18.890  2545  2545 W ViewRootImpl: Cancelling event due to no window focus: KeyEvent { action=ACTION_UP, keyCode=KEYCODE_DPAD_LEFT, scanCode=0, metaState=0, flags=0x80000028, repeatCount=0, eventTime=1685553, downTime=1685553, deviceId=-1, source=0x101 }
08-06 10:02:18.890  2545  2545 W ViewRootImpl: Cancelling event due to no window focus: KeyEvent { action=ACTION_UP, keyCode=KEYCODE_DPAD_LEFT, scanCode=0, metaState=0, flags=0x80000028, repeatCount=0, eventTime=1685553, downTime=1685553, deviceId=-1, source=0x101 }
08-06 10:02:18.896  2545  2545 W ViewRootImpl: Cancelling event due to no window focus: KeyEvent { action=ACTION_UP, keyCode=KEYCODE_DPAD_LEFT, scanCode=0, metaState=0, flags=0x80000028, repeatCount=0, eventTime=1685553, downTime=1685553, deviceId=-1, source=0x101 }
08-06 10:02:21.861   713   778 W ProcessCpuTracker: Skipping unknown process pid 6427
08-06 10:02:23.059   713   808 I ActivityManager: START u0 {act=android.intent.action.MAIN cat=[android.intent.category.LAUNCHER] flg=0x10200000 cmp=com.youku.phone/.ActivityWelcome} from uid 0 on display 0
08-06 10:02:46.855   713   778 W ProcessCpuTracker: Skipping unknown process pid 12685
08-06 10:02:55.226   713  1285 W InputMethodManagerService: Window already focused, ignoring focus gain of: com.android.internal.view.IInputMethodClient$Stub$Proxy@313060a0 attribute=android.view.inputmethod.EditorInfo@aca1459, token = android.os.BinderProxy@3bfedc2b
08-06 10:02:59.647   713  1285 I ActivityManager: START u0 {cmp=com.youku.phone/com.soku.searchsdk.activity.SearchActivity (has extras)} from uid 10054 on display 0
08-06 10:02:59.678   713  6776 W ActivityManager: Duplicate finish request for ActivityRecord{3a489ee9 u0 com.youku.phone/com.soku.searchsdk.activity.SearchResultActivity t4 f}
08-06 10:03:01.542  2545  2545 W ViewRootImpl: Dropping event due to no window focus: KeyEvent { action=ACTION_DOWN, keyCode=KEYCODE_MENU, scanCode=0, metaState=0, flags=0x8, repeatCount=0, eventTime=1727979, downTime=1727979, deviceId=-1, source=0x101 }
08-06 10:03:01.550  2545  2545 W ViewRootImpl: Cancelling event due to no window focus: KeyEvent { action=ACTION_UP, keyCode=KEYCODE_MENU, scanCode=0, metaState=0, flags=0x28, repeatCount=0, eventTime=1728261, downTime=1728261, deviceId=-1, source=0x101 }
08-06 10:03:01.551  2545  2545 W ViewRootImpl: Cancelling event due to no window focus: KeyEvent { action=ACTION_UP, keyCode=KEYCODE_MENU, scanCode=0, metaState=0, flags=0x28, repeatCount=0, eventTime=1728261, downTime=1728261, deviceId=-1, source=0x101 }
08-06 10:03:01.551  2545  2545 W ViewRootImpl: Cancelling event due to no window focus: KeyEvent { action=ACTION_UP, keyCode=KEYCODE_MENU, scanCode=0, metaState=0, flags=0x28, repeatCount=0, eventTime=1728261, downTime=1728261, deviceId=-1, source=0x101 }
08-06 10:03:01.556  2545  2545 W ViewRootImpl: Cancelling event due to no window focus: KeyEvent { action=ACTION_UP, keyCode=KEYCODE_MENU, scanCode=0, metaState=0, flags=0x28, repeatCount=0, eventTime=1728261, downTime=1728261, deviceId=-1, source=0x101 }
08-06 10:03:01.563  2545  2545 W ViewRootImpl: Cancelling event due to no window focus: KeyEvent { action=ACTION_UP, keyCode=KEYCODE_MENU, scanCode=0, metaState=0, flags=0x28, repeatCount=0, eventTime=1728261, downTime=1728261, deviceId=-1, source=0x101 }
08-06 10:03:01.572  2545  2545 W ViewRootImpl: Cancelling event due to no window focus: KeyEvent { action=ACTION_UP, keyCode=KEYCODE_MENU, scanCode=0, metaState=0, flags=0x28, repeatCount=0, eventTime=1728261, downTime=1728261, deviceId=-1, source=0x101 }
08-06 10:03:04.261   713   808 I ActivityManager: START u0 {cmp=com.youku.phone/com.soku.searchsdk.activity.SearchResultActivity} from uid 10054 on display 0
08-06 10:03:04.286   713   808 V WindowManager: addAppToken: AppWindowToken{33e659cd token=Token{25ed4364 ActivityRecord{2b3408f7 u0 com.youku.phone/com.soku.searchsdk.activity.SearchResultActivity t4}}} to stack=1 task=4 at 2
08-06 10:03:05.528   713 14522 V WindowManager: Adding window Window{1d163d93 u0 com.youku.phone/com.soku.searchsdk.activity.SearchResultActivity} at 5 of 11 (after Window{ea2d56e u0 com.youku.phone/com.soku.searchsdk.activity.SearchActivity})
08-06 10:03:06.194  2545  2545 W ViewRootImpl: Dropping event due to no window focus: KeyEvent { action=ACTION_DOWN, keyCode=KEYCODE_DPAD_RIGHT, scanCode=0, metaState=0, flags=0x8, repeatCount=0, eventTime=1731764, downTime=1731764, deviceId=-1, source=0x101 }
08-06 10:03:06.199  2545  2545 W ViewRootImpl: Cancelling event due to no window focus: KeyEvent { action=ACTION_UP, keyCode=KEYCODE_DPAD_RIGHT, scanCode=0, metaState=0, flags=0x28, repeatCount=0, eventTime=1732711, downTime=1732711, deviceId=-1, source=0x101 }
08-06 10:03:06.211  2545  2545 W ViewRootImpl: Cancelling event due to no window focus: KeyEvent { action=ACTION_UP, keyCode=KEYCODE_DPAD_RIGHT, scanCode=0, metaState=0, flags=0x28, repeatCount=0, eventTime=1732711, downTime=1732711, deviceId=-1, source=0x101 }
08-06 10:03:06.212  2545  2545 W ViewRootImpl: Cancelling event due to no window focus: KeyEvent { action=ACTION_UP, keyCode=KEYCODE_DPAD_RIGHT, scanCode=0, metaState=0, flags=0x28, repeatCount=0, eventTime=1732711, downTime=1732711, deviceId=-1, source=0x101 }
08-06 10:03:06.223  2545  2545 W ViewRootImpl: Cancelling event due to no window focus: KeyEvent { action=ACTION_UP, keyCode=KEYCODE_DPAD_RIGHT, scanCode=0, metaState=0, flags=0x28, repeatCount=0, eventTime=1732711, downTime=1732711, deviceId=-1, source=0x101 }
08-06 10:03:06.235  2545  2545 W ViewRootImpl: Cancelling event due to no window focus: KeyEvent { action=ACTION_UP, keyCode=KEYCODE_DPAD_RIGHT, scanCode=0, metaState=0, flags=0x28, repeatCount=0, eventTime=1732711, downTime=1732711, deviceId=-1, source=0x101 }
08-06 10:03:06.236  2545  2545 W ViewRootImpl: Cancelling event due to no window focus: KeyEvent { action=ACTION_UP, keyCode=KEYCODE_DPAD_RIGHT, scanCode=0, metaState=0, flags=0x28, repeatCount=0, eventTime=1732711, downTime=1732711, deviceId=-1, source=0x101 }
08-06 10:03:06.241  2545  2545 W ViewRootImpl: Cancelling event due to no window focus: KeyEvent { action=ACTION_UP, keyCode=KEYCODE_DPAD_RIGHT, scanCode=0, metaState=0, flags=0x80000028, repeatCount=0, eventTime=1732711, downTime=1732711, deviceId=-1, source=0x101 }
08-06 10:03:06.244  2545  2545 W ViewRootImpl: Cancelling event due to no window focus: KeyEvent { action=ACTION_UP, keyCode=KEYCODE_DPAD_RIGHT, scanCode=0, metaState=0, flags=0x80000028, repeatCount=0, eventTime=1732711, downTime=1732711, deviceId=-1, source=0x101 }
08-06 10:03:06.247  2545  2545 W ViewRootImpl: Cancelling event due to no window focus: KeyEvent { action=ACTION_UP, keyCode=KEYCODE_DPAD_RIGHT, scanCode=0, metaState=0, flags=0x80000028, repeatCount=0, eventTime=1732711, downTime=1732711, deviceId=-1, source=0x101 }
08-06 10:03:20.130   713  1259 W InputMethodManagerService: Window already focused, ignoring focus gain of: com.android.internal.view.IInputMethodClient$Stub$Proxy@6823fda attribute=null, token = android.os.BinderProxy@9fee282
08-06 10:03:50.359   713   778 I ActivityManager: Waited long enough for: ServiceRecord{dd47fa6 u0 com.android.music/.MediaPlaybackService}
08-06 10:03:59.027   713 29460 V WindowManager: not Base app: Adding window Window{1d01dd7e u0 com.youku.phone/com.soku.searchsdk.activity.SearchResultActivity} at 6 of 12
08-06 10:04:07.036  2545  2545 W ViewRootImpl: Dropping event due to root view being removed: MotionEvent { action=ACTION_UP, id[0]=0, x[0]=718.6642, y[0]=-248.59344, toolType[0]=TOOL_TYPE_UNKNOWN, buttonState=0, metaState=0, flags=0x0, edgeFlags=0x0, pointerCount=1, historySize=0, eventTime=1793727, downTime=1793720, deviceId=0, source=0x1002 }
08-06 10:04:15.264   713   808 V WindowManager: not Base app: Adding window Window{55a538a u0 com.youku.phone/com.soku.searchsdk.activity.SearchResultActivity} at 6 of 12
08-06 10:04:16.200  2545  2545 W ViewRootImpl: Dropping event due to root view being removed: MotionEvent { action=ACTION_MOVE, id[0]=0, x[0]=837.5252, y[0]=-118.775635, toolType[0]=TOOL_TYPE_UNKNOWN, buttonState=0, metaState=0, flags=0x0, edgeFlags=0x0, pointerCount=1, historySize=6, eventTime=1802896, downTime=1802875, deviceId=0, source=0x1002 }
08-06 10:04:16.203  2545  2545 W ViewRootImpl: Dropping event due to root view being removed: MotionEvent { action=ACTION_UP, id[0]=0, x[0]=834.36115, y[0]=-128.80432, toolType[0]=TOOL_TYPE_UNKNOWN, buttonState=0, metaState=0, flags=0x0, edgeFlags=0x0, pointerCount=1, historySize=0, eventTime=1802898, downTime=1802875, deviceId=0, source=0x1002 }
08-06 10:04:17.216   713 29460 I ActivityManager: START u0 {cmp=com.youku.phone/com.youku.ui.activity.DetailActivity (has extras)} from uid 10054 on display 0
08-06 10:04:17.230   713 29460 V WindowManager: addAppToken: AppWindowToken{f9c9071 token=Token{d7d5e18 ActivityRecord{33a5cdfb u0 com.youku.phone/com.youku.ui.activity.DetailActivity t4}}} to stack=1 task=4 at 3
08-06 10:04:19.448   713  2782 V WindowManager: Adding window Window{c584219 u0 com.youku.phone/com.youku.ui.activity.DetailActivity} at 6 of 12 (after Window{1d163d93 u0 com.youku.phone/com.soku.searchsdk.activity.SearchResultActivity})
08-06 10:04:20.186   713  1031 V WindowManager: Adding window Window{27c6f424 u0 SurfaceView} at 6 of 13 (before Window{c584219 u0 com.youku.phone/com.youku.ui.activity.DetailActivity})
08-06 10:04:20.207  2545  2545 W ViewRootImpl: Dropping event due to no window focus: KeyEvent { action=ACTION_DOWN, keyCode=KEYCODE_DPAD_CENTER, scanCode=0, metaState=0, flags=0x8, repeatCount=0, eventTime=1804936, downTime=1804936, deviceId=-1, source=0x101 }
08-06 10:04:20.223  2545  2545 W ViewRootImpl: Cancelling event due to no window focus: KeyEvent { action=ACTION_UP, keyCode=KEYCODE_DPAD_CENTER, scanCode=0, metaState=0, flags=0x28, repeatCount=0, eventTime=1806900, downTime=1806900, deviceId=-1, source=0x101 }
08-06 10:04:20.224  2545  2545 W ViewRootImpl: Cancelling event due to no window focus: KeyEvent { action=ACTION_UP, keyCode=KEYCODE_DPAD_CENTER, scanCode=0, metaState=0, flags=0x28, repeatCount=0, eventTime=1806900, downTime=1806900, deviceId=-1, source=0x101 }
08-06 10:04:20.224  2545  2545 W ViewRootImpl: Cancelling event due to no window focus: KeyEvent { action=ACTION_UP, keyCode=KEYCODE_DPAD_CENTER, scanCode=0, metaState=0, flags=0x28, repeatCount=0, eventTime=1806900, downTime=1806900, deviceId=-1, source=0x101 }
08-06 10:04:20.225  2545  2545 W ViewRootImpl: Cancelling event due to no window focus: KeyEvent { action=ACTION_UP, keyCode=KEYCODE_DPAD_CENTER, scanCode=0, metaState=0, flags=0x28, repeatCount=0, eventTime=1806900, downTime=1806900, deviceId=-1, source=0x101 }
08-06 10:04:20.225  2545  2545 W ViewRootImpl: Cancelling event due to no window focus: KeyEvent { action=ACTION_UP, keyCode=KEYCODE_DPAD_CENTER, scanCode=0, metaState=0, flags=0x28, repeatCount=0, eventTime=1806900, downTime=1806900, deviceId=-1, source=0x101 }
08-06 10:04:20.226  2545  2545 W ViewRootImpl: Cancelling event due to no window focus: KeyEvent { action=ACTION_UP, keyCode=KEYCODE_DPAD_CENTER, scanCode=0, metaState=0, flags=0x28, repeatCount=0, eventTime=1806900, downTime=1806900, deviceId=-1, source=0x101 }
08-06 10:04:20.228  2545  2545 W ViewRootImpl: Cancelling event due to no window focus: KeyEvent { action=ACTION_UP, keyCode=KEYCODE_DPAD_CENTER, scanCode=0, metaState=0, flags=0x80000028, repeatCount=0, eventTime=1806900, downTime=1806900, deviceId=-1, source=0x101 }
08-06 10:04:20.229  2545  2545 W ViewRootImpl: Cancelling event due to no window focus: KeyEvent { action=ACTION_UP, keyCode=KEYCODE_DPAD_CENTER, scanCode=0, metaState=0, flags=0x80000028, repeatCount=0, eventTime=1806900, downTime=1806900, deviceId=-1, source=0x101 }
08-06 10:04:20.229  2545  2545 W ViewRootImpl: Cancelling event due to no window focus: KeyEvent { action=ACTION_UP, keyCode=KEYCODE_DPAD_CENTER, scanCode=0, metaState=0, flags=0x80000028, repeatCount=0, eventTime=1806900, downTime=1806900, deviceId=-1, source=0x101 }
08-06 10:04:26.727   713  2782 I ActivityManager: START u0 {act=com.youku.action.YoukuWebview cmp=com.youku.phone/com.youku.ui.activity.WebViewActivity (has extras)} from uid 10054 on display 0
08-06 10:04:26.742   713  2782 V WindowManager: addAppToken: AppWindowToken{1e2bd3af token=Token{a8acf8e ActivityRecord{1360e389 u0 com.youku.phone/com.youku.ui.activity.WebViewActivity t4}}} to stack=1 task=4 at 4
08-06 10:04:27.330   713  2782 W InputManager: Input event injection from pid 2524 failed.
08-06 10:04:27.343   713  1019 W InputManager: Input event injection from pid 2524 failed.
08-06 10:04:27.939   713 14522 W ActivityManager: getTasks: caller 10054 does not hold GET_TASKS; limiting output
08-06 10:04:28.007   713  1259 V WindowManager: Adding window Window{1d3c89a7 u0 com.youku.phone/com.youku.ui.activity.WebViewActivity} at 8 of 14 (after Window{c584219 u0 com.youku.phone/com.youku.ui.activity.DetailActivity})
08-06 10:04:28.430  2545  2545 W ViewRootImpl: Dropping event due to no window focus: KeyEvent { action=ACTION_DOWN, keyCode=KEYCODE_DPAD_CENTER, scanCode=0, metaState=0, flags=0x8, repeatCount=0, eventTime=1815105, downTime=1815105, deviceId=-1, source=0x101 }
08-06 10:04:28.435  2545  2545 W ViewRootImpl: Cancelling event due to no window focus: KeyEvent { action=ACTION_UP, keyCode=KEYCODE_DPAD_CENTER, scanCode=0, metaState=0, flags=0x28, repeatCount=0, eventTime=1815107, downTime=1815107, deviceId=-1, source=0x101 }
08-06 10:04:28.438  2545  2545 W ViewRootImpl: Cancelling event due to no window focus: KeyEvent { action=ACTION_UP, keyCode=KEYCODE_DPAD_CENTER, scanCode=0, metaState=0, flags=0x28, repeatCount=0, eventTime=1815107, downTime=1815107, deviceId=-1, source=0x101 }
08-06 10:04:28.439  2545  2545 W ViewRootImpl: Cancelling event due to no window focus: KeyEvent { action=ACTION_UP, keyCode=KEYCODE_DPAD_CENTER, scanCode=0, metaState=0, flags=0x28, repeatCount=0, eventTime=1815107, downTime=1815107, deviceId=-1, source=0x101 }
08-06 10:04:28.439  2545  2545 W ViewRootImpl: Cancelling event due to no window focus: KeyEvent { action=ACTION_UP, keyCode=KEYCODE_DPAD_CENTER, scanCode=0, metaState=0, flags=0x28, repeatCount=0, eventTime=1815107, downTime=1815107, deviceId=-1, source=0x101 }
08-06 10:04:28.440  2545  2545 W ViewRootImpl: Cancelling event due to no window focus: KeyEvent { action=ACTION_UP, keyCode=KEYCODE_DPAD_CENTER, scanCode=0, metaState=0, flags=0x28, repeatCount=0, eventTime=1815107, downTime=1815107, deviceId=-1, source=0x101 }
08-06 10:04:28.454  2545  2545 W ViewRootImpl: Cancelling event due to no window focus: KeyEvent { action=ACTION_UP, keyCode=KEYCODE_DPAD_CENTER, scanCode=0, metaState=0, flags=0x28, repeatCount=0, eventTime=1815107, downTime=1815107, deviceId=-1, source=0x101 }
08-06 10:04:28.844   713   778 I ProcessStatsService: Prepared write state in 25ms
08-06 10:04:31.482   713 29460 I ActivityManager: START u0 {act=android.intent.action.MAIN cat=[android.intent.category.LAUNCHER] flg=0x10200000 cmp=com.youku.phone/.ActivityWelcome} from uid 0 on display 0
08-06 10:04:33.686   713 29460 W InputMethodManagerService: Window already focused, ignoring focus gain of: com.android.internal.view.IInputMethodClient$Stub$Proxy@28052a97 attribute=null, token = android.os.BinderProxy@13654266
08-06 10:04:33.703   868   868 W ViewRootImpl: Dropping event due to root view being removed: MotionEvent { action=ACTION_UP, id[0]=0, x[0]=431.32248, y[0]=972.996, toolType[0]=TOOL_TYPE_UNKNOWN, buttonState=0, metaState=0, flags=0x0, edgeFlags=0x0, pointerCount=1, historySize=0, eventTime=1820405, downTime=1820396, deviceId=0, source=0x1002 }
08-06 10:04:40.799   713  1019 W ActivityManager: getTasks: caller 10054 does not hold GET_TASKS; limiting output
08-06 10:04:42.958  2545  2545 W ViewRootImpl: Dropping event due to no window focus: MotionEvent { action=ACTION_MOVE, id[0]=0, x[0]=-2.0, y[0]=2.0, toolType[0]=TOOL_TYPE_UNKNOWN, buttonState=0, metaState=0, flags=0x0, edgeFlags=0x0, pointerCount=1, historySize=9, eventTime=1829453, downTime=-1, deviceId=0, source=0x10004 }
08-06 10:04:42.978  2545  2545 W ViewRootImpl: Dropping event due to no window focus: KeyEvent { action=ACTION_DOWN, keyCode=KEYCODE_MEDIA_TOP_MENU, scanCode=0, metaState=0, flags=0x8, repeatCount=0, eventTime=1829456, downTime=1829456, deviceId=-1, source=0x101 }
08-06 10:04:42.990  2545  2545 W ViewRootImpl: Cancelling event due to no window focus: KeyEvent { action=ACTION_UP, keyCode=KEYCODE_MEDIA_TOP_MENU, scanCode=0, metaState=0, flags=0x28, repeatCount=0, eventTime=1829718, downTime=1829718, deviceId=-1, source=0x101 }
08-06 10:04:42.990  2545  2545 W ViewRootImpl: Cancelling event due to no window focus: KeyEvent { action=ACTION_UP, keyCode=KEYCODE_MEDIA_TOP_MENU, scanCode=0, metaState=0, flags=0x28, repeatCount=0, eventTime=1829718, downTime=1829718, deviceId=-1, source=0x101 }
08-06 10:04:42.991  2545  2545 W ViewRootImpl: Cancelling event due to no window focus: KeyEvent { action=ACTION_UP, keyCode=KEYCODE_MEDIA_TOP_MENU, scanCode=0, metaState=0, flags=0x28, repeatCount=0, eventTime=1829718, downTime=1829718, deviceId=-1, source=0x101 }
08-06 10:04:43.802  2545  2545 W ViewRootImpl: Cancelling event due to no window focus: KeyEvent { action=ACTION_UP, keyCode=KEYCODE_MEDIA_TOP_MENU, scanCode=0, metaState=0, flags=0x28, repeatCount=0, eventTime=1829718, downTime=1829718, deviceId=-1, source=0x101 }
08-06 10:04:43.807  2545  2545 W ViewRootImpl: Cancelling event due to no window focus: KeyEvent { action=ACTION_UP, keyCode=KEYCODE_MEDIA_TOP_MENU, scanCode=0, metaState=0, flags=0x28, repeatCount=0, eventTime=1829718, downTime=1829718, deviceId=-1, source=0x101 }
08-06 10:04:43.808  2545  2545 W ViewRootImpl: Cancelling event due to no window focus: KeyEvent { action=ACTION_UP, keyCode=KEYCODE_MEDIA_TOP_MENU, scanCode=0, metaState=0, flags=0x28, repeatCount=0, eventTime=1829718, downTime=1829718, deviceId=-1, source=0x101 }
08-06 10:04:43.847  2545  2545 W ViewRootImpl: Cancelling event due to no window focus: KeyEvent { action=ACTION_UP, keyCode=KEYCODE_MEDIA_TOP_MENU, scanCode=0, metaState=0, flags=0x80000028, repeatCount=0, eventTime=1829718, downTime=1829718, deviceId=-1, source=0x101 }
08-06 10:04:43.850  2545  2545 W ViewRootImpl: Cancelling event due to no window focus: KeyEvent { action=ACTION_UP, keyCode=KEYCODE_MEDIA_TOP_MENU, scanCode=0, metaState=0, flags=0x80000028, repeatCount=0, eventTime=1829718, downTime=1829718, deviceId=-1, source=0x101 }
08-06 10:04:43.851  2545  2545 W ViewRootImpl: Cancelling event due to no window focus: KeyEvent { action=ACTION_UP, keyCode=KEYCODE_MEDIA_TOP_MENU, scanCode=0, metaState=0, flags=0x80000028, repeatCount=0, eventTime=1829718, downTime=1829718, deviceId=-1, source=0x101 }
08-06 10:04:45.659   713 29460 I ActivityManager: START u0 {act=com.youku.action.YoukuWebview cmp=com.youku.phone/com.youku.ui.activity.WebViewActivity (has extras)} from uid 10054 on display 0
08-06 10:04:45.674   713 29460 V WindowManager: addAppToken: AppWindowToken{8c26da1 token=Token{1328b208 ActivityRecord{3ebb3bab u0 com.youku.phone/com.youku.ui.activity.WebViewActivity t4}}} to stack=1 task=4 at 5
08-06 10:04:48.255   713  6134 W ActivityManager: getTasks: caller 10054 does not hold GET_TASKS; limiting output
08-06 10:04:48.381   713  2782 V WindowManager: Adding window Window{3e0ad9e u0 com.youku.phone/com.youku.ui.activity.WebViewActivity} at 9 of 15 (after Window{1d3c89a7 u0 com.youku.phone/com.youku.ui.activity.WebViewActivity})
08-06 10:04:49.446  2545  2545 W ViewRootImpl: Dropping event due to no window focus: KeyEvent { action=ACTION_DOWN, keyCode=KEYCODE_F9, scanCode=0, metaState=0, flags=0x8, repeatCount=0, eventTime=1832879, downTime=1832879, deviceId=-1, source=0x101 }
08-06 10:04:49.448  2545  2545 W ViewRootImpl: Cancelling event due to no window focus: KeyEvent { action=ACTION_UP, keyCode=KEYCODE_F9, scanCode=0, metaState=0, flags=0x28, repeatCount=0, eventTime=1836111, downTime=1836111, deviceId=-1, source=0x101 }
08-06 10:04:49.449  2545  2545 W ViewRootImpl: Cancelling event due to no window focus: KeyEvent { action=ACTION_UP, keyCode=KEYCODE_F9, scanCode=0, metaState=0, flags=0x28, repeatCount=0, eventTime=1836111, downTime=1836111, deviceId=-1, source=0x101 }
08-06 10:04:49.449  2545  2545 W ViewRootImpl: Cancelling event due to no window focus: KeyEvent { action=ACTION_UP, keyCode=KEYCODE_F9, scanCode=0, metaState=0, flags=0x28, repeatCount=0, eventTime=1836111, downTime=1836111, deviceId=-1, source=0x101 }
08-06 10:04:49.450  2545  2545 W ViewRootImpl: Cancelling event due to no window focus: KeyEvent { action=ACTION_UP, keyCode=KEYCODE_F9, scanCode=0, metaState=0, flags=0x28, repeatCount=0, eventTime=1836111, downTime=1836111, deviceId=-1, source=0x101 }
08-06 10:04:49.451  2545  2545 W ViewRootImpl: Cancelling event due to no window focus: KeyEvent { action=ACTION_UP, keyCode=KEYCODE_F9, scanCode=0, metaState=0, flags=0x28, repeatCount=0, eventTime=1836111, downTime=1836111, deviceId=-1, source=0x101 }
08-06 10:04:49.456  2545  2545 W ViewRootImpl: Cancelling event due to no window focus: KeyEvent { action=ACTION_UP, keyCode=KEYCODE_F9, scanCode=0, metaState=0, flags=0x28, repeatCount=0, eventTime=1836111, downTime=1836111, deviceId=-1, source=0x101 }
08-06 10:04:49.471  2545  2545 W ViewRootImpl: Cancelling event due to no window focus: KeyEvent { action=ACTION_UP, keyCode=KEYCODE_F9, scanCode=0, metaState=0, flags=0x80000028, repeatCount=0, eventTime=1836111, downTime=1836111, deviceId=-1, source=0x101 }
08-06 10:04:49.471  2545  2545 W ViewRootImpl: Cancelling event due to no window focus: KeyEvent { action=ACTION_UP, keyCode=KEYCODE_F9, scanCode=0, metaState=0, flags=0x80000028, repeatCount=0, eventTime=1836111, downTime=1836111, deviceId=-1, source=0x101 }
08-06 10:04:49.472  2545  2545 W ViewRootImpl: Cancelling event due to no window focus: KeyEvent { action=ACTION_UP, keyCode=KEYCODE_F9, scanCode=0, metaState=0, flags=0x80000028, repeatCount=0, eventTime=1836111, downTime=1836111, deviceId=-1, source=0x101 }
08-06 10:04:50.848   713   778 W ActivityManager: Launch timeout has expired, giving up wake lock!
08-06 10:04:51.052   713   778 I ActivityManager: Killing 1763:com.android.deskclock/u0a25 (adj 13): empty for 1802s
08-06 10:04:51.214   713   778 I ActivityManager: Killing 1013:com.android.settings/1000 (adj 13): empty for 1803s
08-06 10:04:51.283   713   829 D WifiService: Client connection lost with reason: 4
08-06 10:04:51.344   713   778 I ActivityManager: Killing 1693:com.android.onetimeinitializer/u0a10 (adj 13): empty for 1803s
08-06 10:04:51.553   713   778 E libprocessgroup: failed to kill 1 processes for processgroup 1693
08-06 10:05:09.611   713  6776 W ActivityManager: getTasks: caller 10054 does not hold GET_TASKS; limiting output
08-06 10:05:12.659  2545  2545 W ViewRootImpl: Dropping event due to no window focus: KeyEvent { action=ACTION_DOWN, keyCode=KEYCODE_DPAD_UP, scanCode=0, metaState=0, flags=0x8, repeatCount=0, eventTime=1858416, downTime=1858416, deviceId=-1, source=0x101 }
08-06 10:05:12.669  2545  2545 W ViewRootImpl: Cancelling event due to no window focus: KeyEvent { action=ACTION_UP, keyCode=KEYCODE_DPAD_UP, scanCode=0, metaState=0, flags=0x28, repeatCount=0, eventTime=1858426, downTime=1858426, deviceId=-1, source=0x101 }
08-06 10:05:12.669  2545  2545 W ViewRootImpl: Cancelling event due to no window focus: KeyEvent { action=ACTION_UP, keyCode=KEYCODE_DPAD_UP, scanCode=0, metaState=0, flags=0x28, repeatCount=0, eventTime=1858426, downTime=1858426, deviceId=-1, source=0x101 }
08-06 10:05:12.670  2545  2545 W ViewRootImpl: Cancelling event due to no window focus: KeyEvent { action=ACTION_UP, keyCode=KEYCODE_DPAD_UP, scanCode=0, metaState=0, flags=0x28, repeatCount=0, eventTime=1858426, downTime=1858426, deviceId=-1, source=0x101 }
08-06 10:05:12.685  2545  2545 W ViewRootImpl: Cancelling event due to no window focus: KeyEvent { action=ACTION_UP, keyCode=KEYCODE_DPAD_UP, scanCode=0, metaState=0, flags=0x28, repeatCount=0, eventTime=1858426, downTime=1858426, deviceId=-1, source=0x101 }
08-06 10:05:12.688  2545  2545 W ViewRootImpl: Cancelling event due to no window focus: KeyEvent { action=ACTION_UP, keyCode=KEYCODE_DPAD_UP, scanCode=0, metaState=0, flags=0x28, repeatCount=0, eventTime=1858426, downTime=1858426, deviceId=-1, source=0x101 }
08-06 10:05:12.689  2545  2545 W ViewRootImpl: Cancelling event due to no window focus: KeyEvent { action=ACTION_UP, keyCode=KEYCODE_DPAD_UP, scanCode=0, metaState=0, flags=0x28, repeatCount=0, eventTime=1858426, downTime=1858426, deviceId=-1, source=0x101 }
08-06 10:05:12.723  2545  2545 W ViewRootImpl: Cancelling event due to no window focus: KeyEvent { action=ACTION_UP, keyCode=KEYCODE_DPAD_UP, scanCode=0, metaState=0, flags=0x80000028, repeatCount=0, eventTime=1858426, downTime=1858426, deviceId=-1, source=0x101 }
08-06 10:05:12.727  2545  2545 W ViewRootImpl: Cancelling event due to no window focus: KeyEvent { action=ACTION_UP, keyCode=KEYCODE_DPAD_UP, scanCode=0, metaState=0, flags=0x80000028, repeatCount=0, eventTime=1858426, downTime=1858426, deviceId=-1, source=0x101 }
08-06 10:05:12.727  2545  2545 W ViewRootImpl: Cancelling event due to no window focus: KeyEvent { action=ACTION_UP, keyCode=KEYCODE_DPAD_UP, scanCode=0, metaState=0, flags=0x80000028, repeatCount=0, eventTime=1858426, downTime=1858426, deviceId=-1, source=0x101 }
08-06 10:05:13.731   713   819 I ActivityManager: START u0 {act=android.intent.action.SHOW_BRIGHTNESS_DIALOG cmp=com.android.systemui/.settings.BrightnessDialog} from uid 1000 on display 0
08-06 10:05:19.634   713   778 W ActivityManager: Launch timeout has expired, giving up wake lock!
