11-24 21:55:07.038  1229  1245 D SubscriptionController: [getSubInfoRecord] id:1 iccid:DUMMY_NV_ID simSlotIndex:0 displayName:CARD 1 nameSource:0 iconTint:-16746133 dataRoaming:0 mcc:460 mnc:1 countIso:cn status:1 nwMode:10
11-24 21:55:07.042  1229  1245 D SubscriptionController: [getActiveSubInfoList]- 1 infos return
11-24 21:55:07.044  1229  1715 D RILJ    : [3897]> RIL_REQUEST_GSM_BROADCAST_ACTIVATION [SUB0]
11-24 21:55:07.047   201   626 D RILC    : RequestComplete, RIL_SOCKET_1
11-24 21:55:07.047   201   626 E RILC    : Send Response to RIL_SOCKET_1
11-24 21:55:07.047  1229  1370 D RILJ    : [3897]< RIL_REQUEST_GSM_BROADCAST_ACTIVATION  [SUB0]
11-24 21:55:07.049  1229  1246 D SubscriptionController: [getActiveSubInfoList]+
11-24 21:55:07.050  1229  1246 D SubscriptionController: selection:sim_id>=0 null
11-24 21:55:07.057  1229  1246 D TelephonyManager: getTelephonyProperty: return propVal='cn' phoneId=0 property='gsm.sim.operator.iso-country' defaultVal='' prop=cn
11-24 21:55:07.057  1229  1246 D SubscriptionController: [getSubInfoRecord] id:1 iccid:DUMMY_NV_ID simSlotIndex:0 displayName:CARD 1 nameSource:0 iconTint:-16746133 dataRoaming:0 mcc:460 mnc:1 countIso:cn status:1 nwMode:10
11-24 21:55:07.060  1229  1246 D SubscriptionController: [getActiveSubInfoList]- 1 infos return
11-24 21:55:07.062  1229  1785 D RILJ    : [3898]> RIL_REQUEST_CDMA_SET_BROADCAST_CONFIG with 1 configs :  [SUB0]
11-24 21:55:07.062  1229  1785 D RILJ    : CdmaSmsBroadcastConfigInfo: Id [4098, 4098] ENABLED [SUB0]
11-24 21:55:07.066   201   626 D RILC    : RequestComplete, RIL_SOCKET_1
11-24 21:55:07.066   201   626 E RILC    : Send Response to RIL_SOCKET_1
11-24 21:55:07.066  1229  1370 D RilRequest: [3898]< RIL_REQUEST_CDMA_SET_BROADCAST_CONFIG error: com.android.internal.telephony.CommandException: GENERIC_FAILURE ret=
11-24 21:55:07.069  1229  1245 D SubscriptionController: [getActiveSubInfoList]+
11-24 21:55:07.070  1229  1245 D SubscriptionController: selection:sim_id>=0 null
11-24 21:55:07.076  1229  1245 D TelephonyManager: getTelephonyProperty: return propVal='cn' phoneId=0 property='gsm.sim.operator.iso-country' defaultVal='' prop=cn
11-24 21:55:07.076  1229  1245 D SubscriptionController: [getSubInfoRecord] id:1 iccid:DUMMY_NV_ID simSlotIndex:0 displayName:CARD 1 nameSource:0 iconTint:-16746133 dataRoaming:0 mcc:460 mnc:1 countIso:cn status:1 nwMode:10
11-24 21:55:07.079  1229  1245 D SubscriptionController: [getActiveSubInfoList]- 1 infos return
11-24 21:55:07.081  1229  1715 D RILJ    : [3899]> RIL_REQUEST_GSM_BROADCAST_ACTIVATION [SUB0]
11-24 21:55:07.082   201   626 D RILC    : RequestComplete, RIL_SOCKET_1
11-24 21:55:07.082   201   626 E RILC    : Send Response to RIL_SOCKET_1
11-24 21:55:07.083  1229  1370 D RILJ    : [3899]< RIL_REQUEST_GSM_BROADCAST_ACTIVATION  [SUB0]
11-24 21:55:07.085  1229  1246 D SubscriptionController: [getActiveSubInfoList]+
11-24 21:55:07.085  1229  1246 D SubscriptionController: selection:sim_id>=0 null
11-24 21:55:07.092  1229  1246 D TelephonyManager: getTelephonyProperty: return propVal='cn' phoneId=0 property='gsm.sim.operator.iso-country' defaultVal='' prop=cn
11-24 21:55:07.092  1229  1246 D SubscriptionController: [getSubInfoRecord] id:1 iccid:DUMMY_NV_ID simSlotIndex:0 displayName:CARD 1 nameSource:0 iconTint:-16746133 dataRoaming:0 mcc:460 mnc:1 countIso:cn status:1 nwMode:10
11-24 21:55:07.095  1229  1246 D SubscriptionController: [getActiveSubInfoList]- 1 infos return
11-24 21:55:07.096  1229  1785 D RILJ    : [3900]> RIL_REQUEST_CDMA_SET_BROADCAST_CONFIG with 1 configs :  [SUB0]
11-24 21:55:07.096  1229  1785 D RILJ    : CdmaSmsBroadcastConfigInfo: Id [4099, 4099] ENABLED [SUB0]
11-24 21:55:07.097   201   626 D RILC    : RequestComplete, RIL_SOCKET_1
11-24 21:55:07.097   201   626 E RILC    : Send Response to RIL_SOCKET_1
11-24 21:55:07.098  1229  1370 D RilRequest: [3900]< RIL_REQUEST_CDMA_SET_BROADCAST_CONFIG error: com.android.internal.telephony.CommandException: GENERIC_FAILURE ret=
11-24 21:55:07.100  1229  1245 D SubscriptionController: [getActiveSubInfoList]+
11-24 21:55:07.100  1229  1245 D SubscriptionController: selection:sim_id>=0 null
11-24 21:55:07.109  1229  1245 D TelephonyManager: getTelephonyProperty: return propVal='cn' phoneId=0 property='gsm.sim.operator.iso-country' defaultVal='' prop=cn
11-24 21:55:07.109  1229  1245 D SubscriptionController: [getSubInfoRecord] id:1 iccid:DUMMY_NV_ID simSlotIndex:0 displayName:CARD 1 nameSource:0 iconTint:-16746133 dataRoaming:0 mcc:460 mnc:1 countIso:cn status:1 nwMode:10
11-24 21:55:07.115  1229  1245 D SubscriptionController: [getActiveSubInfoList]- 1 infos return
11-24 21:55:07.117  1229  1715 D RILJ    : [3901]> RIL_REQUEST_GSM_BROADCAST_ACTIVATION [SUB0]
11-24 21:55:07.122   201   626 D RILC    : RequestComplete, RIL_SOCKET_1
11-24 21:55:07.122   201   626 E RILC    : Send Response to RIL_SOCKET_1
11-24 21:55:07.123  1229  1370 D RILJ    : [3901]< RIL_REQUEST_GSM_BROADCAST_ACTIVATION  [SUB0]
11-24 21:55:07.128  1229  1246 D SubscriptionController: [getActiveSubInfoList]+
11-24 21:55:07.129  1229  1246 D SubscriptionController: selection:sim_id>=0 null
11-24 21:55:07.136  1229  1246 D TelephonyManager: getTelephonyProperty: return propVal='cn' phoneId=0 property='gsm.sim.operator.iso-country' defaultVal='' prop=cn
11-24 21:55:07.136  1229  1246 D SubscriptionController: [getSubInfoRecord] id:1 iccid:DUMMY_NV_ID simSlotIndex:0 displayName:CARD 1 nameSource:0 iconTint:-16746133 dataRoaming:0 mcc:460 mnc:1 countIso:cn status:1 nwMode:10
11-24 21:55:07.140  1229  1246 D SubscriptionController: [getActiveSubInfoList]- 1 infos return
11-24 21:55:07.142  1229  1785 D RILJ    : [3902]> RIL_REQUEST_CDMA_SET_BROADCAST_CONFIG with 1 configs :  [SUB0]
11-24 21:55:07.142  1229  1785 D RILJ    : CdmaSmsBroadcastConfigInfo: Id [4096, 4096] ENABLED [SUB0]
11-24 21:55:07.147   201   626 D RILC    : RequestComplete, RIL_SOCKET_1
11-24 21:55:07.147   201   626 E RILC    : Send Response to RIL_SOCKET_1
11-24 21:55:07.147  1229  1370 D RilRequest: [3902]< RIL_REQUEST_CDMA_SET_BROADCAST_CONFIG error: com.android.internal.telephony.CommandException: GENERIC_FAILURE ret=
11-24 21:55:07.151  1229  1245 D SubscriptionController: [getActiveSubInfoList]+
11-24 21:55:07.151  1229  1245 D SubscriptionController: selection:sim_id>=0 null
11-24 21:55:07.157  1229  1245 D TelephonyManager: getTelephonyProperty: return propVal='cn' phoneId=0 property='gsm.sim.operator.iso-country' defaultVal='' prop=cn
11-24 21:55:07.158  1229  1245 D SubscriptionController: [getSubInfoRecord] id:1 iccid:DUMMY_NV_ID simSlotIndex:0 displayName:CARD 1 nameSource:0 iconTint:-16746133 dataRoaming:0 mcc:460 mnc:1 countIso:cn status:1 nwMode:10
11-24 21:55:07.162  1229  1245 D SubscriptionController: [getActiveSubInfoList]- 1 infos return
11-24 21:55:07.165  1229  1715 D RILJ    : [3903]> RIL_REQUEST_GSM_BROADCAST_ACTIVATION [SUB0]
11-24 21:55:07.171   201   626 D RILC    : RequestComplete, RIL_SOCKET_1
11-24 21:55:07.171   201   626 E RILC    : Send Response to RIL_SOCKET_1
11-24 21:55:07.172  1229  1370 D RILJ    : [3903]< RIL_REQUEST_GSM_BROADCAST_ACTIVATION  [SUB0]
11-24 21:55:07.177  1229  1246 D SubscriptionController: [getActiveSubInfoList]+
11-24 21:55:07.178  1229  1246 D SubscriptionController: selection:sim_id>=0 null
11-24 21:55:07.187  1229  1246 D TelephonyManager: getTelephonyProperty: return propVal='cn' phoneId=0 property='gsm.sim.operator.iso-country' defaultVal='' prop=cn
11-24 21:55:07.187  1229  1246 D SubscriptionController: [getSubInfoRecord] id:1 iccid:DUMMY_NV_ID simSlotIndex:0 displayName:CARD 1 nameSource:0 iconTint:-16746133 dataRoaming:0 mcc:460 mnc:1 countIso:cn status:1 nwMode:10
11-24 21:55:07.192  1229  1246 D SubscriptionController: [getActiveSubInfoList]- 1 infos return
11-24 21:55:07.198  2331  2455 D TelephonyManager: getTelephonyProperty: return propVal='cn' phoneId=0 property='gsm.sim.operator.iso-country' defaultVal='' prop=cn
11-24 21:55:07.201  2331  2455 D TelephonyManager: getTelephonyProperty: return propVal='cn' phoneId=0 property='gsm.operator.iso-country' defaultVal='' prop=cn
11-24 21:55:07.203  1229  1245 D SubscriptionController: [getActiveSubInfoList]+
11-24 21:55:07.204  1229  1245 D SubscriptionController: selection:sim_id>=0 null
11-24 21:55:07.211  1229  1245 D TelephonyManager: getTelephonyProperty: return propVal='cn' phoneId=0 property='gsm.sim.operator.iso-country' defaultVal='' prop=cn
11-24 21:55:07.211  1229  1245 D SubscriptionController: [getSubInfoRecord] id:1 iccid:DUMMY_NV_ID simSlotIndex:0 displayName:CARD 1 nameSource:0 iconTint:-16746133 dataRoaming:0 mcc:460 mnc:1 countIso:cn status:1 nwMode:10
11-24 21:55:07.216  1229  1245 D SubscriptionController: [getActiveSubInfoList]- 1 infos return
11-24 21:55:07.222  1229  1246 D SubscriptionController: [getActiveSubInfoList]+
11-24 21:55:07.222  1229  1246 D SubscriptionController: selection:sim_id>=0 null
11-24 21:55:07.239  1229  1246 D TelephonyManager: getTelephonyProperty: return propVal='cn' phoneId=0 property='gsm.sim.operator.iso-country' defaultVal='' prop=cn
11-24 21:55:07.239  1229  1246 D SubscriptionController: [getSubInfoRecord] id:1 iccid:DUMMY_NV_ID simSlotIndex:0 displayName:CARD 1 nameSource:0 iconTint:-16746133 dataRoaming:0 mcc:460 mnc:1 countIso:cn status:1 nwMode:10
11-24 21:55:07.246  1229  1246 D SubscriptionController: [getActiveSubInfoList]- 1 infos return
11-24 21:55:07.253  1229  1245 D SubscriptionController: [getActiveSubInfoList]+
11-24 21:55:07.254  1229  1245 D SubscriptionController: selection:sim_id>=0 null
11-24 21:55:07.264  1229  1245 D TelephonyManager: getTelephonyProperty: return propVal='cn' phoneId=0 property='gsm.sim.operator.iso-country' defaultVal='' prop=cn
11-24 21:55:07.264  1229  1245 D SubscriptionController: [getSubInfoRecord] id:1 iccid:DUMMY_NV_ID simSlotIndex:0 displayName:CARD 1 nameSource:0 iconTint:-16746133 dataRoaming:0 mcc:460 mnc:1 countIso:cn status:1 nwMode:10
11-24 21:55:07.270  1229  1245 D SubscriptionController: [getActiveSubInfoList]- 1 infos return
11-24 21:55:07.275  1229  1246 D SubscriptionController: [getActiveSubInfoList]+
11-24 21:55:07.276  1229  1246 D SubscriptionController: selection:sim_id>=0 null
11-24 21:55:07.283  1229  1246 D TelephonyManager: getTelephonyProperty: return propVal='cn' phoneId=0 property='gsm.sim.operator.iso-country' defaultVal='' prop=cn
11-24 21:55:07.283  1229  1246 D SubscriptionController: [getSubInfoRecord] id:1 iccid:DUMMY_NV_ID simSlotIndex:0 displayName:CARD 1 nameSource:0 iconTint:-16746133 dataRoaming:0 mcc:460 mnc:1 countIso:cn status:1 nwMode:10
11-24 21:55:07.289  1229  1246 D SubscriptionController: [getActiveSubInfoList]- 1 infos return
11-24 21:55:10.594   201   341 I RILC    : RIL_SOCKET_1 UNSOLICITED: UNSOL_SIGNAL_STRENGTH length:60
11-24 21:55:10.594   201   341 E RILC    : Send Response to RIL_SOCKET_1
11-24 21:55:10.596  1229  1229 D DefaultPhoneNotifier: notifySignalStrength: mRegistry=com.android.internal.telephony.ITelephonyRegistry$Stub$Proxy@1467cb6c ss=SignalStrength: 99 0 -120 -160 -120 -1 -1 25 -90 -6 300 2147483647 2147483647 gsm|lte sender=Handler (com.android.internal.telephony.gsm.GSMPhone) {23116ad0}
11-24 21:55:11.193  1229  1229 D CAT     : StkAppService: 2called on slot:0
11-24 21:55:11.194  1229  1827 D CAT     : StkAppService$ServiceHandler: RES_ID_TIMEOUT
11-24 21:55:11.194  1229  1827 D CAT     : StkAppService$ServiceHandler: CmdResponse sent on0
11-24 21:55:11.195  1229  1827 D CAT     : StkAppService$ServiceHandler: DISPLAY_TEXT
11-24 21:55:11.235  1229  1229 D CAT     : CatService: handleMessage[6]
11-24 21:55:11.235  1229  1229 D CAT     : CatService: isResponse for last valid cmd: true
11-24 21:55:11.235  1229  1229 D CAT     : CatService: encodeOptionalTags() Unsupported Cmd details=CmdDetails: compRequired=true commandNumber=1 typeOfCommand=33 commandQualifier=1
11-24 21:55:11.235  1229  1229 D RILJ    : [3904]> REQUEST_STK_SEND_TERMINAL_RESPONSE [SUB0]
11-24 21:55:11.245   201   337 D RILC    : RequestComplete, RIL_SOCKET_1
11-24 21:55:11.245   201   337 E RILC    : Send Response to RIL_SOCKET_1
11-24 21:55:11.245   201   341 I RILC    : RIL_SOCKET_1 UNSOLICITED: UNSOL_STK_SESSION_END length:8
11-24 21:55:11.246   201   341 E RILC    : Send Response to RIL_SOCKET_1
11-24 21:55:11.246  1229  1370 D RILJ    : [3904]< REQUEST_STK_SEND_TERMINAL_RESPONSE  [SUB0]
11-24 21:55:11.246  1229  1370 D RILJ    : [UNSL]< UNSOL_STK_SESSION_END [SUB0]
11-24 21:55:11.250  1229  1229 D CAT     : CatService: handleMessage[1]
11-24 21:55:11.250  1229  1229 D CAT     : CatService: ril message arrived,slotid:0
11-24 21:55:11.251  1229  1229 D CAT     : CatService: handleMessage[9]
11-24 21:55:11.251  1229  1229 D CAT     : CatService: SESSION END on 0
11-24 21:55:11.254  1229  1229 D CAT     : StkAppService: 4called on slot:0
11-24 21:55:12.758  1229  1229 E CdmaSST : [CdmaLteSST] Received message { when=-7ms what=10 target=com.android.internal.telephony.cdma.CdmaLteServiceStateTracker }[10] while being destroyed. Ignoring.
11-24 21:55:12.830   201   341 I RILC    : RIL_SOCKET_1 UNSOLICITED: UNSOL_SIGNAL_STRENGTH length:60
11-24 21:55:12.830   201   341 E RILC    : Send Response to RIL_SOCKET_1
11-24 21:55:12.830  1229  1229 D DefaultPhoneNotifier: notifySignalStrength: mRegistry=com.android.internal.telephony.ITelephonyRegistry$Stub$Proxy@1467cb6c ss=SignalStrength: 99 0 -120 -160 -120 -1 -1 25 -90 -8 300 2147483647 2147483647 gsm|lte sender=Handler (com.android.internal.telephony.gsm.GSMPhone) {23116ad0}
11-24 21:55:12.930  1229  1561 D DctController: handleMessage msg={ when=-7ms what=3 obj=com.android.internal.os.SomeArgs@616cf86 target=com.android.internal.telephony.dataconnection.DctController }
11-24 21:55:12.930  1229  1561 D DctController: EVENT_DELAYED_RETRY
11-24 21:55:12.930  1229  1561 D DctController:  Retry, switchInfo = SwitchInfo[phoneId = 0, NetworkRequest =null, isDefaultSwitchRequested = true, isOnDemandPsAttachRequested = false, RetryCount = 2
11-24 21:55:12.930  1229  1561 D GsmDCT  : [0]setDataAllowed: enable=true
11-24 21:55:12.930  1229  1561 D RILJ    : [3905]> RIL_REQUEST_ALLOW_DATA true [SUB0]
11-24 21:55:12.931   201   337 D RILC    : RequestComplete, RIL_SOCKET_1
11-24 21:55:12.931   201   337 E RILC    : Send Response to RIL_SOCKET_1
11-24 21:55:12.931  1229  1370 D RilRequest: [3905]< RIL_REQUEST_ALLOW_DATA error: com.android.internal.telephony.CommandException: REQUEST_NOT_SUPPORTED ret=
11-24 21:55:12.931  1229  1561 D DctController: handleMessage msg={ when=0 what=2 obj=android.os.AsyncResult@25d2cb41 target=com.android.internal.telephony.dataconnection.DctController }
11-24 21:55:12.931  1229  1561 D DctController: EVENT_SET_DATA_ALLOWED_DONE  phoneId :1, switchInfo = SwitchInfo[phoneId = 0, NetworkRequest =null, isDefaultSwitchRequested = true, isOnDemandPsAttachRequested = false, RetryCount = 2
11-24 21:55:12.931  1229  1561 D DctController: Failed, switchInfo = SwitchInfo[phoneId = 0, NetworkRequest =null, isDefaultSwitchRequested = true, isOnDemandPsAttachRequested = false, RetryCount = 2 attempt delayed retry
11-24 21:55:13.188  1229  1561 D DctController: handleMessage msg={ when=0 what=3 obj=com.android.internal.os.SomeArgs@2ad9d074 target=com.android.internal.telephony.dataconnection.DctController }
11-24 21:55:13.188  1229  1561 D DctController: EVENT_DELAYED_RETRY
11-24 21:55:13.188  1229  1561 D DctController:  Retry, switchInfo = SwitchInfo[phoneId = 0, NetworkRequest =null, isDefaultSwitchRequested = true, isOnDemandPsAttachRequested = false, RetryCount = 2
11-24 21:55:13.188  1229  1561 D GsmDCT  : [0]setDataAllowed: enable=true
11-24 21:55:13.188  1229  1561 D RILJ    : [3906]> RIL_REQUEST_ALLOW_DATA true [SUB0]
11-24 21:55:13.189   201   337 D RILC    : RequestComplete, RIL_SOCKET_1
11-24 21:55:13.189   201   337 E RILC    : Send Response to RIL_SOCKET_1
11-24 21:55:13.189  1229  1370 D RilRequest: [3906]< RIL_REQUEST_ALLOW_DATA error: com.android.internal.telephony.CommandException: REQUEST_NOT_SUPPORTED ret=
11-24 21:55:13.190  1229  1561 D DctController: handleMessage msg={ when=0 what=2 obj=android.os.AsyncResult@9f488e6 target=com.android.internal.telephony.dataconnection.DctController }
11-24 21:55:13.190  1229  1561 D DctController: EVENT_SET_DATA_ALLOWED_DONE  phoneId :1, switchInfo = SwitchInfo[phoneId = 0, NetworkRequest =null, isDefaultSwitchRequested = true, isOnDemandPsAttachRequested = false, RetryCount = 2
11-24 21:55:13.190  1229  1561 D DctController: Failed, switchInfo = SwitchInfo[phoneId = 0, NetworkRequest =null, isDefaultSwitchRequested = true, isOnDemandPsAttachRequested = false, RetryCount = 2 attempt delayed retry
11-24 21:55:13.355  1229  1229 D RILJ    : [3907]> SIGNAL_STRENGTH [SUB0]
11-24 21:55:13.356   201  2528 D RILC    : RequestComplete, RIL_SOCKET_1
11-24 21:55:13.356   201  2528 E RILC    : Send Response to RIL_SOCKET_1
11-24 21:55:13.356  1229  1370 D RILJ    : [3907]< SIGNAL_STRENGTH SignalStrength: 99 0 -1 -1 -1 -1 -1 25 90 8 300 2147483647 2147483647 gsm|lte [SUB0]
11-24 21:55:13.357  1229  1229 D DefaultPhoneNotifier: notifySignalStrength: mRegistry=com.android.internal.telephony.ITelephonyRegistry$Stub$Proxy@1467cb6c ss=SignalStrength: 99 0 -120 -160 -120 -1 -1 25 -90 -8 300 2147483647 2147483647 gsm|lte sender=Handler (com.android.internal.telephony.gsm.GSMPhone) {23116ad0}
11-24 21:55:17.315   201   341 I RILC    : RIL_SOCKET_1 UNSOLICITED: UNSOL_SIGNAL_STRENGTH length:60
11-24 21:55:17.315   201   341 E RILC    : Send Response to RIL_SOCKET_1
11-24 21:55:17.317  1229  1229 D DefaultPhoneNotifier: notifySignalStrength: mRegistry=com.android.internal.telephony.ITelephonyRegistry$Stub$Proxy@1467cb6c ss=SignalStrength: 99 0 -120 -160 -120 -1 -1 25 -90 -7 300 2147483647 2147483647 gsm|lte sender=Handler (com.android.internal.telephony.gsm.GSMPhone) {23116ad0}
11-24 21:55:19.554   201   341 I RILC    : RIL_SOCKET_1 UNSOLICITED: UNSOL_SIGNAL_STRENGTH length:60
11-24 21:55:19.554   201   341 E RILC    : Send Response to RIL_SOCKET_1
11-24 21:55:19.556  1229  1229 D DefaultPhoneNotifier: notifySignalStrength: mRegistry=com.android.internal.telephony.ITelephonyRegistry$Stub$Proxy@1467cb6c ss=SignalStrength: 99 0 -120 -160 -120 -1 -1 25 -90 -6 300 2147483647 2147483647 gsm|lte sender=Handler (com.android.internal.telephony.gsm.GSMPhone) {23116ad0}
11-24 21:55:21.788   201   341 I RILC    : RIL_SOCKET_1 UNSOLICITED: UNSOL_SIGNAL_STRENGTH length:60
11-24 21:55:21.788   201   341 E RILC    : Send Response to RIL_SOCKET_1
11-24 21:55:21.789  1229  1229 D DefaultPhoneNotifier: notifySignalStrength: mRegistry=com.android.internal.telephony.ITelephonyRegistry$Stub$Proxy@1467cb6c ss=SignalStrength: 99 0 -120 -160 -120 -1 -1 26 -88 -6 300 2147483647 2147483647 gsm|lte sender=Handler (com.android.internal.telephony.gsm.GSMPhone) {23116ad0}
11-24 21:55:22.940  1229  1561 D DctController: handleMessage msg={ when=-9ms what=3 obj=com.android.internal.os.SomeArgs@616cf86 target=com.android.internal.telephony.dataconnection.DctController }
11-24 21:55:22.940  1229  1561 D DctController: EVENT_DELAYED_RETRY
11-24 21:55:22.940  1229  1561 D DctController:  Retry, switchInfo = SwitchInfo[phoneId = 0, NetworkRequest =null, isDefaultSwitchRequested = true, isOnDemandPsAttachRequested = false, RetryCount = 3
11-24 21:55:22.940  1229  1561 D GsmDCT  : [0]setDataAllowed: enable=true
11-24 21:55:22.940  1229  1561 D RILJ    : [3908]> RIL_REQUEST_ALLOW_DATA true [SUB0]
11-24 21:55:22.941   201   337 D RILC    : RequestComplete, RIL_SOCKET_1
11-24 21:55:22.941   201   337 E RILC    : Send Response to RIL_SOCKET_1
11-24 21:55:22.941  1229  1370 D RilRequest: [3908]< RIL_REQUEST_ALLOW_DATA error: com.android.internal.telephony.CommandException: REQUEST_NOT_SUPPORTED ret=
11-24 21:55:22.942  1229  1561 D DctController: handleMessage msg={ when=0 what=2 obj=android.os.AsyncResult@6b88e27 target=com.android.internal.telephony.dataconnection.DctController }
11-24 21:55:22.942  1229  1561 D DctController: EVENT_SET_DATA_ALLOWED_DONE  phoneId :1, switchInfo = SwitchInfo[phoneId = 0, NetworkRequest =null, isDefaultSwitchRequested = true, isOnDemandPsAttachRequested = false, RetryCount = 3
11-24 21:55:22.942  1229  1561 D DctController: Failed, switchInfo = SwitchInfo[phoneId = 0, NetworkRequest =null, isDefaultSwitchRequested = true, isOnDemandPsAttachRequested = false, RetryCount = 3 attempt delayed retry
11-24 21:55:23.190  1229  1561 D DctController: handleMessage msg={ when=-1ms what=3 obj=com.android.internal.os.SomeArgs@2ad9d074 target=com.android.internal.telephony.dataconnection.DctController }
11-24 21:55:23.190  1229  1561 D DctController: EVENT_DELAYED_RETRY
11-24 21:55:23.190  1229  1561 D DctController:  Retry, switchInfo = SwitchInfo[phoneId = 0, NetworkRequest =null, isDefaultSwitchRequested = true, isOnDemandPsAttachRequested = false, RetryCount = 3
11-24 21:55:23.190  1229  1561 D GsmDCT  : [0]setDataAllowed: enable=true
11-24 21:55:23.190  1229  1561 D RILJ    : [3909]> RIL_REQUEST_ALLOW_DATA true [SUB0]
11-24 21:55:23.191   201   337 D RILC    : RequestComplete, RIL_SOCKET_1
11-24 21:55:23.191   201   337 E RILC    : Send Response to RIL_SOCKET_1
11-24 21:55:23.192  1229  1370 D RilRequest: [3909]< RIL_REQUEST_ALLOW_DATA error: com.android.internal.telephony.CommandException: REQUEST_NOT_SUPPORTED ret=
11-24 21:55:23.192  1229  1561 D DctController: handleMessage msg={ when=0 what=2 obj=android.os.AsyncResult@310e98d4 target=com.android.internal.telephony.dataconnection.DctController }
11-24 21:55:23.192  1229  1561 D DctController: EVENT_SET_DATA_ALLOWED_DONE  phoneId :1, switchInfo = SwitchInfo[phoneId = 0, NetworkRequest =null, isDefaultSwitchRequested = true, isOnDemandPsAttachRequested = false, RetryCount = 3
11-24 21:55:23.192  1229  1561 D DctController: Failed, switchInfo = SwitchInfo[phoneId = 0, NetworkRequest =null, isDefaultSwitchRequested = true, isOnDemandPsAttachRequested = false, RetryCount = 3 attempt delayed retry
11-24 21:55:25.199  1229  1245 D GsmDCT  : [0]fetchDunApn: net.tethering.noprovisioning=true ret: null
11-24 21:55:25.199  1229  1245 D GsmDCT  : [0]hasMatchedTetherApnSetting: APN=null
11-24 21:55:25.348   201   341 I RILC    : RIL_SOCKET_1 UNSOLICITED: UNSOL_SIGNAL_STRENGTH length:60
11-24 21:55:25.348   201   341 E RILC    : Send Response to RIL_SOCKET_1
11-24 21:55:25.348  1229  1229 D DefaultPhoneNotifier: notifySignalStrength: mRegistry=com.android.internal.telephony.ITelephonyRegistry$Stub$Proxy@1467cb6c ss=SignalStrength: 99 0 -120 -160 -120 -1 -1 26 -86 -5 300 2147483647 2147483647 gsm|lte sender=Handler (com.android.internal.telephony.gsm.GSMPhone) {23116ad0}
11-24 21:55:25.985  1229  1229 D CAT     : StkAppService: 2called on slot:0
11-24 21:55:25.986  1229  1827 D CAT     : StkAppService$ServiceHandler: RES_ID_CONFIRM
11-24 21:55:25.986  1229  1827 D CAT     : StkAppService$ServiceHandler: CmdResponse sent on0
11-24 21:55:26.004  1229  1229 D CAT     : CatService: handleMessage[6]
11-24 21:55:26.004  1229  1229 D CAT     : CatService: isResponse for last valid cmd: false
11-24 21:55:28.894   201   341 I RILC    : RIL_SOCKET_1 UNSOLICITED: UNSOL_SIGNAL_STRENGTH length:60
11-24 21:55:28.894   201   341 E RILC    : Send Response to RIL_SOCKET_1
11-24 21:55:28.896  1229  1229 D DefaultPhoneNotifier: notifySignalStrength: mRegistry=com.android.internal.telephony.ITelephonyRegistry$Stub$Proxy@1467cb6c ss=SignalStrength: 99 0 -120 -160 -120 -1 -1 25 -88 -5 300 2147483647 2147483647 gsm|lte sender=Handler (com.android.internal.telephony.gsm.GSMPhone) {23116ad0}
11-24 21:55:32.743   201   341 I RILC    : RIL_SOCKET_1 UNSOLICITED: UNSOL_SIGNAL_STRENGTH length:60
11-24 21:55:32.743   201   341 E RILC    : Send Response to RIL_SOCKET_1
11-24 21:55:32.743  1229  1229 D DefaultPhoneNotifier: notifySignalStrength: mRegistry=com.android.internal.telephony.ITelephonyRegistry$Stub$Proxy@1467cb6c ss=SignalStrength: 99 0 -120 -160 -120 -1 -1 24 -98 -10 300 2147483647 2147483647 gsm|lte sender=Handler (com.android.internal.telephony.gsm.GSMPhone) {23116ad0}
11-24 21:55:32.950  1229  1561 D DctController: handleMessage msg={ when=-9ms what=3 obj=com.android.internal.os.SomeArgs@616cf86 target=com.android.internal.telephony.dataconnection.DctController }
11-24 21:55:32.950  1229  1561 D DctController: EVENT_DELAYED_RETRY
11-24 21:55:32.950  1229  1561 D DctController:  Retry, switchInfo = SwitchInfo[phoneId = 0, NetworkRequest =null, isDefaultSwitchRequested = true, isOnDemandPsAttachRequested = false, RetryCount = 4
11-24 21:55:32.950  1229  1561 D GsmDCT  : [0]setDataAllowed: enable=true
11-24 21:55:32.950  1229  1561 D RILJ    : [3910]> RIL_REQUEST_ALLOW_DATA true [SUB0]
11-24 21:55:32.952   201   337 D RILC    : RequestComplete, RIL_SOCKET_1
11-24 21:55:32.952   201   337 E RILC    : Send Response to RIL_SOCKET_1
11-24 21:55:32.952  1229  1370 D RilRequest: [3910]< RIL_REQUEST_ALLOW_DATA error: com.android.internal.telephony.CommandException: REQUEST_NOT_SUPPORTED ret=
11-24 21:55:32.952  1229  1561 D DctController: handleMessage msg={ when=-1ms what=2 obj=android.os.AsyncResult@2f671b1f target=com.android.internal.telephony.dataconnection.DctController }
11-24 21:55:32.952  1229  1561 D DctController: EVENT_SET_DATA_ALLOWED_DONE  phoneId :1, switchInfo = SwitchInfo[phoneId = 0, NetworkRequest =null, isDefaultSwitchRequested = true, isOnDemandPsAttachRequested = false, RetryCount = 4
11-24 21:55:32.952  1229  1561 D DctController: Failed, switchInfo = SwitchInfo[phoneId = 0, NetworkRequest =null, isDefaultSwitchRequested = true, isOnDemandPsAttachRequested = false, RetryCount = 4 attempt delayed retry
11-24 21:55:33.192  1229  1561 D DctController: handleMessage msg={ when=0 what=3 obj=com.android.internal.os.SomeArgs@2ad9d074 target=com.android.internal.telephony.dataconnection.DctController }
11-24 21:55:33.192  1229  1561 D DctController: EVENT_DELAYED_RETRY
11-24 21:55:33.192  1229  1561 D DctController:  Retry, switchInfo = SwitchInfo[phoneId = 0, NetworkRequest =null, isDefaultSwitchRequested = true, isOnDemandPsAttachRequested = false, RetryCount = 4
11-24 21:55:33.193  1229  1561 D GsmDCT  : [0]setDataAllowed: enable=true
11-24 21:55:33.193  1229  1561 D RILJ    : [3911]> RIL_REQUEST_ALLOW_DATA true [SUB0]
11-24 21:55:33.193   201   337 D RILC    : RequestComplete, RIL_SOCKET_1
11-24 21:55:33.193   201   337 E RILC    : Send Response to RIL_SOCKET_1
11-24 21:55:33.194  1229  1370 D RilRequest: [3911]< RIL_REQUEST_ALLOW_DATA error: com.android.internal.telephony.CommandException: REQUEST_NOT_SUPPORTED ret=
11-24 21:55:33.194  1229  1561 D DctController: handleMessage msg={ when=-1ms what=2 obj=android.os.AsyncResult@32242e6c target=com.android.internal.telephony.dataconnection.DctController }
11-24 21:55:33.194  1229  1561 D DctController: EVENT_SET_DATA_ALLOWED_DONE  phoneId :1, switchInfo = SwitchInfo[phoneId = 0, NetworkRequest =null, isDefaultSwitchRequested = true, isOnDemandPsAttachRequested = false, RetryCount = 4
11-24 21:55:33.194  1229  1561 D DctController: Failed, switchInfo = SwitchInfo[phoneId = 0, NetworkRequest =null, isDefaultSwitchRequested = true, isOnDemandPsAttachRequested = false, RetryCount = 4 attempt delayed retry
11-24 21:55:36.591   201   341 I RILC    : RIL_SOCKET_1 UNSOLICITED: UNSOL_SIGNAL_STRENGTH length:60
11-24 21:55:36.591   201   341 E RILC    : Send Response to RIL_SOCKET_1
11-24 21:55:36.594  1229  1229 D DefaultPhoneNotifier: notifySignalStrength: mRegistry=com.android.internal.telephony.ITelephonyRegistry$Stub$Proxy@1467cb6c ss=SignalStrength: 99 0 -120 -160 -120 -1 -1 21 -97 -7 300 2147483647 2147483647 gsm|lte sender=Handler (com.android.internal.telephony.gsm.GSMPhone) {23116ad0}
11-24 21:55:40.424   201   341 I RILC    : RIL_SOCKET_1 UNSOLICITED: UNSOL_SIGNAL_STRENGTH length:60
11-24 21:55:40.425   201   341 E RILC    : Send Response to RIL_SOCKET_1
11-24 21:55:40.425  1229  1229 D DefaultPhoneNotifier: notifySignalStrength: mRegistry=com.android.internal.telephony.ITelephonyRegistry$Stub$Proxy@1467cb6c ss=SignalStrength: 99 0 -120 -160 -120 -1 -1 21 -97 -7 300 2147483647 2147483647 gsm|lte sender=Handler (com.android.internal.telephony.gsm.GSMPhone) {23116ad0}
11-24 21:55:42.953  1229  1561 D DctController: handleMessage msg={ when=-1ms what=3 obj=com.android.internal.os.SomeArgs@616cf86 target=com.android.internal.telephony.dataconnection.DctController }
11-24 21:55:42.954  1229  1561 D DctController: EVENT_DELAYED_RETRY
11-24 21:55:42.954  1229  1561 D DctController:  Retry, switchInfo = SwitchInfo[phoneId = 0, NetworkRequest =null, isDefaultSwitchRequested = true, isOnDemandPsAttachRequested = false, RetryCount = 5
11-24 21:55:42.954  1229  1561 D GsmDCT  : [0]setDataAllowed: enable=true
11-24 21:55:42.954  1229  1561 D RILJ    : [3912]> RIL_REQUEST_ALLOW_DATA true [SUB0]
11-24 21:55:42.955   201   337 D RILC    : RequestComplete, RIL_SOCKET_1
11-24 21:55:42.955   201   337 E RILC    : Send Response to RIL_SOCKET_1
11-24 21:55:42.955  1229  1370 D RilRequest: [3912]< RIL_REQUEST_ALLOW_DATA error: com.android.internal.telephony.CommandException: REQUEST_NOT_SUPPORTED ret=
11-24 21:55:42.955  1229  1561 D DctController: handleMessage msg={ when=-1ms what=2 obj=android.os.AsyncResult@34cb4f17 target=com.android.internal.telephony.dataconnection.DctController }
11-24 21:55:42.955  1229  1561 D DctController: EVENT_SET_DATA_ALLOWED_DONE  phoneId :1, switchInfo = SwitchInfo[phoneId = 0, NetworkRequest =null, isDefaultSwitchRequested = true, isOnDemandPsAttachRequested = false, RetryCount = 5
11-24 21:55:42.955  1229  1561 D DctController: Failed, switchInfo = SwitchInfo[phoneId = 0, NetworkRequest =null, isDefaultSwitchRequested = true, isOnDemandPsAttachRequested = false, RetryCount = 5 attempt delayed retry
11-24 21:55:42.955  1229  1561 D DctController: Already did max retries, notify failure
11-24 21:55:42.955  1229  1561 D DdsSwitchSerializer: unLock the DdsSwitchSerializer
11-24 21:55:42.955  1229  1561 D DdsSwitchSerializer: unLocked the DdsSwitchSerializer
11-24 21:55:42.955  1229  1229 D SubscriptionController: EVENT_SET_DEFAULT_DATA_DONE subId:1
11-24 21:55:42.955  1229  1229 D SubscriptionController:  updateDataSubId,  subId=1 exception java.lang.RuntimeException: PS ATTACH failed
11-24 21:55:42.955  1229  1229 D DdsScheduler: mCurrentDds = 1
11-24 21:55:42.956  1229  1229 D SubscriptionController: [broadcastDefaultDataSubIdChanged] subId=1
11-24 21:55:42.956  1229  1229 D SubscriptionController: [updateAllDataConnectionTrackers] sProxyPhones.length=1
11-24 21:55:42.956  1229  1229 D SubscriptionController: [updateAllDataConnectionTrackers] phoneId=0
11-24 21:55:42.957  1229  1229 D PhoneProxy: [PhoneProxy] Updating Data Connection Tracker
11-24 21:55:42.957  1229  1229 D GsmDCT  : [0]update sub = 1
11-24 21:55:42.957  1229  1229 D GsmDCT  : [0]update(): Active DDS, register for all events now!
11-24 21:55:42.957  1229  1229 D GsmDCT  : [0]updateSimRecords: newSimRecords = SimRecords: mDestroyed=false mContext=com.android.phone.PhoneGlobals@90355ed mCi=com.android.internal.telephony.RIL@8d85b36 mFh=Handler (com.android.internal.telephony.uicc.UsimFileHandler) {3ce7fc22} mParentApp=com.android.internal.telephony.uicc.UiccCardApplication@1e4e6b3 mSpnOverride=mSpnOverride recordsLoadedRegistrants=android.os.RegistrantList@2e32f470 mImsiReadyRegistrants=android.os.RegistrantList@30cc63e9 mRecordsEventsRegistrants=android.os.RegistrantList@3cadb86e mNewSmsRegistrants=android.os.RegistrantList@173d3b0f mNetworkSelectionModeAutomaticRegistrants=android.os.RegistrantList@9aae79c recordsToLoad=0 adnCache=Handler (com.android.internal.telephony.uicc.AdnRecordCache) {2efe55a5} recordsRequested=true iccid=89860115921101579076 msisdnTag= voiceMailNum=null voiceMailTag=null newVoiceMailNum=null newVoiceMailTag=null isVoiceMailFixed=false mImsi=460011952973996 mncLength=2 mailboxIndex=0 spn= mVmConfigcom.android.internal.telephony.uicc.VoiceMailConstants@2300ed7a callForwardingEnabled=false spnState=IDLE mCphsInfo=null mCspPlmnEnabled=true efMWIS=null efCPHS_MWI=null mEfCff=null mEfCfis=null getOperatorNumeric=46001
11-24 21:55:42.957  1229  1229 D GsmDCT  : [0]onUpdateIcc: newIccRecords com.android.internal.telephony.uicc.SIMRecords
11-24 21:55:42.958  1229  1229 D GSMPhone: [GSMPhone] updateCurrentCarrierInProvider: mSubId = 1 currentDds = 1 operatorNumeric = 46001
11-24 21:55:42.986  1229  1229 D DctController: got ACTION_DEFAULT_DATA_SUBSCRIPTION_CHANGED, new DDS = 1
11-24 21:55:42.987  1229  1229 D DctController: [TNF 1]update networkCapabilites for subId = 1
11-24 21:55:42.987  1229  1229 D SubscriptionController: [getActiveSubInfoList]+
11-24 21:55:42.987  1229  1229 D SubscriptionController: selection:sim_id>=0 null
11-24 21:55:42.990  1229  1229 D TelephonyManager: getTelephonyProperty: return propVal='cn' phoneId=0 property='gsm.sim.operator.iso-country' defaultVal='' prop=cn
11-24 21:55:42.990  1229  1229 D SubscriptionController: [getSubInfoRecord] id:1 iccid:DUMMY_NV_ID simSlotIndex:0 displayName:CARD 1 nameSource:0 iconTint:-16746133 dataRoaming:0 mcc:460 mnc:1 countIso:cn status:1 nwMode:10
11-24 21:55:42.991  1229  1229 D SubscriptionController: [getActiveSubInfoList]- 1 infos return
11-24 21:55:42.991  1229  1229 D SubscriptionController: [getActiveSubInfoForSubscriber]+ subId=1 subInfo={id=1, iccId=DUMMY_NV_ID simSlotIndex=0 displayName=CARD 1 carrierName=中国联通 nameSource=0 iconTint=-16746133 dataRoaming=0 iconBitmap=android.graphics.Bitmap@3615ced mcc 460 mnc 1 mSubStatus=1 mNwMode=10}
11-24 21:55:42.991  1229  1229 D DctController: [TNF 1]INTERNET capability is with subId = 1
11-24 21:55:42.992  1229  1229 D SubscriptionController: registerForOnDemandDdsLockNotification for client=1
11-24 21:55:42.992  1229  1229 D DctController: [TNF 1]Ready to handle network requests
11-24 21:55:43.195  1229  1561 D DctController: handleMessage msg={ when=-1ms what=3 obj=com.android.internal.os.SomeArgs@2ad9d074 target=com.android.internal.telephony.dataconnection.DctController }
11-24 21:55:43.195  1229  1561 D DctController: EVENT_DELAYED_RETRY
11-24 21:55:43.195  1229  1561 D DctController:  Retry, switchInfo = SwitchInfo[phoneId = 0, NetworkRequest =null, isDefaultSwitchRequested = true, isOnDemandPsAttachRequested = false, RetryCount = 5
11-24 21:55:43.195  1229  1561 D GsmDCT  : [0]setDataAllowed: enable=true
11-24 21:55:43.195  1229  1561 D RILJ    : [3913]> RIL_REQUEST_ALLOW_DATA true [SUB0]
11-24 21:55:43.197   201   337 D RILC    : RequestComplete, RIL_SOCKET_1
11-24 21:55:43.197   201   337 E RILC    : Send Response to RIL_SOCKET_1
11-24 21:55:43.197  1229  1370 D RilRequest: [3913]< RIL_REQUEST_ALLOW_DATA error: com.android.internal.telephony.CommandException: REQUEST_NOT_SUPPORTED ret=
11-24 21:55:43.197  1229  1561 D DctController: handleMessage msg={ when=0 what=2 obj=android.os.AsyncResult@2712f722 target=com.android.internal.telephony.dataconnection.DctController }
11-24 21:55:43.197  1229  1561 D DctController: EVENT_SET_DATA_ALLOWED_DONE  phoneId :1, switchInfo = SwitchInfo[phoneId = 0, NetworkRequest =null, isDefaultSwitchRequested = true, isOnDemandPsAttachRequested = false, RetryCount = 5
11-24 21:55:43.197  1229  1561 D DctController: Failed, switchInfo = SwitchInfo[phoneId = 0, NetworkRequest =null, isDefaultSwitchRequested = true, isOnDemandPsAttachRequested = false, RetryCount = 5 attempt delayed retry
11-24 21:55:43.197  1229  1561 D DctController: Already did max retries, notify failure
11-24 21:55:43.197  1229  1561 D DdsSwitchSerializer: unLock the DdsSwitchSerializer
11-24 21:55:43.197  1229  1561 D DdsSwitchSerializer: unLocked the DdsSwitchSerializer
11-24 21:55:43.198  1229  1229 D SubscriptionController: EVENT_SET_DEFAULT_DATA_DONE subId:1
11-24 21:55:43.198  1229  1229 D SubscriptionController:  updateDataSubId,  subId=1 exception java.lang.RuntimeException: PS ATTACH failed
11-24 21:55:43.198  1229  1229 D DdsScheduler: mCurrentDds = 1
11-24 21:55:43.198  1229  1229 D SubscriptionController: [broadcastDefaultDataSubIdChanged] subId=1
11-24 21:55:43.198  1229  1229 D SubscriptionController: [updateAllDataConnectionTrackers] sProxyPhones.length=1
11-24 21:55:43.199  1229  1229 D SubscriptionController: [updateAllDataConnectionTrackers] phoneId=0
11-24 21:55:43.199  1229  1229 D PhoneProxy: [PhoneProxy] Updating Data Connection Tracker
11-24 21:55:43.199  1229  1229 D GsmDCT  : [0]update sub = 1
11-24 21:55:43.199  1229  1229 D GsmDCT  : [0]update(): Active DDS, register for all events now!
11-24 21:55:43.199  1229  1229 D GsmDCT  : [0]updateSimRecords: newSimRecords = SimRecords: mDestroyed=false mContext=com.android.phone.PhoneGlobals@90355ed mCi=com.android.internal.telephony.RIL@8d85b36 mFh=Handler (com.android.internal.telephony.uicc.UsimFileHandler) {3ce7fc22} mParentApp=com.android.internal.telephony.uicc.UiccCardApplication@1e4e6b3 mSpnOverride=mSpnOverride recordsLoadedRegistrants=android.os.RegistrantList@2e32f470 mImsiReadyRegistrants=android.os.RegistrantList@30cc63e9 mRecordsEventsRegistrants=android.os.RegistrantList@3cadb86e mNewSmsRegistrants=android.os.RegistrantList@173d3b0f mNetworkSelectionModeAutomaticRegistrants=android.os.RegistrantList@9aae79c recordsToLoad=0 adnCache=Handler (com.android.internal.telephony.uicc.AdnRecordCache) {2efe55a5} recordsRequested=true iccid=89860115921101579076 msisdnTag= voiceMailNum=null voiceMailTag=null newVoiceMailNum=null newVoiceMailTag=null isVoiceMailFixed=false mImsi=460011952973996 mncLength=2 mailboxIndex=0 spn= mVmConfigcom.android.internal.telephony.uicc.VoiceMailConstants@2300ed7a callForwardingEnabled=false spnState=IDLE mCphsInfo=null mCspPlmnEnabled=true efMWIS=null efCPHS_MWI=null mEfCff=null mEfCfis=null getOperatorNumeric=46001
11-24 21:55:43.199  1229  1229 D GsmDCT  : [0]onUpdateIcc: newIccRecords com.android.internal.telephony.uicc.SIMRecords
11-24 21:55:43.200  1229  1229 D GSMPhone: [GSMPhone] updateCurrentCarrierInProvider: mSubId = 1 currentDds = 1 operatorNumeric = 46001
11-24 21:55:43.223  1229  1229 D DctController: got ACTION_DEFAULT_DATA_SUBSCRIPTION_CHANGED, new DDS = 1
11-24 21:55:43.224  1229  1229 D DctController: [TNF 1]update networkCapabilites for subId = 1
11-24 21:55:43.224  1229  1229 D SubscriptionController: [getActiveSubInfoList]+
11-24 21:55:43.224  1229  1229 D SubscriptionController: selection:sim_id>=0 null
11-24 21:55:43.226  1229  1229 D TelephonyManager: getTelephonyProperty: return propVal='cn' phoneId=0 property='gsm.sim.operator.iso-country' defaultVal='' prop=cn
11-24 21:55:43.226  1229  1229 D SubscriptionController: [getSubInfoRecord] id:1 iccid:DUMMY_NV_ID simSlotIndex:0 displayName:CARD 1 nameSource:0 iconTint:-16746133 dataRoaming:0 mcc:460 mnc:1 countIso:cn status:1 nwMode:10
11-24 21:55:43.228  1229  1229 D SubscriptionController: [getActiveSubInfoList]- 1 infos return
11-24 21:55:43.228  1229  1229 D SubscriptionController: [getActiveSubInfoForSubscriber]+ subId=1 subInfo={id=1, iccId=DUMMY_NV_ID simSlotIndex=0 displayName=CARD 1 carrierName=中国联通 nameSource=0 iconTint=-16746133 dataRoaming=0 iconBitmap=android.graphics.Bitmap@2ad1e770 mcc 460 mnc 1 mSubStatus=1 mNwMode=10}
11-24 21:55:43.228  1229  1229 D DctController: [TNF 1]INTERNET capability is with subId = 1
11-24 21:55:43.228  1229  1229 D SubscriptionController: registerForOnDemandDdsLockNotification for client=1
11-24 21:55:43.228  1229  1229 D DctController: [TNF 1]Ready to handle network requests
11-24 21:55:44.267   201   341 I RILC    : RIL_SOCKET_1 UNSOLICITED: UNSOL_SIGNAL_STRENGTH length:60
11-24 21:55:44.267   201   341 E RILC    : Send Response to RIL_SOCKET_1
11-24 21:55:44.268  1229  1229 D DefaultPhoneNotifier: notifySignalStrength: mRegistry=com.android.internal.telephony.ITelephonyRegistry$Stub$Proxy@1467cb6c ss=SignalStrength: 99 0 -120 -160 -120 -1 -1 21 -97 -8 300 2147483647 2147483647 gsm|lte sender=Handler (com.android.internal.telephony.gsm.GSMPhone) {23116ad0}
11-24 21:55:48.103   201   341 I RILC    : RIL_SOCKET_1 UNSOLICITED: UNSOL_SIGNAL_STRENGTH length:60
11-24 21:55:48.103   201   341 E RILC    : Send Response to RIL_SOCKET_1
11-24 21:55:48.103  1229  1229 D DefaultPhoneNotifier: notifySignalStrength: mRegistry=com.android.internal.telephony.ITelephonyRegistry$Stub$Proxy@1467cb6c ss=SignalStrength: 99 0 -120 -160 -120 -1 -1 21 -98 -7 300 2147483647 2147483647 gsm|lte sender=Handler (com.android.internal.telephony.gsm.GSMPhone) {23116ad0}
11-24 21:55:51.952   201   341 I RILC    : RIL_SOCKET_1 UNSOLICITED: UNSOL_SIGNAL_STRENGTH length:60
11-24 21:55:51.952   201   341 E RILC    : Send Response to RIL_SOCKET_1
11-24 21:55:51.953  1229  1229 D DefaultPhoneNotifier: notifySignalStrength: mRegistry=com.android.internal.telephony.ITelephonyRegistry$Stub$Proxy@1467cb6c ss=SignalStrength: 99 0 -120 -160 -120 -1 -1 20 -100 -8 300 2147483647 2147483647 gsm|lte sender=Handler (com.android.internal.telephony.gsm.GSMPhone) {23116ad0}
11-24 21:55:55.788   201   341 I RILC    : RIL_SOCKET_1 UNSOLICITED: UNSOL_SIGNAL_STRENGTH length:60
11-24 21:55:55.788   201   341 E RILC    : Send Response to RIL_SOCKET_1
11-24 21:55:55.792  1229  1229 D DefaultPhoneNotifier: notifySignalStrength: mRegistry=com.android.internal.telephony.ITelephonyRegistry$Stub$Proxy@1467cb6c ss=SignalStrength: 99 0 -120 -160 -120 -1 -1 20 -100 -7 300 2147483647 2147483647 gsm|lte sender=Handler (com.android.internal.telephony.gsm.GSMPhone) {23116ad0}
11-24 21:55:59.622   201   341 I RILC    : RIL_SOCKET_1 UNSOLICITED: UNSOL_SIGNAL_STRENGTH length:60
11-24 21:55:59.623   201   341 E RILC    : Send Response to RIL_SOCKET_1
11-24 21:55:59.623  1229  1229 D DefaultPhoneNotifier: notifySignalStrength: mRegistry=com.android.internal.telephony.ITelephonyRegistry$Stub$Proxy@1467cb6c ss=SignalStrength: 99 0 -120 -160 -120 -1 -1 20 -101 -8 300 2147483647 2147483647 gsm|lte sender=Handler (com.android.internal.telephony.gsm.GSMPhone) {23116ad0}
11-24 21:56:03.463   201   341 I RILC    : RIL_SOCKET_1 UNSOLICITED: UNSOL_SIGNAL_STRENGTH length:60
11-24 21:56:03.463   201   341 E RILC    : Send Response to RIL_SOCKET_1
11-24 21:56:03.464  1229  1229 D DefaultPhoneNotifier: notifySignalStrength: mRegistry=com.android.internal.telephony.ITelephonyRegistry$Stub$Proxy@1467cb6c ss=SignalStrength: 99 0 -120 -160 -120 -1 -1 22 -100 -7 300 2147483647 2147483647 gsm|lte sender=Handler (com.android.internal.telephony.gsm.GSMPhone) {23116ad0}
11-24 21:56:07.309   201   341 I RILC    : RIL_SOCKET_1 UNSOLICITED: UNSOL_SIGNAL_STRENGTH length:60
11-24 21:56:07.309   201   341 E RILC    : Send Response to RIL_SOCKET_1
11-24 21:56:07.310  1229  1229 D DefaultPhoneNotifier: notifySignalStrength: mRegistry=com.android.internal.telephony.ITelephonyRegistry$Stub$Proxy@1467cb6c ss=SignalStrength: 99 0 -120 -160 -120 -1 -1 20 -99 -7 300 2147483647 2147483647 gsm|lte sender=Handler (com.android.internal.telephony.gsm.GSMPhone) {23116ad0}
11-24 21:56:11.149   201   341 I RILC    : RIL_SOCKET_1 UNSOLICITED: UNSOL_SIGNAL_STRENGTH length:60
11-24 21:56:11.149   201   341 E RILC    : Send Response to RIL_SOCKET_1
11-24 21:56:11.149  1229  1229 D DefaultPhoneNotifier: notifySignalStrength: mRegistry=com.android.internal.telephony.ITelephonyRegistry$Stub$Proxy@1467cb6c ss=SignalStrength: 99 0 -120 -160 -120 -1 -1 20 -100 -7 300 2147483647 2147483647 gsm|lte sender=Handler (com.android.internal.telephony.gsm.GSMPhone) {23116ad0}
11-24 21:56:14.987   201   341 I RILC    : RIL_SOCKET_1 UNSOLICITED: UNSOL_SIGNAL_STRENGTH length:60
11-24 21:56:14.987   201   341 E RILC    : Send Response to RIL_SOCKET_1
11-24 21:56:14.987  1229  1229 D DefaultPhoneNotifier: notifySignalStrength: mRegistry=com.android.internal.telephony.ITelephonyRegistry$Stub$Proxy@1467cb6c ss=SignalStrength: 99 0 -120 -160 -120 -1 -1 20 -100 -7 300 2147483647 2147483647 gsm|lte sender=Handler (com.android.internal.telephony.gsm.GSMPhone) {23116ad0}
11-24 21:56:17.542   201   341 I RILC    : RIL_SOCKET_1 UNSOLICITED: UNSOL_SIGNAL_STRENGTH length:60
11-24 21:56:17.542   201   341 E RILC    : Send Response to RIL_SOCKET_1
11-24 21:56:17.543  1229  1229 D DefaultPhoneNotifier: notifySignalStrength: mRegistry=com.android.internal.telephony.ITelephonyRegistry$Stub$Proxy@1467cb6c ss=SignalStrength: 99 0 -120 -160 -120 -1 -1 20 -99 -7 300 2147483647 2147483647 gsm|lte sender=Handler (com.android.internal.telephony.gsm.GSMPhone) {23116ad0}
11-24 21:56:18.019  1229  1246 D SubscriptionController: [getActiveSubInfoList]+
11-24 21:56:18.020  1229  1246 D SubscriptionController: selection:sim_id>=0 null
11-24 21:56:18.021  1229  1246 D TelephonyManager: getTelephonyProperty: return propVal='cn' phoneId=0 property='gsm.sim.operator.iso-country' defaultVal='' prop=cn
11-24 21:56:18.021  1229  1246 D SubscriptionController: [getSubInfoRecord] id:1 iccid:DUMMY_NV_ID simSlotIndex:0 displayName:CARD 1 nameSource:0 iconTint:-16746133 dataRoaming:0 mcc:460 mnc:1 countIso:cn status:1 nwMode:10
11-24 21:56:18.023  1229  1246 D SubscriptionController: [getActiveSubInfoList]- 1 infos return
11-24 21:56:18.023  1229  1246 D SubscriptionController: [getAllSubInfoList]+
11-24 21:56:18.023  1229  1246 D SubscriptionController: selection:null null
11-24 21:56:18.025  1229  1246 D TelephonyManager: getTelephonyProperty: return propVal='cn' phoneId=0 property='gsm.sim.operator.iso-country' defaultVal='' prop=cn
11-24 21:56:18.025  1229  1246 D SubscriptionController: [getSubInfoRecord] id:1 iccid:DUMMY_NV_ID simSlotIndex:0 displayName:CARD 1 nameSource:0 iconTint:-16746133 dataRoaming:0 mcc:460 mnc:1 countIso:cn status:1 nwMode:10
11-24 21:56:18.027  1229  1246 D SubscriptionController: [getAllSubInfoList]- 1 infos return
11-24 21:56:22.670   201   341 I RILC    : RIL_SOCKET_1 UNSOLICITED: UNSOL_SIGNAL_STRENGTH length:60
11-24 21:56:22.670   201   341 E RILC    : Send Response to RIL_SOCKET_1
11-24 21:56:22.671  1229  1229 D DefaultPhoneNotifier: notifySignalStrength: mRegistry=com.android.internal.telephony.ITelephonyRegistry$Stub$Proxy@1467cb6c ss=SignalStrength: 99 0 -120 -160 -120 -1 -1 20 -99 -7 300 2147483647 2147483647 gsm|lte sender=Handler (com.android.internal.telephony.gsm.GSMPhone) {23116ad0}
11-24 21:56:25.222   201   341 I RILC    : RIL_SOCKET_1 UNSOLICITED: UNSOL_SIGNAL_STRENGTH length:60
11-24 21:56:25.222   201   341 E RILC    : Send Response to RIL_SOCKET_1
11-24 21:56:25.223  1229  1229 D DefaultPhoneNotifier: notifySignalStrength: mRegistry=com.android.internal.telephony.ITelephonyRegistry$Stub$Proxy@1467cb6c ss=SignalStrength: 99 0 -120 -160 -120 -1 -1 21 -99 -8 300 2147483647 2147483647 gsm|lte sender=Handler (com.android.internal.telephony.gsm.GSMPhone) {23116ad0}
11-24 21:56:30.342   201   341 I RILC    : RIL_SOCKET_1 UNSOLICITED: UNSOL_SIGNAL_STRENGTH length:60
11-24 21:56:30.342   201   341 E RILC    : Send Response to RIL_SOCKET_1
11-24 21:56:30.343  1229  1229 D DefaultPhoneNotifier: notifySignalStrength: mRegistry=com.android.internal.telephony.ITelephonyRegistry$Stub$Proxy@1467cb6c ss=SignalStrength: 99 0 -120 -160 -120 -1 -1 23 -97 -11 300 2147483647 2147483647 gsm|lte sender=Handler (com.android.internal.telephony.gsm.GSMPhone) {23116ad0}
11-24 21:56:32.906   201   341 I RILC    : RIL_SOCKET_1 UNSOLICITED: UNSOL_SIGNAL_STRENGTH length:60
11-24 21:56:32.906   201   341 E RILC    : Send Response to RIL_SOCKET_1
11-24 21:56:32.907  1229  1229 D DefaultPhoneNotifier: notifySignalStrength: mRegistry=com.android.internal.telephony.ITelephonyRegistry$Stub$Proxy@1467cb6c ss=SignalStrength: 99 0 -120 -160 -120 -1 -1 20 -100 -7 300 2147483647 2147483647 gsm|lte sender=Handler (com.android.internal.telephony.gsm.GSMPhone) {23116ad0}
11-24 21:56:34.197  1229  1229 D DebugService: DebugService dump: +
11-24 21:56:34.198  1229  1229 D PhoneBase: Get callforwarding info from perferences
11-24 21:56:34.198  1229  1229 D GsmDCT  : [0]get all active apn types
11-24 21:56:34.198  1229  1229 D GsmDCT  : [0]isDataAllowed getRecordsLoaded=true
11-24 21:56:34.201  1229  1229 D GsmDCT  : [0]overall state is IDLE
11-24 21:56:34.207  1229  1229 D SubscriptionController: [getActiveSubInfoList]+
11-24 21:56:34.207  1229  1229 D SubscriptionController: selection:sim_id>=0 null
11-24 21:56:34.210  1229  1229 D TelephonyManager: getTelephonyProperty: return propVal='cn' phoneId=0 property='gsm.sim.operator.iso-country' defaultVal='' prop=cn
11-24 21:56:34.210  1229  1229 D SubscriptionController: [getSubInfoRecord] id:1 iccid:DUMMY_NV_ID simSlotIndex:0 displayName:CARD 1 nameSource:0 iconTint:-16746133 dataRoaming:0 mcc:460 mnc:1 countIso:cn status:1 nwMode:10
11-24 21:56:34.212  1229  1229 D SubscriptionController: [getActiveSubInfoList]- 1 infos return
11-24 21:56:34.212  1229  1229 D SubscriptionController: [getAllSubInfoList]+
11-24 21:56:34.213  1229  1229 D SubscriptionController: selection:null null
11-24 21:56:34.215  1229  1229 D TelephonyManager: getTelephonyProperty: return propVal='cn' phoneId=0 property='gsm.sim.operator.iso-country' defaultVal='' prop=cn
11-24 21:56:34.215  1229  1229 D SubscriptionController: [getSubInfoRecord] id:1 iccid:DUMMY_NV_ID simSlotIndex:0 displayName:CARD 1 nameSource:0 iconTint:-16746133 dataRoaming:0 mcc:460 mnc:1 countIso:cn status:1 nwMode:10
11-24 21:56:34.218  1229  1229 D SubscriptionController: [getAllSubInfoList]- 1 infos return
11-24 21:56:34.221  1229  1229 D DebugService: DebugService dump: -
11-24 21:56:38.027   201   341 I RILC    : RIL_SOCKET_1 UNSOLICITED: UNSOL_SIGNAL_STRENGTH length:60
11-24 21:56:38.027   201   341 E RILC    : Send Response to RIL_SOCKET_1
11-24 21:56:38.031  1229  1229 D DefaultPhoneNotifier: notifySignalStrength: mRegistry=com.android.internal.telephony.ITelephonyRegistry$Stub$Proxy@1467cb6c ss=SignalStrength: 99 0 -120 -160 -120 -1 -1 21 -99 -8 300 2147483647 2147483647 gsm|lte sender=Handler (com.android.internal.telephony.gsm.GSMPhone) {23116ad0}
11-24 21:56:40.587   201   341 I RILC    : RIL_SOCKET_1 UNSOLICITED: UNSOL_SIGNAL_STRENGTH length:60
