11-24 21:54:54.355  1653  1653 D CellBroadcastReceiver: Service state changed! 0 Full: 0 0 voice home data home   46001   46001  LTE LTE CSS not supported -1 -1 RoamInd=-1 DefRoamInd=-1 EmergOnly=false Current state=-1
11-24 21:54:54.398  1229  1229 D TelephonyProvider: subIdString = 1 subId = 1
11-24 21:54:54.435   778  1218 W ContentService: Observer android.database.IContentObserver$Stub$Proxy@4f6367c is already registered.
11-24 21:54:54.436   778  1221 W ContentService: Observer android.database.IContentObserver$Stub$Proxy@1572b05 is already registered.
11-24 21:54:54.436   778   989 W ContentService: Observer android.database.IContentObserver$Stub$Proxy@2c17075a is already registered.
11-24 21:54:54.447   949   949 V KeyguardViewMediator: Ignoring state: UNKNOWN
11-24 21:54:54.497   949   949 V KeyguardViewMediator: Ignoring state: UNKNOWN
11-24 21:54:54.519   949   949 D KeyguardUpdateMonitor: ACTION_SERVICE_STATE_CHANGED on sub: 1 mServiceState: 0 1 voice home data home   46001   46001  LTE Unknown CSS not supported -1 -1 RoamInd=-1 DefRoamInd=-1 EmergOnly=false
11-24 21:54:54.523  1229  1229 D TelephonyProvider: subIdString = 1 subId = 1
11-24 21:54:54.535   949   949 V KeyguardViewMediator: Ignoring state: UNKNOWN
11-24 21:54:54.552   949   949 V KeyguardViewMediator: Ignoring state: UNKNOWN
11-24 21:54:54.564   949   949 D PhoneStatusBarPolicy: updateSimState for subId :1
11-24 21:54:54.565   949   949 D PhoneStatusBarPolicy: updateSimState for phoneId :0
11-24 21:54:54.566   949   949 D PhoneStatusBarPolicy: updateSimState for Slot :0
11-24 21:54:54.576   778   794 V KeyguardServiceDelegate: **** SHOWN CALLED ****
11-24 21:54:54.584   949   949 D KeyguardUpdateMonitor: ACTION_SERVICE_STATE_CHANGED on sub: 1 mServiceState: 0 0 voice home data home   46001   46001  LTE LTE CSS not supported -1 -1 RoamInd=-1 DefRoamInd=-1 EmergOnly=false
11-24 21:54:54.585   949   949 D PhoneStatusBar: disable: < expand* ICONS alerts SYSTEM_INFO back* HOME RECENT clock SEARCH >
11-24 21:54:54.593   949   949 D PhoneStatusBar: disable: < expand ICONS alerts SYSTEM_INFO back HOME RECENT clock SEARCH >
11-24 21:54:54.604   949   949 V KeyguardViewMediator: Ignoring state: UNKNOWN
11-24 21:54:54.713   394   406 E QCOM PowerHAL: Failed to acquire lock.
11-24 21:54:55.062  1229  1785 D IccSmsInterfaceManager: [IccSmsInterfaceManager] Failed to add cdma broadcast subscription for MID range 4097 to 4097 from client com.android.cellbroadcastreceiver
11-24 21:54:55.363  1229  1785 D IccSmsInterfaceManager: [IccSmsInterfaceManager] Failed to add cdma broadcast subscription for MID range 4098 to 4098 from client com.android.cellbroadcastreceiver
11-24 21:54:55.500  1803  1803 W mpdecision: type=1400 audit(0.0:170): avc: denied { write } for name="system" dev="mmcblk0p28" ino=586369 scontext=u:r:mpdecision:s0 tcontext=u:object_r:system_data_file:s0 tclass=dir permissive=0
11-24 21:54:55.518  1801  1801 I MP-Decision: OPTION ENABLED: Adjusting average
11-24 21:54:55.518  1801  1801 I MP-Decision: Decision parameters CPU 0: Nw=0.000000, Tw=0, Ns=0.000000, Ts=0
11-24 21:54:55.518  1801  1801 I MP-Decision: util_h_and=0, util_h_or=0, util_low=0
11-24 21:54:55.518  1801  1801 I MP-Decision: Decision parameters CPU 1: Nw=1.900000, Tw=140, Ns=1.100000, Ts=190
11-24 21:54:55.518  1801  1801 I MP-Decision: util_h_and=35, util_h_or=75, util_low=20
11-24 21:54:55.518  1801  1801 I MP-Decision: Decision parameters CPU 2: Nw=2.700000, Tw=90, Ns=2.100000, Ts=240
11-24 21:54:55.518  1801  1801 I MP-Decision: util_h_and=0, util_h_or=400, util_low=0
11-24 21:54:55.518  1801  1801 I MP-Decision: Decision parameters CPU 3: Nw=3.500000, Tw=90, Ns=3.100000, Ts=240
11-24 21:54:55.518  1801  1801 I MP-Decision: util_h_and=0, util_h_or=400, util_low=0
11-24 21:54:55.518  1801  1801 I MP-Decision: Decision parameters: poll_ms: 9 decision_ms: 50
11-24 21:54:55.521  1801  1801 I MP-Decision: Available core list/order for available_cpus - 4:  0 3 2 1
11-24 21:54:55.538   212   291 I ThermalEngine: Thermal-Server: Thermal received msg override 0
11-24 21:54:55.538   212   291 E ThermalEngine: override_notify : SS mode 0 override -1280213784
11-24 21:54:55.542  1801  1814 I Thermal-Lib: Thermal-Lib-Client: Client request sent
11-24 21:54:55.554  1119  1119 I BootReceiver: CPU restore disabled by user preference.
11-24 21:54:55.555  1119  1119 I BootReceiver: IOSched restore disabled by user preference.
11-24 21:54:55.701   778  1821 I RecoverySystem: No recovery log file
11-24 21:54:55.750  1229  1827 I Timeline: Timeline: Activity_launch_request id:com.android.stk time:22089
11-24 21:54:55.773  1229  1785 D IccSmsInterfaceManager: [IccSmsInterfaceManager] Failed to add cdma broadcast subscription for MID range 4099 to 4099 from client com.android.cellbroadcastreceiver
11-24 21:54:55.839   213   213 I art     : Explicit concurrent mark sweep GC freed 709(30KB) AllocSpace objects, 0(0B) LOS objects, 40% free, 16MB/26MB, paused 361us total 20.116ms
11-24 21:54:55.839  1229  1877 D OpenGLRenderer: Use EGL_SWAP_BEHAVIOR_PRESERVED: true
11-24 21:54:55.844  1229  1229 D Atlas   : Validating map...
11-24 21:54:55.855   213   213 I art     : Explicit concurrent mark sweep GC freed 5(160B) AllocSpace objects, 0(0B) LOS objects, 40% free, 16MB/26MB, paused 272us total 15.589ms
11-24 21:54:55.865  1822  1822 V AlarmClock: AlarmInitReceiver android.intent.action.BOOT_COMPLETED
11-24 21:54:55.869   213   213 I art     : Explicit concurrent mark sweep GC freed 5(160B) AllocSpace objects, 0(0B) LOS objects, 40% free, 16MB/26MB, paused 294us total 13.002ms
11-24 21:54:55.889  1822  1882 V AlarmClock: AlarmInitReceiver - Reset timers and clear stopwatch data
11-24 21:54:55.894  1229  1877 I Adreno-EGL: <qeglDrvAPI_eglInitialize:379>: QUALCOMM Build: 01/14/15, ab0075f, Id3510ff6dc
11-24 21:54:55.895  1229  1877 I OpenGLRenderer: Initialized EGL, version 1.4
11-24 21:54:55.908  1229  1877 D OpenGLRenderer: Enabling debug mode 0
11-24 21:54:55.923  1822  1882 V AlarmClock: *** notifyChange() id: 2 url content://com.android.deskclock/instances/2
11-24 21:54:55.924  1822  1882 V AlarmClock: Setting silent state to instance 2
11-24 21:54:55.931  1822  1882 V AlarmClock: *** notifyChange() id: 2 url content://com.android.deskclock/instances/2
11-24 21:54:55.932  1822  1882 V AlarmClock: Clearing notifications for alarm instance: 2
11-24 21:54:55.937  1822  1882 V AlarmClock: Scheduling state change 1 to instance 2 at Sat 9:00 AM (1480122000000)
11-24 21:54:55.946  1822  1882 V AlarmClock: AlarmInitReceiver finished
11-24 21:54:55.998  1229  1229 I Timeline: Timeline: Activity_idle id: android.os.BinderProxy@2820f52 time:22338
11-24 21:54:55.998  1229  1229 I Timeline: Timeline: Activity_idle id: android.os.BinderProxy@2820f52 time:22338
11-24 21:54:56.019   778   806 I ActivityManager: Displayed com.android.stk/.StkDialogActivity: +239ms
11-24 21:54:56.049  1229  1715 D IccSmsInterfaceManager: [IccSmsInterfaceManager] Failed to add cdma broadcast subscription for MID range 4096 to 4096 from client com.android.cellbroadcastreceiver
11-24 21:54:56.123  1229  1229 V OtaStartupReceiver: onOtaspChanged: mOtaspMode=3
11-24 21:54:56.129   778   901 D WIFI    : Registering NetworkFactory
11-24 21:54:56.129   778   901 D WIFI_UT : Registering NetworkFactory
11-24 21:54:56.130   778   901 D WIFI    : got request NetworkRequest [ id=1, legacyType=-1, [ Capabilities: INTERNET&NOT_RESTRICTED&TRUSTED&NOT_VPN] ] with score 0
11-24 21:54:56.130   778   901 D WIFI_UT : got request NetworkRequest [ id=1, legacyType=-1, [ Capabilities: INTERNET&NOT_RESTRICTED&TRUSTED&NOT_VPN] ] with score 0
11-24 21:54:56.138  1146  1146 I HeadsetService: Starting service.
11-24 21:54:56.176  1146  1146 W Equalizer: WARNING: attaching an Equalizer to global output mix is deprecated!
11-24 21:54:56.184   203   895 V qcbassboost: 
11-24 21:54:56.184   203   895 V qcbassboost: 	EffectCreate start session 0
11-24 21:54:56.184   203   895 V qcbassboost: 	GlobalSession_init start
11-24 21:54:56.184   203   895 E qcbassboost: 	EffectCreate: Allocating SessionNo 0 for SessionId 0
11-24 21:54:56.184   203   895 V qcbassboost: 
11-24 21:54:56.184   203   895 V qcbassboost: 	EffectCreate created ctxt 0xb5871470 for session 0
11-24 21:54:56.184   203   895 V qcbassboost: 	Effect_command: ctxt 0xb5871470, cmd 0
11-24 21:54:56.184   203   895 V qcbassboost: 	BassBoost_init start, ctxt 0xb5871470
11-24 21:54:56.185   203   895 V qcbassboost: 	Effect_command: ctxt 0xb5871470, cmd 1
11-24 21:54:56.185   203   895 V qcbassboost: 	BassBoost_setConfig: ctxt 0xb5871470
11-24 21:54:56.185   203   895 V qcbassboost: 	BassBoost_init start, ctxt 0xb5871470
11-24 21:54:56.186   203   895 V qcbassboost: 	Effect_command: ctxt 0xb5871470, cmd 9
11-24 21:54:56.186   203   895 I qcbassboost: 	EFFECT_CMD_SET_DEVICE device(0x2) is invalid for BASS_BOOST
11-24 21:54:56.186   203   895 I qcbassboost: 	EFFECT_CMD_SET_DEVICE disable BASS_BOOST
11-24 21:54:56.188  1146  1146 W BassBoost: WARNING: attaching a BassBoost to global output mix is deprecated!
11-24 21:54:56.188   203   893 V qcbassboost: 	Effect_command: ctxt 0xb5871470, cmd 8
11-24 21:54:56.188   203   893 V qcbassboost: 	BassBoost_getParameter(): ctxt 0xb5871470, param 0, 
11-24 21:54:56.191   203   895 V qcvirt  : 
11-24 21:54:56.191   203   895 V qcvirt  : 	EffectCreate start session 0
11-24 21:54:56.191   203   895 V qcvirt  : 	GlobalSession_init start
11-24 21:54:56.192   203   895 E qcvirt  : 	EffectCreate: Allocating SessionNo 0 for SessionId 0
11-24 21:54:56.192   203   895 V qcvirt  : 
11-24 21:54:56.192   203   895 V qcvirt  : 	EffectCreate created ctxt 0xb58714e0 for session 0
11-24 21:54:56.192   203   895 V qcvirt  : 	Effect_command, ctxt 0xb58714e0, cmd 0
11-24 21:54:56.192   203   895 V qcvirt  : 	Virtualizer_init start ctxt 0xb58714e0
11-24 21:54:56.193   203   895 V qcvirt  : 	Effect_command, ctxt 0xb58714e0, cmd 1
11-24 21:54:56.193   203   895 V qcvirt  : 	Virtualizer_setConfig, ctxt 0xb58714e0
11-24 21:54:56.193   203   895 V qcvirt  : 	Virtualizer_init start ctxt 0xb58714e0
11-24 21:54:56.194   203   895 V qcvirt  : 	Effect_command, ctxt 0xb58714e0, cmd 9
11-24 21:54:56.194   203   895 I qcvirt  : 	EFFECT_CMD_SET_DEVICE device(0x2) is invalid for VIRTUALIZER
11-24 21:54:56.194   203   895 I qcvirt  : 	EFFECT_CMD_SET_DEVICE disable VIRTUALIZER
11-24 21:54:56.195  1146  1146 W Virtualizer: WARNING: attaching a Virtualizer to global output mix is deprecated!
11-24 21:54:56.195   203   893 V qcvirt  : 	Effect_command, ctxt 0xb58714e0, cmd 8
11-24 21:54:56.195   778   806 I Timeline: Timeline: Activity_windows_visible id: ActivityRecord{32640cfe u0 com.android.stk/.StkDialogActivity t2} time:22535
11-24 21:54:56.195   203   893 V qcvirt  : 	Virtualizer_getParameter, ctxt 0xb58714e0, param 0
11-24 21:54:56.197   203   895 V qcreverb: 
11-24 21:54:56.197   203   895 V qcreverb: 	EffectCreate start session 0
11-24 21:54:56.197   203   895 V qcreverb: 	EffectCreate - Initializing all global memory
11-24 21:54:56.197   203   895 V qcreverb: 	GlobalSession_init start
11-24 21:54:56.197   203   895 E qcreverb: 	EffectCreate: Allocating SessionNo 0 for SessionId 0
11-24 21:54:56.197   203   895 V qcreverb: 	EffectCreate - UUID matched Reverb type 2, UUID = 53ef1db5
11-24 21:54:56.197   203   895 V qcreverb: 	EffectCreate - PRESET
11-24 21:54:56.197   203   895 V qcreverb: 	EffectCreate - AUX
11-24 21:54:56.197   203   895 V qcreverb: 
11-24 21:54:56.197   203   895 V qcreverb: 	EffectCreate created ctxt 0xb587a500 for session 0
11-24 21:54:56.197   203   895 V qcreverb: 	Effect_command, ctxt 0xb587a500, cmd 0
11-24 21:54:56.197   203   895 V qcreverb: 	Reverb_init start, ctxt 0xb587a500
11-24 21:54:56.200   203   895 V qcreverb: 	Effect_command, ctxt 0xb587a500, cmd 1
11-24 21:54:56.200   203   895 V qcreverb: 	Reverb_setConfig, ctxt 0xb587a500
11-24 21:54:56.200   203   895 V qcreverb: 	Reverb_init start, ctxt 0xb587a500
11-24 21:54:56.225   203   894 V qcvirt  : 	Effect_command, ctxt 0xb58714e0, cmd 1
11-24 21:54:56.225   203   894 V qcvirt  : 	Virtualizer_setConfig, ctxt 0xb58714e0
11-24 21:54:56.225   203   894 V qcbassboost: 	EffectRelease: Releasing Effect 0xb5871470 for SessionId 0
11-24 21:54:56.226   203   203 V qcreverb: 	Effect_command, ctxt 0xb587a500, cmd 1
11-24 21:54:56.226   203   203 V qcreverb: 	Reverb_setConfig, ctxt 0xb587a500
11-24 21:54:56.226   203   203 V qcvirt  : 	EffectRelease: Releasing Effect 0xb58714e0 for SessionId 0
11-24 21:54:56.227   203   894 V qcreverb: 	EffectRelease: Releasing Effect 0xb587a500 for SessionId 0
11-24 21:54:56.232  1146  1146 I HeadsetService: Headset=true; Bluetooth=false ; USB=false
11-24 21:54:56.233  1146  1146 I HeadsetService: Preferences updated.
11-24 21:54:56.289  1653  1783 D CellBroadcastConfigService: enabled emergency cell broadcast channels
11-24 21:54:56.289  1653  1783 D CellBroadcastConfigService: disabling cell broadcast channel 50
11-24 21:54:56.295  1229  1715 D IccSmsInterfaceManager: [IccSmsInterfaceManager] Failed to remove GSM cell broadcast subscription for MID range 50 to 50 from client com.android.cellbroadcastreceiver
11-24 21:54:56.296  1653  1783 D CellBroadcastConfigService: disabling channels 919-928
11-24 21:54:56.301  1229  1785 D IccSmsInterfaceManager: [IccSmsInterfaceManager] Failed to remove GSM cell broadcast subscription for MID range 919 to 928 from client com.android.cellbroadcastreceiver
11-24 21:54:56.301  1653  1783 D CellBroadcastConfigService: disabling cell broadcast ETWS test messages
11-24 21:54:56.306  1229  1715 D IccSmsInterfaceManager: [IccSmsInterfaceManager] Failed to remove GSM cell broadcast subscription for MID range 4355 to 4355 from client com.android.cellbroadcastreceiver
11-24 21:54:56.307  1653  1783 D CellBroadcastConfigService: disabling cell broadcast CMAS test messages
11-24 21:54:56.311  1229  1785 D IccSmsInterfaceManager: [IccSmsInterfaceManager] Failed to remove GSM cell broadcast subscription for MID range 4380 to 4382 from client com.android.cellbroadcastreceiver
11-24 21:54:56.316  1229  1715 D IccSmsInterfaceManager: [IccSmsInterfaceManager] Failed to remove cdma broadcast subscription for MID range 4100 to 4100 from client com.android.cellbroadcastreceiver
11-24 21:54:56.318  1653  1783 D CellBroadcastConfigService: enabling emergency cell broadcast channels
11-24 21:54:56.353  1229  1245 D IccSmsInterfaceManager: [IccSmsInterfaceManager] Failed to add cdma broadcast subscription for MID range 4097 to 4097 from client com.android.cellbroadcastreceiver
11-24 21:54:56.369  1229  1245 D IccSmsInterfaceManager: [IccSmsInterfaceManager] Failed to add cdma broadcast subscription for MID range 4098 to 4098 from client com.android.cellbroadcastreceiver
11-24 21:54:56.384  1229  1245 D IccSmsInterfaceManager: [IccSmsInterfaceManager] Failed to add cdma broadcast subscription for MID range 4099 to 4099 from client com.android.cellbroadcastreceiver
11-24 21:54:56.403  1229  1245 D IccSmsInterfaceManager: [IccSmsInterfaceManager] Failed to add cdma broadcast subscription for MID range 4096 to 4096 from client com.android.cellbroadcastreceiver
11-24 21:54:56.411  1653  1783 D CellBroadcastConfigService: enabled emergency cell broadcast channels
11-24 21:54:56.411  1653  1783 D CellBroadcastConfigService: disabling cell broadcast channel 50
11-24 21:54:56.417  1229  1245 D IccSmsInterfaceManager: [IccSmsInterfaceManager] Failed to remove GSM cell broadcast subscription for MID range 50 to 50 from client com.android.cellbroadcastreceiver
11-24 21:54:56.418  1653  1783 D CellBroadcastConfigService: disabling channels 919-928
11-24 21:54:56.423  1229  1715 D IccSmsInterfaceManager: [IccSmsInterfaceManager] Failed to remove GSM cell broadcast subscription for MID range 919 to 928 from client com.android.cellbroadcastreceiver
11-24 21:54:56.423  1653  1783 D CellBroadcastConfigService: disabling cell broadcast ETWS test messages
11-24 21:54:56.428  1229  1245 D IccSmsInterfaceManager: [IccSmsInterfaceManager] Failed to remove GSM cell broadcast subscription for MID range 4355 to 4355 from client com.android.cellbroadcastreceiver
11-24 21:54:56.428  1653  1783 D CellBroadcastConfigService: disabling cell broadcast CMAS test messages
11-24 21:54:56.433  1229  1715 D IccSmsInterfaceManager: [IccSmsInterfaceManager] Failed to remove GSM cell broadcast subscription for MID range 4380 to 4382 from client com.android.cellbroadcastreceiver
11-24 21:54:56.441  1229  1245 D IccSmsInterfaceManager: [IccSmsInterfaceManager] Failed to remove cdma broadcast subscription for MID range 4100 to 4100 from client com.android.cellbroadcastreceiver
11-24 21:54:56.507  1959  1959 I UpdateCheckReceiver: Scheduling future, repeating update checks.
11-24 21:54:56.653  1984  1984 I CalendarProvider2: Created com.android.providers.calendar.CalendarAlarmManager@29aa7602(com.android.providers.calendar.CalendarProvider2@35150b13)
11-24 21:54:57.045   968   968 D MtpService: updating state; isCurrentUser=true, mMtpLocked=false
11-24 21:54:57.091   968  2038 E SQLiteLog: (283) recovered 92 frames from WAL file /data/data/com.android.providers.media/databases/internal.db-wal
11-24 21:54:57.205  2039  2039 V Mms     : mnc/mcc: 46001
11-24 21:54:57.205  2039  2039 V Mms     : tag: bool value: enabledMMS - true
11-24 21:54:57.205  2039  2039 V Mms     : tag: int value: maxMessageSize - 307200
11-24 21:54:57.205  2039  2039 V Mms     : tag: int value: maxImageHeight - 1944
11-24 21:54:57.205  2039  2039 V Mms     : tag: int value: maxImageWidth - 2592
11-24 21:54:57.205  2039  2039 V Mms     : tag: int value: defaultSMSMessagesPerThread - 10000
11-24 21:54:57.206  2039  2039 V Mms     : tag: int value: defaultMMSMessagesPerThread - 1000
11-24 21:54:57.206  2039  2039 V Mms     : tag: int value: minMessageCountPerThread - 10
11-24 21:54:57.206  2039  2039 V Mms     : tag: int value: maxMessageCountPerThread - 5000
11-24 21:54:57.206  2039  2039 V Mms     : tag: string value: uaProfUrl - http://gsm.lge.com/html/gsm/Nexus5-M3.xml
11-24 21:54:57.206  2039  2039 V Mms     : tag: int value: recipientLimit - -1
11-24 21:54:57.206  2039  2039 V Mms     : tag: bool value: enableSlideDuration - true
11-24 21:54:57.206  2039  2039 V Mms     : tag: int value: maxMessageTextSize - -1
11-24 21:54:57.207  2039  2039 V Mms     : tag: string value: userAgent - Nexus5
11-24 21:54:57.210  2039  2039 I ContactPhotoManager: Cache adj: 1.0
11-24 21:54:57.267  2039  2066 D Mms     : cancelNotification
11-24 21:54:57.322  1229  1715 D MmsSmsDatabaseHelper: [MmsSmsDb] tableName: threads hasAutoIncrement: CREATE TABLE threads (_id INTEGER PRIMARY KEY AUTOINCREMENT,date INTEGER DEFAULT 0,message_count INTEGER DEFAULT 0,recipient_ids TEXT,snippet TEXT,snippet_cs INTEGER DEFAULT 0,read INTEGER DEFAULT 1,archived INTEGER DEFAULT 0,type INTEGER DEFAULT 0,error INTEGER DEFAULT 0,has_attachment INTEGER DEFAULT 0) result: true
11-24 21:54:57.322  1229  1715 D MmsSmsDatabaseHelper: [MmsSmsDb] tableName: canonical_addresses hasAutoIncrement: CREATE TABLE canonical_addresses (_id INTEGER PRIMARY KEY AUTOINCREMENT,address TEXT) result: true
11-24 21:54:57.323  1229  1715 D MmsSmsDatabaseHelper: [MmsSmsDb] tableName: part hasAutoIncrement: CREATE TABLE part (_id INTEGER PRIMARY KEY AUTOINCREMENT,mid INTEGER,seq INTEGER DEFAULT 0,ct TEXT,name TEXT,chset INTEGER,cd TEXT,fn TEXT,cid TEXT,cl TEXT,ctt_s INTEGER,ctt_t TEXT,_data TEXT,text TEXT) result: true
11-24 21:54:57.324  1229  1715 D MmsSmsDatabaseHelper: [MmsSmsDb] tableName: pdu hasAutoIncrement: CREATE TABLE pdu (_id INTEGER PRIMARY KEY AUTOINCREMENT,thread_id INTEGER,date INTEGER,date_sent INTEGER DEFAULT 0,msg_box INTEGER,read INTEGER DEFAULT 0,m_id TEXT,sub TEXT,sub_cs INTEGER,ct_t TEXT,ct_l TEXT,exp INTEGER,m_cls TEXT,m_type INTEGER,v INTEGER,m_size INTEGER,pri INTEGER,rr INTEGER,rpt_a INTEGER,resp_st INTEGER,st INTEGER,tr_id TEXT,retr_st INTEGER,retr_txt TEXT,retr_txt_cs INTEGER,read_status INTEGER,ct_cls INTEGER,resp_txt TEXT,d_tm INTEGER,d_rpt INTEGER,locked INTEGER DEFAULT 0,sub_id INTEGER DEFAULT -1, phone_id INTEGER DEFAULT -1, seen INTEGER DEFAULT 0,creator TEXT,text_only INTEGER DEFAULT 0) result: true
11-24 21:54:57.324  1229  1715 D MmsSmsDatabaseHelper: [getWritableDatabase] hasAutoIncrementThreads: true hasAutoIncrementAddresses: true hasAutoIncrementPart: true hasAutoIncrementPdu: true
11-24 21:54:57.327  1296  1313 E SQLiteLog: (284) automatic index on sqlite_sq_AEC809C0(STAT_DATA_ID)
11-24 21:54:57.330  1296  1313 E SQLiteLog: (284) automatic index on sqlite_sq_AEC80650(STAT_DATA_ID)
11-24 21:54:57.331   968  2038 W MediaScanner: Error opening directory '/oem/media/', skipping: No such file or directory.
11-24 21:54:57.340  2074  2074 V OneTimeInitializerRece: OneTimeInitializerReceiver.onReceive
11-24 21:54:57.408  2039  2072 D Mms     : cancelNotification
11-24 21:54:57.460  2102  2102 D ExtensionsFactory: No custom extensions.
11-24 21:54:57.463  2102  2102 D AlertReceiver: onReceive: a=android.intent.action.BOOT_COMPLETED Intent { act=android.intent.action.BOOT_COMPLETED flg=0x8000010 cmp=com.android.calendar/.alerts.AlertReceiver (has extras) }
11-24 21:54:57.510  2102  2126 D AlertService: 0 Action = android.intent.action.BOOT_COMPLETED
11-24 21:54:57.511  2102  2126 D AlertService: Scheduling next alarm with AlarmScheduler. sEventReminderReceived: null
11-24 21:54:57.523  2102  2126 D AlarmScheduler: No events found starting within 1 week.
11-24 21:54:57.659   213   213 I art     : Explicit concurrent mark sweep GC freed 706(30KB) AllocSpace objects, 0(0B) LOS objects, 40% free, 16MB/26MB, paused 270us total 12.329ms
11-24 21:54:57.669   213   213 I art     : Explicit concurrent mark sweep GC freed 5(160B) AllocSpace objects, 0(0B) LOS objects, 40% free, 16MB/26MB, paused 196us total 9.079ms
11-24 21:54:57.679   213   213 I art     : Explicit concurrent mark sweep GC freed 5(160B) AllocSpace objects, 0(0B) LOS objects, 40% free, 16MB/26MB, paused 262us total 9.289ms
11-24 21:54:57.686  2128  2128 D EmailBroadcastReceiver: Received android.intent.action.BOOT_COMPLETED
11-24 21:54:57.746  2128  2195 I Email   : Observing account changes for notifications
11-24 21:54:57.770  1984  1984 I CalendarProvider2: Sending notification intent: Intent { act=android.intent.action.PROVIDER_CHANGED dat=content://com.android.calendar }
11-24 21:54:57.771  1984  1984 W ContentResolver: Failed to get type for: content://com.android.calendar (Unknown URL content://com.android.calendar)
11-24 21:54:57.777  2148  2148 I Exchange: EasService.onCreate
11-24 21:54:57.785  2148  2197 I Exchange: RestartPingTask
11-24 21:54:57.831  2148  2148 I Exchange: RestartPingsTask did not start any pings.
11-24 21:54:57.831  2148  2148 I Exchange: PSS stopIfIdle
11-24 21:54:57.831  2148  2148 I Exchange: PSS has no active accounts; stopping service.
11-24 21:54:57.831  2148  2148 I Exchange: onDestroy
11-24 21:54:57.922  1090  1090 I SystemBroadcastReceiver: Boot has been completed
11-24 21:54:57.923  1090  1090 I LauncherIconVisibilityManager: Activity has already been disabled: ComponentInfo{com.android.inputmethod.latin/com.android.inputmethod.latin.setup.SetupActivity}
11-24 21:54:57.926  1614  1702 E ELEVEN  : calling refresh!
11-24 21:54:58.422   778   795 W art     : Long monitor contention event with owner method=void com.android.server.am.ActivityManagerService.attachApplication(android.app.IApplicationThread) from ActivityManagerService.java:6225 waiters=1 for 105ms
11-24 21:54:58.441   968  2038 W MediaScanner: Error opening directory '/storage/usbdisk/', skipping: Permission denied.
11-24 21:54:58.475  2260  2260 D QcrilMsgTunnelAutoboot: ComponentInfo{com.qualcomm.qcrilmsgtunnel/com.qualcomm.qcrilmsgtunnel.QcrilMsgTunnelService} started successfully
11-24 21:54:58.477  2260  2260 D QcrilMsgTunnelService: onCreate method
11-24 21:54:58.481  2260  2260 D QcrilMsgTunnelIfaceManager: : Instantiated
11-24 21:54:58.483  2260  2260 V QcrilMsgTunnelSocket: Starting QcRil Sender & Receiver threads
11-24 21:54:58.485  2260  2260 D QcrilMsgTunnelIfaceManager:  Registered for UNSOL OEM HOOK Responses to deliver external apps
11-24 21:54:58.487  2260  2278 I QcrilMsgTunnelSocket: Connected to 'qmux_radio/rild_oem0' socket
11-24 21:54:58.544  2240  2281 I ContactLocale: AddressBook Labels [en-US;zh-CN]: [, A, B, C, D, E, F, G, H, I, J, K, L, M, N, O, P, Q, R, S, T, U, V, W, X, Y, Z, , , , , , , , , , , , , , , , , , , , , , , , , , , , , , , , , , , , , , , , , , , , , , , , , , , , , , , , , , , , , , , , , , , , , , , , , , , , , , , , , , , , , , , , , , , , , , , , , , , , , , , , , , , , , , , , , , , , , , , , , , , , , , , , , , , , , , , , , , , , , , , , , , , , , , , , , , , , , , , , , , , , , , , , , , , , , , , , , , , , , , , , , , , , #, ]
11-24 21:54:58.616  2039  2039 V Mms     : onStart: #1 resultCode: -1 = Activity.RESULT_OK
11-24 21:54:58.620  2102  2102 D AlertReceiver: onReceive: a=android.intent.action.PROVIDER_CHANGED Intent { act=android.intent.action.PROVIDER_CHANGED dat=content://com.android.calendar flg=0x10 cmp=com.android.calendar/.alerts.AlertReceiver }
11-24 21:54:58.624  2102  2303 D AlertService: 0 Action = android.intent.action.PROVIDER_CHANGED
11-24 21:54:59.246  2202  2202 D WeatherUpdateService: Service started, but shouldn't update ... stopping
11-24 21:54:59.390   949   949 D KeyguardUpdateMonitor: ACTION_SERVICE_STATE_CHANGED on sub: 1 mServiceState: 0 0 voice home data home   46001   46001  UMTS LTE CSS not supported -1 -1 RoamInd=-1 DefRoamInd=-1 EmergOnly=false
11-24 21:54:59.505  2331  2331 D CellBroadcastReceiver: onReceive Intent { act=android.intent.action.SERVICE_STATE flg=0x10 cmp=com.android.cellbroadcastreceiver/.CellBroadcastReceiver (has extras) }
11-24 21:54:59.505  2331  2331 D CellBroadcastReceiver: Intent ACTION_SERVICE_STATE_CHANGED
11-24 21:54:59.506  2331  2331 D CellBroadcastReceiver: Service state changed! 0 Full: 0 0 voice home data home   46001   46001  UMTS LTE CSS not supported -1 -1 RoamInd=-1 DefRoamInd=-1 EmergOnly=false Current state=-1
11-24 21:54:59.521  2331  2362 D CellBroadcastConfigService: enabling emergency cell broadcast channels
11-24 21:54:59.573  1229  1246 D IccSmsInterfaceManager: [IccSmsInterfaceManager] Failed to add cdma broadcast subscription for MID range 4097 to 4097 from client com.android.cellbroadcastreceiver
11-24 21:54:59.599  1229  1246 D IccSmsInterfaceManager: [IccSmsInterfaceManager] Failed to add cdma broadcast subscription for MID range 4098 to 4098 from client com.android.cellbroadcastreceiver
11-24 21:54:59.626  1229  1246 D IccSmsInterfaceManager: [IccSmsInterfaceManager] Failed to add cdma broadcast subscription for MID range 4099 to 4099 from client com.android.cellbroadcastreceiver
11-24 21:54:59.653  1229  1785 D IccSmsInterfaceManager: [IccSmsInterfaceManager] Failed to add cdma broadcast subscription for MID range 4096 to 4096 from client com.android.cellbroadcastreceiver
11-24 21:54:59.663  2331  2362 D CellBroadcastConfigService: enabled emergency cell broadcast channels
11-24 21:54:59.663  2331  2362 D CellBroadcastConfigService: disabling cell broadcast channel 50
11-24 21:54:59.673  1229  1785 D IccSmsInterfaceManager: [IccSmsInterfaceManager] Failed to remove GSM cell broadcast subscription for MID range 50 to 50 from client com.android.cellbroadcastreceiver
11-24 21:54:59.676  2331  2362 D CellBroadcastConfigService: disabling channels 919-928
11-24 21:54:59.685  1229  1245 D IccSmsInterfaceManager: [IccSmsInterfaceManager] Failed to remove GSM cell broadcast subscription for MID range 919 to 928 from client com.android.cellbroadcastreceiver
11-24 21:54:59.685  2331  2362 D CellBroadcastConfigService: disabling cell broadcast ETWS test messages
11-24 21:54:59.700  1229  1785 D IccSmsInterfaceManager: [IccSmsInterfaceManager] Failed to remove GSM cell broadcast subscription for MID range 4355 to 4355 from client com.android.cellbroadcastreceiver
11-24 21:54:59.700  2331  2362 D CellBroadcastConfigService: disabling cell broadcast CMAS test messages
11-24 21:54:59.709  1229  1245 D IccSmsInterfaceManager: [IccSmsInterfaceManager] Failed to remove GSM cell broadcast subscription for MID range 4380 to 4382 from client com.android.cellbroadcastreceiver
11-24 21:54:59.730  1229  1785 D IccSmsInterfaceManager: [IccSmsInterfaceManager] Failed to remove cdma broadcast subscription for MID range 4100 to 4100 from client com.android.cellbroadcastreceiver
11-24 21:55:00.410   949   949 D KeyguardUpdateMonitor: ACTION_SERVICE_STATE_CHANGED on sub: 1 mServiceState: 0 0 voice home data home   46001   46001  UMTS UMTS CSS not supported -1 -1 RoamInd=-1 DefRoamInd=-1 EmergOnly=false
11-24 21:55:00.418  2331  2331 D CellBroadcastReceiver: onReceive Intent { act=android.intent.action.SERVICE_STATE flg=0x10 cmp=com.android.cellbroadcastreceiver/.CellBroadcastReceiver (has extras) }
11-24 21:55:00.418  2331  2331 D CellBroadcastReceiver: Intent ACTION_SERVICE_STATE_CHANGED
11-24 21:55:00.418  2331  2331 D CellBroadcastReceiver: Service state changed! 0 Full: 0 0 voice home data home   46001   46001  UMTS UMTS CSS not supported -1 -1 RoamInd=-1 DefRoamInd=-1 EmergOnly=false Current state=-1
11-24 21:55:00.436  2331  2387 D CellBroadcastConfigService: enabling emergency cell broadcast channels
11-24 21:55:00.493  1229  1245 D IccSmsInterfaceManager: [IccSmsInterfaceManager] Failed to add cdma broadcast subscription for MID range 4097 to 4097 from client com.android.cellbroadcastreceiver
11-24 21:55:00.520  1229  1245 D IccSmsInterfaceManager: [IccSmsInterfaceManager] Failed to add cdma broadcast subscription for MID range 4098 to 4098 from client com.android.cellbroadcastreceiver
11-24 21:55:00.559  1229  1246 D IccSmsInterfaceManager: [IccSmsInterfaceManager] Failed to add cdma broadcast subscription for MID range 4099 to 4099 from client com.android.cellbroadcastreceiver
11-24 21:55:00.590  1229  1246 D IccSmsInterfaceManager: [IccSmsInterfaceManager] Failed to add cdma broadcast subscription for MID range 4096 to 4096 from client com.android.cellbroadcastreceiver
11-24 21:55:00.602  2331  2387 D CellBroadcastConfigService: enabled emergency cell broadcast channels
11-24 21:55:00.603  2331  2387 D CellBroadcastConfigService: disabling cell broadcast channel 50
11-24 21:55:00.613  1229  1246 D IccSmsInterfaceManager: [IccSmsInterfaceManager] Failed to remove GSM cell broadcast subscription for MID range 50 to 50 from client com.android.cellbroadcastreceiver
11-24 21:55:00.616  2331  2387 D CellBroadcastConfigService: disabling channels 919-928
11-24 21:55:00.623  1229  1785 D IccSmsInterfaceManager: [IccSmsInterfaceManager] Failed to remove GSM cell broadcast subscription for MID range 919 to 928 from client com.android.cellbroadcastreceiver
11-24 21:55:00.623  2331  2387 D CellBroadcastConfigService: disabling cell broadcast ETWS test messages
11-24 21:55:00.638  1229  1246 D IccSmsInterfaceManager: [IccSmsInterfaceManager] Failed to remove GSM cell broadcast subscription for MID range 4355 to 4355 from client com.android.cellbroadcastreceiver
11-24 21:55:00.638  2331  2387 D CellBroadcastConfigService: disabling cell broadcast CMAS test messages
11-24 21:55:00.647  1229  1785 D IccSmsInterfaceManager: [IccSmsInterfaceManager] Failed to remove GSM cell broadcast subscription for MID range 4380 to 4382 from client com.android.cellbroadcastreceiver
11-24 21:55:00.662  1229  1246 D IccSmsInterfaceManager: [IccSmsInterfaceManager] Failed to remove cdma broadcast subscription for MID range 4100 to 4100 from client com.android.cellbroadcastreceiver
11-24 21:55:01.721  1984  2400 E SQLiteLog: (284) automatic index on view_events(_id)
11-24 21:55:03.511  2221  2247 E WhisperPush: GcmRecurringRegistration
11-24 21:55:03.511  2221  2247 E WhisperPush: java.io.IOException: SERVICE_NOT_AVAILABLE
11-24 21:55:03.511  2221  2247 E WhisperPush: 	at com.google.android.gms.gcm.GoogleCloudMessaging.register(Unknown Source)
11-24 21:55:03.511  2221  2247 E WhisperPush: 	at org.whispersystems.whisperpush.gcm.GcmHelper.getRegistrationId(GcmHelper.java:65)
11-24 21:55:03.511  2221  2247 E WhisperPush: 	at org.whispersystems.whisperpush.WhisperPush$1.doInBackground(WhisperPush.java:52)
11-24 21:55:03.511  2221  2247 E WhisperPush: 	at org.whispersystems.whisperpush.WhisperPush$1.doInBackground(WhisperPush.java:48)
11-24 21:55:03.511  2221  2247 E WhisperPush: 	at android.os.AsyncTask$2.call(AsyncTask.java:292)
11-24 21:55:03.511  2221  2247 E WhisperPush: 	at java.util.concurrent.FutureTask.run(FutureTask.java:237)
11-24 21:55:03.511  2221  2247 E WhisperPush: 	at android.os.AsyncTask$SerialExecutor$1.run(AsyncTask.java:231)
11-24 21:55:03.511  2221  2247 E WhisperPush: 	at java.util.concurrent.ThreadPoolExecutor.runWorker(ThreadPoolExecutor.java:1112)
11-24 21:55:03.511  2221  2247 E WhisperPush: 	at java.util.concurrent.ThreadPoolExecutor$Worker.run(ThreadPoolExecutor.java:587)
11-24 21:55:03.511  2221  2247 E WhisperPush: 	at java.lang.Thread.run(Thread.java:818)
11-24 21:55:03.661  2102  2303 I GlobalDismissManager: no sender configured
11-24 21:55:03.661  2102  2303 D AlertService: Beginning updateAlertNotification
11-24 21:55:03.720  2102  2303 D AlertService: No fired or scheduled alerts
11-24 21:55:03.730  2102  2303 D AlertService: Scheduling next alarm with AlarmScheduler. sEventReminderReceived: null
11-24 21:55:03.740  2102  2303 D AlarmScheduler: No events found starting within 1 week.
11-24 21:55:05.832   778   882 I InputReader: Reconfiguring input devices.  changes=0x00000020
11-24 21:55:05.878  1250  1250 I Launcher: Deferring update until onResume
11-24 21:55:05.881  1250  1250 D Launcher.Model: bindComponentsAvailable: 1
11-24 21:55:05.888  1250  1250 I Launcher: Deferring update until onResume
11-24 21:55:05.892  1250  1250 W Launcher: setApplicationContext called twice! old=com.android.launcher3.LauncherApplication@35150b13 new=com.android.launcher3.LauncherApplication@35150b13
11-24 21:55:05.941   778   798 W Searchables: No global search activity found
11-24 21:55:06.906   949   949 D KeyguardUpdateMonitor: ACTION_SERVICE_STATE_CHANGED on sub: 1 mServiceState: 0 0 voice home data home   46001   46001  LTE LTE CSS not supported -1 -1 RoamInd=-1 DefRoamInd=-1 EmergOnly=false
11-24 21:55:06.960  2331  2331 D CellBroadcastReceiver: onReceive Intent { act=android.intent.action.SERVICE_STATE flg=0x10 cmp=com.android.cellbroadcastreceiver/.CellBroadcastReceiver (has extras) }
11-24 21:55:06.960  2331  2331 D CellBroadcastReceiver: Intent ACTION_SERVICE_STATE_CHANGED
11-24 21:55:06.961  2331  2331 D CellBroadcastReceiver: Service state changed! 0 Full: 0 0 voice home data home   46001   46001  LTE LTE CSS not supported -1 -1 RoamInd=-1 DefRoamInd=-1 EmergOnly=false Current state=-1
11-24 21:55:06.973  2331  2455 D CellBroadcastConfigService: enabling emergency cell broadcast channels
11-24 21:55:07.028  1229  1785 D IccSmsInterfaceManager: [IccSmsInterfaceManager] Failed to add cdma broadcast subscription for MID range 4097 to 4097 from client com.android.cellbroadcastreceiver
11-24 21:55:07.067  1229  1785 D IccSmsInterfaceManager: [IccSmsInterfaceManager] Failed to add cdma broadcast subscription for MID range 4098 to 4098 from client com.android.cellbroadcastreceiver
11-24 21:55:07.098  1229  1785 D IccSmsInterfaceManager: [IccSmsInterfaceManager] Failed to add cdma broadcast subscription for MID range 4099 to 4099 from client com.android.cellbroadcastreceiver
11-24 21:55:07.148  1229  1785 D IccSmsInterfaceManager: [IccSmsInterfaceManager] Failed to add cdma broadcast subscription for MID range 4096 to 4096 from client com.android.cellbroadcastreceiver
11-24 21:55:07.173  2331  2455 D CellBroadcastConfigService: enabled emergency cell broadcast channels
11-24 21:55:07.173  2331  2455 D CellBroadcastConfigService: disabling cell broadcast channel 50
11-24 21:55:07.195  1229  1785 D IccSmsInterfaceManager: [IccSmsInterfaceManager] Failed to remove GSM cell broadcast subscription for MID range 50 to 50 from client com.android.cellbroadcastreceiver
11-24 21:55:07.201  2331  2455 D CellBroadcastConfigService: disabling channels 919-928
11-24 21:55:07.218  1229  1715 D IccSmsInterfaceManager: [IccSmsInterfaceManager] Failed to remove GSM cell broadcast subscription for MID range 919 to 928 from client com.android.cellbroadcastreceiver
11-24 21:55:07.218  2331  2455 D CellBroadcastConfigService: disabling cell broadcast ETWS test messages
11-24 21:55:07.249  1229  1785 D IccSmsInterfaceManager: [IccSmsInterfaceManager] Failed to remove GSM cell broadcast subscription for MID range 4355 to 4355 from client com.android.cellbroadcastreceiver
11-24 21:55:07.250  2331  2455 D CellBroadcastConfigService: disabling cell broadcast CMAS test messages
11-24 21:55:07.272  1229  1715 D IccSmsInterfaceManager: [IccSmsInterfaceManager] Failed to remove GSM cell broadcast subscription for MID range 4380 to 4382 from client com.android.cellbroadcastreceiver
11-24 21:55:07.292  1229  1785 D IccSmsInterfaceManager: [IccSmsInterfaceManager] Failed to remove cdma broadcast subscription for MID range 4100 to 4100 from client com.android.cellbroadcastreceiver
11-24 21:55:07.603   968   968 D MtpService: updating state; isCurrentUser=true, mMtpLocked=false
11-24 21:55:07.608   968   968 D MtpService: updating state; isCurrentUser=true, mMtpLocked=false
11-24 21:55:07.612   968   968 D MtpService: starting MTP server in MTP mode
11-24 21:55:11.195  1229  1827 I Timeline: Timeline: Activity_launch_request id:com.android.stk time:37535
11-24 21:55:11.214  1250  1250 D Launcher.Workspace: 11683562 - removeExtraEmptyScreen()
11-24 21:55:11.214  1250  1250 D Launcher.Workspace: 11683562 - convertFinalScreenToEmptyScreenIfNecessary()
11-24 21:55:11.304  1250  1250 I Timeline: Timeline: Activity_idle id: android.os.BinderProxy@1898ea79 time:37643
11-24 21:55:11.354  1229  1229 I Timeline: Timeline: Activity_idle id: android.os.BinderProxy@2798b84b time:37694
11-24 21:55:11.356   778   806 I ActivityManager: Displayed com.android.stk/.StkDialogActivity: +69ms
11-24 21:55:11.538   778   806 I Timeline: Timeline: Activity_windows_visible id: ActivityRecord{e095a94 u0 com.android.stk/.StkDialogActivity t3} time:37878
11-24 21:55:12.360   318   318 I 360s    : type=1400 audit(0.0:171): avc: denied { connect } for scontext=u:r:init:s0 tcontext=u:r:adbd:s0 tclass=tcp_socket permissive=1
11-24 21:55:12.380  2498  2498 I sh      : type=1400 audit(0.0:172): avc: denied { execute_no_trans } for path="/system/bin/sh" dev="mmcblk0p25" ino=325 scontext=u:r:init_shell:s0 tcontext=u:object_r:shell_exec:s0 tclass=file permissive=1
11-24 21:55:12.380  2498  2498 I sh      : type=1400 audit(0.0:173): avc: denied { execute_no_trans } for path="/system/bin/app_process32" dev="mmcblk0p25" ino=156 scontext=u:r:init_shell:s0 tcontext=u:object_r:zygote_exec:s0 tclass=file permissive=1
11-24 21:55:12.530  2498  2498 I app_process: type=1400 audit(0.0:174): avc: denied { execute } for path="/data/dalvik-cache/arm/system@framework@boot.oat" dev="mmcblk0p28" ino=105876 scontext=u:r:init_shell:s0 tcontext=u:object_r:dalvikcache_data_file:s0 tclass=file permissive=1
11-24 21:55:12.546  2498  2498 D AndroidRuntime: >>>>>> START com.android.internal.os.RuntimeInit uid 0 <<<<<<
11-24 21:55:12.548  2498  2498 D AndroidRuntime: CheckJNI is OFF
11-24 21:55:12.630   188   188 I servicemanager: type=1400 audit(0.0:175): avc: denied { search } for name="2498" dev="proc" ino=15542 scontext=u:r:servicemanager:s0 tcontext=u:r:init_shell:s0 tclass=dir permissive=1
11-24 21:55:12.630   188   188 I servicemanager: type=1400 audit(0.0:176): avc: denied { read } for name="current" dev="proc" ino=15580 scontext=u:r:servicemanager:s0 tcontext=u:r:init_shell:s0 tclass=file permissive=1
11-24 21:55:12.630   188   188 I servicemanager: type=1400 audit(0.0:177): avc: denied { open } for name="current" dev="proc" ino=15580 scontext=u:r:servicemanager:s0 tcontext=u:r:init_shell:s0 tclass=file permissive=1
11-24 21:55:12.630   188   188 I servicemanager: type=1400 audit(0.0:178): avc: denied { getattr } for scontext=u:r:servicemanager:s0 tcontext=u:r:init_shell:s0 tclass=process permissive=1
11-24 21:55:12.646  2498  2498 D AndroidRuntime: Calling main entry com.android.commands.pm.Pm
11-24 21:55:12.662  2498  2498 I art     : System.exit called, status: 0
11-24 21:55:12.662  2498  2498 I AndroidRuntime: VM exiting with result code 0.
11-24 21:55:12.831  2514  2514 D AndroidRuntime: >>>>>> START com.android.internal.os.RuntimeInit uid 0 <<<<<<
11-24 21:55:12.833  2514  2514 D AndroidRuntime: CheckJNI is OFF
11-24 21:55:12.933  2514  2514 D AndroidRuntime: Calling main entry com.android.commands.am.Am
11-24 21:55:12.936  2514  2514 D AndroidRuntime: Shutting down VM
11-24 21:55:22.885  2533  2533 D AndroidRuntime: >>>>>> START com.android.internal.os.RuntimeInit uid 0 <<<<<<
11-24 21:55:22.887  2533  2533 D AndroidRuntime: CheckJNI is OFF
11-24 21:55:22.984  2533  2533 D AndroidRuntime: Calling main entry com.android.commands.am.Am
11-24 21:55:22.988  2533  2533 D AndroidRuntime: Shutting down VM
11-24 21:55:25.113   949   949 D PhoneStatusBar: disable: < expand ICONS alerts SYSTEM_INFO back HOME RECENT clock SEARCH >
11-24 21:55:25.135   949   949 D PhoneStatusBar: disable: < expand icons* alerts system_info* back HOME RECENT clock SEARCH >
11-24 21:55:25.146   949  1487 D BluetoothAdapter: 188056790: getState() :  mService = null. Returning STATE_OFF
11-24 21:55:25.146   949  1487 D BluetoothAdapter: 188056790: getState() :  mService = null. Returning STATE_OFF
11-24 21:55:25.181   949   949 D PhoneStatusBar: disable: < expand icons alerts system_info back home* recent* clock search* >
11-24 21:55:25.188   778   778 W IInputConnectionWrapper: showStatusIcon on inactive InputConnection
11-24 21:55:25.231  1172  1452 E BrcmNfcJni: nfaConnectionCallback: unknown event ????
11-24 21:55:25.231  1172  1452 D BrcmNfcJni: RoutingManager::nfaEeCallback: NFA_EE_SET_TECH_CFG_EVT; status=0x0
11-24 21:55:25.231  1172  1452 D BrcmNfcJni: RoutingManager::nfaEeCallback: NFA_EE_SET_PROTO_CFG_EVT; status=0x0
11-24 21:55:25.231  1172  2558 D BrcmNfcJni: RoutingManager::commitRouting
11-24 21:55:25.238  1172  1452 D BrcmNfcJni: RoutingManager::nfaEeCallback: NFA_EE_UPDATED_EVT
11-24 21:55:25.959   778   908 E AudioTrack: AudioTrack::set : Exit
11-24 21:55:25.966   190   325 D PermissionCache: checking android.permission.READ_FRAME_BUFFER for uid=1000 => granted (166 us)
11-24 21:55:26.013  1250  1250 I Timeline: Timeline: Activity_idle id: android.os.BinderProxy@1898ea79 time:52352
11-24 21:55:26.060  1229  1229 I art     : Explicit concurrent mark sweep GC freed 38206(2MB) AllocSpace objects, 53(1019KB) LOS objects, 40% free, 19MB/32MB, paused 1.283ms total 46.143ms
11-24 21:55:26.068   203   886 D audio_hw_primary: out_set_parameters: enter: usecase(1: low-latency-playback) kvpairs: routing=4
11-24 21:55:26.093  1229  1229 I art     : Explicit concurrent mark sweep GC freed 7419(319KB) AllocSpace objects, 72(1458KB) LOS objects, 40% free, 18MB/30MB, paused 1.145ms total 26.393ms
11-24 21:55:26.114  1229  1229 I art     : Explicit concurrent mark sweep GC freed 3(96B) AllocSpace objects, 0(0B) LOS objects, 40% free, 18MB/30MB, paused 1.365ms total 19.960ms
11-24 21:55:26.132  1229  1877 D OpenGLRenderer: endAllStagingAnimators on 0xa2d61980 (RippleDrawable) with handle 0xaee0f0c0
11-24 21:55:26.513   203   863 D audio_hw_primary: select_devices: out_snd_device(5: headphones) in_snd_device(0: none)
11-24 21:55:26.513   203   863 D msm8974_platform: platform_send_audio_calibration: sending audio calibration for snd_device(5) acdb_id(10)
11-24 21:55:26.513   203   863 D audio_hw_primary: enable_snd_device: snd_device(5: headphones)
11-24 21:55:26.519   203   863 D audio_hw_primary: enable_audio_route: apply and update mixer path: low-latency-playback
11-24 21:55:26.630   778   908 E AudioTrack: AudioTrack::set : Exit
11-24 21:55:27.550  2102  2146 D InitAlarmsService: Clearing and rescheduling alarms.
11-24 21:55:29.798   203   886 D audio_hw_primary: disable_audio_route: reset and update mixer path: low-latency-playback
11-24 21:55:29.798   203   886 D audio_hw_primary: disable_snd_device: snd_device(5: headphones)
11-24 21:55:32.875  2587  2587 D AndroidRuntime: >>>>>> START com.android.internal.os.RuntimeInit uid 0 <<<<<<
11-24 21:55:32.877  2587  2587 D AndroidRuntime: CheckJNI is OFF
11-24 21:55:33.015  2587  2587 D AndroidRuntime: Calling main entry com.android.commands.am.Am
11-24 21:55:33.018  2587  2587 D AndroidRuntime: Shutting down VM
11-24 21:55:37.315  2626  2626 I dumpstate: begin
11-24 21:55:39.295   778   786 I art     : Thread[5,tid=786,WaitingInMainSignalCatcherLoop,Thread*=0xb4828c00,peer=0x12c020a0,"Signal Catcher"]: reacting to signal 3
11-24 21:55:40.636   778   786 I art     : Wrote stack traces to '/data/anr/traces.txt'
11-24 21:55:40.636   949   956 I art     : Thread[5,tid=956,WaitingInMainSignalCatcherLoop,Thread*=0xb4a2b800,peer=0x12c000a0,"Signal Catcher"]: reacting to signal 3
11-24 21:55:40.946   968   977 I art     : Thread[5,tid=977,WaitingInMainSignalCatcherLoop,Thread*=0xb4a2b800,peer=0x32c070a0,"Signal Catcher"]: reacting to signal 3
11-24 21:55:40.951   949   956 I art     : Wrote stack traces to '/data/anr/traces.txt'
11-24 21:55:41.090   968   977 I art     : Wrote stack traces to '/data/anr/traces.txt'
11-24 21:55:41.091  1090  1099 I art     : Thread[5,tid=1099,WaitingInMainSignalCatcherLoop,Thread*=0xb4a2c000,peer=0x32c070a0,"Signal Catcher"]: reacting to signal 3
11-24 21:55:41.197  1090  1099 I art     : Wrote stack traces to '/data/anr/traces.txt'
11-24 21:55:41.198  1119  1132 I art     : Thread[5,tid=1132,WaitingInMainSignalCatcherLoop,Thread*=0xb4a2b800,peer=0x32c070a0,"Signal Catcher"]: reacting to signal 3
11-24 21:55:41.294  1119  1132 I art     : Wrote stack traces to '/data/anr/traces.txt'
11-24 21:55:41.295  1146  1156 I art     : Thread[5,tid=1156,WaitingInMainSignalCatcherLoop,Thread*=0xb4a2b800,peer=0x12c000a0,"Signal Catcher"]: reacting to signal 3
11-24 21:55:41.442  1172  1182 I art     : Thread[5,tid=1182,WaitingInMainSignalCatcherLoop,Thread*=0xb4a2b800,peer=0x12c000a0,"Signal Catcher"]: reacting to signal 3
11-24 21:55:41.444  1146  1156 I art     : Wrote stack traces to '/data/anr/traces.txt'
11-24 21:55:41.581  1172  1182 I art     : Wrote stack traces to '/data/anr/traces.txt'
11-24 21:55:41.582  1193  1205 I art     : Thread[5,tid=1205,WaitingInMainSignalCatcherLoop,Thread*=0xb4a2c000,peer=0x12c000a0,"Signal Catcher"]: reacting to signal 3
11-24 21:55:41.679  1229  1238 I art     : Thread[5,tid=1238,WaitingInMainSignalCatcherLoop,Thread*=0xb4a2b800,peer=0x12c000a0,"Signal Catcher"]: reacting to signal 3
11-24 21:55:41.682  1193  1205 I art     : Wrote stack traces to '/data/anr/traces.txt'
11-24 21:55:42.088  1250  1260 I art     : Thread[5,tid=1260,WaitingInMainSignalCatcherLoop,Thread*=0xb4a2b800,peer=0x12c000a0,"Signal Catcher"]: reacting to signal 3
11-24 21:55:42.090  1229  1238 I art     : Wrote stack traces to '/data/anr/traces.txt'
11-24 21:55:42.264  1250  1260 I art     : Wrote stack traces to '/data/anr/traces.txt'
11-24 21:55:42.265  1273  1283 I art     : Thread[5,tid=1283,WaitingInMainSignalCatcherLoop,Thread*=0xb4a2b800,peer=0x32c070a0,"Signal Catcher"]: reacting to signal 3
11-24 21:55:42.364  1505  1518 I art     : Thread[5,tid=1518,WaitingInMainSignalCatcherLoop,Thread*=0xb4a2b800,peer=0x12c000a0,"Signal Catcher"]: reacting to signal 3
11-24 21:55:42.370  1273  1283 I art     : Wrote stack traces to '/data/anr/traces.txt'
11-24 21:55:42.449  1614  1623 I art     : Thread[5,tid=1623,WaitingInMainSignalCatcherLoop,Thread*=0xb4a2c000,peer=0x32c070a0,"Signal Catcher"]: reacting to signal 3
11-24 21:55:42.450  1505  1518 I art     : Wrote stack traces to '/data/anr/traces.txt'
11-24 21:55:42.578  1912  1921 I art     : Thread[5,tid=1921,WaitingInMainSignalCatcherLoop,Thread*=0xb4a2b800,peer=0x32c070a0,"Signal Catcher"]: reacting to signal 3
11-24 21:55:42.580  1614  1623 I art     : Wrote stack traces to '/data/anr/traces.txt'
11-24 21:55:42.677  1941  1949 I art     : Thread[5,tid=1949,WaitingInMainSignalCatcherLoop,Thread*=0xb4a2b800,peer=0x32c070a0,"Signal Catcher"]: reacting to signal 3
11-24 21:55:42.680  1912  1921 I art     : Wrote stack traces to '/data/anr/traces.txt'
11-24 21:55:42.700  2670  2670 I am      : type=1400 audit(0.0:179): avc: denied { execute_no_trans } for path="/system/bin/app_process32" dev="mmcblk0p25" ino=156 scontext=u:r:init_shell:s0 tcontext=u:object_r:zygote_exec:s0 tclass=file permissive=1
11-24 21:55:42.808  1941  1949 I art     : Wrote stack traces to '/data/anr/traces.txt'
11-24 21:55:42.809  1984  1991 I art     : Thread[5,tid=1991,WaitingInMainSignalCatcherLoop,Thread*=0xb4a2c000,peer=0x32c070a0,"Signal Catcher"]: reacting to signal 3
11-24 21:55:42.843  2670  2670 D AndroidRuntime: >>>>>> START com.android.internal.os.RuntimeInit uid 0 <<<<<<
11-24 21:55:42.845  2670  2670 D AndroidRuntime: CheckJNI is OFF
11-24 21:55:42.830  2670  2670 I app_process: type=1400 audit(0.0:180): avc: denied { execute } for path="/data/dalvik-cache/arm/system@framework@boot.oat" dev="mmcblk0p28" ino=105876 scontext=u:r:init_shell:s0 tcontext=u:object_r:dalvikcache_data_file:s0 tclass=file permissive=1
11-24 21:55:42.912  1984  1991 I art     : Wrote stack traces to '/data/anr/traces.txt'
11-24 21:55:42.913  2010  2019 I art     : Thread[5,tid=2019,WaitingInMainSignalCatcherLoop,Thread*=0xb4a2b800,peer=0x32c070a0,"Signal Catcher"]: reacting to signal 3
11-24 21:55:42.937  2670  2670 D AndroidRuntime: Calling main entry com.android.commands.am.Am
