11-24 22:02:59.869   778   794 I am_home_stack_moved: [0,0,1,1,startedActivity setFocusedActivity]
11-24 22:02:59.871   778   794 I am_focused_activity: [0,io.github.izzyleung.zhihudailypurify/.ui.activity.PickDateActivity]
11-24 22:02:59.878  2733  2733 I am_on_paused_called: [0,io.github.izzyleung.zhihudailypurify.ui.activity.MainActivity]
11-24 22:02:59.881   778  1155 I am_restart_activity: [0,50321911,42,io.github.izzyleung.zhihudailypurify/.ui.activity.PickDateActivity]
11-24 22:02:59.958  2733  2733 I am_on_resume_called: [0,io.github.izzyleung.zhihudailypurify.ui.activity.PickDateActivity]
11-24 22:03:00.226   778   806 I am_activity_launch_time: [0,50321911,io.github.izzyleung.zhihudailypurify/.ui.activity.PickDateActivity,345,345]
11-24 22:03:01.235   778   989 I am_finish_activity: [0,50321911,42,io.github.izzyleung.zhihudailypurify/.ui.activity.PickDateActivity,app-request]
11-24 22:03:01.235   778   989 I am_home_stack_moved: [0,0,1,1,finishActivity adjustTopFocus setFocusedActivity]
11-24 22:03:01.236   778   989 I am_focused_activity: [0,io.github.izzyleung.zhihudailypurify/.ui.activity.MainActivity]
11-24 22:03:01.236   778   989 I am_pause_activity: [0,50321911,io.github.izzyleung.zhihudailypurify/.ui.activity.PickDateActivity]
11-24 22:03:01.243  2733  2733 I am_on_paused_called: [0,io.github.izzyleung.zhihudailypurify.ui.activity.PickDateActivity]
11-24 22:03:01.244   778  1220 I am_resume_activity: [0,518387080,42,io.github.izzyleung.zhihudailypurify/.ui.activity.MainActivity]
11-24 22:03:01.268  2733  2733 I am_on_resume_called: [0,io.github.izzyleung.zhihudailypurify.ui.activity.MainActivity]
11-24 22:03:01.627   778   799 I am_destroy_activity: [0,50321911,42,io.github.izzyleung.zhihudailypurify/.ui.activity.PickDateActivity,finish-imm]
11-24 22:03:02.388   778  1280 I am_finish_activity: [0,518387080,42,io.github.izzyleung.zhihudailypurify/.ui.activity.MainActivity,app-request]
11-24 22:03:02.395   778  1280 I am_home_stack_moved: [0,1,0,0,finishActivity adjustFocus]
11-24 22:03:02.395   778  1280 I wm_task_moved: [1,1,0]
11-24 22:03:02.422   778  1280 I am_home_stack_moved: [0,1,0,0,finishActivity adjustTopFocus setFocusedActivity]
11-24 22:03:02.425   778  1280 I am_focused_activity: [0,com.cyanogenmod.trebuchet/com.android.launcher3.Launcher]
11-24 22:03:02.441   778  1280 I am_pause_activity: [0,518387080,io.github.izzyleung.zhihudailypurify/.ui.activity.MainActivity]
11-24 22:03:02.444  2733  2733 I am_on_paused_called: [0,io.github.izzyleung.zhihudailypurify.ui.activity.MainActivity]
11-24 22:03:02.456   778   794 I am_resume_activity: [0,368830383,1,com.cyanogenmod.trebuchet/com.android.launcher3.Launcher]
11-24 22:03:02.473  1250  1250 I am_on_resume_called: [0,com.android.launcher3.Launcher]
11-24 22:03:02.767   778   799 I am_destroy_activity: [0,518387080,42,io.github.izzyleung.zhihudailypurify/.ui.activity.MainActivity,finish-imm]
11-24 22:03:02.952   778   806 I wm_task_removed: [42,removeAppToken: last token]
11-24 22:03:02.952   778   806 I wm_task_removed: [42,removeTask]
11-24 22:03:05.716   778  1219 I am_home_stack_moved: [0,0,1,1,startingNewTask]
11-24 22:03:05.716   778  1219 I am_create_task: [0,43]
11-24 22:03:05.716   778  1219 I am_create_activity: [0,774787,43,io.github.izzyleung.zhihudailypurify/.ui.activity.MainActivity,android.intent.action.MAIN,NULL,NULL,270532608]
11-24 22:03:05.718   778  1219 I wm_task_created: [43,1]
11-24 22:03:05.718   778  1219 I wm_task_moved: [43,1,0]
11-24 22:03:05.725   778  1219 I am_pause_activity: [0,368830383,com.cyanogenmod.trebuchet/com.android.launcher3.Launcher]
11-24 22:03:05.729   778  1219 I am_home_stack_moved: [0,0,1,1,startedActivity setFocusedActivity]
11-24 22:03:05.730   778  1219 I am_focused_activity: [0,io.github.izzyleung.zhihudailypurify/.ui.activity.MainActivity]
11-24 22:03:05.739  1250  1250 I am_on_paused_called: [0,com.android.launcher3.Launcher]
11-24 22:03:05.743   778  1220 I am_restart_activity: [0,774787,43,io.github.izzyleung.zhihudailypurify/.ui.activity.MainActivity]
11-24 22:03:05.797  2733  2733 I am_on_resume_called: [0,io.github.izzyleung.zhihudailypurify.ui.activity.MainActivity]
11-24 22:03:05.909   778   806 I am_activity_launch_time: [0,774787,io.github.izzyleung.zhihudailypurify/.ui.activity.MainActivity,168,168]
11-24 22:03:06.231   190   190 I sf_frame_dur: [com.cyanogenmod.trebuchet/com.android.launcher3.Launcher,0,0,0,1,0,0,1]
11-24 22:03:11.163   778  1155 I am_home_stack_moved: [0,0,1,1,sourceStackToFront]
11-24 22:03:11.164   778  1155 I wm_task_moved: [43,1,0]
11-24 22:03:11.170   778  1155 I am_create_activity: [0,596326190,43,io.github.izzyleung.zhihudailypurify/.ui.activity.PickDateActivity,NULL,NULL,NULL,0]
11-24 22:03:11.172   778  1155 I am_pause_activity: [0,774787,io.github.izzyleung.zhihudailypurify/.ui.activity.MainActivity]
11-24 22:03:11.175   778  1155 I am_home_stack_moved: [0,0,1,1,startedActivity setFocusedActivity]
11-24 22:03:11.182   778  1155 I am_focused_activity: [0,io.github.izzyleung.zhihudailypurify/.ui.activity.PickDateActivity]
11-24 22:03:11.186  2733  2733 I am_on_paused_called: [0,io.github.izzyleung.zhihudailypurify.ui.activity.MainActivity]
11-24 22:03:11.187   778  1212 I am_restart_activity: [0,596326190,43,io.github.izzyleung.zhihudailypurify/.ui.activity.PickDateActivity]
11-24 22:03:11.253  2733  2733 I am_on_resume_called: [0,io.github.izzyleung.zhihudailypurify.ui.activity.PickDateActivity]
11-24 22:03:11.499   778   806 I am_activity_launch_time: [0,596326190,io.github.izzyleung.zhihudailypurify/.ui.activity.PickDateActivity,313,313]
11-24 22:03:12.507   778   795 I am_finish_activity: [0,596326190,43,io.github.izzyleung.zhihudailypurify/.ui.activity.PickDateActivity,app-request]
11-24 22:03:12.508   778   795 I am_home_stack_moved: [0,0,1,1,finishActivity adjustTopFocus setFocusedActivity]
11-24 22:03:12.508   778   795 I am_focused_activity: [0,io.github.izzyleung.zhihudailypurify/.ui.activity.MainActivity]
11-24 22:03:12.509   778   795 I am_pause_activity: [0,596326190,io.github.izzyleung.zhihudailypurify/.ui.activity.PickDateActivity]
11-24 22:03:12.517  2733  2733 I am_on_paused_called: [0,io.github.izzyleung.zhihudailypurify.ui.activity.PickDateActivity]
11-24 22:03:12.518   778  1212 I am_resume_activity: [0,774787,43,io.github.izzyleung.zhihudailypurify/.ui.activity.MainActivity]
11-24 22:03:12.538  2733  2733 I am_on_resume_called: [0,io.github.izzyleung.zhihudailypurify.ui.activity.MainActivity]
11-24 22:03:12.900   778   799 I am_destroy_activity: [0,596326190,43,io.github.izzyleung.zhihudailypurify/.ui.activity.PickDateActivity,finish-imm]
11-24 22:03:13.668   778   795 I am_finish_activity: [0,774787,43,io.github.izzyleung.zhihudailypurify/.ui.activity.MainActivity,app-request]
11-24 22:03:13.686   778   795 I am_home_stack_moved: [0,1,0,0,finishActivity adjustFocus]
11-24 22:03:13.686   778   795 I wm_task_moved: [1,1,0]
11-24 22:03:13.699   778   795 I am_home_stack_moved: [0,1,0,0,finishActivity adjustTopFocus setFocusedActivity]
11-24 22:03:13.706   778   795 I am_focused_activity: [0,com.cyanogenmod.trebuchet/com.android.launcher3.Launcher]
11-24 22:03:13.721   778   795 I am_pause_activity: [0,774787,io.github.izzyleung.zhihudailypurify/.ui.activity.MainActivity]
11-24 22:03:13.725  2733  2733 I am_on_paused_called: [0,io.github.izzyleung.zhihudailypurify.ui.activity.MainActivity]
11-24 22:03:13.733   778  1219 I am_resume_activity: [0,368830383,1,com.cyanogenmod.trebuchet/com.android.launcher3.Launcher]
11-24 22:03:13.750  1250  1250 I am_on_resume_called: [0,com.android.launcher3.Launcher]
11-24 22:03:14.039   778   799 I am_destroy_activity: [0,774787,43,io.github.izzyleung.zhihudailypurify/.ui.activity.MainActivity,finish-imm]
11-24 22:03:14.208   778   806 I wm_task_removed: [43,removeAppToken: last token]
11-24 22:03:14.208   778   806 I wm_task_removed: [43,removeTask]
11-24 22:03:16.986   778  1280 I am_home_stack_moved: [0,0,1,1,startingNewTask]
11-24 22:03:16.986   778  1280 I am_create_task: [0,44]
11-24 22:03:16.986   778  1280 I am_create_activity: [0,950436842,44,io.github.izzyleung.zhihudailypurify/.ui.activity.MainActivity,android.intent.action.MAIN,NULL,NULL,270532608]
11-24 22:03:16.986   778  1280 I wm_task_created: [44,1]
11-24 22:03:16.986   778  1280 I wm_task_moved: [44,1,0]
11-24 22:03:16.987   778  1280 I am_pause_activity: [0,368830383,com.cyanogenmod.trebuchet/com.android.launcher3.Launcher]
11-24 22:03:16.991   778  1280 I am_home_stack_moved: [0,0,1,1,startedActivity setFocusedActivity]
11-24 22:03:16.993   778  1280 I am_focused_activity: [0,io.github.izzyleung.zhihudailypurify/.ui.activity.MainActivity]
11-24 22:03:17.016  1250  1250 I am_on_paused_called: [0,com.android.launcher3.Launcher]
11-24 22:03:17.020   778   986 I am_restart_activity: [0,950436842,44,io.github.izzyleung.zhihudailypurify/.ui.activity.MainActivity]
11-24 22:03:17.078  2733  2733 I am_on_resume_called: [0,io.github.izzyleung.zhihudailypurify.ui.activity.MainActivity]
11-24 22:03:17.184   778   806 I am_activity_launch_time: [0,950436842,io.github.izzyleung.zhihudailypurify/.ui.activity.MainActivity,167,167]
11-24 22:03:17.504   190   190 I sf_frame_dur: [com.cyanogenmod.trebuchet/com.android.launcher3.Launcher,0,0,1,0,0,0,1]
11-24 22:03:22.419   778  1155 I am_home_stack_moved: [0,0,1,1,sourceStackToFront]
11-24 22:03:22.419   778  1155 I wm_task_moved: [44,1,0]
11-24 22:03:22.425   778  1155 I am_create_activity: [0,749396929,44,io.github.izzyleung.zhihudailypurify/.ui.activity.PickDateActivity,NULL,NULL,NULL,0]
11-24 22:03:22.436   778  1155 I am_pause_activity: [0,950436842,io.github.izzyleung.zhihudailypurify/.ui.activity.MainActivity]
11-24 22:03:22.438   778  1155 I am_home_stack_moved: [0,0,1,1,startedActivity setFocusedActivity]
11-24 22:03:22.441   778  1155 I am_focused_activity: [0,io.github.izzyleung.zhihudailypurify/.ui.activity.PickDateActivity]
11-24 22:03:22.448  2733  2733 I am_on_paused_called: [0,io.github.izzyleung.zhihudailypurify.ui.activity.MainActivity]
11-24 22:03:22.451   778  1221 I am_restart_activity: [0,749396929,44,io.github.izzyleung.zhihudailypurify/.ui.activity.PickDateActivity]
11-24 22:03:22.520  2733  2733 I am_on_resume_called: [0,io.github.izzyleung.zhihudailypurify.ui.activity.PickDateActivity]
11-24 22:03:22.762   778   806 I am_activity_launch_time: [0,749396929,io.github.izzyleung.zhihudailypurify/.ui.activity.PickDateActivity,312,312]
11-24 22:03:23.776   778  1267 I am_finish_activity: [0,749396929,44,io.github.izzyleung.zhihudailypurify/.ui.activity.PickDateActivity,app-request]
11-24 22:03:23.776   778  1267 I am_home_stack_moved: [0,0,1,1,finishActivity adjustTopFocus setFocusedActivity]
11-24 22:03:23.777   778  1267 I am_focused_activity: [0,io.github.izzyleung.zhihudailypurify/.ui.activity.MainActivity]
11-24 22:03:23.778   778  1267 I am_pause_activity: [0,749396929,io.github.izzyleung.zhihudailypurify/.ui.activity.PickDateActivity]
11-24 22:03:23.790  2733  2733 I am_on_paused_called: [0,io.github.izzyleung.zhihudailypurify.ui.activity.PickDateActivity]
11-24 22:03:23.791   778   989 I am_resume_activity: [0,950436842,44,io.github.izzyleung.zhihudailypurify/.ui.activity.MainActivity]
11-24 22:03:23.813  2733  2733 I am_on_resume_called: [0,io.github.izzyleung.zhihudailypurify.ui.activity.MainActivity]
11-24 22:03:24.174   778   799 I am_destroy_activity: [0,749396929,44,io.github.izzyleung.zhihudailypurify/.ui.activity.PickDateActivity,finish-imm]
11-24 22:03:24.936   778   795 I am_finish_activity: [0,950436842,44,io.github.izzyleung.zhihudailypurify/.ui.activity.MainActivity,app-request]
11-24 22:03:24.943   778   795 I am_home_stack_moved: [0,1,0,0,finishActivity adjustFocus]
11-24 22:03:24.943   778   795 I wm_task_moved: [1,1,0]
11-24 22:03:24.952   778   795 I am_home_stack_moved: [0,1,0,0,finishActivity adjustTopFocus setFocusedActivity]
11-24 22:03:24.955   778   795 I am_focused_activity: [0,com.cyanogenmod.trebuchet/com.android.launcher3.Launcher]
11-24 22:03:24.975   778   795 I am_pause_activity: [0,950436842,io.github.izzyleung.zhihudailypurify/.ui.activity.MainActivity]
11-24 22:03:24.981  2733  2733 I am_on_paused_called: [0,io.github.izzyleung.zhihudailypurify.ui.activity.MainActivity]
11-24 22:03:24.990   778  1155 I am_resume_activity: [0,368830383,1,com.cyanogenmod.trebuchet/com.android.launcher3.Launcher]
11-24 22:03:25.003  1250  1250 I am_on_resume_called: [0,com.android.launcher3.Launcher]
11-24 22:03:25.299   778   799 I am_destroy_activity: [0,950436842,44,io.github.izzyleung.zhihudailypurify/.ui.activity.MainActivity,finish-imm]
11-24 22:03:25.483   778   806 I wm_task_removed: [44,removeAppToken: last token]
11-24 22:03:25.483   778   806 I wm_task_removed: [44,removeTask]
11-24 22:03:28.150   778   794 I am_home_stack_moved: [0,0,1,1,startingNewTask]
11-24 22:03:28.150   778   794 I am_create_task: [0,45]
11-24 22:03:28.150   778   794 I am_create_activity: [0,732667245,45,io.github.izzyleung.zhihudailypurify/.ui.activity.MainActivity,android.intent.action.MAIN,NULL,NULL,270532608]
11-24 22:03:28.150   778   794 I wm_task_created: [45,1]
11-24 22:03:28.150   778   794 I wm_task_moved: [45,1,0]
11-24 22:03:28.154   778   794 I am_pause_activity: [0,368830383,com.cyanogenmod.trebuchet/com.android.launcher3.Launcher]
11-24 22:03:28.155   778   794 I am_home_stack_moved: [0,0,1,1,startedActivity setFocusedActivity]
11-24 22:03:28.156   778   794 I am_focused_activity: [0,io.github.izzyleung.zhihudailypurify/.ui.activity.MainActivity]
11-24 22:03:28.167  1250  1250 I am_on_paused_called: [0,com.android.launcher3.Launcher]
11-24 22:03:28.171   778  1220 I am_restart_activity: [0,732667245,45,io.github.izzyleung.zhihudailypurify/.ui.activity.MainActivity]
11-24 22:03:28.269  2733  2733 I am_on_resume_called: [0,io.github.izzyleung.zhihudailypurify.ui.activity.MainActivity]
11-24 22:03:28.356   778   806 I am_activity_launch_time: [0,732667245,io.github.izzyleung.zhihudailypurify/.ui.activity.MainActivity,186,186]
11-24 22:03:28.644   190   190 I sf_frame_dur: [com.cyanogenmod.trebuchet/com.android.launcher3.Launcher,0,0,0,1,0,0,1]
11-24 22:03:33.577   778  1220 I am_home_stack_moved: [0,0,1,1,sourceStackToFront]
11-24 22:03:33.577   778  1220 I wm_task_moved: [45,1,0]
11-24 22:03:33.586   778  1220 I am_create_activity: [0,786384672,45,io.github.izzyleung.zhihudailypurify/.ui.activity.PickDateActivity,NULL,NULL,NULL,0]
11-24 22:03:33.587   778  1220 I am_pause_activity: [0,732667245,io.github.izzyleung.zhihudailypurify/.ui.activity.MainActivity]
11-24 22:03:33.589   778  1220 I am_home_stack_moved: [0,0,1,1,startedActivity setFocusedActivity]
11-24 22:03:33.594   778  1220 I am_focused_activity: [0,io.github.izzyleung.zhihudailypurify/.ui.activity.PickDateActivity]
11-24 22:03:33.598  2733  2733 I am_on_paused_called: [0,io.github.izzyleung.zhihudailypurify.ui.activity.MainActivity]
11-24 22:03:33.600   778  1218 I am_restart_activity: [0,786384672,45,io.github.izzyleung.zhihudailypurify/.ui.activity.PickDateActivity]
11-24 22:03:33.662  2733  2733 I am_on_resume_called: [0,io.github.izzyleung.zhihudailypurify.ui.activity.PickDateActivity]
11-24 22:03:33.929   778   806 I am_activity_launch_time: [0,786384672,io.github.izzyleung.zhihudailypurify/.ui.activity.PickDateActivity,330,330]
11-24 22:03:34.947   778  1218 I am_finish_activity: [0,786384672,45,io.github.izzyleung.zhihudailypurify/.ui.activity.PickDateActivity,app-request]
11-24 22:03:34.947   778  1218 I am_home_stack_moved: [0,0,1,1,finishActivity adjustTopFocus setFocusedActivity]
11-24 22:03:34.948   778  1218 I am_focused_activity: [0,io.github.izzyleung.zhihudailypurify/.ui.activity.MainActivity]
11-24 22:03:34.948   778  1218 I am_pause_activity: [0,786384672,io.github.izzyleung.zhihudailypurify/.ui.activity.PickDateActivity]
11-24 22:03:34.964  2733  2733 I am_on_paused_called: [0,io.github.izzyleung.zhihudailypurify.ui.activity.PickDateActivity]
11-24 22:03:34.965   778  1267 I am_resume_activity: [0,732667245,45,io.github.izzyleung.zhihudailypurify/.ui.activity.MainActivity]
11-24 22:03:34.986  2733  2733 I am_on_resume_called: [0,io.github.izzyleung.zhihudailypurify.ui.activity.MainActivity]
11-24 22:03:35.347   778   799 I am_destroy_activity: [0,786384672,45,io.github.izzyleung.zhihudailypurify/.ui.activity.PickDateActivity,finish-imm]
11-24 22:03:36.113   778  1218 I am_finish_activity: [0,732667245,45,io.github.izzyleung.zhihudailypurify/.ui.activity.MainActivity,app-request]
11-24 22:03:36.123   778  1218 I am_home_stack_moved: [0,1,0,0,finishActivity adjustFocus]
11-24 22:03:36.123   778  1218 I wm_task_moved: [1,1,0]
11-24 22:03:36.133   778  1218 I am_home_stack_moved: [0,1,0,0,finishActivity adjustTopFocus setFocusedActivity]
11-24 22:03:36.146   778  1218 I am_focused_activity: [0,com.cyanogenmod.trebuchet/com.android.launcher3.Launcher]
11-24 22:03:36.162   778  1218 I am_pause_activity: [0,732667245,io.github.izzyleung.zhihudailypurify/.ui.activity.MainActivity]
11-24 22:03:36.167  2733  2733 I am_on_paused_called: [0,io.github.izzyleung.zhihudailypurify.ui.activity.MainActivity]
11-24 22:03:36.179   778  1212 I am_resume_activity: [0,368830383,1,com.cyanogenmod.trebuchet/com.android.launcher3.Launcher]
11-24 22:03:36.202  1250  1250 I am_on_resume_called: [0,com.android.launcher3.Launcher]
11-24 22:03:36.504   778   799 I am_destroy_activity: [0,732667245,45,io.github.izzyleung.zhihudailypurify/.ui.activity.MainActivity,finish-imm]
11-24 22:03:36.672   778   806 I wm_task_removed: [45,removeAppToken: last token]
11-24 22:03:36.672   778   806 I wm_task_removed: [45,removeTask]
11-24 22:03:39.410   778  1219 I am_home_stack_moved: [0,0,1,1,startingNewTask]
11-24 22:03:39.410   778  1219 I am_create_task: [0,46]
11-24 22:03:39.410   778  1219 I am_create_activity: [0,272828796,46,io.github.izzyleung.zhihudailypurify/.ui.activity.MainActivity,android.intent.action.MAIN,NULL,NULL,270532608]
11-24 22:03:39.413   778  1219 I wm_task_created: [46,1]
11-24 22:03:39.413   778  1219 I wm_task_moved: [46,1,0]
11-24 22:03:39.422   778  1219 I am_pause_activity: [0,368830383,com.cyanogenmod.trebuchet/com.android.launcher3.Launcher]
11-24 22:03:39.424   778  1219 I am_home_stack_moved: [0,0,1,1,startedActivity setFocusedActivity]
11-24 22:03:39.425   778  1219 I am_focused_activity: [0,io.github.izzyleung.zhihudailypurify/.ui.activity.MainActivity]
11-24 22:03:39.435  1250  1250 I am_on_paused_called: [0,com.android.launcher3.Launcher]
11-24 22:03:39.447   778   794 I am_restart_activity: [0,272828796,46,io.github.izzyleung.zhihudailypurify/.ui.activity.MainActivity]
11-24 22:03:39.503  2733  2733 I am_on_resume_called: [0,io.github.izzyleung.zhihudailypurify.ui.activity.MainActivity]
11-24 22:03:39.618   778   806 I am_activity_launch_time: [0,272828796,io.github.izzyleung.zhihudailypurify/.ui.activity.MainActivity,176,176]
11-24 22:03:39.934   190   190 I sf_frame_dur: [com.cyanogenmod.trebuchet/com.android.launcher3.Launcher,0,0,0,1,0,0,1]
11-24 22:03:44.882   778   795 I am_home_stack_moved: [0,0,1,1,sourceStackToFront]
11-24 22:03:44.882   778   795 I wm_task_moved: [46,1,0]
11-24 22:03:44.890   778   795 I am_create_activity: [0,928386683,46,io.github.izzyleung.zhihudailypurify/.ui.activity.PickDateActivity,NULL,NULL,NULL,0]
11-24 22:03:44.892   778   795 I am_pause_activity: [0,272828796,io.github.izzyleung.zhihudailypurify/.ui.activity.MainActivity]
11-24 22:03:44.898   778   795 I am_home_stack_moved: [0,0,1,1,startedActivity setFocusedActivity]
11-24 22:03:44.903   778   795 I am_focused_activity: [0,io.github.izzyleung.zhihudailypurify/.ui.activity.PickDateActivity]
11-24 22:03:44.906  2733  2733 I am_on_paused_called: [0,io.github.izzyleung.zhihudailypurify.ui.activity.MainActivity]
11-24 22:03:44.908   778  1221 I am_restart_activity: [0,928386683,46,io.github.izzyleung.zhihudailypurify/.ui.activity.PickDateActivity]
11-24 22:03:44.991  2733  2733 I am_on_resume_called: [0,io.github.izzyleung.zhihudailypurify.ui.activity.PickDateActivity]
11-24 22:03:45.261   778   806 I am_activity_launch_time: [0,928386683,io.github.izzyleung.zhihudailypurify/.ui.activity.PickDateActivity,354,354]
11-24 22:03:46.270   778  1221 I am_finish_activity: [0,928386683,46,io.github.izzyleung.zhihudailypurify/.ui.activity.PickDateActivity,app-request]
11-24 22:03:46.271   778  1221 I am_home_stack_moved: [0,0,1,1,finishActivity adjustTopFocus setFocusedActivity]
11-24 22:03:46.272   778  1221 I am_focused_activity: [0,io.github.izzyleung.zhihudailypurify/.ui.activity.MainActivity]
11-24 22:03:46.272   778  1221 I am_pause_activity: [0,928386683,io.github.izzyleung.zhihudailypurify/.ui.activity.PickDateActivity]
11-24 22:03:46.286  2733  2733 I am_on_paused_called: [0,io.github.izzyleung.zhihudailypurify.ui.activity.PickDateActivity]
11-24 22:03:46.287   778  1280 I am_resume_activity: [0,272828796,46,io.github.izzyleung.zhihudailypurify/.ui.activity.MainActivity]
11-24 22:03:46.311  2733  2733 I am_on_resume_called: [0,io.github.izzyleung.zhihudailypurify.ui.activity.MainActivity]
11-24 22:03:46.672   778   799 I am_destroy_activity: [0,928386683,46,io.github.izzyleung.zhihudailypurify/.ui.activity.PickDateActivity,finish-imm]
11-24 22:03:47.444   778  1221 I am_finish_activity: [0,272828796,46,io.github.izzyleung.zhihudailypurify/.ui.activity.MainActivity,app-request]
11-24 22:03:47.454   778  1221 I am_home_stack_moved: [0,1,0,0,finishActivity adjustFocus]
11-24 22:03:47.454   778  1221 I wm_task_moved: [1,1,0]
11-24 22:03:47.459   778  1221 I am_home_stack_moved: [0,1,0,0,finishActivity adjustTopFocus setFocusedActivity]
11-24 22:03:47.462   778  1221 I am_focused_activity: [0,com.cyanogenmod.trebuchet/com.android.launcher3.Launcher]
11-24 22:03:47.477   778  1221 I am_pause_activity: [0,272828796,io.github.izzyleung.zhihudailypurify/.ui.activity.MainActivity]
11-24 22:03:47.481  2733  2733 I am_on_paused_called: [0,io.github.izzyleung.zhihudailypurify.ui.activity.MainActivity]
11-24 22:03:47.495   778  1218 I am_resume_activity: [0,368830383,1,com.cyanogenmod.trebuchet/com.android.launcher3.Launcher]
11-24 22:03:47.503  1250  1250 I am_on_resume_called: [0,com.android.launcher3.Launcher]
11-24 22:03:47.794   778   799 I am_destroy_activity: [0,272828796,46,io.github.izzyleung.zhihudailypurify/.ui.activity.MainActivity,finish-imm]
11-24 22:03:47.980   778   806 I wm_task_removed: [46,removeAppToken: last token]
11-24 22:03:47.980   778   806 I wm_task_removed: [46,removeTask]
11-24 22:03:50.702   778   795 I am_home_stack_moved: [0,0,1,1,startingNewTask]
11-24 22:03:50.702   778   795 I am_create_task: [0,47]
11-24 22:03:50.702   778   795 I am_create_activity: [0,399279175,47,io.github.izzyleung.zhihudailypurify/.ui.activity.MainActivity,android.intent.action.MAIN,NULL,NULL,270532608]
11-24 22:03:50.702   778   795 I wm_task_created: [47,1]
11-24 22:03:50.703   778   795 I wm_task_moved: [47,1,0]
11-24 22:03:50.703   778   795 I am_pause_activity: [0,368830383,com.cyanogenmod.trebuchet/com.android.launcher3.Launcher]
11-24 22:03:50.706   778   795 I am_home_stack_moved: [0,0,1,1,startedActivity setFocusedActivity]
11-24 22:03:50.717   778   795 I am_focused_activity: [0,io.github.izzyleung.zhihudailypurify/.ui.activity.MainActivity]
11-24 22:03:50.742  1250  1250 I am_on_paused_called: [0,com.android.launcher3.Launcher]
11-24 22:03:50.746   778  1221 I am_restart_activity: [0,399279175,47,io.github.izzyleung.zhihudailypurify/.ui.activity.MainActivity]
11-24 22:03:50.793  2733  2733 I am_on_resume_called: [0,io.github.izzyleung.zhihudailypurify.ui.activity.MainActivity]
11-24 22:03:50.895   778   806 I am_activity_launch_time: [0,399279175,io.github.izzyleung.zhihudailypurify/.ui.activity.MainActivity,152,152]
11-24 22:03:51.207   190   190 I sf_frame_dur: [com.cyanogenmod.trebuchet/com.android.launcher3.Launcher,0,0,0,1,0,0,1]
11-24 22:03:56.114   778   794 I am_home_stack_moved: [0,0,1,1,sourceStackToFront]
11-24 22:03:56.114   778   794 I wm_task_moved: [47,1,0]
11-24 22:03:56.119   778   794 I am_create_activity: [0,596239298,47,io.github.izzyleung.zhihudailypurify/.ui.activity.PickDateActivity,NULL,NULL,NULL,0]
11-24 22:03:56.120   778   794 I am_pause_activity: [0,399279175,io.github.izzyleung.zhihudailypurify/.ui.activity.MainActivity]
11-24 22:03:56.123   778   794 I am_home_stack_moved: [0,0,1,1,startedActivity setFocusedActivity]
11-24 22:03:56.131   778   794 I am_focused_activity: [0,io.github.izzyleung.zhihudailypurify/.ui.activity.PickDateActivity]
11-24 22:03:56.137  2733  2733 I am_on_paused_called: [0,io.github.izzyleung.zhihudailypurify.ui.activity.MainActivity]
11-24 22:03:56.139   778  1280 I am_restart_activity: [0,596239298,47,io.github.izzyleung.zhihudailypurify/.ui.activity.PickDateActivity]
11-24 22:03:56.222  2733  2733 I am_on_resume_called: [0,io.github.izzyleung.zhihudailypurify.ui.activity.PickDateActivity]
11-24 22:03:56.508   778   806 I am_activity_launch_time: [0,596239298,io.github.izzyleung.zhihudailypurify/.ui.activity.PickDateActivity,371,371]
11-24 22:03:57.523   778  1212 I am_finish_activity: [0,596239298,47,io.github.izzyleung.zhihudailypurify/.ui.activity.PickDateActivity,app-request]
11-24 22:03:57.523   778  1212 I am_home_stack_moved: [0,0,1,1,finishActivity adjustTopFocus setFocusedActivity]
11-24 22:03:57.525   778  1212 I am_focused_activity: [0,io.github.izzyleung.zhihudailypurify/.ui.activity.MainActivity]
11-24 22:03:57.525   778  1212 I am_pause_activity: [0,596239298,io.github.izzyleung.zhihudailypurify/.ui.activity.PickDateActivity]
11-24 22:03:57.530  2733  2733 I am_on_paused_called: [0,io.github.izzyleung.zhihudailypurify.ui.activity.PickDateActivity]
11-24 22:03:57.531   778   794 I am_resume_activity: [0,399279175,47,io.github.izzyleung.zhihudailypurify/.ui.activity.MainActivity]
11-24 22:03:57.545  2733  2733 I am_on_resume_called: [0,io.github.izzyleung.zhihudailypurify.ui.activity.MainActivity]
11-24 22:03:57.929   778   799 I am_destroy_activity: [0,596239298,47,io.github.izzyleung.zhihudailypurify/.ui.activity.PickDateActivity,finish-imm]
11-24 22:03:58.662   778   795 I am_finish_activity: [0,399279175,47,io.github.izzyleung.zhihudailypurify/.ui.activity.MainActivity,app-request]
11-24 22:03:58.667   778   795 I am_home_stack_moved: [0,1,0,0,finishActivity adjustFocus]
11-24 22:03:58.667   778   795 I wm_task_moved: [1,1,0]
11-24 22:03:58.688   778   795 I am_home_stack_moved: [0,1,0,0,finishActivity adjustTopFocus setFocusedActivity]
11-24 22:03:58.706   778   795 I am_focused_activity: [0,com.cyanogenmod.trebuchet/com.android.launcher3.Launcher]
11-24 22:03:58.723   778   795 I am_pause_activity: [0,399279175,io.github.izzyleung.zhihudailypurify/.ui.activity.MainActivity]
11-24 22:03:58.726  2733  2733 I am_on_paused_called: [0,io.github.izzyleung.zhihudailypurify.ui.activity.MainActivity]
11-24 22:03:58.741   778   986 I am_resume_activity: [0,368830383,1,com.cyanogenmod.trebuchet/com.android.launcher3.Launcher]
11-24 22:03:58.759  1250  1250 I am_on_resume_called: [0,com.android.launcher3.Launcher]
11-24 22:03:59.051   778   799 I am_destroy_activity: [0,399279175,47,io.github.izzyleung.zhihudailypurify/.ui.activity.MainActivity,finish-imm]
11-24 22:03:59.220   778   806 I wm_task_removed: [47,removeAppToken: last token]
11-24 22:03:59.220   778   806 I wm_task_removed: [47,removeTask]
11-24 22:04:01.992   778  1219 I am_home_stack_moved: [0,0,1,1,startingNewTask]
11-24 22:04:01.992   778  1219 I am_create_task: [0,48]
11-24 22:04:01.993   778  1219 I am_create_activity: [0,572228286,48,io.github.izzyleung.zhihudailypurify/.ui.activity.MainActivity,android.intent.action.MAIN,NULL,NULL,270532608]
11-24 22:04:01.993   778  1219 I wm_task_created: [48,1]
11-24 22:04:01.994   778  1219 I wm_task_moved: [48,1,0]
11-24 22:04:01.997   778  1219 I am_pause_activity: [0,368830383,com.cyanogenmod.trebuchet/com.android.launcher3.Launcher]
11-24 22:04:01.999   778  1219 I am_home_stack_moved: [0,0,1,1,startedActivity setFocusedActivity]
11-24 22:04:02.000   778  1219 I am_focused_activity: [0,io.github.izzyleung.zhihudailypurify/.ui.activity.MainActivity]
11-24 22:04:02.020  1250  1250 I am_on_paused_called: [0,com.android.launcher3.Launcher]
11-24 22:04:02.027   778  1212 I am_restart_activity: [0,572228286,48,io.github.izzyleung.zhihudailypurify/.ui.activity.MainActivity]
11-24 22:04:02.087  2733  2733 I am_on_resume_called: [0,io.github.izzyleung.zhihudailypurify.ui.activity.MainActivity]
11-24 22:04:02.222   778   806 I am_activity_launch_time: [0,572228286,io.github.izzyleung.zhihudailypurify/.ui.activity.MainActivity,198,198]
11-24 22:04:02.515   190   190 I sf_frame_dur: [com.cyanogenmod.trebuchet/com.android.launcher3.Launcher,0,0,1,0,0,0,1]
11-24 22:04:07.449   778   794 I am_home_stack_moved: [0,0,1,1,sourceStackToFront]
11-24 22:04:07.449   778   794 I wm_task_moved: [48,1,0]
11-24 22:04:07.457   778   794 I am_create_activity: [0,435912869,48,io.github.izzyleung.zhihudailypurify/.ui.activity.PickDateActivity,NULL,NULL,NULL,0]
11-24 22:04:07.465   778   794 I am_pause_activity: [0,572228286,io.github.izzyleung.zhihudailypurify/.ui.activity.MainActivity]
11-24 22:04:07.470   778   794 I am_home_stack_moved: [0,0,1,1,startedActivity setFocusedActivity]
11-24 22:04:07.472   778   794 I am_focused_activity: [0,io.github.izzyleung.zhihudailypurify/.ui.activity.PickDateActivity]
11-24 22:04:07.479  2733  2733 I am_on_paused_called: [0,io.github.izzyleung.zhihudailypurify.ui.activity.MainActivity]
11-24 22:04:07.481   778  1221 I am_restart_activity: [0,435912869,48,io.github.izzyleung.zhihudailypurify/.ui.activity.PickDateActivity]
11-24 22:04:07.552  2733  2733 I am_on_resume_called: [0,io.github.izzyleung.zhihudailypurify.ui.activity.PickDateActivity]
11-24 22:04:07.862   778   806 I am_activity_launch_time: [0,435912869,io.github.izzyleung.zhihudailypurify/.ui.activity.PickDateActivity,382,382]
11-24 22:04:08.873   778  1219 I am_finish_activity: [0,435912869,48,io.github.izzyleung.zhihudailypurify/.ui.activity.PickDateActivity,app-request]
11-24 22:04:08.874   778  1219 I am_home_stack_moved: [0,0,1,1,finishActivity adjustTopFocus setFocusedActivity]
11-24 22:04:08.875   778  1219 I am_focused_activity: [0,io.github.izzyleung.zhihudailypurify/.ui.activity.MainActivity]
11-24 22:04:08.875   778  1219 I am_pause_activity: [0,435912869,io.github.izzyleung.zhihudailypurify/.ui.activity.PickDateActivity]
11-24 22:04:08.885  2733  2733 I am_on_paused_called: [0,io.github.izzyleung.zhihudailypurify.ui.activity.PickDateActivity]
11-24 22:04:08.887   778   986 I am_resume_activity: [0,572228286,48,io.github.izzyleung.zhihudailypurify/.ui.activity.MainActivity]
11-24 22:04:08.909  2733  2733 I am_on_resume_called: [0,io.github.izzyleung.zhihudailypurify.ui.activity.MainActivity]
11-24 22:04:09.270   778   799 I am_destroy_activity: [0,435912869,48,io.github.izzyleung.zhihudailypurify/.ui.activity.PickDateActivity,finish-imm]
11-24 22:04:10.029   778   989 I am_finish_activity: [0,572228286,48,io.github.izzyleung.zhihudailypurify/.ui.activity.MainActivity,app-request]
11-24 22:04:10.035   778   989 I am_home_stack_moved: [0,1,0,0,finishActivity adjustFocus]
11-24 22:04:10.035   778   989 I wm_task_moved: [1,1,0]
11-24 22:04:10.046   778   989 I am_home_stack_moved: [0,1,0,0,finishActivity adjustTopFocus setFocusedActivity]
11-24 22:04:10.049   778   989 I am_focused_activity: [0,com.cyanogenmod.trebuchet/com.android.launcher3.Launcher]
11-24 22:04:10.067   778   989 I am_pause_activity: [0,572228286,io.github.izzyleung.zhihudailypurify/.ui.activity.MainActivity]
11-24 22:04:10.071  2733  2733 I am_on_paused_called: [0,io.github.izzyleung.zhihudailypurify.ui.activity.MainActivity]
11-24 22:04:10.084   778  1267 I am_resume_activity: [0,368830383,1,com.cyanogenmod.trebuchet/com.android.launcher3.Launcher]
11-24 22:04:10.087   778   799 I dvm_lock_sample: [system_server,1,ActivityManager,7,ActivityManagerService.java,3423,-,6460,1]
11-24 22:04:10.097  1250  1250 I am_on_resume_called: [0,com.android.launcher3.Launcher]
11-24 22:04:10.392   778   799 I am_destroy_activity: [0,572228286,48,io.github.izzyleung.zhihudailypurify/.ui.activity.MainActivity,finish-imm]
11-24 22:04:10.578   778   806 I wm_task_removed: [48,removeAppToken: last token]
11-24 22:04:10.578   778   806 I wm_task_removed: [48,removeTask]
11-24 22:04:13.303   778  1267 I am_home_stack_moved: [0,0,1,1,startingNewTask]
11-24 22:04:13.303   778  1267 I am_create_task: [0,49]
11-24 22:04:13.303   778  1267 I am_create_activity: [0,503657873,49,io.github.izzyleung.zhihudailypurify/.ui.activity.MainActivity,android.intent.action.MAIN,NULL,NULL,270532608]
11-24 22:04:13.304   778  1267 I wm_task_created: [49,1]
11-24 22:04:13.304   778  1267 I wm_task_moved: [49,1,0]
11-24 22:04:13.309   778  1267 I am_pause_activity: [0,368830383,com.cyanogenmod.trebuchet/com.android.launcher3.Launcher]
11-24 22:04:13.313   778  1267 I am_home_stack_moved: [0,0,1,1,startedActivity setFocusedActivity]
11-24 22:04:13.315   778  1267 I am_focused_activity: [0,io.github.izzyleung.zhihudailypurify/.ui.activity.MainActivity]
11-24 22:04:13.329  1250  1250 I am_on_paused_called: [0,com.android.launcher3.Launcher]
11-24 22:04:13.334   778  1212 I am_restart_activity: [0,503657873,49,io.github.izzyleung.zhihudailypurify/.ui.activity.MainActivity]
11-24 22:04:13.386  2733  2733 I am_on_resume_called: [0,io.github.izzyleung.zhihudailypurify.ui.activity.MainActivity]
11-24 22:04:13.485   778   806 I am_activity_launch_time: [0,503657873,io.github.izzyleung.zhihudailypurify/.ui.activity.MainActivity,155,155]
11-24 22:04:13.840   190   190 I sf_frame_dur: [com.cyanogenmod.trebuchet/com.android.launcher3.Launcher,0,0,1,0,0,0,1]
11-24 22:04:18.728   778  1219 I am_home_stack_moved: [0,0,1,1,sourceStackToFront]
11-24 22:04:18.728   778  1219 I wm_task_moved: [49,1,0]
11-24 22:04:18.734   778  1219 I am_create_activity: [0,177442196,49,io.github.izzyleung.zhihudailypurify/.ui.activity.PickDateActivity,NULL,NULL,NULL,0]
11-24 22:04:18.736   778  1219 I am_pause_activity: [0,503657873,io.github.izzyleung.zhihudailypurify/.ui.activity.MainActivity]
11-24 22:04:18.738   778  1219 I am_home_stack_moved: [0,0,1,1,startedActivity setFocusedActivity]
11-24 22:04:18.740   778  1219 I am_focused_activity: [0,io.github.izzyleung.zhihudailypurify/.ui.activity.PickDateActivity]
11-24 22:04:18.754  2733  2733 I am_on_paused_called: [0,io.github.izzyleung.zhihudailypurify.ui.activity.MainActivity]
11-24 22:04:18.756   778   794 I am_restart_activity: [0,177442196,49,io.github.izzyleung.zhihudailypurify/.ui.activity.PickDateActivity]
11-24 22:04:18.822  2733  2733 I am_on_resume_called: [0,io.github.izzyleung.zhihudailypurify.ui.activity.PickDateActivity]
11-24 22:04:19.153   778   806 I am_activity_launch_time: [0,177442196,io.github.izzyleung.zhihudailypurify/.ui.activity.PickDateActivity,399,399]
11-24 22:04:20.162   778  1155 I am_finish_activity: [0,177442196,49,io.github.izzyleung.zhihudailypurify/.ui.activity.PickDateActivity,app-request]
11-24 22:04:20.163   778  1155 I am_home_stack_moved: [0,0,1,1,finishActivity adjustTopFocus setFocusedActivity]
11-24 22:04:20.165   778  1155 I am_focused_activity: [0,io.github.izzyleung.zhihudailypurify/.ui.activity.MainActivity]
11-24 22:04:20.165   778  1155 I am_pause_activity: [0,177442196,io.github.izzyleung.zhihudailypurify/.ui.activity.PickDateActivity]
11-24 22:04:20.178  2733  2733 I am_on_paused_called: [0,io.github.izzyleung.zhihudailypurify.ui.activity.PickDateActivity]
11-24 22:04:20.180   778  1267 I am_resume_activity: [0,503657873,49,io.github.izzyleung.zhihudailypurify/.ui.activity.MainActivity]
11-24 22:04:20.198  2733  2733 I am_on_resume_called: [0,io.github.izzyleung.zhihudailypurify.ui.activity.MainActivity]
11-24 22:04:20.563   778   799 I am_destroy_activity: [0,177442196,49,io.github.izzyleung.zhihudailypurify/.ui.activity.PickDateActivity,finish-imm]
11-24 22:04:21.333   778  1155 I am_finish_activity: [0,503657873,49,io.github.izzyleung.zhihudailypurify/.ui.activity.MainActivity,app-request]
11-24 22:04:21.339   778  1155 I am_home_stack_moved: [0,1,0,0,finishActivity adjustFocus]
11-24 22:04:21.339   778  1155 I wm_task_moved: [1,1,0]
11-24 22:04:21.354   778  1155 I am_home_stack_moved: [0,1,0,0,finishActivity adjustTopFocus setFocusedActivity]
11-24 22:04:21.358   778  1155 I am_focused_activity: [0,com.cyanogenmod.trebuchet/com.android.launcher3.Launcher]
11-24 22:04:21.391   778  1155 I am_pause_activity: [0,503657873,io.github.izzyleung.zhihudailypurify/.ui.activity.MainActivity]
11-24 22:04:21.395  2733  2733 I am_on_paused_called: [0,io.github.izzyleung.zhihudailypurify.ui.activity.MainActivity]
11-24 22:04:21.405   778  1218 I am_resume_activity: [0,368830383,1,com.cyanogenmod.trebuchet/com.android.launcher3.Launcher]
11-24 22:04:21.423  1250  1250 I am_on_resume_called: [0,com.android.launcher3.Launcher]
11-24 22:04:21.719   778   799 I am_destroy_activity: [0,503657873,49,io.github.izzyleung.zhihudailypurify/.ui.activity.MainActivity,finish-imm]
11-24 22:04:21.890   778   806 I wm_task_removed: [49,removeAppToken: last token]
11-24 22:04:21.890   778   806 I wm_task_removed: [49,removeTask]
11-24 22:04:24.627   778  1155 I am_home_stack_moved: [0,0,1,1,startingNewTask]
11-24 22:04:24.627   778  1155 I am_create_task: [0,50]
11-24 22:04:24.627   778  1155 I am_create_activity: [0,349378608,50,io.github.izzyleung.zhihudailypurify/.ui.activity.MainActivity,android.intent.action.MAIN,NULL,NULL,270532608]
11-24 22:04:24.627   778  1155 I wm_task_created: [50,1]
11-24 22:04:24.627   778  1155 I wm_task_moved: [50,1,0]
11-24 22:04:24.628   778  1155 I am_pause_activity: [0,368830383,com.cyanogenmod.trebuchet/com.android.launcher3.Launcher]
11-24 22:04:24.642   778  1155 I am_home_stack_moved: [0,0,1,1,startedActivity setFocusedActivity]
11-24 22:04:24.644   778  1155 I am_focused_activity: [0,io.github.izzyleung.zhihudailypurify/.ui.activity.MainActivity]
11-24 22:04:24.667  1250  1250 I am_on_paused_called: [0,com.android.launcher3.Launcher]
11-24 22:04:24.673   778   989 I am_restart_activity: [0,349378608,50,io.github.izzyleung.zhihudailypurify/.ui.activity.MainActivity]
11-24 22:04:24.715  2733  2733 I am_on_resume_called: [0,io.github.izzyleung.zhihudailypurify.ui.activity.MainActivity]
11-24 22:04:24.818   778   806 I am_activity_launch_time: [0,349378608,io.github.izzyleung.zhihudailypurify/.ui.activity.MainActivity,149,149]
11-24 22:04:25.133   190   190 I sf_frame_dur: [com.cyanogenmod.trebuchet/com.android.launcher3.Launcher,0,0,0,1,0,0,1]
11-24 22:04:30.065   778  1280 I am_home_stack_moved: [0,0,1,1,sourceStackToFront]
11-24 22:04:30.065   778  1280 I wm_task_moved: [50,1,0]
11-24 22:04:30.073   778  1280 I am_create_activity: [0,186809535,50,io.github.izzyleung.zhihudailypurify/.ui.activity.PickDateActivity,NULL,NULL,NULL,0]
11-24 22:04:30.077   778  1280 I am_pause_activity: [0,349378608,io.github.izzyleung.zhihudailypurify/.ui.activity.MainActivity]
11-24 22:04:30.079   778  1280 I am_home_stack_moved: [0,0,1,1,startedActivity setFocusedActivity]
11-24 22:04:30.082   778  1280 I am_focused_activity: [0,io.github.izzyleung.zhihudailypurify/.ui.activity.PickDateActivity]
11-24 22:04:30.091  2733  2733 I am_on_paused_called: [0,io.github.izzyleung.zhihudailypurify.ui.activity.MainActivity]
11-24 22:04:30.093   778  1218 I am_restart_activity: [0,186809535,50,io.github.izzyleung.zhihudailypurify/.ui.activity.PickDateActivity]
11-24 22:04:30.158  2733  2733 I am_on_resume_called: [0,io.github.izzyleung.zhihudailypurify.ui.activity.PickDateActivity]
11-24 22:04:30.452   778   806 I am_activity_launch_time: [0,186809535,io.github.izzyleung.zhihudailypurify/.ui.activity.PickDateActivity,359,359]
11-24 22:04:31.464   778  1218 I am_finish_activity: [0,186809535,50,io.github.izzyleung.zhihudailypurify/.ui.activity.PickDateActivity,app-request]
11-24 22:04:31.465   778  1218 I am_home_stack_moved: [0,0,1,1,finishActivity adjustTopFocus setFocusedActivity]
11-24 22:04:31.466   778  1218 I am_focused_activity: [0,io.github.izzyleung.zhihudailypurify/.ui.activity.MainActivity]
11-24 22:04:31.466   778  1218 I am_pause_activity: [0,186809535,io.github.izzyleung.zhihudailypurify/.ui.activity.PickDateActivity]
11-24 22:04:31.470  2733  2733 I am_on_paused_called: [0,io.github.izzyleung.zhihudailypurify.ui.activity.PickDateActivity]
11-24 22:04:31.472   778  1212 I am_resume_activity: [0,349378608,50,io.github.izzyleung.zhihudailypurify/.ui.activity.MainActivity]
11-24 22:04:31.491  2733  2733 I am_on_resume_called: [0,io.github.izzyleung.zhihudailypurify.ui.activity.MainActivity]
11-24 22:04:31.854   778   799 I am_destroy_activity: [0,186809535,50,io.github.izzyleung.zhihudailypurify/.ui.activity.PickDateActivity,finish-imm]
11-24 22:04:32.621   778  1218 I am_finish_activity: [0,349378608,50,io.github.izzyleung.zhihudailypurify/.ui.activity.MainActivity,app-request]
11-24 22:04:32.627   778  1218 I am_home_stack_moved: [0,1,0,0,finishActivity adjustFocus]
11-24 22:04:32.627   778  1218 I wm_task_moved: [1,1,0]
11-24 22:04:32.635   778  1218 I am_home_stack_moved: [0,1,0,0,finishActivity adjustTopFocus setFocusedActivity]
11-24 22:04:32.645   778  1218 I am_focused_activity: [0,com.cyanogenmod.trebuchet/com.android.launcher3.Launcher]
11-24 22:04:32.665   778  1218 I am_pause_activity: [0,349378608,io.github.izzyleung.zhihudailypurify/.ui.activity.MainActivity]
11-24 22:04:32.668  2733  2733 I am_on_paused_called: [0,io.github.izzyleung.zhihudailypurify.ui.activity.MainActivity]
11-24 22:04:32.680   778   795 I am_resume_activity: [0,368830383,1,com.cyanogenmod.trebuchet/com.android.launcher3.Launcher]
11-24 22:04:32.687  1250  1250 I am_on_resume_called: [0,com.android.launcher3.Launcher]
11-24 22:04:32.993   778   799 I am_destroy_activity: [0,349378608,50,io.github.izzyleung.zhihudailypurify/.ui.activity.MainActivity,finish-imm]
11-24 22:04:33.162   778   806 I wm_task_removed: [50,removeAppToken: last token]
11-24 22:04:33.162   778   806 I wm_task_removed: [50,removeTask]
11-24 22:04:35.926   778   794 I am_home_stack_moved: [0,0,1,1,startingNewTask]
11-24 22:04:35.926   778   794 I am_create_task: [0,51]
11-24 22:04:35.927   778   794 I am_create_activity: [0,765344715,51,io.github.izzyleung.zhihudailypurify/.ui.activity.MainActivity,android.intent.action.MAIN,NULL,NULL,270532608]
11-24 22:04:35.928   778   794 I wm_task_created: [51,1]
11-24 22:04:35.929   778   794 I wm_task_moved: [51,1,0]
11-24 22:04:35.930   778   794 I am_pause_activity: [0,368830383,com.cyanogenmod.trebuchet/com.android.launcher3.Launcher]
11-24 22:04:35.931   778   794 I am_home_stack_moved: [0,0,1,1,startedActivity setFocusedActivity]
11-24 22:04:35.933   778   794 I am_focused_activity: [0,io.github.izzyleung.zhihudailypurify/.ui.activity.MainActivity]
11-24 22:04:35.952  1250  1250 I am_on_paused_called: [0,com.android.launcher3.Launcher]
11-24 22:04:35.956   778  1212 I am_restart_activity: [0,765344715,51,io.github.izzyleung.zhihudailypurify/.ui.activity.MainActivity]
11-24 22:04:36.016  2733  2733 I am_on_resume_called: [0,io.github.izzyleung.zhihudailypurify.ui.activity.MainActivity]
11-24 22:04:36.113   778   806 I am_activity_launch_time: [0,765344715,io.github.izzyleung.zhihudailypurify/.ui.activity.MainActivity,160,160]
11-24 22:04:36.441   190   190 I sf_frame_dur: [com.cyanogenmod.trebuchet/com.android.launcher3.Launcher,0,0,1,0,0,0,1]
11-24 22:04:41.343   778   986 I am_home_stack_moved: [0,0,1,1,sourceStackToFront]
11-24 22:04:41.343   778   986 I wm_task_moved: [51,1,0]
11-24 22:04:41.348   778   986 I am_create_activity: [0,948982038,51,io.github.izzyleung.zhihudailypurify/.ui.activity.PickDateActivity,NULL,NULL,NULL,0]
11-24 22:04:41.355   778   986 I am_pause_activity: [0,765344715,io.github.izzyleung.zhihudailypurify/.ui.activity.MainActivity]
11-24 22:04:41.362   778   986 I am_home_stack_moved: [0,0,1,1,startedActivity setFocusedActivity]
11-24 22:04:41.367   778   986 I am_focused_activity: [0,io.github.izzyleung.zhihudailypurify/.ui.activity.PickDateActivity]
11-24 22:04:41.374  2733  2733 I am_on_paused_called: [0,io.github.izzyleung.zhihudailypurify.ui.activity.MainActivity]
11-24 22:04:41.376   778   795 I am_restart_activity: [0,948982038,51,io.github.izzyleung.zhihudailypurify/.ui.activity.PickDateActivity]
11-24 22:04:41.454  2733  2733 I am_on_resume_called: [0,io.github.izzyleung.zhihudailypurify.ui.activity.PickDateActivity]
11-24 22:04:41.710   778   806 I am_activity_launch_time: [0,948982038,io.github.izzyleung.zhihudailypurify/.ui.activity.PickDateActivity,335,335]
11-24 22:04:42.718   778   795 I am_finish_activity: [0,948982038,51,io.github.izzyleung.zhihudailypurify/.ui.activity.PickDateActivity,app-request]
11-24 22:04:42.719   778   795 I am_home_stack_moved: [0,0,1,1,finishActivity adjustTopFocus setFocusedActivity]
11-24 22:04:42.719   778   795 I am_focused_activity: [0,io.github.izzyleung.zhihudailypurify/.ui.activity.MainActivity]
11-24 22:04:42.719   778   795 I am_pause_activity: [0,948982038,io.github.izzyleung.zhihudailypurify/.ui.activity.PickDateActivity]
11-24 22:04:42.727  2733  2733 I am_on_paused_called: [0,io.github.izzyleung.zhihudailypurify.ui.activity.PickDateActivity]
11-24 22:04:42.729   778   794 I am_resume_activity: [0,765344715,51,io.github.izzyleung.zhihudailypurify/.ui.activity.MainActivity]
11-24 22:04:42.753  2733  2733 I am_on_resume_called: [0,io.github.izzyleung.zhihudailypurify.ui.activity.MainActivity]
11-24 22:04:43.112   778   799 I am_destroy_activity: [0,948982038,51,io.github.izzyleung.zhihudailypurify/.ui.activity.PickDateActivity,finish-imm]
11-24 22:04:43.881   778   989 I am_finish_activity: [0,765344715,51,io.github.izzyleung.zhihudailypurify/.ui.activity.MainActivity,app-request]
11-24 22:04:43.883   778   989 I am_home_stack_moved: [0,1,0,0,finishActivity adjustFocus]
11-24 22:04:43.883   778   989 I wm_task_moved: [1,1,0]
11-24 22:04:43.886   778   989 I am_home_stack_moved: [0,1,0,0,finishActivity adjustTopFocus setFocusedActivity]
11-24 22:04:43.889   778   989 I am_focused_activity: [0,com.cyanogenmod.trebuchet/com.android.launcher3.Launcher]
11-24 22:04:43.920   778   989 I am_pause_activity: [0,765344715,io.github.izzyleung.zhihudailypurify/.ui.activity.MainActivity]
11-24 22:04:43.925  2733  2733 I am_on_paused_called: [0,io.github.izzyleung.zhihudailypurify.ui.activity.MainActivity]
11-24 22:04:43.937   778  1155 I am_resume_activity: [0,368830383,1,com.cyanogenmod.trebuchet/com.android.launcher3.Launcher]
11-24 22:04:43.955  1250  1250 I am_on_resume_called: [0,com.android.launcher3.Launcher]
11-24 22:04:44.251   778   799 I am_destroy_activity: [0,765344715,51,io.github.izzyleung.zhihudailypurify/.ui.activity.MainActivity,finish-imm]
11-24 22:04:44.419   778   806 I wm_task_removed: [51,removeAppToken: last token]
11-24 22:04:44.420   778   806 I wm_task_removed: [51,removeTask]
11-24 22:04:47.201   778   989 I am_home_stack_moved: [0,0,1,1,startingNewTask]
11-24 22:04:47.201   778   989 I am_create_task: [0,52]
11-24 22:04:47.201   778   989 I am_create_activity: [0,175128146,52,io.github.izzyleung.zhihudailypurify/.ui.activity.MainActivity,android.intent.action.MAIN,NULL,NULL,270532608]
11-24 22:04:47.202   778   989 I wm_task_created: [52,1]
11-24 22:04:47.202   778   989 I wm_task_moved: [52,1,0]
11-24 22:04:47.203   778   989 I am_pause_activity: [0,368830383,com.cyanogenmod.trebuchet/com.android.launcher3.Launcher]
11-24 22:04:47.205   778   989 I am_home_stack_moved: [0,0,1,1,startedActivity setFocusedActivity]
11-24 22:04:47.206   778   989 I am_focused_activity: [0,io.github.izzyleung.zhihudailypurify/.ui.activity.MainActivity]
11-24 22:04:47.229  1250  1250 I am_on_paused_called: [0,com.android.launcher3.Launcher]
11-24 22:04:47.234   778  1221 I am_restart_activity: [0,175128146,52,io.github.izzyleung.zhihudailypurify/.ui.activity.MainActivity]
11-24 22:04:47.294  2733  2733 I am_on_resume_called: [0,io.github.izzyleung.zhihudailypurify.ui.activity.MainActivity]
11-24 22:04:47.398   778   806 I am_activity_launch_time: [0,175128146,io.github.izzyleung.zhihudailypurify/.ui.activity.MainActivity,167,167]
11-24 22:04:47.715   190   190 I sf_frame_dur: [com.cyanogenmod.trebuchet/com.android.launcher3.Launcher,0,0,1,0,0,0,1]
11-24 22:04:52.626   778  1155 I am_home_stack_moved: [0,0,1,1,sourceStackToFront]
11-24 22:04:52.626   778  1155 I wm_task_moved: [52,1,0]
11-24 22:04:52.633   778  1155 I am_create_activity: [0,519962953,52,io.github.izzyleung.zhihudailypurify/.ui.activity.PickDateActivity,NULL,NULL,NULL,0]
11-24 22:04:52.637   778  1155 I am_pause_activity: [0,175128146,io.github.izzyleung.zhihudailypurify/.ui.activity.MainActivity]
11-24 22:04:52.640   778  1155 I am_home_stack_moved: [0,0,1,1,startedActivity setFocusedActivity]
11-24 22:04:52.643   778  1155 I am_focused_activity: [0,io.github.izzyleung.zhihudailypurify/.ui.activity.PickDateActivity]
11-24 22:04:52.650  2733  2733 I am_on_paused_called: [0,io.github.izzyleung.zhihudailypurify.ui.activity.MainActivity]
11-24 22:04:52.652   778  1220 I am_restart_activity: [0,519962953,52,io.github.izzyleung.zhihudailypurify/.ui.activity.PickDateActivity]
11-24 22:04:52.731  2733  2733 I am_on_resume_called: [0,io.github.izzyleung.zhihudailypurify.ui.activity.PickDateActivity]
11-24 22:04:52.991   778   806 I am_activity_launch_time: [0,519962953,io.github.izzyleung.zhihudailypurify/.ui.activity.PickDateActivity,340,340]
11-24 22:04:54.004   778  1219 I am_finish_activity: [0,519962953,52,io.github.izzyleung.zhihudailypurify/.ui.activity.PickDateActivity,app-request]
11-24 22:04:54.004   778  1219 I am_home_stack_moved: [0,0,1,1,finishActivity adjustTopFocus setFocusedActivity]
11-24 22:04:54.005   778  1219 I am_focused_activity: [0,io.github.izzyleung.zhihudailypurify/.ui.activity.MainActivity]
