11-24 21:55:00.540  1229  1370 D RILJ    : [3848]< VOICE_REGISTRATION_STATE {1, a03b, 004b703d, 3, null, null, null, 0, null, null, 1, null, null, 0, 172} [SUB0]
11-24 21:55:00.541  1229  1229 D PHONE   : [ServiceState] setVoiceRegState=0
11-24 21:55:00.541  1229  1229 E PHONE   : [ServiceState] setState deprecated use setVoiceRegState()
11-24 21:55:00.541   201   626 D RILC    : RequestComplete, RIL_SOCKET_1
11-24 21:55:00.541   201   626 E RILC    : Send Response to RIL_SOCKET_1
11-24 21:55:00.541  1229  1370 D RILJ    : [3850]< RIL_REQUEST_GSM_BROADCAST_ACTIVATION  [SUB0]
11-24 21:55:00.542   201  2392 D RILC    : RequestComplete, RIL_SOCKET_1
11-24 21:55:00.543   201  2392 E RILC    : Send Response to RIL_SOCKET_1
11-24 21:55:00.543  1229  1370 D RILJ    : [3846]< OPERATOR {中国联通, 中国联通, 46001} [SUB0]
11-24 21:55:00.544  1229  1229 D GsmSST  : [GsmSST] EVENT_POLL_STATE_OPERATOR: use value from ril
11-24 21:55:00.544  1229  1229 D GsmSST  : [GsmSST] EVENT_POLL_STATE_OPERATOR: 中国联通
11-24 21:55:00.544  1229  1229 D GsmSST  : [GsmSST] Poll ServiceState done:  oldSS=[0 0 voice home data home 中国联通 中国联通 46001 中国联通 中国联通 46001  UMTS UMTS CSS not supported -1 -1 RoamInd=-1 DefRoamInd=-1 EmergOnly=false] newSS=[0 0 voice home data home 中国联通 中国联通 46001 中国联通 中国联通 46001  UMTS UMTS CSS not supported -1 -1 RoamInd=-1 DefRoamInd=-1 EmergOnly=false] oldMaxDataCalls=20 mNewMaxDataCalls=20 oldReasonDataDenied=-1 mNewReasonDataDenied=-1
11-24 21:55:00.544  1229  1229 D PHONE   : [ServiceState] setNullState=1
11-24 21:55:00.548  1229  1245 D SubscriptionController: [getActiveSubInfoList]+
11-24 21:55:00.548  1229  1245 D SubscriptionController: selection:sim_id>=0 null
11-24 21:55:00.551  1229  1245 D TelephonyManager: getTelephonyProperty: return propVal='cn' phoneId=0 property='gsm.sim.operator.iso-country' defaultVal='' prop=cn
11-24 21:55:00.551  1229  1245 D SubscriptionController: [getSubInfoRecord] id:1 iccid:DUMMY_NV_ID simSlotIndex:0 displayName:CARD 1 nameSource:0 iconTint:-16746133 dataRoaming:0 mcc:460 mnc:1 countIso:cn status:1 nwMode:10
11-24 21:55:00.552  1229  1245 D SubscriptionController: [getActiveSubInfoList]- 1 infos return
11-24 21:55:00.554  1229  1246 D RILJ    : [3851]> RIL_REQUEST_CDMA_SET_BROADCAST_CONFIG with 1 configs :  [SUB0]
11-24 21:55:00.554  1229  1246 D RILJ    : CdmaSmsBroadcastConfigInfo: Id [4099, 4099] ENABLED [SUB0]
11-24 21:55:00.558   201   626 D RILC    : RequestComplete, RIL_SOCKET_1
11-24 21:55:00.558   201   626 E RILC    : Send Response to RIL_SOCKET_1
11-24 21:55:00.558  1229  1370 D RilRequest: [3851]< RIL_REQUEST_CDMA_SET_BROADCAST_CONFIG error: com.android.internal.telephony.CommandException: GENERIC_FAILURE ret=
11-24 21:55:00.561  1229  1715 D SubscriptionController: [getActiveSubInfoList]+
11-24 21:55:00.561  1229  1715 D SubscriptionController: selection:sim_id>=0 null
11-24 21:55:00.570  1229  1715 D TelephonyManager: getTelephonyProperty: return propVal='cn' phoneId=0 property='gsm.sim.operator.iso-country' defaultVal='' prop=cn
11-24 21:55:00.570  1229  1715 D SubscriptionController: [getSubInfoRecord] id:1 iccid:DUMMY_NV_ID simSlotIndex:0 displayName:CARD 1 nameSource:0 iconTint:-16746133 dataRoaming:0 mcc:460 mnc:1 countIso:cn status:1 nwMode:10
11-24 21:55:00.572  1229  1715 D SubscriptionController: [getActiveSubInfoList]- 1 infos return
11-24 21:55:00.574  1229  1785 D RILJ    : [3852]> RIL_REQUEST_GSM_BROADCAST_ACTIVATION [SUB0]
11-24 21:55:00.578   201   626 D RILC    : RequestComplete, RIL_SOCKET_1
11-24 21:55:00.578   201   626 E RILC    : Send Response to RIL_SOCKET_1
11-24 21:55:00.578  1229  1370 D RILJ    : [3852]< RIL_REQUEST_GSM_BROADCAST_ACTIVATION  [SUB0]
11-24 21:55:00.580  1229  1245 D SubscriptionController: [getActiveSubInfoList]+
11-24 21:55:00.580  1229  1245 D SubscriptionController: selection:sim_id>=0 null
11-24 21:55:00.583  1229  1245 D TelephonyManager: getTelephonyProperty: return propVal='cn' phoneId=0 property='gsm.sim.operator.iso-country' defaultVal='' prop=cn
11-24 21:55:00.583  1229  1245 D SubscriptionController: [getSubInfoRecord] id:1 iccid:DUMMY_NV_ID simSlotIndex:0 displayName:CARD 1 nameSource:0 iconTint:-16746133 dataRoaming:0 mcc:460 mnc:1 countIso:cn status:1 nwMode:10
11-24 21:55:00.585  1229  1245 D SubscriptionController: [getActiveSubInfoList]- 1 infos return
11-24 21:55:00.586  1229  1246 D RILJ    : [3853]> RIL_REQUEST_CDMA_SET_BROADCAST_CONFIG with 1 configs :  [SUB0]
11-24 21:55:00.586  1229  1246 D RILJ    : CdmaSmsBroadcastConfigInfo: Id [4096, 4096] ENABLED [SUB0]
11-24 21:55:00.589   201   626 D RILC    : RequestComplete, RIL_SOCKET_1
11-24 21:55:00.589   201   626 E RILC    : Send Response to RIL_SOCKET_1
11-24 21:55:00.590  1229  1370 D RilRequest: [3853]< RIL_REQUEST_CDMA_SET_BROADCAST_CONFIG error: com.android.internal.telephony.CommandException: GENERIC_FAILURE ret=
11-24 21:55:00.591  1229  1715 D SubscriptionController: [getActiveSubInfoList]+
11-24 21:55:00.591  1229  1715 D SubscriptionController: selection:sim_id>=0 null
11-24 21:55:00.595  1229  1715 D TelephonyManager: getTelephonyProperty: return propVal='cn' phoneId=0 property='gsm.sim.operator.iso-country' defaultVal='' prop=cn
11-24 21:55:00.595  1229  1715 D SubscriptionController: [getSubInfoRecord] id:1 iccid:DUMMY_NV_ID simSlotIndex:0 displayName:CARD 1 nameSource:0 iconTint:-16746133 dataRoaming:0 mcc:460 mnc:1 countIso:cn status:1 nwMode:10
11-24 21:55:00.597  1229  1715 D SubscriptionController: [getActiveSubInfoList]- 1 infos return
11-24 21:55:00.598  1229  1785 D RILJ    : [3854]> RIL_REQUEST_GSM_BROADCAST_ACTIVATION [SUB0]
11-24 21:55:00.601   201   626 D RILC    : RequestComplete, RIL_SOCKET_1
11-24 21:55:00.601   201   626 E RILC    : Send Response to RIL_SOCKET_1
11-24 21:55:00.602  1229  1370 D RILJ    : [3854]< RIL_REQUEST_GSM_BROADCAST_ACTIVATION  [SUB0]
11-24 21:55:00.604  1229  1245 D SubscriptionController: [getActiveSubInfoList]+
11-24 21:55:00.604  1229  1245 D SubscriptionController: selection:sim_id>=0 null
11-24 21:55:00.607  1229  1245 D TelephonyManager: getTelephonyProperty: return propVal='cn' phoneId=0 property='gsm.sim.operator.iso-country' defaultVal='' prop=cn
11-24 21:55:00.607  1229  1245 D SubscriptionController: [getSubInfoRecord] id:1 iccid:DUMMY_NV_ID simSlotIndex:0 displayName:CARD 1 nameSource:0 iconTint:-16746133 dataRoaming:0 mcc:460 mnc:1 countIso:cn status:1 nwMode:10
11-24 21:55:00.610  1229  1245 D SubscriptionController: [getActiveSubInfoList]- 1 infos return
11-24 21:55:00.614  2331  2387 D TelephonyManager: getTelephonyProperty: return propVal='cn' phoneId=0 property='gsm.sim.operator.iso-country' defaultVal='' prop=cn
11-24 21:55:00.616  2331  2387 D TelephonyManager: getTelephonyProperty: return propVal='cn' phoneId=0 property='gsm.operator.iso-country' defaultVal='' prop=cn
11-24 21:55:00.617  1229  1715 D SubscriptionController: [getActiveSubInfoList]+
11-24 21:55:00.617  1229  1715 D SubscriptionController: selection:sim_id>=0 null
11-24 21:55:00.619  1229  1715 D TelephonyManager: getTelephonyProperty: return propVal='cn' phoneId=0 property='gsm.sim.operator.iso-country' defaultVal='' prop=cn
11-24 21:55:00.619  1229  1715 D SubscriptionController: [getSubInfoRecord] id:1 iccid:DUMMY_NV_ID simSlotIndex:0 displayName:CARD 1 nameSource:0 iconTint:-16746133 dataRoaming:0 mcc:460 mnc:1 countIso:cn status:1 nwMode:10
11-24 21:55:00.621  1229  1715 D SubscriptionController: [getActiveSubInfoList]- 1 infos return
11-24 21:55:00.625  1229  1245 D SubscriptionController: [getActiveSubInfoList]+
11-24 21:55:00.625  1229  1245 D SubscriptionController: selection:sim_id>=0 null
11-24 21:55:00.632  1229  1245 D TelephonyManager: getTelephonyProperty: return propVal='cn' phoneId=0 property='gsm.sim.operator.iso-country' defaultVal='' prop=cn
11-24 21:55:00.632  1229  1245 D SubscriptionController: [getSubInfoRecord] id:1 iccid:DUMMY_NV_ID simSlotIndex:0 displayName:CARD 1 nameSource:0 iconTint:-16746133 dataRoaming:0 mcc:460 mnc:1 countIso:cn status:1 nwMode:10
11-24 21:55:00.636  1229  1245 D SubscriptionController: [getActiveSubInfoList]- 1 infos return
11-24 21:55:00.640  1229  1715 D SubscriptionController: [getActiveSubInfoList]+
11-24 21:55:00.641  1229  1715 D SubscriptionController: selection:sim_id>=0 null
11-24 21:55:00.644  1229  1715 D TelephonyManager: getTelephonyProperty: return propVal='cn' phoneId=0 property='gsm.sim.operator.iso-country' defaultVal='' prop=cn
11-24 21:55:00.644  1229  1715 D SubscriptionController: [getSubInfoRecord] id:1 iccid:DUMMY_NV_ID simSlotIndex:0 displayName:CARD 1 nameSource:0 iconTint:-16746133 dataRoaming:0 mcc:460 mnc:1 countIso:cn status:1 nwMode:10
11-24 21:55:00.646  1229  1715 D SubscriptionController: [getActiveSubInfoList]- 1 infos return
11-24 21:55:00.649  1229  1245 D SubscriptionController: [getActiveSubInfoList]+
11-24 21:55:00.650  1229  1245 D SubscriptionController: selection:sim_id>=0 null
11-24 21:55:00.656  1229  1245 D TelephonyManager: getTelephonyProperty: return propVal='cn' phoneId=0 property='gsm.sim.operator.iso-country' defaultVal='' prop=cn
11-24 21:55:00.657  1229  1245 D SubscriptionController: [getSubInfoRecord] id:1 iccid:DUMMY_NV_ID simSlotIndex:0 displayName:CARD 1 nameSource:0 iconTint:-16746133 dataRoaming:0 mcc:460 mnc:1 countIso:cn status:1 nwMode:10
11-24 21:55:00.660  1229  1245 D SubscriptionController: [getActiveSubInfoList]- 1 infos return
11-24 21:55:02.912  1229  1561 D DctController: handleMessage msg={ when=-7ms what=3 obj=com.android.internal.os.SomeArgs@616cf86 target=com.android.internal.telephony.dataconnection.DctController }
11-24 21:55:02.912  1229  1561 D DctController: EVENT_DELAYED_RETRY
11-24 21:55:02.912  1229  1561 D DctController:  Retry, switchInfo = SwitchInfo[phoneId = 0, NetworkRequest =null, isDefaultSwitchRequested = true, isOnDemandPsAttachRequested = false, RetryCount = 1
11-24 21:55:02.912  1229  1561 D GsmDCT  : [0]setDataAllowed: enable=true
11-24 21:55:02.912  1229  1561 D RILJ    : [3855]> RIL_REQUEST_ALLOW_DATA true [SUB0]
11-24 21:55:02.918   201   337 D RILC    : RequestComplete, RIL_SOCKET_1
11-24 21:55:02.918   201   337 E RILC    : Send Response to RIL_SOCKET_1
11-24 21:55:02.919  1229  1370 D RilRequest: [3855]< RIL_REQUEST_ALLOW_DATA error: com.android.internal.telephony.CommandException: REQUEST_NOT_SUPPORTED ret=
11-24 21:55:02.923  1229  1561 D DctController: handleMessage msg={ when=-4ms what=2 obj=android.os.AsyncResult@12956047 target=com.android.internal.telephony.dataconnection.DctController }
11-24 21:55:02.923  1229  1561 D DctController: EVENT_SET_DATA_ALLOWED_DONE  phoneId :1, switchInfo = SwitchInfo[phoneId = 0, NetworkRequest =null, isDefaultSwitchRequested = true, isOnDemandPsAttachRequested = false, RetryCount = 1
11-24 21:55:02.924  1229  1561 D DctController: Failed, switchInfo = SwitchInfo[phoneId = 0, NetworkRequest =null, isDefaultSwitchRequested = true, isOnDemandPsAttachRequested = false, RetryCount = 1 attempt delayed retry
11-24 21:55:03.176  1229  1561 D DctController: handleMessage msg={ when=-1ms what=3 obj=com.android.internal.os.SomeArgs@2ad9d074 target=com.android.internal.telephony.dataconnection.DctController }
11-24 21:55:03.176  1229  1561 D DctController: EVENT_DELAYED_RETRY
11-24 21:55:03.176  1229  1561 D DctController:  Retry, switchInfo = SwitchInfo[phoneId = 0, NetworkRequest =null, isDefaultSwitchRequested = true, isOnDemandPsAttachRequested = false, RetryCount = 1
11-24 21:55:03.176  1229  1561 D GsmDCT  : [0]setDataAllowed: enable=true
11-24 21:55:03.178  1229  1561 D RILJ    : [3856]> RIL_REQUEST_ALLOW_DATA true [SUB0]
11-24 21:55:03.182   201   337 D RILC    : RequestComplete, RIL_SOCKET_1
11-24 21:55:03.182   201   337 E RILC    : Send Response to RIL_SOCKET_1
11-24 21:55:03.183  1229  1370 D RilRequest: [3856]< RIL_REQUEST_ALLOW_DATA error: com.android.internal.telephony.CommandException: REQUEST_NOT_SUPPORTED ret=
11-24 21:55:03.187  1229  1561 D DctController: handleMessage msg={ when=-4ms what=2 obj=android.os.AsyncResult@9f9499d target=com.android.internal.telephony.dataconnection.DctController }
11-24 21:55:03.188  1229  1561 D DctController: EVENT_SET_DATA_ALLOWED_DONE  phoneId :1, switchInfo = SwitchInfo[phoneId = 0, NetworkRequest =null, isDefaultSwitchRequested = true, isOnDemandPsAttachRequested = false, RetryCount = 1
11-24 21:55:03.188  1229  1561 D DctController: Failed, switchInfo = SwitchInfo[phoneId = 0, NetworkRequest =null, isDefaultSwitchRequested = true, isOnDemandPsAttachRequested = false, RetryCount = 1 attempt delayed retry
11-24 21:55:03.358   201   337 I RILC    : RIL_SOCKET_1 UNSOLICITED: UNSOL_RESPONSE_VOICE_NETWORK_STATE_CHANGED length:8
11-24 21:55:03.358   201   337 E RILC    : Send Response to RIL_SOCKET_1
11-24 21:55:03.358  1229  1370 D RILJ    : [UNSL]< UNSOL_RESPONSE_VOICE_NETWORK_STATE_CHANGED [SUB0]
11-24 21:55:03.359  1229  1229 D RILJ    : [3857]> OPERATOR [SUB0]
11-24 21:55:03.360  1229  1229 D RILJ    : [3858]> DATA_REGISTRATION_STATE [SUB0]
11-24 21:55:03.361  1229  1229 D RILJ    : [3859]> VOICE_REGISTRATION_STATE [SUB0]
11-24 21:55:03.362  1229  1229 D RILJ    : [3860]> QUERY_NETWORK_SELECTION_MODE [SUB0]
11-24 21:55:03.364   201  2404 D RILC    : RequestComplete, RIL_SOCKET_1
11-24 21:55:03.364   201  2404 E RILC    : Send Response to RIL_SOCKET_1
11-24 21:55:03.365  1229  1370 D RILJ    : [3859]< VOICE_REGISTRATION_STATE {1, a03b, 004b703d, 3, null, null, null, 0, null, null, 1, null, null, 0, 172} [SUB0]
11-24 21:55:03.365  1229  1229 D PHONE   : [ServiceState] setVoiceRegState=0
11-24 21:55:03.365  1229  1229 E PHONE   : [ServiceState] setState deprecated use setVoiceRegState()
11-24 21:55:03.370   201  2405 D RILC    : RequestComplete, RIL_SOCKET_1
11-24 21:55:03.370   201  2405 E RILC    : Send Response to RIL_SOCKET_1
11-24 21:55:03.371  1229  1370 D RILJ    : [3860]< QUERY_NETWORK_SELECTION_MODE {0} [SUB0]
11-24 21:55:03.371   201  2403 D RILC    : RequestComplete, RIL_SOCKET_1
11-24 21:55:03.371   201  2403 E RILC    : Send Response to RIL_SOCKET_1
11-24 21:55:03.372  1229  1370 D RILJ    : [3858]< DATA_REGISTRATION_STATE {1, a03b, 004b703d, 3, null, 20, null, null, null, null, null} [SUB0]
11-24 21:55:03.372  1229  1229 D PHONE   : [ServiceState] setDataRegState=0
11-24 21:55:03.372  1229  1229 D PHONE   : [ServiceState] setDataRadioTechnology=3
11-24 21:55:03.372  1229  1229 D GsmSST  : [GsmSST] handlPollStateResultMessage: GsmSST setDataRegState=0 regState=1 dataRadioTechnology=3
11-24 21:55:03.373   201  2402 D RILC    : RequestComplete, RIL_SOCKET_1
11-24 21:55:03.373   201  2402 E RILC    : Send Response to RIL_SOCKET_1
11-24 21:55:03.373  1229  1370 D RILJ    : [3857]< OPERATOR {中国联通, 中国联通, 46001} [SUB0]
11-24 21:55:03.374  1229  1229 D GsmSST  : [GsmSST] EVENT_POLL_STATE_OPERATOR: use value from ril
11-24 21:55:03.374  1229  1229 D GsmSST  : [GsmSST] EVENT_POLL_STATE_OPERATOR: 中国联通
11-24 21:55:03.374  1229  1229 D GsmSST  : [GsmSST] Poll ServiceState done:  oldSS=[0 0 voice home data home 中国联通 中国联通 46001 中国联通 中国联通 46001  UMTS UMTS CSS not supported -1 -1 RoamInd=-1 DefRoamInd=-1 EmergOnly=false] newSS=[0 0 voice home data home 中国联通 中国联通 46001 中国联通 中国联通 46001  UMTS UMTS CSS not supported -1 -1 RoamInd=-1 DefRoamInd=-1 EmergOnly=false] oldMaxDataCalls=20 mNewMaxDataCalls=20 oldReasonDataDenied=-1 mNewReasonDataDenied=-1
11-24 21:55:03.374  1229  1229 D PHONE   : [ServiceState] setNullState=1
11-24 21:55:06.115   201   341 I RILC    : RIL_SOCKET_1 UNSOLICITED: UNSOL_SIGNAL_STRENGTH length:60
11-24 21:55:06.115   201   341 E RILC    : Send Response to RIL_SOCKET_1
11-24 21:55:06.116  1229  1229 D DefaultPhoneNotifier: notifySignalStrength: mRegistry=com.android.internal.telephony.ITelephonyRegistry$Stub$Proxy@1467cb6c ss=SignalStrength: 17 0 -120 -160 -120 -1 -1 99 2147483647 2147483647 2147483647 2147483647 2147483647 gsm|lte sender=Handler (com.android.internal.telephony.gsm.GSMPhone) {23116ad0}
11-24 21:55:06.264   201   626 I RILQ    : (0/201):RIL[0][qmi_cb] qcril_qmi_nas_update_data_rte: completed, new drte 3 with confidence 1
11-24 21:55:06.269   201   626 I RILC    : RIL_SOCKET_1 UNSOLICITED: UNSOL_RESPONSE_VOICE_NETWORK_STATE_CHANGED length:8
11-24 21:55:06.269   201   626 E RILC    : Send Response to RIL_SOCKET_1
11-24 21:55:06.270  1229  1370 D RILJ    : [UNSL]< UNSOL_RESPONSE_VOICE_NETWORK_STATE_CHANGED [SUB0]
11-24 21:55:06.271  1229  1229 D RILJ    : [3861]> OPERATOR [SUB0]
11-24 21:55:06.273  1229  1229 D RILJ    : [3862]> DATA_REGISTRATION_STATE [SUB0]
11-24 21:55:06.275  1229  1229 D RILJ    : [3863]> VOICE_REGISTRATION_STATE [SUB0]
11-24 21:55:06.277  1229  1229 D RILJ    : [3864]> QUERY_NETWORK_SELECTION_MODE [SUB0]
11-24 21:55:06.281   201  2429 D RILC    : RequestComplete, RIL_SOCKET_1
11-24 21:55:06.281   201  2429 E RILC    : Send Response to RIL_SOCKET_1
11-24 21:55:06.282  1229  1370 D RILJ    : [3861]< OPERATOR {中国联通, 中国联通, 46001} [SUB0]
11-24 21:55:06.292  1229  1229 D GsmSST  : [GsmSST] EVENT_POLL_STATE_OPERATOR: use value from ril
11-24 21:55:06.292  1229  1229 D GsmSST  : [GsmSST] EVENT_POLL_STATE_OPERATOR: 中国联通
11-24 21:55:06.297   201  2430 D RILC    : RequestComplete, RIL_SOCKET_1
11-24 21:55:06.297   201  2430 E RILC    : Send Response to RIL_SOCKET_1
11-24 21:55:06.298  1229  1370 D RILJ    : [3862]< DATA_REGISTRATION_STATE {1, a03b, 004b703d, 3, null, 20, null, null, null, null, null} [SUB0]
11-24 21:55:06.298  1229  1229 D PHONE   : [ServiceState] setDataRegState=0
11-24 21:55:06.298  1229  1229 D PHONE   : [ServiceState] setDataRadioTechnology=3
11-24 21:55:06.298  1229  1229 D GsmSST  : [GsmSST] handlPollStateResultMessage: GsmSST setDataRegState=0 regState=1 dataRadioTechnology=3
11-24 21:55:06.299   201  2431 D RILC    : RequestComplete, RIL_SOCKET_1
11-24 21:55:06.299   201  2431 E RILC    : Send Response to RIL_SOCKET_1
11-24 21:55:06.299  1229  1370 D RILJ    : [3863]< VOICE_REGISTRATION_STATE {1, a03b, 004b703d, 3, null, null, null, 0, null, null, 1, null, null, 0, 172} [SUB0]
11-24 21:55:06.299  1229  1229 D PHONE   : [ServiceState] setVoiceRegState=0
11-24 21:55:06.299  1229  1229 E PHONE   : [ServiceState] setState deprecated use setVoiceRegState()
11-24 21:55:06.300   201  2435 D RILC    : RequestComplete, RIL_SOCKET_1
11-24 21:55:06.300   201  2435 E RILC    : Send Response to RIL_SOCKET_1
11-24 21:55:06.300  1229  1370 D RILJ    : [3864]< QUERY_NETWORK_SELECTION_MODE {0} [SUB0]
11-24 21:55:06.301  1229  1229 D GsmSST  : [GsmSST] Poll ServiceState done:  oldSS=[0 0 voice home data home 中国联通 中国联通 46001 中国联通 中国联通 46001  UMTS UMTS CSS not supported -1 -1 RoamInd=-1 DefRoamInd=-1 EmergOnly=false] newSS=[0 0 voice home data home 中国联通 中国联通 46001 中国联通 中国联通 46001  UMTS UMTS CSS not supported -1 -1 RoamInd=-1 DefRoamInd=-1 EmergOnly=false] oldMaxDataCalls=20 mNewMaxDataCalls=20 oldReasonDataDenied=-1 mNewReasonDataDenied=-1
11-24 21:55:06.301  1229  1229 D PHONE   : [ServiceState] setNullState=1
11-24 21:55:06.321   201   626 I RILQ    : (0/201):RIL[0][qmi_cb] qcril_qmi_nas_update_data_rte: completed, new drte 3 with confidence 1
11-24 21:55:06.322   201   626 I RILC    : RIL_SOCKET_1 UNSOLICITED: UNSOL_RESPONSE_VOICE_NETWORK_STATE_CHANGED length:8
11-24 21:55:06.322   201   626 E RILC    : Send Response to RIL_SOCKET_1
11-24 21:55:06.323  1229  1370 D RILJ    : [UNSL]< UNSOL_RESPONSE_VOICE_NETWORK_STATE_CHANGED [SUB0]
11-24 21:55:06.323  1229  1229 D RILJ    : [3865]> OPERATOR [SUB0]
11-24 21:55:06.324  1229  1229 D RILJ    : [3866]> DATA_REGISTRATION_STATE [SUB0]
11-24 21:55:06.325  1229  1229 D RILJ    : [3867]> VOICE_REGISTRATION_STATE [SUB0]
11-24 21:55:06.326  1229  1229 D RILJ    : [3868]> QUERY_NETWORK_SELECTION_MODE [SUB0]
11-24 21:55:06.328   201  2436 D RILC    : RequestComplete, RIL_SOCKET_1
11-24 21:55:06.328   201  2436 E RILC    : Send Response to RIL_SOCKET_1
11-24 21:55:06.329  1229  1370 D RILJ    : [3865]< OPERATOR {中国联通, 中国联通, 46001} [SUB0]
11-24 21:55:06.330  1229  1229 D GsmSST  : [GsmSST] EVENT_POLL_STATE_OPERATOR: use value from ril
11-24 21:55:06.330  1229  1229 D GsmSST  : [GsmSST] EVENT_POLL_STATE_OPERATOR: 中国联通
11-24 21:55:06.330   201  2438 D RILC    : RequestComplete, RIL_SOCKET_1
11-24 21:55:06.330   201  2438 E RILC    : Send Response to RIL_SOCKET_1
11-24 21:55:06.330  1229  1370 D RILJ    : [3867]< VOICE_REGISTRATION_STATE {1, a03b, 004b703d, 3, null, null, null, 0, null, null, 1, null, null, 0, 172} [SUB0]
11-24 21:55:06.331  1229  1229 D PHONE   : [ServiceState] setVoiceRegState=0
11-24 21:55:06.331  1229  1229 E PHONE   : [ServiceState] setState deprecated use setVoiceRegState()
11-24 21:55:06.331   201  2439 D RILC    : RequestComplete, RIL_SOCKET_1
11-24 21:55:06.331   201  2439 E RILC    : Send Response to RIL_SOCKET_1
11-24 21:55:06.331  1229  1370 D RILJ    : [3868]< QUERY_NETWORK_SELECTION_MODE {0} [SUB0]
11-24 21:55:06.332   201  2437 D RILC    : RequestComplete, RIL_SOCKET_1
11-24 21:55:06.332   201  2437 E RILC    : Send Response to RIL_SOCKET_1
11-24 21:55:06.333  1229  1370 D RILJ    : [3866]< DATA_REGISTRATION_STATE {1, a03b, 004b703d, 3, null, 20, null, null, null, null, null} [SUB0]
11-24 21:55:06.333  1229  1229 D PHONE   : [ServiceState] setDataRegState=0
11-24 21:55:06.333  1229  1229 D PHONE   : [ServiceState] setDataRadioTechnology=3
11-24 21:55:06.333  1229  1229 D GsmSST  : [GsmSST] handlPollStateResultMessage: GsmSST setDataRegState=0 regState=1 dataRadioTechnology=3
11-24 21:55:06.333  1229  1229 D GsmSST  : [GsmSST] Poll ServiceState done:  oldSS=[0 0 voice home data home 中国联通 中国联通 46001 中国联通 中国联通 46001  UMTS UMTS CSS not supported -1 -1 RoamInd=-1 DefRoamInd=-1 EmergOnly=false] newSS=[0 0 voice home data home 中国联通 中国联通 46001 中国联通 中国联通 46001  UMTS UMTS CSS not supported -1 -1 RoamInd=-1 DefRoamInd=-1 EmergOnly=false] oldMaxDataCalls=20 mNewMaxDataCalls=20 oldReasonDataDenied=-1 mNewReasonDataDenied=-1
11-24 21:55:06.333  1229  1229 D PHONE   : [ServiceState] setNullState=1
11-24 21:55:06.396   201   341 I RILQ    : (0/201):RIL[0][event] qcril_arb_set_data_sys_status: recvd data_sys_status nw=0x0, rat_mask=0x8000, so_mask=0x0
11-24 21:55:06.396   201   341 I RILQ    : (0/201):RIL[0][event] qcril_arb_set_data_sys_status: recvd data_sys_status nw=0x1, rat_mask=0x0, so_mask=0x0
11-24 21:55:06.397   201   341 I RILQ    : (0/201):RIL[0][event] qcril_qmi_nas_update_data_rte: completed, new drte 3 with confidence 1
11-24 21:55:06.399   201   341 I RILC    : RIL_SOCKET_1 UNSOLICITED: UNSOL_RESPONSE_VOICE_NETWORK_STATE_CHANGED length:8
11-24 21:55:06.399   201   341 E RILC    : Send Response to RIL_SOCKET_1
11-24 21:55:06.399  1229  1370 D RILJ    : [UNSL]< UNSOL_RESPONSE_VOICE_NETWORK_STATE_CHANGED [SUB0]
11-24 21:55:06.400  1229  1229 D RILJ    : [3869]> OPERATOR [SUB0]
11-24 21:55:06.401  1229  1229 D RILJ    : [3870]> DATA_REGISTRATION_STATE [SUB0]
11-24 21:55:06.403  1229  1229 D RILJ    : [3871]> VOICE_REGISTRATION_STATE [SUB0]
11-24 21:55:06.405  1229  1229 D RILJ    : [3872]> QUERY_NETWORK_SELECTION_MODE [SUB0]
11-24 21:55:06.410   201   341 I RILC    : RIL_SOCKET_1 UNSOLICITED: UNSOL_SIGNAL_STRENGTH length:60
11-24 21:55:06.410   201   341 E RILC    : Send Response to RIL_SOCKET_1
11-24 21:55:06.413  1229  1229 D DefaultPhoneNotifier: notifySignalStrength: mRegistry=com.android.internal.telephony.ITelephonyRegistry$Stub$Proxy@1467cb6c ss=SignalStrength: 17 0 -120 -160 -120 -1 -1 99 2147483647 2147483647 2147483647 2147483647 2147483647 gsm|lte sender=Handler (com.android.internal.telephony.gsm.GSMPhone) {23116ad0}
11-24 21:55:06.417   201  2443 D RILC    : RequestComplete, RIL_SOCKET_1
11-24 21:55:06.417   201  2443 E RILC    : Send Response to RIL_SOCKET_1
11-24 21:55:06.421  1229  1370 D RILJ    : [3872]< QUERY_NETWORK_SELECTION_MODE {0} [SUB0]
11-24 21:55:06.423   201  2442 D RILC    : RequestComplete, RIL_SOCKET_1
11-24 21:55:06.423   201  2442 E RILC    : Send Response to RIL_SOCKET_1
11-24 21:55:06.424  1229  1370 D RILJ    : [3871]< VOICE_REGISTRATION_STATE {1, a03b, 004b703d, 3, null, null, null, 0, null, null, 1, null, null, 0, 172} [SUB0]
11-24 21:55:06.424  1229  1229 D PHONE   : [ServiceState] setVoiceRegState=0
11-24 21:55:06.424  1229  1229 E PHONE   : [ServiceState] setState deprecated use setVoiceRegState()
11-24 21:55:06.426   201  2440 D RILC    : RequestComplete, RIL_SOCKET_1
11-24 21:55:06.426   201  2440 E RILC    : Send Response to RIL_SOCKET_1
11-24 21:55:06.430  1229  1370 D RILJ    : [3869]< OPERATOR {中国联通, 中国联通, 46001} [SUB0]
11-24 21:55:06.430  1229  1229 D GsmSST  : [GsmSST] EVENT_POLL_STATE_OPERATOR: use value from ril
11-24 21:55:06.430  1229  1229 D GsmSST  : [GsmSST] EVENT_POLL_STATE_OPERATOR: 中国联通
11-24 21:55:06.437   201  2441 D RILC    : RequestComplete, RIL_SOCKET_1
11-24 21:55:06.437   201  2441 E RILC    : Send Response to RIL_SOCKET_1
11-24 21:55:06.437  1229  1370 D RILJ    : [3870]< DATA_REGISTRATION_STATE {1, a03b, 004b703d, 3, null, 20, null, null, null, null, null} [SUB0]
11-24 21:55:06.438  1229  1229 D PHONE   : [ServiceState] setDataRegState=0
11-24 21:55:06.438  1229  1229 D PHONE   : [ServiceState] setDataRadioTechnology=3
11-24 21:55:06.438  1229  1229 D GsmSST  : [GsmSST] handlPollStateResultMessage: GsmSST setDataRegState=0 regState=1 dataRadioTechnology=3
11-24 21:55:06.438  1229  1229 D GsmSST  : [GsmSST] Poll ServiceState done:  oldSS=[0 0 voice home data home 中国联通 中国联通 46001 中国联通 中国联通 46001  UMTS UMTS CSS not supported -1 -1 RoamInd=-1 DefRoamInd=-1 EmergOnly=false] newSS=[0 0 voice home data home 中国联通 中国联通 46001 中国联通 中国联通 46001  UMTS UMTS CSS not supported -1 -1 RoamInd=-1 DefRoamInd=-1 EmergOnly=false] oldMaxDataCalls=20 mNewMaxDataCalls=20 oldReasonDataDenied=-1 mNewReasonDataDenied=-1
11-24 21:55:06.439  1229  1229 D PHONE   : [ServiceState] setNullState=1
11-24 21:55:06.824   201   626 I RILQ    : (0/201):RIL[0][qmi_cb] qcril_qmi_nas_update_data_rte: completed, new drte 0 with confidence 4
11-24 21:55:06.852   201   626 I RILQ    : (0/201):RIL[0][qmi_cb] qcril_qmi_nas_update_data_rte: completed, new drte 0 with confidence 4
11-24 21:55:06.858   201   341 I RILQ    : (0/201):RIL[0][event] qcril_qmi_nas_evaluate_custom_emergency_numbers_for_card: cur_status 1024, card_state 3
11-24 21:55:06.858   201   341 I RILQ    : (0/201):RIL[0][event] qcril_qmi_nas_evaluate_custom_emergency_numbers_for_card: card_mcc 460, card_mnc 01
11-24 21:55:06.863   201   626 I RILC    : RIL_SOCKET_1 UNSOLICITED: UNSOL_RESPONSE_VOICE_NETWORK_STATE_CHANGED length:8
11-24 21:55:06.863   201   626 E RILC    : Send Response to RIL_SOCKET_1
11-24 21:55:06.863  1229  1370 D RILJ    : [UNSL]< UNSOL_RESPONSE_VOICE_NETWORK_STATE_CHANGED [SUB0]
11-24 21:55:06.864  1229  1229 D RILJ    : [3873]> OPERATOR [SUB0]
11-24 21:55:06.864  1229  1229 D RILJ    : [3874]> DATA_REGISTRATION_STATE [SUB0]
11-24 21:55:06.866  1229  1229 D RILJ    : [3875]> VOICE_REGISTRATION_STATE [SUB0]
11-24 21:55:06.867  1229  1229 D RILJ    : [3876]> QUERY_NETWORK_SELECTION_MODE [SUB0]
11-24 21:55:06.870   201   341 I RILC    : RIL_SOCKET_1 UNSOLICITED: UNSOL_SIGNAL_STRENGTH length:60
11-24 21:55:06.870   201   341 E RILC    : Send Response to RIL_SOCKET_1
11-24 21:55:06.870  1229  1229 D DefaultPhoneNotifier: notifySignalStrength: mRegistry=com.android.internal.telephony.ITelephonyRegistry$Stub$Proxy@1467cb6c ss=SignalStrength: 99 0 -120 -160 -120 -1 -1 28 -91 -8 300 2147483647 2147483647 gsm|lte sender=Handler (com.android.internal.telephony.gsm.GSMPhone) {23116ad0}
11-24 21:55:06.872   201   341 I RILC    : RIL_SOCKET_1 UNSOLICITED: UNSOL_SIGNAL_STRENGTH length:60
11-24 21:55:06.872   201   341 E RILC    : Send Response to RIL_SOCKET_1
11-24 21:55:06.873  1229  1229 D DefaultPhoneNotifier: notifySignalStrength: mRegistry=com.android.internal.telephony.ITelephonyRegistry$Stub$Proxy@1467cb6c ss=SignalStrength: 99 0 -120 -160 -120 -1 -1 28 -91 -8 300 2147483647 2147483647 gsm|lte sender=Handler (com.android.internal.telephony.gsm.GSMPhone) {23116ad0}
11-24 21:55:06.874   201   341 I RILQ    : (0/201):RIL[0][event] qcril_arb_set_data_sys_status: recvd data_sys_status nw=0x0, rat_mask=0x20, so_mask=0x0
11-24 21:55:06.874   201   341 I RILQ    : (0/201):RIL[0][event] qcril_arb_set_data_sys_status: recvd data_sys_status nw=0x1, rat_mask=0x0, so_mask=0x0
11-24 21:55:06.875   201   341 I RILQ    : (0/201):RIL[0][event] qcril_qmi_nas_update_data_rte: completed, new drte 5 with confidence 1
11-24 21:55:06.876   201   341 I RILC    : RIL_SOCKET_1 UNSOLICITED: UNSOL_SIGNAL_STRENGTH length:60
11-24 21:55:06.876   201   341 E RILC    : Send Response to RIL_SOCKET_1
11-24 21:55:06.876  1229  1229 D DefaultPhoneNotifier: notifySignalStrength: mRegistry=com.android.internal.telephony.ITelephonyRegistry$Stub$Proxy@1467cb6c ss=SignalStrength: 99 0 -120 -160 -120 -1 -1 28 -91 -8 300 2147483647 2147483647 gsm|lte sender=Handler (com.android.internal.telephony.gsm.GSMPhone) {23116ad0}
11-24 21:55:06.878   201   341 I RILC    : RIL_SOCKET_1 UNSOLICITED: UNSOL_RESPONSE_VOICE_NETWORK_STATE_CHANGED length:8
11-24 21:55:06.878   201   341 E RILC    : Send Response to RIL_SOCKET_1
11-24 21:55:06.878  1229  1370 D RILJ    : [UNSL]< UNSOL_RESPONSE_VOICE_NETWORK_STATE_CHANGED [SUB0]
11-24 21:55:06.878  1229  1229 D RILJ    : [3877]> OPERATOR [SUB0]
11-24 21:55:06.880  1229  1229 D RILJ    : [3878]> DATA_REGISTRATION_STATE [SUB0]
11-24 21:55:06.881  1229  1229 D RILJ    : [3879]> VOICE_REGISTRATION_STATE [SUB0]
11-24 21:55:06.882  1229  1229 D RILJ    : [3880]> QUERY_NETWORK_SELECTION_MODE [SUB0]
11-24 21:55:06.884   201  2444 D RILC    : RequestComplete, RIL_SOCKET_1
11-24 21:55:06.884   201  2444 E RILC    : Send Response to RIL_SOCKET_1
11-24 21:55:06.886  1229  1370 D RILJ    : [3873]< OPERATOR {中国联通, 中国联通, 46001} [SUB0]
11-24 21:55:06.886   201  2444 D RILC    : RequestComplete, RIL_SOCKET_1
11-24 21:55:06.886   201  2444 E RILC    : Send Response to RIL_SOCKET_1
11-24 21:55:06.886  1229  1370 D RILJ    : [3877]< OPERATOR {中国联通, 中国联通, 46001} [SUB0]
11-24 21:55:06.887  1229  1229 D GsmSST  : [GsmSST] EVENT_POLL_STATE_OPERATOR: use value from ril
11-24 21:55:06.887  1229  1229 D GsmSST  : [GsmSST] EVENT_POLL_STATE_OPERATOR: 中国联通
11-24 21:55:06.887   201  2446 D RILC    : RequestComplete, RIL_SOCKET_1
11-24 21:55:06.887   201  2446 E RILC    : Send Response to RIL_SOCKET_1
11-24 21:55:06.888  1229  1370 D RILJ    : [3875]< VOICE_REGISTRATION_STATE {1, 101d, 002cb31f, 14, null, null, null, 0, null, null, null, null, null, 0, null} [SUB0]
11-24 21:55:06.888   201  2446 D RILC    : RequestComplete, RIL_SOCKET_1
11-24 21:55:06.888   201  2446 E RILC    : Send Response to RIL_SOCKET_1
11-24 21:55:06.888  1229  1370 D RILJ    : [3879]< VOICE_REGISTRATION_STATE {1, 101d, 002cb31f, 14, null, null, null, 0, null, null, null, null, null, 0, null} [SUB0]
11-24 21:55:06.888  1229  1229 D PHONE   : [ServiceState] setVoiceRegState=0
11-24 21:55:06.888  1229  1229 E PHONE   : [ServiceState] setState deprecated use setVoiceRegState()
11-24 21:55:06.889   201  2447 D RILC    : RequestComplete, RIL_SOCKET_1
11-24 21:55:06.889   201  2447 E RILC    : Send Response to RIL_SOCKET_1
11-24 21:55:06.889  1229  1370 D RILJ    : [3876]< QUERY_NETWORK_SELECTION_MODE {0} [SUB0]
11-24 21:55:06.889   201  2447 D RILC    : RequestComplete, RIL_SOCKET_1
11-24 21:55:06.889   201  2447 E RILC    : Send Response to RIL_SOCKET_1
11-24 21:55:06.890  1229  1370 D RILJ    : [3880]< QUERY_NETWORK_SELECTION_MODE {0} [SUB0]
11-24 21:55:06.891   201  2445 D RILC    : RequestComplete, RIL_SOCKET_1
11-24 21:55:06.891   201  2445 E RILC    : Send Response to RIL_SOCKET_1
11-24 21:55:06.891  1229  1370 D RILJ    : [3874]< DATA_REGISTRATION_STATE {1, null, 002cb31f, 14, null, 20, 4125, 446, 2929439, null, null} [SUB0]
11-24 21:55:06.891   201  2445 D RILC    : RequestComplete, RIL_SOCKET_1
11-24 21:55:06.891   201  2445 E RILC    : Send Response to RIL_SOCKET_1
11-24 21:55:06.891  1229  1370 D RILJ    : [3878]< DATA_REGISTRATION_STATE {1, null, 002cb31f, 14, null, 20, 4125, 446, 2929439, null, null} [SUB0]
11-24 21:55:06.892  1229  1229 D PHONE   : [ServiceState] setDataRegState=0
11-24 21:55:06.892  1229  1229 D PHONE   : [ServiceState] setDataRadioTechnology=14
11-24 21:55:06.892  1229  1229 D GsmSST  : [GsmSST] handlPollStateResultMessage: GsmSST setDataRegState=0 regState=1 dataRadioTechnology=14
11-24 21:55:06.892  1229  1229 D GsmSST  : [GsmSST] Poll ServiceState done:  oldSS=[0 0 voice home data home 中国联通 中国联通 46001 中国联通 中国联通 46001  UMTS UMTS CSS not supported -1 -1 RoamInd=-1 DefRoamInd=-1 EmergOnly=false] newSS=[0 0 voice home data home 中国联通 中国联通 46001 中国联通 中国联通 46001  LTE LTE CSS not supported -1 -1 RoamInd=-1 DefRoamInd=-1 EmergOnly=false] oldMaxDataCalls=20 mNewMaxDataCalls=20 oldReasonDataDenied=-1 mNewReasonDataDenied=-1
11-24 21:55:06.892  1229  1229 D GsmSST  : [GsmSST] RAT switched UMTS -> LTE at cell 2929439
11-24 21:55:06.893  1229  1229 D PHONE   : [ServiceState] setNullState=1
11-24 21:55:06.893  1229  1229 D PhoneBase: updatePhoneObject: phoneid = 0 rat = 14
11-24 21:55:06.893  1229  1229 D PhoneProxy: [PhoneProxy] updatePhoneObject: radioTechnology=14
11-24 21:55:06.893  1229  1229 D TelephonyManager: setTelephonyProperty: success phoneId=0 property=gsm.network.type value: LTE propVal=LTE
11-24 21:55:06.894  1229  1229 D GsmSST  : [GsmSST] Iwlan feature available = false
11-24 21:55:06.894  1229  1229 D SIMRecords: [SIMRecords] getServiceProviderName: no brandOverride
11-24 21:55:06.894  1229  1229 D SIMRecords: [SIMRecords] getServiceProviderName: providerName=
11-24 21:55:06.894  1229  1229 D SIMRecords: [SIMRecords] getServiceProviderName: no brandOverride
11-24 21:55:06.894  1229  1229 D SIMRecords: [SIMRecords] getServiceProviderName: providerName=
11-24 21:55:06.894  1229  1229 D TelephonyManager: setTelephonyProperty: success phoneId=0 property=gsm.operator.alpha value: 中国联通 propVal=中国联通
11-24 21:55:06.898  1229  1229 D TelephonyManager: setTelephonyProperty: success phoneId=0 property=gsm.operator.numeric value: 46001 propVal=46001
11-24 21:55:06.898  1229  1229 D TelephonyManager: setTelephonyProperty: success phoneId=0 property=gsm.operator.iso-country value: cn propVal=cn
11-24 21:55:06.899  1229  1229 D GsmSST  : [GsmSST] pollStateDone: there are 2 unique offsets for iso-cc='cn testOneUniqueOffsetPath=false', do nothing
11-24 21:55:06.899  1229  1229 D GsmSST  : [GsmSST] shouldFixTimeZoneNow: retVal=false iccCardExist=true operatorNumeric=46001 mcc=460 prevOperatorNumeric=46001 prevMcc=460 needToFixTimeZone=false ltod=11-24 21:55:06.899
11-24 21:55:06.899  1229  1229 D TelephonyManager: setTelephonyProperty: success phoneId=0 property=gsm.operator.isroaming value: false propVal=false
11-24 21:55:06.900  1229  1229 D GsmSST  : [GsmSST] Broadcasting ServiceState : 0 0 voice home data home 中国联通 中国联通 46001 中国联通 中国联通 46001  LTE LTE CSS not supported -1 -1 RoamInd=-1 DefRoamInd=-1 EmergOnly=false
11-24 21:55:06.900  1229  1229 D DefaultPhoneNotifier: nofityServiceState: mRegistry=com.android.internal.telephony.ITelephonyRegistry$Stub$Proxy@1467cb6c ss=0 0 voice home data home 中国联通 中国联通 46001 中国联通 中国联通 46001  LTE LTE CSS not supported -1 -1 RoamInd=-1 DefRoamInd=-1 EmergOnly=false sender=Handler (com.android.internal.telephony.gsm.GSMPhone) {23116ad0} phondId=0 subId=1
11-24 21:55:06.903  1229  1229 D SubscriptionController: getSimStateForSubscriber:  simState=READY ordinal=5
11-24 21:55:06.913  1229  1229 D GsmSST  : [GsmSST] notifyDataRegStateRilRadioTechnologyChanged: drs=0 rat=14
11-24 21:55:06.913  1229  1229 D TelephonyManager: setTelephonyProperty: success phoneId=0 property=gsm.network.type value: LTE propVal=LTE
11-24 21:55:06.914  1229  1229 D GsmSST  : [GsmSST] Iwlan feature available = false
11-24 21:55:06.914  1229  1229 D GsmSST  : [GsmSST] Iwlan feature available = false
11-24 21:55:06.914  1229  1229 D GsmDCT  : [0]get all active apn types
11-24 21:55:06.919  1229  1229 D GsmDCT  : [0]isDataAllowed getRecordsLoaded=true
11-24 21:55:06.919  1229  1229 D GsmDCT  : [ApnContext:default] getApnSetting: apnSetting=null
11-24 21:55:06.921   778   989 D TelephonyRegistry: Notify data connection state changed on sub: 1
11-24 21:55:06.921   778   989 D TelephonyRegistry: Notify data connection state changed on sub: 1
11-24 21:55:06.924  1229  1229 D GsmSST  : [GsmSST] getCellLocation(): X good mCellLoc=[4125,2929439,-1]
11-24 21:55:06.925   778  1220 D TelephonyRegistry: notifyCellLocationForSubscriber: subId=1 cellLocation=Bundle[mParcelledData.dataSize=64]
11-24 21:55:06.927  1229  1229 D PhoneProxy: [PhoneProxy] phoneObjectUpdater: newVoiceRadioTech=14
11-24 21:55:06.927  1229  1229 D PhoneProxy: [PhoneProxy] phoneObjectUpdater: volteReplacementRat=0
11-24 21:55:06.927  1229  1229 D PhoneProxy: [PhoneProxy] phoneObjectUpdater: No change ignore, newVoiceRadioTech=14 mActivePhone=GSM
11-24 21:55:06.929  1229  1229 D GsmDCT  : [0]handleMessage msg={ when=-14ms what=270377 obj=android.os.AsyncResult@5e12 target=com.android.internal.telephony.dataconnection.DcTracker }
11-24 21:55:06.929  1229  1229 D GsmDCT  : [0]updateSimRecords: newSimRecords = SimRecords: mDestroyed=false mContext=com.android.phone.PhoneGlobals@90355ed mCi=com.android.internal.telephony.RIL@8d85b36 mFh=Handler (com.android.internal.telephony.uicc.UsimFileHandler) {3ce7fc22} mParentApp=com.android.internal.telephony.uicc.UiccCardApplication@1e4e6b3 mSpnOverride=mSpnOverride recordsLoadedRegistrants=android.os.RegistrantList@2e32f470 mImsiReadyRegistrants=android.os.RegistrantList@30cc63e9 mRecordsEventsRegistrants=android.os.RegistrantList@3cadb86e mNewSmsRegistrants=android.os.RegistrantList@173d3b0f mNetworkSelectionModeAutomaticRegistrants=android.os.RegistrantList@9aae79c recordsToLoad=0 adnCache=Handler (com.android.internal.telephony.uicc.AdnRecordCache) {2efe55a5} recordsRequested=true iccid=89860115921101579076 msisdnTag= voiceMailNum=null voiceMailTag=null newVoiceMailNum=null newVoiceMailTag=null isVoiceMailFixed=false mImsi=460011952973996 mncLength=2 mailboxIndex=0 spn= mVmConfigcom.android.internal.telephony.uicc.VoiceMailConstants@2300ed7a callForwardingEnabled=false spnState=IDLE mCphsInfo=null mCspPlmnEnabled=true efMWIS=null efCPHS_MWI=null mEfCff=null mEfCfis=null getOperatorNumeric=46001
11-24 21:55:06.929  1229  1229 D GsmDCT  : [0]onUpdateIcc: newIccRecords com.android.internal.telephony.uicc.SIMRecords
11-24 21:55:06.929   201  2445 I RILC    : RIL_SOCKET_1 UNSOLICITED: UNSOL_RESPONSE_VOICE_NETWORK_STATE_CHANGED length:8
11-24 21:55:06.929   201  2445 E RILC    : Send Response to RIL_SOCKET_1
11-24 21:55:06.931  1229  1370 D RILJ    : [UNSL]< UNSOL_RESPONSE_VOICE_NETWORK_STATE_CHANGED [SUB0]
11-24 21:55:06.931   201   337 I RILC    : RIL_SOCKET_1 UNSOLICITED: UNSOL_RESPONSE_VOICE_NETWORK_STATE_CHANGED length:8
11-24 21:55:06.931   201   337 E RILC    : Send Response to RIL_SOCKET_1
11-24 21:55:06.931  1229  1370 D RILJ    : [UNSL]< UNSOL_RESPONSE_VOICE_NETWORK_STATE_CHANGED [SUB0]
11-24 21:55:06.933  1229  1229 D RILJ    : [3881]> OPERATOR [SUB0]
11-24 21:55:06.935  1229  1229 D RILJ    : [3882]> DATA_REGISTRATION_STATE [SUB0]
11-24 21:55:06.936  1229  1229 D RILJ    : [3883]> VOICE_REGISTRATION_STATE [SUB0]
11-24 21:55:06.937  1229  1229 D RILJ    : [3884]> QUERY_NETWORK_SELECTION_MODE [SUB0]
11-24 21:55:06.938  1229  1229 D RILJ    : [3885]> OPERATOR [SUB0]
11-24 21:55:06.939  1229  1229 D RILJ    : [3886]> DATA_REGISTRATION_STATE [SUB0]
11-24 21:55:06.940  1229  1229 D RILJ    : [3887]> VOICE_REGISTRATION_STATE [SUB0]
11-24 21:55:06.941  1229  1229 D RILJ    : [3888]> QUERY_NETWORK_SELECTION_MODE [SUB0]
11-24 21:55:06.944   201  2451 D RILC    : RequestComplete, RIL_SOCKET_1
11-24 21:55:06.944   201  2451 E RILC    : Send Response to RIL_SOCKET_1
11-24 21:55:06.945  1229  1370 D RILJ    : [3884]< QUERY_NETWORK_SELECTION_MODE {0} [SUB0]
11-24 21:55:06.945   201  2451 D RILC    : RequestComplete, RIL_SOCKET_1
11-24 21:55:06.945   201  2451 E RILC    : Send Response to RIL_SOCKET_1
11-24 21:55:06.946  1229  1370 D RILJ    : [3888]< QUERY_NETWORK_SELECTION_MODE {0} [SUB0]
11-24 21:55:06.946   201  2449 D RILC    : RequestComplete, RIL_SOCKET_1
11-24 21:55:06.946   201  2449 E RILC    : Send Response to RIL_SOCKET_1
11-24 21:55:06.946  1229  1370 D RILJ    : [3882]< DATA_REGISTRATION_STATE {1, null, 002cb31f, 14, null, 20, 4125, 446, 2929439, null, null} [SUB0]
11-24 21:55:06.947   201  2449 D RILC    : RequestComplete, RIL_SOCKET_1
11-24 21:55:06.947   201  2449 E RILC    : Send Response to RIL_SOCKET_1
11-24 21:55:06.948  1229  1370 D RILJ    : [3886]< DATA_REGISTRATION_STATE {1, null, 002cb31f, 14, null, 20, 4125, 446, 2929439, null, null} [SUB0]
11-24 21:55:06.948  1229  1229 D PHONE   : [ServiceState] setDataRegState=0
11-24 21:55:06.948  1229  1229 D PHONE   : [ServiceState] setDataRadioTechnology=14
11-24 21:55:06.948  1229  1229 D GsmSST  : [GsmSST] handlPollStateResultMessage: GsmSST setDataRegState=0 regState=1 dataRadioTechnology=14
11-24 21:55:06.948   201  2450 D RILC    : RequestComplete, RIL_SOCKET_1
11-24 21:55:06.948   201  2450 E RILC    : Send Response to RIL_SOCKET_1
11-24 21:55:06.949  1229  1370 D RILJ    : [3883]< VOICE_REGISTRATION_STATE {1, 101d, 002cb31f, 14, null, null, null, 0, null, null, 1, null, null, 0, null} [SUB0]
11-24 21:55:06.949   201  2450 D RILC    : RequestComplete, RIL_SOCKET_1
11-24 21:55:06.949   201  2450 E RILC    : Send Response to RIL_SOCKET_1
11-24 21:55:06.949  1229  1370 D RILJ    : [3887]< VOICE_REGISTRATION_STATE {1, 101d, 002cb31f, 14, null, null, null, 0, null, null, 1, null, null, 0, null} [SUB0]
11-24 21:55:06.949  1229  1229 D PHONE   : [ServiceState] setVoiceRegState=0
11-24 21:55:06.949  1229  1229 E PHONE   : [ServiceState] setState deprecated use setVoiceRegState()
11-24 21:55:06.949   201  2450 I RILC    : RIL_SOCKET_1 UNSOLICITED: UNSOL_RESPONSE_VOICE_NETWORK_STATE_CHANGED length:8
11-24 21:55:06.949   201  2450 E RILC    : Send Response to RIL_SOCKET_1
11-24 21:55:06.950  1229  1370 D RILJ    : [UNSL]< UNSOL_RESPONSE_VOICE_NETWORK_STATE_CHANGED [SUB0]
11-24 21:55:06.950  1229  1229 D RILJ    : [3889]> OPERATOR [SUB0]
11-24 21:55:06.951  1229  1229 D RILJ    : [3890]> DATA_REGISTRATION_STATE [SUB0]
11-24 21:55:06.952  1229  1229 D RILJ    : [3891]> VOICE_REGISTRATION_STATE [SUB0]
11-24 21:55:06.953  1229  1229 D RILJ    : [3892]> QUERY_NETWORK_SELECTION_MODE [SUB0]
11-24 21:55:06.954   201  2448 D RILC    : RequestComplete, RIL_SOCKET_1
11-24 21:55:06.954   201  2448 E RILC    : Send Response to RIL_SOCKET_1
11-24 21:55:06.954  1229  1370 D RILJ    : [3881]< OPERATOR {中国联通, 中国联通, 46001} [SUB0]
11-24 21:55:06.954   201  2448 D RILC    : RequestComplete, RIL_SOCKET_1
11-24 21:55:06.954   201  2448 E RILC    : Send Response to RIL_SOCKET_1
11-24 21:55:06.955  1229  1370 D RILJ    : [3885]< OPERATOR {中国联通, 中国联通, 46001} [SUB0]
11-24 21:55:06.955   201  2448 D RILC    : RequestComplete, RIL_SOCKET_1
11-24 21:55:06.955   201  2448 E RILC    : Send Response to RIL_SOCKET_1
11-24 21:55:06.955  1229  1370 D RILJ    : [3889]< OPERATOR {中国联通, 中国联通, 46001} [SUB0]
11-24 21:55:06.955  1229  1229 D GsmSST  : [GsmSST] EVENT_POLL_STATE_OPERATOR: use value from ril
11-24 21:55:06.955  1229  1229 D GsmSST  : [GsmSST] EVENT_POLL_STATE_OPERATOR: 中国联通
11-24 21:55:06.956   201  2454 D RILC    : RequestComplete, RIL_SOCKET_1
11-24 21:55:06.956   201  2454 E RILC    : Send Response to RIL_SOCKET_1
11-24 21:55:06.956  1229  1370 D RILJ    : [3892]< QUERY_NETWORK_SELECTION_MODE {0} [SUB0]
11-24 21:55:06.957   201  2453 D RILC    : RequestComplete, RIL_SOCKET_1
11-24 21:55:06.957   201  2453 E RILC    : Send Response to RIL_SOCKET_1
11-24 21:55:06.957  1229  1370 D RILJ    : [3891]< VOICE_REGISTRATION_STATE {1, 101d, 002cb31f, 14, null, null, null, 0, null, null, 1, null, null, 0, null} [SUB0]
11-24 21:55:06.958  1229  1229 D PHONE   : [ServiceState] setVoiceRegState=0
11-24 21:55:06.958  1229  1229 E PHONE   : [ServiceState] setState deprecated use setVoiceRegState()
11-24 21:55:06.958   201  2452 D RILC    : RequestComplete, RIL_SOCKET_1
11-24 21:55:06.959   201  2452 E RILC    : Send Response to RIL_SOCKET_1
11-24 21:55:06.959  1229  1370 D RILJ    : [3890]< DATA_REGISTRATION_STATE {1, null, 002cb31f, 14, null, 20, 4125, 446, 2929439, null, null} [SUB0]
11-24 21:55:06.959  1229  1229 D PHONE   : [ServiceState] setDataRegState=0
11-24 21:55:06.959  1229  1229 D PHONE   : [ServiceState] setDataRadioTechnology=14
11-24 21:55:06.959  1229  1229 D GsmSST  : [GsmSST] handlPollStateResultMessage: GsmSST setDataRegState=0 regState=1 dataRadioTechnology=14
11-24 21:55:06.960  1229  1229 D GsmSST  : [GsmSST] Poll ServiceState done:  oldSS=[0 0 voice home data home 中国联通 中国联通 46001 中国联通 中国联通 46001  LTE LTE CSS not supported -1 -1 RoamInd=-1 DefRoamInd=-1 EmergOnly=false] newSS=[0 0 voice home data home 中国联通 中国联通 46001 中国联通 中国联通 46001  LTE LTE CSS not supported -1 -1 RoamInd=-1 DefRoamInd=-1 EmergOnly=false] oldMaxDataCalls=20 mNewMaxDataCalls=20 oldReasonDataDenied=-1 mNewReasonDataDenied=-1
11-24 21:55:06.960  1229  1229 D PHONE   : [ServiceState] setNullState=1
11-24 21:55:06.973  2331  2455 D TelephonyManager: getTelephonyProperty: return propVal='cn' phoneId=0 property='gsm.sim.operator.iso-country' defaultVal='' prop=cn
11-24 21:55:06.974  1229  1715 D SubscriptionController: [getActiveSubInfoList]+
11-24 21:55:06.974  1229  1715 D SubscriptionController: selection:sim_id>=0 null
11-24 21:55:06.978  1229  1715 D TelephonyManager: getTelephonyProperty: return propVal='cn' phoneId=0 property='gsm.sim.operator.iso-country' defaultVal='' prop=cn
11-24 21:55:06.978  1229  1715 D SubscriptionController: [getSubInfoRecord] id:1 iccid:DUMMY_NV_ID simSlotIndex:0 displayName:CARD 1 nameSource:0 iconTint:-16746133 dataRoaming:0 mcc:460 mnc:1 countIso:cn status:1 nwMode:10
11-24 21:55:06.979  1229  1715 D SubscriptionController: [getActiveSubInfoList]- 1 infos return
11-24 21:55:06.983  1229  1245 D RILJ    : [3893]> RIL_REQUEST_GSM_BROADCAST_ACTIVATION [SUB0]
11-24 21:55:06.985   201   626 D RILC    : RequestComplete, RIL_SOCKET_1
11-24 21:55:06.985   201   626 E RILC    : Send Response to RIL_SOCKET_1
11-24 21:55:06.985  1229  1370 D RILJ    : [3893]< RIL_REQUEST_GSM_BROADCAST_ACTIVATION  [SUB0]
11-24 21:55:06.988   778   798 D TelephonyManager: getTelephonyProperty: return propVal='cn' phoneId=0 property='gsm.operator.iso-country' defaultVal='' prop=cn
11-24 21:55:06.989  1229  1246 D SubscriptionController: [getActiveSubInfoList]+
11-24 21:55:06.990  1229  1246 D SubscriptionController: selection:sim_id>=0 null
11-24 21:55:06.996  1229  1246 D TelephonyManager: getTelephonyProperty: return propVal='cn' phoneId=0 property='gsm.sim.operator.iso-country' defaultVal='' prop=cn
11-24 21:55:06.996  1229  1246 D SubscriptionController: [getSubInfoRecord] id:1 iccid:DUMMY_NV_ID simSlotIndex:0 displayName:CARD 1 nameSource:0 iconTint:-16746133 dataRoaming:0 mcc:460 mnc:1 countIso:cn status:1 nwMode:10
11-24 21:55:06.999  1229  1246 D SubscriptionController: [getActiveSubInfoList]- 1 infos return
11-24 21:55:07.000  1229  1785 D RILJ    : [3894]> RIL_REQUEST_GSM_BROADCAST_ACTIVATION [SUB0]
11-24 21:55:07.001   201   626 D RILC    : RequestComplete, RIL_SOCKET_1
11-24 21:55:07.002   201   626 E RILC    : Send Response to RIL_SOCKET_1
11-24 21:55:07.002  1229  1370 D RILJ    : [3894]< RIL_REQUEST_GSM_BROADCAST_ACTIVATION  [SUB0]
11-24 21:55:07.004  1229  1245 D SubscriptionController: [getActiveSubInfoList]+
11-24 21:55:07.004  1229  1245 D SubscriptionController: selection:sim_id>=0 null
11-24 21:55:07.006  1229  1245 D TelephonyManager: getTelephonyProperty: return propVal='cn' phoneId=0 property='gsm.sim.operator.iso-country' defaultVal='' prop=cn
11-24 21:55:07.006  1229  1245 D SubscriptionController: [getSubInfoRecord] id:1 iccid:DUMMY_NV_ID simSlotIndex:0 displayName:CARD 1 nameSource:0 iconTint:-16746133 dataRoaming:0 mcc:460 mnc:1 countIso:cn status:1 nwMode:10
11-24 21:55:07.008  1229  1245 D SubscriptionController: [getActiveSubInfoList]- 1 infos return
11-24 21:55:07.009  1229  1715 D RILJ    : [3895]> RIL_REQUEST_GSM_BROADCAST_ACTIVATION [SUB0]
11-24 21:55:07.011   201   626 D RILC    : RequestComplete, RIL_SOCKET_1
11-24 21:55:07.011   201   626 E RILC    : Send Response to RIL_SOCKET_1
11-24 21:55:07.011  1229  1370 D RILJ    : [3895]< RIL_REQUEST_GSM_BROADCAST_ACTIVATION  [SUB0]
11-24 21:55:07.014  1229  1246 D SubscriptionController: [getActiveSubInfoList]+
11-24 21:55:07.014  1229  1246 D SubscriptionController: selection:sim_id>=0 null
11-24 21:55:07.021  1229  1246 D TelephonyManager: getTelephonyProperty: return propVal='cn' phoneId=0 property='gsm.sim.operator.iso-country' defaultVal='' prop=cn
11-24 21:55:07.021  1229  1246 D SubscriptionController: [getSubInfoRecord] id:1 iccid:DUMMY_NV_ID simSlotIndex:0 displayName:CARD 1 nameSource:0 iconTint:-16746133 dataRoaming:0 mcc:460 mnc:1 countIso:cn status:1 nwMode:10
11-24 21:55:07.024  1229  1246 D SubscriptionController: [getActiveSubInfoList]- 1 infos return
11-24 21:55:07.026  1229  1785 D RILJ    : [3896]> RIL_REQUEST_CDMA_SET_BROADCAST_CONFIG with 1 configs :  [SUB0]
11-24 21:55:07.026  1229  1785 D RILJ    : CdmaSmsBroadcastConfigInfo: Id [4097, 4097] ENABLED [SUB0]
11-24 21:55:07.027   201   626 D RILC    : RequestComplete, RIL_SOCKET_1
11-24 21:55:07.027   201   626 E RILC    : Send Response to RIL_SOCKET_1
11-24 21:55:07.028  1229  1370 D RilRequest: [3896]< RIL_REQUEST_CDMA_SET_BROADCAST_CONFIG error: com.android.internal.telephony.CommandException: GENERIC_FAILURE ret=
11-24 21:55:07.031  1229  1245 D SubscriptionController: [getActiveSubInfoList]+
11-24 21:55:07.032  1229  1245 D SubscriptionController: selection:sim_id>=0 null
11-24 21:55:07.038  1229  1245 D TelephonyManager: getTelephonyProperty: return propVal='cn' phoneId=0 property='gsm.sim.operator.iso-country' defaultVal='' prop=cn
