11-24 21:54:54.299  1229  1229 D SubscriptionController: [getActiveSubInfoForSubscriber]+ subId=1 subInfo={id=1, iccId=DUMMY_NV_ID simSlotIndex=0 displayName=CARD 1 carrierName=中国联通 nameSource=0 iconTint=-16746133 dataRoaming=0 iconBitmap=android.graphics.Bitmap@288118cb mcc 460 mnc 1 mSubStatus=1 mNwMode=10}
11-24 21:54:54.299  1229  1229 D DctController: [TNF 1]INTERNET capability is with subId = 1
11-24 21:54:54.299  1229  1229 D SubscriptionController: registerForOnDemandDdsLockNotification for client=1
11-24 21:54:54.300  1229  1229 D DctController: [TNF 1]Ready to handle network requests
11-24 21:54:54.300  1229  1229 E IccCardProxy: setExternalState: set mPhoneId=0 mExternalState=READY
11-24 21:54:54.300  1229  1229 D TelephonyManager: setTelephonyProperty: success phoneId=0 property=gsm.sim.state value: READY propVal=READY
11-24 21:54:54.300  1229  1229 D IccCardProxy: broadcastIccStateChangedIntent intent ACTION_SIM_STATE_CHANGED value=READY reason=null for mPhoneId=0
11-24 21:54:54.304   778   798 D TelephonyManager: getTelephonyProperty: return propVal='46001' phoneId=0 property='gsm.sim.operator.numeric' defaultVal='' prop=46001
11-24 21:54:54.306  1229  1245 D GsmDCT  : [0]fetchDunApn: net.tethering.noprovisioning=true ret: null
11-24 21:54:54.306  1229  1245 D GsmDCT  : [0]hasMatchedTetherApnSetting: APN=null
11-24 21:54:54.313  1229  1715 D GsmDCT  : [0]fetchDunApn: net.tethering.noprovisioning=true ret: null
11-24 21:54:54.313  1229  1715 D GsmDCT  : [0]hasMatchedTetherApnSetting: APN=null
11-24 21:54:54.316   778   798 D TelephonyManager: getTelephonyProperty: return propVal='46001' phoneId=0 property='gsm.operator.numeric' defaultVal='' prop=46001
11-24 21:54:54.319  1229  1229 D GsmSST  : [GsmSST] EVENT_POLL_STATE_OPERATOR: use value from ril
11-24 21:54:54.319  1229  1229 D GsmSST  : [GsmSST] EVENT_POLL_STATE_OPERATOR: 中国联通
11-24 21:54:54.319  1229  1229 D PHONE   : [ServiceState] setVoiceRegState=0
11-24 21:54:54.319  1229  1229 E PHONE   : [ServiceState] setState deprecated use setVoiceRegState()
11-24 21:54:54.319  1229  1229 D PHONE   : [ServiceState] setDataRegState=0
11-24 21:54:54.319  1229  1229 D PHONE   : [ServiceState] setDataRadioTechnology=14
11-24 21:54:54.319  1229  1229 D GsmSST  : [GsmSST] handlPollStateResultMessage: GsmSST setDataRegState=0 regState=1 dataRadioTechnology=14
11-24 21:54:54.319  1229  1229 D GsmSST  : [GsmSST] Poll ServiceState done:  oldSS=[0 1 voice home data home 中国联通 中国联通 46001 中国联通 中国联通 46001  LTE Unknown CSS not supported -1 -1 RoamInd=-1 DefRoamInd=-1 EmergOnly=false] newSS=[0 0 voice home data home 中国联通 中国联通 46001 中国联通 中国联通 46001  LTE LTE CSS not supported -1 -1 RoamInd=-1 DefRoamInd=-1 EmergOnly=false] oldMaxDataCalls=20 mNewMaxDataCalls=20 oldReasonDataDenied=-1 mNewReasonDataDenied=-1
11-24 21:54:54.319  1229  1229 D PHONE   : [ServiceState] setNullState=1
11-24 21:54:54.319  1229  1229 D TelephonyManager: setTelephonyProperty: success phoneId=0 property=gsm.network.type value: LTE propVal=LTE
11-24 21:54:54.320  1229  1229 D GsmSST  : [GsmSST] Iwlan feature available = false
11-24 21:54:54.320  1229  1229 D SIMRecords: [SIMRecords] getServiceProviderName: no brandOverride
11-24 21:54:54.320  1229  1229 D SIMRecords: [SIMRecords] getServiceProviderName: providerName=
11-24 21:54:54.320  1229  1229 D SIMRecords: [SIMRecords] getServiceProviderName: no brandOverride
11-24 21:54:54.320  1229  1229 D SIMRecords: [SIMRecords] getServiceProviderName: providerName=
11-24 21:54:54.320  1229  1229 D TelephonyManager: setTelephonyProperty: success phoneId=0 property=gsm.operator.alpha value: 中国联通 propVal=中国联通
11-24 21:54:54.320  1229  1229 D TelephonyManager: setTelephonyProperty: success phoneId=0 property=gsm.operator.numeric value: 46001 propVal=46001
11-24 21:54:54.321  1229  1229 D TelephonyManager: setTelephonyProperty: success phoneId=0 property=gsm.operator.iso-country value: cn propVal=cn
11-24 21:54:54.322  1229  1229 D GsmSST  : [GsmSST] pollStateDone: there are 2 unique offsets for iso-cc='cn testOneUniqueOffsetPath=false', do nothing
11-24 21:54:54.322  1229  1229 D GsmSST  : [GsmSST] shouldFixTimeZoneNow: retVal=false iccCardExist=true operatorNumeric=46001 mcc=460 prevOperatorNumeric=46001 prevMcc=460 needToFixTimeZone=false ltod=11-24 21:54:54.322
11-24 21:54:54.323  1229  1229 D TelephonyManager: setTelephonyProperty: success phoneId=0 property=gsm.operator.isroaming value: false propVal=false
11-24 21:54:54.323  1229  1229 D GsmSST  : [GsmSST] Broadcasting ServiceState : 0 0 voice home data home 中国联通 中国联通 46001 中国联通 中国联通 46001  LTE LTE CSS not supported -1 -1 RoamInd=-1 DefRoamInd=-1 EmergOnly=false
11-24 21:54:54.323  1229  1229 D DefaultPhoneNotifier: nofityServiceState: mRegistry=com.android.internal.telephony.ITelephonyRegistry$Stub$Proxy@1467cb6c ss=0 0 voice home data home 中国联通 中国联通 46001 中国联通 中国联通 46001  LTE LTE CSS not supported -1 -1 RoamInd=-1 DefRoamInd=-1 EmergOnly=false sender=Handler (com.android.internal.telephony.gsm.GSMPhone) {23116ad0} phondId=0 subId=1
11-24 21:54:54.325  1229  1229 D SubscriptionController: getSimStateForSubscriber:  simState=READY ordinal=5
11-24 21:54:54.326  1229  1229 D GsmSST  : [GsmSST] notifyDataRegStateRilRadioTechnologyChanged: drs=0 rat=14
11-24 21:54:54.326  1229  1229 D TelephonyManager: setTelephonyProperty: success phoneId=0 property=gsm.network.type value: LTE propVal=LTE
11-24 21:54:54.326  1229  1229 D GsmSST  : [GsmSST] Iwlan feature available = false
11-24 21:54:54.326  1229  1229 D GsmSST  : [GsmSST] Iwlan feature available = false
11-24 21:54:54.326  1229  1229 D GsmDCT  : [0]get all active apn types
11-24 21:54:54.331   201   626 D RILC    : RequestComplete, RIL_SOCKET_1
11-24 21:54:54.331   201   626 E RILC    : Send Response to RIL_SOCKET_1
11-24 21:54:54.331  1229  1370 D RILJ    : [3751]< RIL_REQUEST_GSM_SET_BROADCAST_CONFIG  [SUB0]
11-24 21:54:54.351  1229  1229 D SubscriptionInfoUpdater: [Receiver]+
11-24 21:54:54.351  1229  1229 D SubscriptionInfoUpdater: Action: android.intent.action.SIM_STATE_CHANGED
11-24 21:54:54.351  1229  1229 D SubscriptionInfoUpdater: slotId: 0
11-24 21:54:54.351  1229  1229 D SubscriptionInfoUpdater: simStatus: READY
11-24 21:54:54.351  1229  1229 D SubscriptionInfoUpdater: slotId: 0 simStatus: READY
11-24 21:54:54.351  1229  1229 D PhoneBase: getIccFileHandler: fh=Handler (com.android.internal.telephony.uicc.UsimFileHandler) {3ce7fc22}
11-24 21:54:54.351  1229  1229 D SubscriptionInfoUpdater: [Receiver]-
11-24 21:54:54.355  1229  1229 D GsmDCT  : [0]handleMessage msg={ when=-28ms what=270377 obj=android.os.AsyncResult@c8798a8 target=com.android.internal.telephony.dataconnection.DcTracker }
11-24 21:54:54.355  1229  1229 D GsmDCT  : [0]updateSimRecords: newSimRecords = SimRecords: mDestroyed=false mContext=com.android.phone.PhoneGlobals@90355ed mCi=com.android.internal.telephony.RIL@8d85b36 mFh=Handler (com.android.internal.telephony.uicc.UsimFileHandler) {3ce7fc22} mParentApp=com.android.internal.telephony.uicc.UiccCardApplication@1e4e6b3 mSpnOverride=mSpnOverride recordsLoadedRegistrants=android.os.RegistrantList@2e32f470 mImsiReadyRegistrants=android.os.RegistrantList@30cc63e9 mRecordsEventsRegistrants=android.os.RegistrantList@3cadb86e mNewSmsRegistrants=android.os.RegistrantList@173d3b0f mNetworkSelectionModeAutomaticRegistrants=android.os.RegistrantList@9aae79c recordsToLoad=0 adnCache=Handler (com.android.internal.telephony.uicc.AdnRecordCache) {2efe55a5} recordsRequested=true iccid=89860115921101579076 msisdnTag= voiceMailNum=null voiceMailTag=null newVoiceMailNum=null newVoiceMailTag=null isVoiceMailFixed=false mImsi=460011952973996 mncLength=2 mailboxIndex=0 spn= mVmConfigcom.android.internal.telephony.uicc.VoiceMailConstants@2300ed7a callForwardingEnabled=false spnState=IDLE mCphsInfo=null mCspPlmnEnabled=true efMWIS=null efCPHS_MWI=null mEfCff=null mEfCfis=null getOperatorNumeric=46001
11-24 21:54:54.355  1229  1229 D GsmDCT  : [0]onUpdateIcc: newIccRecords com.android.internal.telephony.uicc.SIMRecords
11-24 21:54:54.355  1229  1229 D GsmDCT  : [0]New records found com.android.internal.telephony.uicc.SIMRecords
11-24 21:54:54.355  1229  1229 D SIMRecords: [SIMRecords] isAppStateReady : appState = APPSTATE_READY
11-24 21:54:54.355  1229  1229 D GsmDCT  : [0]onUpdateIcc: tryRestartDataConnections nwTypeChanged
11-24 21:54:54.355  1229  1229 D GsmDCT  : [0]overall state is IDLE
11-24 21:54:54.356  1229  1229 D GSMPhone: [GSMPhone] updateCurrentCarrierInProvider: mSubId = 1 currentDds = 1 operatorNumeric = 46001
11-24 21:54:54.389  1229  1229 D GsmDCT  : [0]tryRestartDataConnections: createAllApnList and cleanUpAllConnections
11-24 21:54:54.389  1229  1229 D GsmDCT  : [0]getOperatorNumberic - returning from card: 46001
11-24 21:54:54.389  1229  1229 D GsmDCT  : [0]createAllApnList: selection=numeric = '46001' and carrier_enabled = 1
11-24 21:54:54.397  1229  1229 D GsmDCT  : [0]createApnList: X result=[[ApnSettingV3] 中国联通 3g 网络 (China Unicom), 3162, 46001, 3gnet, , null, , , , -1, default | supl, IP, IP, true, 0, 0, false, 0, 0, 0, 0, , , [ApnSettingV3] 中国联通 GPRS (China Unicom), 3163, 46001, uninet, , null, , , , -1, default | supl, IP, IP, true, 0, 0, false, 0, 0, 0, 0, , , [ApnSettingV3] 中国联通 Wap 网络 (China Unicom), 3164, 46001, 3gwap, 10.0.0.172, null, , , 80, -1, *, IP, IP, true, 0, 0, false, 0, 0, 0, 0, , , [ApnSettingV3] 中国联通 Wap 网络 (China Unicom), 3165, 46001, uniwap, 10.0.0.172, null, , , 80, -1, *, IP, IP, true, 0, 0, false, 0, 0, 0, 0, , , [ApnSettingV3] 中国联通 3g 彩信 (China Unicom), 3166, 46001, 3gwap, , http://mmsc.myuni.com.cn, 10.0.0.172, 80, , -1, mms, IP, IP, true, 0, 0, false, 0, 0, 0, 0, , , [ApnSettingV3] 中国联通彩信 (China Unicom), 3167, 46001, uniwap, , http://mmsc.myuni.com.cn, 10.0.0.172, 80, , -1, mms, IP, IP, true, 0, 0, false, 0, 0, 0, 0, , , [ApnSettingV3] 中国联通3g因特网设置, 3168, 46001, 3gnet, , , , , , 3, default | supl, IP, IP, true, 0, 0, false, 0, 0, 0, 0, , , [ApnSettingV3] 中国联通3gwap设置, 3169, 46001, 3gwap, 10.0.0.172, , , , 80, 3, default | supl, IP, IP, true, 0, 0, false, 0, 0, 0, 0, , , [ApnSettingV3] 中国联通3g彩信设置, 3170, 46001, 3gwap, , http://mmsc.myuni.com.cn, 10.0.0.172, 80, , 3, mms, IP, IP, true, 0, 0, false, 0, 0, 0, 0, , , [ApnSettingV3] China Unicom 3G, 3171, 46001, 3gnet, , null, , , 80, -1, default | supl, IP, IP, true, 0, 0, false, 0, 0, 0, 0, , , [ApnSettingV3] China Unicom MMS, 3172, 46001, uniwap, , http://mmsc.myuni.com.cn, 10.0.0.172, 80, , -1, mms, IP, IP, true, 0, 0, false, 0, 0, 0, 0, , ]
11-24 21:54:54.407  1229  1229 D GsmDCT  : [0]getPreferredApn: mRequestedApnType=default cursor=android.content.ContentResolver$CursorWrapperInner@202f5fc1 cursor.count=1
11-24 21:54:54.408  1229  1229 D GsmDCT  : [0]getPreferredApn: apnSetting=[ApnSettingV3] 中国联通 3g 网络 (China Unicom), 3162, 46001, 3gnet, , null, , , , -1, default | supl, IP, IP, true, 0, 0, false, 0, 0, 0, 0, , 
11-24 21:54:54.408  1229  1229 D GsmDCT  : [0]getPreferredApn: X found apnSetting[ApnSettingV3] 中国联通 3g 网络 (China Unicom), 3162, 46001, 3gnet, , null, , , , -1, default | supl, IP, IP, true, 0, 0, false, 0, 0, 0, 0, , 
11-24 21:54:54.408  1229  1229 D GsmDCT  : [0]createAllApnList: mPreferredApn=[ApnSettingV3] 中国联通 3g 网络 (China Unicom), 3162, 46001, 3gnet, , null, , , , -1, default | supl, IP, IP, true, 0, 0, false, 0, 0, 0, 0, , 
11-24 21:54:54.409  1229  1229 D GsmDCT  : [0]createAllApnList: X mAllApnSettings=[[ApnSettingV3] 中国联通 3g 网络 (China Unicom), 3162, 46001, 3gnet, , null, , , , -1, default | supl, IP, IP, true, 0, 0, false, 0, 0, 0, 0, , , [ApnSettingV3] 中国联通 GPRS (China Unicom), 3163, 46001, uninet, , null, , , , -1, default | supl, IP, IP, true, 0, 0, false, 0, 0, 0, 0, , , [ApnSettingV3] 中国联通 Wap 网络 (China Unicom), 3164, 46001, 3gwap, 10.0.0.172, null, , , 80, -1, *, IP, IP, true, 0, 0, false, 0, 0, 0, 0, , , [ApnSettingV3] 中国联通 Wap 网络 (China Unicom), 3165, 46001, uniwap, 10.0.0.172, null, , , 80, -1, *, IP, IP, true, 0, 0, false, 0, 0, 0, 0, , , [ApnSettingV3] 中国联通 3g 彩信 (China Unicom), 3166, 46001, 3gwap, 10.0.0.172, http://mmsc.myuni.com.cn, 10.0.0.172, 80, 80, -1, mms | default | supl, IP, IP, true, 0, 0, false, 0, 0, 0, 0, , , [ApnSettingV3] 中国联通彩信 (China Unicom), 3167, 46001, uniwap, , http://mmsc.myuni.com.cn, 10.0.0.172, 80, , -1, mms, IP, IP, true, 0, 0, false, 0, 0, 0, 0, , , [ApnSettingV3] 中国联通3g因特网设置, 3168, 46001, 3gnet, , , , , , 3, default | supl, IP, IP, true, 0, 0, false, 0, 0, 0, 0, , , [ApnSettingV3] 中国联通3g彩信设置, 3170, 46001, 3gwap, , http://mmsc.myuni.com.cn, 10.0.0.172, 80, , 3, mms, IP, IP, true, 0, 0, false, 0, 0, 0, 0, , , [ApnSettingV3] China Unicom 3G, 3171, 46001, 3gnet, , null, , , 80, -1, default | supl, IP, IP, true, 0, 0, false, 0, 0, 0, 0, , , [ApnSettingV3] China Unicom MMS, 3172, 46001, uniwap, , http://mmsc.myuni.com.cn, 10.0.0.172, 80, , -1, mms, IP, IP, true, 0, 0, false, 0, 0, 0, 0, , ]
11-24 21:54:54.409  1229  1229 D GsmDCT  : [0]setDataProfilesAsNeeded
11-24 21:54:54.409  1229  1229 D GsmDCT  : [0]cleanUpAllConnections: tearDown=false reason=nwTypeChanged
11-24 21:54:54.409  1229  1229 D GsmDCT  : [0]cleanUpConnection: E tearDown=false reason=nwTypeChanged apnContext={mApnType=default mState=IDLE mWaitingApns={null} mWaitingApnsPermanentFailureCountDown=0 mApnSetting={null} mReason=nwTypeChanged mDataEnabled=false mDependencyMet=true}
11-24 21:54:54.409  1229  1229 D GsmDCT  : [0]isDataAllowed getRecordsLoaded=true
11-24 21:54:54.410  1229  1229 D GsmDCT  : [0]isDataAllowed: not allowed due to - Attached= false
11-24 21:54:54.410  1229  1229 D GsmDCT  : [ApnContext:default] getApnSetting: apnSetting=null
11-24 21:54:54.411   778   986 D TelephonyRegistry: Notify data connection state changed on sub: 1
11-24 21:54:54.411   778   986 D TelephonyRegistry: Notify data connection state changed on sub: 1
11-24 21:54:54.411  1229  1229 D GsmDCT  : [0]setupDataForSinglePdn: reason = nwTypeChanged isDisconnected = true
11-24 21:54:54.411  1229  1229 D GsmDCT  : [0]isOnlySingleDcAllowed(14): false
11-24 21:54:54.412  1229  1229 D GsmDCT  : [0]cleanUpConnection: X tearDown=false reason=nwTypeChanged apnContext={mApnType=default mState=IDLE mWaitingApns={null} mWaitingApnsPermanentFailureCountDown=0 mApnSetting={null} mReason=nwTypeChanged mDataEnabled=false mDependencyMet=true} dcac=null
11-24 21:54:54.412  1229  1229 D GsmDCT  : [0]cleanUpConnection: E tearDown=false reason=nwTypeChanged apnContext={mApnType=mms mState=IDLE mWaitingApns={null} mWaitingApnsPermanentFailureCountDown=0 mApnSetting={null} mReason=nwTypeChanged mDataEnabled=false mDependencyMet=true}
11-24 21:54:54.412  1229  1229 D GsmDCT  : [0]isDataAllowed getRecordsLoaded=true
11-24 21:54:54.412  1229  1229 D GsmDCT  : [0]isDataAllowed: not allowed due to - Attached= false
11-24 21:54:54.413  1229  1229 D GsmDCT  : [ApnContext:mms] getApnSetting: apnSetting=null
11-24 21:54:54.414  1229  1229 D GsmDCT  : [0]setupDataForSinglePdn: reason = nwTypeChanged isDisconnected = true
11-24 21:54:54.414  1229  1229 D GsmDCT  : [0]isOnlySingleDcAllowed(14): false
11-24 21:54:54.415  1229  1229 D GsmDCT  : [0]cleanUpConnection: X tearDown=false reason=nwTypeChanged apnContext={mApnType=mms mState=IDLE mWaitingApns={null} mWaitingApnsPermanentFailureCountDown=0 mApnSetting={null} mReason=nwTypeChanged mDataEnabled=false mDependencyMet=true} dcac=null
11-24 21:54:54.415  1229  1229 D GsmDCT  : [0]cleanUpConnection: E tearDown=false reason=nwTypeChanged apnContext={mApnType=cbs mState=IDLE mWaitingApns={null} mWaitingApnsPermanentFailureCountDown=0 mApnSetting={null} mReason=nwTypeChanged mDataEnabled=false mDependencyMet=true}
11-24 21:54:54.415  1229  1229 D GsmDCT  : [0]isDataAllowed getRecordsLoaded=true
11-24 21:54:54.415  1229  1229 D GsmDCT  : [0]isDataAllowed: not allowed due to - Attached= false
11-24 21:54:54.416  1229  1229 D GsmDCT  : [ApnContext:cbs] getApnSetting: apnSetting=null
11-24 21:54:54.417  1229  1229 D GsmDCT  : [0]setupDataForSinglePdn: reason = nwTypeChanged isDisconnected = true
11-24 21:54:54.417  1229  1229 D GsmDCT  : [0]isOnlySingleDcAllowed(14): false
11-24 21:54:54.417  1229  1229 D GsmDCT  : [0]cleanUpConnection: X tearDown=false reason=nwTypeChanged apnContext={mApnType=cbs mState=IDLE mWaitingApns={null} mWaitingApnsPermanentFailureCountDown=0 mApnSetting={null} mReason=nwTypeChanged mDataEnabled=false mDependencyMet=true} dcac=null
11-24 21:54:54.417  1229  1229 D GsmDCT  : [0]cleanUpConnection: E tearDown=false reason=nwTypeChanged apnContext={mApnType=fota mState=IDLE mWaitingApns={null} mWaitingApnsPermanentFailureCountDown=0 mApnSetting={null} mReason=nwTypeChanged mDataEnabled=false mDependencyMet=true}
11-24 21:54:54.418  1229  1229 D GsmDCT  : [0]isDataAllowed getRecordsLoaded=true
11-24 21:54:54.418  1229  1229 D GsmDCT  : [0]isDataAllowed: not allowed due to - Attached= false
11-24 21:54:54.418  1229  1229 D GsmDCT  : [ApnContext:fota] getApnSetting: apnSetting=null
11-24 21:54:54.420  1229  1229 D GsmDCT  : [0]setupDataForSinglePdn: reason = nwTypeChanged isDisconnected = true
11-24 21:54:54.420  1229  1229 D GsmDCT  : [0]isOnlySingleDcAllowed(14): false
11-24 21:54:54.420  1229  1229 D GsmDCT  : [0]cleanUpConnection: X tearDown=false reason=nwTypeChanged apnContext={mApnType=fota mState=IDLE mWaitingApns={null} mWaitingApnsPermanentFailureCountDown=0 mApnSetting={null} mReason=nwTypeChanged mDataEnabled=false mDependencyMet=true} dcac=null
11-24 21:54:54.420  1229  1229 D GsmDCT  : [0]cleanUpConnection: E tearDown=false reason=nwTypeChanged apnContext={mApnType=supl mState=IDLE mWaitingApns={null} mWaitingApnsPermanentFailureCountDown=0 mApnSetting={null} mReason=nwTypeChanged mDataEnabled=false mDependencyMet=true}
11-24 21:54:54.421  1229  1229 D GsmDCT  : [0]isDataAllowed getRecordsLoaded=true
11-24 21:54:54.421  1229  1229 D GsmDCT  : [0]isDataAllowed: not allowed due to - Attached= false
11-24 21:54:54.421  1229  1229 D GsmDCT  : [ApnContext:supl] getApnSetting: apnSetting=null
11-24 21:54:54.423  1229  1229 D GsmDCT  : [0]setupDataForSinglePdn: reason = nwTypeChanged isDisconnected = true
11-24 21:54:54.423  1229  1229 D GsmDCT  : [0]isOnlySingleDcAllowed(14): false
11-24 21:54:54.423  1229  1229 D GsmDCT  : [0]cleanUpConnection: X tearDown=false reason=nwTypeChanged apnContext={mApnType=supl mState=IDLE mWaitingApns={null} mWaitingApnsPermanentFailureCountDown=0 mApnSetting={null} mReason=nwTypeChanged mDataEnabled=false mDependencyMet=true} dcac=null
11-24 21:54:54.423  1229  1229 D GsmDCT  : [0]cleanUpConnection: E tearDown=false reason=nwTypeChanged apnContext={mApnType=ia mState=IDLE mWaitingApns={null} mWaitingApnsPermanentFailureCountDown=0 mApnSetting={null} mReason=nwTypeChanged mDataEnabled=false mDependencyMet=true}
11-24 21:54:54.423  1229  1229 D GsmDCT  : [0]isDataAllowed getRecordsLoaded=true
11-24 21:54:54.424  1229  1229 D GsmDCT  : [0]isDataAllowed: not allowed due to - Attached= false
11-24 21:54:54.424  1229  1229 D GsmDCT  : [ApnContext:ia] getApnSetting: apnSetting=null
11-24 21:54:54.425  1229  1229 D GsmDCT  : [0]setupDataForSinglePdn: reason = nwTypeChanged isDisconnected = true
11-24 21:54:54.425  1229  1229 D GsmDCT  : [0]isOnlySingleDcAllowed(14): false
11-24 21:54:54.425  1229  1229 D GsmDCT  : [0]cleanUpConnection: X tearDown=false reason=nwTypeChanged apnContext={mApnType=ia mState=IDLE mWaitingApns={null} mWaitingApnsPermanentFailureCountDown=0 mApnSetting={null} mReason=nwTypeChanged mDataEnabled=false mDependencyMet=true} dcac=null
11-24 21:54:54.425  1229  1229 D GsmDCT  : [0]cleanUpConnection: E tearDown=false reason=nwTypeChanged apnContext={mApnType=dun mState=IDLE mWaitingApns={null} mWaitingApnsPermanentFailureCountDown=0 mApnSetting={null} mReason=nwTypeChanged mDataEnabled=false mDependencyMet=true}
11-24 21:54:54.426  1229  1229 D GsmDCT  : [0]isDataAllowed getRecordsLoaded=true
11-24 21:54:54.426  1229  1229 D GsmDCT  : [0]isDataAllowed: not allowed due to - Attached= false
11-24 21:54:54.426  1229  1229 D GsmDCT  : [ApnContext:dun] getApnSetting: apnSetting=null
11-24 21:54:54.428  1229  1229 D GsmDCT  : [0]setupDataForSinglePdn: reason = nwTypeChanged isDisconnected = true
11-24 21:54:54.428  1229  1229 D GsmDCT  : [0]isOnlySingleDcAllowed(14): false
11-24 21:54:54.428  1229  1229 D GsmDCT  : [0]cleanUpConnection: X tearDown=false reason=nwTypeChanged apnContext={mApnType=dun mState=IDLE mWaitingApns={null} mWaitingApnsPermanentFailureCountDown=0 mApnSetting={null} mReason=nwTypeChanged mDataEnabled=false mDependencyMet=true} dcac=null
11-24 21:54:54.429  1229  1229 D GsmDCT  : [0]cleanUpConnection: E tearDown=false reason=nwTypeChanged apnContext={mApnType=hipri mState=IDLE mWaitingApns={null} mWaitingApnsPermanentFailureCountDown=0 mApnSetting={null} mReason=nwTypeChanged mDataEnabled=false mDependencyMet=true}
11-24 21:54:54.429  1229  1229 D GsmDCT  : [0]isDataAllowed getRecordsLoaded=true
11-24 21:54:54.429  1229  1229 D GsmDCT  : [0]isDataAllowed: not allowed due to - Attached= false
11-24 21:54:54.429  1229  1229 D GsmDCT  : [ApnContext:hipri] getApnSetting: apnSetting=null
11-24 21:54:54.431  1229  1229 D GsmDCT  : [0]setupDataForSinglePdn: reason = nwTypeChanged isDisconnected = true
11-24 21:54:54.431  1229  1229 D GsmDCT  : [0]isOnlySingleDcAllowed(14): false
11-24 21:54:54.431  1229  1229 D GsmDCT  : [0]cleanUpConnection: X tearDown=false reason=nwTypeChanged apnContext={mApnType=hipri mState=IDLE mWaitingApns={null} mWaitingApnsPermanentFailureCountDown=0 mApnSetting={null} mReason=nwTypeChanged mDataEnabled=false mDependencyMet=true} dcac=null
11-24 21:54:54.431  1229  1229 D GsmDCT  : [0]cleanUpConnection: E tearDown=false reason=nwTypeChanged apnContext={mApnType=ims mState=IDLE mWaitingApns={null} mWaitingApnsPermanentFailureCountDown=0 mApnSetting={null} mReason=nwTypeChanged mDataEnabled=false mDependencyMet=true}
11-24 21:54:54.432  1229  1229 D GsmDCT  : [0]isDataAllowed getRecordsLoaded=true
11-24 21:54:54.432  1229  1229 D GsmDCT  : [0]isDataAllowed: not allowed due to - Attached= false
11-24 21:54:54.432  1229  1229 D GsmDCT  : [ApnContext:ims] getApnSetting: apnSetting=null
11-24 21:54:54.434  1229  1229 D GsmDCT  : [0]setupDataForSinglePdn: reason = nwTypeChanged isDisconnected = true
11-24 21:54:54.434  1229  1229 D GsmDCT  : [0]isOnlySingleDcAllowed(14): false
11-24 21:54:54.435  1229  1229 D GsmDCT  : [0]cleanUpConnection: X tearDown=false reason=nwTypeChanged apnContext={mApnType=ims mState=IDLE mWaitingApns={null} mWaitingApnsPermanentFailureCountDown=0 mApnSetting={null} mReason=nwTypeChanged mDataEnabled=false mDependencyMet=true} dcac=null
11-24 21:54:54.435  1229  1229 D GsmDCT  : [0]stopNetStatPoll
11-24 21:54:54.436  1229  1229 D GsmDCT  : [0]stopDataStallAlarm: current tag=19429 mDataStallAlarmIntent=null
11-24 21:54:54.436  1229  1229 D GsmDCT  : [0]cleanUpConnection: mDisconnectPendingCount = 0
11-24 21:54:54.436  1229  1229 D GsmDCT  : [0]setupDataOnConnectableApns: nwTypeChanged
11-24 21:54:54.439  1229  1229 D GsmDCT  : [0]setupDataOnConnectableApns: apnContext {mApnType=hipri mState=IDLE mWaitingApns={null} mWaitingApnsPermanentFailureCountDown=0 mApnSetting={null} mReason=nwTypeChanged mDataEnabled=false mDependencyMet=true}
11-24 21:54:54.439  1229  1715 D SubscriptionController: [getActiveSubInfoList]+
11-24 21:54:54.439  1229  1229 D GsmDCT  : [0]setupDataOnConnectableApns: apnContext {mApnType=mms mState=IDLE mWaitingApns={null} mWaitingApnsPermanentFailureCountDown=0 mApnSetting={null} mReason=nwTypeChanged mDataEnabled=false mDependencyMet=true}
11-24 21:54:54.439  1229  1229 D GsmDCT  : [0]setupDataOnConnectableApns: apnContext {mApnType=supl mState=IDLE mWaitingApns={null} mWaitingApnsPermanentFailureCountDown=0 mApnSetting={null} mReason=nwTypeChanged mDataEnabled=false mDependencyMet=true}
11-24 21:54:54.439  1229  1229 D GsmDCT  : [0]setupDataOnConnectableApns: apnContext {mApnType=cbs mState=IDLE mWaitingApns={null} mWaitingApnsPermanentFailureCountDown=0 mApnSetting={null} mReason=nwTypeChanged mDataEnabled=false mDependencyMet=true}
11-24 21:54:54.439  1229  1229 D GsmDCT  : [0]setupDataOnConnectableApns: apnContext {mApnType=dun mState=IDLE mWaitingApns={null} mWaitingApnsPermanentFailureCountDown=0 mApnSetting={null} mReason=nwTypeChanged mDataEnabled=false mDependencyMet=true}
11-24 21:54:54.439  1229  1715 D SubscriptionController: selection:sim_id>=0 null
11-24 21:54:54.439  1229  1229 D GsmDCT  : [0]setupDataOnConnectableApns: apnContext {mApnType=fota mState=IDLE mWaitingApns={null} mWaitingApnsPermanentFailureCountDown=0 mApnSetting={null} mReason=nwTypeChanged mDataEnabled=false mDependencyMet=true}
11-24 21:54:54.439  1229  1229 D GsmDCT  : [0]setupDataOnConnectableApns: apnContext {mApnType=ims mState=IDLE mWaitingApns={null} mWaitingApnsPermanentFailureCountDown=0 mApnSetting={null} mReason=nwTypeChanged mDataEnabled=false mDependencyMet=true}
11-24 21:54:54.439  1229  1229 D GsmDCT  : [0]setupDataOnConnectableApns: apnContext {mApnType=default mState=IDLE mWaitingApns={null} mWaitingApnsPermanentFailureCountDown=0 mApnSetting={null} mReason=nwTypeChanged mDataEnabled=false mDependencyMet=true}
11-24 21:54:54.439  1229  1229 D GsmDCT  : [0]setupDataOnConnectableApns: apnContext {mApnType=ia mState=IDLE mWaitingApns={null} mWaitingApnsPermanentFailureCountDown=0 mApnSetting={null} mReason=nwTypeChanged mDataEnabled=false mDependencyMet=true}
11-24 21:54:54.442  1229  1715 D TelephonyManager: getTelephonyProperty: return propVal='cn' phoneId=0 property='gsm.sim.operator.iso-country' defaultVal='' prop=cn
11-24 21:54:54.442  1229  1715 D SubscriptionController: [getSubInfoRecord] id:1 iccid:DUMMY_NV_ID simSlotIndex:0 displayName:CARD 1 nameSource:0 iconTint:-16746133 dataRoaming:0 mcc:460 mnc:1 countIso:cn status:1 nwMode:10
11-24 21:54:54.443  1229  1229 D GsmDCT  : [0]handleMessage msg={ when=-117ms what=270352 obj=android.os.AsyncResult@210676a7 target=com.android.internal.telephony.dataconnection.DcTracker }
11-24 21:54:54.443  1229  1229 D GsmDCT  : [0]onDataConnectionAttached
11-24 21:54:54.443  1229  1229 D GsmDCT  : [0]overall state is IDLE
11-24 21:54:54.444  1229  1715 D SubscriptionController: [getActiveSubInfoList]- 1 infos return
11-24 21:54:54.444  1229  1229 D GsmDCT  : [0]isDataAllowed getRecordsLoaded=true
11-24 21:54:54.445  1229  1229 D GsmDCT  : [ApnContext:default] getApnSetting: apnSetting=null
11-24 21:54:54.445  1229  1785 D SubscriptionController: getSimStateForSubscriber:  simState=READY ordinal=5
11-24 21:54:54.446  1229  1229 D GsmDCT  : [0]isDataAllowed getRecordsLoaded=true
11-24 21:54:54.446  1229  1229 D GsmDCT  : [ApnContext:mms] getApnSetting: apnSetting=null
11-24 21:54:54.448  1229  1229 D GsmDCT  : [0]isDataAllowed getRecordsLoaded=true
11-24 21:54:54.448  1229  1245 D SubscriptionController: [getActiveSubInfoList]+
11-24 21:54:54.448  1229  1245 D SubscriptionController: selection:sim_id>=0 null
11-24 21:54:54.449  1229  1229 D GsmDCT  : [ApnContext:cbs] getApnSetting: apnSetting=null
11-24 21:54:54.450  1229  1229 D GsmDCT  : [0]isDataAllowed getRecordsLoaded=true
11-24 21:54:54.450  1229  1229 D GsmDCT  : [ApnContext:fota] getApnSetting: apnSetting=null
11-24 21:54:54.450  1229  1245 D TelephonyManager: getTelephonyProperty: return propVal='cn' phoneId=0 property='gsm.sim.operator.iso-country' defaultVal='' prop=cn
11-24 21:54:54.450  1229  1245 D SubscriptionController: [getSubInfoRecord] id:1 iccid:DUMMY_NV_ID simSlotIndex:0 displayName:CARD 1 nameSource:0 iconTint:-16746133 dataRoaming:0 mcc:460 mnc:1 countIso:cn status:1 nwMode:10
11-24 21:54:54.451  1229  1229 D GsmDCT  : [0]isDataAllowed getRecordsLoaded=true
11-24 21:54:54.451  1229  1245 D SubscriptionController: [getActiveSubInfoList]- 1 infos return
11-24 21:54:54.452  1229  1229 D GsmDCT  : [ApnContext:supl] getApnSetting: apnSetting=null
11-24 21:54:54.453  1229  1229 D GsmDCT  : [0]isDataAllowed getRecordsLoaded=true
11-24 21:54:54.453  1229  1229 D GsmDCT  : [ApnContext:ia] getApnSetting: apnSetting=null
11-24 21:54:54.454  1229  1229 D GsmDCT  : [0]isDataAllowed getRecordsLoaded=true
11-24 21:54:54.454  1229  1229 D GsmDCT  : [ApnContext:dun] getApnSetting: apnSetting=null
11-24 21:54:54.456  1229  1229 D GsmDCT  : [0]isDataAllowed getRecordsLoaded=true
11-24 21:54:54.456  1229  1229 D GsmDCT  : [ApnContext:hipri] getApnSetting: apnSetting=null
11-24 21:54:54.457  1229  1785 D SubscriptionController: [getActiveSubInfoList]+
11-24 21:54:54.457  1229  1785 D SubscriptionController: selection:sim_id>=0 null
11-24 21:54:54.458  1229  1229 D GsmDCT  : [0]isDataAllowed getRecordsLoaded=true
11-24 21:54:54.458  1229  1229 D GsmDCT  : [ApnContext:ims] getApnSetting: apnSetting=null
11-24 21:54:54.459  1229  1229 D GsmDCT  : [0]setupDataOnConnectableApns: dataAttached
11-24 21:54:54.459  1229  1229 D GsmDCT  : [0]setupDataOnConnectableApns: apnContext {mApnType=hipri mState=IDLE mWaitingApns={null} mWaitingApnsPermanentFailureCountDown=0 mApnSetting={null} mReason=nwTypeChanged mDataEnabled=false mDependencyMet=true}
11-24 21:54:54.459  1229  1229 D GsmDCT  : [0]setupDataOnConnectableApns: apnContext {mApnType=mms mState=IDLE mWaitingApns={null} mWaitingApnsPermanentFailureCountDown=0 mApnSetting={null} mReason=nwTypeChanged mDataEnabled=false mDependencyMet=true}
11-24 21:54:54.459  1229  1229 D GsmDCT  : [0]setupDataOnConnectableApns: apnContext {mApnType=supl mState=IDLE mWaitingApns={null} mWaitingApnsPermanentFailureCountDown=0 mApnSetting={null} mReason=nwTypeChanged mDataEnabled=false mDependencyMet=true}
11-24 21:54:54.459  1229  1785 D TelephonyManager: getTelephonyProperty: return propVal='cn' phoneId=0 property='gsm.sim.operator.iso-country' defaultVal='' prop=cn
11-24 21:54:54.459  1229  1229 D GsmDCT  : [0]setupDataOnConnectableApns: apnContext {mApnType=cbs mState=IDLE mWaitingApns={null} mWaitingApnsPermanentFailureCountDown=0 mApnSetting={null} mReason=nwTypeChanged mDataEnabled=false mDependencyMet=true}
11-24 21:54:54.459  1229  1785 D SubscriptionController: [getSubInfoRecord] id:1 iccid:DUMMY_NV_ID simSlotIndex:0 displayName:CARD 1 nameSource:0 iconTint:-16746133 dataRoaming:0 mcc:460 mnc:1 countIso:cn status:1 nwMode:10
11-24 21:54:54.459  1229  1229 D GsmDCT  : [0]setupDataOnConnectableApns: apnContext {mApnType=dun mState=IDLE mWaitingApns={null} mWaitingApnsPermanentFailureCountDown=0 mApnSetting={null} mReason=nwTypeChanged mDataEnabled=false mDependencyMet=true}
11-24 21:54:54.459  1229  1229 D GsmDCT  : [0]setupDataOnConnectableApns: apnContext {mApnType=fota mState=IDLE mWaitingApns={null} mWaitingApnsPermanentFailureCountDown=0 mApnSetting={null} mReason=nwTypeChanged mDataEnabled=false mDependencyMet=true}
11-24 21:54:54.459  1229  1229 D GsmDCT  : [0]setupDataOnConnectableApns: apnContext {mApnType=ims mState=IDLE mWaitingApns={null} mWaitingApnsPermanentFailureCountDown=0 mApnSetting={null} mReason=nwTypeChanged mDataEnabled=false mDependencyMet=true}
11-24 21:54:54.459  1229  1229 D GsmDCT  : [0]setupDataOnConnectableApns: apnContext {mApnType=default mState=IDLE mWaitingApns={null} mWaitingApnsPermanentFailureCountDown=0 mApnSetting={null} mReason=nwTypeChanged mDataEnabled=false mDependencyMet=true}
11-24 21:54:54.459  1229  1229 D GsmDCT  : [0]setupDataOnConnectableApns: apnContext {mApnType=ia mState=IDLE mWaitingApns={null} mWaitingApnsPermanentFailureCountDown=0 mApnSetting={null} mReason=nwTypeChanged mDataEnabled=false mDependencyMet=true}
11-24 21:54:54.459  1229  1229 D DctController: EVENT_PHONE1_DATA_ATTACH.
11-24 21:54:54.460  1229  1563 D DcSwitchSM: [DcSwitchStateMachine-0] AttachingState: EVENT_DATA_ATTACHED
11-24 21:54:54.460  1229  1563 D DcSwitchSM: [DcSwitchStateMachine-0] AttachedState: enter
11-24 21:54:54.460  1229  1563 D DctController: executeAllRequests, phone:0
11-24 21:54:54.460  1229  1561 D DctController: handleMessage msg={ when=0 what=102 target=com.android.internal.telephony.dataconnection.DctController }
11-24 21:54:54.460  1229  1561 D DctController: onExecuteAllRequests phoneId=0
11-24 21:54:54.460  1229  1229 D DcSwitchAsyncChannel: [DcSwitchAsyncChannel-0]: notifyDataAttached
11-24 21:54:54.460  1229  1561 D DctController: onExecuteRequest request=[ request=NetworkRequest [ id=1, legacyType=-1, [ Capabilities: INTERNET&NOT_RESTRICTED&TRUSTED&NOT_VPN] ], executed=false, priority=0]
11-24 21:54:54.460  1229  1561 D GsmDCT  : [0]setEnabled(0, true) with old state = true and enabledCount = 1
11-24 21:54:54.460  1229  1785 D SubscriptionController: [getActiveSubInfoList]- 1 infos return
11-24 21:54:54.460  1229  1246 D RILJ    : [3764]> RIL_REQUEST_GSM_BROADCAST_ACTIVATION [SUB0]
11-24 21:54:54.462   201   626 D RILC    : RequestComplete, RIL_SOCKET_1
11-24 21:54:54.462   201   626 E RILC    : Send Response to RIL_SOCKET_1
11-24 21:54:54.462  1229  1370 D RILJ    : [3764]< RIL_REQUEST_GSM_BROADCAST_ACTIVATION  [SUB0]
11-24 21:54:54.462  1229  1785 D SubscriptionController: getSimStateForSubscriber:  simState=READY ordinal=5
11-24 21:54:54.462  1229  1229 D GsmDCT  : [0]handleMessage msg={ when=-107ms what=270338 obj=android.os.AsyncResult@2f43aff2 target=com.android.internal.telephony.dataconnection.DcTracker }
11-24 21:54:54.462  1229  1229 D GsmDCT  : [0]onRecordsLoaded: createAllApnList
11-24 21:54:54.462  1229  1229 D GsmDCT  : [0]onRecordsLoaded: createAllApnList
11-24 21:54:54.462  1229  1229 D GsmDCT  : [0]onRecordsLoaded: notifying data availability
11-24 21:54:54.463  1229  1229 D GsmDCT  : [0]isDataAllowed getRecordsLoaded=true
11-24 21:54:54.463  1229  1229 D GsmDCT  : [ApnContext:default] getApnSetting: apnSetting=null
11-24 21:54:54.464  1229  1229 D GsmDCT  : [0]isDataAllowed getRecordsLoaded=true
11-24 21:54:54.464  1229  1229 D GsmDCT  : [ApnContext:mms] getApnSetting: apnSetting=null
11-24 21:54:54.465  1229  1229 D GsmDCT  : [0]isDataAllowed getRecordsLoaded=true
11-24 21:54:54.465  1229  1229 D GsmDCT  : [ApnContext:cbs] getApnSetting: apnSetting=null
11-24 21:54:54.466  1229  1229 D GsmDCT  : [0]isDataAllowed getRecordsLoaded=true
11-24 21:54:54.467  1229  1229 D GsmDCT  : [ApnContext:fota] getApnSetting: apnSetting=null
11-24 21:54:54.468  1229  1229 D GsmDCT  : [0]isDataAllowed getRecordsLoaded=true
11-24 21:54:54.468  1229  1229 D GsmDCT  : [ApnContext:supl] getApnSetting: apnSetting=null
11-24 21:54:54.469  1229  1229 D GsmDCT  : [0]isDataAllowed getRecordsLoaded=true
11-24 21:54:54.469  1229  1229 D GsmDCT  : [ApnContext:ia] getApnSetting: apnSetting=null
11-24 21:54:54.470  1229  1229 D GsmDCT  : [0]isDataAllowed getRecordsLoaded=true
11-24 21:54:54.470  1229  1229 D GsmDCT  : [ApnContext:dun] getApnSetting: apnSetting=null
11-24 21:54:54.471  1229  1229 D GsmDCT  : [0]isDataAllowed getRecordsLoaded=true
11-24 21:54:54.471  1229  1229 D GsmDCT  : [ApnContext:hipri] getApnSetting: apnSetting=null
11-24 21:54:54.472  1229  1229 D GsmDCT  : [0]isDataAllowed getRecordsLoaded=true
11-24 21:54:54.473  1229  1229 D GsmDCT  : [ApnContext:ims] getApnSetting: apnSetting=null
11-24 21:54:54.474  1229  1229 D GsmDCT  : [0]overall state is IDLE
11-24 21:54:54.474  1229  1229 D GSMPhone: [GSMPhone] updateCurrentCarrierInProvider: mSubId = 1 currentDds = 1 operatorNumeric = 46001
11-24 21:54:54.498  1229  1785 D SubscriptionController: [getActiveSubInfoList]+
11-24 21:54:54.498  1229  1785 D SubscriptionController: selection:sim_id>=0 null
11-24 21:54:54.514  1229  1785 D TelephonyManager: getTelephonyProperty: return propVal='cn' phoneId=0 property='gsm.sim.operator.iso-country' defaultVal='' prop=cn
11-24 21:54:54.514  1229  1785 D SubscriptionController: [getSubInfoRecord] id:1 iccid:DUMMY_NV_ID simSlotIndex:0 displayName:CARD 1 nameSource:0 iconTint:-16746133 dataRoaming:0 mcc:460 mnc:1 countIso:cn status:1 nwMode:10
11-24 21:54:54.515  1229  1229 D GsmDCT  : [0]tryRestartDataConnections: createAllApnList and cleanUpAllConnections
11-24 21:54:54.515  1229  1229 D GsmDCT  : [0]getOperatorNumberic - returning from card: 46001
11-24 21:54:54.515  1229  1229 D GsmDCT  : [0]createAllApnList: selection=numeric = '46001' and carrier_enabled = 1
11-24 21:54:54.515  1229  1785 D SubscriptionController: [getActiveSubInfoList]- 1 infos return
11-24 21:54:54.521  1229  1229 D GsmDCT  : [0]createApnList: X result=[[ApnSettingV3] 中国联通 3g 网络 (China Unicom), 3162, 46001, 3gnet, , null, , , , -1, default | supl, IP, IP, true, 0, 0, false, 0, 0, 0, 0, , , [ApnSettingV3] 中国联通 GPRS (China Unicom), 3163, 46001, uninet, , null, , , , -1, default | supl, IP, IP, true, 0, 0, false, 0, 0, 0, 0, , , [ApnSettingV3] 中国联通 Wap 网络 (China Unicom), 3164, 46001, 3gwap, 10.0.0.172, null, , , 80, -1, *, IP, IP, true, 0, 0, false, 0, 0, 0, 0, , , [ApnSettingV3] 中国联通 Wap 网络 (China Unicom), 3165, 46001, uniwap, 10.0.0.172, null, , , 80, -1, *, IP, IP, true, 0, 0, false, 0, 0, 0, 0, , , [ApnSettingV3] 中国联通 3g 彩信 (China Unicom), 3166, 46001, 3gwap, , http://mmsc.myuni.com.cn, 10.0.0.172, 80, , -1, mms, IP, IP, true, 0, 0, false, 0, 0, 0, 0, , , [ApnSettingV3] 中国联通彩信 (China Unicom), 3167, 46001, uniwap, , http://mmsc.myuni.com.cn, 10.0.0.172, 80, , -1, mms, IP, IP, true, 0, 0, false, 0, 0, 0, 0, , , [ApnSettingV3] 中国联通3g因特网设置, 3168, 46001, 3gnet, , , , , , 3, default | supl, IP, IP, true, 0, 0, false, 0, 0, 0, 0, , , [ApnSettingV3] 中国联通3gwap设置, 3169, 46001, 3gwap, 10.0.0.172, , , , 80, 3, default | supl, IP, IP, true, 0, 0, false, 0, 0, 0, 0, , , [ApnSettingV3] 中国联通3g彩信设置, 3170, 46001, 3gwap, , http://mmsc.myuni.com.cn, 10.0.0.172, 80, , 3, mms, IP, IP, true, 0, 0, false, 0, 0, 0, 0, , , [ApnSettingV3] China Unicom 3G, 3171, 46001, 3gnet, , null, , , 80, -1, default | supl, IP, IP, true, 0, 0, false, 0, 0, 0, 0, , , [ApnSettingV3] China Unicom MMS, 3172, 46001, uniwap, , http://mmsc.myuni.com.cn, 10.0.0.172, 80, , -1, mms, IP, IP, true, 0, 0, false, 0, 0, 0, 0, , ]
11-24 21:54:54.523  1229  1245 D SubscriptionController: [getActiveSubInfoList]+
11-24 21:54:54.523  1229  1245 D SubscriptionController: selection:sim_id>=0 null
11-24 21:54:54.525  1229  1229 D GsmDCT  : [0]getPreferredApn: mRequestedApnType=default cursor=android.content.ContentResolver$CursorWrapperInner@299ad4c0 cursor.count=1
11-24 21:54:54.525  1229  1229 D GsmDCT  : [0]getPreferredApn: apnSetting=[ApnSettingV3] 中国联通 3g 网络 (China Unicom), 3162, 46001, 3gnet, , null, , , , -1, default | supl, IP, IP, true, 0, 0, false, 0, 0, 0, 0, , 
11-24 21:54:54.525  1229  1229 D GsmDCT  : [0]getPreferredApn: X found apnSetting[ApnSettingV3] 中国联通 3g 网络 (China Unicom), 3162, 46001, 3gnet, , null, , , , -1, default | supl, IP, IP, true, 0, 0, false, 0, 0, 0, 0, , 
11-24 21:54:54.525  1229  1229 D GsmDCT  : [0]createAllApnList: mPreferredApn=[ApnSettingV3] 中国联通 3g 网络 (China Unicom), 3162, 46001, 3gnet, , null, , , , -1, default | supl, IP, IP, true, 0, 0, false, 0, 0, 0, 0, , 
11-24 21:54:54.526  1229  1245 D TelephonyManager: getTelephonyProperty: return propVal='cn' phoneId=0 property='gsm.sim.operator.iso-country' defaultVal='' prop=cn
11-24 21:54:54.526  1229  1245 D SubscriptionController: [getSubInfoRecord] id:1 iccid:DUMMY_NV_ID simSlotIndex:0 displayName:CARD 1 nameSource:0 iconTint:-16746133 dataRoaming:0 mcc:460 mnc:1 countIso:cn status:1 nwMode:10
11-24 21:54:54.526  1229  1229 D GsmDCT  : [0]createAllApnList: X mAllApnSettings=[[ApnSettingV3] 中国联通 3g 网络 (China Unicom), 3162, 46001, 3gnet, , null, , , , -1, default | supl, IP, IP, true, 0, 0, false, 0, 0, 0, 0, , , [ApnSettingV3] 中国联通 GPRS (China Unicom), 3163, 46001, uninet, , null, , , , -1, default | supl, IP, IP, true, 0, 0, false, 0, 0, 0, 0, , , [ApnSettingV3] 中国联通 Wap 网络 (China Unicom), 3164, 46001, 3gwap, 10.0.0.172, null, , , 80, -1, *, IP, IP, true, 0, 0, false, 0, 0, 0, 0, , , [ApnSettingV3] 中国联通 Wap 网络 (China Unicom), 3165, 46001, uniwap, 10.0.0.172, null, , , 80, -1, *, IP, IP, true, 0, 0, false, 0, 0, 0, 0, , , [ApnSettingV3] 中国联通 3g 彩信 (China Unicom), 3166, 46001, 3gwap, 10.0.0.172, http://mmsc.myuni.com.cn, 10.0.0.172, 80, 80, -1, mms | default | supl, IP, IP, true, 0, 0, false, 0, 0, 0, 0, , , [ApnSettingV3] 中国联通彩信 (China Unicom), 3167, 46001, uniwap, , http://mmsc.myuni.com.cn, 10.0.0.172, 80, , -1, mms, IP, IP, true, 0, 0, false, 0, 0, 0, 0, , , [ApnSettingV3] 中国联通3g因特网设置, 3168, 46001, 3gnet, , , , , , 3, default | supl, IP, IP, true, 0, 0, false, 0, 0, 0, 0, , , [ApnSettingV3] 中国联通3g彩信设置, 3170, 46001, 3gwap, , http://mmsc.myuni.com.cn, 10.0.0.172, 80, , 3, mms, IP, IP, true, 0, 0, false, 0, 0, 0, 0, , , [ApnSettingV3] China Unicom 3G, 3171, 46001, 3gnet, , null, , , 80, -1, default | supl, IP, IP, true, 0, 0, false, 0, 0, 0, 0, , , [ApnSettingV3] China Unicom MMS, 3172, 46001, uniwap, , http://mmsc.myuni.com.cn, 10.0.0.172, 80, , -1, mms, IP, IP, true, 0, 0, false, 0, 0, 0, 0, , ]
11-24 21:54:54.526  1229  1229 D GsmDCT  : [0]setDataProfilesAsNeeded
11-24 21:54:54.526  1229  1229 D GsmDCT  : [0]setupDataOnConnectableApns: simLoaded
11-24 21:54:54.527  1229  1229 D GsmDCT  : [0]setupDataOnConnectableApns: apnContext {mApnType=hipri mState=IDLE mWaitingApns={null} mWaitingApnsPermanentFailureCountDown=0 mApnSetting={null} mReason=nwTypeChanged mDataEnabled=false mDependencyMet=true}
11-24 21:54:54.527  1229  1245 D SubscriptionController: [getActiveSubInfoList]- 1 infos return
11-24 21:54:54.527  1229  1229 D GsmDCT  : [0]setupDataOnConnectableApns: apnContext {mApnType=mms mState=IDLE mWaitingApns={null} mWaitingApnsPermanentFailureCountDown=0 mApnSetting={null} mReason=nwTypeChanged mDataEnabled=false mDependencyMet=true}
11-24 21:54:54.527  1229  1229 D GsmDCT  : [0]setupDataOnConnectableApns: apnContext {mApnType=supl mState=IDLE mWaitingApns={null} mWaitingApnsPermanentFailureCountDown=0 mApnSetting={null} mReason=nwTypeChanged mDataEnabled=false mDependencyMet=true}
11-24 21:54:54.527  1229  1229 D GsmDCT  : [0]setupDataOnConnectableApns: apnContext {mApnType=cbs mState=IDLE mWaitingApns={null} mWaitingApnsPermanentFailureCountDown=0 mApnSetting={null} mReason=nwTypeChanged mDataEnabled=false mDependencyMet=true}
11-24 21:54:54.527  1229  1229 D GsmDCT  : [0]setupDataOnConnectableApns: apnContext {mApnType=dun mState=IDLE mWaitingApns={null} mWaitingApnsPermanentFailureCountDown=0 mApnSetting={null} mReason=nwTypeChanged mDataEnabled=false mDependencyMet=true}
11-24 21:54:54.527  1229  1229 D GsmDCT  : [0]setupDataOnConnectableApns: apnContext {mApnType=fota mState=IDLE mWaitingApns={null} mWaitingApnsPermanentFailureCountDown=0 mApnSetting={null} mReason=nwTypeChanged mDataEnabled=false mDependencyMet=true}
11-24 21:54:54.527  1229  1229 D GsmDCT  : [0]setupDataOnConnectableApns: apnContext {mApnType=ims mState=IDLE mWaitingApns={null} mWaitingApnsPermanentFailureCountDown=0 mApnSetting={null} mReason=nwTypeChanged mDataEnabled=false mDependencyMet=true}
11-24 21:54:54.527  1229  1229 D GsmDCT  : [0]setupDataOnConnectableApns: apnContext {mApnType=default mState=IDLE mWaitingApns={null} mWaitingApnsPermanentFailureCountDown=0 mApnSetting={null} mReason=nwTypeChanged mDataEnabled=false mDependencyMet=true}
11-24 21:54:54.527  1229  1229 D GsmDCT  : [0]setupDataOnConnectableApns: apnContext {mApnType=ia mState=IDLE mWaitingApns={null} mWaitingApnsPermanentFailureCountDown=0 mApnSetting={null} mReason=nwTypeChanged mDataEnabled=false mDependencyMet=true}
11-24 21:54:54.528  1229  1785 D SubscriptionController: [getActiveSubInfoList]+
11-24 21:54:54.529  1229  1785 D SubscriptionController: selection:sim_id>=0 null
11-24 21:54:54.531  1229  1785 D TelephonyManager: getTelephonyProperty: return propVal='cn' phoneId=0 property='gsm.sim.operator.iso-country' defaultVal='' prop=cn
11-24 21:54:54.531  1229  1785 D SubscriptionController: [getSubInfoRecord] id:1 iccid:DUMMY_NV_ID simSlotIndex:0 displayName:CARD 1 nameSource:0 iconTint:-16746133 dataRoaming:0 mcc:460 mnc:1 countIso:cn status:1 nwMode:10
11-24 21:54:54.532  1229  1785 D SubscriptionController: [getActiveSubInfoList]- 1 infos return
11-24 21:54:54.535  1229  1245 D SubscriptionController: getSimStateForSubscriber:  simState=READY ordinal=5
11-24 21:54:54.535  1229  1229 D GsmDCT  : [0]handleMessage msg={ when=-74ms what=270349 arg2=1 target=com.android.internal.telephony.dataconnection.DcTracker }
11-24 21:54:54.535  1229  1229 D GsmDCT  : [0]onEnableApn: apnContext={mApnType=default mState=IDLE mWaitingApns={null} mWaitingApnsPermanentFailureCountDown=0 mApnSetting={null} mReason=nwTypeChanged mDataEnabled=false mDependencyMet=true} call applyNewState
11-24 21:54:54.535  1229  1229 D GsmDCT  : [0]applyNewState(default, true(false), true(true))
11-24 21:54:54.535  1229  1229 D GsmDCT  : [0]trySetupData for type:default due to dataEnabled apnContext={mApnType=default mState=IDLE mWaitingApns={null} mWaitingApnsPermanentFailureCountDown=0 mApnSetting={null} mReason=dataEnabled mDataEnabled=true mDependencyMet=true}
11-24 21:54:54.535  1229  1229 D GsmDCT  : [0]trySetupData with mIsPsRestricted=false
11-24 21:54:54.535  1229  1229 D GsmDCT  : [0]isDataAllowed getRecordsLoaded=true
11-24 21:54:54.536  1229  1229 D GsmDCT  : [0]isDataAllowed getRecordsLoaded=true
11-24 21:54:54.536  1229  1229 D GsmDCT  : [ApnContext:mms] getApnSetting: apnSetting=null
11-24 21:54:54.536  1229  1785 D SubscriptionController: [getActiveSubInfoList]+
11-24 21:54:54.536  1229  1785 D SubscriptionController: selection:sim_id>=0 null
11-24 21:54:54.537  1229  1229 D GsmDCT  : [0]isDataAllowed getRecordsLoaded=true
11-24 21:54:54.537  1229  1229 D GsmDCT  : [ApnContext:cbs] getApnSetting: apnSetting=null
11-24 21:54:54.539  1229  1229 D GsmDCT  : [0]isDataAllowed getRecordsLoaded=true
11-24 21:54:54.539  1229  1785 D TelephonyManager: getTelephonyProperty: return propVal='cn' phoneId=0 property='gsm.sim.operator.iso-country' defaultVal='' prop=cn
11-24 21:54:54.539  1229  1785 D SubscriptionController: [getSubInfoRecord] id:1 iccid:DUMMY_NV_ID simSlotIndex:0 displayName:CARD 1 nameSource:0 iconTint:-16746133 dataRoaming:0 mcc:460 mnc:1 countIso:cn status:1 nwMode:10
11-24 21:54:54.539  1229  1229 D GsmDCT  : [ApnContext:fota] getApnSetting: apnSetting=null
11-24 21:54:54.540  1229  1785 D SubscriptionController: [getActiveSubInfoList]- 1 infos return
11-24 21:54:54.542  1229  1229 D GsmDCT  : [0]isDataAllowed getRecordsLoaded=true
11-24 21:54:54.543  1229  1245 D SubscriptionController: [getActiveSubInfoList]+
11-24 21:54:54.543  1229  1245 D SubscriptionController: selection:sim_id>=0 null
11-24 21:54:54.543  1229  1229 D GsmDCT  : [ApnContext:supl] getApnSetting: apnSetting=null
11-24 21:54:54.545  1229  1245 D TelephonyManager: getTelephonyProperty: return propVal='cn' phoneId=0 property='gsm.sim.operator.iso-country' defaultVal='' prop=cn
11-24 21:54:54.545  1229  1245 D SubscriptionController: [getSubInfoRecord] id:1 iccid:DUMMY_NV_ID simSlotIndex:0 displayName:CARD 1 nameSource:0 iconTint:-16746133 dataRoaming:0 mcc:460 mnc:1 countIso:cn status:1 nwMode:10
11-24 21:54:54.545  1229  1229 D GsmDCT  : [0]isDataAllowed getRecordsLoaded=true
11-24 21:54:54.545  1229  1229 D GsmDCT  : [ApnContext:ia] getApnSetting: apnSetting=null
11-24 21:54:54.546  1229  1245 D SubscriptionController: [getActiveSubInfoList]- 1 infos return
11-24 21:54:54.549  1229  1229 D GsmDCT  : [0]isDataAllowed getRecordsLoaded=true
11-24 21:54:54.550  1229  1229 D GsmDCT  : [ApnContext:dun] getApnSetting: apnSetting=null
11-24 21:54:54.550  1229  1245 D SubscriptionController: getSimStateForSubscriber:  simState=READY ordinal=5
11-24 21:54:54.552  1229  1229 D GsmDCT  : [0]isDataAllowed getRecordsLoaded=true
11-24 21:54:54.553  1229  1229 D GsmDCT  : [ApnContext:hipri] getApnSetting: apnSetting=null
11-24 21:54:54.553  1229  1245 D SubscriptionController: [getActiveSubInfoList]+
11-24 21:54:54.553  1229  1245 D SubscriptionController: selection:sim_id>=0 null
11-24 21:54:54.554  1229  1229 D GsmDCT  : [0]isDataAllowed getRecordsLoaded=true
11-24 21:54:54.555  1229  1229 D GsmDCT  : [ApnContext:ims] getApnSetting: apnSetting=null
11-24 21:54:54.555  1229  1245 D TelephonyManager: getTelephonyProperty: return propVal='cn' phoneId=0 property='gsm.sim.operator.iso-country' defaultVal='' prop=cn
11-24 21:54:54.555  1229  1245 D SubscriptionController: [getSubInfoRecord] id:1 iccid:DUMMY_NV_ID simSlotIndex:0 displayName:CARD 1 nameSource:0 iconTint:-16746133 dataRoaming:0 mcc:460 mnc:1 countIso:cn status:1 nwMode:10
11-24 21:54:54.556  1229  1229 D GsmDCT  : [0]trySetupData: X apnContext not 'ready' retValue=false
11-24 21:54:54.557  1229  1246 D SubscriptionController: [getActiveSubInfoList]+
11-24 21:54:54.557  1229  1245 D SubscriptionController: [getActiveSubInfoList]- 1 infos return
11-24 21:54:54.558  1229  1246 D SubscriptionController: selection:sim_id>=0 null
11-24 21:54:54.559  1229  1246 D TelephonyManager: getTelephonyProperty: return propVal='cn' phoneId=0 property='gsm.sim.operator.iso-country' defaultVal='' prop=cn
11-24 21:54:54.559  1229  1246 D SubscriptionController: [getSubInfoRecord] id:1 iccid:DUMMY_NV_ID simSlotIndex:0 displayName:CARD 1 nameSource:0 iconTint:-16746133 dataRoaming:0 mcc:460 mnc:1 countIso:cn status:1 nwMode:10
11-24 21:54:54.561  1229  1246 D SubscriptionController: [getActiveSubInfoList]- 1 infos return
11-24 21:54:54.564  1229  1785 D RILJ    : [3765]> RIL_REQUEST_GSM_SET_BROADCAST_CONFIG with 2 configs :  [SUB0]
11-24 21:54:54.564  1229  1785 D RILJ    : SmsBroadcastConfigInfo: Id [4352,4354] Code [0,255] ENABLED [SUB0]
11-24 21:54:54.564  1229  1785 D RILJ    : SmsBroadcastConfigInfo: Id [4356,4356] Code [0,255] ENABLED [SUB0]
11-24 21:54:54.566  1229  1715 D SubscriptionController: [getActiveSubInfoList]+
11-24 21:54:54.566  1229  1715 D SubscriptionController: selection:sim_id>=0 null
11-24 21:54:54.571  1229  1715 D TelephonyManager: getTelephonyProperty: return propVal='cn' phoneId=0 property='gsm.sim.operator.iso-country' defaultVal='' prop=cn
11-24 21:54:54.571  1229  1715 D SubscriptionController: [getSubInfoRecord] id:1 iccid:DUMMY_NV_ID simSlotIndex:0 displayName:CARD 1 nameSource:0 iconTint:-16746133 dataRoaming:0 mcc:460 mnc:1 countIso:cn status:1 nwMode:10
