03-22 12:40:24.912     0   197 I auditd  : Starting up
03-22 12:40:24.977     0   197 I audit_log: Previous audit logfile detected, rotating
03-22 12:40:24.978     0   197 E audit_rules: Could not read audit rules /data/misc/audit/audit.rules: No such file or directory
03-22 12:40:25.115   189   189 I Vold    : Vold 2.1 (the revenge) firing up
03-22 12:40:25.116   189   189 D Vold    : Volume usbdisk state changing -1 (Initializing) -> 0 (No-Media)
03-22 12:40:25.116   189   189 I Cryptfs : Check if PFE is activated on Boot
03-22 12:40:25.132   189   189 E Cryptfs : Bad magic for real block device /dev/block/platform/msm_sdcc.1/by-name/metadata
03-22 12:40:25.132   189   189 E Cryptfs : Error getting crypt footer and key
11-24 21:54:41.735   778   778 I InstallerConnection: disconnecting...
11-24 21:54:41.814   778   778 I SystemServer: Entered the Android system server!
11-24 21:54:41.875   778   778 I SystemServiceManager: Starting com.android.server.pm.Installer
11-24 21:54:41.884   778   778 I Installer: Waiting for installd to be ready.
11-24 21:54:41.884   778   778 I InstallerConnection: connecting...
11-24 21:54:41.887   778   778 I SystemServiceManager: Starting com.android.server.am.ActivityManagerService$Lifecycle
11-24 21:54:41.920   778   778 I XXXXXX  : choosing minFree values for 32 Bit
11-24 21:54:41.920   778   778 I XXXXXX  : choosing minFree values for 32 Bit
11-24 21:54:41.920   778   778 I XXXXXX  : choosing minFree values for 32 Bit
11-24 21:54:41.920   778   778 I XXXXXX  : choosing minFree values for 32 Bit
11-24 21:54:41.920   778   778 I XXXXXX  : choosing minFree values for 32 Bit
11-24 21:54:41.920   778   778 I XXXXXX  : choosing minFree values for 32 Bit
11-24 21:54:41.927   778   778 I ActivityManager: Memory class: 192
11-24 21:54:41.928   778   799 I ServiceThread: Enabled StrictMode logging for ActivityManager looper.
11-24 21:54:41.931   778   800 I ServiceThread: Enabled StrictMode logging for android.ui looper.
11-24 21:54:42.046   778   778 I IntentFirewall: Read new rules (A:0 B:0 S:0)
11-24 21:54:42.060   778   806 I ServiceThread: Enabled StrictMode logging for android.display looper.
11-24 21:54:42.063   778   778 D AppOps  : AppOpsService published
11-24 21:54:42.064   778   778 I SystemServiceManager: Starting com.android.server.power.PowerManagerService
11-24 21:54:42.073   778   807 I ServiceThread: Enabled StrictMode logging for PowerManagerService looper.
11-24 21:54:44.143   778   778 I SystemServiceManager: Starting com.android.server.display.DisplayManagerService
11-24 21:54:44.153   778   778 I SystemServiceManager: Starting phase 100
11-24 21:54:44.153   778   806 I DisplayManagerService: Display device added: DisplayDeviceInfo{"Built-in Screen": uniqueId="local:0", 1080 x 1920, 60.0 fps, supportedRefreshRates [60.0], density 480, 442.451 x 443.345 dpi, appVsyncOff 7500000, presDeadline 12666667, touch INTERNAL, rotation 0, type BUILT_IN, state UNKNOWN, FLAG_DEFAULT_DISPLAY, FLAG_ROTATES_WITH_CONTENT, FLAG_SECURE, FLAG_SUPPORTS_PROTECTED_BUFFERS}
11-24 21:54:44.154   778   778 I SystemServer: Package Manager
11-24 21:54:44.186   778   778 W PackageManager: No security bridge jar found, using default
11-24 21:54:44.203   778   778 W SystemConfig: No directory /system/etc/sysconfig, skipping
11-24 21:54:44.303   778   778 D SELinuxMMAC: Using policy file /system/etc/security/mac_permissions.xml
11-24 21:54:45.124   778   778 W PackageParser: No actions in intent filter at /system/priv-app/Contacts/Contacts.apk Binary XML file line #362
11-24 21:54:45.448   778   778 W PackageParser: No actions in intent filter at /system/priv-app/Dialer/Dialer.apk Binary XML file line #185
11-24 21:54:46.588   778   778 W PackageParser: Unknown element under <intent-filter>: android at /system/priv-app/Telecom/Telecom.apk Binary XML file line #236
11-24 21:54:46.589   778   778 W PackageParser: Unknown element under <intent-filter>: android at /system/priv-app/Telecom/Telecom.apk Binary XML file line #244
11-24 21:54:46.879   778   778 W PackageParser: No actions in intent filter at /system/app/Bluetooth/Bluetooth.apk Binary XML file line #229
11-24 21:54:47.031   778   778 W PackageParser: No actions in intent filter at /system/app/CMFileManager/CMFileManager.apk Binary XML file line #166
11-24 21:54:47.722   778   778 W PackageParser: Unknown element under <application>: permission at /system/app/Gallery2/Gallery2.apk Binary XML file line #276
11-24 21:54:47.722   778   778 W PackageParser: Unknown element under <application>: permission at /system/app/Gallery2/Gallery2.apk Binary XML file line #279
11-24 21:54:48.641   778   778 W PackageParser: Unknown element under <application>: uses-permission at /system/app/shutdownlistener/shutdownlistener.apk Binary XML file line #11
11-24 21:54:48.851   778   778 W PackageManager: Package com.android.mms desires unavailable shared library com.qrd.wappush; ignoring!
11-24 21:54:48.852   778   778 E PackageManager: updateAllSharedLibrariesLPw failed: Package com.android.dialer requires unavailable shared library com.qualcomm.qti.smartsearch; failing!
11-24 21:54:48.852   778   778 W PackageManager: Package com.android.gallery3d desires unavailable shared library com.google.android.media.effects; ignoring!
11-24 21:54:48.852   778   778 W PackageManager: Package com.android.gallery3d desires unavailable shared library com.google.android.media.effects; ignoring!
11-24 21:54:48.852   778   778 W PackageManager: Package com.android.calculator2 desires unavailable shared library com.sec.android.app.multiwindow; ignoring!
11-24 21:54:48.852   778   778 I PackageManager: Adjusting ABI for : com.android.inputdevices to armeabi-v7a
11-24 21:54:48.852   778   778 I PackageManager: Adjusting ABI for : com.android.keychain to armeabi-v7a
11-24 21:54:48.853   778   778 I PackageManager: Adjusting ABI for : com.android.settings to armeabi-v7a
11-24 21:54:48.853   778   778 I PackageManager: Adjusting ABI for : cyanogenmod.platform to armeabi-v7a
11-24 21:54:48.853   778   778 I PackageManager: Adjusting ABI for : com.android.providers.settings to armeabi-v7a
11-24 21:54:48.853   778   778 I PackageManager: Adjusting ABI for : com.cyanogenmod.setupwizard to armeabi-v7a
11-24 21:54:48.854   778   778 I PackageManager: Adjusting ABI for : com.android.server.telecom to armeabi-v7a
11-24 21:54:48.854   778   778 I PackageManager: Adjusting ABI for : com.android.location.fused to armeabi-v7a
11-24 21:54:48.854   778   778 I PackageManager: Adjusting ABI for : com.android.development to armeabi-v7a
11-24 21:54:48.857   778   778 I PackageManager: Time to scan packages: 4.482 seconds
11-24 21:54:48.857   778   778 W PackageManager: Unknown permission com.google.android.googleapps.permission.GOOGLE_AUTH in package com.android.providers.calendar
11-24 21:54:48.857   778   778 W PackageManager: Unknown permission com.google.android.googleapps.permission.GOOGLE_AUTH.cl in package com.android.providers.calendar
11-24 21:54:48.858   778   778 W PackageManager: Not granting permission android.permission.ACCESS_DOWNLOAD_MANAGER to package com.android.browser (protectionLevel=18 flags=0x49be45)
11-24 21:54:48.858   778   778 W PackageManager: Not granting permission android.permission.SEND_DOWNLOAD_COMPLETED_INTENTS to package com.android.browser (protectionLevel=2 flags=0x49be45)
11-24 21:54:48.858   778   778 W PackageManager: Not granting permission android.permission.WRITE_MEDIA_STORAGE to package com.android.soundrecorder (protectionLevel=18 flags=0x8be45)
11-24 21:54:48.858   778   778 W PackageManager: Unknown permission com.cyngn.cmstats.SEND_ANALYTICS in package com.cyanogenmod.setupwizard
11-24 21:54:48.858   778   778 W PackageManager: Unknown permission com.cyanogen.permission.REQUEST_KILL_SWITCH_OP in package com.cyanogenmod.setupwizard
11-24 21:54:48.858   778   778 W PackageManager: Unknown permission com.google.android.c2dm.permission.RECEIVE in package org.whispersystems.whisperpush
11-24 21:54:48.858   778   778 W PackageManager: Unknown permission com.cyngn.stats.SEND_ANALYTICS in package org.whispersystems.whisperpush
11-24 21:54:48.858   778   778 W PackageManager: Unknown permission com.google.android.c2dm.permission.RECEIVE in package com.cyanogenmod.account
11-24 21:54:48.858   778   778 W PackageManager: Unknown permission android.permission.INSTALL_DRM in package com.android.mms
11-24 21:54:48.858   778   778 W PackageManager: Unknown permission com.qualcomm.permission.USE_PHONE_SERVICE in package com.android.mms
11-24 21:54:48.858   778   778 W PackageManager: Not granting permission android.permission.MANAGE_DOCUMENTS to package com.android.mms (protectionLevel=2 flags=0x4049be65)
11-24 21:54:48.858   778   778 W PackageManager: Unknown permission android.permission.NFC_UNLOCK in package com.android.nfc
11-24 21:54:48.858   778   778 W PackageManager: Unknown permission com.google.android.googleapps.permission.GOOGLE_AUTH.mail in package com.android.calendar
11-24 21:54:48.859   778   778 W PackageManager: Unknown permission com.android.launcher.permission.READ_SETTINGS in package com.android.onetimeinitializer
11-24 21:54:48.859   778   778 W PackageManager: Unknown permission com.android.launcher.permission.WRITE_SETTINGS in package com.android.onetimeinitializer
11-24 21:54:48.859   778   778 W PackageManager: Unknown permission com.qualcomm.permission.USE_PHONE_SERVICE in package com.android.dialer
11-24 21:54:48.859   778   778 W PackageManager: Unknown permission com.android.launcher.permission.READ_SETTINGS in package com.cyanogenmod.trebuchet
11-24 21:54:48.859   778   778 W PackageManager: Unknown permission com.android.launcher.permission.WRITE_SETTINGS in package com.cyanogenmod.trebuchet
11-24 21:54:48.859   778   778 W PackageManager: Unknown permission com.cyngn.stats.SEND_ANALYTICS in package com.cyanogenmod.trebuchet
11-24 21:54:48.859   778   778 W PackageManager: Unknown permission android.permission.CANCEL_NOTIFICATIONS in package org.cyanogenmod.theme.chooser
11-24 21:54:48.859   778   778 W PackageManager: Not granting permission android.permission.DELETE_PACKAGES to package com.svox.pico (protectionLevel=18 flags=0x8be45)
11-24 21:54:48.859   778   778 W PackageManager: Unknown permission android.permission.ACCESS_SUPERUSER in package com.cyanogenmod.filemanager
11-24 21:54:48.859   778   778 W PackageManager: Unknown permission com.cyanogenmod.filemanager.permissions.READ_THEME in package com.cyanogenmod.filemanager
11-24 21:54:48.859   778   778 W PackageManager: Unknown permission com.google.android.gallery3d.permission.PICASA_STORE in package com.android.dreams.phototable
11-24 21:54:48.859   778   778 W PackageManager: Unknown permission com.google.android.googleapps.permission.GOOGLE_AUTH in package com.android.settings
11-24 21:54:48.859   778   778 W PackageManager: Unknown permission com.android.launcher.permission.READ_SETTINGS in package com.android.settings
11-24 21:54:48.859   778   778 W PackageManager: Unknown permission com.android.launcher.permission.WRITE_SETTINGS in package com.android.settings
11-24 21:54:48.859   778   778 W PackageManager: Unknown permission com.cyanogen.permission.REQUEST_KILL_SWITCH_OP in package com.android.settings
11-24 21:54:48.859   778   778 W PackageManager: Unknown permission com.cyngn.stats.SEND_ANALYTICS in package com.android.settings
11-24 21:54:48.860   778   778 W PackageManager: Not granting permission android.permission.DEVICE_POWER to package com.android.deskclock (protectionLevel=2 flags=0x48be45)
11-24 21:54:48.860   778   778 W PackageManager: Unknown permission com.android.deskclock.worldclock.permissions.WRITE_DATABASE in package com.android.deskclock
11-24 21:54:48.861   778   778 W PackageManager: Unknown permission com.cyngn.stats.SEND_ANALYTICS in package com.android.systemui
11-24 21:54:48.861   778   778 W PackageManager: Unknown permission com.google.android.gallery3d.permission.GALLERY_PROVIDER in package com.android.bluetooth
11-24 21:54:48.861   778   778 W PackageManager: Unknown permission com.google.android.googleapps.permission.ACCESS_GOOGLE_PASSWORD in package com.android.development
11-24 21:54:48.861   778   778 W PackageManager: Unknown permission com.google.android.googleapps.permission.GOOGLE_AUTH in package com.android.development
11-24 21:54:48.861   778   778 W PackageManager: Unknown permission com.google.android.googleapps.permission.GOOGLE_AUTH.ALL_SERVICES in package com.android.development
11-24 21:54:48.861   778   778 W PackageManager: Unknown permission com.google.android.googleapps.permission.GOOGLE_AUTH.YouTubeUser in package com.android.development
11-24 21:54:48.861   778   778 V PackageManager: Disabling com.google.android.gsf/com.google.android.gsf.update.SystemUpdateActivity
11-24 21:54:48.861   778   778 W PackageManager: Unable to disable com.google.android.gsf/com.google.android.gsf.update.SystemUpdateActivity
11-24 21:54:48.861   778   778 V PackageManager: Disabling com.google.android.gsf/com.google.android.gsf.update.SystemUpdateService$Receiver
11-24 21:54:48.861   778   778 W PackageManager: Unable to disable com.google.android.gsf/com.google.android.gsf.update.SystemUpdateService$Receiver
11-24 21:54:48.861   778   778 V PackageManager: Disabling com.google.android.gsf/com.google.android.gsf.update.SystemUpdateService$SecretCodeReceiver
11-24 21:54:48.861   778   778 W PackageManager: Unable to disable com.google.android.gsf/com.google.android.gsf.update.SystemUpdateService$SecretCodeReceiver
11-24 21:54:48.861   778   778 V PackageManager: Disabling com.google.android.gms/com.google.android.gms.update.SystemUpdateActivity
11-24 21:54:48.861   778   778 W PackageManager: Unable to disable com.google.android.gms/com.google.android.gms.update.SystemUpdateActivity
11-24 21:54:48.861   778   778 V PackageManager: Disabling com.google.android.gms/com.google.android.gms.update.SystemUpdateService$Receiver
11-24 21:54:48.861   778   778 W PackageManager: Unable to disable com.google.android.gms/com.google.android.gms.update.SystemUpdateService$Receiver
11-24 21:54:48.861   778   778 V PackageManager: Disabling com.google.android.gms/com.google.android.gms.update.SystemUpdateService$ActiveReceiver
11-24 21:54:48.861   778   778 W PackageManager: Unable to disable com.google.android.gms/com.google.android.gms.update.SystemUpdateService$ActiveReceiver
11-24 21:54:48.861   778   778 V PackageManager: Disabling com.google.android.gms/com.google.android.gms.update.SystemUpdateService$SecretCodeReceiver
11-24 21:54:48.861   778   778 W PackageManager: Unable to disable com.google.android.gms/com.google.android.gms.update.SystemUpdateService$SecretCodeReceiver
11-24 21:54:48.862   778   778 V PackageManager: Enabling com.google.android.gsf/com.google.android.gsf.update.SystemUpdateService
11-24 21:54:48.862   778   778 W PackageManager: Unable to enable com.google.android.gsf/com.google.android.gsf.update.SystemUpdateService
11-24 21:54:48.862   778   778 V PackageManager: Enabling com.google.android.gms/com.google.android.gms.update.SystemUpdateService
11-24 21:54:48.862   778   778 W PackageManager: Unable to enable com.google.android.gms/com.google.android.gms.update.SystemUpdateService
11-24 21:54:48.940   778   778 I SystemServer: User Service
11-24 21:54:48.950   778   778 I SystemServiceManager: Starting com.android.server.lights.LightsService
11-24 21:54:48.954   778   778 I SystemServiceManager: Starting com.android.server.BatteryService
11-24 21:54:48.968   778   778 I SystemServiceManager: Starting com.android.server.usage.UsageStatsService
11-24 21:54:48.977   778   778 I SystemServiceManager: Starting com.android.server.webkit.WebViewUpdateService
11-24 21:54:48.980   778   778 I SystemServer: Reading configuration...
11-24 21:54:48.980   778   778 I SystemServer: Scheduling Policy
11-24 21:54:48.981   778   778 I SystemServiceManager: Starting com.android.server.telecom.TelecomLoaderService
11-24 21:54:48.981   778   778 I SystemServer: Telephony Registry
11-24 21:54:48.987   778   778 I SystemServer: Entropy Mixer
11-24 21:54:48.999   778   778 I EntropyMixer: Added HW RNG output to entropy pool
11-24 21:54:48.999   778   778 I EntropyMixer: Writing entropy...
11-24 21:54:49.011   778   778 I SystemServer: Account Manager
11-24 21:54:49.019   778   778 I SystemServer: Content Manager
11-24 21:54:49.021   778   778 I SystemServer: System Content Providers
11-24 21:54:49.046   778   778 I SystemServer: Vibrator Service
11-24 21:54:49.048   778   778 I SystemServer: Consumer IR Service
11-24 21:54:49.049   778   778 I SystemServiceManager: Starting com.android.server.AlarmManagerService
11-24 21:54:49.057   778   778 I SystemServer: Init Watchdog
11-24 21:54:49.058   778   778 I SystemServer: Input Manager
11-24 21:54:49.059   778   778 I InputManager: Initializing input manager, mUseDevInputEventForAudioJack=true
11-24 21:54:49.061   778   778 I SystemServer: Window Manager
11-24 21:54:49.101   778   806 I WindowManager: No existing display settings /data/system/display_settings.xml; starting empty
11-24 21:54:49.145   778   778 I InputManager: Starting input manager
11-24 21:54:49.149   778   778 I SystemServer: Bluetooth Manager Service
11-24 21:54:49.158   778   778 I SystemServer: Input Method Service
11-24 21:54:49.172   778   778 W InputMethodManagerService: Couldn't create dir.: /data/system/inputmethod
11-24 21:54:49.195   778   778 I SystemServer: Accessibility Manager
11-24 21:54:49.208   778   778 I XXXXXX  : choosing minFree values for 32 Bit
11-24 21:54:49.208   778   778 I XXXXXX  : choosing minFree values for 32 Bit
11-24 21:54:49.208   778   778 I XXXXXX  : choosing minFree values for 32 Bit
11-24 21:54:49.208   778   778 I XXXXXX  : choosing minFree values for 32 Bit
11-24 21:54:49.208   778   778 I XXXXXX  : choosing minFree values for 32 Bit
11-24 21:54:49.208   778   778 I XXXXXX  : choosing minFree values for 32 Bit
11-24 21:54:49.209   778   778 I ActivityManager: Config changes=1df8 {1.0 ?mcc?mnc en_US ?layoutDir sw360dp w360dp h640dp 480dpi nrml long port ?uimode ?night -touch -keyb/v/h -nav/h s.2 themeResource=null}
11-24 21:54:49.220   778   778 I ActivityManager: Config changes=508 {1.0 ?mcc?mnc en_US ?layoutDir sw360dp w360dp h567dp 480dpi nrml port ?uimode ?night finger -keyb/v/h -nav/h s.3 themeResource=null}
11-24 21:54:49.221   778   778 I SystemServer: Mount Service
11-24 21:54:49.225   778   778 D MountService: got storage path: null description: Internal storage primary: true removable: false emulated: true mtpReserve: 100 allowMassStorage: false maxFileSize: 0 allowMtp: true
11-24 21:54:49.226   778   778 D MountService: addVolumeLocked() StorageVolume:
11-24 21:54:49.226   778   778 D MountService:     mStorageId=65537 mPath=/storage/emulated/0 mDescriptionId=17041028 
11-24 21:54:49.226   778   778 D MountService:     mPrimary=true mRemovable=false mEmulated=true mMtpReserveSpace=100 
11-24 21:54:49.226   778   778 D MountService:     mAllowMassStorage=false mMaxFileSize=0 mOwner=UserHandle{0} mUuid=null 
11-24 21:54:49.226   778   778 D MountService:     mUserLabel=null mState=null mAllowMtp=true 
11-24 21:54:49.226   778   778 D MountService: got storage path: /storage/usbdisk description: USB storage primary: false removable: true emulated: false mtpReserve: 0 allowMassStorage: false maxFileSize: 0 allowMtp: true
11-24 21:54:49.226   778   778 D MountService: addVolumeLocked() StorageVolume:
11-24 21:54:49.226   778   778 D MountService:     mStorageId=0 mPath=/storage/usbdisk mDescriptionId=17041030 mPrimary=false 
11-24 21:54:49.226   778   778 D MountService:     mRemovable=true mEmulated=false mMtpReserveSpace=0 mAllowMassStorage=false 
11-24 21:54:49.226   778   778 D MountService:     mMaxFileSize=0 mOwner=null mUuid=null mUserLabel=null mState=null 
11-24 21:54:49.226   778   778 D MountService:     mAllowMtp=true 
11-24 21:54:49.238   778   778 I SystemServer: LockSettingsService
11-24 21:54:49.244   778   778 I SystemServiceManager: Starting com.android.server.devicepolicy.DevicePolicyManagerService$Lifecycle
11-24 21:54:49.245   778   885 D MountService: volume state changed for /storage/usbdisk (unmounted -> removed)
11-24 21:54:49.251   778   778 I SystemServer: Status Bar
11-24 21:54:49.253   778   885 W PackageManager: Unknown permission com.google.android.googleapps.permission.GOOGLE_AUTH in package com.android.providers.calendar
11-24 21:54:49.253   778   885 W PackageManager: Unknown permission com.google.android.googleapps.permission.GOOGLE_AUTH.cl in package com.android.providers.calendar
11-24 21:54:49.253   778   885 W PackageManager: Not granting permission android.permission.ACCESS_DOWNLOAD_MANAGER to package com.android.browser (protectionLevel=18 flags=0x49be45)
11-24 21:54:49.253   778   885 W PackageManager: Not granting permission android.permission.SEND_DOWNLOAD_COMPLETED_INTENTS to package com.android.browser (protectionLevel=2 flags=0x49be45)
11-24 21:54:49.254   778   885 W PackageManager: Not granting permission android.permission.WRITE_MEDIA_STORAGE to package com.android.soundrecorder (protectionLevel=18 flags=0x8be45)
11-24 21:54:49.254   778   885 W PackageManager: Unknown permission com.cyngn.cmstats.SEND_ANALYTICS in package com.cyanogenmod.setupwizard
11-24 21:54:49.254   778   885 W PackageManager: Unknown permission com.cyanogen.permission.REQUEST_KILL_SWITCH_OP in package com.cyanogenmod.setupwizard
11-24 21:54:49.254   778   885 W PackageManager: Unknown permission com.google.android.c2dm.permission.RECEIVE in package org.whispersystems.whisperpush
11-24 21:54:49.254   778   885 W PackageManager: Unknown permission com.cyngn.stats.SEND_ANALYTICS in package org.whispersystems.whisperpush
11-24 21:54:49.254   778   885 W PackageManager: Unknown permission com.google.android.c2dm.permission.RECEIVE in package com.cyanogenmod.account
11-24 21:54:49.254   778   885 W PackageManager: Unknown permission android.permission.INSTALL_DRM in package com.android.mms
11-24 21:54:49.254   778   885 W PackageManager: Unknown permission com.qualcomm.permission.USE_PHONE_SERVICE in package com.android.mms
11-24 21:54:49.254   778   885 W PackageManager: Not granting permission android.permission.MANAGE_DOCUMENTS to package com.android.mms (protectionLevel=2 flags=0x4049be65)
11-24 21:54:49.254   778   885 W PackageManager: Unknown permission android.permission.NFC_UNLOCK in package com.android.nfc
11-24 21:54:49.255   778   885 W PackageManager: Unknown permission com.google.android.googleapps.permission.GOOGLE_AUTH.mail in package com.android.calendar
11-24 21:54:49.255   778   885 W PackageManager: Unknown permission com.android.launcher.permission.READ_SETTINGS in package com.android.onetimeinitializer
11-24 21:54:49.255   778   885 W PackageManager: Unknown permission com.android.launcher.permission.WRITE_SETTINGS in package com.android.onetimeinitializer
11-24 21:54:49.255   778   885 W PackageManager: Unknown permission com.qualcomm.permission.USE_PHONE_SERVICE in package com.android.dialer
11-24 21:54:49.255   778   885 W PackageManager: Unknown permission com.android.launcher.permission.READ_SETTINGS in package com.cyanogenmod.trebuchet
11-24 21:54:49.255   778   885 W PackageManager: Unknown permission com.android.launcher.permission.WRITE_SETTINGS in package com.cyanogenmod.trebuchet
11-24 21:54:49.255   778   885 W PackageManager: Unknown permission com.cyngn.stats.SEND_ANALYTICS in package com.cyanogenmod.trebuchet
11-24 21:54:49.255   778   885 W PackageManager: Unknown permission android.permission.CANCEL_NOTIFICATIONS in package org.cyanogenmod.theme.chooser
11-24 21:54:49.255   778   778 I SystemServer: Clipboard Service
11-24 21:54:49.255   778   885 W PackageManager: Not granting permission android.permission.DELETE_PACKAGES to package com.svox.pico (protectionLevel=18 flags=0x8be45)
11-24 21:54:49.256   778   885 W PackageManager: Unknown permission android.permission.ACCESS_SUPERUSER in package com.cyanogenmod.filemanager
11-24 21:54:49.256   778   885 W PackageManager: Unknown permission com.cyanogenmod.filemanager.permissions.READ_THEME in package com.cyanogenmod.filemanager
11-24 21:54:49.256   778   885 W PackageManager: Unknown permission com.google.android.gallery3d.permission.PICASA_STORE in package com.android.dreams.phototable
11-24 21:54:49.256   778   885 W PackageManager: Unknown permission com.google.android.googleapps.permission.GOOGLE_AUTH in package com.android.settings
11-24 21:54:49.256   778   885 W PackageManager: Unknown permission com.android.launcher.permission.READ_SETTINGS in package com.android.settings
11-24 21:54:49.256   778   885 W PackageManager: Unknown permission com.android.launcher.permission.WRITE_SETTINGS in package com.android.settings
11-24 21:54:49.256   778   885 W PackageManager: Unknown permission com.cyanogen.permission.REQUEST_KILL_SWITCH_OP in package com.android.settings
11-24 21:54:49.257   778   885 W PackageManager: Unknown permission com.cyngn.stats.SEND_ANALYTICS in package com.android.settings
11-24 21:54:49.263   778   885 W PackageManager: Not granting permission android.permission.DEVICE_POWER to package com.android.deskclock (protectionLevel=2 flags=0x48be45)
11-24 21:54:49.263   778   885 W PackageManager: Unknown permission com.android.deskclock.worldclock.permissions.WRITE_DATABASE in package com.android.deskclock
11-24 21:54:49.264   778   885 W PackageManager: Unknown permission com.cyngn.stats.SEND_ANALYTICS in package com.android.systemui
11-24 21:54:49.264   778   885 W PackageManager: Unknown permission com.google.android.gallery3d.permission.GALLERY_PROVIDER in package com.android.bluetooth
11-24 21:54:49.264   778   885 W PackageManager: Unknown permission com.google.android.googleapps.permission.ACCESS_GOOGLE_PASSWORD in package com.android.development
11-24 21:54:49.264   778   885 W PackageManager: Unknown permission com.google.android.googleapps.permission.GOOGLE_AUTH in package com.android.development
11-24 21:54:49.264   778   885 W PackageManager: Unknown permission com.google.android.googleapps.permission.GOOGLE_AUTH.ALL_SERVICES in package com.android.development
11-24 21:54:49.264   778   885 W PackageManager: Unknown permission com.google.android.googleapps.permission.GOOGLE_AUTH.YouTubeUser in package com.android.development
11-24 21:54:49.267   778   778 W ClipboardService: No security bridge jar found, using default
11-24 21:54:49.309   778   778 I SystemServer: TorchService
11-24 21:54:49.549   778   778 I SystemServer: NetworkManagement Service
11-24 21:54:49.582   778   778 I SystemServer: Text Service Manager Service
11-24 21:54:49.592   778   778 I SystemServer: Network Score Service
11-24 21:54:49.594   778   778 I SystemServer: NetworkStats Service
11-24 21:54:49.616   778   778 I SystemServer: NetworkPolicy Service
11-24 21:54:49.659   778   778 I SystemServiceManager: Starting com.android.server.wifi.p2p.WifiP2pService
11-24 21:54:49.660   778   798 I UsageStatsService: User[0] Rollover scheduled @ 2016-11-25 08:00:00(1480032000000)
11-24 21:54:49.705   778   778 I SystemServiceManager: Starting com.android.server.wifi.WifiService
11-24 21:54:49.902   778   778 I SystemServiceManager: Starting com.android.server.wifi.WifiScanningService
11-24 21:54:49.903   778   778 I SystemServiceManager: Starting com.android.server.wifi.RttService
11-24 21:54:49.905   778   778 I SystemServiceManager: Starting com.android.server.ethernet.EthernetService
11-24 21:54:49.910   778   778 I SystemServer: Connectivity Service
11-24 21:54:49.920   778   778 D ConnectivityService: ConnectivityService starting up
11-24 21:54:49.924   778   778 D ConnectivityService: wifiOnly=false
11-24 21:54:49.924   778   778 E ConnectivityService: Ignoring protectedNetwork 15
11-24 21:54:49.942   778   778 I SystemServer: Network Service Discovery Service
11-24 21:54:49.955   778   778 D NsdService: Network service discovery enabled true
11-24 21:54:49.959   778   778 I SystemServer: DPM Service
11-24 21:54:49.959   778   778 I SystemServer: DPM configuration set to 0
11-24 21:54:49.959   778   778 I SystemServer: UpdateLock Service
11-24 21:54:50.027   778   778 I SystemServiceManager: Starting com.android.server.notification.NotificationManagerService
11-24 21:54:50.083   778   778 D ZenLog  : set_zen_mode: no_interruptions,setting
11-24 21:54:50.083   778   778 D ZenLog  : update_zen_mode: off -> no_interruptions
11-24 21:54:50.089   778   778 I SystemServiceManager: Starting com.android.server.storage.DeviceStorageMonitorService
11-24 21:54:50.096   778   778 I SystemServer: Location Manager
11-24 21:54:50.102   778   778 I SystemServer: Country Detector
11-24 21:54:50.104   778   778 I SystemServer: Search Service
11-24 21:54:50.108   778   778 I SystemServer: DropBox Service
11-24 21:54:50.111   778   778 I SystemServer: Wallpaper Service
11-24 21:54:50.120   778   778 W WallpaperManagerService: no current wallpaper -- first boot?
11-24 21:54:50.121   778   778 I SystemServer: Profile Manager
11-24 21:54:50.128   778   902 D WifiService: New client listening to asynchronous messages
11-24 21:54:50.156   778   778 I SystemServer: Audio Service
11-24 21:54:50.264   778   778 I SystemServiceManager: Starting com.android.server.DockObserver
11-24 21:54:50.272   778   778 W DockObserver: This kernel does not have dock station support
11-24 21:54:50.274   778   778 I SystemServer: Wired Accessory Manager
11-24 21:54:50.285   778   778 I SystemServiceManager: Starting com.android.server.usb.UsbService$Lifecycle
11-24 21:54:50.307   778   778 I SystemServer: Serial Service
11-24 21:54:50.308   778   778 I SystemServiceManager: Starting com.android.server.twilight.TwilightService
11-24 21:54:50.316   778   778 I SystemServiceManager: Starting com.android.server.UiModeManagerService
11-24 21:54:50.323   778   778 I SystemServiceManager: Starting com.android.server.job.JobSchedulerService
11-24 21:54:50.336   778   778 D JobStore: job-info
11-24 21:54:50.339   778   778 I SystemServiceManager: Starting com.android.server.backup.BackupManagerService$Lifecycle
11-24 21:54:50.343   778   778 I SystemServiceManager: Starting com.android.server.appwidget.AppWidgetService
11-24 21:54:50.348   778   778 I SystemServiceManager: Starting com.android.server.voiceinteraction.VoiceInteractionManagerService
11-24 21:54:50.353   778   778 W SoundTriggerHelper: listModules status=0, # of modules=0
11-24 21:54:50.353   778   778 I SystemServer: DiskStats Service
11-24 21:54:50.354   778   778 I SystemServer: SamplingProfiler Service
11-24 21:54:50.364   778   778 I SystemServer: NetworkTimeUpdateService
11-24 21:54:50.365   778   778 I SystemServer: CommonTimeManagementService
11-24 21:54:50.369   778   778 I SystemServer: CertBlacklister
11-24 21:54:50.370   778   778 I SystemServiceManager: Starting com.android.server.dreams.DreamManagerService
11-24 21:54:50.374   778   778 I SystemServer: Assets Atlas Service
11-24 21:54:50.381   778   778 I SystemServiceManager: Starting com.android.server.print.PrintManagerService
11-24 21:54:50.386   778   778 I SystemServiceManager: Starting com.android.server.restrictions.RestrictionsManagerService
11-24 21:54:50.389   778   778 I SystemServiceManager: Starting com.android.server.media.MediaSessionService
11-24 21:54:50.409   778   778 I SystemServer: Theme Service
11-24 21:54:50.431   778   778 I SystemServer: KillSwitch Service
11-24 21:54:50.433   778   778 I SystemServer: Media Router Service
11-24 21:54:50.435   778   778 I SystemServiceManager: Starting com.android.server.trust.TrustManagerService
11-24 21:54:50.439   778   778 I SystemServiceManager: Starting com.android.server.fingerprint.FingerprintService
11-24 21:54:50.443   778   778 I SystemServer: BackgroundDexOptService
11-24 21:54:50.450   778   778 I SystemServer: CmHardwareService
11-24 21:54:50.464   778   778 I SystemServiceManager: Starting com.android.server.pm.LauncherAppsService
11-24 21:54:50.468   778   778 D SystemServer: Wipower not supported
11-24 21:54:50.468   778   778 I SystemServer: EdgeGesture service
11-24 21:54:50.472   778   778 I SystemServiceManager: Starting com.android.server.media.projection.MediaProjectionManagerService
11-24 21:54:50.495   778   778 I SystemServiceManager: Starting com.android.server.MmsServiceBroker
11-24 21:54:50.513   778   778 E LockSettingsStorage: Cannot read file java.io.FileNotFoundException: /data/system/password.key: open failed: ENOENT (No such file or directory)
11-24 21:54:50.514   778   778 E LockSettingsStorage: Cannot read file java.io.FileNotFoundException: /data/system/gesture.key: open failed: ENOENT (No such file or directory)
11-24 21:54:50.514   778   778 I SystemServiceManager: Starting phase 480
11-24 21:54:50.528   778   778 I SystemServiceManager: Starting phase 500
11-24 21:54:50.528   778   778 I WifiService: WifiService starting up with Wi-Fi disabled
11-24 21:54:50.568   778   778 D WifiScanningService: New client, channel: null messenger: null
11-24 21:54:50.601   778   903 D ConnectivityService: Got NetworkFactory Messenger for Ethernet
11-24 21:54:50.614   778   778 I ActivityManager: Config changes=200 {1.0 ?mcc?mnc en_US ?layoutDir sw360dp w360dp h567dp 480dpi nrml port finger -keyb/v/h -nav/h s.4 themeResource=null}
11-24 21:54:50.633   778   778 V BackupManagerService: No ancestral data
11-24 21:54:50.637   778   778 D BackupManagerService: Now staging backup of com.android.providers.telephony
11-24 21:54:50.652   778   778 D BackupManagerService: Now staging backup of com.android.browser
11-24 21:54:50.655   778   778 D BackupManagerService: Now staging backup of android
11-24 21:54:50.658   778   778 D BackupManagerService: Now staging backup of com.android.mms
11-24 21:54:50.661   778   778 D BackupManagerService: Now staging backup of com.android.nfc
11-24 21:54:50.664   778   778 D BackupManagerService: Now staging backup of com.android.calendar
11-24 21:54:50.669   778   778 D BackupManagerService: Now staging backup of com.android.providers.settings
11-24 21:54:50.672   778   778 D BackupManagerService: Now staging backup of com.android.sharedstoragebackup
11-24 21:54:50.675   778   778 D BackupManagerService: Now staging backup of com.android.dialer
11-24 21:54:50.678   778   778 D BackupManagerService: Now staging backup of com.cyanogenmod.trebuchet
11-24 21:54:50.682   778   778 D BackupManagerService: Now staging backup of com.android.providers.userdictionary
11-24 21:54:50.685   778   778 V BackupManagerService: Starting with transport com.google.android.backup/.BackupTransportService
11-24 21:54:50.685   778   778 V BackupManagerService: Found transports: 1
11-24 21:54:50.685   778   778 I BackupManagerService: Binding to transport host ComponentInfo{android/com.android.internal.backup.LocalTransportService}
11-24 21:54:50.691   778   778 I BackupManagerService: Found stale backup journal, scheduling
11-24 21:54:50.733   778   807 D LiveDisplay: Adjust display temperature to 6500K [r=1.0 g=1.0 b=1.0]
11-24 21:54:50.769   778   778 I SystemServer: org.cyanogenmod.platform.internal.CMStatusBarManagerService
11-24 21:54:50.782   778   778 I SystemServiceManager: Starting org.cyanogenmod.platform.internal.CMStatusBarManagerService
11-24 21:54:50.791   778   778 D TaskPersister: removeObsoleteFile: deleting file=426_task_thumbnail.png
11-24 21:54:50.802   778   778 I AppOps  : Pruning old package media/1013: new uid=-1
11-24 21:54:50.802   778   778 I ActivityManager: System now ready
11-24 21:54:50.807   778   778 I SystemServer: Making services ready
11-24 21:54:50.807   778   778 I SystemServiceManager: Starting phase 550
11-24 21:54:50.808   778   806 I DisplayManagerService: Display device changed: DisplayDeviceInfo{"Built-in Screen": uniqueId="local:0", 1080 x 1920, 60.0 fps, supportedRefreshRates [60.0], density 480, 442.451 x 443.345 dpi, appVsyncOff 7500000, presDeadline 12666667, touch INTERNAL, rotation 0, type BUILT_IN, state ON, FLAG_DEFAULT_DISPLAY, FLAG_ROTATES_WITH_CONTENT, FLAG_SECURE, FLAG_SUPPORTS_PROTECTED_BUFFERS}
11-24 21:54:50.816   778   778 I SystemServer: WebViewFactory preparation
11-24 21:54:50.865   778   778 I ActivityManager: Start proc 931:WebViewLoader-armeabi-v7a/1037 [android.webkit.WebViewFactory$RelroFileCreator] for 
11-24 21:54:50.923   778   778 I ActivityManager: Start proc 949:com.android.systemui/u0a16 for service com.android.systemui/.SystemUIService
11-24 21:54:50.925   778   883 W MountService: Duplicate state transition (mounted -> mounted) for /storage/emulated/0
11-24 21:54:50.925   778   778 D NetworkManagementService: enabling bandwidth control
11-24 21:54:50.962   778   799 I ActivityManager: Start proc 968:android.process.media/u0a9 for broadcast com.android.providers.media/.MtpReceiver
11-24 21:54:51.286   778   794 I StatusBarManagerService: registerStatusBar bar=com.android.internal.statusbar.IStatusBar$Stub$Proxy@19f1f603
11-24 21:54:51.339   778   778 I SystemServiceManager: Starting phase 600
11-24 21:54:51.345   778   778 I BackupManagerService: Backup enabled => false
11-24 21:54:51.345   778   778 I BackupManagerService: Opting out of backup
11-24 21:54:51.351   778   778 E InputMethodManagerService: Ignoring setImeWindowStatus due to an invalid token. uid:1000 token:null
11-24 21:54:51.401   778   778 I ActivityManager: Start proc 1090:com.android.inputmethod.latin/u0a40 for service com.android.inputmethod.latin/.LatinIME
11-24 21:54:51.401   778   778 V InputMethodManagerService: Adding window token: android.os.Binder@3db1820f
11-24 21:54:51.448   778   778 W LocationManagerService: no network location provider found
11-24 21:54:51.451   778   778 E LocationManagerService: no geocoder provider found
11-24 21:54:51.478   778   778 E LocationManagerService: Unable to bind FusedProxy.
11-24 21:54:51.480   778   778 E LocationManagerService: Unable to bind FLP Geofence proxy.
11-24 21:54:51.480   778   778 E LocationManagerService: Hardware Activity-Recognition not supported.
11-24 21:54:51.498   778   799 I ActivityManager: Start proc 1119:com.android.settings/1000 for broadcast com.android.settings/.widget.SettingsAppWidgetProvider
11-24 21:54:51.512   778   778 I MmsServiceBroker: systemRunning
11-24 21:54:51.515   778   778 W VoiceInteractionManagerService: no available voice interaction services found for user 0
11-24 21:54:51.515   778   778 W VoiceInteractionManagerService: no available voice recognition services found for user 0
11-24 21:54:51.553   778   778 I ActivityManager: Start proc 1146:org.cyanogenmod.audiofx/u0a0 for added application org.cyanogenmod.audiofx
11-24 21:54:51.588   778   778 I ActivityManager: Start proc 1172:com.android.nfc/1027 for added application com.android.nfc
11-24 21:54:51.625   778   778 I ActivityManager: Start proc 1193:com.android.incallui/u0a8 for added application com.android.incallui
11-24 21:54:51.692   778   778 I ActivityManager: Start proc 1229:com.android.phone/1001 for added application com.android.phone
11-24 21:54:51.693   778   778 I ActivityManager: START u0 {act=android.intent.action.MAIN cat=[android.intent.category.HOME] flg=0x10000000 cmp=com.cyanogenmod.trebuchet/com.android.launcher3.Launcher} from uid 0 on display 0
11-24 21:54:51.704   778   778 V WindowManager: addAppToken: AppWindowToken{1c4b6345 token=Token{3d3327bc ActivityRecord{15fbe7af u0 com.cyanogenmod.trebuchet/com.android.launcher3.Launcher t1}}} to stack=0 task=1 at 0
11-24 21:54:51.735   778   778 I ActivityManager: Start proc 1250:com.cyanogenmod.trebuchet/u0a19 for activity com.cyanogenmod.trebuchet/com.android.launcher3.Launcher
11-24 21:54:51.737   778   778 I SystemServer: Enabled StrictMode for system server main thread.
11-24 21:54:51.775   778   798 I ActivityManager: Start proc 1273:com.android.printspooler/u0a51 for service com.android.printspooler/.model.PrintSpoolerService
11-24 21:54:51.815   778  1155 I ActivityManager: Start proc 1296:android.process.acore/u0a6 for content provider com.android.providers.userdictionary/.UserDictionaryProvider
11-24 21:54:51.828   778   778 V ActivityManager: Display changed displayId=0
11-24 21:54:51.880   778   778 V ActivityManager: Display changed displayId=0
11-24 21:54:51.896   778   778 V ActivityManager: Display changed displayId=0
11-24 21:54:51.896   778   778 V ActivityManager: Display changed displayId=0
11-24 21:54:51.905   778   778 I Telecom : TelecomGlobals: TelecomGlobals initializing
11-24 21:54:51.995   778   778 I Telecom : TelecomGlobals: CallsManager initialized
11-24 21:54:51.996   778   778 W ContextImpl: Calling a method in the system process without a qualified user: android.app.ContextImpl.startService:1732 android.content.ContextWrapper.startService:522 com.android.server.telecom.BluetoothPhoneService.start:468 com.android.server.telecom.TelecomGlobals.initialize:101 com.android.server.telecom.TelecomService.onCreate:164 
11-24 21:54:52.004   778   778 I ValidateNoPeople: skipping global notification
11-24 21:54:52.039   778   902 D WifiService: New client listening to asynchronous messages
11-24 21:54:52.069   778   778 D ZenLog  : intercepted: -1|android|17040867|null|1000,none
11-24 21:54:52.069   778   778 V NotificationService: pkg=android canInterrupt=false intercept=true
11-24 21:54:52.073   778   778 D ZenLog  : downtime: Autotrigger skipped: already in zen
11-24 21:54:52.079   778   778 W ResourcesManager: Asset path '/system/framework/com.android.location.provider.jar' does not exist or contains no resources.
11-24 21:54:52.088   778  1221 D ConnectivityService: listenForNetwork for NetworkRequest [ id=2, legacyType=-1, [] ]
11-24 21:54:52.089   778   778 V WiredAccessoryManager: notifyWiredAccessoryChanged: when=0 bits=SW_HEADPHONE_INSERT SW_MICROPHONE_INSERT mask=54
11-24 21:54:52.089   778   778 V WiredAccessoryManager: newName=h2w newState=1 headsetState=1 prev headsetState=0
11-24 21:54:52.091   778   778 V WiredAccessoryManager: init()
11-24 21:54:52.138   778   902 D WifiService: New client listening to asynchronous messages
11-24 21:54:52.164   778   795 I ActivityManager: Start proc 1408:com.cyanogenmod.lockclock/u0a43 for content provider com.cyanogenmod.lockclock/.weather.WeatherContentProvider
11-24 21:54:52.227   778   778 V BackupManagerService: Connected to transport ComponentInfo{android/com.android.internal.backup.LocalTransportService}
11-24 21:54:52.227   778   778 V BackupManagerService: Registering transport android/com.android.internal.backup.LocalTransportService::android/com.android.internal.backup.LocalTransport = android.app.backup.BackupTransport$TransportImpl@545b565
11-24 21:54:52.295   778   778 V WiredAccessoryManager: device h2w connected
11-24 21:54:52.333   778  1280 I ActivityManager: Start proc 1505:com.android.smspush/u0a59 for service com.android.smspush/.WapPushManager
11-24 21:54:52.390   778   778 I ActivityManager: Start proc 1538:com.cyanogenmod.eleven/u0a33 for broadcast com.cyanogenmod.eleven/.appwidgets.AppWidgetLarge
11-24 21:54:52.439   778   903 E ConnectivityService: Failed to find Messenger in unregisterNetworkFactory
11-24 21:54:52.441   778   903 D ConnectivityService: Got NetworkFactory Messenger for Telephony
11-24 21:54:52.487   778  1280 W ActivityManager: Unable to start service Intent { cmp=org.codeaurora.ims/.ImsService } U=0: not found
11-24 21:54:52.562   778  1280 V WindowManager: Based on layer: Adding window Window{107697d3 u0 com.cyanogenmod.trebuchet/com.android.launcher3.Launcher} at 0 of 5
11-24 21:54:52.677   778   902 D WifiService: New client listening to asynchronous messages
11-24 21:54:52.686   778  1280 I ActivityManager: Start proc 1614:com.cyanogenmod.eleven:main/u0a33 for service com.cyanogenmod.eleven/.MusicPlaybackService
11-24 21:54:52.731   778   902 D WifiService: New client listening to asynchronous messages
11-24 21:54:52.748   778   799 W KeyguardServiceDelegate: onScreenTurnedOn(): no keyguard service!
11-24 21:54:52.803   778  1212 I ActivityManager: Start proc 1653:com.android.cellbroadcastreceiver/u0a5 for broadcast com.android.cellbroadcastreceiver/.CellBroadcastReceiver
11-24 21:54:52.896  1229  1229 D MccTable: updateMccMncConfiguration mccmnc='' fromServiceState=false
11-24 21:54:53.144   778   903 D ConnectivityService: unregisterNetworkFactory for Telephony
11-24 21:54:53.145   778   903 D ConnectivityService: Got NetworkFactory Messenger for Telephony
11-24 21:54:53.362  1229  1229 D MccTable: updateMccMncConfiguration mccmnc='46001' fromServiceState=false
11-24 21:54:53.367  1229  1229 D MccTable: updateMccMncConfiguration defaultMccMnc=
11-24 21:54:53.367  1229  1229 D MccTable: updateMccMncConfiguration: mcc=460, mnc=1
11-24 21:54:53.368  1229  1229 D MccTable: defaultLanguageForMcc(460): country cn uses zh
11-24 21:54:53.368  1229  1229 D MccTable: getLocaleFromMcc to zh_cn mcc=460
11-24 21:54:53.368  1229  1229 D MccTable: getLocaleForLanguageCountry: not permitted to update locale
11-24 21:54:53.368  1229  1229 D MccTable: updateMccMncConfiguration updateConfig config={1.0 460mcc1mnc ?locale ?layoutDir ?swdp ?wdp ?hdp ?density ?lsize ?long ?orien ?uimode ?night ?touch ?keyb/?/? ?nav/? themeResource=null}
11-24 21:54:53.371   778  1155 I ActivityManager: Config changes=3 {1.0 460mcc1mnc en_US ?layoutDir sw360dp w360dp h567dp 480dpi nrml port finger -keyb/v/h -nav/h s.5 themeResource=null}
11-24 21:54:53.500  1229  1229 D MccTable: getLocaleForLanguageCountry: not permitted to update locale
11-24 21:54:53.501  1229  1229 D MccTable: setSystemLocale: no locale
11-24 21:54:53.519   778   795 V WindowManager: Based on layer: Adding window Window{387e68d5 u0 com.cyanogenmod.trebuchet/com.android.launcher3.Launcher} at 1 of 6
11-24 21:54:53.690  1229  1229 D MccTable: updateMccMncConfiguration mccmnc='46001' fromServiceState=false
11-24 21:54:53.690  1229  1229 D MccTable: updateMccMncConfiguration defaultMccMnc=46001
11-24 21:54:53.690  1229  1229 D MccTable: updateMccMncConfiguration: mcc=460, mnc=1
11-24 21:54:53.691  1229  1229 D MccTable: defaultLanguageForMcc(460): country cn uses zh
11-24 21:54:53.691  1229  1229 D MccTable: getLocaleFromMcc to zh_cn mcc=460
11-24 21:54:53.691  1229  1229 D MccTable: getLocaleForLanguageCountry: not permitted to update locale
11-24 21:54:53.691  1229  1229 D MccTable: updateMccMncConfiguration updateConfig config={1.0 460mcc1mnc ?locale ?layoutDir ?swdp ?wdp ?hdp ?density ?lsize ?long ?orien ?uimode ?night ?touch ?keyb/?/? ?nav/? themeResource=null}
11-24 21:54:53.748   778   800 W WindowManager: Keyguard drawn timeout. Setting mKeyguardDrawComplete
11-24 21:54:54.043   189   296 D VoldCmdListener: cryptfs getpw
11-24 21:54:54.045   189   296 D VoldCmdListener: cryptfs clearpw
11-24 21:54:54.179  1229  1229 D MccTable: updateMccMncConfiguration mccmnc='46001' fromServiceState=true
11-24 21:54:54.180  1229  1229 D MccTable: updateMccMncConfiguration defaultMccMnc=46001
11-24 21:54:54.180  1229  1229 D MccTable: updateMccMncConfiguration: mcc=460, mnc=1
11-24 21:54:54.180  1229  1229 D MccTable: defaultLanguageForMcc(460): country cn uses zh
11-24 21:54:54.180  1229  1229 D MccTable: getLocaleFromMcc to zh_cn mcc=460
11-24 21:54:54.180  1229  1229 D MccTable: getLocaleForLanguageCountry: not permitted to update locale
11-24 21:54:54.180  1229  1229 D MccTable: WIFI_COUNTRY_CODE set to cn
11-24 21:54:54.180   778  1218 I WifiService: WifiService trying to set country code to cn with persist set to true
11-24 21:54:55.374   778   806 W WindowManager: App freeze timeout expired.
11-24 21:54:55.435   778   806 I SystemServiceManager: Starting phase 1000
11-24 21:54:55.486   778   778 V ActivityManager: Display changed displayId=0
11-24 21:54:55.709   778  1821 I BootReceiver: Copying /proc/last_kmsg to DropBox (SYSTEM_LAST_KMSG)
11-24 21:54:55.736   778  1267 I ActivityManager: Start proc 1822:com.android.deskclock/u0a31 for broadcast com.android.deskclock/.AlarmInitReceiver
11-24 21:54:55.750   778  1280 I ActivityManager: START u0 {flg=0x74840000 cmp=com.android.stk/.StkDialogActivity (has extras)} from uid 1001 on display 0
11-24 21:54:55.774   778  1280 V WindowManager: addAppToken: AppWindowToken{237236ac token=Token{3b031c5f ActivityRecord{32640cfe u0 com.android.stk/.StkDialogActivity t2}}} to stack=1 task=2 at 0
11-24 21:54:55.777   778  1821 I BootReceiver: Copying audit failures to DropBox
11-24 21:54:55.793   778  1821 I BootReceiver: Copied 13805 worth of audits to DropBox
11-24 21:54:55.801   778  1821 I BootReceiver: Checking for fsck errors
11-24 21:54:55.819   778  1820 I ActivityManager: Start proc 1860:com.android.keychain/1000 for service com.android.keychain/.KeyChainService
11-24 21:54:55.849   778  1221 V WindowManager: Adding window Window{298402f3 u0 com.android.stk/com.android.stk.StkDialogActivity} at 2 of 7 (after Window{387e68d5 u0 com.cyanogenmod.trebuchet/com.android.launcher3.Launcher})
11-24 21:54:56.017   778  1219 I ActivityManager: Start proc 1891:com.android.dialer/u0a8 for broadcast com.android.dialer/.calllog.CallLogReceiver
11-24 21:54:56.129   778   903 D ConnectivityService: Got NetworkFactory Messenger for WIFI
11-24 21:54:56.129   778   903 D ConnectivityService: Got NetworkFactory Messenger for WIFI_UT
11-24 21:54:56.163   778  1221 I ActivityManager: Start proc 1912:com.cyanogenmod.account/u0a2 for broadcast com.cyanogenmod.account/.receiver.BootReceiver
11-24 21:54:56.309   778   989 I ActivityManager: Start proc 1941:org.cyanogenmod.bugreport/2000 for broadcast org.cyanogenmod.bugreport/.PackageChangeReceiver
11-24 21:54:56.398   778  1219 I ActivityManager: Start proc 1959:com.cyanogenmod.updater/u0a3 for broadcast com.cyanogenmod.updater/.receiver.UpdateCheckReceiver
11-24 21:54:56.582   778   794 I ActivityManager: Start proc 1984:com.android.providers.calendar/u0a4 for broadcast com.android.providers.calendar/.CalendarReceiver
