03-22 12:40:24.892     0   196 I ssr-ramdumpd: Dumps will be created at /data/tombstones/ramdump
01-01 08:00:00.510   185   185 W auditd  : type=2000 audit(0.0:1): initialized
03-22 12:40:23.530   185   185 I auditd  : type=1403 audit(0.0:2): policy loaded auid=4294967295 ses=4294967295
03-22 12:40:23.530   185   185 W auditd  : type=1404 audit(0.0:3): enforcing=1 old_enforcing=0 auid=4294967295 ses=4294967295
03-22 12:40:24.510     1     1 W init    : type=1400 audit(0.0:4): avc: denied { relabelfrom } for name="f2936be525147169eeb7636b0da8329b" dev="mmcblk0p28" ino=586460 scontext=u:r:init:s0 tcontext=u:object_r:system_file:s0 tclass=file permissive=0
03-22 12:40:24.510     1     1 W init    : type=1400 audit(0.0:5): avc: denied { relabelfrom } for name="9713bbe22c34c34260eac1e5c727d6c7" dev="mmcblk0p28" ino=586425 scontext=u:r:init:s0 tcontext=u:object_r:system_file:s0 tclass=file permissive=0
03-22 12:40:24.510     1     1 W init    : type=1400 audit(0.0:6): avc: denied { relabelfrom } for name="a992c9d907c6474210aed30362adf84e" dev="mmcblk0p28" ino=586427 scontext=u:r:init:s0 tcontext=u:object_r:system_file:s0 tclass=file permissive=0
03-22 12:40:24.892     0   196 I ssr-ramdumpd: Waiting for subsystem restart
03-22 12:40:24.935     0   211 I bdAddrLoader: option : f=/persist/bluetooth/.bdaddr
03-22 12:40:24.935     0   211 I bdAddrLoader: option : h
03-22 12:40:24.935     0   211 I bdAddrLoader: option : x
03-22 12:40:24.935     0   211 I bdAddrLoader: Read From /persist/bluetooth/.bdaddr by Path type(0x11), Data type (0x21)
03-22 12:40:24.940   224   224 W debuggerd64: type=1400 audit(0.0:7): avc: denied { execute_no_trans } for path="/system/xbin/su" dev="mmcblk0p25" ino=2057 scontext=u:r:init:s0 tcontext=u:object_r:su_exec:s0 tclass=file permissive=0
03-22 12:40:24.940   224   224 W debuggerd64: type=1400 audit(0.0:8): avc: denied { execute_no_trans } for path="/system/xbin/su" dev="mmcblk0p25" ino=2057 scontext=u:r:init:s0 tcontext=u:object_r:su_exec:s0 tclass=file permissive=0
03-22 12:40:24.950     0   204 I installd: installd firing up
03-22 12:40:24.962     0   211 I bdAddrLoader: Output Data type(0x22), bPrintout(1), bPath((null))
03-22 12:40:24.962     0   211 I bdAddrLoader: Loaded Data type(0x21)
03-22 12:40:24.962     0   211 I bdAddrLoader: hex_to_ascii() - converted Data (48592957DAA2)
03-22 12:40:25.010     0   237 I cm      : ____ _   _ ____ _  _ ____ ____ ____ _  _ _  _ ____ ___ 
03-22 12:40:25.019     0   240 I cm      : |     \_/  |__| |\ | |  | | __ |___ |\ | |\/| |  | |  \ 
03-22 12:40:25.026     0   241 I cm      : |___   |   |  | | \| |__| |__] |___ | \| |  | |__| |__/ 
03-22 12:40:25.045     0   244 I cm      : Welcome to Android 5.1.1 / CyanogenMod-12.1-20150901-SNAPSHOT-YOG4PAO237-hammerhead 
03-22 12:40:25.061     0   198 I Netd    : Netd 1.0 starting
03-22 12:40:25.068     0   207 E Diag_Lib:  Diag_LSM_Init: Failed to open handle to diag driver, error = 2
03-22 12:40:25.069     0   208 E Diag_Lib:  Diag_LSM_Init: Failed to open handle to diag driver, error = 2
03-22 12:40:25.070     0   206 E Diag_Lib:  Diag_LSM_Init: Failed to open handle to diag driver, error = 2
03-22 12:40:25.070     0   206 E Diag_Lib:  Diag_LSM_Init: Failed to open handle to diag driver, error = 2
03-22 12:40:25.080     0   192 D QSEECOMD: : qseecom listener services process entry PPID = 1
03-22 12:40:25.080     0   199 I DEBUG   : debuggerd: Sep  1 2015 01:00:34
03-22 12:40:25.080     0   192 E QSEECOMD: : Listener: index = 0, hierarchy = 0
03-22 12:40:25.093     0   187 I lowmemorykiller: Using in-kernel low memory killer interface
03-22 12:40:25.095     0   212 I ThermalEngine: Thermal daemon started
03-22 12:40:25.097     0   216 D QC-time-services: Daemon:genoff_pre_init::Base = 0
03-22 12:40:25.098   216   216 D QC-time-services: Daemon:ats_rtc_init: Time read from RTC -- year = 71, month = 2,day = 22
03-22 12:40:25.098   209   209 E Sensors : sns_debug_set_dbg_str_mask: Setting log level to 4
03-22 12:40:25.098   209   209 E Diag_Lib:  Diag_LSM_Init: Failed to open handle to diag driver, error = 2
03-22 12:40:25.100   212   212 I ThermalEngine: devices_manager_init: Init
03-22 12:40:25.100   212   212 I ThermalEngine: Number of gpus :1
03-22 12:40:25.100   212   212 I Thermal-IOCTL: KTM IOCTL interface "/dev/msm_thermal_query" opened
03-22 12:40:25.101   192   192 D QSEECOMD: : Init dlopen(librpmb.so, RTLD_NOW) succeeds
03-22 12:40:25.101   192   192 D QSEECOMD: : Init::Init dlsym(g_FSHandle rpmb_init_service) succeeds
03-22 12:40:25.101   192   192 I rpmb    : RPMB Mult = 16384, Rel_sec_cnt = 1
03-22 12:40:25.101   192   192 E DrmLibRpmb: rpmb_init succeeded! with ret = 0
03-22 12:40:25.101   192   192 D QSEECOMD: : Init rpmb_init_service ret = 0
03-22 12:40:25.101   192   192 D QSEECOMD: : RPMB system services: init (Listener ID = 8192)
03-22 12:40:25.102   192   192 D QSEECOMAPI: : QSEECom_get_handle sb_length = 0x400
03-22 12:40:25.104   192   192 D QSEECOMAPI: : App is not loaded in QSEE
03-22 12:40:25.105   191   191 I rmt_storage: No EBR found
03-22 12:40:25.105   191   191 I rmt_storage: Error (-1) parsing MBR partitions
03-22 12:40:25.105   191   191 I rmt_storage: Registering modemst1: 0x4a /boot/modem_fs1
03-22 12:40:25.105   191   191 I rmt_storage: Registering modemst2: 0x4b /boot/modem_fs2
03-22 12:40:25.105   191   191 I rmt_storage: Registering fsg: 0x58 /boot/modem_fsg
03-22 12:40:25.105   191   191 I rmt_storage: Registering ssd: 0x5d ssd
03-22 12:40:25.105   191   191 I rmt_storage: Registering fsc: 0xff /boot/modem_fsc
03-22 12:40:25.105   191   191 I rmt_storage: 5 GPT partitions found
03-22 12:40:25.107   212   212 I ThermalEngine: vdd_rstr_init: Init KTM VDD RSTR enabled: 0
03-22 12:40:25.107   212   212 I ThermalEngine: sensors_manager_init: Init
03-22 12:40:25.125   212   212 E ThermalEngine: bcl_setup: Error opening /sys/devices/qcom,bcl.61/iavail
03-22 12:40:25.125   212   212 E ThermalEngine: add_tgt_sensors_set: Error adding bcl
03-22 12:40:25.125   212   212 E ThermalEngine: sensors_init: Error adding BCL TS
03-22 12:40:25.125   212   212 I ThermalEngine: Using target config file '/system/etc/thermal-engine-8974.conf'
03-22 12:40:25.125   212   212 I ThermalEngine: Loading config file for virtual sensor
03-22 12:40:25.136   212   212 E ThermalEngine: virtual_sensors_init: Error getting virtual sensors set
03-22 12:40:25.137   212   212 I ThermalEngine: pid_algo_init: Entry Disabled PID-POPMEM.
03-22 12:40:25.137   212   212 I ThermalEngine: pid_algo_init: Entry Disabled PID-CPU3.
03-22 12:40:25.137   212   212 I ThermalEngine: pid_algo_init: Entry Disabled PID-CPU2.
03-22 12:40:25.137   212   212 I ThermalEngine: pid_algo_init: Entry Disabled PID-CPU1.
03-22 12:40:25.137   212   212 I ThermalEngine: pid_algo_init: Entry Disabled PID-CPU0.
03-22 12:40:25.137   212   212 I ThermalEngine: pid_algo_init: No PID's to be configured.
03-22 12:40:25.137   212   212 I ThermalEngine: [CPU3_MONITOR]
03-22 12:40:25.137   212   212 I ThermalEngine: algo_type monitor
03-22 12:40:25.137   212   212 I ThermalEngine: sampling 65
03-22 12:40:25.137   212   212 I ThermalEngine: sensor cpu3
03-22 12:40:25.137   212   212 I ThermalEngine: thresholds 115000
03-22 12:40:25.137   212   212 I ThermalEngine: thresholds_clr 110000
03-22 12:40:25.137   212   212 I ThermalEngine: actions shutdown
03-22 12:40:25.137   212   212 I ThermalEngine: action_info 0
03-22 12:40:25.137   212   212 I ThermalEngine: [CPU2_MONITOR]
03-22 12:40:25.137   212   212 I ThermalEngine: algo_type monitor
03-22 12:40:25.137   212   212 I ThermalEngine: sampling 65
03-22 12:40:25.137   212   212 I ThermalEngine: sensor cpu2
03-22 12:40:25.137   212   212 I ThermalEngine: thresholds 115000
03-22 12:40:25.137   212   212 I ThermalEngine: thresholds_clr 110000
03-22 12:40:25.137   212   212 I ThermalEngine: actions shutdown
03-22 12:40:25.137   212   212 I ThermalEngine: action_info 0
03-22 12:40:25.137   212   212 I ThermalEngine: [CPU1_MONITOR]
03-22 12:40:25.137   212   212 I ThermalEngine: algo_type monitor
03-22 12:40:25.137   212   212 I ThermalEngine: sampling 65
03-22 12:40:25.137   212   212 I ThermalEngine: sensor cpu1
03-22 12:40:25.138   212   212 I ThermalEngine: thresholds 115000
03-22 12:40:25.138   212   212 I ThermalEngine: thresholds_clr 110000
03-22 12:40:25.138   212   212 I ThermalEngine: actions shutdown
03-22 12:40:25.138   212   212 I ThermalEngine: action_info 0
03-22 12:40:25.138   212   212 I ThermalEngine: [CPU0_MONITOR]
03-22 12:40:25.138   212   212 I ThermalEngine: algo_type monitor
03-22 12:40:25.138   212   212 I ThermalEngine: sampling 65
03-22 12:40:25.138   212   212 I ThermalEngine: sensor cpu0
03-22 12:40:25.138   212   212 I ThermalEngine: thresholds 115000
03-22 12:40:25.138   212   212 I ThermalEngine: thresholds_clr 110000
03-22 12:40:25.138   212   212 I ThermalEngine: actions shutdown
03-22 12:40:25.138   212   212 I ThermalEngine: action_info 0
03-22 12:40:25.138   212   212 I ThermalEngine: [battery_monitor]
03-22 12:40:25.138   212   212 I ThermalEngine: algo_type monitor
03-22 12:40:25.138   212   212 I ThermalEngine: sampling 10000
03-22 12:40:25.138   212   212 I ThermalEngine: sensor batt_therm
03-22 12:40:25.138   212   212 I ThermalEngine: thresholds 480000 550000
03-22 12:40:25.138   212   212 I ThermalEngine: thresholds_clr 460000 500000
03-22 12:40:25.138   212   212 I ThermalEngine: actions battery battery
03-22 12:40:25.138   212   212 I ThermalEngine: action_info 2 3
03-22 12:40:25.138   212   212 I ThermalEngine: [SKIN_THERMAL_management_1]
03-22 12:40:25.138   212   212 I ThermalEngine: algo_type monitor
03-22 12:40:25.138   212   212 I ThermalEngine: sampling 10000
03-22 12:40:25.138   212   212 I ThermalEngine: sensor xo_therm_pu2
03-22 12:40:25.138   212   212 I ThermalEngine: thresholds 40000 42000 44000
03-22 12:40:25.138   212   212 I ThermalEngine: thresholds_clr 38500 40500 42500
03-22 12:40:25.138   212   212 I ThermalEngine: actions cpu+lcd cpu+lcd cpu+lcd
03-22 12:40:25.138   212   212 I ThermalEngine: action_info 1958400+229 1574400+204 1190400+178
03-22 12:40:25.138   212   212 I ThermalEngine: [battery_LCD_monitor]
03-22 12:40:25.138   212   212 I ThermalEngine: algo_type monitor
03-22 12:40:25.138   212   212 I ThermalEngine: sampling 10000
03-22 12:40:25.138   212   212 I ThermalEngine: sensor batt_therm
03-22 12:40:25.138   212   212 I ThermalEngine: thresholds 100000 340000 350000 360000 370000
03-22 12:40:25.138   212   212 I ThermalEngine: thresholds_clr 50000 330000 340000 350000 350000
03-22 12:40:25.138   212   212 I ThermalEngine: actions override override override override override
03-22 12:40:25.138   212   212 I ThermalEngine: action_info 10000 7500 5000 2500 0
03-22 12:40:25.138   212   212 I ThermalEngine: [PMIC-ALARM-MONITOR]
03-22 12:40:25.138   212   212 I ThermalEngine: #algo_type monitor
03-22 12:40:25.138   212   212 I ThermalEngine: sampling 1000
03-22 12:40:25.138   212   212 I ThermalEngine: sensor pm8841_tz
03-22 12:40:25.138   212   212 I ThermalEngine: thresholds 107000 127000
03-22 12:40:25.138   212   212 I ThermalEngine: thresholds_clr 103000 123000
03-22 12:40:25.138   212   212 I ThermalEngine: actions hotplug_1+hotplug_2+hotplug_3+cpu0+cpu1+cpu2+cpu3 hotplug_1+hotplug_2+hotplug_3
03-22 12:40:25.138   212   212 I ThermalEngine: action_info 0+0+0+960000+960000+960000+960000 1+1+1
03-22 12:40:25.138   212   212 I ThermalEngine: [VDD_DIG_SWMODE_MONITOR-TSENS10]
03-22 12:40:25.138   212   212 I ThermalEngine: #algo_type monitor
03-22 12:40:25.138   212   212 I ThermalEngine: sampling 1000
03-22 12:40:25.138   212   212 I ThermalEngine: sensor tsens_tz_sensor10
03-22 12:40:25.138   212   212 I ThermalEngine: thresholds 85000
03-22 12:40:25.138   212   212 I ThermalEngine: thresholds_clr 75000
03-22 12:40:25.138   212   212 I ThermalEngine: actions vdd_dig_swmode
03-22 12:40:25.138   212   212 I ThermalEngine: action_info 1
03-22 12:40:25.138   212   212 I ThermalEngine: [VDD_DIG_SWMODE_MONITOR-TSENS9]
03-22 12:40:25.138   212   212 I ThermalEngine: #algo_type monitor
03-22 12:40:25.138   212   212 I ThermalEngine: sampling 1000
03-22 12:40:25.138   212   212 I ThermalEngine: sensor tsens_tz_sensor9
03-22 12:40:25.138   212   212 I ThermalEngine: thresholds 85000
03-22 12:40:25.138   212   212 I ThermalEngine: thresholds_clr 75000
03-22 12:40:25.138   212   212 I ThermalEngine: actions vdd_dig_swmode
03-22 12:40:25.138   212   212 I ThermalEngine: action_info 1
03-22 12:40:25.138   212   212 I ThermalEngine: [VDD_DIG_SWMODE_MONITOR-TSENS8]
03-22 12:40:25.138   212   212 I ThermalEngine: #algo_type monitor
03-22 12:40:25.138   212   212 I ThermalEngine: sampling 1000
03-22 12:40:25.138   212   212 I ThermalEngine: sensor tsens_tz_sensor8
03-22 12:40:25.138   212   212 I ThermalEngine: thresholds 85000
03-22 12:40:25.138   212   212 I ThermalEngine: thresholds_clr 75000
03-22 12:40:25.138   212   212 I ThermalEngine: actions vdd_dig_swmode
03-22 12:40:25.138   212   212 I ThermalEngine: action_info 1
03-22 12:40:25.138   212   212 I ThermalEngine: [VDD_DIG_SWMODE_MONITOR-TSENS7]
03-22 12:40:25.138   212   212 I ThermalEngine: #algo_type monitor
03-22 12:40:25.138   212   212 I ThermalEngine: sampling 1000
03-22 12:40:25.138   212   212 I ThermalEngine: sensor tsens_tz_sensor7
03-22 12:40:25.138   212   212 I ThermalEngine: thresholds 85000
03-22 12:40:25.139   212   212 I ThermalEngine: thresholds_clr 75000
03-22 12:40:25.139   212   212 I ThermalEngine: actions vdd_dig_swmode
03-22 12:40:25.139   212   212 I ThermalEngine: action_info 1
03-22 12:40:25.139   212   212 I ThermalEngine: [VDD_DIG_SWMODE_MONITOR-TSENS6]
03-22 12:40:25.139   212   212 I ThermalEngine: #algo_type monitor
03-22 12:40:25.139   212   212 I ThermalEngine: sampling 1000
03-22 12:40:25.139   212   212 I ThermalEngine: sensor tsens_tz_sensor6
03-22 12:40:25.139   212   212 I ThermalEngine: thresholds 85000
03-22 12:40:25.139   212   212 I ThermalEngine: thresholds_clr 75000
03-22 12:40:25.139   212   212 I ThermalEngine: actions vdd_dig_swmode
03-22 12:40:25.139   212   212 I ThermalEngine: action_info 1
03-22 12:40:25.139   212   212 I ThermalEngine: [VDD_DIG_SWMODE_MONITOR-TSENS5]
03-22 12:40:25.139   212   212 I ThermalEngine: #algo_type monitor
03-22 12:40:25.139   212   212 I ThermalEngine: sampling 1000
03-22 12:40:25.139   212   212 I ThermalEngine: sensor tsens_tz_sensor5
03-22 12:40:25.139   212   212 I ThermalEngine: thresholds 85000
03-22 12:40:25.139   212   212 I ThermalEngine: thresholds_clr 75000
03-22 12:40:25.139   212   212 I ThermalEngine: actions vdd_dig_swmode
03-22 12:40:25.139   212   212 I ThermalEngine: action_info 1
03-22 12:40:25.139   212   212 I ThermalEngine: [VDD_DIG_SWMODE_MONITOR-TSENS4]
03-22 12:40:25.139   212   212 I ThermalEngine: #algo_type monitor
03-22 12:40:25.139   212   212 I ThermalEngine: sampling 1000
03-22 12:40:25.139   212   212 I ThermalEngine: sensor tsens_tz_sensor4
03-22 12:40:25.139   212   212 I ThermalEngine: thresholds 85000
03-22 12:40:25.139   212   212 I ThermalEngine: thresholds_clr 75000
03-22 12:40:25.139   212   212 I ThermalEngine: actions vdd_dig_swmode
03-22 12:40:25.139   212   212 I ThermalEngine: action_info 1
03-22 12:40:25.139   212   212 I ThermalEngine: [VDD_DIG_SWMODE_MONITOR-TSENS3]
03-22 12:40:25.139   212   212 I ThermalEngine: #algo_type monitor
03-22 12:40:25.139   212   212 I ThermalEngine: sampling 1000
03-22 12:40:25.139   212   212 I ThermalEngine: sensor tsens_tz_sensor3
03-22 12:40:25.139   212   212 I ThermalEngine: thresholds 85000
03-22 12:40:25.139   212   212 I ThermalEngine: thresholds_clr 75000
03-22 12:40:25.139   212   212 I ThermalEngine: actions vdd_dig_swmode
03-22 12:40:25.139   212   212 I ThermalEngine: action_info 1
03-22 12:40:25.139   212   212 I ThermalEngine: [VDD_DIG_SWMODE_MONITOR-TSENS2]
03-22 12:40:25.139   212   212 I ThermalEngine: #algo_type monitor
03-22 12:40:25.139   212   212 I ThermalEngine: sampling 1000
03-22 12:40:25.139   212   212 I ThermalEngine: sensor tsens_tz_sensor2
03-22 12:40:25.139   212   212 I ThermalEngine: thresholds 85000
03-22 12:40:25.139   212   212 I ThermalEngine: thresholds_clr 75000
03-22 12:40:25.139   212   212 I ThermalEngine: actions vdd_dig_swmode
03-22 12:40:25.139   212   212 I ThermalEngine: action_info 1
03-22 12:40:25.139   212   212 I ThermalEngine: [VDD_DIG_SWMODE_MONITOR-TSENS1]
03-22 12:40:25.139   212   212 I ThermalEngine: #algo_type monitor
03-22 12:40:25.139   212   212 I ThermalEngine: sampling 1000
03-22 12:40:25.139   212   212 I ThermalEngine: sensor tsens_tz_sensor1
03-22 12:40:25.139   212   212 I ThermalEngine: thresholds 85000
03-22 12:40:25.139   212   212 I ThermalEngine: thresholds_clr 75000
03-22 12:40:25.139   212   212 I ThermalEngine: actions vdd_dig_swmode
03-22 12:40:25.139   212   212 I ThermalEngine: action_info 1
03-22 12:40:25.139   212   212 I ThermalEngine: [VDD_DIG_SWMODE_MONITOR-TSENS0]
03-22 12:40:25.139   212   212 I ThermalEngine: #algo_type monitor
03-22 12:40:25.139   212   212 I ThermalEngine: sampling 1000
03-22 12:40:25.139   212   212 I ThermalEngine: sensor tsens_tz_sensor0
03-22 12:40:25.139   212   212 I ThermalEngine: thresholds 85000
03-22 12:40:25.139   212   212 I ThermalEngine: thresholds_clr 75000
03-22 12:40:25.139   212   212 I ThermalEngine: actions vdd_dig_swmode
03-22 12:40:25.139   212   212 I ThermalEngine: action_info 1
03-22 12:40:25.139   212   212 I ThermalEngine: [VDD_RSTR_MONITOR-TSENS10]
03-22 12:40:25.139   212   212 I ThermalEngine: #algo_type monitor
03-22 12:40:25.139   212   212 I ThermalEngine: sampling 1000
03-22 12:40:25.139   212   212 I ThermalEngine: sensor tsens_tz_sensor10
03-22 12:40:25.139   212   212 I ThermalEngine: thresholds 5000
03-22 12:40:25.139   212   212 I ThermalEngine: thresholds_clr 10000
03-22 12:40:25.139   212   212 I ThermalEngine: actions vdd_restriction
03-22 12:40:25.139   212   212 I ThermalEngine: action_info 1
03-22 12:40:25.139   212   212 I ThermalEngine: descending
03-22 12:40:25.139   212   212 I ThermalEngine: [VDD_RSTR_MONITOR-TSENS9]
03-22 12:40:25.139   212   212 I ThermalEngine: #algo_type monitor
03-22 12:40:25.139   212   212 I ThermalEngine: sampling 1000
03-22 12:40:25.139   212   212 I ThermalEngine: sensor tsens_tz_sensor9
03-22 12:40:25.139   212   212 I ThermalEngine: thresholds 5000
03-22 12:40:25.139   212   212 I ThermalEngine: thresholds_clr 10000
03-22 12:40:25.139   212   212 I ThermalEngine: actions vdd_restriction
03-22 12:40:25.139   212   212 I ThermalEngine: action_info 1
03-22 12:40:25.139   212   212 I ThermalEngine: descending
03-22 12:40:25.139   212   212 I ThermalEngine: [VDD_RSTR_MONITOR-TSENS8]
03-22 12:40:25.139   212   212 I ThermalEngine: #algo_type monitor
03-22 12:40:25.139   212   212 I ThermalEngine: sampling 1000
03-22 12:40:25.139   212   212 I ThermalEngine: sensor tsens_tz_sensor8
03-22 12:40:25.139   212   212 I ThermalEngine: thresholds 5000
03-22 12:40:25.139   212   212 I ThermalEngine: thresholds_clr 10000
03-22 12:40:25.139   212   212 I ThermalEngine: actions vdd_restriction
03-22 12:40:25.139   212   212 I ThermalEngine: action_info 1
03-22 12:40:25.139   212   212 I ThermalEngine: descending
03-22 12:40:25.139   212   212 I ThermalEngine: [VDD_RSTR_MONITOR-TSENS7]
03-22 12:40:25.139   212   212 I ThermalEngine: #algo_type monitor
03-22 12:40:25.139   212   212 I ThermalEngine: sampling 1000
03-22 12:40:25.139   212   212 I ThermalEngine: sensor tsens_tz_sensor7
03-22 12:40:25.139   212   212 I ThermalEngine: thresholds 5000
03-22 12:40:25.139   212   212 I ThermalEngine: thresholds_clr 10000
03-22 12:40:25.139   212   212 I ThermalEngine: actions vdd_restriction
03-22 12:40:25.139   212   212 I ThermalEngine: action_info 1
03-22 12:40:25.139   212   212 I ThermalEngine: descending
03-22 12:40:25.139   212   212 I ThermalEngine: [VDD_RSTR_MONITOR-TSENS6]
03-22 12:40:25.139   212   212 I ThermalEngine: #algo_type monitor
03-22 12:40:25.139   212   212 I ThermalEngine: sampling 1000
03-22 12:40:25.139   212   212 I ThermalEngine: sensor tsens_tz_sensor6
03-22 12:40:25.139   212   212 I ThermalEngine: thresholds 5000
03-22 12:40:25.139   212   212 I ThermalEngine: thresholds_clr 10000
03-22 12:40:25.140   212   212 I ThermalEngine: actions vdd_restriction
03-22 12:40:25.140   212   212 I ThermalEngine: action_info 1
03-22 12:40:25.140   212   212 I ThermalEngine: descending
03-22 12:40:25.140   212   212 I ThermalEngine: [VDD_RSTR_MONITOR-TSENS5]
03-22 12:40:25.140   212   212 I ThermalEngine: #algo_type monitor
03-22 12:40:25.140   212   212 I ThermalEngine: sampling 1000
03-22 12:40:25.140   212   212 I ThermalEngine: sensor tsens_tz_sensor5
03-22 12:40:25.140   212   212 I ThermalEngine: thresholds 5000
03-22 12:40:25.140   212   212 I ThermalEngine: thresholds_clr 10000
03-22 12:40:25.140   212   212 I ThermalEngine: actions vdd_restriction
03-22 12:40:25.140   212   212 I ThermalEngine: action_info 1
03-22 12:40:25.140   212   212 I ThermalEngine: descending
03-22 12:40:25.140   212   212 I ThermalEngine: [VDD_RSTR_MONITOR-TSENS4]
03-22 12:40:25.140   212   212 I ThermalEngine: #algo_type monitor
03-22 12:40:25.140   212   212 I ThermalEngine: sampling 1000
03-22 12:40:25.140   212   212 I ThermalEngine: sensor tsens_tz_sensor4
03-22 12:40:25.140   212   212 I ThermalEngine: thresholds 5000
03-22 12:40:25.140   212   212 I ThermalEngine: thresholds_clr 10000
03-22 12:40:25.140   212   212 I ThermalEngine: actions vdd_restriction
03-22 12:40:25.140   212   212 I ThermalEngine: action_info 1
03-22 12:40:25.140   212   212 I ThermalEngine: descending
03-22 12:40:25.140   212   212 I ThermalEngine: [VDD_RSTR_MONITOR-TSENS3]
03-22 12:40:25.140   212   212 I ThermalEngine: #algo_type monitor
03-22 12:40:25.140   212   212 I ThermalEngine: sampling 1000
03-22 12:40:25.140   212   212 I ThermalEngine: sensor tsens_tz_sensor3
03-22 12:40:25.140   212   212 I ThermalEngine: thresholds 5000
03-22 12:40:25.140   212   212 I ThermalEngine: thresholds_clr 10000
03-22 12:40:25.140   212   212 I ThermalEngine: actions vdd_restriction
03-22 12:40:25.140   212   212 I ThermalEngine: action_info 1
03-22 12:40:25.140   212   212 I ThermalEngine: descending
03-22 12:40:25.140   212   212 I ThermalEngine: [VDD_RSTR_MONITOR-TSENS2]
03-22 12:40:25.140   212   212 I ThermalEngine: #algo_type monitor
03-22 12:40:25.140   212   212 I ThermalEngine: sampling 1000
03-22 12:40:25.140   212   212 I ThermalEngine: sensor tsens_tz_sensor2
03-22 12:40:25.140   212   212 I ThermalEngine: thresholds 5000
03-22 12:40:25.140   212   212 I ThermalEngine: thresholds_clr 10000
03-22 12:40:25.140   212   212 I ThermalEngine: actions vdd_restriction
03-22 12:40:25.140   212   212 I ThermalEngine: action_info 1
03-22 12:40:25.140   212   212 I ThermalEngine: descending
03-22 12:40:25.140   212   212 I ThermalEngine: [VDD_RSTR_MONITOR-TSENS1]
03-22 12:40:25.140   212   212 I ThermalEngine: #algo_type monitor
03-22 12:40:25.140   212   212 I ThermalEngine: sampling 1000
03-22 12:40:25.140   212   212 I ThermalEngine: sensor tsens_tz_sensor1
03-22 12:40:25.140   212   212 I ThermalEngine: thresholds 5000
03-22 12:40:25.140   212   212 I ThermalEngine: thresholds_clr 10000
03-22 12:40:25.140   212   212 I ThermalEngine: actions vdd_restriction
03-22 12:40:25.140   212   212 I ThermalEngine: action_info 1
03-22 12:40:25.140   212   212 I ThermalEngine: descending
03-22 12:40:25.140   212   212 I ThermalEngine: [VDD_RSTR_MONITOR-TSENS0]
03-22 12:40:25.140   212   212 I ThermalEngine: #algo_type monitor
03-22 12:40:25.140   212   212 I ThermalEngine: sampling 1000
03-22 12:40:25.140   212   212 I ThermalEngine: sensor tsens_tz_sensor0
03-22 12:40:25.140   212   212 I ThermalEngine: thresholds 5000
03-22 12:40:25.140   212   212 I ThermalEngine: thresholds_clr 10000
03-22 12:40:25.140   212   212 I ThermalEngine: actions vdd_restriction
03-22 12:40:25.140   212   212 I ThermalEngine: action_info 1
03-22 12:40:25.140   212   212 I ThermalEngine: descending
03-22 12:40:25.140   212   212 I ThermalEngine: [SS-POPMEM]
03-22 12:40:25.140   212   212 I ThermalEngine: #algo_type ss
03-22 12:40:25.140   212   212 I ThermalEngine: sampling 65
03-22 12:40:25.140   212   212 I ThermalEngine: sensor pop_mem
03-22 12:40:25.140   212   212 I ThermalEngine: device cpu
03-22 12:40:25.140   212   212 I ThermalEngine: set_point 80000
03-22 12:40:25.140   212   212 I ThermalEngine: set_point_clr 55000
03-22 12:40:25.140   212   212 I ThermalEngine: time_constant 16
03-22 12:40:25.140   212   212 I ThermalEngine: [SS-CPU3]
03-22 12:40:25.140   212   212 I ThermalEngine: #algo_type ss
03-22 12:40:25.140   212   212 I ThermalEngine: sampling 65
03-22 12:40:25.140   212   212 I ThermalEngine: sensor cpu3
03-22 12:40:25.140   212   212 I ThermalEngine: device cpu
03-22 12:40:25.140   212   212 I ThermalEngine: set_point 90000
03-22 12:40:25.140   212   212 I ThermalEngine: set_point_clr 55000
03-22 12:40:25.140   212   212 I ThermalEngine: time_constant 0
03-22 12:40:25.140   212   212 I ThermalEngine: [SS-CPU2]
03-22 12:40:25.140   212   212 I ThermalEngine: #algo_type ss
03-22 12:40:25.140   212   212 I ThermalEngine: sampling 65
03-22 12:40:25.140   212   212 I ThermalEngine: sensor cpu2
03-22 12:40:25.140   212   212 I ThermalEngine: device cpu
03-22 12:40:25.140   212   212 I ThermalEngine: set_point 90000
03-22 12:40:25.140   212   212 I ThermalEngine: set_point_clr 55000
03-22 12:40:25.140   212   212 I ThermalEngine: time_constant 0
03-22 12:40:25.141   212   212 I ThermalEngine: [SS-CPU1]
03-22 12:40:25.141   212   212 I ThermalEngine: #algo_type ss
03-22 12:40:25.141   212   212 I ThermalEngine: sampling 65
03-22 12:40:25.141   212   212 I ThermalEngine: sensor cpu1
03-22 12:40:25.141   212   212 I ThermalEngine: device cpu
03-22 12:40:25.141   212   212 I ThermalEngine: set_point 90000
03-22 12:40:25.141   212   212 I ThermalEngine: set_point_clr 55000
03-22 12:40:25.141   212   212 I ThermalEngine: time_constant 0
03-22 12:40:25.141   212   212 I ThermalEngine: [SS-CPU0]
03-22 12:40:25.141   212   212 I ThermalEngine: #algo_type ss
03-22 12:40:25.141   212   212 I ThermalEngine: sampling 65
03-22 12:40:25.141   212   212 I ThermalEngine: sensor cpu0
03-22 12:40:25.141   212   212 I ThermalEngine: device cpu
03-22 12:40:25.141   212   212 I ThermalEngine: set_point 90000
03-22 12:40:25.141   212   212 I ThermalEngine: set_point_clr 55000
03-22 12:40:25.141   212   212 I ThermalEngine: time_constant 0
03-22 12:40:25.142   212   212 I ThermalEngine: [SPEAKER-CAL]
03-22 12:40:25.142   212   212 I ThermalEngine: sampling 30000 30000 10 1800000
03-22 12:40:25.142   212   212 I ThermalEngine: sensor pm8941_tz
03-22 12:40:25.142   212   212 I ThermalEngine: sensors tsens_tz_sensor1 tsens_tz_sensor2 tsens_tz_sensor3 tsens_tz_sensor4 tsens_tz_sensor7 tsens_tz_sensor8 tsens_tz_sensor9 tsens_tz_sensor10
03-22 12:40:25.143   212   212 I ThermalEngine: temp_range 6000 10000 2000
03-22 12:40:25.143   212   212 I ThermalEngine: max_temp 45000
03-22 12:40:25.143   212   212 I ThermalEngine: offset -4000
03-22 12:40:25.155   205   205 D QSEECOMAPI: : QSEECom_get_handle sb_length = 0x2000
03-22 12:40:25.157   205   205 D QSEECOMAPI: : App is not loaded in QSEE
03-22 12:40:25.158   212   292 I ThermalEngine: TM Id 'battery_LCD_monitor' Sensor 'batt_therm' - alarm raised 1 at 326.0 degC
03-22 12:40:25.158   212   292 E ThermalEngine: override action 10000
03-22 12:40:25.158   212   292 E ThermalEngine: Thermal-Server: Thermal received msg override 10000
03-22 12:40:25.158   212   292 E ThermalEngine: override_notify : SS mode 1 override 10000
03-22 12:40:25.166   212   292 I ThermalEngine: vdd_restrict_qmi_request: MODEM req level(0) is recorded and waiting for completing QMI registration
03-22 12:40:25.166   212   292 I ThermalEngine: vdd_restrict_qmi_request: ADSP req level(0) is recorded and waiting for completing QMI registration
03-22 12:40:25.166   212   292 I ThermalEngine: vdd_dig_sw_mode_ktm_disable_cb: write out 0
03-22 12:40:25.166   212   292 I ThermalEngine: hotplug_ktm_disable_cb: write out 0
03-22 12:40:25.183   216   216 D QC-time-services: Daemon:Value read from RTC seconds = 38464824000
03-22 12:40:25.183   216   216 D QC-time-services: Daemon:genoff_init_config: ATS_RTC initialized
03-22 12:40:25.183   216   216 D QC-time-services: Daemon:genoff_pre_init::Base = 1
03-22 12:40:25.183   216   216 D QC-time-services: Daemon: Storage Name: ats_1 
03-22 12:40:25.183   216   216 D QC-time-services: Daemon:Opening File: /data/system/time/ats_1
03-22 12:40:25.183   216   216 D QC-time-services: Daemon:time_persistent_memory_opr:Genoff Read operation 
03-22 12:40:25.184   302   302 W auditd  : type=2 
03-22 12:40:25.190   302   302 W auditd  : type=1325 audit(0.0:11): table=filter family=2 entries=4
03-22 12:40:25.195   216   216 D QC-time-services: Daemon:genoff_pre_init::Base = 2
03-22 12:40:25.196   216   216 D QC-time-services: Daemon: Storage Name: ats_2 
03-22 12:40:25.196   216   216 D QC-time-services: Daemon:Opening File: /data/system/time/ats_2
03-22 12:40:25.196   216   216 D QC-time-services: Daemon:time_persistent_memory_opr:Genoff Read operation 
03-22 12:40:25.203   216   216 D QC-time-services: Daemon:genoff_pre_init::Base = 3
03-22 12:40:25.203   216   216 D QC-time-services: Daemon: Storage Name: ats_3 
03-22 12:40:25.203   216   216 D QC-time-services: Daemon:Opening File: /data/system/time/ats_3
03-22 12:40:25.203   216   216 D QC-time-services: Daemon:time_persistent_memory_opr:Genoff Read operation 
03-22 12:40:25.204   216   216 D QC-time-services: Daemon:Unable to open filefor read
03-22 12:40:25.204   216   216 D QC-time-services: Daemon:genoff_post_init:Error in accessing storage
03-22 12:40:25.204   216   216 D QC-time-services: Daemon:genoff_pre_init::Base = 4
03-22 12:40:25.204   216   216 D QC-time-services: Daemon: Storage Name: ats_4 
03-22 12:40:25.204   216   216 D QC-time-services: Daemon:Opening File: /data/system/time/ats_4
03-22 12:40:25.204   216   216 D QC-time-services: Daemon:time_persistent_memory_opr:Genoff Read operation 
03-22 12:40:25.204   216   216 D QC-time-services: Daemon:Unable to open filefor read
03-22 12:40:25.204   216   216 D QC-time-services: Daemon:genoff_post_init:Error in accessing storage
03-22 12:40:25.204   216   216 D QC-time-services: Daemon:genoff_pre_init::Base = 5
03-22 12:40:25.204   216   216 D QC-time-services: Daemon: Storage Name: ats_5 
03-22 12:40:25.204   216   216 D QC-time-services: Daemon:Opening File: /data/system/time/ats_5
03-22 12:40:25.204   216   216 D QC-time-services: Daemon:time_persistent_memory_opr:Genoff Read operation 
03-22 12:40:25.204   216   216 D QC-time-services: Daemon:Unable to open filefor read
03-22 12:40:25.204   216   216 D QC-time-services: Daemon:genoff_post_init:Error in accessing storage
03-22 12:40:25.204   216   216 D QC-time-services: Daemon:genoff_pre_init::Base = 6
03-22 12:40:25.204   216   216 D QC-time-services: Daemon: Storage Name: ats_6 
03-22 12:40:25.204   216   216 D QC-time-services: Daemon:Opening File: /data/system/time/ats_6
03-22 12:40:25.204   216   216 D QC-time-services: Daemon:time_persistent_memory_opr:Genoff Read operation 
03-22 12:40:25.204   216   216 D QC-time-services: Daemon:Unable to open filefor read
03-22 12:40:25.204   216   216 D QC-time-services: Daemon:genoff_post_init:Error in accessing storage
03-22 12:40:25.204   216   216 D QC-time-services: Daemon:genoff_pre_init::Base = 7
03-22 12:40:25.204   216   216 D QC-time-services: Daemon: Storage Name: ats_7 
03-22 12:40:25.204   216   216 D QC-time-services: Daemon:Opening File: /data/system/time/ats_7
03-22 12:40:25.204   216   216 D QC-time-services: Daemon:time_persistent_memory_opr:Genoff Read operation 
03-22 12:40:25.204   216   216 D QC-time-services: Daemon:Unable to open filefor read
03-22 12:40:25.204   216   216 D QC-time-services: Daemon:genoff_post_init:Error in accessing storage
03-22 12:40:25.204   216   216 D QC-time-services: Daemon:genoff_pre_init::Base = 8
03-22 12:40:25.204   216   216 D QC-time-services: Daemon: Storage Name: ats_8 
03-22 12:40:25.204   216   216 D QC-time-services: Daemon:Opening File: /data/system/time/ats_8
03-22 12:40:25.204   216   216 D QC-time-services: Daemon:time_persistent_memory_opr:Genoff Read operation 
03-22 12:40:25.204   216   216 D QC-time-services: Daemon:Unable to open filefor read
03-22 12:40:25.204   216   216 D QC-time-services: Daemon:genoff_post_init:Error in accessing storage
03-22 12:40:25.204   216   216 D QC-time-services: Daemon:genoff_pre_init::Base = 9
03-22 12:40:25.204   216   216 D QC-time-services: Daemon: Storage Name: ats_9 
03-22 12:40:25.204   216   216 D QC-time-services: Daemon:Opening File: /data/system/time/ats_9
03-22 12:40:25.204   216   216 D QC-time-services: Daemon:time_persistent_memory_opr:Genoff Read operation 
03-22 12:40:25.204   216   216 D QC-time-services: Daemon:Unable to open filefor read
03-22 12:40:25.204   216   216 D QC-time-services: Daemon:genoff_post_init:Error in accessing storage
03-22 12:40:25.204   216   216 D QC-time-services: Daemon:genoff_pre_init::Base = 10
03-22 12:40:25.204   216   216 D QC-time-services: Daemon: Storage Name: ats_10 
03-22 12:40:25.204   216   216 D QC-time-services: Daemon:Opening File: /data/system/time/ats_10
03-22 12:40:25.204   216   216 D QC-time-services: Daemon:time_persistent_memory_opr:Genoff Read operation 
03-22 12:40:25.204   216   216 D QC-time-services: Daemon:Unable to open filefor read
03-22 12:40:25.204   216   216 D QC-time-services: Daemon:genoff_post_init:Error in accessing storage
03-22 12:40:25.204   216   216 D QC-time-services: Daemon:genoff_pre_init::Base = 11
03-22 12:40:25.204   216   216 D QC-time-services: Daemon: Storage Name: ats_11 
03-22 12:40:25.204   216   216 D QC-time-services: Daemon:Opening File: /data/system/time/ats_11
03-22 12:40:25.204   216   216 D QC-time-services: Daemon:time_persistent_memory_opr:Genoff Read operation 
03-22 12:40:25.204   216   216 D QC-time-services: Daemon:Unable to open filefor read
03-22 12:40:25.204   216   216 D QC-time-services: Daemon:genoff_post_init:Error in accessing storage
03-22 12:40:25.204   216   216 D QC-time-services: Daemon:genoff_pre_init::Base = 12
03-22 12:40:25.204   216   216 D QC-time-services: Daemon: Storage Name: ats_12 
03-22 12:40:25.204   216   216 D QC-time-services: Daemon:Opening File: /data/system/time/ats_12
03-22 12:40:25.204   216   216 D QC-time-services: Daemon:time_persistent_memory_opr:Genoff Read operation 
03-22 12:40:25.204   216   216 D QC-time-services: Daemon:Unable to open filefor read
03-22 12:40:25.204   216   216 D QC-time-services: Daemon:genoff_post_init:Error in accessing storage
03-22 12:40:25.204   216   216 D QC-time-services: Daemon:genoff_pre_init::Base = 13
03-22 12:40:25.204   216   216 D QC-time-services: Daemon: Storage Name: ats_13 
03-22 12:40:25.204   216   216 D QC-time-services: Daemon:Opening File: /data/system/time/ats_13
03-22 12:40:25.204   216   216 D QC-time-services: Daemon:time_persistent_memory_opr:Genoff Read operation 
03-22 12:40:25.204   216   216 D QC-time-services: Daemon:Unable to open filefor read
03-22 12:40:25.204   216   216 D QC-time-services: Daemon:genoff_post_init:Error in accessing storage
03-22 12:40:25.204   216   216 D QC-time-services: Daemon:genoff_init_config: Other bases initilized, exiting genoff_init
03-22 12:40:25.204   216   216 D QC-time-services: Daemon:genoff_opr: Base = 1, val = 0, operation = 1
03-22 12:40:25.204   216   216 D QC-time-services: Daemon: genoff get for 1
03-22 12:40:25.205   216   216 D QC-time-services: Daemon:rtc_get: Time read from RTC -- MM/DD/YY HH:MM:SS2/22/71 4:40:24
03-22 12:40:25.205   216   216 D QC-time-services: Daemon:Value read from RTC seconds = 38464824000
03-22 12:40:25.205   216   216 D QC-time-services: Daemon:Value read from RTC seconds = 38464824000
03-22 12:40:25.205   216   216 D QC-time-services: Daemon:Value read from generif offset = 1441530853181
03-22 12:40:25.205   216   216 D QC-time-services: Daemon:Final Time = 1479995677181
03-22 12:40:25.205   216   216 D QC-time-services: Daemon:genoff_boot_tod_init: Setting system time to sec =1479995677, nsec =181000000
11-24 21:54:37.181   302   302 W auditd  : type=1325 audit(0.0:12): table=filter family=10 entries=4
11-24 21:54:37.181   302   302 W auditd  : type=1325 audit(0.0:13): table=filter family=2 entries=6
11-24 21:54:37.181   216   216 E QC-time-services: Daemon:genoff_boot_tod_init: Unable to set TOD at boot up
11-24 21:54:37.181   216   216 E QC-time-services: Daemon: Unable to set TOD at boot up
11-24 21:54:37.181   216   216 D QC-time-services: Daemon:genoff_modem_qmi_init: Initiallizing QMI 
11-24 21:54:37.191   302   302 W auditd  : type=1325 audit(0.0:14): table=filter family=10 entries=6
11-24 21:54:37.232   190   190 I SurfaceFlinger: SurfaceFlinger is starting
11-24 21:54:37.235   190   190 I SurfaceFlinger: SurfaceFlinger's main thread ready to run. Initializing graphics H/W...
11-24 21:54:37.241   226   226 W zygote  : type=1400 audit(0.0:15): avc: denied { relabelto } for name="sh" dev="tmpfs" ino=6841 scontext=u:r:init:s0 tcontext=u:object_r:system_file:s0 tclass=file permissive=0
11-24 21:54:37.241   226   226 W zygote  : type=1400 audit(0.0:16): avc: denied { mac_admin } for capability=33 scontext=u:r:init:s0 tcontext=u:r:init:s0 tclass=capability2 permissive=0
11-24 21:54:37.251   318   318 W 360s    : type=1400 audit(0.0:17): avc: denied { linux_immutable } for capability=9 scontext=u:r:init:s0 tcontext=u:r:init:s0 tclass=capability permissive=0
11-24 21:54:37.251   318   318 W 360s    : type=1400 audit(0.0:18): avc: denied { linux_immutable } for capability=9 scontext=u:r:init:s0 tcontext=u:r:init:s0 tclass=capability permissive=0
11-24 21:54:37.251   318   318 W 360s    : type=1400 audit(0.0:19): avc: denied { create } for scontext=u:r:init:s0 tcontext=u:r:adbd:s0 tclass=tcp_socket permissive=0
11-24 21:54:37.258   215   215 I mm-camera: server_process_module_init:59, int mods
11-24 21:54:37.258   215   215 I mm-camera-sensor: module_sensor_init:3071 Enter
11-24 21:54:37.272   190   190 D libEGL  : loaded /vendor/lib/egl/libEGL_adreno.so
11-24 21:54:37.284   201   201 E Diag_Lib:  Diag_LSM_Init: Failed to open handle to diag driver, error = 2
11-24 21:54:37.289   190   190 D libEGL  : loaded /vendor/lib/egl/libGLESv1_CM_adreno.so
11-24 21:54:37.316   201   337 E Diag_Lib:  Diag_LSM_Init: Failed to open handle to diag driver, error = 2
11-24 21:54:37.326   215   215 I mm-camera: gyro_module_init: Enter
11-24 21:54:37.326   215   215 I mm-camera: gyro_module_init: Exit successful
11-24 21:54:37.326   215   215 I mm-camera: cpp_module_init:75 name=cpp
11-24 21:54:37.333   215   215 I mm-camera: cpp_hardware_load_firmware:435, cpphw->hwinfo.version = 0x10010000
11-24 21:54:37.334   190   190 D libEGL  : loaded /vendor/lib/egl/libGLESv2_adreno.so
11-24 21:54:37.385   192   192 D QSEECOMAPI: : Loaded image: APP id = 2
11-24 21:54:37.385   205   205 D QSEECOMAPI: : Loaded image: APP id = 2
11-24 21:54:37.389   192   192 D QSEECOMD: : Parent qseecom daemon process paused!! 
11-24 21:54:37.389   360   360 D QSEECOMD: : qseecom listener service threads starting!!! 
11-24 21:54:37.389   360   360 D QSEECOMD: : Total listener services to start = 5
11-24 21:54:37.389   360   360 E QSEECOMD: : Listener: index = 0, hierarchy = 1
11-24 21:54:37.390   360   360 D QSEECOMD: : Init dlopen(librpmb.so, RTLD_NOW) succeeds
11-24 21:54:37.390   360   360 D QSEECOMD: : Init::Init dlsym(g_FSHandle rpmb_start) succeeds
11-24 21:54:37.390   360   360 D QSEECOMAPI: : QSEECom_register_listener 8192 sb_length = 0x5000
11-24 21:54:37.394   360   360 D QSEECOMD: : Init rpmb_start ret = 0
11-24 21:54:37.394   360   360 D QSEECOMD: : RPMB system services: Started (Listener ID = 8192)
11-24 21:54:37.394   360   360 E QSEECOMD: : Listener: index = 1, hierarchy = 1
11-24 21:54:37.396   215   215 I mm-camera: cpp_module_init:117: info: CPP module_init successful
11-24 21:54:37.396   215   215 I mm-camera: c2d_module_init:45 name=c2d
11-24 21:54:37.396   215   215 I mm-camera: c2d_module_init:86: info: C2D module_init successful
11-24 21:54:37.396   215   215 D mm-camera-img: img_core_get_comp:37] role 3 name qcom.cac
11-24 21:54:37.396   215   215 D mm-camera-img: img_core_get_comp:42] comp_index[0] role 0 name qcom.wavelet
11-24 21:54:37.396   215   215 D mm-camera-img: img_core_get_comp:42] comp_index[1] role 1 name qcom.hdr
11-24 21:54:37.396   215   215 D mm-camera-img: img_core_get_comp:42] comp_index[2] role 2 name qcom.faceproc
11-24 21:54:37.396   215   215 D mm-camera-img: img_core_get_comp:42] comp_index[3] role 3 name qcom.cac
11-24 21:54:37.396   215   215 D mm-camera-img: img_core_get_comp:47] find component role 3 name qcom.cac
11-24 21:54:37.396   360   360 D QSEECOMD: : Init dlopen(libssd.so, RTLD_NOW) succeeds
11-24 21:54:37.396   215   215 E mm-camera-img: cac_comp_load:679] Error opening CAC library
11-24 21:54:37.396   360   360 D QSEECOMD: : Init::Init dlsym(g_FSHandle ssd_start) succeeds
11-24 21:54:37.396   215   215 E mm-camera: module_cac_init:1027] Error rc -6
11-24 21:54:37.396   360   360 D QSEECOMAPI: : QSEECom_register_listener 12288 sb_length = 0x5000
11-24 21:54:37.396   215   215 E mm-camera: pproc_module_init:2019] cac module create failed
11-24 21:54:37.397   215   215 D mm-camera-img: img_core_get_comp:37] role 2 name qcom.faceproc
11-24 21:54:37.397   215   215 D mm-camera-img: img_core_get_comp:42] comp_index[0] role 0 name qcom.wavelet
11-24 21:54:37.397   215   215 D mm-camera-img: img_core_get_comp:42] comp_index[1] role 1 name qcom.hdr
11-24 21:54:37.397   215   215 D mm-camera-img: img_core_get_comp:42] comp_index[2] role 2 name qcom.faceproc
11-24 21:54:37.397   215   215 D mm-camera-img: img_core_get_comp:47] find component role 2 name qcom.faceproc
11-24 21:54:37.400   360   360 D QSEECOMD: : Init ssd_start ret = 0
11-24 21:54:37.400   360   360 D QSEECOMD: : SSD system services: Started (Listener ID = 12288)
11-24 21:54:37.400   360   360 E QSEECOMD: : Listener: index = 2, hierarchy = 1
11-24 21:54:37.400   360   360 E QSEECOMD: : Init dlopen(libsecureui.so, RLTD_NOW) is failed....
11-24 21:54:37.400   360   360 E QSEECOMD: : Listener: index = 3, hierarchy = 1
11-24 21:54:37.407   360   360 D QSEECOMD: : Init dlopen(libdrmtime.so, RTLD_NOW) succeeds
11-24 21:54:37.407   360   360 D QSEECOMD: : Init::Init dlsym(g_FSHandle atime_start) succeeds
11-24 21:54:37.407   360   360 D QSEECOMAPI: : QSEECom_register_listener 11 sb_length = 0x5000
11-24 21:54:37.410   360   360 D QSEECOMD: : Init atime_start ret = 0
11-24 21:54:37.411   360   360 D QSEECOMD: : time services: Started (Listener ID = 11)
11-24 21:54:37.411   360   360 E QSEECOMD: : Listener: index = 4, hierarchy = 1
11-24 21:54:37.411   360   360 D QSEECOMD: : Init dlopen(libdrmfs.so, RTLD_NOW) succeeds
11-24 21:54:37.411   360   360 D QSEECOMD: : Init::Init dlsym(g_FSHandle fs_start) succeeds
11-24 21:54:37.411   360   360 D QSEECOMAPI: : QSEECom_register_listener 10 sb_length = 0x5000
11-24 21:54:37.414   360   360 D QSEECOMD: : Init fs_start ret = 0
11-24 21:54:37.414   360   360 D QSEECOMD: : file system services: Started (Listener ID = 10)
11-24 21:54:37.414   360   360 D QSEECOMD: : QSEECOM DAEMON RUNNING 
11-24 21:54:37.429   215   215 W linker  : libmmcamera_faceproc.so has text relocations. This is wasting memory and prevents security hardening. Please fix.
11-24 21:54:37.431   302   302 W auditd  : type=1325 audit(0.0:20): table=filter family=2 entries=7
11-24 21:54:37.433   190   190 I Adreno-EGL: <qeglDrvAPI_eglInitialize:379>: QUALCOMM Build: 01/14/15, ab0075f, Id3510ff6dc
11-24 21:54:37.441   302   302 W auditd  : type=1325 audit(0.0:21): table=filter family=10 entries=7
11-24 21:54:37.461   302   302 W auditd  : type=1325 audit(0.0:22): table=filter family=2 entries=9
11-24 21:54:37.481   302   302 I auditd  : type=1403 audit(0.0:23): policy loaded auid=4294967295 ses=4294967295
11-24 21:54:37.481   302   302 W auditd  : type=1325 audit(0.0:24): table=filter family=10 entries=9
11-24 21:54:37.516   190   190 I qdutils : Right Split=0
11-24 21:54:37.517   190   190 D qdhwcomposer: int qhwc::adRead(): /sys/class/graphics/fb2/ad could not be opened : No such file or directory
11-24 21:54:37.518   188   188 I SELinux : avc:  received policyload notice (seqno=2)
11-24 21:54:37.519   190   190 I qdhwcomposer: Initializing Qualcomm Hardware Composer
11-24 21:54:37.519   190   190 I qdhwcomposer: MDP version: 500
11-24 21:54:37.519   190   190 I SurfaceFlinger: Using composer version 1.3
11-24 21:54:37.519   190   190 I qdhwcomposer: hwc_registerProcs
11-24 21:54:37.519   190   190 I qdhwcomposer: Initializing UEVENT Thread
11-24 21:54:37.519   190   190 I qdhwcomposer: Initializing VSYNC Thread
11-24 21:54:37.519   190   190 D qdhwcomposer: hwc_getDisplayAttributes disp = 0, width = 1080
11-24 21:54:37.519   190   190 D qdhwcomposer: hwc_getDisplayAttributes disp = 0, height = 1920
11-24 21:54:37.520   190   190 I SurfaceFlinger: EGL information:
11-24 21:54:37.520   190   190 I SurfaceFlinger: vendor    : Android
11-24 21:54:37.520   190   190 I SurfaceFlinger: version   : 1.4 Android META-EGL
11-24 21:54:37.520   190   190 I SurfaceFlinger: extensions: EGL_KHR_get_all_proc_addresses EGL_ANDROID_presentation_time EGL_KHR_image EGL_KHR_image_base EGL_KHR_lock_surface EGL_KHR_gl_texture_2D_image EGL_KHR_gl_texture_cubemap_image EGL_KHR_gl_renderbuffer_image EGL_KHR_fence_sync EGL_KHR_create_context EGL_EXT_create_context_robustness EGL_ANDROID_image_native_buffer EGL_KHR_wait_sync EGL_ANDROID_recordable 
11-24 21:54:37.520   190   190 I SurfaceFlinger: Client API: OpenGL_ES
11-24 21:54:37.520   190   190 I SurfaceFlinger: EGLSurface: 8-8-8-8, config=0x5
11-24 21:54:37.529   190   380 I qdhwcomposer: vsync_loop: Reading vsync for dpy=0 from /sys/class/graphics/fb0/vsync_event
11-24 21:54:37.529   190   380 I qdhwcomposer: vsync_loop: Reading vsync for dpy=1 from /sys/class/graphics/fb1/vsync_event
11-24 21:54:37.623   190   190 I SurfaceFlinger: OpenGL ES informations:
11-24 21:54:37.623   190   190 I SurfaceFlinger: vendor    : Qualcomm
11-24 21:54:37.623   190   190 I SurfaceFlinger: renderer  : Adreno (TM) 330
11-24 21:54:37.623   190   190 I SurfaceFlinger: version   : OpenGL ES 3.0 V@104.0 AU@  (GIT@Id3510ff6dc)
11-24 21:54:37.623   190   190 I SurfaceFlinger: extensions: GL_AMD_compressed_ATC_texture GL_AMD_performance_monitor GL_AMD_program_binary_Z400 GL_EXT_debug_label GL_EXT_debug_marker GL_EXT_discard_framebuffer GL_EXT_robustness GL_EXT_texture_format_BGRA8888 GL_EXT_texture_type_2_10_10_10_REV GL_NV_fence GL_OES_compressed_ETC1_RGB8_texture GL_OES_depth_texture GL_OES_depth24 GL_OES_EGL_image GL_OES_EGL_sync GL_OES_EGL_image_external GL_OES_element_index_uint GL_OES_fbo_render_mipmap GL_OES_fragment_precision_high GL_OES_get_program_binary GL_OES_packed_depth_stencil GL_OES_depth_texture_cube_map GL_OES_rgb8_rgba8 GL_OES_standard_derivatives GL_OES_texture_3D GL_OES_texture_float GL_OES_texture_half_float GL_OES_texture_half_float_linear GL_OES_texture_npot GL_OES_vertex_half_float GL_OES_vertex_type_10_10_10_2 GL_OES_vertex_array_object GL_QCOM_alpha_test GL_QCOM_binning_control GL_QCOM_driver_control GL_QCOM_perfmon_global_mode GL_QCOM_extended_get GL_QCOM_extended_get2 GL_QCOM_tiled_rendering GL_QCOM_writeonly_rendering GL_EXT_sRGB GL_EXT_sRGB_write_con
11-24 21:54:37.623   190   190 I SurfaceFlinger: GL_MAX_TEXTURE_SIZE = 4096
11-24 21:54:37.623   190   190 I SurfaceFlinger: GL_MAX_VIEWPORT_DIMS = 4096
11-24 21:54:37.644   190   190 D SurfaceFlinger: Set power mode=2, type=0 flinger=0xb6482000
11-24 21:54:37.644   190   190 D qdhwcomposer: hwc_blank: Unblanking display: 0
11-24 21:54:37.644   190   190 D qdhwcomposer: hwc_blank: Done unblanking display: 0
11-24 21:54:37.645   190   393 E qdhwcomposer: hwc_vsync_control: vsync control failed. Dpy=0, enable=1 : Operation not supported on transport endpoint
11-24 21:54:37.645   190   393 E SurfaceFlinger: eventControl(0, 1) failed Operation not supported on transport endpoint
11-24 21:54:37.649   203   203 I mediaserver: ServiceManager: 0xb58700c0
11-24 21:54:37.649   203   203 I AudioFlinger: Using default 3000 mSec as standby time.
11-24 21:54:37.651   302   302 W auditd  : type=1325 audit(0.0:25): table=filter family=2 entries=10
11-24 21:54:37.651   203   203 I ServiceManager: Waiting for service batterystats...
11-24 21:54:37.661   302   302 W auditd  : type=1325 audit(0.0:26): table=filter family=10 entries=10
11-24 21:54:37.691   302   302 W auditd  : type=1325 audit(0.0:27): table=filter family=2 entries=12
11-24 21:54:37.721   302   302 W auditd  : type=1325 audit(0.0:28): table=filter family=10 entries=12
11-24 21:54:37.723   213   213 D AndroidRuntime: >>>>>> START com.android.internal.os.ZygoteInit uid 0 <<<<<<
11-24 21:54:37.770   213   213 D AndroidRuntime: CheckJNI is OFF
11-24 21:54:37.787   213   213 I art     : option[0]=-Xzygote
11-24 21:54:37.787   213   213 I art     : option[1]=-Xstacktracefile:/data/anr/traces.txt
11-24 21:54:37.787   213   213 I art     : option[2]=exit
11-24 21:54:37.787   213   213 I art     : option[3]=vfprintf
11-24 21:54:37.787   213   213 I art     : option[4]=sensitiveThread
11-24 21:54:37.787   213   213 I art     : option[5]=-verbose:gc
11-24 21:54:37.787   213   213 I art     : option[6]=-Xms8m
11-24 21:54:37.787   213   213 I art     : option[7]=-Xmx512m
11-24 21:54:37.787   213   213 I art     : option[8]=-XX:mainThreadStackSize=24K
11-24 21:54:37.787   213   213 I art     : option[9]=-XX:HeapGrowthLimit=192m
11-24 21:54:37.787   213   213 I art     : option[10]=-XX:HeapMinFree=512k
11-24 21:54:37.787   213   213 I art     : option[11]=-XX:HeapMaxFree=8m
11-24 21:54:37.787   213   213 I art     : option[12]=-XX:HeapTargetUtilization=0.75
