11-24 22:12:35.342   778  1219 I am_finish_activity: [0,471030288,93,io.github.izzyleung.zhihudailypurify/.ui.activity.PickDateActivity,app-request]
11-24 22:12:35.343   778  1219 I am_home_stack_moved: [0,0,1,1,finishActivity adjustTopFocus setFocusedActivity]
11-24 22:12:35.343   778  1219 I am_focused_activity: [0,io.github.izzyleung.zhihudailypurify/.ui.activity.MainActivity]
11-24 22:12:35.343   778  1219 I am_pause_activity: [0,471030288,io.github.izzyleung.zhihudailypurify/.ui.activity.PickDateActivity]
11-24 22:12:35.356  2733  2733 I am_on_paused_called: [0,io.github.izzyleung.zhihudailypurify.ui.activity.PickDateActivity]
11-24 22:12:35.357   778  1221 I am_resume_activity: [0,778469021,93,io.github.izzyleung.zhihudailypurify/.ui.activity.MainActivity]
11-24 22:12:35.375  2733  2733 I am_on_resume_called: [0,io.github.izzyleung.zhihudailypurify.ui.activity.MainActivity]
11-24 22:12:35.742   778   799 I am_destroy_activity: [0,471030288,93,io.github.izzyleung.zhihudailypurify/.ui.activity.PickDateActivity,finish-imm]
11-24 22:12:36.509   778  1219 I am_finish_activity: [0,778469021,93,io.github.izzyleung.zhihudailypurify/.ui.activity.MainActivity,app-request]
11-24 22:12:36.527   778  1219 I am_home_stack_moved: [0,1,0,0,finishActivity adjustFocus]
11-24 22:12:36.527   778  1219 I wm_task_moved: [1,1,0]
11-24 22:12:36.533   778  1219 I am_home_stack_moved: [0,1,0,0,finishActivity adjustTopFocus setFocusedActivity]
11-24 22:12:36.536   778  1219 I am_focused_activity: [0,com.cyanogenmod.trebuchet/com.android.launcher3.Launcher]
11-24 22:12:36.558   778  1219 I am_pause_activity: [0,778469021,io.github.izzyleung.zhihudailypurify/.ui.activity.MainActivity]
11-24 22:12:36.564  2733  2733 I am_on_paused_called: [0,io.github.izzyleung.zhihudailypurify.ui.activity.MainActivity]
11-24 22:12:36.572   778   989 I am_resume_activity: [0,368830383,1,com.cyanogenmod.trebuchet/com.android.launcher3.Launcher]
11-24 22:12:36.590  1250  1250 I am_on_resume_called: [0,com.android.launcher3.Launcher]
11-24 22:12:36.880   778   799 I am_destroy_activity: [0,778469021,93,io.github.izzyleung.zhihudailypurify/.ui.activity.MainActivity,finish-imm]
11-24 22:12:37.048   778   806 I wm_task_removed: [93,removeAppToken: last token]
11-24 22:12:37.048   778   806 I wm_task_removed: [93,removeTask]
11-24 22:12:39.795   778   795 I am_home_stack_moved: [0,0,1,1,startingNewTask]
11-24 22:12:39.795   778   795 I am_create_task: [0,94]
11-24 22:12:39.795   778   795 I am_create_activity: [0,615364460,94,io.github.izzyleung.zhihudailypurify/.ui.activity.MainActivity,android.intent.action.MAIN,NULL,NULL,270532608]
11-24 22:12:39.799   778   795 I wm_task_created: [94,1]
11-24 22:12:39.799   778   795 I wm_task_moved: [94,1,0]
11-24 22:12:39.799   778   795 I am_pause_activity: [0,368830383,com.cyanogenmod.trebuchet/com.android.launcher3.Launcher]
11-24 22:12:39.804   778   795 I am_home_stack_moved: [0,0,1,1,startedActivity setFocusedActivity]
11-24 22:12:39.806   778   795 I am_focused_activity: [0,io.github.izzyleung.zhihudailypurify/.ui.activity.MainActivity]
11-24 22:12:39.824  1250  1250 I am_on_paused_called: [0,com.android.launcher3.Launcher]
11-24 22:12:39.832   778  1219 I am_restart_activity: [0,615364460,94,io.github.izzyleung.zhihudailypurify/.ui.activity.MainActivity]
11-24 22:12:39.888  2733  2733 I am_on_resume_called: [0,io.github.izzyleung.zhihudailypurify.ui.activity.MainActivity]
11-24 22:12:39.996   778   806 I am_activity_launch_time: [0,615364460,io.github.izzyleung.zhihudailypurify/.ui.activity.MainActivity,170,170]
11-24 22:12:40.311   190   190 I sf_frame_dur: [com.cyanogenmod.trebuchet/com.android.launcher3.Launcher,0,0,1,0,0,0,1]
11-24 22:12:45.214   778   986 I am_home_stack_moved: [0,0,1,1,sourceStackToFront]
11-24 22:12:45.214   778   986 I wm_task_moved: [94,1,0]
11-24 22:12:45.222   778   986 I am_create_activity: [0,982209835,94,io.github.izzyleung.zhihudailypurify/.ui.activity.PickDateActivity,NULL,NULL,NULL,0]
11-24 22:12:45.227   778   986 I am_pause_activity: [0,615364460,io.github.izzyleung.zhihudailypurify/.ui.activity.MainActivity]
11-24 22:12:45.231   778   986 I am_home_stack_moved: [0,0,1,1,startedActivity setFocusedActivity]
11-24 22:12:45.233   778   986 I am_focused_activity: [0,io.github.izzyleung.zhihudailypurify/.ui.activity.PickDateActivity]
11-24 22:12:45.243  2733  2733 I am_on_paused_called: [0,io.github.izzyleung.zhihudailypurify.ui.activity.MainActivity]
11-24 22:12:45.245   778  1221 I am_restart_activity: [0,982209835,94,io.github.izzyleung.zhihudailypurify/.ui.activity.PickDateActivity]
11-24 22:12:45.314  2733  2733 I am_on_resume_called: [0,io.github.izzyleung.zhihudailypurify.ui.activity.PickDateActivity]
11-24 22:12:45.589   778   806 I am_activity_launch_time: [0,982209835,io.github.izzyleung.zhihudailypurify/.ui.activity.PickDateActivity,346,346]
11-24 22:12:46.602   778   795 I am_finish_activity: [0,982209835,94,io.github.izzyleung.zhihudailypurify/.ui.activity.PickDateActivity,app-request]
11-24 22:12:46.603   778   795 I am_home_stack_moved: [0,0,1,1,finishActivity adjustTopFocus setFocusedActivity]
11-24 22:12:46.604   778   795 I am_focused_activity: [0,io.github.izzyleung.zhihudailypurify/.ui.activity.MainActivity]
11-24 22:12:46.604   778   795 I am_pause_activity: [0,982209835,io.github.izzyleung.zhihudailypurify/.ui.activity.PickDateActivity]
11-24 22:12:46.614  2733  2733 I am_on_paused_called: [0,io.github.izzyleung.zhihudailypurify.ui.activity.PickDateActivity]
11-24 22:12:46.615   778  1218 I am_resume_activity: [0,615364460,94,io.github.izzyleung.zhihudailypurify/.ui.activity.MainActivity]
11-24 22:12:46.633  2733  2733 I am_on_resume_called: [0,io.github.izzyleung.zhihudailypurify.ui.activity.MainActivity]
11-24 22:12:46.998   778   799 I am_destroy_activity: [0,982209835,94,io.github.izzyleung.zhihudailypurify/.ui.activity.PickDateActivity,finish-imm]
11-24 22:12:47.766   778   795 I am_finish_activity: [0,615364460,94,io.github.izzyleung.zhihudailypurify/.ui.activity.MainActivity,app-request]
11-24 22:12:47.781   778   795 I am_home_stack_moved: [0,1,0,0,finishActivity adjustFocus]
11-24 22:12:47.781   778   795 I wm_task_moved: [1,1,0]
11-24 22:12:47.785   778   795 I am_home_stack_moved: [0,1,0,0,finishActivity adjustTopFocus setFocusedActivity]
11-24 22:12:47.788   778   795 I am_focused_activity: [0,com.cyanogenmod.trebuchet/com.android.launcher3.Launcher]
11-24 22:12:47.808   778   795 I am_pause_activity: [0,615364460,io.github.izzyleung.zhihudailypurify/.ui.activity.MainActivity]
11-24 22:12:47.812  2733  2733 I am_on_paused_called: [0,io.github.izzyleung.zhihudailypurify.ui.activity.MainActivity]
11-24 22:12:47.826   778   794 I am_resume_activity: [0,368830383,1,com.cyanogenmod.trebuchet/com.android.launcher3.Launcher]
11-24 22:12:47.841  1250  1250 I am_on_resume_called: [0,com.android.launcher3.Launcher]
11-24 22:12:48.137   778   799 I am_destroy_activity: [0,615364460,94,io.github.izzyleung.zhihudailypurify/.ui.activity.MainActivity,finish-imm]
11-24 22:12:48.322   778   806 I wm_task_removed: [94,removeAppToken: last token]
11-24 22:12:48.322   778   806 I wm_task_removed: [94,removeTask]
11-24 22:12:51.065   778   794 I am_home_stack_moved: [0,0,1,1,startingNewTask]
11-24 22:12:51.065   778   794 I am_create_task: [0,95]
11-24 22:12:51.065   778   794 I am_create_activity: [0,1038307831,95,io.github.izzyleung.zhihudailypurify/.ui.activity.MainActivity,android.intent.action.MAIN,NULL,NULL,270532608]
11-24 22:12:51.071   778   794 I wm_task_created: [95,1]
11-24 22:12:51.071   778   794 I wm_task_moved: [95,1,0]
11-24 22:12:51.075   778   794 I am_pause_activity: [0,368830383,com.cyanogenmod.trebuchet/com.android.launcher3.Launcher]
11-24 22:12:51.078   778   794 I am_home_stack_moved: [0,0,1,1,startedActivity setFocusedActivity]
11-24 22:12:51.079   778   794 I am_focused_activity: [0,io.github.izzyleung.zhihudailypurify/.ui.activity.MainActivity]
11-24 22:12:51.090  1250  1250 I am_on_paused_called: [0,com.android.launcher3.Launcher]
11-24 22:12:51.096   778  1221 I am_restart_activity: [0,1038307831,95,io.github.izzyleung.zhihudailypurify/.ui.activity.MainActivity]
11-24 22:12:51.144  2733  2733 I am_on_resume_called: [0,io.github.izzyleung.zhihudailypurify.ui.activity.MainActivity]
11-24 22:12:51.249   778   806 I am_activity_launch_time: [0,1038307831,io.github.izzyleung.zhihudailypurify/.ui.activity.MainActivity,158,158]
11-24 22:12:51.585   190   190 I sf_frame_dur: [com.cyanogenmod.trebuchet/com.android.launcher3.Launcher,0,0,0,1,0,0,1]
11-24 22:12:56.462   778  1267 I am_home_stack_moved: [0,0,1,1,sourceStackToFront]
11-24 22:12:56.462   778  1267 I wm_task_moved: [95,1,0]
11-24 22:12:56.471   778  1267 I am_create_activity: [0,1034210610,95,io.github.izzyleung.zhihudailypurify/.ui.activity.PickDateActivity,NULL,NULL,NULL,0]
11-24 22:12:56.474   778  1267 I am_pause_activity: [0,1038307831,io.github.izzyleung.zhihudailypurify/.ui.activity.MainActivity]
11-24 22:12:56.483   778  1267 I am_home_stack_moved: [0,0,1,1,startedActivity setFocusedActivity]
11-24 22:12:56.485   778  1267 I am_focused_activity: [0,io.github.izzyleung.zhihudailypurify/.ui.activity.PickDateActivity]
11-24 22:12:56.488  2733  2733 I am_on_paused_called: [0,io.github.izzyleung.zhihudailypurify.ui.activity.MainActivity]
11-24 22:12:56.490   778  1220 I am_restart_activity: [0,1034210610,95,io.github.izzyleung.zhihudailypurify/.ui.activity.PickDateActivity]
11-24 22:12:56.556  2733  2733 I am_on_resume_called: [0,io.github.izzyleung.zhihudailypurify.ui.activity.PickDateActivity]
11-24 22:12:56.819   778   806 I am_activity_launch_time: [0,1034210610,io.github.izzyleung.zhihudailypurify/.ui.activity.PickDateActivity,331,331]
11-24 22:12:57.832   778  1220 I am_finish_activity: [0,1034210610,95,io.github.izzyleung.zhihudailypurify/.ui.activity.PickDateActivity,app-request]
11-24 22:12:57.833   778  1220 I am_home_stack_moved: [0,0,1,1,finishActivity adjustTopFocus setFocusedActivity]
11-24 22:12:57.835   778  1220 I am_focused_activity: [0,io.github.izzyleung.zhihudailypurify/.ui.activity.MainActivity]
11-24 22:12:57.836   778  1220 I am_pause_activity: [0,1034210610,io.github.izzyleung.zhihudailypurify/.ui.activity.PickDateActivity]
11-24 22:12:57.838  2733  2733 I am_on_paused_called: [0,io.github.izzyleung.zhihudailypurify.ui.activity.PickDateActivity]
11-24 22:12:57.840   778   794 I am_resume_activity: [0,1038307831,95,io.github.izzyleung.zhihudailypurify/.ui.activity.MainActivity]
11-24 22:12:57.852  2733  2733 I am_on_resume_called: [0,io.github.izzyleung.zhihudailypurify.ui.activity.MainActivity]
11-24 22:12:58.219   778   799 I am_destroy_activity: [0,1034210610,95,io.github.izzyleung.zhihudailypurify/.ui.activity.PickDateActivity,finish-imm]
11-24 22:12:58.974   778  1221 I am_finish_activity: [0,1038307831,95,io.github.izzyleung.zhihudailypurify/.ui.activity.MainActivity,app-request]
11-24 22:12:58.976   778  1221 I am_home_stack_moved: [0,1,0,0,finishActivity adjustFocus]
11-24 22:12:58.976   778  1221 I wm_task_moved: [1,1,0]
11-24 22:12:58.982   778  1221 I am_home_stack_moved: [0,1,0,0,finishActivity adjustTopFocus setFocusedActivity]
11-24 22:12:58.987   778  1221 I am_focused_activity: [0,com.cyanogenmod.trebuchet/com.android.launcher3.Launcher]
11-24 22:12:59.012   778  1221 I am_pause_activity: [0,1038307831,io.github.izzyleung.zhihudailypurify/.ui.activity.MainActivity]
11-24 22:12:59.017  2733  2733 I am_on_paused_called: [0,io.github.izzyleung.zhihudailypurify.ui.activity.MainActivity]
11-24 22:12:59.020   778   795 I am_resume_activity: [0,368830383,1,com.cyanogenmod.trebuchet/com.android.launcher3.Launcher]
11-24 22:12:59.030  1250  1250 I am_on_resume_called: [0,com.android.launcher3.Launcher]
11-24 22:12:59.343   778   799 I am_destroy_activity: [0,1038307831,95,io.github.izzyleung.zhihudailypurify/.ui.activity.MainActivity,finish-imm]
11-24 22:12:59.511   778   806 I wm_task_removed: [95,removeAppToken: last token]
11-24 22:12:59.511   778   806 I wm_task_removed: [95,removeTask]
11-24 22:13:02.259   778   986 I am_home_stack_moved: [0,0,1,1,startingNewTask]
11-24 22:13:02.259   778   986 I am_create_task: [0,96]
11-24 22:13:02.259   778   986 I am_create_activity: [0,426807086,96,io.github.izzyleung.zhihudailypurify/.ui.activity.MainActivity,android.intent.action.MAIN,NULL,NULL,270532608]
11-24 22:13:02.260   778   986 I wm_task_created: [96,1]
11-24 22:13:02.260   778   986 I wm_task_moved: [96,1,0]
11-24 22:13:02.260   778   986 I am_pause_activity: [0,368830383,com.cyanogenmod.trebuchet/com.android.launcher3.Launcher]
11-24 22:13:02.269   778   986 I am_home_stack_moved: [0,0,1,1,startedActivity setFocusedActivity]
11-24 22:13:02.273   778   986 I am_focused_activity: [0,io.github.izzyleung.zhihudailypurify/.ui.activity.MainActivity]
11-24 22:13:02.286  1250  1250 I am_on_paused_called: [0,com.android.launcher3.Launcher]
11-24 22:13:02.294   778  1221 I am_restart_activity: [0,426807086,96,io.github.izzyleung.zhihudailypurify/.ui.activity.MainActivity]
11-24 22:13:02.346  2733  2733 I am_on_resume_called: [0,io.github.izzyleung.zhihudailypurify.ui.activity.MainActivity]
11-24 22:13:02.450   778   806 I am_activity_launch_time: [0,426807086,io.github.izzyleung.zhihudailypurify/.ui.activity.MainActivity,164,164]
11-24 22:13:02.773   190   190 I sf_frame_dur: [com.cyanogenmod.trebuchet/com.android.launcher3.Launcher,0,0,0,1,0,0,1]
11-24 22:13:07.690   778  1212 I am_home_stack_moved: [0,0,1,1,sourceStackToFront]
11-24 22:13:07.690   778  1212 I wm_task_moved: [96,1,0]
11-24 22:13:07.694   778  1212 I am_create_activity: [0,224442325,96,io.github.izzyleung.zhihudailypurify/.ui.activity.PickDateActivity,NULL,NULL,NULL,0]
11-24 22:13:07.696   778  1212 I am_pause_activity: [0,426807086,io.github.izzyleung.zhihudailypurify/.ui.activity.MainActivity]
11-24 22:13:07.698   778  1212 I am_home_stack_moved: [0,0,1,1,startedActivity setFocusedActivity]
11-24 22:13:07.706   778  1212 I am_focused_activity: [0,io.github.izzyleung.zhihudailypurify/.ui.activity.PickDateActivity]
11-24 22:13:07.714  2733  2733 I am_on_paused_called: [0,io.github.izzyleung.zhihudailypurify.ui.activity.MainActivity]
11-24 22:13:07.716   778  1267 I am_restart_activity: [0,224442325,96,io.github.izzyleung.zhihudailypurify/.ui.activity.PickDateActivity]
11-24 22:13:07.790  2733  2733 I am_on_resume_called: [0,io.github.izzyleung.zhihudailypurify.ui.activity.PickDateActivity]
11-24 22:13:08.045   778   806 I am_activity_launch_time: [0,224442325,io.github.izzyleung.zhihudailypurify/.ui.activity.PickDateActivity,330,330]
11-24 22:13:09.060   778   989 I am_finish_activity: [0,224442325,96,io.github.izzyleung.zhihudailypurify/.ui.activity.PickDateActivity,app-request]
11-24 22:13:09.061   778   989 I am_home_stack_moved: [0,0,1,1,finishActivity adjustTopFocus setFocusedActivity]
11-24 22:13:09.061   778   989 I am_focused_activity: [0,io.github.izzyleung.zhihudailypurify/.ui.activity.MainActivity]
11-24 22:13:09.061   778   989 I am_pause_activity: [0,224442325,io.github.izzyleung.zhihudailypurify/.ui.activity.PickDateActivity]
11-24 22:13:09.074  2733  2733 I am_on_paused_called: [0,io.github.izzyleung.zhihudailypurify.ui.activity.PickDateActivity]
11-24 22:13:09.076   778  1155 I am_resume_activity: [0,426807086,96,io.github.izzyleung.zhihudailypurify/.ui.activity.MainActivity]
11-24 22:13:09.094  2733  2733 I am_on_resume_called: [0,io.github.izzyleung.zhihudailypurify.ui.activity.MainActivity]
11-24 22:13:09.459   778   799 I am_destroy_activity: [0,224442325,96,io.github.izzyleung.zhihudailypurify/.ui.activity.PickDateActivity,finish-imm]
11-24 22:13:10.227   778  1155 I am_finish_activity: [0,426807086,96,io.github.izzyleung.zhihudailypurify/.ui.activity.MainActivity,app-request]
11-24 22:13:10.245   778  1155 I am_home_stack_moved: [0,1,0,0,finishActivity adjustFocus]
11-24 22:13:10.245   778  1155 I wm_task_moved: [1,1,0]
11-24 22:13:10.254   778  1155 I am_home_stack_moved: [0,1,0,0,finishActivity adjustTopFocus setFocusedActivity]
11-24 22:13:10.257   778  1155 I am_focused_activity: [0,com.cyanogenmod.trebuchet/com.android.launcher3.Launcher]
11-24 22:13:10.277   778  1155 I am_pause_activity: [0,426807086,io.github.izzyleung.zhihudailypurify/.ui.activity.MainActivity]
11-24 22:13:10.284  2733  2733 I am_on_paused_called: [0,io.github.izzyleung.zhihudailypurify.ui.activity.MainActivity]
11-24 22:13:10.294   778   795 I am_resume_activity: [0,368830383,1,com.cyanogenmod.trebuchet/com.android.launcher3.Launcher]
11-24 22:13:10.306  1250  1250 I am_on_resume_called: [0,com.android.launcher3.Launcher]
11-24 22:13:10.599   778   799 I am_destroy_activity: [0,426807086,96,io.github.izzyleung.zhihudailypurify/.ui.activity.MainActivity,finish-imm]
11-24 22:13:10.784   778   806 I wm_task_removed: [96,removeAppToken: last token]
11-24 22:13:10.784   778   806 I wm_task_removed: [96,removeTask]
11-24 22:13:13.537   778  1221 I am_home_stack_moved: [0,0,1,1,startingNewTask]
11-24 22:13:13.537   778  1221 I am_create_task: [0,97]
11-24 22:13:13.537   778  1221 I am_create_activity: [0,359242689,97,io.github.izzyleung.zhihudailypurify/.ui.activity.MainActivity,android.intent.action.MAIN,NULL,NULL,270532608]
11-24 22:13:13.538   778  1221 I wm_task_created: [97,1]
11-24 22:13:13.538   778  1221 I wm_task_moved: [97,1,0]
11-24 22:13:13.538   778  1221 I am_pause_activity: [0,368830383,com.cyanogenmod.trebuchet/com.android.launcher3.Launcher]
11-24 22:13:13.541   778  1221 I am_home_stack_moved: [0,0,1,1,startedActivity setFocusedActivity]
11-24 22:13:13.543   778  1221 I am_focused_activity: [0,io.github.izzyleung.zhihudailypurify/.ui.activity.MainActivity]
11-24 22:13:13.565  1250  1250 I am_on_paused_called: [0,com.android.launcher3.Launcher]
11-24 22:13:13.571   778   986 I am_restart_activity: [0,359242689,97,io.github.izzyleung.zhihudailypurify/.ui.activity.MainActivity]
11-24 22:13:13.621  2733  2733 I am_on_resume_called: [0,io.github.izzyleung.zhihudailypurify.ui.activity.MainActivity]
11-24 22:13:13.722   778   806 I am_activity_launch_time: [0,359242689,io.github.izzyleung.zhihudailypurify/.ui.activity.MainActivity,156,156]
11-24 22:13:14.046   190   190 I sf_frame_dur: [com.cyanogenmod.trebuchet/com.android.launcher3.Launcher,0,0,0,1,0,0,1]
11-24 22:13:18.881   778   795 I am_home_stack_moved: [0,0,1,1,sourceStackToFront]
11-24 22:13:18.881   778   795 I wm_task_moved: [97,1,0]
11-24 22:13:18.884   778   795 I am_create_activity: [0,715319684,97,io.github.izzyleung.zhihudailypurify/.ui.activity.PickDateActivity,NULL,NULL,NULL,0]
11-24 22:13:18.885   778   795 I am_pause_activity: [0,359242689,io.github.izzyleung.zhihudailypurify/.ui.activity.MainActivity]
11-24 22:13:18.889   778   795 I am_home_stack_moved: [0,0,1,1,startedActivity setFocusedActivity]
11-24 22:13:18.891   778   795 I am_focused_activity: [0,io.github.izzyleung.zhihudailypurify/.ui.activity.PickDateActivity]
11-24 22:13:18.894  2733  2733 I am_on_paused_called: [0,io.github.izzyleung.zhihudailypurify.ui.activity.MainActivity]
11-24 22:13:18.895   778  1155 I am_restart_activity: [0,715319684,97,io.github.izzyleung.zhihudailypurify/.ui.activity.PickDateActivity]
11-24 22:13:18.989  2733  2733 I am_on_resume_called: [0,io.github.izzyleung.zhihudailypurify.ui.activity.PickDateActivity]
11-24 22:13:19.286   778   806 I am_activity_launch_time: [0,715319684,io.github.izzyleung.zhihudailypurify/.ui.activity.PickDateActivity,392,392]
11-24 22:13:20.298   778  1267 I am_finish_activity: [0,715319684,97,io.github.izzyleung.zhihudailypurify/.ui.activity.PickDateActivity,app-request]
11-24 22:13:20.299   778  1267 I am_home_stack_moved: [0,0,1,1,finishActivity adjustTopFocus setFocusedActivity]
11-24 22:13:20.300   778  1267 I am_focused_activity: [0,io.github.izzyleung.zhihudailypurify/.ui.activity.MainActivity]
11-24 22:13:20.300   778  1267 I am_pause_activity: [0,715319684,io.github.izzyleung.zhihudailypurify/.ui.activity.PickDateActivity]
11-24 22:13:20.313  2733  2733 I am_on_paused_called: [0,io.github.izzyleung.zhihudailypurify.ui.activity.PickDateActivity]
11-24 22:13:20.314   778  1212 I am_resume_activity: [0,359242689,97,io.github.izzyleung.zhihudailypurify/.ui.activity.MainActivity]
11-24 22:13:20.337  2733  2733 I am_on_resume_called: [0,io.github.izzyleung.zhihudailypurify.ui.activity.MainActivity]
11-24 22:13:20.698   778   799 I am_destroy_activity: [0,715319684,97,io.github.izzyleung.zhihudailypurify/.ui.activity.PickDateActivity,finish-imm]
11-24 22:13:21.476   778  1155 I am_finish_activity: [0,359242689,97,io.github.izzyleung.zhihudailypurify/.ui.activity.MainActivity,app-request]
11-24 22:13:21.489   778  1155 I am_home_stack_moved: [0,1,0,0,finishActivity adjustFocus]
11-24 22:13:21.489   778  1155 I wm_task_moved: [1,1,0]
11-24 22:13:21.503   778  1155 I am_home_stack_moved: [0,1,0,0,finishActivity adjustTopFocus setFocusedActivity]
11-24 22:13:21.505   778  1155 I am_focused_activity: [0,com.cyanogenmod.trebuchet/com.android.launcher3.Launcher]
11-24 22:13:21.524   778  1155 I am_pause_activity: [0,359242689,io.github.izzyleung.zhihudailypurify/.ui.activity.MainActivity]
11-24 22:13:21.528  2733  2733 I am_on_paused_called: [0,io.github.izzyleung.zhihudailypurify.ui.activity.MainActivity]
11-24 22:13:21.545   778  1218 I am_resume_activity: [0,368830383,1,com.cyanogenmod.trebuchet/com.android.launcher3.Launcher]
11-24 22:13:21.553  1250  1250 I am_on_resume_called: [0,com.android.launcher3.Launcher]
11-24 22:13:21.854   778   799 I am_destroy_activity: [0,359242689,97,io.github.izzyleung.zhihudailypurify/.ui.activity.MainActivity,finish-imm]
11-24 22:13:22.022   778   806 I wm_task_removed: [97,removeAppToken: last token]
11-24 22:13:22.022   778   806 I wm_task_removed: [97,removeTask]
11-24 22:13:24.789   778  1220 I am_home_stack_moved: [0,0,1,1,startingNewTask]
11-24 22:13:24.789   778  1220 I am_create_task: [0,98]
11-24 22:13:24.790   778  1220 I am_create_activity: [0,149741344,98,io.github.izzyleung.zhihudailypurify/.ui.activity.MainActivity,android.intent.action.MAIN,NULL,NULL,270532608]
11-24 22:13:24.791   778  1220 I wm_task_created: [98,1]
11-24 22:13:24.791   778  1220 I wm_task_moved: [98,1,0]
11-24 22:13:24.803   778  1220 I am_pause_activity: [0,368830383,com.cyanogenmod.trebuchet/com.android.launcher3.Launcher]
11-24 22:13:24.810   778  1220 I am_home_stack_moved: [0,0,1,1,startedActivity setFocusedActivity]
11-24 22:13:24.812   778  1220 I am_focused_activity: [0,io.github.izzyleung.zhihudailypurify/.ui.activity.MainActivity]
11-24 22:13:24.836  1250  1250 I am_on_paused_called: [0,com.android.launcher3.Launcher]
11-24 22:13:24.842   778  1267 I am_restart_activity: [0,149741344,98,io.github.izzyleung.zhihudailypurify/.ui.activity.MainActivity]
11-24 22:13:24.886  2733  2733 I am_on_resume_called: [0,io.github.izzyleung.zhihudailypurify.ui.activity.MainActivity]
11-24 22:13:25.006   778   806 I am_activity_launch_time: [0,149741344,io.github.izzyleung.zhihudailypurify/.ui.activity.MainActivity,168,168]
11-24 22:13:25.301   190   190 I sf_frame_dur: [com.cyanogenmod.trebuchet/com.android.launcher3.Launcher,0,0,0,1,0,0,1]
11-24 22:13:30.246   778   795 I am_home_stack_moved: [0,0,1,1,sourceStackToFront]
11-24 22:13:30.246   778   795 I wm_task_moved: [98,1,0]
11-24 22:13:30.253   778   795 I am_create_activity: [0,377860207,98,io.github.izzyleung.zhihudailypurify/.ui.activity.PickDateActivity,NULL,NULL,NULL,0]
11-24 22:13:30.254   778   795 I am_pause_activity: [0,149741344,io.github.izzyleung.zhihudailypurify/.ui.activity.MainActivity]
11-24 22:13:30.254   778   795 I am_home_stack_moved: [0,0,1,1,startedActivity setFocusedActivity]
11-24 22:13:30.256   778   795 I am_focused_activity: [0,io.github.izzyleung.zhihudailypurify/.ui.activity.PickDateActivity]
11-24 22:13:30.270  2733  2733 I am_on_paused_called: [0,io.github.izzyleung.zhihudailypurify.ui.activity.MainActivity]
11-24 22:13:30.273   778  1221 I am_restart_activity: [0,377860207,98,io.github.izzyleung.zhihudailypurify/.ui.activity.PickDateActivity]
11-24 22:13:30.354  2733  2733 I am_on_resume_called: [0,io.github.izzyleung.zhihudailypurify.ui.activity.PickDateActivity]
11-24 22:13:30.618   778   806 I am_activity_launch_time: [0,377860207,io.github.izzyleung.zhihudailypurify/.ui.activity.PickDateActivity,346,346]
11-24 22:13:31.629   778   795 I am_finish_activity: [0,377860207,98,io.github.izzyleung.zhihudailypurify/.ui.activity.PickDateActivity,app-request]
11-24 22:13:31.629   778   795 I am_home_stack_moved: [0,0,1,1,finishActivity adjustTopFocus setFocusedActivity]
11-24 22:13:31.630   778   795 I am_focused_activity: [0,io.github.izzyleung.zhihudailypurify/.ui.activity.MainActivity]
11-24 22:13:31.630   778   795 I am_pause_activity: [0,377860207,io.github.izzyleung.zhihudailypurify/.ui.activity.PickDateActivity]
11-24 22:13:31.636  2733  2733 I am_on_paused_called: [0,io.github.izzyleung.zhihudailypurify.ui.activity.PickDateActivity]
11-24 22:13:31.637   778   794 I am_resume_activity: [0,149741344,98,io.github.izzyleung.zhihudailypurify/.ui.activity.MainActivity]
11-24 22:13:31.666  2733  2733 I am_on_resume_called: [0,io.github.izzyleung.zhihudailypurify.ui.activity.MainActivity]
11-24 22:13:32.021   778   799 I am_destroy_activity: [0,377860207,98,io.github.izzyleung.zhihudailypurify/.ui.activity.PickDateActivity,finish-imm]
11-24 22:13:32.794   778   794 I am_finish_activity: [0,149741344,98,io.github.izzyleung.zhihudailypurify/.ui.activity.MainActivity,app-request]
11-24 22:13:32.811   778   794 I am_home_stack_moved: [0,1,0,0,finishActivity adjustFocus]
11-24 22:13:32.811   778   794 I wm_task_moved: [1,1,0]
11-24 22:13:32.814   778   794 I am_home_stack_moved: [0,1,0,0,finishActivity adjustTopFocus setFocusedActivity]
11-24 22:13:32.817   778   794 I am_focused_activity: [0,com.cyanogenmod.trebuchet/com.android.launcher3.Launcher]
11-24 22:13:32.839   778   794 I am_pause_activity: [0,149741344,io.github.izzyleung.zhihudailypurify/.ui.activity.MainActivity]
11-24 22:13:32.845  2733  2733 I am_on_paused_called: [0,io.github.izzyleung.zhihudailypurify.ui.activity.MainActivity]
11-24 22:13:32.854   778  1212 I am_resume_activity: [0,368830383,1,com.cyanogenmod.trebuchet/com.android.launcher3.Launcher]
11-24 22:13:32.872  1250  1250 I am_on_resume_called: [0,com.android.launcher3.Launcher]
11-24 22:13:33.161   778   799 I am_destroy_activity: [0,149741344,98,io.github.izzyleung.zhihudailypurify/.ui.activity.MainActivity,finish-imm]
11-24 22:13:33.346   778   806 I wm_task_removed: [98,removeAppToken: last token]
11-24 22:13:33.346   778   806 I wm_task_removed: [98,removeTask]
11-24 22:13:36.076   778  1221 I am_home_stack_moved: [0,0,1,1,startingNewTask]
11-24 22:13:36.076   778  1221 I am_create_task: [0,99]
11-24 22:13:36.076   778  1221 I am_create_activity: [0,524158587,99,io.github.izzyleung.zhihudailypurify/.ui.activity.MainActivity,android.intent.action.MAIN,NULL,NULL,270532608]
11-24 22:13:36.076   778  1221 I wm_task_created: [99,1]
11-24 22:13:36.076   778  1221 I wm_task_moved: [99,1,0]
11-24 22:13:36.078   778  1221 I am_pause_activity: [0,368830383,com.cyanogenmod.trebuchet/com.android.launcher3.Launcher]
11-24 22:13:36.081   778  1221 I am_home_stack_moved: [0,0,1,1,startedActivity setFocusedActivity]
11-24 22:13:36.084   778  1221 I am_focused_activity: [0,io.github.izzyleung.zhihudailypurify/.ui.activity.MainActivity]
11-24 22:13:36.102  1250  1250 I am_on_paused_called: [0,com.android.launcher3.Launcher]
11-24 22:13:36.114   778  1267 I am_restart_activity: [0,524158587,99,io.github.izzyleung.zhihudailypurify/.ui.activity.MainActivity]
11-24 22:13:36.170  2733  2733 I am_on_resume_called: [0,io.github.izzyleung.zhihudailypurify.ui.activity.MainActivity]
11-24 22:13:36.281   778   806 I am_activity_launch_time: [0,524158587,io.github.izzyleung.zhihudailypurify/.ui.activity.MainActivity,179,179]
11-24 22:13:36.592   190   190 I sf_frame_dur: [com.cyanogenmod.trebuchet/com.android.launcher3.Launcher,0,0,0,1,0,0,1]
11-24 22:13:41.531   778  1221 I am_home_stack_moved: [0,0,1,1,sourceStackToFront]
11-24 22:13:41.531   778  1221 I wm_task_moved: [99,1,0]
11-24 22:13:41.537   778  1221 I am_create_activity: [0,961305478,99,io.github.izzyleung.zhihudailypurify/.ui.activity.PickDateActivity,NULL,NULL,NULL,0]
11-24 22:13:41.542   778  1221 I am_pause_activity: [0,524158587,io.github.izzyleung.zhihudailypurify/.ui.activity.MainActivity]
11-24 22:13:41.547   778  1221 I am_home_stack_moved: [0,0,1,1,startedActivity setFocusedActivity]
11-24 22:13:41.549   778  1221 I am_focused_activity: [0,io.github.izzyleung.zhihudailypurify/.ui.activity.PickDateActivity]
11-24 22:13:41.557  2733  2733 I am_on_paused_called: [0,io.github.izzyleung.zhihudailypurify.ui.activity.MainActivity]
11-24 22:13:41.560   778   989 I am_restart_activity: [0,961305478,99,io.github.izzyleung.zhihudailypurify/.ui.activity.PickDateActivity]
11-24 22:13:41.637  2733  2733 I am_on_resume_called: [0,io.github.izzyleung.zhihudailypurify.ui.activity.PickDateActivity]
11-24 22:13:41.927   778   806 I am_activity_launch_time: [0,961305478,io.github.izzyleung.zhihudailypurify/.ui.activity.PickDateActivity,369,369]
11-24 22:13:42.939   778   795 I am_finish_activity: [0,961305478,99,io.github.izzyleung.zhihudailypurify/.ui.activity.PickDateActivity,app-request]
11-24 22:13:42.939   778   795 I am_home_stack_moved: [0,0,1,1,finishActivity adjustTopFocus setFocusedActivity]
11-24 22:13:42.940   778   795 I am_focused_activity: [0,io.github.izzyleung.zhihudailypurify/.ui.activity.MainActivity]
11-24 22:13:42.940   778   795 I am_pause_activity: [0,961305478,io.github.izzyleung.zhihudailypurify/.ui.activity.PickDateActivity]
11-24 22:13:42.945  2733  2733 I am_on_paused_called: [0,io.github.izzyleung.zhihudailypurify.ui.activity.PickDateActivity]
11-24 22:13:42.946   778  1221 I am_resume_activity: [0,524158587,99,io.github.izzyleung.zhihudailypurify/.ui.activity.MainActivity]
11-24 22:13:42.972  2733  2733 I am_on_resume_called: [0,io.github.izzyleung.zhihudailypurify.ui.activity.MainActivity]
11-24 22:13:43.331   778   799 I am_destroy_activity: [0,961305478,99,io.github.izzyleung.zhihudailypurify/.ui.activity.PickDateActivity,finish-imm]
11-24 22:13:44.099   778  1221 I am_finish_activity: [0,524158587,99,io.github.izzyleung.zhihudailypurify/.ui.activity.MainActivity,app-request]
11-24 22:13:44.116   778  1221 I am_home_stack_moved: [0,1,0,0,finishActivity adjustFocus]
11-24 22:13:44.116   778  1221 I wm_task_moved: [1,1,0]
11-24 22:13:44.124   778  1221 I am_home_stack_moved: [0,1,0,0,finishActivity adjustTopFocus setFocusedActivity]
11-24 22:13:44.127   778  1221 I am_focused_activity: [0,com.cyanogenmod.trebuchet/com.android.launcher3.Launcher]
11-24 22:13:44.148   778  1221 I am_pause_activity: [0,524158587,io.github.izzyleung.zhihudailypurify/.ui.activity.MainActivity]
11-24 22:13:44.155  2733  2733 I am_on_paused_called: [0,io.github.izzyleung.zhihudailypurify.ui.activity.MainActivity]
11-24 22:13:44.166   778  1219 I am_resume_activity: [0,368830383,1,com.cyanogenmod.trebuchet/com.android.launcher3.Launcher]
11-24 22:13:44.180  1250  1250 I am_on_resume_called: [0,com.android.launcher3.Launcher]
11-24 22:13:44.470   778   799 I am_destroy_activity: [0,524158587,99,io.github.izzyleung.zhihudailypurify/.ui.activity.MainActivity,finish-imm]
11-24 22:13:44.655   778   806 I wm_task_removed: [99,removeAppToken: last token]
11-24 22:13:44.655   778   806 I wm_task_removed: [99,removeTask]
11-24 22:13:47.384   778  1220 I am_home_stack_moved: [0,0,1,1,startingNewTask]
11-24 22:13:47.384   778  1220 I am_create_task: [0,100]
11-24 22:13:47.384   778  1220 I am_create_activity: [0,1027980226,100,io.github.izzyleung.zhihudailypurify/.ui.activity.MainActivity,android.intent.action.MAIN,NULL,NULL,270532608]
11-24 22:13:47.385   778  1220 I wm_task_created: [100,1]
11-24 22:13:47.385   778  1220 I wm_task_moved: [100,1,0]
11-24 22:13:47.390   778  1220 I am_pause_activity: [0,368830383,com.cyanogenmod.trebuchet/com.android.launcher3.Launcher]
11-24 22:13:47.394   778  1220 I am_home_stack_moved: [0,0,1,1,startedActivity setFocusedActivity]
11-24 22:13:47.397   778  1220 I am_focused_activity: [0,io.github.izzyleung.zhihudailypurify/.ui.activity.MainActivity]
11-24 22:13:47.413  1250  1250 I am_on_paused_called: [0,com.android.launcher3.Launcher]
11-24 22:13:47.424   778  1267 I am_restart_activity: [0,1027980226,100,io.github.izzyleung.zhihudailypurify/.ui.activity.MainActivity]
11-24 22:13:47.475  2733  2733 I am_on_resume_called: [0,io.github.izzyleung.zhihudailypurify.ui.activity.MainActivity]
11-24 22:13:47.584   778   806 I am_activity_launch_time: [0,1027980226,io.github.izzyleung.zhihudailypurify/.ui.activity.MainActivity,171,171]
11-24 22:13:47.901   190   190 I sf_frame_dur: [com.cyanogenmod.trebuchet/com.android.launcher3.Launcher,0,0,0,1,0,0,1]
11-24 22:13:52.811   778  1280 I am_home_stack_moved: [0,0,1,1,sourceStackToFront]
11-24 22:13:52.811   778  1280 I wm_task_moved: [100,1,0]
11-24 22:13:52.818   778  1280 I am_create_activity: [0,628252025,100,io.github.izzyleung.zhihudailypurify/.ui.activity.PickDateActivity,NULL,NULL,NULL,0]
11-24 22:13:52.820   778  1280 I am_pause_activity: [0,1027980226,io.github.izzyleung.zhihudailypurify/.ui.activity.MainActivity]
11-24 22:13:52.823   778  1280 I am_home_stack_moved: [0,0,1,1,startedActivity setFocusedActivity]
11-24 22:13:52.825   778  1280 I am_focused_activity: [0,io.github.izzyleung.zhihudailypurify/.ui.activity.PickDateActivity]
11-24 22:13:52.835  2733  2733 I am_on_paused_called: [0,io.github.izzyleung.zhihudailypurify.ui.activity.MainActivity]
11-24 22:13:52.836   778   795 I am_restart_activity: [0,628252025,100,io.github.izzyleung.zhihudailypurify/.ui.activity.PickDateActivity]
11-24 22:13:52.894  2733  2733 I am_on_resume_called: [0,io.github.izzyleung.zhihudailypurify.ui.activity.PickDateActivity]
11-24 22:13:53.233   778   806 I am_activity_launch_time: [0,628252025,io.github.izzyleung.zhihudailypurify/.ui.activity.PickDateActivity,398,398]
11-24 22:13:54.243   778  1221 I am_finish_activity: [0,628252025,100,io.github.izzyleung.zhihudailypurify/.ui.activity.PickDateActivity,app-request]
11-24 22:13:54.244   778  1221 I am_home_stack_moved: [0,0,1,1,finishActivity adjustTopFocus setFocusedActivity]
11-24 22:13:54.244   778  1221 I am_focused_activity: [0,io.github.izzyleung.zhihudailypurify/.ui.activity.MainActivity]
11-24 22:13:54.245   778  1221 I am_pause_activity: [0,628252025,io.github.izzyleung.zhihudailypurify/.ui.activity.PickDateActivity]
11-24 22:13:54.252  2733  2733 I am_on_paused_called: [0,io.github.izzyleung.zhihudailypurify.ui.activity.PickDateActivity]
11-24 22:13:54.253   778   794 I am_resume_activity: [0,1027980226,100,io.github.izzyleung.zhihudailypurify/.ui.activity.MainActivity]
11-24 22:13:54.281  2733  2733 I am_on_resume_called: [0,io.github.izzyleung.zhihudailypurify.ui.activity.MainActivity]
11-24 22:13:54.637   778   799 I am_destroy_activity: [0,628252025,100,io.github.izzyleung.zhihudailypurify/.ui.activity.PickDateActivity,finish-imm]
11-24 22:13:55.412   778  1280 I am_finish_activity: [0,1027980226,100,io.github.izzyleung.zhihudailypurify/.ui.activity.MainActivity,app-request]
11-24 22:13:55.418   778  1280 I am_home_stack_moved: [0,1,0,0,finishActivity adjustFocus]
11-24 22:13:55.419   778  1280 I wm_task_moved: [1,1,0]
11-24 22:13:55.435   778  1280 I am_home_stack_moved: [0,1,0,0,finishActivity adjustTopFocus setFocusedActivity]
11-24 22:13:55.444   778  1280 I am_focused_activity: [0,com.cyanogenmod.trebuchet/com.android.launcher3.Launcher]
11-24 22:13:55.460   778  1280 I am_pause_activity: [0,1027980226,io.github.izzyleung.zhihudailypurify/.ui.activity.MainActivity]
11-24 22:13:55.463  2733  2733 I am_on_paused_called: [0,io.github.izzyleung.zhihudailypurify.ui.activity.MainActivity]
11-24 22:13:55.474   778  1155 I am_resume_activity: [0,368830383,1,com.cyanogenmod.trebuchet/com.android.launcher3.Launcher]
11-24 22:13:55.486  1250  1250 I am_on_resume_called: [0,com.android.launcher3.Launcher]
11-24 22:13:55.776   778   799 I am_destroy_activity: [0,1027980226,100,io.github.izzyleung.zhihudailypurify/.ui.activity.MainActivity,finish-imm]
11-24 22:13:55.945   778   806 I wm_task_removed: [100,removeAppToken: last token]
11-24 22:13:55.945   778   806 I wm_task_removed: [100,removeTask]
11-24 22:13:58.612   778   989 I am_home_stack_moved: [0,0,1,1,startingNewTask]
11-24 22:13:58.612   778   989 I am_create_task: [0,101]
11-24 22:13:58.612   778   989 I am_create_activity: [0,598390949,101,io.github.izzyleung.zhihudailypurify/.ui.activity.MainActivity,android.intent.action.MAIN,NULL,NULL,270532608]
11-24 22:13:58.613   778   989 I wm_task_created: [101,1]
11-24 22:13:58.613   778   989 I wm_task_moved: [101,1,0]
11-24 22:13:58.617   778   989 I am_pause_activity: [0,368830383,com.cyanogenmod.trebuchet/com.android.launcher3.Launcher]
11-24 22:13:58.621   778   989 I am_home_stack_moved: [0,0,1,1,startedActivity setFocusedActivity]
11-24 22:13:58.623   778   989 I am_focused_activity: [0,io.github.izzyleung.zhihudailypurify/.ui.activity.MainActivity]
11-24 22:13:58.636  1250  1250 I am_on_paused_called: [0,com.android.launcher3.Launcher]
11-24 22:13:58.644   778   794 I am_restart_activity: [0,598390949,101,io.github.izzyleung.zhihudailypurify/.ui.activity.MainActivity]
11-24 22:13:58.648   778   799 I dvm_lock_sample: [system_server,1,ActivityManager,11,ActivityStackSupervisor.java,3544,ActivityManagerService.java,6460,2]
11-24 22:13:58.711  2733  2733 I am_on_resume_called: [0,io.github.izzyleung.zhihudailypurify.ui.activity.MainActivity]
11-24 22:13:58.850   778   806 I am_activity_launch_time: [0,598390949,io.github.izzyleung.zhihudailypurify/.ui.activity.MainActivity,209,209]
11-24 22:13:59.123   190   190 I sf_frame_dur: [com.cyanogenmod.trebuchet/com.android.launcher3.Launcher,0,0,0,1,0,0,1]
11-24 22:14:04.085   778  1155 I am_home_stack_moved: [0,0,1,1,sourceStackToFront]
11-24 22:14:04.085   778  1155 I wm_task_moved: [101,1,0]
11-24 22:14:04.093   778  1155 I am_create_activity: [0,810777528,101,io.github.izzyleung.zhihudailypurify/.ui.activity.PickDateActivity,NULL,NULL,NULL,0]
11-24 22:14:04.096   778  1155 I am_pause_activity: [0,598390949,io.github.izzyleung.zhihudailypurify/.ui.activity.MainActivity]
11-24 22:14:04.099   778  1155 I am_home_stack_moved: [0,0,1,1,startedActivity setFocusedActivity]
11-24 22:14:04.102   778  1155 I am_focused_activity: [0,io.github.izzyleung.zhihudailypurify/.ui.activity.PickDateActivity]
11-24 22:14:04.111  2733  2733 I am_on_paused_called: [0,io.github.izzyleung.zhihudailypurify.ui.activity.MainActivity]
11-24 22:14:04.112   778  1280 I am_restart_activity: [0,810777528,101,io.github.izzyleung.zhihudailypurify/.ui.activity.PickDateActivity]
11-24 22:14:04.203  2733  2733 I am_on_resume_called: [0,io.github.izzyleung.zhihudailypurify.ui.activity.PickDateActivity]
11-24 22:14:04.482   778   806 I am_activity_launch_time: [0,810777528,io.github.izzyleung.zhihudailypurify/.ui.activity.PickDateActivity,371,371]
11-24 22:14:05.499   778   989 I am_finish_activity: [0,810777528,101,io.github.izzyleung.zhihudailypurify/.ui.activity.PickDateActivity,app-request]
11-24 22:14:05.500   778   989 I am_home_stack_moved: [0,0,1,1,finishActivity adjustTopFocus setFocusedActivity]
11-24 22:14:05.501   778   989 I am_focused_activity: [0,io.github.izzyleung.zhihudailypurify/.ui.activity.MainActivity]
11-24 22:14:05.501   778   989 I am_pause_activity: [0,810777528,io.github.izzyleung.zhihudailypurify/.ui.activity.PickDateActivity]
11-24 22:14:05.510  2733  2733 I am_on_paused_called: [0,io.github.izzyleung.zhihudailypurify.ui.activity.PickDateActivity]
11-24 22:14:05.511   778  1280 I am_resume_activity: [0,598390949,101,io.github.izzyleung.zhihudailypurify/.ui.activity.MainActivity]
11-24 22:14:05.528  2733  2733 I am_on_resume_called: [0,io.github.izzyleung.zhihudailypurify.ui.activity.MainActivity]
11-24 22:14:05.894   778   799 I am_destroy_activity: [0,810777528,101,io.github.izzyleung.zhihudailypurify/.ui.activity.PickDateActivity,finish-imm]
11-24 22:14:06.676   778  1212 I am_finish_activity: [0,598390949,101,io.github.izzyleung.zhihudailypurify/.ui.activity.MainActivity,app-request]
11-24 22:14:06.683   778  1212 I am_home_stack_moved: [0,1,0,0,finishActivity adjustFocus]
11-24 22:14:06.687   778  1212 I wm_task_moved: [1,1,0]
11-24 22:14:06.690   778  1212 I am_home_stack_moved: [0,1,0,0,finishActivity adjustTopFocus setFocusedActivity]
11-24 22:14:06.693   778  1212 I am_focused_activity: [0,com.cyanogenmod.trebuchet/com.android.launcher3.Launcher]
11-24 22:14:06.709   778  1212 I am_pause_activity: [0,598390949,io.github.izzyleung.zhihudailypurify/.ui.activity.MainActivity]
11-24 22:14:06.714  2733  2733 I am_on_paused_called: [0,io.github.izzyleung.zhihudailypurify.ui.activity.MainActivity]
11-24 22:14:06.727   778  1267 I am_resume_activity: [0,368830383,1,com.cyanogenmod.trebuchet/com.android.launcher3.Launcher]
11-24 22:14:06.740  1250  1250 I am_on_resume_called: [0,com.android.launcher3.Launcher]
11-24 22:14:07.034   778   799 I am_destroy_activity: [0,598390949,101,io.github.izzyleung.zhihudailypurify/.ui.activity.MainActivity,finish-imm]
11-24 22:14:07.219   778   806 I wm_task_removed: [101,removeAppToken: last token]
11-24 22:14:07.219   778   806 I wm_task_removed: [101,removeTask]
11-24 22:14:09.925   778   989 I am_home_stack_moved: [0,0,1,1,startingNewTask]
11-24 22:14:09.925   778   989 I am_create_task: [0,102]
11-24 22:14:09.925   778   989 I am_create_activity: [0,236168596,102,io.github.izzyleung.zhihudailypurify/.ui.activity.MainActivity,android.intent.action.MAIN,NULL,NULL,270532608]
11-24 22:14:09.929   778   989 I wm_task_created: [102,1]
11-24 22:14:09.929   778   989 I wm_task_moved: [102,1,0]
11-24 22:14:09.938   778   989 I am_pause_activity: [0,368830383,com.cyanogenmod.trebuchet/com.android.launcher3.Launcher]
11-24 22:14:09.940   778   989 I am_home_stack_moved: [0,0,1,1,startedActivity setFocusedActivity]
11-24 22:14:09.942   778   989 I am_focused_activity: [0,io.github.izzyleung.zhihudailypurify/.ui.activity.MainActivity]
11-24 22:14:09.959  1250  1250 I am_on_paused_called: [0,com.android.launcher3.Launcher]
11-24 22:14:09.974   778  1212 I am_restart_activity: [0,236168596,102,io.github.izzyleung.zhihudailypurify/.ui.activity.MainActivity]
11-24 22:14:10.038  2733  2733 I am_on_resume_called: [0,io.github.izzyleung.zhihudailypurify.ui.activity.MainActivity]
11-24 22:14:10.155   778   806 I am_activity_launch_time: [0,236168596,io.github.izzyleung.zhihudailypurify/.ui.activity.MainActivity,194,194]
11-24 22:14:10.448   190   190 I sf_frame_dur: [com.cyanogenmod.trebuchet/com.android.launcher3.Launcher,0,0,0,1,0,0,1]
11-24 22:14:15.393   778  1280 I am_home_stack_moved: [0,0,1,1,sourceStackToFront]
11-24 22:14:15.393   778  1280 I wm_task_moved: [102,1,0]
11-24 22:14:15.398   778  1280 I am_create_activity: [0,587413875,102,io.github.izzyleung.zhihudailypurify/.ui.activity.PickDateActivity,NULL,NULL,NULL,0]
11-24 22:14:15.402   778  1280 I am_pause_activity: [0,236168596,io.github.izzyleung.zhihudailypurify/.ui.activity.MainActivity]
11-24 22:14:15.405   778  1280 I am_home_stack_moved: [0,0,1,1,startedActivity setFocusedActivity]
11-24 22:14:15.408   778  1280 I am_focused_activity: [0,io.github.izzyleung.zhihudailypurify/.ui.activity.PickDateActivity]
11-24 22:14:15.416  2733  2733 I am_on_paused_called: [0,io.github.izzyleung.zhihudailypurify.ui.activity.MainActivity]
11-24 22:14:15.417   778  1219 I am_restart_activity: [0,587413875,102,io.github.izzyleung.zhihudailypurify/.ui.activity.PickDateActivity]
11-24 22:14:15.503  2733  2733 I am_on_resume_called: [0,io.github.izzyleung.zhihudailypurify.ui.activity.PickDateActivity]
11-24 22:14:15.678   778   806 I am_activity_launch_time: [0,587413875,io.github.izzyleung.zhihudailypurify/.ui.activity.PickDateActivity,262,262]
11-24 22:14:16.735   778  1220 I am_finish_activity: [0,587413875,102,io.github.izzyleung.zhihudailypurify/.ui.activity.PickDateActivity,app-request]
11-24 22:14:16.735   778  1220 I am_home_stack_moved: [0,0,1,1,finishActivity adjustTopFocus setFocusedActivity]
11-24 22:14:16.736   778  1220 I am_focused_activity: [0,io.github.izzyleung.zhihudailypurify/.ui.activity.MainActivity]
11-24 22:14:16.736   778  1220 I am_pause_activity: [0,587413875,io.github.izzyleung.zhihudailypurify/.ui.activity.PickDateActivity]
11-24 22:14:16.750  2733  2733 I am_on_paused_called: [0,io.github.izzyleung.zhihudailypurify.ui.activity.PickDateActivity]
11-24 22:14:16.752   778   794 I am_resume_activity: [0,236168596,102,io.github.izzyleung.zhihudailypurify/.ui.activity.MainActivity]
11-24 22:14:16.775  2733  2733 I am_on_resume_called: [0,io.github.izzyleung.zhihudailypurify.ui.activity.MainActivity]
11-24 22:14:17.135   778   799 I am_destroy_activity: [0,587413875,102,io.github.izzyleung.zhihudailypurify/.ui.activity.PickDateActivity,finish-imm]
11-24 22:14:17.902   778   794 I am_finish_activity: [0,236168596,102,io.github.izzyleung.zhihudailypurify/.ui.activity.MainActivity,app-request]
11-24 22:14:17.904   778   794 I am_home_stack_moved: [0,1,0,0,finishActivity adjustFocus]
11-24 22:14:17.904   778   794 I wm_task_moved: [1,1,0]
11-24 22:14:17.907   778   794 I am_home_stack_moved: [0,1,0,0,finishActivity adjustTopFocus setFocusedActivity]
11-24 22:14:17.909   778   794 I am_focused_activity: [0,com.cyanogenmod.trebuchet/com.android.launcher3.Launcher]
11-24 22:14:17.925   778   794 I am_pause_activity: [0,236168596,io.github.izzyleung.zhihudailypurify/.ui.activity.MainActivity]
11-24 22:14:17.929  2733  2733 I am_on_paused_called: [0,io.github.izzyleung.zhihudailypurify.ui.activity.MainActivity]
11-24 22:14:17.942   778  1280 I am_resume_activity: [0,368830383,1,com.cyanogenmod.trebuchet/com.android.launcher3.Launcher]
11-24 22:14:17.960  1250  1250 I am_on_resume_called: [0,com.android.launcher3.Launcher]
11-24 22:14:18.258   778   799 I am_destroy_activity: [0,236168596,102,io.github.izzyleung.zhihudailypurify/.ui.activity.MainActivity,finish-imm]
11-24 22:14:18.426   778   806 I wm_task_removed: [102,removeAppToken: last token]
11-24 22:14:18.426   778   806 I wm_task_removed: [102,removeTask]
11-24 22:14:21.187   778  1212 I am_home_stack_moved: [0,0,1,1,startingNewTask]
11-24 22:14:21.187   778  1212 I am_create_task: [0,103]
11-24 22:14:21.187   778  1212 I am_create_activity: [0,973534399,103,io.github.izzyleung.zhihudailypurify/.ui.activity.MainActivity,android.intent.action.MAIN,NULL,NULL,270532608]
11-24 22:14:21.188   778  1212 I wm_task_created: [103,1]
11-24 22:14:21.188   778  1212 I wm_task_moved: [103,1,0]
11-24 22:14:21.194   778  1212 I am_pause_activity: [0,368830383,com.cyanogenmod.trebuchet/com.android.launcher3.Launcher]
11-24 22:14:21.199   778  1212 I am_home_stack_moved: [0,0,1,1,startedActivity setFocusedActivity]
11-24 22:14:21.201   778  1212 I am_focused_activity: [0,io.github.izzyleung.zhihudailypurify/.ui.activity.MainActivity]
11-24 22:14:21.215  1250  1250 I am_on_paused_called: [0,com.android.launcher3.Launcher]
11-24 22:14:21.221   778  1218 I am_restart_activity: [0,973534399,103,io.github.izzyleung.zhihudailypurify/.ui.activity.MainActivity]
11-24 22:14:21.291  2733  2733 I am_on_resume_called: [0,io.github.izzyleung.zhihudailypurify.ui.activity.MainActivity]
11-24 22:14:21.405   778   806 I am_activity_launch_time: [0,973534399,io.github.izzyleung.zhihudailypurify/.ui.activity.MainActivity,189,189]
11-24 22:14:21.706   190   190 I sf_frame_dur: [com.cyanogenmod.trebuchet/com.android.launcher3.Launcher,0,0,1,0,0,0,1]
11-24 22:14:26.613   778  1219 I am_home_stack_moved: [0,0,1,1,sourceStackToFront]
11-24 22:14:26.613   778  1219 I wm_task_moved: [103,1,0]
11-24 22:14:26.624   778  1219 I am_create_activity: [0,1007316634,103,io.github.izzyleung.zhihudailypurify/.ui.activity.PickDateActivity,NULL,NULL,NULL,0]
11-24 22:14:26.626   778  1219 I am_pause_activity: [0,973534399,io.github.izzyleung.zhihudailypurify/.ui.activity.MainActivity]
11-24 22:14:26.636   778  1219 I am_home_stack_moved: [0,0,1,1,startedActivity setFocusedActivity]
11-24 22:14:26.637   778  1219 I am_focused_activity: [0,io.github.izzyleung.zhihudailypurify/.ui.activity.PickDateActivity]
11-24 22:14:26.641  2733  2733 I am_on_paused_called: [0,io.github.izzyleung.zhihudailypurify.ui.activity.MainActivity]
11-24 22:14:26.643   778  1218 I am_restart_activity: [0,1007316634,103,io.github.izzyleung.zhihudailypurify/.ui.activity.PickDateActivity]
11-24 22:14:26.704  2733  2733 I am_on_resume_called: [0,io.github.izzyleung.zhihudailypurify.ui.activity.PickDateActivity]
11-24 22:14:27.010   778   806 I am_activity_launch_time: [0,1007316634,io.github.izzyleung.zhihudailypurify/.ui.activity.PickDateActivity,369,369]
11-24 22:14:28.022   778   795 I am_finish_activity: [0,1007316634,103,io.github.izzyleung.zhihudailypurify/.ui.activity.PickDateActivity,app-request]
11-24 22:14:28.023   778   795 I am_home_stack_moved: [0,0,1,1,finishActivity adjustTopFocus setFocusedActivity]
11-24 22:14:28.025   778   795 I am_focused_activity: [0,io.github.izzyleung.zhihudailypurify/.ui.activity.MainActivity]
11-24 22:14:28.025   778   795 I am_pause_activity: [0,1007316634,io.github.izzyleung.zhihudailypurify/.ui.activity.PickDateActivity]
11-24 22:14:28.028  2733  2733 I am_on_paused_called: [0,io.github.izzyleung.zhihudailypurify.ui.activity.PickDateActivity]
11-24 22:14:28.029   778  1212 I am_resume_activity: [0,973534399,103,io.github.izzyleung.zhihudailypurify/.ui.activity.MainActivity]
11-24 22:14:28.052  2733  2733 I am_on_resume_called: [0,io.github.izzyleung.zhihudailypurify.ui.activity.MainActivity]
