11-24 21:54:53.612  1229  1229 D IccCardProxy: broadcastIccStateChangedIntent intent ACTION_SIM_STATE_CHANGED value=LOADED reason=null for mPhoneId=0
11-24 21:54:53.621   778   798 D TelephonyManager: getTelephonyProperty: return propVal='46001' phoneId=0 property='gsm.sim.operator.numeric' defaultVal='' prop=46001
11-24 21:54:53.624   778   798 D TelephonyManager: getTelephonyProperty: return propVal='null' phoneId=0 property='gsm.operator.numeric' defaultVal='' prop=
11-24 21:54:53.629  1229  1229 D SubscriptionInfoUpdater: [Receiver]+
11-24 21:54:53.629  1229  1229 D SubscriptionInfoUpdater: Action: android.intent.action.SIM_STATE_CHANGED
11-24 21:54:53.629  1229  1229 D SubscriptionInfoUpdater: slotId: 0
11-24 21:54:53.629  1229  1229 D SubscriptionInfoUpdater: simStatus: READY
11-24 21:54:53.629  1229  1229 D SubscriptionInfoUpdater: slotId: 0 simStatus: READY
11-24 21:54:53.629  1229  1229 D PhoneBase: getIccFileHandler: fh=Handler (com.android.internal.telephony.uicc.UsimFileHandler) {3ce7fc22}
11-24 21:54:53.629  1229  1229 D SubscriptionInfoUpdater: [Receiver]-
11-24 21:54:53.634  1229  1229 D PhoneBase: Get callforwarding info from perferences
11-24 21:54:53.634  1229  1229 D GSMPhone: Callforwarding is false
11-24 21:54:53.634  1229  1229 D PhoneProxy: [PhoneProxy] phoneObjectUpdater: newVoiceRadioTech=0
11-24 21:54:53.634  1229  1229 D PhoneProxy: [PhoneProxy] phoneObjectUpdater: volteReplacementRat=0
11-24 21:54:53.634  1229  1229 E PhoneProxy: [PhoneProxy] phoneObjectUpdater: newVoiceRadioTech=0 doesn't match either CDMA or GSM - error! No phone change
11-24 21:54:53.634  1229  1229 D SubscriptionController: onReceive Intent { act=android.provider.Telephony.SPN_STRINGS_UPDATED flg=0x10 (has extras) }
11-24 21:54:53.634  1229  1229 D SubscriptionController: [setCarrierText]+ text:No service. subId:1
11-24 21:54:53.635  1229  1245 D SubscriptionController: getSimStateForSubscriber:  simState=READY ordinal=5
11-24 21:54:53.640  1229  1246 D SubscriptionController: getSimStateForSubscriber:  simState=READY ordinal=5
11-24 21:54:53.646  1229  1229 D SubscriptionController: notifySubscriptionInfoChanged:
11-24 21:54:53.647   778   778 D TelephonyManager: getTelephonyProperty: return propVal='46001' phoneId=0 property='gsm.sim.operator.numeric' defaultVal='' prop=46001
11-24 21:54:53.651  1229  1229 D SubscriptionInfoUpdater: [Receiver]+
11-24 21:54:53.651  1229  1229 D SubscriptionInfoUpdater: Action: android.intent.action.SIM_STATE_CHANGED
11-24 21:54:53.651  1229  1229 D SubscriptionInfoUpdater: slotId: 0
11-24 21:54:53.651  1229  1229 D SubscriptionInfoUpdater: simStatus: LOADED
11-24 21:54:53.651  1229  1229 D SubscriptionInfoUpdater: slotId: 0 simStatus: LOADED
11-24 21:54:53.651  1229  1229 D SubscriptionInfoUpdater: [Receiver]-
11-24 21:54:53.651   778   778 D TelephonyManager: getTelephonyProperty: return propVal='null' phoneId=0 property='gsm.operator.numeric' defaultVal='' prop=
11-24 21:54:53.654  1229  1229 D DctController: onSubInfoReady mPhoneNum=1
11-24 21:54:53.654  1229  1229 D DctController: onSubInfoReady handle pending requests subId=1
11-24 21:54:53.654  1229  1229 D DctController: [TNF 1]evalPendingRequest, pending request size is 0
11-24 21:54:53.654  1229  1229 D DctController: processRequests
11-24 21:54:53.654  1229  1561 D DctController: handleMessage msg={ when=0 what=100 target=com.android.internal.telephony.dataconnection.DctController }
11-24 21:54:53.654  1229  1229 E PhoneBase: Error! unregisterForCallWaiting() in PhoneBase should not be called, CDMAPhone inactive.
11-24 21:54:53.654  1229  1561 D DctController: selectExecPhone requestInfo = [ request=NetworkRequest [ id=1, legacyType=-1, [ Capabilities: INTERNET&NOT_RESTRICTED&TRUSTED&NOT_VPN] ], executed=false, priority=0]
11-24 21:54:53.654  1229  1561 D DctController: getTopPriorityRequestPhoneId = 0, priority = 0
11-24 21:54:53.654  1229  1561 D DcSwitchAsyncChannel: [DcSwitchAsyncChannel-0]: rspIsIdle=false
11-24 21:54:53.654  1229  1561 D DctController: onProcessRequest phoneId=0, activePhoneId=0
11-24 21:54:53.654  1229  1563 D DcSwitchSM: [DcSwitchStateMachine-0] AttachingState: REQ_CONNECT
11-24 21:54:53.654  1229  1561 D DcSwitchAsyncChannel: [DcSwitchAsyncChannel-0]: rspConnect=1
11-24 21:54:53.658  1229  1229 D TelephonyManager: getTelephonyProperty: return propVal='null' phoneId=0 property='gsm.operator.alpha' defaultVal='' prop=
11-24 21:54:53.670  1229  1229 E PhoneBase: Error! registerForCallWaiting() in PhoneBase should not be called, CDMAPhone inactive.
11-24 21:54:53.682  1229  1229 D GsmSST  : [GsmSST] SubscriptionListener.onSubscriptionInfoChanged
11-24 21:54:53.682  1229  1229 D GsmDCT  : [0]SubscriptionListener.onSubscriptionInfoChanged
11-24 21:54:53.683  1229  1229 D ModemStackController: Received ACTION_SUBINFO_CONTENT_CHANGE on subId: -1for null intValue: 0
11-24 21:54:53.683  1229  1229 D DctController: got ACTION_SUBINFO_RECORD_UPDATED
11-24 21:54:53.683  1229  1229 D DctController: [TNF 1]update networkCapabilites for subId = 1
11-24 21:54:53.683  1229  1229 D SubscriptionController: [getActiveSubInfoList]+
11-24 21:54:53.683  1229  1229 D SubscriptionController: selection:sim_id>=0 null
11-24 21:54:53.686  1229  1229 D TelephonyManager: getTelephonyProperty: return propVal='cn' phoneId=0 property='gsm.sim.operator.iso-country' defaultVal='' prop=cn
11-24 21:54:53.686  1229  1229 D SubscriptionController: [getSubInfoRecord] id:1 iccid:DUMMY_NV_ID simSlotIndex:0 displayName:CARD 1 nameSource:0 iconTint:-16746133 dataRoaming:0 mcc:460 mnc:1 countIso:cn status:1 nwMode:10
11-24 21:54:53.688  1229  1229 D SubscriptionController: [getActiveSubInfoList]- 1 infos return
11-24 21:54:53.688  1229  1229 D SubscriptionController: [getActiveSubInfoForSubscriber]+ subId=1 subInfo={id=1, iccId=DUMMY_NV_ID simSlotIndex=0 displayName=CARD 1 carrierName=No service. nameSource=0 iconTint=-16746133 dataRoaming=0 iconBitmap=android.graphics.Bitmap@4e508c7 mcc 460 mnc 1 mSubStatus=1 mNwMode=10}
11-24 21:54:53.688  1229  1229 D DctController: [TNF 1]INTERNET capability is with subId = 1
11-24 21:54:53.688  1229  1229 D SubscriptionController: registerForOnDemandDdsLockNotification for client=1
11-24 21:54:53.688  1229  1229 D DctController: [TNF 1]Ready to handle network requests
11-24 21:54:53.688  1229  1229 E IccCardProxy: setExternalState: set mPhoneId=0 mExternalState=READY
11-24 21:54:53.688  1229  1229 D TelephonyManager: setTelephonyProperty: success phoneId=0 property=gsm.sim.state value: READY propVal=READY
11-24 21:54:53.689  1229  1229 D IccCardProxy: broadcastIccStateChangedIntent intent ACTION_SIM_STATE_CHANGED value=READY reason=null for mPhoneId=0
11-24 21:54:53.689  1229  1229 D SubscriptionInfoUpdater: handleSimStateLoadedInternal: slotId: 0
11-24 21:54:53.690  1229  1229 D TelephonyManager: getTelephonyProperty: return propVal='46001' phoneId=0 property='gsm.sim.operator.numeric' defaultVal='' prop=46001
11-24 21:54:53.691   778   798 D TelephonyManager: getTelephonyProperty: return propVal='46001' phoneId=0 property='gsm.sim.operator.numeric' defaultVal='' prop=46001
11-24 21:54:53.693  1229  1229 D SubscriptionController: [setMccMnc]+ mcc/mnc:460/1 subId:1
11-24 21:54:53.693   778   798 D TelephonyManager: getTelephonyProperty: return propVal='null' phoneId=0 property='gsm.operator.numeric' defaultVal='' prop=
11-24 21:54:53.706  1229  1229 D SubscriptionController: notifySubscriptionInfoChanged:
11-24 21:54:53.707   778   778 D TelephonyManager: getTelephonyProperty: return propVal='46001' phoneId=0 property='gsm.sim.operator.numeric' defaultVal='' prop=46001
11-24 21:54:53.711   778   778 D TelephonyManager: getTelephonyProperty: return propVal='null' phoneId=0 property='gsm.operator.numeric' defaultVal='' prop=
11-24 21:54:53.722  1229  1229 D SubscriptionController: [getActiveSubInfoList]+
11-24 21:54:53.722  1229  1229 D SubscriptionController: selection:sim_id>=0 null
11-24 21:54:53.725  1229  1229 D TelephonyManager: getTelephonyProperty: return propVal='cn' phoneId=0 property='gsm.sim.operator.iso-country' defaultVal='' prop=cn
11-24 21:54:53.725  1229  1229 D SubscriptionController: [getSubInfoRecord] id:1 iccid:DUMMY_NV_ID simSlotIndex:0 displayName:CARD 1 nameSource:0 iconTint:-16746133 dataRoaming:0 mcc:460 mnc:1 countIso:cn status:1 nwMode:10
11-24 21:54:53.726  1229  1229 D SubscriptionController: [getActiveSubInfoList]- 1 infos return
11-24 21:54:53.726  1229  1229 D SubscriptionController: [getActiveSubInfoForSubscriber]+ subId=1 subInfo={id=1, iccId=DUMMY_NV_ID simSlotIndex=0 displayName=CARD 1 carrierName=No service. nameSource=0 iconTint=-16746133 dataRoaming=0 iconBitmap=android.graphics.Bitmap@3902661d mcc 460 mnc 1 mSubStatus=1 mNwMode=10}
11-24 21:54:53.726  1229  1229 D TelephonyManager: getTelephonyProperty: return propVal='null' phoneId=0 property='gsm.sim.operator.alpha' defaultVal='' prop=
11-24 21:54:53.726  1229  1229 D SubscriptionInfoUpdater: sim name = CARD 1
11-24 21:54:53.760  1229  1229 D SubscriptionInfoUpdater: [Receiver]+
11-24 21:54:53.760  1229  1229 D SubscriptionInfoUpdater: Action: android.intent.action.SIM_STATE_CHANGED
11-24 21:54:53.760  1229  1229 D SubscriptionInfoUpdater: slotId: 0
11-24 21:54:53.760  1229  1229 D SubscriptionInfoUpdater: simStatus: READY
11-24 21:54:53.760  1229  1229 D SubscriptionInfoUpdater: slotId: 0 simStatus: READY
11-24 21:54:53.760  1229  1229 D PhoneBase: getIccFileHandler: fh=Handler (com.android.internal.telephony.uicc.UsimFileHandler) {3ce7fc22}
11-24 21:54:53.760  1229  1229 D SubscriptionInfoUpdater: [Receiver]-
11-24 21:54:53.763  1229  1229 D DctController: onSubInfoReady mPhoneNum=1
11-24 21:54:53.763  1229  1229 D DctController: onSubInfoReady handle pending requests subId=1
11-24 21:54:53.763  1229  1229 D DctController: [TNF 1]evalPendingRequest, pending request size is 0
11-24 21:54:53.763  1229  1229 D DctController: processRequests
11-24 21:54:53.763  1229  1561 D DctController: handleMessage msg={ when=0 what=100 target=com.android.internal.telephony.dataconnection.DctController }
11-24 21:54:53.763  1229  1561 D DctController: selectExecPhone requestInfo = [ request=NetworkRequest [ id=1, legacyType=-1, [ Capabilities: INTERNET&NOT_RESTRICTED&TRUSTED&NOT_VPN] ], executed=false, priority=0]
11-24 21:54:53.763  1229  1561 D DctController: getTopPriorityRequestPhoneId = 0, priority = 0
11-24 21:54:53.763  1229  1229 E PhoneBase: Error! unregisterForCallWaiting() in PhoneBase should not be called, CDMAPhone inactive.
11-24 21:54:53.763  1229  1561 D DcSwitchAsyncChannel: [DcSwitchAsyncChannel-0]: rspIsIdle=false
11-24 21:54:53.764  1229  1561 D DctController: onProcessRequest phoneId=0, activePhoneId=0
11-24 21:54:53.764  1229  1563 D DcSwitchSM: [DcSwitchStateMachine-0] AttachingState: REQ_CONNECT
11-24 21:54:53.764  1229  1561 D DcSwitchAsyncChannel: [DcSwitchAsyncChannel-0]: rspConnect=1
11-24 21:54:53.766  1229  1229 D TelephonyManager: getTelephonyProperty: return propVal='null' phoneId=0 property='gsm.operator.alpha' defaultVal='' prop=
11-24 21:54:53.781  1229  1229 E PhoneBase: Error! registerForCallWaiting() in PhoneBase should not be called, CDMAPhone inactive.
11-24 21:54:53.784  1229  1229 D GsmSST  : [GsmSST] SubscriptionListener.onSubscriptionInfoChanged
11-24 21:54:53.784  1229  1229 D GsmDCT  : [0]SubscriptionListener.onSubscriptionInfoChanged
11-24 21:54:53.785  1229  1229 D ModemStackController: Received ACTION_SUBINFO_CONTENT_CHANGE on subId: -1for null intValue: 0
11-24 21:54:53.785  1229  1229 D DctController: got ACTION_SUBINFO_RECORD_UPDATED
11-24 21:54:53.785  1229  1229 D DctController: [TNF 1]update networkCapabilites for subId = 1
11-24 21:54:53.785  1229  1229 D SubscriptionController: [getActiveSubInfoList]+
11-24 21:54:53.785  1229  1229 D SubscriptionController: selection:sim_id>=0 null
11-24 21:54:53.789  1229  1229 D TelephonyManager: getTelephonyProperty: return propVal='cn' phoneId=0 property='gsm.sim.operator.iso-country' defaultVal='' prop=cn
11-24 21:54:53.789  1229  1229 D SubscriptionController: [getSubInfoRecord] id:1 iccid:DUMMY_NV_ID simSlotIndex:0 displayName:CARD 1 nameSource:0 iconTint:-16746133 dataRoaming:0 mcc:460 mnc:1 countIso:cn status:1 nwMode:10
11-24 21:54:53.790  1229  1229 D SubscriptionController: [getActiveSubInfoList]- 1 infos return
11-24 21:54:53.791  1229  1229 D SubscriptionController: [getActiveSubInfoForSubscriber]+ subId=1 subInfo={id=1, iccId=DUMMY_NV_ID simSlotIndex=0 displayName=CARD 1 carrierName=No service. nameSource=0 iconTint=-16746133 dataRoaming=0 iconBitmap=android.graphics.Bitmap@273213de mcc 460 mnc 1 mSubStatus=1 mNwMode=10}
11-24 21:54:53.791  1229  1229 D DctController: [TNF 1]INTERNET capability is with subId = 1
11-24 21:54:53.791  1229  1229 D SubscriptionController: registerForOnDemandDdsLockNotification for client=1
11-24 21:54:53.791  1229  1229 D DctController: [TNF 1]Ready to handle network requests
11-24 21:54:53.791  1229  1229 E IccCardProxy: setExternalState: set mPhoneId=0 mExternalState=READY
11-24 21:54:53.791  1229  1229 D TelephonyManager: setTelephonyProperty: success phoneId=0 property=gsm.sim.state value: READY propVal=READY
11-24 21:54:53.791  1229  1229 D IccCardProxy: broadcastIccStateChangedIntent intent ACTION_SIM_STATE_CHANGED value=READY reason=null for mPhoneId=0
11-24 21:54:53.794   778   798 D TelephonyManager: getTelephonyProperty: return propVal='46001' phoneId=0 property='gsm.sim.operator.numeric' defaultVal='' prop=46001
11-24 21:54:53.796   778   798 D TelephonyManager: getTelephonyProperty: return propVal='null' phoneId=0 property='gsm.operator.numeric' defaultVal='' prop=
11-24 21:54:53.819  1229  1229 D SubscriptionInfoUpdater: [Receiver]+
11-24 21:54:53.819  1229  1229 D SubscriptionInfoUpdater: Action: android.intent.action.SIM_STATE_CHANGED
11-24 21:54:53.819  1229  1229 D SubscriptionInfoUpdater: slotId: 0
11-24 21:54:53.819  1229  1229 D SubscriptionInfoUpdater: simStatus: READY
11-24 21:54:53.819  1229  1229 D SubscriptionInfoUpdater: slotId: 0 simStatus: READY
11-24 21:54:53.819  1229  1229 D PhoneBase: getIccFileHandler: fh=Handler (com.android.internal.telephony.uicc.UsimFileHandler) {3ce7fc22}
11-24 21:54:53.819  1229  1229 D SubscriptionInfoUpdater: [Receiver]-
11-24 21:54:53.820   201   626 I RILQ    : (0/201):RIL[0][qmi_cb] qcril_qmi_nas_update_data_rte: completed, new drte 0 with confidence 4
11-24 21:54:53.822   201   626 I RILC    : RIL_SOCKET_1 UNSOLICITED: UNSOL_RESPONSE_VOICE_NETWORK_STATE_CHANGED length:8
11-24 21:54:53.822   201   626 E RILC    : Send Response to RIL_SOCKET_1
11-24 21:54:53.822  1229  1370 D RILJ    : [UNSL]< UNSOL_RESPONSE_VOICE_NETWORK_STATE_CHANGED [SUB0]
11-24 21:54:53.823   201   341 I RILQ    : (0/201):RIL[0][event] qcril_arb_set_data_sys_status: recvd data_sys_status nw=0x0, rat_mask=0x8000, so_mask=0x0
11-24 21:54:53.823   201   341 I RILQ    : (0/201):RIL[0][event] qcril_arb_set_data_sys_status: recvd data_sys_status nw=0x1, rat_mask=0x0, so_mask=0x0
11-24 21:54:53.823   201   341 I RILQ    : (0/201):RIL[0][event] qcril_qmi_nas_update_data_rte: completed, new drte 0 with confidence 4
11-24 21:54:53.823  1229  1229 D RILJ    : [3735]> OPERATOR [SUB0]
11-24 21:54:53.824   201   341 I RILC    : RIL_SOCKET_1 UNSOLICITED: UNSOL_RESPONSE_VOICE_NETWORK_STATE_CHANGED length:8
11-24 21:54:53.824   201   341 E RILC    : Send Response to RIL_SOCKET_1
11-24 21:54:53.824  1229  1370 D RILJ    : [UNSL]< UNSOL_RESPONSE_VOICE_NETWORK_STATE_CHANGED [SUB0]
11-24 21:54:53.824  1229  1229 D RILJ    : [3736]> DATA_REGISTRATION_STATE [SUB0]
11-24 21:54:53.824   201   341 I RILC    : RIL_SOCKET_1 UNSOLICITED: UNSOL_SIGNAL_STRENGTH length:60
11-24 21:54:53.824   201   341 E RILC    : Send Response to RIL_SOCKET_1
11-24 21:54:53.824   201  1768 D RILC    : RequestComplete, RIL_SOCKET_1
11-24 21:54:53.824  1229  1229 D RILJ    : [3737]> VOICE_REGISTRATION_STATE [SUB0]
11-24 21:54:53.824   201  1768 E RILC    : Send Response to RIL_SOCKET_1
11-24 21:54:53.825  1229  1370 D RILJ    : [3735]< OPERATOR {null, null, null} [SUB0]
11-24 21:54:53.825  1229  1229 D RILJ    : [3738]> QUERY_NETWORK_SELECTION_MODE [SUB0]
11-24 21:54:53.825  1229  1229 D RILJ    : [3739]> OPERATOR [SUB0]
11-24 21:54:53.826  1229  1229 D RILJ    : [3740]> DATA_REGISTRATION_STATE [SUB0]
11-24 21:54:53.826  1229  1229 D RILJ    : [3741]> VOICE_REGISTRATION_STATE [SUB0]
11-24 21:54:53.827   201  1772 D RILC    : RequestComplete, RIL_SOCKET_1
11-24 21:54:53.827   201  1772 E RILC    : Send Response to RIL_SOCKET_1
11-24 21:54:53.827  1229  1370 D RILJ    : [3739]< OPERATOR {null, null, null} [SUB0]
11-24 21:54:53.827  1229  1229 D RILJ    : [3742]> QUERY_NETWORK_SELECTION_MODE [SUB0]
11-24 21:54:53.828  1229  1229 D DefaultPhoneNotifier: notifySignalStrength: mRegistry=com.android.internal.telephony.ITelephonyRegistry$Stub$Proxy@1467cb6c ss=SignalStrength: 99 0 -120 -160 -120 -1 -1 99 2147483647 2147483647 2147483647 2147483647 2147483647 gsm|lte sender=Handler (com.android.internal.telephony.gsm.GSMPhone) {23116ad0}
11-24 21:54:53.828   201  1771 D RILC    : RequestComplete, RIL_SOCKET_1
11-24 21:54:53.828   201  1771 E RILC    : Send Response to RIL_SOCKET_1
11-24 21:54:53.829  1229  1370 D RILJ    : [3738]< QUERY_NETWORK_SELECTION_MODE {0} [SUB0]
11-24 21:54:53.829   201  1771 D RILC    : RequestComplete, RIL_SOCKET_1
11-24 21:54:53.829   201  1771 E RILC    : Send Response to RIL_SOCKET_1
11-24 21:54:53.829  1229  1229 D GsmSST  : [GsmSST] EVENT_POLL_STATE_OPERATOR: use value from ril
11-24 21:54:53.829  1229  1229 D GsmSST  : [GsmSST] EVENT_POLL_STATE_OPERATOR: null
11-24 21:54:53.829  1229  1370 D RILJ    : [3742]< QUERY_NETWORK_SELECTION_MODE {0} [SUB0]
11-24 21:54:53.831   201  1769 D RILC    : RequestComplete, RIL_SOCKET_1
11-24 21:54:53.831   201  1769 E RILC    : Send Response to RIL_SOCKET_1
11-24 21:54:53.832  1229  1370 D RILJ    : [3736]< DATA_REGISTRATION_STATE {0, null, null, null, 0, 20, null, 446, 2929439, null, null} [SUB0]
11-24 21:54:53.832   201  1769 D RILC    : RequestComplete, RIL_SOCKET_1
11-24 21:54:53.832   201  1769 E RILC    : Send Response to RIL_SOCKET_1
11-24 21:54:53.832  1229  1370 D RILJ    : [3740]< DATA_REGISTRATION_STATE {0, null, null, null, 0, 20, null, 446, 2929439, null, null} [SUB0]
11-24 21:54:53.832  1229  1229 D PHONE   : [ServiceState] setDataRegState=1
11-24 21:54:53.832  1229  1229 D PHONE   : [ServiceState] setDataRadioTechnology=0
11-24 21:54:53.832  1229  1229 D GsmSST  : [GsmSST] handlPollStateResultMessage: GsmSST setDataRegState=1 regState=0 dataRadioTechnology=0
11-24 21:54:53.834   201  1770 I RILQ    : (0/201):RIL[0][cmd-20(352)] qcril_qmi_nas_update_data_rte: completed, new drte 0 with confidence 4
11-24 21:54:53.835   201  1770 D RILC    : RequestComplete, RIL_SOCKET_1
11-24 21:54:53.835   201  1770 E RILC    : Send Response to RIL_SOCKET_1
11-24 21:54:53.835   201  1770 D RILC    : RequestComplete, RIL_SOCKET_1
11-24 21:54:53.835   201  1770 E RILC    : Send Response to RIL_SOCKET_1
11-24 21:54:53.835  1229  1370 D RILJ    : [3737]< VOICE_REGISTRATION_STATE {2, null, null, 0, null, null, null, 0, null, null, null, null, null, 0, null} [SUB0]
11-24 21:54:53.835  1229  1370 D RILJ    : [3741]< VOICE_REGISTRATION_STATE {2, null, null, 0, null, null, null, 0, null, null, null, null, null, 0, null} [SUB0]
11-24 21:54:53.835  1229  1229 D PHONE   : [ServiceState] setVoiceRegState=1
11-24 21:54:53.835  1229  1229 E PHONE   : [ServiceState] setState deprecated use setVoiceRegState()
11-24 21:54:53.835  1229  1229 D GsmSST  : [GsmSST] Poll ServiceState done:  oldSS=[1 1 voice home data home null null null null null null  Unknown Unknown CSS not supported 0 0 RoamInd=0 DefRoamInd=0 EmergOnly=false] newSS=[1 1 voice home data home null null null null null null  Unknown Unknown CSS not supported -1 -1 RoamInd=-1 DefRoamInd=-1 EmergOnly=false] oldMaxDataCalls=20 mNewMaxDataCalls=20 oldReasonDataDenied=-1 mNewReasonDataDenied=-1
11-24 21:54:53.835  1229  1229 D PHONE   : [ServiceState] setNullState=1
11-24 21:54:53.835  1229  1229 D SIMRecords: [SIMRecords] getServiceProviderName: no brandOverride
11-24 21:54:53.835  1229  1229 D SIMRecords: [SIMRecords] getServiceProviderName: providerName=
11-24 21:54:53.835  1229  1229 D GsmSST  : [GsmSST] updateSpnDisplay: radio is on but out of service, set plmn='No service.'
11-24 21:54:53.835  1229  1229 D SIMRecords: [SIMRecords] getServiceProviderName: no brandOverride
11-24 21:54:53.835  1229  1229 D SIMRecords: [SIMRecords] getServiceProviderName: providerName=
11-24 21:54:53.835  1229  1229 D TelephonyManager: setTelephonyProperty: success phoneId=0 property=gsm.operator.alpha value:  propVal=
11-24 21:54:53.836  1229  1229 D TelephonyManager: setTelephonyProperty: success phoneId=0 property=gsm.operator.numeric value:  propVal=
11-24 21:54:53.836  1229  1229 D GsmSST  : [GsmSST] operatorNumeric is null
11-24 21:54:53.836  1229  1229 D TelephonyManager: setTelephonyProperty: success phoneId=0 property=gsm.operator.iso-country value:  propVal=
11-24 21:54:53.837  1229  1229 D TelephonyManager: setTelephonyProperty: success phoneId=0 property=gsm.operator.isroaming value: false propVal=false
11-24 21:54:53.837  1229  1229 D GsmSST  : [GsmSST] Broadcasting ServiceState : 1 1 voice home data home null null null null null null  Unknown Unknown CSS not supported -1 -1 RoamInd=-1 DefRoamInd=-1 EmergOnly=false
11-24 21:54:53.837  1229  1229 D DefaultPhoneNotifier: nofityServiceState: mRegistry=com.android.internal.telephony.ITelephonyRegistry$Stub$Proxy@1467cb6c ss=1 1 voice home data home null null null null null null  Unknown Unknown CSS not supported -1 -1 RoamInd=-1 DefRoamInd=-1 EmergOnly=false sender=Handler (com.android.internal.telephony.gsm.GSMPhone) {23116ad0} phondId=0 subId=1
11-24 21:54:53.839  1229  1229 D SubscriptionController: getSimStateForSubscriber:  simState=READY ordinal=5
11-24 21:54:54.066  1229  1245 D SubscriptionController: [getActiveSubInfoList]+
11-24 21:54:54.066  1229  1245 D SubscriptionController: selection:sim_id>=0 null
11-24 21:54:54.068  1229  1245 D TelephonyManager: getTelephonyProperty: return propVal='cn' phoneId=0 property='gsm.sim.operator.iso-country' defaultVal='' prop=cn
11-24 21:54:54.068  1229  1245 D SubscriptionController: [getSubInfoRecord] id:1 iccid:DUMMY_NV_ID simSlotIndex:0 displayName:CARD 1 nameSource:0 iconTint:-16746133 dataRoaming:0 mcc:460 mnc:1 countIso:cn status:1 nwMode:10
11-24 21:54:54.070  1229  1245 D SubscriptionController: [getActiveSubInfoList]- 1 infos return
11-24 21:54:54.084  1229  1715 D SubscriptionController: [getActiveSubInfoList]+
11-24 21:54:54.084  1229  1715 D SubscriptionController: selection:sim_id>=0 null
11-24 21:54:54.086  1229  1715 D TelephonyManager: getTelephonyProperty: return propVal='cn' phoneId=0 property='gsm.sim.operator.iso-country' defaultVal='' prop=cn
11-24 21:54:54.086  1229  1715 D SubscriptionController: [getSubInfoRecord] id:1 iccid:DUMMY_NV_ID simSlotIndex:0 displayName:CARD 1 nameSource:0 iconTint:-16746133 dataRoaming:0 mcc:460 mnc:1 countIso:cn status:1 nwMode:10
11-24 21:54:54.088  1229  1715 D SubscriptionController: [getActiveSubInfoList]- 1 infos return
11-24 21:54:54.091  1229  1715 D SubscriptionController: [getActiveSubInfoList]+
11-24 21:54:54.091  1229  1715 D SubscriptionController: selection:sim_id>=0 null
11-24 21:54:54.094  1229  1715 D TelephonyManager: getTelephonyProperty: return propVal='cn' phoneId=0 property='gsm.sim.operator.iso-country' defaultVal='' prop=cn
11-24 21:54:54.094  1229  1715 D SubscriptionController: [getSubInfoRecord] id:1 iccid:DUMMY_NV_ID simSlotIndex:0 displayName:CARD 1 nameSource:0 iconTint:-16746133 dataRoaming:0 mcc:460 mnc:1 countIso:cn status:1 nwMode:10
11-24 21:54:54.096  1229  1715 D SubscriptionController: [getActiveSubInfoList]- 1 infos return
11-24 21:54:54.099  1229  1715 D SubscriptionController: [getActiveSubInfoList]+
11-24 21:54:54.100  1229  1715 D SubscriptionController: selection:sim_id>=0 null
11-24 21:54:54.102  1229  1715 D TelephonyManager: getTelephonyProperty: return propVal='cn' phoneId=0 property='gsm.sim.operator.iso-country' defaultVal='' prop=cn
11-24 21:54:54.102  1229  1715 D SubscriptionController: [getSubInfoRecord] id:1 iccid:DUMMY_NV_ID simSlotIndex:0 displayName:CARD 1 nameSource:0 iconTint:-16746133 dataRoaming:0 mcc:460 mnc:1 countIso:cn status:1 nwMode:10
11-24 21:54:54.104  1229  1715 D SubscriptionController: [getActiveSubInfoList]- 1 infos return
11-24 21:54:54.156   201   626 I RILQ    : (0/201):RIL[0][qmi_cb] qcril_qmi_nas_update_data_rte: completed, new drte 0 with confidence 4
11-24 21:54:54.159   201   626 I RILQ    : (0/201):RIL[0][qmi_cb] qcril_qmi_nas_update_data_rte: completed, new drte 0 with confidence 4
11-24 21:54:54.161   201   341 I RILQ    : (0/201):RIL[0][event] qcril_qmi_nas_evaluate_custom_emergency_numbers_for_card: cur_status 1024, card_state 3
11-24 21:54:54.162   201   341 I RILQ    : (0/201):RIL[0][event] qcril_qmi_nas_evaluate_custom_emergency_numbers_for_card: card_mcc 460, card_mnc 01
11-24 21:54:54.163   201   341 I RILQ    : (0/201):RIL[0][event] qcril_qmi_nas_evaluate_custom_emergency_numbers_for_card: cur_status 1024, card_state 3
11-24 21:54:54.163   201   341 I RILQ    : (0/201):RIL[0][event] qcril_qmi_nas_evaluate_custom_emergency_numbers_for_card: card_mcc 460, card_mnc 01
11-24 21:54:54.165   201   626 I RILQ    : (0/201):RIL[0][qmi_cb] qcril_qmi_nas_update_data_rte: completed, new drte 0 with confidence 4
11-24 21:54:54.166   201   341 I RILC    : RIL_SOCKET_1 UNSOLICITED: UNSOL_RESPONSE_VOICE_NETWORK_STATE_CHANGED length:8
11-24 21:54:54.166   201   341 E RILC    : Send Response to RIL_SOCKET_1
11-24 21:54:54.167  1229  1370 D RILJ    : [UNSL]< UNSOL_RESPONSE_VOICE_NETWORK_STATE_CHANGED [SUB0]
11-24 21:54:54.167  1229  1229 D RILJ    : [3743]> OPERATOR [SUB0]
11-24 21:54:54.168  1229  1229 D RILJ    : [3744]> DATA_REGISTRATION_STATE [SUB0]
11-24 21:54:54.168  1229  1229 D RILJ    : [3745]> VOICE_REGISTRATION_STATE [SUB0]
11-24 21:54:54.169  1229  1229 D RILJ    : [3746]> QUERY_NETWORK_SELECTION_MODE [SUB0]
11-24 21:54:54.170   201  1774 D RILC    : RequestComplete, RIL_SOCKET_1
11-24 21:54:54.170   201  1774 E RILC    : Send Response to RIL_SOCKET_1
11-24 21:54:54.170  1229  1370 D RILJ    : [3743]< OPERATOR {中国联通, 中国联通, 46001} [SUB0]
11-24 21:54:54.170  1229  1229 D GsmSST  : [GsmSST] EVENT_POLL_STATE_OPERATOR: use value from ril
11-24 21:54:54.170  1229  1229 D GsmSST  : [GsmSST] EVENT_POLL_STATE_OPERATOR: 中国联通
11-24 21:54:54.172   201   341 I RILQ    : (0/201):RIL[0][event] qcril_arb_set_data_sys_status: recvd data_sys_status nw=0x0, rat_mask=0x20, so_mask=0x0
11-24 21:54:54.172   201   341 I RILQ    : (0/201):RIL[0][event] qcril_arb_set_data_sys_status: recvd data_sys_status nw=0x1, rat_mask=0x0, so_mask=0x0
11-24 21:54:54.172   201  1775 D RILC    : RequestComplete, RIL_SOCKET_1
11-24 21:54:54.172   201  1775 E RILC    : Send Response to RIL_SOCKET_1
11-24 21:54:54.172  1229  1370 D RILJ    : [3744]< DATA_REGISTRATION_STATE {0, null, null, null, 0, 20, null, null, null, null, null} [SUB0]
11-24 21:54:54.172  1229  1229 D PHONE   : [ServiceState] setDataRegState=1
11-24 21:54:54.172  1229  1229 D PHONE   : [ServiceState] setDataRadioTechnology=0
11-24 21:54:54.172  1229  1229 D GsmSST  : [GsmSST] handlPollStateResultMessage: GsmSST setDataRegState=1 regState=0 dataRadioTechnology=0
11-24 21:54:54.173   201   341 I RILQ    : (0/201):RIL[0][event] qcril_qmi_nas_update_data_rte: completed, new drte 5 with confidence 1
11-24 21:54:54.175   201  1777 D RILC    : RequestComplete, RIL_SOCKET_1
11-24 21:54:54.175   201  1777 E RILC    : Send Response to RIL_SOCKET_1
11-24 21:54:54.175  1229  1370 D RILJ    : [3746]< QUERY_NETWORK_SELECTION_MODE {0} [SUB0]
11-24 21:54:54.176   201  1776 D RILC    : RequestComplete, RIL_SOCKET_1
11-24 21:54:54.176   201  1776 E RILC    : Send Response to RIL_SOCKET_1
11-24 21:54:54.176  1229  1370 D RILJ    : [3745]< VOICE_REGISTRATION_STATE {1, 101d, 002cb31f, 14, null, null, null, 0, null, null, null, null, null, 0, null} [SUB0]
11-24 21:54:54.176   201  1776 I RILC    : RIL_SOCKET_1 UNSOLICITED: UNSOL_RESPONSE_VOICE_NETWORK_STATE_CHANGED length:8
11-24 21:54:54.177   201  1776 E RILC    : Send Response to RIL_SOCKET_1
11-24 21:54:54.177  1229  1370 D RILJ    : [UNSL]< UNSOL_RESPONSE_VOICE_NETWORK_STATE_CHANGED [SUB0]
11-24 21:54:54.177  1229  1229 D PHONE   : [ServiceState] setVoiceRegState=0
11-24 21:54:54.177  1229  1229 E PHONE   : [ServiceState] setState deprecated use setVoiceRegState()
11-24 21:54:54.177  1229  1229 D GsmSST  : [GsmSST] Poll ServiceState done:  oldSS=[1 1 voice home data home null null null null null null  Unknown Unknown CSS not supported -1 -1 RoamInd=-1 DefRoamInd=-1 EmergOnly=false] newSS=[0 1 voice home data home 中国联通 中国联通 46001 中国联通 中国联通 46001  LTE Unknown CSS not supported -1 -1 RoamInd=-1 DefRoamInd=-1 EmergOnly=false] oldMaxDataCalls=20 mNewMaxDataCalls=20 oldReasonDataDenied=-1 mNewReasonDataDenied=-1
11-24 21:54:54.177  1229  1229 D GsmSST  : [GsmSST] RAT switched Unknown -> LTE at cell 2929439
11-24 21:54:54.177  1229  1229 D PHONE   : [ServiceState] setNullState=1
11-24 21:54:54.177  1229  1229 D PhoneBase: updatePhoneObject: phoneid = 0 rat = 14
11-24 21:54:54.177  1229  1229 D PhoneProxy: [PhoneProxy] updatePhoneObject: radioTechnology=14
11-24 21:54:54.177  1229  1229 D GsmSST  : [GsmSST] pollStateDone: registering current mNitzUpdatedTime=false changing to false
11-24 21:54:54.177  1229  1229 D SIMRecords: [SIMRecords] getServiceProviderName: no brandOverride
11-24 21:54:54.177  1229  1229 D SIMRecords: [SIMRecords] getServiceProviderName: providerName=
11-24 21:54:54.177  1229  1229 D SIMRecords: [SIMRecords] getServiceProviderName: no brandOverride
11-24 21:54:54.177  1229  1229 D SIMRecords: [SIMRecords] getServiceProviderName: providerName=
11-24 21:54:54.177  1229  1229 D GsmSST  : [GsmSST] updateSpnDisplay: changed sending intent rule=2 showPlmn='true' plmn='中国联通' showSpn='false' spn=''
11-24 21:54:54.178  1229  1229 D TelephonyManager: setTelephonyProperty: success phoneId=0 property=gsm.operator.alpha value: 中国联通 propVal=中国联通
11-24 21:54:54.179  1229  1229 D TelephonyManager: setTelephonyProperty: success phoneId=0 property=gsm.operator.numeric value: 46001 propVal=46001
11-24 21:54:54.179  1229  1229 D GsmSST  : [GsmSST] update mccmnc=46001 fromServiceState=true
11-24 21:54:54.180  1229  1229 D TelephonyManager: getTelephonyProperty: return propVal='46001' phoneId=0 property='gsm.sim.operator.numeric' defaultVal='' prop=46001
11-24 21:54:54.182  1229  1229 D TelephonyManager: setTelephonyProperty: success phoneId=0 property=gsm.operator.iso-country value: cn propVal=cn
11-24 21:54:54.186  1229  1245 D SubscriptionController: [getActiveSubInfoList]+
11-24 21:54:54.186  1229  1245 D SubscriptionController: selection:sim_id>=0 null
11-24 21:54:54.188  1229  1245 D TelephonyManager: getTelephonyProperty: return propVal='cn' phoneId=0 property='gsm.sim.operator.iso-country' defaultVal='' prop=cn
11-24 21:54:54.188  1229  1245 D SubscriptionController: [getSubInfoRecord] id:1 iccid:DUMMY_NV_ID simSlotIndex:0 displayName:CARD 1 nameSource:0 iconTint:-16746133 dataRoaming:0 mcc:460 mnc:1 countIso:cn status:1 nwMode:10
11-24 21:54:54.190  1229  1229 D GsmSST  : [GsmSST] pollStateDone: there are 2 unique offsets for iso-cc='cn testOneUniqueOffsetPath=false', do nothing
11-24 21:54:54.190  1229  1229 D GsmSST  : [GsmSST] shouldFixTimeZoneNow: retVal=true iccCardExist=true operatorNumeric=46001 mcc=460 prevOperatorNumeric= prevMcc=461 needToFixTimeZone=false ltod=11-24 21:54:54.190
11-24 21:54:54.190  1229  1229 D GsmSST  : [GsmSST] pollStateDone: fix time zone zoneName='Asia/Shanghai' mZoneOffset=0 mZoneDst=false iso-cc='cn' iso-cc-idx=-3
11-24 21:54:54.190  1229  1229 D GsmSST  : [GsmSST] pollStateDone: using default TimeZone
11-24 21:54:54.190  1229  1229 D GsmSST  : [GsmSST] pollStateDone: zone != null zone.getID=Asia/Shanghai
11-24 21:54:54.190  1229  1229 D GsmSST  : [GsmSST] setAndBroadcastNetworkSetTimeZone: setTimeZone=Asia/Shanghai
11-24 21:54:54.191  1229  1245 D SubscriptionController: [getActiveSubInfoList]- 1 infos return
11-24 21:54:54.195  1229  1229 D GsmSST  : [GsmSST] setAndBroadcastNetworkSetTimeZone: call alarm.setTimeZone and broadcast zoneId=Asia/Shanghai
11-24 21:54:54.195  1229  1229 D TelephonyManager: setTelephonyProperty: success phoneId=0 property=gsm.operator.isroaming value: false propVal=false
11-24 21:54:54.195  1229  1229 D GsmSST  : [GsmSST] Broadcasting ServiceState : 0 1 voice home data home 中国联通 中国联通 46001 中国联通 中国联通 46001  LTE Unknown CSS not supported -1 -1 RoamInd=-1 DefRoamInd=-1 EmergOnly=false
11-24 21:54:54.195  1229  1229 D DefaultPhoneNotifier: nofityServiceState: mRegistry=com.android.internal.telephony.ITelephonyRegistry$Stub$Proxy@1467cb6c ss=0 1 voice home data home 中国联通 中国联通 46001 中国联通 中国联通 46001  LTE Unknown CSS not supported -1 -1 RoamInd=-1 DefRoamInd=-1 EmergOnly=false sender=Handler (com.android.internal.telephony.gsm.GSMPhone) {23116ad0} phondId=0 subId=1
11-24 21:54:54.196  1229  1245 D SubscriptionController: [getActiveSubInfoList]+
11-24 21:54:54.197  1229  1245 D SubscriptionController: selection:sim_id>=0 null
11-24 21:54:54.197  1229  1229 D SubscriptionController: getSimStateForSubscriber:  simState=READY ordinal=5
11-24 21:54:54.200  1229  1229 D GsmSST  : [GsmSST] getCellLocation(): X good mCellLoc=[4125,2929439,-1]
11-24 21:54:54.201   778  1218 D TelephonyRegistry: notifyCellLocationForSubscriber: subId=1 cellLocation=Bundle[mParcelledData.dataSize=64]
11-24 21:54:54.202  1229  1229 D RILJ    : [3747]> OPERATOR [SUB0]
11-24 21:54:54.202  1229  1245 D TelephonyManager: getTelephonyProperty: return propVal='cn' phoneId=0 property='gsm.sim.operator.iso-country' defaultVal='' prop=cn
11-24 21:54:54.202  1229  1245 D SubscriptionController: [getSubInfoRecord] id:1 iccid:DUMMY_NV_ID simSlotIndex:0 displayName:CARD 1 nameSource:0 iconTint:-16746133 dataRoaming:0 mcc:460 mnc:1 countIso:cn status:1 nwMode:10
11-24 21:54:54.202  1229  1229 D RILJ    : [3748]> DATA_REGISTRATION_STATE [SUB0]
11-24 21:54:54.203  1229  1229 D RILJ    : [3749]> VOICE_REGISTRATION_STATE [SUB0]
11-24 21:54:54.203  1229  1229 D RILJ    : [3750]> QUERY_NETWORK_SELECTION_MODE [SUB0]
11-24 21:54:54.204   201  1779 D RILC    : RequestComplete, RIL_SOCKET_1
11-24 21:54:54.204   201  1779 E RILC    : Send Response to RIL_SOCKET_1
11-24 21:54:54.204  1229  1370 D RILJ    : [3747]< OPERATOR {中国联通, 中国联通, 46001} [SUB0]
11-24 21:54:54.204  1229  1229 D PhoneProxy: [PhoneProxy] phoneObjectUpdater: newVoiceRadioTech=14
11-24 21:54:54.204  1229  1229 D PhoneProxy: [PhoneProxy] phoneObjectUpdater: volteReplacementRat=0
11-24 21:54:54.204  1229  1229 D PhoneProxy: [PhoneProxy] phoneObjectUpdater: No change ignore, newVoiceRadioTech=14 mActivePhone=GSM
11-24 21:54:54.204  1229  1229 D SubscriptionController: onReceive Intent { act=android.provider.Telephony.SPN_STRINGS_UPDATED flg=0x10 (has extras) }
11-24 21:54:54.204  1229  1229 D SubscriptionController: [setCarrierText]+ text:中国联通 subId:1
11-24 21:54:54.205  1229  1245 D SubscriptionController: [getActiveSubInfoList]- 1 infos return
11-24 21:54:54.207   201  1781 D RILC    : RequestComplete, RIL_SOCKET_1
11-24 21:54:54.207   201  1781 E RILC    : Send Response to RIL_SOCKET_1
11-24 21:54:54.207  1229  1370 D RILJ    : [3749]< VOICE_REGISTRATION_STATE {1, 101d, 002cb31f, 14, null, null, null, 0, null, null, 1, null, null, 0, null} [SUB0]
11-24 21:54:54.208   201  1780 D RILC    : RequestComplete, RIL_SOCKET_1
11-24 21:54:54.208   201  1780 E RILC    : Send Response to RIL_SOCKET_1
11-24 21:54:54.208  1229  1370 D RILJ    : [3748]< DATA_REGISTRATION_STATE {1, null, 002cb31f, 14, null, 20, 4125, 446, 2929439, null, null} [SUB0]
11-24 21:54:54.209   201  1780 I RILC    : RIL_SOCKET_1 UNSOLICITED: UNSOL_RESPONSE_VOICE_NETWORK_STATE_CHANGED length:8
11-24 21:54:54.209   201  1780 E RILC    : Send Response to RIL_SOCKET_1
11-24 21:54:54.209  1229  1370 D RILJ    : [UNSL]< UNSOL_RESPONSE_VOICE_NETWORK_STATE_CHANGED [SUB0]
11-24 21:54:54.209   201   337 I RILC    : RIL_SOCKET_1 UNSOLICITED: UNSOL_RESPONSE_VOICE_NETWORK_STATE_CHANGED length:8
11-24 21:54:54.209   201   337 E RILC    : Send Response to RIL_SOCKET_1
11-24 21:54:54.209  1229  1370 D RILJ    : [UNSL]< UNSOL_RESPONSE_VOICE_NETWORK_STATE_CHANGED [SUB0]
11-24 21:54:54.210  1229  1245 D SubscriptionController: [getActiveSubInfoList]+
11-24 21:54:54.210  1229  1245 D SubscriptionController: selection:sim_id>=0 null
11-24 21:54:54.210   201  1782 D RILC    : RequestComplete, RIL_SOCKET_1
11-24 21:54:54.210   201  1782 E RILC    : Send Response to RIL_SOCKET_1
11-24 21:54:54.211  1229  1370 D RILJ    : [3750]< QUERY_NETWORK_SELECTION_MODE {0} [SUB0]
11-24 21:54:54.221   201   626 I RILC    : RIL_SOCKET_1 UNSOLICITED: UNSOL_RESPONSE_VOICE_NETWORK_STATE_CHANGED length:8
11-24 21:54:54.221   201   626 E RILC    : Send Response to RIL_SOCKET_1
11-24 21:54:54.221  1229  1370 D RILJ    : [UNSL]< UNSOL_RESPONSE_VOICE_NETWORK_STATE_CHANGED [SUB0]
11-24 21:54:54.223  1653  1783 D TelephonyManager: getTelephonyProperty: return propVal='cn' phoneId=0 property='gsm.sim.operator.iso-country' defaultVal='' prop=cn
11-24 21:54:54.225  1229  1229 D SubscriptionController: notifySubscriptionInfoChanged:
11-24 21:54:54.228   778   778 D TelephonyManager: getTelephonyProperty: return propVal='46001' phoneId=0 property='gsm.sim.operator.numeric' defaultVal='' prop=46001
11-24 21:54:54.228  1229  1245 D TelephonyManager: getTelephonyProperty: return propVal='cn' phoneId=0 property='gsm.sim.operator.iso-country' defaultVal='' prop=cn
11-24 21:54:54.228  1229  1245 D SubscriptionController: [getSubInfoRecord] id:1 iccid:DUMMY_NV_ID simSlotIndex:0 displayName:CARD 1 nameSource:0 iconTint:-16746133 dataRoaming:0 mcc:460 mnc:1 countIso:cn status:1 nwMode:10
11-24 21:54:54.230  1229  1229 E PhoneBase: Error! unregisterForCallWaiting() in PhoneBase should not be called, CDMAPhone inactive.
11-24 21:54:54.231  1229  1245 D SubscriptionController: [getActiveSubInfoList]- 1 infos return
11-24 21:54:54.233  1229  1715 D SubscriptionController: [getActiveSubInfoList]+
11-24 21:54:54.233  1229  1715 D SubscriptionController: selection:sim_id>=0 null
11-24 21:54:54.233  1229  1229 D TelephonyManager: getTelephonyProperty: return propVal='中国联通' phoneId=0 property='gsm.operator.alpha' defaultVal='' prop=中国联通
11-24 21:54:54.233   778   778 D TelephonyManager: getTelephonyProperty: return propVal='46001' phoneId=0 property='gsm.operator.numeric' defaultVal='' prop=46001
11-24 21:54:54.237  1229  1715 D TelephonyManager: getTelephonyProperty: return propVal='cn' phoneId=0 property='gsm.sim.operator.iso-country' defaultVal='' prop=cn
11-24 21:54:54.238  1229  1785 D SubscriptionController: [getActiveSubInfoList]+
11-24 21:54:54.238  1229  1715 D SubscriptionController: [getSubInfoRecord] id:1 iccid:DUMMY_NV_ID simSlotIndex:0 displayName:CARD 1 nameSource:0 iconTint:-16746133 dataRoaming:0 mcc:460 mnc:1 countIso:cn status:1 nwMode:10
11-24 21:54:54.238  1229  1785 D SubscriptionController: selection:sim_id>=0 null
11-24 21:54:54.240  1229  1715 D SubscriptionController: [getActiveSubInfoList]- 1 infos return
11-24 21:54:54.241  1229  1785 D TelephonyManager: getTelephonyProperty: return propVal='cn' phoneId=0 property='gsm.sim.operator.iso-country' defaultVal='' prop=cn
11-24 21:54:54.241  1229  1785 D SubscriptionController: [getSubInfoRecord] id:1 iccid:DUMMY_NV_ID simSlotIndex:0 displayName:CARD 1 nameSource:0 iconTint:-16746133 dataRoaming:0 mcc:460 mnc:1 countIso:cn status:1 nwMode:10
11-24 21:54:54.242  1229  1785 D SubscriptionController: [getActiveSubInfoList]- 1 infos return
11-24 21:54:54.244  1229  1246 D RILJ    : [3751]> RIL_REQUEST_GSM_SET_BROADCAST_CONFIG with 1 configs :  [SUB0]
11-24 21:54:54.244  1229  1246 D RILJ    : SmsBroadcastConfigInfo: Id [4352,4354] Code [0,255] ENABLED [SUB0]
11-24 21:54:54.246  1229  1785 D SubscriptionController: [getActiveSubInfoList]+
11-24 21:54:54.246  1229  1785 D SubscriptionController: selection:sim_id>=0 null
11-24 21:54:54.250  1229  1785 D TelephonyManager: getTelephonyProperty: return propVal='cn' phoneId=0 property='gsm.sim.operator.iso-country' defaultVal='' prop=cn
11-24 21:54:54.250  1229  1785 D SubscriptionController: [getSubInfoRecord] id:1 iccid:DUMMY_NV_ID simSlotIndex:0 displayName:CARD 1 nameSource:0 iconTint:-16746133 dataRoaming:0 mcc:460 mnc:1 countIso:cn status:1 nwMode:10
11-24 21:54:54.250  1229  1229 E PhoneBase: Error! registerForCallWaiting() in PhoneBase should not be called, CDMAPhone inactive.
11-24 21:54:54.252  1229  1785 D SubscriptionController: [getActiveSubInfoList]- 1 infos return
11-24 21:54:54.256  1229  1245 D SubscriptionController: [getActiveSubInfoList]+
11-24 21:54:54.256  1229  1245 D SubscriptionController: selection:sim_id>=0 null
11-24 21:54:54.257  1229  1229 D GsmSST  : [GsmSST] EVENT_POLL_STATE_OPERATOR: use value from ril
11-24 21:54:54.257  1229  1229 D GsmSST  : [GsmSST] EVENT_POLL_STATE_OPERATOR: 中国联通
11-24 21:54:54.257  1229  1229 D PHONE   : [ServiceState] setVoiceRegState=0
11-24 21:54:54.257  1229  1229 E PHONE   : [ServiceState] setState deprecated use setVoiceRegState()
11-24 21:54:54.258  1229  1229 D PHONE   : [ServiceState] setDataRegState=0
11-24 21:54:54.258  1229  1229 D PHONE   : [ServiceState] setDataRadioTechnology=14
11-24 21:54:54.259  1229  1229 D GsmSST  : [GsmSST] handlPollStateResultMessage: GsmSST setDataRegState=0 regState=1 dataRadioTechnology=14
11-24 21:54:54.259  1229  1229 D RILJ    : [3752]> OPERATOR [SUB0]
11-24 21:54:54.259  1229  1229 D RILJ    : [3753]> DATA_REGISTRATION_STATE [SUB0]
11-24 21:54:54.260   201  1789 D RILC    : RequestComplete, RIL_SOCKET_1
11-24 21:54:54.260   201  1789 E RILC    : Send Response to RIL_SOCKET_1
11-24 21:54:54.260  1229  1370 D RILJ    : [3752]< OPERATOR {中国联通, 中国联通, 46001} [SUB0]
11-24 21:54:54.261  1229  1245 D TelephonyManager: getTelephonyProperty: return propVal='cn' phoneId=0 property='gsm.sim.operator.iso-country' defaultVal='' prop=cn
11-24 21:54:54.261  1229  1229 D RILJ    : [3754]> VOICE_REGISTRATION_STATE [SUB0]
11-24 21:54:54.261  1229  1245 D SubscriptionController: [getSubInfoRecord] id:1 iccid:DUMMY_NV_ID simSlotIndex:0 displayName:CARD 1 nameSource:0 iconTint:-16746133 dataRoaming:0 mcc:460 mnc:1 countIso:cn status:1 nwMode:10
11-24 21:54:54.262  1229  1229 D RILJ    : [3755]> QUERY_NETWORK_SELECTION_MODE [SUB0]
11-24 21:54:54.262  1229  1229 D RILJ    : [3756]> OPERATOR [SUB0]
11-24 21:54:54.263  1229  1245 D SubscriptionController: [getActiveSubInfoList]- 1 infos return
11-24 21:54:54.263  1229  1229 D RILJ    : [3757]> DATA_REGISTRATION_STATE [SUB0]
11-24 21:54:54.264  1229  1229 D RILJ    : [3758]> VOICE_REGISTRATION_STATE [SUB0]
11-24 21:54:54.264   201  1791 D RILC    : RequestComplete, RIL_SOCKET_1
11-24 21:54:54.264   201  1791 E RILC    : Send Response to RIL_SOCKET_1
11-24 21:54:54.264  1229  1229 D RILJ    : [3759]> QUERY_NETWORK_SELECTION_MODE [SUB0]
11-24 21:54:54.264  1229  1370 D RILJ    : [3754]< VOICE_REGISTRATION_STATE {1, 101d, 002cb31f, 14, null, null, null, 0, null, null, 1, null, null, 0, null} [SUB0]
11-24 21:54:54.265  1229  1229 D RILJ    : [3760]> OPERATOR [SUB0]
11-24 21:54:54.266   201  1790 D RILC    : RequestComplete, RIL_SOCKET_1
11-24 21:54:54.266  1229  1229 D RILJ    : [3761]> DATA_REGISTRATION_STATE [SUB0]
11-24 21:54:54.266   201  1790 E RILC    : Send Response to RIL_SOCKET_1
11-24 21:54:54.266  1229  1370 D RILJ    : [3753]< DATA_REGISTRATION_STATE {1, null, 002cb31f, 14, null, 20, 4125, 446, 2929439, null, null} [SUB0]
11-24 21:54:54.266   201  1790 D RILC    : RequestComplete, RIL_SOCKET_1
11-24 21:54:54.267   201  1790 E RILC    : Send Response to RIL_SOCKET_1
11-24 21:54:54.267   201  1792 D RILC    : RequestComplete, RIL_SOCKET_1
11-24 21:54:54.267   201  1792 E RILC    : Send Response to RIL_SOCKET_1
11-24 21:54:54.267   201  1792 D RILC    : RequestComplete, RIL_SOCKET_1
11-24 21:54:54.267   201  1792 E RILC    : Send Response to RIL_SOCKET_1
11-24 21:54:54.267  1229  1370 D RILJ    : [3757]< DATA_REGISTRATION_STATE {1, null, 002cb31f, 14, null, 20, 4125, 446, 2929439, null, null} [SUB0]
11-24 21:54:54.267   201  1793 D RILC    : RequestComplete, RIL_SOCKET_1
11-24 21:54:54.268   201  1793 E RILC    : Send Response to RIL_SOCKET_1
11-24 21:54:54.268   201  1793 D RILC    : RequestComplete, RIL_SOCKET_1
11-24 21:54:54.268   201  1793 E RILC    : Send Response to RIL_SOCKET_1
11-24 21:54:54.268  1229  1370 D RILJ    : [3755]< QUERY_NETWORK_SELECTION_MODE {0} [SUB0]
11-24 21:54:54.268  1229  1370 D RILJ    : [3759]< QUERY_NETWORK_SELECTION_MODE {0} [SUB0]
11-24 21:54:54.268  1229  1715 D SubscriptionController: [getActiveSubInfoList]+
11-24 21:54:54.268   201  1794 D RILC    : RequestComplete, RIL_SOCKET_1
11-24 21:54:54.268  1229  1370 D RILJ    : [3756]< OPERATOR {中国联通, 中国联通, 46001} [SUB0]
11-24 21:54:54.268   201  1794 E RILC    : Send Response to RIL_SOCKET_1
11-24 21:54:54.268  1229  1715 D SubscriptionController: selection:sim_id>=0 null
11-24 21:54:54.268  1229  1370 D RILJ    : [3760]< OPERATOR {中国联通, 中国联通, 46001} [SUB0]
11-24 21:54:54.268  1229  1370 D RILJ    : [3758]< VOICE_REGISTRATION_STATE {1, 101d, 002cb31f, 14, null, null, null, 0, null, null, 1, null, null, 0, null} [SUB0]
11-24 21:54:54.269  1229  1229 D RILJ    : [3762]> VOICE_REGISTRATION_STATE [SUB0]
11-24 21:54:54.270  1229  1229 D RILJ    : [3763]> QUERY_NETWORK_SELECTION_MODE [SUB0]
11-24 21:54:54.270   201  1796 D RILC    : RequestComplete, RIL_SOCKET_1
11-24 21:54:54.270   201  1796 E RILC    : Send Response to RIL_SOCKET_1
11-24 21:54:54.270  1229  1370 D RILJ    : [3762]< VOICE_REGISTRATION_STATE {1, 101d, 002cb31f, 14, null, null, null, 0, null, null, 1, null, null, 0, null} [SUB0]
11-24 21:54:54.271  1229  1229 D DctController: onSubInfoReady mPhoneNum=1
11-24 21:54:54.271  1229  1229 D DctController: onSubInfoReady handle pending requests subId=1
11-24 21:54:54.271  1229  1229 D DctController: [TNF 1]evalPendingRequest, pending request size is 0
11-24 21:54:54.271  1229  1229 D DctController: processRequests
11-24 21:54:54.271  1229  1561 D DctController: handleMessage msg={ when=0 what=100 target=com.android.internal.telephony.dataconnection.DctController }
11-24 21:54:54.271   201  1795 D RILC    : RequestComplete, RIL_SOCKET_1
11-24 21:54:54.271  1229  1561 D DctController: selectExecPhone requestInfo = [ request=NetworkRequest [ id=1, legacyType=-1, [ Capabilities: INTERNET&NOT_RESTRICTED&TRUSTED&NOT_VPN] ], executed=false, priority=0]
11-24 21:54:54.271   201  1795 E RILC    : Send Response to RIL_SOCKET_1
11-24 21:54:54.271  1229  1561 D DctController: getTopPriorityRequestPhoneId = 0, priority = 0
11-24 21:54:54.271  1229  1229 E PhoneBase: Error! unregisterForCallWaiting() in PhoneBase should not be called, CDMAPhone inactive.
11-24 21:54:54.272  1229  1715 D TelephonyManager: getTelephonyProperty: return propVal='cn' phoneId=0 property='gsm.sim.operator.iso-country' defaultVal='' prop=cn
11-24 21:54:54.272  1229  1715 D SubscriptionController: [getSubInfoRecord] id:1 iccid:DUMMY_NV_ID simSlotIndex:0 displayName:CARD 1 nameSource:0 iconTint:-16746133 dataRoaming:0 mcc:460 mnc:1 countIso:cn status:1 nwMode:10
11-24 21:54:54.272  1229  1561 D DcSwitchAsyncChannel: [DcSwitchAsyncChannel-0]: rspIsIdle=false
11-24 21:54:54.272  1229  1561 D DctController: onProcessRequest phoneId=0, activePhoneId=0
11-24 21:54:54.272  1229  1370 D RILJ    : [3761]< DATA_REGISTRATION_STATE {1, null, 002cb31f, 14, null, 20, 4125, 446, 2929439, null, null} [SUB0]
11-24 21:54:54.272  1229  1563 D DcSwitchSM: [DcSwitchStateMachine-0] AttachingState: REQ_CONNECT
11-24 21:54:54.272  1229  1561 D DcSwitchAsyncChannel: [DcSwitchAsyncChannel-0]: rspConnect=1
11-24 21:54:54.272   201  1797 D RILC    : RequestComplete, RIL_SOCKET_1
11-24 21:54:54.272   201  1797 E RILC    : Send Response to RIL_SOCKET_1
11-24 21:54:54.272  1229  1370 D RILJ    : [3763]< QUERY_NETWORK_SELECTION_MODE {0} [SUB0]
11-24 21:54:54.274  1229  1715 D SubscriptionController: [getActiveSubInfoList]- 1 infos return
11-24 21:54:54.274  1229  1229 D TelephonyManager: getTelephonyProperty: return propVal='中国联通' phoneId=0 property='gsm.operator.alpha' defaultVal='' prop=中国联通
11-24 21:54:54.291  1229  1229 E PhoneBase: Error! registerForCallWaiting() in PhoneBase should not be called, CDMAPhone inactive.
11-24 21:54:54.293  1229  1229 D GsmSST  : [GsmSST] SubscriptionListener.onSubscriptionInfoChanged
11-24 21:54:54.293  1229  1229 D GsmDCT  : [0]SubscriptionListener.onSubscriptionInfoChanged
11-24 21:54:54.294  1229  1229 D ModemStackController: Received ACTION_SUBINFO_CONTENT_CHANGE on subId: -1for null intValue: 0
11-24 21:54:54.294  1229  1229 D DctController: got ACTION_SUBINFO_RECORD_UPDATED
11-24 21:54:54.294  1229  1229 D DctController: [TNF 1]update networkCapabilites for subId = 1
11-24 21:54:54.295  1229  1229 D SubscriptionController: [getActiveSubInfoList]+
11-24 21:54:54.295  1229  1229 D SubscriptionController: selection:sim_id>=0 null
11-24 21:54:54.298  1229  1229 D TelephonyManager: getTelephonyProperty: return propVal='cn' phoneId=0 property='gsm.sim.operator.iso-country' defaultVal='' prop=cn
11-24 21:54:54.298  1229  1229 D SubscriptionController: [getSubInfoRecord] id:1 iccid:DUMMY_NV_ID simSlotIndex:0 displayName:CARD 1 nameSource:0 iconTint:-16746133 dataRoaming:0 mcc:460 mnc:1 countIso:cn status:1 nwMode:10
11-24 21:54:54.299  1229  1229 D SubscriptionController: [getActiveSubInfoList]- 1 infos return
