11-24 22:01:02.248  1250  1250 I am_on_paused_called: [0,com.android.launcher3.Launcher]
11-24 22:01:02.252   778  1220 I am_restart_activity: [0,974875630,32,io.github.izzyleung.zhihudailypurify/.ui.activity.MainActivity]
11-24 22:01:02.307  2733  2733 I am_on_resume_called: [0,io.github.izzyleung.zhihudailypurify.ui.activity.MainActivity]
11-24 22:01:02.412   778   806 I am_activity_launch_time: [0,974875630,io.github.izzyleung.zhihudailypurify/.ui.activity.MainActivity,163,163]
11-24 22:01:02.720   190   190 I sf_frame_dur: [com.cyanogenmod.trebuchet/com.android.launcher3.Launcher,0,0,1,0,0,0,1]
11-24 22:01:07.590   778  1280 I am_home_stack_moved: [0,0,1,1,sourceStackToFront]
11-24 22:01:07.590   778  1280 I wm_task_moved: [32,1,0]
11-24 22:01:07.596   778  1280 I am_create_activity: [0,668482453,32,io.github.izzyleung.zhihudailypurify/.ui.activity.PickDateActivity,NULL,NULL,NULL,0]
11-24 22:01:07.596   778  1280 I am_pause_activity: [0,974875630,io.github.izzyleung.zhihudailypurify/.ui.activity.MainActivity]
11-24 22:01:07.599   778  1280 I am_home_stack_moved: [0,0,1,1,startedActivity setFocusedActivity]
11-24 22:01:07.602   778  1280 I am_focused_activity: [0,io.github.izzyleung.zhihudailypurify/.ui.activity.PickDateActivity]
11-24 22:01:07.603  2733  2733 I am_on_paused_called: [0,io.github.izzyleung.zhihudailypurify.ui.activity.MainActivity]
11-24 22:01:07.604   778  1267 I am_restart_activity: [0,668482453,32,io.github.izzyleung.zhihudailypurify/.ui.activity.PickDateActivity]
11-24 22:01:07.682  2733  2733 I am_on_resume_called: [0,io.github.izzyleung.zhihudailypurify.ui.activity.PickDateActivity]
11-24 22:01:07.995   778   806 I am_activity_launch_time: [0,668482453,io.github.izzyleung.zhihudailypurify/.ui.activity.PickDateActivity,392,392]
11-24 22:01:09.010   778  1267 I am_finish_activity: [0,668482453,32,io.github.izzyleung.zhihudailypurify/.ui.activity.PickDateActivity,app-request]
11-24 22:01:09.011   778  1267 I am_home_stack_moved: [0,0,1,1,finishActivity adjustTopFocus setFocusedActivity]
11-24 22:01:09.012   778  1267 I am_focused_activity: [0,io.github.izzyleung.zhihudailypurify/.ui.activity.MainActivity]
11-24 22:01:09.013   778  1267 I am_pause_activity: [0,668482453,io.github.izzyleung.zhihudailypurify/.ui.activity.PickDateActivity]
11-24 22:01:09.024  2733  2733 I am_on_paused_called: [0,io.github.izzyleung.zhihudailypurify.ui.activity.PickDateActivity]
11-24 22:01:09.026   778  1220 I am_resume_activity: [0,974875630,32,io.github.izzyleung.zhihudailypurify/.ui.activity.MainActivity]
11-24 22:01:09.047  2733  2733 I am_on_resume_called: [0,io.github.izzyleung.zhihudailypurify.ui.activity.MainActivity]
11-24 22:01:09.407   778   799 I am_destroy_activity: [0,668482453,32,io.github.izzyleung.zhihudailypurify/.ui.activity.PickDateActivity,finish-imm]
11-24 22:01:10.173   778  1219 I am_finish_activity: [0,974875630,32,io.github.izzyleung.zhihudailypurify/.ui.activity.MainActivity,app-request]
11-24 22:01:10.191   778  1219 I am_home_stack_moved: [0,1,0,0,finishActivity adjustFocus]
11-24 22:01:10.191   778  1219 I wm_task_moved: [1,1,0]
11-24 22:01:10.197   778  1219 I am_home_stack_moved: [0,1,0,0,finishActivity adjustTopFocus setFocusedActivity]
11-24 22:01:10.199   778  1219 I am_focused_activity: [0,com.cyanogenmod.trebuchet/com.android.launcher3.Launcher]
11-24 22:01:10.216   778  1219 I am_pause_activity: [0,974875630,io.github.izzyleung.zhihudailypurify/.ui.activity.MainActivity]
11-24 22:01:10.220  2733  2733 I am_on_paused_called: [0,io.github.izzyleung.zhihudailypurify.ui.activity.MainActivity]
11-24 22:01:10.233   778   795 I am_resume_activity: [0,368830383,1,com.cyanogenmod.trebuchet/com.android.launcher3.Launcher]
11-24 22:01:10.241  1250  1250 I am_on_resume_called: [0,com.android.launcher3.Launcher]
11-24 22:01:10.529   778   799 I am_destroy_activity: [0,974875630,32,io.github.izzyleung.zhihudailypurify/.ui.activity.MainActivity,finish-imm]
11-24 22:01:10.715   778   806 I wm_task_removed: [32,removeAppToken: last token]
11-24 22:01:10.715   778   806 I wm_task_removed: [32,removeTask]
11-24 22:01:13.458   778   795 I am_home_stack_moved: [0,0,1,1,startingNewTask]
11-24 22:01:13.458   778   795 I am_create_task: [0,33]
11-24 22:01:13.458   778   795 I am_create_activity: [0,638913409,33,io.github.izzyleung.zhihudailypurify/.ui.activity.MainActivity,android.intent.action.MAIN,NULL,NULL,270532608]
11-24 22:01:13.458   778   795 I wm_task_created: [33,1]
11-24 22:01:13.458   778   795 I wm_task_moved: [33,1,0]
11-24 22:01:13.458   778   795 I am_pause_activity: [0,368830383,com.cyanogenmod.trebuchet/com.android.launcher3.Launcher]
11-24 22:01:13.469   778   795 I am_home_stack_moved: [0,0,1,1,startedActivity setFocusedActivity]
11-24 22:01:13.471   778   795 I am_focused_activity: [0,io.github.izzyleung.zhihudailypurify/.ui.activity.MainActivity]
11-24 22:01:13.488  1250  1250 I am_on_paused_called: [0,com.android.launcher3.Launcher]
11-24 22:01:13.495   778  1267 I am_restart_activity: [0,638913409,33,io.github.izzyleung.zhihudailypurify/.ui.activity.MainActivity]
11-24 22:01:13.547  2733  2733 I am_on_resume_called: [0,io.github.izzyleung.zhihudailypurify.ui.activity.MainActivity]
11-24 22:01:13.668   778   806 I am_activity_launch_time: [0,638913409,io.github.izzyleung.zhihudailypurify/.ui.activity.MainActivity,176,176]
11-24 22:01:13.977   190   190 I sf_frame_dur: [com.cyanogenmod.trebuchet/com.android.launcher3.Launcher,0,0,0,1,0,0,1]
11-24 22:01:18.874   778  1218 I am_home_stack_moved: [0,0,1,1,sourceStackToFront]
11-24 22:01:18.874   778  1218 I wm_task_moved: [33,1,0]
11-24 22:01:18.881   778  1218 I am_create_activity: [0,986717252,33,io.github.izzyleung.zhihudailypurify/.ui.activity.PickDateActivity,NULL,NULL,NULL,0]
11-24 22:01:18.882   778  1218 I am_pause_activity: [0,638913409,io.github.izzyleung.zhihudailypurify/.ui.activity.MainActivity]
11-24 22:01:18.891   778  1218 I am_home_stack_moved: [0,0,1,1,startedActivity setFocusedActivity]
11-24 22:01:18.892   778  1218 I am_focused_activity: [0,io.github.izzyleung.zhihudailypurify/.ui.activity.PickDateActivity]
11-24 22:01:18.903  2733  2733 I am_on_paused_called: [0,io.github.izzyleung.zhihudailypurify.ui.activity.MainActivity]
11-24 22:01:18.905   778  1220 I am_restart_activity: [0,986717252,33,io.github.izzyleung.zhihudailypurify/.ui.activity.PickDateActivity]
11-24 22:01:18.967  2733  2733 I am_on_resume_called: [0,io.github.izzyleung.zhihudailypurify.ui.activity.PickDateActivity]
11-24 22:01:19.230   778   806 I am_activity_launch_time: [0,986717252,io.github.izzyleung.zhihudailypurify/.ui.activity.PickDateActivity,327,327]
11-24 22:01:20.248   778  1155 I am_finish_activity: [0,986717252,33,io.github.izzyleung.zhihudailypurify/.ui.activity.PickDateActivity,app-request]
11-24 22:01:20.249   778  1155 I am_home_stack_moved: [0,0,1,1,finishActivity adjustTopFocus setFocusedActivity]
11-24 22:01:20.249   778  1155 I am_focused_activity: [0,io.github.izzyleung.zhihudailypurify/.ui.activity.MainActivity]
11-24 22:01:20.249   778  1155 I am_pause_activity: [0,986717252,io.github.izzyleung.zhihudailypurify/.ui.activity.PickDateActivity]
11-24 22:01:20.262  2733  2733 I am_on_paused_called: [0,io.github.izzyleung.zhihudailypurify.ui.activity.PickDateActivity]
11-24 22:01:20.263   778  1220 I am_resume_activity: [0,638913409,33,io.github.izzyleung.zhihudailypurify/.ui.activity.MainActivity]
11-24 22:01:20.283  2733  2733 I am_on_resume_called: [0,io.github.izzyleung.zhihudailypurify.ui.activity.MainActivity]
11-24 22:01:20.647   778   799 I am_destroy_activity: [0,986717252,33,io.github.izzyleung.zhihudailypurify/.ui.activity.PickDateActivity,finish-imm]
11-24 22:01:21.409   778  1280 I am_finish_activity: [0,638913409,33,io.github.izzyleung.zhihudailypurify/.ui.activity.MainActivity,app-request]
11-24 22:01:21.416   778  1280 I am_home_stack_moved: [0,1,0,0,finishActivity adjustFocus]
11-24 22:01:21.420   778  1280 I wm_task_moved: [1,1,0]
11-24 22:01:21.442   778  1280 I am_home_stack_moved: [0,1,0,0,finishActivity adjustTopFocus setFocusedActivity]
11-24 22:01:21.451   778  1280 I am_focused_activity: [0,com.cyanogenmod.trebuchet/com.android.launcher3.Launcher]
11-24 22:01:21.472   778  1280 I am_pause_activity: [0,638913409,io.github.izzyleung.zhihudailypurify/.ui.activity.MainActivity]
11-24 22:01:21.476  2733  2733 I am_on_paused_called: [0,io.github.izzyleung.zhihudailypurify.ui.activity.MainActivity]
11-24 22:01:21.491   778   989 I am_resume_activity: [0,368830383,1,com.cyanogenmod.trebuchet/com.android.launcher3.Launcher]
11-24 22:01:21.499  1250  1250 I am_on_resume_called: [0,com.android.launcher3.Launcher]
11-24 22:01:21.786   778   799 I am_destroy_activity: [0,638913409,33,io.github.izzyleung.zhihudailypurify/.ui.activity.MainActivity,finish-imm]
11-24 22:01:21.955   778   806 I wm_task_removed: [33,removeAppToken: last token]
11-24 22:01:21.955   778   806 I wm_task_removed: [33,removeTask]
11-24 22:01:24.764   778  1219 I am_home_stack_moved: [0,0,1,1,startingNewTask]
11-24 22:01:24.764   778  1219 I am_create_task: [0,34]
11-24 22:01:24.764   778  1219 I am_create_activity: [0,1033874912,34,io.github.izzyleung.zhihudailypurify/.ui.activity.MainActivity,android.intent.action.MAIN,NULL,NULL,270532608]
11-24 22:01:24.765   778  1219 I wm_task_created: [34,1]
11-24 22:01:24.765   778  1219 I wm_task_moved: [34,1,0]
11-24 22:01:24.772   778  1219 I am_pause_activity: [0,368830383,com.cyanogenmod.trebuchet/com.android.launcher3.Launcher]
11-24 22:01:24.774   778  1219 I am_home_stack_moved: [0,0,1,1,startedActivity setFocusedActivity]
11-24 22:01:24.776   778  1219 I am_focused_activity: [0,io.github.izzyleung.zhihudailypurify/.ui.activity.MainActivity]
11-24 22:01:24.791  1250  1250 I am_on_paused_called: [0,com.android.launcher3.Launcher]
11-24 22:01:24.795   778  1155 I am_restart_activity: [0,1033874912,34,io.github.izzyleung.zhihudailypurify/.ui.activity.MainActivity]
11-24 22:01:24.844  2733  2733 I am_on_resume_called: [0,io.github.izzyleung.zhihudailypurify.ui.activity.MainActivity]
11-24 22:01:24.945   778   806 I am_activity_launch_time: [0,1033874912,io.github.izzyleung.zhihudailypurify/.ui.activity.MainActivity,154,154]
11-24 22:01:25.268   190   190 I sf_frame_dur: [com.cyanogenmod.trebuchet/com.android.launcher3.Launcher,0,0,0,1,0,0,1]
11-24 22:01:30.183   778  1267 I am_home_stack_moved: [0,0,1,1,sourceStackToFront]
11-24 22:01:30.183   778  1267 I wm_task_moved: [34,1,0]
11-24 22:01:30.191   778  1267 I am_create_activity: [0,822988335,34,io.github.izzyleung.zhihudailypurify/.ui.activity.PickDateActivity,NULL,NULL,NULL,0]
11-24 22:01:30.194   778  1267 I am_pause_activity: [0,1033874912,io.github.izzyleung.zhihudailypurify/.ui.activity.MainActivity]
11-24 22:01:30.195   778  1267 I am_home_stack_moved: [0,0,1,1,startedActivity setFocusedActivity]
11-24 22:01:30.199   778  1267 I am_focused_activity: [0,io.github.izzyleung.zhihudailypurify/.ui.activity.PickDateActivity]
11-24 22:01:30.209  2733  2733 I am_on_paused_called: [0,io.github.izzyleung.zhihudailypurify.ui.activity.MainActivity]
11-24 22:01:30.210   778   795 I am_restart_activity: [0,822988335,34,io.github.izzyleung.zhihudailypurify/.ui.activity.PickDateActivity]
11-24 22:01:30.272  2733  2733 I am_on_resume_called: [0,io.github.izzyleung.zhihudailypurify.ui.activity.PickDateActivity]
11-24 22:01:30.523   778   806 I am_activity_launch_time: [0,822988335,io.github.izzyleung.zhihudailypurify/.ui.activity.PickDateActivity,313,313]
11-24 22:01:31.531   778   794 I am_finish_activity: [0,822988335,34,io.github.izzyleung.zhihudailypurify/.ui.activity.PickDateActivity,app-request]
11-24 22:01:31.532   778   794 I am_home_stack_moved: [0,0,1,1,finishActivity adjustTopFocus setFocusedActivity]
11-24 22:01:31.532   778   794 I am_focused_activity: [0,io.github.izzyleung.zhihudailypurify/.ui.activity.MainActivity]
11-24 22:01:31.533   778   794 I am_pause_activity: [0,822988335,io.github.izzyleung.zhihudailypurify/.ui.activity.PickDateActivity]
11-24 22:01:31.540  2733  2733 I am_on_paused_called: [0,io.github.izzyleung.zhihudailypurify.ui.activity.PickDateActivity]
11-24 22:01:31.542   778  1155 I am_resume_activity: [0,1033874912,34,io.github.izzyleung.zhihudailypurify/.ui.activity.MainActivity]
11-24 22:01:31.563  2733  2733 I am_on_resume_called: [0,io.github.izzyleung.zhihudailypurify.ui.activity.MainActivity]
11-24 22:01:31.922   778   799 I am_destroy_activity: [0,822988335,34,io.github.izzyleung.zhihudailypurify/.ui.activity.PickDateActivity,finish-imm]
11-24 22:01:32.693   778   794 I am_finish_activity: [0,1033874912,34,io.github.izzyleung.zhihudailypurify/.ui.activity.MainActivity,app-request]
11-24 22:01:32.694   778   794 I am_home_stack_moved: [0,1,0,0,finishActivity adjustFocus]
11-24 22:01:32.694   778   794 I wm_task_moved: [1,1,0]
11-24 22:01:32.698   778   794 I am_home_stack_moved: [0,1,0,0,finishActivity adjustTopFocus setFocusedActivity]
11-24 22:01:32.700   778   794 I am_focused_activity: [0,com.cyanogenmod.trebuchet/com.android.launcher3.Launcher]
11-24 22:01:32.715   778   794 I am_pause_activity: [0,1033874912,io.github.izzyleung.zhihudailypurify/.ui.activity.MainActivity]
11-24 22:01:32.719  2733  2733 I am_on_paused_called: [0,io.github.izzyleung.zhihudailypurify.ui.activity.MainActivity]
11-24 22:01:32.736   778  1280 I am_resume_activity: [0,368830383,1,com.cyanogenmod.trebuchet/com.android.launcher3.Launcher]
11-24 22:01:32.745  1250  1250 I am_on_resume_called: [0,com.android.launcher3.Launcher]
11-24 22:01:33.027   778   799 I am_destroy_activity: [0,1033874912,34,io.github.izzyleung.zhihudailypurify/.ui.activity.MainActivity,finish-imm]
11-24 22:01:33.212   778   806 I wm_task_removed: [34,removeAppToken: last token]
11-24 22:01:33.212   778   806 I wm_task_removed: [34,removeTask]
11-24 22:01:35.946   778   986 I am_home_stack_moved: [0,0,1,1,startingNewTask]
11-24 22:01:35.947   778   986 I am_create_task: [0,35]
11-24 22:01:35.947   778   986 I am_create_activity: [0,250359867,35,io.github.izzyleung.zhihudailypurify/.ui.activity.MainActivity,android.intent.action.MAIN,NULL,NULL,270532608]
11-24 22:01:35.948   778   986 I wm_task_created: [35,1]
11-24 22:01:35.948   778   986 I wm_task_moved: [35,1,0]
11-24 22:01:35.961   778   986 I am_pause_activity: [0,368830383,com.cyanogenmod.trebuchet/com.android.launcher3.Launcher]
11-24 22:01:35.963   778   986 I am_home_stack_moved: [0,0,1,1,startedActivity setFocusedActivity]
11-24 22:01:35.965   778   986 I am_focused_activity: [0,io.github.izzyleung.zhihudailypurify/.ui.activity.MainActivity]
11-24 22:01:35.989  1250  1250 I am_on_paused_called: [0,com.android.launcher3.Launcher]
11-24 22:01:35.997   778  1212 I am_restart_activity: [0,250359867,35,io.github.izzyleung.zhihudailypurify/.ui.activity.MainActivity]
11-24 22:01:36.046  2733  2733 I am_on_resume_called: [0,io.github.izzyleung.zhihudailypurify.ui.activity.MainActivity]
11-24 22:01:36.162   778   806 I am_activity_launch_time: [0,250359867,io.github.izzyleung.zhihudailypurify/.ui.activity.MainActivity,169,169]
11-24 22:01:36.458   190   190 I sf_frame_dur: [com.cyanogenmod.trebuchet/com.android.launcher3.Launcher,0,0,1,0,0,0,1]
11-24 22:01:41.408   778  1267 I am_home_stack_moved: [0,0,1,1,sourceStackToFront]
11-24 22:01:41.408   778  1267 I wm_task_moved: [35,1,0]
11-24 22:01:41.416   778  1267 I am_create_activity: [0,509841478,35,io.github.izzyleung.zhihudailypurify/.ui.activity.PickDateActivity,NULL,NULL,NULL,0]
11-24 22:01:41.420   778  1267 I am_pause_activity: [0,250359867,io.github.izzyleung.zhihudailypurify/.ui.activity.MainActivity]
11-24 22:01:41.425   778  1267 I am_home_stack_moved: [0,0,1,1,startedActivity setFocusedActivity]
11-24 22:01:41.427   778  1267 I am_focused_activity: [0,io.github.izzyleung.zhihudailypurify/.ui.activity.PickDateActivity]
11-24 22:01:41.436  2733  2733 I am_on_paused_called: [0,io.github.izzyleung.zhihudailypurify.ui.activity.MainActivity]
11-24 22:01:41.438   778   989 I am_restart_activity: [0,509841478,35,io.github.izzyleung.zhihudailypurify/.ui.activity.PickDateActivity]
11-24 22:01:41.513  2733  2733 I am_on_resume_called: [0,io.github.izzyleung.zhihudailypurify.ui.activity.PickDateActivity]
11-24 22:01:41.665   778   806 I am_activity_launch_time: [0,509841478,io.github.izzyleung.zhihudailypurify/.ui.activity.PickDateActivity,227,227]
11-24 22:01:42.678   778  1218 I am_finish_activity: [0,509841478,35,io.github.izzyleung.zhihudailypurify/.ui.activity.PickDateActivity,app-request]
11-24 22:01:42.678   778  1218 I am_home_stack_moved: [0,0,1,1,finishActivity adjustTopFocus setFocusedActivity]
11-24 22:01:42.679   778  1218 I am_focused_activity: [0,io.github.izzyleung.zhihudailypurify/.ui.activity.MainActivity]
11-24 22:01:42.679   778  1218 I am_pause_activity: [0,509841478,io.github.izzyleung.zhihudailypurify/.ui.activity.PickDateActivity]
11-24 22:01:42.680  2733  2733 I am_on_paused_called: [0,io.github.izzyleung.zhihudailypurify.ui.activity.PickDateActivity]
11-24 22:01:42.682   778   794 I am_resume_activity: [0,250359867,35,io.github.izzyleung.zhihudailypurify/.ui.activity.MainActivity]
11-24 22:01:42.694  2733  2733 I am_on_resume_called: [0,io.github.izzyleung.zhihudailypurify.ui.activity.MainActivity]
11-24 22:01:43.044   778   799 I am_destroy_activity: [0,509841478,35,io.github.izzyleung.zhihudailypurify/.ui.activity.PickDateActivity,finish-imm]
11-24 22:01:43.835   778  1219 I am_finish_activity: [0,250359867,35,io.github.izzyleung.zhihudailypurify/.ui.activity.MainActivity,app-request]
11-24 22:01:43.843   778  1219 I am_home_stack_moved: [0,1,0,0,finishActivity adjustFocus]
11-24 22:01:43.843   778  1219 I wm_task_moved: [1,1,0]
11-24 22:01:43.853   778  1219 I am_home_stack_moved: [0,1,0,0,finishActivity adjustTopFocus setFocusedActivity]
11-24 22:01:43.856   778  1219 I am_focused_activity: [0,com.cyanogenmod.trebuchet/com.android.launcher3.Launcher]
11-24 22:01:43.872   778  1219 I am_pause_activity: [0,250359867,io.github.izzyleung.zhihudailypurify/.ui.activity.MainActivity]
11-24 22:01:43.875  2733  2733 I am_on_paused_called: [0,io.github.izzyleung.zhihudailypurify.ui.activity.MainActivity]
11-24 22:01:43.891   778  1221 I am_resume_activity: [0,368830383,1,com.cyanogenmod.trebuchet/com.android.launcher3.Launcher]
11-24 22:01:43.904  1250  1250 I am_on_resume_called: [0,com.android.launcher3.Launcher]
11-24 22:01:44.200   778   799 I am_destroy_activity: [0,250359867,35,io.github.izzyleung.zhihudailypurify/.ui.activity.MainActivity,finish-imm]
11-24 22:01:44.368   778   806 I wm_task_removed: [35,removeAppToken: last token]
11-24 22:01:44.368   778   806 I wm_task_removed: [35,removeTask]
11-24 22:01:47.114   778  1212 I am_home_stack_moved: [0,0,1,1,startingNewTask]
11-24 22:01:47.114   778  1212 I am_create_task: [0,36]
11-24 22:01:47.114   778  1212 I am_create_activity: [0,600648834,36,io.github.izzyleung.zhihudailypurify/.ui.activity.MainActivity,android.intent.action.MAIN,NULL,NULL,270532608]
11-24 22:01:47.114   778  1212 I wm_task_created: [36,1]
11-24 22:01:47.114   778  1212 I wm_task_moved: [36,1,0]
11-24 22:01:47.114   778  1212 I am_pause_activity: [0,368830383,com.cyanogenmod.trebuchet/com.android.launcher3.Launcher]
11-24 22:01:47.121   778  1212 I am_home_stack_moved: [0,0,1,1,startedActivity setFocusedActivity]
11-24 22:01:47.124   778  1212 I am_focused_activity: [0,io.github.izzyleung.zhihudailypurify/.ui.activity.MainActivity]
11-24 22:01:47.141  1250  1250 I am_on_paused_called: [0,com.android.launcher3.Launcher]
11-24 22:01:47.147   778  1221 I am_restart_activity: [0,600648834,36,io.github.izzyleung.zhihudailypurify/.ui.activity.MainActivity]
11-24 22:01:47.200  2733  2733 I am_on_resume_called: [0,io.github.izzyleung.zhihudailypurify.ui.activity.MainActivity]
11-24 22:01:47.309   778   806 I am_activity_launch_time: [0,600648834,io.github.izzyleung.zhihudailypurify/.ui.activity.MainActivity,167,167]
11-24 22:01:47.631   190   190 I sf_frame_dur: [com.cyanogenmod.trebuchet/com.android.launcher3.Launcher,0,0,1,0,0,0,1]
11-24 22:01:52.533   778   795 I am_home_stack_moved: [0,0,1,1,sourceStackToFront]
11-24 22:01:52.533   778   795 I wm_task_moved: [36,1,0]
11-24 22:01:52.538   778   795 I am_create_activity: [0,973047097,36,io.github.izzyleung.zhihudailypurify/.ui.activity.PickDateActivity,NULL,NULL,NULL,0]
11-24 22:01:52.546   778   795 I am_pause_activity: [0,600648834,io.github.izzyleung.zhihudailypurify/.ui.activity.MainActivity]
11-24 22:01:52.555   778   795 I am_home_stack_moved: [0,0,1,1,startedActivity setFocusedActivity]
11-24 22:01:52.557   778   795 I am_focused_activity: [0,io.github.izzyleung.zhihudailypurify/.ui.activity.PickDateActivity]
11-24 22:01:52.564  2733  2733 I am_on_paused_called: [0,io.github.izzyleung.zhihudailypurify.ui.activity.MainActivity]
11-24 22:01:52.566   778  1220 I am_restart_activity: [0,973047097,36,io.github.izzyleung.zhihudailypurify/.ui.activity.PickDateActivity]
11-24 22:01:52.637  2733  2733 I am_on_resume_called: [0,io.github.izzyleung.zhihudailypurify.ui.activity.PickDateActivity]
11-24 22:01:52.915   778   806 I am_activity_launch_time: [0,973047097,io.github.izzyleung.zhihudailypurify/.ui.activity.PickDateActivity,351,351]
11-24 22:01:53.933   778   986 I am_finish_activity: [0,973047097,36,io.github.izzyleung.zhihudailypurify/.ui.activity.PickDateActivity,app-request]
11-24 22:01:53.933   778   986 I am_home_stack_moved: [0,0,1,1,finishActivity adjustTopFocus setFocusedActivity]
11-24 22:01:53.934   778   986 I am_focused_activity: [0,io.github.izzyleung.zhihudailypurify/.ui.activity.MainActivity]
11-24 22:01:53.934   778   986 I am_pause_activity: [0,973047097,io.github.izzyleung.zhihudailypurify/.ui.activity.PickDateActivity]
11-24 22:01:53.936  2733  2733 I am_on_paused_called: [0,io.github.izzyleung.zhihudailypurify.ui.activity.PickDateActivity]
11-24 22:01:53.938   778  1212 I am_resume_activity: [0,600648834,36,io.github.izzyleung.zhihudailypurify/.ui.activity.MainActivity]
11-24 22:01:53.953  2733  2733 I am_on_resume_called: [0,io.github.izzyleung.zhihudailypurify.ui.activity.MainActivity]
11-24 22:01:54.319   778   799 I am_destroy_activity: [0,973047097,36,io.github.izzyleung.zhihudailypurify/.ui.activity.PickDateActivity,finish-imm]
11-24 22:01:55.081   778   986 I am_finish_activity: [0,600648834,36,io.github.izzyleung.zhihudailypurify/.ui.activity.MainActivity,app-request]
11-24 22:01:55.087   778   986 I am_home_stack_moved: [0,1,0,0,finishActivity adjustFocus]
11-24 22:01:55.087   778   986 I wm_task_moved: [1,1,0]
11-24 22:01:55.101   778   986 I am_home_stack_moved: [0,1,0,0,finishActivity adjustTopFocus setFocusedActivity]
11-24 22:01:55.109   778   986 I am_focused_activity: [0,com.cyanogenmod.trebuchet/com.android.launcher3.Launcher]
11-24 22:01:55.126   778   986 I am_pause_activity: [0,600648834,io.github.izzyleung.zhihudailypurify/.ui.activity.MainActivity]
11-24 22:01:55.131  2733  2733 I am_on_paused_called: [0,io.github.izzyleung.zhihudailypurify.ui.activity.MainActivity]
11-24 22:01:55.146   778  1220 I am_resume_activity: [0,368830383,1,com.cyanogenmod.trebuchet/com.android.launcher3.Launcher]
11-24 22:01:55.156  1250  1250 I am_on_resume_called: [0,com.android.launcher3.Launcher]
11-24 22:01:55.476   778   799 I am_destroy_activity: [0,600648834,36,io.github.izzyleung.zhihudailypurify/.ui.activity.MainActivity,finish-imm]
11-24 22:01:55.644   778   806 I wm_task_removed: [36,removeAppToken: last token]
11-24 22:01:55.644   778   806 I wm_task_removed: [36,removeTask]
11-24 22:01:58.294   778   989 I am_home_stack_moved: [0,0,1,1,startingNewTask]
11-24 22:01:58.294   778   989 I am_create_task: [0,37]
11-24 22:01:58.294   778   989 I am_create_activity: [0,820186213,37,io.github.izzyleung.zhihudailypurify/.ui.activity.MainActivity,android.intent.action.MAIN,NULL,NULL,270532608]
11-24 22:01:58.295   778   989 I wm_task_created: [37,1]
11-24 22:01:58.295   778   989 I wm_task_moved: [37,1,0]
11-24 22:01:58.295   778   989 I am_pause_activity: [0,368830383,com.cyanogenmod.trebuchet/com.android.launcher3.Launcher]
11-24 22:01:58.296   778   989 I am_home_stack_moved: [0,0,1,1,startedActivity setFocusedActivity]
11-24 22:01:58.299   778   989 I am_focused_activity: [0,io.github.izzyleung.zhihudailypurify/.ui.activity.MainActivity]
11-24 22:01:58.308  1250  1250 I am_on_paused_called: [0,com.android.launcher3.Launcher]
11-24 22:01:58.315   778  1155 I am_restart_activity: [0,820186213,37,io.github.izzyleung.zhihudailypurify/.ui.activity.MainActivity]
11-24 22:01:58.377  2733  2733 I am_on_resume_called: [0,io.github.izzyleung.zhihudailypurify.ui.activity.MainActivity]
11-24 22:01:58.482   778   806 I am_activity_launch_time: [0,820186213,io.github.izzyleung.zhihudailypurify/.ui.activity.MainActivity,170,170]
11-24 22:01:58.788   190   190 I sf_frame_dur: [com.cyanogenmod.trebuchet/com.android.launcher3.Launcher,0,0,1,0,0,0,1]
11-24 22:02:03.726   778   794 I am_home_stack_moved: [0,0,1,1,sourceStackToFront]
11-24 22:02:03.726   778   794 I wm_task_moved: [37,1,0]
11-24 22:02:03.742   778   794 I am_create_activity: [0,591585912,37,io.github.izzyleung.zhihudailypurify/.ui.activity.PickDateActivity,NULL,NULL,NULL,0]
11-24 22:02:03.744   778   794 I am_pause_activity: [0,820186213,io.github.izzyleung.zhihudailypurify/.ui.activity.MainActivity]
11-24 22:02:03.747   778   794 I am_home_stack_moved: [0,0,1,1,startedActivity setFocusedActivity]
11-24 22:02:03.750   778   794 I am_focused_activity: [0,io.github.izzyleung.zhihudailypurify/.ui.activity.PickDateActivity]
11-24 22:02:03.757  2733  2733 I am_on_paused_called: [0,io.github.izzyleung.zhihudailypurify.ui.activity.MainActivity]
11-24 22:02:03.759   778  1212 I am_restart_activity: [0,591585912,37,io.github.izzyleung.zhihudailypurify/.ui.activity.PickDateActivity]
11-24 22:02:03.822  2733  2733 I am_on_resume_called: [0,io.github.izzyleung.zhihudailypurify.ui.activity.PickDateActivity]
11-24 22:02:04.057   778   806 I am_activity_launch_time: [0,591585912,io.github.izzyleung.zhihudailypurify/.ui.activity.PickDateActivity,299,299]
11-24 22:02:05.068   778   795 I am_finish_activity: [0,591585912,37,io.github.izzyleung.zhihudailypurify/.ui.activity.PickDateActivity,app-request]
11-24 22:02:05.068   778   795 I am_home_stack_moved: [0,0,1,1,finishActivity adjustTopFocus setFocusedActivity]
11-24 22:02:05.069   778   795 I am_focused_activity: [0,io.github.izzyleung.zhihudailypurify/.ui.activity.MainActivity]
11-24 22:02:05.070   778   795 I am_pause_activity: [0,591585912,io.github.izzyleung.zhihudailypurify/.ui.activity.PickDateActivity]
11-24 22:02:05.078  2733  2733 I am_on_paused_called: [0,io.github.izzyleung.zhihudailypurify.ui.activity.PickDateActivity]
11-24 22:02:05.079   778   989 I am_resume_activity: [0,820186213,37,io.github.izzyleung.zhihudailypurify/.ui.activity.MainActivity]
11-24 22:02:05.102  2733  2733 I am_on_resume_called: [0,io.github.izzyleung.zhihudailypurify.ui.activity.MainActivity]
11-24 22:02:05.458   778   799 I am_destroy_activity: [0,591585912,37,io.github.izzyleung.zhihudailypurify/.ui.activity.PickDateActivity,finish-imm]
11-24 22:02:06.221   778  1219 I am_finish_activity: [0,820186213,37,io.github.izzyleung.zhihudailypurify/.ui.activity.MainActivity,app-request]
11-24 22:02:06.239   778  1219 I am_home_stack_moved: [0,1,0,0,finishActivity adjustFocus]
11-24 22:02:06.239   778  1219 I wm_task_moved: [1,1,0]
11-24 22:02:06.251   778  1219 I am_home_stack_moved: [0,1,0,0,finishActivity adjustTopFocus setFocusedActivity]
11-24 22:02:06.259   778  1219 I am_focused_activity: [0,com.cyanogenmod.trebuchet/com.android.launcher3.Launcher]
11-24 22:02:06.293   778  1219 I am_pause_activity: [0,820186213,io.github.izzyleung.zhihudailypurify/.ui.activity.MainActivity]
11-24 22:02:06.300  2733  2733 I am_on_paused_called: [0,io.github.izzyleung.zhihudailypurify.ui.activity.MainActivity]
11-24 22:02:06.311   778  1212 I am_resume_activity: [0,368830383,1,com.cyanogenmod.trebuchet/com.android.launcher3.Launcher]
11-24 22:02:06.320  1250  1250 I am_on_resume_called: [0,com.android.launcher3.Launcher]
11-24 22:02:06.615   778   799 I am_destroy_activity: [0,820186213,37,io.github.izzyleung.zhihudailypurify/.ui.activity.MainActivity,finish-imm]
11-24 22:02:06.783   778   806 I wm_task_removed: [37,removeAppToken: last token]
11-24 22:02:06.783   778   806 I wm_task_removed: [37,removeTask]
11-24 22:02:09.527   778  1212 I am_home_stack_moved: [0,0,1,1,startingNewTask]
11-24 22:02:09.527   778  1212 I am_create_task: [0,38]
11-24 22:02:09.527   778  1212 I am_create_activity: [0,985458772,38,io.github.izzyleung.zhihudailypurify/.ui.activity.MainActivity,android.intent.action.MAIN,NULL,NULL,270532608]
11-24 22:02:09.527   778  1212 I wm_task_created: [38,1]
11-24 22:02:09.527   778  1212 I wm_task_moved: [38,1,0]
11-24 22:02:09.529   778  1212 I am_pause_activity: [0,368830383,com.cyanogenmod.trebuchet/com.android.launcher3.Launcher]
11-24 22:02:09.532   778  1212 I am_home_stack_moved: [0,0,1,1,startedActivity setFocusedActivity]
11-24 22:02:09.534   778  1212 I am_focused_activity: [0,io.github.izzyleung.zhihudailypurify/.ui.activity.MainActivity]
11-24 22:02:09.556  1250  1250 I am_on_paused_called: [0,com.android.launcher3.Launcher]
11-24 22:02:09.561   778  1280 I am_restart_activity: [0,985458772,38,io.github.izzyleung.zhihudailypurify/.ui.activity.MainActivity]
11-24 22:02:09.616  2733  2733 I am_on_resume_called: [0,io.github.izzyleung.zhihudailypurify.ui.activity.MainActivity]
11-24 22:02:09.719   778   806 I am_activity_launch_time: [0,985458772,io.github.izzyleung.zhihudailypurify/.ui.activity.MainActivity,163,163]
11-24 22:02:10.045   190   190 I sf_frame_dur: [com.cyanogenmod.trebuchet/com.android.launcher3.Launcher,0,0,0,1,0,0,1]
11-24 22:02:14.922   778  1220 I am_home_stack_moved: [0,0,1,1,sourceStackToFront]
11-24 22:02:14.922   778  1220 I wm_task_moved: [38,1,0]
11-24 22:02:14.928   778  1220 I am_create_activity: [0,1040472883,38,io.github.izzyleung.zhihudailypurify/.ui.activity.PickDateActivity,NULL,NULL,NULL,0]
11-24 22:02:14.931   778  1220 I am_pause_activity: [0,985458772,io.github.izzyleung.zhihudailypurify/.ui.activity.MainActivity]
11-24 22:02:14.934   778  1220 I am_home_stack_moved: [0,0,1,1,startedActivity setFocusedActivity]
11-24 22:02:14.936   778  1220 I am_focused_activity: [0,io.github.izzyleung.zhihudailypurify/.ui.activity.PickDateActivity]
11-24 22:02:14.942  2733  2733 I am_on_paused_called: [0,io.github.izzyleung.zhihudailypurify.ui.activity.MainActivity]
11-24 22:02:14.944   778  1155 I am_restart_activity: [0,1040472883,38,io.github.izzyleung.zhihudailypurify/.ui.activity.PickDateActivity]
11-24 22:02:15.012  2733  2733 I am_on_resume_called: [0,io.github.izzyleung.zhihudailypurify.ui.activity.PickDateActivity]
11-24 22:02:15.276   778   806 I am_activity_launch_time: [0,1040472883,io.github.izzyleung.zhihudailypurify/.ui.activity.PickDateActivity,334,334]
11-24 22:02:16.287   778  1220 I am_finish_activity: [0,1040472883,38,io.github.izzyleung.zhihudailypurify/.ui.activity.PickDateActivity,app-request]
11-24 22:02:16.288   778  1220 I am_home_stack_moved: [0,0,1,1,finishActivity adjustTopFocus setFocusedActivity]
11-24 22:02:16.289   778  1220 I am_focused_activity: [0,io.github.izzyleung.zhihudailypurify/.ui.activity.MainActivity]
11-24 22:02:16.289   778  1220 I am_pause_activity: [0,1040472883,io.github.izzyleung.zhihudailypurify/.ui.activity.PickDateActivity]
11-24 22:02:16.296  2733  2733 I am_on_paused_called: [0,io.github.izzyleung.zhihudailypurify.ui.activity.PickDateActivity]
11-24 22:02:16.298   778  1221 I am_resume_activity: [0,985458772,38,io.github.izzyleung.zhihudailypurify/.ui.activity.MainActivity]
11-24 22:02:16.322  2733  2733 I am_on_resume_called: [0,io.github.izzyleung.zhihudailypurify.ui.activity.MainActivity]
11-24 22:02:16.681   778   799 I am_destroy_activity: [0,1040472883,38,io.github.izzyleung.zhihudailypurify/.ui.activity.PickDateActivity,finish-imm]
11-24 22:02:17.448   778  1280 I am_finish_activity: [0,985458772,38,io.github.izzyleung.zhihudailypurify/.ui.activity.MainActivity,app-request]
11-24 22:02:17.455   778  1280 I am_home_stack_moved: [0,1,0,0,finishActivity adjustFocus]
11-24 22:02:17.455   778  1280 I wm_task_moved: [1,1,0]
11-24 22:02:17.481   778  1280 I am_home_stack_moved: [0,1,0,0,finishActivity adjustTopFocus setFocusedActivity]
11-24 22:02:17.486   778  1280 I am_focused_activity: [0,com.cyanogenmod.trebuchet/com.android.launcher3.Launcher]
11-24 22:02:17.501   778  1280 I am_pause_activity: [0,985458772,io.github.izzyleung.zhihudailypurify/.ui.activity.MainActivity]
11-24 22:02:17.505  2733  2733 I am_on_paused_called: [0,io.github.izzyleung.zhihudailypurify.ui.activity.MainActivity]
11-24 22:02:17.515   778   986 I am_resume_activity: [0,368830383,1,com.cyanogenmod.trebuchet/com.android.launcher3.Launcher]
11-24 22:02:17.526  1250  1250 I am_on_resume_called: [0,com.android.launcher3.Launcher]
11-24 22:02:17.836   778   799 I am_destroy_activity: [0,985458772,38,io.github.izzyleung.zhihudailypurify/.ui.activity.MainActivity,finish-imm]
11-24 22:02:18.005   778   806 I wm_task_removed: [38,removeAppToken: last token]
11-24 22:02:18.005   778   806 I wm_task_removed: [38,removeTask]
11-24 22:02:20.729   778  1212 I am_home_stack_moved: [0,0,1,1,startingNewTask]
11-24 22:02:20.729   778  1212 I am_create_task: [0,39]
11-24 22:02:20.729   778  1212 I am_create_activity: [0,278094463,39,io.github.izzyleung.zhihudailypurify/.ui.activity.MainActivity,android.intent.action.MAIN,NULL,NULL,270532608]
11-24 22:02:20.730   778  1212 I wm_task_created: [39,1]
11-24 22:02:20.730   778  1212 I wm_task_moved: [39,1,0]
11-24 22:02:20.737   778  1212 I am_pause_activity: [0,368830383,com.cyanogenmod.trebuchet/com.android.launcher3.Launcher]
11-24 22:02:20.742   778  1212 I am_home_stack_moved: [0,0,1,1,startedActivity setFocusedActivity]
11-24 22:02:20.744   778  1212 I am_focused_activity: [0,io.github.izzyleung.zhihudailypurify/.ui.activity.MainActivity]
11-24 22:02:20.758  1250  1250 I am_on_paused_called: [0,com.android.launcher3.Launcher]
11-24 22:02:20.762   778  1219 I am_restart_activity: [0,278094463,39,io.github.izzyleung.zhihudailypurify/.ui.activity.MainActivity]
11-24 22:02:20.769   778   799 I dvm_lock_sample: [system_server,1,ActivityManager,10,ActivityStackSupervisor.java,3544,ActivityManagerService.java,6460,2]
11-24 22:02:20.820  2733  2733 I am_on_resume_called: [0,io.github.izzyleung.zhihudailypurify.ui.activity.MainActivity]
11-24 22:02:20.917   778   806 I am_activity_launch_time: [0,278094463,io.github.izzyleung.zhihudailypurify/.ui.activity.MainActivity,159,159]
11-24 22:02:21.234   190   190 I sf_frame_dur: [com.cyanogenmod.trebuchet/com.android.launcher3.Launcher,0,0,1,0,0,0,1]
11-24 22:02:26.163   778  1280 I am_home_stack_moved: [0,0,1,1,sourceStackToFront]
11-24 22:02:26.164   778  1280 I wm_task_moved: [39,1,0]
11-24 22:02:26.169   778  1280 I am_create_activity: [0,367310682,39,io.github.izzyleung.zhihudailypurify/.ui.activity.PickDateActivity,NULL,NULL,NULL,0]
11-24 22:02:26.173   778  1280 I am_pause_activity: [0,278094463,io.github.izzyleung.zhihudailypurify/.ui.activity.MainActivity]
11-24 22:02:26.179   778  1280 I am_home_stack_moved: [0,0,1,1,startedActivity setFocusedActivity]
11-24 22:02:26.184   778  1280 I am_focused_activity: [0,io.github.izzyleung.zhihudailypurify/.ui.activity.PickDateActivity]
11-24 22:02:26.190  2733  2733 I am_on_paused_called: [0,io.github.izzyleung.zhihudailypurify.ui.activity.MainActivity]
11-24 22:02:26.194   778  1212 I am_restart_activity: [0,367310682,39,io.github.izzyleung.zhihudailypurify/.ui.activity.PickDateActivity]
11-24 22:02:26.251  2733  2733 I am_on_resume_called: [0,io.github.izzyleung.zhihudailypurify.ui.activity.PickDateActivity]
11-24 22:02:26.506   778   806 I am_activity_launch_time: [0,367310682,io.github.izzyleung.zhihudailypurify/.ui.activity.PickDateActivity,315,315]
11-24 22:02:27.516   778  1218 I am_finish_activity: [0,367310682,39,io.github.izzyleung.zhihudailypurify/.ui.activity.PickDateActivity,app-request]
11-24 22:02:27.516   778  1218 I am_home_stack_moved: [0,0,1,1,finishActivity adjustTopFocus setFocusedActivity]
11-24 22:02:27.518   778  1218 I am_focused_activity: [0,io.github.izzyleung.zhihudailypurify/.ui.activity.MainActivity]
11-24 22:02:27.519   778  1218 I am_pause_activity: [0,367310682,io.github.izzyleung.zhihudailypurify/.ui.activity.PickDateActivity]
11-24 22:02:27.523  2733  2733 I am_on_paused_called: [0,io.github.izzyleung.zhihudailypurify.ui.activity.PickDateActivity]
11-24 22:02:27.525   778  1212 I am_resume_activity: [0,278094463,39,io.github.izzyleung.zhihudailypurify/.ui.activity.MainActivity]
11-24 22:02:27.538  2733  2733 I am_on_resume_called: [0,io.github.izzyleung.zhihudailypurify.ui.activity.MainActivity]
11-24 22:02:27.905   778   799 I am_destroy_activity: [0,367310682,39,io.github.izzyleung.zhihudailypurify/.ui.activity.PickDateActivity,finish-imm]
11-24 22:02:28.686   778   986 I am_finish_activity: [0,278094463,39,io.github.izzyleung.zhihudailypurify/.ui.activity.MainActivity,app-request]
11-24 22:02:28.701   778   986 I am_home_stack_moved: [0,1,0,0,finishActivity adjustFocus]
11-24 22:02:28.701   778   986 I wm_task_moved: [1,1,0]
11-24 22:02:28.704   778   986 I am_home_stack_moved: [0,1,0,0,finishActivity adjustTopFocus setFocusedActivity]
11-24 22:02:28.708   778   986 I am_focused_activity: [0,com.cyanogenmod.trebuchet/com.android.launcher3.Launcher]
11-24 22:02:28.724   778   986 I am_pause_activity: [0,278094463,io.github.izzyleung.zhihudailypurify/.ui.activity.MainActivity]
11-24 22:02:28.731  2733  2733 I am_on_paused_called: [0,io.github.izzyleung.zhihudailypurify.ui.activity.MainActivity]
11-24 22:02:28.740   778  1280 I am_resume_activity: [0,368830383,1,com.cyanogenmod.trebuchet/com.android.launcher3.Launcher]
11-24 22:02:28.753  1250  1250 I am_on_resume_called: [0,com.android.launcher3.Launcher]
11-24 22:02:29.045   778   799 I am_destroy_activity: [0,278094463,39,io.github.izzyleung.zhihudailypurify/.ui.activity.MainActivity,finish-imm]
11-24 22:02:29.230   778   806 I wm_task_removed: [39,removeAppToken: last token]
11-24 22:02:29.230   778   806 I wm_task_removed: [39,removeTask]
11-24 22:02:31.968   778  1219 I am_home_stack_moved: [0,0,1,1,startingNewTask]
11-24 22:02:31.968   778  1219 I am_create_task: [0,40]
11-24 22:02:31.968   778  1219 I am_create_activity: [0,85945814,40,io.github.izzyleung.zhihudailypurify/.ui.activity.MainActivity,android.intent.action.MAIN,NULL,NULL,270532608]
11-24 22:02:31.968   778  1219 I wm_task_created: [40,1]
11-24 22:02:31.968   778  1219 I wm_task_moved: [40,1,0]
11-24 22:02:31.969   778  1219 I am_pause_activity: [0,368830383,com.cyanogenmod.trebuchet/com.android.launcher3.Launcher]
11-24 22:02:31.971   778  1219 I am_home_stack_moved: [0,0,1,1,startedActivity setFocusedActivity]
11-24 22:02:31.980   778  1219 I am_focused_activity: [0,io.github.izzyleung.zhihudailypurify/.ui.activity.MainActivity]
11-24 22:02:31.999  1250  1250 I am_on_paused_called: [0,com.android.launcher3.Launcher]
11-24 22:02:32.006   778  1218 I am_restart_activity: [0,85945814,40,io.github.izzyleung.zhihudailypurify/.ui.activity.MainActivity]
11-24 22:02:32.054  2733  2733 I am_on_resume_called: [0,io.github.izzyleung.zhihudailypurify.ui.activity.MainActivity]
11-24 22:02:32.154   778   806 I am_activity_launch_time: [0,85945814,io.github.izzyleung.zhihudailypurify/.ui.activity.MainActivity,154,154]
11-24 22:02:32.476   190   190 I sf_frame_dur: [com.cyanogenmod.trebuchet/com.android.launcher3.Launcher,0,0,0,1,0,0,1]
11-24 22:02:37.379   778   794 I am_home_stack_moved: [0,0,1,1,sourceStackToFront]
11-24 22:02:37.380   778   794 I wm_task_moved: [40,1,0]
11-24 22:02:37.385   778   794 I am_create_activity: [0,635455133,40,io.github.izzyleung.zhihudailypurify/.ui.activity.PickDateActivity,NULL,NULL,NULL,0]
11-24 22:02:37.389   778   794 I am_pause_activity: [0,85945814,io.github.izzyleung.zhihudailypurify/.ui.activity.MainActivity]
11-24 22:02:37.394   778   794 I am_home_stack_moved: [0,0,1,1,startedActivity setFocusedActivity]
11-24 22:02:37.396   778   794 I am_focused_activity: [0,io.github.izzyleung.zhihudailypurify/.ui.activity.PickDateActivity]
11-24 22:02:37.408  2733  2733 I am_on_paused_called: [0,io.github.izzyleung.zhihudailypurify.ui.activity.MainActivity]
11-24 22:02:37.409   778   986 I am_restart_activity: [0,635455133,40,io.github.izzyleung.zhihudailypurify/.ui.activity.PickDateActivity]
11-24 22:02:37.479  2733  2733 I am_on_resume_called: [0,io.github.izzyleung.zhihudailypurify.ui.activity.PickDateActivity]
11-24 22:02:37.773   778   806 I am_activity_launch_time: [0,635455133,io.github.izzyleung.zhihudailypurify/.ui.activity.PickDateActivity,364,364]
11-24 22:02:38.781   778   989 I am_finish_activity: [0,635455133,40,io.github.izzyleung.zhihudailypurify/.ui.activity.PickDateActivity,app-request]
11-24 22:02:38.782   778   989 I am_home_stack_moved: [0,0,1,1,finishActivity adjustTopFocus setFocusedActivity]
11-24 22:02:38.782   778   989 I am_focused_activity: [0,io.github.izzyleung.zhihudailypurify/.ui.activity.MainActivity]
11-24 22:02:38.783   778   989 I am_pause_activity: [0,635455133,io.github.izzyleung.zhihudailypurify/.ui.activity.PickDateActivity]
11-24 22:02:38.795  2733  2733 I am_on_paused_called: [0,io.github.izzyleung.zhihudailypurify.ui.activity.PickDateActivity]
11-24 22:02:38.797   778   795 I am_resume_activity: [0,85945814,40,io.github.izzyleung.zhihudailypurify/.ui.activity.MainActivity]
11-24 22:02:38.821  2733  2733 I am_on_resume_called: [0,io.github.izzyleung.zhihudailypurify.ui.activity.MainActivity]
11-24 22:02:39.179   778   799 I am_destroy_activity: [0,635455133,40,io.github.izzyleung.zhihudailypurify/.ui.activity.PickDateActivity,finish-imm]
11-24 22:02:39.938   778  1218 I am_finish_activity: [0,85945814,40,io.github.izzyleung.zhihudailypurify/.ui.activity.MainActivity,app-request]
11-24 22:02:39.947   778  1218 I am_home_stack_moved: [0,1,0,0,finishActivity adjustFocus]
11-24 22:02:39.947   778  1218 I wm_task_moved: [1,1,0]
11-24 22:02:39.953   778  1218 I am_home_stack_moved: [0,1,0,0,finishActivity adjustTopFocus setFocusedActivity]
11-24 22:02:39.956   778  1218 I am_focused_activity: [0,com.cyanogenmod.trebuchet/com.android.launcher3.Launcher]
11-24 22:02:39.987   778  1218 I am_pause_activity: [0,85945814,io.github.izzyleung.zhihudailypurify/.ui.activity.MainActivity]
11-24 22:02:39.993  2733  2733 I am_on_paused_called: [0,io.github.izzyleung.zhihudailypurify.ui.activity.MainActivity]
11-24 22:02:40.001   778   795 I am_resume_activity: [0,368830383,1,com.cyanogenmod.trebuchet/com.android.launcher3.Launcher]
11-24 22:02:40.011  1250  1250 I am_on_resume_called: [0,com.android.launcher3.Launcher]
11-24 22:02:40.319   778   799 I am_destroy_activity: [0,85945814,40,io.github.izzyleung.zhihudailypurify/.ui.activity.MainActivity,finish-imm]
11-24 22:02:40.487   778   806 I wm_task_removed: [40,removeAppToken: last token]
11-24 22:02:40.487   778   806 I wm_task_removed: [40,removeTask]
11-24 22:02:43.227   778  1219 I am_home_stack_moved: [0,0,1,1,startingNewTask]
11-24 22:02:43.227   778  1219 I am_create_task: [0,41]
11-24 22:02:43.228   778  1219 I am_create_activity: [0,259961097,41,io.github.izzyleung.zhihudailypurify/.ui.activity.MainActivity,android.intent.action.MAIN,NULL,NULL,270532608]
11-24 22:02:43.231   778  1219 I wm_task_created: [41,1]
11-24 22:02:43.231   778  1219 I wm_task_moved: [41,1,0]
11-24 22:02:43.231   778  1219 I am_pause_activity: [0,368830383,com.cyanogenmod.trebuchet/com.android.launcher3.Launcher]
11-24 22:02:43.241   778  1219 I am_home_stack_moved: [0,0,1,1,startedActivity setFocusedActivity]
11-24 22:02:43.242   778  1219 I am_focused_activity: [0,io.github.izzyleung.zhihudailypurify/.ui.activity.MainActivity]
11-24 22:02:43.257  1250  1250 I am_on_paused_called: [0,com.android.launcher3.Launcher]
11-24 22:02:43.263   778  1155 I am_restart_activity: [0,259961097,41,io.github.izzyleung.zhihudailypurify/.ui.activity.MainActivity]
11-24 22:02:43.312  2733  2733 I am_on_resume_called: [0,io.github.izzyleung.zhihudailypurify.ui.activity.MainActivity]
11-24 22:02:43.404   778   806 I am_activity_launch_time: [0,259961097,io.github.izzyleung.zhihudailypurify/.ui.activity.MainActivity,146,146]
11-24 22:02:43.749   190   190 I sf_frame_dur: [com.cyanogenmod.trebuchet/com.android.launcher3.Launcher,0,0,0,1,0,0,1]
11-24 22:02:48.634   778  1218 I am_home_stack_moved: [0,0,1,1,sourceStackToFront]
11-24 22:02:48.634   778  1218 I wm_task_moved: [41,1,0]
11-24 22:02:48.642   778  1218 I am_create_activity: [0,477798252,41,io.github.izzyleung.zhihudailypurify/.ui.activity.PickDateActivity,NULL,NULL,NULL,0]
11-24 22:02:48.648   778  1218 I am_pause_activity: [0,259961097,io.github.izzyleung.zhihudailypurify/.ui.activity.MainActivity]
11-24 22:02:48.656   778  1218 I am_home_stack_moved: [0,0,1,1,startedActivity setFocusedActivity]
11-24 22:02:48.658   778  1218 I am_focused_activity: [0,io.github.izzyleung.zhihudailypurify/.ui.activity.PickDateActivity]
11-24 22:02:48.666  2733  2733 I am_on_paused_called: [0,io.github.izzyleung.zhihudailypurify.ui.activity.MainActivity]
11-24 22:02:48.668   778  1219 I am_restart_activity: [0,477798252,41,io.github.izzyleung.zhihudailypurify/.ui.activity.PickDateActivity]
11-24 22:02:48.729  2733  2733 I am_on_resume_called: [0,io.github.izzyleung.zhihudailypurify.ui.activity.PickDateActivity]
11-24 22:02:48.975   778   806 I am_activity_launch_time: [0,477798252,io.github.izzyleung.zhihudailypurify/.ui.activity.PickDateActivity,309,309]
11-24 22:02:49.992   778  1267 I am_finish_activity: [0,477798252,41,io.github.izzyleung.zhihudailypurify/.ui.activity.PickDateActivity,app-request]
11-24 22:02:49.993   778  1267 I am_home_stack_moved: [0,0,1,1,finishActivity adjustTopFocus setFocusedActivity]
11-24 22:02:49.993   778  1267 I am_focused_activity: [0,io.github.izzyleung.zhihudailypurify/.ui.activity.MainActivity]
11-24 22:02:49.994   778  1267 I am_pause_activity: [0,477798252,io.github.izzyleung.zhihudailypurify/.ui.activity.PickDateActivity]
11-24 22:02:50.001  2733  2733 I am_on_paused_called: [0,io.github.izzyleung.zhihudailypurify.ui.activity.PickDateActivity]
11-24 22:02:50.004   778  1220 I am_resume_activity: [0,259961097,41,io.github.izzyleung.zhihudailypurify/.ui.activity.MainActivity]
11-24 22:02:50.028  2733  2733 I am_on_resume_called: [0,io.github.izzyleung.zhihudailypurify.ui.activity.MainActivity]
11-24 22:02:50.386   778   799 I am_destroy_activity: [0,477798252,41,io.github.izzyleung.zhihudailypurify/.ui.activity.PickDateActivity,finish-imm]
11-24 22:02:51.141   778  1267 I am_finish_activity: [0,259961097,41,io.github.izzyleung.zhihudailypurify/.ui.activity.MainActivity,app-request]
11-24 22:02:51.150   778  1267 I am_home_stack_moved: [0,1,0,0,finishActivity adjustFocus]
11-24 22:02:51.150   778  1267 I wm_task_moved: [1,1,0]
11-24 22:02:51.174   778  1267 I am_home_stack_moved: [0,1,0,0,finishActivity adjustTopFocus setFocusedActivity]
11-24 22:02:51.177   778  1267 I am_focused_activity: [0,com.cyanogenmod.trebuchet/com.android.launcher3.Launcher]
11-24 22:02:51.193   778  1267 I am_pause_activity: [0,259961097,io.github.izzyleung.zhihudailypurify/.ui.activity.MainActivity]
11-24 22:02:51.197  2733  2733 I am_on_paused_called: [0,io.github.izzyleung.zhihudailypurify.ui.activity.MainActivity]
11-24 22:02:51.207   778   986 I am_resume_activity: [0,368830383,1,com.cyanogenmod.trebuchet/com.android.launcher3.Launcher]
11-24 22:02:51.218  1250  1250 I am_on_resume_called: [0,com.android.launcher3.Launcher]
11-24 22:02:51.509   778   799 I am_destroy_activity: [0,259961097,41,io.github.izzyleung.zhihudailypurify/.ui.activity.MainActivity,finish-imm]
11-24 22:02:51.694   778   806 I wm_task_removed: [41,removeAppToken: last token]
11-24 22:02:51.695   778   806 I wm_task_removed: [41,removeTask]
11-24 22:02:54.456   778  1218 I am_home_stack_moved: [0,0,1,1,startingNewTask]
11-24 22:02:54.457   778  1218 I am_create_task: [0,42]
11-24 22:02:54.457   778  1218 I am_create_activity: [0,518387080,42,io.github.izzyleung.zhihudailypurify/.ui.activity.MainActivity,android.intent.action.MAIN,NULL,NULL,270532608]
11-24 22:02:54.458   778  1218 I wm_task_created: [42,1]
11-24 22:02:54.459   778  1218 I wm_task_moved: [42,1,0]
11-24 22:02:54.466   778  1218 I am_pause_activity: [0,368830383,com.cyanogenmod.trebuchet/com.android.launcher3.Launcher]
11-24 22:02:54.468   778  1218 I am_home_stack_moved: [0,0,1,1,startedActivity setFocusedActivity]
11-24 22:02:54.469   778  1218 I am_focused_activity: [0,io.github.izzyleung.zhihudailypurify/.ui.activity.MainActivity]
11-24 22:02:54.481  1250  1250 I am_on_paused_called: [0,com.android.launcher3.Launcher]
11-24 22:02:54.485   778   986 I am_restart_activity: [0,518387080,42,io.github.izzyleung.zhihudailypurify/.ui.activity.MainActivity]
11-24 22:02:54.532  2733  2733 I am_on_resume_called: [0,io.github.izzyleung.zhihudailypurify.ui.activity.MainActivity]
11-24 22:02:54.622   778   806 I am_activity_launch_time: [0,518387080,io.github.izzyleung.zhihudailypurify/.ui.activity.MainActivity,140,140]
11-24 22:02:54.974   190   190 I sf_frame_dur: [com.cyanogenmod.trebuchet/com.android.launcher3.Launcher,0,0,0,1,0,0,1]
11-24 22:02:59.855   778   794 I am_home_stack_moved: [0,0,1,1,sourceStackToFront]
11-24 22:02:59.855   778   794 I wm_task_moved: [42,1,0]
11-24 22:02:59.863   778   794 I am_create_activity: [0,50321911,42,io.github.izzyleung.zhihudailypurify/.ui.activity.PickDateActivity,NULL,NULL,NULL,0]
11-24 22:02:59.866   778   794 I am_pause_activity: [0,518387080,io.github.izzyleung.zhihudailypurify/.ui.activity.MainActivity]
