11-24 21:54:56.610  1984  1984 W ResourcesManager: Asset path '/system/framework/android.test.runner.jar' does not exist or contains no resources.
11-24 21:54:56.736   778  1280 I ActivityManager: Start proc 2010:com.android.managedprovisioning/u0a11 for broadcast com.android.managedprovisioning/.BootReminder
11-24 21:54:57.043   778  1155 I ActivityManager: Start proc 2039:com.android.mms/u0a12 for broadcast com.android.mms/.transaction.MmsSystemEventReceiver
11-24 21:54:57.180   778   795 D CountryDetector: The first listener is added
11-24 21:54:57.309   778  1155 I ActivityManager: Start proc 2074:com.android.onetimeinitializer/u0a13 for broadcast com.android.onetimeinitializer/.OneTimeInitializerReceiver
11-24 21:54:57.381   778  1219 I ActivityManager: Start proc 2102:com.android.calendar/u0a27 for broadcast com.android.calendar/.alerts.AlertReceiver
11-24 21:54:57.494   778  1220 I ActivityManager: Start proc 2128:com.android.email/u0a34 for broadcast com.android.email/.service.EmailBroadcastReceiver
11-24 21:54:57.647   778  1280 I ActivityManager: Start proc 2148:com.android.exchange/u0a35 for service com.android.exchange/.service.EasService
11-24 21:54:57.655  2128  2162 D ActivityThread: Loading provider com.android.email.provider;com.android.email.notifier: com.android.email.provider.EmailProvider
11-24 21:54:57.660  2128  2166 D ActivityThread: Loading provider com.android.email.provider;com.android.email.notifier: com.android.email.provider.EmailProvider
11-24 21:54:57.714   778   989 I ActivityManager: Start proc 2177:com.android.gallery3d/u0a37 for broadcast com.android.gallery3d/org.codeaurora.gallery3d.video.DmReceiver
11-24 21:54:57.734   778   986 W ActivityManager: Unable to start service Intent { cmp=com.android.email/.service.AttachmentService } U=0: not found
11-24 21:54:57.738   778   795 W ActivityManager: Unable to start service Intent { cmp=com.android.email/.service.AttachmentService } U=0: not found
11-24 21:54:57.739   778  1155 W ActivityManager: Unable to start service Intent { cmp=com.android.email/.service.AttachmentService } U=0: not found
11-24 21:54:57.767  2128  2128 E ActivityThread: Service com.android.email.service.EmailBroadcastProcessorService has leaked ServiceConnection com.android.emailcommon.service.ServiceProxy$ProxyConnection@115ee9f1 that was originally bound here
11-24 21:54:57.767  2128  2128 E ActivityThread: android.app.ServiceConnectionLeaked: Service com.android.email.service.EmailBroadcastProcessorService has leaked ServiceConnection com.android.emailcommon.service.ServiceProxy$ProxyConnection@115ee9f1 that was originally bound here
11-24 21:54:57.767  2128  2128 E ActivityThread: 	at android.app.LoadedApk$ServiceDispatcher.<init>(LoadedApk.java:1078)
11-24 21:54:57.767  2128  2128 E ActivityThread: 	at android.app.LoadedApk.getServiceDispatcher(LoadedApk.java:972)
11-24 21:54:57.767  2128  2128 E ActivityThread: 	at android.app.ContextImpl.bindServiceCommon(ContextImpl.java:1814)
11-24 21:54:57.767  2128  2128 E ActivityThread: 	at android.app.ContextImpl.bindService(ContextImpl.java:1797)
11-24 21:54:57.767  2128  2128 E ActivityThread: 	at android.content.ContextWrapper.bindService(ContextWrapper.java:545)
11-24 21:54:57.767  2128  2128 E ActivityThread: 	at com.android.emailcommon.service.ServiceProxy.setTask(ServiceProxy.java:189)
11-24 21:54:57.767  2128  2128 E ActivityThread: 	at com.android.emailcommon.service.ServiceProxy.test(ServiceProxy.java:234)
11-24 21:54:57.767  2128  2128 E ActivityThread: 	at com.android.email.service.EmailServiceUtils.isServiceAvailable(EmailServiceUtils.java:160)
11-24 21:54:57.767  2128  2128 E ActivityThread: 	at com.android.email.provider.AccountReconciler.reconcileAccountsInternal(AccountReconciler.java:171)
11-24 21:54:57.767  2128  2128 E ActivityThread: 	at com.android.email.provider.AccountReconciler.reconcileAccounts(AccountReconciler.java:115)
11-24 21:54:57.767  2128  2128 E ActivityThread: 	at com.android.email.service.EmailBroadcastProcessorService.reconcileAndStartServices(EmailBroadcastProcessorService.java:309)
11-24 21:54:57.767  2128  2128 E ActivityThread: 	at com.android.email.service.EmailBroadcastProcessorService.onBootCompleted(EmailBroadcastProcessorService.java:295)
11-24 21:54:57.767  2128  2128 E ActivityThread: 	at com.android.email.service.EmailBroadcastProcessorService.onHandleIntent(EmailBroadcastProcessorService.java:130)
11-24 21:54:57.767  2128  2128 E ActivityThread: 	at android.app.IntentService$ServiceHandler.handleMessage(IntentService.java:65)
11-24 21:54:57.767  2128  2128 E ActivityThread: 	at android.os.Handler.dispatchMessage(Handler.java:102)
11-24 21:54:57.767  2128  2128 E ActivityThread: 	at android.os.Looper.loop(Looper.java:135)
11-24 21:54:57.767  2128  2128 E ActivityThread: 	at android.os.HandlerThread.run(HandlerThread.java:61)
11-24 21:54:57.833   778   989 I ActivityManager: Killing 1538:com.cyanogenmod.eleven/u0a33 (adj 15): empty #17
11-24 21:54:57.871   778   989 I ActivityManager: Killing 1408:com.cyanogenmod.lockclock/u0a43 (adj 15): empty #17
11-24 21:54:57.992   778   986 I ActivityManager: Start proc 2202:com.cyanogenmod.lockclock/u0a43 for broadcast com.cyanogenmod.lockclock/.ClockWidgetProvider
11-24 21:54:58.032   778  1267 I ActivityManager: Killing 1296:android.process.acore/u0a6 (adj 15): empty #17
11-24 21:54:58.125   778   795 I ActivityManager: Start proc 2221:org.whispersystems.whisperpush/u0a60 for broadcast org.whispersystems.whisperpush/.service.DirectoryRefreshListener
11-24 21:54:58.281   778   989 I ActivityManager: Start proc 2240:android.process.acore/u0a6 for content provider com.android.providers.contacts/.ContactsProvider2
11-24 21:54:58.317   778  1212 I ActivityManager: Start proc 2260:com.qualcomm.qcrilmsgtunnel/1001 for broadcast com.qualcomm.qcrilmsgtunnel/.QcrilMsgTunnelAutoboot
11-24 21:54:58.320   778  1155 I ActivityManager: Killing 1822:com.android.deskclock/u0a31 (adj 15): empty #17
11-24 21:54:58.380   778  1155 I ActivityManager: Killing 1653:com.android.cellbroadcastreceiver/u0a5 (adj 15): empty #18
11-24 21:54:58.422   778   795 W ActivityManager: Unable to start service Intent { act=com.google.android.c2dm.intent.REGISTER pkg=com.google.android.gms (has extras) } U=0: not found
11-24 21:54:58.530   778   986 I ActivityManager: Start proc 2283:com.android.deskclock/u0a31 for broadcast com.android.deskclock/com.android.alarmclock.DigitalAppWidgetProvider
11-24 21:54:58.672   778  1219 I ActivityManager: Killing 1860:com.android.keychain/1000 (adj 15): empty #17
11-24 21:54:59.429   778   799 I ActivityManager: Start proc 2331:com.android.cellbroadcastreceiver/u0a5 for broadcast com.android.cellbroadcastreceiver/.CellBroadcastReceiver
11-24 21:54:59.743   778  1221 I ActivityManager: Killing 1891:com.android.dialer/u0a8 (adj 15): empty #17
11-24 21:55:05.819   778   778 D BackupManagerService: Received broadcast Intent { act=android.intent.action.PACKAGE_CHANGED dat=package:com.android.stk flg=0x4000010 (has extras) }
11-24 21:55:07.405   778   778 I ValidateNoPeople: skipping global notification
11-24 21:55:07.436   778   778 D ZenLog  : intercepted: -1|android|17040859|null|1000,none
11-24 21:55:07.437   778   778 V NotificationService: pkg=android canInterrupt=false intercept=true
11-24 21:55:11.182   778  1221 I WindowManager: Screenshot max retries 4 of Token{3b031c5f ActivityRecord{32640cfe u0 com.android.stk/.StkDialogActivity t2 f}} appWin=Window{298402f3 u0 com.android.stk/com.android.stk.StkDialogActivity} drawState=4
11-24 21:55:11.233   778  1219 I ActivityManager: START u0 {flg=0x74840000 cmp=com.android.stk/.StkDialogActivity (has extras)} from uid 1001 on display 0
11-24 21:55:11.237   778  1219 V WindowManager: addAppToken: AppWindowToken{2fd74532 token=Token{360cd93d ActivityRecord{e095a94 u0 com.android.stk/.StkDialogActivity t3}}} to stack=1 task=3 at 0
11-24 21:55:11.307   778   989 V WindowManager: Adding window Window{206b8c00 u0 com.android.stk/com.android.stk.StkDialogActivity} at 2 of 7 (after Window{387e68d5 u0 com.cyanogenmod.trebuchet/com.android.launcher3.Launcher})
11-24 21:55:12.510   778   799 I ActivityManager: Waited long enough for: ServiceRecord{b9b6d4b u0 com.android.calendar/.alerts.InitAlarmsService}
11-24 21:55:12.759   778   799 I ActivityManager: Waited long enough for: ServiceRecord{20063f3b u0 com.android.email/.service.LegacyImapSyncAdapterService}
11-24 21:55:12.935   778   794 I ActivityManager: START u0 {flg=0x10000000 cmp=com.qihoo.permmgr/com.qihoo.root.SplashActivity (has extras)} from uid 0 on display 0
11-24 21:55:13.475   778   799 I ActivityManager: Waited long enough for: ServiceRecord{21fe5870 u0 com.qualcomm.qcrilmsgtunnel/.QcrilMsgTunnelService}
11-24 21:55:22.987   778   794 I ActivityManager: START u0 {flg=0x10000000 cmp=com.qihoo.permmgr/com.qihoo.root.SplashActivity (has extras)} from uid 0 on display 0
11-24 21:55:27.567   778  1267 I ActivityManager: Killing 1959:com.cyanogenmod.updater/u0a3 (adj 15): empty #17
11-24 21:55:33.017   778   794 I ActivityManager: START u0 {flg=0x10000000 cmp=com.qihoo.permmgr/com.qihoo.root.SplashActivity (has extras)} from uid 0 on display 0
11-24 21:55:42.941   778   986 I ActivityManager: START u0 {flg=0x10000000 cmp=com.qihoo.permmgr/com.qihoo.root.SplashActivity (has extras)} from uid 0 on display 0
11-24 21:55:47.772   778   795 I ActivityManager: START u0 {act=android.intent.action.MAIN cat=[android.intent.category.LAUNCHER] flg=0x10200000 cmp=io.github.izzyleung.zhihudailypurify/.ui.activity.MainActivity (has extras)} from uid 10019 on display 0
11-24 21:55:47.775   778   795 V WindowManager: addAppToken: AppWindowToken{993ba1d token=Token{148db2f4 ActivityRecord{15f93cc7 u0 io.github.izzyleung.zhihudailypurify/.ui.activity.MainActivity t4}}} to stack=1 task=4 at 0
11-24 21:55:47.789   778   806 V WindowManager: Adding window Window{2ae86c8c u0 Starting io.github.izzyleung.zhihudailypurify} at 2 of 7 (after Window{387e68d5 u0 com.cyanogenmod.trebuchet/com.android.launcher3.Launcher})
11-24 21:55:47.823   778  1221 I ActivityManager: Start proc 2733:io.github.izzyleung.zhihudailypurify/u0a75 for activity io.github.izzyleung.zhihudailypurify/.ui.activity.MainActivity
11-24 21:55:48.188   778  1212 V WindowManager: Adding window Window{3403348e u0 io.github.izzyleung.zhihudailypurify/io.github.izzyleung.zhihudailypurify.ui.activity.MainActivity} at 2 of 8 (before Window{2ae86c8c u0 Starting io.github.izzyleung.zhihudailypurify})
11-24 21:55:53.033   778   801 W ProcessCpuTracker: Skipping unknown process pid 2982
11-24 21:55:53.124   778  1220 I ActivityManager: START u0 {flg=0x10000000 cmp=com.qihoo.permmgr/com.qihoo.root.SplashActivity (has extras)} from uid 0 on display 0
11-24 21:55:53.596   778  1280 I ActivityManager: START u0 {cmp=io.github.izzyleung.zhihudailypurify/.ui.activity.PickDateActivity} from uid 10075 on display 0
11-24 21:55:53.604   778  1280 V WindowManager: addAppToken: AppWindowToken{24217ca8 token=Token{840ccb ActivityRecord{21020b9a u0 io.github.izzyleung.zhihudailypurify/.ui.activity.PickDateActivity t4}}} to stack=1 task=4 at 1
11-24 21:55:53.750   778   986 V WindowManager: Adding window Window{3ce54766 u0 io.github.izzyleung.zhihudailypurify/io.github.izzyleung.zhihudailypurify.ui.activity.PickDateActivity} at 3 of 8 (after Window{3403348e u0 io.github.izzyleung.zhihudailypurify/io.github.izzyleung.zhihudailypurify.ui.activity.MainActivity})
11-24 21:55:56.626   778   799 I ActivityManager: Killing 2010:com.android.managedprovisioning/u0a11 (adj 15): empty #17
11-24 21:55:58.636   778   801 W ProcessCpuTracker: Skipping unknown process pid 3515
11-24 21:55:58.637   778   801 W ProcessCpuTracker: Skipping unknown process pid 3517
11-24 21:55:58.637   778   801 W ProcessCpuTracker: Skipping unknown process pid 3518
11-24 21:55:58.637   778   801 W ProcessCpuTracker: Skipping unknown process pid 3519
11-24 21:55:58.638   778   801 W ProcessCpuTracker: Skipping unknown process pid 3520
11-24 21:55:59.524   778   989 I ActivityManager: START u0 {act=android.intent.action.MAIN cat=[android.intent.category.LAUNCHER] flg=0x10200000 cmp=io.github.izzyleung.zhihudailypurify/.ui.activity.MainActivity (has extras)} from uid 10019 on display 0
11-24 21:55:59.537   778   989 V WindowManager: addAppToken: AppWindowToken{2b18a184 token=Token{9d78b97 ActivityRecord{3dc45616 u0 io.github.izzyleung.zhihudailypurify/.ui.activity.MainActivity t5}}} to stack=1 task=5 at 0
11-24 21:55:59.546   778   806 V WindowManager: Adding window Window{2eda568f u0 Starting io.github.izzyleung.zhihudailypurify} at 2 of 7 (after Window{387e68d5 u0 com.cyanogenmod.trebuchet/com.android.launcher3.Launcher})
11-24 21:55:59.633   778  1220 V WindowManager: Adding window Window{339c70c6 u0 io.github.izzyleung.zhihudailypurify/io.github.izzyleung.zhihudailypurify.ui.activity.MainActivity} at 2 of 8 (before Window{2eda568f u0 Starting io.github.izzyleung.zhihudailypurify})
11-24 21:56:03.051   778   928 D TaskPersister: removeObsoleteFile: deleting file=4_task.xml
11-24 21:56:03.052   778   928 D TaskPersister: removeObsoleteFile: deleting file=4_task_thumbnail.png
11-24 21:56:04.563   778   801 W ProcessCpuTracker: Skipping unknown process pid 4007
11-24 21:56:04.922   778   795 I ActivityManager: START u0 {cmp=io.github.izzyleung.zhihudailypurify/.ui.activity.PickDateActivity} from uid 10075 on display 0
11-24 21:56:04.945   778   795 V WindowManager: addAppToken: AppWindowToken{82f2623 token=Token{185ed352 ActivityRecord{181f4bdd u0 io.github.izzyleung.zhihudailypurify/.ui.activity.PickDateActivity t5}}} to stack=1 task=5 at 1
11-24 21:56:05.048   778  1267 V WindowManager: Adding window Window{3449c8d9 u0 io.github.izzyleung.zhihudailypurify/io.github.izzyleung.zhihudailypurify.ui.activity.PickDateActivity} at 3 of 8 (after Window{339c70c6 u0 io.github.izzyleung.zhihudailypurify/io.github.izzyleung.zhihudailypurify.ui.activity.MainActivity})
11-24 21:56:10.636   778  1218 I ActivityManager: START u0 {act=android.intent.action.MAIN cat=[android.intent.category.LAUNCHER] flg=0x10200000 cmp=io.github.izzyleung.zhihudailypurify/.ui.activity.MainActivity (has extras)} from uid 10019 on display 0
11-24 21:56:10.638   778  1218 V WindowManager: addAppToken: AppWindowToken{1a6486f token=Token{11c71f4e ActivityRecord{2d219a49 u0 io.github.izzyleung.zhihudailypurify/.ui.activity.MainActivity t6}}} to stack=1 task=6 at 0
11-24 21:56:10.643   778   806 V WindowManager: Adding window Window{2463ca26 u0 Starting io.github.izzyleung.zhihudailypurify} at 2 of 7 (after Window{387e68d5 u0 com.cyanogenmod.trebuchet/com.android.launcher3.Launcher})
11-24 21:56:10.721   778  1219 V WindowManager: Adding window Window{2b08a7b9 u0 io.github.izzyleung.zhihudailypurify/io.github.izzyleung.zhihudailypurify.ui.activity.MainActivity} at 2 of 8 (before Window{2463ca26 u0 Starting io.github.izzyleung.zhihudailypurify})
11-24 21:56:14.150   778   928 D TaskPersister: removeObsoleteFile: deleting file=5_task.xml
11-24 21:56:14.150   778   928 D TaskPersister: removeObsoleteFile: deleting file=5_task_thumbnail.png
11-24 21:56:16.017   778  1218 I ActivityManager: START u0 {cmp=io.github.izzyleung.zhihudailypurify/.ui.activity.PickDateActivity} from uid 10075 on display 0
11-24 21:56:16.024   778  1218 V WindowManager: addAppToken: AppWindowToken{c3f960a token=Token{29830675 ActivityRecord{14a399ac u0 io.github.izzyleung.zhihudailypurify/.ui.activity.PickDateActivity t6}}} to stack=1 task=6 at 1
11-24 21:56:16.115   778  1218 V WindowManager: Adding window Window{2086a498 u0 io.github.izzyleung.zhihudailypurify/io.github.izzyleung.zhihudailypurify.ui.activity.PickDateActivity} at 3 of 8 (after Window{2b08a7b9 u0 io.github.izzyleung.zhihudailypurify/io.github.izzyleung.zhihudailypurify.ui.activity.MainActivity})
11-24 21:56:21.894   778   795 I ActivityManager: START u0 {act=android.intent.action.MAIN cat=[android.intent.category.LAUNCHER] flg=0x10200000 cmp=io.github.izzyleung.zhihudailypurify/.ui.activity.MainActivity (has extras)} from uid 10019 on display 0
11-24 21:56:21.897   778   795 V WindowManager: addAppToken: AppWindowToken{1f0dbe07 token=Token{2f630c46 ActivityRecord{d65c021 u0 io.github.izzyleung.zhihudailypurify/.ui.activity.MainActivity t7}}} to stack=1 task=7 at 0
11-24 21:56:21.908   778   806 V WindowManager: Adding window Window{23015e1e u0 Starting io.github.izzyleung.zhihudailypurify} at 2 of 7 (after Window{387e68d5 u0 com.cyanogenmod.trebuchet/com.android.launcher3.Launcher})
11-24 21:56:22.006   778  1267 V WindowManager: Adding window Window{56df391 u0 io.github.izzyleung.zhihudailypurify/io.github.izzyleung.zhihudailypurify.ui.activity.MainActivity} at 2 of 8 (before Window{23015e1e u0 Starting io.github.izzyleung.zhihudailypurify})
11-24 21:56:24.683   778  1221 I ProcessStatsService: Added stats: 2016-11-24-21-53-57, over +30s933ms
11-24 21:56:24.686   778  1221 I ProcessStatsService: Added stats: 2016-11-24-20-13-03, over +1h38m18s160ms
11-24 21:56:24.690   778  1221 I ProcessStatsService: Added stats: 2016-11-24-18-49-53, over +1h22m54s733ms
11-24 21:56:24.694   778  1221 I ProcessStatsService: Added stats: 2016-11-24-18-43-42, over +5m57s342ms
11-24 21:56:24.698   778  1221 I ProcessStatsService: Added stats: 2016-11-24-18-41-51, over +1m35s925ms
11-24 21:56:24.701   778  1221 I ProcessStatsService: Added stats: 2016-11-24-15-43-03, over +2h58m32s714ms
11-24 21:56:24.705   778  1221 I ProcessStatsService: Added stats: 2016-11-24-12-42-42, over +3h0m21s12ms
11-24 21:56:24.711   778  1221 I ProcessStatsService: Added stats: 2016-11-24-09-41-10, over +3h1m31s648ms
11-24 21:56:24.717   778  1221 I ProcessStatsService: Added stats: 2016-11-24-06-35-36, over +3h5m15s379ms
11-24 21:56:24.868   778  1221 I ProcessStatsService: Added stats: 2016-11-24-21-53-57, over +30s933ms
11-24 21:56:24.871   778  1221 I ProcessStatsService: Added stats: 2016-11-24-20-13-03, over +1h38m18s160ms
11-24 21:56:25.404   778   928 D TaskPersister: removeObsoleteFile: deleting file=6_task.xml
11-24 21:56:25.405   778   928 D TaskPersister: removeObsoleteFile: deleting file=6_task_thumbnail.png
11-24 21:56:27.289   778  1267 I ActivityManager: START u0 {cmp=io.github.izzyleung.zhihudailypurify/.ui.activity.PickDateActivity} from uid 10075 on display 0
11-24 21:56:27.295   778  1267 V WindowManager: addAppToken: AppWindowToken{3aec23dc token=Token{3288c04f ActivityRecord{200b0aae u0 io.github.izzyleung.zhihudailypurify/.ui.activity.PickDateActivity t7}}} to stack=1 task=7 at 1
11-24 21:56:27.425   778  1221 V WindowManager: Adding window Window{358123ba u0 io.github.izzyleung.zhihudailypurify/io.github.izzyleung.zhihudailypurify.ui.activity.PickDateActivity} at 3 of 8 (after Window{56df391 u0 io.github.izzyleung.zhihudailypurify/io.github.izzyleung.zhihudailypurify.ui.activity.MainActivity})
11-24 21:56:32.344   778   801 W ProcessCpuTracker: Skipping unknown process pid 5083
11-24 21:56:32.368   778   989 I ProcessStatsService: Added stats: 2016-11-24-21-53-57, over +30s933ms
11-24 21:56:32.374   778   989 I ProcessStatsService: Added stats: 2016-11-24-20-13-03, over +1h38m18s160ms
11-24 21:56:32.379   778   989 I ProcessStatsService: Added stats: 2016-11-24-18-49-53, over +1h22m54s733ms
11-24 21:56:32.385   778   989 I ProcessStatsService: Added stats: 2016-11-24-18-43-42, over +5m57s342ms
11-24 21:56:32.390   778   989 I ProcessStatsService: Added stats: 2016-11-24-18-41-51, over +1m35s925ms
11-24 21:56:32.394   778   989 I ProcessStatsService: Added stats: 2016-11-24-15-43-03, over +2h58m32s714ms
11-24 21:56:32.401   778   989 I ProcessStatsService: Added stats: 2016-11-24-12-42-42, over +3h0m21s12ms
11-24 21:56:32.411   778   989 I ProcessStatsService: Added stats: 2016-11-24-09-41-10, over +3h1m31s648ms
11-24 21:56:32.420   778   989 I ProcessStatsService: Added stats: 2016-11-24-06-35-36, over +3h5m15s379ms
11-24 21:56:32.471   778   989 I ProcessStatsService: Added stats: 2016-11-24-21-53-57, over +30s933ms
11-24 21:56:32.476   778   989 I ProcessStatsService: Added stats: 2016-11-24-20-13-03, over +1h38m18s160ms
11-24 21:56:33.093   778  1220 I ActivityManager: START u0 {act=android.intent.action.MAIN cat=[android.intent.category.LAUNCHER] flg=0x10200000 cmp=io.github.izzyleung.zhihudailypurify/.ui.activity.MainActivity (has extras)} from uid 10019 on display 0
11-24 21:56:33.094   778  1220 V WindowManager: addAppToken: AppWindowToken{e490cf8 token=Token{1d696c5b ActivityRecord{549ef6a u0 io.github.izzyleung.zhihudailypurify/.ui.activity.MainActivity t8}}} to stack=1 task=8 at 0
11-24 21:56:33.098   778   806 V WindowManager: Adding window Window{ca70bd3 u0 Starting io.github.izzyleung.zhihudailypurify} at 2 of 7 (after Window{387e68d5 u0 com.cyanogenmod.trebuchet/com.android.launcher3.Launcher})
11-24 21:56:33.177   778  1280 V WindowManager: Adding window Window{3d4c7ae6 u0 io.github.izzyleung.zhihudailypurify/io.github.izzyleung.zhihudailypurify.ui.activity.MainActivity} at 2 of 8 (before Window{ca70bd3 u0 Starting io.github.izzyleung.zhihudailypurify})
11-24 21:56:36.614   778   928 D TaskPersister: removeObsoleteFile: deleting file=7_task.xml
11-24 21:56:36.615   778   928 D TaskPersister: removeObsoleteFile: deleting file=7_task_thumbnail.png
11-24 21:56:38.498   778  1267 I ActivityManager: START u0 {cmp=io.github.izzyleung.zhihudailypurify/.ui.activity.PickDateActivity} from uid 10075 on display 0
11-24 21:56:38.511   778  1267 V WindowManager: addAppToken: AppWindowToken{181a8fc3 token=Token{ed55f72 ActivityRecord{2aa5f47d u0 io.github.izzyleung.zhihudailypurify/.ui.activity.PickDateActivity t8}}} to stack=1 task=8 at 1
11-24 21:56:38.591   778  1267 V WindowManager: Adding window Window{30a25b79 u0 io.github.izzyleung.zhihudailypurify/io.github.izzyleung.zhihudailypurify.ui.activity.PickDateActivity} at 3 of 8 (after Window{3d4c7ae6 u0 io.github.izzyleung.zhihudailypurify/io.github.izzyleung.zhihudailypurify.ui.activity.MainActivity})
11-24 21:56:44.310   778  1155 I ActivityManager: START u0 {act=android.intent.action.MAIN cat=[android.intent.category.LAUNCHER] flg=0x10200000 cmp=io.github.izzyleung.zhihudailypurify/.ui.activity.MainActivity (has extras)} from uid 10019 on display 0
11-24 21:56:44.322   778  1155 V WindowManager: addAppToken: AppWindowToken{c9ed40f token=Token{34a2156e ActivityRecord{a9414e9 u0 io.github.izzyleung.zhihudailypurify/.ui.activity.MainActivity t9}}} to stack=1 task=9 at 0
11-24 21:56:44.330   778   806 V WindowManager: Adding window Window{38a36446 u0 Starting io.github.izzyleung.zhihudailypurify} at 2 of 7 (after Window{387e68d5 u0 com.cyanogenmod.trebuchet/com.android.launcher3.Launcher})
11-24 21:56:44.410   778   795 V WindowManager: Adding window Window{37df0a59 u0 io.github.izzyleung.zhihudailypurify/io.github.izzyleung.zhihudailypurify.ui.activity.MainActivity} at 2 of 8 (before Window{38a36446 u0 Starting io.github.izzyleung.zhihudailypurify})
11-24 21:56:47.830   778   928 D TaskPersister: removeObsoleteFile: deleting file=8_task.xml
11-24 21:56:47.831   778   928 D TaskPersister: removeObsoleteFile: deleting file=8_task_thumbnail.png
11-24 21:56:49.769   778  1219 I ActivityManager: START u0 {cmp=io.github.izzyleung.zhihudailypurify/.ui.activity.PickDateActivity} from uid 10075 on display 0
11-24 21:56:49.787   778  1219 V WindowManager: addAppToken: AppWindowToken{db2162a token=Token{2e6cf315 ActivityRecord{c4d4cc u0 io.github.izzyleung.zhihudailypurify/.ui.activity.PickDateActivity t9}}} to stack=1 task=9 at 1
11-24 21:56:49.875   778  1219 V WindowManager: Adding window Window{2dd071b8 u0 io.github.izzyleung.zhihudailypurify/io.github.izzyleung.zhihudailypurify.ui.activity.PickDateActivity} at 3 of 8 (after Window{37df0a59 u0 io.github.izzyleung.zhihudailypurify/io.github.izzyleung.zhihudailypurify.ui.activity.MainActivity})
11-24 21:56:55.596   778  1219 I ActivityManager: START u0 {act=android.intent.action.MAIN cat=[android.intent.category.LAUNCHER] flg=0x10200000 cmp=io.github.izzyleung.zhihudailypurify/.ui.activity.MainActivity (has extras)} from uid 10019 on display 0
11-24 21:56:55.609   778  1219 V WindowManager: addAppToken: AppWindowToken{38ea7da6 token=Token{13489b01 ActivityRecord{301fb8e8 u0 io.github.izzyleung.zhihudailypurify/.ui.activity.MainActivity t10}}} to stack=1 task=10 at 0
11-24 21:56:55.618   778   806 V WindowManager: Adding window Window{275ca939 u0 Starting io.github.izzyleung.zhihudailypurify} at 2 of 7 (after Window{387e68d5 u0 com.cyanogenmod.trebuchet/com.android.launcher3.Launcher})
11-24 21:56:55.695   778  1219 V WindowManager: Adding window Window{1a272c18 u0 io.github.izzyleung.zhihudailypurify/io.github.izzyleung.zhihudailypurify.ui.activity.MainActivity} at 2 of 8 (before Window{275ca939 u0 Starting io.github.izzyleung.zhihudailypurify})
11-24 21:56:59.126   778   928 D TaskPersister: removeObsoleteFile: deleting file=9_task.xml
11-24 21:56:59.128   778   928 D TaskPersister: removeObsoleteFile: deleting file=9_task_thumbnail.png
11-24 21:57:01.027   778   794 I ActivityManager: START u0 {cmp=io.github.izzyleung.zhihudailypurify/.ui.activity.PickDateActivity} from uid 10075 on display 0
11-24 21:57:01.042   778   794 V WindowManager: addAppToken: AppWindowToken{107ed8ad token=Token{1a6ef1c4 ActivityRecord{30cff4d7 u0 io.github.izzyleung.zhihudailypurify/.ui.activity.PickDateActivity t10}}} to stack=1 task=10 at 1
11-24 21:57:01.130   778   794 V WindowManager: Adding window Window{1db50773 u0 io.github.izzyleung.zhihudailypurify/io.github.izzyleung.zhihudailypurify.ui.activity.PickDateActivity} at 3 of 8 (after Window{1a272c18 u0 io.github.izzyleung.zhihudailypurify/io.github.izzyleung.zhihudailypurify.ui.activity.MainActivity})
11-24 21:57:06.842   778  1219 I ActivityManager: START u0 {act=android.intent.action.MAIN cat=[android.intent.category.LAUNCHER] flg=0x10200000 cmp=io.github.izzyleung.zhihudailypurify/.ui.activity.MainActivity (has extras)} from uid 10019 on display 0
11-24 21:57:06.855   778  1219 V WindowManager: addAppToken: AppWindowToken{12533819 token=Token{23dcbb60 ActivityRecord{2aeeb363 u0 io.github.izzyleung.zhihudailypurify/.ui.activity.MainActivity t11}}} to stack=1 task=11 at 0
11-24 21:57:06.872   778   806 V WindowManager: Adding window Window{15aa9678 u0 Starting io.github.izzyleung.zhihudailypurify} at 2 of 7 (after Window{387e68d5 u0 com.cyanogenmod.trebuchet/com.android.launcher3.Launcher})
11-24 21:57:06.934   778  1219 V WindowManager: Adding window Window{8a33b53 u0 io.github.izzyleung.zhihudailypurify/io.github.izzyleung.zhihudailypurify.ui.activity.MainActivity} at 2 of 8 (before Window{15aa9678 u0 Starting io.github.izzyleung.zhihudailypurify})
11-24 21:57:10.373   778   928 D TaskPersister: removeObsoleteFile: deleting file=10_task.xml
11-24 21:57:10.374   778   928 D TaskPersister: removeObsoleteFile: deleting file=10_task_thumbnail.png
11-24 21:57:12.246   778  1267 I ActivityManager: START u0 {cmp=io.github.izzyleung.zhihudailypurify/.ui.activity.PickDateActivity} from uid 10075 on display 0
11-24 21:57:12.257   778  1267 V WindowManager: addAppToken: AppWindowToken{57211bc token=Token{319c39af ActivityRecord{19850d8e u0 io.github.izzyleung.zhihudailypurify/.ui.activity.PickDateActivity t11}}} to stack=1 task=11 at 1
11-24 21:57:12.344   778  1267 V WindowManager: Adding window Window{1f48749a u0 io.github.izzyleung.zhihudailypurify/io.github.izzyleung.zhihudailypurify.ui.activity.PickDateActivity} at 3 of 8 (after Window{8a33b53 u0 io.github.izzyleung.zhihudailypurify/io.github.izzyleung.zhihudailypurify.ui.activity.MainActivity})
11-24 21:57:18.064   778  1218 I ActivityManager: START u0 {act=android.intent.action.MAIN cat=[android.intent.category.LAUNCHER] flg=0x10200000 cmp=io.github.izzyleung.zhihudailypurify/.ui.activity.MainActivity (has extras)} from uid 10019 on display 0
11-24 21:57:18.078   778  1218 V WindowManager: addAppToken: AppWindowToken{1472b0d8 token=Token{3225b3bb ActivityRecord{1d77384a u0 io.github.izzyleung.zhihudailypurify/.ui.activity.MainActivity t12}}} to stack=1 task=12 at 0
11-24 21:57:18.090   778   806 V WindowManager: Adding window Window{38f8df33 u0 Starting io.github.izzyleung.zhihudailypurify} at 2 of 7 (after Window{387e68d5 u0 com.cyanogenmod.trebuchet/com.android.launcher3.Launcher})
11-24 21:57:18.171   778  1221 V WindowManager: Adding window Window{227647fa u0 io.github.izzyleung.zhihudailypurify/io.github.izzyleung.zhihudailypurify.ui.activity.MainActivity} at 2 of 8 (before Window{38f8df33 u0 Starting io.github.izzyleung.zhihudailypurify})
11-24 21:57:21.596   778   928 D TaskPersister: removeObsoleteFile: deleting file=11_task.xml
11-24 21:57:21.597   778   928 D TaskPersister: removeObsoleteFile: deleting file=11_task_thumbnail.png
11-24 21:57:23.521   778  1220 I ActivityManager: START u0 {cmp=io.github.izzyleung.zhihudailypurify/.ui.activity.PickDateActivity} from uid 10075 on display 0
11-24 21:57:23.535   778  1220 V WindowManager: addAppToken: AppWindowToken{a520d87 token=Token{29d0e9c6 ActivityRecord{692a3a1 u0 io.github.izzyleung.zhihudailypurify/.ui.activity.PickDateActivity t12}}} to stack=1 task=12 at 1
11-24 21:57:23.627   778  1218 V WindowManager: Adding window Window{914d8dd u0 io.github.izzyleung.zhihudailypurify/io.github.izzyleung.zhihudailypurify.ui.activity.PickDateActivity} at 3 of 8 (after Window{227647fa u0 io.github.izzyleung.zhihudailypurify/io.github.izzyleung.zhihudailypurify.ui.activity.MainActivity})
11-24 21:57:29.345   778  1220 I ActivityManager: START u0 {act=android.intent.action.MAIN cat=[android.intent.category.LAUNCHER] flg=0x10200000 cmp=io.github.izzyleung.zhihudailypurify/.ui.activity.MainActivity (has extras)} from uid 10019 on display 0
11-24 21:57:29.356   778  1220 V WindowManager: addAppToken: AppWindowToken{172df313 token=Token{2275fe02 ActivityRecord{10a2b34d u0 io.github.izzyleung.zhihudailypurify/.ui.activity.MainActivity t13}}} to stack=1 task=13 at 0
11-24 21:57:29.361   778   806 V WindowManager: Adding window Window{2c514b5a u0 Starting io.github.izzyleung.zhihudailypurify} at 2 of 7 (after Window{387e68d5 u0 com.cyanogenmod.trebuchet/com.android.launcher3.Launcher})
11-24 21:57:29.444   778   986 V WindowManager: Adding window Window{f5409bd u0 io.github.izzyleung.zhihudailypurify/io.github.izzyleung.zhihudailypurify.ui.activity.MainActivity} at 2 of 8 (before Window{2c514b5a u0 Starting io.github.izzyleung.zhihudailypurify})
11-24 21:57:32.876   778   928 D TaskPersister: removeObsoleteFile: deleting file=12_task.xml
11-24 21:57:32.877   778   928 D TaskPersister: removeObsoleteFile: deleting file=12_task_thumbnail.png
11-24 21:57:34.772   778  1155 I ActivityManager: START u0 {cmp=io.github.izzyleung.zhihudailypurify/.ui.activity.PickDateActivity} from uid 10075 on display 0
11-24 21:57:34.783   778  1155 V WindowManager: addAppToken: AppWindowToken{364b10fe token=Token{3c3c84b9 ActivityRecord{35ded680 u0 io.github.izzyleung.zhihudailypurify/.ui.activity.PickDateActivity t13}}} to stack=1 task=13 at 1
11-24 21:57:34.877   778  1280 V WindowManager: Adding window Window{3d9adaac u0 io.github.izzyleung.zhihudailypurify/io.github.izzyleung.zhihudailypurify.ui.activity.PickDateActivity} at 3 of 8 (after Window{f5409bd u0 io.github.izzyleung.zhihudailypurify/io.github.izzyleung.zhihudailypurify.ui.activity.MainActivity})
11-24 21:57:40.588   778  1267 I ActivityManager: START u0 {act=android.intent.action.MAIN cat=[android.intent.category.LAUNCHER] flg=0x10200000 cmp=io.github.izzyleung.zhihudailypurify/.ui.activity.MainActivity (has extras)} from uid 10019 on display 0
11-24 21:57:40.600   778  1267 V WindowManager: addAppToken: AppWindowToken{3b317eba token=Token{6bd63e5 ActivityRecord{166046dc u0 io.github.izzyleung.zhihudailypurify/.ui.activity.MainActivity t14}}} to stack=1 task=14 at 0
11-24 21:57:40.608   778   806 V WindowManager: Adding window Window{d3d2a9d u0 Starting io.github.izzyleung.zhihudailypurify} at 2 of 7 (after Window{387e68d5 u0 com.cyanogenmod.trebuchet/com.android.launcher3.Launcher})
11-24 21:57:40.692   778   986 V WindowManager: Adding window Window{37311f0c u0 io.github.izzyleung.zhihudailypurify/io.github.izzyleung.zhihudailypurify.ui.activity.MainActivity} at 2 of 8 (before Window{d3d2a9d u0 Starting io.github.izzyleung.zhihudailypurify})
11-24 21:57:44.119   778   928 D TaskPersister: removeObsoleteFile: deleting file=13_task.xml
11-24 21:57:44.121   778   928 D TaskPersister: removeObsoleteFile: deleting file=13_task_thumbnail.png
11-24 21:57:46.022   778  1218 I ActivityManager: START u0 {cmp=io.github.izzyleung.zhihudailypurify/.ui.activity.PickDateActivity} from uid 10075 on display 0
11-24 21:57:46.031   778  1218 V WindowManager: addAppToken: AppWindowToken{fa65cd1 token=Token{1571ff8 ActivityRecord{2867eb5b u0 io.github.izzyleung.zhihudailypurify/.ui.activity.PickDateActivity t14}}} to stack=1 task=14 at 1
11-24 21:57:46.147   778  1220 V WindowManager: Adding window Window{312fe237 u0 io.github.izzyleung.zhihudailypurify/io.github.izzyleung.zhihudailypurify.ui.activity.PickDateActivity} at 3 of 8 (after Window{37311f0c u0 io.github.izzyleung.zhihudailypurify/io.github.izzyleung.zhihudailypurify.ui.activity.MainActivity})
11-24 21:57:51.798   778  1220 I ActivityManager: START u0 {act=android.intent.action.MAIN cat=[android.intent.category.LAUNCHER] flg=0x10200000 cmp=io.github.izzyleung.zhihudailypurify/.ui.activity.MainActivity (has extras)} from uid 10019 on display 0
11-24 21:57:51.811   778  1220 V WindowManager: addAppToken: AppWindowToken{3e883b7d token=Token{2a27ddd4 ActivityRecord{1d07c727 u0 io.github.izzyleung.zhihudailypurify/.ui.activity.MainActivity t15}}} to stack=1 task=15 at 0
11-24 21:57:51.821   778   806 V WindowManager: Adding window Window{2281136c u0 Starting io.github.izzyleung.zhihudailypurify} at 2 of 7 (after Window{387e68d5 u0 com.cyanogenmod.trebuchet/com.android.launcher3.Launcher})
11-24 21:57:51.890   778  1221 V WindowManager: Adding window Window{2ddac817 u0 io.github.izzyleung.zhihudailypurify/io.github.izzyleung.zhihudailypurify.ui.activity.MainActivity} at 2 of 8 (before Window{2281136c u0 Starting io.github.izzyleung.zhihudailypurify})
11-24 21:57:55.335   778   928 D TaskPersister: removeObsoleteFile: deleting file=14_task.xml
11-24 21:57:55.336   778   928 D TaskPersister: removeObsoleteFile: deleting file=14_task_thumbnail.png
11-24 21:57:57.184   778  1155 I ActivityManager: START u0 {cmp=io.github.izzyleung.zhihudailypurify/.ui.activity.PickDateActivity} from uid 10075 on display 0
11-24 21:57:57.197   778  1155 V WindowManager: addAppToken: AppWindowToken{3689bc70 token=Token{3db9ceb3 ActivityRecord{30df8422 u0 io.github.izzyleung.zhihudailypurify/.ui.activity.PickDateActivity t15}}} to stack=1 task=15 at 1
11-24 21:57:57.303   778  1219 V WindowManager: Adding window Window{2c95c06e u0 io.github.izzyleung.zhihudailypurify/io.github.izzyleung.zhihudailypurify.ui.activity.PickDateActivity} at 3 of 8 (after Window{2ddac817 u0 io.github.izzyleung.zhihudailypurify/io.github.izzyleung.zhihudailypurify.ui.activity.MainActivity})
11-24 21:58:02.228   778  1280 I ActivityManager: START u0 {act=android.intent.action.MAIN cat=[android.intent.category.LAUNCHER] flg=0x10200000 cmp=io.github.izzyleung.zhihudailypurify/.ui.activity.MainActivity (has extras)} from uid 10019 on display 0
11-24 21:58:02.241   778  1280 V WindowManager: addAppToken: AppWindowToken{3e22b7cc token=Token{194e6dff ActivityRecord{6a9211e u0 io.github.izzyleung.zhihudailypurify/.ui.activity.MainActivity t16}}} to stack=1 task=16 at 0
11-24 21:58:02.251   778   806 V WindowManager: Adding window Window{82e1df7 u0 Starting io.github.izzyleung.zhihudailypurify} at 2 of 7 (after Window{387e68d5 u0 com.cyanogenmod.trebuchet/com.android.launcher3.Launcher})
11-24 21:58:02.332   778  1219 V WindowManager: Adding window Window{1c6e0dce u0 io.github.izzyleung.zhihudailypurify/io.github.izzyleung.zhihudailypurify.ui.activity.MainActivity} at 2 of 8 (before Window{82e1df7 u0 Starting io.github.izzyleung.zhihudailypurify})
11-24 21:58:05.760   778   928 D TaskPersister: removeObsoleteFile: deleting file=15_task.xml
11-24 21:58:05.761   778   928 D TaskPersister: removeObsoleteFile: deleting file=15_task_thumbnail.png
11-24 21:58:07.584   778  1221 I ActivityManager: START u0 {cmp=io.github.izzyleung.zhihudailypurify/.ui.activity.PickDateActivity} from uid 10075 on display 0
11-24 21:58:07.587   778  1221 V WindowManager: addAppToken: AppWindowToken{1053d10b token=Token{296138da ActivityRecord{108d3285 u0 io.github.izzyleung.zhihudailypurify/.ui.activity.PickDateActivity t16}}} to stack=1 task=16 at 1
11-24 21:58:07.689   778  1219 V WindowManager: Adding window Window{10f37201 u0 io.github.izzyleung.zhihudailypurify/io.github.izzyleung.zhihudailypurify.ui.activity.PickDateActivity} at 3 of 8 (after Window{1c6e0dce u0 io.github.izzyleung.zhihudailypurify/io.github.izzyleung.zhihudailypurify.ui.activity.MainActivity})
11-24 21:58:13.437   778  1220 I ActivityManager: START u0 {act=android.intent.action.MAIN cat=[android.intent.category.LAUNCHER] flg=0x10200000 cmp=io.github.izzyleung.zhihudailypurify/.ui.activity.MainActivity (has extras)} from uid 10019 on display 0
11-24 21:58:13.448   778  1220 V WindowManager: addAppToken: AppWindowToken{1d21e3d7 token=Token{1f5be756 ActivityRecord{1a3bdd71 u0 io.github.izzyleung.zhihudailypurify/.ui.activity.MainActivity t17}}} to stack=1 task=17 at 0
11-24 21:58:13.452   778   806 V WindowManager: Adding window Window{25b88b2e u0 Starting io.github.izzyleung.zhihudailypurify} at 2 of 7 (after Window{387e68d5 u0 com.cyanogenmod.trebuchet/com.android.launcher3.Launcher})
11-24 21:58:13.538   778   986 V WindowManager: Adding window Window{3aee04e1 u0 io.github.izzyleung.zhihudailypurify/io.github.izzyleung.zhihudailypurify.ui.activity.MainActivity} at 2 of 8 (before Window{25b88b2e u0 Starting io.github.izzyleung.zhihudailypurify})
11-24 21:58:16.967   778   928 D TaskPersister: removeObsoleteFile: deleting file=16_task.xml
11-24 21:58:16.968   778   928 D TaskPersister: removeObsoleteFile: deleting file=16_task_thumbnail.png
11-24 21:58:18.870   778  1212 I ActivityManager: START u0 {cmp=io.github.izzyleung.zhihudailypurify/.ui.activity.PickDateActivity} from uid 10075 on display 0
11-24 21:58:18.885   778  1212 V WindowManager: addAppToken: AppWindowToken{26420892 token=Token{1fe50e1d ActivityRecord{3ebfd6f4 u0 io.github.izzyleung.zhihudailypurify/.ui.activity.PickDateActivity t17}}} to stack=1 task=17 at 1
11-24 21:58:18.985   778   795 V WindowManager: Adding window Window{e7d6e60 u0 io.github.izzyleung.zhihudailypurify/io.github.izzyleung.zhihudailypurify.ui.activity.PickDateActivity} at 3 of 8 (after Window{3aee04e1 u0 io.github.izzyleung.zhihudailypurify/io.github.izzyleung.zhihudailypurify.ui.activity.MainActivity})
11-24 21:58:24.724   778  1267 I ActivityManager: START u0 {act=android.intent.action.MAIN cat=[android.intent.category.LAUNCHER] flg=0x10200000 cmp=io.github.izzyleung.zhihudailypurify/.ui.activity.MainActivity (has extras)} from uid 10019 on display 0
11-24 21:58:24.734   778  1267 V WindowManager: addAppToken: AppWindowToken{d4d388e token=Token{1775089 ActivityRecord{28792f90 u0 io.github.izzyleung.zhihudailypurify/.ui.activity.MainActivity t18}}} to stack=1 task=18 at 0
11-24 21:58:24.744   778   806 V WindowManager: Adding window Window{39eb87c1 u0 Starting io.github.izzyleung.zhihudailypurify} at 2 of 7 (after Window{387e68d5 u0 com.cyanogenmod.trebuchet/com.android.launcher3.Launcher})
11-24 21:58:24.821   778  1155 V WindowManager: Adding window Window{333f9cc0 u0 io.github.izzyleung.zhihudailypurify/io.github.izzyleung.zhihudailypurify.ui.activity.MainActivity} at 2 of 8 (before Window{39eb87c1 u0 Starting io.github.izzyleung.zhihudailypurify})
11-24 21:58:28.250   778   928 D TaskPersister: removeObsoleteFile: deleting file=17_task.xml
11-24 21:58:28.251   778   928 D TaskPersister: removeObsoleteFile: deleting file=17_task_thumbnail.png
11-24 21:58:30.152   778   986 I ActivityManager: START u0 {cmp=io.github.izzyleung.zhihudailypurify/.ui.activity.PickDateActivity} from uid 10075 on display 0
11-24 21:58:30.167   778   986 V WindowManager: addAppToken: AppWindowToken{3ca8f0b5 token=Token{38e1c4ec ActivityRecord{23dafb9f u0 io.github.izzyleung.zhihudailypurify/.ui.activity.PickDateActivity t18}}} to stack=1 task=18 at 1
11-24 21:58:30.270   778  1220 V WindowManager: Adding window Window{127db2bb u0 io.github.izzyleung.zhihudailypurify/io.github.izzyleung.zhihudailypurify.ui.activity.PickDateActivity} at 3 of 8 (after Window{333f9cc0 u0 io.github.izzyleung.zhihudailypurify/io.github.izzyleung.zhihudailypurify.ui.activity.MainActivity})
11-24 21:58:35.945   778  1219 I ActivityManager: START u0 {act=android.intent.action.MAIN cat=[android.intent.category.LAUNCHER] flg=0x10200000 cmp=io.github.izzyleung.zhihudailypurify/.ui.activity.MainActivity (has extras)} from uid 10019 on display 0
11-24 21:58:35.956   778  1219 V WindowManager: addAppToken: AppWindowToken{2a23faa1 token=Token{30145308 ActivityRecord{d7cc0ab u0 io.github.izzyleung.zhihudailypurify/.ui.activity.MainActivity t19}}} to stack=1 task=19 at 0
11-24 21:58:35.968   778   806 V WindowManager: Adding window Window{19f87b20 u0 Starting io.github.izzyleung.zhihudailypurify} at 2 of 7 (after Window{387e68d5 u0 com.cyanogenmod.trebuchet/com.android.launcher3.Launcher})
11-24 21:58:36.049   778  1221 V WindowManager: Adding window Window{2e132a9b u0 io.github.izzyleung.zhihudailypurify/io.github.izzyleung.zhihudailypurify.ui.activity.MainActivity} at 2 of 8 (before Window{19f87b20 u0 Starting io.github.izzyleung.zhihudailypurify})
11-24 21:58:39.473   778   928 D TaskPersister: removeObsoleteFile: deleting file=18_task.xml
11-24 21:58:39.473   778   928 D TaskPersister: removeObsoleteFile: deleting file=18_task_thumbnail.png
11-24 21:58:41.372   778   795 I ActivityManager: START u0 {cmp=io.github.izzyleung.zhihudailypurify/.ui.activity.PickDateActivity} from uid 10075 on display 0
11-24 21:58:41.385   778   795 V WindowManager: addAppToken: AppWindowToken{b255e4 token=Token{16fd577 ActivityRecord{1b8a1b76 u0 io.github.izzyleung.zhihudailypurify/.ui.activity.PickDateActivity t19}}} to stack=1 task=19 at 1
11-24 21:58:41.503   778  1267 V WindowManager: Adding window Window{6f47902 u0 io.github.izzyleung.zhihudailypurify/io.github.izzyleung.zhihudailypurify.ui.activity.PickDateActivity} at 3 of 8 (after Window{2e132a9b u0 io.github.izzyleung.zhihudailypurify/io.github.izzyleung.zhihudailypurify.ui.activity.MainActivity})
11-24 21:58:47.196   778  1267 I ActivityManager: START u0 {act=android.intent.action.MAIN cat=[android.intent.category.LAUNCHER] flg=0x10200000 cmp=io.github.izzyleung.zhihudailypurify/.ui.activity.MainActivity (has extras)} from uid 10019 on display 0
11-24 21:58:47.209   778  1267 V WindowManager: addAppToken: AppWindowToken{23c00980 token=Token{3d73e603 ActivityRecord{218126b2 u0 io.github.izzyleung.zhihudailypurify/.ui.activity.MainActivity t20}}} to stack=1 task=20 at 0
11-24 21:58:47.217   778   806 V WindowManager: Adding window Window{2c02127b u0 Starting io.github.izzyleung.zhihudailypurify} at 2 of 7 (after Window{387e68d5 u0 com.cyanogenmod.trebuchet/com.android.launcher3.Launcher})
11-24 21:58:47.288   778  1267 V WindowManager: Adding window Window{132ca062 u0 io.github.izzyleung.zhihudailypurify/io.github.izzyleung.zhihudailypurify.ui.activity.MainActivity} at 2 of 8 (before Window{2c02127b u0 Starting io.github.izzyleung.zhihudailypurify})
11-24 21:58:50.730   778   928 D TaskPersister: removeObsoleteFile: deleting file=19_task.xml
11-24 21:58:50.731   778   928 D TaskPersister: removeObsoleteFile: deleting file=19_task_thumbnail.png
11-24 21:58:52.584   778  1218 I ActivityManager: START u0 {cmp=io.github.izzyleung.zhihudailypurify/.ui.activity.PickDateActivity} from uid 10075 on display 0
11-24 21:58:52.596   778  1218 V WindowManager: addAppToken: AppWindowToken{a5e4f token=Token{1e3860ae ActivityRecord{b338529 u0 io.github.izzyleung.zhihudailypurify/.ui.activity.PickDateActivity t20}}} to stack=1 task=20 at 1
11-24 21:58:52.677   778   989 V WindowManager: Adding window Window{20d64ae5 u0 io.github.izzyleung.zhihudailypurify/io.github.izzyleung.zhihudailypurify.ui.activity.PickDateActivity} at 3 of 8 (after Window{132ca062 u0 io.github.izzyleung.zhihudailypurify/io.github.izzyleung.zhihudailypurify.ui.activity.MainActivity})
11-24 21:58:58.387   778   795 I ActivityManager: START u0 {act=android.intent.action.MAIN cat=[android.intent.category.LAUNCHER] flg=0x10200000 cmp=io.github.izzyleung.zhihudailypurify/.ui.activity.MainActivity (has extras)} from uid 10019 on display 0
11-24 21:58:58.400   778   795 V WindowManager: addAppToken: AppWindowToken{15c26a5b token=Token{3f90256a ActivityRecord{3848b755 u0 io.github.izzyleung.zhihudailypurify/.ui.activity.MainActivity t21}}} to stack=1 task=21 at 0
11-24 21:58:58.409   778   806 V WindowManager: Adding window Window{11cbf7c2 u0 Starting io.github.izzyleung.zhihudailypurify} at 2 of 7 (after Window{387e68d5 u0 com.cyanogenmod.trebuchet/com.android.launcher3.Launcher})
11-24 21:58:58.482   778  1221 V WindowManager: Adding window Window{3a271fc5 u0 io.github.izzyleung.zhihudailypurify/io.github.izzyleung.zhihudailypurify.ui.activity.MainActivity} at 2 of 8 (before Window{11cbf7c2 u0 Starting io.github.izzyleung.zhihudailypurify})
11-24 21:59:01.928   778   928 D TaskPersister: removeObsoleteFile: deleting file=20_task.xml
11-24 21:59:01.929   778   928 D TaskPersister: removeObsoleteFile: deleting file=20_task_thumbnail.png
11-24 21:59:03.755   778   794 I ActivityManager: START u0 {cmp=io.github.izzyleung.zhihudailypurify/.ui.activity.PickDateActivity} from uid 10075 on display 0
11-24 21:59:03.775   778   794 V WindowManager: addAppToken: AppWindowToken{3bd190e6 token=Token{5ef341 ActivityRecord{3334a28 u0 io.github.izzyleung.zhihudailypurify/.ui.activity.PickDateActivity t21}}} to stack=1 task=21 at 1
11-24 21:59:03.857   778  1280 V WindowManager: Adding window Window{2b86e0d4 u0 io.github.izzyleung.zhihudailypurify/io.github.izzyleung.zhihudailypurify.ui.activity.PickDateActivity} at 3 of 8 (after Window{3a271fc5 u0 io.github.izzyleung.zhihudailypurify/io.github.izzyleung.zhihudailypurify.ui.activity.MainActivity})
11-24 21:59:09.520   778   986 I ActivityManager: START u0 {act=android.intent.action.MAIN cat=[android.intent.category.LAUNCHER] flg=0x10200000 cmp=io.github.izzyleung.zhihudailypurify/.ui.activity.MainActivity (has extras)} from uid 10019 on display 0
11-24 21:59:09.532   778   986 V WindowManager: addAppToken: AppWindowToken{262a7f22 token=Token{98204ed ActivityRecord{3c8e2704 u0 io.github.izzyleung.zhihudailypurify/.ui.activity.MainActivity t22}}} to stack=1 task=22 at 0
11-24 21:59:09.544   778   806 V WindowManager: Adding window Window{2cc3e4a5 u0 Starting io.github.izzyleung.zhihudailypurify} at 2 of 7 (after Window{387e68d5 u0 com.cyanogenmod.trebuchet/com.android.launcher3.Launcher})
11-24 21:59:09.631   778  1219 V WindowManager: Adding window Window{1ecb5934 u0 io.github.izzyleung.zhihudailypurify/io.github.izzyleung.zhihudailypurify.ui.activity.MainActivity} at 2 of 8 (before Window{2cc3e4a5 u0 Starting io.github.izzyleung.zhihudailypurify})
11-24 21:59:13.055   778   928 D TaskPersister: removeObsoleteFile: deleting file=21_task.xml
11-24 21:59:13.057   778   928 D TaskPersister: removeObsoleteFile: deleting file=21_task_thumbnail.png
11-24 21:59:14.973   778   986 I ActivityManager: START u0 {cmp=io.github.izzyleung.zhihudailypurify/.ui.activity.PickDateActivity} from uid 10075 on display 0
11-24 21:59:14.987   778   986 V WindowManager: addAppToken: AppWindowToken{2ae97859 token=Token{325ed4a0 ActivityRecord{10b069a3 u0 io.github.izzyleung.zhihudailypurify/.ui.activity.PickDateActivity t22}}} to stack=1 task=22 at 1
11-24 21:59:15.091   778   794 V WindowManager: Adding window Window{3a55fcff u0 io.github.izzyleung.zhihudailypurify/io.github.izzyleung.zhihudailypurify.ui.activity.PickDateActivity} at 3 of 8 (after Window{1ecb5934 u0 io.github.izzyleung.zhihudailypurify/io.github.izzyleung.zhihudailypurify.ui.activity.MainActivity})
11-24 21:59:20.765   778   795 I ActivityManager: START u0 {act=android.intent.action.MAIN cat=[android.intent.category.LAUNCHER] flg=0x10200000 cmp=io.github.izzyleung.zhihudailypurify/.ui.activity.MainActivity (has extras)} from uid 10019 on display 0
11-24 21:59:20.775   778   795 V WindowManager: addAppToken: AppWindowToken{2d649985 token=Token{15324efc ActivityRecord{23ee23ef u0 io.github.izzyleung.zhihudailypurify/.ui.activity.MainActivity t23}}} to stack=1 task=23 at 0
11-24 21:59:20.781   778   806 V WindowManager: Adding window Window{ef38194 u0 Starting io.github.izzyleung.zhihudailypurify} at 2 of 7 (after Window{387e68d5 u0 com.cyanogenmod.trebuchet/com.android.launcher3.Launcher})
11-24 21:59:20.867   778  1220 V WindowManager: Adding window Window{2c15e6df u0 io.github.izzyleung.zhihudailypurify/io.github.izzyleung.zhihudailypurify.ui.activity.MainActivity} at 2 of 8 (before Window{ef38194 u0 Starting io.github.izzyleung.zhihudailypurify})
11-24 21:59:24.297   778   928 D TaskPersister: removeObsoleteFile: deleting file=22_task.xml
11-24 21:59:24.298   778   928 D TaskPersister: removeObsoleteFile: deleting file=22_task_thumbnail.png
11-24 21:59:26.220   778   795 I ActivityManager: START u0 {cmp=io.github.izzyleung.zhihudailypurify/.ui.activity.PickDateActivity} from uid 10075 on display 0
11-24 21:59:26.235   778   795 V WindowManager: addAppToken: AppWindowToken{1f105218 token=Token{1c9c11fb ActivityRecord{22ef278a u0 io.github.izzyleung.zhihudailypurify/.ui.activity.PickDateActivity t23}}} to stack=1 task=23 at 1
