11-24 22:24:09.456   778   928 D TaskPersister: removeObsoleteFile: deleting file=154_task.xml
11-24 22:24:09.456   778   928 D TaskPersister: removeObsoleteFile: deleting file=154_task_thumbnail.png
11-24 22:24:11.402   778   989 I ActivityManager: START u0 {cmp=io.github.izzyleung.zhihudailypurify/.ui.activity.PickDateActivity} from uid 10075 on display 0
11-24 22:24:11.417   778   989 V WindowManager: addAppToken: AppWindowToken{1d19af8c token=Token{feb6cbf ActivityRecord{933e2de u0 io.github.izzyleung.zhihudailypurify/.ui.activity.PickDateActivity t155}}} to stack=1 task=155 at 1
11-24 22:24:11.523   778  1221 V WindowManager: Adding window Window{25974eea u0 io.github.izzyleung.zhihudailypurify/io.github.izzyleung.zhihudailypurify.ui.activity.PickDateActivity} at 3 of 8 (after Window{173a5d63 u0 io.github.izzyleung.zhihudailypurify/io.github.izzyleung.zhihudailypurify.ui.activity.MainActivity})
11-24 22:24:17.307   778  1280 I ActivityManager: START u0 {act=android.intent.action.MAIN cat=[android.intent.category.LAUNCHER] flg=0x10200000 cmp=io.github.izzyleung.zhihudailypurify/.ui.activity.MainActivity (has extras)} from uid 10019 on display 0
11-24 22:24:17.316   778  1280 V WindowManager: addAppToken: AppWindowToken{36a6afa8 token=Token{2fe22bcb ActivityRecord{1e99469a u0 io.github.izzyleung.zhihudailypurify/.ui.activity.MainActivity t156}}} to stack=1 task=156 at 0
11-24 22:24:17.323   778   806 V WindowManager: Adding window Window{30aa4943 u0 Starting io.github.izzyleung.zhihudailypurify} at 2 of 7 (after Window{387e68d5 u0 com.cyanogenmod.trebuchet/com.android.launcher3.Launcher})
11-24 22:24:17.409   778  1155 V WindowManager: Adding window Window{23a08a4a u0 io.github.izzyleung.zhihudailypurify/io.github.izzyleung.zhihudailypurify.ui.activity.MainActivity} at 2 of 8 (before Window{30aa4943 u0 Starting io.github.izzyleung.zhihudailypurify})
11-24 22:24:20.829   778   928 D TaskPersister: removeObsoleteFile: deleting file=155_task.xml
11-24 22:24:20.833   778   928 D TaskPersister: removeObsoleteFile: deleting file=155_task_thumbnail.png
11-24 22:24:22.740   778  1212 I ActivityManager: START u0 {cmp=io.github.izzyleung.zhihudailypurify/.ui.activity.PickDateActivity} from uid 10075 on display 0
11-24 22:24:22.752   778  1212 V WindowManager: addAppToken: AppWindowToken{185a5a97 token=Token{22650116 ActivityRecord{3364631 u0 io.github.izzyleung.zhihudailypurify/.ui.activity.PickDateActivity t156}}} to stack=1 task=156 at 1
11-24 22:24:22.858   778  1218 V WindowManager: Adding window Window{2cf8146d u0 io.github.izzyleung.zhihudailypurify/io.github.izzyleung.zhihudailypurify.ui.activity.PickDateActivity} at 3 of 8 (after Window{23a08a4a u0 io.github.izzyleung.zhihudailypurify/io.github.izzyleung.zhihudailypurify.ui.activity.MainActivity})
11-24 22:24:28.602   778  1218 I ActivityManager: START u0 {act=android.intent.action.MAIN cat=[android.intent.category.LAUNCHER] flg=0x10200000 cmp=io.github.izzyleung.zhihudailypurify/.ui.activity.MainActivity (has extras)} from uid 10019 on display 0
11-24 22:24:28.611   778  1218 V WindowManager: addAppToken: AppWindowToken{2bda523 token=Token{82bee52 ActivityRecord{3ed3f2dd u0 io.github.izzyleung.zhihudailypurify/.ui.activity.MainActivity t157}}} to stack=1 task=157 at 0
11-24 22:24:28.625   778   806 V WindowManager: Adding window Window{2a2af5aa u0 Starting io.github.izzyleung.zhihudailypurify} at 2 of 7 (after Window{387e68d5 u0 com.cyanogenmod.trebuchet/com.android.launcher3.Launcher})
11-24 22:24:28.739   778  1155 V WindowManager: Adding window Window{95c4d4d u0 io.github.izzyleung.zhihudailypurify/io.github.izzyleung.zhihudailypurify.ui.activity.MainActivity} at 2 of 8 (before Window{2a2af5aa u0 Starting io.github.izzyleung.zhihudailypurify})
11-24 22:24:32.128   778   928 D TaskPersister: removeObsoleteFile: deleting file=156_task.xml
11-24 22:24:32.129   778   928 D TaskPersister: removeObsoleteFile: deleting file=156_task_thumbnail.png
11-24 22:24:34.080   778   794 I ActivityManager: START u0 {cmp=io.github.izzyleung.zhihudailypurify/.ui.activity.PickDateActivity} from uid 10075 on display 0
11-24 22:24:34.094   778   794 V WindowManager: addAppToken: AppWindowToken{ad3aa4e token=Token{25ad7149 ActivityRecord{ca45b50 u0 io.github.izzyleung.zhihudailypurify/.ui.activity.PickDateActivity t157}}} to stack=1 task=157 at 1
11-24 22:24:34.179   778  1220 V WindowManager: Adding window Window{3a7bdc7c u0 io.github.izzyleung.zhihudailypurify/io.github.izzyleung.zhihudailypurify.ui.activity.PickDateActivity} at 3 of 8 (after Window{95c4d4d u0 io.github.izzyleung.zhihudailypurify/io.github.izzyleung.zhihudailypurify.ui.activity.MainActivity})
11-24 22:24:39.843   778  1267 I ActivityManager: START u0 {act=android.intent.action.MAIN cat=[android.intent.category.LAUNCHER] flg=0x10200000 cmp=io.github.izzyleung.zhihudailypurify/.ui.activity.MainActivity (has extras)} from uid 10019 on display 0
11-24 22:24:39.846   778  1267 V WindowManager: addAppToken: AppWindowToken{318e910a token=Token{5150d75 ActivityRecord{10ad5cac u0 io.github.izzyleung.zhihudailypurify/.ui.activity.MainActivity t158}}} to stack=1 task=158 at 0
11-24 22:24:39.850   778   806 V WindowManager: Adding window Window{48e762d u0 Starting io.github.izzyleung.zhihudailypurify} at 2 of 7 (after Window{387e68d5 u0 com.cyanogenmod.trebuchet/com.android.launcher3.Launcher})
11-24 22:24:39.961   778  1267 V WindowManager: Adding window Window{3c1748dc u0 io.github.izzyleung.zhihudailypurify/io.github.izzyleung.zhihudailypurify.ui.activity.MainActivity} at 2 of 8 (before Window{48e762d u0 Starting io.github.izzyleung.zhihudailypurify})
11-24 22:24:43.365   778   928 D TaskPersister: removeObsoleteFile: deleting file=157_task.xml
11-24 22:24:43.366   778   928 D TaskPersister: removeObsoleteFile: deleting file=157_task_thumbnail.png
11-24 22:24:45.253   778  1212 I ActivityManager: START u0 {cmp=io.github.izzyleung.zhihudailypurify/.ui.activity.PickDateActivity} from uid 10075 on display 0
11-24 22:24:45.267   778  1212 V WindowManager: addAppToken: AppWindowToken{3210d361 token=Token{1e3e16c8 ActivityRecord{10683b6b u0 io.github.izzyleung.zhihudailypurify/.ui.activity.PickDateActivity t158}}} to stack=1 task=158 at 1
11-24 22:24:45.297   778   799 I ProcessStatsService: Prepared write state in 4ms
11-24 22:24:45.300   778   799 I ProcessStatsService: Prepared write state in 2ms
11-24 22:24:45.316   778   798 I ProcessStatsService: Pruning old procstats: /data/system/procstats/state-2016-11-24-06-35-36.bin
11-24 22:24:45.376   778   986 V WindowManager: Adding window Window{14d2347 u0 io.github.izzyleung.zhihudailypurify/io.github.izzyleung.zhihudailypurify.ui.activity.PickDateActivity} at 3 of 8 (after Window{3c1748dc u0 io.github.izzyleung.zhihudailypurify/io.github.izzyleung.zhihudailypurify.ui.activity.MainActivity})
11-24 22:24:51.120   778  1267 I ActivityManager: START u0 {act=android.intent.action.MAIN cat=[android.intent.category.LAUNCHER] flg=0x10200000 cmp=io.github.izzyleung.zhihudailypurify/.ui.activity.MainActivity (has extras)} from uid 10019 on display 0
11-24 22:24:51.131   778  1267 V WindowManager: addAppToken: AppWindowToken{3c468f0d token=Token{405a4 ActivityRecord{3abf6c37 u0 io.github.izzyleung.zhihudailypurify/.ui.activity.MainActivity t159}}} to stack=1 task=159 at 0
11-24 22:24:51.138   778   806 V WindowManager: Adding window Window{920653c u0 Starting io.github.izzyleung.zhihudailypurify} at 2 of 7 (after Window{387e68d5 u0 com.cyanogenmod.trebuchet/com.android.launcher3.Launcher})
11-24 22:24:51.231   778  1267 V WindowManager: Adding window Window{368dd127 u0 io.github.izzyleung.zhihudailypurify/io.github.izzyleung.zhihudailypurify.ui.activity.MainActivity} at 2 of 8 (before Window{920653c u0 Starting io.github.izzyleung.zhihudailypurify})
11-24 22:24:54.647   778   928 D TaskPersister: removeObsoleteFile: deleting file=158_task.xml
11-24 22:24:54.648   778   928 D TaskPersister: removeObsoleteFile: deleting file=158_task_thumbnail.png
11-24 22:24:56.556   778  1219 I ActivityManager: START u0 {cmp=io.github.izzyleung.zhihudailypurify/.ui.activity.PickDateActivity} from uid 10075 on display 0
11-24 22:24:56.567   778  1219 V WindowManager: addAppToken: AppWindowToken{6cf6540 token=Token{397c58c3 ActivityRecord{3eecac72 u0 io.github.izzyleung.zhihudailypurify/.ui.activity.PickDateActivity t159}}} to stack=1 task=159 at 1
11-24 22:24:56.652   778  1267 V WindowManager: Adding window Window{34551dbe u0 io.github.izzyleung.zhihudailypurify/io.github.izzyleung.zhihudailypurify.ui.activity.PickDateActivity} at 3 of 8 (after Window{368dd127 u0 io.github.izzyleung.zhihudailypurify/io.github.izzyleung.zhihudailypurify.ui.activity.MainActivity})
11-24 22:24:57.922   778  1212 I ActivityManager: Killing 2148:com.android.exchange/u0a35 (adj 13): empty for 1800s
11-24 22:24:57.940   778  1212 I ActivityManager: Killing 1119:com.android.settings/1000 (adj 13): empty for 1800s
11-24 22:24:57.949   778   902 D WifiService: Client connection lost with reason: 4
11-24 22:24:57.970   778  1212 I ActivityManager: Killing 2074:com.android.onetimeinitializer/u0a13 (adj 15): empty for 1800s
11-24 22:24:58.366   778   799 I ActivityManager: Killing 2221:org.whispersystems.whisperpush/u0a60 (adj 15): empty for 1800s
11-24 22:24:59.128   778  1280 I ActivityManager: Killing 1912:com.cyanogenmod.account/u0a2 (adj 15): empty for 1800s
11-24 22:24:59.190   778  1280 I ActivityManager: Killing 2283:com.android.deskclock/u0a31 (adj 15): empty for 1800s
11-24 22:24:59.542   778   799 I ActivityManager: Killing 2039:com.android.mms/u0a12 (adj 15): empty for 1800s
11-24 22:24:59.549   778  1212 D CountryDetector: No listener is left
11-24 22:25:02.225   778   986 I ActivityManager: START u0 {act=android.intent.action.MAIN cat=[android.intent.category.LAUNCHER] flg=0x10200000 cmp=io.github.izzyleung.zhihudailypurify/.ui.activity.MainActivity (has extras)} from uid 10019 on display 0
11-24 22:25:02.234   778   986 V WindowManager: addAppToken: AppWindowToken{31ddd7a5 token=Token{a2f319c ActivityRecord{355c6d0f u0 io.github.izzyleung.zhihudailypurify/.ui.activity.MainActivity t160}}} to stack=1 task=160 at 0
11-24 22:25:02.248   778   806 V WindowManager: Adding window Window{31161834 u0 Starting io.github.izzyleung.zhihudailypurify} at 2 of 7 (after Window{387e68d5 u0 com.cyanogenmod.trebuchet/com.android.launcher3.Launcher})
11-24 22:25:02.339   778   989 V WindowManager: Adding window Window{1cb8b7ff u0 io.github.izzyleung.zhihudailypurify/io.github.izzyleung.zhihudailypurify.ui.activity.MainActivity} at 2 of 8 (before Window{31161834 u0 Starting io.github.izzyleung.zhihudailypurify})
11-24 22:25:05.752   778   928 D TaskPersister: removeObsoleteFile: deleting file=159_task.xml
11-24 22:25:05.754   778   928 D TaskPersister: removeObsoleteFile: deleting file=159_task_thumbnail.png
11-24 22:25:07.655   778  1155 I ActivityManager: START u0 {cmp=io.github.izzyleung.zhihudailypurify/.ui.activity.PickDateActivity} from uid 10075 on display 0
11-24 22:25:07.668   778  1155 V WindowManager: addAppToken: AppWindowToken{25cd26b8 token=Token{3ead51b ActivityRecord{3440832a u0 io.github.izzyleung.zhihudailypurify/.ui.activity.PickDateActivity t160}}} to stack=1 task=160 at 1
11-24 22:25:07.756   778  1280 V WindowManager: Adding window Window{2ebba7f6 u0 io.github.izzyleung.zhihudailypurify/io.github.izzyleung.zhihudailypurify.ui.activity.PickDateActivity} at 3 of 8 (after Window{1cb8b7ff u0 io.github.izzyleung.zhihudailypurify/io.github.izzyleung.zhihudailypurify.ui.activity.MainActivity})
11-24 22:25:13.399   778  1155 I ActivityManager: START u0 {act=android.intent.action.MAIN cat=[android.intent.category.LAUNCHER] flg=0x10200000 cmp=io.github.izzyleung.zhihudailypurify/.ui.activity.MainActivity (has extras)} from uid 10019 on display 0
11-24 22:25:13.408   778  1155 V WindowManager: addAppToken: AppWindowToken{2f89c094 token=Token{348c7ce7 ActivityRecord{337bfaa6 u0 io.github.izzyleung.zhihudailypurify/.ui.activity.MainActivity t161}}} to stack=1 task=161 at 0
11-24 22:25:13.424   778   806 V WindowManager: Adding window Window{107221df u0 Starting io.github.izzyleung.zhihudailypurify} at 2 of 7 (after Window{387e68d5 u0 com.cyanogenmod.trebuchet/com.android.launcher3.Launcher})
11-24 22:25:13.503   778   794 V WindowManager: Adding window Window{1a0e5956 u0 io.github.izzyleung.zhihudailypurify/io.github.izzyleung.zhihudailypurify.ui.activity.MainActivity} at 2 of 8 (before Window{107221df u0 Starting io.github.izzyleung.zhihudailypurify})
11-24 22:25:16.932   778   928 D TaskPersister: removeObsoleteFile: deleting file=160_task.xml
11-24 22:25:16.933   778   928 D TaskPersister: removeObsoleteFile: deleting file=160_task_thumbnail.png
11-24 22:25:18.807   778   794 I ActivityManager: START u0 {cmp=io.github.izzyleung.zhihudailypurify/.ui.activity.PickDateActivity} from uid 10075 on display 0
11-24 22:25:18.818   778   794 V WindowManager: addAppToken: AppWindowToken{2d4c1073 token=Token{3baeb4e2 ActivityRecord{3bc279ad u0 io.github.izzyleung.zhihudailypurify/.ui.activity.PickDateActivity t161}}} to stack=1 task=161 at 1
11-24 22:25:18.900   778   795 V WindowManager: Adding window Window{38ba03a9 u0 io.github.izzyleung.zhihudailypurify/io.github.izzyleung.zhihudailypurify.ui.activity.PickDateActivity} at 3 of 8 (after Window{1a0e5956 u0 io.github.izzyleung.zhihudailypurify/io.github.izzyleung.zhihudailypurify.ui.activity.MainActivity})
11-24 22:25:24.668   778  1267 I ActivityManager: START u0 {act=android.intent.action.MAIN cat=[android.intent.category.LAUNCHER] flg=0x10200000 cmp=io.github.izzyleung.zhihudailypurify/.ui.activity.MainActivity (has extras)} from uid 10019 on display 0
11-24 22:25:24.680   778  1267 V WindowManager: addAppToken: AppWindowToken{365fbbf token=Token{30d34dde ActivityRecord{21be2919 u0 io.github.izzyleung.zhihudailypurify/.ui.activity.MainActivity t162}}} to stack=1 task=162 at 0
11-24 22:25:24.686   778   806 V WindowManager: Adding window Window{23d53ab6 u0 Starting io.github.izzyleung.zhihudailypurify} at 2 of 7 (after Window{387e68d5 u0 com.cyanogenmod.trebuchet/com.android.launcher3.Launcher})
11-24 22:25:24.784   778   795 V WindowManager: Adding window Window{2d8e8a89 u0 io.github.izzyleung.zhihudailypurify/io.github.izzyleung.zhihudailypurify.ui.activity.MainActivity} at 2 of 8 (before Window{23d53ab6 u0 Starting io.github.izzyleung.zhihudailypurify})
11-24 22:25:28.200   778   928 D TaskPersister: removeObsoleteFile: deleting file=161_task.xml
11-24 22:25:28.201   778   928 D TaskPersister: removeObsoleteFile: deleting file=161_task_thumbnail.png
11-24 22:25:30.062   778  1220 I ActivityManager: START u0 {cmp=io.github.izzyleung.zhihudailypurify/.ui.activity.PickDateActivity} from uid 10075 on display 0
11-24 22:25:30.065   778  1220 V WindowManager: addAppToken: AppWindowToken{22c1219a token=Token{30cc4645 ActivityRecord{2f6db6bc u0 io.github.izzyleung.zhihudailypurify/.ui.activity.PickDateActivity t162}}} to stack=1 task=162 at 1
11-24 22:25:30.158   778  1155 V WindowManager: Adding window Window{3abd82a8 u0 io.github.izzyleung.zhihudailypurify/io.github.izzyleung.zhihudailypurify.ui.activity.PickDateActivity} at 3 of 8 (after Window{2d8e8a89 u0 io.github.izzyleung.zhihudailypurify/io.github.izzyleung.zhihudailypurify.ui.activity.MainActivity})
11-24 22:25:35.885   778   795 I ActivityManager: START u0 {act=android.intent.action.MAIN cat=[android.intent.category.LAUNCHER] flg=0x10200000 cmp=io.github.izzyleung.zhihudailypurify/.ui.activity.MainActivity (has extras)} from uid 10019 on display 0
11-24 22:25:35.899   778   795 V WindowManager: addAppToken: AppWindowToken{39e84c16 token=Token{2dbdd31 ActivityRecord{17aae5d8 u0 io.github.izzyleung.zhihudailypurify/.ui.activity.MainActivity t163}}} to stack=1 task=163 at 0
11-24 22:25:35.910   778   806 V WindowManager: Adding window Window{3700169 u0 Starting io.github.izzyleung.zhihudailypurify} at 2 of 7 (after Window{387e68d5 u0 com.cyanogenmod.trebuchet/com.android.launcher3.Launcher})
11-24 22:25:35.985   778  1155 V WindowManager: Adding window Window{3e0f7508 u0 io.github.izzyleung.zhihudailypurify/io.github.izzyleung.zhihudailypurify.ui.activity.MainActivity} at 2 of 8 (before Window{3700169 u0 Starting io.github.izzyleung.zhihudailypurify})
11-24 22:25:39.408   778   928 D TaskPersister: removeObsoleteFile: deleting file=162_task.xml
11-24 22:25:39.408   778   928 D TaskPersister: removeObsoleteFile: deleting file=162_task_thumbnail.png
11-24 22:25:41.314   778  1221 I ActivityManager: START u0 {cmp=io.github.izzyleung.zhihudailypurify/.ui.activity.PickDateActivity} from uid 10075 on display 0
11-24 22:25:41.328   778  1221 V WindowManager: addAppToken: AppWindowToken{224bb9dd token=Token{eaad9b4 ActivityRecord{6cbc687 u0 io.github.izzyleung.zhihudailypurify/.ui.activity.PickDateActivity t163}}} to stack=1 task=163 at 1
11-24 22:25:41.426   778  1221 V WindowManager: Adding window Window{a944423 u0 io.github.izzyleung.zhihudailypurify/io.github.izzyleung.zhihudailypurify.ui.activity.PickDateActivity} at 3 of 8 (after Window{3e0f7508 u0 io.github.izzyleung.zhihudailypurify/io.github.izzyleung.zhihudailypurify.ui.activity.MainActivity})
11-24 22:25:47.113   778  1267 I ActivityManager: START u0 {act=android.intent.action.MAIN cat=[android.intent.category.LAUNCHER] flg=0x10200000 cmp=io.github.izzyleung.zhihudailypurify/.ui.activity.MainActivity (has extras)} from uid 10019 on display 0
11-24 22:25:47.124   778  1267 V WindowManager: addAppToken: AppWindowToken{23966849 token=Token{134ace50 ActivityRecord{3c2e7c13 u0 io.github.izzyleung.zhihudailypurify/.ui.activity.MainActivity t164}}} to stack=1 task=164 at 0
11-24 22:25:47.131   778   806 V WindowManager: Adding window Window{3e8a1768 u0 Starting io.github.izzyleung.zhihudailypurify} at 2 of 7 (after Window{387e68d5 u0 com.cyanogenmod.trebuchet/com.android.launcher3.Launcher})
11-24 22:25:47.219   778   795 V WindowManager: Adding window Window{d7e9003 u0 io.github.izzyleung.zhihudailypurify/io.github.izzyleung.zhihudailypurify.ui.activity.MainActivity} at 2 of 8 (before Window{3e8a1768 u0 Starting io.github.izzyleung.zhihudailypurify})
11-24 22:25:50.638   778   928 D TaskPersister: removeObsoleteFile: deleting file=163_task.xml
11-24 22:25:50.639   778   928 D TaskPersister: removeObsoleteFile: deleting file=163_task_thumbnail.png
11-24 22:25:52.560   778  1218 I ActivityManager: START u0 {cmp=io.github.izzyleung.zhihudailypurify/.ui.activity.PickDateActivity} from uid 10075 on display 0
11-24 22:25:52.571   778  1218 V WindowManager: addAppToken: AppWindowToken{3036bfac token=Token{2f50295f ActivityRecord{34b92dfe u0 io.github.izzyleung.zhihudailypurify/.ui.activity.PickDateActivity t164}}} to stack=1 task=164 at 1
11-24 22:25:52.679   778  1212 V WindowManager: Adding window Window{2c762c0a u0 io.github.izzyleung.zhihudailypurify/io.github.izzyleung.zhihudailypurify.ui.activity.PickDateActivity} at 3 of 8 (after Window{d7e9003 u0 io.github.izzyleung.zhihudailypurify/io.github.izzyleung.zhihudailypurify.ui.activity.MainActivity})
11-24 22:25:58.443   778  1155 I ActivityManager: START u0 {act=android.intent.action.MAIN cat=[android.intent.category.LAUNCHER] flg=0x10200000 cmp=io.github.izzyleung.zhihudailypurify/.ui.activity.MainActivity (has extras)} from uid 10019 on display 0
11-24 22:25:58.455   778  1155 V WindowManager: addAppToken: AppWindowToken{1e4569c8 token=Token{77cfa6b ActivityRecord{1bf9abba u0 io.github.izzyleung.zhihudailypurify/.ui.activity.MainActivity t165}}} to stack=1 task=165 at 0
11-24 22:25:58.463   778   806 V WindowManager: Adding window Window{15bc4be3 u0 Starting io.github.izzyleung.zhihudailypurify} at 2 of 7 (after Window{387e68d5 u0 com.cyanogenmod.trebuchet/com.android.launcher3.Launcher})
11-24 22:25:58.547   778   986 V WindowManager: Adding window Window{1ef4776a u0 io.github.izzyleung.zhihudailypurify/io.github.izzyleung.zhihudailypurify.ui.activity.MainActivity} at 2 of 8 (before Window{15bc4be3 u0 Starting io.github.izzyleung.zhihudailypurify})
11-24 22:26:01.974   778   928 D TaskPersister: removeObsoleteFile: deleting file=164_task.xml
11-24 22:26:01.975   778   928 D TaskPersister: removeObsoleteFile: deleting file=164_task_thumbnail.png
11-24 22:26:03.870   778   794 I ActivityManager: START u0 {cmp=io.github.izzyleung.zhihudailypurify/.ui.activity.PickDateActivity} from uid 10075 on display 0
11-24 22:26:03.882   778   794 V WindowManager: addAppToken: AppWindowToken{172adb37 token=Token{45aa036 ActivityRecord{20506dd1 u0 io.github.izzyleung.zhihudailypurify/.ui.activity.PickDateActivity t165}}} to stack=1 task=165 at 1
11-24 22:26:03.987   778   986 V WindowManager: Adding window Window{31d160d u0 io.github.izzyleung.zhihudailypurify/io.github.izzyleung.zhihudailypurify.ui.activity.PickDateActivity} at 3 of 8 (after Window{1ef4776a u0 io.github.izzyleung.zhihudailypurify/io.github.izzyleung.zhihudailypurify.ui.activity.MainActivity})
11-24 22:26:09.682   778   794 I ActivityManager: START u0 {act=android.intent.action.MAIN cat=[android.intent.category.LAUNCHER] flg=0x10200000 cmp=io.github.izzyleung.zhihudailypurify/.ui.activity.MainActivity (has extras)} from uid 10019 on display 0
11-24 22:26:09.683   778   794 V WindowManager: addAppToken: AppWindowToken{31c577c3 token=Token{3a3ae772 ActivityRecord{58c9c7d u0 io.github.izzyleung.zhihudailypurify/.ui.activity.MainActivity t166}}} to stack=1 task=166 at 0
11-24 22:26:09.688   778   806 V WindowManager: Adding window Window{19bbf2ca u0 Starting io.github.izzyleung.zhihudailypurify} at 2 of 7 (after Window{387e68d5 u0 com.cyanogenmod.trebuchet/com.android.launcher3.Launcher})
11-24 22:26:09.782   778  1280 V WindowManager: Adding window Window{e29eed u0 io.github.izzyleung.zhihudailypurify/io.github.izzyleung.zhihudailypurify.ui.activity.MainActivity} at 2 of 8 (before Window{19bbf2ca u0 Starting io.github.izzyleung.zhihudailypurify})
11-24 22:26:13.201   778   928 D TaskPersister: removeObsoleteFile: deleting file=165_task.xml
11-24 22:26:13.202   778   928 D TaskPersister: removeObsoleteFile: deleting file=165_task_thumbnail.png
11-24 22:26:15.152   778   989 I ActivityManager: START u0 {cmp=io.github.izzyleung.zhihudailypurify/.ui.activity.PickDateActivity} from uid 10075 on display 0
11-24 22:26:15.163   778   989 V WindowManager: addAppToken: AppWindowToken{26a1d6e token=Token{21d73ce9 ActivityRecord{dad9170 u0 io.github.izzyleung.zhihudailypurify/.ui.activity.PickDateActivity t166}}} to stack=1 task=166 at 1
11-24 22:26:15.246   778   989 V WindowManager: Adding window Window{22b2549c u0 io.github.izzyleung.zhihudailypurify/io.github.izzyleung.zhihudailypurify.ui.activity.PickDateActivity} at 3 of 8 (after Window{e29eed u0 io.github.izzyleung.zhihudailypurify/io.github.izzyleung.zhihudailypurify.ui.activity.MainActivity})
11-24 22:26:20.976   778  1219 I ActivityManager: START u0 {act=android.intent.action.MAIN cat=[android.intent.category.LAUNCHER] flg=0x10200000 cmp=io.github.izzyleung.zhihudailypurify/.ui.activity.MainActivity (has extras)} from uid 10019 on display 0
11-24 22:26:20.985   778  1219 V WindowManager: addAppToken: AppWindowToken{19249e2a token=Token{1d749b15 ActivityRecord{3e021ccc u0 io.github.izzyleung.zhihudailypurify/.ui.activity.MainActivity t167}}} to stack=1 task=167 at 0
11-24 22:26:20.990   778   806 V WindowManager: Adding window Window{85e17cd u0 Starting io.github.izzyleung.zhihudailypurify} at 2 of 7 (after Window{387e68d5 u0 com.cyanogenmod.trebuchet/com.android.launcher3.Launcher})
11-24 22:26:21.081   778  1221 V WindowManager: Adding window Window{36ac50fc u0 io.github.izzyleung.zhihudailypurify/io.github.izzyleung.zhihudailypurify.ui.activity.MainActivity} at 2 of 8 (before Window{85e17cd u0 Starting io.github.izzyleung.zhihudailypurify})
11-24 22:26:24.502   778   928 D TaskPersister: removeObsoleteFile: deleting file=166_task.xml
11-24 22:26:24.503   778   928 D TaskPersister: removeObsoleteFile: deleting file=166_task_thumbnail.png
11-24 22:26:26.402   778  1155 I ActivityManager: START u0 {cmp=io.github.izzyleung.zhihudailypurify/.ui.activity.PickDateActivity} from uid 10075 on display 0
11-24 22:26:26.416   778  1155 V WindowManager: addAppToken: AppWindowToken{dfcc301 token=Token{21eb80e8 ActivityRecord{255e7a0b u0 io.github.izzyleung.zhihudailypurify/.ui.activity.PickDateActivity t167}}} to stack=1 task=167 at 1
11-24 22:26:26.523   778  1220 V WindowManager: Adding window Window{678abe7 u0 io.github.izzyleung.zhihudailypurify/io.github.izzyleung.zhihudailypurify.ui.activity.PickDateActivity} at 3 of 8 (after Window{36ac50fc u0 io.github.izzyleung.zhihudailypurify/io.github.izzyleung.zhihudailypurify.ui.activity.MainActivity})
11-24 22:26:32.195   778   794 I ActivityManager: START u0 {act=android.intent.action.MAIN cat=[android.intent.category.LAUNCHER] flg=0x10200000 cmp=io.github.izzyleung.zhihudailypurify/.ui.activity.MainActivity (has extras)} from uid 10019 on display 0
11-24 22:26:32.204   778   794 V WindowManager: addAppToken: AppWindowToken{b4780ad token=Token{25d139c4 ActivityRecord{2eae5cd7 u0 io.github.izzyleung.zhihudailypurify/.ui.activity.MainActivity t168}}} to stack=1 task=168 at 0
11-24 22:26:32.210   778   806 V WindowManager: Adding window Window{89bfd5c u0 Starting io.github.izzyleung.zhihudailypurify} at 2 of 7 (after Window{387e68d5 u0 com.cyanogenmod.trebuchet/com.android.launcher3.Launcher})
11-24 22:26:32.296   778   989 V WindowManager: Adding window Window{24ea29c7 u0 io.github.izzyleung.zhihudailypurify/io.github.izzyleung.zhihudailypurify.ui.activity.MainActivity} at 2 of 8 (before Window{89bfd5c u0 Starting io.github.izzyleung.zhihudailypurify})
11-24 22:26:35.722   778   928 D TaskPersister: removeObsoleteFile: deleting file=167_task.xml
11-24 22:26:35.723   778   928 D TaskPersister: removeObsoleteFile: deleting file=167_task_thumbnail.png
11-24 22:26:37.656   778  1280 I ActivityManager: START u0 {cmp=io.github.izzyleung.zhihudailypurify/.ui.activity.PickDateActivity} from uid 10075 on display 0
11-24 22:26:37.666   778  1280 V WindowManager: addAppToken: AppWindowToken{285d8360 token=Token{31559b63 ActivityRecord{1d6cd592 u0 io.github.izzyleung.zhihudailypurify/.ui.activity.PickDateActivity t168}}} to stack=1 task=168 at 1
11-24 22:26:37.762   778  1280 V WindowManager: Adding window Window{5feb8de u0 io.github.izzyleung.zhihudailypurify/io.github.izzyleung.zhihudailypurify.ui.activity.PickDateActivity} at 3 of 8 (after Window{24ea29c7 u0 io.github.izzyleung.zhihudailypurify/io.github.izzyleung.zhihudailypurify.ui.activity.MainActivity})
11-24 22:26:43.416   778  1280 I ActivityManager: START u0 {act=android.intent.action.MAIN cat=[android.intent.category.LAUNCHER] flg=0x10200000 cmp=io.github.izzyleung.zhihudailypurify/.ui.activity.MainActivity (has extras)} from uid 10019 on display 0
11-24 22:26:43.429   778  1280 V WindowManager: addAppToken: AppWindowToken{251959bc token=Token{5b3a1af ActivityRecord{2b39158e u0 io.github.izzyleung.zhihudailypurify/.ui.activity.MainActivity t169}}} to stack=1 task=169 at 0
11-24 22:26:43.437   778   806 V WindowManager: Adding window Window{183017a7 u0 Starting io.github.izzyleung.zhihudailypurify} at 2 of 7 (after Window{387e68d5 u0 com.cyanogenmod.trebuchet/com.android.launcher3.Launcher})
11-24 22:26:43.512   778   794 V WindowManager: Adding window Window{11dbfe3e u0 io.github.izzyleung.zhihudailypurify/io.github.izzyleung.zhihudailypurify.ui.activity.MainActivity} at 2 of 8 (before Window{183017a7 u0 Starting io.github.izzyleung.zhihudailypurify})
11-24 22:26:46.947   778   928 D TaskPersister: removeObsoleteFile: deleting file=168_task.xml
11-24 22:26:46.955   778   928 D TaskPersister: removeObsoleteFile: deleting file=168_task_thumbnail.png
11-24 22:26:48.831   778  1221 I ActivityManager: START u0 {cmp=io.github.izzyleung.zhihudailypurify/.ui.activity.PickDateActivity} from uid 10075 on display 0
11-24 22:26:48.842   778  1221 V WindowManager: addAppToken: AppWindowToken{3d959bbb token=Token{295c04a ActivityRecord{3a8a71b5 u0 io.github.izzyleung.zhihudailypurify/.ui.activity.PickDateActivity t169}}} to stack=1 task=169 at 1
11-24 22:26:48.944   778  1267 V WindowManager: Adding window Window{183d7431 u0 io.github.izzyleung.zhihudailypurify/io.github.izzyleung.zhihudailypurify.ui.activity.PickDateActivity} at 3 of 8 (after Window{11dbfe3e u0 io.github.izzyleung.zhihudailypurify/io.github.izzyleung.zhihudailypurify.ui.activity.MainActivity})
11-24 22:26:54.730   778  1221 I ActivityManager: START u0 {act=android.intent.action.MAIN cat=[android.intent.category.LAUNCHER] flg=0x10200000 cmp=io.github.izzyleung.zhihudailypurify/.ui.activity.MainActivity (has extras)} from uid 10019 on display 0
11-24 22:26:54.741   778  1221 V WindowManager: addAppToken: AppWindowToken{3427587 token=Token{3821f1c6 ActivityRecord{16e2cba1 u0 io.github.izzyleung.zhihudailypurify/.ui.activity.MainActivity t170}}} to stack=1 task=170 at 0
11-24 22:26:54.747   778   806 V WindowManager: Adding window Window{2d07739e u0 Starting io.github.izzyleung.zhihudailypurify} at 2 of 7 (after Window{387e68d5 u0 com.cyanogenmod.trebuchet/com.android.launcher3.Launcher})
11-24 22:26:54.841   778  1219 V WindowManager: Adding window Window{2404df11 u0 io.github.izzyleung.zhihudailypurify/io.github.izzyleung.zhihudailypurify.ui.activity.MainActivity} at 2 of 8 (before Window{2d07739e u0 Starting io.github.izzyleung.zhihudailypurify})
11-24 22:26:58.266   778   928 D TaskPersister: removeObsoleteFile: deleting file=169_task.xml
11-24 22:26:58.267   778   928 D TaskPersister: removeObsoleteFile: deleting file=169_task_thumbnail.png
11-24 22:27:00.122   778   794 I ActivityManager: START u0 {cmp=io.github.izzyleung.zhihudailypurify/.ui.activity.PickDateActivity} from uid 10075 on display 0
11-24 22:27:00.128   778   794 V WindowManager: addAppToken: AppWindowToken{26418602 token=Token{2dc75b4d ActivityRecord{1d935ae4 u0 io.github.izzyleung.zhihudailypurify/.ui.activity.PickDateActivity t170}}} to stack=1 task=170 at 1
11-24 22:27:00.223   778   989 V WindowManager: Adding window Window{9d4150 u0 io.github.izzyleung.zhihudailypurify/io.github.izzyleung.zhihudailypurify.ui.activity.PickDateActivity} at 3 of 8 (after Window{2404df11 u0 io.github.izzyleung.zhihudailypurify/io.github.izzyleung.zhihudailypurify.ui.activity.MainActivity})
11-24 22:27:05.998   778   986 I ActivityManager: START u0 {act=android.intent.action.MAIN cat=[android.intent.category.LAUNCHER] flg=0x10200000 cmp=io.github.izzyleung.zhihudailypurify/.ui.activity.MainActivity (has extras)} from uid 10019 on display 0
11-24 22:27:06.006   778   986 V WindowManager: addAppToken: AppWindowToken{3a5918fe token=Token{3f1dacb9 ActivityRecord{306b9e80 u0 io.github.izzyleung.zhihudailypurify/.ui.activity.MainActivity t171}}} to stack=1 task=171 at 0
11-24 22:27:06.013   778   806 V WindowManager: Adding window Window{3c1b39f1 u0 Starting io.github.izzyleung.zhihudailypurify} at 2 of 7 (after Window{387e68d5 u0 com.cyanogenmod.trebuchet/com.android.launcher3.Launcher})
11-24 22:27:06.100   778   794 V WindowManager: Adding window Window{28e3a7b0 u0 io.github.izzyleung.zhihudailypurify/io.github.izzyleung.zhihudailypurify.ui.activity.MainActivity} at 2 of 8 (before Window{3c1b39f1 u0 Starting io.github.izzyleung.zhihudailypurify})
11-24 22:27:09.518   778   928 D TaskPersister: removeObsoleteFile: deleting file=170_task.xml
11-24 22:27:09.519   778   928 D TaskPersister: removeObsoleteFile: deleting file=170_task_thumbnail.png
11-24 22:27:11.427   778  1267 I ActivityManager: START u0 {cmp=io.github.izzyleung.zhihudailypurify/.ui.activity.PickDateActivity} from uid 10075 on display 0
11-24 22:27:11.442   778  1267 V WindowManager: addAppToken: AppWindowToken{18c30be5 token=Token{bd38edc ActivityRecord{200ef74f u0 io.github.izzyleung.zhihudailypurify/.ui.activity.PickDateActivity t171}}} to stack=1 task=171 at 1
11-24 22:27:11.532   778  1155 V WindowManager: Adding window Window{21edb96b u0 io.github.izzyleung.zhihudailypurify/io.github.izzyleung.zhihudailypurify.ui.activity.PickDateActivity} at 3 of 8 (after Window{28e3a7b0 u0 io.github.izzyleung.zhihudailypurify/io.github.izzyleung.zhihudailypurify.ui.activity.MainActivity})
11-24 22:27:17.340   778  1212 I ActivityManager: START u0 {act=android.intent.action.MAIN cat=[android.intent.category.LAUNCHER] flg=0x10200000 cmp=io.github.izzyleung.zhihudailypurify/.ui.activity.MainActivity (has extras)} from uid 10019 on display 0
11-24 22:27:17.350   778  1212 V WindowManager: addAppToken: AppWindowToken{12b884d1 token=Token{a38e7f8 ActivityRecord{3413d35b u0 io.github.izzyleung.zhihudailypurify/.ui.activity.MainActivity t172}}} to stack=1 task=172 at 0
11-24 22:27:17.359   778   806 V WindowManager: Adding window Window{399cbe10 u0 Starting io.github.izzyleung.zhihudailypurify} at 2 of 7 (after Window{387e68d5 u0 com.cyanogenmod.trebuchet/com.android.launcher3.Launcher})
11-24 22:27:17.454   778   989 V WindowManager: Adding window Window{39ac494b u0 io.github.izzyleung.zhihudailypurify/io.github.izzyleung.zhihudailypurify.ui.activity.MainActivity} at 2 of 8 (before Window{399cbe10 u0 Starting io.github.izzyleung.zhihudailypurify})
11-24 22:27:20.858   778   928 D TaskPersister: removeObsoleteFile: deleting file=171_task.xml
11-24 22:27:20.859   778   928 D TaskPersister: removeObsoleteFile: deleting file=171_task_thumbnail.png
11-24 22:27:22.837   778  1220 I ActivityManager: START u0 {cmp=io.github.izzyleung.zhihudailypurify/.ui.activity.PickDateActivity} from uid 10075 on display 0
11-24 22:27:22.848   778  1220 V WindowManager: addAppToken: AppWindowToken{318025d4 token=Token{14f42f27 ActivityRecord{3d460de6 u0 io.github.izzyleung.zhihudailypurify/.ui.activity.PickDateActivity t172}}} to stack=1 task=172 at 1
11-24 22:27:22.955   778   986 V WindowManager: Adding window Window{10552272 u0 io.github.izzyleung.zhihudailypurify/io.github.izzyleung.zhihudailypurify.ui.activity.PickDateActivity} at 3 of 8 (after Window{39ac494b u0 io.github.izzyleung.zhihudailypurify/io.github.izzyleung.zhihudailypurify.ui.activity.MainActivity})
11-24 22:27:28.716   778  1220 I ActivityManager: START u0 {act=android.intent.action.MAIN cat=[android.intent.category.LAUNCHER] flg=0x10200000 cmp=io.github.izzyleung.zhihudailypurify/.ui.activity.MainActivity (has extras)} from uid 10019 on display 0
11-24 22:27:28.727   778  1220 V WindowManager: addAppToken: AppWindowToken{1e08470 token=Token{288eb6b3 ActivityRecord{2fd70c22 u0 io.github.izzyleung.zhihudailypurify/.ui.activity.MainActivity t173}}} to stack=1 task=173 at 0
11-24 22:27:28.733   778   806 V WindowManager: Adding window Window{e30492b u0 Starting io.github.izzyleung.zhihudailypurify} at 2 of 7 (after Window{387e68d5 u0 com.cyanogenmod.trebuchet/com.android.launcher3.Launcher})
11-24 22:27:28.824   778   986 V WindowManager: Adding window Window{1c3ec1d2 u0 io.github.izzyleung.zhihudailypurify/io.github.izzyleung.zhihudailypurify.ui.activity.MainActivity} at 2 of 8 (before Window{e30492b u0 Starting io.github.izzyleung.zhihudailypurify})
11-24 22:27:32.246   778   928 D TaskPersister: removeObsoleteFile: deleting file=172_task.xml
11-24 22:27:32.247   778   928 D TaskPersister: removeObsoleteFile: deleting file=172_task_thumbnail.png
11-24 22:27:34.172   778   794 I ActivityManager: START u0 {cmp=io.github.izzyleung.zhihudailypurify/.ui.activity.PickDateActivity} from uid 10075 on display 0
11-24 22:27:34.183   778   794 V WindowManager: addAppToken: AppWindowToken{1a33d5ff token=Token{1fa3291e ActivityRecord{19436959 u0 io.github.izzyleung.zhihudailypurify/.ui.activity.PickDateActivity t173}}} to stack=1 task=173 at 1
11-24 22:27:34.280   778  1221 V WindowManager: Adding window Window{2b384215 u0 io.github.izzyleung.zhihudailypurify/io.github.izzyleung.zhihudailypurify.ui.activity.PickDateActivity} at 3 of 8 (after Window{1c3ec1d2 u0 io.github.izzyleung.zhihudailypurify/io.github.izzyleung.zhihudailypurify.ui.activity.MainActivity})
11-24 22:27:39.942   778  1280 I ActivityManager: START u0 {act=android.intent.action.MAIN cat=[android.intent.category.LAUNCHER] flg=0x10200000 cmp=io.github.izzyleung.zhihudailypurify/.ui.activity.MainActivity (has extras)} from uid 10019 on display 0
11-24 22:27:39.946   778  1280 V WindowManager: addAppToken: AppWindowToken{ef1b90b token=Token{39a5c0da ActivityRecord{2c6eda85 u0 io.github.izzyleung.zhihudailypurify/.ui.activity.MainActivity t174}}} to stack=1 task=174 at 0
11-24 22:27:39.951   778   806 V WindowManager: Adding window Window{20ab9132 u0 Starting io.github.izzyleung.zhihudailypurify} at 2 of 7 (after Window{387e68d5 u0 com.cyanogenmod.trebuchet/com.android.launcher3.Launcher})
11-24 22:27:40.061   778  1220 V WindowManager: Adding window Window{17746ef5 u0 io.github.izzyleung.zhihudailypurify/io.github.izzyleung.zhihudailypurify.ui.activity.MainActivity} at 2 of 8 (before Window{20ab9132 u0 Starting io.github.izzyleung.zhihudailypurify})
11-24 22:27:43.466   778   928 D TaskPersister: removeObsoleteFile: deleting file=173_task.xml
11-24 22:27:43.471   778   928 D TaskPersister: removeObsoleteFile: deleting file=173_task_thumbnail.png
11-24 22:27:45.389   778   795 I ActivityManager: START u0 {cmp=io.github.izzyleung.zhihudailypurify/.ui.activity.PickDateActivity} from uid 10075 on display 0
11-24 22:27:45.402   778   795 V WindowManager: addAppToken: AppWindowToken{12b2ef56 token=Token{7ea0571 ActivityRecord{2b738718 u0 io.github.izzyleung.zhihudailypurify/.ui.activity.PickDateActivity t174}}} to stack=1 task=174 at 1
11-24 22:27:45.495   778  1220 V WindowManager: Adding window Window{3a5fcc4 u0 io.github.izzyleung.zhihudailypurify/io.github.izzyleung.zhihudailypurify.ui.activity.PickDateActivity} at 3 of 8 (after Window{17746ef5 u0 io.github.izzyleung.zhihudailypurify/io.github.izzyleung.zhihudailypurify.ui.activity.MainActivity})
11-24 22:27:51.244   778   795 I ActivityManager: START u0 {act=android.intent.action.MAIN cat=[android.intent.category.LAUNCHER] flg=0x10200000 cmp=io.github.izzyleung.zhihudailypurify/.ui.activity.MainActivity (has extras)} from uid 10019 on display 0
11-24 22:27:51.256   778   795 V WindowManager: addAppToken: AppWindowToken{3ef39092 token=Token{1dc7b61d ActivityRecord{21641ef4 u0 io.github.izzyleung.zhihudailypurify/.ui.activity.MainActivity t175}}} to stack=1 task=175 at 0
11-24 22:27:51.266   778   806 V WindowManager: Adding window Window{5888bd5 u0 Starting io.github.izzyleung.zhihudailypurify} at 2 of 7 (after Window{387e68d5 u0 com.cyanogenmod.trebuchet/com.android.launcher3.Launcher})
11-24 22:27:51.348   778   794 V WindowManager: Adding window Window{9c72d24 u0 io.github.izzyleung.zhihudailypurify/io.github.izzyleung.zhihudailypurify.ui.activity.MainActivity} at 2 of 8 (before Window{5888bd5 u0 Starting io.github.izzyleung.zhihudailypurify})
11-24 22:27:54.779   778   928 D TaskPersister: removeObsoleteFile: deleting file=174_task.xml
11-24 22:27:54.780   778   928 D TaskPersister: removeObsoleteFile: deleting file=174_task_thumbnail.png
11-24 22:27:56.704   778  1280 I ActivityManager: START u0 {cmp=io.github.izzyleung.zhihudailypurify/.ui.activity.PickDateActivity} from uid 10075 on display 0
11-24 22:27:56.717   778  1280 V WindowManager: addAppToken: AppWindowToken{16767889 token=Token{12dbf790 ActivityRecord{20918253 u0 io.github.izzyleung.zhihudailypurify/.ui.activity.PickDateActivity t175}}} to stack=1 task=175 at 1
11-24 22:27:56.799   778  1267 V WindowManager: Adding window Window{27a7f0af u0 io.github.izzyleung.zhihudailypurify/io.github.izzyleung.zhihudailypurify.ui.activity.PickDateActivity} at 3 of 8 (after Window{9c72d24 u0 io.github.izzyleung.zhihudailypurify/io.github.izzyleung.zhihudailypurify.ui.activity.MainActivity})
11-24 22:28:02.213   778   795 I ActivityManager: START u0 {act=android.intent.action.MAIN cat=[android.intent.category.LAUNCHER] flg=0x10200000 cmp=io.github.izzyleung.zhihudailypurify/.ui.activity.MainActivity (has extras)} from uid 10019 on display 0
11-24 22:28:02.224   778   795 V WindowManager: addAppToken: AppWindowToken{202c98b5 token=Token{3f0b0cec ActivityRecord{3f3c639f u0 io.github.izzyleung.zhihudailypurify/.ui.activity.MainActivity t176}}} to stack=1 task=176 at 0
11-24 22:28:02.232   778   806 V WindowManager: Adding window Window{9880d84 u0 Starting io.github.izzyleung.zhihudailypurify} at 2 of 7 (after Window{387e68d5 u0 com.cyanogenmod.trebuchet/com.android.launcher3.Launcher})
11-24 22:28:02.325   778   794 V WindowManager: Adding window Window{30b728f u0 io.github.izzyleung.zhihudailypurify/io.github.izzyleung.zhihudailypurify.ui.activity.MainActivity} at 2 of 8 (before Window{9880d84 u0 Starting io.github.izzyleung.zhihudailypurify})
11-24 22:28:05.744   778   928 D TaskPersister: removeObsoleteFile: deleting file=175_task.xml
11-24 22:28:05.749   778   928 D TaskPersister: removeObsoleteFile: deleting file=175_task_thumbnail.png
11-24 22:28:07.678   778  1218 I ActivityManager: START u0 {cmp=io.github.izzyleung.zhihudailypurify/.ui.activity.PickDateActivity} from uid 10075 on display 0
11-24 22:28:07.689   778  1218 V WindowManager: addAppToken: AppWindowToken{108c1b08 token=Token{1956a8ab ActivityRecord{26102afa u0 io.github.izzyleung.zhihudailypurify/.ui.activity.PickDateActivity t176}}} to stack=1 task=176 at 1
11-24 22:28:07.788   778  1212 V WindowManager: Adding window Window{10a5fcc6 u0 io.github.izzyleung.zhihudailypurify/io.github.izzyleung.zhihudailypurify.ui.activity.PickDateActivity} at 3 of 8 (after Window{30b728f u0 io.github.izzyleung.zhihudailypurify/io.github.izzyleung.zhihudailypurify.ui.activity.MainActivity})
11-24 22:28:13.445   778  1220 I ActivityManager: START u0 {act=android.intent.action.MAIN cat=[android.intent.category.LAUNCHER] flg=0x10200000 cmp=io.github.izzyleung.zhihudailypurify/.ui.activity.MainActivity (has extras)} from uid 10019 on display 0
11-24 22:28:13.460   778  1220 V WindowManager: addAppToken: AppWindowToken{2c809de4 token=Token{2dea3d77 ActivityRecord{2d4d2376 u0 io.github.izzyleung.zhihudailypurify/.ui.activity.MainActivity t177}}} to stack=1 task=177 at 0
11-24 22:28:13.464   778   806 V WindowManager: Adding window Window{c95646f u0 Starting io.github.izzyleung.zhihudailypurify} at 2 of 7 (after Window{387e68d5 u0 com.cyanogenmod.trebuchet/com.android.launcher3.Launcher})
11-24 22:28:13.544   778  1219 V WindowManager: Adding window Window{2d235626 u0 io.github.izzyleung.zhihudailypurify/io.github.izzyleung.zhihudailypurify.ui.activity.MainActivity} at 2 of 8 (before Window{c95646f u0 Starting io.github.izzyleung.zhihudailypurify})
11-24 22:28:16.977   778   928 D TaskPersister: removeObsoleteFile: deleting file=176_task.xml
11-24 22:28:16.978   778   928 D TaskPersister: removeObsoleteFile: deleting file=176_task_thumbnail.png
11-24 22:28:18.842   778  1220 I ActivityManager: START u0 {cmp=io.github.izzyleung.zhihudailypurify/.ui.activity.PickDateActivity} from uid 10075 on display 0
11-24 22:28:18.852   778  1220 V WindowManager: addAppToken: AppWindowToken{f36ce03 token=Token{365eaeb2 ActivityRecord{14d1f8bd u0 io.github.izzyleung.zhihudailypurify/.ui.activity.PickDateActivity t177}}} to stack=1 task=177 at 1
11-24 22:28:18.949   778   986 V WindowManager: Adding window Window{2d2a63b9 u0 io.github.izzyleung.zhihudailypurify/io.github.izzyleung.zhihudailypurify.ui.activity.PickDateActivity} at 3 of 8 (after Window{2d235626 u0 io.github.izzyleung.zhihudailypurify/io.github.izzyleung.zhihudailypurify.ui.activity.MainActivity})
11-24 22:28:24.693   778   986 I ActivityManager: START u0 {act=android.intent.action.MAIN cat=[android.intent.category.LAUNCHER] flg=0x10200000 cmp=io.github.izzyleung.zhihudailypurify/.ui.activity.MainActivity (has extras)} from uid 10019 on display 0
11-24 22:28:24.706   778   986 V WindowManager: addAppToken: AppWindowToken{383dc64f token=Token{22f868ae ActivityRecord{3a4ead29 u0 io.github.izzyleung.zhihudailypurify/.ui.activity.MainActivity t178}}} to stack=1 task=178 at 0
11-24 22:28:24.711   778   806 V WindowManager: Adding window Window{288df86 u0 Starting io.github.izzyleung.zhihudailypurify} at 2 of 7 (after Window{387e68d5 u0 com.cyanogenmod.trebuchet/com.android.launcher3.Launcher})
11-24 22:28:24.796   778   986 V WindowManager: Adding window Window{14903299 u0 io.github.izzyleung.zhihudailypurify/io.github.izzyleung.zhihudailypurify.ui.activity.MainActivity} at 2 of 8 (before Window{288df86 u0 Starting io.github.izzyleung.zhihudailypurify})
11-24 22:28:28.223   778   928 D TaskPersister: removeObsoleteFile: deleting file=177_task.xml
11-24 22:28:28.224   778   928 D TaskPersister: removeObsoleteFile: deleting file=177_task_thumbnail.png
11-24 22:28:30.061   778   989 I ActivityManager: START u0 {cmp=io.github.izzyleung.zhihudailypurify/.ui.activity.PickDateActivity} from uid 10075 on display 0
11-24 22:28:30.064   778   989 V WindowManager: addAppToken: AppWindowToken{77aad6a token=Token{2aa85f55 ActivityRecord{ad54a0c u0 io.github.izzyleung.zhihudailypurify/.ui.activity.PickDateActivity t178}}} to stack=1 task=178 at 1
11-24 22:28:30.153   778  1220 V WindowManager: Adding window Window{292faf8 u0 io.github.izzyleung.zhihudailypurify/io.github.izzyleung.zhihudailypurify.ui.activity.PickDateActivity} at 3 of 8 (after Window{14903299 u0 io.github.izzyleung.zhihudailypurify/io.github.izzyleung.zhihudailypurify.ui.activity.MainActivity})
11-24 22:28:36.006   778   795 I ActivityManager: START u0 {act=android.intent.action.MAIN cat=[android.intent.category.LAUNCHER] flg=0x10200000 cmp=io.github.izzyleung.zhihudailypurify/.ui.activity.MainActivity (has extras)} from uid 10019 on display 0
11-24 22:28:36.019   778   795 V WindowManager: addAppToken: AppWindowToken{8ae98e6 token=Token{1eb1b41 ActivityRecord{30371228 u0 io.github.izzyleung.zhihudailypurify/.ui.activity.MainActivity t179}}} to stack=1 task=179 at 0
11-24 22:28:36.025   778   806 V WindowManager: Adding window Window{2f46f179 u0 Starting io.github.izzyleung.zhihudailypurify} at 2 of 7 (after Window{387e68d5 u0 com.cyanogenmod.trebuchet/com.android.launcher3.Launcher})
11-24 22:28:36.115   778  1267 V WindowManager: Adding window Window{2c675558 u0 io.github.izzyleung.zhihudailypurify/io.github.izzyleung.zhihudailypurify.ui.activity.MainActivity} at 2 of 8 (before Window{2f46f179 u0 Starting io.github.izzyleung.zhihudailypurify})
11-24 22:28:39.527   778   928 D TaskPersister: removeObsoleteFile: deleting file=178_task.xml
11-24 22:28:39.528   778   928 D TaskPersister: removeObsoleteFile: deleting file=178_task_thumbnail.png
11-24 22:28:41.040   778   801 W ProcessCpuTracker: Skipping unknown process pid 18721
11-24 22:28:41.042   778   801 W ProcessCpuTracker: Skipping unknown process pid 18722
11-24 22:28:41.043   778   801 W ProcessCpuTracker: Skipping unknown process pid 18724
11-24 22:28:41.043   778   801 W ProcessCpuTracker: Skipping unknown process pid 18725
11-24 22:28:41.043   778   801 W ProcessCpuTracker: Skipping unknown process pid 18726
11-24 22:28:41.463   778  1221 I ActivityManager: START u0 {cmp=io.github.izzyleung.zhihudailypurify/.ui.activity.PickDateActivity} from uid 10075 on display 0
11-24 22:28:41.475   778  1221 V WindowManager: addAppToken: AppWindowToken{26a2aced token=Token{1ca86f04 ActivityRecord{1ab81f17 u0 io.github.izzyleung.zhihudailypurify/.ui.activity.PickDateActivity t179}}} to stack=1 task=179 at 1
11-24 22:28:41.560   778   795 V WindowManager: Adding window Window{109595b3 u0 io.github.izzyleung.zhihudailypurify/io.github.izzyleung.zhihudailypurify.ui.activity.PickDateActivity} at 3 of 8 (after Window{2c675558 u0 io.github.izzyleung.zhihudailypurify/io.github.izzyleung.zhihudailypurify.ui.activity.MainActivity})
11-24 22:28:47.312   778  1267 I ActivityManager: START u0 {act=android.intent.action.MAIN cat=[android.intent.category.LAUNCHER] flg=0x10200000 cmp=io.github.izzyleung.zhihudailypurify/.ui.activity.MainActivity (has extras)} from uid 10019 on display 0
11-24 22:28:47.326   778  1267 V WindowManager: addAppToken: AppWindowToken{1886a059 token=Token{1d179ca0 ActivityRecord{132f51a3 u0 io.github.izzyleung.zhihudailypurify/.ui.activity.MainActivity t180}}} to stack=1 task=180 at 0
11-24 22:28:47.331   778   806 V WindowManager: Adding window Window{34b85fb8 u0 Starting io.github.izzyleung.zhihudailypurify} at 2 of 7 (after Window{387e68d5 u0 com.cyanogenmod.trebuchet/com.android.launcher3.Launcher})
11-24 22:28:47.426   778  1220 V WindowManager: Adding window Window{667e993 u0 io.github.izzyleung.zhihudailypurify/io.github.izzyleung.zhihudailypurify.ui.activity.MainActivity} at 2 of 8 (before Window{34b85fb8 u0 Starting io.github.izzyleung.zhihudailypurify})
11-24 22:28:50.843   778   928 D TaskPersister: removeObsoleteFile: deleting file=179_task.xml
11-24 22:28:50.843   778   928 D TaskPersister: removeObsoleteFile: deleting file=179_task_thumbnail.png
11-24 22:28:52.771   778  1219 I ActivityManager: START u0 {cmp=io.github.izzyleung.zhihudailypurify/.ui.activity.PickDateActivity} from uid 10075 on display 0
11-24 22:28:52.782   778  1219 V WindowManager: addAppToken: AppWindowToken{249196fc token=Token{339d8bef ActivityRecord{acb40ce u0 io.github.izzyleung.zhihudailypurify/.ui.activity.PickDateActivity t180}}} to stack=1 task=180 at 1
11-24 22:28:52.876   778  1218 V WindowManager: Adding window Window{2bde9bda u0 io.github.izzyleung.zhihudailypurify/io.github.izzyleung.zhihudailypurify.ui.activity.PickDateActivity} at 3 of 8 (after Window{667e993 u0 io.github.izzyleung.zhihudailypurify/io.github.izzyleung.zhihudailypurify.ui.activity.MainActivity})
11-24 22:28:58.706   778   794 I ActivityManager: START u0 {act=android.intent.action.MAIN cat=[android.intent.category.LAUNCHER] flg=0x10200000 cmp=io.github.izzyleung.zhihudailypurify/.ui.activity.MainActivity (has extras)} from uid 10019 on display 0
