11-24 21:55:06.892  1229  1229 I gsm_rat_switched_new: [2929439,3,14]
11-24 21:55:07.404   778   778 I notification_enqueue: [1000,778,android,17040859,NULL,-1,Notification(pri=-2 contentView=null vibrate=null sound=null defaults=0x0 flags=0x2 color=0xff607d8b vis=PUBLIC),0]
11-24 21:55:10.855   778  1221 I am_finish_activity: [0,845417726,2,com.android.stk/.StkDialogActivity,app-request]
11-24 21:55:10.858   778  1221 I am_home_stack_moved: [0,1,0,0,finishActivity adjustFocus]
11-24 21:55:10.858   778  1221 I wm_task_moved: [1,1,0]
11-24 21:55:10.871   778  1221 I am_home_stack_moved: [0,1,0,0,finishActivity adjustTopFocus setFocusedActivity]
11-24 21:55:10.876   778  1221 I am_focused_activity: [0,com.cyanogenmod.trebuchet/com.android.launcher3.Launcher]
11-24 21:55:11.182   778  1221 I am_pause_activity: [0,845417726,com.android.stk/.StkDialogActivity]
11-24 21:55:11.193  1229  1229 I am_on_paused_called: [0,com.android.stk.StkDialogActivity]
11-24 21:55:11.213   778  1280 I am_resume_activity: [0,368830383,1,com.cyanogenmod.trebuchet/com.android.launcher3.Launcher]
11-24 21:55:11.234   778  1219 I am_home_stack_moved: [0,0,1,1,startingNewTask]
11-24 21:55:11.236   778  1219 I wm_task_moved: [2,1,0]
11-24 21:55:11.237   778  1219 I am_create_task: [0,3]
11-24 21:55:11.237   778  1219 I am_create_activity: [0,235494036,3,com.android.stk/.StkDialogActivity,NULL,NULL,NULL,1954807808]
11-24 21:55:11.237   778  1219 I wm_task_created: [3,1]
11-24 21:55:11.237   778  1219 I wm_task_moved: [3,1,1]
11-24 21:55:11.237   778  1219 I am_pause_activity: [0,368830383,com.cyanogenmod.trebuchet/com.android.launcher3.Launcher]
11-24 21:55:11.238   778  1219 I am_home_stack_moved: [0,0,1,1,startedActivity setFocusedActivity]
11-24 21:55:11.241   778  1219 I am_focused_activity: [0,com.android.stk/.StkDialogActivity]
11-24 21:55:11.241   778   799 I am_destroy_activity: [0,845417726,2,com.android.stk/.StkDialogActivity,finish-imm]
11-24 21:55:11.243   778   800 I dvm_lock_sample: [system_server,1,android.ui,30,ActivityManagerService.java,1461,-,6460,6]
11-24 21:55:11.251   778  1219 I wm_task_removed: [2,removeAppToken: last token]
11-24 21:55:11.251   778  1219 I wm_task_removed: [2,removeTask]
11-24 21:55:11.251   190   190 I sf_frame_dur: [com.android.stk/com.android.stk.StkDialogActivity,16,1,0,0,0,1,0]
11-24 21:55:11.282  1250  1250 I am_on_resume_called: [0,com.android.launcher3.Launcher]
11-24 21:55:11.286  1250  1250 I am_on_paused_called: [0,com.android.launcher3.Launcher]
11-24 21:55:11.288   778  1219 I am_restart_activity: [0,235494036,3,com.android.stk/.StkDialogActivity]
11-24 21:55:11.302  1229  1229 I am_on_resume_called: [0,com.android.stk.StkDialogActivity]
11-24 21:55:11.356   778   806 I am_activity_launch_time: [0,235494036,com.android.stk/.StkDialogActivity,69,69]
11-24 21:55:12.360   318   318 I auditd  : type=1400 audit(0.0:171): avc: denied { connect } for comm="360s" scontext=u:r:init:s0 tcontext=u:r:adbd:s0 tclass=tcp_socket permissive=1
11-24 21:55:12.380  2498  2498 I auditd  : type=1400 audit(0.0:172): avc: denied { execute_no_trans } for comm="sh" path="/system/bin/sh" dev="mmcblk0p25" ino=325 scontext=u:r:init_shell:s0 tcontext=u:object_r:shell_exec:s0 tclass=file permissive=1
11-24 21:55:12.380  2498  2498 I auditd  : type=1400 audit(0.0:173): avc: denied { execute_no_trans } for comm="sh" path="/system/bin/app_process32" dev="mmcblk0p25" ino=156 scontext=u:r:init_shell:s0 tcontext=u:object_r:zygote_exec:s0 tclass=file permissive=1
11-24 21:55:12.530  2498  2498 I auditd  : type=1400 audit(0.0:174): avc: denied { execute } for comm="app_process" path="/data/dalvik-cache/arm/system@framework@boot.oat" dev="mmcblk0p28" ino=105876 scontext=u:r:init_shell:s0 tcontext=u:object_r:dalvikcache_data_file:s0 tclass=file permissive=1
11-24 21:55:12.630   188   188 I auditd  : type=1400 audit(0.0:175): avc: denied { search } for comm="servicemanager" name="2498" dev="proc" ino=15542 scontext=u:r:servicemanager:s0 tcontext=u:r:init_shell:s0 tclass=dir permissive=1
11-24 21:55:12.630   188   188 I auditd  : type=1400 audit(0.0:176): avc: denied { read } for comm="servicemanager" name="current" dev="proc" ino=15580 scontext=u:r:servicemanager:s0 tcontext=u:r:init_shell:s0 tclass=file permissive=1
11-24 21:55:12.630   188   188 I auditd  : type=1400 audit(0.0:177): avc: denied { open } for comm="servicemanager" name="current" dev="proc" ino=15580 scontext=u:r:servicemanager:s0 tcontext=u:r:init_shell:s0 tclass=file permissive=1
11-24 21:55:12.630   188   188 I auditd  : type=1400 audit(0.0:178): avc: denied { getattr } for comm="servicemanager" scontext=u:r:servicemanager:s0 tcontext=u:r:init_shell:s0 tclass=process permissive=1
11-24 21:55:25.111   778  1280 I notification_visibility_changed: [,-1|android|17040867|null|1000]
11-24 21:55:25.111   778   989 I notification_panel_hidden: []
11-24 21:55:25.113   949   949 I screen_toggled: 2
11-24 21:55:25.136   949   949 I sysui_status_bar_state: [0,0,0,0,0,1]
11-24 21:55:25.139   778  1212 I notification_expansion: [-1|android|17040867|null|1000,0,1]
11-24 21:55:25.956   778  1155 I am_finish_activity: [0,235494036,3,com.android.stk/.StkDialogActivity,app-request]
11-24 21:55:25.957   778  1155 I am_home_stack_moved: [0,1,0,0,finishActivity adjustFocus]
11-24 21:55:25.957   778  1155 I wm_task_moved: [1,1,0]
11-24 21:55:25.963   778  1155 I am_home_stack_moved: [0,1,0,0,finishActivity adjustTopFocus setFocusedActivity]
11-24 21:55:25.964   778  1155 I am_focused_activity: [0,com.cyanogenmod.trebuchet/com.android.launcher3.Launcher]
11-24 21:55:25.983   778  1155 I am_pause_activity: [0,235494036,com.android.stk/.StkDialogActivity]
11-24 21:55:25.989  1229  1229 I am_on_paused_called: [0,com.android.stk.StkDialogActivity]
11-24 21:55:25.993   778   989 I am_resume_activity: [0,368830383,1,com.cyanogenmod.trebuchet/com.android.launcher3.Launcher]
11-24 21:55:26.000  1250  1250 I am_on_resume_called: [0,com.android.launcher3.Launcher]
11-24 21:55:26.001   778   799 I am_destroy_activity: [0,235494036,3,com.android.stk/.StkDialogActivity,finish-imm]
11-24 21:55:26.134   778   794 I am_home_stack_moved: [0,1,0,0,activityDestroyed leftTaskHistoryEmpty]
11-24 21:55:26.314   778   806 I wm_task_removed: [3,removeAppToken: last token]
11-24 21:55:26.314   778   806 I wm_task_removed: [3,removeTask]
11-24 21:55:26.326   190   190 I sf_frame_dur: [com.android.stk/com.android.stk.StkDialogActivity,25,1,1,0,0,1,2]
11-24 21:55:27.567   778  1267 I am_kill : [0,1959,com.cyanogenmod.updater,15,empty #17]
11-24 21:55:27.611   778  1155 I am_proc_died: [0,1959,com.cyanogenmod.updater]
11-24 21:55:42.700  2670  2670 I auditd  : type=1400 audit(0.0:179): avc: denied { execute_no_trans } for comm="am" path="/system/bin/app_process32" dev="mmcblk0p25" ino=156 scontext=u:r:init_shell:s0 tcontext=u:object_r:zygote_exec:s0 tclass=file permissive=1
11-24 21:55:42.830  2670  2670 I auditd  : type=1400 audit(0.0:180): avc: denied { execute } for comm="app_process" path="/data/dalvik-cache/arm/system@framework@boot.oat" dev="mmcblk0p28" ino=105876 scontext=u:r:init_shell:s0 tcontext=u:object_r:dalvikcache_data_file:s0 tclass=file permissive=1
11-24 21:55:42.920   188   188 I auditd  : type=1400 audit(0.0:181): avc: denied { search } for comm="servicemanager" name="2670" dev="proc" ino=16035 scontext=u:r:servicemanager:s0 tcontext=u:r:init_shell:s0 tclass=dir permissive=1
11-24 21:55:42.920   188   188 I auditd  : type=1400 audit(0.0:182): avc: denied { read } for comm="servicemanager" name="current" dev="proc" ino=16116 scontext=u:r:servicemanager:s0 tcontext=u:r:init_shell:s0 tclass=file permissive=1
11-24 21:55:42.920   188   188 I auditd  : type=1400 audit(0.0:183): avc: denied { open } for comm="servicemanager" name="current" dev="proc" ino=16116 scontext=u:r:servicemanager:s0 tcontext=u:r:init_shell:s0 tclass=file permissive=1
11-24 21:55:42.920   188   188 I auditd  : type=1400 audit(0.0:184): avc: denied { getattr } for comm="servicemanager" scontext=u:r:servicemanager:s0 tcontext=u:r:init_shell:s0 tclass=process permissive=1
11-24 21:55:47.774   778   795 I am_home_stack_moved: [0,0,1,1,startingNewTask]
11-24 21:55:47.775   778   795 I am_create_task: [0,4]
11-24 21:55:47.775   778   795 I am_create_activity: [0,368655559,4,io.github.izzyleung.zhihudailypurify/.ui.activity.MainActivity,android.intent.action.MAIN,NULL,NULL,270532608]
11-24 21:55:47.776   778   795 I wm_task_created: [4,1]
11-24 21:55:47.776   778   795 I wm_task_moved: [4,1,0]
11-24 21:55:47.782   778   795 I am_pause_activity: [0,368830383,com.cyanogenmod.trebuchet/com.android.launcher3.Launcher]
11-24 21:55:47.787   778   795 I am_home_stack_moved: [0,0,1,1,startedActivity setFocusedActivity]
11-24 21:55:47.788   778   795 I am_focused_activity: [0,io.github.izzyleung.zhihudailypurify/.ui.activity.MainActivity]
11-24 21:55:47.803  1250  1250 I am_on_paused_called: [0,com.android.launcher3.Launcher]
11-24 21:55:47.823   778  1221 I am_proc_start: [0,2733,10075,io.github.izzyleung.zhihudailypurify,activity,io.github.izzyleung.zhihudailypurify/.ui.activity.MainActivity]
11-24 21:55:47.846   778  1280 I am_proc_bound: [0,2733,io.github.izzyleung.zhihudailypurify]
11-24 21:55:47.850   778  1280 I am_restart_activity: [0,368655559,4,io.github.izzyleung.zhihudailypurify/.ui.activity.MainActivity]
11-24 21:55:48.172  2733  2733 I am_on_resume_called: [0,io.github.izzyleung.zhihudailypurify.ui.activity.MainActivity]
11-24 21:55:48.316   190   190 I sf_frame_dur: [com.cyanogenmod.trebuchet/com.android.launcher3.Launcher,74,8,2,3,1,0,6]
11-24 21:55:48.393   778   806 I am_activity_launch_time: [0,368655559,io.github.izzyleung.zhihudailypurify/.ui.activity.MainActivity,590,590]
11-24 21:55:52.380   318   318 I auditd  : type=1400 audit(0.0:185): avc: denied { create } for comm="360s" scontext=u:r:init:s0 tcontext=u:r:adbd:s0 tclass=tcp_socket permissive=1
11-24 21:55:52.380   318   318 I auditd  : type=1400 audit(0.0:186): avc: denied { setopt } for comm="360s" scontext=u:r:init:s0 tcontext=u:r:adbd:s0 tclass=tcp_socket permissive=1
11-24 21:55:52.380   318   318 I auditd  : type=1400 audit(0.0:187): avc: denied { connect } for comm="360s" scontext=u:r:init:s0 tcontext=u:r:adbd:s0 tclass=tcp_socket permissive=1
11-24 21:55:52.690  2958  2958 I auditd  : type=1400 audit(0.0:188): avc: denied { execute_no_trans } for comm="am" path="/system/bin/app_process32" dev="mmcblk0p25" ino=156 scontext=u:r:init_shell:s0 tcontext=u:object_r:zygote_exec:s0 tclass=file permissive=1
11-24 21:55:52.970  2958  2958 I auditd  : type=1400 audit(0.0:189): avc: denied { execute } for comm="app_process" path="/data/dalvik-cache/arm/system@framework@boot.oat" dev="mmcblk0p28" ino=105876 scontext=u:r:init_shell:s0 tcontext=u:object_r:dalvikcache_data_file:s0 tclass=file permissive=1
11-24 21:55:53.100   188   188 I auditd  : type=1400 audit(0.0:190): avc: denied { search } for comm="servicemanager" name="2958" dev="proc" ino=23310 scontext=u:r:servicemanager:s0 tcontext=u:r:init_shell:s0 tclass=dir permissive=1
11-24 21:55:53.100   188   188 I auditd  : type=1400 audit(0.0:191): avc: denied { read } for comm="servicemanager" name="current" dev="proc" ino=23384 scontext=u:r:servicemanager:s0 tcontext=u:r:init_shell:s0 tclass=file permissive=1
11-24 21:55:53.100   188   188 I auditd  : type=1400 audit(0.0:192): avc: denied { open } for comm="servicemanager" name="current" dev="proc" ino=23384 scontext=u:r:servicemanager:s0 tcontext=u:r:init_shell:s0 tclass=file permissive=1
11-24 21:55:53.100   188   188 I auditd  : type=1400 audit(0.0:193): avc: denied { getattr } for comm="servicemanager" scontext=u:r:servicemanager:s0 tcontext=u:r:init_shell:s0 tclass=process permissive=1
11-24 21:55:53.597   778  1280 I am_home_stack_moved: [0,0,1,1,sourceStackToFront]
11-24 21:55:53.597   778  1280 I wm_task_moved: [4,1,0]
11-24 21:55:53.602   778  1280 I am_create_activity: [0,553782170,4,io.github.izzyleung.zhihudailypurify/.ui.activity.PickDateActivity,NULL,NULL,NULL,0]
11-24 21:55:53.605   778  1280 I am_pause_activity: [0,368655559,io.github.izzyleung.zhihudailypurify/.ui.activity.MainActivity]
11-24 21:55:53.608   778  1280 I am_home_stack_moved: [0,0,1,1,startedActivity setFocusedActivity]
11-24 21:55:53.613   778  1280 I am_focused_activity: [0,io.github.izzyleung.zhihudailypurify/.ui.activity.PickDateActivity]
11-24 21:55:53.628  2733  2733 I am_on_paused_called: [0,io.github.izzyleung.zhihudailypurify.ui.activity.MainActivity]
11-24 21:55:53.632   778   989 I am_restart_activity: [0,553782170,4,io.github.izzyleung.zhihudailypurify/.ui.activity.PickDateActivity]
11-24 21:55:53.746  2733  2733 I am_on_resume_called: [0,io.github.izzyleung.zhihudailypurify.ui.activity.PickDateActivity]
11-24 21:55:54.097   778   806 I am_activity_launch_time: [0,553782170,io.github.izzyleung.zhihudailypurify/.ui.activity.PickDateActivity,467,467]
11-24 21:55:55.128   778   795 I am_finish_activity: [0,553782170,4,io.github.izzyleung.zhihudailypurify/.ui.activity.PickDateActivity,app-request]
11-24 21:55:55.128   778   795 I am_home_stack_moved: [0,0,1,1,finishActivity adjustTopFocus setFocusedActivity]
11-24 21:55:55.130   778   795 I am_focused_activity: [0,io.github.izzyleung.zhihudailypurify/.ui.activity.MainActivity]
11-24 21:55:55.130   778   795 I am_pause_activity: [0,553782170,io.github.izzyleung.zhihudailypurify/.ui.activity.PickDateActivity]
11-24 21:55:55.136  2733  2733 I am_on_paused_called: [0,io.github.izzyleung.zhihudailypurify.ui.activity.PickDateActivity]
11-24 21:55:55.139   778  1220 I am_resume_activity: [0,368655559,4,io.github.izzyleung.zhihudailypurify/.ui.activity.MainActivity]
11-24 21:55:55.156  2733  2733 I am_on_resume_called: [0,io.github.izzyleung.zhihudailypurify.ui.activity.MainActivity]
11-24 21:55:55.533   778   799 I am_destroy_activity: [0,553782170,4,io.github.izzyleung.zhihudailypurify/.ui.activity.PickDateActivity,finish-imm]
11-24 21:55:56.269   778  1267 I am_finish_activity: [0,368655559,4,io.github.izzyleung.zhihudailypurify/.ui.activity.MainActivity,app-request]
11-24 21:55:56.271   778  1267 I am_home_stack_moved: [0,1,0,0,finishActivity adjustFocus]
11-24 21:55:56.271   778  1267 I wm_task_moved: [1,1,0]
11-24 21:55:56.275   778  1267 I am_home_stack_moved: [0,1,0,0,finishActivity adjustTopFocus setFocusedActivity]
11-24 21:55:56.278   778  1267 I am_focused_activity: [0,com.cyanogenmod.trebuchet/com.android.launcher3.Launcher]
11-24 21:55:56.305   778  1267 I am_pause_activity: [0,368655559,io.github.izzyleung.zhihudailypurify/.ui.activity.MainActivity]
11-24 21:55:56.308  2733  2733 I am_on_paused_called: [0,io.github.izzyleung.zhihudailypurify.ui.activity.MainActivity]
11-24 21:55:56.320   778  1155 I am_resume_activity: [0,368830383,1,com.cyanogenmod.trebuchet/com.android.launcher3.Launcher]
11-24 21:55:56.331  1250  1250 I am_on_resume_called: [0,com.android.launcher3.Launcher]
11-24 21:55:56.622   778   799 I am_destroy_activity: [0,368655559,4,io.github.izzyleung.zhihudailypurify/.ui.activity.MainActivity,finish-imm]
11-24 21:55:56.626   778   799 I am_kill : [0,2010,com.android.managedprovisioning,15,empty #17]
11-24 21:55:56.672   778  1280 I am_proc_died: [0,2010,com.android.managedprovisioning]
11-24 21:55:56.679   778   986 I am_home_stack_moved: [0,1,0,0,activityDestroyed leftTaskHistoryEmpty]
11-24 21:55:56.806   778   806 I wm_task_removed: [4,removeAppToken: last token]
11-24 21:55:56.806   778   806 I wm_task_removed: [4,removeTask]
11-24 21:55:59.535   778   989 I am_home_stack_moved: [0,0,1,1,startingNewTask]
11-24 21:55:59.536   778   989 I am_create_task: [0,5]
11-24 21:55:59.536   778   989 I am_create_activity: [0,1036277270,5,io.github.izzyleung.zhihudailypurify/.ui.activity.MainActivity,android.intent.action.MAIN,NULL,NULL,270532608]
11-24 21:55:59.537   778   989 I wm_task_created: [5,1]
11-24 21:55:59.537   778   989 I wm_task_moved: [5,1,0]
11-24 21:55:59.544   778   989 I am_pause_activity: [0,368830383,com.cyanogenmod.trebuchet/com.android.launcher3.Launcher]
11-24 21:55:59.555   778   989 I am_home_stack_moved: [0,0,1,1,startedActivity setFocusedActivity]
11-24 21:55:59.558   778   989 I am_focused_activity: [0,io.github.izzyleung.zhihudailypurify/.ui.activity.MainActivity]
11-24 21:55:59.587  1250  1250 I am_on_paused_called: [0,com.android.launcher3.Launcher]
11-24 21:55:59.591   778   795 I am_restart_activity: [0,1036277270,5,io.github.izzyleung.zhihudailypurify/.ui.activity.MainActivity]
11-24 21:55:59.631  2733  2733 I am_on_resume_called: [0,io.github.izzyleung.zhihudailypurify.ui.activity.MainActivity]
11-24 21:55:59.715   778   806 I am_activity_launch_time: [0,1036277270,io.github.izzyleung.zhihudailypurify/.ui.activity.MainActivity,127,127]
11-24 21:56:00.049   190   190 I sf_frame_dur: [com.cyanogenmod.trebuchet/com.android.launcher3.Launcher,0,0,1,0,0,0,1]
11-24 21:56:04.923   778   795 I am_home_stack_moved: [0,0,1,1,sourceStackToFront]
11-24 21:56:04.923   778   795 I wm_task_moved: [5,1,0]
11-24 21:56:04.944   778   795 I am_create_activity: [0,404704221,5,io.github.izzyleung.zhihudailypurify/.ui.activity.PickDateActivity,NULL,NULL,NULL,0]
11-24 21:56:04.945   778   795 I am_pause_activity: [0,1036277270,io.github.izzyleung.zhihudailypurify/.ui.activity.MainActivity]
11-24 21:56:04.946   778   795 I am_home_stack_moved: [0,0,1,1,startedActivity setFocusedActivity]
11-24 21:56:04.949   778   795 I am_focused_activity: [0,io.github.izzyleung.zhihudailypurify/.ui.activity.PickDateActivity]
11-24 21:56:04.961  2733  2733 I am_on_paused_called: [0,io.github.izzyleung.zhihudailypurify.ui.activity.MainActivity]
11-24 21:56:04.963   778  1280 I am_restart_activity: [0,404704221,5,io.github.izzyleung.zhihudailypurify/.ui.activity.PickDateActivity]
11-24 21:56:05.044  2733  2733 I am_on_resume_called: [0,io.github.izzyleung.zhihudailypurify.ui.activity.PickDateActivity]
11-24 21:56:05.317   778   806 I am_activity_launch_time: [0,404704221,io.github.izzyleung.zhihudailypurify/.ui.activity.PickDateActivity,356,356]
11-24 21:56:06.334   778   795 I am_finish_activity: [0,404704221,5,io.github.izzyleung.zhihudailypurify/.ui.activity.PickDateActivity,app-request]
11-24 21:56:06.335   778   795 I am_home_stack_moved: [0,0,1,1,finishActivity adjustTopFocus setFocusedActivity]
11-24 21:56:06.335   778   795 I am_focused_activity: [0,io.github.izzyleung.zhihudailypurify/.ui.activity.MainActivity]
11-24 21:56:06.336   778   795 I am_pause_activity: [0,404704221,io.github.izzyleung.zhihudailypurify/.ui.activity.PickDateActivity]
11-24 21:56:06.350  2733  2733 I am_on_paused_called: [0,io.github.izzyleung.zhihudailypurify.ui.activity.PickDateActivity]
11-24 21:56:06.353   778  1280 I am_resume_activity: [0,1036277270,5,io.github.izzyleung.zhihudailypurify/.ui.activity.MainActivity]
11-24 21:56:06.367  2733  2733 I am_on_resume_called: [0,io.github.izzyleung.zhihudailypurify.ui.activity.MainActivity]
11-24 21:56:06.731   778   799 I am_destroy_activity: [0,404704221,5,io.github.izzyleung.zhihudailypurify/.ui.activity.PickDateActivity,finish-imm]
11-24 21:56:07.474   778  1218 I am_finish_activity: [0,1036277270,5,io.github.izzyleung.zhihudailypurify/.ui.activity.MainActivity,app-request]
11-24 21:56:07.475   778  1218 I am_home_stack_moved: [0,1,0,0,finishActivity adjustFocus]
11-24 21:56:07.475   778  1218 I wm_task_moved: [1,1,0]
11-24 21:56:07.476   778  1218 I am_home_stack_moved: [0,1,0,0,finishActivity adjustTopFocus setFocusedActivity]
11-24 21:56:07.477   778  1218 I am_focused_activity: [0,com.cyanogenmod.trebuchet/com.android.launcher3.Launcher]
11-24 21:56:07.489   778  1218 I am_pause_activity: [0,1036277270,io.github.izzyleung.zhihudailypurify/.ui.activity.MainActivity]
11-24 21:56:07.491  2733  2733 I am_on_paused_called: [0,io.github.izzyleung.zhihudailypurify.ui.activity.MainActivity]
11-24 21:56:07.494   778   986 I am_resume_activity: [0,368830383,1,com.cyanogenmod.trebuchet/com.android.launcher3.Launcher]
11-24 21:56:07.511  1250  1250 I am_on_resume_called: [0,com.android.launcher3.Launcher]
11-24 21:56:07.819   778   799 I am_destroy_activity: [0,1036277270,5,io.github.izzyleung.zhihudailypurify/.ui.activity.MainActivity,finish-imm]
11-24 21:56:07.988   778   806 I wm_task_removed: [5,removeAppToken: last token]
11-24 21:56:07.988   778   806 I wm_task_removed: [5,removeTask]
11-24 21:56:10.637   778  1218 I am_home_stack_moved: [0,0,1,1,startingNewTask]
11-24 21:56:10.638   778  1218 I am_create_task: [0,6]
11-24 21:56:10.638   778  1218 I am_create_activity: [0,757176905,6,io.github.izzyleung.zhihudailypurify/.ui.activity.MainActivity,android.intent.action.MAIN,NULL,NULL,270532608]
11-24 21:56:10.638   778  1218 I wm_task_created: [6,1]
11-24 21:56:10.638   778  1218 I wm_task_moved: [6,1,0]
11-24 21:56:10.640   778  1218 I am_pause_activity: [0,368830383,com.cyanogenmod.trebuchet/com.android.launcher3.Launcher]
11-24 21:56:10.642   778  1218 I am_home_stack_moved: [0,0,1,1,startedActivity setFocusedActivity]
11-24 21:56:10.644   778  1218 I am_focused_activity: [0,io.github.izzyleung.zhihudailypurify/.ui.activity.MainActivity]
11-24 21:56:10.655  1250  1250 I am_on_paused_called: [0,com.android.launcher3.Launcher]
11-24 21:56:10.658   778  1155 I am_restart_activity: [0,757176905,6,io.github.izzyleung.zhihudailypurify/.ui.activity.MainActivity]
11-24 21:56:10.716  2733  2733 I am_on_resume_called: [0,io.github.izzyleung.zhihudailypurify.ui.activity.MainActivity]
11-24 21:56:10.837   778   806 I am_activity_launch_time: [0,757176905,io.github.izzyleung.zhihudailypurify/.ui.activity.MainActivity,181,181]
11-24 21:56:11.148   190   190 I sf_frame_dur: [com.cyanogenmod.trebuchet/com.android.launcher3.Launcher,0,0,1,0,0,0,1]
11-24 21:56:16.018   778  1218 I am_home_stack_moved: [0,0,1,1,sourceStackToFront]
11-24 21:56:16.018   778  1218 I wm_task_moved: [6,1,0]
11-24 21:56:16.023   778  1218 I am_create_activity: [0,346266028,6,io.github.izzyleung.zhihudailypurify/.ui.activity.PickDateActivity,NULL,NULL,NULL,0]
11-24 21:56:16.024   778  1218 I am_pause_activity: [0,757176905,io.github.izzyleung.zhihudailypurify/.ui.activity.MainActivity]
11-24 21:56:16.028   778  1218 I am_home_stack_moved: [0,0,1,1,startedActivity setFocusedActivity]
11-24 21:56:16.030   778  1218 I am_focused_activity: [0,io.github.izzyleung.zhihudailypurify/.ui.activity.PickDateActivity]
11-24 21:56:16.037  2733  2733 I am_on_paused_called: [0,io.github.izzyleung.zhihudailypurify.ui.activity.MainActivity]
11-24 21:56:16.039   778   794 I am_restart_activity: [0,346266028,6,io.github.izzyleung.zhihudailypurify/.ui.activity.PickDateActivity]
11-24 21:56:16.110  2733  2733 I am_on_resume_called: [0,io.github.izzyleung.zhihudailypurify.ui.activity.PickDateActivity]
11-24 21:56:16.407   778   806 I am_activity_launch_time: [0,346266028,io.github.izzyleung.zhihudailypurify/.ui.activity.PickDateActivity,370,370]
11-24 21:56:17.434   778  1218 I am_finish_activity: [0,346266028,6,io.github.izzyleung.zhihudailypurify/.ui.activity.PickDateActivity,app-request]
11-24 21:56:17.434   778  1218 I am_home_stack_moved: [0,0,1,1,finishActivity adjustTopFocus setFocusedActivity]
11-24 21:56:17.435   778  1218 I am_focused_activity: [0,io.github.izzyleung.zhihudailypurify/.ui.activity.MainActivity]
11-24 21:56:17.435   778  1218 I am_pause_activity: [0,346266028,io.github.izzyleung.zhihudailypurify/.ui.activity.PickDateActivity]
11-24 21:56:17.440  2733  2733 I am_on_paused_called: [0,io.github.izzyleung.zhihudailypurify.ui.activity.PickDateActivity]
11-24 21:56:17.442   778  1267 I am_resume_activity: [0,757176905,6,io.github.izzyleung.zhihudailypurify/.ui.activity.MainActivity]
11-24 21:56:17.451  2733  2733 I am_on_resume_called: [0,io.github.izzyleung.zhihudailypurify.ui.activity.MainActivity]
11-24 21:56:17.831   778   799 I am_destroy_activity: [0,346266028,6,io.github.izzyleung.zhihudailypurify/.ui.activity.PickDateActivity,finish-imm]
11-24 21:56:18.615   778   989 I am_finish_activity: [0,757176905,6,io.github.izzyleung.zhihudailypurify/.ui.activity.MainActivity,app-request]
11-24 21:56:18.625   778   989 I am_home_stack_moved: [0,1,0,0,finishActivity adjustFocus]
11-24 21:56:18.625   778   989 I wm_task_moved: [1,1,0]
11-24 21:56:18.634   778   989 I am_home_stack_moved: [0,1,0,0,finishActivity adjustTopFocus setFocusedActivity]
11-24 21:56:18.642   778   989 I am_focused_activity: [0,com.cyanogenmod.trebuchet/com.android.launcher3.Launcher]
11-24 21:56:18.709   778   989 I am_pause_activity: [0,757176905,io.github.izzyleung.zhihudailypurify/.ui.activity.MainActivity]
11-24 21:56:18.723  2733  2733 I am_on_paused_called: [0,io.github.izzyleung.zhihudailypurify.ui.activity.MainActivity]
11-24 21:56:18.780   778  1219 I am_resume_activity: [0,368830383,1,com.cyanogenmod.trebuchet/com.android.launcher3.Launcher]
11-24 21:56:18.785   778   800 I dvm_lock_sample: [system_server,1,android.ui,5,MessageQueue.java,145,-,323,1]
11-24 21:56:18.808  1250  1250 I am_on_resume_called: [0,com.android.launcher3.Launcher]
11-24 21:56:19.131   778   799 I am_destroy_activity: [0,757176905,6,io.github.izzyleung.zhihudailypurify/.ui.activity.MainActivity,finish-imm]
11-24 21:56:19.290   778   806 I wm_task_removed: [6,removeAppToken: last token]
11-24 21:56:19.290   778   806 I wm_task_removed: [6,removeTask]
11-24 21:56:21.896   778   795 I am_home_stack_moved: [0,0,1,1,startingNewTask]
11-24 21:56:21.896   778   795 I am_create_task: [0,7]
11-24 21:56:21.896   778   795 I am_create_activity: [0,224772129,7,io.github.izzyleung.zhihudailypurify/.ui.activity.MainActivity,android.intent.action.MAIN,NULL,NULL,270532608]
11-24 21:56:21.897   778   795 I wm_task_created: [7,1]
11-24 21:56:21.897   778   795 I wm_task_moved: [7,1,0]
11-24 21:56:21.900   778   795 I am_pause_activity: [0,368830383,com.cyanogenmod.trebuchet/com.android.launcher3.Launcher]
11-24 21:56:21.903   778   795 I am_home_stack_moved: [0,0,1,1,startedActivity setFocusedActivity]
11-24 21:56:21.911   778   795 I am_focused_activity: [0,io.github.izzyleung.zhihudailypurify/.ui.activity.MainActivity]
11-24 21:56:21.929  1250  1250 I am_on_paused_called: [0,com.android.launcher3.Launcher]
11-24 21:56:21.947   778   794 I am_restart_activity: [0,224772129,7,io.github.izzyleung.zhihudailypurify/.ui.activity.MainActivity]
11-24 21:56:22.004  2733  2733 I am_on_resume_called: [0,io.github.izzyleung.zhihudailypurify.ui.activity.MainActivity]
11-24 21:56:22.125   778   806 I am_activity_launch_time: [0,224772129,io.github.izzyleung.zhihudailypurify/.ui.activity.MainActivity,196,196]
11-24 21:56:22.417   190   190 I sf_frame_dur: [com.cyanogenmod.trebuchet/com.android.launcher3.Launcher,0,0,1,0,0,0,1]
11-24 21:56:27.289   778  1267 I am_home_stack_moved: [0,0,1,1,sourceStackToFront]
11-24 21:56:27.289   778  1267 I wm_task_moved: [7,1,0]
11-24 21:56:27.292   778  1267 I am_create_activity: [0,537594542,7,io.github.izzyleung.zhihudailypurify/.ui.activity.PickDateActivity,NULL,NULL,NULL,0]
11-24 21:56:27.296   778  1267 I am_pause_activity: [0,224772129,io.github.izzyleung.zhihudailypurify/.ui.activity.MainActivity]
11-24 21:56:27.297   778  1267 I am_home_stack_moved: [0,0,1,1,startedActivity setFocusedActivity]
11-24 21:56:27.299   778  1267 I am_focused_activity: [0,io.github.izzyleung.zhihudailypurify/.ui.activity.PickDateActivity]
11-24 21:56:27.316  2733  2733 I am_on_paused_called: [0,io.github.izzyleung.zhihudailypurify.ui.activity.MainActivity]
11-24 21:56:27.320   778  1280 I am_restart_activity: [0,537594542,7,io.github.izzyleung.zhihudailypurify/.ui.activity.PickDateActivity]
11-24 21:56:27.324   778   799 I dvm_lock_sample: [system_server,1,ActivityManager,5,ActivityStackSupervisor.java,3544,ActivityManagerService.java,6460,1]
11-24 21:56:27.424  2733  2733 I am_on_resume_called: [0,io.github.izzyleung.zhihudailypurify.ui.activity.PickDateActivity]
11-24 21:56:27.724   778   806 I am_activity_launch_time: [0,537594542,io.github.izzyleung.zhihudailypurify/.ui.activity.PickDateActivity,407,407]
11-24 21:56:28.747   778  1219 I am_finish_activity: [0,537594542,7,io.github.izzyleung.zhihudailypurify/.ui.activity.PickDateActivity,app-request]
11-24 21:56:28.749   778  1219 I am_home_stack_moved: [0,0,1,1,finishActivity adjustTopFocus setFocusedActivity]
11-24 21:56:28.750   778  1219 I am_focused_activity: [0,io.github.izzyleung.zhihudailypurify/.ui.activity.MainActivity]
11-24 21:56:28.752   778  1219 I am_pause_activity: [0,537594542,io.github.izzyleung.zhihudailypurify/.ui.activity.PickDateActivity]
11-24 21:56:28.757  2733  2733 I am_on_paused_called: [0,io.github.izzyleung.zhihudailypurify.ui.activity.PickDateActivity]
11-24 21:56:28.758   778  1221 I am_resume_activity: [0,224772129,7,io.github.izzyleung.zhihudailypurify/.ui.activity.MainActivity]
11-24 21:56:28.771  2733  2733 I am_on_resume_called: [0,io.github.izzyleung.zhihudailypurify.ui.activity.MainActivity]
11-24 21:56:29.137   778   799 I am_destroy_activity: [0,537594542,7,io.github.izzyleung.zhihudailypurify/.ui.activity.PickDateActivity,finish-imm]
11-24 21:56:29.893   778  1280 I am_finish_activity: [0,224772129,7,io.github.izzyleung.zhihudailypurify/.ui.activity.MainActivity,app-request]
11-24 21:56:29.896   778  1280 I am_home_stack_moved: [0,1,0,0,finishActivity adjustFocus]
11-24 21:56:29.900   778  1280 I wm_task_moved: [1,1,0]
11-24 21:56:29.912   778  1280 I am_home_stack_moved: [0,1,0,0,finishActivity adjustTopFocus setFocusedActivity]
11-24 21:56:29.933   778  1280 I am_focused_activity: [0,com.cyanogenmod.trebuchet/com.android.launcher3.Launcher]
11-24 21:56:29.947   778  1280 I am_pause_activity: [0,224772129,io.github.izzyleung.zhihudailypurify/.ui.activity.MainActivity]
11-24 21:56:29.949  2733  2733 I am_on_paused_called: [0,io.github.izzyleung.zhihudailypurify.ui.activity.MainActivity]
11-24 21:56:29.955   778  1221 I am_resume_activity: [0,368830383,1,com.cyanogenmod.trebuchet/com.android.launcher3.Launcher]
11-24 21:56:29.974  1250  1250 I am_on_resume_called: [0,com.android.launcher3.Launcher]
11-24 21:56:30.276   778   799 I am_destroy_activity: [0,224772129,7,io.github.izzyleung.zhihudailypurify/.ui.activity.MainActivity,finish-imm]
11-24 21:56:30.445   778   806 I wm_task_removed: [7,removeAppToken: last token]
11-24 21:56:30.445   778   806 I wm_task_removed: [7,removeTask]
11-24 21:56:33.094   778  1220 I am_home_stack_moved: [0,0,1,1,startingNewTask]
11-24 21:56:33.094   778  1220 I am_create_task: [0,8]
11-24 21:56:33.094   778  1220 I am_create_activity: [0,88731498,8,io.github.izzyleung.zhihudailypurify/.ui.activity.MainActivity,android.intent.action.MAIN,NULL,NULL,270532608]
11-24 21:56:33.094   778  1220 I wm_task_created: [8,1]
11-24 21:56:33.094   778  1220 I wm_task_moved: [8,1,0]
11-24 21:56:33.095   778  1220 I am_pause_activity: [0,368830383,com.cyanogenmod.trebuchet/com.android.launcher3.Launcher]
11-24 21:56:33.096   778  1220 I am_home_stack_moved: [0,0,1,1,startedActivity setFocusedActivity]
11-24 21:56:33.097   778  1220 I am_focused_activity: [0,io.github.izzyleung.zhihudailypurify/.ui.activity.MainActivity]
11-24 21:56:33.111  1250  1250 I am_on_paused_called: [0,com.android.launcher3.Launcher]
11-24 21:56:33.115   778  1219 I am_restart_activity: [0,88731498,8,io.github.izzyleung.zhihudailypurify/.ui.activity.MainActivity]
11-24 21:56:33.174  2733  2733 I am_on_resume_called: [0,io.github.izzyleung.zhihudailypurify.ui.activity.MainActivity]
11-24 21:56:33.288   778   806 I am_activity_launch_time: [0,88731498,io.github.izzyleung.zhihudailypurify/.ui.activity.MainActivity,174,174]
11-24 21:56:33.605   190   190 I sf_frame_dur: [com.cyanogenmod.trebuchet/com.android.launcher3.Launcher,0,0,1,0,0,0,1]
11-24 21:56:33.978   778   798 I dvm_lock_sample: [system_server,0,android.bg,878,UsageStatsService.java,232,Collections.java,3427,100]
11-24 21:56:38.500   778  1267 I am_home_stack_moved: [0,0,1,1,sourceStackToFront]
11-24 21:56:38.500   778  1267 I wm_task_moved: [8,1,0]
11-24 21:56:38.507   778  1267 I am_create_activity: [0,715519101,8,io.github.izzyleung.zhihudailypurify/.ui.activity.PickDateActivity,NULL,NULL,NULL,0]
11-24 21:56:38.511   778  1267 I am_pause_activity: [0,88731498,io.github.izzyleung.zhihudailypurify/.ui.activity.MainActivity]
11-24 21:56:38.514   778  1267 I am_home_stack_moved: [0,0,1,1,startedActivity setFocusedActivity]
11-24 21:56:38.515   778  1267 I am_focused_activity: [0,io.github.izzyleung.zhihudailypurify/.ui.activity.PickDateActivity]
11-24 21:56:38.522  2733  2733 I am_on_paused_called: [0,io.github.izzyleung.zhihudailypurify.ui.activity.MainActivity]
11-24 21:56:38.524   778  1218 I am_restart_activity: [0,715519101,8,io.github.izzyleung.zhihudailypurify/.ui.activity.PickDateActivity]
11-24 21:56:38.589  2733  2733 I am_on_resume_called: [0,io.github.izzyleung.zhihudailypurify.ui.activity.PickDateActivity]
11-24 21:56:38.835   778   806 I am_activity_launch_time: [0,715519101,io.github.izzyleung.zhihudailypurify/.ui.activity.PickDateActivity,312,312]
11-24 21:56:39.846   778   989 I am_finish_activity: [0,715519101,8,io.github.izzyleung.zhihudailypurify/.ui.activity.PickDateActivity,app-request]
11-24 21:56:39.846   778   989 I am_home_stack_moved: [0,0,1,1,finishActivity adjustTopFocus setFocusedActivity]
11-24 21:56:39.847   778   989 I am_focused_activity: [0,io.github.izzyleung.zhihudailypurify/.ui.activity.MainActivity]
11-24 21:56:39.847   778   989 I am_pause_activity: [0,715519101,io.github.izzyleung.zhihudailypurify/.ui.activity.PickDateActivity]
11-24 21:56:39.855  2733  2733 I am_on_paused_called: [0,io.github.izzyleung.zhihudailypurify.ui.activity.PickDateActivity]
11-24 21:56:39.856   778  1218 I am_resume_activity: [0,88731498,8,io.github.izzyleung.zhihudailypurify/.ui.activity.MainActivity]
11-24 21:56:39.872  2733  2733 I am_on_resume_called: [0,io.github.izzyleung.zhihudailypurify.ui.activity.MainActivity]
11-24 21:56:40.238   778   799 I am_destroy_activity: [0,715519101,8,io.github.izzyleung.zhihudailypurify/.ui.activity.PickDateActivity,finish-imm]
11-24 21:56:41.007   778  1220 I am_finish_activity: [0,88731498,8,io.github.izzyleung.zhihudailypurify/.ui.activity.MainActivity,app-request]
11-24 21:56:41.024   778  1220 I am_home_stack_moved: [0,1,0,0,finishActivity adjustFocus]
11-24 21:56:41.024   778  1220 I wm_task_moved: [1,1,0]
11-24 21:56:41.032   778  1220 I am_home_stack_moved: [0,1,0,0,finishActivity adjustTopFocus setFocusedActivity]
11-24 21:56:41.036   778  1220 I am_focused_activity: [0,com.cyanogenmod.trebuchet/com.android.launcher3.Launcher]
11-24 21:56:41.058   778  1220 I am_pause_activity: [0,88731498,io.github.izzyleung.zhihudailypurify/.ui.activity.MainActivity]
11-24 21:56:41.063  2733  2733 I am_on_paused_called: [0,io.github.izzyleung.zhihudailypurify.ui.activity.MainActivity]
11-24 21:56:41.071   778  1280 I am_resume_activity: [0,368830383,1,com.cyanogenmod.trebuchet/com.android.launcher3.Launcher]
11-24 21:56:41.085  1250  1250 I am_on_resume_called: [0,com.android.launcher3.Launcher]
11-24 21:56:41.378   778   799 I am_destroy_activity: [0,88731498,8,io.github.izzyleung.zhihudailypurify/.ui.activity.MainActivity,finish-imm]
11-24 21:56:41.546   778   806 I wm_task_removed: [8,removeAppToken: last token]
11-24 21:56:41.546   778   806 I wm_task_removed: [8,removeTask]
11-24 21:56:44.321   778  1155 I am_home_stack_moved: [0,0,1,1,startingNewTask]
11-24 21:56:44.321   778  1155 I am_create_task: [0,9]
11-24 21:56:44.321   778  1155 I am_create_activity: [0,177476841,9,io.github.izzyleung.zhihudailypurify/.ui.activity.MainActivity,android.intent.action.MAIN,NULL,NULL,270532608]
11-24 21:56:44.322   778  1155 I wm_task_created: [9,1]
11-24 21:56:44.322   778  1155 I wm_task_moved: [9,1,0]
11-24 21:56:44.329   778  1155 I am_pause_activity: [0,368830383,com.cyanogenmod.trebuchet/com.android.launcher3.Launcher]
11-24 21:56:44.333   778  1155 I am_home_stack_moved: [0,0,1,1,startedActivity setFocusedActivity]
11-24 21:56:44.335   778  1155 I am_focused_activity: [0,io.github.izzyleung.zhihudailypurify/.ui.activity.MainActivity]
11-24 21:56:44.348  1250  1250 I am_on_paused_called: [0,com.android.launcher3.Launcher]
11-24 21:56:44.352   778  1220 I am_restart_activity: [0,177476841,9,io.github.izzyleung.zhihudailypurify/.ui.activity.MainActivity]
11-24 21:56:44.407  2733  2733 I am_on_resume_called: [0,io.github.izzyleung.zhihudailypurify.ui.activity.MainActivity]
11-24 21:56:44.532   778   806 I am_activity_launch_time: [0,177476841,io.github.izzyleung.zhihudailypurify/.ui.activity.MainActivity,182,182]
11-24 21:56:44.841   190   190 I sf_frame_dur: [com.cyanogenmod.trebuchet/com.android.launcher3.Launcher,0,0,0,1,0,0,1]
11-24 21:56:49.771   778  1219 I am_home_stack_moved: [0,0,1,1,sourceStackToFront]
11-24 21:56:49.771   778  1219 I wm_task_moved: [9,1,0]
11-24 21:56:49.782   778  1219 I am_create_activity: [0,12899532,9,io.github.izzyleung.zhihudailypurify/.ui.activity.PickDateActivity,NULL,NULL,NULL,0]
11-24 21:56:49.790   778  1219 I am_pause_activity: [0,177476841,io.github.izzyleung.zhihudailypurify/.ui.activity.MainActivity]
11-24 21:56:49.792   778  1219 I am_home_stack_moved: [0,0,1,1,startedActivity setFocusedActivity]
11-24 21:56:49.793   778  1219 I am_focused_activity: [0,io.github.izzyleung.zhihudailypurify/.ui.activity.PickDateActivity]
11-24 21:56:49.800  2733  2733 I am_on_paused_called: [0,io.github.izzyleung.zhihudailypurify.ui.activity.MainActivity]
11-24 21:56:49.802   778   986 I am_restart_activity: [0,12899532,9,io.github.izzyleung.zhihudailypurify/.ui.activity.PickDateActivity]
11-24 21:56:49.873  2733  2733 I am_on_resume_called: [0,io.github.izzyleung.zhihudailypurify.ui.activity.PickDateActivity]
11-24 21:56:50.142   778   806 I am_activity_launch_time: [0,12899532,io.github.izzyleung.zhihudailypurify/.ui.activity.PickDateActivity,341,341]
11-24 21:56:51.151   778   795 I am_finish_activity: [0,12899532,9,io.github.izzyleung.zhihudailypurify/.ui.activity.PickDateActivity,app-request]
11-24 21:56:51.151   778   795 I am_home_stack_moved: [0,0,1,1,finishActivity adjustTopFocus setFocusedActivity]
11-24 21:56:51.152   778   795 I am_focused_activity: [0,io.github.izzyleung.zhihudailypurify/.ui.activity.MainActivity]
11-24 21:56:51.152   778   795 I am_pause_activity: [0,12899532,io.github.izzyleung.zhihudailypurify/.ui.activity.PickDateActivity]
11-24 21:56:51.160  2733  2733 I am_on_paused_called: [0,io.github.izzyleung.zhihudailypurify.ui.activity.PickDateActivity]
11-24 21:56:51.162   778   986 I am_resume_activity: [0,177476841,9,io.github.izzyleung.zhihudailypurify/.ui.activity.MainActivity]
11-24 21:56:51.183  2733  2733 I am_on_resume_called: [0,io.github.izzyleung.zhihudailypurify.ui.activity.MainActivity]
11-24 21:56:51.543   778   799 I am_destroy_activity: [0,12899532,9,io.github.izzyleung.zhihudailypurify/.ui.activity.PickDateActivity,finish-imm]
11-24 21:56:52.318   778   986 I am_finish_activity: [0,177476841,9,io.github.izzyleung.zhihudailypurify/.ui.activity.MainActivity,app-request]
11-24 21:56:52.326   778   986 I am_home_stack_moved: [0,1,0,0,finishActivity adjustFocus]
11-24 21:56:52.326   778   986 I wm_task_moved: [1,1,0]
11-24 21:56:52.344   778   986 I am_home_stack_moved: [0,1,0,0,finishActivity adjustTopFocus setFocusedActivity]
11-24 21:56:52.347   778   986 I am_focused_activity: [0,com.cyanogenmod.trebuchet/com.android.launcher3.Launcher]
11-24 21:56:52.362   778   986 I am_pause_activity: [0,177476841,io.github.izzyleung.zhihudailypurify/.ui.activity.MainActivity]
11-24 21:56:52.369  2733  2733 I am_on_paused_called: [0,io.github.izzyleung.zhihudailypurify.ui.activity.MainActivity]
11-24 21:56:52.378   778  1212 I am_resume_activity: [0,368830383,1,com.cyanogenmod.trebuchet/com.android.launcher3.Launcher]
11-24 21:56:52.383   778   799 I dvm_lock_sample: [system_server,1,ActivityManager,8,ActivityManagerService.java,3423,-,6460,1]
11-24 21:56:52.386   778   800 I dvm_lock_sample: [system_server,1,android.ui,8,ActivityManagerService.java,1461,-,6460,1]
11-24 21:56:52.391  1250  1250 I am_on_resume_called: [0,com.android.launcher3.Launcher]
11-24 21:56:52.682   778   799 I am_destroy_activity: [0,177476841,9,io.github.izzyleung.zhihudailypurify/.ui.activity.MainActivity,finish-imm]
11-24 21:56:52.868   778   806 I wm_task_removed: [9,removeAppToken: last token]
11-24 21:56:52.868   778   806 I wm_task_removed: [9,removeTask]
11-24 21:56:55.607   778  1219 I am_home_stack_moved: [0,0,1,1,startingNewTask]
11-24 21:56:55.607   778  1219 I am_create_task: [0,10]
11-24 21:56:55.607   778  1219 I am_create_activity: [0,807385320,10,io.github.izzyleung.zhihudailypurify/.ui.activity.MainActivity,android.intent.action.MAIN,NULL,NULL,270532608]
11-24 21:56:55.609   778  1219 I wm_task_created: [10,1]
11-24 21:56:55.609   778  1219 I wm_task_moved: [10,1,0]
11-24 21:56:55.617   778  1219 I am_pause_activity: [0,368830383,com.cyanogenmod.trebuchet/com.android.launcher3.Launcher]
11-24 21:56:55.621   778  1219 I am_home_stack_moved: [0,0,1,1,startedActivity setFocusedActivity]
11-24 21:56:55.622   778  1219 I am_focused_activity: [0,io.github.izzyleung.zhihudailypurify/.ui.activity.MainActivity]
11-24 21:56:55.636  1250  1250 I am_on_paused_called: [0,com.android.launcher3.Launcher]
11-24 21:56:55.639   778   795 I am_restart_activity: [0,807385320,10,io.github.izzyleung.zhihudailypurify/.ui.activity.MainActivity]
11-24 21:56:55.692  2733  2733 I am_on_resume_called: [0,io.github.izzyleung.zhihudailypurify.ui.activity.MainActivity]
11-24 21:56:55.786   778   806 I am_activity_launch_time: [0,807385320,io.github.izzyleung.zhihudailypurify/.ui.activity.MainActivity,150,150]
11-24 21:56:56.129   190   190 I sf_frame_dur: [com.cyanogenmod.trebuchet/com.android.launcher3.Launcher,0,0,0,1,0,0,1]
11-24 21:57:01.031   778   794 I am_home_stack_moved: [0,0,1,1,sourceStackToFront]
11-24 21:57:01.031   778   794 I wm_task_moved: [10,1,0]
11-24 21:57:01.038   778   794 I am_create_activity: [0,818934999,10,io.github.izzyleung.zhihudailypurify/.ui.activity.PickDateActivity,NULL,NULL,NULL,0]
11-24 21:57:01.042   778   794 I am_pause_activity: [0,807385320,io.github.izzyleung.zhihudailypurify/.ui.activity.MainActivity]
11-24 21:57:01.048   778   794 I am_home_stack_moved: [0,0,1,1,startedActivity setFocusedActivity]
11-24 21:57:01.049   778   794 I am_focused_activity: [0,io.github.izzyleung.zhihudailypurify/.ui.activity.PickDateActivity]
11-24 21:57:01.057  2733  2733 I am_on_paused_called: [0,io.github.izzyleung.zhihudailypurify.ui.activity.MainActivity]
11-24 21:57:01.058   778  1220 I am_restart_activity: [0,818934999,10,io.github.izzyleung.zhihudailypurify/.ui.activity.PickDateActivity]
11-24 21:57:01.126  2733  2733 I am_on_resume_called: [0,io.github.izzyleung.zhihudailypurify.ui.activity.PickDateActivity]
11-24 21:57:01.402   778   806 I am_activity_launch_time: [0,818934999,io.github.izzyleung.zhihudailypurify/.ui.activity.PickDateActivity,344,344]
11-24 21:57:02.413   778  1221 I am_finish_activity: [0,818934999,10,io.github.izzyleung.zhihudailypurify/.ui.activity.PickDateActivity,app-request]
11-24 21:57:02.414   778  1221 I am_home_stack_moved: [0,0,1,1,finishActivity adjustTopFocus setFocusedActivity]
11-24 21:57:02.415   778  1221 I am_focused_activity: [0,io.github.izzyleung.zhihudailypurify/.ui.activity.MainActivity]
11-24 21:57:02.416   778  1221 I am_pause_activity: [0,818934999,io.github.izzyleung.zhihudailypurify/.ui.activity.PickDateActivity]
11-24 21:57:02.428  2733  2733 I am_on_paused_called: [0,io.github.izzyleung.zhihudailypurify.ui.activity.PickDateActivity]
11-24 21:57:02.430   778  1267 I am_resume_activity: [0,807385320,10,io.github.izzyleung.zhihudailypurify/.ui.activity.MainActivity]
11-24 21:57:02.447  2733  2733 I am_on_resume_called: [0,io.github.izzyleung.zhihudailypurify.ui.activity.MainActivity]
11-24 21:57:02.814   778   799 I am_destroy_activity: [0,818934999,10,io.github.izzyleung.zhihudailypurify/.ui.activity.PickDateActivity,finish-imm]
11-24 21:57:03.563   778  1267 I am_finish_activity: [0,807385320,10,io.github.izzyleung.zhihudailypurify/.ui.activity.MainActivity,app-request]
11-24 21:57:03.565   778  1267 I am_home_stack_moved: [0,1,0,0,finishActivity adjustFocus]
11-24 21:57:03.565   778  1267 I wm_task_moved: [1,1,0]
11-24 21:57:03.568   778  1267 I am_home_stack_moved: [0,1,0,0,finishActivity adjustTopFocus setFocusedActivity]
11-24 21:57:03.571   778  1267 I am_focused_activity: [0,com.cyanogenmod.trebuchet/com.android.launcher3.Launcher]
11-24 21:57:03.600   778  1267 I am_pause_activity: [0,807385320,io.github.izzyleung.zhihudailypurify/.ui.activity.MainActivity]
11-24 21:57:03.607  2733  2733 I am_on_paused_called: [0,io.github.izzyleung.zhihudailypurify.ui.activity.MainActivity]
11-24 21:57:03.617   778  1155 I am_resume_activity: [0,368830383,1,com.cyanogenmod.trebuchet/com.android.launcher3.Launcher]
11-24 21:57:03.634  1250  1250 I am_on_resume_called: [0,com.android.launcher3.Launcher]
11-24 21:57:03.935   778   799 I am_destroy_activity: [0,807385320,10,io.github.izzyleung.zhihudailypurify/.ui.activity.MainActivity,finish-imm]
11-24 21:57:04.104   778   806 I wm_task_removed: [10,removeAppToken: last token]
11-24 21:57:04.104   778   806 I wm_task_removed: [10,removeTask]
11-24 21:57:06.854   778  1219 I am_home_stack_moved: [0,0,1,1,startingNewTask]
11-24 21:57:06.854   778  1219 I am_create_task: [0,11]
11-24 21:57:06.854   778  1219 I am_create_activity: [0,720286563,11,io.github.izzyleung.zhihudailypurify/.ui.activity.MainActivity,android.intent.action.MAIN,NULL,NULL,270532608]
11-24 21:57:06.855   778  1219 I wm_task_created: [11,1]
11-24 21:57:06.855   778  1219 I wm_task_moved: [11,1,0]
11-24 21:57:06.855   778  1219 I am_pause_activity: [0,368830383,com.cyanogenmod.trebuchet/com.android.launcher3.Launcher]
11-24 21:57:06.858   778  1219 I am_home_stack_moved: [0,0,1,1,startedActivity setFocusedActivity]
11-24 21:57:06.860   778  1219 I am_focused_activity: [0,io.github.izzyleung.zhihudailypurify/.ui.activity.MainActivity]
11-24 21:57:06.877   778   778 I dvm_lock_sample: [system_server,1,main,5,MessageQueue.java,145,-,323,1]
11-24 21:57:06.880  1250  1250 I am_on_paused_called: [0,com.android.launcher3.Launcher]
11-24 21:57:06.888   778  1280 I am_restart_activity: [0,720286563,11,io.github.izzyleung.zhihudailypurify/.ui.activity.MainActivity]
11-24 21:57:06.932  2733  2733 I am_on_resume_called: [0,io.github.izzyleung.zhihudailypurify.ui.activity.MainActivity]
11-24 21:57:07.042   778   806 I am_activity_launch_time: [0,720286563,io.github.izzyleung.zhihudailypurify/.ui.activity.MainActivity,161,161]
11-24 21:57:07.382   190   190 I sf_frame_dur: [com.cyanogenmod.trebuchet/com.android.launcher3.Launcher,0,0,0,1,0,0,1]
11-24 21:57:12.248   778  1267 I am_home_stack_moved: [0,0,1,1,sourceStackToFront]
11-24 21:57:12.248   778  1267 I wm_task_moved: [11,1,0]
11-24 21:57:12.256   778  1267 I am_create_activity: [0,428150158,11,io.github.izzyleung.zhihudailypurify/.ui.activity.PickDateActivity,NULL,NULL,NULL,0]
11-24 21:57:12.258   778  1267 I am_pause_activity: [0,720286563,io.github.izzyleung.zhihudailypurify/.ui.activity.MainActivity]
11-24 21:57:12.259   778  1267 I am_home_stack_moved: [0,0,1,1,startedActivity setFocusedActivity]
11-24 21:57:12.261   778  1267 I am_focused_activity: [0,io.github.izzyleung.zhihudailypurify/.ui.activity.PickDateActivity]
11-24 21:57:12.276  2733  2733 I am_on_paused_called: [0,io.github.izzyleung.zhihudailypurify.ui.activity.MainActivity]
11-24 21:57:12.278   778   986 I am_restart_activity: [0,428150158,11,io.github.izzyleung.zhihudailypurify/.ui.activity.PickDateActivity]
11-24 21:57:12.342  2733  2733 I am_on_resume_called: [0,io.github.izzyleung.zhihudailypurify.ui.activity.PickDateActivity]
11-24 21:57:12.400   318   318 I auditd  : type=1400 audit(0.0:194): avc: denied { create } for comm="360s" scontext=u:r:init:s0 tcontext=u:r:adbd:s0 tclass=tcp_socket permissive=1
11-24 21:57:12.400   318   318 I auditd  : type=1400 audit(0.0:195): avc: denied { setopt } for comm="360s" scontext=u:r:init:s0 tcontext=u:r:adbd:s0 tclass=tcp_socket permissive=1
11-24 21:57:12.400   318   318 I auditd  : type=1400 audit(0.0:196): avc: denied { connect } for comm="360s" scontext=u:r:init:s0 tcontext=u:r:adbd:s0 tclass=tcp_socket permissive=1
11-24 21:57:12.600   778   806 I am_activity_launch_time: [0,428150158,io.github.izzyleung.zhihudailypurify/.ui.activity.PickDateActivity,323,323]
11-24 21:57:13.605   778   795 I am_finish_activity: [0,428150158,11,io.github.izzyleung.zhihudailypurify/.ui.activity.PickDateActivity,app-request]
11-24 21:57:13.606   778   795 I am_home_stack_moved: [0,0,1,1,finishActivity adjustTopFocus setFocusedActivity]
11-24 21:57:13.607   778   795 I am_focused_activity: [0,io.github.izzyleung.zhihudailypurify/.ui.activity.MainActivity]
11-24 21:57:13.608   778   795 I am_pause_activity: [0,428150158,io.github.izzyleung.zhihudailypurify/.ui.activity.PickDateActivity]
11-24 21:57:13.614  2733  2733 I am_on_paused_called: [0,io.github.izzyleung.zhihudailypurify.ui.activity.PickDateActivity]
11-24 21:57:13.615   778   989 I am_resume_activity: [0,720286563,11,io.github.izzyleung.zhihudailypurify/.ui.activity.MainActivity]
11-24 21:57:13.640  2733  2733 I am_on_resume_called: [0,io.github.izzyleung.zhihudailypurify.ui.activity.MainActivity]
11-24 21:57:13.999   778   799 I am_destroy_activity: [0,428150158,11,io.github.izzyleung.zhihudailypurify/.ui.activity.PickDateActivity,finish-imm]
11-24 21:57:14.756   778   986 I am_finish_activity: [0,720286563,11,io.github.izzyleung.zhihudailypurify/.ui.activity.MainActivity,app-request]
11-24 21:57:14.762   778   986 I am_home_stack_moved: [0,1,0,0,finishActivity adjustFocus]
11-24 21:57:14.762   778   986 I wm_task_moved: [1,1,0]
11-24 21:57:14.779   778   986 I am_home_stack_moved: [0,1,0,0,finishActivity adjustTopFocus setFocusedActivity]
