11-24 21:54:43.469   203   203 D         : [ACDB Command]->ACDB File Major = 3, ACDB File Minor = 0, ACDB File Revision = 2
11-24 21:54:43.469   203   203 D         : [ACPH]->Online service registered with ACPH
11-24 21:54:43.469   203   203 E Diag_Lib:  Diag_LSM_Init: Failed to open handle to diag driver, error = 2
11-24 21:54:43.469   203   203 E Diag_Lib:  diagpkt_tbl_reg: Registration failed.
11-24 21:54:43.469   203   203 D         : [ACPH]->ACPH init success
11-24 21:54:43.469   203   203 D         : [ACPH]->DSP RTC service registered with ACPH
11-24 21:54:43.469   203   203 D         : [ACPH]->ADIE RTC service registered with ACPH
11-24 21:54:43.470   203   203 D         : ACDBFILE_MGR: Property for the pid 00012E47 not found
11-24 21:54:43.470   203   203 D         : ACDB_COMMAND: Failed to fetch the property info for pid 00012E47 
11-24 21:54:43.470   203   203 E ACDB-LOADER: Error: ACDB get adm topologies returned = -18
11-24 21:54:43.476   203   203 D platform_info: platform_info_init: Failed to open /system/etc/audio_platform_info.xml, using defaults.
11-24 21:54:43.477   203   203 E ext_speaker: open_speaker_bundle: DLOPEN failed for /system/lib/soundfx/libspeakerbundle.so
11-24 21:54:43.479   203   203 I AudioFlinger: loadHwModule() Loaded primary audio interface from QCOM Audio HAL (audio) handle 1
11-24 21:54:43.480   203   203 I AudioFlinger: HAL output buffer size 240 frames, normal sink buffer size 960 frames
11-24 21:54:43.504   203   203 I AudioMixer: found effect "Multichannel Downmix To Stereo" from The Android Open Source Project
11-24 21:54:43.505   203   203 E MonoPipe: Failed to fetch local time frequency when constructing a MonoPipe (res = -32).  getNextWriteTimestamp calls will be non-functional
11-24 21:54:44.111   778   778 I QCOM PowerHAL: QCOM power HAL initing.
11-24 21:54:44.112   778   778 W libsuspend: Error writing 'on' to /sys/power/state: Invalid argument
11-24 21:54:44.112   778   778 I libsuspend: Selected wakeup count
11-24 21:54:44.113   778   778 I QCOM PowerHAL: Got set_interactive hint
11-24 21:54:44.113   778   778 E QCOM PowerHAL: Invalid hint ID.
11-24 21:54:44.539   778   778 D PackageManager: No files in app dir /vendor/overlay
11-24 21:54:44.820   778   778 W ResourceType: ResTable_typeSpec entry count inconsistent: given 6, previously 1003
11-24 21:54:46.523   778   778 W ResourceType: Failure getting entry for 0x7f080345 (t=7 e=837) (error -75)
11-24 21:54:48.707   778   778 D PackageManager: No files in app dir /system/vendor/app
11-24 21:54:48.707   778   778 D PackageManager: No files in app dir /oem/app
11-24 21:54:48.707   778   778 D PackageManager: No files in app dir /vendor/bundled-app
11-24 21:54:48.851   778   778 D PackageManager: No files in app dir /data/app-private
11-24 21:54:48.853   204   204 E installd: invalid apk path '/system/framework/org.cyanogenmod.platform-res.apk' (bad prefix)
11-24 21:54:48.936   778   778 I art     : Explicit concurrent mark sweep GC freed 129929(6MB) AllocSpace objects, 36(1576KB) LOS objects, 33% free, 18MB/28MB, paused 1.700ms total 34.759ms
11-24 21:54:48.947   187   187 I lowmemorykiller: ActivityManager connected
11-24 21:54:49.049   778   778 E ConsumerIrService: Can't open consumer IR HW Module, error: -2
11-24 21:54:49.053   778   778 D AlarmManagerService: Kernel timezone updated to -480 minutes west of GMT
11-24 21:54:49.105   190   325 D PermissionCache: checking android.permission.ACCESS_SURFACE_FLINGER for uid=1000 => granted (501 us)
11-24 21:54:49.115   778   800 W Settings: Setting dev_force_show_navbar has moved from android.provider.Settings.System to android.provider.Settings.Secure, returning Secure URI.
11-24 21:54:49.155   778   882 D EventHub: No input device configuration file found for device 'msm8974-taiko-mtp-snd-card Headset Jack'.
11-24 21:54:49.155   778   882 I EventHub: New device: id=1, fd=97, path='/dev/input/event5', name='msm8974-taiko-mtp-snd-card Headset Jack', classes=0x80, configuration='', keyLayout='', keyCharacterMap='', builtinKeyboard=false, wakeMechanism=EVIOCSSUSPENDBLOCK, usingClockIoctl=true
11-24 21:54:49.155   778   882 D EventHub: No input device configuration file found for device 'msm8974-taiko-mtp-snd-card Button Jack'.
11-24 21:54:49.157   778   778 D BluetoothManagerService: Loading stored name and address
11-24 21:54:49.157   778   778 D BluetoothManagerService: Stored bluetooth Name=Nexus 5,Address=48:59:29:57:DA:A2
11-24 21:54:49.158   778   882 W EventHub: Unable to disable kernel key repeat for /dev/input/event4: Function not implemented
11-24 21:54:49.158   778   882 I EventHub: New device: id=2, fd=98, path='/dev/input/event4', name='msm8974-taiko-mtp-snd-card Button Jack', classes=0x1, configuration='', keyLayout='/system/usr/keylayout/msm8974-taiko-mtp-snd-card_Button_Jack.kl', keyCharacterMap='/system/usr/keychars/msm8974-taiko-mtp-snd-card_Button_Jack.kcm', builtinKeyboard=false, wakeMechanism=EVIOCSSUSPENDBLOCK, usingClockIoctl=true
11-24 21:54:49.158   778   882 D EventHub: No input device configuration file found for device 'hs_detect'.
11-24 21:54:49.160   778   882 W EventHub: Unable to disable kernel key repeat for /dev/input/event3: Function not implemented
11-24 21:54:49.160   778   882 I EventHub: New device: id=3, fd=99, path='/dev/input/event3', name='hs_detect', classes=0x81, configuration='', keyLayout='/system/usr/keylayout/hs_detect.kl', keyCharacterMap='/system/usr/keychars/hs_detect.kcm', builtinKeyboard=false, wakeMechanism=EVIOCSSUSPENDBLOCK, usingClockIoctl=true
11-24 21:54:49.161   778   882 I EventHub: New device: id=4, fd=100, path='/dev/input/event1', name='touch_dev', classes=0x14, configuration='/system/usr/idc/touch_dev.idc', keyLayout='', keyCharacterMap='', builtinKeyboard=false, wakeMechanism=EVIOCSSUSPENDBLOCK, usingClockIoctl=true
11-24 21:54:49.162   778   882 D EventHub: No input device configuration file found for device 'qpnp_pon'.
11-24 21:54:49.164   778   882 W EventHub: Unable to disable kernel key repeat for /dev/input/event0: Function not implemented
11-24 21:54:49.165   778   882 I EventHub: New device: id=5, fd=101, path='/dev/input/event0', name='qpnp_pon', classes=0x1, configuration='', keyLayout='/system/usr/keylayout/qpnp_pon.kl', keyCharacterMap='/system/usr/keychars/qpnp_pon.kcm', builtinKeyboard=false, wakeMechanism=EVIOCSSUSPENDBLOCK, usingClockIoctl=true
11-24 21:54:49.167   778   882 D EventHub: No input device configuration file found for device 'gpio-keys'.
11-24 21:54:49.170   778   882 W EventHub: Unable to disable kernel key repeat for /dev/input/event2: Function not implemented
11-24 21:54:49.171   778   882 I EventHub: New device: id=6, fd=102, path='/dev/input/event2', name='gpio-keys', classes=0x81, configuration='', keyLayout='/system/usr/keylayout/gpio-keys.kl', keyCharacterMap='/system/usr/keychars/gpio-keys.kcm', builtinKeyboard=false, wakeMechanism=EVIOCSSUSPENDBLOCK, usingClockIoctl=true
11-24 21:54:49.177   778   882 I InputReader: Device added: id=-1, name='Virtual', sources=0x00000301
11-24 21:54:49.178   778   882 I InputReader: Device added: id=6, name='gpio-keys', sources=0x80000101
11-24 21:54:49.178   778   882 I InputReader: Device added: id=5, name='qpnp_pon', sources=0x00000101
11-24 21:54:49.182   778   882 I InputReader:   Touch device 'touch_dev' could not query the properties of its associated display.  The device will be inoperable until the display size becomes available.
11-24 21:54:49.182   778   882 I InputReader: Device added: id=4, name='touch_dev', sources=0x00001002
11-24 21:54:49.182   778   882 I InputReader: Device added: id=3, name='hs_detect', sources=0x80000101
11-24 21:54:49.182   778   882 I InputReader: Device added: id=2, name='msm8974-taiko-mtp-snd-card Button Jack', sources=0x00000101
11-24 21:54:49.182   778   882 I InputReader: Device added: id=1, name='msm8974-taiko-mtp-snd-card Headset Jack', sources=0x80000000
11-24 21:54:49.214   778   882 I InputReader: Reconfiguring input devices.  changes=0x00000004
11-24 21:54:49.214   778   882 I InputReader: Device reconfigured: id=4, name='touch_dev', size 1080x1920, orientation 0, mode 1, display id 0
11-24 21:54:49.252   778   885 I PackageManager: No secure containers found
11-24 21:54:49.316   778   778 I CameraManagerGlobal: getCameraService: Reconnecting to camera service
11-24 21:54:49.509   203   203 I AudioFlinger: Using module 1 has the primary audio interface
11-24 21:54:49.509   203   886 I AudioFlinger: AudioFlinger's thread 0xb5a0a000 ready to run
11-24 21:54:49.512   203   886 D audio_hw_primary: out_set_parameters: enter: usecase(1: low-latency-playback) kvpairs: routing=2
11-24 21:54:49.516   203   203 I AudioFlinger: HAL output buffer size 960 frames, normal sink buffer size 960 frames
11-24 21:54:49.516   203   887 I AudioFlinger: AudioFlinger's thread 0xb5a99000 ready to run
11-24 21:54:49.518   203   887 D audio_hw_primary: out_set_parameters: enter: usecase(0: deep-buffer-playback) kvpairs: routing=2
11-24 21:54:49.520   203   203 I AudioFlinger: HAL output buffer size 768 frames, normal sink buffer size 1152 frames
11-24 21:54:49.522   203   889 I AudioFlinger: AudioFlinger's thread 0xb5ae4000 ready to run
11-24 21:54:49.523   203   889 D audio_hw_primary: out_set_parameters: enter: usecase(16: afe-proxy-playback) kvpairs: routing=65536
11-24 21:54:49.526   203   890 I AudioFlinger: AudioFlinger's thread 0xb5b84000 ready to run
11-24 21:54:49.527   203   891 I AudioFlinger: AudioFlinger's thread 0xb5b84000 ready to run
11-24 21:54:49.529   203   203 I audio_a2dp_hw: adev_open:  adev_open in A2dp_hw module
11-24 21:54:49.529   203   203 I AudioFlinger: loadHwModule() Loaded a2dp audio interface from A2DP Audio HW HAL (audio) handle 10
11-24 21:54:49.531   203   203 I AudioFlinger: loadHwModule() Loaded usb audio interface from USB audio HW HAL (audio) handle 11
11-24 21:54:49.533   203   203 I r_submix: adev_open(name=audio_hw_if)
11-24 21:54:49.534   203   203 I r_submix: adev_init_check()
11-24 21:54:49.534   203   203 I AudioFlinger: loadHwModule() Loaded r_submix audio interface from Wifi Display audio HAL (audio) handle 12
11-24 21:54:49.534   203   203 D r_submix: adev_open_input_stream(addr=0)
11-24 21:54:49.534   203   203 D r_submix: submix_audio_device_create_pipe_l(addr=0, idx=9)
11-24 21:54:49.534   203   203 D r_submix:   now using address 0 for route 9
11-24 21:54:49.534   203   892 I AudioFlinger: AudioFlinger's thread 0xb5b84000 ready to run
11-24 21:54:49.534   203   203 D r_submix: adev_close_input_stream()
11-24 21:54:49.535   203   203 D r_submix: submix_audio_device_release_pipe_l(idx=9) addr=0
11-24 21:54:49.535   203   203 D r_submix: submix_audio_device_destroy_pipe_l(): pipe destroyed
11-24 21:54:49.535   203   203 W AudioPolicyEffects: loadEffectConfig() no valid effects found in config voice_communication
11-24 21:54:49.536   203   203 E SoundTriggerHwService: couldn't load sound trigger module sound_trigger.primary (No such file or directory)
11-24 21:54:49.703   778   778 I WifiP2pService: Registering wifip2p
11-24 21:54:49.876   778   778 E WifiConfigStore: associatedPartialScanPeriodMilli set to 20000
11-24 21:54:49.897   778   778 D WifiController: isAirplaneModeOn = false, isWifiEnabled = false, isScanningAvailable = false
11-24 21:54:49.900   778   778 I WifiService: Registering wifi
11-24 21:54:49.902   778   778 I WifiScanningService: Creating wifiscanner
11-24 21:54:49.902   778   778 I WifiScanningService: Starting wifiscanner
11-24 21:54:49.903   778   778 I RttService: Creating rttmanager
11-24 21:54:49.904   778   778 I RttService: Starting rttmanager
11-24 21:54:49.908   778   778 I EthernetServiceImpl: Creating EthernetConfigStore
11-24 21:54:49.909   778   778 E IpConfigStore: Error parsing configuration: java.io.FileNotFoundException: /data/misc/ethernet/ipconfig.txt: open failed: ENOENT (No such file or directory)
11-24 21:54:49.909   778   778 W EthernetConfigStore: No Ethernet configuration found. Using default.
11-24 21:54:49.909   778   778 I EthernetServiceImpl: Read stored IP configuration: IP assignment: DHCP
11-24 21:54:49.909   778   778 I EthernetServiceImpl: Proxy settings: NONE
11-24 21:54:49.910   778   778 I EthernetService: Registering service ethernet
11-24 21:54:50.128   778   778 V ProfileTriggerHelper: Enabling
11-24 21:54:50.132   778   778 D ProfileService: Found active: 0230226d-0d05-494a-a9bd-d222a1117655
11-24 21:54:50.152   778   778 D ProfileService: Set active profile to: 0230226d-0d05-494a-a9bd-d222a1117655 - Default
11-24 21:54:50.152   778   778 D ProfileService: Saving profile data...
11-24 21:54:50.154   778   778 D ProfileService: Save completed.
11-24 21:54:50.171   778   778 W TelecomManager: Telecom Service not found.
11-24 21:54:50.174   203   893 D audio_hw_primary: adev_set_mic_mute: state 0
11-24 21:54:50.388   778   909 D AssetAtlas: Loaded configuration: SliceMinArea (1792x1984) flags=0x2 count=396
11-24 21:54:50.423   778   778 I com.android.server.ThemeService: Spawned worker thread
11-24 21:54:50.440   778   778 V Fingerprint-JNI: nativeInit()
11-24 21:54:50.442   778   778 V Fingerprint-JNI: nativeOpenHal()
11-24 21:54:50.443   778   778 E Fingerprint-JNI: Can't open fingerprint HW Module, error: -2
11-24 21:54:50.491   778   778 I WindowManager: SAFE MODE not enabled
11-24 21:54:50.505   778   778 E SQLiteLog: (283) recovered 16 frames from WAL file /data/system/locksettings.db-wal
11-24 21:54:50.534   778   909 I Adreno-EGL: <qeglDrvAPI_eglInitialize:379>: QUALCOMM Build: 01/14/15, ab0075f, Id3510ff6dc
11-24 21:54:50.540   778   778 I WifiScanningService: Registering wifiscanner
11-24 21:54:50.569   778   778 I RttService: Registering rttmanager
11-24 21:54:50.569   778   914 D WifiChangeStateMachine: Entering IdleState
11-24 21:54:50.569   778   914 D WifiScanningService: DefaultState
11-24 21:54:50.588   778   778 I EthernetServiceImpl: Starting Ethernet service
11-24 21:54:50.598   778   778 D Ethernet: Registering NetworkFactory
11-24 21:54:50.602   778   916 D Ethernet: got request NetworkRequest [ id=1, legacyType=-1, [ Capabilities: INTERNET&NOT_RESTRICTED&TRUSTED&NOT_VPN] ] with score 0
11-24 21:54:50.604   778   909 D AssetAtlas: Rendered atlas in 122.06ms (51.46+70.59ms)
11-24 21:54:50.629   778   778 I SELinux : SELinux: Loaded file_contexts from /file_contexts
11-24 21:54:50.763   190   325 D PermissionCache: checking android.permission.HARDWARE_TEST for uid=1000 => granted (221 us)
11-24 21:54:50.783   778   778 D CMStatusBarManagerService: registerCMStatusBar cmstatusbar: org.cyanogenmod.platform.internal.CMStatusBarManagerService@2eeac0eb
11-24 21:54:50.796   190   190 D SurfaceFlinger: Set power mode=2, type=0 flinger=0xb6482000
11-24 21:54:50.796   190   190 D SurfaceFlinger: Screen type=0 is already mode=2
11-24 21:54:50.823   778   778 I Zygote  : Process: zygote socket opened, supported ABIS: armeabi-v7a,armeabi
11-24 21:54:50.887   931   931 V WebViewFactory: RelroFileCreator (64bit = false),  32-bit lib: /system/app/webview/lib/arm/libwebviewchromium.so, 64-bit lib: 
11-24 21:54:50.940   302   302 W auditd  : type=1325 audit(0.0:125): table=filter family=2 entries=43
11-24 21:54:50.960   302   302 W auditd  : type=1325 audit(0.0:126): table=filter family=10 entries=40
11-24 21:54:50.980   302   302 W auditd  : type=1325 audit(0.0:127): table=filter family=2 entries=42
11-24 21:54:50.990   302   302 W auditd  : type=1325 audit(0.0:128): table=filter family=10 entries=39
11-24 21:54:51.000   302   302 W auditd  : type=1325 audit(0.0:129): table=filter family=2 entries=41
11-24 21:54:51.010   302   302 W auditd  : type=1325 audit(0.0:130): table=filter family=10 entries=38
11-24 21:54:51.020   302   302 W auditd  : type=1325 audit(0.0:131): table=filter family=2 entries=41
11-24 21:54:51.030   302   302 W auditd  : type=1325 audit(0.0:132): table=filter family=10 entries=38
11-24 21:54:51.040   302   302 W auditd  : type=1325 audit(0.0:133): table=filter family=2 entries=41
11-24 21:54:51.048   949   949 V SystemUIService: Starting SystemUI services.
11-24 21:54:51.050   302   302 W auditd  : type=1325 audit(0.0:134): table=filter family=10 entries=38
11-24 21:54:51.060   302   302 W auditd  : type=1325 audit(0.0:135): table=filter family=2 entries=41
11-24 21:54:51.061   968   968 E SQLiteLog: (283) recovered 25 frames from WAL file /data/data/com.android.providers.media/databases/external.db-wal
11-24 21:54:51.070   302   302 W auditd  : type=1325 audit(0.0:136): table=filter family=10 entries=38
11-24 21:54:51.080   302   302 W auditd  : type=1325 audit(0.0:137): table=raw family=2 entries=10
11-24 21:54:51.080   931   931 I art     : System.exit called, status: 0
11-24 21:54:51.080   931   931 I AndroidRuntime: VM exiting with result code 0, cleanup skipped.
11-24 21:54:51.090   302   302 W auditd  : type=1325 audit(0.0:138): table=raw family=10 entries=10
11-24 21:54:51.100   302   302 W auditd  : type=1325 audit(0.0:139): table=mangle family=2 entries=17
11-24 21:54:51.100   302   302 W auditd  : type=1325 audit(0.0:140): table=mangle family=10 entries=13
11-24 21:54:51.110   302   302 W auditd  : type=1325 audit(0.0:141): table=filter family=2 entries=40
11-24 21:54:51.110   302   302 W auditd  : type=1325 audit(0.0:142): table=filter family=10 entries=37
11-24 21:54:51.120   302   302 W auditd  : type=1325 audit(0.0:143): table=filter family=2 entries=41
11-24 21:54:51.120   302   302 W auditd  : type=1325 audit(0.0:144): table=filter family=10 entries=38
11-24 21:54:51.130   302   302 W auditd  : type=1325 audit(0.0:145): table=filter family=2 entries=42
11-24 21:54:51.150   302   302 W auditd  : type=1325 audit(0.0:146): table=filter family=10 entries=39
11-24 21:54:51.150   302   302 W auditd  : type=1325 audit(0.0:147): table=raw family=2 entries=9
11-24 21:54:51.160   302   302 W auditd  : type=1325 audit(0.0:148): table=raw family=10 entries=9
11-24 21:54:51.163   968   968 D MtpService: updating state; isCurrentUser=true, mMtpLocked=true
11-24 21:54:51.165   968   968 D MtpService: updating state; isCurrentUser=true, mMtpLocked=true
11-24 21:54:51.168   968   968 D MtpService: starting MTP server in MTP mode
11-24 21:54:51.170   302   302 W auditd  : type=1325 audit(0.0:149): table=mangle family=2 entries=16
11-24 21:54:51.170   302   302 W auditd  : type=1325 audit(0.0:150): table=mangle family=10 entries=12
11-24 21:54:51.180   302   302 W auditd  : type=1325 audit(0.0:151): table=filter family=2 entries=43
11-24 21:54:51.200   302   302 W auditd  : type=1325 audit(0.0:152): table=filter family=10 entries=40
11-24 21:54:51.200   302   302 W auditd  : type=1325 audit(0.0:153): table=filter family=2 entries=43
11-24 21:54:51.203   203  1015 I FFmpegExtractor: android-source:0xb5bff380
11-24 21:54:51.220   302   302 W auditd  : type=1325 audit(0.0:154): table=filter family=10 entries=40
11-24 21:54:51.220   302   302 W auditd  : type=1325 audit(0.0:155): table=filter family=2 entries=43
11-24 21:54:51.230   302   302 W auditd  : type=1325 audit(0.0:156): table=filter family=10 entries=40
11-24 21:54:51.241   949   949 D VolumeUI: Registering volume controller
11-24 21:54:51.250   302   302 W auditd  : type=1325 audit(0.0:157): table=filter family=2 entries=43
11-24 21:54:51.258   203  1015 I FFMPEG  : Input #0, ogg, from 'android-source:0xb5bff380':
11-24 21:54:51.258   203  1015 I FFMPEG  :   Duration: 00:00:00.23, start: 0.000000, bitrate: 293 kb/s
11-24 21:54:51.258   203  1015 I FFMPEG  :     Stream #0:0: Audio: vorbis, 44100 Hz, stereo, fltp, 160 kb/s
11-24 21:54:51.258   203  1015 D FFmpegExtractor: FFmpegExtrator, url: android-source:0xb5bff380, format_name: ogg, format_long_name: Ogg
11-24 21:54:51.258   203  1015 I FFmpegExtractor: adjust mime(application/ogg -> audio/vorbis)
11-24 21:54:51.258   203  1015 D FFmpegExtractor: suppoted codec(vorbis) by official Stagefright
11-24 21:54:51.258   203  1015 D FFmpegExtractor: ffmpeg detected media content as 'audio/vorbis' with confidence 0.08
11-24 21:54:51.260   302   302 W auditd  : type=1325 audit(0.0:158): table=filter family=10 entries=40
11-24 21:54:51.264   203   894 D NuPlayerDriver: start(0xb4831340)
11-24 21:54:51.264   203  1014 I GenericSource: start
11-24 21:54:51.265   203  1014 W Utils   : bool android::canOffloadStream(const android::sp<android::MetaData>&, bool, const android::sp<android::MetaData>&, bool, audio_stream_type_t) No sample bit depth info in meta data
11-24 21:54:51.265   203  1014 E AudioPolicyManager: isOffloadSupported: stream_type != MUSIC, returning false
11-24 21:54:51.265   203  1014 I NuPlayer: Could not offload audio decode, pcm offload decided :0
11-24 21:54:51.266   203  1014 W Utils   : bool android::canOffloadStream(const android::sp<android::MetaData>&, bool, const android::sp<android::MetaData>&, bool, audio_stream_type_t) No sample bit depth info in meta data
11-24 21:54:51.266   203  1014 E AudioPolicyManager: isOffloadSupported: stream_type != MUSIC, returning false
11-24 21:54:51.270   302   302 W auditd  : type=1325 audit(0.0:159): table=filter family=2 entries=44
11-24 21:54:51.272   203  1038 E OMXMaster: A component of name 'OMX.qcom.audio.decoder.aac' already exists, ignoring this one.
11-24 21:54:51.280   302   302 W auditd  : type=1325 audit(0.0:160): table=filter family=10 entries=41
11-24 21:54:51.290   302   302 W auditd  : type=1325 audit(0.0:161): table=filter family=2 entries=45
11-24 21:54:51.291   949   949 W Settings: Setting airplane_mode_on has moved from android.provider.Settings.System to android.provider.Settings.Global, returning read-only value.
11-24 21:54:51.334   778   778 D PermissionMonitor: Monitoring
11-24 21:54:51.335   778   778 D PermissionMonitor: Users: 1, Apps: 67
11-24 21:54:51.340   778   778 W ContentService: Observer android.database.ContentObserver$Transport@35cbd9d3 is already registered.
11-24 21:54:51.340   778   778 W ContentService: Observer android.database.ContentObserver$Transport@35cbd9d3 is already registered.
11-24 21:54:51.340   778   778 W ContentService: Observer android.database.ContentObserver$Transport@35cbd9d3 is already registered.
11-24 21:54:51.340   778   778 W ContentService: Observer android.database.ContentObserver$Transport@35cbd9d3 is already registered.
11-24 21:54:51.340   778   778 W ContentService: Observer android.database.ContentObserver$Transport@35cbd9d3 is already registered.
11-24 21:54:51.340   778   778 W ContentService: Observer android.database.ContentObserver$Transport@35cbd9d3 is already registered.
11-24 21:54:51.340   778   778 W ContentService: Observer android.database.ContentObserver$Transport@35cbd9d3 is already registered.
11-24 21:54:51.340   778   778 W ContentService: Observer android.database.ContentObserver$Transport@35cbd9d3 is already registered.
11-24 21:54:51.342   778   908 D BluetoothManagerService: Trying to bind to profile: 1, while Bluetooth was disabled
11-24 21:54:51.343   778   805 D BluetoothManagerService: Message: 20
11-24 21:54:51.343   778   805 D BluetoothManagerService: Added callback: android.bluetooth.BluetoothAdapter$1@374ab04b:true
11-24 21:54:51.343   778   805 D BluetoothManagerService: Message: 30
11-24 21:54:51.343   778   805 D BluetoothManagerService: Message: 30
11-24 21:54:51.364   203  1084 I FFmpegExtractor: android-source:0xb4834ce0
11-24 21:54:51.367   203  1084 I FFMPEG  : Input #0, ogg, from 'android-source:0xb4834ce0':
11-24 21:54:51.368   203  1084 I FFMPEG  :   Duration: 00:00:00.09, start: 0.000000, bitrate: 437 kb/s
11-24 21:54:51.368   203  1084 I FFMPEG  :     Stream #0:0: Audio: vorbis, 48000 Hz, stereo, fltp, 96 kb/s
11-24 21:54:51.368   203  1084 D FFmpegExtractor: FFmpegExtrator, url: android-source:0xb4834ce0, format_name: ogg, format_long_name: Ogg
11-24 21:54:51.368   203  1084 I FFmpegExtractor: adjust mime(application/ogg -> audio/vorbis)
11-24 21:54:51.368   203  1084 D FFmpegExtractor: suppoted codec(vorbis) by official Stagefright
11-24 21:54:51.368   203  1084 D FFmpegExtractor: ffmpeg detected media content as 'audio/vorbis' with confidence 0.08
11-24 21:54:51.395   203   203 D NuPlayerDriver: start(0xb5969520)
11-24 21:54:51.395   203  1083 I GenericSource: start
11-24 21:54:51.396   203  1083 W Utils   : bool android::canOffloadStream(const android::sp<android::MetaData>&, bool, const android::sp<android::MetaData>&, bool, audio_stream_type_t) No sample bit depth info in meta data
11-24 21:54:51.396   203  1083 E AudioPolicyManager: isOffloadSupported: stream_type != MUSIC, returning false
11-24 21:54:51.396   203  1083 I NuPlayer: Could not offload audio decode, pcm offload decided :0
11-24 21:54:51.396   203  1083 W Utils   : bool android::canOffloadStream(const android::sp<android::MetaData>&, bool, const android::sp<android::MetaData>&, bool, audio_stream_type_t) No sample bit depth info in meta data
11-24 21:54:51.396   203  1083 E AudioPolicyManager: isOffloadSupported: stream_type != MUSIC, returning false
11-24 21:54:51.413   778   778 E LocSvc_afw: E/get_extension: Invalid interface passed in
11-24 21:54:51.415   203  1038 I OMX-VENC: Component_init : OMX.qcom.video.encoder.mpeg4 : return = 0x0
11-24 21:54:51.416   203  1038 E OMX-VENC: get_parameter: OMX_IndexParamVideoProfileLevelQuerySupported nProfileIndex ret NoMore 2
11-24 21:54:51.416   203  1038 W ACodec  : do not know color format 0x7fa30c04 = 2141391876
11-24 21:54:51.416   203  1038 W ACodec  : do not know color format 0x7f000789 = 2130708361
11-24 21:54:51.419   203  1038 I OMX-VENC: Component Deinit
11-24 21:54:51.430   778   778 E LocSvc_afw: E/get_extension: Invalid interface passed in
11-24 21:54:51.434   778   778 D GpsLocationProvider: Reset GPS properties, previous size = 0
11-24 21:54:51.434   778   778 D GpsLocationProvider: GpsParamsResource: SUPL_HOST=supl.google.com
11-24 21:54:51.434   778   778 D GpsLocationProvider: GpsParamsResource: SUPL_PORT=7275
11-24 21:54:51.435   778   778 D GpsLocationProvider: GpsParamsResource: NTP_SERVER=north-america.pool.ntp.org
11-24 21:54:51.435   778   778 D GpsLocationProvider: GpsParamsResource: SUPL_VER=0x20000
11-24 21:54:51.435   778   778 D GpsLocationProvider: GpsParamsResource: SUPL_MODE=1
11-24 21:54:51.438   778   778 D GpsLocationProvider: GPS properties reloaded, size = 16
11-24 21:54:51.439   778   778 D GpsLocationProvider: GPS configuration:
11-24 21:54:51.439   778   778 D GpsLocationProvider:  #Thu Nov 24 21:54:51 GMT+08:00 2016
11-24 21:54:51.439   778   778 D GpsLocationProvider: SUPL_HOST=supl.google.com
11-24 21:54:51.439   778   778 D GpsLocationProvider: XTRA_SERVER_3=http\://xtrapath3.izatcloud.net/xtra2.bin
11-24 21:54:51.439   778   778 D GpsLocationProvider: XTRA_SERVER_1=http\://xtrapath1.izatcloud.net/xtra2.bin
11-24 21:54:51.439   778   778 D GpsLocationProvider: SUPL_PORT=7275
11-24 21:54:51.439   778   778 D GpsLocationProvider: DEBUG_LEVEL=2
11-24 21:54:51.439   778   778 D GpsLocationProvider: XTRA_SERVER_2=http\://xtrapath2.izatcloud.net/xtra2.bin
11-24 21:54:51.439   778   778 D GpsLocationProvider: NMEA_PROVIDER=1
11-24 21:54:51.439   778   778 D GpsLocationProvider: CAPABILITIES=0x33
11-24 21:54:51.439   778   778 D GpsLocationProvider: SUPL_VER=0x20000
11-24 21:54:51.439   778   778 D GpsLocationProvider: ERR_ESTIMATE=0
11-24 21:54:51.439   778   778 D GpsLocationProvider: XTRA_SERVER_QUERY=0
11-24 21:54:51.439   778   778 D GpsLocationProvider: A_GLONASS_POS_PROTOCOL_SELECT=0
11-24 21:54:51.439   778   778 D GpsLocationProvider: INTERMEDIATE_POS=0
11-24 21:54:51.439   778   778 D GpsLocationProvider: LPP_PROFILE=0
11-24 21:54:51.439   778   778 D GpsLocationProvider: NTP_SERVER=time.izatcloud.net
11-24 21:54:51.439   778   778 D GpsLocationProvider: SUPL_MODE=1
11-24 21:54:51.439   778   778 D GpsLocationProvider: final config = #Thu Nov 24 21:54:51 GMT+08:00 2016
11-24 21:54:51.439   778   778 D GpsLocationProvider: SUPL_HOST=supl.google.com
11-24 21:54:51.439   778   778 D GpsLocationProvider: XTRA_SERVER_3=http\://xtrapath3.izatcloud.net/xtra2.bin
11-24 21:54:51.439   778   778 D GpsLocationProvider: XTRA_SERVER_1=http\://xtrapath1.izatcloud.net/xtra2.bin
11-24 21:54:51.439   778   778 D GpsLocationProvider: SUPL_PORT=7275
11-24 21:54:51.439   778   778 D GpsLocationProvider: DEBUG_LEVEL=2
11-24 21:54:51.439   778   778 D GpsLocationProvider: XTRA_SERVER_2=http\://xtrapath2.izatcloud.net/xtra2.bin
11-24 21:54:51.439   778   778 D GpsLocationProvider: NMEA_PROVIDER=1
11-24 21:54:51.439   778   778 D GpsLocationProvider: CAPABILITIES=0x33
11-24 21:54:51.439   778   778 D GpsLocationProvider: SUPL_VER=0x20000
11-24 21:54:51.439   778   778 D GpsLocationProvider: ERR_ESTIMATE=0
11-24 21:54:51.439   778   778 D GpsLocationProvider: XTRA_SERVER_QUERY=0
11-24 21:54:51.439   778   778 D GpsLocationProvider: A_GLONASS_POS_PROTOCOL_SELECT=0
11-24 21:54:51.439   778   778 D GpsLocationProvider: INTERMEDIATE_POS=0
11-24 21:54:51.439   778   778 D GpsLocationProvider: LPP_PROFILE=0
11-24 21:54:51.439   778   778 D GpsLocationProvider: NTP_SERVER=time.izatcloud.net
11-24 21:54:51.439   778   778 D GpsLocationProvider: SUPL_MODE=1
11-24 21:54:51.447   778   778 W ServiceWatcher: com.google.android.gms not found
11-24 21:54:51.448   778   778 W ServiceWatcher: com.google.android.gms not found
11-24 21:54:51.448   778   778 W ServiceWatcher: com.google.android.gms not found
11-24 21:54:51.451   778   778 W ServiceWatcher: com.google.android.gms not found
11-24 21:54:51.475   778  1115 V FlpHardwareProvider: Callback thread attached: 0xaed70220
11-24 21:54:51.476   778  1115 E Diag_Lib:  Diag_LSM_Init: Failed to open handle to diag driver, error = 2
11-24 21:54:51.476   949   949 W Settings: Setting airplane_mode_on has moved from android.provider.Settings.System to android.provider.Settings.Global, returning read-only value.
11-24 21:54:51.478   778   778 W ServiceWatcher: com.google.android.gms not found
11-24 21:54:51.479   778   778 W ServiceWatcher: com.google.android.gms not found
11-24 21:54:51.480   778   778 E ActivityRecognitionHardware: Error hw_get_module: -2
11-24 21:54:51.480   949   949 W Settings: Setting airplane_mode_on has moved from android.provider.Settings.System to android.provider.Settings.Global, returning read-only value.
11-24 21:54:51.498   203  1038 I OMX-VENC: Component_init : OMX.qcom.video.encoder.h263 : return = 0x0
11-24 21:54:51.499   203  1038 E OMX-VENC: get_parameter: OMX_IndexParamVideoProfileLevelQuerySupported nProfileIndex ret NoMore 1
11-24 21:54:51.499   203  1038 W ACodec  : do not know color format 0x7fa30c04 = 2141391876
11-24 21:54:51.499   203  1038 W ACodec  : do not know color format 0x7f000789 = 2130708361
11-24 21:54:51.504   203  1038 I OMX-VENC: Component Deinit
11-24 21:54:51.504   778   778 I CommonTimeManagementService: No common time service detected on this platform.  Common time services will be unavailable.
11-24 21:54:51.505   778   882 I InputReader: Reconfiguring input devices.  changes=0x00000040
11-24 21:54:51.507  1090  1090 I LatinIME: Hardware accelerated drawing: true
11-24 21:54:51.510   778   882 I InputReader: Reconfiguring input devices.  changes=0x00000020
11-24 21:54:51.513   778   778 D com.android.server.ThemeService: Prev api level was: 22, api is now: 22
11-24 21:54:51.515   778   778 E PackageManager: Unable to find icon pack: system
11-24 21:54:51.564  1090  1090 W SubtypeLocaleUtils: KeyboardLayoutSet not found, use QWERTY: locale=en_AU extraValue=TrySuppressingImeSwitcher,AsciiCapable,SupportTouchPositionCorrection,EmojiCapable
11-24 21:54:51.567   778  1115 E LocSvc_LBSApiV02: E/virtual void lbs_core::LBSApiV02::injectFeatureConfig(lbs_core::e_premium_mode, lbs_core::e_premium_mode):424]: Error : st = 11, ind.status = -1357365791
11-24 21:54:51.568   778  1115 E LocSvc_LBSApiV02: E/virtual void lbs_core::LBSApiV02::injectFeatureConfig(lbs_core::e_premium_mode, lbs_core::e_premium_mode):442]: Error : st = 11, ind.status = -1357365791
11-24 21:54:51.568   778  1115 E FlpHardwareProvider: Attempted to associate callback in 'SetThreadEvent'. Callback already associated.
11-24 21:54:51.575   203  1038 I OMX-VENC: Component_init : OMX.qcom.video.encoder.avc : return = 0x0
11-24 21:54:51.576   203  1038 W ACodec  : do not know color format 0x7fa30c04 = 2141391876
11-24 21:54:51.576   203  1038 W ACodec  : do not know color format 0x7f000789 = 2130708361
11-24 21:54:51.579   203  1038 I OMX-VENC: Component Deinit
11-24 21:54:51.607  1090  1090 W InputAttributes: No editor info for this field. Bug?
11-24 21:54:51.637  1090  1197 I LatinIME:LogUtils: Dictionary info: dictionary = UserHistoryDictionary.en_US ; version = 38334338 ; date = 1479993192
11-24 21:54:51.637  1090  1198 I LatinIME:LogUtils: Dictionary info: dictionary = PersonalizationDictionary.en_US ; version = 1479995691 ; date = ?
11-24 21:54:51.638  1090  1216 I LatinIME:LogUtils: Dictionary info: dictionary = contacts.en_US ; version = 1479995691 ; date = ?
11-24 21:54:51.638  1090  1214 I LatinIME:LogUtils: Dictionary info: dictionary = userunigram.en_US ; version = 1479995691 ; date = ?
11-24 21:54:51.639   213   213 I art     : Explicit concurrent mark sweep GC freed 706(30KB) AllocSpace objects, 0(0B) LOS objects, 40% free, 16MB/26MB, paused 210us total 12.907ms
11-24 21:54:51.639  1090  1217 I LatinIME:LogUtils: Dictionary info: dictionary = ContextualDictionary.en_US ; version = 1479995691 ; date = ?
11-24 21:54:51.645   203  1038 I OMX-VENC: Component_init : OMX.qcom.video.encoder.vp8 : return = 0x0
11-24 21:54:51.645   203  1038 W ACodec  : do not know color format 0x7fa30c04 = 2141391876
11-24 21:54:51.645   203  1038 W ACodec  : do not know color format 0x7f000789 = 2130708361
11-24 21:54:51.649   213   213 I art     : Explicit concurrent mark sweep GC freed 5(160B) AllocSpace objects, 0(0B) LOS objects, 40% free, 16MB/26MB, paused 192us total 8.936ms
11-24 21:54:51.652   203  1038 I OMX-VENC: Component Deinit
11-24 21:54:51.661   213   213 I art     : Explicit concurrent mark sweep GC freed 5(160B) AllocSpace objects, 0(0B) LOS objects, 40% free, 16MB/26MB, paused 195us total 9.160ms
11-24 21:54:51.694   778   778 E QCOM PowerHAL: Failed to acquire lock.
11-24 21:54:51.700   778   778 E QCOM PowerHAL: Failed to acquire lock.
11-24 21:54:51.721   203  1038 I OMX-VDEC-1080P: component_init: OMX.qcom.video.decoder.avc : fd=21
11-24 21:54:51.721   203  1038 I OMX-VDEC-1080P: Capabilities: driver_name = msm_vidc_driver, card = msm_vdec_8974, bus_info = , version = 1, capabilities = 4003000
11-24 21:54:51.726   203  1038 I OMX-VDEC-1080P: omx_vdec::component_init() success : fd=21
11-24 21:54:51.726   203  1038 E OMXNodeInstance: getParameter(13:qcom.decoder.avc, ??(0x7f00003d)) ERROR: UnsupportedSetting(0x80001019)
11-24 21:54:51.726   203  1038 E OMXNodeInstance: getParameter(13:qcom.decoder.avc, ??(0x7f00003d)) ERROR: UnsupportedSetting(0x80001019)
11-24 21:54:51.727   203  1038 I OMX-VDEC-1080P: omx_vdec::component_deinit() complete
11-24 21:54:51.730   203  1038 I OMX-VDEC-1080P: Exit OMX vdec Destructor: fd=21
11-24 21:54:51.737   778   986 W art     : Long monitor contention event with owner method=void com.android.server.am.ActivityManagerService.systemReady(java.lang.Runnable) from ActivityManagerService.java:11537 waiters=1 for 212ms
11-24 21:54:51.792   203  1038 I OMX-VDEC-1080P: component_init: OMX.qcom.video.decoder.avc : fd=21
11-24 21:54:51.792   203  1038 I OMX-VDEC-1080P: Capabilities: driver_name = msm_vidc_driver, card = msm_vdec_8974, bus_info = , version = 1, capabilities = 4003000
11-24 21:54:51.798   203  1038 I OMX-VDEC-1080P: omx_vdec::component_init() success : fd=21
11-24 21:54:51.798   203  1038 E OMXNodeInstance: getParameter(14:qcom.decoder.avc.secure, ??(0x7f00003d)) ERROR: UnsupportedSetting(0x80001019)
11-24 21:54:51.798   203  1038 E OMXNodeInstance: getParameter(14:qcom.decoder.avc.secure, ??(0x7f00003d)) ERROR: UnsupportedSetting(0x80001019)
11-24 21:54:51.799   203  1038 I OMX-VDEC-1080P: omx_vdec::component_deinit() complete
11-24 21:54:51.803   203  1038 I OMX-VDEC-1080P: Exit OMX vdec Destructor: fd=21
11-24 21:54:51.853   778   778 E Minikin : addFont failed to create font /system/fonts/NanumGothic.ttf
11-24 21:54:51.854   778   778 E Minikin : addFont failed to create font /system/fonts/DroidSansFallback.ttf
11-24 21:54:51.874  1172  1172 I NfcService: Starting NFC service
11-24 21:54:51.881   778   778 D WifiScanningService: SCAN_AVAILABLE : 1
11-24 21:54:51.881   778   778 D RttService: SCAN_AVAILABLE : 1
11-24 21:54:51.881   778   914 D WifiScanningService: DefaultState got{ when=0 what=160007 target=com.android.internal.util.StateMachine$SmHandler }
11-24 21:54:51.881   778   915 D RttService: DefaultState got{ when=0 what=160513 target=com.android.internal.util.StateMachine$SmHandler }
11-24 21:54:51.891   203  1038 I OMX-VDEC-1080P: component_init: OMX.qcom.video.decoder.mpeg4 : fd=21
11-24 21:54:51.891   203  1038 I OMX-VDEC-1080P: Capabilities: driver_name = msm_vidc_driver, card = msm_vdec_8974, bus_info = , version = 1, capabilities = 4003000
11-24 21:54:51.892   778   778 I Choreographer: Skipped 71 frames!  The application may be doing too much work on its main thread.
11-24 21:54:51.901   203  1038 I OMX-VDEC-1080P: omx_vdec::component_init() success : fd=21
11-24 21:54:51.901   203  1038 E OMXNodeInstance: getParameter(15:qcom.decoder.mpeg4, ??(0x7f00003d)) ERROR: UnsupportedSetting(0x80001019)
11-24 21:54:51.901   203  1038 E OMXNodeInstance: getParameter(15:qcom.decoder.mpeg4, ??(0x7f00003d)) ERROR: UnsupportedSetting(0x80001019)
11-24 21:54:51.901   203  1038 I OMX-VDEC-1080P: omx_vdec::component_deinit() complete
11-24 21:54:51.904   203  1038 I OMX-VDEC-1080P: Exit OMX vdec Destructor: fd=21
11-24 21:54:51.940  1273  1273 I PrintSpoolerService: No existing print spooler state.
11-24 21:54:51.967   203  1038 I OMX-VDEC-1080P: component_init: OMX.qcom.video.decoder.h263 : fd=21
11-24 21:54:51.967   203  1038 I OMX-VDEC-1080P: Capabilities: driver_name = msm_vidc_driver, card = msm_vdec_8974, bus_info = , version = 1, capabilities = 4003000
11-24 21:54:51.970   203  1038 I OMX-VDEC-1080P: omx_vdec::component_init() success : fd=21
11-24 21:54:51.970   203  1038 E OMXNodeInstance: getParameter(16:qcom.decoder.h263, ??(0x7f00003d)) ERROR: UnsupportedSetting(0x80001019)
11-24 21:54:51.970   203  1038 E OMXNodeInstance: getParameter(16:qcom.decoder.h263, ??(0x7f00003d)) ERROR: UnsupportedSetting(0x80001019)
11-24 21:54:51.970   203  1038 I OMX-VDEC-1080P: omx_vdec::component_deinit() complete
11-24 21:54:51.973   203  1038 I OMX-VDEC-1080P: Exit OMX vdec Destructor: fd=21
11-24 21:54:51.981  1172  1172 D BrcmNfcJni: JNI_OnLoad: enter
11-24 21:54:51.981  1172  1172 I BrcmNfcJni: NFC Service: loading nci JNI
11-24 21:54:51.981  1172  1172 D BrcmNfcJni: register_com_android_nfc_NativeNfcManager: enter
11-24 21:54:51.981  1172  1172 D BrcmNfcJni: PowerSwitch::initialize: level=PS-UNKNOWN (0)
11-24 21:54:51.981  1172  1172 D NfcAdaptation: bool CNfcConfig::readConfig(const char*, bool) Opened base config /etc/libnfc-brcm.conf
11-24 21:54:51.982   778   805 D BluetoothManagerService: Message: 30
11-24 21:54:51.982   778   778 D BluetoothManagerService: Trying to bind to profile: 1, while Bluetooth was disabled
11-24 21:54:52.010  1172  1172 D NfcAdaptation: const CNfcParam* CNfcConfig::find(const char*) const found SCREEN_OFF_POWER_STATE=(0x1)
11-24 21:54:52.010  1172  1172 D BrcmNfcJni: PowerSwitch::initialize: desired screen-off state=1
11-24 21:54:52.010  1172  1172 D BrcmNfcJni: register_com_android_nfc_NativeNfcManager: exit
11-24 21:54:52.011  1172  1172 D BrcmNfcJni: register_com_android_nfc_NativeNfcTag
11-24 21:54:52.011   949   949 W Settings: Setting airplane_mode_on has moved from android.provider.Settings.System to android.provider.Settings.Global, returning read-only value.
11-24 21:54:52.011  1172  1172 D NfcAdaptation: const CNfcParam* CNfcConfig::find(const char*) const found ACTIVE_SE=(0x0)
11-24 21:54:52.011  1172  1172 D BrcmNfcJni: RoutingManager::RoutingManager(): default route is 0x00
11-24 21:54:52.011  1172  1172 D BrcmNfcJni: RoutingManager::RoutingManager(): mOffHostEe=0xF4
11-24 21:54:52.012  1172  1172 D BrcmNfcJni: RoutingManager::registerJniFunctions
11-24 21:54:52.012  1172  1172 D BrcmNfcJni: JNI_OnLoad: exit
11-24 21:54:52.012  1172  1172 D BrcmNfcJni: nfcManager_initNativeStruc: enter
11-24 21:54:52.012  1172  1172 D BrcmNfcJni: nfcManager_initNativeStruc: exit
11-24 21:54:52.020   778   805 D BluetoothManagerService: Message: 20
11-24 21:54:52.020   778   805 D BluetoothManagerService: Added callback: android.bluetooth.IBluetoothManagerCallback$Stub$Proxy@925514d:true
11-24 21:54:52.022  1172  1172 W Settings: Setting device_provisioned has moved from android.provider.Settings.Secure to android.provider.Settings.Global.
11-24 21:54:52.041  1090  1198 I LatinIME:LogUtils: Dictionary info: dictionary = PersonalizationDictionary.en_US ; version = 1479995692 ; date = ?
11-24 21:54:52.042  1090  1198 I LatinIME:LogUtils: Dictionary info: dictionary = PersonalizationDictionary.en_US ; version = 1479995692 ; date = ?
11-24 21:54:52.047   778   805 D BluetoothManagerService: Message: 20
11-24 21:54:52.047   778   805 D BluetoothManagerService: Added callback: android.bluetooth.IBluetoothManagerCallback$Stub$Proxy@2fb81503:true
11-24 21:54:52.048   203  1038 I OMX-VDEC-1080P: component_init: OMX.qcom.video.decoder.vp8 : fd=21
11-24 21:54:52.049   203  1038 I OMX-VDEC-1080P: Capabilities: driver_name = msm_vidc_driver, card = msm_vdec_8974, bus_info = , version = 1, capabilities = 4003000
11-24 21:54:52.049   949   949 D BluetoothAdapter: 188056790: getState() :  mService = null. Returning STATE_OFF
11-24 21:54:52.050   949  1347 D BluetoothAdapter: 188056790: getState() :  mService = null. Returning STATE_OFF
11-24 21:54:52.051   203  1038 I OMX-VDEC-1080P: omx_vdec::component_init() success : fd=21
11-24 21:54:52.051   203  1038 E OMXNodeInstance: getParameter(17:qcom.decoder.vp8, ??(0x7f00003d)) ERROR: UnsupportedSetting(0x80001019)
11-24 21:54:52.051   203  1038 E OMXNodeInstance: getParameter(17:qcom.decoder.vp8, ??(0x7f00003d)) ERROR: UnsupportedSetting(0x80001019)
11-24 21:54:52.052   203  1038 I OMX-VDEC-1080P: omx_vdec::component_deinit() complete
11-24 21:54:52.055   203  1038 I OMX-VDEC-1080P: Exit OMX vdec Destructor: fd=21
11-24 21:54:52.060   778   805 D BluetoothManagerService: Message: 30
11-24 21:54:52.066   778   805 D BluetoothManagerService: Message: 30
11-24 21:54:52.069   949   949 E BluetoothA2dpSink: Could not bind to Bluetooth A2DP Service with Intent { act=android.bluetooth.IBluetoothA2dpSink }
11-24 21:54:52.070   778   805 D BluetoothManagerService: Message: 30
11-24 21:54:52.070   949   949 E BluetoothAvrcpController: Could not bind to Bluetooth AVRCP Controller Service with Intent { act=android.bluetooth.IBluetoothAvrcpController }
11-24 21:54:52.071   778   805 D BluetoothManagerService: Message: 30
11-24 21:54:52.072   778   986 D BluetoothManagerService: Trying to bind to profile: 1, while Bluetooth was disabled
11-24 21:54:52.073   778   805 D BluetoothManagerService: Message: 30
11-24 21:54:52.073   949   949 E BluetoothHeadsetClient: Could not bind to Bluetooth Headset Client Service with Intent { act=android.bluetooth.IBluetoothHeadsetClient }
11-24 21:54:52.075   778   805 D BluetoothManagerService: Message: 30
11-24 21:54:52.075   203  1038 W OMXNodeInstance: [18:google.mpeg4.decoder] component does not support metadata mode; using fallback
11-24 21:54:52.076   949   949 D BluetoothMap: Create BluetoothMap proxy object
11-24 21:54:52.076   778   805 D BluetoothManagerService: Message: 30
11-24 21:54:52.078   203  1038 W OMXNodeInstance: [19:google.mpeg4.decoder] component does not support metadata mode; using fallback
11-24 21:54:52.079   203  1038 W MediaCodecList: ignoring Limit specified outside of a Type
11-24 21:54:52.079   203  1038 W MediaCodecList: ignoring Limit specified outside of a Type
11-24 21:54:52.079   203  1038 W MediaCodecList: ignoring Limit specified outside of a Type
11-24 21:54:52.079   203  1038 W MediaCodecList: ignoring Limit specified outside of a Type
11-24 21:54:52.079   203  1038 W MediaCodecList: ignoring Limit specified outside of a Type
11-24 21:54:52.079   203  1038 W MediaCodecList: ignoring Feature specified outside of a Type
11-24 21:54:52.080   203  1038 W OMXNodeInstance: [1a:google.h263.decoder] component does not support metadata mode; using fallback
11-24 21:54:52.080   778   805 D BluetoothManagerService: Message: 30
11-24 21:54:52.089  1250  1250 D Launcher.LauncherProvider: 11683562 - initializeMaxScreenId(): 2
11-24 21:54:52.089   778   778 D GpsNetInitiatedHandler: location enabled :false
11-24 21:54:52.091  1250  1250 V Launcher: LauncherAppState inited
11-24 21:54:52.094  1172  1172 W NfceeAccess: could not find /etc/nfcee_access.xml, no NFCEE access allowed
11-24 21:54:52.094  1172  1172 I NfceeAccess: read 0 signature(s) for NFCEE access
11-24 21:54:52.095   203  1038 W OMXNodeInstance: [1b:google.h264.decoder] component does not support metadata mode; using fallback
11-24 21:54:52.099  1172  1172 W Settings: Setting airplane_mode_radios has moved from android.provider.Settings.System to android.provider.Settings.Global, returning read-only value.
11-24 21:54:52.099  1172  1172 W Settings: Setting airplane_mode_toggleable_radios has moved from android.provider.Settings.System to android.provider.Settings.Global, returning read-only value.
11-24 21:54:52.126   203  1038 D SoftHEVC: Number of CPU cores: 4
11-24 21:54:52.126   203  1038 D SoftHEVC: Initializing decoder
11-24 21:54:52.126   203  1038 D SoftHEVC: Set number of cores to 4
11-24 21:54:52.126   203  1038 D SoftHEVC: Ittiam decoder version number: @(#)Id:HEVCDEC_production Ver:04.01 Released by ITTIAM Build: Sep  1 2015 @ 01:00:51
11-24 21:54:52.127   203  1038 W OMXNodeInstance: [1c:google.hevc.decoder] component does not support metadata mode; using fallback
11-24 21:54:52.127   203  1038 D SoftHEVC: Freeing codec memory
11-24 21:54:52.127  1090  1351 I LatinIME:LogUtils: Dictionary info: dictionary = ? ; version = 26 ; date = 1351062238
11-24 21:54:52.127   203  1038 D SoftHEVC: Number of CPU cores: 4
11-24 21:54:52.127   203  1038 D SoftHEVC: Initializing decoder
11-24 21:54:52.127   203  1038 D SoftHEVC: Set number of cores to 4
11-24 21:54:52.127   203  1038 D SoftHEVC: Ittiam decoder version number: @(#)Id:HEVCDEC_production Ver:04.01 Released by ITTIAM Build: Sep  1 2015 @ 01:00:51
11-24 21:54:52.127   203  1038 D SoftHEVC: In SoftHEVC::~SoftHEVC
11-24 21:54:52.127   203  1038 D SoftHEVC: Freeing codec memory
11-24 21:54:52.134   203  1038 W OMXNodeInstance: [1d:google.vp8.decoder] component does not support metadata mode; using fallback
11-24 21:54:52.135  1250  1250 D Launcher.Model: Old launcher provider: content://com.android.launcher2.settings/favorites?notify=true
11-24 21:54:52.135  1250  1250 D Launcher.Model: Old launcher provider does not exist.
11-24 21:54:52.139   203  1038 W OMXNodeInstance: [1e:google.vp9.decoder] component does not support metadata mode; using fallback
11-24 21:54:52.143   203  1038 I SoftMPEG4Encoder: Construct SoftMPEG4Encoder
11-24 21:54:52.143   203  1038 W ACodec  : do not know color format 0x7f000789 = 2130708361
11-24 21:54:52.148   203  1038 I SoftAVCEncoder: Construct SoftAVCEncoder
11-24 21:54:52.148   203  1038 W ACodec  : do not know color format 0x7f000789 = 2130708361
11-24 21:54:52.153   203  1038 I SoftMPEG4Encoder: Construct SoftMPEG4Encoder
11-24 21:54:52.153   203  1038 W ACodec  : do not know color format 0x7f000789 = 2130708361
11-24 21:54:52.160   203  1038 W ACodec  : do not know color format 0x7f000789 = 2130708361
11-24 21:54:52.170  1172  1172 D RegisteredServicesCache: Dynamic AIDs file does not exist.
11-24 21:54:52.171   203  1038 D SoftFFmpegAudio: SoftFFmpegAudio component: OMX.ffmpeg.aac.decoder mCodingType: 21 mHighResAudioEnabled: 1
11-24 21:54:52.173   203  1038 D SoftFFmpegAudio: SoftFFmpegAudio component: OMX.ffmpeg.ac3.decoder mCodingType: 2130706434 mHighResAudioEnabled: 1
11-24 21:54:52.175   203  1038 D SoftFFmpegAudio: SoftFFmpegAudio component: OMX.ffmpeg.ape.decoder mCodingType: 2130706435 mHighResAudioEnabled: 1
11-24 21:54:52.177   203  1038 D SoftFFmpegAudio: SoftFFmpegAudio component: OMX.ffmpeg.atrial.decoder mCodingType: 1 mHighResAudioEnabled: 1
11-24 21:54:52.178   203  1038 D SoftFFmpegAudio: SoftFFmpegAudio component: OMX.ffmpeg.dts.decoder mCodingType: 2130706436 mHighResAudioEnabled: 1
11-24 21:54:52.179  1172  1419 D NfcService: checking on firmware download
11-24 21:54:52.179  1172  1419 W Settings: Setting airplane_mode_on has moved from android.provider.Settings.System to android.provider.Settings.Global, returning read-only value.
11-24 21:54:52.180  1172  1419 D NfcService: NFC is on. Doing normal stuff
11-24 21:54:52.180   203  1038 D SoftFFmpegAudio: SoftFFmpegAudio component: OMX.ffmpeg.flac.decoder mCodingType: 28 mHighResAudioEnabled: 1
11-24 21:54:52.180  1172  1419 I NfcService: Enabling NFC
11-24 21:54:52.182   203  1038 D SoftFFmpegAudio: SoftFFmpegAudio component: OMX.ffmpeg.mp2.decoder mCodingType: 2130706433 mHighResAudioEnabled: 1
11-24 21:54:52.188   203  1038 D SoftFFmpegAudio: SoftFFmpegAudio component: OMX.ffmpeg.ra.decoder mCodingType: 26 mHighResAudioEnabled: 1
11-24 21:54:52.188   778   805 D BluetoothManagerService: Message: 20
11-24 21:54:52.188   778   805 D BluetoothManagerService: Added callback: android.bluetooth.IBluetoothManagerCallback$Stub$Proxy@1db95494:true
11-24 21:54:52.188  1172  1419 D BrcmNfcJni: nfcManager_doInitialize: enter; ver=NFCDROID-AOSP_L_00.01 nfa=NFA_PI_1.03.66+ NCI_VERSION=0x10
11-24 21:54:52.188  1172  1419 D BrcmNfcJni: PowerSwitch::initialize: level=PS-FULL (1)
