11-24 21:54:52.188  1172  1419 D NfcAdaptation: const CNfcParam* CNfcConfig::find(const char*) const found SCREEN_OFF_POWER_STATE=(0x1)
11-24 21:54:52.188  1172  1419 D BrcmNfcJni: PowerSwitch::initialize: desired screen-off state=1
11-24 21:54:52.188  1172  1419 D NfcAdaptation: NfcAdaptation::Initialize: enter
11-24 21:54:52.188  1172  1419 E NfcAdaptation: NfcAdaptation::Initialize: ver=NFCDROID-AOSP_L_00.01 nfa=NFA_PI_1.03.66+
11-24 21:54:52.188  1172  1419 D NfcAdaptation: const CNfcParam* CNfcConfig::find(const char*) const found NFA_STORAGE=/data/nfc
11-24 21:54:52.188  1172  1419 D NfcAdaptation: const CNfcParam* CNfcConfig::find(const char*) const found PROTOCOL_TRACE_LEVEL=(0x0)
11-24 21:54:52.188  1172  1419 D NfcAdaptation: const CNfcParam* CNfcConfig::find(const char*) const found NFA_MAX_EE_SUPPORTED=(0x0)
11-24 21:54:52.188  1172  1419 D NfcAdaptation: NfcAdaptation::Initialize: Overriding NFA_EE_MAX_EE_SUPPORTED to use 0
11-24 21:54:52.188  1172  1419 D NfcAdaptation: const CNfcParam* CNfcConfig::find(const char*) const found APPL_TRACE_LEVEL=(0x1)
11-24 21:54:52.190  1172  1452 I BrcmNfcNfa: NFC_TASK started.
11-24 21:54:52.190  1172  1419 E NfcAdaptation: No HAL module specified in config, falling back to BCM2079x
11-24 21:54:52.190   778   805 D BluetoothManagerService: Message: 300
11-24 21:54:52.190   778   805 D BluetoothManagerService: MESSAGE_USER_SWITCHED
11-24 21:54:52.191  1250  1250 W Launcher: setApplicationContext called twice! old=com.android.launcher3.LauncherApplication@35150b13 new=com.android.launcher3.LauncherApplication@35150b13
11-24 21:54:52.191   203   895 D audio_hw_primary: adev_set_mic_mute: state 0
11-24 21:54:52.193  1172  1419 D NfcNciHal: nfc_open: enter; name=nci
11-24 21:54:52.193  1172  1419 D NfcNciHal: HaiInitializeLibrary: enter
11-24 21:54:52.193  1172  1419 E NfcNciHal: HaiInitializeLibrary: ver=NFCDROID-AOSP_L_00.01 nfa=NFA_PI_1.03.66+
11-24 21:54:52.193  1172  1419 D NfcNciHal: bool CNfcConfig::readConfig(const char*, bool) Opened base config /etc/libnfc-brcm.conf
11-24 21:54:52.197   203  1038 D SoftFFmpegAudio: SoftFFmpegAudio component: OMX.ffmpeg.wma.decoder mCodingType: 25 mHighResAudioEnabled: 1
11-24 21:54:52.201  1172  1419 D NfcNciHal: const CNfcParam* CNfcConfig::find(const char*) const found APPL_TRACE_LEVEL=(0x1)
11-24 21:54:52.202  1172  1419 I USERIAL_LINUX: USERIAL_Init
11-24 21:54:52.202  1172  1419 I NfcNciHal: HAL_NfcInitialize (): NFC_HAL_TASK id=0
11-24 21:54:52.202  1172  1419 I BrcmNfcNfa: nfa_dm_init ()
11-24 21:54:52.202  1172  1419 I BrcmNfcNfa: nfa_sys_register () id=1, enable_cplt_mask=0x0
11-24 21:54:52.202  1172  1419 I BrcmNfcNfa: nfa_sys_register () id=3, enable_cplt_mask=0x8
11-24 21:54:52.202  1172  1419 I BrcmNfcNfa: nfa_rw_init ()
11-24 21:54:52.202  1172  1419 I BrcmNfcNfa: nfa_sys_register () id=6, enable_cplt_mask=0x48
11-24 21:54:52.202  1172  1419 I BrcmNfcNfa: nfa_ce_init ()
11-24 21:54:52.202  1172  1419 I BrcmNfcNfa: nfa_sys_register () id=7, enable_cplt_mask=0xc8
11-24 21:54:52.202  1172  1419 I BrcmNfcNfa: nfa_ee_init ()
11-24 21:54:52.202  1172  1419 I BrcmNfcNfa: nfa_sys_register () id=2, enable_cplt_mask=0xcc
11-24 21:54:52.202  1172  1419 I BrcmNfcNfa: LLCP - llcp_init ()
11-24 21:54:52.202  1172  1419 I BrcmNfcNfa: num_rx_buff = 9, rx_congest_start = 6, rx_congest_end = 4, max_num_ll_rx_buff = 2
11-24 21:54:52.202  1172  1419 I BrcmNfcNfa: max_num_tx_buff = 21, max_num_ll_tx_buff = 6
11-24 21:54:52.202  1172  1419 I BrcmNfcNfa: LLCP_RegisterServer (): SAP:0x1, link_type:0x2, ServiceName:<urn:nfc:sn:sdp>
11-24 21:54:52.202  1172  1419 I BrcmNfcNfa: LLCP_RegisterServer (): Registered SAP = 0x01
11-24 21:54:52.202  1172  1419 I BrcmNfcNfa: NFA_Enable ()
11-24 21:54:52.202  1172  1419 I BrcmNfcNfa: NFA got event 0x0100
11-24 21:54:52.202  1172  1452 I BrcmNfcNfa: NFA got event 0x0100
11-24 21:54:52.204   203  1038 D SoftFFmpegVideo: SoftFFmpegVideo component: OMX.ffmpeg.divx.decoder codingType=2130706435 appData: 0xb4847b80
11-24 21:54:52.204   203  1038 W OMXNodeInstance: [2c:ffmpeg.divx.decoder] component does not support metadata mode; using fallback
11-24 21:54:52.205  1172  1458 I USERIAL_LINUX: USERIAL_Open(): enter
11-24 21:54:52.205  1172  1458 I USERIAL_LINUX: USERIAL_Open() device: /dev/bcm2079x port=5, uart_port=0 WAKE_DELAY(20) WRITE_DELAY(20) POWER_ON_DELAY(0) PRE_POWER_OFF_DELAY(10) POST_POWER_OFF_DELAY(0)
11-24 21:54:52.207  1119  1119 D BluetoothAdapter: 890571539: getState() :  mService = null. Returning STATE_OFF
11-24 21:54:52.209   203  1038 D SoftFFmpegVideo: SoftFFmpegVideo component: OMX.ffmpeg.flv1.decoder codingType=2130706434 appData: 0xb4847b80
11-24 21:54:52.209   203  1038 W OMXNodeInstance: [2d:ffmpeg.flv1.decoder] component does not support metadata mode; using fallback
11-24 21:54:52.211   203  1038 D SoftFFmpegVideo: SoftFFmpegVideo component: OMX.ffmpeg.mpeg2.decoder codingType=2 appData: 0xb4847b80
11-24 21:54:52.211   203  1038 W OMXNodeInstance: [2e:ffmpeg.mpeg2.decoder] component does not support metadata mode; using fallback
11-24 21:54:52.214   203  1038 D SoftFFmpegVideo: SoftFFmpegVideo component: OMX.ffmpeg.mpeg4.decoder codingType=4 appData: 0xb4847b80
11-24 21:54:52.214   203  1038 W OMXNodeInstance: [2f:ffmpeg.mpeg4.decoder] component does not support metadata mode; using fallback
11-24 21:54:52.215  1172  1458 I USERIAL_LINUX: USERIAL_Open(): exit
11-24 21:54:52.217   203  1038 D SoftFFmpegVideo: SoftFFmpegVideo component: OMX.ffmpeg.rv.decoder codingType=6 appData: 0xb4847b80
11-24 21:54:52.217   203  1038 W OMXNodeInstance: [30:ffmpeg.rv.decoder] component does not support metadata mode; using fallback
11-24 21:54:52.220   203  1038 D SoftFFmpegVideo: SoftFFmpegVideo component: OMX.ffmpeg.vc1.decoder codingType=2130706433 appData: 0xb4847b80
11-24 21:54:52.220   203  1038 W OMXNodeInstance: [31:ffmpeg.vc1.decoder] component does not support metadata mode; using fallback
11-24 21:54:52.225   203  1038 D SoftFFmpegVideo: SoftFFmpegVideo component: OMX.ffmpeg.vtrial.decoder codingType=1 appData: 0xb4847b80
11-24 21:54:52.225   203  1038 W OMXNodeInstance: [32:ffmpeg.vtrial.decoder] component does not support metadata mode; using fallback
11-24 21:54:52.228   203  1038 D SoftFFmpegVideo: SoftFFmpegVideo component: OMX.ffmpeg.wmv.decoder codingType=5 appData: 0xb4847b80
11-24 21:54:52.228   203  1038 W OMXNodeInstance: [33:ffmpeg.wmv.decoder] component does not support metadata mode; using fallback
11-24 21:54:52.233   778   805 D BluetoothManagerService: Message: 30
11-24 21:54:52.237  1229  1229 D TelephonyProvider: dbh.onOpen: ok, queried table=siminfo
11-24 21:54:52.237  1229  1229 D TelephonyProvider: dbh.onOpen: ok, queried table=carriers
11-24 21:54:52.238   778   805 D BluetoothManagerService: Message: 30
11-24 21:54:52.241   778   793 I art     : Background partial concurrent mark sweep GC freed 51037(4MB) AllocSpace objects, 17(370KB) LOS objects, 33% free, 23MB/35MB, paused 2.912ms total 115.211ms
11-24 21:54:52.244  1119  1119 D LocalBluetoothProfileManager: Adding local MAP profile
11-24 21:54:52.245  1119  1119 D BluetoothMap: Create BluetoothMap proxy object
11-24 21:54:52.245   778   805 D BluetoothManagerService: Message: 30
11-24 21:54:52.249   203   203 D NuPlayerDriver: reset(0xb5969520)
11-24 21:54:52.253   203  1083 D NuPlayerDriver: notifyResetComplete(0xb5969520)
11-24 21:54:52.259   203   894 D NuPlayerDriver: reset(0xb4831340)
11-24 21:54:52.268   778   805 D BluetoothManagerService: Message: 30
11-24 21:54:52.271  1408  1408 D WeatherUpdateService: Service started, but shouldn't update ... stopping
11-24 21:54:52.272   203  1014 D NuPlayerDriver: notifyResetComplete(0xb4831340)
11-24 21:54:52.274   949   949 I CameraManagerGlobal: getCameraService: Reconnecting to camera service
11-24 21:54:52.275   203  1485 I FFmpegExtractor: android-source:0xb4834ce0
11-24 21:54:52.279   203  1485 I FFMPEG  : Input #0, ogg, from 'android-source:0xb4834ce0':
11-24 21:54:52.279   203  1485 I FFMPEG  :   Duration: 00:00:00.11, start: 0.000000, bitrate: 431 kb/s
11-24 21:54:52.279   203  1485 I FFMPEG  :     Stream #0:0: Audio: vorbis, 48000 Hz, mono, fltp, 140 kb/s
11-24 21:54:52.279   203  1485 D FFmpegExtractor: FFmpegExtrator, url: android-source:0xb4834ce0, format_name: ogg, format_long_name: Ogg
11-24 21:54:52.279   203  1485 I FFmpegExtractor: adjust mime(application/ogg -> audio/vorbis)
11-24 21:54:52.279   203  1485 D FFmpegExtractor: suppoted codec(vorbis) by official Stagefright
11-24 21:54:52.279   203  1485 D FFmpegExtractor: ffmpeg detected media content as 'audio/vorbis' with confidence 0.08
11-24 21:54:52.287   203  1491 I FFmpegExtractor: android-source:0xb5bff380
11-24 21:54:52.289  1119  1119 D LocalBluetoothProfileManager: LocalBluetoothProfileManager construction complete
11-24 21:54:52.289  1119  1119 D BluetoothAdapter: 890571539: getState() :  mService = null. Returning STATE_OFF
11-24 21:54:52.289  1119  1119 D BluetoothAdapter: 890571539: getState() :  mService = null. Returning STATE_OFF
11-24 21:54:52.289   203  1491 I FFMPEG  : Input #0, ogg, from 'android-source:0xb5bff380':
11-24 21:54:52.289   203  1491 I FFMPEG  :   Duration: 00:00:00.19, start: 0.000000, bitrate: 332 kb/s
11-24 21:54:52.289   203  1491 I FFMPEG  :     Stream #0:0: Audio: vorbis, 44100 Hz, stereo, fltp, 160 kb/s
11-24 21:54:52.289   203  1491 D FFmpegExtractor: FFmpegExtrator, url: android-source:0xb5bff380, format_name: ogg, format_long_name: Ogg
11-24 21:54:52.289   203  1491 I FFmpegExtractor: adjust mime(application/ogg -> audio/vorbis)
11-24 21:54:52.290   203  1491 D FFmpegExtractor: suppoted codec(vorbis) by official Stagefright
11-24 21:54:52.290   203  1491 D FFmpegExtractor: ffmpeg detected media content as 'audio/vorbis' with confidence 0.08
11-24 21:54:52.290   778  1220 W Searchables: No global search activity found
11-24 21:54:52.292   778   778 D BluetoothManagerService: Trying to bind to profile: 1, while Bluetooth was disabled
11-24 21:54:52.293   778   805 D BluetoothManagerService: Message: 30
11-24 21:54:52.302   203   893 D NuPlayerDriver: start(0xb59697c0)
11-24 21:54:52.302   203  1484 I GenericSource: start
11-24 21:54:52.303   203  1484 W Utils   : bool android::canOffloadStream(const android::sp<android::MetaData>&, bool, const android::sp<android::MetaData>&, bool, audio_stream_type_t) No sample bit depth info in meta data
11-24 21:54:52.303   203  1484 E AudioPolicyManager: isOffloadSupported: stream_type != MUSIC, returning false
11-24 21:54:52.303   203  1484 I NuPlayer: Could not offload audio decode, pcm offload decided :0
11-24 21:54:52.303   203  1484 W Utils   : bool android::canOffloadStream(const android::sp<android::MetaData>&, bool, const android::sp<android::MetaData>&, bool, audio_stream_type_t) No sample bit depth info in meta data
11-24 21:54:52.303   203  1484 E AudioPolicyManager: isOffloadSupported: stream_type != MUSIC, returning false
11-24 21:54:52.312   203   895 D NuPlayerDriver: start(0xb5969940)
11-24 21:54:52.314   203  1490 I GenericSource: start
11-24 21:54:52.315   203  1490 W Utils   : bool android::canOffloadStream(const android::sp<android::MetaData>&, bool, const android::sp<android::MetaData>&, bool, audio_stream_type_t) No sample bit depth info in meta data
11-24 21:54:52.315   203  1490 E AudioPolicyManager: isOffloadSupported: stream_type != MUSIC, returning false
11-24 21:54:52.315   203  1490 I NuPlayer: Could not offload audio decode, pcm offload decided :0
11-24 21:54:52.315   203  1490 W Utils   : bool android::canOffloadStream(const android::sp<android::MetaData>&, bool, const android::sp<android::MetaData>&, bool, audio_stream_type_t) No sample bit depth info in meta data
11-24 21:54:52.315   203  1490 E AudioPolicyManager: isOffloadSupported: stream_type != MUSIC, returning false
11-24 21:54:52.316   203   893 D NuPlayerDriver: reset(0xb59697c0)
11-24 21:54:52.319   203  1484 D NuPlayerDriver: notifyResetComplete(0xb59697c0)
11-24 21:54:52.335   203  1504 I FFmpegExtractor: android-source:0xb4834ce0
11-24 21:54:52.340   318   318 I 360s    : type=1400 audit(0.0:167): avc: denied { create } for scontext=u:r:init:s0 tcontext=u:r:adbd:s0 tclass=tcp_socket permissive=1
11-24 21:54:52.340   318   318 I 360s    : type=1400 audit(0.0:168): avc: denied { setopt } for scontext=u:r:init:s0 tcontext=u:r:adbd:s0 tclass=tcp_socket permissive=1
11-24 21:54:52.340   318   318 I 360s    : type=1400 audit(0.0:169): avc: denied { connect } for scontext=u:r:init:s0 tcontext=u:r:adbd:s0 tclass=tcp_socket permissive=1
11-24 21:54:52.340   203  1504 I FFMPEG  : Input #0, ogg, from 'android-source:0xb4834ce0':
11-24 21:54:52.340   203  1504 I FFMPEG  :   Duration: 00:00:00.11, start: 0.000000, bitrate: 440 kb/s
11-24 21:54:52.340   203  1504 I FFMPEG  :     Stream #0:0: Audio: vorbis, 48000 Hz, mono, fltp, 140 kb/s
11-24 21:54:52.340   203  1504 D FFmpegExtractor: FFmpegExtrator, url: android-source:0xb4834ce0, format_name: ogg, format_long_name: Ogg
11-24 21:54:52.340   203  1504 I FFmpegExtractor: adjust mime(application/ogg -> audio/vorbis)
11-24 21:54:52.340   203  1504 D FFmpegExtractor: suppoted codec(vorbis) by official Stagefright
11-24 21:54:52.340   203  1504 D FFmpegExtractor: ffmpeg detected media content as 'audio/vorbis' with confidence 0.08
11-24 21:54:52.342   778   778 I FusedLocation: engine started (com.android.location.fused)
11-24 21:54:52.360   203   895 D NuPlayerDriver: reset(0xb5969940)
11-24 21:54:52.363   203  1490 D NuPlayerDriver: notifyResetComplete(0xb5969940)
11-24 21:54:52.374   949   949 W CustomTileListenerService[]: CustomTile listener service not yet bound.
11-24 21:54:52.376   949  1487 D BluetoothAdapter: 188056790: getState() :  mService = null. Returning STATE_OFF
11-24 21:54:52.376   949  1487 D BluetoothAdapter: 188056790: getState() :  mService = null. Returning STATE_OFF
11-24 21:54:52.376   949  1487 D BluetoothAdapter: 188056790: getState() :  mService = null. Returning STATE_OFF
11-24 21:54:52.376   949  1487 D BluetoothAdapter: 188056790: getState() :  mService = null. Returning STATE_OFF
11-24 21:54:52.381   203   894 D NuPlayerDriver: start(0xb4831340)
11-24 21:54:52.381   203  1503 I GenericSource: start
11-24 21:54:52.381   203  1503 W Utils   : bool android::canOffloadStream(const android::sp<android::MetaData>&, bool, const android::sp<android::MetaData>&, bool, audio_stream_type_t) No sample bit depth info in meta data
11-24 21:54:52.381   203  1503 E AudioPolicyManager: isOffloadSupported: stream_type != MUSIC, returning false
11-24 21:54:52.381   203  1503 I NuPlayer: Could not offload audio decode, pcm offload decided :0
11-24 21:54:52.382   203  1503 W Utils   : bool android::canOffloadStream(const android::sp<android::MetaData>&, bool, const android::sp<android::MetaData>&, bool, audio_stream_type_t) No sample bit depth info in meta data
11-24 21:54:52.382   203  1503 E AudioPolicyManager: isOffloadSupported: stream_type != MUSIC, returning false
11-24 21:54:52.398   203   894 D NuPlayerDriver: reset(0xb4831340)
11-24 21:54:52.403   190   322 D PermissionCache: checking android.permission.ACCESS_SURFACE_FLINGER for uid=10016 => granted (475 us)
11-24 21:54:52.403   203  1503 D NuPlayerDriver: notifyResetComplete(0xb4831340)
11-24 21:54:52.413   203  1533 I FFmpegExtractor: android-source:0xb5bff380
11-24 21:54:52.414   778   798 D GpsLocationProvider: received SIM realted action: 
11-24 21:54:52.416   203  1533 I FFMPEG  : Input #0, ogg, from 'android-source:0xb5bff380':
11-24 21:54:52.416   203  1552 I FFmpegExtractor: android-source:0xb4834ce0
11-24 21:54:52.416   203  1533 I FFMPEG  :   Duration: 00:00:00.08, start: 0.000000, bitrate: 571 kb/s
11-24 21:54:52.416   203  1533 I FFMPEG  :     Stream #0:0: Audio: vorbis, 48000 Hz, stereo, fltp, 160 kb/s
11-24 21:54:52.416   203  1533 D FFmpegExtractor: FFmpegExtrator, url: android-source:0xb5bff380, format_name: ogg, format_long_name: Ogg
11-24 21:54:52.416   203  1533 I FFmpegExtractor: adjust mime(application/ogg -> audio/vorbis)
11-24 21:54:52.416   203  1533 D FFmpegExtractor: suppoted codec(vorbis) by official Stagefright
11-24 21:54:52.416   203  1533 D FFmpegExtractor: ffmpeg detected media content as 'audio/vorbis' with confidence 0.08
11-24 21:54:52.419   203  1552 I FFMPEG  : Input #0, ogg, from 'android-source:0xb4834ce0':
11-24 21:54:52.419   203  1552 I FFMPEG  :   Duration: 00:00:00.11, start: 0.000000, bitrate: 431 kb/s
11-24 21:54:52.419   203  1552 I FFMPEG  :     Stream #0:0: Audio: vorbis, 48000 Hz, mono, fltp, 140 kb/s
11-24 21:54:52.419   203  1552 D FFmpegExtractor: FFmpegExtrator, url: android-source:0xb4834ce0, format_name: ogg, format_long_name: Ogg
11-24 21:54:52.419   203  1552 I FFmpegExtractor: adjust mime(application/ogg -> audio/vorbis)
11-24 21:54:52.419   203  1552 D FFmpegExtractor: suppoted codec(vorbis) by official Stagefright
11-24 21:54:52.419   203  1552 D FFmpegExtractor: ffmpeg detected media content as 'audio/vorbis' with confidence 0.08
11-24 21:54:52.431  1229  1563 E DcSwitchStateMachine-0: DctController is not ready
11-24 21:54:52.431   949  1564 D OpenGLRenderer: Use EGL_SWAP_BEHAVIOR_PRESERVED: true
11-24 21:54:52.436   949   949 D Atlas   : Validating map...
11-24 21:54:52.438   203   203 D NuPlayerDriver: start(0xb5969520)
11-24 21:54:52.438   203  1532 I GenericSource: start
11-24 21:54:52.439   203  1532 W Utils   : bool android::canOffloadStream(const android::sp<android::MetaData>&, bool, const android::sp<android::MetaData>&, bool, audio_stream_type_t) No sample bit depth info in meta data
11-24 21:54:52.439   203  1532 E AudioPolicyManager: isOffloadSupported: stream_type != MUSIC, returning false
11-24 21:54:52.439   203  1532 I NuPlayer: Could not offload audio decode, pcm offload decided :0
11-24 21:54:52.440   203  1532 W Utils   : bool android::canOffloadStream(const android::sp<android::MetaData>&, bool, const android::sp<android::MetaData>&, bool, audio_stream_type_t) No sample bit depth info in meta data
11-24 21:54:52.440   203  1532 E AudioPolicyManager: isOffloadSupported: stream_type != MUSIC, returning false
11-24 21:54:52.444  1250  1250 E AppsCustomizePagedView: Create Res Apk Failed
11-24 21:54:52.444   949   949 D PhoneStatusBar: disable: < expand icons alerts system_info back home recent clock search >
11-24 21:54:52.449   778   798 D GpsLocationProvider: SIM MCC/MNC is still not available
11-24 21:54:52.453   203   893 D NuPlayerDriver: start(0xb59697c0)
11-24 21:54:52.453   203  1551 I GenericSource: start
11-24 21:54:52.456   203  1551 W Utils   : bool android::canOffloadStream(const android::sp<android::MetaData>&, bool, const android::sp<android::MetaData>&, bool, audio_stream_type_t) No sample bit depth info in meta data
11-24 21:54:52.456   203  1551 E AudioPolicyManager: isOffloadSupported: stream_type != MUSIC, returning false
11-24 21:54:52.456   203  1551 I NuPlayer: Could not offload audio decode, pcm offload decided :0
11-24 21:54:52.456   203  1551 W Utils   : bool android::canOffloadStream(const android::sp<android::MetaData>&, bool, const android::sp<android::MetaData>&, bool, audio_stream_type_t) No sample bit depth info in meta data
11-24 21:54:52.456   203  1551 E AudioPolicyManager: isOffloadSupported: stream_type != MUSIC, returning false
11-24 21:54:52.458   203   203 D NuPlayerDriver: reset(0xb5969520)
11-24 21:54:52.461   203  1532 D NuPlayerDriver: notifyResetComplete(0xb5969520)
11-24 21:54:52.479   203   893 D NuPlayerDriver: reset(0xb59697c0)
11-24 21:54:52.481   203  1551 D NuPlayerDriver: notifyResetComplete(0xb59697c0)
11-24 21:54:52.487  1229  1229 D PhoneApp: startImsService
11-24 21:54:52.491   203  1578 I FFmpegExtractor: android-source:0xb5bff380
11-24 21:54:52.494   203  1578 I FFMPEG  : Input #0, ogg, from 'android-source:0xb5bff380':
11-24 21:54:52.494   203  1578 I FFMPEG  :   Duration: 00:00:00.11, start: 0.000000, bitrate: 462 kb/s
11-24 21:54:52.494   203  1578 I FFMPEG  :     Stream #0:0: Audio: vorbis, 48000 Hz, mono, fltp, 140 kb/s
11-24 21:54:52.494   203  1578 D FFmpegExtractor: FFmpegExtrator, url: android-source:0xb5bff380, format_name: ogg, format_long_name: Ogg
11-24 21:54:52.494   203  1578 I FFmpegExtractor: adjust mime(application/ogg -> audio/vorbis)
11-24 21:54:52.494   203  1578 D FFmpegExtractor: suppoted codec(vorbis) by official Stagefright
11-24 21:54:52.494   203  1578 D FFmpegExtractor: ffmpeg detected media content as 'audio/vorbis' with confidence 0.08
11-24 21:54:52.504   778   805 D BluetoothManagerService: Message: 20
11-24 21:54:52.505   778   805 D BluetoothManagerService: Added callback: android.bluetooth.IBluetoothManagerCallback$Stub$Proxy@534d614:true
11-24 21:54:52.506   949   949 D BluetoothAdapter: 188056790: getState() :  mService = null. Returning STATE_OFF
11-24 21:54:52.506   949   949 D BluetoothAdapter: 188056790: getState() :  mService = null. Returning STATE_OFF
11-24 21:54:52.507   778   805 D BluetoothManagerService: Message: 30
11-24 21:54:52.508   778  1212 D BluetoothManagerService: Trying to bind to profile: 1, while Bluetooth was disabled
11-24 21:54:52.512   203   895 D NuPlayerDriver: start(0xb5969940)
11-24 21:54:52.512   203  1577 I GenericSource: start
11-24 21:54:52.513   203  1577 W Utils   : bool android::canOffloadStream(const android::sp<android::MetaData>&, bool, const android::sp<android::MetaData>&, bool, audio_stream_type_t) No sample bit depth info in meta data
11-24 21:54:52.513   203  1577 E AudioPolicyManager: isOffloadSupported: stream_type != MUSIC, returning false
11-24 21:54:52.513   203  1577 I NuPlayer: Could not offload audio decode, pcm offload decided :0
11-24 21:54:52.513   203  1577 W Utils   : bool android::canOffloadStream(const android::sp<android::MetaData>&, bool, const android::sp<android::MetaData>&, bool, audio_stream_type_t) No sample bit depth info in meta data
11-24 21:54:52.513   203  1577 E AudioPolicyManager: isOffloadSupported: stream_type != MUSIC, returning false
11-24 21:54:52.514  1250  1250 D LocaleSetManager: Locale Changed from: null to en-US
11-24 21:54:52.518   949   949 D PhoneStatusBar: heads up is enabled
11-24 21:54:52.518  1250  1250 I LauncherLocale: AddressBook Labels [en-US]: [, A, B, C, D, E, F, G, H, I, J, K, L, M, N, O, P, Q, R, S, T, U, V, W, X, Y, Z, , , , , , , , , , , , , , , , , , , , , , , , , , , , , , , , , , , , , , , , , , , , , , , , , , , , , , , , , , , , , , , , , , , , , , , , , , , , , , , , , , , , , , , , , , , , , , , , , , , , , , , , , , , , , , , , , , , , , , , , , , , , , , , , , , , , , , , , , , , , , , , , , , , , , , , , , , , , , , , , , , , , , , , , , , , , , , , , , , , , , , , , , , , , #, ]
11-24 21:54:52.525   778  1220 W ContentService: Observer android.database.IContentObserver$Stub$Proxy@22c023f3 is already registered.
11-24 21:54:52.525   778  1212 W ContentService: Observer android.database.IContentObserver$Stub$Proxy@17b588b0 is already registered.
11-24 21:54:52.525  1229  1229 I Telephony: TtyManager: updateUiTtyMode -1 -> 0
11-24 21:54:52.527  1250  1388 D Launcher.Model: 11683562 - loadWorkspace()
11-24 21:54:52.528  1250  1388 D Launcher.Model: 11683562 -   loadedOldDb: false
11-24 21:54:52.530  1296  1339 I ContactLocale: AddressBook Labels [en-US;zh-CN]: [, A, B, C, D, E, F, G, H, I, J, K, L, M, N, O, P, Q, R, S, T, U, V, W, X, Y, Z, , , , , , , , , , , , , , , , , , , , , , , , , , , , , , , , , , , , , , , , , , , , , , , , , , , , , , , , , , , , , , , , , , , , , , , , , , , , , , , , , , , , , , , , , , , , , , , , , , , , , , , , , , , , , , , , , , , , , , , , , , , , , , , , , , , , , , , , , , , , , , , , , , , , , , , , , , , , , , , , , , , , , , , , , , , , , , , , , , , , , , , , , , , , #, ]
11-24 21:54:52.531   949   949 I Choreographer: Skipped 75 frames!  The application may be doing too much work on its main thread.
11-24 21:54:52.533   203   895 D NuPlayerDriver: reset(0xb5969940)
11-24 21:54:52.533  1250  1388 W Launcher: setApplicationContext called twice! old=com.android.launcher3.LauncherApplication@35150b13 new=com.android.launcher3.LauncherApplication@35150b13
11-24 21:54:52.535   203  1577 D NuPlayerDriver: notifyResetComplete(0xb5969940)
11-24 21:54:52.542   949   949 D ViewRootImpl: changeCanvasOpacity: opaque=true
11-24 21:54:52.544  1250  1589 D OpenGLRenderer: Use EGL_SWAP_BEHAVIOR_PRESERVED: true
11-24 21:54:52.548   949   949 W Settings: Setting airplane_mode_on has moved from android.provider.Settings.System to android.provider.Settings.Global, returning read-only value.
11-24 21:54:52.551   949   949 W Settings: Setting airplane_mode_on has moved from android.provider.Settings.System to android.provider.Settings.Global, returning read-only value.
11-24 21:54:52.553  1250  1250 D Atlas   : Validating map...
11-24 21:54:52.553   949   949 W Settings: Setting airplane_mode_on has moved from android.provider.Settings.System to android.provider.Settings.Global, returning read-only value.
11-24 21:54:52.554   778   989 W ContentService: Observer android.database.IContentObserver$Stub$Proxy@2894ab6a is already registered.
11-24 21:54:52.555   778  1219 W ContentService: Observer android.database.IContentObserver$Stub$Proxy@19ca1436 is already registered.
11-24 21:54:52.556   949   949 W Settings: Setting airplane_mode_on has moved from android.provider.Settings.System to android.provider.Settings.Global, returning read-only value.
11-24 21:54:52.557   203  1590 I FFmpegExtractor: android-source:0xb5bff380
11-24 21:54:52.560   203  1590 I FFMPEG  : Input #0, ogg, from 'android-source:0xb5bff380':
11-24 21:54:52.560   203  1590 I FFMPEG  :   Duration: 00:00:00.18, start: 0.000000, bitrate: 431 kb/s
11-24 21:54:52.560   203  1590 I FFMPEG  :     Stream #0:0: Audio: vorbis, 44100 Hz, mono, fltp, 239 kb/s
11-24 21:54:52.560   203  1590 I FFMPEG  :     Metadata:
11-24 21:54:52.560   203  1590 I FFMPEG  :       ARTIST          : Copyright 2013 Android Open Source Project
11-24 21:54:52.560   203  1590 D FFmpegExtractor: FFmpegExtrator, url: android-source:0xb5bff380, format_name: ogg, format_long_name: Ogg
11-24 21:54:52.560   203  1590 I FFmpegExtractor: adjust mime(application/ogg -> audio/vorbis)
11-24 21:54:52.560   203  1590 D FFmpegExtractor: suppoted codec(vorbis) by official Stagefright
11-24 21:54:52.560   203  1590 D FFmpegExtractor: ffmpeg detected media content as 'audio/vorbis' with confidence 0.08
11-24 21:54:52.566   949   949 W Settings: Setting airplane_mode_on has moved from android.provider.Settings.System to android.provider.Settings.Global, returning read-only value.
11-24 21:54:52.591   778  1212 W ContentService: Observer android.database.IContentObserver$Stub$Proxy@24e51bc3 is already registered.
11-24 21:54:52.591   203   894 D NuPlayerDriver: start(0xb4831340)
11-24 21:54:52.592   203  1587 I GenericSource: start
11-24 21:54:52.592   778  1221 W ContentService: Observer android.database.IContentObserver$Stub$Proxy@22f3b11f is already registered.
11-24 21:54:52.592   203  1587 W Utils   : bool android::canOffloadStream(const android::sp<android::MetaData>&, bool, const android::sp<android::MetaData>&, bool, audio_stream_type_t) No sample bit depth info in meta data
11-24 21:54:52.592   203  1587 E AudioPolicyManager: isOffloadSupported: stream_type != MUSIC, returning false
11-24 21:54:52.592   203  1587 I NuPlayer: Could not offload audio decode, pcm offload decided :0
11-24 21:54:52.593   203  1587 W Utils   : bool android::canOffloadStream(const android::sp<android::MetaData>&, bool, const android::sp<android::MetaData>&, bool, audio_stream_type_t) No sample bit depth info in meta data
11-24 21:54:52.593   203  1587 E AudioPolicyManager: isOffloadSupported: stream_type != MUSIC, returning false
11-24 21:54:52.609   949  1564 I Adreno-EGL: <qeglDrvAPI_eglInitialize:379>: QUALCOMM Build: 01/14/15, ab0075f, Id3510ff6dc
11-24 21:54:52.610   949  1564 I OpenGLRenderer: Initialized EGL, version 1.4
11-24 21:54:52.615  1250  1589 I Adreno-EGL: <qeglDrvAPI_eglInitialize:379>: QUALCOMM Build: 01/14/15, ab0075f, Id3510ff6dc
11-24 21:54:52.616  1250  1589 I OpenGLRenderer: Initialized EGL, version 1.4
11-24 21:54:52.626   203   894 D NuPlayerDriver: reset(0xb4831340)
11-24 21:54:52.628   949  1564 D OpenGLRenderer: Enabling debug mode 0
11-24 21:54:52.628  1250  1596 E StatsUtil: stats not found!
11-24 21:54:52.629   203  1587 D NuPlayerDriver: notifyResetComplete(0xb4831340)
11-24 21:54:52.629  1250  1596 E StatsUtil: stats not found!
11-24 21:54:52.635   203   893 I AudioFlinger: HAL output buffer size 32768 frames, normal sink buffer size 32768 frames
11-24 21:54:52.635   203   828 D audio_hw_primary: adev_set_parameters: enter: connect=4
11-24 21:54:52.637   203  1606 I AudioFlinger: AudioFlinger's thread 0xb5889f00 ready to run
11-24 21:54:52.638   203  1606 D audio_hw_primary: out_set_parameters: enter: usecase(3: compress-offload-playback) kvpairs: closing=true
11-24 21:54:52.638   203   893 D audio_hw_primary: out_set_parameters: enter: usecase(3: compress-offload-playback) kvpairs: exiting=1
11-24 21:54:52.638   203  1604 E audio_hw_primary: offload_thread_loop: Compress handle is NULL
11-24 21:54:52.640   203   886 D audio_hw_primary: out_set_parameters: enter: usecase(1: low-latency-playback) kvpairs: routing=0
11-24 21:54:52.641   203   887 D audio_hw_primary: out_set_parameters: enter: usecase(0: deep-buffer-playback) kvpairs: routing=0
11-24 21:54:52.641   203   889 D audio_hw_primary: out_set_parameters: enter: usecase(16: afe-proxy-playback) kvpairs: routing=0
11-24 21:54:52.643   203   828 D audio_hw_primary: adev_set_parameters: enter: connect=-2147483632
11-24 21:54:52.647   203  1609 I AudioFlinger: AudioFlinger's thread 0xb4985000 ready to run
11-24 21:54:52.657  1250  1589 D OpenGLRenderer: Enabling debug mode 0
11-24 21:54:52.657  1229  1229 D TelephonyDebugService: TelephonyDebugService()
11-24 21:54:52.721   949   949 D PhoneStatusBar: disable: < EXPAND* icons alerts system_info BACK* HOME* RECENT* clock SEARCH* >
11-24 21:54:52.743   778   806 I ActivityManager: Displayed com.cyanogenmod.trebuchet/com.android.launcher3.Launcher: +1s39ms
11-24 21:54:52.743   778   806 I Timeline: Timeline: Activity_windows_visible id: ActivityRecord{15fbe7af u0 com.cyanogenmod.trebuchet/com.android.launcher3.Launcher t1} time:19083
11-24 21:54:52.746  1250  1250 I Timeline: Timeline: Activity_idle id: android.os.BinderProxy@1898ea79 time:19085
11-24 21:54:52.748   778   799 V KeyguardServiceDelegate: *** Keyguard started
11-24 21:54:52.754  1250  1388 D Launcher.Model: 11683562 - loadWorkspaceScreensDb()
11-24 21:54:52.754  1250  1388 D Launcher.Model: 11683562 -   screens: { 0: 1 }, { 1: 2 }
11-24 21:54:52.755  1250  1388 D Launcher.Model: 11683562 -   sBgWorkspaceScreens: 1, 2
11-24 21:54:52.755  1250  1388 D Launcher.Model: 11683562 - updateWorkspaceScreenOrder()
11-24 21:54:52.755  1250  1388 D Launcher.Model: 11683562 -   screens: 1, 2
11-24 21:54:52.772  1229  1229 E PhoneInterfaceManager: [PhoneIntfMgr] getIccId: ICC ID is null or empty.
11-24 21:54:52.773  1229  1229 D Telephony: TtyManager: setting TTY mode to 0 succeeded
11-24 21:54:52.789  1250  1250 D Launcher: 11683562 - bindAddScreens()
11-24 21:54:52.789  1250  1250 D Launcher: 11683562 -   orderedScreenIds: 1, 2
11-24 21:54:52.789  1250  1250 D Launcher.Workspace: 11683562 - insertNewWorkspaceScreen(): 1 at index: 0
11-24 21:54:52.792  1614  1614 V RenderScript_jni: RS native mode
11-24 21:54:52.812  1250  1250 D Launcher.Workspace: 11683562 - insertNewWorkspaceScreen(): 2 at index: 1
11-24 21:54:52.813  1614  1652 V RenderScript: 0xb480f600 Launching thread(s), CPUs 4
11-24 21:54:52.845  1172  1458 E NfcNciHal: NVM patch version is 11.51
11-24 21:54:52.875   949   949 D PhoneStatusBarPolicy: updateSimState for subId :2147483643
11-24 21:54:52.875   949   949 D PhoneStatusBarPolicy: updateSimState for phoneId :0
11-24 21:54:52.877   949   949 D PhoneStatusBarPolicy: updateSimState for Slot :0
11-24 21:54:52.893  1172  1419 D BrcmNfcJni: RoutingManager::initialize(): try ee register
11-24 21:54:52.893  1172  1452 D BrcmNfcJni: RoutingManager::nfaEeCallback: NFA_EE_REGISTER_EVT; status=0
11-24 21:54:52.893  1172  1452 D BrcmNfcJni: nfaEeCallback: NFA_EE_DISCOVER_REQ_EVT; status=0x0; num ee=0
11-24 21:54:52.893  1172  1452 D BrcmNfcJni: RoutingManager::stackCallback: event=0x15
11-24 21:54:52.893  1172  1452 D BrcmNfcJni: RoutingManager::stackCallback: NFA_CE_REGISTERED_EVT; status=0x0; h=0x301
11-24 21:54:52.911  1172  1419 D NdefPushServer: start, thread = null
11-24 21:54:52.911  1172  1419 D NdefPushServer: starting new server thread
11-24 21:54:52.914  1172  1682 D NdefPushServer: about create LLCP service socket
11-24 21:54:52.914  1172  1682 D NdefPushServer: created LLCP service socket
11-24 21:54:52.914  1172  1682 D NdefPushServer: about to accept
11-24 21:54:52.917  1172  1452 D BrcmNfcJni: RoutingManager::nfaEeCallback: NFA_EE_SET_TECH_CFG_EVT; status=0x0
11-24 21:54:52.917  1172  1452 D BrcmNfcJni: RoutingManager::nfaEeCallback: NFA_EE_SET_PROTO_CFG_EVT; status=0x0
11-24 21:54:52.917  1172  1419 D BrcmNfcJni: RoutingManager::commitRouting
11-24 21:54:52.923  1172  1452 D BrcmNfcJni: RoutingManager::nfaEeCallback: NFA_EE_UPDATED_EVT
11-24 21:54:52.928   203  1688 I FFmpegExtractor: android-source:0xb5bff380
11-24 21:54:52.931   203  1688 I FFMPEG  : Input #0, ogg, from 'android-source:0xb5bff380':
11-24 21:54:52.931   203  1688 I FFMPEG  :   Duration: 00:00:01.40, start: 0.000000, bitrate: 42 kb/s
11-24 21:54:52.931   203  1688 I FFMPEG  :     Stream #0:0: Audio: vorbis, 16000 Hz, mono, fltp, 64 kb/s
11-24 21:54:52.931   203  1688 I FFMPEG  :     Metadata:
11-24 21:54:52.932   203  1688 I FFMPEG  :       TITLE           : NFCSuccess
11-24 21:54:52.932   203  1688 D FFmpegExtractor: FFmpegExtrator, url: android-source:0xb5bff380, format_name: ogg, format_long_name: Ogg
11-24 21:54:52.932   203  1688 I FFmpegExtractor: adjust mime(application/ogg -> audio/vorbis)
11-24 21:54:52.932   203  1688 D FFmpegExtractor: suppoted codec(vorbis) by official Stagefright
11-24 21:54:52.932   203  1688 D FFmpegExtractor: ffmpeg detected media content as 'audio/vorbis' with confidence 0.08
11-24 21:54:52.943   203   203 D NuPlayerDriver: start(0xb5969520)
11-24 21:54:52.943   203  1687 I GenericSource: start
11-24 21:54:52.945   203  1687 W Utils   : bool android::canOffloadStream(const android::sp<android::MetaData>&, bool, const android::sp<android::MetaData>&, bool, audio_stream_type_t) No sample bit depth info in meta data
11-24 21:54:52.945   203  1687 E AudioPolicyManager: isOffloadSupported: stream_type != MUSIC, returning false
11-24 21:54:52.945   203  1687 I NuPlayer: Could not offload audio decode, pcm offload decided :0
11-24 21:54:52.945   203  1687 W Utils   : bool android::canOffloadStream(const android::sp<android::MetaData>&, bool, const android::sp<android::MetaData>&, bool, audio_stream_type_t) No sample bit depth info in meta data
11-24 21:54:52.945   203  1687 E AudioPolicyManager: isOffloadSupported: stream_type != MUSIC, returning false
11-24 21:54:52.953  1653  1653 D CellBroadcastReceiver: onReceive Intent { act=android.intent.action.SERVICE_STATE flg=0x10 cmp=com.android.cellbroadcastreceiver/.CellBroadcastReceiver (has extras) }
11-24 21:54:52.954  1653  1653 D CellBroadcastReceiver: Intent ACTION_SERVICE_STATE_CHANGED
11-24 21:54:52.958  1653  1653 D CellBroadcastReceiver: Service state changed! 3 Full: 3 3 voice home data home null null null null null null  Unknown Unknown CSS not supported -1 -1 RoamInd=-1 DefRoamInd=-1 EmergOnly=false Current state=-1
11-24 21:54:52.961   949   949 D OpenGLRenderer: setting property extraRasterBucket to 0.95
11-24 21:54:52.961   949   949 D OpenGLRenderer:     failed
11-24 21:54:52.961   949   949 D OpenGLRenderer: setting property extraRasterBucket to 0.0
11-24 21:54:52.961   949   949 D OpenGLRenderer:     failed
11-24 21:54:52.969  1250  1589 V RenderScript: Application requested CPU execution
11-24 21:54:52.988  1614  1652 V RenderScript: Successfully loaded runtime: libRSDriver_adreno.so
11-24 21:54:52.994  1250  1589 V RenderScript: 0xaec0bc00 Launching thread(s), CPUs 4
11-24 21:54:52.995   203   203 D NuPlayerDriver: reset(0xb5969520)
11-24 21:54:52.997   203  1687 D NuPlayerDriver: notifyResetComplete(0xb5969520)
11-24 21:54:53.026   949   949 D KeyguardUpdateMonitor: ACTION_SERVICE_STATE_CHANGED on sub: 2147483643 mServiceState: 3 3 voice home data home null null null null null null  Unknown Unknown CSS not supported -1 -1 RoamInd=-1 DefRoamInd=-1 EmergOnly=false
11-24 21:54:53.029   203  1707 I FFmpegExtractor: android-source:0xb5bff380
11-24 21:54:53.039   203  1707 I FFMPEG  : Input #0, ogg, from 'android-source:0xb5bff380':
11-24 21:54:53.039   203  1707 I FFMPEG  :   Duration: 00:00:00.87, start: 0.000000, bitrate: 60 kb/s
11-24 21:54:53.039   203  1707 I FFMPEG  :     Stream #0:0: Audio: vorbis, 16000 Hz, mono, fltp, 64 kb/s
11-24 21:54:53.039   203  1707 I FFMPEG  :     Metadata:
11-24 21:54:53.039   203  1707 I FFMPEG  :       TITLE           : NFCSuccess
11-24 21:54:53.039   203  1707 D FFmpegExtractor: FFmpegExtrator, url: android-source:0xb5bff380, format_name: ogg, format_long_name: Ogg
11-24 21:54:53.039   203  1707 I FFmpegExtractor: adjust mime(application/ogg -> audio/vorbis)
11-24 21:54:53.039   203  1707 D FFmpegExtractor: suppoted codec(vorbis) by official Stagefright
11-24 21:54:53.039   203  1707 D FFmpegExtractor: ffmpeg detected media content as 'audio/vorbis' with confidence 0.08
11-24 21:54:53.040  1614  1614 E ExtMediaPlayer-JNI: QCMediaPlayer could not be located....
11-24 21:54:53.040  1614  1614 E MediaPlayer-JNI: QCMediaPlayer mediaplayer NOT present
11-24 21:54:53.043  1229  1229 E PhoneInterfaceManager: [PhoneIntfMgr] getIccId: ICC ID is null or empty.
11-24 21:54:53.049  1229  1229 E PhoneInterfaceManager: [PhoneIntfMgr] getIccId: ICC ID is null or empty.
11-24 21:54:53.054  1229  1229 E PhoneInterfaceManager: [PhoneIntfMgr] getIccId: ICC ID is null or empty.
11-24 21:54:53.056  1229  1229 E PhoneInterfaceManager: [PhoneIntfMgr] getIccId: ICC ID is null or empty.
11-24 21:54:53.057   203   893 D NuPlayerDriver: start(0xb59697c0)
11-24 21:54:53.057   203  1706 I GenericSource: start
11-24 21:54:53.059   203  1706 W Utils   : bool android::canOffloadStream(const android::sp<android::MetaData>&, bool, const android::sp<android::MetaData>&, bool, audio_stream_type_t) No sample bit depth info in meta data
11-24 21:54:53.059   203  1706 E AudioPolicyManager: isOffloadSupported: stream_type != MUSIC, returning false
11-24 21:54:53.059   203  1706 I NuPlayer: Could not offload audio decode, pcm offload decided :0
11-24 21:54:53.059   203  1706 W Utils   : bool android::canOffloadStream(const android::sp<android::MetaData>&, bool, const android::sp<android::MetaData>&, bool, audio_stream_type_t) No sample bit depth info in meta data
11-24 21:54:53.059   203  1706 E AudioPolicyManager: isOffloadSupported: stream_type != MUSIC, returning false
11-24 21:54:53.060   778   778 D GpsLocationProvider: received SIM realted action: 
11-24 21:54:53.061   778   778 D GpsLocationProvider: SIM MCC/MNC is still not available
11-24 21:54:53.095   203   893 D NuPlayerDriver: reset(0xb59697c0)
11-24 21:54:53.097   203  1706 D NuPlayerDriver: notifyResetComplete(0xb59697c0)
11-24 21:54:53.114   203  1719 I FFmpegExtractor: android-source:0xb5bff380
11-24 21:54:53.116   203  1719 I FFMPEG  : Input #0, ogg, from 'android-source:0xb5bff380':
11-24 21:54:53.116   203  1719 I FFMPEG  :   Duration: 00:00:00.74, start: 0.000000, bitrate: 66 kb/s
11-24 21:54:53.116   203  1719 I FFMPEG  :     Stream #0:0: Audio: vorbis, 16000 Hz, mono, fltp, 64 kb/s
11-24 21:54:53.117   203  1719 I FFMPEG  :     Metadata:
11-24 21:54:53.117   203  1719 I FFMPEG  :       TITLE           : NFCFailure
11-24 21:54:53.117   203  1719 D FFmpegExtractor: FFmpegExtrator, url: android-source:0xb5bff380, format_name: ogg, format_long_name: Ogg
11-24 21:54:53.117   203  1719 I FFmpegExtractor: adjust mime(application/ogg -> audio/vorbis)
11-24 21:54:53.117   203  1719 D FFmpegExtractor: suppoted codec(vorbis) by official Stagefright
11-24 21:54:53.117   203  1719 D FFmpegExtractor: ffmpeg detected media content as 'audio/vorbis' with confidence 0.08
11-24 21:54:53.133   203   895 D NuPlayerDriver: start(0xb5969940)
11-24 21:54:53.133   203  1718 I GenericSource: start
11-24 21:54:53.134   203  1718 W Utils   : bool android::canOffloadStream(const android::sp<android::MetaData>&, bool, const android::sp<android::MetaData>&, bool, audio_stream_type_t) No sample bit depth info in meta data
11-24 21:54:53.134   203  1718 E AudioPolicyManager: isOffloadSupported: stream_type != MUSIC, returning false
11-24 21:54:53.134   203  1718 I NuPlayer: Could not offload audio decode, pcm offload decided :0
11-24 21:54:53.135   203  1718 W Utils   : bool android::canOffloadStream(const android::sp<android::MetaData>&, bool, const android::sp<android::MetaData>&, bool, audio_stream_type_t) No sample bit depth info in meta data
11-24 21:54:53.135   203  1718 E AudioPolicyManager: isOffloadSupported: stream_type != MUSIC, returning false
11-24 21:54:53.152  1229  1561 E PhoneInterfaceManager: [PhoneIntfMgr] getIccId: ICC ID is null or empty.
11-24 21:54:53.170   203   895 D NuPlayerDriver: reset(0xb5969940)
11-24 21:54:53.173   203  1718 D NuPlayerDriver: notifyResetComplete(0xb5969940)
11-24 21:54:53.175   203  1734 I FFmpegExtractor: android-source:0xb4834f60
11-24 21:54:53.194  1653  1653 D CellBroadcastReceiver: onReceive Intent { act=android.intent.action.ACTION_SUBINFO_RECORD_UPDATED flg=0x10 cmp=com.android.cellbroadcastreceiver/.CellBroadcastReceiver }
11-24 21:54:53.195  1229  1740 D SIP     : [SipSharedPreferences] isReceivingCallsEnabled, option not set; use default value, exception: android.provider.Settings$SettingNotFoundException: sip_receive_calls
11-24 21:54:53.196  1229  1229 D Telephony: TelecomAccountRegistry: Found 1 phones.  Attempting to register.
11-24 21:54:53.197  1229  1229 D Telephony: TelecomAccountRegistry: Phone with subscription id 1
11-24 21:54:53.198  1229  1229 E PhoneInterfaceManager: [PhoneIntfMgr] getIccId: ICC ID is null or empty.
11-24 21:54:53.218   203  1734 I FFMPEG  : [mp3 @ 0xb4985400] Unknown attached picture mimetype: , skipping.
11-24 21:54:53.218   203  1734 I FFMPEG  : [mp3 @ 0xb4985400] Skipping 0 bytes of junk at 178107.
11-24 21:54:53.229  1229  1229 D Telephony: AccountEntry: Registered phoneAccount: [PhoneAccount: ComponentInfo{com.android.phone/com.android.services.telephony.TelephonyConnectionService}, [356a192b7913b04c54574d18c28d46e6395428ab], UserHandle{0} Capabilities: 54 Schemes: tel voicemail ] with handle: ComponentInfo{com.android.phone/com.android.services.telephony.TelephonyConnectionService}, [356a192b7913b04c54574d18c28d46e6395428ab], UserHandle{0}
11-24 21:54:53.230  1229  1229 I Telephony: PstnIncomingCallNotifier: Registering: Handler (com.android.internal.telephony.gsm.GSMPhone) {23116ad0}
11-24 21:54:53.231  1229  1229 D Telephony: PstnPhoneCapabilitiesNotifier: Registering: Handler (com.android.internal.telephony.gsm.GSMPhone) {23116ad0}
11-24 21:54:53.233  1229  1229 D Telephony: TelecomAccountRegistry: Unregistering phone account ComponentInfo{com.android.phone/com.android.services.telephony.TelephonyConnectionService}, [4208433e9abcef6d04057081ae5a7fc2b23515a1], UserHandle{0}.
11-24 21:54:53.234  1250  1250 D android.widget.GridLayout: vertical constraints: y3-y0>=396, y3-y0<=372, y3-y2<=156, y2-y1<=3 are inconsistent; permanently removing: y3-y0<=372. 
11-24 21:54:53.238   203  1734 I FFMPEG  : [mp3 @ 0xb4985400] Estimating duration from bitrate, this may be inaccurate
11-24 21:54:53.238   203  1734 I FFMPEG  : Input #0, mp3, from 'android-source:0xb4834f60':
11-24 21:54:53.238   203  1734 I FFMPEG  :   Metadata:
11-24 21:54:53.238   203  1734 I FFMPEG  :     iTunNORM        :  00000F55 00000D2C 0000531D 000052FF 0000A571 0000A571 0000797F 00007AA2 00026A3B 00022D47
11-24 21:54:53.238   203  1734 I FFMPEG  :     iTunSMPB        :  00000000 00000840 0000015F 0000000000743A61 00000000 00000000 00000000 00000000 00000000 00000000 00000000 00000000
11-24 21:54:53.238   203  1734 I FFMPEG  :   Duration: 00:02:52.80, start: 0.000000, bitrate: 328 kb/s
11-24 21:54:53.238   203  1734 I FFMPEG  :     Stream #0:0: Audio: mp3, 44100 Hz, stereo, s16p, 320 kb/s
11-24 21:54:53.238   203  1734 D FFmpegExtractor: FFmpegExtrator, url: android-source:0xb4834f60, format_name: mp3, format_long_name: MP2/3 (MPEG audio layer 2/3)
11-24 21:54:53.238   203  1734 D FFmpegExtractor: suppoted codec(mp3) by official Stagefright
11-24 21:54:53.238   203  1734 D FFmpegExtractor: ffmpeg detected media content as 'audio/mpeg' with confidence 0.08
11-24 21:54:53.240  1250  1250 D Launcher.Workspace: 11683562 - stripEmptyScreens()
11-24 21:54:53.248  1614  1614 E MediaPlayer: Should have subtitle controller already set
11-24 21:54:53.253  1614  1614 E ExtMediaPlayer-JNI: QCMediaPlayer could not be located....
11-24 21:54:53.253  1614  1614 E MediaPlayer-JNI: QCMediaPlayer mediaplayer NOT present
11-24 21:54:53.270  1229  1229 D CallNotifier: onReceive... 
11-24 21:54:53.276   203  1743 I FFmpegExtractor: android-source:0xb5bff380
11-24 21:54:53.277  1229  1229 E PhoneInterfaceManager: [PhoneIntfMgr] getIccId: ICC ID is null or empty.
11-24 21:54:53.279   203  1743 I FFMPEG  : [mp3 @ 0xb58b2c00] Skipping 0 bytes of junk at 1044.
11-24 21:54:53.281   203  1743 I FFMPEG  : Input #0, mp3, from 'android-source:0xb5bff380':
11-24 21:54:53.281   203  1743 I FFMPEG  :   Duration: 00:03:08.79, start: 0.025057, bitrate: 320 kb/s
11-24 21:54:53.281   203  1743 I FFMPEG  :     Stream #0:0: Audio: mp3, 44100 Hz, stereo, s16p, 320 kb/s
11-24 21:54:53.281   203  1743 I FFMPEG  :     Metadata:
11-24 21:54:53.281   203  1743 I FFMPEG  :       encoder         : LAME3.99r
11-24 21:54:53.282   203  1743 D FFmpegExtractor: FFmpegExtrator, url: android-source:0xb5bff380, format_name: mp3, format_long_name: MP2/3 (MPEG audio layer 2/3)
11-24 21:54:53.282   203  1743 D FFmpegExtractor: suppoted codec(mp3) by official Stagefright
11-24 21:54:53.282   203  1743 D FFmpegExtractor: ffmpeg detected media content as 'audio/mpeg' with confidence 0.08
11-24 21:54:53.282  1614  1614 E MediaPlayer: Should have subtitle controller already set
11-24 21:54:53.284   203   895 D NuPlayerDriver: seekTo(0xb5969520) 27389 ms
11-24 21:54:53.286   778   798 D GpsLocationProvider: received SIM realted action: 
11-24 21:54:53.288   778   798 D GpsLocationProvider: SIM MCC/MNC is still not available
11-24 21:54:53.314  1229  1229 D PhoneApp: Radio technology switched. Now GSM is active.
11-24 21:54:53.316  1229  1229 E AudioTrack: AudioTrack::set : Exit
11-24 21:54:53.316  1229  1229 D CallNotifier: CallNotifier: mSignalInfoToneGenerator created when toneplay
11-24 21:54:53.317   778   798 D GpsLocationProvider: received SIM realted action: 
11-24 21:54:53.318   778   798 D GpsLocationProvider: SIM MCC/MNC is still not available
11-24 21:54:53.320  1229  1229 D Telephony: : Radio technology switched. Now GSM is active.
11-24 21:54:53.321  1229  1229 D Telephony: PstnPhoneCapabilitiesNotifier: handleVideoCapabilitesChanged. Video capability - false
11-24 21:54:53.325   203   893 I FFmpegExtractor: android-source:0xb5bff0b0
11-24 21:54:53.327   203   893 I FFMPEG  : [mp3 @ 0xb58b4400] Skipping 0 bytes of junk at 0.
11-24 21:54:53.328   203   893 I FFMPEG  : [mp3 @ 0xb58b4400] Estimating duration from bitrate, this may be inaccurate
11-24 21:54:53.328   203   893 I FFMPEG  : Input #0, mp3, from 'android-source:0xb5bff0b0':
11-24 21:54:53.328   203   893 I FFMPEG  :   Duration: 00:03:14.09, start: 0.000000, bitrate: 320 kb/s
11-24 21:54:53.328   203   893 I FFMPEG  :     Stream #0:0: Audio: mp3, 44100 Hz, stereo, s16p, 320 kb/s
11-24 21:54:53.328   203   893 D FFmpegExtractor: FFmpegExtrator, url: android-source:0xb5bff0b0, format_name: mp3, format_long_name: MP2/3 (MPEG audio layer 2/3)
11-24 21:54:53.328   203   893 D FFmpegExtractor: suppoted codec(mp3) by official Stagefright
11-24 21:54:53.328   203   893 D FFmpegExtractor: ffmpeg detected media content as 'audio/mpeg' with confidence 0.08
11-24 21:54:53.329   203   894 E MetadataRetrieverClient: failed to extract an album art
11-24 21:54:53.341  1229  1229 D Telephony: : Radio technology switched. Now GSM is active.
11-24 21:54:53.346  1229  1229 E PhoneInterfaceManager: [PhoneIntfMgr] getIccId: ICC ID is null or empty.
11-24 21:54:53.362   778   798 D GpsLocationProvider: received SIM realted action: 
11-24 21:54:53.363   778   798 D GpsLocationProvider: SIM MCC/MNC is still not available
11-24 21:54:53.380  1229  1229 E PhoneInterfaceManager: [PhoneIntfMgr] getIccId: ICC ID is null or empty.
11-24 21:54:53.429  1250  1250 W Launcher: setApplicationContext called twice! old=com.android.launcher3.LauncherApplication@35150b13 new=com.android.launcher3.LauncherApplication@35150b13
11-24 21:54:53.474  1250  1250 E AppsCustomizePagedView: Create Res Apk Failed
11-24 21:54:53.503  1250  1250 D LocaleSetManager: Locale Changed from: null to en-US
11-24 21:54:53.516   778   778 D GpsLocationProvider: received SIM realted action: 
11-24 21:54:53.516   778   778 D GpsLocationProvider: SIM MCC/MNC is available: 46001
11-24 21:54:53.516   778   778 D GpsLocationProvider: Reset GPS properties, previous size = 16
11-24 21:54:53.517   778   778 D GpsLocationProvider: GpsParamsResource: SUPL_HOST=supl.google.com
11-24 21:54:53.517   778   778 D GpsLocationProvider: GpsParamsResource: SUPL_PORT=7275
11-24 21:54:53.517   778   778 D GpsLocationProvider: GpsParamsResource: NTP_SERVER=north-america.pool.ntp.org
11-24 21:54:53.517   778   778 D GpsLocationProvider: GpsParamsResource: SUPL_VER=0x20000
