03-11 09:53:56.779  1374  1543 D GsmInboundSmsHandler: mWakeLock released
03-11 09:53:57.199  1374  1614 D GsmCellBroadcastHandler: mWakeLock released
03-11 09:53:57.439  1845  1845 E PHONE   : ServiceState.getRadioTechnology() DEPRECATED will be removed *******
03-11 09:53:57.439  1845  1845 E PHONE   : ServiceState.getRadioTechnology() DEPRECATED will be removed *******
03-11 09:53:57.749  1374  1530 D RILJ    : [UNSL]< UNSOL_RESPONSE_VOICE_NETWORK_STATE_CHANGED
03-11 09:53:57.749  1374  1374 D RILJ    : [3722]> OPERATOR
03-11 09:53:57.759  1374  1374 D RILJ    : [3723]> DATA_REGISTRATION_STATE
03-11 09:53:57.759  1374  1530 D RILJ    : [3722]< OPERATOR {null, null, null}
03-11 09:53:57.759  1374  1374 D RILJ    : [3724]> VOICE_REGISTRATION_STATE
03-11 09:53:57.759  1374  1374 D RILJ    : [3725]> QUERY_NETWORK_SELECTION_MODE
03-11 09:53:57.759  1374  1530 D RILJ    : [3723]< DATA_REGISTRATION_STATE {2, null, null, null, 0, 20, null, null, null, null, null}
03-11 09:53:57.769  1374  1530 D RILJ    : [3724]< VOICE_REGISTRATION_STATE {2, null, null, 0, null, null, null, 0, null, null, null, null, null, 0, null}
03-11 09:53:57.769  1374  1374 D PHONE   : [ServiceState] setDataRegState=1
03-11 09:53:57.769  1374  1374 D PHONE   : [ServiceState] setDataRadioTechnology=0
03-11 09:53:57.769  1374  1374 D GsmSST  : [GsmSST] handlPollStateResultMessage: GsmSST setDataRegState=1 regState=2 dataRadioTechnology=0
03-11 09:53:57.769  1374  1374 D PHONE   : [ServiceState] setVoiceRegState=1
03-11 09:53:57.769  1374  1374 E PHONE   : [ServiceState] setState deprecated use setVoiceRegState()
03-11 09:53:57.769  1374  1530 D RILJ    : [3725]< QUERY_NETWORK_SELECTION_MODE {0}
03-11 09:53:57.769  1374  1374 D GsmSST  : [GsmSST] Poll ServiceState done:  oldSS=[1 1 home null null null  Unknown Unknown CSS not supported 0 0 RoamInd=0 DefRoamInd=0 EmergOnly=false] newSS=[1 1 home null null null  Unknown Unknown CSS not supported -1 -1 RoamInd=-1 DefRoamInd=-1 EmergOnly=false] oldMaxDataCalls=20 mNewMaxDataCalls=20 oldReasonDataDenied=-1 mNewReasonDataDenied=-1
03-11 09:53:57.769  1374  1374 D PHONE   : [ServiceState] setNullState=1
03-11 09:53:57.769  1374  1374 D GsmSST  : [GsmSST] updateSpnDisplay: radio is on but out of service, set plmn=''
03-11 09:53:57.769  1374  1374 D GsmSST  : [GsmSST] operatorNumeric is null
03-11 09:53:59.249  1374  1530 D RILJ    : [UNSL]< UNSOL_STK_PROACTIVE_COMMAND D081A2810301250082028182850F80005500530049004D53615E9475288F0A37807CBE54C163A883508F0A628059296C14988462A58F0A6480822A73ED67E58BE28F0A668051FA884C630753578F0A68804F53575B5FEB8BAF8F0CA28065B095FB65E9665A62A58F0AA480624B673A97F34E508F0AA680624B673A96058BFB8F0AA880624B673A90AE7BB18F0AAA8077ED4FE152A974068F0CAC80624B673A84254E1A5385
03-11 09:53:59.249  1374  1374 D CAT     : CatService: ril message arrived
03-11 09:53:59.259  1374  1607 D CAT     : CommandParamsFactory: process SelectItem
03-11 09:53:59.269  1374  1374 D CAT     : CatService: SET_UP_MENU
03-11 09:53:59.269  1374  1374 D CAT     : CatService: encodeOptionalTags() Unsupported Cmd details=CmdDetails: compRequired=true commandNumber=1 typeOfCommand=37 commandQualifier=0
03-11 09:53:59.269  1374  1374 D RILJ    : [3726]> REQUEST_STK_SEND_TERMINAL_RESPONSE
03-11 09:53:59.269  1374  1530 D RILJ    : [3726]< REQUEST_STK_SEND_TERMINAL_RESPONSE 
03-11 09:53:59.279  1374  1530 D RILJ    : [UNSL]< UNSOL_STK_SESSION_END
03-11 09:53:59.299  1374  1374 D CAT     : CatService: ril message arrived
03-11 09:53:59.299  1374  1374 D GsmSST  : [GsmSST] updateSpnDisplay: radio is on but out of service, set plmn='  '
03-11 09:53:59.339  1374  1374 D GsmSST  : [GsmSST] updateSpnDisplay: changed sending intent rule=3 showPlmn='true' plmn='  ' showSpn='true' spn=''
03-11 09:53:59.359  1374  1374 D CAT     : CatService: SESSION END
03-11 09:53:59.709  1374  1374 D CAT     : StkAppService: 8called on slot:0
03-11 09:53:59.709  1374  1814 D CAT     : StkAppService$ServiceHandler: Locale Changed
03-11 09:53:59.709  1374  1814 D CAT     : StkAppService$ServiceHandler: Event :7
03-11 09:53:59.709  1374  1814 E CAT     : StkAppService$ServiceHandler: SetupEventList is not received. Ignoring the event: 7
03-11 09:53:59.719  1374  1374 D CAT     : StkAppService: 1called on slot:0
03-11 09:53:59.719  1374  1814 D CAT     : StkAppService$ServiceHandler: SET_UP_MENU
03-11 09:53:59.719  1374  1814 D CAT     : StkAppService$ServiceHandler: Install App
03-11 09:53:59.739  1374  1374 D CAT     : StkAppService: 4called on slot:0
03-11 09:54:00.339  1374  1530 D RILJ    : [UNSL]< UNSOL_RESPONSE_VOICE_NETWORK_STATE_CHANGED
03-11 09:54:00.339  1374  1374 D RILJ    : [3727]> OPERATOR
03-11 09:54:00.339  1374  1374 D RILJ    : [3728]> DATA_REGISTRATION_STATE
03-11 09:54:00.339  1374  1374 D RILJ    : [3729]> VOICE_REGISTRATION_STATE
03-11 09:54:00.339  1374  1530 D RILJ    : [3727]< OPERATOR {null, null, null}
03-11 09:54:00.339  1374  1374 D RILJ    : [3730]> QUERY_NETWORK_SELECTION_MODE
03-11 09:54:00.339  1374  1530 D RILJ    : [3728]< DATA_REGISTRATION_STATE {2, null, null, null, 0, 20, null, null, null, null, null}
03-11 09:54:00.339  1374  1374 D PHONE   : [ServiceState] setDataRegState=1
03-11 09:54:00.339  1374  1374 D PHONE   : [ServiceState] setDataRadioTechnology=0
03-11 09:54:00.339  1374  1374 D GsmSST  : [GsmSST] handlPollStateResultMessage: GsmSST setDataRegState=1 regState=2 dataRadioTechnology=0
03-11 09:54:00.339  1374  1530 D RILJ    : [3730]< QUERY_NETWORK_SELECTION_MODE {0}
03-11 09:54:00.339  1374  1530 D RILJ    : [3729]< VOICE_REGISTRATION_STATE {2, null, null, 0, null, null, null, 0, null, null, null, null, null, 0, null}
03-11 09:54:00.339  1374  1374 D PHONE   : [ServiceState] setVoiceRegState=1
03-11 09:54:00.339  1374  1374 E PHONE   : [ServiceState] setState deprecated use setVoiceRegState()
03-11 09:54:00.349  1374  1374 D GsmSST  : [GsmSST] Poll ServiceState done:  oldSS=[1 1 home null null null  Unknown Unknown CSS not supported -1 -1 RoamInd=-1 DefRoamInd=-1 EmergOnly=false] newSS=[1 1 home null null null  Unknown Unknown CSS not supported -1 -1 RoamInd=-1 DefRoamInd=-1 EmergOnly=false] oldMaxDataCalls=20 mNewMaxDataCalls=20 oldReasonDataDenied=-1 mNewReasonDataDenied=-1
03-11 09:54:00.349  1374  1374 D PHONE   : [ServiceState] setNullState=1
03-11 09:54:00.679  1374  1530 D RILJ    : [UNSL]< UNSOL_RESPONSE_VOICE_NETWORK_STATE_CHANGED
03-11 09:54:00.679  1374  1374 D RILJ    : [3731]> OPERATOR
03-11 09:54:00.679  1374  1374 D RILJ    : [3732]> DATA_REGISTRATION_STATE
03-11 09:54:00.679  1374  1374 D RILJ    : [3733]> VOICE_REGISTRATION_STATE
03-11 09:54:00.679  1374  1530 D RILJ    : [3732]< DATA_REGISTRATION_STATE {0, null, null, null, 0, 20, null, null, null, null, null}
03-11 09:54:00.679  1374  1374 D RILJ    : [3734]> QUERY_NETWORK_SELECTION_MODE
03-11 09:54:00.679  1374  1530 D RILJ    : [3731]< OPERATOR {, , 46001}
03-11 09:54:00.689  1374  1530 D RILJ    : [3733]< VOICE_REGISTRATION_STATE {1, 101d, null, 14, null, null, null, 0, null, null, null, null, null, 0, null}
03-11 09:54:00.689  1374  1530 D RILJ    : [3734]< QUERY_NETWORK_SELECTION_MODE {0}
03-11 09:54:00.689  1374  1374 D PHONE   : [ServiceState] setDataRegState=1
03-11 09:54:00.689  1374  1374 D PHONE   : [ServiceState] setDataRadioTechnology=0
03-11 09:54:00.689  1374  1374 D GsmSST  : [GsmSST] handlPollStateResultMessage: GsmSST setDataRegState=1 regState=0 dataRadioTechnology=0
03-11 09:54:00.689  1374  1374 D PHONE   : [ServiceState] setVoiceRegState=0
03-11 09:54:00.689  1374  1374 E PHONE   : [ServiceState] setState deprecated use setVoiceRegState()
03-11 09:54:00.689  1374  1374 D GsmSST  : [GsmSST] Poll ServiceState done:  oldSS=[1 1 home null null null  Unknown Unknown CSS not supported -1 -1 RoamInd=-1 DefRoamInd=-1 EmergOnly=false] newSS=[0 1 home   46001  LTE Unknown CSS not supported -1 -1 RoamInd=-1 DefRoamInd=-1 EmergOnly=false] oldMaxDataCalls=20 mNewMaxDataCalls=20 oldReasonDataDenied=-1 mNewReasonDataDenied=-1
03-11 09:54:00.689  1374  1374 D GsmSST  : [GsmSST] RAT switched Unknown -> LTE at cell -1
03-11 09:54:00.689  1374  1374 D PHONE   : [ServiceState] setNullState=1
03-11 09:54:00.689  1374  1374 D PhoneProxy: [PhoneProxy] updatePhoneObject: radioTechnology=14
03-11 09:54:00.689  1374  1374 D GsmSST  : [GsmSST] pollStateDone: registering current mNitzUpdatedTime=false changing to false
03-11 09:54:00.689  1374  1374 D GsmSST  : [GsmSST] updateSpnDisplay: changed sending intent rule=1 showPlmn='false' plmn='' showSpn='true' spn=''
03-11 09:54:00.689  1374  1530 D RILJ    : [UNSL]< UNSOL_RESPONSE_VOICE_NETWORK_STATE_CHANGED
03-11 09:54:00.699  1374  1374 D GsmSST  : [GsmSST] pollStateDone: no nitz but one TZ for iso-cc=cn with zone.getID=Asia/Shanghai testOneUniqueOffsetPath=false
03-11 09:54:00.699  1374  1374 D GsmSST  : [GsmSST] setAndBroadcastNetworkSetTimeZone: setTimeZone=Asia/Shanghai
03-11 09:54:00.699  1374  1374 D GsmSST  : [GsmSST] setAndBroadcastNetworkSetTimeZone: call alarm.setTimeZone and broadcast zoneId=Asia/Shanghai
03-11 09:54:00.699  1374  1374 D GsmSST  : [GsmSST] shouldFixTimeZoneNow: retVal=true iccCardExist=true operatorNumeric=46001 mcc=460 prevOperatorNumeric= prevMcc=461 needToFixTimeZone=false ltod=- ::.
03-11 09:54:00.699  1374  1374 D GsmSST  : [GsmSST] pollStateDone: fix time zone zoneName='Asia/Shanghai' mZoneOffset=0 mZoneDst=false iso-cc='cn' iso-cc-idx=-3
03-11 09:54:00.699  1374  1374 D GsmSST  : [GsmSST] pollStateDone: using default TimeZone
03-11 09:54:00.699  1374  1374 D GsmSST  : [GsmSST] pollStateDone: zone != null zone.getID=Asia/Shanghai
03-11 09:54:00.699  1374  1374 D GsmSST  : [GsmSST] setAndBroadcastNetworkSetTimeZone: setTimeZone=Asia/Shanghai
03-11 09:54:00.699  1374  1374 D GsmSST  : [GsmSST] setAndBroadcastNetworkSetTimeZone: call alarm.setTimeZone and broadcast zoneId=Asia/Shanghai
03-11 09:54:00.709  1374  1374 D GsmSST  : [GsmSST] SST.getAllCellInfo(): return last, same thread can't block
03-11 09:54:00.709  1374  1374 D GsmSST  : [GsmSST] SST.getAllCellInfo(): X size=0 list=null
03-11 09:54:00.709  1374  1374 D GsmSST  : [GsmSST] getCellLocation(): X empty mCellLoc and CellInfo mCellLoc=[4125,-1,-1]
03-11 09:54:00.709  1374  1374 D PhoneProxy: [PhoneProxy] phoneObjectUpdater: newVoiceRadioTech=14
03-11 09:54:00.709  1374  1374 D PhoneProxy: [PhoneProxy] phoneObjectUpdater: volteReplacementRat=0
03-11 09:54:00.709  1374  1374 D PhoneProxy: [PhoneProxy] phoneObjectUpdater: No change ignore, newVoiceRadioTech=14 mActivePhone=GSM
03-11 09:54:00.709  1374  1374 D RILJ    : [3735]> OPERATOR
03-11 09:54:00.709  1374  1374 D RILJ    : [3736]> DATA_REGISTRATION_STATE
03-11 09:54:00.709  1374  1530 D RILJ    : [3735]< OPERATOR {, , 46001}
03-11 09:54:00.709  1374  1374 D RILJ    : [3737]> VOICE_REGISTRATION_STATE
03-11 09:54:00.719  1374  1374 D RILJ    : [3738]> QUERY_NETWORK_SELECTION_MODE
03-11 09:54:00.719  1374  1530 D RILJ    : [3736]< DATA_REGISTRATION_STATE {1, null, null, 14, null, 20, 4125, 147, 4855663, null, null}
03-11 09:54:00.719  1374  1530 D RILJ    : [UNSL]< UNSOL_RESPONSE_VOICE_NETWORK_STATE_CHANGED
03-11 09:54:00.719  1374  1530 D RILJ    : [UNSL]< UNSOL_RESPONSE_VOICE_NETWORK_STATE_CHANGED
03-11 09:54:00.719  1374  1374 D PHONE   : [ServiceState] setDataRegState=0
03-11 09:54:00.719  1374  1374 D PHONE   : [ServiceState] setDataRadioTechnology=14
03-11 09:54:00.719  1374  1374 D GsmSST  : [GsmSST] handlPollStateResultMessage: GsmSST setDataRegState=0 regState=1 dataRadioTechnology=14
03-11 09:54:00.719  1374  1374 D RILJ    : [3739]> OPERATOR
03-11 09:54:00.719  1374  1530 D RILJ    : [3737]< VOICE_REGISTRATION_STATE {1, 101d, null, 14, null, null, null, 0, null, null, 1, null, null, 0, null}
03-11 09:54:00.719  1374  1530 D RILJ    : [3738]< QUERY_NETWORK_SELECTION_MODE {0}
03-11 09:54:00.719  1374  1374 D RILJ    : [3740]> DATA_REGISTRATION_STATE
03-11 09:54:00.719  1374  1374 D RILJ    : [3741]> VOICE_REGISTRATION_STATE
03-11 09:54:00.719  1374  1530 D RILJ    : [3739]< OPERATOR {, , 46001}
03-11 09:54:00.719  1374  1374 D RILJ    : [3742]> QUERY_NETWORK_SELECTION_MODE
03-11 09:54:00.719  1374  1374 D RILJ    : [3743]> OPERATOR
03-11 09:54:00.719  1374  1530 D RILJ    : [3741]< VOICE_REGISTRATION_STATE {1, 101d, null, 14, null, null, null, 0, null, null, 1, null, null, 0, null}
03-11 09:54:00.719  1374  1530 D RILJ    : [3740]< DATA_REGISTRATION_STATE {1, null, null, 14, null, 20, 4125, 147, 4855663, null, null}
03-11 09:54:00.719  1374  1374 D RILJ    : [3744]> DATA_REGISTRATION_STATE
03-11 09:54:00.719  1374  1530 D RILJ    : [3742]< QUERY_NETWORK_SELECTION_MODE {0}
03-11 09:54:00.719  1374  1530 D RILJ    : [3743]< OPERATOR {, , 46001}
03-11 09:54:00.719  1374  1374 D RILJ    : [3745]> VOICE_REGISTRATION_STATE
03-11 09:54:00.729  1374  1530 D RILJ    : [3744]< DATA_REGISTRATION_STATE {1, null, null, 14, null, 20, 4125, 147, 4855663, null, null}
03-11 09:54:00.729  1374  1530 D RILJ    : [3745]< VOICE_REGISTRATION_STATE {1, 101d, null, 14, null, null, null, 0, null, null, 1, null, null, 0, null}
03-11 09:54:00.729  1374  1374 D RILJ    : [3746]> QUERY_NETWORK_SELECTION_MODE
03-11 09:54:00.729  1374  1530 D RILJ    : [UNSL]< UNSOL_RESPONSE_VOICE_NETWORK_STATE_CHANGED
03-11 09:54:00.729  1374  1374 D PHONE   : [ServiceState] setDataRegState=0
03-11 09:54:00.729  1374  1374 D PHONE   : [ServiceState] setDataRadioTechnology=14
03-11 09:54:00.729  1374  1374 D GsmSST  : [GsmSST] handlPollStateResultMessage: GsmSST setDataRegState=0 regState=1 dataRadioTechnology=14
03-11 09:54:00.729  1374  1374 D PHONE   : [ServiceState] setVoiceRegState=0
03-11 09:54:00.729  1374  1374 E PHONE   : [ServiceState] setState deprecated use setVoiceRegState()
03-11 09:54:00.729  1374  1530 D RILJ    : [3746]< QUERY_NETWORK_SELECTION_MODE {0}
03-11 09:54:00.729  1374  1374 D RILJ    : [3747]> OPERATOR
03-11 09:54:00.729  1374  1374 D RILJ    : [3748]> DATA_REGISTRATION_STATE
03-11 09:54:00.729  1374  1530 D RILJ    : [3747]< OPERATOR {, , 46001}
03-11 09:54:00.729  1374  1374 D RILJ    : [3749]> VOICE_REGISTRATION_STATE
03-11 09:54:00.729  1374  1374 D RILJ    : [3750]> QUERY_NETWORK_SELECTION_MODE
03-11 09:54:00.729  1374  1530 D RILJ    : [3749]< VOICE_REGISTRATION_STATE {1, 101d, null, 14, null, null, null, 0, null, null, 1, null, null, 0, null}
03-11 09:54:00.729  1374  1374 D PHONE   : [ServiceState] setVoiceRegState=0
03-11 09:54:00.729  1374  1374 E PHONE   : [ServiceState] setState deprecated use setVoiceRegState()
03-11 09:54:00.739  1374  1530 D RILJ    : [3748]< DATA_REGISTRATION_STATE {1, null, null, 14, null, 20, 4125, 147, 4855663, null, null}
03-11 09:54:00.739  1374  1374 D PHONE   : [ServiceState] setDataRegState=0
03-11 09:54:00.739  1374  1374 D PHONE   : [ServiceState] setDataRadioTechnology=14
03-11 09:54:00.739  1374  1374 D GsmSST  : [GsmSST] handlPollStateResultMessage: GsmSST setDataRegState=0 regState=1 dataRadioTechnology=14
03-11 09:54:00.739  1374  1530 D RILJ    : [3750]< QUERY_NETWORK_SELECTION_MODE {0}
03-11 09:54:00.739  1374  1374 D GsmSST  : [GsmSST] Poll ServiceState done:  oldSS=[0 1 home   46001  LTE Unknown CSS not supported -1 -1 RoamInd=-1 DefRoamInd=-1 EmergOnly=false] newSS=[0 0 home   46001  LTE LTE CSS not supported -1 -1 RoamInd=-1 DefRoamInd=-1 EmergOnly=false] oldMaxDataCalls=20 mNewMaxDataCalls=20 oldReasonDataDenied=-1 mNewReasonDataDenied=-1
03-11 09:54:00.739  1374  1374 D PHONE   : [ServiceState] setNullState=1
03-11 09:54:00.739  1374  1374 D GsmSST  : [GsmSST] Iwlan feature available = false
03-11 09:54:00.739  1374  1374 D GsmSST  : [GsmSST] pollStateDone: no nitz but one TZ for iso-cc=cn with zone.getID=Asia/Shanghai testOneUniqueOffsetPath=false
03-11 09:54:00.739  1374  1374 D GsmSST  : [GsmSST] setAndBroadcastNetworkSetTimeZone: setTimeZone=Asia/Shanghai
03-11 09:54:00.739  1374  1374 D GsmSST  : [GsmSST] setAndBroadcastNetworkSetTimeZone: call alarm.setTimeZone and broadcast zoneId=Asia/Shanghai
03-11 09:54:00.739  1374  1374 D GsmSST  : [GsmSST] shouldFixTimeZoneNow: retVal=false iccCardExist=true operatorNumeric=46001 mcc=460 prevOperatorNumeric=46001 prevMcc=460 needToFixTimeZone=false ltod=- ::.
03-11 09:54:00.739  1374  1374 D GsmSST  : [GsmSST] notifyDataRegStateRilRadioTechnologyChanged: drs=0 rat=14
03-11 09:54:00.739  1374  1530 D RILJ    : [UNSL]< UNSOL_STK_PROACTIVE_COMMAND D0308103012101820281028D25085C0A656C768475286237FF0C6B228FCE60A84F7F75284E2D56FD8054901A4E1A52A1FF01
03-11 09:54:00.739  1374  1374 D GsmSST  : [GsmSST] Iwlan feature available = false
03-11 09:54:00.739  1374  1374 D GsmDCT  : get all active apn types
03-11 09:54:00.739  1374  1374 D CAT     : CatService: ril message arrived
03-11 09:54:00.739  1374  1374 D GsmDCT  : handleMessage msg={ when=0 what=270376 obj=android.os.AsyncResult@41cb86c8 target=com.android.internal.telephony.dataconnection.DcTracker }
03-11 09:54:00.739  1374  1374 D GsmDCT  : onUpdateIcc: newIccRecords com.android.internal.telephony.uicc.SIMRecords
03-11 09:54:00.739  1374  1374 D GsmDCT  : New records found com.android.internal.telephony.uicc.SIMRecords
03-11 09:54:00.739  1374  1374 D GsmDCT  : onUpdateIcc: tryRestartDataConnections nwTypeChanged
03-11 09:54:00.739  1374  1374 D GsmDCT  : overall state is IDLE
03-11 09:54:00.749  1374  1607 D CAT     : CommandParamsFactory: process DisplayText
03-11 09:54:00.769  1374  1374 D GsmDCT  : tryRestartDataConnections: createAllApnList and cleanUpAllConnections
03-11 09:54:00.769  1374  1374 D GsmDCT  : getOperatorNumberic - returning from card: 46001
03-11 09:54:00.769  1374  1374 D GsmDCT  : createAllApnList: selection=numeric = '46001' and carrier_enabled = 1
03-11 09:54:00.779  1374  1374 D GsmDCT  : createApnList: X result=[[ApnSettingV2] China Unicom 3G, 1583, 46001, 3gnet, null, null, null, null, 80, -1, default | supl, IP, IP, true, 0, [ApnSettingV2]  3g  (China Unicom), 1584, 46001, 3gwap, null, http://mmsc.myuni.com.cn, 10.0.0.172, 80, null, -1, mms, IP, IP, true, 0, [ApnSettingV2] China Unicom MMS, 1585, 46001, uniwap, null, http://mmsc.myuni.com.cn, 10.0.0.172, 80, null, -1, mms, IP, IP, true, 0]
03-11 09:54:00.799  1374  1374 D GsmDCT  : getPreferredApn: mRequestedApnType=default cursor=android.content.ContentResolver$CursorWrapperInner@41fd0bb8 cursor.count=0
03-11 09:54:00.799  1374  1374 D GsmDCT  : getPreferredApn: X not found
03-11 09:54:00.799  1374  1374 D GsmDCT  : createAllApnList: mPreferredApn=null
03-11 09:54:00.799  1374  1374 D GsmDCT  : createAllApnList: X mAllDps=[[ApnSettingV2] China Unicom 3G, 1583, 46001, 3gnet, null, null, null, null, 80, -1, default | supl, IP, IP, true, 0, [ApnSettingV2]  3g  (China Unicom), 1584, 46001, 3gwap, null, http://mmsc.myuni.com.cn, 10.0.0.172, 80, null, -1, mms, IP, IP, true, 0, [ApnSettingV2] China Unicom MMS, 1585, 46001, uniwap, null, http://mmsc.myuni.com.cn, 10.0.0.172, 80, null, -1, mms, IP, IP, true, 0]
03-11 09:54:00.799  1374  1374 D GsmDCT  : setInitialApn: E mPreferredApn=null
03-11 09:54:00.799  1374  1374 D GsmDCT  : setInitialApn: firstApnSetting=[ApnSettingV2] China Unicom 3G, 1583, 46001, 3gnet, null, null, null, null, 80, -1, default | supl, IP, IP, true, 0
03-11 09:54:00.799  1374  1374 D GsmDCT  : setInitialApn: defaultApnSetting=[ApnSettingV2] China Unicom 3G, 1583, 46001, 3gnet, null, null, null, null, 80, -1, default | supl, IP, IP, true, 0
03-11 09:54:00.799  1374  1374 D GsmDCT  : setInitialAttachApn: using defaultApnSetting
03-11 09:54:00.799  1374  1374 D GsmDCT  : setInitialAttachApn: X selected Apn=[ApnSettingV2] China Unicom 3G, 1583, 46001, 3gnet, null, null, null, null, 80, -1, default | supl, IP, IP, true, 0
03-11 09:54:00.799  1374  1374 D RILJ    : Set RIL_REQUEST_SET_INITIAL_ATTACH_APN
03-11 09:54:00.799  1374  1374 D RILJ    : [3751]> RIL_REQUEST_SET_INITIAL_ATTACH_APN, apn:3gnet, protocol:IP, authType:-1, username:null, password:null
03-11 09:54:00.799  1374  1374 D GsmDCT  : cleanUpAllConnections: tearDown=false reason=nwTypeChanged
03-11 09:54:00.799  1374  1374 D GsmDCT  : cleanUpConnection: E tearDown=false reason=nwTypeChanged apnContext={mApnType=fota mState=IDLE mWaitingDataProfiles={null} mWaitingApnsPermanentFailureCountDown=0 mDataProfile={null} mReason=nwTypeChanged mDataEnabled=false mDependencyMet=true}
03-11 09:54:00.799  1374  1374 D GsmDCT  : isDataAllowed: not allowed due to - Attached= false
03-11 09:54:00.799  1374  1374 D GsmDCT  : [ApnContext:fota] getDataProfile: mDataProfile=null
03-11 09:54:00.799  1374  1374 D GsmDCT  : cleanUpConnection: X tearDown=false reason=nwTypeChanged apnContext={mApnType=fota mState=IDLE mWaitingDataProfiles={null} mWaitingApnsPermanentFailureCountDown=0 mDataProfile={null} mReason=nwTypeChanged mDataEnabled=false mDependencyMet=true} dcac=null
03-11 09:54:00.799  1374  1374 D GsmDCT  : cleanUpConnection: E tearDown=false reason=nwTypeChanged apnContext={mApnType=dun mState=IDLE mWaitingDataProfiles={null} mWaitingApnsPermanentFailureCountDown=0 mDataProfile={null} mReason=nwTypeChanged mDataEnabled=false mDependencyMet=true}
03-11 09:54:00.799  1374  1374 D GsmDCT  : isDataAllowed: not allowed due to - Attached= false
03-11 09:54:00.799  1374  1374 D GsmDCT  : [ApnContext:dun] getDataProfile: mDataProfile=null
03-11 09:54:00.799  1374  1530 D RILJ    : [3751]< RIL_REQUEST_SET_INITIAL_ATTACH_APN 
03-11 09:54:00.809  1374  1530 D RILJ    : [UNSL]< UNSOL_RESPONSE_VOICE_NETWORK_STATE_CHANGED
03-11 09:54:00.809  1374  1374 D GsmDCT  : cleanUpConnection: X tearDown=false reason=nwTypeChanged apnContext={mApnType=dun mState=IDLE mWaitingDataProfiles={null} mWaitingApnsPermanentFailureCountDown=0 mDataProfile={null} mReason=nwTypeChanged mDataEnabled=false mDependencyMet=true} dcac=null
03-11 09:54:00.809  1374  1374 D GsmDCT  : cleanUpConnection: E tearDown=false reason=nwTypeChanged apnContext={mApnType=ia mState=IDLE mWaitingDataProfiles={null} mWaitingApnsPermanentFailureCountDown=0 mDataProfile={null} mReason=nwTypeChanged mDataEnabled=false mDependencyMet=true}
03-11 09:54:00.809  1374  1374 D GsmDCT  : isDataAllowed: not allowed due to - Attached= false
03-11 09:54:00.809  1374  1374 D GsmDCT  : [ApnContext:ia] getDataProfile: mDataProfile=null
03-11 09:54:00.809  1374  1374 D GsmDCT  : cleanUpConnection: X tearDown=false reason=nwTypeChanged apnContext={mApnType=ia mState=IDLE mWaitingDataProfiles={null} mWaitingApnsPermanentFailureCountDown=0 mDataProfile={null} mReason=nwTypeChanged mDataEnabled=false mDependencyMet=true} dcac=null
03-11 09:54:00.809  1374  1374 D GsmDCT  : cleanUpConnection: E tearDown=false reason=nwTypeChanged apnContext={mApnType=supl mState=IDLE mWaitingDataProfiles={null} mWaitingApnsPermanentFailureCountDown=0 mDataProfile={null} mReason=nwTypeChanged mDataEnabled=false mDependencyMet=true}
03-11 09:54:00.809  1374  1374 D GsmDCT  : isDataAllowed: not allowed due to - Attached= false
03-11 09:54:00.809  1374  1374 D GsmDCT  : [ApnContext:supl] getDataProfile: mDataProfile=null
03-11 09:54:00.819  1374  1374 D GsmDCT  : cleanUpConnection: X tearDown=false reason=nwTypeChanged apnContext={mApnType=supl mState=IDLE mWaitingDataProfiles={null} mWaitingApnsPermanentFailureCountDown=0 mDataProfile={null} mReason=nwTypeChanged mDataEnabled=false mDependencyMet=true} dcac=null
03-11 09:54:00.819  1374  1374 D GsmDCT  : cleanUpConnection: E tearDown=false reason=nwTypeChanged apnContext={mApnType=hipri mState=IDLE mWaitingDataProfiles={null} mWaitingApnsPermanentFailureCountDown=0 mDataProfile={null} mReason=nwTypeChanged mDataEnabled=false mDependencyMet=true}
03-11 09:54:00.819  1374  1374 D GsmDCT  : isDataAllowed: not allowed due to - Attached= false
03-11 09:54:00.819  1374  1374 D GsmDCT  : [ApnContext:hipri] getDataProfile: mDataProfile=null
03-11 09:54:00.819  1374  1374 D GsmDCT  : cleanUpConnection: X tearDown=false reason=nwTypeChanged apnContext={mApnType=hipri mState=IDLE mWaitingDataProfiles={null} mWaitingApnsPermanentFailureCountDown=0 mDataProfile={null} mReason=nwTypeChanged mDataEnabled=false mDependencyMet=true} dcac=null
03-11 09:54:00.819  1374  1374 D GsmDCT  : cleanUpConnection: E tearDown=false reason=nwTypeChanged apnContext={mApnType=ims mState=IDLE mWaitingDataProfiles={null} mWaitingApnsPermanentFailureCountDown=0 mDataProfile={null} mReason=nwTypeChanged mDataEnabled=false mDependencyMet=true}
03-11 09:54:00.819  1374  1374 D GsmDCT  : isDataAllowed: not allowed due to - Attached= false
03-11 09:54:00.819  1374  1374 D GsmDCT  : [ApnContext:ims] getDataProfile: mDataProfile=null
03-11 09:54:00.819  1374  1374 D GsmDCT  : cleanUpConnection: X tearDown=false reason=nwTypeChanged apnContext={mApnType=ims mState=IDLE mWaitingDataProfiles={null} mWaitingApnsPermanentFailureCountDown=0 mDataProfile={null} mReason=nwTypeChanged mDataEnabled=false mDependencyMet=true} dcac=null
03-11 09:54:00.819  1374  1374 D GsmDCT  : cleanUpConnection: E tearDown=false reason=nwTypeChanged apnContext={mApnType=default mState=IDLE mWaitingDataProfiles={null} mWaitingApnsPermanentFailureCountDown=0 mDataProfile={null} mReason=nwTypeChanged mDataEnabled=true mDependencyMet=true}
03-11 09:54:00.819  1374  1374 D GsmDCT  : isDataAllowed: not allowed due to - Attached= false
03-11 09:54:00.819  1374  1374 D GsmDCT  : [ApnContext:default] getDataProfile: mDataProfile=null
03-11 09:54:00.829  1374  1374 D GsmDCT  : cleanUpConnection: X tearDown=false reason=nwTypeChanged apnContext={mApnType=default mState=IDLE mWaitingDataProfiles={null} mWaitingApnsPermanentFailureCountDown=0 mDataProfile={null} mReason=nwTypeChanged mDataEnabled=true mDependencyMet=true} dcac=null
03-11 09:54:00.829  1374  1374 D GsmDCT  : cleanUpConnection: E tearDown=false reason=nwTypeChanged apnContext={mApnType=mms mState=IDLE mWaitingDataProfiles={null} mWaitingApnsPermanentFailureCountDown=0 mDataProfile={null} mReason=nwTypeChanged mDataEnabled=false mDependencyMet=true}
03-11 09:54:00.829  1374  1374 D GsmDCT  : isDataAllowed: not allowed due to - Attached= false
03-11 09:54:00.829  1374  1374 D GsmDCT  : [ApnContext:mms] getDataProfile: mDataProfile=null
03-11 09:54:00.829  1374  1374 D GsmDCT  : cleanUpConnection: X tearDown=false reason=nwTypeChanged apnContext={mApnType=mms mState=IDLE mWaitingDataProfiles={null} mWaitingApnsPermanentFailureCountDown=0 mDataProfile={null} mReason=nwTypeChanged mDataEnabled=false mDependencyMet=true} dcac=null
03-11 09:54:00.829  1374  1374 D GsmDCT  : cleanUpConnection: E tearDown=false reason=nwTypeChanged apnContext={mApnType=cbs mState=IDLE mWaitingDataProfiles={null} mWaitingApnsPermanentFailureCountDown=0 mDataProfile={null} mReason=nwTypeChanged mDataEnabled=false mDependencyMet=true}
03-11 09:54:00.829  1374  1374 D GsmDCT  : isDataAllowed: not allowed due to - Attached= false
03-11 09:54:00.829  1374  1374 D GsmDCT  : [ApnContext:cbs] getDataProfile: mDataProfile=null
03-11 09:54:00.829  1374  1374 D GsmDCT  : cleanUpConnection: X tearDown=false reason=nwTypeChanged apnContext={mApnType=cbs mState=IDLE mWaitingDataProfiles={null} mWaitingApnsPermanentFailureCountDown=0 mDataProfile={null} mReason=nwTypeChanged mDataEnabled=false mDependencyMet=true} dcac=null
03-11 09:54:00.829  1374  1374 D GsmDCT  : stopNetStatPoll
03-11 09:54:00.829  1374  1374 D GsmDCT  : stopDataStallAlarm: current tag=53913 mDataStallAlarmIntent=null
03-11 09:54:00.829  1374  1374 D GsmDCT  : setupDataOnConnectableApns: nwTypeChanged
03-11 09:54:00.829  1374  1374 D GsmDCT  : setupDataOnConnectableApns: apnContext {mApnType=hipri mState=IDLE mWaitingDataProfiles={null} mWaitingApnsPermanentFailureCountDown=0 mDataProfile={null} mReason=nwTypeChanged mDataEnabled=false mDependencyMet=true}
03-11 09:54:00.829  1374  1374 D GsmDCT  : setupDataOnConnectableApns: apnContext {mApnType=mms mState=IDLE mWaitingDataProfiles={null} mWaitingApnsPermanentFailureCountDown=0 mDataProfile={null} mReason=nwTypeChanged mDataEnabled=false mDependencyMet=true}
03-11 09:54:00.829  1374  1374 D GsmDCT  : setupDataOnConnectableApns: apnContext {mApnType=supl mState=IDLE mWaitingDataProfiles={null} mWaitingApnsPermanentFailureCountDown=0 mDataProfile={null} mReason=nwTypeChanged mDataEnabled=false mDependencyMet=true}
03-11 09:54:00.829  1374  1374 D GsmDCT  : setupDataOnConnectableApns: apnContext {mApnType=cbs mState=IDLE mWaitingDataProfiles={null} mWaitingApnsPermanentFailureCountDown=0 mDataProfile={null} mReason=nwTypeChanged mDataEnabled=false mDependencyMet=true}
03-11 09:54:00.829  1374  1374 D GsmDCT  : setupDataOnConnectableApns: apnContext {mApnType=dun mState=IDLE mWaitingDataProfiles={null} mWaitingApnsPermanentFailureCountDown=0 mDataProfile={null} mReason=nwTypeChanged mDataEnabled=false mDependencyMet=true}
03-11 09:54:00.829  1374  1374 D GsmDCT  : setupDataOnConnectableApns: apnContext {mApnType=fota mState=IDLE mWaitingDataProfiles={null} mWaitingApnsPermanentFailureCountDown=0 mDataProfile={null} mReason=nwTypeChanged mDataEnabled=false mDependencyMet=true}
03-11 09:54:00.829  1374  1374 D GsmDCT  : setupDataOnConnectableApns: apnContext {mApnType=ims mState=IDLE mWaitingDataProfiles={null} mWaitingApnsPermanentFailureCountDown=0 mDataProfile={null} mReason=nwTypeChanged mDataEnabled=false mDependencyMet=true}
03-11 09:54:00.829  1374  1374 D GsmDCT  : setupDataOnConnectableApns: apnContext {mApnType=default mState=IDLE mWaitingDataProfiles={null} mWaitingApnsPermanentFailureCountDown=0 mDataProfile={null} mReason=nwTypeChanged mDataEnabled=true mDependencyMet=true}
03-11 09:54:00.829  1374  1374 D GsmDCT  : setupDataOnConnectableApns: isConnectable() call trySetupData
03-11 09:54:00.829  1374  1374 D GsmDCT  : trySetupData for type:default due to nwTypeChanged apnContext={mApnType=default mState=IDLE mWaitingDataProfiles={null} mWaitingApnsPermanentFailureCountDown=0 mDataProfile={null} mReason=nwTypeChanged mDataEnabled=true mDependencyMet=true}
03-11 09:54:00.829  1374  1374 D GsmDCT  : trySetupData with mIsPsRestricted=false
03-11 09:54:00.829  1374  1374 D GsmDCT  : isDataAllowed: not allowed due to - Attached= false
03-11 09:54:00.829  1374  1374 D GsmDCT  : isDataAllowed: not allowed due to - Attached= false
03-11 09:54:00.829  1374  1374 D GsmDCT  : [ApnContext:fota] getDataProfile: mDataProfile=null
03-11 09:54:00.839  1374  1374 D GsmDCT  : isDataAllowed: not allowed due to - Attached= false
03-11 09:54:00.839  1374  1374 D GsmDCT  : [ApnContext:dun] getDataProfile: mDataProfile=null
03-11 09:54:00.839  1374  1374 D GsmDCT  : isDataAllowed: not allowed due to - Attached= false
03-11 09:54:00.839  1374  1374 D GsmDCT  : [ApnContext:ia] getDataProfile: mDataProfile=null
03-11 09:54:00.839  1374  1374 D GsmDCT  : isDataAllowed: not allowed due to - Attached= false
03-11 09:54:00.839  1374  1374 D GsmDCT  : [ApnContext:supl] getDataProfile: mDataProfile=null
03-11 09:54:00.839  1374  1374 D GsmDCT  : isDataAllowed: not allowed due to - Attached= false
03-11 09:54:00.839  1374  1374 D GsmDCT  : [ApnContext:hipri] getDataProfile: mDataProfile=null
03-11 09:54:00.839  1374  1374 D GsmDCT  : isDataAllowed: not allowed due to - Attached= false
03-11 09:54:00.839  1374  1374 D GsmDCT  : [ApnContext:ims] getDataProfile: mDataProfile=null
03-11 09:54:00.849  1374  1374 D GsmDCT  : isDataAllowed: not allowed due to - Attached= false
03-11 09:54:00.849  1374  1374 D GsmDCT  : [ApnContext:default] getDataProfile: mDataProfile=null
03-11 09:54:00.849  1374  1374 D GsmDCT  : isDataAllowed: not allowed due to - Attached= false
03-11 09:54:00.849  1374  1374 D GsmDCT  : [ApnContext:mms] getDataProfile: mDataProfile=null
03-11 09:54:00.849  1374  1530 D RILJ    : [UNSL]< UNSOL_RESPONSE_VOICE_NETWORK_STATE_CHANGED
03-11 09:54:00.849  1374  1374 D GsmDCT  : isDataAllowed: not allowed due to - Attached= false
03-11 09:54:00.849  1374  1374 D GsmDCT  : [ApnContext:cbs] getDataProfile: mDataProfile=null
03-11 09:54:00.859  1374  1374 D GsmDCT  : trySetupData: X apnContext not 'ready' retValue=false
03-11 09:54:00.859  1374  1374 D GsmDCT  : setupDataOnConnectableApns: apnContext {mApnType=ia mState=IDLE mWaitingDataProfiles={null} mWaitingApnsPermanentFailureCountDown=0 mDataProfile={null} mReason=nwTypeChanged mDataEnabled=false mDependencyMet=true}
03-11 09:54:00.859  1374  1374 D GsmDCT  : handleMessage msg={ when=-119ms what=270352 obj=android.os.AsyncResult@41a7a7a8 target=com.android.internal.telephony.dataconnection.DcTracker }
03-11 09:54:00.859  1374  1374 D GsmDCT  : onDataConnectionAttached
03-11 09:54:00.859  1374  1374 D GsmDCT  : overall state is IDLE
03-11 09:54:00.859  1374  1374 D GsmDCT  : [ApnContext:fota] getDataProfile: mDataProfile=null
03-11 09:54:00.859  1374  1374 D GsmDCT  : [ApnContext:dun] getDataProfile: mDataProfile=null
03-11 09:54:00.869  1374  1374 D GsmDCT  : [ApnContext:ia] getDataProfile: mDataProfile=null
03-11 09:54:00.869  1374  1374 D GsmDCT  : [ApnContext:supl] getDataProfile: mDataProfile=null
03-11 09:54:00.869  1374  1374 D GsmDCT  : [ApnContext:hipri] getDataProfile: mDataProfile=null
03-11 09:54:00.869  1374  1374 D GsmDCT  : [ApnContext:ims] getDataProfile: mDataProfile=null
03-11 09:54:00.879  1374  1374 D GsmDCT  : [ApnContext:mms] getDataProfile: mDataProfile=null
03-11 09:54:00.879  1374  1374 D GsmDCT  : [ApnContext:cbs] getDataProfile: mDataProfile=null
03-11 09:54:00.879  1374  1374 D GsmDCT  : setupDataOnConnectableApns: dataAttached
03-11 09:54:00.879  1374  1374 D GsmDCT  : setupDataOnConnectableApns: apnContext {mApnType=hipri mState=IDLE mWaitingDataProfiles={null} mWaitingApnsPermanentFailureCountDown=0 mDataProfile={null} mReason=nwTypeChanged mDataEnabled=false mDependencyMet=true}
03-11 09:54:00.879  1374  1374 D GsmDCT  : setupDataOnConnectableApns: apnContext {mApnType=mms mState=IDLE mWaitingDataProfiles={null} mWaitingApnsPermanentFailureCountDown=0 mDataProfile={null} mReason=nwTypeChanged mDataEnabled=false mDependencyMet=true}
03-11 09:54:00.879  1374  1374 D GsmDCT  : setupDataOnConnectableApns: apnContext {mApnType=supl mState=IDLE mWaitingDataProfiles={null} mWaitingApnsPermanentFailureCountDown=0 mDataProfile={null} mReason=nwTypeChanged mDataEnabled=false mDependencyMet=true}
03-11 09:54:00.879  1374  1374 D GsmDCT  : setupDataOnConnectableApns: apnContext {mApnType=cbs mState=IDLE mWaitingDataProfiles={null} mWaitingApnsPermanentFailureCountDown=0 mDataProfile={null} mReason=nwTypeChanged mDataEnabled=false mDependencyMet=true}
03-11 09:54:00.879  1374  1374 D GsmDCT  : setupDataOnConnectableApns: apnContext {mApnType=dun mState=IDLE mWaitingDataProfiles={null} mWaitingApnsPermanentFailureCountDown=0 mDataProfile={null} mReason=nwTypeChanged mDataEnabled=false mDependencyMet=true}
03-11 09:54:00.879  1374  1374 D GsmDCT  : setupDataOnConnectableApns: apnContext {mApnType=fota mState=IDLE mWaitingDataProfiles={null} mWaitingApnsPermanentFailureCountDown=0 mDataProfile={null} mReason=nwTypeChanged mDataEnabled=false mDependencyMet=true}
03-11 09:54:00.879  1374  1374 D GsmDCT  : setupDataOnConnectableApns: apnContext {mApnType=ims mState=IDLE mWaitingDataProfiles={null} mWaitingApnsPermanentFailureCountDown=0 mDataProfile={null} mReason=nwTypeChanged mDataEnabled=false mDependencyMet=true}
03-11 09:54:00.879  1374  1374 D GsmDCT  : setupDataOnConnectableApns: apnContext {mApnType=default mState=IDLE mWaitingDataProfiles={null} mWaitingApnsPermanentFailureCountDown=0 mDataProfile={null} mReason=nwTypeChanged mDataEnabled=true mDependencyMet=true}
03-11 09:54:00.879  1374  1374 D GsmDCT  : setupDataOnConnectableApns: isConnectable() call trySetupData
03-11 09:54:00.879  1374  1374 D GsmDCT  : trySetupData for type:default due to dataAttached apnContext={mApnType=default mState=IDLE mWaitingDataProfiles={null} mWaitingApnsPermanentFailureCountDown=0 mDataProfile={null} mReason=dataAttached mDataEnabled=true mDependencyMet=true}
03-11 09:54:00.879  1374  1374 D GsmDCT  : trySetupData with mIsPsRestricted=false
03-11 09:54:00.879  1374  1374 D GsmDCT  : isEmergency: result=false
03-11 09:54:00.879  1374  1374 D GsmDCT  : buildWaitingApns: E requestedApnType=default
03-11 09:54:00.879  1374  1374 D GsmDCT  : getOperatorNumberic - returning from card: 46001
03-11 09:54:00.879  1374  1374 D GsmDCT  : buildWaitingApns: usePreferred=true canSetPreferApn=true mPreferredApn=null operator=46001 radioTech=14
03-11 09:54:00.879  1374  1374 D GsmDCT  : buildWaitingApns: mAllDps=[[ApnSettingV2] China Unicom 3G, 1583, 46001, 3gnet, null, null, null, null, 80, -1, default | supl, IP, IP, true, 0, [ApnSettingV2]  3g  (China Unicom), 1584, 46001, 3gwap, null, http://mmsc.myuni.com.cn, 10.0.0.172, 80, null, -1, mms, IP, IP, true, 0, [ApnSettingV2] China Unicom MMS, 1585, 46001, uniwap, null, http://mmsc.myuni.com.cn, 10.0.0.172, 80, null, -1, mms, IP, IP, true, 0]
03-11 09:54:00.879  1374  1374 D GsmDCT  : buildWaitingApns: apn=[ApnSettingV2] China Unicom 3G, 1583, 46001, 3gnet, null, null, null, null, 80, -1, default | supl, IP, IP, true, 0
03-11 09:54:00.879  1374  1374 D GsmDCT  : buildWaitingApns: adding apn=[ApnSettingV2] China Unicom 3G, 1583, 46001, 3gnet, null, null, null, null, 80, -1, default | supl, IP, IP, true, 0
03-11 09:54:00.879  1374  1374 D GsmDCT  : buildWaitingApns: apn=[ApnSettingV2]  3g  (China Unicom), 1584, 46001, 3gwap, null, http://mmsc.myuni.com.cn, 10.0.0.172, 80, null, -1, mms, IP, IP, true, 0
03-11 09:54:00.879  1374  1374 D GsmDCT  : buildWaitingApns: couldn't handle requesedApnType=default
03-11 09:54:00.879  1374  1374 D GsmDCT  : buildWaitingApns: apn=[ApnSettingV2] China Unicom MMS, 1585, 46001, uniwap, null, http://mmsc.myuni.com.cn, 10.0.0.172, 80, null, -1, mms, IP, IP, true, 0
03-11 09:54:00.879  1374  1374 D GsmDCT  : buildWaitingApns: couldn't handle requesedApnType=default
03-11 09:54:00.879  1374  1374 D GsmDCT  : buildWaitingApns: X apnList=[[ApnSettingV2] China Unicom 3G, 1583, 46001, 3gnet, null, null, null, null, 80, -1, default | supl, IP, IP, true, 0]
03-11 09:54:00.879  1374  1374 D GsmDCT  : trySetupData: Create from mAllDps : [[ApnSettingV2] China Unicom 3G, 1583, 46001, 3gnet, null, null, null, null, 80, -1, default | supl, IP, IP, true, 0][[ApnSettingV2]  3g  (China Unicom), 1584, 46001, 3gwap, null, http://mmsc.myuni.com.cn, 10.0.0.172, 80, null, -1, mms, IP, IP, true, 0][[ApnSettingV2] China Unicom MMS, 1585, 46001, uniwap, null, http://mmsc.myuni.com.cn, 10.0.0.172, 80, null, -1, mms, IP, IP, true, 0]
03-11 09:54:00.879  1374  1374 D GsmDCT  : trySetupData: call setupData, waitingApns : [[ApnSettingV2] China Unicom 3G, 1583, 46001, 3gnet, null, null, null, null, 80, -1, default | supl, IP, IP, true, 0]
03-11 09:54:00.879  1374  1374 D GsmDCT  : setupData: apnContext={mApnType=default mState=IDLE mWaitingDataProfiles={[[ApnSettingV2] China Unicom 3G, 1583, 46001, 3gnet, null, null, null, null, 80, -1, default | supl, IP, IP, true, 0]} mWaitingApnsPermanentFailureCountDown=1 mDataProfile={null} mReason=dataAttached mDataEnabled=true mDependencyMet=true}
03-11 09:54:00.879  1374  1374 D GsmDCT  : checkForCompatibleConnectedApnContext: apnContext={mApnType=default mState=IDLE mWaitingDataProfiles={[[ApnSettingV2] China Unicom 3G, 1583, 46001, 3gnet, null, null, null, null, 80, -1, default | supl, IP, IP, true, 0]} mWaitingApnsPermanentFailureCountDown=1 mDataProfile={null} mReason=dataAttached mDataEnabled=true mDependencyMet=true}
03-11 09:54:00.879  1374  1374 D GsmDCT  : checkForCompatibleConnectedApnContext: NO conn apnContext={mApnType=default mState=IDLE mWaitingDataProfiles={[[ApnSettingV2] China Unicom 3G, 1583, 46001, 3gnet, null, null, null, null, 80, -1, default | supl, IP, IP, true, 0]} mWaitingApnsPermanentFailureCountDown=1 mDataProfile={null} mReason=dataAttached mDataEnabled=true mDependencyMet=true}
03-11 09:54:00.879  1374  1374 D GsmDCT  : isOnlySingleDcAllowed(14): false
03-11 09:54:00.879  1374  1374 D GsmDCT  : findFreeDataConnection: NO free DataConnection
03-11 09:54:00.879  1374  1374 D GsmDCT  : createDataConnection E
03-11 09:54:00.889  1374  1374 D GsmDC-1 : DataConnection constructor E
03-11 09:54:00.889  1374  1374 D GsmDC-1 : [dcRac] DcRetryAlarmController: register for intent action=com.android.internal.telephony.dataconnection.DataConnection.GsmDC-1.action_retry
03-11 09:54:00.889  1374  1374 D GsmDC-1 : DataConnection constructor X
03-11 09:54:00.889  1374  1374 D GsmDC-1 : Made GsmDC-1
03-11 09:54:00.889  1374  1612 D GsmDC-1 : DcDefaultState: enter
03-11 09:54:00.889  1374  1612 D GsmSST  : [GsmSST] notifyDataRegStateRilRadioTechnologyChanged: drs=0 rat=14
03-11 09:54:00.889  1374  1612 D GsmDC-1 : DcInactiveState: enter() mTag=1
03-11 09:54:00.889  1374  1612 D Dcc     : removeActiveDcByCid removedDc=null dc={GsmDC-1: State=DcInactiveState mApnSetting=null RefCount=0 mCid=-1 mCreateTime=0 mLastastFailTime=0 mLastFailCause=null mTag=1 mRetryManager=RetryManager: { forever=false maxRetry=0 curMaxRetry=0 retry=0 config={null} retryArray={}} mLinkProperties={LinkAddresses: []  Routes: [] DnsAddresses: [] Domains: nullMTU: 0} mLinkCapabilities={} mApnContexts=[]}
03-11 09:54:00.889  1374  1612 D GsmDC-1 : clearSettings
03-11 09:54:00.889  1374  1612 D GsmDC-1 : DcInactiveState nothandled msg.what=CMD_CHANNEL_FULL_CONNECTION
03-11 09:54:00.889  1374  1612 D GsmDC-1 : DcDefault msg=CMD_CHANNEL_FULL_CONNECTION RefCount=0
03-11 09:54:00.889  1374  1612 D GsmDC-1 : DcDefaultState: FULL_CONNECTION reply connected
03-11 09:54:00.889  1374  1612 D GsmDC-1 : DcInactiveState nothandled msg.what=EVENT_DATA_CONNECTION_DRS_OR_RAT_CHANGED
03-11 09:54:00.889  1374  1612 D GsmDC-1 : DcDefault msg=EVENT_DATA_CONNECTION_DRS_OR_RAT_CHANGED RefCount=0
03-11 09:54:00.889  1374  1612 D GsmDC-1 : DcDefaultState: EVENT_DATA_CONNECTION_DRS_OR_RAT_CHANGED drs=0 mRilRat=14
03-11 09:54:00.889  1374  1374 D GsmDCT  : createDataConnection() X id=0 dc={GsmDC-1: State=DcInactiveState mApnSetting=null RefCount=0 mCid=-1 mCreateTime=-1 mLastastFailTime=-1 mLastFailCause=NONE mTag=1 mRetryManager=RetryManager: { forever=false maxRetry=0 curMaxRetry=0 retry=0 config={null} retryArray={}} mLinkProperties={LinkAddresses: []  Routes: [] DnsAddresses: [] Domains: nullMTU: 0} mLinkCapabilities={} mApnContexts=[]}
03-11 09:54:00.889  1374  1374 D GsmDCT  : setupData: dcac=GsmDC-1 apnSetting=[ApnSettingV2] China Unicom 3G, 1583, 46001, 3gnet, null, null, null, null, 80, -1, default | supl, IP, IP, true, 0
03-11 09:54:00.889  1374  1374 D GsmDCT  : [ApnContext:default] setDataProfile: mDataProfile=[ApnSettingV2] China Unicom 3G, 1583, 46001, 3gnet, null, null, null, null, 80, -1, default | supl, IP, IP, true, 0
03-11 09:54:00.889  1374  1374 D GsmDCT  : [ApnContext:default] getDataProfile: mDataProfile=[ApnSettingV2] China Unicom 3G, 1583, 46001, 3gnet, null, null, null, null, 80, -1, default | supl, IP, IP, true, 0
03-11 09:54:00.899  1374  1374 D GsmDCT  : setupData: initing!
03-11 09:54:00.899  1374  1612 D GsmDC-1 : DcInactiveState: mag.what=EVENT_CONNECT
03-11 09:54:00.899  1374  1612 D GsmDCT  : [ApnContext:default] getDataProfile: mDataProfile=[ApnSettingV2] China Unicom 3G, 1583, 46001, 3gnet, null, null, null, null, 80, -1, default | supl, IP, IP, true, 0
03-11 09:54:00.899  1374  1612 E PHONE   : ServiceState.getNetworkType() DEPRECATED will be removed *******
03-11 09:54:00.899  1374  1374 D GsmDCT  : [ApnContext:fota] getDataProfile: mDataProfile=null
03-11 09:54:00.899  1374  1612 D GsmDC-1 : configureRetry: forDefault=true mRetryManager=RetryManager: { forever=false maxRetry=10 curMaxRetry=10 retry=0 config={default_randomization=2000,5000,10000,20000,40000,80000:5000,160000:5000,320000:5000,640000:5000,1280000:5000,1800000:5000} retryArray={5000:2000 10000:2000 20000:2000 40000:2000 80000:5000 160000:5000 320000:5000 640000:5000 1280000:5000 1800000:5000 }}
03-11 09:54:00.899  1374  1374 D GsmDCT  : [ApnContext:dun] getDataProfile: mDataProfile=null
03-11 09:54:00.899  1374  1612 D GsmDC-1 : initConnection:  RefCount=1 mApnList=[{mApnType=default mState=CONNECTING mWaitingDataProfiles={[[ApnSettingV2] China Unicom 3G, 1583, 46001, 3gnet, null, null, null, null, 80, -1, default | supl, IP, IP, true, 0]} mWaitingApnsPermanentFailureCountDown=1 mDataProfile={[ApnSettingV2] China Unicom 3G, 1583, 46001, 3gnet, null, null, null, null, 80, -1, default | supl, IP, IP, true, 0} mReason=dataAttached mDataEnabled=true mDependencyMet=true}] mConnectionParams={mTag=2 mApnContext={mApnType=default mState=CONNECTING mWaitingDataProfiles={[[ApnSettingV2] China Unicom 3G, 1583, 46001, 3gnet, null, null, null, null, 80, -1, default | supl, IP, IP, true, 0]} mWaitingApnsPermanentFailureCountDown=1 mDataProfile={[ApnSettingV2] China Unicom 3G, 1583, 46001, 3gnet, null, null, null, null, 80, -1, default | supl, IP, IP, true, 0} mReason=dataAttached mDataEnabled=true mDependencyMet=true} mInitialMaxRetry=1 mProfileId=0 mRat=14 mOnCompletedMsg={what=0x42000 when=-60s652ms obj={mApnType=default mState=CONNECTING mWaitingDataProfiles={[[ApnSettingV2] China Unicom 3G, 1583, 46001, 3gnet, null, null, null, null, 80, -1, default | supl, IP, IP, true, 0]} mWaitingApnsPermanentFailureCountDown=1 mDataProfile={[ApnSettingV2] China Unicom 3G, 1583, 46001, 3gnet, null, null, null, null, 80, -1, default | supl, IP, IP, true, 0} mReason=dataAttached mDataEnabled=true mDependencyMet=true} target=Handler (com.android.internal.telephony.dataconnection.DcTracker) {41c25a38} replyTo=null}}
03-11 09:54:00.899  1374  1612 D GsmDC-1 : onConnect: mApnSetting=[ApnSettingV2] China Unicom 3G, 1583, 46001, 3gnet, null, null, null, null, 80, -1, default | supl, IP, IP, true, 0 cp={mTag=2 mApnContext={mApnType=default mState=CONNECTING mWaitingDataProfiles={[[ApnSettingV2] China Unicom 3G, 1583, 46001, 3gnet, null, null, null, null, 80, -1, default | supl, IP, IP, true, 0]} mWaitingApnsPermanentFailureCountDown=1 mDataProfile={[ApnSettingV2] China Unicom 3G, 1583, 46001, 3gnet, null, null, null, null, 80, -1, default | supl, IP, IP, true, 0} mReason=dataAttached mDataEnabled=true mDependencyMet=true} mInitialMaxRetry=1 mProfileId=0 mRat=14 mOnCompletedMsg={what=0x42000 when=-60s653ms obj={mApnType=default mState=CONNECTING mWaitingDataProfiles={[[ApnSettingV2] China Unicom 3G, 1583, 46001, 3gnet, null, null, null, null, 80, -1, default | supl, IP, IP, true, 0]} mWaitingApnsPermanentFailureCountDown=1 mDataProfile={[ApnSettingV2] China Unicom 3G, 1583, 46001, 3gnet, null, null, null, null, 80, -1, default | supl, IP, IP, true, 0} mReason=dataAttached mDataEnabled=true mDependencyMet=true} target=Handler (com.android.internal.telephony.dataconnection.DcTracker) {41c25a38} replyTo=null}}
03-11 09:54:00.899  1374  1612 D RILJ    : [3752]> SETUP_DATA_CALL 16 0 3gnet null null 0 IP
03-11 09:54:00.899  1374  1374 D GsmDCT  : [ApnContext:ia] getDataProfile: mDataProfile=null
03-11 09:54:00.899  1374  1374 D GsmDCT  : [ApnContext:supl] getDataProfile: mDataProfile=null
03-11 09:54:00.899  1374  1374 D GsmDCT  : [ApnContext:hipri] getDataProfile: mDataProfile=null
03-11 09:54:00.899  1374  1374 D GsmDCT  : [ApnContext:ims] getDataProfile: mDataProfile=null
03-11 09:54:00.899  1374  1374 D GsmDCT  : [ApnContext:mms] getDataProfile: mDataProfile=null
03-11 09:54:00.909  1374  1374 D GsmDCT  : [ApnContext:cbs] getDataProfile: mDataProfile=null
03-11 09:54:00.909  1374  1374 D GsmDCT  : trySetupData: X retValue=true
03-11 09:54:00.909  1374  1374 D GsmDCT  : setupDataOnConnectableApns: apnContext {mApnType=ia mState=IDLE mWaitingDataProfiles={null} mWaitingApnsPermanentFailureCountDown=0 mDataProfile={null} mReason=nwTypeChanged mDataEnabled=false mDependencyMet=true}
03-11 09:54:00.909  1374  1374 D GsmDCT  : handleMessage msg={ when=-164ms what=270338 obj=android.os.AsyncResult@41b1a838 target=com.android.internal.telephony.dataconnection.DcTracker }
03-11 09:54:00.909  1374  1374 D GsmDCT  : onRecordsLoaded
03-11 09:54:00.929   180   321 E RILQ    : (0/180): RIL[0][main] qmi_ril_check_android_unsol_resp_dispatchable: invalid android_unsol_resp id 11036
03-11 09:54:00.929   180   321 E RILQ    : (0/180): RIL[0][main] qmi_ril_add_unsol_resp_to_pending_list: invalid android_unsol_resp id 11036
03-11 09:54:00.929  1374  1530 D RILJ    : [3752]< SETUP_DATA_CALL DataCallResponse: {version=9 status=-3 retry=-1 cid=0 active=0 type=' ifname='' addresses=[] dnses=[] gateways=[]}
03-11 09:54:00.929  1374  1612 D GsmDC-1 : DcActivatingState: msg={what=EVENT_SETUP_DATA_CONNECTION_DONE when=0 obj=android.os.AsyncResult@41c93738 target=Handler (com.android.internal.util.StateMachine$SmHandler) {41aa0c10} replyTo=null}
03-11 09:54:00.939  1374  1612 D GsmDC-1 : DcActivatingState onSetupConnectionCompleted result=ERR_RilError  SetupResult.mFailCause=SIGNAL_LOST dc={GsmDC-1: State=DcActivatingState mApnSetting=[ApnSettingV2] China Unicom 3G, 1583, 46001, 3gnet, null, null, null, null, 80, -1, default | supl, IP, IP, true, 0 RefCount=1 mCid=-1 mCreateTime=-1 mLastastFailTime=-1 mLastFailCause=NONE mTag=2 mRetryManager=RetryManager: { forever=false maxRetry=10 curMaxRetry=1 retry=0 config={default_randomization=2000,5000,10000,20000,40000,80000:5000,160000:5000,320000:5000,640000:5000,1280000:5000,1800000:5000} retryArray={5000:2000 10000:2000 20000:2000 40000:2000 80000:5000 160000:5000 320000:5000 640000:5000 1280000:5000 1800000:5000 }} mLinkProperties={LinkAddresses: []  Routes: [] DnsAddresses: [] Domains: nullMTU: 0} mLinkCapabilities={} mApnContexts=[{mApnType=default mState=CONNECTING mWaitingDataProfiles={[[ApnSettingV2] China Unicom 3G, 1583, 46001, 3gnet, null, null, null, null, 80, -1, default | supl, IP, IP, true, 0]} mWaitingApnsPermanentFailureCountDown=1 mDataProfile={[ApnSettingV2] China Unicom 3G, 1583, 46001, 3gnet, null, null, null, null, 80, -1, default | supl, IP, IP, true, 0} mReason=dataAttached mDataEnabled=true mDependencyMet=true}]}
03-11 09:54:00.939  1374  1612 D GsmDC-1 : [dcRac] getSuggestedRetryTime: retry is needed
