03-11 09:53:04.420   180   180 D RILD    : **RIL Daemon Started**
03-11 09:53:04.420   180   180 D RILD    : **RILd param count=1**
03-11 09:53:04.450   188   188 E use-Rlog/RLOG-Diag_Lib:  Diag_LSM_Init: Failed to open handle to diag driver, error = 2
03-11 09:53:04.450   188   188 E use-Rlog/RLOG-Diag_Lib:  Diag_LSM_Init: Failed to open handle to diag driver, error = 2
03-11 09:53:04.450   191   191 E use-Rlog/RLOG-Diag_Lib:  Diag_LSM_Init: Failed to open handle to diag driver, error = 2
03-11 09:53:04.450   189   189 E use-Rlog/RLOG-Diag_Lib:  Diag_LSM_Init: Failed to open handle to diag driver, error = 2
03-11 09:53:04.110   180   180 E use-Rlog/RLOG-Diag_Lib:  Diag_LSM_Init: Failed to open handle to diag driver, error = 2
03-11 09:53:04.110   180   180 E RILQ    : (0/180): RIL[0][rild] qcril_log_init: Fail to initialize Diag for QCRIL logging
03-11 09:53:04.130   180   180 E RILC    : RIL_register: RIL version 9
03-11 09:53:04.130   180   321 E use-Rlog/RLOG-Diag_Lib:  Diag_LSM_Init: Failed to open handle to diag driver, error = 2
03-11 09:53:04.490   190   190 E use-Rlog/RLOG-Diag_Lib:  Diag_LSM_Init: Failed to open handle to diag driver, error = 2
03-11 09:53:05.610   194   232 E use-Rlog/RLOG-Diag_Lib:  Diag_LSM_Init: Failed to open handle to diag driver, error = 2
03-11 09:53:05.610   199   199 E use-Rlog/RLOG-Diag_Lib:  Diag_LSM_Init: Failed to open handle to diag driver, error = 2
03-11 09:53:05.650   191   497 E use-Rlog/RLOG-Diag_Lib:  Diag_LSM_Init: Failed to open handle to diag driver, error = 2
03-11 09:53:07.150   180   321 E RILQ    : (0/180): RIL[0][main] qcril_qmi_init_core_client_handles: qcril_qmi_presence_init returned failure(31)
03-11 09:53:07.180   180   321 E RILQ    : (0/180): RIL[0][main] qcril_qmi_nas_retrieve_custom_emergency_numbers_configured_value: Invalid value for properties count 0
03-11 09:53:07.180   180   321 E RILQ    : (0/180): RIL[0][main] qcril_sms_perform_transport_layer_info_initialization: error while retrieving transport layer reg info
03-11 09:53:07.180   180   594 E RILQ    : (0/180): RIL[0] get_ecc_property_name: ecc list name : ril.ecclist.
03-11 09:53:07.200   180   321 E use-Rlog/RLOG-Diag_Lib:  Diag_LSM_Init: Failed to open handle to diag driver, error = 2
03-11 09:53:07.300   180   325 E RILQ    : (0/180): RIL[0][event] qcril_uim_update_pbm_card_event: PBM_HANDLE_CARD 397313 processing Failed!
03-11 09:53:07.310   180   325 E RILQ    : (0/180): RIL[0][event] qcril_uim_update_pbm_card_event: PBM_HANDLE_CARD 397314 processing Failed!
03-11 09:53:09.560   190   190 E use-Rlog/RLOG-Diag_Lib:  Diag_LSM_Init: Failed to open handle to diag driver, error = 2
03-11 09:53:10.549   185   185 E use-Rlog/RLOG-Diag_Lib:  Diag_LSM_Init: Failed to open handle to diag driver, error = 2
03-11 09:53:10.549   185   185 E use-Rlog/RLOG-Diag_Lib:  diagpkt_tbl_reg: Registration failed.
03-11 09:53:15.249   183   183 D TelephonyManager: No /proc/cmdline exception=java.io.FileNotFoundException: /proc/cmdline: open failed: EACCES (Permission denied)
03-11 09:53:15.249   183   183 D TelephonyManager: /proc/cmdline=
03-11 09:53:53.169   807  1365 E use-Rlog/RLOG-Diag_Lib:  Diag_LSM_Init: Failed to open handle to diag driver, error = 2
03-11 09:53:53.169   807   837 E use-Rlog/RLOG-Diag_Lib:  Diag_LSM_Init: Failed to open handle to diag driver, error = 2
03-11 09:53:53.529  1374  1374 D TelephonyManager: getLteOnCdmaMode=1 curVal=1 product_type='' lteOnCdmaProductType=''
03-11 09:53:53.529  1374  1374 I PhoneFactory: Network Mode set to 10
03-11 09:53:53.529  1374  1374 I PhoneFactory: Cdma Subscription set to 1
03-11 09:53:53.529  1374  1374 I PhoneFactory: RILClassname is RIL
03-11 09:53:53.539  1374  1374 D RILJ    : RIL(context, preferredNetworkType=10 cdmaSubscription=1)
03-11 09:53:53.539  1374  1374 D RILJ    : Starting RILReceiver
03-11 09:53:53.549   180   321 I RILC    : libril: new connection
03-11 09:53:53.549   180   321 I RILC    : RIL Daemon version: Qualcomm RIL 1.0
03-11 09:53:53.549  1374  1530 I RILJ    : Connected to 'rild' socket
03-11 09:53:53.549  1374  1374 D UiccController: Creating UiccController
03-11 09:53:53.549  1374  1530 D RILJ    : [UNSL]< UNSOL_RIL_CONNECTED {9}
03-11 09:53:53.549  1374  1374 D TelephonyManager: getLteOnCdmaMode=1 curVal=1 product_type='' lteOnCdmaProductType=''
03-11 09:53:53.549  1374  1374 I PhoneFactory: Creating CDMALTEPhone
03-11 09:53:53.549  1374  1530 D RILJ    : [3648]> RADIO_POWER off
03-11 09:53:53.549  1374  1530 D RILJ    : [3649]> REQUEST_SET_PREFERRED_NETWORK_TYPE : 10
03-11 09:53:53.549  1374  1530 D RILJ    : [3650]> RIL_REQUEST_CDMA_SET_SUBSCRIPTION_SOURCE : 1
03-11 09:53:53.549  1374  1530 D RILJ    : [UNSL]< UNSOL_RESPONSE_RADIO_STATE_CHANGED RADIO_OFF
03-11 09:53:53.549  1374  1530 D RILJ    : [3651]> SCREEN_STATE: true
03-11 09:53:53.549  1374  1374 D TelephonyTester: register for intent action=com.android.internal.telephony.cdma.action_detached
03-11 09:53:53.549  1374  1374 D TelephonyTester: register for intent action=com.android.internal.telephony.cdma.action_attached
03-11 09:53:53.549  1374  1374 D PhoneBase: mDoesRilSendMultipleCallRing=false
03-11 09:53:53.549  1374  1374 D PhoneBase: mCallRingDelay=3000
03-11 09:53:53.559  1374  1530 D RilRequest: [3649]< REQUEST_SET_PREFERRED_NETWORK_TYPE error: com.android.internal.telephony.CommandException: GENERIC_FAILURE ret=null
03-11 09:53:53.559  1374  1530 D RILJ    : [3651]< SCREEN_STATE 
03-11 09:53:53.559  1374  1530 D RilRequest: [3650]< RIL_REQUEST_CDMA_SET_SUBSCRIPTION_SOURCE error: com.android.internal.telephony.CommandException: GENERIC_FAILURE ret=null
03-11 09:53:53.569  1374  1374 D PhoneBase: mOosIsDisconnect=true
03-11 09:53:53.569  1374  1374 D CdmaSST : [CdmaLteSST] CdmaLteServiceStateTracker Constructors
03-11 09:53:53.569  1374  1374 D RILJ    : setPhoneType=2 old value=0
03-11 09:53:53.569  1374  1374 D         : DCT.constructor
03-11 09:53:53.579  1374  1374 D Dcc     : E ctor
03-11 09:53:53.579  1374  1374 D Dcc     : X ctor
03-11 09:53:53.579  1374  1541 D DcTesterDeacativeAll: register for intent action=com.android.internal.telephony.dataconnection.action_deactivate_all
03-11 09:53:53.579  1374  1541 D DcTesterDeacativeAll: register for intent action=com.android.internal.telephony.cdma.action_detached
03-11 09:53:53.579  1374  1374 D DcTesterFailBrinupAll: register for intent action=com.android.internal.telephony.dataconnection.action_fail_bringup
03-11 09:53:53.579  1374  1374 D DcTesterFailBrinupAll: register for intent action=com.android.internal.telephony.cdma.action_detached
03-11 09:53:53.579  1374  1374 D DcTesterFailBrinupAll: register for intent action=com.android.internal.telephony.cdma.action_attached
03-11 09:53:53.579  1374  1541 D Dcc     : DccDefaultState: msg.what=EVENT_RIL_CONNECTED mRilVersion=9
03-11 09:53:53.579  1374  1374 D CdmaDCT : CdmaDCT.constructor
03-11 09:53:53.579  1374  1374 D CdmaSST : [CdmaLteSST] notifyDataRegStateRilRadioTechnologyChanged: drs=1 rat=0
03-11 09:53:53.579  1374  1374 D CdmaDCT : initApnContexts: E
03-11 09:53:53.579  1374  1374 D CdmaDCT : initApnContexts: skipping unknown type=1
03-11 09:53:53.579  1374  1374 D CdmaDCT : initApnContexts: apnContext={mApnType=default mState=IDLE mWaitingDataProfiles={null} mWaitingApnsPermanentFailureCountDown=0 mDataProfile={null} mReason=dataEnabled mDataEnabled=true mDependencyMet=true}
03-11 09:53:53.579  1374  1374 D CdmaDCT : initApnContexts: apnContext={mApnType=mms mState=IDLE mWaitingDataProfiles={null} mWaitingApnsPermanentFailureCountDown=0 mDataProfile={null} mReason=dataEnabled mDataEnabled=false mDependencyMet=true}
03-11 09:53:53.579  1374  1374 D CdmaDCT : initApnContexts: apnContext={mApnType=supl mState=IDLE mWaitingDataProfiles={null} mWaitingApnsPermanentFailureCountDown=0 mDataProfile={null} mReason=dataEnabled mDataEnabled=false mDependencyMet=true}
03-11 09:53:53.579  1374  1374 D CdmaDCT : initApnContexts: apnContext={mApnType=dun mState=IDLE mWaitingDataProfiles={null} mWaitingApnsPermanentFailureCountDown=0 mDataProfile={null} mReason=dataEnabled mDataEnabled=false mDependencyMet=true}
03-11 09:53:53.579  1374  1374 D CdmaDCT : initApnContexts: apnContext={mApnType=hipri mState=IDLE mWaitingDataProfiles={null} mWaitingApnsPermanentFailureCountDown=0 mDataProfile={null} mReason=dataEnabled mDataEnabled=false mDependencyMet=true}
03-11 09:53:53.579  1374  1374 D CdmaDCT : initApnContexts: apnContext={mApnType=fota mState=IDLE mWaitingDataProfiles={null} mWaitingApnsPermanentFailureCountDown=0 mDataProfile={null} mReason=dataEnabled mDataEnabled=false mDependencyMet=true}
03-11 09:53:53.579  1374  1374 D CdmaDCT : initApnContexts: apnContext={mApnType=ims mState=IDLE mWaitingDataProfiles={null} mWaitingApnsPermanentFailureCountDown=0 mDataProfile={null} mReason=dataEnabled mDataEnabled=false mDependencyMet=true}
03-11 09:53:53.579  1374  1374 D CdmaDCT : initApnContexts: apnContext={mApnType=cbs mState=IDLE mWaitingDataProfiles={null} mWaitingApnsPermanentFailureCountDown=0 mDataProfile={null} mReason=dataEnabled mDataEnabled=false mDependencyMet=true}
03-11 09:53:53.579  1374  1374 D CdmaDCT : initApnContexts: apnContext={mApnType=ia mState=IDLE mWaitingDataProfiles={null} mWaitingApnsPermanentFailureCountDown=0 mDataProfile={null} mReason=dataEnabled mDataEnabled=false mDependencyMet=true}
03-11 09:53:53.579  1374  1374 D CdmaDCT : initApnContexts: skipping unknown type=7
03-11 09:53:53.579  1374  1374 D CdmaDCT : initApnContexts: X mApnContexts={fota={mApnType=fota mState=IDLE mWaitingDataProfiles={null} mWaitingApnsPermanentFailureCountDown=0 mDataProfile={null} mReason=dataEnabled mDataEnabled=false mDependencyMet=true}, dun={mApnType=dun mState=IDLE mWaitingDataProfiles={null} mWaitingApnsPermanentFailureCountDown=0 mDataProfile={null} mReason=dataEnabled mDataEnabled=false mDependencyMet=true}, ia={mApnType=ia mState=IDLE mWaitingDataProfiles={null} mWaitingApnsPermanentFailureCountDown=0 mDataProfile={null} mReason=dataEnabled mDataEnabled=false mDependencyMet=true}, supl={mApnType=supl mState=IDLE mWaitingDataProfiles={null} mWaitingApnsPermanentFailureCountDown=0 mDataProfile={null} mReason=dataEnabled mDataEnabled=false mDependencyMet=true}, hipri={mApnType=hipri mState=IDLE mWaitingDataProfiles={null} mWaitingApnsPermanentFailureCountDown=0 mDataProfile={null} mReason=dataEnabled mDataEnabled=false mDependencyMet=true}, ims={mApnType=ims mState=IDLE mWaitingDataProfiles={null} mWaitingApnsPermanentFailureCountDown=0 mDataProfile={null} mReason=dataEnabled mDataEnabled=false mDependencyMet=true}, default={mApnType=default mState=IDLE mWaitingDataProfiles={null} mWaitingApnsPermanentFailureCountDown=0 mDataProfile={null} mReason=dataEnabled mDataEnabled=true mDependencyMet=true}, mms={mApnType=mms mState=IDLE mWaitingDataProfiles={null} mWaitingApnsPermanentFailureCountDown=0 mDataProfile={null} mReason=dataEnabled mDataEnabled=false mDependencyMet=true}, cbs={mApnType=cbs mState=IDLE mWaitingDataProfiles={null} mWaitingApnsPermanentFailureCountDown=0 mDataProfile={null} mReason=dataEnabled mDataEnabled=false mDependencyMet=true}}
03-11 09:53:53.579  1374  1374 D CdmaDCT : SUPPORT_MPDN = true
03-11 09:53:53.579  1374  1374 D CdmaDCT : OMH_ENABLED = false
03-11 09:53:53.589  1374  1374 D CDMALTEPhone: init: operatorAlpha='' operatorNumeric=''
03-11 09:53:53.589  1374  1374 D CDMALTEPhone: init: APP_FAM_3GPP == NULL
03-11 09:53:53.589  1374  1374 D CDMALTEPhone: setIsoCountryProperty: clear 'gsm.sim.operator.iso-country'
03-11 09:53:53.589  1374  1374 D CDMALTEPhone: CDMAPhone: updateCurrentCarrierInProvider called
03-11 09:53:53.589  1374  1374 D PhoneBase: Voicemail count retrieval for Imsi = null current Imsi =  sub = 0
03-11 09:53:53.589  1374  1530 D RILJ    : [UNSL]< UNSOL_RESPONSE_VOICE_NETWORK_STATE_CHANGED
03-11 09:53:53.589  1374  1530 D RILJ    : [3648]< RADIO_POWER 
03-11 09:53:53.589  1374  1374 E RIL_ImsSms: getFormat should never be called from here!
03-11 09:53:53.589  1374  1374 D SMSDispatcher: SMSDispatcher: ctor mSmsCapable=true format=unknown mSmsSendDisabled=false
03-11 09:53:53.589  1374  1374 D RIL_ImsSms: ImsSMSDispatcher created
03-11 09:53:53.589  1374  1530 D RILJ    : [UNSL]< UNSOL_RESPONSE_RADIO_STATE_CHANGED RADIO_OFF
03-11 09:53:53.589  1374  1374 D SMSDispatcher: SMSDispatcher: ctor mSmsCapable=true format=3gpp2 mSmsSendDisabled=false
03-11 09:53:53.589  1374  1374 D CdmaSMSDispatcher: CdmaSMSDispatcher created
03-11 09:53:53.599  1374  1374 V WAP PUSH: bindService() for wappush manager succeeded
03-11 09:53:53.599  1374  1374 D GsmInboundSmsHandler: created InboundSmsHandler
03-11 09:53:53.609  1374  1374 V WAP PUSH: bindService() for wappush manager succeeded
03-11 09:53:53.609  1374  1374 D CdmaInboundSmsHandler: created InboundSmsHandler
03-11 09:53:53.609  1374  1374 D SMSDispatcher: SMSDispatcher: ctor mSmsCapable=true format=3gpp mSmsSendDisabled=false
03-11 09:53:53.609  1374  1374 D GsmSMSDispatcher: GsmSMSDispatcher created
03-11 09:53:53.619  1374  1374 D IccCardProxy: Creating
03-11 09:53:53.619  1374  1558 D SmsBroadcastUndelivered: scanning raw table for undelivered messages
03-11 09:53:53.619  1374  1374 D IccCardProxy: Broadcasting intent ACTION_SIM_STATE_CHANGED NOT_READY reason null
03-11 09:53:53.619  1374  1374 D IccCardProxy: Setting radio tech 1xRTT
03-11 09:53:53.619  1374  1374 D IccCardProxy: Switching to QuietMode.
03-11 09:53:53.619  1374  1374 D IccCardProxy: Broadcasting intent ACTION_SIM_STATE_CHANGED READY reason null
03-11 09:53:53.619  1374  1374 D IccCardProxy: updateQuietMode: QuietMode is true (app_type=2 cdmaSource=1)
03-11 09:53:53.619  1374  1374 D IccCardProxy: updateActiveRecord app type = 2mIccRecords = null
03-11 09:53:53.779  1374  1558 D SmsBroadcastUndelivered: finished scanning raw table in 157 ms
03-11 09:53:53.779  1374  1543 D GsmInboundSmsHandler: entering Idle state
03-11 09:53:53.779  1374  1553 D CdmaInboundSmsHandler: entering Idle state
03-11 09:53:53.789  1374  1374 I PhoneFactory: defaultSmsApplication: com.android.mms
03-11 09:53:53.789  1374  1374 D CallManager: registerPhone(CDMA Handler (com.android.internal.telephony.PhoneProxy) {41aa7cd0})
03-11 09:53:53.849  1374  1374 D CallManager: setAudioMode state = IDLE
03-11 09:53:53.849  1374  1374 D UiccController: EVENT_RADIO_UNAVAILABLE 
03-11 09:53:53.849  1374  1374 D UiccController: Disposing card
03-11 09:53:53.849  1374  1374 D RuimPhoneBookIM: [RuimPbInterfaceManager] Card update received: null
03-11 09:53:53.849  1374  1374 D RuimPhoneBookIM: [RuimPbInterfaceManager] Card is null. Cleanup
03-11 09:53:53.849  1374  1374 D CDMALTEPhone: can't find 3GPP2 application; trying APP_FAM_3GPP
03-11 09:53:53.849  1374  1374 D RILJ    : [3652]> RADIO_POWER on
03-11 09:53:53.859  1374  1374 D PHONE   : [ServiceState] setNullState=3
03-11 09:53:53.859  1374  1374 D CdmaSST : [CdmaLteSST] pollStateDone: lte 1 ss=[1 1 home null null null  Unknown Unknown CSS not supported 0 0 RoamInd=0 DefRoamInd=0 EmergOnly=false] newSS=[3 3 home null null null  Unknown Unknown CSS not supported -1 -1 RoamInd=-1 DefRoamInd=-1 EmergOnly=false]
03-11 09:53:53.859  1374  1374 D CdmaSST : [CdmaLteSST] pollStateDone: hasRegistered=false hasDeegistered=false hasCdmaDataConnectionAttached=false hasCdmaDataConnectionDetached=false hasCdmaDataConnectionChanged=true hasVoiceRadioTechnologyChanged= false hasDataRadioTechnologyChanged=false hasChanged=true hasRoamingOn=false hasRoamingOff=false hasLocationChanged=false has4gHandoff = false hasMultiApnSupport=false hasLostMultiApnSupport=false
03-11 09:53:53.859  1374  1374 D PHONE   : [ServiceState] setNullState=1
03-11 09:53:53.859  1374  1374 D PHONE   : [ServiceState] setNullState=1
03-11 09:53:53.859  1374  1374 D CdmaSST : [CdmaLteSST] operatorNumeric is null
03-11 09:53:53.859  1374  1530 D RILJ    : [3652]< RADIO_POWER 
03-11 09:53:53.859  1374  1374 D CdmaSST : [CdmaLteSST] notifyDataRegStateRilRadioTechnologyChanged: drs=3 rat=0
03-11 09:53:53.859  1374  1374 D CdmaSST : [CdmaLteSST] Iwlan feature available = false
03-11 09:53:53.859  1374  1374 D CdmaDCT : get all active apn types
03-11 09:53:53.859  1374  1530 D RILJ    : [UNSL]< UNSOL_RESPONSE_RADIO_STATE_CHANGED RADIO_ON
03-11 09:53:53.859  1374  1374 D CdmaSST : [CdmaLteSST] pollStateDone: hasRegistered=false hasDeregistered=false cidChanged=true mCellInfo=CellInfoLte:{mRegistered=NO mTimeStampType=unknown mTimeStamp=9223372036854775807ns CellIdentityLte:{ mMcc=2147483647 mMnc=2147483647 mCi=2147483647 mPci=2147483647 mTac=2147483647} CellSignalStrengthLte: ss=2147483647 rsrp=2147483647 rsrq=2147483647 rssnr=2147483647 cqi=2147483647 ta=2147483647}
03-11 09:53:53.859  1374  1374 D CdmaSST : [CdmaLteSST] Iwlan feature available = false
03-11 09:53:53.859  1374  1530 D RILJ    : [UNSL]< UNSOL_RESPONSE_VOICE_NETWORK_STATE_CHANGED
03-11 09:53:53.859   180   594 E RILQ    : (0/180): RIL[0][qmi_cb] get_ecc_property_name: ecc list name : ril.ecclist.
03-11 09:53:53.859  1374  1374 D CdmaDCT : handleMessage msg={ when=-289ms what=270369 obj=android.os.AsyncResult@41ab8588 target=com.android.internal.telephony.dataconnection.DcTracker }
03-11 09:53:53.859  1374  1374 D CdmaDCT : onUpdateIcc: newIccRecords null
03-11 09:53:53.859  1374  1374 D CdmaDCT : handleMessage msg={ when=-287ms what=270337 obj=android.os.AsyncResult@41abdcb8 target=com.android.internal.telephony.dataconnection.DcTracker }
03-11 09:53:53.859  1374  1374 D CdmaDCT : onRadioAvailable
03-11 09:53:53.859  1374  1374 D CdmaDCT : overall state is IDLE
03-11 09:53:53.859  1374  1374 D CdmaDCT : handleMessage msg={ when=-287ms what=270342 obj=android.os.AsyncResult@41abdd68 target=com.android.internal.telephony.dataconnection.DcTracker }
03-11 09:53:53.859  1374  1374 D CdmaDCT : onRadioOffOrNotAvailable: is off and clean up all connections
03-11 09:53:53.859  1374  1374 D CdmaDCT : cleanUpAllConnections: tearDown=false reason=radioTurnedOff
03-11 09:53:53.859  1374  1374 D CdmaDCT : cleanUpConnection: E tearDown=false reason=radioTurnedOff apnContext={mApnType=fota mState=IDLE mWaitingDataProfiles={null} mWaitingApnsPermanentFailureCountDown=0 mDataProfile={null} mReason=radioTurnedOff mDataEnabled=false mDependencyMet=true}
03-11 09:53:53.869  1374  1374 D CDMALTEPhone: getDataConnectionState: Data is Out of Service. ret = DISCONNECTED
03-11 09:53:53.869  1374  1374 D CDMALTEPhone: getDataConnectionState apnType=fota ret=DISCONNECTED
03-11 09:53:53.869  1374  1374 D CdmaDCT : isDataAllowed: not allowed due to - Attached= false - SIM not loaded and not NV subscription
03-11 09:53:53.869  1374  1374 D CdmaDCT : [ApnContext:fota] getDataProfile: mDataProfile=null
03-11 09:53:53.869  1374  1374 D CdmaDCT : cleanUpConnection: X tearDown=false reason=radioTurnedOff apnContext={mApnType=fota mState=IDLE mWaitingDataProfiles={null} mWaitingApnsPermanentFailureCountDown=0 mDataProfile={null} mReason=radioTurnedOff mDataEnabled=false mDependencyMet=true} dcac=null
03-11 09:53:53.869  1374  1374 D CdmaDCT : cleanUpConnection: E tearDown=false reason=radioTurnedOff apnContext={mApnType=dun mState=IDLE mWaitingDataProfiles={null} mWaitingApnsPermanentFailureCountDown=0 mDataProfile={null} mReason=radioTurnedOff mDataEnabled=false mDependencyMet=true}
03-11 09:53:53.869  1374  1374 D CDMALTEPhone: getDataConnectionState: Data is Out of Service. ret = DISCONNECTED
03-11 09:53:53.869  1374  1374 D CDMALTEPhone: getDataConnectionState apnType=dun ret=DISCONNECTED
03-11 09:53:53.869  1374  1374 D CdmaDCT : isDataAllowed: not allowed due to - Attached= false - SIM not loaded and not NV subscription
03-11 09:53:53.869  1374  1374 D CdmaDCT : [ApnContext:dun] getDataProfile: mDataProfile=null
03-11 09:53:53.869  1374  1374 D CdmaDCT : cleanUpConnection: X tearDown=false reason=radioTurnedOff apnContext={mApnType=dun mState=IDLE mWaitingDataProfiles={null} mWaitingApnsPermanentFailureCountDown=0 mDataProfile={null} mReason=radioTurnedOff mDataEnabled=false mDependencyMet=true} dcac=null
03-11 09:53:53.869  1374  1374 D CdmaDCT : cleanUpConnection: E tearDown=false reason=radioTurnedOff apnContext={mApnType=ia mState=IDLE mWaitingDataProfiles={null} mWaitingApnsPermanentFailureCountDown=0 mDataProfile={null} mReason=radioTurnedOff mDataEnabled=false mDependencyMet=true}
03-11 09:53:53.869  1374  1374 D CDMALTEPhone: getDataConnectionState: Data is Out of Service. ret = DISCONNECTED
03-11 09:53:53.869  1374  1374 D CDMALTEPhone: getDataConnectionState apnType=ia ret=DISCONNECTED
03-11 09:53:53.869  1374  1374 D CdmaDCT : isDataAllowed: not allowed due to - Attached= false - SIM not loaded and not NV subscription
03-11 09:53:53.869  1374  1374 D CdmaDCT : [ApnContext:ia] getDataProfile: mDataProfile=null
03-11 09:53:53.869  1374  1374 D CdmaDCT : cleanUpConnection: X tearDown=false reason=radioTurnedOff apnContext={mApnType=ia mState=IDLE mWaitingDataProfiles={null} mWaitingApnsPermanentFailureCountDown=0 mDataProfile={null} mReason=radioTurnedOff mDataEnabled=false mDependencyMet=true} dcac=null
03-11 09:53:53.869  1374  1374 D CdmaDCT : cleanUpConnection: E tearDown=false reason=radioTurnedOff apnContext={mApnType=supl mState=IDLE mWaitingDataProfiles={null} mWaitingApnsPermanentFailureCountDown=0 mDataProfile={null} mReason=radioTurnedOff mDataEnabled=false mDependencyMet=true}
03-11 09:53:53.869  1374  1374 D CDMALTEPhone: getDataConnectionState: Data is Out of Service. ret = DISCONNECTED
03-11 09:53:53.869  1374  1374 D CDMALTEPhone: getDataConnectionState apnType=supl ret=DISCONNECTED
03-11 09:53:53.869  1374  1374 D CdmaDCT : isDataAllowed: not allowed due to - Attached= false - SIM not loaded and not NV subscription
03-11 09:53:53.869  1374  1374 D CdmaDCT : [ApnContext:supl] getDataProfile: mDataProfile=null
03-11 09:53:53.869  1374  1374 D CdmaDCT : cleanUpConnection: X tearDown=false reason=radioTurnedOff apnContext={mApnType=supl mState=IDLE mWaitingDataProfiles={null} mWaitingApnsPermanentFailureCountDown=0 mDataProfile={null} mReason=radioTurnedOff mDataEnabled=false mDependencyMet=true} dcac=null
03-11 09:53:53.869  1374  1374 D CdmaDCT : cleanUpConnection: E tearDown=false reason=radioTurnedOff apnContext={mApnType=hipri mState=IDLE mWaitingDataProfiles={null} mWaitingApnsPermanentFailureCountDown=0 mDataProfile={null} mReason=radioTurnedOff mDataEnabled=false mDependencyMet=true}
03-11 09:53:53.869  1374  1374 D CDMALTEPhone: getDataConnectionState: Data is Out of Service. ret = DISCONNECTED
03-11 09:53:53.869  1374  1374 D CDMALTEPhone: getDataConnectionState apnType=hipri ret=DISCONNECTED
03-11 09:53:53.869  1374  1374 D CdmaDCT : isDataAllowed: not allowed due to - Attached= false - SIM not loaded and not NV subscription
03-11 09:53:53.869  1374  1374 D CdmaDCT : [ApnContext:hipri] getDataProfile: mDataProfile=null
03-11 09:53:53.869  1374  1374 D CdmaDCT : cleanUpConnection: X tearDown=false reason=radioTurnedOff apnContext={mApnType=hipri mState=IDLE mWaitingDataProfiles={null} mWaitingApnsPermanentFailureCountDown=0 mDataProfile={null} mReason=radioTurnedOff mDataEnabled=false mDependencyMet=true} dcac=null
03-11 09:53:53.869  1374  1374 D CdmaDCT : cleanUpConnection: E tearDown=false reason=radioTurnedOff apnContext={mApnType=ims mState=IDLE mWaitingDataProfiles={null} mWaitingApnsPermanentFailureCountDown=0 mDataProfile={null} mReason=radioTurnedOff mDataEnabled=false mDependencyMet=true}
03-11 09:53:53.869  1374  1374 D CDMALTEPhone: getDataConnectionState: Data is Out of Service. ret = DISCONNECTED
03-11 09:53:53.869  1374  1374 D CDMALTEPhone: getDataConnectionState apnType=ims ret=DISCONNECTED
03-11 09:53:53.869  1374  1374 D CdmaDCT : isDataAllowed: not allowed due to - Attached= false - SIM not loaded and not NV subscription
03-11 09:53:53.869  1374  1374 D CdmaDCT : [ApnContext:ims] getDataProfile: mDataProfile=null
03-11 09:53:53.869  1374  1374 D CdmaDCT : cleanUpConnection: X tearDown=false reason=radioTurnedOff apnContext={mApnType=ims mState=IDLE mWaitingDataProfiles={null} mWaitingApnsPermanentFailureCountDown=0 mDataProfile={null} mReason=radioTurnedOff mDataEnabled=false mDependencyMet=true} dcac=null
03-11 09:53:53.869  1374  1374 D CdmaDCT : cleanUpConnection: E tearDown=false reason=radioTurnedOff apnContext={mApnType=default mState=IDLE mWaitingDataProfiles={null} mWaitingApnsPermanentFailureCountDown=0 mDataProfile={null} mReason=radioTurnedOff mDataEnabled=true mDependencyMet=true}
03-11 09:53:53.869  1374  1374 D CDMALTEPhone: getDataConnectionState: Data is Out of Service. ret = DISCONNECTED
03-11 09:53:53.869  1374  1374 D CDMALTEPhone: getDataConnectionState apnType=default ret=DISCONNECTED
03-11 09:53:53.869  1374  1374 D CdmaDCT : isDataAllowed: not allowed due to - Attached= false - SIM not loaded and not NV subscription
03-11 09:53:53.869  1374  1374 D CdmaDCT : [ApnContext:default] getDataProfile: mDataProfile=null
03-11 09:53:53.869  1374  1374 D CdmaDCT : cleanUpConnection: X tearDown=false reason=radioTurnedOff apnContext={mApnType=default mState=IDLE mWaitingDataProfiles={null} mWaitingApnsPermanentFailureCountDown=0 mDataProfile={null} mReason=radioTurnedOff mDataEnabled=true mDependencyMet=true} dcac=null
03-11 09:53:53.869  1374  1374 D CdmaDCT : cleanUpConnection: E tearDown=false reason=radioTurnedOff apnContext={mApnType=mms mState=IDLE mWaitingDataProfiles={null} mWaitingApnsPermanentFailureCountDown=0 mDataProfile={null} mReason=radioTurnedOff mDataEnabled=false mDependencyMet=true}
03-11 09:53:53.869  1374  1374 D CDMALTEPhone: getDataConnectionState: Data is Out of Service. ret = DISCONNECTED
03-11 09:53:53.869  1374  1374 D CDMALTEPhone: getDataConnectionState apnType=mms ret=DISCONNECTED
03-11 09:53:53.869  1374  1374 D CdmaDCT : isDataAllowed: not allowed due to - Attached= false - SIM not loaded and not NV subscription
03-11 09:53:53.869  1374  1374 D CdmaDCT : [ApnContext:mms] getDataProfile: mDataProfile=null
03-11 09:53:53.879  1374  1374 D CdmaDCT : cleanUpConnection: X tearDown=false reason=radioTurnedOff apnContext={mApnType=mms mState=IDLE mWaitingDataProfiles={null} mWaitingApnsPermanentFailureCountDown=0 mDataProfile={null} mReason=radioTurnedOff mDataEnabled=false mDependencyMet=true} dcac=null
03-11 09:53:53.879  1374  1374 D CdmaDCT : cleanUpConnection: E tearDown=false reason=radioTurnedOff apnContext={mApnType=cbs mState=IDLE mWaitingDataProfiles={null} mWaitingApnsPermanentFailureCountDown=0 mDataProfile={null} mReason=radioTurnedOff mDataEnabled=false mDependencyMet=true}
03-11 09:53:53.879  1374  1374 D CDMALTEPhone: getDataConnectionState: Data is Out of Service. ret = DISCONNECTED
03-11 09:53:53.879  1374  1374 D CDMALTEPhone: getDataConnectionState apnType=cbs ret=DISCONNECTED
03-11 09:53:53.879  1374  1374 D CdmaDCT : isDataAllowed: not allowed due to - Attached= false - SIM not loaded and not NV subscription
03-11 09:53:53.879  1374  1374 D CdmaDCT : [ApnContext:cbs] getDataProfile: mDataProfile=null
03-11 09:53:53.879  1374  1374 D CdmaDCT : cleanUpConnection: X tearDown=false reason=radioTurnedOff apnContext={mApnType=cbs mState=IDLE mWaitingDataProfiles={null} mWaitingApnsPermanentFailureCountDown=0 mDataProfile={null} mReason=radioTurnedOff mDataEnabled=false mDependencyMet=true} dcac=null
03-11 09:53:53.879  1374  1374 D CdmaDCT : stopNetStatPoll
03-11 09:53:53.879  1374  1374 D CdmaDCT : stopDataStallAlarm: current tag=53318 mDataStallAlarmIntent=null
03-11 09:53:53.879  1374  1374 D CdmaDCT : isDataAllowed: not allowed due to - Attached= false - SIM not loaded and not NV subscription
03-11 09:53:53.879  1374  1374 D CdmaDCT : [ApnContext:fota] getDataProfile: mDataProfile=null
03-11 09:53:53.879  1374  1374 D CdmaDCT : isDataAllowed: not allowed due to - Attached= false - SIM not loaded and not NV subscription
03-11 09:53:53.879  1374  1374 D CdmaDCT : [ApnContext:dun] getDataProfile: mDataProfile=null
03-11 09:53:53.879  1374  1374 D CdmaDCT : isDataAllowed: not allowed due to - Attached= false - SIM not loaded and not NV subscription
03-11 09:53:53.879  1374  1374 D CdmaDCT : [ApnContext:ia] getDataProfile: mDataProfile=null
03-11 09:53:53.879  1374  1374 D CdmaDCT : isDataAllowed: not allowed due to - Attached= false - SIM not loaded and not NV subscription
03-11 09:53:53.879  1374  1374 D CdmaDCT : [ApnContext:supl] getDataProfile: mDataProfile=null
03-11 09:53:53.879  1374  1374 D CdmaDCT : isDataAllowed: not allowed due to - Attached= false - SIM not loaded and not NV subscription
03-11 09:53:53.879  1374  1374 D CdmaDCT : [ApnContext:hipri] getDataProfile: mDataProfile=null
03-11 09:53:53.879  1374  1374 D CdmaDCT : isDataAllowed: not allowed due to - Attached= false - SIM not loaded and not NV subscription
03-11 09:53:53.879  1374  1374 D CdmaDCT : [ApnContext:ims] getDataProfile: mDataProfile=null
03-11 09:53:53.889  1374  1374 D CdmaDCT : isDataAllowed: not allowed due to - Attached= false - SIM not loaded and not NV subscription
03-11 09:53:53.889  1374  1374 D CdmaDCT : [ApnContext:default] getDataProfile: mDataProfile=null
03-11 09:53:53.889  1374  1374 D CdmaDCT : isDataAllowed: not allowed due to - Attached= false - SIM not loaded and not NV subscription
03-11 09:53:53.889  1374  1374 D CdmaDCT : [ApnContext:mms] getDataProfile: mDataProfile=null
03-11 09:53:53.889  1374  1374 D CdmaDCT : isDataAllowed: not allowed due to - Attached= false - SIM not loaded and not NV subscription
03-11 09:53:53.889  1374  1374 D CdmaDCT : [ApnContext:cbs] getDataProfile: mDataProfile=null
03-11 09:53:53.889  1374  1374 D CdmaDCT : handleMessage msg={ when=-315ms what=270345 obj=android.os.AsyncResult@41abe040 target=com.android.internal.telephony.dataconnection.DcTracker }
03-11 09:53:53.889  1374  1374 D CdmaDCT : onDataConnectionDetached: stop polling and notify detached
03-11 09:53:53.889  1374  1374 D CdmaDCT : stopNetStatPoll
03-11 09:53:53.889  1374  1374 D CdmaDCT : stopDataStallAlarm: current tag=53319 mDataStallAlarmIntent=null
03-11 09:53:53.889  1374  1374 D CdmaDCT : notifyDataConnection: reason=dataDetached
03-11 09:53:53.889  1374  1374 D CdmaDCT : isDataAllowed: not allowed due to - Attached= false - SIM not loaded and not NV subscription
03-11 09:53:53.889  1374  1374 D CdmaDCT : [ApnContext:fota] getDataProfile: mDataProfile=null
03-11 09:53:53.889  1374  1374 D CdmaDCT : isDataAllowed: not allowed due to - Attached= false - SIM not loaded and not NV subscription
03-11 09:53:53.889  1374  1374 D CdmaDCT : [ApnContext:dun] getDataProfile: mDataProfile=null
03-11 09:53:53.899  1374  1374 D CdmaDCT : isDataAllowed: not allowed due to - Attached= false - SIM not loaded and not NV subscription
03-11 09:53:53.899  1374  1374 D CdmaDCT : [ApnContext:ia] getDataProfile: mDataProfile=null
03-11 09:53:53.899  1374  1374 D CdmaDCT : isDataAllowed: not allowed due to - Attached= false - SIM not loaded and not NV subscription
03-11 09:53:53.899  1374  1374 D CdmaDCT : [ApnContext:supl] getDataProfile: mDataProfile=null
03-11 09:53:53.899  1374  1374 D CdmaDCT : isDataAllowed: not allowed due to - Attached= false - SIM not loaded and not NV subscription
03-11 09:53:53.899  1374  1374 D CdmaDCT : [ApnContext:hipri] getDataProfile: mDataProfile=null
03-11 09:53:53.899  1374  1374 D CdmaDCT : isDataAllowed: not allowed due to - Attached= false - SIM not loaded and not NV subscription
03-11 09:53:53.899  1374  1374 D CdmaDCT : [ApnContext:ims] getDataProfile: mDataProfile=null
03-11 09:53:53.899  1374  1374 D CdmaDCT : isDataAllowed: not allowed due to - Attached= false - SIM not loaded and not NV subscription
03-11 09:53:53.899  1374  1374 D CdmaDCT : [ApnContext:default] getDataProfile: mDataProfile=null
03-11 09:53:53.909  1374  1374 D CdmaDCT : isDataAllowed: not allowed due to - Attached= false - SIM not loaded and not NV subscription
03-11 09:53:53.909  1374  1374 D CdmaDCT : [ApnContext:mms] getDataProfile: mDataProfile=null
03-11 09:53:53.909  1374  1374 D CdmaDCT : isDataAllowed: not allowed due to - Attached= false - SIM not loaded and not NV subscription
03-11 09:53:53.909  1374  1374 D CdmaDCT : [ApnContext:cbs] getDataProfile: mDataProfile=null
03-11 09:53:53.909  1374  1374 D CdmaDCT : handleMessage msg={ when=-333ms what=270348 obj=android.os.AsyncResult@41abe198 target=com.android.internal.telephony.dataconnection.DcTracker }
03-11 09:53:53.909  1374  1374 D CdmaDCT : onRoamingOff
03-11 09:53:53.909  1374  1374 D CdmaDCT : isDataAllowed: not allowed due to - Attached= false - SIM not loaded and not NV subscription
03-11 09:53:53.909  1374  1374 D CdmaDCT : [ApnContext:fota] getDataProfile: mDataProfile=null
03-11 09:53:53.909  1374  1374 D CdmaDCT : isDataAllowed: not allowed due to - Attached= false - SIM not loaded and not NV subscription
03-11 09:53:53.909  1374  1374 D CdmaDCT : [ApnContext:dun] getDataProfile: mDataProfile=null
03-11 09:53:53.909  1374  1374 D CdmaDCT : isDataAllowed: not allowed due to - Attached= false - SIM not loaded and not NV subscription
03-11 09:53:53.909  1374  1374 D CdmaDCT : [ApnContext:ia] getDataProfile: mDataProfile=null
03-11 09:53:53.919  1374  1374 D CdmaDCT : isDataAllowed: not allowed due to - Attached= false - SIM not loaded and not NV subscription
03-11 09:53:53.919  1374  1374 D CdmaDCT : [ApnContext:supl] getDataProfile: mDataProfile=null
03-11 09:53:53.919  1374  1374 D CdmaDCT : isDataAllowed: not allowed due to - Attached= false - SIM not loaded and not NV subscription
03-11 09:53:53.919  1374  1374 D CdmaDCT : [ApnContext:hipri] getDataProfile: mDataProfile=null
03-11 09:53:53.919  1374  1374 D CdmaDCT : isDataAllowed: not allowed due to - Attached= false - SIM not loaded and not NV subscription
03-11 09:53:53.919  1374  1374 D CdmaDCT : [ApnContext:ims] getDataProfile: mDataProfile=null
03-11 09:53:53.919  1374  1374 D CdmaDCT : isDataAllowed: not allowed due to - Attached= false - SIM not loaded and not NV subscription
03-11 09:53:53.919  1374  1374 D CdmaDCT : [ApnContext:default] getDataProfile: mDataProfile=null
03-11 09:53:53.919  1374  1374 D CdmaDCT : isDataAllowed: not allowed due to - Attached= false - SIM not loaded and not NV subscription
03-11 09:53:53.919  1374  1374 D CdmaDCT : [ApnContext:mms] getDataProfile: mDataProfile=null
03-11 09:53:53.919  1374  1374 D CdmaDCT : isDataAllowed: not allowed due to - Attached= false - SIM not loaded and not NV subscription
03-11 09:53:53.919  1374  1374 D CdmaDCT : [ApnContext:cbs] getDataProfile: mDataProfile=null
03-11 09:53:53.929  1374  1374 D CdmaDCT : setupDataOnConnectableApns: roamingOff
03-11 09:53:53.929  1374  1374 D CdmaDCT : setupDataOnConnectableApns: apnContext {mApnType=hipri mState=IDLE mWaitingDataProfiles={null} mWaitingApnsPermanentFailureCountDown=0 mDataProfile={null} mReason=radioTurnedOff mDataEnabled=false mDependencyMet=true}
03-11 09:53:53.929  1374  1374 D CdmaDCT : setupDataOnConnectableApns: apnContext {mApnType=mms mState=IDLE mWaitingDataProfiles={null} mWaitingApnsPermanentFailureCountDown=0 mDataProfile={null} mReason=radioTurnedOff mDataEnabled=false mDependencyMet=true}
03-11 09:53:53.929  1374  1374 D CdmaDCT : setupDataOnConnectableApns: apnContext {mApnType=supl mState=IDLE mWaitingDataProfiles={null} mWaitingApnsPermanentFailureCountDown=0 mDataProfile={null} mReason=radioTurnedOff mDataEnabled=false mDependencyMet=true}
03-11 09:53:53.929  1374  1374 D CdmaDCT : setupDataOnConnectableApns: apnContext {mApnType=cbs mState=IDLE mWaitingDataProfiles={null} mWaitingApnsPermanentFailureCountDown=0 mDataProfile={null} mReason=radioTurnedOff mDataEnabled=false mDependencyMet=true}
03-11 09:53:53.929  1374  1374 D CdmaDCT : setupDataOnConnectableApns: apnContext {mApnType=dun mState=IDLE mWaitingDataProfiles={null} mWaitingApnsPermanentFailureCountDown=0 mDataProfile={null} mReason=radioTurnedOff mDataEnabled=false mDependencyMet=true}
03-11 09:53:53.929  1374  1374 D CdmaDCT : setupDataOnConnectableApns: apnContext {mApnType=fota mState=IDLE mWaitingDataProfiles={null} mWaitingApnsPermanentFailureCountDown=0 mDataProfile={null} mReason=radioTurnedOff mDataEnabled=false mDependencyMet=true}
03-11 09:53:53.929  1374  1374 D CdmaDCT : setupDataOnConnectableApns: apnContext {mApnType=ims mState=IDLE mWaitingDataProfiles={null} mWaitingApnsPermanentFailureCountDown=0 mDataProfile={null} mReason=radioTurnedOff mDataEnabled=false mDependencyMet=true}
03-11 09:53:53.929  1374  1374 D CdmaDCT : setupDataOnConnectableApns: apnContext {mApnType=default mState=IDLE mWaitingDataProfiles={null} mWaitingApnsPermanentFailureCountDown=0 mDataProfile={null} mReason=radioTurnedOff mDataEnabled=true mDependencyMet=true}
03-11 09:53:53.929  1374  1374 D CdmaDCT : setupDataOnConnectableApns: isConnectable() call trySetupData
03-11 09:53:53.929  1374  1374 D CdmaDCT : trySetupData for type:default due to roamingOff apnContext={mApnType=default mState=IDLE mWaitingDataProfiles={null} mWaitingApnsPermanentFailureCountDown=0 mDataProfile={null} mReason=roamingOff mDataEnabled=true mDependencyMet=true}
03-11 09:53:53.929  1374  1374 D CdmaDCT : trySetupData with mIsPsRestricted=false
03-11 09:53:53.929  1374  1374 D CdmaDCT : isDataAllowed: not allowed due to - Attached= false - SIM not loaded and not NV subscription
03-11 09:53:53.929  1374  1374 D CdmaDCT : isDataAllowed: not allowed due to - Attached= false - SIM not loaded and not NV subscription
03-11 09:53:53.929  1374  1374 D CdmaDCT : [ApnContext:fota] getDataProfile: mDataProfile=null
03-11 09:53:53.929  1374  1374 D CdmaDCT : isDataAllowed: not allowed due to - Attached= false - SIM not loaded and not NV subscription
03-11 09:53:53.929  1374  1374 D CdmaDCT : [ApnContext:dun] getDataProfile: mDataProfile=null
03-11 09:53:53.939  1374  1374 D CdmaDCT : isDataAllowed: not allowed due to - Attached= false - SIM not loaded and not NV subscription
03-11 09:53:53.939  1374  1374 D CdmaDCT : [ApnContext:ia] getDataProfile: mDataProfile=null
03-11 09:53:53.939  1374  1374 D CdmaDCT : isDataAllowed: not allowed due to - Attached= false - SIM not loaded and not NV subscription
03-11 09:53:53.939  1374  1374 D CdmaDCT : [ApnContext:supl] getDataProfile: mDataProfile=null
03-11 09:53:53.949  1374  1374 D CdmaDCT : isDataAllowed: not allowed due to - Attached= false - SIM not loaded and not NV subscription
03-11 09:53:53.949  1374  1374 D CdmaDCT : [ApnContext:hipri] getDataProfile: mDataProfile=null
03-11 09:53:53.949  1374  1374 D CdmaDCT : isDataAllowed: not allowed due to - Attached= false - SIM not loaded and not NV subscription
03-11 09:53:53.949  1374  1374 D CdmaDCT : [ApnContext:ims] getDataProfile: mDataProfile=null
03-11 09:53:53.949  1374  1374 D CdmaDCT : isDataAllowed: not allowed due to - Attached= false - SIM not loaded and not NV subscription
03-11 09:53:53.949  1374  1374 D CdmaDCT : [ApnContext:default] getDataProfile: mDataProfile=null
03-11 09:53:53.949  1374  1374 D CdmaDCT : isDataAllowed: not allowed due to - Attached= false - SIM not loaded and not NV subscription
03-11 09:53:53.949  1374  1374 D CdmaDCT : [ApnContext:mms] getDataProfile: mDataProfile=null
03-11 09:53:53.949  1374  1374 D CdmaDCT : isDataAllowed: not allowed due to - Attached= false - SIM not loaded and not NV subscription
03-11 09:53:53.949  1374  1374 D CdmaDCT : [ApnContext:cbs] getDataProfile: mDataProfile=null
03-11 09:53:53.959  1374  1374 D CdmaDCT : trySetupData: X apnContext not 'ready' retValue=false
03-11 09:53:53.959  1374  1374 D CdmaDCT : setupDataOnConnectableApns: apnContext {mApnType=ia mState=IDLE mWaitingDataProfiles={null} mWaitingApnsPermanentFailureCountDown=0 mDataProfile={null} mReason=radioTurnedOff mDataEnabled=false mDependencyMet=true}
03-11 09:53:53.959  1374  1374 D CdmaDCT : handleMessage msg={ when=-379ms what=270376 obj=android.os.AsyncResult@41abe708 target=com.android.internal.telephony.dataconnection.DcTracker }
03-11 09:53:53.959  1374  1374 D CdmaDCT : onUpdateIcc: newIccRecords null
03-11 09:53:53.959  1374  1374 D CdmaDCT : handleMessage msg={ when=-379ms what=270357 target=com.android.internal.telephony.dataconnection.DcTracker }
03-11 09:53:53.959  1374  1374 D CdmaDCT : onUpdateIcc: newIccRecords null
03-11 09:53:53.959  1374  1374 D RILJ    : [3653]> BASEBAND_VERSION
03-11 09:53:53.959  1374  1374 D RILJ    : [3654]> RIL_REQUEST_DEVICE_IDENTITY
03-11 09:53:53.959  1374  1374 D CDMAPhone: Event EVENT_RADIO_OFF_OR_NOT_AVAILABLE Received
03-11 09:53:53.959  1374  1374 D RILJ    : [3655]> OPERATOR
03-11 09:53:53.959  1374  1530 D RILJ    : [3653]< BASEBAND_VERSION M8974A-2.0.50.1.16
03-11 09:53:53.959  1374  1374 D RILJ    : [3656]> VOICE_REGISTRATION_STATE
03-11 09:53:53.959  1374  1374 D RILJ    : [3657]> DATA_REGISTRATION_STATE
03-11 09:53:53.959  1374  1374 D IccCardProxy: No card available
03-11 09:53:53.959  1374  1374 D IccCardProxy: QuietMode: NOT Broadcasting intent ACTION_SIM_STATE_CHANGED NOT_READY reason null
03-11 09:53:53.959  1374  1374 V WAP PUSH: wappush manager connected to 1101895792
03-11 09:53:53.959  1374  1374 V WAP PUSH: wappush manager connected to 1101886480
03-11 09:53:53.959  1374  1374 D DebugService: DebugService DebugService:
03-11 09:53:53.959  1374  1530 D RILJ    : [3654]< RIL_REQUEST_DEVICE_IDENTITY {359250051517157, 35, 8078A964, 35925005151715}
03-11 09:53:53.959  1374  1530 D RILJ    : [3655]< OPERATOR {null, null, null}
03-11 09:53:53.959  1374  1530 D RILJ    : [3656]< VOICE_REGISTRATION_STATE {2, null, null, 0, null, null, null, 0, null, null, null, null, null, 0, null}
03-11 09:53:53.959  1374  1530 D RILJ    : [3657]< DATA_REGISTRATION_STATE {2, null, null, null, 0, 20, null, null, null, null, null}
03-11 09:53:53.979  1374  1374 D SipService: SipService: started!
03-11 09:53:53.989  1374  1374 D SipService: start:
03-11 09:53:53.999  1374  1374 D RILJ    : [3658]> RIL_REQUEST_SET_TTY_MODE : 0
03-11 09:53:53.999  1374  1374 D RuimPhoneBookIM: [RuimPbInterfaceManager] Card update received: null
03-11 09:53:53.999  1374  1374 D RuimPhoneBookIM: [RuimPbInterfaceManager] Card is null. Cleanup
03-11 09:53:53.999  1374  1374 D CDMALTEPhone: can't find 3GPP2 application; trying APP_FAM_3GPP
03-11 09:53:53.999  1374  1374 D CdmaDCT : handleMessage msg={ when=-148ms what=270369 obj=android.os.AsyncResult@41b52268 target=com.android.internal.telephony.dataconnection.DcTracker }
03-11 09:53:53.999  1374  1374 D CdmaDCT : onUpdateIcc: newIccRecords null
03-11 09:53:53.999  1374  1374 D IccCardProxy: No card available
03-11 09:53:53.999  1374  1374 D CdmaDCT : handleMessage msg={ when=-142ms what=270376 obj=android.os.AsyncResult@41b562a8 target=com.android.internal.telephony.dataconnection.DcTracker }
03-11 09:53:53.999  1374  1374 D CdmaDCT : onUpdateIcc: newIccRecords null
03-11 09:53:53.999  1374  1374 D CdmaSST : [CdmaLteSST] Subscription Source : 1
03-11 09:53:53.999  1374  1374 D CdmaSST : [CdmaLteSST] Storing cdma subscription source: 1
03-11 09:53:53.999  1374  1374 D RILJ    : [3659]> OPERATOR
03-11 09:53:54.009  1374  1374 D RILJ    : [3660]> VOICE_REGISTRATION_STATE
03-11 09:53:54.009  1374  1374 D RILJ    : [3661]> DATA_REGISTRATION_STATE
03-11 09:53:54.009  1374  1530 D RILJ    : [3658]< RIL_REQUEST_SET_TTY_MODE 
03-11 09:53:54.009  1374  1374 D UiccController: Received EVENT_ICC_STATUS_CHANGED, calling getIccCardStatus
03-11 09:53:54.009  1374  1374 D RILJ    : [3662]> GET_SIM_STATUS
03-11 09:53:54.009  1374  1530 D RILJ    : [3659]< OPERATOR {null, null, null}
03-11 09:53:54.009  1374  1374 D RILJ    : [3663]> RIL_REQUEST_CDMA_GET_SUBSCRIPTION_SOURCE
03-11 09:53:54.009  1374  1530 D RILJ    : [3660]< VOICE_REGISTRATION_STATE {2, null, null, 0, null, null, null, 0, null, null, null, null, null, 0, null}
03-11 09:53:54.009  1374  1530 D RILJ    : [3661]< DATA_REGISTRATION_STATE {2, null, null, null, 0, 20, null, null, null, null, null}
03-11 09:53:54.009  1374  1530 D RILJ    : [3662]< GET_SIM_STATUS IccCardState {CARDSTATE_PRESENT,PINSTATE_ENABLED_NOT_VERIFIED,num_apps=1,gsm_id=0{APPTYPE_USIM,APPSTATE_READY,pin1=PINSTATE_DISABLED,pin2=PINSTATE_ENABLED_NOT_VERIFIED},cdma_id=-1,ims_id=-1}
03-11 09:53:54.009  1374  1374 D RILJ    : [3664]> GET_CURRENT_CALLS
03-11 09:53:54.009  1374  1530 D RilRequest: [3663]< RIL_REQUEST_CDMA_GET_SUBSCRIPTION_SOURCE error: com.android.internal.telephony.CommandException: GENERIC_FAILURE ret=null
03-11 09:53:54.009  1374  1530 D RILJ    : [3664]< GET_CURRENT_CALLS  
03-11 09:53:54.009  1374  1374 D CDMAPhone: Event EVENT_RADIO_ON Received
03-11 09:53:54.009  1374  1374 D RILJ    : [3665]> RIL_REQUEST_VOICE_RADIO_TECH
03-11 09:53:54.009  1374  1374 D RILJ    : [3666]> RIL_REQUEST_IMS_REGISTRATION_STATE
03-11 09:53:54.009  1374  1530 D RILJ    : [3665]< RIL_REQUEST_VOICE_RADIO_TECH {3}
03-11 09:53:54.009  1374  1374 D RILJ    : [3667]> OPERATOR
03-11 09:53:54.019  1374  1374 D RILJ    : [3668]> VOICE_REGISTRATION_STATE
03-11 09:53:54.019  1374  1374 D RILJ    : [3669]> DATA_REGISTRATION_STATE
03-11 09:53:54.019  1374  1530 D RILJ    : [3667]< OPERATOR {null, null, null}
03-11 09:53:54.019  1374  1530 D RilRequest: [3666]< RIL_REQUEST_IMS_REGISTRATION_STATE error: com.android.internal.telephony.CommandException: GENERIC_FAILURE ret=null
03-11 09:53:54.019  1374  1530 D RILJ    : [3669]< DATA_REGISTRATION_STATE {2, null, null, null, 0, 20, null, null, null, null, null}
03-11 09:53:54.019  1374  1530 D RILJ    : [3668]< VOICE_REGISTRATION_STATE {2, null, null, 0, null, null, null, 0, null, null, null, null, null, 0, null}
03-11 09:53:54.039  1374  1374 D CDMAPhone: Baseband version: M8974A-2.0.50.1.16
03-11 09:53:54.039  1374  1374 D CdmaSST : [CdmaLteSST] handleMessage EVENT_POLL_STATE_GPRS
03-11 09:53:54.039  1374  1374 D PhoneProxy: [PhoneProxy] updatePhoneObject: radioTechnology=0
03-11 09:53:54.039  1374  1374 D RILJ    : [3670]> RIL_REQUEST_CDMA_SUBSCRIPTION
03-11 09:53:54.039  1374  1374 D RILJ    : [3671]> OPERATOR
03-11 09:53:54.039  1374  1374 D RILJ    : [3672]> VOICE_REGISTRATION_STATE
03-11 09:53:54.039  1374  1530 D RILJ    : [3670]< RIL_REQUEST_CDMA_SUBSCRIPTION {null, null, null, null, 51097}
03-11 09:53:54.039  1374  1530 D RILJ    : [3671]< OPERATOR {null, null, null}
03-11 09:53:54.039  1374  1374 D RILJ    : [3673]> DATA_REGISTRATION_STATE
03-11 09:53:54.039  1374  1374 D RILJ    : [3674]> RIL_REQUEST_QUERY_TTY_MODE
03-11 09:53:54.049  1374  1374 D CdmaSST : [CdmaLteSST] handleMessage EVENT_POLL_STATE_GPRS
03-11 09:53:54.049  1374  1374 D UiccController: Received EVENT_GET_ICC_STATUS_DONE
03-11 09:53:54.049  1374  1374 D UiccController: Creating a new card
03-11 09:53:54.049  1374  1374 D UiccCard: Creating
03-11 09:53:54.049  1374  1374 D UiccCard: 1 applications
03-11 09:53:54.049  1374  1530 D RILJ    : [3673]< DATA_REGISTRATION_STATE {2, null, null, null, 0, 20, null, null, null, null, null}
03-11 09:53:54.049  1374  1374 D UiccCardApplication: Creating UiccApp: {APPTYPE_USIM,APPSTATE_READY,pin1=PINSTATE_DISABLED,pin2=PINSTATE_ENABLED_NOT_VERIFIED}
03-11 09:53:54.049  1374  1530 D RILJ    : [3672]< VOICE_REGISTRATION_STATE {2, null, null, 0, null, null, null, 0, null, null, null, null, null, 0, null}
03-11 09:53:54.049  1374  1530 D RILJ    : [3674]< RIL_REQUEST_QUERY_TTY_MODE {0}
03-11 09:53:54.049  1374  1374 W VoiceMailConstants: Can't open /system/etc/voicemail-conf.xml
03-11 09:53:54.069  1374  1374 D SIMRecords: [SIMRecords] SIMRecords: onRadioOffOrNotAvailable set 'gsm.sim.operator.numeric' to operator=null
03-11 09:53:54.069  1374  1374 D UiccCardApplication: Notifying 1 registrant: READY
03-11 09:53:54.069  1374  1374 D SIMRecords: [SIMRecords] getOperatorNumeric: IMSI == null
03-11 09:53:54.069  1374  1374 D SIMRecords: [SIMRecords] SIMRecords X ctor this=SimRecords: mDestroyed=false mContext=com.android.phone.PhoneGlobals@41a9d430 mCi=com.android.internal.telephony.RIL@41aa25a8 mFh=Handler (com.android.internal.telephony.uicc.UsimFileHandler) {41bb6ce0} mParentApp=com.android.internal.telephony.uicc.UiccCardApplication@41bb5850 recordsLoadedRegistrants=android.os.RegistrantList@41bb9780 mImsiReadyRegistrants=android.os.RegistrantList@41bb97a8 mRecordsEventsRegistrants=android.os.RegistrantList@41bb97d0 mNewSmsRegistrants=android.os.RegistrantList@41bb97f8 mNetworkSelectionModeAutomaticRegistrants=android.os.RegistrantList@41bb9820 recordsToLoad=0 adnCache=Handler (com.android.internal.telephony.uicc.AdnRecordCache) {41bb9988} recordsRequested=false iccid=null msisdn=null msisdnTag=null voiceMailNum=null voiceMailTag=null newVoiceMailNum=null newVoiceMailTag=null isVoiceMailFixed=false mImsi=null mncLength=-1 mailboxIndex=0 spn=null mVmConfigcom.android.internal.telephony.uicc.VoiceMailConstants@41bba468 mSpnOverride=mSpnOverride callForwardingEnabled=false spnState=null mCphsInfo=null mCspPlmnEnabled=true efMWIS=null efCPHS_MWI=null mEfCff=null mEfCfis=null getOperatorNumeric=null
03-11 09:53:54.069  1374  1374 D RILJ    : [3675]> QUERY_FACILITY_LOCK
03-11 09:53:54.069  1374  1374 D RILJ    : [3676]> QUERY_FACILITY_LOCK
03-11 09:53:54.069  1374  1530 D RILJ    : [3676]< QUERY_FACILITY_LOCK {0}
03-11 09:53:54.069  1374  1530 D RILJ    : [3675]< QUERY_FACILITY_LOCK {0}
03-11 09:53:54.069  1374  1374 D CAT     : CatService: Running CAT service. STK app installed:true
03-11 09:53:54.069  1374  1374 D CAT     : CatService: NEW sInstance
03-11 09:53:54.069  1374  1374 D UiccCard: update: radioState=RADIO_ON mLastRadioState=RADIO_UNAVAILABLE
03-11 09:53:54.069  1374  1374 D UiccController: Notifying IccChangedRegistrants
03-11 09:53:54.079  1374  1374 D CdmaSSM : CDMA_SUBSCRIPTION_SOURCE event = 2
03-11 09:53:54.079  1374  1374 W CdmaSSM : Unable to get CDMA Subscription Source, Exception: com.android.internal.telephony.CommandException: GENERIC_FAILURE, result: null
03-11 09:53:54.079  1374  1374 D CdmaCallTracker: Event EVENT_POLL_CALLS_RESULT Received
03-11 09:53:54.079  1374  1374 D CdmaCallTracker: [CdmaCallTracker] update phone state, old=IDLE new=IDLE
03-11 09:53:54.079  1374  1374 D CDMAPhone: Event EVENT_NV_READY Received
