11-14 19:08:46.554  1374  1374 D GsmSST  : [GsmSST] handlPollStateResultMessage: GsmSST setDataRegState=0 regState=1 dataRadioTechnology=14
11-14 19:08:46.554  1374  1374 D GsmSST  : [GsmSST] Poll ServiceState done:  oldSS=[0 0 home   46001  LTE LTE CSS not supported -1 -1 RoamInd=-1 DefRoamInd=-1 EmergOnly=false] newSS=[0 0 home   46001  LTE LTE CSS not supported -1 -1 RoamInd=-1 DefRoamInd=-1 EmergOnly=false] oldMaxDataCalls=20 mNewMaxDataCalls=20 oldReasonDataDenied=-1 mNewReasonDataDenied=-1
11-14 19:08:46.554  1374  1374 D PHONE   : [ServiceState] setNullState=1
11-14 19:08:46.714  1374  1374 D GsmDCT  : onReceive: action=android.intent.action.SCREEN_OFF
11-14 19:08:46.714  1374  1374 D GsmDCT  : stopNetStatPoll
11-14 19:08:46.714  1374  1374 D GsmDCT  : overall state is CONNECTED
11-14 19:08:46.714  1374  1374 D GsmDCT  : startNetStatPoll
11-14 19:08:46.714  1374  1374 D GsmDCT  : getRecoveryAction: 0
11-14 19:08:46.714  1374  1374 D GsmDCT  : restartDataStallAlarm: stop then start.
11-14 19:08:46.714  1374  1374 D GsmDCT  : stopDataStallAlarm: current tag=53924 mDataStallAlarmIntent=null
11-14 19:08:46.714  1374  1374 D GsmDCT  : getRecoveryAction: 0
11-14 19:08:46.714  1374  1374 D GsmDCT  : overall state is CONNECTED
11-14 19:08:46.724  1374  1374 D GsmDCT  : startDataStallAlarm: tag=53926 delay=360s
11-14 19:08:46.724  1374  1374 D RILJ    : [3814]> SCREEN_STATE: false
11-14 19:08:46.724  1374  1530 D RILJ    : [3814]< SCREEN_STATE 
11-14 19:09:28.724  1374  1374 D GsmDCT  : onReceive: action=android.intent.action.SCREEN_ON
11-14 19:09:28.724  1374  1374 D GsmDCT  : stopNetStatPoll
11-14 19:09:28.724  1374  1374 D GsmDCT  : overall state is CONNECTED
11-14 19:09:28.724  1374  1374 D GsmDCT  : startNetStatPoll
11-14 19:09:28.724  1374  1374 D GsmDCT  : getRecoveryAction: 0
11-14 19:09:28.724  1374  1374 D GsmDCT  : restartDataStallAlarm: stop then start.
11-14 19:09:28.724  1374  1374 D GsmDCT  : stopDataStallAlarm: current tag=53926 mDataStallAlarmIntent=PendingIntent{41a89a90: android.os.BinderProxy@41af8718}
11-14 19:09:28.724  1374  1374 D GsmDCT  : getRecoveryAction: 0
11-14 19:09:28.724  1374  1374 D GsmDCT  : overall state is CONNECTED
11-14 19:09:28.724  1374  1374 D GsmDCT  : startDataStallAlarm: tag=53928 delay=60s
11-14 19:09:28.735  1374  1374 D RILJ    : [3815]> SCREEN_STATE: true
11-14 19:09:28.735  1374  1530 D RILJ    : [3815]< SCREEN_STATE 
11-14 19:09:28.745  1374  1530 D RILJ    : [UNSL]< UNSOL_RESPONSE_VOICE_NETWORK_STATE_CHANGED
11-14 19:09:28.745  1374  1374 D RILJ    : [3816]> OPERATOR
11-14 19:09:28.745   180   594 E RILQ    : (0/180): RIL[0][qmi_cb] get_ecc_property_name: ecc list name : ril.ecclist.
11-14 19:09:28.745  1374  1374 D RILJ    : [3817]> DATA_REGISTRATION_STATE
11-14 19:09:28.745  1374  1374 D RILJ    : [3818]> VOICE_REGISTRATION_STATE
11-14 19:09:28.745  1374  1374 D RILJ    : [3819]> QUERY_NETWORK_SELECTION_MODE
11-14 19:09:28.745  1374  1530 D RILJ    : [3818]< VOICE_REGISTRATION_STATE {1, 101d, 004a176f, 14, null, null, null, 0, null, null, 1, null, null, 0, null}
11-14 19:09:28.745  1374  1374 D PHONE   : [ServiceState] setVoiceRegState=0
11-14 19:09:28.745  1374  1374 E PHONE   : [ServiceState] setState deprecated use setVoiceRegState()
11-14 19:09:28.755  1374  1530 D RILJ    : [3816]< OPERATOR {, , 46001}
11-14 19:09:28.755  1374  1530 D RILJ    : [3819]< QUERY_NETWORK_SELECTION_MODE {0}
11-14 19:09:28.755  1374  1530 D RILJ    : [3817]< DATA_REGISTRATION_STATE {1, null, 004a176f, 14, null, 20, 4125, 147, 4855663, null, null}
11-14 19:09:28.755  1374  1374 D PHONE   : [ServiceState] setDataRegState=0
11-14 19:09:28.755  1374  1374 D PHONE   : [ServiceState] setDataRadioTechnology=14
11-14 19:09:28.755  1374  1374 D GsmSST  : [GsmSST] handlPollStateResultMessage: GsmSST setDataRegState=0 regState=1 dataRadioTechnology=14
11-14 19:09:28.755  1374  1374 D GsmSST  : [GsmSST] Poll ServiceState done:  oldSS=[0 0 home   46001  LTE LTE CSS not supported -1 -1 RoamInd=-1 DefRoamInd=-1 EmergOnly=false] newSS=[0 0 home   46001  LTE LTE CSS not supported -1 -1 RoamInd=-1 DefRoamInd=-1 EmergOnly=false] oldMaxDataCalls=20 mNewMaxDataCalls=20 oldReasonDataDenied=-1 mNewReasonDataDenied=-1
11-14 19:09:28.755  1374  1374 D PHONE   : [ServiceState] setNullState=1
11-14 19:09:28.755  1374  1530 D RILJ    : [UNSL]< UNSOL_RESPONSE_VOICE_NETWORK_STATE_CHANGED
11-14 19:09:28.755  1374  1374 D RILJ    : [3820]> OPERATOR
11-14 19:09:28.755  1374  1374 D RILJ    : [3821]> DATA_REGISTRATION_STATE
11-14 19:09:28.755  1374  1374 D RILJ    : [3822]> VOICE_REGISTRATION_STATE
11-14 19:09:28.755  1374  1374 D RILJ    : [3823]> QUERY_NETWORK_SELECTION_MODE
11-14 19:09:28.765  1374  1530 D RILJ    : [3822]< VOICE_REGISTRATION_STATE {1, 101d, 004a176f, 14, null, null, null, 0, null, null, 1, null, null, 0, null}
11-14 19:09:28.765  1374  1530 D RILJ    : [3823]< QUERY_NETWORK_SELECTION_MODE {0}
11-14 19:09:28.765  1374  1374 D PHONE   : [ServiceState] setVoiceRegState=0
11-14 19:09:28.765  1374  1374 E PHONE   : [ServiceState] setState deprecated use setVoiceRegState()
11-14 19:09:28.765  1374  1530 D RILJ    : [3821]< DATA_REGISTRATION_STATE {1, null, 004a176f, 14, null, 20, 4125, 147, 4855663, null, null}
11-14 19:09:28.765  1374  1530 D RILJ    : [3820]< OPERATOR {, , 46001}
11-14 19:09:28.765  1374  1374 D PHONE   : [ServiceState] setDataRegState=0
11-14 19:09:28.765  1374  1374 D PHONE   : [ServiceState] setDataRadioTechnology=14
11-14 19:09:28.765  1374  1374 D GsmSST  : [GsmSST] handlPollStateResultMessage: GsmSST setDataRegState=0 regState=1 dataRadioTechnology=14
11-14 19:09:28.765  1374  1374 D GsmSST  : [GsmSST] Poll ServiceState done:  oldSS=[0 0 home   46001  LTE LTE CSS not supported -1 -1 RoamInd=-1 DefRoamInd=-1 EmergOnly=false] newSS=[0 0 home   46001  LTE LTE CSS not supported -1 -1 RoamInd=-1 DefRoamInd=-1 EmergOnly=false] oldMaxDataCalls=20 mNewMaxDataCalls=20 oldReasonDataDenied=-1 mNewReasonDataDenied=-1
11-14 19:09:28.765  1374  1374 D PHONE   : [ServiceState] setNullState=1
11-14 19:10:28.734  1374  1374 D GsmDCT  : onReceive: action=com.android.internal.telephony.data-stall
11-14 19:10:28.734  1374  1374 D GsmDCT  : onActionIntentDataStallAlarm: action=com.android.internal.telephony.data-stall
11-14 19:10:28.744  1374  1374 D GsmDCT  : handleMessage msg={ when=-10ms what=270353 arg1=53928 obj=com.android.internal.telephony.data-stall target=com.android.internal.telephony.dataconnection.DcTracker }
11-14 19:10:28.754  1374  1374 D GsmDCT  : updateDataStallInfo: mDataStallTxRxSum={txSum=90 rxSum=81} preTxRxSum={txSum=0 rxSum=0}
11-14 19:10:28.754  1374  1374 D GsmDCT  : updateDataStallInfo: IN/OUT
11-14 19:10:28.784  1374  1374 D GsmDCT  : putRecoveryAction: 0
11-14 19:10:28.784  1374  1374 D GsmDCT  : onDataStallAlarm: tag=53928 Sent 0 pkts since last received, < watchdogTrigger=10
11-14 19:10:28.784  1374  1374 D GsmDCT  : getRecoveryAction: 0
11-14 19:10:28.784  1374  1374 D GsmDCT  : overall state is CONNECTED
11-14 19:10:28.784  1374  1374 D GsmDCT  : startDataStallAlarm: tag=53929 delay=60s
11-14 19:11:12.354  1374  1374 D GsmDCT  : onReceive: action=android.intent.action.SCREEN_OFF
11-14 19:11:12.354  1374  1374 D GsmDCT  : stopNetStatPoll
11-14 19:11:12.354  1374  1374 D GsmDCT  : overall state is CONNECTED
11-14 19:11:12.354  1374  1374 D GsmDCT  : startNetStatPoll
11-14 19:11:12.354  1374  1374 D GsmDCT  : getRecoveryAction: 0
11-14 19:11:12.354  1374  1374 D GsmDCT  : restartDataStallAlarm: stop then start.
11-14 19:11:12.354  1374  1374 D GsmDCT  : stopDataStallAlarm: current tag=53929 mDataStallAlarmIntent=PendingIntent{42261558: android.os.BinderProxy@41af8718}
11-14 19:11:12.354  1374  1374 D GsmDCT  : getRecoveryAction: 0
11-14 19:11:12.354  1374  1374 D GsmDCT  : overall state is CONNECTED
11-14 19:11:12.354  1374  1374 D GsmDCT  : startDataStallAlarm: tag=53931 delay=360s
11-14 19:11:12.364  1374  1374 D RILJ    : [3824]> SCREEN_STATE: false
11-14 19:11:12.364  1374  1530 D RILJ    : [3824]< SCREEN_STATE 
11-14 19:11:30.844  1374  1374 D GsmDCT  : onReceive: action=android.intent.action.SCREEN_ON
11-14 19:11:30.844  1374  1374 D GsmDCT  : stopNetStatPoll
11-14 19:11:30.844  1374  1374 D GsmDCT  : overall state is CONNECTED
11-14 19:11:30.844  1374  1374 D GsmDCT  : startNetStatPoll
11-14 19:11:30.854  1374  1374 D GsmDCT  : getRecoveryAction: 0
11-14 19:11:30.854  1374  1374 D GsmDCT  : restartDataStallAlarm: stop then start.
11-14 19:11:30.854  1374  1374 D GsmDCT  : stopDataStallAlarm: current tag=53931 mDataStallAlarmIntent=PendingIntent{41cb7970: android.os.BinderProxy@41af8718}
11-14 19:11:30.874  1374  1374 D GsmDCT  : getRecoveryAction: 0
11-14 19:11:30.874  1374  1374 D GsmDCT  : overall state is CONNECTED
11-14 19:11:30.874  1374  1374 D GsmDCT  : startDataStallAlarm: tag=53933 delay=60s
11-14 19:11:30.884  1374  1374 D RILJ    : [3825]> SCREEN_STATE: true
11-14 19:11:30.884  1374  1530 D RILJ    : [3825]< SCREEN_STATE 
11-14 19:11:30.884  1374  1530 D RILJ    : [UNSL]< UNSOL_RESPONSE_VOICE_NETWORK_STATE_CHANGED
11-14 19:11:30.884  1374  1374 D RILJ    : [3826]> OPERATOR
11-14 19:11:30.894  1374  1374 D RILJ    : [3827]> DATA_REGISTRATION_STATE
11-14 19:11:30.894   180   594 E RILQ    : (0/180): RIL[0][qmi_cb] get_ecc_property_name: ecc list name : ril.ecclist.
11-14 19:11:30.894  1374  1374 D RILJ    : [3828]> VOICE_REGISTRATION_STATE
11-14 19:11:30.894  1374  1374 D RILJ    : [3829]> QUERY_NETWORK_SELECTION_MODE
11-14 19:11:30.894  1374  1530 D RILJ    : [3826]< OPERATOR {, , 46001}
11-14 19:11:30.894  1374  1530 D RILJ    : [3829]< QUERY_NETWORK_SELECTION_MODE {0}
11-14 19:11:30.904  1374  1530 D RILJ    : [3828]< VOICE_REGISTRATION_STATE {1, 101d, 004a176f, 14, null, null, null, 0, null, null, 1, null, null, 0, null}
11-14 19:11:30.904  1374  1374 D PHONE   : [ServiceState] setVoiceRegState=0
11-14 19:11:30.904  1374  1374 E PHONE   : [ServiceState] setState deprecated use setVoiceRegState()
11-14 19:11:30.904  1374  1530 D RILJ    : [3827]< DATA_REGISTRATION_STATE {1, null, 004a176f, 14, null, 20, 4125, 147, 4855663, null, null}
11-14 19:11:30.904  1374  1374 D PHONE   : [ServiceState] setDataRegState=0
11-14 19:11:30.904  1374  1374 D PHONE   : [ServiceState] setDataRadioTechnology=14
11-14 19:11:30.904  1374  1374 D GsmSST  : [GsmSST] handlPollStateResultMessage: GsmSST setDataRegState=0 regState=1 dataRadioTechnology=14
11-14 19:11:30.904  1374  1374 D GsmSST  : [GsmSST] Poll ServiceState done:  oldSS=[0 0 home   46001  LTE LTE CSS not supported -1 -1 RoamInd=-1 DefRoamInd=-1 EmergOnly=false] newSS=[0 0 home   46001  LTE LTE CSS not supported -1 -1 RoamInd=-1 DefRoamInd=-1 EmergOnly=false] oldMaxDataCalls=20 mNewMaxDataCalls=20 oldReasonDataDenied=-1 mNewReasonDataDenied=-1
11-14 19:11:30.904  1374  1374 D PHONE   : [ServiceState] setNullState=1
11-14 19:11:30.904  1374  1530 D RILJ    : [UNSL]< UNSOL_RESPONSE_VOICE_NETWORK_STATE_CHANGED
11-14 19:11:30.904  1374  1374 D RILJ    : [3830]> OPERATOR
11-14 19:11:30.904  1374  1374 D RILJ    : [3831]> DATA_REGISTRATION_STATE
11-14 19:11:30.904  1374  1530 D RILJ    : [3830]< OPERATOR {, , 46001}
11-14 19:11:30.904  1374  1374 D RILJ    : [3832]> VOICE_REGISTRATION_STATE
11-14 19:11:30.904  1374  1530 D RILJ    : [3831]< DATA_REGISTRATION_STATE {1, null, 004a176f, 14, null, 20, 4125, 147, 4855663, null, null}
11-14 19:11:30.904  1374  1374 D RILJ    : [3833]> QUERY_NETWORK_SELECTION_MODE
11-14 19:11:30.904  1374  1374 D PHONE   : [ServiceState] setDataRegState=0
11-14 19:11:30.904  1374  1374 D PHONE   : [ServiceState] setDataRadioTechnology=14
11-14 19:11:30.904  1374  1374 D GsmSST  : [GsmSST] handlPollStateResultMessage: GsmSST setDataRegState=0 regState=1 dataRadioTechnology=14
11-14 19:11:30.914  1374  1530 D RILJ    : [3833]< QUERY_NETWORK_SELECTION_MODE {0}
11-14 19:11:30.914  1374  1530 D RILJ    : [3832]< VOICE_REGISTRATION_STATE {1, 101d, 004a176f, 14, null, null, null, 0, null, null, 1, null, null, 0, null}
11-14 19:11:30.914  1374  1374 D PHONE   : [ServiceState] setVoiceRegState=0
11-14 19:11:30.914  1374  1374 E PHONE   : [ServiceState] setState deprecated use setVoiceRegState()
11-14 19:11:30.914  1374  1374 D GsmSST  : [GsmSST] Poll ServiceState done:  oldSS=[0 0 home   46001  LTE LTE CSS not supported -1 -1 RoamInd=-1 DefRoamInd=-1 EmergOnly=false] newSS=[0 0 home   46001  LTE LTE CSS not supported -1 -1 RoamInd=-1 DefRoamInd=-1 EmergOnly=false] oldMaxDataCalls=20 mNewMaxDataCalls=20 oldReasonDataDenied=-1 mNewReasonDataDenied=-1
11-14 19:11:30.914  1374  1374 D PHONE   : [ServiceState] setNullState=1
11-14 19:11:34.784   180   321 E RILQ    : (0/180): RIL[0][main] qmi_ril_check_android_unsol_resp_dispatchable: invalid android_unsol_resp id 11036
11-14 19:11:34.784   180   321 E RILQ    : (0/180): RIL[0][main] qmi_ril_add_unsol_resp_to_pending_list: invalid android_unsol_resp id 11036
11-14 19:11:34.794  1374  1530 D RILJ    : responseDataCallList ver=9 num=1
11-14 19:11:34.794  1374  1530 D RILJ    : [UNSL]< UNSOL_DATA_CALL_LIST_CHANGED [DataCallResponse: {version=9 status=0 retry=-1 cid=0 active=2 type=IP' ifname='rmnet0' addresses=[10.26.209.29/30] dnses=[123.123.123.123,123.123.123.124] gateways=[10.26.209.30]}]
11-14 19:11:34.834  1374  1612 D Dcc     : onDataStateChanged: dcsList=[DataCallResponse: {version=9 status=0 retry=-1 cid=0 active=2 type=IP' ifname='rmnet0' addresses=[10.26.209.29/30] dnses=[123.123.123.123,123.123.123.124] gateways=[10.26.209.30]}] mDcListActiveByCid={0={GsmDC-1: State=DcActiveState mApnSetting=[ApnSettingV2] China Unicom 3G, 1583, 46001, 3gnet, null, null, null, null, 80, -1, default | supl, IP, IP, true, 0 RefCount=1 mCid=0 mCreateTime=1447499204199 mLastastFailTime=-1 mLastFailCause=NONE mTag=4 mRetryManager=RetryManager: { forever=false maxRetry=10 curMaxRetry=10 retry=0 config={default_randomization=2000,5000,10000,20000,40000,80000:5000,160000:5000,320000:5000,640000:5000,1280000:5000,1800000:5000} retryArray={5000:2000 10000:2000 20000:2000 40000:2000 80000:5000 160000:5000 320000:5000 640000:5000 1280000:5000 1800000:5000 }} mLinkProperties={InterfaceName: rmnet0 LinkAddresses: [10.26.209.29/30,]  Routes: [0.0.0.0/0 -> 10.26.209.30,] DnsAddresses: [123.123.123.123,123.123.123.124,] Domains: nullMTU: 0} mLinkCapabilities={} mApnContexts=[{mApnType=default mState=CONNECTED mWaitingDataProfiles={[[ApnSettingV2] China Unicom 3G, 1583, 46001, 3gnet, null, null, null, null, 80, -1, default | supl, IP, IP, true, 0]} mWaitingApnsPermanentFailureCountDown=1 mDataProfile={[ApnSettingV2] China Unicom 3G, 1583, 46001, 3gnet, null, null, null, null, 80, -1, default | supl, IP, IP, true, 0} mReason=connected mDataEnabled=true mDependencyMet=true}]}}
11-14 19:11:34.834  1374  1612 D Dcc     : onDataStateChanged: dcsToRetry=[]
11-14 19:11:34.834  1374  1612 D Dcc     : onDataStateChanged: Found ConnId=0 newState=DataCallResponse: {version=9 status=0 retry=-1 cid=0 active=2 type=IP' ifname='rmnet0' addresses=[10.26.209.29/30] dnses=[123.123.123.123,123.123.123.124] gateways=[10.26.209.30]}
11-14 19:11:34.834  1374  1612 D DataCallResponse: addr/pl=10.26.209.29/30
11-14 19:11:34.844  1374  1612 D Dcc     : onDataStateChanged: no change
11-14 19:11:34.844  1374  1612 D Dcc     : onDataStateChanged: Data Activity updated to NONE. isAnyDataCallActive = true isAnyDataCallDormant = false
11-14 19:11:34.844  1374  1374 D GsmDCT  : handleMessage msg={ when=0 what=270378 arg1=1 arg2=-1 obj=NONE target=com.android.internal.telephony.dataconnection.DcTracker }
11-14 19:11:34.844  1374  1374 D GsmDCT  : overall state is CONNECTED
11-14 19:11:34.844  1374  1374 D GsmDCT  : getRecoveryAction: 0
11-14 19:11:34.844  1374  1374 D GsmDCT  : overall state is CONNECTED
11-14 19:11:34.844  1374  1374 D GsmDCT  : startDataStallAlarm: tag=53934 delay=60s
11-14 19:11:34.854  1374  1374 D GsmDCT  : setActivity =NONE
11-14 19:11:34.854  1374  1612 D Dcc     : onDataStateChanged: dcsToRetry=[] apnsToCleanup=[]
11-14 19:11:34.854  1374  1612 D Dcc     : onDataStateChanged: X
11-14 19:11:54.864   180   321 E RILQ    : (0/180): RIL[0][main] qmi_ril_check_android_unsol_resp_dispatchable: invalid android_unsol_resp id 11036
11-14 19:11:54.864   180   321 E RILQ    : (0/180): RIL[0][main] qmi_ril_add_unsol_resp_to_pending_list: invalid android_unsol_resp id 11036
11-14 19:11:54.864  1374  1530 D RILJ    : responseDataCallList ver=9 num=1
11-14 19:11:54.864  1374  1530 D RILJ    : [UNSL]< UNSOL_DATA_CALL_LIST_CHANGED [DataCallResponse: {version=9 status=0 retry=-1 cid=0 active=1 type=IP' ifname='rmnet0' addresses=[10.26.209.29/30] dnses=[123.123.123.123,123.123.123.124] gateways=[10.26.209.30]}]
11-14 19:11:54.864  1374  1612 D Dcc     : onDataStateChanged: dcsList=[DataCallResponse: {version=9 status=0 retry=-1 cid=0 active=1 type=IP' ifname='rmnet0' addresses=[10.26.209.29/30] dnses=[123.123.123.123,123.123.123.124] gateways=[10.26.209.30]}] mDcListActiveByCid={0={GsmDC-1: State=DcActiveState mApnSetting=[ApnSettingV2] China Unicom 3G, 1583, 46001, 3gnet, null, null, null, null, 80, -1, default | supl, IP, IP, true, 0 RefCount=1 mCid=0 mCreateTime=1447499204199 mLastastFailTime=-1 mLastFailCause=NONE mTag=4 mRetryManager=RetryManager: { forever=false maxRetry=10 curMaxRetry=10 retry=0 config={default_randomization=2000,5000,10000,20000,40000,80000:5000,160000:5000,320000:5000,640000:5000,1280000:5000,1800000:5000} retryArray={5000:2000 10000:2000 20000:2000 40000:2000 80000:5000 160000:5000 320000:5000 640000:5000 1280000:5000 1800000:5000 }} mLinkProperties={InterfaceName: rmnet0 LinkAddresses: [10.26.209.29/30,]  Routes: [0.0.0.0/0 -> 10.26.209.30,] DnsAddresses: [123.123.123.123,123.123.123.124,] Domains: nullMTU: 0} mLinkCapabilities={} mApnContexts=[{mApnType=default mState=CONNECTED mWaitingDataProfiles={[[ApnSettingV2] China Unicom 3G, 1583, 46001, 3gnet, null, null, null, null, 80, -1, default | supl, IP, IP, true, 0]} mWaitingApnsPermanentFailureCountDown=1 mDataProfile={[ApnSettingV2] China Unicom 3G, 1583, 46001, 3gnet, null, null, null, null, 80, -1, default | supl, IP, IP, true, 0} mReason=connected mDataEnabled=true mDependencyMet=true}]}}
11-14 19:11:54.864  1374  1612 D Dcc     : onDataStateChanged: dcsToRetry=[]
11-14 19:11:54.864  1374  1612 D Dcc     : onDataStateChanged: Found ConnId=0 newState=DataCallResponse: {version=9 status=0 retry=-1 cid=0 active=1 type=IP' ifname='rmnet0' addresses=[10.26.209.29/30] dnses=[123.123.123.123,123.123.123.124] gateways=[10.26.209.30]}
11-14 19:11:54.864  1374  1612 D DataCallResponse: addr/pl=10.26.209.29/30
11-14 19:11:54.864  1374  1612 D Dcc     : onDataStateChanged: no change
11-14 19:11:54.864  1374  1612 D Dcc     : onDataStateChanged: Data Activity updated to DORMANT. stopNetStatePoll
11-14 19:11:54.864  1374  1612 D Dcc     : onDataStateChanged: dcsToRetry=[] apnsToCleanup=[]
11-14 19:11:54.864  1374  1374 D GsmDCT  : handleMessage msg={ when=-1ms what=270378 arg2=-1 obj=DORMANT target=com.android.internal.telephony.dataconnection.DcTracker }
11-14 19:11:54.864  1374  1374 D GsmDCT  : stopNetStatPoll
11-14 19:11:54.864  1374  1374 D GsmDCT  : stopDataStallAlarm: current tag=53934 mDataStallAlarmIntent=PendingIntent{41b12888: android.os.BinderProxy@41af8718}
11-14 19:11:54.864  1374  1374 D GsmDCT  : setActivity =DORMANT
11-14 19:11:54.864  1374  1612 D Dcc     : onDataStateChanged: X
11-14 19:12:11.674  1374  1374 D DebugService: DebugService dump: +
11-14 19:12:11.674  1374  1374 D GSMPhone: Get callforwarding info from perferences
11-14 19:12:11.674  1374  1374 D GsmDCT  : get all active apn types
11-14 19:12:11.724  1374  1374 D GsmDCT  : overall state is CONNECTED
11-14 19:12:11.734  1374  1374 D DebugService: DebugService dump: -
