11-14 19:23:48.884  4309  4309 I am_on_resume_called: [0,com.android.settings.SubSettings]
11-14 19:23:48.944   807   833 I am_activity_launch_time: [0,1103070048,com.android.settings/.SubSettings,121,121]
11-14 19:23:49.284   182   182 I sf_frame_dur: [com.android.settings/com.android.settings.Settings,100,12,2,1,2,2,1]
11-14 19:23:49.534   807   818 I am_finish_activity: [0,1103070048,72,com.android.settings/.SubSettings,app-request]
11-14 19:23:49.534   807   818 I am_pause_activity: [0,1103070048,com.android.settings/.SubSettings]
11-14 19:23:49.534  4309  4309 I am_on_paused_called: [0,com.android.settings.SubSettings]
11-14 19:23:49.544   807  1436 I am_resume_activity: [0,1102272384,72,com.android.settings/.Settings]
11-14 19:23:49.544  4309  4309 I am_on_resume_called: [0,com.android.settings.Settings]
11-14 19:23:49.964   807   836 I am_destroy_activity: [0,1103070048,72,com.android.settings/.SubSettings,finish-imm]
11-14 19:23:49.974   182   182 I sf_frame_dur: [com.android.settings/com.android.settings.SubSettings,1,0,0,0,1,0,0]
11-14 19:23:52.794   807  1678 I am_finish_activity: [0,1102272384,72,com.android.settings/.Settings,app-request]
11-14 19:23:52.794   807  1678 I wm_home_stack_moved: 1
11-14 19:23:52.794   807  1678 I wm_task_moved: [4,1,2]
11-14 19:23:52.794   807  1678 I wm_home_stack_moved: 1
11-14 19:23:52.874   807  1678 I am_pause_activity: [0,1102272384,com.android.settings/.Settings]
11-14 19:23:52.884  4309  4309 I am_on_paused_called: [0,com.android.settings.Settings]
11-14 19:23:52.884   807   818 I am_resume_activity: [0,1103331160,4,com.cyanogenmod.trebuchet/org.cyanogenmod.trebuchet.CustomHomeLauncher]
11-14 19:23:52.904  2432  2432 I am_on_resume_called: [0,org.cyanogenmod.trebuchet.CustomHomeLauncher]
11-14 19:23:53.364   807   836 I am_destroy_activity: [0,1102272384,72,com.android.settings/.Settings,finish-imm]
11-14 19:23:53.384   182   182 I sf_frame_dur: [com.android.settings/com.android.settings.Settings,5,1,0,0,0,0,2]
11-14 19:23:54.084   807   819 I am_create_task: [0,73]
11-14 19:23:54.084   807   819 I am_create_activity: [0,1102254256,73,com.android.settings/.Settings,android.intent.action.MAIN,NULL,NULL,270532608]
11-14 19:23:54.084   807   819 I wm_task_created: [73,8]
11-14 19:23:54.084   807   819 I wm_task_moved: [73,1,3]
11-14 19:23:54.084   807   819 I wm_home_stack_moved: 0
11-14 19:23:54.124   807   819 I am_pause_activity: [0,1103331160,com.cyanogenmod.trebuchet/org.cyanogenmod.trebuchet.CustomHomeLauncher]
11-14 19:23:54.134  2432  2432 I am_on_paused_called: [0,org.cyanogenmod.trebuchet.CustomHomeLauncher]
11-14 19:23:54.134   807  1436 I am_restart_activity: [0,1102254256,73,com.android.settings/.Settings]
11-14 19:23:54.474   182   182 I sf_frame_dur: [com.cyanogenmod.trebuchet/org.cyanogenmod.trebuchet.CustomHomeLauncher,0,0,0,0,0,0,1]
11-14 19:23:56.104   807  1233 I wm_task_removed: [72,removeTask]
11-14 19:23:56.104   807  1233 I wm_task_removed: [72,removeAppToken: last token]
11-14 19:23:56.154  4309  4309 I am_on_resume_called: [0,com.android.settings.Settings]
11-14 19:23:56.254   807  1453 I am_create_service: [0,1116318272,.SearchPopulator,1000,4309]
11-14 19:23:56.314   807   833 I am_activity_launch_time: [0,1102254256,com.android.settings/.Settings,2179,2179]
11-14 19:23:56.364   807   818 I am_destroy_service: [0,1116318272,4309]
11-14 19:23:56.524   182   182 I sf_frame_dur: [Starting com.android.settings,0,1,0,0,0,0,0]
11-14 19:24:01.354  4175  4191 I dvm_lock_sample: [uiautomator,0,UiAutomatorHandlerThread,169,QueryController.java,61,-,149,33]
11-14 19:24:03.174   807   819 I wm_task_moved: [73,1,2]
11-14 19:24:03.174   807   819 I wm_home_stack_moved: 0
11-14 19:24:03.174   807   819 I am_create_activity: [0,1103070048,73,com.android.settings/.SubSettings,android.intent.action.MAIN,NULL,NULL,0]
11-14 19:24:03.174   807   819 I am_pause_activity: [0,1102254256,com.android.settings/.Settings]
11-14 19:24:03.194  4309  4309 I am_on_paused_called: [0,com.android.settings.Settings]
11-14 19:24:03.194   807  1453 I am_restart_activity: [0,1103070048,73,com.android.settings/.SubSettings]
11-14 19:24:03.264  4309  4309 I am_on_resume_called: [0,com.android.settings.SubSettings]
11-14 19:24:03.344   807   833 I am_activity_launch_time: [0,1103070048,com.android.settings/.SubSettings,149,149]
11-14 19:24:03.684   182   182 I sf_frame_dur: [com.android.settings/com.android.settings.Settings,118,9,2,0,3,2,2]
11-14 19:24:03.934   807  1436 I am_finish_activity: [0,1103070048,73,com.android.settings/.SubSettings,app-request]
11-14 19:24:03.934   807  1436 I am_pause_activity: [0,1103070048,com.android.settings/.SubSettings]
11-14 19:24:03.944  4309  4309 I am_on_paused_called: [0,com.android.settings.SubSettings]
11-14 19:24:03.944   807  1432 I am_resume_activity: [0,1102254256,73,com.android.settings/.Settings]
11-14 19:24:03.964  4309  4309 I am_on_resume_called: [0,com.android.settings.Settings]
11-14 19:24:04.384   807   836 I am_destroy_activity: [0,1103070048,73,com.android.settings/.SubSettings,finish-imm]
11-14 19:24:04.404   182   182 I sf_frame_dur: [com.android.settings/com.android.settings.SubSettings,2,0,0,0,0,0,0]
11-14 19:24:06.884   807  1436 I am_finish_activity: [0,1102254256,73,com.android.settings/.Settings,app-request]
11-14 19:24:06.884   807  1436 I wm_home_stack_moved: 1
11-14 19:24:06.884   807  1436 I wm_task_moved: [4,1,2]
11-14 19:24:06.884   807  1436 I wm_home_stack_moved: 1
11-14 19:24:06.954   807  1436 I am_pause_activity: [0,1102254256,com.android.settings/.Settings]
11-14 19:24:06.954  4309  4309 I am_on_paused_called: [0,com.android.settings.Settings]
11-14 19:24:06.964   807   818 I am_resume_activity: [0,1103331160,4,com.cyanogenmod.trebuchet/org.cyanogenmod.trebuchet.CustomHomeLauncher]
11-14 19:24:06.974  2432  2432 I am_on_resume_called: [0,org.cyanogenmod.trebuchet.CustomHomeLauncher]
11-14 19:24:07.444   807   836 I am_destroy_activity: [0,1102254256,73,com.android.settings/.Settings,finish-imm]
11-14 19:24:07.464   182   182 I sf_frame_dur: [com.android.settings/com.android.settings.Settings,4,1,0,0,0,0,1]
11-14 19:24:08.134   807  1453 I am_create_task: [0,74]
11-14 19:24:08.134   807  1453 I am_create_activity: [0,1102272384,74,com.android.settings/.Settings,android.intent.action.MAIN,NULL,NULL,270532608]
11-14 19:24:08.134   807  1453 I wm_task_created: [74,8]
11-14 19:24:08.134   807  1453 I wm_task_moved: [74,1,3]
11-14 19:24:08.134   807  1453 I wm_home_stack_moved: 0
11-14 19:24:08.184   807  1453 I am_pause_activity: [0,1103331160,com.cyanogenmod.trebuchet/org.cyanogenmod.trebuchet.CustomHomeLauncher]
11-14 19:24:08.194  2432  2432 I am_on_paused_called: [0,org.cyanogenmod.trebuchet.CustomHomeLauncher]
11-14 19:24:08.194   807   818 I am_restart_activity: [0,1102272384,74,com.android.settings/.Settings]
11-14 19:24:08.534   182   182 I sf_frame_dur: [com.cyanogenmod.trebuchet/org.cyanogenmod.trebuchet.CustomHomeLauncher,0,0,0,0,0,0,1]
11-14 19:24:10.144   807   820 I wm_task_removed: [73,removeTask]
11-14 19:24:10.144   807   820 I wm_task_removed: [73,removeAppToken: last token]
11-14 19:24:10.194  4309  4309 I am_on_resume_called: [0,com.android.settings.Settings]
11-14 19:24:10.294   807   819 I am_create_service: [0,1108720264,.SearchPopulator,1000,4309]
11-14 19:24:10.344   807   833 I am_activity_launch_time: [0,1102272384,com.android.settings/.Settings,2153,2153]
11-14 19:24:10.394   807  1453 I am_destroy_service: [0,1108720264,4309]
11-14 19:24:10.554   182   182 I sf_frame_dur: [Starting com.android.settings,1,0,0,0,0,0,0]
11-14 19:24:16.304   807   820 I wm_task_moved: [74,1,2]
11-14 19:24:16.304   807   820 I wm_home_stack_moved: 0
11-14 19:24:16.304   807   820 I am_create_activity: [0,1103070048,74,com.android.settings/.SubSettings,android.intent.action.MAIN,NULL,NULL,0]
11-14 19:24:16.304   807   820 I am_pause_activity: [0,1102272384,com.android.settings/.Settings]
11-14 19:24:16.324  4309  4309 I am_on_paused_called: [0,com.android.settings.Settings]
11-14 19:24:16.334   807   818 I am_restart_activity: [0,1103070048,74,com.android.settings/.SubSettings]
11-14 19:24:16.404  4309  4309 I am_on_resume_called: [0,com.android.settings.SubSettings]
11-14 19:24:16.494   807   833 I am_activity_launch_time: [0,1103070048,com.android.settings/.SubSettings,169,169]
11-14 19:24:16.844   182   182 I sf_frame_dur: [com.android.settings/com.android.settings.Settings,100,6,4,2,1,3,1]
11-14 19:24:17.084   807   820 I am_finish_activity: [0,1103070048,74,com.android.settings/.SubSettings,app-request]
11-14 19:24:17.084   807   820 I am_pause_activity: [0,1103070048,com.android.settings/.SubSettings]
11-14 19:24:17.084  4309  4309 I am_on_paused_called: [0,com.android.settings.SubSettings]
11-14 19:24:17.084   807  1436 I am_resume_activity: [0,1102272384,74,com.android.settings/.Settings]
11-14 19:24:17.094  4309  4309 I am_on_resume_called: [0,com.android.settings.Settings]
11-14 19:24:17.504   807   836 I am_destroy_activity: [0,1103070048,74,com.android.settings/.SubSettings,finish-imm]
11-14 19:24:17.504   182   182 I sf_frame_dur: [com.android.settings/com.android.settings.SubSettings,1,0,0,0,0,0,0]
11-14 19:24:20.744   807  1234 I am_finish_activity: [0,1102272384,74,com.android.settings/.Settings,app-request]
11-14 19:24:20.744   807  1234 I wm_home_stack_moved: 1
11-14 19:24:20.744   807  1234 I wm_task_moved: [4,1,2]
11-14 19:24:20.744   807  1234 I wm_home_stack_moved: 1
11-14 19:24:20.814   807  1234 I am_pause_activity: [0,1102272384,com.android.settings/.Settings]
11-14 19:24:20.824  4309  4309 I am_on_paused_called: [0,com.android.settings.Settings]
11-14 19:24:20.824   807  1436 I am_resume_activity: [0,1103331160,4,com.cyanogenmod.trebuchet/org.cyanogenmod.trebuchet.CustomHomeLauncher]
11-14 19:24:20.844  2432  2432 I am_on_resume_called: [0,org.cyanogenmod.trebuchet.CustomHomeLauncher]
11-14 19:24:21.314   807   836 I am_destroy_activity: [0,1102272384,74,com.android.settings/.Settings,finish-imm]
11-14 19:24:21.324   182   182 I sf_frame_dur: [com.android.settings/com.android.settings.Settings,5,1,2,0,0,0,1]
11-14 19:24:22.024   807   818 I am_create_task: [0,75]
11-14 19:24:22.024   807   818 I am_create_activity: [0,1102254256,75,com.android.settings/.Settings,android.intent.action.MAIN,NULL,NULL,270532608]
11-14 19:24:22.024   807   818 I wm_task_created: [75,8]
11-14 19:24:22.024   807   818 I wm_task_moved: [75,1,3]
11-14 19:24:22.024   807   818 I wm_home_stack_moved: 0
11-14 19:24:22.074   807   818 I am_pause_activity: [0,1103331160,com.cyanogenmod.trebuchet/org.cyanogenmod.trebuchet.CustomHomeLauncher]
11-14 19:24:22.104  2432  2432 I am_on_paused_called: [0,org.cyanogenmod.trebuchet.CustomHomeLauncher]
11-14 19:24:22.114   807  1678 I am_restart_activity: [0,1102254256,75,com.android.settings/.Settings]
11-14 19:24:22.444   182   182 I sf_frame_dur: [com.cyanogenmod.trebuchet/org.cyanogenmod.trebuchet.CustomHomeLauncher,0,0,0,0,0,0,1]
11-14 19:24:23.934   807  1678 I wm_task_removed: [74,removeTask]
11-14 19:24:23.934   807  1678 I wm_task_removed: [74,removeAppToken: last token]
11-14 19:24:23.994  4309  4309 I am_on_resume_called: [0,com.android.settings.Settings]
11-14 19:24:24.134   807   833 I am_activity_launch_time: [0,1102254256,com.android.settings/.Settings,2024,2024]
11-14 19:24:24.144   807   818 I am_create_service: [0,1105093848,.SearchPopulator,1000,4309]
11-14 19:24:24.214   807  1432 I am_destroy_service: [0,1105093848,4309]
11-14 19:24:24.344   182   182 I sf_frame_dur: [Starting com.android.settings,1,0,0,0,0,0,0]
11-14 19:24:28.294   807   820 I battery_level: [95,4233,342]
11-14 19:24:30.344   807   818 I wm_task_moved: [75,1,2]
11-14 19:24:30.344   807   818 I wm_home_stack_moved: 0
11-14 19:24:30.354   807   818 I am_create_activity: [0,1103070048,75,com.android.settings/.SubSettings,android.intent.action.MAIN,NULL,NULL,0]
11-14 19:24:30.354   807   818 I am_pause_activity: [0,1102254256,com.android.settings/.Settings]
11-14 19:24:30.364  4309  4309 I am_on_paused_called: [0,com.android.settings.Settings]
11-14 19:24:30.374   807  1436 I am_restart_activity: [0,1103070048,75,com.android.settings/.SubSettings]
11-14 19:24:30.434  4309  4309 I am_on_resume_called: [0,com.android.settings.SubSettings]
11-14 19:24:30.524   807   833 I am_activity_launch_time: [0,1103070048,com.android.settings/.SubSettings,153,153]
11-14 19:24:30.864   182   182 I sf_frame_dur: [com.android.settings/com.android.settings.Settings,107,10,3,0,2,1,2]
11-14 19:24:31.114   807  1233 I am_finish_activity: [0,1103070048,75,com.android.settings/.SubSettings,app-request]
11-14 19:24:31.114   807  1233 I am_pause_activity: [0,1103070048,com.android.settings/.SubSettings]
11-14 19:24:31.124  4309  4309 I am_on_paused_called: [0,com.android.settings.SubSettings]
11-14 19:24:31.124   807  1453 I am_resume_activity: [0,1102254256,75,com.android.settings/.Settings]
11-14 19:24:31.154  4309  4309 I am_on_resume_called: [0,com.android.settings.Settings]
11-14 19:24:31.574   807   836 I am_destroy_activity: [0,1103070048,75,com.android.settings/.SubSettings,finish-imm]
11-14 19:24:31.584   182   182 I sf_frame_dur: [com.android.settings/com.android.settings.SubSettings,0,1,0,0,1,0,0]
11-14 19:24:34.464   807   818 I am_finish_activity: [0,1102254256,75,com.android.settings/.Settings,app-request]
11-14 19:24:34.464   807   818 I wm_home_stack_moved: 1
11-14 19:24:34.464   807   818 I wm_task_moved: [4,1,2]
11-14 19:24:34.464   807   818 I wm_home_stack_moved: 1
11-14 19:24:34.544   807   818 I am_pause_activity: [0,1102254256,com.android.settings/.Settings]
11-14 19:24:34.554  4309  4309 I am_on_paused_called: [0,com.android.settings.Settings]
11-14 19:24:34.554   807  1453 I am_resume_activity: [0,1103331160,4,com.cyanogenmod.trebuchet/org.cyanogenmod.trebuchet.CustomHomeLauncher]
11-14 19:24:34.574  2432  2432 I am_on_resume_called: [0,org.cyanogenmod.trebuchet.CustomHomeLauncher]
11-14 19:24:35.034   807   836 I am_destroy_activity: [0,1102254256,75,com.android.settings/.Settings,finish-imm]
11-14 19:24:35.044   182   182 I sf_frame_dur: [com.android.settings/com.android.settings.Settings,4,1,1,0,0,0,1]
11-14 19:24:35.764   807   818 I am_create_task: [0,76]
11-14 19:24:35.764   807   818 I am_create_activity: [0,1102272384,76,com.android.settings/.Settings,android.intent.action.MAIN,NULL,NULL,270532608]
11-14 19:24:35.764   807   818 I wm_task_created: [76,8]
11-14 19:24:35.764   807   818 I wm_task_moved: [76,1,3]
11-14 19:24:35.764   807   818 I wm_home_stack_moved: 0
11-14 19:24:35.814   807   818 I am_pause_activity: [0,1103331160,com.cyanogenmod.trebuchet/org.cyanogenmod.trebuchet.CustomHomeLauncher]
11-14 19:24:35.824  2432  2432 I am_on_paused_called: [0,org.cyanogenmod.trebuchet.CustomHomeLauncher]
11-14 19:24:35.834   807  1234 I am_restart_activity: [0,1102272384,76,com.android.settings/.Settings]
11-14 19:24:36.184   182   182 I sf_frame_dur: [com.cyanogenmod.trebuchet/org.cyanogenmod.trebuchet.CustomHomeLauncher,0,0,0,0,0,0,1]
11-14 19:24:37.584   807  1453 I wm_task_removed: [75,removeTask]
11-14 19:24:37.584   807  1453 I wm_task_removed: [75,removeAppToken: last token]
11-14 19:24:37.634  4309  4309 I am_on_resume_called: [0,com.android.settings.Settings]
11-14 19:24:37.724   807  1432 I am_create_service: [0,1117328728,.SearchPopulator,1000,4309]
11-14 19:24:37.774   807   833 I am_activity_launch_time: [0,1102272384,com.android.settings/.Settings,1948,1948]
11-14 19:24:37.814   807  1453 I am_destroy_service: [0,1117328728,4309]
11-14 19:24:37.994   182   182 I sf_frame_dur: [Starting com.android.settings,1,0,0,0,0,0,0]
11-14 19:24:43.694   807  1233 I wm_task_moved: [76,1,2]
11-14 19:24:43.694   807  1233 I wm_home_stack_moved: 0
11-14 19:24:43.694   807  1233 I am_create_activity: [0,1103070048,76,com.android.settings/.SubSettings,android.intent.action.MAIN,NULL,NULL,0]
11-14 19:24:43.694   807  1233 I am_pause_activity: [0,1102272384,com.android.settings/.Settings]
11-14 19:24:43.714  4309  4309 I am_on_paused_called: [0,com.android.settings.Settings]
11-14 19:24:43.714   807  1678 I am_restart_activity: [0,1103070048,76,com.android.settings/.SubSettings]
11-14 19:24:43.764  4309  4309 I am_on_resume_called: [0,com.android.settings.SubSettings]
11-14 19:24:43.824   807   833 I am_activity_launch_time: [0,1103070048,com.android.settings/.SubSettings,110,110]
11-14 19:24:44.164   182   182 I sf_frame_dur: [com.android.settings/com.android.settings.Settings,94,9,4,0,2,3,1]
11-14 19:24:44.414   807   820 I am_finish_activity: [0,1103070048,76,com.android.settings/.SubSettings,app-request]
11-14 19:24:44.414   807   820 I am_pause_activity: [0,1103070048,com.android.settings/.SubSettings]
11-14 19:24:44.414  4309  4309 I am_on_paused_called: [0,com.android.settings.SubSettings]
11-14 19:24:44.414   807  1233 I am_resume_activity: [0,1102272384,76,com.android.settings/.Settings]
11-14 19:24:44.434  4309  4309 I am_on_resume_called: [0,com.android.settings.Settings]
11-14 19:24:44.854   807   836 I am_destroy_activity: [0,1103070048,76,com.android.settings/.SubSettings,finish-imm]
11-14 19:24:44.864   182   182 I sf_frame_dur: [com.android.settings/com.android.settings.SubSettings,1,0,0,0,1,0,0]
11-14 19:24:47.914   807   819 I am_finish_activity: [0,1102272384,76,com.android.settings/.Settings,app-request]
11-14 19:24:47.914   807   819 I wm_home_stack_moved: 1
11-14 19:24:47.914   807   819 I wm_task_moved: [4,1,2]
11-14 19:24:47.914   807   819 I wm_home_stack_moved: 1
11-14 19:24:48.004   807   819 I am_pause_activity: [0,1102272384,com.android.settings/.Settings]
11-14 19:24:48.014  4309  4309 I am_on_paused_called: [0,com.android.settings.Settings]
11-14 19:24:48.014   807   820 I am_resume_activity: [0,1103331160,4,com.cyanogenmod.trebuchet/org.cyanogenmod.trebuchet.CustomHomeLauncher]
11-14 19:24:48.034  2432  2432 I am_on_resume_called: [0,org.cyanogenmod.trebuchet.CustomHomeLauncher]
11-14 19:24:48.494   807   836 I am_destroy_activity: [0,1102272384,76,com.android.settings/.Settings,finish-imm]
11-14 19:24:48.514   182   182 I sf_frame_dur: [com.android.settings/com.android.settings.Settings,5,1,0,0,0,0,1]
11-14 19:24:49.244   807  1453 I am_create_task: [0,77]
11-14 19:24:49.244   807  1453 I am_create_activity: [0,1102254256,77,com.android.settings/.Settings,android.intent.action.MAIN,NULL,NULL,270532608]
11-14 19:24:49.244   807  1453 I wm_task_created: [77,8]
11-14 19:24:49.244   807  1453 I wm_task_moved: [77,1,3]
11-14 19:24:49.254   807  1453 I wm_home_stack_moved: 0
11-14 19:24:49.284   807  1453 I am_pause_activity: [0,1103331160,com.cyanogenmod.trebuchet/org.cyanogenmod.trebuchet.CustomHomeLauncher]
11-14 19:24:49.304  2432  2432 I am_on_paused_called: [0,org.cyanogenmod.trebuchet.CustomHomeLauncher]
11-14 19:24:49.304   807   820 I am_restart_activity: [0,1102254256,77,com.android.settings/.Settings]
11-14 19:24:49.684   182   182 I sf_frame_dur: [com.cyanogenmod.trebuchet/org.cyanogenmod.trebuchet.CustomHomeLauncher,0,0,0,0,0,0,1]
11-14 19:24:51.234   807  1233 I wm_task_removed: [76,removeTask]
11-14 19:24:51.234   807  1233 I wm_task_removed: [76,removeAppToken: last token]
11-14 19:24:51.274  4309  4309 I am_on_resume_called: [0,com.android.settings.Settings]
11-14 19:24:51.374   807  1432 I am_create_service: [0,1107269400,.SearchPopulator,1000,4309]
11-14 19:24:51.434   807   833 I am_activity_launch_time: [0,1102254256,com.android.settings/.Settings,2129,2129]
11-14 19:24:51.474   807  1432 I am_destroy_service: [0,1107269400,4309]
11-14 19:24:51.664   182   182 I sf_frame_dur: [Starting com.android.settings,1,0,0,0,0,0,0]
11-14 19:24:56.424  4175  4191 I dvm_lock_sample: [uiautomator,0,UiAutomatorHandlerThread,99,QueryController.java,61,-,149,19]
11-14 19:24:57.514   807  1234 I wm_task_moved: [77,1,2]
11-14 19:24:57.514   807  1234 I wm_home_stack_moved: 0
11-14 19:24:57.514   807  1234 I am_create_activity: [0,1103070048,77,com.android.settings/.SubSettings,android.intent.action.MAIN,NULL,NULL,0]
11-14 19:24:57.514   807  1234 I am_pause_activity: [0,1102254256,com.android.settings/.Settings]
11-14 19:24:57.564  4309  4309 I am_on_paused_called: [0,com.android.settings.Settings]
11-14 19:24:57.564   807   820 I am_restart_activity: [0,1103070048,77,com.android.settings/.SubSettings]
11-14 19:24:57.624  4309  4309 I am_on_resume_called: [0,com.android.settings.SubSettings]
11-14 19:24:57.684   807   833 I am_activity_launch_time: [0,1103070048,com.android.settings/.SubSettings,114,114]
11-14 19:24:58.024   182   182 I sf_frame_dur: [com.android.settings/com.android.settings.Settings,103,7,4,1,2,2,1]
11-14 19:24:58.274   807  1453 I am_finish_activity: [0,1103070048,77,com.android.settings/.SubSettings,app-request]
11-14 19:24:58.274   807  1453 I am_pause_activity: [0,1103070048,com.android.settings/.SubSettings]
11-14 19:24:58.274  4309  4309 I am_on_paused_called: [0,com.android.settings.SubSettings]
11-14 19:24:58.274   807  1436 I am_resume_activity: [0,1102254256,77,com.android.settings/.Settings]
11-14 19:24:58.284  4309  4309 I am_on_resume_called: [0,com.android.settings.Settings]
11-14 19:24:58.694   807   836 I am_destroy_activity: [0,1103070048,77,com.android.settings/.SubSettings,finish-imm]
11-14 19:24:58.704   182   182 I sf_frame_dur: [com.android.settings/com.android.settings.SubSettings,1,0,0,0,1,0,0]
11-14 19:25:01.604   807  1436 I am_finish_activity: [0,1102254256,77,com.android.settings/.Settings,app-request]
11-14 19:25:01.604   807  1436 I wm_home_stack_moved: 1
11-14 19:25:01.604   807  1436 I wm_task_moved: [4,1,2]
11-14 19:25:01.604   807  1436 I wm_home_stack_moved: 1
11-14 19:25:01.674   807  1436 I am_pause_activity: [0,1102254256,com.android.settings/.Settings]
11-14 19:25:01.694  4309  4309 I am_on_paused_called: [0,com.android.settings.Settings]
11-14 19:25:01.694   807   820 I am_resume_activity: [0,1103331160,4,com.cyanogenmod.trebuchet/org.cyanogenmod.trebuchet.CustomHomeLauncher]
11-14 19:25:01.704  2432  2432 I am_on_resume_called: [0,org.cyanogenmod.trebuchet.CustomHomeLauncher]
11-14 19:25:02.194   807   836 I am_destroy_activity: [0,1102254256,77,com.android.settings/.Settings,finish-imm]
11-14 19:25:02.204   182   182 I sf_frame_dur: [com.android.settings/com.android.settings.Settings,7,0,0,0,0,0,1]
11-14 19:25:02.884   807  1234 I am_create_task: [0,78]
11-14 19:25:02.884   807  1234 I am_create_activity: [0,1102272384,78,com.android.settings/.Settings,android.intent.action.MAIN,NULL,NULL,270532608]
11-14 19:25:02.884   807  1234 I wm_task_created: [78,8]
11-14 19:25:02.884   807  1234 I wm_task_moved: [78,1,3]
11-14 19:25:02.884   807  1234 I wm_home_stack_moved: 0
11-14 19:25:02.934   807  1234 I am_pause_activity: [0,1103331160,com.cyanogenmod.trebuchet/org.cyanogenmod.trebuchet.CustomHomeLauncher]
11-14 19:25:02.944  2432  2432 I am_on_paused_called: [0,org.cyanogenmod.trebuchet.CustomHomeLauncher]
11-14 19:25:02.954   807   819 I am_restart_activity: [0,1102272384,78,com.android.settings/.Settings]
11-14 19:25:03.284   182   182 I sf_frame_dur: [com.cyanogenmod.trebuchet/org.cyanogenmod.trebuchet.CustomHomeLauncher,0,0,0,0,0,1,0]
11-14 19:25:04.894   807  1453 I wm_task_removed: [77,removeTask]
11-14 19:25:04.894   807  1453 I wm_task_removed: [77,removeAppToken: last token]
11-14 19:25:04.944  4309  4309 I am_on_resume_called: [0,com.android.settings.Settings]
11-14 19:25:05.034   807  1234 I am_create_service: [0,1115931312,.SearchPopulator,1000,4309]
11-14 19:25:05.084   807   833 I am_activity_launch_time: [0,1102272384,com.android.settings/.Settings,2126,2126]
11-14 19:25:05.124   807  1436 I am_destroy_service: [0,1115931312,4309]
11-14 19:25:05.294   182   182 I sf_frame_dur: [Starting com.android.settings,1,0,0,0,0,0,0]
11-14 19:25:11.114   807   818 I wm_task_moved: [78,1,2]
11-14 19:25:11.114   807   818 I wm_home_stack_moved: 0
11-14 19:25:11.114   807   818 I am_create_activity: [0,1103070048,78,com.android.settings/.SubSettings,android.intent.action.MAIN,NULL,NULL,0]
11-14 19:25:11.124   807   818 I am_pause_activity: [0,1102272384,com.android.settings/.Settings]
11-14 19:25:11.154  4309  4309 I am_on_paused_called: [0,com.android.settings.Settings]
11-14 19:25:11.154   807   819 I am_restart_activity: [0,1103070048,78,com.android.settings/.SubSettings]
11-14 19:25:11.244  4309  4309 I am_on_resume_called: [0,com.android.settings.SubSettings]
11-14 19:25:11.304   807   833 I am_activity_launch_time: [0,1103070048,com.android.settings/.SubSettings,153,153]
11-14 19:25:11.664   182   182 I sf_frame_dur: [com.android.settings/com.android.settings.Settings,107,6,4,1,2,2,1]
11-14 19:25:11.894   807  1678 I am_finish_activity: [0,1103070048,78,com.android.settings/.SubSettings,app-request]
11-14 19:25:11.894   807  1678 I am_pause_activity: [0,1103070048,com.android.settings/.SubSettings]
11-14 19:25:11.894  4309  4309 I am_on_paused_called: [0,com.android.settings.SubSettings]
11-14 19:25:11.904   807  1233 I am_resume_activity: [0,1102272384,78,com.android.settings/.Settings]
11-14 19:25:11.904  4309  4309 I am_on_resume_called: [0,com.android.settings.Settings]
11-14 19:25:12.304   807   836 I am_destroy_activity: [0,1103070048,78,com.android.settings/.SubSettings,finish-imm]
11-14 19:25:12.314   182   182 I sf_frame_dur: [com.android.settings/com.android.settings.SubSettings,0,1,0,0,1,0,0]
11-14 19:25:15.244   807  1432 I am_finish_activity: [0,1102272384,78,com.android.settings/.Settings,app-request]
11-14 19:25:15.244   807  1432 I wm_home_stack_moved: 1
11-14 19:25:15.244   807  1432 I wm_task_moved: [4,1,2]
11-14 19:25:15.244   807  1432 I wm_home_stack_moved: 1
11-14 19:25:15.324   807  1432 I am_pause_activity: [0,1102272384,com.android.settings/.Settings]
11-14 19:25:15.334  4309  4309 I am_on_paused_called: [0,com.android.settings.Settings]
11-14 19:25:15.334   807   819 I am_resume_activity: [0,1103331160,4,com.cyanogenmod.trebuchet/org.cyanogenmod.trebuchet.CustomHomeLauncher]
11-14 19:25:15.354  2432  2432 I am_on_resume_called: [0,org.cyanogenmod.trebuchet.CustomHomeLauncher]
11-14 19:25:15.814   807   836 I am_destroy_activity: [0,1102272384,78,com.android.settings/.Settings,finish-imm]
11-14 19:25:15.824   182   182 I sf_frame_dur: [com.android.settings/com.android.settings.Settings,5,0,0,0,0,0,1]
11-14 19:25:16.514   807  1234 I am_create_task: [0,79]
11-14 19:25:16.514   807  1234 I am_create_activity: [0,1102254256,79,com.android.settings/.Settings,android.intent.action.MAIN,NULL,NULL,270532608]
11-14 19:25:16.514   807  1234 I wm_task_created: [79,8]
11-14 19:25:16.514   807  1234 I wm_task_moved: [79,1,3]
11-14 19:25:16.514   807  1234 I wm_home_stack_moved: 0
11-14 19:25:16.564   807  1234 I am_pause_activity: [0,1103331160,com.cyanogenmod.trebuchet/org.cyanogenmod.trebuchet.CustomHomeLauncher]
11-14 19:25:16.584  2432  2432 I am_on_paused_called: [0,org.cyanogenmod.trebuchet.CustomHomeLauncher]
11-14 19:25:16.584   807  1432 I am_restart_activity: [0,1102254256,79,com.android.settings/.Settings]
11-14 19:25:16.934   182   182 I sf_frame_dur: [com.cyanogenmod.trebuchet/org.cyanogenmod.trebuchet.CustomHomeLauncher,0,0,0,0,0,0,1]
11-14 19:25:18.574   807  1678 I wm_task_removed: [78,removeTask]
11-14 19:25:18.574   807  1678 I wm_task_removed: [78,removeAppToken: last token]
11-14 19:25:18.624  4309  4309 I am_on_resume_called: [0,com.android.settings.Settings]
11-14 19:25:18.714   807   818 I am_create_service: [0,1116318272,.SearchPopulator,1000,4309]
11-14 19:25:18.774   807   833 I am_activity_launch_time: [0,1102254256,com.android.settings/.Settings,2191,2191]
11-14 19:25:18.804   807   820 I am_destroy_service: [0,1116318272,4309]
11-14 19:25:18.984   182   182 I sf_frame_dur: [Starting com.android.settings,1,0,0,0,0,0,0]
11-14 19:25:24.804   807  1453 I wm_task_moved: [79,1,2]
11-14 19:25:24.804   807  1453 I wm_home_stack_moved: 0
11-14 19:25:24.804   807  1453 I am_create_activity: [0,1103070048,79,com.android.settings/.SubSettings,android.intent.action.MAIN,NULL,NULL,0]
11-14 19:25:24.804   807  1453 I am_pause_activity: [0,1102254256,com.android.settings/.Settings]
11-14 19:25:24.814  4309  4309 I am_on_paused_called: [0,com.android.settings.Settings]
11-14 19:25:24.814   807   819 I am_restart_activity: [0,1103070048,79,com.android.settings/.SubSettings]
11-14 19:25:24.874  4309  4309 I am_on_resume_called: [0,com.android.settings.SubSettings]
11-14 19:25:24.934   807   833 I am_activity_launch_time: [0,1103070048,com.android.settings/.SubSettings,118,118]
11-14 19:25:25.274   182   182 I sf_frame_dur: [com.android.settings/com.android.settings.Settings,105,7,3,2,1,2,1]
11-14 19:25:25.524   807  1432 I am_finish_activity: [0,1103070048,79,com.android.settings/.SubSettings,app-request]
11-14 19:25:25.524   807  1432 I am_pause_activity: [0,1103070048,com.android.settings/.SubSettings]
11-14 19:25:25.524  4309  4309 I am_on_paused_called: [0,com.android.settings.SubSettings]
11-14 19:25:25.524   807  1453 I am_resume_activity: [0,1102254256,79,com.android.settings/.Settings]
11-14 19:25:25.534  4309  4309 I am_on_resume_called: [0,com.android.settings.Settings]
11-14 19:25:25.944   807   836 I am_destroy_activity: [0,1103070048,79,com.android.settings/.SubSettings,finish-imm]
11-14 19:25:25.954   182   182 I sf_frame_dur: [com.android.settings/com.android.settings.SubSettings,1,0,0,0,1,0,0]
11-14 19:25:28.564   807  1234 I am_finish_activity: [0,1102254256,79,com.android.settings/.Settings,app-request]
11-14 19:25:28.564   807  1234 I wm_home_stack_moved: 1
11-14 19:25:28.564   807  1234 I wm_task_moved: [4,1,2]
11-14 19:25:28.564   807  1234 I wm_home_stack_moved: 1
11-14 19:25:28.644   807  1234 I am_pause_activity: [0,1102254256,com.android.settings/.Settings]
11-14 19:25:28.654  4309  4309 I am_on_paused_called: [0,com.android.settings.Settings]
11-14 19:25:28.654   807  1453 I am_resume_activity: [0,1103331160,4,com.cyanogenmod.trebuchet/org.cyanogenmod.trebuchet.CustomHomeLauncher]
11-14 19:25:28.674  2432  2432 I am_on_resume_called: [0,org.cyanogenmod.trebuchet.CustomHomeLauncher]
11-14 19:25:29.144   807   836 I am_destroy_activity: [0,1102254256,79,com.android.settings/.Settings,finish-imm]
11-14 19:25:29.184   182   182 I sf_frame_dur: [com.android.settings/com.android.settings.Settings,7,0,0,0,0,0,1]
11-14 19:25:29.864   807   820 I am_create_task: [0,80]
11-14 19:25:29.864   807   820 I am_create_activity: [0,1102272384,80,com.android.settings/.Settings,android.intent.action.MAIN,NULL,NULL,270532608]
11-14 19:25:29.864   807   820 I wm_task_created: [80,8]
11-14 19:25:29.864   807   820 I wm_task_moved: [80,1,3]
11-14 19:25:29.864   807   820 I wm_home_stack_moved: 0
11-14 19:25:29.914   807   820 I am_pause_activity: [0,1103331160,com.cyanogenmod.trebuchet/org.cyanogenmod.trebuchet.CustomHomeLauncher]
11-14 19:25:29.924  2432  2432 I am_on_paused_called: [0,org.cyanogenmod.trebuchet.CustomHomeLauncher]
11-14 19:25:29.944   807   818 I am_restart_activity: [0,1102272384,80,com.android.settings/.Settings]
11-14 19:25:30.274   182   182 I sf_frame_dur: [com.cyanogenmod.trebuchet/org.cyanogenmod.trebuchet.CustomHomeLauncher,0,0,0,0,0,0,1]
11-14 19:25:32.004   807  1436 I wm_task_removed: [79,removeTask]
11-14 19:25:32.004   807  1436 I wm_task_removed: [79,removeAppToken: last token]
11-14 19:25:32.054  4309  4309 I am_on_resume_called: [0,com.android.settings.Settings]
11-14 19:25:32.154   807  1453 I am_create_service: [0,1110192784,.SearchPopulator,1000,4309]
11-14 19:25:32.214   807   833 I am_activity_launch_time: [0,1102272384,com.android.settings/.Settings,2273,2273]
11-14 19:25:32.254   807  1678 I am_destroy_service: [0,1110192784,4309]
11-14 19:25:32.424   182   182 I sf_frame_dur: [Starting com.android.settings,1,0,0,0,0,0,0]
11-14 19:25:33.474  4175  4191 I dvm_lock_sample: [uiautomator,0,UiAutomatorHandlerThread,97,QueryController.java,61,-,149,19]
11-14 19:25:38.154   807  1678 I wm_task_moved: [80,1,2]
11-14 19:25:38.154   807  1678 I wm_home_stack_moved: 0
11-14 19:25:38.154   807  1678 I am_create_activity: [0,1103070048,80,com.android.settings/.SubSettings,android.intent.action.MAIN,NULL,NULL,0]
11-14 19:25:38.154   807  1678 I am_pause_activity: [0,1102272384,com.android.settings/.Settings]
11-14 19:25:38.184  4309  4309 I am_on_paused_called: [0,com.android.settings.Settings]
11-14 19:25:38.184   807  1233 I am_restart_activity: [0,1103070048,80,com.android.settings/.SubSettings]
11-14 19:25:38.274  4309  4309 I am_on_resume_called: [0,com.android.settings.SubSettings]
11-14 19:25:38.364   807   833 I am_activity_launch_time: [0,1103070048,com.android.settings/.SubSettings,173,173]
11-14 19:25:38.694   182   182 I sf_frame_dur: [com.android.settings/com.android.settings.Settings,111,3,3,1,2,2,1]
11-14 19:25:38.944   807  1453 I am_finish_activity: [0,1103070048,80,com.android.settings/.SubSettings,app-request]
11-14 19:25:38.944   807  1453 I am_pause_activity: [0,1103070048,com.android.settings/.SubSettings]
11-14 19:25:38.954  4309  4309 I am_on_paused_called: [0,com.android.settings.SubSettings]
11-14 19:25:38.954   807  1678 I am_resume_activity: [0,1102272384,80,com.android.settings/.Settings]
11-14 19:25:38.974  4309  4309 I am_on_resume_called: [0,com.android.settings.Settings]
11-14 19:25:39.404   807   836 I am_destroy_activity: [0,1103070048,80,com.android.settings/.SubSettings,finish-imm]
11-14 19:25:39.414   182   182 I sf_frame_dur: [com.android.settings/com.android.settings.SubSettings,0,1,0,0,0,0,0]
11-14 19:25:42.524   807   818 I am_finish_activity: [0,1102272384,80,com.android.settings/.Settings,app-request]
11-14 19:25:42.524   807   818 I wm_home_stack_moved: 1
11-14 19:25:42.524   807   818 I wm_task_moved: [4,1,2]
11-14 19:25:42.524   807   818 I wm_home_stack_moved: 1
11-14 19:25:42.594   807   818 I am_pause_activity: [0,1102272384,com.android.settings/.Settings]
11-14 19:25:42.604  4309  4309 I am_on_paused_called: [0,com.android.settings.Settings]
11-14 19:25:42.604   807  1436 I am_resume_activity: [0,1103331160,4,com.cyanogenmod.trebuchet/org.cyanogenmod.trebuchet.CustomHomeLauncher]
11-14 19:25:42.624  2432  2432 I am_on_resume_called: [0,org.cyanogenmod.trebuchet.CustomHomeLauncher]
11-14 19:25:43.084   807   836 I am_destroy_activity: [0,1102272384,80,com.android.settings/.Settings,finish-imm]
11-14 19:25:43.094   182   182 I sf_frame_dur: [com.android.settings/com.android.settings.Settings,5,1,1,0,0,0,1]
11-14 19:25:43.824   807   819 I am_create_task: [0,81]
11-14 19:25:43.824   807   819 I am_create_activity: [0,1102254256,81,com.android.settings/.Settings,android.intent.action.MAIN,NULL,NULL,270532608]
11-14 19:25:43.824   807   819 I wm_task_created: [81,8]
11-14 19:25:43.824   807   819 I wm_task_moved: [81,1,3]
11-14 19:25:43.824   807   819 I wm_home_stack_moved: 0
11-14 19:25:43.904   807   819 I am_pause_activity: [0,1103331160,com.cyanogenmod.trebuchet/org.cyanogenmod.trebuchet.CustomHomeLauncher]
11-14 19:25:43.914  2432  2432 I am_on_paused_called: [0,org.cyanogenmod.trebuchet.CustomHomeLauncher]
11-14 19:25:43.914   807  1436 I am_restart_activity: [0,1102254256,81,com.android.settings/.Settings]
11-14 19:25:44.264   182   182 I sf_frame_dur: [com.cyanogenmod.trebuchet/org.cyanogenmod.trebuchet.CustomHomeLauncher,0,0,0,0,0,0,1]
11-14 19:25:45.814   807  1453 I wm_task_removed: [80,removeTask]
11-14 19:25:45.814   807  1453 I wm_task_removed: [80,removeAppToken: last token]
11-14 19:25:45.864  4309  4309 I am_on_resume_called: [0,com.android.settings.Settings]
11-14 19:25:45.964   807  1233 I am_create_service: [0,1110327888,.SearchPopulator,1000,4309]
11-14 19:25:45.994   807   833 I am_activity_launch_time: [0,1102254256,com.android.settings/.Settings,2080,2080]
11-14 19:25:46.044   807  1436 I am_destroy_service: [0,1110327888,4309]
11-14 19:25:46.204   182   182 I sf_frame_dur: [Starting com.android.settings,1,0,0,0,0,0,0]
11-14 19:25:52.894   807   820 I wm_task_moved: [81,1,2]
11-14 19:25:52.894   807   820 I wm_home_stack_moved: 0
11-14 19:25:52.894   807   820 I am_create_activity: [0,1103070048,81,com.android.settings/.SubSettings,android.intent.action.MAIN,NULL,NULL,0]
11-14 19:25:52.894   807   820 I am_pause_activity: [0,1102254256,com.android.settings/.Settings]
11-14 19:25:52.914  4309  4309 I am_on_paused_called: [0,com.android.settings.Settings]
11-14 19:25:52.914   807  1678 I am_restart_activity: [0,1103070048,81,com.android.settings/.SubSettings]
11-14 19:25:52.974  4309  4309 I am_on_resume_called: [0,com.android.settings.SubSettings]
11-14 19:25:53.054   807   833 I am_activity_launch_time: [0,1103070048,com.android.settings/.SubSettings,141,141]
11-14 19:25:53.414   182   182 I sf_frame_dur: [com.android.settings/com.android.settings.Settings,108,10,5,1,1,2,2]
11-14 19:25:53.654   807   820 I am_finish_activity: [0,1103070048,81,com.android.settings/.SubSettings,app-request]
11-14 19:25:53.654   807   820 I am_pause_activity: [0,1103070048,com.android.settings/.SubSettings]
11-14 19:25:53.664  4309  4309 I am_on_paused_called: [0,com.android.settings.SubSettings]
11-14 19:25:53.664   807  1436 I am_resume_activity: [0,1102254256,81,com.android.settings/.Settings]
11-14 19:25:53.684  4309  4309 I am_on_resume_called: [0,com.android.settings.Settings]
11-14 19:25:54.094   807   836 I am_destroy_activity: [0,1103070048,81,com.android.settings/.SubSettings,finish-imm]
11-14 19:25:54.114   182   182 I sf_frame_dur: [com.android.settings/com.android.settings.SubSettings,2,0,0,0,1,0,0]
11-14 19:25:57.614   807  1234 I am_finish_activity: [0,1102254256,81,com.android.settings/.Settings,app-request]
11-14 19:25:57.614   807  1234 I wm_home_stack_moved: 1
11-14 19:25:57.614   807  1234 I wm_task_moved: [4,1,2]
11-14 19:25:57.614   807  1234 I wm_home_stack_moved: 1
11-14 19:25:57.704   807  1234 I am_pause_activity: [0,1102254256,com.android.settings/.Settings]
11-14 19:25:57.714  4309  4309 I am_on_paused_called: [0,com.android.settings.Settings]
11-14 19:25:57.714   807  1678 I am_resume_activity: [0,1103331160,4,com.cyanogenmod.trebuchet/org.cyanogenmod.trebuchet.CustomHomeLauncher]
11-14 19:25:57.734  2432  2432 I am_on_resume_called: [0,org.cyanogenmod.trebuchet.CustomHomeLauncher]
11-14 19:25:58.204   807   836 I am_destroy_activity: [0,1102254256,81,com.android.settings/.Settings,finish-imm]
11-14 19:25:58.204   182   182 I sf_frame_dur: [com.android.settings/com.android.settings.Settings,6,1,0,0,0,0,1]
11-14 19:25:58.904   807  1233 I am_create_task: [0,82]
11-14 19:25:58.904   807  1233 I am_create_activity: [0,1102272384,82,com.android.settings/.Settings,android.intent.action.MAIN,NULL,NULL,270532608]
11-14 19:25:58.904   807  1233 I wm_task_created: [82,8]
11-14 19:25:58.904   807  1233 I wm_task_moved: [82,1,3]
11-14 19:25:58.904   807  1233 I wm_home_stack_moved: 0
11-14 19:25:58.934   807  1233 I am_pause_activity: [0,1103331160,com.cyanogenmod.trebuchet/org.cyanogenmod.trebuchet.CustomHomeLauncher]
11-14 19:25:58.964  2432  2432 I am_on_paused_called: [0,org.cyanogenmod.trebuchet.CustomHomeLauncher]
11-14 19:25:58.964   807  1234 I am_restart_activity: [0,1102272384,82,com.android.settings/.Settings]
11-14 19:25:59.294   182   182 I sf_frame_dur: [com.cyanogenmod.trebuchet/org.cyanogenmod.trebuchet.CustomHomeLauncher,0,0,0,0,0,1,0]
11-14 19:26:01.354   807  1678 I wm_task_removed: [81,removeTask]
11-14 19:26:01.354   807  1678 I wm_task_removed: [81,removeAppToken: last token]
11-14 19:26:01.404  4309  4309 I am_on_resume_called: [0,com.android.settings.Settings]
11-14 19:26:01.494   807  1233 I am_create_service: [0,1116220856,.SearchPopulator,1000,4309]
11-14 19:26:01.554   807   833 I am_activity_launch_time: [0,1102272384,com.android.settings/.Settings,2594,2594]
11-14 19:26:01.584   807  1453 I am_destroy_service: [0,1116220856,4309]
11-14 19:26:01.764   182   182 I sf_frame_dur: [Starting com.android.settings,1,0,0,0,0,0,0]
11-14 19:26:08.004   807   844 I am_destroy_service: [0,1103019672,4652]
11-14 19:26:08.294   807  1234 I wm_task_moved: [82,1,2]
11-14 19:26:08.294   807  1234 I wm_home_stack_moved: 0
11-14 19:26:08.294   807  1234 I am_create_activity: [0,1103070048,82,com.android.settings/.SubSettings,android.intent.action.MAIN,NULL,NULL,0]
11-14 19:26:08.294   807  1234 I am_pause_activity: [0,1102272384,com.android.settings/.Settings]
11-14 19:26:08.324  4309  4309 I am_on_paused_called: [0,com.android.settings.Settings]
11-14 19:26:08.334   807  1432 I am_restart_activity: [0,1103070048,82,com.android.settings/.SubSettings]
11-14 19:26:08.364   807   819 I am_create_service: [0,1110327888,.DefaultContainerService,10005,4652]
11-14 19:26:08.404  4309  4309 I am_on_resume_called: [0,com.android.settings.SubSettings]
11-14 19:26:08.494   807   833 I am_activity_launch_time: [0,1103070048,com.android.settings/.SubSettings,166,166]
11-14 19:26:08.844   182   182 I sf_frame_dur: [com.android.settings/com.android.settings.Settings,99,9,3,2,2,3,1]
11-14 19:26:09.074   807   818 I am_finish_activity: [0,1103070048,82,com.android.settings/.SubSettings,app-request]
11-14 19:26:09.084   807   818 I am_pause_activity: [0,1103070048,com.android.settings/.SubSettings]
11-14 19:26:09.084  4309  4309 I am_on_paused_called: [0,com.android.settings.SubSettings]
11-14 19:26:09.084   807   820 I am_resume_activity: [0,1102272384,82,com.android.settings/.Settings]
11-14 19:26:09.094  4309  4309 I am_on_resume_called: [0,com.android.settings.Settings]
11-14 19:26:09.494   807   836 I am_destroy_activity: [0,1103070048,82,com.android.settings/.SubSettings,finish-imm]
11-14 19:26:09.514   182   182 I sf_frame_dur: [com.android.settings/com.android.settings.SubSettings,0,1,0,0,1,0,0]
11-14 19:26:12.944   807  1436 I am_finish_activity: [0,1102272384,82,com.android.settings/.Settings,app-request]
11-14 19:26:12.944   807  1436 I wm_home_stack_moved: 1
11-14 19:26:12.944   807  1436 I wm_task_moved: [4,1,2]
11-14 19:26:12.944   807  1436 I wm_home_stack_moved: 1
11-14 19:26:13.024   807  1436 I am_pause_activity: [0,1102272384,com.android.settings/.Settings]
11-14 19:26:13.034  4309  4309 I am_on_paused_called: [0,com.android.settings.Settings]
11-14 19:26:13.034   807  1234 I am_resume_activity: [0,1103331160,4,com.cyanogenmod.trebuchet/org.cyanogenmod.trebuchet.CustomHomeLauncher]
11-14 19:26:13.054  2432  2432 I am_on_resume_called: [0,org.cyanogenmod.trebuchet.CustomHomeLauncher]
11-14 19:26:13.534   807   836 I am_destroy_activity: [0,1102272384,82,com.android.settings/.Settings,finish-imm]
11-14 19:26:13.544   182   182 I sf_frame_dur: [com.android.settings/com.android.settings.Settings,4,0,1,0,0,0,1]
11-14 19:26:14.234   807   819 I am_create_task: [0,83]
11-14 19:26:14.234   807   819 I am_create_activity: [0,1102254256,83,com.android.settings/.Settings,android.intent.action.MAIN,NULL,NULL,270532608]
11-14 19:26:14.234   807   819 I wm_task_created: [83,8]
11-14 19:26:14.234   807   819 I wm_task_moved: [83,1,3]
11-14 19:26:14.234   807   819 I wm_home_stack_moved: 0
11-14 19:26:14.324   807   819 I am_pause_activity: [0,1103331160,com.cyanogenmod.trebuchet/org.cyanogenmod.trebuchet.CustomHomeLauncher]
11-14 19:26:14.344  2432  2432 I am_on_paused_called: [0,org.cyanogenmod.trebuchet.CustomHomeLauncher]
11-14 19:26:14.344   807  1234 I am_restart_activity: [0,1102254256,83,com.android.settings/.Settings]
11-14 19:26:14.714   182   182 I sf_frame_dur: [com.cyanogenmod.trebuchet/org.cyanogenmod.trebuchet.CustomHomeLauncher,0,0,0,0,0,0,1]
11-14 19:26:16.534   807  1453 I wm_task_removed: [82,removeTask]
11-14 19:26:16.534   807  1453 I wm_task_removed: [82,removeAppToken: last token]
11-14 19:26:16.584  4309  4309 I am_on_resume_called: [0,com.android.settings.Settings]
11-14 19:26:16.684   807  1432 I am_create_service: [0,1116393896,.SearchPopulator,1000,4309]
11-14 19:26:16.734   807   833 I am_activity_launch_time: [0,1102254256,com.android.settings/.Settings,2389,2389]
11-14 19:26:16.784   807   820 I am_destroy_service: [0,1116393896,4309]
11-14 19:26:16.954   182   182 I sf_frame_dur: [Starting com.android.settings,1,0,0,0,0,0,0]
11-14 19:26:21.624  4175  4191 I dvm_lock_sample: [uiautomator,0,UiAutomatorHandlerThread,142,QueryController.java,61,-,149,28]
11-14 19:26:22.814   807  1234 I wm_task_moved: [83,1,2]
11-14 19:26:22.814   807  1234 I wm_home_stack_moved: 0
11-14 19:26:22.814   807  1234 I am_create_activity: [0,1103070048,83,com.android.settings/.SubSettings,android.intent.action.MAIN,NULL,NULL,0]
11-14 19:26:22.814   807  1234 I am_pause_activity: [0,1102254256,com.android.settings/.Settings]
11-14 19:26:22.874  4309  4309 I am_on_paused_called: [0,com.android.settings.Settings]
11-14 19:26:22.874   807  1432 I am_restart_activity: [0,1103070048,83,com.android.settings/.SubSettings]
11-14 19:26:22.924  4309  4309 I am_on_resume_called: [0,com.android.settings.SubSettings]
11-14 19:26:22.974   807   833 I dvm_lock_sample: [system_server,1,WindowManager,13,WindowManagerService.java,7276,-,2909,2]
11-14 19:26:23.004   807   833 I am_activity_launch_time: [0,1103070048,com.android.settings/.SubSettings,131,131]
11-14 19:26:23.334   182   182 I sf_frame_dur: [com.android.settings/com.android.settings.Settings,115,9,0,1,3,2,1]
11-14 19:26:23.594   807   818 I am_finish_activity: [0,1103070048,83,com.android.settings/.SubSettings,app-request]
11-14 19:26:23.604   807   818 I am_pause_activity: [0,1103070048,com.android.settings/.SubSettings]
11-14 19:26:23.614  4309  4309 I am_on_paused_called: [0,com.android.settings.SubSettings]
11-14 19:26:23.614   807  1678 I am_resume_activity: [0,1102254256,83,com.android.settings/.Settings]
11-14 19:26:23.624  4309  4309 I am_on_resume_called: [0,com.android.settings.Settings]
11-14 19:26:24.044   807   836 I am_destroy_activity: [0,1103070048,83,com.android.settings/.SubSettings,finish-imm]
11-14 19:26:24.054   182   182 I sf_frame_dur: [com.android.settings/com.android.settings.SubSettings,0,1,0,0,1,0,0]
11-14 19:26:27.064   807  1432 I am_finish_activity: [0,1102254256,83,com.android.settings/.Settings,app-request]
11-14 19:26:27.064   807  1432 I wm_home_stack_moved: 1
11-14 19:26:27.064   807  1432 I wm_task_moved: [4,1,2]
11-14 19:26:27.064   807  1432 I wm_home_stack_moved: 1
11-14 19:26:27.144   807  1432 I am_pause_activity: [0,1102254256,com.android.settings/.Settings]
11-14 19:26:27.154  4309  4309 I am_on_paused_called: [0,com.android.settings.Settings]
11-14 19:26:27.154   807   820 I am_resume_activity: [0,1103331160,4,com.cyanogenmod.trebuchet/org.cyanogenmod.trebuchet.CustomHomeLauncher]
11-14 19:26:27.174  2432  2432 I am_on_resume_called: [0,org.cyanogenmod.trebuchet.CustomHomeLauncher]
11-14 19:26:27.634   807   836 I am_destroy_activity: [0,1102254256,83,com.android.settings/.Settings,finish-imm]
11-14 19:26:27.654   182   182 I sf_frame_dur: [com.android.settings/com.android.settings.Settings,6,1,0,0,0,0,1]
11-14 19:26:28.374   807   819 I am_create_task: [0,84]
11-14 19:26:28.374   807   819 I am_create_activity: [0,1102272384,84,com.android.settings/.Settings,android.intent.action.MAIN,NULL,NULL,270532608]
11-14 19:26:28.374   807   819 I wm_task_created: [84,8]
11-14 19:26:28.374   807   819 I wm_task_moved: [84,1,3]
11-14 19:26:28.374   807   819 I wm_home_stack_moved: 0
11-14 19:26:28.434   807   819 I am_pause_activity: [0,1103331160,com.cyanogenmod.trebuchet/org.cyanogenmod.trebuchet.CustomHomeLauncher]
11-14 19:26:28.504  2432  2432 I am_on_paused_called: [0,org.cyanogenmod.trebuchet.CustomHomeLauncher]
11-14 19:26:28.504   807  1234 I am_restart_activity: [0,1102272384,84,com.android.settings/.Settings]
11-14 19:26:28.824   182   182 I sf_frame_dur: [com.cyanogenmod.trebuchet/org.cyanogenmod.trebuchet.CustomHomeLauncher,0,0,0,0,0,0,1]
11-14 19:26:31.014   807  1436 I wm_task_removed: [83,removeTask]
11-14 19:26:31.014   807  1436 I wm_task_removed: [83,removeAppToken: last token]
11-14 19:26:31.054  4309  4309 I am_on_resume_called: [0,com.android.settings.Settings]
11-14 19:26:31.154   807  1453 I am_create_service: [0,1116220856,.SearchPopulator,1000,4309]
11-14 19:26:31.204   807   833 I am_activity_launch_time: [0,1102272384,com.android.settings/.Settings,2697,2697]
11-14 19:26:31.254   807  1234 I am_destroy_service: [0,1116220856,4309]
11-14 19:26:31.414   182   182 I sf_frame_dur: [Starting com.android.settings,1,0,0,0,0,0,0]
11-14 19:26:36.104  4175  4191 I dvm_lock_sample: [uiautomator,0,UiAutomatorHandlerThread,139,QueryController.java,61,-,149,27]
11-14 19:26:37.174   807   818 I wm_task_moved: [84,1,2]
11-14 19:26:37.174   807   818 I wm_home_stack_moved: 0
11-14 19:26:37.174   807   818 I am_create_activity: [0,1103070048,84,com.android.settings/.SubSettings,android.intent.action.MAIN,NULL,NULL,0]
11-14 19:26:37.174   807   818 I am_pause_activity: [0,1102272384,com.android.settings/.Settings]
11-14 19:26:37.194  4309  4309 I am_on_paused_called: [0,com.android.settings.Settings]
11-14 19:26:37.204   807  1453 I am_restart_activity: [0,1103070048,84,com.android.settings/.SubSettings]
11-14 19:26:37.264  4309  4309 I am_on_resume_called: [0,com.android.settings.SubSettings]
11-14 19:26:37.324   807   833 I am_activity_launch_time: [0,1103070048,com.android.settings/.SubSettings,126,126]
11-14 19:26:37.664   182   182 I sf_frame_dur: [com.android.settings/com.android.settings.Settings,109,7,3,1,2,2,1]
11-14 19:26:37.924   807   820 I am_finish_activity: [0,1103070048,84,com.android.settings/.SubSettings,app-request]
11-14 19:26:37.924   807   820 I am_pause_activity: [0,1103070048,com.android.settings/.SubSettings]
11-14 19:26:37.934  4309  4309 I am_on_paused_called: [0,com.android.settings.SubSettings]
11-14 19:26:37.934   807   818 I am_resume_activity: [0,1102272384,84,com.android.settings/.Settings]
11-14 19:26:37.964  4309  4309 I am_on_resume_called: [0,com.android.settings.Settings]
