11-14 19:11:30.584   807  1233 I PowerManagerService: Waking up from sleep...
11-14 19:11:30.854   807  1678 I WindowManager: Lock screen displayed!
11-14 19:11:30.854   807   987 D DisplayPowerController: Unblocked screen on after 355787 ms
11-14 19:11:32.974   807  1234 W InputMethodManagerService: Window already focused, ignoring focus gain of: com.android.internal.view.IInputMethodClient$Stub$Proxy@422ac710 attribute=android.view.inputmethod.EditorInfo@4229d640, token = android.os.BinderProxy@42311710
11-14 19:11:35.414   807   820 I ActivityManager: START u0 {act=android.intent.action.MAIN cat=[android.intent.category.LAUNCHER] flg=0x10200000 cmp=com.android.settings/.Settings} from pid 2432
11-14 19:11:35.564   807  1233 I ActivityManager: Start proc com.android.settings for activity com.android.settings/.Settings: pid=4309 uid=1000 gids={41000, 1028, 1015, 3002, 3001, 3003, 1006}
11-14 19:11:35.744  4309  4309 W ContextImpl: Calling a method in the system process without a qualified user: android.app.ContextImpl.bindService:1607 android.content.ContextWrapper.bindService:517 android.bluetooth.BluetoothInputDevice.doBind:256 android.bluetooth.BluetoothInputDevice.<init>:249 android.bluetooth.BluetoothAdapter.getProfileProxy:1375 
11-14 19:11:35.754  4309  4309 W ContextImpl: Calling a method in the system process without a qualified user: android.app.ContextImpl.bindService:1607 android.content.ContextWrapper.bindService:517 android.bluetooth.BluetoothPan.doBind:148 android.bluetooth.BluetoothPan.<init>:141 android.bluetooth.BluetoothAdapter.getProfileProxy:1378 
11-14 19:11:35.754  4309  4309 W ContextImpl: Calling a method in the system process without a qualified user: android.app.ContextImpl.bindService:1607 android.content.ContextWrapper.bindService:517 android.bluetooth.BluetoothMap.doBind:109 android.bluetooth.BluetoothMap.<init>:102 android.bluetooth.BluetoothAdapter.getProfileProxy:1390 
11-14 19:11:35.754  4309  4309 W ContextImpl: Calling a method in the system process without a qualified user: android.app.ContextImpl.bindService:1607 android.content.ContextWrapper.bindService:517 android.bluetooth.BluetoothPbap.doBind:164 android.bluetooth.BluetoothPbap.<init>:157 com.android.settings.bluetooth.PbapServerProfile.<init>:68 
11-14 19:11:35.854   807  1234 D WifiService: setWifiEnabled: true pid=4309, uid=1000
11-14 19:11:35.924  4309  4309 W ContextImpl: Calling a method in the system process without a qualified user: android.app.ContextImpl.startService:1543 android.content.ContextWrapper.startService:494 com.android.settings.search.SettingsSearchFilterAdapter.<init>:159 com.android.settings.Settings.onCreateOptionsMenu:289 android.app.Activity.onCreatePanelMenu:2538 
11-14 19:11:41.114   807   836 W ProcessCpuTracker: Skipping unknown process pid 4568
11-14 19:11:41.114   807   836 W ProcessCpuTracker: Skipping unknown process pid 4570
11-14 19:11:41.934   807  1453 I ActivityManager: START u0 {act=android.intent.action.MAIN cmp=com.android.settings/.SubSettings (has extras)} from pid 4309
11-14 19:11:42.024  4309  4309 W ContextImpl: Calling a method in the system process without a qualified user: android.app.ContextImpl.bindService:1607 android.content.ContextWrapper.bindService:517 com.android.settings.applications.ManageApplications.onCreate:866 android.app.Fragment.performCreate:1678 android.app.FragmentManagerImpl.moveToState:859 
11-14 19:11:42.034   807   819 I ActivityManager: Start proc com.android.defcontainer for service com.android.defcontainer/.DefaultContainerService: pid=4652 uid=10005 gids={50005, 1028, 1015, 1023, 2001, 1035}
11-14 19:11:42.984   807   840 I ActivityManager: Config changes=480 {1.0 460mcc1mnc en_US ldltr sw360dp w598dp h335dp 480dpi nrml land finger -keyb/v/h -nav/h s.9 themeResource=themes:{}}
11-14 19:11:43.174   807   833 I WindowManager: Screen frozen for +208ms due to Window{41b3e368 u0 StatusBar}
11-14 19:11:43.754   807   818 I ActivityManager: Config changes=480 {1.0 460mcc1mnc en_US ldltr sw360dp w360dp h567dp 480dpi nrml port finger -keyb/v/h -nav/h s.10 themeResource=themes:{}}
11-14 19:11:43.994   807   833 I WindowManager: Screen frozen for +268ms due to Window{41b3e368 u0 StatusBar}
11-14 19:11:44.644   807   819 I ActivityManager: START u0 {act=android.intent.action.MAIN cat=[android.intent.category.LAUNCHER] flg=0x10200000 cmp=com.android.settings/.Settings} from pid 2432
11-14 19:11:44.724   807   818 I ActivityManager: Config changes=480 {1.0 460mcc1mnc en_US ldltr sw360dp w598dp h335dp 480dpi nrml land finger -keyb/v/h -nav/h s.11 themeResource=themes:{}}
11-14 19:11:44.884   807   819 D WifiService: setWifiEnabled: true pid=4309, uid=1000
11-14 19:11:44.914  4309  4309 W ContextImpl: Calling a method in the system process without a qualified user: android.app.ContextImpl.startService:1543 android.content.ContextWrapper.startService:494 com.android.settings.search.SettingsSearchFilterAdapter.<init>:159 com.android.settings.Settings.onCreateOptionsMenu:289 android.app.Activity.onCreatePanelMenu:2538 
11-14 19:11:45.044   807   833 I WindowManager: Screen frozen for +337ms due to Window{41b3e368 u0 StatusBar}
11-14 19:11:46.954   807   836 W ProcessCpuTracker: Skipping unknown process pid 5218
11-14 19:11:48.624   807   840 I ActivityManager: Config changes=480 {1.0 460mcc1mnc en_US ldltr sw360dp w360dp h567dp 480dpi nrml port finger -keyb/v/h -nav/h s.12 themeResource=themes:{}}
11-14 19:11:48.824   807   833 I WindowManager: Screen frozen for +223ms due to Window{41b3e368 u0 StatusBar}
11-14 19:11:52.894   807   836 W ProcessCpuTracker: Skipping unknown process pid 5714
11-14 19:11:52.894   807   836 W ProcessCpuTracker: Skipping unknown process pid 5715
11-14 19:11:53.184   807   818 I ActivityManager: START u0 {act=android.intent.action.MAIN cmp=com.android.settings/.SubSettings (has extras)} from pid 4309
11-14 19:11:53.304  4309  4309 W ContextImpl: Calling a method in the system process without a qualified user: android.app.ContextImpl.bindService:1607 android.content.ContextWrapper.bindService:517 com.android.settings.applications.ManageApplications.onCreate:866 android.app.Fragment.performCreate:1678 android.app.FragmentManagerImpl.moveToState:859 
11-14 19:11:55.704   807  1436 I ActivityManager: START u0 {act=android.intent.action.MAIN cat=[android.intent.category.LAUNCHER] flg=0x10200000 cmp=com.android.settings/.Settings} from pid 2432
11-14 19:11:55.954   807   819 D WifiService: setWifiEnabled: true pid=4309, uid=1000
11-14 19:11:56.024  4309  4309 W ContextImpl: Calling a method in the system process without a qualified user: android.app.ContextImpl.startService:1543 android.content.ContextWrapper.startService:494 com.android.settings.search.SettingsSearchFilterAdapter.<init>:159 com.android.settings.Settings.onCreateOptionsMenu:289 android.app.Activity.onCreatePanelMenu:2538 
11-14 19:12:02.294   807  1234 I ActivityManager: START u0 {act=android.intent.action.MAIN cmp=com.android.settings/.SubSettings (has extras)} from pid 4309
11-14 19:12:02.334  4309  4309 W ContextImpl: Calling a method in the system process without a qualified user: android.app.ContextImpl.bindService:1607 android.content.ContextWrapper.bindService:517 com.android.settings.applications.ManageApplications.onCreate:866 android.app.Fragment.performCreate:1678 android.app.FragmentManagerImpl.moveToState:859 
11-14 19:12:03.934   807   836 W ProcessCpuTracker: Skipping unknown process pid 6637
11-14 19:12:03.934   807   836 W ProcessCpuTracker: Skipping unknown process pid 6640
11-14 19:12:05.144   807  1453 I ActivityManager: START u0 {act=android.intent.action.MAIN cat=[android.intent.category.LAUNCHER] flg=0x10200000 cmp=com.android.settings/.Settings} from pid 2432
11-14 19:12:05.334   807  1453 D WifiService: setWifiEnabled: true pid=4309, uid=1000
11-14 19:12:05.394  4309  4309 W ContextImpl: Calling a method in the system process without a qualified user: android.app.ContextImpl.startService:1543 android.content.ContextWrapper.startService:494 com.android.settings.search.SettingsSearchFilterAdapter.<init>:159 com.android.settings.Settings.onCreateOptionsMenu:289 android.app.Activity.onCreatePanelMenu:2538 
11-14 19:12:07.754   807  1233 I ActivityManager: Start proc com.android.printspooler for service com.android.printspooler/.PrintSpoolerService: pid=6842 uid=10052 gids={50052}
11-14 19:12:11.614   807  1678 I ActivityManager: START u0 {act=android.intent.action.MAIN cmp=com.android.settings/.SubSettings (has extras)} from pid 4309
11-14 19:12:11.654  4309  4309 W ContextImpl: Calling a method in the system process without a qualified user: android.app.ContextImpl.bindService:1607 android.content.ContextWrapper.bindService:517 com.android.settings.applications.ManageApplications.onCreate:866 android.app.Fragment.performCreate:1678 android.app.FragmentManagerImpl.moveToState:859 
11-14 19:12:14.414   807   819 I ActivityManager: START u0 {act=android.intent.action.MAIN cat=[android.intent.category.LAUNCHER] flg=0x10200000 cmp=com.android.settings/.Settings} from pid 2432
11-14 19:12:14.824   807  1436 D WifiService: setWifiEnabled: true pid=4309, uid=1000
11-14 19:12:14.884  4309  4309 W ContextImpl: Calling a method in the system process without a qualified user: android.app.ContextImpl.startService:1543 android.content.ContextWrapper.startService:494 com.android.settings.search.SettingsSearchFilterAdapter.<init>:159 com.android.settings.Settings.onCreateOptionsMenu:289 android.app.Activity.onCreatePanelMenu:2538 
11-14 19:12:14.894   807  1234 D WifiService: setWifiEnabled: true pid=4309, uid=1000
11-14 19:12:16.674   807   836 W ProcessCpuTracker: Skipping unknown process pid 7177
11-14 19:12:21.064   807  1234 I ActivityManager: START u0 {act=android.intent.action.MAIN cmp=com.android.settings/.SubSettings (has extras)} from pid 4309
11-14 19:12:21.134  4309  4309 W ContextImpl: Calling a method in the system process without a qualified user: android.app.ContextImpl.bindService:1607 android.content.ContextWrapper.bindService:517 com.android.settings.applications.ManageApplications.onCreate:866 android.app.Fragment.performCreate:1678 android.app.FragmentManagerImpl.moveToState:859 
11-14 19:12:24.994   807   818 I ActivityManager: START u0 {act=android.intent.action.MAIN cat=[android.intent.category.LAUNCHER] flg=0x10200000 cmp=com.android.settings/.Settings} from pid 2432
11-14 19:12:25.324   807  1432 D WifiService: setWifiEnabled: true pid=4309, uid=1000
11-14 19:12:25.404  4309  4309 W ContextImpl: Calling a method in the system process without a qualified user: android.app.ContextImpl.startService:1543 android.content.ContextWrapper.startService:494 com.android.settings.search.SettingsSearchFilterAdapter.<init>:159 com.android.settings.Settings.onCreateOptionsMenu:289 android.app.Activity.onCreatePanelMenu:2538 
11-14 19:12:25.414   807  1432 D WifiService: setWifiEnabled: true pid=4309, uid=1000
11-14 19:12:32.214   807   820 I ActivityManager: START u0 {act=android.intent.action.MAIN cmp=com.android.settings/.SubSettings (has extras)} from pid 4309
11-14 19:12:32.274  4309  4309 W ContextImpl: Calling a method in the system process without a qualified user: android.app.ContextImpl.bindService:1607 android.content.ContextWrapper.bindService:517 com.android.settings.applications.ManageApplications.onCreate:866 android.app.Fragment.performCreate:1678 android.app.FragmentManagerImpl.moveToState:859 
11-14 19:12:35.854   807  1678 I ActivityManager: START u0 {act=android.intent.action.MAIN cat=[android.intent.category.LAUNCHER] flg=0x10200000 cmp=com.android.settings/.Settings} from pid 2432
11-14 19:12:36.234   807   818 D WifiService: setWifiEnabled: true pid=4309, uid=1000
11-14 19:12:36.304  4309  4309 W ContextImpl: Calling a method in the system process without a qualified user: android.app.ContextImpl.startService:1543 android.content.ContextWrapper.startService:494 com.android.settings.search.SettingsSearchFilterAdapter.<init>:159 com.android.settings.Settings.onCreateOptionsMenu:289 android.app.Activity.onCreatePanelMenu:2538 
11-14 19:12:36.314   807  1678 D WifiService: setWifiEnabled: true pid=4309, uid=1000
11-14 19:12:42.344   807  1234 I ActivityManager: START u0 {act=android.intent.action.MAIN cmp=com.android.settings/.SubSettings (has extras)} from pid 4309
11-14 19:12:42.394  4309  4309 W ContextImpl: Calling a method in the system process without a qualified user: android.app.ContextImpl.bindService:1607 android.content.ContextWrapper.bindService:517 com.android.settings.applications.ManageApplications.onCreate:866 android.app.Fragment.performCreate:1678 android.app.FragmentManagerImpl.moveToState:859 
11-14 19:12:46.244   807  1453 I ActivityManager: START u0 {act=android.intent.action.MAIN cat=[android.intent.category.LAUNCHER] flg=0x10200000 cmp=com.android.settings/.Settings} from pid 2432
11-14 19:12:46.784   807   818 D WifiService: setWifiEnabled: true pid=4309, uid=1000
11-14 19:12:46.834  4309  4309 W ContextImpl: Calling a method in the system process without a qualified user: android.app.ContextImpl.startService:1543 android.content.ContextWrapper.startService:494 com.android.settings.search.SettingsSearchFilterAdapter.<init>:159 com.android.settings.Settings.onCreateOptionsMenu:289 android.app.Activity.onCreatePanelMenu:2538 
11-14 19:12:46.844   807   819 D WifiService: setWifiEnabled: true pid=4309, uid=1000
11-14 19:12:52.744   807  1432 I ActivityManager: START u0 {act=android.intent.action.MAIN cmp=com.android.settings/.SubSettings (has extras)} from pid 4309
11-14 19:12:52.854  4309  4309 W ContextImpl: Calling a method in the system process without a qualified user: android.app.ContextImpl.bindService:1607 android.content.ContextWrapper.bindService:517 com.android.settings.applications.ManageApplications.onCreate:866 android.app.Fragment.performCreate:1678 android.app.FragmentManagerImpl.moveToState:859 
11-14 19:12:56.514   807  1678 I ActivityManager: START u0 {act=android.intent.action.MAIN cat=[android.intent.category.LAUNCHER] flg=0x10200000 cmp=com.android.settings/.Settings} from pid 2432
11-14 19:12:56.964   807  1432 D WifiService: setWifiEnabled: true pid=4309, uid=1000
11-14 19:12:57.024  4309  4309 W ContextImpl: Calling a method in the system process without a qualified user: android.app.ContextImpl.startService:1543 android.content.ContextWrapper.startService:494 com.android.settings.search.SettingsSearchFilterAdapter.<init>:159 com.android.settings.Settings.onCreateOptionsMenu:289 android.app.Activity.onCreatePanelMenu:2538 
11-14 19:12:57.034   807   818 D WifiService: setWifiEnabled: true pid=4309, uid=1000
11-14 19:13:03.214   807  1233 I ActivityManager: START u0 {act=android.intent.action.MAIN cmp=com.android.settings/.SubSettings (has extras)} from pid 4309
11-14 19:13:03.254  4309  4309 W ContextImpl: Calling a method in the system process without a qualified user: android.app.ContextImpl.bindService:1607 android.content.ContextWrapper.bindService:517 com.android.settings.applications.ManageApplications.onCreate:866 android.app.Fragment.performCreate:1678 android.app.FragmentManagerImpl.moveToState:859 
11-14 19:13:07.054   807   818 I ActivityManager: START u0 {act=android.intent.action.MAIN cat=[android.intent.category.LAUNCHER] flg=0x10200000 cmp=com.android.settings/.Settings} from pid 2432
11-14 19:13:07.554   807  1453 D WifiService: setWifiEnabled: true pid=4309, uid=1000
11-14 19:13:07.624  4309  4309 W ContextImpl: Calling a method in the system process without a qualified user: android.app.ContextImpl.startService:1543 android.content.ContextWrapper.startService:494 com.android.settings.search.SettingsSearchFilterAdapter.<init>:159 com.android.settings.Settings.onCreateOptionsMenu:289 android.app.Activity.onCreatePanelMenu:2538 
11-14 19:13:07.634   807   819 D WifiService: setWifiEnabled: true pid=4309, uid=1000
11-14 19:13:13.834   807  1453 I ActivityManager: START u0 {act=android.intent.action.MAIN cmp=com.android.settings/.SubSettings (has extras)} from pid 4309
11-14 19:13:13.884  4309  4309 W ContextImpl: Calling a method in the system process without a qualified user: android.app.ContextImpl.bindService:1607 android.content.ContextWrapper.bindService:517 com.android.settings.applications.ManageApplications.onCreate:866 android.app.Fragment.performCreate:1678 android.app.FragmentManagerImpl.moveToState:859 
11-14 19:13:17.584   807  1233 I ActivityManager: START u0 {act=android.intent.action.MAIN cat=[android.intent.category.LAUNCHER] flg=0x10200000 cmp=com.android.settings/.Settings} from pid 2432
11-14 19:13:18.054   807  1234 D WifiService: setWifiEnabled: true pid=4309, uid=1000
11-14 19:13:18.114  4309  4309 W ContextImpl: Calling a method in the system process without a qualified user: android.app.ContextImpl.startService:1543 android.content.ContextWrapper.startService:494 com.android.settings.search.SettingsSearchFilterAdapter.<init>:159 com.android.settings.Settings.onCreateOptionsMenu:289 android.app.Activity.onCreatePanelMenu:2538 
11-14 19:13:18.124   807   818 D WifiService: setWifiEnabled: true pid=4309, uid=1000
11-14 19:13:25.134   807  1678 I ActivityManager: START u0 {act=android.intent.action.MAIN cmp=com.android.settings/.SubSettings (has extras)} from pid 4309
11-14 19:13:25.214  4309  4309 W ContextImpl: Calling a method in the system process without a qualified user: android.app.ContextImpl.bindService:1607 android.content.ContextWrapper.bindService:517 com.android.settings.applications.ManageApplications.onCreate:866 android.app.Fragment.performCreate:1678 android.app.FragmentManagerImpl.moveToState:859 
11-14 19:13:29.014   807  1453 I ActivityManager: START u0 {act=android.intent.action.MAIN cat=[android.intent.category.LAUNCHER] flg=0x10200000 cmp=com.android.settings/.Settings} from pid 2432
11-14 19:13:29.634   807  1678 D WifiService: setWifiEnabled: true pid=4309, uid=1000
11-14 19:13:29.694  4309  4309 W ContextImpl: Calling a method in the system process without a qualified user: android.app.ContextImpl.startService:1543 android.content.ContextWrapper.startService:494 com.android.settings.search.SettingsSearchFilterAdapter.<init>:159 com.android.settings.Settings.onCreateOptionsMenu:289 android.app.Activity.onCreatePanelMenu:2538 
11-14 19:13:29.704   807   820 D WifiService: setWifiEnabled: true pid=4309, uid=1000
11-14 19:13:36.544   807  1678 I ActivityManager: START u0 {act=android.intent.action.MAIN cmp=com.android.settings/.SubSettings (has extras)} from pid 4309
11-14 19:13:36.604  4309  4309 W ContextImpl: Calling a method in the system process without a qualified user: android.app.ContextImpl.bindService:1607 android.content.ContextWrapper.bindService:517 com.android.settings.applications.ManageApplications.onCreate:866 android.app.Fragment.performCreate:1678 android.app.FragmentManagerImpl.moveToState:859 
11-14 19:13:40.584   807  1678 I ActivityManager: START u0 {act=android.intent.action.MAIN cat=[android.intent.category.LAUNCHER] flg=0x10200000 cmp=com.android.settings/.Settings} from pid 2432
11-14 19:13:41.084   807  1432 D WifiService: setWifiEnabled: true pid=4309, uid=1000
11-14 19:13:41.144  4309  4309 W ContextImpl: Calling a method in the system process without a qualified user: android.app.ContextImpl.startService:1543 android.content.ContextWrapper.startService:494 com.android.settings.search.SettingsSearchFilterAdapter.<init>:159 com.android.settings.Settings.onCreateOptionsMenu:289 android.app.Activity.onCreatePanelMenu:2538 
11-14 19:13:41.164   807   820 D WifiService: setWifiEnabled: true pid=4309, uid=1000
11-14 19:13:47.094   807  1678 I ActivityManager: START u0 {act=android.intent.action.MAIN cmp=com.android.settings/.SubSettings (has extras)} from pid 4309
11-14 19:13:47.134  4309  4309 W ContextImpl: Calling a method in the system process without a qualified user: android.app.ContextImpl.bindService:1607 android.content.ContextWrapper.bindService:517 com.android.settings.applications.ManageApplications.onCreate:866 android.app.Fragment.performCreate:1678 android.app.FragmentManagerImpl.moveToState:859 
11-14 19:13:51.014   807   818 I ActivityManager: START u0 {act=android.intent.action.MAIN cat=[android.intent.category.LAUNCHER] flg=0x10200000 cmp=com.android.settings/.Settings} from pid 2432
11-14 19:13:51.674   807  1436 D WifiService: setWifiEnabled: true pid=4309, uid=1000
11-14 19:13:51.744  4309  4309 W ContextImpl: Calling a method in the system process without a qualified user: android.app.ContextImpl.startService:1543 android.content.ContextWrapper.startService:494 com.android.settings.search.SettingsSearchFilterAdapter.<init>:159 com.android.settings.Settings.onCreateOptionsMenu:289 android.app.Activity.onCreatePanelMenu:2538 
11-14 19:13:51.754   807   819 D WifiService: setWifiEnabled: true pid=4309, uid=1000
11-14 19:13:57.884   807  1678 I ActivityManager: START u0 {act=android.intent.action.MAIN cmp=com.android.settings/.SubSettings (has extras)} from pid 4309
11-14 19:13:57.984  4309  4309 W ContextImpl: Calling a method in the system process without a qualified user: android.app.ContextImpl.bindService:1607 android.content.ContextWrapper.bindService:517 com.android.settings.applications.ManageApplications.onCreate:866 android.app.Fragment.performCreate:1678 android.app.FragmentManagerImpl.moveToState:859 
11-14 19:14:01.964   807  1678 I ActivityManager: START u0 {act=android.intent.action.MAIN cat=[android.intent.category.LAUNCHER] flg=0x10200000 cmp=com.android.settings/.Settings} from pid 2432
11-14 19:14:02.504   807  1453 D WifiService: setWifiEnabled: true pid=4309, uid=1000
11-14 19:14:02.574  4309  4309 W ContextImpl: Calling a method in the system process without a qualified user: android.app.ContextImpl.startService:1543 android.content.ContextWrapper.startService:494 com.android.settings.search.SettingsSearchFilterAdapter.<init>:159 com.android.settings.Settings.onCreateOptionsMenu:289 android.app.Activity.onCreatePanelMenu:2538 
11-14 19:14:02.584   807  1432 D WifiService: setWifiEnabled: true pid=4309, uid=1000
11-14 19:14:08.784   807  1453 I ActivityManager: START u0 {act=android.intent.action.MAIN cmp=com.android.settings/.SubSettings (has extras)} from pid 4309
11-14 19:14:08.854  4309  4309 W ContextImpl: Calling a method in the system process without a qualified user: android.app.ContextImpl.bindService:1607 android.content.ContextWrapper.bindService:517 com.android.settings.applications.ManageApplications.onCreate:866 android.app.Fragment.performCreate:1678 android.app.FragmentManagerImpl.moveToState:859 
11-14 19:14:12.724   807   818 I ActivityManager: START u0 {act=android.intent.action.MAIN cat=[android.intent.category.LAUNCHER] flg=0x10200000 cmp=com.android.settings/.Settings} from pid 2432
11-14 19:14:13.314   807   818 D WifiService: setWifiEnabled: true pid=4309, uid=1000
11-14 19:14:13.354  4309  4309 W ContextImpl: Calling a method in the system process without a qualified user: android.app.ContextImpl.startService:1543 android.content.ContextWrapper.startService:494 com.android.settings.search.SettingsSearchFilterAdapter.<init>:159 com.android.settings.Settings.onCreateOptionsMenu:289 android.app.Activity.onCreatePanelMenu:2538 
11-14 19:14:19.224   807  1432 I ActivityManager: START u0 {act=android.intent.action.MAIN cmp=com.android.settings/.SubSettings (has extras)} from pid 4309
11-14 19:14:19.274  4309  4309 W ContextImpl: Calling a method in the system process without a qualified user: android.app.ContextImpl.bindService:1607 android.content.ContextWrapper.bindService:517 com.android.settings.applications.ManageApplications.onCreate:866 android.app.Fragment.performCreate:1678 android.app.FragmentManagerImpl.moveToState:859 
11-14 19:14:23.664   807   820 I ActivityManager: START u0 {act=android.intent.action.MAIN cat=[android.intent.category.LAUNCHER] flg=0x10200000 cmp=com.android.settings/.Settings} from pid 2432
11-14 19:14:24.464   807  1234 D WifiService: setWifiEnabled: true pid=4309, uid=1000
11-14 19:14:24.524  4309  4309 W ContextImpl: Calling a method in the system process without a qualified user: android.app.ContextImpl.startService:1543 android.content.ContextWrapper.startService:494 com.android.settings.search.SettingsSearchFilterAdapter.<init>:159 com.android.settings.Settings.onCreateOptionsMenu:289 android.app.Activity.onCreatePanelMenu:2538 
11-14 19:14:24.534   807   820 D WifiService: setWifiEnabled: true pid=4309, uid=1000
11-14 19:14:30.774   807   819 I ActivityManager: START u0 {act=android.intent.action.MAIN cmp=com.android.settings/.SubSettings (has extras)} from pid 4309
11-14 19:14:30.844  4309  4309 W ContextImpl: Calling a method in the system process without a qualified user: android.app.ContextImpl.bindService:1607 android.content.ContextWrapper.bindService:517 com.android.settings.applications.ManageApplications.onCreate:866 android.app.Fragment.performCreate:1678 android.app.FragmentManagerImpl.moveToState:859 
11-14 19:14:35.014   807   819 I ActivityManager: START u0 {act=android.intent.action.MAIN cat=[android.intent.category.LAUNCHER] flg=0x10200000 cmp=com.android.settings/.Settings} from pid 2432
11-14 19:14:35.634   807   818 D WifiService: setWifiEnabled: true pid=4309, uid=1000
11-14 19:14:35.694  4309  4309 W ContextImpl: Calling a method in the system process without a qualified user: android.app.ContextImpl.startService:1543 android.content.ContextWrapper.startService:494 com.android.settings.search.SettingsSearchFilterAdapter.<init>:159 com.android.settings.Settings.onCreateOptionsMenu:289 android.app.Activity.onCreatePanelMenu:2538 
11-14 19:14:35.704   807   819 D WifiService: setWifiEnabled: true pid=4309, uid=1000
11-14 19:14:41.804   807  1453 I ActivityManager: START u0 {act=android.intent.action.MAIN cmp=com.android.settings/.SubSettings (has extras)} from pid 4309
11-14 19:14:41.874  4309  4309 W ContextImpl: Calling a method in the system process without a qualified user: android.app.ContextImpl.bindService:1607 android.content.ContextWrapper.bindService:517 com.android.settings.applications.ManageApplications.onCreate:866 android.app.Fragment.performCreate:1678 android.app.FragmentManagerImpl.moveToState:859 
11-14 19:14:46.114   807   820 I ActivityManager: START u0 {act=android.intent.action.MAIN cat=[android.intent.category.LAUNCHER] flg=0x10200000 cmp=com.android.settings/.Settings} from pid 2432
11-14 19:14:46.704   807   819 D WifiService: setWifiEnabled: true pid=4309, uid=1000
11-14 19:14:46.774  4309  4309 W ContextImpl: Calling a method in the system process without a qualified user: android.app.ContextImpl.startService:1543 android.content.ContextWrapper.startService:494 com.android.settings.search.SettingsSearchFilterAdapter.<init>:159 com.android.settings.Settings.onCreateOptionsMenu:289 android.app.Activity.onCreatePanelMenu:2538 
11-14 19:14:46.784   807  1432 D WifiService: setWifiEnabled: true pid=4309, uid=1000
11-14 19:14:53.574   807  1453 I ActivityManager: START u0 {act=android.intent.action.MAIN cmp=com.android.settings/.SubSettings (has extras)} from pid 4309
11-14 19:14:53.644  4309  4309 W ContextImpl: Calling a method in the system process without a qualified user: android.app.ContextImpl.bindService:1607 android.content.ContextWrapper.bindService:517 com.android.settings.applications.ManageApplications.onCreate:866 android.app.Fragment.performCreate:1678 android.app.FragmentManagerImpl.moveToState:859 
11-14 19:14:57.904   807  1234 I ActivityManager: START u0 {act=android.intent.action.MAIN cat=[android.intent.category.LAUNCHER] flg=0x10200000 cmp=com.android.settings/.Settings} from pid 2432
11-14 19:14:58.704   807   819 D WifiService: setWifiEnabled: true pid=4309, uid=1000
11-14 19:14:58.764  4309  4309 W ContextImpl: Calling a method in the system process without a qualified user: android.app.ContextImpl.startService:1543 android.content.ContextWrapper.startService:494 com.android.settings.search.SettingsSearchFilterAdapter.<init>:159 com.android.settings.Settings.onCreateOptionsMenu:289 android.app.Activity.onCreatePanelMenu:2538 
11-14 19:14:58.774   807  1453 D WifiService: setWifiEnabled: true pid=4309, uid=1000
11-14 19:15:04.864   807  1436 I ActivityManager: START u0 {act=android.intent.action.MAIN cmp=com.android.settings/.SubSettings (has extras)} from pid 4309
11-14 19:15:04.914  4309  4309 W ContextImpl: Calling a method in the system process without a qualified user: android.app.ContextImpl.bindService:1607 android.content.ContextWrapper.bindService:517 com.android.settings.applications.ManageApplications.onCreate:866 android.app.Fragment.performCreate:1678 android.app.FragmentManagerImpl.moveToState:859 
11-14 19:15:08.954   807   819 I ActivityManager: START u0 {act=android.intent.action.MAIN cat=[android.intent.category.LAUNCHER] flg=0x10200000 cmp=com.android.settings/.Settings} from pid 2432
11-14 19:15:09.664   807   820 D WifiService: setWifiEnabled: true pid=4309, uid=1000
11-14 19:15:09.724  4309  4309 W ContextImpl: Calling a method in the system process without a qualified user: android.app.ContextImpl.startService:1543 android.content.ContextWrapper.startService:494 com.android.settings.search.SettingsSearchFilterAdapter.<init>:159 com.android.settings.Settings.onCreateOptionsMenu:289 android.app.Activity.onCreatePanelMenu:2538 
11-14 19:15:09.744   807   818 D WifiService: setWifiEnabled: true pid=4309, uid=1000
11-14 19:15:16.514   807  1233 I ActivityManager: START u0 {act=android.intent.action.MAIN cmp=com.android.settings/.SubSettings (has extras)} from pid 4309
11-14 19:15:16.594  4309  4309 W ContextImpl: Calling a method in the system process without a qualified user: android.app.ContextImpl.bindService:1607 android.content.ContextWrapper.bindService:517 com.android.settings.applications.ManageApplications.onCreate:866 android.app.Fragment.performCreate:1678 android.app.FragmentManagerImpl.moveToState:859 
11-14 19:15:20.654   807  1436 I ActivityManager: START u0 {act=android.intent.action.MAIN cat=[android.intent.category.LAUNCHER] flg=0x10200000 cmp=com.android.settings/.Settings} from pid 2432
11-14 19:15:21.294   807   818 D WifiService: setWifiEnabled: true pid=4309, uid=1000
11-14 19:15:21.354  4309  4309 W ContextImpl: Calling a method in the system process without a qualified user: android.app.ContextImpl.startService:1543 android.content.ContextWrapper.startService:494 com.android.settings.search.SettingsSearchFilterAdapter.<init>:159 com.android.settings.Settings.onCreateOptionsMenu:289 android.app.Activity.onCreatePanelMenu:2538 
11-14 19:15:21.364   807  1233 D WifiService: setWifiEnabled: true pid=4309, uid=1000
11-14 19:15:28.194   807  1678 I ActivityManager: START u0 {act=android.intent.action.MAIN cmp=com.android.settings/.SubSettings (has extras)} from pid 4309
11-14 19:15:28.254  4309  4309 W ContextImpl: Calling a method in the system process without a qualified user: android.app.ContextImpl.bindService:1607 android.content.ContextWrapper.bindService:517 com.android.settings.applications.ManageApplications.onCreate:866 android.app.Fragment.performCreate:1678 android.app.FragmentManagerImpl.moveToState:859 
11-14 19:15:32.324   807  1436 I ActivityManager: START u0 {act=android.intent.action.MAIN cat=[android.intent.category.LAUNCHER] flg=0x10200000 cmp=com.android.settings/.Settings} from pid 2432
11-14 19:15:33.224   807  1436 D WifiService: setWifiEnabled: true pid=4309, uid=1000
11-14 19:15:33.284  4309  4309 W ContextImpl: Calling a method in the system process without a qualified user: android.app.ContextImpl.startService:1543 android.content.ContextWrapper.startService:494 com.android.settings.search.SettingsSearchFilterAdapter.<init>:159 com.android.settings.Settings.onCreateOptionsMenu:289 android.app.Activity.onCreatePanelMenu:2538 
11-14 19:15:33.294   807  1234 D WifiService: setWifiEnabled: true pid=4309, uid=1000
11-14 19:15:40.044   807  1453 I ActivityManager: START u0 {act=android.intent.action.MAIN cmp=com.android.settings/.SubSettings (has extras)} from pid 4309
11-14 19:15:40.114  4309  4309 W ContextImpl: Calling a method in the system process without a qualified user: android.app.ContextImpl.bindService:1607 android.content.ContextWrapper.bindService:517 com.android.settings.applications.ManageApplications.onCreate:866 android.app.Fragment.performCreate:1678 android.app.FragmentManagerImpl.moveToState:859 
11-14 19:15:44.354   807   819 I ActivityManager: START u0 {act=android.intent.action.MAIN cat=[android.intent.category.LAUNCHER] flg=0x10200000 cmp=com.android.settings/.Settings} from pid 2432
11-14 19:15:45.234   807  1432 D WifiService: setWifiEnabled: true pid=4309, uid=1000
11-14 19:15:45.294  4309  4309 W ContextImpl: Calling a method in the system process without a qualified user: android.app.ContextImpl.startService:1543 android.content.ContextWrapper.startService:494 com.android.settings.search.SettingsSearchFilterAdapter.<init>:159 com.android.settings.Settings.onCreateOptionsMenu:289 android.app.Activity.onCreatePanelMenu:2538 
11-14 19:15:45.304   807  1436 D WifiService: setWifiEnabled: true pid=4309, uid=1000
11-14 19:15:52.234   807  1678 I ActivityManager: START u0 {act=android.intent.action.MAIN cmp=com.android.settings/.SubSettings (has extras)} from pid 4309
11-14 19:15:52.304  4309  4309 W ContextImpl: Calling a method in the system process without a qualified user: android.app.ContextImpl.bindService:1607 android.content.ContextWrapper.bindService:517 com.android.settings.applications.ManageApplications.onCreate:866 android.app.Fragment.performCreate:1678 android.app.FragmentManagerImpl.moveToState:859 
11-14 19:15:52.594   807   836 W ProcessCpuTracker: Skipping unknown process pid 11372
11-14 19:15:56.564   807   818 I ActivityManager: START u0 {act=android.intent.action.MAIN cat=[android.intent.category.LAUNCHER] flg=0x10200000 cmp=com.android.settings/.Settings} from pid 2432
11-14 19:15:57.354   807   818 D WifiService: setWifiEnabled: true pid=4309, uid=1000
11-14 19:15:57.414  4309  4309 W ContextImpl: Calling a method in the system process without a qualified user: android.app.ContextImpl.startService:1543 android.content.ContextWrapper.startService:494 com.android.settings.search.SettingsSearchFilterAdapter.<init>:159 com.android.settings.Settings.onCreateOptionsMenu:289 android.app.Activity.onCreatePanelMenu:2538 
11-14 19:15:57.424   807  1436 D WifiService: setWifiEnabled: true pid=4309, uid=1000
11-14 19:16:03.734   807  1432 I ActivityManager: START u0 {act=android.intent.action.MAIN cmp=com.android.settings/.SubSettings (has extras)} from pid 4309
11-14 19:16:03.794  4309  4309 W ContextImpl: Calling a method in the system process without a qualified user: android.app.ContextImpl.bindService:1607 android.content.ContextWrapper.bindService:517 com.android.settings.applications.ManageApplications.onCreate:866 android.app.Fragment.performCreate:1678 android.app.FragmentManagerImpl.moveToState:859 
11-14 19:16:07.974   807  1436 I ActivityManager: START u0 {act=android.intent.action.MAIN cat=[android.intent.category.LAUNCHER] flg=0x10200000 cmp=com.android.settings/.Settings} from pid 2432
11-14 19:16:08.794   807   818 D WifiService: setWifiEnabled: true pid=4309, uid=1000
11-14 19:16:08.864  4309  4309 W ContextImpl: Calling a method in the system process without a qualified user: android.app.ContextImpl.startService:1543 android.content.ContextWrapper.startService:494 com.android.settings.search.SettingsSearchFilterAdapter.<init>:159 com.android.settings.Settings.onCreateOptionsMenu:289 android.app.Activity.onCreatePanelMenu:2538 
11-14 19:16:08.874   807  1233 D WifiService: setWifiEnabled: true pid=4309, uid=1000
11-14 19:16:14.884   807  1432 I ActivityManager: START u0 {act=android.intent.action.MAIN cmp=com.android.settings/.SubSettings (has extras)} from pid 4309
11-14 19:16:14.944  4309  4309 W ContextImpl: Calling a method in the system process without a qualified user: android.app.ContextImpl.bindService:1607 android.content.ContextWrapper.bindService:517 com.android.settings.applications.ManageApplications.onCreate:866 android.app.Fragment.performCreate:1678 android.app.FragmentManagerImpl.moveToState:859 
11-14 19:16:19.194   807  1233 I ActivityManager: START u0 {act=android.intent.action.MAIN cat=[android.intent.category.LAUNCHER] flg=0x10200000 cmp=com.android.settings/.Settings} from pid 2432
11-14 19:16:20.114   807  1453 D WifiService: setWifiEnabled: true pid=4309, uid=1000
11-14 19:16:20.184  4309  4309 W ContextImpl: Calling a method in the system process without a qualified user: android.app.ContextImpl.startService:1543 android.content.ContextWrapper.startService:494 com.android.settings.search.SettingsSearchFilterAdapter.<init>:159 com.android.settings.Settings.onCreateOptionsMenu:289 android.app.Activity.onCreatePanelMenu:2538 
11-14 19:16:20.194   807  1233 D WifiService: setWifiEnabled: true pid=4309, uid=1000
11-14 19:16:26.264   807   818 I ActivityManager: START u0 {act=android.intent.action.MAIN cmp=com.android.settings/.SubSettings (has extras)} from pid 4309
11-14 19:16:26.344  4309  4309 W ContextImpl: Calling a method in the system process without a qualified user: android.app.ContextImpl.bindService:1607 android.content.ContextWrapper.bindService:517 com.android.settings.applications.ManageApplications.onCreate:866 android.app.Fragment.performCreate:1678 android.app.FragmentManagerImpl.moveToState:859 
11-14 19:16:30.384   807   820 I ActivityManager: START u0 {act=android.intent.action.MAIN cat=[android.intent.category.LAUNCHER] flg=0x10200000 cmp=com.android.settings/.Settings} from pid 2432
11-14 19:16:31.354   807   820 D WifiService: setWifiEnabled: true pid=4309, uid=1000
11-14 19:16:31.414  4309  4309 W ContextImpl: Calling a method in the system process without a qualified user: android.app.ContextImpl.startService:1543 android.content.ContextWrapper.startService:494 com.android.settings.search.SettingsSearchFilterAdapter.<init>:159 com.android.settings.Settings.onCreateOptionsMenu:289 android.app.Activity.onCreatePanelMenu:2538 
11-14 19:16:31.424   807  1436 D WifiService: setWifiEnabled: true pid=4309, uid=1000
11-14 19:16:37.504   807  1233 I ActivityManager: START u0 {act=android.intent.action.MAIN cmp=com.android.settings/.SubSettings (has extras)} from pid 4309
11-14 19:16:37.544  4309  4309 W ContextImpl: Calling a method in the system process without a qualified user: android.app.ContextImpl.bindService:1607 android.content.ContextWrapper.bindService:517 com.android.settings.applications.ManageApplications.onCreate:866 android.app.Fragment.performCreate:1678 android.app.FragmentManagerImpl.moveToState:859 
11-14 19:16:41.794   807  1233 I ActivityManager: START u0 {act=android.intent.action.MAIN cat=[android.intent.category.LAUNCHER] flg=0x10200000 cmp=com.android.settings/.Settings} from pid 2432
11-14 19:16:42.624   807   818 D WifiService: setWifiEnabled: true pid=4309, uid=1000
11-14 19:16:42.684  4309  4309 W ContextImpl: Calling a method in the system process without a qualified user: android.app.ContextImpl.startService:1543 android.content.ContextWrapper.startService:494 com.android.settings.search.SettingsSearchFilterAdapter.<init>:159 com.android.settings.Settings.onCreateOptionsMenu:289 android.app.Activity.onCreatePanelMenu:2538 
11-14 19:16:42.694   807   820 D WifiService: setWifiEnabled: true pid=4309, uid=1000
11-14 19:16:48.724   807  1678 I ActivityManager: START u0 {act=android.intent.action.MAIN cmp=com.android.settings/.SubSettings (has extras)} from pid 4309
11-14 19:16:48.824  4309  4309 W ContextImpl: Calling a method in the system process without a qualified user: android.app.ContextImpl.bindService:1607 android.content.ContextWrapper.bindService:517 com.android.settings.applications.ManageApplications.onCreate:866 android.app.Fragment.performCreate:1678 android.app.FragmentManagerImpl.moveToState:859 
11-14 19:16:52.854   807   819 I ActivityManager: START u0 {act=android.intent.action.MAIN cat=[android.intent.category.LAUNCHER] flg=0x10200000 cmp=com.android.settings/.Settings} from pid 2432
11-14 19:16:53.874   807  1234 D WifiService: setWifiEnabled: true pid=4309, uid=1000
11-14 19:16:53.934  4309  4309 W ContextImpl: Calling a method in the system process without a qualified user: android.app.ContextImpl.startService:1543 android.content.ContextWrapper.startService:494 com.android.settings.search.SettingsSearchFilterAdapter.<init>:159 com.android.settings.Settings.onCreateOptionsMenu:289 android.app.Activity.onCreatePanelMenu:2538 
11-14 19:16:53.944   807  1678 D WifiService: setWifiEnabled: true pid=4309, uid=1000
11-14 19:17:00.104   807  1432 I ActivityManager: START u0 {act=android.intent.action.MAIN cmp=com.android.settings/.SubSettings (has extras)} from pid 4309
11-14 19:17:00.184  4309  4309 W ContextImpl: Calling a method in the system process without a qualified user: android.app.ContextImpl.bindService:1607 android.content.ContextWrapper.bindService:517 com.android.settings.applications.ManageApplications.onCreate:866 android.app.Fragment.performCreate:1678 android.app.FragmentManagerImpl.moveToState:859 
11-14 19:17:04.774   807  1432 I ActivityManager: START u0 {act=android.intent.action.MAIN cat=[android.intent.category.LAUNCHER] flg=0x10200000 cmp=com.android.settings/.Settings} from pid 2432
11-14 19:17:05.734   807  1233 D WifiService: setWifiEnabled: true pid=4309, uid=1000
11-14 19:17:05.794  4309  4309 W ContextImpl: Calling a method in the system process without a qualified user: android.app.ContextImpl.startService:1543 android.content.ContextWrapper.startService:494 com.android.settings.search.SettingsSearchFilterAdapter.<init>:159 com.android.settings.Settings.onCreateOptionsMenu:289 android.app.Activity.onCreatePanelMenu:2538 
11-14 19:17:05.804   807  1432 D WifiService: setWifiEnabled: true pid=4309, uid=1000
11-14 19:17:12.404   807  1432 I ActivityManager: START u0 {act=android.intent.action.MAIN cmp=com.android.settings/.SubSettings (has extras)} from pid 4309
11-14 19:17:12.484  4309  4309 W ContextImpl: Calling a method in the system process without a qualified user: android.app.ContextImpl.bindService:1607 android.content.ContextWrapper.bindService:517 com.android.settings.applications.ManageApplications.onCreate:866 android.app.Fragment.performCreate:1678 android.app.FragmentManagerImpl.moveToState:859 
11-14 19:17:16.584   807  1234 I ActivityManager: START u0 {act=android.intent.action.MAIN cat=[android.intent.category.LAUNCHER] flg=0x10200000 cmp=com.android.settings/.Settings} from pid 2432
11-14 19:17:17.684   807  1234 D WifiService: setWifiEnabled: true pid=4309, uid=1000
11-14 19:17:17.734  4309  4309 W ContextImpl: Calling a method in the system process without a qualified user: android.app.ContextImpl.startService:1543 android.content.ContextWrapper.startService:494 com.android.settings.search.SettingsSearchFilterAdapter.<init>:159 com.android.settings.Settings.onCreateOptionsMenu:289 android.app.Activity.onCreatePanelMenu:2538 
11-14 19:17:23.724   807  1233 I ActivityManager: START u0 {act=android.intent.action.MAIN cmp=com.android.settings/.SubSettings (has extras)} from pid 4309
11-14 19:17:23.784  4309  4309 W ContextImpl: Calling a method in the system process without a qualified user: android.app.ContextImpl.bindService:1607 android.content.ContextWrapper.bindService:517 com.android.settings.applications.ManageApplications.onCreate:866 android.app.Fragment.performCreate:1678 android.app.FragmentManagerImpl.moveToState:859 
11-14 19:17:28.294   807  1678 I ActivityManager: START u0 {act=android.intent.action.MAIN cat=[android.intent.category.LAUNCHER] flg=0x10200000 cmp=com.android.settings/.Settings} from pid 2432
11-14 19:17:29.574   807  1233 D WifiService: setWifiEnabled: true pid=4309, uid=1000
11-14 19:17:29.644  4309  4309 W ContextImpl: Calling a method in the system process without a qualified user: android.app.ContextImpl.startService:1543 android.content.ContextWrapper.startService:494 com.android.settings.search.SettingsSearchFilterAdapter.<init>:159 com.android.settings.Settings.onCreateOptionsMenu:289 android.app.Activity.onCreatePanelMenu:2538 
11-14 19:17:29.664   807   818 D WifiService: setWifiEnabled: true pid=4309, uid=1000
11-14 19:17:35.824   807   820 I ActivityManager: START u0 {act=android.intent.action.MAIN cmp=com.android.settings/.SubSettings (has extras)} from pid 4309
11-14 19:17:35.934  4309  4309 W ContextImpl: Calling a method in the system process without a qualified user: android.app.ContextImpl.bindService:1607 android.content.ContextWrapper.bindService:517 com.android.settings.applications.ManageApplications.onCreate:866 android.app.Fragment.performCreate:1678 android.app.FragmentManagerImpl.moveToState:859 
11-14 19:17:40.384   807  1234 I ActivityManager: START u0 {act=android.intent.action.MAIN cat=[android.intent.category.LAUNCHER] flg=0x10200000 cmp=com.android.settings/.Settings} from pid 2432
11-14 19:17:41.744   807   819 D WifiService: setWifiEnabled: true pid=4309, uid=1000
11-14 19:17:41.804  4309  4309 W ContextImpl: Calling a method in the system process without a qualified user: android.app.ContextImpl.startService:1543 android.content.ContextWrapper.startService:494 com.android.settings.search.SettingsSearchFilterAdapter.<init>:159 com.android.settings.Settings.onCreateOptionsMenu:289 android.app.Activity.onCreatePanelMenu:2538 
11-14 19:17:41.814   807   820 D WifiService: setWifiEnabled: true pid=4309, uid=1000
11-14 19:17:48.494   807   819 I ActivityManager: START u0 {act=android.intent.action.MAIN cmp=com.android.settings/.SubSettings (has extras)} from pid 4309
11-14 19:17:48.574  4309  4309 W ContextImpl: Calling a method in the system process without a qualified user: android.app.ContextImpl.bindService:1607 android.content.ContextWrapper.bindService:517 com.android.settings.applications.ManageApplications.onCreate:866 android.app.Fragment.performCreate:1678 android.app.FragmentManagerImpl.moveToState:859 
11-14 19:17:53.264   807  1233 I ActivityManager: START u0 {act=android.intent.action.MAIN cat=[android.intent.category.LAUNCHER] flg=0x10200000 cmp=com.android.settings/.Settings} from pid 2432
11-14 19:17:54.404   807   819 D WifiService: setWifiEnabled: true pid=4309, uid=1000
11-14 19:17:54.464   807  1678 D WifiService: setWifiEnabled: true pid=4309, uid=1000
11-14 19:17:54.514  4309  4309 W ContextImpl: Calling a method in the system process without a qualified user: android.app.ContextImpl.startService:1543 android.content.ContextWrapper.startService:494 com.android.settings.search.SettingsSearchFilterAdapter.<init>:159 com.android.settings.Settings.onCreateOptionsMenu:289 android.app.Activity.onCreatePanelMenu:2538 
11-14 19:18:00.494   807  1436 I ActivityManager: START u0 {act=android.intent.action.MAIN cmp=com.android.settings/.SubSettings (has extras)} from pid 4309
11-14 19:18:00.574  4309  4309 W ContextImpl: Calling a method in the system process without a qualified user: android.app.ContextImpl.bindService:1607 android.content.ContextWrapper.bindService:517 com.android.settings.applications.ManageApplications.onCreate:866 android.app.Fragment.performCreate:1678 android.app.FragmentManagerImpl.moveToState:859 
11-14 19:18:05.114   807   819 I ActivityManager: START u0 {act=android.intent.action.MAIN cat=[android.intent.category.LAUNCHER] flg=0x10200000 cmp=com.android.settings/.Settings} from pid 2432
11-14 19:18:06.254   807  1453 D WifiService: setWifiEnabled: true pid=4309, uid=1000
11-14 19:18:06.324  4309  4309 W ContextImpl: Calling a method in the system process without a qualified user: android.app.ContextImpl.startService:1543 android.content.ContextWrapper.startService:494 com.android.settings.search.SettingsSearchFilterAdapter.<init>:159 com.android.settings.Settings.onCreateOptionsMenu:289 android.app.Activity.onCreatePanelMenu:2538 
11-14 19:18:06.334   807   820 D WifiService: setWifiEnabled: true pid=4309, uid=1000
11-14 19:18:12.614   807  1432 I ActivityManager: START u0 {act=android.intent.action.MAIN cmp=com.android.settings/.SubSettings (has extras)} from pid 4309
11-14 19:18:12.664  4309  4309 W ContextImpl: Calling a method in the system process without a qualified user: android.app.ContextImpl.bindService:1607 android.content.ContextWrapper.bindService:517 com.android.settings.applications.ManageApplications.onCreate:866 android.app.Fragment.performCreate:1678 android.app.FragmentManagerImpl.moveToState:859 
11-14 19:18:17.414   807  1453 I ActivityManager: START u0 {act=android.intent.action.MAIN cat=[android.intent.category.LAUNCHER] flg=0x10200000 cmp=com.android.settings/.Settings} from pid 2432
11-14 19:18:18.764   807  1234 D WifiService: setWifiEnabled: true pid=4309, uid=1000
11-14 19:18:18.834  4309  4309 W ContextImpl: Calling a method in the system process without a qualified user: android.app.ContextImpl.startService:1543 android.content.ContextWrapper.startService:494 com.android.settings.search.SettingsSearchFilterAdapter.<init>:159 com.android.settings.Settings.onCreateOptionsMenu:289 android.app.Activity.onCreatePanelMenu:2538 
11-14 19:18:18.844   807  1233 D WifiService: setWifiEnabled: true pid=4309, uid=1000
11-14 19:18:25.574   807  1453 I ActivityManager: START u0 {act=android.intent.action.MAIN cmp=com.android.settings/.SubSettings (has extras)} from pid 4309
11-14 19:18:25.684  4309  4309 W ContextImpl: Calling a method in the system process without a qualified user: android.app.ContextImpl.bindService:1607 android.content.ContextWrapper.bindService:517 com.android.settings.applications.ManageApplications.onCreate:866 android.app.Fragment.performCreate:1678 android.app.FragmentManagerImpl.moveToState:859 
