11-14 19:18:30.194   807  1678 I am_pause_activity: [0,1103331160,com.cyanogenmod.trebuchet/org.cyanogenmod.trebuchet.CustomHomeLauncher]
11-14 19:18:30.214  2432  2432 I am_on_paused_called: [0,org.cyanogenmod.trebuchet.CustomHomeLauncher]
11-14 19:18:30.224   807  1432 I am_restart_activity: [0,1102254256,48,com.android.settings/.Settings]
11-14 19:18:30.594   182   182 I sf_frame_dur: [com.cyanogenmod.trebuchet/org.cyanogenmod.trebuchet.CustomHomeLauncher,0,0,0,0,0,0,1]
11-14 19:18:31.294   807  1432 I wm_task_removed: [47,removeTask]
11-14 19:18:31.294   807  1432 I wm_task_removed: [47,removeAppToken: last token]
11-14 19:18:31.344  4309  4309 I am_on_resume_called: [0,com.android.settings.Settings]
11-14 19:18:31.434   807  1234 I am_create_service: [0,1103630888,.SearchPopulator,1000,4309]
11-14 19:18:31.484   807   833 I am_activity_launch_time: [0,1102254256,com.android.settings/.Settings,1252,1252]
11-14 19:18:31.524   807  1233 I am_destroy_service: [0,1103630888,4309]
11-14 19:18:31.694   182   182 I sf_frame_dur: [Starting com.android.settings,1,0,0,0,0,0,0]
11-14 19:18:36.364  4175  4191 I dvm_lock_sample: [uiautomator,0,UiAutomatorHandlerThread,104,QueryController.java,61,-,149,20]
11-14 19:18:37.474   807   818 I wm_task_moved: [48,1,2]
11-14 19:18:37.474   807   818 I wm_home_stack_moved: 0
11-14 19:18:37.474   807   818 I am_create_activity: [0,1103070048,48,com.android.settings/.SubSettings,android.intent.action.MAIN,NULL,NULL,0]
11-14 19:18:37.474   807   818 I am_pause_activity: [0,1102254256,com.android.settings/.Settings]
11-14 19:18:37.484  4309  4309 I am_on_paused_called: [0,com.android.settings.Settings]
11-14 19:18:37.484   807  1436 I am_restart_activity: [0,1103070048,48,com.android.settings/.SubSettings]
11-14 19:18:37.544  4309  4309 I am_on_resume_called: [0,com.android.settings.SubSettings]
11-14 19:18:37.604   807   833 I am_activity_launch_time: [0,1103070048,com.android.settings/.SubSettings,123,123]
11-14 19:18:37.944   182   182 I sf_frame_dur: [com.android.settings/com.android.settings.Settings,104,10,2,0,2,2,1]
11-14 19:18:38.194   807  1233 I am_finish_activity: [0,1103070048,48,com.android.settings/.SubSettings,app-request]
11-14 19:18:38.204   807  1233 I am_pause_activity: [0,1103070048,com.android.settings/.SubSettings]
11-14 19:18:38.204  4309  4309 I am_on_paused_called: [0,com.android.settings.SubSettings]
11-14 19:18:38.204   807   819 I am_resume_activity: [0,1102254256,48,com.android.settings/.Settings]
11-14 19:18:38.214  4309  4309 I am_on_resume_called: [0,com.android.settings.Settings]
11-14 19:18:38.654   807   836 I am_destroy_activity: [0,1103070048,48,com.android.settings/.SubSettings,finish-imm]
11-14 19:18:38.664   182   182 I sf_frame_dur: [com.android.settings/com.android.settings.SubSettings,1,0,0,0,1,0,0]
11-14 19:18:40.704   807  1432 I am_finish_activity: [0,1102254256,48,com.android.settings/.Settings,app-request]
11-14 19:18:40.704   807  1432 I wm_home_stack_moved: 1
11-14 19:18:40.704   807  1432 I wm_task_moved: [4,1,2]
11-14 19:18:40.704   807  1432 I wm_home_stack_moved: 1
11-14 19:18:40.784   807  1432 I am_pause_activity: [0,1102254256,com.android.settings/.Settings]
11-14 19:18:40.784  4309  4309 I am_on_paused_called: [0,com.android.settings.Settings]
11-14 19:18:40.784   807   818 I am_resume_activity: [0,1103331160,4,com.cyanogenmod.trebuchet/org.cyanogenmod.trebuchet.CustomHomeLauncher]
11-14 19:18:40.804  2432  2432 I am_on_resume_called: [0,org.cyanogenmod.trebuchet.CustomHomeLauncher]
11-14 19:18:41.264   807   836 I am_destroy_activity: [0,1102254256,48,com.android.settings/.Settings,finish-imm]
11-14 19:18:41.274   182   182 I sf_frame_dur: [com.android.settings/com.android.settings.Settings,4,0,0,0,0,0,1]
11-14 19:18:42.004   807  1436 I am_create_task: [0,49]
11-14 19:18:42.004   807  1436 I am_create_activity: [0,1102272384,49,com.android.settings/.Settings,android.intent.action.MAIN,NULL,NULL,270532608]
11-14 19:18:42.004   807  1436 I wm_task_created: [49,8]
11-14 19:18:42.004   807  1436 I wm_task_moved: [49,1,3]
11-14 19:18:42.004   807  1436 I wm_home_stack_moved: 0
11-14 19:18:42.054   807  1436 I am_pause_activity: [0,1103331160,com.cyanogenmod.trebuchet/org.cyanogenmod.trebuchet.CustomHomeLauncher]
11-14 19:18:42.064  2432  2432 I am_on_paused_called: [0,org.cyanogenmod.trebuchet.CustomHomeLauncher]
11-14 19:18:42.064   807  1453 I am_restart_activity: [0,1102272384,49,com.android.settings/.Settings]
11-14 19:18:42.394   182   182 I sf_frame_dur: [com.cyanogenmod.trebuchet/org.cyanogenmod.trebuchet.CustomHomeLauncher,0,0,0,0,0,0,1]
11-14 19:18:43.284   807  1432 I wm_task_removed: [48,removeTask]
11-14 19:18:43.284   807  1432 I wm_task_removed: [48,removeAppToken: last token]
11-14 19:18:43.344  4309  4309 I am_on_resume_called: [0,com.android.settings.Settings]
11-14 19:18:43.434   807   819 I am_create_service: [0,1110192784,.SearchPopulator,1000,4309]
11-14 19:18:43.484   807   833 I am_activity_launch_time: [0,1102272384,com.android.settings/.Settings,1425,1425]
11-14 19:18:43.534   807  1234 I am_destroy_service: [0,1110192784,4309]
11-14 19:18:43.694   182   182 I sf_frame_dur: [Starting com.android.settings,1,0,0,0,0,0,0]
11-14 19:18:48.294  4175  4191 I dvm_lock_sample: [uiautomator,0,UiAutomatorHandlerThread,85,QueryController.java,61,-,149,17]
11-14 19:18:48.954  4175  4191 I dvm_lock_sample: [uiautomator,0,UiAutomatorHandlerThread,21,QueryController.java,61,-,149,4]
11-14 19:18:50.144   807  1234 I wm_task_moved: [49,1,2]
11-14 19:18:50.144   807  1234 I wm_home_stack_moved: 0
11-14 19:18:50.144   807  1234 I am_create_activity: [0,1103070048,49,com.android.settings/.SubSettings,android.intent.action.MAIN,NULL,NULL,0]
11-14 19:18:50.154   807  1234 I am_pause_activity: [0,1102272384,com.android.settings/.Settings]
11-14 19:18:50.194  4309  4309 I am_on_paused_called: [0,com.android.settings.Settings]
11-14 19:18:50.194   807  1678 I am_restart_activity: [0,1103070048,49,com.android.settings/.SubSettings]
11-14 19:18:50.254  4309  4309 I am_on_resume_called: [0,com.android.settings.SubSettings]
11-14 19:18:50.314   807   833 I am_activity_launch_time: [0,1103070048,com.android.settings/.SubSettings,120,120]
11-14 19:18:50.654   182   182 I sf_frame_dur: [com.android.settings/com.android.settings.Settings,107,10,3,0,3,1,2]
11-14 19:18:50.904   807  1453 I am_finish_activity: [0,1103070048,49,com.android.settings/.SubSettings,app-request]
11-14 19:18:50.904   807  1453 I am_pause_activity: [0,1103070048,com.android.settings/.SubSettings]
11-14 19:18:50.904  4309  4309 I am_on_paused_called: [0,com.android.settings.SubSettings]
11-14 19:18:50.904   807   819 I am_resume_activity: [0,1102272384,49,com.android.settings/.Settings]
11-14 19:18:50.924  4309  4309 I am_on_resume_called: [0,com.android.settings.Settings]
11-14 19:18:51.354   807   836 I am_destroy_activity: [0,1103070048,49,com.android.settings/.SubSettings,finish-imm]
11-14 19:18:51.374   182   182 I sf_frame_dur: [com.android.settings/com.android.settings.SubSettings,2,0,0,0,1,0,0]
11-14 19:18:53.434   807  1678 I am_finish_activity: [0,1102272384,49,com.android.settings/.Settings,app-request]
11-14 19:18:53.434   807  1678 I wm_home_stack_moved: 1
11-14 19:18:53.434   807  1678 I wm_task_moved: [4,1,2]
11-14 19:18:53.434   807  1678 I wm_home_stack_moved: 1
11-14 19:18:53.534   807  1678 I am_pause_activity: [0,1102272384,com.android.settings/.Settings]
11-14 19:18:53.544  4309  4309 I am_on_paused_called: [0,com.android.settings.Settings]
11-14 19:18:53.554   807   820 I am_resume_activity: [0,1103331160,4,com.cyanogenmod.trebuchet/org.cyanogenmod.trebuchet.CustomHomeLauncher]
11-14 19:18:53.574  2432  2432 I am_on_resume_called: [0,org.cyanogenmod.trebuchet.CustomHomeLauncher]
11-14 19:18:54.054   807   836 I am_destroy_activity: [0,1102272384,49,com.android.settings/.Settings,finish-imm]
11-14 19:18:54.064   182   182 I sf_frame_dur: [com.android.settings/com.android.settings.Settings,6,1,0,0,0,0,1]
11-14 19:18:54.744   807   820 I am_create_task: [0,50]
11-14 19:18:54.744   807   820 I am_create_activity: [0,1102254256,50,com.android.settings/.Settings,android.intent.action.MAIN,NULL,NULL,270532608]
11-14 19:18:54.744   807   820 I wm_task_created: [50,8]
11-14 19:18:54.744   807   820 I wm_task_moved: [50,1,3]
11-14 19:18:54.744   807   820 I wm_home_stack_moved: 0
11-14 19:18:54.774   807   820 I am_pause_activity: [0,1103331160,com.cyanogenmod.trebuchet/org.cyanogenmod.trebuchet.CustomHomeLauncher]
11-14 19:18:54.794  2432  2432 I am_on_paused_called: [0,org.cyanogenmod.trebuchet.CustomHomeLauncher]
11-14 19:18:54.794   807   819 I am_restart_activity: [0,1102254256,50,com.android.settings/.Settings]
11-14 19:18:55.184   182   182 I sf_frame_dur: [com.cyanogenmod.trebuchet/org.cyanogenmod.trebuchet.CustomHomeLauncher,0,0,0,0,0,0,1]
11-14 19:18:56.044   807  1233 I wm_task_removed: [49,removeTask]
11-14 19:18:56.044   807  1233 I wm_task_removed: [49,removeAppToken: last token]
11-14 19:18:56.094  4309  4309 I am_on_resume_called: [0,com.android.settings.Settings]
11-14 19:18:56.174   807  1432 I am_create_service: [0,1104673992,.SearchPopulator,1000,4309]
11-14 19:18:56.224   807   833 I am_activity_launch_time: [0,1102254256,com.android.settings/.Settings,1429,1429]
11-14 19:18:56.264   807  1234 I am_destroy_service: [0,1104673992,4309]
11-14 19:18:56.434   182   182 I sf_frame_dur: [Starting com.android.settings,0,1,0,0,0,0,0]
11-14 19:19:01.344  4175  4191 I dvm_lock_sample: [uiautomator,0,UiAutomatorHandlerThread,219,QueryController.java,61,-,149,43]
11-14 19:19:02.474   807  1233 I wm_task_moved: [50,1,2]
11-14 19:19:02.474   807  1233 I wm_home_stack_moved: 0
11-14 19:19:02.474   807  1233 I am_create_activity: [0,1103070048,50,com.android.settings/.SubSettings,android.intent.action.MAIN,NULL,NULL,0]
11-14 19:19:02.474   807  1233 I am_pause_activity: [0,1102254256,com.android.settings/.Settings]
11-14 19:19:02.484  4309  4309 I am_on_paused_called: [0,com.android.settings.Settings]
11-14 19:19:02.494   807  1678 I am_restart_activity: [0,1103070048,50,com.android.settings/.SubSettings]
11-14 19:19:02.554  4309  4309 I am_on_resume_called: [0,com.android.settings.SubSettings]
11-14 19:19:02.614   807   833 I am_activity_launch_time: [0,1103070048,com.android.settings/.SubSettings,130,130]
11-14 19:19:02.954   182   182 I sf_frame_dur: [com.android.settings/com.android.settings.Settings,103,12,2,0,2,2,1]
11-14 19:19:03.214   807   819 I am_finish_activity: [0,1103070048,50,com.android.settings/.SubSettings,app-request]
11-14 19:19:03.214   807   819 I am_pause_activity: [0,1103070048,com.android.settings/.SubSettings]
11-14 19:19:03.224  4309  4309 I am_on_paused_called: [0,com.android.settings.SubSettings]
11-14 19:19:03.224   807  1234 I am_resume_activity: [0,1102254256,50,com.android.settings/.Settings]
11-14 19:19:03.244  4309  4309 I am_on_resume_called: [0,com.android.settings.Settings]
11-14 19:19:03.664   807   836 I am_destroy_activity: [0,1103070048,50,com.android.settings/.SubSettings,finish-imm]
11-14 19:19:03.674   182   182 I sf_frame_dur: [com.android.settings/com.android.settings.SubSettings,1,0,0,0,1,0,0]
11-14 19:19:05.794   807  1432 I am_finish_activity: [0,1102254256,50,com.android.settings/.Settings,app-request]
11-14 19:19:05.794   807  1432 I wm_home_stack_moved: 1
11-14 19:19:05.794   807  1432 I wm_task_moved: [4,1,2]
11-14 19:19:05.794   807  1432 I wm_home_stack_moved: 1
11-14 19:19:05.874   807  1432 I am_pause_activity: [0,1102254256,com.android.settings/.Settings]
11-14 19:19:05.884  4309  4309 I am_on_paused_called: [0,com.android.settings.Settings]
11-14 19:19:05.884   807  1234 I am_resume_activity: [0,1103331160,4,com.cyanogenmod.trebuchet/org.cyanogenmod.trebuchet.CustomHomeLauncher]
11-14 19:19:05.894  2432  2432 I am_on_resume_called: [0,org.cyanogenmod.trebuchet.CustomHomeLauncher]
11-14 19:19:06.354   807   836 I am_destroy_activity: [0,1102254256,50,com.android.settings/.Settings,finish-imm]
11-14 19:19:06.364   182   182 I sf_frame_dur: [com.android.settings/com.android.settings.Settings,4,1,0,0,0,0,1]
11-14 19:19:07.084   807  1233 I am_create_task: [0,51]
11-14 19:19:07.084   807  1233 I am_create_activity: [0,1102272384,51,com.android.settings/.Settings,android.intent.action.MAIN,NULL,NULL,270532608]
11-14 19:19:07.084   807  1233 I wm_task_created: [51,8]
11-14 19:19:07.084   807  1233 I wm_task_moved: [51,1,3]
11-14 19:19:07.084   807  1233 I wm_home_stack_moved: 0
11-14 19:19:07.134   807  1233 I am_pause_activity: [0,1103331160,com.cyanogenmod.trebuchet/org.cyanogenmod.trebuchet.CustomHomeLauncher]
11-14 19:19:07.144  2432  2432 I am_on_paused_called: [0,org.cyanogenmod.trebuchet.CustomHomeLauncher]
11-14 19:19:07.144   807  1234 I am_restart_activity: [0,1102272384,51,com.android.settings/.Settings]
11-14 19:19:07.524   182   182 I sf_frame_dur: [com.cyanogenmod.trebuchet/org.cyanogenmod.trebuchet.CustomHomeLauncher,0,0,0,0,0,0,1]
11-14 19:19:08.334   807  1678 I wm_task_removed: [50,removeTask]
11-14 19:19:08.334   807  1678 I wm_task_removed: [50,removeAppToken: last token]
11-14 19:19:08.384  4309  4309 I am_on_resume_called: [0,com.android.settings.Settings]
11-14 19:19:08.474   807  1233 I am_create_service: [0,1115928128,.SearchPopulator,1000,4309]
11-14 19:19:08.524   807   833 I am_activity_launch_time: [0,1102272384,com.android.settings/.Settings,1379,1379]
11-14 19:19:08.574   807  1233 I am_destroy_service: [0,1115928128,4309]
11-14 19:19:08.744   182   182 I sf_frame_dur: [Starting com.android.settings,1,0,0,0,0,0,0]
11-14 19:19:15.284   807   819 I wm_task_moved: [51,1,2]
11-14 19:19:15.284   807   819 I wm_home_stack_moved: 0
11-14 19:19:15.284   807   819 I am_create_activity: [0,1103070048,51,com.android.settings/.SubSettings,android.intent.action.MAIN,NULL,NULL,0]
11-14 19:19:15.284   807   819 I am_pause_activity: [0,1102272384,com.android.settings/.Settings]
11-14 19:19:15.334  4309  4309 I am_on_paused_called: [0,com.android.settings.Settings]
11-14 19:19:15.334   807   820 I am_restart_activity: [0,1103070048,51,com.android.settings/.SubSettings]
11-14 19:19:15.394  4309  4309 I am_on_resume_called: [0,com.android.settings.SubSettings]
11-14 19:19:15.464   807   833 I am_activity_launch_time: [0,1103070048,com.android.settings/.SubSettings,128,128]
11-14 19:19:15.794   182   182 I sf_frame_dur: [com.android.settings/com.android.settings.Settings,107,10,5,2,1,3,1]
11-14 19:19:16.064   807   818 I am_finish_activity: [0,1103070048,51,com.android.settings/.SubSettings,app-request]
11-14 19:19:16.064   807   818 I am_pause_activity: [0,1103070048,com.android.settings/.SubSettings]
11-14 19:19:16.084  4309  4309 I am_on_paused_called: [0,com.android.settings.SubSettings]
11-14 19:19:16.084   807   819 I am_resume_activity: [0,1102272384,51,com.android.settings/.Settings]
11-14 19:19:16.104  4309  4309 I am_on_resume_called: [0,com.android.settings.Settings]
11-14 19:19:16.534   807   836 I am_destroy_activity: [0,1103070048,51,com.android.settings/.SubSettings,finish-imm]
11-14 19:19:16.544   182   182 I sf_frame_dur: [com.android.settings/com.android.settings.SubSettings,0,1,0,0,1,0,0]
11-14 19:19:18.924   807  1678 I am_finish_activity: [0,1102272384,51,com.android.settings/.Settings,app-request]
11-14 19:19:18.924   807  1678 I wm_home_stack_moved: 1
11-14 19:19:18.924   807  1678 I wm_task_moved: [4,1,2]
11-14 19:19:18.924   807  1678 I wm_home_stack_moved: 1
11-14 19:19:18.994   807  1678 I am_pause_activity: [0,1102272384,com.android.settings/.Settings]
11-14 19:19:19.004  4309  4309 I am_on_paused_called: [0,com.android.settings.Settings]
11-14 19:19:19.004   807   818 I am_resume_activity: [0,1103331160,4,com.cyanogenmod.trebuchet/org.cyanogenmod.trebuchet.CustomHomeLauncher]
11-14 19:19:19.014  2432  2432 I am_on_resume_called: [0,org.cyanogenmod.trebuchet.CustomHomeLauncher]
11-14 19:19:19.504   807   836 I am_destroy_activity: [0,1102272384,51,com.android.settings/.Settings,finish-imm]
11-14 19:19:19.504   182   182 I sf_frame_dur: [com.android.settings/com.android.settings.Settings,5,0,0,1,0,0,1]
11-14 19:19:20.204   807   818 I am_create_task: [0,52]
11-14 19:19:20.204   807   818 I am_create_activity: [0,1102254256,52,com.android.settings/.Settings,android.intent.action.MAIN,NULL,NULL,270532608]
11-14 19:19:20.204   807   818 I wm_task_created: [52,8]
11-14 19:19:20.204   807   818 I wm_task_moved: [52,1,3]
11-14 19:19:20.204   807   818 I wm_home_stack_moved: 0
11-14 19:19:20.244   807   818 I am_pause_activity: [0,1103331160,com.cyanogenmod.trebuchet/org.cyanogenmod.trebuchet.CustomHomeLauncher]
11-14 19:19:20.274  2432  2432 I am_on_paused_called: [0,org.cyanogenmod.trebuchet.CustomHomeLauncher]
11-14 19:19:20.284   807  1432 I am_restart_activity: [0,1102254256,52,com.android.settings/.Settings]
11-14 19:19:20.644   182   182 I sf_frame_dur: [com.cyanogenmod.trebuchet/org.cyanogenmod.trebuchet.CustomHomeLauncher,0,0,0,0,0,0,1]
11-14 19:19:21.474   807  1233 I wm_task_removed: [51,removeTask]
11-14 19:19:21.474   807  1233 I wm_task_removed: [51,removeAppToken: last token]
11-14 19:19:21.524  4309  4309 I am_on_resume_called: [0,com.android.settings.Settings]
11-14 19:19:21.624   807   820 I am_create_service: [0,1117328728,.SearchPopulator,1000,4309]
11-14 19:19:21.664   807   833 I am_activity_launch_time: [0,1102254256,com.android.settings/.Settings,1386,1386]
11-14 19:19:21.704   807   818 I am_destroy_service: [0,1117328728,4309]
11-14 19:19:21.884   182   182 I sf_frame_dur: [Starting com.android.settings,1,0,0,0,0,0,0]
11-14 19:19:27.754   807   818 I wm_task_moved: [52,1,2]
11-14 19:19:27.754   807   818 I wm_home_stack_moved: 0
11-14 19:19:27.754   807   818 I am_create_activity: [0,1103070048,52,com.android.settings/.SubSettings,android.intent.action.MAIN,NULL,NULL,0]
11-14 19:19:27.754   807   818 I am_pause_activity: [0,1102254256,com.android.settings/.Settings]
11-14 19:19:27.774  4309  4309 I am_on_paused_called: [0,com.android.settings.Settings]
11-14 19:19:27.774   807  1453 I am_restart_activity: [0,1103070048,52,com.android.settings/.SubSettings]
11-14 19:19:27.844  4309  4309 I am_on_resume_called: [0,com.android.settings.SubSettings]
11-14 19:19:27.924   807   833 I am_activity_launch_time: [0,1103070048,com.android.settings/.SubSettings,143,143]
11-14 19:19:28.254   182   182 I sf_frame_dur: [com.android.settings/com.android.settings.Settings,107,11,3,0,2,2,1]
11-14 19:19:28.504   807  1436 I am_finish_activity: [0,1103070048,52,com.android.settings/.SubSettings,app-request]
11-14 19:19:28.504   807  1436 I am_pause_activity: [0,1103070048,com.android.settings/.SubSettings]
11-14 19:19:28.504  4309  4309 I am_on_paused_called: [0,com.android.settings.SubSettings]
11-14 19:19:28.504   807   819 I am_resume_activity: [0,1102254256,52,com.android.settings/.Settings]
11-14 19:19:28.514  4309  4309 I am_on_resume_called: [0,com.android.settings.Settings]
11-14 19:19:28.924   807   836 I am_destroy_activity: [0,1103070048,52,com.android.settings/.SubSettings,finish-imm]
11-14 19:19:28.934   182   182 I sf_frame_dur: [com.android.settings/com.android.settings.SubSettings,0,2,0,0,1,0,0]
11-14 19:19:31.124   807  1234 I am_finish_activity: [0,1102254256,52,com.android.settings/.Settings,app-request]
11-14 19:19:31.124   807  1234 I wm_home_stack_moved: 1
11-14 19:19:31.124   807  1234 I wm_task_moved: [4,1,2]
11-14 19:19:31.124   807  1234 I wm_home_stack_moved: 1
11-14 19:19:31.204   807  1234 I am_pause_activity: [0,1102254256,com.android.settings/.Settings]
11-14 19:19:31.214  4309  4309 I am_on_paused_called: [0,com.android.settings.Settings]
11-14 19:19:31.214   807  1432 I am_resume_activity: [0,1103331160,4,com.cyanogenmod.trebuchet/org.cyanogenmod.trebuchet.CustomHomeLauncher]
11-14 19:19:31.224  2432  2432 I am_on_resume_called: [0,org.cyanogenmod.trebuchet.CustomHomeLauncher]
11-14 19:19:31.684   807   836 I am_destroy_activity: [0,1102254256,52,com.android.settings/.Settings,finish-imm]
11-14 19:19:31.694   182   182 I sf_frame_dur: [com.android.settings/com.android.settings.Settings,4,2,0,0,0,0,2]
11-14 19:19:32.424   807   818 I am_create_task: [0,53]
11-14 19:19:32.424   807   818 I am_create_activity: [0,1102272384,53,com.android.settings/.Settings,android.intent.action.MAIN,NULL,NULL,270532608]
11-14 19:19:32.424   807   818 I wm_task_created: [53,8]
11-14 19:19:32.424   807   818 I wm_task_moved: [53,1,3]
11-14 19:19:32.424   807   818 I wm_home_stack_moved: 0
11-14 19:19:32.474   807   818 I am_pause_activity: [0,1103331160,com.cyanogenmod.trebuchet/org.cyanogenmod.trebuchet.CustomHomeLauncher]
11-14 19:19:32.484  2432  2432 I am_on_paused_called: [0,org.cyanogenmod.trebuchet.CustomHomeLauncher]
11-14 19:19:32.484   807   819 I am_restart_activity: [0,1102272384,53,com.android.settings/.Settings]
11-14 19:19:32.854   182   182 I sf_frame_dur: [com.cyanogenmod.trebuchet/org.cyanogenmod.trebuchet.CustomHomeLauncher,0,0,0,0,0,0,1]
11-14 19:19:33.864   807  1233 I wm_task_removed: [52,removeTask]
11-14 19:19:33.864   807  1233 I wm_task_removed: [52,removeAppToken: last token]
11-14 19:19:33.914  4309  4309 I am_on_resume_called: [0,com.android.settings.Settings]
11-14 19:19:34.014   807  1678 I am_create_service: [0,1103311504,.SearchPopulator,1000,4309]
11-14 19:19:34.074   807   833 I am_activity_launch_time: [0,1102272384,com.android.settings/.Settings,1590,1590]
11-14 19:19:34.114   807   820 I am_destroy_service: [0,1103311504,4309]
11-14 19:19:34.284   182   182 I sf_frame_dur: [Starting com.android.settings,1,0,0,0,0,0,0]
11-14 19:19:40.024   807  1453 I wm_task_moved: [53,1,2]
11-14 19:19:40.024   807  1453 I wm_home_stack_moved: 0
11-14 19:19:40.024   807  1453 I am_create_activity: [0,1103070048,53,com.android.settings/.SubSettings,android.intent.action.MAIN,NULL,NULL,0]
11-14 19:19:40.024   807  1453 I am_pause_activity: [0,1102272384,com.android.settings/.Settings]
11-14 19:19:40.054  4309  4309 I am_on_paused_called: [0,com.android.settings.Settings]
11-14 19:19:40.064   807  1432 I am_restart_activity: [0,1103070048,53,com.android.settings/.SubSettings]
11-14 19:19:40.074   807   836 I dvm_lock_sample: [system_server,1,ActivityManager,21,ActivityStackSupervisor.java,2625,ActivityManagerService.java,5397,4]
11-14 19:19:40.144  4309  4309 I am_on_resume_called: [0,com.android.settings.SubSettings]
11-14 19:19:40.244   807   833 I am_activity_launch_time: [0,1103070048,com.android.settings/.SubSettings,181,181]
11-14 19:19:40.574   182   182 I sf_frame_dur: [com.android.settings/com.android.settings.Settings,102,11,1,2,1,2,1]
11-14 19:19:40.844   807  1234 I am_finish_activity: [0,1103070048,53,com.android.settings/.SubSettings,app-request]
11-14 19:19:40.844   807  1234 I am_pause_activity: [0,1103070048,com.android.settings/.SubSettings]
11-14 19:19:40.844  4309  4309 I am_on_paused_called: [0,com.android.settings.SubSettings]
11-14 19:19:40.854   807   819 I am_resume_activity: [0,1102272384,53,com.android.settings/.Settings]
11-14 19:19:40.864  4309  4309 I am_on_resume_called: [0,com.android.settings.Settings]
11-14 19:19:40.914   807   844 I dvm_lock_sample: [system_server,0,PackageManager,16,PackageManagerService.java,10987,-,3049,3]
11-14 19:19:41.284   807   836 I am_destroy_activity: [0,1103070048,53,com.android.settings/.SubSettings,finish-imm]
11-14 19:19:41.294   182   182 I sf_frame_dur: [com.android.settings/com.android.settings.SubSettings,0,1,0,0,1,0,0]
11-14 19:19:43.574   807  1436 I am_finish_activity: [0,1102272384,53,com.android.settings/.Settings,app-request]
11-14 19:19:43.574   807  1436 I wm_home_stack_moved: 1
11-14 19:19:43.574   807  1436 I wm_task_moved: [4,1,2]
11-14 19:19:43.574   807  1436 I wm_home_stack_moved: 1
11-14 19:19:43.654   807  1436 I am_pause_activity: [0,1102272384,com.android.settings/.Settings]
11-14 19:19:43.664  4309  4309 I am_on_paused_called: [0,com.android.settings.Settings]
11-14 19:19:43.664   807  1453 I am_resume_activity: [0,1103331160,4,com.cyanogenmod.trebuchet/org.cyanogenmod.trebuchet.CustomHomeLauncher]
11-14 19:19:43.684  2432  2432 I am_on_resume_called: [0,org.cyanogenmod.trebuchet.CustomHomeLauncher]
11-14 19:19:44.144   807   836 I am_destroy_activity: [0,1102272384,53,com.android.settings/.Settings,finish-imm]
11-14 19:19:44.154   182   182 I sf_frame_dur: [com.android.settings/com.android.settings.Settings,5,1,0,0,0,0,1]
11-14 19:19:44.884   807  1436 I am_create_task: [0,54]
11-14 19:19:44.884   807  1436 I am_create_activity: [0,1102254256,54,com.android.settings/.Settings,android.intent.action.MAIN,NULL,NULL,270532608]
11-14 19:19:44.884   807  1436 I wm_task_created: [54,8]
11-14 19:19:44.884   807  1436 I wm_task_moved: [54,1,3]
11-14 19:19:44.884   807  1436 I wm_home_stack_moved: 0
11-14 19:19:44.924   807  1436 I am_pause_activity: [0,1103331160,com.cyanogenmod.trebuchet/org.cyanogenmod.trebuchet.CustomHomeLauncher]
11-14 19:19:44.934  2432  2432 I am_on_paused_called: [0,org.cyanogenmod.trebuchet.CustomHomeLauncher]
11-14 19:19:44.934   807  1453 I am_restart_activity: [0,1102254256,54,com.android.settings/.Settings]
11-14 19:19:45.294   182   182 I sf_frame_dur: [com.cyanogenmod.trebuchet/org.cyanogenmod.trebuchet.CustomHomeLauncher,0,0,0,0,0,0,1]
11-14 19:19:46.224   807   819 I wm_task_removed: [53,removeTask]
11-14 19:19:46.224   807   819 I wm_task_removed: [53,removeAppToken: last token]
11-14 19:19:46.264  4309  4309 I am_on_resume_called: [0,com.android.settings.Settings]
11-14 19:19:46.354   807  1432 I am_create_service: [0,1117328728,.SearchPopulator,1000,4309]
11-14 19:19:46.414   807   833 I am_activity_launch_time: [0,1102254256,com.android.settings/.Settings,1479,1479]
11-14 19:19:46.434   807   818 I am_destroy_service: [0,1117328728,4309]
11-14 19:19:46.624   182   182 I sf_frame_dur: [Starting com.android.settings,1,0,0,0,0,0,0]
11-14 19:19:52.424   807  1233 I wm_task_moved: [54,1,2]
11-14 19:19:52.424   807  1233 I wm_home_stack_moved: 0
11-14 19:19:52.424   807  1233 I am_create_activity: [0,1103070048,54,com.android.settings/.SubSettings,android.intent.action.MAIN,NULL,NULL,0]
11-14 19:19:52.434   807  1233 I am_pause_activity: [0,1102254256,com.android.settings/.Settings]
11-14 19:19:52.474  4309  4309 I am_on_paused_called: [0,com.android.settings.Settings]
11-14 19:19:52.474   807   818 I am_restart_activity: [0,1103070048,54,com.android.settings/.SubSettings]
11-14 19:19:52.544  4309  4309 I am_on_resume_called: [0,com.android.settings.SubSettings]
11-14 19:19:52.614   807   833 I am_activity_launch_time: [0,1103070048,com.android.settings/.SubSettings,134,134]
11-14 19:19:52.944   182   182 I sf_frame_dur: [com.android.settings/com.android.settings.Settings,98,10,3,2,1,2,1]
11-14 19:19:53.204   807   820 I am_finish_activity: [0,1103070048,54,com.android.settings/.SubSettings,app-request]
11-14 19:19:53.204   807   820 I am_pause_activity: [0,1103070048,com.android.settings/.SubSettings]
11-14 19:19:53.204  4309  4309 I am_on_paused_called: [0,com.android.settings.SubSettings]
11-14 19:19:53.214   807   819 I am_resume_activity: [0,1102254256,54,com.android.settings/.Settings]
11-14 19:19:53.224  4309  4309 I am_on_resume_called: [0,com.android.settings.Settings]
11-14 19:19:53.674   807   836 I am_destroy_activity: [0,1103070048,54,com.android.settings/.SubSettings,finish-imm]
11-14 19:19:53.684   182   182 I sf_frame_dur: [com.android.settings/com.android.settings.SubSettings,2,0,0,0,1,0,0]
11-14 19:19:56.354   807   819 I am_finish_activity: [0,1102254256,54,com.android.settings/.Settings,app-request]
11-14 19:19:56.354   807   819 I wm_home_stack_moved: 1
11-14 19:19:56.354   807   819 I wm_task_moved: [4,1,2]
11-14 19:19:56.354   807   819 I wm_home_stack_moved: 1
11-14 19:19:56.424   807   819 I am_pause_activity: [0,1102254256,com.android.settings/.Settings]
11-14 19:19:56.434  4309  4309 I am_on_paused_called: [0,com.android.settings.Settings]
11-14 19:19:56.434   807  1233 I am_resume_activity: [0,1103331160,4,com.cyanogenmod.trebuchet/org.cyanogenmod.trebuchet.CustomHomeLauncher]
11-14 19:19:56.444  2432  2432 I am_on_resume_called: [0,org.cyanogenmod.trebuchet.CustomHomeLauncher]
11-14 19:19:56.894   807   836 I am_destroy_activity: [0,1102254256,54,com.android.settings/.Settings,finish-imm]
11-14 19:19:56.904   182   182 I sf_frame_dur: [com.android.settings/com.android.settings.Settings,2,1,0,0,0,0,1]
11-14 19:19:57.664   807  1678 I am_create_task: [0,55]
11-14 19:19:57.664   807  1678 I am_create_activity: [0,1102272384,55,com.android.settings/.Settings,android.intent.action.MAIN,NULL,NULL,270532608]
11-14 19:19:57.664   807  1678 I wm_task_created: [55,8]
11-14 19:19:57.664   807  1678 I wm_task_moved: [55,1,3]
11-14 19:19:57.664   807  1678 I wm_home_stack_moved: 0
11-14 19:19:57.714   807  1678 I am_pause_activity: [0,1103331160,com.cyanogenmod.trebuchet/org.cyanogenmod.trebuchet.CustomHomeLauncher]
11-14 19:19:57.784  2432  2432 I am_on_paused_called: [0,org.cyanogenmod.trebuchet.CustomHomeLauncher]
11-14 19:19:57.784   807  1233 I am_restart_activity: [0,1102272384,55,com.android.settings/.Settings]
11-14 19:19:58.084   182   182 I sf_frame_dur: [com.cyanogenmod.trebuchet/org.cyanogenmod.trebuchet.CustomHomeLauncher,0,0,0,0,0,0,1]
11-14 19:19:58.954   807   819 I wm_task_removed: [54,removeTask]
11-14 19:19:58.954   807   819 I wm_task_removed: [54,removeAppToken: last token]
11-14 19:19:59.004  4309  4309 I am_on_resume_called: [0,com.android.settings.Settings]
11-14 19:19:59.084   807  1678 I am_create_service: [0,1116393896,.SearchPopulator,1000,4309]
11-14 19:19:59.134   807   833 I am_activity_launch_time: [0,1102272384,com.android.settings/.Settings,1358,1358]
11-14 19:19:59.174   807  1436 I am_destroy_service: [0,1116393896,4309]
11-14 19:19:59.354   182   182 I sf_frame_dur: [Starting com.android.settings,1,0,0,0,0,0,0]
11-14 19:20:00.004   807   836 I dvm_lock_sample: [system_server,1,ActivityManager,19,MessageQueue.java,140,-,318,3]
11-14 19:20:04.224  4175  4191 I dvm_lock_sample: [uiautomator,0,UiAutomatorHandlerThread,179,QueryController.java,61,-,149,35]
11-14 19:20:05.344   807  1432 I wm_task_moved: [55,1,2]
11-14 19:20:05.344   807  1432 I wm_home_stack_moved: 0
11-14 19:20:05.344   807  1432 I am_create_activity: [0,1103070048,55,com.android.settings/.SubSettings,android.intent.action.MAIN,NULL,NULL,0]
11-14 19:20:05.344   807  1432 I am_pause_activity: [0,1102272384,com.android.settings/.Settings]
11-14 19:20:05.364  4309  4309 I am_on_paused_called: [0,com.android.settings.Settings]
11-14 19:20:05.364   807  1234 I am_restart_activity: [0,1103070048,55,com.android.settings/.SubSettings]
11-14 19:20:05.434  4309  4309 I am_on_resume_called: [0,com.android.settings.SubSettings]
11-14 19:20:05.524   807   833 I am_activity_launch_time: [0,1103070048,com.android.settings/.SubSettings,162,162]
11-14 19:20:05.874   182   182 I sf_frame_dur: [com.android.settings/com.android.settings.Settings,112,6,3,1,1,2,1]
11-14 19:20:06.114   807  1678 I am_finish_activity: [0,1103070048,55,com.android.settings/.SubSettings,app-request]
11-14 19:20:06.114   807  1678 I am_pause_activity: [0,1103070048,com.android.settings/.SubSettings]
11-14 19:20:06.124  4309  4309 I am_on_paused_called: [0,com.android.settings.SubSettings]
11-14 19:20:06.124   807  1234 I am_resume_activity: [0,1102272384,55,com.android.settings/.Settings]
11-14 19:20:06.154  4309  4309 I am_on_resume_called: [0,com.android.settings.Settings]
11-14 19:20:06.594   807   836 I am_destroy_activity: [0,1103070048,55,com.android.settings/.SubSettings,finish-imm]
11-14 19:20:06.604   182   182 I sf_frame_dur: [com.android.settings/com.android.settings.SubSettings,0,1,0,0,0,0,0]
11-14 19:20:08.914   807   818 I am_finish_activity: [0,1102272384,55,com.android.settings/.Settings,app-request]
11-14 19:20:08.914   807   818 I wm_home_stack_moved: 1
11-14 19:20:08.914   807   818 I wm_task_moved: [4,1,2]
11-14 19:20:08.914   807   818 I wm_home_stack_moved: 1
11-14 19:20:08.994   807   818 I am_pause_activity: [0,1102272384,com.android.settings/.Settings]
11-14 19:20:09.004  4309  4309 I am_on_paused_called: [0,com.android.settings.Settings]
11-14 19:20:09.004   807  1453 I am_resume_activity: [0,1103331160,4,com.cyanogenmod.trebuchet/org.cyanogenmod.trebuchet.CustomHomeLauncher]
11-14 19:20:09.024  2432  2432 I am_on_resume_called: [0,org.cyanogenmod.trebuchet.CustomHomeLauncher]
11-14 19:20:09.484   807   836 I am_destroy_activity: [0,1102272384,55,com.android.settings/.Settings,finish-imm]
11-14 19:20:09.494   182   182 I sf_frame_dur: [com.android.settings/com.android.settings.Settings,4,1,0,1,0,0,1]
11-14 19:20:10.194   807  1678 I am_create_task: [0,56]
11-14 19:20:10.194   807  1678 I am_create_activity: [0,1102254256,56,com.android.settings/.Settings,android.intent.action.MAIN,NULL,NULL,270532608]
11-14 19:20:10.194   807  1678 I wm_task_created: [56,8]
11-14 19:20:10.204   807  1678 I wm_task_moved: [56,1,3]
11-14 19:20:10.204   807  1678 I wm_home_stack_moved: 0
11-14 19:20:10.234   807  1678 I am_pause_activity: [0,1103331160,com.cyanogenmod.trebuchet/org.cyanogenmod.trebuchet.CustomHomeLauncher]
11-14 19:20:10.244  2432  2432 I am_on_paused_called: [0,org.cyanogenmod.trebuchet.CustomHomeLauncher]
11-14 19:20:10.244   807  1233 I am_restart_activity: [0,1102254256,56,com.android.settings/.Settings]
11-14 19:20:10.584   182   182 I sf_frame_dur: [com.cyanogenmod.trebuchet/org.cyanogenmod.trebuchet.CustomHomeLauncher,0,0,0,0,0,0,1]
11-14 19:20:11.744   807   819 I wm_task_removed: [55,removeTask]
11-14 19:20:11.744   807   819 I wm_task_removed: [55,removeAppToken: last token]
11-14 19:20:11.814  4309  4309 I am_on_resume_called: [0,com.android.settings.Settings]
11-14 19:20:11.904   807  1436 I am_create_service: [0,1117328728,.SearchPopulator,1000,4309]
11-14 19:20:11.954   807   833 I am_activity_launch_time: [0,1102254256,com.android.settings/.Settings,1711,1711]
11-14 19:20:11.984   807  1453 I am_destroy_service: [0,1117328728,4309]
11-14 19:20:12.174   182   182 I sf_frame_dur: [Starting com.android.settings,0,1,0,0,0,0,0]
11-14 19:20:17.944   807  1436 I wm_task_moved: [56,1,2]
11-14 19:20:17.944   807  1436 I wm_home_stack_moved: 0
11-14 19:20:17.944   807  1436 I am_create_activity: [0,1103070048,56,com.android.settings/.SubSettings,android.intent.action.MAIN,NULL,NULL,0]
11-14 19:20:17.944   807  1436 I am_pause_activity: [0,1102254256,com.android.settings/.Settings]
11-14 19:20:17.974  4309  4309 I am_on_paused_called: [0,com.android.settings.Settings]
11-14 19:20:17.974   807   818 I am_restart_activity: [0,1103070048,56,com.android.settings/.SubSettings]
11-14 19:20:18.024  4309  4309 I am_on_resume_called: [0,com.android.settings.SubSettings]
11-14 19:20:18.104   807   833 I am_activity_launch_time: [0,1103070048,com.android.settings/.SubSettings,134,134]
11-14 19:20:18.444   182   182 I sf_frame_dur: [com.android.settings/com.android.settings.Settings,102,7,7,1,1,3,1]
11-14 19:20:18.694   807   818 I am_finish_activity: [0,1103070048,56,com.android.settings/.SubSettings,app-request]
11-14 19:20:18.694   807   818 I am_pause_activity: [0,1103070048,com.android.settings/.SubSettings]
11-14 19:20:18.694  4309  4309 I am_on_paused_called: [0,com.android.settings.SubSettings]
11-14 19:20:18.694   807  1436 I am_resume_activity: [0,1102254256,56,com.android.settings/.Settings]
11-14 19:20:18.704  4309  4309 I am_on_resume_called: [0,com.android.settings.Settings]
11-14 19:20:19.094   807   836 I am_destroy_activity: [0,1103070048,56,com.android.settings/.SubSettings,finish-imm]
11-14 19:20:19.114   182   182 I sf_frame_dur: [com.android.settings/com.android.settings.SubSettings,1,0,0,0,1,0,0]
11-14 19:20:21.484   807  1234 I am_finish_activity: [0,1102254256,56,com.android.settings/.Settings,app-request]
11-14 19:20:21.484   807  1234 I wm_home_stack_moved: 1
11-14 19:20:21.484   807  1234 I wm_task_moved: [4,1,2]
11-14 19:20:21.484   807  1234 I wm_home_stack_moved: 1
11-14 19:20:21.564   807  1234 I am_pause_activity: [0,1102254256,com.android.settings/.Settings]
11-14 19:20:21.564  4309  4309 I am_on_paused_called: [0,com.android.settings.Settings]
11-14 19:20:21.564   807  1678 I am_resume_activity: [0,1103331160,4,com.cyanogenmod.trebuchet/org.cyanogenmod.trebuchet.CustomHomeLauncher]
11-14 19:20:21.584  2432  2432 I am_on_resume_called: [0,org.cyanogenmod.trebuchet.CustomHomeLauncher]
11-14 19:20:22.044   807   836 I am_destroy_activity: [0,1102254256,56,com.android.settings/.Settings,finish-imm]
11-14 19:20:22.054   182   182 I sf_frame_dur: [com.android.settings/com.android.settings.Settings,3,1,0,0,0,0,1]
11-14 19:20:22.774   807   818 I am_create_task: [0,57]
11-14 19:20:22.774   807   818 I am_create_activity: [0,1102272384,57,com.android.settings/.Settings,android.intent.action.MAIN,NULL,NULL,270532608]
11-14 19:20:22.774   807   818 I wm_task_created: [57,8]
11-14 19:20:22.774   807   818 I wm_task_moved: [57,1,3]
11-14 19:20:22.774   807   818 I wm_home_stack_moved: 0
11-14 19:20:22.824   807   818 I am_pause_activity: [0,1103331160,com.cyanogenmod.trebuchet/org.cyanogenmod.trebuchet.CustomHomeLauncher]
11-14 19:20:22.844  2432  2432 I am_on_paused_called: [0,org.cyanogenmod.trebuchet.CustomHomeLauncher]
11-14 19:20:22.844   807  1233 I am_restart_activity: [0,1102272384,57,com.android.settings/.Settings]
11-14 19:20:23.194   182   182 I sf_frame_dur: [com.cyanogenmod.trebuchet/org.cyanogenmod.trebuchet.CustomHomeLauncher,0,0,0,0,0,0,1]
11-14 19:20:24.184   807  1234 I wm_task_removed: [56,removeTask]
11-14 19:20:24.184   807  1234 I wm_task_removed: [56,removeAppToken: last token]
11-14 19:20:24.234  4309  4309 I am_on_resume_called: [0,com.android.settings.Settings]
11-14 19:20:24.314   807   818 I am_create_service: [0,1116318272,.SearchPopulator,1000,4309]
11-14 19:20:24.364   807   833 I am_activity_launch_time: [0,1102272384,com.android.settings/.Settings,1523,1523]
11-14 19:20:24.404   807  1436 I am_destroy_service: [0,1116318272,4309]
11-14 19:20:24.574   182   182 I sf_frame_dur: [Starting com.android.settings,1,0,0,0,0,0,0]
11-14 19:20:30.384   807   820 I wm_task_moved: [57,1,2]
11-14 19:20:30.384   807   820 I wm_home_stack_moved: 0
11-14 19:20:30.394   807   820 I am_create_activity: [0,1103070048,57,com.android.settings/.SubSettings,android.intent.action.MAIN,NULL,NULL,0]
11-14 19:20:30.394   807   820 I am_pause_activity: [0,1102272384,com.android.settings/.Settings]
11-14 19:20:30.424  4309  4309 I am_on_paused_called: [0,com.android.settings.Settings]
11-14 19:20:30.424   807  1436 I am_restart_activity: [0,1103070048,57,com.android.settings/.SubSettings]
11-14 19:20:30.494  4309  4309 I am_on_resume_called: [0,com.android.settings.SubSettings]
11-14 19:20:30.584   807   833 I am_activity_launch_time: [0,1103070048,com.android.settings/.SubSettings,162,162]
11-14 19:20:30.914   182   182 I sf_frame_dur: [com.android.settings/com.android.settings.Settings,106,6,2,2,1,2,1]
11-14 19:20:31.164   807  1233 I am_finish_activity: [0,1103070048,57,com.android.settings/.SubSettings,app-request]
11-14 19:20:31.164   807  1233 I am_pause_activity: [0,1103070048,com.android.settings/.SubSettings]
11-14 19:20:31.174  4309  4309 I am_on_paused_called: [0,com.android.settings.SubSettings]
11-14 19:20:31.174   807  1436 I am_resume_activity: [0,1102272384,57,com.android.settings/.Settings]
11-14 19:20:31.174  4309  4309 I am_on_resume_called: [0,com.android.settings.Settings]
11-14 19:20:31.584   807   836 I am_destroy_activity: [0,1103070048,57,com.android.settings/.SubSettings,finish-imm]
11-14 19:20:31.604   182   182 I sf_frame_dur: [com.android.settings/com.android.settings.SubSettings,0,1,0,0,1,0,0]
11-14 19:20:33.964   807  1233 I am_finish_activity: [0,1102272384,57,com.android.settings/.Settings,app-request]
11-14 19:20:33.964   807  1233 I wm_home_stack_moved: 1
11-14 19:20:33.964   807  1233 I wm_task_moved: [4,1,2]
11-14 19:20:33.964   807  1233 I wm_home_stack_moved: 1
11-14 19:20:34.034   807  1233 I am_pause_activity: [0,1102272384,com.android.settings/.Settings]
11-14 19:20:34.044  4309  4309 I am_on_paused_called: [0,com.android.settings.Settings]
11-14 19:20:34.044   807  1453 I am_resume_activity: [0,1103331160,4,com.cyanogenmod.trebuchet/org.cyanogenmod.trebuchet.CustomHomeLauncher]
11-14 19:20:34.064  2432  2432 I am_on_resume_called: [0,org.cyanogenmod.trebuchet.CustomHomeLauncher]
11-14 19:20:34.534   807   836 I am_destroy_activity: [0,1102272384,57,com.android.settings/.Settings,finish-imm]
11-14 19:20:34.544   182   182 I sf_frame_dur: [com.android.settings/com.android.settings.Settings,5,1,0,0,0,0,1]
11-14 19:20:35.254   807   819 I am_create_task: [0,58]
11-14 19:20:35.254   807   819 I am_create_activity: [0,1102254256,58,com.android.settings/.Settings,android.intent.action.MAIN,NULL,NULL,270532608]
11-14 19:20:35.254   807   819 I wm_task_created: [58,8]
11-14 19:20:35.254   807   819 I wm_task_moved: [58,1,3]
11-14 19:20:35.254   807   819 I wm_home_stack_moved: 0
11-14 19:20:35.294   807   819 I am_pause_activity: [0,1103331160,com.cyanogenmod.trebuchet/org.cyanogenmod.trebuchet.CustomHomeLauncher]
11-14 19:20:35.314  2432  2432 I am_on_paused_called: [0,org.cyanogenmod.trebuchet.CustomHomeLauncher]
11-14 19:20:35.314   807   818 I am_restart_activity: [0,1102254256,58,com.android.settings/.Settings]
11-14 19:20:35.644   182   182 I sf_frame_dur: [com.cyanogenmod.trebuchet/org.cyanogenmod.trebuchet.CustomHomeLauncher,0,0,0,0,0,0,1]
11-14 19:20:36.654   807  1234 I wm_task_removed: [57,removeTask]
11-14 19:20:36.654   807  1234 I wm_task_removed: [57,removeAppToken: last token]
11-14 19:20:36.714  4309  4309 I am_on_resume_called: [0,com.android.settings.Settings]
11-14 19:20:36.804   807   819 I am_create_service: [0,1109003696,.SearchPopulator,1000,4309]
11-14 19:20:36.854   807   833 I am_activity_launch_time: [0,1102254256,com.android.settings/.Settings,1542,1542]
11-14 19:20:36.904   807   820 I am_destroy_service: [0,1109003696,4309]
11-14 19:20:37.064   182   182 I sf_frame_dur: [Starting com.android.settings,0,1,0,0,0,0,0]
11-14 19:20:38.154  4175  4191 I dvm_lock_sample: [uiautomator,0,UiAutomatorHandlerThread,96,QueryController.java,61,-,149,19]
11-14 19:20:42.874   807  1436 I wm_task_moved: [58,1,2]
11-14 19:20:42.874   807  1436 I wm_home_stack_moved: 0
11-14 19:20:42.874   807  1436 I am_create_activity: [0,1103070048,58,com.android.settings/.SubSettings,android.intent.action.MAIN,NULL,NULL,0]
11-14 19:20:42.874   807  1436 I am_pause_activity: [0,1102254256,com.android.settings/.Settings]
11-14 19:20:42.904  4309  4309 I am_on_paused_called: [0,com.android.settings.Settings]
11-14 19:20:42.904   807   819 I am_restart_activity: [0,1103070048,58,com.android.settings/.SubSettings]
11-14 19:20:42.984  4309  4309 I am_on_resume_called: [0,com.android.settings.SubSettings]
11-14 19:20:43.074   807   833 I am_activity_launch_time: [0,1103070048,com.android.settings/.SubSettings,164,164]
11-14 19:20:43.404   182   182 I sf_frame_dur: [com.android.settings/com.android.settings.Settings,105,10,4,0,2,3,1]
11-14 19:20:43.664   807  1233 I am_finish_activity: [0,1103070048,58,com.android.settings/.SubSettings,app-request]
11-14 19:20:43.664   807  1233 I am_pause_activity: [0,1103070048,com.android.settings/.SubSettings]
11-14 19:20:43.664  4309  4309 I am_on_paused_called: [0,com.android.settings.SubSettings]
11-14 19:20:43.664   807  1436 I am_resume_activity: [0,1102254256,58,com.android.settings/.Settings]
11-14 19:20:43.684  4309  4309 I am_on_resume_called: [0,com.android.settings.Settings]
11-14 19:20:44.124   807   836 I am_destroy_activity: [0,1103070048,58,com.android.settings/.SubSettings,finish-imm]
11-14 19:20:44.134   182   182 I sf_frame_dur: [com.android.settings/com.android.settings.SubSettings,0,1,0,0,1,0,0]
11-14 19:20:46.704   807  1436 I am_finish_activity: [0,1102254256,58,com.android.settings/.Settings,app-request]
11-14 19:20:46.704   807  1436 I wm_home_stack_moved: 1
11-14 19:20:46.704   807  1436 I wm_task_moved: [4,1,2]
11-14 19:20:46.704   807  1436 I wm_home_stack_moved: 1
11-14 19:20:46.774   807  1436 I am_pause_activity: [0,1102254256,com.android.settings/.Settings]
11-14 19:20:46.784  4309  4309 I am_on_paused_called: [0,com.android.settings.Settings]
11-14 19:20:46.784   807  1233 I am_resume_activity: [0,1103331160,4,com.cyanogenmod.trebuchet/org.cyanogenmod.trebuchet.CustomHomeLauncher]
11-14 19:20:46.804  2432  2432 I am_on_resume_called: [0,org.cyanogenmod.trebuchet.CustomHomeLauncher]
11-14 19:20:47.264   807   836 I am_destroy_activity: [0,1102254256,58,com.android.settings/.Settings,finish-imm]
11-14 19:20:47.284   182   182 I sf_frame_dur: [com.android.settings/com.android.settings.Settings,5,1,1,0,0,0,1]
11-14 19:20:48.014   807  1432 I am_create_task: [0,59]
11-14 19:20:48.014   807  1432 I am_create_activity: [0,1102272384,59,com.android.settings/.Settings,android.intent.action.MAIN,NULL,NULL,270532608]
11-14 19:20:48.014   807  1432 I wm_task_created: [59,8]
11-14 19:20:48.014   807  1432 I wm_task_moved: [59,1,3]
11-14 19:20:48.014   807  1432 I wm_home_stack_moved: 0
11-14 19:20:48.074   807  1432 I am_pause_activity: [0,1103331160,com.cyanogenmod.trebuchet/org.cyanogenmod.trebuchet.CustomHomeLauncher]
11-14 19:20:48.084  2432  2432 I am_on_paused_called: [0,org.cyanogenmod.trebuchet.CustomHomeLauncher]
11-14 19:20:48.084   807  1453 I am_restart_activity: [0,1102272384,59,com.android.settings/.Settings]
11-14 19:20:48.414   182   182 I sf_frame_dur: [com.cyanogenmod.trebuchet/org.cyanogenmod.trebuchet.CustomHomeLauncher,0,0,0,0,0,0,1]
11-14 19:20:49.504   807   819 I wm_task_removed: [58,removeTask]
11-14 19:20:49.504   807   819 I wm_task_removed: [58,removeAppToken: last token]
11-14 19:20:49.554  4309  4309 I am_on_resume_called: [0,com.android.settings.Settings]
11-14 19:20:49.644   807   818 I am_create_service: [0,1105056440,.SearchPopulator,1000,4309]
11-14 19:20:49.694   807   833 I am_activity_launch_time: [0,1102272384,com.android.settings/.Settings,1612,1612]
11-14 19:20:49.734   807  1436 I am_destroy_service: [0,1105056440,4309]
11-14 19:20:49.904   182   182 I sf_frame_dur: [Starting com.android.settings,1,0,0,0,0,0,0]
11-14 19:20:54.744  4175  4191 I dvm_lock_sample: [uiautomator,0,UiAutomatorHandlerThread,182,QueryController.java,61,-,149,36]
11-14 19:20:55.884   807  1233 I wm_task_moved: [59,1,2]
11-14 19:20:55.884   807  1233 I wm_home_stack_moved: 0
11-14 19:20:55.884   807  1233 I am_create_activity: [0,1103070048,59,com.android.settings/.SubSettings,android.intent.action.MAIN,NULL,NULL,0]
11-14 19:20:55.884   807  1233 I am_pause_activity: [0,1102272384,com.android.settings/.Settings]
11-14 19:20:55.934  4309  4309 I am_on_paused_called: [0,com.android.settings.Settings]
11-14 19:20:55.934   807  1678 I am_restart_activity: [0,1103070048,59,com.android.settings/.SubSettings]
11-14 19:20:56.004  4309  4309 I am_on_resume_called: [0,com.android.settings.SubSettings]
11-14 19:20:56.084   807   833 I am_activity_launch_time: [0,1103070048,com.android.settings/.SubSettings,145,145]
11-14 19:20:56.424   182   182 I sf_frame_dur: [com.android.settings/com.android.settings.Settings,109,7,3,0,2,2,1]
11-14 19:20:56.664   807   819 I am_finish_activity: [0,1103070048,59,com.android.settings/.SubSettings,app-request]
11-14 19:20:56.664   807   819 I am_pause_activity: [0,1103070048,com.android.settings/.SubSettings]
11-14 19:20:56.664  4309  4309 I am_on_paused_called: [0,com.android.settings.SubSettings]
11-14 19:20:56.664   807  1432 I am_resume_activity: [0,1102272384,59,com.android.settings/.Settings]
11-14 19:20:56.664  4309  4309 I am_on_resume_called: [0,com.android.settings.Settings]
11-14 19:20:57.084   807   836 I am_destroy_activity: [0,1103070048,59,com.android.settings/.SubSettings,finish-imm]
11-14 19:20:57.094   182   182 I sf_frame_dur: [com.android.settings/com.android.settings.SubSettings,0,1,0,0,1,0,0]
11-14 19:20:59.794   807  1233 I am_finish_activity: [0,1102272384,59,com.android.settings/.Settings,app-request]
11-14 19:20:59.794   807  1233 I wm_home_stack_moved: 1
11-14 19:20:59.794   807  1233 I wm_task_moved: [4,1,2]
11-14 19:20:59.794   807  1233 I wm_home_stack_moved: 1
11-14 19:20:59.874   807  1233 I am_pause_activity: [0,1102272384,com.android.settings/.Settings]
11-14 19:20:59.884  4309  4309 I am_on_paused_called: [0,com.android.settings.Settings]
11-14 19:20:59.884   807   820 I am_resume_activity: [0,1103331160,4,com.cyanogenmod.trebuchet/org.cyanogenmod.trebuchet.CustomHomeLauncher]
11-14 19:20:59.894  2432  2432 I am_on_resume_called: [0,org.cyanogenmod.trebuchet.CustomHomeLauncher]
11-14 19:21:00.364   807   836 I am_destroy_activity: [0,1102272384,59,com.android.settings/.Settings,finish-imm]
11-14 19:21:00.374   182   182 I sf_frame_dur: [com.android.settings/com.android.settings.Settings,5,1,0,0,0,0,1]
11-14 19:21:01.084   807  1234 I am_create_task: [0,60]
11-14 19:21:01.084   807  1234 I am_create_activity: [0,1102254256,60,com.android.settings/.Settings,android.intent.action.MAIN,NULL,NULL,270532608]
11-14 19:21:01.084   807  1234 I wm_task_created: [60,8]
11-14 19:21:01.084   807  1234 I wm_task_moved: [60,1,3]
11-14 19:21:01.084   807  1234 I wm_home_stack_moved: 0
11-14 19:21:01.124   807  1234 I am_pause_activity: [0,1103331160,com.cyanogenmod.trebuchet/org.cyanogenmod.trebuchet.CustomHomeLauncher]
11-14 19:21:01.134  2432  2432 I am_on_paused_called: [0,org.cyanogenmod.trebuchet.CustomHomeLauncher]
11-14 19:21:01.144   807  1436 I am_restart_activity: [0,1102254256,60,com.android.settings/.Settings]
11-14 19:21:01.474   182   182 I sf_frame_dur: [com.cyanogenmod.trebuchet/org.cyanogenmod.trebuchet.CustomHomeLauncher,0,0,0,0,0,0,1]
11-14 19:21:02.424   807  1678 I wm_task_removed: [59,removeTask]
