11-14 19:13:09.704  4175  4175 I QueryController: Matched selector: UiSelector[RESOURCE_ID=android:id/action_bar_title] <<==>> [android.view.accessibility.AccessibilityNodeInfo@13c090; boundsInParent: Rect(0, 0 - 198, 73); boundsInScreen: Rect(145, 110 - 343, 183); packageName: com.android.settings; className: android.widget.TextView; text: Settings; contentDescription: null; viewIdResName: android:id/action_bar_title; checkable: false; checked: false; focusable: false; focused: false; selected: false; clickable: false; longClickable: false; enabled: true; password: false; scrollable: false; [ACTION_SELECT, ACTION_CLEAR_SELECTION, ACTION_ACCESSIBILITY_FOCUS, ACTION_NEXT_AT_MOVEMENT_GRANULARITY, ACTION_PREVIOUS_AT_MOVEMENT_GRANULARITY, ACTION_SET_SELECTION]]
11-14 19:13:09.704  4175  4175 D UiObject: getText() = Settings
11-14 19:13:09.744  4175  4175 D UiScrollable: scrollToBeginning() on selector = UiSelector[SCROLLABLE=true]
11-14 19:13:09.744  4175  4175 D UiScrollable: scrollBackward() on selector = UiSelector[SCROLLABLE=true]
11-14 19:13:09.764  4175  4175 I QueryController: Matched selector: UiSelector[SCROLLABLE=true] <<==>> [android.view.accessibility.AccessibilityNodeInfo@13b90e; boundsInParent: Rect(0, 0 - 1080, 1557); boundsInScreen: Rect(0, 219 - 1080, 1776); packageName: com.android.settings; className: android.widget.ListView; text: null; contentDescription: null; viewIdResName: android:id/list; checkable: false; checked: false; focusable: true; focused: true; selected: false; clickable: true; longClickable: false; enabled: true; password: false; scrollable: true; [ACTION_CLEAR_FOCUS, ACTION_SELECT, ACTION_CLEAR_SELECTION, ACTION_CLICK, ACTION_ACCESSIBILITY_FOCUS, ACTION_SCROLL_FORWARD]]
11-14 19:13:09.764  4175  4175 D UiScrollable: scrollToBegining() using vertical scroll
11-14 19:13:09.764  4175  4175 D InteractionController: scrollSwipe (540, 374, 540, 1621, 55)
11-14 19:13:10.234   185   847 V audio_hw_primary: out_standby: enter: usecase(1: low-latency-playback)
11-14 19:13:10.274   185   847 V audio_hw_primary: stop_output_stream: enter: usecase(1: low-latency-playback)
11-14 19:13:10.274   185   847 V audio_hw_primary: disable_audio_route: enter: usecase(1)
11-14 19:13:10.284   185   847 V audio_hw_primary: disable_audio_route: reset mixer path: low-latency-playback
11-14 19:13:10.284   185   847 V audio_hw_primary: disable_audio_route: exit
11-14 19:13:10.284   185   847 V audio_hw_primary: disable_snd_device: snd_device(2: speaker) refcnt=0
11-14 19:13:10.284   185   847 V audio_hw_primary: stop_output_stream: exit: status(0)
11-14 19:13:10.284   185   847 V audio_hw_primary: out_standby: exit
11-14 19:13:10.884  4175  4175 W InteractionController: runAndwaitForEvent timedout waiting for events
11-14 19:13:10.924  4175  4175 D UiScrollable: scrollForward() on selector = UiSelector[SCROLLABLE=true]
11-14 19:13:10.944  4175  4175 I QueryController: Matched selector: UiSelector[SCROLLABLE=true] <<==>> [android.view.accessibility.AccessibilityNodeInfo@13b90e; boundsInParent: Rect(0, 0 - 1080, 1557); boundsInScreen: Rect(0, 219 - 1080, 1776); packageName: com.android.settings; className: android.widget.ListView; text: null; contentDescription: null; viewIdResName: android:id/list; checkable: false; checked: false; focusable: true; focused: true; selected: false; clickable: true; longClickable: false; enabled: true; password: false; scrollable: true; [ACTION_CLEAR_FOCUS, ACTION_SELECT, ACTION_CLEAR_SELECTION, ACTION_CLICK, ACTION_ACCESSIBILITY_FOCUS, ACTION_SCROLL_FORWARD]]
11-14 19:13:10.944  4175  4175 D InteractionController: scrollSwipe (540, 1621, 540, 374, 55)
11-14 19:13:12.104  4175  4175 W InteractionController: runAndwaitForEvent timedout waiting for events
11-14 19:13:12.104  4175  4175 D InteractionController: scrollSwipe reached scroll end: false
11-14 19:13:12.674  4175  4175 I QueryController: Matched selector: UiSelector[SCROLLABLE=true, CHILD=UiSelector[TEXT=Apps]] <<==>> [android.view.accessibility.AccessibilityNodeInfo@13d716; boundsInParent: Rect(0, 0 - 126, 73); boundsInScreen: Rect(174, 1345 - 300, 1418); packageName: com.android.settings; className: android.widget.TextView; text: Apps; contentDescription: null; viewIdResName: android:id/title; checkable: false; checked: false; focusable: false; focused: false; selected: false; clickable: false; longClickable: false; enabled: true; password: false; scrollable: false; [ACTION_SELECT, ACTION_CLEAR_SELECTION, ACTION_ACCESSIBILITY_FOCUS, ACTION_NEXT_AT_MOVEMENT_GRANULARITY, ACTION_PREVIOUS_AT_MOVEMENT_GRANULARITY, ACTION_SET_SELECTION]]
11-14 19:13:13.344  4175  4175 I QueryController: Counted 12 instances of: UiSelector[CONTAINER=UiSelector[SCROLLABLE=true], PATTERN=UiSelector[PATTERN=UiSelector[CLASS=android.widget.TextView]]]
11-14 19:13:13.364  4175  4175 I QueryController: Matched selector: UiSelector[CONTAINER=UiSelector[SCROLLABLE=true], PATTERN=UiSelector[INSTANCE=0, PATTERN=UiSelector[CLASS=android.widget.TextView]]] <<==>> [android.view.accessibility.AccessibilityNodeInfo@13e61a; boundsInParent: Rect(0, 0 - 249, 73); boundsInScreen: Rect(174, 225 - 423, 298); packageName: com.android.settings; className: android.widget.TextView; text: Status bar; contentDescription: null; viewIdResName: android:id/title; checkable: false; checked: false; focusable: false; focused: false; selected: false; clickable: false; longClickable: false; enabled: true; password: false; scrollable: false; [ACTION_SELECT, ACTION_CLEAR_SELECTION, ACTION_ACCESSIBILITY_FOCUS, ACTION_NEXT_AT_MOVEMENT_GRANULARITY, ACTION_PREVIOUS_AT_MOVEMENT_GRANULARITY, ACTION_SET_SELECTION]]
11-14 19:13:13.364  4175  4175 D UiObject: getText() = Status bar
11-14 19:13:13.394  4175  4175 I QueryController: Matched selector: UiSelector[CONTAINER=UiSelector[SCROLLABLE=true], PATTERN=UiSelector[INSTANCE=1, PATTERN=UiSelector[CLASS=android.widget.TextView]]] <<==>> [android.view.accessibility.AccessibilityNodeInfo@13e9db; boundsInParent: Rect(0, 0 - 462, 73); boundsInScreen: Rect(174, 371 - 636, 444); packageName: com.android.settings; className: android.widget.TextView; text: Notification drawer; contentDescription: null; viewIdResName: android:id/title; checkable: false; checked: false; focusable: false; focused: false; selected: false; clickable: false; longClickable: false; enabled: true; password: false; scrollable: false; [ACTION_SELECT, ACTION_CLEAR_SELECTION, ACTION_ACCESSIBILITY_FOCUS, ACTION_NEXT_AT_MOVEMENT_GRANULARITY, ACTION_PREVIOUS_AT_MOVEMENT_GRANULARITY, ACTION_SET_SELECTION]]
11-14 19:13:13.394  4175  4175 D UiObject: getText() = Notification drawer
11-14 19:13:13.434  4175  4175 I QueryController: Matched selector: UiSelector[CONTAINER=UiSelector[SCROLLABLE=true], PATTERN=UiSelector[INSTANCE=2, PATTERN=UiSelector[CLASS=android.widget.TextView]]] <<==>> [android.view.accessibility.AccessibilityNodeInfo@13ed9c; boundsInParent: Rect(0, 0 - 984, 96); boundsInScreen: Rect(48, 482 - 1032, 578); packageName: com.android.settings; className: android.widget.TextView; text: DEVICE; contentDescription: null; viewIdResName: null; checkable: false; checked: false; focusable: false; focused: false; selected: false; clickable: false; longClickable: false; enabled: false; password: false; scrollable: false; [ACTION_SELECT, ACTION_CLEAR_SELECTION, ACTION_ACCESSIBILITY_FOCUS, ACTION_NEXT_AT_MOVEMENT_GRANULARITY, ACTION_PREVIOUS_AT_MOVEMENT_GRANULARITY, ACTION_SET_SELECTION]]
11-14 19:13:13.434  4175  4175 D UiObject: getText() = DEVICE
11-14 19:13:13.464  4175  4175 I QueryController: Matched selector: UiSelector[CONTAINER=UiSelector[SCROLLABLE=true], PATTERN=UiSelector[INSTANCE=3, PATTERN=UiSelector[CLASS=android.widget.TextView]]] <<==>> [android.view.accessibility.AccessibilityNodeInfo@14c756; boundsInParent: Rect(0, 0 - 157, 73); boundsInScreen: Rect(174, 615 - 331, 688); packageName: com.android.settings; className: android.widget.TextView; text: Sound; contentDescription: null; viewIdResName: android:id/title; checkable: false; checked: false; focusable: false; focused: false; selected: false; clickable: false; longClickable: false; enabled: true; password: false; scrollable: false; [ACTION_SELECT, ACTION_CLEAR_SELECTION, ACTION_ACCESSIBILITY_FOCUS, ACTION_NEXT_AT_MOVEMENT_GRANULARITY, ACTION_PREVIOUS_AT_MOVEMENT_GRANULARITY, ACTION_SET_SELECTION]]
11-14 19:13:13.464  4175  4175 D UiObject: getText() = Sound
11-14 19:13:13.494  4175  4175 I QueryController: Matched selector: UiSelector[CONTAINER=UiSelector[SCROLLABLE=true], PATTERN=UiSelector[INSTANCE=4, PATTERN=UiSelector[CLASS=android.widget.TextView]]] <<==>> [android.view.accessibility.AccessibilityNodeInfo@14cb17; boundsInParent: Rect(0, 0 - 372, 73); boundsInScreen: Rect(174, 761 - 546, 834); packageName: com.android.settings; className: android.widget.TextView; text: Display & lights; contentDescription: null; viewIdResName: android:id/title; checkable: false; checked: false; focusable: false; focused: false; selected: false; clickable: false; longClickable: false; enabled: true; password: false; scrollable: false; [ACTION_SELECT, ACTION_CLEAR_SELECTION, ACTION_ACCESSIBILITY_FOCUS, ACTION_NEXT_AT_MOVEMENT_GRANULARITY, ACTION_PREVIOUS_AT_MOVEMENT_GRANULARITY, ACTION_SET_SELECTION]]
11-14 19:13:13.494  4175  4175 D UiObject: getText() = Display & lights
11-14 19:13:13.534  4175  4175 I QueryController: Matched selector: UiSelector[CONTAINER=UiSelector[SCROLLABLE=true], PATTERN=UiSelector[INSTANCE=5, PATTERN=UiSelector[CLASS=android.widget.TextView]]] <<==>> [android.view.accessibility.AccessibilityNodeInfo@14d299; boundsInParent: Rect(0, 0 - 189, 73); boundsInScreen: Rect(174, 907 - 363, 980); packageName: com.android.settings; className: android.widget.TextView; text: Buttons; contentDescription: null; viewIdResName: android:id/title; checkable: false; checked: false; focusable: false; focused: false; selected: false; clickable: false; longClickable: false; enabled: true; password: false; scrollable: false; [ACTION_SELECT, ACTION_CLEAR_SELECTION, ACTION_ACCESSIBILITY_FOCUS, ACTION_NEXT_AT_MOVEMENT_GRANULARITY, ACTION_PREVIOUS_AT_MOVEMENT_GRANULARITY, ACTION_SET_SELECTION]]
11-14 19:13:13.534  4175  4175 D UiObject: getText() = Buttons
11-14 19:13:13.554  4175  4175 I QueryController: Matched selector: UiSelector[CONTAINER=UiSelector[SCROLLABLE=true], PATTERN=UiSelector[INSTANCE=6, PATTERN=UiSelector[CLASS=android.widget.TextView]]] <<==>> [android.view.accessibility.AccessibilityNodeInfo@14d65a; boundsInParent: Rect(0, 0 - 189, 73); boundsInScreen: Rect(174, 1053 - 363, 1126); packageName: com.android.settings; className: android.widget.TextView; text: Storage; contentDescription: null; viewIdResName: android:id/title; checkable: false; checked: false; focusable: false; focused: false; selected: false; clickable: false; longClickable: false; enabled: true; password: false; scrollable: false; [ACTION_SELECT, ACTION_CLEAR_SELECTION, ACTION_ACCESSIBILITY_FOCUS, ACTION_NEXT_AT_MOVEMENT_GRANULARITY, ACTION_PREVIOUS_AT_MOVEMENT_GRANULARITY, ACTION_SET_SELECTION]]
11-14 19:13:13.554  4175  4175 D UiObject: getText() = Storage
11-14 19:13:13.604  4175  4175 I QueryController: Matched selector: UiSelector[CONTAINER=UiSelector[SCROLLABLE=true], PATTERN=UiSelector[INSTANCE=7, PATTERN=UiSelector[CLASS=android.widget.TextView]]] <<==>> [android.view.accessibility.AccessibilityNodeInfo@14da1b; boundsInParent: Rect(0, 0 - 173, 73); boundsInScreen: Rect(174, 1199 - 347, 1272); packageName: com.android.settings; className: android.widget.TextView; text: Battery; contentDescription: null; viewIdResName: android:id/title; checkable: false; checked: false; focusable: false; focused: false; selected: false; clickable: false; longClickable: false; enabled: true; password: false; scrollable: false; [ACTION_SELECT, ACTION_CLEAR_SELECTION, ACTION_ACCESSIBILITY_FOCUS, ACTION_NEXT_AT_MOVEMENT_GRANULARITY, ACTION_PREVIOUS_AT_MOVEMENT_GRANULARITY, ACTION_SET_SELECTION]]
11-14 19:13:13.604  4175  4175 D UiObject: getText() = Battery
11-14 19:13:13.624  4175  4175 I QueryController: Matched selector: UiSelector[CONTAINER=UiSelector[SCROLLABLE=true], PATTERN=UiSelector[INSTANCE=8, PATTERN=UiSelector[CLASS=android.widget.TextView]]] <<==>> [android.view.accessibility.AccessibilityNodeInfo@13d716; boundsInParent: Rect(0, 0 - 126, 73); boundsInScreen: Rect(174, 1345 - 300, 1418); packageName: com.android.settings; className: android.widget.TextView; text: Apps; contentDescription: null; viewIdResName: android:id/title; checkable: false; checked: false; focusable: false; focused: false; selected: false; clickable: false; longClickable: false; enabled: true; password: false; scrollable: false; [ACTION_SELECT, ACTION_CLEAR_SELECTION, ACTION_ACCESSIBILITY_FOCUS, ACTION_NEXT_AT_MOVEMENT_GRANULARITY, ACTION_PREVIOUS_AT_MOVEMENT_GRANULARITY, ACTION_SET_SELECTION]]
11-14 19:13:13.624  4175  4175 D UiObject: getText() = Apps
11-14 19:13:13.644  4175  4175 I QueryController: Matched selector: UiSelector[CONTAINER=UiSelector[SCROLLABLE=true], PATTERN=UiSelector[INSTANCE=8, PATTERN=UiSelector[CLASS=android.widget.TextView]]] <<==>> [android.view.accessibility.AccessibilityNodeInfo@13d716; boundsInParent: Rect(0, 0 - 126, 73); boundsInScreen: Rect(174, 1345 - 300, 1418); packageName: com.android.settings; className: android.widget.TextView; text: Apps; contentDescription: null; viewIdResName: android:id/title; checkable: false; checked: false; focusable: false; focused: false; selected: false; clickable: false; longClickable: false; enabled: true; password: false; scrollable: false; [ACTION_SELECT, ACTION_CLEAR_SELECTION, ACTION_ACCESSIBILITY_FOCUS, ACTION_NEXT_AT_MOVEMENT_GRANULARITY, ACTION_PREVIOUS_AT_MOVEMENT_GRANULARITY, ACTION_SET_SELECTION]]
11-14 19:13:13.644  4175  4175 D InteractionController: clickAndWaitForNewWindow(237, 1381)
11-14 19:13:13.824  4309  4309 I Timeline: Timeline: Activity_launch_request id:com.android.settings time:458769
11-14 19:13:13.844   185  1527 D AudioPolicyManagerBase: getOutput() device 2, stream 1, samplingRate 0, format 0, channelMask 3, flags 0
11-14 19:13:13.844   185  1527 D AudioPolicyManagerBase: getOutput() returns output 2
11-14 19:13:13.844   185   185 D AudioPolicyManagerBase: getOutput() device 2, stream 1, samplingRate 0, format 0, channelMask 3, flags 0
11-14 19:13:13.844   185   185 D AudioPolicyManagerBase: getOutput() returns output 2
11-14 19:13:13.854   185   850 D AudioPolicyManagerBase: getOutput() device 2, stream 1, samplingRate 48000, format 1, channelMask 3, flags 4
11-14 19:13:13.854   185   850 D AudioPolicyManagerBase: getOutput() returns output 3
11-14 19:13:13.854   185  1527 D AudioFlinger: start(4099), calling pid 807 session 67
11-14 19:13:13.854   185  1527 D AudioFlinger: ? => ACTIVE (4099) on thread 0xb8da18a0
11-14 19:13:13.854   185  1527 I QCOM PowerHAL: Processing audio hint. Metadata: state=1
11-14 19:13:13.854   185  1527 D AudioPolicyManagerBase: startOutput() output 3, stream 1, session 67
11-14 19:13:13.864   185   794 V audio_hw_primary: start_output_stream: enter: usecase(1: low-latency-playback) devices(0x2)
11-14 19:13:13.864   185   794 V msm8974_platform: platform_get_output_snd_device: enter: output devices(0x2)
11-14 19:13:13.864   185   794 V msm8974_platform: platform_get_output_snd_device: exit: snd_device(speaker)
11-14 19:13:13.864   185   794 D audio_hw_primary: select_devices: out_snd_device(2: speaker) in_snd_device(0: )
11-14 19:13:13.864   185   794 W msm8974_platform: Property audio.offload.24bit.enable is set
11-14 19:13:13.864   185   794 V msm8974_platform: platform_check_and_set_codec_backend_cfg usecase = 1
11-14 19:13:13.864   185   794 W msm8974_platform: Codec backend bitwidth 16, samplerate 48000
11-14 19:13:13.864   185   794 V msm8974_platform: Playback running bw 16 sr 48000 standby 0
11-14 19:13:13.864   185   794 V audio_hw_primary: enable_snd_device: snd_device(2: speaker)
11-14 19:13:13.864   185   794 V audio_hw_primary: enable_audio_route: enter: usecase(1)
11-14 19:13:13.864   185   794 V audio_hw_primary: enable_audio_route: apply mixer path: low-latency-playback
11-14 19:13:13.864   185   794 V audio_hw_primary: enable_audio_route: exit
11-14 19:13:13.864   185   794 V audio_hw_primary: start_output_stream: Opening PCM device card_id(0) device_id(15)
11-14 19:13:13.874   185   794 V audio_hw_primary: start_output_stream: exit
11-14 19:13:13.884  4309  4309 D SubSettings: Launching fragment com.android.settings.applications.ManageApplications
11-14 19:13:13.974   807   833 I ActivityManager: Displayed com.android.settings/.SubSettings: +131ms
11-14 19:13:14.004  4309  4309 I Timeline: Timeline: Activity_idle id: android.os.BinderProxy@42a55a20 time:458944
11-14 19:13:14.044   185   791 I QCOM PowerHAL: Processing audio hint. Metadata: state=0
11-14 19:13:14.304   807   833 I Timeline: Timeline: Activity_windows_visible id: ActivityRecord{41c334c0 u0 com.android.settings/.SubSettings t20} time:459246
11-14 19:13:14.604  4309  4309 D BluetoothAdapter: 1105589248: getState() :  mService = null. Returning STATE_OFF
11-14 19:13:14.764  4309  4309 I Timeline: Timeline: Activity_idle id: android.os.BinderProxy@42b648b0 time:459704
11-14 19:13:15.054   807   833 I Timeline: Timeline: Activity_windows_visible id: ActivityRecord{41b310b0 u0 com.android.settings/.Settings t20} time:459999
11-14 19:13:16.254  4309  4309 I Choreographer: Skipped 70 frames!  The application may be doing too much work on its main thread.
11-14 19:13:16.414  2432  2432 I Timeline: Timeline: Activity_idle id: android.os.BinderProxy@41b84680 time:461350
11-14 19:13:16.814   807   833 I Timeline: Timeline: Activity_windows_visible id: ActivityRecord{41c37f58 u0 com.cyanogenmod.trebuchet/org.cyanogenmod.trebuchet.CustomHomeLauncher t4} time:461755
11-14 19:13:17.014   185   847 V audio_hw_primary: out_standby: enter: usecase(1: low-latency-playback)
11-14 19:13:17.054   185   847 V audio_hw_primary: stop_output_stream: enter: usecase(1: low-latency-playback)
11-14 19:13:17.054   185   847 V audio_hw_primary: disable_audio_route: enter: usecase(1)
11-14 19:13:17.054   185   847 V audio_hw_primary: disable_audio_route: reset mixer path: low-latency-playback
11-14 19:13:17.054   185   847 V audio_hw_primary: disable_audio_route: exit
11-14 19:13:17.054   185   847 V audio_hw_primary: disable_snd_device: snd_device(2: speaker) refcnt=0
11-14 19:13:17.064   185   847 V audio_hw_primary: stop_output_stream: exit: status(0)
11-14 19:13:17.064   185   847 V audio_hw_primary: out_standby: exit
11-14 19:13:17.334  4175  4175 W InteractionController: runAndwaitForEvent timedout waiting for events
11-14 19:13:17.434  4175  4175 I QueryController: Matched selector: UiSelector[TEXT=Settings] <<==>> [android.view.accessibility.AccessibilityNodeInfo@27a4b; boundsInParent: Rect(524167, 0 - 524428, 320); boundsInScreen: Rect(801, 1071 - 1062, 1391); packageName: com.cyanogenmod.trebuchet; className: android.widget.TextView; text: Settings; contentDescription: null; viewIdResName: null; checkable: false; checked: false; focusable: true; focused: false; selected: false; clickable: true; longClickable: true; enabled: true; password: false; scrollable: false; [ACTION_FOCUS, ACTION_SELECT, ACTION_CLEAR_SELECTION, ACTION_CLICK, ACTION_LONG_CLICK, ACTION_ACCESSIBILITY_FOCUS, ACTION_NEXT_AT_MOVEMENT_GRANULARITY, ACTION_PREVIOUS_AT_MOVEMENT_GRANULARITY, ACTION_SET_SELECTION]]
11-14 19:13:17.454  4175  4175 I QueryController: Matched selector: UiSelector[TEXT=Settings] <<==>> [android.view.accessibility.AccessibilityNodeInfo@27a4b; boundsInParent: Rect(524167, 0 - 524428, 320); boundsInScreen: Rect(801, 1071 - 1062, 1391); packageName: com.cyanogenmod.trebuchet; className: android.widget.TextView; text: Settings; contentDescription: null; viewIdResName: null; checkable: false; checked: false; focusable: true; focused: false; selected: false; clickable: true; longClickable: true; enabled: true; password: false; scrollable: false; [ACTION_FOCUS, ACTION_SELECT, ACTION_CLEAR_SELECTION, ACTION_CLICK, ACTION_LONG_CLICK, ACTION_ACCESSIBILITY_FOCUS, ACTION_NEXT_AT_MOVEMENT_GRANULARITY, ACTION_PREVIOUS_AT_MOVEMENT_GRANULARITY, ACTION_SET_SELECTION]]
11-14 19:13:17.454  4175  4175 D InteractionController: clickAndWaitForNewWindow(931, 1231)
11-14 19:13:17.584   185  2024 D AudioPolicyManagerBase: getOutput() device 2, stream 1, samplingRate 0, format 0, channelMask 3, flags 0
11-14 19:13:17.584   185  2024 D AudioPolicyManagerBase: getOutput() returns output 2
11-14 19:13:17.584   185  1527 D AudioPolicyManagerBase: getOutput() device 2, stream 1, samplingRate 0, format 0, channelMask 3, flags 0
11-14 19:13:17.584   185  1527 D AudioPolicyManagerBase: getOutput() returns output 2
11-14 19:13:17.584   185   185 D AudioPolicyManagerBase: getOutput() device 2, stream 1, samplingRate 48000, format 1, channelMask 3, flags 4
11-14 19:13:17.584   185   185 D AudioPolicyManagerBase: getOutput() returns output 3
11-14 19:13:17.584  2432  2432 I Timeline: Timeline: Activity_launch_request id:com.android.settings time:462525
11-14 19:13:17.584   185  2024 D AudioFlinger: start(4101), calling pid 807 session 68
11-14 19:13:17.584   185  2024 D AudioFlinger: ? => ACTIVE (4101) on thread 0xb8dadf60
11-14 19:13:17.584   185  2024 I QCOM PowerHAL: Processing audio hint. Metadata: state=1
11-14 19:13:17.584   185  2024 D AudioPolicyManagerBase: startOutput() output 3, stream 1, session 68
11-14 19:13:17.604   185   794 V audio_hw_primary: start_output_stream: enter: usecase(1: low-latency-playback) devices(0x2)
11-14 19:13:17.604   185   794 V msm8974_platform: platform_get_output_snd_device: enter: output devices(0x2)
11-14 19:13:17.604   185   794 V msm8974_platform: platform_get_output_snd_device: exit: snd_device(speaker)
11-14 19:13:17.604   185   794 D audio_hw_primary: select_devices: out_snd_device(2: speaker) in_snd_device(0: )
11-14 19:13:17.604   185   794 W msm8974_platform: Property audio.offload.24bit.enable is set
11-14 19:13:17.604   185   794 V msm8974_platform: platform_check_and_set_codec_backend_cfg usecase = 1
11-14 19:13:17.604   185   794 W msm8974_platform: Codec backend bitwidth 16, samplerate 48000
11-14 19:13:17.604   185   794 V msm8974_platform: Playback running bw 16 sr 48000 standby 0
11-14 19:13:17.604   185   794 V audio_hw_primary: enable_snd_device: snd_device(2: speaker)
11-14 19:13:17.604   185   794 V audio_hw_primary: enable_audio_route: enter: usecase(1)
11-14 19:13:17.604   185   794 V audio_hw_primary: enable_audio_route: apply mixer path: low-latency-playback
11-14 19:13:17.604   185   794 V audio_hw_primary: enable_audio_route: exit
11-14 19:13:17.604   185   794 V audio_hw_primary: start_output_stream: Opening PCM device card_id(0) device_id(15)
11-14 19:13:17.604   185   794 V audio_hw_primary: start_output_stream: exit
11-14 19:13:17.774   185   791 I QCOM PowerHAL: Processing audio hint. Metadata: state=0
11-14 19:13:18.034  4309  4309 D BluetoothAdapter: 1105589248: getState() :  mService = null. Returning STATE_OFF
11-14 19:13:18.064  4309  4309 D BluetoothAdapter: 1105589248: getState() :  mService = null. Returning STATE_OFF
11-14 19:13:18.134  4309  4309 D BluetoothAdapter: 1105589248: getState() :  mService = null. Returning STATE_OFF
11-14 19:13:18.164  4309  4309 I Timeline: Timeline: Activity_idle id: android.os.BinderProxy@42b8d0b0 time:463108
11-14 19:13:18.184   807   833 I ActivityManager: Displayed com.android.settings/.Settings: +548ms
11-14 19:13:18.184   807   833 I Timeline: Timeline: Activity_windows_visible id: ActivityRecord{41b35780 u0 com.android.settings/.Settings t21} time:463126
11-14 19:13:20.114  4175  4175 I QueryController: Matched selector: UiSelector[RESOURCE_ID=android:id/action_bar_title] <<==>> [android.view.accessibility.AccessibilityNodeInfo@15b799; boundsInParent: Rect(0, 0 - 198, 73); boundsInScreen: Rect(145, 110 - 343, 183); packageName: com.android.settings; className: android.widget.TextView; text: Settings; contentDescription: null; viewIdResName: android:id/action_bar_title; checkable: false; checked: false; focusable: false; focused: false; selected: false; clickable: false; longClickable: false; enabled: true; password: false; scrollable: false; [ACTION_SELECT, ACTION_CLEAR_SELECTION, ACTION_ACCESSIBILITY_FOCUS, ACTION_NEXT_AT_MOVEMENT_GRANULARITY, ACTION_PREVIOUS_AT_MOVEMENT_GRANULARITY, ACTION_SET_SELECTION]]
11-14 19:13:20.114  4175  4175 D UiObject: getText() = Settings
11-14 19:13:20.134  4175  4175 D UiScrollable: scrollToBeginning() on selector = UiSelector[SCROLLABLE=true]
11-14 19:13:20.134  4175  4175 D UiScrollable: scrollBackward() on selector = UiSelector[SCROLLABLE=true]
11-14 19:13:20.154  4175  4175 I QueryController: Matched selector: UiSelector[SCROLLABLE=true] <<==>> [android.view.accessibility.AccessibilityNodeInfo@15ac56; boundsInParent: Rect(0, 0 - 1080, 1557); boundsInScreen: Rect(0, 219 - 1080, 1776); packageName: com.android.settings; className: android.widget.ListView; text: null; contentDescription: null; viewIdResName: android:id/list; checkable: false; checked: false; focusable: true; focused: true; selected: false; clickable: true; longClickable: false; enabled: true; password: false; scrollable: true; [ACTION_CLEAR_FOCUS, ACTION_SELECT, ACTION_CLEAR_SELECTION, ACTION_CLICK, ACTION_ACCESSIBILITY_FOCUS, ACTION_SCROLL_FORWARD]]
11-14 19:13:20.154  4175  4175 D UiScrollable: scrollToBegining() using vertical scroll
11-14 19:13:20.154  4175  4175 D InteractionController: scrollSwipe (540, 374, 540, 1621, 55)
11-14 19:13:20.744   185   847 V audio_hw_primary: out_standby: enter: usecase(1: low-latency-playback)
11-14 19:13:20.804   185   847 V audio_hw_primary: stop_output_stream: enter: usecase(1: low-latency-playback)
11-14 19:13:20.804   185   847 V audio_hw_primary: disable_audio_route: enter: usecase(1)
11-14 19:13:20.804   185   847 V audio_hw_primary: disable_audio_route: reset mixer path: low-latency-playback
11-14 19:13:20.804   185   847 V audio_hw_primary: disable_audio_route: exit
11-14 19:13:20.804   185   847 V audio_hw_primary: disable_snd_device: snd_device(2: speaker) refcnt=0
11-14 19:13:20.814   185   847 V audio_hw_primary: stop_output_stream: exit: status(0)
11-14 19:13:20.814   185   847 V audio_hw_primary: out_standby: exit
11-14 19:13:21.314  4175  4175 W InteractionController: runAndwaitForEvent timedout waiting for events
11-14 19:13:21.384  4175  4175 D UiScrollable: scrollForward() on selector = UiSelector[SCROLLABLE=true]
11-14 19:13:21.424  4175  4175 I QueryController: Matched selector: UiSelector[SCROLLABLE=true] <<==>> [android.view.accessibility.AccessibilityNodeInfo@15ac56; boundsInParent: Rect(0, 0 - 1080, 1557); boundsInScreen: Rect(0, 219 - 1080, 1776); packageName: com.android.settings; className: android.widget.ListView; text: null; contentDescription: null; viewIdResName: android:id/list; checkable: false; checked: false; focusable: true; focused: true; selected: false; clickable: true; longClickable: false; enabled: true; password: false; scrollable: true; [ACTION_CLEAR_FOCUS, ACTION_SELECT, ACTION_CLEAR_SELECTION, ACTION_CLICK, ACTION_ACCESSIBILITY_FOCUS, ACTION_SCROLL_FORWARD]]
11-14 19:13:21.424  4175  4175 D InteractionController: scrollSwipe (540, 1621, 540, 374, 55)
11-14 19:13:22.704  4175  4175 W InteractionController: runAndwaitForEvent timedout waiting for events
11-14 19:13:22.704  4175  4175 D InteractionController: scrollSwipe reached scroll end: false
11-14 19:13:23.214  4175  4175 I QueryController: Matched selector: UiSelector[SCROLLABLE=true, CHILD=UiSelector[TEXT=Apps]] <<==>> [android.view.accessibility.AccessibilityNodeInfo@15c69d; boundsInParent: Rect(0, 0 - 126, 73); boundsInScreen: Rect(174, 1382 - 300, 1455); packageName: com.android.settings; className: android.widget.TextView; text: Apps; contentDescription: null; viewIdResName: android:id/title; checkable: false; checked: false; focusable: false; focused: false; selected: false; clickable: false; longClickable: false; enabled: true; password: false; scrollable: false; [ACTION_SELECT, ACTION_CLEAR_SELECTION, ACTION_ACCESSIBILITY_FOCUS, ACTION_NEXT_AT_MOVEMENT_GRANULARITY, ACTION_PREVIOUS_AT_MOVEMENT_GRANULARITY, ACTION_SET_SELECTION]]
11-14 19:13:23.404  2682  2682 I wpa_supplicant: wlan0: CTRL-EVENT-SCAN-STARTED 
11-14 19:13:23.904  4175  4175 I QueryController: Counted 12 instances of: UiSelector[CONTAINER=UiSelector[SCROLLABLE=true], PATTERN=UiSelector[PATTERN=UiSelector[CLASS=android.widget.TextView]]]
11-14 19:13:24.564  4175  4175 I QueryController: Matched selector: UiSelector[CONTAINER=UiSelector[SCROLLABLE=true], PATTERN=UiSelector[INSTANCE=0, PATTERN=UiSelector[CLASS=android.widget.TextView]]] <<==>> [android.view.accessibility.AccessibilityNodeInfo@15d5a1; boundsInParent: Rect(0, 0 - 249, 73); boundsInScreen: Rect(174, 262 - 423, 335); packageName: com.android.settings; className: android.widget.TextView; text: Status bar; contentDescription: null; viewIdResName: android:id/title; checkable: false; checked: false; focusable: false; focused: false; selected: false; clickable: false; longClickable: false; enabled: true; password: false; scrollable: false; [ACTION_SELECT, ACTION_CLEAR_SELECTION, ACTION_ACCESSIBILITY_FOCUS, ACTION_NEXT_AT_MOVEMENT_GRANULARITY, ACTION_PREVIOUS_AT_MOVEMENT_GRANULARITY, ACTION_SET_SELECTION]]
11-14 19:13:24.564  4175  4175 D UiObject: getText() = Status bar
11-14 19:13:24.604  4175  4175 I QueryController: Matched selector: UiSelector[CONTAINER=UiSelector[SCROLLABLE=true], PATTERN=UiSelector[INSTANCE=1, PATTERN=UiSelector[CLASS=android.widget.TextView]]] <<==>> [android.view.accessibility.AccessibilityNodeInfo@15d962; boundsInParent: Rect(0, 0 - 462, 73); boundsInScreen: Rect(174, 408 - 636, 481); packageName: com.android.settings; className: android.widget.TextView; text: Notification drawer; contentDescription: null; viewIdResName: android:id/title; checkable: false; checked: false; focusable: false; focused: false; selected: false; clickable: false; longClickable: false; enabled: true; password: false; scrollable: false; [ACTION_SELECT, ACTION_CLEAR_SELECTION, ACTION_ACCESSIBILITY_FOCUS, ACTION_NEXT_AT_MOVEMENT_GRANULARITY, ACTION_PREVIOUS_AT_MOVEMENT_GRANULARITY, ACTION_SET_SELECTION]]
11-14 19:13:24.604  4175  4175 D UiObject: getText() = Notification drawer
11-14 19:13:24.634  4175  4175 I QueryController: Matched selector: UiSelector[CONTAINER=UiSelector[SCROLLABLE=true], PATTERN=UiSelector[INSTANCE=2, PATTERN=UiSelector[CLASS=android.widget.TextView]]] <<==>> [android.view.accessibility.AccessibilityNodeInfo@15dd23; boundsInParent: Rect(0, 0 - 984, 96); boundsInScreen: Rect(48, 519 - 1032, 615); packageName: com.android.settings; className: android.widget.TextView; text: DEVICE; contentDescription: null; viewIdResName: null; checkable: false; checked: false; focusable: false; focused: false; selected: false; clickable: false; longClickable: false; enabled: false; password: false; scrollable: false; [ACTION_SELECT, ACTION_CLEAR_SELECTION, ACTION_ACCESSIBILITY_FOCUS, ACTION_NEXT_AT_MOVEMENT_GRANULARITY, ACTION_PREVIOUS_AT_MOVEMENT_GRANULARITY, ACTION_SET_SELECTION]]
11-14 19:13:24.634  4175  4175 D UiObject: getText() = DEVICE
11-14 19:13:24.684  4175  4175 I QueryController: Matched selector: UiSelector[CONTAINER=UiSelector[SCROLLABLE=true], PATTERN=UiSelector[INSTANCE=3, PATTERN=UiSelector[CLASS=android.widget.TextView]]] <<==>> [android.view.accessibility.AccessibilityNodeInfo@16eb6b; boundsInParent: Rect(0, 0 - 157, 73); boundsInScreen: Rect(174, 652 - 331, 725); packageName: com.android.settings; className: android.widget.TextView; text: Sound; contentDescription: null; viewIdResName: android:id/title; checkable: false; checked: false; focusable: false; focused: false; selected: false; clickable: false; longClickable: false; enabled: true; password: false; scrollable: false; [ACTION_SELECT, ACTION_CLEAR_SELECTION, ACTION_ACCESSIBILITY_FOCUS, ACTION_NEXT_AT_MOVEMENT_GRANULARITY, ACTION_PREVIOUS_AT_MOVEMENT_GRANULARITY, ACTION_SET_SELECTION]]
11-14 19:13:24.684  4175  4175 D UiObject: getText() = Sound
11-14 19:13:24.714  4175  4175 I QueryController: Matched selector: UiSelector[CONTAINER=UiSelector[SCROLLABLE=true], PATTERN=UiSelector[INSTANCE=4, PATTERN=UiSelector[CLASS=android.widget.TextView]]] <<==>> [android.view.accessibility.AccessibilityNodeInfo@16ef2c; boundsInParent: Rect(0, 0 - 372, 73); boundsInScreen: Rect(174, 798 - 546, 871); packageName: com.android.settings; className: android.widget.TextView; text: Display & lights; contentDescription: null; viewIdResName: android:id/title; checkable: false; checked: false; focusable: false; focused: false; selected: false; clickable: false; longClickable: false; enabled: true; password: false; scrollable: false; [ACTION_SELECT, ACTION_CLEAR_SELECTION, ACTION_ACCESSIBILITY_FOCUS, ACTION_NEXT_AT_MOVEMENT_GRANULARITY, ACTION_PREVIOUS_AT_MOVEMENT_GRANULARITY, ACTION_SET_SELECTION]]
11-14 19:13:24.714  4175  4175 D UiObject: getText() = Display & lights
11-14 19:13:24.804  4175  4175 I QueryController: Matched selector: UiSelector[CONTAINER=UiSelector[SCROLLABLE=true], PATTERN=UiSelector[INSTANCE=5, PATTERN=UiSelector[CLASS=android.widget.TextView]]] <<==>> [android.view.accessibility.AccessibilityNodeInfo@16f2ed; boundsInParent: Rect(0, 0 - 189, 73); boundsInScreen: Rect(174, 944 - 363, 1017); packageName: com.android.settings; className: android.widget.TextView; text: Buttons; contentDescription: null; viewIdResName: android:id/title; checkable: false; checked: false; focusable: false; focused: false; selected: false; clickable: false; longClickable: false; enabled: true; password: false; scrollable: false; [ACTION_SELECT, ACTION_CLEAR_SELECTION, ACTION_ACCESSIBILITY_FOCUS, ACTION_NEXT_AT_MOVEMENT_GRANULARITY, ACTION_PREVIOUS_AT_MOVEMENT_GRANULARITY, ACTION_SET_SELECTION]]
11-14 19:13:24.804  4175  4175 D UiObject: getText() = Buttons
11-14 19:13:24.844  4175  4175 I QueryController: Matched selector: UiSelector[CONTAINER=UiSelector[SCROLLABLE=true], PATTERN=UiSelector[INSTANCE=6, PATTERN=UiSelector[CLASS=android.widget.TextView]]] <<==>> [android.view.accessibility.AccessibilityNodeInfo@16f6ae; boundsInParent: Rect(0, 0 - 189, 73); boundsInScreen: Rect(174, 1090 - 363, 1163); packageName: com.android.settings; className: android.widget.TextView; text: Storage; contentDescription: null; viewIdResName: android:id/title; checkable: false; checked: false; focusable: false; focused: false; selected: false; clickable: false; longClickable: false; enabled: true; password: false; scrollable: false; [ACTION_SELECT, ACTION_CLEAR_SELECTION, ACTION_ACCESSIBILITY_FOCUS, ACTION_NEXT_AT_MOVEMENT_GRANULARITY, ACTION_PREVIOUS_AT_MOVEMENT_GRANULARITY, ACTION_SET_SELECTION]]
11-14 19:13:24.844  4175  4175 D UiObject: getText() = Storage
11-14 19:13:24.884  4175  4175 I QueryController: Matched selector: UiSelector[CONTAINER=UiSelector[SCROLLABLE=true], PATTERN=UiSelector[INSTANCE=7, PATTERN=UiSelector[CLASS=android.widget.TextView]]] <<==>> [android.view.accessibility.AccessibilityNodeInfo@16fe30; boundsInParent: Rect(0, 0 - 173, 73); boundsInScreen: Rect(174, 1236 - 347, 1309); packageName: com.android.settings; className: android.widget.TextView; text: Battery; contentDescription: null; viewIdResName: android:id/title; checkable: false; checked: false; focusable: false; focused: false; selected: false; clickable: false; longClickable: false; enabled: true; password: false; scrollable: false; [ACTION_SELECT, ACTION_CLEAR_SELECTION, ACTION_ACCESSIBILITY_FOCUS, ACTION_NEXT_AT_MOVEMENT_GRANULARITY, ACTION_PREVIOUS_AT_MOVEMENT_GRANULARITY, ACTION_SET_SELECTION]]
11-14 19:13:24.884  4175  4175 D UiObject: getText() = Battery
11-14 19:13:24.934  4175  4175 I QueryController: Matched selector: UiSelector[CONTAINER=UiSelector[SCROLLABLE=true], PATTERN=UiSelector[INSTANCE=8, PATTERN=UiSelector[CLASS=android.widget.TextView]]] <<==>> [android.view.accessibility.AccessibilityNodeInfo@15c69d; boundsInParent: Rect(0, 0 - 126, 73); boundsInScreen: Rect(174, 1382 - 300, 1455); packageName: com.android.settings; className: android.widget.TextView; text: Apps; contentDescription: null; viewIdResName: android:id/title; checkable: false; checked: false; focusable: false; focused: false; selected: false; clickable: false; longClickable: false; enabled: true; password: false; scrollable: false; [ACTION_SELECT, ACTION_CLEAR_SELECTION, ACTION_ACCESSIBILITY_FOCUS, ACTION_NEXT_AT_MOVEMENT_GRANULARITY, ACTION_PREVIOUS_AT_MOVEMENT_GRANULARITY, ACTION_SET_SELECTION]]
11-14 19:13:24.934  4175  4175 D UiObject: getText() = Apps
11-14 19:13:24.954  4175  4175 I QueryController: Matched selector: UiSelector[CONTAINER=UiSelector[SCROLLABLE=true], PATTERN=UiSelector[INSTANCE=8, PATTERN=UiSelector[CLASS=android.widget.TextView]]] <<==>> [android.view.accessibility.AccessibilityNodeInfo@15c69d; boundsInParent: Rect(0, 0 - 126, 73); boundsInScreen: Rect(174, 1382 - 300, 1455); packageName: com.android.settings; className: android.widget.TextView; text: Apps; contentDescription: null; viewIdResName: android:id/title; checkable: false; checked: false; focusable: false; focused: false; selected: false; clickable: false; longClickable: false; enabled: true; password: false; scrollable: false; [ACTION_SELECT, ACTION_CLEAR_SELECTION, ACTION_ACCESSIBILITY_FOCUS, ACTION_NEXT_AT_MOVEMENT_GRANULARITY, ACTION_PREVIOUS_AT_MOVEMENT_GRANULARITY, ACTION_SET_SELECTION]]
11-14 19:13:24.954  4175  4175 D InteractionController: clickAndWaitForNewWindow(237, 1418)
11-14 19:13:25.134  4309  4309 I Timeline: Timeline: Activity_launch_request id:com.android.settings time:470071
11-14 19:13:25.144   185   850 D AudioPolicyManagerBase: getOutput() device 2, stream 1, samplingRate 0, format 0, channelMask 3, flags 0
11-14 19:13:25.144   185   850 D AudioPolicyManagerBase: getOutput() returns output 2
11-14 19:13:25.144   185  1527 D AudioPolicyManagerBase: getOutput() device 2, stream 1, samplingRate 0, format 0, channelMask 3, flags 0
11-14 19:13:25.144   185  1527 D AudioPolicyManagerBase: getOutput() returns output 2
11-14 19:13:25.144   185  2024 D AudioPolicyManagerBase: getOutput() device 2, stream 1, samplingRate 48000, format 1, channelMask 3, flags 4
11-14 19:13:25.144   185  2024 D AudioPolicyManagerBase: getOutput() returns output 3
11-14 19:13:25.154   185   850 D AudioFlinger: start(4099), calling pid 807 session 69
11-14 19:13:25.154   185   850 D AudioFlinger: ? => ACTIVE (4099) on thread 0xb8da18a0
11-14 19:13:25.154   185   850 I QCOM PowerHAL: Processing audio hint. Metadata: state=1
11-14 19:13:25.154   185   850 D AudioPolicyManagerBase: startOutput() output 3, stream 1, session 69
11-14 19:13:25.164   185   794 V audio_hw_primary: start_output_stream: enter: usecase(1: low-latency-playback) devices(0x2)
11-14 19:13:25.164   185   794 V msm8974_platform: platform_get_output_snd_device: enter: output devices(0x2)
11-14 19:13:25.164   185   794 V msm8974_platform: platform_get_output_snd_device: exit: snd_device(speaker)
11-14 19:13:25.164   185   794 D audio_hw_primary: select_devices: out_snd_device(2: speaker) in_snd_device(0: )
11-14 19:13:25.164   185   794 W msm8974_platform: Property audio.offload.24bit.enable is set
11-14 19:13:25.164   185   794 V msm8974_platform: platform_check_and_set_codec_backend_cfg usecase = 1
11-14 19:13:25.164   185   794 W msm8974_platform: Codec backend bitwidth 16, samplerate 48000
11-14 19:13:25.164   185   794 V msm8974_platform: Playback running bw 16 sr 48000 standby 0
11-14 19:13:25.164   185   794 V audio_hw_primary: enable_snd_device: snd_device(2: speaker)
11-14 19:13:25.164   185   794 V audio_hw_primary: enable_audio_route: enter: usecase(1)
11-14 19:13:25.164   185   794 V audio_hw_primary: enable_audio_route: apply mixer path: low-latency-playback
11-14 19:13:25.164   185   794 V audio_hw_primary: enable_audio_route: exit
11-14 19:13:25.164   185   794 V audio_hw_primary: start_output_stream: Opening PCM device card_id(0) device_id(15)
11-14 19:13:25.174   185   794 V audio_hw_primary: start_output_stream: exit
11-14 19:13:25.214  4309  4309 D SubSettings: Launching fragment com.android.settings.applications.ManageApplications
11-14 19:13:25.304   807   833 I ActivityManager: Displayed com.android.settings/.SubSettings: +125ms
11-14 19:13:25.344   185   791 I QCOM PowerHAL: Processing audio hint. Metadata: state=0
11-14 19:13:25.354  4309  4309 I Timeline: Timeline: Activity_idle id: android.os.BinderProxy@42b71b98 time:470292
11-14 19:13:25.624   807   833 I Timeline: Timeline: Activity_windows_visible id: ActivityRecord{41c334c0 u0 com.android.settings/.SubSettings t21} time:470569
11-14 19:13:25.904  4309  4309 D BluetoothAdapter: 1105589248: getState() :  mService = null. Returning STATE_OFF
11-14 19:13:26.024  4309  4309 I Timeline: Timeline: Activity_idle id: android.os.BinderProxy@42b8d0b0 time:470962
11-14 19:13:26.334   807   833 I Timeline: Timeline: Activity_windows_visible id: ActivityRecord{41b35780 u0 com.android.settings/.Settings t21} time:471272
11-14 19:13:27.684  4309  4309 I Choreographer: Skipped 80 frames!  The application may be doing too much work on its main thread.
11-14 19:13:27.864  2432  2432 I Timeline: Timeline: Activity_idle id: android.os.BinderProxy@41b84680 time:472801
11-14 19:13:28.254   807   833 I Timeline: Timeline: Activity_windows_visible id: ActivityRecord{41c37f58 u0 com.cyanogenmod.trebuchet/org.cyanogenmod.trebuchet.CustomHomeLauncher t4} time:473194
11-14 19:13:28.314   185   847 V audio_hw_primary: out_standby: enter: usecase(1: low-latency-playback)
11-14 19:13:28.354   185   847 V audio_hw_primary: stop_output_stream: enter: usecase(1: low-latency-playback)
11-14 19:13:28.354   185   847 V audio_hw_primary: disable_audio_route: enter: usecase(1)
11-14 19:13:28.354   185   847 V audio_hw_primary: disable_audio_route: reset mixer path: low-latency-playback
11-14 19:13:28.364   185   847 V audio_hw_primary: disable_audio_route: exit
11-14 19:13:28.364   185   847 V audio_hw_primary: disable_snd_device: snd_device(2: speaker) refcnt=0
11-14 19:13:28.364   185   847 V audio_hw_primary: stop_output_stream: exit: status(0)
11-14 19:13:28.364   185   847 V audio_hw_primary: out_standby: exit
11-14 19:13:28.774  4175  4175 W InteractionController: runAndwaitForEvent timedout waiting for events
11-14 19:13:28.854  4175  4175 I QueryController: Matched selector: UiSelector[TEXT=Settings] <<==>> [android.view.accessibility.AccessibilityNodeInfo@27a4b; boundsInParent: Rect(524167, 0 - 524428, 320); boundsInScreen: Rect(801, 1071 - 1062, 1391); packageName: com.cyanogenmod.trebuchet; className: android.widget.TextView; text: Settings; contentDescription: null; viewIdResName: null; checkable: false; checked: false; focusable: true; focused: false; selected: false; clickable: true; longClickable: true; enabled: true; password: false; scrollable: false; [ACTION_FOCUS, ACTION_SELECT, ACTION_CLEAR_SELECTION, ACTION_CLICK, ACTION_LONG_CLICK, ACTION_ACCESSIBILITY_FOCUS, ACTION_NEXT_AT_MOVEMENT_GRANULARITY, ACTION_PREVIOUS_AT_MOVEMENT_GRANULARITY, ACTION_SET_SELECTION]]
11-14 19:13:28.874  4175  4175 I QueryController: Matched selector: UiSelector[TEXT=Settings] <<==>> [android.view.accessibility.AccessibilityNodeInfo@27a4b; boundsInParent: Rect(524167, 0 - 524428, 320); boundsInScreen: Rect(801, 1071 - 1062, 1391); packageName: com.cyanogenmod.trebuchet; className: android.widget.TextView; text: Settings; contentDescription: null; viewIdResName: null; checkable: false; checked: false; focusable: true; focused: false; selected: false; clickable: true; longClickable: true; enabled: true; password: false; scrollable: false; [ACTION_FOCUS, ACTION_SELECT, ACTION_CLEAR_SELECTION, ACTION_CLICK, ACTION_LONG_CLICK, ACTION_ACCESSIBILITY_FOCUS, ACTION_NEXT_AT_MOVEMENT_GRANULARITY, ACTION_PREVIOUS_AT_MOVEMENT_GRANULARITY, ACTION_SET_SELECTION]]
11-14 19:13:28.874  4175  4175 D InteractionController: clickAndWaitForNewWindow(931, 1231)
11-14 19:13:29.014   185  1527 D AudioPolicyManagerBase: getOutput() device 2, stream 1, samplingRate 0, format 0, channelMask 3, flags 0
11-14 19:13:29.014   185  1527 D AudioPolicyManagerBase: getOutput() returns output 2
11-14 19:13:29.014   185   185 D AudioPolicyManagerBase: getOutput() device 2, stream 1, samplingRate 0, format 0, channelMask 3, flags 0
11-14 19:13:29.014   185   185 D AudioPolicyManagerBase: getOutput() returns output 2
11-14 19:13:29.014   185   850 D AudioPolicyManagerBase: getOutput() device 2, stream 1, samplingRate 48000, format 1, channelMask 3, flags 4
11-14 19:13:29.014   185   850 D AudioPolicyManagerBase: getOutput() returns output 3
11-14 19:13:29.014  2432  2432 I Timeline: Timeline: Activity_launch_request id:com.android.settings time:473953
11-14 19:13:29.014   185  1527 D AudioFlinger: start(4101), calling pid 807 session 70
11-14 19:13:29.014   185  1527 D AudioFlinger: ? => ACTIVE (4101) on thread 0xb8dacb70
11-14 19:13:29.014   185  1527 I QCOM PowerHAL: Processing audio hint. Metadata: state=1
11-14 19:13:29.034   185  1527 D AudioPolicyManagerBase: startOutput() output 3, stream 1, session 70
11-14 19:13:29.034   185   794 V audio_hw_primary: start_output_stream: enter: usecase(1: low-latency-playback) devices(0x2)
11-14 19:13:29.034   185   794 V msm8974_platform: platform_get_output_snd_device: enter: output devices(0x2)
11-14 19:13:29.034   185   794 V msm8974_platform: platform_get_output_snd_device: exit: snd_device(speaker)
11-14 19:13:29.034   185   794 D audio_hw_primary: select_devices: out_snd_device(2: speaker) in_snd_device(0: )
11-14 19:13:29.034   185   794 W msm8974_platform: Property audio.offload.24bit.enable is set
11-14 19:13:29.034   185   794 V msm8974_platform: platform_check_and_set_codec_backend_cfg usecase = 1
11-14 19:13:29.034   185   794 W msm8974_platform: Codec backend bitwidth 16, samplerate 48000
11-14 19:13:29.034   185   794 V msm8974_platform: Playback running bw 16 sr 48000 standby 0
11-14 19:13:29.034   185   794 V audio_hw_primary: enable_snd_device: snd_device(2: speaker)
11-14 19:13:29.034   185   794 V audio_hw_primary: enable_audio_route: enter: usecase(1)
11-14 19:13:29.034   185   794 V audio_hw_primary: enable_audio_route: apply mixer path: low-latency-playback
11-14 19:13:29.034   185   794 V audio_hw_primary: enable_audio_route: exit
11-14 19:13:29.034   185   794 V audio_hw_primary: start_output_stream: Opening PCM device card_id(0) device_id(15)
11-14 19:13:29.044   185   794 V audio_hw_primary: start_output_stream: exit
11-14 19:13:29.214   185   791 I QCOM PowerHAL: Processing audio hint. Metadata: state=0
11-14 19:13:29.594  4309  4309 D BluetoothAdapter: 1105589248: getState() :  mService = null. Returning STATE_OFF
11-14 19:13:29.634  4309  4309 D BluetoothAdapter: 1105589248: getState() :  mService = null. Returning STATE_OFF
11-14 19:13:29.704  4309  4309 D BluetoothAdapter: 1105589248: getState() :  mService = null. Returning STATE_OFF
11-14 19:13:29.744   807   833 I ActivityManager: Displayed com.android.settings/.Settings: +667ms
11-14 19:13:29.744   807   833 I Timeline: Timeline: Activity_windows_visible id: ActivityRecord{41b310b0 u0 com.android.settings/.Settings t22} time:474683
11-14 19:13:29.784  4309  4309 I Timeline: Timeline: Activity_idle id: android.os.BinderProxy@42b82400 time:474721
11-14 19:13:31.674  4175  4175 I QueryController: Matched selector: UiSelector[RESOURCE_ID=android:id/action_bar_title] <<==>> [android.view.accessibility.AccessibilityNodeInfo@17d42c; boundsInParent: Rect(0, 0 - 198, 73); boundsInScreen: Rect(145, 110 - 343, 183); packageName: com.android.settings; className: android.widget.TextView; text: Settings; contentDescription: null; viewIdResName: android:id/action_bar_title; checkable: false; checked: false; focusable: false; focused: false; selected: false; clickable: false; longClickable: false; enabled: true; password: false; scrollable: false; [ACTION_SELECT, ACTION_CLEAR_SELECTION, ACTION_ACCESSIBILITY_FOCUS, ACTION_NEXT_AT_MOVEMENT_GRANULARITY, ACTION_PREVIOUS_AT_MOVEMENT_GRANULARITY, ACTION_SET_SELECTION]]
11-14 19:13:31.674  4175  4175 D UiObject: getText() = Settings
11-14 19:13:31.704  4175  4175 D UiScrollable: scrollToBeginning() on selector = UiSelector[SCROLLABLE=true]
11-14 19:13:31.704  4175  4175 D UiScrollable: scrollBackward() on selector = UiSelector[SCROLLABLE=true]
11-14 19:13:31.724  4175  4175 I QueryController: Matched selector: UiSelector[SCROLLABLE=true] <<==>> [android.view.accessibility.AccessibilityNodeInfo@17ccaa; boundsInParent: Rect(0, 0 - 1080, 1557); boundsInScreen: Rect(0, 219 - 1080, 1776); packageName: com.android.settings; className: android.widget.ListView; text: null; contentDescription: null; viewIdResName: android:id/list; checkable: false; checked: false; focusable: true; focused: true; selected: false; clickable: true; longClickable: false; enabled: true; password: false; scrollable: true; [ACTION_CLEAR_FOCUS, ACTION_SELECT, ACTION_CLEAR_SELECTION, ACTION_CLICK, ACTION_ACCESSIBILITY_FOCUS, ACTION_SCROLL_FORWARD]]
11-14 19:13:31.724  4175  4175 D UiScrollable: scrollToBegining() using vertical scroll
11-14 19:13:31.724  4175  4175 D InteractionController: scrollSwipe (540, 374, 540, 1621, 55)
11-14 19:13:32.184   185   847 V audio_hw_primary: out_standby: enter: usecase(1: low-latency-playback)
11-14 19:13:32.224   185   847 V audio_hw_primary: stop_output_stream: enter: usecase(1: low-latency-playback)
11-14 19:13:32.224   185   847 V audio_hw_primary: disable_audio_route: enter: usecase(1)
11-14 19:13:32.224   185   847 V audio_hw_primary: disable_audio_route: reset mixer path: low-latency-playback
11-14 19:13:32.224   185   847 V audio_hw_primary: disable_audio_route: exit
11-14 19:13:32.224   185   847 V audio_hw_primary: disable_snd_device: snd_device(2: speaker) refcnt=0
