03-11 09:53:05.010   183   183 I boot_progress_start: 4765
03-11 09:53:14.529   183   183 I boot_progress_preload_start: 14289
03-11 09:53:16.119   183   183 I boot_progress_preload_end: 15873
03-11 09:53:16.269   807   807 I boot_progress_system_run: 16026
03-11 09:53:16.399   807   807 I boot_progress_pms_start: 16152
03-11 09:53:16.499   807   807 I boot_progress_pms_system_scan_start: 16254
03-11 09:53:27.369   807   807 I boot_progress_pms_data_scan_start: 27128
03-11 09:53:27.369   807   807 I boot_progress_pms_scan_end: 27129
03-11 09:53:27.609   807   807 I boot_progress_pms_ready: 27369
03-11 09:53:28.019   807   818 I battery_status: [3,2,1,0,Li-ion]
03-11 09:53:28.019   807   818 I battery_level: [95,4122,336]
03-11 09:53:28.069   807   840 I screen_toggled: 1
03-11 09:53:28.079   807   807 I wm_stack_created: [0,-1,6,100]
03-11 09:53:28.139   807   807 I configuration_changed: 7672
03-11 09:53:28.139   807   807 I configuration_changed: 1288
03-11 09:53:50.459   807   807 I free_storage_left: [13006413824,650575872,709144576]
03-11 09:53:50.459   807   807 I free_storage_changed: 13006413824
03-11 09:53:50.579   807   807 I backup_data_changed: com.android.calendar
03-11 09:53:50.589   807   807 I backup_data_changed: com.android.browser
03-11 09:53:50.589   807   807 I backup_data_changed: com.android.nfc
03-11 09:53:50.599   807   807 I backup_data_changed: com.android.providers.userdictionary
03-11 09:53:50.599   807   807 I backup_data_changed: com.android.sharedstoragebackup
03-11 09:53:50.609   807   807 I backup_data_changed: com.android.mms
03-11 09:53:50.609   807   807 I backup_data_changed: android
03-11 09:53:50.609   807   807 I backup_data_changed: com.android.providers.telephony
03-11 09:53:50.619   807   807 I backup_data_changed: com.android.dialer
03-11 09:53:50.619   807   807 I backup_data_changed: com.android.providers.settings
03-11 09:53:50.629   807   807 I am_create_service: [0,1107643688,.LocalTransportService,1000,807]
03-11 09:53:50.709   807  1193 I backup_data_changed: com.android.providers.settings
03-11 09:53:50.799   807  1193 I backup_data_changed: com.android.providers.settings
03-11 09:53:50.829   807   807 I am_proc_start: [0,1203,10009,com.android.systemui,service,com.android.keyguard/.KeyguardService]
03-11 09:53:50.849   807   836 I am_proc_start: [0,1214,10003,com.android.providers.calendar,broadcast,com.android.providers.calendar/.CalendarUpgradeReceiver]
03-11 09:53:50.859   807   820 I am_proc_bound: [0,1203,com.android.systemui]
03-11 09:53:50.859   807   820 I am_create_service: [0,1104047568,.KeyguardService,10009,1203]
03-11 09:53:50.869   807   818 I am_proc_bound: [0,1214,com.android.providers.calendar]
03-11 09:53:50.899  1214  1214 I calendar_upgrade_receiver: 14
03-11 09:53:50.909   807   818 I am_proc_start: [0,1235,10004,android.process.acore,broadcast,com.android.providers.contacts/.ContactsUpgradeReceiver]
03-11 09:53:50.929   807  1234 I am_proc_bound: [0,1235,android.process.acore]
03-11 09:53:52.589  1235  1235 I contacts_upgrade_receiver: 1639
03-11 09:53:52.609   807   820 I am_proc_start: [0,1267,10007,android.process.media,broadcast,com.android.providers.media/.MediaUpgradeReceiver]
03-11 09:53:52.639   807  1233 I am_proc_bound: [0,1267,android.process.media]
03-11 09:53:52.689   807   836 I am_kill : [0,1214,com.android.providers.calendar,13,system update done]
03-11 09:53:52.689   807   836 I am_kill : [0,1235,android.process.acore,11,system update done]
03-11 09:53:52.689   807   836 I am_kill : [0,1267,android.process.media,9,system update done]
03-11 09:53:52.689   807   836 I boot_progress_ams_ready: 52446
03-11 09:53:52.699   807   836 I am_create_service: [0,1107836336,.SystemUIService,10009,1203]
03-11 09:53:52.959   807   820 I am_proc_start: [0,1325,10004,android.process.acore,content provider,com.android.providers.contacts/.ContactsProvider2]
03-11 09:53:52.969   807   818 I am_proc_bound: [0,1325,android.process.acore]
03-11 09:53:53.019   807  1193 I backup_data_changed: com.android.providers.settings
03-11 09:53:53.019   807   836 I configuration_changed: 512
03-11 09:53:53.079   807   836 I am_create_service: [0,1107835344,.ImageWallpaper,10009,1203]
03-11 09:53:53.099   807  1193 I backup_data_changed: com.android.providers.settings
03-11 09:53:53.109   807   840 I configuration_changed: 32
03-11 09:53:53.119   807   836 I am_proc_start: [0,1352,10040,com.android.inputmethod.latin,service,com.android.inputmethod.latin/.LatinIME]
03-11 09:53:53.129   807  1234 I am_proc_bound: [0,1352,com.android.inputmethod.latin]
03-11 09:53:53.129   807  1234 I am_create_service: [0,1103203216,.LatinIME,10040,1352]
03-11 09:53:53.149   807   836 I am_create_service: [0,1103558912,.FusedLocationService,1000,807]
03-11 09:53:53.169   807   836 I am_create_service: [0,1101600040,.GeofenceHardwareService,1000,807]
03-11 09:53:53.199   807   836 I am_proc_start: [0,1374,1001,com.android.phone,added application,com.android.phone]
03-11 09:53:53.209   807   836 I am_proc_start: [0,1382,10031,com.bel.android.dspmanager,added application,com.bel.android.dspmanager]
03-11 09:53:53.219   807   836 I am_proc_start: [0,1392,1027,com.android.nfc,added application,com.android.nfc]
03-11 09:53:53.239   807   836 I am_proc_start: [0,1407,1001,com.redbend.vdmc,added application,com.redbend.vdmc]
03-11 09:53:53.249   807   836 I am_proc_start: [0,1417,10006,com.android.incallui,added application,com.android.incallui]
03-11 09:53:53.249   807   836 I am_create_task: [0,1]
03-11 09:53:53.249   807   836 I am_create_activity: [0,1102784136,1,com.android.settings/.CryptKeeper,android.intent.action.MAIN,NULL,NULL,276824064]
03-11 09:53:53.249   807   836 I wm_task_created: [1,0]
03-11 09:53:53.249   807   836 I wm_task_moved: [1,1,0]
03-11 09:53:53.249   807   836 I wm_home_stack_moved: 1
03-11 09:53:53.269   807   836 I am_proc_start: [0,1437,1000,com.android.settings,activity,com.android.settings/.CryptKeeper]
03-11 09:53:53.269   807  1234 I dvm_lock_sample: [system_server,1,Binder_5,79,ActivityManagerService.java,13216,-,9563,15]
03-11 09:53:53.269   807   819 I am_proc_bound: [0,1374,com.android.phone]
03-11 09:53:53.279   807   818 I dvm_lock_sample: [system_server,1,Binder_1,54,ActivityManagerService.java,5219,-,9563,10]
03-11 09:53:53.279   807   818 I am_proc_bound: [0,1382,com.bel.android.dspmanager]
03-11 09:53:53.279   807  1233 I am_proc_bound: [0,1407,com.redbend.vdmc]
03-11 09:53:53.279   807   820 I am_proc_bound: [0,1392,com.android.nfc]
03-11 09:53:53.289   807  1436 I am_proc_bound: [0,1417,com.android.incallui]
03-11 09:53:53.299   807   818 I am_proc_bound: [0,1437,com.android.settings]
03-11 09:53:53.299   807   818 I am_restart_activity: [0,1102784136,1,com.android.settings/.CryptKeeper]
03-11 09:53:53.379   807   837 I am_proc_start: [0,1477,10052,com.android.printspooler,service,com.android.printspooler/.PrintSpoolerService]
03-11 09:53:53.389   807   836 I am_proc_start: [0,1485,10007,android.process.media,broadcast,com.android.providers.media/.MtpReceiver]
03-11 09:53:53.409   807  1234 I am_proc_bound: [0,1477,com.android.printspooler]
03-11 09:53:53.419   807  1234 I am_create_service: [0,1109009384,.PrintSpoolerService,10052,1477]
03-11 09:53:53.419   807   818 I am_proc_bound: [0,1485,android.process.media]
03-11 09:53:53.419   807  1453 I am_finish_activity: [0,1102784136,1,com.android.settings/.CryptKeeper,app-request]
03-11 09:53:53.419   807  1453 I am_pause_activity: [0,1102784136,com.android.settings/.CryptKeeper]
03-11 09:53:53.439   807  1432 I wm_home_stack_moved: 1
03-11 09:53:53.439   807  1432 I wm_task_moved: [1,1,0]
03-11 09:53:53.439   807  1432 I wm_home_stack_moved: 1
03-11 09:53:53.439   807  1432 I wm_home_stack_moved: 1
03-11 09:53:53.439   807  1432 I wm_task_moved: [1,1,0]
03-11 09:53:53.439   807  1432 I wm_home_stack_moved: 1
03-11 09:53:53.459   807  1432 I am_create_task: [0,2]
03-11 09:53:53.459   807  1432 I am_create_activity: [0,1101585312,2,com.cyanogenmod.account/.ui.SetupWizardActivity,android.intent.action.MAIN,NULL,NULL,276824064]
03-11 09:53:53.459   807  1432 I wm_task_created: [2,0]
03-11 09:53:53.459   807  1432 I wm_task_moved: [2,1,1]
03-11 09:53:53.459   807  1432 I wm_home_stack_moved: 1
03-11 09:53:53.479   807  1432 I am_proc_start: [0,1509,10001,com.cyanogenmod.account,activity,com.cyanogenmod.account/.ui.SetupWizardActivity]
03-11 09:53:53.509   807  1436 I am_proc_bound: [0,1509,com.cyanogenmod.account]
03-11 09:53:53.519   807  1436 I am_restart_activity: [0,1101585312,2,com.cyanogenmod.account/.ui.SetupWizardActivity]
03-11 09:53:53.599   807  1436 I am_proc_start: [0,1544,10062,com.android.smspush,service,com.android.smspush/.WapPushManager]
03-11 09:53:53.619   807  1436 I am_proc_bound: [0,1544,com.android.smspush]
03-11 09:53:53.619   807  1436 I am_create_service: [0,1102716136,.WapPushManager,10062,1544]
03-11 09:53:53.669   807  1193 I backup_data_changed: com.android.providers.settings
03-11 09:53:53.749   807  1453 I am_create_service: [0,1103276328,.ECDHKeyService,10001,1509]
03-11 09:53:53.789   807  1432 I am_create_service: [0,1108966400,.TelephonyDebugService,1001,1374]
03-11 09:53:53.799   807  1234 I am_create_service: [0,1108965088,.BluetoothPhoneService,1001,1374]
03-11 09:53:53.859  1374  1374 I cdma_service_state_change: [1,1,3,3]
03-11 09:53:53.999   807   807 I notification_cancel: [com.android.phone,5,NULL,0,0,64]
03-11 09:53:53.999   807   807 I notification_cancel: [com.android.phone,6,NULL,0,0,64]
03-11 09:53:54.159  1509  1509 I am_on_resume_called: [0,com.cyanogenmod.account.ui.SetupWizardActivity]
03-11 09:53:54.169   807   820 I am_create_service: [0,1108824584,.DownloadService,10007,1485]
03-11 09:53:54.199   807   807 I notification_cancel: [com.android.phone,7,NULL,0,0,64]
03-11 09:53:54.199   807   807 I notification_cancel: [com.android.phone,7,NULL,0,0,64]
03-11 09:53:54.199   807   807 I notification_cancel: [com.android.phone,7,NULL,0,0,64]
03-11 09:53:54.199   807   807 I notification_cancel: [com.android.phone,7,NULL,0,0,64]
03-11 09:53:54.199   807   807 I notification_cancel: [com.android.phone,7,NULL,0,0,64]
03-11 09:53:54.199   807   807 I notification_cancel: [com.android.phone,7,NULL,0,0,64]
03-11 09:53:54.199   807   807 I notification_cancel: [com.android.phone,7,NULL,0,0,64]
03-11 09:53:54.199   807   807 I notification_cancel: [com.android.phone,7,NULL,0,0,64]
03-11 09:53:54.209   807   807 I notification_cancel: [com.android.phone,7,NULL,0,0,64]
03-11 09:53:54.209   807   807 I notification_cancel: [com.android.phone,7,NULL,0,0,64]
03-11 09:53:54.209   807   807 I notification_cancel: [com.android.phone,7,NULL,0,0,64]
03-11 09:53:54.209   807   807 I notification_cancel: [com.android.phone,7,NULL,0,0,64]
03-11 09:53:54.209   807   807 I notification_cancel: [com.android.phone,7,NULL,0,0,64]
03-11 09:53:54.209   807   807 I notification_cancel: [com.android.phone,7,NULL,0,0,64]
03-11 09:53:54.209   807   807 I notification_cancel: [com.android.phone,7,NULL,0,0,64]
03-11 09:53:54.209   807   807 I notification_cancel: [com.android.phone,7,NULL,0,0,64]
03-11 09:53:54.209   807   807 I notification_cancel: [com.android.phone,7,NULL,0,0,64]
03-11 09:53:54.209   807   807 I notification_cancel: [com.android.phone,7,NULL,0,0,64]
03-11 09:53:54.209   807   807 I notification_cancel: [com.android.phone,7,NULL,0,0,64]
03-11 09:53:54.209   807   807 I notification_cancel: [com.android.phone,7,NULL,0,0,64]
03-11 09:53:54.209   807   807 I notification_cancel: [com.android.phone,7,NULL,0,0,64]
03-11 09:53:54.209   807   807 I notification_cancel: [com.android.phone,7,NULL,0,0,64]
03-11 09:53:54.209   807   807 I notification_cancel: [com.android.phone,7,NULL,0,0,64]
03-11 09:53:54.209   807   807 I notification_cancel: [com.android.phone,7,NULL,0,0,64]
03-11 09:53:54.209   807   807 I notification_cancel: [com.android.phone,7,NULL,0,0,64]
03-11 09:53:54.209   807   807 I notification_cancel: [com.android.phone,7,NULL,0,0,64]
03-11 09:53:54.209   807   807 I notification_cancel: [com.android.phone,7,NULL,0,0,64]
03-11 09:53:54.209   807   807 I notification_cancel: [com.android.phone,7,NULL,0,0,64]
03-11 09:53:54.209   807   807 I notification_cancel: [com.android.phone,7,NULL,0,0,64]
03-11 09:53:54.209   807   807 I notification_cancel: [com.android.phone,7,NULL,0,0,64]
03-11 09:53:54.209   807   807 I notification_cancel: [com.android.phone,7,NULL,0,0,64]
03-11 09:53:54.219   807   807 I notification_cancel: [com.android.phone,7,NULL,0,0,64]
03-11 09:53:54.219   807   807 I notification_cancel: [com.android.phone,7,NULL,0,0,64]
03-11 09:53:54.219   807   807 I notification_cancel: [com.android.phone,7,NULL,0,0,64]
03-11 09:53:54.219   807   807 I notification_cancel: [com.android.phone,7,NULL,0,0,64]
03-11 09:53:54.219   807   807 I notification_cancel: [com.android.phone,7,NULL,0,0,64]
03-11 09:53:54.219   807   807 I notification_cancel: [com.android.phone,7,NULL,0,0,64]
03-11 09:53:54.219   807   807 I notification_cancel: [com.android.phone,7,NULL,0,0,64]
03-11 09:53:54.219   807   807 I notification_cancel: [com.android.phone,7,NULL,0,0,64]
03-11 09:53:54.219   807   807 I notification_cancel: [com.android.phone,7,NULL,0,0,64]
03-11 09:53:54.219   807   807 I notification_cancel: [com.android.phone,7,NULL,0,0,64]
03-11 09:53:54.219   807   807 I notification_cancel: [com.android.phone,7,NULL,0,0,64]
03-11 09:53:54.219   807   807 I notification_cancel: [com.android.phone,7,NULL,0,0,64]
03-11 09:53:54.229   807   807 I notification_cancel: [com.android.phone,7,NULL,0,0,64]
03-11 09:53:54.229   807   807 I notification_cancel: [com.android.phone,7,NULL,0,0,64]
03-11 09:53:54.339   807   818 I notification_cancel_all: [com.android.providers.downloads,0,0,64]
03-11 09:53:54.369   807   807 I notification_cancel: [com.android.phone,7,NULL,0,0,64]
03-11 09:53:54.369   807   807 I notification_cancel: [com.android.phone,7,NULL,0,0,64]
03-11 09:53:54.369   807   807 I notification_cancel: [com.android.phone,7,NULL,0,0,64]
03-11 09:53:54.369   807   807 I notification_cancel: [com.android.phone,7,NULL,0,0,64]
03-11 09:53:54.369   807   807 I notification_cancel: [com.android.phone,7,NULL,0,0,64]
03-11 09:53:54.369   807   807 I notification_cancel: [com.android.phone,7,NULL,0,0,64]
03-11 09:53:54.369   807   807 I notification_cancel: [com.android.phone,7,NULL,0,0,64]
03-11 09:53:54.369   807   807 I notification_cancel: [com.android.phone,7,NULL,0,0,64]
03-11 09:53:54.369   807   807 I notification_cancel: [com.android.phone,7,NULL,0,0,64]
03-11 09:53:54.369   807   807 I notification_cancel: [com.android.phone,7,NULL,0,0,64]
03-11 09:53:54.369   807   807 I notification_cancel: [com.android.phone,7,NULL,0,0,64]
03-11 09:53:54.369   807   807 I notification_cancel: [com.android.phone,7,NULL,0,0,64]
03-11 09:53:54.369   807   807 I notification_cancel: [com.android.phone,7,NULL,0,0,64]
03-11 09:53:54.369   807   807 I notification_cancel: [com.android.phone,7,NULL,0,0,64]
03-11 09:53:54.369   807   807 I notification_cancel: [com.android.phone,7,NULL,0,0,64]
03-11 09:53:54.369   807   807 I notification_cancel: [com.android.phone,7,NULL,0,0,64]
03-11 09:53:54.379   807   807 I notification_cancel: [com.android.phone,7,NULL,0,0,64]
03-11 09:53:54.379   807   807 I notification_cancel: [com.android.phone,7,NULL,0,0,64]
03-11 09:53:54.379   807   807 I notification_cancel: [com.android.phone,7,NULL,0,0,64]
03-11 09:53:54.379   807   807 I notification_cancel: [com.android.phone,7,NULL,0,0,64]
03-11 09:53:54.379   807   807 I notification_cancel: [com.android.phone,7,NULL,0,0,64]
03-11 09:53:54.379   807   807 I notification_cancel: [com.android.phone,7,NULL,0,0,64]
03-11 09:53:54.379   807   807 I notification_cancel: [com.android.phone,7,NULL,0,0,64]
03-11 09:53:54.379   807   807 I notification_cancel: [com.android.phone,7,NULL,0,0,64]
03-11 09:53:54.379   807   807 I notification_cancel: [com.android.phone,7,NULL,0,0,64]
03-11 09:53:54.379   807   807 I notification_cancel: [com.android.phone,7,NULL,0,0,64]
03-11 09:53:54.379   807   807 I notification_cancel: [com.android.phone,7,NULL,0,0,64]
03-11 09:53:54.389   807   818 I am_proc_start: [0,1649,10035,com.android.exchange,content provider,com.android.exchange/.provider.ExchangeDirectoryProvider]
03-11 09:53:54.409   807   820 I am_proc_bound: [0,1649,com.android.exchange]
03-11 09:53:54.469   807   819 I am_proc_start: [0,1665,10034,com.android.email,content provider,com.android.email/.provider.EmailProvider]
03-11 09:53:54.509   807  1436 I configuration_changed: 8199
03-11 09:53:54.589   807  1436 I am_relaunch_resume_activity: [0,1101585312,2,com.cyanogenmod.account/.ui.SetupWizardActivity]
03-11 09:53:54.589   807   820 I dvm_lock_sample: [system_server,1,Binder_3,81,ActivityManagerService.java,5219,-,14228,16]
03-11 09:53:54.589   807   820 I am_proc_bound: [0,1665,com.android.email]
03-11 09:53:54.619   807   836 I am_proc_start: [0,1682,10032,com.android.deskclock,broadcast,com.android.deskclock/.AlarmInitReceiver]
03-11 09:53:54.649   807  1233 I am_proc_bound: [0,1682,com.android.deskclock]
03-11 09:53:54.659   807  1193 I backup_data_changed: com.android.providers.settings
03-11 09:53:54.699   807  1193 I backup_data_changed: android
03-11 09:53:54.729   807  1193 I backup_data_changed: com.android.providers.settings
03-11 09:53:54.869  1509  1509 I am_on_paused_called: [0,com.cyanogenmod.account.ui.SetupWizardActivity]
03-11 09:53:54.959   807  1234 I am_proc_start: [0,1713,10027,com.android.calendar,broadcast,com.android.calendar/.alerts.AlertReceiver]
03-11 09:53:55.009   807  1436 I am_proc_bound: [0,1713,com.android.calendar]
03-11 09:53:55.079   807  1436 I am_create_service: [0,1108709840,.AlertService,10027,1713]
03-11 09:53:55.109  1509  1509 I am_on_resume_called: [0,com.cyanogenmod.account.ui.SetupWizardActivity]
03-11 09:53:55.139   807  1234 I am_proc_start: [0,1734,10003,com.android.providers.calendar,content provider,com.android.providers.calendar/.CalendarProvider2]
03-11 09:53:55.189   807  1453 I am_proc_start: [0,1749,10043,com.cyanogenmod.lockclock,broadcast,com.cyanogenmod.lockclock/.ClockWidgetProvider]
03-11 09:53:55.189   807  1432 I am_proc_bound: [0,1734,com.android.providers.calendar]
03-11 09:53:55.199   807  1193 I backup_data_changed: com.android.providers.settings
03-11 09:53:55.199   807  1193 I backup_data_changed: com.android.providers.settings
03-11 09:53:55.239   807   820 I am_proc_bound: [0,1749,com.cyanogenmod.lockclock]
03-11 09:53:55.249   807   833 I am_activity_launch_time: [0,1101585312,com.cyanogenmod.account/.ui.SetupWizardActivity,1794,1999]
03-11 09:53:55.259   807  1678 I am_destroy_service: [0,1108824584,1485]
03-11 09:53:55.279   807   818 I am_destroy_activity: [0,1102784136,1,com.android.settings/.CryptKeeper,finish-idle]
03-11 09:53:55.309   807   818 I boot_progress_enable_screen: 55061
03-11 09:53:55.319   807   818 I wm_task_removed: [1,removeTask]
03-11 09:53:55.319   807   818 I wm_task_removed: [1,removeAppToken: last token]
03-11 09:53:55.459   807  1436 I am_create_service: [0,1108643784,.ClockWidgetService,10043,1749]
03-11 09:53:55.469   807  1432 I am_destroy_service: [0,1108643784,1749]
03-11 09:53:55.479   807  1453 I dvm_lock_sample: [system_server,1,Binder_8,40,WindowManagerService.java,2483,WindowAnimator.java,96,8]
03-11 09:53:55.479   182   182 I sf_frame_dur: [BootAnimation,384,1506,12,1,0,0,0]
03-11 09:53:55.759   807  1233 I am_create_service: [0,1108262248,.EmptyService,10003,1734]
03-11 09:53:55.769   807   807 I notification_cancel: [com.android.calendar,0,NULL,0,0,64]
03-11 09:53:55.769   807   807 I notification_cancel: [com.android.calendar,1,NULL,0,0,64]
03-11 09:53:55.769   807   807 I notification_cancel: [com.android.calendar,2,NULL,0,0,64]
03-11 09:53:55.769   807   807 I notification_cancel: [com.android.calendar,3,NULL,0,0,64]
03-11 09:53:55.769   807   807 I notification_cancel: [com.android.calendar,4,NULL,0,0,64]
03-11 09:53:55.769   807   807 I notification_cancel: [com.android.calendar,5,NULL,0,0,64]
03-11 09:53:55.769   807   807 I notification_cancel: [com.android.calendar,6,NULL,0,0,64]
03-11 09:53:55.769   807   807 I notification_cancel: [com.android.calendar,7,NULL,0,0,64]
03-11 09:53:55.769   807   807 I notification_cancel: [com.android.calendar,8,NULL,0,0,64]
03-11 09:53:55.769   807   807 I notification_cancel: [com.android.calendar,9,NULL,0,0,64]
03-11 09:53:55.769   807   807 I notification_cancel: [com.android.calendar,10,NULL,0,0,64]
03-11 09:53:55.769   807   807 I notification_cancel: [com.android.calendar,11,NULL,0,0,64]
03-11 09:53:55.779   807   807 I notification_cancel: [com.android.calendar,12,NULL,0,0,64]
03-11 09:53:55.779   807   807 I notification_cancel: [com.android.calendar,13,NULL,0,0,64]
03-11 09:53:55.779   807   807 I notification_cancel: [com.android.calendar,14,NULL,0,0,64]
03-11 09:53:55.779   807   807 I notification_cancel: [com.android.calendar,15,NULL,0,0,64]
03-11 09:53:55.779   807   807 I notification_cancel: [com.android.calendar,16,NULL,0,0,64]
03-11 09:53:55.779   807   807 I notification_cancel: [com.android.calendar,17,NULL,0,0,64]
03-11 09:53:55.779   807   807 I notification_cancel: [com.android.calendar,18,NULL,0,0,64]
03-11 09:53:55.779   807   807 I notification_cancel: [com.android.calendar,19,NULL,0,0,64]
03-11 09:53:55.779   807   807 I notification_cancel: [com.android.calendar,20,NULL,0,0,64]
03-11 09:53:55.939   807   819 I am_destroy_service: [0,1108709840,1713]
03-11 09:53:56.659   807  1453 I am_create_service: [0,1103250352,.StkAppService,1001,1374]
03-11 09:53:56.659   807   807 I notification_cancel: [com.android.phone,5,NULL,0,0,64]
03-11 09:53:56.729   807   819 I am_create_service: [0,1102851688,.ClockWidgetService,10043,1749]
03-11 09:53:56.729   807  1453 I am_destroy_service: [0,1102851688,1749]
03-11 09:53:56.739   807   818 I am_create_service: [0,1103035624,.ClockWidgetService,10043,1749]
03-11 09:53:56.739   807   820 I am_destroy_service: [0,1103035624,1749]
03-11 09:53:56.759   807   819 I am_destroy_service: [0,1108262248,1734]
03-11 09:53:56.809   807  1234 I am_proc_start: [0,1821,10006,com.android.dialer,broadcast,com.android.dialer/.calllog.CallLogReceiver]
03-11 09:53:56.829   807  1233 I am_proc_bound: [0,1821,com.android.dialer]
03-11 09:53:56.859   807  1678 I am_create_service: [0,1103061664,.CallLogNotificationsService,10006,1821]
03-11 09:53:56.959   807   841 I am_proc_start: [0,1845,1002,com.android.bluetooth,service,com.android.bluetooth/.btservice.AdapterService]
03-11 09:53:56.989   807   820 I am_proc_bound: [0,1845,com.android.bluetooth]
03-11 09:53:56.989   807   820 I am_create_service: [0,1103457376,.AdapterService,1002,1845]
03-11 09:53:56.999   807   820 I am_create_service: [0,1108978240,.HeadsetService,10031,1382]
03-11 09:53:57.049   807  1432 I am_proc_start: [0,1861,10002,com.cyanogenmod.updater,broadcast,com.cyanogenmod.updater/.receiver.UpdateCheckReceiver]
03-11 09:53:57.079   807   807 I notification_cancel: [com.android.dialer,1,DefaultVoicemailNotifier,0,0,64]
03-11 09:53:57.119   807  1678 I am_destroy_service: [0,1103061664,1821]
03-11 09:53:57.119   807  1453 I am_proc_bound: [0,1861,com.cyanogenmod.updater]
03-11 09:53:57.189   807   988 I am_create_service: [0,1108126448,.UpdateCheckService,10002,1861]
03-11 09:53:57.209   807   820 I am_create_service: [0,1108800128,.HeadsetService,1002,1845]
03-11 09:53:57.219   807  1453 I am_create_service: [0,1102928760,.A2dpService,1002,1845]
03-11 09:53:57.219   807   819 I am_create_service: [0,1108820096,.HidService,1002,1845]
03-11 09:53:57.219   807   818 I am_create_service: [0,1102793672,.HealthService,1002,1845]
03-11 09:53:57.219   807  1193 I backup_data_changed: com.android.providers.settings
03-11 09:53:57.229   807  1432 I am_create_service: [0,1108175800,.PanService,1002,1845]
03-11 09:53:57.229   807   820 I am_create_service: [0,1108698368,.GattService,1002,1845]
03-11 09:53:57.229   807  1436 I am_create_service: [0,1108624504,.BluetoothMapService,1002,1845]
03-11 09:53:57.289   807  1678 I am_create_service: [0,1108474592,.DownloadService,10007,1485]
03-11 09:53:57.289   807  1233 I am_destroy_service: [0,1108126448,1861]
03-11 09:53:57.339   807   819 I notification_cancel_all: [com.android.providers.downloads,0,0,64]
03-11 09:53:57.339   807  1233 I am_create_service: [0,1104147424,.MediaScannerService,10007,1485]
03-11 09:53:57.399   807  1234 I am_proc_start: [0,1919,10010,com.android.mms,broadcast,com.android.mms/.transaction.MmsSystemEventReceiver]
03-11 09:53:57.399   807   820 I am_destroy_service: [0,1108474592,1485]
03-11 09:53:57.439   807   818 I am_proc_bound: [0,1919,com.android.mms]
03-11 09:53:57.699   807  1678 I am_create_service: [0,1104208296,.TransactionService,10010,1919]
03-11 09:53:57.729   807  1678 I am_create_service: [0,1104203320,.SmsReceiverService,10010,1919]
03-11 09:53:57.729   807   807 I notification_cancel: [com.android.mms,123,NULL,0,0,64]
03-11 09:53:57.859   807   807 I notification_cancel: [com.android.mms,123,NULL,0,0,64]
03-11 09:53:57.869   807   818 I am_destroy_service: [0,1104203320,1919]
03-11 09:53:57.889   807   818 I am_proc_start: [0,1961,10011,com.android.onetimeinitializer,broadcast,com.android.onetimeinitializer/.OneTimeInitializerReceiver]
03-11 09:53:57.909   807  1678 I am_proc_bound: [0,1961,com.android.onetimeinitializer]
03-11 09:53:57.969   807  1453 I am_create_service: [0,1104189544,.OneTimeInitializerService,10011,1961]
03-11 09:53:57.989   807   819 I am_destroy_service: [0,1104189544,1961]
03-11 09:53:58.099   807  1436 I am_proc_start: [0,1982,10017,com.android.voicedialer,broadcast,com.android.voicedialer/.VoiceDialerReceiver]
03-11 09:53:58.139   807  1193 I backup_data_changed: com.android.providers.settings
03-11 09:53:58.159   807  1193 I backup_data_changed: com.android.providers.settings
03-11 09:53:58.179   807   819 I am_proc_bound: [0,1982,com.android.voicedialer]
03-11 09:53:58.269   807  1678 I am_proc_start: [0,1997,2000,org.cyanogenmod.bugreport,broadcast,org.cyanogenmod.bugreport/.PackageChangeReceiver]
03-11 09:53:58.279   807  1233 I am_proc_bound: [0,1997,org.cyanogenmod.bugreport]
03-11 09:53:58.319   807   820 I am_create_service: [0,1103588520,.AlertService,10027,1713]
03-11 09:53:58.349   807  1453 I am_create_service: [0,1103167128,.InitAlarmsService,10027,1713]
03-11 09:53:58.399   807  1453 I am_destroy_service: [0,1103588520,1713]
03-11 09:53:58.569   807  1233 I am_destroy_service: [0,1109009384,1477]
03-11 09:53:58.839   807  1193 I backup_data_changed: com.android.providers.settings
03-11 09:53:59.159   807  1453 I configuration_changed: 40964
03-11 09:53:59.179   807  1193 I backup_data_changed: com.android.providers.settings
03-11 09:53:59.219   807  1193 I backup_data_changed: com.android.providers.settings
03-11 09:53:59.289   807  1453 I am_relaunch_resume_activity: [0,1101585312,2,com.cyanogenmod.account/.ui.SetupWizardActivity]
03-11 09:53:59.299   807   836 I dvm_lock_sample: [system_server,1,ActivityManager,88,BroadcastQueue.java,539,ActivityManagerService.java,14228,17]
03-11 09:53:59.399  1509  1509 I am_on_paused_called: [0,com.cyanogenmod.account.ui.SetupWizardActivity]
03-11 09:53:59.429   807  1453 I am_create_service: [0,1104740280,.AlertService,10027,1713]
03-11 09:53:59.559   807  1193 I backup_data_changed: android
03-11 09:53:59.649   182   182 I sf_frame_dur: [com.cyanogenmod.account/com.cyanogenmod.account.ui.SetupWizardActivity,102,13,2,1,1,2,0]
03-11 09:53:59.689   807   833 I dvm_lock_sample: [system_server,1,WindowManager,12,WindowManagerService.java,7276,-,2483,2]
03-11 09:53:59.699   807  1432 I am_create_service: [0,1102368664,.ClockWidgetService,10043,1749]
03-11 09:53:59.719   807   820 I am_destroy_service: [0,1102368664,1749]
03-11 09:53:59.739   807   807 I notification_cancel: [com.android.calendar,0,NULL,0,0,64]
03-11 09:53:59.739   807   807 I notification_cancel: [com.android.calendar,1,NULL,0,0,64]
03-11 09:53:59.749   807   807 I notification_cancel: [com.android.calendar,2,NULL,0,0,64]
03-11 09:53:59.749   807   807 I notification_cancel: [com.android.calendar,3,NULL,0,0,64]
03-11 09:53:59.749   807   807 I notification_cancel: [com.android.calendar,4,NULL,0,0,64]
03-11 09:53:59.749   807   807 I notification_cancel: [com.android.calendar,5,NULL,0,0,64]
03-11 09:53:59.749   807   807 I notification_cancel: [com.android.calendar,6,NULL,0,0,64]
03-11 09:53:59.749   807   807 I notification_cancel: [com.android.calendar,7,NULL,0,0,64]
03-11 09:53:59.749   807   807 I notification_cancel: [com.android.calendar,8,NULL,0,0,64]
03-11 09:53:59.759   807   807 I notification_cancel: [com.android.calendar,9,NULL,0,0,64]
03-11 09:53:59.759   807   807 I notification_cancel: [com.android.calendar,10,NULL,0,0,64]
03-11 09:53:59.759   807   807 I notification_cancel: [com.android.calendar,11,NULL,0,0,64]
03-11 09:53:59.759   807   807 I notification_cancel: [com.android.calendar,12,NULL,0,0,64]
03-11 09:53:59.759   807   807 I notification_cancel: [com.android.calendar,13,NULL,0,0,64]
03-11 09:53:59.759   807   807 I notification_cancel: [com.android.calendar,14,NULL,0,0,64]
03-11 09:53:59.759   807   807 I notification_cancel: [com.android.calendar,15,NULL,0,0,64]
03-11 09:53:59.759   807   807 I notification_cancel: [com.android.calendar,16,NULL,0,0,64]
03-11 09:53:59.759   807   807 I notification_cancel: [com.android.calendar,17,NULL,0,0,64]
03-11 09:53:59.759   807   807 I notification_cancel: [com.android.calendar,18,NULL,0,0,64]
03-11 09:53:59.759   807   807 I notification_cancel: [com.android.calendar,19,NULL,0,0,64]
03-11 09:53:59.759   807   807 I notification_cancel: [com.android.calendar,20,NULL,0,0,64]
03-11 09:53:59.799   807  1453 I am_destroy_service: [0,1104740280,1713]
03-11 09:53:59.849  1509  1509 I am_on_resume_called: [0,com.cyanogenmod.account.ui.SetupWizardActivity]
03-11 09:54:00.289   807  1432 I am_destroy_service: [0,1108800128,1845]
03-11 09:54:00.289   807  1453 I am_destroy_service: [0,1102928760,1845]
03-11 09:54:00.299   807  1233 I am_destroy_service: [0,1108820096,1845]
03-11 09:54:00.299   807  1436 I am_destroy_service: [0,1102793672,1845]
03-11 09:54:00.299   807  1432 I am_destroy_service: [0,1108175800,1845]
03-11 09:54:00.299   807   819 I am_destroy_service: [0,1108698368,1845]
03-11 09:54:00.299   807  1233 I am_destroy_service: [0,1108624504,1845]
03-11 09:54:00.599   807  1193 I backup_data_changed: com.android.providers.settings
03-11 09:54:00.599   807   841 I am_destroy_service: [0,1103457376,1845]
03-11 09:54:00.629   807  1193 I backup_data_changed: com.android.providers.settings
03-11 09:54:00.689  1374  1374 I gsm_service_state_change: [1,1,0,1]
03-11 09:54:00.689  1374  1374 I gsm_rat_switched_new: [-1,0,14]
03-11 09:54:00.739  1374  1374 I gsm_service_state_change: [0,1,0,0]
03-11 09:54:00.899   807  1187 I connectivity_state_changed: [0,13,2]
03-11 09:54:01.029   807  1187 I connectivity_state_changed: [0,13,8]
03-11 09:54:01.029   807   807 I notification_cancel: [com.android.phone,7,NULL,0,0,64]
03-11 09:54:01.049   807   807 I notification_cancel: [com.android.phone,7,NULL,0,0,64]
03-11 09:54:01.049   807   807 I notification_cancel: [com.android.phone,7,NULL,0,0,64]
03-11 09:54:01.049   807   807 I notification_cancel: [com.android.phone,7,NULL,0,0,64]
03-11 09:54:01.059   807   807 I notification_cancel: [com.android.phone,7,NULL,0,0,64]
03-11 09:54:01.059   807   807 I notification_cancel: [com.android.phone,7,NULL,0,0,64]
03-11 09:54:01.059   807   807 I notification_cancel: [com.android.phone,7,NULL,0,0,64]
03-11 09:54:01.059   807   807 I notification_cancel: [com.android.phone,7,NULL,0,0,64]
03-11 09:54:01.059   807   807 I notification_cancel: [com.android.phone,7,NULL,0,0,64]
03-11 09:54:01.059   807   807 I notification_cancel: [com.android.phone,7,NULL,0,0,64]
03-11 09:54:01.059   807   807 I notification_cancel: [com.android.phone,7,NULL,0,0,64]
03-11 09:54:01.059   807   807 I notification_cancel: [com.android.phone,7,NULL,0,0,64]
03-11 09:54:01.059   807   807 I notification_cancel: [com.android.phone,7,NULL,0,0,64]
03-11 09:54:01.059   807   807 I notification_cancel: [com.android.phone,7,NULL,0,0,64]
03-11 09:54:01.059   807   807 I notification_cancel: [com.android.phone,7,NULL,0,0,64]
03-11 09:54:01.059   807   807 I notification_cancel: [com.android.phone,7,NULL,0,0,64]
03-11 09:54:01.069   807   807 I notification_cancel: [com.android.phone,7,NULL,0,0,64]
03-11 09:54:01.069   807   807 I notification_cancel: [com.android.phone,7,NULL,0,0,64]
03-11 09:54:01.069   807   807 I notification_cancel: [com.android.phone,7,NULL,0,0,64]
03-11 09:54:01.069   807   807 I notification_cancel: [com.android.phone,7,NULL,0,0,64]
03-11 09:54:01.069   807   807 I notification_cancel: [com.android.phone,7,NULL,0,0,64]
03-11 09:54:01.079   807   807 I notification_cancel: [com.android.phone,7,NULL,0,0,64]
03-11 09:54:01.079   807   807 I notification_cancel: [com.android.phone,7,NULL,0,0,64]
03-11 09:54:01.079   807   807 I notification_cancel: [com.android.phone,7,NULL,0,0,64]
03-11 09:54:01.079   807   807 I notification_cancel: [com.android.phone,7,NULL,0,0,64]
03-11 09:54:01.079   807   807 I notification_cancel: [com.android.phone,7,NULL,0,0,64]
03-11 09:54:01.079   807   807 I notification_cancel: [com.android.phone,7,NULL,0,0,64]
03-11 09:54:01.079   807   807 I notification_cancel: [com.android.phone,7,NULL,0,0,64]
03-11 09:54:01.079   807   807 I notification_cancel: [com.android.phone,7,NULL,0,0,64]
03-11 09:54:01.079   807   807 I notification_cancel: [com.android.phone,7,NULL,0,0,64]
03-11 09:54:01.079   807   807 I notification_cancel: [com.android.phone,7,NULL,0,0,64]
03-11 09:54:01.079   807   807 I notification_cancel: [com.android.phone,7,NULL,0,0,64]
03-11 09:54:01.079   807   807 I notification_cancel: [com.android.phone,7,NULL,0,0,64]
03-11 09:54:01.079   807   807 I notification_cancel: [com.android.phone,7,NULL,0,0,64]
03-11 09:54:01.079   807   807 I notification_cancel: [com.android.phone,7,NULL,0,0,64]
03-11 09:54:01.079   807   807 I notification_cancel: [com.android.phone,7,NULL,0,0,64]
03-11 09:54:01.079   807   807 I notification_cancel: [com.android.phone,7,NULL,0,0,64]
03-11 09:54:01.089   807  1182 I netstats_mobile_sample: [0,0,0,0,0,0,0,0,0,0,0,0,-1]
03-11 09:54:01.089   807  1182 I netstats_wifi_sample: [0,0,0,0,0,0,0,0,0,0,0,0,-1]
03-11 09:54:01.089   807   807 I notification_cancel: [com.android.phone,7,NULL,0,0,64]
03-11 09:54:01.089   807   807 I notification_cancel: [com.android.phone,7,NULL,0,0,64]
03-11 09:54:01.089   807   807 I notification_cancel: [com.android.phone,7,NULL,0,0,64]
03-11 09:54:01.089   807   807 I notification_cancel: [com.android.phone,7,NULL,0,0,64]
03-11 09:54:01.089   807   807 I notification_cancel: [com.android.phone,7,NULL,0,0,64]
03-11 09:54:01.089   807   807 I notification_cancel: [com.android.phone,7,NULL,0,0,64]
03-11 09:54:01.089  1374  1374 I gsm_service_state_change: [0,0,0,1]
03-11 09:54:01.109   807   807 I notification_cancel: [com.android.phone,7,NULL,0,0,64]
03-11 09:54:01.119   807  1233 I wm_stack_created: [1,0,6,100]
03-11 09:54:01.119   807  1233 I am_create_task: [0,3]
03-11 09:54:01.119   807  1233 I am_create_activity: [0,1105128824,3,com.android.stk/.StkDialogActivity,NULL,NULL,NULL,1954840576]
03-11 09:54:01.119   807  1233 I wm_task_created: [3,1]
03-11 09:54:01.119   807  1233 I wm_task_moved: [3,1,1]
03-11 09:54:01.119   807  1233 I wm_home_stack_moved: 0
03-11 09:54:01.249   807  1233 I am_pause_activity: [0,1101585312,com.cyanogenmod.account/.ui.SetupWizardActivity]
03-11 09:54:01.259  1509  1509 I am_on_paused_called: [0,com.cyanogenmod.account.ui.SetupWizardActivity]
03-11 09:54:01.269   807  1436 I am_restart_activity: [0,1105128824,3,com.android.stk/.StkDialogActivity]
03-11 09:54:01.399  1374  1374 I am_on_resume_called: [0,com.android.stk.StkDialogActivity]
03-11 09:54:01.419   807   807 I notification_cancel: [com.android.phone,7,NULL,0,0,64]
03-11 09:54:01.419   807   807 I notification_cancel: [com.android.phone,7,NULL,0,0,64]
03-11 09:54:01.419   807   807 I notification_cancel: [com.android.phone,7,NULL,0,0,64]
03-11 09:54:01.419   807   807 I notification_cancel: [com.android.phone,7,NULL,0,0,64]
03-11 09:54:01.419   807   807 I notification_cancel: [com.android.phone,7,NULL,0,0,64]
03-11 09:54:01.419   807   807 I notification_cancel: [com.android.phone,7,NULL,0,0,64]
03-11 09:54:01.519   807   807 I notification_cancel: [com.android.phone,7,NULL,0,0,64]
03-11 09:54:01.519   807   807 I notification_cancel: [com.android.phone,7,NULL,0,0,64]
03-11 09:54:01.519   807   807 I notification_cancel: [com.android.phone,7,NULL,0,0,64]
03-11 09:54:01.519   807   807 I notification_cancel: [com.android.phone,7,NULL,0,0,64]
03-11 09:54:01.519   807   807 I notification_cancel: [com.android.phone,7,NULL,0,0,64]
03-11 09:54:01.599   807   833 I am_activity_launch_time: [0,1105128824,com.android.stk/.StkDialogActivity,330,330]
03-11 09:54:01.639  1374  1374 I gsm_service_state_change: [0,1,0,0]
03-11 09:54:01.679   807  1187 I connectivity_state_changed: [0,13,2]
03-11 09:54:01.709   807   807 I notification_cancel: [com.android.phone,7,NULL,0,0,64]
03-11 09:54:01.709   807   807 I notification_cancel: [com.android.phone,7,NULL,0,0,64]
03-11 09:54:01.709   807   807 I notification_cancel: [com.android.phone,7,NULL,0,0,64]
03-11 09:54:01.709   807   807 I notification_cancel: [com.android.phone,7,NULL,0,0,64]
03-11 09:54:01.709   807   807 I notification_cancel: [com.android.phone,7,NULL,0,0,64]
03-11 09:54:01.709   807   807 I notification_cancel: [com.android.phone,7,NULL,0,0,64]
03-11 09:54:01.709   807   807 I notification_cancel: [com.android.phone,7,NULL,0,0,64]
03-11 09:54:01.709   807   807 I notification_cancel: [com.android.phone,7,NULL,0,0,64]
03-11 09:54:01.709   807   807 I notification_cancel: [com.android.phone,7,NULL,0,0,64]
03-11 09:54:01.709   807   807 I notification_cancel: [com.android.phone,7,NULL,0,0,64]
03-11 09:54:01.709   807   807 I notification_cancel: [com.android.phone,7,NULL,0,0,64]
03-11 09:54:01.709   807   807 I notification_cancel: [com.android.phone,7,NULL,0,0,64]
03-11 09:54:01.709   807   807 I notification_cancel: [com.android.phone,7,NULL,0,0,64]
03-11 09:54:01.709   807   807 I notification_cancel: [com.android.phone,7,NULL,0,0,64]
03-11 09:54:01.709   807   807 I notification_cancel: [com.android.phone,7,NULL,0,0,64]
03-11 09:54:01.709   807   807 I notification_cancel: [com.android.phone,7,NULL,0,0,64]
03-11 09:54:01.709   807   807 I notification_cancel: [com.android.phone,7,NULL,0,0,64]
03-11 09:54:01.759   807  1187 I connectivity_state_changed: [0,13,5]
03-11 09:54:01.819   807   807 I notification_cancel: [com.android.phone,7,NULL,0,0,64]
03-11 09:54:01.849   807  1182 I netstats_mobile_sample: [0,0,0,0,0,0,0,0,0,0,0,0,-1]
03-11 09:54:01.849   807  1182 I netstats_wifi_sample: [0,0,0,0,0,0,0,0,0,0,0,0,-1]
03-11 09:54:02.719   807  1233 I am_destroy_service: [0,1103276328,1509]
03-11 09:54:03.529   807   837 I dvm_lock_sample: [system_server,0,android.bg,47,UserManagerService.java,289,PackageManagerService.java,11120,9]
03-11 09:54:03.619   807   837 I dvm_lock_sample: [system_server,0,android.bg,5,UserManagerService.java,289,PackageManagerService.java,11120,1]
03-11 09:54:03.979   807  1436 I am_finish_activity: [0,1105128824,3,com.android.stk/.StkDialogActivity,app-request]
03-11 09:54:03.979   807  1436 I wm_home_stack_moved: 1
03-11 09:54:03.979   807  1436 I wm_task_moved: [2,1,1]
03-11 09:54:03.979   807  1436 I wm_home_stack_moved: 1
03-11 09:54:04.049   807  1436 I am_pause_activity: [0,1105128824,com.android.stk/.StkDialogActivity]
11-14 19:06:38.885   807   988 I am_create_service: [0,1108752536,.UpdateCheckService,10002,1861]
11-14 19:06:38.895  1374  1960 I force_gc: Binder
11-14 19:06:38.965   807   837 I dvm_lock_sample: [system_server,0,android.bg,9,ActivityManagerService.java,8130,BroadcastQueue.java,539,1]
11-14 19:06:38.965   807  1678 I am_destroy_service: [0,1108752536,1861]
11-14 19:06:38.975   807  1453 I am_create_service: [0,1108656064,.ClockWidgetService,10043,1749]
11-14 19:06:38.995   807  1234 I am_proc_start: [0,2154,10056,com.qualcomm.timeservice,broadcast,com.qualcomm.timeservice/.TimeServiceBroadcastReceiver]
11-14 19:06:38.995   807   820 I am_destroy_service: [0,1108656064,1749]
11-14 19:06:39.015   807  1453 I am_proc_bound: [0,2154,com.qualcomm.timeservice]
11-14 19:06:39.025  1374  1374 I am_on_paused_called: [0,com.android.stk.StkDialogActivity]
11-14 19:06:39.025   807   819 I am_resume_activity: [0,1101585312,2,com.cyanogenmod.account/.ui.SetupWizardActivity]
11-14 19:06:39.035   807   836 I am_destroy_activity: [0,1105128824,3,com.android.stk/.StkDialogActivity,finish-imm]
11-14 19:06:39.045   807  1233 I wm_task_removed: [3,removeTask]
11-14 19:06:39.045   807  1233 I wm_stack_removed: 1
11-14 19:06:39.045   807  1233 I wm_task_removed: [3,removeAppToken: last token]
11-14 19:06:39.065  1509  1509 I am_on_resume_called: [0,com.cyanogenmod.account.ui.SetupWizardActivity]
11-14 19:06:39.195   182   182 I sf_frame_dur: [Volume control,1,1,0,2,3,0,0]
11-14 19:06:39.295   182   182 I sf_frame_dur: [com.android.stk/com.android.stk.StkDialogActivity,15,1,0,1,0,1,0]
11-14 19:06:42.335   807   818 I am_destroy_service: [0,1104147424,1485]
11-14 19:06:42.345   807   818 I am_proc_start: [0,2185,10028,com.android.camera2,broadcast,com.android.camera2/com.android.camera.DisableCameraReceiver]
11-14 19:06:42.365   807   819 I am_proc_bound: [0,2185,com.android.camera2]
11-14 19:06:42.415   807  1234 I dvm_lock_sample: [system_server,1,Binder_5,11,UserManagerService.java,289,PackageManagerService.java,11338,2]
11-14 19:06:42.425   807  1678 I am_proc_start: [0,2202,10029,com.android.cellbroadcastreceiver,broadcast,com.android.cellbroadcastreceiver/.CellBroadcastReceiver]
11-14 19:06:42.425   807  1678 I am_kill : [0,1649,com.android.exchange,15,empty #17]
11-14 19:06:42.435   807   819 I am_proc_died: [0,1649,com.android.exchange]
11-14 19:06:42.435   807  1453 I notification_enqueue: [com.cyanogenmod.updater,2131099677,NULL,0,Notification(pri=0 contentView=com.cyanogenmod.updater/0x1090065 vibrate=null sound=null defaults=0x0 flags=0x10 kind=[null] 1 action)]
11-14 19:06:42.445   807  1432 I am_proc_bound: [0,2202,com.android.cellbroadcastreceiver]
11-14 19:06:42.485   807  1233 I am_create_service: [0,1105249904,.CellBroadcastConfigService,10029,2202]
11-14 19:06:43.724   807  1678 I am_destroy_service: [0,1105249904,2202]
11-14 19:06:43.724   807   818 I am_create_service: [0,1105211880,.EmailBroadcastProcessorService,10034,1665]
11-14 19:06:43.794   807   818 I am_destroy_service: [0,1105211880,1665]
11-14 19:06:43.804   807   818 I am_proc_start: [0,2233,10035,com.android.exchange,service,com.android.exchange/.service.EmailSyncAdapterService]
11-14 19:06:43.804   807  1234 I am_kill : [0,1821,com.android.dialer,15,empty #17]
11-14 19:06:43.804   807   819 I am_proc_died: [0,1821,com.android.dialer]
11-14 19:06:43.834   807  1234 I am_proc_bound: [0,2233,com.android.exchange]
11-14 19:06:43.834   807  1234 I am_create_service: [0,1103314104,.EmailSyncAdapterService,10035,2233]
11-14 19:06:43.884   807  1233 I am_destroy_service: [0,1103314104,2233]
11-14 19:06:43.894   807  1233 I am_proc_start: [0,2247,10037,com.android.gallery3d,broadcast,com.android.gallery3d/com.android.camera.DisableCameraReceiver]
11-14 19:06:43.894   807   818 I am_kill : [0,1485,android.process.media,15,empty #17]
11-14 19:06:43.904   807   819 I am_proc_died: [0,1485,android.process.media]
11-14 19:06:43.914   807  1453 I am_proc_bound: [0,2247,com.android.gallery3d]
11-14 19:06:44.014   807   819 I am_kill : [0,1961,com.android.onetimeinitializer,15,empty #17]
11-14 19:06:44.034   807   818 I am_proc_died: [0,1961,com.android.onetimeinitializer]
11-14 19:06:44.044   807   988 I am_create_service: [0,1112406696,.WeatherUpdateService,10043,1749]
11-14 19:06:44.094   807   818 I am_proc_start: [0,2270,1000,com.lge.SprintHiddenMenu,broadcast,com.lge.SprintHiddenMenu/.sprintspec.data.UaproflieSettingReceiver]
11-14 19:06:44.114   807  1436 I am_destroy_service: [0,1112406696,1749]
11-14 19:06:44.114   807  1678 I am_proc_bound: [0,2270,com.lge.SprintHiddenMenu]
11-14 19:06:44.144   807  1436 I am_kill : [0,1437,com.android.settings,15,empty #17]
11-14 19:06:44.154   807  1233 I am_proc_start: [0,2283,10061,org.cyanogenmod.voiceplus,broadcast,org.cyanogenmod.voiceplus/.PackageChangeReceiver]
11-14 19:06:44.154   807  1453 I am_proc_died: [0,1437,com.android.settings]
11-14 19:06:44.174   807  1432 I am_proc_bound: [0,2283,org.cyanogenmod.voiceplus]
11-14 19:06:44.184   807  1187 I connectivity_state_changed: [3,13,2]
11-14 19:06:44.204   807  1187 I connectivity_state_changed: [3,13,5]
11-14 19:06:44.214   807   807 I notification_cancel: [com.android.phone,7,NULL,0,0,64]
11-14 19:06:44.214   807   807 I notification_cancel: [com.android.phone,7,NULL,0,0,64]
11-14 19:06:44.214   807   807 I notification_cancel: [com.android.phone,7,NULL,0,0,64]
11-14 19:06:44.214   807   807 I notification_cancel: [com.android.phone,7,NULL,0,0,64]
11-14 19:06:44.214   807   807 I notification_cancel: [com.android.phone,7,NULL,0,0,64]
11-14 19:06:44.214   807   807 I notification_cancel: [com.android.phone,7,NULL,0,0,64]
11-14 19:06:44.214   807   807 I notification_cancel: [com.android.phone,7,NULL,0,0,64]
11-14 19:06:44.214   807   807 I notification_cancel: [com.android.phone,7,NULL,0,0,64]
11-14 19:06:44.214   807   807 I notification_cancel: [com.android.phone,7,NULL,0,0,64]
11-14 19:06:44.224   807  1234 I am_kill : [0,2283,org.cyanogenmod.voiceplus,0,stop org.cyanogenmod.voiceplus]
11-14 19:06:44.224   807  1234 I am_broadcast_discard_app: [0,1103372368,android.intent.action.BOOT_COMPLETED,47,ResolveInfo{42061a90 org.cyanogenmod.voiceplus/.PackageChangeReceiver m=0x108000}]
11-14 19:06:44.264   807   836 I am_proc_start: [0,2299,10063,org.whispersystems.whisperpush,broadcast,org.whispersystems.whisperpush/.service.DirectoryRefreshListener]
11-14 19:06:44.304   807  1678 I am_proc_bound: [0,2299,org.whispersystems.whisperpush]
11-14 19:06:44.314   807  1182 I netstats_mobile_sample: [66587,62,5200,68,66587,62,4643,68,66587,62,4711,69,1447499204333]
11-14 19:06:44.314   807  1182 I netstats_wifi_sample: [0,0,0,0,0,0,0,0,0,0,0,0,1447499204333]
11-14 19:06:44.384   807  1436 I am_proc_start: [0,2334,1001,com.qualcomm.qcrilmsgtunnel,broadcast,com.qualcomm.qcrilmsgtunnel/.QcrilMsgTunnelAutoboot]
11-14 19:06:44.384   807  1436 I am_kill : [0,1982,com.android.voicedialer,15,empty #17]
11-14 19:06:44.384   807  1234 I am_proc_died: [0,1982,com.android.voicedialer]
11-14 19:06:44.394   807  1436 I am_proc_bound: [0,2334,com.qualcomm.qcrilmsgtunnel]
11-14 19:06:44.414   807  1233 I am_create_service: [0,1106768232,.QcrilMsgTunnelService,1001,2334]
11-14 19:06:47.534   807  1432 I am_create_service: [0,1103691904,.ClockWidgetService,10043,1749]
11-14 19:06:47.534   807   818 I am_destroy_service: [0,1103691904,1749]
11-14 19:06:47.534   807  1234 I am_create_service: [0,1106878768,.AlertService,10027,1713]
11-14 19:06:48.174   807  1432 I am_create_service: [0,1105021424,.ClockWidgetService,10043,1749]
11-14 19:06:48.174   807  1453 I am_destroy_service: [0,1105021424,1749]
11-14 19:06:48.184   807  1436 I am_create_service: [0,1105025432,.ClockWidgetService,10043,1749]
11-14 19:06:48.184   807   820 I am_destroy_service: [0,1105025432,1749]
11-14 19:06:48.184   807  1234 I am_create_service: [0,1105029104,.SmsReceiverService,10010,1919]
11-14 19:06:48.204   807   820 I am_destroy_service: [0,1105029104,1919]
11-14 19:06:48.214   807  1436 I am_create_service: [0,1105036568,.ClockWidgetService,10043,1749]
11-14 19:06:48.214   807   820 I am_destroy_service: [0,1105036568,1749]
11-14 19:06:48.364   807  1182 I netstats_mobile_sample: [66587,62,5256,69,66587,62,4691,69,66587,62,4759,70,1447499208375]
11-14 19:06:48.364   807  1182 I netstats_wifi_sample: [0,0,0,0,0,0,0,0,0,0,0,0,1447499208375]
11-14 19:06:48.364   807  1432 I am_create_service: [0,1105449048,.CalendarProviderIntentService,10003,1734]
11-14 19:06:48.384   807  1453 I am_destroy_service: [0,1105449048,1734]
11-14 19:06:48.394   807  1678 I am_proc_start: [0,2432,10016,com.cyanogenmod.trebuchet,broadcast,com.cyanogenmod.trebuchet/com.android.launcher3.PackageChangedReceiver]
11-14 19:06:48.414   807   820 I am_proc_bound: [0,2432,com.cyanogenmod.trebuchet]
11-14 19:06:48.534   807   818 I am_proc_start: [0,2449,10017,com.android.voicedialer,broadcast,com.android.voicedialer/.VoiceDialerReceiver]
11-14 19:06:48.534   807   818 I am_kill : [0,1997,org.cyanogenmod.bugreport,15,empty #17]
11-14 19:06:48.554   807  1678 I am_proc_died: [0,1997,org.cyanogenmod.bugreport]
11-14 19:06:48.554   807   819 I am_proc_bound: [0,2449,com.android.voicedialer]
11-14 19:06:48.584   807  1233 I am_proc_start: [0,2462,2000,org.cyanogenmod.bugreport,broadcast,org.cyanogenmod.bugreport/.PackageChangeReceiver]
11-14 19:06:48.584   807  1233 I am_kill : [0,1477,com.android.printspooler,15,empty #17]
11-14 19:06:48.594   807  1234 I am_proc_died: [0,1477,com.android.printspooler]
11-14 19:06:48.604   807  1233 I am_proc_bound: [0,2462,org.cyanogenmod.bugreport]
11-14 19:06:48.624   807   819 I am_create_service: [0,1104919560,.PackagesMonitor$AsyncService,10037,2247]
11-14 19:06:48.634   807  1678 I am_destroy_service: [0,1104919560,2247]
11-14 19:06:48.644   807  1678 I am_proc_start: [0,2482,10061,org.cyanogenmod.voiceplus,broadcast,org.cyanogenmod.voiceplus/.PackageChangeReceiver]
11-14 19:06:48.644   807   820 I am_kill : [0,1845,com.android.bluetooth,15,empty #17]
11-14 19:06:48.644   807  1453 I am_proc_died: [0,1845,com.android.bluetooth]
