11-14 19:26:38.374   807   836 I am_destroy_activity: [0,1103070048,84,com.android.settings/.SubSettings,finish-imm]
11-14 19:26:38.384   182   182 I sf_frame_dur: [com.android.settings/com.android.settings.SubSettings,2,0,0,0,1,0,0]
11-14 19:26:42.244   807  1678 I am_finish_activity: [0,1102272384,84,com.android.settings/.Settings,app-request]
11-14 19:26:42.244   807  1678 I wm_home_stack_moved: 1
11-14 19:26:42.244   807  1678 I wm_task_moved: [4,1,2]
11-14 19:26:42.244   807  1678 I wm_home_stack_moved: 1
11-14 19:26:42.334   807  1678 I am_pause_activity: [0,1102272384,com.android.settings/.Settings]
11-14 19:26:42.344  4309  4309 I am_on_paused_called: [0,com.android.settings.Settings]
11-14 19:26:42.344   807  1234 I am_resume_activity: [0,1103331160,4,com.cyanogenmod.trebuchet/org.cyanogenmod.trebuchet.CustomHomeLauncher]
11-14 19:26:42.354  2432  2432 I am_on_resume_called: [0,org.cyanogenmod.trebuchet.CustomHomeLauncher]
11-14 19:26:42.844   807   836 I am_destroy_activity: [0,1102272384,84,com.android.settings/.Settings,finish-imm]
11-14 19:26:42.854   182   182 I sf_frame_dur: [com.android.settings/com.android.settings.Settings,6,1,0,0,0,0,1]
11-14 19:26:43.534   807  1678 I am_create_task: [0,85]
11-14 19:26:43.534   807  1678 I am_create_activity: [0,1102254256,85,com.android.settings/.Settings,android.intent.action.MAIN,NULL,NULL,270532608]
11-14 19:26:43.534   807  1678 I wm_task_created: [85,8]
11-14 19:26:43.534   807  1678 I wm_task_moved: [85,1,3]
11-14 19:26:43.534   807  1678 I wm_home_stack_moved: 0
11-14 19:26:43.574   807  1678 I am_pause_activity: [0,1103331160,com.cyanogenmod.trebuchet/org.cyanogenmod.trebuchet.CustomHomeLauncher]
11-14 19:26:43.594  2432  2432 I am_on_paused_called: [0,org.cyanogenmod.trebuchet.CustomHomeLauncher]
11-14 19:26:43.604   807   818 I am_restart_activity: [0,1102254256,85,com.android.settings/.Settings]
11-14 19:26:43.934   182   182 I sf_frame_dur: [com.cyanogenmod.trebuchet/org.cyanogenmod.trebuchet.CustomHomeLauncher,0,0,0,0,0,0,1]
11-14 19:26:45.924   807   820 I wm_task_removed: [84,removeTask]
11-14 19:26:45.924   807   820 I wm_task_removed: [84,removeAppToken: last token]
11-14 19:26:45.974  4309  4309 I am_on_resume_called: [0,com.android.settings.Settings]
11-14 19:26:46.064   807  1233 I am_create_service: [0,1116393896,.SearchPopulator,1000,4309]
11-14 19:26:46.134   807   833 I am_activity_launch_time: [0,1102254256,com.android.settings/.Settings,2526,2526]
11-14 19:26:46.164   807   820 I am_destroy_service: [0,1116393896,4309]
11-14 19:26:46.344   182   182 I sf_frame_dur: [Starting com.android.settings,1,0,0,0,0,0,0]
11-14 19:26:51.984   807  1436 I wm_task_moved: [85,1,2]
11-14 19:26:51.984   807  1436 I wm_home_stack_moved: 0
11-14 19:26:51.984   807  1436 I am_create_activity: [0,1103070048,85,com.android.settings/.SubSettings,android.intent.action.MAIN,NULL,NULL,0]
11-14 19:26:51.984   807  1436 I am_pause_activity: [0,1102254256,com.android.settings/.Settings]
11-14 19:26:52.014  4309  4309 I am_on_paused_called: [0,com.android.settings.Settings]
11-14 19:26:52.014   807  1678 I am_restart_activity: [0,1103070048,85,com.android.settings/.SubSettings]
11-14 19:26:52.094  4309  4309 I am_on_resume_called: [0,com.android.settings.SubSettings]
11-14 19:26:52.194   807   833 I am_activity_launch_time: [0,1103070048,com.android.settings/.SubSettings,182,182]
11-14 19:26:52.534   182   182 I sf_frame_dur: [com.android.settings/com.android.settings.Settings,104,12,2,0,2,2,1]
11-14 19:26:52.794   807   820 I am_finish_activity: [0,1103070048,85,com.android.settings/.SubSettings,app-request]
11-14 19:26:52.794   807   820 I am_pause_activity: [0,1103070048,com.android.settings/.SubSettings]
11-14 19:26:52.804  4309  4309 I am_on_paused_called: [0,com.android.settings.SubSettings]
11-14 19:26:52.814   807  1453 I am_resume_activity: [0,1102254256,85,com.android.settings/.Settings]
11-14 19:26:52.824  4309  4309 I am_on_resume_called: [0,com.android.settings.Settings]
11-14 19:26:53.284   807   836 I am_destroy_activity: [0,1103070048,85,com.android.settings/.SubSettings,finish-imm]
11-14 19:26:53.304   182   182 I sf_frame_dur: [com.android.settings/com.android.settings.SubSettings,0,2,0,0,1,0,0]
11-14 19:26:56.694   807   820 I am_finish_activity: [0,1102254256,85,com.android.settings/.Settings,app-request]
11-14 19:26:56.694   807   820 I wm_home_stack_moved: 1
11-14 19:26:56.694   807   820 I wm_task_moved: [4,1,2]
11-14 19:26:56.694   807   820 I wm_home_stack_moved: 1
11-14 19:26:56.774   807   820 I am_pause_activity: [0,1102254256,com.android.settings/.Settings]
11-14 19:26:56.784  4309  4309 I am_on_paused_called: [0,com.android.settings.Settings]
11-14 19:26:56.784   807  1453 I am_resume_activity: [0,1103331160,4,com.cyanogenmod.trebuchet/org.cyanogenmod.trebuchet.CustomHomeLauncher]
11-14 19:26:56.794  2432  2432 I am_on_resume_called: [0,org.cyanogenmod.trebuchet.CustomHomeLauncher]
11-14 19:26:57.284   807   836 I am_destroy_activity: [0,1102254256,85,com.android.settings/.Settings,finish-imm]
11-14 19:26:57.294   182   182 I sf_frame_dur: [com.android.settings/com.android.settings.Settings,6,1,1,0,0,0,1]
11-14 19:26:57.974   807   820 I am_create_task: [0,86]
11-14 19:26:57.974   807   820 I am_create_activity: [0,1102272384,86,com.android.settings/.Settings,android.intent.action.MAIN,NULL,NULL,270532608]
11-14 19:26:57.974   807   820 I wm_task_created: [86,8]
11-14 19:26:57.974   807   820 I wm_task_moved: [86,1,3]
11-14 19:26:57.974   807   820 I wm_home_stack_moved: 0
11-14 19:26:58.044   807   820 I am_pause_activity: [0,1103331160,com.cyanogenmod.trebuchet/org.cyanogenmod.trebuchet.CustomHomeLauncher]
11-14 19:26:58.054  2432  2432 I am_on_paused_called: [0,org.cyanogenmod.trebuchet.CustomHomeLauncher]
11-14 19:26:58.074   807  1234 I am_restart_activity: [0,1102272384,86,com.android.settings/.Settings]
11-14 19:26:58.414   182   182 I sf_frame_dur: [com.cyanogenmod.trebuchet/org.cyanogenmod.trebuchet.CustomHomeLauncher,0,0,0,0,0,0,1]
11-14 19:27:00.554   807  1432 I wm_task_removed: [85,removeTask]
11-14 19:27:00.554   807  1432 I wm_task_removed: [85,removeAppToken: last token]
11-14 19:27:00.604  4309  4309 I am_on_resume_called: [0,com.android.settings.Settings]
11-14 19:27:00.704   807  1233 I am_create_service: [0,1108853944,.SearchPopulator,1000,4309]
11-14 19:27:00.764   807   833 I am_activity_launch_time: [0,1102272384,com.android.settings/.Settings,2694,2694]
11-14 19:27:00.814   807  1436 I am_destroy_service: [0,1108853944,4309]
11-14 19:27:00.974   182   182 I sf_frame_dur: [Starting com.android.settings,1,0,0,0,0,0,0]
11-14 19:27:06.754   807  1453 I wm_task_moved: [86,1,2]
11-14 19:27:06.754   807  1453 I wm_home_stack_moved: 0
11-14 19:27:06.754   807  1453 I am_create_activity: [0,1103070048,86,com.android.settings/.SubSettings,android.intent.action.MAIN,NULL,NULL,0]
11-14 19:27:06.754   807  1453 I am_pause_activity: [0,1102272384,com.android.settings/.Settings]
11-14 19:27:06.784  4309  4309 I am_on_paused_called: [0,com.android.settings.Settings]
11-14 19:27:06.784   807   819 I am_restart_activity: [0,1103070048,86,com.android.settings/.SubSettings]
11-14 19:27:06.834  4309  4309 I am_on_resume_called: [0,com.android.settings.SubSettings]
11-14 19:27:06.904   807   833 I am_activity_launch_time: [0,1103070048,com.android.settings/.SubSettings,121,121]
11-14 19:27:07.244   182   182 I sf_frame_dur: [com.android.settings/com.android.settings.Settings,109,6,2,0,2,2,1]
11-14 19:27:07.494   807   820 I am_finish_activity: [0,1103070048,86,com.android.settings/.SubSettings,app-request]
11-14 19:27:07.494   807   820 I am_pause_activity: [0,1103070048,com.android.settings/.SubSettings]
11-14 19:27:07.494  4309  4309 I am_on_paused_called: [0,com.android.settings.SubSettings]
11-14 19:27:07.494   807  1233 I am_resume_activity: [0,1102272384,86,com.android.settings/.Settings]
11-14 19:27:07.504  4309  4309 I am_on_resume_called: [0,com.android.settings.Settings]
11-14 19:27:07.904   807   836 I am_destroy_activity: [0,1103070048,86,com.android.settings/.SubSettings,finish-imm]
11-14 19:27:07.914   182   182 I sf_frame_dur: [com.android.settings/com.android.settings.SubSettings,1,0,0,0,0,0,0]
11-14 19:27:11.304   807  1678 I am_finish_activity: [0,1102272384,86,com.android.settings/.Settings,app-request]
11-14 19:27:11.304   807  1678 I wm_home_stack_moved: 1
11-14 19:27:11.304   807  1678 I wm_task_moved: [4,1,2]
11-14 19:27:11.304   807  1678 I wm_home_stack_moved: 1
11-14 19:27:11.384   807  1678 I am_pause_activity: [0,1102272384,com.android.settings/.Settings]
11-14 19:27:11.394  4309  4309 I am_on_paused_called: [0,com.android.settings.Settings]
11-14 19:27:11.394   807  1436 I am_resume_activity: [0,1103331160,4,com.cyanogenmod.trebuchet/org.cyanogenmod.trebuchet.CustomHomeLauncher]
11-14 19:27:11.424  2432  2432 I am_on_resume_called: [0,org.cyanogenmod.trebuchet.CustomHomeLauncher]
11-14 19:27:11.884   807   836 I am_destroy_activity: [0,1102272384,86,com.android.settings/.Settings,finish-imm]
11-14 19:27:11.894   182   182 I sf_frame_dur: [com.android.settings/com.android.settings.Settings,6,1,0,0,0,0,2]
11-14 19:27:12.584   807  1233 I am_create_task: [0,87]
11-14 19:27:12.584   807  1233 I am_create_activity: [0,1102254256,87,com.android.settings/.Settings,android.intent.action.MAIN,NULL,NULL,270532608]
11-14 19:27:12.584   807  1233 I wm_task_created: [87,8]
11-14 19:27:12.584   807  1233 I wm_task_moved: [87,1,3]
11-14 19:27:12.584   807  1233 I wm_home_stack_moved: 0
11-14 19:27:12.634   807  1233 I am_pause_activity: [0,1103331160,com.cyanogenmod.trebuchet/org.cyanogenmod.trebuchet.CustomHomeLauncher]
11-14 19:27:12.674  2432  2432 I am_on_paused_called: [0,org.cyanogenmod.trebuchet.CustomHomeLauncher]
11-14 19:27:12.684   807  1678 I dvm_lock_sample: [system_server,1,Binder_9,12,WindowManagerService.java,3988,-,2909,2]
11-14 19:27:12.684   807  1678 I am_restart_activity: [0,1102254256,87,com.android.settings/.Settings]
11-14 19:27:13.014   182   182 I sf_frame_dur: [com.cyanogenmod.trebuchet/org.cyanogenmod.trebuchet.CustomHomeLauncher,0,0,0,0,0,0,1]
11-14 19:27:15.084   807  1234 I wm_task_removed: [86,removeTask]
11-14 19:27:15.084   807  1234 I wm_task_removed: [86,removeAppToken: last token]
11-14 19:27:15.134  4309  4309 I am_on_resume_called: [0,com.android.settings.Settings]
11-14 19:27:15.234   807  1436 I am_create_service: [0,1116220856,.SearchPopulator,1000,4309]
11-14 19:27:15.294   807   833 I am_activity_launch_time: [0,1102254256,com.android.settings/.Settings,2609,2609]
11-14 19:27:15.334   807  1436 I am_destroy_service: [0,1116220856,4309]
11-14 19:27:15.504   182   182 I sf_frame_dur: [Starting com.android.settings,1,0,0,0,0,0,0]
11-14 19:27:21.304   807  1233 I wm_task_moved: [87,1,2]
11-14 19:27:21.304   807  1233 I wm_home_stack_moved: 0
11-14 19:27:21.314   807  1233 I am_create_activity: [0,1103070048,87,com.android.settings/.SubSettings,android.intent.action.MAIN,NULL,NULL,0]
11-14 19:27:21.314   807  1233 I am_pause_activity: [0,1102254256,com.android.settings/.Settings]
11-14 19:27:21.384  4309  4309 I am_on_paused_called: [0,com.android.settings.Settings]
11-14 19:27:21.384   807   819 I am_restart_activity: [0,1103070048,87,com.android.settings/.SubSettings]
11-14 19:27:21.464  4309  4309 I am_on_resume_called: [0,com.android.settings.SubSettings]
11-14 19:27:21.534   807   833 I am_activity_launch_time: [0,1103070048,com.android.settings/.SubSettings,144,144]
11-14 19:27:21.874   182   182 I sf_frame_dur: [com.android.settings/com.android.settings.Settings,112,5,3,2,1,2,1]
11-14 19:27:22.114   807  1678 I am_finish_activity: [0,1103070048,87,com.android.settings/.SubSettings,app-request]
11-14 19:27:22.114   807  1678 I am_pause_activity: [0,1103070048,com.android.settings/.SubSettings]
11-14 19:27:22.124  4309  4309 I am_on_paused_called: [0,com.android.settings.SubSettings]
11-14 19:27:22.124   807  1453 I am_resume_activity: [0,1102254256,87,com.android.settings/.Settings]
11-14 19:27:22.124  4309  4309 I am_on_resume_called: [0,com.android.settings.Settings]
11-14 19:27:22.534   807   836 I am_destroy_activity: [0,1103070048,87,com.android.settings/.SubSettings,finish-imm]
11-14 19:27:22.544   182   182 I sf_frame_dur: [com.android.settings/com.android.settings.SubSettings,0,1,0,0,1,0,0]
11-14 19:27:26.184   807   820 I am_finish_activity: [0,1102254256,87,com.android.settings/.Settings,app-request]
11-14 19:27:26.184   807   820 I wm_home_stack_moved: 1
11-14 19:27:26.184   807   820 I wm_task_moved: [4,1,2]
11-14 19:27:26.184   807   820 I wm_home_stack_moved: 1
11-14 19:27:26.264   807   820 I am_pause_activity: [0,1102254256,com.android.settings/.Settings]
11-14 19:27:26.264  4309  4309 I am_on_paused_called: [0,com.android.settings.Settings]
11-14 19:27:26.274   807  1432 I am_resume_activity: [0,1103331160,4,com.cyanogenmod.trebuchet/org.cyanogenmod.trebuchet.CustomHomeLauncher]
11-14 19:27:26.284  2432  2432 I am_on_resume_called: [0,org.cyanogenmod.trebuchet.CustomHomeLauncher]
11-14 19:27:26.774   807   836 I am_destroy_activity: [0,1102254256,87,com.android.settings/.Settings,finish-imm]
11-14 19:27:26.774   182   182 I sf_frame_dur: [com.android.settings/com.android.settings.Settings,5,1,1,0,0,0,1]
11-14 19:27:27.484   807  1432 I am_create_task: [0,88]
11-14 19:27:27.484   807  1432 I am_create_activity: [0,1102272384,88,com.android.settings/.Settings,android.intent.action.MAIN,NULL,NULL,270532608]
11-14 19:27:27.484   807  1432 I wm_task_created: [88,8]
11-14 19:27:27.484   807  1432 I wm_task_moved: [88,1,3]
11-14 19:27:27.484   807  1432 I wm_home_stack_moved: 0
11-14 19:27:27.554   807  1432 I am_pause_activity: [0,1103331160,com.cyanogenmod.trebuchet/org.cyanogenmod.trebuchet.CustomHomeLauncher]
11-14 19:27:27.574  2432  2432 I am_on_paused_called: [0,org.cyanogenmod.trebuchet.CustomHomeLauncher]
11-14 19:27:27.584   807  1453 I am_restart_activity: [0,1102272384,88,com.android.settings/.Settings]
11-14 19:27:27.914   182   182 I sf_frame_dur: [com.cyanogenmod.trebuchet/org.cyanogenmod.trebuchet.CustomHomeLauncher,0,0,0,0,0,0,1]
11-14 19:27:29.854   807  1678 I wm_task_removed: [87,removeTask]
11-14 19:27:29.854   807  1678 I wm_task_removed: [87,removeAppToken: last token]
11-14 19:27:29.904  4309  4309 I am_on_resume_called: [0,com.android.settings.Settings]
11-14 19:27:29.994   807  1453 I am_create_service: [0,1108855304,.SearchPopulator,1000,4309]
11-14 19:27:30.054   807   833 I am_activity_launch_time: [0,1102272384,com.android.settings/.Settings,2475,2475]
11-14 19:27:30.124   807  1234 I am_destroy_service: [0,1108855304,4309]
11-14 19:27:30.274   182   182 I sf_frame_dur: [Starting com.android.settings,1,0,0,0,0,0,0]
11-14 19:27:36.024   807  1234 I wm_task_moved: [88,1,2]
11-14 19:27:36.024   807  1234 I wm_home_stack_moved: 0
11-14 19:27:36.024   807  1234 I am_create_activity: [0,1103070048,88,com.android.settings/.SubSettings,android.intent.action.MAIN,NULL,NULL,0]
11-14 19:27:36.024   807  1234 I am_pause_activity: [0,1102272384,com.android.settings/.Settings]
11-14 19:27:36.044  4309  4309 I am_on_paused_called: [0,com.android.settings.Settings]
11-14 19:27:36.044   807   820 I am_restart_activity: [0,1103070048,88,com.android.settings/.SubSettings]
11-14 19:27:36.124  4309  4309 I am_on_resume_called: [0,com.android.settings.SubSettings]
11-14 19:27:36.214   807   833 I am_activity_launch_time: [0,1103070048,com.android.settings/.SubSettings,168,168]
11-14 19:27:36.564   182   182 I sf_frame_dur: [com.android.settings/com.android.settings.Settings,109,8,4,0,3,3,1]
11-14 19:27:36.804   807  1453 I am_finish_activity: [0,1103070048,88,com.android.settings/.SubSettings,app-request]
11-14 19:27:36.804   807  1453 I am_pause_activity: [0,1103070048,com.android.settings/.SubSettings]
11-14 19:27:36.814  4309  4309 I am_on_paused_called: [0,com.android.settings.SubSettings]
11-14 19:27:36.814   807   820 I am_resume_activity: [0,1102272384,88,com.android.settings/.Settings]
11-14 19:27:36.834  4309  4309 I am_on_resume_called: [0,com.android.settings.Settings]
11-14 19:27:37.254   807   836 I am_destroy_activity: [0,1103070048,88,com.android.settings/.SubSettings,finish-imm]
11-14 19:27:37.264   182   182 I sf_frame_dur: [com.android.settings/com.android.settings.SubSettings,0,1,0,0,1,0,0]
11-14 19:27:40.804   807  1436 I am_finish_activity: [0,1102272384,88,com.android.settings/.Settings,app-request]
11-14 19:27:40.804   807  1436 I wm_home_stack_moved: 1
11-14 19:27:40.804   807  1436 I wm_task_moved: [4,1,2]
11-14 19:27:40.804   807  1436 I wm_home_stack_moved: 1
11-14 19:27:40.884   807  1436 I am_pause_activity: [0,1102272384,com.android.settings/.Settings]
11-14 19:27:40.894  4309  4309 I am_on_paused_called: [0,com.android.settings.Settings]
11-14 19:27:40.894   807   818 I am_resume_activity: [0,1103331160,4,com.cyanogenmod.trebuchet/org.cyanogenmod.trebuchet.CustomHomeLauncher]
11-14 19:27:40.914  2432  2432 I am_on_resume_called: [0,org.cyanogenmod.trebuchet.CustomHomeLauncher]
11-14 19:27:41.384   807   836 I am_destroy_activity: [0,1102272384,88,com.android.settings/.Settings,finish-imm]
11-14 19:27:41.424   182   182 I sf_frame_dur: [com.android.settings/com.android.settings.Settings,6,2,0,0,0,0,2]
11-14 19:27:42.074   807  1453 I am_create_task: [0,89]
11-14 19:27:42.074   807  1453 I am_create_activity: [0,1102254256,89,com.android.settings/.Settings,android.intent.action.MAIN,NULL,NULL,270532608]
11-14 19:27:42.074   807  1453 I wm_task_created: [89,8]
11-14 19:27:42.074   807  1453 I wm_task_moved: [89,1,3]
11-14 19:27:42.074   807  1453 I wm_home_stack_moved: 0
11-14 19:27:42.134   807  1453 I am_pause_activity: [0,1103331160,com.cyanogenmod.trebuchet/org.cyanogenmod.trebuchet.CustomHomeLauncher]
11-14 19:27:42.164  2432  2432 I am_on_paused_called: [0,org.cyanogenmod.trebuchet.CustomHomeLauncher]
11-14 19:27:42.164   807  1432 I am_restart_activity: [0,1102254256,89,com.android.settings/.Settings]
11-14 19:27:42.494   182   182 I sf_frame_dur: [com.cyanogenmod.trebuchet/org.cyanogenmod.trebuchet.CustomHomeLauncher,0,0,0,0,0,0,1]
11-14 19:27:44.434   807  1432 I wm_task_removed: [88,removeTask]
11-14 19:27:44.434   807  1432 I wm_task_removed: [88,removeAppToken: last token]
11-14 19:27:44.494  4309  4309 I am_on_resume_called: [0,com.android.settings.Settings]
11-14 19:27:44.574   807   819 I am_create_service: [0,1107461528,.SearchPopulator,1000,4309]
11-14 19:27:44.634   807   833 I am_activity_launch_time: [0,1102254256,com.android.settings/.Settings,2473,2473]
11-14 19:27:44.674   807  1432 I am_destroy_service: [0,1107461528,4309]
11-14 19:27:44.884   182   182 I sf_frame_dur: [Starting com.android.settings,0,1,0,0,0,0,0]
11-14 19:27:49.584  4175  4191 I dvm_lock_sample: [uiautomator,0,UiAutomatorHandlerThread,92,QueryController.java,61,-,149,18]
11-14 19:27:50.694   807  1234 I wm_task_moved: [89,1,2]
11-14 19:27:50.694   807  1234 I wm_home_stack_moved: 0
11-14 19:27:50.704   807  1234 I am_create_activity: [0,1103070048,89,com.android.settings/.SubSettings,android.intent.action.MAIN,NULL,NULL,0]
11-14 19:27:50.704   807  1234 I am_pause_activity: [0,1102254256,com.android.settings/.Settings]
11-14 19:27:50.714  4309  4309 I am_on_paused_called: [0,com.android.settings.Settings]
11-14 19:27:50.724   807  1678 I am_restart_activity: [0,1103070048,89,com.android.settings/.SubSettings]
11-14 19:27:50.794  4309  4309 I am_on_resume_called: [0,com.android.settings.SubSettings]
11-14 19:27:50.874   807   833 I am_activity_launch_time: [0,1103070048,com.android.settings/.SubSettings,154,154]
11-14 19:27:51.204   182   182 I sf_frame_dur: [com.android.settings/com.android.settings.Settings,110,9,2,0,1,3,1]
11-14 19:27:51.464   807  1678 I am_finish_activity: [0,1103070048,89,com.android.settings/.SubSettings,app-request]
11-14 19:27:51.464   807  1678 I am_pause_activity: [0,1103070048,com.android.settings/.SubSettings]
11-14 19:27:51.464  4309  4309 I am_on_paused_called: [0,com.android.settings.SubSettings]
11-14 19:27:51.464   807   818 I am_resume_activity: [0,1102254256,89,com.android.settings/.Settings]
11-14 19:27:51.484  4309  4309 I am_on_resume_called: [0,com.android.settings.Settings]
11-14 19:27:51.914   807   836 I am_destroy_activity: [0,1103070048,89,com.android.settings/.SubSettings,finish-imm]
11-14 19:27:51.924   182   182 I sf_frame_dur: [com.android.settings/com.android.settings.SubSettings,0,1,0,0,0,0,0]
11-14 19:27:55.834   807  1678 I am_finish_activity: [0,1102254256,89,com.android.settings/.Settings,app-request]
11-14 19:27:55.834   807  1678 I wm_home_stack_moved: 1
11-14 19:27:55.834   807  1678 I wm_task_moved: [4,1,2]
11-14 19:27:55.834   807  1678 I wm_home_stack_moved: 1
11-14 19:27:55.914   807  1678 I am_pause_activity: [0,1102254256,com.android.settings/.Settings]
11-14 19:27:55.924  4309  4309 I am_on_paused_called: [0,com.android.settings.Settings]
11-14 19:27:55.924   807  1453 I am_resume_activity: [0,1103331160,4,com.cyanogenmod.trebuchet/org.cyanogenmod.trebuchet.CustomHomeLauncher]
11-14 19:27:55.944  2432  2432 I am_on_resume_called: [0,org.cyanogenmod.trebuchet.CustomHomeLauncher]
11-14 19:27:56.414   807   836 I am_destroy_activity: [0,1102254256,89,com.android.settings/.Settings,finish-imm]
11-14 19:27:56.424   182   182 I sf_frame_dur: [com.android.settings/com.android.settings.Settings,6,0,0,0,0,0,1]
11-14 19:27:57.124   807   819 I am_create_task: [0,90]
11-14 19:27:57.134   807   819 I am_create_activity: [0,1102272384,90,com.android.settings/.Settings,android.intent.action.MAIN,NULL,NULL,270532608]
11-14 19:27:57.134   807   819 I wm_task_created: [90,8]
11-14 19:27:57.134   807   819 I wm_task_moved: [90,1,3]
11-14 19:27:57.134   807   819 I wm_home_stack_moved: 0
11-14 19:27:57.184   807   819 I am_pause_activity: [0,1103331160,com.cyanogenmod.trebuchet/org.cyanogenmod.trebuchet.CustomHomeLauncher]
11-14 19:27:57.194  2432  2432 I am_on_paused_called: [0,org.cyanogenmod.trebuchet.CustomHomeLauncher]
11-14 19:27:57.194   807  1453 I am_restart_activity: [0,1102272384,90,com.android.settings/.Settings]
11-14 19:27:57.524   182   182 I sf_frame_dur: [com.cyanogenmod.trebuchet/org.cyanogenmod.trebuchet.CustomHomeLauncher,0,0,0,0,0,0,1]
11-14 19:27:59.804   807   819 I wm_task_removed: [89,removeTask]
11-14 19:27:59.804   807   819 I wm_task_removed: [89,removeAppToken: last token]
11-14 19:27:59.854  4309  4309 I am_on_resume_called: [0,com.android.settings.Settings]
11-14 19:27:59.934   807   818 I am_create_service: [0,1117328728,.SearchPopulator,1000,4309]
11-14 19:28:00.004   807   833 I am_activity_launch_time: [0,1102272384,com.android.settings/.Settings,2813,2813]
11-14 19:28:00.064   807  1234 I am_destroy_service: [0,1117328728,4309]
11-14 19:28:00.214   182   182 I sf_frame_dur: [Starting com.android.settings,1,0,0,0,0,0,0]
11-14 19:28:06.014   807  1678 I wm_task_moved: [90,1,2]
11-14 19:28:06.014   807  1678 I wm_home_stack_moved: 0
11-14 19:28:06.014   807  1678 I am_create_activity: [0,1103070048,90,com.android.settings/.SubSettings,android.intent.action.MAIN,NULL,NULL,0]
11-14 19:28:06.014   807  1678 I am_pause_activity: [0,1102272384,com.android.settings/.Settings]
11-14 19:28:06.044  4309  4309 I am_on_paused_called: [0,com.android.settings.Settings]
11-14 19:28:06.044   807   818 I am_restart_activity: [0,1103070048,90,com.android.settings/.SubSettings]
11-14 19:28:06.114  4309  4309 I am_on_resume_called: [0,com.android.settings.SubSettings]
11-14 19:28:06.184   807   833 I am_activity_launch_time: [0,1103070048,com.android.settings/.SubSettings,136,136]
11-14 19:28:06.524   182   182 I sf_frame_dur: [com.android.settings/com.android.settings.Settings,99,8,5,1,1,3,1]
11-14 19:28:06.784   807   820 I am_finish_activity: [0,1103070048,90,com.android.settings/.SubSettings,app-request]
11-14 19:28:06.784   807   820 I am_pause_activity: [0,1103070048,com.android.settings/.SubSettings]
11-14 19:28:06.794  4309  4309 I am_on_paused_called: [0,com.android.settings.SubSettings]
11-14 19:28:06.794   807  1453 I am_resume_activity: [0,1102272384,90,com.android.settings/.Settings]
11-14 19:28:06.824  4309  4309 I am_on_resume_called: [0,com.android.settings.Settings]
11-14 19:28:07.224   807   836 I am_destroy_activity: [0,1103070048,90,com.android.settings/.SubSettings,finish-imm]
11-14 19:28:07.244   182   182 I sf_frame_dur: [com.android.settings/com.android.settings.SubSettings,1,0,0,0,1,0,0]
11-14 19:28:11.744   807  1453 I am_finish_activity: [0,1102272384,90,com.android.settings/.Settings,app-request]
11-14 19:28:11.744   807  1453 I wm_home_stack_moved: 1
11-14 19:28:11.744   807  1453 I wm_task_moved: [4,1,2]
11-14 19:28:11.744   807  1453 I wm_home_stack_moved: 1
11-14 19:28:11.834   807  1453 I am_pause_activity: [0,1102272384,com.android.settings/.Settings]
11-14 19:28:11.844  4309  4309 I am_on_paused_called: [0,com.android.settings.Settings]
11-14 19:28:11.844   807  1432 I am_resume_activity: [0,1103331160,4,com.cyanogenmod.trebuchet/org.cyanogenmod.trebuchet.CustomHomeLauncher]
11-14 19:28:11.864  2432  2432 I am_on_resume_called: [0,org.cyanogenmod.trebuchet.CustomHomeLauncher]
11-14 19:28:12.344   807   836 I am_destroy_activity: [0,1102272384,90,com.android.settings/.Settings,finish-imm]
11-14 19:28:12.374   182   182 I sf_frame_dur: [com.android.settings/com.android.settings.Settings,6,1,1,0,0,0,1]
11-14 19:28:13.034   807   818 I am_create_task: [0,91]
11-14 19:28:13.034   807   818 I am_create_activity: [0,1102254256,91,com.android.settings/.Settings,android.intent.action.MAIN,NULL,NULL,270532608]
11-14 19:28:13.034   807   818 I wm_task_created: [91,8]
11-14 19:28:13.034   807   818 I wm_task_moved: [91,1,3]
11-14 19:28:13.034   807   818 I wm_home_stack_moved: 0
11-14 19:28:13.104   807   818 I am_pause_activity: [0,1103331160,com.cyanogenmod.trebuchet/org.cyanogenmod.trebuchet.CustomHomeLauncher]
11-14 19:28:13.124  2432  2432 I am_on_paused_called: [0,org.cyanogenmod.trebuchet.CustomHomeLauncher]
11-14 19:28:13.134   807  1678 I am_restart_activity: [0,1102254256,91,com.android.settings/.Settings]
11-14 19:28:13.474   182   182 I sf_frame_dur: [com.cyanogenmod.trebuchet/org.cyanogenmod.trebuchet.CustomHomeLauncher,0,0,0,0,0,0,1]
11-14 19:28:15.084   807  1233 I wm_task_removed: [90,removeTask]
11-14 19:28:15.084   807  1233 I wm_task_removed: [90,removeAppToken: last token]
11-14 19:28:15.124  4309  4309 I am_on_resume_called: [0,com.android.settings.Settings]
11-14 19:28:15.224   807  1453 I am_create_service: [0,1117328728,.SearchPopulator,1000,4309]
11-14 19:28:15.284   807   833 I am_activity_launch_time: [0,1102254256,com.android.settings/.Settings,2155,2155]
11-14 19:28:15.334   807   818 I am_destroy_service: [0,1117328728,4309]
11-14 19:28:15.494   182   182 I sf_frame_dur: [Starting com.android.settings,1,0,0,0,0,0,0]
11-14 19:28:21.354   807  1678 I wm_task_moved: [91,1,2]
11-14 19:28:21.354   807  1678 I wm_home_stack_moved: 0
11-14 19:28:21.364   807  1678 I am_create_activity: [0,1103070048,91,com.android.settings/.SubSettings,android.intent.action.MAIN,NULL,NULL,0]
11-14 19:28:21.364   807  1678 I am_pause_activity: [0,1102254256,com.android.settings/.Settings]
11-14 19:28:21.384  4309  4309 I am_on_paused_called: [0,com.android.settings.Settings]
11-14 19:28:21.394   807   819 I am_restart_activity: [0,1103070048,91,com.android.settings/.SubSettings]
11-14 19:28:21.464  4309  4309 I am_on_resume_called: [0,com.android.settings.SubSettings]
11-14 19:28:21.564   807   833 I am_activity_launch_time: [0,1103070048,com.android.settings/.SubSettings,170,170]
11-14 19:28:21.904   182   182 I sf_frame_dur: [com.android.settings/com.android.settings.Settings,106,5,3,1,2,2,1]
11-14 19:28:22.154   807  1233 I am_finish_activity: [0,1103070048,91,com.android.settings/.SubSettings,app-request]
11-14 19:28:22.154   807  1233 I am_pause_activity: [0,1103070048,com.android.settings/.SubSettings]
11-14 19:28:22.154  4309  4309 I am_on_paused_called: [0,com.android.settings.SubSettings]
11-14 19:28:22.164   807   820 I am_resume_activity: [0,1102254256,91,com.android.settings/.Settings]
11-14 19:28:22.184  4309  4309 I am_on_resume_called: [0,com.android.settings.Settings]
11-14 19:28:22.604   807   836 I am_destroy_activity: [0,1103070048,91,com.android.settings/.SubSettings,finish-imm]
11-14 19:28:22.624   182   182 I sf_frame_dur: [com.android.settings/com.android.settings.SubSettings,1,0,0,0,1,0,0]
11-14 19:28:25.854   807  1436 I am_finish_activity: [0,1102254256,91,com.android.settings/.Settings,app-request]
11-14 19:28:25.854   807  1436 I wm_home_stack_moved: 1
11-14 19:28:25.854   807  1436 I wm_task_moved: [4,1,2]
11-14 19:28:25.854   807  1436 I wm_home_stack_moved: 1
11-14 19:28:25.934   807  1436 I am_pause_activity: [0,1102254256,com.android.settings/.Settings]
11-14 19:28:25.944  4309  4309 I am_on_paused_called: [0,com.android.settings.Settings]
11-14 19:28:25.944   807  1233 I am_resume_activity: [0,1103331160,4,com.cyanogenmod.trebuchet/org.cyanogenmod.trebuchet.CustomHomeLauncher]
11-14 19:28:25.964  2432  2432 I am_on_resume_called: [0,org.cyanogenmod.trebuchet.CustomHomeLauncher]
11-14 19:28:26.424   807   836 I am_destroy_activity: [0,1102254256,91,com.android.settings/.Settings,finish-imm]
11-14 19:28:26.434   182   182 I sf_frame_dur: [com.android.settings/com.android.settings.Settings,6,0,2,0,0,0,1]
11-14 19:28:27.124   807  1436 I am_create_task: [0,92]
11-14 19:28:27.124   807  1436 I am_create_activity: [0,1102272384,92,com.android.settings/.Settings,android.intent.action.MAIN,NULL,NULL,270532608]
11-14 19:28:27.124   807  1436 I wm_task_created: [92,8]
11-14 19:28:27.124   807  1436 I wm_task_moved: [92,1,3]
11-14 19:28:27.124   807  1436 I wm_home_stack_moved: 0
11-14 19:28:27.194   807  1436 I am_pause_activity: [0,1103331160,com.cyanogenmod.trebuchet/org.cyanogenmod.trebuchet.CustomHomeLauncher]
11-14 19:28:27.234  2432  2432 I am_on_paused_called: [0,org.cyanogenmod.trebuchet.CustomHomeLauncher]
11-14 19:28:27.234   807   819 I am_restart_activity: [0,1102272384,92,com.android.settings/.Settings]
11-14 19:28:27.524   182   182 I sf_frame_dur: [com.cyanogenmod.trebuchet/org.cyanogenmod.trebuchet.CustomHomeLauncher,0,0,0,0,0,1,0]
11-14 19:28:29.784   807  1233 I wm_task_removed: [91,removeTask]
11-14 19:28:29.784   807  1233 I wm_task_removed: [91,removeAppToken: last token]
11-14 19:28:29.844  4309  4309 I am_on_resume_called: [0,com.android.settings.Settings]
11-14 19:28:29.934   807  1234 I am_create_service: [0,1116393896,.SearchPopulator,1000,4309]
11-14 19:28:29.994   807   833 I am_activity_launch_time: [0,1102272384,com.android.settings/.Settings,2767,2767]
11-14 19:28:30.034   807  1234 I am_destroy_service: [0,1116393896,4309]
11-14 19:28:30.214   182   182 I sf_frame_dur: [Starting com.android.settings,0,1,0,0,0,0,0]
11-14 19:28:35.934   807  1436 I wm_task_moved: [92,1,2]
11-14 19:28:35.934   807  1436 I wm_home_stack_moved: 0
11-14 19:28:35.934   807  1436 I am_create_activity: [0,1103051376,92,com.android.settings/.SubSettings,android.intent.action.MAIN,NULL,NULL,0]
11-14 19:28:35.944   807  1436 I am_pause_activity: [0,1102272384,com.android.settings/.Settings]
11-14 19:28:35.964  4309  4309 I am_on_paused_called: [0,com.android.settings.Settings]
11-14 19:28:35.964   807   818 I am_restart_activity: [0,1103051376,92,com.android.settings/.SubSettings]
11-14 19:28:36.044  4309  4309 I am_on_resume_called: [0,com.android.settings.SubSettings]
11-14 19:28:36.134   807   833 I am_activity_launch_time: [0,1103051376,com.android.settings/.SubSettings,170,170]
11-14 19:28:36.484   182   182 I sf_frame_dur: [com.android.settings/com.android.settings.Settings,106,9,2,1,1,2,1]
11-14 19:28:36.724   807   820 I am_finish_activity: [0,1103051376,92,com.android.settings/.SubSettings,app-request]
11-14 19:28:36.724   807   820 I am_pause_activity: [0,1103051376,com.android.settings/.SubSettings]
11-14 19:28:36.734  4309  4309 I am_on_paused_called: [0,com.android.settings.SubSettings]
11-14 19:28:36.734   807  1453 I am_resume_activity: [0,1102272384,92,com.android.settings/.Settings]
11-14 19:28:36.754  4309  4309 I am_on_resume_called: [0,com.android.settings.Settings]
11-14 19:28:37.174   807   836 I am_destroy_activity: [0,1103051376,92,com.android.settings/.SubSettings,finish-imm]
11-14 19:28:37.184   182   182 I sf_frame_dur: [com.android.settings/com.android.settings.SubSettings,0,1,0,0,1,0,0]
11-14 19:28:41.364   807  1432 I am_finish_activity: [0,1102272384,92,com.android.settings/.Settings,app-request]
11-14 19:28:41.364   807  1432 I wm_home_stack_moved: 1
11-14 19:28:41.364   807  1432 I wm_task_moved: [4,1,2]
11-14 19:28:41.364   807  1432 I wm_home_stack_moved: 1
11-14 19:28:41.444   807  1432 I am_pause_activity: [0,1102272384,com.android.settings/.Settings]
11-14 19:28:41.454  4309  4309 I am_on_paused_called: [0,com.android.settings.Settings]
11-14 19:28:41.454   807   819 I am_resume_activity: [0,1103331160,4,com.cyanogenmod.trebuchet/org.cyanogenmod.trebuchet.CustomHomeLauncher]
11-14 19:28:41.474  2432  2432 I am_on_resume_called: [0,org.cyanogenmod.trebuchet.CustomHomeLauncher]
11-14 19:28:41.934   807   836 I am_destroy_activity: [0,1102272384,92,com.android.settings/.Settings,finish-imm]
11-14 19:28:41.954   182   182 I sf_frame_dur: [com.android.settings/com.android.settings.Settings,5,1,0,0,0,0,1]
11-14 19:28:42.644   807  1436 I am_create_task: [0,93]
11-14 19:28:42.644   807  1436 I am_create_activity: [0,1102254256,93,com.android.settings/.Settings,android.intent.action.MAIN,NULL,NULL,270532608]
11-14 19:28:42.644   807  1436 I wm_task_created: [93,8]
11-14 19:28:42.644   807  1436 I wm_task_moved: [93,1,3]
11-14 19:28:42.644   807  1436 I wm_home_stack_moved: 0
11-14 19:28:42.704   807  1436 I am_pause_activity: [0,1103331160,com.cyanogenmod.trebuchet/org.cyanogenmod.trebuchet.CustomHomeLauncher]
11-14 19:28:42.714  2432  2432 I am_on_paused_called: [0,org.cyanogenmod.trebuchet.CustomHomeLauncher]
11-14 19:28:42.724   807   818 I am_restart_activity: [0,1102254256,93,com.android.settings/.Settings]
11-14 19:28:43.054   182   182 I sf_frame_dur: [com.cyanogenmod.trebuchet/org.cyanogenmod.trebuchet.CustomHomeLauncher,0,0,0,0,0,0,1]
11-14 19:28:45.404   807  1233 I wm_task_removed: [92,removeTask]
11-14 19:28:45.404   807  1233 I wm_task_removed: [92,removeAppToken: last token]
11-14 19:28:45.454  4309  4309 I am_on_resume_called: [0,com.android.settings.Settings]
11-14 19:28:45.554   807  1678 I am_create_service: [0,1103674448,.SearchPopulator,1000,4309]
11-14 19:28:45.614   807   833 I am_activity_launch_time: [0,1102254256,com.android.settings/.Settings,2893,2893]
11-14 19:28:45.674   807   820 I am_destroy_service: [0,1103674448,4309]
11-14 19:28:45.854   182   182 I sf_frame_dur: [Starting com.android.settings,1,0,0,0,0,0,0]
11-14 19:28:51.574   807  1234 I wm_task_moved: [93,1,2]
11-14 19:28:51.574   807  1234 I wm_home_stack_moved: 0
11-14 19:28:51.584   807  1234 I am_create_activity: [0,1103124008,93,com.android.settings/.SubSettings,android.intent.action.MAIN,NULL,NULL,0]
11-14 19:28:51.584   807  1234 I am_pause_activity: [0,1102254256,com.android.settings/.Settings]
11-14 19:28:51.624  4309  4309 I am_on_paused_called: [0,com.android.settings.Settings]
11-14 19:28:51.624   807  1233 I am_restart_activity: [0,1103124008,93,com.android.settings/.SubSettings]
11-14 19:28:51.694  4309  4309 I am_on_resume_called: [0,com.android.settings.SubSettings]
11-14 19:28:51.764   807   833 I am_activity_launch_time: [0,1103124008,com.android.settings/.SubSettings,143,143]
11-14 19:28:52.104   182   182 I sf_frame_dur: [com.android.settings/com.android.settings.Settings,106,4,4,1,2,2,1]
11-14 19:28:52.354   807  1453 I am_finish_activity: [0,1103124008,93,com.android.settings/.SubSettings,app-request]
11-14 19:28:52.354   807  1453 I am_pause_activity: [0,1103124008,com.android.settings/.SubSettings]
11-14 19:28:52.364  4309  4309 I am_on_paused_called: [0,com.android.settings.SubSettings]
11-14 19:28:52.364   807  1233 I am_resume_activity: [0,1102254256,93,com.android.settings/.Settings]
11-14 19:28:52.364  4309  4309 I am_on_resume_called: [0,com.android.settings.Settings]
11-14 19:28:52.774   807   836 I am_destroy_activity: [0,1103124008,93,com.android.settings/.SubSettings,finish-imm]
11-14 19:28:52.794   182   182 I sf_frame_dur: [com.android.settings/com.android.settings.SubSettings,2,0,0,0,0,0,0]
11-14 19:28:56.414   807   818 I am_finish_activity: [0,1102254256,93,com.android.settings/.Settings,app-request]
11-14 19:28:56.414   807   818 I wm_home_stack_moved: 1
11-14 19:28:56.414   807   818 I wm_task_moved: [4,1,2]
11-14 19:28:56.414   807   818 I wm_home_stack_moved: 1
11-14 19:28:56.504   807   818 I am_pause_activity: [0,1102254256,com.android.settings/.Settings]
11-14 19:28:56.514  4309  4309 I am_on_paused_called: [0,com.android.settings.Settings]
11-14 19:28:56.514   807   819 I am_resume_activity: [0,1103331160,4,com.cyanogenmod.trebuchet/org.cyanogenmod.trebuchet.CustomHomeLauncher]
11-14 19:28:56.534  2432  2432 I am_on_resume_called: [0,org.cyanogenmod.trebuchet.CustomHomeLauncher]
11-14 19:28:57.004   807   836 I am_destroy_activity: [0,1102254256,93,com.android.settings/.Settings,finish-imm]
11-14 19:28:57.024   182   182 I sf_frame_dur: [com.android.settings/com.android.settings.Settings,5,1,0,0,0,0,1]
11-14 19:28:57.744   807  1233 I am_create_task: [0,94]
11-14 19:28:57.744   807  1233 I am_create_activity: [0,1102272384,94,com.android.settings/.Settings,android.intent.action.MAIN,NULL,NULL,270532608]
11-14 19:28:57.744   807  1233 I wm_task_created: [94,8]
11-14 19:28:57.744   807  1233 I wm_task_moved: [94,1,3]
11-14 19:28:57.744   807  1233 I wm_home_stack_moved: 0
11-14 19:28:57.794   807  1233 I am_pause_activity: [0,1103331160,com.cyanogenmod.trebuchet/org.cyanogenmod.trebuchet.CustomHomeLauncher]
11-14 19:28:57.814  2432  2432 I am_on_paused_called: [0,org.cyanogenmod.trebuchet.CustomHomeLauncher]
11-14 19:28:57.834   807   820 I am_restart_activity: [0,1102272384,94,com.android.settings/.Settings]
11-14 19:28:58.174   182   182 I sf_frame_dur: [com.cyanogenmod.trebuchet/org.cyanogenmod.trebuchet.CustomHomeLauncher,0,0,0,0,0,0,1]
11-14 19:29:00.474   807  1678 I wm_task_removed: [93,removeTask]
11-14 19:29:00.474   807  1678 I wm_task_removed: [93,removeAppToken: last token]
11-14 19:29:00.524  4309  4309 I am_on_resume_called: [0,com.android.settings.Settings]
11-14 19:29:00.614   807  1234 I am_create_service: [0,1117328728,.SearchPopulator,1000,4309]
11-14 19:29:00.674   807   833 I am_activity_launch_time: [0,1102272384,com.android.settings/.Settings,2842,2842]
11-14 19:29:00.714   807  1432 I am_destroy_service: [0,1117328728,4309]
11-14 19:29:00.884   182   182 I sf_frame_dur: [Starting com.android.settings,1,0,0,0,0,0,0]
11-14 19:29:06.644   807  1436 I wm_task_moved: [94,1,2]
11-14 19:29:06.644   807  1436 I wm_home_stack_moved: 0
11-14 19:29:06.644   807  1436 I am_create_activity: [0,1103070048,94,com.android.settings/.SubSettings,android.intent.action.MAIN,NULL,NULL,0]
11-14 19:29:06.644   807  1436 I am_pause_activity: [0,1102272384,com.android.settings/.Settings]
11-14 19:29:06.654  4309  4309 I am_on_paused_called: [0,com.android.settings.Settings]
11-14 19:29:06.654   807  1453 I am_restart_activity: [0,1103070048,94,com.android.settings/.SubSettings]
11-14 19:29:06.714  4309  4309 I am_on_resume_called: [0,com.android.settings.SubSettings]
11-14 19:29:06.794   807   833 I am_activity_launch_time: [0,1103070048,com.android.settings/.SubSettings,135,135]
11-14 19:29:07.124   182   182 I sf_frame_dur: [com.android.settings/com.android.settings.Settings,108,7,3,0,2,2,1]
11-14 19:29:07.374   807  1453 I am_finish_activity: [0,1103070048,94,com.android.settings/.SubSettings,app-request]
11-14 19:29:07.374   807  1453 I am_pause_activity: [0,1103070048,com.android.settings/.SubSettings]
11-14 19:29:07.384  4309  4309 I am_on_paused_called: [0,com.android.settings.SubSettings]
11-14 19:29:07.384   807  1432 I am_resume_activity: [0,1102272384,94,com.android.settings/.Settings]
11-14 19:29:07.394  4309  4309 I am_on_resume_called: [0,com.android.settings.Settings]
11-14 19:29:07.814   807   836 I am_destroy_activity: [0,1103070048,94,com.android.settings/.SubSettings,finish-imm]
11-14 19:29:07.824   182   182 I sf_frame_dur: [com.android.settings/com.android.settings.SubSettings,0,1,0,0,0,0,0]
11-14 19:29:11.444   807   818 I am_finish_activity: [0,1102272384,94,com.android.settings/.Settings,app-request]
11-14 19:29:11.444   807   818 I wm_home_stack_moved: 1
11-14 19:29:11.444   807   818 I wm_task_moved: [4,1,2]
11-14 19:29:11.444   807   818 I wm_home_stack_moved: 1
11-14 19:29:11.534   807   818 I am_pause_activity: [0,1102272384,com.android.settings/.Settings]
11-14 19:29:11.534  4309  4309 I am_on_paused_called: [0,com.android.settings.Settings]
11-14 19:29:11.544   807  1436 I am_resume_activity: [0,1103331160,4,com.cyanogenmod.trebuchet/org.cyanogenmod.trebuchet.CustomHomeLauncher]
11-14 19:29:11.554  2432  2432 I am_on_resume_called: [0,org.cyanogenmod.trebuchet.CustomHomeLauncher]
11-14 19:29:12.014   807   836 I am_destroy_activity: [0,1102272384,94,com.android.settings/.Settings,finish-imm]
11-14 19:29:12.024   182   182 I sf_frame_dur: [com.android.settings/com.android.settings.Settings,5,0,2,0,0,0,1]
11-14 19:29:12.774   807  1678 I am_create_task: [0,95]
11-14 19:29:12.774   807  1678 I am_create_activity: [0,1102254256,95,com.android.settings/.Settings,android.intent.action.MAIN,NULL,NULL,270532608]
11-14 19:29:12.774   807  1678 I wm_task_created: [95,8]
11-14 19:29:12.774   807  1678 I wm_task_moved: [95,1,3]
11-14 19:29:12.774   807  1678 I wm_home_stack_moved: 0
11-14 19:29:12.824   807  1678 I am_pause_activity: [0,1103331160,com.cyanogenmod.trebuchet/org.cyanogenmod.trebuchet.CustomHomeLauncher]
11-14 19:29:12.844  2432  2432 I am_on_paused_called: [0,org.cyanogenmod.trebuchet.CustomHomeLauncher]
11-14 19:29:12.844   807  1233 I am_restart_activity: [0,1102254256,95,com.android.settings/.Settings]
11-14 19:29:13.204   182   182 I sf_frame_dur: [com.cyanogenmod.trebuchet/org.cyanogenmod.trebuchet.CustomHomeLauncher,0,0,0,0,0,0,1]
11-14 19:29:15.524   807  1233 I wm_task_removed: [94,removeTask]
11-14 19:29:15.524   807  1233 I wm_task_removed: [94,removeAppToken: last token]
11-14 19:29:15.574  4309  4309 I am_on_resume_called: [0,com.android.settings.Settings]
11-14 19:29:15.694   807  1453 I am_create_service: [0,1116318272,.SearchPopulator,1000,4309]
11-14 19:29:15.764   807   833 I am_activity_launch_time: [0,1102254256,com.android.settings/.Settings,2919,2919]
11-14 19:29:15.824   807   820 I am_destroy_service: [0,1116318272,4309]
11-14 19:29:15.974   182   182 I sf_frame_dur: [Starting com.android.settings,1,0,0,0,0,0,0]
11-14 19:29:21.264   807  1678 I wm_task_moved: [95,1,2]
11-14 19:29:21.264   807  1678 I wm_home_stack_moved: 0
11-14 19:29:21.264   807  1678 I am_create_activity: [0,1103070048,95,com.android.settings/.SubSettings,android.intent.action.MAIN,NULL,NULL,0]
11-14 19:29:21.264   807  1678 I am_pause_activity: [0,1102254256,com.android.settings/.Settings]
11-14 19:29:21.284  4309  4309 I am_on_paused_called: [0,com.android.settings.Settings]
11-14 19:29:21.284   807   820 I am_restart_activity: [0,1103070048,95,com.android.settings/.SubSettings]
11-14 19:29:21.344  4309  4309 I am_on_resume_called: [0,com.android.settings.SubSettings]
11-14 19:29:21.424   807   833 I am_activity_launch_time: [0,1103070048,com.android.settings/.SubSettings,142,142]
11-14 19:29:21.764   182   182 I sf_frame_dur: [com.android.settings/com.android.settings.Settings,108,9,2,2,1,2,1]
11-14 19:29:22.014   807   819 I am_finish_activity: [0,1103070048,95,com.android.settings/.SubSettings,app-request]
11-14 19:29:22.014   807   819 I am_pause_activity: [0,1103070048,com.android.settings/.SubSettings]
11-14 19:29:22.024  4309  4309 I am_on_paused_called: [0,com.android.settings.SubSettings]
11-14 19:29:22.024   807  1233 I am_resume_activity: [0,1102254256,95,com.android.settings/.Settings]
11-14 19:29:22.034  4309  4309 I am_on_resume_called: [0,com.android.settings.Settings]
11-14 19:29:22.474   807   836 I am_destroy_activity: [0,1103070048,95,com.android.settings/.SubSettings,finish-imm]
11-14 19:29:22.484   182   182 I sf_frame_dur: [com.android.settings/com.android.settings.SubSettings,0,1,0,0,1,0,0]
11-14 19:29:25.894   807  1453 I am_finish_activity: [0,1102254256,95,com.android.settings/.Settings,app-request]
11-14 19:29:25.894   807  1453 I wm_home_stack_moved: 1
11-14 19:29:25.894   807  1453 I wm_task_moved: [4,1,2]
11-14 19:29:25.894   807  1453 I wm_home_stack_moved: 1
11-14 19:29:25.964   807  1453 I am_pause_activity: [0,1102254256,com.android.settings/.Settings]
11-14 19:29:25.974  4309  4309 I am_on_paused_called: [0,com.android.settings.Settings]
11-14 19:29:25.984   807  1436 I am_resume_activity: [0,1103331160,4,com.cyanogenmod.trebuchet/org.cyanogenmod.trebuchet.CustomHomeLauncher]
11-14 19:29:26.004  2432  2432 I am_on_resume_called: [0,org.cyanogenmod.trebuchet.CustomHomeLauncher]
11-14 19:29:26.494   182   182 I sf_frame_dur: [com.android.settings/com.android.settings.Settings,7,0,0,0,0,0,2]
11-14 19:29:26.514   807   836 I am_destroy_activity: [0,1102254256,95,com.android.settings/.Settings,finish-imm]
11-14 19:29:27.164   807  1436 I am_create_task: [0,96]
11-14 19:29:27.164   807  1436 I am_create_activity: [0,1102272384,96,com.android.settings/.Settings,android.intent.action.MAIN,NULL,NULL,270532608]
11-14 19:29:27.164   807  1436 I wm_task_created: [96,8]
11-14 19:29:27.164   807  1436 I wm_task_moved: [96,1,3]
11-14 19:29:27.164   807  1436 I wm_home_stack_moved: 0
11-14 19:29:27.234   807  1436 I am_pause_activity: [0,1103331160,com.cyanogenmod.trebuchet/org.cyanogenmod.trebuchet.CustomHomeLauncher]
11-14 19:29:27.254  2432  2432 I am_on_paused_called: [0,org.cyanogenmod.trebuchet.CustomHomeLauncher]
11-14 19:29:27.274   807  1234 I am_restart_activity: [0,1102272384,96,com.android.settings/.Settings]
11-14 19:29:27.604   182   182 I sf_frame_dur: [com.cyanogenmod.trebuchet/org.cyanogenmod.trebuchet.CustomHomeLauncher,0,0,0,0,0,0,1]
11-14 19:29:30.014   807  1432 I wm_task_removed: [95,removeTask]
11-14 19:29:30.014   807  1432 I wm_task_removed: [95,removeAppToken: last token]
11-14 19:29:30.064  4309  4309 I am_on_resume_called: [0,com.android.settings.Settings]
11-14 19:29:30.154   807  1233 I am_create_service: [0,1116220856,.SearchPopulator,1000,4309]
11-14 19:29:30.214   807   833 I am_activity_launch_time: [0,1102272384,com.android.settings/.Settings,2943,2943]
11-14 19:29:30.244   807  1453 I am_destroy_service: [0,1116220856,4309]
11-14 19:29:30.424   182   182 I sf_frame_dur: [Starting com.android.settings,1,0,0,0,0,0,0]
11-14 19:29:35.794   807  1678 I wm_task_moved: [96,1,2]
11-14 19:29:35.794   807  1678 I wm_home_stack_moved: 0
11-14 19:29:35.794   807  1678 I am_create_activity: [0,1103070048,96,com.android.settings/.SubSettings,android.intent.action.MAIN,NULL,NULL,0]
11-14 19:29:35.794   807  1678 I am_pause_activity: [0,1102272384,com.android.settings/.Settings]
11-14 19:29:35.804  4309  4309 I am_on_paused_called: [0,com.android.settings.Settings]
11-14 19:29:35.804   807   819 I am_restart_activity: [0,1103070048,96,com.android.settings/.SubSettings]
11-14 19:29:35.864  4309  4309 I am_on_resume_called: [0,com.android.settings.SubSettings]
11-14 19:29:35.934   807   833 I am_activity_launch_time: [0,1103070048,com.android.settings/.SubSettings,125,125]
11-14 19:29:36.264   182   182 I sf_frame_dur: [com.android.settings/com.android.settings.Settings,109,7,4,1,2,3,1]
11-14 19:29:36.514   807   818 I am_finish_activity: [0,1103070048,96,com.android.settings/.SubSettings,app-request]
11-14 19:29:36.514   807   818 I am_pause_activity: [0,1103070048,com.android.settings/.SubSettings]
11-14 19:29:36.514  4309  4309 I am_on_paused_called: [0,com.android.settings.SubSettings]
11-14 19:29:36.514   807  1233 I am_resume_activity: [0,1102272384,96,com.android.settings/.Settings]
11-14 19:29:36.524  4309  4309 I am_on_resume_called: [0,com.android.settings.Settings]
11-14 19:29:36.934   807   836 I am_destroy_activity: [0,1103070048,96,com.android.settings/.SubSettings,finish-imm]
11-14 19:29:36.954   182   182 I sf_frame_dur: [com.android.settings/com.android.settings.SubSettings,2,0,0,0,0,0,0]
11-14 19:29:40.754   807   819 I am_finish_activity: [0,1102272384,96,com.android.settings/.Settings,app-request]
11-14 19:29:40.754   807   819 I wm_home_stack_moved: 1
11-14 19:29:40.754   807   819 I wm_task_moved: [4,1,2]
11-14 19:29:40.754   807   819 I wm_home_stack_moved: 1
11-14 19:29:40.834   807   819 I am_pause_activity: [0,1102272384,com.android.settings/.Settings]
11-14 19:29:40.844  4309  4309 I am_on_paused_called: [0,com.android.settings.Settings]
11-14 19:29:40.854   807  1453 I am_resume_activity: [0,1103331160,4,com.cyanogenmod.trebuchet/org.cyanogenmod.trebuchet.CustomHomeLauncher]
11-14 19:29:40.864  2432  2432 I am_on_resume_called: [0,org.cyanogenmod.trebuchet.CustomHomeLauncher]
11-14 19:29:41.324   807   836 I am_destroy_activity: [0,1102272384,96,com.android.settings/.Settings,finish-imm]
11-14 19:29:41.334   182   182 I sf_frame_dur: [com.android.settings/com.android.settings.Settings,5,1,0,0,0,0,1]
11-14 19:29:42.074   807  1233 I am_create_task: [0,97]
11-14 19:29:42.074   807  1233 I am_create_activity: [0,1102254256,97,com.android.settings/.Settings,android.intent.action.MAIN,NULL,NULL,270532608]
11-14 19:29:42.074   807  1233 I wm_task_created: [97,8]
11-14 19:29:42.074   807  1233 I wm_task_moved: [97,1,3]
11-14 19:29:42.074   807  1233 I wm_home_stack_moved: 0
