11-14 19:13:32.234   185   847 V audio_hw_primary: stop_output_stream: exit: status(0)
11-14 19:13:32.234   185   847 V audio_hw_primary: out_standby: exit
11-14 19:13:32.894  4175  4175 W InteractionController: runAndwaitForEvent timedout waiting for events
11-14 19:13:32.934  4175  4175 D UiScrollable: scrollForward() on selector = UiSelector[SCROLLABLE=true]
11-14 19:13:32.964  4175  4175 I QueryController: Matched selector: UiSelector[SCROLLABLE=true] <<==>> [android.view.accessibility.AccessibilityNodeInfo@17ccaa; boundsInParent: Rect(0, 0 - 1080, 1557); boundsInScreen: Rect(0, 219 - 1080, 1776); packageName: com.android.settings; className: android.widget.ListView; text: null; contentDescription: null; viewIdResName: android:id/list; checkable: false; checked: false; focusable: true; focused: true; selected: false; clickable: true; longClickable: false; enabled: true; password: false; scrollable: true; [ACTION_CLEAR_FOCUS, ACTION_SELECT, ACTION_CLEAR_SELECTION, ACTION_CLICK, ACTION_ACCESSIBILITY_FOCUS, ACTION_SCROLL_FORWARD]]
11-14 19:13:32.964  4175  4175 D InteractionController: scrollSwipe (540, 1621, 540, 374, 55)
11-14 19:13:34.114  4175  4175 W InteractionController: runAndwaitForEvent timedout waiting for events
11-14 19:13:34.114  4175  4175 D InteractionController: scrollSwipe reached scroll end: false
11-14 19:13:34.854  4175  4175 I QueryController: Matched selector: UiSelector[SCROLLABLE=true, CHILD=UiSelector[TEXT=Apps]] <<==>> [android.view.accessibility.AccessibilityNodeInfo@17e6f1; boundsInParent: Rect(0, 0 - 126, 73); boundsInScreen: Rect(174, 1263 - 300, 1336); packageName: com.android.settings; className: android.widget.TextView; text: Apps; contentDescription: null; viewIdResName: android:id/title; checkable: false; checked: false; focusable: false; focused: false; selected: false; clickable: false; longClickable: false; enabled: true; password: false; scrollable: false; [ACTION_SELECT, ACTION_CLEAR_SELECTION, ACTION_ACCESSIBILITY_FOCUS, ACTION_NEXT_AT_MOVEMENT_GRANULARITY, ACTION_PREVIOUS_AT_MOVEMENT_GRANULARITY, ACTION_SET_SELECTION]]
11-14 19:13:35.444  4175  4175 I QueryController: Counted 11 instances of: UiSelector[CONTAINER=UiSelector[SCROLLABLE=true], PATTERN=UiSelector[PATTERN=UiSelector[CLASS=android.widget.TextView]]]
11-14 19:13:36.094  4175  4175 I QueryController: Matched selector: UiSelector[CONTAINER=UiSelector[SCROLLABLE=true], PATTERN=UiSelector[INSTANCE=0, PATTERN=UiSelector[CLASS=android.widget.TextView]]] <<==>> [android.view.accessibility.AccessibilityNodeInfo@17fd77; boundsInParent: Rect(0, 0 - 462, 73); boundsInScreen: Rect(174, 289 - 636, 362); packageName: com.android.settings; className: android.widget.TextView; text: Notification drawer; contentDescription: null; viewIdResName: android:id/title; checkable: false; checked: false; focusable: false; focused: false; selected: false; clickable: false; longClickable: false; enabled: true; password: false; scrollable: false; [ACTION_SELECT, ACTION_CLEAR_SELECTION, ACTION_ACCESSIBILITY_FOCUS, ACTION_NEXT_AT_MOVEMENT_GRANULARITY, ACTION_PREVIOUS_AT_MOVEMENT_GRANULARITY, ACTION_SET_SELECTION]]
11-14 19:13:36.094  4175  4175 D UiObject: getText() = Notification drawer
11-14 19:13:36.144  4175  4175 I QueryController: Matched selector: UiSelector[CONTAINER=UiSelector[SCROLLABLE=true], PATTERN=UiSelector[INSTANCE=1, PATTERN=UiSelector[CLASS=android.widget.TextView]]] <<==>> [android.view.accessibility.AccessibilityNodeInfo@180138; boundsInParent: Rect(0, 0 - 984, 96); boundsInScreen: Rect(48, 400 - 1032, 496); packageName: com.android.settings; className: android.widget.TextView; text: DEVICE; contentDescription: null; viewIdResName: null; checkable: false; checked: false; focusable: false; focused: false; selected: false; clickable: false; longClickable: false; enabled: false; password: false; scrollable: false; [ACTION_SELECT, ACTION_CLEAR_SELECTION, ACTION_ACCESSIBILITY_FOCUS, ACTION_NEXT_AT_MOVEMENT_GRANULARITY, ACTION_PREVIOUS_AT_MOVEMENT_GRANULARITY, ACTION_SET_SELECTION]]
11-14 19:13:36.144  4175  4175 D UiObject: getText() = DEVICE
11-14 19:13:36.174  4175  4175 I QueryController: Matched selector: UiSelector[CONTAINER=UiSelector[SCROLLABLE=true], PATTERN=UiSelector[INSTANCE=2, PATTERN=UiSelector[CLASS=android.widget.TextView]]] <<==>> [android.view.accessibility.AccessibilityNodeInfo@190f80; boundsInParent: Rect(0, 0 - 157, 73); boundsInScreen: Rect(174, 533 - 331, 606); packageName: com.android.settings; className: android.widget.TextView; text: Sound; contentDescription: null; viewIdResName: android:id/title; checkable: false; checked: false; focusable: false; focused: false; selected: false; clickable: false; longClickable: false; enabled: true; password: false; scrollable: false; [ACTION_SELECT, ACTION_CLEAR_SELECTION, ACTION_ACCESSIBILITY_FOCUS, ACTION_NEXT_AT_MOVEMENT_GRANULARITY, ACTION_PREVIOUS_AT_MOVEMENT_GRANULARITY, ACTION_SET_SELECTION]]
11-14 19:13:36.174  4175  4175 D UiObject: getText() = Sound
11-14 19:13:36.204  4175  4175 I QueryController: Matched selector: UiSelector[CONTAINER=UiSelector[SCROLLABLE=true], PATTERN=UiSelector[INSTANCE=3, PATTERN=UiSelector[CLASS=android.widget.TextView]]] <<==>> [android.view.accessibility.AccessibilityNodeInfo@191341; boundsInParent: Rect(0, 0 - 372, 73); boundsInScreen: Rect(174, 679 - 546, 752); packageName: com.android.settings; className: android.widget.TextView; text: Display & lights; contentDescription: null; viewIdResName: android:id/title; checkable: false; checked: false; focusable: false; focused: false; selected: false; clickable: false; longClickable: false; enabled: true; password: false; scrollable: false; [ACTION_SELECT, ACTION_CLEAR_SELECTION, ACTION_ACCESSIBILITY_FOCUS, ACTION_NEXT_AT_MOVEMENT_GRANULARITY, ACTION_PREVIOUS_AT_MOVEMENT_GRANULARITY, ACTION_SET_SELECTION]]
11-14 19:13:36.204  4175  4175 D UiObject: getText() = Display & lights
11-14 19:13:36.244  4175  4175 I QueryController: Matched selector: UiSelector[CONTAINER=UiSelector[SCROLLABLE=true], PATTERN=UiSelector[INSTANCE=4, PATTERN=UiSelector[CLASS=android.widget.TextView]]] <<==>> [android.view.accessibility.AccessibilityNodeInfo@191702; boundsInParent: Rect(0, 0 - 189, 73); boundsInScreen: Rect(174, 825 - 363, 898); packageName: com.android.settings; className: android.widget.TextView; text: Buttons; contentDescription: null; viewIdResName: android:id/title; checkable: false; checked: false; focusable: false; focused: false; selected: false; clickable: false; longClickable: false; enabled: true; password: false; scrollable: false; [ACTION_SELECT, ACTION_CLEAR_SELECTION, ACTION_ACCESSIBILITY_FOCUS, ACTION_NEXT_AT_MOVEMENT_GRANULARITY, ACTION_PREVIOUS_AT_MOVEMENT_GRANULARITY, ACTION_SET_SELECTION]]
11-14 19:13:36.244  4175  4175 D UiObject: getText() = Buttons
11-14 19:13:36.274  4175  4175 I QueryController: Matched selector: UiSelector[CONTAINER=UiSelector[SCROLLABLE=true], PATTERN=UiSelector[INSTANCE=5, PATTERN=UiSelector[CLASS=android.widget.TextView]]] <<==>> [android.view.accessibility.AccessibilityNodeInfo@191ac3; boundsInParent: Rect(0, 0 - 189, 73); boundsInScreen: Rect(174, 971 - 363, 1044); packageName: com.android.settings; className: android.widget.TextView; text: Storage; contentDescription: null; viewIdResName: android:id/title; checkable: false; checked: false; focusable: false; focused: false; selected: false; clickable: false; longClickable: false; enabled: true; password: false; scrollable: false; [ACTION_SELECT, ACTION_CLEAR_SELECTION, ACTION_ACCESSIBILITY_FOCUS, ACTION_NEXT_AT_MOVEMENT_GRANULARITY, ACTION_PREVIOUS_AT_MOVEMENT_GRANULARITY, ACTION_SET_SELECTION]]
11-14 19:13:36.274  4175  4175 D UiObject: getText() = Storage
11-14 19:13:36.314  4175  4175 I QueryController: Matched selector: UiSelector[CONTAINER=UiSelector[SCROLLABLE=true], PATTERN=UiSelector[INSTANCE=6, PATTERN=UiSelector[CLASS=android.widget.TextView]]] <<==>> [android.view.accessibility.AccessibilityNodeInfo@191e84; boundsInParent: Rect(0, 0 - 173, 73); boundsInScreen: Rect(174, 1117 - 347, 1190); packageName: com.android.settings; className: android.widget.TextView; text: Battery; contentDescription: null; viewIdResName: android:id/title; checkable: false; checked: false; focusable: false; focused: false; selected: false; clickable: false; longClickable: false; enabled: true; password: false; scrollable: false; [ACTION_SELECT, ACTION_CLEAR_SELECTION, ACTION_ACCESSIBILITY_FOCUS, ACTION_NEXT_AT_MOVEMENT_GRANULARITY, ACTION_PREVIOUS_AT_MOVEMENT_GRANULARITY, ACTION_SET_SELECTION]]
11-14 19:13:36.314  4175  4175 D UiObject: getText() = Battery
11-14 19:13:36.344  4175  4175 I QueryController: Matched selector: UiSelector[CONTAINER=UiSelector[SCROLLABLE=true], PATTERN=UiSelector[INSTANCE=7, PATTERN=UiSelector[CLASS=android.widget.TextView]]] <<==>> [android.view.accessibility.AccessibilityNodeInfo@17e6f1; boundsInParent: Rect(0, 0 - 126, 73); boundsInScreen: Rect(174, 1263 - 300, 1336); packageName: com.android.settings; className: android.widget.TextView; text: Apps; contentDescription: null; viewIdResName: android:id/title; checkable: false; checked: false; focusable: false; focused: false; selected: false; clickable: false; longClickable: false; enabled: true; password: false; scrollable: false; [ACTION_SELECT, ACTION_CLEAR_SELECTION, ACTION_ACCESSIBILITY_FOCUS, ACTION_NEXT_AT_MOVEMENT_GRANULARITY, ACTION_PREVIOUS_AT_MOVEMENT_GRANULARITY, ACTION_SET_SELECTION]]
11-14 19:13:36.344  4175  4175 D UiObject: getText() = Apps
11-14 19:13:36.364  4175  4175 I QueryController: Matched selector: UiSelector[CONTAINER=UiSelector[SCROLLABLE=true], PATTERN=UiSelector[INSTANCE=7, PATTERN=UiSelector[CLASS=android.widget.TextView]]] <<==>> [android.view.accessibility.AccessibilityNodeInfo@17e6f1; boundsInParent: Rect(0, 0 - 126, 73); boundsInScreen: Rect(174, 1263 - 300, 1336); packageName: com.android.settings; className: android.widget.TextView; text: Apps; contentDescription: null; viewIdResName: android:id/title; checkable: false; checked: false; focusable: false; focused: false; selected: false; clickable: false; longClickable: false; enabled: true; password: false; scrollable: false; [ACTION_SELECT, ACTION_CLEAR_SELECTION, ACTION_ACCESSIBILITY_FOCUS, ACTION_NEXT_AT_MOVEMENT_GRANULARITY, ACTION_PREVIOUS_AT_MOVEMENT_GRANULARITY, ACTION_SET_SELECTION]]
11-14 19:13:36.364  4175  4175 D InteractionController: clickAndWaitForNewWindow(237, 1299)
11-14 19:13:36.544  4309  4309 I Timeline: Timeline: Activity_launch_request id:com.android.settings time:481479
11-14 19:13:36.544   185   850 D AudioPolicyManagerBase: getOutput() device 2, stream 1, samplingRate 0, format 0, channelMask 3, flags 0
11-14 19:13:36.544   185   850 D AudioPolicyManagerBase: getOutput() returns output 2
11-14 19:13:36.544   185  2024 D AudioPolicyManagerBase: getOutput() device 2, stream 1, samplingRate 0, format 0, channelMask 3, flags 0
11-14 19:13:36.544   185  2024 D AudioPolicyManagerBase: getOutput() returns output 2
11-14 19:13:36.544   185  1527 D AudioPolicyManagerBase: getOutput() device 2, stream 1, samplingRate 48000, format 1, channelMask 3, flags 4
11-14 19:13:36.544   185  1527 D AudioPolicyManagerBase: getOutput() returns output 3
11-14 19:13:36.554   185   850 D AudioFlinger: start(4099), calling pid 807 session 71
11-14 19:13:36.554   185   850 D AudioFlinger: ? => ACTIVE (4099) on thread 0xb8da18a0
11-14 19:13:36.554   185   850 I QCOM PowerHAL: Processing audio hint. Metadata: state=1
11-14 19:13:36.554   185   850 D AudioPolicyManagerBase: startOutput() output 3, stream 1, session 71
11-14 19:13:36.564   185   794 V audio_hw_primary: start_output_stream: enter: usecase(1: low-latency-playback) devices(0x2)
11-14 19:13:36.564   185   794 V msm8974_platform: platform_get_output_snd_device: enter: output devices(0x2)
11-14 19:13:36.564   185   794 V msm8974_platform: platform_get_output_snd_device: exit: snd_device(speaker)
11-14 19:13:36.564   185   794 D audio_hw_primary: select_devices: out_snd_device(2: speaker) in_snd_device(0: )
11-14 19:13:36.564   185   794 W msm8974_platform: Property audio.offload.24bit.enable is set
11-14 19:13:36.564   185   794 V msm8974_platform: platform_check_and_set_codec_backend_cfg usecase = 1
11-14 19:13:36.564   185   794 W msm8974_platform: Codec backend bitwidth 16, samplerate 48000
11-14 19:13:36.564   185   794 V msm8974_platform: Playback running bw 16 sr 48000 standby 0
11-14 19:13:36.564   185   794 V audio_hw_primary: enable_snd_device: snd_device(2: speaker)
11-14 19:13:36.564   185   794 V audio_hw_primary: enable_audio_route: enter: usecase(1)
11-14 19:13:36.564   185   794 V audio_hw_primary: enable_audio_route: apply mixer path: low-latency-playback
11-14 19:13:36.564   185   794 V audio_hw_primary: enable_audio_route: exit
11-14 19:13:36.564   185   794 V audio_hw_primary: start_output_stream: Opening PCM device card_id(0) device_id(15)
11-14 19:13:36.574   185   794 V audio_hw_primary: start_output_stream: exit
11-14 19:13:36.604  4309  4309 D SubSettings: Launching fragment com.android.settings.applications.ManageApplications
11-14 19:13:36.714   807   833 I ActivityManager: Displayed com.android.settings/.SubSettings: +149ms
11-14 19:13:36.744   185   791 I QCOM PowerHAL: Processing audio hint. Metadata: state=0
11-14 19:13:36.774  4309  4309 I Timeline: Timeline: Activity_idle id: android.os.BinderProxy@428b6a60 time:481718
11-14 19:13:37.034   807   833 I Timeline: Timeline: Activity_windows_visible id: ActivityRecord{41c334c0 u0 com.android.settings/.SubSettings t22} time:481974
11-14 19:13:37.304  4309  4309 D BluetoothAdapter: 1105589248: getState() :  mService = null. Returning STATE_OFF
11-14 19:13:37.404  4309  4309 I Timeline: Timeline: Activity_idle id: android.os.BinderProxy@42b82400 time:482349
11-14 19:13:37.724   807   833 I Timeline: Timeline: Activity_windows_visible id: ActivityRecord{41b310b0 u0 com.android.settings/.Settings t22} time:482661
11-14 19:13:38.414  2682  2682 I wpa_supplicant: wlan0: CTRL-EVENT-SCAN-STARTED 
11-14 19:13:39.274  4309  4309 I Choreographer: Skipped 92 frames!  The application may be doing too much work on its main thread.
11-14 19:13:39.484  2432  2432 I Timeline: Timeline: Activity_idle id: android.os.BinderProxy@41b84680 time:484420
11-14 19:13:39.714   185   847 V audio_hw_primary: out_standby: enter: usecase(1: low-latency-playback)
11-14 19:13:39.754   185   847 V audio_hw_primary: stop_output_stream: enter: usecase(1: low-latency-playback)
11-14 19:13:39.754   185   847 V audio_hw_primary: disable_audio_route: enter: usecase(1)
11-14 19:13:39.754   185   847 V audio_hw_primary: disable_audio_route: reset mixer path: low-latency-playback
11-14 19:13:39.754   185   847 V audio_hw_primary: disable_audio_route: exit
11-14 19:13:39.754   185   847 V audio_hw_primary: disable_snd_device: snd_device(2: speaker) refcnt=0
11-14 19:13:39.754   185   847 V audio_hw_primary: stop_output_stream: exit: status(0)
11-14 19:13:39.754   185   847 V audio_hw_primary: out_standby: exit
11-14 19:13:39.894   807   833 I Timeline: Timeline: Activity_windows_visible id: ActivityRecord{41c37f58 u0 com.cyanogenmod.trebuchet/org.cyanogenmod.trebuchet.CustomHomeLauncher t4} time:484834
11-14 19:13:40.384  4175  4175 W InteractionController: runAndwaitForEvent timedout waiting for events
11-14 19:13:40.434  4175  4175 I QueryController: Matched selector: UiSelector[TEXT=Settings] <<==>> [android.view.accessibility.AccessibilityNodeInfo@27a4b; boundsInParent: Rect(524167, 0 - 524428, 320); boundsInScreen: Rect(801, 1071 - 1062, 1391); packageName: com.cyanogenmod.trebuchet; className: android.widget.TextView; text: Settings; contentDescription: null; viewIdResName: null; checkable: false; checked: false; focusable: true; focused: false; selected: false; clickable: true; longClickable: true; enabled: true; password: false; scrollable: false; [ACTION_FOCUS, ACTION_SELECT, ACTION_CLEAR_SELECTION, ACTION_CLICK, ACTION_LONG_CLICK, ACTION_ACCESSIBILITY_FOCUS, ACTION_NEXT_AT_MOVEMENT_GRANULARITY, ACTION_PREVIOUS_AT_MOVEMENT_GRANULARITY, ACTION_SET_SELECTION]]
11-14 19:13:40.454  4175  4175 I QueryController: Matched selector: UiSelector[TEXT=Settings] <<==>> [android.view.accessibility.AccessibilityNodeInfo@27a4b; boundsInParent: Rect(524167, 0 - 524428, 320); boundsInScreen: Rect(801, 1071 - 1062, 1391); packageName: com.cyanogenmod.trebuchet; className: android.widget.TextView; text: Settings; contentDescription: null; viewIdResName: null; checkable: false; checked: false; focusable: true; focused: false; selected: false; clickable: true; longClickable: true; enabled: true; password: false; scrollable: false; [ACTION_FOCUS, ACTION_SELECT, ACTION_CLEAR_SELECTION, ACTION_CLICK, ACTION_LONG_CLICK, ACTION_ACCESSIBILITY_FOCUS, ACTION_NEXT_AT_MOVEMENT_GRANULARITY, ACTION_PREVIOUS_AT_MOVEMENT_GRANULARITY, ACTION_SET_SELECTION]]
11-14 19:13:40.454  4175  4175 D InteractionController: clickAndWaitForNewWindow(931, 1231)
11-14 19:13:40.574   185  2024 D AudioPolicyManagerBase: getOutput() device 2, stream 1, samplingRate 0, format 0, channelMask 3, flags 0
11-14 19:13:40.574   185  2024 D AudioPolicyManagerBase: getOutput() returns output 2
11-14 19:13:40.574   185   850 D AudioPolicyManagerBase: getOutput() device 2, stream 1, samplingRate 0, format 0, channelMask 3, flags 0
11-14 19:13:40.574   185   850 D AudioPolicyManagerBase: getOutput() returns output 2
11-14 19:13:40.574   185  1527 D AudioPolicyManagerBase: getOutput() device 2, stream 1, samplingRate 48000, format 1, channelMask 3, flags 4
11-14 19:13:40.574   185  1527 D AudioPolicyManagerBase: getOutput() returns output 3
11-14 19:13:40.574  2432  2432 I Timeline: Timeline: Activity_launch_request id:com.android.settings time:485519
11-14 19:13:40.584   185  2024 D AudioFlinger: start(4101), calling pid 807 session 72
11-14 19:13:40.584   185  2024 D AudioFlinger: ? => ACTIVE (4101) on thread 0xb8dacb70
11-14 19:13:40.584   185  2024 I QCOM PowerHAL: Processing audio hint. Metadata: state=1
11-14 19:13:40.584   185  2024 D AudioPolicyManagerBase: startOutput() output 3, stream 1, session 72
11-14 19:13:40.594   185   794 V audio_hw_primary: start_output_stream: enter: usecase(1: low-latency-playback) devices(0x2)
11-14 19:13:40.594   185   794 V msm8974_platform: platform_get_output_snd_device: enter: output devices(0x2)
11-14 19:13:40.594   185   794 V msm8974_platform: platform_get_output_snd_device: exit: snd_device(speaker)
11-14 19:13:40.594   185   794 D audio_hw_primary: select_devices: out_snd_device(2: speaker) in_snd_device(0: )
11-14 19:13:40.594   185   794 W msm8974_platform: Property audio.offload.24bit.enable is set
11-14 19:13:40.594   185   794 V msm8974_platform: platform_check_and_set_codec_backend_cfg usecase = 1
11-14 19:13:40.594   185   794 W msm8974_platform: Codec backend bitwidth 16, samplerate 48000
11-14 19:13:40.594   185   794 V msm8974_platform: Playback running bw 16 sr 48000 standby 0
11-14 19:13:40.594   185   794 V audio_hw_primary: enable_snd_device: snd_device(2: speaker)
11-14 19:13:40.594   185   794 V audio_hw_primary: enable_audio_route: enter: usecase(1)
11-14 19:13:40.594   185   794 V audio_hw_primary: enable_audio_route: apply mixer path: low-latency-playback
11-14 19:13:40.594   185   794 V audio_hw_primary: enable_audio_route: exit
11-14 19:13:40.594   185   794 V audio_hw_primary: start_output_stream: Opening PCM device card_id(0) device_id(15)
11-14 19:13:40.604   185   794 V audio_hw_primary: start_output_stream: exit
11-14 19:13:40.764   185   791 I QCOM PowerHAL: Processing audio hint. Metadata: state=0
11-14 19:13:41.054  4309  4309 D BluetoothAdapter: 1105589248: getState() :  mService = null. Returning STATE_OFF
11-14 19:13:41.094  4309  4309 D BluetoothAdapter: 1105589248: getState() :  mService = null. Returning STATE_OFF
11-14 19:13:41.164  4309  4309 D BluetoothAdapter: 1105589248: getState() :  mService = null. Returning STATE_OFF
11-14 19:13:41.204   807   833 I ActivityManager: Displayed com.android.settings/.Settings: +543ms
11-14 19:13:41.204   807   833 I Timeline: Timeline: Activity_windows_visible id: ActivityRecord{41b35780 u0 com.android.settings/.Settings t23} time:486140
11-14 19:13:41.224  4309  4309 I Timeline: Timeline: Activity_idle id: android.os.BinderProxy@42be61c0 time:486169
11-14 19:13:43.094  4175  4175 I QueryController: Matched selector: UiSelector[RESOURCE_ID=android:id/action_bar_title] <<==>> [android.view.accessibility.AccessibilityNodeInfo@1a1288; boundsInParent: Rect(0, 0 - 198, 73); boundsInScreen: Rect(145, 110 - 343, 183); packageName: com.android.settings; className: android.widget.TextView; text: Settings; contentDescription: null; viewIdResName: android:id/action_bar_title; checkable: false; checked: false; focusable: false; focused: false; selected: false; clickable: false; longClickable: false; enabled: true; password: false; scrollable: false; [ACTION_SELECT, ACTION_CLEAR_SELECTION, ACTION_ACCESSIBILITY_FOCUS, ACTION_NEXT_AT_MOVEMENT_GRANULARITY, ACTION_PREVIOUS_AT_MOVEMENT_GRANULARITY, ACTION_SET_SELECTION]]
11-14 19:13:43.094  4175  4175 D UiObject: getText() = Settings
11-14 19:13:43.124  4175  4175 D UiScrollable: scrollToBeginning() on selector = UiSelector[SCROLLABLE=true]
11-14 19:13:43.124  4175  4175 D UiScrollable: scrollBackward() on selector = UiSelector[SCROLLABLE=true]
11-14 19:13:43.144  4175  4175 I QueryController: Matched selector: UiSelector[SCROLLABLE=true] <<==>> [android.view.accessibility.AccessibilityNodeInfo@1a0b06; boundsInParent: Rect(0, 0 - 1080, 1557); boundsInScreen: Rect(0, 219 - 1080, 1776); packageName: com.android.settings; className: android.widget.ListView; text: null; contentDescription: null; viewIdResName: android:id/list; checkable: false; checked: false; focusable: true; focused: true; selected: false; clickable: true; longClickable: false; enabled: true; password: false; scrollable: true; [ACTION_CLEAR_FOCUS, ACTION_SELECT, ACTION_CLEAR_SELECTION, ACTION_CLICK, ACTION_ACCESSIBILITY_FOCUS, ACTION_SCROLL_FORWARD]]
11-14 19:13:43.144  4175  4175 D UiScrollable: scrollToBegining() using vertical scroll
11-14 19:13:43.144  4175  4175 D InteractionController: scrollSwipe (540, 374, 540, 1621, 55)
11-14 19:13:43.734   185   847 V audio_hw_primary: out_standby: enter: usecase(1: low-latency-playback)
11-14 19:13:43.794   185   847 V audio_hw_primary: stop_output_stream: enter: usecase(1: low-latency-playback)
11-14 19:13:43.794   185   847 V audio_hw_primary: disable_audio_route: enter: usecase(1)
11-14 19:13:43.794   185   847 V audio_hw_primary: disable_audio_route: reset mixer path: low-latency-playback
11-14 19:13:43.804   185   847 V audio_hw_primary: disable_audio_route: exit
11-14 19:13:43.804   185   847 V audio_hw_primary: disable_snd_device: snd_device(2: speaker) refcnt=0
11-14 19:13:43.814   185   847 V audio_hw_primary: stop_output_stream: exit: status(0)
11-14 19:13:43.814   185   847 V audio_hw_primary: out_standby: exit
11-14 19:13:44.284  4175  4175 W InteractionController: runAndwaitForEvent timedout waiting for events
11-14 19:13:44.314  4175  4175 D UiScrollable: scrollForward() on selector = UiSelector[SCROLLABLE=true]
11-14 19:13:44.354  4175  4175 I QueryController: Matched selector: UiSelector[SCROLLABLE=true] <<==>> [android.view.accessibility.AccessibilityNodeInfo@1a0b06; boundsInParent: Rect(0, 0 - 1080, 1557); boundsInScreen: Rect(0, 219 - 1080, 1776); packageName: com.android.settings; className: android.widget.ListView; text: null; contentDescription: null; viewIdResName: android:id/list; checkable: false; checked: false; focusable: true; focused: true; selected: false; clickable: true; longClickable: false; enabled: true; password: false; scrollable: true; [ACTION_CLEAR_FOCUS, ACTION_SELECT, ACTION_CLEAR_SELECTION, ACTION_CLICK, ACTION_ACCESSIBILITY_FOCUS, ACTION_SCROLL_FORWARD]]
11-14 19:13:44.354  4175  4175 D InteractionController: scrollSwipe (540, 1621, 540, 374, 55)
11-14 19:13:45.524  4175  4175 W InteractionController: runAndwaitForEvent timedout waiting for events
11-14 19:13:45.524  4175  4175 D InteractionController: scrollSwipe reached scroll end: false
11-14 19:13:46.014  4175  4175 I QueryController: Matched selector: UiSelector[SCROLLABLE=true, CHILD=UiSelector[TEXT=Apps]] <<==>> [android.view.accessibility.AccessibilityNodeInfo@1a218c; boundsInParent: Rect(0, 0 - 126, 73); boundsInScreen: Rect(174, 1392 - 300, 1465); packageName: com.android.settings; className: android.widget.TextView; text: Apps; contentDescription: null; viewIdResName: android:id/title; checkable: false; checked: false; focusable: false; focused: false; selected: false; clickable: false; longClickable: false; enabled: true; password: false; scrollable: false; [ACTION_SELECT, ACTION_CLEAR_SELECTION, ACTION_ACCESSIBILITY_FOCUS, ACTION_NEXT_AT_MOVEMENT_GRANULARITY, ACTION_PREVIOUS_AT_MOVEMENT_GRANULARITY, ACTION_SET_SELECTION]]
11-14 19:13:46.604  4175  4175 I QueryController: Counted 11 instances of: UiSelector[CONTAINER=UiSelector[SCROLLABLE=true], PATTERN=UiSelector[PATTERN=UiSelector[CLASS=android.widget.TextView]]]
11-14 19:13:46.624  4175  4175 I QueryController: Matched selector: UiSelector[CONTAINER=UiSelector[SCROLLABLE=true], PATTERN=UiSelector[INSTANCE=0, PATTERN=UiSelector[CLASS=android.widget.TextView]]] <<==>> [android.view.accessibility.AccessibilityNodeInfo@1a3812; boundsInParent: Rect(0, 0 - 249, 73); boundsInScreen: Rect(174, 272 - 423, 345); packageName: com.android.settings; className: android.widget.TextView; text: Status bar; contentDescription: null; viewIdResName: android:id/title; checkable: false; checked: false; focusable: false; focused: false; selected: false; clickable: false; longClickable: false; enabled: true; password: false; scrollable: false; [ACTION_SELECT, ACTION_CLEAR_SELECTION, ACTION_ACCESSIBILITY_FOCUS, ACTION_NEXT_AT_MOVEMENT_GRANULARITY, ACTION_PREVIOUS_AT_MOVEMENT_GRANULARITY, ACTION_SET_SELECTION]]
11-14 19:13:46.634  4175  4175 D UiObject: getText() = Status bar
11-14 19:13:46.674  4175  4175 I QueryController: Matched selector: UiSelector[CONTAINER=UiSelector[SCROLLABLE=true], PATTERN=UiSelector[INSTANCE=1, PATTERN=UiSelector[CLASS=android.widget.TextView]]] <<==>> [android.view.accessibility.AccessibilityNodeInfo@1a3bd3; boundsInParent: Rect(0, 0 - 462, 73); boundsInScreen: Rect(174, 418 - 636, 491); packageName: com.android.settings; className: android.widget.TextView; text: Notification drawer; contentDescription: null; viewIdResName: android:id/title; checkable: false; checked: false; focusable: false; focused: false; selected: false; clickable: false; longClickable: false; enabled: true; password: false; scrollable: false; [ACTION_SELECT, ACTION_CLEAR_SELECTION, ACTION_ACCESSIBILITY_FOCUS, ACTION_NEXT_AT_MOVEMENT_GRANULARITY, ACTION_PREVIOUS_AT_MOVEMENT_GRANULARITY, ACTION_SET_SELECTION]]
11-14 19:13:46.674  4175  4175 D UiObject: getText() = Notification drawer
11-14 19:13:46.704  4175  4175 I QueryController: Matched selector: UiSelector[CONTAINER=UiSelector[SCROLLABLE=true], PATTERN=UiSelector[INSTANCE=2, PATTERN=UiSelector[CLASS=android.widget.TextView]]] <<==>> [android.view.accessibility.AccessibilityNodeInfo@1a3f94; boundsInParent: Rect(0, 0 - 984, 96); boundsInScreen: Rect(48, 529 - 1032, 625); packageName: com.android.settings; className: android.widget.TextView; text: DEVICE; contentDescription: null; viewIdResName: null; checkable: false; checked: false; focusable: false; focused: false; selected: false; clickable: false; longClickable: false; enabled: false; password: false; scrollable: false; [ACTION_SELECT, ACTION_CLEAR_SELECTION, ACTION_ACCESSIBILITY_FOCUS, ACTION_NEXT_AT_MOVEMENT_GRANULARITY, ACTION_PREVIOUS_AT_MOVEMENT_GRANULARITY, ACTION_SET_SELECTION]]
11-14 19:13:46.704  4175  4175 D UiObject: getText() = DEVICE
11-14 19:13:46.744  4175  4175 I QueryController: Matched selector: UiSelector[CONTAINER=UiSelector[SCROLLABLE=true], PATTERN=UiSelector[INSTANCE=3, PATTERN=UiSelector[CLASS=android.widget.TextView]]] <<==>> [android.view.accessibility.AccessibilityNodeInfo@1b4ddc; boundsInParent: Rect(0, 0 - 157, 73); boundsInScreen: Rect(174, 662 - 331, 735); packageName: com.android.settings; className: android.widget.TextView; text: Sound; contentDescription: null; viewIdResName: android:id/title; checkable: false; checked: false; focusable: false; focused: false; selected: false; clickable: false; longClickable: false; enabled: true; password: false; scrollable: false; [ACTION_SELECT, ACTION_CLEAR_SELECTION, ACTION_ACCESSIBILITY_FOCUS, ACTION_NEXT_AT_MOVEMENT_GRANULARITY, ACTION_PREVIOUS_AT_MOVEMENT_GRANULARITY, ACTION_SET_SELECTION]]
11-14 19:13:46.744  4175  4175 D UiObject: getText() = Sound
11-14 19:13:46.774  4175  4175 I QueryController: Matched selector: UiSelector[CONTAINER=UiSelector[SCROLLABLE=true], PATTERN=UiSelector[INSTANCE=4, PATTERN=UiSelector[CLASS=android.widget.TextView]]] <<==>> [android.view.accessibility.AccessibilityNodeInfo@1b519d; boundsInParent: Rect(0, 0 - 372, 73); boundsInScreen: Rect(174, 808 - 546, 881); packageName: com.android.settings; className: android.widget.TextView; text: Display & lights; contentDescription: null; viewIdResName: android:id/title; checkable: false; checked: false; focusable: false; focused: false; selected: false; clickable: false; longClickable: false; enabled: true; password: false; scrollable: false; [ACTION_SELECT, ACTION_CLEAR_SELECTION, ACTION_ACCESSIBILITY_FOCUS, ACTION_NEXT_AT_MOVEMENT_GRANULARITY, ACTION_PREVIOUS_AT_MOVEMENT_GRANULARITY, ACTION_SET_SELECTION]]
11-14 19:13:46.774  4175  4175 D UiObject: getText() = Display & lights
11-14 19:13:46.804  4175  4175 I QueryController: Matched selector: UiSelector[CONTAINER=UiSelector[SCROLLABLE=true], PATTERN=UiSelector[INSTANCE=5, PATTERN=UiSelector[CLASS=android.widget.TextView]]] <<==>> [android.view.accessibility.AccessibilityNodeInfo@1b555e; boundsInParent: Rect(0, 0 - 189, 73); boundsInScreen: Rect(174, 954 - 363, 1027); packageName: com.android.settings; className: android.widget.TextView; text: Buttons; contentDescription: null; viewIdResName: android:id/title; checkable: false; checked: false; focusable: false; focused: false; selected: false; clickable: false; longClickable: false; enabled: true; password: false; scrollable: false; [ACTION_SELECT, ACTION_CLEAR_SELECTION, ACTION_ACCESSIBILITY_FOCUS, ACTION_NEXT_AT_MOVEMENT_GRANULARITY, ACTION_PREVIOUS_AT_MOVEMENT_GRANULARITY, ACTION_SET_SELECTION]]
11-14 19:13:46.804  4175  4175 D UiObject: getText() = Buttons
11-14 19:13:46.834  4175  4175 I QueryController: Matched selector: UiSelector[CONTAINER=UiSelector[SCROLLABLE=true], PATTERN=UiSelector[INSTANCE=6, PATTERN=UiSelector[CLASS=android.widget.TextView]]] <<==>> [android.view.accessibility.AccessibilityNodeInfo@1b591f; boundsInParent: Rect(0, 0 - 189, 73); boundsInScreen: Rect(174, 1100 - 363, 1173); packageName: com.android.settings; className: android.widget.TextView; text: Storage; contentDescription: null; viewIdResName: android:id/title; checkable: false; checked: false; focusable: false; focused: false; selected: false; clickable: false; longClickable: false; enabled: true; password: false; scrollable: false; [ACTION_SELECT, ACTION_CLEAR_SELECTION, ACTION_ACCESSIBILITY_FOCUS, ACTION_NEXT_AT_MOVEMENT_GRANULARITY, ACTION_PREVIOUS_AT_MOVEMENT_GRANULARITY, ACTION_SET_SELECTION]]
11-14 19:13:46.834  4175  4175 D UiObject: getText() = Storage
11-14 19:13:46.864  4175  4175 I QueryController: Matched selector: UiSelector[CONTAINER=UiSelector[SCROLLABLE=true], PATTERN=UiSelector[INSTANCE=7, PATTERN=UiSelector[CLASS=android.widget.TextView]]] <<==>> [android.view.accessibility.AccessibilityNodeInfo@1b60a1; boundsInParent: Rect(0, 0 - 173, 73); boundsInScreen: Rect(174, 1246 - 347, 1319); packageName: com.android.settings; className: android.widget.TextView; text: Battery; contentDescription: null; viewIdResName: android:id/title; checkable: false; checked: false; focusable: false; focused: false; selected: false; clickable: false; longClickable: false; enabled: true; password: false; scrollable: false; [ACTION_SELECT, ACTION_CLEAR_SELECTION, ACTION_ACCESSIBILITY_FOCUS, ACTION_NEXT_AT_MOVEMENT_GRANULARITY, ACTION_PREVIOUS_AT_MOVEMENT_GRANULARITY, ACTION_SET_SELECTION]]
11-14 19:13:46.864  4175  4175 D UiObject: getText() = Battery
11-14 19:13:46.904  4175  4175 I QueryController: Matched selector: UiSelector[CONTAINER=UiSelector[SCROLLABLE=true], PATTERN=UiSelector[INSTANCE=8, PATTERN=UiSelector[CLASS=android.widget.TextView]]] <<==>> [android.view.accessibility.AccessibilityNodeInfo@1a218c; boundsInParent: Rect(0, 0 - 126, 73); boundsInScreen: Rect(174, 1392 - 300, 1465); packageName: com.android.settings; className: android.widget.TextView; text: Apps; contentDescription: null; viewIdResName: android:id/title; checkable: false; checked: false; focusable: false; focused: false; selected: false; clickable: false; longClickable: false; enabled: true; password: false; scrollable: false; [ACTION_SELECT, ACTION_CLEAR_SELECTION, ACTION_ACCESSIBILITY_FOCUS, ACTION_NEXT_AT_MOVEMENT_GRANULARITY, ACTION_PREVIOUS_AT_MOVEMENT_GRANULARITY, ACTION_SET_SELECTION]]
11-14 19:13:46.904  4175  4175 D UiObject: getText() = Apps
11-14 19:13:46.914  4175  4175 I QueryController: Matched selector: UiSelector[CONTAINER=UiSelector[SCROLLABLE=true], PATTERN=UiSelector[INSTANCE=8, PATTERN=UiSelector[CLASS=android.widget.TextView]]] <<==>> [android.view.accessibility.AccessibilityNodeInfo@1a218c; boundsInParent: Rect(0, 0 - 126, 73); boundsInScreen: Rect(174, 1392 - 300, 1465); packageName: com.android.settings; className: android.widget.TextView; text: Apps; contentDescription: null; viewIdResName: android:id/title; checkable: false; checked: false; focusable: false; focused: false; selected: false; clickable: false; longClickable: false; enabled: true; password: false; scrollable: false; [ACTION_SELECT, ACTION_CLEAR_SELECTION, ACTION_ACCESSIBILITY_FOCUS, ACTION_NEXT_AT_MOVEMENT_GRANULARITY, ACTION_PREVIOUS_AT_MOVEMENT_GRANULARITY, ACTION_SET_SELECTION]]
11-14 19:13:46.914  4175  4175 D InteractionController: clickAndWaitForNewWindow(237, 1428)
11-14 19:13:47.094  4309  4309 I Timeline: Timeline: Activity_launch_request id:com.android.settings time:492037
11-14 19:13:47.104   185   850 D AudioPolicyManagerBase: getOutput() device 2, stream 1, samplingRate 0, format 0, channelMask 3, flags 0
11-14 19:13:47.104   185   850 D AudioPolicyManagerBase: getOutput() returns output 2
11-14 19:13:47.104   185   185 D AudioPolicyManagerBase: getOutput() device 2, stream 1, samplingRate 0, format 0, channelMask 3, flags 0
11-14 19:13:47.104   185   185 D AudioPolicyManagerBase: getOutput() returns output 2
11-14 19:13:47.104   185  2024 D AudioPolicyManagerBase: getOutput() device 2, stream 1, samplingRate 48000, format 1, channelMask 3, flags 4
11-14 19:13:47.104   185  2024 D AudioPolicyManagerBase: getOutput() returns output 3
11-14 19:13:47.114   185   850 D AudioFlinger: start(4099), calling pid 807 session 73
11-14 19:13:47.114   185   850 D AudioFlinger: ? => ACTIVE (4099) on thread 0xb8dadab0
11-14 19:13:47.114   185   850 I QCOM PowerHAL: Processing audio hint. Metadata: state=1
11-14 19:13:47.114   185   850 D AudioPolicyManagerBase: startOutput() output 3, stream 1, session 73
11-14 19:13:47.124   185   794 V audio_hw_primary: start_output_stream: enter: usecase(1: low-latency-playback) devices(0x2)
11-14 19:13:47.124   185   794 V msm8974_platform: platform_get_output_snd_device: enter: output devices(0x2)
11-14 19:13:47.124   185   794 V msm8974_platform: platform_get_output_snd_device: exit: snd_device(speaker)
11-14 19:13:47.124   185   794 D audio_hw_primary: select_devices: out_snd_device(2: speaker) in_snd_device(0: )
11-14 19:13:47.124   185   794 W msm8974_platform: Property audio.offload.24bit.enable is set
11-14 19:13:47.124   185   794 V msm8974_platform: platform_check_and_set_codec_backend_cfg usecase = 1
11-14 19:13:47.124   185   794 W msm8974_platform: Codec backend bitwidth 16, samplerate 48000
11-14 19:13:47.124   185   794 V msm8974_platform: Playback running bw 16 sr 48000 standby 0
11-14 19:13:47.124   185   794 V audio_hw_primary: enable_snd_device: snd_device(2: speaker)
11-14 19:13:47.124   185   794 V audio_hw_primary: enable_audio_route: enter: usecase(1)
11-14 19:13:47.124   185   794 V audio_hw_primary: enable_audio_route: apply mixer path: low-latency-playback
11-14 19:13:47.124   185   794 V audio_hw_primary: enable_audio_route: exit
11-14 19:13:47.124   185   794 V audio_hw_primary: start_output_stream: Opening PCM device card_id(0) device_id(15)
11-14 19:13:47.124   185   794 V audio_hw_primary: start_output_stream: exit
11-14 19:13:47.134  4309  4309 D SubSettings: Launching fragment com.android.settings.applications.ManageApplications
11-14 19:13:47.224   807   833 I ActivityManager: Displayed com.android.settings/.SubSettings: +112ms
11-14 19:13:47.264  4309  4309 I Timeline: Timeline: Activity_idle id: android.os.BinderProxy@42b77040 time:492201
11-14 19:13:47.304   185   791 I QCOM PowerHAL: Processing audio hint. Metadata: state=0
11-14 19:13:47.554   807   833 I Timeline: Timeline: Activity_windows_visible id: ActivityRecord{41c334c0 u0 com.android.settings/.SubSettings t23} time:492493
11-14 19:13:47.834  4309  4309 D BluetoothAdapter: 1105589248: getState() :  mService = null. Returning STATE_OFF
11-14 19:13:47.984  4309  4309 I Timeline: Timeline: Activity_idle id: android.os.BinderProxy@42be61c0 time:492927
11-14 19:13:48.264   807   833 I Timeline: Timeline: Activity_windows_visible id: ActivityRecord{41b35780 u0 com.android.settings/.Settings t23} time:493209
11-14 19:13:49.724  4309  4309 I Choreographer: Skipped 87 frames!  The application may be doing too much work on its main thread.
11-14 19:13:49.884  2432  2432 I Timeline: Timeline: Activity_idle id: android.os.BinderProxy@41b84680 time:494829
11-14 19:13:50.274   185   847 V audio_hw_primary: out_standby: enter: usecase(1: low-latency-playback)
11-14 19:13:50.304   807   833 I Timeline: Timeline: Activity_windows_visible id: ActivityRecord{41c37f58 u0 com.cyanogenmod.trebuchet/org.cyanogenmod.trebuchet.CustomHomeLauncher t4} time:495238
11-14 19:13:50.324   185   847 V audio_hw_primary: stop_output_stream: enter: usecase(1: low-latency-playback)
11-14 19:13:50.324   185   847 V audio_hw_primary: disable_audio_route: enter: usecase(1)
11-14 19:13:50.324   185   847 V audio_hw_primary: disable_audio_route: reset mixer path: low-latency-playback
11-14 19:13:50.324   185   847 V audio_hw_primary: disable_audio_route: exit
11-14 19:13:50.324   185   847 V audio_hw_primary: disable_snd_device: snd_device(2: speaker) refcnt=0
11-14 19:13:50.334   185   847 V audio_hw_primary: stop_output_stream: exit: status(0)
11-14 19:13:50.334   185   847 V audio_hw_primary: out_standby: exit
11-14 19:13:50.804  4175  4175 W InteractionController: runAndwaitForEvent timedout waiting for events
11-14 19:13:50.864  4175  4175 I QueryController: Matched selector: UiSelector[TEXT=Settings] <<==>> [android.view.accessibility.AccessibilityNodeInfo@27a4b; boundsInParent: Rect(524167, 0 - 524428, 320); boundsInScreen: Rect(801, 1071 - 1062, 1391); packageName: com.cyanogenmod.trebuchet; className: android.widget.TextView; text: Settings; contentDescription: null; viewIdResName: null; checkable: false; checked: false; focusable: true; focused: false; selected: false; clickable: true; longClickable: true; enabled: true; password: false; scrollable: false; [ACTION_FOCUS, ACTION_SELECT, ACTION_CLEAR_SELECTION, ACTION_CLICK, ACTION_LONG_CLICK, ACTION_ACCESSIBILITY_FOCUS, ACTION_NEXT_AT_MOVEMENT_GRANULARITY, ACTION_PREVIOUS_AT_MOVEMENT_GRANULARITY, ACTION_SET_SELECTION]]
11-14 19:13:50.884  4175  4175 I QueryController: Matched selector: UiSelector[TEXT=Settings] <<==>> [android.view.accessibility.AccessibilityNodeInfo@27a4b; boundsInParent: Rect(524167, 0 - 524428, 320); boundsInScreen: Rect(801, 1071 - 1062, 1391); packageName: com.cyanogenmod.trebuchet; className: android.widget.TextView; text: Settings; contentDescription: null; viewIdResName: null; checkable: false; checked: false; focusable: true; focused: false; selected: false; clickable: true; longClickable: true; enabled: true; password: false; scrollable: false; [ACTION_FOCUS, ACTION_SELECT, ACTION_CLEAR_SELECTION, ACTION_CLICK, ACTION_LONG_CLICK, ACTION_ACCESSIBILITY_FOCUS, ACTION_NEXT_AT_MOVEMENT_GRANULARITY, ACTION_PREVIOUS_AT_MOVEMENT_GRANULARITY, ACTION_SET_SELECTION]]
11-14 19:13:50.884  4175  4175 D InteractionController: clickAndWaitForNewWindow(931, 1231)
11-14 19:13:51.014  2432  2432 I Timeline: Timeline: Activity_launch_request id:com.android.settings time:495953
11-14 19:13:51.014   185  2024 D AudioPolicyManagerBase: getOutput() device 2, stream 1, samplingRate 0, format 0, channelMask 3, flags 0
11-14 19:13:51.014   185  2024 D AudioPolicyManagerBase: getOutput() returns output 2
11-14 19:13:51.014   185   185 D AudioPolicyManagerBase: getOutput() device 2, stream 1, samplingRate 0, format 0, channelMask 3, flags 0
11-14 19:13:51.014   185   185 D AudioPolicyManagerBase: getOutput() returns output 2
11-14 19:13:51.014   185  1527 D AudioPolicyManagerBase: getOutput() device 2, stream 1, samplingRate 48000, format 1, channelMask 3, flags 4
11-14 19:13:51.014   185  1527 D AudioPolicyManagerBase: getOutput() returns output 3
11-14 19:13:51.054   185  1527 D AudioFlinger: start(4101), calling pid 807 session 74
11-14 19:13:51.054   185  1527 D AudioFlinger: ? => ACTIVE (4101) on thread 0xb8dacb70
11-14 19:13:51.054   185  1527 I QCOM PowerHAL: Processing audio hint. Metadata: state=1
11-14 19:13:51.054   185  1527 D AudioPolicyManagerBase: startOutput() output 3, stream 1, session 74
11-14 19:13:51.074   185   794 V audio_hw_primary: start_output_stream: enter: usecase(1: low-latency-playback) devices(0x2)
11-14 19:13:51.074   185   794 V msm8974_platform: platform_get_output_snd_device: enter: output devices(0x2)
11-14 19:13:51.074   185   794 V msm8974_platform: platform_get_output_snd_device: exit: snd_device(speaker)
11-14 19:13:51.074   185   794 D audio_hw_primary: select_devices: out_snd_device(2: speaker) in_snd_device(0: )
11-14 19:13:51.074   185   794 W msm8974_platform: Property audio.offload.24bit.enable is set
11-14 19:13:51.074   185   794 V msm8974_platform: platform_check_and_set_codec_backend_cfg usecase = 1
11-14 19:13:51.074   185   794 W msm8974_platform: Codec backend bitwidth 16, samplerate 48000
11-14 19:13:51.074   185   794 V msm8974_platform: Playback running bw 16 sr 48000 standby 0
11-14 19:13:51.074   185   794 V audio_hw_primary: enable_snd_device: snd_device(2: speaker)
11-14 19:13:51.074   185   794 V audio_hw_primary: enable_audio_route: enter: usecase(1)
11-14 19:13:51.074   185   794 V audio_hw_primary: enable_audio_route: apply mixer path: low-latency-playback
11-14 19:13:51.074   185   794 V audio_hw_primary: enable_audio_route: exit
11-14 19:13:51.074   185   794 V audio_hw_primary: start_output_stream: Opening PCM device card_id(0) device_id(15)
11-14 19:13:51.074   185   794 V audio_hw_primary: start_output_stream: exit
11-14 19:13:51.244   185   791 I QCOM PowerHAL: Processing audio hint. Metadata: state=0
11-14 19:13:51.644  4309  4309 D BluetoothAdapter: 1105589248: getState() :  mService = null. Returning STATE_OFF
11-14 19:13:51.674  4309  4309 D BluetoothAdapter: 1105589248: getState() :  mService = null. Returning STATE_OFF
11-14 19:13:51.764  4309  4309 D BluetoothAdapter: 1105589248: getState() :  mService = null. Returning STATE_OFF
11-14 19:13:51.804   807   833 I ActivityManager: Displayed com.android.settings/.Settings: +725ms
11-14 19:13:51.804   807   833 I Timeline: Timeline: Activity_windows_visible id: ActivityRecord{41b310b0 u0 com.android.settings/.Settings t24} time:496741
11-14 19:13:51.804  4309  4309 I Timeline: Timeline: Activity_idle id: android.os.BinderProxy@42c0dc68 time:496742
11-14 19:13:53.424  2682  2682 I wpa_supplicant: wlan0: CTRL-EVENT-SCAN-STARTED 
11-14 19:13:53.754  4175  4175 I QueryController: Matched selector: UiSelector[RESOURCE_ID=android:id/action_bar_title] <<==>> [android.view.accessibility.AccessibilityNodeInfo@1c369d; boundsInParent: Rect(0, 0 - 198, 73); boundsInScreen: Rect(145, 110 - 343, 183); packageName: com.android.settings; className: android.widget.TextView; text: Settings; contentDescription: null; viewIdResName: android:id/action_bar_title; checkable: false; checked: false; focusable: false; focused: false; selected: false; clickable: false; longClickable: false; enabled: true; password: false; scrollable: false; [ACTION_SELECT, ACTION_CLEAR_SELECTION, ACTION_ACCESSIBILITY_FOCUS, ACTION_NEXT_AT_MOVEMENT_GRANULARITY, ACTION_PREVIOUS_AT_MOVEMENT_GRANULARITY, ACTION_SET_SELECTION]]
11-14 19:13:53.754  4175  4175 D UiObject: getText() = Settings
11-14 19:13:53.794  4175  4175 D UiScrollable: scrollToBeginning() on selector = UiSelector[SCROLLABLE=true]
11-14 19:13:53.794  4175  4175 D UiScrollable: scrollBackward() on selector = UiSelector[SCROLLABLE=true]
11-14 19:13:53.804  4175  4175 I QueryController: Matched selector: UiSelector[SCROLLABLE=true] <<==>> [android.view.accessibility.AccessibilityNodeInfo@1c2f1b; boundsInParent: Rect(0, 0 - 1080, 1557); boundsInScreen: Rect(0, 219 - 1080, 1776); packageName: com.android.settings; className: android.widget.ListView; text: null; contentDescription: null; viewIdResName: android:id/list; checkable: false; checked: false; focusable: true; focused: true; selected: false; clickable: true; longClickable: false; enabled: true; password: false; scrollable: true; [ACTION_CLEAR_FOCUS, ACTION_SELECT, ACTION_CLEAR_SELECTION, ACTION_CLICK, ACTION_ACCESSIBILITY_FOCUS, ACTION_SCROLL_FORWARD]]
11-14 19:13:53.804  4175  4175 D UiScrollable: scrollToBegining() using vertical scroll
11-14 19:13:53.804  4175  4175 D InteractionController: scrollSwipe (540, 374, 540, 1621, 55)
11-14 19:13:54.214   185   847 V audio_hw_primary: out_standby: enter: usecase(1: low-latency-playback)
11-14 19:13:54.254   185   847 V audio_hw_primary: stop_output_stream: enter: usecase(1: low-latency-playback)
11-14 19:13:54.254   185   847 V audio_hw_primary: disable_audio_route: enter: usecase(1)
11-14 19:13:54.254   185   847 V audio_hw_primary: disable_audio_route: reset mixer path: low-latency-playback
11-14 19:13:54.264   185   847 V audio_hw_primary: disable_audio_route: exit
11-14 19:13:54.264   185   847 V audio_hw_primary: disable_snd_device: snd_device(2: speaker) refcnt=0
11-14 19:13:54.274   185   847 V audio_hw_primary: stop_output_stream: exit: status(0)
11-14 19:13:54.274   185   847 V audio_hw_primary: out_standby: exit
11-14 19:13:54.984  4175  4175 W InteractionController: runAndwaitForEvent timedout waiting for events
11-14 19:13:55.014  4175  4175 D UiScrollable: scrollForward() on selector = UiSelector[SCROLLABLE=true]
11-14 19:13:55.034  4175  4175 I QueryController: Matched selector: UiSelector[SCROLLABLE=true] <<==>> [android.view.accessibility.AccessibilityNodeInfo@1c2f1b; boundsInParent: Rect(0, 0 - 1080, 1557); boundsInScreen: Rect(0, 219 - 1080, 1776); packageName: com.android.settings; className: android.widget.ListView; text: null; contentDescription: null; viewIdResName: android:id/list; checkable: false; checked: false; focusable: true; focused: true; selected: false; clickable: true; longClickable: false; enabled: true; password: false; scrollable: true; [ACTION_CLEAR_FOCUS, ACTION_SELECT, ACTION_CLEAR_SELECTION, ACTION_CLICK, ACTION_ACCESSIBILITY_FOCUS, ACTION_SCROLL_FORWARD]]
11-14 19:13:55.034  4175  4175 D InteractionController: scrollSwipe (540, 1621, 540, 374, 55)
11-14 19:13:56.194  4175  4175 W InteractionController: runAndwaitForEvent timedout waiting for events
11-14 19:13:56.194  4175  4175 D InteractionController: scrollSwipe reached scroll end: false
11-14 19:13:56.774  4175  4175 I QueryController: Matched selector: UiSelector[SCROLLABLE=true, CHILD=UiSelector[TEXT=Apps]] <<==>> [android.view.accessibility.AccessibilityNodeInfo@1c4962; boundsInParent: Rect(0, 0 - 126, 73); boundsInScreen: Rect(174, 1325 - 300, 1398); packageName: com.android.settings; className: android.widget.TextView; text: Apps; contentDescription: null; viewIdResName: android:id/title; checkable: false; checked: false; focusable: false; focused: false; selected: false; clickable: false; longClickable: false; enabled: true; password: false; scrollable: false; [ACTION_SELECT, ACTION_CLEAR_SELECTION, ACTION_ACCESSIBILITY_FOCUS, ACTION_NEXT_AT_MOVEMENT_GRANULARITY, ACTION_PREVIOUS_AT_MOVEMENT_GRANULARITY, ACTION_SET_SELECTION]]
11-14 19:13:57.364  4175  4175 I QueryController: Counted 12 instances of: UiSelector[CONTAINER=UiSelector[SCROLLABLE=true], PATTERN=UiSelector[PATTERN=UiSelector[CLASS=android.widget.TextView]]]
11-14 19:13:57.384  4175  4175 I QueryController: Matched selector: UiSelector[CONTAINER=UiSelector[SCROLLABLE=true], PATTERN=UiSelector[INSTANCE=0, PATTERN=UiSelector[CLASS=android.widget.TextView]]] <<==>> [android.view.accessibility.AccessibilityNodeInfo@1c5c27; boundsInParent: Rect(0, 0 - 249, 73); boundsInScreen: Rect(174, 205 - 423, 278); packageName: com.android.settings; className: android.widget.TextView; text: Status bar; contentDescription: null; viewIdResName: android:id/title; checkable: false; checked: false; focusable: false; focused: false; selected: false; clickable: false; longClickable: false; enabled: true; password: false; scrollable: false; [ACTION_SELECT, ACTION_CLEAR_SELECTION, ACTION_ACCESSIBILITY_FOCUS, ACTION_NEXT_AT_MOVEMENT_GRANULARITY, ACTION_PREVIOUS_AT_MOVEMENT_GRANULARITY, ACTION_SET_SELECTION]]
11-14 19:13:57.384  4175  4175 D UiObject: getText() = Status bar
