11-14 19:12:02.674  6590  6590 D su      : starting daemon client 2000 0
11-14 19:12:02.674  6592  6592 D su      : remote pid: 6590
11-14 19:12:02.674  6592  6592 D su      : remote pts_slave: 
11-14 19:12:02.674  6592  6592 D su      : waiting for child exit
11-14 19:12:02.684  6594  6594 D su      : su invoked.
11-14 19:12:02.684  6594  6594 D su      : Allowing shell.
11-14 19:12:02.684  6594  6594 D su      : 2000 /system/bin/dumpstate executing 0 wlutil "$@" using binary /system/bin/sh : sh -c wlutil "$@" wlutil counters
11-14 19:12:02.684  6592  6592 D su      : sending code
11-14 19:12:02.684  6590  6590 D su      : client exited 127
11-14 19:12:02.684  6592  6592 D su      : child exited
11-14 19:12:02.764   807   833 I Timeline: Timeline: Activity_windows_visible id: ActivityRecord{41b4be80 u0 com.android.settings/.SubSettings t13} time:387702
11-14 19:12:03.034  4309  4309 D BluetoothAdapter: 1105589248: getState() :  mService = null. Returning STATE_OFF
11-14 19:12:03.074  6626  6626 D su      : su invoked.
11-14 19:12:03.074  6626  6626 D su      : starting daemon client 2000 0
11-14 19:12:03.074  6628  6628 D su      : remote pid: 6626
11-14 19:12:03.084  6628  6628 D su      : remote pts_slave: 
11-14 19:12:03.084  6628  6628 D su      : waiting for child exit
11-14 19:12:03.084  6630  6630 D su      : su invoked.
11-14 19:12:03.084  6630  6630 D su      : Allowing shell.
11-14 19:12:03.084  6630  6630 D su      : 2000 /system/bin/dumpstate executing 0 cat "$@" using binary /system/bin/sh : sh -c cat "$@" cat /data/system/packages.xml
11-14 19:12:03.094  6628  6628 D su      : sending code
11-14 19:12:03.094  6626  6626 D su      : client exited 0
11-14 19:12:03.094  6628  6628 D su      : child exited
11-14 19:12:03.164  4309  4309 I Timeline: Timeline: Activity_idle id: android.os.BinderProxy@42903868 time:388108
11-14 19:12:03.304  6656  6656 D su      : su invoked.
11-14 19:12:03.304  6656  6656 D su      : starting daemon client 2000 0
11-14 19:12:03.304  6658  6658 D su      : remote pid: 6656
11-14 19:12:03.304  6658  6658 D su      : remote pts_slave: 
11-14 19:12:03.304  6658  6658 D su      : waiting for child exit
11-14 19:12:03.304  6660  6660 D su      : su invoked.
11-14 19:12:03.304  6660  6660 D su      : Allowing shell.
11-14 19:12:03.304  6660  6660 D su      : 2000 /system/bin/dumpstate executing 0 ls "$@" using binary /system/bin/sh : sh -c ls "$@" ls -l /data/tombstones/ramdump
11-14 19:12:03.314  6658  6658 D su      : sending code
11-14 19:12:03.314  6656  6656 D su      : client exited 1
11-14 19:12:03.314  6658  6658 D su      : child exited
11-14 19:12:03.404  6671  6671 D su      : su invoked.
11-14 19:12:03.404  6671  6671 D su      : starting daemon client 2000 0
11-14 19:12:03.404  6673  6673 D su      : remote pid: 6671
11-14 19:12:03.404  6673  6673 D su      : remote pts_slave: 
11-14 19:12:03.404  6673  6673 D su      : waiting for child exit
11-14 19:12:03.404  6675  6675 D su      : su invoked.
11-14 19:12:03.404  6675  6675 D su      : Allowing shell.
11-14 19:12:03.404  6675  6675 D su      : 2000 /system/bin/dumpstate executing 0 vril-dump "$@" using binary /system/bin/sh : sh -c vril-dump "$@" vril-dump
11-14 19:12:03.414  6673  6673 D su      : sending code
11-14 19:12:03.414  6671  6671 D su      : client exited 127
11-14 19:12:03.414  6673  6673 D su      : child exited
11-14 19:12:03.484   807   833 I Timeline: Timeline: Activity_windows_visible id: ActivityRecord{41fc7fe0 u0 com.android.settings/.Settings t13} time:388421
11-14 19:12:04.044  2432  2432 I Timeline: Timeline: Activity_idle id: android.os.BinderProxy@41b84680 time:388983
11-14 19:12:04.434   185   850 D PermissionCache: checking android.permission.DUMP for uid=2000 => granted (209 us)
11-14 19:12:04.454   807   833 I Timeline: Timeline: Activity_windows_visible id: ActivityRecord{41c37f58 u0 com.cyanogenmod.trebuchet/org.cyanogenmod.trebuchet.CustomHomeLauncher t4} time:389391
11-14 19:12:04.924  4175  4175 W InteractionController: runAndwaitForEvent timedout waiting for events
11-14 19:12:04.984  4175  4175 I QueryController: Matched selector: UiSelector[TEXT=Settings] <<==>> [android.view.accessibility.AccessibilityNodeInfo@27a4b; boundsInParent: Rect(524167, 0 - 524428, 320); boundsInScreen: Rect(801, 1071 - 1062, 1391); packageName: com.cyanogenmod.trebuchet; className: android.widget.TextView; text: Settings; contentDescription: null; viewIdResName: null; checkable: false; checked: false; focusable: true; focused: false; selected: false; clickable: true; longClickable: true; enabled: true; password: false; scrollable: false; [ACTION_FOCUS, ACTION_SELECT, ACTION_CLEAR_SELECTION, ACTION_CLICK, ACTION_LONG_CLICK, ACTION_ACCESSIBILITY_FOCUS, ACTION_NEXT_AT_MOVEMENT_GRANULARITY, ACTION_PREVIOUS_AT_MOVEMENT_GRANULARITY, ACTION_SET_SELECTION]]
11-14 19:12:04.994  4175  4175 I QueryController: Matched selector: UiSelector[TEXT=Settings] <<==>> [android.view.accessibility.AccessibilityNodeInfo@27a4b; boundsInParent: Rect(524167, 0 - 524428, 320); boundsInScreen: Rect(801, 1071 - 1062, 1391); packageName: com.cyanogenmod.trebuchet; className: android.widget.TextView; text: Settings; contentDescription: null; viewIdResName: null; checkable: false; checked: false; focusable: true; focused: false; selected: false; clickable: true; longClickable: true; enabled: true; password: false; scrollable: false; [ACTION_FOCUS, ACTION_SELECT, ACTION_CLEAR_SELECTION, ACTION_CLICK, ACTION_LONG_CLICK, ACTION_ACCESSIBILITY_FOCUS, ACTION_NEXT_AT_MOVEMENT_GRANULARITY, ACTION_PREVIOUS_AT_MOVEMENT_GRANULARITY, ACTION_SET_SELECTION]]
11-14 19:12:05.004  4175  4175 D InteractionController: clickAndWaitForNewWindow(931, 1231)
11-14 19:12:05.144   185   850 D AudioPolicyManagerBase: getOutput() device 2, stream 1, samplingRate 0, format 0, channelMask 3, flags 0
11-14 19:12:05.144   185   850 D AudioPolicyManagerBase: getOutput() returns output 2
11-14 19:12:05.144   185  1527 D AudioPolicyManagerBase: getOutput() device 2, stream 1, samplingRate 0, format 0, channelMask 3, flags 0
11-14 19:12:05.144   185  1527 D AudioPolicyManagerBase: getOutput() returns output 2
11-14 19:12:05.144   185  2024 D AudioPolicyManagerBase: getOutput() device 2, stream 1, samplingRate 48000, format 1, channelMask 3, flags 4
11-14 19:12:05.144   185  2024 D AudioPolicyManagerBase: getOutput() returns output 3
11-14 19:12:05.144  2432  2432 I Timeline: Timeline: Activity_launch_request id:com.android.settings time:390082
11-14 19:12:05.144   185   850 D AudioFlinger: start(4101), calling pid 807 session 54
11-14 19:12:05.144   185   850 D AudioFlinger: ? => ACTIVE (4101) on thread 0xb8d9f768
11-14 19:12:05.144   185   850 I QCOM PowerHAL: Processing audio hint. Metadata: state=1
11-14 19:12:05.144   185   850 D AudioPolicyManagerBase: startOutput() output 3, stream 1, session 54
11-14 19:12:05.284  4309  4309 D BluetoothAdapter: 1105589248: getState() :  mService = null. Returning STATE_OFF
11-14 19:12:05.294   185   791 I QCOM PowerHAL: Processing audio hint. Metadata: state=0
11-14 19:12:05.344  4309  4309 D BluetoothAdapter: 1105589248: getState() :  mService = null. Returning STATE_OFF
11-14 19:12:05.434  4309  4309 I Timeline: Timeline: Activity_idle id: android.os.BinderProxy@42133d70 time:390375
11-14 19:12:05.434   807   833 I ActivityManager: Displayed com.android.settings/.Settings: +242ms
11-14 19:12:05.534   807   833 I Timeline: Timeline: Activity_windows_visible id: ActivityRecord{41d915e0 u0 com.android.settings/.Settings t14} time:390479
11-14 19:12:07.364  4175  4175 I QueryController: Matched selector: UiSelector[RESOURCE_ID=android:id/action_bar_title] <<==>> [android.view.accessibility.AccessibilityNodeInfo@6f716; boundsInParent: Rect(0, 0 - 198, 73); boundsInScreen: Rect(145, 110 - 343, 183); packageName: com.android.settings; className: android.widget.TextView; text: Settings; contentDescription: null; viewIdResName: android:id/action_bar_title; checkable: false; checked: false; focusable: false; focused: false; selected: false; clickable: false; longClickable: false; enabled: true; password: false; scrollable: false; [ACTION_SELECT, ACTION_CLEAR_SELECTION, ACTION_ACCESSIBILITY_FOCUS, ACTION_NEXT_AT_MOVEMENT_GRANULARITY, ACTION_PREVIOUS_AT_MOVEMENT_GRANULARITY, ACTION_SET_SELECTION]]
11-14 19:12:07.364  4175  4175 D UiObject: getText() = Settings
11-14 19:12:07.384  4175  4175 D UiScrollable: scrollToBeginning() on selector = UiSelector[SCROLLABLE=true]
11-14 19:12:07.384  4175  4175 D UiScrollable: scrollBackward() on selector = UiSelector[SCROLLABLE=true]
11-14 19:12:07.394  4175  4175 I QueryController: Matched selector: UiSelector[SCROLLABLE=true] <<==>> [android.view.accessibility.AccessibilityNodeInfo@6fe98; boundsInParent: Rect(0, 0 - 1080, 1557); boundsInScreen: Rect(0, 219 - 1080, 1776); packageName: com.android.settings; className: android.widget.ListView; text: null; contentDescription: null; viewIdResName: android:id/list; checkable: false; checked: false; focusable: true; focused: true; selected: false; clickable: true; longClickable: false; enabled: true; password: false; scrollable: true; [ACTION_CLEAR_FOCUS, ACTION_SELECT, ACTION_CLEAR_SELECTION, ACTION_CLICK, ACTION_ACCESSIBILITY_FOCUS, ACTION_SCROLL_FORWARD]]
11-14 19:12:07.394  4175  4175 D UiScrollable: scrollToBegining() using vertical scroll
11-14 19:12:07.394  4175  4175 D InteractionController: scrollSwipe (540, 374, 540, 1621, 55)
11-14 19:12:07.754  6842  6842 V Zygote  : Switching descriptor 33 to /dev/null
11-14 19:12:07.754  6842  6842 V Zygote  : Switching descriptor 10 to /dev/null
11-14 19:12:07.774  6842  6842 D ActivityThread: handleBindApplication:com.android.printspooler
11-14 19:12:07.774  6842  6842 D ActivityThread: setTargetHeapUtilization:0.75
11-14 19:12:07.784  6842  6842 D ActivityThread: setTargetHeapMinFree:524288
11-14 19:12:07.784  6842  6842 I PrintSpoolerService: No existing print spooler state.
11-14 19:12:08.184   807  1436 D PermissionCache: checking android.permission.DUMP for uid=2000 => granted (172 us)
11-14 19:12:08.274   185   847 V audio_hw_primary: out_standby: enter: usecase(1: low-latency-playback)
11-14 19:12:08.314   185   847 V audio_hw_primary: stop_output_stream: enter: usecase(1: low-latency-playback)
11-14 19:12:08.314   185   847 V audio_hw_primary: disable_audio_route: enter: usecase(1)
11-14 19:12:08.314   185   847 V audio_hw_primary: disable_audio_route: reset mixer path: low-latency-playback
11-14 19:12:08.314   185   847 V audio_hw_primary: disable_audio_route: exit
11-14 19:12:08.314   185   847 V audio_hw_primary: disable_snd_device: snd_device(2: speaker) refcnt=0
11-14 19:12:08.314   185   847 V audio_hw_primary: stop_output_stream: exit: status(0)
11-14 19:12:08.314   185   847 V audio_hw_primary: out_standby: exit
11-14 19:12:08.344  2682  2682 I wpa_supplicant: wlan0: CTRL-EVENT-SCAN-STARTED 
11-14 19:12:08.554  4175  4175 W InteractionController: runAndwaitForEvent timedout waiting for events
11-14 19:12:08.674  4175  4175 D UiScrollable: scrollForward() on selector = UiSelector[SCROLLABLE=true]
11-14 19:12:08.704  4175  4175 I QueryController: Matched selector: UiSelector[SCROLLABLE=true] <<==>> [android.view.accessibility.AccessibilityNodeInfo@6fe98; boundsInParent: Rect(0, 0 - 1080, 1557); boundsInScreen: Rect(0, 219 - 1080, 1776); packageName: com.android.settings; className: android.widget.ListView; text: null; contentDescription: null; viewIdResName: android:id/list; checkable: false; checked: false; focusable: true; focused: true; selected: false; clickable: true; longClickable: false; enabled: true; password: false; scrollable: true; [ACTION_CLEAR_FOCUS, ACTION_SELECT, ACTION_CLEAR_SELECTION, ACTION_CLICK, ACTION_ACCESSIBILITY_FOCUS, ACTION_SCROLL_FORWARD]]
11-14 19:12:08.704  4175  4175 D InteractionController: scrollSwipe (540, 1621, 540, 374, 55)
11-14 19:12:10.004  4175  4175 W InteractionController: runAndwaitForEvent timedout waiting for events
11-14 19:12:10.004  4175  4175 D InteractionController: scrollSwipe reached scroll end: false
11-14 19:12:10.514  4175  4175 I QueryController: Matched selector: UiSelector[SCROLLABLE=true, CHILD=UiSelector[TEXT=Apps]] <<==>> [android.view.accessibility.AccessibilityNodeInfo@727e3; boundsInParent: Rect(0, 0 - 126, 73); boundsInScreen: Rect(174, 1288 - 300, 1361); packageName: com.android.settings; className: android.widget.TextView; text: Apps; contentDescription: null; viewIdResName: android:id/title; checkable: false; checked: false; focusable: false; focused: false; selected: false; clickable: false; longClickable: false; enabled: true; password: false; scrollable: false; [ACTION_SELECT, ACTION_CLEAR_SELECTION, ACTION_ACCESSIBILITY_FOCUS, ACTION_NEXT_AT_MOVEMENT_GRANULARITY, ACTION_PREVIOUS_AT_MOVEMENT_GRANULARITY, ACTION_SET_SELECTION]]
11-14 19:12:11.074  4175  4175 I QueryController: Counted 12 instances of: UiSelector[CONTAINER=UiSelector[SCROLLABLE=true], PATTERN=UiSelector[PATTERN=UiSelector[CLASS=android.widget.TextView]]]
11-14 19:12:11.084  4175  4175 I QueryController: Matched selector: UiSelector[CONTAINER=UiSelector[SCROLLABLE=true], PATTERN=UiSelector[INSTANCE=0, PATTERN=UiSelector[CLASS=android.widget.TextView]]] <<==>> [android.view.accessibility.AccessibilityNodeInfo@736e7; boundsInParent: Rect(0, 0 - 249, 73); boundsInScreen: Rect(174, 168 - 423, 241); packageName: com.android.settings; className: android.widget.TextView; text: Status bar; contentDescription: null; viewIdResName: android:id/title; checkable: false; checked: false; focusable: false; focused: false; selected: false; clickable: false; longClickable: false; enabled: true; password: false; scrollable: false; [ACTION_SELECT, ACTION_CLEAR_SELECTION, ACTION_ACCESSIBILITY_FOCUS, ACTION_NEXT_AT_MOVEMENT_GRANULARITY, ACTION_PREVIOUS_AT_MOVEMENT_GRANULARITY, ACTION_SET_SELECTION]]
11-14 19:12:11.084  4175  4175 D UiObject: getText() = Status bar
11-14 19:12:11.144  4175  4175 I QueryController: Matched selector: UiSelector[CONTAINER=UiSelector[SCROLLABLE=true], PATTERN=UiSelector[INSTANCE=1, PATTERN=UiSelector[CLASS=android.widget.TextView]]] <<==>> [android.view.accessibility.AccessibilityNodeInfo@73aa8; boundsInParent: Rect(0, 0 - 462, 73); boundsInScreen: Rect(174, 314 - 636, 387); packageName: com.android.settings; className: android.widget.TextView; text: Notification drawer; contentDescription: null; viewIdResName: android:id/title; checkable: false; checked: false; focusable: false; focused: false; selected: false; clickable: false; longClickable: false; enabled: true; password: false; scrollable: false; [ACTION_SELECT, ACTION_CLEAR_SELECTION, ACTION_ACCESSIBILITY_FOCUS, ACTION_NEXT_AT_MOVEMENT_GRANULARITY, ACTION_PREVIOUS_AT_MOVEMENT_GRANULARITY, ACTION_SET_SELECTION]]
11-14 19:12:11.144  4175  4175 D UiObject: getText() = Notification drawer
11-14 19:12:11.174  4175  4175 I QueryController: Matched selector: UiSelector[CONTAINER=UiSelector[SCROLLABLE=true], PATTERN=UiSelector[INSTANCE=2, PATTERN=UiSelector[CLASS=android.widget.TextView]]] <<==>> [android.view.accessibility.AccessibilityNodeInfo@73e69; boundsInParent: Rect(0, 0 - 984, 96); boundsInScreen: Rect(48, 425 - 1032, 521); packageName: com.android.settings; className: android.widget.TextView; text: DEVICE; contentDescription: null; viewIdResName: null; checkable: false; checked: false; focusable: false; focused: false; selected: false; clickable: false; longClickable: false; enabled: false; password: false; scrollable: false; [ACTION_SELECT, ACTION_CLEAR_SELECTION, ACTION_ACCESSIBILITY_FOCUS, ACTION_NEXT_AT_MOVEMENT_GRANULARITY, ACTION_PREVIOUS_AT_MOVEMENT_GRANULARITY, ACTION_SET_SELECTION]]
11-14 19:12:11.174  4175  4175 D UiObject: getText() = DEVICE
11-14 19:12:11.214  4175  4175 I QueryController: Matched selector: UiSelector[CONTAINER=UiSelector[SCROLLABLE=true], PATTERN=UiSelector[INSTANCE=3, PATTERN=UiSelector[CLASS=android.widget.TextView]]] <<==>> [android.view.accessibility.AccessibilityNodeInfo@8362b; boundsInParent: Rect(0, 0 - 157, 73); boundsInScreen: Rect(174, 558 - 331, 631); packageName: com.android.settings; className: android.widget.TextView; text: Sound; contentDescription: null; viewIdResName: android:id/title; checkable: false; checked: false; focusable: false; focused: false; selected: false; clickable: false; longClickable: false; enabled: true; password: false; scrollable: false; [ACTION_SELECT, ACTION_CLEAR_SELECTION, ACTION_ACCESSIBILITY_FOCUS, ACTION_NEXT_AT_MOVEMENT_GRANULARITY, ACTION_PREVIOUS_AT_MOVEMENT_GRANULARITY, ACTION_SET_SELECTION]]
11-14 19:12:11.214  4175  4175 D UiObject: getText() = Sound
11-14 19:12:11.274  4175  4175 I QueryController: Matched selector: UiSelector[CONTAINER=UiSelector[SCROLLABLE=true], PATTERN=UiSelector[INSTANCE=4, PATTERN=UiSelector[CLASS=android.widget.TextView]]] <<==>> [android.view.accessibility.AccessibilityNodeInfo@839ec; boundsInParent: Rect(0, 0 - 372, 73); boundsInScreen: Rect(174, 704 - 546, 777); packageName: com.android.settings; className: android.widget.TextView; text: Display & lights; contentDescription: null; viewIdResName: android:id/title; checkable: false; checked: false; focusable: false; focused: false; selected: false; clickable: false; longClickable: false; enabled: true; password: false; scrollable: false; [ACTION_SELECT, ACTION_CLEAR_SELECTION, ACTION_ACCESSIBILITY_FOCUS, ACTION_NEXT_AT_MOVEMENT_GRANULARITY, ACTION_PREVIOUS_AT_MOVEMENT_GRANULARITY, ACTION_SET_SELECTION]]
11-14 19:12:11.274  4175  4175 D UiObject: getText() = Display & lights
11-14 19:12:11.304  4175  4175 I QueryController: Matched selector: UiSelector[CONTAINER=UiSelector[SCROLLABLE=true], PATTERN=UiSelector[INSTANCE=5, PATTERN=UiSelector[CLASS=android.widget.TextView]]] <<==>> [android.view.accessibility.AccessibilityNodeInfo@83dad; boundsInParent: Rect(0, 0 - 189, 73); boundsInScreen: Rect(174, 850 - 363, 923); packageName: com.android.settings; className: android.widget.TextView; text: Buttons; contentDescription: null; viewIdResName: android:id/title; checkable: false; checked: false; focusable: false; focused: false; selected: false; clickable: false; longClickable: false; enabled: true; password: false; scrollable: false; [ACTION_SELECT, ACTION_CLEAR_SELECTION, ACTION_ACCESSIBILITY_FOCUS, ACTION_NEXT_AT_MOVEMENT_GRANULARITY, ACTION_PREVIOUS_AT_MOVEMENT_GRANULARITY, ACTION_SET_SELECTION]]
11-14 19:12:11.304  4175  4175 D UiObject: getText() = Buttons
11-14 19:12:11.344  4175  4175 I QueryController: Matched selector: UiSelector[CONTAINER=UiSelector[SCROLLABLE=true], PATTERN=UiSelector[INSTANCE=6, PATTERN=UiSelector[CLASS=android.widget.TextView]]] <<==>> [android.view.accessibility.AccessibilityNodeInfo@8416e; boundsInParent: Rect(0, 0 - 189, 73); boundsInScreen: Rect(174, 996 - 363, 1069); packageName: com.android.settings; className: android.widget.TextView; text: Storage; contentDescription: null; viewIdResName: android:id/title; checkable: false; checked: false; focusable: false; focused: false; selected: false; clickable: false; longClickable: false; enabled: true; password: false; scrollable: false; [ACTION_SELECT, ACTION_CLEAR_SELECTION, ACTION_ACCESSIBILITY_FOCUS, ACTION_NEXT_AT_MOVEMENT_GRANULARITY, ACTION_PREVIOUS_AT_MOVEMENT_GRANULARITY, ACTION_SET_SELECTION]]
11-14 19:12:11.344  4175  4175 D UiObject: getText() = Storage
11-14 19:12:11.374  4175  4175 I QueryController: Matched selector: UiSelector[CONTAINER=UiSelector[SCROLLABLE=true], PATTERN=UiSelector[INSTANCE=7, PATTERN=UiSelector[CLASS=android.widget.TextView]]] <<==>> [android.view.accessibility.AccessibilityNodeInfo@8452f; boundsInParent: Rect(0, 0 - 173, 73); boundsInScreen: Rect(174, 1142 - 347, 1215); packageName: com.android.settings; className: android.widget.TextView; text: Battery; contentDescription: null; viewIdResName: android:id/title; checkable: false; checked: false; focusable: false; focused: false; selected: false; clickable: false; longClickable: false; enabled: true; password: false; scrollable: false; [ACTION_SELECT, ACTION_CLEAR_SELECTION, ACTION_ACCESSIBILITY_FOCUS, ACTION_NEXT_AT_MOVEMENT_GRANULARITY, ACTION_PREVIOUS_AT_MOVEMENT_GRANULARITY, ACTION_SET_SELECTION]]
11-14 19:12:11.374  4175  4175 D UiObject: getText() = Battery
11-14 19:12:11.394  4309  4316 I dalvikvm: Jit: resizing JitTable from 4096 to 8192
11-14 19:12:11.424  4175  4175 I QueryController: Matched selector: UiSelector[CONTAINER=UiSelector[SCROLLABLE=true], PATTERN=UiSelector[INSTANCE=8, PATTERN=UiSelector[CLASS=android.widget.TextView]]] <<==>> [android.view.accessibility.AccessibilityNodeInfo@727e3; boundsInParent: Rect(0, 0 - 126, 73); boundsInScreen: Rect(174, 1288 - 300, 1361); packageName: com.android.settings; className: android.widget.TextView; text: Apps; contentDescription: null; viewIdResName: android:id/title; checkable: false; checked: false; focusable: false; focused: false; selected: false; clickable: false; longClickable: false; enabled: true; password: false; scrollable: false; [ACTION_SELECT, ACTION_CLEAR_SELECTION, ACTION_ACCESSIBILITY_FOCUS, ACTION_NEXT_AT_MOVEMENT_GRANULARITY, ACTION_PREVIOUS_AT_MOVEMENT_GRANULARITY, ACTION_SET_SELECTION]]
11-14 19:12:11.424  4175  4175 D UiObject: getText() = Apps
11-14 19:12:11.434  4175  4175 I QueryController: Matched selector: UiSelector[CONTAINER=UiSelector[SCROLLABLE=true], PATTERN=UiSelector[INSTANCE=8, PATTERN=UiSelector[CLASS=android.widget.TextView]]] <<==>> [android.view.accessibility.AccessibilityNodeInfo@727e3; boundsInParent: Rect(0, 0 - 126, 73); boundsInScreen: Rect(174, 1288 - 300, 1361); packageName: com.android.settings; className: android.widget.TextView; text: Apps; contentDescription: null; viewIdResName: android:id/title; checkable: false; checked: false; focusable: false; focused: false; selected: false; clickable: false; longClickable: false; enabled: true; password: false; scrollable: false; [ACTION_SELECT, ACTION_CLEAR_SELECTION, ACTION_ACCESSIBILITY_FOCUS, ACTION_NEXT_AT_MOVEMENT_GRANULARITY, ACTION_PREVIOUS_AT_MOVEMENT_GRANULARITY, ACTION_SET_SELECTION]]
11-14 19:12:11.434  4175  4175 D InteractionController: clickAndWaitForNewWindow(237, 1324)
11-14 19:12:11.614  4309  4309 I Timeline: Timeline: Activity_launch_request id:com.android.settings time:396557
11-14 19:12:11.624   185  2024 D AudioPolicyManagerBase: getOutput() device 2, stream 1, samplingRate 0, format 0, channelMask 3, flags 0
11-14 19:12:11.624   185  2024 D AudioPolicyManagerBase: getOutput() returns output 2
11-14 19:12:11.624   185   185 D AudioPolicyManagerBase: getOutput() device 2, stream 1, samplingRate 0, format 0, channelMask 3, flags 0
11-14 19:12:11.624   185   185 D AudioPolicyManagerBase: getOutput() returns output 2
11-14 19:12:11.624   185   850 D AudioPolicyManagerBase: getOutput() device 2, stream 1, samplingRate 48000, format 1, channelMask 3, flags 4
11-14 19:12:11.624   185   850 D AudioPolicyManagerBase: getOutput() returns output 3
11-14 19:12:11.624   185  2024 D AudioFlinger: start(4099), calling pid 807 session 55
11-14 19:12:11.624   185  2024 D AudioFlinger: ? => ACTIVE (4099) on thread 0xb8dacb70
11-14 19:12:11.624   185  2024 I QCOM PowerHAL: Processing audio hint. Metadata: state=1
11-14 19:12:11.624   185  2024 D AudioPolicyManagerBase: startOutput() output 3, stream 1, session 55
11-14 19:12:11.634   185   794 V audio_hw_primary: start_output_stream: enter: usecase(1: low-latency-playback) devices(0x2)
11-14 19:12:11.634   185   794 V msm8974_platform: platform_get_output_snd_device: enter: output devices(0x2)
11-14 19:12:11.634   185   794 V msm8974_platform: platform_get_output_snd_device: exit: snd_device(speaker)
11-14 19:12:11.634   185   794 D audio_hw_primary: select_devices: out_snd_device(2: speaker) in_snd_device(0: )
11-14 19:12:11.634   185   794 W msm8974_platform: Property audio.offload.24bit.enable is set
11-14 19:12:11.634   185   794 V msm8974_platform: platform_check_and_set_codec_backend_cfg usecase = 1
11-14 19:12:11.634   185   794 W msm8974_platform: Codec backend bitwidth 16, samplerate 48000
11-14 19:12:11.634   185   794 V msm8974_platform: Playback running bw 16 sr 48000 standby 0
11-14 19:12:11.634   185   794 V audio_hw_primary: enable_snd_device: snd_device(2: speaker)
11-14 19:12:11.634   185   794 V audio_hw_primary: enable_audio_route: enter: usecase(1)
11-14 19:12:11.634   185   794 V audio_hw_primary: enable_audio_route: apply mixer path: low-latency-playback
11-14 19:12:11.634   185   794 V audio_hw_primary: enable_audio_route: exit
11-14 19:12:11.634   185   794 V audio_hw_primary: start_output_stream: Opening PCM device card_id(0) device_id(15)
11-14 19:12:11.644   185   794 V audio_hw_primary: start_output_stream: exit
11-14 19:12:11.654  4309  4309 D SubSettings: Launching fragment com.android.settings.applications.ManageApplications
11-14 19:12:11.754   807   833 I ActivityManager: Displayed com.android.settings/.SubSettings: +126ms
11-14 19:12:11.804  4309  4309 I Timeline: Timeline: Activity_idle id: android.os.BinderProxy@429ded70 time:396741
11-14 19:12:11.824   185   791 I QCOM PowerHAL: Processing audio hint. Metadata: state=0
11-14 19:12:12.084   807   833 I Timeline: Timeline: Activity_windows_visible id: ActivityRecord{41b310b0 u0 com.android.settings/.SubSettings t14} time:397020
11-14 19:12:12.384  4309  4309 D BluetoothAdapter: 1105589248: getState() :  mService = null. Returning STATE_OFF
11-14 19:12:12.404  4231  4231 I dumpstate: done
11-14 19:12:12.554  4309  4309 I Timeline: Timeline: Activity_idle id: android.os.BinderProxy@42133d70 time:397493
11-14 19:12:12.854   807   833 I Timeline: Timeline: Activity_windows_visible id: ActivityRecord{41d915e0 u0 com.android.settings/.Settings t14} time:397792
11-14 19:12:13.284  2432  2432 I Timeline: Timeline: Activity_idle id: android.os.BinderProxy@41b84680 time:398226
11-14 19:12:13.704  4309  4315 I dalvikvm: dvmDdmHandleHpsgChunk(when 1, what 0, heap 0)
11-14 19:12:13.714   807   833 I Timeline: Timeline: Activity_windows_visible id: ActivityRecord{41c37f58 u0 com.cyanogenmod.trebuchet/org.cyanogenmod.trebuchet.CustomHomeLauncher t4} time:398655
11-14 19:12:14.184  4175  4175 W InteractionController: runAndwaitForEvent timedout waiting for events
11-14 19:12:14.244  4175  4175 I QueryController: Matched selector: UiSelector[TEXT=Settings] <<==>> [android.view.accessibility.AccessibilityNodeInfo@27a4b; boundsInParent: Rect(524167, 0 - 524428, 320); boundsInScreen: Rect(801, 1071 - 1062, 1391); packageName: com.cyanogenmod.trebuchet; className: android.widget.TextView; text: Settings; contentDescription: null; viewIdResName: null; checkable: false; checked: false; focusable: true; focused: false; selected: false; clickable: true; longClickable: true; enabled: true; password: false; scrollable: false; [ACTION_FOCUS, ACTION_SELECT, ACTION_CLEAR_SELECTION, ACTION_CLICK, ACTION_LONG_CLICK, ACTION_ACCESSIBILITY_FOCUS, ACTION_NEXT_AT_MOVEMENT_GRANULARITY, ACTION_PREVIOUS_AT_MOVEMENT_GRANULARITY, ACTION_SET_SELECTION]]
11-14 19:12:14.274  4175  4175 I QueryController: Matched selector: UiSelector[TEXT=Settings] <<==>> [android.view.accessibility.AccessibilityNodeInfo@27a4b; boundsInParent: Rect(524167, 0 - 524428, 320); boundsInScreen: Rect(801, 1071 - 1062, 1391); packageName: com.cyanogenmod.trebuchet; className: android.widget.TextView; text: Settings; contentDescription: null; viewIdResName: null; checkable: false; checked: false; focusable: true; focused: false; selected: false; clickable: true; longClickable: true; enabled: true; password: false; scrollable: false; [ACTION_FOCUS, ACTION_SELECT, ACTION_CLEAR_SELECTION, ACTION_CLICK, ACTION_LONG_CLICK, ACTION_ACCESSIBILITY_FOCUS, ACTION_NEXT_AT_MOVEMENT_GRANULARITY, ACTION_PREVIOUS_AT_MOVEMENT_GRANULARITY, ACTION_SET_SELECTION]]
11-14 19:12:14.274  4175  4175 D InteractionController: clickAndWaitForNewWindow(931, 1231)
11-14 19:12:14.414   185   185 D AudioPolicyManagerBase: getOutput() device 2, stream 1, samplingRate 0, format 0, channelMask 3, flags 0
11-14 19:12:14.414   185   185 D AudioPolicyManagerBase: getOutput() returns output 2
11-14 19:12:14.414  2432  2432 I Timeline: Timeline: Activity_launch_request id:com.android.settings time:399350
11-14 19:12:14.414   185   850 D AudioPolicyManagerBase: getOutput() device 2, stream 1, samplingRate 0, format 0, channelMask 3, flags 0
11-14 19:12:14.414   185   850 D AudioPolicyManagerBase: getOutput() returns output 2
11-14 19:12:14.414   185  1527 D AudioPolicyManagerBase: getOutput() device 2, stream 1, samplingRate 48000, format 1, channelMask 3, flags 4
11-14 19:12:14.414   185  1527 D AudioPolicyManagerBase: getOutput() returns output 3
11-14 19:12:14.414   185   185 D AudioFlinger: start(4101), calling pid 807 session 56
11-14 19:12:14.414   185   185 D AudioFlinger: ? => ACTIVE (4101) on thread 0xb8dadf60
11-14 19:12:14.414   185   185 I QCOM PowerHAL: Processing audio hint. Metadata: state=1
11-14 19:12:14.414   185   185 D AudioPolicyManagerBase: startOutput() output 3, stream 1, session 56
11-14 19:12:14.564   185   791 I QCOM PowerHAL: Processing audio hint. Metadata: state=0
11-14 19:12:14.794  4309  4309 D BluetoothAdapter: 1105589248: getState() :  mService = null. Returning STATE_OFF
11-14 19:12:14.824  4309  4309 D BluetoothAdapter: 1105589248: getState() :  mService = null. Returning STATE_OFF
11-14 19:12:14.894  4309  4309 D BluetoothAdapter: 1105589248: getState() :  mService = null. Returning STATE_OFF
11-14 19:12:14.924  4309  4309 I Timeline: Timeline: Activity_idle id: android.os.BinderProxy@42adc840 time:399868
11-14 19:12:14.944   807   833 I ActivityManager: Displayed com.android.settings/.Settings: +453ms
11-14 19:12:14.944   807   833 I Timeline: Timeline: Activity_windows_visible id: ActivityRecord{42243f88 u0 com.android.settings/.Settings t15} time:399881
11-14 19:12:16.874  4175  4175 I QueryController: Matched selector: UiSelector[RESOURCE_ID=android:id/action_bar_title] <<==>> [android.view.accessibility.AccessibilityNodeInfo@91b2b; boundsInParent: Rect(0, 0 - 198, 73); boundsInScreen: Rect(145, 110 - 343, 183); packageName: com.android.settings; className: android.widget.TextView; text: Settings; contentDescription: null; viewIdResName: android:id/action_bar_title; checkable: false; checked: false; focusable: false; focused: false; selected: false; clickable: false; longClickable: false; enabled: true; password: false; scrollable: false; [ACTION_SELECT, ACTION_CLEAR_SELECTION, ACTION_ACCESSIBILITY_FOCUS, ACTION_NEXT_AT_MOVEMENT_GRANULARITY, ACTION_PREVIOUS_AT_MOVEMENT_GRANULARITY, ACTION_SET_SELECTION]]
11-14 19:12:16.874  4175  4175 D UiObject: getText() = Settings
11-14 19:12:16.934  4175  4175 D UiScrollable: scrollToBeginning() on selector = UiSelector[SCROLLABLE=true]
11-14 19:12:16.934  4175  4175 D UiScrollable: scrollBackward() on selector = UiSelector[SCROLLABLE=true]
11-14 19:12:16.964  4175  4175 I QueryController: Matched selector: UiSelector[SCROLLABLE=true] <<==>> [android.view.accessibility.AccessibilityNodeInfo@913a9; boundsInParent: Rect(0, 0 - 1080, 1557); boundsInScreen: Rect(0, 219 - 1080, 1776); packageName: com.android.settings; className: android.widget.ListView; text: null; contentDescription: null; viewIdResName: android:id/list; checkable: false; checked: false; focusable: true; focused: true; selected: false; clickable: true; longClickable: false; enabled: true; password: false; scrollable: true; [ACTION_CLEAR_FOCUS, ACTION_SELECT, ACTION_CLEAR_SELECTION, ACTION_CLICK, ACTION_ACCESSIBILITY_FOCUS, ACTION_SCROLL_FORWARD]]
11-14 19:12:16.964  4175  4175 D UiScrollable: scrollToBegining() using vertical scroll
11-14 19:12:16.964  4175  4175 D InteractionController: scrollSwipe (540, 374, 540, 1621, 55)
11-14 19:12:17.534   185   847 V audio_hw_primary: out_standby: enter: usecase(1: low-latency-playback)
11-14 19:12:17.584   185   847 V audio_hw_primary: stop_output_stream: enter: usecase(1: low-latency-playback)
11-14 19:12:17.584   185   847 V audio_hw_primary: disable_audio_route: enter: usecase(1)
11-14 19:12:17.584   185   847 V audio_hw_primary: disable_audio_route: reset mixer path: low-latency-playback
11-14 19:12:17.594   185   847 V audio_hw_primary: disable_audio_route: exit
11-14 19:12:17.594   185   847 V audio_hw_primary: disable_snd_device: snd_device(2: speaker) refcnt=0
11-14 19:12:17.604   185   847 V audio_hw_primary: stop_output_stream: exit: status(0)
11-14 19:12:17.604   185   847 V audio_hw_primary: out_standby: exit
11-14 19:12:18.124  4175  4175 W InteractionController: runAndwaitForEvent timedout waiting for events
11-14 19:12:18.174  4175  4175 D UiScrollable: scrollForward() on selector = UiSelector[SCROLLABLE=true]
11-14 19:12:18.204  4175  4175 I QueryController: Matched selector: UiSelector[SCROLLABLE=true] <<==>> [android.view.accessibility.AccessibilityNodeInfo@913a9; boundsInParent: Rect(0, 0 - 1080, 1557); boundsInScreen: Rect(0, 219 - 1080, 1776); packageName: com.android.settings; className: android.widget.ListView; text: null; contentDescription: null; viewIdResName: android:id/list; checkable: false; checked: false; focusable: true; focused: true; selected: false; clickable: true; longClickable: false; enabled: true; password: false; scrollable: true; [ACTION_CLEAR_FOCUS, ACTION_SELECT, ACTION_CLEAR_SELECTION, ACTION_CLICK, ACTION_ACCESSIBILITY_FOCUS, ACTION_SCROLL_FORWARD]]
11-14 19:12:18.204  4175  4175 D InteractionController: scrollSwipe (540, 1621, 540, 374, 55)
11-14 19:12:19.354  4175  4175 W InteractionController: runAndwaitForEvent timedout waiting for events
11-14 19:12:19.354  4175  4175 D InteractionController: scrollSwipe reached scroll end: false
11-14 19:12:19.934  4175  4175 I QueryController: Matched selector: UiSelector[SCROLLABLE=true, CHILD=UiSelector[TEXT=Apps]] <<==>> [android.view.accessibility.AccessibilityNodeInfo@92a2f; boundsInParent: Rect(0, 0 - 126, 73); boundsInScreen: Rect(174, 1330 - 300, 1403); packageName: com.android.settings; className: android.widget.TextView; text: Apps; contentDescription: null; viewIdResName: android:id/title; checkable: false; checked: false; focusable: false; focused: false; selected: false; clickable: false; longClickable: false; enabled: true; password: false; scrollable: false; [ACTION_SELECT, ACTION_CLEAR_SELECTION, ACTION_ACCESSIBILITY_FOCUS, ACTION_NEXT_AT_MOVEMENT_GRANULARITY, ACTION_PREVIOUS_AT_MOVEMENT_GRANULARITY, ACTION_SET_SELECTION]]
11-14 19:12:20.534  4175  4175 I QueryController: Counted 12 instances of: UiSelector[CONTAINER=UiSelector[SCROLLABLE=true], PATTERN=UiSelector[PATTERN=UiSelector[CLASS=android.widget.TextView]]]
11-14 19:12:20.554  4175  4175 I QueryController: Matched selector: UiSelector[CONTAINER=UiSelector[SCROLLABLE=true], PATTERN=UiSelector[INSTANCE=0, PATTERN=UiSelector[CLASS=android.widget.TextView]]] <<==>> [android.view.accessibility.AccessibilityNodeInfo@93cf4; boundsInParent: Rect(0, 0 - 249, 73); boundsInScreen: Rect(174, 210 - 423, 283); packageName: com.android.settings; className: android.widget.TextView; text: Status bar; contentDescription: null; viewIdResName: android:id/title; checkable: false; checked: false; focusable: false; focused: false; selected: false; clickable: false; longClickable: false; enabled: true; password: false; scrollable: false; [ACTION_SELECT, ACTION_CLEAR_SELECTION, ACTION_ACCESSIBILITY_FOCUS, ACTION_NEXT_AT_MOVEMENT_GRANULARITY, ACTION_PREVIOUS_AT_MOVEMENT_GRANULARITY, ACTION_SET_SELECTION]]
11-14 19:12:20.554  4175  4175 D UiObject: getText() = Status bar
11-14 19:12:20.594  4175  4175 I QueryController: Matched selector: UiSelector[CONTAINER=UiSelector[SCROLLABLE=true], PATTERN=UiSelector[INSTANCE=1, PATTERN=UiSelector[CLASS=android.widget.TextView]]] <<==>> [android.view.accessibility.AccessibilityNodeInfo@940b5; boundsInParent: Rect(0, 0 - 462, 73); boundsInScreen: Rect(174, 356 - 636, 429); packageName: com.android.settings; className: android.widget.TextView; text: Notification drawer; contentDescription: null; viewIdResName: android:id/title; checkable: false; checked: false; focusable: false; focused: false; selected: false; clickable: false; longClickable: false; enabled: true; password: false; scrollable: false; [ACTION_SELECT, ACTION_CLEAR_SELECTION, ACTION_ACCESSIBILITY_FOCUS, ACTION_NEXT_AT_MOVEMENT_GRANULARITY, ACTION_PREVIOUS_AT_MOVEMENT_GRANULARITY, ACTION_SET_SELECTION]]
11-14 19:12:20.594  4175  4175 D UiObject: getText() = Notification drawer
11-14 19:12:20.634  4175  4175 I QueryController: Matched selector: UiSelector[CONTAINER=UiSelector[SCROLLABLE=true], PATTERN=UiSelector[INSTANCE=2, PATTERN=UiSelector[CLASS=android.widget.TextView]]] <<==>> [android.view.accessibility.AccessibilityNodeInfo@94476; boundsInParent: Rect(0, 0 - 984, 96); boundsInScreen: Rect(48, 467 - 1032, 563); packageName: com.android.settings; className: android.widget.TextView; text: DEVICE; contentDescription: null; viewIdResName: null; checkable: false; checked: false; focusable: false; focused: false; selected: false; clickable: false; longClickable: false; enabled: false; password: false; scrollable: false; [ACTION_SELECT, ACTION_CLEAR_SELECTION, ACTION_ACCESSIBILITY_FOCUS, ACTION_NEXT_AT_MOVEMENT_GRANULARITY, ACTION_PREVIOUS_AT_MOVEMENT_GRANULARITY, ACTION_SET_SELECTION]]
11-14 19:12:20.634  4175  4175 D UiObject: getText() = DEVICE
11-14 19:12:20.664  4175  4175 I QueryController: Matched selector: UiSelector[CONTAINER=UiSelector[SCROLLABLE=true], PATTERN=UiSelector[INSTANCE=3, PATTERN=UiSelector[CLASS=android.widget.TextView]]] <<==>> [android.view.accessibility.AccessibilityNodeInfo@a52be; boundsInParent: Rect(0, 0 - 157, 73); boundsInScreen: Rect(174, 600 - 331, 673); packageName: com.android.settings; className: android.widget.TextView; text: Sound; contentDescription: null; viewIdResName: android:id/title; checkable: false; checked: false; focusable: false; focused: false; selected: false; clickable: false; longClickable: false; enabled: true; password: false; scrollable: false; [ACTION_SELECT, ACTION_CLEAR_SELECTION, ACTION_ACCESSIBILITY_FOCUS, ACTION_NEXT_AT_MOVEMENT_GRANULARITY, ACTION_PREVIOUS_AT_MOVEMENT_GRANULARITY, ACTION_SET_SELECTION]]
11-14 19:12:20.664  4175  4175 D UiObject: getText() = Sound
11-14 19:12:20.704  4175  4175 I QueryController: Matched selector: UiSelector[CONTAINER=UiSelector[SCROLLABLE=true], PATTERN=UiSelector[INSTANCE=4, PATTERN=UiSelector[CLASS=android.widget.TextView]]] <<==>> [android.view.accessibility.AccessibilityNodeInfo@a567f; boundsInParent: Rect(0, 0 - 372, 73); boundsInScreen: Rect(174, 746 - 546, 819); packageName: com.android.settings; className: android.widget.TextView; text: Display & lights; contentDescription: null; viewIdResName: android:id/title; checkable: false; checked: false; focusable: false; focused: false; selected: false; clickable: false; longClickable: false; enabled: true; password: false; scrollable: false; [ACTION_SELECT, ACTION_CLEAR_SELECTION, ACTION_ACCESSIBILITY_FOCUS, ACTION_NEXT_AT_MOVEMENT_GRANULARITY, ACTION_PREVIOUS_AT_MOVEMENT_GRANULARITY, ACTION_SET_SELECTION]]
11-14 19:12:20.704  4175  4175 D UiObject: getText() = Display & lights
11-14 19:12:20.744  4175  4175 I QueryController: Matched selector: UiSelector[CONTAINER=UiSelector[SCROLLABLE=true], PATTERN=UiSelector[INSTANCE=5, PATTERN=UiSelector[CLASS=android.widget.TextView]]] <<==>> [android.view.accessibility.AccessibilityNodeInfo@a5e01; boundsInParent: Rect(0, 0 - 189, 73); boundsInScreen: Rect(174, 892 - 363, 965); packageName: com.android.settings; className: android.widget.TextView; text: Buttons; contentDescription: null; viewIdResName: android:id/title; checkable: false; checked: false; focusable: false; focused: false; selected: false; clickable: false; longClickable: false; enabled: true; password: false; scrollable: false; [ACTION_SELECT, ACTION_CLEAR_SELECTION, ACTION_ACCESSIBILITY_FOCUS, ACTION_NEXT_AT_MOVEMENT_GRANULARITY, ACTION_PREVIOUS_AT_MOVEMENT_GRANULARITY, ACTION_SET_SELECTION]]
11-14 19:12:20.744  4175  4175 D UiObject: getText() = Buttons
11-14 19:12:20.774  4175  4175 I QueryController: Matched selector: UiSelector[CONTAINER=UiSelector[SCROLLABLE=true], PATTERN=UiSelector[INSTANCE=6, PATTERN=UiSelector[CLASS=android.widget.TextView]]] <<==>> [android.view.accessibility.AccessibilityNodeInfo@a61c2; boundsInParent: Rect(0, 0 - 189, 73); boundsInScreen: Rect(174, 1038 - 363, 1111); packageName: com.android.settings; className: android.widget.TextView; text: Storage; contentDescription: null; viewIdResName: android:id/title; checkable: false; checked: false; focusable: false; focused: false; selected: false; clickable: false; longClickable: false; enabled: true; password: false; scrollable: false; [ACTION_SELECT, ACTION_CLEAR_SELECTION, ACTION_ACCESSIBILITY_FOCUS, ACTION_NEXT_AT_MOVEMENT_GRANULARITY, ACTION_PREVIOUS_AT_MOVEMENT_GRANULARITY, ACTION_SET_SELECTION]]
11-14 19:12:20.774  4175  4175 D UiObject: getText() = Storage
11-14 19:12:20.824  4175  4175 I QueryController: Matched selector: UiSelector[CONTAINER=UiSelector[SCROLLABLE=true], PATTERN=UiSelector[INSTANCE=7, PATTERN=UiSelector[CLASS=android.widget.TextView]]] <<==>> [android.view.accessibility.AccessibilityNodeInfo@a6583; boundsInParent: Rect(0, 0 - 173, 73); boundsInScreen: Rect(174, 1184 - 347, 1257); packageName: com.android.settings; className: android.widget.TextView; text: Battery; contentDescription: null; viewIdResName: android:id/title; checkable: false; checked: false; focusable: false; focused: false; selected: false; clickable: false; longClickable: false; enabled: true; password: false; scrollable: false; [ACTION_SELECT, ACTION_CLEAR_SELECTION, ACTION_ACCESSIBILITY_FOCUS, ACTION_NEXT_AT_MOVEMENT_GRANULARITY, ACTION_PREVIOUS_AT_MOVEMENT_GRANULARITY, ACTION_SET_SELECTION]]
11-14 19:12:20.824  4175  4175 D UiObject: getText() = Battery
11-14 19:12:20.854  4175  4175 I QueryController: Matched selector: UiSelector[CONTAINER=UiSelector[SCROLLABLE=true], PATTERN=UiSelector[INSTANCE=8, PATTERN=UiSelector[CLASS=android.widget.TextView]]] <<==>> [android.view.accessibility.AccessibilityNodeInfo@92a2f; boundsInParent: Rect(0, 0 - 126, 73); boundsInScreen: Rect(174, 1330 - 300, 1403); packageName: com.android.settings; className: android.widget.TextView; text: Apps; contentDescription: null; viewIdResName: android:id/title; checkable: false; checked: false; focusable: false; focused: false; selected: false; clickable: false; longClickable: false; enabled: true; password: false; scrollable: false; [ACTION_SELECT, ACTION_CLEAR_SELECTION, ACTION_ACCESSIBILITY_FOCUS, ACTION_NEXT_AT_MOVEMENT_GRANULARITY, ACTION_PREVIOUS_AT_MOVEMENT_GRANULARITY, ACTION_SET_SELECTION]]
11-14 19:12:20.854  4175  4175 D UiObject: getText() = Apps
11-14 19:12:20.874  4175  4175 I QueryController: Matched selector: UiSelector[CONTAINER=UiSelector[SCROLLABLE=true], PATTERN=UiSelector[INSTANCE=8, PATTERN=UiSelector[CLASS=android.widget.TextView]]] <<==>> [android.view.accessibility.AccessibilityNodeInfo@92a2f; boundsInParent: Rect(0, 0 - 126, 73); boundsInScreen: Rect(174, 1330 - 300, 1403); packageName: com.android.settings; className: android.widget.TextView; text: Apps; contentDescription: null; viewIdResName: android:id/title; checkable: false; checked: false; focusable: false; focused: false; selected: false; clickable: false; longClickable: false; enabled: true; password: false; scrollable: false; [ACTION_SELECT, ACTION_CLEAR_SELECTION, ACTION_ACCESSIBILITY_FOCUS, ACTION_NEXT_AT_MOVEMENT_GRANULARITY, ACTION_PREVIOUS_AT_MOVEMENT_GRANULARITY, ACTION_SET_SELECTION]]
11-14 19:12:20.874  4175  4175 D InteractionController: clickAndWaitForNewWindow(237, 1366)
11-14 19:12:21.064  4309  4309 I Timeline: Timeline: Activity_launch_request id:com.android.settings time:406002
11-14 19:12:21.084   185  1527 D AudioPolicyManagerBase: getOutput() device 2, stream 1, samplingRate 0, format 0, channelMask 3, flags 0
11-14 19:12:21.084   185  1527 D AudioPolicyManagerBase: getOutput() returns output 2
11-14 19:12:21.084   185   850 D AudioPolicyManagerBase: getOutput() device 2, stream 1, samplingRate 0, format 0, channelMask 3, flags 0
11-14 19:12:21.084   185   850 D AudioPolicyManagerBase: getOutput() returns output 2
11-14 19:12:21.084   185  2024 D AudioPolicyManagerBase: getOutput() device 2, stream 1, samplingRate 48000, format 1, channelMask 3, flags 4
11-14 19:12:21.084   185  2024 D AudioPolicyManagerBase: getOutput() returns output 3
11-14 19:12:21.094   185  1527 D AudioFlinger: start(4099), calling pid 807 session 57
11-14 19:12:21.094   185  1527 D AudioFlinger: ? => ACTIVE (4099) on thread 0xb8dacb70
11-14 19:12:21.094   185  1527 I QCOM PowerHAL: Processing audio hint. Metadata: state=1
11-14 19:12:21.094   185  1527 D AudioPolicyManagerBase: startOutput() output 3, stream 1, session 57
11-14 19:12:21.104   185   794 V audio_hw_primary: start_output_stream: enter: usecase(1: low-latency-playback) devices(0x2)
11-14 19:12:21.104   185   794 V msm8974_platform: platform_get_output_snd_device: enter: output devices(0x2)
11-14 19:12:21.104   185   794 V msm8974_platform: platform_get_output_snd_device: exit: snd_device(speaker)
11-14 19:12:21.104   185   794 D audio_hw_primary: select_devices: out_snd_device(2: speaker) in_snd_device(0: )
11-14 19:12:21.104   185   794 W msm8974_platform: Property audio.offload.24bit.enable is set
11-14 19:12:21.104   185   794 V msm8974_platform: platform_check_and_set_codec_backend_cfg usecase = 1
11-14 19:12:21.104   185   794 W msm8974_platform: Codec backend bitwidth 16, samplerate 48000
11-14 19:12:21.104   185   794 V msm8974_platform: Playback running bw 16 sr 48000 standby 0
11-14 19:12:21.104   185   794 V audio_hw_primary: enable_snd_device: snd_device(2: speaker)
11-14 19:12:21.104   185   794 V audio_hw_primary: enable_audio_route: enter: usecase(1)
11-14 19:12:21.104   185   794 V audio_hw_primary: enable_audio_route: apply mixer path: low-latency-playback
11-14 19:12:21.104   185   794 V audio_hw_primary: enable_audio_route: exit
11-14 19:12:21.104   185   794 V audio_hw_primary: start_output_stream: Opening PCM device card_id(0) device_id(15)
11-14 19:12:21.114   185   794 V audio_hw_primary: start_output_stream: exit
11-14 19:12:21.124  4309  4309 D SubSettings: Launching fragment com.android.settings.applications.ManageApplications
11-14 19:12:21.244   807   833 I ActivityManager: Displayed com.android.settings/.SubSettings: +150ms
11-14 19:12:21.294  4309  4309 I Timeline: Timeline: Activity_idle id: android.os.BinderProxy@41e168c8 time:406239
11-14 19:12:21.304   185   791 I QCOM PowerHAL: Processing audio hint. Metadata: state=0
11-14 19:12:21.584   807   833 I Timeline: Timeline: Activity_windows_visible id: ActivityRecord{41b35780 u0 com.android.settings/.SubSettings t15} time:406521
11-14 19:12:21.874  4309  4309 D BluetoothAdapter: 1105589248: getState() :  mService = null. Returning STATE_OFF
11-14 19:12:22.004  4309  4309 I Timeline: Timeline: Activity_idle id: android.os.BinderProxy@42adc840 time:406945
11-14 19:12:22.304   807   833 I Timeline: Timeline: Activity_windows_visible id: ActivityRecord{42243f88 u0 com.android.settings/.Settings t15} time:407242
11-14 19:12:23.354  2682  2682 I wpa_supplicant: wlan0: CTRL-EVENT-SCAN-STARTED 
11-14 19:12:23.674  4309  4309 I Choreographer: Skipped 81 frames!  The application may be doing too much work on its main thread.
11-14 19:12:23.834  2432  2432 I Timeline: Timeline: Activity_idle id: android.os.BinderProxy@41b84680 time:408778
11-14 19:12:24.244   807   833 I Timeline: Timeline: Activity_windows_visible id: ActivityRecord{41c37f58 u0 com.cyanogenmod.trebuchet/org.cyanogenmod.trebuchet.CustomHomeLauncher t4} time:409181
11-14 19:12:24.274   185   847 V audio_hw_primary: out_standby: enter: usecase(1: low-latency-playback)
11-14 19:12:24.314   185   847 V audio_hw_primary: stop_output_stream: enter: usecase(1: low-latency-playback)
11-14 19:12:24.314   185   847 V audio_hw_primary: disable_audio_route: enter: usecase(1)
11-14 19:12:24.314   185   847 V audio_hw_primary: disable_audio_route: reset mixer path: low-latency-playback
11-14 19:12:24.314   185   847 V audio_hw_primary: disable_audio_route: exit
11-14 19:12:24.314   185   847 V audio_hw_primary: disable_snd_device: snd_device(2: speaker) refcnt=0
11-14 19:12:24.314   185   847 V audio_hw_primary: stop_output_stream: exit: status(0)
11-14 19:12:24.314   185   847 V audio_hw_primary: out_standby: exit
11-14 19:12:24.754  4175  4175 W InteractionController: runAndwaitForEvent timedout waiting for events
11-14 19:12:24.824  4175  4175 I QueryController: Matched selector: UiSelector[TEXT=Settings] <<==>> [android.view.accessibility.AccessibilityNodeInfo@27a4b; boundsInParent: Rect(524167, 0 - 524428, 320); boundsInScreen: Rect(801, 1071 - 1062, 1391); packageName: com.cyanogenmod.trebuchet; className: android.widget.TextView; text: Settings; contentDescription: null; viewIdResName: null; checkable: false; checked: false; focusable: true; focused: false; selected: false; clickable: true; longClickable: true; enabled: true; password: false; scrollable: false; [ACTION_FOCUS, ACTION_SELECT, ACTION_CLEAR_SELECTION, ACTION_CLICK, ACTION_LONG_CLICK, ACTION_ACCESSIBILITY_FOCUS, ACTION_NEXT_AT_MOVEMENT_GRANULARITY, ACTION_PREVIOUS_AT_MOVEMENT_GRANULARITY, ACTION_SET_SELECTION]]
