11-14 19:12:24.854  4175  4175 I QueryController: Matched selector: UiSelector[TEXT=Settings] <<==>> [android.view.accessibility.AccessibilityNodeInfo@27a4b; boundsInParent: Rect(524167, 0 - 524428, 320); boundsInScreen: Rect(801, 1071 - 1062, 1391); packageName: com.cyanogenmod.trebuchet; className: android.widget.TextView; text: Settings; contentDescription: null; viewIdResName: null; checkable: false; checked: false; focusable: true; focused: false; selected: false; clickable: true; longClickable: true; enabled: true; password: false; scrollable: false; [ACTION_FOCUS, ACTION_SELECT, ACTION_CLEAR_SELECTION, ACTION_CLICK, ACTION_LONG_CLICK, ACTION_ACCESSIBILITY_FOCUS, ACTION_NEXT_AT_MOVEMENT_GRANULARITY, ACTION_PREVIOUS_AT_MOVEMENT_GRANULARITY, ACTION_SET_SELECTION]]
11-14 19:12:24.854  4175  4175 D InteractionController: clickAndWaitForNewWindow(931, 1231)
11-14 19:12:24.994  2432  2432 I Timeline: Timeline: Activity_launch_request id:com.android.settings time:409934
11-14 19:12:24.994   185  2024 D AudioPolicyManagerBase: getOutput() device 2, stream 1, samplingRate 0, format 0, channelMask 3, flags 0
11-14 19:12:24.994   185  2024 D AudioPolicyManagerBase: getOutput() returns output 2
11-14 19:12:24.994   185   185 D AudioPolicyManagerBase: getOutput() device 2, stream 1, samplingRate 0, format 0, channelMask 3, flags 0
11-14 19:12:24.994   185   185 D AudioPolicyManagerBase: getOutput() returns output 2
11-14 19:12:24.994   185  1527 D AudioPolicyManagerBase: getOutput() device 2, stream 1, samplingRate 48000, format 1, channelMask 3, flags 4
11-14 19:12:24.994   185  1527 D AudioPolicyManagerBase: getOutput() returns output 3
11-14 19:12:24.994   185  2024 D AudioFlinger: start(4101), calling pid 807 session 58
11-14 19:12:24.994   185  2024 D AudioFlinger: ? => ACTIVE (4101) on thread 0xb8da18a0
11-14 19:12:25.004   185  2024 I QCOM PowerHAL: Processing audio hint. Metadata: state=1
11-14 19:12:25.004   185  2024 D AudioPolicyManagerBase: startOutput() output 3, stream 1, session 58
11-14 19:12:25.014   185   794 V audio_hw_primary: start_output_stream: enter: usecase(1: low-latency-playback) devices(0x2)
11-14 19:12:25.014   185   794 V msm8974_platform: platform_get_output_snd_device: enter: output devices(0x2)
11-14 19:12:25.014   185   794 V msm8974_platform: platform_get_output_snd_device: exit: snd_device(speaker)
11-14 19:12:25.014   185   794 D audio_hw_primary: select_devices: out_snd_device(2: speaker) in_snd_device(0: )
11-14 19:12:25.014   185   794 W msm8974_platform: Property audio.offload.24bit.enable is set
11-14 19:12:25.014   185   794 V msm8974_platform: platform_check_and_set_codec_backend_cfg usecase = 1
11-14 19:12:25.014   185   794 W msm8974_platform: Codec backend bitwidth 16, samplerate 48000
11-14 19:12:25.014   185   794 V msm8974_platform: Playback running bw 16 sr 48000 standby 0
11-14 19:12:25.014   185   794 V audio_hw_primary: enable_snd_device: snd_device(2: speaker)
11-14 19:12:25.014   185   794 V audio_hw_primary: enable_audio_route: enter: usecase(1)
11-14 19:12:25.014   185   794 V audio_hw_primary: enable_audio_route: apply mixer path: low-latency-playback
11-14 19:12:25.014   185   794 V audio_hw_primary: enable_audio_route: exit
11-14 19:12:25.014   185   794 V audio_hw_primary: start_output_stream: Opening PCM device card_id(0) device_id(15)
11-14 19:12:25.014   185   794 V audio_hw_primary: start_output_stream: exit
11-14 19:12:25.204   185   791 I QCOM PowerHAL: Processing audio hint. Metadata: state=0
11-14 19:12:25.304  4309  4309 D BluetoothAdapter: 1105589248: getState() :  mService = null. Returning STATE_OFF
11-14 19:12:25.334  4309  4309 D BluetoothAdapter: 1105589248: getState() :  mService = null. Returning STATE_OFF
11-14 19:12:25.424  4309  4309 D BluetoothAdapter: 1105589248: getState() :  mService = null. Returning STATE_OFF
11-14 19:12:25.454  4309  4309 I Timeline: Timeline: Activity_idle id: android.os.BinderProxy@42ab54d8 time:410394
11-14 19:12:25.464   807   833 I ActivityManager: Displayed com.android.settings/.Settings: +385ms
11-14 19:12:25.464   807   833 I Timeline: Timeline: Activity_windows_visible id: ActivityRecord{41b310b0 u0 com.android.settings/.Settings t16} time:410402
11-14 19:12:27.404  4175  4175 I QueryController: Matched selector: UiSelector[RESOURCE_ID=android:id/action_bar_title] <<==>> [android.view.accessibility.AccessibilityNodeInfo@b3b7f; boundsInParent: Rect(0, 0 - 198, 73); boundsInScreen: Rect(145, 110 - 343, 183); packageName: com.android.settings; className: android.widget.TextView; text: Settings; contentDescription: null; viewIdResName: android:id/action_bar_title; checkable: false; checked: false; focusable: false; focused: false; selected: false; clickable: false; longClickable: false; enabled: true; password: false; scrollable: false; [ACTION_SELECT, ACTION_CLEAR_SELECTION, ACTION_ACCESSIBILITY_FOCUS, ACTION_NEXT_AT_MOVEMENT_GRANULARITY, ACTION_PREVIOUS_AT_MOVEMENT_GRANULARITY, ACTION_SET_SELECTION]]
11-14 19:12:27.404  4175  4175 D UiObject: getText() = Settings
11-14 19:12:27.434  4175  4175 D UiScrollable: scrollToBeginning() on selector = UiSelector[SCROLLABLE=true]
11-14 19:12:27.434  4175  4175 D UiScrollable: scrollBackward() on selector = UiSelector[SCROLLABLE=true]
11-14 19:12:27.454  4175  4175 I QueryController: Matched selector: UiSelector[SCROLLABLE=true] <<==>> [android.view.accessibility.AccessibilityNodeInfo@b33fd; boundsInParent: Rect(0, 0 - 1080, 1557); boundsInScreen: Rect(0, 219 - 1080, 1776); packageName: com.android.settings; className: android.widget.ListView; text: null; contentDescription: null; viewIdResName: android:id/list; checkable: false; checked: false; focusable: true; focused: true; selected: false; clickable: true; longClickable: false; enabled: true; password: false; scrollable: true; [ACTION_CLEAR_FOCUS, ACTION_SELECT, ACTION_CLEAR_SELECTION, ACTION_CLICK, ACTION_ACCESSIBILITY_FOCUS, ACTION_SCROLL_FORWARD]]
11-14 19:12:27.454  4175  4175 D UiScrollable: scrollToBegining() using vertical scroll
11-14 19:12:27.454  4175  4175 D InteractionController: scrollSwipe (540, 374, 540, 1621, 55)
11-14 19:12:28.174   185   847 V audio_hw_primary: out_standby: enter: usecase(1: low-latency-playback)
11-14 19:12:28.234   185   847 V audio_hw_primary: stop_output_stream: enter: usecase(1: low-latency-playback)
11-14 19:12:28.234   185   847 V audio_hw_primary: disable_audio_route: enter: usecase(1)
11-14 19:12:28.244   185   847 V audio_hw_primary: disable_audio_route: reset mixer path: low-latency-playback
11-14 19:12:28.244   185   847 V audio_hw_primary: disable_audio_route: exit
11-14 19:12:28.244   185   847 V audio_hw_primary: disable_snd_device: snd_device(2: speaker) refcnt=0
11-14 19:12:28.244   185   847 V audio_hw_primary: stop_output_stream: exit: status(0)
11-14 19:12:28.244   185   847 V audio_hw_primary: out_standby: exit
11-14 19:12:28.614  4175  4175 W InteractionController: runAndwaitForEvent timedout waiting for events
11-14 19:12:28.684  4175  4175 D UiScrollable: scrollForward() on selector = UiSelector[SCROLLABLE=true]
11-14 19:12:28.724  4175  4175 I QueryController: Matched selector: UiSelector[SCROLLABLE=true] <<==>> [android.view.accessibility.AccessibilityNodeInfo@b33fd; boundsInParent: Rect(0, 0 - 1080, 1557); boundsInScreen: Rect(0, 219 - 1080, 1776); packageName: com.android.settings; className: android.widget.ListView; text: null; contentDescription: null; viewIdResName: android:id/list; checkable: false; checked: false; focusable: true; focused: true; selected: false; clickable: true; longClickable: false; enabled: true; password: false; scrollable: true; [ACTION_CLEAR_FOCUS, ACTION_SELECT, ACTION_CLEAR_SELECTION, ACTION_CLICK, ACTION_ACCESSIBILITY_FOCUS, ACTION_SCROLL_FORWARD]]
11-14 19:12:28.724  4175  4175 D InteractionController: scrollSwipe (540, 1621, 540, 374, 55)
11-14 19:12:29.914  4175  4175 W InteractionController: runAndwaitForEvent timedout waiting for events
11-14 19:12:29.914  4175  4175 D InteractionController: scrollSwipe reached scroll end: false
11-14 19:12:30.424  4175  4175 I QueryController: Matched selector: UiSelector[SCROLLABLE=true, CHILD=UiSelector[TEXT=Apps]] <<==>> [android.view.accessibility.AccessibilityNodeInfo@b46c2; boundsInParent: Rect(0, 0 - 126, 73); boundsInScreen: Rect(174, 1355 - 300, 1428); packageName: com.android.settings; className: android.widget.TextView; text: Apps; contentDescription: null; viewIdResName: android:id/title; checkable: false; checked: false; focusable: false; focused: false; selected: false; clickable: false; longClickable: false; enabled: true; password: false; scrollable: false; [ACTION_SELECT, ACTION_CLEAR_SELECTION, ACTION_ACCESSIBILITY_FOCUS, ACTION_NEXT_AT_MOVEMENT_GRANULARITY, ACTION_PREVIOUS_AT_MOVEMENT_GRANULARITY, ACTION_SET_SELECTION]]
11-14 19:12:31.074  4175  4175 I QueryController: Counted 12 instances of: UiSelector[CONTAINER=UiSelector[SCROLLABLE=true], PATTERN=UiSelector[PATTERN=UiSelector[CLASS=android.widget.TextView]]]
11-14 19:12:31.734  4175  4175 I QueryController: Matched selector: UiSelector[CONTAINER=UiSelector[SCROLLABLE=true], PATTERN=UiSelector[INSTANCE=0, PATTERN=UiSelector[CLASS=android.widget.TextView]]] <<==>> [android.view.accessibility.AccessibilityNodeInfo@b5d48; boundsInParent: Rect(0, 0 - 249, 73); boundsInScreen: Rect(174, 235 - 423, 308); packageName: com.android.settings; className: android.widget.TextView; text: Status bar; contentDescription: null; viewIdResName: android:id/title; checkable: false; checked: false; focusable: false; focused: false; selected: false; clickable: false; longClickable: false; enabled: true; password: false; scrollable: false; [ACTION_SELECT, ACTION_CLEAR_SELECTION, ACTION_ACCESSIBILITY_FOCUS, ACTION_NEXT_AT_MOVEMENT_GRANULARITY, ACTION_PREVIOUS_AT_MOVEMENT_GRANULARITY, ACTION_SET_SELECTION]]
11-14 19:12:31.734  4175  4175 D UiObject: getText() = Status bar
11-14 19:12:31.764  4175  4175 I QueryController: Matched selector: UiSelector[CONTAINER=UiSelector[SCROLLABLE=true], PATTERN=UiSelector[INSTANCE=1, PATTERN=UiSelector[CLASS=android.widget.TextView]]] <<==>> [android.view.accessibility.AccessibilityNodeInfo@b6109; boundsInParent: Rect(0, 0 - 462, 73); boundsInScreen: Rect(174, 381 - 636, 454); packageName: com.android.settings; className: android.widget.TextView; text: Notification drawer; contentDescription: null; viewIdResName: android:id/title; checkable: false; checked: false; focusable: false; focused: false; selected: false; clickable: false; longClickable: false; enabled: true; password: false; scrollable: false; [ACTION_SELECT, ACTION_CLEAR_SELECTION, ACTION_ACCESSIBILITY_FOCUS, ACTION_NEXT_AT_MOVEMENT_GRANULARITY, ACTION_PREVIOUS_AT_MOVEMENT_GRANULARITY, ACTION_SET_SELECTION]]
11-14 19:12:31.764  4175  4175 D UiObject: getText() = Notification drawer
11-14 19:12:31.794  4175  4175 I QueryController: Matched selector: UiSelector[CONTAINER=UiSelector[SCROLLABLE=true], PATTERN=UiSelector[INSTANCE=2, PATTERN=UiSelector[CLASS=android.widget.TextView]]] <<==>> [android.view.accessibility.AccessibilityNodeInfo@b64ca; boundsInParent: Rect(0, 0 - 984, 96); boundsInScreen: Rect(48, 492 - 1032, 588); packageName: com.android.settings; className: android.widget.TextView; text: DEVICE; contentDescription: null; viewIdResName: null; checkable: false; checked: false; focusable: false; focused: false; selected: false; clickable: false; longClickable: false; enabled: false; password: false; scrollable: false; [ACTION_SELECT, ACTION_CLEAR_SELECTION, ACTION_ACCESSIBILITY_FOCUS, ACTION_NEXT_AT_MOVEMENT_GRANULARITY, ACTION_PREVIOUS_AT_MOVEMENT_GRANULARITY, ACTION_SET_SELECTION]]
11-14 19:12:31.794  4175  4175 D UiObject: getText() = DEVICE
11-14 19:12:31.834  4175  4175 I QueryController: Matched selector: UiSelector[CONTAINER=UiSelector[SCROLLABLE=true], PATTERN=UiSelector[INSTANCE=3, PATTERN=UiSelector[CLASS=android.widget.TextView]]] <<==>> [android.view.accessibility.AccessibilityNodeInfo@c7312; boundsInParent: Rect(0, 0 - 157, 73); boundsInScreen: Rect(174, 625 - 331, 698); packageName: com.android.settings; className: android.widget.TextView; text: Sound; contentDescription: null; viewIdResName: android:id/title; checkable: false; checked: false; focusable: false; focused: false; selected: false; clickable: false; longClickable: false; enabled: true; password: false; scrollable: false; [ACTION_SELECT, ACTION_CLEAR_SELECTION, ACTION_ACCESSIBILITY_FOCUS, ACTION_NEXT_AT_MOVEMENT_GRANULARITY, ACTION_PREVIOUS_AT_MOVEMENT_GRANULARITY, ACTION_SET_SELECTION]]
11-14 19:12:31.834  4175  4175 D UiObject: getText() = Sound
11-14 19:12:31.864  4175  4175 I QueryController: Matched selector: UiSelector[CONTAINER=UiSelector[SCROLLABLE=true], PATTERN=UiSelector[INSTANCE=4, PATTERN=UiSelector[CLASS=android.widget.TextView]]] <<==>> [android.view.accessibility.AccessibilityNodeInfo@c76d3; boundsInParent: Rect(0, 0 - 372, 73); boundsInScreen: Rect(174, 771 - 546, 844); packageName: com.android.settings; className: android.widget.TextView; text: Display & lights; contentDescription: null; viewIdResName: android:id/title; checkable: false; checked: false; focusable: false; focused: false; selected: false; clickable: false; longClickable: false; enabled: true; password: false; scrollable: false; [ACTION_SELECT, ACTION_CLEAR_SELECTION, ACTION_ACCESSIBILITY_FOCUS, ACTION_NEXT_AT_MOVEMENT_GRANULARITY, ACTION_PREVIOUS_AT_MOVEMENT_GRANULARITY, ACTION_SET_SELECTION]]
11-14 19:12:31.864  4175  4175 D UiObject: getText() = Display & lights
11-14 19:12:31.904  4175  4175 I QueryController: Matched selector: UiSelector[CONTAINER=UiSelector[SCROLLABLE=true], PATTERN=UiSelector[INSTANCE=5, PATTERN=UiSelector[CLASS=android.widget.TextView]]] <<==>> [android.view.accessibility.AccessibilityNodeInfo@c7a94; boundsInParent: Rect(0, 0 - 189, 73); boundsInScreen: Rect(174, 917 - 363, 990); packageName: com.android.settings; className: android.widget.TextView; text: Buttons; contentDescription: null; viewIdResName: android:id/title; checkable: false; checked: false; focusable: false; focused: false; selected: false; clickable: false; longClickable: false; enabled: true; password: false; scrollable: false; [ACTION_SELECT, ACTION_CLEAR_SELECTION, ACTION_ACCESSIBILITY_FOCUS, ACTION_NEXT_AT_MOVEMENT_GRANULARITY, ACTION_PREVIOUS_AT_MOVEMENT_GRANULARITY, ACTION_SET_SELECTION]]
11-14 19:12:31.904  4175  4175 D UiObject: getText() = Buttons
11-14 19:12:31.934  4175  4175 I QueryController: Matched selector: UiSelector[CONTAINER=UiSelector[SCROLLABLE=true], PATTERN=UiSelector[INSTANCE=6, PATTERN=UiSelector[CLASS=android.widget.TextView]]] <<==>> [android.view.accessibility.AccessibilityNodeInfo@c7e55; boundsInParent: Rect(0, 0 - 189, 73); boundsInScreen: Rect(174, 1063 - 363, 1136); packageName: com.android.settings; className: android.widget.TextView; text: Storage; contentDescription: null; viewIdResName: android:id/title; checkable: false; checked: false; focusable: false; focused: false; selected: false; clickable: false; longClickable: false; enabled: true; password: false; scrollable: false; [ACTION_SELECT, ACTION_CLEAR_SELECTION, ACTION_ACCESSIBILITY_FOCUS, ACTION_NEXT_AT_MOVEMENT_GRANULARITY, ACTION_PREVIOUS_AT_MOVEMENT_GRANULARITY, ACTION_SET_SELECTION]]
11-14 19:12:31.934  4175  4175 D UiObject: getText() = Storage
11-14 19:12:31.964  4175  4175 I QueryController: Matched selector: UiSelector[CONTAINER=UiSelector[SCROLLABLE=true], PATTERN=UiSelector[INSTANCE=7, PATTERN=UiSelector[CLASS=android.widget.TextView]]] <<==>> [android.view.accessibility.AccessibilityNodeInfo@c85d7; boundsInParent: Rect(0, 0 - 173, 73); boundsInScreen: Rect(174, 1209 - 347, 1282); packageName: com.android.settings; className: android.widget.TextView; text: Battery; contentDescription: null; viewIdResName: android:id/title; checkable: false; checked: false; focusable: false; focused: false; selected: false; clickable: false; longClickable: false; enabled: true; password: false; scrollable: false; [ACTION_SELECT, ACTION_CLEAR_SELECTION, ACTION_ACCESSIBILITY_FOCUS, ACTION_NEXT_AT_MOVEMENT_GRANULARITY, ACTION_PREVIOUS_AT_MOVEMENT_GRANULARITY, ACTION_SET_SELECTION]]
11-14 19:12:31.964  4175  4175 D UiObject: getText() = Battery
11-14 19:12:32.004  4175  4175 I QueryController: Matched selector: UiSelector[CONTAINER=UiSelector[SCROLLABLE=true], PATTERN=UiSelector[INSTANCE=8, PATTERN=UiSelector[CLASS=android.widget.TextView]]] <<==>> [android.view.accessibility.AccessibilityNodeInfo@b46c2; boundsInParent: Rect(0, 0 - 126, 73); boundsInScreen: Rect(174, 1355 - 300, 1428); packageName: com.android.settings; className: android.widget.TextView; text: Apps; contentDescription: null; viewIdResName: android:id/title; checkable: false; checked: false; focusable: false; focused: false; selected: false; clickable: false; longClickable: false; enabled: true; password: false; scrollable: false; [ACTION_SELECT, ACTION_CLEAR_SELECTION, ACTION_ACCESSIBILITY_FOCUS, ACTION_NEXT_AT_MOVEMENT_GRANULARITY, ACTION_PREVIOUS_AT_MOVEMENT_GRANULARITY, ACTION_SET_SELECTION]]
11-14 19:12:32.004  4175  4175 D UiObject: getText() = Apps
11-14 19:12:32.024  4175  4175 I QueryController: Matched selector: UiSelector[CONTAINER=UiSelector[SCROLLABLE=true], PATTERN=UiSelector[INSTANCE=8, PATTERN=UiSelector[CLASS=android.widget.TextView]]] <<==>> [android.view.accessibility.AccessibilityNodeInfo@b46c2; boundsInParent: Rect(0, 0 - 126, 73); boundsInScreen: Rect(174, 1355 - 300, 1428); packageName: com.android.settings; className: android.widget.TextView; text: Apps; contentDescription: null; viewIdResName: android:id/title; checkable: false; checked: false; focusable: false; focused: false; selected: false; clickable: false; longClickable: false; enabled: true; password: false; scrollable: false; [ACTION_SELECT, ACTION_CLEAR_SELECTION, ACTION_ACCESSIBILITY_FOCUS, ACTION_NEXT_AT_MOVEMENT_GRANULARITY, ACTION_PREVIOUS_AT_MOVEMENT_GRANULARITY, ACTION_SET_SELECTION]]
11-14 19:12:32.024  4175  4175 D InteractionController: clickAndWaitForNewWindow(237, 1391)
11-14 19:12:32.214  4309  4309 I Timeline: Timeline: Activity_launch_request id:com.android.settings time:417152
11-14 19:12:32.224   185   185 D AudioPolicyManagerBase: getOutput() device 2, stream 1, samplingRate 0, format 0, channelMask 3, flags 0
11-14 19:12:32.224   185   185 D AudioPolicyManagerBase: getOutput() returns output 2
11-14 19:12:32.224   185   850 D AudioPolicyManagerBase: getOutput() device 2, stream 1, samplingRate 0, format 0, channelMask 3, flags 0
11-14 19:12:32.224   185   850 D AudioPolicyManagerBase: getOutput() returns output 2
11-14 19:12:32.224   185  2024 D AudioPolicyManagerBase: getOutput() device 2, stream 1, samplingRate 48000, format 1, channelMask 3, flags 4
11-14 19:12:32.224   185  2024 D AudioPolicyManagerBase: getOutput() returns output 3
11-14 19:12:32.224   185   185 D AudioFlinger: start(4099), calling pid 807 session 59
11-14 19:12:32.224   185   185 D AudioFlinger: ? => ACTIVE (4099) on thread 0xb8dacb70
11-14 19:12:32.224   185   185 I QCOM PowerHAL: Processing audio hint. Metadata: state=1
11-14 19:12:32.234   185   185 D AudioPolicyManagerBase: startOutput() output 3, stream 1, session 59
11-14 19:12:32.244   185   794 V audio_hw_primary: start_output_stream: enter: usecase(1: low-latency-playback) devices(0x2)
11-14 19:12:32.244   185   794 V msm8974_platform: platform_get_output_snd_device: enter: output devices(0x2)
11-14 19:12:32.244   185   794 V msm8974_platform: platform_get_output_snd_device: exit: snd_device(speaker)
11-14 19:12:32.244   185   794 D audio_hw_primary: select_devices: out_snd_device(2: speaker) in_snd_device(0: )
11-14 19:12:32.244   185   794 W msm8974_platform: Property audio.offload.24bit.enable is set
11-14 19:12:32.244   185   794 V msm8974_platform: platform_check_and_set_codec_backend_cfg usecase = 1
11-14 19:12:32.244   185   794 W msm8974_platform: Codec backend bitwidth 16, samplerate 48000
11-14 19:12:32.244   185   794 V msm8974_platform: Playback running bw 16 sr 48000 standby 0
11-14 19:12:32.244   185   794 V audio_hw_primary: enable_snd_device: snd_device(2: speaker)
11-14 19:12:32.244   185   794 V audio_hw_primary: enable_audio_route: enter: usecase(1)
11-14 19:12:32.244   185   794 V audio_hw_primary: enable_audio_route: apply mixer path: low-latency-playback
11-14 19:12:32.244   185   794 V audio_hw_primary: enable_audio_route: exit
11-14 19:12:32.244   185   794 V audio_hw_primary: start_output_stream: Opening PCM device card_id(0) device_id(15)
11-14 19:12:32.244   185   794 V audio_hw_primary: start_output_stream: exit
11-14 19:12:32.274  4309  4309 D SubSettings: Launching fragment com.android.settings.applications.ManageApplications
11-14 19:12:32.394   807   833 I ActivityManager: Displayed com.android.settings/.SubSettings: +156ms
11-14 19:12:32.424   185   791 I QCOM PowerHAL: Processing audio hint. Metadata: state=0
11-14 19:12:32.444  4309  4309 I Timeline: Timeline: Activity_idle id: android.os.BinderProxy@42955d60 time:417382
11-14 19:12:32.724   807   833 I Timeline: Timeline: Activity_windows_visible id: ActivityRecord{41bf3a70 u0 com.android.settings/.SubSettings t16} time:417663
11-14 19:12:33.004  4309  4309 D BluetoothAdapter: 1105589248: getState() :  mService = null. Returning STATE_OFF
11-14 19:12:33.134  4309  4309 I Timeline: Timeline: Activity_idle id: android.os.BinderProxy@42ab54d8 time:418070
11-14 19:12:33.444   807   833 I Timeline: Timeline: Activity_windows_visible id: ActivityRecord{41b310b0 u0 com.android.settings/.Settings t16} time:418382
11-14 19:12:34.554  4309  4309 I Choreographer: Skipped 65 frames!  The application may be doing too much work on its main thread.
11-14 19:12:34.724  2432  2432 I Timeline: Timeline: Activity_idle id: android.os.BinderProxy@41b84680 time:419667
11-14 19:12:35.134   807   833 I Timeline: Timeline: Activity_windows_visible id: ActivityRecord{41c37f58 u0 com.cyanogenmod.trebuchet/org.cyanogenmod.trebuchet.CustomHomeLauncher t4} time:420071
11-14 19:12:35.394   185   847 V audio_hw_primary: out_standby: enter: usecase(1: low-latency-playback)
11-14 19:12:35.434   185   847 V audio_hw_primary: stop_output_stream: enter: usecase(1: low-latency-playback)
11-14 19:12:35.434   185   847 V audio_hw_primary: disable_audio_route: enter: usecase(1)
11-14 19:12:35.434   185   847 V audio_hw_primary: disable_audio_route: reset mixer path: low-latency-playback
11-14 19:12:35.434   185   847 V audio_hw_primary: disable_audio_route: exit
11-14 19:12:35.444   185   847 V audio_hw_primary: disable_snd_device: snd_device(2: speaker) refcnt=0
11-14 19:12:35.444   185   847 V audio_hw_primary: stop_output_stream: exit: status(0)
11-14 19:12:35.444   185   847 V audio_hw_primary: out_standby: exit
11-14 19:12:35.634  4175  4175 W InteractionController: runAndwaitForEvent timedout waiting for events
11-14 19:12:35.694  4175  4175 I QueryController: Matched selector: UiSelector[TEXT=Settings] <<==>> [android.view.accessibility.AccessibilityNodeInfo@27a4b; boundsInParent: Rect(524167, 0 - 524428, 320); boundsInScreen: Rect(801, 1071 - 1062, 1391); packageName: com.cyanogenmod.trebuchet; className: android.widget.TextView; text: Settings; contentDescription: null; viewIdResName: null; checkable: false; checked: false; focusable: true; focused: false; selected: false; clickable: true; longClickable: true; enabled: true; password: false; scrollable: false; [ACTION_FOCUS, ACTION_SELECT, ACTION_CLEAR_SELECTION, ACTION_CLICK, ACTION_LONG_CLICK, ACTION_ACCESSIBILITY_FOCUS, ACTION_NEXT_AT_MOVEMENT_GRANULARITY, ACTION_PREVIOUS_AT_MOVEMENT_GRANULARITY, ACTION_SET_SELECTION]]
11-14 19:12:35.714  4175  4175 I QueryController: Matched selector: UiSelector[TEXT=Settings] <<==>> [android.view.accessibility.AccessibilityNodeInfo@27a4b; boundsInParent: Rect(524167, 0 - 524428, 320); boundsInScreen: Rect(801, 1071 - 1062, 1391); packageName: com.cyanogenmod.trebuchet; className: android.widget.TextView; text: Settings; contentDescription: null; viewIdResName: null; checkable: false; checked: false; focusable: true; focused: false; selected: false; clickable: true; longClickable: true; enabled: true; password: false; scrollable: false; [ACTION_FOCUS, ACTION_SELECT, ACTION_CLEAR_SELECTION, ACTION_CLICK, ACTION_LONG_CLICK, ACTION_ACCESSIBILITY_FOCUS, ACTION_NEXT_AT_MOVEMENT_GRANULARITY, ACTION_PREVIOUS_AT_MOVEMENT_GRANULARITY, ACTION_SET_SELECTION]]
11-14 19:12:35.714  4175  4175 D InteractionController: clickAndWaitForNewWindow(931, 1231)
11-14 19:12:35.844   185   850 D AudioPolicyManagerBase: getOutput() device 2, stream 1, samplingRate 0, format 0, channelMask 3, flags 0
11-14 19:12:35.844   185   850 D AudioPolicyManagerBase: getOutput() returns output 2
11-14 19:12:35.844   185  1527 D AudioPolicyManagerBase: getOutput() device 2, stream 1, samplingRate 0, format 0, channelMask 3, flags 0
11-14 19:12:35.844   185  1527 D AudioPolicyManagerBase: getOutput() returns output 2
11-14 19:12:35.854   185   185 D AudioPolicyManagerBase: getOutput() device 2, stream 1, samplingRate 48000, format 1, channelMask 3, flags 4
11-14 19:12:35.854   185   185 D AudioPolicyManagerBase: getOutput() returns output 3
11-14 19:12:35.854   185   850 D AudioFlinger: start(4101), calling pid 807 session 60
11-14 19:12:35.854   185   850 D AudioFlinger: ? => ACTIVE (4101) on thread 0xb8dadf60
11-14 19:12:35.854   185   850 I QCOM PowerHAL: Processing audio hint. Metadata: state=1
11-14 19:12:35.854   185   850 D AudioPolicyManagerBase: startOutput() output 3, stream 1, session 60
11-14 19:12:35.854  2432  2432 I Timeline: Timeline: Activity_launch_request id:com.android.settings time:420795
11-14 19:12:35.864   185   794 V audio_hw_primary: start_output_stream: enter: usecase(1: low-latency-playback) devices(0x2)
11-14 19:12:35.864   185   794 V msm8974_platform: platform_get_output_snd_device: enter: output devices(0x2)
11-14 19:12:35.864   185   794 V msm8974_platform: platform_get_output_snd_device: exit: snd_device(speaker)
11-14 19:12:35.864   185   794 D audio_hw_primary: select_devices: out_snd_device(2: speaker) in_snd_device(0: )
11-14 19:12:35.864   185   794 W msm8974_platform: Property audio.offload.24bit.enable is set
11-14 19:12:35.864   185   794 V msm8974_platform: platform_check_and_set_codec_backend_cfg usecase = 1
11-14 19:12:35.864   185   794 W msm8974_platform: Codec backend bitwidth 16, samplerate 48000
11-14 19:12:35.864   185   794 V msm8974_platform: Playback running bw 16 sr 48000 standby 0
11-14 19:12:35.864   185   794 V audio_hw_primary: enable_snd_device: snd_device(2: speaker)
11-14 19:12:35.864   185   794 V audio_hw_primary: enable_audio_route: enter: usecase(1)
11-14 19:12:35.864   185   794 V audio_hw_primary: enable_audio_route: apply mixer path: low-latency-playback
11-14 19:12:35.864   185   794 V audio_hw_primary: enable_audio_route: exit
11-14 19:12:35.864   185   794 V audio_hw_primary: start_output_stream: Opening PCM device card_id(0) device_id(15)
11-14 19:12:35.874   185   794 V audio_hw_primary: start_output_stream: exit
11-14 19:12:36.064   185   791 I QCOM PowerHAL: Processing audio hint. Metadata: state=0
11-14 19:12:36.204  4309  4309 D BluetoothAdapter: 1105589248: getState() :  mService = null. Returning STATE_OFF
11-14 19:12:36.234  4309  4309 D BluetoothAdapter: 1105589248: getState() :  mService = null. Returning STATE_OFF
11-14 19:12:36.314  4309  4309 D BluetoothAdapter: 1105589248: getState() :  mService = null. Returning STATE_OFF
11-14 19:12:36.354   807   833 I ActivityManager: Displayed com.android.settings/.Settings: +437ms
11-14 19:12:36.354   807   833 I Timeline: Timeline: Activity_windows_visible id: ActivityRecord{41b35780 u0 com.android.settings/.Settings t17} time:421295
11-14 19:12:36.384  4309  4309 I Timeline: Timeline: Activity_idle id: android.os.BinderProxy@42af53d8 time:421320
11-14 19:12:38.284  4175  4175 I QueryController: Matched selector: UiSelector[RESOURCE_ID=android:id/action_bar_title] <<==>> [android.view.accessibility.AccessibilityNodeInfo@d5bd3; boundsInParent: Rect(0, 0 - 198, 73); boundsInScreen: Rect(145, 110 - 343, 183); packageName: com.android.settings; className: android.widget.TextView; text: Settings; contentDescription: null; viewIdResName: android:id/action_bar_title; checkable: false; checked: false; focusable: false; focused: false; selected: false; clickable: false; longClickable: false; enabled: true; password: false; scrollable: false; [ACTION_SELECT, ACTION_CLEAR_SELECTION, ACTION_ACCESSIBILITY_FOCUS, ACTION_NEXT_AT_MOVEMENT_GRANULARITY, ACTION_PREVIOUS_AT_MOVEMENT_GRANULARITY, ACTION_SET_SELECTION]]
11-14 19:12:38.284  4175  4175 D UiObject: getText() = Settings
11-14 19:12:38.324  4175  4175 D UiScrollable: scrollToBeginning() on selector = UiSelector[SCROLLABLE=true]
11-14 19:12:38.324  4175  4175 D UiScrollable: scrollBackward() on selector = UiSelector[SCROLLABLE=true]
11-14 19:12:38.334  4175  4175 I QueryController: Matched selector: UiSelector[SCROLLABLE=true] <<==>> [android.view.accessibility.AccessibilityNodeInfo@d5451; boundsInParent: Rect(0, 0 - 1080, 1557); boundsInScreen: Rect(0, 219 - 1080, 1776); packageName: com.android.settings; className: android.widget.ListView; text: null; contentDescription: null; viewIdResName: android:id/list; checkable: false; checked: false; focusable: true; focused: true; selected: false; clickable: true; longClickable: false; enabled: true; password: false; scrollable: true; [ACTION_CLEAR_FOCUS, ACTION_SELECT, ACTION_CLEAR_SELECTION, ACTION_CLICK, ACTION_ACCESSIBILITY_FOCUS, ACTION_SCROLL_FORWARD]]
11-14 19:12:38.334  4175  4175 D UiScrollable: scrollToBegining() using vertical scroll
11-14 19:12:38.334  4175  4175 D InteractionController: scrollSwipe (540, 374, 540, 1621, 55)
11-14 19:12:38.364  2682  2682 I wpa_supplicant: wlan0: CTRL-EVENT-SCAN-STARTED 
11-14 19:12:39.024   185   847 V audio_hw_primary: out_standby: enter: usecase(1: low-latency-playback)
11-14 19:12:39.074   185   847 V audio_hw_primary: stop_output_stream: enter: usecase(1: low-latency-playback)
11-14 19:12:39.074   185   847 V audio_hw_primary: disable_audio_route: enter: usecase(1)
11-14 19:12:39.074   185   847 V audio_hw_primary: disable_audio_route: reset mixer path: low-latency-playback
11-14 19:12:39.074   185   847 V audio_hw_primary: disable_audio_route: exit
11-14 19:12:39.074   185   847 V audio_hw_primary: disable_snd_device: snd_device(2: speaker) refcnt=0
11-14 19:12:39.074   185   847 V audio_hw_primary: stop_output_stream: exit: status(0)
11-14 19:12:39.084   185   847 V audio_hw_primary: out_standby: exit
11-14 19:12:39.454  4175  4175 W InteractionController: runAndwaitForEvent timedout waiting for events
11-14 19:12:39.504  4175  4175 D UiScrollable: scrollForward() on selector = UiSelector[SCROLLABLE=true]
11-14 19:12:39.524  4175  4175 I QueryController: Matched selector: UiSelector[SCROLLABLE=true] <<==>> [android.view.accessibility.AccessibilityNodeInfo@d5451; boundsInParent: Rect(0, 0 - 1080, 1557); boundsInScreen: Rect(0, 219 - 1080, 1776); packageName: com.android.settings; className: android.widget.ListView; text: null; contentDescription: null; viewIdResName: android:id/list; checkable: false; checked: false; focusable: true; focused: true; selected: false; clickable: true; longClickable: false; enabled: true; password: false; scrollable: true; [ACTION_CLEAR_FOCUS, ACTION_SELECT, ACTION_CLEAR_SELECTION, ACTION_CLICK, ACTION_ACCESSIBILITY_FOCUS, ACTION_SCROLL_FORWARD]]
11-14 19:12:39.524  4175  4175 D InteractionController: scrollSwipe (540, 1621, 540, 374, 55)
11-14 19:12:40.734  4175  4175 W InteractionController: runAndwaitForEvent timedout waiting for events
11-14 19:12:40.734  4175  4175 D InteractionController: scrollSwipe reached scroll end: false
11-14 19:12:41.254  4175  4175 I QueryController: Matched selector: UiSelector[SCROLLABLE=true, CHILD=UiSelector[TEXT=Apps]] <<==>> [android.view.accessibility.AccessibilityNodeInfo@d6ad7; boundsInParent: Rect(0, 0 - 126, 73); boundsInScreen: Rect(174, 1322 - 300, 1395); packageName: com.android.settings; className: android.widget.TextView; text: Apps; contentDescription: null; viewIdResName: android:id/title; checkable: false; checked: false; focusable: false; focused: false; selected: false; clickable: false; longClickable: false; enabled: true; password: false; scrollable: false; [ACTION_SELECT, ACTION_CLEAR_SELECTION, ACTION_ACCESSIBILITY_FOCUS, ACTION_NEXT_AT_MOVEMENT_GRANULARITY, ACTION_PREVIOUS_AT_MOVEMENT_GRANULARITY, ACTION_SET_SELECTION]]
11-14 19:12:41.854  4175  4175 I QueryController: Counted 12 instances of: UiSelector[CONTAINER=UiSelector[SCROLLABLE=true], PATTERN=UiSelector[PATTERN=UiSelector[CLASS=android.widget.TextView]]]
11-14 19:12:41.874  4175  4175 I QueryController: Matched selector: UiSelector[CONTAINER=UiSelector[SCROLLABLE=true], PATTERN=UiSelector[INSTANCE=0, PATTERN=UiSelector[CLASS=android.widget.TextView]]] <<==>> [android.view.accessibility.AccessibilityNodeInfo@d7d9c; boundsInParent: Rect(0, 0 - 249, 73); boundsInScreen: Rect(174, 202 - 423, 275); packageName: com.android.settings; className: android.widget.TextView; text: Status bar; contentDescription: null; viewIdResName: android:id/title; checkable: false; checked: false; focusable: false; focused: false; selected: false; clickable: false; longClickable: false; enabled: true; password: false; scrollable: false; [ACTION_SELECT, ACTION_CLEAR_SELECTION, ACTION_ACCESSIBILITY_FOCUS, ACTION_NEXT_AT_MOVEMENT_GRANULARITY, ACTION_PREVIOUS_AT_MOVEMENT_GRANULARITY, ACTION_SET_SELECTION]]
11-14 19:12:41.874  4175  4175 D UiObject: getText() = Status bar
11-14 19:12:41.914  4175  4175 I QueryController: Matched selector: UiSelector[CONTAINER=UiSelector[SCROLLABLE=true], PATTERN=UiSelector[INSTANCE=1, PATTERN=UiSelector[CLASS=android.widget.TextView]]] <<==>> [android.view.accessibility.AccessibilityNodeInfo@d815d; boundsInParent: Rect(0, 0 - 462, 73); boundsInScreen: Rect(174, 348 - 636, 421); packageName: com.android.settings; className: android.widget.TextView; text: Notification drawer; contentDescription: null; viewIdResName: android:id/title; checkable: false; checked: false; focusable: false; focused: false; selected: false; clickable: false; longClickable: false; enabled: true; password: false; scrollable: false; [ACTION_SELECT, ACTION_CLEAR_SELECTION, ACTION_ACCESSIBILITY_FOCUS, ACTION_NEXT_AT_MOVEMENT_GRANULARITY, ACTION_PREVIOUS_AT_MOVEMENT_GRANULARITY, ACTION_SET_SELECTION]]
11-14 19:12:41.914  4175  4175 D UiObject: getText() = Notification drawer
11-14 19:12:41.954  4175  4175 I QueryController: Matched selector: UiSelector[CONTAINER=UiSelector[SCROLLABLE=true], PATTERN=UiSelector[INSTANCE=2, PATTERN=UiSelector[CLASS=android.widget.TextView]]] <<==>> [android.view.accessibility.AccessibilityNodeInfo@d851e; boundsInParent: Rect(0, 0 - 984, 96); boundsInScreen: Rect(48, 459 - 1032, 555); packageName: com.android.settings; className: android.widget.TextView; text: DEVICE; contentDescription: null; viewIdResName: null; checkable: false; checked: false; focusable: false; focused: false; selected: false; clickable: false; longClickable: false; enabled: false; password: false; scrollable: false; [ACTION_SELECT, ACTION_CLEAR_SELECTION, ACTION_ACCESSIBILITY_FOCUS, ACTION_NEXT_AT_MOVEMENT_GRANULARITY, ACTION_PREVIOUS_AT_MOVEMENT_GRANULARITY, ACTION_SET_SELECTION]]
11-14 19:12:41.954  4175  4175 D UiObject: getText() = DEVICE
11-14 19:12:41.974  4175  4175 I QueryController: Matched selector: UiSelector[CONTAINER=UiSelector[SCROLLABLE=true], PATTERN=UiSelector[INSTANCE=3, PATTERN=UiSelector[CLASS=android.widget.TextView]]] <<==>> [android.view.accessibility.AccessibilityNodeInfo@e9727; boundsInParent: Rect(0, 0 - 157, 73); boundsInScreen: Rect(174, 592 - 331, 665); packageName: com.android.settings; className: android.widget.TextView; text: Sound; contentDescription: null; viewIdResName: android:id/title; checkable: false; checked: false; focusable: false; focused: false; selected: false; clickable: false; longClickable: false; enabled: true; password: false; scrollable: false; [ACTION_SELECT, ACTION_CLEAR_SELECTION, ACTION_ACCESSIBILITY_FOCUS, ACTION_NEXT_AT_MOVEMENT_GRANULARITY, ACTION_PREVIOUS_AT_MOVEMENT_GRANULARITY, ACTION_SET_SELECTION]]
11-14 19:12:41.974  4175  4175 D UiObject: getText() = Sound
11-14 19:12:42.014  4175  4175 I QueryController: Matched selector: UiSelector[CONTAINER=UiSelector[SCROLLABLE=true], PATTERN=UiSelector[INSTANCE=4, PATTERN=UiSelector[CLASS=android.widget.TextView]]] <<==>> [android.view.accessibility.AccessibilityNodeInfo@e9ae8; boundsInParent: Rect(0, 0 - 372, 73); boundsInScreen: Rect(174, 738 - 546, 811); packageName: com.android.settings; className: android.widget.TextView; text: Display & lights; contentDescription: null; viewIdResName: android:id/title; checkable: false; checked: false; focusable: false; focused: false; selected: false; clickable: false; longClickable: false; enabled: true; password: false; scrollable: false; [ACTION_SELECT, ACTION_CLEAR_SELECTION, ACTION_ACCESSIBILITY_FOCUS, ACTION_NEXT_AT_MOVEMENT_GRANULARITY, ACTION_PREVIOUS_AT_MOVEMENT_GRANULARITY, ACTION_SET_SELECTION]]
11-14 19:12:42.014  4175  4175 D UiObject: getText() = Display & lights
11-14 19:12:42.044  4175  4175 I QueryController: Matched selector: UiSelector[CONTAINER=UiSelector[SCROLLABLE=true], PATTERN=UiSelector[INSTANCE=5, PATTERN=UiSelector[CLASS=android.widget.TextView]]] <<==>> [android.view.accessibility.AccessibilityNodeInfo@ea26a; boundsInParent: Rect(0, 0 - 189, 73); boundsInScreen: Rect(174, 884 - 363, 957); packageName: com.android.settings; className: android.widget.TextView; text: Buttons; contentDescription: null; viewIdResName: android:id/title; checkable: false; checked: false; focusable: false; focused: false; selected: false; clickable: false; longClickable: false; enabled: true; password: false; scrollable: false; [ACTION_SELECT, ACTION_CLEAR_SELECTION, ACTION_ACCESSIBILITY_FOCUS, ACTION_NEXT_AT_MOVEMENT_GRANULARITY, ACTION_PREVIOUS_AT_MOVEMENT_GRANULARITY, ACTION_SET_SELECTION]]
11-14 19:12:42.044  4175  4175 D UiObject: getText() = Buttons
11-14 19:12:42.084  4175  4175 I QueryController: Matched selector: UiSelector[CONTAINER=UiSelector[SCROLLABLE=true], PATTERN=UiSelector[INSTANCE=6, PATTERN=UiSelector[CLASS=android.widget.TextView]]] <<==>> [android.view.accessibility.AccessibilityNodeInfo@ea62b; boundsInParent: Rect(0, 0 - 189, 73); boundsInScreen: Rect(174, 1030 - 363, 1103); packageName: com.android.settings; className: android.widget.TextView; text: Storage; contentDescription: null; viewIdResName: android:id/title; checkable: false; checked: false; focusable: false; focused: false; selected: false; clickable: false; longClickable: false; enabled: true; password: false; scrollable: false; [ACTION_SELECT, ACTION_CLEAR_SELECTION, ACTION_ACCESSIBILITY_FOCUS, ACTION_NEXT_AT_MOVEMENT_GRANULARITY, ACTION_PREVIOUS_AT_MOVEMENT_GRANULARITY, ACTION_SET_SELECTION]]
11-14 19:12:42.084  4175  4175 D UiObject: getText() = Storage
11-14 19:12:42.114  4175  4175 I QueryController: Matched selector: UiSelector[CONTAINER=UiSelector[SCROLLABLE=true], PATTERN=UiSelector[INSTANCE=7, PATTERN=UiSelector[CLASS=android.widget.TextView]]] <<==>> [android.view.accessibility.AccessibilityNodeInfo@ea9ec; boundsInParent: Rect(0, 0 - 173, 73); boundsInScreen: Rect(174, 1176 - 347, 1249); packageName: com.android.settings; className: android.widget.TextView; text: Battery; contentDescription: null; viewIdResName: android:id/title; checkable: false; checked: false; focusable: false; focused: false; selected: false; clickable: false; longClickable: false; enabled: true; password: false; scrollable: false; [ACTION_SELECT, ACTION_CLEAR_SELECTION, ACTION_ACCESSIBILITY_FOCUS, ACTION_NEXT_AT_MOVEMENT_GRANULARITY, ACTION_PREVIOUS_AT_MOVEMENT_GRANULARITY, ACTION_SET_SELECTION]]
11-14 19:12:42.114  4175  4175 D UiObject: getText() = Battery
11-14 19:12:42.144  4175  4175 I QueryController: Matched selector: UiSelector[CONTAINER=UiSelector[SCROLLABLE=true], PATTERN=UiSelector[INSTANCE=8, PATTERN=UiSelector[CLASS=android.widget.TextView]]] <<==>> [android.view.accessibility.AccessibilityNodeInfo@d6ad7; boundsInParent: Rect(0, 0 - 126, 73); boundsInScreen: Rect(174, 1322 - 300, 1395); packageName: com.android.settings; className: android.widget.TextView; text: Apps; contentDescription: null; viewIdResName: android:id/title; checkable: false; checked: false; focusable: false; focused: false; selected: false; clickable: false; longClickable: false; enabled: true; password: false; scrollable: false; [ACTION_SELECT, ACTION_CLEAR_SELECTION, ACTION_ACCESSIBILITY_FOCUS, ACTION_NEXT_AT_MOVEMENT_GRANULARITY, ACTION_PREVIOUS_AT_MOVEMENT_GRANULARITY, ACTION_SET_SELECTION]]
11-14 19:12:42.144  4175  4175 D UiObject: getText() = Apps
11-14 19:12:42.164  4175  4175 I QueryController: Matched selector: UiSelector[CONTAINER=UiSelector[SCROLLABLE=true], PATTERN=UiSelector[INSTANCE=8, PATTERN=UiSelector[CLASS=android.widget.TextView]]] <<==>> [android.view.accessibility.AccessibilityNodeInfo@d6ad7; boundsInParent: Rect(0, 0 - 126, 73); boundsInScreen: Rect(174, 1322 - 300, 1395); packageName: com.android.settings; className: android.widget.TextView; text: Apps; contentDescription: null; viewIdResName: android:id/title; checkable: false; checked: false; focusable: false; focused: false; selected: false; clickable: false; longClickable: false; enabled: true; password: false; scrollable: false; [ACTION_SELECT, ACTION_CLEAR_SELECTION, ACTION_ACCESSIBILITY_FOCUS, ACTION_NEXT_AT_MOVEMENT_GRANULARITY, ACTION_PREVIOUS_AT_MOVEMENT_GRANULARITY, ACTION_SET_SELECTION]]
11-14 19:12:42.164  4175  4175 D InteractionController: clickAndWaitForNewWindow(237, 1358)
11-14 19:12:42.344  4309  4309 I Timeline: Timeline: Activity_launch_request id:com.android.settings time:427283
11-14 19:12:42.354   185  1527 D AudioPolicyManagerBase: getOutput() device 2, stream 1, samplingRate 0, format 0, channelMask 3, flags 0
11-14 19:12:42.354   185  1527 D AudioPolicyManagerBase: getOutput() returns output 2
11-14 19:12:42.354   185  2024 D AudioPolicyManagerBase: getOutput() device 2, stream 1, samplingRate 0, format 0, channelMask 3, flags 0
11-14 19:12:42.354   185  2024 D AudioPolicyManagerBase: getOutput() returns output 2
11-14 19:12:42.354   185   850 D AudioPolicyManagerBase: getOutput() device 2, stream 1, samplingRate 48000, format 1, channelMask 3, flags 4
11-14 19:12:42.354   185   850 D AudioPolicyManagerBase: getOutput() returns output 3
11-14 19:12:42.364   185  1527 D AudioFlinger: start(4099), calling pid 807 session 61
11-14 19:12:42.364   185  1527 D AudioFlinger: ? => ACTIVE (4099) on thread 0xb8dae0e8
11-14 19:12:42.364   185  1527 I QCOM PowerHAL: Processing audio hint. Metadata: state=1
11-14 19:12:42.364   185  1527 D AudioPolicyManagerBase: startOutput() output 3, stream 1, session 61
11-14 19:12:42.374   185   794 V audio_hw_primary: start_output_stream: enter: usecase(1: low-latency-playback) devices(0x2)
11-14 19:12:42.374   185   794 V msm8974_platform: platform_get_output_snd_device: enter: output devices(0x2)
11-14 19:12:42.374   185   794 V msm8974_platform: platform_get_output_snd_device: exit: snd_device(speaker)
11-14 19:12:42.374   185   794 D audio_hw_primary: select_devices: out_snd_device(2: speaker) in_snd_device(0: )
11-14 19:12:42.374   185   794 W msm8974_platform: Property audio.offload.24bit.enable is set
11-14 19:12:42.374   185   794 V msm8974_platform: platform_check_and_set_codec_backend_cfg usecase = 1
11-14 19:12:42.374   185   794 W msm8974_platform: Codec backend bitwidth 16, samplerate 48000
11-14 19:12:42.374   185   794 V msm8974_platform: Playback running bw 16 sr 48000 standby 0
11-14 19:12:42.374   185   794 V audio_hw_primary: enable_snd_device: snd_device(2: speaker)
11-14 19:12:42.374   185   794 V audio_hw_primary: enable_audio_route: enter: usecase(1)
11-14 19:12:42.374   185   794 V audio_hw_primary: enable_audio_route: apply mixer path: low-latency-playback
11-14 19:12:42.374   185   794 V audio_hw_primary: enable_audio_route: exit
11-14 19:12:42.374   185   794 V audio_hw_primary: start_output_stream: Opening PCM device card_id(0) device_id(15)
11-14 19:12:42.374   185   794 V audio_hw_primary: start_output_stream: exit
11-14 19:12:42.394  4309  4309 D SubSettings: Launching fragment com.android.settings.applications.ManageApplications
11-14 19:12:42.484   807   833 I ActivityManager: Displayed com.android.settings/.SubSettings: +112ms
11-14 19:12:42.514  4309  4309 I Timeline: Timeline: Activity_idle id: android.os.BinderProxy@420a6228 time:427455
11-14 19:12:42.554   185   791 I QCOM PowerHAL: Processing audio hint. Metadata: state=0
11-14 19:12:42.814   807   833 I Timeline: Timeline: Activity_windows_visible id: ActivityRecord{41c334c0 u0 com.android.settings/.SubSettings t17} time:427750
11-14 19:12:43.094  4309  4309 D BluetoothAdapter: 1105589248: getState() :  mService = null. Returning STATE_OFF
11-14 19:12:43.194  4309  4309 I Timeline: Timeline: Activity_idle id: android.os.BinderProxy@42af53d8 time:428137
11-14 19:12:43.534   807   833 I Timeline: Timeline: Activity_windows_visible id: ActivityRecord{41b35780 u0 com.android.settings/.Settings t17} time:428471
11-14 19:12:44.954  4309  4309 I Choreographer: Skipped 84 frames!  The application may be doing too much work on its main thread.
11-14 19:12:45.134  2432  2432 I Timeline: Timeline: Activity_idle id: android.os.BinderProxy@41b84680 time:430073
11-14 19:12:45.524   185   847 V audio_hw_primary: out_standby: enter: usecase(1: low-latency-playback)
11-14 19:12:45.544   807   833 I Timeline: Timeline: Activity_windows_visible id: ActivityRecord{41c37f58 u0 com.cyanogenmod.trebuchet/org.cyanogenmod.trebuchet.CustomHomeLauncher t4} time:430480
11-14 19:12:45.584   185   847 V audio_hw_primary: stop_output_stream: enter: usecase(1: low-latency-playback)
11-14 19:12:45.584   185   847 V audio_hw_primary: disable_audio_route: enter: usecase(1)
11-14 19:12:45.584   185   847 V audio_hw_primary: disable_audio_route: reset mixer path: low-latency-playback
11-14 19:12:45.584   185   847 V audio_hw_primary: disable_audio_route: exit
11-14 19:12:45.584   185   847 V audio_hw_primary: disable_snd_device: snd_device(2: speaker) refcnt=0
11-14 19:12:45.594   185   847 V audio_hw_primary: stop_output_stream: exit: status(0)
11-14 19:12:45.594   185   847 V audio_hw_primary: out_standby: exit
11-14 19:12:46.044  4175  4175 W InteractionController: runAndwaitForEvent timedout waiting for events
11-14 19:12:46.094  4175  4175 I QueryController: Matched selector: UiSelector[TEXT=Settings] <<==>> [android.view.accessibility.AccessibilityNodeInfo@27a4b; boundsInParent: Rect(524167, 0 - 524428, 320); boundsInScreen: Rect(801, 1071 - 1062, 1391); packageName: com.cyanogenmod.trebuchet; className: android.widget.TextView; text: Settings; contentDescription: null; viewIdResName: null; checkable: false; checked: false; focusable: true; focused: false; selected: false; clickable: true; longClickable: true; enabled: true; password: false; scrollable: false; [ACTION_FOCUS, ACTION_SELECT, ACTION_CLEAR_SELECTION, ACTION_CLICK, ACTION_LONG_CLICK, ACTION_ACCESSIBILITY_FOCUS, ACTION_NEXT_AT_MOVEMENT_GRANULARITY, ACTION_PREVIOUS_AT_MOVEMENT_GRANULARITY, ACTION_SET_SELECTION]]
11-14 19:12:46.114  4175  4175 I QueryController: Matched selector: UiSelector[TEXT=Settings] <<==>> [android.view.accessibility.AccessibilityNodeInfo@27a4b; boundsInParent: Rect(524167, 0 - 524428, 320); boundsInScreen: Rect(801, 1071 - 1062, 1391); packageName: com.cyanogenmod.trebuchet; className: android.widget.TextView; text: Settings; contentDescription: null; viewIdResName: null; checkable: false; checked: false; focusable: true; focused: false; selected: false; clickable: true; longClickable: true; enabled: true; password: false; scrollable: false; [ACTION_FOCUS, ACTION_SELECT, ACTION_CLEAR_SELECTION, ACTION_CLICK, ACTION_LONG_CLICK, ACTION_ACCESSIBILITY_FOCUS, ACTION_NEXT_AT_MOVEMENT_GRANULARITY, ACTION_PREVIOUS_AT_MOVEMENT_GRANULARITY, ACTION_SET_SELECTION]]
11-14 19:12:46.114  4175  4175 D InteractionController: clickAndWaitForNewWindow(931, 1231)
11-14 19:12:46.234   185   850 D AudioPolicyManagerBase: getOutput() device 2, stream 1, samplingRate 0, format 0, channelMask 3, flags 0
11-14 19:12:46.234   185   850 D AudioPolicyManagerBase: getOutput() returns output 2
11-14 19:12:46.234   185   185 D AudioPolicyManagerBase: getOutput() device 2, stream 1, samplingRate 0, format 0, channelMask 3, flags 0
11-14 19:12:46.234   185   185 D AudioPolicyManagerBase: getOutput() returns output 2
11-14 19:12:46.234   185  1527 D AudioPolicyManagerBase: getOutput() device 2, stream 1, samplingRate 48000, format 1, channelMask 3, flags 4
11-14 19:12:46.234   185  1527 D AudioPolicyManagerBase: getOutput() returns output 3
11-14 19:12:46.244  2432  2432 I Timeline: Timeline: Activity_launch_request id:com.android.settings time:431181
11-14 19:12:46.244   185   850 D AudioFlinger: start(4101), calling pid 807 session 62
11-14 19:12:46.244   185   850 D AudioFlinger: ? => ACTIVE (4101) on thread 0xb8dadf60
11-14 19:12:46.244   185   850 I QCOM PowerHAL: Processing audio hint. Metadata: state=1
11-14 19:12:46.244   185   850 D AudioPolicyManagerBase: startOutput() output 3, stream 1, session 62
11-14 19:12:46.254   185   794 V audio_hw_primary: start_output_stream: enter: usecase(1: low-latency-playback) devices(0x2)
11-14 19:12:46.254   185   794 V msm8974_platform: platform_get_output_snd_device: enter: output devices(0x2)
11-14 19:12:46.254   185   794 V msm8974_platform: platform_get_output_snd_device: exit: snd_device(speaker)
11-14 19:12:46.254   185   794 D audio_hw_primary: select_devices: out_snd_device(2: speaker) in_snd_device(0: )
