03-11 09:53:54.079  1374  1374 D CDMA    : loadEriFileFromXml: check for alternate file
03-11 09:53:54.079  1374  1374 D CDMA    : loadEriFileFromXml: no alternate file
03-11 09:53:54.079  1374  1374 D CDMA    : loadEriFileFromXml: open normal file
03-11 09:53:54.119  1374  1374 D CDMA    : loadEriFileFromXml: eri parsing successful, file loaded
03-11 09:53:54.119  1374  1374 D CDMALTEPhone: ERI read, notify registrants
03-11 09:53:54.149  1374  1374 D PhoneProxy: [PhoneProxy] EVENT_REQUEST_VOICE_RADIO_TECH_DONE: newVoiceTech=3
03-11 09:53:54.149  1374  1374 D PhoneProxy: [PhoneProxy] phoneObjectUpdater: newVoiceRadioTech=3
03-11 09:53:54.149  1374  1374 D PhoneProxy: [PhoneProxy] Switching Voice Phone : CDMA >>> GSM
03-11 09:53:54.149  1374  1374 D CallManager: unregisterPhone(CDMA Handler (com.android.internal.telephony.cdma.CDMALTEPhone) {41aa9a18})
03-11 09:53:54.149  1374  1374 D PhoneProxy: [PhoneProxy] Disposing old phone..
03-11 09:53:54.149  1374  1374 D CDMALTEPhone: dispose
03-11 09:53:54.149  1374  1374 D CdmaCallTracker: [CdmaCallTracker] update phone state, old=IDLE new=IDLE
03-11 09:53:54.149  1374  1374 D CdmaDCT : dispose
03-11 09:53:54.149  1374  1374 D CdmaDCT : cleanUpAllConnections: tearDown=true reason=null
03-11 09:53:54.149  1374  1374 D CdmaDCT : cleanUpConnection: E tearDown=true reason=null apnContext={mApnType=fota mState=IDLE mWaitingDataProfiles={null} mWaitingApnsPermanentFailureCountDown=0 mDataProfile={null} mReason=null mDataEnabled=false mDependencyMet=true}
03-11 09:53:54.149  1374  1374 D CdmaDCT : cleanUpConnection: X tearDown=true reason=null apnContext={mApnType=fota mState=IDLE mWaitingDataProfiles={null} mWaitingApnsPermanentFailureCountDown=0 mDataProfile={null} mReason=null mDataEnabled=false mDependencyMet=true} dcac=null
03-11 09:53:54.149  1374  1374 D CdmaDCT : cleanUpConnection: E tearDown=true reason=null apnContext={mApnType=dun mState=IDLE mWaitingDataProfiles={null} mWaitingApnsPermanentFailureCountDown=0 mDataProfile={null} mReason=null mDataEnabled=false mDependencyMet=true}
03-11 09:53:54.149  1374  1374 D CdmaDCT : cleanUpConnection: X tearDown=true reason=null apnContext={mApnType=dun mState=IDLE mWaitingDataProfiles={null} mWaitingApnsPermanentFailureCountDown=0 mDataProfile={null} mReason=null mDataEnabled=false mDependencyMet=true} dcac=null
03-11 09:53:54.149  1374  1374 D CdmaDCT : cleanUpConnection: E tearDown=true reason=null apnContext={mApnType=ia mState=IDLE mWaitingDataProfiles={null} mWaitingApnsPermanentFailureCountDown=0 mDataProfile={null} mReason=null mDataEnabled=false mDependencyMet=true}
03-11 09:53:54.149  1374  1374 D CdmaDCT : cleanUpConnection: X tearDown=true reason=null apnContext={mApnType=ia mState=IDLE mWaitingDataProfiles={null} mWaitingApnsPermanentFailureCountDown=0 mDataProfile={null} mReason=null mDataEnabled=false mDependencyMet=true} dcac=null
03-11 09:53:54.149  1374  1374 D CdmaDCT : cleanUpConnection: E tearDown=true reason=null apnContext={mApnType=supl mState=IDLE mWaitingDataProfiles={null} mWaitingApnsPermanentFailureCountDown=0 mDataProfile={null} mReason=null mDataEnabled=false mDependencyMet=true}
03-11 09:53:54.149  1374  1374 D CdmaDCT : cleanUpConnection: X tearDown=true reason=null apnContext={mApnType=supl mState=IDLE mWaitingDataProfiles={null} mWaitingApnsPermanentFailureCountDown=0 mDataProfile={null} mReason=null mDataEnabled=false mDependencyMet=true} dcac=null
03-11 09:53:54.149  1374  1374 D CdmaDCT : cleanUpConnection: E tearDown=true reason=null apnContext={mApnType=hipri mState=IDLE mWaitingDataProfiles={null} mWaitingApnsPermanentFailureCountDown=0 mDataProfile={null} mReason=null mDataEnabled=false mDependencyMet=true}
03-11 09:53:54.149  1374  1374 D CdmaDCT : cleanUpConnection: X tearDown=true reason=null apnContext={mApnType=hipri mState=IDLE mWaitingDataProfiles={null} mWaitingApnsPermanentFailureCountDown=0 mDataProfile={null} mReason=null mDataEnabled=false mDependencyMet=true} dcac=null
03-11 09:53:54.149  1374  1374 D CdmaDCT : cleanUpConnection: E tearDown=true reason=null apnContext={mApnType=ims mState=IDLE mWaitingDataProfiles={null} mWaitingApnsPermanentFailureCountDown=0 mDataProfile={null} mReason=null mDataEnabled=false mDependencyMet=true}
03-11 09:53:54.149  1374  1374 D CdmaDCT : cleanUpConnection: X tearDown=true reason=null apnContext={mApnType=ims mState=IDLE mWaitingDataProfiles={null} mWaitingApnsPermanentFailureCountDown=0 mDataProfile={null} mReason=null mDataEnabled=false mDependencyMet=true} dcac=null
03-11 09:53:54.149  1374  1374 D CdmaDCT : cleanUpConnection: E tearDown=true reason=null apnContext={mApnType=default mState=IDLE mWaitingDataProfiles={null} mWaitingApnsPermanentFailureCountDown=0 mDataProfile={null} mReason=null mDataEnabled=true mDependencyMet=true}
03-11 09:53:54.149  1374  1374 D CdmaDCT : cleanUpConnection: X tearDown=true reason=null apnContext={mApnType=default mState=IDLE mWaitingDataProfiles={null} mWaitingApnsPermanentFailureCountDown=0 mDataProfile={null} mReason=null mDataEnabled=true mDependencyMet=true} dcac=null
03-11 09:53:54.149  1374  1374 D CdmaDCT : cleanUpConnection: E tearDown=true reason=null apnContext={mApnType=mms mState=IDLE mWaitingDataProfiles={null} mWaitingApnsPermanentFailureCountDown=0 mDataProfile={null} mReason=null mDataEnabled=false mDependencyMet=true}
03-11 09:53:54.149  1374  1374 D CdmaDCT : cleanUpConnection: X tearDown=true reason=null apnContext={mApnType=mms mState=IDLE mWaitingDataProfiles={null} mWaitingApnsPermanentFailureCountDown=0 mDataProfile={null} mReason=null mDataEnabled=false mDependencyMet=true} dcac=null
03-11 09:53:54.149  1374  1374 D CdmaDCT : cleanUpConnection: E tearDown=true reason=null apnContext={mApnType=cbs mState=IDLE mWaitingDataProfiles={null} mWaitingApnsPermanentFailureCountDown=0 mDataProfile={null} mReason=null mDataEnabled=false mDependencyMet=true}
03-11 09:53:54.149  1374  1374 D CdmaDCT : cleanUpConnection: X tearDown=true reason=null apnContext={mApnType=cbs mState=IDLE mWaitingDataProfiles={null} mWaitingApnsPermanentFailureCountDown=0 mDataProfile={null} mReason=null mDataEnabled=false mDependencyMet=true} dcac=null
03-11 09:53:54.149  1374  1374 D CdmaDCT : stopNetStatPoll
03-11 09:53:54.149  1374  1374 D CdmaDCT : stopDataStallAlarm: current tag=53320 mDataStallAlarmIntent=null
03-11 09:53:54.149  1374  1374 D CdmaDCT : DCT.dispose
03-11 09:53:54.149  1374  1374 D Dcc     : dispose: call quiteNow()
03-11 09:53:54.149  1374  1374 D CdmaDCT : destroyDataConnections: clear mDataConnectionList
03-11 09:53:54.149  1374  1374 D CdmaSST : [CdmaLteSST] ServiceStateTracker dispose
03-11 09:53:54.159  1374  1374 D TelephonyTester: register for intent action=com.android.internal.telephony.gsm.action_detached
03-11 09:53:54.159  1374  1374 D TelephonyTester: register for intent action=com.android.internal.telephony.gsm.action_attached
03-11 09:53:54.159  1374  1374 D PhoneBase: mDoesRilSendMultipleCallRing=false
03-11 09:53:54.159  1374  1374 D PhoneBase: mCallRingDelay=3000
03-11 09:53:54.159  1374  1374 D PhoneBase: mOosIsDisconnect=true
03-11 09:53:54.159  1374  1374 D RILJ    : setPhoneType=1 old value=2
03-11 09:53:54.169  1374  1374 D         : DCT.constructor
03-11 09:53:54.169  1374  1374 D Dcc     : E ctor
03-11 09:53:54.169  1374  1374 D Dcc     : X ctor
03-11 09:53:54.169  1374  1374 D DcTesterFailBrinupAll: register for intent action=com.android.internal.telephony.dataconnection.action_fail_bringup
03-11 09:53:54.169  1374  1374 D DcTesterFailBrinupAll: register for intent action=com.android.internal.telephony.gsm.action_detached
03-11 09:53:54.169  1374  1374 D DcTesterFailBrinupAll: register for intent action=com.android.internal.telephony.gsm.action_attached
03-11 09:53:54.169  1374  1374 D GsmDCT  : GsmDCT.constructor
03-11 09:53:54.169  1374  1374 D GsmSST  : [GsmSST] notifyDataRegStateRilRadioTechnologyChanged: drs=1 rat=0
03-11 09:53:54.169  1374  1612 D DcTesterDeacativeAll: register for intent action=com.android.internal.telephony.dataconnection.action_deactivate_all
03-11 09:53:54.169  1374  1612 D DcTesterDeacativeAll: register for intent action=com.android.internal.telephony.gsm.action_detached
03-11 09:53:54.169  1374  1612 D Dcc     : DccDefaultState: msg.what=EVENT_RIL_CONNECTED mRilVersion=9
03-11 09:53:54.169  1374  1374 D GsmDCT  : initApnContexts: E
03-11 09:53:54.169  1374  1374 D GsmDCT  : initApnContexts: skipping unknown type=1
03-11 09:53:54.169  1374  1374 D GsmDCT  : initApnContexts: apnContext={mApnType=default mState=IDLE mWaitingDataProfiles={null} mWaitingApnsPermanentFailureCountDown=0 mDataProfile={null} mReason=dataEnabled mDataEnabled=true mDependencyMet=true}
03-11 09:53:54.169  1374  1374 D GsmDCT  : initApnContexts: apnContext={mApnType=mms mState=IDLE mWaitingDataProfiles={null} mWaitingApnsPermanentFailureCountDown=0 mDataProfile={null} mReason=dataEnabled mDataEnabled=false mDependencyMet=true}
03-11 09:53:54.169  1374  1374 D GsmDCT  : initApnContexts: apnContext={mApnType=supl mState=IDLE mWaitingDataProfiles={null} mWaitingApnsPermanentFailureCountDown=0 mDataProfile={null} mReason=dataEnabled mDataEnabled=false mDependencyMet=true}
03-11 09:53:54.179  1374  1374 D GsmDCT  : initApnContexts: apnContext={mApnType=dun mState=IDLE mWaitingDataProfiles={null} mWaitingApnsPermanentFailureCountDown=0 mDataProfile={null} mReason=dataEnabled mDataEnabled=false mDependencyMet=true}
03-11 09:53:54.179  1374  1374 D GsmDCT  : initApnContexts: apnContext={mApnType=hipri mState=IDLE mWaitingDataProfiles={null} mWaitingApnsPermanentFailureCountDown=0 mDataProfile={null} mReason=dataEnabled mDataEnabled=false mDependencyMet=true}
03-11 09:53:54.179  1374  1374 D GsmDCT  : initApnContexts: apnContext={mApnType=fota mState=IDLE mWaitingDataProfiles={null} mWaitingApnsPermanentFailureCountDown=0 mDataProfile={null} mReason=dataEnabled mDataEnabled=false mDependencyMet=true}
03-11 09:53:54.179  1374  1374 D GsmDCT  : initApnContexts: apnContext={mApnType=ims mState=IDLE mWaitingDataProfiles={null} mWaitingApnsPermanentFailureCountDown=0 mDataProfile={null} mReason=dataEnabled mDataEnabled=false mDependencyMet=true}
03-11 09:53:54.179  1374  1374 D GsmDCT  : initApnContexts: apnContext={mApnType=cbs mState=IDLE mWaitingDataProfiles={null} mWaitingApnsPermanentFailureCountDown=0 mDataProfile={null} mReason=dataEnabled mDataEnabled=false mDependencyMet=true}
03-11 09:53:54.179  1374  1374 D GsmDCT  : initApnContexts: apnContext={mApnType=ia mState=IDLE mWaitingDataProfiles={null} mWaitingApnsPermanentFailureCountDown=0 mDataProfile={null} mReason=dataEnabled mDataEnabled=false mDependencyMet=true}
03-11 09:53:54.179  1374  1374 D GsmDCT  : initApnContexts: skipping unknown type=7
03-11 09:53:54.179  1374  1374 D GsmDCT  : initApnContexts: X mApnContexts={fota={mApnType=fota mState=IDLE mWaitingDataProfiles={null} mWaitingApnsPermanentFailureCountDown=0 mDataProfile={null} mReason=dataEnabled mDataEnabled=false mDependencyMet=true}, dun={mApnType=dun mState=IDLE mWaitingDataProfiles={null} mWaitingApnsPermanentFailureCountDown=0 mDataProfile={null} mReason=dataEnabled mDataEnabled=false mDependencyMet=true}, ia={mApnType=ia mState=IDLE mWaitingDataProfiles={null} mWaitingApnsPermanentFailureCountDown=0 mDataProfile={null} mReason=dataEnabled mDataEnabled=false mDependencyMet=true}, supl={mApnType=supl mState=IDLE mWaitingDataProfiles={null} mWaitingApnsPermanentFailureCountDown=0 mDataProfile={null} mReason=dataEnabled mDataEnabled=false mDependencyMet=true}, hipri={mApnType=hipri mState=IDLE mWaitingDataProfiles={null} mWaitingApnsPermanentFailureCountDown=0 mDataProfile={null} mReason=dataEnabled mDataEnabled=false mDependencyMet=true}, ims={mApnType=ims mState=IDLE mWaitingDataProfiles={null} mWaitingApnsPermanentFailureCountDown=0 mDataProfile={null} mReason=dataEnabled mDataEnabled=false mDependencyMet=true}, default={mApnType=default mState=IDLE mWaitingDataProfiles={null} mWaitingApnsPermanentFailureCountDown=0 mDataProfile={null} mReason=dataEnabled mDataEnabled=true mDependencyMet=true}, mms={mApnType=mms mState=IDLE mWaitingDataProfiles={null} mWaitingApnsPermanentFailureCountDown=0 mDataProfile={null} mReason=dataEnabled mDataEnabled=false mDependencyMet=true}, cbs={mApnType=cbs mState=IDLE mWaitingDataProfiles={null} mWaitingApnsPermanentFailureCountDown=0 mDataProfile={null} mReason=dataEnabled mDataEnabled=false mDependencyMet=true}}
03-11 09:53:54.179  1374  1374 D GsmDCT  : SUPPORT_MPDN = true
03-11 09:53:54.179  1374  1374 D GsmDCT  : OMH_ENABLED = false
03-11 09:53:54.189  1374  1374 D CDMALTEPhone: removeReferences
03-11 09:53:54.189  1374  1374 D CallManager: registerPhone(GSM Handler (com.android.internal.telephony.gsm.GSMPhone) {41c19020})
03-11 09:53:54.189  1374  1374 D RILJ    : [3677]> SET_SUPP_SVC_NOTIFICATION
03-11 09:53:54.189  1374  1374 D RILJ    : [3678]> SET_SUPP_SVC_NOTIFICATION
03-11 09:53:54.189  1374  1374 D RIL_ImsSms: In IMS updatePhoneObject 
03-11 09:53:54.189  1374  1374 D SMSDispatcher: Active phone changed to GSM
03-11 09:53:54.189  1374  1374 D SMSDispatcher: Active phone changed to GSM
03-11 09:53:54.189  1374  1374 D SMSDispatcher: Active phone changed to GSM
03-11 09:53:54.189  1374  1543 D GsmInboundSmsHandler: Idle state processing message type 7
03-11 09:53:54.189  1374  1543 D GsmInboundSmsHandler: onUpdatePhoneObject: phone=GSMPhone
03-11 09:53:54.189  1374  1543 D GsmInboundSmsHandler: onUpdatePhoneObject: dispose of old CellBroadcastHandler and make a new one
03-11 09:53:54.189  1374  1530 D RILJ    : [3677]< SET_SUPP_SVC_NOTIFICATION 
03-11 09:53:54.189  1374  1552 D GsmCellBroadcastHandler: acquired wakelock, leaving Idle state
03-11 09:53:54.189  1374  1374 D IccCardProxy: Setting radio tech UMTS
03-11 09:53:54.189  1374  1374 D IccCardProxy: updateQuietMode: 3GPP subscription -> newQuietMode=false
03-11 09:53:54.189  1374  1374 D IccCardProxy: updateQuietMode: Switching out from QuietMode. Force broadcast of current state=NOT_READY
03-11 09:53:54.189  1374  1553 D CdmaInboundSmsHandler: Idle state processing message type 7
03-11 09:53:54.189  1374  1530 D RILJ    : [3678]< SET_SUPP_SVC_NOTIFICATION 
03-11 09:53:54.189  1374  1553 D CdmaInboundSmsHandler: onUpdatePhoneObject: phone=GSMPhone
03-11 09:53:54.189  1374  1374 D IccCardProxy: Broadcasting intent ACTION_SIM_STATE_CHANGED NOT_READY reason null
03-11 09:53:54.189  1374  1555 D CdmaServiceCategoryProgramHandler: updatePhoneObject: phone=GSMPhone
03-11 09:53:54.189  1374  1554 D CellBroadcastHandler: updatePhoneObject: phone=GSMPhone
03-11 09:53:54.189  1374  1374 D IccCardProxy: updateQuietMode: QuietMode is false (app_type=1 cdmaSource=-1)
03-11 09:53:54.189  1374  1374 D IccCardProxy: updateActiveRecord app type = 1mIccRecords = null
03-11 09:53:54.199  1374  1374 E CdmaSST : [CdmaLteSST] Received message { when=-180ms what=25 obj=android.os.AsyncResult@41ba54c0 target=com.android.internal.telephony.cdma.CdmaLteServiceStateTracker }[25] while being destroyed. Ignoring.
03-11 09:53:54.199  1374  1374 E RIL_ImsSms: IMS State query failed with exp com.android.internal.telephony.CommandException: GENERIC_FAILURE
03-11 09:53:54.199  1374  1374 E CdmaSST : [CdmaLteSST] Received message { when=-179ms what=5 obj=android.os.AsyncResult@41ba6208 target=com.android.internal.telephony.cdma.CdmaLteServiceStateTracker }[5] while being destroyed. Ignoring.
03-11 09:53:54.199  1374  1374 E CdmaSST : [CdmaLteSST] Received message { when=-180ms what=24 obj=android.os.AsyncResult@41ba7928 target=com.android.internal.telephony.cdma.CdmaLteServiceStateTracker }[24] while being destroyed. Ignoring.
03-11 09:53:54.229  1374  1374 D PhoneProxy: [PhoneProxy] phoneObjectUpdater: newVoiceRadioTech=0
03-11 09:53:54.229  1374  1374 D PhoneProxy: [PhoneProxy] phoneObjectUpdater: Unknown rat ignore,  newVoiceRadioTech=Unknown. mActivePhone=GSM
03-11 09:53:54.229  1374  1374 E CdmaSST : [CdmaLteSST] Received message { when=-183ms what=34 obj=android.os.AsyncResult@41bb3ed8 target=com.android.internal.telephony.cdma.CdmaLteServiceStateTracker }[34] while being destroyed. Ignoring.
03-11 09:53:54.229  1374  1374 E CdmaSST : [CdmaLteSST] Received message { when=-183ms what=25 obj=android.os.AsyncResult@41bb4270 target=com.android.internal.telephony.cdma.CdmaLteServiceStateTracker }[25] while being destroyed. Ignoring.
03-11 09:53:54.229  1374  1374 E CdmaSST : [CdmaLteSST] Received message { when=-180ms what=5 obj=android.os.AsyncResult@41bb5a18 target=com.android.internal.telephony.cdma.CdmaLteServiceStateTracker }[5] while being destroyed. Ignoring.
03-11 09:53:54.229  1374  1374 E CdmaSST : [CdmaLteSST] Received message { when=-178ms what=24 obj=android.os.AsyncResult@41bbc248 target=com.android.internal.telephony.cdma.CdmaLteServiceStateTracker }[24] while being destroyed. Ignoring.
03-11 09:53:54.229  1374  1374 D SIMRecords: [SIMRecords] fetchSimRecords 0
03-11 09:53:54.229  1374  1374 D RILJ    : [3679]> getIMSI: GET_IMSI aid: a0000000871002ff86ffff89ffffffff
03-11 09:53:54.229  1374  1374 D RILJ    : [3680]> iccIO: SIM_IO 0xc0 0x2fe2  path: 3F00,0,0,15 aid: a0000000871002ff86ffff89ffffffff
03-11 09:53:54.229  1374  1374 D RILJ    : [3681]> iccIO: SIM_IO 0xc0 0x6f40  path: 3F007FFF,0,0,15 aid: a0000000871002ff86ffff89ffffffff
03-11 09:53:54.229  1374  1374 D RILJ    : [3682]> iccIO: SIM_IO 0xc0 0x6fc9  path: 3F007FFF,0,0,15 aid: a0000000871002ff86ffff89ffffffff
03-11 09:53:54.229  1374  1374 D RILJ    : [3683]> iccIO: SIM_IO 0xc0 0x6fad  path: 3F007FFF,0,0,15 aid: a0000000871002ff86ffff89ffffffff
03-11 09:53:54.229  1374  1374 D RILJ    : [3684]> iccIO: SIM_IO 0xc0 0x6fca  path: 3F007FFF,0,0,15 aid: a0000000871002ff86ffff89ffffffff
03-11 09:53:54.229  1374  1530 D RILJ    : [3679]< GET_IMSI 
03-11 09:53:54.239  1374  1374 D RILJ    : [3685]> iccIO: SIM_IO 0xc0 0x6f11  path: 3F007FFF,0,0,15 aid: a0000000871002ff86ffff89ffffffff
03-11 09:53:54.239  1374  1374 D RILJ    : [3686]> iccIO: SIM_IO 0xc0 0x6fcb  path: 3F007FFF,0,0,15 aid: a0000000871002ff86ffff89ffffffff
03-11 09:53:54.239  1374  1374 D RILJ    : [3687]> iccIO: SIM_IO 0xc0 0x6f13  path: 3F007FFF,0,0,15 aid: a0000000871002ff86ffff89ffffffff
03-11 09:53:54.239  1374  1374 D RILJ    : [3688]> iccIO: SIM_IO 0xc0 0x6f46  path: 3F007FFF,0,0,15 aid: a0000000871002ff86ffff89ffffffff
03-11 09:53:54.249  1374  1374 D RILJ    : [3689]> iccIO: SIM_IO 0xc0 0x6fcd  path: 3F007FFF,0,0,15 aid: a0000000871002ff86ffff89ffffffff
03-11 09:53:54.249  1374  1374 D RILJ    : [3690]> iccIO: SIM_IO 0xc0 0x6fc5  path: 3F007FFF,0,0,15 aid: a0000000871002ff86ffff89ffffffff
03-11 09:53:54.249  1374  1374 D RILJ    : [3691]> iccIO: SIM_IO 0xc0 0x6f38  path: 3F007FFF,0,0,15 aid: a0000000871002ff86ffff89ffffffff
03-11 09:53:54.249  1374  1374 D RILJ    : [3692]> iccIO: SIM_IO 0xc0 0x6f16  path: 3F007FFF,0,0,15 aid: a0000000871002ff86ffff89ffffffff
03-11 09:53:54.249  1374  1374 D RILJ    : [3693]> iccIO: SIM_IO 0xc0 0x6f15  path: 3F007FFF,0,0,15 aid: a0000000871002ff86ffff89ffffffff
03-11 09:53:54.249  1374  1374 D RILJ    : [3694]> iccIO: SIM_IO 0xc0 0x6f3e  path: 3F007FFF,0,0,15 aid: a0000000871002ff86ffff89ffffffff
03-11 09:53:54.249  1374  1374 D RILJ    : [3695]> iccIO: SIM_IO 0xc0 0x6f3c  path: 3F007FFF,0,0,15 aid: a0000000871002ff86ffff89ffffffff
03-11 09:53:54.249  1374  1374 D SIMRecords: [SIMRecords] fetchSimRecords 16 requested: true
03-11 09:53:54.249  1374  1374 D UiccCardApplication: Query facility lock : 0
03-11 09:53:54.249  1374  1374 D CAT     : CatService: MSG_ID_ICC_CHANGED
03-11 09:53:54.249  1374  1374 D CAT     : CatService: New Card State = CARDSTATE_PRESENT Old Card State = CARDSTATE_ABSENT
03-11 09:53:54.249  1374  1374 D RILJ    : [3696]> RIL_REQUEST_REPORT_STK_SERVICE_IS_RUNNING
03-11 09:53:54.249  1374  1374 D UiccCardApplication: Query facility FDN : FDN service available: true enabled: false
03-11 09:53:54.249  1374  1374 E CDMAPhone: Received message { when=-177ms what=30 obj=android.os.AsyncResult@41bfb178 target=com.android.internal.telephony.cdma.CDMALTEPhone }[30] while being destroyed. Ignoring.
03-11 09:53:54.249  1374  1374 E CdmaSST : [CdmaLteSST] Received message { when=-177ms what=42 obj=android.os.AsyncResult@41bfb190 target=com.android.internal.telephony.cdma.CdmaLteServiceStateTracker }[42] while being destroyed. Ignoring.
03-11 09:53:54.249  1374  1374 D CdmaDCT : handleMessage msg={ when=-177ms what=270369 obj=android.os.AsyncResult@41bfb1a8 target=com.android.internal.telephony.dataconnection.DcTracker }
03-11 09:53:54.249  1374  1374 E CdmaDCT : handleMessage: Ignore GSM msgs since GSM phone is inactive
03-11 09:53:54.249  1374  1374 D GsmSMSDispatcher: New Uicc application found
03-11 09:53:54.249  1374  1374 D IccCardProxy: Icc changed. Reregestering.
03-11 09:53:54.249  1374  1530 D RILJ    : [3696]< RIL_REQUEST_REPORT_STK_SERVICE_IS_RUNNING 
03-11 09:53:54.249  1374  1374 D SIMRecords: [SIMRecords] getOperatorNumeric: IMSI == null
03-11 09:53:54.249  1374  1374 E IccCardProxy: updateproperty Operator name = null, loaded = false
03-11 09:53:54.249  1374  1374 D UiccCardApplication: Notifying 1 registrant: READY
03-11 09:53:54.249  1374  1374 D SIMRecords: [SIMRecords] getOperatorNumeric: IMSI == null
03-11 09:53:54.249  1374  1374 D IccCardProxy: updateActiveRecord app type = 1mIccRecords = SimRecords: mDestroyed=false mContext=com.android.phone.PhoneGlobals@41a9d430 mCi=com.android.internal.telephony.RIL@41aa25a8 mFh=Handler (com.android.internal.telephony.uicc.UsimFileHandler) {41bb6ce0} mParentApp=com.android.internal.telephony.uicc.UiccCardApplication@41bb5850 recordsLoadedRegistrants=android.os.RegistrantList@41bb9780 mImsiReadyRegistrants=android.os.RegistrantList@41bb97a8 mRecordsEventsRegistrants=android.os.RegistrantList@41bb97d0 mNewSmsRegistrants=android.os.RegistrantList@41bb97f8 mNetworkSelectionModeAutomaticRegistrants=android.os.RegistrantList@41bb9820 recordsToLoad=16 adnCache=Handler (com.android.internal.telephony.uicc.AdnRecordCache) {41bb9988} recordsRequested=true iccid=null msisdn=null msisdnTag=null voiceMailNum=null voiceMailTag=null newVoiceMailNum=null newVoiceMailTag=null isVoiceMailFixed=false mImsi=null mncLength=-1 mailboxIndex=0 spn=null mVmConfigcom.android.internal.telephony.uicc.VoiceMailConstants@41bba468 mSpnOverride=mSpnOverride callForwardingEnabled=false spnState=READ_SPN_3GPP mCphsInfo=null mCspPlmnEnabled=true efMWIS=null efCPHS_MWI=null mEfCff=null mEfCfis=null getOperatorNumeric=null
03-11 09:53:54.249  1374  1374 D IccCardProxy: Setting SIM Record as active
03-11 09:53:54.259  1374  1374 D IccCardProxy: Broadcasting intent ACTION_SIM_STATE_CHANGED READY reason null
03-11 09:53:54.259  1374  1374 D CAT     : CatService: MSG_ID_ICC_CHANGED
03-11 09:53:54.259  1374  1374 D CAT     : CatService: New Card State = CARDSTATE_PRESENT Old Card State = CARDSTATE_PRESENT
03-11 09:53:54.259  1374  1374 E CdmaSST : [CdmaLteSST] Received message { when=-142ms what=36 obj=android.os.AsyncResult@41c0b910 target=com.android.internal.telephony.cdma.CdmaLteServiceStateTracker }[36] while being destroyed. Ignoring.
03-11 09:53:54.259  1374  1374 D CdmaDCT : handleMessage msg={ when=-111ms what=270365 target=com.android.internal.telephony.dataconnection.DcTracker }
03-11 09:53:54.259  1374  1374 E CdmaDCT : handleMessage: Ignore GSM msgs since GSM phone is inactive
03-11 09:53:54.259  1374  1374 D SimPhoneBookIM: [SimPbInterfaceManager] Card update received: com.android.internal.telephony.uicc.UiccCard@41bb4b40
03-11 09:53:54.259  1374  1374 D SimPhoneBookIM: [SimPbInterfaceManager] Card is 3G
03-11 09:53:54.259  1374  1374 D SimPhoneBookIM: [SimPbInterfaceManager] Setting currentApp: com.android.internal.telephony.uicc.UiccCardApplication@41bb5850
03-11 09:53:54.259  1374  1374 D GSMPhone: [GSMPhone] New Uicc application found
03-11 09:53:54.259  1374  1374 D RILJ    : [3697]> GET_CURRENT_CALLS
03-11 09:53:54.259  1374  1374 D GsmSST  : [GsmSST] New card found
03-11 09:53:54.259  1374  1374 D UiccCardApplication: Notifying 1 registrant: READY
03-11 09:53:54.259  1374  1374 D RILJ    : [3698]> OPERATOR
03-11 09:53:54.259  1374  1530 D RILJ    : [3697]< GET_CURRENT_CALLS  
03-11 09:53:54.269  1374  1374 D RILJ    : [3699]> DATA_REGISTRATION_STATE
03-11 09:53:54.269  1374  1374 D RILJ    : [3700]> VOICE_REGISTRATION_STATE
03-11 09:53:54.269  1374  1374 D RILJ    : [3701]> QUERY_NETWORK_SELECTION_MODE
03-11 09:53:54.269  1374  1530 D RILJ    : [3698]< OPERATOR {null, null, null}
03-11 09:53:54.269  1374  1374 D GsmDCT  : handleMessage msg={ when=-103ms what=270369 obj=android.os.AsyncResult@41c25e88 target=com.android.internal.telephony.dataconnection.DcTracker }
03-11 09:53:54.269  1374  1374 D GsmDCT  : onUpdateIcc: newIccRecords null
03-11 09:53:54.269  1374  1374 D GsmDCT  : handleMessage msg={ when=-99ms what=270337 obj=android.os.AsyncResult@41c27448 target=com.android.internal.telephony.dataconnection.DcTracker }
03-11 09:53:54.269  1374  1374 D GsmDCT  : onRadioAvailable
03-11 09:53:54.269  1374  1374 D GsmDCT  : overall state is IDLE
03-11 09:53:54.269  1374  1374 D GsmDCT  : handleMessage msg={ when=-98ms what=270345 obj=android.os.AsyncResult@41c27718 target=com.android.internal.telephony.dataconnection.DcTracker }
03-11 09:53:54.269  1374  1374 D GsmDCT  : onDataConnectionDetached: stop polling and notify detached
03-11 09:53:54.269  1374  1374 D GsmDCT  : stopNetStatPoll
03-11 09:53:54.269  1374  1374 D GsmDCT  : stopDataStallAlarm: current tag=53912 mDataStallAlarmIntent=null
03-11 09:53:54.269  1374  1374 D GsmDCT  : notifyDataConnection: reason=dataDetached
03-11 09:53:54.269  1374  1374 D GsmDCT  : isDataAllowed: not allowed due to - Attached= false - SIM not loaded and not NV subscription
03-11 09:53:54.269  1374  1374 D GsmDCT  : [ApnContext:fota] getDataProfile: mDataProfile=null
03-11 09:53:54.269  1374  1530 D RILJ    : [3700]< VOICE_REGISTRATION_STATE {2, null, null, 0, null, null, null, 0, null, null, null, null, null, 0, null}
03-11 09:53:54.269  1374  1530 D RILJ    : [3701]< QUERY_NETWORK_SELECTION_MODE {0}
03-11 09:53:54.269  1374  1530 D RILJ    : [3699]< DATA_REGISTRATION_STATE {2, null, null, null, 0, 20, null, null, null, null, null}
03-11 09:53:54.269  1374  1374 D GsmDCT  : isDataAllowed: not allowed due to - Attached= false - SIM not loaded and not NV subscription
03-11 09:53:54.269  1374  1374 D GsmDCT  : [ApnContext:dun] getDataProfile: mDataProfile=null
03-11 09:53:54.279  1374  1374 D GsmDCT  : isDataAllowed: not allowed due to - Attached= false - SIM not loaded and not NV subscription
03-11 09:53:54.279  1374  1374 D GsmDCT  : [ApnContext:ia] getDataProfile: mDataProfile=null
03-11 09:53:54.279  1374  1374 D GsmDCT  : isDataAllowed: not allowed due to - Attached= false - SIM not loaded and not NV subscription
03-11 09:53:54.279  1374  1374 D GsmDCT  : [ApnContext:supl] getDataProfile: mDataProfile=null
03-11 09:53:54.279  1374  1374 D GsmDCT  : isDataAllowed: not allowed due to - Attached= false - SIM not loaded and not NV subscription
03-11 09:53:54.279  1374  1374 D GsmDCT  : [ApnContext:hipri] getDataProfile: mDataProfile=null
03-11 09:53:54.279  1374  1530 D RILJ    : [3680]< SIM_IO IccIoResponse sw1:0x90 sw2:0x0
03-11 09:53:54.279  1374  1374 D GsmDCT  : isDataAllowed: not allowed due to - Attached= false - SIM not loaded and not NV subscription
03-11 09:53:54.279  1374  1374 D GsmDCT  : [ApnContext:ims] getDataProfile: mDataProfile=null
03-11 09:53:54.279  1374  1374 D GsmDCT  : isDataAllowed: not allowed due to - Attached= false - SIM not loaded and not NV subscription
03-11 09:53:54.279  1374  1374 D GsmDCT  : [ApnContext:default] getDataProfile: mDataProfile=null
03-11 09:53:54.289  1374  1374 D GsmDCT  : isDataAllowed: not allowed due to - Attached= false - SIM not loaded and not NV subscription
03-11 09:53:54.289  1374  1374 D GsmDCT  : [ApnContext:mms] getDataProfile: mDataProfile=null
03-11 09:53:54.289  1374  1374 D GsmDCT  : isDataAllowed: not allowed due to - Attached= false - SIM not loaded and not NV subscription
03-11 09:53:54.289  1374  1374 D GsmDCT  : [ApnContext:cbs] getDataProfile: mDataProfile=null
03-11 09:53:54.289  1374  1374 D GsmDCT  : handleMessage msg={ when=-119ms what=270348 obj=android.os.AsyncResult@41c27830 target=com.android.internal.telephony.dataconnection.DcTracker }
03-11 09:53:54.289  1374  1374 D GsmDCT  : onRoamingOff
03-11 09:53:54.289  1374  1374 D GsmDCT  : isDataAllowed: not allowed due to - Attached= false - SIM not loaded and not NV subscription
03-11 09:53:54.289  1374  1374 D GsmDCT  : [ApnContext:fota] getDataProfile: mDataProfile=null
03-11 09:53:54.289  1374  1374 D GsmDCT  : isDataAllowed: not allowed due to - Attached= false - SIM not loaded and not NV subscription
03-11 09:53:54.289  1374  1374 D GsmDCT  : [ApnContext:dun] getDataProfile: mDataProfile=null
03-11 09:53:54.299  1374  1374 D GsmDCT  : isDataAllowed: not allowed due to - Attached= false - SIM not loaded and not NV subscription
03-11 09:53:54.299  1374  1374 D GsmDCT  : [ApnContext:ia] getDataProfile: mDataProfile=null
03-11 09:53:54.299  1374  1374 D GsmDCT  : isDataAllowed: not allowed due to - Attached= false - SIM not loaded and not NV subscription
03-11 09:53:54.299  1374  1374 D GsmDCT  : [ApnContext:supl] getDataProfile: mDataProfile=null
03-11 09:53:54.299  1374  1530 D RILJ    : [3681]< SIM_IO IccIoResponse sw1:0x90 sw2:0x0
03-11 09:53:54.299  1374  1374 D GsmDCT  : isDataAllowed: not allowed due to - Attached= false - SIM not loaded and not NV subscription
03-11 09:53:54.299  1374  1374 D GsmDCT  : [ApnContext:hipri] getDataProfile: mDataProfile=null
03-11 09:53:54.299  1374  1374 D GsmDCT  : isDataAllowed: not allowed due to - Attached= false - SIM not loaded and not NV subscription
03-11 09:53:54.299  1374  1374 D GsmDCT  : [ApnContext:ims] getDataProfile: mDataProfile=null
03-11 09:53:54.309  1374  1374 D GsmDCT  : isDataAllowed: not allowed due to - Attached= false - SIM not loaded and not NV subscription
03-11 09:53:54.309  1374  1374 D GsmDCT  : [ApnContext:default] getDataProfile: mDataProfile=null
03-11 09:53:54.309  1374  1530 D RILJ    : [UNSL]< UNSOL_RESPONSE_VOICE_NETWORK_STATE_CHANGED
03-11 09:53:54.309  1374  1374 D GsmDCT  : isDataAllowed: not allowed due to - Attached= false - SIM not loaded and not NV subscription
03-11 09:53:54.309  1374  1374 D GsmDCT  : [ApnContext:mms] getDataProfile: mDataProfile=null
03-11 09:53:54.309  1374  1374 D GsmDCT  : isDataAllowed: not allowed due to - Attached= false - SIM not loaded and not NV subscription
03-11 09:53:54.309  1374  1374 D GsmDCT  : [ApnContext:cbs] getDataProfile: mDataProfile=null
03-11 09:53:54.309  1374  1374 D GsmDCT  : setupDataOnConnectableApns: roamingOff
03-11 09:53:54.309  1374  1374 D GsmDCT  : setupDataOnConnectableApns: apnContext {mApnType=hipri mState=IDLE mWaitingDataProfiles={null} mWaitingApnsPermanentFailureCountDown=0 mDataProfile={null} mReason=dataEnabled mDataEnabled=false mDependencyMet=true}
03-11 09:53:54.309  1374  1374 D GsmDCT  : setupDataOnConnectableApns: apnContext {mApnType=mms mState=IDLE mWaitingDataProfiles={null} mWaitingApnsPermanentFailureCountDown=0 mDataProfile={null} mReason=dataEnabled mDataEnabled=false mDependencyMet=true}
03-11 09:53:54.309  1374  1374 D GsmDCT  : setupDataOnConnectableApns: apnContext {mApnType=supl mState=IDLE mWaitingDataProfiles={null} mWaitingApnsPermanentFailureCountDown=0 mDataProfile={null} mReason=dataEnabled mDataEnabled=false mDependencyMet=true}
03-11 09:53:54.309  1374  1374 D GsmDCT  : setupDataOnConnectableApns: apnContext {mApnType=cbs mState=IDLE mWaitingDataProfiles={null} mWaitingApnsPermanentFailureCountDown=0 mDataProfile={null} mReason=dataEnabled mDataEnabled=false mDependencyMet=true}
03-11 09:53:54.309  1374  1374 D GsmDCT  : setupDataOnConnectableApns: apnContext {mApnType=dun mState=IDLE mWaitingDataProfiles={null} mWaitingApnsPermanentFailureCountDown=0 mDataProfile={null} mReason=dataEnabled mDataEnabled=false mDependencyMet=true}
03-11 09:53:54.309  1374  1374 D GsmDCT  : setupDataOnConnectableApns: apnContext {mApnType=fota mState=IDLE mWaitingDataProfiles={null} mWaitingApnsPermanentFailureCountDown=0 mDataProfile={null} mReason=dataEnabled mDataEnabled=false mDependencyMet=true}
03-11 09:53:54.309  1374  1374 D GsmDCT  : setupDataOnConnectableApns: apnContext {mApnType=ims mState=IDLE mWaitingDataProfiles={null} mWaitingApnsPermanentFailureCountDown=0 mDataProfile={null} mReason=dataEnabled mDataEnabled=false mDependencyMet=true}
03-11 09:53:54.309  1374  1374 D GsmDCT  : setupDataOnConnectableApns: apnContext {mApnType=default mState=IDLE mWaitingDataProfiles={null} mWaitingApnsPermanentFailureCountDown=0 mDataProfile={null} mReason=dataEnabled mDataEnabled=true mDependencyMet=true}
03-11 09:53:54.309  1374  1374 D GsmDCT  : setupDataOnConnectableApns: isConnectable() call trySetupData
03-11 09:53:54.309  1374  1374 D GsmDCT  : trySetupData for type:default due to roamingOff apnContext={mApnType=default mState=IDLE mWaitingDataProfiles={null} mWaitingApnsPermanentFailureCountDown=0 mDataProfile={null} mReason=roamingOff mDataEnabled=true mDependencyMet=true}
03-11 09:53:54.309  1374  1374 D GsmDCT  : trySetupData with mIsPsRestricted=false
03-11 09:53:54.309  1374  1374 D GsmDCT  : isDataAllowed: not allowed due to - Attached= false - SIM not loaded and not NV subscription
03-11 09:53:54.309  1374  1374 D GsmDCT  : isDataAllowed: not allowed due to - Attached= false - SIM not loaded and not NV subscription
03-11 09:53:54.309  1374  1374 D GsmDCT  : [ApnContext:fota] getDataProfile: mDataProfile=null
03-11 09:53:54.319  1374  1374 D GsmDCT  : isDataAllowed: not allowed due to - Attached= false - SIM not loaded and not NV subscription
03-11 09:53:54.319  1374  1374 D GsmDCT  : [ApnContext:dun] getDataProfile: mDataProfile=null
03-11 09:53:54.319  1374  1374 D GsmDCT  : isDataAllowed: not allowed due to - Attached= false - SIM not loaded and not NV subscription
03-11 09:53:54.319  1374  1374 D GsmDCT  : [ApnContext:ia] getDataProfile: mDataProfile=null
03-11 09:53:54.319  1374  1374 D GsmDCT  : isDataAllowed: not allowed due to - Attached= false - SIM not loaded and not NV subscription
03-11 09:53:54.319  1374  1374 D GsmDCT  : [ApnContext:supl] getDataProfile: mDataProfile=null
03-11 09:53:54.319  1374  1374 D GsmDCT  : isDataAllowed: not allowed due to - Attached= false - SIM not loaded and not NV subscription
03-11 09:53:54.319  1374  1374 D GsmDCT  : [ApnContext:hipri] getDataProfile: mDataProfile=null
03-11 09:53:54.319  1374  1374 D GsmDCT  : isDataAllowed: not allowed due to - Attached= false - SIM not loaded and not NV subscription
03-11 09:53:54.319  1374  1374 D GsmDCT  : [ApnContext:ims] getDataProfile: mDataProfile=null
03-11 09:53:54.329  1374  1530 D RilRequest: [3682]< SIM_IO error: com.android.internal.telephony.CommandException: GENERIC_FAILURE ret=IccIoResponse sw1:0x6a sw2:0x82
03-11 09:53:54.329  1374  1374 D GsmDCT  : isDataAllowed: not allowed due to - Attached= false - SIM not loaded and not NV subscription
03-11 09:53:54.329  1374  1374 D GsmDCT  : [ApnContext:default] getDataProfile: mDataProfile=null
03-11 09:53:54.329  1374  1374 D GsmDCT  : isDataAllowed: not allowed due to - Attached= false - SIM not loaded and not NV subscription
03-11 09:53:54.329  1374  1374 D GsmDCT  : [ApnContext:mms] getDataProfile: mDataProfile=null
03-11 09:53:54.329  1374  1374 D GsmDCT  : isDataAllowed: not allowed due to - Attached= false - SIM not loaded and not NV subscription
03-11 09:53:54.329  1374  1374 D GsmDCT  : [ApnContext:cbs] getDataProfile: mDataProfile=null
03-11 09:53:54.329  1374  1374 D GsmDCT  : trySetupData: X apnContext not 'ready' retValue=false
03-11 09:53:54.329  1374  1374 D GsmDCT  : setupDataOnConnectableApns: apnContext {mApnType=ia mState=IDLE mWaitingDataProfiles={null} mWaitingApnsPermanentFailureCountDown=0 mDataProfile={null} mReason=dataEnabled mDataEnabled=false mDependencyMet=true}
03-11 09:53:54.329  1374  1374 D GsmDCT  : handleMessage msg={ when=-161ms what=270376 obj=android.os.AsyncResult@41c282f0 target=com.android.internal.telephony.dataconnection.DcTracker }
03-11 09:53:54.329  1374  1374 D GsmDCT  : onUpdateIcc: newIccRecords null
03-11 09:53:54.329  1374  1374 D RILJ    : [3702]> BASEBAND_VERSION
03-11 09:53:54.339  1374  1374 D RILJ    : [3703]> GET_IMEI
03-11 09:53:54.339  1374  1374 D RILJ    : [3704]> GET_IMEISV
03-11 09:53:54.339  1374  1530 D RILJ    : [3702]< BASEBAND_VERSION M8974A-2.0.50.1.16
03-11 09:53:54.339  1374  1530 D RILJ    : [3704]< GET_IMEISV 
03-11 09:53:54.339  1374  1530 D RILJ    : [3703]< GET_IMEI 
03-11 09:53:54.339  1374  1374 D SIMRecords: [SIMRecords] IMSI: xxxxxxx
03-11 09:53:54.339  1374  1374 D SIMRecords: [SIMRecords] onRecordLoaded 15 requested: true
03-11 09:53:54.339  1374  1374 D RILJ    : setCurrentPreferredNetworkType: 10
03-11 09:53:54.339  1374  1374 D RILJ    : [3705]> REQUEST_SET_PREFERRED_NETWORK_TYPE : 10
03-11 09:53:54.339  1374  1374 D RILJ    : [3706]> OPERATOR
03-11 09:53:54.339  1374  1374 D RILJ    : [3707]> DATA_REGISTRATION_STATE
03-11 09:53:54.349  1374  1530 D RILJ    : [3706]< OPERATOR {null, null, null}
03-11 09:53:54.349  1374  1374 D RILJ    : [3708]> VOICE_REGISTRATION_STATE
03-11 09:53:54.349  1374  1530 D RILJ    : [3705]< REQUEST_SET_PREFERRED_NETWORK_TYPE 
03-11 09:53:54.349  1374  1374 D RILJ    : [3709]> QUERY_NETWORK_SELECTION_MODE
03-11 09:53:54.349  1374  1530 D RILJ    : [3707]< DATA_REGISTRATION_STATE {0, null, null, null, 0, 20, null, 147, 4855663, null, null}
03-11 09:53:54.349  1374  1530 D RILJ    : [3709]< QUERY_NETWORK_SELECTION_MODE {0}
03-11 09:53:54.349  1374  1530 D RILJ    : [3708]< VOICE_REGISTRATION_STATE {2, null, null, 0, null, null, null, 0, null, null, null, null, null, 0, null}
03-11 09:53:54.359  1374  1374 D RILJ    : [3710]> iccIO: SIM_IO 0xb0 0x2fe2  path: 3F00,0,0,10 aid: a0000000871002ff86ffff89ffffffff
03-11 09:53:54.359  1374  1374 D RILJ    : [3711]> iccIO: SIM_IO 0xb2 0x6f40  path: 3F007FFF,1,4,28 aid: a0000000871002ff86ffff89ffffffff
03-11 09:53:54.359  1374  1374 D RILJ    : [3712]> OPERATOR
03-11 09:53:54.359  1374  1374 D RILJ    : [3713]> DATA_REGISTRATION_STATE
03-11 09:53:54.359  1374  1374 D RILJ    : [3714]> VOICE_REGISTRATION_STATE
03-11 09:53:54.359  1374  1530 D RILJ    : [3712]< OPERATOR {null, null, null}
03-11 09:53:54.359  1374  1374 D RILJ    : [3715]> QUERY_NETWORK_SELECTION_MODE
03-11 09:53:54.369  1374  1530 D RILJ    : [3713]< DATA_REGISTRATION_STATE {0, null, null, null, 0, 20, null, 147, 4855663, null, null}
03-11 09:53:54.369  1374  1530 D RILJ    : [3714]< VOICE_REGISTRATION_STATE {2, null, null, 0, null, null, null, 0, null, null, null, null, null, 0, null}
03-11 09:53:54.369  1374  1374 D GSMPhone: Baseband version: M8974A-2.0.50.1.16
03-11 09:53:54.369  1374  1374 D IccCardProxy: Broadcasting intent ACTION_SIM_STATE_CHANGED IMSI reason null
03-11 09:53:54.369  1374  1374 D PHONE   : [ServiceState] setDataRegState=1
03-11 09:53:54.369  1374  1374 D PHONE   : [ServiceState] setDataRadioTechnology=0
03-11 09:53:54.379  1374  1374 D GsmSST  : [GsmSST] handlPollStateResultMessage: GsmSST setDataRegState=1 regState=0 dataRadioTechnology=0
03-11 09:53:54.379  1374  1530 D RILJ    : [3715]< QUERY_NETWORK_SELECTION_MODE {0}
03-11 09:53:54.379  1374  1530 D RILJ    : [3683]< SIM_IO IccIoResponse sw1:0x90 sw2:0x0
03-11 09:53:54.379  1374  1374 D PHONE   : [ServiceState] setVoiceRegState=1
03-11 09:53:54.379  1374  1374 E PHONE   : [ServiceState] setState deprecated use setVoiceRegState()
03-11 09:53:54.379  1374  1530 D RilRequest: [3684]< SIM_IO error: com.android.internal.telephony.CommandException: GENERIC_FAILURE ret=IccIoResponse sw1:0x94 sw2:0x4
03-11 09:53:54.379  1374  1374 D RILJ    : [3716]> iccIO: SIM_IO 0xc0 0x6f17  path: 3F007FFF,0,0,15 aid: a0000000871002ff86ffff89ffffffff
03-11 09:53:54.379  1374  1374 D SIMRecords: [SIMRecords] onRecordLoaded 15 requested: true
03-11 09:53:54.379  1374  1374 D GsmSST  : [GsmSST] Poll ServiceState done:  oldSS=[1 1 home null null null  Unknown Unknown CSS not supported 0 0 RoamInd=0 DefRoamInd=0 EmergOnly=false] newSS=[1 1 home null null null  Unknown Unknown CSS not supported 0 0 RoamInd=0 DefRoamInd=0 EmergOnly=false] oldMaxDataCalls=1 mNewMaxDataCalls=20 oldReasonDataDenied=-1 mNewReasonDataDenied=-1
03-11 09:53:54.379  1374  1374 D PHONE   : [ServiceState] setNullState=1
03-11 09:53:54.379  1374  1374 D RILJ    : [3717]> iccIO: SIM_IO 0xb0 0x6fad  path: 3F007FFF,0,0,4 aid: a0000000871002ff86ffff89ffffffff
03-11 09:53:54.379  1374  1374 D SIMRecords: [SIMRecords] EF_MWIS : null
03-11 09:53:54.379  1374  1374 D SIMRecords: [SIMRecords] EVENT_GET_MWIS_DONE exception = com.android.internal.telephony.CommandException: GENERIC_FAILURE
03-11 09:53:54.379  1374  1374 D SIMRecords: [SIMRecords] onRecordLoaded 14 requested: true
03-11 09:53:54.399  1374  1530 D RilRequest: [3685]< SIM_IO error: com.android.internal.telephony.CommandException: GENERIC_FAILURE ret=IccIoResponse sw1:0x6a sw2:0x82
03-11 09:53:54.399  1374  1374 D SIMRecords: [SIMRecords] EF_CPHS_MWI: null
03-11 09:53:54.399  1374  1374 D SIMRecords: [SIMRecords] EVENT_GET_VOICE_MAIL_INDICATOR_CPHS_DONE exception = com.android.internal.telephony.CommandException: GENERIC_FAILURE
03-11 09:53:54.399  1374  1374 D SIMRecords: [SIMRecords] onRecordLoaded 13 requested: true
03-11 09:53:54.409  1374  1530 D RilRequest: [3686]< SIM_IO error: com.android.internal.telephony.CommandException: GENERIC_FAILURE ret=IccIoResponse sw1:0x94 sw2:0x4
03-11 09:53:54.409  1374  1374 D SIMRecords: [SIMRecords] onRecordLoaded 12 requested: true
03-11 09:53:54.429  1374  1530 D RilRequest: [3687]< SIM_IO error: com.android.internal.telephony.CommandException: GENERIC_FAILURE ret=IccIoResponse sw1:0x6a sw2:0x82
03-11 09:53:54.429  1374  1374 D SIMRecords: [SIMRecords] onRecordLoaded 11 requested: true
03-11 09:53:54.449  1374  1530 D RILJ    : [3688]< SIM_IO IccIoResponse sw1:0x90 sw2:0x0
03-11 09:53:54.449  1374  1374 D RILJ    : [3718]> iccIO: SIM_IO 0xb0 0x6f46  path: 3F007FFF,0,0,17 aid: a0000000871002ff86ffff89ffffffff
03-11 09:53:54.479  1374  1530 D RilRequest: [3689]< SIM_IO error: com.android.internal.telephony.CommandException: GENERIC_FAILURE ret=IccIoResponse sw1:0x6a sw2:0x82
03-11 09:53:54.479  1374  1374 D SIMRecords: [SIMRecords] onRecordLoaded 10 requested: true
03-11 09:53:54.489  1374  1530 D RILJ    : [3690]< SIM_IO IccIoResponse sw1:0x90 sw2:0x0
03-11 09:53:54.499  1374  1530 D RILJ    : [3717]< SIM_IO IccIoResponse sw1:0x90 sw2:0x0
03-11 09:53:54.499  1374  1374 D RILJ    : [3719]> iccIO: SIM_IO 0xb2 0x6fc5  path: 3F007FFF,1,4,14 aid: a0000000871002ff86ffff89ffffffff
03-11 09:53:54.499  1374  1374 D SIMRecords: [SIMRecords] EF_AD: 00000002
03-11 09:53:54.539  1374  1530 D RILJ    : [3691]< SIM_IO IccIoResponse sw1:0x90 sw2:0x0
03-11 09:53:54.569  1374  1530 D RilRequest: [3692]< SIM_IO error: com.android.internal.telephony.CommandException: GENERIC_FAILURE ret=IccIoResponse sw1:0x6a sw2:0x82
03-11 09:53:54.589  1374  1374 D SIMRecords: [SIMRecords] onRecordLoaded 9 requested: true
03-11 09:53:54.599  1374  1530 D RilRequest: [3693]< SIM_IO error: com.android.internal.telephony.CommandException: GENERIC_FAILURE ret=IccIoResponse sw1:0x6a sw2:0x82
03-11 09:53:54.609  1374  1374 D RILJ    : [3720]> iccIO: SIM_IO 0xb0 0x6f38  path: 3F007FFF,0,0,10 aid: a0000000871002ff86ffff89ffffffff
03-11 09:53:54.619  1374  1530 D RILJ    : [3694]< SIM_IO IccIoResponse sw1:0x90 sw2:0x0
03-11 09:53:54.619  1374  1374 D GsmSST  : [GsmSST] updateSpnDisplay: radio is on but out of service, set plmn=''
03-11 09:53:54.629  1374  1530 D RILJ    : [3695]< SIM_IO IccIoResponse sw1:0x90 sw2:0x0
03-11 09:53:54.629  1374  1530 D RILJ    : [3710]< SIM_IO IccIoResponse sw1:0x90 sw2:0x0
03-11 09:53:54.649  1374  1374 D GsmSST  : [GsmSST] updateSpnDisplay: changed sending intent rule=2 showPlmn='true' plmn='' showSpn='false' spn='null'
03-11 09:53:54.659  1374  1374 D RILJ    : [3721]> iccIO: SIM_IO 0xb0 0x6f3e  path: 3F007FFF,0,0,1 aid: a0000000871002ff86ffff89ffffffff
03-11 09:53:54.659  1374  1374 D SIMRecords: [SIMRecords] onRecordLoaded 8 requested: true
03-11 09:53:54.659  1374  1374 E SIMRecords: [SIMRecords] Exception in fetching EF_CSP data com.android.internal.telephony.CommandException: GENERIC_FAILURE
03-11 09:53:54.659  1374  1374 D SIMRecords: [SIMRecords] onRecordLoaded 7 requested: true
03-11 09:53:54.659  1374  1374 D SIMRecords: [SIMRecords] EVENT_GET_SMS_RECORD_SIZE_DONE Size 176 total 8800 record 50
03-11 09:53:54.659  1374  1374 D SIMRecords: [SIMRecords] iccid: 89860115921101579076
03-11 09:53:54.659  1374  1374 D SIMRecords: [SIMRecords] onRecordLoaded 6 requested: true
03-11 09:53:54.659  1374  1530 D RILJ    : [3711]< SIM_IO IccIoResponse sw1:0x90 sw2:0x0
03-11 09:53:54.659  1374  1374 D SIMRecords: [SIMRecords] MSISDN: xxxxxxx
03-11 09:53:54.669  1374  1374 D SIMRecords: [SIMRecords] onRecordLoaded 5 requested: true
03-11 09:53:54.689  1374  1530 D RilRequest: [3716]< SIM_IO error: com.android.internal.telephony.CommandException: GENERIC_FAILURE ret=IccIoResponse sw1:0x6a sw2:0x82
03-11 09:53:54.689  1374  1374 D SIMRecords: [SIMRecords] Invalid or missing EF[MAILBOX]
03-11 09:53:54.689  1374  1374 D SIMRecords: [SIMRecords] onRecordLoaded 4 requested: true
03-11 09:53:54.689  1374  1530 D RILJ    : [3718]< SIM_IO IccIoResponse sw1:0x90 sw2:0x0
03-11 09:53:54.689  1374  1374 D SIMRecords: [SIMRecords] Load EF_SPN:  spnDisplayCondition: 0
03-11 09:53:54.689  1374  1530 D RILJ    : [3719]< SIM_IO IccIoResponse sw1:0x90 sw2:0x0
03-11 09:53:54.689  1374  1374 D SIMRecords: [SIMRecords] onRecordLoaded 3 requested: true
03-11 09:53:54.689  1374  1374 D SIMRecords: [SIMRecords] onRecordLoaded 2 requested: true
03-11 09:53:54.689  1374  1530 D RILJ    : [3720]< SIM_IO IccIoResponse sw1:0x90 sw2:0x0
03-11 09:53:54.689  1374  1374 D SIMRecords: [SIMRecords] SST: UsimServiceTable[80]={ FDN, FDN_EXTENSION, SDN, SDN_EXTENSION, OUTGOING_CALL_INFO, INCOMING_CALL_INFO, SM_STORAGE, SM_STATUS_REPORTS, SM_SERVICE_PARAMS, ADVICE_OF_CHARGE, CAP_CONFIG_PARAMS_2, CB_MESSAGE_ID, CB_MESSAGE_ID_RANGES, GROUP_ID_LEVEL_1, GROUP_ID_LEVEL_2, SPN, USER_PLMN_SELECT, MSISDN, IMAGE, EMLPP, EMLPP_AUTO_ANSWER, GSM_ACCESS, DATA_DL_VIA_SMS_PP, DATA_DL_VIA_SMS_CB, CALL_CONTROL_BY_USIM, MO_SMS_CONTROL_BY_USIM, RUN_AT_COMMAND, IGNORED_1, ENABLED_SERVICES_TABLE, APN_CONTROL_LIST, DEPERSONALISATION_CONTROL_KEYS, COOPERATIVE_NETWORK_LIST, GSM_SECURITY_CONTEXT, CPBCCH_INFO, INVESTIGATION_SCAN, OPERATOR_PLMN_SELECT, HPLMN_SELECT, EXTENSION_5, PLMN_NETWORK_NAME, OPERATOR_PLMN_LIST, SERVICE_PROVIDER_DISPLAY_INFO, MMS_NOTIFICATION, MMS_NOTIFICATION_EXTENSION, MMS_CONNECTIVITY_PARAMS, NETWORK_INDICATION_OF_ALERTING, VGCS_GROUP_ID_LIST, VBS_GROUP_ID_LIST, EQUIVALENT_HPLMN, EQUIVALENT_HPLMN_PRESENTATION }
03-11 09:53:54.689  1374  1374 D SIMRecords: [SIMRecords] onRecordLoaded 1 requested: true
03-11 09:53:54.709  1374  1530 D RILJ    : [3721]< SIM_IO IccIoResponse sw1:0x90 sw2:0x0
03-11 09:53:54.709  1374  1374 D SIMRecords: [SIMRecords] GID1: ff
03-11 09:53:54.709  1374  1374 D SIMRecords: [SIMRecords] onRecordLoaded 0 requested: true
03-11 09:53:54.709  1374  1374 D SIMRecords: [SIMRecords] record load complete
03-11 09:53:54.709  1374  1374 D SIMRecords: [SIMRecords] onAllRecordsLoaded set 'gsm.apn.sim.operator.numeric' to operator='46001'
03-11 09:53:54.709  1374  1374 D IccCardProxy: updateproperty operator =46001
03-11 09:53:54.709  1374  1374 D IccCardProxy: Broadcasting intent ACTION_SIM_STATE_CHANGED LOADED reason null
03-11 09:53:56.139  1374  1391 D CdmaCallTracker: CdmaCallTracker finalized
03-11 09:53:56.139  1374  1391 D RuimPhoneBookIM: RuimPhoneBookInterfaceManager finalized
03-11 09:53:56.139  1374  1391 D PhoneSubInfo: PhoneSubInfo finalized
03-11 09:53:56.609  1374  1554 D CellBroadcastHandler: mWakeLock released
03-11 09:53:56.619  1374  1555 D CdmaServiceCategoryProgramHandler: mWakeLock released
03-11 09:53:56.639  1374  1374 D GSMPhone: updateCallForwardStatus got sim records
03-11 09:53:56.639  1374  1374 D PhoneBase: Voicemail count retrieval for Imsi = null current Imsi = 460011952973996 sub = 0
03-11 09:53:56.639  1374  1374 D GSMPhone: updateVoiceMail countVoiceMessages = 0
03-11 09:53:56.649  1374  1374 D GsmSST  : [GsmSST] EVENT_SIM_RECORDS_LOADED: what=16
03-11 09:53:56.649  1374  1374 D PhoneProxy: [PhoneProxy] updatePhoneObject: radioTechnology=0
03-11 09:53:56.649  1374  1374 D GsmSST  : [GsmSST] updateSpnDisplay: radio is on but out of service, set plmn=''
03-11 09:53:56.649  1374  1374 D GsmSST  : [GsmSST] updateSpnDisplay: changed sending intent rule=3 showPlmn='true' plmn='' showSpn='true' spn=''
03-11 09:53:56.659  1374  1374 D SipBroadcastReceiver: onReceive: start auto registration
03-11 09:53:56.659  1374  1374 D GSMPhone: Get callforwarding info from perferences
03-11 09:53:56.659  1374  1374 D GSMPhone: Callforwarding is false
03-11 09:53:56.659  1374  1374 D PhoneProxy: [PhoneProxy] phoneObjectUpdater: newVoiceRadioTech=0
03-11 09:53:56.659  1374  1374 D PhoneProxy: [PhoneProxy] phoneObjectUpdater: Unknown rat ignore,  newVoiceRadioTech=Unknown. mActivePhone=GSM
03-11 09:53:56.659  1374  1374 D CAT     : CatService: Return current sInstance
03-11 09:53:56.669  1374  1374 D CAT     : StkAppService: 8called on slot:0
03-11 09:53:56.679  1374  1814 D CAT     : StkAppService$ServiceHandler: Locale Changed
03-11 09:53:56.679  1374  1814 D CAT     : StkAppService$ServiceHandler: Event :7
03-11 09:53:56.679  1374  1814 E CAT     : StkAppService$ServiceHandler: SetupEventList is not received. Ignoring the event: 7
03-11 09:53:56.779  1374  1543 D GsmInboundSmsHandler: Idle state processing message type 5
03-11 09:53:56.779  1374  1553 D CdmaInboundSmsHandler: Idle state processing message type 5
03-11 09:53:56.779  1374  1553 D CdmaInboundSmsHandler: mWakeLock released
