11-14 19:40:55.719   631  2076 D ConnectivityService: [CheckMp] isMobileOk: too many loops tried - giving up
11-14 19:40:55.719   631  2076 D ConnectivityService: [CheckMp] isMobileOk: X loops|timed out result=3
11-14 19:40:55.719   631  2076 D ConnectivityService: [CheckMp] isMobileOk: F stop hipri
11-14 19:40:55.719   631   902 D MobileDataStateTracker: default: setEnableFailFastMobileData(enabled=0)
11-14 19:40:55.759   631  2076 D ConnectivityService: stopUsingNetworkFeature: teardown net 0: enableHIPRI
11-14 19:40:55.769   631   631 D MobileDataStateTracker: hipri: Broadcast received: android.intent.action.ANY_DATA_STATE apnType=hipri
11-14 19:40:55.769   631   631 D MobileDataStateTracker: hipri: Received state=DISCONNECTED, old=CONNECTED, reason=dataDisabled
11-14 19:40:55.769   631   631 D MobileDataStateTracker: hipri: setDetailed state, old =CONNECTED and new state=DISCONNECTED
11-14 19:40:55.769   631   902 D ConnectivityService: ConnectivityChange for mobile_hipri: DISCONNECTED/DISCONNECTED
11-14 19:40:55.829   631   902 D Nat464Xlat: requiresClat: netType=5, hasIPv4Address=true
11-14 19:40:55.839   631   902 D MobileDataStateTracker: default: setPolicyDataEnable(enabled=true)
11-14 19:40:55.839   631   898 W NetworkPolicy: shared quota unsupported; generating rule for each iface
11-14 19:40:56.109   631   902 D MobileDataStateTracker: default: setPolicyDataEnable(enabled=true)
11-14 19:40:56.109   631   898 W NetworkPolicy: shared quota unsupported; generating rule for each iface
11-14 19:40:56.439   631   902 D MobileDataStateTracker: default: setPolicyDataEnable(enabled=true)
11-14 19:40:56.449   631   902 D MobileDataStateTracker: default: setPolicyDataEnable(enabled=true)
11-14 19:40:57.729   631  1025 D ConnectivityService: stopUsingNetworkFeature: teardown net 0: enableSUPL
11-14 19:40:57.759   631   631 D MobileDataStateTracker: supl: Broadcast received: android.intent.action.ANY_DATA_STATE apnType=supl
11-14 19:40:57.759   631   631 D MobileDataStateTracker: supl: Received state=DISCONNECTED, old=CONNECTED, reason=dataDisabled
11-14 19:40:57.759   631   631 D MobileDataStateTracker: supl: setDetailed state, old =CONNECTED and new state=DISCONNECTED
11-14 19:40:57.759   631   902 D ConnectivityService: ConnectivityChange for mobile_supl: DISCONNECTED/DISCONNECTED
11-14 19:40:57.769   175   588 W FrameworkListener: Handler 'interface' error (Success)
11-14 19:40:57.769   175   588 W FrameworkListener: Handler 'interface' error (Success)
11-14 19:40:57.829   631   902 D Nat464Xlat: requiresClat: netType=3, hasIPv4Address=true
11-14 19:40:57.839   631   902 D MobileDataStateTracker: default: setPolicyDataEnable(enabled=true)
11-14 19:40:58.019   631   902 D MobileDataStateTracker: default: setPolicyDataEnable(enabled=true)
11-14 19:40:58.299   631   902 D MobileDataStateTracker: default: setPolicyDataEnable(enabled=true)
11-14 19:40:58.299   631   902 D MobileDataStateTracker: default: setPolicyDataEnable(enabled=true)
11-14 19:41:00.829   631  2076 D ConnectivityService: [CheckMp] isMobileOk: X result=3
11-14 19:41:00.829   631   631 D ConnectivityService: [CheckMp] onPostExecute: result=3
11-14 19:41:00.829   631   631 D ConnectivityService: CheckMp.onComplete: result=3
11-14 19:41:00.829   631   631 D ConnectivityService: CheckMp.onComplete: ignore, connected or no connection
11-14 19:41:12.599   631   902 D ConnectivityService: Sampling interval elapsed, updating statistics ..
11-14 19:41:12.639   631   902 D ConnectivityService: Done.
11-14 19:41:25.599   631   872 I ActivityManager: START u0 {act=android.intent.action.MAIN cat=[android.intent.category.LAUNCHER] flg=0x10200000 cmp=com.android.settings/.Settings} from pid 1089
11-14 19:41:25.969  2374  2374 W ContextImpl: Calling a method in the system process without a qualified user: android.app.ContextImpl.bindService:1607 android.content.ContextWrapper.bindService:517 android.bluetooth.BluetoothInputDevice.doBind:256 android.bluetooth.BluetoothInputDevice.<init>:249 android.bluetooth.BluetoothAdapter.getProfileProxy:1375 
11-14 19:41:25.979  2374  2374 W ContextImpl: Calling a method in the system process without a qualified user: android.app.ContextImpl.bindService:1607 android.content.ContextWrapper.bindService:517 android.bluetooth.BluetoothPan.doBind:148 android.bluetooth.BluetoothPan.<init>:141 android.bluetooth.BluetoothAdapter.getProfileProxy:1378 
11-14 19:41:25.979  2374  2374 W ContextImpl: Calling a method in the system process without a qualified user: android.app.ContextImpl.bindService:1607 android.content.ContextWrapper.bindService:517 android.bluetooth.BluetoothMap.doBind:109 android.bluetooth.BluetoothMap.<init>:102 android.bluetooth.BluetoothAdapter.getProfileProxy:1390 
11-14 19:41:25.979  2374  2374 W ContextImpl: Calling a method in the system process without a qualified user: android.app.ContextImpl.bindService:1607 android.content.ContextWrapper.bindService:517 android.bluetooth.BluetoothPbap.doBind:164 android.bluetooth.BluetoothPbap.<init>:157 com.android.settings.bluetooth.PbapServerProfile.<init>:68 
11-14 19:41:26.139   631  1098 D WifiService: setWifiEnabled: true pid=2374, uid=1000
11-14 19:41:26.219  2374  2374 W ContextImpl: Calling a method in the system process without a qualified user: android.app.ContextImpl.startService:1543 android.content.ContextWrapper.startService:494 com.android.settings.search.SettingsSearchFilterAdapter.<init>:159 com.android.settings.Settings.onCreateOptionsMenu:289 android.app.Activity.onCreatePanelMenu:2538 
11-14 19:41:32.449   631   872 I ActivityManager: START u0 {act=android.intent.action.MAIN cmp=com.android.settings/.SubSettings (has extras)} from pid 2374
11-14 19:41:32.569  2374  2374 W ContextImpl: Calling a method in the system process without a qualified user: android.app.ContextImpl.bindService:1607 android.content.ContextWrapper.bindService:517 com.android.settings.applications.ManageApplications.onCreate:866 android.app.Fragment.performCreate:1678 android.app.FragmentManagerImpl.moveToState:859 
11-14 19:41:32.579   631   873 I ActivityManager: Start proc com.android.defcontainer for service com.android.defcontainer/.DefaultContainerService: pid=3603 uid=10005 gids={50005, 1028, 1015, 1023, 2001, 1035}
11-14 19:41:35.509   631  1109 I ActivityManager: START u0 {act=android.intent.action.MAIN cat=[android.intent.category.LAUNCHER] flg=0x10200000 cmp=com.android.settings/.Settings} from pid 1089
11-14 19:41:35.729   631   872 D WifiService: setWifiEnabled: true pid=2374, uid=1000
11-14 19:41:35.819  2374  2374 W ContextImpl: Calling a method in the system process without a qualified user: android.app.ContextImpl.startService:1543 android.content.ContextWrapper.startService:494 com.android.settings.search.SettingsSearchFilterAdapter.<init>:159 com.android.settings.Settings.onCreateOptionsMenu:289 android.app.Activity.onCreatePanelMenu:2538 
11-14 19:41:42.019   631  1101 I ActivityManager: START u0 {act=android.intent.action.MAIN cmp=com.android.settings/.SubSettings (has extras)} from pid 2374
11-14 19:41:42.069  2374  2374 W ContextImpl: Calling a method in the system process without a qualified user: android.app.ContextImpl.bindService:1607 android.content.ContextWrapper.bindService:517 com.android.settings.applications.ManageApplications.onCreate:866 android.app.Fragment.performCreate:1678 android.app.FragmentManagerImpl.moveToState:859 
11-14 19:41:45.469   631   672 I ActivityManager: START u0 {act=android.intent.action.MAIN cat=[android.intent.category.LAUNCHER] flg=0x10200000 cmp=com.android.settings/.Settings} from pid 1089
11-14 19:41:46.009   631   872 D WifiService: setWifiEnabled: true pid=2374, uid=1000
11-14 19:41:46.079  2374  2374 W ContextImpl: Calling a method in the system process without a qualified user: android.app.ContextImpl.startService:1543 android.content.ContextWrapper.startService:494 com.android.settings.search.SettingsSearchFilterAdapter.<init>:159 com.android.settings.Settings.onCreateOptionsMenu:289 android.app.Activity.onCreatePanelMenu:2538 
11-14 19:41:46.089   631  1101 D WifiService: setWifiEnabled: true pid=2374, uid=1000
11-14 19:41:52.119   631  1109 I ActivityManager: START u0 {act=android.intent.action.MAIN cmp=com.android.settings/.SubSettings (has extras)} from pid 2374
11-14 19:41:52.169  2374  2374 W ContextImpl: Calling a method in the system process without a qualified user: android.app.ContextImpl.bindService:1607 android.content.ContextWrapper.bindService:517 com.android.settings.applications.ManageApplications.onCreate:866 android.app.Fragment.performCreate:1678 android.app.FragmentManagerImpl.moveToState:859 
11-14 19:41:55.949   631  1098 I ActivityManager: START u0 {act=android.intent.action.MAIN cat=[android.intent.category.LAUNCHER] flg=0x10200000 cmp=com.android.settings/.Settings} from pid 1089
11-14 19:41:56.399   631  1109 D WifiService: setWifiEnabled: true pid=2374, uid=1000
11-14 19:41:56.449  2374  2374 W ContextImpl: Calling a method in the system process without a qualified user: android.app.ContextImpl.startService:1543 android.content.ContextWrapper.startService:494 com.android.settings.search.SettingsSearchFilterAdapter.<init>:159 com.android.settings.Settings.onCreateOptionsMenu:289 android.app.Activity.onCreatePanelMenu:2538 
11-14 19:41:59.659   631   669 I ProcessStatsService: Added stats: 1970-03-11-10-25-41, over +1m37s486ms
11-14 19:41:59.829   631   669 I ProcessStatsService: Added stats: 1970-03-11-10-25-41, over +1m37s486ms
11-14 19:42:02.939   631   672 I ActivityManager: START u0 {act=android.intent.action.MAIN cmp=com.android.settings/.SubSettings (has extras)} from pid 2374
11-14 19:42:02.999  2374  2374 W ContextImpl: Calling a method in the system process without a qualified user: android.app.ContextImpl.bindService:1607 android.content.ContextWrapper.bindService:517 com.android.settings.applications.ManageApplications.onCreate:866 android.app.Fragment.performCreate:1678 android.app.FragmentManagerImpl.moveToState:859 
11-14 19:42:03.299   631   872 I ProcessStatsService: Added stats: 1970-03-11-10-25-41, over +1m37s486ms
11-14 19:42:03.359   631   872 I ProcessStatsService: Added stats: 1970-03-11-10-25-41, over +1m37s486ms
11-14 19:42:07.309   631   873 I ActivityManager: START u0 {act=android.intent.action.MAIN cat=[android.intent.category.LAUNCHER] flg=0x10200000 cmp=com.android.settings/.Settings} from pid 1089
11-14 19:42:07.589   631  1101 D WifiService: setWifiEnabled: true pid=2374, uid=1000
11-14 19:42:07.659  2374  2374 W ContextImpl: Calling a method in the system process without a qualified user: android.app.ContextImpl.startService:1543 android.content.ContextWrapper.startService:494 com.android.settings.search.SettingsSearchFilterAdapter.<init>:159 com.android.settings.Settings.onCreateOptionsMenu:289 android.app.Activity.onCreatePanelMenu:2538 
11-14 19:42:07.669   631  1098 D WifiService: setWifiEnabled: true pid=2374, uid=1000
11-14 19:42:13.919   631   672 I ActivityManager: START u0 {act=android.intent.action.MAIN cmp=com.android.settings/.SubSettings (has extras)} from pid 2374
11-14 19:42:14.019  2374  2374 W ContextImpl: Calling a method in the system process without a qualified user: android.app.ContextImpl.bindService:1607 android.content.ContextWrapper.bindService:517 com.android.settings.applications.ManageApplications.onCreate:866 android.app.Fragment.performCreate:1678 android.app.FragmentManagerImpl.moveToState:859 
11-14 19:42:17.699   631  1098 I ActivityManager: START u0 {act=android.intent.action.MAIN cat=[android.intent.category.LAUNCHER] flg=0x10200000 cmp=com.android.settings/.Settings} from pid 1089
11-14 19:42:18.189   631  1109 D WifiService: setWifiEnabled: true pid=2374, uid=1000
11-14 19:42:18.269  2374  2374 W ContextImpl: Calling a method in the system process without a qualified user: android.app.ContextImpl.startService:1543 android.content.ContextWrapper.startService:494 com.android.settings.search.SettingsSearchFilterAdapter.<init>:159 com.android.settings.Settings.onCreateOptionsMenu:289 android.app.Activity.onCreatePanelMenu:2538 
11-14 19:42:18.279   631   669 D WifiService: setWifiEnabled: true pid=2374, uid=1000
11-14 19:42:24.599   631   873 I ActivityManager: START u0 {act=android.intent.action.MAIN cmp=com.android.settings/.SubSettings (has extras)} from pid 2374
11-14 19:42:24.669  2374  2374 W ContextImpl: Calling a method in the system process without a qualified user: android.app.ContextImpl.bindService:1607 android.content.ContextWrapper.bindService:517 com.android.settings.applications.ManageApplications.onCreate:866 android.app.Fragment.performCreate:1678 android.app.FragmentManagerImpl.moveToState:859 
11-14 19:42:28.069   631  1109 I ActivityManager: START u0 {act=android.intent.action.MAIN cat=[android.intent.category.LAUNCHER] flg=0x10200000 cmp=com.android.settings/.Settings} from pid 1089
11-14 19:42:28.539   631  1126 D WifiService: setWifiEnabled: true pid=2374, uid=1000
11-14 19:42:28.619  2374  2374 W ContextImpl: Calling a method in the system process without a qualified user: android.app.ContextImpl.startService:1543 android.content.ContextWrapper.startService:494 com.android.settings.search.SettingsSearchFilterAdapter.<init>:159 com.android.settings.Settings.onCreateOptionsMenu:289 android.app.Activity.onCreatePanelMenu:2538 
11-14 19:42:28.629   631  1128 D WifiService: setWifiEnabled: true pid=2374, uid=1000
11-14 19:42:35.129   631  1109 I ActivityManager: START u0 {act=android.intent.action.MAIN cmp=com.android.settings/.SubSettings (has extras)} from pid 2374
11-14 19:42:35.219  2374  2374 W ContextImpl: Calling a method in the system process without a qualified user: android.app.ContextImpl.bindService:1607 android.content.ContextWrapper.bindService:517 com.android.settings.applications.ManageApplications.onCreate:866 android.app.Fragment.performCreate:1678 android.app.FragmentManagerImpl.moveToState:859 
11-14 19:42:39.299   631   872 I ActivityManager: START u0 {act=android.intent.action.MAIN cat=[android.intent.category.LAUNCHER] flg=0x10200000 cmp=com.android.settings/.Settings} from pid 1089
11-14 19:42:39.809   631  1101 D WifiService: setWifiEnabled: true pid=2374, uid=1000
11-14 19:42:39.869  2374  2374 W ContextImpl: Calling a method in the system process without a qualified user: android.app.ContextImpl.startService:1543 android.content.ContextWrapper.startService:494 com.android.settings.search.SettingsSearchFilterAdapter.<init>:159 com.android.settings.Settings.onCreateOptionsMenu:289 android.app.Activity.onCreatePanelMenu:2538 
11-14 19:42:39.879   631  1142 D WifiService: setWifiEnabled: true pid=2374, uid=1000
11-14 19:42:45.929   631  1101 I ActivityManager: START u0 {act=android.intent.action.MAIN cmp=com.android.settings/.SubSettings (has extras)} from pid 2374
11-14 19:42:45.999  2374  2374 W ContextImpl: Calling a method in the system process without a qualified user: android.app.ContextImpl.bindService:1607 android.content.ContextWrapper.bindService:517 com.android.settings.applications.ManageApplications.onCreate:866 android.app.Fragment.performCreate:1678 android.app.FragmentManagerImpl.moveToState:859 
11-14 19:42:50.129   631   873 I ActivityManager: START u0 {act=android.intent.action.MAIN cat=[android.intent.category.LAUNCHER] flg=0x10200000 cmp=com.android.settings/.Settings} from pid 1089
11-14 19:42:50.769   631   672 D WifiService: setWifiEnabled: true pid=2374, uid=1000
11-14 19:42:50.839  2374  2374 W ContextImpl: Calling a method in the system process without a qualified user: android.app.ContextImpl.startService:1543 android.content.ContextWrapper.startService:494 com.android.settings.search.SettingsSearchFilterAdapter.<init>:159 com.android.settings.Settings.onCreateOptionsMenu:289 android.app.Activity.onCreatePanelMenu:2538 
11-14 19:42:50.849   631  1101 D WifiService: setWifiEnabled: true pid=2374, uid=1000
11-14 19:42:57.079   631  1109 I ActivityManager: START u0 {act=android.intent.action.MAIN cmp=com.android.settings/.SubSettings (has extras)} from pid 2374
11-14 19:42:57.149  2374  2374 W ContextImpl: Calling a method in the system process without a qualified user: android.app.ContextImpl.bindService:1607 android.content.ContextWrapper.bindService:517 com.android.settings.applications.ManageApplications.onCreate:866 android.app.Fragment.performCreate:1678 android.app.FragmentManagerImpl.moveToState:859 
11-14 19:43:01.149   631  1098 I ActivityManager: START u0 {act=android.intent.action.MAIN cat=[android.intent.category.LAUNCHER] flg=0x10200000 cmp=com.android.settings/.Settings} from pid 1089
11-14 19:43:01.759   631  1128 D WifiService: setWifiEnabled: true pid=2374, uid=1000
11-14 19:43:01.839  2374  2374 W ContextImpl: Calling a method in the system process without a qualified user: android.app.ContextImpl.startService:1543 android.content.ContextWrapper.startService:494 com.android.settings.search.SettingsSearchFilterAdapter.<init>:159 com.android.settings.Settings.onCreateOptionsMenu:289 android.app.Activity.onCreatePanelMenu:2538 
11-14 19:43:01.849   631  1126 D WifiService: setWifiEnabled: true pid=2374, uid=1000
11-14 19:43:07.999   631   873 I ActivityManager: START u0 {act=android.intent.action.MAIN cmp=com.android.settings/.SubSettings (has extras)} from pid 2374
11-14 19:43:08.059  2374  2374 W ContextImpl: Calling a method in the system process without a qualified user: android.app.ContextImpl.bindService:1607 android.content.ContextWrapper.bindService:517 com.android.settings.applications.ManageApplications.onCreate:866 android.app.Fragment.performCreate:1678 android.app.FragmentManagerImpl.moveToState:859 
11-14 19:43:11.699   631  1128 I ActivityManager: START u0 {act=android.intent.action.MAIN cat=[android.intent.category.LAUNCHER] flg=0x10200000 cmp=com.android.settings/.Settings} from pid 1089
11-14 19:43:12.449   631  1109 D WifiService: setWifiEnabled: true pid=2374, uid=1000
11-14 19:43:12.519  2374  2374 W ContextImpl: Calling a method in the system process without a qualified user: android.app.ContextImpl.startService:1543 android.content.ContextWrapper.startService:494 com.android.settings.search.SettingsSearchFilterAdapter.<init>:159 com.android.settings.Settings.onCreateOptionsMenu:289 android.app.Activity.onCreatePanelMenu:2538 
11-14 19:43:12.529   631   872 D WifiService: setWifiEnabled: true pid=2374, uid=1000
11-14 19:43:19.129   631   872 I ActivityManager: START u0 {act=android.intent.action.MAIN cmp=com.android.settings/.SubSettings (has extras)} from pid 2374
11-14 19:43:19.249  2374  2374 W ContextImpl: Calling a method in the system process without a qualified user: android.app.ContextImpl.bindService:1607 android.content.ContextWrapper.bindService:517 com.android.settings.applications.ManageApplications.onCreate:866 android.app.Fragment.performCreate:1678 android.app.FragmentManagerImpl.moveToState:859 
11-14 19:43:22.979   631  1098 I ActivityManager: START u0 {act=android.intent.action.MAIN cat=[android.intent.category.LAUNCHER] flg=0x10200000 cmp=com.android.settings/.Settings} from pid 1089
11-14 19:43:23.389   631  1109 D WifiService: setWifiEnabled: true pid=2374, uid=1000
11-14 19:43:23.449  2374  2374 W ContextImpl: Calling a method in the system process without a qualified user: android.app.ContextImpl.startService:1543 android.content.ContextWrapper.startService:494 com.android.settings.search.SettingsSearchFilterAdapter.<init>:159 com.android.settings.Settings.onCreateOptionsMenu:289 android.app.Activity.onCreatePanelMenu:2538 
11-14 19:43:23.459   631   669 D WifiService: setWifiEnabled: true pid=2374, uid=1000
11-14 19:43:30.279   631  1128 I ActivityManager: START u0 {act=android.intent.action.MAIN cmp=com.android.settings/.SubSettings (has extras)} from pid 2374
11-14 19:43:30.369  2374  2374 W ContextImpl: Calling a method in the system process without a qualified user: android.app.ContextImpl.bindService:1607 android.content.ContextWrapper.bindService:517 com.android.settings.applications.ManageApplications.onCreate:866 android.app.Fragment.performCreate:1678 android.app.FragmentManagerImpl.moveToState:859 
11-14 19:43:34.219   631   672 I ActivityManager: START u0 {act=android.intent.action.MAIN cat=[android.intent.category.LAUNCHER] flg=0x10200000 cmp=com.android.settings/.Settings} from pid 1089
11-14 19:43:34.779   631  1142 D WifiService: setWifiEnabled: true pid=2374, uid=1000
11-14 19:43:34.829  2374  2374 W ContextImpl: Calling a method in the system process without a qualified user: android.app.ContextImpl.startService:1543 android.content.ContextWrapper.startService:494 com.android.settings.search.SettingsSearchFilterAdapter.<init>:159 com.android.settings.Settings.onCreateOptionsMenu:289 android.app.Activity.onCreatePanelMenu:2538 
11-14 19:43:40.959   631  1109 I ActivityManager: START u0 {act=android.intent.action.MAIN cmp=com.android.settings/.SubSettings (has extras)} from pid 2374
11-14 19:43:41.049  2374  2374 W ContextImpl: Calling a method in the system process without a qualified user: android.app.ContextImpl.bindService:1607 android.content.ContextWrapper.bindService:517 com.android.settings.applications.ManageApplications.onCreate:866 android.app.Fragment.performCreate:1678 android.app.FragmentManagerImpl.moveToState:859 
11-14 19:43:44.879   631   872 I ActivityManager: START u0 {act=android.intent.action.MAIN cat=[android.intent.category.LAUNCHER] flg=0x10200000 cmp=com.android.settings/.Settings} from pid 1089
11-14 19:43:45.289   631  1142 D WifiService: setWifiEnabled: true pid=2374, uid=1000
11-14 19:43:45.349  2374  2374 W ContextImpl: Calling a method in the system process without a qualified user: android.app.ContextImpl.startService:1543 android.content.ContextWrapper.startService:494 com.android.settings.search.SettingsSearchFilterAdapter.<init>:159 com.android.settings.Settings.onCreateOptionsMenu:289 android.app.Activity.onCreatePanelMenu:2538 
11-14 19:43:45.359   631  1126 D WifiService: setWifiEnabled: true pid=2374, uid=1000
11-14 19:43:51.539   631   672 I ActivityManager: START u0 {act=android.intent.action.MAIN cmp=com.android.settings/.SubSettings (has extras)} from pid 2374
11-14 19:43:51.619  2374  2374 W ContextImpl: Calling a method in the system process without a qualified user: android.app.ContextImpl.bindService:1607 android.content.ContextWrapper.bindService:517 com.android.settings.applications.ManageApplications.onCreate:866 android.app.Fragment.performCreate:1678 android.app.FragmentManagerImpl.moveToState:859 
11-14 19:43:55.479   631  1126 I ActivityManager: START u0 {act=android.intent.action.MAIN cat=[android.intent.category.LAUNCHER] flg=0x10200000 cmp=com.android.settings/.Settings} from pid 1089
11-14 19:43:56.079   631  1126 D WifiService: setWifiEnabled: true pid=2374, uid=1000
11-14 19:43:56.139  2374  2374 W ContextImpl: Calling a method in the system process without a qualified user: android.app.ContextImpl.startService:1543 android.content.ContextWrapper.startService:494 com.android.settings.search.SettingsSearchFilterAdapter.<init>:159 com.android.settings.Settings.onCreateOptionsMenu:289 android.app.Activity.onCreatePanelMenu:2538 
11-14 19:43:56.149   631   872 D WifiService: setWifiEnabled: true pid=2374, uid=1000
11-14 19:44:03.079   631   872 I ActivityManager: START u0 {act=android.intent.action.MAIN cmp=com.android.settings/.SubSettings (has extras)} from pid 2374
11-14 19:44:03.129  2374  2374 W ContextImpl: Calling a method in the system process without a qualified user: android.app.ContextImpl.bindService:1607 android.content.ContextWrapper.bindService:517 com.android.settings.applications.ManageApplications.onCreate:866 android.app.Fragment.performCreate:1678 android.app.FragmentManagerImpl.moveToState:859 
11-14 19:44:07.179   631  1142 I ActivityManager: START u0 {act=android.intent.action.MAIN cat=[android.intent.category.LAUNCHER] flg=0x10200000 cmp=com.android.settings/.Settings} from pid 1089
11-14 19:44:07.849   631  1109 D WifiService: setWifiEnabled: true pid=2374, uid=1000
11-14 19:44:07.899  2374  2374 W ContextImpl: Calling a method in the system process without a qualified user: android.app.ContextImpl.startService:1543 android.content.ContextWrapper.startService:494 com.android.settings.search.SettingsSearchFilterAdapter.<init>:159 com.android.settings.Settings.onCreateOptionsMenu:289 android.app.Activity.onCreatePanelMenu:2538 
11-14 19:44:13.899   631   669 I ActivityManager: START u0 {act=android.intent.action.MAIN cmp=com.android.settings/.SubSettings (has extras)} from pid 2374
11-14 19:44:13.939  2374  2374 W ContextImpl: Calling a method in the system process without a qualified user: android.app.ContextImpl.bindService:1607 android.content.ContextWrapper.bindService:517 com.android.settings.applications.ManageApplications.onCreate:866 android.app.Fragment.performCreate:1678 android.app.FragmentManagerImpl.moveToState:859 
11-14 19:44:17.899   631  1126 I ActivityManager: START u0 {act=android.intent.action.MAIN cat=[android.intent.category.LAUNCHER] flg=0x10200000 cmp=com.android.settings/.Settings} from pid 1089
11-14 19:44:18.589   631  1126 D WifiService: setWifiEnabled: true pid=2374, uid=1000
11-14 19:44:18.649  2374  2374 W ContextImpl: Calling a method in the system process without a qualified user: android.app.ContextImpl.startService:1543 android.content.ContextWrapper.startService:494 com.android.settings.search.SettingsSearchFilterAdapter.<init>:159 com.android.settings.Settings.onCreateOptionsMenu:289 android.app.Activity.onCreatePanelMenu:2538 
11-14 19:44:18.659   631   873 D WifiService: setWifiEnabled: true pid=2374, uid=1000
11-14 19:44:24.709   631  1101 I ActivityManager: START u0 {act=android.intent.action.MAIN cmp=com.android.settings/.SubSettings (has extras)} from pid 2374
11-14 19:44:24.809  2374  2374 W ContextImpl: Calling a method in the system process without a qualified user: android.app.ContextImpl.bindService:1607 android.content.ContextWrapper.bindService:517 com.android.settings.applications.ManageApplications.onCreate:866 android.app.Fragment.performCreate:1678 android.app.FragmentManagerImpl.moveToState:859 
11-14 19:44:29.239   631   672 I ActivityManager: START u0 {act=android.intent.action.MAIN cat=[android.intent.category.LAUNCHER] flg=0x10200000 cmp=com.android.settings/.Settings} from pid 1089
11-14 19:44:30.129   631   669 D WifiService: setWifiEnabled: true pid=2374, uid=1000
11-14 19:44:30.199  2374  2374 W ContextImpl: Calling a method in the system process without a qualified user: android.app.ContextImpl.startService:1543 android.content.ContextWrapper.startService:494 com.android.settings.search.SettingsSearchFilterAdapter.<init>:159 com.android.settings.Settings.onCreateOptionsMenu:289 android.app.Activity.onCreatePanelMenu:2538 
11-14 19:44:30.209   631   672 D WifiService: setWifiEnabled: true pid=2374, uid=1000
11-14 19:44:36.459   631   672 I ActivityManager: START u0 {act=android.intent.action.MAIN cmp=com.android.settings/.SubSettings (has extras)} from pid 2374
11-14 19:44:36.499  2374  2374 W ContextImpl: Calling a method in the system process without a qualified user: android.app.ContextImpl.bindService:1607 android.content.ContextWrapper.bindService:517 com.android.settings.applications.ManageApplications.onCreate:866 android.app.Fragment.performCreate:1678 android.app.FragmentManagerImpl.moveToState:859 
11-14 19:44:40.499   631   669 I ActivityManager: START u0 {act=android.intent.action.MAIN cat=[android.intent.category.LAUNCHER] flg=0x10200000 cmp=com.android.settings/.Settings} from pid 1089
11-14 19:44:41.059   631  1101 D WifiService: setWifiEnabled: true pid=2374, uid=1000
11-14 19:44:41.119  2374  2374 W ContextImpl: Calling a method in the system process without a qualified user: android.app.ContextImpl.startService:1543 android.content.ContextWrapper.startService:494 com.android.settings.search.SettingsSearchFilterAdapter.<init>:159 com.android.settings.Settings.onCreateOptionsMenu:289 android.app.Activity.onCreatePanelMenu:2538 
11-14 19:44:41.129   631   872 D WifiService: setWifiEnabled: true pid=2374, uid=1000
11-14 19:44:47.259   631  1098 I ActivityManager: START u0 {act=android.intent.action.MAIN cmp=com.android.settings/.SubSettings (has extras)} from pid 2374
11-14 19:44:47.299  2374  2374 W ContextImpl: Calling a method in the system process without a qualified user: android.app.ContextImpl.bindService:1607 android.content.ContextWrapper.bindService:517 com.android.settings.applications.ManageApplications.onCreate:866 android.app.Fragment.performCreate:1678 android.app.FragmentManagerImpl.moveToState:859 
11-14 19:44:51.489   631  1128 I ActivityManager: START u0 {act=android.intent.action.MAIN cat=[android.intent.category.LAUNCHER] flg=0x10200000 cmp=com.android.settings/.Settings} from pid 1089
11-14 19:44:52.229   631  1128 D WifiService: setWifiEnabled: true pid=2374, uid=1000
11-14 19:44:52.299  2374  2374 W ContextImpl: Calling a method in the system process without a qualified user: android.app.ContextImpl.startService:1543 android.content.ContextWrapper.startService:494 com.android.settings.search.SettingsSearchFilterAdapter.<init>:159 com.android.settings.Settings.onCreateOptionsMenu:289 android.app.Activity.onCreatePanelMenu:2538 
11-14 19:44:52.309   631  1098 D WifiService: setWifiEnabled: true pid=2374, uid=1000
11-14 19:44:58.419   631  1142 I ActivityManager: START u0 {act=android.intent.action.MAIN cmp=com.android.settings/.SubSettings (has extras)} from pid 2374
11-14 19:44:58.509  2374  2374 W ContextImpl: Calling a method in the system process without a qualified user: android.app.ContextImpl.bindService:1607 android.content.ContextWrapper.bindService:517 com.android.settings.applications.ManageApplications.onCreate:866 android.app.Fragment.performCreate:1678 android.app.FragmentManagerImpl.moveToState:859 
11-14 19:45:02.699   631   873 I ActivityManager: START u0 {act=android.intent.action.MAIN cat=[android.intent.category.LAUNCHER] flg=0x10200000 cmp=com.android.settings/.Settings} from pid 1089
11-14 19:45:03.489   631  1142 D WifiService: setWifiEnabled: true pid=2374, uid=1000
11-14 19:45:03.569  2374  2374 W ContextImpl: Calling a method in the system process without a qualified user: android.app.ContextImpl.startService:1543 android.content.ContextWrapper.startService:494 com.android.settings.search.SettingsSearchFilterAdapter.<init>:159 com.android.settings.Settings.onCreateOptionsMenu:289 android.app.Activity.onCreatePanelMenu:2538 
11-14 19:45:03.589   631   873 D WifiService: setWifiEnabled: true pid=2374, uid=1000
11-14 19:45:09.629   631   873 I ActivityManager: START u0 {act=android.intent.action.MAIN cmp=com.android.settings/.SubSettings (has extras)} from pid 2374
11-14 19:45:09.689  2374  2374 W ContextImpl: Calling a method in the system process without a qualified user: android.app.ContextImpl.bindService:1607 android.content.ContextWrapper.bindService:517 com.android.settings.applications.ManageApplications.onCreate:866 android.app.Fragment.performCreate:1678 android.app.FragmentManagerImpl.moveToState:859 
11-14 19:45:13.869   631  1109 I ActivityManager: START u0 {act=android.intent.action.MAIN cat=[android.intent.category.LAUNCHER] flg=0x10200000 cmp=com.android.settings/.Settings} from pid 1089
11-14 19:45:14.709   631  1101 D WifiService: setWifiEnabled: true pid=2374, uid=1000
11-14 19:45:14.779  2374  2374 W ContextImpl: Calling a method in the system process without a qualified user: android.app.ContextImpl.startService:1543 android.content.ContextWrapper.startService:494 com.android.settings.search.SettingsSearchFilterAdapter.<init>:159 com.android.settings.Settings.onCreateOptionsMenu:289 android.app.Activity.onCreatePanelMenu:2538 
11-14 19:45:14.789   631   873 D WifiService: setWifiEnabled: true pid=2374, uid=1000
11-14 19:45:21.119   631   672 I ActivityManager: START u0 {act=android.intent.action.MAIN cmp=com.android.settings/.SubSettings (has extras)} from pid 2374
11-14 19:45:21.179  2374  2374 W ContextImpl: Calling a method in the system process without a qualified user: android.app.ContextImpl.bindService:1607 android.content.ContextWrapper.bindService:517 com.android.settings.applications.ManageApplications.onCreate:866 android.app.Fragment.performCreate:1678 android.app.FragmentManagerImpl.moveToState:859 
11-14 19:45:25.179   631  1142 I ActivityManager: START u0 {act=android.intent.action.MAIN cat=[android.intent.category.LAUNCHER] flg=0x10200000 cmp=com.android.settings/.Settings} from pid 1089
11-14 19:45:26.249   631  1142 D WifiService: setWifiEnabled: true pid=2374, uid=1000
11-14 19:45:26.309  2374  2374 W ContextImpl: Calling a method in the system process without a qualified user: android.app.ContextImpl.startService:1543 android.content.ContextWrapper.startService:494 com.android.settings.search.SettingsSearchFilterAdapter.<init>:159 com.android.settings.Settings.onCreateOptionsMenu:289 android.app.Activity.onCreatePanelMenu:2538 
11-14 19:45:26.319   631  1126 D WifiService: setWifiEnabled: true pid=2374, uid=1000
11-14 19:45:32.419   631  1128 I ActivityManager: START u0 {act=android.intent.action.MAIN cmp=com.android.settings/.SubSettings (has extras)} from pid 2374
11-14 19:45:32.499  2374  2374 W ContextImpl: Calling a method in the system process without a qualified user: android.app.ContextImpl.bindService:1607 android.content.ContextWrapper.bindService:517 com.android.settings.applications.ManageApplications.onCreate:866 android.app.Fragment.performCreate:1678 android.app.FragmentManagerImpl.moveToState:859 
11-14 19:45:36.509   631   872 I ActivityManager: START u0 {act=android.intent.action.MAIN cat=[android.intent.category.LAUNCHER] flg=0x10200000 cmp=com.android.settings/.Settings} from pid 1089
11-14 19:45:37.519   631  1101 D WifiService: setWifiEnabled: true pid=2374, uid=1000
11-14 19:45:37.579  2374  2374 W ContextImpl: Calling a method in the system process without a qualified user: android.app.ContextImpl.startService:1543 android.content.ContextWrapper.startService:494 com.android.settings.search.SettingsSearchFilterAdapter.<init>:159 com.android.settings.Settings.onCreateOptionsMenu:289 android.app.Activity.onCreatePanelMenu:2538 
11-14 19:45:37.589   631  1126 D WifiService: setWifiEnabled: true pid=2374, uid=1000
11-14 19:45:43.879   631  1101 I ActivityManager: START u0 {act=android.intent.action.MAIN cmp=com.android.settings/.SubSettings (has extras)} from pid 2374
11-14 19:45:43.939  2374  2374 W ContextImpl: Calling a method in the system process without a qualified user: android.app.ContextImpl.bindService:1607 android.content.ContextWrapper.bindService:517 com.android.settings.applications.ManageApplications.onCreate:866 android.app.Fragment.performCreate:1678 android.app.FragmentManagerImpl.moveToState:859 
11-14 19:45:48.139   631  1098 I ActivityManager: START u0 {act=android.intent.action.MAIN cat=[android.intent.category.LAUNCHER] flg=0x10200000 cmp=com.android.settings/.Settings} from pid 1089
11-14 19:45:48.939   631  1098 D WifiService: setWifiEnabled: true pid=2374, uid=1000
11-14 19:45:49.009  2374  2374 W ContextImpl: Calling a method in the system process without a qualified user: android.app.ContextImpl.startService:1543 android.content.ContextWrapper.startService:494 com.android.settings.search.SettingsSearchFilterAdapter.<init>:159 com.android.settings.Settings.onCreateOptionsMenu:289 android.app.Activity.onCreatePanelMenu:2538 
11-14 19:45:49.019   631   672 D WifiService: setWifiEnabled: true pid=2374, uid=1000
11-14 19:45:55.939   631   672 I ActivityManager: START u0 {act=android.intent.action.MAIN cmp=com.android.settings/.SubSettings (has extras)} from pid 2374
11-14 19:45:56.049  2374  2374 W ContextImpl: Calling a method in the system process without a qualified user: android.app.ContextImpl.bindService:1607 android.content.ContextWrapper.bindService:517 com.android.settings.applications.ManageApplications.onCreate:866 android.app.Fragment.performCreate:1678 android.app.FragmentManagerImpl.moveToState:859 
11-14 19:46:00.209   631   672 I ActivityManager: START u0 {act=android.intent.action.MAIN cat=[android.intent.category.LAUNCHER] flg=0x10200000 cmp=com.android.settings/.Settings} from pid 1089
11-14 19:46:01.089   631  1098 D WifiService: setWifiEnabled: true pid=2374, uid=1000
11-14 19:46:01.149  2374  2374 W ContextImpl: Calling a method in the system process without a qualified user: android.app.ContextImpl.startService:1543 android.content.ContextWrapper.startService:494 com.android.settings.search.SettingsSearchFilterAdapter.<init>:159 com.android.settings.Settings.onCreateOptionsMenu:289 android.app.Activity.onCreatePanelMenu:2538 
11-14 19:46:01.159   631  1142 D WifiService: setWifiEnabled: true pid=2374, uid=1000
11-14 19:46:07.889   631  1098 I ActivityManager: START u0 {act=android.intent.action.MAIN cmp=com.android.settings/.SubSettings (has extras)} from pid 2374
11-14 19:46:07.959  2374  2374 W ContextImpl: Calling a method in the system process without a qualified user: android.app.ContextImpl.bindService:1607 android.content.ContextWrapper.bindService:517 com.android.settings.applications.ManageApplications.onCreate:866 android.app.Fragment.performCreate:1678 android.app.FragmentManagerImpl.moveToState:859 
11-14 19:46:12.769   631   672 I ActivityManager: START u0 {act=android.intent.action.MAIN cat=[android.intent.category.LAUNCHER] flg=0x10200000 cmp=com.android.settings/.Settings} from pid 1089
11-14 19:46:13.549   631  1126 D WifiService: setWifiEnabled: true pid=2374, uid=1000
11-14 19:46:13.609  2374  2374 W ContextImpl: Calling a method in the system process without a qualified user: android.app.ContextImpl.startService:1543 android.content.ContextWrapper.startService:494 com.android.settings.search.SettingsSearchFilterAdapter.<init>:159 com.android.settings.Settings.onCreateOptionsMenu:289 android.app.Activity.onCreatePanelMenu:2538 
11-14 19:46:13.619   631   669 D WifiService: setWifiEnabled: true pid=2374, uid=1000
11-14 19:46:20.419   631   672 I ActivityManager: START u0 {act=android.intent.action.MAIN cmp=com.android.settings/.SubSettings (has extras)} from pid 2374
11-14 19:46:20.489  2374  2374 W ContextImpl: Calling a method in the system process without a qualified user: android.app.ContextImpl.bindService:1607 android.content.ContextWrapper.bindService:517 com.android.settings.applications.ManageApplications.onCreate:866 android.app.Fragment.performCreate:1678 android.app.FragmentManagerImpl.moveToState:859 
11-14 19:46:24.599   631   672 I ActivityManager: START u0 {act=android.intent.action.MAIN cat=[android.intent.category.LAUNCHER] flg=0x10200000 cmp=com.android.settings/.Settings} from pid 1089
11-14 19:46:25.669   631  1109 D WifiService: setWifiEnabled: true pid=2374, uid=1000
11-14 19:46:25.739  2374  2374 W ContextImpl: Calling a method in the system process without a qualified user: android.app.ContextImpl.startService:1543 android.content.ContextWrapper.startService:494 com.android.settings.search.SettingsSearchFilterAdapter.<init>:159 com.android.settings.Settings.onCreateOptionsMenu:289 android.app.Activity.onCreatePanelMenu:2538 
11-14 19:46:25.749   631   872 D WifiService: setWifiEnabled: true pid=2374, uid=1000
11-14 19:46:32.019   631  1109 I ActivityManager: START u0 {act=android.intent.action.MAIN cmp=com.android.settings/.SubSettings (has extras)} from pid 2374
11-14 19:46:32.079  2374  2374 W ContextImpl: Calling a method in the system process without a qualified user: android.app.ContextImpl.bindService:1607 android.content.ContextWrapper.bindService:517 com.android.settings.applications.ManageApplications.onCreate:866 android.app.Fragment.performCreate:1678 android.app.FragmentManagerImpl.moveToState:859 
11-14 19:46:36.309   631  1126 I ActivityManager: START u0 {act=android.intent.action.MAIN cat=[android.intent.category.LAUNCHER] flg=0x10200000 cmp=com.android.settings/.Settings} from pid 1089
11-14 19:46:37.289   631   672 D WifiService: setWifiEnabled: true pid=2374, uid=1000
11-14 19:46:37.359  2374  2374 W ContextImpl: Calling a method in the system process without a qualified user: android.app.ContextImpl.startService:1543 android.content.ContextWrapper.startService:494 com.android.settings.search.SettingsSearchFilterAdapter.<init>:159 com.android.settings.Settings.onCreateOptionsMenu:289 android.app.Activity.onCreatePanelMenu:2538 
11-14 19:46:37.369   631  1142 D WifiService: setWifiEnabled: true pid=2374, uid=1000
11-14 19:46:43.879   631   669 I ActivityManager: START u0 {act=android.intent.action.MAIN cmp=com.android.settings/.SubSettings (has extras)} from pid 2374
11-14 19:46:43.959  2374  2374 W ContextImpl: Calling a method in the system process without a qualified user: android.app.ContextImpl.bindService:1607 android.content.ContextWrapper.bindService:517 com.android.settings.applications.ManageApplications.onCreate:866 android.app.Fragment.performCreate:1678 android.app.FragmentManagerImpl.moveToState:859 
11-14 19:46:48.769   631   873 I ActivityManager: START u0 {act=android.intent.action.MAIN cat=[android.intent.category.LAUNCHER] flg=0x10200000 cmp=com.android.settings/.Settings} from pid 1089
11-14 19:46:49.589   631  1126 D WifiService: setWifiEnabled: true pid=2374, uid=1000
11-14 19:46:49.659  2374  2374 W ContextImpl: Calling a method in the system process without a qualified user: android.app.ContextImpl.startService:1543 android.content.ContextWrapper.startService:494 com.android.settings.search.SettingsSearchFilterAdapter.<init>:159 com.android.settings.Settings.onCreateOptionsMenu:289 android.app.Activity.onCreatePanelMenu:2538 
11-14 19:46:49.669   631  1109 D WifiService: setWifiEnabled: true pid=2374, uid=1000
11-14 19:46:53.969   631   844 W ProcessCpuTracker: Skipping unknown process pid 12301
11-14 19:46:56.549   631  1126 I ActivityManager: START u0 {act=android.intent.action.MAIN cmp=com.android.settings/.SubSettings (has extras)} from pid 2374
11-14 19:46:56.619  2374  2374 W ContextImpl: Calling a method in the system process without a qualified user: android.app.ContextImpl.bindService:1607 android.content.ContextWrapper.bindService:517 com.android.settings.applications.ManageApplications.onCreate:866 android.app.Fragment.performCreate:1678 android.app.FragmentManagerImpl.moveToState:859 
11-14 19:47:01.139   631  1101 I ActivityManager: START u0 {act=android.intent.action.MAIN cat=[android.intent.category.LAUNCHER] flg=0x10200000 cmp=com.android.settings/.Settings} from pid 1089
11-14 19:47:02.219   631  1101 D WifiService: setWifiEnabled: true pid=2374, uid=1000
11-14 19:47:02.279  2374  2374 W ContextImpl: Calling a method in the system process without a qualified user: android.app.ContextImpl.startService:1543 android.content.ContextWrapper.startService:494 com.android.settings.search.SettingsSearchFilterAdapter.<init>:159 com.android.settings.Settings.onCreateOptionsMenu:289 android.app.Activity.onCreatePanelMenu:2538 
11-14 19:47:02.289   631   873 D WifiService: setWifiEnabled: true pid=2374, uid=1000
11-14 19:47:08.229   631   872 I ActivityManager: START u0 {act=android.intent.action.MAIN cmp=com.android.settings/.SubSettings (has extras)} from pid 2374
11-14 19:47:08.289  2374  2374 W ContextImpl: Calling a method in the system process without a qualified user: android.app.ContextImpl.bindService:1607 android.content.ContextWrapper.bindService:517 com.android.settings.applications.ManageApplications.onCreate:866 android.app.Fragment.performCreate:1678 android.app.FragmentManagerImpl.moveToState:859 
11-14 19:47:13.049   631  1142 I ActivityManager: START u0 {act=android.intent.action.MAIN cat=[android.intent.category.LAUNCHER] flg=0x10200000 cmp=com.android.settings/.Settings} from pid 1089
11-14 19:47:14.089   631  1128 D WifiService: setWifiEnabled: true pid=2374, uid=1000
11-14 19:47:14.159  2374  2374 W ContextImpl: Calling a method in the system process without a qualified user: android.app.ContextImpl.startService:1543 android.content.ContextWrapper.startService:494 com.android.settings.search.SettingsSearchFilterAdapter.<init>:159 com.android.settings.Settings.onCreateOptionsMenu:289 android.app.Activity.onCreatePanelMenu:2538 
11-14 19:47:14.169   631  1109 D WifiService: setWifiEnabled: true pid=2374, uid=1000
11-14 19:47:20.419   631  1128 I ActivityManager: START u0 {act=android.intent.action.MAIN cmp=com.android.settings/.SubSettings (has extras)} from pid 2374
11-14 19:47:20.469  2374  2374 W ContextImpl: Calling a method in the system process without a qualified user: android.app.ContextImpl.bindService:1607 android.content.ContextWrapper.bindService:517 com.android.settings.applications.ManageApplications.onCreate:866 android.app.Fragment.performCreate:1678 android.app.FragmentManagerImpl.moveToState:859 
11-14 19:47:24.719   631   873 I ActivityManager: START u0 {act=android.intent.action.MAIN cat=[android.intent.category.LAUNCHER] flg=0x10200000 cmp=com.android.settings/.Settings} from pid 1089
11-14 19:47:25.879   631  1101 D WifiService: setWifiEnabled: true pid=2374, uid=1000
11-14 19:47:25.939  2374  2374 W ContextImpl: Calling a method in the system process without a qualified user: android.app.ContextImpl.startService:1543 android.content.ContextWrapper.startService:494 com.android.settings.search.SettingsSearchFilterAdapter.<init>:159 com.android.settings.Settings.onCreateOptionsMenu:289 android.app.Activity.onCreatePanelMenu:2538 
11-14 19:47:25.949   631  1126 D WifiService: setWifiEnabled: true pid=2374, uid=1000
11-14 19:47:32.709   631   873 I ActivityManager: START u0 {act=android.intent.action.MAIN cmp=com.android.settings/.SubSettings (has extras)} from pid 2374
11-14 19:47:32.789  2374  2374 W ContextImpl: Calling a method in the system process without a qualified user: android.app.ContextImpl.bindService:1607 android.content.ContextWrapper.bindService:517 com.android.settings.applications.ManageApplications.onCreate:866 android.app.Fragment.performCreate:1678 android.app.FragmentManagerImpl.moveToState:859 
11-14 19:47:37.429   631   873 I ActivityManager: START u0 {act=android.intent.action.MAIN cat=[android.intent.category.LAUNCHER] flg=0x10200000 cmp=com.android.settings/.Settings} from pid 1089
11-14 19:47:38.569   631  1101 D WifiService: setWifiEnabled: true pid=2374, uid=1000
11-14 19:47:38.649  2374  2374 W ContextImpl: Calling a method in the system process without a qualified user: android.app.ContextImpl.startService:1543 android.content.ContextWrapper.startService:494 com.android.settings.search.SettingsSearchFilterAdapter.<init>:159 com.android.settings.Settings.onCreateOptionsMenu:289 android.app.Activity.onCreatePanelMenu:2538 
11-14 19:47:38.659   631   672 D WifiService: setWifiEnabled: true pid=2374, uid=1000
11-14 19:47:44.719   631   872 I ActivityManager: START u0 {act=android.intent.action.MAIN cmp=com.android.settings/.SubSettings (has extras)} from pid 2374
11-14 19:47:44.819  2374  2374 W ContextImpl: Calling a method in the system process without a qualified user: android.app.ContextImpl.bindService:1607 android.content.ContextWrapper.bindService:517 com.android.settings.applications.ManageApplications.onCreate:866 android.app.Fragment.performCreate:1678 android.app.FragmentManagerImpl.moveToState:859 
11-14 19:47:49.709   631  1126 I ActivityManager: START u0 {act=android.intent.action.MAIN cat=[android.intent.category.LAUNCHER] flg=0x10200000 cmp=com.android.settings/.Settings} from pid 1089
11-14 19:47:50.999   631  1101 D WifiService: setWifiEnabled: true pid=2374, uid=1000
11-14 19:47:51.059  2374  2374 W ContextImpl: Calling a method in the system process without a qualified user: android.app.ContextImpl.startService:1543 android.content.ContextWrapper.startService:494 com.android.settings.search.SettingsSearchFilterAdapter.<init>:159 com.android.settings.Settings.onCreateOptionsMenu:289 android.app.Activity.onCreatePanelMenu:2538 
11-14 19:47:51.069   631  1128 D WifiService: setWifiEnabled: true pid=2374, uid=1000
11-14 19:47:57.079   631   873 I ActivityManager: START u0 {act=android.intent.action.MAIN cmp=com.android.settings/.SubSettings (has extras)} from pid 2374
11-14 19:47:57.169  2374  2374 W ContextImpl: Calling a method in the system process without a qualified user: android.app.ContextImpl.bindService:1607 android.content.ContextWrapper.bindService:517 com.android.settings.applications.ManageApplications.onCreate:866 android.app.Fragment.performCreate:1678 android.app.FragmentManagerImpl.moveToState:859 
11-14 19:48:01.879   631   873 I ActivityManager: START u0 {act=android.intent.action.MAIN cat=[android.intent.category.LAUNCHER] flg=0x10200000 cmp=com.android.settings/.Settings} from pid 1089
11-14 19:48:03.089   631  1126 D WifiService: setWifiEnabled: true pid=2374, uid=1000
11-14 19:48:03.149  2374  2374 W ContextImpl: Calling a method in the system process without a qualified user: android.app.ContextImpl.startService:1543 android.content.ContextWrapper.startService:494 com.android.settings.search.SettingsSearchFilterAdapter.<init>:159 com.android.settings.Settings.onCreateOptionsMenu:289 android.app.Activity.onCreatePanelMenu:2538 
11-14 19:48:03.159   631   672 D WifiService: setWifiEnabled: true pid=2374, uid=1000
11-14 19:48:09.299   631   672 I ActivityManager: START u0 {act=android.intent.action.MAIN cmp=com.android.settings/.SubSettings (has extras)} from pid 2374
