11-14 19:40:04.492   179   179 I boot_progress_start: 4542
11-14 19:40:05.112   179   179 I boot_progress_preload_start: 5166
11-14 19:40:07.222   179   179 I boot_progress_preload_end: 7274
11-14 19:40:09.512   631   631 I boot_progress_system_run: 9568
11-14 19:40:09.692   631   631 I boot_progress_pms_start: 9740
11-14 19:40:09.962   631   631 I boot_progress_pms_system_scan_start: 10016
11-14 19:40:11.331   631   631 I boot_progress_pms_data_scan_start: 11387
11-14 19:40:11.331   631   631 I boot_progress_pms_scan_end: 11388
11-14 19:40:11.411   631   631 I boot_progress_pms_ready: 11464
11-14 19:40:11.541   631   872 I battery_status: [2,2,1,2,Li-ion]
11-14 19:40:11.541   631   872 I battery_level: [96,4206,366]
11-14 19:40:11.621   631   861 I screen_toggled: 1
11-14 19:40:11.631   631   631 I wm_stack_created: [0,-1,6,100]
11-14 19:40:11.701   631   631 I configuration_changed: 7672
11-14 19:40:11.701   631   631 I configuration_changed: 1288
11-14 19:40:12.191   631   631 I free_storage_left: [13261529088,650575872,709337088]
11-14 19:40:12.191   631   631 I free_storage_changed: 13261529088
11-14 19:40:12.351   631   631 I backup_data_changed: com.android.calendar
11-14 19:40:12.371   631   631 I backup_data_changed: com.android.browser
11-14 19:40:12.371   631   631 I backup_data_changed: com.android.nfc
11-14 19:40:12.371   631   631 I backup_data_changed: com.android.providers.userdictionary
11-14 19:40:12.381   631   631 I backup_data_changed: com.android.sharedstoragebackup
11-14 19:40:12.381   631   631 I backup_data_changed: com.android.mms
11-14 19:40:12.381   631   631 I backup_data_changed: android
11-14 19:40:12.381   631   631 I backup_data_changed: com.android.providers.telephony
11-14 19:40:12.391   631   631 I backup_data_changed: com.android.dialer
11-14 19:40:12.401   631   631 I backup_data_changed: com.android.providers.settings
11-14 19:40:12.401   631   631 I am_create_service: [0,1108657992,.LocalTransportService,1000,631]
11-14 19:40:12.411   631   631 I backup_data_changed: com.android.calendar
11-14 19:40:12.411   631   631 I backup_data_changed: com.android.browser
11-14 19:40:12.411   631   631 I backup_data_changed: com.android.nfc
11-14 19:40:12.411   631   631 I backup_data_changed: com.android.providers.userdictionary
11-14 19:40:12.411   631   631 I backup_data_changed: com.android.sharedstoragebackup
11-14 19:40:12.411   631   631 I backup_data_changed: com.android.mms
11-14 19:40:12.411   631   631 I backup_data_changed: android
11-14 19:40:12.411   631   631 I backup_data_changed: com.android.providers.telephony
11-14 19:40:12.411   631   631 I backup_data_changed: com.android.dialer
11-14 19:40:12.411   631   631 I backup_data_changed: com.android.providers.settings
11-14 19:40:12.491   631   631 I am_proc_start: [0,921,10009,com.android.systemui,service,com.android.keyguard/.KeyguardService]
11-14 19:40:12.511   631   631 I boot_progress_ams_ready: 12568
11-14 19:40:12.521   631   672 I am_proc_bound: [0,921,com.android.systemui]
11-14 19:40:12.521   631   672 I am_create_service: [0,1108969752,.KeyguardService,10009,921]
11-14 19:40:12.521   631   672 I am_create_service: [0,1104799928,.SystemUIService,10009,921]
11-14 19:40:12.841   631   631 I configuration_changed: 512
11-14 19:40:12.841   631   860 I notification_enqueue: [android,17040750,NULL,-1,Notification(pri=-2 contentView=android/0x1090065 vibrate=null sound=null defaults=0x0 flags=0x2 kind=[null])]
11-14 19:40:12.851   631   860 I notification_enqueue: [android,17040758,NULL,-1,Notification(pri=-1 contentView=android/0x1090065 vibrate=null sound=null defaults=0x0 flags=0x2 kind=[null])]
11-14 19:40:12.871   631   844 I am_proc_start: [0,1000,10007,android.process.media,broadcast,com.android.providers.media/.MtpReceiver]
11-14 19:40:12.891   631   669 I am_proc_bound: [0,1000,android.process.media]
11-14 19:40:12.911   631   631 I am_create_service: [0,1106858024,.ImageWallpaper,10009,921]
11-14 19:40:12.931   631   631 I am_proc_start: [0,1013,10040,com.android.inputmethod.latin,service,com.android.inputmethod.latin/.LatinIME]
11-14 19:40:12.971   631   631 I am_create_service: [0,1104994056,.FusedLocationService,1000,631]
11-14 19:40:12.981   631   631 I am_create_service: [0,1104703744,.GeofenceHardwareService,1000,631]
11-14 19:40:12.991   631   873 I am_proc_bound: [0,1013,com.android.inputmethod.latin]
11-14 19:40:13.001   631   873 I am_create_service: [0,1108542296,.LatinIME,10040,1013]
11-14 19:40:13.061   631   631 I am_proc_start: [0,1037,1001,com.android.phone,added application,com.android.phone]
11-14 19:40:13.071   631   631 I am_proc_start: [0,1042,10031,com.bel.android.dspmanager,added application,com.bel.android.dspmanager]
11-14 19:40:13.081   631   631 I am_proc_start: [0,1053,1027,com.android.nfc,added application,com.android.nfc]
11-14 19:40:13.091   631   631 I am_proc_start: [0,1065,1001,com.redbend.vdmc,added application,com.redbend.vdmc]
11-14 19:40:13.101   631   631 I am_proc_start: [0,1077,10006,com.android.incallui,added application,com.android.incallui]
11-14 19:40:13.111   631   631 I am_create_task: [0,1]
11-14 19:40:13.111   631   631 I am_create_activity: [0,1107209264,1,com.cyanogenmod.trebuchet/org.cyanogenmod.trebuchet.CustomHomeLauncher,android.intent.action.MAIN,NULL,NULL,268435456]
11-14 19:40:13.111   631   631 I wm_task_created: [1,0]
11-14 19:40:13.111   631   631 I wm_task_moved: [1,1,0]
11-14 19:40:13.111   631   631 I wm_home_stack_moved: 1
11-14 19:40:13.121   631   631 I am_proc_start: [0,1089,10016,com.cyanogenmod.trebuchet,activity,com.cyanogenmod.trebuchet/org.cyanogenmod.trebuchet.CustomHomeLauncher]
11-14 19:40:13.131   631   672 I am_proc_bound: [0,1042,com.bel.android.dspmanager]
11-14 19:40:13.181   631   845 I am_proc_start: [0,1119,10052,com.android.printspooler,service,com.android.printspooler/.PrintSpoolerService]
11-14 19:40:13.191   631   669 I am_proc_bound: [0,1037,com.android.phone]
11-14 19:40:13.191   631  1098 I am_proc_bound: [0,1053,com.android.nfc]
11-14 19:40:13.191   631   873 I am_proc_bound: [0,1065,com.redbend.vdmc]
11-14 19:40:13.201   631  1109 I am_proc_bound: [0,1077,com.android.incallui]
11-14 19:40:13.201   631  1126 I am_proc_bound: [0,1089,com.cyanogenmod.trebuchet]
11-14 19:40:13.201   631  1126 I am_restart_activity: [0,1107209264,1,com.cyanogenmod.trebuchet/org.cyanogenmod.trebuchet.CustomHomeLauncher]
11-14 19:40:13.241   631  1126 I am_proc_bound: [0,1119,com.android.printspooler]
11-14 19:40:13.241   631  1126 I am_create_service: [0,1109581288,.PrintSpoolerService,10052,1119]
11-14 19:40:13.401   631  1109 I am_proc_start: [0,1171,10004,android.process.acore,content provider,com.android.providers.userdictionary/.UserDictionaryProvider]
11-14 19:40:13.421   631  1128 I am_create_service: [0,1109332488,.DownloadService,10007,1000]
11-14 19:40:13.491   631  1126 I am_proc_bound: [0,1171,android.process.acore]
11-14 19:40:13.501   631  1185 I dvm_lock_sample: [system_server,0,callActivityManagerForStrictMode,6,ThreadGroup.java,716,-,716,1]
11-14 19:40:13.521   631  1101 I am_create_service: [0,1107615848,.MtpService,10007,1000]
11-14 19:40:13.561   631  1101 I am_proc_start: [0,1209,1000,com.android.settings,broadcast,com.android.settings/.widget.SettingsAppWidgetProvider]
11-14 19:40:13.601   631   872 I notification_cancel_all: [com.android.providers.downloads,0,0,64]
11-14 19:40:13.601   631   897 I netstats_mobile_sample: [0,0,0,0,0,0,0,0,0,0,0,0,-1]
11-14 19:40:13.601   631   897 I netstats_wifi_sample: [0,0,0,0,0,0,0,0,0,0,0,0,-1]
11-14 19:40:13.601   631   672 I am_proc_bound: [0,1209,com.android.settings]
11-14 19:40:13.661   631  1142 I am_proc_start: [0,1246,10062,com.android.smspush,service,com.android.smspush/.WapPushManager]
11-14 19:40:13.721   631  1101 I am_destroy_service: [0,1109332488,1000]
11-14 19:40:13.721   631   669 I am_proc_bound: [0,1246,com.android.smspush]
11-14 19:40:13.731   631   669 I am_create_service: [0,1104996384,.WapPushManager,10062,1246]
11-14 19:40:13.821   631   672 I am_create_service: [0,1108460768,.TelephonyDebugService,1001,1037]
11-14 19:40:13.831   631  1101 I am_create_service: [0,1109728456,.BluetoothPhoneService,1001,1037]
11-14 19:40:13.951  1037  1037 I cdma_service_state_change: [1,1,3,3]
11-14 19:40:14.251   631   631 I notification_cancel: [com.android.phone,5,NULL,0,0,64]
11-14 19:40:14.251   631   631 I notification_cancel: [com.android.phone,6,NULL,0,0,64]
11-14 19:40:14.371  1089  1089 I am_on_resume_called: [0,org.cyanogenmod.trebuchet.CustomHomeLauncher]
11-14 19:40:14.521   631   631 I notification_cancel: [com.android.phone,7,NULL,0,0,64]
11-14 19:40:14.521   631   631 I notification_cancel: [com.android.phone,7,NULL,0,0,64]
11-14 19:40:14.521   631   631 I notification_cancel: [com.android.phone,7,NULL,0,0,64]
11-14 19:40:14.521   631   631 I notification_cancel: [com.android.phone,7,NULL,0,0,64]
11-14 19:40:14.521   631   631 I notification_cancel: [com.android.phone,7,NULL,0,0,64]
11-14 19:40:14.531   631   631 I notification_cancel: [com.android.phone,7,NULL,0,0,64]
11-14 19:40:14.531   631   631 I notification_cancel: [com.android.phone,7,NULL,0,0,64]
11-14 19:40:14.531   631   631 I notification_cancel: [com.android.phone,7,NULL,0,0,64]
11-14 19:40:14.531   631   631 I notification_cancel: [com.android.phone,7,NULL,0,0,64]
11-14 19:40:14.531   631   631 I notification_cancel: [com.android.phone,7,NULL,0,0,64]
11-14 19:40:14.531   631   631 I notification_cancel: [com.android.phone,7,NULL,0,0,64]
11-14 19:40:14.531   631   631 I notification_cancel: [com.android.phone,7,NULL,0,0,64]
11-14 19:40:14.531   631   631 I notification_cancel: [com.android.phone,7,NULL,0,0,64]
11-14 19:40:14.531   631   631 I notification_cancel: [com.android.phone,7,NULL,0,0,64]
11-14 19:40:14.531   631   631 I notification_cancel: [com.android.phone,7,NULL,0,0,64]
11-14 19:40:14.531   631   631 I notification_cancel: [com.android.phone,7,NULL,0,0,64]
11-14 19:40:14.531   631   631 I notification_cancel: [com.android.phone,7,NULL,0,0,64]
11-14 19:40:14.541   631   631 I notification_cancel: [com.android.phone,7,NULL,0,0,64]
11-14 19:40:14.541   631   631 I notification_cancel: [com.android.phone,7,NULL,0,0,64]
11-14 19:40:14.541   631   631 I notification_cancel: [com.android.phone,7,NULL,0,0,64]
11-14 19:40:14.541   631   631 I notification_cancel: [com.android.phone,7,NULL,0,0,64]
11-14 19:40:14.541   631   631 I notification_cancel: [com.android.phone,7,NULL,0,0,64]
11-14 19:40:14.541   631   631 I notification_cancel: [com.android.phone,7,NULL,0,0,64]
11-14 19:40:14.541   631   631 I notification_cancel: [com.android.phone,7,NULL,0,0,64]
11-14 19:40:14.541   631   631 I notification_cancel: [com.android.phone,7,NULL,0,0,64]
11-14 19:40:14.541   631   631 I notification_cancel: [com.android.phone,7,NULL,0,0,64]
11-14 19:40:14.541   631   631 I notification_cancel: [com.android.phone,7,NULL,0,0,64]
11-14 19:40:14.541   631   631 I notification_cancel: [com.android.phone,7,NULL,0,0,64]
11-14 19:40:14.541   631   631 I notification_cancel: [com.android.phone,7,NULL,0,0,64]
11-14 19:40:14.541   631   631 I notification_cancel: [com.android.phone,7,NULL,0,0,64]
11-14 19:40:14.541   631   631 I notification_cancel: [com.android.phone,7,NULL,0,0,64]
11-14 19:40:14.541   631   631 I notification_cancel: [com.android.phone,7,NULL,0,0,64]
11-14 19:40:14.551   631   631 I notification_cancel: [com.android.phone,7,NULL,0,0,64]
11-14 19:40:14.551   631   631 I notification_cancel: [com.android.phone,7,NULL,0,0,64]
11-14 19:40:14.551   631   631 I notification_cancel: [com.android.phone,7,NULL,0,0,64]
11-14 19:40:14.551   631   631 I notification_cancel: [com.android.phone,7,NULL,0,0,64]
11-14 19:40:14.551   631   631 I notification_cancel: [com.android.phone,7,NULL,0,0,64]
11-14 19:40:14.551   631   631 I notification_cancel: [com.android.phone,7,NULL,0,0,64]
11-14 19:40:14.551   631   631 I notification_cancel: [com.android.phone,7,NULL,0,0,64]
11-14 19:40:14.551   631   631 I notification_cancel: [com.android.phone,7,NULL,0,0,64]
11-14 19:40:14.551   631   631 I notification_cancel: [com.android.phone,7,NULL,0,0,64]
11-14 19:40:14.551   631   631 I notification_cancel: [com.android.phone,7,NULL,0,0,64]
11-14 19:40:14.551   631   631 I notification_cancel: [com.android.phone,7,NULL,0,0,64]
11-14 19:40:14.561   631   631 I notification_cancel: [com.android.phone,7,NULL,0,0,64]
11-14 19:40:14.561   631   631 I notification_cancel: [com.android.phone,7,NULL,0,0,64]
11-14 19:40:14.641   631   841 I am_activity_launch_time: [0,1107209264,com.cyanogenmod.trebuchet/org.cyanogenmod.trebuchet.CustomHomeLauncher,1530,1530]
11-14 19:40:14.751   631   631 I notification_cancel: [com.android.phone,7,NULL,0,0,64]
11-14 19:40:14.751   631   631 I notification_cancel: [com.android.phone,7,NULL,0,0,64]
11-14 19:40:14.751   631   631 I notification_cancel: [com.android.phone,7,NULL,0,0,64]
11-14 19:40:14.751   631   631 I notification_cancel: [com.android.phone,7,NULL,0,0,64]
11-14 19:40:14.751   631   631 I notification_cancel: [com.android.phone,7,NULL,0,0,64]
11-14 19:40:14.751   631   631 I notification_cancel: [com.android.phone,7,NULL,0,0,64]
11-14 19:40:14.751   631   631 I notification_cancel: [com.android.phone,7,NULL,0,0,64]
11-14 19:40:14.751   631   631 I notification_cancel: [com.android.phone,7,NULL,0,0,64]
11-14 19:40:14.751   631   631 I notification_cancel: [com.android.phone,7,NULL,0,0,64]
11-14 19:40:14.751   631   631 I notification_cancel: [com.android.phone,7,NULL,0,0,64]
11-14 19:40:14.751   631   631 I notification_cancel: [com.android.phone,7,NULL,0,0,64]
11-14 19:40:14.751   631   631 I notification_cancel: [com.android.phone,7,NULL,0,0,64]
11-14 19:40:14.751   631   631 I notification_cancel: [com.android.phone,7,NULL,0,0,64]
11-14 19:40:14.751   631   631 I notification_cancel: [com.android.phone,7,NULL,0,0,64]
11-14 19:40:14.751   631   631 I notification_cancel: [com.android.phone,7,NULL,0,0,64]
11-14 19:40:14.751   631   631 I notification_cancel: [com.android.phone,7,NULL,0,0,64]
11-14 19:40:14.751   631   631 I notification_cancel: [com.android.phone,7,NULL,0,0,64]
11-14 19:40:14.751   631   631 I notification_cancel: [com.android.phone,7,NULL,0,0,64]
11-14 19:40:14.751   631   631 I notification_cancel: [com.android.phone,7,NULL,0,0,64]
11-14 19:40:14.761   631   631 I notification_cancel: [com.android.phone,7,NULL,0,0,64]
11-14 19:40:14.761   631   631 I notification_cancel: [com.android.phone,7,NULL,0,0,64]
11-14 19:40:14.761   631   631 I notification_cancel: [com.android.phone,7,NULL,0,0,64]
11-14 19:40:14.761   631   631 I notification_cancel: [com.android.phone,7,NULL,0,0,64]
11-14 19:40:14.761   631   631 I notification_cancel: [com.android.phone,7,NULL,0,0,64]
11-14 19:40:14.761   631   631 I notification_cancel: [com.android.phone,7,NULL,0,0,64]
11-14 19:40:14.761   631   631 I notification_cancel: [com.android.phone,7,NULL,0,0,64]
11-14 19:40:14.761   631   631 I notification_cancel: [com.android.phone,7,NULL,0,0,64]
11-14 19:40:14.811   631  1126 I configuration_changed: 3
11-14 19:40:14.861   631  1126 I am_relaunch_resume_activity: [0,1107209264,1,com.cyanogenmod.trebuchet/org.cyanogenmod.trebuchet.CustomHomeLauncher]
11-14 19:40:14.921   631   844 I am_proc_start: [0,1390,10043,com.cyanogenmod.lockclock,broadcast,com.cyanogenmod.lockclock/.ClockWidgetProvider]
11-14 19:40:14.971   631   672 I am_proc_bound: [0,1390,com.cyanogenmod.lockclock]
11-14 19:40:14.981  1089  1089 I am_on_paused_called: [0,org.cyanogenmod.trebuchet.CustomHomeLauncher]
11-14 19:40:15.021   631  1142 I am_create_service: [0,1109459104,.ClockWidgetService,10043,1390]
11-14 19:40:15.041   178   178 I sf_frame_dur: [com.cyanogenmod.trebuchet/org.cyanogenmod.trebuchet.CustomHomeLauncher,0,1,1,1,0,0,0]
11-14 19:40:15.041   631   669 I am_proc_start: [0,1406,10010,com.android.mms,broadcast,com.android.mms/.widget.MmsWidgetProvider]
11-14 19:40:15.091   631  1126 I am_proc_bound: [0,1406,com.android.mms]
11-14 19:40:15.121   631   873 I am_destroy_service: [0,1109459104,1390]
11-14 19:40:15.231   631   631 I notification_cancel: [com.android.phone,5,NULL,0,0,64]
11-14 19:40:15.291   631  1098 I am_create_service: [0,1108568432,.TransactionService,10010,1406]
11-14 19:40:15.311   631  1142 I am_create_service: [0,1108245584,.SmsReceiverService,10010,1406]
11-14 19:40:15.401   631  1101 I am_destroy_service: [0,1108245584,1406]
11-14 19:40:15.451  1089  1089 I am_on_resume_called: [0,org.cyanogenmod.trebuchet.CustomHomeLauncher]
11-14 19:40:15.591   631   873 I boot_progress_enable_screen: 15648
11-14 19:40:16.561   631  1128 I am_create_service: [0,1109229256,.ClockWidgetService,10043,1390]
11-14 19:40:16.601   631  1098 I am_destroy_service: [0,1109229256,1390]
11-14 19:40:16.681   631   872 I am_create_service: [0,1107205608,.MmsWidgetService,10010,1406]
11-14 19:40:16.771   631   873 I am_proc_start: [0,1582,10032,com.android.deskclock,broadcast,com.android.deskclock/.AlarmInitReceiver]
11-14 19:40:16.791   631   872 I am_proc_bound: [0,1582,com.android.deskclock]
11-14 19:40:16.911   178   178 I sf_frame_dur: [BootAnimation,39,315,8,0,0,0,0]
11-14 19:40:16.931   631   672 I am_proc_start: [0,1604,10006,com.android.dialer,broadcast,com.android.dialer/.calllog.CallLogReceiver]
11-14 19:40:16.941   631  1142 I am_proc_bound: [0,1604,com.android.dialer]
11-14 19:40:17.031   631   669 I am_create_service: [0,1104615504,.CallLogNotificationsService,10006,1604]
11-14 19:40:17.041   631  1098 I am_create_service: [0,1107016992,.ClockWidgetService,10043,1390]
11-14 19:40:17.051   631  1109 I am_destroy_service: [0,1104615504,1604]
11-14 19:40:17.051   631   631 I notification_cancel: [com.android.dialer,1,DefaultVoicemailNotifier,0,0,64]
11-14 19:40:17.061   631  1142 I am_create_service: [0,1108201440,.HeadsetService,10031,1042]
11-14 19:40:17.081   631   631 I am_proc_start: [0,1630,10001,com.cyanogenmod.account,broadcast,com.cyanogenmod.account/.receiver.BootReceiver]
11-14 19:40:17.111   631   672 I am_proc_bound: [0,1630,com.cyanogenmod.account]
11-14 19:40:17.141   631   872 I am_destroy_service: [0,1107016992,1390]
11-14 19:40:17.201   631  1098 I am_create_service: [0,1109649240,.ECDHKeyService,10001,1630]
11-14 19:40:17.221   631   672 I am_proc_start: [0,1663,10002,com.cyanogenmod.updater,broadcast,com.cyanogenmod.updater/.receiver.UpdateCheckReceiver]
11-14 19:40:17.221   631  1142 I am_destroy_service: [0,1109649240,1630]
11-14 19:40:17.241   631  1128 I am_proc_bound: [0,1663,com.cyanogenmod.updater]
11-14 19:40:17.291   631  1101 I am_proc_start: [0,1691,10003,com.android.providers.calendar,broadcast,com.android.providers.calendar/.CalendarReceiver]
11-14 19:40:17.311   631  1142 I am_proc_bound: [0,1691,com.android.providers.calendar]
11-14 19:40:17.371   631  1128 I am_create_service: [0,1108675080,.EmptyService,10003,1691]
11-14 19:40:17.371   631   672 I am_create_service: [0,1109477272,.DownloadService,10007,1000]
11-14 19:40:17.381   631   872 I notification_cancel_all: [com.android.providers.downloads,0,0,64]
11-14 19:40:17.381   631  1128 I am_create_service: [0,1107236968,.MediaScannerService,10007,1000]
11-14 19:40:17.381   631  1142 I am_destroy_service: [0,1109477272,1000]
11-14 19:40:17.491   631   672 I am_create_service: [0,1109707552,.SmsReceiverService,10010,1406]
11-14 19:40:17.501   631  1109 I am_proc_start: [0,1721,10011,com.android.onetimeinitializer,broadcast,com.android.onetimeinitializer/.OneTimeInitializerReceiver]
11-14 19:40:17.511   631   631 I notification_cancel: [com.android.mms,123,NULL,0,0,64]
11-14 19:40:17.531   631  1128 I am_proc_bound: [0,1721,com.android.onetimeinitializer]
11-14 19:40:17.551   631   631 I notification_cancel: [com.android.mms,123,NULL,0,0,64]
11-14 19:40:17.551   631  1098 I am_create_service: [0,1109140976,.OneTimeInitializerService,10011,1721]
11-14 19:40:17.561   631   872 I am_destroy_service: [0,1109707552,1406]
11-14 19:40:17.561   631  1109 I am_destroy_service: [0,1109140976,1721]
11-14 19:40:17.681   631   672 I am_proc_start: [0,1737,10017,com.android.voicedialer,broadcast,com.android.voicedialer/.VoiceDialerReceiver]
11-14 19:40:17.711   631   873 I am_proc_bound: [0,1737,com.android.voicedialer]
11-14 19:40:17.731   631   872 I am_proc_start: [0,1754,2000,org.cyanogenmod.bugreport,broadcast,org.cyanogenmod.bugreport/.PackageChangeReceiver]
11-14 19:40:17.751   631  1098 I am_proc_bound: [0,1754,org.cyanogenmod.bugreport]
11-14 19:40:17.781   631  1098 I am_proc_start: [0,1771,10027,com.android.calendar,broadcast,com.android.calendar/.alerts.AlertReceiver]
11-14 19:40:17.801   631   873 I am_proc_bound: [0,1771,com.android.calendar]
11-14 19:40:17.871   631   672 I am_create_service: [0,1109081360,.AlertService,10027,1771]
11-14 19:40:17.881   631   872 I am_destroy_service: [0,1107236968,1000]
11-14 19:40:17.891   631   872 I am_proc_start: [0,1799,10029,com.android.cellbroadcastreceiver,broadcast,com.android.cellbroadcastreceiver/.CellBroadcastReceiver]
11-14 19:40:17.891   631   669 I am_create_service: [0,1108899880,.InitAlarmsService,10027,1771]
11-14 19:40:17.911   631  1098 I am_proc_bound: [0,1799,com.android.cellbroadcastreceiver]
11-14 19:40:17.911   631   672 I am_destroy_service: [0,1109081360,1771]
11-14 19:40:17.961   631  1126 I am_proc_start: [0,1820,10034,com.android.email,broadcast,com.android.email/.service.EmailBroadcastReceiver]
11-14 19:40:17.981   631  1142 I am_proc_bound: [0,1820,com.android.email]
11-14 19:40:18.081   631  1101 I am_create_service: [0,1107638824,.EmailBroadcastProcessorService,10034,1820]
11-14 19:40:18.221   631   672 I am_destroy_service: [0,1107638824,1820]
11-14 19:40:18.231   631   672 I am_proc_start: [0,1844,10035,com.android.exchange,service,com.android.exchange/.service.EmailSyncAdapterService]
11-14 19:40:18.261   631  1142 I am_proc_bound: [0,1844,com.android.exchange]
11-14 19:40:18.261   631  1142 I am_create_service: [0,1108304440,.EmailSyncAdapterService,10035,1844]
11-14 19:40:18.321   631  1128 I am_destroy_service: [0,1108304440,1844]
11-14 19:40:18.331   631  1128 I am_proc_start: [0,1858,10037,com.android.gallery3d,broadcast,com.android.gallery3d/org.codeaurora.gallery3d.video.DmReceiver]
11-14 19:40:18.351   631   669 I am_proc_bound: [0,1858,com.android.gallery3d]
11-14 19:40:18.381   631  1128 I am_destroy_service: [0,1108675080,1691]
11-14 19:40:18.431   631   879 I am_create_service: [0,1108003832,.WeatherUpdateService,10043,1390]
11-14 19:40:18.441   631  1142 I am_proc_start: [0,1873,1000,com.lge.SprintHiddenMenu,broadcast,com.lge.SprintHiddenMenu/.sprintspec.data.UaproflieSettingReceiver]
11-14 19:40:18.441   631  1128 I am_destroy_service: [0,1108003832,1390]
11-14 19:40:18.461   631  1098 I am_proc_bound: [0,1873,com.lge.SprintHiddenMenu]
11-14 19:40:18.501   631  1142 I am_create_service: [0,1107443712,.StkAppService,1001,1037]
11-14 19:40:18.511   631  1128 I am_proc_start: [0,1888,10061,org.cyanogenmod.voiceplus,broadcast,org.cyanogenmod.voiceplus/.PackageChangeReceiver]
11-14 19:40:18.521   631   669 I am_proc_bound: [0,1888,org.cyanogenmod.voiceplus]
11-14 19:40:18.561   631   872 I am_proc_start: [0,1901,10063,org.whispersystems.whisperpush,broadcast,org.whispersystems.whisperpush/.service.DirectoryRefreshListener]
11-14 19:40:18.561   631   872 I am_kill : [0,1171,android.process.acore,15,empty #17]
11-14 19:40:18.571   631   672 I am_proc_died: [0,1171,android.process.acore]
11-14 19:40:18.581   631  1101 I am_proc_bound: [0,1901,org.whispersystems.whisperpush]
11-14 19:40:18.641   631  1109 I am_destroy_service: [0,1109581288,1119]
11-14 19:40:18.641   631   873 I am_kill : [0,1582,com.android.deskclock,15,empty #17]
11-14 19:40:18.651   631  1101 I am_proc_start: [0,1917,1001,com.qualcomm.qcrilmsgtunnel,broadcast,com.qualcomm.qcrilmsgtunnel/.QcrilMsgTunnelAutoboot]
11-14 19:40:18.651   631  1101 I am_kill : [0,1604,com.android.dialer,15,empty #17]
11-14 19:40:18.651   631   872 I am_proc_died: [0,1582,com.android.deskclock]
11-14 19:40:18.661   631   873 I am_proc_died: [0,1604,com.android.dialer]
11-14 19:40:18.671   631  1126 I am_proc_bound: [0,1917,com.qualcomm.qcrilmsgtunnel]
11-14 19:40:18.691   631   669 I am_create_service: [0,1106963992,.QcrilMsgTunnelService,1001,1917]
11-14 19:40:18.691   631   672 I am_create_service: [0,1104240560,.ClockWidgetService,10043,1390]
11-14 19:40:18.711   631  1101 I am_destroy_service: [0,1104240560,1390]
11-14 19:40:18.711   631   873 I am_create_service: [0,1107076672,.ClockWidgetService,10043,1390]
11-14 19:40:18.721   631  1109 I am_destroy_service: [0,1107076672,1390]
11-14 19:40:18.731   631  1109 I am_proc_start: [0,1934,10032,com.android.deskclock,broadcast,com.android.deskclock/com.android.alarmclock.DigitalAppWidgetProvider]
11-14 19:40:18.751   631  1098 I am_proc_bound: [0,1934,com.android.deskclock]
11-14 19:40:18.781   631  1098 I am_create_service: [0,1104951856,.ClockWidgetService,10043,1390]
11-14 19:40:18.791   631  1126 I am_destroy_service: [0,1104951856,1390]
11-14 19:40:18.791   631  1142 I am_kill : [0,1630,com.cyanogenmod.account,15,empty #17]
11-14 19:40:18.791   631   879 I am_create_service: [0,1109367792,.WeatherUpdateService,10043,1390]
11-14 19:40:18.791   631  1098 I am_create_service: [0,1107311384,.ClockWidgetService,10043,1390]
11-14 19:40:18.801   631   872 I am_destroy_service: [0,1109367792,1390]
11-14 19:40:18.801   631  1101 I am_proc_died: [0,1630,com.cyanogenmod.account]
11-14 19:40:18.811   631  1128 I am_destroy_service: [0,1107311384,1390]
11-14 19:40:18.821   631  1101 I am_create_service: [0,1109478144,.ClockWidgetService,10043,1390]
11-14 19:40:18.831   631  1109 I am_destroy_service: [0,1109478144,1390]
11-14 19:40:18.841   631  1109 I am_proc_start: [0,1950,10001,com.cyanogenmod.account,broadcast,com.cyanogenmod.account/.CMAccount$CMAccountAdminReceiver]
11-14 19:40:18.861   631  1128 I am_proc_bound: [0,1950,com.cyanogenmod.account]
11-14 19:40:18.911   631  1101 I am_create_service: [0,1108976432,.ECDHKeyService,10001,1950]
11-14 19:40:18.911   631   872 I am_destroy_service: [0,1108976432,1950]
11-14 19:40:18.921   631  1109 I am_kill : [0,1663,com.cyanogenmod.updater,15,empty #17]
11-14 19:40:18.921   631  1126 I am_create_service: [0,1104517112,.AlertService,10027,1771]
11-14 19:40:18.931   631   872 I am_proc_died: [0,1663,com.cyanogenmod.updater]
11-14 19:40:20.001  1037  1037 I gsm_service_state_change: [1,1,0,0]
11-14 19:40:20.001  1037  1037 I gsm_rat_switched_new: [-1,0,14]
11-14 19:40:20.021   631   910 I backup_data_changed: com.android.providers.settings
11-14 19:40:20.141   631   902 I connectivity_state_changed: [0,13,2]
11-14 19:40:20.271   631   902 I connectivity_state_changed: [0,13,8]
11-14 19:40:20.281   631   631 I notification_cancel: [com.android.phone,7,NULL,0,0,64]
11-14 19:40:20.281   631   631 I notification_cancel: [com.android.phone,7,NULL,0,0,64]
11-14 19:40:20.281   631   631 I notification_cancel: [com.android.phone,7,NULL,0,0,64]
11-14 19:40:20.281   631   631 I notification_cancel: [com.android.phone,7,NULL,0,0,64]
11-14 19:40:20.281   631   631 I notification_cancel: [com.android.phone,7,NULL,0,0,64]
11-14 19:40:20.281   631   631 I notification_cancel: [com.android.phone,7,NULL,0,0,64]
11-14 19:40:20.281   631   631 I notification_cancel: [com.android.phone,7,NULL,0,0,64]
11-14 19:40:20.281   631   631 I notification_cancel: [com.android.phone,7,NULL,0,0,64]
11-14 19:40:20.281   631   631 I notification_cancel: [com.android.phone,7,NULL,0,0,64]
11-14 19:40:20.281   631   631 I notification_cancel: [com.android.phone,7,NULL,0,0,64]
11-14 19:40:20.281   631   631 I notification_cancel: [com.android.phone,7,NULL,0,0,64]
11-14 19:40:20.281   631   631 I notification_cancel: [com.android.phone,7,NULL,0,0,64]
11-14 19:40:20.281   631   631 I notification_cancel: [com.android.phone,7,NULL,0,0,64]
11-14 19:40:20.281   631   631 I notification_cancel: [com.android.phone,7,NULL,0,0,64]
11-14 19:40:20.281   631   897 I netstats_mobile_sample: [0,0,0,0,0,0,0,0,0,0,0,0,-1]
11-14 19:40:20.281   631   631 I notification_cancel: [com.android.phone,7,NULL,0,0,64]
11-14 19:40:20.281   631   897 I netstats_wifi_sample: [0,0,0,0,0,0,0,0,0,0,0,0,-1]
11-14 19:40:20.281   631   631 I notification_cancel: [com.android.phone,7,NULL,0,0,64]
11-14 19:40:20.281   631   631 I notification_cancel: [com.android.phone,7,NULL,0,0,64]
11-14 19:40:20.281   631   631 I notification_cancel: [com.android.phone,7,NULL,0,0,64]
11-14 19:40:20.281   631   631 I notification_cancel: [com.android.phone,7,NULL,0,0,64]
11-14 19:40:20.281   631   631 I notification_cancel: [com.android.phone,7,NULL,0,0,64]
11-14 19:40:20.281   631   631 I notification_cancel: [com.android.phone,7,NULL,0,0,64]
11-14 19:40:20.281   631   631 I notification_cancel: [com.android.phone,7,NULL,0,0,64]
11-14 19:40:20.281   631   631 I notification_cancel: [com.android.phone,7,NULL,0,0,64]
11-14 19:40:20.291   631   631 I notification_cancel: [com.android.phone,7,NULL,0,0,64]
11-14 19:40:20.291   631   631 I notification_cancel: [com.android.phone,7,NULL,0,0,64]
11-14 19:40:20.291   631   631 I notification_cancel: [com.android.phone,7,NULL,0,0,64]
11-14 19:40:20.291   631   631 I notification_cancel: [com.android.phone,7,NULL,0,0,64]
11-14 19:40:20.291   631   631 I notification_cancel: [com.android.phone,7,NULL,0,0,64]
11-14 19:40:20.291   631   631 I notification_cancel: [com.android.phone,7,NULL,0,0,64]
11-14 19:40:20.291   631   631 I notification_cancel: [com.android.phone,7,NULL,0,0,64]
11-14 19:40:20.291   631   631 I notification_cancel: [com.android.phone,7,NULL,0,0,64]
11-14 19:40:20.291   631   631 I notification_cancel: [com.android.phone,7,NULL,0,0,64]
11-14 19:40:20.291   631   631 I notification_cancel: [com.android.phone,7,NULL,0,0,64]
11-14 19:40:20.291   631   631 I notification_cancel: [com.android.phone,7,NULL,0,0,64]
11-14 19:40:20.291   631   631 I notification_cancel: [com.android.phone,7,NULL,0,0,64]
11-14 19:40:20.291  1037  1037 I gsm_service_state_change: [0,0,0,1]
11-14 19:40:20.291   631  1126 I wm_stack_created: [1,0,6,100]
11-14 19:40:20.301   631  1126 I am_create_task: [0,2]
11-14 19:40:20.301   631  1126 I am_create_activity: [0,1106130328,2,com.android.stk/.StkDialogActivity,NULL,NULL,NULL,1954840576]
11-14 19:40:20.301   631  1126 I wm_task_created: [2,1]
11-14 19:40:20.301   631  1126 I wm_task_moved: [2,1,1]
11-14 19:40:20.301   631  1126 I wm_home_stack_moved: 0
11-14 19:40:20.601   631  1126 I am_pause_activity: [0,1107209264,com.cyanogenmod.trebuchet/org.cyanogenmod.trebuchet.CustomHomeLauncher]
11-14 19:40:20.601  1089  1089 I am_on_paused_called: [0,org.cyanogenmod.trebuchet.CustomHomeLauncher]
11-14 19:40:20.601   631  1128 I dvm_lock_sample: [system_server,0,Binder_9,306,ActivityManagerService.java,13006,ActivityStackSupervisor.java,672,61]
11-14 19:40:20.601   631   872 I dvm_lock_sample: [system_server,1,Binder_3,305,ActivityManagerService.java,13901,ActivityStackSupervisor.java,672,61]
11-14 19:40:20.601   631   669 I am_restart_activity: [0,1106130328,2,com.android.stk/.StkDialogActivity]
11-14 19:40:20.611   631   631 I notification_cancel: [com.android.phone,7,NULL,0,0,64]
11-14 19:40:20.611   631   631 I notification_cancel: [com.android.phone,7,NULL,0,0,64]
11-14 19:40:20.611   631   631 I notification_cancel: [com.android.phone,7,NULL,0,0,64]
11-14 19:40:20.611   631   631 I notification_cancel: [com.android.phone,7,NULL,0,0,64]
11-14 19:40:20.611   631   631 I notification_cancel: [com.android.phone,7,NULL,0,0,64]
11-14 19:40:20.611   631   631 I notification_cancel: [com.android.phone,7,NULL,0,0,64]
11-14 19:40:20.611   631   631 I notification_cancel: [com.android.phone,7,NULL,0,0,64]
11-14 19:40:20.611   631   631 I notification_cancel: [com.android.phone,7,NULL,0,0,64]
11-14 19:40:20.611   631   631 I notification_cancel: [com.android.phone,7,NULL,0,0,64]
11-14 19:40:20.671  1037  1037 I am_on_resume_called: [0,com.android.stk.StkDialogActivity]
11-14 19:40:20.741   631   631 I notification_cancel: [com.android.phone,7,NULL,0,0,64]
11-14 19:40:20.791   631   631 I notification_cancel: [com.android.phone,7,NULL,0,0,64]
11-14 19:40:20.801   631   631 I notification_cancel: [com.android.phone,7,NULL,0,0,64]
11-14 19:40:20.801   631   631 I notification_cancel: [com.android.phone,7,NULL,0,0,64]
11-14 19:40:20.801   631   841 I am_activity_launch_time: [0,1106130328,com.android.stk/.StkDialogActivity,195,195]
11-14 19:40:20.801   631   631 I notification_cancel: [com.android.phone,7,NULL,0,0,64]
11-14 19:40:20.801   631   631 I notification_cancel: [com.android.phone,7,NULL,0,0,64]
11-14 19:40:20.801   631   631 I notification_cancel: [com.android.phone,7,NULL,0,0,64]
11-14 19:40:20.801   631   631 I notification_cancel: [com.android.phone,7,NULL,0,0,64]
11-14 19:40:20.801   631   631 I notification_cancel: [com.android.phone,7,NULL,0,0,64]
11-14 19:40:20.801   631   631 I notification_cancel: [com.android.phone,7,NULL,0,0,64]
11-14 19:40:20.801   631   631 I notification_cancel: [com.android.phone,7,NULL,0,0,64]
11-14 19:40:20.821  1037  1037 I gsm_service_state_change: [0,1,0,0]
11-14 19:40:20.851   631   902 I connectivity_state_changed: [0,13,2]
11-14 19:40:20.891   631   631 I notification_cancel: [com.android.phone,7,NULL,0,0,64]
11-14 19:40:20.891   631   631 I notification_cancel: [com.android.phone,7,NULL,0,0,64]
11-14 19:40:20.891   631   631 I notification_cancel: [com.android.phone,7,NULL,0,0,64]
11-14 19:40:20.891   631   631 I notification_cancel: [com.android.phone,7,NULL,0,0,64]
11-14 19:40:20.891   631   631 I notification_cancel: [com.android.phone,7,NULL,0,0,64]
11-14 19:40:20.891   631   631 I notification_cancel: [com.android.phone,7,NULL,0,0,64]
11-14 19:40:20.891   631   631 I notification_cancel: [com.android.phone,7,NULL,0,0,64]
11-14 19:40:20.891   631   631 I notification_cancel: [com.android.phone,7,NULL,0,0,64]
11-14 19:40:20.901   631   631 I notification_cancel: [com.android.phone,7,NULL,0,0,64]
11-14 19:40:20.901   631   631 I notification_cancel: [com.android.phone,7,NULL,0,0,64]
11-14 19:40:20.901   631   631 I notification_cancel: [com.android.phone,7,NULL,0,0,64]
11-14 19:40:20.901   631   631 I notification_cancel: [com.android.phone,7,NULL,0,0,64]
11-14 19:40:20.901   631   631 I notification_cancel: [com.android.phone,7,NULL,0,0,64]
11-14 19:40:20.901   631   631 I notification_cancel: [com.android.phone,7,NULL,0,0,64]
11-14 19:40:20.901   631   631 I notification_cancel: [com.android.phone,7,NULL,0,0,64]
11-14 19:40:20.901   631   631 I notification_cancel: [com.android.phone,7,NULL,0,0,64]
11-14 19:40:20.901   631   631 I notification_cancel: [com.android.phone,7,NULL,0,0,64]
11-14 19:40:20.921   631   631 I notification_cancel: [android,5,CaptivePortal.Notification,0,0,0]
11-14 19:40:20.921   631   902 I connectivity_state_changed: [0,13,5]
11-14 19:40:20.931   631   631 I notification_cancel: [com.android.phone,7,NULL,0,0,64]
11-14 19:40:20.941   631   902 I connectivity_state_changed: [5,13,2]
11-14 19:40:20.951   631   897 I netstats_mobile_sample: [0,0,0,0,0,0,0,0,0,0,0,0,-1]
11-14 19:40:20.951   631   897 I netstats_wifi_sample: [0,0,0,0,0,0,0,0,0,0,0,0,-1]
11-14 19:40:20.961   631   631 I notification_cancel: [com.android.phone,7,NULL,0,0,64]
11-14 19:40:20.961   631   631 I notification_cancel: [com.android.phone,7,NULL,0,0,64]
11-14 19:40:20.961   631   902 I connectivity_state_changed: [5,13,5]
11-14 19:40:20.961   631   631 I notification_cancel: [com.android.phone,7,NULL,0,0,64]
11-14 19:40:20.961   631   631 I notification_cancel: [com.android.phone,7,NULL,0,0,64]
11-14 19:40:20.961   631   631 I notification_cancel: [com.android.phone,7,NULL,0,0,64]
11-14 19:40:20.961   631   631 I notification_cancel: [com.android.phone,7,NULL,0,0,64]
11-14 19:40:20.961   631   631 I notification_cancel: [com.android.phone,7,NULL,0,0,64]
11-14 19:40:20.961   631   631 I notification_cancel: [com.android.phone,7,NULL,0,0,64]
11-14 19:40:20.961   631   631 I notification_cancel: [com.android.phone,7,NULL,0,0,64]
11-14 19:40:21.021   631   897 I netstats_mobile_sample: [0,0,0,0,0,0,0,0,0,0,68,1,-1]
11-14 19:40:21.021   631   897 I netstats_wifi_sample: [0,0,0,0,0,0,0,0,0,0,0,0,-1]
11-14 19:40:21.701   631   873 I am_destroy_service: [0,1107205608,1406]
11-14 19:40:23.900   631   878 I dvm_lock_sample: [system_server,0,PowerManagerService,45,MessageQueue.java,140,-,318,9]
11-14 19:40:23.930   631  1101 I am_create_service: [0,1108660920,.ClockWidgetService,10043,1390]
11-14 19:40:23.940   631  1126 I am_proc_start: [0,2241,10056,com.qualcomm.timeservice,broadcast,com.qualcomm.timeservice/.TimeServiceBroadcastReceiver]
11-14 19:40:23.950   631  1142 I am_destroy_service: [0,1108660920,1390]
11-14 19:40:23.960   631   872 I am_proc_bound: [0,2241,com.qualcomm.timeservice]
11-14 19:40:23.970  1037  1282 I force_gc: Binder
11-14 19:40:24.000   631   873 I am_kill : [0,1691,com.android.providers.calendar,15,empty #17]
11-14 19:40:24.010   631   872 I am_proc_died: [0,1691,com.android.providers.calendar]
11-14 19:40:24.490   631  1142 I am_proc_start: [0,2270,10003,com.android.providers.calendar,content provider,com.android.providers.calendar/.CalendarProvider2]
11-14 19:40:24.530   631   669 I am_proc_bound: [0,2270,com.android.providers.calendar]
11-14 19:40:24.590   631  1126 I am_create_service: [0,1106150680,.EmptyService,10003,2270]
11-14 19:40:24.600   631   631 I notification_cancel: [com.android.calendar,0,NULL,0,0,64]
11-14 19:40:24.600   631   631 I notification_cancel: [com.android.calendar,1,NULL,0,0,64]
11-14 19:40:24.600   631   631 I notification_cancel: [com.android.calendar,2,NULL,0,0,64]
11-14 19:40:24.600   631   631 I notification_cancel: [com.android.calendar,3,NULL,0,0,64]
11-14 19:40:24.600   631   631 I notification_cancel: [com.android.calendar,4,NULL,0,0,64]
11-14 19:40:24.600   631   631 I notification_cancel: [com.android.calendar,5,NULL,0,0,64]
11-14 19:40:24.600   631   631 I notification_cancel: [com.android.calendar,6,NULL,0,0,64]
11-14 19:40:24.600   631   631 I notification_cancel: [com.android.calendar,7,NULL,0,0,64]
11-14 19:40:24.600   631   631 I notification_cancel: [com.android.calendar,8,NULL,0,0,64]
11-14 19:40:24.600   631   631 I notification_cancel: [com.android.calendar,9,NULL,0,0,64]
11-14 19:40:24.600   631   631 I notification_cancel: [com.android.calendar,10,NULL,0,0,64]
11-14 19:40:24.600   631   631 I notification_cancel: [com.android.calendar,11,NULL,0,0,64]
11-14 19:40:24.600   631   631 I notification_cancel: [com.android.calendar,12,NULL,0,0,64]
11-14 19:40:24.600   631   631 I notification_cancel: [com.android.calendar,13,NULL,0,0,64]
11-14 19:40:24.600   631   631 I notification_cancel: [com.android.calendar,14,NULL,0,0,64]
11-14 19:40:24.600   631   631 I notification_cancel: [com.android.calendar,15,NULL,0,0,64]
11-14 19:40:24.600   631   631 I notification_cancel: [com.android.calendar,16,NULL,0,0,64]
11-14 19:40:24.600   631   631 I notification_cancel: [com.android.calendar,17,NULL,0,0,64]
11-14 19:40:24.600   631   631 I notification_cancel: [com.android.calendar,18,NULL,0,0,64]
11-14 19:40:24.600   631   631 I notification_cancel: [com.android.calendar,19,NULL,0,0,64]
11-14 19:40:24.600   631   631 I notification_cancel: [com.android.calendar,20,NULL,0,0,64]
11-14 19:40:24.610   631  1128 I am_destroy_service: [0,1104517112,1771]
11-14 19:40:25.600   631   872 I am_destroy_service: [0,1106150680,2270]
11-14 19:40:25.610   631   872 I am_create_service: [0,1108199744,.CellBroadcastConfigService,10029,1799]
11-14 19:40:26.990   631  1126 I am_destroy_service: [0,1108199744,1799]
11-14 19:40:27.000   631  1128 I am_create_service: [0,1107461920,.ClockWidgetService,10043,1390]
11-14 19:40:27.040   631   669 I am_destroy_service: [0,1107461920,1390]
11-14 19:40:27.040   631   672 I am_kill : [0,1721,com.android.onetimeinitializer,15,empty #17]
11-14 19:40:27.110   631  1101 I am_proc_died: [0,1721,com.android.onetimeinitializer]
11-14 19:40:27.180   631   897 I netstats_mobile_sample: [503,4,692,10,503,4,607,10,503,4,675,11,1447501227189]
11-14 19:40:27.180   631   897 I netstats_wifi_sample: [0,0,0,0,0,0,0,0,0,0,0,0,1447501227189]
11-14 19:40:27.190   631  1126 I am_create_service: [0,1106153208,.CalendarProviderIntentService,10003,2270]
11-14 19:40:27.200   631  1101 I am_destroy_service: [0,1106153208,2270]
11-14 19:40:27.210   631  1101 I am_proc_start: [0,2341,10002,com.cyanogenmod.updater,broadcast,com.cyanogenmod.updater/.receiver.UpdateCheckReceiver]
11-14 19:40:27.230   631   672 I am_proc_bound: [0,2341,com.cyanogenmod.updater]
11-14 19:40:27.250   631  1101 I am_kill : [0,1209,com.android.settings,15,empty #17]
11-14 19:40:27.260   631   672 I am_create_service: [0,1105348624,.DownloadService,10007,1000]
11-14 19:40:27.260   631   872 I notification_cancel_all: [com.android.providers.downloads,0,0,64]
11-14 19:40:27.260   631   872 I am_proc_died: [0,1209,com.android.settings]
11-14 19:40:27.260   631   872 I am_broadcast_discard_app: [0,1108866272,android.net.conn.CONNECTIVITY_CHANGE,3,ResolveInfo{421b20e8 com.android.settings/.cmstats.ReportingServiceManager m=0x108000}]
11-14 19:40:27.270   631  1128 I am_destroy_service: [0,1105348624,1000]
11-14 19:40:27.500   631  1101 I am_create_service: [0,1106447312,.ClockWidgetService,10043,1390]
11-14 19:40:27.530   631  1126 I am_destroy_service: [0,1106447312,1390]
11-14 19:40:27.540   631   669 I am_create_service: [0,1106172600,.DownloadService,10007,1000]
11-14 19:40:27.560   631   672 I am_proc_start: [0,2374,1000,com.android.settings,broadcast,com.android.settings/.cmstats.ReportingServiceManager]
11-14 19:40:27.590   631  1126 I am_proc_bound: [0,2374,com.android.settings]
11-14 19:40:27.600   631   872 I notification_cancel_all: [com.android.providers.downloads,0,0,64]
11-14 19:40:27.620   631  1109 I am_destroy_service: [0,1106172600,1000]
11-14 19:40:27.630   631  1126 I am_create_service: [0,1105413504,.WeatherUpdateService,10043,1390]
11-14 19:40:27.640   631   872 I am_create_service: [0,1105312904,.DownloadService,10007,1000]
11-14 19:40:27.650   631  1142 I am_destroy_service: [0,1105413504,1390]
11-14 19:40:27.650   631   672 I am_kill : [0,1737,com.android.voicedialer,15,empty #17]
11-14 19:40:27.650   631  1142 I notification_cancel_all: [com.android.providers.downloads,0,0,64]
11-14 19:40:27.650   631   872 I am_create_service: [0,1104122064,.AlertService,10027,1771]
11-14 19:40:27.650   631  1126 I am_proc_died: [0,1737,com.android.voicedialer]
11-14 19:40:27.660   631  1109 I am_destroy_service: [0,1105312904,1000]
11-14 19:40:27.730   631   902 I connectivity_state_changed: [3,13,2]
11-14 19:40:27.740   631   902 I connectivity_state_changed: [3,13,5]
11-14 19:40:27.750   631   631 I notification_cancel: [com.android.phone,7,NULL,0,0,64]
11-14 19:40:27.750   631   631 I notification_cancel: [com.android.phone,7,NULL,0,0,64]
11-14 19:40:27.750   631   631 I notification_cancel: [com.android.phone,7,NULL,0,0,64]
11-14 19:40:27.750   631   631 I notification_cancel: [com.android.phone,7,NULL,0,0,64]
11-14 19:40:27.750   631   631 I notification_cancel: [com.android.phone,7,NULL,0,0,64]
11-14 19:40:27.750   631   631 I notification_cancel: [com.android.phone,7,NULL,0,0,64]
11-14 19:40:27.750   631   631 I notification_cancel: [com.android.phone,7,NULL,0,0,64]
11-14 19:40:27.750   631   631 I notification_cancel: [com.android.phone,7,NULL,0,0,64]
11-14 19:40:27.810   631   897 I netstats_mobile_sample: [503,4,760,11,503,4,667,11,503,4,735,12,1447501227780]
11-14 19:40:27.810   631   897 I netstats_wifi_sample: [0,0,0,0,0,0,0,0,0,0,0,0,1447501227780]
11-14 19:40:30.179   631   631 I dvm_lock_sample: [system_server,1,main,19,MessageQueue.java,140,-,318,3]
11-14 19:40:30.399   631   845 I dvm_lock_sample: [system_server,0,android.bg,18,UserManagerService.java,289,PackageManagerService.java,11120,3]
11-14 19:40:32.689   631   631 I notification_cancel: [com.android.calendar,0,NULL,0,0,64]
11-14 19:40:32.689   631   631 I notification_cancel: [com.android.calendar,1,NULL,0,0,64]
11-14 19:40:32.689   631   631 I notification_cancel: [com.android.calendar,2,NULL,0,0,64]
11-14 19:40:32.689   631   631 I notification_cancel: [com.android.calendar,3,NULL,0,0,64]
11-14 19:40:32.689   631   631 I notification_cancel: [com.android.calendar,4,NULL,0,0,64]
11-14 19:40:32.689   631   631 I notification_cancel: [com.android.calendar,5,NULL,0,0,64]
11-14 19:40:32.689   631   631 I notification_cancel: [com.android.calendar,6,NULL,0,0,64]
11-14 19:40:32.689   631   631 I notification_cancel: [com.android.calendar,7,NULL,0,0,64]
11-14 19:40:32.689   631   631 I notification_cancel: [com.android.calendar,8,NULL,0,0,64]
11-14 19:40:32.689   631   631 I notification_cancel: [com.android.calendar,9,NULL,0,0,64]
11-14 19:40:32.689   631   631 I notification_cancel: [com.android.calendar,10,NULL,0,0,64]
11-14 19:40:32.689   631   631 I notification_cancel: [com.android.calendar,11,NULL,0,0,64]
11-14 19:40:32.689   631   631 I notification_cancel: [com.android.calendar,12,NULL,0,0,64]
11-14 19:40:32.689   631   631 I notification_cancel: [com.android.calendar,13,NULL,0,0,64]
11-14 19:40:32.699   631   631 I notification_cancel: [com.android.calendar,14,NULL,0,0,64]
11-14 19:40:32.699   631   631 I notification_cancel: [com.android.calendar,15,NULL,0,0,64]
11-14 19:40:32.699   631   631 I notification_cancel: [com.android.calendar,16,NULL,0,0,64]
11-14 19:40:32.699   631   631 I notification_cancel: [com.android.calendar,17,NULL,0,0,64]
11-14 19:40:32.699   631   631 I notification_cancel: [com.android.calendar,18,NULL,0,0,64]
11-14 19:40:32.699   631   631 I notification_cancel: [com.android.calendar,19,NULL,0,0,64]
11-14 19:40:32.699   631   631 I notification_cancel: [com.android.calendar,20,NULL,0,0,64]
11-14 19:40:32.709   631   672 I am_destroy_service: [0,1104122064,1771]
11-14 19:40:32.709   631  1098 I am_create_service: [0,1109784376,.ClockWidgetService,10043,1390]
11-14 19:40:32.729   631   873 I am_destroy_service: [0,1109784376,1390]
11-14 19:40:32.769   631  1128 I am_proc_start: [0,2527,10004,android.process.acore,broadcast,com.android.providers.contacts/.PackageIntentReceiver]
11-14 19:40:32.789   631  1101 I am_proc_bound: [0,2527,android.process.acore]
11-14 19:40:32.839   631  1098 I am_kill : [0,1754,org.cyanogenmod.bugreport,15,empty #17]
11-14 19:40:32.849   631  1142 I am_proc_start: [0,2547,10017,com.android.voicedialer,broadcast,com.android.voicedialer/.VoiceDialerReceiver]
11-14 19:40:32.849   631   669 I am_proc_died: [0,1754,org.cyanogenmod.bugreport]
11-14 19:40:32.869   631  1109 I am_proc_bound: [0,2547,com.android.voicedialer]
11-14 19:40:32.899   631  1128 I am_proc_start: [0,2570,2000,org.cyanogenmod.bugreport,broadcast,org.cyanogenmod.bugreport/.PackageChangeReceiver]
11-14 19:40:32.899   631  1128 I am_kill : [0,1844,com.android.exchange,15,empty #17]
11-14 19:40:32.909   631  1142 I am_proc_died: [0,1844,com.android.exchange]
11-14 19:40:32.929   631   672 I am_proc_bound: [0,2570,org.cyanogenmod.bugreport]
11-14 19:40:32.939   631   872 I am_create_service: [0,1109782328,.PackagesMonitor$AsyncService,10037,1858]
11-14 19:40:32.959   631  1126 I am_destroy_service: [0,1109782328,1858]
11-14 19:40:32.959   631  1142 I am_kill : [0,1873,com.lge.SprintHiddenMenu,15,empty #17]
11-14 19:40:32.959   631   672 I am_create_service: [0,1108854928,.DownloadService,10007,1000]
11-14 19:40:32.969   631  1142 I am_proc_died: [0,1873,com.lge.SprintHiddenMenu]
11-14 19:40:32.969   631  1098 I notification_cancel_all: [com.android.providers.downloads,0,0,64]
11-14 19:40:32.969   631  1109 I am_create_service: [0,1106157832,.WeatherUpdateService,10043,1390]
11-14 19:40:32.969   631  1142 I am_destroy_service: [0,1108854928,1000]
11-14 19:40:32.979   631  1101 I am_destroy_service: [0,1106157832,1390]
11-14 19:40:36.179   631  1142 I am_finish_activity: [0,1106130328,2,com.android.stk/.StkDialogActivity,app-request]
11-14 19:40:36.179   631  1142 I wm_home_stack_moved: 1
11-14 19:40:36.179   631  1142 I wm_task_moved: [1,1,1]
11-14 19:40:36.179   631  1142 I wm_home_stack_moved: 1
11-14 19:40:36.479   631  1142 I am_pause_activity: [0,1106130328,com.android.stk/.StkDialogActivity]
11-14 19:40:36.489  1037  1037 I am_on_paused_called: [0,com.android.stk.StkDialogActivity]
11-14 19:40:36.499   631   669 I am_resume_activity: [0,1107209264,1,com.cyanogenmod.trebuchet/org.cyanogenmod.trebuchet.CustomHomeLauncher]
11-14 19:40:36.539   631   844 I am_destroy_activity: [0,1106130328,2,com.android.stk/.StkDialogActivity,finish-imm]
11-14 19:40:36.559   178   178 I sf_frame_dur: [com.android.stk/com.android.stk.StkDialogActivity,16,0,0,0,0,0,1]
11-14 19:40:36.559   631  1128 I wm_task_removed: [2,removeTask]
11-14 19:40:36.559   631  1128 I wm_stack_removed: 1
11-14 19:40:36.559   631  1128 I wm_task_removed: [2,removeAppToken: last token]
11-14 19:40:36.609  1089  1089 I am_on_resume_called: [0,org.cyanogenmod.trebuchet.CustomHomeLauncher]
11-14 19:40:44.699   631  1101 I am_destroy_service: [0,1107615848,1000]
11-14 19:40:44.699   631   669 I am_kill : [0,1901,org.whispersystems.whisperpush,15,empty #17]
11-14 19:40:44.709   631   672 I am_proc_died: [0,1901,org.whispersystems.whisperpush]
11-14 19:40:44.889   631  1126 I am_create_service: [0,1109743184,.MtpService,10007,1000]
11-14 19:40:46.319   631   889 I power_sleep_requested: 0
11-14 19:40:47.179   631   631 I power_screen_broadcast_send: 1
11-14 19:40:47.179   631   631 I power_screen_state: [1,0,0,0]
11-14 19:40:47.179   631   631 I screen_toggled: 1
11-14 19:40:47.329   631   631 I power_screen_broadcast_done: [1,149,1]
11-14 19:40:47.329   631   631 I power_screen_broadcast_send: 1
11-14 19:40:47.329   631   631 I power_screen_state: [0,2,0,0]
11-14 19:40:47.329   631   631 I screen_toggled: 0
