11-14 19:48:12.879   631  1098 I wm_home_stack_moved: 1
11-14 19:48:12.919   631  1098 I am_pause_activity: [0,1104760824,com.android.settings/.Settings]
11-14 19:48:12.929  2374  2374 I am_on_paused_called: [0,com.android.settings.Settings]
11-14 19:48:12.929   631  1142 I am_resume_activity: [0,1107209264,1,com.cyanogenmod.trebuchet/org.cyanogenmod.trebuchet.CustomHomeLauncher]
11-14 19:48:12.939  1089  1089 I am_on_resume_called: [0,org.cyanogenmod.trebuchet.CustomHomeLauncher]
11-14 19:48:13.399   631   844 I am_destroy_activity: [0,1104760824,38,com.android.settings/.Settings,finish-imm]
11-14 19:48:13.409   178   178 I sf_frame_dur: [com.android.settings/com.android.settings.Settings,4,1,0,0,0,0,1]
11-14 19:48:14.119   631  1101 I am_create_task: [0,39]
11-14 19:48:14.119   631  1101 I am_create_activity: [0,1104557808,39,com.android.settings/.Settings,android.intent.action.MAIN,NULL,NULL,270532608]
11-14 19:48:14.119   631  1101 I wm_task_created: [39,3]
11-14 19:48:14.119   631  1101 I wm_task_moved: [39,1,2]
11-14 19:48:14.119   631  1101 I wm_home_stack_moved: 0
11-14 19:48:14.169   631  1101 I am_pause_activity: [0,1107209264,com.cyanogenmod.trebuchet/org.cyanogenmod.trebuchet.CustomHomeLauncher]
11-14 19:48:14.189  1089  1089 I am_on_paused_called: [0,org.cyanogenmod.trebuchet.CustomHomeLauncher]
11-14 19:48:14.199   631  1126 I am_restart_activity: [0,1104557808,39,com.android.settings/.Settings]
11-14 19:48:14.529   178   178 I sf_frame_dur: [com.cyanogenmod.trebuchet/org.cyanogenmod.trebuchet.CustomHomeLauncher,0,0,0,0,0,0,1]
11-14 19:48:15.429   631  1101 I wm_task_removed: [38,removeTask]
11-14 19:48:15.429   631  1101 I wm_task_removed: [38,removeAppToken: last token]
11-14 19:48:15.479  2374  2374 I am_on_resume_called: [0,com.android.settings.Settings]
11-14 19:48:15.569   631   672 I am_create_service: [0,1112477304,.SearchPopulator,1000,2374]
11-14 19:48:15.619   631   841 I am_activity_launch_time: [0,1104557808,com.android.settings/.Settings,1422,1422]
11-14 19:48:15.669   631   873 I am_destroy_service: [0,1112477304,2374]
11-14 19:48:15.839   178   178 I sf_frame_dur: [Starting com.android.settings,1,0,0,0,0,0,0]
11-14 19:48:21.579   631   872 I wm_task_moved: [39,1,1]
11-14 19:48:21.579   631   872 I wm_home_stack_moved: 0
11-14 19:48:21.579   631   872 I am_create_activity: [0,1105468384,39,com.android.settings/.SubSettings,android.intent.action.MAIN,NULL,NULL,0]
11-14 19:48:21.579   631   872 I am_pause_activity: [0,1104557808,com.android.settings/.Settings]
11-14 19:48:21.599  2374  2374 I am_on_paused_called: [0,com.android.settings.Settings]
11-14 19:48:21.599   631   672 I am_restart_activity: [0,1105468384,39,com.android.settings/.SubSettings]
11-14 19:48:21.649  2374  2374 I am_on_resume_called: [0,com.android.settings.SubSettings]
11-14 19:48:21.739   631   841 I am_activity_launch_time: [0,1105468384,com.android.settings/.SubSettings,139,139]
11-14 19:48:22.069   178   178 I sf_frame_dur: [com.android.settings/com.android.settings.Settings,111,5,4,0,2,3,1]
11-14 19:48:22.349   631  1142 I am_finish_activity: [0,1105468384,39,com.android.settings/.SubSettings,app-request]
11-14 19:48:22.349   631  1142 I am_pause_activity: [0,1105468384,com.android.settings/.SubSettings]
11-14 19:48:22.359  2374  2374 I am_on_paused_called: [0,com.android.settings.SubSettings]
11-14 19:48:22.359   631  1109 I am_resume_activity: [0,1104557808,39,com.android.settings/.Settings]
11-14 19:48:22.379  2374  2374 I am_on_resume_called: [0,com.android.settings.Settings]
11-14 19:48:22.799   631   844 I am_destroy_activity: [0,1105468384,39,com.android.settings/.SubSettings,finish-imm]
11-14 19:48:22.809   178   178 I sf_frame_dur: [com.android.settings/com.android.settings.SubSettings,0,1,0,0,1,0,0]
11-14 19:48:25.089   631  1098 I am_finish_activity: [0,1104557808,39,com.android.settings/.Settings,app-request]
11-14 19:48:25.089   631  1098 I wm_home_stack_moved: 1
11-14 19:48:25.089   631  1098 I wm_task_moved: [1,1,1]
11-14 19:48:25.089   631  1098 I wm_home_stack_moved: 1
11-14 19:48:25.119   631  1098 I am_pause_activity: [0,1104557808,com.android.settings/.Settings]
11-14 19:48:25.129  2374  2374 I am_on_paused_called: [0,com.android.settings.Settings]
11-14 19:48:25.129   631   669 I am_resume_activity: [0,1107209264,1,com.cyanogenmod.trebuchet/org.cyanogenmod.trebuchet.CustomHomeLauncher]
11-14 19:48:25.149  1089  1089 I am_on_resume_called: [0,org.cyanogenmod.trebuchet.CustomHomeLauncher]
11-14 19:48:25.599   631   844 I am_destroy_activity: [0,1104557808,39,com.android.settings/.Settings,finish-imm]
11-14 19:48:25.619   178   178 I sf_frame_dur: [com.android.settings/com.android.settings.Settings,3,0,1,0,0,0,1]
11-14 19:48:26.319   631   873 I am_create_task: [0,40]
11-14 19:48:26.319   631   873 I am_create_activity: [0,1104760824,40,com.android.settings/.Settings,android.intent.action.MAIN,NULL,NULL,270532608]
11-14 19:48:26.319   631   873 I wm_task_created: [40,3]
11-14 19:48:26.319   631   873 I wm_task_moved: [40,1,2]
11-14 19:48:26.319   631   873 I wm_home_stack_moved: 0
11-14 19:48:26.369   631   873 I am_pause_activity: [0,1107209264,com.cyanogenmod.trebuchet/org.cyanogenmod.trebuchet.CustomHomeLauncher]
11-14 19:48:26.379  1089  1089 I am_on_paused_called: [0,org.cyanogenmod.trebuchet.CustomHomeLauncher]
11-14 19:48:26.389   631  1126 I am_restart_activity: [0,1104760824,40,com.android.settings/.Settings]
11-14 19:48:26.719   178   178 I sf_frame_dur: [com.cyanogenmod.trebuchet/org.cyanogenmod.trebuchet.CustomHomeLauncher,0,0,0,0,0,0,1]
11-14 19:48:27.569   631  1128 I wm_task_removed: [39,removeTask]
11-14 19:48:27.569   631  1128 I wm_task_removed: [39,removeAppToken: last token]
11-14 19:48:27.619  2374  2374 I am_on_resume_called: [0,com.android.settings.Settings]
11-14 19:48:27.719   631  1109 I am_create_service: [0,1109015000,.SearchPopulator,1000,2374]
11-14 19:48:27.779   631   841 I am_activity_launch_time: [0,1104760824,com.android.settings/.Settings,1389,1389]
11-14 19:48:27.829   631   872 I am_destroy_service: [0,1109015000,2374]
11-14 19:48:27.989   178   178 I sf_frame_dur: [Starting com.android.settings,1,0,0,0,0,0,0]
11-14 19:48:32.849  3222  3240 I dvm_lock_sample: [uiautomator,0,UiAutomatorHandlerThread,181,QueryController.java,61,-,149,36]
11-14 19:48:33.939   631  1128 I wm_task_moved: [40,1,1]
11-14 19:48:33.939   631  1128 I wm_home_stack_moved: 0
11-14 19:48:33.939   631  1128 I am_create_activity: [0,1105394488,40,com.android.settings/.SubSettings,android.intent.action.MAIN,NULL,NULL,0]
11-14 19:48:33.939   631  1128 I am_pause_activity: [0,1104760824,com.android.settings/.Settings]
11-14 19:48:33.959  2374  2374 I am_on_paused_called: [0,com.android.settings.Settings]
11-14 19:48:33.959   631   669 I am_restart_activity: [0,1105394488,40,com.android.settings/.SubSettings]
11-14 19:48:34.049  2374  2374 I am_on_resume_called: [0,com.android.settings.SubSettings]
11-14 19:48:34.139   631   841 I am_activity_launch_time: [0,1105394488,com.android.settings/.SubSettings,180,180]
11-14 19:48:34.479   178   178 I sf_frame_dur: [com.android.settings/com.android.settings.Settings,109,7,1,1,2,2,1]
11-14 19:48:34.719   631   669 I am_finish_activity: [0,1105394488,40,com.android.settings/.SubSettings,app-request]
11-14 19:48:34.719   631   669 I am_pause_activity: [0,1105394488,com.android.settings/.SubSettings]
11-14 19:48:34.719  2374  2374 I am_on_paused_called: [0,com.android.settings.SubSettings]
11-14 19:48:34.719   631  1101 I am_resume_activity: [0,1104760824,40,com.android.settings/.Settings]
11-14 19:48:34.729  2374  2374 I am_on_resume_called: [0,com.android.settings.Settings]
11-14 19:48:35.139   631   844 I am_destroy_activity: [0,1105394488,40,com.android.settings/.SubSettings,finish-imm]
11-14 19:48:35.149   178   178 I sf_frame_dur: [com.android.settings/com.android.settings.SubSettings,0,1,0,0,1,0,0]
11-14 19:48:37.829   631  1128 I am_finish_activity: [0,1104760824,40,com.android.settings/.Settings,app-request]
11-14 19:48:37.829   631  1128 I wm_home_stack_moved: 1
11-14 19:48:37.829   631  1128 I wm_task_moved: [1,1,1]
11-14 19:48:37.829   631  1128 I wm_home_stack_moved: 1
11-14 19:48:37.869   631  1128 I am_pause_activity: [0,1104760824,com.android.settings/.Settings]
11-14 19:48:37.879  2374  2374 I am_on_paused_called: [0,com.android.settings.Settings]
11-14 19:48:37.879   631  1126 I am_resume_activity: [0,1107209264,1,com.cyanogenmod.trebuchet/org.cyanogenmod.trebuchet.CustomHomeLauncher]
11-14 19:48:37.899  1089  1089 I am_on_resume_called: [0,org.cyanogenmod.trebuchet.CustomHomeLauncher]
11-14 19:48:38.369   631   844 I am_destroy_activity: [0,1104760824,40,com.android.settings/.Settings,finish-imm]
11-14 19:48:38.379   178   178 I sf_frame_dur: [com.android.settings/com.android.settings.Settings,5,1,0,0,0,0,2]
11-14 19:48:39.119   631  1142 I am_create_task: [0,41]
11-14 19:48:39.119   631  1142 I am_create_activity: [0,1104557808,41,com.android.settings/.Settings,android.intent.action.MAIN,NULL,NULL,270532608]
11-14 19:48:39.119   631  1142 I wm_task_created: [41,3]
11-14 19:48:39.119   631  1142 I wm_task_moved: [41,1,2]
11-14 19:48:39.119   631  1142 I wm_home_stack_moved: 0
11-14 19:48:39.169   631  1142 I am_pause_activity: [0,1107209264,com.cyanogenmod.trebuchet/org.cyanogenmod.trebuchet.CustomHomeLauncher]
11-14 19:48:39.179  1089  1089 I am_on_paused_called: [0,org.cyanogenmod.trebuchet.CustomHomeLauncher]
11-14 19:48:39.179   631  1098 I am_restart_activity: [0,1104557808,41,com.android.settings/.Settings]
11-14 19:48:39.529   178   178 I sf_frame_dur: [com.cyanogenmod.trebuchet/org.cyanogenmod.trebuchet.CustomHomeLauncher,0,0,0,0,0,0,1]
11-14 19:48:40.439   631   669 I wm_task_removed: [40,removeTask]
11-14 19:48:40.439   631   669 I wm_task_removed: [40,removeAppToken: last token]
11-14 19:48:40.489  2374  2374 I am_on_resume_called: [0,com.android.settings.Settings]
11-14 19:48:40.599   631  1142 I am_create_service: [0,1109747552,.SearchPopulator,1000,2374]
11-14 19:48:40.659   631   841 I am_activity_launch_time: [0,1104557808,com.android.settings/.Settings,1478,1478]
11-14 19:48:40.699   631   873 I am_destroy_service: [0,1109747552,2374]
11-14 19:48:40.869   178   178 I sf_frame_dur: [Starting com.android.settings,1,0,0,0,0,0,0]
11-14 19:48:46.679   631  1142 I wm_task_moved: [41,1,1]
11-14 19:48:46.679   631  1142 I wm_home_stack_moved: 0
11-14 19:48:46.679   631  1142 I am_create_activity: [0,1105468384,41,com.android.settings/.SubSettings,android.intent.action.MAIN,NULL,NULL,0]
11-14 19:48:46.679   631  1142 I am_pause_activity: [0,1104557808,com.android.settings/.Settings]
11-14 19:48:46.699  2374  2374 I am_on_paused_called: [0,com.android.settings.Settings]
11-14 19:48:46.699   631  1101 I am_restart_activity: [0,1105468384,41,com.android.settings/.SubSettings]
11-14 19:48:46.749  2374  2374 I am_on_resume_called: [0,com.android.settings.SubSettings]
11-14 19:48:46.819   631   841 I am_activity_launch_time: [0,1105468384,com.android.settings/.SubSettings,119,119]
11-14 19:48:47.159   178   178 I sf_frame_dur: [com.android.settings/com.android.settings.Settings,104,7,5,1,1,3,1]
11-14 19:48:47.409   631  1109 I am_finish_activity: [0,1105468384,41,com.android.settings/.SubSettings,app-request]
11-14 19:48:47.409   631  1109 I am_pause_activity: [0,1105468384,com.android.settings/.SubSettings]
11-14 19:48:47.409  2374  2374 I am_on_paused_called: [0,com.android.settings.SubSettings]
11-14 19:48:47.409   631   672 I am_resume_activity: [0,1104557808,41,com.android.settings/.Settings]
11-14 19:48:47.419  2374  2374 I am_on_resume_called: [0,com.android.settings.Settings]
11-14 19:48:47.829   631   844 I am_destroy_activity: [0,1105468384,41,com.android.settings/.SubSettings,finish-imm]
11-14 19:48:47.839   178   178 I sf_frame_dur: [com.android.settings/com.android.settings.SubSettings,2,0,0,0,0,0,0]
11-14 19:48:50.319   631   873 I am_finish_activity: [0,1104557808,41,com.android.settings/.Settings,app-request]
11-14 19:48:50.319   631   873 I wm_home_stack_moved: 1
11-14 19:48:50.319   631   873 I wm_task_moved: [1,1,1]
11-14 19:48:50.319   631   873 I wm_home_stack_moved: 1
11-14 19:48:50.359   631   873 I am_pause_activity: [0,1104557808,com.android.settings/.Settings]
11-14 19:48:50.369  2374  2374 I am_on_paused_called: [0,com.android.settings.Settings]
11-14 19:48:50.369   631   669 I am_resume_activity: [0,1107209264,1,com.cyanogenmod.trebuchet/org.cyanogenmod.trebuchet.CustomHomeLauncher]
11-14 19:48:50.389  1089  1089 I am_on_resume_called: [0,org.cyanogenmod.trebuchet.CustomHomeLauncher]
11-14 19:48:50.869   631   844 I am_destroy_activity: [0,1104557808,41,com.android.settings/.Settings,finish-imm]
11-14 19:48:50.879   178   178 I sf_frame_dur: [com.android.settings/com.android.settings.Settings,6,0,1,0,0,0,2]
11-14 19:48:51.569   631  1101 I am_create_task: [0,42]
11-14 19:48:51.569   631  1101 I am_create_activity: [0,1104760824,42,com.android.settings/.Settings,android.intent.action.MAIN,NULL,NULL,270532608]
11-14 19:48:51.569   631  1101 I wm_task_created: [42,3]
11-14 19:48:51.569   631  1101 I wm_task_moved: [42,1,2]
11-14 19:48:51.569   631  1101 I wm_home_stack_moved: 0
11-14 19:48:51.619   631  1101 I am_pause_activity: [0,1107209264,com.cyanogenmod.trebuchet/org.cyanogenmod.trebuchet.CustomHomeLauncher]
11-14 19:48:51.629  1089  1089 I am_on_paused_called: [0,org.cyanogenmod.trebuchet.CustomHomeLauncher]
11-14 19:48:51.629   631  1128 I am_restart_activity: [0,1104760824,42,com.android.settings/.Settings]
11-14 19:48:52.009   178   178 I sf_frame_dur: [com.cyanogenmod.trebuchet/org.cyanogenmod.trebuchet.CustomHomeLauncher,0,0,0,0,0,0,1]
11-14 19:48:52.679   631   872 I wm_task_removed: [41,removeTask]
11-14 19:48:52.679   631   872 I wm_task_removed: [41,removeAppToken: last token]
11-14 19:48:52.729  2374  2374 I am_on_resume_called: [0,com.android.settings.Settings]
11-14 19:48:52.829   631   669 I am_create_service: [0,1109550192,.SearchPopulator,1000,2374]
11-14 19:48:52.879   631   841 I am_activity_launch_time: [0,1104760824,com.android.settings/.Settings,1245,1245]
11-14 19:48:52.929   631   672 I am_destroy_service: [0,1109550192,2374]
11-14 19:48:53.089   178   178 I sf_frame_dur: [Starting com.android.settings,1,0,0,0,0,0,0]
11-14 19:48:57.819  3222  3240 I dvm_lock_sample: [uiautomator,0,UiAutomatorHandlerThread,146,QueryController.java,61,-,149,29]
11-14 19:48:59.509   631  1101 I wm_task_moved: [42,1,1]
11-14 19:48:59.509   631  1101 I wm_home_stack_moved: 0
11-14 19:48:59.509   631  1101 I am_create_activity: [0,1105468384,42,com.android.settings/.SubSettings,android.intent.action.MAIN,NULL,NULL,0]
11-14 19:48:59.519   631  1101 I am_pause_activity: [0,1104760824,com.android.settings/.Settings]
11-14 19:48:59.549  2374  2374 I am_on_paused_called: [0,com.android.settings.Settings]
11-14 19:48:59.559   631  1128 I am_restart_activity: [0,1105468384,42,com.android.settings/.SubSettings]
11-14 19:48:59.619  2374  2374 I am_on_resume_called: [0,com.android.settings.SubSettings]
11-14 19:48:59.679   631   841 I am_activity_launch_time: [0,1105468384,com.android.settings/.SubSettings,123,123]
11-14 19:49:00.019   178   178 I sf_frame_dur: [com.android.settings/com.android.settings.Settings,106,11,2,1,2,1,2]
11-14 19:49:00.269   631  1101 I am_finish_activity: [0,1105468384,42,com.android.settings/.SubSettings,app-request]
11-14 19:49:00.269   631  1101 I am_pause_activity: [0,1105468384,com.android.settings/.SubSettings]
11-14 19:49:00.269  2374  2374 I am_on_paused_called: [0,com.android.settings.SubSettings]
11-14 19:49:00.269   631   672 I am_resume_activity: [0,1104760824,42,com.android.settings/.Settings]
11-14 19:49:00.279  2374  2374 I am_on_resume_called: [0,com.android.settings.Settings]
11-14 19:49:00.709   631   844 I am_destroy_activity: [0,1105468384,42,com.android.settings/.SubSettings,finish-imm]
11-14 19:49:00.719   178   178 I sf_frame_dur: [com.android.settings/com.android.settings.SubSettings,1,0,0,0,1,0,0]
11-14 19:49:02.399   631  1109 I am_finish_activity: [0,1104760824,42,com.android.settings/.Settings,app-request]
11-14 19:49:02.399   631  1109 I wm_home_stack_moved: 1
11-14 19:49:02.399   631  1109 I wm_task_moved: [1,1,1]
11-14 19:49:02.399   631  1109 I wm_home_stack_moved: 1
11-14 19:49:02.439   631  1109 I am_pause_activity: [0,1104760824,com.android.settings/.Settings]
11-14 19:49:02.449  2374  2374 I am_on_paused_called: [0,com.android.settings.Settings]
11-14 19:49:02.449   631  1142 I am_resume_activity: [0,1107209264,1,com.cyanogenmod.trebuchet/org.cyanogenmod.trebuchet.CustomHomeLauncher]
11-14 19:49:02.469  1089  1089 I am_on_resume_called: [0,org.cyanogenmod.trebuchet.CustomHomeLauncher]
11-14 19:49:02.929   631   844 I am_destroy_activity: [0,1104760824,42,com.android.settings/.Settings,finish-imm]
11-14 19:49:02.939   178   178 I sf_frame_dur: [com.android.settings/com.android.settings.Settings,5,1,0,0,0,0,1]
11-14 19:49:03.649   631   873 I am_create_task: [0,43]
11-14 19:49:03.649   631   873 I am_create_activity: [0,1104557808,43,com.android.settings/.Settings,android.intent.action.MAIN,NULL,NULL,270532608]
11-14 19:49:03.649   631   873 I wm_task_created: [43,3]
11-14 19:49:03.649   631   873 I wm_task_moved: [43,1,2]
11-14 19:49:03.649   631   873 I wm_home_stack_moved: 0
11-14 19:49:03.689   631   873 I am_pause_activity: [0,1107209264,com.cyanogenmod.trebuchet/org.cyanogenmod.trebuchet.CustomHomeLauncher]
11-14 19:49:03.699  1089  1089 I am_on_paused_called: [0,org.cyanogenmod.trebuchet.CustomHomeLauncher]
11-14 19:49:03.699   631  1126 I am_restart_activity: [0,1104557808,43,com.android.settings/.Settings]
11-14 19:49:04.049   178   178 I sf_frame_dur: [com.cyanogenmod.trebuchet/org.cyanogenmod.trebuchet.CustomHomeLauncher,0,0,0,0,0,0,1]
11-14 19:49:04.949   631   872 I wm_task_removed: [42,removeTask]
11-14 19:49:04.949   631   872 I wm_task_removed: [42,removeAppToken: last token]
11-14 19:49:04.999  2374  2374 I am_on_resume_called: [0,com.android.settings.Settings]
11-14 19:49:05.089   631  1142 I am_create_service: [0,1112477304,.SearchPopulator,1000,2374]
11-14 19:49:05.149   631   841 I am_activity_launch_time: [0,1104557808,com.android.settings/.Settings,1453,1453]
11-14 19:49:05.179   631  1109 I am_destroy_service: [0,1112477304,2374]
11-14 19:49:05.369   178   178 I sf_frame_dur: [Starting com.android.settings,1,0,0,0,0,0,0]
11-14 19:49:11.219   631  1098 I wm_task_moved: [43,1,1]
11-14 19:49:11.219   631  1098 I wm_home_stack_moved: 0
11-14 19:49:11.219   631  1098 I am_create_activity: [0,1105468384,43,com.android.settings/.SubSettings,android.intent.action.MAIN,NULL,NULL,0]
11-14 19:49:11.219   631  1098 I am_pause_activity: [0,1104557808,com.android.settings/.Settings]
11-14 19:49:11.229  2374  2374 I am_on_paused_called: [0,com.android.settings.Settings]
11-14 19:49:11.229   631   669 I am_restart_activity: [0,1105468384,43,com.android.settings/.SubSettings]
11-14 19:49:11.319  2374  2374 I am_on_resume_called: [0,com.android.settings.SubSettings]
11-14 19:49:11.409   631   841 I am_activity_launch_time: [0,1105468384,com.android.settings/.SubSettings,173,173]
11-14 19:49:11.769   178   178 I sf_frame_dur: [com.android.settings/com.android.settings.Settings,108,8,3,1,0,3,1]
11-14 19:49:11.989   631  1142 I am_finish_activity: [0,1105468384,43,com.android.settings/.SubSettings,app-request]
11-14 19:49:11.989   631  1142 I am_pause_activity: [0,1105468384,com.android.settings/.SubSettings]
11-14 19:49:11.989  2374  2374 I am_on_paused_called: [0,com.android.settings.SubSettings]
11-14 19:49:11.999   631  1109 I am_resume_activity: [0,1104557808,43,com.android.settings/.Settings]
11-14 19:49:11.999  2374  2374 I am_on_resume_called: [0,com.android.settings.Settings]
11-14 19:49:12.409   631   844 I am_destroy_activity: [0,1105468384,43,com.android.settings/.SubSettings,finish-imm]
11-14 19:49:12.419   178   178 I sf_frame_dur: [com.android.settings/com.android.settings.SubSettings,0,1,0,0,1,0,0]
11-14 19:49:14.779   631  1098 I am_finish_activity: [0,1104557808,43,com.android.settings/.Settings,app-request]
11-14 19:49:14.779   631  1098 I wm_home_stack_moved: 1
11-14 19:49:14.779   631  1098 I wm_task_moved: [1,1,1]
11-14 19:49:14.779   631  1098 I wm_home_stack_moved: 1
11-14 19:49:14.819   631  1098 I am_pause_activity: [0,1104557808,com.android.settings/.Settings]
11-14 19:49:14.839  2374  2374 I am_on_paused_called: [0,com.android.settings.Settings]
11-14 19:49:14.839   631  1126 I am_resume_activity: [0,1107209264,1,com.cyanogenmod.trebuchet/org.cyanogenmod.trebuchet.CustomHomeLauncher]
11-14 19:49:14.859  1089  1089 I am_on_resume_called: [0,org.cyanogenmod.trebuchet.CustomHomeLauncher]
11-14 19:49:15.339   631   844 I am_destroy_activity: [0,1104557808,43,com.android.settings/.Settings,finish-imm]
11-14 19:49:15.349   178   178 I sf_frame_dur: [com.android.settings/com.android.settings.Settings,6,0,0,0,0,0,1]
11-14 19:49:16.039   631   872 I am_create_task: [0,44]
11-14 19:49:16.039   631   872 I am_create_activity: [0,1104760824,44,com.android.settings/.Settings,android.intent.action.MAIN,NULL,NULL,270532608]
11-14 19:49:16.049   631   872 I wm_task_created: [44,3]
11-14 19:49:16.049   631   872 I wm_task_moved: [44,1,2]
11-14 19:49:16.049   631   872 I wm_home_stack_moved: 0
11-14 19:49:16.089   631   872 I am_pause_activity: [0,1107209264,com.cyanogenmod.trebuchet/org.cyanogenmod.trebuchet.CustomHomeLauncher]
11-14 19:49:16.099  1089  1089 I am_on_paused_called: [0,org.cyanogenmod.trebuchet.CustomHomeLauncher]
11-14 19:49:16.099   631  1128 I am_restart_activity: [0,1104760824,44,com.android.settings/.Settings]
11-14 19:49:16.489   178   178 I sf_frame_dur: [com.cyanogenmod.trebuchet/org.cyanogenmod.trebuchet.CustomHomeLauncher,0,0,0,0,0,0,1]
11-14 19:49:17.369   631   669 I wm_task_removed: [43,removeTask]
11-14 19:49:17.369   631   669 I wm_task_removed: [43,removeAppToken: last token]
11-14 19:49:17.419  2374  2374 I am_on_resume_called: [0,com.android.settings.Settings]
11-14 19:49:17.509   631   669 I am_create_service: [0,1105414536,.SearchPopulator,1000,2374]
11-14 19:49:17.559   631   841 I am_activity_launch_time: [0,1104760824,com.android.settings/.Settings,1461,1461]
11-14 19:49:17.599   631   872 I am_destroy_service: [0,1105414536,2374]
11-14 19:49:17.789   178   178 I sf_frame_dur: [Starting com.android.settings,1,0,0,0,0,0,0]
11-14 19:49:23.589   631   672 I wm_task_moved: [44,1,1]
11-14 19:49:23.589   631   672 I wm_home_stack_moved: 0
11-14 19:49:23.599   631   672 I am_create_activity: [0,1105468384,44,com.android.settings/.SubSettings,android.intent.action.MAIN,NULL,NULL,0]
11-14 19:49:23.599   631   672 I am_pause_activity: [0,1104760824,com.android.settings/.Settings]
11-14 19:49:23.639  2374  2374 I am_on_paused_called: [0,com.android.settings.Settings]
11-14 19:49:23.639   631  1128 I am_restart_activity: [0,1105468384,44,com.android.settings/.SubSettings]
11-14 19:49:23.699  2374  2374 I am_on_resume_called: [0,com.android.settings.SubSettings]
11-14 19:49:23.779   631   841 I am_activity_launch_time: [0,1105468384,com.android.settings/.SubSettings,144,144]
11-14 19:49:24.109   178   178 I sf_frame_dur: [com.android.settings/com.android.settings.Settings,100,6,3,0,2,3,1]
11-14 19:49:24.359   631  1098 I am_finish_activity: [0,1105468384,44,com.android.settings/.SubSettings,app-request]
11-14 19:49:24.359   631  1098 I am_pause_activity: [0,1105468384,com.android.settings/.SubSettings]
11-14 19:49:24.369  2374  2374 I am_on_paused_called: [0,com.android.settings.SubSettings]
11-14 19:49:24.369   631   669 I am_resume_activity: [0,1104760824,44,com.android.settings/.Settings]
11-14 19:49:24.379  2374  2374 I am_on_resume_called: [0,com.android.settings.Settings]
11-14 19:49:24.799   631   844 I am_destroy_activity: [0,1105468384,44,com.android.settings/.SubSettings,finish-imm]
11-14 19:49:24.819   178   178 I sf_frame_dur: [com.android.settings/com.android.settings.SubSettings,0,1,0,0,1,0,0]
11-14 19:49:27.099   631   873 I am_finish_activity: [0,1104760824,44,com.android.settings/.Settings,app-request]
11-14 19:49:27.099   631   873 I wm_home_stack_moved: 1
11-14 19:49:27.099   631   873 I wm_task_moved: [1,1,1]
11-14 19:49:27.099   631   873 I wm_home_stack_moved: 1
11-14 19:49:27.129   631   873 I am_pause_activity: [0,1104760824,com.android.settings/.Settings]
11-14 19:49:27.139  2374  2374 I am_on_paused_called: [0,com.android.settings.Settings]
11-14 19:49:27.139   631  1098 I am_resume_activity: [0,1107209264,1,com.cyanogenmod.trebuchet/org.cyanogenmod.trebuchet.CustomHomeLauncher]
11-14 19:49:27.149  1089  1089 I am_on_resume_called: [0,org.cyanogenmod.trebuchet.CustomHomeLauncher]
11-14 19:49:27.609   631   844 I am_destroy_activity: [0,1104760824,44,com.android.settings/.Settings,finish-imm]
11-14 19:49:27.619   178   178 I sf_frame_dur: [com.android.settings/com.android.settings.Settings,4,0,0,0,0,0,1]
11-14 19:49:28.329   631  1109 I am_create_task: [0,45]
11-14 19:49:28.329   631  1109 I am_create_activity: [0,1104557808,45,com.android.settings/.Settings,android.intent.action.MAIN,NULL,NULL,270532608]
11-14 19:49:28.329   631  1109 I wm_task_created: [45,3]
11-14 19:49:28.329   631  1109 I wm_task_moved: [45,1,2]
11-14 19:49:28.329   631  1109 I wm_home_stack_moved: 0
11-14 19:49:28.379   631  1109 I am_pause_activity: [0,1107209264,com.cyanogenmod.trebuchet/org.cyanogenmod.trebuchet.CustomHomeLauncher]
11-14 19:49:28.399  1089  1089 I am_on_paused_called: [0,org.cyanogenmod.trebuchet.CustomHomeLauncher]
11-14 19:49:28.399   631  1142 I am_restart_activity: [0,1104557808,45,com.android.settings/.Settings]
11-14 19:49:28.749   178   178 I sf_frame_dur: [com.cyanogenmod.trebuchet/org.cyanogenmod.trebuchet.CustomHomeLauncher,0,0,0,0,0,0,1]
11-14 19:49:29.509   631  1109 I wm_task_removed: [44,removeTask]
11-14 19:49:29.509   631  1109 I wm_task_removed: [44,removeAppToken: last token]
11-14 19:49:29.559  2374  2374 I am_on_resume_called: [0,com.android.settings.Settings]
11-14 19:49:29.649   631  1128 I am_create_service: [0,1105281288,.SearchPopulator,1000,2374]
11-14 19:49:29.699   631   841 I am_activity_launch_time: [0,1104557808,com.android.settings/.Settings,1308,1308]
11-14 19:49:29.759   631   672 I am_destroy_service: [0,1105281288,2374]
11-14 19:49:29.919   178   178 I sf_frame_dur: [Starting com.android.settings,1,0,0,0,0,0,0]
11-14 19:49:31.029  3222  3240 I dvm_lock_sample: [uiautomator,0,UiAutomatorHandlerThread,132,QueryController.java,61,-,149,26]
11-14 19:49:36.599   631  1126 I wm_task_moved: [45,1,1]
11-14 19:49:36.599   631  1126 I wm_home_stack_moved: 0
11-14 19:49:36.599   631  1126 I am_create_activity: [0,1105071168,45,com.android.settings/.SubSettings,android.intent.action.MAIN,NULL,NULL,0]
11-14 19:49:36.599   631  1126 I am_pause_activity: [0,1104557808,com.android.settings/.Settings]
11-14 19:49:36.639  2374  2374 I am_on_paused_called: [0,com.android.settings.Settings]
11-14 19:49:36.639   631   672 I am_restart_activity: [0,1105071168,45,com.android.settings/.SubSettings]
11-14 19:49:36.709  2374  2374 I am_on_resume_called: [0,com.android.settings.SubSettings]
11-14 19:49:36.789   631   841 I am_activity_launch_time: [0,1105071168,com.android.settings/.SubSettings,156,156]
11-14 19:49:37.139   178   178 I sf_frame_dur: [com.android.settings/com.android.settings.Settings,115,9,5,1,2,2,1]
11-14 19:49:37.379   631   669 I am_finish_activity: [0,1105071168,45,com.android.settings/.SubSettings,app-request]
11-14 19:49:37.379   631   669 I am_pause_activity: [0,1105071168,com.android.settings/.SubSettings]
11-14 19:49:37.379  2374  2374 I am_on_paused_called: [0,com.android.settings.SubSettings]
11-14 19:49:37.379   631   672 I am_resume_activity: [0,1104557808,45,com.android.settings/.Settings]
11-14 19:49:37.389  2374  2374 I am_on_resume_called: [0,com.android.settings.Settings]
11-14 19:49:37.809   631   844 I am_destroy_activity: [0,1105071168,45,com.android.settings/.SubSettings,finish-imm]
11-14 19:49:37.819   178   178 I sf_frame_dur: [com.android.settings/com.android.settings.SubSettings,0,1,0,0,0,0,0]
11-14 19:49:40.579   631  1128 I am_finish_activity: [0,1104557808,45,com.android.settings/.Settings,app-request]
11-14 19:49:40.579   631  1128 I wm_home_stack_moved: 1
11-14 19:49:40.579   631  1128 I wm_task_moved: [1,1,1]
11-14 19:49:40.579   631  1128 I wm_home_stack_moved: 1
11-14 19:49:40.619   631  1128 I am_pause_activity: [0,1104557808,com.android.settings/.Settings]
11-14 19:49:40.629  2374  2374 I am_on_paused_called: [0,com.android.settings.Settings]
11-14 19:49:40.629   631  1101 I am_resume_activity: [0,1107209264,1,com.cyanogenmod.trebuchet/org.cyanogenmod.trebuchet.CustomHomeLauncher]
11-14 19:49:40.639  1089  1089 I am_on_resume_called: [0,org.cyanogenmod.trebuchet.CustomHomeLauncher]
11-14 19:49:41.099   631   844 I am_destroy_activity: [0,1104557808,45,com.android.settings/.Settings,finish-imm]
11-14 19:49:41.119   178   178 I sf_frame_dur: [com.android.settings/com.android.settings.Settings,4,1,0,0,0,0,1]
11-14 19:49:41.889   631   872 I am_create_task: [0,46]
11-14 19:49:41.889   631   872 I am_create_activity: [0,1104632400,46,com.android.settings/.Settings,android.intent.action.MAIN,NULL,NULL,270532608]
11-14 19:49:41.889   631   872 I wm_task_created: [46,3]
11-14 19:49:41.889   631   872 I wm_task_moved: [46,1,2]
11-14 19:49:41.889   631   872 I wm_home_stack_moved: 0
11-14 19:49:41.929   631   872 I am_pause_activity: [0,1107209264,com.cyanogenmod.trebuchet/org.cyanogenmod.trebuchet.CustomHomeLauncher]
11-14 19:49:41.979  1089  1089 I am_on_paused_called: [0,org.cyanogenmod.trebuchet.CustomHomeLauncher]
11-14 19:49:41.979   631   873 I am_restart_activity: [0,1104632400,46,com.android.settings/.Settings]
11-14 19:49:42.269   178   178 I sf_frame_dur: [com.cyanogenmod.trebuchet/org.cyanogenmod.trebuchet.CustomHomeLauncher,0,0,0,0,0,0,1]
11-14 19:49:43.349   631   872 I wm_task_removed: [45,removeTask]
11-14 19:49:43.349   631   872 I wm_task_removed: [45,removeAppToken: last token]
11-14 19:49:43.389  2374  2374 I am_on_resume_called: [0,com.android.settings.Settings]
11-14 19:49:43.479   631  1126 I am_create_service: [0,1105741880,.SearchPopulator,1000,2374]
11-14 19:49:43.549   631   841 I am_activity_launch_time: [0,1104632400,com.android.settings/.Settings,1563,1563]
11-14 19:49:43.579   631  1098 I am_destroy_service: [0,1105741880,2374]
11-14 19:49:43.759   178   178 I sf_frame_dur: [Starting com.android.settings,0,1,0,0,0,0,0]
11-14 19:49:49.539   631   669 I wm_task_moved: [46,1,1]
11-14 19:49:49.539   631   669 I wm_home_stack_moved: 0
11-14 19:49:49.539   631   669 I am_create_activity: [0,1105071168,46,com.android.settings/.SubSettings,android.intent.action.MAIN,NULL,NULL,0]
11-14 19:49:49.539   631   669 I am_pause_activity: [0,1104632400,com.android.settings/.Settings]
11-14 19:49:49.569  2374  2374 I am_on_paused_called: [0,com.android.settings.Settings]
11-14 19:49:49.569   631  1128 I am_restart_activity: [0,1105071168,46,com.android.settings/.SubSettings]
11-14 19:49:49.639  2374  2374 I am_on_resume_called: [0,com.android.settings.SubSettings]
11-14 19:49:49.709   631   841 I am_activity_launch_time: [0,1105071168,com.android.settings/.SubSettings,140,140]
11-14 19:49:50.049   178   178 I sf_frame_dur: [com.android.settings/com.android.settings.Settings,105,7,5,1,1,2,1]
11-14 19:49:50.299   631  1109 I am_finish_activity: [0,1105071168,46,com.android.settings/.SubSettings,app-request]
11-14 19:49:50.309   631  1109 I am_pause_activity: [0,1105071168,com.android.settings/.SubSettings]
11-14 19:49:50.309  2374  2374 I am_on_paused_called: [0,com.android.settings.SubSettings]
11-14 19:49:50.309   631   873 I am_resume_activity: [0,1104632400,46,com.android.settings/.Settings]
11-14 19:49:50.339  2374  2374 I am_on_resume_called: [0,com.android.settings.Settings]
11-14 19:49:50.749   631   844 I am_destroy_activity: [0,1105071168,46,com.android.settings/.SubSettings,finish-imm]
11-14 19:49:50.769   178   178 I sf_frame_dur: [com.android.settings/com.android.settings.SubSettings,1,0,0,0,1,0,0]
11-14 19:49:53.539   631  1128 I am_finish_activity: [0,1104632400,46,com.android.settings/.Settings,app-request]
11-14 19:49:53.539   631  1128 I wm_home_stack_moved: 1
11-14 19:49:53.539   631  1128 I wm_task_moved: [1,1,1]
11-14 19:49:53.539   631  1128 I wm_home_stack_moved: 1
11-14 19:49:53.579   631  1128 I am_pause_activity: [0,1104632400,com.android.settings/.Settings]
11-14 19:49:53.589  2374  2374 I am_on_paused_called: [0,com.android.settings.Settings]
11-14 19:49:53.589   631  1109 I am_resume_activity: [0,1107209264,1,com.cyanogenmod.trebuchet/org.cyanogenmod.trebuchet.CustomHomeLauncher]
11-14 19:49:53.599  1089  1089 I am_on_resume_called: [0,org.cyanogenmod.trebuchet.CustomHomeLauncher]
11-14 19:49:54.059   631   844 I am_destroy_activity: [0,1104632400,46,com.android.settings/.Settings,finish-imm]
11-14 19:49:54.079   178   178 I sf_frame_dur: [com.android.settings/com.android.settings.Settings,5,0,0,0,0,0,1]
11-14 19:49:54.799   631  1101 I am_create_task: [0,47]
11-14 19:49:54.799   631  1101 I am_create_activity: [0,1104557808,47,com.android.settings/.Settings,android.intent.action.MAIN,NULL,NULL,270532608]
11-14 19:49:54.799   631  1101 I wm_task_created: [47,3]
11-14 19:49:54.809   631  1101 I wm_task_moved: [47,1,2]
11-14 19:49:54.809   631  1101 I wm_home_stack_moved: 0
11-14 19:49:54.859   631  1101 I am_pause_activity: [0,1107209264,com.cyanogenmod.trebuchet/org.cyanogenmod.trebuchet.CustomHomeLauncher]
11-14 19:49:54.869  1089  1089 I am_on_paused_called: [0,org.cyanogenmod.trebuchet.CustomHomeLauncher]
11-14 19:49:54.879   631  1109 I am_restart_activity: [0,1104557808,47,com.android.settings/.Settings]
11-14 19:49:55.209   178   178 I sf_frame_dur: [com.cyanogenmod.trebuchet/org.cyanogenmod.trebuchet.CustomHomeLauncher,0,0,0,0,0,0,1]
11-14 19:49:56.409   631  1126 I wm_task_removed: [46,removeTask]
11-14 19:49:56.409   631  1126 I wm_task_removed: [46,removeAppToken: last token]
11-14 19:49:56.449  2374  2374 I am_on_resume_called: [0,com.android.settings.Settings]
11-14 19:49:56.539   631   873 I am_create_service: [0,1112477304,.SearchPopulator,1000,2374]
11-14 19:49:56.609   631   841 I am_activity_launch_time: [0,1104557808,com.android.settings/.Settings,1722,1722]
11-14 19:49:56.639   631  1101 I am_destroy_service: [0,1112477304,2374]
11-14 19:49:56.819   178   178 I sf_frame_dur: [Starting com.android.settings,1,0,0,0,0,0,0]
11-14 19:50:02.679   631  1098 I wm_task_moved: [47,1,1]
11-14 19:50:02.679   631  1098 I wm_home_stack_moved: 0
11-14 19:50:02.689   631  1098 I am_create_activity: [0,1105071168,47,com.android.settings/.SubSettings,android.intent.action.MAIN,NULL,NULL,0]
11-14 19:50:02.689   631  1098 I am_pause_activity: [0,1104557808,com.android.settings/.Settings]
11-14 19:50:02.719  2374  2374 I am_on_paused_called: [0,com.android.settings.Settings]
11-14 19:50:02.729   631  1098 I am_restart_activity: [0,1105071168,47,com.android.settings/.SubSettings]
11-14 19:50:02.789  2374  2374 I am_on_resume_called: [0,com.android.settings.SubSettings]
11-14 19:50:02.849   631   841 I am_activity_launch_time: [0,1105071168,com.android.settings/.SubSettings,129,129]
11-14 19:50:03.189   178   178 I sf_frame_dur: [com.android.settings/com.android.settings.Settings,108,8,2,2,1,2,1]
11-14 19:50:03.449   631   672 I am_finish_activity: [0,1105071168,47,com.android.settings/.SubSettings,app-request]
11-14 19:50:03.449   631   672 I am_pause_activity: [0,1105071168,com.android.settings/.SubSettings]
11-14 19:50:03.449  2374  2374 I am_on_paused_called: [0,com.android.settings.SubSettings]
11-14 19:50:03.449   631  1109 I am_resume_activity: [0,1104557808,47,com.android.settings/.Settings]
11-14 19:50:03.469  2374  2374 I am_on_resume_called: [0,com.android.settings.Settings]
11-14 19:50:03.909   631   844 I am_destroy_activity: [0,1105071168,47,com.android.settings/.SubSettings,finish-imm]
11-14 19:50:03.929   178   178 I sf_frame_dur: [com.android.settings/com.android.settings.SubSettings,1,0,0,0,1,0,0]
11-14 19:50:06.339   631  1098 I am_finish_activity: [0,1104557808,47,com.android.settings/.Settings,app-request]
11-14 19:50:06.339   631  1098 I wm_home_stack_moved: 1
11-14 19:50:06.349   631  1098 I wm_task_moved: [1,1,1]
11-14 19:50:06.349   631  1098 I wm_home_stack_moved: 1
11-14 19:50:06.389   631  1098 I am_pause_activity: [0,1104557808,com.android.settings/.Settings]
11-14 19:50:06.399  2374  2374 I am_on_paused_called: [0,com.android.settings.Settings]
11-14 19:50:06.409   631  1128 I am_resume_activity: [0,1107209264,1,com.cyanogenmod.trebuchet/org.cyanogenmod.trebuchet.CustomHomeLauncher]
11-14 19:50:06.429  1089  1089 I am_on_resume_called: [0,org.cyanogenmod.trebuchet.CustomHomeLauncher]
11-14 19:50:06.889   631   844 I am_destroy_activity: [0,1104557808,47,com.android.settings/.Settings,finish-imm]
11-14 19:50:06.899   178   178 I sf_frame_dur: [com.android.settings/com.android.settings.Settings,5,1,0,0,0,0,1]
11-14 19:50:07.619   631  1128 I am_create_task: [0,48]
11-14 19:50:07.619   631  1128 I am_create_activity: [0,1104632400,48,com.android.settings/.Settings,android.intent.action.MAIN,NULL,NULL,270532608]
11-14 19:50:07.619   631  1128 I wm_task_created: [48,3]
11-14 19:50:07.619   631  1128 I wm_task_moved: [48,1,2]
11-14 19:50:07.619   631  1128 I wm_home_stack_moved: 0
11-14 19:50:07.669   631  1128 I am_pause_activity: [0,1107209264,com.cyanogenmod.trebuchet/org.cyanogenmod.trebuchet.CustomHomeLauncher]
11-14 19:50:07.679  1089  1089 I am_on_paused_called: [0,org.cyanogenmod.trebuchet.CustomHomeLauncher]
11-14 19:50:07.689   631   873 I dvm_lock_sample: [system_server,1,Binder_4,12,WindowManagerService.java,3988,-,2909,2]
11-14 19:50:07.689   631   873 I am_restart_activity: [0,1104632400,48,com.android.settings/.Settings]
11-14 19:50:08.039   178   178 I sf_frame_dur: [com.cyanogenmod.trebuchet/org.cyanogenmod.trebuchet.CustomHomeLauncher,0,0,0,0,0,0,1]
11-14 19:50:08.969   631   669 I wm_task_removed: [47,removeTask]
11-14 19:50:08.969   631   669 I wm_task_removed: [47,removeAppToken: last token]
11-14 19:50:09.019  2374  2374 I am_on_resume_called: [0,com.android.settings.Settings]
11-14 19:50:09.119   631   672 I am_create_service: [0,1108763256,.SearchPopulator,1000,2374]
11-14 19:50:09.169   631   841 I am_activity_launch_time: [0,1104632400,com.android.settings/.Settings,1473,1473]
11-14 19:50:09.219   631  1126 I am_destroy_service: [0,1108763256,2374]
11-14 19:50:09.379   178   178 I sf_frame_dur: [Starting com.android.settings,1,0,0,0,0,0,0]
11-14 19:50:15.179   631  1142 I wm_task_moved: [48,1,1]
11-14 19:50:15.179   631  1142 I wm_home_stack_moved: 0
11-14 19:50:15.189   631  1142 I am_create_activity: [0,1105071168,48,com.android.settings/.SubSettings,android.intent.action.MAIN,NULL,NULL,0]
11-14 19:50:15.189   631  1142 I am_pause_activity: [0,1104632400,com.android.settings/.Settings]
11-14 19:50:15.239  2374  2374 I am_on_paused_called: [0,com.android.settings.Settings]
11-14 19:50:15.239   631  1098 I am_restart_activity: [0,1105071168,48,com.android.settings/.SubSettings]
11-14 19:50:15.289  2374  2374 I am_on_resume_called: [0,com.android.settings.SubSettings]
11-14 19:50:15.379   631   841 I am_activity_launch_time: [0,1105071168,com.android.settings/.SubSettings,145,145]
11-14 19:50:15.729   178   178 I sf_frame_dur: [com.android.settings/com.android.settings.Settings,106,4,4,1,2,2,1]
11-14 19:50:15.949   631  1101 I am_finish_activity: [0,1105071168,48,com.android.settings/.SubSettings,app-request]
11-14 19:50:15.949   631  1101 I am_pause_activity: [0,1105071168,com.android.settings/.SubSettings]
11-14 19:50:15.949  2374  2374 I am_on_paused_called: [0,com.android.settings.SubSettings]
11-14 19:50:15.959   631  1126 I am_resume_activity: [0,1104632400,48,com.android.settings/.Settings]
11-14 19:50:15.959  2374  2374 I am_on_resume_called: [0,com.android.settings.Settings]
11-14 19:50:16.369   631   844 I am_destroy_activity: [0,1105071168,48,com.android.settings/.SubSettings,finish-imm]
11-14 19:50:16.379   178   178 I sf_frame_dur: [com.android.settings/com.android.settings.SubSettings,0,1,0,0,1,0,0]
11-14 19:50:18.959   631  1142 I am_finish_activity: [0,1104632400,48,com.android.settings/.Settings,app-request]
11-14 19:50:18.959   631  1142 I wm_home_stack_moved: 1
11-14 19:50:18.959   631  1142 I wm_task_moved: [1,1,1]
11-14 19:50:18.959   631  1142 I wm_home_stack_moved: 1
11-14 19:50:18.999   631  1142 I am_pause_activity: [0,1104632400,com.android.settings/.Settings]
11-14 19:50:19.009  2374  2374 I am_on_paused_called: [0,com.android.settings.Settings]
11-14 19:50:19.009   631   672 I am_resume_activity: [0,1107209264,1,com.cyanogenmod.trebuchet/org.cyanogenmod.trebuchet.CustomHomeLauncher]
11-14 19:50:19.019  1089  1089 I am_on_resume_called: [0,org.cyanogenmod.trebuchet.CustomHomeLauncher]
11-14 19:50:19.479   631   844 I am_destroy_activity: [0,1104632400,48,com.android.settings/.Settings,finish-imm]
11-14 19:50:19.489   178   178 I sf_frame_dur: [com.android.settings/com.android.settings.Settings,3,1,0,0,0,0,1]
11-14 19:50:20.219   631   872 I am_create_task: [0,49]
11-14 19:50:20.219   631   872 I am_create_activity: [0,1104557808,49,com.android.settings/.Settings,android.intent.action.MAIN,NULL,NULL,270532608]
11-14 19:50:20.219   631   872 I wm_task_created: [49,3]
11-14 19:50:20.219   631   872 I wm_task_moved: [49,1,2]
11-14 19:50:20.219   631   872 I wm_home_stack_moved: 0
11-14 19:50:20.279   631   872 I am_pause_activity: [0,1107209264,com.cyanogenmod.trebuchet/org.cyanogenmod.trebuchet.CustomHomeLauncher]
11-14 19:50:20.289  1089  1089 I am_on_paused_called: [0,org.cyanogenmod.trebuchet.CustomHomeLauncher]
11-14 19:50:20.289   631   873 I am_restart_activity: [0,1104557808,49,com.android.settings/.Settings]
11-14 19:50:20.629   178   178 I sf_frame_dur: [com.cyanogenmod.trebuchet/org.cyanogenmod.trebuchet.CustomHomeLauncher,0,0,0,0,0,0,1]
11-14 19:50:21.499   631  1142 I wm_task_removed: [48,removeTask]
11-14 19:50:21.499   631  1142 I wm_task_removed: [48,removeAppToken: last token]
11-14 19:50:21.539  2374  2374 I am_on_resume_called: [0,com.android.settings.Settings]
11-14 19:50:21.629   631  1126 I am_create_service: [0,1109712880,.SearchPopulator,1000,2374]
11-14 19:50:21.689   631   841 I am_activity_launch_time: [0,1104557808,com.android.settings/.Settings,1400,1400]
11-14 19:50:21.729   631  1101 I am_destroy_service: [0,1109712880,2374]
11-14 19:50:21.899   178   178 I sf_frame_dur: [Starting com.android.settings,0,1,0,0,0,0,0]
11-14 19:50:23.059  3222  3240 I dvm_lock_sample: [uiautomator,0,UiAutomatorHandlerThread,125,QueryController.java,61,-,149,25]
11-14 19:50:28.549   631  1142 I wm_task_moved: [49,1,1]
11-14 19:50:28.549   631  1142 I wm_home_stack_moved: 0
11-14 19:50:28.549   631  1142 I am_create_activity: [0,1105071168,49,com.android.settings/.SubSettings,android.intent.action.MAIN,NULL,NULL,0]
11-14 19:50:28.549   631  1142 I am_pause_activity: [0,1104557808,com.android.settings/.Settings]
11-14 19:50:28.569  2374  2374 I am_on_paused_called: [0,com.android.settings.Settings]
11-14 19:50:28.569   631  1101 I am_restart_activity: [0,1105071168,49,com.android.settings/.SubSettings]
11-14 19:50:28.629  2374  2374 I am_on_resume_called: [0,com.android.settings.SubSettings]
11-14 19:50:28.719   631   841 I am_activity_launch_time: [0,1105071168,com.android.settings/.SubSettings,152,152]
11-14 19:50:29.059   178   178 I sf_frame_dur: [com.android.settings/com.android.settings.Settings,101,12,2,0,2,2,3]
11-14 19:50:29.299   631  1142 I am_finish_activity: [0,1105071168,49,com.android.settings/.SubSettings,app-request]
11-14 19:50:29.299   631  1142 I am_pause_activity: [0,1105071168,com.android.settings/.SubSettings]
11-14 19:50:29.299  2374  2374 I am_on_paused_called: [0,com.android.settings.SubSettings]
11-14 19:50:29.299   631   872 I am_resume_activity: [0,1104557808,49,com.android.settings/.Settings]
11-14 19:50:29.309  2374  2374 I am_on_resume_called: [0,com.android.settings.Settings]
11-14 19:50:29.749   631   844 I am_destroy_activity: [0,1105071168,49,com.android.settings/.SubSettings,finish-imm]
11-14 19:50:29.759   178   178 I sf_frame_dur: [com.android.settings/com.android.settings.SubSettings,0,1,0,0,0,0,0]
11-14 19:50:32.709   631  1126 I am_finish_activity: [0,1104557808,49,com.android.settings/.Settings,app-request]
11-14 19:50:32.709   631  1126 I wm_home_stack_moved: 1
11-14 19:50:32.709   631  1126 I wm_task_moved: [1,1,1]
11-14 19:50:32.709   631  1126 I wm_home_stack_moved: 1
11-14 19:50:32.749   631  1126 I am_pause_activity: [0,1104557808,com.android.settings/.Settings]
11-14 19:50:32.759  2374  2374 I am_on_paused_called: [0,com.android.settings.Settings]
11-14 19:50:32.769   631   672 I am_resume_activity: [0,1107209264,1,com.cyanogenmod.trebuchet/org.cyanogenmod.trebuchet.CustomHomeLauncher]
11-14 19:50:32.779  1089  1089 I am_on_resume_called: [0,org.cyanogenmod.trebuchet.CustomHomeLauncher]
11-14 19:50:33.239   631   844 I am_destroy_activity: [0,1104557808,49,com.android.settings/.Settings,finish-imm]
11-14 19:50:33.259   178   178 I sf_frame_dur: [com.android.settings/com.android.settings.Settings,5,0,0,0,0,0,1]
11-14 19:50:33.979   631  1142 I am_create_task: [0,50]
11-14 19:50:33.979   631  1142 I am_create_activity: [0,1104632400,50,com.android.settings/.Settings,android.intent.action.MAIN,NULL,NULL,270532608]
11-14 19:50:33.979   631  1142 I wm_task_created: [50,3]
11-14 19:50:33.979   631  1142 I wm_task_moved: [50,1,2]
11-14 19:50:33.979   631  1142 I wm_home_stack_moved: 0
11-14 19:50:34.039   631  1142 I am_pause_activity: [0,1107209264,com.cyanogenmod.trebuchet/org.cyanogenmod.trebuchet.CustomHomeLauncher]
11-14 19:50:34.049  1089  1089 I am_on_paused_called: [0,org.cyanogenmod.trebuchet.CustomHomeLauncher]
11-14 19:50:34.059   631   669 I am_restart_activity: [0,1104632400,50,com.android.settings/.Settings]
11-14 19:50:34.409   178   178 I sf_frame_dur: [com.cyanogenmod.trebuchet/org.cyanogenmod.trebuchet.CustomHomeLauncher,0,0,0,0,0,0,1]
11-14 19:50:35.289   631   669 I wm_task_removed: [49,removeTask]
11-14 19:50:35.289   631   669 I wm_task_removed: [49,removeAppToken: last token]
11-14 19:50:35.339  2374  2374 I am_on_resume_called: [0,com.android.settings.Settings]
11-14 19:50:35.429   631  1109 I am_create_service: [0,1109268936,.SearchPopulator,1000,2374]
11-14 19:50:35.499   631   841 I am_activity_launch_time: [0,1104632400,com.android.settings/.Settings,1438,1438]
11-14 19:50:35.559   631   669 I am_destroy_service: [0,1109268936,2374]
11-14 19:50:35.709   178   178 I sf_frame_dur: [Starting com.android.settings,1,0,0,0,0,0,0]
11-14 19:50:42.149   631  1101 I wm_task_moved: [50,1,1]
11-14 19:50:42.149   631  1101 I wm_home_stack_moved: 0
11-14 19:50:42.149   631  1101 I am_create_activity: [0,1105071168,50,com.android.settings/.SubSettings,android.intent.action.MAIN,NULL,NULL,0]
11-14 19:50:42.149   631  1101 I am_pause_activity: [0,1104632400,com.android.settings/.Settings]
11-14 19:50:42.159  2374  2374 I am_on_paused_called: [0,com.android.settings.Settings]
11-14 19:50:42.159   631   872 I am_restart_activity: [0,1105071168,50,com.android.settings/.SubSettings]
11-14 19:50:42.209  2374  2374 I am_on_resume_called: [0,com.android.settings.SubSettings]
11-14 19:50:42.249   631   841 I dvm_lock_sample: [system_server,1,WindowManager,17,WindowManagerService.java,7276,-,2909,3]
11-14 19:50:42.279   631   841 I am_activity_launch_time: [0,1105071168,com.android.settings/.SubSettings,124,124]
11-14 19:50:42.619   178   178 I sf_frame_dur: [com.android.settings/com.android.settings.Settings,102,10,3,1,1,3,1]
11-14 19:50:42.879   631  1142 I am_finish_activity: [0,1105071168,50,com.android.settings/.SubSettings,app-request]
11-14 19:50:42.879   631  1142 I am_pause_activity: [0,1105071168,com.android.settings/.SubSettings]
11-14 19:50:42.889  2374  2374 I am_on_paused_called: [0,com.android.settings.SubSettings]
11-14 19:50:42.889   631  1098 I am_resume_activity: [0,1104632400,50,com.android.settings/.Settings]
11-14 19:50:42.919  2374  2374 I am_on_resume_called: [0,com.android.settings.Settings]
11-14 19:50:43.339   631   844 I am_destroy_activity: [0,1105071168,50,com.android.settings/.SubSettings,finish-imm]
11-14 19:50:43.359   178   178 I sf_frame_dur: [com.android.settings/com.android.settings.SubSettings,2,0,0,0,1,0,0]
11-14 19:50:45.999   631  1126 I am_finish_activity: [0,1104632400,50,com.android.settings/.Settings,app-request]
11-14 19:50:45.999   631  1126 I wm_home_stack_moved: 1
11-14 19:50:45.999   631  1126 I wm_task_moved: [1,1,1]
11-14 19:50:45.999   631  1126 I wm_home_stack_moved: 1
11-14 19:50:46.039   631  1126 I am_pause_activity: [0,1104632400,com.android.settings/.Settings]
11-14 19:50:46.049  2374  2374 I am_on_paused_called: [0,com.android.settings.Settings]
11-14 19:50:46.049   631   669 I am_resume_activity: [0,1107209264,1,com.cyanogenmod.trebuchet/org.cyanogenmod.trebuchet.CustomHomeLauncher]
11-14 19:50:46.069  1089  1089 I am_on_resume_called: [0,org.cyanogenmod.trebuchet.CustomHomeLauncher]
11-14 19:50:46.539   631   844 I am_destroy_activity: [0,1104632400,50,com.android.settings/.Settings,finish-imm]
11-14 19:50:46.549   178   178 I sf_frame_dur: [com.android.settings/com.android.settings.Settings,5,1,0,0,0,0,1]
11-14 19:50:47.259   631   672 I am_create_task: [0,51]
11-14 19:50:47.259   631   672 I am_create_activity: [0,1104557808,51,com.android.settings/.Settings,android.intent.action.MAIN,NULL,NULL,270532608]
11-14 19:50:47.259   631   672 I wm_task_created: [51,3]
11-14 19:50:47.259   631   672 I wm_task_moved: [51,1,2]
11-14 19:50:47.259   631   672 I wm_home_stack_moved: 0
