11-14 19:40:56.109  1037  1037 D GsmDCT  : handleMessage msg={ when=0 what=270368 arg1=1 target=com.android.internal.telephony.dataconnection.DcTracker }
11-14 19:40:56.439  1037  1037 D GsmDCT  : handleMessage msg={ when=0 what=270368 arg1=1 target=com.android.internal.telephony.dataconnection.DcTracker }
11-14 19:40:56.449  1037  1037 D GsmDCT  : handleMessage msg={ when=0 what=270368 arg1=1 target=com.android.internal.telephony.dataconnection.DcTracker }
11-14 19:40:57.729  1037  1282 D GsmDCT  : disableApnType:supl
11-14 19:40:57.729  1037  1282 D GsmDCT  : setEnabled(2, false) with old state = false and enabledCount = 1
11-14 19:40:57.729  1037  1282 D GsmDCT  : diableApnType: return APN_REQUEST_STARTED
11-14 19:40:57.729  1037  1037 D GsmDCT  : handleMessage msg={ when=0 what=270349 arg1=2 target=com.android.internal.telephony.dataconnection.DcTracker }
11-14 19:40:57.729  1037  1037 D GsmDCT  : onEnableApn: apnContext={mApnType=supl mState=CONNECTED mWaitingDataProfiles={[[ApnSettingV2] China Unicom 3G, 1583, 46001, 3gnet, null, null, null, null, 80, -1, default | supl, IP, IP, true, 0]} mWaitingApnsPermanentFailureCountDown=1 mDataProfile={[ApnSettingV2] China Unicom 3G, 1583, 46001, 3gnet, null, null, null, null, 80, -1, default | supl, IP, IP, true, 0} mReason=dataEnabled mDataEnabled=true mDependencyMet=true} call applyNewState
11-14 19:40:57.729  1037  1037 D GsmDCT  : applyNewState(supl, false(true), true(true))
11-14 19:40:57.729  1037  1037 D GsmDCT  : cleanUpConnection: E tearDown=true reason=dataDisabled apnContext={mApnType=supl mState=CONNECTED mWaitingDataProfiles={[[ApnSettingV2] China Unicom 3G, 1583, 46001, 3gnet, null, null, null, null, 80, -1, default | supl, IP, IP, true, 0]} mWaitingApnsPermanentFailureCountDown=1 mDataProfile={[ApnSettingV2] China Unicom 3G, 1583, 46001, 3gnet, null, null, null, null, 80, -1, default | supl, IP, IP, true, 0} mReason=dataDisabled mDataEnabled=false mDependencyMet=true}
11-14 19:40:57.729  1037  1037 D GsmDCT  : cleanUpConnection: tearing down
11-14 19:40:57.729  1037  1037 D GsmDCT  : cleanUpConnection: X tearDown=true reason=dataDisabled apnContext={mApnType=supl mState=DISCONNECTING mWaitingDataProfiles={[[ApnSettingV2] China Unicom 3G, 1583, 46001, 3gnet, null, null, null, null, 80, -1, default | supl, IP, IP, true, 0]} mWaitingApnsPermanentFailureCountDown=1 mDataProfile={[ApnSettingV2] China Unicom 3G, 1583, 46001, 3gnet, null, null, null, null, 80, -1, default | supl, IP, IP, true, 0} mReason=dataDisabled mDataEnabled=false mDependencyMet=true} dcac=GsmDC-1
11-14 19:40:57.749  1037  1085 D CdmaSST : [CdmaLteSST] CdmaServiceStateTracker finalized
11-14 19:40:57.759  1037  1333 D GsmDC-1 : DcActiveState: EVENT_DISCONNECT dp={mTag=0 mApnContext={mApnType=supl mState=DISCONNECTING mWaitingDataProfiles={[[ApnSettingV2] China Unicom 3G, 1583, 46001, 3gnet, null, null, null, null, 80, -1, default | supl, IP, IP, true, 0]} mWaitingApnsPermanentFailureCountDown=1 mDataProfile={[ApnSettingV2] China Unicom 3G, 1583, 46001, 3gnet, null, null, null, null, 80, -1, default | supl, IP, IP, true, 0} mReason=dataDisabled mDataEnabled=false mDependencyMet=true} mReason=dataDisabled mOnCompletedMsg={what=0x4200f when=-57s290ms obj={mApnType=supl mState=DISCONNECTING mWaitingDataProfiles={[[ApnSettingV2] China Unicom 3G, 1583, 46001, 3gnet, null, null, null, null, 80, -1, default | supl, IP, IP, true, 0]} mWaitingApnsPermanentFailureCountDown=1 mDataProfile={[ApnSettingV2] China Unicom 3G, 1583, 46001, 3gnet, null, null, null, null, 80, -1, default | supl, IP, IP, true, 0} mReason=dataDisabled mDataEnabled=false mDependencyMet=true} target=Handler (com.android.internal.telephony.dataconnection.DcTracker) {41ea1890} replyTo=null}} dc={GsmDC-1: State=DcActiveState mApnSetting=[ApnSettingV2] China Unicom 3G, 1583, 46001, 3gnet, null, null, null, null, 80, -1, default | supl, IP, IP, true, 0 RefCount=2 mCid=0 mCreateTime=1447501227733 mLastastFailTime=-1 mLastFailCause=NONE mTag=4 mRetryManager=RetryManager: { forever=false maxRetry=10 curMaxRetry=10 retry=0 config={default_randomization=2000,5000,10000,20000,40000,80000:5000,160000:5000,320000:5000,640000:5000,1280000:5000,1800000:5000} retryArray={5000:2000 10000:2000 20000:2000 40000:2000 80000:5000 160000:5000 320000:5000 640000:5000 1280000:5000 1800000:5000 }} mLinkProperties={InterfaceName: rmnet0 LinkAddresses: [10.38.211.233/30,]  Routes: [0.0.0.0/0 -> 10.38.211.234,] DnsAddresses: [123.123.123.123,123.123.123.124,] Domains: nullMTU: 0} mLinkCapabilities={} mApnContexts=[{mApnType=default mState=CONNECTED mWaitingDataProfiles={[[ApnSettingV2] China Unicom 3G, 1583, 46001, 3gnet, null, null, null, null, 80, -1, default | supl, IP, IP, true, 0]} mWaitingApnsPermanentFailureCountDown=1 mDataProfile={[ApnSettingV2] China Unicom 3G, 1583, 46001, 3gnet, null, null, null, null, 80, -1, default | supl, IP, IP, true, 0} mReason=connected mDataEnabled=true mDependencyMet=true}, {mApnType=supl mState=DISCONNECTING mWaitingDataProfiles={[[ApnSettingV2] China Unicom 3G, 1583, 46001, 3gnet, null, null, null, null, 80, -1, default | supl, IP, IP, true, 0]} mWaitingApnsPermanentFailureCountDown=1 mDataProfile={[ApnSettingV2] China Unicom 3G, 1583, 46001, 3gnet, null, null, null, null, 80, -1, default | supl, IP, IP, true, 0} mReason=dataDisabled mDataEnabled=false mDependencyMet=true}]}
11-14 19:40:57.759  1037  1333 D GsmDC-1 : DcActiveState msg.what=EVENT_DISCONNECT RefCount=2
11-14 19:40:57.759  1037  1333 D GsmDC-1 : NotifyDisconnectCompleted
11-14 19:40:57.759  1037  1333 D GsmDC-1 : msg={ when=-57s310ms what=270351 obj={mApnType=supl mState=DISCONNECTING mWaitingDataProfiles={[[ApnSettingV2] China Unicom 3G, 1583, 46001, 3gnet, null, null, null, null, 80, -1, default | supl, IP, IP, true, 0]} mWaitingApnsPermanentFailureCountDown=1 mDataProfile={[ApnSettingV2] China Unicom 3G, 1583, 46001, 3gnet, null, null, null, null, 80, -1, default | supl, IP, IP, true, 0} mReason=dataDisabled mDataEnabled=false mDependencyMet=true} target=com.android.internal.telephony.dataconnection.DcTracker } msg.obj=<no-reason>
11-14 19:40:57.759  1037  1037 D GsmDCT  : handleMessage msg={ when=0 what=270351 obj=android.os.AsyncResult@41e10e50 target=com.android.internal.telephony.dataconnection.DcTracker }
11-14 19:40:57.759  1037  1037 D GsmDCT  : DataConnectionTracker.handleMessage: EVENT_DISCONNECT_DONE msg={ when=0 what=270351 obj=android.os.AsyncResult@41e10e50 target=com.android.internal.telephony.dataconnection.DcTracker }
11-14 19:40:57.759  1037  1037 D GsmDCT  : onDisconnectDone: EVENT_DISCONNECT_DONE apnContext={mApnType=supl mState=DISCONNECTING mWaitingDataProfiles={[[ApnSettingV2] China Unicom 3G, 1583, 46001, 3gnet, null, null, null, null, 80, -1, default | supl, IP, IP, true, 0]} mWaitingApnsPermanentFailureCountDown=1 mDataProfile={[ApnSettingV2] China Unicom 3G, 1583, 46001, 3gnet, null, null, null, null, 80, -1, default | supl, IP, IP, true, 0} mReason=dataDisabled mDataEnabled=false mDependencyMet=true}
11-14 19:40:57.759  1037  1037 D GsmDCT  : [ApnContext:supl] getDataProfile: mDataProfile=[ApnSettingV2] China Unicom 3G, 1583, 46001, 3gnet, null, null, null, null, 80, -1, default | supl, IP, IP, true, 0
11-14 19:40:57.759  1037  1333 D GsmDC-1 : NotifyDisconnectCompleted DisconnectParams={mTag=0 mApnContext={mApnType=supl mState=IDLE mWaitingDataProfiles={[[ApnSettingV2] China Unicom 3G, 1583, 46001, 3gnet, null, null, null, null, 80, -1, default | supl, IP, IP, true, 0]} mWaitingApnsPermanentFailureCountDown=1 mDataProfile={[ApnSettingV2] China Unicom 3G, 1583, 46001, 3gnet, null, null, null, null, 80, -1, default | supl, IP, IP, true, 0} mReason=dataDisabled mDataEnabled=false mDependencyMet=true} mReason=dataDisabled mOnCompletedMsg=null}
11-14 19:40:57.759  1037  1037 D GsmDCT  : [ApnContext:supl] setDataProfile: mDataProfile=null
11-14 19:40:57.759  1037  1037 D GsmDCT  : isOnlySingleDcAllowed(14): false
11-14 19:40:57.759  1037  1037 D GsmDCT  : onDisconnectDone: not retrying
11-14 19:40:57.839  1037  1037 D GsmDCT  : handleMessage msg={ when=0 what=270368 arg1=1 target=com.android.internal.telephony.dataconnection.DcTracker }
11-14 19:40:58.019  1037  1037 D GsmDCT  : handleMessage msg={ when=0 what=270368 arg1=1 target=com.android.internal.telephony.dataconnection.DcTracker }
11-14 19:40:58.299  1037  1037 D GsmDCT  : handleMessage msg={ when=0 what=270368 arg1=1 target=com.android.internal.telephony.dataconnection.DcTracker }
11-14 19:40:58.299  1037  1037 D GsmDCT  : handleMessage msg={ when=0 what=270368 arg1=1 target=com.android.internal.telephony.dataconnection.DcTracker }
11-14 19:41:12.319   177   308 E RILQ    : (0/177): RIL[0][main] qmi_ril_check_android_unsol_resp_dispatchable: invalid android_unsol_resp id 11036
11-14 19:41:12.319   177   308 E RILQ    : (0/177): RIL[0][main] qmi_ril_add_unsol_resp_to_pending_list: invalid android_unsol_resp id 11036
11-14 19:41:12.319  1037  1193 D RILJ    : responseDataCallList ver=9 num=1
11-14 19:41:12.319  1037  1193 D RILJ    : [UNSL]< UNSOL_DATA_CALL_LIST_CHANGED [DataCallResponse: {version=9 status=0 retry=-1 cid=0 active=1 type=IP' ifname='rmnet0' addresses=[10.38.211.233/30] dnses=[123.123.123.123,123.123.123.124] gateways=[10.38.211.234]}]
11-14 19:41:12.329  1037  1333 D Dcc     : onDataStateChanged: dcsList=[DataCallResponse: {version=9 status=0 retry=-1 cid=0 active=1 type=IP' ifname='rmnet0' addresses=[10.38.211.233/30] dnses=[123.123.123.123,123.123.123.124] gateways=[10.38.211.234]}] mDcListActiveByCid={0={GsmDC-1: State=DcActiveState mApnSetting=[ApnSettingV2] China Unicom 3G, 1583, 46001, 3gnet, null, null, null, null, 80, -1, default | supl, IP, IP, true, 0 RefCount=1 mCid=0 mCreateTime=1447501227733 mLastastFailTime=-1 mLastFailCause=NONE mTag=4 mRetryManager=RetryManager: { forever=false maxRetry=10 curMaxRetry=10 retry=0 config={default_randomization=2000,5000,10000,20000,40000,80000:5000,160000:5000,320000:5000,640000:5000,1280000:5000,1800000:5000} retryArray={5000:2000 10000:2000 20000:2000 40000:2000 80000:5000 160000:5000 320000:5000 640000:5000 1280000:5000 1800000:5000 }} mLinkProperties={InterfaceName: rmnet0 LinkAddresses: [10.38.211.233/30,]  Routes: [0.0.0.0/0 -> 10.38.211.234,] DnsAddresses: [123.123.123.123,123.123.123.124,] Domains: nullMTU: 0} mLinkCapabilities={} mApnContexts=[{mApnType=default mState=CONNECTED mWaitingDataProfiles={[[ApnSettingV2] China Unicom 3G, 1583, 46001, 3gnet, null, null, null, null, 80, -1, default | supl, IP, IP, true, 0]} mWaitingApnsPermanentFailureCountDown=1 mDataProfile={[ApnSettingV2] China Unicom 3G, 1583, 46001, 3gnet, null, null, null, null, 80, -1, default | supl, IP, IP, true, 0} mReason=connected mDataEnabled=true mDependencyMet=true}]}}
11-14 19:41:12.329  1037  1333 D Dcc     : onDataStateChanged: dcsToRetry=[]
11-14 19:41:12.329  1037  1333 D Dcc     : onDataStateChanged: Found ConnId=0 newState=DataCallResponse: {version=9 status=0 retry=-1 cid=0 active=1 type=IP' ifname='rmnet0' addresses=[10.38.211.233/30] dnses=[123.123.123.123,123.123.123.124] gateways=[10.38.211.234]}
11-14 19:41:12.329  1037  1333 D DataCallResponse: addr/pl=10.38.211.233/30
11-14 19:41:12.339  1037  1333 D Dcc     : onDataStateChanged: no change
11-14 19:41:12.339  1037  1333 D Dcc     : onDataStateChanged: Data Activity updated to DORMANT. stopNetStatePoll
11-14 19:41:12.339  1037  1037 D GsmDCT  : handleMessage msg={ when=0 what=270378 arg2=-1 obj=DORMANT target=com.android.internal.telephony.dataconnection.DcTracker }
11-14 19:41:12.339  1037  1037 D GsmDCT  : stopNetStatPoll
11-14 19:41:12.339  1037  1037 D GsmDCT  : stopDataStallAlarm: current tag=14535 mDataStallAlarmIntent=PendingIntent{41d97cc8: android.os.BinderProxy@42467490}
11-14 19:41:12.339  1037  1333 D Dcc     : onDataStateChanged: dcsToRetry=[] apnsToCleanup=[]
11-14 19:41:12.339  1037  1333 D Dcc     : onDataStateChanged: X
11-14 19:41:12.349  1037  1037 D GsmDCT  : setActivity =DORMANT
11-14 19:41:30.779  1037  1193 D RILJ    : [UNSL]< UNSOL_RESPONSE_VOICE_NETWORK_STATE_CHANGED
11-14 19:41:30.779  1037  1037 D RILJ    : [3817]> OPERATOR
11-14 19:41:30.779  1037  1037 D RILJ    : [3818]> DATA_REGISTRATION_STATE
11-14 19:41:30.779  1037  1037 D RILJ    : [3819]> VOICE_REGISTRATION_STATE
11-14 19:41:30.779  1037  1193 D RILJ    : [3817]< OPERATOR {, , 46001}
11-14 19:41:30.779  1037  1037 D RILJ    : [3820]> QUERY_NETWORK_SELECTION_MODE
11-14 19:41:30.779  1037  1193 D RILJ    : [3819]< VOICE_REGISTRATION_STATE {1, 101d, 004a1779, 14, null, null, null, 0, null, null, 1, null, null, 0, null}
11-14 19:41:30.779  1037  1037 D PHONE   : [ServiceState] setVoiceRegState=0
11-14 19:41:30.779  1037  1193 D RILJ    : [3818]< DATA_REGISTRATION_STATE {1, null, 004a1779, 14, null, 20, 4125, 148, 4855673, null, null}
11-14 19:41:30.779  1037  1037 E PHONE   : [ServiceState] setState deprecated use setVoiceRegState()
11-14 19:41:30.779  1037  1037 D PHONE   : [ServiceState] setDataRegState=0
11-14 19:41:30.779  1037  1037 D PHONE   : [ServiceState] setDataRadioTechnology=14
11-14 19:41:30.779  1037  1037 D GsmSST  : [GsmSST] handlPollStateResultMessage: GsmSST setDataRegState=0 regState=1 dataRadioTechnology=14
11-14 19:41:30.779  1037  1193 D RILJ    : [3820]< QUERY_NETWORK_SELECTION_MODE {0}
11-14 19:41:30.779  1037  1037 D GsmSST  : [GsmSST] Poll ServiceState done:  oldSS=[0 0 home   46001  LTE LTE CSS not supported -1 -1 RoamInd=-1 DefRoamInd=-1 EmergOnly=false] newSS=[0 0 home   46001  LTE LTE CSS not supported -1 -1 RoamInd=-1 DefRoamInd=-1 EmergOnly=false] oldMaxDataCalls=20 mNewMaxDataCalls=20 oldReasonDataDenied=-1 mNewReasonDataDenied=-1
11-14 19:41:30.779  1037  1037 D PHONE   : [ServiceState] setNullState=1
11-14 19:41:30.779  1037  1037 D GsmSST  : [GsmSST] getCellLocation(): X good mCellLoc=[4125,4855673,-1]
11-14 19:42:03.749  1037  1037 D DebugService: DebugService dump: +
11-14 19:42:03.759  1037  1037 D GSMPhone: Get callforwarding info from perferences
11-14 19:42:03.759  1037  1037 D GsmDCT  : get all active apn types
11-14 19:42:03.799  1037  1037 D GsmDCT  : overall state is CONNECTED
11-14 19:42:03.839  1037  1037 D DebugService: DebugService dump: -
11-14 19:54:46.819  1037  1193 D RILJ    : [UNSL]< UNSOL_RESPONSE_VOICE_NETWORK_STATE_CHANGED
11-14 19:54:46.819  1037  1037 D RILJ    : [3821]> OPERATOR
11-14 19:54:46.819  1037  1037 D RILJ    : [3822]> DATA_REGISTRATION_STATE
11-14 19:54:46.819  1037  1037 D RILJ    : [3823]> VOICE_REGISTRATION_STATE
11-14 19:54:46.829  1037  1037 D RILJ    : [3824]> QUERY_NETWORK_SELECTION_MODE
11-14 19:54:46.829  1037  1193 D RILJ    : [3821]< OPERATOR {, , 46001}
11-14 19:54:46.829  1037  1193 D RILJ    : [3823]< VOICE_REGISTRATION_STATE {1, 101d, 004a176f, 14, null, null, null, 0, null, null, 1, null, null, 0, null}
11-14 19:54:46.829  1037  1037 D PHONE   : [ServiceState] setVoiceRegState=0
11-14 19:54:46.839  1037  1193 D RILJ    : [3822]< DATA_REGISTRATION_STATE {1, null, 004a176f, 14, null, 20, 4125, 147, 4855663, null, null}
11-14 19:54:46.839  1037  1037 E PHONE   : [ServiceState] setState deprecated use setVoiceRegState()
11-14 19:54:46.839  1037  1037 D PHONE   : [ServiceState] setDataRegState=0
11-14 19:54:46.839  1037  1037 D PHONE   : [ServiceState] setDataRadioTechnology=14
11-14 19:54:46.839  1037  1037 D GsmSST  : [GsmSST] handlPollStateResultMessage: GsmSST setDataRegState=0 regState=1 dataRadioTechnology=14
11-14 19:54:46.839  1037  1193 D RILJ    : [3824]< QUERY_NETWORK_SELECTION_MODE {0}
11-14 19:54:46.839  1037  1037 D GsmSST  : [GsmSST] Poll ServiceState done:  oldSS=[0 0 home   46001  LTE LTE CSS not supported -1 -1 RoamInd=-1 DefRoamInd=-1 EmergOnly=false] newSS=[0 0 home   46001  LTE LTE CSS not supported -1 -1 RoamInd=-1 DefRoamInd=-1 EmergOnly=false] oldMaxDataCalls=20 mNewMaxDataCalls=20 oldReasonDataDenied=-1 mNewReasonDataDenied=-1
11-14 19:54:46.849  1037  1037 D PHONE   : [ServiceState] setNullState=1
11-14 19:54:46.849  1037  1037 D GsmSST  : [GsmSST] getCellLocation(): X good mCellLoc=[4125,4855663,-1]
11-14 19:56:38.199  1037  1193 D RILJ    : [UNSL]< UNSOL_RESPONSE_VOICE_NETWORK_STATE_CHANGED
11-14 19:56:38.199  1037  1037 D RILJ    : [3825]> OPERATOR
11-14 19:56:38.209  1037  1037 D RILJ    : [3826]> DATA_REGISTRATION_STATE
11-14 19:56:38.229  1037  1193 D RILJ    : [3825]< OPERATOR {, , 46001}
11-14 19:56:38.229  1037  1037 D RILJ    : [3827]> VOICE_REGISTRATION_STATE
11-14 19:56:38.239  1037  1037 D RILJ    : [3828]> QUERY_NETWORK_SELECTION_MODE
11-14 19:56:38.239  1037  1193 D RILJ    : [3826]< DATA_REGISTRATION_STATE {1, null, 004a1779, 14, null, 20, 4125, 148, 4855673, null, null}
11-14 19:56:38.239  1037  1037 D PHONE   : [ServiceState] setDataRegState=0
11-14 19:56:38.249  1037  1193 D RILJ    : [3827]< VOICE_REGISTRATION_STATE {1, 101d, 004a1779, 14, null, null, null, 0, null, null, 1, null, null, 0, null}
11-14 19:56:38.249  1037  1037 D PHONE   : [ServiceState] setDataRadioTechnology=14
11-14 19:56:38.249  1037  1193 D RILJ    : [3828]< QUERY_NETWORK_SELECTION_MODE {0}
11-14 19:56:38.249  1037  1037 D GsmSST  : [GsmSST] handlPollStateResultMessage: GsmSST setDataRegState=0 regState=1 dataRadioTechnology=14
11-14 19:56:38.249  1037  1037 D PHONE   : [ServiceState] setVoiceRegState=0
11-14 19:56:38.259  1037  1037 E PHONE   : [ServiceState] setState deprecated use setVoiceRegState()
11-14 19:56:38.259  1037  1037 D GsmSST  : [GsmSST] Poll ServiceState done:  oldSS=[0 0 home   46001  LTE LTE CSS not supported -1 -1 RoamInd=-1 DefRoamInd=-1 EmergOnly=false] newSS=[0 0 home   46001  LTE LTE CSS not supported -1 -1 RoamInd=-1 DefRoamInd=-1 EmergOnly=false] oldMaxDataCalls=20 mNewMaxDataCalls=20 oldReasonDataDenied=-1 mNewReasonDataDenied=-1
11-14 19:56:38.259  1037  1037 D PHONE   : [ServiceState] setNullState=1
11-14 19:56:38.259  1037  1037 D GsmSST  : [GsmSST] getCellLocation(): X good mCellLoc=[4125,4855673,-1]
11-14 19:56:39.479  1037  1193 D RILJ    : [UNSL]< UNSOL_RESPONSE_VOICE_NETWORK_STATE_CHANGED
11-14 19:56:39.479  1037  1037 D RILJ    : [3829]> OPERATOR
11-14 19:56:39.499  1037  1037 D RILJ    : [3830]> DATA_REGISTRATION_STATE
11-14 19:56:39.509  1037  1193 D RILJ    : [3829]< OPERATOR {, , 46001}
11-14 19:56:39.509  1037  1037 D RILJ    : [3831]> VOICE_REGISTRATION_STATE
11-14 19:56:39.529  1037  1037 D RILJ    : [3832]> QUERY_NETWORK_SELECTION_MODE
11-14 19:56:39.529  1037  1193 D RILJ    : [3830]< DATA_REGISTRATION_STATE {1, null, 004a176f, 14, null, 20, 4125, 147, 4855663, null, null}
11-14 19:56:39.529  1037  1037 D PHONE   : [ServiceState] setDataRegState=0
11-14 19:56:39.539  1037  1193 D RILJ    : [3831]< VOICE_REGISTRATION_STATE {1, 101d, 004a176f, 14, null, null, null, 0, null, null, 1, null, null, 0, null}
11-14 19:56:39.539  1037  1193 D RILJ    : [3832]< QUERY_NETWORK_SELECTION_MODE {0}
11-14 19:56:39.549  1037  1037 D PHONE   : [ServiceState] setDataRadioTechnology=14
11-14 19:56:39.549  1037  1037 D GsmSST  : [GsmSST] handlPollStateResultMessage: GsmSST setDataRegState=0 regState=1 dataRadioTechnology=14
11-14 19:56:39.549  1037  1037 D PHONE   : [ServiceState] setVoiceRegState=0
11-14 19:56:39.549  1037  1037 E PHONE   : [ServiceState] setState deprecated use setVoiceRegState()
11-14 19:56:39.579  1037  1037 D GsmSST  : [GsmSST] Poll ServiceState done:  oldSS=[0 0 home   46001  LTE LTE CSS not supported -1 -1 RoamInd=-1 DefRoamInd=-1 EmergOnly=false] newSS=[0 0 home   46001  LTE LTE CSS not supported -1 -1 RoamInd=-1 DefRoamInd=-1 EmergOnly=false] oldMaxDataCalls=20 mNewMaxDataCalls=20 oldReasonDataDenied=-1 mNewReasonDataDenied=-1
11-14 19:56:39.579  1037  1037 D PHONE   : [ServiceState] setNullState=1
11-14 19:56:39.579  1037  1037 D GsmSST  : [GsmSST] getCellLocation(): X good mCellLoc=[4125,4855663,-1]
11-14 19:58:25.689  1037  1193 D RILJ    : [UNSL]< UNSOL_RESPONSE_VOICE_NETWORK_STATE_CHANGED
11-14 19:58:25.689  1037  1037 D RILJ    : [3833]> OPERATOR
11-14 19:58:25.699  1037  1037 D RILJ    : [3834]> DATA_REGISTRATION_STATE
11-14 19:58:25.699  1037  1037 D RILJ    : [3835]> VOICE_REGISTRATION_STATE
11-14 19:58:25.699  1037  1037 D RILJ    : [3836]> QUERY_NETWORK_SELECTION_MODE
11-14 19:58:25.699  1037  1193 D RILJ    : [3836]< QUERY_NETWORK_SELECTION_MODE {0}
11-14 19:58:25.699  1037  1193 D RILJ    : [3835]< VOICE_REGISTRATION_STATE {1, 101d, 004a1779, 14, null, null, null, 0, null, null, 1, null, null, 0, null}
11-14 19:58:25.699  1037  1037 D PHONE   : [ServiceState] setVoiceRegState=0
11-14 19:58:25.699  1037  1037 E PHONE   : [ServiceState] setState deprecated use setVoiceRegState()
11-14 19:58:25.699  1037  1193 D RILJ    : [3834]< DATA_REGISTRATION_STATE {1, null, 004a1779, 14, null, 20, 4125, 148, 4855673, null, null}
11-14 19:58:25.699  1037  1037 D PHONE   : [ServiceState] setDataRegState=0
11-14 19:58:25.699  1037  1037 D PHONE   : [ServiceState] setDataRadioTechnology=14
11-14 19:58:25.699  1037  1037 D GsmSST  : [GsmSST] handlPollStateResultMessage: GsmSST setDataRegState=0 regState=1 dataRadioTechnology=14
11-14 19:58:25.699  1037  1193 D RILJ    : [3833]< OPERATOR {, , 46001}
11-14 19:58:25.699  1037  1037 D GsmSST  : [GsmSST] Poll ServiceState done:  oldSS=[0 0 home   46001  LTE LTE CSS not supported -1 -1 RoamInd=-1 DefRoamInd=-1 EmergOnly=false] newSS=[0 0 home   46001  LTE LTE CSS not supported -1 -1 RoamInd=-1 DefRoamInd=-1 EmergOnly=false] oldMaxDataCalls=20 mNewMaxDataCalls=20 oldReasonDataDenied=-1 mNewReasonDataDenied=-1
11-14 19:58:25.699  1037  1037 D PHONE   : [ServiceState] setNullState=1
11-14 19:58:25.699  1037  1037 D GsmSST  : [GsmSST] getCellLocation(): X good mCellLoc=[4125,4855673,-1]
11-14 19:58:28.269  1037  1193 D RILJ    : [UNSL]< UNSOL_RESPONSE_VOICE_NETWORK_STATE_CHANGED
11-14 19:58:28.279  1037  1037 D RILJ    : [3837]> OPERATOR
11-14 19:58:28.279  1037  1037 D RILJ    : [3838]> DATA_REGISTRATION_STATE
11-14 19:58:28.279  1037  1037 D RILJ    : [3839]> VOICE_REGISTRATION_STATE
11-14 19:58:28.289  1037  1193 D RILJ    : [3837]< OPERATOR {, , 46001}
11-14 19:58:28.289  1037  1037 D RILJ    : [3840]> QUERY_NETWORK_SELECTION_MODE
11-14 19:58:28.289  1037  1193 D RILJ    : [3839]< VOICE_REGISTRATION_STATE {1, 101d, 004a176f, 14, null, null, null, 0, null, null, 1, null, null, 0, null}
11-14 19:58:28.299  1037  1193 D RILJ    : [3840]< QUERY_NETWORK_SELECTION_MODE {0}
11-14 19:58:28.299  1037  1037 D PHONE   : [ServiceState] setVoiceRegState=0
11-14 19:58:28.299  1037  1037 E PHONE   : [ServiceState] setState deprecated use setVoiceRegState()
11-14 19:58:28.299  1037  1193 D RILJ    : [3838]< DATA_REGISTRATION_STATE {1, null, 004a176f, 14, null, 20, 4125, 147, 4855663, null, null}
11-14 19:58:28.309  1037  1037 D PHONE   : [ServiceState] setDataRegState=0
11-14 19:58:28.309  1037  1037 D PHONE   : [ServiceState] setDataRadioTechnology=14
11-14 19:58:28.309  1037  1037 D GsmSST  : [GsmSST] handlPollStateResultMessage: GsmSST setDataRegState=0 regState=1 dataRadioTechnology=14
11-14 19:58:28.309  1037  1037 D GsmSST  : [GsmSST] Poll ServiceState done:  oldSS=[0 0 home   46001  LTE LTE CSS not supported -1 -1 RoamInd=-1 DefRoamInd=-1 EmergOnly=false] newSS=[0 0 home   46001  LTE LTE CSS not supported -1 -1 RoamInd=-1 DefRoamInd=-1 EmergOnly=false] oldMaxDataCalls=20 mNewMaxDataCalls=20 oldReasonDataDenied=-1 mNewReasonDataDenied=-1
11-14 19:58:28.309  1037  1037 D PHONE   : [ServiceState] setNullState=1
11-14 19:58:28.319  1037  1037 D GsmSST  : [GsmSST] getCellLocation(): X good mCellLoc=[4125,4855663,-1]
