11-14 19:45:43.979  2374  2374 I am_on_resume_called: [0,com.android.settings.SubSettings]
11-14 19:45:44.049   631   841 I am_activity_launch_time: [0,1108111896,com.android.settings/.SubSettings,136,136]
11-14 19:45:44.389   178   178 I sf_frame_dur: [com.android.settings/com.android.settings.Settings,107,7,5,0,2,1,2]
11-14 19:45:44.639   631   873 I am_finish_activity: [0,1108111896,26,com.android.settings/.SubSettings,app-request]
11-14 19:45:44.639   631   873 I am_pause_activity: [0,1108111896,com.android.settings/.SubSettings]
11-14 19:45:44.639  2374  2374 I am_on_paused_called: [0,com.android.settings.SubSettings]
11-14 19:45:44.639   631  1142 I am_resume_activity: [0,1104760824,26,com.android.settings/.Settings]
11-14 19:45:44.649  2374  2374 I am_on_resume_called: [0,com.android.settings.Settings]
11-14 19:45:45.059   631   844 I am_destroy_activity: [0,1108111896,26,com.android.settings/.SubSettings,finish-imm]
11-14 19:45:45.069   178   178 I sf_frame_dur: [com.android.settings/com.android.settings.SubSettings,2,0,0,0,1,0,0]
11-14 19:45:46.909   631  1128 I am_finish_activity: [0,1104760824,26,com.android.settings/.Settings,app-request]
11-14 19:45:46.909   631  1128 I wm_home_stack_moved: 1
11-14 19:45:46.909   631  1128 I wm_task_moved: [1,1,1]
11-14 19:45:46.909   631  1128 I wm_home_stack_moved: 1
11-14 19:45:46.949   631  1128 I am_pause_activity: [0,1104760824,com.android.settings/.Settings]
11-14 19:45:46.959  2374  2374 I am_on_paused_called: [0,com.android.settings.Settings]
11-14 19:45:46.959   631  1098 I am_resume_activity: [0,1107209264,1,com.cyanogenmod.trebuchet/org.cyanogenmod.trebuchet.CustomHomeLauncher]
11-14 19:45:46.979  1089  1089 I am_on_resume_called: [0,org.cyanogenmod.trebuchet.CustomHomeLauncher]
11-14 19:45:47.449   631   844 I am_destroy_activity: [0,1104760824,26,com.android.settings/.Settings,finish-imm]
11-14 19:45:47.459   178   178 I sf_frame_dur: [com.android.settings/com.android.settings.Settings,5,2,0,0,0,0,1]
11-14 19:45:48.139   631  1098 I am_create_task: [0,27]
11-14 19:45:48.139   631  1098 I am_create_activity: [0,1104557808,27,com.android.settings/.Settings,android.intent.action.MAIN,NULL,NULL,270532608]
11-14 19:45:48.139   631  1098 I wm_task_created: [27,3]
11-14 19:45:48.139   631  1098 I wm_task_moved: [27,1,2]
11-14 19:45:48.139   631  1098 I wm_home_stack_moved: 0
11-14 19:45:48.189   631  1098 I am_pause_activity: [0,1107209264,com.cyanogenmod.trebuchet/org.cyanogenmod.trebuchet.CustomHomeLauncher]
11-14 19:45:48.209  1089  1089 I am_on_paused_called: [0,org.cyanogenmod.trebuchet.CustomHomeLauncher]
11-14 19:45:48.219   631   873 I am_restart_activity: [0,1104557808,27,com.android.settings/.Settings]
11-14 19:45:48.549   178   178 I sf_frame_dur: [com.cyanogenmod.trebuchet/org.cyanogenmod.trebuchet.CustomHomeLauncher,0,0,0,0,0,0,1]
11-14 19:45:48.859   631  1128 I wm_task_removed: [26,removeTask]
11-14 19:45:48.859   631  1128 I wm_task_removed: [26,removeAppToken: last token]
11-14 19:45:48.909  2374  2374 I am_on_resume_called: [0,com.android.settings.Settings]
11-14 19:45:49.009   631  1142 I am_create_service: [0,1104453048,.SearchPopulator,1000,2374]
11-14 19:45:49.069   631   841 I am_activity_launch_time: [0,1104557808,com.android.settings/.Settings,851,851]
11-14 19:45:49.109   631   672 I am_destroy_service: [0,1104453048,2374]
11-14 19:45:49.289   178   178 I sf_frame_dur: [Starting com.android.settings,1,0,0,0,0,0,0]
11-14 19:45:55.939   631   672 I wm_task_moved: [27,1,1]
11-14 19:45:55.939   631   672 I wm_home_stack_moved: 0
11-14 19:45:55.959   631   672 I am_create_activity: [0,1105468384,27,com.android.settings/.SubSettings,android.intent.action.MAIN,NULL,NULL,0]
11-14 19:45:55.959   631   672 I am_pause_activity: [0,1104557808,com.android.settings/.Settings]
11-14 19:45:56.009  2374  2374 I am_on_paused_called: [0,com.android.settings.Settings]
11-14 19:45:56.019   631  1128 I am_restart_activity: [0,1105468384,27,com.android.settings/.SubSettings]
11-14 19:45:56.089  2374  2374 I am_on_resume_called: [0,com.android.settings.SubSettings]
11-14 19:45:56.159   631   841 I am_activity_launch_time: [0,1105468384,com.android.settings/.SubSettings,145,145]
11-14 19:45:56.499   178   178 I sf_frame_dur: [com.android.settings/com.android.settings.Settings,104,9,2,1,2,3,1]
11-14 19:45:56.749   631  1098 I am_finish_activity: [0,1105468384,27,com.android.settings/.SubSettings,app-request]
11-14 19:45:56.749   631  1098 I am_pause_activity: [0,1105468384,com.android.settings/.SubSettings]
11-14 19:45:56.749  2374  2374 I am_on_paused_called: [0,com.android.settings.SubSettings]
11-14 19:45:56.749   631  1109 I am_resume_activity: [0,1104557808,27,com.android.settings/.Settings]
11-14 19:45:56.759  2374  2374 I am_on_resume_called: [0,com.android.settings.Settings]
11-14 19:45:57.169   631   844 I am_destroy_activity: [0,1105468384,27,com.android.settings/.SubSettings,finish-imm]
11-14 19:45:57.179   178   178 I sf_frame_dur: [com.android.settings/com.android.settings.SubSettings,1,0,0,0,1,0,0]
11-14 19:45:58.929   631   672 I am_finish_activity: [0,1104557808,27,com.android.settings/.Settings,app-request]
11-14 19:45:58.929   631   672 I wm_home_stack_moved: 1
11-14 19:45:58.929   631   672 I wm_task_moved: [1,1,1]
11-14 19:45:58.929   631   672 I wm_home_stack_moved: 1
11-14 19:45:58.969   631   672 I am_pause_activity: [0,1104557808,com.android.settings/.Settings]
11-14 19:45:58.979  2374  2374 I am_on_paused_called: [0,com.android.settings.Settings]
11-14 19:45:58.979   631  1101 I am_resume_activity: [0,1107209264,1,com.cyanogenmod.trebuchet/org.cyanogenmod.trebuchet.CustomHomeLauncher]
11-14 19:45:58.999  1089  1089 I am_on_resume_called: [0,org.cyanogenmod.trebuchet.CustomHomeLauncher]
11-14 19:45:59.459   631   844 I am_destroy_activity: [0,1104557808,27,com.android.settings/.Settings,finish-imm]
11-14 19:45:59.469   178   178 I sf_frame_dur: [com.android.settings/com.android.settings.Settings,4,0,0,0,0,0,1]
11-14 19:46:00.209   631   672 I am_create_task: [0,28]
11-14 19:46:00.209   631   672 I am_create_activity: [0,1104760824,28,com.android.settings/.Settings,android.intent.action.MAIN,NULL,NULL,270532608]
11-14 19:46:00.209   631   672 I wm_task_created: [28,3]
11-14 19:46:00.219   631   672 I wm_task_moved: [28,1,2]
11-14 19:46:00.219   631   672 I wm_home_stack_moved: 0
11-14 19:46:00.249   631   672 I am_pause_activity: [0,1107209264,com.cyanogenmod.trebuchet/org.cyanogenmod.trebuchet.CustomHomeLauncher]
11-14 19:46:00.259  1089  1089 I am_on_paused_called: [0,org.cyanogenmod.trebuchet.CustomHomeLauncher]
11-14 19:46:00.259   631   669 I am_restart_activity: [0,1104760824,28,com.android.settings/.Settings]
11-14 19:46:00.629   178   178 I sf_frame_dur: [com.cyanogenmod.trebuchet/org.cyanogenmod.trebuchet.CustomHomeLauncher,0,0,0,0,0,0,1]
11-14 19:46:01.009   631   872 I wm_task_removed: [27,removeTask]
11-14 19:46:01.009   631   872 I wm_task_removed: [27,removeAppToken: last token]
11-14 19:46:01.059  2374  2374 I am_on_resume_called: [0,com.android.settings.Settings]
11-14 19:46:01.149   631   672 I am_create_service: [0,1109628016,.SearchPopulator,1000,2374]
11-14 19:46:01.199   631   841 I am_activity_launch_time: [0,1104760824,com.android.settings/.Settings,939,939]
11-14 19:46:01.239   631  1101 I am_destroy_service: [0,1109628016,2374]
11-14 19:46:01.419   178   178 I sf_frame_dur: [Starting com.android.settings,1,0,0,0,0,0,0]
11-14 19:46:07.889   631  1098 I wm_task_moved: [28,1,1]
11-14 19:46:07.889   631  1098 I wm_home_stack_moved: 0
11-14 19:46:07.889   631  1098 I am_create_activity: [0,1105468384,28,com.android.settings/.SubSettings,android.intent.action.MAIN,NULL,NULL,0]
11-14 19:46:07.889   631  1098 I am_pause_activity: [0,1104760824,com.android.settings/.Settings]
11-14 19:46:07.919  2374  2374 I am_on_paused_called: [0,com.android.settings.Settings]
11-14 19:46:07.919   631   672 I am_restart_activity: [0,1105468384,28,com.android.settings/.SubSettings]
11-14 19:46:07.999  2374  2374 I am_on_resume_called: [0,com.android.settings.SubSettings]
11-14 19:46:08.069   631   841 I am_activity_launch_time: [0,1105468384,com.android.settings/.SubSettings,151,151]
11-14 19:46:08.399   178   178 I sf_frame_dur: [com.android.settings/com.android.settings.Settings,105,9,4,0,3,2,1]
11-14 19:46:08.659   631  1128 I am_finish_activity: [0,1105468384,28,com.android.settings/.SubSettings,app-request]
11-14 19:46:08.659   631  1128 I am_pause_activity: [0,1105468384,com.android.settings/.SubSettings]
11-14 19:46:08.659  2374  2374 I am_on_paused_called: [0,com.android.settings.SubSettings]
11-14 19:46:08.659   631   672 I am_resume_activity: [0,1104760824,28,com.android.settings/.Settings]
11-14 19:46:08.669  2374  2374 I am_on_resume_called: [0,com.android.settings.Settings]
11-14 19:46:09.079   631   844 I am_destroy_activity: [0,1105468384,28,com.android.settings/.SubSettings,finish-imm]
11-14 19:46:09.089   178   178 I sf_frame_dur: [com.android.settings/com.android.settings.SubSettings,0,1,0,0,1,0,0]
11-14 19:46:11.509   631   872 I am_finish_activity: [0,1104760824,28,com.android.settings/.Settings,app-request]
11-14 19:46:11.509   631   872 I wm_home_stack_moved: 1
11-14 19:46:11.509   631   872 I wm_task_moved: [1,1,1]
11-14 19:46:11.509   631   872 I wm_home_stack_moved: 1
11-14 19:46:11.539   631   872 I am_pause_activity: [0,1104760824,com.android.settings/.Settings]
11-14 19:46:11.549  2374  2374 I am_on_paused_called: [0,com.android.settings.Settings]
11-14 19:46:11.549   631  1109 I am_resume_activity: [0,1107209264,1,com.cyanogenmod.trebuchet/org.cyanogenmod.trebuchet.CustomHomeLauncher]
11-14 19:46:11.569  1089  1089 I am_on_resume_called: [0,org.cyanogenmod.trebuchet.CustomHomeLauncher]
11-14 19:46:12.039   631   844 I am_destroy_activity: [0,1104760824,28,com.android.settings/.Settings,finish-imm]
11-14 19:46:12.049   178   178 I sf_frame_dur: [com.android.settings/com.android.settings.Settings,5,1,1,0,0,0,1]
11-14 19:46:12.769   631   672 I am_create_task: [0,29]
11-14 19:46:12.769   631   672 I am_create_activity: [0,1104557808,29,com.android.settings/.Settings,android.intent.action.MAIN,NULL,NULL,270532608]
11-14 19:46:12.769   631   672 I wm_task_created: [29,3]
11-14 19:46:12.769   631   672 I wm_task_moved: [29,1,2]
11-14 19:46:12.769   631   672 I wm_home_stack_moved: 0
11-14 19:46:12.819   631   672 I am_pause_activity: [0,1107209264,com.cyanogenmod.trebuchet/org.cyanogenmod.trebuchet.CustomHomeLauncher]
11-14 19:46:12.829  1089  1089 I am_on_paused_called: [0,org.cyanogenmod.trebuchet.CustomHomeLauncher]
11-14 19:46:12.829   631  1142 I am_restart_activity: [0,1104557808,29,com.android.settings/.Settings]
11-14 19:46:13.169   178   178 I sf_frame_dur: [com.cyanogenmod.trebuchet/org.cyanogenmod.trebuchet.CustomHomeLauncher,0,0,0,0,0,0,1]
11-14 19:46:13.459   631  1142 I wm_task_removed: [28,removeTask]
11-14 19:46:13.459   631  1142 I wm_task_removed: [28,removeAppToken: last token]
11-14 19:46:13.509  2374  2374 I am_on_resume_called: [0,com.android.settings.Settings]
11-14 19:46:13.609   631   872 I am_create_service: [0,1112477304,.SearchPopulator,1000,2374]
11-14 19:46:13.659   631   841 I am_activity_launch_time: [0,1104557808,com.android.settings/.Settings,826,826]
11-14 19:46:13.709   631  1109 I am_destroy_service: [0,1112477304,2374]
11-14 19:46:13.869   178   178 I sf_frame_dur: [Starting com.android.settings,1,0,0,0,0,0,0]
11-14 19:46:18.679  3222  3240 I dvm_lock_sample: [uiautomator,0,UiAutomatorHandlerThread,112,QueryController.java,61,-,149,22]
11-14 19:46:20.419   631   672 I wm_task_moved: [29,1,1]
11-14 19:46:20.419   631   672 I wm_home_stack_moved: 0
11-14 19:46:20.419   631   672 I am_create_activity: [0,1105468384,29,com.android.settings/.SubSettings,android.intent.action.MAIN,NULL,NULL,0]
11-14 19:46:20.419   631   672 I am_pause_activity: [0,1104557808,com.android.settings/.Settings]
11-14 19:46:20.459  2374  2374 I am_on_paused_called: [0,com.android.settings.Settings]
11-14 19:46:20.459   631  1142 I am_restart_activity: [0,1105468384,29,com.android.settings/.SubSettings]
11-14 19:46:20.519  2374  2374 I am_on_resume_called: [0,com.android.settings.SubSettings]
11-14 19:46:20.589   631   841 I am_activity_launch_time: [0,1105468384,com.android.settings/.SubSettings,128,128]
11-14 19:46:20.939   178   178 I sf_frame_dur: [com.android.settings/com.android.settings.Settings,103,8,2,1,3,2,2]
11-14 19:46:21.169   631  1098 I am_finish_activity: [0,1105468384,29,com.android.settings/.SubSettings,app-request]
11-14 19:46:21.179   631  1098 I am_pause_activity: [0,1105468384,com.android.settings/.SubSettings]
11-14 19:46:21.179  2374  2374 I am_on_paused_called: [0,com.android.settings.SubSettings]
11-14 19:46:21.179   631  1101 I am_resume_activity: [0,1104557808,29,com.android.settings/.Settings]
11-14 19:46:21.189  2374  2374 I am_on_resume_called: [0,com.android.settings.Settings]
11-14 19:46:21.599   631   844 I am_destroy_activity: [0,1105468384,29,com.android.settings/.SubSettings,finish-imm]
11-14 19:46:21.609   178   178 I sf_frame_dur: [com.android.settings/com.android.settings.SubSettings,2,0,0,0,1,0,0]
11-14 19:46:23.349   631  1109 I am_finish_activity: [0,1104557808,29,com.android.settings/.Settings,app-request]
11-14 19:46:23.349   631  1109 I wm_home_stack_moved: 1
11-14 19:46:23.349   631  1109 I wm_task_moved: [1,1,1]
11-14 19:46:23.349   631  1109 I wm_home_stack_moved: 1
11-14 19:46:23.389   631  1109 I am_pause_activity: [0,1104557808,com.android.settings/.Settings]
11-14 19:46:23.399  2374  2374 I am_on_paused_called: [0,com.android.settings.Settings]
11-14 19:46:23.399   631  1128 I am_resume_activity: [0,1107209264,1,com.cyanogenmod.trebuchet/org.cyanogenmod.trebuchet.CustomHomeLauncher]
11-14 19:46:23.409  1089  1089 I am_on_resume_called: [0,org.cyanogenmod.trebuchet.CustomHomeLauncher]
11-14 19:46:23.889   631   844 I am_destroy_activity: [0,1104557808,29,com.android.settings/.Settings,finish-imm]
11-14 19:46:23.899   178   178 I sf_frame_dur: [com.android.settings/com.android.settings.Settings,5,1,0,0,0,0,1]
11-14 19:46:24.599   631   672 I am_create_task: [0,30]
11-14 19:46:24.599   631   672 I am_create_activity: [0,1104760824,30,com.android.settings/.Settings,android.intent.action.MAIN,NULL,NULL,270532608]
11-14 19:46:24.599   631   672 I wm_task_created: [30,3]
11-14 19:46:24.599   631   672 I wm_task_moved: [30,1,2]
11-14 19:46:24.599   631   672 I wm_home_stack_moved: 0
11-14 19:46:24.649   631   672 I am_pause_activity: [0,1107209264,com.cyanogenmod.trebuchet/org.cyanogenmod.trebuchet.CustomHomeLauncher]
11-14 19:46:24.659  1089  1089 I am_on_paused_called: [0,org.cyanogenmod.trebuchet.CustomHomeLauncher]
11-14 19:46:24.659   631  1142 I am_restart_activity: [0,1104760824,30,com.android.settings/.Settings]
11-14 19:46:25.009   178   178 I sf_frame_dur: [com.cyanogenmod.trebuchet/org.cyanogenmod.trebuchet.CustomHomeLauncher,0,0,0,0,0,0,1]
11-14 19:46:25.589   631   672 I wm_task_removed: [29,removeTask]
11-14 19:46:25.589   631   672 I wm_task_removed: [29,removeAppToken: last token]
11-14 19:46:25.639  2374  2374 I am_on_resume_called: [0,com.android.settings.Settings]
11-14 19:46:25.739   631  1126 I am_create_service: [0,1105493360,.SearchPopulator,1000,2374]
11-14 19:46:25.799   631   841 I am_activity_launch_time: [0,1104760824,com.android.settings/.Settings,1141,1141]
11-14 19:46:25.879   631  1128 I am_destroy_service: [0,1105493360,2374]
11-14 19:46:26.009   178   178 I sf_frame_dur: [Starting com.android.settings,1,0,0,0,0,0,0]
11-14 19:46:30.839  3222  3240 I dvm_lock_sample: [uiautomator,0,UiAutomatorHandlerThread,160,QueryController.java,61,-,149,32]
11-14 19:46:32.019   631  1109 I wm_task_moved: [30,1,1]
11-14 19:46:32.019   631  1109 I wm_home_stack_moved: 0
11-14 19:46:32.019   631  1109 I am_create_activity: [0,1105468384,30,com.android.settings/.SubSettings,android.intent.action.MAIN,NULL,NULL,0]
11-14 19:46:32.019   631  1109 I am_pause_activity: [0,1104760824,com.android.settings/.Settings]
11-14 19:46:32.049  2374  2374 I am_on_paused_called: [0,com.android.settings.Settings]
11-14 19:46:32.049   631   672 I am_restart_activity: [0,1105468384,30,com.android.settings/.SubSettings]
11-14 19:46:32.119  2374  2374 I am_on_resume_called: [0,com.android.settings.SubSettings]
11-14 19:46:32.209   631   841 I am_activity_launch_time: [0,1105468384,com.android.settings/.SubSettings,158,158]
11-14 19:46:32.549   178   178 I sf_frame_dur: [com.android.settings/com.android.settings.Settings,105,9,5,1,1,2,2]
11-14 19:46:32.799   631   672 I am_finish_activity: [0,1105468384,30,com.android.settings/.SubSettings,app-request]
11-14 19:46:32.799   631   672 I am_pause_activity: [0,1105468384,com.android.settings/.SubSettings]
11-14 19:46:32.799  2374  2374 I am_on_paused_called: [0,com.android.settings.SubSettings]
11-14 19:46:32.799   631  1101 I am_resume_activity: [0,1104760824,30,com.android.settings/.Settings]
11-14 19:46:32.809  2374  2374 I am_on_resume_called: [0,com.android.settings.Settings]
11-14 19:46:33.219   631   844 I am_destroy_activity: [0,1105468384,30,com.android.settings/.SubSettings,finish-imm]
11-14 19:46:33.239   178   178 I sf_frame_dur: [com.android.settings/com.android.settings.SubSettings,0,1,0,0,1,0,0]
11-14 19:46:35.039   631   873 I am_finish_activity: [0,1104760824,30,com.android.settings/.Settings,app-request]
11-14 19:46:35.039   631   873 I wm_home_stack_moved: 1
11-14 19:46:35.039   631   873 I wm_task_moved: [1,1,1]
11-14 19:46:35.039   631   873 I wm_home_stack_moved: 1
11-14 19:46:35.079   631   873 I am_pause_activity: [0,1104760824,com.android.settings/.Settings]
11-14 19:46:35.089  2374  2374 I am_on_paused_called: [0,com.android.settings.Settings]
11-14 19:46:35.099   631   669 I am_resume_activity: [0,1107209264,1,com.cyanogenmod.trebuchet/org.cyanogenmod.trebuchet.CustomHomeLauncher]
11-14 19:46:35.099  1089  1089 I am_on_resume_called: [0,org.cyanogenmod.trebuchet.CustomHomeLauncher]
11-14 19:46:35.569   631   844 I am_destroy_activity: [0,1104760824,30,com.android.settings/.Settings,finish-imm]
11-14 19:46:35.599   178   178 I sf_frame_dur: [com.android.settings/com.android.settings.Settings,4,2,0,0,0,0,2]
11-14 19:46:36.309   631  1126 I am_create_task: [0,31]
11-14 19:46:36.309   631  1126 I am_create_activity: [0,1104557808,31,com.android.settings/.Settings,android.intent.action.MAIN,NULL,NULL,270532608]
11-14 19:46:36.309   631  1126 I wm_task_created: [31,3]
11-14 19:46:36.309   631  1126 I wm_task_moved: [31,1,2]
11-14 19:46:36.309   631  1126 I wm_home_stack_moved: 0
11-14 19:46:36.349   631  1126 I am_pause_activity: [0,1107209264,com.cyanogenmod.trebuchet/org.cyanogenmod.trebuchet.CustomHomeLauncher]
11-14 19:46:36.369  1089  1089 I am_on_paused_called: [0,org.cyanogenmod.trebuchet.CustomHomeLauncher]
11-14 19:46:36.379   631  1128 I am_restart_activity: [0,1104557808,31,com.android.settings/.Settings]
11-14 19:46:36.719   178   178 I sf_frame_dur: [com.cyanogenmod.trebuchet/org.cyanogenmod.trebuchet.CustomHomeLauncher,0,0,0,0,0,0,1]
11-14 19:46:37.219   631  1109 I wm_task_removed: [30,removeTask]
11-14 19:46:37.219   631  1109 I wm_task_removed: [30,removeAppToken: last token]
11-14 19:46:37.269  2374  2374 I am_on_resume_called: [0,com.android.settings.Settings]
11-14 19:46:37.359   631  1101 I am_create_service: [0,1106489064,.SearchPopulator,1000,2374]
11-14 19:46:37.409   631   841 I am_activity_launch_time: [0,1104557808,com.android.settings/.Settings,1031,1031]
11-14 19:46:37.459   631  1109 I am_destroy_service: [0,1106489064,2374]
11-14 19:46:37.619   178   178 I sf_frame_dur: [Starting com.android.settings,1,0,0,0,0,0,0]
11-14 19:46:43.879   631   669 I wm_task_moved: [31,1,1]
11-14 19:46:43.879   631   669 I wm_home_stack_moved: 0
11-14 19:46:43.879   631   669 I am_create_activity: [0,1105468384,31,com.android.settings/.SubSettings,android.intent.action.MAIN,NULL,NULL,0]
11-14 19:46:43.889   631   669 I am_pause_activity: [0,1104557808,com.android.settings/.Settings]
11-14 19:46:43.909  2374  2374 I am_on_paused_called: [0,com.android.settings.Settings]
11-14 19:46:43.909   631  1126 I am_restart_activity: [0,1105468384,31,com.android.settings/.SubSettings]
11-14 19:46:43.989  2374  2374 I am_on_resume_called: [0,com.android.settings.SubSettings]
11-14 19:46:44.099   631   841 I am_activity_launch_time: [0,1105468384,com.android.settings/.SubSettings,184,184]
11-14 19:46:44.429   178   178 I sf_frame_dur: [com.android.settings/com.android.settings.Settings,107,7,4,0,3,2,1]
11-14 19:46:44.669   631  1142 I am_finish_activity: [0,1105468384,31,com.android.settings/.SubSettings,app-request]
11-14 19:46:44.679   631  1142 I am_pause_activity: [0,1105468384,com.android.settings/.SubSettings]
11-14 19:46:44.679  2374  2374 I am_on_paused_called: [0,com.android.settings.SubSettings]
11-14 19:46:44.679   631   669 I am_resume_activity: [0,1104557808,31,com.android.settings/.Settings]
11-14 19:46:44.699  2374  2374 I am_on_resume_called: [0,com.android.settings.Settings]
11-14 19:46:45.149   631   844 I am_destroy_activity: [0,1105468384,31,com.android.settings/.SubSettings,finish-imm]
11-14 19:46:45.159   178   178 I sf_frame_dur: [com.android.settings/com.android.settings.SubSettings,0,1,0,0,1,0,0]
11-14 19:46:47.509   631  1098 I am_finish_activity: [0,1104557808,31,com.android.settings/.Settings,app-request]
11-14 19:46:47.509   631  1098 I wm_home_stack_moved: 1
11-14 19:46:47.509   631  1098 I wm_task_moved: [1,1,1]
11-14 19:46:47.509   631  1098 I wm_home_stack_moved: 1
11-14 19:46:47.549   631  1098 I am_pause_activity: [0,1104557808,com.android.settings/.Settings]
11-14 19:46:47.549  2374  2374 I am_on_paused_called: [0,com.android.settings.Settings]
11-14 19:46:47.549   631   672 I am_resume_activity: [0,1107209264,1,com.cyanogenmod.trebuchet/org.cyanogenmod.trebuchet.CustomHomeLauncher]
11-14 19:46:47.569  1089  1089 I am_on_resume_called: [0,org.cyanogenmod.trebuchet.CustomHomeLauncher]
11-14 19:46:48.029   631   844 I am_destroy_activity: [0,1104557808,31,com.android.settings/.Settings,finish-imm]
11-14 19:46:48.039   178   178 I sf_frame_dur: [com.android.settings/com.android.settings.Settings,3,1,1,0,0,0,1]
11-14 19:46:48.769   631   873 I am_create_task: [0,32]
11-14 19:46:48.769   631   873 I am_create_activity: [0,1104760824,32,com.android.settings/.Settings,android.intent.action.MAIN,NULL,NULL,270532608]
11-14 19:46:48.769   631   873 I wm_task_created: [32,3]
11-14 19:46:48.769   631   873 I wm_task_moved: [32,1,2]
11-14 19:46:48.769   631   873 I wm_home_stack_moved: 0
11-14 19:46:48.809   631   873 I am_pause_activity: [0,1107209264,com.cyanogenmod.trebuchet/org.cyanogenmod.trebuchet.CustomHomeLauncher]
11-14 19:46:48.819  1089  1089 I am_on_paused_called: [0,org.cyanogenmod.trebuchet.CustomHomeLauncher]
11-14 19:46:48.819   631  1098 I am_restart_activity: [0,1104760824,32,com.android.settings/.Settings]
11-14 19:46:49.179   178   178 I sf_frame_dur: [com.cyanogenmod.trebuchet/org.cyanogenmod.trebuchet.CustomHomeLauncher,0,0,0,0,0,0,1]
11-14 19:46:49.519   631  1128 I wm_task_removed: [31,removeTask]
11-14 19:46:49.519   631  1128 I wm_task_removed: [31,removeAppToken: last token]
11-14 19:46:49.569  2374  2374 I am_on_resume_called: [0,com.android.settings.Settings]
11-14 19:46:49.659   631  1098 I am_create_service: [0,1104475528,.SearchPopulator,1000,2374]
11-14 19:46:49.719   631   841 I am_activity_launch_time: [0,1104760824,com.android.settings/.Settings,892,892]
11-14 19:46:49.749   631   872 I am_destroy_service: [0,1104475528,2374]
11-14 19:46:49.929   178   178 I sf_frame_dur: [Starting com.android.settings,0,1,0,0,0,0,0]
11-14 19:46:56.549   631  1126 I wm_task_moved: [32,1,1]
11-14 19:46:56.549   631  1126 I wm_home_stack_moved: 0
11-14 19:46:56.549   631  1126 I am_create_activity: [0,1105468384,32,com.android.settings/.SubSettings,android.intent.action.MAIN,NULL,NULL,0]
11-14 19:46:56.559   631  1126 I am_pause_activity: [0,1104760824,com.android.settings/.Settings]
11-14 19:46:56.579  2374  2374 I am_on_paused_called: [0,com.android.settings.Settings]
11-14 19:46:56.589   631   672 I am_restart_activity: [0,1105468384,32,com.android.settings/.SubSettings]
11-14 19:46:56.649  2374  2374 I am_on_resume_called: [0,com.android.settings.SubSettings]
11-14 19:46:56.709   631   841 I am_activity_launch_time: [0,1105468384,com.android.settings/.SubSettings,128,128]
11-14 19:46:57.049   178   178 I sf_frame_dur: [com.android.settings/com.android.settings.Settings,109,9,1,3,1,3,1]
11-14 19:46:57.309   631  1126 I am_finish_activity: [0,1105468384,32,com.android.settings/.SubSettings,app-request]
11-14 19:46:57.319   631  1126 I am_pause_activity: [0,1105468384,com.android.settings/.SubSettings]
11-14 19:46:57.329  2374  2374 I am_on_paused_called: [0,com.android.settings.SubSettings]
11-14 19:46:57.329   631  1128 I am_resume_activity: [0,1104760824,32,com.android.settings/.Settings]
11-14 19:46:57.349  2374  2374 I am_on_resume_called: [0,com.android.settings.Settings]
11-14 19:46:57.789   631   844 I am_destroy_activity: [0,1105468384,32,com.android.settings/.SubSettings,finish-imm]
11-14 19:46:57.809   178   178 I sf_frame_dur: [com.android.settings/com.android.settings.SubSettings,1,0,0,0,1,0,0]
11-14 19:46:59.859   631   873 I am_finish_activity: [0,1104760824,32,com.android.settings/.Settings,app-request]
11-14 19:46:59.859   631   873 I wm_home_stack_moved: 1
11-14 19:46:59.859   631   873 I wm_task_moved: [1,1,1]
11-14 19:46:59.859   631   873 I wm_home_stack_moved: 1
11-14 19:46:59.899   631   873 I am_pause_activity: [0,1104760824,com.android.settings/.Settings]
11-14 19:46:59.919  2374  2374 I am_on_paused_called: [0,com.android.settings.Settings]
11-14 19:46:59.919   631  1098 I am_resume_activity: [0,1107209264,1,com.cyanogenmod.trebuchet/org.cyanogenmod.trebuchet.CustomHomeLauncher]
11-14 19:46:59.939  1089  1089 I am_on_resume_called: [0,org.cyanogenmod.trebuchet.CustomHomeLauncher]
11-14 19:47:00.399   631   844 I am_destroy_activity: [0,1104760824,32,com.android.settings/.Settings,finish-imm]
11-14 19:47:00.419   178   178 I sf_frame_dur: [com.android.settings/com.android.settings.Settings,7,0,0,0,0,0,2]
11-14 19:47:01.139   631  1101 I am_create_task: [0,33]
11-14 19:47:01.139   631  1101 I am_create_activity: [0,1104557808,33,com.android.settings/.Settings,android.intent.action.MAIN,NULL,NULL,270532608]
11-14 19:47:01.139   631  1101 I wm_task_created: [33,3]
11-14 19:47:01.139   631  1101 I wm_task_moved: [33,1,2]
11-14 19:47:01.139   631  1101 I wm_home_stack_moved: 0
11-14 19:47:01.169   631  1101 I am_pause_activity: [0,1107209264,com.cyanogenmod.trebuchet/org.cyanogenmod.trebuchet.CustomHomeLauncher]
11-14 19:47:01.229  1089  1089 I am_on_paused_called: [0,org.cyanogenmod.trebuchet.CustomHomeLauncher]
11-14 19:47:01.229   631   669 I am_restart_activity: [0,1104557808,33,com.android.settings/.Settings]
11-14 19:47:01.519   178   178 I sf_frame_dur: [com.cyanogenmod.trebuchet/org.cyanogenmod.trebuchet.CustomHomeLauncher,0,0,0,0,0,0,1]
11-14 19:47:02.129   631  1098 I wm_task_removed: [32,removeTask]
11-14 19:47:02.129   631  1098 I wm_task_removed: [32,removeAppToken: last token]
11-14 19:47:02.179  2374  2374 I am_on_resume_called: [0,com.android.settings.Settings]
11-14 19:47:02.279   631  1126 I am_create_service: [0,1108952536,.SearchPopulator,1000,2374]
11-14 19:47:02.329   631   841 I am_activity_launch_time: [0,1104557808,com.android.settings/.Settings,1096,1096]
11-14 19:47:02.379   631   873 I am_destroy_service: [0,1108952536,2374]
11-14 19:47:02.539   178   178 I sf_frame_dur: [Starting com.android.settings,0,1,0,0,0,0,0]
11-14 19:47:07.179  3222  3240 I dvm_lock_sample: [uiautomator,0,UiAutomatorHandlerThread,111,QueryController.java,61,-,149,22]
11-14 19:47:08.229   631   872 I wm_task_moved: [33,1,1]
11-14 19:47:08.229   631   872 I wm_home_stack_moved: 0
11-14 19:47:08.229   631   872 I am_create_activity: [0,1105468384,33,com.android.settings/.SubSettings,android.intent.action.MAIN,NULL,NULL,0]
11-14 19:47:08.229   631   872 I am_pause_activity: [0,1104557808,com.android.settings/.Settings]
11-14 19:47:08.259  2374  2374 I am_on_paused_called: [0,com.android.settings.Settings]
11-14 19:47:08.259   631  1109 I am_restart_activity: [0,1105468384,33,com.android.settings/.SubSettings]
11-14 19:47:08.329  2374  2374 I am_on_resume_called: [0,com.android.settings.SubSettings]
11-14 19:47:08.409   631   841 I am_activity_launch_time: [0,1105468384,com.android.settings/.SubSettings,157,157]
11-14 19:47:08.749   178   178 I sf_frame_dur: [com.android.settings/com.android.settings.Settings,110,6,4,1,2,2,1]
11-14 19:47:09.009   631  1128 I am_finish_activity: [0,1105468384,33,com.android.settings/.SubSettings,app-request]
11-14 19:47:09.009   631  1128 I am_pause_activity: [0,1105468384,com.android.settings/.SubSettings]
11-14 19:47:09.009  2374  2374 I am_on_paused_called: [0,com.android.settings.SubSettings]
11-14 19:47:09.019   631  1109 I am_resume_activity: [0,1104557808,33,com.android.settings/.Settings]
11-14 19:47:09.049  2374  2374 I am_on_resume_called: [0,com.android.settings.Settings]
11-14 19:47:09.489   631   844 I am_destroy_activity: [0,1105468384,33,com.android.settings/.SubSettings,finish-imm]
11-14 19:47:09.499   178   178 I sf_frame_dur: [com.android.settings/com.android.settings.SubSettings,0,1,0,0,1,0,0]
11-14 19:47:11.789   631  1142 I am_finish_activity: [0,1104557808,33,com.android.settings/.Settings,app-request]
11-14 19:47:11.789   631  1142 I wm_home_stack_moved: 1
11-14 19:47:11.789   631  1142 I wm_task_moved: [1,1,1]
11-14 19:47:11.789   631  1142 I wm_home_stack_moved: 1
11-14 19:47:11.829   631  1142 I am_pause_activity: [0,1104557808,com.android.settings/.Settings]
11-14 19:47:11.839  2374  2374 I am_on_paused_called: [0,com.android.settings.Settings]
11-14 19:47:11.839   631   873 I am_resume_activity: [0,1107209264,1,com.cyanogenmod.trebuchet/org.cyanogenmod.trebuchet.CustomHomeLauncher]
11-14 19:47:11.849  1089  1089 I am_on_resume_called: [0,org.cyanogenmod.trebuchet.CustomHomeLauncher]
11-14 19:47:12.309   631   844 I am_destroy_activity: [0,1104557808,33,com.android.settings/.Settings,finish-imm]
11-14 19:47:12.329   178   178 I sf_frame_dur: [com.android.settings/com.android.settings.Settings,7,0,1,0,0,0,1]
11-14 19:47:13.049   631  1142 I am_create_task: [0,34]
11-14 19:47:13.049   631  1142 I am_create_activity: [0,1104760824,34,com.android.settings/.Settings,android.intent.action.MAIN,NULL,NULL,270532608]
11-14 19:47:13.049   631  1142 I wm_task_created: [34,3]
11-14 19:47:13.049   631  1142 I wm_task_moved: [34,1,2]
11-14 19:47:13.049   631  1142 I wm_home_stack_moved: 0
11-14 19:47:13.099   631  1142 I am_pause_activity: [0,1107209264,com.cyanogenmod.trebuchet/org.cyanogenmod.trebuchet.CustomHomeLauncher]
11-14 19:47:13.109  1089  1089 I am_on_paused_called: [0,org.cyanogenmod.trebuchet.CustomHomeLauncher]
11-14 19:47:13.109   631   669 I am_restart_activity: [0,1104760824,34,com.android.settings/.Settings]
11-14 19:47:13.459   178   178 I sf_frame_dur: [com.cyanogenmod.trebuchet/org.cyanogenmod.trebuchet.CustomHomeLauncher,0,0,0,0,0,0,1]
11-14 19:47:14.019   631  1142 I wm_task_removed: [33,removeTask]
11-14 19:47:14.019   631  1142 I wm_task_removed: [33,removeAppToken: last token]
11-14 19:47:14.069  2374  2374 I am_on_resume_called: [0,com.android.settings.Settings]
11-14 19:47:14.159   631  1126 I am_create_service: [0,1109015000,.SearchPopulator,1000,2374]
11-14 19:47:14.199   631   841 I am_activity_launch_time: [0,1104760824,com.android.settings/.Settings,1090,1090]
11-14 19:47:14.249   631  1142 I am_destroy_service: [0,1109015000,2374]
11-14 19:47:14.419   178   178 I sf_frame_dur: [Starting com.android.settings,1,0,0,0,0,0,0]
11-14 19:47:20.419   631  1128 I wm_task_moved: [34,1,1]
11-14 19:47:20.419   631  1128 I wm_home_stack_moved: 0
11-14 19:47:20.419   631  1128 I am_create_activity: [0,1105468384,34,com.android.settings/.SubSettings,android.intent.action.MAIN,NULL,NULL,0]
11-14 19:47:20.419   631  1128 I am_pause_activity: [0,1104760824,com.android.settings/.Settings]
11-14 19:47:20.439  2374  2374 I am_on_paused_called: [0,com.android.settings.Settings]
11-14 19:47:20.439   631  1098 I am_restart_activity: [0,1105468384,34,com.android.settings/.SubSettings]
11-14 19:47:20.499  2374  2374 I am_on_resume_called: [0,com.android.settings.SubSettings]
11-14 19:47:20.579   631   841 I am_activity_launch_time: [0,1105468384,com.android.settings/.SubSettings,132,132]
11-14 19:47:20.919   178   178 I sf_frame_dur: [com.android.settings/com.android.settings.Settings,113,10,3,0,2,3,1]
11-14 19:47:21.169   631   672 I am_finish_activity: [0,1105468384,34,com.android.settings/.SubSettings,app-request]
11-14 19:47:21.169   631   672 I am_pause_activity: [0,1105468384,com.android.settings/.SubSettings]
11-14 19:47:21.169  2374  2374 I am_on_paused_called: [0,com.android.settings.SubSettings]
11-14 19:47:21.179   631   669 I am_resume_activity: [0,1104760824,34,com.android.settings/.Settings]
11-14 19:47:21.199  2374  2374 I am_on_resume_called: [0,com.android.settings.Settings]
11-14 19:47:21.629   631   844 I am_destroy_activity: [0,1105468384,34,com.android.settings/.SubSettings,finish-imm]
11-14 19:47:21.639   178   178 I sf_frame_dur: [com.android.settings/com.android.settings.SubSettings,0,1,0,0,0,0,0]
11-14 19:47:23.439   631   669 I am_finish_activity: [0,1104760824,34,com.android.settings/.Settings,app-request]
11-14 19:47:23.439   631   669 I wm_home_stack_moved: 1
11-14 19:47:23.439   631   669 I wm_task_moved: [1,1,1]
11-14 19:47:23.439   631   669 I wm_home_stack_moved: 1
11-14 19:47:23.479   631   669 I am_pause_activity: [0,1104760824,com.android.settings/.Settings]
11-14 19:47:23.489  2374  2374 I am_on_paused_called: [0,com.android.settings.Settings]
11-14 19:47:23.489   631  1109 I am_resume_activity: [0,1107209264,1,com.cyanogenmod.trebuchet/org.cyanogenmod.trebuchet.CustomHomeLauncher]
11-14 19:47:23.509  1089  1089 I am_on_resume_called: [0,org.cyanogenmod.trebuchet.CustomHomeLauncher]
11-14 19:47:23.969   631   844 I am_destroy_activity: [0,1104760824,34,com.android.settings/.Settings,finish-imm]
11-14 19:47:23.979   178   178 I sf_frame_dur: [com.android.settings/com.android.settings.Settings,4,1,0,0,0,0,1]
11-14 19:47:24.719   631   873 I am_create_task: [0,35]
11-14 19:47:24.719   631   873 I am_create_activity: [0,1104557808,35,com.android.settings/.Settings,android.intent.action.MAIN,NULL,NULL,270532608]
11-14 19:47:24.719   631   873 I wm_task_created: [35,3]
11-14 19:47:24.719   631   873 I wm_task_moved: [35,1,2]
11-14 19:47:24.719   631   873 I wm_home_stack_moved: 0
11-14 19:47:24.759   631   873 I am_pause_activity: [0,1107209264,com.cyanogenmod.trebuchet/org.cyanogenmod.trebuchet.CustomHomeLauncher]
11-14 19:47:24.769  1089  1089 I am_on_paused_called: [0,org.cyanogenmod.trebuchet.CustomHomeLauncher]
11-14 19:47:24.779   631  1109 I am_restart_activity: [0,1104557808,35,com.android.settings/.Settings]
11-14 19:47:25.139   178   178 I sf_frame_dur: [com.cyanogenmod.trebuchet/org.cyanogenmod.trebuchet.CustomHomeLauncher,0,0,0,0,0,0,1]
11-14 19:47:25.819   631  1101 I wm_task_removed: [34,removeTask]
11-14 19:47:25.819   631  1101 I wm_task_removed: [34,removeAppToken: last token]
11-14 19:47:25.859  2374  2374 I am_on_resume_called: [0,com.android.settings.Settings]
11-14 19:47:25.949   631   669 I am_create_service: [0,1108311080,.SearchPopulator,1000,2374]
11-14 19:47:25.989   631   841 I am_activity_launch_time: [0,1104557808,com.android.settings/.Settings,1220,1220]
11-14 19:47:26.039   631  1126 I am_destroy_service: [0,1108311080,2374]
11-14 19:47:26.209   178   178 I sf_frame_dur: [Starting com.android.settings,1,0,0,0,0,0,0]
11-14 19:47:32.709   631   873 I wm_task_moved: [35,1,1]
11-14 19:47:32.709   631   873 I wm_home_stack_moved: 0
11-14 19:47:32.709   631   873 I am_create_activity: [0,1105468384,35,com.android.settings/.SubSettings,android.intent.action.MAIN,NULL,NULL,0]
11-14 19:47:32.719   631   873 I am_pause_activity: [0,1104557808,com.android.settings/.Settings]
11-14 19:47:32.759  2374  2374 I am_on_paused_called: [0,com.android.settings.Settings]
11-14 19:47:32.759   631   872 I am_restart_activity: [0,1105468384,35,com.android.settings/.SubSettings]
11-14 19:47:32.809  2374  2374 I am_on_resume_called: [0,com.android.settings.SubSettings]
11-14 19:47:32.869   631   841 I am_activity_launch_time: [0,1105468384,com.android.settings/.SubSettings,116,116]
11-14 19:47:33.209   178   178 I sf_frame_dur: [com.android.settings/com.android.settings.Settings,111,6,4,2,1,3,1]
11-14 19:47:33.469   631   872 I am_finish_activity: [0,1105468384,35,com.android.settings/.SubSettings,app-request]
11-14 19:47:33.469   631   872 I am_pause_activity: [0,1105468384,com.android.settings/.SubSettings]
11-14 19:47:33.479  2374  2374 I am_on_paused_called: [0,com.android.settings.SubSettings]
11-14 19:47:33.479   631  1128 I am_resume_activity: [0,1104557808,35,com.android.settings/.Settings]
11-14 19:47:33.499  2374  2374 I am_on_resume_called: [0,com.android.settings.Settings]
11-14 19:47:33.919   631   844 I am_destroy_activity: [0,1105468384,35,com.android.settings/.SubSettings,finish-imm]
11-14 19:47:33.929   178   178 I sf_frame_dur: [com.android.settings/com.android.settings.SubSettings,2,0,0,0,1,0,0]
11-14 19:47:36.169   631  1142 I am_finish_activity: [0,1104557808,35,com.android.settings/.Settings,app-request]
11-14 19:47:36.169   631  1142 I wm_home_stack_moved: 1
11-14 19:47:36.169   631  1142 I wm_task_moved: [1,1,1]
11-14 19:47:36.169   631  1142 I wm_home_stack_moved: 1
11-14 19:47:36.209   631  1142 I am_pause_activity: [0,1104557808,com.android.settings/.Settings]
11-14 19:47:36.219  2374  2374 I am_on_paused_called: [0,com.android.settings.Settings]
11-14 19:47:36.219   631   873 I am_resume_activity: [0,1107209264,1,com.cyanogenmod.trebuchet/org.cyanogenmod.trebuchet.CustomHomeLauncher]
11-14 19:47:36.239  1089  1089 I am_on_resume_called: [0,org.cyanogenmod.trebuchet.CustomHomeLauncher]
11-14 19:47:36.709   631   844 I am_destroy_activity: [0,1104557808,35,com.android.settings/.Settings,finish-imm]
11-14 19:47:36.719   178   178 I sf_frame_dur: [com.android.settings/com.android.settings.Settings,5,2,0,0,0,0,1]
11-14 19:47:37.439   631   873 I am_create_task: [0,36]
11-14 19:47:37.439   631   873 I am_create_activity: [0,1104760824,36,com.android.settings/.Settings,android.intent.action.MAIN,NULL,NULL,270532608]
11-14 19:47:37.439   631   873 I wm_task_created: [36,3]
11-14 19:47:37.439   631   873 I wm_task_moved: [36,1,2]
11-14 19:47:37.439   631   873 I wm_home_stack_moved: 0
11-14 19:47:37.479   631   873 I am_pause_activity: [0,1107209264,com.cyanogenmod.trebuchet/org.cyanogenmod.trebuchet.CustomHomeLauncher]
11-14 19:47:37.489  1089  1089 I am_on_paused_called: [0,org.cyanogenmod.trebuchet.CustomHomeLauncher]
11-14 19:47:37.489   631  1109 I am_restart_activity: [0,1104760824,36,com.android.settings/.Settings]
11-14 19:47:37.829   178   178 I sf_frame_dur: [com.cyanogenmod.trebuchet/org.cyanogenmod.trebuchet.CustomHomeLauncher,0,0,0,0,0,0,1]
11-14 19:47:38.499   631  1109 I wm_task_removed: [35,removeTask]
11-14 19:47:38.499   631  1109 I wm_task_removed: [35,removeAppToken: last token]
11-14 19:47:38.549  2374  2374 I am_on_resume_called: [0,com.android.settings.Settings]
11-14 19:47:38.649   631  1126 I am_create_service: [0,1109550192,.SearchPopulator,1000,2374]
11-14 19:47:38.699   631   841 I am_activity_launch_time: [0,1104760824,com.android.settings/.Settings,1210,1210]
11-14 19:47:38.749   631  1109 I am_destroy_service: [0,1109550192,2374]
11-14 19:47:38.909   178   178 I sf_frame_dur: [Starting com.android.settings,1,0,0,0,0,0,0]
11-14 19:47:44.719   631   872 I wm_task_moved: [36,1,1]
11-14 19:47:44.719   631   872 I wm_home_stack_moved: 0
11-14 19:47:44.719   631   872 I am_create_activity: [0,1105468384,36,com.android.settings/.SubSettings,android.intent.action.MAIN,NULL,NULL,0]
11-14 19:47:44.729   631   872 I am_pause_activity: [0,1104760824,com.android.settings/.Settings]
11-14 19:47:44.769  2374  2374 I am_on_paused_called: [0,com.android.settings.Settings]
11-14 19:47:44.769   631   873 I am_restart_activity: [0,1105468384,36,com.android.settings/.SubSettings]
11-14 19:47:44.849  2374  2374 I am_on_resume_called: [0,com.android.settings.SubSettings]
11-14 19:47:44.919   631   841 I am_activity_launch_time: [0,1105468384,com.android.settings/.SubSettings,144,144]
11-14 19:47:45.249   178   178 I sf_frame_dur: [com.android.settings/com.android.settings.Settings,103,10,3,1,1,1,2]
11-14 19:47:45.509   631  1126 I am_finish_activity: [0,1105468384,36,com.android.settings/.SubSettings,app-request]
11-14 19:47:45.509   631  1126 I am_pause_activity: [0,1105468384,com.android.settings/.SubSettings]
11-14 19:47:45.519  2374  2374 I am_on_paused_called: [0,com.android.settings.SubSettings]
11-14 19:47:45.519   631  1098 I am_resume_activity: [0,1104760824,36,com.android.settings/.Settings]
11-14 19:47:45.529  2374  2374 I am_on_resume_called: [0,com.android.settings.Settings]
11-14 19:47:45.959   631   844 I am_destroy_activity: [0,1105468384,36,com.android.settings/.SubSettings,finish-imm]
11-14 19:47:45.969   178   178 I sf_frame_dur: [com.android.settings/com.android.settings.SubSettings,2,0,0,0,1,0,0]
11-14 19:47:48.449   631   873 I am_finish_activity: [0,1104760824,36,com.android.settings/.Settings,app-request]
11-14 19:47:48.449   631   873 I wm_home_stack_moved: 1
11-14 19:47:48.449   631   873 I wm_task_moved: [1,1,1]
11-14 19:47:48.449   631   873 I wm_home_stack_moved: 1
11-14 19:47:48.489   631   873 I am_pause_activity: [0,1104760824,com.android.settings/.Settings]
11-14 19:47:48.499  2374  2374 I am_on_paused_called: [0,com.android.settings.Settings]
11-14 19:47:48.509   631   672 I am_resume_activity: [0,1107209264,1,com.cyanogenmod.trebuchet/org.cyanogenmod.trebuchet.CustomHomeLauncher]
11-14 19:47:48.519  1089  1089 I am_on_resume_called: [0,org.cyanogenmod.trebuchet.CustomHomeLauncher]
11-14 19:47:48.999   631   844 I am_destroy_activity: [0,1104760824,36,com.android.settings/.Settings,finish-imm]
11-14 19:47:49.009   178   178 I sf_frame_dur: [com.android.settings/com.android.settings.Settings,7,0,0,0,0,0,1]
11-14 19:47:49.709   631  1126 I am_create_task: [0,37]
11-14 19:47:49.709   631  1126 I am_create_activity: [0,1104557808,37,com.android.settings/.Settings,android.intent.action.MAIN,NULL,NULL,270532608]
11-14 19:47:49.709   631  1126 I wm_task_created: [37,3]
11-14 19:47:49.709   631  1126 I wm_task_moved: [37,1,2]
11-14 19:47:49.709   631  1126 I wm_home_stack_moved: 0
11-14 19:47:49.769   631  1126 I am_pause_activity: [0,1107209264,com.cyanogenmod.trebuchet/org.cyanogenmod.trebuchet.CustomHomeLauncher]
11-14 19:47:49.779  1089  1089 I am_on_paused_called: [0,org.cyanogenmod.trebuchet.CustomHomeLauncher]
11-14 19:47:49.779   631  1109 I am_restart_activity: [0,1104557808,37,com.android.settings/.Settings]
11-14 19:47:50.139   178   178 I sf_frame_dur: [com.cyanogenmod.trebuchet/org.cyanogenmod.trebuchet.CustomHomeLauncher,0,0,0,0,0,0,1]
11-14 19:47:50.909   631  1109 I wm_task_removed: [36,removeTask]
11-14 19:47:50.909   631  1109 I wm_task_removed: [36,removeAppToken: last token]
11-14 19:47:50.959  2374  2374 I am_on_resume_called: [0,com.android.settings.Settings]
11-14 19:47:51.059   631  1142 I am_create_service: [0,1108232168,.SearchPopulator,1000,2374]
11-14 19:47:51.109   631   841 I am_activity_launch_time: [0,1104557808,com.android.settings/.Settings,1327,1327]
11-14 19:47:51.159   631   672 I am_destroy_service: [0,1108232168,2374]
11-14 19:47:51.319   178   178 I sf_frame_dur: [Starting com.android.settings,1,0,0,0,0,0,0]
11-14 19:47:52.399  3222  3240 I dvm_lock_sample: [uiautomator,0,UiAutomatorHandlerThread,102,QueryController.java,61,-,149,20]
11-14 19:47:55.949  3222  3240 I dvm_lock_sample: [uiautomator,0,UiAutomatorHandlerThread,93,QueryController.java,61,-,149,18]
11-14 19:47:57.079   631   873 I wm_task_moved: [37,1,1]
11-14 19:47:57.079   631   873 I wm_home_stack_moved: 0
11-14 19:47:57.079   631   873 I am_create_activity: [0,1105468384,37,com.android.settings/.SubSettings,android.intent.action.MAIN,NULL,NULL,0]
11-14 19:47:57.079   631   873 I am_pause_activity: [0,1104557808,com.android.settings/.Settings]
11-14 19:47:57.119  2374  2374 I am_on_paused_called: [0,com.android.settings.Settings]
11-14 19:47:57.119   631   873 I am_restart_activity: [0,1105468384,37,com.android.settings/.SubSettings]
11-14 19:47:57.199  2374  2374 I am_on_resume_called: [0,com.android.settings.SubSettings]
11-14 19:47:57.279   631   841 I am_activity_launch_time: [0,1105468384,com.android.settings/.SubSettings,156,156]
11-14 19:47:57.609   178   178 I sf_frame_dur: [com.android.settings/com.android.settings.Settings,112,3,6,2,1,2,1]
11-14 19:47:57.859   631  1126 I am_finish_activity: [0,1105468384,37,com.android.settings/.SubSettings,app-request]
11-14 19:47:57.859   631  1126 I am_pause_activity: [0,1105468384,com.android.settings/.SubSettings]
11-14 19:47:57.859  2374  2374 I am_on_paused_called: [0,com.android.settings.SubSettings]
11-14 19:47:57.859   631   872 I am_resume_activity: [0,1104557808,37,com.android.settings/.Settings]
11-14 19:47:57.869  2374  2374 I am_on_resume_called: [0,com.android.settings.Settings]
11-14 19:47:58.279   631   844 I am_destroy_activity: [0,1105468384,37,com.android.settings/.SubSettings,finish-imm]
11-14 19:47:58.299   178   178 I sf_frame_dur: [com.android.settings/com.android.settings.SubSettings,0,1,0,0,1,0,0]
11-14 19:48:00.579   631  1101 I am_finish_activity: [0,1104557808,37,com.android.settings/.Settings,app-request]
11-14 19:48:00.579   631  1101 I wm_home_stack_moved: 1
11-14 19:48:00.579   631  1101 I wm_task_moved: [1,1,1]
11-14 19:48:00.579   631  1101 I wm_home_stack_moved: 1
11-14 19:48:00.619   631  1101 I am_pause_activity: [0,1104557808,com.android.settings/.Settings]
11-14 19:48:00.629  2374  2374 I am_on_paused_called: [0,com.android.settings.Settings]
11-14 19:48:00.629   631   672 I am_resume_activity: [0,1107209264,1,com.cyanogenmod.trebuchet/org.cyanogenmod.trebuchet.CustomHomeLauncher]
11-14 19:48:00.639  1089  1089 I am_on_resume_called: [0,org.cyanogenmod.trebuchet.CustomHomeLauncher]
11-14 19:48:01.109   631   844 I am_destroy_activity: [0,1104557808,37,com.android.settings/.Settings,finish-imm]
11-14 19:48:01.119   178   178 I sf_frame_dur: [com.android.settings/com.android.settings.Settings,5,0,1,0,0,0,1]
11-14 19:48:01.879   631   873 I am_create_task: [0,38]
11-14 19:48:01.879   631   873 I am_create_activity: [0,1104760824,38,com.android.settings/.Settings,android.intent.action.MAIN,NULL,NULL,270532608]
11-14 19:48:01.879   631   873 I wm_task_created: [38,3]
11-14 19:48:01.879   631   873 I wm_task_moved: [38,1,2]
11-14 19:48:01.879   631   873 I wm_home_stack_moved: 0
11-14 19:48:01.909   631   873 I am_pause_activity: [0,1107209264,com.cyanogenmod.trebuchet/org.cyanogenmod.trebuchet.CustomHomeLauncher]
11-14 19:48:01.919  1089  1089 I am_on_paused_called: [0,org.cyanogenmod.trebuchet.CustomHomeLauncher]
11-14 19:48:01.929   631  1101 I am_restart_activity: [0,1104760824,38,com.android.settings/.Settings]
11-14 19:48:02.259   178   178 I sf_frame_dur: [com.cyanogenmod.trebuchet/org.cyanogenmod.trebuchet.CustomHomeLauncher,0,0,0,0,0,0,1]
11-14 19:48:02.999   631  1128 I wm_task_removed: [37,removeTask]
11-14 19:48:02.999   631  1128 I wm_task_removed: [37,removeAppToken: last token]
11-14 19:48:03.049  2374  2374 I am_on_resume_called: [0,com.android.settings.Settings]
11-14 19:48:03.149   631   872 I am_create_service: [0,1106516104,.SearchPopulator,1000,2374]
11-14 19:48:03.199   631   841 I am_activity_launch_time: [0,1104760824,com.android.settings/.Settings,1273,1273]
11-14 19:48:03.249   631  1142 I am_destroy_service: [0,1106516104,2374]
11-14 19:48:03.409   178   178 I sf_frame_dur: [Starting com.android.settings,1,0,0,0,0,0,0]
11-14 19:48:09.299   631   672 I wm_task_moved: [38,1,1]
11-14 19:48:09.299   631   672 I wm_home_stack_moved: 0
11-14 19:48:09.309   631   672 I am_create_activity: [0,1105468384,38,com.android.settings/.SubSettings,android.intent.action.MAIN,NULL,NULL,0]
11-14 19:48:09.309   631   672 I am_pause_activity: [0,1104760824,com.android.settings/.Settings]
11-14 19:48:09.329  2374  2374 I am_on_paused_called: [0,com.android.settings.Settings]
11-14 19:48:09.329   631  1128 I am_restart_activity: [0,1105468384,38,com.android.settings/.SubSettings]
11-14 19:48:09.389  2374  2374 I am_on_resume_called: [0,com.android.settings.SubSettings]
11-14 19:48:09.459   631   841 I am_activity_launch_time: [0,1105468384,com.android.settings/.SubSettings,127,127]
11-14 19:48:09.799   178   178 I sf_frame_dur: [com.android.settings/com.android.settings.Settings,103,11,5,2,1,2,1]
11-14 19:48:10.069   631   672 I am_finish_activity: [0,1105468384,38,com.android.settings/.SubSettings,app-request]
11-14 19:48:10.069   631   672 I am_pause_activity: [0,1105468384,com.android.settings/.SubSettings]
11-14 19:48:10.069  2374  2374 I am_on_paused_called: [0,com.android.settings.SubSettings]
11-14 19:48:10.079   631   873 I am_resume_activity: [0,1104760824,38,com.android.settings/.Settings]
11-14 19:48:10.089  2374  2374 I am_on_resume_called: [0,com.android.settings.Settings]
11-14 19:48:10.509   631   844 I am_destroy_activity: [0,1105468384,38,com.android.settings/.SubSettings,finish-imm]
11-14 19:48:10.519   178   178 I sf_frame_dur: [com.android.settings/com.android.settings.SubSettings,2,0,0,0,1,0,0]
11-14 19:48:12.869   631  1098 I am_finish_activity: [0,1104760824,38,com.android.settings/.Settings,app-request]
11-14 19:48:12.869   631  1098 I wm_home_stack_moved: 1
11-14 19:48:12.879   631  1098 I wm_task_moved: [1,1,1]
