11-14 19:40:55.779  1037  1037 D PhoneApp: mReceiver: ACTION_ANY_DATA_CONNECTION_STATE_CHANGED
11-14 19:40:55.779  1037  1037 D PhoneApp: - state: DISCONNECTED
11-14 19:40:55.779  1037  1037 D PhoneApp: - reason: dataDisabled
11-14 19:40:55.779  1037  1037 D NotificationMgr: hideDataDisconnectedRoaming()...
11-14 19:40:57.729   631  1025 E LocSvc_eng: W/AgpsReleasedState: unrecognized event 3
11-14 19:40:57.759  1037  1037 D PhoneApp: mReceiver: ACTION_ANY_DATA_CONNECTION_STATE_CHANGED
11-14 19:40:57.759  1037  1037 D PhoneApp: - state: DISCONNECTED
11-14 19:40:57.759  1037  1037 D PhoneApp: - reason: dataDisabled
11-14 19:40:57.759  1037  1037 D NotificationMgr: hideDataDisconnectedRoaming()...
11-14 19:40:57.769   175   588 E SecondaryTablController: Interface not found
11-14 19:40:57.769   175   588 E SecondaryTablController: Interface not found
11-14 19:40:58.849   921   921 D StatusBar.NetworkController: updateConnectivity: intent=Intent { act=android.net.conn.CONNECTIVITY_CHANGE flg=0x4000010 (has extras) }
11-14 19:40:58.849   921   921 D StatusBar.NetworkController: updateConnectivity: networkInfo=NetworkInfo: type: mobile[LTE], state: CONNECTED/CONNECTED, reason: connected, extra: 3gnet, roaming: false, failover: false, isAvailable: true, isConnectedToProvisioningNetwork: false
11-14 19:40:58.849   921   921 D StatusBar.NetworkController: updateConnectivity: connectionStatus=0
11-14 19:40:58.859  1406  1406 V TransactionService: Handle ConnectivityBroadcastReceiver.onReceive(): NetworkInfo: type: mobile_mms[LTE], state: UNKNOWN/IDLE, reason: (unspecified), extra: (none), roaming: false, failover: false, isAvailable: true, isConnectedToProvisioningNetwork: false
11-14 19:40:58.859   631   986 D CaptivePortalTracker: NoActiveNetworkState{ when=0 what=1 obj=NetworkInfo: type: mobile_hipri[LTE], state: DISCONNECTED/DISCONNECTED, reason: dataDisabled, extra: 3gnet, roaming: false, failover: false, isAvailable: true, isConnectedToProvisioningNetwork: false target=com.android.internal.util.StateMachine$SmHandler }
11-14 19:40:58.859   631   986 D CaptivePortalTracker: NoActiveNetworkState not a wifi connectivity change, ignore
11-14 19:40:58.859   631   862 D Tethering: MasterInitialState.processMessage what=3
11-14 19:40:58.859  1406  1406 V TransactionService: Handle ConnectivityBroadcastReceiver.onReceive(): NetworkInfo: type: mobile_mms[LTE], state: UNKNOWN/IDLE, reason: (unspecified), extra: (none), roaming: false, failover: false, isAvailable: true, isConnectedToProvisioningNetwork: false
11-14 19:40:58.859   921   921 D StatusBar.NetworkController: updateConnectivity: intent=Intent { act=android.net.conn.CONNECTIVITY_CHANGE flg=0x4000010 (has extras) }
11-14 19:40:58.859   921   921 D StatusBar.NetworkController: updateConnectivity: networkInfo=NetworkInfo: type: mobile[LTE], state: CONNECTED/CONNECTED, reason: connected, extra: 3gnet, roaming: false, failover: false, isAvailable: true, isConnectedToProvisioningNetwork: false
11-14 19:40:58.859   921   921 D StatusBar.NetworkController: updateConnectivity: connectionStatus=0
11-14 19:40:58.859   631   986 D CaptivePortalTracker: NoActiveNetworkState{ when=0 what=1 obj=NetworkInfo: type: mobile[LTE], state: CONNECTED/CONNECTED, reason: connected, extra: 3gnet, roaming: false, failover: false, isAvailable: true, isConnectedToProvisioningNetwork: false target=com.android.internal.util.StateMachine$SmHandler }
11-14 19:40:58.859   631   986 D CaptivePortalTracker: NoActiveNetworkState not a wifi connectivity change, ignore
11-14 19:40:58.909   631   862 D Tethering: MasterInitialState.processMessage what=3
11-14 19:40:58.909  2341  2341 I UpdateCheckReceiver: Got connectivity change, has connection: true
11-14 19:40:58.909  2341  2341 I UpdateCheckReceiver: Scheduling future, repeating update checks.
11-14 19:40:58.929  1406  1406 D MmsSystemEventReceiver: TYPE_MOBILE_MMS available = true, isConnected = false
11-14 19:40:58.929  1406  1406 D MmsSystemEventReceiver: wakeUpService: start service ...
11-14 19:40:58.929  1406  1406 D TransactionService: onStartCommand(): E
11-14 19:40:58.929  1406  1406 D TransactionService: incRefCount() mRef=1
11-14 19:40:58.929  1406  1448 D TransactionService: Handling incoming message: { when=0 what=5 arg1=7 obj=Intent { cmp=com.android.mms/.transaction.TransactionService } target=com.android.mms.transaction.TransactionService$ServiceHandler } = EVENT_NEW_INTENT
11-14 19:40:58.929  2374  2374 D CMStats : Waiting for next sync : 23 hours
11-14 19:40:58.939  2341  2341 I UpdateCheckReceiver: Got connectivity change, has connection: true
11-14 19:40:58.939  2341  2341 I UpdateCheckReceiver: Scheduling future, repeating update checks.
11-14 19:40:58.939  1406  1448 D TransactionService: onNewIntent: serviceId: 7: null intent=Intent { cmp=com.android.mms/.transaction.TransactionService }
11-14 19:40:58.939  1406  1448 D TransactionService:     networkAvailable=true
11-14 19:40:58.949  1406  1448 D TransactionService: Cursor= >>>>> Dumping cursor android.content.ContentResolver$CursorWrapperInner@41ddc380
11-14 19:40:58.949  1406  1448 D TransactionService: <<<<<
11-14 19:40:58.949  1406  1448 D TransactionService: onNewIntent: cursor.count=0 action=null
11-14 19:40:58.949  1406  1448 D TransactionService: onNewIntent: no pending messages. Stopping service.
11-14 19:40:58.949  1406  1406 D MmsSystemEventReceiver: TYPE_MOBILE_MMS available = true, isConnected = false
11-14 19:40:58.949  1406  1406 D MmsSystemEventReceiver: wakeUpService: start service ...
11-14 19:40:58.949  1406  1406 D TransactionService: onStartCommand(): E
11-14 19:40:58.949  1406  1406 D TransactionService: incRefCount() mRef=2
11-14 19:40:58.959  1406  1448 V TransactionService: CleanUpIfIdle: txnServ is idle
11-14 19:40:58.959  1406  1448 D TransactionService: removeNotification, txnId=init
11-14 19:40:58.959  1406  1448 D TransactionService: removeNotification, currentDds=0
11-14 19:40:58.959  1406  1448 D TransactionService: removeNotification(), found init = null
11-14 19:40:58.959  1406  1448 D TransactionService: decRefCount() mRef=1
11-14 19:40:58.959  1406  1448 D TransactionService: Handling incoming message: { when=-3ms what=5 arg1=8 obj=Intent { cmp=com.android.mms/.transaction.TransactionService } target=com.android.mms.transaction.TransactionService$ServiceHandler } = EVENT_NEW_INTENT
11-14 19:40:58.959  2374  2374 D CMStats : Waiting for next sync : 23 hours
11-14 19:40:58.959  1406  1448 D TransactionService: onNewIntent: serviceId: 8: null intent=Intent { cmp=com.android.mms/.transaction.TransactionService }
11-14 19:40:58.959  1406  1448 D TransactionService:     networkAvailable=true
11-14 19:40:58.969  1406  1448 D TransactionService: Cursor= >>>>> Dumping cursor android.content.ContentResolver$CursorWrapperInner@41de2ec8
11-14 19:40:58.969  1406  1448 D TransactionService: <<<<<
11-14 19:40:58.969  1406  1448 D TransactionService: onNewIntent: cursor.count=0 action=null
11-14 19:40:58.969  1406  1448 D TransactionService: onNewIntent: no pending messages. Stopping service.
11-14 19:40:58.969  1390  3072 W GooglePlayServicesUtil: Google Play services is missing.
11-14 19:40:58.969  1406  1448 V TransactionService: CleanUpIfIdle: txnServ is idle
11-14 19:40:58.969  1406  1448 D TransactionService: removeNotification, txnId=init
11-14 19:40:58.969  1406  1448 D TransactionService: removeNotification, currentDds=0
11-14 19:40:58.979  1406  1448 D TransactionService: removeNotification(), found init = null
11-14 19:40:58.979  1406  1448 D TransactionService: decRefCount() mRef=0
11-14 19:40:59.549   995   995 I wpa_supplicant: wlan0: CTRL-EVENT-SCAN-STARTED 
11-14 19:41:00.829  1406  1448 D TransactionService: Handling incoming message: { when=-3ms what=3 target=com.android.mms.transaction.TransactionService$ServiceHandler } = EVENT_CONTINUE_MMS_CONNECTIVITY
11-14 19:41:00.839   921   921 D StatusBar.NetworkController: updateConnectivity: intent=Intent { act=android.net.conn.CONNECTIVITY_CHANGE flg=0x4000010 (has extras) }
11-14 19:41:00.839   631   986 D CaptivePortalTracker: NoActiveNetworkState{ when=-1ms what=1 obj=NetworkInfo: type: mobile_supl[LTE], state: DISCONNECTED/DISCONNECTED, reason: dataDisabled, extra: 3gnet, roaming: false, failover: false, isAvailable: true, isConnectedToProvisioningNetwork: false target=com.android.internal.util.StateMachine$SmHandler }
11-14 19:41:00.839   631   986 D CaptivePortalTracker: NoActiveNetworkState not a wifi connectivity change, ignore
11-14 19:41:00.839   921   921 D StatusBar.NetworkController: updateConnectivity: networkInfo=NetworkInfo: type: mobile[LTE], state: CONNECTED/CONNECTED, reason: connected, extra: 3gnet, roaming: false, failover: false, isAvailable: true, isConnectedToProvisioningNetwork: false
11-14 19:41:00.839   921   921 D StatusBar.NetworkController: updateConnectivity: connectionStatus=0
11-14 19:41:00.839   631   862 D Tethering: MasterInitialState.processMessage what=3
11-14 19:41:00.839   631   986 D CaptivePortalTracker: NoActiveNetworkState{ when=0 what=1 obj=NetworkInfo: type: mobile[LTE], state: CONNECTED/CONNECTED, reason: connected, extra: 3gnet, roaming: false, failover: false, isAvailable: true, isConnectedToProvisioningNetwork: false target=com.android.internal.util.StateMachine$SmHandler }
11-14 19:41:00.839   631   986 D CaptivePortalTracker: NoActiveNetworkState not a wifi connectivity change, ignore
11-14 19:41:00.839   631   862 D Tethering: MasterInitialState.processMessage what=3
11-14 19:41:00.849   921   921 D StatusBar.NetworkController: updateConnectivity: intent=Intent { act=android.net.conn.CONNECTIVITY_CHANGE flg=0x4000010 (has extras) }
11-14 19:41:00.849  2341  2341 I UpdateCheckReceiver: Got connectivity change, has connection: true
11-14 19:41:00.849  2341  2341 I UpdateCheckReceiver: Scheduling future, repeating update checks.
11-14 19:41:00.849   921   921 D StatusBar.NetworkController: updateConnectivity: networkInfo=NetworkInfo: type: mobile[LTE], state: CONNECTED/CONNECTED, reason: connected, extra: 3gnet, roaming: false, failover: false, isAvailable: true, isConnectedToProvisioningNetwork: false
11-14 19:41:00.849   921   921 D StatusBar.NetworkController: updateConnectivity: connectionStatus=0
11-14 19:41:00.849  1406  1406 V TransactionService: Handle ConnectivityBroadcastReceiver.onReceive(): NetworkInfo: type: mobile_mms[LTE], state: UNKNOWN/IDLE, reason: (unspecified), extra: (none), roaming: false, failover: false, isAvailable: true, isConnectedToProvisioningNetwork: false
11-14 19:41:00.859  1406  1406 V TransactionService: Handle ConnectivityBroadcastReceiver.onReceive(): NetworkInfo: type: mobile_mms[LTE], state: UNKNOWN/IDLE, reason: (unspecified), extra: (none), roaming: false, failover: false, isAvailable: true, isConnectedToProvisioningNetwork: false
11-14 19:41:00.859  1406  1406 D MmsSystemEventReceiver: TYPE_MOBILE_MMS available = true, isConnected = false
11-14 19:41:00.859  1406  1406 D MmsSystemEventReceiver: wakeUpService: start service ...
11-14 19:41:00.859  1406  1406 D TransactionService: onStartCommand(): E
11-14 19:41:00.859  1406  1406 D TransactionService: incRefCount() mRef=1
11-14 19:41:00.859  1406  1448 D TransactionService: Handling incoming message: { when=0 what=5 arg1=9 obj=Intent { cmp=com.android.mms/.transaction.TransactionService } target=com.android.mms.transaction.TransactionService$ServiceHandler } = EVENT_NEW_INTENT
11-14 19:41:00.859  2374  2374 D CMStats : Waiting for next sync : 23 hours
11-14 19:41:00.869  2341  2341 I UpdateCheckReceiver: Got connectivity change, has connection: true
11-14 19:41:00.869  2341  2341 I UpdateCheckReceiver: Scheduling future, repeating update checks.
11-14 19:41:00.879  1406  1448 D TransactionService: onNewIntent: serviceId: 9: null intent=Intent { cmp=com.android.mms/.transaction.TransactionService }
11-14 19:41:00.879  1406  1448 D TransactionService:     networkAvailable=true
11-14 19:41:00.889  1390  3092 W GooglePlayServicesUtil: Google Play services is missing.
11-14 19:41:00.889  1406  1406 D MmsSystemEventReceiver: TYPE_MOBILE_MMS available = true, isConnected = false
11-14 19:41:00.889  1406  1406 D MmsSystemEventReceiver: wakeUpService: start service ...
11-14 19:41:00.889  1406  1406 D TransactionService: onStartCommand(): E
11-14 19:41:00.889  1406  1406 D TransactionService: incRefCount() mRef=2
11-14 19:41:00.889  2374  2374 D CMStats : Waiting for next sync : 23 hours
11-14 19:41:00.889  1406  1448 D TransactionService: Cursor= >>>>> Dumping cursor android.content.ContentResolver$CursorWrapperInner@41deb568
11-14 19:41:00.889  1406  1448 D TransactionService: <<<<<
11-14 19:41:00.889  1406  1448 D TransactionService: onNewIntent: cursor.count=0 action=null
11-14 19:41:00.889  1406  1448 D TransactionService: onNewIntent: no pending messages. Stopping service.
11-14 19:41:00.899  1406  1448 V TransactionService: CleanUpIfIdle: txnServ is idle
11-14 19:41:00.899  1406  1448 D TransactionService: removeNotification, txnId=init
11-14 19:41:00.899  1406  1448 D TransactionService: removeNotification, currentDds=0
11-14 19:41:00.899  1406  1448 D TransactionService: removeNotification(), found init = null
11-14 19:41:00.899  1406  1448 D TransactionService: decRefCount() mRef=1
11-14 19:41:00.899  1406  1448 D TransactionService: Handling incoming message: { when=-12ms what=5 arg1=10 obj=Intent { cmp=com.android.mms/.transaction.TransactionService } target=com.android.mms.transaction.TransactionService$ServiceHandler } = EVENT_NEW_INTENT
11-14 19:41:00.909  1406  1448 D TransactionService: onNewIntent: serviceId: 10: null intent=Intent { cmp=com.android.mms/.transaction.TransactionService }
11-14 19:41:00.909  1406  1448 D TransactionService:     networkAvailable=true
11-14 19:41:00.909  1390  3095 W GooglePlayServicesUtil: Google Play services is missing.
11-14 19:41:00.909  1406  1448 D TransactionService: Cursor= >>>>> Dumping cursor android.content.ContentResolver$CursorWrapperInner@41df20c8
11-14 19:41:00.909  1406  1448 D TransactionService: <<<<<
11-14 19:41:00.909  1406  1448 D TransactionService: onNewIntent: cursor.count=0 action=null
11-14 19:41:00.909  1406  1448 D TransactionService: onNewIntent: no pending messages. Stopping service.
11-14 19:41:00.919  1406  1448 V TransactionService: CleanUpIfIdle: txnServ is idle
11-14 19:41:00.919  1406  1448 D TransactionService: removeNotification, txnId=init
11-14 19:41:00.919  1406  1448 D TransactionService: removeNotification, currentDds=0
11-14 19:41:00.919  1406  1448 D TransactionService: removeNotification(), found init = null
11-14 19:41:00.919  1406  1448 D TransactionService: decRefCount() mRef=0
11-14 19:41:13.139  1000  2704 D MtpServer: path: /storage/emulated/0/Untitled Folder parent: 0 storageID: 00010001
11-14 19:41:14.249   190   269 E ThermalEngine: TM Id 'SKIN_THERMAL_management_1' Sensor 'xo_therm_pu2' - alarm cleared 3 at 42.0 degC
11-14 19:41:14.249   190   269 E ThermalEngine: ACTION: LCD - Setting max LCD brightness to 204
11-14 19:41:14.579   995   995 I wpa_supplicant: wlan0: CTRL-EVENT-SCAN-STARTED 
11-14 19:41:22.019  3222  3222 D AndroidRuntime: 
11-14 19:41:22.019  3222  3222 D AndroidRuntime: >>>>>> AndroidRuntime START com.android.internal.os.RuntimeInit <<<<<<
11-14 19:41:22.019  3222  3222 D AndroidRuntime: CheckJNI is OFF
11-14 19:41:22.029  3222  3222 D dalvikvm: Trying to load lib libjavacore.so 0x0
11-14 19:41:22.039  3222  3222 D dalvikvm: Added shared lib libjavacore.so 0x0
11-14 19:41:22.039  3222  3222 D dalvikvm: Trying to load lib libnativehelper.so 0x0
11-14 19:41:22.039  3222  3222 D dalvikvm: Added shared lib libnativehelper.so 0x0
11-14 19:41:22.039  3222  3222 D dalvikvm: No JNI_OnLoad found in libnativehelper.so 0x0, skipping init
11-14 19:41:22.059  3222  3222 D dalvikvm: DexOpt: --- BEGIN 'AgingTestCM.jar' (bootstrap=0) ---
11-14 19:41:22.089  3228  3228 D dalvikvm: DexOpt: load 3ms, verify+opt 3ms, 169980 bytes
11-14 19:41:22.109  3222  3222 D dalvikvm: DexOpt: --- END 'AgingTestCM.jar' (success) ---
11-14 19:41:22.109  3222  3222 D dalvikvm: DEX prep '/data/local/tmp/AgingTestCM.jar': unzip in 1ms, rewrite 46ms
11-14 19:41:22.119  3222  3222 D dalvikvm: Note: class Landroid/app/ActivityManagerNative; has 180 unimplemented (abstract) methods
11-14 19:41:22.299  3222  3222 D AndroidRuntime: Calling main entry com.android.commands.uiautomator.Launcher
11-14 19:41:23.409  3256  3256 I dumpstate: begin
11-14 19:41:23.579  3222  3222 I QueryController: Matched selector: UiSelector[TEXT=Apps] <<==>> [android.view.accessibility.AccessibilityNodeInfo@bf55; boundsInParent: Rect(524197, 0 - 524398, 252); boundsInScreen: Rect(447, 1532 - 634, 1768); packageName: com.cyanogenmod.trebuchet; className: android.widget.TextView; text: Apps; contentDescription: null; viewIdResName: null; checkable: false; checked: false; focusable: true; focused: false; selected: false; clickable: true; longClickable: true; enabled: true; password: false; scrollable: false; [ACTION_FOCUS, ACTION_SELECT, ACTION_CLEAR_SELECTION, ACTION_CLICK, ACTION_LONG_CLICK, ACTION_ACCESSIBILITY_FOCUS, ACTION_NEXT_AT_MOVEMENT_GRANULARITY, ACTION_PREVIOUS_AT_MOVEMENT_GRANULARITY, ACTION_SET_SELECTION]]
11-14 19:41:23.619  3222  3222 I QueryController: Matched selector: UiSelector[TEXT=Apps] <<==>> [android.view.accessibility.AccessibilityNodeInfo@bf55; boundsInParent: Rect(524197, 0 - 524398, 252); boundsInScreen: Rect(447, 1532 - 634, 1768); packageName: com.cyanogenmod.trebuchet; className: android.widget.TextView; text: Apps; contentDescription: null; viewIdResName: null; checkable: false; checked: false; focusable: true; focused: false; selected: false; clickable: true; longClickable: true; enabled: true; password: false; scrollable: false; [ACTION_FOCUS, ACTION_SELECT, ACTION_CLEAR_SELECTION, ACTION_CLICK, ACTION_LONG_CLICK, ACTION_ACCESSIBILITY_FOCUS, ACTION_NEXT_AT_MOVEMENT_GRANULARITY, ACTION_PREVIOUS_AT_MOVEMENT_GRANULARITY, ACTION_SET_SELECTION]]
11-14 19:41:23.629  3222  3222 D InteractionController: clickAndWaitForNewWindow(540, 1650)
11-14 19:41:23.749   181   908 D AudioPolicyManagerBase: getOutput() device 2, stream 1, samplingRate 0, format 0, channelMask 3, flags 0
11-14 19:41:23.749   181   908 D AudioPolicyManagerBase: getOutput() returns output 2
11-14 19:41:23.759   181   875 D AudioPolicyManagerBase: getOutput() device 2, stream 1, samplingRate 0, format 0, channelMask 3, flags 0
11-14 19:41:23.759   181   875 D AudioPolicyManagerBase: getOutput() returns output 2
11-14 19:41:23.759   181   909 D AudioPolicyManagerBase: getOutput() device 2, stream 1, samplingRate 48000, format 1, channelMask 3, flags 4
11-14 19:41:23.759   181   909 D AudioPolicyManagerBase: getOutput() returns output 3
11-14 19:41:23.759   181   908 D AudioFlinger: start(4097), calling pid 631 session 8
11-14 19:41:23.759   181   908 D AudioFlinger: ? => ACTIVE (4097) on thread 0xb706e6d8
11-14 19:41:23.759   181   908 I QCOM PowerHAL: Processing audio hint. Metadata: state=1
11-14 19:41:23.759   181   908 D AudioPolicyManagerBase: startOutput() output 3, stream 1, session 8
11-14 19:41:23.769   181   871 I AudioMixer: found effect "Multichannel Downmix To Stereo" from The Android Open Source Project
11-14 19:41:23.769   181   871 V audio_hw_primary: start_output_stream: enter: usecase(1: low-latency-playback) devices(0x2)
11-14 19:41:23.769   181   871 V msm8974_platform: platform_get_output_snd_device: enter: output devices(0x2)
11-14 19:41:23.769   181   871 V msm8974_platform: platform_get_output_snd_device: exit: snd_device(speaker)
11-14 19:41:23.769   181   871 D audio_hw_primary: select_devices: out_snd_device(2: speaker) in_snd_device(0: )
11-14 19:41:23.769   181   871 W msm8974_platform: Property audio.offload.24bit.enable is set
11-14 19:41:23.769   181   871 V msm8974_platform: platform_check_and_set_codec_backend_cfg usecase = 1
11-14 19:41:23.769   181   871 W msm8974_platform: Codec backend bitwidth 16, samplerate 48000
11-14 19:41:23.769   181   871 V msm8974_platform: Playback running bw 16 sr 48000 standby 0
11-14 19:41:23.769   181   871 V audio_hw_primary: enable_snd_device: snd_device(2: speaker)
11-14 19:41:23.769   181   871 V audio_hw_primary: enable_audio_route: enter: usecase(1)
11-14 19:41:23.769   181   871 V audio_hw_primary: enable_audio_route: apply mixer path: low-latency-playback
11-14 19:41:23.769   181   871 V audio_hw_primary: enable_audio_route: exit
11-14 19:41:23.769   181   871 V audio_hw_primary: start_output_stream: Opening PCM device card_id(0) device_id(15)
11-14 19:41:23.779   181   871 V audio_hw_primary: start_output_stream: exit
11-14 19:41:23.829  1089  1089 W View    : requestLayout() improperly called by com.android.launcher3.PagedViewIcon{42c07890 VFED..CL ......ID 0,0-261,320 #0} during layout: running second layout pass
11-14 19:41:23.829  1089  1089 W ResourceType: No package identifier when getting name for resource number 0x00000001
11-14 19:41:23.829  1089  1089 W View    : requestLayout() improperly called by com.android.launcher3.PagedViewIcon{42c08968 VFED..CL ......ID 261,0-522,320 #1} during layout: running second layout pass
11-14 19:41:23.829  1089  1089 W ResourceType: No package identifier when getting name for resource number 0x00000002
11-14 19:41:23.829  1089  1089 W View    : requestLayout() improperly called by com.android.launcher3.PagedViewIcon{42c09450 VFED..CL ......ID 522,0-783,320 #2} during layout: running second layout pass
11-14 19:41:23.829  1089  1089 W ResourceType: No package identifier when getting name for resource number 0x00000003
11-14 19:41:23.829  1089  1089 W View    : requestLayout() improperly called by com.android.launcher3.PagedViewIcon{42c09f38 VFED..CL ......ID 783,0-1044,320 #3} during layout: running second layout pass
11-14 19:41:23.829  1089  1089 W ResourceType: No package identifier when getting name for resource number 0x00000004
11-14 19:41:23.829  1089  1089 W View    : requestLayout() improperly called by com.android.launcher3.PagedViewIcon{42c0aa20 VFED..CL ......ID 0,320-261,640 #4} during layout: running second layout pass
11-14 19:41:23.829  1089  1089 W ResourceType: No package identifier when getting name for resource number 0x00000005
11-14 19:41:23.829  1089  1089 W View    : requestLayout() improperly called by com.android.launcher3.PagedViewIcon{42c0b508 VFED..CL ......ID 261,320-522,640 #5} during layout: running second layout pass
11-14 19:41:23.829  1089  1089 W ResourceType: No package identifier when getting name for resource number 0x00000006
11-14 19:41:23.829  1089  1089 W View    : requestLayout() improperly called by com.android.launcher3.PagedViewIcon{42c0bff0 VFED..CL ......ID 522,320-783,640 #6} during layout: running second layout pass
11-14 19:41:23.829  1089  1089 W ResourceType: No package identifier when getting name for resource number 0x00000007
11-14 19:41:23.829  1089  1089 W View    : requestLayout() improperly called by com.android.launcher3.PagedViewIcon{42c0cad8 VFED..CL ......ID 783,320-1044,640 #7} during layout: running second layout pass
11-14 19:41:23.829  1089  1089 W ResourceType: No package identifier when getting name for resource number 0x00000008
11-14 19:41:23.829  1089  1089 W View    : requestLayout() improperly called by com.android.launcher3.PagedViewIcon{42c0d5c0 VFED..CL ......ID 0,640-261,960 #8} during layout: running second layout pass
11-14 19:41:23.829  1089  1089 W ResourceType: No package identifier when getting name for resource number 0x00000009
11-14 19:41:23.829  1089  1089 W View    : requestLayout() improperly called by com.android.launcher3.PagedViewIcon{42c0e0a8 VFED..CL ......ID 261,640-522,960 #9} during layout: running second layout pass
11-14 19:41:23.829  1089  1089 W ResourceType: No package identifier when getting name for resource number 0x0000000a
11-14 19:41:23.829  1089  1089 W View    : requestLayout() improperly called by com.android.launcher3.PagedViewIcon{42c0eb90 VFED..CL ......ID 522,640-783,960 #a} during layout: running second layout pass
11-14 19:41:23.829  1089  1089 W ResourceType: No package identifier when getting name for resource number 0x0000000b
11-14 19:41:23.829  1089  1089 W View    : requestLayout() improperly called by com.android.launcher3.PagedViewIcon{42c0f6d8 VFED..CL ......ID 783,640-1044,960 #b} during layout: running second layout pass
11-14 19:41:23.829  1089  1089 W ResourceType: No package identifier when getting name for resource number 0x0000000c
11-14 19:41:23.829  1089  1089 W View    : requestLayout() improperly called by com.android.launcher3.PagedViewIcon{42c101c0 VFED..CL ......ID 0,960-261,1280 #c} during layout: running second layout pass
11-14 19:41:23.839  1089  1089 W ResourceType: No package identifier when getting name for resource number 0x0000000d
11-14 19:41:23.839  1089  1089 W View    : requestLayout() improperly called by com.android.launcher3.PagedViewIcon{42c10de0 VFED..CL ......ID 261,960-522,1280 #d} during layout: running second layout pass
11-14 19:41:23.839  1089  1089 W ResourceType: No package identifier when getting name for resource number 0x0000000e
11-14 19:41:23.839  1089  1089 W View    : requestLayout() improperly called by com.android.launcher3.PagedViewIcon{42c118c8 VFED..CL ......ID 522,960-783,1280 #e} during layout: running second layout pass
11-14 19:41:23.839  1089  1089 W ResourceType: No package identifier when getting name for resource number 0x0000000f
11-14 19:41:23.839  1089  1089 W View    : requestLayout() improperly called by com.android.launcher3.PagedViewIcon{42c123b0 VFED..CL ......ID 783,960-1044,1280 #f} during layout: running second layout pass
11-14 19:41:23.839  1089  1089 W ResourceType: No package identifier when getting name for resource number 0x00000010
11-14 19:41:23.839  1089  1089 W View    : requestLayout() improperly called by com.android.launcher3.PagedViewIcon{42c12e98 VFED..CL ......ID 0,1280-261,1600 #10} during layout: running second layout pass
11-14 19:41:23.839  1089  1089 W ResourceType: No package identifier when getting name for resource number 0x00000011
11-14 19:41:23.839  1089  1089 W View    : requestLayout() improperly called by com.android.launcher3.PagedViewIcon{42c13a00 VFED..CL ......ID 261,1280-522,1600 #11} during layout: running second layout pass
11-14 19:41:23.839  1089  1089 W ResourceType: No package identifier when getting name for resource number 0x00000012
11-14 19:41:23.839  1089  1089 W View    : requestLayout() improperly called by com.android.launcher3.PagedViewIcon{42c144e8 VFED..CL ......ID 522,1280-783,1600 #12} during layout: running second layout pass
11-14 19:41:23.839  1089  1089 W ResourceType: No package identifier when getting name for resource number 0x00000013
11-14 19:41:23.839  1089  1089 W View    : requestLayout() improperly called by com.android.launcher3.PagedViewIcon{42c150d0 VFED..CL ......ID 783,1280-1044,1600 #13} during layout: running second layout pass
11-14 19:41:23.959   181   869 I QCOM PowerHAL: Processing audio hint. Metadata: state=0
11-14 19:41:24.249   631   636 I dalvikvm: threadid=3: reacting to signal 3
11-14 19:41:24.449   921   926 I dalvikvm: threadid=3: reacting to signal 3
11-14 19:41:24.549   921   926 I dalvikvm: Wrote stack traces to '/data/anr/traces.txt'
11-14 19:41:24.549  1000  1005 I dalvikvm: threadid=3: reacting to signal 3
11-14 19:41:24.599  1000  1005 I dalvikvm: Wrote stack traces to '/data/anr/traces.txt'
11-14 19:41:24.599  1013  1018 I dalvikvm: threadid=3: reacting to signal 3
11-14 19:41:24.639  1013  1018 I dalvikvm: Wrote stack traces to '/data/anr/traces.txt'
11-14 19:41:24.639  1037  1052 I dalvikvm: threadid=3: reacting to signal 3
11-14 19:41:24.679   631   636 I dalvikvm: Wrote stack traces to '/data/anr/traces.txt'
11-14 19:41:24.679  1042  1049 I dalvikvm: threadid=3: reacting to signal 3
11-14 19:41:24.709  1042  1049 I dalvikvm: Wrote stack traces to '/data/anr/traces.txt'
11-14 19:41:24.709  1053  1071 I dalvikvm: threadid=3: reacting to signal 3
11-14 19:41:24.749  1053  1071 I dalvikvm: Wrote stack traces to '/data/anr/traces.txt'
11-14 19:41:24.759  1065  1074 I dalvikvm: threadid=3: reacting to signal 3
11-14 19:41:24.769  1037  1052 I dalvikvm: Wrote stack traces to '/data/anr/traces.txt'
11-14 19:41:24.769  1077  1082 I dalvikvm: threadid=3: reacting to signal 3
11-14 19:41:24.779  1065  1074 I dalvikvm: Wrote stack traces to '/data/anr/traces.txt'
11-14 19:41:24.779  1089  1118 I dalvikvm: threadid=3: reacting to signal 3
11-14 19:41:24.789  1077  1082 I dalvikvm: Wrote stack traces to '/data/anr/traces.txt'
11-14 19:41:24.789  1119  1127 I dalvikvm: threadid=3: reacting to signal 3
11-14 19:41:24.819  1119  1127 I dalvikvm: Wrote stack traces to '/data/anr/traces.txt'
11-14 19:41:24.819  1246  1254 I dalvikvm: threadid=3: reacting to signal 3
11-14 19:41:24.829  1089  1118 I dalvikvm: Wrote stack traces to '/data/anr/traces.txt'
11-14 19:41:24.829  1390  1395 I dalvikvm: threadid=3: reacting to signal 3
11-14 19:41:24.839  1246  1254 I dalvikvm: Wrote stack traces to '/data/anr/traces.txt'
11-14 19:41:24.839  1406  1412 I dalvikvm: threadid=3: reacting to signal 3
11-14 19:41:24.849  1390  1395 I dalvikvm: Wrote stack traces to '/data/anr/traces.txt'
11-14 19:41:24.849  1771  1776 I dalvikvm: threadid=3: reacting to signal 3
11-14 19:41:24.879  1406  1412 I dalvikvm: Wrote stack traces to '/data/anr/traces.txt'
11-14 19:41:24.879  1799  1804 I dalvikvm: threadid=3: reacting to signal 3
11-14 19:41:24.889  1771  1776 I dalvikvm: Wrote stack traces to '/data/anr/traces.txt'
11-14 19:41:24.889  1820  1825 I dalvikvm: threadid=3: reacting to signal 3
11-14 19:41:24.909  1799  1804 I dalvikvm: Wrote stack traces to '/data/anr/traces.txt'
11-14 19:41:24.909  1858  1863 I dalvikvm: threadid=3: reacting to signal 3
11-14 19:41:24.919  1820  1825 I dalvikvm: Wrote stack traces to '/data/anr/traces.txt'
11-14 19:41:24.919  1888  1893 I dalvikvm: threadid=3: reacting to signal 3
11-14 19:41:24.929  1858  1863 I dalvikvm: Wrote stack traces to '/data/anr/traces.txt'
11-14 19:41:24.929  1917  1922 I dalvikvm: threadid=3: reacting to signal 3
11-14 19:41:24.949  1888  1893 I dalvikvm: Wrote stack traces to '/data/anr/traces.txt'
11-14 19:41:24.949  1934  1939 I dalvikvm: threadid=3: reacting to signal 3
11-14 19:41:24.959  1917  1922 I dalvikvm: Wrote stack traces to '/data/anr/traces.txt'
11-14 19:41:24.959  1950  1955 I dalvikvm: threadid=3: reacting to signal 3
11-14 19:41:24.979  1934  1939 I dalvikvm: Wrote stack traces to '/data/anr/traces.txt'
11-14 19:41:24.979  2241  2246 I dalvikvm: threadid=3: reacting to signal 3
11-14 19:41:24.989  1950  1955 I dalvikvm: Wrote stack traces to '/data/anr/traces.txt'
11-14 19:41:24.989  2270  2273 I dalvikvm: threadid=3: reacting to signal 3
11-14 19:41:25.009  2241  2246 I dalvikvm: Wrote stack traces to '/data/anr/traces.txt'
11-14 19:41:25.009  2341  2346 I dalvikvm: threadid=3: reacting to signal 3
11-14 19:41:25.019  2270  2273 I dalvikvm: Wrote stack traces to '/data/anr/traces.txt'
11-14 19:41:25.019  2374  2379 I dalvikvm: threadid=3: reacting to signal 3
11-14 19:41:25.039  2341  2346 I dalvikvm: Wrote stack traces to '/data/anr/traces.txt'
11-14 19:41:25.039  2527  2531 I dalvikvm: threadid=3: reacting to signal 3
11-14 19:41:25.049  2374  2379 I dalvikvm: Wrote stack traces to '/data/anr/traces.txt'
11-14 19:41:25.049  2547  2557 I dalvikvm: threadid=3: reacting to signal 3
11-14 19:41:25.069  2527  2531 I dalvikvm: Wrote stack traces to '/data/anr/traces.txt'
11-14 19:41:25.069  2570  2575 I dalvikvm: threadid=3: reacting to signal 3
11-14 19:41:25.079  2547  2557 I dalvikvm: Wrote stack traces to '/data/anr/traces.txt'
11-14 19:41:25.079  3222  3233 I dalvikvm: threadid=6: reacting to signal 3
11-14 19:41:25.089  3222  3233 I dalvikvm: Wrote stack traces to '/data/anr/traces.txt'
11-14 19:41:25.099  2570  2575 E dalvikvm: Unable to open stack trace file '/data/anr/traces.txt': Permission denied
11-14 19:41:25.439  3222  3222 I QueryController: Matched selector: UiSelector[TEXT=Settings] <<==>> [android.view.accessibility.AccessibilityNodeInfo@1e423; boundsInParent: Rect(524167, 0 - 524428, 320); boundsInScreen: Rect(801, 1071 - 1062, 1391); packageName: com.cyanogenmod.trebuchet; className: android.widget.TextView; text: Settings; contentDescription: null; viewIdResName: null; checkable: false; checked: false; focusable: true; focused: false; selected: false; clickable: true; longClickable: true; enabled: true; password: false; scrollable: false; [ACTION_FOCUS, ACTION_SELECT, ACTION_CLEAR_SELECTION, ACTION_CLICK, ACTION_LONG_CLICK, ACTION_ACCESSIBILITY_FOCUS, ACTION_NEXT_AT_MOVEMENT_GRANULARITY, ACTION_PREVIOUS_AT_MOVEMENT_GRANULARITY, ACTION_SET_SELECTION]]
11-14 19:41:25.459  3222  3222 I QueryController: Matched selector: UiSelector[TEXT=Settings] <<==>> [android.view.accessibility.AccessibilityNodeInfo@1e423; boundsInParent: Rect(524167, 0 - 524428, 320); boundsInScreen: Rect(801, 1071 - 1062, 1391); packageName: com.cyanogenmod.trebuchet; className: android.widget.TextView; text: Settings; contentDescription: null; viewIdResName: null; checkable: false; checked: false; focusable: true; focused: false; selected: false; clickable: true; longClickable: true; enabled: true; password: false; scrollable: false; [ACTION_FOCUS, ACTION_SELECT, ACTION_CLEAR_SELECTION, ACTION_CLICK, ACTION_LONG_CLICK, ACTION_ACCESSIBILITY_FOCUS, ACTION_NEXT_AT_MOVEMENT_GRANULARITY, ACTION_PREVIOUS_AT_MOVEMENT_GRANULARITY, ACTION_SET_SELECTION]]
11-14 19:41:25.469  3222  3222 D InteractionController: clickAndWaitForNewWindow(931, 1231)
11-14 19:41:25.599  1089  1089 I Timeline: Timeline: Activity_launch_request id:com.android.settings time:85155
11-14 19:41:25.599   181   908 D AudioPolicyManagerBase: getOutput() device 2, stream 1, samplingRate 0, format 0, channelMask 3, flags 0
11-14 19:41:25.599   181   908 D AudioPolicyManagerBase: getOutput() returns output 2
11-14 19:41:25.599   181   909 D AudioPolicyManagerBase: getOutput() device 2, stream 1, samplingRate 0, format 0, channelMask 3, flags 0
11-14 19:41:25.599   181   909 D AudioPolicyManagerBase: getOutput() returns output 2
11-14 19:41:25.599   181   181 D AudioPolicyManagerBase: getOutput() device 2, stream 1, samplingRate 48000, format 1, channelMask 3, flags 4
11-14 19:41:25.599   181   181 D AudioPolicyManagerBase: getOutput() returns output 3
11-14 19:41:25.609   181   908 D AudioFlinger: start(4098), calling pid 631 session 9
11-14 19:41:25.609   181   908 D AudioFlinger: ? => ACTIVE (4098) on thread 0xb7079710
11-14 19:41:25.609   181   908 I QCOM PowerHAL: Processing audio hint. Metadata: state=1
11-14 19:41:25.609   181   908 D AudioPolicyManagerBase: startOutput() output 3, stream 1, session 9
11-14 19:41:25.749   181   869 I QCOM PowerHAL: Processing audio hint. Metadata: state=0
11-14 19:41:25.969   631   862 D BluetoothManagerService: Message: 20
11-14 19:41:25.969   631   862 D BluetoothManagerService: Added callback: android.bluetooth.IBluetoothManagerCallback$Stub$Proxy@42247e18:true
11-14 19:41:25.969  2374  2374 D BluetoothAdapter: 1108294736: getState() :  mService = null. Returning STATE_OFF
11-14 19:41:25.969   631   862 D BluetoothManagerService: Message: 30
11-14 19:41:25.969   631   862 D BluetoothManagerService: Message: 30
11-14 19:41:25.979  2374  2374 D LocalBluetoothProfileManager: Adding local MAP profile
11-14 19:41:25.979  2374  2374 D BluetoothMap: Create BluetoothMap proxy object
11-14 19:41:25.979   631   862 D BluetoothManagerService: Message: 30
11-14 19:41:25.979   631   862 D BluetoothManagerService: Message: 30
11-14 19:41:25.979  2374  2374 D LocalBluetoothProfileManager: LocalBluetoothProfileManager construction complete
11-14 19:41:25.989  2374  2374 D BluetoothAdapter: 1108294736: getState() :  mService = null. Returning STATE_OFF
11-14 19:41:25.989  2374  2374 D BluetoothAdapter: 1108294736: getState() :  mService = null. Returning STATE_OFF
11-14 19:41:26.099  2374  2374 I Adreno-EGL: <qeglDrvAPI_eglInitialize:320>: EGL 1.4 QUALCOMM Build: I0404c4692afb8623f95c43aeb6d5e13ed4b30ddbDate: 11/06/13
11-14 19:41:26.129  2374  2374 D OpenGLRenderer: Enabling debug mode 0
11-14 19:41:26.149  2374  2374 D BluetoothAdapter: 1108294736: getState() :  mService = null. Returning STATE_OFF
11-14 19:41:26.299   631   841 I ActivityManager: Displayed com.android.settings/.Settings: +567ms
11-14 19:41:26.299   631   841 I Timeline: Timeline: Activity_windows_visible id: ActivityRecord{41d94ff8 u0 com.android.settings/.Settings t3} time:85850
11-14 19:41:26.359  2374  2374 I Timeline: Timeline: Activity_idle id: android.os.BinderProxy@41d48178 time:85912
11-14 19:41:28.249  3222  3222 I QueryController: Matched selector: UiSelector[RESOURCE_ID=android:id/action_bar_title] <<==>> [android.view.accessibility.AccessibilityNodeInfo@7808; boundsInParent: Rect(0, 0 - 198, 73); boundsInScreen: Rect(145, 110 - 343, 183); packageName: com.android.settings; className: android.widget.TextView; text: Settings; contentDescription: null; viewIdResName: android:id/action_bar_title; checkable: false; checked: false; focusable: false; focused: false; selected: false; clickable: false; longClickable: false; enabled: true; password: false; scrollable: false; [ACTION_SELECT, ACTION_CLEAR_SELECTION, ACTION_ACCESSIBILITY_FOCUS, ACTION_NEXT_AT_MOVEMENT_GRANULARITY, ACTION_PREVIOUS_AT_MOVEMENT_GRANULARITY, ACTION_SET_SELECTION]]
11-14 19:41:28.249  3222  3222 D UiObject: getText() = Settings
11-14 19:41:28.349  3222  3222 D UiScrollable: scrollToBeginning() on selector = UiSelector[SCROLLABLE=true]
11-14 19:41:28.349  3222  3222 D UiScrollable: scrollBackward() on selector = UiSelector[SCROLLABLE=true]
11-14 19:41:28.379  3222  3222 I QueryController: Matched selector: UiSelector[SCROLLABLE=true] <<==>> [android.view.accessibility.AccessibilityNodeInfo@7f8a; boundsInParent: Rect(0, 0 - 1080, 1557); boundsInScreen: Rect(0, 219 - 1080, 1776); packageName: com.android.settings; className: android.widget.ListView; text: null; contentDescription: null; viewIdResName: android:id/list; checkable: false; checked: false; focusable: true; focused: true; selected: false; clickable: true; longClickable: false; enabled: true; password: false; scrollable: true; [ACTION_CLEAR_FOCUS, ACTION_SELECT, ACTION_CLEAR_SELECTION, ACTION_CLICK, ACTION_ACCESSIBILITY_FOCUS, ACTION_SCROLL_FORWARD]]
11-14 19:41:28.379  3222  3222 D UiScrollable: scrollToBegining() using vertical scroll
11-14 19:41:28.379  3222  3222 D InteractionController: scrollSwipe (540, 374, 540, 1621, 55)
11-14 19:41:28.719   181   874 V audio_hw_primary: out_standby: enter: usecase(1: low-latency-playback)
11-14 19:41:28.759   181   874 V audio_hw_primary: stop_output_stream: enter: usecase(1: low-latency-playback)
11-14 19:41:28.759   181   874 V audio_hw_primary: disable_audio_route: enter: usecase(1)
11-14 19:41:28.759   181   874 V audio_hw_primary: disable_audio_route: reset mixer path: low-latency-playback
11-14 19:41:28.759   181   874 V audio_hw_primary: disable_audio_route: exit
11-14 19:41:28.759   181   874 V audio_hw_primary: disable_snd_device: snd_device(2: speaker) refcnt=0
11-14 19:41:28.759   181   874 V audio_hw_primary: stop_output_stream: exit: status(0)
11-14 19:41:28.759   181   874 V audio_hw_primary: out_standby: exit
11-14 19:41:28.869  1406  1448 D TransactionService: Handling incoming message: { when=-9ms what=3 target=com.android.mms.transaction.TransactionService$ServiceHandler } = EVENT_CONTINUE_MMS_CONNECTIVITY
11-14 19:41:28.869  1406  1448 D TransactionService: Handling incoming message: { when=-4ms what=3 target=com.android.mms.transaction.TransactionService$ServiceHandler } = EVENT_CONTINUE_MMS_CONNECTIVITY
11-14 19:41:29.479  3222  3222 W InteractionController: runAndwaitForEvent timedout waiting for events
11-14 19:41:29.509  3222  3222 D UiScrollable: scrollForward() on selector = UiSelector[SCROLLABLE=true]
11-14 19:41:29.529  3222  3222 I QueryController: Matched selector: UiSelector[SCROLLABLE=true] <<==>> [android.view.accessibility.AccessibilityNodeInfo@7f8a; boundsInParent: Rect(0, 0 - 1080, 1557); boundsInScreen: Rect(0, 219 - 1080, 1776); packageName: com.android.settings; className: android.widget.ListView; text: null; contentDescription: null; viewIdResName: android:id/list; checkable: false; checked: false; focusable: true; focused: true; selected: false; clickable: true; longClickable: false; enabled: true; password: false; scrollable: true; [ACTION_CLEAR_FOCUS, ACTION_SELECT, ACTION_CLEAR_SELECTION, ACTION_CLICK, ACTION_ACCESSIBILITY_FOCUS, ACTION_SCROLL_FORWARD]]
11-14 19:41:29.539  3222  3222 D InteractionController: scrollSwipe (540, 1621, 540, 374, 55)
11-14 19:41:29.589   995   995 I wpa_supplicant: wlan0: CTRL-EVENT-SCAN-STARTED 
11-14 19:41:30.609  3456  3456 D su      : su invoked.
11-14 19:41:30.609  3456  3456 D su      : starting daemon client 2000 0
11-14 19:41:30.609  3458  3458 D su      : remote pid: 3456
11-14 19:41:30.609  3458  3458 D su      : remote pts_slave: 
11-14 19:41:30.609  3458  3458 D su      : waiting for child exit
11-14 19:41:30.609  3460  3460 D su      : su invoked.
11-14 19:41:30.619  3460  3460 D su      : Allowing shell.
11-14 19:41:30.619  3460  3460 D su      : 2000 /system/bin/dumpstate executing 0 lsof "$@" using binary /system/bin/sh : sh -c lsof "$@" lsof
11-14 19:41:30.669  3222  3222 W InteractionController: runAndwaitForEvent timedout waiting for events
11-14 19:41:30.669  3222  3222 D InteractionController: scrollSwipe reached scroll end: false
11-14 19:41:30.749  3458  3458 D su      : sending code
11-14 19:41:30.749  3456  3456 D su      : client exited 0
11-14 19:41:30.749  3458  3458 D su      : child exited
11-14 19:41:30.809  3467  3467 D su      : su invoked.
11-14 19:41:30.809  3467  3467 D su      : starting daemon client 2000 0
11-14 19:41:30.809  3469  3469 D su      : remote pid: 3467
11-14 19:41:30.809  3469  3469 D su      : remote pts_slave: 
11-14 19:41:30.809  3469  3469 D su      : waiting for child exit
11-14 19:41:30.809  3471  3471 D su      : su invoked.
11-14 19:41:30.809  3471  3471 D su      : Allowing shell.
11-14 19:41:30.809  3471  3471 D su      : 2000 /system/bin/dumpstate executing 0 showmap "$@" using binary /system/bin/sh : sh -c showmap "$@" showmap 1
11-14 19:41:30.819  3469  3469 D su      : sending code
11-14 19:41:30.819  3467  3467 D su      : client exited 0
11-14 19:41:30.819  3469  3469 D su      : child exited
11-14 19:41:30.859  1406  1448 D TransactionService: Handling incoming message: { when=-2ms what=3 target=com.android.mms.transaction.TransactionService$ServiceHandler } = EVENT_CONTINUE_MMS_CONNECTIVITY
11-14 19:41:30.859  1406  1448 D TransactionService: Handling incoming message: { when=0 what=3 target=com.android.mms.transaction.TransactionService$ServiceHandler } = EVENT_CONTINUE_MMS_CONNECTIVITY
11-14 19:41:30.909  3474  3474 D su      : su invoked.
11-14 19:41:30.909  3474  3474 D su      : starting daemon client 2000 0
11-14 19:41:30.919  3476  3476 D su      : remote pid: 3474
11-14 19:41:30.919  3476  3476 D su      : remote pts_slave: 
11-14 19:41:30.919  3476  3476 D su      : waiting for child exit
11-14 19:41:30.919  3478  3478 D su      : su invoked.
11-14 19:41:30.919  3478  3478 D su      : Allowing shell.
11-14 19:41:30.919  3478  3478 D su      : 2000 /system/bin/dumpstate executing 0 showmap "$@" using binary /system/bin/sh : sh -c showmap "$@" showmap 2
11-14 19:41:30.939  3476  3476 D su      : sending code
11-14 19:41:30.939  3474  3474 D su      : client exited 1
11-14 19:41:30.939  3476  3476 D su      : child exited
11-14 19:41:31.009  3484  3484 D su      : su invoked.
11-14 19:41:31.009  3484  3484 D su      : starting daemon client 2000 0
11-14 19:41:31.019  3486  3486 D su      : remote pid: 3484
11-14 19:41:31.019  3486  3486 D su      : remote pts_slave: 
11-14 19:41:31.019  3486  3486 D su      : waiting for child exit
11-14 19:41:31.019  3488  3488 D su      : su invoked.
11-14 19:41:31.029  3488  3488 D su      : Allowing shell.
11-14 19:41:31.029  3488  3488 D su      : 2000 /system/bin/dumpstate executing 0 showmap "$@" using binary /system/bin/sh : sh -c showmap "$@" showmap 3
11-14 19:41:31.029  3486  3486 D su      : sending code
11-14 19:41:31.029  3486  3486 D su      : child exited
11-14 19:41:31.029  3484  3484 D su      : client exited 1
11-14 19:41:31.109  3491  3491 D su      : su invoked.
11-14 19:41:31.119  3491  3491 D su      : starting daemon client 2000 0
11-14 19:41:31.119  3493  3493 D su      : remote pid: 3491
11-14 19:41:31.119  3493  3493 D su      : remote pts_slave: 
11-14 19:41:31.119  3493  3493 D su      : waiting for child exit
11-14 19:41:31.119  3495  3495 D su      : su invoked.
11-14 19:41:31.119  3495  3495 D su      : Allowing shell.
11-14 19:41:31.119  3495  3495 D su      : 2000 /system/bin/dumpstate executing 0 showmap "$@" using binary /system/bin/sh : sh -c showmap "$@" showmap 4
11-14 19:41:31.129  3493  3493 D su      : sending code
11-14 19:41:31.129  3491  3491 D su      : client exited 1
11-14 19:41:31.129  3493  3493 D su      : child exited
11-14 19:41:31.199  3222  3222 I QueryController: Matched selector: UiSelector[SCROLLABLE=true, CHILD=UiSelector[TEXT=Apps]] <<==>> [android.view.accessibility.AccessibilityNodeInfo@a153; boundsInParent: Rect(0, 0 - 126, 73); boundsInScreen: Rect(174, 1312 - 300, 1385); packageName: com.android.settings; className: android.widget.TextView; text: Apps; contentDescription: null; viewIdResName: android:id/title; checkable: false; checked: false; focusable: false; focused: false; selected: false; clickable: false; longClickable: false; enabled: true; password: false; scrollable: false; [ACTION_SELECT, ACTION_CLEAR_SELECTION, ACTION_ACCESSIBILITY_FOCUS, ACTION_NEXT_AT_MOVEMENT_GRANULARITY, ACTION_PREVIOUS_AT_MOVEMENT_GRANULARITY, ACTION_SET_SELECTION]]
11-14 19:41:31.209  3499  3499 D su      : su invoked.
11-14 19:41:31.209  3499  3499 D su      : starting daemon client 2000 0
11-14 19:41:31.209  3501  3501 D su      : remote pid: 3499
11-14 19:41:31.219  3501  3501 D su      : remote pts_slave: 
11-14 19:41:31.219  3501  3501 D su      : waiting for child exit
11-14 19:41:31.219  3503  3503 D su      : su invoked.
11-14 19:41:31.219  3503  3503 D su      : Allowing shell.
11-14 19:41:31.219  3503  3503 D su      : 2000 /system/bin/dumpstate executing 0 showmap "$@" using binary /system/bin/sh : sh -c showmap "$@" showmap 5
11-14 19:41:31.229  3501  3501 D su      : sending code
11-14 19:41:31.229  3499  3499 D su      : client exited 1
11-14 19:41:31.229  3501  3501 D su      : child exited
11-14 19:41:31.309  3506  3506 D su      : su invoked.
11-14 19:41:31.309  3506  3506 D su      : starting daemon client 2000 0
11-14 19:41:31.319  3508  3508 D su      : remote pid: 3506
11-14 19:41:31.319  3508  3508 D su      : remote pts_slave: 
11-14 19:41:31.319  3508  3508 D su      : waiting for child exit
11-14 19:41:31.319  3510  3510 D su      : su invoked.
11-14 19:41:31.319  3510  3510 D su      : Allowing shell.
11-14 19:41:31.319  3510  3510 D su      : 2000 /system/bin/dumpstate executing 0 showmap "$@" using binary /system/bin/sh : sh -c showmap "$@" showmap 6
11-14 19:41:31.319  3508  3508 D su      : sending code
11-14 19:41:31.319  3508  3508 D su      : child exited
11-14 19:41:31.319  3506  3506 D su      : client exited 1
11-14 19:41:31.419  3513  3513 D su      : su invoked.
11-14 19:41:31.419  3513  3513 D su      : starting daemon client 2000 0
11-14 19:41:31.419  3515  3515 D su      : remote pid: 3513
11-14 19:41:31.419  3515  3515 D su      : remote pts_slave: 
11-14 19:41:31.419  3515  3515 D su      : waiting for child exit
11-14 19:41:31.419  3517  3517 D su      : su invoked.
11-14 19:41:31.419  3517  3517 D su      : Allowing shell.
11-14 19:41:31.419  3517  3517 D su      : 2000 /system/bin/dumpstate executing 0 showmap "$@" using binary /system/bin/sh : sh -c showmap "$@" showmap 7
11-14 19:41:31.439  3515  3515 D su      : sending code
11-14 19:41:31.439  3513  3513 D su      : client exited 1
11-14 19:41:31.439  3515  3515 D su      : child exited
11-14 19:41:31.519  3523  3523 D su      : su invoked.
11-14 19:41:31.519  3523  3523 D su      : starting daemon client 2000 0
11-14 19:41:31.529  3525  3525 D su      : remote pid: 3523
11-14 19:41:31.529  3525  3525 D su      : remote pts_slave: 
11-14 19:41:31.539  3525  3525 D su      : waiting for child exit
11-14 19:41:31.549  3527  3527 D su      : su invoked.
11-14 19:41:31.549  3527  3527 D su      : Allowing shell.
11-14 19:41:31.549  3527  3527 D su      : 2000 /system/bin/dumpstate executing 0 showmap "$@" using binary /system/bin/sh : sh -c showmap "$@" showmap 8
11-14 19:41:31.559  3525  3525 D su      : sending code
11-14 19:41:31.559  3523  3523 D su      : client exited 1
11-14 19:41:31.559  3525  3525 D su      : child exited
11-14 19:41:31.619  3530  3530 D su      : su invoked.
11-14 19:41:31.619  3530  3530 D su      : starting daemon client 2000 0
11-14 19:41:31.629  3532  3532 D su      : remote pid: 3530
11-14 19:41:31.629  3532  3532 D su      : remote pts_slave: 
11-14 19:41:31.629  3532  3532 D su      : waiting for child exit
11-14 19:41:31.639  3534  3534 D su      : su invoked.
11-14 19:41:31.639  3534  3534 D su      : Allowing shell.
11-14 19:41:31.639  3534  3534 D su      : 2000 /system/bin/dumpstate executing 0 showmap "$@" using binary /system/bin/sh : sh -c showmap "$@" showmap 21
11-14 19:41:31.659  3532  3532 D su      : sending code
11-14 19:41:31.659  3530  3530 D su      : client exited 1
11-14 19:41:31.669  3532  3532 D su      : child exited
11-14 19:41:31.719  3537  3537 D su      : su invoked.
11-14 19:41:31.719  3537  3537 D su      : starting daemon client 2000 0
