11-14 19:40:20.931  1037  1102 D GsmDCT  : setEnabled(4, true) with old state = false and enabledCount = 1
11-14 19:40:20.931  1037  1037 D GsmDCT  : handleMessage msg={ when=0 what=270349 arg1=4 arg2=1 target=com.android.internal.telephony.dataconnection.DcTracker }
11-14 19:40:20.931  1037  1037 D GsmDCT  : onEnableApn: apnContext={mApnType=hipri mState=IDLE mWaitingDataProfiles={null} mWaitingApnsPermanentFailureCountDown=0 mDataProfile={null} mReason=nwTypeChanged mDataEnabled=false mDependencyMet=true} call applyNewState
11-14 19:40:20.931  1037  1037 D GsmDCT  : applyNewState(hipri, true(false), true(true))
11-14 19:40:20.931  1037  1037 D GsmDCT  : trySetupData for type:hipri due to dataEnabled apnContext={mApnType=hipri mState=IDLE mWaitingDataProfiles={null} mWaitingApnsPermanentFailureCountDown=0 mDataProfile={null} mReason=dataEnabled mDataEnabled=true mDependencyMet=true}
11-14 19:40:20.931  1037  1037 D GsmDCT  : trySetupData with mIsPsRestricted=false
11-14 19:40:20.931  1037  1037 D GsmDCT  : isEmergency: result=false
11-14 19:40:20.931  1037  1037 D GsmDCT  : buildWaitingApns: E requestedApnType=hipri
11-14 19:40:20.931  1037  1037 D GsmDCT  : getOperatorNumberic - returning from card: 46001
11-14 19:40:20.931  1037  1037 D GsmDCT  : buildWaitingApns: usePreferred=true canSetPreferApn=true mPreferredApn=[ApnSettingV2] China Unicom 3G, 1583, 46001, 3gnet, null, null, null, null, 80, -1, default | supl, IP, IP, true, 0 operator=46001 radioTech=14
11-14 19:40:20.931  1037  1037 D GsmDCT  : buildWaitingApns: Preferred APN:46001:46001:[ApnSettingV2] China Unicom 3G, 1583, 46001, 3gnet, null, null, null, null, 80, -1, default | supl, IP, IP, true, 0
11-14 19:40:20.931  1037  1037 D GsmDCT  : buildWaitingApns: X added preferred apnList=[[ApnSettingV2] China Unicom 3G, 1583, 46001, 3gnet, null, null, null, null, 80, -1, default | supl, IP, IP, true, 0]
11-14 19:40:20.931  1037  1037 D GsmDCT  : trySetupData: Create from mAllDps : [[ApnSettingV2] China Unicom 3G, 1583, 46001, 3gnet, null, null, null, null, 80, -1, default | supl, IP, IP, true, 0][[ApnSettingV2]  3g  (China Unicom), 1584, 46001, 3gwap, null, http://mmsc.myuni.com.cn, 10.0.0.172, 80, null, -1, mms, IP, IP, true, 0][[ApnSettingV2] China Unicom MMS, 1585, 46001, uniwap, null, http://mmsc.myuni.com.cn, 10.0.0.172, 80, null, -1, mms, IP, IP, true, 0]
11-14 19:40:20.931  1037  1037 D GsmDCT  : trySetupData: call setupData, waitingApns : [[ApnSettingV2] China Unicom 3G, 1583, 46001, 3gnet, null, null, null, null, 80, -1, default | supl, IP, IP, true, 0]
11-14 19:40:20.931  1037  1037 D GsmDCT  : setupData: apnContext={mApnType=hipri mState=IDLE mWaitingDataProfiles={[[ApnSettingV2] China Unicom 3G, 1583, 46001, 3gnet, null, null, null, null, 80, -1, default | supl, IP, IP, true, 0]} mWaitingApnsPermanentFailureCountDown=1 mDataProfile={null} mReason=dataEnabled mDataEnabled=true mDependencyMet=true}
11-14 19:40:20.931  1037  1037 D GsmDCT  : checkForCompatibleConnectedApnContext: apnContext={mApnType=hipri mState=IDLE mWaitingDataProfiles={[[ApnSettingV2] China Unicom 3G, 1583, 46001, 3gnet, null, null, null, null, 80, -1, default | supl, IP, IP, true, 0]} mWaitingApnsPermanentFailureCountDown=1 mDataProfile={null} mReason=dataEnabled mDataEnabled=true mDependencyMet=true}
11-14 19:40:20.931  1037  1037 D GsmDCT  : [ApnContext:default] getDataProfile: mDataProfile=[ApnSettingV2] China Unicom 3G, 1583, 46001, 3gnet, null, null, null, null, 80, -1, default | supl, IP, IP, true, 0
11-14 19:40:20.931  1037  1037 D GsmDCT  : checkForCompatibleConnectedApnContext: found canHandle conn=GsmDC-1 curApnCtx={mApnType=default mState=CONNECTED mWaitingDataProfiles={[[ApnSettingV2] China Unicom 3G, 1583, 46001, 3gnet, null, null, null, null, 80, -1, default | supl, IP, IP, true, 0]} mWaitingApnsPermanentFailureCountDown=1 mDataProfile={[ApnSettingV2] China Unicom 3G, 1583, 46001, 3gnet, null, null, null, null, 80, -1, default | supl, IP, IP, true, 0} mReason=connected mDataEnabled=true mDependencyMet=true}
11-14 19:40:20.931  1037  1333 D GsmDC-1 : DcActiveState not handled msg.what=REQ_GET_APNSETTING
11-14 19:40:20.931  1037  1333 D GsmDC-1 : DcDefault msg=REQ_GET_APNSETTING RefCount=1
11-14 19:40:20.931  1037  1333 D GsmDC-1 : REQ_GET_APNSETTING  mApnSetting=[ApnSettingV2] China Unicom 3G, 1583, 46001, 3gnet, null, null, null, null, 80, -1, default | supl, IP, IP, true, 0
11-14 19:40:20.931  1037  1102 D GsmDCT  : enableApnType: new apn request for type hipri return APN_REQUEST_STARTED
11-14 19:40:20.931  1037  1037 D GsmDCT  : setupData: dcac=GsmDC-1 apnSetting=[ApnSettingV2] China Unicom 3G, 1583, 46001, 3gnet, null, null, null, null, 80, -1, default | supl, IP, IP, true, 0
11-14 19:40:20.931  1037  1037 D GsmDCT  : [ApnContext:hipri] setDataProfile: mDataProfile=[ApnSettingV2] China Unicom 3G, 1583, 46001, 3gnet, null, null, null, null, 80, -1, default | supl, IP, IP, true, 0
11-14 19:40:20.931  1037  1037 D GsmDCT  : [ApnContext:hipri] getDataProfile: mDataProfile=[ApnSettingV2] China Unicom 3G, 1583, 46001, 3gnet, null, null, null, null, 80, -1, default | supl, IP, IP, true, 0
11-14 19:40:20.931  1037  1037 D GsmDCT  : setupData: initing!
11-14 19:40:20.931  1037  1037 D GsmDCT  : [ApnContext:fota] getDataProfile: mDataProfile=null
11-14 19:40:20.941  1037  1333 D GsmDC-1 : DcActiveState: EVENT_CONNECT cp={mTag=0 mApnContext={mApnType=hipri mState=CONNECTING mWaitingDataProfiles={[[ApnSettingV2] China Unicom 3G, 1583, 46001, 3gnet, null, null, null, null, 80, -1, default | supl, IP, IP, true, 0]} mWaitingApnsPermanentFailureCountDown=1 mDataProfile={[ApnSettingV2] China Unicom 3G, 1583, 46001, 3gnet, null, null, null, null, 80, -1, default | supl, IP, IP, true, 0} mReason=dataEnabled mDataEnabled=true mDependencyMet=true} mInitialMaxRetry=1 mProfileId=0 mRat=14 mOnCompletedMsg={what=0x42000 when=-20s989ms obj={mApnType=hipri mState=CONNECTING mWaitingDataProfiles={[[ApnSettingV2] China Unicom 3G, 1583, 46001, 3gnet, null, null, null, null, 80, -1, default | supl, IP, IP, true, 0]} mWaitingApnsPermanentFailureCountDown=1 mDataProfile={[ApnSettingV2] China Unicom 3G, 1583, 46001, 3gnet, null, null, null, null, 80, -1, default | supl, IP, IP, true, 0} mReason=dataEnabled mDataEnabled=true mDependencyMet=true} target=Handler (com.android.internal.telephony.dataconnection.DcTracker) {41ea1890} replyTo=null}} dc={GsmDC-1: State=DcActiveState mApnSetting=[ApnSettingV2] China Unicom 3G, 1583, 46001, 3gnet, null, null, null, null, 80, -1, default | supl, IP, IP, true, 0 RefCount=1 mCid=0 mCreateTime=-1 mLastastFailTime=-1 mLastFailCause=NONE mTag=4 mRetryManager=RetryManager: { forever=false maxRetry=10 curMaxRetry=10 retry=0 config={default_randomization=2000,5000,10000,20000,40000,80000:5000,160000:5000,320000:5000,640000:5000,1280000:5000,1800000:5000} retryArray={5000:2000 10000:2000 20000:2000 40000:2000 80000:5000 160000:5000 320000:5000 640000:5000 1280000:5000 1800000:5000 }} mLinkProperties={InterfaceName: rmnet0 LinkAddresses: [10.38.211.233/30,]  Routes: [0.0.0.0/0 -> 10.38.211.234,] DnsAddresses: [123.123.123.123,123.123.123.124,] Domains: nullMTU: 0} mLinkCapabilities={} mApnContexts=[{mApnType=default mState=CONNECTED mWaitingDataProfiles={[[ApnSettingV2] China Unicom 3G, 1583, 46001, 3gnet, null, null, null, null, 80, -1, default | supl, IP, IP, true, 0]} mWaitingApnsPermanentFailureCountDown=1 mDataProfile={[ApnSettingV2] China Unicom 3G, 1583, 46001, 3gnet, null, null, null, null, 80, -1, default | supl, IP, IP, true, 0} mReason=connected mDataEnabled=true mDependencyMet=true}]}
11-14 19:40:20.941  1037  1333 D GsmDC-1 : DcActiveState msg.what=EVENT_CONNECT RefCount=2
11-14 19:40:20.941  1037  1333 D GsmDC-1 : notifyConnectCompleted at 1447501220943 cause=NONE connectionCompletedMsg={what=0x42000 when=-20s990ms obj=android.os.AsyncResult@4248d000 target=Handler (com.android.internal.telephony.dataconnection.DcTracker) {41ea1890} replyTo=null}
11-14 19:40:20.941  1037  1037 D GsmDCT  : [ApnContext:dun] getDataProfile: mDataProfile=null
11-14 19:40:20.941  1037  1037 D GsmDCT  : [ApnContext:ia] getDataProfile: mDataProfile=null
11-14 19:40:20.941  1037  1037 D GsmDCT  : [ApnContext:supl] getDataProfile: mDataProfile=null
11-14 19:40:20.941  1037  1037 D GsmDCT  : [ApnContext:ims] getDataProfile: mDataProfile=null
11-14 19:40:20.941  1037  1037 D GsmDCT  : [ApnContext:mms] getDataProfile: mDataProfile=null
11-14 19:40:20.951  1037  1037 D GsmDCT  : [ApnContext:cbs] getDataProfile: mDataProfile=null
11-14 19:40:20.951  1037  1037 D GsmDCT  : trySetupData: X retValue=true
11-14 19:40:20.951  1037  1037 D GsmDCT  : handleMessage msg={ when=-12ms what=270336 obj=android.os.AsyncResult@4248d000 target=com.android.internal.telephony.dataconnection.DcTracker }
11-14 19:40:20.951  1037  1037 D GsmDCT  : [ApnContext:hipri] getDataProfile: mDataProfile=[ApnSettingV2] China Unicom 3G, 1583, 46001, 3gnet, null, null, null, null, 80, -1, default | supl, IP, IP, true, 0
11-14 19:40:20.951  1037  1037 D GsmDCT  : onDataSetupComplete: success apn=3gnet
11-14 19:40:20.951  1037  1037 D GsmDCT  : completeConnection: successful, notify the world apnContext={mApnType=hipri mState=CONNECTED mWaitingDataProfiles={[[ApnSettingV2] China Unicom 3G, 1583, 46001, 3gnet, null, null, null, null, 80, -1, default | supl, IP, IP, true, 0]} mWaitingApnsPermanentFailureCountDown=1 mDataProfile={[ApnSettingV2] China Unicom 3G, 1583, 46001, 3gnet, null, null, null, null, 80, -1, default | supl, IP, IP, true, 0} mReason=dataEnabled mDataEnabled=true mDependencyMet=true}
11-14 19:40:20.951  1037  1037 D GsmDCT  : return link properites for hipri
11-14 19:40:20.951  1037  1333 D GsmDC-1 : DcActiveState not handled msg.what=REQ_GET_LINK_PROPERTIES
11-14 19:40:20.951  1037  1333 D GsmDC-1 : DcDefault msg=REQ_GET_LINK_PROPERTIES RefCount=2
11-14 19:40:20.951  1037  1333 D GsmDC-1 : REQ_GET_LINK_PROPERTIES linkProperties{InterfaceName: rmnet0 LinkAddresses: [10.38.211.233/30,]  Routes: [0.0.0.0/0 -> 10.38.211.234,] DnsAddresses: [123.123.123.123,123.123.123.124,] Domains: nullMTU: 0}
11-14 19:40:20.951  1037  1037 D GsmDCT  : get active pdp is not null, return link Capabilities for hipri
11-14 19:40:20.951  1037  1333 D GsmDC-1 : DcActiveState not handled msg.what=REQ_GET_LINK_CAPABILITIES
11-14 19:40:20.951  1037  1333 D GsmDC-1 : DcDefault msg=REQ_GET_LINK_CAPABILITIES RefCount=2
11-14 19:40:20.951  1037  1333 D GsmDC-1 : REQ_GET_LINK_CAPABILITIES linkCapabilities{}
11-14 19:40:20.951  1037  1037 D GsmDCT  : [ApnContext:hipri] getDataProfile: mDataProfile=[ApnSettingV2] China Unicom 3G, 1583, 46001, 3gnet, null, null, null, null, 80, -1, default | supl, IP, IP, true, 0
11-14 19:40:20.951  1037  1037 D GsmDCT  : overall state is CONNECTED
11-14 19:40:20.951  1037  1037 D GsmDCT  : getRecoveryAction: 0
11-14 19:40:20.951  1037  1037 D GsmDCT  : overall state is CONNECTED
11-14 19:40:20.951  1037  1037 D GsmDCT  : startDataStallAlarm: tag=14528 delay=60s
11-14 19:40:20.961  1037  1037 D GsmDCT  : onDataSetupComplete: SETUP complete type=hipri, reason:dataEnabled
11-14 19:40:21.271  1037  1037 D GsmDCT  : handleMessage msg={ when=-1ms what=270368 arg1=1 target=com.android.internal.telephony.dataconnection.DcTracker }
11-14 19:40:21.621  1037  1037 D GsmDCT  : handleMessage msg={ when=0 what=270368 arg1=1 target=com.android.internal.telephony.dataconnection.DcTracker }
11-14 19:40:21.621  1037  1037 D GsmDCT  : handleMessage msg={ when=-1ms what=270368 arg1=1 target=com.android.internal.telephony.dataconnection.DcTracker }
11-14 19:40:21.951  1037  1037 D GsmDCT  : handleMessage msg={ when=-7ms what=270374 target=com.android.internal.telephony.dataconnection.DcTracker }
11-14 19:40:21.951  1037  1037 D GsmDCT  : CMD_IS_PROVISIONING_APN
11-14 19:40:21.951  1037  1037 D GsmDCT  : CMD_IS_PROVISIONING_APN: ret=false
11-14 19:40:22.041  1037  1037 D GsmDCT  : handleMessage msg={ when=-3ms what=270368 arg1=1 target=com.android.internal.telephony.dataconnection.DcTracker }
11-14 19:40:24.000  1037  1085 D CdmaCallTracker: CdmaCallTracker finalized
11-14 19:40:24.000  1037  1085 D RuimPhoneBookIM: RuimPhoneBookInterfaceManager finalized
11-14 19:40:24.000  1037  1085 D PhoneSubInfo: PhoneSubInfo finalized
11-14 19:40:25.210  1037  1193 D RILJ    : [UNSL]< UNSOL_RESPONSE_VOICE_NETWORK_STATE_CHANGED
11-14 19:40:25.210  1037  1037 D RILJ    : [3780]> OPERATOR
11-14 19:40:25.210  1037  1037 D RILJ    : [3781]> DATA_REGISTRATION_STATE
11-14 19:40:25.220  1037  1037 D RILJ    : [3782]> VOICE_REGISTRATION_STATE
11-14 19:40:25.220  1037  1193 D RILJ    : [3780]< OPERATOR {, , 46001}
11-14 19:40:25.220  1037  1037 D RILJ    : [3783]> QUERY_NETWORK_SELECTION_MODE
11-14 19:40:25.230  1037  1193 D RILJ    : [3781]< DATA_REGISTRATION_STATE {1, null, 004a176f, 14, null, 20, 4125, 147, 4855663, null, null}
11-14 19:40:25.230  1037  1037 D PHONE   : [ServiceState] setDataRegState=0
11-14 19:40:25.230  1037  1037 D PHONE   : [ServiceState] setDataRadioTechnology=14
11-14 19:40:25.230  1037  1037 D GsmSST  : [GsmSST] handlPollStateResultMessage: GsmSST setDataRegState=0 regState=1 dataRadioTechnology=14
11-14 19:40:25.240  1037  1193 D RILJ    : [3782]< VOICE_REGISTRATION_STATE {1, 101d, 004a176f, 14, null, null, null, 0, null, null, 1, null, null, 0, null}
11-14 19:40:25.240  1037  1037 D PHONE   : [ServiceState] setVoiceRegState=0
11-14 19:40:25.240  1037  1037 E PHONE   : [ServiceState] setState deprecated use setVoiceRegState()
11-14 19:40:25.240  1037  1193 D RILJ    : [3783]< QUERY_NETWORK_SELECTION_MODE {0}
11-14 19:40:25.250  1037  1037 D GsmSST  : [GsmSST] Poll ServiceState done:  oldSS=[0 0 home   46001  LTE LTE CSS not supported -1 -1 RoamInd=-1 DefRoamInd=-1 EmergOnly=false] newSS=[0 0 home   46001  LTE LTE CSS not supported -1 -1 RoamInd=-1 DefRoamInd=-1 EmergOnly=false] oldMaxDataCalls=20 mNewMaxDataCalls=20 oldReasonDataDenied=-1 mNewReasonDataDenied=-1
11-14 19:40:25.250  1037  1037 D PHONE   : [ServiceState] setNullState=1
11-14 19:40:25.630  1037  1447 D RILJ    : [3784]> RIL_REQUEST_GSM_SET_BROADCAST_CONFIG with 1 configs : 
11-14 19:40:25.630  1037  1447 D RILJ    : SmsBroadcastConfigInfo: Id [4352,4354] Code [0,255] ENABLED
11-14 19:40:25.720  1037  1193 D RILJ    : [3784]< RIL_REQUEST_GSM_SET_BROADCAST_CONFIG 
11-14 19:40:25.720  1037  1447 D RILJ    : [3785]> RIL_REQUEST_GSM_BROADCAST_ACTIVATION
11-14 19:40:25.730  1037  1193 D RILJ    : [3785]< RIL_REQUEST_GSM_BROADCAST_ACTIVATION 
11-14 19:40:25.750  1037  1282 D RILJ    : [3786]> RIL_REQUEST_GSM_SET_BROADCAST_CONFIG with 2 configs : 
11-14 19:40:25.750  1037  1282 D RILJ    : SmsBroadcastConfigInfo: Id [4352,4354] Code [0,255] ENABLED
11-14 19:40:25.750  1037  1282 D RILJ    : SmsBroadcastConfigInfo: Id [4356,4356] Code [0,255] ENABLED
11-14 19:40:25.960  1037  1193 D RILJ    : [3786]< RIL_REQUEST_GSM_SET_BROADCAST_CONFIG 
11-14 19:40:25.960  1037  1282 D RILJ    : [3787]> RIL_REQUEST_GSM_BROADCAST_ACTIVATION
11-14 19:40:25.970  1037  1193 D RILJ    : [3787]< RIL_REQUEST_GSM_BROADCAST_ACTIVATION 
11-14 19:40:25.970  1037  1095 D RILJ    : [3788]> RIL_REQUEST_GSM_SET_BROADCAST_CONFIG with 3 configs : 
11-14 19:40:25.970  1037  1095 D RILJ    : SmsBroadcastConfigInfo: Id [4352,4354] Code [0,255] ENABLED
11-14 19:40:25.970  1037  1095 D RILJ    : SmsBroadcastConfigInfo: Id [4356,4356] Code [0,255] ENABLED
11-14 19:40:25.970  1037  1095 D RILJ    : SmsBroadcastConfigInfo: Id [4371,4372] Code [0,255] ENABLED
11-14 19:40:26.210  1037  1193 D RILJ    : [3788]< RIL_REQUEST_GSM_SET_BROADCAST_CONFIG 
11-14 19:40:26.210  1037  1095 D RILJ    : [3789]> RIL_REQUEST_GSM_BROADCAST_ACTIVATION
11-14 19:40:26.220  1037  1193 D RILJ    : [3789]< RIL_REQUEST_GSM_BROADCAST_ACTIVATION 
11-14 19:40:26.230  1037  1102 D RILJ    : [3790]> RIL_REQUEST_GSM_SET_BROADCAST_CONFIG with 4 configs : 
11-14 19:40:26.230  1037  1102 D RILJ    : SmsBroadcastConfigInfo: Id [4352,4354] Code [0,255] ENABLED
11-14 19:40:26.230  1037  1102 D RILJ    : SmsBroadcastConfigInfo: Id [4356,4356] Code [0,255] ENABLED
11-14 19:40:26.230  1037  1102 D RILJ    : SmsBroadcastConfigInfo: Id [4371,4372] Code [0,255] ENABLED
11-14 19:40:26.230  1037  1102 D RILJ    : SmsBroadcastConfigInfo: Id [4373,4378] Code [0,255] ENABLED
11-14 19:40:26.470  1037  1193 D RILJ    : [3790]< RIL_REQUEST_GSM_SET_BROADCAST_CONFIG 
11-14 19:40:26.470  1037  1102 D RILJ    : [3791]> RIL_REQUEST_GSM_BROADCAST_ACTIVATION
11-14 19:40:26.480  1037  1193 D RILJ    : [3791]< RIL_REQUEST_GSM_BROADCAST_ACTIVATION 
11-14 19:40:26.480  1037  1447 D RILJ    : [3792]> RIL_REQUEST_GSM_SET_BROADCAST_CONFIG with 4 configs : 
11-14 19:40:26.480  1037  1447 D RILJ    : SmsBroadcastConfigInfo: Id [4352,4354] Code [0,255] ENABLED
11-14 19:40:26.480  1037  1447 D RILJ    : SmsBroadcastConfigInfo: Id [4356,4356] Code [0,255] ENABLED
11-14 19:40:26.480  1037  1447 D RILJ    : SmsBroadcastConfigInfo: Id [4371,4378] Code [0,255] ENABLED
11-14 19:40:26.480  1037  1447 D RILJ    : SmsBroadcastConfigInfo: Id [4379,4379] Code [0,255] ENABLED
11-14 19:40:26.710  1037  1193 D RILJ    : [3792]< RIL_REQUEST_GSM_SET_BROADCAST_CONFIG 
11-14 19:40:26.710  1037  1447 D RILJ    : [3793]> RIL_REQUEST_GSM_BROADCAST_ACTIVATION
11-14 19:40:26.720  1037  1193 D RILJ    : [3793]< RIL_REQUEST_GSM_BROADCAST_ACTIVATION 
11-14 19:40:26.720  1037  1282 D RILJ    : [3794]> RIL_REQUEST_GSM_SET_BROADCAST_CONFIG with 4 configs : 
11-14 19:40:26.730  1037  1282 D RILJ    : SmsBroadcastConfigInfo: Id [4352,4354] Code [0,255] ENABLED
11-14 19:40:26.730  1037  1282 D RILJ    : SmsBroadcastConfigInfo: Id [4356,4356] Code [0,255] ENABLED
11-14 19:40:26.730  1037  1282 D RILJ    : SmsBroadcastConfigInfo: Id [4371,4379] Code [0,255] ENABLED
11-14 19:40:26.730  1037  1282 D RILJ    : SmsBroadcastConfigInfo: Id [4370,4370] Code [0,255] ENABLED
11-14 19:40:26.960  1037  1193 D RILJ    : [3794]< RIL_REQUEST_GSM_SET_BROADCAST_CONFIG 
11-14 19:40:26.960  1037  1282 D RILJ    : [3795]> RIL_REQUEST_GSM_BROADCAST_ACTIVATION
11-14 19:40:26.970  1037  1193 D RILJ    : [3795]< RIL_REQUEST_GSM_BROADCAST_ACTIVATION 
11-14 19:40:27.190  1037  1037 D GsmDCT  : handleMessage msg={ when=0 what=270368 arg1=1 target=com.android.internal.telephony.dataconnection.DcTracker }
11-14 19:40:27.720  1037  1447 D GsmDCT  : enableApnType: supl mState(IDLE)
11-14 19:40:27.720  1037  1447 D GsmDCT  : setEnabled(2, true) with old state = false and enabledCount = 1
11-14 19:40:27.720  1037  1447 D GsmDCT  : enableApnType: new apn request for type supl return APN_REQUEST_STARTED
11-14 19:40:27.720  1037  1037 D GsmDCT  : handleMessage msg={ when=0 what=270349 arg1=2 arg2=1 target=com.android.internal.telephony.dataconnection.DcTracker }
11-14 19:40:27.720  1037  1037 D GsmDCT  : onEnableApn: apnContext={mApnType=supl mState=IDLE mWaitingDataProfiles={null} mWaitingApnsPermanentFailureCountDown=0 mDataProfile={null} mReason=nwTypeChanged mDataEnabled=false mDependencyMet=true} call applyNewState
11-14 19:40:27.720  1037  1037 D GsmDCT  : applyNewState(supl, true(false), true(true))
11-14 19:40:27.720  1037  1037 D GsmDCT  : trySetupData for type:supl due to dataEnabled apnContext={mApnType=supl mState=IDLE mWaitingDataProfiles={null} mWaitingApnsPermanentFailureCountDown=0 mDataProfile={null} mReason=dataEnabled mDataEnabled=true mDependencyMet=true}
11-14 19:40:27.720  1037  1037 D GsmDCT  : trySetupData with mIsPsRestricted=false
11-14 19:40:27.720  1037  1037 D GsmDCT  : isEmergency: result=false
11-14 19:40:27.720  1037  1037 D GsmDCT  : buildWaitingApns: E requestedApnType=supl
11-14 19:40:27.720  1037  1037 D GsmDCT  : getOperatorNumberic - returning from card: 46001
11-14 19:40:27.720  1037  1037 D GsmDCT  : buildWaitingApns: usePreferred=true canSetPreferApn=true mPreferredApn=[ApnSettingV2] China Unicom 3G, 1583, 46001, 3gnet, null, null, null, null, 80, -1, default | supl, IP, IP, true, 0 operator=46001 radioTech=14
11-14 19:40:27.720  1037  1037 D GsmDCT  : buildWaitingApns: Preferred APN:46001:46001:[ApnSettingV2] China Unicom 3G, 1583, 46001, 3gnet, null, null, null, null, 80, -1, default | supl, IP, IP, true, 0
11-14 19:40:27.720  1037  1037 D GsmDCT  : buildWaitingApns: X added preferred apnList=[[ApnSettingV2] China Unicom 3G, 1583, 46001, 3gnet, null, null, null, null, 80, -1, default | supl, IP, IP, true, 0]
11-14 19:40:27.720  1037  1037 D GsmDCT  : trySetupData: Create from mAllDps : [[ApnSettingV2] China Unicom 3G, 1583, 46001, 3gnet, null, null, null, null, 80, -1, default | supl, IP, IP, true, 0][[ApnSettingV2]  3g  (China Unicom), 1584, 46001, 3gwap, null, http://mmsc.myuni.com.cn, 10.0.0.172, 80, null, -1, mms, IP, IP, true, 0][[ApnSettingV2] China Unicom MMS, 1585, 46001, uniwap, null, http://mmsc.myuni.com.cn, 10.0.0.172, 80, null, -1, mms, IP, IP, true, 0]
11-14 19:40:27.720  1037  1037 D GsmDCT  : trySetupData: call setupData, waitingApns : [[ApnSettingV2] China Unicom 3G, 1583, 46001, 3gnet, null, null, null, null, 80, -1, default | supl, IP, IP, true, 0]
11-14 19:40:27.720  1037  1037 D GsmDCT  : setupData: apnContext={mApnType=supl mState=IDLE mWaitingDataProfiles={[[ApnSettingV2] China Unicom 3G, 1583, 46001, 3gnet, null, null, null, null, 80, -1, default | supl, IP, IP, true, 0]} mWaitingApnsPermanentFailureCountDown=1 mDataProfile={null} mReason=dataEnabled mDataEnabled=true mDependencyMet=true}
11-14 19:40:27.720  1037  1037 D GsmDCT  : checkForCompatibleConnectedApnContext: apnContext={mApnType=supl mState=IDLE mWaitingDataProfiles={[[ApnSettingV2] China Unicom 3G, 1583, 46001, 3gnet, null, null, null, null, 80, -1, default | supl, IP, IP, true, 0]} mWaitingApnsPermanentFailureCountDown=1 mDataProfile={null} mReason=dataEnabled mDataEnabled=true mDependencyMet=true}
11-14 19:40:27.720  1037  1037 D GsmDCT  : [ApnContext:hipri] getDataProfile: mDataProfile=[ApnSettingV2] China Unicom 3G, 1583, 46001, 3gnet, null, null, null, null, 80, -1, default | supl, IP, IP, true, 0
11-14 19:40:27.720  1037  1037 D GsmDCT  : checkForCompatibleConnectedApnContext: found canHandle conn=GsmDC-1 curApnCtx={mApnType=hipri mState=CONNECTED mWaitingDataProfiles={[[ApnSettingV2] China Unicom 3G, 1583, 46001, 3gnet, null, null, null, null, 80, -1, default | supl, IP, IP, true, 0]} mWaitingApnsPermanentFailureCountDown=1 mDataProfile={[ApnSettingV2] China Unicom 3G, 1583, 46001, 3gnet, null, null, null, null, 80, -1, default | supl, IP, IP, true, 0} mReason=dataEnabled mDataEnabled=true mDependencyMet=true}
11-14 19:40:27.720  1037  1333 D GsmDC-1 : DcActiveState not handled msg.what=REQ_GET_APNSETTING
11-14 19:40:27.720  1037  1333 D GsmDC-1 : DcDefault msg=REQ_GET_APNSETTING RefCount=2
11-14 19:40:27.720  1037  1333 D GsmDC-1 : REQ_GET_APNSETTING  mApnSetting=[ApnSettingV2] China Unicom 3G, 1583, 46001, 3gnet, null, null, null, null, 80, -1, default | supl, IP, IP, true, 0
11-14 19:40:27.720  1037  1037 D GsmDCT  : setupData: dcac=GsmDC-1 apnSetting=[ApnSettingV2] China Unicom 3G, 1583, 46001, 3gnet, null, null, null, null, 80, -1, default | supl, IP, IP, true, 0
11-14 19:40:27.720  1037  1037 D GsmDCT  : [ApnContext:supl] setDataProfile: mDataProfile=[ApnSettingV2] China Unicom 3G, 1583, 46001, 3gnet, null, null, null, null, 80, -1, default | supl, IP, IP, true, 0
11-14 19:40:27.720  1037  1037 D GsmDCT  : [ApnContext:supl] getDataProfile: mDataProfile=[ApnSettingV2] China Unicom 3G, 1583, 46001, 3gnet, null, null, null, null, 80, -1, default | supl, IP, IP, true, 0
11-14 19:40:27.720  1037  1037 D GsmDCT  : setupData: initing!
11-14 19:40:27.720  1037  1037 D GsmDCT  : [ApnContext:fota] getDataProfile: mDataProfile=null
11-14 19:40:27.730  1037  1333 D GsmDC-1 : DcActiveState: EVENT_CONNECT cp={mTag=0 mApnContext={mApnType=supl mState=CONNECTING mWaitingDataProfiles={[[ApnSettingV2] China Unicom 3G, 1583, 46001, 3gnet, null, null, null, null, 80, -1, default | supl, IP, IP, true, 0]} mWaitingApnsPermanentFailureCountDown=1 mDataProfile={[ApnSettingV2] China Unicom 3G, 1583, 46001, 3gnet, null, null, null, null, 80, -1, default | supl, IP, IP, true, 0} mReason=dataEnabled mDataEnabled=true mDependencyMet=true} mInitialMaxRetry=1 mProfileId=0 mRat=14 mOnCompletedMsg={what=0x42000 when=-27s280ms obj={mApnType=supl mState=CONNECTING mWaitingDataProfiles={[[ApnSettingV2] China Unicom 3G, 1583, 46001, 3gnet, null, null, null, null, 80, -1, default | supl, IP, IP, true, 0]} mWaitingApnsPermanentFailureCountDown=1 mDataProfile={[ApnSettingV2] China Unicom 3G, 1583, 46001, 3gnet, null, null, null, null, 80, -1, default | supl, IP, IP, true, 0} mReason=dataEnabled mDataEnabled=true mDependencyMet=true} target=Handler (com.android.internal.telephony.dataconnection.DcTracker) {41ea1890} replyTo=null}} dc={GsmDC-1: State=DcActiveState mApnSetting=[ApnSettingV2] China Unicom 3G, 1583, 46001, 3gnet, null, null, null, null, 80, -1, default | supl, IP, IP, true, 0 RefCount=2 mCid=0 mCreateTime=1447501220943 mLastastFailTime=-1 mLastFailCause=NONE mTag=4 mRetryManager=RetryManager: { forever=false maxRetry=10 curMaxRetry=10 retry=0 config={default_randomization=2000,5000,10000,20000,40000,80000:5000,160000:5000,320000:5000,640000:5000,1280000:5000,1800000:5000} retryArray={5000:2000 10000:2000 20000:2000 40000:2000 80000:5000 160000:5000 320000:5000 640000:5000 1280000:5000 1800000:5000 }} mLinkProperties={InterfaceName: rmnet0 LinkAddresses: [10.38.211.233/30,]  Routes: [0.0.0.0/0 -> 10.38.211.234,] DnsAddresses: [123.123.123.123,123.123.123.124,] Domains: nullMTU: 0} mLinkCapabilities={} mApnContexts=[{mApnType=default mState=CONNECTED mWaitingDataProfiles={[[ApnSettingV2] China Unicom 3G, 1583, 46001, 3gnet, null, null, null, null, 80, -1, default | supl, IP, IP, true, 0]} mWaitingApnsPermanentFailureCountDown=1 mDataProfile={[ApnSettingV2] China Unicom 3G, 1583, 46001, 3gnet, null, null, null, null, 80, -1, default | supl, IP, IP, true, 0} mReason=connected mDataEnabled=true mDependencyMet=true}, {mApnType=hipri mState=CONNECTED mWaitingDataProfiles={[[ApnSettingV2] China Unicom 3G, 1583, 46001, 3gnet, null, null, null, null, 80, -1, default | supl, IP, IP, true, 0]} mWaitingApnsPermanentFailureCountDown=1 mDataProfile={[ApnSettingV2] China Unicom 3G, 1583, 46001, 3gnet, null, null, null, null, 80, -1, default | supl, IP, IP, true, 0} mReason=dataEnabled mDataEnabled=true mDependencyMet=true}]}
11-14 19:40:27.730  1037  1333 D GsmDC-1 : DcActiveState msg.what=EVENT_CONNECT RefCount=3
11-14 19:40:27.730  1037  1333 D GsmDC-1 : notifyConnectCompleted at 1447501227733 cause=NONE connectionCompletedMsg={what=0x42000 when=-27s281ms obj=android.os.AsyncResult@41f9dec8 target=Handler (com.android.internal.telephony.dataconnection.DcTracker) {41ea1890} replyTo=null}
11-14 19:40:27.730  1037  1037 D GsmDCT  : [ApnContext:dun] getDataProfile: mDataProfile=null
11-14 19:40:27.730  1037  1037 D GsmDCT  : [ApnContext:ia] getDataProfile: mDataProfile=null
11-14 19:40:27.730  1037  1037 D GsmDCT  : [ApnContext:ims] getDataProfile: mDataProfile=null
11-14 19:40:27.730  1037  1037 D GsmDCT  : [ApnContext:mms] getDataProfile: mDataProfile=null
11-14 19:40:27.730  1037  1037 D GsmDCT  : [ApnContext:cbs] getDataProfile: mDataProfile=null
11-14 19:40:27.730  1037  1037 D GsmDCT  : trySetupData: X retValue=true
11-14 19:40:27.730  1037  1037 D GsmDCT  : handleMessage msg={ when=-6ms what=270336 obj=android.os.AsyncResult@41f9dec8 target=com.android.internal.telephony.dataconnection.DcTracker }
11-14 19:40:27.730  1037  1037 D GsmDCT  : [ApnContext:supl] getDataProfile: mDataProfile=[ApnSettingV2] China Unicom 3G, 1583, 46001, 3gnet, null, null, null, null, 80, -1, default | supl, IP, IP, true, 0
11-14 19:40:27.730  1037  1037 D GsmDCT  : onDataSetupComplete: success apn=3gnet
11-14 19:40:27.730  1037  1037 D GsmDCT  : completeConnection: successful, notify the world apnContext={mApnType=supl mState=CONNECTED mWaitingDataProfiles={[[ApnSettingV2] China Unicom 3G, 1583, 46001, 3gnet, null, null, null, null, 80, -1, default | supl, IP, IP, true, 0]} mWaitingApnsPermanentFailureCountDown=1 mDataProfile={[ApnSettingV2] China Unicom 3G, 1583, 46001, 3gnet, null, null, null, null, 80, -1, default | supl, IP, IP, true, 0} mReason=dataEnabled mDataEnabled=true mDependencyMet=true}
11-14 19:40:27.730  1037  1037 D GsmDCT  : return link properites for supl
11-14 19:40:27.730  1037  1333 D GsmDC-1 : DcActiveState not handled msg.what=REQ_GET_LINK_PROPERTIES
11-14 19:40:27.730  1037  1333 D GsmDC-1 : DcDefault msg=REQ_GET_LINK_PROPERTIES RefCount=3
11-14 19:40:27.730  1037  1333 D GsmDC-1 : REQ_GET_LINK_PROPERTIES linkProperties{InterfaceName: rmnet0 LinkAddresses: [10.38.211.233/30,]  Routes: [0.0.0.0/0 -> 10.38.211.234,] DnsAddresses: [123.123.123.123,123.123.123.124,] Domains: nullMTU: 0}
11-14 19:40:27.730  1037  1037 D GsmDCT  : get active pdp is not null, return link Capabilities for supl
11-14 19:40:27.730  1037  1333 D GsmDC-1 : DcActiveState not handled msg.what=REQ_GET_LINK_CAPABILITIES
11-14 19:40:27.730  1037  1333 D GsmDC-1 : DcDefault msg=REQ_GET_LINK_CAPABILITIES RefCount=3
11-14 19:40:27.730  1037  1333 D GsmDC-1 : REQ_GET_LINK_CAPABILITIES linkCapabilities{}
11-14 19:40:27.730  1037  1037 D GsmDCT  : [ApnContext:supl] getDataProfile: mDataProfile=[ApnSettingV2] China Unicom 3G, 1583, 46001, 3gnet, null, null, null, null, 80, -1, default | supl, IP, IP, true, 0
11-14 19:40:27.740  1037  1037 D GsmDCT  : overall state is CONNECTED
11-14 19:40:27.740  1037  1037 D GsmDCT  : getRecoveryAction: 0
11-14 19:40:27.740  1037  1037 D GsmDCT  : overall state is CONNECTED
11-14 19:40:27.740  1037  1037 D GsmDCT  : startDataStallAlarm: tag=14529 delay=60s
11-14 19:40:27.740  1037  1037 D GsmDCT  : onDataSetupComplete: SETUP complete type=supl, reason:dataEnabled
11-14 19:40:27.770  1037  1037 D GsmDCT  : handleMessage msg={ when=0 what=270368 arg1=1 target=com.android.internal.telephony.dataconnection.DcTracker }
11-14 19:40:28.090  1037  1037 D GsmDCT  : handleMessage msg={ when=0 what=270368 arg1=1 target=com.android.internal.telephony.dataconnection.DcTracker }
11-14 19:40:32.729  1037  1333 D GsmDC-1 : [dcRac] onReceive: action=com.android.internal.telephony.dataconnection.DataConnection.GsmDC-1.action_retry sendMessage(what:EVENT_RETRY_CONNECTION, tag:2)
11-14 19:40:32.729  1037  1333 D GsmDC-1 : DcActiveState not handled msg.what=EVENT_RETRY_CONNECTION
11-14 19:40:32.729  1037  1333 D GsmDC-1 : DcDefault msg=EVENT_RETRY_CONNECTION RefCount=3
11-14 19:40:32.739  1037  1333 D GsmDC-1 : DcDefaultState ignore EVENT_RETRY_CONNECTION tag=2:mTag=4
11-14 19:40:34.749  1037  1037 E CdmaSST : [CdmaLteSST] Received message { when=-1ms what=10 target=com.android.internal.telephony.cdma.CdmaLteServiceStateTracker }[10] while being destroyed. Ignoring.
11-14 19:40:35.219  1037  1037 D RILJ    : [3796]> SIGNAL_STRENGTH
11-14 19:40:35.219  1037  1193 D RILJ    : [3796]< SIGNAL_STRENGTH SignalStrength: 99 0 -1 -1 -1 -1 -1 29 92 9 300 2147483647 2147483647 gsm|lte
11-14 19:40:36.489  1037  1037 D CAT     : StkAppService: 2called on slot:0
11-14 19:40:36.489  1037  1887 D CAT     : StkAppService$ServiceHandler: RES_ID_TIMEOUT
11-14 19:40:36.489  1037  1887 D CAT     : StkAppService$ServiceHandler: CmdResponse sent on0
11-14 19:40:36.549  1037  1037 D CAT     : CatService: isResponse for last valid cmd: true
11-14 19:40:36.549  1037  1037 D CAT     : CatService: encodeOptionalTags() Unsupported Cmd details=CmdDetails: compRequired=true commandNumber=1 typeOfCommand=33 commandQualifier=1
11-14 19:40:36.549  1037  1037 D RILJ    : [3797]> REQUEST_STK_SEND_TERMINAL_RESPONSE
11-14 19:40:36.549  1037  1193 D RILJ    : [3797]< REQUEST_STK_SEND_TERMINAL_RESPONSE 
11-14 19:40:36.559  1037  1193 D RILJ    : [UNSL]< UNSOL_STK_SESSION_END
11-14 19:40:36.569  1037  1037 D CAT     : CatService: ril message arrived
11-14 19:40:36.569  1037  1037 D CAT     : CatService: SESSION END
11-14 19:40:36.569  1037  1037 D CAT     : StkAppService: 4called on slot:0
11-14 19:40:47.209  1037  1037 D GsmDCT  : onReceive: action=android.intent.action.SCREEN_ON
11-14 19:40:47.219  1037  1037 D GsmDCT  : stopNetStatPoll
11-14 19:40:47.219  1037  1037 D GsmDCT  : overall state is CONNECTED
11-14 19:40:47.219  1037  1037 D GsmDCT  : startNetStatPoll
11-14 19:40:47.219  1037  1037 D GsmDCT  : getRecoveryAction: 0
11-14 19:40:47.219  1037  1037 D GsmDCT  : restartDataStallAlarm: stop then start.
11-14 19:40:47.219  1037  1037 D GsmDCT  : stopDataStallAlarm: current tag=14529 mDataStallAlarmIntent=PendingIntent{42042a48: android.os.BinderProxy@42467490}
11-14 19:40:47.219  1037  1037 D GsmDCT  : getRecoveryAction: 0
11-14 19:40:47.219  1037  1037 D GsmDCT  : overall state is CONNECTED
11-14 19:40:47.219  1037  1037 D GsmDCT  : startDataStallAlarm: tag=14531 delay=60s
11-14 19:40:47.279  1037  1037 D RILJ    : [3798]> SCREEN_STATE: true
11-14 19:40:47.289  1037  1193 D RILJ    : [3798]< SCREEN_STATE 
11-14 19:40:47.289  1037  1193 D RILJ    : [UNSL]< UNSOL_RESPONSE_VOICE_NETWORK_STATE_CHANGED
11-14 19:40:47.289  1037  1037 D RILJ    : [3799]> OPERATOR
11-14 19:40:47.289  1037  1037 D RILJ    : [3800]> DATA_REGISTRATION_STATE
11-14 19:40:47.289  1037  1037 D RILJ    : [3801]> VOICE_REGISTRATION_STATE
11-14 19:40:47.289  1037  1037 D RILJ    : [3802]> QUERY_NETWORK_SELECTION_MODE
11-14 19:40:47.299  1037  1193 D RILJ    : [3799]< OPERATOR {, , 46001}
11-14 19:40:47.299  1037  1193 D RILJ    : [3801]< VOICE_REGISTRATION_STATE {1, 101d, 004a176f, 14, null, null, null, 0, null, null, 1, null, null, 0, null}
11-14 19:40:47.299  1037  1193 D RILJ    : [3800]< DATA_REGISTRATION_STATE {1, null, 004a176f, 14, null, 20, 4125, 147, 4855663, null, null}
11-14 19:40:47.299  1037  1193 D RILJ    : [UNSL]< UNSOL_RESPONSE_VOICE_NETWORK_STATE_CHANGED
11-14 19:40:47.299  1037  1037 D PHONE   : [ServiceState] setVoiceRegState=0
11-14 19:40:47.299  1037  1037 E PHONE   : [ServiceState] setState deprecated use setVoiceRegState()
11-14 19:40:47.299  1037  1037 D PHONE   : [ServiceState] setDataRegState=0
11-14 19:40:47.299  1037  1037 D PHONE   : [ServiceState] setDataRadioTechnology=14
11-14 19:40:47.299  1037  1037 D GsmSST  : [GsmSST] handlPollStateResultMessage: GsmSST setDataRegState=0 regState=1 dataRadioTechnology=14
11-14 19:40:47.299  1037  1037 D RILJ    : [3803]> OPERATOR
11-14 19:40:47.299  1037  1193 D RILJ    : [3802]< QUERY_NETWORK_SELECTION_MODE {0}
11-14 19:40:47.299  1037  1037 D RILJ    : [3804]> DATA_REGISTRATION_STATE
11-14 19:40:47.299  1037  1037 D RILJ    : [3805]> VOICE_REGISTRATION_STATE
11-14 19:40:47.309  1037  1037 D RILJ    : [3806]> QUERY_NETWORK_SELECTION_MODE
11-14 19:40:47.309  1037  1193 D RILJ    : [3805]< VOICE_REGISTRATION_STATE {1, 101d, 004a176f, 14, null, null, null, 0, null, null, 1, null, null, 0, null}
11-14 19:40:47.309  1037  1193 D RILJ    : [3803]< OPERATOR {, , 46001}
11-14 19:40:47.309  1037  1193 D RILJ    : [3806]< QUERY_NETWORK_SELECTION_MODE {0}
11-14 19:40:47.309  1037  1193 D RILJ    : [3804]< DATA_REGISTRATION_STATE {1, null, 004a176f, 14, null, 20, 4125, 147, 4855663, null, null}
11-14 19:40:47.309  1037  1037 D PHONE   : [ServiceState] setVoiceRegState=0
11-14 19:40:47.309  1037  1037 E PHONE   : [ServiceState] setState deprecated use setVoiceRegState()
11-14 19:40:47.309  1037  1037 D PHONE   : [ServiceState] setDataRegState=0
11-14 19:40:47.309  1037  1037 D PHONE   : [ServiceState] setDataRadioTechnology=14
11-14 19:40:47.309  1037  1037 D GsmSST  : [GsmSST] handlPollStateResultMessage: GsmSST setDataRegState=0 regState=1 dataRadioTechnology=14
11-14 19:40:47.309  1037  1037 D GsmSST  : [GsmSST] Poll ServiceState done:  oldSS=[0 0 home   46001  LTE LTE CSS not supported -1 -1 RoamInd=-1 DefRoamInd=-1 EmergOnly=false] newSS=[0 0 home   46001  LTE LTE CSS not supported -1 -1 RoamInd=-1 DefRoamInd=-1 EmergOnly=false] oldMaxDataCalls=20 mNewMaxDataCalls=20 oldReasonDataDenied=-1 mNewReasonDataDenied=-1
11-14 19:40:47.309  1037  1037 D PHONE   : [ServiceState] setNullState=1
11-14 19:40:48.069  1037  1037 D GsmDCT  : onReceive: action=android.intent.action.SCREEN_OFF
11-14 19:40:48.069  1037  1037 D GsmDCT  : stopNetStatPoll
11-14 19:40:48.069  1037  1037 D GsmDCT  : overall state is CONNECTED
11-14 19:40:48.069  1037  1037 D GsmDCT  : startNetStatPoll
11-14 19:40:48.069  1037  1037 D GsmDCT  : getRecoveryAction: 0
11-14 19:40:48.069  1037  1037 D GsmDCT  : restartDataStallAlarm: stop then start.
11-14 19:40:48.069  1037  1037 D GsmDCT  : stopDataStallAlarm: current tag=14531 mDataStallAlarmIntent=PendingIntent{41d127e0: android.os.BinderProxy@42467490}
11-14 19:40:48.069  1037  1037 D GsmDCT  : getRecoveryAction: 0
11-14 19:40:48.069  1037  1037 D GsmDCT  : overall state is CONNECTED
11-14 19:40:48.069  1037  1037 D GsmDCT  : startDataStallAlarm: tag=14533 delay=360s
11-14 19:40:48.089  1037  1037 D RILJ    : [3807]> SCREEN_STATE: false
11-14 19:40:48.089  1037  1193 D RILJ    : [3807]< SCREEN_STATE 
11-14 19:40:49.219  1037  1037 D GsmDCT  : onReceive: action=android.intent.action.SCREEN_ON
11-14 19:40:49.219  1037  1037 D GsmDCT  : stopNetStatPoll
11-14 19:40:49.219  1037  1037 D GsmDCT  : overall state is CONNECTED
11-14 19:40:49.219  1037  1037 D GsmDCT  : startNetStatPoll
11-14 19:40:49.219  1037  1037 D GsmDCT  : getRecoveryAction: 0
11-14 19:40:49.219  1037  1037 D GsmDCT  : restartDataStallAlarm: stop then start.
11-14 19:40:49.219  1037  1037 D GsmDCT  : stopDataStallAlarm: current tag=14533 mDataStallAlarmIntent=PendingIntent{41e13f98: android.os.BinderProxy@42467490}
11-14 19:40:49.229  1037  1037 D GsmDCT  : getRecoveryAction: 0
11-14 19:40:49.229  1037  1037 D GsmDCT  : overall state is CONNECTED
11-14 19:40:49.229  1037  1037 D GsmDCT  : startDataStallAlarm: tag=14535 delay=60s
11-14 19:40:49.369  1037  1037 D RILJ    : [3808]> SCREEN_STATE: true
11-14 19:40:49.369  1037  1193 D RILJ    : [3808]< SCREEN_STATE 
11-14 19:40:49.369  1037  1193 D RILJ    : [UNSL]< UNSOL_RESPONSE_VOICE_NETWORK_STATE_CHANGED
11-14 19:40:49.369  1037  1037 D RILJ    : [3809]> OPERATOR
11-14 19:40:49.379   177   604 E RILQ    : (0/177): RIL[0][qmi_cb] get_ecc_property_name: ecc list name : ril.ecclist.
11-14 19:40:49.379  1037  1037 D RILJ    : [3810]> DATA_REGISTRATION_STATE
11-14 19:40:49.379  1037  1037 D RILJ    : [3811]> VOICE_REGISTRATION_STATE
11-14 19:40:49.379  1037  1037 D RILJ    : [3812]> QUERY_NETWORK_SELECTION_MODE
11-14 19:40:49.379  1037  1193 D RILJ    : [3809]< OPERATOR {, , 46001}
11-14 19:40:49.379  1037  1193 D RILJ    : [3812]< QUERY_NETWORK_SELECTION_MODE {0}
11-14 19:40:49.379  1037  1193 D RILJ    : [3810]< DATA_REGISTRATION_STATE {1, null, 004a176f, 14, null, 20, 4125, 147, 4855663, null, null}
11-14 19:40:49.379  1037  1037 D PHONE   : [ServiceState] setDataRegState=0
11-14 19:40:49.379  1037  1037 D PHONE   : [ServiceState] setDataRadioTechnology=14
11-14 19:40:49.379  1037  1037 D GsmSST  : [GsmSST] handlPollStateResultMessage: GsmSST setDataRegState=0 regState=1 dataRadioTechnology=14
11-14 19:40:49.379  1037  1193 D RILJ    : [3811]< VOICE_REGISTRATION_STATE {1, 101d, 004a176f, 14, null, null, null, 0, null, null, 1, null, null, 0, null}
11-14 19:40:49.379  1037  1037 D PHONE   : [ServiceState] setVoiceRegState=0
11-14 19:40:49.379  1037  1037 E PHONE   : [ServiceState] setState deprecated use setVoiceRegState()
11-14 19:40:49.379  1037  1037 D GsmSST  : [GsmSST] Poll ServiceState done:  oldSS=[0 0 home   46001  LTE LTE CSS not supported -1 -1 RoamInd=-1 DefRoamInd=-1 EmergOnly=false] newSS=[0 0 home   46001  LTE LTE CSS not supported -1 -1 RoamInd=-1 DefRoamInd=-1 EmergOnly=false] oldMaxDataCalls=20 mNewMaxDataCalls=20 oldReasonDataDenied=-1 mNewReasonDataDenied=-1
11-14 19:40:49.379  1037  1037 D PHONE   : [ServiceState] setNullState=1
11-14 19:40:49.379  1037  1193 D RILJ    : [UNSL]< UNSOL_RESPONSE_VOICE_NETWORK_STATE_CHANGED
11-14 19:40:49.379  1037  1037 D RILJ    : [3813]> OPERATOR
11-14 19:40:49.389  1037  1037 D RILJ    : [3814]> DATA_REGISTRATION_STATE
11-14 19:40:49.389  1037  1037 D RILJ    : [3815]> VOICE_REGISTRATION_STATE
11-14 19:40:49.389  1037  1037 D RILJ    : [3816]> QUERY_NETWORK_SELECTION_MODE
11-14 19:40:49.389  1037  1193 D RILJ    : [3813]< OPERATOR {, , 46001}
11-14 19:40:49.389  1037  1193 D RILJ    : [3814]< DATA_REGISTRATION_STATE {1, null, 004a176f, 14, null, 20, 4125, 147, 4855663, null, null}
11-14 19:40:49.389  1037  1193 D RILJ    : [3815]< VOICE_REGISTRATION_STATE {1, 101d, 004a176f, 14, null, null, null, 0, null, null, 1, null, null, 0, null}
11-14 19:40:49.389  1037  1193 D RILJ    : [3816]< QUERY_NETWORK_SELECTION_MODE {0}
11-14 19:40:49.389  1037  1037 D PHONE   : [ServiceState] setDataRegState=0
11-14 19:40:49.389  1037  1037 D PHONE   : [ServiceState] setDataRadioTechnology=14
11-14 19:40:49.389  1037  1037 D GsmSST  : [GsmSST] handlPollStateResultMessage: GsmSST setDataRegState=0 regState=1 dataRadioTechnology=14
11-14 19:40:49.389  1037  1037 D PHONE   : [ServiceState] setVoiceRegState=0
11-14 19:40:49.389  1037  1037 E PHONE   : [ServiceState] setState deprecated use setVoiceRegState()
11-14 19:40:49.389  1037  1037 D GsmSST  : [GsmSST] Poll ServiceState done:  oldSS=[0 0 home   46001  LTE LTE CSS not supported -1 -1 RoamInd=-1 DefRoamInd=-1 EmergOnly=false] newSS=[0 0 home   46001  LTE LTE CSS not supported -1 -1 RoamInd=-1 DefRoamInd=-1 EmergOnly=false] oldMaxDataCalls=20 mNewMaxDataCalls=20 oldReasonDataDenied=-1 mNewReasonDataDenied=-1
11-14 19:40:49.389  1037  1037 D PHONE   : [ServiceState] setNullState=1
11-14 19:40:55.729  1037  1037 D GsmDCT  : handleMessage msg={ when=-2ms what=270372 target=com.android.internal.telephony.dataconnection.DcTracker }
11-14 19:40:55.729  1037  1037 D GsmDCT  : CMD_SET_ENABLE_FAIL_FAST_MOBILE_DATA:  sEnableFailFastRefCounter=-1
11-14 19:40:55.729  1037  1037 E GsmDCT  : CMD_SET_ENABLE_FAIL_FAST_MOBILE_DATA: sEnableFailFastRefCounter:-1 < 0
11-14 19:40:55.729  1037  1037 D GsmDCT  : CMD_SET_ENABLE_FAIL_FAST_MOBILE_DATA: enabled=false sEnableFailFastRefCounter=0
11-14 19:40:55.759  1037  1095 D GsmDCT  : disableApnType:hipri
11-14 19:40:55.759  1037  1095 D GsmDCT  : setEnabled(4, false) with old state = false and enabledCount = 1
11-14 19:40:55.759  1037  1037 D GsmDCT  : handleMessage msg={ when=0 what=270349 arg1=4 target=com.android.internal.telephony.dataconnection.DcTracker }
11-14 19:40:55.759  1037  1037 D GsmDCT  : onEnableApn: apnContext={mApnType=hipri mState=CONNECTED mWaitingDataProfiles={[[ApnSettingV2] China Unicom 3G, 1583, 46001, 3gnet, null, null, null, null, 80, -1, default | supl, IP, IP, true, 0]} mWaitingApnsPermanentFailureCountDown=1 mDataProfile={[ApnSettingV2] China Unicom 3G, 1583, 46001, 3gnet, null, null, null, null, 80, -1, default | supl, IP, IP, true, 0} mReason=dataEnabled mDataEnabled=true mDependencyMet=true} call applyNewState
11-14 19:40:55.759  1037  1037 D GsmDCT  : applyNewState(hipri, false(true), true(true))
11-14 19:40:55.759  1037  1037 D GsmDCT  : cleanUpConnection: E tearDown=true reason=dataDisabled apnContext={mApnType=hipri mState=CONNECTED mWaitingDataProfiles={[[ApnSettingV2] China Unicom 3G, 1583, 46001, 3gnet, null, null, null, null, 80, -1, default | supl, IP, IP, true, 0]} mWaitingApnsPermanentFailureCountDown=1 mDataProfile={[ApnSettingV2] China Unicom 3G, 1583, 46001, 3gnet, null, null, null, null, 80, -1, default | supl, IP, IP, true, 0} mReason=dataDisabled mDataEnabled=false mDependencyMet=true}
11-14 19:40:55.759  1037  1037 D GsmDCT  : cleanUpConnection: tearing down
11-14 19:40:55.759  1037  1037 D GsmDCT  : cleanUpConnection: X tearDown=true reason=dataDisabled apnContext={mApnType=hipri mState=DISCONNECTING mWaitingDataProfiles={[[ApnSettingV2] China Unicom 3G, 1583, 46001, 3gnet, null, null, null, null, 80, -1, default | supl, IP, IP, true, 0]} mWaitingApnsPermanentFailureCountDown=1 mDataProfile={[ApnSettingV2] China Unicom 3G, 1583, 46001, 3gnet, null, null, null, null, 80, -1, default | supl, IP, IP, true, 0} mReason=dataDisabled mDataEnabled=false mDependencyMet=true} dcac=GsmDC-1
11-14 19:40:55.769  1037  1333 D GsmDC-1 : DcActiveState: EVENT_DISCONNECT dp={mTag=0 mApnContext={mApnType=hipri mState=DISCONNECTING mWaitingDataProfiles={[[ApnSettingV2] China Unicom 3G, 1583, 46001, 3gnet, null, null, null, null, 80, -1, default | supl, IP, IP, true, 0]} mWaitingApnsPermanentFailureCountDown=1 mDataProfile={[ApnSettingV2] China Unicom 3G, 1583, 46001, 3gnet, null, null, null, null, 80, -1, default | supl, IP, IP, true, 0} mReason=dataDisabled mDataEnabled=false mDependencyMet=true} mReason=dataDisabled mOnCompletedMsg={what=0x4200f when=-55s318ms obj={mApnType=hipri mState=DISCONNECTING mWaitingDataProfiles={[[ApnSettingV2] China Unicom 3G, 1583, 46001, 3gnet, null, null, null, null, 80, -1, default | supl, IP, IP, true, 0]} mWaitingApnsPermanentFailureCountDown=1 mDataProfile={[ApnSettingV2] China Unicom 3G, 1583, 46001, 3gnet, null, null, null, null, 80, -1, default | supl, IP, IP, true, 0} mReason=dataDisabled mDataEnabled=false mDependencyMet=true} target=Handler (com.android.internal.telephony.dataconnection.DcTracker) {41ea1890} replyTo=null}} dc={GsmDC-1: State=DcActiveState mApnSetting=[ApnSettingV2] China Unicom 3G, 1583, 46001, 3gnet, null, null, null, null, 80, -1, default | supl, IP, IP, true, 0 RefCount=3 mCid=0 mCreateTime=1447501227733 mLastastFailTime=-1 mLastFailCause=NONE mTag=4 mRetryManager=RetryManager: { forever=false maxRetry=10 curMaxRetry=10 retry=0 config={default_randomization=2000,5000,10000,20000,40000,80000:5000,160000:5000,320000:5000,640000:5000,1280000:5000,1800000:5000} retryArray={5000:2000 10000:2000 20000:2000 40000:2000 80000:5000 160000:5000 320000:5000 640000:5000 1280000:5000 1800000:5000 }} mLinkProperties={InterfaceName: rmnet0 LinkAddresses: [10.38.211.233/30,]  Routes: [0.0.0.0/0 -> 10.38.211.234,] DnsAddresses: [123.123.123.123,123.123.123.124,] Domains: nullMTU: 0} mLinkCapabilities={} mApnContexts=[{mApnType=default mState=CONNECTED mWaitingDataProfiles={[[ApnSettingV2] China Unicom 3G, 1583, 46001, 3gnet, null, null, null, null, 80, -1, default | supl, IP, IP, true, 0]} mWaitingApnsPermanentFailureCountDown=1 mDataProfile={[ApnSettingV2] China Unicom 3G, 1583, 46001, 3gnet, null, null, null, null, 80, -1, default | supl, IP, IP, true, 0} mReason=connected mDataEnabled=true mDependencyMet=true}, {mApnType=hipri mState=DISCONNECTING mWaitingDataProfiles={[[ApnSettingV2] China Unicom 3G, 1583, 46001, 3gnet, null, null, null, null, 80, -1, default | supl, IP, IP, true, 0]} mWaitingApnsPermanentFailureCountDown=1 mDataProfile={[ApnSettingV2] China Unicom 3G, 1583, 46001, 3gnet, null, null, null, null, 80, -1, default | supl, IP, IP, true, 0} mReason=dataDisabled mDataEnabled=false mDependencyMet=true}, {mApnType=supl mState=CONNECTED mWaitingDataProfiles={[[ApnSettingV2] China Unicom 3G, 1583, 46001, 3gnet, null, null, null, null, 80, -1, default | supl, IP, IP, true, 0]} mWaitingApnsPermanentFailureCountDown=1 mDataProfile={[ApnSettingV2] China Unicom 3G, 1583, 46001, 3gnet, null, null, null, null, 80, -1, default | supl, IP, IP, true, 0} mReason=dataEnabled mDataEnabled=true mDependencyMet=true}]}
11-14 19:40:55.769  1037  1333 D GsmDC-1 : DcActiveState msg.what=EVENT_DISCONNECT RefCount=3
11-14 19:40:55.769  1037  1333 D GsmDC-1 : NotifyDisconnectCompleted
11-14 19:40:55.769  1037  1333 D GsmDC-1 : msg={ when=-55s321ms what=270351 obj={mApnType=hipri mState=DISCONNECTING mWaitingDataProfiles={[[ApnSettingV2] China Unicom 3G, 1583, 46001, 3gnet, null, null, null, null, 80, -1, default | supl, IP, IP, true, 0]} mWaitingApnsPermanentFailureCountDown=1 mDataProfile={[ApnSettingV2] China Unicom 3G, 1583, 46001, 3gnet, null, null, null, null, 80, -1, default | supl, IP, IP, true, 0} mReason=dataDisabled mDataEnabled=false mDependencyMet=true} target=com.android.internal.telephony.dataconnection.DcTracker } msg.obj=<no-reason>
11-14 19:40:55.769  1037  1333 D GsmDC-1 : NotifyDisconnectCompleted DisconnectParams={mTag=0 mApnContext={mApnType=hipri mState=DISCONNECTING mWaitingDataProfiles={[[ApnSettingV2] China Unicom 3G, 1583, 46001, 3gnet, null, null, null, null, 80, -1, default | supl, IP, IP, true, 0]} mWaitingApnsPermanentFailureCountDown=1 mDataProfile={[ApnSettingV2] China Unicom 3G, 1583, 46001, 3gnet, null, null, null, null, 80, -1, default | supl, IP, IP, true, 0} mReason=dataDisabled mDataEnabled=false mDependencyMet=true} mReason=dataDisabled mOnCompletedMsg=null}
11-14 19:40:55.769  1037  1037 D GsmDCT  : handleMessage msg={ when=-1ms what=270351 obj=android.os.AsyncResult@420a41c8 target=com.android.internal.telephony.dataconnection.DcTracker }
11-14 19:40:55.769  1037  1037 D GsmDCT  : DataConnectionTracker.handleMessage: EVENT_DISCONNECT_DONE msg={ when=-1ms what=270351 obj=android.os.AsyncResult@420a41c8 target=com.android.internal.telephony.dataconnection.DcTracker }
11-14 19:40:55.769  1037  1037 D GsmDCT  : onDisconnectDone: EVENT_DISCONNECT_DONE apnContext={mApnType=hipri mState=DISCONNECTING mWaitingDataProfiles={[[ApnSettingV2] China Unicom 3G, 1583, 46001, 3gnet, null, null, null, null, 80, -1, default | supl, IP, IP, true, 0]} mWaitingApnsPermanentFailureCountDown=1 mDataProfile={[ApnSettingV2] China Unicom 3G, 1583, 46001, 3gnet, null, null, null, null, 80, -1, default | supl, IP, IP, true, 0} mReason=dataDisabled mDataEnabled=false mDependencyMet=true}
11-14 19:40:55.769  1037  1037 D GsmDCT  : [ApnContext:hipri] getDataProfile: mDataProfile=[ApnSettingV2] China Unicom 3G, 1583, 46001, 3gnet, null, null, null, null, 80, -1, default | supl, IP, IP, true, 0
11-14 19:40:55.779  1037  1037 D GsmDCT  : [ApnContext:hipri] setDataProfile: mDataProfile=null
11-14 19:40:55.779  1037  1037 D GsmDCT  : isOnlySingleDcAllowed(14): false
11-14 19:40:55.779  1037  1037 D GsmDCT  : onDisconnectDone: not retrying
11-14 19:40:55.799  1037  1095 D GsmDCT  : disableApnType: return APN_ALREADY_INACTIVE
11-14 19:40:55.839  1037  1037 D GsmDCT  : handleMessage msg={ when=0 what=270368 arg1=1 target=com.android.internal.telephony.dataconnection.DcTracker }
