11-14 19:59:22.299   631   844 I am_destroy_activity: [0,1105468384,87,com.android.settings/.SubSettings,finish-imm]
11-14 19:59:22.309   178   178 I sf_frame_dur: [com.android.settings/com.android.settings.SubSettings,1,0,0,0,1,0,0]
11-14 19:59:25.779   631   669 I am_finish_activity: [0,1104760824,87,com.android.settings/.Settings,app-request]
11-14 19:59:25.779   631   669 I wm_home_stack_moved: 1
11-14 19:59:25.779   631   669 I wm_task_moved: [1,1,1]
11-14 19:59:25.779   631   669 I wm_home_stack_moved: 1
11-14 19:59:25.819   631   669 I am_pause_activity: [0,1104760824,com.android.settings/.Settings]
11-14 19:59:25.829  2374  2374 I am_on_paused_called: [0,com.android.settings.Settings]
11-14 19:59:25.829   631  1109 I am_resume_activity: [0,1107209264,1,com.cyanogenmod.trebuchet/org.cyanogenmod.trebuchet.CustomHomeLauncher]
11-14 19:59:25.849  1089  1089 I am_on_resume_called: [0,org.cyanogenmod.trebuchet.CustomHomeLauncher]
11-14 19:59:26.309   631   844 I am_destroy_activity: [0,1104760824,87,com.android.settings/.Settings,finish-imm]
11-14 19:59:26.319   178   178 I sf_frame_dur: [com.android.settings/com.android.settings.Settings,6,0,0,0,0,0,1]
11-14 19:59:27.019   631  1126 I am_create_task: [0,88]
11-14 19:59:27.019   631  1126 I am_create_activity: [0,1104557808,88,com.android.settings/.Settings,android.intent.action.MAIN,NULL,NULL,270532608]
11-14 19:59:27.019   631  1126 I wm_task_created: [88,3]
11-14 19:59:27.019   631  1126 I wm_task_moved: [88,1,2]
11-14 19:59:27.019   631  1126 I wm_home_stack_moved: 0
11-14 19:59:27.069   631  1126 I am_pause_activity: [0,1107209264,com.cyanogenmod.trebuchet/org.cyanogenmod.trebuchet.CustomHomeLauncher]
11-14 19:59:27.089  1089  1089 I am_on_paused_called: [0,org.cyanogenmod.trebuchet.CustomHomeLauncher]
11-14 19:59:27.089   631  1128 I am_restart_activity: [0,1104557808,88,com.android.settings/.Settings]
11-14 19:59:27.409   178   178 I sf_frame_dur: [com.cyanogenmod.trebuchet/org.cyanogenmod.trebuchet.CustomHomeLauncher,0,0,0,0,0,1,0]
11-14 19:59:29.389   631   873 I wm_task_removed: [87,removeTask]
11-14 19:59:29.389   631   873 I wm_task_removed: [87,removeAppToken: last token]
11-14 19:59:29.439  2374  2374 I am_on_resume_called: [0,com.android.settings.Settings]
11-14 19:59:29.529   631  1098 I am_create_service: [0,1106377744,.SearchPopulator,1000,2374]
11-14 19:59:29.589   631   841 I am_activity_launch_time: [0,1104557808,com.android.settings/.Settings,2491,2491]
11-14 19:59:29.619   631   672 I am_destroy_service: [0,1106377744,2374]
11-14 19:59:29.799   178   178 I sf_frame_dur: [Starting com.android.settings,1,0,0,0,0,0,0]
11-14 19:59:35.649   631  1098 I wm_task_moved: [88,1,1]
11-14 19:59:35.649   631  1098 I wm_home_stack_moved: 0
11-14 19:59:35.649   631  1098 I am_create_activity: [0,1105468384,88,com.android.settings/.SubSettings,android.intent.action.MAIN,NULL,NULL,0]
11-14 19:59:35.649   631  1098 I am_pause_activity: [0,1104557808,com.android.settings/.Settings]
11-14 19:59:35.659  2374  2374 I am_on_paused_called: [0,com.android.settings.Settings]
11-14 19:59:35.659   631   669 I am_restart_activity: [0,1105468384,88,com.android.settings/.SubSettings]
11-14 19:59:35.709  2374  2374 I am_on_resume_called: [0,com.android.settings.SubSettings]
11-14 19:59:35.779   631   841 I am_activity_launch_time: [0,1105468384,com.android.settings/.SubSettings,118,118]
11-14 19:59:36.119   178   178 I sf_frame_dur: [com.android.settings/com.android.settings.Settings,100,10,5,1,1,3,1]
11-14 19:59:36.369   631  1101 I am_finish_activity: [0,1105468384,88,com.android.settings/.SubSettings,app-request]
11-14 19:59:36.369   631  1101 I am_pause_activity: [0,1105468384,com.android.settings/.SubSettings]
11-14 19:59:36.369  2374  2374 I am_on_paused_called: [0,com.android.settings.SubSettings]
11-14 19:59:36.369   631  1098 I am_resume_activity: [0,1104557808,88,com.android.settings/.Settings]
11-14 19:59:36.379  2374  2374 I am_on_resume_called: [0,com.android.settings.Settings]
11-14 19:59:36.769   631   844 I am_destroy_activity: [0,1105468384,88,com.android.settings/.SubSettings,finish-imm]
11-14 19:59:36.789   178   178 I sf_frame_dur: [com.android.settings/com.android.settings.SubSettings,1,0,0,0,1,0,0]
11-14 19:59:40.659   631  1109 I am_finish_activity: [0,1104557808,88,com.android.settings/.Settings,app-request]
11-14 19:59:40.659   631  1109 I wm_home_stack_moved: 1
11-14 19:59:40.659   631  1109 I wm_task_moved: [1,1,1]
11-14 19:59:40.659   631  1109 I wm_home_stack_moved: 1
11-14 19:59:40.699   631  1109 I am_pause_activity: [0,1104557808,com.android.settings/.Settings]
11-14 19:59:40.709  2374  2374 I am_on_paused_called: [0,com.android.settings.Settings]
11-14 19:59:40.709   631  1142 I am_resume_activity: [0,1107209264,1,com.cyanogenmod.trebuchet/org.cyanogenmod.trebuchet.CustomHomeLauncher]
11-14 19:59:40.719  1089  1089 I am_on_resume_called: [0,org.cyanogenmod.trebuchet.CustomHomeLauncher]
11-14 19:59:41.179   631   844 I am_destroy_activity: [0,1104557808,88,com.android.settings/.Settings,finish-imm]
11-14 19:59:41.199   178   178 I sf_frame_dur: [com.android.settings/com.android.settings.Settings,5,0,0,0,0,0,1]
11-14 19:59:41.889   631  1109 I am_create_task: [0,89]
11-14 19:59:41.889   631  1109 I am_create_activity: [0,1104760824,89,com.android.settings/.Settings,android.intent.action.MAIN,NULL,NULL,270532608]
11-14 19:59:41.889   631  1109 I wm_task_created: [89,3]
11-14 19:59:41.889   631  1109 I wm_task_moved: [89,1,2]
11-14 19:59:41.889   631  1109 I wm_home_stack_moved: 0
11-14 19:59:41.919   631  1109 I am_pause_activity: [0,1107209264,com.cyanogenmod.trebuchet/org.cyanogenmod.trebuchet.CustomHomeLauncher]
11-14 19:59:41.939  1089  1089 I am_on_paused_called: [0,org.cyanogenmod.trebuchet.CustomHomeLauncher]
11-14 19:59:41.939   631   669 I am_restart_activity: [0,1104760824,89,com.android.settings/.Settings]
11-14 19:59:42.279   178   178 I sf_frame_dur: [com.cyanogenmod.trebuchet/org.cyanogenmod.trebuchet.CustomHomeLauncher,0,0,0,0,0,1,0]
11-14 19:59:44.249   631  1142 I wm_task_removed: [88,removeTask]
11-14 19:59:44.249   631  1142 I wm_task_removed: [88,removeAppToken: last token]
11-14 19:59:44.299  2374  2374 I am_on_resume_called: [0,com.android.settings.Settings]
11-14 19:59:44.389   631  1101 I am_create_service: [0,1112477304,.SearchPopulator,1000,2374]
11-14 19:59:44.419   631   841 I am_activity_launch_time: [0,1104760824,com.android.settings/.Settings,2483,2483]
11-14 19:59:44.459   631   672 I am_destroy_service: [0,1112477304,2374]
11-14 19:59:44.639   178   178 I sf_frame_dur: [Starting com.android.settings,1,0,0,0,0,0,0]
11-14 19:59:50.459   631   672 I wm_task_moved: [89,1,1]
11-14 19:59:50.459   631   672 I wm_home_stack_moved: 0
11-14 19:59:50.469   631   672 I am_create_activity: [0,1105468384,89,com.android.settings/.SubSettings,android.intent.action.MAIN,NULL,NULL,0]
11-14 19:59:50.469   631   672 I am_pause_activity: [0,1104760824,com.android.settings/.Settings]
11-14 19:59:50.509  2374  2374 I am_on_paused_called: [0,com.android.settings.Settings]
11-14 19:59:50.509   631  1126 I am_restart_activity: [0,1105468384,89,com.android.settings/.SubSettings]
11-14 19:59:50.609  2374  2374 I am_on_resume_called: [0,com.android.settings.SubSettings]
11-14 19:59:50.679   631   841 I am_activity_launch_time: [0,1105468384,com.android.settings/.SubSettings,173,173]
11-14 19:59:51.039   178   178 I sf_frame_dur: [com.android.settings/com.android.settings.Settings,113,8,1,1,2,2,1]
11-14 19:59:51.279   631  1128 I am_finish_activity: [0,1105468384,89,com.android.settings/.SubSettings,app-request]
11-14 19:59:51.279   631  1128 I am_pause_activity: [0,1105468384,com.android.settings/.SubSettings]
11-14 19:59:51.289  2374  2374 I am_on_paused_called: [0,com.android.settings.SubSettings]
11-14 19:59:51.289   631   672 I am_resume_activity: [0,1104760824,89,com.android.settings/.Settings]
11-14 19:59:51.319  2374  2374 I am_on_resume_called: [0,com.android.settings.Settings]
11-14 19:59:51.749   631   844 I am_destroy_activity: [0,1105468384,89,com.android.settings/.SubSettings,finish-imm]
11-14 19:59:51.759   178   178 I sf_frame_dur: [com.android.settings/com.android.settings.SubSettings,2,0,0,0,1,0,0]
11-14 19:59:55.519   631   873 I am_finish_activity: [0,1104760824,89,com.android.settings/.Settings,app-request]
11-14 19:59:55.519   631   873 I wm_home_stack_moved: 1
11-14 19:59:55.519   631   873 I wm_task_moved: [1,1,1]
11-14 19:59:55.519   631   873 I wm_home_stack_moved: 1
11-14 19:59:55.559   631   873 I am_pause_activity: [0,1104760824,com.android.settings/.Settings]
11-14 19:59:55.569  2374  2374 I am_on_paused_called: [0,com.android.settings.Settings]
11-14 19:59:55.569   631  1128 I am_resume_activity: [0,1107209264,1,com.cyanogenmod.trebuchet/org.cyanogenmod.trebuchet.CustomHomeLauncher]
11-14 19:59:55.589  1089  1089 I am_on_resume_called: [0,org.cyanogenmod.trebuchet.CustomHomeLauncher]
11-14 19:59:56.059   631   844 I am_destroy_activity: [0,1104760824,89,com.android.settings/.Settings,finish-imm]
11-14 19:59:56.089   178   178 I sf_frame_dur: [com.android.settings/com.android.settings.Settings,5,1,0,0,0,0,2]
11-14 19:59:56.819   631   669 I am_create_task: [0,90]
11-14 19:59:56.819   631   669 I am_create_activity: [0,1104557808,90,com.android.settings/.Settings,android.intent.action.MAIN,NULL,NULL,270532608]
11-14 19:59:56.819   631   669 I wm_task_created: [90,3]
11-14 19:59:56.819   631   669 I wm_task_moved: [90,1,2]
11-14 19:59:56.819   631   669 I wm_home_stack_moved: 0
11-14 19:59:56.869   631   669 I am_pause_activity: [0,1107209264,com.cyanogenmod.trebuchet/org.cyanogenmod.trebuchet.CustomHomeLauncher]
11-14 19:59:56.879  1089  1089 I am_on_paused_called: [0,org.cyanogenmod.trebuchet.CustomHomeLauncher]
11-14 19:59:56.889   631   872 I am_restart_activity: [0,1104557808,90,com.android.settings/.Settings]
11-14 19:59:57.219   178   178 I sf_frame_dur: [com.cyanogenmod.trebuchet/org.cyanogenmod.trebuchet.CustomHomeLauncher,0,0,0,0,0,0,1]
11-14 19:59:59.269   631  1142 I wm_task_removed: [89,removeTask]
11-14 19:59:59.269   631  1142 I wm_task_removed: [89,removeAppToken: last token]
11-14 19:59:59.309  2374  2374 I am_on_resume_called: [0,com.android.settings.Settings]
11-14 19:59:59.399   631  1098 I am_create_service: [0,1107504200,.SearchPopulator,1000,2374]
11-14 19:59:59.449   631   841 I am_activity_launch_time: [0,1104557808,com.android.settings/.Settings,2559,2559]
11-14 19:59:59.499   631   872 I am_destroy_service: [0,1107504200,2374]
11-14 19:59:59.659   178   178 I sf_frame_dur: [Starting com.android.settings,1,0,0,0,0,0,0]
11-14 20:00:00.799  3222  3240 I dvm_lock_sample: [uiautomator,0,UiAutomatorHandlerThread,75,QueryController.java,61,-,149,15]
11-14 20:00:05.929   631   866 I am_destroy_service: [0,1106540792,3603]
11-14 20:00:06.229   631   873 I wm_task_moved: [90,1,1]
11-14 20:00:06.229   631   873 I wm_home_stack_moved: 0
11-14 20:00:06.229   631   873 I am_create_activity: [0,1105468384,90,com.android.settings/.SubSettings,android.intent.action.MAIN,NULL,NULL,0]
11-14 20:00:06.229   631   873 I am_pause_activity: [0,1104557808,com.android.settings/.Settings]
11-14 20:00:06.269  2374  2374 I am_on_paused_called: [0,com.android.settings.Settings]
11-14 20:00:06.279   631  1128 I am_restart_activity: [0,1105468384,90,com.android.settings/.SubSettings]
11-14 20:00:06.309   631   669 I am_create_service: [0,1108156560,.DefaultContainerService,10005,3603]
11-14 20:00:06.339  2374  2374 I am_on_resume_called: [0,com.android.settings.SubSettings]
11-14 20:00:06.409   631   841 I am_activity_launch_time: [0,1105468384,com.android.settings/.SubSettings,132,132]
11-14 20:00:06.749   178   178 I sf_frame_dur: [com.android.settings/com.android.settings.Settings,98,11,2,1,2,3,2]
11-14 20:00:06.999   631   872 I am_finish_activity: [0,1105468384,90,com.android.settings/.SubSettings,app-request]
11-14 20:00:06.999   631   872 I am_pause_activity: [0,1105468384,com.android.settings/.SubSettings]
11-14 20:00:06.999  2374  2374 I am_on_paused_called: [0,com.android.settings.SubSettings]
11-14 20:00:06.999   631   672 I am_resume_activity: [0,1104557808,90,com.android.settings/.Settings]
11-14 20:00:07.009  2374  2374 I am_on_resume_called: [0,com.android.settings.Settings]
11-14 20:00:07.419   631   844 I am_destroy_activity: [0,1105468384,90,com.android.settings/.SubSettings,finish-imm]
11-14 20:00:07.429   178   178 I sf_frame_dur: [com.android.settings/com.android.settings.SubSettings,1,0,0,0,1,0,0]
11-14 20:00:11.259   631  1142 I am_finish_activity: [0,1104557808,90,com.android.settings/.Settings,app-request]
11-14 20:00:11.259   631  1142 I wm_home_stack_moved: 1
11-14 20:00:11.259   631  1142 I wm_task_moved: [1,1,1]
11-14 20:00:11.259   631  1142 I wm_home_stack_moved: 1
11-14 20:00:11.299   631  1142 I am_pause_activity: [0,1104557808,com.android.settings/.Settings]
11-14 20:00:11.309  2374  2374 I am_on_paused_called: [0,com.android.settings.Settings]
11-14 20:00:11.309   631  1128 I am_resume_activity: [0,1107209264,1,com.cyanogenmod.trebuchet/org.cyanogenmod.trebuchet.CustomHomeLauncher]
11-14 20:00:11.329  1089  1089 I am_on_resume_called: [0,org.cyanogenmod.trebuchet.CustomHomeLauncher]
11-14 20:00:11.799   631   844 I am_destroy_activity: [0,1104557808,90,com.android.settings/.Settings,finish-imm]
11-14 20:00:11.809   178   178 I sf_frame_dur: [com.android.settings/com.android.settings.Settings,7,0,0,0,0,0,1]
11-14 20:00:12.549   631  1101 I am_create_task: [0,91]
11-14 20:00:12.549   631  1101 I am_create_activity: [0,1104760824,91,com.android.settings/.Settings,android.intent.action.MAIN,NULL,NULL,270532608]
11-14 20:00:12.549   631  1101 I wm_task_created: [91,3]
11-14 20:00:12.549   631  1101 I wm_task_moved: [91,1,2]
11-14 20:00:12.549   631  1101 I wm_home_stack_moved: 0
11-14 20:00:12.589   631  1101 I am_pause_activity: [0,1107209264,com.cyanogenmod.trebuchet/org.cyanogenmod.trebuchet.CustomHomeLauncher]
11-14 20:00:12.599  1089  1089 I am_on_paused_called: [0,org.cyanogenmod.trebuchet.CustomHomeLauncher]
11-14 20:00:12.619   631  1126 I am_restart_activity: [0,1104760824,91,com.android.settings/.Settings]
11-14 20:00:12.949   178   178 I sf_frame_dur: [com.cyanogenmod.trebuchet/org.cyanogenmod.trebuchet.CustomHomeLauncher,0,0,0,0,0,0,1]
11-14 20:00:14.759   631   669 I wm_task_removed: [90,removeTask]
11-14 20:00:14.759   631   669 I wm_task_removed: [90,removeAppToken: last token]
11-14 20:00:14.819  2374  2374 I am_on_resume_called: [0,com.android.settings.Settings]
11-14 20:00:14.909   631   672 I am_create_service: [0,1112477304,.SearchPopulator,1000,2374]
11-14 20:00:14.949   631   841 I am_activity_launch_time: [0,1104760824,com.android.settings/.Settings,2340,2340]
11-14 20:00:15.009   631   873 I am_destroy_service: [0,1112477304,2374]
11-14 20:00:15.169   178   178 I sf_frame_dur: [Starting com.android.settings,1,0,0,0,0,0,0]
11-14 20:00:19.849  3222  3240 I dvm_lock_sample: [uiautomator,0,UiAutomatorHandlerThread,125,QueryController.java,61,-,149,25]
11-14 20:00:20.919   631   669 I wm_task_moved: [91,1,1]
11-14 20:00:20.919   631   669 I wm_home_stack_moved: 0
11-14 20:00:20.929   631   669 I am_create_activity: [0,1105468384,91,com.android.settings/.SubSettings,android.intent.action.MAIN,NULL,NULL,0]
11-14 20:00:20.929   631   669 I am_pause_activity: [0,1104760824,com.android.settings/.Settings]
11-14 20:00:20.959  2374  2374 I am_on_paused_called: [0,com.android.settings.Settings]
11-14 20:00:20.959   631  1126 I am_restart_activity: [0,1105468384,91,com.android.settings/.SubSettings]
11-14 20:00:21.039  2374  2374 I am_on_resume_called: [0,com.android.settings.SubSettings]
11-14 20:00:21.119   631   841 I am_activity_launch_time: [0,1105468384,com.android.settings/.SubSettings,153,153]
11-14 20:00:21.449   178   178 I sf_frame_dur: [com.android.settings/com.android.settings.Settings,105,9,3,1,2,2,1]
11-14 20:00:21.709   631  1109 I am_finish_activity: [0,1105468384,91,com.android.settings/.SubSettings,app-request]
11-14 20:00:21.709   631  1109 I am_pause_activity: [0,1105468384,com.android.settings/.SubSettings]
11-14 20:00:21.709  2374  2374 I am_on_paused_called: [0,com.android.settings.SubSettings]
11-14 20:00:21.719   631  1128 I am_resume_activity: [0,1104760824,91,com.android.settings/.Settings]
11-14 20:00:21.739  2374  2374 I am_on_resume_called: [0,com.android.settings.Settings]
11-14 20:00:22.159   631   844 I am_destroy_activity: [0,1105468384,91,com.android.settings/.SubSettings,finish-imm]
11-14 20:00:22.169   178   178 I sf_frame_dur: [com.android.settings/com.android.settings.SubSettings,2,0,0,0,1,0,0]
11-14 20:00:25.979   631  1109 I am_finish_activity: [0,1104760824,91,com.android.settings/.Settings,app-request]
11-14 20:00:25.979   631  1109 I wm_home_stack_moved: 1
11-14 20:00:25.979   631  1109 I wm_task_moved: [1,1,1]
11-14 20:00:25.979   631  1109 I wm_home_stack_moved: 1
11-14 20:00:26.019   631  1109 I am_pause_activity: [0,1104760824,com.android.settings/.Settings]
11-14 20:00:26.029  2374  2374 I am_on_paused_called: [0,com.android.settings.Settings]
11-14 20:00:26.039   631   872 I am_resume_activity: [0,1107209264,1,com.cyanogenmod.trebuchet/org.cyanogenmod.trebuchet.CustomHomeLauncher]
11-14 20:00:26.049  1089  1089 I am_on_resume_called: [0,org.cyanogenmod.trebuchet.CustomHomeLauncher]
11-14 20:00:26.499   631   844 I am_destroy_activity: [0,1104760824,91,com.android.settings/.Settings,finish-imm]
11-14 20:00:26.519   178   178 I sf_frame_dur: [com.android.settings/com.android.settings.Settings,4,1,0,0,0,0,2]
11-14 20:00:27.219   631   872 I am_create_task: [0,92]
11-14 20:00:27.219   631   872 I am_create_activity: [0,1104557808,92,com.android.settings/.Settings,android.intent.action.MAIN,NULL,NULL,270532608]
11-14 20:00:27.219   631   872 I wm_task_created: [92,3]
11-14 20:00:27.219   631   872 I wm_task_moved: [92,1,2]
11-14 20:00:27.219   631   872 I wm_home_stack_moved: 0
11-14 20:00:27.279   631   872 I am_pause_activity: [0,1107209264,com.cyanogenmod.trebuchet/org.cyanogenmod.trebuchet.CustomHomeLauncher]
11-14 20:00:27.289  1089  1089 I am_on_paused_called: [0,org.cyanogenmod.trebuchet.CustomHomeLauncher]
11-14 20:00:27.289   631   669 I am_restart_activity: [0,1104557808,92,com.android.settings/.Settings]
11-14 20:00:27.619   178   178 I sf_frame_dur: [com.cyanogenmod.trebuchet/org.cyanogenmod.trebuchet.CustomHomeLauncher,0,0,0,0,0,0,1]
11-14 20:00:29.659   631  1142 I wm_task_removed: [91,removeTask]
11-14 20:00:29.659   631  1142 I wm_task_removed: [91,removeAppToken: last token]
11-14 20:00:29.709  2374  2374 I am_on_resume_called: [0,com.android.settings.Settings]
11-14 20:00:29.799   631  1126 I am_create_service: [0,1109764832,.SearchPopulator,1000,2374]
11-14 20:00:29.859   631   841 I am_activity_launch_time: [0,1104557808,com.android.settings/.Settings,2569,2569]
11-14 20:00:29.909   631  1109 I am_destroy_service: [0,1109764832,2374]
11-14 20:00:30.079   178   178 I sf_frame_dur: [Starting com.android.settings,0,1,0,0,0,0,0]
11-14 20:00:36.319   631   866 I am_destroy_service: [0,1108156560,3603]
11-14 20:00:36.489   631  1098 I wm_task_moved: [92,1,1]
11-14 20:00:36.489   631  1098 I wm_home_stack_moved: 0
11-14 20:00:36.489   631  1098 I am_create_activity: [0,1105468384,92,com.android.settings/.SubSettings,android.intent.action.MAIN,NULL,NULL,0]
11-14 20:00:36.489   631  1098 I am_pause_activity: [0,1104557808,com.android.settings/.Settings]
11-14 20:00:36.519  2374  2374 I am_on_paused_called: [0,com.android.settings.Settings]
11-14 20:00:36.519   631  1101 I am_restart_activity: [0,1105468384,92,com.android.settings/.SubSettings]
11-14 20:00:36.569   631  1142 I am_create_service: [0,1109734024,.DefaultContainerService,10005,3603]
11-14 20:00:36.599  2374  2374 I am_on_resume_called: [0,com.android.settings.SubSettings]
11-14 20:00:36.659   631   841 I am_activity_launch_time: [0,1105468384,com.android.settings/.SubSettings,137,137]
11-14 20:00:36.999   178   178 I sf_frame_dur: [com.android.settings/com.android.settings.Settings,99,7,5,2,1,3,2]
11-14 20:00:37.249   631  1109 I am_finish_activity: [0,1105468384,92,com.android.settings/.SubSettings,app-request]
11-14 20:00:37.249   631  1109 I am_pause_activity: [0,1105468384,com.android.settings/.SubSettings]
11-14 20:00:37.259  2374  2374 I am_on_paused_called: [0,com.android.settings.SubSettings]
11-14 20:00:37.269   631   669 I am_resume_activity: [0,1104557808,92,com.android.settings/.Settings]
11-14 20:00:37.279  2374  2374 I am_on_resume_called: [0,com.android.settings.Settings]
11-14 20:00:37.699   631   844 I am_destroy_activity: [0,1105468384,92,com.android.settings/.SubSettings,finish-imm]
11-14 20:00:37.719   178   178 I sf_frame_dur: [com.android.settings/com.android.settings.SubSettings,1,0,0,0,0,0,0]
11-14 20:00:41.729   631   873 I am_finish_activity: [0,1104557808,92,com.android.settings/.Settings,app-request]
11-14 20:00:41.729   631   873 I wm_home_stack_moved: 1
11-14 20:00:41.729   631   873 I wm_task_moved: [1,1,1]
11-14 20:00:41.739   631   873 I wm_home_stack_moved: 1
11-14 20:00:41.789   631   873 I am_pause_activity: [0,1104557808,com.android.settings/.Settings]
11-14 20:00:41.789  2374  2374 I am_on_paused_called: [0,com.android.settings.Settings]
11-14 20:00:41.789   631  1101 I am_resume_activity: [0,1107209264,1,com.cyanogenmod.trebuchet/org.cyanogenmod.trebuchet.CustomHomeLauncher]
11-14 20:00:41.799  1089  1089 I am_on_resume_called: [0,org.cyanogenmod.trebuchet.CustomHomeLauncher]
11-14 20:00:42.279   631   844 I am_destroy_activity: [0,1104557808,92,com.android.settings/.Settings,finish-imm]
11-14 20:00:42.289   178   178 I sf_frame_dur: [com.android.settings/com.android.settings.Settings,4,0,0,0,0,0,1]
11-14 20:00:42.999   631  1128 I am_create_task: [0,93]
11-14 20:00:42.999   631  1128 I am_create_activity: [0,1104760824,93,com.android.settings/.Settings,android.intent.action.MAIN,NULL,NULL,270532608]
11-14 20:00:42.999   631  1128 I wm_task_created: [93,3]
11-14 20:00:42.999   631  1128 I wm_task_moved: [93,1,2]
11-14 20:00:42.999   631  1128 I wm_home_stack_moved: 0
11-14 20:00:43.039   631  1128 I am_pause_activity: [0,1107209264,com.cyanogenmod.trebuchet/org.cyanogenmod.trebuchet.CustomHomeLauncher]
11-14 20:00:43.049  1089  1089 I am_on_paused_called: [0,org.cyanogenmod.trebuchet.CustomHomeLauncher]
11-14 20:00:43.069   631   672 I am_restart_activity: [0,1104760824,93,com.android.settings/.Settings]
11-14 20:00:43.379   178   178 I sf_frame_dur: [com.cyanogenmod.trebuchet/org.cyanogenmod.trebuchet.CustomHomeLauncher,0,0,0,0,0,0,1]
11-14 20:00:45.869   631   672 I wm_task_removed: [92,removeTask]
11-14 20:00:45.869   631   672 I wm_task_removed: [92,removeAppToken: last token]
11-14 20:00:45.919  2374  2374 I am_on_resume_called: [0,com.android.settings.Settings]
11-14 20:00:46.009   631  1098 I am_create_service: [0,1109708696,.SearchPopulator,1000,2374]
11-14 20:00:46.069   631   841 I am_activity_launch_time: [0,1104760824,com.android.settings/.Settings,3009,3009]
11-14 20:00:46.119   631  1101 I am_destroy_service: [0,1109708696,2374]
11-14 20:00:46.289   178   178 I sf_frame_dur: [Starting com.android.settings,1,0,0,0,0,0,0]
11-14 20:00:51.639   631  1126 I wm_task_moved: [93,1,1]
11-14 20:00:51.639   631  1126 I wm_home_stack_moved: 0
11-14 20:00:51.639   631  1126 I am_create_activity: [0,1105468384,93,com.android.settings/.SubSettings,android.intent.action.MAIN,NULL,NULL,0]
11-14 20:00:51.639   631  1126 I am_pause_activity: [0,1104760824,com.android.settings/.Settings]
11-14 20:00:51.659  2374  2374 I am_on_paused_called: [0,com.android.settings.Settings]
11-14 20:00:51.659   631   873 I am_restart_activity: [0,1105468384,93,com.android.settings/.SubSettings]
11-14 20:00:51.719  2374  2374 I am_on_resume_called: [0,com.android.settings.SubSettings]
11-14 20:00:51.809   631   841 I am_activity_launch_time: [0,1105468384,com.android.settings/.SubSettings,150,150]
11-14 20:00:52.149   178   178 I sf_frame_dur: [com.android.settings/com.android.settings.Settings,100,9,6,2,1,2,1]
11-14 20:00:52.399   631   873 I am_finish_activity: [0,1105468384,93,com.android.settings/.SubSettings,app-request]
11-14 20:00:52.399   631   873 I am_pause_activity: [0,1105468384,com.android.settings/.SubSettings]
11-14 20:00:52.399  2374  2374 I am_on_paused_called: [0,com.android.settings.SubSettings]
11-14 20:00:52.409   631  1126 I am_resume_activity: [0,1104760824,93,com.android.settings/.Settings]
11-14 20:00:52.419  2374  2374 I am_on_resume_called: [0,com.android.settings.Settings]
11-14 20:00:52.859   631   844 I am_destroy_activity: [0,1105468384,93,com.android.settings/.SubSettings,finish-imm]
11-14 20:00:52.869   178   178 I sf_frame_dur: [com.android.settings/com.android.settings.SubSettings,0,1,0,0,1,0,0]
11-14 20:00:56.839   631  1142 I am_finish_activity: [0,1104760824,93,com.android.settings/.Settings,app-request]
11-14 20:00:56.839   631  1142 I wm_home_stack_moved: 1
11-14 20:00:56.839   631  1142 I wm_task_moved: [1,1,1]
11-14 20:00:56.839   631  1142 I wm_home_stack_moved: 1
11-14 20:00:56.879   631  1142 I am_pause_activity: [0,1104760824,com.android.settings/.Settings]
11-14 20:00:56.889  2374  2374 I am_on_paused_called: [0,com.android.settings.Settings]
11-14 20:00:56.889   631   873 I am_resume_activity: [0,1107209264,1,com.cyanogenmod.trebuchet/org.cyanogenmod.trebuchet.CustomHomeLauncher]
11-14 20:00:56.909  1089  1089 I am_on_resume_called: [0,org.cyanogenmod.trebuchet.CustomHomeLauncher]
11-14 20:00:57.369   631   844 I am_destroy_activity: [0,1104760824,93,com.android.settings/.Settings,finish-imm]
11-14 20:00:57.379   178   178 I sf_frame_dur: [com.android.settings/com.android.settings.Settings,5,1,0,0,0,0,2]
11-14 20:00:58.089   631  1128 I am_create_task: [0,94]
11-14 20:00:58.099   631  1128 I am_create_activity: [0,1104557808,94,com.android.settings/.Settings,android.intent.action.MAIN,NULL,NULL,270532608]
11-14 20:00:58.099   631  1128 I wm_task_created: [94,3]
11-14 20:00:58.099   631  1128 I wm_task_moved: [94,1,2]
11-14 20:00:58.099   631  1128 I wm_home_stack_moved: 0
11-14 20:00:58.149   631  1128 I am_pause_activity: [0,1107209264,com.cyanogenmod.trebuchet/org.cyanogenmod.trebuchet.CustomHomeLauncher]
11-14 20:00:58.149  1089  1089 I am_on_paused_called: [0,org.cyanogenmod.trebuchet.CustomHomeLauncher]
11-14 20:00:58.159   631  1142 I am_restart_activity: [0,1104557808,94,com.android.settings/.Settings]
11-14 20:00:58.489   178   178 I sf_frame_dur: [com.cyanogenmod.trebuchet/org.cyanogenmod.trebuchet.CustomHomeLauncher,0,0,0,0,0,0,1]
11-14 20:01:00.269   631  1098 I wm_task_removed: [93,removeTask]
11-14 20:01:00.269   631  1098 I wm_task_removed: [93,removeAppToken: last token]
11-14 20:01:00.309  2374  2374 I am_on_resume_called: [0,com.android.settings.Settings]
11-14 20:01:00.399   631   873 I am_create_service: [0,1109764832,.SearchPopulator,1000,2374]
11-14 20:01:00.439   631   841 I am_activity_launch_time: [0,1104557808,com.android.settings/.Settings,2290,2290]
11-14 20:01:00.479   631  1109 I am_destroy_service: [0,1109764832,2374]
11-14 20:01:00.659   178   178 I sf_frame_dur: [Starting com.android.settings,1,0,0,0,0,0,0]
11-14 20:01:06.479   631  1126 I wm_task_moved: [94,1,1]
11-14 20:01:06.479   631  1126 I wm_home_stack_moved: 0
11-14 20:01:06.479   631  1126 I am_create_activity: [0,1105468384,94,com.android.settings/.SubSettings,android.intent.action.MAIN,NULL,NULL,0]
11-14 20:01:06.489   631  1126 I am_pause_activity: [0,1104557808,com.android.settings/.Settings]
11-14 20:01:06.499  2374  2374 I am_on_paused_called: [0,com.android.settings.Settings]
11-14 20:01:06.499   631   669 I am_restart_activity: [0,1105468384,94,com.android.settings/.SubSettings]
11-14 20:01:06.569  2374  2374 I am_on_resume_called: [0,com.android.settings.SubSettings]
11-14 20:01:06.639   631   841 I am_activity_launch_time: [0,1105468384,com.android.settings/.SubSettings,139,139]
11-14 20:01:06.979   178   178 I sf_frame_dur: [com.android.settings/com.android.settings.Settings,104,6,4,2,1,2,1]
11-14 20:01:07.229   631  1128 I am_finish_activity: [0,1105468384,94,com.android.settings/.SubSettings,app-request]
11-14 20:01:07.229   631  1128 I am_pause_activity: [0,1105468384,com.android.settings/.SubSettings]
11-14 20:01:07.229  2374  2374 I am_on_paused_called: [0,com.android.settings.SubSettings]
11-14 20:01:07.229   631  1101 I am_resume_activity: [0,1104557808,94,com.android.settings/.Settings]
11-14 20:01:07.239  2374  2374 I am_on_resume_called: [0,com.android.settings.Settings]
11-14 20:01:07.649   631   844 I am_destroy_activity: [0,1105468384,94,com.android.settings/.SubSettings,finish-imm]
11-14 20:01:07.659   178   178 I sf_frame_dur: [com.android.settings/com.android.settings.SubSettings,0,1,0,0,1,0,0]
11-14 20:01:11.979   631  1128 I am_finish_activity: [0,1104557808,94,com.android.settings/.Settings,app-request]
11-14 20:01:11.979   631  1128 I wm_home_stack_moved: 1
11-14 20:01:11.979   631  1128 I wm_task_moved: [1,1,1]
11-14 20:01:11.979   631  1128 I wm_home_stack_moved: 1
11-14 20:01:12.019   631  1128 I am_pause_activity: [0,1104557808,com.android.settings/.Settings]
11-14 20:01:12.029  2374  2374 I am_on_paused_called: [0,com.android.settings.Settings]
11-14 20:01:12.029   631  1101 I am_resume_activity: [0,1107209264,1,com.cyanogenmod.trebuchet/org.cyanogenmod.trebuchet.CustomHomeLauncher]
11-14 20:01:12.039  1089  1089 I am_on_resume_called: [0,org.cyanogenmod.trebuchet.CustomHomeLauncher]
11-14 20:01:12.519   631   844 I am_destroy_activity: [0,1104557808,94,com.android.settings/.Settings,finish-imm]
11-14 20:01:12.539   178   178 I sf_frame_dur: [com.android.settings/com.android.settings.Settings,7,0,0,0,0,0,1]
11-14 20:01:13.199   631  1101 I am_create_task: [0,95]
11-14 20:01:13.199   631  1101 I am_create_activity: [0,1104760824,95,com.android.settings/.Settings,android.intent.action.MAIN,NULL,NULL,270532608]
11-14 20:01:13.199   631  1101 I wm_task_created: [95,3]
11-14 20:01:13.199   631  1101 I wm_task_moved: [95,1,2]
11-14 20:01:13.199   631  1101 I wm_home_stack_moved: 0
11-14 20:01:13.249   631  1101 I am_pause_activity: [0,1107209264,com.cyanogenmod.trebuchet/org.cyanogenmod.trebuchet.CustomHomeLauncher]
11-14 20:01:13.259  1089  1089 I am_on_paused_called: [0,org.cyanogenmod.trebuchet.CustomHomeLauncher]
11-14 20:01:13.259   631  1128 I am_restart_activity: [0,1104760824,95,com.android.settings/.Settings]
11-14 20:01:13.609   178   178 I sf_frame_dur: [com.cyanogenmod.trebuchet/org.cyanogenmod.trebuchet.CustomHomeLauncher,0,0,0,0,0,1,0]
11-14 20:01:15.549   631  1109 I wm_task_removed: [94,removeTask]
11-14 20:01:15.549   631  1109 I wm_task_removed: [94,removeAppToken: last token]
11-14 20:01:15.589  2374  2374 I am_on_resume_called: [0,com.android.settings.Settings]
11-14 20:01:15.689   631   672 I am_create_service: [0,1105766440,.SearchPopulator,1000,2374]
11-14 20:01:15.729   631   841 I am_activity_launch_time: [0,1104760824,com.android.settings/.Settings,2475,2475]
11-14 20:01:15.779   631  1142 I am_destroy_service: [0,1105766440,2374]
11-14 20:01:15.949   178   178 I sf_frame_dur: [Starting com.android.settings,1,0,0,0,0,0,0]
11-14 20:01:21.749   631  1101 I wm_task_moved: [95,1,1]
11-14 20:01:21.749   631  1101 I wm_home_stack_moved: 0
11-14 20:01:21.749   631  1101 I am_create_activity: [0,1105468384,95,com.android.settings/.SubSettings,android.intent.action.MAIN,NULL,NULL,0]
11-14 20:01:21.749   631  1101 I am_pause_activity: [0,1104760824,com.android.settings/.Settings]
11-14 20:01:21.779  2374  2374 I am_on_paused_called: [0,com.android.settings.Settings]
11-14 20:01:21.779   631  1142 I am_restart_activity: [0,1105468384,95,com.android.settings/.SubSettings]
11-14 20:01:21.849  2374  2374 I am_on_resume_called: [0,com.android.settings.SubSettings]
11-14 20:01:21.929   631   841 I am_activity_launch_time: [0,1105468384,com.android.settings/.SubSettings,145,145]
11-14 20:01:22.259   178   178 I sf_frame_dur: [com.android.settings/com.android.settings.Settings,101,7,6,0,2,3,1]
11-14 20:01:22.519   631  1109 I am_finish_activity: [0,1105468384,95,com.android.settings/.SubSettings,app-request]
11-14 20:01:22.519   631  1109 I am_pause_activity: [0,1105468384,com.android.settings/.SubSettings]
11-14 20:01:22.519  2374  2374 I am_on_paused_called: [0,com.android.settings.SubSettings]
11-14 20:01:22.519   631  1142 I am_resume_activity: [0,1104760824,95,com.android.settings/.Settings]
11-14 20:01:22.529  2374  2374 I am_on_resume_called: [0,com.android.settings.Settings]
11-14 20:01:22.969   631   844 I am_destroy_activity: [0,1105468384,95,com.android.settings/.SubSettings,finish-imm]
11-14 20:01:22.979   178   178 I sf_frame_dur: [com.android.settings/com.android.settings.SubSettings,1,0,0,0,1,0,0]
11-14 20:01:26.569   631  1098 I am_finish_activity: [0,1104760824,95,com.android.settings/.Settings,app-request]
11-14 20:01:26.569   631  1098 I wm_home_stack_moved: 1
11-14 20:01:26.569   631  1098 I wm_task_moved: [1,1,1]
11-14 20:01:26.569   631  1098 I wm_home_stack_moved: 1
11-14 20:01:26.619   631  1098 I am_pause_activity: [0,1104760824,com.android.settings/.Settings]
11-14 20:01:26.629  2374  2374 I am_on_paused_called: [0,com.android.settings.Settings]
11-14 20:01:26.629   631   672 I am_resume_activity: [0,1107209264,1,com.cyanogenmod.trebuchet/org.cyanogenmod.trebuchet.CustomHomeLauncher]
11-14 20:01:26.649  1089  1089 I am_on_resume_called: [0,org.cyanogenmod.trebuchet.CustomHomeLauncher]
11-14 20:01:27.119   631   844 I am_destroy_activity: [0,1104760824,95,com.android.settings/.Settings,finish-imm]
11-14 20:01:27.129   178   178 I sf_frame_dur: [com.android.settings/com.android.settings.Settings,5,1,0,0,0,0,2]
11-14 20:01:27.819   631  1101 I am_create_task: [0,96]
11-14 20:01:27.819   631  1101 I am_create_activity: [0,1104557808,96,com.android.settings/.Settings,android.intent.action.MAIN,NULL,NULL,270532608]
11-14 20:01:27.819   631  1101 I wm_task_created: [96,3]
11-14 20:01:27.819   631  1101 I wm_task_moved: [96,1,2]
11-14 20:01:27.819   631  1101 I wm_home_stack_moved: 0
11-14 20:01:27.869   631  1101 I am_pause_activity: [0,1107209264,com.cyanogenmod.trebuchet/org.cyanogenmod.trebuchet.CustomHomeLauncher]
11-14 20:01:27.889  1089  1089 I am_on_paused_called: [0,org.cyanogenmod.trebuchet.CustomHomeLauncher]
11-14 20:01:27.899   631  1142 I am_restart_activity: [0,1104557808,96,com.android.settings/.Settings]
11-14 20:01:28.229   178   178 I sf_frame_dur: [com.cyanogenmod.trebuchet/org.cyanogenmod.trebuchet.CustomHomeLauncher,0,0,0,0,0,0,1]
11-14 20:01:30.689   631   672 I wm_task_removed: [95,removeTask]
11-14 20:01:30.689   631   672 I wm_task_removed: [95,removeAppToken: last token]
11-14 20:01:30.739  2374  2374 I am_on_resume_called: [0,com.android.settings.Settings]
11-14 20:01:30.819   631  1098 I am_create_service: [0,1109708696,.SearchPopulator,1000,2374]
11-14 20:01:30.849   631   841 I am_activity_launch_time: [0,1104557808,com.android.settings/.Settings,2957,2957]
11-14 20:01:30.889   631   669 I am_destroy_service: [0,1109708696,2374]
11-14 20:01:31.069   178   178 I sf_frame_dur: [Starting com.android.settings,0,1,0,0,0,0,0]
11-14 20:01:37.009   631   866 I am_destroy_service: [0,1109734024,3603]
11-14 20:01:37.039   631  1126 I wm_task_moved: [96,1,1]
11-14 20:01:37.039   631  1126 I wm_home_stack_moved: 0
11-14 20:01:37.049   631  1126 I am_create_activity: [0,1105468384,96,com.android.settings/.SubSettings,android.intent.action.MAIN,NULL,NULL,0]
11-14 20:01:37.049   631  1126 I am_pause_activity: [0,1104557808,com.android.settings/.Settings]
11-14 20:01:37.079  2374  2374 I am_on_paused_called: [0,com.android.settings.Settings]
11-14 20:01:37.079   631   873 I am_restart_activity: [0,1105468384,96,com.android.settings/.SubSettings]
11-14 20:01:37.119   631  1142 I am_create_service: [0,1109003336,.DefaultContainerService,10005,3603]
11-14 20:01:37.149  2374  2374 I am_on_resume_called: [0,com.android.settings.SubSettings]
11-14 20:01:37.209   631   841 I am_activity_launch_time: [0,1105468384,com.android.settings/.SubSettings,133,133]
11-14 20:01:37.549   178   178 I sf_frame_dur: [com.android.settings/com.android.settings.Settings,98,10,3,1,2,3,1]
11-14 20:01:37.799   631  1101 I am_finish_activity: [0,1105468384,96,com.android.settings/.SubSettings,app-request]
11-14 20:01:37.799   631  1101 I am_pause_activity: [0,1105468384,com.android.settings/.SubSettings]
11-14 20:01:37.799  2374  2374 I am_on_paused_called: [0,com.android.settings.SubSettings]
11-14 20:01:37.809   631  1142 I am_resume_activity: [0,1104557808,96,com.android.settings/.Settings]
11-14 20:01:37.809  2374  2374 I am_on_resume_called: [0,com.android.settings.Settings]
11-14 20:01:38.219   631   844 I am_destroy_activity: [0,1105468384,96,com.android.settings/.SubSettings,finish-imm]
11-14 20:01:38.239   178   178 I sf_frame_dur: [com.android.settings/com.android.settings.SubSettings,1,0,0,0,1,0,0]
11-14 20:01:42.129   631  1126 I am_finish_activity: [0,1104557808,96,com.android.settings/.Settings,app-request]
11-14 20:01:42.129   631  1126 I wm_home_stack_moved: 1
11-14 20:01:42.129   631  1126 I wm_task_moved: [1,1,1]
11-14 20:01:42.129   631  1126 I wm_home_stack_moved: 1
11-14 20:01:42.169   631  1126 I am_pause_activity: [0,1104557808,com.android.settings/.Settings]
11-14 20:01:42.179  2374  2374 I am_on_paused_called: [0,com.android.settings.Settings]
11-14 20:01:42.179   631   873 I am_resume_activity: [0,1107209264,1,com.cyanogenmod.trebuchet/org.cyanogenmod.trebuchet.CustomHomeLauncher]
11-14 20:01:42.189  1089  1089 I am_on_resume_called: [0,org.cyanogenmod.trebuchet.CustomHomeLauncher]
11-14 20:01:42.649   631   844 I am_destroy_activity: [0,1104557808,96,com.android.settings/.Settings,finish-imm]
11-14 20:01:42.669   178   178 I sf_frame_dur: [com.android.settings/com.android.settings.Settings,4,1,0,0,0,0,1]
11-14 20:01:43.359   631  1109 I am_create_task: [0,97]
11-14 20:01:43.359   631  1109 I am_create_activity: [0,1104760824,97,com.android.settings/.Settings,android.intent.action.MAIN,NULL,NULL,270532608]
11-14 20:01:43.359   631  1109 I wm_task_created: [97,3]
11-14 20:01:43.359   631  1109 I wm_task_moved: [97,1,2]
11-14 20:01:43.359   631  1109 I wm_home_stack_moved: 0
11-14 20:01:43.409   631  1109 I am_pause_activity: [0,1107209264,com.cyanogenmod.trebuchet/org.cyanogenmod.trebuchet.CustomHomeLauncher]
11-14 20:01:43.499  1089  1089 I am_on_paused_called: [0,org.cyanogenmod.trebuchet.CustomHomeLauncher]
11-14 20:01:43.499   631  1126 I am_restart_activity: [0,1104760824,97,com.android.settings/.Settings]
11-14 20:01:43.799   178   178 I sf_frame_dur: [com.cyanogenmod.trebuchet/org.cyanogenmod.trebuchet.CustomHomeLauncher,0,0,0,0,0,0,1]
11-14 20:01:46.239   631  1101 I wm_task_removed: [96,removeTask]
11-14 20:01:46.239   631  1101 I wm_task_removed: [96,removeAppToken: last token]
11-14 20:01:46.279  2374  2374 I am_on_resume_called: [0,com.android.settings.Settings]
11-14 20:01:46.369   631  1101 I am_create_service: [0,1106045840,.SearchPopulator,1000,2374]
11-14 20:01:46.429   631   841 I am_activity_launch_time: [0,1104760824,com.android.settings/.Settings,2929,2929]
11-14 20:01:46.459   631   872 I am_destroy_service: [0,1106045840,2374]
11-14 20:01:46.639   178   178 I sf_frame_dur: [Starting com.android.settings,1,0,0,0,0,0,0]
11-14 20:01:51.959   631  1126 I wm_task_moved: [97,1,1]
11-14 20:01:51.959   631  1126 I wm_home_stack_moved: 0
11-14 20:01:51.959   631  1126 I am_create_activity: [0,1105468384,97,com.android.settings/.SubSettings,android.intent.action.MAIN,NULL,NULL,0]
11-14 20:01:51.959   631  1126 I am_pause_activity: [0,1104760824,com.android.settings/.Settings]
11-14 20:01:51.979  2374  2374 I am_on_paused_called: [0,com.android.settings.Settings]
11-14 20:01:51.979   631   669 I am_restart_activity: [0,1105468384,97,com.android.settings/.SubSettings]
11-14 20:01:52.059  2374  2374 I am_on_resume_called: [0,com.android.settings.SubSettings]
11-14 20:01:52.139   631   841 I am_activity_launch_time: [0,1105468384,com.android.settings/.SubSettings,160,160]
11-14 20:01:52.469   178   178 I sf_frame_dur: [com.android.settings/com.android.settings.Settings,112,8,3,1,1,2,1]
11-14 20:01:52.729   631   873 I am_finish_activity: [0,1105468384,97,com.android.settings/.SubSettings,app-request]
11-14 20:01:52.729   631   873 I am_pause_activity: [0,1105468384,com.android.settings/.SubSettings]
11-14 20:01:52.729  2374  2374 I am_on_paused_called: [0,com.android.settings.SubSettings]
11-14 20:01:52.729   631  1126 I am_resume_activity: [0,1104760824,97,com.android.settings/.Settings]
11-14 20:01:52.739  2374  2374 I am_on_resume_called: [0,com.android.settings.Settings]
11-14 20:01:53.149   631   844 I am_destroy_activity: [0,1105468384,97,com.android.settings/.SubSettings,finish-imm]
11-14 20:01:53.159   178   178 I sf_frame_dur: [com.android.settings/com.android.settings.SubSettings,0,1,0,0,1,0,0]
11-14 20:01:57.379   631   872 I am_finish_activity: [0,1104760824,97,com.android.settings/.Settings,app-request]
11-14 20:01:57.379   631   872 I wm_home_stack_moved: 1
11-14 20:01:57.379   631   872 I wm_task_moved: [1,1,1]
11-14 20:01:57.379   631   872 I wm_home_stack_moved: 1
11-14 20:01:57.419   631   872 I am_pause_activity: [0,1104760824,com.android.settings/.Settings]
11-14 20:01:57.429  2374  2374 I am_on_paused_called: [0,com.android.settings.Settings]
11-14 20:01:57.429   631   873 I am_resume_activity: [0,1107209264,1,com.cyanogenmod.trebuchet/org.cyanogenmod.trebuchet.CustomHomeLauncher]
11-14 20:01:57.449  1089  1089 I am_on_resume_called: [0,org.cyanogenmod.trebuchet.CustomHomeLauncher]
11-14 20:01:57.909   631   844 I am_destroy_activity: [0,1104760824,97,com.android.settings/.Settings,finish-imm]
11-14 20:01:57.919   178   178 I sf_frame_dur: [com.android.settings/com.android.settings.Settings,6,0,0,0,0,0,1]
11-14 20:01:58.649   631  1109 I am_create_task: [0,98]
11-14 20:01:58.649   631  1109 I am_create_activity: [0,1104557808,98,com.android.settings/.Settings,android.intent.action.MAIN,NULL,NULL,270532608]
11-14 20:01:58.649   631  1109 I wm_task_created: [98,3]
11-14 20:01:58.649   631  1109 I wm_task_moved: [98,1,2]
11-14 20:01:58.649   631  1109 I wm_home_stack_moved: 0
11-14 20:01:58.709   631  1109 I am_pause_activity: [0,1107209264,com.cyanogenmod.trebuchet/org.cyanogenmod.trebuchet.CustomHomeLauncher]
11-14 20:01:58.719  1089  1089 I am_on_paused_called: [0,org.cyanogenmod.trebuchet.CustomHomeLauncher]
11-14 20:01:58.719   631  1098 I am_restart_activity: [0,1104557808,98,com.android.settings/.Settings]
11-14 20:01:59.079   178   178 I sf_frame_dur: [com.cyanogenmod.trebuchet/org.cyanogenmod.trebuchet.CustomHomeLauncher,0,0,0,0,0,0,1]
11-14 20:02:01.119   631   672 I wm_task_removed: [97,removeTask]
11-14 20:02:01.119   631   672 I wm_task_removed: [97,removeAppToken: last token]
11-14 20:02:01.169  2374  2374 I am_on_resume_called: [0,com.android.settings.Settings]
11-14 20:02:01.259   631  1101 I am_create_service: [0,1106883744,.SearchPopulator,1000,2374]
11-14 20:02:01.319   631   841 I am_activity_launch_time: [0,1104557808,com.android.settings/.Settings,2597,2597]
11-14 20:02:01.379   631  1109 I am_destroy_service: [0,1106883744,2374]
11-14 20:02:01.529   178   178 I sf_frame_dur: [Starting com.android.settings,1,0,0,0,0,0,0]
11-14 20:02:06.199  3222  3240 I dvm_lock_sample: [uiautomator,0,UiAutomatorHandlerThread,138,QueryController.java,61,-,149,27]
11-14 20:02:07.289   631   873 I wm_task_moved: [98,1,1]
11-14 20:02:07.289   631   873 I wm_home_stack_moved: 0
11-14 20:02:07.289   631   873 I am_create_activity: [0,1105468384,98,com.android.settings/.SubSettings,android.intent.action.MAIN,NULL,NULL,0]
11-14 20:02:07.289   631   873 I am_pause_activity: [0,1104557808,com.android.settings/.Settings]
11-14 20:02:07.299  2374  2374 I am_on_paused_called: [0,com.android.settings.Settings]
11-14 20:02:07.309   631  1128 I am_restart_activity: [0,1105468384,98,com.android.settings/.SubSettings]
11-14 20:02:07.359  2374  2374 I am_on_resume_called: [0,com.android.settings.SubSettings]
11-14 20:02:07.429   631   841 I am_activity_launch_time: [0,1105468384,com.android.settings/.SubSettings,119,119]
11-14 20:02:07.769   178   178 I sf_frame_dur: [com.android.settings/com.android.settings.Settings,105,10,2,0,2,2,1]
11-14 20:02:08.019   631  1109 I am_finish_activity: [0,1105468384,98,com.android.settings/.SubSettings,app-request]
11-14 20:02:08.019   631  1109 I am_pause_activity: [0,1105468384,com.android.settings/.SubSettings]
11-14 20:02:08.029  2374  2374 I am_on_paused_called: [0,com.android.settings.SubSettings]
11-14 20:02:08.029   631  1101 I am_resume_activity: [0,1104557808,98,com.android.settings/.Settings]
11-14 20:02:08.049  2374  2374 I am_on_resume_called: [0,com.android.settings.Settings]
11-14 20:02:08.489   631   844 I am_destroy_activity: [0,1105468384,98,com.android.settings/.SubSettings,finish-imm]
11-14 20:02:08.499   178   178 I sf_frame_dur: [com.android.settings/com.android.settings.SubSettings,1,0,0,0,1,0,0]
11-14 20:02:12.569   631   872 I am_finish_activity: [0,1104557808,98,com.android.settings/.Settings,app-request]
11-14 20:02:12.569   631   872 I wm_home_stack_moved: 1
11-14 20:02:12.569   631   872 I wm_task_moved: [1,1,1]
11-14 20:02:12.569   631   872 I wm_home_stack_moved: 1
11-14 20:02:12.609   631   872 I am_pause_activity: [0,1104557808,com.android.settings/.Settings]
11-14 20:02:12.619  2374  2374 I am_on_paused_called: [0,com.android.settings.Settings]
11-14 20:02:12.629   631   669 I am_resume_activity: [0,1107209264,1,com.cyanogenmod.trebuchet/org.cyanogenmod.trebuchet.CustomHomeLauncher]
11-14 20:02:12.639  1089  1089 I am_on_resume_called: [0,org.cyanogenmod.trebuchet.CustomHomeLauncher]
11-14 20:02:13.099   631   844 I am_destroy_activity: [0,1104557808,98,com.android.settings/.Settings,finish-imm]
11-14 20:02:13.109   178   178 I sf_frame_dur: [com.android.settings/com.android.settings.Settings,5,0,0,0,0,0,1]
11-14 20:02:13.809   631  1126 I am_create_task: [0,99]
11-14 20:02:13.809   631  1126 I am_create_activity: [0,1104760824,99,com.android.settings/.Settings,android.intent.action.MAIN,NULL,NULL,270532608]
11-14 20:02:13.809   631  1126 I wm_task_created: [99,3]
11-14 20:02:13.809   631  1126 I wm_task_moved: [99,1,2]
11-14 20:02:13.809   631  1126 I wm_home_stack_moved: 0
11-14 20:02:13.869   631  1126 I am_pause_activity: [0,1107209264,com.cyanogenmod.trebuchet/org.cyanogenmod.trebuchet.CustomHomeLauncher]
11-14 20:02:13.879  1089  1089 I am_on_paused_called: [0,org.cyanogenmod.trebuchet.CustomHomeLauncher]
11-14 20:02:13.879   631  1128 I am_restart_activity: [0,1104760824,99,com.android.settings/.Settings]
11-14 20:02:14.219   178   178 I sf_frame_dur: [com.cyanogenmod.trebuchet/org.cyanogenmod.trebuchet.CustomHomeLauncher,0,0,0,0,0,0,1]
11-14 20:02:16.189   631   672 I wm_task_removed: [98,removeTask]
11-14 20:02:16.189   631   672 I wm_task_removed: [98,removeAppToken: last token]
11-14 20:02:16.229  2374  2374 I am_on_resume_called: [0,com.android.settings.Settings]
11-14 20:02:16.319   631   872 I am_create_service: [0,1112477304,.SearchPopulator,1000,2374]
11-14 20:02:16.369   631   841 I am_activity_launch_time: [0,1104760824,com.android.settings/.Settings,2495,2495]
11-14 20:02:16.429   631   873 I am_destroy_service: [0,1112477304,2374]
11-14 20:02:16.589   178   178 I sf_frame_dur: [Starting com.android.settings,0,1,0,0,0,0,0]
11-14 20:02:22.449   631   672 I wm_task_moved: [99,1,1]
11-14 20:02:22.449   631   672 I wm_home_stack_moved: 0
11-14 20:02:22.449   631   672 I am_create_activity: [0,1105468384,99,com.android.settings/.SubSettings,android.intent.action.MAIN,NULL,NULL,0]
11-14 20:02:22.459   631   672 I am_pause_activity: [0,1104760824,com.android.settings/.Settings]
11-14 20:02:22.499  2374  2374 I am_on_paused_called: [0,com.android.settings.Settings]
11-14 20:02:22.499   631  1128 I am_restart_activity: [0,1105468384,99,com.android.settings/.SubSettings]
11-14 20:02:22.559  2374  2374 I am_on_resume_called: [0,com.android.settings.SubSettings]
11-14 20:02:22.609   631   841 I dvm_lock_sample: [system_server,1,WindowManager,10,WindowManagerService.java,7276,-,2909,2]
11-14 20:02:22.629   631   841 I am_activity_launch_time: [0,1105468384,com.android.settings/.SubSettings,134,134]
11-14 20:02:22.969   178   178 I sf_frame_dur: [com.android.settings/com.android.settings.Settings,110,6,0,1,2,2,1]
11-14 20:02:23.219   631   872 I am_finish_activity: [0,1105468384,99,com.android.settings/.SubSettings,app-request]
11-14 20:02:23.219   631   872 I am_pause_activity: [0,1105468384,com.android.settings/.SubSettings]
11-14 20:02:23.229  2374  2374 I am_on_paused_called: [0,com.android.settings.SubSettings]
11-14 20:02:23.229   631  1142 I am_resume_activity: [0,1104760824,99,com.android.settings/.Settings]
11-14 20:02:23.229  2374  2374 I am_on_resume_called: [0,com.android.settings.Settings]
11-14 20:02:23.659   631   844 I am_destroy_activity: [0,1105468384,99,com.android.settings/.SubSettings,finish-imm]
11-14 20:02:23.669   178   178 I sf_frame_dur: [com.android.settings/com.android.settings.SubSettings,1,0,0,0,1,0,0]
11-14 20:02:27.729   631  1101 I am_finish_activity: [0,1104760824,99,com.android.settings/.Settings,app-request]
11-14 20:02:27.729   631  1101 I wm_home_stack_moved: 1
11-14 20:02:27.729   631  1101 I wm_task_moved: [1,1,1]
11-14 20:02:27.729   631  1101 I wm_home_stack_moved: 1
11-14 20:02:27.769   631  1101 I am_pause_activity: [0,1104760824,com.android.settings/.Settings]
11-14 20:02:27.779  2374  2374 I am_on_paused_called: [0,com.android.settings.Settings]
11-14 20:02:27.779   631   672 I am_resume_activity: [0,1107209264,1,com.cyanogenmod.trebuchet/org.cyanogenmod.trebuchet.CustomHomeLauncher]
