11-14 19:42:34.589  3222  3222 I QueryController: Matched selector: UiSelector[CONTAINER=UiSelector[SCROLLABLE=true], PATTERN=UiSelector[INSTANCE=2, PATTERN=UiSelector[CLASS=android.widget.TextView]]] <<==>> [android.view.accessibility.AccessibilityNodeInfo@d237a; boundsInParent: Rect(0, 0 - 984, 96); boundsInScreen: Rect(48, 480 - 1032, 576); packageName: com.android.settings; className: android.widget.TextView; text: DEVICE; contentDescription: null; viewIdResName: null; checkable: false; checked: false; focusable: false; focused: false; selected: false; clickable: false; longClickable: false; enabled: false; password: false; scrollable: false; [ACTION_SELECT, ACTION_CLEAR_SELECTION, ACTION_ACCESSIBILITY_FOCUS, ACTION_NEXT_AT_MOVEMENT_GRANULARITY, ACTION_PREVIOUS_AT_MOVEMENT_GRANULARITY, ACTION_SET_SELECTION]]
11-14 19:42:34.589  3222  3222 D UiObject: getText() = DEVICE
11-14 19:42:34.639  3222  3222 I QueryController: Matched selector: UiSelector[CONTAINER=UiSelector[SCROLLABLE=true], PATTERN=UiSelector[INSTANCE=3, PATTERN=UiSelector[CLASS=android.widget.TextView]]] <<==>> [android.view.accessibility.AccessibilityNodeInfo@e0877; boundsInParent: Rect(0, 0 - 157, 73); boundsInScreen: Rect(174, 613 - 331, 686); packageName: com.android.settings; className: android.widget.TextView; text: Sound; contentDescription: null; viewIdResName: android:id/title; checkable: false; checked: false; focusable: false; focused: false; selected: false; clickable: false; longClickable: false; enabled: true; password: false; scrollable: false; [ACTION_SELECT, ACTION_CLEAR_SELECTION, ACTION_ACCESSIBILITY_FOCUS, ACTION_NEXT_AT_MOVEMENT_GRANULARITY, ACTION_PREVIOUS_AT_MOVEMENT_GRANULARITY, ACTION_SET_SELECTION]]
11-14 19:42:34.639  3222  3222 D UiObject: getText() = Sound
11-14 19:42:34.689  3222  3222 I QueryController: Matched selector: UiSelector[CONTAINER=UiSelector[SCROLLABLE=true], PATTERN=UiSelector[INSTANCE=4, PATTERN=UiSelector[CLASS=android.widget.TextView]]] <<==>> [android.view.accessibility.AccessibilityNodeInfo@e0c38; boundsInParent: Rect(0, 0 - 372, 73); boundsInScreen: Rect(174, 759 - 546, 832); packageName: com.android.settings; className: android.widget.TextView; text: Display & lights; contentDescription: null; viewIdResName: android:id/title; checkable: false; checked: false; focusable: false; focused: false; selected: false; clickable: false; longClickable: false; enabled: true; password: false; scrollable: false; [ACTION_SELECT, ACTION_CLEAR_SELECTION, ACTION_ACCESSIBILITY_FOCUS, ACTION_NEXT_AT_MOVEMENT_GRANULARITY, ACTION_PREVIOUS_AT_MOVEMENT_GRANULARITY, ACTION_SET_SELECTION]]
11-14 19:42:34.689  3222  3222 D UiObject: getText() = Display & lights
11-14 19:42:34.729  3222  3222 I QueryController: Matched selector: UiSelector[CONTAINER=UiSelector[SCROLLABLE=true], PATTERN=UiSelector[INSTANCE=5, PATTERN=UiSelector[CLASS=android.widget.TextView]]] <<==>> [android.view.accessibility.AccessibilityNodeInfo@e0ff9; boundsInParent: Rect(0, 0 - 189, 73); boundsInScreen: Rect(174, 905 - 363, 978); packageName: com.android.settings; className: android.widget.TextView; text: Buttons; contentDescription: null; viewIdResName: android:id/title; checkable: false; checked: false; focusable: false; focused: false; selected: false; clickable: false; longClickable: false; enabled: true; password: false; scrollable: false; [ACTION_SELECT, ACTION_CLEAR_SELECTION, ACTION_ACCESSIBILITY_FOCUS, ACTION_NEXT_AT_MOVEMENT_GRANULARITY, ACTION_PREVIOUS_AT_MOVEMENT_GRANULARITY, ACTION_SET_SELECTION]]
11-14 19:42:34.729  3222  3222 D UiObject: getText() = Buttons
11-14 19:42:34.789  3222  3222 I QueryController: Matched selector: UiSelector[CONTAINER=UiSelector[SCROLLABLE=true], PATTERN=UiSelector[INSTANCE=6, PATTERN=UiSelector[CLASS=android.widget.TextView]]] <<==>> [android.view.accessibility.AccessibilityNodeInfo@e13ba; boundsInParent: Rect(0, 0 - 189, 73); boundsInScreen: Rect(174, 1051 - 363, 1124); packageName: com.android.settings; className: android.widget.TextView; text: Storage; contentDescription: null; viewIdResName: android:id/title; checkable: false; checked: false; focusable: false; focused: false; selected: false; clickable: false; longClickable: false; enabled: true; password: false; scrollable: false; [ACTION_SELECT, ACTION_CLEAR_SELECTION, ACTION_ACCESSIBILITY_FOCUS, ACTION_NEXT_AT_MOVEMENT_GRANULARITY, ACTION_PREVIOUS_AT_MOVEMENT_GRANULARITY, ACTION_SET_SELECTION]]
11-14 19:42:34.789  3222  3222 D UiObject: getText() = Storage
11-14 19:42:34.839  3222  3222 I QueryController: Matched selector: UiSelector[CONTAINER=UiSelector[SCROLLABLE=true], PATTERN=UiSelector[INSTANCE=7, PATTERN=UiSelector[CLASS=android.widget.TextView]]] <<==>> [android.view.accessibility.AccessibilityNodeInfo@e177b; boundsInParent: Rect(0, 0 - 173, 73); boundsInScreen: Rect(174, 1197 - 347, 1270); packageName: com.android.settings; className: android.widget.TextView; text: Battery; contentDescription: null; viewIdResName: android:id/title; checkable: false; checked: false; focusable: false; focused: false; selected: false; clickable: false; longClickable: false; enabled: true; password: false; scrollable: false; [ACTION_SELECT, ACTION_CLEAR_SELECTION, ACTION_ACCESSIBILITY_FOCUS, ACTION_NEXT_AT_MOVEMENT_GRANULARITY, ACTION_PREVIOUS_AT_MOVEMENT_GRANULARITY, ACTION_SET_SELECTION]]
11-14 19:42:34.839  3222  3222 D UiObject: getText() = Battery
11-14 19:42:34.919  3222  3222 I QueryController: Matched selector: UiSelector[CONTAINER=UiSelector[SCROLLABLE=true], PATTERN=UiSelector[INSTANCE=8, PATTERN=UiSelector[CLASS=android.widget.TextView]]] <<==>> [android.view.accessibility.AccessibilityNodeInfo@d0933; boundsInParent: Rect(0, 0 - 126, 73); boundsInScreen: Rect(174, 1343 - 300, 1416); packageName: com.android.settings; className: android.widget.TextView; text: Apps; contentDescription: null; viewIdResName: android:id/title; checkable: false; checked: false; focusable: false; focused: false; selected: false; clickable: false; longClickable: false; enabled: true; password: false; scrollable: false; [ACTION_SELECT, ACTION_CLEAR_SELECTION, ACTION_ACCESSIBILITY_FOCUS, ACTION_NEXT_AT_MOVEMENT_GRANULARITY, ACTION_PREVIOUS_AT_MOVEMENT_GRANULARITY, ACTION_SET_SELECTION]]
11-14 19:42:34.919  3222  3222 D UiObject: getText() = Apps
11-14 19:42:34.939  3222  3222 I QueryController: Matched selector: UiSelector[CONTAINER=UiSelector[SCROLLABLE=true], PATTERN=UiSelector[INSTANCE=8, PATTERN=UiSelector[CLASS=android.widget.TextView]]] <<==>> [android.view.accessibility.AccessibilityNodeInfo@d0933; boundsInParent: Rect(0, 0 - 126, 73); boundsInScreen: Rect(174, 1343 - 300, 1416); packageName: com.android.settings; className: android.widget.TextView; text: Apps; contentDescription: null; viewIdResName: android:id/title; checkable: false; checked: false; focusable: false; focused: false; selected: false; clickable: false; longClickable: false; enabled: true; password: false; scrollable: false; [ACTION_SELECT, ACTION_CLEAR_SELECTION, ACTION_ACCESSIBILITY_FOCUS, ACTION_NEXT_AT_MOVEMENT_GRANULARITY, ACTION_PREVIOUS_AT_MOVEMENT_GRANULARITY, ACTION_SET_SELECTION]]
11-14 19:42:34.939  3222  3222 D InteractionController: clickAndWaitForNewWindow(237, 1379)
11-14 19:42:35.119  2374  2374 I Timeline: Timeline: Activity_launch_request id:com.android.settings time:154676
11-14 19:42:35.149   181   875 D AudioPolicyManagerBase: getOutput() device 2, stream 1, samplingRate 0, format 0, channelMask 3, flags 0
11-14 19:42:35.149   181   875 D AudioPolicyManagerBase: getOutput() returns output 2
11-14 19:42:35.149   181   908 D AudioPolicyManagerBase: getOutput() device 2, stream 1, samplingRate 0, format 0, channelMask 3, flags 0
11-14 19:42:35.149   181   908 D AudioPolicyManagerBase: getOutput() returns output 2
11-14 19:42:35.149   181   909 D AudioPolicyManagerBase: getOutput() device 2, stream 1, samplingRate 48000, format 1, channelMask 3, flags 4
11-14 19:42:35.159   181   909 D AudioPolicyManagerBase: getOutput() returns output 3
11-14 19:42:35.169   181   875 D AudioFlinger: start(4097), calling pid 631 session 22
11-14 19:42:35.169   181   875 D AudioFlinger: ? => ACTIVE (4097) on thread 0xb706e6d8
11-14 19:42:35.169   181   875 I QCOM PowerHAL: Processing audio hint. Metadata: state=1
11-14 19:42:35.169   181   875 D AudioPolicyManagerBase: startOutput() output 3, stream 1, session 22
11-14 19:42:35.179   181   871 V audio_hw_primary: start_output_stream: enter: usecase(1: low-latency-playback) devices(0x2)
11-14 19:42:35.179   181   871 V msm8974_platform: platform_get_output_snd_device: enter: output devices(0x2)
11-14 19:42:35.179   181   871 V msm8974_platform: platform_get_output_snd_device: exit: snd_device(speaker)
11-14 19:42:35.179   181   871 D audio_hw_primary: select_devices: out_snd_device(2: speaker) in_snd_device(0: )
11-14 19:42:35.179   181   871 W msm8974_platform: Property audio.offload.24bit.enable is set
11-14 19:42:35.179   181   871 V msm8974_platform: platform_check_and_set_codec_backend_cfg usecase = 1
11-14 19:42:35.179   181   871 W msm8974_platform: Codec backend bitwidth 16, samplerate 48000
11-14 19:42:35.179   181   871 V msm8974_platform: Playback running bw 16 sr 48000 standby 0
11-14 19:42:35.179   181   871 V audio_hw_primary: enable_snd_device: snd_device(2: speaker)
11-14 19:42:35.179   181   871 V audio_hw_primary: enable_audio_route: enter: usecase(1)
11-14 19:42:35.179   181   871 V audio_hw_primary: enable_audio_route: apply mixer path: low-latency-playback
11-14 19:42:35.179   181   871 V audio_hw_primary: enable_audio_route: exit
11-14 19:42:35.179   181   871 V audio_hw_primary: start_output_stream: Opening PCM device card_id(0) device_id(15)
11-14 19:42:35.189   181   871 V audio_hw_primary: start_output_stream: exit
11-14 19:42:35.219  2374  2374 D SubSettings: Launching fragment com.android.settings.applications.ManageApplications
11-14 19:42:35.319   631   841 I ActivityManager: Displayed com.android.settings/.SubSettings: +133ms
11-14 19:42:35.359   181   869 I QCOM PowerHAL: Processing audio hint. Metadata: state=0
11-14 19:42:35.359  2374  2374 I Timeline: Timeline: Activity_idle id: android.os.BinderProxy@42bdf350 time:154912
11-14 19:42:35.649   631   841 I Timeline: Timeline: Activity_windows_visible id: ActivityRecord{41de0c40 u0 com.android.settings/.SubSettings t9} time:155202
11-14 19:42:35.939  2374  2374 D BluetoothAdapter: 1108294736: getState() :  mService = null. Returning STATE_OFF
11-14 19:42:36.039  2374  2374 I Timeline: Timeline: Activity_idle id: android.os.BinderProxy@42d2f4e8 time:155592
11-14 19:42:36.369   631   841 I Timeline: Timeline: Activity_windows_visible id: ActivityRecord{41d636f0 u0 com.android.settings/.Settings t9} time:155923
11-14 19:42:38.019  2374  2374 I Choreographer: Skipped 98 frames!  The application may be doing too much work on its main thread.
11-14 19:42:38.159  1089  1089 I Timeline: Timeline: Activity_idle id: android.os.BinderProxy@41d08078 time:157710
11-14 19:42:38.329   181   874 V audio_hw_primary: out_standby: enter: usecase(1: low-latency-playback)
11-14 19:42:38.369   181   874 V audio_hw_primary: stop_output_stream: enter: usecase(1: low-latency-playback)
11-14 19:42:38.369   181   874 V audio_hw_primary: disable_audio_route: enter: usecase(1)
11-14 19:42:38.369   181   874 V audio_hw_primary: disable_audio_route: reset mixer path: low-latency-playback
11-14 19:42:38.369   181   874 V audio_hw_primary: disable_audio_route: exit
11-14 19:42:38.369   181   874 V audio_hw_primary: disable_snd_device: snd_device(2: speaker) refcnt=0
11-14 19:42:38.369   181   874 V audio_hw_primary: stop_output_stream: exit: status(0)
11-14 19:42:38.369   181   874 V audio_hw_primary: out_standby: exit
11-14 19:42:38.559   631   841 I Timeline: Timeline: Activity_windows_visible id: ActivityRecord{41feac30 u0 com.cyanogenmod.trebuchet/org.cyanogenmod.trebuchet.CustomHomeLauncher t1} time:158113
11-14 19:42:39.069  3222  3222 W InteractionController: runAndwaitForEvent timedout waiting for events
11-14 19:42:39.139  3222  3222 I QueryController: Matched selector: UiSelector[TEXT=Settings] <<==>> [android.view.accessibility.AccessibilityNodeInfo@1e423; boundsInParent: Rect(524167, 0 - 524428, 320); boundsInScreen: Rect(801, 1071 - 1062, 1391); packageName: com.cyanogenmod.trebuchet; className: android.widget.TextView; text: Settings; contentDescription: null; viewIdResName: null; checkable: false; checked: false; focusable: true; focused: false; selected: false; clickable: true; longClickable: true; enabled: true; password: false; scrollable: false; [ACTION_FOCUS, ACTION_SELECT, ACTION_CLEAR_SELECTION, ACTION_CLICK, ACTION_LONG_CLICK, ACTION_ACCESSIBILITY_FOCUS, ACTION_NEXT_AT_MOVEMENT_GRANULARITY, ACTION_PREVIOUS_AT_MOVEMENT_GRANULARITY, ACTION_SET_SELECTION]]
11-14 19:42:39.159  3222  3222 I QueryController: Matched selector: UiSelector[TEXT=Settings] <<==>> [android.view.accessibility.AccessibilityNodeInfo@1e423; boundsInParent: Rect(524167, 0 - 524428, 320); boundsInScreen: Rect(801, 1071 - 1062, 1391); packageName: com.cyanogenmod.trebuchet; className: android.widget.TextView; text: Settings; contentDescription: null; viewIdResName: null; checkable: false; checked: false; focusable: true; focused: false; selected: false; clickable: true; longClickable: true; enabled: true; password: false; scrollable: false; [ACTION_FOCUS, ACTION_SELECT, ACTION_CLEAR_SELECTION, ACTION_CLICK, ACTION_LONG_CLICK, ACTION_ACCESSIBILITY_FOCUS, ACTION_NEXT_AT_MOVEMENT_GRANULARITY, ACTION_PREVIOUS_AT_MOVEMENT_GRANULARITY, ACTION_SET_SELECTION]]
11-14 19:42:39.159  3222  3222 D InteractionController: clickAndWaitForNewWindow(931, 1231)
11-14 19:42:39.299  1089  1089 I Timeline: Timeline: Activity_launch_request id:com.android.settings time:158854
11-14 19:42:39.299   181   181 D AudioPolicyManagerBase: getOutput() device 2, stream 1, samplingRate 0, format 0, channelMask 3, flags 0
11-14 19:42:39.299   181   181 D AudioPolicyManagerBase: getOutput() returns output 2
11-14 19:42:39.299   181   875 D AudioPolicyManagerBase: getOutput() device 2, stream 1, samplingRate 0, format 0, channelMask 3, flags 0
11-14 19:42:39.299   181   875 D AudioPolicyManagerBase: getOutput() returns output 2
11-14 19:42:39.299   181   908 D AudioPolicyManagerBase: getOutput() device 2, stream 1, samplingRate 48000, format 1, channelMask 3, flags 4
11-14 19:42:39.299   181   908 D AudioPolicyManagerBase: getOutput() returns output 3
11-14 19:42:39.309   181   181 D AudioFlinger: start(4098), calling pid 631 session 23
11-14 19:42:39.309   181   181 D AudioFlinger: ? => ACTIVE (4098) on thread 0xb706ea30
11-14 19:42:39.309   181   181 I QCOM PowerHAL: Processing audio hint. Metadata: state=1
11-14 19:42:39.309   181   181 D AudioPolicyManagerBase: startOutput() output 3, stream 1, session 23
11-14 19:42:39.319   181   871 V audio_hw_primary: start_output_stream: enter: usecase(1: low-latency-playback) devices(0x2)
11-14 19:42:39.319   181   871 V msm8974_platform: platform_get_output_snd_device: enter: output devices(0x2)
11-14 19:42:39.319   181   871 V msm8974_platform: platform_get_output_snd_device: exit: snd_device(speaker)
11-14 19:42:39.319   181   871 D audio_hw_primary: select_devices: out_snd_device(2: speaker) in_snd_device(0: )
11-14 19:42:39.319   181   871 W msm8974_platform: Property audio.offload.24bit.enable is set
11-14 19:42:39.319   181   871 V msm8974_platform: platform_check_and_set_codec_backend_cfg usecase = 1
11-14 19:42:39.319   181   871 W msm8974_platform: Codec backend bitwidth 16, samplerate 48000
11-14 19:42:39.319   181   871 V msm8974_platform: Playback running bw 16 sr 48000 standby 0
11-14 19:42:39.319   181   871 V audio_hw_primary: enable_snd_device: snd_device(2: speaker)
11-14 19:42:39.319   181   871 V audio_hw_primary: enable_audio_route: enter: usecase(1)
11-14 19:42:39.319   181   871 V audio_hw_primary: enable_audio_route: apply mixer path: low-latency-playback
11-14 19:42:39.319   181   871 V audio_hw_primary: enable_audio_route: exit
11-14 19:42:39.319   181   871 V audio_hw_primary: start_output_stream: Opening PCM device card_id(0) device_id(15)
11-14 19:42:39.319   181   871 V audio_hw_primary: start_output_stream: exit
11-14 19:42:39.519   181   869 I QCOM PowerHAL: Processing audio hint. Metadata: state=0
11-14 19:42:39.769  2374  2374 D BluetoothAdapter: 1108294736: getState() :  mService = null. Returning STATE_OFF
11-14 19:42:39.809  2374  2374 D BluetoothAdapter: 1108294736: getState() :  mService = null. Returning STATE_OFF
11-14 19:42:39.889  2374  2374 D BluetoothAdapter: 1108294736: getState() :  mService = null. Returning STATE_OFF
11-14 19:42:39.929   631   841 I ActivityManager: Displayed com.android.settings/.Settings: +542ms
11-14 19:42:39.929   631   841 I Timeline: Timeline: Activity_windows_visible id: ActivityRecord{41d94ff8 u0 com.android.settings/.Settings t10} time:159488
11-14 19:42:39.959  2374  2374 I Timeline: Timeline: Activity_idle id: android.os.BinderProxy@42d6c440 time:159514
11-14 19:42:41.809  3222  3222 I QueryController: Matched selector: UiSelector[RESOURCE_ID=android:id/action_bar_title] <<==>> [android.view.accessibility.AccessibilityNodeInfo@ef4f9; boundsInParent: Rect(0, 0 - 198, 73); boundsInScreen: Rect(145, 110 - 343, 183); packageName: com.android.settings; className: android.widget.TextView; text: Settings; contentDescription: null; viewIdResName: android:id/action_bar_title; checkable: false; checked: false; focusable: false; focused: false; selected: false; clickable: false; longClickable: false; enabled: true; password: false; scrollable: false; [ACTION_SELECT, ACTION_CLEAR_SELECTION, ACTION_ACCESSIBILITY_FOCUS, ACTION_NEXT_AT_MOVEMENT_GRANULARITY, ACTION_PREVIOUS_AT_MOVEMENT_GRANULARITY, ACTION_SET_SELECTION]]
11-14 19:42:41.809  3222  3222 D UiObject: getText() = Settings
11-14 19:42:41.849  3222  3222 D UiScrollable: scrollToBeginning() on selector = UiSelector[SCROLLABLE=true]
11-14 19:42:41.849  3222  3222 D UiScrollable: scrollBackward() on selector = UiSelector[SCROLLABLE=true]
11-14 19:42:41.879  3222  3222 I QueryController: Matched selector: UiSelector[SCROLLABLE=true] <<==>> [android.view.accessibility.AccessibilityNodeInfo@eed77; boundsInParent: Rect(0, 0 - 1080, 1557); boundsInScreen: Rect(0, 219 - 1080, 1776); packageName: com.android.settings; className: android.widget.ListView; text: null; contentDescription: null; viewIdResName: android:id/list; checkable: false; checked: false; focusable: true; focused: true; selected: false; clickable: true; longClickable: false; enabled: true; password: false; scrollable: true; [ACTION_CLEAR_FOCUS, ACTION_SELECT, ACTION_CLEAR_SELECTION, ACTION_CLICK, ACTION_ACCESSIBILITY_FOCUS, ACTION_SCROLL_FORWARD]]
11-14 19:42:41.879  3222  3222 D UiScrollable: scrollToBegining() using vertical scroll
11-14 19:42:41.879  3222  3222 D InteractionController: scrollSwipe (540, 374, 540, 1621, 55)
11-14 19:42:42.479   181   874 V audio_hw_primary: out_standby: enter: usecase(1: low-latency-playback)
11-14 19:42:42.539   181   874 V audio_hw_primary: stop_output_stream: enter: usecase(1: low-latency-playback)
11-14 19:42:42.539   181   874 V audio_hw_primary: disable_audio_route: enter: usecase(1)
11-14 19:42:42.539   181   874 V audio_hw_primary: disable_audio_route: reset mixer path: low-latency-playback
11-14 19:42:42.539   181   874 V audio_hw_primary: disable_audio_route: exit
11-14 19:42:42.539   181   874 V audio_hw_primary: disable_snd_device: snd_device(2: speaker) refcnt=0
11-14 19:42:42.539   181   874 V audio_hw_primary: stop_output_stream: exit: status(0)
11-14 19:42:42.549   181   874 V audio_hw_primary: out_standby: exit
11-14 19:42:42.999  3222  3222 W InteractionController: runAndwaitForEvent timedout waiting for events
11-14 19:42:43.049  3222  3222 D UiScrollable: scrollForward() on selector = UiSelector[SCROLLABLE=true]
11-14 19:42:43.069  3222  3222 I QueryController: Matched selector: UiSelector[SCROLLABLE=true] <<==>> [android.view.accessibility.AccessibilityNodeInfo@eed77; boundsInParent: Rect(0, 0 - 1080, 1557); boundsInScreen: Rect(0, 219 - 1080, 1776); packageName: com.android.settings; className: android.widget.ListView; text: null; contentDescription: null; viewIdResName: android:id/list; checkable: false; checked: false; focusable: true; focused: true; selected: false; clickable: true; longClickable: false; enabled: true; password: false; scrollable: true; [ACTION_CLEAR_FOCUS, ACTION_SELECT, ACTION_CLEAR_SELECTION, ACTION_CLICK, ACTION_ACCESSIBILITY_FOCUS, ACTION_SCROLL_FORWARD]]
11-14 19:42:43.069  3222  3222 D InteractionController: scrollSwipe (540, 1621, 540, 374, 55)
11-14 19:42:44.239  3222  3222 W InteractionController: runAndwaitForEvent timedout waiting for events
11-14 19:42:44.239  3222  3222 D InteractionController: scrollSwipe reached scroll end: false
11-14 19:42:44.629   995   995 I wpa_supplicant: wlan0: CTRL-EVENT-SCAN-STARTED 
11-14 19:42:44.789  3222  3222 I QueryController: Matched selector: UiSelector[SCROLLABLE=true, CHILD=UiSelector[TEXT=Apps]] <<==>> [android.view.accessibility.AccessibilityNodeInfo@f03fd; boundsInParent: Rect(0, 0 - 126, 73); boundsInScreen: Rect(174, 1304 - 300, 1377); packageName: com.android.settings; className: android.widget.TextView; text: Apps; contentDescription: null; viewIdResName: android:id/title; checkable: false; checked: false; focusable: false; focused: false; selected: false; clickable: false; longClickable: false; enabled: true; password: false; scrollable: false; [ACTION_SELECT, ACTION_CLEAR_SELECTION, ACTION_ACCESSIBILITY_FOCUS, ACTION_NEXT_AT_MOVEMENT_GRANULARITY, ACTION_PREVIOUS_AT_MOVEMENT_GRANULARITY, ACTION_SET_SELECTION]]
11-14 19:42:45.389  3222  3222 I QueryController: Counted 12 instances of: UiSelector[CONTAINER=UiSelector[SCROLLABLE=true], PATTERN=UiSelector[PATTERN=UiSelector[CLASS=android.widget.TextView]]]
11-14 19:42:45.409  3222  3222 I QueryController: Matched selector: UiSelector[CONTAINER=UiSelector[SCROLLABLE=true], PATTERN=UiSelector[INSTANCE=0, PATTERN=UiSelector[CLASS=android.widget.TextView]]] <<==>> [android.view.accessibility.AccessibilityNodeInfo@f16c2; boundsInParent: Rect(0, 0 - 249, 73); boundsInScreen: Rect(174, 184 - 423, 257); packageName: com.android.settings; className: android.widget.TextView; text: Status bar; contentDescription: null; viewIdResName: android:id/title; checkable: false; checked: false; focusable: false; focused: false; selected: false; clickable: false; longClickable: false; enabled: true; password: false; scrollable: false; [ACTION_SELECT, ACTION_CLEAR_SELECTION, ACTION_ACCESSIBILITY_FOCUS, ACTION_NEXT_AT_MOVEMENT_GRANULARITY, ACTION_PREVIOUS_AT_MOVEMENT_GRANULARITY, ACTION_SET_SELECTION]]
11-14 19:42:45.409  3222  3222 D UiObject: getText() = Status bar
11-14 19:42:45.439  3222  3222 I QueryController: Matched selector: UiSelector[CONTAINER=UiSelector[SCROLLABLE=true], PATTERN=UiSelector[INSTANCE=1, PATTERN=UiSelector[CLASS=android.widget.TextView]]] <<==>> [android.view.accessibility.AccessibilityNodeInfo@f1a83; boundsInParent: Rect(0, 0 - 462, 73); boundsInScreen: Rect(174, 330 - 636, 403); packageName: com.android.settings; className: android.widget.TextView; text: Notification drawer; contentDescription: null; viewIdResName: android:id/title; checkable: false; checked: false; focusable: false; focused: false; selected: false; clickable: false; longClickable: false; enabled: true; password: false; scrollable: false; [ACTION_SELECT, ACTION_CLEAR_SELECTION, ACTION_ACCESSIBILITY_FOCUS, ACTION_NEXT_AT_MOVEMENT_GRANULARITY, ACTION_PREVIOUS_AT_MOVEMENT_GRANULARITY, ACTION_SET_SELECTION]]
11-14 19:42:45.439  3222  3222 D UiObject: getText() = Notification drawer
11-14 19:42:45.489  3222  3222 I QueryController: Matched selector: UiSelector[CONTAINER=UiSelector[SCROLLABLE=true], PATTERN=UiSelector[INSTANCE=2, PATTERN=UiSelector[CLASS=android.widget.TextView]]] <<==>> [android.view.accessibility.AccessibilityNodeInfo@f1e44; boundsInParent: Rect(0, 0 - 984, 96); boundsInScreen: Rect(48, 441 - 1032, 537); packageName: com.android.settings; className: android.widget.TextView; text: DEVICE; contentDescription: null; viewIdResName: null; checkable: false; checked: false; focusable: false; focused: false; selected: false; clickable: false; longClickable: false; enabled: false; password: false; scrollable: false; [ACTION_SELECT, ACTION_CLEAR_SELECTION, ACTION_ACCESSIBILITY_FOCUS, ACTION_NEXT_AT_MOVEMENT_GRANULARITY, ACTION_PREVIOUS_AT_MOVEMENT_GRANULARITY, ACTION_SET_SELECTION]]
11-14 19:42:45.489  3222  3222 D UiObject: getText() = DEVICE
11-14 19:42:45.519  3222  3222 I QueryController: Matched selector: UiSelector[CONTAINER=UiSelector[SCROLLABLE=true], PATTERN=UiSelector[INSTANCE=3, PATTERN=UiSelector[CLASS=android.widget.TextView]]] <<==>> [android.view.accessibility.AccessibilityNodeInfo@10304d; boundsInParent: Rect(0, 0 - 157, 73); boundsInScreen: Rect(174, 574 - 331, 647); packageName: com.android.settings; className: android.widget.TextView; text: Sound; contentDescription: null; viewIdResName: android:id/title; checkable: false; checked: false; focusable: false; focused: false; selected: false; clickable: false; longClickable: false; enabled: true; password: false; scrollable: false; [ACTION_SELECT, ACTION_CLEAR_SELECTION, ACTION_ACCESSIBILITY_FOCUS, ACTION_NEXT_AT_MOVEMENT_GRANULARITY, ACTION_PREVIOUS_AT_MOVEMENT_GRANULARITY, ACTION_SET_SELECTION]]
11-14 19:42:45.519  3222  3222 D UiObject: getText() = Sound
11-14 19:42:45.559  3222  3222 I QueryController: Matched selector: UiSelector[CONTAINER=UiSelector[SCROLLABLE=true], PATTERN=UiSelector[INSTANCE=4, PATTERN=UiSelector[CLASS=android.widget.TextView]]] <<==>> [android.view.accessibility.AccessibilityNodeInfo@10340e; boundsInParent: Rect(0, 0 - 372, 73); boundsInScreen: Rect(174, 720 - 546, 793); packageName: com.android.settings; className: android.widget.TextView; text: Display & lights; contentDescription: null; viewIdResName: android:id/title; checkable: false; checked: false; focusable: false; focused: false; selected: false; clickable: false; longClickable: false; enabled: true; password: false; scrollable: false; [ACTION_SELECT, ACTION_CLEAR_SELECTION, ACTION_ACCESSIBILITY_FOCUS, ACTION_NEXT_AT_MOVEMENT_GRANULARITY, ACTION_PREVIOUS_AT_MOVEMENT_GRANULARITY, ACTION_SET_SELECTION]]
11-14 19:42:45.559  3222  3222 D UiObject: getText() = Display & lights
11-14 19:42:45.599  3222  3222 I QueryController: Matched selector: UiSelector[CONTAINER=UiSelector[SCROLLABLE=true], PATTERN=UiSelector[INSTANCE=5, PATTERN=UiSelector[CLASS=android.widget.TextView]]] <<==>> [android.view.accessibility.AccessibilityNodeInfo@1037cf; boundsInParent: Rect(0, 0 - 189, 73); boundsInScreen: Rect(174, 866 - 363, 939); packageName: com.android.settings; className: android.widget.TextView; text: Buttons; contentDescription: null; viewIdResName: android:id/title; checkable: false; checked: false; focusable: false; focused: false; selected: false; clickable: false; longClickable: false; enabled: true; password: false; scrollable: false; [ACTION_SELECT, ACTION_CLEAR_SELECTION, ACTION_ACCESSIBILITY_FOCUS, ACTION_NEXT_AT_MOVEMENT_GRANULARITY, ACTION_PREVIOUS_AT_MOVEMENT_GRANULARITY, ACTION_SET_SELECTION]]
11-14 19:42:45.599  3222  3222 D UiObject: getText() = Buttons
11-14 19:42:45.629  3222  3222 I QueryController: Matched selector: UiSelector[CONTAINER=UiSelector[SCROLLABLE=true], PATTERN=UiSelector[INSTANCE=6, PATTERN=UiSelector[CLASS=android.widget.TextView]]] <<==>> [android.view.accessibility.AccessibilityNodeInfo@103b90; boundsInParent: Rect(0, 0 - 189, 73); boundsInScreen: Rect(174, 1012 - 363, 1085); packageName: com.android.settings; className: android.widget.TextView; text: Storage; contentDescription: null; viewIdResName: android:id/title; checkable: false; checked: false; focusable: false; focused: false; selected: false; clickable: false; longClickable: false; enabled: true; password: false; scrollable: false; [ACTION_SELECT, ACTION_CLEAR_SELECTION, ACTION_ACCESSIBILITY_FOCUS, ACTION_NEXT_AT_MOVEMENT_GRANULARITY, ACTION_PREVIOUS_AT_MOVEMENT_GRANULARITY, ACTION_SET_SELECTION]]
11-14 19:42:45.629  3222  3222 D UiObject: getText() = Storage
11-14 19:42:45.679  3222  3222 I QueryController: Matched selector: UiSelector[CONTAINER=UiSelector[SCROLLABLE=true], PATTERN=UiSelector[INSTANCE=7, PATTERN=UiSelector[CLASS=android.widget.TextView]]] <<==>> [android.view.accessibility.AccessibilityNodeInfo@104312; boundsInParent: Rect(0, 0 - 173, 73); boundsInScreen: Rect(174, 1158 - 347, 1231); packageName: com.android.settings; className: android.widget.TextView; text: Battery; contentDescription: null; viewIdResName: android:id/title; checkable: false; checked: false; focusable: false; focused: false; selected: false; clickable: false; longClickable: false; enabled: true; password: false; scrollable: false; [ACTION_SELECT, ACTION_CLEAR_SELECTION, ACTION_ACCESSIBILITY_FOCUS, ACTION_NEXT_AT_MOVEMENT_GRANULARITY, ACTION_PREVIOUS_AT_MOVEMENT_GRANULARITY, ACTION_SET_SELECTION]]
11-14 19:42:45.679  3222  3222 D UiObject: getText() = Battery
11-14 19:42:45.719  3222  3222 I QueryController: Matched selector: UiSelector[CONTAINER=UiSelector[SCROLLABLE=true], PATTERN=UiSelector[INSTANCE=8, PATTERN=UiSelector[CLASS=android.widget.TextView]]] <<==>> [android.view.accessibility.AccessibilityNodeInfo@f03fd; boundsInParent: Rect(0, 0 - 126, 73); boundsInScreen: Rect(174, 1304 - 300, 1377); packageName: com.android.settings; className: android.widget.TextView; text: Apps; contentDescription: null; viewIdResName: android:id/title; checkable: false; checked: false; focusable: false; focused: false; selected: false; clickable: false; longClickable: false; enabled: true; password: false; scrollable: false; [ACTION_SELECT, ACTION_CLEAR_SELECTION, ACTION_ACCESSIBILITY_FOCUS, ACTION_NEXT_AT_MOVEMENT_GRANULARITY, ACTION_PREVIOUS_AT_MOVEMENT_GRANULARITY, ACTION_SET_SELECTION]]
11-14 19:42:45.719  3222  3222 D UiObject: getText() = Apps
11-14 19:42:45.739  3222  3222 I QueryController: Matched selector: UiSelector[CONTAINER=UiSelector[SCROLLABLE=true], PATTERN=UiSelector[INSTANCE=8, PATTERN=UiSelector[CLASS=android.widget.TextView]]] <<==>> [android.view.accessibility.AccessibilityNodeInfo@f03fd; boundsInParent: Rect(0, 0 - 126, 73); boundsInScreen: Rect(174, 1304 - 300, 1377); packageName: com.android.settings; className: android.widget.TextView; text: Apps; contentDescription: null; viewIdResName: android:id/title; checkable: false; checked: false; focusable: false; focused: false; selected: false; clickable: false; longClickable: false; enabled: true; password: false; scrollable: false; [ACTION_SELECT, ACTION_CLEAR_SELECTION, ACTION_ACCESSIBILITY_FOCUS, ACTION_NEXT_AT_MOVEMENT_GRANULARITY, ACTION_PREVIOUS_AT_MOVEMENT_GRANULARITY, ACTION_SET_SELECTION]]
11-14 19:42:45.739  3222  3222 D InteractionController: clickAndWaitForNewWindow(237, 1340)
11-14 19:42:45.929  2374  2374 I Timeline: Timeline: Activity_launch_request id:com.android.settings time:165483
11-14 19:42:45.949   181   908 D AudioPolicyManagerBase: getOutput() device 2, stream 1, samplingRate 0, format 0, channelMask 3, flags 0
11-14 19:42:45.949   181   908 D AudioPolicyManagerBase: getOutput() returns output 2
11-14 19:42:45.949   181   909 D AudioPolicyManagerBase: getOutput() device 2, stream 1, samplingRate 0, format 0, channelMask 3, flags 0
11-14 19:42:45.949   181   909 D AudioPolicyManagerBase: getOutput() returns output 2
11-14 19:42:45.949   181   181 D AudioPolicyManagerBase: getOutput() device 2, stream 1, samplingRate 48000, format 1, channelMask 3, flags 4
11-14 19:42:45.949   181   181 D AudioPolicyManagerBase: getOutput() returns output 3
11-14 19:42:45.959   181   908 D AudioFlinger: start(4097), calling pid 631 session 24
11-14 19:42:45.959   181   908 D AudioFlinger: ? => ACTIVE (4097) on thread 0xb706e6d8
11-14 19:42:45.959   181   908 I QCOM PowerHAL: Processing audio hint. Metadata: state=1
11-14 19:42:45.959   181   908 D AudioPolicyManagerBase: startOutput() output 3, stream 1, session 24
11-14 19:42:45.969   181   871 V audio_hw_primary: start_output_stream: enter: usecase(1: low-latency-playback) devices(0x2)
11-14 19:42:45.969   181   871 V msm8974_platform: platform_get_output_snd_device: enter: output devices(0x2)
11-14 19:42:45.969   181   871 V msm8974_platform: platform_get_output_snd_device: exit: snd_device(speaker)
11-14 19:42:45.969   181   871 D audio_hw_primary: select_devices: out_snd_device(2: speaker) in_snd_device(0: )
11-14 19:42:45.969   181   871 W msm8974_platform: Property audio.offload.24bit.enable is set
11-14 19:42:45.969   181   871 V msm8974_platform: platform_check_and_set_codec_backend_cfg usecase = 1
11-14 19:42:45.969   181   871 W msm8974_platform: Codec backend bitwidth 16, samplerate 48000
11-14 19:42:45.969   181   871 V msm8974_platform: Playback running bw 16 sr 48000 standby 0
11-14 19:42:45.969   181   871 V audio_hw_primary: enable_snd_device: snd_device(2: speaker)
11-14 19:42:45.969   181   871 V audio_hw_primary: enable_audio_route: enter: usecase(1)
11-14 19:42:45.969   181   871 V audio_hw_primary: enable_audio_route: apply mixer path: low-latency-playback
11-14 19:42:45.969   181   871 V audio_hw_primary: enable_audio_route: exit
11-14 19:42:45.969   181   871 V audio_hw_primary: start_output_stream: Opening PCM device card_id(0) device_id(15)
11-14 19:42:45.969   181   871 V audio_hw_primary: start_output_stream: exit
11-14 19:42:45.999  2374  2374 D SubSettings: Launching fragment com.android.settings.applications.ManageApplications
11-14 19:42:46.109   631   841 I ActivityManager: Displayed com.android.settings/.SubSettings: +153ms
11-14 19:42:46.139   181   869 I QCOM PowerHAL: Processing audio hint. Metadata: state=0
11-14 19:42:46.159  2374  2374 I Timeline: Timeline: Activity_idle id: android.os.BinderProxy@42102368 time:165713
11-14 19:42:46.439   631   841 I Timeline: Timeline: Activity_windows_visible id: ActivityRecord{41e41be0 u0 com.android.settings/.SubSettings t10} time:165997
11-14 19:42:46.709  2374  2374 D BluetoothAdapter: 1108294736: getState() :  mService = null. Returning STATE_OFF
11-14 19:42:46.849  2374  2374 I Timeline: Timeline: Activity_idle id: android.os.BinderProxy@42d6c440 time:166403
11-14 19:42:47.159   631   841 I Timeline: Timeline: Activity_windows_visible id: ActivityRecord{41d94ff8 u0 com.android.settings/.Settings t10} time:166716
11-14 19:42:48.849  2374  2374 I Choreographer: Skipped 100 frames!  The application may be doing too much work on its main thread.
11-14 19:42:48.989  1089  1089 I Timeline: Timeline: Activity_idle id: android.os.BinderProxy@41d08078 time:168543
11-14 19:42:49.109   181   874 V audio_hw_primary: out_standby: enter: usecase(1: low-latency-playback)
11-14 19:42:49.159   181   874 V audio_hw_primary: stop_output_stream: enter: usecase(1: low-latency-playback)
11-14 19:42:49.159   181   874 V audio_hw_primary: disable_audio_route: enter: usecase(1)
11-14 19:42:49.159   181   874 V audio_hw_primary: disable_audio_route: reset mixer path: low-latency-playback
11-14 19:42:49.159   181   874 V audio_hw_primary: disable_audio_route: exit
11-14 19:42:49.159   181   874 V audio_hw_primary: disable_snd_device: snd_device(2: speaker) refcnt=0
11-14 19:42:49.159   181   874 V audio_hw_primary: stop_output_stream: exit: status(0)
11-14 19:42:49.159   181   874 V audio_hw_primary: out_standby: exit
11-14 19:42:49.409   631   841 I Timeline: Timeline: Activity_windows_visible id: ActivityRecord{41feac30 u0 com.cyanogenmod.trebuchet/org.cyanogenmod.trebuchet.CustomHomeLauncher t1} time:168964
11-14 19:42:49.909  3222  3222 W InteractionController: runAndwaitForEvent timedout waiting for events
11-14 19:42:49.969  3222  3222 I QueryController: Matched selector: UiSelector[TEXT=Settings] <<==>> [android.view.accessibility.AccessibilityNodeInfo@1e423; boundsInParent: Rect(524167, 0 - 524428, 320); boundsInScreen: Rect(801, 1071 - 1062, 1391); packageName: com.cyanogenmod.trebuchet; className: android.widget.TextView; text: Settings; contentDescription: null; viewIdResName: null; checkable: false; checked: false; focusable: true; focused: false; selected: false; clickable: true; longClickable: true; enabled: true; password: false; scrollable: false; [ACTION_FOCUS, ACTION_SELECT, ACTION_CLEAR_SELECTION, ACTION_CLICK, ACTION_LONG_CLICK, ACTION_ACCESSIBILITY_FOCUS, ACTION_NEXT_AT_MOVEMENT_GRANULARITY, ACTION_PREVIOUS_AT_MOVEMENT_GRANULARITY, ACTION_SET_SELECTION]]
11-14 19:42:49.989  3222  3222 I QueryController: Matched selector: UiSelector[TEXT=Settings] <<==>> [android.view.accessibility.AccessibilityNodeInfo@1e423; boundsInParent: Rect(524167, 0 - 524428, 320); boundsInScreen: Rect(801, 1071 - 1062, 1391); packageName: com.cyanogenmod.trebuchet; className: android.widget.TextView; text: Settings; contentDescription: null; viewIdResName: null; checkable: false; checked: false; focusable: true; focused: false; selected: false; clickable: true; longClickable: true; enabled: true; password: false; scrollable: false; [ACTION_FOCUS, ACTION_SELECT, ACTION_CLEAR_SELECTION, ACTION_CLICK, ACTION_LONG_CLICK, ACTION_ACCESSIBILITY_FOCUS, ACTION_NEXT_AT_MOVEMENT_GRANULARITY, ACTION_PREVIOUS_AT_MOVEMENT_GRANULARITY, ACTION_SET_SELECTION]]
11-14 19:42:49.989  3222  3222 D InteractionController: clickAndWaitForNewWindow(931, 1231)
11-14 19:42:50.129   181   181 D AudioPolicyManagerBase: getOutput() device 2, stream 1, samplingRate 0, format 0, channelMask 3, flags 0
11-14 19:42:50.129  1089  1089 I Timeline: Timeline: Activity_launch_request id:com.android.settings time:169684
11-14 19:42:50.129   181   181 D AudioPolicyManagerBase: getOutput() returns output 2
11-14 19:42:50.129   181   875 D AudioPolicyManagerBase: getOutput() device 2, stream 1, samplingRate 0, format 0, channelMask 3, flags 0
11-14 19:42:50.129   181   875 D AudioPolicyManagerBase: getOutput() returns output 2
11-14 19:42:50.129   181   908 D AudioPolicyManagerBase: getOutput() device 2, stream 1, samplingRate 48000, format 1, channelMask 3, flags 4
11-14 19:42:50.129   181   908 D AudioPolicyManagerBase: getOutput() returns output 3
11-14 19:42:50.139   181   181 D AudioFlinger: start(4098), calling pid 631 session 25
11-14 19:42:50.139   181   181 D AudioFlinger: ? => ACTIVE (4098) on thread 0xb706ea30
11-14 19:42:50.139   181   181 I QCOM PowerHAL: Processing audio hint. Metadata: state=1
11-14 19:42:50.139   181   181 D AudioPolicyManagerBase: startOutput() output 3, stream 1, session 25
11-14 19:42:50.149   181   871 V audio_hw_primary: start_output_stream: enter: usecase(1: low-latency-playback) devices(0x2)
11-14 19:42:50.149   181   871 V msm8974_platform: platform_get_output_snd_device: enter: output devices(0x2)
11-14 19:42:50.149   181   871 V msm8974_platform: platform_get_output_snd_device: exit: snd_device(speaker)
11-14 19:42:50.149   181   871 D audio_hw_primary: select_devices: out_snd_device(2: speaker) in_snd_device(0: )
11-14 19:42:50.149   181   871 W msm8974_platform: Property audio.offload.24bit.enable is set
11-14 19:42:50.149   181   871 V msm8974_platform: platform_check_and_set_codec_backend_cfg usecase = 1
11-14 19:42:50.149   181   871 W msm8974_platform: Codec backend bitwidth 16, samplerate 48000
11-14 19:42:50.149   181   871 V msm8974_platform: Playback running bw 16 sr 48000 standby 0
11-14 19:42:50.149   181   871 V audio_hw_primary: enable_snd_device: snd_device(2: speaker)
11-14 19:42:50.149   181   871 V audio_hw_primary: enable_audio_route: enter: usecase(1)
11-14 19:42:50.149   181   871 V audio_hw_primary: enable_audio_route: apply mixer path: low-latency-playback
11-14 19:42:50.149   181   871 V audio_hw_primary: enable_audio_route: exit
11-14 19:42:50.149   181   871 V audio_hw_primary: start_output_stream: Opening PCM device card_id(0) device_id(15)
11-14 19:42:50.149   181   871 V audio_hw_primary: start_output_stream: exit
11-14 19:42:50.329   181   869 I QCOM PowerHAL: Processing audio hint. Metadata: state=0
11-14 19:42:50.739  2374  2374 D BluetoothAdapter: 1108294736: getState() :  mService = null. Returning STATE_OFF
11-14 19:42:50.769  2374  2374 D BluetoothAdapter: 1108294736: getState() :  mService = null. Returning STATE_OFF
11-14 19:42:50.859  2374  2374 D BluetoothAdapter: 1108294736: getState() :  mService = null. Returning STATE_OFF
11-14 19:42:50.899  2374  2374 I Timeline: Timeline: Activity_idle id: android.os.BinderProxy@42d90290 time:170454
11-14 19:42:50.909   631   841 I ActivityManager: Displayed com.android.settings/.Settings: +709ms
11-14 19:42:50.909   631   841 I Timeline: Timeline: Activity_windows_visible id: ActivityRecord{41d636f0 u0 com.android.settings/.Settings t11} time:170464
11-14 19:42:51.569  3222  3240 E AccessibilityNodeInfoCache: Disconneced node: android.view.accessibility.AccessibilityNodeInfo@112bd3; boundsInParent: Rect(0, 0 - 161, 73); boundsInScreen: Rect(174, 936 - 335, 1009); packageName: com.android.settings; className: android.widget.TextView; text: More; contentDescription: null; viewIdResName: android:id/title; checkable: false; checked: false; focusable: false; focused: false; selected: false; clickable: false; longClickable: false; enabled: true; password: false; scrollable: false; [ACTION_SELECT, ACTION_CLEAR_SELECTION, ACTION_ACCESSIBILITY_FOCUS, ACTION_NEXT_AT_MOVEMENT_GRANULARITY, ACTION_PREVIOUS_AT_MOVEMENT_GRANULARITY, ACTION_SET_SELECTION]
11-14 19:42:51.569  3222  3240 E AccessibilityNodeInfoCache: Disconneced node: android.view.accessibility.AccessibilityNodeInfo@113355; boundsInParent: Rect(0, 0 - 294, 73); boundsInScreen: Rect(174, 1180 - 468, 1253); packageName: com.android.settings; className: android.widget.TextView; text: Lock screen; contentDescription: null; viewIdResName: android:id/title; checkable: false; checked: false; focusable: false; focused: false; selected: false; clickable: false; longClickable: false; enabled: true; password: false; scrollable: false; [ACTION_SELECT, ACTION_CLEAR_SELECTION, ACTION_ACCESSIBILITY_FOCUS, ACTION_NEXT_AT_MOVEMENT_GRANULARITY, ACTION_PREVIOUS_AT_MOVEMENT_GRANULARITY, ACTION_SET_SELECTION]
11-14 19:42:51.569  3222  3240 E AccessibilityNodeInfoCache: Disconneced node: android.view.accessibility.AccessibilityNodeInfo@113ad7; boundsInParent: Rect(0, 0 - 249, 73); boundsInScreen: Rect(174, 1472 - 423, 1545); packageName: com.android.settings; className: android.widget.TextView; text: Status bar; contentDescription: null; viewIdResName: android:id/title; checkable: false; checked: false; focusable: false; focused: false; selected: false; clickable: false; longClickable: false; enabled: true; password: false; scrollable: false; [ACTION_SELECT, ACTION_CLEAR_SELECTION, ACTION_ACCESSIBILITY_FOCUS, ACTION_NEXT_AT_MOVEMENT_GRANULARITY, ACTION_PREVIOUS_AT_MOVEMENT_GRANULARITY, ACTION_SET_SELECTION]
11-14 19:42:51.579  3222  3240 E AccessibilityNodeInfoCache: Disconneced node: android.view.accessibility.AccessibilityNodeInfo@11912e; boundsInParent: Rect(0, 0 - 84, 96); boundsInScreen: Rect(66, 487 - 150, 583); packageName: com.android.settings; className: android.widget.FrameLayout; text: null; contentDescription: null; viewIdResName: null; checkable: false; checked: false; focusable: false; focused: false; selected: false; clickable: false; longClickable: false; enabled: true; password: false; scrollable: false; [ACTION_SELECT, ACTION_CLEAR_SELECTION, ACTION_ACCESSIBILITY_FOCUS]
11-14 19:42:51.579  3222  3240 E AccessibilityNodeInfoCache: Disconneced node: android.view.accessibility.AccessibilityNodeInfo@1194ef; boundsInParent: Rect(0, 0 - 452, 73); boundsInScreen: Rect(174, 498 - 626, 571); packageName: com.android.settings; className: android.widget.RelativeLayout; text: null; contentDescription: null; viewIdResName: null; checkable: false; checked: false; focusable: false; focused: false; selected: false; clickable: false; longClickable: false; enabled: true; password: false; scrollable: false; [ACTION_SELECT, ACTION_CLEAR_SELECTION, ACTION_ACCESSIBILITY_FOCUS]
11-14 19:42:51.579  3222  3240 E AccessibilityNodeInfoCache: Disconneced node: android.view.accessibility.AccessibilityNodeInfo@1198b0; boundsInParent: Rect(0, 0 - 358, 113); boundsInScreen: Rect(644, 478 - 1002, 591); packageName: com.android.settings; className: android.widget.Switch; text: OFF; contentDescription: null; viewIdResName: com.android.settings:id/switchWidget; checkable: true; checked: false; focusable: false; focused: false; selected: false; clickable: true; longClickable: false; enabled: true; password: false; scrollable: false; [ACTION_SELECT, ACTION_CLEAR_SELECTION, ACTION_CLICK, ACTION_ACCESSIBILITY_FOCUS]
11-14 19:42:51.579  3222  3240 E AccessibilityNodeInfoCache: Disconneced node: android.view.accessibility.AccessibilityNodeInfo@119c71; boundsInParent: Rect(0, 0 - 84, 96); boundsInScreen: Rect(66, 633 - 150, 729); packageName: com.android.settings; className: android.widget.FrameLayout; text: null; contentDescription: null; viewIdResName: null; checkable: false; checked: false; focusable: false; focused: false; selected: false; clickable: false; longClickable: false; enabled: true; password: false; scrollable: false; [ACTION_SELECT, ACTION_CLEAR_SELECTION, ACTION_ACCESSIBILITY_FOCUS]
11-14 19:42:51.579  3222  3240 E AccessibilityNodeInfoCache: Disconneced node: android.view.accessibility.AccessibilityNodeInfo@11a032; boundsInParent: Rect(0, 0 - 452, 73); boundsInScreen: Rect(174, 644 - 626, 717); packageName: com.android.settings; className: android.widget.RelativeLayout; text: null; contentDescription: null; viewIdResName: null; checkable: false; checked: false; focusable: false; focused: false; selected: false; clickable: false; longClickable: false; enabled: true; password: false; scrollable: false; [ACTION_SELECT, ACTION_CLEAR_SELECTION, ACTION_ACCESSIBILITY_FOCUS]
11-14 19:42:51.579  3222  3240 E AccessibilityNodeInfoCache: Disconneced node: android.view.accessibility.AccessibilityNodeInfo@11a3f3; boundsInParent: Rect(0, 0 - 358, 113); boundsInScreen: Rect(644, 624 - 1002, 737); packageName: com.android.settings; className: android.widget.Switch; text: ON; contentDescription: null; viewIdResName: com.android.settings:id/switchWidget; checkable: true; checked: true; focusable: false; focused: false; selected: false; clickable: true; longClickable: false; enabled: true; password: false; scrollable: false; [ACTION_SELECT, ACTION_CLEAR_SELECTION, ACTION_CLICK, ACTION_ACCESSIBILITY_FOCUS]
11-14 19:42:51.579  3222  3240 E AccessibilityNodeInfoCache: Disconneced node: android.view.accessibility.AccessibilityNodeInfo@11af36; boundsInParent: Rect(0, 0 - 84, 96); boundsInScreen: Rect(66, 925 - 150, 1021); packageName: com.android.settings; className: android.widget.FrameLayout; text: null; contentDescription: null; viewIdResName: null; checkable: false; checked: false; focusable: false; focused: false; selected: false; clickable: false; longClickable: false; enabled: true; password: false; scrollable: false; [ACTION_SELECT, ACTION_CLEAR_SELECTION, ACTION_ACCESSIBILITY_FOCUS]
11-14 19:42:51.579  3222  3240 E AccessibilityNodeInfoCache: Disconneced node: android.view.accessibility.AccessibilityNodeInfo@11b2f7; boundsInParent: Rect(0, 0 - 810, 73); boundsInScreen: Rect(174, 936 - 984, 1009); packageName: com.android.settings; className: android.widget.RelativeLayout; text: null; contentDescription: null; viewIdResName: null; checkable: false; checked: false; focusable: false; focused: false; selected: false; clickable: false; longClickable: false; enabled: true; password: false; scrollable: false; [ACTION_SELECT, ACTION_CLEAR_SELECTION, ACTION_ACCESSIBILITY_FOCUS]
11-14 19:42:51.579  3222  3240 E AccessibilityNodeInfoCache: Disconneced node: android.view.accessibility.AccessibilityNodeInfo@11b6b8; boundsInParent: Rect(0, 0 - 84, 96); boundsInScreen: Rect(66, 1169 - 150, 1265); packageName: com.android.settings; className: android.widget.FrameLayout; text: null; contentDescription: null; viewIdResName: null; checkable: false; checked: false; focusable: false; focused: false; selected: false; clickable: false; longClickable: false; enabled: true; password: false; scrollable: false; [ACTION_SELECT, ACTION_CLEAR_SELECTION, ACTION_ACCESSIBILITY_FOCUS]
11-14 19:42:51.579  3222  3240 E AccessibilityNodeInfoCache: Disconneced node: android.view.accessibility.AccessibilityNodeInfo@11ba79; boundsInParent: Rect(0, 0 - 810, 73); boundsInScreen: Rect(174, 1180 - 984, 1253); packageName: com.android.settings; className: android.widget.RelativeLayout; text: null; contentDescription: null; viewIdResName: null; checkable: false; checked: false; focusable: false; focused: false; selected: false; clickable: false; longClickable: false; enabled: true; password: false; scrollable: false; [ACTION_SELECT, ACTION_CLEAR_SELECTION, ACTION_ACCESSIBILITY_FOCUS]
11-14 19:42:51.579  3222  3240 E AccessibilityNodeInfoCache: Disconneced node: android.view.accessibility.AccessibilityNodeInfo@11c5bc; boundsInParent: Rect(0, 0 - 84, 96); boundsInScreen: Rect(66, 1461 - 150, 1557); packageName: com.android.settings; className: android.widget.FrameLayout; text: null; contentDescription: null; viewIdResName: null; checkable: false; checked: false; focusable: false; focused: false; selected: false; clickable: false; longClickable: false; enabled: true; password: false; scrollable: false; [ACTION_SELECT, ACTION_CLEAR_SELECTION, ACTION_ACCESSIBILITY_FOCUS]
