11-14 19:42:51.639  3222  3240 E AccessibilityNodeInfoCache: Disconneced node: android.view.accessibility.AccessibilityNodeInfo@1198b0; boundsInParent: Rect(0, 0 - 358, 113); boundsInScreen: Rect(644, 478 - 1002, 591); packageName: com.android.settings; className: android.widget.Switch; text: OFF; contentDescription: null; viewIdResName: com.android.settings:id/switchWidget; checkable: true; checked: false; focusable: false; focused: false; selected: false; clickable: true; longClickable: false; enabled: true; password: false; scrollable: false; [ACTION_SELECT, ACTION_CLEAR_SELECTION, ACTION_CLICK, ACTION_ACCESSIBILITY_FOCUS]
11-14 19:42:51.639  3222  3240 E AccessibilityNodeInfoCache: Disconneced node: android.view.accessibility.AccessibilityNodeInfo@119c71; boundsInParent: Rect(0, 0 - 84, 96); boundsInScreen: Rect(66, 633 - 150, 729); packageName: com.android.settings; className: android.widget.FrameLayout; text: null; contentDescription: null; viewIdResName: null; checkable: false; checked: false; focusable: false; focused: false; selected: false; clickable: false; longClickable: false; enabled: true; password: false; scrollable: false; [ACTION_SELECT, ACTION_CLEAR_SELECTION, ACTION_ACCESSIBILITY_FOCUS]
11-14 19:42:51.639  3222  3240 E AccessibilityNodeInfoCache: Disconneced node: android.view.accessibility.AccessibilityNodeInfo@11a032; boundsInParent: Rect(0, 0 - 452, 73); boundsInScreen: Rect(174, 644 - 626, 717); packageName: com.android.settings; className: android.widget.RelativeLayout; text: null; contentDescription: null; viewIdResName: null; checkable: false; checked: false; focusable: false; focused: false; selected: false; clickable: false; longClickable: false; enabled: true; password: false; scrollable: false; [ACTION_SELECT, ACTION_CLEAR_SELECTION, ACTION_ACCESSIBILITY_FOCUS]
11-14 19:42:51.649  3222  3240 E AccessibilityNodeInfoCache: Disconneced node: android.view.accessibility.AccessibilityNodeInfo@11a3f3; boundsInParent: Rect(0, 0 - 358, 113); boundsInScreen: Rect(644, 624 - 1002, 737); packageName: com.android.settings; className: android.widget.Switch; text: ON; contentDescription: null; viewIdResName: com.android.settings:id/switchWidget; checkable: true; checked: true; focusable: false; focused: false; selected: false; clickable: true; longClickable: false; enabled: true; password: false; scrollable: false; [ACTION_SELECT, ACTION_CLEAR_SELECTION, ACTION_CLICK, ACTION_ACCESSIBILITY_FOCUS]
11-14 19:42:51.649  3222  3240 E AccessibilityNodeInfoCache: Disconneced node: android.view.accessibility.AccessibilityNodeInfo@11af36; boundsInParent: Rect(0, 0 - 84, 96); boundsInScreen: Rect(66, 925 - 150, 1021); packageName: com.android.settings; className: android.widget.FrameLayout; text: null; contentDescription: null; viewIdResName: null; checkable: false; checked: false; focusable: false; focused: false; selected: false; clickable: false; longClickable: false; enabled: true; password: false; scrollable: false; [ACTION_SELECT, ACTION_CLEAR_SELECTION, ACTION_ACCESSIBILITY_FOCUS]
11-14 19:42:51.649  3222  3240 E AccessibilityNodeInfoCache: Disconneced node: android.view.accessibility.AccessibilityNodeInfo@11b2f7; boundsInParent: Rect(0, 0 - 810, 73); boundsInScreen: Rect(174, 936 - 984, 1009); packageName: com.android.settings; className: android.widget.RelativeLayout; text: null; contentDescription: null; viewIdResName: null; checkable: false; checked: false; focusable: false; focused: false; selected: false; clickable: false; longClickable: false; enabled: true; password: false; scrollable: false; [ACTION_SELECT, ACTION_CLEAR_SELECTION, ACTION_ACCESSIBILITY_FOCUS]
11-14 19:42:51.649  3222  3240 E AccessibilityNodeInfoCache: Disconneced node: android.view.accessibility.AccessibilityNodeInfo@11b6b8; boundsInParent: Rect(0, 0 - 84, 96); boundsInScreen: Rect(66, 1169 - 150, 1265); packageName: com.android.settings; className: android.widget.FrameLayout; text: null; contentDescription: null; viewIdResName: null; checkable: false; checked: false; focusable: false; focused: false; selected: false; clickable: false; longClickable: false; enabled: true; password: false; scrollable: false; [ACTION_SELECT, ACTION_CLEAR_SELECTION, ACTION_ACCESSIBILITY_FOCUS]
11-14 19:42:51.649  3222  3240 E AccessibilityNodeInfoCache: Disconneced node: android.view.accessibility.AccessibilityNodeInfo@11ba79; boundsInParent: Rect(0, 0 - 810, 73); boundsInScreen: Rect(174, 1180 - 984, 1253); packageName: com.android.settings; className: android.widget.RelativeLayout; text: null; contentDescription: null; viewIdResName: null; checkable: false; checked: false; focusable: false; focused: false; selected: false; clickable: false; longClickable: false; enabled: true; password: false; scrollable: false; [ACTION_SELECT, ACTION_CLEAR_SELECTION, ACTION_ACCESSIBILITY_FOCUS]
11-14 19:42:51.649  3222  3240 E AccessibilityNodeInfoCache: Disconneced node: android.view.accessibility.AccessibilityNodeInfo@11c5bc; boundsInParent: Rect(0, 0 - 84, 96); boundsInScreen: Rect(66, 1461 - 150, 1557); packageName: com.android.settings; className: android.widget.FrameLayout; text: null; contentDescription: null; viewIdResName: null; checkable: false; checked: false; focusable: false; focused: false; selected: false; clickable: false; longClickable: false; enabled: true; password: false; scrollable: false; [ACTION_SELECT, ACTION_CLEAR_SELECTION, ACTION_ACCESSIBILITY_FOCUS]
11-14 19:42:51.649  3222  3240 E AccessibilityNodeInfoCache: Disconneced node: android.view.accessibility.AccessibilityNodeInfo@11c97d; boundsInParent: Rect(0, 0 - 810, 73); boundsInScreen: Rect(174, 1472 - 984, 1545); packageName: com.android.settings; className: android.widget.RelativeLayout; text: null; contentDescription: null; viewIdResName: null; checkable: false; checked: false; focusable: false; focused: false; selected: false; clickable: false; longClickable: false; enabled: true; password: false; scrollable: false; [ACTION_SELECT, ACTION_CLEAR_SELECTION, ACTION_ACCESSIBILITY_FOCUS]
11-14 19:42:51.649  3222  3240 E AccessibilityNodeInfoCache: Disconneced node: android.view.accessibility.AccessibilityNodeInfo@11d881; boundsInParent: Rect(0, 0 - 84, 96); boundsInScreen: Rect(66, 341 - 150, 437); packageName: com.android.settings; className: android.widget.ImageView; text: null; contentDescription: null; viewIdResName: com.android.settings:id/icon; checkable: false; checked: false; focusable: false; focused: false; selected: false; clickable: false; longClickable: false; enabled: true; password: false; scrollable: false; [ACTION_SELECT, ACTION_CLEAR_SELECTION, ACTION_ACCESSIBILITY_FOCUS]
11-14 19:42:51.649  3222  3240 E AccessibilityNodeInfoCache: Disconneced node: android.view.accessibility.AccessibilityNodeInfo@11dc42; boundsInParent: Rect(0, 0 - 122, 73); boundsInScreen: Rect(174, 352 - 296, 425); packageName: com.android.settings; className: android.widget.TextView; text: WiFi; contentDescription: null; viewIdResName: android:id/title; checkable: false; checked: false; focusable: false; focused: false; selected: false; clickable: false; longClickable: false; enabled: true; password: false; scrollable: false; [ACTION_SELECT, ACTION_CLEAR_SELECTION, ACTION_ACCESSIBILITY_FOCUS, ACTION_NEXT_AT_MOVEMENT_GRANULARITY, ACTION_PREVIOUS_AT_MOVEMENT_GRANULARITY, ACTION_SET_SELECTION]
11-14 19:42:51.649  3222  3240 E AccessibilityNodeInfoCache: Disconneced node: android.view.accessibility.AccessibilityNodeInfo@11e003; boundsInParent: Rect(0, 0 - 84, 96); boundsInScreen: Rect(66, 1169 - 150, 1265); packageName: com.android.settings; className: android.widget.ImageView; text: null; contentDescription: null; viewIdResName: com.android.settings:id/icon; checkable: false; checked: false; focusable: false; focused: false; selected: false; clickable: false; longClickable: false; enabled: true; password: false; scrollable: false; [ACTION_SELECT, ACTION_CLEAR_SELECTION, ACTION_ACCESSIBILITY_FOCUS]
11-14 19:42:51.649  3222  3240 E AccessibilityNodeInfoCache: Disconneced node: android.view.accessibility.AccessibilityNodeInfo@11e3c4; boundsInParent: Rect(0, 0 - 84, 96); boundsInScreen: Rect(66, 925 - 150, 1021); packageName: com.android.settings; className: android.widget.ImageView; text: null; contentDescription: null; viewIdResName: com.android.settings:id/icon; checkable: false; checked: false; focusable: false; focused: false; selected: false; clickable: false; longClickable: false; enabled: true; password: false; scrollable: false; [ACTION_SELECT, ACTION_CLEAR_SELECTION, ACTION_ACCESSIBILITY_FOCUS]
11-14 19:42:51.649  3222  3240 E AccessibilityNodeInfoCache: Disconneced node: android.view.accessibility.AccessibilityNodeInfo@11e785; boundsInParent: Rect(0, 0 - 84, 96); boundsInScreen: Rect(66, 1461 - 150, 1557); packageName: com.android.settings; className: android.widget.ImageView; text: null; contentDescription: null; viewIdResName: com.android.settings:id/icon; checkable: false; checked: false; focusable: false; focused: false; selected: false; clickable: false; longClickable: false; enabled: true; password: false; scrollable: false; [ACTION_SELECT, ACTION_CLEAR_SELECTION, ACTION_ACCESSIBILITY_FOCUS]
11-14 19:42:51.649  3222  3240 E AccessibilityNodeInfoCache: Disconneced node: android.view.accessibility.AccessibilityNodeInfo@11eb46; boundsInParent: Rect(0, 0 - 84, 96); boundsInScreen: Rect(66, 487 - 150, 583); packageName: com.android.settings; className: android.widget.ImageView; text: null; contentDescription: null; viewIdResName: com.android.settings:id/icon; checkable: false; checked: false; focusable: false; focused: false; selected: false; clickable: false; longClickable: false; enabled: true; password: false; scrollable: false; [ACTION_SELECT, ACTION_CLEAR_SELECTION, ACTION_ACCESSIBILITY_FOCUS]
11-14 19:42:51.649  3222  3240 E AccessibilityNodeInfoCache: Disconneced node: android.view.accessibility.AccessibilityNodeInfo@11ef07; boundsInParent: Rect(0, 0 - 233, 73); boundsInScreen: Rect(174, 498 - 407, 571); packageName: com.android.settings; className: android.widget.TextView; text: Bluetooth; contentDescription: null; viewIdResName: android:id/title; checkable: false; checked: false; focusable: false; focused: false; selected: false; clickable: false; longClickable: false; enabled: true; password: false; scrollable: false; [ACTION_SELECT, ACTION_CLEAR_SELECTION, ACTION_ACCESSIBILITY_FOCUS, ACTION_NEXT_AT_MOVEMENT_GRANULARITY, ACTION_PREVIOUS_AT_MOVEMENT_GRANULARITY, ACTION_SET_SELECTION]
11-14 19:42:51.659  3222  3240 E AccessibilityNodeInfoCache: Disconneced node: android.view.accessibility.AccessibilityNodeInfo@112bd3; boundsInParent: Rect(0, 0 - 161, 73); boundsInScreen: Rect(174, 936 - 335, 1009); packageName: com.android.settings; className: android.widget.TextView; text: More; contentDescription: null; viewIdResName: android:id/title; checkable: false; checked: false; focusable: false; focused: false; selected: false; clickable: false; longClickable: false; enabled: true; password: false; scrollable: false; [ACTION_SELECT, ACTION_CLEAR_SELECTION, ACTION_ACCESSIBILITY_FOCUS, ACTION_NEXT_AT_MOVEMENT_GRANULARITY, ACTION_PREVIOUS_AT_MOVEMENT_GRANULARITY, ACTION_SET_SELECTION]
11-14 19:42:51.659  3222  3240 E AccessibilityNodeInfoCache: Disconneced node: android.view.accessibility.AccessibilityNodeInfo@113355; boundsInParent: Rect(0, 0 - 294, 73); boundsInScreen: Rect(174, 1180 - 468, 1253); packageName: com.android.settings; className: android.widget.TextView; text: Lock screen; contentDescription: null; viewIdResName: android:id/title; checkable: false; checked: false; focusable: false; focused: false; selected: false; clickable: false; longClickable: false; enabled: true; password: false; scrollable: false; [ACTION_SELECT, ACTION_CLEAR_SELECTION, ACTION_ACCESSIBILITY_FOCUS, ACTION_NEXT_AT_MOVEMENT_GRANULARITY, ACTION_PREVIOUS_AT_MOVEMENT_GRANULARITY, ACTION_SET_SELECTION]
11-14 19:42:51.659  3222  3240 E AccessibilityNodeInfoCache: Disconneced node: android.view.accessibility.AccessibilityNodeInfo@113ad7; boundsInParent: Rect(0, 0 - 249, 73); boundsInScreen: Rect(174, 1472 - 423, 1545); packageName: com.android.settings; className: android.widget.TextView; text: Status bar; contentDescription: null; viewIdResName: android:id/title; checkable: false; checked: false; focusable: false; focused: false; selected: false; clickable: false; longClickable: false; enabled: true; password: false; scrollable: false; [ACTION_SELECT, ACTION_CLEAR_SELECTION, ACTION_ACCESSIBILITY_FOCUS, ACTION_NEXT_AT_MOVEMENT_GRANULARITY, ACTION_PREVIOUS_AT_MOVEMENT_GRANULARITY, ACTION_SET_SELECTION]
11-14 19:42:51.659  3222  3240 E AccessibilityNodeInfoCache: Disconneced node: android.view.accessibility.AccessibilityNodeInfo@11912e; boundsInParent: Rect(0, 0 - 84, 96); boundsInScreen: Rect(66, 487 - 150, 583); packageName: com.android.settings; className: android.widget.FrameLayout; text: null; contentDescription: null; viewIdResName: null; checkable: false; checked: false; focusable: false; focused: false; selected: false; clickable: false; longClickable: false; enabled: true; password: false; scrollable: false; [ACTION_SELECT, ACTION_CLEAR_SELECTION, ACTION_ACCESSIBILITY_FOCUS]
11-14 19:42:51.659  3222  3240 E AccessibilityNodeInfoCache: Disconneced node: android.view.accessibility.AccessibilityNodeInfo@1194ef; boundsInParent: Rect(0, 0 - 452, 73); boundsInScreen: Rect(174, 498 - 626, 571); packageName: com.android.settings; className: android.widget.RelativeLayout; text: null; contentDescription: null; viewIdResName: null; checkable: false; checked: false; focusable: false; focused: false; selected: false; clickable: false; longClickable: false; enabled: true; password: false; scrollable: false; [ACTION_SELECT, ACTION_CLEAR_SELECTION, ACTION_ACCESSIBILITY_FOCUS]
11-14 19:42:51.659  3222  3240 E AccessibilityNodeInfoCache: Disconneced node: android.view.accessibility.AccessibilityNodeInfo@1198b0; boundsInParent: Rect(0, 0 - 358, 113); boundsInScreen: Rect(644, 478 - 1002, 591); packageName: com.android.settings; className: android.widget.Switch; text: OFF; contentDescription: null; viewIdResName: com.android.settings:id/switchWidget; checkable: true; checked: false; focusable: false; focused: false; selected: false; clickable: true; longClickable: false; enabled: true; password: false; scrollable: false; [ACTION_SELECT, ACTION_CLEAR_SELECTION, ACTION_CLICK, ACTION_ACCESSIBILITY_FOCUS]
11-14 19:42:51.659  3222  3240 E AccessibilityNodeInfoCache: Disconneced node: android.view.accessibility.AccessibilityNodeInfo@119c71; boundsInParent: Rect(0, 0 - 84, 96); boundsInScreen: Rect(66, 633 - 150, 729); packageName: com.android.settings; className: android.widget.FrameLayout; text: null; contentDescription: null; viewIdResName: null; checkable: false; checked: false; focusable: false; focused: false; selected: false; clickable: false; longClickable: false; enabled: true; password: false; scrollable: false; [ACTION_SELECT, ACTION_CLEAR_SELECTION, ACTION_ACCESSIBILITY_FOCUS]
11-14 19:42:51.659  3222  3240 E AccessibilityNodeInfoCache: Disconneced node: android.view.accessibility.AccessibilityNodeInfo@11a032; boundsInParent: Rect(0, 0 - 452, 73); boundsInScreen: Rect(174, 644 - 626, 717); packageName: com.android.settings; className: android.widget.RelativeLayout; text: null; contentDescription: null; viewIdResName: null; checkable: false; checked: false; focusable: false; focused: false; selected: false; clickable: false; longClickable: false; enabled: true; password: false; scrollable: false; [ACTION_SELECT, ACTION_CLEAR_SELECTION, ACTION_ACCESSIBILITY_FOCUS]
11-14 19:42:51.659  3222  3240 E AccessibilityNodeInfoCache: Disconneced node: android.view.accessibility.AccessibilityNodeInfo@11a3f3; boundsInParent: Rect(0, 0 - 358, 113); boundsInScreen: Rect(644, 624 - 1002, 737); packageName: com.android.settings; className: android.widget.Switch; text: ON; contentDescription: null; viewIdResName: com.android.settings:id/switchWidget; checkable: true; checked: true; focusable: false; focused: false; selected: false; clickable: true; longClickable: false; enabled: true; password: false; scrollable: false; [ACTION_SELECT, ACTION_CLEAR_SELECTION, ACTION_CLICK, ACTION_ACCESSIBILITY_FOCUS]
11-14 19:42:51.659  3222  3240 E AccessibilityNodeInfoCache: Disconneced node: android.view.accessibility.AccessibilityNodeInfo@11af36; boundsInParent: Rect(0, 0 - 84, 96); boundsInScreen: Rect(66, 925 - 150, 1021); packageName: com.android.settings; className: android.widget.FrameLayout; text: null; contentDescription: null; viewIdResName: null; checkable: false; checked: false; focusable: false; focused: false; selected: false; clickable: false; longClickable: false; enabled: true; password: false; scrollable: false; [ACTION_SELECT, ACTION_CLEAR_SELECTION, ACTION_ACCESSIBILITY_FOCUS]
11-14 19:42:51.659  3222  3240 E AccessibilityNodeInfoCache: Disconneced node: android.view.accessibility.AccessibilityNodeInfo@11b2f7; boundsInParent: Rect(0, 0 - 810, 73); boundsInScreen: Rect(174, 936 - 984, 1009); packageName: com.android.settings; className: android.widget.RelativeLayout; text: null; contentDescription: null; viewIdResName: null; checkable: false; checked: false; focusable: false; focused: false; selected: false; clickable: false; longClickable: false; enabled: true; password: false; scrollable: false; [ACTION_SELECT, ACTION_CLEAR_SELECTION, ACTION_ACCESSIBILITY_FOCUS]
11-14 19:42:51.659  3222  3240 E AccessibilityNodeInfoCache: Disconneced node: android.view.accessibility.AccessibilityNodeInfo@11b6b8; boundsInParent: Rect(0, 0 - 84, 96); boundsInScreen: Rect(66, 1169 - 150, 1265); packageName: com.android.settings; className: android.widget.FrameLayout; text: null; contentDescription: null; viewIdResName: null; checkable: false; checked: false; focusable: false; focused: false; selected: false; clickable: false; longClickable: false; enabled: true; password: false; scrollable: false; [ACTION_SELECT, ACTION_CLEAR_SELECTION, ACTION_ACCESSIBILITY_FOCUS]
11-14 19:42:51.659  3222  3240 E AccessibilityNodeInfoCache: Disconneced node: android.view.accessibility.AccessibilityNodeInfo@11ba79; boundsInParent: Rect(0, 0 - 810, 73); boundsInScreen: Rect(174, 1180 - 984, 1253); packageName: com.android.settings; className: android.widget.RelativeLayout; text: null; contentDescription: null; viewIdResName: null; checkable: false; checked: false; focusable: false; focused: false; selected: false; clickable: false; longClickable: false; enabled: true; password: false; scrollable: false; [ACTION_SELECT, ACTION_CLEAR_SELECTION, ACTION_ACCESSIBILITY_FOCUS]
11-14 19:42:51.659  3222  3240 E AccessibilityNodeInfoCache: Disconneced node: android.view.accessibility.AccessibilityNodeInfo@11c5bc; boundsInParent: Rect(0, 0 - 84, 96); boundsInScreen: Rect(66, 1461 - 150, 1557); packageName: com.android.settings; className: android.widget.FrameLayout; text: null; contentDescription: null; viewIdResName: null; checkable: false; checked: false; focusable: false; focused: false; selected: false; clickable: false; longClickable: false; enabled: true; password: false; scrollable: false; [ACTION_SELECT, ACTION_CLEAR_SELECTION, ACTION_ACCESSIBILITY_FOCUS]
11-14 19:42:51.659  3222  3240 E AccessibilityNodeInfoCache: Disconneced node: android.view.accessibility.AccessibilityNodeInfo@11c97d; boundsInParent: Rect(0, 0 - 810, 73); boundsInScreen: Rect(174, 1472 - 984, 1545); packageName: com.android.settings; className: android.widget.RelativeLayout; text: null; contentDescription: null; viewIdResName: null; checkable: false; checked: false; focusable: false; focused: false; selected: false; clickable: false; longClickable: false; enabled: true; password: false; scrollable: false; [ACTION_SELECT, ACTION_CLEAR_SELECTION, ACTION_ACCESSIBILITY_FOCUS]
11-14 19:42:51.659  3222  3240 E AccessibilityNodeInfoCache: Disconneced node: android.view.accessibility.AccessibilityNodeInfo@11d881; boundsInParent: Rect(0, 0 - 84, 96); boundsInScreen: Rect(66, 341 - 150, 437); packageName: com.android.settings; className: android.widget.ImageView; text: null; contentDescription: null; viewIdResName: com.android.settings:id/icon; checkable: false; checked: false; focusable: false; focused: false; selected: false; clickable: false; longClickable: false; enabled: true; password: false; scrollable: false; [ACTION_SELECT, ACTION_CLEAR_SELECTION, ACTION_ACCESSIBILITY_FOCUS]
11-14 19:42:51.659  3222  3240 E AccessibilityNodeInfoCache: Disconneced node: android.view.accessibility.AccessibilityNodeInfo@11dc42; boundsInParent: Rect(0, 0 - 122, 73); boundsInScreen: Rect(174, 352 - 296, 425); packageName: com.android.settings; className: android.widget.TextView; text: WiFi; contentDescription: null; viewIdResName: android:id/title; checkable: false; checked: false; focusable: false; focused: false; selected: false; clickable: false; longClickable: false; enabled: true; password: false; scrollable: false; [ACTION_SELECT, ACTION_CLEAR_SELECTION, ACTION_ACCESSIBILITY_FOCUS, ACTION_NEXT_AT_MOVEMENT_GRANULARITY, ACTION_PREVIOUS_AT_MOVEMENT_GRANULARITY, ACTION_SET_SELECTION]
11-14 19:42:51.659  3222  3240 E AccessibilityNodeInfoCache: Disconneced node: android.view.accessibility.AccessibilityNodeInfo@11e003; boundsInParent: Rect(0, 0 - 84, 96); boundsInScreen: Rect(66, 1169 - 150, 1265); packageName: com.android.settings; className: android.widget.ImageView; text: null; contentDescription: null; viewIdResName: com.android.settings:id/icon; checkable: false; checked: false; focusable: false; focused: false; selected: false; clickable: false; longClickable: false; enabled: true; password: false; scrollable: false; [ACTION_SELECT, ACTION_CLEAR_SELECTION, ACTION_ACCESSIBILITY_FOCUS]
11-14 19:42:51.659  3222  3240 E AccessibilityNodeInfoCache: Disconneced node: android.view.accessibility.AccessibilityNodeInfo@11e3c4; boundsInParent: Rect(0, 0 - 84, 96); boundsInScreen: Rect(66, 925 - 150, 1021); packageName: com.android.settings; className: android.widget.ImageView; text: null; contentDescription: null; viewIdResName: com.android.settings:id/icon; checkable: false; checked: false; focusable: false; focused: false; selected: false; clickable: false; longClickable: false; enabled: true; password: false; scrollable: false; [ACTION_SELECT, ACTION_CLEAR_SELECTION, ACTION_ACCESSIBILITY_FOCUS]
11-14 19:42:51.659  3222  3240 E AccessibilityNodeInfoCache: Disconneced node: android.view.accessibility.AccessibilityNodeInfo@11e785; boundsInParent: Rect(0, 0 - 84, 96); boundsInScreen: Rect(66, 1461 - 150, 1557); packageName: com.android.settings; className: android.widget.ImageView; text: null; contentDescription: null; viewIdResName: com.android.settings:id/icon; checkable: false; checked: false; focusable: false; focused: false; selected: false; clickable: false; longClickable: false; enabled: true; password: false; scrollable: false; [ACTION_SELECT, ACTION_CLEAR_SELECTION, ACTION_ACCESSIBILITY_FOCUS]
11-14 19:42:51.659  3222  3240 E AccessibilityNodeInfoCache: Disconneced node: android.view.accessibility.AccessibilityNodeInfo@11eb46; boundsInParent: Rect(0, 0 - 84, 96); boundsInScreen: Rect(66, 487 - 150, 583); packageName: com.android.settings; className: android.widget.ImageView; text: null; contentDescription: null; viewIdResName: com.android.settings:id/icon; checkable: false; checked: false; focusable: false; focused: false; selected: false; clickable: false; longClickable: false; enabled: true; password: false; scrollable: false; [ACTION_SELECT, ACTION_CLEAR_SELECTION, ACTION_ACCESSIBILITY_FOCUS]
11-14 19:42:51.659  3222  3240 E AccessibilityNodeInfoCache: Disconneced node: android.view.accessibility.AccessibilityNodeInfo@11ef07; boundsInParent: Rect(0, 0 - 233, 73); boundsInScreen: Rect(174, 498 - 407, 571); packageName: com.android.settings; className: android.widget.TextView; text: Bluetooth; contentDescription: null; viewIdResName: android:id/title; checkable: false; checked: false; focusable: false; focused: false; selected: false; clickable: false; longClickable: false; enabled: true; password: false; scrollable: false; [ACTION_SELECT, ACTION_CLEAR_SELECTION, ACTION_ACCESSIBILITY_FOCUS, ACTION_NEXT_AT_MOVEMENT_GRANULARITY, ACTION_PREVIOUS_AT_MOVEMENT_GRANULARITY, ACTION_SET_SELECTION]
11-14 19:42:52.869  3222  3222 I QueryController: Matched selector: UiSelector[RESOURCE_ID=android:id/action_bar_title] <<==>> [android.view.accessibility.AccessibilityNodeInfo@11190e; boundsInParent: Rect(0, 0 - 198, 73); boundsInScreen: Rect(145, 110 - 343, 183); packageName: com.android.settings; className: android.widget.TextView; text: Settings; contentDescription: null; viewIdResName: android:id/action_bar_title; checkable: false; checked: false; focusable: false; focused: false; selected: false; clickable: false; longClickable: false; enabled: true; password: false; scrollable: false; [ACTION_SELECT, ACTION_CLEAR_SELECTION, ACTION_ACCESSIBILITY_FOCUS, ACTION_NEXT_AT_MOVEMENT_GRANULARITY, ACTION_PREVIOUS_AT_MOVEMENT_GRANULARITY, ACTION_SET_SELECTION]]
11-14 19:42:52.869  3222  3222 D UiObject: getText() = Settings
11-14 19:42:52.899  3222  3222 D UiScrollable: scrollToBeginning() on selector = UiSelector[SCROLLABLE=true]
11-14 19:42:52.899  3222  3222 D UiScrollable: scrollBackward() on selector = UiSelector[SCROLLABLE=true]
11-14 19:42:52.919  3222  3222 I QueryController: Matched selector: UiSelector[SCROLLABLE=true] <<==>> [android.view.accessibility.AccessibilityNodeInfo@11118c; boundsInParent: Rect(0, 0 - 1080, 1557); boundsInScreen: Rect(0, 219 - 1080, 1776); packageName: com.android.settings; className: android.widget.ListView; text: null; contentDescription: null; viewIdResName: android:id/list; checkable: false; checked: false; focusable: true; focused: true; selected: false; clickable: true; longClickable: false; enabled: true; password: false; scrollable: true; [ACTION_CLEAR_FOCUS, ACTION_SELECT, ACTION_CLEAR_SELECTION, ACTION_CLICK, ACTION_ACCESSIBILITY_FOCUS, ACTION_SCROLL_FORWARD]]
11-14 19:42:52.919  3222  3222 D UiScrollable: scrollToBegining() using vertical scroll
11-14 19:42:52.919  3222  3222 D InteractionController: scrollSwipe (540, 374, 540, 1621, 55)
11-14 19:42:53.299   181   874 V audio_hw_primary: out_standby: enter: usecase(1: low-latency-playback)
11-14 19:42:53.349   181   874 V audio_hw_primary: stop_output_stream: enter: usecase(1: low-latency-playback)
11-14 19:42:53.349   181   874 V audio_hw_primary: disable_audio_route: enter: usecase(1)
11-14 19:42:53.349   181   874 V audio_hw_primary: disable_audio_route: reset mixer path: low-latency-playback
11-14 19:42:53.349   181   874 V audio_hw_primary: disable_audio_route: exit
11-14 19:42:53.359   181   874 V audio_hw_primary: disable_snd_device: snd_device(2: speaker) refcnt=0
11-14 19:42:53.359   181   874 V audio_hw_primary: stop_output_stream: exit: status(0)
11-14 19:42:53.369   181   874 V audio_hw_primary: out_standby: exit
11-14 19:42:54.059  3222  3222 W InteractionController: runAndwaitForEvent timedout waiting for events
11-14 19:42:54.089  3222  3222 D UiScrollable: scrollForward() on selector = UiSelector[SCROLLABLE=true]
11-14 19:42:54.129  3222  3222 I QueryController: Matched selector: UiSelector[SCROLLABLE=true] <<==>> [android.view.accessibility.AccessibilityNodeInfo@11118c; boundsInParent: Rect(0, 0 - 1080, 1557); boundsInScreen: Rect(0, 219 - 1080, 1776); packageName: com.android.settings; className: android.widget.ListView; text: null; contentDescription: null; viewIdResName: android:id/list; checkable: false; checked: false; focusable: true; focused: true; selected: false; clickable: true; longClickable: false; enabled: true; password: false; scrollable: true; [ACTION_CLEAR_FOCUS, ACTION_SELECT, ACTION_CLEAR_SELECTION, ACTION_CLICK, ACTION_ACCESSIBILITY_FOCUS, ACTION_SCROLL_FORWARD]]
11-14 19:42:54.129  3222  3222 D InteractionController: scrollSwipe (540, 1621, 540, 374, 55)
11-14 19:42:55.319  3222  3222 W InteractionController: runAndwaitForEvent timedout waiting for events
11-14 19:42:55.319  3222  3222 D InteractionController: scrollSwipe reached scroll end: false
11-14 19:42:55.879  3222  3222 I QueryController: Matched selector: UiSelector[SCROLLABLE=true, CHILD=UiSelector[TEXT=Apps]] <<==>> [android.view.accessibility.AccessibilityNodeInfo@112812; boundsInParent: Rect(0, 0 - 126, 73); boundsInScreen: Rect(174, 1324 - 300, 1397); packageName: com.android.settings; className: android.widget.TextView; text: Apps; contentDescription: null; viewIdResName: android:id/title; checkable: false; checked: false; focusable: false; focused: false; selected: false; clickable: false; longClickable: false; enabled: true; password: false; scrollable: false; [ACTION_SELECT, ACTION_CLEAR_SELECTION, ACTION_ACCESSIBILITY_FOCUS, ACTION_NEXT_AT_MOVEMENT_GRANULARITY, ACTION_PREVIOUS_AT_MOVEMENT_GRANULARITY, ACTION_SET_SELECTION]]
11-14 19:42:56.449  3222  3222 I QueryController: Counted 12 instances of: UiSelector[CONTAINER=UiSelector[SCROLLABLE=true], PATTERN=UiSelector[PATTERN=UiSelector[CLASS=android.widget.TextView]]]
11-14 19:42:56.459  3222  3222 I QueryController: Matched selector: UiSelector[CONTAINER=UiSelector[SCROLLABLE=true], PATTERN=UiSelector[INSTANCE=0, PATTERN=UiSelector[CLASS=android.widget.TextView]]] <<==>> [android.view.accessibility.AccessibilityNodeInfo@113ad7; boundsInParent: Rect(0, 0 - 249, 73); boundsInScreen: Rect(174, 204 - 423, 277); packageName: com.android.settings; className: android.widget.TextView; text: Status bar; contentDescription: null; viewIdResName: android:id/title; checkable: false; checked: false; focusable: false; focused: false; selected: false; clickable: false; longClickable: false; enabled: true; password: false; scrollable: false; [ACTION_SELECT, ACTION_CLEAR_SELECTION, ACTION_ACCESSIBILITY_FOCUS, ACTION_NEXT_AT_MOVEMENT_GRANULARITY, ACTION_PREVIOUS_AT_MOVEMENT_GRANULARITY, ACTION_SET_SELECTION]]
11-14 19:42:56.459  3222  3222 D UiObject: getText() = Status bar
11-14 19:42:56.519  3222  3222 I QueryController: Matched selector: UiSelector[CONTAINER=UiSelector[SCROLLABLE=true], PATTERN=UiSelector[INSTANCE=1, PATTERN=UiSelector[CLASS=android.widget.TextView]]] <<==>> [android.view.accessibility.AccessibilityNodeInfo@113e98; boundsInParent: Rect(0, 0 - 462, 73); boundsInScreen: Rect(174, 350 - 636, 423); packageName: com.android.settings; className: android.widget.TextView; text: Notification drawer; contentDescription: null; viewIdResName: android:id/title; checkable: false; checked: false; focusable: false; focused: false; selected: false; clickable: false; longClickable: false; enabled: true; password: false; scrollable: false; [ACTION_SELECT, ACTION_CLEAR_SELECTION, ACTION_ACCESSIBILITY_FOCUS, ACTION_NEXT_AT_MOVEMENT_GRANULARITY, ACTION_PREVIOUS_AT_MOVEMENT_GRANULARITY, ACTION_SET_SELECTION]]
11-14 19:42:56.519  3222  3222 D UiObject: getText() = Notification drawer
11-14 19:42:56.559  3222  3222 I QueryController: Matched selector: UiSelector[CONTAINER=UiSelector[SCROLLABLE=true], PATTERN=UiSelector[INSTANCE=2, PATTERN=UiSelector[CLASS=android.widget.TextView]]] <<==>> [android.view.accessibility.AccessibilityNodeInfo@114259; boundsInParent: Rect(0, 0 - 984, 96); boundsInScreen: Rect(48, 461 - 1032, 557); packageName: com.android.settings; className: android.widget.TextView; text: DEVICE; contentDescription: null; viewIdResName: null; checkable: false; checked: false; focusable: false; focused: false; selected: false; clickable: false; longClickable: false; enabled: false; password: false; scrollable: false; [ACTION_SELECT, ACTION_CLEAR_SELECTION, ACTION_ACCESSIBILITY_FOCUS, ACTION_NEXT_AT_MOVEMENT_GRANULARITY, ACTION_PREVIOUS_AT_MOVEMENT_GRANULARITY, ACTION_SET_SELECTION]]
11-14 19:42:56.559  3222  3222 D UiObject: getText() = DEVICE
11-14 19:42:56.619  3222  3222 I QueryController: Matched selector: UiSelector[CONTAINER=UiSelector[SCROLLABLE=true], PATTERN=UiSelector[INSTANCE=3, PATTERN=UiSelector[CLASS=android.widget.TextView]]] <<==>> [android.view.accessibility.AccessibilityNodeInfo@1250a1; boundsInParent: Rect(0, 0 - 157, 73); boundsInScreen: Rect(174, 594 - 331, 667); packageName: com.android.settings; className: android.widget.TextView; text: Sound; contentDescription: null; viewIdResName: android:id/title; checkable: false; checked: false; focusable: false; focused: false; selected: false; clickable: false; longClickable: false; enabled: true; password: false; scrollable: false; [ACTION_SELECT, ACTION_CLEAR_SELECTION, ACTION_ACCESSIBILITY_FOCUS, ACTION_NEXT_AT_MOVEMENT_GRANULARITY, ACTION_PREVIOUS_AT_MOVEMENT_GRANULARITY, ACTION_SET_SELECTION]]
11-14 19:42:56.629  3222  3222 D UiObject: getText() = Sound
11-14 19:42:56.689  3222  3222 I QueryController: Matched selector: UiSelector[CONTAINER=UiSelector[SCROLLABLE=true], PATTERN=UiSelector[INSTANCE=4, PATTERN=UiSelector[CLASS=android.widget.TextView]]] <<==>> [android.view.accessibility.AccessibilityNodeInfo@125462; boundsInParent: Rect(0, 0 - 372, 73); boundsInScreen: Rect(174, 740 - 546, 813); packageName: com.android.settings; className: android.widget.TextView; text: Display & lights; contentDescription: null; viewIdResName: android:id/title; checkable: false; checked: false; focusable: false; focused: false; selected: false; clickable: false; longClickable: false; enabled: true; password: false; scrollable: false; [ACTION_SELECT, ACTION_CLEAR_SELECTION, ACTION_ACCESSIBILITY_FOCUS, ACTION_NEXT_AT_MOVEMENT_GRANULARITY, ACTION_PREVIOUS_AT_MOVEMENT_GRANULARITY, ACTION_SET_SELECTION]]
11-14 19:42:56.689  3222  3222 D UiObject: getText() = Display & lights
11-14 19:42:56.729  3222  3222 I QueryController: Matched selector: UiSelector[CONTAINER=UiSelector[SCROLLABLE=true], PATTERN=UiSelector[INSTANCE=5, PATTERN=UiSelector[CLASS=android.widget.TextView]]] <<==>> [android.view.accessibility.AccessibilityNodeInfo@125be4; boundsInParent: Rect(0, 0 - 189, 73); boundsInScreen: Rect(174, 886 - 363, 959); packageName: com.android.settings; className: android.widget.TextView; text: Buttons; contentDescription: null; viewIdResName: android:id/title; checkable: false; checked: false; focusable: false; focused: false; selected: false; clickable: false; longClickable: false; enabled: true; password: false; scrollable: false; [ACTION_SELECT, ACTION_CLEAR_SELECTION, ACTION_ACCESSIBILITY_FOCUS, ACTION_NEXT_AT_MOVEMENT_GRANULARITY, ACTION_PREVIOUS_AT_MOVEMENT_GRANULARITY, ACTION_SET_SELECTION]]
11-14 19:42:56.729  3222  3222 D UiObject: getText() = Buttons
11-14 19:42:56.789  3222  3222 I QueryController: Matched selector: UiSelector[CONTAINER=UiSelector[SCROLLABLE=true], PATTERN=UiSelector[INSTANCE=6, PATTERN=UiSelector[CLASS=android.widget.TextView]]] <<==>> [android.view.accessibility.AccessibilityNodeInfo@125fa5; boundsInParent: Rect(0, 0 - 189, 73); boundsInScreen: Rect(174, 1032 - 363, 1105); packageName: com.android.settings; className: android.widget.TextView; text: Storage; contentDescription: null; viewIdResName: android:id/title; checkable: false; checked: false; focusable: false; focused: false; selected: false; clickable: false; longClickable: false; enabled: true; password: false; scrollable: false; [ACTION_SELECT, ACTION_CLEAR_SELECTION, ACTION_ACCESSIBILITY_FOCUS, ACTION_NEXT_AT_MOVEMENT_GRANULARITY, ACTION_PREVIOUS_AT_MOVEMENT_GRANULARITY, ACTION_SET_SELECTION]]
11-14 19:42:56.789  3222  3222 D UiObject: getText() = Storage
11-14 19:42:56.829  3222  3222 I QueryController: Matched selector: UiSelector[CONTAINER=UiSelector[SCROLLABLE=true], PATTERN=UiSelector[INSTANCE=7, PATTERN=UiSelector[CLASS=android.widget.TextView]]] <<==>> [android.view.accessibility.AccessibilityNodeInfo@126366; boundsInParent: Rect(0, 0 - 173, 73); boundsInScreen: Rect(174, 1178 - 347, 1251); packageName: com.android.settings; className: android.widget.TextView; text: Battery; contentDescription: null; viewIdResName: android:id/title; checkable: false; checked: false; focusable: false; focused: false; selected: false; clickable: false; longClickable: false; enabled: true; password: false; scrollable: false; [ACTION_SELECT, ACTION_CLEAR_SELECTION, ACTION_ACCESSIBILITY_FOCUS, ACTION_NEXT_AT_MOVEMENT_GRANULARITY, ACTION_PREVIOUS_AT_MOVEMENT_GRANULARITY, ACTION_SET_SELECTION]]
11-14 19:42:56.829  3222  3222 D UiObject: getText() = Battery
11-14 19:42:56.879  3222  3222 I QueryController: Matched selector: UiSelector[CONTAINER=UiSelector[SCROLLABLE=true], PATTERN=UiSelector[INSTANCE=8, PATTERN=UiSelector[CLASS=android.widget.TextView]]] <<==>> [android.view.accessibility.AccessibilityNodeInfo@112812; boundsInParent: Rect(0, 0 - 126, 73); boundsInScreen: Rect(174, 1324 - 300, 1397); packageName: com.android.settings; className: android.widget.TextView; text: Apps; contentDescription: null; viewIdResName: android:id/title; checkable: false; checked: false; focusable: false; focused: false; selected: false; clickable: false; longClickable: false; enabled: true; password: false; scrollable: false; [ACTION_SELECT, ACTION_CLEAR_SELECTION, ACTION_ACCESSIBILITY_FOCUS, ACTION_NEXT_AT_MOVEMENT_GRANULARITY, ACTION_PREVIOUS_AT_MOVEMENT_GRANULARITY, ACTION_SET_SELECTION]]
11-14 19:42:56.879  3222  3222 D UiObject: getText() = Apps
11-14 19:42:56.899  3222  3222 I QueryController: Matched selector: UiSelector[CONTAINER=UiSelector[SCROLLABLE=true], PATTERN=UiSelector[INSTANCE=8, PATTERN=UiSelector[CLASS=android.widget.TextView]]] <<==>> [android.view.accessibility.AccessibilityNodeInfo@112812; boundsInParent: Rect(0, 0 - 126, 73); boundsInScreen: Rect(174, 1324 - 300, 1397); packageName: com.android.settings; className: android.widget.TextView; text: Apps; contentDescription: null; viewIdResName: android:id/title; checkable: false; checked: false; focusable: false; focused: false; selected: false; clickable: false; longClickable: false; enabled: true; password: false; scrollable: false; [ACTION_SELECT, ACTION_CLEAR_SELECTION, ACTION_ACCESSIBILITY_FOCUS, ACTION_NEXT_AT_MOVEMENT_GRANULARITY, ACTION_PREVIOUS_AT_MOVEMENT_GRANULARITY, ACTION_SET_SELECTION]]
11-14 19:42:56.899  3222  3222 D InteractionController: clickAndWaitForNewWindow(237, 1360)
11-14 19:42:57.079  2374  2374 I Timeline: Timeline: Activity_launch_request id:com.android.settings time:176630
11-14 19:42:57.089   181   908 D AudioPolicyManagerBase: getOutput() device 2, stream 1, samplingRate 0, format 0, channelMask 3, flags 0
11-14 19:42:57.089   181   908 D AudioPolicyManagerBase: getOutput() returns output 2
11-14 19:42:57.099   181   909 D AudioPolicyManagerBase: getOutput() device 2, stream 1, samplingRate 0, format 0, channelMask 3, flags 0
11-14 19:42:57.099   181   909 D AudioPolicyManagerBase: getOutput() returns output 2
11-14 19:42:57.099   181   181 D AudioPolicyManagerBase: getOutput() device 2, stream 1, samplingRate 48000, format 1, channelMask 3, flags 4
11-14 19:42:57.099   181   181 D AudioPolicyManagerBase: getOutput() returns output 3
11-14 19:42:57.109   181   908 D AudioFlinger: start(4097), calling pid 631 session 26
11-14 19:42:57.109   181   908 D AudioFlinger: ? => ACTIVE (4097) on thread 0xb706e838
11-14 19:42:57.109   181   908 I QCOM PowerHAL: Processing audio hint. Metadata: state=1
11-14 19:42:57.109   181   908 D AudioPolicyManagerBase: startOutput() output 3, stream 1, session 26
11-14 19:42:57.119   181   871 V audio_hw_primary: start_output_stream: enter: usecase(1: low-latency-playback) devices(0x2)
11-14 19:42:57.119   181   871 V msm8974_platform: platform_get_output_snd_device: enter: output devices(0x2)
11-14 19:42:57.119   181   871 V msm8974_platform: platform_get_output_snd_device: exit: snd_device(speaker)
11-14 19:42:57.119   181   871 D audio_hw_primary: select_devices: out_snd_device(2: speaker) in_snd_device(0: )
11-14 19:42:57.119   181   871 W msm8974_platform: Property audio.offload.24bit.enable is set
11-14 19:42:57.119   181   871 V msm8974_platform: platform_check_and_set_codec_backend_cfg usecase = 1
11-14 19:42:57.119   181   871 W msm8974_platform: Codec backend bitwidth 16, samplerate 48000
11-14 19:42:57.119   181   871 V msm8974_platform: Playback running bw 16 sr 48000 standby 0
11-14 19:42:57.119   181   871 V audio_hw_primary: enable_snd_device: snd_device(2: speaker)
11-14 19:42:57.119   181   871 V audio_hw_primary: enable_audio_route: enter: usecase(1)
11-14 19:42:57.119   181   871 V audio_hw_primary: enable_audio_route: apply mixer path: low-latency-playback
11-14 19:42:57.119   181   871 V audio_hw_primary: enable_audio_route: exit
11-14 19:42:57.119   181   871 V audio_hw_primary: start_output_stream: Opening PCM device card_id(0) device_id(15)
11-14 19:42:57.119   181   871 V audio_hw_primary: start_output_stream: exit
11-14 19:42:57.149  2374  2374 D SubSettings: Launching fragment com.android.settings.applications.ManageApplications
11-14 19:42:57.249   631   841 I ActivityManager: Displayed com.android.settings/.SubSettings: +129ms
11-14 19:42:57.289  2374  2374 I Timeline: Timeline: Activity_idle id: android.os.BinderProxy@42344578 time:176842
11-14 19:42:57.309   181   869 I QCOM PowerHAL: Processing audio hint. Metadata: state=0
11-14 19:42:57.569   631   841 I Timeline: Timeline: Activity_windows_visible id: ActivityRecord{41e41be0 u0 com.android.settings/.SubSettings t11} time:177125
11-14 19:42:57.859  2374  2374 D BluetoothAdapter: 1108294736: getState() :  mService = null. Returning STATE_OFF
11-14 19:42:57.979  2374  2374 I Timeline: Timeline: Activity_idle id: android.os.BinderProxy@42d90290 time:177530
11-14 19:42:58.309   631   841 I Timeline: Timeline: Activity_windows_visible id: ActivityRecord{41d636f0 u0 com.android.settings/.Settings t11} time:177862
11-14 19:42:59.629   995   995 I wpa_supplicant: wlan0: CTRL-EVENT-SCAN-STARTED 
11-14 19:42:59.889  2374  2374 I Choreographer: Skipped 93 frames!  The application may be doing too much work on its main thread.
11-14 19:43:00.019  1089  1089 I Timeline: Timeline: Activity_idle id: android.os.BinderProxy@41d08078 time:179579
11-14 19:43:00.279   181   874 V audio_hw_primary: out_standby: enter: usecase(1: low-latency-playback)
11-14 19:43:00.329   181   874 V audio_hw_primary: stop_output_stream: enter: usecase(1: low-latency-playback)
11-14 19:43:00.329   181   874 V audio_hw_primary: disable_audio_route: enter: usecase(1)
11-14 19:43:00.329   181   874 V audio_hw_primary: disable_audio_route: reset mixer path: low-latency-playback
11-14 19:43:00.329   181   874 V audio_hw_primary: disable_audio_route: exit
11-14 19:43:00.329   181   874 V audio_hw_primary: disable_snd_device: snd_device(2: speaker) refcnt=0
11-14 19:43:00.329   181   874 V audio_hw_primary: stop_output_stream: exit: status(0)
11-14 19:43:00.329   181   874 V audio_hw_primary: out_standby: exit
11-14 19:43:00.429   631   841 I Timeline: Timeline: Activity_windows_visible id: ActivityRecord{41feac30 u0 com.cyanogenmod.trebuchet/org.cyanogenmod.trebuchet.CustomHomeLauncher t1} time:179989
11-14 19:43:00.939  3222  3222 W InteractionController: runAndwaitForEvent timedout waiting for events
11-14 19:43:00.989  3222  3222 I QueryController: Matched selector: UiSelector[TEXT=Settings] <<==>> [android.view.accessibility.AccessibilityNodeInfo@1e423; boundsInParent: Rect(524167, 0 - 524428, 320); boundsInScreen: Rect(801, 1071 - 1062, 1391); packageName: com.cyanogenmod.trebuchet; className: android.widget.TextView; text: Settings; contentDescription: null; viewIdResName: null; checkable: false; checked: false; focusable: true; focused: false; selected: false; clickable: true; longClickable: true; enabled: true; password: false; scrollable: false; [ACTION_FOCUS, ACTION_SELECT, ACTION_CLEAR_SELECTION, ACTION_CLICK, ACTION_LONG_CLICK, ACTION_ACCESSIBILITY_FOCUS, ACTION_NEXT_AT_MOVEMENT_GRANULARITY, ACTION_PREVIOUS_AT_MOVEMENT_GRANULARITY, ACTION_SET_SELECTION]]
11-14 19:43:01.009  3222  3222 I QueryController: Matched selector: UiSelector[TEXT=Settings] <<==>> [android.view.accessibility.AccessibilityNodeInfo@1e423; boundsInParent: Rect(524167, 0 - 524428, 320); boundsInScreen: Rect(801, 1071 - 1062, 1391); packageName: com.cyanogenmod.trebuchet; className: android.widget.TextView; text: Settings; contentDescription: null; viewIdResName: null; checkable: false; checked: false; focusable: true; focused: false; selected: false; clickable: true; longClickable: true; enabled: true; password: false; scrollable: false; [ACTION_FOCUS, ACTION_SELECT, ACTION_CLEAR_SELECTION, ACTION_CLICK, ACTION_LONG_CLICK, ACTION_ACCESSIBILITY_FOCUS, ACTION_NEXT_AT_MOVEMENT_GRANULARITY, ACTION_PREVIOUS_AT_MOVEMENT_GRANULARITY, ACTION_SET_SELECTION]]
11-14 19:43:01.009  3222  3222 D InteractionController: clickAndWaitForNewWindow(931, 1231)
11-14 19:43:01.149  1089  1089 I Timeline: Timeline: Activity_launch_request id:com.android.settings time:180708
11-14 19:43:01.149   181   909 D AudioPolicyManagerBase: getOutput() device 2, stream 1, samplingRate 0, format 0, channelMask 3, flags 0
11-14 19:43:01.159   181   909 D AudioPolicyManagerBase: getOutput() returns output 2
11-14 19:43:01.159   181   875 D AudioPolicyManagerBase: getOutput() device 2, stream 1, samplingRate 0, format 0, channelMask 3, flags 0
11-14 19:43:01.159   181   875 D AudioPolicyManagerBase: getOutput() returns output 2
11-14 19:43:01.159   181   908 D AudioPolicyManagerBase: getOutput() device 2, stream 1, samplingRate 48000, format 1, channelMask 3, flags 4
11-14 19:43:01.159   181   908 D AudioPolicyManagerBase: getOutput() returns output 3
11-14 19:43:01.159   181   909 D AudioFlinger: start(4098), calling pid 631 session 27
11-14 19:43:01.159   181   909 D AudioFlinger: ? => ACTIVE (4098) on thread 0xb706ea30
11-14 19:43:01.159   181   909 I QCOM PowerHAL: Processing audio hint. Metadata: state=1
11-14 19:43:01.159   181   909 D AudioPolicyManagerBase: startOutput() output 3, stream 1, session 27
11-14 19:43:01.169   181   871 V audio_hw_primary: start_output_stream: enter: usecase(1: low-latency-playback) devices(0x2)
11-14 19:43:01.169   181   871 V msm8974_platform: platform_get_output_snd_device: enter: output devices(0x2)
11-14 19:43:01.169   181   871 V msm8974_platform: platform_get_output_snd_device: exit: snd_device(speaker)
11-14 19:43:01.169   181   871 D audio_hw_primary: select_devices: out_snd_device(2: speaker) in_snd_device(0: )
11-14 19:43:01.169   181   871 W msm8974_platform: Property audio.offload.24bit.enable is set
11-14 19:43:01.169   181   871 V msm8974_platform: platform_check_and_set_codec_backend_cfg usecase = 1
11-14 19:43:01.169   181   871 W msm8974_platform: Codec backend bitwidth 16, samplerate 48000
11-14 19:43:01.169   181   871 V msm8974_platform: Playback running bw 16 sr 48000 standby 0
11-14 19:43:01.169   181   871 V audio_hw_primary: enable_snd_device: snd_device(2: speaker)
11-14 19:43:01.169   181   871 V audio_hw_primary: enable_audio_route: enter: usecase(1)
11-14 19:43:01.169   181   871 V audio_hw_primary: enable_audio_route: apply mixer path: low-latency-playback
11-14 19:43:01.169   181   871 V audio_hw_primary: enable_audio_route: exit
11-14 19:43:01.169   181   871 V audio_hw_primary: start_output_stream: Opening PCM device card_id(0) device_id(15)
11-14 19:43:01.179   181   871 V audio_hw_primary: start_output_stream: exit
11-14 19:43:01.359   181   869 I QCOM PowerHAL: Processing audio hint. Metadata: state=0
11-14 19:43:01.729  2374  2374 D BluetoothAdapter: 1108294736: getState() :  mService = null. Returning STATE_OFF
11-14 19:43:01.769  2374  2374 D BluetoothAdapter: 1108294736: getState() :  mService = null. Returning STATE_OFF
11-14 19:43:01.859  2374  2374 D BluetoothAdapter: 1108294736: getState() :  mService = null. Returning STATE_OFF
11-14 19:43:01.899  2374  2374 I Timeline: Timeline: Activity_idle id: android.os.BinderProxy@42db2bb8 time:181456
11-14 19:43:01.909   631   841 I ActivityManager: Displayed com.android.settings/.Settings: +698ms
11-14 19:43:01.909   631   841 I Timeline: Timeline: Activity_windows_visible id: ActivityRecord{41d94ff8 u0 com.android.settings/.Settings t12} time:181462
11-14 19:43:03.849  3222  3222 I QueryController: Matched selector: UiSelector[RESOURCE_ID=android:id/action_bar_title] <<==>> [android.view.accessibility.AccessibilityNodeInfo@1335a1; boundsInParent: Rect(0, 0 - 198, 73); boundsInScreen: Rect(145, 110 - 343, 183); packageName: com.android.settings; className: android.widget.TextView; text: Settings; contentDescription: null; viewIdResName: android:id/action_bar_title; checkable: false; checked: false; focusable: false; focused: false; selected: false; clickable: false; longClickable: false; enabled: true; password: false; scrollable: false; [ACTION_SELECT, ACTION_CLEAR_SELECTION, ACTION_ACCESSIBILITY_FOCUS, ACTION_NEXT_AT_MOVEMENT_GRANULARITY, ACTION_PREVIOUS_AT_MOVEMENT_GRANULARITY, ACTION_SET_SELECTION]]
11-14 19:43:03.849  3222  3222 D UiObject: getText() = Settings
11-14 19:43:03.909  3222  3222 D UiScrollable: scrollToBeginning() on selector = UiSelector[SCROLLABLE=true]
11-14 19:43:03.909  3222  3222 D UiScrollable: scrollBackward() on selector = UiSelector[SCROLLABLE=true]
11-14 19:43:03.939  3222  3222 I QueryController: Matched selector: UiSelector[SCROLLABLE=true] <<==>> [android.view.accessibility.AccessibilityNodeInfo@132e1f; boundsInParent: Rect(0, 0 - 1080, 1557); boundsInScreen: Rect(0, 219 - 1080, 1776); packageName: com.android.settings; className: android.widget.ListView; text: null; contentDescription: null; viewIdResName: android:id/list; checkable: false; checked: false; focusable: true; focused: true; selected: false; clickable: true; longClickable: false; enabled: true; password: false; scrollable: true; [ACTION_CLEAR_FOCUS, ACTION_SELECT, ACTION_CLEAR_SELECTION, ACTION_CLICK, ACTION_ACCESSIBILITY_FOCUS, ACTION_SCROLL_FORWARD]]
11-14 19:43:03.939  3222  3222 D UiScrollable: scrollToBegining() using vertical scroll
