11-14 19:42:13.329  3222  3222 I QueryController: Matched selector: UiSelector[CONTAINER=UiSelector[SCROLLABLE=true], PATTERN=UiSelector[INSTANCE=0, PATTERN=UiSelector[CLASS=android.widget.TextView]]] <<==>> [android.view.accessibility.AccessibilityNodeInfo@8d78f; boundsInParent: Rect(0, 0 - 249, 73); boundsInScreen: Rect(174, 175 - 423, 248); packageName: com.android.settings; className: android.widget.TextView; text: Status bar; contentDescription: null; viewIdResName: android:id/title; checkable: false; checked: false; focusable: false; focused: false; selected: false; clickable: false; longClickable: false; enabled: true; password: false; scrollable: false; [ACTION_SELECT, ACTION_CLEAR_SELECTION, ACTION_ACCESSIBILITY_FOCUS, ACTION_NEXT_AT_MOVEMENT_GRANULARITY, ACTION_PREVIOUS_AT_MOVEMENT_GRANULARITY, ACTION_SET_SELECTION]]
11-14 19:42:13.329  3222  3222 D UiObject: getText() = Status bar
11-14 19:42:13.379  3222  3222 I QueryController: Matched selector: UiSelector[CONTAINER=UiSelector[SCROLLABLE=true], PATTERN=UiSelector[INSTANCE=1, PATTERN=UiSelector[CLASS=android.widget.TextView]]] <<==>> [android.view.accessibility.AccessibilityNodeInfo@8db50; boundsInParent: Rect(0, 0 - 462, 73); boundsInScreen: Rect(174, 321 - 636, 394); packageName: com.android.settings; className: android.widget.TextView; text: Notification drawer; contentDescription: null; viewIdResName: android:id/title; checkable: false; checked: false; focusable: false; focused: false; selected: false; clickable: false; longClickable: false; enabled: true; password: false; scrollable: false; [ACTION_SELECT, ACTION_CLEAR_SELECTION, ACTION_ACCESSIBILITY_FOCUS, ACTION_NEXT_AT_MOVEMENT_GRANULARITY, ACTION_PREVIOUS_AT_MOVEMENT_GRANULARITY, ACTION_SET_SELECTION]]
11-14 19:42:13.379  3222  3222 D UiObject: getText() = Notification drawer
11-14 19:42:13.419  3222  3222 I QueryController: Matched selector: UiSelector[CONTAINER=UiSelector[SCROLLABLE=true], PATTERN=UiSelector[INSTANCE=2, PATTERN=UiSelector[CLASS=android.widget.TextView]]] <<==>> [android.view.accessibility.AccessibilityNodeInfo@8df11; boundsInParent: Rect(0, 0 - 984, 96); boundsInScreen: Rect(48, 432 - 1032, 528); packageName: com.android.settings; className: android.widget.TextView; text: DEVICE; contentDescription: null; viewIdResName: null; checkable: false; checked: false; focusable: false; focused: false; selected: false; clickable: false; longClickable: false; enabled: false; password: false; scrollable: false; [ACTION_SELECT, ACTION_CLEAR_SELECTION, ACTION_ACCESSIBILITY_FOCUS, ACTION_NEXT_AT_MOVEMENT_GRANULARITY, ACTION_PREVIOUS_AT_MOVEMENT_GRANULARITY, ACTION_SET_SELECTION]]
11-14 19:42:13.419  3222  3222 D UiObject: getText() = DEVICE
11-14 19:42:13.479  3222  3222 I QueryController: Matched selector: UiSelector[CONTAINER=UiSelector[SCROLLABLE=true], PATTERN=UiSelector[INSTANCE=3, PATTERN=UiSelector[CLASS=android.widget.TextView]]] <<==>> [android.view.accessibility.AccessibilityNodeInfo@9e998; boundsInParent: Rect(0, 0 - 157, 73); boundsInScreen: Rect(174, 565 - 331, 638); packageName: com.android.settings; className: android.widget.TextView; text: Sound; contentDescription: null; viewIdResName: android:id/title; checkable: false; checked: false; focusable: false; focused: false; selected: false; clickable: false; longClickable: false; enabled: true; password: false; scrollable: false; [ACTION_SELECT, ACTION_CLEAR_SELECTION, ACTION_ACCESSIBILITY_FOCUS, ACTION_NEXT_AT_MOVEMENT_GRANULARITY, ACTION_PREVIOUS_AT_MOVEMENT_GRANULARITY, ACTION_SET_SELECTION]]
11-14 19:42:13.479  3222  3222 D UiObject: getText() = Sound
11-14 19:42:13.539  3222  3222 I QueryController: Matched selector: UiSelector[CONTAINER=UiSelector[SCROLLABLE=true], PATTERN=UiSelector[INSTANCE=4, PATTERN=UiSelector[CLASS=android.widget.TextView]]] <<==>> [android.view.accessibility.AccessibilityNodeInfo@9ed59; boundsInParent: Rect(0, 0 - 372, 73); boundsInScreen: Rect(174, 711 - 546, 784); packageName: com.android.settings; className: android.widget.TextView; text: Display & lights; contentDescription: null; viewIdResName: android:id/title; checkable: false; checked: false; focusable: false; focused: false; selected: false; clickable: false; longClickable: false; enabled: true; password: false; scrollable: false; [ACTION_SELECT, ACTION_CLEAR_SELECTION, ACTION_ACCESSIBILITY_FOCUS, ACTION_NEXT_AT_MOVEMENT_GRANULARITY, ACTION_PREVIOUS_AT_MOVEMENT_GRANULARITY, ACTION_SET_SELECTION]]
11-14 19:42:13.539  3222  3222 D UiObject: getText() = Display & lights
11-14 19:42:13.579  3222  3222 I QueryController: Matched selector: UiSelector[CONTAINER=UiSelector[SCROLLABLE=true], PATTERN=UiSelector[INSTANCE=5, PATTERN=UiSelector[CLASS=android.widget.TextView]]] <<==>> [android.view.accessibility.AccessibilityNodeInfo@9f4db; boundsInParent: Rect(0, 0 - 189, 73); boundsInScreen: Rect(174, 857 - 363, 930); packageName: com.android.settings; className: android.widget.TextView; text: Buttons; contentDescription: null; viewIdResName: android:id/title; checkable: false; checked: false; focusable: false; focused: false; selected: false; clickable: false; longClickable: false; enabled: true; password: false; scrollable: false; [ACTION_SELECT, ACTION_CLEAR_SELECTION, ACTION_ACCESSIBILITY_FOCUS, ACTION_NEXT_AT_MOVEMENT_GRANULARITY, ACTION_PREVIOUS_AT_MOVEMENT_GRANULARITY, ACTION_SET_SELECTION]]
11-14 19:42:13.579  3222  3222 D UiObject: getText() = Buttons
11-14 19:42:13.639  3222  3222 I QueryController: Matched selector: UiSelector[CONTAINER=UiSelector[SCROLLABLE=true], PATTERN=UiSelector[INSTANCE=6, PATTERN=UiSelector[CLASS=android.widget.TextView]]] <<==>> [android.view.accessibility.AccessibilityNodeInfo@9f89c; boundsInParent: Rect(0, 0 - 189, 73); boundsInScreen: Rect(174, 1003 - 363, 1076); packageName: com.android.settings; className: android.widget.TextView; text: Storage; contentDescription: null; viewIdResName: android:id/title; checkable: false; checked: false; focusable: false; focused: false; selected: false; clickable: false; longClickable: false; enabled: true; password: false; scrollable: false; [ACTION_SELECT, ACTION_CLEAR_SELECTION, ACTION_ACCESSIBILITY_FOCUS, ACTION_NEXT_AT_MOVEMENT_GRANULARITY, ACTION_PREVIOUS_AT_MOVEMENT_GRANULARITY, ACTION_SET_SELECTION]]
11-14 19:42:13.639  3222  3222 D UiObject: getText() = Storage
11-14 19:42:13.679  3222  3222 I QueryController: Matched selector: UiSelector[CONTAINER=UiSelector[SCROLLABLE=true], PATTERN=UiSelector[INSTANCE=7, PATTERN=UiSelector[CLASS=android.widget.TextView]]] <<==>> [android.view.accessibility.AccessibilityNodeInfo@9fc5d; boundsInParent: Rect(0, 0 - 173, 73); boundsInScreen: Rect(174, 1149 - 347, 1222); packageName: com.android.settings; className: android.widget.TextView; text: Battery; contentDescription: null; viewIdResName: android:id/title; checkable: false; checked: false; focusable: false; focused: false; selected: false; clickable: false; longClickable: false; enabled: true; password: false; scrollable: false; [ACTION_SELECT, ACTION_CLEAR_SELECTION, ACTION_ACCESSIBILITY_FOCUS, ACTION_NEXT_AT_MOVEMENT_GRANULARITY, ACTION_PREVIOUS_AT_MOVEMENT_GRANULARITY, ACTION_SET_SELECTION]]
11-14 19:42:13.679  3222  3222 D UiObject: getText() = Battery
11-14 19:42:13.719  3222  3222 I QueryController: Matched selector: UiSelector[CONTAINER=UiSelector[SCROLLABLE=true], PATTERN=UiSelector[INSTANCE=8, PATTERN=UiSelector[CLASS=android.widget.TextView]]] <<==>> [android.view.accessibility.AccessibilityNodeInfo@8c109; boundsInParent: Rect(0, 0 - 126, 73); boundsInScreen: Rect(174, 1295 - 300, 1368); packageName: com.android.settings; className: android.widget.TextView; text: Apps; contentDescription: null; viewIdResName: android:id/title; checkable: false; checked: false; focusable: false; focused: false; selected: false; clickable: false; longClickable: false; enabled: true; password: false; scrollable: false; [ACTION_SELECT, ACTION_CLEAR_SELECTION, ACTION_ACCESSIBILITY_FOCUS, ACTION_NEXT_AT_MOVEMENT_GRANULARITY, ACTION_PREVIOUS_AT_MOVEMENT_GRANULARITY, ACTION_SET_SELECTION]]
11-14 19:42:13.719  3222  3222 D UiObject: getText() = Apps
11-14 19:42:13.739  3222  3222 I QueryController: Matched selector: UiSelector[CONTAINER=UiSelector[SCROLLABLE=true], PATTERN=UiSelector[INSTANCE=8, PATTERN=UiSelector[CLASS=android.widget.TextView]]] <<==>> [android.view.accessibility.AccessibilityNodeInfo@8c109; boundsInParent: Rect(0, 0 - 126, 73); boundsInScreen: Rect(174, 1295 - 300, 1368); packageName: com.android.settings; className: android.widget.TextView; text: Apps; contentDescription: null; viewIdResName: android:id/title; checkable: false; checked: false; focusable: false; focused: false; selected: false; clickable: false; longClickable: false; enabled: true; password: false; scrollable: false; [ACTION_SELECT, ACTION_CLEAR_SELECTION, ACTION_ACCESSIBILITY_FOCUS, ACTION_NEXT_AT_MOVEMENT_GRANULARITY, ACTION_PREVIOUS_AT_MOVEMENT_GRANULARITY, ACTION_SET_SELECTION]]
11-14 19:42:13.749  3222  3222 D InteractionController: clickAndWaitForNewWindow(237, 1331)
11-14 19:42:13.919  2374  2374 I Timeline: Timeline: Activity_launch_request id:com.android.settings time:133476
11-14 19:42:13.939   181   181 D AudioPolicyManagerBase: getOutput() device 2, stream 1, samplingRate 0, format 0, channelMask 3, flags 0
11-14 19:42:13.939   181   181 D AudioPolicyManagerBase: getOutput() returns output 2
11-14 19:42:13.939   181   909 D AudioPolicyManagerBase: getOutput() device 2, stream 1, samplingRate 0, format 0, channelMask 3, flags 0
11-14 19:42:13.939   181   909 D AudioPolicyManagerBase: getOutput() returns output 2
11-14 19:42:13.939   181   875 D AudioPolicyManagerBase: getOutput() device 2, stream 1, samplingRate 48000, format 1, channelMask 3, flags 4
11-14 19:42:13.939   181   875 D AudioPolicyManagerBase: getOutput() returns output 3
11-14 19:42:13.949   181   181 D AudioFlinger: start(4097), calling pid 631 session 18
11-14 19:42:13.949   181   181 D AudioFlinger: ? => ACTIVE (4097) on thread 0xb7079738
11-14 19:42:13.949   181   181 I QCOM PowerHAL: Processing audio hint. Metadata: state=1
11-14 19:42:13.949   181   181 D AudioPolicyManagerBase: startOutput() output 3, stream 1, session 18
11-14 19:42:13.959   181   871 V audio_hw_primary: start_output_stream: enter: usecase(1: low-latency-playback) devices(0x2)
11-14 19:42:13.959   181   871 V msm8974_platform: platform_get_output_snd_device: enter: output devices(0x2)
11-14 19:42:13.959   181   871 V msm8974_platform: platform_get_output_snd_device: exit: snd_device(speaker)
11-14 19:42:13.959   181   871 D audio_hw_primary: select_devices: out_snd_device(2: speaker) in_snd_device(0: )
11-14 19:42:13.959   181   871 W msm8974_platform: Property audio.offload.24bit.enable is set
11-14 19:42:13.959   181   871 V msm8974_platform: platform_check_and_set_codec_backend_cfg usecase = 1
11-14 19:42:13.959   181   871 W msm8974_platform: Codec backend bitwidth 16, samplerate 48000
11-14 19:42:13.959   181   871 V msm8974_platform: Playback running bw 16 sr 48000 standby 0
11-14 19:42:13.959   181   871 V audio_hw_primary: enable_snd_device: snd_device(2: speaker)
11-14 19:42:13.959   181   871 V audio_hw_primary: enable_audio_route: enter: usecase(1)
11-14 19:42:13.959   181   871 V audio_hw_primary: enable_audio_route: apply mixer path: low-latency-playback
11-14 19:42:13.959   181   871 V audio_hw_primary: enable_audio_route: exit
11-14 19:42:13.959   181   871 V audio_hw_primary: start_output_stream: Opening PCM device card_id(0) device_id(15)
11-14 19:42:13.969   181   871 V audio_hw_primary: start_output_stream: exit
11-14 19:42:14.019  2374  2374 D SubSettings: Launching fragment com.android.settings.applications.ManageApplications
11-14 19:42:14.109   631   841 I ActivityManager: Displayed com.android.settings/.SubSettings: +143ms
11-14 19:42:14.159   181   869 I QCOM PowerHAL: Processing audio hint. Metadata: state=0
11-14 19:42:14.169  2374  2374 I Timeline: Timeline: Activity_idle id: android.os.BinderProxy@42d02a40 time:133722
11-14 19:42:14.439   631   841 I Timeline: Timeline: Activity_windows_visible id: ActivityRecord{41d94ff8 u0 com.android.settings/.SubSettings t7} time:133996
11-14 19:42:14.599   995   995 I wpa_supplicant: wlan0: CTRL-EVENT-SCAN-STARTED 
11-14 19:42:14.759  2374  2374 D BluetoothAdapter: 1108294736: getState() :  mService = null. Returning STATE_OFF
11-14 19:42:14.879  2374  2374 I Timeline: Timeline: Activity_idle id: android.os.BinderProxy@42d3ea98 time:134436
11-14 19:42:15.189   631   841 I Timeline: Timeline: Activity_windows_visible id: ActivityRecord{41d636f0 u0 com.android.settings/.Settings t7} time:134748
11-14 19:42:16.429  2374  2374 I Choreographer: Skipped 73 frames!  The application may be doing too much work on its main thread.
11-14 19:42:16.569  1089  1089 I Timeline: Timeline: Activity_idle id: android.os.BinderProxy@41d08078 time:136122
11-14 19:42:16.969   631   841 I Timeline: Timeline: Activity_windows_visible id: ActivityRecord{41feac30 u0 com.cyanogenmod.trebuchet/org.cyanogenmod.trebuchet.CustomHomeLauncher t1} time:136521
11-14 19:42:17.129   181   874 V audio_hw_primary: out_standby: enter: usecase(1: low-latency-playback)
11-14 19:42:17.169   181   874 V audio_hw_primary: stop_output_stream: enter: usecase(1: low-latency-playback)
11-14 19:42:17.169   181   874 V audio_hw_primary: disable_audio_route: enter: usecase(1)
11-14 19:42:17.169   181   874 V audio_hw_primary: disable_audio_route: reset mixer path: low-latency-playback
11-14 19:42:17.169   181   874 V audio_hw_primary: disable_audio_route: exit
11-14 19:42:17.169   181   874 V audio_hw_primary: disable_snd_device: snd_device(2: speaker) refcnt=0
11-14 19:42:17.169   181   874 V audio_hw_primary: stop_output_stream: exit: status(0)
11-14 19:42:17.169   181   874 V audio_hw_primary: out_standby: exit
11-14 19:42:17.479  3222  3222 W InteractionController: runAndwaitForEvent timedout waiting for events
11-14 19:42:17.539  3222  3222 I QueryController: Matched selector: UiSelector[TEXT=Settings] <<==>> [android.view.accessibility.AccessibilityNodeInfo@1e423; boundsInParent: Rect(524167, 0 - 524428, 320); boundsInScreen: Rect(801, 1071 - 1062, 1391); packageName: com.cyanogenmod.trebuchet; className: android.widget.TextView; text: Settings; contentDescription: null; viewIdResName: null; checkable: false; checked: false; focusable: true; focused: false; selected: false; clickable: true; longClickable: true; enabled: true; password: false; scrollable: false; [ACTION_FOCUS, ACTION_SELECT, ACTION_CLEAR_SELECTION, ACTION_CLICK, ACTION_LONG_CLICK, ACTION_ACCESSIBILITY_FOCUS, ACTION_NEXT_AT_MOVEMENT_GRANULARITY, ACTION_PREVIOUS_AT_MOVEMENT_GRANULARITY, ACTION_SET_SELECTION]]
11-14 19:42:17.559  3222  3222 I QueryController: Matched selector: UiSelector[TEXT=Settings] <<==>> [android.view.accessibility.AccessibilityNodeInfo@1e423; boundsInParent: Rect(524167, 0 - 524428, 320); boundsInScreen: Rect(801, 1071 - 1062, 1391); packageName: com.cyanogenmod.trebuchet; className: android.widget.TextView; text: Settings; contentDescription: null; viewIdResName: null; checkable: false; checked: false; focusable: true; focused: false; selected: false; clickable: true; longClickable: true; enabled: true; password: false; scrollable: false; [ACTION_FOCUS, ACTION_SELECT, ACTION_CLEAR_SELECTION, ACTION_CLICK, ACTION_LONG_CLICK, ACTION_ACCESSIBILITY_FOCUS, ACTION_NEXT_AT_MOVEMENT_GRANULARITY, ACTION_PREVIOUS_AT_MOVEMENT_GRANULARITY, ACTION_SET_SELECTION]]
11-14 19:42:17.559  3222  3222 D InteractionController: clickAndWaitForNewWindow(931, 1231)
11-14 19:42:17.689   181   909 D AudioPolicyManagerBase: getOutput() device 2, stream 1, samplingRate 0, format 0, channelMask 3, flags 0
11-14 19:42:17.689   181   909 D AudioPolicyManagerBase: getOutput() returns output 2
11-14 19:42:17.689   181   908 D AudioPolicyManagerBase: getOutput() device 2, stream 1, samplingRate 0, format 0, channelMask 3, flags 0
11-14 19:42:17.689   181   908 D AudioPolicyManagerBase: getOutput() returns output 2
11-14 19:42:17.689   181   181 D AudioPolicyManagerBase: getOutput() device 2, stream 1, samplingRate 48000, format 1, channelMask 3, flags 4
11-14 19:42:17.689   181   181 D AudioPolicyManagerBase: getOutput() returns output 3
11-14 19:42:17.689   181   909 D AudioFlinger: start(4098), calling pid 631 session 19
11-14 19:42:17.689   181   909 D AudioFlinger: ? => ACTIVE (4098) on thread 0xb706e7f8
11-14 19:42:17.689   181   909 I QCOM PowerHAL: Processing audio hint. Metadata: state=1
11-14 19:42:17.699   181   909 D AudioPolicyManagerBase: startOutput() output 3, stream 1, session 19
11-14 19:42:17.699  1089  1089 I Timeline: Timeline: Activity_launch_request id:com.android.settings time:137253
11-14 19:42:17.709   181   871 V audio_hw_primary: start_output_stream: enter: usecase(1: low-latency-playback) devices(0x2)
11-14 19:42:17.709   181   871 V msm8974_platform: platform_get_output_snd_device: enter: output devices(0x2)
11-14 19:42:17.709   181   871 V msm8974_platform: platform_get_output_snd_device: exit: snd_device(speaker)
11-14 19:42:17.709   181   871 D audio_hw_primary: select_devices: out_snd_device(2: speaker) in_snd_device(0: )
11-14 19:42:17.709   181   871 W msm8974_platform: Property audio.offload.24bit.enable is set
11-14 19:42:17.709   181   871 V msm8974_platform: platform_check_and_set_codec_backend_cfg usecase = 1
11-14 19:42:17.709   181   871 W msm8974_platform: Codec backend bitwidth 16, samplerate 48000
11-14 19:42:17.709   181   871 V msm8974_platform: Playback running bw 16 sr 48000 standby 0
11-14 19:42:17.709   181   871 V audio_hw_primary: enable_snd_device: snd_device(2: speaker)
11-14 19:42:17.709   181   871 V audio_hw_primary: enable_audio_route: enter: usecase(1)
11-14 19:42:17.709   181   871 V audio_hw_primary: enable_audio_route: apply mixer path: low-latency-playback
11-14 19:42:17.709   181   871 V audio_hw_primary: enable_audio_route: exit
11-14 19:42:17.709   181   871 V audio_hw_primary: start_output_stream: Opening PCM device card_id(0) device_id(15)
11-14 19:42:17.709   181   871 V audio_hw_primary: start_output_stream: exit
11-14 19:42:17.899   181   869 I QCOM PowerHAL: Processing audio hint. Metadata: state=0
11-14 19:42:18.109  2374  2381 I dalvikvm: Jit: resizing JitTable from 4096 to 8192
11-14 19:42:18.169  2374  2374 D BluetoothAdapter: 1108294736: getState() :  mService = null. Returning STATE_OFF
11-14 19:42:18.199  2374  2374 D BluetoothAdapter: 1108294736: getState() :  mService = null. Returning STATE_OFF
11-14 19:42:18.279  2374  2374 D BluetoothAdapter: 1108294736: getState() :  mService = null. Returning STATE_OFF
11-14 19:42:18.319  2374  2374 I Timeline: Timeline: Activity_idle id: android.os.BinderProxy@42d4a4c0 time:137871
11-14 19:42:18.319   631   841 I ActivityManager: Displayed com.android.settings/.Settings: +572ms
11-14 19:42:18.319   631   841 I Timeline: Timeline: Activity_windows_visible id: ActivityRecord{41d94ff8 u0 com.android.settings/.Settings t8} time:137878
11-14 19:42:20.269  3222  3222 I QueryController: Matched selector: UiSelector[RESOURCE_ID=android:id/action_bar_title] <<==>> [android.view.accessibility.AccessibilityNodeInfo@ad259; boundsInParent: Rect(0, 0 - 198, 73); boundsInScreen: Rect(145, 110 - 343, 183); packageName: com.android.settings; className: android.widget.TextView; text: Settings; contentDescription: null; viewIdResName: android:id/action_bar_title; checkable: false; checked: false; focusable: false; focused: false; selected: false; clickable: false; longClickable: false; enabled: true; password: false; scrollable: false; [ACTION_SELECT, ACTION_CLEAR_SELECTION, ACTION_ACCESSIBILITY_FOCUS, ACTION_NEXT_AT_MOVEMENT_GRANULARITY, ACTION_PREVIOUS_AT_MOVEMENT_GRANULARITY, ACTION_SET_SELECTION]]
11-14 19:42:20.269  3222  3222 D UiObject: getText() = Settings
11-14 19:42:20.299  3222  3222 D UiScrollable: scrollToBeginning() on selector = UiSelector[SCROLLABLE=true]
11-14 19:42:20.299  3222  3222 D UiScrollable: scrollBackward() on selector = UiSelector[SCROLLABLE=true]
11-14 19:42:20.329  3222  3222 I QueryController: Matched selector: UiSelector[SCROLLABLE=true] <<==>> [android.view.accessibility.AccessibilityNodeInfo@acad7; boundsInParent: Rect(0, 0 - 1080, 1557); boundsInScreen: Rect(0, 219 - 1080, 1776); packageName: com.android.settings; className: android.widget.ListView; text: null; contentDescription: null; viewIdResName: android:id/list; checkable: false; checked: false; focusable: true; focused: true; selected: false; clickable: true; longClickable: false; enabled: true; password: false; scrollable: true; [ACTION_CLEAR_FOCUS, ACTION_SELECT, ACTION_CLEAR_SELECTION, ACTION_CLICK, ACTION_ACCESSIBILITY_FOCUS, ACTION_SCROLL_FORWARD]]
11-14 19:42:20.329  3222  3222 D UiScrollable: scrollToBegining() using vertical scroll
11-14 19:42:20.339  3222  3222 D InteractionController: scrollSwipe (540, 374, 540, 1621, 55)
11-14 19:42:20.869   181   874 V audio_hw_primary: out_standby: enter: usecase(1: low-latency-playback)
11-14 19:42:20.919   181   874 V audio_hw_primary: stop_output_stream: enter: usecase(1: low-latency-playback)
11-14 19:42:20.919   181   874 V audio_hw_primary: disable_audio_route: enter: usecase(1)
11-14 19:42:20.919   181   874 V audio_hw_primary: disable_audio_route: reset mixer path: low-latency-playback
11-14 19:42:20.929   181   874 V audio_hw_primary: disable_audio_route: exit
11-14 19:42:20.929   181   874 V audio_hw_primary: disable_snd_device: snd_device(2: speaker) refcnt=0
11-14 19:42:20.929   181   874 V audio_hw_primary: stop_output_stream: exit: status(0)
11-14 19:42:20.929   181   874 V audio_hw_primary: out_standby: exit
11-14 19:42:21.479  3222  3222 W InteractionController: runAndwaitForEvent timedout waiting for events
11-14 19:42:21.559  3222  3222 D UiScrollable: scrollForward() on selector = UiSelector[SCROLLABLE=true]
11-14 19:42:21.589  3222  3222 I QueryController: Matched selector: UiSelector[SCROLLABLE=true] <<==>> [android.view.accessibility.AccessibilityNodeInfo@acad7; boundsInParent: Rect(0, 0 - 1080, 1557); boundsInScreen: Rect(0, 219 - 1080, 1776); packageName: com.android.settings; className: android.widget.ListView; text: null; contentDescription: null; viewIdResName: android:id/list; checkable: false; checked: false; focusable: true; focused: true; selected: false; clickable: true; longClickable: false; enabled: true; password: false; scrollable: true; [ACTION_CLEAR_FOCUS, ACTION_SELECT, ACTION_CLEAR_SELECTION, ACTION_CLICK, ACTION_ACCESSIBILITY_FOCUS, ACTION_SCROLL_FORWARD]]
11-14 19:42:21.589  3222  3222 D InteractionController: scrollSwipe (540, 1621, 540, 374, 55)
11-14 19:42:22.789  3222  3222 W InteractionController: runAndwaitForEvent timedout waiting for events
11-14 19:42:22.789  3222  3222 D InteractionController: scrollSwipe reached scroll end: false
11-14 19:42:23.339  3222  3222 I QueryController: Matched selector: UiSelector[SCROLLABLE=true, CHILD=UiSelector[TEXT=Apps]] <<==>> [android.view.accessibility.AccessibilityNodeInfo@ae8df; boundsInParent: Rect(0, 0 - 126, 73); boundsInScreen: Rect(174, 1341 - 300, 1414); packageName: com.android.settings; className: android.widget.TextView; text: Apps; contentDescription: null; viewIdResName: android:id/title; checkable: false; checked: false; focusable: false; focused: false; selected: false; clickable: false; longClickable: false; enabled: true; password: false; scrollable: false; [ACTION_SELECT, ACTION_CLEAR_SELECTION, ACTION_ACCESSIBILITY_FOCUS, ACTION_NEXT_AT_MOVEMENT_GRANULARITY, ACTION_PREVIOUS_AT_MOVEMENT_GRANULARITY, ACTION_SET_SELECTION]]
11-14 19:42:23.939  3222  3222 I QueryController: Counted 12 instances of: UiSelector[CONTAINER=UiSelector[SCROLLABLE=true], PATTERN=UiSelector[PATTERN=UiSelector[CLASS=android.widget.TextView]]]
11-14 19:42:23.969  3222  3222 I QueryController: Matched selector: UiSelector[CONTAINER=UiSelector[SCROLLABLE=true], PATTERN=UiSelector[INSTANCE=0, PATTERN=UiSelector[CLASS=android.widget.TextView]]] <<==>> [android.view.accessibility.AccessibilityNodeInfo@af7e3; boundsInParent: Rect(0, 0 - 249, 73); boundsInScreen: Rect(174, 221 - 423, 294); packageName: com.android.settings; className: android.widget.TextView; text: Status bar; contentDescription: null; viewIdResName: android:id/title; checkable: false; checked: false; focusable: false; focused: false; selected: false; clickable: false; longClickable: false; enabled: true; password: false; scrollable: false; [ACTION_SELECT, ACTION_CLEAR_SELECTION, ACTION_ACCESSIBILITY_FOCUS, ACTION_NEXT_AT_MOVEMENT_GRANULARITY, ACTION_PREVIOUS_AT_MOVEMENT_GRANULARITY, ACTION_SET_SELECTION]]
11-14 19:42:23.969  3222  3222 D UiObject: getText() = Status bar
11-14 19:42:24.009  3222  3222 I QueryController: Matched selector: UiSelector[CONTAINER=UiSelector[SCROLLABLE=true], PATTERN=UiSelector[INSTANCE=1, PATTERN=UiSelector[CLASS=android.widget.TextView]]] <<==>> [android.view.accessibility.AccessibilityNodeInfo@afba4; boundsInParent: Rect(0, 0 - 462, 73); boundsInScreen: Rect(174, 367 - 636, 440); packageName: com.android.settings; className: android.widget.TextView; text: Notification drawer; contentDescription: null; viewIdResName: android:id/title; checkable: false; checked: false; focusable: false; focused: false; selected: false; clickable: false; longClickable: false; enabled: true; password: false; scrollable: false; [ACTION_SELECT, ACTION_CLEAR_SELECTION, ACTION_ACCESSIBILITY_FOCUS, ACTION_NEXT_AT_MOVEMENT_GRANULARITY, ACTION_PREVIOUS_AT_MOVEMENT_GRANULARITY, ACTION_SET_SELECTION]]
11-14 19:42:24.009  3222  3222 D UiObject: getText() = Notification drawer
11-14 19:42:24.059  3222  3222 I QueryController: Matched selector: UiSelector[CONTAINER=UiSelector[SCROLLABLE=true], PATTERN=UiSelector[INSTANCE=2, PATTERN=UiSelector[CLASS=android.widget.TextView]]] <<==>> [android.view.accessibility.AccessibilityNodeInfo@aff65; boundsInParent: Rect(0, 0 - 984, 96); boundsInScreen: Rect(48, 478 - 1032, 574); packageName: com.android.settings; className: android.widget.TextView; text: DEVICE; contentDescription: null; viewIdResName: null; checkable: false; checked: false; focusable: false; focused: false; selected: false; clickable: false; longClickable: false; enabled: false; password: false; scrollable: false; [ACTION_SELECT, ACTION_CLEAR_SELECTION, ACTION_ACCESSIBILITY_FOCUS, ACTION_NEXT_AT_MOVEMENT_GRANULARITY, ACTION_PREVIOUS_AT_MOVEMENT_GRANULARITY, ACTION_SET_SELECTION]]
11-14 19:42:24.059  3222  3222 D UiObject: getText() = DEVICE
11-14 19:42:24.109  3222  3222 I QueryController: Matched selector: UiSelector[CONTAINER=UiSelector[SCROLLABLE=true], PATTERN=UiSelector[INSTANCE=3, PATTERN=UiSelector[CLASS=android.widget.TextView]]] <<==>> [android.view.accessibility.AccessibilityNodeInfo@c0dad; boundsInParent: Rect(0, 0 - 157, 73); boundsInScreen: Rect(174, 611 - 331, 684); packageName: com.android.settings; className: android.widget.TextView; text: Sound; contentDescription: null; viewIdResName: android:id/title; checkable: false; checked: false; focusable: false; focused: false; selected: false; clickable: false; longClickable: false; enabled: true; password: false; scrollable: false; [ACTION_SELECT, ACTION_CLEAR_SELECTION, ACTION_ACCESSIBILITY_FOCUS, ACTION_NEXT_AT_MOVEMENT_GRANULARITY, ACTION_PREVIOUS_AT_MOVEMENT_GRANULARITY, ACTION_SET_SELECTION]]
11-14 19:42:24.109  3222  3222 D UiObject: getText() = Sound
11-14 19:42:24.149  3222  3222 I QueryController: Matched selector: UiSelector[CONTAINER=UiSelector[SCROLLABLE=true], PATTERN=UiSelector[INSTANCE=4, PATTERN=UiSelector[CLASS=android.widget.TextView]]] <<==>> [android.view.accessibility.AccessibilityNodeInfo@c116e; boundsInParent: Rect(0, 0 - 372, 73); boundsInScreen: Rect(174, 757 - 546, 830); packageName: com.android.settings; className: android.widget.TextView; text: Display & lights; contentDescription: null; viewIdResName: android:id/title; checkable: false; checked: false; focusable: false; focused: false; selected: false; clickable: false; longClickable: false; enabled: true; password: false; scrollable: false; [ACTION_SELECT, ACTION_CLEAR_SELECTION, ACTION_ACCESSIBILITY_FOCUS, ACTION_NEXT_AT_MOVEMENT_GRANULARITY, ACTION_PREVIOUS_AT_MOVEMENT_GRANULARITY, ACTION_SET_SELECTION]]
11-14 19:42:24.149  3222  3222 D UiObject: getText() = Display & lights
11-14 19:42:24.219  3222  3222 I QueryController: Matched selector: UiSelector[CONTAINER=UiSelector[SCROLLABLE=true], PATTERN=UiSelector[INSTANCE=5, PATTERN=UiSelector[CLASS=android.widget.TextView]]] <<==>> [android.view.accessibility.AccessibilityNodeInfo@c18f0; boundsInParent: Rect(0, 0 - 189, 73); boundsInScreen: Rect(174, 903 - 363, 976); packageName: com.android.settings; className: android.widget.TextView; text: Buttons; contentDescription: null; viewIdResName: android:id/title; checkable: false; checked: false; focusable: false; focused: false; selected: false; clickable: false; longClickable: false; enabled: true; password: false; scrollable: false; [ACTION_SELECT, ACTION_CLEAR_SELECTION, ACTION_ACCESSIBILITY_FOCUS, ACTION_NEXT_AT_MOVEMENT_GRANULARITY, ACTION_PREVIOUS_AT_MOVEMENT_GRANULARITY, ACTION_SET_SELECTION]]
11-14 19:42:24.219  3222  3222 D UiObject: getText() = Buttons
11-14 19:42:24.279  3222  3222 I QueryController: Matched selector: UiSelector[CONTAINER=UiSelector[SCROLLABLE=true], PATTERN=UiSelector[INSTANCE=6, PATTERN=UiSelector[CLASS=android.widget.TextView]]] <<==>> [android.view.accessibility.AccessibilityNodeInfo@c1cb1; boundsInParent: Rect(0, 0 - 189, 73); boundsInScreen: Rect(174, 1049 - 363, 1122); packageName: com.android.settings; className: android.widget.TextView; text: Storage; contentDescription: null; viewIdResName: android:id/title; checkable: false; checked: false; focusable: false; focused: false; selected: false; clickable: false; longClickable: false; enabled: true; password: false; scrollable: false; [ACTION_SELECT, ACTION_CLEAR_SELECTION, ACTION_ACCESSIBILITY_FOCUS, ACTION_NEXT_AT_MOVEMENT_GRANULARITY, ACTION_PREVIOUS_AT_MOVEMENT_GRANULARITY, ACTION_SET_SELECTION]]
11-14 19:42:24.279  3222  3222 D UiObject: getText() = Storage
11-14 19:42:24.339  3222  3222 I QueryController: Matched selector: UiSelector[CONTAINER=UiSelector[SCROLLABLE=true], PATTERN=UiSelector[INSTANCE=7, PATTERN=UiSelector[CLASS=android.widget.TextView]]] <<==>> [android.view.accessibility.AccessibilityNodeInfo@c2072; boundsInParent: Rect(0, 0 - 173, 73); boundsInScreen: Rect(174, 1195 - 347, 1268); packageName: com.android.settings; className: android.widget.TextView; text: Battery; contentDescription: null; viewIdResName: android:id/title; checkable: false; checked: false; focusable: false; focused: false; selected: false; clickable: false; longClickable: false; enabled: true; password: false; scrollable: false; [ACTION_SELECT, ACTION_CLEAR_SELECTION, ACTION_ACCESSIBILITY_FOCUS, ACTION_NEXT_AT_MOVEMENT_GRANULARITY, ACTION_PREVIOUS_AT_MOVEMENT_GRANULARITY, ACTION_SET_SELECTION]]
11-14 19:42:24.339  3222  3222 D UiObject: getText() = Battery
11-14 19:42:24.389  3222  3222 I QueryController: Matched selector: UiSelector[CONTAINER=UiSelector[SCROLLABLE=true], PATTERN=UiSelector[INSTANCE=8, PATTERN=UiSelector[CLASS=android.widget.TextView]]] <<==>> [android.view.accessibility.AccessibilityNodeInfo@ae8df; boundsInParent: Rect(0, 0 - 126, 73); boundsInScreen: Rect(174, 1341 - 300, 1414); packageName: com.android.settings; className: android.widget.TextView; text: Apps; contentDescription: null; viewIdResName: android:id/title; checkable: false; checked: false; focusable: false; focused: false; selected: false; clickable: false; longClickable: false; enabled: true; password: false; scrollable: false; [ACTION_SELECT, ACTION_CLEAR_SELECTION, ACTION_ACCESSIBILITY_FOCUS, ACTION_NEXT_AT_MOVEMENT_GRANULARITY, ACTION_PREVIOUS_AT_MOVEMENT_GRANULARITY, ACTION_SET_SELECTION]]
11-14 19:42:24.389  3222  3222 D UiObject: getText() = Apps
11-14 19:42:24.409  3222  3222 I QueryController: Matched selector: UiSelector[CONTAINER=UiSelector[SCROLLABLE=true], PATTERN=UiSelector[INSTANCE=8, PATTERN=UiSelector[CLASS=android.widget.TextView]]] <<==>> [android.view.accessibility.AccessibilityNodeInfo@ae8df; boundsInParent: Rect(0, 0 - 126, 73); boundsInScreen: Rect(174, 1341 - 300, 1414); packageName: com.android.settings; className: android.widget.TextView; text: Apps; contentDescription: null; viewIdResName: android:id/title; checkable: false; checked: false; focusable: false; focused: false; selected: false; clickable: false; longClickable: false; enabled: true; password: false; scrollable: false; [ACTION_SELECT, ACTION_CLEAR_SELECTION, ACTION_ACCESSIBILITY_FOCUS, ACTION_NEXT_AT_MOVEMENT_GRANULARITY, ACTION_PREVIOUS_AT_MOVEMENT_GRANULARITY, ACTION_SET_SELECTION]]
11-14 19:42:24.409  3222  3222 D InteractionController: clickAndWaitForNewWindow(237, 1377)
11-14 19:42:24.589  2374  2374 I Timeline: Timeline: Activity_launch_request id:com.android.settings time:144148
11-14 19:42:24.619   181   875 D AudioPolicyManagerBase: getOutput() device 2, stream 1, samplingRate 0, format 0, channelMask 3, flags 0
11-14 19:42:24.619   181   875 D AudioPolicyManagerBase: getOutput() returns output 2
11-14 19:42:24.619   181   908 D AudioPolicyManagerBase: getOutput() device 2, stream 1, samplingRate 0, format 0, channelMask 3, flags 0
11-14 19:42:24.619   181   908 D AudioPolicyManagerBase: getOutput() returns output 2
11-14 19:42:24.619   181   909 D AudioPolicyManagerBase: getOutput() device 2, stream 1, samplingRate 48000, format 1, channelMask 3, flags 4
11-14 19:42:24.619   181   909 D AudioPolicyManagerBase: getOutput() returns output 3
11-14 19:42:24.619   181   875 D AudioFlinger: start(4097), calling pid 631 session 20
11-14 19:42:24.619   181   875 D AudioFlinger: ? => ACTIVE (4097) on thread 0xb706ea20
11-14 19:42:24.619   181   875 I QCOM PowerHAL: Processing audio hint. Metadata: state=1
11-14 19:42:24.619   181   875 D AudioPolicyManagerBase: startOutput() output 3, stream 1, session 20
11-14 19:42:24.639   181   871 V audio_hw_primary: start_output_stream: enter: usecase(1: low-latency-playback) devices(0x2)
11-14 19:42:24.639   181   871 V msm8974_platform: platform_get_output_snd_device: enter: output devices(0x2)
11-14 19:42:24.639   181   871 V msm8974_platform: platform_get_output_snd_device: exit: snd_device(speaker)
11-14 19:42:24.639   181   871 D audio_hw_primary: select_devices: out_snd_device(2: speaker) in_snd_device(0: )
11-14 19:42:24.639   181   871 W msm8974_platform: Property audio.offload.24bit.enable is set
11-14 19:42:24.639   181   871 V msm8974_platform: platform_check_and_set_codec_backend_cfg usecase = 1
11-14 19:42:24.639   181   871 W msm8974_platform: Codec backend bitwidth 16, samplerate 48000
11-14 19:42:24.639   181   871 V msm8974_platform: Playback running bw 16 sr 48000 standby 0
11-14 19:42:24.639   181   871 V audio_hw_primary: enable_snd_device: snd_device(2: speaker)
11-14 19:42:24.639   181   871 V audio_hw_primary: enable_audio_route: enter: usecase(1)
11-14 19:42:24.639   181   871 V audio_hw_primary: enable_audio_route: apply mixer path: low-latency-playback
11-14 19:42:24.639   181   871 V audio_hw_primary: enable_audio_route: exit
11-14 19:42:24.639   181   871 V audio_hw_primary: start_output_stream: Opening PCM device card_id(0) device_id(15)
11-14 19:42:24.639   181   871 V audio_hw_primary: start_output_stream: exit
11-14 19:42:24.659  2374  2374 D SubSettings: Launching fragment com.android.settings.applications.ManageApplications
11-14 19:42:24.809   631   841 I ActivityManager: Displayed com.android.settings/.SubSettings: +184ms
11-14 19:42:24.819   181   869 I QCOM PowerHAL: Processing audio hint. Metadata: state=0
11-14 19:42:24.859  2374  2374 I Timeline: Timeline: Activity_idle id: android.os.BinderProxy@42c13d28 time:144417
11-14 19:42:25.139   631   841 I Timeline: Timeline: Activity_windows_visible id: ActivityRecord{41de0c40 u0 com.android.settings/.SubSettings t8} time:144691
11-14 19:42:25.439  2374  2374 D BluetoothAdapter: 1108294736: getState() :  mService = null. Returning STATE_OFF
11-14 19:42:25.529  2374  2374 I Timeline: Timeline: Activity_idle id: android.os.BinderProxy@42d4a4c0 time:145082
11-14 19:42:25.859   631   841 I Timeline: Timeline: Activity_windows_visible id: ActivityRecord{41d94ff8 u0 com.android.settings/.Settings t8} time:145410
11-14 19:42:26.789  2374  2374 I Choreographer: Skipped 55 frames!  The application may be doing too much work on its main thread.
11-14 19:42:26.929  1089  1089 I Timeline: Timeline: Activity_idle id: android.os.BinderProxy@41d08078 time:146488
11-14 19:42:27.349   631   841 I Timeline: Timeline: Activity_windows_visible id: ActivityRecord{41feac30 u0 com.cyanogenmod.trebuchet/org.cyanogenmod.trebuchet.CustomHomeLauncher t1} time:146901
11-14 19:42:27.789   181   874 V audio_hw_primary: out_standby: enter: usecase(1: low-latency-playback)
11-14 19:42:27.829   181   874 V audio_hw_primary: stop_output_stream: enter: usecase(1: low-latency-playback)
11-14 19:42:27.829   181   874 V audio_hw_primary: disable_audio_route: enter: usecase(1)
11-14 19:42:27.829   181   874 V audio_hw_primary: disable_audio_route: reset mixer path: low-latency-playback
11-14 19:42:27.829   181   874 V audio_hw_primary: disable_audio_route: exit
11-14 19:42:27.829   181   874 V audio_hw_primary: disable_snd_device: snd_device(2: speaker) refcnt=0
11-14 19:42:27.829   181   874 V audio_hw_primary: stop_output_stream: exit: status(0)
11-14 19:42:27.829   181   874 V audio_hw_primary: out_standby: exit
11-14 19:42:27.839  3222  3222 W InteractionController: runAndwaitForEvent timedout waiting for events
11-14 19:42:27.919  3222  3222 I QueryController: Matched selector: UiSelector[TEXT=Settings] <<==>> [android.view.accessibility.AccessibilityNodeInfo@1e423; boundsInParent: Rect(524167, 0 - 524428, 320); boundsInScreen: Rect(801, 1071 - 1062, 1391); packageName: com.cyanogenmod.trebuchet; className: android.widget.TextView; text: Settings; contentDescription: null; viewIdResName: null; checkable: false; checked: false; focusable: true; focused: false; selected: false; clickable: true; longClickable: true; enabled: true; password: false; scrollable: false; [ACTION_FOCUS, ACTION_SELECT, ACTION_CLEAR_SELECTION, ACTION_CLICK, ACTION_LONG_CLICK, ACTION_ACCESSIBILITY_FOCUS, ACTION_NEXT_AT_MOVEMENT_GRANULARITY, ACTION_PREVIOUS_AT_MOVEMENT_GRANULARITY, ACTION_SET_SELECTION]]
11-14 19:42:27.929  3222  3222 I QueryController: Matched selector: UiSelector[TEXT=Settings] <<==>> [android.view.accessibility.AccessibilityNodeInfo@1e423; boundsInParent: Rect(524167, 0 - 524428, 320); boundsInScreen: Rect(801, 1071 - 1062, 1391); packageName: com.cyanogenmod.trebuchet; className: android.widget.TextView; text: Settings; contentDescription: null; viewIdResName: null; checkable: false; checked: false; focusable: true; focused: false; selected: false; clickable: true; longClickable: true; enabled: true; password: false; scrollable: false; [ACTION_FOCUS, ACTION_SELECT, ACTION_CLEAR_SELECTION, ACTION_CLICK, ACTION_LONG_CLICK, ACTION_ACCESSIBILITY_FOCUS, ACTION_NEXT_AT_MOVEMENT_GRANULARITY, ACTION_PREVIOUS_AT_MOVEMENT_GRANULARITY, ACTION_SET_SELECTION]]
11-14 19:42:27.929  3222  3222 D InteractionController: clickAndWaitForNewWindow(931, 1231)
11-14 19:42:28.059   181   909 D AudioPolicyManagerBase: getOutput() device 2, stream 1, samplingRate 0, format 0, channelMask 3, flags 0
11-14 19:42:28.059   181   909 D AudioPolicyManagerBase: getOutput() returns output 2
11-14 19:42:28.059   181   181 D AudioPolicyManagerBase: getOutput() device 2, stream 1, samplingRate 0, format 0, channelMask 3, flags 0
11-14 19:42:28.059   181   181 D AudioPolicyManagerBase: getOutput() returns output 2
11-14 19:42:28.059   181   875 D AudioPolicyManagerBase: getOutput() device 2, stream 1, samplingRate 48000, format 1, channelMask 3, flags 4
11-14 19:42:28.059   181   875 D AudioPolicyManagerBase: getOutput() returns output 3
11-14 19:42:28.059  1089  1089 I Timeline: Timeline: Activity_launch_request id:com.android.settings time:147619
11-14 19:42:28.069   181   909 D AudioFlinger: start(4098), calling pid 631 session 21
11-14 19:42:28.069   181   909 D AudioFlinger: ? => ACTIVE (4098) on thread 0xb706e7f8
11-14 19:42:28.069   181   909 I QCOM PowerHAL: Processing audio hint. Metadata: state=1
11-14 19:42:28.069   181   909 D AudioPolicyManagerBase: startOutput() output 3, stream 1, session 21
11-14 19:42:28.079   181   871 V audio_hw_primary: start_output_stream: enter: usecase(1: low-latency-playback) devices(0x2)
11-14 19:42:28.079   181   871 V msm8974_platform: platform_get_output_snd_device: enter: output devices(0x2)
11-14 19:42:28.079   181   871 V msm8974_platform: platform_get_output_snd_device: exit: snd_device(speaker)
11-14 19:42:28.079   181   871 D audio_hw_primary: select_devices: out_snd_device(2: speaker) in_snd_device(0: )
11-14 19:42:28.079   181   871 W msm8974_platform: Property audio.offload.24bit.enable is set
11-14 19:42:28.079   181   871 V msm8974_platform: platform_check_and_set_codec_backend_cfg usecase = 1
11-14 19:42:28.079   181   871 W msm8974_platform: Codec backend bitwidth 16, samplerate 48000
11-14 19:42:28.079   181   871 V msm8974_platform: Playback running bw 16 sr 48000 standby 0
11-14 19:42:28.079   181   871 V audio_hw_primary: enable_snd_device: snd_device(2: speaker)
11-14 19:42:28.079   181   871 V audio_hw_primary: enable_audio_route: enter: usecase(1)
11-14 19:42:28.079   181   871 V audio_hw_primary: enable_audio_route: apply mixer path: low-latency-playback
11-14 19:42:28.079   181   871 V audio_hw_primary: enable_audio_route: exit
11-14 19:42:28.079   181   871 V audio_hw_primary: start_output_stream: Opening PCM device card_id(0) device_id(15)
11-14 19:42:28.089   181   871 V audio_hw_primary: start_output_stream: exit
11-14 19:42:28.259   181   869 I QCOM PowerHAL: Processing audio hint. Metadata: state=0
11-14 19:42:28.519  2374  2374 D BluetoothAdapter: 1108294736: getState() :  mService = null. Returning STATE_OFF
11-14 19:42:28.549  2374  2374 D BluetoothAdapter: 1108294736: getState() :  mService = null. Returning STATE_OFF
11-14 19:42:28.639  2374  2374 D BluetoothAdapter: 1108294736: getState() :  mService = null. Returning STATE_OFF
11-14 19:42:28.679  2374  2374 I Timeline: Timeline: Activity_idle id: android.os.BinderProxy@42d2f4e8 time:148232
11-14 19:42:28.679   631   841 I ActivityManager: Displayed com.android.settings/.Settings: +537ms
11-14 19:42:28.679   631   841 I Timeline: Timeline: Activity_windows_visible id: ActivityRecord{41d636f0 u0 com.android.settings/.Settings t9} time:148239
11-14 19:42:29.609   995   995 I wpa_supplicant: wlan0: CTRL-EVENT-SCAN-STARTED 
11-14 19:42:30.739  3222  3222 I QueryController: Matched selector: UiSelector[RESOURCE_ID=android:id/action_bar_title] <<==>> [android.view.accessibility.AccessibilityNodeInfo@cf66e; boundsInParent: Rect(0, 0 - 198, 73); boundsInScreen: Rect(145, 110 - 343, 183); packageName: com.android.settings; className: android.widget.TextView; text: Settings; contentDescription: null; viewIdResName: android:id/action_bar_title; checkable: false; checked: false; focusable: false; focused: false; selected: false; clickable: false; longClickable: false; enabled: true; password: false; scrollable: false; [ACTION_SELECT, ACTION_CLEAR_SELECTION, ACTION_ACCESSIBILITY_FOCUS, ACTION_NEXT_AT_MOVEMENT_GRANULARITY, ACTION_PREVIOUS_AT_MOVEMENT_GRANULARITY, ACTION_SET_SELECTION]]
11-14 19:42:30.739  3222  3222 D UiObject: getText() = Settings
11-14 19:42:30.779  3222  3222 D UiScrollable: scrollToBeginning() on selector = UiSelector[SCROLLABLE=true]
11-14 19:42:30.779  3222  3222 D UiScrollable: scrollBackward() on selector = UiSelector[SCROLLABLE=true]
11-14 19:42:30.799  3222  3222 I QueryController: Matched selector: UiSelector[SCROLLABLE=true] <<==>> [android.view.accessibility.AccessibilityNodeInfo@ceeec; boundsInParent: Rect(0, 0 - 1080, 1557); boundsInScreen: Rect(0, 219 - 1080, 1776); packageName: com.android.settings; className: android.widget.ListView; text: null; contentDescription: null; viewIdResName: android:id/list; checkable: false; checked: false; focusable: true; focused: true; selected: false; clickable: true; longClickable: false; enabled: true; password: false; scrollable: true; [ACTION_CLEAR_FOCUS, ACTION_SELECT, ACTION_CLEAR_SELECTION, ACTION_CLICK, ACTION_ACCESSIBILITY_FOCUS, ACTION_SCROLL_FORWARD]]
11-14 19:42:30.799  3222  3222 D UiScrollable: scrollToBegining() using vertical scroll
11-14 19:42:30.799  3222  3222 D InteractionController: scrollSwipe (540, 374, 540, 1621, 55)
11-14 19:42:31.229   181   874 V audio_hw_primary: out_standby: enter: usecase(1: low-latency-playback)
11-14 19:42:31.269   181   874 V audio_hw_primary: stop_output_stream: enter: usecase(1: low-latency-playback)
11-14 19:42:31.269   181   874 V audio_hw_primary: disable_audio_route: enter: usecase(1)
11-14 19:42:31.279   181   874 V audio_hw_primary: disable_audio_route: reset mixer path: low-latency-playback
11-14 19:42:31.279   181   874 V audio_hw_primary: disable_audio_route: exit
11-14 19:42:31.279   181   874 V audio_hw_primary: disable_snd_device: snd_device(2: speaker) refcnt=0
11-14 19:42:31.289   181   874 V audio_hw_primary: stop_output_stream: exit: status(0)
11-14 19:42:31.289   181   874 V audio_hw_primary: out_standby: exit
11-14 19:42:31.939  3222  3222 W InteractionController: runAndwaitForEvent timedout waiting for events
11-14 19:42:31.989  3222  3222 D UiScrollable: scrollForward() on selector = UiSelector[SCROLLABLE=true]
11-14 19:42:32.019  3222  3222 I QueryController: Matched selector: UiSelector[SCROLLABLE=true] <<==>> [android.view.accessibility.AccessibilityNodeInfo@ceeec; boundsInParent: Rect(0, 0 - 1080, 1557); boundsInScreen: Rect(0, 219 - 1080, 1776); packageName: com.android.settings; className: android.widget.ListView; text: null; contentDescription: null; viewIdResName: android:id/list; checkable: false; checked: false; focusable: true; focused: true; selected: false; clickable: true; longClickable: false; enabled: true; password: false; scrollable: true; [ACTION_CLEAR_FOCUS, ACTION_SELECT, ACTION_CLEAR_SELECTION, ACTION_CLICK, ACTION_ACCESSIBILITY_FOCUS, ACTION_SCROLL_FORWARD]]
11-14 19:42:32.019  3222  3222 D InteractionController: scrollSwipe (540, 1621, 540, 374, 55)
11-14 19:42:33.219  3222  3222 W InteractionController: runAndwaitForEvent timedout waiting for events
11-14 19:42:33.219  3222  3222 D InteractionController: scrollSwipe reached scroll end: false
11-14 19:42:33.809  3222  3222 I QueryController: Matched selector: UiSelector[SCROLLABLE=true, CHILD=UiSelector[TEXT=Apps]] <<==>> [android.view.accessibility.AccessibilityNodeInfo@d0933; boundsInParent: Rect(0, 0 - 126, 73); boundsInScreen: Rect(174, 1343 - 300, 1416); packageName: com.android.settings; className: android.widget.TextView; text: Apps; contentDescription: null; viewIdResName: android:id/title; checkable: false; checked: false; focusable: false; focused: false; selected: false; clickable: false; longClickable: false; enabled: true; password: false; scrollable: false; [ACTION_SELECT, ACTION_CLEAR_SELECTION, ACTION_ACCESSIBILITY_FOCUS, ACTION_NEXT_AT_MOVEMENT_GRANULARITY, ACTION_PREVIOUS_AT_MOVEMENT_GRANULARITY, ACTION_SET_SELECTION]]
11-14 19:42:34.469  3222  3222 I QueryController: Counted 12 instances of: UiSelector[CONTAINER=UiSelector[SCROLLABLE=true], PATTERN=UiSelector[PATTERN=UiSelector[CLASS=android.widget.TextView]]]
11-14 19:42:34.489  3222  3222 I QueryController: Matched selector: UiSelector[CONTAINER=UiSelector[SCROLLABLE=true], PATTERN=UiSelector[INSTANCE=0, PATTERN=UiSelector[CLASS=android.widget.TextView]]] <<==>> [android.view.accessibility.AccessibilityNodeInfo@d1bf8; boundsInParent: Rect(0, 0 - 249, 73); boundsInScreen: Rect(174, 223 - 423, 296); packageName: com.android.settings; className: android.widget.TextView; text: Status bar; contentDescription: null; viewIdResName: android:id/title; checkable: false; checked: false; focusable: false; focused: false; selected: false; clickable: false; longClickable: false; enabled: true; password: false; scrollable: false; [ACTION_SELECT, ACTION_CLEAR_SELECTION, ACTION_ACCESSIBILITY_FOCUS, ACTION_NEXT_AT_MOVEMENT_GRANULARITY, ACTION_PREVIOUS_AT_MOVEMENT_GRANULARITY, ACTION_SET_SELECTION]]
11-14 19:42:34.489  3222  3222 D UiObject: getText() = Status bar
11-14 19:42:34.549  3222  3222 I QueryController: Matched selector: UiSelector[CONTAINER=UiSelector[SCROLLABLE=true], PATTERN=UiSelector[INSTANCE=1, PATTERN=UiSelector[CLASS=android.widget.TextView]]] <<==>> [android.view.accessibility.AccessibilityNodeInfo@d1fb9; boundsInParent: Rect(0, 0 - 462, 73); boundsInScreen: Rect(174, 369 - 636, 442); packageName: com.android.settings; className: android.widget.TextView; text: Notification drawer; contentDescription: null; viewIdResName: android:id/title; checkable: false; checked: false; focusable: false; focused: false; selected: false; clickable: false; longClickable: false; enabled: true; password: false; scrollable: false; [ACTION_SELECT, ACTION_CLEAR_SELECTION, ACTION_ACCESSIBILITY_FOCUS, ACTION_NEXT_AT_MOVEMENT_GRANULARITY, ACTION_PREVIOUS_AT_MOVEMENT_GRANULARITY, ACTION_SET_SELECTION]]
11-14 19:42:34.549  3222  3222 D UiObject: getText() = Notification drawer
