04-14 15:56:03.325  1823  1823 W ViewRootImpl: Cancelling event due to no window focus: KeyEvent { action=ACTION_UP, keyCode=KEYCODE_DPAD_DOWN, scanCode=0, metaState=0, flags=0x28, repeatCount=0, eventTime=5369530, downTime=5369530, deviceId=-1, source=0x101 }
04-14 15:56:03.325  1823  1823 W ViewRootImpl: Cancelling event due to no window focus: KeyEvent { action=ACTION_UP, keyCode=KEYCODE_DPAD_DOWN, scanCode=0, metaState=0, flags=0x28, repeatCount=0, eventTime=5369530, downTime=5369530, deviceId=-1, source=0x101 }
04-14 15:56:03.326  1823  1823 W ViewRootImpl: Cancelling event due to no window focus: KeyEvent { action=ACTION_UP, keyCode=KEYCODE_DPAD_DOWN, scanCode=0, metaState=0, flags=0x28, repeatCount=0, eventTime=5369530, downTime=5369530, deviceId=-1, source=0x101 }
04-14 15:56:03.347  1823  1823 W ViewRootImpl: Cancelling event due to no window focus: KeyEvent { action=ACTION_UP, keyCode=KEYCODE_DPAD_DOWN, scanCode=0, metaState=0, flags=0x28, repeatCount=0, eventTime=5369530, downTime=5369530, deviceId=-1, source=0x101 }
04-14 15:56:03.348  1823  1823 W ViewRootImpl: Cancelling event due to no window focus: KeyEvent { action=ACTION_UP, keyCode=KEYCODE_DPAD_DOWN, scanCode=0, metaState=0, flags=0x28, repeatCount=0, eventTime=5369530, downTime=5369530, deviceId=-1, source=0x101 }
04-14 15:56:03.348  1823  1823 W ViewRootImpl: Cancelling event due to no window focus: KeyEvent { action=ACTION_UP, keyCode=KEYCODE_DPAD_DOWN, scanCode=0, metaState=0, flags=0x28, repeatCount=0, eventTime=5369530, downTime=5369530, deviceId=-1, source=0x101 }
04-14 15:56:03.440   708   724 W InputMethodManagerService: Window already focused, ignoring focus gain of: com.android.internal.view.IInputMethodClient$Stub$Proxy@1543d8f2 attribute=null, token = android.os.BinderProxy@9efa25b
04-14 15:56:19.937   708  1259 W ProcessCpuTracker: Skipping unknown process pid 32311
04-14 15:56:46.345   708   773 I ProcessStatsService: Prepared write state in 10ms
04-14 15:56:58.238   708  1194 I ActivityManager: START u0 {act=android.intent.action.MAIN cat=[android.intent.category.LAUNCHER] flg=0x10200000 cmp=com.zhihu.android/.app.ui.activity.MainActivity} from uid 0 on display 0
04-14 15:57:29.833   708  1718 W ProcessCpuTracker: Skipping unknown process pid 17599
04-14 15:57:39.798   708  1720 W ProcessCpuTracker: Skipping unknown process pid 20044
04-14 15:57:51.755   708   797 I ActivityManager: START u0 {act=android.intent.action.MAIN cat=[android.intent.category.LAUNCHER] flg=0x10000000 cmp=com.android.calendar/.AllInOneActivity sel=act=android.intent.action.MAIN cat=[android.intent.category.APP_CALENDAR]}} from uid 1000 on display 0
04-14 15:58:32.750   708  1194 I ActivityManager: START u0 {act=android.intent.action.MAIN cat=[android.intent.category.LAUNCHER] flg=0x10200000 cmp=com.zhihu.android/.app.ui.activity.MainActivity} from uid 0 on display 0
04-14 15:58:45.674   708   797 I WindowManager: Input event dispatching timed out sending to com.zhihu.android/com.zhihu.android.app.ui.activity.MainActivity.  Reason: Waiting to send key event because the focused window has not finished processing all of the input events that were previously delivered to it.  Outbound queue length: 0.  Wait queue length: 1.
04-14 15:58:45.789   708   773 I ActivityManager: Skipping duplicate ANR: ProcessRecord{171c1fe0 1823:com.zhihu.android/u0a54} Input dispatching timed out (Waiting to send key event because the focused window has not finished processing all of the input events that were previously delivered to it.  Outbound queue length: 0.  Wait queue length: 1.)
04-14 15:58:45.792   708  1844 W InputManager: Input event injection from pid 3894 timed out.
04-14 15:58:50.099   708  1195 W ProcessCpuTracker: Skipping unknown process pid 5313
04-14 15:58:50.784   708 10522 W BackupManagerService: dataChanged but no participant pkg='com.android.providers.settings' uid=10013
04-14 15:58:50.786   708   708 D ZenLog  : set_zen_mode: important_interruptions,setting
04-14 15:58:50.786   708   708 D ZenLog  : update_zen_mode: no_interruptions -> important_interruptions
04-14 15:58:50.790   708   708 D ZenLog  : set_ringer_mode_internal: ZenModeHelper,i:silent->normal,e:silent->silent
04-14 15:58:51.983   708 16952 D ConditionProviders: Subscribing to condition://android/countdown/1492160331126 with android.service.notification.ConditionProviderService$Provider@1fdd05c2
04-14 15:58:51.983   708 16952 D ZenLog  : subscribe: condition://android/countdown/1492160331126,ok
04-14 15:58:51.984   708 16952 D ZenLog  : exit_condition: Condition[id=condition://android/countdown/1492160331126,summary=For one hour (until 4:58 PM),line1=For one hour,line2=Until 4:58 PM,icon=0,state=STATE_TRUE,flags=1],{android/com.android.server.notification.CountdownConditionProvider},binderCall
04-14 15:58:52.043   708 16952 D ZenLog  : config: ZenModeConfig[allowCalls=false,allowMessages=false,allowFrom=anyone,allowEvents=true,sleepMode=null,sleepStart=22.0,sleepEnd=7.0,sleepNone=false,conditionComponents=null,conditionIds=null,exitCondition=Condition[id=condition://android/countdown/1492160331126,summary=For one hour (until 4:58 PM),line1=For one hour,line2=Until 4:58 PM,icon=0,state=STATE_TRUE,flags=1],exitConditionComponent=ComponentInfo{android/com.android.server.notification.CountdownConditionProvider}]
04-14 15:58:52.080   708   708 D NotificationService: handleSavePolicyFile
04-14 15:59:05.089   708   797 I WindowManager: Input event dispatching timed out sending to com.zhihu.android/com.zhihu.android.app.ui.activity.MainActivity.  Reason: Waiting to send key event because the focused window has not finished processing all of the input events that were previously delivered to it.  Outbound queue length: 0.  Wait queue length: 6.
04-14 15:59:05.201   708 16952 W InputManager: Input event injection from pid 3894 timed out.
04-14 15:59:05.249   708   773 I ActivityManager: Skipping duplicate ANR: ProcessRecord{171c1fe0 1823:com.zhihu.android/u0a54} Input dispatching timed out (Waiting to send key event because the focused window has not finished processing all of the input events that were previously delivered to it.  Outbound queue length: 0.  Wait queue length: 6.)
04-14 15:59:19.482   708   724 D ZenLog  : set_ringer_mode_internal: AudioService.onSetStreamVolume,i:normal->vibrate,e:silent->silent
04-14 16:00:10.287   708 11058 W ProcessCpuTracker: Skipping unknown process pid 24922
04-14 16:00:18.801   708   708 D ZenLog  : intercepted: 0|com.android.systemui|789|null|10013,!priority
04-14 16:00:18.827   708   708 V NotificationService: pkg=com.android.systemui canInterrupt=false intercept=true
04-14 16:00:25.602   708   773 W ProcessCpuTracker: Skipping unknown process pid 28722
04-14 16:00:25.649   708   773 W ProcessCpuTracker: Skipping unknown process pid 28723
04-14 16:00:25.650   708   773 W ProcessCpuTracker: Skipping unknown process pid 28724
04-14 16:00:31.401   708   773 W ProcessCpuTracker: Skipping unknown process pid 29713
04-14 16:01:26.341   708   708 I JobServiceContext: Client timed out while executing (no jobFinished received). sending onStop. android/com.android.server.pm.BackgroundDexOptService jId=800, u0
04-14 16:01:28.326   708  1720 W ProcessCpuTracker: Skipping unknown process pid 12210
04-14 16:01:29.103   708   797 I ActivityManager: START u0 {act=android.intent.action.MAIN cat=[android.intent.category.LAUNCHER] flg=0x10000000 cmp=com.android.contacts/.activities.PeopleActivity sel=act=android.intent.action.MAIN cat=[android.intent.category.APP_CONTACTS]}} from uid 1000 on display 0
04-14 16:02:40.540   708   708 I JobServiceContext: Client timed out while executing (no jobFinished received). sending onStop. android/com.android.server.pm.BackgroundDexOptService jId=800, u0
04-14 16:02:56.839   708  1259 I ActivityManager: START u0 {act=android.intent.action.MAIN cat=[android.intent.category.LAUNCHER] flg=0x10200000 cmp=com.zhihu.android/.app.ui.activity.MainActivity} from uid 0 on display 0
04-14 16:03:32.793   708  1195 I ActivityManager: START u0 {act=android.intent.action.MAIN cat=[android.intent.category.LAUNCHER] flg=0x10200000 cmp=com.zhihu.android/.app.ui.activity.MainActivity} from uid 0 on display 0
04-14 16:03:34.885   708   818 D ConnectivityService: updateNetworkScore for NetworkAgentInfo [WIFI () - 100] to 60
04-14 16:03:34.885   708   818 D ConnectivityService: rematching NetworkAgentInfo [WIFI () - 100]
04-14 16:03:34.885   708   818 D ConnectivityService: Network NetworkAgentInfo [WIFI () - 100] was already satisfying request 1. No change.
04-14 16:03:34.886   708   818 D ConnectivityService: notifyType AVAILABLE for NetworkAgentInfo [WIFI () - 100]
04-14 16:03:38.083   708  1720 W InputMethodManagerService: Window already focused, ignoring focus gain of: com.android.internal.view.IInputMethodClient$Stub$Proxy@17c07f4d attribute=null, token = android.os.BinderProxy@9efa25b
04-14 16:03:38.188   708   818 D ConnectivityService: updateNetworkScore for NetworkAgentInfo [WIFI () - 100] to 56
04-14 16:03:38.188   708   818 D ConnectivityService: rematching NetworkAgentInfo [WIFI () - 100]
04-14 16:03:38.189   708   818 D ConnectivityService: Network NetworkAgentInfo [WIFI () - 100] was already satisfying request 1. No change.
04-14 16:03:38.189   708   818 D ConnectivityService: notifyType AVAILABLE for NetworkAgentInfo [WIFI () - 100]
04-14 16:03:54.532   708   797 I WindowManager: Input event dispatching timed out sending to com.zhihu.android/com.zhihu.android.app.ui.activity.MainActivity.  Reason: Waiting to send key event because the focused window has not finished processing all of the input events that were previously delivered to it.  Outbound queue length: 0.  Wait queue length: 1.
04-14 16:03:54.753   708  1259 W InputManager: Input event injection from pid 3894 timed out.
04-14 16:03:55.033   708   773 I ActivityManager: Skipping duplicate ANR: ProcessRecord{171c1fe0 1823:com.zhihu.android/u0a54} Input dispatching timed out (Waiting to send key event because the focused window has not finished processing all of the input events that were previously delivered to it.  Outbound queue length: 0.  Wait queue length: 1.)
04-14 16:04:03.442   708   808 I ActivityManager: START u0 {act=android.intent.action.MAIN cat=[android.intent.category.LAUNCHER] flg=0x10200000 cmp=com.zhihu.android/.app.ui.activity.MainActivity} from uid 0 on display 0
04-14 16:04:18.010   708  1844 W InputMethodManagerService: Window already focused, ignoring focus gain of: com.android.internal.view.IInputMethodClient$Stub$Proxy@18c3944e attribute=null, token = android.os.BinderProxy@9efa25b
04-14 16:04:18.210   708   806 I ActivityManager: START u0 {act=android.intent.action.MAIN cat=[android.intent.category.LAUNCHER] flg=0x10200000 cmp=com.zhihu.android/.app.ui.activity.MainActivity} from uid 0 on display 0
04-14 16:04:40.786   708 10522 D ZenLog  : set_ringer_mode_internal: AudioService.checkForRingerModeChange,i:vibrate->normal,e:silent->silent
04-14 16:04:52.434   708 16952 I ActivityManager: START u0 {act=android.intent.action.MAIN cat=[android.intent.category.LAUNCHER] flg=0x10200000 cmp=com.zhihu.android/.app.ui.activity.MainActivity} from uid 0 on display 0
04-14 16:04:59.652   708  1259 D ZenLog  : set_ringer_mode_internal: AudioService.checkForRingerModeChange,i:normal->vibrate,e:silent->silent
04-14 16:05:19.587   708  1718 I ActivityManager: START u0 {act=com.android.systemui.recents.SHOW_RECENTS flg=0x10804000 cmp=com.android.systemui/.recents.RecentsActivity} from uid 10013 on display 0
04-14 16:05:25.803   708   708 I JobServiceContext: Client timed out while executing (no jobFinished received). sending onStop. android/com.android.server.pm.BackgroundDexOptService jId=800, u0
04-14 16:05:40.325   708   808 W ProcessCpuTracker: Skipping unknown process pid 10117
04-14 16:05:40.326   708   808 W ProcessCpuTracker: Skipping unknown process pid 10118
04-14 16:05:40.327   708   808 W ProcessCpuTracker: Skipping unknown process pid 10119
04-14 16:05:50.227   708  1844 I ActivityManager: START u0 {act=android.intent.action.MAIN cat=[android.intent.category.LAUNCHER] flg=0x10200000 cmp=com.zhihu.android/.app.ui.activity.MainActivity} from uid 0 on display 0
04-14 16:06:00.188   708   818 D ConnectivityService: updateNetworkScore for NetworkAgentInfo [WIFI () - 100] to 60
04-14 16:06:00.188   708   818 D ConnectivityService: rematching NetworkAgentInfo [WIFI () - 100]
04-14 16:06:00.189   708   818 D ConnectivityService: Network NetworkAgentInfo [WIFI () - 100] was already satisfying request 1. No change.
04-14 16:06:00.189   708   818 D ConnectivityService: notifyType AVAILABLE for NetworkAgentInfo [WIFI () - 100]
04-14 16:06:03.636   708   818 D ConnectivityService: updateNetworkScore for NetworkAgentInfo [WIFI () - 100] to 56
04-14 16:06:03.636   708   818 D ConnectivityService: rematching NetworkAgentInfo [WIFI () - 100]
04-14 16:06:03.637   708   818 D ConnectivityService: Network NetworkAgentInfo [WIFI () - 100] was already satisfying request 1. No change.
04-14 16:06:03.637   708   818 D ConnectivityService: notifyType AVAILABLE for NetworkAgentInfo [WIFI () - 100]
04-14 16:06:19.475   708   773 I ActivityManager: Waited long enough for: ServiceRecord{424b198 u0 com.android.music/.MediaPlaybackService}
04-14 16:06:20.504   708  1196 W ProcessCpuTracker: Skipping unknown process pid 19895
04-14 16:06:47.708   708   725 I ActivityManager: START u0 {act=android.intent.action.MAIN cat=[android.intent.category.LAUNCHER] flg=0x10200000 cmp=com.zhihu.android/.app.ui.activity.MainActivity} from uid 0 on display 0
04-14 16:06:56.004   708  1259 W InputMethodManagerService: Window already focused, ignoring focus gain of: com.android.internal.view.IInputMethodClient$Stub$Proxy@374742dc attribute=null, token = android.os.BinderProxy@9efa25b
04-14 16:07:14.581   708   708 I JobServiceContext: Client timed out while executing (no jobFinished received). sending onStop. android/com.android.server.pm.BackgroundDexOptService jId=800, u0
04-14 16:07:28.254   708  1158 I ActivityManager: START u0 {act=android.intent.action.MAIN cat=[android.intent.category.LAUNCHER] flg=0x10200000 cmp=com.zhihu.android/.app.ui.activity.MainActivity} from uid 0 on display 0
04-14 16:07:37.071   708  1718 W InputMethodManagerService: Window already focused, ignoring focus gain of: com.android.internal.view.IInputMethodClient$Stub$Proxy@8e65f99 attribute=null, token = android.os.BinderProxy@9efa25b
04-14 16:08:10.485   708 10258 W ProcessCpuTracker: Skipping unknown process pid 14955
04-14 16:08:13.438   708   797 I WindowManager: Input event dispatching timed out sending to com.zhihu.android/com.zhihu.android.app.ui.activity.MainActivity.  Reason: Waiting to send non-key event because the focused window has not finished processing certain input events that were delivered to it over 500.0ms ago.  Wait queue length: 8.  Wait queue head age: 6083.6ms.
04-14 16:08:13.594   708   773 I ActivityManager: Skipping duplicate ANR: ProcessRecord{171c1fe0 1823:com.zhihu.android/u0a54} Input dispatching timed out (Waiting to send non-key event because the focused window has not finished processing certain input events that were delivered to it over 500.0ms ago.  Wait queue length: 8.  Wait queue head age: 6083.6ms.)
04-14 16:08:13.598   708  1720 W InputManager: Input event injection from pid 3894 timed out.
04-14 16:08:24.140   708   708 I JobServiceContext: Client timed out while executing (no jobFinished received). sending onStop. android/com.android.server.pm.BackgroundDexOptService jId=800, u0
04-14 16:09:10.886   708   797 I ActivityManager: START u0 {act=android.intent.action.MAIN cat=[android.intent.category.LAUNCHER] flg=0x10000000 cmp=com.android.email/.activity.Welcome sel=act=android.intent.action.MAIN cat=[android.intent.category.APP_EMAIL]}} from uid 1000 on display 0
04-14 16:09:35.858   708   708 I JobServiceContext: Client timed out while executing (no jobFinished received). sending onStop. android/com.android.server.pm.BackgroundDexOptService jId=800, u0
04-14 16:09:36.692   708 10522 W BackupManagerService: dataChanged but no participant pkg='com.android.providers.settings' uid=10013
04-14 16:09:36.693   708   708 D ZenLog  : set_zen_mode: off,setting
04-14 16:09:36.693   708   708 D ZenLog  : update_zen_mode: important_interruptions -> off
04-14 16:09:36.695   708   708 D ZenLog  : set_ringer_mode_internal: ZenModeHelper,i:vibrate->vibrate,e:silent->vibrate
04-14 16:09:36.718   708   708 D ZenLog  : unsubscribe: condition://android/countdown/1492160331126,ok
04-14 16:09:36.718   708   708 D ZenLog  : exit_condition: null,null,zenOff
04-14 16:09:36.732   708   708 D ZenLog  : config: ZenModeConfig[allowCalls=false,allowMessages=false,allowFrom=anyone,allowEvents=true,sleepMode=null,sleepStart=22.0,sleepEnd=7.0,sleepNone=false,conditionComponents=null,conditionIds=null,exitCondition=null,exitConditionComponent=null]
04-14 16:09:36.887   708   708 D NotificationService: handleSavePolicyFile
04-14 16:11:02.048   708 11058 I ActivityManager: START u0 {act=android.intent.action.MAIN cat=[android.intent.category.LAUNCHER] flg=0x10200000 cmp=com.zhihu.android/.app.ui.activity.MainActivity} from uid 0 on display 0
04-14 16:11:02.609   708   806 W InputMethodManagerService: Window already focused, ignoring focus gain of: com.android.internal.view.IInputMethodClient$Stub$Proxy@39373328 attribute=null, token = android.os.BinderProxy@9efa25b
04-14 16:11:36.920   708   708 I JobServiceContext: Client timed out while executing (no jobFinished received). sending onStop. android/com.android.server.pm.BackgroundDexOptService jId=800, u0
04-14 16:11:57.932   708  1259 I ActivityManager: START u0 {act=com.android.systemui.recents.SHOW_RECENTS flg=0x10804000 cmp=com.android.systemui/.recents.RecentsActivity} from uid 10013 on display 0
04-14 16:11:59.951   708   808 I ActivityManager: START u0 {act=android.intent.action.MAIN cat=[android.intent.category.LAUNCHER] flg=0x10200000 cmp=com.zhihu.android/.app.ui.activity.MainActivity} from uid 0 on display 0
04-14 16:12:07.022   708   797 I ActivityManager: START u0 {act=android.intent.action.MAIN cat=[android.intent.category.LAUNCHER] flg=0x10000000 cmp=com.android.email/.activity.Welcome sel=act=android.intent.action.MAIN cat=[android.intent.category.APP_EMAIL]}} from uid 1000 on display 0
04-14 16:12:37.551   708   708 I JobServiceContext: Client timed out while executing (no jobFinished received). sending onStop. android/com.android.server.pm.BackgroundDexOptService jId=800, u0
04-14 16:12:50.900   708 11058 W ProcessCpuTracker: Skipping unknown process pid 19745
04-14 16:13:28.052   708 11058 I ActivityManager: START u0 {act=android.intent.action.MAIN cat=[android.intent.category.LAUNCHER] flg=0x10200000 cmp=com.zhihu.android/.app.ui.activity.MainActivity} from uid 0 on display 0
04-14 16:13:40.333   708 16952 W ProcessCpuTracker: Skipping unknown process pid 31895
04-14 16:13:40.334   708 16952 W ProcessCpuTracker: Skipping unknown process pid 31897
04-14 16:13:43.628  1823  1823 W ViewRootImpl: Cancelling event due to no window focus: KeyEvent { action=ACTION_UP, keyCode=KEYCODE_DPAD_RIGHT, scanCode=0, metaState=0, flags=0x80000028, repeatCount=0, eventTime=6429829, downTime=6429829, deviceId=-1, source=0x101 }
04-14 16:13:43.628  1823  1823 W ViewRootImpl: Cancelling event due to no window focus: KeyEvent { action=ACTION_UP, keyCode=KEYCODE_DPAD_RIGHT, scanCode=0, metaState=0, flags=0x80000028, repeatCount=0, eventTime=6429829, downTime=6429829, deviceId=-1, source=0x101 }
04-14 16:13:43.629  1823  1823 W ViewRootImpl: Cancelling event due to no window focus: KeyEvent { action=ACTION_UP, keyCode=KEYCODE_DPAD_RIGHT, scanCode=0, metaState=0, flags=0x80000028, repeatCount=0, eventTime=6429829, downTime=6429829, deviceId=-1, source=0x101 }
04-14 16:13:43.824   708   725 W InputMethodManagerService: Window already focused, ignoring focus gain of: com.android.internal.view.IInputMethodClient$Stub$Proxy@2da0d096 attribute=null, token = android.os.BinderProxy@9efa25b
04-14 16:13:50.452   708 11058 W ProcessCpuTracker: Skipping unknown process pid 2379
04-14 16:13:50.455   708 11058 W ProcessCpuTracker: Skipping unknown process pid 2387
04-14 16:14:30.259   708  1158 W BackupManagerService: dataChanged but no participant pkg='com.android.providers.settings' uid=10013
04-14 16:14:30.266   708   708 D ZenLog  : set_zen_mode: no_interruptions,setting
04-14 16:14:30.266   708   708 D ZenLog  : update_zen_mode: off -> no_interruptions
04-14 16:14:30.277   708   708 D ZenLog  : set_ringer_mode_internal: ZenModeHelper,i:vibrate->silent,e:vibrate->silent
04-14 16:14:32.104   708   806 D ConditionProviders: Subscribing to condition://android/countdown/1492161271600 with android.service.notification.ConditionProviderService$Provider@1fdd05c2
04-14 16:14:32.104   708   806 D ZenLog  : subscribe: condition://android/countdown/1492161271600,ok
04-14 16:14:32.105   708   806 D ZenLog  : exit_condition: Condition[id=condition://android/countdown/1492161271600,summary=For one hour (until 5:14 PM),line1=For one hour,line2=Until 5:14 PM,icon=0,state=STATE_TRUE,flags=1],{android/com.android.server.notification.CountdownConditionProvider},binderCall
04-14 16:14:32.177   708   806 D ZenLog  : config: ZenModeConfig[allowCalls=false,allowMessages=false,allowFrom=anyone,allowEvents=true,sleepMode=null,sleepStart=22.0,sleepEnd=7.0,sleepNone=false,conditionComponents=null,conditionIds=null,exitCondition=Condition[id=condition://android/countdown/1492161271600,summary=For one hour (until 5:14 PM),line1=For one hour,line2=Until 5:14 PM,icon=0,state=STATE_TRUE,flags=1],exitConditionComponent=ComponentInfo{android/com.android.server.notification.CountdownConditionProvider}]
04-14 16:14:32.187   708   708 D NotificationService: handleSavePolicyFile
04-14 16:14:40.985   708 10522 W ProcessCpuTracker: Skipping unknown process pid 14852
04-14 16:15:10.636   708   708 I JobServiceContext: Client timed out while executing (no jobFinished received). sending onStop. android/com.android.server.pm.BackgroundDexOptService jId=800, u0
04-14 16:15:23.890   708  1158 I ActivityManager: START u0 {act=android.intent.action.MAIN cat=[android.intent.category.LAUNCHER] flg=0x10200000 cmp=com.zhihu.android/.app.ui.activity.MainActivity} from uid 0 on display 0
04-14 16:15:27.861   708  1158 I ActivityManager: START u0 {act=android.intent.action.MAIN cat=[android.intent.category.LAUNCHER] flg=0x10200000 cmp=com.zhihu.android/.app.ui.activity.MainActivity} from uid 0 on display 0
04-14 16:16:20.775   708   806 W ProcessCpuTracker: Skipping unknown process pid 7414
04-14 16:16:24.423   708   708 I JobServiceContext: Client timed out while executing (no jobFinished received). sending onStop. android/com.android.server.pm.BackgroundDexOptService jId=800, u0
04-14 16:16:30.680   708 10522 W ProcessCpuTracker: Skipping unknown process pid 9843
04-14 16:16:30.832   708 10522 W ProcessCpuTracker: Skipping unknown process pid 9847
04-14 16:16:30.837   708 10522 W ProcessCpuTracker: Skipping unknown process pid 9892
04-14 16:16:40.487   708   808 I ActivityManager: START u0 {act=android.intent.action.MAIN cat=[android.intent.category.LAUNCHER] flg=0x10200000 cmp=com.zhihu.android/.app.ui.activity.MainActivity} from uid 0 on display 0
04-14 16:17:24.289   708  1720 I ActivityManager: START u0 {act=android.intent.action.MAIN cat=[android.intent.category.LAUNCHER] flg=0x10200000 cmp=com.zhihu.android/.app.ui.activity.MainActivity} from uid 0 on display 0
04-14 16:17:32.539   708   708 I JobServiceContext: Client timed out while executing (no jobFinished received). sending onStop. android/com.android.server.pm.BackgroundDexOptService jId=800, u0
04-14 16:17:52.656   708  1196 I ActivityManager: START u0 {act=android.intent.action.VIEW dat=content://media/external/images/media/35 typ=image/png flg=0x10000000 cmp=com.android.gallery3d/.app.GalleryActivity} from uid 10013 on display 0
04-14 16:17:54.315   708  1718 W InputMethodManagerService: Window already focused, ignoring focus gain of: com.android.internal.view.IInputMethodClient$Stub$Proxy@13856ed0 attribute=null, token = android.os.BinderProxy@9efa25b
04-14 16:18:08.207   708  1720 I ActivityManager: START u0 {act=android.intent.action.MAIN cat=[android.intent.category.LAUNCHER] flg=0x10200000 cmp=com.zhihu.android/.app.ui.activity.MainActivity} from uid 0 on display 0
04-14 16:18:09.092   708   725 W InputMethodManagerService: Window already focused, ignoring focus gain of: com.android.internal.view.IInputMethodClient$Stub$Proxy@266847e8 attribute=null, token = android.os.BinderProxy@9efa25b
04-14 16:18:10.809   708   808 W ProcessCpuTracker: Skipping unknown process pid 2361
04-14 16:19:26.426   708   808 I ActivityManager: START u0 {act=android.intent.action.MAIN cat=[android.intent.category.LAUNCHER] flg=0x10200000 cmp=com.zhihu.android/.app.ui.activity.MainActivity} from uid 0 on display 0
04-14 16:19:29.477   708 16952 I ActivityManager: START u0 {act=android.intent.action.MAIN cat=[android.intent.category.LAUNCHER] flg=0x10200000 cmp=com.zhihu.android/.app.ui.activity.MainActivity} from uid 0 on display 0
04-14 16:19:36.561   708   797 I WindowManager: Input event dispatching timed out sending to com.zhihu.android/com.zhihu.android.app.ui.activity.MainActivity.  Reason: Waiting to send key event because the focused window has not finished processing all of the input events that were previously delivered to it.  Outbound queue length: 0.  Wait queue length: 1.
04-14 16:19:36.681   708   773 I ActivityManager: Skipping duplicate ANR: ProcessRecord{171c1fe0 1823:com.zhihu.android/u0a54} Input dispatching timed out (Waiting to send key event because the focused window has not finished processing all of the input events that were previously delivered to it.  Outbound queue length: 0.  Wait queue length: 1.)
04-14 16:19:36.684   708  1720 W InputManager: Input event injection from pid 3894 timed out.
04-14 16:20:02.562   708   797 I WindowManager: Input event dispatching timed out sending to com.zhihu.android/com.zhihu.android.app.ui.activity.MainActivity.  Reason: Waiting to send key event because the focused window has not finished processing all of the input events that were previously delivered to it.  Outbound queue length: 0.  Wait queue length: 1.
04-14 16:20:02.736   708  1844 W InputManager: Input event injection from pid 3894 timed out.
04-14 16:20:02.822   708   773 I ActivityManager: Skipping duplicate ANR: ProcessRecord{171c1fe0 1823:com.zhihu.android/u0a54} Input dispatching timed out (Waiting to send key event because the focused window has not finished processing all of the input events that were previously delivered to it.  Outbound queue length: 0.  Wait queue length: 1.)
04-14 16:20:09.103   856   856 W ViewRootImpl: Dropping event due to no window focus: KeyEvent { action=ACTION_DOWN, keyCode=KEYCODE_DPAD_CENTER, scanCode=0, metaState=0, flags=0x8, repeatCount=0, eventTime=6815324, downTime=6815324, deviceId=-1, source=0x101 }
04-14 16:20:09.147   856   856 W ViewRootImpl: Cancelling event due to no window focus: KeyEvent { action=ACTION_UP, keyCode=KEYCODE_DPAD_CENTER, scanCode=0, metaState=0, flags=0x28, repeatCount=0, eventTime=6815326, downTime=6815326, deviceId=-1, source=0x101 }
04-14 16:20:09.147   856   856 W ViewRootImpl: Cancelling event due to no window focus: KeyEvent { action=ACTION_UP, keyCode=KEYCODE_DPAD_CENTER, scanCode=0, metaState=0, flags=0x28, repeatCount=0, eventTime=6815326, downTime=6815326, deviceId=-1, source=0x101 }
04-14 16:20:09.148   856   856 W ViewRootImpl: Cancelling event due to no window focus: KeyEvent { action=ACTION_UP, keyCode=KEYCODE_DPAD_CENTER, scanCode=0, metaState=0, flags=0x28, repeatCount=0, eventTime=6815326, downTime=6815326, deviceId=-1, source=0x101 }
04-14 16:20:09.148   856   856 W ViewRootImpl: Cancelling event due to no window focus: KeyEvent { action=ACTION_UP, keyCode=KEYCODE_DPAD_CENTER, scanCode=0, metaState=0, flags=0x28, repeatCount=0, eventTime=6815326, downTime=6815326, deviceId=-1, source=0x101 }
04-14 16:20:09.193   856   856 W ViewRootImpl: Cancelling event due to no window focus: KeyEvent { action=ACTION_UP, keyCode=KEYCODE_DPAD_CENTER, scanCode=0, metaState=0, flags=0x28, repeatCount=0, eventTime=6815326, downTime=6815326, deviceId=-1, source=0x101 }
04-14 16:20:09.194   856   856 W ViewRootImpl: Cancelling event due to no window focus: KeyEvent { action=ACTION_UP, keyCode=KEYCODE_DPAD_CENTER, scanCode=0, metaState=0, flags=0x28, repeatCount=0, eventTime=6815326, downTime=6815326, deviceId=-1, source=0x101 }
04-14 16:20:09.301   856   856 W ViewRootImpl: Cancelling event due to no window focus: KeyEvent { action=ACTION_UP, keyCode=KEYCODE_DPAD_CENTER, scanCode=0, metaState=0, flags=0x80000028, repeatCount=0, eventTime=6815326, downTime=6815326, deviceId=-1, source=0x101 }
04-14 16:20:09.304   856   856 W ViewRootImpl: Cancelling event due to no window focus: KeyEvent { action=ACTION_UP, keyCode=KEYCODE_DPAD_CENTER, scanCode=0, metaState=0, flags=0x80000028, repeatCount=0, eventTime=6815326, downTime=6815326, deviceId=-1, source=0x101 }
04-14 16:20:09.305   856   856 W ViewRootImpl: Cancelling event due to no window focus: KeyEvent { action=ACTION_UP, keyCode=KEYCODE_DPAD_CENTER, scanCode=0, metaState=0, flags=0x80000028, repeatCount=0, eventTime=6815326, downTime=6815326, deviceId=-1, source=0x101 }
04-14 16:20:09.651   708 16952 W InputMethodManagerService: Window already focused, ignoring focus gain of: com.android.internal.view.IInputMethodClient$Stub$Proxy@f4f30c4 attribute=null, token = android.os.BinderProxy@9efa25b
04-14 16:20:40.928   708  1194 I ActivityManager: START u0 {act=android.intent.action.MAIN cat=[android.intent.category.LAUNCHER] flg=0x10200000 cmp=com.zhihu.android/.app.ui.activity.MainActivity} from uid 0 on display 0
04-14 16:21:36.526   708  1844 I ActivityManager: START u0 {act=android.intent.action.MAIN cat=[android.intent.category.LAUNCHER] flg=0x10200000 cmp=com.zhihu.android/.app.ui.activity.MainActivity} from uid 0 on display 0
04-14 16:21:38.021   708   708 W ViewRootImpl: Dropping event due to no window focus: KeyEvent { action=ACTION_DOWN, keyCode=KEYCODE_MENU, scanCode=0, metaState=0, flags=0x8, repeatCount=0, eventTime=6903797, downTime=6903797, deviceId=-1, source=0x101 }
04-14 16:21:38.055   708   708 W ViewRootImpl: Cancelling event due to no window focus: KeyEvent { action=ACTION_UP, keyCode=KEYCODE_MENU, scanCode=0, metaState=0, flags=0x28, repeatCount=0, eventTime=6903806, downTime=6903806, deviceId=-1, source=0x101 }
04-14 16:21:38.080   708   708 W ViewRootImpl: Cancelling event due to no window focus: KeyEvent { action=ACTION_UP, keyCode=KEYCODE_MENU, scanCode=0, metaState=0, flags=0x28, repeatCount=0, eventTime=6903806, downTime=6903806, deviceId=-1, source=0x101 }
04-14 16:21:38.081   708   708 W ViewRootImpl: Cancelling event due to no window focus: KeyEvent { action=ACTION_UP, keyCode=KEYCODE_MENU, scanCode=0, metaState=0, flags=0x28, repeatCount=0, eventTime=6903806, downTime=6903806, deviceId=-1, source=0x101 }
04-14 16:21:38.082   708   708 W ViewRootImpl: Cancelling event due to no window focus: KeyEvent { action=ACTION_UP, keyCode=KEYCODE_MENU, scanCode=0, metaState=0, flags=0x28, repeatCount=0, eventTime=6903806, downTime=6903806, deviceId=-1, source=0x101 }
04-14 16:21:38.082   708   708 W ViewRootImpl: Cancelling event due to no window focus: KeyEvent { action=ACTION_UP, keyCode=KEYCODE_MENU, scanCode=0, metaState=0, flags=0x28, repeatCount=0, eventTime=6903806, downTime=6903806, deviceId=-1, source=0x101 }
04-14 16:21:38.083   708   708 W ViewRootImpl: Cancelling event due to no window focus: KeyEvent { action=ACTION_UP, keyCode=KEYCODE_MENU, scanCode=0, metaState=0, flags=0x28, repeatCount=0, eventTime=6903806, downTime=6903806, deviceId=-1, source=0x101 }
04-14 16:21:43.607   708   708 W ViewRootImpl: Dropping event due to root view being removed: MotionEvent { action=ACTION_UP, id[0]=0, x[0]=397.6048, y[0]=836.7853, toolType[0]=TOOL_TYPE_UNKNOWN, buttonState=0, metaState=0, flags=0x0, edgeFlags=0x0, pointerCount=1, historySize=0, eventTime=6909746, downTime=6909727, deviceId=0, source=0x1002 }
04-14 16:21:43.754   708 10258 W InputMethodManagerService: Window already focused, ignoring focus gain of: com.android.internal.view.IInputMethodClient$Stub$Proxy@b1005b7 attribute=null, token = android.os.BinderProxy@9efa25b
04-14 16:21:53.588   708 10522 I ActivityManager: START u0 {act=android.intent.action.MAIN cat=[android.intent.category.LAUNCHER] flg=0x10200000 cmp=com.zhihu.android/.app.ui.activity.MainActivity} from uid 0 on display 0
04-14 16:21:53.826   708 11058 W ProcessCpuTracker: Skipping unknown process pid 25001
04-14 16:22:09.873   708   806 I ActivityManager: START u0 {act=android.intent.action.MAIN cat=[android.intent.category.LAUNCHER] flg=0x10200000 cmp=com.zhihu.android/.app.ui.activity.MainActivity} from uid 0 on display 0
04-14 16:22:23.404   708   818 D ConnectivityService: updateNetworkScore for NetworkAgentInfo [WIFI () - 100] to 55
04-14 16:22:23.404   708   818 D ConnectivityService: rematching NetworkAgentInfo [WIFI () - 100]
04-14 16:22:23.404   708   818 D ConnectivityService: Network NetworkAgentInfo [WIFI () - 100] was already satisfying request 1. No change.
04-14 16:22:23.405   708   818 D ConnectivityService: notifyType AVAILABLE for NetworkAgentInfo [WIFI () - 100]
04-14 16:22:26.851   708   818 D ConnectivityService: updateNetworkScore for NetworkAgentInfo [WIFI () - 100] to 56
04-14 16:22:26.851   708   818 D ConnectivityService: rematching NetworkAgentInfo [WIFI () - 100]
04-14 16:22:26.851   708   818 D ConnectivityService: Network NetworkAgentInfo [WIFI () - 100] was already satisfying request 1. No change.
04-14 16:22:26.852   708   818 D ConnectivityService: notifyType AVAILABLE for NetworkAgentInfo [WIFI () - 100]
04-14 16:22:30.906   708   797 I ActivityManager: START u0 {act=android.intent.action.MAIN cat=[android.intent.category.LAUNCHER] flg=0x10000000 cmp=com.android.calendar/.AllInOneActivity sel=act=android.intent.action.MAIN cat=[android.intent.category.APP_CALENDAR]}} from uid 1000 on display 0
04-14 16:22:39.905   708   818 D ConnectivityService: updateNetworkScore for NetworkAgentInfo [WIFI () - 100] to 55
04-14 16:22:39.905   708   818 D ConnectivityService: rematching NetworkAgentInfo [WIFI () - 100]
04-14 16:22:39.905   708   818 D ConnectivityService: Network NetworkAgentInfo [WIFI () - 100] was already satisfying request 1. No change.
04-14 16:22:39.906   708   818 D ConnectivityService: notifyType AVAILABLE for NetworkAgentInfo [WIFI () - 100]
04-14 16:22:41.174   708  1718 I ActivityManager: START u0 {act=android.intent.action.MAIN cat=[android.intent.category.LAUNCHER] flg=0x10200000 cmp=com.zhihu.android/.app.ui.activity.MainActivity} from uid 0 on display 0
04-14 16:22:43.292   708   818 D ConnectivityService: updateNetworkScore for NetworkAgentInfo [WIFI () - 100] to 56
04-14 16:22:43.292   708   818 D ConnectivityService: rematching NetworkAgentInfo [WIFI () - 100]
04-14 16:22:43.292   708   818 D ConnectivityService: Network NetworkAgentInfo [WIFI () - 100] was already satisfying request 1. No change.
04-14 16:22:43.292   708   818 D ConnectivityService: notifyType AVAILABLE for NetworkAgentInfo [WIFI () - 100]
04-14 16:22:49.205   708   773 W ProcessCpuTracker: Skipping unknown process pid 6690
04-14 16:22:53.801   708   818 D ConnectivityService: Removing Route [10.137.0.0/16 -> 0.0.0.0 wlan0] from network 100
04-14 16:22:53.810   708   818 D ConnectivityService: Removing Route [0.0.0.0/0 -> 10.137.0.1 wlan0] from network 100
04-14 16:22:53.821   708   818 E ConnectivityService: no dns provided for netId 100, so using defaults
04-14 16:22:53.825   708   818 D ConnectivityService: Setting Dns servers for network 100 to [/8.8.8.8]
04-14 16:22:54.350   708   818 D ConnectivityService: notifyType IP_CHANGED for NetworkAgentInfo [WIFI () - 100]
04-14 16:22:55.534   708   816 E NetdConnector: NDC Command {57 interface ipv6 wlan0 disable} took too long (595ms)
04-14 16:22:55.541   708   818 D ConnectivityService: NetworkAgentInfo [WIFI () - 100] EVENT_NETWORK_INFO_CHANGED, going from CONNECTED to DISCONNECTED
04-14 16:22:55.542   708   818 D ConnectivityService: NetworkAgentInfo [WIFI () - 100] got DISCONNECTED, was satisfying 2
04-14 16:22:56.377   708   818 E NetdConnector: NDC Command {58 network destroy 100} took too long (834ms)
04-14 16:22:56.568   708   818 D ConnectivityService: notifyType LOST for NetworkAgentInfo [WIFI () - 100]
04-14 16:22:56.756   708   818 D CSLegacyTypeTracker: Sending disconnected broadcast for type 1 NetworkAgentInfo [WIFI () - 100] isDefaultNetwork=true
04-14 16:22:56.757   708   818 D ConnectivityService: sendStickyBroadcast: action=android.net.conn.CONNECTIVITY_CHANGE_IMMEDIATE
04-14 16:22:56.841   708   818 D ConnectivityService: sendStickyBroadcast: action=android.net.conn.CONNECTIVITY_CHANGE
04-14 16:22:56.881   708   773 W BroadcastQueue: Skipping deliver [background] BroadcastRecord{72e6b90 u-1 android.net.conn.CONNECTIVITY_CHANGE} to ReceiverList{1ca8df3 3894 (unknown name)/0/u-1 remote:2a30ee44}: process crashing
04-14 16:22:56.944   708   818 D ConnectivityService: sendStickyBroadcast: action=android.net.conn.CONNECTIVITY_CHANGE_IMMEDIATE
04-14 16:22:56.945   708   818 D ConnectivityService: sendStickyBroadcast: action=android.net.conn.CONNECTIVITY_CHANGE
04-14 16:22:56.948   708   818 D ConnectivityService: Checking for replacement network to handle request NetworkRequest [ id=1, legacyType=-1, [ Capabilities: INTERNET&NOT_RESTRICTED&TRUSTED&NOT_VPN] ]
04-14 16:22:56.996   708   773 W BroadcastQueue: Skipping deliver [background] BroadcastRecord{34e9dc89 u-1 android.net.conn.CONNECTIVITY_CHANGE} to ReceiverList{1ca8df3 3894 (unknown name)/0/u-1 remote:2a30ee44}: process crashing
04-14 16:22:57.170   708   818 E ConnectivityService: EVENT_NETWORK_INFO_CHANGED from unknown NetworkAgent
04-14 16:22:58.579   708 11058 I ActivityManager: Start proc 8858:com.android.mms/u0a8 for broadcast com.android.mms/.transaction.MmsSystemEventReceiver
04-14 16:22:58.587   708  1158 I ActivityManager: START u0 {act=android.intent.action.MAIN cat=[android.intent.category.LAUNCHER] flg=0x10200000 cmp=com.zhihu.android/.app.ui.activity.MainActivity} from uid 0 on display 0
04-14 16:22:58.634  8858  8858 W Zygote  : Slow operation: 1023ms so far, now at Zygote.postForkCommon
04-14 16:22:58.635  8858  8858 W Zygote  : Slow operation: 1025ms so far, now at zygoteConnection.runOnce: postForkAndSpecialize
04-14 16:23:03.719   708   806 D CountryDetector: The first listener is added
04-14 16:23:09.734   708   816 D ConnectivityService: registerNetworkAgent NetworkAgentInfo{ ni{[type: WIFI[], state: CONNECTING/CONNECTING, reason: (unspecified), extra: "BUAA-WiFi", roaming: false, failover: false, isAvailable: true, isConnectedToProvisioningNetwork: false]}  network{null}  lp{{InterfaceName: wlan0 LinkAddresses: []  Routes: [] DnsAddresses: [] Domains: null MTU: 0 TcpBufferSizes: 524288,1048576,2097152,262144,524288,1048576}}  nc{[ Transports: WIFI Capabilities: INTERNET&NOT_RESTRICTED&TRUSTED&NOT_VPN LinkUpBandwidth>=1048576Kbps LinkDnBandwidth>=1048576Kbps]}  Score{20}  everValidated{false}  lastValidated{false}  created{false}  explicitlySelected{false} }
04-14 16:23:09.738   708   818 D ConnectivityService: NetworkAgentInfo [WIFI () - 101] EVENT_NETWORK_INFO_CHANGED, going from null to CONNECTING
04-14 16:23:10.377   708   818 D ConnectivityService: updateNetworkScore for NetworkAgentInfo [WIFI () - 101] to 56
04-14 16:23:13.289   708   818 D ConnectivityService: NetworkAgentInfo [WIFI () - 101] EVENT_NETWORK_INFO_CHANGED, going from CONNECTING to CONNECTED
04-14 16:23:13.298   708   818 D ConnectivityService: Adding iface wlan0 to network 101
04-14 16:23:13.402   708   818 E ConnectivityService: Unexpected mtu value: 0, wlan0
04-14 16:23:13.403   708   818 D ConnectivityService: Adding Route [fe80::/64 -> :: wlan0] to network 101
04-14 16:23:13.422   708   818 D ConnectivityService: Adding Route [10.137.0.0/16 -> 0.0.0.0 wlan0] to network 101
04-14 16:23:13.432   708   818 D ConnectivityService: Adding Route [0.0.0.0/0 -> 10.137.0.1 wlan0] to network 101
04-14 16:23:13.571   708   818 D ConnectivityService: Setting Dns servers for network 101 to [/202.112.128.51, /202.112.128.50]
04-14 16:23:13.762   708   818 D ConnectivityService: notifyType IP_CHANGED for NetworkAgentInfo [WIFI () - 101]
04-14 16:23:13.850   708   818 D ConnectivityService: notifyType PRECHECK for NetworkAgentInfo [WIFI () - 101]
04-14 16:23:13.879   708   818 D ConnectivityService: rematching NetworkAgentInfo [WIFI () - 101]
04-14 16:23:13.879   708   818 D ConnectivityService:    accepting network in place of null
04-14 16:23:13.955   708   818 D ConnectivityService: Switching to new default network: NetworkAgentInfo{ ni{[type: WIFI[], state: CONNECTED/CONNECTED, reason: (unspecified), extra: "BUAA-WiFi", roaming: false, failover: false, isAvailable: true, isConnectedToProvisioningNetwork: false]}  network{101}  lp{{InterfaceName: wlan0 LinkAddresses: [fe80::faa9:d0ff:fe55:5067/64,10.137.160.128/16,]  Routes: [fe80::/64 -> :: wlan0,10.137.0.0/16 -> 0.0.0.0 wlan0,0.0.0.0/0 -> 10.137.0.1 wlan0,] DnsAddresses: [202.112.128.51,202.112.128.50,] Domains:  MTU: 0 TcpBufferSizes: 524288,1048576,2097152,262144,524288,1048576}}  nc{[ Transports: WIFI Capabilities: INTERNET&NOT_RESTRICTED&TRUSTED&NOT_VPN LinkUpBandwidth>=1048576Kbps LinkDnBandwidth>=1048576Kbps]}  Score{16}  everValidated{false}  lastValidated{false}  created{true}  explicitlySelected{false} }
04-14 16:23:14.042   708   818 D ConnectivityService: notifyType AVAILABLE for NetworkAgentInfo [WIFI () - 101]
04-14 16:23:14.226   708   818 D CSLegacyTypeTracker: Sending connected broadcast for type 1 NetworkAgentInfo [WIFI () - 101] isDefaultNetwork=true
04-14 16:23:14.226   708   818 D ConnectivityService: sendStickyBroadcast: action=android.net.conn.CONNECTIVITY_CHANGE_IMMEDIATE
04-14 16:23:14.251   708   818 D ConnectivityService: sendStickyBroadcast: action=android.net.conn.CONNECTIVITY_CHANGE
04-14 16:23:14.273   708   773 W BroadcastQueue: Skipping deliver [background] BroadcastRecord{3b854184 u-1 android.net.conn.CONNECTIVITY_CHANGE} to ReceiverList{1ca8df3 3894 (unknown name)/0/u-1 remote:2a30ee44}: process crashing
04-14 16:23:14.288   708   818 D ConnectivityService: setProvNotificationVisibleIntent: E visible=false networkType=0 extraInfo=null
04-14 16:23:14.289   708   818 D ConnectivityService: Validated NetworkAgentInfo [WIFI () - 101]
04-14 16:23:14.289   708   818 D ConnectivityService: rematching NetworkAgentInfo [WIFI () - 101]
04-14 16:23:14.289   708   818 D ConnectivityService: Network NetworkAgentInfo [WIFI () - 101] was already satisfying request 1. No change.
04-14 16:23:14.290   708   818 D ConnectivityService: notifyType AVAILABLE for NetworkAgentInfo [WIFI () - 101]
04-14 16:23:14.686   708   818 D ConnectivityService: sendStickyBroadcast: action=android.net.conn.INET_CONDITION_ACTION
04-14 16:23:14.728   708   818 D ConnectivityService: Adding Route [2001:da8:203:2224::/64 -> :: wlan0] to network 101
04-14 16:23:14.798   708   818 D ConnectivityService: Adding Route [::/0 -> fe80::620b:3ff:fe2c:3002 wlan0] to network 101
04-14 16:23:15.229   708   818 D ConnectivityService: notifyType IP_CHANGED for NetworkAgentInfo [WIFI () - 101]
04-14 16:23:15.556   708   818 D ConnectivityService: NetTransition Wakelock (NetworkAgentInfo [WIFI () - 100] cleared because we found a replacement network
04-14 16:23:23.825   708   773 I ActivityManager: Waited long enough for: ServiceRecord{2b6a5b54 u0 com.android.mms/.transaction.TransactionService}
04-14 16:23:28.905   708   773 I ActivityManager: Waited long enough for: ServiceRecord{1b92ab97 u0 com.android.mms/.transaction.SmsReceiverService}
04-14 16:23:31.427   708  1194 W ProcessCpuTracker: Skipping unknown process pid 17089
04-14 16:23:33.073   708  1158 I ActivityManager: Killing 1705:com.android.voicedialer/u0a15 (adj 15): empty for 6967s
04-14 16:23:33.283   708  1158 E libprocessgroup: failed to kill 1 processes for processgroup 1705
04-14 16:23:54.600   708   797 W IntentResolver: resolveIntent failed: found match, but none with CATEGORY_DEFAULT
04-14 16:23:54.601   708   797 I ActivityManager: START u0 {act=android.intent.action.MAIN cat=[android.intent.category.LAUNCHER] flg=0x10000000 sel=act=android.intent.action.MAIN cat=[android.intent.category.APP_CALCULATOR]}} from uid 1000 on display 0
04-14 16:24:12.720   708  1194 W InputMethodManagerService: Window already focused, ignoring focus gain of: com.android.internal.view.IInputMethodClient$Stub$Proxy@18513d1c attribute=null, token = android.os.BinderProxy@9efa25b
04-14 16:24:31.748   708  1196 W ProcessCpuTracker: Skipping unknown process pid 31758
04-14 16:25:10.304   708 11058 I ActivityManager: START u0 {act=android.intent.action.MAIN cat=[android.intent.category.LAUNCHER] flg=0x10200000 cmp=com.zhihu.android/.app.ui.activity.MainActivity} from uid 0 on display 0
04-14 16:26:06.595   708   773 W ProcessCpuTracker: Skipping unknown process pid 23230
04-14 16:26:06.596   708   773 W ProcessCpuTracker: Skipping unknown process pid 23231
04-14 16:26:06.597   708   773 W ProcessCpuTracker: Skipping unknown process pid 23232
04-14 16:26:46.447   708   773 I ProcessStatsService: Prepared write state in 31ms
04-14 16:27:17.368   708   797 I ActivityManager: START u0 {act=android.intent.action.MAIN cat=[android.intent.category.LAUNCHER] flg=0x10000000 cmp=com.android.music/.MusicBrowserActivity sel=act=android.intent.action.MAIN cat=[android.intent.category.APP_MUSIC]}} from uid 1000 on display 0
04-14 16:27:40.995   708   797 I ActivityManager: START u0 {act=android.speech.action.WEB_SEARCH} from uid 1000 on display 0
04-14 16:27:57.114   708   725 I ActivityManager: START u0 {act=android.intent.action.MAIN cat=[android.intent.category.LAUNCHER] flg=0x10200000 cmp=com.zhihu.android/.app.ui.activity.MainActivity} from uid 0 on display 0
04-14 16:28:18.915   708   724 I ActivityManager: START u0 {act=android.intent.action.MAIN cat=[android.intent.category.LAUNCHER] flg=0x10200000 cmp=com.zhihu.android/.app.ui.activity.MainActivity} from uid 0 on display 0
04-14 16:28:26.406   708   818 D ConnectivityService: updateNetworkScore for NetworkAgentInfo [WIFI () - 101] to 55
04-14 16:28:26.407   708   818 D ConnectivityService: rematching NetworkAgentInfo [WIFI () - 101]
04-14 16:28:26.407   708   818 D ConnectivityService: Network NetworkAgentInfo [WIFI () - 101] was already satisfying request 1. No change.
04-14 16:28:26.407   708   818 D ConnectivityService: notifyType AVAILABLE for NetworkAgentInfo [WIFI () - 101]
04-14 16:28:29.789   708   818 D ConnectivityService: updateNetworkScore for NetworkAgentInfo [WIFI () - 101] to 56
04-14 16:28:29.790   708   818 D ConnectivityService: rematching NetworkAgentInfo [WIFI () - 101]
04-14 16:28:29.790   708   818 D ConnectivityService: Network NetworkAgentInfo [WIFI () - 101] was already satisfying request 1. No change.
04-14 16:28:29.790   708   818 D ConnectivityService: notifyType AVAILABLE for NetworkAgentInfo [WIFI () - 101]
04-14 16:29:16.790   708   797 I WindowManager: Input event dispatching timed out sending to com.zhihu.android/com.zhihu.android.app.ui.activity.MainActivity.  Reason: Waiting to send key event because the focused window has not finished processing all of the input events that were previously delivered to it.  Outbound queue length: 0.  Wait queue length: 2.
04-14 16:29:16.941   708  1158 W InputManager: Input event injection from pid 3894 timed out.
04-14 16:29:17.027   708   773 I ActivityManager: Skipping duplicate ANR: ProcessRecord{171c1fe0 1823:com.zhihu.android/u0a54} Input dispatching timed out (Waiting to send key event because the focused window has not finished processing all of the input events that were previously delivered to it.  Outbound queue length: 0.  Wait queue length: 2.)
04-14 16:29:28.078   708  1844 I ActivityManager: START u0 {act=android.intent.action.SEND dat=content://com.zhihu.android.files.provider_305/images/v2-e6122517bbabec3e3efb7dadeca2fe8c_r.jpg typ=image/jpeg flg=0x1 cmp=com.android.mms/.ui.ComposeMessageActivity (has clip) (has extras)} from uid 10054 on display 0
04-14 16:29:35.602   708 16952 W ProcessCpuTracker: Skipping unknown process pid 10494
04-14 16:29:35.647   708 16952 W ProcessCpuTracker: Skipping unknown process pid 10495
04-14 16:29:35.654   708 16952 W ProcessCpuTracker: Skipping unknown process pid 10496
04-14 16:29:35.708   708 16952 W ProcessCpuTracker: Skipping unknown process pid 10497
04-14 16:29:48.648   708 16952 W InputMethodManagerService: Window already focused, ignoring focus gain of: com.android.internal.view.IInputMethodClient$Stub$Proxy@15b8da11 attribute=null, token = android.os.BinderProxy@9efa25b
04-14 16:29:58.039   708 10258 W BackupManagerService: dataChanged but no participant pkg='com.android.providers.settings' uid=10013
04-14 16:29:58.049   708   708 D ZenLog  : set_zen_mode: important_interruptions,setting
04-14 16:29:58.049   708   708 D ZenLog  : update_zen_mode: no_interruptions -> important_interruptions
04-14 16:29:58.055   708   708 D ZenLog  : set_ringer_mode_internal: ZenModeHelper,i:silent->vibrate,e:silent->silent
04-14 16:29:59.673   708 10258 D ZenLog  : exit_condition: Condition[id=condition://android/countdown/1492161271600,summary=For 45 minutes (until 5:14 PM),line1=For 45 minutes,line2=Until 5:14 PM,icon=0,state=STATE_TRUE,flags=1],{android/com.android.server.notification.CountdownConditionProvider},binderCall
