08-10 05:12:07.250  1159  1159 D PhoneFactory: getPhone:- phoneId != DEFAULT_PHONE_ID return sProxyPhones[phoneId] phoneId=0 phone=Handler (com.android.internal.telephony.PhoneProxy) {3dcfc911}
08-10 05:12:07.251  1159  1428 D TelephonyManager: getTelephonyProperty: return propVal='cn' phoneId=0 property='gsm.sim.operator.iso-country' defaultVal='' prop=cn
08-10 05:12:07.252  1159  1428 D SubscriptionController: [getSubInfoRecord] id:1 iccid:89860115921101579076 simSlotIndex:0 displayName:CARD 1 nameSource:0 iconTint:-16746133 dataRoaming:0 mcc:460 mnc:1 countIso:cn
08-10 05:12:07.254  1159  1428 D PhoneFactory: getPhone:- phoneId != DEFAULT_PHONE_ID return sProxyPhones[phoneId] phoneId=0 phone=Handler (com.android.internal.telephony.PhoneProxy) {3dcfc911}
08-10 05:12:07.256  1159  1159 D DCT     : [0]isDataAllowed getRecordsLoaded=true
08-10 05:12:07.257  1159  1159 D DCT     : [0]isDataAllowed: not allowed due to - Attached= false
08-10 05:12:07.257  1159  1159 D DCT     : [ApnContext:fota] getApnSetting: apnSetting=null
08-10 05:12:07.258  1159  1159 D PhoneFactory: getPhone:- phoneId != DEFAULT_PHONE_ID return sProxyPhones[phoneId] phoneId=0 phone=Handler (com.android.internal.telephony.PhoneProxy) {3dcfc911}
08-10 05:12:07.260  1159  1428 D SubscriptionController: [getActiveSubInfoList]- 1 infos return
08-10 05:12:07.263  1159  1159 D DCT     : [0]isDataAllowed getRecordsLoaded=true
08-10 05:12:07.264  1159  1159 D DCT     : [0]isDataAllowed: not allowed due to - Attached= false
08-10 05:12:07.264  1159  1159 D DCT     : [ApnContext:supl] getApnSetting: apnSetting=null
08-10 05:12:07.265  1159  1159 D PhoneFactory: getPhone:- phoneId != DEFAULT_PHONE_ID return sProxyPhones[phoneId] phoneId=0 phone=Handler (com.android.internal.telephony.PhoneProxy) {3dcfc911}
08-10 05:12:07.268  1159  1159 D DCT     : [0]isDataAllowed getRecordsLoaded=true
08-10 05:12:07.269  1159  1159 D DCT     : [0]isDataAllowed: not allowed due to - Attached= false
08-10 05:12:07.269  1159  1159 D DCT     : [ApnContext:ia] getApnSetting: apnSetting=null
08-10 05:12:07.270  1159  1159 D PhoneFactory: getPhone:- phoneId != DEFAULT_PHONE_ID return sProxyPhones[phoneId] phoneId=0 phone=Handler (com.android.internal.telephony.PhoneProxy) {3dcfc911}
08-10 05:12:07.273  1159  1159 D DCT     : [0]isDataAllowed getRecordsLoaded=true
08-10 05:12:07.273  1159  1159 D DCT     : [0]isDataAllowed: not allowed due to - Attached= false
08-10 05:12:07.274  1159  1159 D DCT     : [ApnContext:dun] getApnSetting: apnSetting=null
08-10 05:12:07.276  1159  1159 D PhoneFactory: getPhone:- phoneId != DEFAULT_PHONE_ID return sProxyPhones[phoneId] phoneId=0 phone=Handler (com.android.internal.telephony.PhoneProxy) {3dcfc911}
08-10 05:12:07.282  1159  1159 D DCT     : [0]isDataAllowed getRecordsLoaded=true
08-10 05:12:07.283  1159  1159 D DCT     : [0]isDataAllowed: not allowed due to - Attached= false
08-10 05:12:07.283  1159  1159 D DCT     : [ApnContext:hipri] getApnSetting: apnSetting=null
08-10 05:12:07.284  1159  1159 D PhoneFactory: getPhone:- phoneId != DEFAULT_PHONE_ID return sProxyPhones[phoneId] phoneId=0 phone=Handler (com.android.internal.telephony.PhoneProxy) {3dcfc911}
08-10 05:12:07.289  1159  1159 D DCT     : [0]isDataAllowed getRecordsLoaded=true
08-10 05:12:07.290  1159  1159 D DCT     : [0]isDataAllowed: not allowed due to - Attached= false
08-10 05:12:07.290  1159  1159 D DCT     : [ApnContext:ims] getApnSetting: apnSetting=null
08-10 05:12:07.291  1159  1159 D PhoneFactory: getPhone:- phoneId != DEFAULT_PHONE_ID return sProxyPhones[phoneId] phoneId=0 phone=Handler (com.android.internal.telephony.PhoneProxy) {3dcfc911}
08-10 05:12:07.297  1159  1159 D DCT     : [0]handleMessage msg={ when=-962ms what=270377 obj=android.os.AsyncResult@1bdf146a target=com.android.internal.telephony.dataconnection.DcTracker }
08-10 05:12:07.298  1159  1159 D DCT     : [0]setupDataOnConnectableApns: nwTypeChanged
08-10 05:12:07.299  1159  1159 D DCT     : [0]setupDataOnConnectableApns: apnContext {mApnType=hipri mState=IDLE mWaitingApns={null} mWaitingApnsPermanentFailureCountDown=0 mApnSetting={null} mReason=radioTurnedOff mDataEnabled=false mDependencyMet=true}
08-10 05:12:07.300  1159  1159 D DCT     : [0]setupDataOnConnectableApns: apnContext {mApnType=mms mState=IDLE mWaitingApns={null} mWaitingApnsPermanentFailureCountDown=0 mApnSetting={null} mReason=radioTurnedOff mDataEnabled=false mDependencyMet=true}
08-10 05:12:07.300  1159  1159 D DCT     : [0]setupDataOnConnectableApns: apnContext {mApnType=supl mState=IDLE mWaitingApns={null} mWaitingApnsPermanentFailureCountDown=0 mApnSetting={null} mReason=radioTurnedOff mDataEnabled=false mDependencyMet=true}
08-10 05:12:07.301  1159  1159 D DCT     : [0]setupDataOnConnectableApns: apnContext {mApnType=cbs mState=IDLE mWaitingApns={null} mWaitingApnsPermanentFailureCountDown=0 mApnSetting={null} mReason=radioTurnedOff mDataEnabled=false mDependencyMet=true}
08-10 05:12:07.302  1159  1159 D DCT     : [0]setupDataOnConnectableApns: apnContext {mApnType=dun mState=IDLE mWaitingApns={null} mWaitingApnsPermanentFailureCountDown=0 mApnSetting={null} mReason=radioTurnedOff mDataEnabled=false mDependencyMet=true}
08-10 05:12:07.303  1159  1159 D DCT     : [0]setupDataOnConnectableApns: apnContext {mApnType=fota mState=IDLE mWaitingApns={null} mWaitingApnsPermanentFailureCountDown=0 mApnSetting={null} mReason=radioTurnedOff mDataEnabled=false mDependencyMet=true}
08-10 05:12:07.304  1159  1159 D DCT     : [0]setupDataOnConnectableApns: apnContext {mApnType=ims mState=IDLE mWaitingApns={null} mWaitingApnsPermanentFailureCountDown=0 mApnSetting={null} mReason=radioTurnedOff mDataEnabled=false mDependencyMet=true}
08-10 05:12:07.304  1159  1159 D DCT     : [0]setupDataOnConnectableApns: apnContext {mApnType=default mState=IDLE mWaitingApns={null} mWaitingApnsPermanentFailureCountDown=0 mApnSetting={null} mReason=radioTurnedOff mDataEnabled=false mDependencyMet=true}
08-10 05:12:07.306  1159  1159 D DCT     : [0]setupDataOnConnectableApns: apnContext {mApnType=ia mState=IDLE mWaitingApns={null} mWaitingApnsPermanentFailureCountDown=0 mApnSetting={null} mReason=radioTurnedOff mDataEnabled=false mDependencyMet=true}
08-10 05:12:07.307  1159  1159 D DCT     : [0]handleMessage msg={ when=-972ms what=270377 obj=android.os.AsyncResult@a302d5b target=com.android.internal.telephony.dataconnection.DcTracker }
08-10 05:12:07.307  1159  1159 D DCT     : [0]setupDataOnConnectableApns: nwTypeChanged
08-10 05:12:07.308  1159  1159 D DCT     : [0]setupDataOnConnectableApns: apnContext {mApnType=hipri mState=IDLE mWaitingApns={null} mWaitingApnsPermanentFailureCountDown=0 mApnSetting={null} mReason=radioTurnedOff mDataEnabled=false mDependencyMet=true}
08-10 05:12:07.309  1159  1159 D DCT     : [0]setupDataOnConnectableApns: apnContext {mApnType=mms mState=IDLE mWaitingApns={null} mWaitingApnsPermanentFailureCountDown=0 mApnSetting={null} mReason=radioTurnedOff mDataEnabled=false mDependencyMet=true}
08-10 05:12:07.309  1159  1159 D DCT     : [0]setupDataOnConnectableApns: apnContext {mApnType=supl mState=IDLE mWaitingApns={null} mWaitingApnsPermanentFailureCountDown=0 mApnSetting={null} mReason=radioTurnedOff mDataEnabled=false mDependencyMet=true}
08-10 05:12:07.310  1159  1159 D DCT     : [0]setupDataOnConnectableApns: apnContext {mApnType=cbs mState=IDLE mWaitingApns={null} mWaitingApnsPermanentFailureCountDown=0 mApnSetting={null} mReason=radioTurnedOff mDataEnabled=false mDependencyMet=true}
08-10 05:12:07.311  1159  1159 D DCT     : [0]setupDataOnConnectableApns: apnContext {mApnType=dun mState=IDLE mWaitingApns={null} mWaitingApnsPermanentFailureCountDown=0 mApnSetting={null} mReason=radioTurnedOff mDataEnabled=false mDependencyMet=true}
08-10 05:12:07.312  1159  1159 D DCT     : [0]setupDataOnConnectableApns: apnContext {mApnType=fota mState=IDLE mWaitingApns={null} mWaitingApnsPermanentFailureCountDown=0 mApnSetting={null} mReason=radioTurnedOff mDataEnabled=false mDependencyMet=true}
08-10 05:12:07.313  1159  1159 D DCT     : [0]setupDataOnConnectableApns: apnContext {mApnType=ims mState=IDLE mWaitingApns={null} mWaitingApnsPermanentFailureCountDown=0 mApnSetting={null} mReason=radioTurnedOff mDataEnabled=false mDependencyMet=true}
08-10 05:12:07.313  1159  1159 D DCT     : [0]setupDataOnConnectableApns: apnContext {mApnType=default mState=IDLE mWaitingApns={null} mWaitingApnsPermanentFailureCountDown=0 mApnSetting={null} mReason=radioTurnedOff mDataEnabled=false mDependencyMet=true}
08-10 05:12:07.314  1159  1159 D DCT     : [0]setupDataOnConnectableApns: apnContext {mApnType=ia mState=IDLE mWaitingApns={null} mWaitingApnsPermanentFailureCountDown=0 mApnSetting={null} mReason=radioTurnedOff mDataEnabled=false mDependencyMet=true}
08-10 05:12:07.315  1159  1159 D DCT     : [0]handleMessage msg={ when=-981ms what=270377 obj=android.os.AsyncResult@33b739f8 target=com.android.internal.telephony.dataconnection.DcTracker }
08-10 05:12:07.315  1159  1159 D DCT     : [0]setupDataOnConnectableApns: nwTypeChanged
08-10 05:12:07.316  1159  1159 D DCT     : [0]setupDataOnConnectableApns: apnContext {mApnType=hipri mState=IDLE mWaitingApns={null} mWaitingApnsPermanentFailureCountDown=0 mApnSetting={null} mReason=radioTurnedOff mDataEnabled=false mDependencyMet=true}
08-10 05:12:07.317  1159  1159 D DCT     : [0]setupDataOnConnectableApns: apnContext {mApnType=mms mState=IDLE mWaitingApns={null} mWaitingApnsPermanentFailureCountDown=0 mApnSetting={null} mReason=radioTurnedOff mDataEnabled=false mDependencyMet=true}
08-10 05:12:07.318  1159  1159 D DCT     : [0]setupDataOnConnectableApns: apnContext {mApnType=supl mState=IDLE mWaitingApns={null} mWaitingApnsPermanentFailureCountDown=0 mApnSetting={null} mReason=radioTurnedOff mDataEnabled=false mDependencyMet=true}
08-10 05:12:07.319  1159  1159 D DCT     : [0]setupDataOnConnectableApns: apnContext {mApnType=cbs mState=IDLE mWaitingApns={null} mWaitingApnsPermanentFailureCountDown=0 mApnSetting={null} mReason=radioTurnedOff mDataEnabled=false mDependencyMet=true}
08-10 05:12:07.319  1159  1159 D DCT     : [0]setupDataOnConnectableApns: apnContext {mApnType=dun mState=IDLE mWaitingApns={null} mWaitingApnsPermanentFailureCountDown=0 mApnSetting={null} mReason=radioTurnedOff mDataEnabled=false mDependencyMet=true}
08-10 05:12:07.320  1159  1159 D DCT     : [0]setupDataOnConnectableApns: apnContext {mApnType=fota mState=IDLE mWaitingApns={null} mWaitingApnsPermanentFailureCountDown=0 mApnSetting={null} mReason=radioTurnedOff mDataEnabled=false mDependencyMet=true}
08-10 05:12:07.321  1159  1159 D DCT     : [0]setupDataOnConnectableApns: apnContext {mApnType=ims mState=IDLE mWaitingApns={null} mWaitingApnsPermanentFailureCountDown=0 mApnSetting={null} mReason=radioTurnedOff mDataEnabled=false mDependencyMet=true}
08-10 05:12:07.322  1159  1159 D DCT     : [0]setupDataOnConnectableApns: apnContext {mApnType=default mState=IDLE mWaitingApns={null} mWaitingApnsPermanentFailureCountDown=0 mApnSetting={null} mReason=radioTurnedOff mDataEnabled=false mDependencyMet=true}
08-10 05:12:07.323  1159  1159 D DCT     : [0]setupDataOnConnectableApns: apnContext {mApnType=ia mState=IDLE mWaitingApns={null} mWaitingApnsPermanentFailureCountDown=0 mApnSetting={null} mReason=radioTurnedOff mDataEnabled=false mDependencyMet=true}
08-10 05:12:07.323  1159  1159 D GsmSST  : [GsmSST] SubscriptionListener.onSubscriptionInfoChanged
08-10 05:12:07.324  1159  1159 D PhoneFactory: calculatePreferredNetworkType: phoneSubId = 1 networkType = 10
08-10 05:12:07.324  1159  1159 D RILJ    : [3733]> REQUEST_SET_PREFERRED_NETWORK_TYPE : 10 [SUB0]
08-10 05:12:07.329  1159  1159 D TelephonyManager: setTelephonyProperty: success phoneId=0 property=gsm.network.type value: Unknown propVal=Unknown
08-10 05:12:07.330   188  1470 D RILC    : RequestComplete, RIL_SOCKET_1
08-10 05:12:07.330   188  1470 E RILC    : Send Response to RIL_SOCKET_1
08-10 05:12:07.331  1159  1282 D RILJ    : [3733]< REQUEST_SET_PREFERRED_NETWORK_TYPE  [SUB0]
08-10 05:12:07.331  1159  1159 D SubscriptionController: [setCarrierText]+ text:No service. subId:1
08-10 05:12:07.358  1159  1159 D SubscriptionController: notifySubscriptionInfoChanged:
08-10 05:12:07.361   708   708 D TelephonyManager: getSimOperatorNumeric(): default subId=1
08-10 05:12:07.363   708   708 D TelephonyManager: getTelephonyProperty: return propVal='46001' phoneId=0 property='gsm.sim.operator.numeric' defaultVal='' prop=46001
08-10 05:12:07.369  1159  1159 D DCT     : [0]SubscriptionListener.onSubscriptionInfoChanged
08-10 05:12:07.371  1159  1159 D DctController: onSubInfoReady mPhoneNum=1
08-10 05:12:07.371  1159  1159 D DctController: onSubInfoReady handle pending requests subId=1
08-10 05:12:07.372  1159  1159 D DctController: [TNF 1]evalPendingRequest, pending request size is 1
08-10 05:12:07.374  1159  1159 D DctController: [TNF 1]evalPendingRequest: request = NetworkRequest [ id=1, legacyType=-1, [ Capabilities: INTERNET&NOT_RESTRICTED&TRUSTED&NOT_VPN] ]
08-10 05:12:07.375  1159  1159 D DctController: [TNF 1]Cellular needs Network for NetworkRequest [ id=1, legacyType=-1, [ Capabilities: INTERNET&NOT_RESTRICTED&TRUSTED&NOT_VPN] ]
08-10 05:12:07.378  1159  1159 D DctController: requestNetwork request=NetworkRequest [ id=1, legacyType=-1, [ Capabilities: INTERNET&NOT_RESTRICTED&TRUSTED&NOT_VPN] ], priority=0
08-10 05:12:07.378  1159  1159 D DctController: processRequests
08-10 05:12:07.378  1159  1159 D DctController: processRequests
08-10 05:12:07.380  1159  1159 D SubscriptionController: [getActiveSubInfoList]+
08-10 05:12:07.384  1159  1159 D SubscriptionController: selection:sim_id>=0 null
08-10 05:12:07.407  1159  1159 D TelephonyManager: getTelephonyProperty: return propVal='cn' phoneId=0 property='gsm.sim.operator.iso-country' defaultVal='' prop=cn
08-10 05:12:07.408  1159  1159 D SubscriptionController: [getSubInfoRecord] id:1 iccid:89860115921101579076 simSlotIndex:0 displayName:CARD 1 nameSource:0 iconTint:-16746133 dataRoaming:0 mcc:460 mnc:1 countIso:cn
08-10 05:12:07.410  1159  1159 D PhoneFactory: getPhone:- phoneId != DEFAULT_PHONE_ID return sProxyPhones[phoneId] phoneId=0 phone=Handler (com.android.internal.telephony.PhoneProxy) {3dcfc911}
08-10 05:12:07.415  1159  1159 D SubscriptionController: [getActiveSubInfoList]- 1 infos return
08-10 05:12:07.430  1159  1159 E PhoneBase: Error! unregisterForCallWaiting() in PhoneBase should not be called, CDMAPhone inactive.
08-10 05:12:07.434  1159  1159 D PhoneFactory: getPhone:- phoneId != DEFAULT_PHONE_ID return sProxyPhones[phoneId] phoneId=0 phone=Handler (com.android.internal.telephony.PhoneProxy) {3dcfc911}
08-10 05:12:07.438  1159  1159 D TelephonyManager: getTelephonyProperty: return propVal='null' phoneId=0 property='gsm.operator.alpha' defaultVal='' prop=
08-10 05:12:07.504  1159  1159 E PhoneBase: Error! registerForCallWaiting() in PhoneBase should not be called, CDMAPhone inactive.
08-10 05:12:07.601  1159  1159 D GsmSST  : [GsmSST] SubscriptionListener.onSubscriptionInfoChanged
08-10 05:12:07.601  1159  1159 D DCT     : [0]SubscriptionListener.onSubscriptionInfoChanged
08-10 05:12:07.606  1159  1159 D DctController: onSubInfoReady mPhoneNum=1
08-10 05:12:07.607  1159  1159 D DctController: onSubInfoReady handle pending requests subId=1
08-10 05:12:07.607  1159  1159 D DctController: [TNF 1]evalPendingRequest, pending request size is 0
08-10 05:12:07.607  1159  1159 D DctController: processRequests
08-10 05:12:07.608  1159  1159 D SubscriptionController: [getActiveSubInfoList]+
08-10 05:12:07.611  1159  1159 D SubscriptionController: selection:sim_id>=0 null
08-10 05:12:07.632  1159  1159 D TelephonyManager: getTelephonyProperty: return propVal='cn' phoneId=0 property='gsm.sim.operator.iso-country' defaultVal='' prop=cn
08-10 05:12:07.633  1159  1159 D SubscriptionController: [getSubInfoRecord] id:1 iccid:89860115921101579076 simSlotIndex:0 displayName:CARD 1 nameSource:0 iconTint:-16746133 dataRoaming:0 mcc:460 mnc:1 countIso:cn
08-10 05:12:07.635  1159  1159 D PhoneFactory: getPhone:- phoneId != DEFAULT_PHONE_ID return sProxyPhones[phoneId] phoneId=0 phone=Handler (com.android.internal.telephony.PhoneProxy) {3dcfc911}
08-10 05:12:07.640  1159  1159 D SubscriptionController: [getActiveSubInfoList]- 1 infos return
08-10 05:12:07.648  1159  1159 E PhoneBase: Error! unregisterForCallWaiting() in PhoneBase should not be called, CDMAPhone inactive.
08-10 05:12:07.650  1159  1159 D PhoneFactory: getPhone:- phoneId != DEFAULT_PHONE_ID return sProxyPhones[phoneId] phoneId=0 phone=Handler (com.android.internal.telephony.PhoneProxy) {3dcfc911}
08-10 05:12:07.653  1159  1159 D TelephonyManager: getTelephonyProperty: return propVal='null' phoneId=0 property='gsm.operator.alpha' defaultVal='' prop=
08-10 05:12:07.709  1159  1159 E PhoneBase: Error! registerForCallWaiting() in PhoneBase should not be called, CDMAPhone inactive.
08-10 05:12:07.716  1159  1159 D SubscriptionInfoUpdater: [Receiver]+
08-10 05:12:07.716  1159  1159 D SubscriptionInfoUpdater: Action: android.intent.action.SIM_STATE_CHANGED
08-10 05:12:07.717  1159  1159 D SubscriptionInfoUpdater: slotId: 0
08-10 05:12:07.717  1159  1159 D SubscriptionInfoUpdater: simStatus: LOADED
08-10 05:12:07.717  1159  1159 D SubscriptionInfoUpdater: Ignoring simStatus: LOADED
08-10 05:12:07.717  1159  1159 D SubscriptionInfoUpdater: [Receiver]-
08-10 05:12:07.718  1159  1159 D PHONE   : [ServiceState] setDataRegState=1
08-10 05:12:07.718  1159  1159 D PHONE   : [ServiceState] setDataRadioTechnology=0
08-10 05:12:07.718  1159  1159 D GsmSST  : [GsmSST] handlPollStateResultMessage: GsmSST setDataRegState=1 regState=3 dataRadioTechnology=0
08-10 05:12:07.718  1159  1159 D PHONE   : [ServiceState] setVoiceRegState=1
08-10 05:12:07.718  1159  1159 E PHONE   : [ServiceState] setState deprecated use setVoiceRegState()
08-10 05:12:07.720  1159  1159 D GsmSST  : [GsmSST] Poll ServiceState done:  oldSS=[1 1 voice home data home null null null null null null  Unknown Unknown CSS not supported -1 -1 RoamInd=-1 DefRoamInd=-1 EmergOnly=false] newSS=[1 1 voice home data home null null null null null null  Unknown Unknown CSS not supported -1 -1 RoamInd=-1 DefRoamInd=-1 EmergOnly=false] oldMaxDataCalls=20 mNewMaxDataCalls=20 oldReasonDataDenied=-1 mNewReasonDataDenied=15
08-10 05:12:07.720  1159  1159 D PHONE   : [ServiceState] setNullState=1
08-10 05:12:07.722  1159  1159 D PhoneFactory: getPhone:- phoneId != DEFAULT_PHONE_ID return sProxyPhones[phoneId] phoneId=0 phone=Handler (com.android.internal.telephony.PhoneProxy) {3dcfc911}
08-10 05:12:07.722  1159  1159 D DCT     : [0]getDataOnRoamingEnabled: phoneSubId=1 isDataRoamingEnabled=true
08-10 05:12:07.723  1159  1159 D PhoneFactory: getPhone:- phoneId != DEFAULT_PHONE_ID return sProxyPhones[phoneId] phoneId=0 phone=Handler (com.android.internal.telephony.PhoneProxy) {3dcfc911}
08-10 05:12:07.723  1159  1159 D DCT     : [0]getDataOnRoamingEnabled: phoneSubId=1 isDataRoamingEnabled=true
08-10 05:12:07.724  1159  1159 D PhoneFactory: getPhone:- phoneId != DEFAULT_PHONE_ID return sProxyPhones[phoneId] phoneId=0 phone=Handler (com.android.internal.telephony.PhoneProxy) {3dcfc911}
08-10 05:12:07.725  1159  1159 D DCT     : [0]getDataOnRoamingEnabled: phoneSubId=1 isDataRoamingEnabled=true
08-10 05:12:07.726  1159  1159 D PhoneFactory: getPhone:- phoneId != DEFAULT_PHONE_ID return sProxyPhones[phoneId] phoneId=0 phone=Handler (com.android.internal.telephony.PhoneProxy) {3dcfc911}
08-10 05:12:07.726  1159  1159 D DCT     : [0]getDataOnRoamingEnabled: phoneSubId=1 isDataRoamingEnabled=true
08-10 05:12:07.727  1159  1159 D PhoneFactory: getPhone:- phoneId != DEFAULT_PHONE_ID return sProxyPhones[phoneId] phoneId=0 phone=Handler (com.android.internal.telephony.PhoneProxy) {3dcfc911}
08-10 05:12:07.728  1159  1159 D DCT     : [0]getDataOnRoamingEnabled: phoneSubId=1 isDataRoamingEnabled=true
08-10 05:12:07.729  1159  1159 D PhoneFactory: getPhone:- phoneId != DEFAULT_PHONE_ID return sProxyPhones[phoneId] phoneId=0 phone=Handler (com.android.internal.telephony.PhoneProxy) {3dcfc911}
08-10 05:12:07.729  1159  1159 D DCT     : [0]getDataOnRoamingEnabled: phoneSubId=1 isDataRoamingEnabled=true
08-10 05:12:07.731  1159  1159 D PhoneFactory: getPhone:- phoneId != DEFAULT_PHONE_ID return sProxyPhones[phoneId] phoneId=0 phone=Handler (com.android.internal.telephony.PhoneProxy) {3dcfc911}
08-10 05:12:07.731  1159  1159 D DCT     : [0]getDataOnRoamingEnabled: phoneSubId=1 isDataRoamingEnabled=true
08-10 05:12:07.733  1159  1159 D PhoneFactory: getPhone:- phoneId != DEFAULT_PHONE_ID return sProxyPhones[phoneId] phoneId=0 phone=Handler (com.android.internal.telephony.PhoneProxy) {3dcfc911}
08-10 05:12:07.733  1159  1159 D DCT     : [0]getDataOnRoamingEnabled: phoneSubId=1 isDataRoamingEnabled=true
08-10 05:12:07.734  1159  1159 D PhoneFactory: getPhone:- phoneId != DEFAULT_PHONE_ID return sProxyPhones[phoneId] phoneId=0 phone=Handler (com.android.internal.telephony.PhoneProxy) {3dcfc911}
08-10 05:12:07.734  1159  1159 D DCT     : [0]getDataOnRoamingEnabled: phoneSubId=1 isDataRoamingEnabled=true
08-10 05:12:07.735  1159  1159 D PhoneFactory: getPhone:- phoneId != DEFAULT_PHONE_ID return sProxyPhones[phoneId] phoneId=0 phone=Handler (com.android.internal.telephony.PhoneProxy) {3dcfc911}
08-10 05:12:07.736  1159  1159 D DCT     : [0]getDataOnRoamingEnabled: phoneSubId=1 isDataRoamingEnabled=true
08-10 05:12:07.737  1159  1159 D PhoneFactory: getPhone:- phoneId != DEFAULT_PHONE_ID return sProxyPhones[phoneId] phoneId=0 phone=Handler (com.android.internal.telephony.PhoneProxy) {3dcfc911}
08-10 05:12:07.737  1159  1159 D DCT     : [0]getDataOnRoamingEnabled: phoneSubId=1 isDataRoamingEnabled=true
08-10 05:12:07.738  1159  1159 D PhoneFactory: getPhone:- phoneId != DEFAULT_PHONE_ID return sProxyPhones[phoneId] phoneId=0 phone=Handler (com.android.internal.telephony.PhoneProxy) {3dcfc911}
08-10 05:12:07.739  1159  1159 D DCT     : [0]getDataOnRoamingEnabled: phoneSubId=1 isDataRoamingEnabled=true
08-10 05:12:07.739  1159  1159 D PhoneFactory: getPhone:- phoneId != DEFAULT_PHONE_ID return sProxyPhones[phoneId] phoneId=0 phone=Handler (com.android.internal.telephony.PhoneProxy) {3dcfc911}
08-10 05:12:07.740  1159  1159 D DCT     : [0]getDataOnRoamingEnabled: phoneSubId=1 isDataRoamingEnabled=true
08-10 05:12:07.741  1159  1159 D PhoneFactory: getPhone:- phoneId != DEFAULT_PHONE_ID return sProxyPhones[phoneId] phoneId=0 phone=Handler (com.android.internal.telephony.PhoneProxy) {3dcfc911}
08-10 05:12:07.741  1159  1159 D DCT     : [0]getDataOnRoamingEnabled: phoneSubId=1 isDataRoamingEnabled=true
08-10 05:12:07.742  1159  1159 D PhoneFactory: getPhone:- phoneId != DEFAULT_PHONE_ID return sProxyPhones[phoneId] phoneId=0 phone=Handler (com.android.internal.telephony.PhoneProxy) {3dcfc911}
08-10 05:12:07.742  1159  1159 D DCT     : [0]getDataOnRoamingEnabled: phoneSubId=1 isDataRoamingEnabled=true
08-10 05:12:07.743  1159  1159 D PhoneFactory: getPhone:- phoneId != DEFAULT_PHONE_ID return sProxyPhones[phoneId] phoneId=0 phone=Handler (com.android.internal.telephony.PhoneProxy) {3dcfc911}
08-10 05:12:07.744  1159  1159 D DCT     : [0]getDataOnRoamingEnabled: phoneSubId=1 isDataRoamingEnabled=true
08-10 05:12:07.745  1159  1159 D PhoneFactory: getPhone:- phoneId != DEFAULT_PHONE_ID return sProxyPhones[phoneId] phoneId=0 phone=Handler (com.android.internal.telephony.PhoneProxy) {3dcfc911}
08-10 05:12:07.745  1159  1159 D DCT     : [0]getDataOnRoamingEnabled: phoneSubId=1 isDataRoamingEnabled=true
08-10 05:12:07.746  1159  1159 D PhoneFactory: getPhone:- phoneId != DEFAULT_PHONE_ID return sProxyPhones[phoneId] phoneId=0 phone=Handler (com.android.internal.telephony.PhoneProxy) {3dcfc911}
08-10 05:12:07.746  1159  1159 D DCT     : [0]getDataOnRoamingEnabled: phoneSubId=1 isDataRoamingEnabled=true
08-10 05:12:07.748  1159  1159 D PhoneFactory: getPhone:- phoneId != DEFAULT_PHONE_ID return sProxyPhones[phoneId] phoneId=0 phone=Handler (com.android.internal.telephony.PhoneProxy) {3dcfc911}
08-10 05:12:07.748  1159  1159 D DCT     : [0]getDataOnRoamingEnabled: phoneSubId=1 isDataRoamingEnabled=true
08-10 05:12:07.749  1159  1159 D PhoneFactory: getPhone:- phoneId != DEFAULT_PHONE_ID return sProxyPhones[phoneId] phoneId=0 phone=Handler (com.android.internal.telephony.PhoneProxy) {3dcfc911}
08-10 05:12:07.749  1159  1159 D DCT     : [0]getDataOnRoamingEnabled: phoneSubId=1 isDataRoamingEnabled=true
08-10 05:12:07.750  1159  1159 D PhoneFactory: getPhone:- phoneId != DEFAULT_PHONE_ID return sProxyPhones[phoneId] phoneId=0 phone=Handler (com.android.internal.telephony.PhoneProxy) {3dcfc911}
08-10 05:12:07.751  1159  1159 D DCT     : [0]getDataOnRoamingEnabled: phoneSubId=1 isDataRoamingEnabled=true
08-10 05:12:07.752  1159  1159 D PhoneFactory: getPhone:- phoneId != DEFAULT_PHONE_ID return sProxyPhones[phoneId] phoneId=0 phone=Handler (com.android.internal.telephony.PhoneProxy) {3dcfc911}
08-10 05:12:07.752  1159  1159 D DCT     : [0]getDataOnRoamingEnabled: phoneSubId=1 isDataRoamingEnabled=true
08-10 05:12:07.753  1159  1159 D PhoneFactory: getPhone:- phoneId != DEFAULT_PHONE_ID return sProxyPhones[phoneId] phoneId=0 phone=Handler (com.android.internal.telephony.PhoneProxy) {3dcfc911}
08-10 05:12:07.753  1159  1159 D DCT     : [0]getDataOnRoamingEnabled: phoneSubId=1 isDataRoamingEnabled=true
08-10 05:12:07.754  1159  1159 D RILJ    : [3734]> OPERATOR [SUB0]
08-10 05:12:07.756  1159  1159 D RILJ    : [3735]> DATA_REGISTRATION_STATE [SUB0]
08-10 05:12:07.757   188  1475 D RILC    : RequestComplete, RIL_SOCKET_1
08-10 05:12:07.757   188  1475 E RILC    : Send Response to RIL_SOCKET_1
08-10 05:12:07.758  1159  1159 D RILJ    : [3736]> VOICE_REGISTRATION_STATE [SUB0]
08-10 05:12:07.758  1159  1282 D RILJ    : [3734]< OPERATOR {null, null, null} [SUB0]
08-10 05:12:07.759  1159  1159 D RILJ    : [3737]> QUERY_NETWORK_SELECTION_MODE [SUB0]
08-10 05:12:07.761  1159  1159 D PhoneFactory: getPhone:- phoneId != DEFAULT_PHONE_ID return sProxyPhones[phoneId] phoneId=0 phone=Handler (com.android.internal.telephony.PhoneProxy) {3dcfc911}
08-10 05:12:07.762  1159  1159 D DCT     : [0]getDataOnRoamingEnabled: phoneSubId=1 isDataRoamingEnabled=true
08-10 05:12:07.762   188  1478 D RILC    : RequestComplete, RIL_SOCKET_1
08-10 05:12:07.762   188  1478 E RILC    : Send Response to RIL_SOCKET_1
08-10 05:12:07.763  1159  1282 D RILJ    : [3737]< QUERY_NETWORK_SELECTION_MODE {0} [SUB0]
08-10 05:12:07.763  1159  1159 D PhoneFactory: getPhone:- phoneId != DEFAULT_PHONE_ID return sProxyPhones[phoneId] phoneId=0 phone=Handler (com.android.internal.telephony.PhoneProxy) {3dcfc911}
08-10 05:12:07.764  1159  1159 D DCT     : [0]getDataOnRoamingEnabled: phoneSubId=1 isDataRoamingEnabled=true
08-10 05:12:07.765  1159  1159 D PhoneFactory: getPhone:- phoneId != DEFAULT_PHONE_ID return sProxyPhones[phoneId] phoneId=0 phone=Handler (com.android.internal.telephony.PhoneProxy) {3dcfc911}
08-10 05:12:07.765  1159  1159 D DCT     : [0]getDataOnRoamingEnabled: phoneSubId=1 isDataRoamingEnabled=true
08-10 05:12:07.765   188  1477 I RILQ    : (0/188):RIL[0][cmd-20(64)] qcril_qmi_nas_update_data_rte: completed, new drte 0 with confidence 4
08-10 05:12:07.766  1159  1159 D PhoneFactory: getPhone:- phoneId != DEFAULT_PHONE_ID return sProxyPhones[phoneId] phoneId=0 phone=Handler (com.android.internal.telephony.PhoneProxy) {3dcfc911}
08-10 05:12:07.766  1159  1159 D DCT     : [0]getDataOnRoamingEnabled: phoneSubId=1 isDataRoamingEnabled=true
08-10 05:12:07.767  1159  1159 D PhoneFactory: getPhone:- phoneId != DEFAULT_PHONE_ID return sProxyPhones[phoneId] phoneId=0 phone=Handler (com.android.internal.telephony.PhoneProxy) {3dcfc911}
08-10 05:12:07.768  1159  1159 D DCT     : [0]getDataOnRoamingEnabled: phoneSubId=1 isDataRoamingEnabled=true
08-10 05:12:07.768   188  1476 D RILC    : RequestComplete, RIL_SOCKET_1
08-10 05:12:07.768   188  1476 E RILC    : Send Response to RIL_SOCKET_1
08-10 05:12:07.769  1159  1159 D PhoneFactory: getPhone:- phoneId != DEFAULT_PHONE_ID return sProxyPhones[phoneId] phoneId=0 phone=Handler (com.android.internal.telephony.PhoneProxy) {3dcfc911}
08-10 05:12:07.769  1159  1159 D DCT     : [0]getDataOnRoamingEnabled: phoneSubId=1 isDataRoamingEnabled=true
08-10 05:12:07.769  1159  1282 D RILJ    : [3735]< DATA_REGISTRATION_STATE {3, null, null, null, 15, 20, null, null, null, null, null} [SUB0]
08-10 05:12:07.770   188  1477 D RILC    : RequestComplete, RIL_SOCKET_1
08-10 05:12:07.770   188  1477 E RILC    : Send Response to RIL_SOCKET_1
08-10 05:12:07.770  1159  1159 D PhoneFactory: getPhone:- phoneId != DEFAULT_PHONE_ID return sProxyPhones[phoneId] phoneId=0 phone=Handler (com.android.internal.telephony.PhoneProxy) {3dcfc911}
08-10 05:12:07.771  1159  1159 D DCT     : [0]getDataOnRoamingEnabled: phoneSubId=1 isDataRoamingEnabled=true
08-10 05:12:07.772  1159  1159 D PhoneFactory: getPhone:- phoneId != DEFAULT_PHONE_ID return sProxyPhones[phoneId] phoneId=0 phone=Handler (com.android.internal.telephony.PhoneProxy) {3dcfc911}
08-10 05:12:07.772  1159  1282 D RILJ    : [3736]< VOICE_REGISTRATION_STATE {2, null, null, 0, null, null, null, 0, null, null, null, null, null, 0, null} [SUB0]
08-10 05:12:07.772  1159  1159 D DCT     : [0]getDataOnRoamingEnabled: phoneSubId=1 isDataRoamingEnabled=true
08-10 05:12:07.773  1159  1159 D PhoneFactory: getPhone:- phoneId != DEFAULT_PHONE_ID return sProxyPhones[phoneId] phoneId=0 phone=Handler (com.android.internal.telephony.PhoneProxy) {3dcfc911}
08-10 05:12:07.774  1159  1159 D DCT     : [0]getDataOnRoamingEnabled: phoneSubId=1 isDataRoamingEnabled=true
08-10 05:12:07.775  1159  1159 D PhoneFactory: getPhone:- phoneId != DEFAULT_PHONE_ID return sProxyPhones[phoneId] phoneId=0 phone=Handler (com.android.internal.telephony.PhoneProxy) {3dcfc911}
08-10 05:12:07.775  1159  1159 D DCT     : [0]getDataOnRoamingEnabled: phoneSubId=1 isDataRoamingEnabled=true
08-10 05:12:07.776  1159  1159 D PhoneFactory: getPhone:- phoneId != DEFAULT_PHONE_ID return sProxyPhones[phoneId] phoneId=0 phone=Handler (com.android.internal.telephony.PhoneProxy) {3dcfc911}
08-10 05:12:07.776  1159  1159 D DCT     : [0]getDataOnRoamingEnabled: phoneSubId=1 isDataRoamingEnabled=true
08-10 05:12:07.777  1159  1159 D PhoneFactory: getPhone:- phoneId != DEFAULT_PHONE_ID return sProxyPhones[phoneId] phoneId=0 phone=Handler (com.android.internal.telephony.PhoneProxy) {3dcfc911}
08-10 05:12:07.778  1159  1159 D DCT     : [0]getDataOnRoamingEnabled: phoneSubId=1 isDataRoamingEnabled=true
08-10 05:12:07.779  1159  1159 D PhoneFactory: getPhone:- phoneId != DEFAULT_PHONE_ID return sProxyPhones[phoneId] phoneId=0 phone=Handler (com.android.internal.telephony.PhoneProxy) {3dcfc911}
08-10 05:12:07.779  1159  1159 D DCT     : [0]getDataOnRoamingEnabled: phoneSubId=1 isDataRoamingEnabled=true
08-10 05:12:07.780  1159  1159 D PhoneFactory: getPhone:- phoneId != DEFAULT_PHONE_ID return sProxyPhones[phoneId] phoneId=0 phone=Handler (com.android.internal.telephony.PhoneProxy) {3dcfc911}
08-10 05:12:07.780  1159  1159 D DCT     : [0]getDataOnRoamingEnabled: phoneSubId=1 isDataRoamingEnabled=true
08-10 05:12:07.781  1159  1159 D PhoneFactory: getPhone:- phoneId != DEFAULT_PHONE_ID return sProxyPhones[phoneId] phoneId=0 phone=Handler (com.android.internal.telephony.PhoneProxy) {3dcfc911}
08-10 05:12:07.782  1159  1159 D DCT     : [0]getDataOnRoamingEnabled: phoneSubId=1 isDataRoamingEnabled=true
08-10 05:12:07.782  1159  1159 D PhoneFactory: getPhone:- phoneId != DEFAULT_PHONE_ID return sProxyPhones[phoneId] phoneId=0 phone=Handler (com.android.internal.telephony.PhoneProxy) {3dcfc911}
08-10 05:12:07.783  1159  1159 D DCT     : [0]getDataOnRoamingEnabled: phoneSubId=1 isDataRoamingEnabled=true
08-10 05:12:07.784  1159  1159 D PhoneFactory: getPhone:- phoneId != DEFAULT_PHONE_ID return sProxyPhones[phoneId] phoneId=0 phone=Handler (com.android.internal.telephony.PhoneProxy) {3dcfc911}
08-10 05:12:07.784  1159  1159 D DCT     : [0]getDataOnRoamingEnabled: phoneSubId=1 isDataRoamingEnabled=true
08-10 05:12:07.785  1159  1159 D PhoneFactory: getPhone:- phoneId != DEFAULT_PHONE_ID return sProxyPhones[phoneId] phoneId=0 phone=Handler (com.android.internal.telephony.PhoneProxy) {3dcfc911}
08-10 05:12:07.786  1159  1159 D DCT     : [0]getDataOnRoamingEnabled: phoneSubId=1 isDataRoamingEnabled=true
08-10 05:12:07.787  1159  1159 D PhoneFactory: getPhone:- phoneId != DEFAULT_PHONE_ID return sProxyPhones[phoneId] phoneId=0 phone=Handler (com.android.internal.telephony.PhoneProxy) {3dcfc911}
08-10 05:12:07.787  1159  1159 D DCT     : [0]getDataOnRoamingEnabled: phoneSubId=1 isDataRoamingEnabled=true
08-10 05:12:07.788  1159  1159 D PhoneFactory: getPhone:- phoneId != DEFAULT_PHONE_ID return sProxyPhones[phoneId] phoneId=0 phone=Handler (com.android.internal.telephony.PhoneProxy) {3dcfc911}
08-10 05:12:07.788  1159  1159 D DCT     : [0]getDataOnRoamingEnabled: phoneSubId=1 isDataRoamingEnabled=true
08-10 05:12:07.789  1159  1159 D PhoneFactory: getPhone:- phoneId != DEFAULT_PHONE_ID return sProxyPhones[phoneId] phoneId=0 phone=Handler (com.android.internal.telephony.PhoneProxy) {3dcfc911}
08-10 05:12:07.790  1159  1159 D DCT     : [0]getDataOnRoamingEnabled: phoneSubId=1 isDataRoamingEnabled=true
08-10 05:12:07.791  1159  1159 D PhoneFactory: getPhone:- phoneId != DEFAULT_PHONE_ID return sProxyPhones[phoneId] phoneId=0 phone=Handler (com.android.internal.telephony.PhoneProxy) {3dcfc911}
08-10 05:12:07.791  1159  1159 D DCT     : [0]getDataOnRoamingEnabled: phoneSubId=1 isDataRoamingEnabled=true
08-10 05:12:07.792  1159  1159 D PhoneFactory: getPhone:- phoneId != DEFAULT_PHONE_ID return sProxyPhones[phoneId] phoneId=0 phone=Handler (com.android.internal.telephony.PhoneProxy) {3dcfc911}
08-10 05:12:07.792  1159  1159 D DCT     : [0]getDataOnRoamingEnabled: phoneSubId=1 isDataRoamingEnabled=true
08-10 05:12:07.793  1159  1159 D PhoneFactory: getPhone:- phoneId != DEFAULT_PHONE_ID return sProxyPhones[phoneId] phoneId=0 phone=Handler (com.android.internal.telephony.PhoneProxy) {3dcfc911}
08-10 05:12:07.794  1159  1159 D DCT     : [0]getDataOnRoamingEnabled: phoneSubId=1 isDataRoamingEnabled=true
08-10 05:12:07.795  1159  1159 D PhoneFactory: getPhone:- phoneId != DEFAULT_PHONE_ID return sProxyPhones[phoneId] phoneId=0 phone=Handler (com.android.internal.telephony.PhoneProxy) {3dcfc911}
08-10 05:12:07.795  1159  1159 D DCT     : [0]getDataOnRoamingEnabled: phoneSubId=1 isDataRoamingEnabled=true
08-10 05:12:07.796  1159  1159 D PhoneFactory: getPhone:- phoneId != DEFAULT_PHONE_ID return sProxyPhones[phoneId] phoneId=0 phone=Handler (com.android.internal.telephony.PhoneProxy) {3dcfc911}
08-10 05:12:07.797  1159  1159 D DCT     : [0]getDataOnRoamingEnabled: phoneSubId=1 isDataRoamingEnabled=true
08-10 05:12:07.798  1159  1159 D PhoneFactory: getPhone:- phoneId != DEFAULT_PHONE_ID return sProxyPhones[phoneId] phoneId=0 phone=Handler (com.android.internal.telephony.PhoneProxy) {3dcfc911}
08-10 05:12:07.798  1159  1159 D DCT     : [0]getDataOnRoamingEnabled: phoneSubId=1 isDataRoamingEnabled=true
08-10 05:12:07.799  1159  1159 D PhoneFactory: getPhone:- phoneId != DEFAULT_PHONE_ID return sProxyPhones[phoneId] phoneId=0 phone=Handler (com.android.internal.telephony.PhoneProxy) {3dcfc911}
08-10 05:12:07.800  1159  1159 D DCT     : [0]getDataOnRoamingEnabled: phoneSubId=1 isDataRoamingEnabled=true
08-10 05:12:07.801  1159  1159 D PhoneFactory: getPhone:- phoneId != DEFAULT_PHONE_ID return sProxyPhones[phoneId] phoneId=0 phone=Handler (com.android.internal.telephony.PhoneProxy) {3dcfc911}
08-10 05:12:07.801  1159  1159 D DCT     : [0]getDataOnRoamingEnabled: phoneSubId=1 isDataRoamingEnabled=true
08-10 05:12:07.802  1159  1159 D PhoneFactory: getPhone:- phoneId != DEFAULT_PHONE_ID return sProxyPhones[phoneId] phoneId=0 phone=Handler (com.android.internal.telephony.PhoneProxy) {3dcfc911}
08-10 05:12:07.803  1159  1159 D DCT     : [0]getDataOnRoamingEnabled: phoneSubId=1 isDataRoamingEnabled=true
08-10 05:12:07.803  1159  1159 D PhoneFactory: getPhone:- phoneId != DEFAULT_PHONE_ID return sProxyPhones[phoneId] phoneId=0 phone=Handler (com.android.internal.telephony.PhoneProxy) {3dcfc911}
08-10 05:12:07.804  1159  1159 D DCT     : [0]getDataOnRoamingEnabled: phoneSubId=1 isDataRoamingEnabled=true
08-10 05:12:07.804  1159  1159 D GsmSST  : [GsmSST] SubscriptionListener.onSubscriptionInfoChanged
08-10 05:12:07.804  1159  1159 D DCT     : [0]SubscriptionListener.onSubscriptionInfoChanged
08-10 05:12:07.809  1159  1159 D DctController: onSubInfoReady mPhoneNum=1
08-10 05:12:07.809  1159  1159 D DctController: onSubInfoReady handle pending requests subId=1
08-10 05:12:07.810  1159  1159 D DctController: [TNF 1]evalPendingRequest, pending request size is 0
08-10 05:12:07.810  1159  1159 D DctController: processRequests
08-10 05:12:07.811  1159  1159 E PhoneBase: Error! unregisterForCallWaiting() in PhoneBase should not be called, CDMAPhone inactive.
08-10 05:12:07.814  1159  1159 D PhoneFactory: getPhone:- phoneId != DEFAULT_PHONE_ID return sProxyPhones[phoneId] phoneId=0 phone=Handler (com.android.internal.telephony.PhoneProxy) {3dcfc911}
08-10 05:12:07.817  1159  1159 D TelephonyManager: getTelephonyProperty: return propVal='null' phoneId=0 property='gsm.operator.alpha' defaultVal='' prop=
08-10 05:12:07.897  1159  1159 E PhoneBase: Error! registerForCallWaiting() in PhoneBase should not be called, CDMAPhone inactive.
08-10 05:12:07.903  1159  1159 D SubscriptionController: [getActiveSubInfoList]+
08-10 05:12:07.906  1159  1159 D SubscriptionController: selection:sim_id>=0 null
08-10 05:12:07.921  1159  1159 D TelephonyManager: getTelephonyProperty: return propVal='cn' phoneId=0 property='gsm.sim.operator.iso-country' defaultVal='' prop=cn
08-10 05:12:07.922  1159  1159 D SubscriptionController: [getSubInfoRecord] id:1 iccid:89860115921101579076 simSlotIndex:0 displayName:CARD 1 nameSource:0 iconTint:-16746133 dataRoaming:0 mcc:460 mnc:1 countIso:cn
08-10 05:12:07.924  1159  1159 D PhoneFactory: getPhone:- phoneId != DEFAULT_PHONE_ID return sProxyPhones[phoneId] phoneId=0 phone=Handler (com.android.internal.telephony.PhoneProxy) {3dcfc911}
08-10 05:12:07.927  1159  1159 D SubscriptionController: [getActiveSubInfoList]- 1 infos return
08-10 05:12:07.931  1159  1159 D DctController: handleMessage msg={ when=-553ms what=100 target=com.android.internal.telephony.dataconnection.DctController }
08-10 05:12:07.932  1159  1159 D DctController: selectExecPhone requestInfo = [ request=NetworkRequest [ id=1, legacyType=-1, [ Capabilities: INTERNET&NOT_RESTRICTED&TRUSTED&NOT_VPN] ], executed=false, priority=0]
08-10 05:12:07.932  1159  1159 D DctController: getTopPriorityRequestPhoneId = 0, priority = 0
08-10 05:12:07.933  1159  1159 D DcSwitchAsyncChannel: [DcSwitchAsyncChannel-0]: rspIsIdle=true
08-10 05:12:07.933  1159  1159 D DctController: onProcessRequest phoneId=0, activePhoneId=-1
08-10 05:12:07.934  1159  1331 D DcSwitchSM: [DcSwitchStateMachine-0] IdleState: REQ_CONNECT
08-10 05:12:07.934  1159  1331 D RILJ    : [3738]> RIL_REQUEST_ALLOW_DATA [SUB0]
08-10 05:12:07.936  1159  1159 D DcSwitchAsyncChannel: [DcSwitchAsyncChannel-0]: rspConnect=1
08-10 05:12:07.936  1159  1331 D DcSwitchSM: [DcSwitchStateMachine-0] AttachingState: enter
08-10 05:12:07.937   188   260 D RILC    : RequestComplete, RIL_SOCKET_1
08-10 05:12:07.937   188   260 E RILC    : Send Response to RIL_SOCKET_1
08-10 05:12:07.937  1159  1159 D DctController: handleMessage msg={ when=-558ms what=100 target=com.android.internal.telephony.dataconnection.DctController }
08-10 05:12:07.938  1159  1282 D RilRequest: [3738]< RIL_REQUEST_ALLOW_DATA error: com.android.internal.telephony.CommandException: REQUEST_NOT_SUPPORTED ret=
08-10 05:12:07.938  1159  1159 D DctController: selectExecPhone requestInfo = [ request=NetworkRequest [ id=1, legacyType=-1, [ Capabilities: INTERNET&NOT_RESTRICTED&TRUSTED&NOT_VPN] ], executed=false, priority=0]
08-10 05:12:07.938  1159  1159 D DctController: getTopPriorityRequestPhoneId = 0, priority = 0
08-10 05:12:07.940  1159  1159 D DcSwitchAsyncChannel: [DcSwitchAsyncChannel-0]: rspIsIdle=false
08-10 05:12:07.940  1159  1159 D DctController: onProcessRequest phoneId=0, activePhoneId=0
08-10 05:12:07.940  1159  1331 D DcSwitchSM: [DcSwitchStateMachine-0] AttachingState: REQ_CONNECT
08-10 05:12:07.941  1159  1331 D RILJ    : [3739]> RIL_REQUEST_ALLOW_DATA [SUB0]
08-10 05:12:07.943  1159  1159 D DcSwitchAsyncChannel: [DcSwitchAsyncChannel-0]: rspConnect=1
08-10 05:12:07.943   188   260 D RILC    : RequestComplete, RIL_SOCKET_1
08-10 05:12:07.943   188   260 E RILC    : Send Response to RIL_SOCKET_1
08-10 05:12:07.944  1159  1282 D RilRequest: [3739]< RIL_REQUEST_ALLOW_DATA error: com.android.internal.telephony.CommandException: REQUEST_NOT_SUPPORTED ret=
08-10 05:12:07.947  1159  1159 D DctController: handleMessage msg={ when=-340ms what=100 target=com.android.internal.telephony.dataconnection.DctController }
08-10 05:12:07.948  1159  1159 D DctController: selectExecPhone requestInfo = [ request=NetworkRequest [ id=1, legacyType=-1, [ Capabilities: INTERNET&NOT_RESTRICTED&TRUSTED&NOT_VPN] ], executed=false, priority=0]
08-10 05:12:07.949  1159  1159 D DctController: getTopPriorityRequestPhoneId = 0, priority = 0
08-10 05:12:07.950  1159  1159 D DcSwitchAsyncChannel: [DcSwitchAsyncChannel-0]: rspIsIdle=false
08-10 05:12:07.951  1159  1159 D DctController: onProcessRequest phoneId=0, activePhoneId=0
08-10 05:12:07.952  1159  1331 D DcSwitchSM: [DcSwitchStateMachine-0] AttachingState: REQ_CONNECT
08-10 05:12:07.952  1159  1331 D RILJ    : [3740]> RIL_REQUEST_ALLOW_DATA [SUB0]
08-10 05:12:07.954  1159  1159 D DcSwitchAsyncChannel: [DcSwitchAsyncChannel-0]: rspConnect=1
08-10 05:12:07.954   188   260 D RILC    : RequestComplete, RIL_SOCKET_1
08-10 05:12:07.954   188   260 E RILC    : Send Response to RIL_SOCKET_1
08-10 05:12:07.954  1159  1159 D PHONE   : [ServiceState] setDataRegState=1
08-10 05:12:07.954  1159  1159 D PHONE   : [ServiceState] setDataRadioTechnology=0
08-10 05:12:07.955  1159  1159 D GsmSST  : [GsmSST] handlPollStateResultMessage: GsmSST setDataRegState=1 regState=3 dataRadioTechnology=0
08-10 05:12:07.955  1159  1159 D PHONE   : [ServiceState] setVoiceRegState=1
08-10 05:12:07.955  1159  1159 E PHONE   : [ServiceState] setState deprecated use setVoiceRegState()
08-10 05:12:07.955  1159  1282 D RilRequest: [3740]< RIL_REQUEST_ALLOW_DATA error: com.android.internal.telephony.CommandException: REQUEST_NOT_SUPPORTED ret=
08-10 05:12:07.957  1159  1159 D GsmSST  : [GsmSST] Poll ServiceState done:  oldSS=[1 1 voice home data home null null null null null null  Unknown Unknown CSS not supported -1 -1 RoamInd=-1 DefRoamInd=-1 EmergOnly=false] newSS=[1 1 voice home data home null null null null null null  Unknown Unknown CSS not supported -1 -1 RoamInd=-1 DefRoamInd=-1 EmergOnly=false] oldMaxDataCalls=20 mNewMaxDataCalls=20 oldReasonDataDenied=15 mNewReasonDataDenied=15
08-10 05:12:07.957  1159  1159 D PHONE   : [ServiceState] setNullState=1
08-10 05:12:07.958  1159  1159 D DctController: handleMessage msg={ when=-148ms what=100 target=com.android.internal.telephony.dataconnection.DctController }
08-10 05:12:07.959  1159  1159 D DctController: selectExecPhone requestInfo = [ request=NetworkRequest [ id=1, legacyType=-1, [ Capabilities: INTERNET&NOT_RESTRICTED&TRUSTED&NOT_VPN] ], executed=false, priority=0]
08-10 05:12:07.959  1159  1159 D DctController: getTopPriorityRequestPhoneId = 0, priority = 0
08-10 05:12:07.960  1159  1159 D DcSwitchAsyncChannel: [DcSwitchAsyncChannel-0]: rspIsIdle=false
08-10 05:12:07.960  1159  1159 D DctController: onProcessRequest phoneId=0, activePhoneId=0
08-10 05:12:07.960  1159  1331 D DcSwitchSM: [DcSwitchStateMachine-0] AttachingState: REQ_CONNECT
08-10 05:12:07.961  1159  1331 D RILJ    : [3741]> RIL_REQUEST_ALLOW_DATA [SUB0]
08-10 05:12:07.962  1159  1159 D DcSwitchAsyncChannel: [DcSwitchAsyncChannel-0]: rspConnect=1
08-10 05:12:07.963   188   260 D RILC    : RequestComplete, RIL_SOCKET_1
08-10 05:12:07.963   188   260 E RILC    : Send Response to RIL_SOCKET_1
08-10 05:12:07.963  1159  1282 D RilRequest: [3741]< RIL_REQUEST_ALLOW_DATA error: com.android.internal.telephony.CommandException: REQUEST_NOT_SUPPORTED ret=
08-10 05:12:08.216   188   530 I RILQ    : (0/188):RIL[0][qmi_cb] qcril_qmi_nas_update_data_rte: completed, new drte 0 with confidence 4
08-10 05:12:08.218   188   530 I RILC    : RIL_SOCKET_1 UNSOLICITED: UNSOL_RESPONSE_VOICE_NETWORK_STATE_CHANGED length:8
08-10 05:12:08.218   188   530 E RILC    : Send Response to RIL_SOCKET_1
08-10 05:12:08.219  1159  1282 D RILJ    : [UNSL]< UNSOL_RESPONSE_VOICE_NETWORK_STATE_CHANGED [SUB0]
08-10 05:12:08.220  1159  1159 D RILJ    : [3742]> OPERATOR [SUB0]
08-10 05:12:08.320  1159  1159 D RILJ    : [3743]> DATA_REGISTRATION_STATE [SUB0]
08-10 05:12:08.320   188  1481 D RILC    : RequestComplete, RIL_SOCKET_1
08-10 05:12:08.320   188  1481 E RILC    : Send Response to RIL_SOCKET_1
08-10 05:12:08.321  1159  1282 D RILJ    : [3742]< OPERATOR {null, null, null} [SUB0]
08-10 05:12:08.323  1159  1159 D RILJ    : [3744]> VOICE_REGISTRATION_STATE [SUB0]
08-10 05:12:08.325  1159  1159 D RILJ    : [3745]> QUERY_NETWORK_SELECTION_MODE [SUB0]
08-10 05:12:08.326   188  1482 D RILC    : RequestComplete, RIL_SOCKET_1
08-10 05:12:08.326   188  1482 E RILC    : Send Response to RIL_SOCKET_1
08-10 05:12:08.327  1159  1282 D RILJ    : [3743]< DATA_REGISTRATION_STATE {3, null, null, null, 15, 20, null, null, null, null, null} [SUB0]
08-10 05:12:08.327  1159  1159 D PHONE   : [ServiceState] setDataRegState=1
08-10 05:12:08.327  1159  1159 D PHONE   : [ServiceState] setDataRadioTechnology=0
08-10 05:12:08.327  1159  1159 D GsmSST  : [GsmSST] handlPollStateResultMessage: GsmSST setDataRegState=1 regState=3 dataRadioTechnology=0
08-10 05:12:08.328   188  1484 D RILC    : RequestComplete, RIL_SOCKET_1
08-10 05:12:08.328   188  1484 E RILC    : Send Response to RIL_SOCKET_1
08-10 05:12:08.329  1159  1282 D RILJ    : [3745]< QUERY_NETWORK_SELECTION_MODE {0} [SUB0]
08-10 05:12:08.330   188  1483 I RILQ    : (0/188):RIL[0][cmd-20(64)] qcril_qmi_nas_update_data_rte: completed, new drte 0 with confidence 4
08-10 05:12:08.331   188  1483 D RILC    : RequestComplete, RIL_SOCKET_1
08-10 05:12:08.331   188  1483 E RILC    : Send Response to RIL_SOCKET_1
08-10 05:12:08.332  1159  1282 D RILJ    : [3744]< VOICE_REGISTRATION_STATE {2, null, null, 0, null, null, null, 0, null, null, null, null, null, 0, null} [SUB0]
08-10 05:12:08.333  1159  1159 D PHONE   : [ServiceState] setVoiceRegState=1
08-10 05:12:08.333  1159  1159 E PHONE   : [ServiceState] setState deprecated use setVoiceRegState()
08-10 05:12:08.334  1159  1159 D GsmSST  : [GsmSST] Poll ServiceState done:  oldSS=[1 1 voice home data home null null null null null null  Unknown Unknown CSS not supported -1 -1 RoamInd=-1 DefRoamInd=-1 EmergOnly=false] newSS=[1 1 voice home data home null null null null null null  Unknown Unknown CSS not supported -1 -1 RoamInd=-1 DefRoamInd=-1 EmergOnly=false] oldMaxDataCalls=20 mNewMaxDataCalls=20 oldReasonDataDenied=15 mNewReasonDataDenied=15
08-10 05:12:08.334  1159  1159 D PHONE   : [ServiceState] setNullState=1
08-10 05:12:08.904  1159  1204 D SubscriptionController: [getActiveSubInfoList]+
08-10 05:12:08.908  1159  1204 D SubscriptionController: selection:sim_id>=0 null
08-10 05:12:08.926  1159  1204 D TelephonyManager: getTelephonyProperty: return propVal='cn' phoneId=0 property='gsm.sim.operator.iso-country' defaultVal='' prop=cn
08-10 05:12:08.927  1159  1204 D SubscriptionController: [getSubInfoRecord] id:1 iccid:89860115921101579076 simSlotIndex:0 displayName:CARD 1 nameSource:0 iconTint:-16746133 dataRoaming:0 mcc:460 mnc:1 countIso:cn
08-10 05:12:08.929  1159  1204 D PhoneFactory: getPhone:- phoneId != DEFAULT_PHONE_ID return sProxyPhones[phoneId] phoneId=0 phone=Handler (com.android.internal.telephony.PhoneProxy) {3dcfc911}
08-10 05:12:08.934  1159  1204 D SubscriptionController: [getActiveSubInfoList]- 1 infos return
08-10 05:12:09.331  1159  1205 D SubscriptionController: [getActiveSubInfoList]+
08-10 05:12:09.334  1159  1205 D SubscriptionController: selection:sim_id>=0 null
08-10 05:12:09.352  1159  1205 D TelephonyManager: getTelephonyProperty: return propVal='cn' phoneId=0 property='gsm.sim.operator.iso-country' defaultVal='' prop=cn
08-10 05:12:09.352  1159  1205 D SubscriptionController: [getSubInfoRecord] id:1 iccid:89860115921101579076 simSlotIndex:0 displayName:CARD 1 nameSource:0 iconTint:-16746133 dataRoaming:0 mcc:460 mnc:1 countIso:cn
08-10 05:12:09.356  1159  1205 D PhoneFactory: getPhone:- phoneId != DEFAULT_PHONE_ID return sProxyPhones[phoneId] phoneId=0 phone=Handler (com.android.internal.telephony.PhoneProxy) {3dcfc911}
08-10 05:12:09.363  1159  1205 D SubscriptionController: [getActiveSubInfoList]- 1 infos return
08-10 05:12:09.384  1159  1204 D SubscriptionController: [getActiveSubInfoList]+
08-10 05:12:09.389  1159  1204 D SubscriptionController: selection:sim_id>=0 null
08-10 05:12:09.400  1159  1204 D TelephonyManager: getTelephonyProperty: return propVal='cn' phoneId=0 property='gsm.sim.operator.iso-country' defaultVal='' prop=cn
08-10 05:12:09.400  1159  1204 D SubscriptionController: [getSubInfoRecord] id:1 iccid:89860115921101579076 simSlotIndex:0 displayName:CARD 1 nameSource:0 iconTint:-16746133 dataRoaming:0 mcc:460 mnc:1 countIso:cn
08-10 05:12:09.401  1159  1204 D PhoneFactory: getPhone:- phoneId != DEFAULT_PHONE_ID return sProxyPhones[phoneId] phoneId=0 phone=Handler (com.android.internal.telephony.PhoneProxy) {3dcfc911}
08-10 05:12:09.404  1159  1204 D SubscriptionController: [getActiveSubInfoList]- 1 infos return
08-10 05:12:09.414  1159  1471 D SubscriptionController: [getActiveSubInfoList]+
08-10 05:12:09.416  1159  1471 D SubscriptionController: selection:sim_id>=0 null
