04-14 14:38:59.280   188 20805 D RILC    : RequestComplete, RIL_SOCKET_1
04-14 14:38:59.280   188 20805 E RILC    : Send Response to RIL_SOCKET_1
04-14 14:38:59.283  1159  1282 D RILJ    : [3831]< DATA_REGISTRATION_STATE {2, null, null, null, 0, 20, null, null, null, null, null} [SUB0]
04-14 14:38:59.284  1159  1159 D PHONE   : [ServiceState] setDataRegState=1
04-14 14:38:59.285  1159  1159 D PHONE   : [ServiceState] setDataRadioTechnology=0
04-14 14:38:59.286  1159  1159 D GsmSST  : [GsmSST] handlPollStateResultMessage: GsmSST setDataRegState=1 regState=2 dataRadioTechnology=0
04-14 14:38:59.288  1159  1159 D GsmSST  : [GsmSST] Poll ServiceState done:  oldSS=[1 1 voice home data home null null null null null null  Unknown Unknown CSS not supported -1 -1 RoamInd=-1 DefRoamInd=-1 EmergOnly=true] newSS=[1 1 voice home data home null null null null null null  Unknown Unknown CSS not supported -1 -1 RoamInd=-1 DefRoamInd=-1 EmergOnly=true] oldMaxDataCalls=20 mNewMaxDataCalls=20 oldReasonDataDenied=-1 mNewReasonDataDenied=-1
04-14 14:38:59.288  1159  1159 D PHONE   : [ServiceState] setNullState=1
04-14 14:38:59.288  1159  1159 D GsmSST  : [GsmSST] SST.getAllCellInfo(): return last, same thread can't block
04-14 14:38:59.288  1159  1159 D GsmSST  : [GsmSST] SST.getAllCellInfo(): X size=0 list=null
04-14 14:38:59.288  1159  1159 D GsmSST  : [GsmSST] getCellLocation(): X empty mCellLoc and CellInfo mCellLoc=[-1,-1,221]
04-14 14:38:59.292   708 11058 D TelephonyRegistry: notifyCellLocationForSubscriber: subId=1 cellLocation=Bundle[mParcelledData.dataSize=64]
04-14 14:39:48.902   188   530 I RILQ    : (0/188):RIL[0][qmi_cb] qcril_qmi_nas_update_data_rte: completed, new drte 0 with confidence 4
04-14 14:39:48.903   188   530 I RILC    : RIL_SOCKET_1 UNSOLICITED: UNSOL_RESPONSE_VOICE_NETWORK_STATE_CHANGED length:8
04-14 14:39:48.903   188   530 E RILC    : Send Response to RIL_SOCKET_1
04-14 14:39:48.903  1159  1282 D RILJ    : [UNSL]< UNSOL_RESPONSE_VOICE_NETWORK_STATE_CHANGED [SUB0]
04-14 14:39:48.905  1159  1159 D RILJ    : [3834]> OPERATOR [SUB0]
04-14 14:39:48.909  1159  1159 D RILJ    : [3835]> DATA_REGISTRATION_STATE [SUB0]
04-14 14:39:48.916  1159  1159 D RILJ    : [3836]> VOICE_REGISTRATION_STATE [SUB0]
04-14 14:39:48.920  1159  1159 D RILJ    : [3837]> QUERY_NETWORK_SELECTION_MODE [SUB0]
04-14 14:39:48.959   188   454 D RILC    : RequestComplete, RIL_SOCKET_1
04-14 14:39:48.959   188   454 E RILC    : Send Response to RIL_SOCKET_1
04-14 14:39:48.975  1159  1282 D RILJ    : [3834]< OPERATOR {null, null, null} [SUB0]
04-14 14:39:48.979   188   468 D RILC    : RequestComplete, RIL_SOCKET_1
04-14 14:39:48.979   188   468 E RILC    : Send Response to RIL_SOCKET_1
04-14 14:39:48.983  1159  1282 D RILJ    : [3836]< VOICE_REGISTRATION_STATE {13, null, null, 0, null, null, null, 0, null, null, null, null, null, 2, fc} [SUB0]
04-14 14:39:48.993  1159  1159 D PHONE   : [ServiceState] setVoiceRegState=1
04-14 14:39:48.993  1159  1159 E PHONE   : [ServiceState] setState deprecated use setVoiceRegState()
04-14 14:39:49.000   188   469 D RILC    : RequestComplete, RIL_SOCKET_1
04-14 14:39:49.000   188   469 E RILC    : Send Response to RIL_SOCKET_1
04-14 14:39:49.003  1159  1282 D RILJ    : [3837]< QUERY_NETWORK_SELECTION_MODE {0} [SUB0]
04-14 14:39:49.008   188   467 D RILC    : RequestComplete, RIL_SOCKET_1
04-14 14:39:49.008   188   467 E RILC    : Send Response to RIL_SOCKET_1
04-14 14:39:49.015  1159  1282 D RILJ    : [3835]< DATA_REGISTRATION_STATE {2, null, null, null, 0, 20, null, null, null, null, null} [SUB0]
04-14 14:39:49.015  1159  1159 D PHONE   : [ServiceState] setDataRegState=1
04-14 14:39:49.016  1159  1159 D PHONE   : [ServiceState] setDataRadioTechnology=0
04-14 14:39:49.016  1159  1159 D GsmSST  : [GsmSST] handlPollStateResultMessage: GsmSST setDataRegState=1 regState=2 dataRadioTechnology=0
04-14 14:39:49.017  1159  1159 D GsmSST  : [GsmSST] Poll ServiceState done:  oldSS=[1 1 voice home data home null null null null null null  Unknown Unknown CSS not supported -1 -1 RoamInd=-1 DefRoamInd=-1 EmergOnly=true] newSS=[1 1 voice home data home null null null null null null  Unknown Unknown CSS not supported -1 -1 RoamInd=-1 DefRoamInd=-1 EmergOnly=true] oldMaxDataCalls=20 mNewMaxDataCalls=20 oldReasonDataDenied=-1 mNewReasonDataDenied=-1
04-14 14:39:49.017  1159  1159 D PHONE   : [ServiceState] setNullState=1
04-14 14:39:49.017  1159  1159 D GsmSST  : [GsmSST] SST.getAllCellInfo(): return last, same thread can't block
04-14 14:39:49.017  1159  1159 D GsmSST  : [GsmSST] SST.getAllCellInfo(): X size=0 list=null
04-14 14:39:49.018  1159  1159 D GsmSST  : [GsmSST] getCellLocation(): X empty mCellLoc and CellInfo mCellLoc=[-1,-1,252]
04-14 14:39:49.020   708 11058 D TelephonyRegistry: notifyCellLocationForSubscriber: subId=1 cellLocation=Bundle[mParcelledData.dataSize=64]
04-14 14:40:23.445  1159  1204 D DCT     : [0]hasMatchedTetherApnSetting: APN=null
04-14 15:00:39.706  1159  1204 D SubscriptionController: [getActiveSubIdList] simInfoSet=[0=1]
04-14 15:00:39.709  1159  1204 D SubscriptionController: [getActiveSubIdList] X subIdArr.length=1
04-14 15:09:28.034   188   530 I RILQ    : (0/188):RIL[0][qmi_cb] qcril_qmi_nas_update_data_rte: completed, new drte 0 with confidence 4
04-14 15:09:28.035   188   530 I RILC    : RIL_SOCKET_1 UNSOLICITED: UNSOL_RESPONSE_VOICE_NETWORK_STATE_CHANGED length:8
04-14 15:09:28.035   188   530 E RILC    : Send Response to RIL_SOCKET_1
04-14 15:09:28.036  1159  1282 D RILJ    : [UNSL]< UNSOL_RESPONSE_VOICE_NETWORK_STATE_CHANGED [SUB0]
04-14 15:09:28.037  1159  1159 D RILJ    : [3838]> OPERATOR [SUB0]
04-14 15:09:28.041  1159  1159 D RILJ    : [3839]> DATA_REGISTRATION_STATE [SUB0]
04-14 15:09:28.042   188 31572 D RILC    : RequestComplete, RIL_SOCKET_1
04-14 15:09:28.042   188 31572 E RILC    : Send Response to RIL_SOCKET_1
04-14 15:09:28.043  1159  1282 D RILJ    : [3838]< OPERATOR {null, null, null} [SUB0]
04-14 15:09:28.048  1159  1159 D RILJ    : [3840]> VOICE_REGISTRATION_STATE [SUB0]
04-14 15:09:28.050  1159  1159 D RILJ    : [3841]> QUERY_NETWORK_SELECTION_MODE [SUB0]
04-14 15:09:28.057   188 31573 D RILC    : RequestComplete, RIL_SOCKET_1
04-14 15:09:28.057   188 31573 E RILC    : Send Response to RIL_SOCKET_1
04-14 15:09:28.057  1159  1282 D RILJ    : [3839]< DATA_REGISTRATION_STATE {2, null, null, null, 0, 20, null, null, null, null, null} [SUB0]
04-14 15:09:28.058  1159  1159 D PHONE   : [ServiceState] setDataRegState=1
04-14 15:09:28.058  1159  1159 D PHONE   : [ServiceState] setDataRadioTechnology=0
04-14 15:09:28.058  1159  1159 D GsmSST  : [GsmSST] handlPollStateResultMessage: GsmSST setDataRegState=1 regState=2 dataRadioTechnology=0
04-14 15:09:28.062   188 31574 D RILC    : RequestComplete, RIL_SOCKET_1
04-14 15:09:28.062   188 31574 E RILC    : Send Response to RIL_SOCKET_1
04-14 15:09:28.062   188 31579 D RILC    : RequestComplete, RIL_SOCKET_1
04-14 15:09:28.062   188 31579 E RILC    : Send Response to RIL_SOCKET_1
04-14 15:09:28.063  1159  1282 D RILJ    : [3840]< VOICE_REGISTRATION_STATE {13, null, null, 0, null, null, null, 0, null, null, null, null, null, 2, dd} [SUB0]
04-14 15:09:28.063  1159  1282 D RILJ    : [3841]< QUERY_NETWORK_SELECTION_MODE {0} [SUB0]
04-14 15:09:28.064  1159  1159 D PHONE   : [ServiceState] setVoiceRegState=1
04-14 15:09:28.064  1159  1159 E PHONE   : [ServiceState] setState deprecated use setVoiceRegState()
04-14 15:09:28.065  1159  1159 D GsmSST  : [GsmSST] Poll ServiceState done:  oldSS=[1 1 voice home data home null null null null null null  Unknown Unknown CSS not supported -1 -1 RoamInd=-1 DefRoamInd=-1 EmergOnly=true] newSS=[1 1 voice home data home null null null null null null  Unknown Unknown CSS not supported -1 -1 RoamInd=-1 DefRoamInd=-1 EmergOnly=true] oldMaxDataCalls=20 mNewMaxDataCalls=20 oldReasonDataDenied=-1 mNewReasonDataDenied=-1
04-14 15:09:28.066  1159  1159 D PHONE   : [ServiceState] setNullState=1
04-14 15:09:28.066  1159  1159 D GsmSST  : [GsmSST] SST.getAllCellInfo(): return last, same thread can't block
04-14 15:09:28.066  1159  1159 D GsmSST  : [GsmSST] SST.getAllCellInfo(): X size=0 list=null
04-14 15:09:28.066  1159  1159 D GsmSST  : [GsmSST] getCellLocation(): X empty mCellLoc and CellInfo mCellLoc=[-1,-1,221]
04-14 15:09:28.067   708 16952 D TelephonyRegistry: notifyCellLocationForSubscriber: subId=1 cellLocation=Bundle[mParcelledData.dataSize=64]
04-14 15:10:56.414   188   530 I RILQ    : (0/188):RIL[0][qmi_cb] qcril_qmi_nas_update_data_rte: completed, new drte 0 with confidence 4
04-14 15:10:56.416   188   530 I RILC    : RIL_SOCKET_1 UNSOLICITED: UNSOL_RESPONSE_VOICE_NETWORK_STATE_CHANGED length:8
04-14 15:10:56.416   188   530 E RILC    : Send Response to RIL_SOCKET_1
04-14 15:10:56.417  1159  1282 D RILJ    : [UNSL]< UNSOL_RESPONSE_VOICE_NETWORK_STATE_CHANGED [SUB0]
04-14 15:10:56.418  1159  1159 D RILJ    : [3842]> OPERATOR [SUB0]
04-14 15:10:56.423  1159  1159 D RILJ    : [3843]> DATA_REGISTRATION_STATE [SUB0]
04-14 15:10:56.429  1159  1159 D RILJ    : [3844]> VOICE_REGISTRATION_STATE [SUB0]
04-14 15:10:56.433  1159  1159 D RILJ    : [3845]> QUERY_NETWORK_SELECTION_MODE [SUB0]
04-14 15:10:56.434   188  4879 D RILC    : RequestComplete, RIL_SOCKET_1
04-14 15:10:56.434   188  4879 E RILC    : Send Response to RIL_SOCKET_1
04-14 15:10:56.435  1159  1282 D RILJ    : [3842]< OPERATOR {null, null, null} [SUB0]
04-14 15:10:56.442   188  4880 D RILC    : RequestComplete, RIL_SOCKET_1
04-14 15:10:56.442   188  4880 E RILC    : Send Response to RIL_SOCKET_1
04-14 15:10:56.444  1159  1282 D RILJ    : [3843]< DATA_REGISTRATION_STATE {2, null, null, null, 0, 20, null, null, null, null, null} [SUB0]
04-14 15:10:56.445  1159  1159 D PHONE   : [ServiceState] setDataRegState=1
04-14 15:10:56.445  1159  1159 D PHONE   : [ServiceState] setDataRadioTechnology=0
04-14 15:10:56.445  1159  1159 D GsmSST  : [GsmSST] handlPollStateResultMessage: GsmSST setDataRegState=1 regState=2 dataRadioTechnology=0
04-14 15:10:56.452   188  4881 D RILC    : RequestComplete, RIL_SOCKET_1
04-14 15:10:56.452   188  4881 E RILC    : Send Response to RIL_SOCKET_1
04-14 15:10:56.463  1159  1282 D RILJ    : [3844]< VOICE_REGISTRATION_STATE {13, null, null, 0, null, null, null, 0, null, null, null, null, null, 2, fc} [SUB0]
04-14 15:10:56.466  1159  1159 D PHONE   : [ServiceState] setVoiceRegState=1
04-14 15:10:56.466  1159  1159 E PHONE   : [ServiceState] setState deprecated use setVoiceRegState()
04-14 15:10:56.469   188  4882 D RILC    : RequestComplete, RIL_SOCKET_1
04-14 15:10:56.469   188  4882 E RILC    : Send Response to RIL_SOCKET_1
04-14 15:10:56.472  1159  1282 D RILJ    : [3845]< QUERY_NETWORK_SELECTION_MODE {0} [SUB0]
04-14 15:10:56.476  1159  1159 D GsmSST  : [GsmSST] Poll ServiceState done:  oldSS=[1 1 voice home data home null null null null null null  Unknown Unknown CSS not supported -1 -1 RoamInd=-1 DefRoamInd=-1 EmergOnly=true] newSS=[1 1 voice home data home null null null null null null  Unknown Unknown CSS not supported -1 -1 RoamInd=-1 DefRoamInd=-1 EmergOnly=true] oldMaxDataCalls=20 mNewMaxDataCalls=20 oldReasonDataDenied=-1 mNewReasonDataDenied=-1
04-14 15:10:56.476  1159  1159 D PHONE   : [ServiceState] setNullState=1
04-14 15:10:56.476  1159  1159 D GsmSST  : [GsmSST] SST.getAllCellInfo(): return last, same thread can't block
04-14 15:10:56.477  1159  1159 D GsmSST  : [GsmSST] SST.getAllCellInfo(): X size=0 list=null
04-14 15:10:56.477  1159  1159 D GsmSST  : [GsmSST] getCellLocation(): X empty mCellLoc and CellInfo mCellLoc=[-1,-1,252]
04-14 15:10:56.478   708  1194 D TelephonyRegistry: notifyCellLocationForSubscriber: subId=1 cellLocation=Bundle[mParcelledData.dataSize=64]
04-14 15:12:02.909  1159  1205 D SubscriptionController: [getActiveSubIdList] simInfoSet=[0=1]
04-14 15:12:02.913  1159  1205 D SubscriptionController: [getActiveSubIdList] X subIdArr.length=1
04-14 15:20:08.908  1159  1471 D DCT     : [0]hasMatchedTetherApnSetting: APN=null
04-14 15:34:19.494   188   530 I RILQ    : (0/188):RIL[0][qmi_cb] qcril_qmi_nas_update_data_rte: completed, new drte 0 with confidence 4
04-14 15:34:19.495   188   530 I RILC    : RIL_SOCKET_1 UNSOLICITED: UNSOL_RESPONSE_VOICE_NETWORK_STATE_CHANGED length:8
04-14 15:34:19.495   188   530 E RILC    : Send Response to RIL_SOCKET_1
04-14 15:34:19.496  1159  1282 D RILJ    : [UNSL]< UNSOL_RESPONSE_VOICE_NETWORK_STATE_CHANGED [SUB0]
04-14 15:34:19.497  1159  1159 D RILJ    : [3846]> OPERATOR [SUB0]
04-14 15:34:19.503  1159  1159 D RILJ    : [3847]> DATA_REGISTRATION_STATE [SUB0]
04-14 15:34:19.507  1159  1159 D RILJ    : [3848]> VOICE_REGISTRATION_STATE [SUB0]
04-14 15:34:19.516  1159  1159 D RILJ    : [3849]> QUERY_NETWORK_SELECTION_MODE [SUB0]
04-14 15:34:19.575   188 28312 D RILC    : RequestComplete, RIL_SOCKET_1
04-14 15:34:19.581   188 28312 E RILC    : Send Response to RIL_SOCKET_1
04-14 15:34:19.584  1159  1282 D RILJ    : [3846]< OPERATOR {null, null, null} [SUB0]
04-14 15:34:19.587   188 28327 D RILC    : RequestComplete, RIL_SOCKET_1
04-14 15:34:19.605   188 28327 E RILC    : Send Response to RIL_SOCKET_1
04-14 15:34:19.610  1159  1282 D RILJ    : [3849]< QUERY_NETWORK_SELECTION_MODE {0} [SUB0]
04-14 15:34:19.616   188 28326 D RILC    : RequestComplete, RIL_SOCKET_1
04-14 15:34:19.616   188 28326 E RILC    : Send Response to RIL_SOCKET_1
04-14 15:34:19.619  1159  1282 D RILJ    : [3848]< VOICE_REGISTRATION_STATE {13, null, null, 0, null, null, null, 0, null, null, null, null, null, 2, 63} [SUB0]
04-14 15:34:19.619  1159  1159 D PHONE   : [ServiceState] setVoiceRegState=1
04-14 15:34:19.619  1159  1159 E PHONE   : [ServiceState] setState deprecated use setVoiceRegState()
04-14 15:34:19.625   188 28313 D RILC    : RequestComplete, RIL_SOCKET_1
04-14 15:34:19.625   188 28313 E RILC    : Send Response to RIL_SOCKET_1
04-14 15:34:19.628  1159  1282 D RILJ    : [3847]< DATA_REGISTRATION_STATE {2, null, null, null, 0, 20, null, null, null, null, null} [SUB0]
04-14 15:34:19.629  1159  1159 D PHONE   : [ServiceState] setDataRegState=1
04-14 15:34:19.629  1159  1159 D PHONE   : [ServiceState] setDataRadioTechnology=0
04-14 15:34:19.629  1159  1159 D GsmSST  : [GsmSST] handlPollStateResultMessage: GsmSST setDataRegState=1 regState=2 dataRadioTechnology=0
04-14 15:34:19.632  1159  1159 D GsmSST  : [GsmSST] Poll ServiceState done:  oldSS=[1 1 voice home data home null null null null null null  Unknown Unknown CSS not supported -1 -1 RoamInd=-1 DefRoamInd=-1 EmergOnly=true] newSS=[1 1 voice home data home null null null null null null  Unknown Unknown CSS not supported -1 -1 RoamInd=-1 DefRoamInd=-1 EmergOnly=true] oldMaxDataCalls=20 mNewMaxDataCalls=20 oldReasonDataDenied=-1 mNewReasonDataDenied=-1
04-14 15:34:19.632  1159  1159 D PHONE   : [ServiceState] setNullState=1
04-14 15:34:19.632  1159  1159 D GsmSST  : [GsmSST] SST.getAllCellInfo(): return last, same thread can't block
04-14 15:34:19.632  1159  1159 D GsmSST  : [GsmSST] SST.getAllCellInfo(): X size=0 list=null
04-14 15:34:19.633  1159  1159 D GsmSST  : [GsmSST] getCellLocation(): X empty mCellLoc and CellInfo mCellLoc=[-1,-1,99]
04-14 15:34:19.634   708  1196 D TelephonyRegistry: notifyCellLocationForSubscriber: subId=1 cellLocation=Bundle[mParcelledData.dataSize=64]
04-14 15:37:27.048   188   530 I RILQ    : (0/188):RIL[0][qmi_cb] qcril_qmi_nas_update_data_rte: completed, new drte 0 with confidence 4
04-14 15:37:27.049   188   530 I RILC    : RIL_SOCKET_1 UNSOLICITED: UNSOL_RESPONSE_VOICE_NETWORK_STATE_CHANGED length:8
04-14 15:37:27.049   188   530 E RILC    : Send Response to RIL_SOCKET_1
04-14 15:37:27.050  1159  1282 D RILJ    : [UNSL]< UNSOL_RESPONSE_VOICE_NETWORK_STATE_CHANGED [SUB0]
04-14 15:37:27.052  1159  1159 D RILJ    : [3850]> OPERATOR [SUB0]
04-14 15:37:27.493  1159  1159 D RILJ    : [3851]> DATA_REGISTRATION_STATE [SUB0]
04-14 15:37:27.497  1159  1159 D RILJ    : [3852]> VOICE_REGISTRATION_STATE [SUB0]
04-14 15:37:27.502  1159  1159 D RILJ    : [3853]> QUERY_NETWORK_SELECTION_MODE [SUB0]
04-14 15:37:27.527   188 10519 D RILC    : RequestComplete, RIL_SOCKET_1
04-14 15:37:27.527   188 10519 E RILC    : Send Response to RIL_SOCKET_1
04-14 15:37:27.530  1159  1282 D RILJ    : [3850]< OPERATOR {null, null, null} [SUB0]
04-14 15:37:27.535   188 10521 D RILC    : RequestComplete, RIL_SOCKET_1
04-14 15:37:27.535   188 10521 E RILC    : Send Response to RIL_SOCKET_1
04-14 15:37:27.538  1159  1282 D RILJ    : [3852]< VOICE_REGISTRATION_STATE {13, null, null, 0, null, null, null, 0, null, null, null, null, null, 2, fc} [SUB0]
04-14 15:37:27.538  1159  1159 D PHONE   : [ServiceState] setVoiceRegState=1
04-14 15:37:27.538  1159  1159 E PHONE   : [ServiceState] setState deprecated use setVoiceRegState()
04-14 15:37:27.542   188 10523 D RILC    : RequestComplete, RIL_SOCKET_1
04-14 15:37:27.542   188 10523 E RILC    : Send Response to RIL_SOCKET_1
04-14 15:37:27.544  1159  1282 D RILJ    : [3853]< QUERY_NETWORK_SELECTION_MODE {0} [SUB0]
04-14 15:37:27.548   188 10520 D RILC    : RequestComplete, RIL_SOCKET_1
04-14 15:37:27.548   188 10520 E RILC    : Send Response to RIL_SOCKET_1
04-14 15:37:27.551  1159  1282 D RILJ    : [3851]< DATA_REGISTRATION_STATE {2, null, null, null, 0, 20, null, null, null, null, null} [SUB0]
04-14 15:37:27.552  1159  1159 D PHONE   : [ServiceState] setDataRegState=1
04-14 15:37:27.552  1159  1159 D PHONE   : [ServiceState] setDataRadioTechnology=0
04-14 15:37:27.552  1159  1159 D GsmSST  : [GsmSST] handlPollStateResultMessage: GsmSST setDataRegState=1 regState=2 dataRadioTechnology=0
04-14 15:37:27.553  1159  1159 D GsmSST  : [GsmSST] Poll ServiceState done:  oldSS=[1 1 voice home data home null null null null null null  Unknown Unknown CSS not supported -1 -1 RoamInd=-1 DefRoamInd=-1 EmergOnly=true] newSS=[1 1 voice home data home null null null null null null  Unknown Unknown CSS not supported -1 -1 RoamInd=-1 DefRoamInd=-1 EmergOnly=true] oldMaxDataCalls=20 mNewMaxDataCalls=20 oldReasonDataDenied=-1 mNewReasonDataDenied=-1
04-14 15:37:27.553  1159  1159 D PHONE   : [ServiceState] setNullState=1
04-14 15:37:27.553  1159  1159 D GsmSST  : [GsmSST] SST.getAllCellInfo(): return last, same thread can't block
04-14 15:37:27.554  1159  1159 D GsmSST  : [GsmSST] SST.getAllCellInfo(): X size=0 list=null
04-14 15:37:27.554  1159  1159 D GsmSST  : [GsmSST] getCellLocation(): X empty mCellLoc and CellInfo mCellLoc=[-1,-1,252]
04-14 15:37:27.570   708  1720 D TelephonyRegistry: notifyCellLocationForSubscriber: subId=1 cellLocation=Bundle[mParcelledData.dataSize=64]
04-14 15:41:27.794  1159  1205 D SubscriptionController: [getActiveSubIdList] simInfoSet=[0=1]
04-14 15:41:27.796  1159  1205 D SubscriptionController: [getActiveSubIdList] X subIdArr.length=1
04-14 15:42:17.945   188   530 I RILQ    : (0/188):RIL[0][qmi_cb] qcril_qmi_nas_update_data_rte: completed, new drte 0 with confidence 4
04-14 15:42:17.946   188   530 I RILC    : RIL_SOCKET_1 UNSOLICITED: UNSOL_RESPONSE_VOICE_NETWORK_STATE_CHANGED length:8
04-14 15:42:17.946   188   530 E RILC    : Send Response to RIL_SOCKET_1
04-14 15:42:17.947  1159  1282 D RILJ    : [UNSL]< UNSOL_RESPONSE_VOICE_NETWORK_STATE_CHANGED [SUB0]
04-14 15:42:17.949  1159  1159 D RILJ    : [3854]> OPERATOR [SUB0]
04-14 15:42:17.954  1159  1159 D RILJ    : [3855]> DATA_REGISTRATION_STATE [SUB0]
04-14 15:42:17.959  1159  1159 D RILJ    : [3856]> VOICE_REGISTRATION_STATE [SUB0]
04-14 15:42:17.972  1159  1159 D RILJ    : [3857]> QUERY_NETWORK_SELECTION_MODE [SUB0]
04-14 15:42:18.024   188 17736 D RILC    : RequestComplete, RIL_SOCKET_1
04-14 15:42:18.024   188 17736 E RILC    : Send Response to RIL_SOCKET_1
04-14 15:42:18.027  1159  1282 D RILJ    : [3854]< OPERATOR {null, null, null} [SUB0]
04-14 15:42:18.031   188 17749 D RILC    : RequestComplete, RIL_SOCKET_1
04-14 15:42:18.031   188 17749 E RILC    : Send Response to RIL_SOCKET_1
04-14 15:42:18.037  1159  1282 D RILJ    : [3855]< DATA_REGISTRATION_STATE {2, null, null, null, 0, 20, null, null, null, null, null} [SUB0]
04-14 15:42:18.037  1159  1159 D PHONE   : [ServiceState] setDataRegState=1
04-14 15:42:18.038  1159  1159 D PHONE   : [ServiceState] setDataRadioTechnology=0
04-14 15:42:18.038  1159  1159 D GsmSST  : [GsmSST] handlPollStateResultMessage: GsmSST setDataRegState=1 regState=2 dataRadioTechnology=0
04-14 15:42:18.042   188 17751 D RILC    : RequestComplete, RIL_SOCKET_1
04-14 15:42:18.042   188 17751 E RILC    : Send Response to RIL_SOCKET_1
04-14 15:42:18.044  1159  1282 D RILJ    : [3857]< QUERY_NETWORK_SELECTION_MODE {0} [SUB0]
04-14 15:42:18.057   188 17750 D RILC    : RequestComplete, RIL_SOCKET_1
04-14 15:42:18.057   188 17750 E RILC    : Send Response to RIL_SOCKET_1
04-14 15:42:18.063  1159  1282 D RILJ    : [3856]< VOICE_REGISTRATION_STATE {13, null, null, 0, null, null, null, 0, null, null, null, null, null, 2, dd} [SUB0]
04-14 15:42:18.063  1159  1159 D PHONE   : [ServiceState] setVoiceRegState=1
04-14 15:42:18.063  1159  1159 E PHONE   : [ServiceState] setState deprecated use setVoiceRegState()
04-14 15:42:18.065  1159  1159 D GsmSST  : [GsmSST] Poll ServiceState done:  oldSS=[1 1 voice home data home null null null null null null  Unknown Unknown CSS not supported -1 -1 RoamInd=-1 DefRoamInd=-1 EmergOnly=true] newSS=[1 1 voice home data home null null null null null null  Unknown Unknown CSS not supported -1 -1 RoamInd=-1 DefRoamInd=-1 EmergOnly=true] oldMaxDataCalls=20 mNewMaxDataCalls=20 oldReasonDataDenied=-1 mNewReasonDataDenied=-1
04-14 15:42:18.065  1159  1159 D PHONE   : [ServiceState] setNullState=1
04-14 15:42:18.065  1159  1159 D GsmSST  : [GsmSST] SST.getAllCellInfo(): return last, same thread can't block
04-14 15:42:18.065  1159  1159 D GsmSST  : [GsmSST] SST.getAllCellInfo(): X size=0 list=null
04-14 15:42:18.065  1159  1159 D GsmSST  : [GsmSST] getCellLocation(): X empty mCellLoc and CellInfo mCellLoc=[-1,-1,221]
04-14 15:42:18.078   708  1158 D TelephonyRegistry: notifyCellLocationForSubscriber: subId=1 cellLocation=Bundle[mParcelledData.dataSize=64]
04-14 15:43:30.997   188   530 I RILQ    : (0/188):RIL[0][qmi_cb] qcril_qmi_nas_update_data_rte: completed, new drte 0 with confidence 4
04-14 15:43:30.998   188   530 I RILC    : RIL_SOCKET_1 UNSOLICITED: UNSOL_RESPONSE_VOICE_NETWORK_STATE_CHANGED length:8
04-14 15:43:30.998   188   530 E RILC    : Send Response to RIL_SOCKET_1
04-14 15:43:30.999  1159  1282 D RILJ    : [UNSL]< UNSOL_RESPONSE_VOICE_NETWORK_STATE_CHANGED [SUB0]
04-14 15:43:31.001  1159  1159 D RILJ    : [3858]> OPERATOR [SUB0]
04-14 15:43:31.006  1159  1159 D RILJ    : [3859]> DATA_REGISTRATION_STATE [SUB0]
04-14 15:43:31.015  1159  1159 D RILJ    : [3860]> VOICE_REGISTRATION_STATE [SUB0]
04-14 15:43:31.020  1159  1159 D RILJ    : [3861]> QUERY_NETWORK_SELECTION_MODE [SUB0]
04-14 15:43:31.091   188  3645 D RILC    : RequestComplete, RIL_SOCKET_1
04-14 15:43:31.091   188  3645 E RILC    : Send Response to RIL_SOCKET_1
04-14 15:43:31.094  1159  1282 D RILJ    : [3858]< OPERATOR {null, null, null} [SUB0]
04-14 15:43:31.116   188  3668 D RILC    : RequestComplete, RIL_SOCKET_1
04-14 15:43:31.118   188  3668 E RILC    : Send Response to RIL_SOCKET_1
04-14 15:43:31.121  1159  1282 D RILJ    : [3860]< VOICE_REGISTRATION_STATE {13, null, null, 0, null, null, null, 0, null, null, null, null, null, 2, 63} [SUB0]
04-14 15:43:31.122  1159  1159 D PHONE   : [ServiceState] setVoiceRegState=1
04-14 15:43:31.122  1159  1159 E PHONE   : [ServiceState] setState deprecated use setVoiceRegState()
04-14 15:43:31.130   188  3670 D RILC    : RequestComplete, RIL_SOCKET_1
04-14 15:43:31.130   188  3670 E RILC    : Send Response to RIL_SOCKET_1
04-14 15:43:31.134  1159  1282 D RILJ    : [3861]< QUERY_NETWORK_SELECTION_MODE {0} [SUB0]
04-14 15:43:31.141   188  3665 D RILC    : RequestComplete, RIL_SOCKET_1
04-14 15:43:31.141   188  3665 E RILC    : Send Response to RIL_SOCKET_1
04-14 15:43:31.144  1159  1282 D RILJ    : [3859]< DATA_REGISTRATION_STATE {2, null, null, null, 0, 20, null, null, null, null, null} [SUB0]
04-14 15:43:31.146  1159  1159 D PHONE   : [ServiceState] setDataRegState=1
04-14 15:43:31.146  1159  1159 D PHONE   : [ServiceState] setDataRadioTechnology=0
04-14 15:43:31.146  1159  1159 D GsmSST  : [GsmSST] handlPollStateResultMessage: GsmSST setDataRegState=1 regState=2 dataRadioTechnology=0
04-14 15:43:31.148  1159  1159 D GsmSST  : [GsmSST] Poll ServiceState done:  oldSS=[1 1 voice home data home null null null null null null  Unknown Unknown CSS not supported -1 -1 RoamInd=-1 DefRoamInd=-1 EmergOnly=true] newSS=[1 1 voice home data home null null null null null null  Unknown Unknown CSS not supported -1 -1 RoamInd=-1 DefRoamInd=-1 EmergOnly=true] oldMaxDataCalls=20 mNewMaxDataCalls=20 oldReasonDataDenied=-1 mNewReasonDataDenied=-1
04-14 15:43:31.148  1159  1159 D PHONE   : [ServiceState] setNullState=1
04-14 15:43:31.148  1159  1159 D GsmSST  : [GsmSST] SST.getAllCellInfo(): return last, same thread can't block
04-14 15:43:31.148  1159  1159 D GsmSST  : [GsmSST] SST.getAllCellInfo(): X size=0 list=null
04-14 15:43:31.148  1159  1159 D GsmSST  : [GsmSST] getCellLocation(): X empty mCellLoc and CellInfo mCellLoc=[-1,-1,99]
04-14 15:43:31.149   708  1844 D TelephonyRegistry: notifyCellLocationForSubscriber: subId=1 cellLocation=Bundle[mParcelledData.dataSize=64]
04-14 15:43:50.967   188   530 I RILQ    : (0/188):RIL[0][qmi_cb] qcril_qmi_nas_update_data_rte: completed, new drte 0 with confidence 4
04-14 15:43:50.968   188   530 I RILC    : RIL_SOCKET_1 UNSOLICITED: UNSOL_RESPONSE_VOICE_NETWORK_STATE_CHANGED length:8
04-14 15:43:50.968   188   530 E RILC    : Send Response to RIL_SOCKET_1
04-14 15:43:50.969  1159  1282 D RILJ    : [UNSL]< UNSOL_RESPONSE_VOICE_NETWORK_STATE_CHANGED [SUB0]
04-14 15:43:50.969  1159  1159 D RILJ    : [3862]> OPERATOR [SUB0]
04-14 15:43:50.976  1159  1159 D RILJ    : [3863]> DATA_REGISTRATION_STATE [SUB0]
04-14 15:43:50.981  1159  1159 D RILJ    : [3864]> VOICE_REGISTRATION_STATE [SUB0]
04-14 15:43:50.982  1159  1159 D RILJ    : [3865]> QUERY_NETWORK_SELECTION_MODE [SUB0]
04-14 15:43:51.000   188  8643 D RILC    : RequestComplete, RIL_SOCKET_1
04-14 15:43:51.000   188  8643 E RILC    : Send Response to RIL_SOCKET_1
04-14 15:43:51.004  1159  1282 D RILJ    : [3862]< OPERATOR {null, null, null} [SUB0]
04-14 15:43:51.012   188  8645 D RILC    : RequestComplete, RIL_SOCKET_1
04-14 15:43:51.026   188  8645 E RILC    : Send Response to RIL_SOCKET_1
04-14 15:43:51.029  1159  1282 D RILJ    : [3864]< VOICE_REGISTRATION_STATE {13, null, null, 0, null, null, null, 0, null, null, null, null, null, 2, fc} [SUB0]
04-14 15:43:51.031  1159  1159 D PHONE   : [ServiceState] setVoiceRegState=1
04-14 15:43:51.031  1159  1159 E PHONE   : [ServiceState] setState deprecated use setVoiceRegState()
04-14 15:43:51.041   188  8646 D RILC    : RequestComplete, RIL_SOCKET_1
04-14 15:43:51.041   188  8646 E RILC    : Send Response to RIL_SOCKET_1
04-14 15:43:51.044  1159  1282 D RILJ    : [3865]< QUERY_NETWORK_SELECTION_MODE {0} [SUB0]
04-14 15:43:51.049   188  8644 D RILC    : RequestComplete, RIL_SOCKET_1
04-14 15:43:51.049   188  8644 E RILC    : Send Response to RIL_SOCKET_1
04-14 15:43:51.053  1159  1282 D RILJ    : [3863]< DATA_REGISTRATION_STATE {2, null, null, null, 0, 20, null, null, null, null, null} [SUB0]
04-14 15:43:51.054  1159  1159 D PHONE   : [ServiceState] setDataRegState=1
04-14 15:43:51.055  1159  1159 D PHONE   : [ServiceState] setDataRadioTechnology=0
04-14 15:43:51.055  1159  1159 D GsmSST  : [GsmSST] handlPollStateResultMessage: GsmSST setDataRegState=1 regState=2 dataRadioTechnology=0
04-14 15:43:51.056  1159  1159 D GsmSST  : [GsmSST] Poll ServiceState done:  oldSS=[1 1 voice home data home null null null null null null  Unknown Unknown CSS not supported -1 -1 RoamInd=-1 DefRoamInd=-1 EmergOnly=true] newSS=[1 1 voice home data home null null null null null null  Unknown Unknown CSS not supported -1 -1 RoamInd=-1 DefRoamInd=-1 EmergOnly=true] oldMaxDataCalls=20 mNewMaxDataCalls=20 oldReasonDataDenied=-1 mNewReasonDataDenied=-1
04-14 15:43:51.056  1159  1159 D PHONE   : [ServiceState] setNullState=1
04-14 15:43:51.056  1159  1159 D GsmSST  : [GsmSST] SST.getAllCellInfo(): return last, same thread can't block
04-14 15:43:51.056  1159  1159 D GsmSST  : [GsmSST] SST.getAllCellInfo(): X size=0 list=null
04-14 15:43:51.057  1159  1159 D GsmSST  : [GsmSST] getCellLocation(): X empty mCellLoc and CellInfo mCellLoc=[-1,-1,252]
04-14 15:43:51.058   708   725 D TelephonyRegistry: notifyCellLocationForSubscriber: subId=1 cellLocation=Bundle[mParcelledData.dataSize=64]
04-14 15:43:54.026   188   530 I RILQ    : (0/188):RIL[0][qmi_cb] qcril_qmi_nas_update_data_rte: completed, new drte 0 with confidence 4
04-14 15:43:54.027   188   530 I RILC    : RIL_SOCKET_1 UNSOLICITED: UNSOL_RESPONSE_VOICE_NETWORK_STATE_CHANGED length:8
04-14 15:43:54.027   188   530 E RILC    : Send Response to RIL_SOCKET_1
04-14 15:43:54.027  1159  1282 D RILJ    : [UNSL]< UNSOL_RESPONSE_VOICE_NETWORK_STATE_CHANGED [SUB0]
04-14 15:43:54.028  1159  1159 D RILJ    : [3866]> OPERATOR [SUB0]
04-14 15:43:54.809  1159  1159 D RILJ    : [3867]> DATA_REGISTRATION_STATE [SUB0]
04-14 15:43:54.817  1159  1159 D RILJ    : [3868]> VOICE_REGISTRATION_STATE [SUB0]
04-14 15:43:54.825  1159  1159 D RILJ    : [3869]> QUERY_NETWORK_SELECTION_MODE [SUB0]
04-14 15:43:54.908   188  9595 D RILC    : RequestComplete, RIL_SOCKET_1
04-14 15:43:54.908   188  9595 E RILC    : Send Response to RIL_SOCKET_1
04-14 15:43:54.923  1159  1282 D RILJ    : [3866]< OPERATOR {null, null, null} [SUB0]
04-14 15:43:54.927   188  9610 D RILC    : RequestComplete, RIL_SOCKET_1
04-14 15:43:54.929   188  9610 E RILC    : Send Response to RIL_SOCKET_1
04-14 15:43:54.932  1159  1282 D RILJ    : [3869]< QUERY_NETWORK_SELECTION_MODE {0} [SUB0]
04-14 15:43:54.935   188  9609 D RILC    : RequestComplete, RIL_SOCKET_1
04-14 15:43:54.935   188  9609 E RILC    : Send Response to RIL_SOCKET_1
04-14 15:43:54.938  1159  1282 D RILJ    : [3868]< VOICE_REGISTRATION_STATE {13, null, null, 0, null, null, null, 0, null, null, null, null, null, 2, dd} [SUB0]
04-14 15:43:54.938  1159  1159 D PHONE   : [ServiceState] setVoiceRegState=1
04-14 15:43:54.938  1159  1159 E PHONE   : [ServiceState] setState deprecated use setVoiceRegState()
04-14 15:43:54.951   188  9608 D RILC    : RequestComplete, RIL_SOCKET_1
04-14 15:43:54.951   188  9608 E RILC    : Send Response to RIL_SOCKET_1
04-14 15:43:54.954  1159  1282 D RILJ    : [3867]< DATA_REGISTRATION_STATE {2, null, null, null, 0, 20, null, null, null, null, null} [SUB0]
04-14 15:43:54.955  1159  1159 D PHONE   : [ServiceState] setDataRegState=1
04-14 15:43:54.955  1159  1159 D PHONE   : [ServiceState] setDataRadioTechnology=0
04-14 15:43:54.955  1159  1159 D GsmSST  : [GsmSST] handlPollStateResultMessage: GsmSST setDataRegState=1 regState=2 dataRadioTechnology=0
04-14 15:43:54.956  1159  1159 D GsmSST  : [GsmSST] Poll ServiceState done:  oldSS=[1 1 voice home data home null null null null null null  Unknown Unknown CSS not supported -1 -1 RoamInd=-1 DefRoamInd=-1 EmergOnly=true] newSS=[1 1 voice home data home null null null null null null  Unknown Unknown CSS not supported -1 -1 RoamInd=-1 DefRoamInd=-1 EmergOnly=true] oldMaxDataCalls=20 mNewMaxDataCalls=20 oldReasonDataDenied=-1 mNewReasonDataDenied=-1
04-14 15:43:54.956  1159  1159 D PHONE   : [ServiceState] setNullState=1
04-14 15:43:54.957  1159  1159 D GsmSST  : [GsmSST] SST.getAllCellInfo(): return last, same thread can't block
04-14 15:43:54.957  1159  1159 D GsmSST  : [GsmSST] SST.getAllCellInfo(): X size=0 list=null
04-14 15:43:54.957  1159  1159 D GsmSST  : [GsmSST] getCellLocation(): X empty mCellLoc and CellInfo mCellLoc=[-1,-1,221]
04-14 15:43:55.001   708  1196 D TelephonyRegistry: notifyCellLocationForSubscriber: subId=1 cellLocation=Bundle[mParcelledData.dataSize=64]
04-14 15:44:13.733  1159  1471 D DCT     : [0]hasMatchedTetherApnSetting: APN=null
04-14 15:44:30.546   188   530 I RILQ    : (0/188):RIL[0][qmi_cb] qcril_qmi_nas_update_data_rte: completed, new drte 0 with confidence 4
04-14 15:44:30.547   188   530 I RILC    : RIL_SOCKET_1 UNSOLICITED: UNSOL_RESPONSE_VOICE_NETWORK_STATE_CHANGED length:8
04-14 15:44:30.547   188   530 E RILC    : Send Response to RIL_SOCKET_1
04-14 15:44:30.548  1159  1282 D RILJ    : [UNSL]< UNSOL_RESPONSE_VOICE_NETWORK_STATE_CHANGED [SUB0]
04-14 15:44:30.550  1159  1159 D RILJ    : [3870]> OPERATOR [SUB0]
04-14 15:44:30.555  1159  1159 D RILJ    : [3871]> DATA_REGISTRATION_STATE [SUB0]
04-14 15:44:30.559  1159  1159 D RILJ    : [3872]> VOICE_REGISTRATION_STATE [SUB0]
04-14 15:44:30.575  1159  1159 D RILJ    : [3873]> QUERY_NETWORK_SELECTION_MODE [SUB0]
04-14 15:44:30.609   188 18365 D RILC    : RequestComplete, RIL_SOCKET_1
04-14 15:44:30.609   188 18365 E RILC    : Send Response to RIL_SOCKET_1
04-14 15:44:30.618  1159  1282 D RILJ    : [3870]< OPERATOR {null, null, null} [SUB0]
04-14 15:44:30.621   188 18378 D RILC    : RequestComplete, RIL_SOCKET_1
04-14 15:44:30.622   188 18378 E RILC    : Send Response to RIL_SOCKET_1
04-14 15:44:30.624  1159  1282 D RILJ    : [3871]< DATA_REGISTRATION_STATE {2, null, null, null, 0, 20, null, null, null, null, null} [SUB0]
04-14 15:44:30.626  1159  1159 D PHONE   : [ServiceState] setDataRegState=1
04-14 15:44:30.626  1159  1159 D PHONE   : [ServiceState] setDataRadioTechnology=0
04-14 15:44:30.627  1159  1159 D GsmSST  : [GsmSST] handlPollStateResultMessage: GsmSST setDataRegState=1 regState=2 dataRadioTechnology=0
04-14 15:44:30.630   188 18379 D RILC    : RequestComplete, RIL_SOCKET_1
04-14 15:44:30.630   188 18379 E RILC    : Send Response to RIL_SOCKET_1
04-14 15:44:30.634  1159  1282 D RILJ    : [3872]< VOICE_REGISTRATION_STATE {13, null, null, 0, null, null, null, 0, null, null, null, null, null, 2, 172} [SUB0]
04-14 15:44:30.634  1159  1159 D PHONE   : [ServiceState] setVoiceRegState=1
04-14 15:44:30.634  1159  1159 E PHONE   : [ServiceState] setState deprecated use setVoiceRegState()
04-14 15:44:30.648   188 18380 D RILC    : RequestComplete, RIL_SOCKET_1
04-14 15:44:30.648   188 18380 E RILC    : Send Response to RIL_SOCKET_1
04-14 15:44:30.657  1159  1282 D RILJ    : [3873]< QUERY_NETWORK_SELECTION_MODE {0} [SUB0]
04-14 15:44:30.660  1159  1159 D GsmSST  : [GsmSST] Poll ServiceState done:  oldSS=[1 1 voice home data home null null null null null null  Unknown Unknown CSS not supported -1 -1 RoamInd=-1 DefRoamInd=-1 EmergOnly=true] newSS=[1 1 voice home data home null null null null null null  Unknown Unknown CSS not supported -1 -1 RoamInd=-1 DefRoamInd=-1 EmergOnly=true] oldMaxDataCalls=20 mNewMaxDataCalls=20 oldReasonDataDenied=-1 mNewReasonDataDenied=-1
04-14 15:44:30.666  1159  1159 D PHONE   : [ServiceState] setNullState=1
04-14 15:44:30.667  1159  1159 D GsmSST  : [GsmSST] SST.getAllCellInfo(): return last, same thread can't block
04-14 15:44:30.667  1159  1159 D GsmSST  : [GsmSST] SST.getAllCellInfo(): X size=0 list=null
04-14 15:44:30.667  1159  1159 D GsmSST  : [GsmSST] getCellLocation(): X empty mCellLoc and CellInfo mCellLoc=[-1,-1,370]
04-14 15:44:30.668   708 10522 D TelephonyRegistry: notifyCellLocationForSubscriber: subId=1 cellLocation=Bundle[mParcelledData.dataSize=64]
04-14 15:56:03.152  1159  1428 D DCT     : [0]hasMatchedTetherApnSetting: APN=null
04-14 16:06:15.292  1159  1428 D SubscriptionController: [getActiveSubIdList] simInfoSet=[0=1]
04-14 16:06:15.294  1159  1428 D SubscriptionController: [getActiveSubIdList] X subIdArr.length=1
04-14 16:18:06.639  1159  1471 D DCT     : [0]hasMatchedTetherApnSetting: APN=null
04-14 16:22:54.385  1159  1428 D SubscriptionController: [getActiveSubIdList] simInfoSet=[0=1]
04-14 16:22:54.387  1159  1428 D SubscriptionController: [getActiveSubIdList] X subIdArr.length=1
04-14 16:22:55.685  1159  1159 D DCT     : [0]onReceive: action=android.net.wifi.STATE_CHANGE
04-14 16:22:55.687  1159  1159 D DCT     : [0]NETWORK_STATE_CHANGED_ACTION: mIsWifiConnected=true
04-14 16:22:55.696  1159  1159 D DCT     : [0]onReceive: action=android.net.wifi.STATE_CHANGE
04-14 16:22:55.701  1159  1159 D DCT     : [0]NETWORK_STATE_CHANGED_ACTION: mIsWifiConnected=false
04-14 16:22:55.709  1159  1159 D DCT     : [0]onReceive: action=android.net.wifi.STATE_CHANGE
04-14 16:22:55.710  1159  1159 D DCT     : [0]NETWORK_STATE_CHANGED_ACTION: mIsWifiConnected=false
04-14 16:22:56.530  1159  1159 D DCT     : [0]onReceive: action=android.net.wifi.STATE_CHANGE
04-14 16:22:56.530  1159  1159 D DCT     : [0]NETWORK_STATE_CHANGED_ACTION: mIsWifiConnected=false
04-14 16:22:56.531  1159  1338 D SubscriptionController: [getActiveSubIdList] simInfoSet=[0=1]
04-14 16:22:56.533  1159  1338 D SubscriptionController: [getActiveSubIdList] X subIdArr.length=1
04-14 16:22:56.783  1159  1471 D SubscriptionController: [getActiveSubIdList] simInfoSet=[0=1]
04-14 16:22:56.785  1159  1471 D SubscriptionController: [getActiveSubIdList] X subIdArr.length=1
04-14 16:22:56.794  1159  1205 D SubscriptionController: [getActiveSubIdList] simInfoSet=[0=1]
04-14 16:22:56.796  1159  1205 D SubscriptionController: [getActiveSubIdList] X subIdArr.length=1
04-14 16:22:56.804  1159  1204 D SubscriptionController: [getActiveSubIdList] simInfoSet=[0=1]
04-14 16:22:56.806  1159  1204 D SubscriptionController: [getActiveSubIdList] X subIdArr.length=1
04-14 16:22:56.969  1159  1204 D SubscriptionController: [getActiveSubIdList] simInfoSet=[0=1]
04-14 16:22:56.972  1159  1204 D SubscriptionController: [getActiveSubIdList] X subIdArr.length=1
04-14 16:22:56.980  1159  1471 D SubscriptionController: [getActiveSubIdList] simInfoSet=[0=1]
04-14 16:22:56.982  1159  1471 D SubscriptionController: [getActiveSubIdList] X subIdArr.length=1
04-14 16:22:57.085  1159  1428 D SubscriptionController: [getActiveSubIdList] simInfoSet=[0=1]
04-14 16:22:57.087  1159  1428 D SubscriptionController: [getActiveSubIdList] X subIdArr.length=1
04-14 16:22:57.090  1159  1159 D DctController: [TNF 1]Cellular needs Network for NetworkRequest [ id=1, legacyType=-1, [ Capabilities: INTERNET&NOT_RESTRICTED&TRUSTED&NOT_VPN] ]
04-14 16:22:57.091  1159  1159 D DctController: requestNetwork request=NetworkRequest [ id=1, legacyType=-1, [ Capabilities: INTERNET&NOT_RESTRICTED&TRUSTED&NOT_VPN] ], priority=0
04-14 16:22:57.091  1159  1159 D DctController: processRequests
04-14 16:22:57.091  1159  1159 D DctController: handleMessage msg={ when=0 what=100 target=com.android.internal.telephony.dataconnection.DctController }
04-14 16:22:57.094  1159  1159 D DctController: selectExecPhone requestInfo = [ request=NetworkRequest [ id=1, legacyType=-1, [ Capabilities: INTERNET&NOT_RESTRICTED&TRUSTED&NOT_VPN] ], executed=false, priority=0]
04-14 16:22:57.094  1159  1159 D DctController: getTopPriorityRequestPhoneId = 0, priority = 0
04-14 16:22:57.098  1159  1159 D DcSwitchAsyncChannel: [DcSwitchAsyncChannel-0]: rspIsIdle=false
04-14 16:22:57.098  1159  1159 D DctController: onProcessRequest phoneId=0, activePhoneId=0
04-14 16:22:57.127  1159  1331 D DcSwitchSM: [DcSwitchStateMachine-0] AttachingState: REQ_CONNECT
04-14 16:22:57.127  1159  1331 D RILJ    : [3874]> RIL_REQUEST_ALLOW_DATA [SUB0]
04-14 16:22:57.153   188   260 D RILC    : RequestComplete, RIL_SOCKET_1
04-14 16:22:57.153   188   260 E RILC    : Send Response to RIL_SOCKET_1
04-14 16:22:57.153  1159  1282 D RilRequest: [3874]< RIL_REQUEST_ALLOW_DATA error: com.android.internal.telephony.CommandException: REQUEST_NOT_SUPPORTED ret=
04-14 16:22:57.160  1159  1159 D DcSwitchAsyncChannel: [DcSwitchAsyncChannel-0]: rspConnect=1
04-14 16:23:01.939  1159  1471 D PhoneFactory: getPhone:- phoneId != DEFAULT_PHONE_ID return sProxyPhones[phoneId] phoneId=0 phone=Handler (com.android.internal.telephony.PhoneProxy) {3dcfc911}
04-14 16:23:02.931  1159  1471 D DCT     : [0]getDataEnabled: getIntWithSubId retVal=true
04-14 16:23:07.865  1159  1159 D DCT     : [0]onReceive: action=android.net.wifi.STATE_CHANGE
04-14 16:23:07.866  1159  1159 D DCT     : [0]NETWORK_STATE_CHANGED_ACTION: mIsWifiConnected=false
04-14 16:23:07.866  1159  1159 D DCT     : [0]onReceive: action=android.net.wifi.STATE_CHANGE
04-14 16:23:07.866  1159  1159 D DCT     : [0]NETWORK_STATE_CHANGED_ACTION: mIsWifiConnected=false
04-14 16:23:08.384  8858  8858 D TelephonyManager: getTelephonyProperty: return propVal='false' phoneId=0 property='gsm.operator.isroaming' defaultVal='null' prop=false
04-14 16:23:09.255  1159  1159 D DCT     : [0]onReceive: action=android.net.wifi.STATE_CHANGE
04-14 16:23:09.256  1159  1159 D DCT     : [0]NETWORK_STATE_CHANGED_ACTION: mIsWifiConnected=false
04-14 16:23:09.305  1159  1159 D DCT     : [0]onReceive: action=android.net.wifi.STATE_CHANGE
04-14 16:23:09.306  1159  1159 D DCT     : [0]NETWORK_STATE_CHANGED_ACTION: mIsWifiConnected=false
04-14 16:23:09.425  1159  1205 D PhoneFactory: getPhone:- phoneId != DEFAULT_PHONE_ID return sProxyPhones[phoneId] phoneId=0 phone=Handler (com.android.internal.telephony.PhoneProxy) {3dcfc911}
04-14 16:23:09.425  1159  1205 D DCT     : [0]getDataEnabled: getIntWithSubId retVal=true
04-14 16:23:09.437  1159  1159 D DCT     : [0]onReceive: action=android.net.wifi.STATE_CHANGE
04-14 16:23:09.438  1159  1159 D DCT     : [0]NETWORK_STATE_CHANGED_ACTION: mIsWifiConnected=false
04-14 16:23:09.952  1159  1159 D DCT     : [0]onReceive: action=android.net.wifi.STATE_CHANGE
04-14 16:23:09.953  1159  1159 D DCT     : [0]NETWORK_STATE_CHANGED_ACTION: mIsWifiConnected=false
04-14 16:23:09.976  1159  1159 D DCT     : [0]onReceive: action=android.net.wifi.STATE_CHANGE
04-14 16:23:09.977  1159  1159 D DCT     : [0]NETWORK_STATE_CHANGED_ACTION: mIsWifiConnected=false
04-14 16:23:10.676  1159  1205 D PhoneFactory: getPhone:- phoneId != DEFAULT_PHONE_ID return sProxyPhones[phoneId] phoneId=0 phone=Handler (com.android.internal.telephony.PhoneProxy) {3dcfc911}
04-14 16:23:10.677  1159  1205 D DCT     : [0]getDataEnabled: getIntWithSubId retVal=true
04-14 16:23:12.658  1159  1338 D PhoneFactory: getPhone:- phoneId != DEFAULT_PHONE_ID return sProxyPhones[phoneId] phoneId=0 phone=Handler (com.android.internal.telephony.PhoneProxy) {3dcfc911}
04-14 16:23:12.658  1159  1338 D DCT     : [0]getDataEnabled: getIntWithSubId retVal=true
04-14 16:23:13.200  1159  1159 D DCT     : [0]onReceive: action=android.net.wifi.STATE_CHANGE
04-14 16:23:13.236  1159  1159 D DCT     : [0]NETWORK_STATE_CHANGED_ACTION: mIsWifiConnected=false
04-14 16:23:13.270  1159  1159 D DCT     : [0]onReceive: action=android.net.wifi.STATE_CHANGE
04-14 16:23:13.278  1159  1159 D DCT     : [0]NETWORK_STATE_CHANGED_ACTION: mIsWifiConnected=false
04-14 16:23:13.456  1159  1159 D DCT     : [0]onReceive: action=android.net.wifi.STATE_CHANGE
04-14 16:23:13.458  1159  1159 D DCT     : [0]NETWORK_STATE_CHANGED_ACTION: mIsWifiConnected=true
04-14 16:23:13.500  1159  1159 D DCT     : [0]onReceive: action=android.net.wifi.STATE_CHANGE
04-14 16:23:13.502  1159  1159 D DCT     : [0]NETWORK_STATE_CHANGED_ACTION: mIsWifiConnected=true
04-14 16:23:13.781  1159  1338 D SubscriptionController: [getActiveSubIdList] simInfoSet=[0=1]
04-14 16:23:13.783  1159  1338 D SubscriptionController: [getActiveSubIdList] X subIdArr.length=1
04-14 16:23:13.945  1159  1338 D SubscriptionController: [getActiveSubIdList] simInfoSet=[0=1]
04-14 16:23:13.947  1159  1338 D SubscriptionController: [getActiveSubIdList] X subIdArr.length=1
04-14 16:23:14.302  1159  1204 D SubscriptionController: [getActiveSubIdList] simInfoSet=[0=1]
04-14 16:23:14.319  1159  1204 D SubscriptionController: [getActiveSubIdList] X subIdArr.length=1
04-14 16:23:14.353  1159  1338 D SubscriptionController: [getActiveSubIdList] simInfoSet=[0=1]
04-14 16:23:14.355  1159  1338 D SubscriptionController: [getActiveSubIdList] X subIdArr.length=1
04-14 16:23:14.370  1159  1205 D SubscriptionController: [getActiveSubIdList] simInfoSet=[0=1]
04-14 16:23:14.372  1159  1205 D SubscriptionController: [getActiveSubIdList] X subIdArr.length=1
04-14 16:23:14.691  1159  1159 D DctController: [TNF 1]Cellular releasing Network for NetworkRequest [ id=1, legacyType=-1, [ Capabilities: INTERNET&NOT_RESTRICTED&TRUSTED&NOT_VPN] ]
04-14 16:23:14.740  1159  1159 D DctController: releaseNetwork request=NetworkRequest [ id=1, legacyType=-1, [ Capabilities: INTERNET&NOT_RESTRICTED&TRUSTED&NOT_VPN] ], requestInfo=[ request=NetworkRequest [ id=1, legacyType=-1, [ Capabilities: INTERNET&NOT_RESTRICTED&TRUSTED&NOT_VPN] ], executed=false, priority=0]
04-14 16:23:14.741  1159  1159 D DctController: releaseRequest, request= [ request=NetworkRequest [ id=1, legacyType=-1, [ Capabilities: INTERNET&NOT_RESTRICTED&TRUSTED&NOT_VPN] ], executed=false, priority=0]
04-14 16:23:14.741  1159  1159 D DctController: processRequests
04-14 16:23:14.742  1159  1159 D DctController: handleMessage msg={ when=-1ms what=103 obj=[ request=NetworkRequest [ id=1, legacyType=-1, [ Capabilities: INTERNET&NOT_RESTRICTED&TRUSTED&NOT_VPN] ], executed=false, priority=0] target=com.android.internal.telephony.dataconnection.DctController }
04-14 16:23:14.743  1159  1159 D DctController: onReleaseRequest request=[ request=NetworkRequest [ id=1, legacyType=-1, [ Capabilities: INTERNET&NOT_RESTRICTED&TRUSTED&NOT_VPN] ], executed=false, priority=0]
04-14 16:23:14.743  1159  1159 D DctController: handleMessage msg={ when=-2ms what=100 target=com.android.internal.telephony.dataconnection.DctController }
04-14 16:23:14.743  1159  1159 D DctController: getTopPriorityRequestPhoneId = 0, priority = -1
04-14 16:23:14.835  1159  1159 D DcSwitchAsyncChannel: [DcSwitchAsyncChannel-0]: rspIsIdle=false
04-14 16:23:14.836  1159  1159 D DctController: onProcessRequest phoneId=0, activePhoneId=0
04-14 16:23:15.341  1159  1205 D SubscriptionController: [getActiveSubIdList] simInfoSet=[0=1]
04-14 16:23:15.343  1159  1205 D SubscriptionController: [getActiveSubIdList] X subIdArr.length=1
04-14 16:23:16.135  1159 12990 D PhoneFactory: getPhone:- phoneId != DEFAULT_PHONE_ID return sProxyPhones[phoneId] phoneId=0 phone=Handler (com.android.internal.telephony.PhoneProxy) {3dcfc911}
04-14 16:23:16.136  1159 12990 D DCT     : [0]getDataEnabled: getIntWithSubId retVal=true
04-14 16:23:20.660  1159  1471 D PhoneFactory: getPhone:- phoneId != DEFAULT_PHONE_ID return sProxyPhones[phoneId] phoneId=0 phone=Handler (com.android.internal.telephony.PhoneProxy) {3dcfc911}
04-14 16:23:20.661  1159  1471 D DCT     : [0]getDataEnabled: getIntWithSubId retVal=true
04-14 16:23:21.242  1159  1205 D PhoneFactory: getPhone:- phoneId != DEFAULT_PHONE_ID return sProxyPhones[phoneId] phoneId=0 phone=Handler (com.android.internal.telephony.PhoneProxy) {3dcfc911}
04-14 16:23:21.242  1159  1205 D DCT     : [0]getDataEnabled: getIntWithSubId retVal=true
04-14 16:23:25.480  1159  1338 D PhoneFactory: getPhone:- phoneId != DEFAULT_PHONE_ID return sProxyPhones[phoneId] phoneId=0 phone=Handler (com.android.internal.telephony.PhoneProxy) {3dcfc911}
04-14 16:23:25.480  1159  1338 D DCT     : [0]getDataEnabled: getIntWithSubId retVal=true
04-14 16:23:28.959  1159 12990 D PhoneFactory: getPhone:- phoneId != DEFAULT_PHONE_ID return sProxyPhones[phoneId] phoneId=0 phone=Handler (com.android.internal.telephony.PhoneProxy) {3dcfc911}
04-14 16:23:28.959  1159 12990 D DCT     : [0]getDataEnabled: getIntWithSubId retVal=true
04-14 16:23:29.195  1159 12990 D PhoneFactory: getPhone:- phoneId != DEFAULT_PHONE_ID return sProxyPhones[phoneId] phoneId=0 phone=Handler (com.android.internal.telephony.PhoneProxy) {3dcfc911}
04-14 16:23:29.196  1159 12990 D DCT     : [0]getDataEnabled: getIntWithSubId retVal=true
04-14 16:23:52.442  1159  1205 D SubscriptionController: [getPhoneId] asked for default subId=1
04-14 16:23:54.475  1159 12990 D PhoneFactory: getPhone:- phoneId != DEFAULT_PHONE_ID return sProxyPhones[phoneId] phoneId=0 phone=Handler (com.android.internal.telephony.PhoneProxy) {3dcfc911}
04-14 16:23:55.504   708   772 D TelephonyManager: getTelephonyProperty: return propVal='null' phoneId=0 property='gsm.operator.iso-country' defaultVal='' prop=
04-14 16:23:57.251   708   772 D TelephonyManager: getTelephonyProperty: return propVal='cn' phoneId=0 property='gsm.sim.operator.iso-country' defaultVal='' prop=cn
04-14 16:24:03.006  1159  1204 D PhoneFactory: getPhone:- phoneId != DEFAULT_PHONE_ID return sProxyPhones[phoneId] phoneId=0 phone=Handler (com.android.internal.telephony.PhoneProxy) {3dcfc911}
04-14 16:24:04.941  1159 12990 D PhoneFactory: getPhone:- phoneId != DEFAULT_PHONE_ID return sProxyPhones[phoneId] phoneId=0 phone=Handler (com.android.internal.telephony.PhoneProxy) {3dcfc911}
04-14 16:24:05.705   708   772 D TelephonyManager: getTelephonyProperty: return propVal='null' phoneId=0 property='gsm.operator.iso-country' defaultVal='' prop=
04-14 16:24:06.340   708   772 D TelephonyManager: getTelephonyProperty: return propVal='cn' phoneId=0 property='gsm.sim.operator.iso-country' defaultVal='' prop=cn
04-14 16:24:09.309  1159 12990 D PhoneFactory: getPhone:- phoneId != DEFAULT_PHONE_ID return sProxyPhones[phoneId] phoneId=0 phone=Handler (com.android.internal.telephony.PhoneProxy) {3dcfc911}
04-14 16:24:09.309  1159 12990 D DCT     : [0]getDataEnabled: getIntWithSubId retVal=true
04-14 16:31:23.482  1159 12990 D SubscriptionController: [getActiveSubIdList] simInfoSet=[0=1]
04-14 16:31:23.493  1159 12990 D SubscriptionController: [getActiveSubIdList] X subIdArr.length=1
04-14 16:39:31.910  1159 12990 D DCT     : [0]hasMatchedTetherApnSetting: APN=null
04-14 16:56:56.596  1159 12990 D SubscriptionController: [getActiveSubIdList] simInfoSet=[0=1]
04-14 16:56:56.598  1159 12990 D SubscriptionController: [getActiveSubIdList] X subIdArr.length=1
04-14 17:12:16.623  1159  1471 D DCT     : [0]hasMatchedTetherApnSetting: APN=null
04-14 17:32:57.073  1159  1471 D SubscriptionController: [getActiveSubIdList] simInfoSet=[0=1]
04-14 17:32:57.075  1159  1471 D SubscriptionController: [getActiveSubIdList] X subIdArr.length=1
04-14 17:36:58.848  1159  1204 D DCT     : [0]hasMatchedTetherApnSetting: APN=null
