04-14 14:32:48.069  1823  1823 W ViewRootImpl: Cancelling event due to no window focus: KeyEvent { action=ACTION_UP, keyCode=KEYCODE_DPAD_LEFT, scanCode=0, metaState=0, flags=0x80000420, repeatCount=0, eventTime=373801, downTime=373801, deviceId=-1, source=0x101 }
04-14 14:32:48.070  1823  1823 W ViewRootImpl: Dropping event due to no window focus: KeyEvent { action=ACTION_DOWN, keyCode=KEYCODE_DPAD_LEFT, scanCode=0, metaState=0, flags=0x400, repeatCount=0, eventTime=373801, downTime=373801, deviceId=-1, source=0x101 }
04-14 14:32:48.088  1823  1823 W ViewRootImpl: Cancelling event due to no window focus: KeyEvent { action=ACTION_UP, keyCode=KEYCODE_DPAD_LEFT, scanCode=0, metaState=0, flags=0x420, repeatCount=0, eventTime=373801, downTime=373801, deviceId=-1, source=0x101 }
04-14 14:32:48.088  1823  1823 W ViewRootImpl: Cancelling event due to no window focus: KeyEvent { action=ACTION_UP, keyCode=KEYCODE_DPAD_LEFT, scanCode=0, metaState=0, flags=0x420, repeatCount=0, eventTime=373801, downTime=373801, deviceId=-1, source=0x101 }
04-14 14:32:48.089  1823  1823 W ViewRootImpl: Cancelling event due to no window focus: KeyEvent { action=ACTION_UP, keyCode=KEYCODE_DPAD_LEFT, scanCode=0, metaState=0, flags=0x420, repeatCount=0, eventTime=373801, downTime=373801, deviceId=-1, source=0x101 }
04-14 14:32:48.151  1823  1823 W ViewRootImpl: Cancelling event due to no window focus: KeyEvent { action=ACTION_UP, keyCode=KEYCODE_DPAD_LEFT, scanCode=0, metaState=0, flags=0x80000420, repeatCount=0, eventTime=373801, downTime=373801, deviceId=-1, source=0x101 }
04-14 14:32:48.151  1823  1823 W ViewRootImpl: Cancelling event due to no window focus: KeyEvent { action=ACTION_UP, keyCode=KEYCODE_DPAD_LEFT, scanCode=0, metaState=0, flags=0x80000420, repeatCount=0, eventTime=373801, downTime=373801, deviceId=-1, source=0x101 }
04-14 14:32:48.152  1823  1823 W ViewRootImpl: Cancelling event due to no window focus: KeyEvent { action=ACTION_UP, keyCode=KEYCODE_DPAD_LEFT, scanCode=0, metaState=0, flags=0x80000420, repeatCount=0, eventTime=373801, downTime=373801, deviceId=-1, source=0x101 }
04-14 14:32:48.152  1823  1823 W ViewRootImpl: Dropping event due to no window focus: KeyEvent { action=ACTION_MULTIPLE, keyCode=KEYCODE_DPAD_UP, scanCode=0, metaState=0, flags=0x400, repeatCount=4, eventTime=373814, downTime=373814, deviceId=-1, source=0x101 }
04-14 14:32:48.158   856   856 W ViewRootImpl: Dropping event due to no window focus: KeyEvent { action=ACTION_DOWN, keyCode=KEYCODE_DPAD_LEFT, scanCode=0, metaState=0, flags=0x8, repeatCount=0, eventTime=371870, downTime=371870, deviceId=-1, source=0x101 }
04-14 14:32:48.167  1823  1823 W ViewRootImpl: Dropping event due to no window focus: KeyEvent { action=ACTION_DOWN, keyCode=KEYCODE_DPAD_UP, scanCode=0, metaState=0, flags=0x400, repeatCount=0, eventTime=373814, downTime=373814, deviceId=-1, source=0x101 }
04-14 14:32:48.171  1823  1823 W ViewRootImpl: Cancelling event due to no window focus: KeyEvent { action=ACTION_UP, keyCode=KEYCODE_DPAD_UP, scanCode=0, metaState=0, flags=0x420, repeatCount=0, eventTime=373814, downTime=373814, deviceId=-1, source=0x101 }
04-14 14:32:48.173  1823  1823 W ViewRootImpl: Cancelling event due to no window focus: KeyEvent { action=ACTION_UP, keyCode=KEYCODE_DPAD_UP, scanCode=0, metaState=0, flags=0x420, repeatCount=0, eventTime=373814, downTime=373814, deviceId=-1, source=0x101 }
04-14 14:32:48.174  1823  1823 W ViewRootImpl: Cancelling event due to no window focus: KeyEvent { action=ACTION_UP, keyCode=KEYCODE_DPAD_UP, scanCode=0, metaState=0, flags=0x420, repeatCount=0, eventTime=373814, downTime=373814, deviceId=-1, source=0x101 }
04-14 14:32:48.177   856   856 W ViewRootImpl: Cancelling event due to no window focus: KeyEvent { action=ACTION_UP, keyCode=KEYCODE_DPAD_LEFT, scanCode=0, metaState=0, flags=0x28, repeatCount=0, eventTime=372635, downTime=372635, deviceId=-1, source=0x101 }
04-14 14:32:48.183   856   856 W ViewRootImpl: Cancelling event due to no window focus: KeyEvent { action=ACTION_UP, keyCode=KEYCODE_DPAD_LEFT, scanCode=0, metaState=0, flags=0x28, repeatCount=0, eventTime=372635, downTime=372635, deviceId=-1, source=0x101 }
04-14 14:32:48.184   856   856 W ViewRootImpl: Cancelling event due to no window focus: KeyEvent { action=ACTION_UP, keyCode=KEYCODE_DPAD_LEFT, scanCode=0, metaState=0, flags=0x28, repeatCount=0, eventTime=372635, downTime=372635, deviceId=-1, source=0x101 }
04-14 14:32:48.184   856   856 W ViewRootImpl: Cancelling event due to no window focus: KeyEvent { action=ACTION_UP, keyCode=KEYCODE_DPAD_LEFT, scanCode=0, metaState=0, flags=0x28, repeatCount=0, eventTime=372635, downTime=372635, deviceId=-1, source=0x101 }
04-14 14:32:48.218  1823  1823 W ViewRootImpl: Cancelling event due to no window focus: KeyEvent { action=ACTION_UP, keyCode=KEYCODE_DPAD_UP, scanCode=0, metaState=0, flags=0x80000420, repeatCount=0, eventTime=373814, downTime=373814, deviceId=-1, source=0x101 }
04-14 14:32:48.219  1823  1823 W ViewRootImpl: Cancelling event due to no window focus: KeyEvent { action=ACTION_UP, keyCode=KEYCODE_DPAD_UP, scanCode=0, metaState=0, flags=0x80000420, repeatCount=0, eventTime=373814, downTime=373814, deviceId=-1, source=0x101 }
04-14 14:32:48.219  1823  1823 W ViewRootImpl: Cancelling event due to no window focus: KeyEvent { action=ACTION_UP, keyCode=KEYCODE_DPAD_UP, scanCode=0, metaState=0, flags=0x80000420, repeatCount=0, eventTime=373814, downTime=373814, deviceId=-1, source=0x101 }
04-14 14:32:48.220  1823  1823 W ViewRootImpl: Dropping event due to no window focus: KeyEvent { action=ACTION_DOWN, keyCode=KEYCODE_DPAD_UP, scanCode=0, metaState=0, flags=0x400, repeatCount=0, eventTime=373814, downTime=373814, deviceId=-1, source=0x101 }
04-14 14:32:48.230   856   856 W ViewRootImpl: Cancelling event due to no window focus: KeyEvent { action=ACTION_UP, keyCode=KEYCODE_DPAD_LEFT, scanCode=0, metaState=0, flags=0x28, repeatCount=0, eventTime=372635, downTime=372635, deviceId=-1, source=0x101 }
04-14 14:32:48.231   856   856 W ViewRootImpl: Cancelling event due to no window focus: KeyEvent { action=ACTION_UP, keyCode=KEYCODE_DPAD_LEFT, scanCode=0, metaState=0, flags=0x28, repeatCount=0, eventTime=372635, downTime=372635, deviceId=-1, source=0x101 }
04-14 14:32:48.235  1823  1823 W ViewRootImpl: Cancelling event due to no window focus: KeyEvent { action=ACTION_UP, keyCode=KEYCODE_DPAD_UP, scanCode=0, metaState=0, flags=0x420, repeatCount=0, eventTime=373814, downTime=373814, deviceId=-1, source=0x101 }
04-14 14:32:48.236  1823  1823 W ViewRootImpl: Cancelling event due to no window focus: KeyEvent { action=ACTION_UP, keyCode=KEYCODE_DPAD_UP, scanCode=0, metaState=0, flags=0x420, repeatCount=0, eventTime=373814, downTime=373814, deviceId=-1, source=0x101 }
04-14 14:32:48.236  1823  1823 W ViewRootImpl: Cancelling event due to no window focus: KeyEvent { action=ACTION_UP, keyCode=KEYCODE_DPAD_UP, scanCode=0, metaState=0, flags=0x420, repeatCount=0, eventTime=373814, downTime=373814, deviceId=-1, source=0x101 }
04-14 14:32:48.247  1823  1823 W ViewRootImpl: Cancelling event due to no window focus: KeyEvent { action=ACTION_UP, keyCode=KEYCODE_DPAD_UP, scanCode=0, metaState=0, flags=0x80000420, repeatCount=0, eventTime=373814, downTime=373814, deviceId=-1, source=0x101 }
04-14 14:32:48.255  1823  1823 W ViewRootImpl: Cancelling event due to no window focus: KeyEvent { action=ACTION_UP, keyCode=KEYCODE_DPAD_UP, scanCode=0, metaState=0, flags=0x80000420, repeatCount=0, eventTime=373814, downTime=373814, deviceId=-1, source=0x101 }
04-14 14:32:48.256  1823  1823 W ViewRootImpl: Cancelling event due to no window focus: KeyEvent { action=ACTION_UP, keyCode=KEYCODE_DPAD_UP, scanCode=0, metaState=0, flags=0x80000420, repeatCount=0, eventTime=373814, downTime=373814, deviceId=-1, source=0x101 }
04-14 14:32:48.256  1823  1823 W ViewRootImpl: Dropping event due to no window focus: KeyEvent { action=ACTION_DOWN, keyCode=KEYCODE_DPAD_UP, scanCode=0, metaState=0, flags=0x400, repeatCount=0, eventTime=373814, downTime=373814, deviceId=-1, source=0x101 }
04-14 14:32:48.257  1823  1823 W ViewRootImpl: Cancelling event due to no window focus: KeyEvent { action=ACTION_UP, keyCode=KEYCODE_DPAD_UP, scanCode=0, metaState=0, flags=0x420, repeatCount=0, eventTime=373814, downTime=373814, deviceId=-1, source=0x101 }
04-14 14:32:48.275  1823  1823 W ViewRootImpl: Cancelling event due to no window focus: KeyEvent { action=ACTION_UP, keyCode=KEYCODE_DPAD_UP, scanCode=0, metaState=0, flags=0x420, repeatCount=0, eventTime=373814, downTime=373814, deviceId=-1, source=0x101 }
04-14 14:32:48.275  1823  1823 W ViewRootImpl: Cancelling event due to no window focus: KeyEvent { action=ACTION_UP, keyCode=KEYCODE_DPAD_UP, scanCode=0, metaState=0, flags=0x420, repeatCount=0, eventTime=373814, downTime=373814, deviceId=-1, source=0x101 }
04-14 14:32:48.296  1823  1823 W ViewRootImpl: Cancelling event due to no window focus: KeyEvent { action=ACTION_UP, keyCode=KEYCODE_DPAD_UP, scanCode=0, metaState=0, flags=0x80000420, repeatCount=0, eventTime=373814, downTime=373814, deviceId=-1, source=0x101 }
04-14 14:32:48.297  1823  1823 W ViewRootImpl: Cancelling event due to no window focus: KeyEvent { action=ACTION_UP, keyCode=KEYCODE_DPAD_UP, scanCode=0, metaState=0, flags=0x80000420, repeatCount=0, eventTime=373814, downTime=373814, deviceId=-1, source=0x101 }
04-14 14:32:48.297  1823  1823 W ViewRootImpl: Cancelling event due to no window focus: KeyEvent { action=ACTION_UP, keyCode=KEYCODE_DPAD_UP, scanCode=0, metaState=0, flags=0x80000420, repeatCount=0, eventTime=373814, downTime=373814, deviceId=-1, source=0x101 }
04-14 14:32:48.318  1823  1823 W ViewRootImpl: Dropping event due to no window focus: KeyEvent { action=ACTION_DOWN, keyCode=KEYCODE_DPAD_UP, scanCode=0, metaState=0, flags=0x400, repeatCount=0, eventTime=373814, downTime=373814, deviceId=-1, source=0x101 }
04-14 14:32:48.319  1823  1823 W ViewRootImpl: Cancelling event due to no window focus: KeyEvent { action=ACTION_UP, keyCode=KEYCODE_DPAD_UP, scanCode=0, metaState=0, flags=0x420, repeatCount=0, eventTime=373814, downTime=373814, deviceId=-1, source=0x101 }
04-14 14:32:48.320  1823  1823 W ViewRootImpl: Cancelling event due to no window focus: KeyEvent { action=ACTION_UP, keyCode=KEYCODE_DPAD_UP, scanCode=0, metaState=0, flags=0x420, repeatCount=0, eventTime=373814, downTime=373814, deviceId=-1, source=0x101 }
04-14 14:32:48.320  1823  1823 W ViewRootImpl: Cancelling event due to no window focus: KeyEvent { action=ACTION_UP, keyCode=KEYCODE_DPAD_UP, scanCode=0, metaState=0, flags=0x420, repeatCount=0, eventTime=373814, downTime=373814, deviceId=-1, source=0x101 }
04-14 14:32:48.350   856   856 W ViewRootImpl: Cancelling event due to no window focus: KeyEvent { action=ACTION_UP, keyCode=KEYCODE_DPAD_LEFT, scanCode=0, metaState=0, flags=0x80000028, repeatCount=0, eventTime=372635, downTime=372635, deviceId=-1, source=0x101 }
04-14 14:32:48.350   856   856 W ViewRootImpl: Cancelling event due to no window focus: KeyEvent { action=ACTION_UP, keyCode=KEYCODE_DPAD_LEFT, scanCode=0, metaState=0, flags=0x80000028, repeatCount=0, eventTime=372635, downTime=372635, deviceId=-1, source=0x101 }
04-14 14:32:48.351   856   856 W ViewRootImpl: Cancelling event due to no window focus: KeyEvent { action=ACTION_UP, keyCode=KEYCODE_DPAD_LEFT, scanCode=0, metaState=0, flags=0x80000028, repeatCount=0, eventTime=372635, downTime=372635, deviceId=-1, source=0x101 }
04-14 14:32:48.353  1823  1823 W ViewRootImpl: Cancelling event due to no window focus: KeyEvent { action=ACTION_UP, keyCode=KEYCODE_DPAD_UP, scanCode=0, metaState=0, flags=0x80000420, repeatCount=0, eventTime=373814, downTime=373814, deviceId=-1, source=0x101 }
04-14 14:32:48.354  1823  1823 W ViewRootImpl: Cancelling event due to no window focus: KeyEvent { action=ACTION_UP, keyCode=KEYCODE_DPAD_UP, scanCode=0, metaState=0, flags=0x80000420, repeatCount=0, eventTime=373814, downTime=373814, deviceId=-1, source=0x101 }
04-14 14:32:48.354  1823  1823 W ViewRootImpl: Cancelling event due to no window focus: KeyEvent { action=ACTION_UP, keyCode=KEYCODE_DPAD_UP, scanCode=0, metaState=0, flags=0x80000420, repeatCount=0, eventTime=373814, downTime=373814, deviceId=-1, source=0x101 }
04-14 14:32:48.357  1823  1823 W ViewRootImpl: Dropping event due to no window focus: KeyEvent { action=ACTION_DOWN, keyCode=KEYCODE_DPAD_DOWN, scanCode=0, metaState=0, flags=0x400, repeatCount=0, eventTime=373816, downTime=373816, deviceId=-1, source=0x101 }
04-14 14:32:48.367  1823  1823 W ViewRootImpl: Cancelling event due to no window focus: KeyEvent { action=ACTION_UP, keyCode=KEYCODE_DPAD_DOWN, scanCode=0, metaState=0, flags=0x420, repeatCount=0, eventTime=373816, downTime=373816, deviceId=-1, source=0x101 }
04-14 14:32:48.375  1823  1823 W ViewRootImpl: Cancelling event due to no window focus: KeyEvent { action=ACTION_UP, keyCode=KEYCODE_DPAD_DOWN, scanCode=0, metaState=0, flags=0x420, repeatCount=0, eventTime=373816, downTime=373816, deviceId=-1, source=0x101 }
04-14 14:32:48.375  1823  1823 W ViewRootImpl: Cancelling event due to no window focus: KeyEvent { action=ACTION_UP, keyCode=KEYCODE_DPAD_DOWN, scanCode=0, metaState=0, flags=0x420, repeatCount=0, eventTime=373816, downTime=373816, deviceId=-1, source=0x101 }
04-14 14:32:48.405  1823  1823 W ViewRootImpl: Cancelling event due to no window focus: KeyEvent { action=ACTION_UP, keyCode=KEYCODE_DPAD_DOWN, scanCode=0, metaState=0, flags=0x80000420, repeatCount=0, eventTime=373816, downTime=373816, deviceId=-1, source=0x101 }
04-14 14:32:48.405  1823  1823 W ViewRootImpl: Cancelling event due to no window focus: KeyEvent { action=ACTION_UP, keyCode=KEYCODE_DPAD_DOWN, scanCode=0, metaState=0, flags=0x80000420, repeatCount=0, eventTime=373816, downTime=373816, deviceId=-1, source=0x101 }
04-14 14:32:48.406  1823  1823 W ViewRootImpl: Cancelling event due to no window focus: KeyEvent { action=ACTION_UP, keyCode=KEYCODE_DPAD_DOWN, scanCode=0, metaState=0, flags=0x80000420, repeatCount=0, eventTime=373816, downTime=373816, deviceId=-1, source=0x101 }
04-14 14:32:48.407  1823  1823 W ViewRootImpl: Dropping event due to no window focus: KeyEvent { action=ACTION_DOWN, keyCode=KEYCODE_DPAD_DOWN, scanCode=0, metaState=0, flags=0x400, repeatCount=0, eventTime=373816, downTime=373816, deviceId=-1, source=0x101 }
04-14 14:32:48.407  1823  1823 W ViewRootImpl: Cancelling event due to no window focus: KeyEvent { action=ACTION_UP, keyCode=KEYCODE_DPAD_DOWN, scanCode=0, metaState=0, flags=0x420, repeatCount=0, eventTime=373816, downTime=373816, deviceId=-1, source=0x101 }
04-14 14:32:48.423  1823  1823 W ViewRootImpl: Cancelling event due to no window focus: KeyEvent { action=ACTION_UP, keyCode=KEYCODE_DPAD_DOWN, scanCode=0, metaState=0, flags=0x420, repeatCount=0, eventTime=373816, downTime=373816, deviceId=-1, source=0x101 }
04-14 14:32:48.424  1823  1823 W ViewRootImpl: Cancelling event due to no window focus: KeyEvent { action=ACTION_UP, keyCode=KEYCODE_DPAD_DOWN, scanCode=0, metaState=0, flags=0x420, repeatCount=0, eventTime=373816, downTime=373816, deviceId=-1, source=0x101 }
04-14 14:32:48.455  1823  1823 W ViewRootImpl: Cancelling event due to no window focus: KeyEvent { action=ACTION_UP, keyCode=KEYCODE_DPAD_DOWN, scanCode=0, metaState=0, flags=0x80000420, repeatCount=0, eventTime=373816, downTime=373816, deviceId=-1, source=0x101 }
04-14 14:32:48.456  1823  1823 W ViewRootImpl: Cancelling event due to no window focus: KeyEvent { action=ACTION_UP, keyCode=KEYCODE_DPAD_DOWN, scanCode=0, metaState=0, flags=0x80000420, repeatCount=0, eventTime=373816, downTime=373816, deviceId=-1, source=0x101 }
04-14 14:32:48.456  1823  1823 W ViewRootImpl: Cancelling event due to no window focus: KeyEvent { action=ACTION_UP, keyCode=KEYCODE_DPAD_DOWN, scanCode=0, metaState=0, flags=0x80000420, repeatCount=0, eventTime=373816, downTime=373816, deviceId=-1, source=0x101 }
04-14 14:32:48.457  1823  1823 W ViewRootImpl: Dropping event due to no window focus: KeyEvent { action=ACTION_MULTIPLE, keyCode=KEYCODE_DPAD_LEFT, scanCode=0, metaState=0, flags=0x400, repeatCount=2, eventTime=373830, downTime=373830, deviceId=-1, source=0x101 }
04-14 14:32:48.483  1823  1823 W ViewRootImpl: Dropping event due to no window focus: KeyEvent { action=ACTION_DOWN, keyCode=KEYCODE_DPAD_LEFT, scanCode=0, metaState=0, flags=0x400, repeatCount=0, eventTime=373831, downTime=373831, deviceId=-1, source=0x101 }
04-14 14:32:48.484  1823  1823 W ViewRootImpl: Cancelling event due to no window focus: KeyEvent { action=ACTION_UP, keyCode=KEYCODE_DPAD_LEFT, scanCode=0, metaState=0, flags=0x420, repeatCount=0, eventTime=373831, downTime=373831, deviceId=-1, source=0x101 }
04-14 14:32:48.484  1823  1823 W ViewRootImpl: Cancelling event due to no window focus: KeyEvent { action=ACTION_UP, keyCode=KEYCODE_DPAD_LEFT, scanCode=0, metaState=0, flags=0x420, repeatCount=0, eventTime=373831, downTime=373831, deviceId=-1, source=0x101 }
04-14 14:32:48.493  1823  1823 W ViewRootImpl: Cancelling event due to no window focus: KeyEvent { action=ACTION_UP, keyCode=KEYCODE_DPAD_LEFT, scanCode=0, metaState=0, flags=0x420, repeatCount=0, eventTime=373831, downTime=373831, deviceId=-1, source=0x101 }
04-14 14:32:48.517  1823  1823 W ViewRootImpl: Cancelling event due to no window focus: KeyEvent { action=ACTION_UP, keyCode=KEYCODE_DPAD_LEFT, scanCode=0, metaState=0, flags=0x80000420, repeatCount=0, eventTime=373831, downTime=373831, deviceId=-1, source=0x101 }
04-14 14:32:48.523  1823  1823 W ViewRootImpl: Cancelling event due to no window focus: KeyEvent { action=ACTION_UP, keyCode=KEYCODE_DPAD_LEFT, scanCode=0, metaState=0, flags=0x80000420, repeatCount=0, eventTime=373831, downTime=373831, deviceId=-1, source=0x101 }
04-14 14:32:48.524  1823  1823 W ViewRootImpl: Cancelling event due to no window focus: KeyEvent { action=ACTION_UP, keyCode=KEYCODE_DPAD_LEFT, scanCode=0, metaState=0, flags=0x80000420, repeatCount=0, eventTime=373831, downTime=373831, deviceId=-1, source=0x101 }
04-14 14:32:48.524  1823  1823 W ViewRootImpl: Dropping event due to no window focus: KeyEvent { action=ACTION_DOWN, keyCode=KEYCODE_DPAD_LEFT, scanCode=0, metaState=0, flags=0x400, repeatCount=0, eventTime=373831, downTime=373831, deviceId=-1, source=0x101 }
04-14 14:32:48.531  1823  1823 W ViewRootImpl: Cancelling event due to no window focus: KeyEvent { action=ACTION_UP, keyCode=KEYCODE_DPAD_LEFT, scanCode=0, metaState=0, flags=0x420, repeatCount=0, eventTime=373831, downTime=373831, deviceId=-1, source=0x101 }
04-14 14:32:48.532  1823  1823 W ViewRootImpl: Cancelling event due to no window focus: KeyEvent { action=ACTION_UP, keyCode=KEYCODE_DPAD_LEFT, scanCode=0, metaState=0, flags=0x420, repeatCount=0, eventTime=373831, downTime=373831, deviceId=-1, source=0x101 }
04-14 14:32:48.550  1823  1823 W ViewRootImpl: Cancelling event due to no window focus: KeyEvent { action=ACTION_UP, keyCode=KEYCODE_DPAD_LEFT, scanCode=0, metaState=0, flags=0x420, repeatCount=0, eventTime=373831, downTime=373831, deviceId=-1, source=0x101 }
04-14 14:32:48.590  1823  1823 W ViewRootImpl: Cancelling event due to no window focus: KeyEvent { action=ACTION_UP, keyCode=KEYCODE_DPAD_LEFT, scanCode=0, metaState=0, flags=0x80000420, repeatCount=0, eventTime=373831, downTime=373831, deviceId=-1, source=0x101 }
04-14 14:32:48.591  1823  1823 W ViewRootImpl: Cancelling event due to no window focus: KeyEvent { action=ACTION_UP, keyCode=KEYCODE_DPAD_LEFT, scanCode=0, metaState=0, flags=0x80000420, repeatCount=0, eventTime=373831, downTime=373831, deviceId=-1, source=0x101 }
04-14 14:32:48.591  1823  1823 W ViewRootImpl: Cancelling event due to no window focus: KeyEvent { action=ACTION_UP, keyCode=KEYCODE_DPAD_LEFT, scanCode=0, metaState=0, flags=0x80000420, repeatCount=0, eventTime=373831, downTime=373831, deviceId=-1, source=0x101 }
04-14 14:32:48.592  1823  1823 W ViewRootImpl: Dropping event due to no window focus: KeyEvent { action=ACTION_DOWN, keyCode=KEYCODE_DPAD_LEFT, scanCode=0, metaState=0, flags=0x400, repeatCount=0, eventTime=373831, downTime=373831, deviceId=-1, source=0x101 }
04-14 14:32:48.598  1823  1823 W ViewRootImpl: Cancelling event due to no window focus: KeyEvent { action=ACTION_UP, keyCode=KEYCODE_DPAD_LEFT, scanCode=0, metaState=0, flags=0x420, repeatCount=0, eventTime=373831, downTime=373831, deviceId=-1, source=0x101 }
04-14 14:32:48.599  1823  1823 W ViewRootImpl: Cancelling event due to no window focus: KeyEvent { action=ACTION_UP, keyCode=KEYCODE_DPAD_LEFT, scanCode=0, metaState=0, flags=0x420, repeatCount=0, eventTime=373831, downTime=373831, deviceId=-1, source=0x101 }
04-14 14:32:48.599  1823  1823 W ViewRootImpl: Cancelling event due to no window focus: KeyEvent { action=ACTION_UP, keyCode=KEYCODE_DPAD_LEFT, scanCode=0, metaState=0, flags=0x420, repeatCount=0, eventTime=373831, downTime=373831, deviceId=-1, source=0x101 }
04-14 14:32:48.631  1823  1823 W ViewRootImpl: Cancelling event due to no window focus: KeyEvent { action=ACTION_UP, keyCode=KEYCODE_DPAD_LEFT, scanCode=0, metaState=0, flags=0x80000420, repeatCount=0, eventTime=373831, downTime=373831, deviceId=-1, source=0x101 }
04-14 14:32:48.631  1823  1823 W ViewRootImpl: Cancelling event due to no window focus: KeyEvent { action=ACTION_UP, keyCode=KEYCODE_DPAD_LEFT, scanCode=0, metaState=0, flags=0x80000420, repeatCount=0, eventTime=373831, downTime=373831, deviceId=-1, source=0x101 }
04-14 14:32:48.632  1823  1823 W ViewRootImpl: Cancelling event due to no window focus: KeyEvent { action=ACTION_UP, keyCode=KEYCODE_DPAD_LEFT, scanCode=0, metaState=0, flags=0x80000420, repeatCount=0, eventTime=373831, downTime=373831, deviceId=-1, source=0x101 }
04-14 14:32:50.433  1823  1823 W ViewRootImpl: Dropping event due to no window focus: KeyEvent { action=ACTION_DOWN, keyCode=KEYCODE_DPAD_UP, scanCode=0, metaState=0, flags=0x8, repeatCount=0, eventTime=376429, downTime=376429, deviceId=-1, source=0x101 }
04-14 14:32:50.437  1823  1823 W ViewRootImpl: Cancelling event due to no window focus: KeyEvent { action=ACTION_UP, keyCode=KEYCODE_DPAD_UP, scanCode=0, metaState=0, flags=0x28, repeatCount=0, eventTime=376657, downTime=376657, deviceId=-1, source=0x101 }
04-14 14:32:50.442  1823  1823 W ViewRootImpl: Cancelling event due to no window focus: KeyEvent { action=ACTION_UP, keyCode=KEYCODE_DPAD_UP, scanCode=0, metaState=0, flags=0x28, repeatCount=0, eventTime=376657, downTime=376657, deviceId=-1, source=0x101 }
04-14 14:32:50.442  1823  1823 W ViewRootImpl: Cancelling event due to no window focus: KeyEvent { action=ACTION_UP, keyCode=KEYCODE_DPAD_UP, scanCode=0, metaState=0, flags=0x28, repeatCount=0, eventTime=376657, downTime=376657, deviceId=-1, source=0x101 }
04-14 14:32:50.610   708   725 W InputMethodManagerService: Window already focused, ignoring focus gain of: com.android.internal.view.IInputMethodClient$Stub$Proxy@20d7f194 attribute=android.view.inputmethod.EditorInfo@3405243d, token = android.os.BinderProxy@9efa25b
04-14 14:32:59.974   708 10258 D ZenLog  : set_ringer_mode_internal: AudioService.onSetStreamVolume,i:normal->vibrate,e:normal->vibrate
04-14 14:33:05.641   708   725 I ActivityManager: START u0 {act=com.android.systemui.recents.SHOW_RECENTS flg=0x10804000 cmp=com.android.systemui/.recents.RecentsActivity} from uid 10013 on display 0
04-14 14:33:16.041   708   797 I WindowManager: Input event dispatching timed out sending to com.zhihu.android/com.zhihu.android.app.ui.activity.MainActivity.  Reason: Waiting to send key event because the focused window has not finished processing all of the input events that were previously delivered to it.  Outbound queue length: 0.  Wait queue length: 1.
04-14 14:33:16.145   708   773 I ActivityManager: Skipping duplicate ANR: ProcessRecord{171c1fe0 1823:com.zhihu.android/u0a54} Input dispatching timed out (Waiting to send key event because the focused window has not finished processing all of the input events that were previously delivered to it.  Outbound queue length: 0.  Wait queue length: 1.)
04-14 14:33:16.147   708 10522 W InputManager: Input event injection from pid 3894 timed out.
04-14 14:33:24.574   708   818 D ConnectivityService: updateNetworkScore for NetworkAgentInfo [WIFI () - 100] to 55
04-14 14:33:24.574   708   818 D ConnectivityService: rematching NetworkAgentInfo [WIFI () - 100]
04-14 14:33:24.574   708   818 D ConnectivityService: Network NetworkAgentInfo [WIFI () - 100] was already satisfying request 1. No change.
04-14 14:33:24.574   708   818 D ConnectivityService: notifyType AVAILABLE for NetworkAgentInfo [WIFI () - 100]
04-14 14:33:24.722   708   797 I WindowManager: Input event dispatching timed out sending to com.zhihu.android/com.zhihu.android.app.ui.activity.MainActivity.  Reason: Waiting to send key event because the focused window has not finished processing all of the input events that were previously delivered to it.  Outbound queue length: 0.  Wait queue length: 1.
04-14 14:33:24.863   708   808 W InputManager: Input event injection from pid 3894 timed out.
04-14 14:33:24.914   708   773 I ActivityManager: Skipping duplicate ANR: ProcessRecord{171c1fe0 1823:com.zhihu.android/u0a54} Input dispatching timed out (Waiting to send key event because the focused window has not finished processing all of the input events that were previously delivered to it.  Outbound queue length: 0.  Wait queue length: 1.)
04-14 14:33:27.684   708   818 D ConnectivityService: updateNetworkScore for NetworkAgentInfo [WIFI () - 100] to 56
04-14 14:33:27.684   708   818 D ConnectivityService: rematching NetworkAgentInfo [WIFI () - 100]
04-14 14:33:27.685   708   818 D ConnectivityService: Network NetworkAgentInfo [WIFI () - 100] was already satisfying request 1. No change.
04-14 14:33:27.685   708   818 D ConnectivityService: notifyType AVAILABLE for NetworkAgentInfo [WIFI () - 100]
04-14 14:33:49.754   708   797 I ActivityManager: START u0 {act=android.intent.action.MAIN cat=[android.intent.category.LAUNCHER] flg=0x10000000 cmp=com.android.music/.MusicBrowserActivity sel=act=android.intent.action.MAIN cat=[android.intent.category.APP_MUSIC]}} from uid 1000 on display 0
04-14 14:34:00.541   708   797 I WindowManager: Input event dispatching timed out sending to com.zhihu.android/com.zhihu.android.app.ui.activity.MainActivity.  Reason: Waiting to send key event because the focused window has not finished processing all of the input events that were previously delivered to it.  Outbound queue length: 0.  Wait queue length: 1.
04-14 14:34:00.703   708  1196 W InputManager: Input event injection from pid 3894 timed out.
04-14 14:34:04.056   708   773 I ActivityManager: Skipping duplicate ANR: ProcessRecord{171c1fe0 1823:com.zhihu.android/u0a54} Input dispatching timed out (Waiting to send key event because the focused window has not finished processing all of the input events that were previously delivered to it.  Outbound queue length: 0.  Wait queue length: 1.)
04-14 14:34:47.152   708  1158 I ActivityManager: START u0 {act=android.intent.action.MAIN cat=[android.intent.category.LAUNCHER] flg=0x10200000 cmp=com.zhihu.android/.app.ui.activity.MainActivity} from uid 0 on display 0
04-14 14:35:17.575   708 11058 I ActivityManager: START u0 {act=android.intent.action.MAIN cat=[android.intent.category.LAUNCHER] flg=0x10200000 cmp=com.zhihu.android/.app.ui.activity.MainActivity} from uid 0 on display 0
04-14 14:35:18.598   708 11058 I ActivityManager: START u0 {act=android.intent.action.MAIN cat=[android.intent.category.LAUNCHER] flg=0x10200000 cmp=com.zhihu.android/.app.ui.activity.MainActivity} from uid 0 on display 0
04-14 14:35:19.624   708  1720 I ActivityManager: START u0 {act=android.intent.action.MAIN cat=[android.intent.category.LAUNCHER] flg=0x10200000 cmp=com.zhihu.android/.app.ui.activity.MainActivity} from uid 0 on display 0
04-14 14:35:27.342   708   725 I ActivityManager: START u0 {act=android.intent.action.MAIN cat=[android.intent.category.LAUNCHER] flg=0x10200000 cmp=com.zhihu.android/.app.ui.activity.MainActivity} from uid 0 on display 0
04-14 14:35:35.292   708  1259 W ProcessCpuTracker: Skipping unknown process pid 2836
04-14 14:35:35.293   708  1259 W ProcessCpuTracker: Skipping unknown process pid 2846
04-14 14:35:55.796   708  1259 W ProcessCpuTracker: Skipping unknown process pid 7682
04-14 14:36:05.621   708  1259 I ActivityManager: START u0 {act=android.intent.action.MAIN cat=[android.intent.category.LAUNCHER] flg=0x10200000 cmp=com.zhihu.android/.app.ui.activity.MainActivity} from uid 0 on display 0
04-14 14:36:08.827   708  1718 I ActivityManager: START u0 {act=android.intent.action.MAIN cat=[android.intent.category.LAUNCHER] flg=0x10200000 cmp=com.zhihu.android/.app.ui.activity.MainActivity} from uid 0 on display 0
04-14 14:36:15.921   708  1718 W ProcessCpuTracker: Skipping unknown process pid 12589
04-14 14:36:15.949   708  1718 W ProcessCpuTracker: Skipping unknown process pid 12590
04-14 14:36:15.950   708  1718 W ProcessCpuTracker: Skipping unknown process pid 12591
04-14 14:36:15.978   708  1718 W ProcessCpuTracker: Skipping unknown process pid 12592
04-14 14:36:39.215   708  1720 I ActivityManager: START u0 {act=android.intent.action.MAIN cat=[android.intent.category.LAUNCHER] flg=0x10200000 cmp=com.zhihu.android/.app.ui.activity.MainActivity} from uid 0 on display 0
04-14 14:36:42.603   708   773 W ProcessCpuTracker: Skipping unknown process pid 19159
04-14 14:36:55.310   708   797 W IntentResolver: resolveIntent failed: found match, but none with CATEGORY_DEFAULT
04-14 14:36:55.318   708   797 I ActivityManager: START u0 {act=android.intent.action.MAIN cat=[android.intent.category.LAUNCHER] flg=0x10000000 sel=act=android.intent.action.MAIN cat=[android.intent.category.APP_CALCULATOR]}} from uid 1000 on display 0
04-14 14:37:05.395   708   818 D ConnectivityService: updateNetworkScore for NetworkAgentInfo [WIFI () - 100] to 55
04-14 14:37:05.395   708   818 D ConnectivityService: rematching NetworkAgentInfo [WIFI () - 100]
04-14 14:37:05.396   708   818 D ConnectivityService: Network NetworkAgentInfo [WIFI () - 100] was already satisfying request 1. No change.
04-14 14:37:05.396   708   818 D ConnectivityService: notifyType AVAILABLE for NetworkAgentInfo [WIFI () - 100]
04-14 14:37:18.331   708   818 D ConnectivityService: updateNetworkScore for NetworkAgentInfo [WIFI () - 100] to 56
04-14 14:37:18.331   708   818 D ConnectivityService: rematching NetworkAgentInfo [WIFI () - 100]
04-14 14:37:18.331   708   818 D ConnectivityService: Network NetworkAgentInfo [WIFI () - 100] was already satisfying request 1. No change.
04-14 14:37:18.331   708   818 D ConnectivityService: notifyType AVAILABLE for NetworkAgentInfo [WIFI () - 100]
04-14 14:37:25.556   708  1720 W ProcessCpuTracker: Skipping unknown process pid 29622
04-14 14:37:41.449   708  1158 W InputMethodManagerService: Window already focused, ignoring focus gain of: com.android.internal.view.IInputMethodClient$Stub$Proxy@17bde148 attribute=null, token = android.os.BinderProxy@9efa25b
04-14 14:38:28.136   856   856 W ViewRootImpl: Cancelling event due to no window focus: KeyEvent { action=ACTION_UP, keyCode=KEYCODE_DPAD_LEFT, scanCode=0, metaState=0, flags=0x80000028, repeatCount=0, eventTime=713533, downTime=713533, deviceId=-1, source=0x101 }
04-14 14:38:28.137   856   856 W ViewRootImpl: Cancelling event due to no window focus: KeyEvent { action=ACTION_UP, keyCode=KEYCODE_DPAD_LEFT, scanCode=0, metaState=0, flags=0x80000028, repeatCount=0, eventTime=713533, downTime=713533, deviceId=-1, source=0x101 }
04-14 14:38:28.138   856   856 W ViewRootImpl: Cancelling event due to no window focus: KeyEvent { action=ACTION_UP, keyCode=KEYCODE_DPAD_LEFT, scanCode=0, metaState=0, flags=0x80000028, repeatCount=0, eventTime=713533, downTime=713533, deviceId=-1, source=0x101 }
04-14 14:38:28.138   856   856 W ViewRootImpl: Cancelling event due to no window focus: KeyEvent { action=ACTION_UP, keyCode=KEYCODE_DPAD_LEFT, scanCode=0, metaState=0, flags=0x80000028, repeatCount=0, eventTime=713533, downTime=713533, deviceId=-1, source=0x101 }
04-14 14:38:28.139   856   856 W ViewRootImpl: Cancelling event due to no window focus: KeyEvent { action=ACTION_UP, keyCode=KEYCODE_DPAD_LEFT, scanCode=0, metaState=0, flags=0x80000028, repeatCount=0, eventTime=713533, downTime=713533, deviceId=-1, source=0x101 }
04-14 14:38:28.139   856   856 W ViewRootImpl: Cancelling event due to no window focus: KeyEvent { action=ACTION_UP, keyCode=KEYCODE_DPAD_LEFT, scanCode=0, metaState=0, flags=0x80000028, repeatCount=0, eventTime=713533, downTime=713533, deviceId=-1, source=0x101 }
04-14 14:38:28.226   856   856 W ViewRootImpl: Cancelling event due to no window focus: KeyEvent { action=ACTION_UP, keyCode=KEYCODE_DPAD_LEFT, scanCode=0, metaState=0, flags=0x80000028, repeatCount=0, eventTime=713533, downTime=713533, deviceId=-1, source=0x101 }
04-14 14:38:28.227   856   856 W ViewRootImpl: Cancelling event due to no window focus: KeyEvent { action=ACTION_UP, keyCode=KEYCODE_DPAD_LEFT, scanCode=0, metaState=0, flags=0x80000028, repeatCount=0, eventTime=713533, downTime=713533, deviceId=-1, source=0x101 }
04-14 14:38:28.230   856   856 W ViewRootImpl: Cancelling event due to no window focus: KeyEvent { action=ACTION_UP, keyCode=KEYCODE_DPAD_LEFT, scanCode=0, metaState=0, flags=0x80000028, repeatCount=0, eventTime=713533, downTime=713533, deviceId=-1, source=0x101 }
04-14 14:38:28.569  1823  1823 W ViewRootImpl: Dropping event due to no window focus: KeyEvent { action=ACTION_DOWN, keyCode=KEYCODE_DPAD_LEFT, scanCode=0, metaState=0, flags=0x8, repeatCount=0, eventTime=713529, downTime=713529, deviceId=-1, source=0x101 }
04-14 14:38:28.619  1823  1823 W ViewRootImpl: Cancelling event due to no window focus: KeyEvent { action=ACTION_UP, keyCode=KEYCODE_DPAD_LEFT, scanCode=0, metaState=0, flags=0x28, repeatCount=0, eventTime=713761, downTime=713529, deviceId=-1, source=0x101 }
04-14 14:38:28.619  1823  1823 W ViewRootImpl: Cancelling event due to no window focus: KeyEvent { action=ACTION_UP, keyCode=KEYCODE_DPAD_LEFT, scanCode=0, metaState=0, flags=0x28, repeatCount=0, eventTime=713761, downTime=713529, deviceId=-1, source=0x101 }
04-14 14:38:28.623  1823  1823 W ViewRootImpl: Cancelling event due to no window focus: KeyEvent { action=ACTION_UP, keyCode=KEYCODE_DPAD_LEFT, scanCode=0, metaState=0, flags=0x28, repeatCount=0, eventTime=713761, downTime=713529, deviceId=-1, source=0x101 }
04-14 14:38:28.710  1823  1823 W ViewRootImpl: Cancelling event due to no window focus: KeyEvent { action=ACTION_UP, keyCode=KEYCODE_DPAD_LEFT, scanCode=0, metaState=0, flags=0x80000028, repeatCount=0, eventTime=713761, downTime=713529, deviceId=-1, source=0x101 }
04-14 14:38:29.796  1823  1823 W ViewRootImpl: Dropping event due to no window focus: KeyEvent { action=ACTION_DOWN, keyCode=KEYCODE_MENU, scanCode=0, metaState=0, flags=0x8, repeatCount=0, eventTime=715810, downTime=715810, deviceId=-1, source=0x101 }
04-14 14:38:29.800  1823  1823 W ViewRootImpl: Cancelling event due to no window focus: KeyEvent { action=ACTION_UP, keyCode=KEYCODE_MENU, scanCode=0, metaState=0, flags=0x28, repeatCount=0, eventTime=715999, downTime=715999, deviceId=-1, source=0x101 }
04-14 14:38:29.822  1823  1823 W ViewRootImpl: Cancelling event due to no window focus: KeyEvent { action=ACTION_UP, keyCode=KEYCODE_MENU, scanCode=0, metaState=0, flags=0x28, repeatCount=0, eventTime=715999, downTime=715999, deviceId=-1, source=0x101 }
04-14 14:38:29.833  1823  1823 W ViewRootImpl: Cancelling event due to no window focus: KeyEvent { action=ACTION_UP, keyCode=KEYCODE_MENU, scanCode=0, metaState=0, flags=0x28, repeatCount=0, eventTime=715999, downTime=715999, deviceId=-1, source=0x101 }
04-14 14:38:29.938   708  1720 W InputMethodManagerService: Window already focused, ignoring focus gain of: com.android.internal.view.IInputMethodClient$Stub$Proxy@3c2d0be1 attribute=null, token = android.os.BinderProxy@9efa25b
04-14 14:38:55.952   708   806 W ProcessCpuTracker: Skipping unknown process pid 19900
04-14 14:38:56.030   708   806 W ProcessCpuTracker: Skipping unknown process pid 19901
04-14 14:38:56.051   708   806 W ProcessCpuTracker: Skipping unknown process pid 19902
04-14 14:38:56.051   708   806 W ProcessCpuTracker: Skipping unknown process pid 19903
04-14 14:39:19.412   708   725 I ActivityManager: START u0 {act=android.intent.action.MAIN cat=[android.intent.category.LAUNCHER] flg=0x10200000 cmp=com.zhihu.android/.app.ui.activity.MainActivity} from uid 0 on display 0
04-14 14:39:25.804   708   725 W ProcessCpuTracker: Skipping unknown process pid 27245
04-14 14:39:43.580   708   724 I ActivityManager: START u0 {act=android.intent.action.MAIN cat=[android.intent.category.LAUNCHER] flg=0x10200000 cmp=com.zhihu.android/.app.ui.activity.MainActivity} from uid 0 on display 0
04-14 14:39:48.318   708  1718 W ProcessCpuTracker: Skipping unknown process pid 32034
04-14 14:40:08.937   856   856 W ViewRootImpl: Dropping event due to no window focus: KeyEvent { action=ACTION_DOWN, keyCode=KEYCODE_DPAD_RIGHT, scanCode=0, metaState=0, flags=0x8, repeatCount=0, eventTime=815128, downTime=815128, deviceId=-1, source=0x101 }
04-14 14:40:08.944   856   856 W ViewRootImpl: Cancelling event due to no window focus: KeyEvent { action=ACTION_UP, keyCode=KEYCODE_DPAD_RIGHT, scanCode=0, metaState=0, flags=0x28, repeatCount=0, eventTime=815130, downTime=815130, deviceId=-1, source=0x101 }
04-14 14:40:09.003   856   856 W ViewRootImpl: Cancelling event due to no window focus: KeyEvent { action=ACTION_UP, keyCode=KEYCODE_DPAD_RIGHT, scanCode=0, metaState=0, flags=0x28, repeatCount=0, eventTime=815130, downTime=815130, deviceId=-1, source=0x101 }
04-14 14:40:09.003   856   856 W ViewRootImpl: Cancelling event due to no window focus: KeyEvent { action=ACTION_UP, keyCode=KEYCODE_DPAD_RIGHT, scanCode=0, metaState=0, flags=0x28, repeatCount=0, eventTime=815130, downTime=815130, deviceId=-1, source=0x101 }
04-14 14:40:09.006   856   856 W ViewRootImpl: Cancelling event due to no window focus: KeyEvent { action=ACTION_UP, keyCode=KEYCODE_DPAD_RIGHT, scanCode=0, metaState=0, flags=0x28, repeatCount=0, eventTime=815130, downTime=815130, deviceId=-1, source=0x101 }
04-14 14:40:09.008   856   856 W ViewRootImpl: Cancelling event due to no window focus: KeyEvent { action=ACTION_UP, keyCode=KEYCODE_DPAD_RIGHT, scanCode=0, metaState=0, flags=0x28, repeatCount=0, eventTime=815130, downTime=815130, deviceId=-1, source=0x101 }
04-14 14:40:09.070   856   856 W ViewRootImpl: Cancelling event due to no window focus: KeyEvent { action=ACTION_UP, keyCode=KEYCODE_DPAD_RIGHT, scanCode=0, metaState=0, flags=0x28, repeatCount=0, eventTime=815130, downTime=815130, deviceId=-1, source=0x101 }
04-14 14:40:09.156   856   856 W ViewRootImpl: Cancelling event due to no window focus: KeyEvent { action=ACTION_UP, keyCode=KEYCODE_DPAD_RIGHT, scanCode=0, metaState=0, flags=0x80000028, repeatCount=0, eventTime=815130, downTime=815130, deviceId=-1, source=0x101 }
04-14 14:40:09.156   856   856 W ViewRootImpl: Cancelling event due to no window focus: KeyEvent { action=ACTION_UP, keyCode=KEYCODE_DPAD_RIGHT, scanCode=0, metaState=0, flags=0x80000028, repeatCount=0, eventTime=815130, downTime=815130, deviceId=-1, source=0x101 }
04-14 14:40:09.157   856   856 W ViewRootImpl: Cancelling event due to no window focus: KeyEvent { action=ACTION_UP, keyCode=KEYCODE_DPAD_RIGHT, scanCode=0, metaState=0, flags=0x80000028, repeatCount=0, eventTime=815130, downTime=815130, deviceId=-1, source=0x101 }
04-14 14:40:17.853   708   806 W InputMethodManagerService: Window already focused, ignoring focus gain of: com.android.internal.view.IInputMethodClient$Stub$Proxy@31979824 attribute=null, token = android.os.BinderProxy@9efa25b
04-14 14:40:18.608   708   724 I ActivityManager: START u0 {act=android.intent.action.MAIN cat=[android.intent.category.LAUNCHER] flg=0x10200000 cmp=com.zhihu.android/.app.ui.activity.MainActivity} from uid 0 on display 0
04-14 14:40:47.202   708 16952 I ActivityManager: START u0 {act=android.intent.action.MAIN cat=[android.intent.category.LAUNCHER] flg=0x10200000 cmp=com.zhihu.android/.app.ui.activity.MainActivity} from uid 0 on display 0
04-14 14:41:09.349   708  1844 W ProcessCpuTracker: Skipping unknown process pid 19878
04-14 14:41:18.658  1823  1823 W ViewRootImpl: Cancelling event due to no window focus: KeyEvent { action=ACTION_UP, keyCode=KEYCODE_MENU, scanCode=0, metaState=0, flags=0x80000028, repeatCount=0, eventTime=883997, downTime=883997, deviceId=-1, source=0x101 }
04-14 14:41:18.658  1823  1823 W ViewRootImpl: Cancelling event due to no window focus: KeyEvent { action=ACTION_UP, keyCode=KEYCODE_MENU, scanCode=0, metaState=0, flags=0x80000028, repeatCount=0, eventTime=883997, downTime=883997, deviceId=-1, source=0x101 }
04-14 14:41:18.659  1823  1823 W ViewRootImpl: Cancelling event due to no window focus: KeyEvent { action=ACTION_UP, keyCode=KEYCODE_MENU, scanCode=0, metaState=0, flags=0x80000028, repeatCount=0, eventTime=883997, downTime=883997, deviceId=-1, source=0x101 }
04-14 14:41:18.772   708 11058 W InputMethodManagerService: Window already focused, ignoring focus gain of: com.android.internal.view.IInputMethodClient$Stub$Proxy@14812953 attribute=null, token = android.os.BinderProxy@9efa25b
04-14 14:41:26.257   708  1195 I ActivityManager: START u0 {act=android.intent.action.MAIN cat=[android.intent.category.LAUNCHER] flg=0x10200000 cmp=com.zhihu.android/.app.ui.activity.MainActivity} from uid 0 on display 0
04-14 14:41:32.293   708   797 I WindowManager: Input event dispatching timed out sending to com.zhihu.android/com.zhihu.android.app.ui.activity.MainActivity.  Reason: Waiting to send key event because the focused window has not finished processing all of the input events that were previously delivered to it.  Outbound queue length: 0.  Wait queue length: 1.
04-14 14:41:32.417   708  1195 W InputManager: Input event injection from pid 3894 timed out.
04-14 14:41:32.469   708   773 I ActivityManager: Skipping duplicate ANR: ProcessRecord{171c1fe0 1823:com.zhihu.android/u0a54} Input dispatching timed out (Waiting to send key event because the focused window has not finished processing all of the input events that were previously delivered to it.  Outbound queue length: 0.  Wait queue length: 1.)
04-14 14:41:45.647   708   773 W ProcessCpuTracker: Skipping unknown process pid 29644
04-14 14:42:20.046   708  1194 I ActivityManager: START u0 {act=android.intent.action.MAIN cat=[android.intent.category.LAUNCHER] flg=0x10200000 cmp=com.zhihu.android/.app.ui.activity.MainActivity} from uid 0 on display 0
04-14 14:43:09.511   708   797 I ActivityManager: START u0 {act=android.intent.action.MAIN cat=[android.intent.category.LAUNCHER] flg=0x10000000 cmp=com.android.music/.MusicBrowserActivity sel=act=android.intent.action.MAIN cat=[android.intent.category.APP_MUSIC]}} from uid 1000 on display 0
04-14 14:43:50.895   708   808 I ActivityManager: START u0 {act=android.intent.action.MAIN cat=[android.intent.category.LAUNCHER] flg=0x10200000 cmp=com.zhihu.android/.app.ui.activity.MainActivity} from uid 0 on display 0
04-14 14:44:21.702   708   797 I ActivityManager: START u0 {act=android.intent.action.MAIN cat=[android.intent.category.LAUNCHER] flg=0x10000000 cmp=com.android.calendar/.AllInOneActivity sel=act=android.intent.action.MAIN cat=[android.intent.category.APP_CALENDAR]}} from uid 1000 on display 0
04-14 14:44:29.424   708  1194 I ActivityManager: START u0 {act=android.intent.action.MAIN cat=[android.intent.category.LAUNCHER] flg=0x10200000 cmp=com.zhihu.android/.app.ui.activity.MainActivity} from uid 0 on display 0
04-14 14:44:32.635   708   725 I ActivityManager: START u0 {act=android.intent.action.MAIN cat=[android.intent.category.LAUNCHER] flg=0x10200000 cmp=com.zhihu.android/.app.ui.activity.MainActivity} from uid 0 on display 0
04-14 14:45:45.242   708   806 W InputMethodManagerService: Window already focused, ignoring focus gain of: com.android.internal.view.IInputMethodClient$Stub$Proxy@1be9f884 attribute=null, token = android.os.BinderProxy@9efa25b
04-14 14:45:45.937   708   773 W ProcessCpuTracker: Skipping unknown process pid 24862
04-14 14:46:19.589  1823  1823 W ViewRootImpl: Cancelling event due to no window focus: KeyEvent { action=ACTION_UP, keyCode=KEYCODE_MENU, scanCode=0, metaState=0, flags=0x80000028, repeatCount=0, eventTime=1185714, downTime=1185714, deviceId=-1, source=0x101 }
04-14 14:46:19.590  1823  1823 W ViewRootImpl: Cancelling event due to no window focus: KeyEvent { action=ACTION_UP, keyCode=KEYCODE_MENU, scanCode=0, metaState=0, flags=0x80000028, repeatCount=0, eventTime=1185714, downTime=1185714, deviceId=-1, source=0x101 }
04-14 14:46:19.627  1823  1823 W ViewRootImpl: Cancelling event due to no window focus: KeyEvent { action=ACTION_UP, keyCode=KEYCODE_MENU, scanCode=0, metaState=0, flags=0x80000028, repeatCount=0, eventTime=1185714, downTime=1185714, deviceId=-1, source=0x101 }
04-14 14:46:19.701   708  1195 W InputMethodManagerService: Window already focused, ignoring focus gain of: com.android.internal.view.IInputMethodClient$Stub$Proxy@266f386d attribute=null, token = android.os.BinderProxy@9efa25b
04-14 14:46:31.340  1823  1823 W ViewRootImpl: Cancelling event due to no window focus: KeyEvent { action=ACTION_UP, keyCode=KEYCODE_VOLUME_UP, scanCode=0, metaState=0, flags=0x80000028, repeatCount=0, eventTime=1197425, downTime=1197425, deviceId=-1, source=0x101 }
04-14 14:46:31.347  1823  1823 W ViewRootImpl: Cancelling event due to no window focus: KeyEvent { action=ACTION_UP, keyCode=KEYCODE_VOLUME_UP, scanCode=0, metaState=0, flags=0x80000028, repeatCount=0, eventTime=1197425, downTime=1197425, deviceId=-1, source=0x101 }
04-14 14:46:31.348  1823  1823 W ViewRootImpl: Cancelling event due to no window focus: KeyEvent { action=ACTION_UP, keyCode=KEYCODE_VOLUME_UP, scanCode=0, metaState=0, flags=0x80000028, repeatCount=0, eventTime=1197425, downTime=1197425, deviceId=-1, source=0x101 }
04-14 14:46:31.353  1823  1823 W ViewRootImpl: Cancelling event due to no window focus: KeyEvent { action=ACTION_UP, keyCode=KEYCODE_VOLUME_UP, scanCode=0, metaState=0, flags=0x80000028, repeatCount=0, eventTime=1197425, downTime=1197425, deviceId=-1, source=0x101 }
04-14 14:46:31.354  1823  1823 W ViewRootImpl: Cancelling event due to no window focus: KeyEvent { action=ACTION_UP, keyCode=KEYCODE_VOLUME_UP, scanCode=0, metaState=0, flags=0x80000028, repeatCount=0, eventTime=1197425, downTime=1197425, deviceId=-1, source=0x101 }
04-14 14:46:31.354  1823  1823 W ViewRootImpl: Cancelling event due to no window focus: KeyEvent { action=ACTION_UP, keyCode=KEYCODE_VOLUME_UP, scanCode=0, metaState=0, flags=0x80000028, repeatCount=0, eventTime=1197425, downTime=1197425, deviceId=-1, source=0x101 }
04-14 14:46:31.391   708  1195 W InputMethodManagerService: Window already focused, ignoring focus gain of: com.android.internal.view.IInputMethodClient$Stub$Proxy@11da6ca2 attribute=null, token = android.os.BinderProxy@9efa25b
04-14 14:46:56.141   708   772 I UsageStatsService: User[0] Flushing usage stats to disk
04-14 14:46:56.255   708  1196 W ProcessCpuTracker: Skipping unknown process pid 10312
04-14 14:46:56.255   708  1196 W ProcessCpuTracker: Skipping unknown process pid 10313
04-14 14:46:56.256   708  1196 W ProcessCpuTracker: Skipping unknown process pid 10314
04-14 14:46:56.257   708  1196 W ProcessCpuTracker: Skipping unknown process pid 10315
04-14 14:48:12.135   708 16952 W ProcessCpuTracker: Skipping unknown process pid 27309
04-14 14:48:46.611   708   806 I ActivityManager: START u0 {act=android.intent.action.MAIN cat=[android.intent.category.LAUNCHER] flg=0x10200000 cmp=com.zhihu.android/.app.ui.activity.MainActivity} from uid 0 on display 0
04-14 14:48:49.780   708   773 W ProcessCpuTracker: Skipping unknown process pid 5288
04-14 14:48:49.851   708   773 W ProcessCpuTracker: Skipping unknown process pid 6203
04-14 14:48:51.399   708  1196 I ActivityManager: START u0 {act=android.intent.action.MAIN cat=[android.intent.category.LAUNCHER] flg=0x10200000 cmp=com.zhihu.android/.app.ui.activity.MainActivity} from uid 0 on display 0
04-14 14:49:04.720  1823  1823 W ViewRootImpl: Dropping event due to no window focus: KeyEvent { action=ACTION_DOWN, keyCode=KEYCODE_DPAD_DOWN, scanCode=0, metaState=0, flags=0x8, repeatCount=0, eventTime=1350116, downTime=1350116, deviceId=-1, source=0x101 }
04-14 14:49:04.773   708  1196 W InputMethodManagerService: Window already focused, ignoring focus gain of: com.android.internal.view.IInputMethodClient$Stub$Proxy@237e8ab4 attribute=null, token = android.os.BinderProxy@9efa25b
04-14 14:50:04.089   708 10522 I ActivityManager: START u0 {act=android.intent.action.MAIN cat=[android.intent.category.LAUNCHER] flg=0x10200000 cmp=com.zhihu.android/.app.ui.activity.MainActivity} from uid 0 on display 0
04-14 14:50:05.107   708   806 I ActivityManager: START u0 {act=android.intent.action.MAIN cat=[android.intent.category.LAUNCHER] flg=0x10200000 cmp=com.zhihu.android/.app.ui.activity.MainActivity} from uid 0 on display 0
04-14 14:50:23.468  1823  1823 W ViewRootImpl: Dropping event due to no window focus: KeyEvent { action=ACTION_DOWN, keyCode=KEYCODE_DPAD_DOWN, scanCode=0, metaState=0, flags=0x8, repeatCount=0, eventTime=1429681, downTime=1429681, deviceId=-1, source=0x101 }
04-14 14:50:23.473  1823  1823 W ViewRootImpl: Cancelling event due to no window focus: KeyEvent { action=ACTION_UP, keyCode=KEYCODE_DPAD_DOWN, scanCode=0, metaState=0, flags=0x28, repeatCount=0, eventTime=1429683, downTime=1429683, deviceId=-1, source=0x101 }
04-14 14:50:23.474  1823  1823 W ViewRootImpl: Cancelling event due to no window focus: KeyEvent { action=ACTION_UP, keyCode=KEYCODE_DPAD_DOWN, scanCode=0, metaState=0, flags=0x28, repeatCount=0, eventTime=1429683, downTime=1429683, deviceId=-1, source=0x101 }
