04-14 17:46:23.275  1159 12990 D DCT     : [0]hasMatchedTetherApnSetting: APN=null
04-14 17:52:13.755  1159  1159 D DCT     : [0]onReceive: action=android.intent.action.SCREEN_OFF
04-14 17:52:13.755  1159  1159 D DCT     : [0]stopNetStatPoll
04-14 17:52:13.767  1159  1159 D DCT     : [0]overall state is IDLE
04-14 17:52:18.480  1159  1159 D DCT     : [0]onReceive: action=android.intent.action.SCREEN_ON
04-14 17:52:18.481  1159  1159 D DCT     : [0]stopNetStatPoll
04-14 17:52:18.488  1159  1159 D DCT     : [0]overall state is IDLE
04-14 17:52:33.034  1159  1159 D DCT     : [0]onReceive: action=android.intent.action.SCREEN_OFF
04-14 17:52:33.034  1159  1159 D DCT     : [0]stopNetStatPoll
04-14 17:52:33.038  1159  1159 D DCT     : [0]overall state is IDLE
04-14 17:52:33.541  1159  1159 D RILJ    : [3875]> SCREEN_STATE: false [SUB0]
04-14 17:52:33.641   188   260 D RILC    : RequestComplete, RIL_SOCKET_1
04-14 17:52:33.641   188   260 E RILC    : Send Response to RIL_SOCKET_1
04-14 17:52:33.641  1159  1282 D RILJ    : [3875]< SCREEN_STATE  [SUB0]
04-14 17:52:33.655   188   266 I RILQ    : (0/188):RIL[0][event] qcril_arb_set_data_sys_status: recvd data_sys_status nw=0x0, rat_mask=0x8000, so_mask=0x0
04-14 17:52:33.655   188   266 I RILQ    : (0/188):RIL[0][event] qcril_arb_set_data_sys_status: recvd data_sys_status nw=0x1, rat_mask=0x0, so_mask=0x0
04-14 17:52:33.655   188   266 I RILQ    : (0/188):RIL[0][event] qcril_qmi_nas_update_data_rte: completed, new drte 0 with confidence 4
04-14 17:52:33.656   188   266 I RILC    : RIL_SOCKET_1 UNSOLICITED: UNSOL_RESPONSE_VOICE_NETWORK_STATE_CHANGED length:8
04-14 17:52:33.656   188   266 E RILC    : Send Response to RIL_SOCKET_1
04-14 17:52:33.660  1159  1282 D RILJ    : [UNSL]< UNSOL_RESPONSE_VOICE_NETWORK_STATE_CHANGED [SUB0]
04-14 17:52:33.661  1159  1159 D RILJ    : [3876]> OPERATOR [SUB0]
04-14 17:52:33.664  1159  1159 D RILJ    : [3877]> DATA_REGISTRATION_STATE [SUB0]
04-14 17:52:33.666   188   266 I RILC    : RIL_SOCKET_1 UNSOLICITED: UNSOL_SIGNAL_STRENGTH length:60
04-14 17:52:33.666   188   266 E RILC    : Send Response to RIL_SOCKET_1
04-14 17:52:33.670  1159  1159 D RILJ    : [3878]> VOICE_REGISTRATION_STATE [SUB0]
04-14 17:52:33.675  1159  1159 D RILJ    : [3879]> QUERY_NETWORK_SELECTION_MODE [SUB0]
04-14 17:52:33.677  1159  1159 D DefaultPhoneNotifier: notifySignalStrength: mRegistry=com.android.internal.telephony.ITelephonyRegistry$Stub$Proxy@c2a7513 ss=SignalStrength: 17 0 -120 -160 -120 -1 -1 99 2147483647 2147483647 2147483647 2147483647 gsm|lte sender=Handler (com.android.internal.telephony.gsm.GSMPhone) {34e1fa76}
04-14 17:52:33.711   188 15751 D RILC    : RequestComplete, RIL_SOCKET_1
04-14 17:52:33.711   188 15751 E RILC    : Send Response to RIL_SOCKET_1
04-14 17:52:33.733  1159  1282 D RILJ    : [3879]< QUERY_NETWORK_SELECTION_MODE {0} [SUB0]
04-14 17:52:33.739   188 15750 D RILC    : RequestComplete, RIL_SOCKET_1
04-14 17:52:33.739   188 15750 E RILC    : Send Response to RIL_SOCKET_1
04-14 17:52:33.751  1159  1282 D RILJ    : [3878]< VOICE_REGISTRATION_STATE {13, null, null, 0, null, null, null, 0, null, null, null, null, null, 2, 172} [SUB0]
04-14 17:52:33.752  1159  1159 D PHONE   : [ServiceState] setVoiceRegState=1
04-14 17:52:33.752  1159  1159 E PHONE   : [ServiceState] setState deprecated use setVoiceRegState()
04-14 17:52:33.757   188 15748 D RILC    : RequestComplete, RIL_SOCKET_1
04-14 17:52:33.757   188 15748 E RILC    : Send Response to RIL_SOCKET_1
04-14 17:52:33.758  1159  1282 D RILJ    : [3876]< OPERATOR {null, null, null} [SUB0]
04-14 17:52:33.769   188 15749 D RILC    : RequestComplete, RIL_SOCKET_1
04-14 17:52:33.769   188 15749 E RILC    : Send Response to RIL_SOCKET_1
04-14 17:52:33.770  1159  1282 D RILJ    : [3877]< DATA_REGISTRATION_STATE {2, null, null, null, 0, 20, null, null, null, null, null} [SUB0]
04-14 17:52:33.771  1159  1159 D PHONE   : [ServiceState] setDataRegState=1
04-14 17:52:33.771  1159  1159 D PHONE   : [ServiceState] setDataRadioTechnology=0
04-14 17:52:33.772  1159  1159 D GsmSST  : [GsmSST] handlPollStateResultMessage: GsmSST setDataRegState=1 regState=2 dataRadioTechnology=0
04-14 17:52:33.773  1159  1159 D GsmSST  : [GsmSST] Poll ServiceState done:  oldSS=[1 1 voice home data home null null null null null null  Unknown Unknown CSS not supported -1 -1 RoamInd=-1 DefRoamInd=-1 EmergOnly=true] newSS=[1 1 voice home data home null null null null null null  Unknown Unknown CSS not supported -1 -1 RoamInd=-1 DefRoamInd=-1 EmergOnly=true] oldMaxDataCalls=20 mNewMaxDataCalls=20 oldReasonDataDenied=-1 mNewReasonDataDenied=-1
04-14 17:52:33.773  1159  1159 D PHONE   : [ServiceState] setNullState=1
04-14 17:52:59.180  1159  1159 D RILJ    : [3880]> SCREEN_STATE: true [SUB0]
04-14 17:52:59.182   188   260 D RILC    : RequestComplete, RIL_SOCKET_1
04-14 17:52:59.182   188   260 E RILC    : Send Response to RIL_SOCKET_1
04-14 17:52:59.183  1159  1282 D RILJ    : [3880]< SCREEN_STATE  [SUB0]
04-14 17:52:59.197   188   266 I RILQ    : (0/188):RIL[0][event] qcril_qmi_nas_update_data_rte: completed, new drte 0 with confidence 4
04-14 17:52:59.212   188   266 I RILC    : RIL_SOCKET_1 UNSOLICITED: UNSOL_RESPONSE_VOICE_NETWORK_STATE_CHANGED length:8
04-14 17:52:59.212   188   266 E RILC    : Send Response to RIL_SOCKET_1
04-14 17:52:59.212  1159  1282 D RILJ    : [UNSL]< UNSOL_RESPONSE_VOICE_NETWORK_STATE_CHANGED [SUB0]
04-14 17:52:59.213  1159  1159 D RILJ    : [3881]> OPERATOR [SUB0]
04-14 17:52:59.215  1159  1159 D RILJ    : [3882]> DATA_REGISTRATION_STATE [SUB0]
04-14 17:52:59.219  1159  1159 D RILJ    : [3883]> VOICE_REGISTRATION_STATE [SUB0]
04-14 17:52:59.221   188   530 E RILQ    : (0/188): RIL[0][qmi_cb] get_ecc_property_name: ecc list name : ril.ecclist.
04-14 17:52:59.234   188   266 I RILQ    : (0/188):RIL[0][event] qcril_qmi_nas_evaluate_custom_emergency_numbers_for_card: cur_status 1024, card_state 3
04-14 17:52:59.234   188   266 I RILQ    : (0/188):RIL[0][event] qcril_qmi_nas_evaluate_custom_emergency_numbers_for_card: card_mcc 460, card_mnc 01
04-14 17:52:59.236   188   266 I RILC    : RIL_SOCKET_1 UNSOLICITED: UNSOL_SIGNAL_STRENGTH length:60
04-14 17:52:59.236   188   266 E RILC    : Send Response to RIL_SOCKET_1
04-14 17:52:59.236   188   266 I RILQ    : (0/188):RIL[0][event] qcril_qmi_nas_evaluate_custom_emergency_numbers_for_card: cur_status 1024, card_state 3
04-14 17:52:59.236   188   266 I RILQ    : (0/188):RIL[0][event] qcril_qmi_nas_evaluate_custom_emergency_numbers_for_card: card_mcc 460, card_mnc 01
04-14 17:52:59.242  1159  1159 D RILJ    : [3884]> QUERY_NETWORK_SELECTION_MODE [SUB0]
04-14 17:52:59.244  1159  1159 D DefaultPhoneNotifier: notifySignalStrength: mRegistry=com.android.internal.telephony.ITelephonyRegistry$Stub$Proxy@c2a7513 ss=SignalStrength: 18 0 -120 -160 -120 -1 -1 99 2147483647 2147483647 2147483647 2147483647 gsm|lte sender=Handler (com.android.internal.telephony.gsm.GSMPhone) {34e1fa76}
04-14 17:52:59.306   188 22004 D RILC    : RequestComplete, RIL_SOCKET_1
04-14 17:52:59.306   188 22004 E RILC    : Send Response to RIL_SOCKET_1
04-14 17:52:59.314  1159  1282 D RILJ    : [3881]< OPERATOR {null, null, null} [SUB0]
04-14 17:52:59.329   188 22006 D RILC    : RequestComplete, RIL_SOCKET_1
04-14 17:52:59.329   188 22006 E RILC    : Send Response to RIL_SOCKET_1
04-14 17:52:59.330  1159  1282 D RILJ    : [3883]< VOICE_REGISTRATION_STATE {13, null, null, 0, null, null, null, 0, null, null, null, null, null, 2, 172} [SUB0]
04-14 17:52:59.330  1159  1159 D PHONE   : [ServiceState] setVoiceRegState=1
04-14 17:52:59.330  1159  1159 E PHONE   : [ServiceState] setState deprecated use setVoiceRegState()
04-14 17:52:59.334   188 22007 D RILC    : RequestComplete, RIL_SOCKET_1
04-14 17:52:59.334   188 22007 E RILC    : Send Response to RIL_SOCKET_1
04-14 17:52:59.335  1159  1282 D RILJ    : [3884]< QUERY_NETWORK_SELECTION_MODE {0} [SUB0]
04-14 17:52:59.338   188 22005 D RILC    : RequestComplete, RIL_SOCKET_1
04-14 17:52:59.338   188 22005 E RILC    : Send Response to RIL_SOCKET_1
04-14 17:52:59.338  1159  1282 D RILJ    : [3882]< DATA_REGISTRATION_STATE {2, null, null, null, 0, 20, null, null, null, null, null} [SUB0]
04-14 17:52:59.339  1159  1159 D PHONE   : [ServiceState] setDataRegState=1
04-14 17:52:59.339  1159  1159 D PHONE   : [ServiceState] setDataRadioTechnology=0
04-14 17:52:59.339  1159  1159 D GsmSST  : [GsmSST] handlPollStateResultMessage: GsmSST setDataRegState=1 regState=2 dataRadioTechnology=0
04-14 17:52:59.341  1159  1159 D GsmSST  : [GsmSST] Poll ServiceState done:  oldSS=[1 1 voice home data home null null null null null null  Unknown Unknown CSS not supported -1 -1 RoamInd=-1 DefRoamInd=-1 EmergOnly=true] newSS=[1 1 voice home data home null null null null null null  Unknown Unknown CSS not supported -1 -1 RoamInd=-1 DefRoamInd=-1 EmergOnly=true] oldMaxDataCalls=20 mNewMaxDataCalls=20 oldReasonDataDenied=-1 mNewReasonDataDenied=-1
04-14 17:52:59.341  1159  1159 D PHONE   : [ServiceState] setNullState=1
04-14 17:53:10.330  1159  1159 D DCT     : [0]onReceive: action=android.intent.action.SCREEN_ON
04-14 17:53:10.330  1159  1159 D DCT     : [0]stopNetStatPoll
04-14 17:53:10.332  1159  1159 D DCT     : [0]overall state is IDLE
04-14 17:53:12.293  1159  1204 D DCT     : [0]hasMatchedTetherApnSetting: APN=null
04-14 17:57:06.662  1159  1471 D SubscriptionController: [getActiveSubIdList] simInfoSet=[0=1]
04-14 17:57:06.664  1159  1471 D SubscriptionController: [getActiveSubIdList] X subIdArr.length=1
04-14 17:57:33.264  1159  1159 D RILJ    : [3885]> SCREEN_STATE: false [SUB0]
04-14 17:57:33.269   188   260 D RILC    : RequestComplete, RIL_SOCKET_1
04-14 17:57:33.269   188   260 E RILC    : Send Response to RIL_SOCKET_1
04-14 17:57:33.270  1159  1282 D RILJ    : [3885]< SCREEN_STATE  [SUB0]
04-14 17:57:33.291   188   266 I RILQ    : (0/188):RIL[0][event] qcril_arb_set_data_sys_status: recvd data_sys_status nw=0x0, rat_mask=0x8000, so_mask=0x0
04-14 17:57:33.291   188   266 I RILQ    : (0/188):RIL[0][event] qcril_arb_set_data_sys_status: recvd data_sys_status nw=0x1, rat_mask=0x0, so_mask=0x0
04-14 17:57:33.291   188   266 I RILQ    : (0/188):RIL[0][event] qcril_qmi_nas_update_data_rte: completed, new drte 0 with confidence 4
04-14 17:57:33.292   188   266 I RILC    : RIL_SOCKET_1 UNSOLICITED: UNSOL_RESPONSE_VOICE_NETWORK_STATE_CHANGED length:8
04-14 17:57:33.292   188   266 E RILC    : Send Response to RIL_SOCKET_1
04-14 17:57:33.293  1159  1282 D RILJ    : [UNSL]< UNSOL_RESPONSE_VOICE_NETWORK_STATE_CHANGED [SUB0]
04-14 17:57:33.294  1159  1159 D RILJ    : [3886]> OPERATOR [SUB0]
04-14 17:57:33.300  1159  1159 D RILJ    : [3887]> DATA_REGISTRATION_STATE [SUB0]
04-14 17:57:33.304   188   266 I RILC    : RIL_SOCKET_1 UNSOLICITED: UNSOL_SIGNAL_STRENGTH length:60
04-14 17:57:33.304   188   266 E RILC    : Send Response to RIL_SOCKET_1
04-14 17:57:33.306  1159  1159 D RILJ    : [3888]> VOICE_REGISTRATION_STATE [SUB0]
04-14 17:57:33.308  1159  1159 D RILJ    : [3889]> QUERY_NETWORK_SELECTION_MODE [SUB0]
04-14 17:57:33.311  1159  1159 D DefaultPhoneNotifier: notifySignalStrength: mRegistry=com.android.internal.telephony.ITelephonyRegistry$Stub$Proxy@c2a7513 ss=SignalStrength: 17 0 -120 -160 -120 -1 -1 99 2147483647 2147483647 2147483647 2147483647 gsm|lte sender=Handler (com.android.internal.telephony.gsm.GSMPhone) {34e1fa76}
04-14 17:57:33.347   188 25333 D RILC    : RequestComplete, RIL_SOCKET_1
04-14 17:57:33.348   188 25333 E RILC    : Send Response to RIL_SOCKET_1
04-14 17:57:33.361  1159  1282 D RILJ    : [3886]< OPERATOR {null, null, null} [SUB0]
04-14 17:57:33.368   188 25335 D RILC    : RequestComplete, RIL_SOCKET_1
04-14 17:57:33.368   188 25335 E RILC    : Send Response to RIL_SOCKET_1
04-14 17:57:33.375  1159  1282 D RILJ    : [3888]< VOICE_REGISTRATION_STATE {13, null, null, 0, null, null, null, 0, null, null, null, null, null, 2, 172} [SUB0]
04-14 17:57:33.375  1159  1159 D PHONE   : [ServiceState] setVoiceRegState=1
04-14 17:57:33.375  1159  1159 E PHONE   : [ServiceState] setState deprecated use setVoiceRegState()
04-14 17:57:33.381   188 25336 D RILC    : RequestComplete, RIL_SOCKET_1
04-14 17:57:33.381   188 25336 E RILC    : Send Response to RIL_SOCKET_1
04-14 17:57:33.381  1159  1282 D RILJ    : [3889]< QUERY_NETWORK_SELECTION_MODE {0} [SUB0]
04-14 17:57:33.387   188 25334 D RILC    : RequestComplete, RIL_SOCKET_1
04-14 17:57:33.387   188 25334 E RILC    : Send Response to RIL_SOCKET_1
04-14 17:57:33.388  1159  1282 D RILJ    : [3887]< DATA_REGISTRATION_STATE {2, null, null, null, 0, 20, null, null, null, null, null} [SUB0]
04-14 17:57:33.389  1159  1159 D PHONE   : [ServiceState] setDataRegState=1
04-14 17:57:33.389  1159  1159 D PHONE   : [ServiceState] setDataRadioTechnology=0
04-14 17:57:33.390  1159  1159 D GsmSST  : [GsmSST] handlPollStateResultMessage: GsmSST setDataRegState=1 regState=2 dataRadioTechnology=0
04-14 17:57:33.391  1159  1159 D GsmSST  : [GsmSST] Poll ServiceState done:  oldSS=[1 1 voice home data home null null null null null null  Unknown Unknown CSS not supported -1 -1 RoamInd=-1 DefRoamInd=-1 EmergOnly=true] newSS=[1 1 voice home data home null null null null null null  Unknown Unknown CSS not supported -1 -1 RoamInd=-1 DefRoamInd=-1 EmergOnly=true] oldMaxDataCalls=20 mNewMaxDataCalls=20 oldReasonDataDenied=-1 mNewReasonDataDenied=-1
04-14 17:57:33.391  1159  1159 D PHONE   : [ServiceState] setNullState=1
04-14 17:57:43.654  1159  1159 D DCT     : [0]onReceive: action=android.intent.action.SCREEN_OFF
04-14 17:57:43.654  1159  1159 D DCT     : [0]stopNetStatPoll
04-14 17:57:43.664  1159  1159 D DCT     : [0]overall state is IDLE
04-14 17:57:52.845  1159  1471 D DCT     : [0]hasMatchedTetherApnSetting: APN=null
04-14 17:57:52.960  1159  1428 D DCT     : [0]hasMatchedTetherApnSetting: APN=null
04-14 17:57:57.298  1159  1159 D RILJ    : [3890]> SCREEN_STATE: true [SUB0]
04-14 17:57:57.300   188   260 D RILC    : RequestComplete, RIL_SOCKET_1
04-14 17:57:57.300   188   260 E RILC    : Send Response to RIL_SOCKET_1
04-14 17:57:57.301  1159  1282 D RILJ    : [3890]< SCREEN_STATE  [SUB0]
04-14 17:57:57.311   188   266 I RILQ    : (0/188):RIL[0][event] qcril_qmi_nas_update_data_rte: completed, new drte 0 with confidence 4
04-14 17:57:57.317   188   266 I RILC    : RIL_SOCKET_1 UNSOLICITED: UNSOL_RESPONSE_VOICE_NETWORK_STATE_CHANGED length:8
04-14 17:57:57.317   188   266 E RILC    : Send Response to RIL_SOCKET_1
04-14 17:57:57.318  1159  1282 D RILJ    : [UNSL]< UNSOL_RESPONSE_VOICE_NETWORK_STATE_CHANGED [SUB0]
04-14 17:57:57.319  1159  1159 D RILJ    : [3891]> OPERATOR [SUB0]
04-14 17:57:57.321  1159  1159 D RILJ    : [3892]> DATA_REGISTRATION_STATE [SUB0]
04-14 17:57:57.324   188   266 I RILQ    : (0/188):RIL[0][event] qcril_qmi_nas_evaluate_custom_emergency_numbers_for_card: cur_status 1024, card_state 3
04-14 17:57:57.324   188   266 I RILQ    : (0/188):RIL[0][event] qcril_qmi_nas_evaluate_custom_emergency_numbers_for_card: card_mcc 460, card_mnc 01
04-14 17:57:57.325   188   266 I RILC    : RIL_SOCKET_1 UNSOLICITED: UNSOL_SIGNAL_STRENGTH length:60
04-14 17:57:57.325   188   266 E RILC    : Send Response to RIL_SOCKET_1
04-14 17:57:57.327  1159  1159 D RILJ    : [3893]> VOICE_REGISTRATION_STATE [SUB0]
04-14 17:57:57.327   188   530 E RILQ    : (0/188): RIL[0][qmi_cb] get_ecc_property_name: ecc list name : ril.ecclist.
04-14 17:57:57.336  1159  1159 D RILJ    : [3894]> QUERY_NETWORK_SELECTION_MODE [SUB0]
04-14 17:57:57.339  1159  1159 D DefaultPhoneNotifier: notifySignalStrength: mRegistry=com.android.internal.telephony.ITelephonyRegistry$Stub$Proxy@c2a7513 ss=SignalStrength: 17 0 -120 -160 -120 -1 -1 99 2147483647 2147483647 2147483647 2147483647 gsm|lte sender=Handler (com.android.internal.telephony.gsm.GSMPhone) {34e1fa76}
04-14 17:57:57.345   188   266 I RILQ    : (0/188):RIL[0][event] qcril_qmi_nas_evaluate_custom_emergency_numbers_for_card: cur_status 1024, card_state 3
04-14 17:57:57.345   188   266 I RILQ    : (0/188):RIL[0][event] qcril_qmi_nas_evaluate_custom_emergency_numbers_for_card: card_mcc 460, card_mnc 01
04-14 17:57:57.417   188 31198 D RILC    : RequestComplete, RIL_SOCKET_1
04-14 17:57:57.417   188 31198 E RILC    : Send Response to RIL_SOCKET_1
04-14 17:57:57.418  1159  1282 D RILJ    : [3891]< OPERATOR {null, null, null} [SUB0]
04-14 17:57:57.423   188 31205 D RILC    : RequestComplete, RIL_SOCKET_1
04-14 17:57:57.423   188 31205 E RILC    : Send Response to RIL_SOCKET_1
04-14 17:57:57.424  1159  1282 D RILJ    : [3894]< QUERY_NETWORK_SELECTION_MODE {0} [SUB0]
04-14 17:57:57.425   188 31204 D RILC    : RequestComplete, RIL_SOCKET_1
04-14 17:57:57.425   188 31204 E RILC    : Send Response to RIL_SOCKET_1
04-14 17:57:57.426  1159  1282 D RILJ    : [3893]< VOICE_REGISTRATION_STATE {13, null, null, 0, null, null, null, 0, null, null, null, null, null, 2, 172} [SUB0]
04-14 17:57:57.426  1159  1159 D PHONE   : [ServiceState] setVoiceRegState=1
04-14 17:57:57.426  1159  1159 E PHONE   : [ServiceState] setState deprecated use setVoiceRegState()
04-14 17:57:57.438   188 31203 D RILC    : RequestComplete, RIL_SOCKET_1
04-14 17:57:57.438   188 31203 E RILC    : Send Response to RIL_SOCKET_1
04-14 17:57:57.439  1159  1282 D RILJ    : [3892]< DATA_REGISTRATION_STATE {2, null, null, null, 0, 20, null, null, null, null, null} [SUB0]
04-14 17:57:57.439  1159  1159 D PHONE   : [ServiceState] setDataRegState=1
04-14 17:57:57.439  1159  1159 D PHONE   : [ServiceState] setDataRadioTechnology=0
04-14 17:57:57.440  1159  1159 D GsmSST  : [GsmSST] handlPollStateResultMessage: GsmSST setDataRegState=1 regState=2 dataRadioTechnology=0
04-14 17:57:57.441  1159  1159 D GsmSST  : [GsmSST] Poll ServiceState done:  oldSS=[1 1 voice home data home null null null null null null  Unknown Unknown CSS not supported -1 -1 RoamInd=-1 DefRoamInd=-1 EmergOnly=true] newSS=[1 1 voice home data home null null null null null null  Unknown Unknown CSS not supported -1 -1 RoamInd=-1 DefRoamInd=-1 EmergOnly=true] oldMaxDataCalls=20 mNewMaxDataCalls=20 oldReasonDataDenied=-1 mNewReasonDataDenied=-1
04-14 17:57:57.441  1159  1159 D PHONE   : [ServiceState] setNullState=1
04-14 17:57:59.463  1159  1159 D DCT     : [0]onReceive: action=android.intent.action.SCREEN_ON
04-14 17:57:59.463  1159  1159 D DCT     : [0]stopNetStatPoll
04-14 17:57:59.466  1159  1159 D DCT     : [0]overall state is IDLE
04-14 18:00:22.920  1159  1159 D RILJ    : [3895]> SCREEN_STATE: false [SUB0]
04-14 18:00:22.934   188   260 D RILC    : RequestComplete, RIL_SOCKET_1
04-14 18:00:22.934   188   260 E RILC    : Send Response to RIL_SOCKET_1
04-14 18:00:22.935  1159  1282 D RILJ    : [3895]< SCREEN_STATE  [SUB0]
04-14 18:00:22.948   188   266 I RILQ    : (0/188):RIL[0][event] qcril_arb_set_data_sys_status: recvd data_sys_status nw=0x0, rat_mask=0x8000, so_mask=0x0
04-14 18:00:22.948   188   266 I RILQ    : (0/188):RIL[0][event] qcril_arb_set_data_sys_status: recvd data_sys_status nw=0x1, rat_mask=0x0, so_mask=0x0
04-14 18:00:22.949   188   266 I RILQ    : (0/188):RIL[0][event] qcril_qmi_nas_update_data_rte: completed, new drte 0 with confidence 4
04-14 18:00:22.949   188   266 I RILC    : RIL_SOCKET_1 UNSOLICITED: UNSOL_RESPONSE_VOICE_NETWORK_STATE_CHANGED length:8
04-14 18:00:22.949   188   266 E RILC    : Send Response to RIL_SOCKET_1
04-14 18:00:22.950  1159  1282 D RILJ    : [UNSL]< UNSOL_RESPONSE_VOICE_NETWORK_STATE_CHANGED [SUB0]
04-14 18:00:22.951  1159  1159 D RILJ    : [3896]> OPERATOR [SUB0]
04-14 18:00:22.952  1159  1159 D RILJ    : [3897]> DATA_REGISTRATION_STATE [SUB0]
04-14 18:00:22.958   188   266 I RILC    : RIL_SOCKET_1 UNSOLICITED: UNSOL_SIGNAL_STRENGTH length:60
04-14 18:00:22.958   188   266 E RILC    : Send Response to RIL_SOCKET_1
04-14 18:00:22.960  1159  1159 D RILJ    : [3898]> VOICE_REGISTRATION_STATE [SUB0]
04-14 18:00:22.962  1159  1159 D RILJ    : [3899]> QUERY_NETWORK_SELECTION_MODE [SUB0]
04-14 18:00:22.965  1159  1159 D DefaultPhoneNotifier: notifySignalStrength: mRegistry=com.android.internal.telephony.ITelephonyRegistry$Stub$Proxy@c2a7513 ss=SignalStrength: 16 0 -120 -160 -120 -1 -1 99 2147483647 2147483647 2147483647 2147483647 gsm|lte sender=Handler (com.android.internal.telephony.gsm.GSMPhone) {34e1fa76}
04-14 18:00:22.992   188  2840 D RILC    : RequestComplete, RIL_SOCKET_1
04-14 18:00:22.992   188  2840 E RILC    : Send Response to RIL_SOCKET_1
04-14 18:00:22.999  1159  1282 D RILJ    : [3898]< VOICE_REGISTRATION_STATE {13, null, null, 0, null, null, null, 0, null, null, null, null, null, 2, 172} [SUB0]
04-14 18:00:23.002  1159  1159 D PHONE   : [ServiceState] setVoiceRegState=1
04-14 18:00:23.002  1159  1159 E PHONE   : [ServiceState] setState deprecated use setVoiceRegState()
04-14 18:00:23.008   188  2841 D RILC    : RequestComplete, RIL_SOCKET_1
04-14 18:00:23.008   188  2841 E RILC    : Send Response to RIL_SOCKET_1
04-14 18:00:23.009  1159  1282 D RILJ    : [3899]< QUERY_NETWORK_SELECTION_MODE {0} [SUB0]
04-14 18:00:23.014   188  2838 D RILC    : RequestComplete, RIL_SOCKET_1
04-14 18:00:23.014   188  2838 E RILC    : Send Response to RIL_SOCKET_1
04-14 18:00:23.015  1159  1282 D RILJ    : [3896]< OPERATOR {null, null, null} [SUB0]
04-14 18:00:23.021   188  2839 D RILC    : RequestComplete, RIL_SOCKET_1
04-14 18:00:23.021   188  2839 E RILC    : Send Response to RIL_SOCKET_1
04-14 18:00:23.021  1159  1282 D RILJ    : [3897]< DATA_REGISTRATION_STATE {2, null, null, null, 0, 20, null, null, null, null, null} [SUB0]
04-14 18:00:23.023  1159  1159 D PHONE   : [ServiceState] setDataRegState=1
04-14 18:00:23.023  1159  1159 D PHONE   : [ServiceState] setDataRadioTechnology=0
04-14 18:00:23.023  1159  1159 D GsmSST  : [GsmSST] handlPollStateResultMessage: GsmSST setDataRegState=1 regState=2 dataRadioTechnology=0
04-14 18:00:23.024  1159  1159 D GsmSST  : [GsmSST] Poll ServiceState done:  oldSS=[1 1 voice home data home null null null null null null  Unknown Unknown CSS not supported -1 -1 RoamInd=-1 DefRoamInd=-1 EmergOnly=true] newSS=[1 1 voice home data home null null null null null null  Unknown Unknown CSS not supported -1 -1 RoamInd=-1 DefRoamInd=-1 EmergOnly=true] oldMaxDataCalls=20 mNewMaxDataCalls=20 oldReasonDataDenied=-1 mNewReasonDataDenied=-1
04-14 18:00:23.025  1159  1159 D PHONE   : [ServiceState] setNullState=1
04-14 18:00:24.765  1159  1159 D DCT     : [0]onReceive: action=android.intent.action.SCREEN_OFF
04-14 18:00:24.765  1159  1159 D DCT     : [0]stopNetStatPoll
04-14 18:00:24.783  1159  1159 D DCT     : [0]overall state is IDLE
04-14 18:00:31.989  1159  1205 D DCT     : [0]hasMatchedTetherApnSetting: APN=null
04-14 18:00:42.968  1159  1471 D DCT     : [0]hasMatchedTetherApnSetting: APN=null
04-14 18:01:06.807  1159  1159 D RILJ    : [3900]> SCREEN_STATE: true [SUB0]
04-14 18:01:07.241   188   260 D RILC    : RequestComplete, RIL_SOCKET_1
04-14 18:01:07.241   188   260 E RILC    : Send Response to RIL_SOCKET_1
04-14 18:01:07.241  1159  1282 D RILJ    : [3900]< SCREEN_STATE  [SUB0]
04-14 18:01:07.254   188   266 I RILQ    : (0/188):RIL[0][event] qcril_qmi_nas_update_data_rte: completed, new drte 0 with confidence 4
04-14 18:01:07.263   188   266 I RILC    : RIL_SOCKET_1 UNSOLICITED: UNSOL_RESPONSE_VOICE_NETWORK_STATE_CHANGED length:8
04-14 18:01:07.263   188   266 E RILC    : Send Response to RIL_SOCKET_1
04-14 18:01:07.264  1159  1282 D RILJ    : [UNSL]< UNSOL_RESPONSE_VOICE_NETWORK_STATE_CHANGED [SUB0]
04-14 18:01:07.264  1159  1159 D RILJ    : [3901]> OPERATOR [SUB0]
04-14 18:01:07.266  1159  1159 D RILJ    : [3902]> DATA_REGISTRATION_STATE [SUB0]
04-14 18:01:07.268  1159  1159 D RILJ    : [3903]> VOICE_REGISTRATION_STATE [SUB0]
04-14 18:01:07.269  1159  1159 D RILJ    : [3904]> QUERY_NETWORK_SELECTION_MODE [SUB0]
04-14 18:01:07.273   188   530 E RILQ    : (0/188): RIL[0][qmi_cb] get_ecc_property_name: ecc list name : ril.ecclist.
04-14 18:01:07.278   188   266 I RILQ    : (0/188):RIL[0][event] qcril_qmi_nas_evaluate_custom_emergency_numbers_for_card: cur_status 1024, card_state 3
04-14 18:01:07.278   188   266 I RILQ    : (0/188):RIL[0][event] qcril_qmi_nas_evaluate_custom_emergency_numbers_for_card: card_mcc 460, card_mnc 01
04-14 18:01:07.280   188   266 I RILC    : RIL_SOCKET_1 UNSOLICITED: UNSOL_SIGNAL_STRENGTH length:60
04-14 18:01:07.280   188   266 E RILC    : Send Response to RIL_SOCKET_1
04-14 18:01:07.281   188   266 I RILQ    : (0/188):RIL[0][event] qcril_qmi_nas_evaluate_custom_emergency_numbers_for_card: cur_status 1024, card_state 3
04-14 18:01:07.281   188   266 I RILQ    : (0/188):RIL[0][event] qcril_qmi_nas_evaluate_custom_emergency_numbers_for_card: card_mcc 460, card_mnc 01
04-14 18:01:07.284  1159  1159 D DefaultPhoneNotifier: notifySignalStrength: mRegistry=com.android.internal.telephony.ITelephonyRegistry$Stub$Proxy@c2a7513 ss=SignalStrength: 16 0 -120 -160 -120 -1 -1 99 2147483647 2147483647 2147483647 2147483647 gsm|lte sender=Handler (com.android.internal.telephony.gsm.GSMPhone) {34e1fa76}
04-14 18:01:07.347   188 13760 D RILC    : RequestComplete, RIL_SOCKET_1
04-14 18:01:07.347   188 13760 E RILC    : Send Response to RIL_SOCKET_1
04-14 18:01:07.355  1159  1282 D RILJ    : [3901]< OPERATOR {null, null, null} [SUB0]
04-14 18:01:07.361   188 13762 D RILC    : RequestComplete, RIL_SOCKET_1
04-14 18:01:07.361   188 13762 E RILC    : Send Response to RIL_SOCKET_1
04-14 18:01:07.368  1159  1282 D RILJ    : [3903]< VOICE_REGISTRATION_STATE {13, null, null, 0, null, null, null, 0, null, null, null, null, null, 2, 172} [SUB0]
04-14 18:01:07.368  1159  1159 D PHONE   : [ServiceState] setVoiceRegState=1
04-14 18:01:07.369  1159  1159 E PHONE   : [ServiceState] setState deprecated use setVoiceRegState()
04-14 18:01:07.369   188 13775 D RILC    : RequestComplete, RIL_SOCKET_1
04-14 18:01:07.369   188 13775 E RILC    : Send Response to RIL_SOCKET_1
04-14 18:01:07.370  1159  1282 D RILJ    : [3904]< QUERY_NETWORK_SELECTION_MODE {0} [SUB0]
04-14 18:01:07.375   188 13761 D RILC    : RequestComplete, RIL_SOCKET_1
04-14 18:01:07.375   188 13761 E RILC    : Send Response to RIL_SOCKET_1
04-14 18:01:07.376  1159  1282 D RILJ    : [3902]< DATA_REGISTRATION_STATE {2, null, null, null, 0, 20, null, null, null, null, null} [SUB0]
04-14 18:01:07.377  1159  1159 D PHONE   : [ServiceState] setDataRegState=1
04-14 18:01:07.378  1159  1159 D PHONE   : [ServiceState] setDataRadioTechnology=0
04-14 18:01:07.378  1159  1159 D GsmSST  : [GsmSST] handlPollStateResultMessage: GsmSST setDataRegState=1 regState=2 dataRadioTechnology=0
04-14 18:01:07.380  1159  1159 D GsmSST  : [GsmSST] Poll ServiceState done:  oldSS=[1 1 voice home data home null null null null null null  Unknown Unknown CSS not supported -1 -1 RoamInd=-1 DefRoamInd=-1 EmergOnly=true] newSS=[1 1 voice home data home null null null null null null  Unknown Unknown CSS not supported -1 -1 RoamInd=-1 DefRoamInd=-1 EmergOnly=true] oldMaxDataCalls=20 mNewMaxDataCalls=20 oldReasonDataDenied=-1 mNewReasonDataDenied=-1
04-14 18:01:07.380  1159  1159 D PHONE   : [ServiceState] setNullState=1
04-14 18:01:09.054  1159  1159 D DCT     : [0]onReceive: action=android.intent.action.SCREEN_ON
04-14 18:01:09.054  1159  1159 D DCT     : [0]stopNetStatPoll
04-14 18:01:09.056  1159  1159 D DCT     : [0]overall state is IDLE
04-14 18:01:12.878  1159  1205 D PhoneFactory: getPhone:- phoneId != DEFAULT_PHONE_ID return sProxyPhones[phoneId] phoneId=0 phone=Handler (com.android.internal.telephony.PhoneProxy) {3dcfc911}
04-14 18:01:14.282  1159  1471 D PhoneFactory: getPhone:- phoneId != DEFAULT_PHONE_ID return sProxyPhones[phoneId] phoneId=0 phone=Handler (com.android.internal.telephony.PhoneProxy) {3dcfc911}
04-14 18:04:38.583  8296   479 D TelephonyManager: getTelephonyProperty: return propVal='null' phoneId=0 property='gsm.operator.iso-country' defaultVal='' prop=
04-14 18:04:45.009  1159  1204 D PhoneFactory: getPhone:- phoneId != DEFAULT_PHONE_ID return sProxyPhones[phoneId] phoneId=0 phone=Handler (com.android.internal.telephony.PhoneProxy) {3dcfc911}
04-14 18:05:25.051  8296 29127 D TelephonyManager: getTelephonyProperty: return propVal='null' phoneId=0 property='gsm.operator.alpha' defaultVal='' prop=
04-14 18:05:25.849  8296 29127 D TelephonyManager: getTelephonyProperty: return propVal='null' phoneId=0 property='gsm.operator.iso-country' defaultVal='' prop=
04-14 18:14:03.814  8296   479 D TelephonyManager: getTelephonyProperty: return propVal='null' phoneId=0 property='gsm.operator.iso-country' defaultVal='' prop=
04-14 18:17:08.612  8296   479 D TelephonyManager: getTelephonyProperty: return propVal='null' phoneId=0 property='gsm.operator.iso-country' defaultVal='' prop=
04-14 18:17:36.587  8296   479 D TelephonyManager: getTelephonyProperty: return propVal='null' phoneId=0 property='gsm.operator.iso-country' defaultVal='' prop=
04-14 18:18:56.023  1159  1428 D SubscriptionController: [getActiveSubIdList] simInfoSet=[0=1]
04-14 18:18:56.025  1159  1428 D SubscriptionController: [getActiveSubIdList] X subIdArr.length=1
04-14 18:18:57.408  1159  1159 D DCT     : [0]onReceive: action=android.net.wifi.STATE_CHANGE
04-14 18:18:57.410  1159  1159 D DCT     : [0]NETWORK_STATE_CHANGED_ACTION: mIsWifiConnected=true
04-14 18:18:57.437  1159  1159 D DCT     : [0]onReceive: action=android.net.wifi.STATE_CHANGE
04-14 18:18:57.438  1159  1159 D DCT     : [0]NETWORK_STATE_CHANGED_ACTION: mIsWifiConnected=false
04-14 18:18:57.453  1159  1159 D DCT     : [0]onReceive: action=android.net.wifi.STATE_CHANGE
04-14 18:18:57.454  1159  1159 D DCT     : [0]NETWORK_STATE_CHANGED_ACTION: mIsWifiConnected=false
04-14 18:18:58.488  1159  1159 D DCT     : [0]onReceive: action=android.net.wifi.STATE_CHANGE
04-14 18:18:58.488  1159  1159 D DCT     : [0]NETWORK_STATE_CHANGED_ACTION: mIsWifiConnected=false
04-14 18:18:58.614  1159 12990 D SubscriptionController: [getActiveSubIdList] simInfoSet=[0=1]
04-14 18:18:58.616  1159 12990 D SubscriptionController: [getActiveSubIdList] X subIdArr.length=1
04-14 18:18:58.943  1159  1205 D SubscriptionController: [getActiveSubIdList] simInfoSet=[0=1]
04-14 18:18:58.945  1159  1205 D SubscriptionController: [getActiveSubIdList] X subIdArr.length=1
04-14 18:18:58.949  1159  1204 D SubscriptionController: [getActiveSubIdList] simInfoSet=[0=1]
04-14 18:18:58.951  1159  1204 D SubscriptionController: [getActiveSubIdList] X subIdArr.length=1
04-14 18:18:58.956  1159  1338 D SubscriptionController: [getActiveSubIdList] simInfoSet=[0=1]
04-14 18:18:58.957  1159  1338 D SubscriptionController: [getActiveSubIdList] X subIdArr.length=1
04-14 18:18:59.141  1159 12990 D SubscriptionController: [getActiveSubIdList] simInfoSet=[0=1]
04-14 18:18:59.143  1159 12990 D SubscriptionController: [getActiveSubIdList] X subIdArr.length=1
04-14 18:18:59.147  1159  1338 D SubscriptionController: [getActiveSubIdList] simInfoSet=[0=1]
04-14 18:18:59.149  1159  1338 D SubscriptionController: [getActiveSubIdList] X subIdArr.length=1
04-14 18:18:59.209  1159  1205 D SubscriptionController: [getActiveSubIdList] simInfoSet=[0=1]
04-14 18:18:59.211  1159  1205 D SubscriptionController: [getActiveSubIdList] X subIdArr.length=1
04-14 18:18:59.298  1159  1159 D DctController: [TNF 1]Cellular needs Network for NetworkRequest [ id=1, legacyType=-1, [ Capabilities: INTERNET&NOT_RESTRICTED&TRUSTED&NOT_VPN] ]
04-14 18:18:59.299  1159  1159 D DctController: requestNetwork request=NetworkRequest [ id=1, legacyType=-1, [ Capabilities: INTERNET&NOT_RESTRICTED&TRUSTED&NOT_VPN] ], priority=0
04-14 18:18:59.299  1159  1159 D DctController: processRequests
04-14 18:18:59.299  1159  1159 D DctController: handleMessage msg={ when=0 what=100 target=com.android.internal.telephony.dataconnection.DctController }
04-14 18:18:59.300  1159  1159 D DctController: selectExecPhone requestInfo = [ request=NetworkRequest [ id=1, legacyType=-1, [ Capabilities: INTERNET&NOT_RESTRICTED&TRUSTED&NOT_VPN] ], executed=false, priority=0]
04-14 18:18:59.302  1159  1159 D DctController: getTopPriorityRequestPhoneId = 0, priority = 0
04-14 18:18:59.303  1159  1159 D DcSwitchAsyncChannel: [DcSwitchAsyncChannel-0]: rspIsIdle=false
04-14 18:18:59.303  1159  1159 D DctController: onProcessRequest phoneId=0, activePhoneId=0
04-14 18:18:59.303  1159  1331 D DcSwitchSM: [DcSwitchStateMachine-0] AttachingState: REQ_CONNECT
04-14 18:18:59.303  1159  1331 D RILJ    : [3905]> RIL_REQUEST_ALLOW_DATA [SUB0]
04-14 18:18:59.305   188   260 D RILC    : RequestComplete, RIL_SOCKET_1
04-14 18:18:59.305   188   260 E RILC    : Send Response to RIL_SOCKET_1
04-14 18:18:59.306  1159  1282 D RilRequest: [3905]< RIL_REQUEST_ALLOW_DATA error: com.android.internal.telephony.CommandException: REQUEST_NOT_SUPPORTED ret=
04-14 18:18:59.307  1159  1159 D DcSwitchAsyncChannel: [DcSwitchAsyncChannel-0]: rspConnect=1
04-14 18:19:01.262  1159  1428 D PhoneFactory: getPhone:- phoneId != DEFAULT_PHONE_ID return sProxyPhones[phoneId] phoneId=0 phone=Handler (com.android.internal.telephony.PhoneProxy) {3dcfc911}
04-14 18:19:01.269  1159  1428 D DCT     : [0]getDataEnabled: getIntWithSubId retVal=true
04-14 18:19:03.702  1159  1338 D PhoneFactory: getPhone:- phoneId != DEFAULT_PHONE_ID return sProxyPhones[phoneId] phoneId=0 phone=Handler (com.android.internal.telephony.PhoneProxy) {3dcfc911}
04-14 18:19:03.702  1159  1338 D DCT     : [0]getDataEnabled: getIntWithSubId retVal=true
04-14 18:19:06.004  1159  1204 D PhoneFactory: getPhone:- phoneId != DEFAULT_PHONE_ID return sProxyPhones[phoneId] phoneId=0 phone=Handler (com.android.internal.telephony.PhoneProxy) {3dcfc911}
04-14 18:19:06.004  1159  1204 D DCT     : [0]getDataEnabled: getIntWithSubId retVal=true
04-14 18:19:08.710  1159  1159 D DCT     : [0]onReceive: action=android.net.wifi.STATE_CHANGE
04-14 18:19:08.711  1159  1159 D DCT     : [0]NETWORK_STATE_CHANGED_ACTION: mIsWifiConnected=false
04-14 18:19:08.752  1159  1159 D DCT     : [0]onReceive: action=android.net.wifi.STATE_CHANGE
04-14 18:19:08.752  1159  1159 D DCT     : [0]NETWORK_STATE_CHANGED_ACTION: mIsWifiConnected=false
04-14 18:19:11.610  1159  1159 D DCT     : [0]onReceive: action=android.net.wifi.STATE_CHANGE
04-14 18:19:11.611  1159  1159 D DCT     : [0]NETWORK_STATE_CHANGED_ACTION: mIsWifiConnected=false
04-14 18:19:11.633  1159  1159 D DCT     : [0]onReceive: action=android.net.wifi.STATE_CHANGE
04-14 18:19:11.634  1159  1159 D DCT     : [0]NETWORK_STATE_CHANGED_ACTION: mIsWifiConnected=false
04-14 18:19:11.810  1159  1159 D DCT     : [0]onReceive: action=android.net.wifi.STATE_CHANGE
04-14 18:19:11.811  1159  1159 D DCT     : [0]NETWORK_STATE_CHANGED_ACTION: mIsWifiConnected=false
04-14 18:19:11.835  1159  1159 D DCT     : [0]onReceive: action=android.net.wifi.STATE_CHANGE
04-14 18:19:11.836  1159  1159 D DCT     : [0]NETWORK_STATE_CHANGED_ACTION: mIsWifiConnected=false
04-14 18:19:11.991  1159  1159 D DCT     : [0]onReceive: action=android.net.wifi.STATE_CHANGE
04-14 18:19:11.992  1159  1159 D DCT     : [0]NETWORK_STATE_CHANGED_ACTION: mIsWifiConnected=false
04-14 18:19:12.139  1159  1471 D PhoneFactory: getPhone:- phoneId != DEFAULT_PHONE_ID return sProxyPhones[phoneId] phoneId=0 phone=Handler (com.android.internal.telephony.PhoneProxy) {3dcfc911}
04-14 18:19:12.139  1159  1471 D DCT     : [0]getDataEnabled: getIntWithSubId retVal=true
04-14 18:19:13.222  1159  1159 D DCT     : [0]onReceive: action=android.net.wifi.STATE_CHANGE
04-14 18:19:13.222  1159  1159 D DCT     : [0]NETWORK_STATE_CHANGED_ACTION: mIsWifiConnected=false
04-14 18:19:13.248  1159  1159 D DCT     : [0]onReceive: action=android.net.wifi.STATE_CHANGE
04-14 18:19:13.249  1159  1159 D DCT     : [0]NETWORK_STATE_CHANGED_ACTION: mIsWifiConnected=false
04-14 18:19:13.699  1159  1205 D PhoneFactory: getPhone:- phoneId != DEFAULT_PHONE_ID return sProxyPhones[phoneId] phoneId=0 phone=Handler (com.android.internal.telephony.PhoneProxy) {3dcfc911}
04-14 18:19:14.391  1159  1159 D DCT     : [0]onReceive: action=android.net.wifi.STATE_CHANGE
04-14 18:19:14.391  1159  1159 D DCT     : [0]NETWORK_STATE_CHANGED_ACTION: mIsWifiConnected=false
04-14 18:19:14.417  1159  1159 D DCT     : [0]onReceive: action=android.net.wifi.STATE_CHANGE
04-14 18:19:14.417  1159  1159 D DCT     : [0]NETWORK_STATE_CHANGED_ACTION: mIsWifiConnected=false
04-14 18:19:14.546  1159  1159 D DCT     : [0]onReceive: action=android.net.wifi.STATE_CHANGE
04-14 18:19:14.547  1159  1159 D DCT     : [0]NETWORK_STATE_CHANGED_ACTION: mIsWifiConnected=false
04-14 18:19:15.691  1159  1205 D DCT     : [0]getDataEnabled: getIntWithSubId retVal=true
04-14 18:19:22.721  1159  1159 D DCT     : [0]onReceive: action=android.net.wifi.STATE_CHANGE
04-14 18:19:22.723  1159  1159 D DCT     : [0]NETWORK_STATE_CHANGED_ACTION: mIsWifiConnected=false
04-14 18:19:22.788  1159  1159 D DCT     : [0]onReceive: action=android.net.wifi.STATE_CHANGE
04-14 18:19:22.795  1159  1159 D DCT     : [0]NETWORK_STATE_CHANGED_ACTION: mIsWifiConnected=false
04-14 18:19:22.841  1159  1159 D DCT     : [0]onReceive: action=android.net.wifi.STATE_CHANGE
04-14 18:19:22.843  1159  1159 D DCT     : [0]NETWORK_STATE_CHANGED_ACTION: mIsWifiConnected=true
04-14 18:19:23.367  1159  1471 D SubscriptionController: [getActiveSubIdList] simInfoSet=[0=1]
04-14 18:19:23.369  1159  1471 D SubscriptionController: [getActiveSubIdList] X subIdArr.length=1
04-14 18:19:23.370  1159  1159 D DCT     : [0]onReceive: action=android.net.wifi.STATE_CHANGE
04-14 18:19:23.373  1159  1159 D DCT     : [0]NETWORK_STATE_CHANGED_ACTION: mIsWifiConnected=true
04-14 18:19:24.029  1159  1471 D SubscriptionController: [getActiveSubIdList] simInfoSet=[0=1]
04-14 18:19:24.032  1159  1471 D SubscriptionController: [getActiveSubIdList] X subIdArr.length=1
04-14 18:19:24.041  1159  1204 D SubscriptionController: [getActiveSubIdList] simInfoSet=[0=1]
04-14 18:19:24.043  1159  1204 D SubscriptionController: [getActiveSubIdList] X subIdArr.length=1
04-14 18:19:24.048  1159  1338 D SubscriptionController: [getActiveSubIdList] simInfoSet=[0=1]
04-14 18:19:24.049  1159  1338 D SubscriptionController: [getActiveSubIdList] X subIdArr.length=1
04-14 18:19:24.055  1159  1205 D SubscriptionController: [getActiveSubIdList] simInfoSet=[0=1]
04-14 18:19:24.057  1159  1205 D SubscriptionController: [getActiveSubIdList] X subIdArr.length=1
04-14 18:19:24.392  1159  1159 D DctController: [TNF 1]Cellular releasing Network for NetworkRequest [ id=1, legacyType=-1, [ Capabilities: INTERNET&NOT_RESTRICTED&TRUSTED&NOT_VPN] ]
04-14 18:19:24.394  1159  1159 D DctController: releaseNetwork request=NetworkRequest [ id=1, legacyType=-1, [ Capabilities: INTERNET&NOT_RESTRICTED&TRUSTED&NOT_VPN] ], requestInfo=[ request=NetworkRequest [ id=1, legacyType=-1, [ Capabilities: INTERNET&NOT_RESTRICTED&TRUSTED&NOT_VPN] ], executed=false, priority=0]
04-14 18:19:24.394  1159  1159 D DctController: releaseRequest, request= [ request=NetworkRequest [ id=1, legacyType=-1, [ Capabilities: INTERNET&NOT_RESTRICTED&TRUSTED&NOT_VPN] ], executed=false, priority=0]
04-14 18:19:24.394  1159  1159 D DctController: processRequests
04-14 18:19:24.395  1159  1159 D DctController: handleMessage msg={ when=0 what=103 obj=[ request=NetworkRequest [ id=1, legacyType=-1, [ Capabilities: INTERNET&NOT_RESTRICTED&TRUSTED&NOT_VPN] ], executed=false, priority=0] target=com.android.internal.telephony.dataconnection.DctController }
04-14 18:19:24.396  1159  1159 D DctController: onReleaseRequest request=[ request=NetworkRequest [ id=1, legacyType=-1, [ Capabilities: INTERNET&NOT_RESTRICTED&TRUSTED&NOT_VPN] ], executed=false, priority=0]
04-14 18:19:24.397  1159  1159 D DctController: handleMessage msg={ when=-2ms what=100 target=com.android.internal.telephony.dataconnection.DctController }
04-14 18:19:24.397  1159  1159 D DctController: getTopPriorityRequestPhoneId = 0, priority = -1
04-14 18:19:24.405  1159  1159 D DcSwitchAsyncChannel: [DcSwitchAsyncChannel-0]: rspIsIdle=false
04-14 18:19:24.406  1159  1159 D DctController: onProcessRequest phoneId=0, activePhoneId=0
04-14 18:19:25.615  1159  1471 D PhoneFactory: getPhone:- phoneId != DEFAULT_PHONE_ID return sProxyPhones[phoneId] phoneId=0 phone=Handler (com.android.internal.telephony.PhoneProxy) {3dcfc911}
04-14 18:19:25.616  1159  1471 D DCT     : [0]getDataEnabled: getIntWithSubId retVal=true
04-14 18:19:31.739  1159  1428 D PhoneFactory: getPhone:- phoneId != DEFAULT_PHONE_ID return sProxyPhones[phoneId] phoneId=0 phone=Handler (com.android.internal.telephony.PhoneProxy) {3dcfc911}
04-14 18:19:31.739  1159  1428 D DCT     : [0]getDataEnabled: getIntWithSubId retVal=true
04-14 18:19:33.342  1159 12990 D PhoneFactory: getPhone:- phoneId != DEFAULT_PHONE_ID return sProxyPhones[phoneId] phoneId=0 phone=Handler (com.android.internal.telephony.PhoneProxy) {3dcfc911}
04-14 18:19:33.342  1159 12990 D DCT     : [0]getDataEnabled: getIntWithSubId retVal=true
04-14 18:22:32.637  1159  1428 D PhoneFactory: getPhone:- phoneId != DEFAULT_PHONE_ID return sProxyPhones[phoneId] phoneId=0 phone=Handler (com.android.internal.telephony.PhoneProxy) {3dcfc911}
04-14 18:22:32.637  1159  1428 D DCT     : [0]getDataEnabled: getIntWithSubId retVal=true
04-14 18:26:20.101  8296   479 D TelephonyManager: getTelephonyProperty: return propVal='null' phoneId=0 property='gsm.operator.iso-country' defaultVal='' prop=
04-14 18:27:31.444  1159 12990 D SubscriptionController: [getPhoneId] asked for default subId=1
