08-10 05:12:04.899  1159  1282 D RILJ    : [3704]< QUERY_NETWORK_SELECTION_MODE {0} [SUB0]
08-10 05:12:04.899  1159  1159 D SubscriptionInfoUpdater: Ignoring simStatus: READY
08-10 05:12:04.899  1159  1159 D SubscriptionInfoUpdater: [Receiver]-
08-10 05:12:04.899  1159  1159 D UiccCarrierPrivilegeRules: EVENT_OPEN_LOGICAL_CHANNEL_DONE
08-10 05:12:04.899  1159  1159 E UiccCarrierPrivilegeRules: Error opening channel
08-10 05:12:04.899   188  1434 I RILQ    : (0/188):RIL[0][cmd-20(864)] qcril_qmi_nas_update_data_rte: completed, new drte 0 with confidence 4
08-10 05:12:04.900  1159  1159 D DctController: handleMessage msg={ when=-103ms what=100 target=com.android.internal.telephony.dataconnection.DctController }
08-10 05:12:04.900  1159  1159 D DctController: getTopPriorityRequestPhoneId = 0, priority = -1
08-10 05:12:04.900  1159  1159 D DcSwitchAsyncChannel: [DcSwitchAsyncChannel-0]: rspIsIdle=true
08-10 05:12:04.900  1159  1159 D DctController: onProcessRequest phoneId=0, activePhoneId=-1
08-10 05:12:04.901  1159  1159 D RILJ    : [3705]> iccIO: SIM_IO 0xb0 0x2fe2  path: 3F00,0,0,10 aid: a0000000871002ff86ffff89ffffffff [SUB0]
08-10 05:12:04.901   188  1434 D RILC    : RequestComplete, RIL_SOCKET_1
08-10 05:12:04.901   188  1434 E RILC    : Send Response to RIL_SOCKET_1
08-10 05:12:04.903  1159  1282 D RILJ    : [3703]< VOICE_REGISTRATION_STATE {2, null, null, 0, null, null, null, 0, null, null, null, null, null, 0, null} [SUB0]
08-10 05:12:04.904   188  1433 D RILC    : RequestComplete, RIL_SOCKET_1
08-10 05:12:04.904   188  1433 E RILC    : Send Response to RIL_SOCKET_1
08-10 05:12:04.904  1159  1159 D RILJ    : [3706]> iccIO: SIM_IO 0xb2 0x6f40  path: 3F007FFF,1,4,28 aid: a0000000871002ff86ffff89ffffffff [SUB0]
08-10 05:12:04.904  1159  1282 D RILJ    : [3702]< DATA_REGISTRATION_STATE {0, null, null, null, 0, 20, null, 446, 2929439, null, null} [SUB0]
08-10 05:12:04.906  1159  1159 D SubscriptionController: [getSubId]- mSlotIdToSubIdMap.size == 0, return DummySubIds slotIdx=0
08-10 05:12:04.906  1159  1159 D SubscriptionController: getDummySubIds: slotIdx=0 return 1 DummySubIds with each subId=-2
08-10 05:12:04.906  1159  1159 D IccCardProxy: broadcastIccStateChangedIntent intent ACTION_SIM_STATE_CHANGED value=IMSI reason=null for mPhoneId=0
08-10 05:12:04.909   188   266 D RILC    : RequestComplete, RIL_SOCKET_1
08-10 05:12:04.909   188   266 E RILC    : Send Response to RIL_SOCKET_1
08-10 05:12:04.910   188   266 D RILC    : RequestComplete, RIL_SOCKET_1
08-10 05:12:04.911   188   266 E RILC    : Send Response to RIL_SOCKET_1
08-10 05:12:04.911  1159  1282 D RILJ    : [3686]< SIM_IO IccIoResponse sw1:0x90 sw2:0x0 [SUB0]
08-10 05:12:04.911  1159  1282 D RilRequest: [3687]< SIM_IO error: com.android.internal.telephony.CommandException: GENERIC_FAILURE ret=IccIoResponse sw1:0x94 sw2:0x4
08-10 05:12:04.915  1159  1159 D PHONE   : [ServiceState] setVoiceRegState=1
08-10 05:12:04.915  1159  1159 E PHONE   : [ServiceState] setState deprecated use setVoiceRegState()
08-10 05:12:04.915  1159  1159 D PHONE   : [ServiceState] setDataRegState=1
08-10 05:12:04.915  1159  1159 D PHONE   : [ServiceState] setDataRadioTechnology=0
08-10 05:12:04.915  1159  1159 D GsmSST  : [GsmSST] handlPollStateResultMessage: GsmSST setDataRegState=1 regState=0 dataRadioTechnology=0
08-10 05:12:04.917   708   772 D TelephonyManager: getSimOperatorNumeric(): default subId=1
08-10 05:12:04.917  1159  1159 D GsmSST  : [GsmSST] Poll ServiceState done:  oldSS=[1 1 voice home data home null null null null null null  Unknown Unknown CSS not supported -1 -1 RoamInd=-1 DefRoamInd=-1 EmergOnly=false] newSS=[1 1 voice home data home null null null null null null  Unknown Unknown CSS not supported -1 -1 RoamInd=-1 DefRoamInd=-1 EmergOnly=false] oldMaxDataCalls=20 mNewMaxDataCalls=20 oldReasonDataDenied=-1 mNewReasonDataDenied=-1
08-10 05:12:04.917  1159  1159 D PHONE   : [ServiceState] setNullState=1
08-10 05:12:04.918  1159  1159 D RILJ    : [3707]> iccIO: SIM_IO 0xc0 0x6f17  path: 3F007FFF,0,0,15 aid: a0000000871002ff86ffff89ffffffff [SUB0]
08-10 05:12:04.918  1159  1428 D SubscriptionController: [getPhoneId]- no sims, returning default phoneId=2147483647
08-10 05:12:04.919  1159  1159 D SIMRecords: [SIMRecords] onRecordLoaded 17 requested: true
08-10 05:12:04.920  1159  1159 D RILJ    : [3708]> iccIO: SIM_IO 0xb0 0x6fad  path: 3F007FFF,0,0,4 aid: a0000000871002ff86ffff89ffffffff [SUB0]
08-10 05:12:04.921  1159  1159 D SubscriptionInfoUpdater: [Receiver]+
08-10 05:12:04.921  1159  1159 D SubscriptionInfoUpdater: Action: android.intent.action.SIM_STATE_CHANGED
08-10 05:12:04.922  1159  1159 D SubscriptionInfoUpdater: slotId: 0
08-10 05:12:04.922  1159  1159 D SubscriptionInfoUpdater: simStatus: IMSI
08-10 05:12:04.922  1159  1159 D SubscriptionInfoUpdater: Ignoring simStatus: IMSI
08-10 05:12:04.922  1159  1159 D SubscriptionInfoUpdater: [Receiver]-
08-10 05:12:04.922  1159  1159 D SIMRecords: [SIMRecords] EF_MWIS : null
08-10 05:12:04.922  1159  1159 D SIMRecords: [SIMRecords] EVENT_GET_MWIS_DONE exception = com.android.internal.telephony.CommandException: GENERIC_FAILURE
08-10 05:12:04.923  1159  1159 D SIMRecords: [SIMRecords] onRecordLoaded 16 requested: true
08-10 05:12:04.925   708   772 D TelephonyManager: getTelephonyProperty: return propVal='null' phoneId=2147483647 property='gsm.sim.operator.numeric' defaultVal='' prop=
08-10 05:12:04.937   188   266 D RILC    : RequestComplete, RIL_SOCKET_1
08-10 05:12:04.937   188   266 E RILC    : Send Response to RIL_SOCKET_1
08-10 05:12:04.938  1159  1282 D RilRequest: [3688]< SIM_IO error: com.android.internal.telephony.CommandException: GENERIC_FAILURE ret=IccIoResponse sw1:0x6a sw2:0x82
08-10 05:12:04.938  1159  1159 D SIMRecords: [SIMRecords] EF_CPHS_MWI: null
08-10 05:12:04.939  1159  1159 D SIMRecords: [SIMRecords] EVENT_GET_VOICE_MAIL_INDICATOR_CPHS_DONE exception = com.android.internal.telephony.CommandException: GENERIC_FAILURE
08-10 05:12:04.939  1159  1159 D SIMRecords: [SIMRecords] onRecordLoaded 15 requested: true
08-10 05:12:04.941   188   266 D RILC    : RequestComplete, RIL_SOCKET_1
08-10 05:12:04.941   188   266 E RILC    : Send Response to RIL_SOCKET_1
08-10 05:12:04.941  1159  1282 D RilRequest: [3689]< SIM_IO error: com.android.internal.telephony.CommandException: GENERIC_FAILURE ret=IccIoResponse sw1:0x94 sw2:0x4
08-10 05:12:04.942  1159  1159 D SIMRecords: [SIMRecords] onRecordLoaded 14 requested: true
08-10 05:12:04.964   188   266 D RILC    : RequestComplete, RIL_SOCKET_1
08-10 05:12:04.964   188   266 E RILC    : Send Response to RIL_SOCKET_1
08-10 05:12:04.964  1159  1282 D RilRequest: [3690]< SIM_IO error: com.android.internal.telephony.CommandException: GENERIC_FAILURE ret=IccIoResponse sw1:0x6a sw2:0x82
08-10 05:12:04.965  1159  1159 D SIMRecords: [SIMRecords] onRecordLoaded 13 requested: true
08-10 05:12:04.981   188   266 D RILC    : RequestComplete, RIL_SOCKET_1
08-10 05:12:04.981   188   266 E RILC    : Send Response to RIL_SOCKET_1
08-10 05:12:04.982  1159  1282 D RILJ    : [3691]< SIM_IO IccIoResponse sw1:0x90 sw2:0x0 [SUB0]
08-10 05:12:04.983  1159  1159 D RILJ    : [3709]> iccIO: SIM_IO 0xb0 0x6f46  path: 3F007FFF,0,0,17 aid: a0000000871002ff86ffff89ffffffff [SUB0]
08-10 05:12:05.010   188   266 D RILC    : RequestComplete, RIL_SOCKET_1
08-10 05:12:05.010   188   266 E RILC    : Send Response to RIL_SOCKET_1
08-10 05:12:05.011  1159  1282 D RilRequest: [3692]< SIM_IO error: com.android.internal.telephony.CommandException: GENERIC_FAILURE ret=IccIoResponse sw1:0x6a sw2:0x82
08-10 05:12:05.011  1159  1159 D SIMRecords: [SIMRecords] onRecordLoaded 12 requested: true
08-10 05:12:05.027   188   266 D RILC    : RequestComplete, RIL_SOCKET_1
08-10 05:12:05.027   188   266 E RILC    : Send Response to RIL_SOCKET_1
08-10 05:12:05.028  1159  1282 D RILJ    : [3693]< SIM_IO IccIoResponse sw1:0x90 sw2:0x0 [SUB0]
08-10 05:12:05.028  1159  1159 D RILJ    : [3710]> iccIO: SIM_IO 0xb2 0x6fc5  path: 3F007FFF,1,4,14 aid: a0000000871002ff86ffff89ffffffff [SUB0]
08-10 05:12:05.066  1159  1204 D DCT     : [0]hasMatchedTetherApnSetting: APN=null
08-10 05:12:05.075  1159  1205 D DCT     : [0]hasMatchedTetherApnSetting: APN=null
08-10 05:12:05.076   188   266 D RILC    : RequestComplete, RIL_SOCKET_1
08-10 05:12:05.076   188   266 E RILC    : Send Response to RIL_SOCKET_1
08-10 05:12:05.077  1159  1282 D RILJ    : [3694]< SIM_IO IccIoResponse sw1:0x90 sw2:0x0 [SUB0]
08-10 05:12:05.078   188   266 D RILC    : RequestComplete, RIL_SOCKET_1
08-10 05:12:05.078   188   266 E RILC    : Send Response to RIL_SOCKET_1
08-10 05:12:05.078  1159  1159 D RILJ    : [3711]> iccIO: SIM_IO 0xb0 0x6f38  path: 3F007FFF,0,0,10 aid: a0000000871002ff86ffff89ffffffff [SUB0]
08-10 05:12:05.080  1159  1282 D RILJ    : [3708]< SIM_IO IccIoResponse sw1:0x90 sw2:0x0 [SUB0]
08-10 05:12:05.081  1159  1159 D SIMRecords: [SIMRecords] EF_AD: 00000002
08-10 05:12:05.081  1159  1159 D SIMRecords: [SIMRecords] setting4 mMncLength=2
08-10 05:12:05.082  1159  1159 D SIMRecords: [SIMRecords] mccmncCode=460011
08-10 05:12:05.082  1159  1159 D SIMRecords: [SIMRecords] update mccmnc=46001
08-10 05:12:05.094  1159  1159 D TelephonyManager: getSimOperatorNumeric(): default subId=1
08-10 05:12:05.094  1159  1159 D SubscriptionController: [getPhoneId]- no sims, returning default phoneId=2147483647
08-10 05:12:05.097  1159  1159 D TelephonyManager: getTelephonyProperty: return propVal='null' phoneId=2147483647 property='gsm.sim.operator.numeric' defaultVal='' prop=
08-10 05:12:05.105   188   266 D RILC    : RequestComplete, RIL_SOCKET_1
08-10 05:12:05.105   188   266 E RILC    : Send Response to RIL_SOCKET_1
08-10 05:12:05.106  1159  1282 D RilRequest: [3695]< SIM_IO error: com.android.internal.telephony.CommandException: GENERIC_FAILURE ret=IccIoResponse sw1:0x6a sw2:0x82
08-10 05:12:05.128  1159  1159 D SIMRecords: [SIMRecords] onRecordLoaded 11 requested: true
08-10 05:12:05.132   188   266 D RILC    : RequestComplete, RIL_SOCKET_1
08-10 05:12:05.133   188   266 E RILC    : Send Response to RIL_SOCKET_1
08-10 05:12:05.134  1159  1282 D RilRequest: [3696]< SIM_IO error: com.android.internal.telephony.CommandException: GENERIC_FAILURE ret=IccIoResponse sw1:0x6a sw2:0x82
08-10 05:12:05.134  1159  1159 D SIMRecords: [SIMRecords] onRecordLoaded 10 requested: true
08-10 05:12:05.137  1159  1159 E SIMRecords: [SIMRecords] Exception in fetching EF_CSP data com.android.internal.telephony.CommandException: GENERIC_FAILURE
08-10 05:12:05.137  1159  1159 D SIMRecords: [SIMRecords] onRecordLoaded 9 requested: true
08-10 05:12:05.143  1159  1428 D DCT     : [0]hasMatchedTetherApnSetting: APN=null
08-10 05:12:05.150   188   266 D RILC    : RequestComplete, RIL_SOCKET_1
08-10 05:12:05.151   188   266 E RILC    : Send Response to RIL_SOCKET_1
08-10 05:12:05.152  1159  1282 D RILJ    : [3697]< SIM_IO IccIoResponse sw1:0x90 sw2:0x0 [SUB0]
08-10 05:12:05.153  1159  1159 D RILJ    : [3712]> iccIO: SIM_IO 0xb0 0x6f3e  path: 3F007FFF,0,0,1 aid: a0000000871002ff86ffff89ffffffff [SUB0]
08-10 05:12:05.196   188   266 D RILC    : RequestComplete, RIL_SOCKET_1
08-10 05:12:05.196   188   266 E RILC    : Send Response to RIL_SOCKET_1
08-10 05:12:05.197  1159  1282 D RILJ    : [3698]< SIM_IO IccIoResponse sw1:0x90 sw2:0x0 [SUB0]
08-10 05:12:05.198  1159  1159 D RILJ    : [3713]> iccIO: SIM_IO 0xb0 0x6f05  path: 3F007FFF,0,0,4 aid: a0000000871002ff86ffff89ffffffff [SUB0]
08-10 05:12:05.244   188   266 D RILC    : RequestComplete, RIL_SOCKET_1
08-10 05:12:05.245   188   266 E RILC    : Send Response to RIL_SOCKET_1
08-10 05:12:05.248  1159  1282 D RILJ    : [3699]< SIM_IO IccIoResponse sw1:0x90 sw2:0x0 [SUB0]
08-10 05:12:05.249   188   266 D RILC    : RequestComplete, RIL_SOCKET_1
08-10 05:12:05.249   188   266 E RILC    : Send Response to RIL_SOCKET_1
08-10 05:12:05.251  1159  1159 D RILJ    : [3714]> iccIO: SIM_IO 0xb0 0x2f05  path: 3F00,0,0,4 aid: a0000000871002ff86ffff89ffffffff [SUB0]
08-10 05:12:05.253  1159  1282 D RILJ    : [3705]< SIM_IO IccIoResponse sw1:0x90 sw2:0x0 [SUB0]
08-10 05:12:05.256  1159  1159 D SIMRecords: [SIMRecords] iccid: 89860115921101579076
08-10 05:12:05.256  1159  1159 D SIMRecords: [SIMRecords] onRecordLoaded 8 requested: true
08-10 05:12:05.286   188   266 D RILC    : RequestComplete, RIL_SOCKET_1
08-10 05:12:05.287   188   266 E RILC    : Send Response to RIL_SOCKET_1
08-10 05:12:05.288  1159  1282 D RILJ    : [3706]< SIM_IO IccIoResponse sw1:0x90 sw2:0x0 [SUB0]
08-10 05:12:05.302   188   266 D RILC    : RequestComplete, RIL_SOCKET_1
08-10 05:12:05.302   188   266 E RILC    : Send Response to RIL_SOCKET_1
08-10 05:12:05.303  1159  1282 D RilRequest: [3707]< SIM_IO error: com.android.internal.telephony.CommandException: GENERIC_FAILURE ret=IccIoResponse sw1:0x6a sw2:0x82
08-10 05:12:05.304   188   266 D RILC    : RequestComplete, RIL_SOCKET_1
08-10 05:12:05.304   188   266 E RILC    : Send Response to RIL_SOCKET_1
08-10 05:12:05.304  1159  1282 D RILJ    : [3709]< SIM_IO IccIoResponse sw1:0x90 sw2:0x0 [SUB0]
08-10 05:12:05.305   188   266 D RILC    : RequestComplete, RIL_SOCKET_1
08-10 05:12:05.305   188   266 E RILC    : Send Response to RIL_SOCKET_1
08-10 05:12:05.315  1159  1282 D RILJ    : [3710]< SIM_IO IccIoResponse sw1:0x90 sw2:0x0 [SUB0]
08-10 05:12:05.324   188   266 D RILC    : RequestComplete, RIL_SOCKET_1
08-10 05:12:05.324   188   266 E RILC    : Send Response to RIL_SOCKET_1
08-10 05:12:05.325  1159  1282 D RILJ    : [3711]< SIM_IO IccIoResponse sw1:0x90 sw2:0x0 [SUB0]
08-10 05:12:05.325   188   266 D RILC    : RequestComplete, RIL_SOCKET_1
08-10 05:12:05.325   188   266 E RILC    : Send Response to RIL_SOCKET_1
08-10 05:12:05.326  1159  1282 D RILJ    : [3712]< SIM_IO IccIoResponse sw1:0x90 sw2:0x0 [SUB0]
08-10 05:12:05.327   188   266 D RILC    : RequestComplete, RIL_SOCKET_1
08-10 05:12:05.327   188   266 E RILC    : Send Response to RIL_SOCKET_1
08-10 05:12:05.327  1159  1282 D RILJ    : [3713]< SIM_IO IccIoResponse sw1:0x90 sw2:0x0 [SUB0]
08-10 05:12:05.328   188   266 D RILC    : RequestComplete, RIL_SOCKET_1
08-10 05:12:05.328   188   266 E RILC    : Send Response to RIL_SOCKET_1
08-10 05:12:05.329  1159  1282 D RILJ    : [3714]< SIM_IO IccIoResponse sw1:0x90 sw2:0x0 [SUB0]
08-10 05:12:05.333  1159  1159 D SIMRecords: [SIMRecords] MSISDN: xxxxxxx
08-10 05:12:05.334  1159  1159 D SIMRecords: [SIMRecords] onRecordLoaded 7 requested: true
08-10 05:12:05.335  1159  1159 D SIMRecords: [SIMRecords] getServiceProviderName: no brandOverride
08-10 05:12:05.335  1159  1159 D SIMRecords: [SIMRecords] getServiceProviderName: providerName=
08-10 05:12:05.335  1159  1159 D SIMRecords: [SIMRecords] Load EF_SPN:  spnDisplayCondition: 0
08-10 05:12:05.336  1159  1159 D SIMRecords: [SIMRecords] getServiceProviderName: no brandOverride
08-10 05:12:05.336  1159  1159 D SIMRecords: [SIMRecords] getServiceProviderName: providerName=
08-10 05:12:05.336  1159  1159 D TelephonyManager: setTelephonyProperty: success phoneId=0 property=gsm.sim.operator.alpha value:  propVal=
08-10 05:12:05.340  1159  1159 D SIMRecords: [SIMRecords] onRecordLoaded 6 requested: true
08-10 05:12:05.341  1159  1159 D SIMRecords: [SIMRecords] onRecordLoaded 5 requested: true
08-10 05:12:05.344  1159  1159 D SIMRecords: [SIMRecords] SST: UsimServiceTable[80]={ FDN, FDN_EXTENSION, SDN, SDN_EXTENSION, OUTGOING_CALL_INFO, INCOMING_CALL_INFO, SM_STORAGE, SM_STATUS_REPORTS, SM_SERVICE_PARAMS, ADVICE_OF_CHARGE, CAP_CONFIG_PARAMS_2, CB_MESSAGE_ID, CB_MESSAGE_ID_RANGES, GROUP_ID_LEVEL_1, GROUP_ID_LEVEL_2, SPN, USER_PLMN_SELECT, MSISDN, IMAGE, EMLPP, EMLPP_AUTO_ANSWER, GSM_ACCESS, DATA_DL_VIA_SMS_PP, DATA_DL_VIA_SMS_CB, CALL_CONTROL_BY_USIM, MO_SMS_CONTROL_BY_USIM, RUN_AT_COMMAND, IGNORED_1, ENABLED_SERVICES_TABLE, APN_CONTROL_LIST, DEPERSONALISATION_CONTROL_KEYS, COOPERATIVE_NETWORK_LIST, GSM_SECURITY_CONTEXT, CPBCCH_INFO, INVESTIGATION_SCAN, OPERATOR_PLMN_SELECT, HPLMN_SELECT, EXTENSION_5, PLMN_NETWORK_NAME, OPERATOR_PLMN_LIST, SERVICE_PROVIDER_DISPLAY_INFO, MMS_NOTIFICATION, MMS_NOTIFICATION_EXTENSION, MMS_CONNECTIVITY_PARAMS, NETWORK_INDICATION_OF_ALERTING, VGCS_GROUP_ID_LIST, VBS_GROUP_ID_LIST, EQUIVALENT_HPLMN, EQUIVALENT_HPLMN_PRESENTATION }
08-10 05:12:05.345  1159  1159 D SIMRecords: [SIMRecords] onRecordLoaded 4 requested: true
08-10 05:12:05.345  1159  1159 D SIMRecords: [SIMRecords] GID1: ff
08-10 05:12:05.346  1159  1159 D SIMRecords: [SIMRecords] onRecordLoaded 3 requested: true
08-10 05:12:05.347  1159  1159 D SIMRecords: [SIMRecords] EF_LI LOADED
08-10 05:12:05.347  1159  1159 D SIMRecords: [SIMRecords] EF_LI=7a68656e
08-10 05:12:05.347  1159  1159 D SIMRecords: [SIMRecords] onRecordLoaded 2 requested: true
08-10 05:12:05.348  1159  1159 D SIMRecords: [SIMRecords] EF_PL LOADED
08-10 05:12:05.348  1159  1159 D SIMRecords: [SIMRecords] EF_PL=ffffffff
08-10 05:12:05.348  1159  1159 D SIMRecords: [SIMRecords] onRecordLoaded 1 requested: true
08-10 05:12:05.350  1159  1159 D SIMRecords: [SIMRecords] Invalid or missing EF[MAILBOX]
08-10 05:12:05.350  1159  1159 D SIMRecords: [SIMRecords] onRecordLoaded 0 requested: true
08-10 05:12:05.351  1159  1159 D SIMRecords: [SIMRecords] record load complete
08-10 05:12:05.354  1159  1159 D SIMRecords: [SIMRecords] languages from sim = zh
08-10 05:12:05.356  1159  1159 D SIMRecords: [SIMRecords] Setting locale to zh_cn
08-10 05:12:05.357  1159  1159 D SIMRecords: [SIMRecords] onAllRecordsLoaded set 'gsm.sim.operator.numeric' to operator='46001'
08-10 05:12:05.357  1159  1159 D SIMRecords: [SIMRecords] update icc_operator_numeric=46001
08-10 05:12:05.357  1159  1159 D TelephonyManager: setTelephonyProperty: success phoneId=0 property=gsm.sim.operator.numeric value: 46001 propVal=46001
08-10 05:12:05.361  1159  1159 D SubscriptionController: [setMccMnc]+ mcc/mnc:460/1 subId:1
08-10 05:12:05.405  1159  1159 D SubscriptionController: notifySubscriptionInfoChanged:
08-10 05:12:05.409   708   708 D TelephonyManager: getSimOperatorNumeric(): default subId=1
08-10 05:12:05.410  1159  1338 D SubscriptionController: [getPhoneId]- no sims, returning default phoneId=2147483647
08-10 05:12:05.413  1159  1159 D SIMRecords: [SIMRecords] onAllRecordsLoaded set mcc imsi=460011952973996
08-10 05:12:05.413  1159  1159 D TelephonyManager: setTelephonyProperty: success phoneId=0 property=gsm.sim.operator.iso-country value: cn propVal=cn
08-10 05:12:05.414   708   708 D TelephonyManager: getTelephonyProperty: return propVal='null' phoneId=2147483647 property='gsm.sim.operator.numeric' defaultVal='' prop=46001
08-10 05:12:05.421  1159  1159 D GsmSST  : [GsmSST] SubscriptionListener.onSubscriptionInfoChanged
08-10 05:12:05.421  1159  1159 D SubscriptionController: [getSubId]- mSlotIdToSubIdMap.size == 0, return DummySubIds slotIdx=0
08-10 05:12:05.421  1159  1159 D SubscriptionController: getDummySubIds: slotIdx=0 return 1 DummySubIds with each subId=-2
08-10 05:12:05.421  1159  1159 D DCT     : [0]SubscriptionListener.onSubscriptionInfoChanged
08-10 05:12:05.421  1159  1159 D SubscriptionController: [getSubId]- mSlotIdToSubIdMap.size == 0, return DummySubIds slotIdx=0
08-10 05:12:05.422  1159  1159 D SubscriptionController: getDummySubIds: slotIdx=0 return 1 DummySubIds with each subId=-2
08-10 05:12:05.422  1159  1159 D DctController: onSubInfoReady mPhoneNum=1
08-10 05:12:05.422  1159  1159 D SubscriptionController: [getSubId]- mSlotIdToSubIdMap.size == 0, return DummySubIds slotIdx=0
08-10 05:12:05.422  1159  1159 D SubscriptionController: getDummySubIds: slotIdx=0 return 1 DummySubIds with each subId=-2
08-10 05:12:05.422  1159  1159 D DctController: onSubInfoReady handle pending requests subId=-2
08-10 05:12:05.422  1159  1159 D SubscriptionController: [getSubId]- mSlotIdToSubIdMap.size == 0, return DummySubIds slotIdx=0
08-10 05:12:05.423  1159  1159 D SubscriptionController: getDummySubIds: slotIdx=0 return 1 DummySubIds with each subId=-2
08-10 05:12:05.423  1159  1159 D DctController: [TNF -2]evalPendingRequest, pending request size is 1
08-10 05:12:05.424  1159  1159 D SubscriptionController: [getSubId]- mSlotIdToSubIdMap.size == 0, return DummySubIds slotIdx=0
08-10 05:12:05.424  1159  1159 D SubscriptionController: getDummySubIds: slotIdx=0 return 1 DummySubIds with each subId=-2
08-10 05:12:05.424  1159  1159 D DctController: [TNF -2]evalPendingRequest: request = NetworkRequest [ id=1, legacyType=-1, [ Capabilities: INTERNET&NOT_RESTRICTED&TRUSTED&NOT_VPN] ]
08-10 05:12:05.425  1159  1159 D SubscriptionController: [getSubId]- mSlotIdToSubIdMap.size == 0, return DummySubIds slotIdx=0
08-10 05:12:05.425  1159  1159 D SubscriptionController: getDummySubIds: slotIdx=0 return 1 DummySubIds with each subId=-2
08-10 05:12:05.425  1159  1159 D DctController: [TNF -2]Cellular needs Network for NetworkRequest [ id=1, legacyType=-1, [ Capabilities: INTERNET&NOT_RESTRICTED&TRUSTED&NOT_VPN] ]
08-10 05:12:05.426  1159  1159 D SubscriptionController: [getSubId]- mSlotIdToSubIdMap.size == 0, return DummySubIds slotIdx=0
08-10 05:12:05.426  1159  1159 D SubscriptionController: getDummySubIds: slotIdx=0 return 1 DummySubIds with each subId=-2
08-10 05:12:05.426  1159  1159 D SubscriptionController: [getSubId]- mSlotIdToSubIdMap.size == 0, return DummySubIds slotIdx=0
08-10 05:12:05.426  1159  1159 D SubscriptionController: getDummySubIds: slotIdx=0 return 1 DummySubIds with each subId=-2
08-10 05:12:05.426  1159  1159 D DctController: [TNF -2]Sub Info has not been ready, pending request.
08-10 05:12:05.426  1159  1159 D DctController: processRequests
08-10 05:12:05.428  1159  1159 D SubscriptionController: [getActiveSubInfoList]+
08-10 05:12:05.431  1159  1159 D SubscriptionController: [getActiveSubInfoList] Sub Controller not ready
08-10 05:12:05.435  1159  1159 E PhoneBase: Error! unregisterForCallWaiting() in PhoneBase should not be called, CDMAPhone inactive.
08-10 05:12:05.437  1159  1159 D SubscriptionController: [getSubId]- mSlotIdToSubIdMap.size == 0, return DummySubIds slotIdx=0
08-10 05:12:05.437  1159  1159 D SubscriptionController: getDummySubIds: slotIdx=0 return 1 DummySubIds with each subId=-2
08-10 05:12:05.438  1159  1159 D SubscriptionController: [getSubId]- mSlotIdToSubIdMap.size == 0, return DummySubIds slotIdx=0
08-10 05:12:05.438  1159  1159 D SubscriptionController: getDummySubIds: slotIdx=0 return 1 DummySubIds with each subId=-2
08-10 05:12:05.440  1159  1159 D SubscriptionController: [getPhoneId]- invalid subId return=-1
08-10 05:12:05.443  1159  1159 D PhoneFactory: getPhone:- phoneId != DEFAULT_PHONE_ID return sProxyPhones[phoneId] phoneId=-1 phone=null
08-10 05:12:05.444  1159  1159 D SubscriptionManager: [getPhoneId]- fail
08-10 05:12:05.473  1159  1300 D GsmCellBroadcastHandler: mWakeLock released
08-10 05:12:05.518  1159  1159 E PhoneBase: Error! registerForCallWaiting() in PhoneBase should not be called, CDMAPhone inactive.
08-10 05:12:05.524  1159  1159 D CAT     : CatService: handleMessage[20]
08-10 05:12:05.525  1159  1159 D SubscriptionController: [getSubId]- mSlotIdToSubIdMap.size == 0, return DummySubIds slotIdx=0
08-10 05:12:05.525  1159  1159 D SubscriptionController: getDummySubIds: slotIdx=0 return 1 DummySubIds with each subId=-2
08-10 05:12:05.525  1159  1159 D GSMPhone: [GSMPhone] updateCurrentCarrierInProvider: mSubId = -2 currentDds = 1 operatorNumeric = 46001
08-10 05:12:05.525  1159  1159 D SubscriptionController: [getSubId]- mSlotIdToSubIdMap.size == 0, return DummySubIds slotIdx=0
08-10 05:12:05.526  1159  1159 D SubscriptionController: getDummySubIds: slotIdx=0 return 1 DummySubIds with each subId=-2
08-10 05:12:05.527  1159  1159 D PhoneBase: Voicemail count retrieval for subscriberId = null current subscriberId = 460011952973996
08-10 05:12:05.527  1159  1159 D SubscriptionController: [getSubId]- mSlotIdToSubIdMap.size == 0, return DummySubIds slotIdx=0
08-10 05:12:05.527  1159  1159 D SubscriptionController: getDummySubIds: slotIdx=0 return 1 DummySubIds with each subId=-2
08-10 05:12:05.527  1159  1159 D GSMPhone: updateVoiceMail countVoiceMessages = 0 subId -2
08-10 05:12:05.527  1159  1159 D SubscriptionController: [getSubId]- mSlotIdToSubIdMap.size == 0, return DummySubIds slotIdx=0
08-10 05:12:05.527  1159  1159 D SubscriptionController: getDummySubIds: slotIdx=0 return 1 DummySubIds with each subId=-2
08-10 05:12:05.529  1159  1159 D GsmSST  : [GsmSST] EVENT_SIM_RECORDS_LOADED: what=16
08-10 05:12:05.530  1159  1159 D SST     : updatePhoneObject: Ignore update
08-10 05:12:05.530  1159  1159 D SIMRecords: [SIMRecords] getServiceProviderName: no brandOverride
08-10 05:12:05.531  1159  1159 D SIMRecords: [SIMRecords] getServiceProviderName: providerName=
08-10 05:12:05.531  1159  1159 D GsmSST  : [GsmSST] updateSpnDisplay: radio is on but out of service, set plmn='No service.'
08-10 05:12:05.531  1159  1159 D SIMRecords: [SIMRecords] getServiceProviderName: no brandOverride
08-10 05:12:05.532  1159  1159 D SIMRecords: [SIMRecords] getServiceProviderName: providerName=
08-10 05:12:05.532  1159  1159 D DCT     : [0]handleMessage msg={ when=-117ms what=270338 obj=android.os.AsyncResult@35b7314f target=com.android.internal.telephony.dataconnection.DcTracker }
08-10 05:12:05.532  1159  1159 D DCT     : [0]onRecordsLoaded: createAllApnList
08-10 05:12:05.533  1159  1159 D DCT     : [0]createAllApnList: selection=numeric = '46001'
08-10 05:12:05.569  1159  1159 D DCT     : [0]createApnList: X result=[[ApnSettingV3] 3G (China Unicom), 2622, 46001, 3gnet, , null, , , , -1, default | supl, IP, IP, true, 0, 0, false, 0, 0, 0, 0, , , [ApnSettingV3] 3G (China Unicom), 2623, 46001, 3gwap, 10.0.0.172, null, , , 80, -1, default | supl, IP, IP, true, 0, 0, false, 0, 0, 0, 0, , , [ApnSettingV3] 2GNET (China Unicom), 2624, 46001, uninet, , null, , , , -1, default | supl, IP, IP, true, 0, 0, false, 0, 0, 0, 0, , , [ApnSettingV3]  (China Unicom), 2625, 46001, 3gwap, , http://mmsc.myuni.com.cn, 10.0.0.172, 80, , -1, mms, IP, IP, true, 0, 0, false, 0, 0, 0, 0, , , [ApnSettingV3] 2g (China Unicom), 2626, 46001, uniwap, , http://mmsc.myuni.com.cn, 10.0.0.172, 80, , -1, mms, IP, IP, true, 0, 0, false, 0, 0, 0, 0, , ]
08-10 05:12:05.574  1159  1159 D SubscriptionController: [getSubId]- mSlotIdToSubIdMap.size == 0, return DummySubIds slotIdx=0
08-10 05:12:05.574  1159  1159 D SubscriptionController: getDummySubIds: slotIdx=0 return 1 DummySubIds with each subId=-2
08-10 05:12:05.591  1159  1320 D CellBroadcastHandler: mWakeLock released
08-10 05:12:05.608  1159  1159 D DCT     : [0]getPreferredApn: mRequestedApnType=default cursor=android.content.ContentResolver$CursorWrapperInner@222040dc cursor.count=0
08-10 05:12:05.610  1159  1159 D DCT     : [0]getPreferredApn: X not found
08-10 05:12:05.611  1159  1159 D DCT     : [0]createAllApnList: mPreferredApn=null
08-10 05:12:05.614  1159  1324 D CdmaServiceCategoryProgramHandler: mWakeLock released
08-10 05:12:05.614  1159  1159 D DCT     : [0]createAllApnList: X mAllApnSettings=[[ApnSettingV3] 3G (China Unicom), 2622, 46001, 3gnet, , null, , , , -1, default | supl, IP, IP, true, 0, 0, false, 0, 0, 0, 0, , , [ApnSettingV3] 3G (China Unicom), 2623, 46001, 3gwap, 10.0.0.172, http://mmsc.myuni.com.cn, 10.0.0.172, 80, 80, -1, default | supl | mms, IP, IP, true, 0, 0, false, 0, 0, 0, 0, , , [ApnSettingV3] 2GNET (China Unicom), 2624, 46001, uninet, , null, , , , -1, default | supl, IP, IP, true, 0, 0, false, 0, 0, 0, 0, , , [ApnSettingV3] 2g (China Unicom), 2626, 46001, uniwap, , http://mmsc.myuni.com.cn, 10.0.0.172, 80, , -1, mms, IP, IP, true, 0, 0, false, 0, 0, 0, 0, , ]
08-10 05:12:05.615  1159  1159 D DCT     : [0]setDataProfilesAsNeeded
08-10 05:12:05.615  1159  1159 D DCT     : [0]setInitialApn: E mPreferredApn=null
08-10 05:12:05.616  1159  1159 D DCT     : [0]setInitialApn: firstApnSetting=[ApnSettingV3] 3G (China Unicom), 2622, 46001, 3gnet, , null, , , , -1, default | supl, IP, IP, true, 0, 0, false, 0, 0, 0, 0, , 
08-10 05:12:05.617  1159  1159 D DCT     : [0]setInitialApn: defaultApnSetting=[ApnSettingV3] 3G (China Unicom), 2622, 46001, 3gnet, , null, , , , -1, default | supl, IP, IP, true, 0, 0, false, 0, 0, 0, 0, , 
08-10 05:12:05.617  1159  1159 D DCT     : [0]setInitialAttachApn: using defaultApnSetting
08-10 05:12:05.618  1159  1159 D DCT     : [0]setInitialAttachApn: X selected Apn=[ApnSettingV3] 3G (China Unicom), 2622, 46001, 3gnet, , null, , , , -1, default | supl, IP, IP, true, 0, 0, false, 0, 0, 0, 0, , 
08-10 05:12:05.618  1159  1159 D RILJ    : Set RIL_REQUEST_SET_INITIAL_ATTACH_APN [SUB0]
08-10 05:12:05.619  1159  1159 D RILJ    : [3715]> RIL_REQUEST_SET_INITIAL_ATTACH_APN, apn:3gnet, protocol:IP, authType:-1, username:null, password:null [SUB0]
08-10 05:12:05.623  1159  1159 D DCT     : [0]onRecordsLoaded: notifying data availability
08-10 05:12:05.624  1159  1159 D SubscriptionController: [getSubId]- mSlotIdToSubIdMap.size == 0, return DummySubIds slotIdx=0
08-10 05:12:05.624  1159  1159 D SubscriptionController: getDummySubIds: slotIdx=0 return 1 DummySubIds with each subId=-2
08-10 05:12:05.627  1159  1159 D DCT     : [0]isDataAllowed getRecordsLoaded=true
08-10 05:12:05.631  1159  1159 D DCT     : [0]isDataAllowed: not allowed due to - Attached= false
08-10 05:12:05.631  1159  1159 D DCT     : [ApnContext:default] getApnSetting: apnSetting=null
08-10 05:12:05.631  1159  1159 D SubscriptionController: [getPhoneId]- invalid subId return=-1
08-10 05:12:05.639   188   260 D RILC    : RequestComplete, RIL_SOCKET_1
08-10 05:12:05.639   188   260 E RILC    : Send Response to RIL_SOCKET_1
08-10 05:12:05.640  1159  1282 D RILJ    : [3715]< RIL_REQUEST_SET_INITIAL_ATTACH_APN  [SUB0]
08-10 05:12:05.643  1159  1159 D PhoneFactory: getPhone:- phoneId != DEFAULT_PHONE_ID return sProxyPhones[phoneId] phoneId=-1 phone=null
08-10 05:12:05.644   708   808 D SubscriptionManager: [getPhoneId]- fail
08-10 05:12:05.647  1159  1159 D SubscriptionController: [getSubId]- mSlotIdToSubIdMap.size == 0, return DummySubIds slotIdx=0
08-10 05:12:05.648  1159  1159 D SubscriptionController: getDummySubIds: slotIdx=0 return 1 DummySubIds with each subId=-2
08-10 05:12:05.649  1159  1159 D DCT     : [0]isDataAllowed getRecordsLoaded=true
08-10 05:12:05.650  1159  1159 D DCT     : [0]isDataAllowed: not allowed due to - Attached= false
08-10 05:12:05.651  1159  1159 D DCT     : [ApnContext:mms] getApnSetting: apnSetting=null
08-10 05:12:05.651  1159  1159 D SubscriptionController: [getPhoneId]- invalid subId return=-1
08-10 05:12:05.656  1159  1159 D PhoneFactory: getPhone:- phoneId != DEFAULT_PHONE_ID return sProxyPhones[phoneId] phoneId=-1 phone=null
08-10 05:12:05.657   708  1158 D SubscriptionManager: [getPhoneId]- fail
08-10 05:12:05.659  1159  1159 D SubscriptionController: [getSubId]- mSlotIdToSubIdMap.size == 0, return DummySubIds slotIdx=0
08-10 05:12:05.659  1159  1159 D SubscriptionController: getDummySubIds: slotIdx=0 return 1 DummySubIds with each subId=-2
08-10 05:12:05.661  1159  1159 D DCT     : [0]isDataAllowed getRecordsLoaded=true
08-10 05:12:05.662  1159  1159 D DCT     : [0]isDataAllowed: not allowed due to - Attached= false
08-10 05:12:05.662  1159  1159 D DCT     : [ApnContext:cbs] getApnSetting: apnSetting=null
08-10 05:12:05.662  1159  1159 D SubscriptionController: [getPhoneId]- invalid subId return=-1
08-10 05:12:05.665  1159  1159 D PhoneFactory: getPhone:- phoneId != DEFAULT_PHONE_ID return sProxyPhones[phoneId] phoneId=-1 phone=null
08-10 05:12:05.667   708  1195 D SubscriptionManager: [getPhoneId]- fail
08-10 05:12:05.671  1159  1159 D SubscriptionController: [getSubId]- mSlotIdToSubIdMap.size == 0, return DummySubIds slotIdx=0
08-10 05:12:05.671  1159  1159 D SubscriptionController: getDummySubIds: slotIdx=0 return 1 DummySubIds with each subId=-2
08-10 05:12:05.673  1159  1159 D DCT     : [0]isDataAllowed getRecordsLoaded=true
08-10 05:12:05.674  1159  1159 D DCT     : [0]isDataAllowed: not allowed due to - Attached= false
08-10 05:12:05.674  1159  1159 D DCT     : [ApnContext:fota] getApnSetting: apnSetting=null
08-10 05:12:05.674  1159  1159 D SubscriptionController: [getPhoneId]- invalid subId return=-1
08-10 05:12:05.677  1159  1159 D PhoneFactory: getPhone:- phoneId != DEFAULT_PHONE_ID return sProxyPhones[phoneId] phoneId=-1 phone=null
08-10 05:12:05.678   708  1194 D SubscriptionManager: [getPhoneId]- fail
08-10 05:12:05.682  1159  1159 D SubscriptionController: [getSubId]- mSlotIdToSubIdMap.size == 0, return DummySubIds slotIdx=0
08-10 05:12:05.682  1159  1159 D SubscriptionController: getDummySubIds: slotIdx=0 return 1 DummySubIds with each subId=-2
08-10 05:12:05.684  1159  1159 D DCT     : [0]isDataAllowed getRecordsLoaded=true
08-10 05:12:05.684  1159  1303 D GsmInboundSmsHandler: IdleState.processMessage:5
08-10 05:12:05.684  1159  1303 D GsmInboundSmsHandler: Idle state processing message type 5
08-10 05:12:05.684  1159  1159 D DCT     : [0]isDataAllowed: not allowed due to - Attached= false
08-10 05:12:05.685  1159  1159 D DCT     : [ApnContext:supl] getApnSetting: apnSetting=null
08-10 05:12:05.685  1159  1159 D SubscriptionController: [getPhoneId]- invalid subId return=-1
08-10 05:12:05.685  1159  1322 D CdmaInboundSmsHandler: IdleState.processMessage:5
08-10 05:12:05.685  1159  1322 D CdmaInboundSmsHandler: Idle state processing message type 5
08-10 05:12:05.687  1159  1303 D GsmInboundSmsHandler: mWakeLock released
08-10 05:12:05.687  1159  1322 D CdmaInboundSmsHandler: mWakeLock released
08-10 05:12:05.688  1159  1159 D PhoneFactory: getPhone:- phoneId != DEFAULT_PHONE_ID return sProxyPhones[phoneId] phoneId=-1 phone=null
08-10 05:12:05.689   708   725 D SubscriptionManager: [getPhoneId]- fail
08-10 05:12:05.692  1159  1159 D SubscriptionController: [getSubId]- mSlotIdToSubIdMap.size == 0, return DummySubIds slotIdx=0
08-10 05:12:05.692  1159  1159 D SubscriptionController: getDummySubIds: slotIdx=0 return 1 DummySubIds with each subId=-2
08-10 05:12:05.694  1159  1159 D DCT     : [0]isDataAllowed getRecordsLoaded=true
08-10 05:12:05.694  1159  1159 D DCT     : [0]isDataAllowed: not allowed due to - Attached= false
08-10 05:12:05.694  1159  1159 D DCT     : [ApnContext:ia] getApnSetting: apnSetting=null
08-10 05:12:05.695  1159  1159 D SubscriptionController: [getPhoneId]- invalid subId return=-1
08-10 05:12:05.700  1159  1159 D PhoneFactory: getPhone:- phoneId != DEFAULT_PHONE_ID return sProxyPhones[phoneId] phoneId=-1 phone=null
08-10 05:12:05.702   708   724 D SubscriptionManager: [getPhoneId]- fail
08-10 05:12:05.705  1159  1159 D SubscriptionController: [getSubId]- mSlotIdToSubIdMap.size == 0, return DummySubIds slotIdx=0
08-10 05:12:05.706  1159  1159 D SubscriptionController: getDummySubIds: slotIdx=0 return 1 DummySubIds with each subId=-2
08-10 05:12:05.709  1159  1159 D DCT     : [0]isDataAllowed getRecordsLoaded=true
08-10 05:12:05.712  1159  1159 D DCT     : [0]isDataAllowed: not allowed due to - Attached= false
08-10 05:12:05.712  1159  1159 D DCT     : [ApnContext:dun] getApnSetting: apnSetting=null
08-10 05:12:05.713  1159  1159 D SubscriptionController: [getPhoneId]- invalid subId return=-1
08-10 05:12:05.716  1159  1159 D PhoneFactory: getPhone:- phoneId != DEFAULT_PHONE_ID return sProxyPhones[phoneId] phoneId=-1 phone=null
08-10 05:12:05.717   708  1196 D SubscriptionManager: [getPhoneId]- fail
08-10 05:12:05.723  1159  1159 D SubscriptionController: [getSubId]- mSlotIdToSubIdMap.size == 0, return DummySubIds slotIdx=0
08-10 05:12:05.723  1159  1159 D SubscriptionController: getDummySubIds: slotIdx=0 return 1 DummySubIds with each subId=-2
08-10 05:12:05.725  1159  1159 D DCT     : [0]isDataAllowed getRecordsLoaded=true
08-10 05:12:05.726  1159  1159 D DCT     : [0]isDataAllowed: not allowed due to - Attached= false
08-10 05:12:05.727  1159  1159 D DCT     : [ApnContext:hipri] getApnSetting: apnSetting=null
08-10 05:12:05.727  1159  1159 D SubscriptionController: [getPhoneId]- invalid subId return=-1
08-10 05:12:05.732  1159  1159 D PhoneFactory: getPhone:- phoneId != DEFAULT_PHONE_ID return sProxyPhones[phoneId] phoneId=-1 phone=null
08-10 05:12:05.734   708   808 D SubscriptionManager: [getPhoneId]- fail
08-10 05:12:05.740  1159  1159 D SubscriptionController: [getSubId]- mSlotIdToSubIdMap.size == 0, return DummySubIds slotIdx=0
08-10 05:12:05.742  1159  1159 D SubscriptionController: getDummySubIds: slotIdx=0 return 1 DummySubIds with each subId=-2
08-10 05:12:05.749  1159  1159 D DCT     : [0]isDataAllowed getRecordsLoaded=true
08-10 05:12:05.751  1159  1159 D DCT     : [0]isDataAllowed: not allowed due to - Attached= false
08-10 05:12:05.752  1159  1159 D DCT     : [ApnContext:ims] getApnSetting: apnSetting=null
08-10 05:12:05.758  1159  1159 D SubscriptionController: [getPhoneId]- invalid subId return=-1
08-10 05:12:05.762  1159  1159 D PhoneFactory: getPhone:- phoneId != DEFAULT_PHONE_ID return sProxyPhones[phoneId] phoneId=-1 phone=null
08-10 05:12:05.763   708  1196 D SubscriptionManager: [getPhoneId]- fail
08-10 05:12:05.791  1159  1159 D DCT     : [0]setupDataOnConnectableApns: simLoaded
08-10 05:12:05.799  1159  1159 D DCT     : [0]setupDataOnConnectableApns: apnContext {mApnType=hipri mState=IDLE mWaitingApns={null} mWaitingApnsPermanentFailureCountDown=0 mApnSetting={null} mReason=radioTurnedOff mDataEnabled=false mDependencyMet=true}
08-10 05:12:05.801  1159  1159 D DCT     : [0]setupDataOnConnectableApns: apnContext {mApnType=mms mState=IDLE mWaitingApns={null} mWaitingApnsPermanentFailureCountDown=0 mApnSetting={null} mReason=radioTurnedOff mDataEnabled=false mDependencyMet=true}
08-10 05:12:05.802  1159  1159 D DCT     : [0]setupDataOnConnectableApns: apnContext {mApnType=supl mState=IDLE mWaitingApns={null} mWaitingApnsPermanentFailureCountDown=0 mApnSetting={null} mReason=radioTurnedOff mDataEnabled=false mDependencyMet=true}
08-10 05:12:05.803  1159  1159 D DCT     : [0]setupDataOnConnectableApns: apnContext {mApnType=cbs mState=IDLE mWaitingApns={null} mWaitingApnsPermanentFailureCountDown=0 mApnSetting={null} mReason=radioTurnedOff mDataEnabled=false mDependencyMet=true}
08-10 05:12:05.809  1159  1159 D DCT     : [0]setupDataOnConnectableApns: apnContext {mApnType=dun mState=IDLE mWaitingApns={null} mWaitingApnsPermanentFailureCountDown=0 mApnSetting={null} mReason=radioTurnedOff mDataEnabled=false mDependencyMet=true}
08-10 05:12:05.810  1159  1159 D DCT     : [0]setupDataOnConnectableApns: apnContext {mApnType=fota mState=IDLE mWaitingApns={null} mWaitingApnsPermanentFailureCountDown=0 mApnSetting={null} mReason=radioTurnedOff mDataEnabled=false mDependencyMet=true}
08-10 05:12:05.811  1159  1159 D DCT     : [0]setupDataOnConnectableApns: apnContext {mApnType=ims mState=IDLE mWaitingApns={null} mWaitingApnsPermanentFailureCountDown=0 mApnSetting={null} mReason=radioTurnedOff mDataEnabled=false mDependencyMet=true}
08-10 05:12:05.811  1159  1159 D DCT     : [0]setupDataOnConnectableApns: apnContext {mApnType=default mState=IDLE mWaitingApns={null} mWaitingApnsPermanentFailureCountDown=0 mApnSetting={null} mReason=radioTurnedOff mDataEnabled=false mDependencyMet=true}
08-10 05:12:05.812  1159  1159 D DCT     : [0]setupDataOnConnectableApns: apnContext {mApnType=ia mState=IDLE mWaitingApns={null} mWaitingApnsPermanentFailureCountDown=0 mApnSetting={null} mReason=radioTurnedOff mDataEnabled=false mDependencyMet=true}
08-10 05:12:05.834  1159  1159 D IccCardProxy: operator=46001 mPhoneId=0
08-10 05:12:05.834  1159  1159 D IccCardProxy: update icc_operator_numeric=46001
08-10 05:12:05.835  1159  1159 D TelephonyManager: setTelephonyProperty: success phoneId=0 property=gsm.sim.operator.numeric value: 46001 propVal=46001
08-10 05:12:05.837  1159  1159 D TelephonyManager: setTelephonyProperty: success phoneId=0 property=gsm.sim.operator.iso-country value: cn propVal=cn
08-10 05:12:05.839  1159  1159 D IccCardProxy: Sending intent ACTION_INTERNAL_SIM_STATE_CHANGED for mPhoneId : 0
08-10 05:12:05.844  1159  1159 D DctController: handleMessage msg={ when=-418ms what=100 target=com.android.internal.telephony.dataconnection.DctController }
08-10 05:12:05.845  1159  1159 D DctController: getTopPriorityRequestPhoneId = 0, priority = -1
08-10 05:12:05.846  1159  1159 D DcSwitchAsyncChannel: [DcSwitchAsyncChannel-0]: rspIsIdle=true
08-10 05:12:05.846  1159  1159 D DctController: onProcessRequest phoneId=0, activePhoneId=-1
08-10 05:12:05.847  1159  1159 D SubscriptionManager: [getPhoneId]- fail
08-10 05:12:05.847  1159  1159 D SubscriptionController: [getSubId]- mSlotIdToSubIdMap.size == 0, return DummySubIds slotIdx=0
08-10 05:12:05.847  1159  1159 D SubscriptionController: getDummySubIds: slotIdx=0 return 1 DummySubIds with each subId=-2
08-10 05:12:05.847  1159  1159 D DCT     : [0]getDataOnRoamingEnabled: phoneSubId=-2 isDataRoamingEnabled=true
08-10 05:12:05.848  1159  1159 D SubscriptionManager: [getPhoneId]- fail
08-10 05:12:05.848  1159  1159 D SubscriptionController: [getSubId]- mSlotIdToSubIdMap.size == 0, return DummySubIds slotIdx=0
08-10 05:12:05.848  1159  1159 D SubscriptionController: getDummySubIds: slotIdx=0 return 1 DummySubIds with each subId=-2
08-10 05:12:05.849  1159  1159 D DCT     : [0]getDataOnRoamingEnabled: phoneSubId=-2 isDataRoamingEnabled=true
08-10 05:12:05.849  1159  1159 D SubscriptionManager: [getPhoneId]- fail
08-10 05:12:05.849  1159  1159 D SubscriptionController: [getSubId]- mSlotIdToSubIdMap.size == 0, return DummySubIds slotIdx=0
08-10 05:12:05.849  1159  1159 D SubscriptionController: getDummySubIds: slotIdx=0 return 1 DummySubIds with each subId=-2
08-10 05:12:05.850  1159  1159 D DCT     : [0]getDataOnRoamingEnabled: phoneSubId=-2 isDataRoamingEnabled=true
08-10 05:12:05.850  1159  1159 D SubscriptionManager: [getPhoneId]- fail
08-10 05:12:05.850  1159  1159 D SubscriptionController: [getSubId]- mSlotIdToSubIdMap.size == 0, return DummySubIds slotIdx=0
08-10 05:12:05.851  1159  1159 D SubscriptionController: getDummySubIds: slotIdx=0 return 1 DummySubIds with each subId=-2
08-10 05:12:05.851  1159  1159 D DCT     : [0]getDataOnRoamingEnabled: phoneSubId=-2 isDataRoamingEnabled=true
08-10 05:12:05.851  1159  1159 D SubscriptionManager: [getPhoneId]- fail
08-10 05:12:05.851  1159  1159 D SubscriptionController: [getSubId]- mSlotIdToSubIdMap.size == 0, return DummySubIds slotIdx=0
08-10 05:12:05.852  1159  1159 D SubscriptionController: getDummySubIds: slotIdx=0 return 1 DummySubIds with each subId=-2
08-10 05:12:05.852  1159  1159 D DCT     : [0]getDataOnRoamingEnabled: phoneSubId=-2 isDataRoamingEnabled=true
08-10 05:12:05.852  1159  1159 D SubscriptionManager: [getPhoneId]- fail
08-10 05:12:05.853  1159  1159 D SubscriptionController: [getSubId]- mSlotIdToSubIdMap.size == 0, return DummySubIds slotIdx=0
08-10 05:12:05.853  1159  1159 D SubscriptionController: getDummySubIds: slotIdx=0 return 1 DummySubIds with each subId=-2
08-10 05:12:05.854  1159  1159 D DCT     : [0]getDataOnRoamingEnabled: phoneSubId=-2 isDataRoamingEnabled=true
08-10 05:12:05.855  1159  1159 D SubscriptionManager: [getPhoneId]- fail
08-10 05:12:05.855  1159  1159 D SubscriptionController: [getSubId]- mSlotIdToSubIdMap.size == 0, return DummySubIds slotIdx=0
08-10 05:12:05.856  1159  1159 D SubscriptionController: getDummySubIds: slotIdx=0 return 1 DummySubIds with each subId=-2
08-10 05:12:05.856  1159  1159 D DCT     : [0]getDataOnRoamingEnabled: phoneSubId=-2 isDataRoamingEnabled=true
08-10 05:12:05.857  1159  1159 D SubscriptionManager: [getPhoneId]- fail
08-10 05:12:05.857  1159  1159 D SubscriptionController: [getSubId]- mSlotIdToSubIdMap.size == 0, return DummySubIds slotIdx=0
08-10 05:12:05.857  1159  1159 D SubscriptionController: getDummySubIds: slotIdx=0 return 1 DummySubIds with each subId=-2
08-10 05:12:05.858  1159  1159 D DCT     : [0]getDataOnRoamingEnabled: phoneSubId=-2 isDataRoamingEnabled=true
08-10 05:12:05.858  1159  1159 D SubscriptionManager: [getPhoneId]- fail
08-10 05:12:05.858  1159  1159 D SubscriptionController: [getSubId]- mSlotIdToSubIdMap.size == 0, return DummySubIds slotIdx=0
08-10 05:12:05.859  1159  1159 D SubscriptionController: getDummySubIds: slotIdx=0 return 1 DummySubIds with each subId=-2
08-10 05:12:05.859  1159  1159 D DCT     : [0]getDataOnRoamingEnabled: phoneSubId=-2 isDataRoamingEnabled=true
08-10 05:12:05.859  1159  1159 D SubscriptionInfoUpdater: [Receiver]+
08-10 05:12:05.859  1159  1159 D SubscriptionInfoUpdater: Action: android.intent.action.internal_sim_state_changed
08-10 05:12:05.860  1159  1159 D SubscriptionInfoUpdater: slotId: 0
08-10 05:12:05.860  1159  1159 D SubscriptionInfoUpdater: simStatus: LOADED
08-10 05:12:05.860  1159  1159 D SubscriptionInfoUpdater: [Receiver]-
08-10 05:12:05.860  1159  1159 D SubscriptionInfoUpdater: handleSimStateLoadedInternal: slotId: 0
08-10 05:12:05.860  1159  1159 D SubscriptionInfoUpdater: All IccIds query complete
08-10 05:12:05.860  1159  1159 D SubscriptionInfoUpdater: updateSubscriptionInfoByIccId:+ Start
08-10 05:12:05.862  1159  1159 D SubscriptionController: [clearSubInfo]+
08-10 05:12:05.863  1159  1159 D SubscriptionController: [clearSubInfo]- no simInfo size=0
08-10 05:12:05.866  1159  1159 D SubscriptionInfoUpdater: insertedSimCount = 1
08-10 05:12:05.866  1159  1159 D SubscriptionController: [getSubInfoUsingSlotIdWithCheck]+ slotId:0
08-10 05:12:05.890  1159  1159 D SubscriptionController: [getPhoneId]- no sims, returning default phoneId=2147483647
08-10 05:12:05.893  1159  1159 D TelephonyManager: getTelephonyProperty: return propVal='null' phoneId=2147483647 property='gsm.sim.operator.iso-country' defaultVal='' prop=cn
08-10 05:12:05.894  1159  1159 D SubscriptionController: [getSubInfoRecord] id:1 iccid:89860115921101579076 simSlotIndex:0 displayName:CARD 1 nameSource:0 iconTint:-16746133 dataRoaming:0 mcc:460 mnc:1 countIso:
08-10 05:12:05.897  1159  1159 D SubscriptionController: [getPhoneId]- no sims, returning default phoneId=2147483647
08-10 05:12:05.900  1159  1159 D PhoneFactory: getPhone:- phoneId == DEFAULT_PHONE_ID return sProxyPhone phoneId=2147483647 phone=Handler (com.android.internal.telephony.PhoneProxy) {3dcfc911}
08-10 05:12:05.901  1159  1159 D SubscriptionController: [getPhoneId]- no sims, returning default phoneId=2147483647
08-10 05:12:05.912  1159  1159 D SubscriptionController: [getSubInfoUsingSlotId]- null info return
08-10 05:12:05.913  1159  1159 D SubscriptionInfoUpdater: updateSubscriptionInfoByIccId: oldSubId = 1
08-10 05:12:05.913  1159  1159 D SubscriptionInfoUpdater: updateSubscriptionInfoByIccId: oldIccId[0] = 89860115921101579076, sIccId[0] = 89860115921101579076
08-10 05:12:05.914  1159  1159 D SubscriptionController: [addSubInfoRecord]+ iccId:89860115921101579076 slotId:0
08-10 05:12:05.919  1159  1159 D SubscriptionController: [getSubId]- mSlotIdToSubIdMap.size == 0, return DummySubIds slotIdx=0
08-10 05:12:05.919  1159  1159 D SubscriptionController: getDummySubIds: slotIdx=0 return 1 DummySubIds with each subId=-2
08-10 05:12:05.922  1159  1159 D SubscriptionManager: [getPhoneId]- fail
08-10 05:12:05.922  1159  1159 D TelephonyManager: getTelephonyProperty: return propVal='null' phoneId=-1 property='gsm.sim.operator.alpha' defaultVal='' prop=
08-10 05:12:05.922  1159  1159 D SubscriptionController: [addSubInfoRecord] sim name = CARD 1
08-10 05:12:05.926  1159  1159 D SubscriptionController: [addSubInfoRecord] carrier name = 
08-10 05:12:05.944   188   266 I RILQ    : (0/188):RIL[0][event] qcril_arb_set_data_sys_status: recvd data_sys_status nw=0x0, rat_mask=0x8000, so_mask=0x0
08-10 05:12:05.944   188   266 I RILQ    : (0/188):RIL[0][event] qcril_arb_set_data_sys_status: recvd data_sys_status nw=0x1, rat_mask=0x0, so_mask=0x0
08-10 05:12:05.945   188   266 I RILQ    : (0/188):RIL[0][event] qcril_qmi_nas_update_data_rte: completed, new drte 0 with confidence 4
08-10 05:12:05.946   188   266 I RILC    : RIL_SOCKET_1 UNSOLICITED: UNSOL_RESPONSE_VOICE_NETWORK_STATE_CHANGED length:8
08-10 05:12:05.946   188   266 E RILC    : Send Response to RIL_SOCKET_1
08-10 05:12:05.947   188   266 I RILC    : RIL_SOCKET_1 UNSOLICITED: UNSOL_SIGNAL_STRENGTH length:60
08-10 05:12:05.947   188   266 E RILC    : Send Response to RIL_SOCKET_1
08-10 05:12:05.948  1159  1282 D RILJ    : [UNSL]< UNSOL_RESPONSE_VOICE_NETWORK_STATE_CHANGED [SUB0]
08-10 05:12:05.958  1159  1159 D SubscriptionController: [getActiveSubInfoList]+
08-10 05:12:05.961  1159  1159 D SubscriptionController: [getActiveSubInfoList] Sub Controller not ready
08-10 05:12:06.004  1159  1159 D SubscriptionController: [addSubInfoRecord] Record already exists
08-10 05:12:06.033  1159  1159 D SubscriptionController: [addSubInfoRecord] mSlotIdxToSubId.size=1 slotId=0 subId=1 defaultSubId=1 simCount=1
08-10 05:12:06.036  1159  1159 D SubscriptionController: [setDefaultFallbackSubId] subId=1
08-10 05:12:06.038  1159  1159 D SubscriptionController: [setDefaultFallbackSubId] set mDefaultFallbackSubId=1
08-10 05:12:06.041  1159  1159 D TelephonyManager: getTelephonyProperty: return propVal='46001' phoneId=0 property='gsm.sim.operator.numeric' defaultVal='' prop=46001
08-10 05:12:06.044  1159  1159 D TelephonyManager: getSimOperatorNumeric(): default subId=1
08-10 05:12:06.045  1159  1159 D TelephonyManager: getTelephonyProperty: return propVal='46001' phoneId=0 property='gsm.sim.operator.numeric' defaultVal='' prop=46001
08-10 05:12:06.048   188   530 I RILQ    : (0/188):RIL[0][qmi_cb] qcril_qmi_nas_update_data_rte: completed, new drte 0 with confidence 4
08-10 05:12:06.049   188   530 I RILC    : RIL_SOCKET_1 UNSOLICITED: UNSOL_RESPONSE_VOICE_NETWORK_STATE_CHANGED length:8
08-10 05:12:06.049   188   530 E RILC    : Send Response to RIL_SOCKET_1
08-10 05:12:06.050   188   530 I RILC    : RIL_SOCKET_1 UNSOLICITED: UNSOL_RESPONSE_VOICE_NETWORK_STATE_CHANGED length:8
08-10 05:12:06.050   188   530 E RILC    : Send Response to RIL_SOCKET_1
08-10 05:12:06.050   188   530 I RILQ    : (0/188):RIL[0][qmi_cb] qcril_qmi_nas_update_data_rte: completed, new drte 0 with confidence 4
