01-01 08:00:00.510   169   169 I auditd  : type=2000 audit(0.0:1): initialized
08-10 05:11:40.530   169   169 I auditd  : type=1403 audit(0.0:2): policy loaded auid=4294967295 ses=4294967295
08-10 05:11:40.530   169   169 I auditd  : type=1404 audit(0.0:3): enforcing=1 old_enforcing=0 auid=4294967295 ses=4294967295
08-10 05:11:42.071   201   201 I boot_progress_start: 4226
08-10 05:11:42.941   201   201 I boot_progress_preload_start: 5095
08-10 05:11:49.457   201   201 I boot_progress_preload_end: 11611
08-10 05:11:49.799   708   708 I boot_progress_system_run: 11953
08-10 05:11:50.468   708   708 I boot_progress_pms_start: 12623
08-10 05:11:51.264   708   708 I boot_progress_pms_system_scan_start: 13418
08-10 05:11:55.272   708   708 I boot_progress_pms_data_scan_start: 17426
08-10 05:11:55.799   708   708 I boot_progress_pms_scan_end: 17953
08-10 05:11:56.158   708   708 I boot_progress_pms_ready: 18313
08-10 05:11:56.257   708   724 I battery_status: [2,2,1,2,Li-ion]
08-10 05:11:56.258   708   724 I battery_level: [86,4128,396]
08-10 05:11:56.617   708   708 I wm_stack_created: [0,0,0,0,0]
08-10 05:11:56.747   708   708 I configuration_changed: 7672
08-10 05:11:56.781   708   708 I configuration_changed: 1288
08-10 05:11:57.764   708   708 I free_storage_left: [13216370688,687144960,710078464]
08-10 05:11:57.764   708   708 I free_storage_changed: 13216370688
08-10 05:11:58.532   708   708 I configuration_changed: 512
08-10 05:11:58.711   708   708 I boot_progress_ams_ready: 20866
08-10 05:11:58.922   708   708 I am_proc_start: [0,836,1037,WebViewLoader-armeabi-v7a,,]
08-10 05:11:59.056   708   708 I am_proc_start: [0,856,10013,com.android.systemui,service,com.android.systemui/.SystemUIService]
08-10 05:11:59.153   708   773 I am_proc_start: [0,877,10005,android.process.media,broadcast,com.android.providers.media/.MtpReceiver]
08-10 05:11:59.154   708   808 I am_proc_bound: [0,856,com.android.systemui]
08-10 05:11:59.286   708   724 I am_proc_bound: [0,877,android.process.media]
08-10 05:11:59.887   708   806 I notification_cancel_all: [10005,877,com.android.providers.downloads,0,0,64,9,NULL]
08-10 05:11:59.990   708   808 I am_proc_start: [0,999,1000,com.android.settings,broadcast,com.android.settings/.widget.SettingsAppWidgetProvider]
08-10 05:12:00.093   708   813 I netstats_mobile_sample: [0,0,0,0,0,0,0,0,0,0,0,0,-1]
08-10 05:12:00.093   708   813 I netstats_wifi_sample: [0,0,0,0,0,0,0,0,0,0,0,0,-1]
08-10 05:12:00.227   708   808 I am_proc_bound: [0,999,com.android.settings]
08-10 05:12:00.444   708   708 I am_proc_start: [0,1054,10034,com.android.inputmethod.latin,service,com.android.inputmethod.latin/.LatinIME]
08-10 05:12:00.716   708   808 I am_proc_bound: [0,1054,com.android.inputmethod.latin]
08-10 05:12:00.919   708   708 I am_proc_start: [0,1115,1027,com.android.nfc,added application,com.android.nfc]
08-10 05:12:01.062   708   708 I am_proc_start: [0,1159,1001,com.android.phone,added application,com.android.phone]
08-10 05:12:01.085   708   708 I am_create_task: [0,1]
08-10 05:12:01.086   708   708 I am_create_activity: [0,547662482,1,com.android.launcher3/.Launcher,android.intent.action.MAIN,NULL,NULL,268435456]
08-10 05:12:01.094   708   708 I wm_task_created: [1,0]
08-10 05:12:01.094   708   708 I wm_task_moved: [1,1,0]
08-10 05:12:01.186   708   708 I am_proc_start: [0,1208,10035,com.android.launcher3,activity,com.android.launcher3/.Launcher]
08-10 05:12:01.187   708   708 I am_focused_activity: [0,com.android.launcher3/.Launcher]
08-10 05:12:01.361   708   772 I am_proc_start: [0,1238,10046,com.android.printspooler,service,com.android.printspooler/.model.PrintSpoolerService]
08-10 05:12:01.362   708  1158 I am_proc_bound: [0,1115,com.android.nfc]
08-10 05:12:01.378   708  1195 I am_proc_bound: [0,1159,com.android.phone]
08-10 05:12:01.402   708   725 I am_proc_bound: [0,1208,com.android.launcher3]
08-10 05:12:01.408   708   725 I am_restart_activity: [0,547662482,1,com.android.launcher3/.Launcher]
08-10 05:12:01.564   708   725 I am_proc_bound: [0,1238,com.android.printspooler]
08-10 05:12:01.576   708  1195 I force_gc: Binder
08-10 05:12:01.864   708  1258 I am_proc_start: [0,1260,10002,android.process.acore,content provider,com.android.providers.contacts/.CallLogProvider]
08-10 05:12:01.983   708   708 I notification_enqueue: [1000,708,android,17040636,NULL,-1,Notification(pri=-2 contentView=null vibrate=null sound=null defaults=0x0 flags=0x2 color=0xff607d8b vis=PUBLIC),0]
08-10 05:12:01.983   708  1194 I am_proc_bound: [0,1260,android.process.acore]
08-10 05:12:01.998   708   708 I notification_enqueue: [1000,708,android,17040644,NULL,-1,Notification(pri=-1 contentView=null vibrate=null sound=null defaults=0x0 flags=0x2 color=0xff607d8b vis=PUBLIC),0]
08-10 05:12:02.576   708  1194 I am_proc_start: [0,1305,10052,com.android.smspush,service,com.android.smspush/.WapPushManager]
08-10 05:12:02.744   708   808 I am_proc_bound: [0,1305,com.android.smspush]
08-10 05:12:02.832   708   813 I netstats_mobile_sample: [0,0,0,0,0,0,0,0,0,0,0,0,-1]
08-10 05:12:02.832   708   813 I netstats_wifi_sample: [0,0,0,0,0,0,0,0,0,0,0,0,-1]
08-10 05:12:02.925   708   708 I backup_transport_lifecycle: [android/com.android.internal.backup.LocalTransportService,1]
08-10 05:12:03.045   708   708 I notification_cancel: [10013,856,com.android.systemui,100,low_battery,-1,0,64,8,NULL]
08-10 05:12:03.153  1159  1159 I gsm_service_state_change: [1,1,3,3]
08-10 05:12:03.534   708   708 I am_proc_start: [0,1369,10038,com.android.music,broadcast,com.android.music/.MediaButtonIntentReceiver]
08-10 05:12:03.571  1208  1208 I am_on_resume_called: [0,com.android.launcher3.Launcher]
08-10 05:12:03.643   708  1195 I am_proc_bound: [0,1369,com.android.music]
08-10 05:12:04.072   708  1195 I force_gc: Binder
08-10 05:12:04.258   708   778 I am_activity_launch_time: [0,547662482,com.android.launcher3/.Launcher,3164,3164]
08-10 05:12:04.700  1159  1159 I gsm_service_state_change: [3,3,1,1]
08-10 05:12:05.103   708  1194 I configuration_changed: 3
08-10 05:12:05.118   708  1194 I am_relaunch_resume_activity: [0,547662482,1,com.android.launcher3/.Launcher]
08-10 05:12:05.184  1208  1208 I am_on_paused_called: [0,com.android.launcher3.Launcher]
08-10 05:12:05.268   176   176 I sf_frame_dur: [com.android.launcher3/com.android.launcher3.Launcher,0,2,0,0,0,1,0]
08-10 05:12:05.490   708   708 I notification_cancel: [10013,856,com.android.systemui,100,low_battery,-1,0,64,8,NULL]
08-10 05:12:05.493   708   708 I notification_cancel: [10013,856,com.android.systemui,100,low_battery,-1,0,64,8,NULL]
08-10 05:12:05.597  1208  1208 I am_on_resume_called: [0,com.android.launcher3.Launcher]
08-10 05:12:05.977   708   773 I boot_progress_enable_screen: 28131
08-10 05:12:05.981   708   773 I screen_toggled: 1
08-10 05:12:07.945   708   708 I notification_cancel: [1001,1159,com.android.phone,3,1,-1,0,64,8,NULL]
08-10 05:12:07.946   708   708 I notification_cancel: [1001,1159,com.android.phone,4,1,-1,0,64,8,NULL]
08-10 05:12:08.221   708  1158 I force_gc: Binder
08-10 05:12:08.755   708   806 I notification_expansion: [-1|android|17040644|null|1000,0,1]
08-10 05:12:09.283   176   176 I sf_frame_dur: [BootAnimation,6,20,288,12,0,0,0]
08-10 05:12:09.530   708  1492 I am_proc_start: [0,1510,1000,com.android.keychain,service,com.android.keychain/.KeyChainService]
08-10 05:12:09.615   708   724 I am_proc_bound: [0,1510,com.android.keychain]
08-10 05:12:09.672   708   708 I notification_cancel: [1000,708,android,17039590,NULL,0,0,0,8,NULL]
08-10 05:12:09.797   708  1158 I notification_expansion: [-1|android|17040644|null|1000,0,0]
08-10 05:12:09.871   856   856 I sysui_status_bar_state: [1,1,0,0,0,1]
08-10 05:12:09.882   708  1195 I notification_panel_revealed: []
08-10 05:12:09.883   708  1259 I notification_visibility_changed: [-1|android|17040644|null|1000;-1|android|17040636|null|1000,]
08-10 05:12:10.536   176   176 I sf_frame_dur: [KeyguardScrim,0,0,0,0,0,0,1]
08-10 05:12:10.706   708   808 I am_proc_start: [0,1567,10004,com.android.dialer,broadcast,com.android.dialer/.calllog.CallLogReceiver]
08-10 05:12:10.759   708   806 I notification_visibility_changed: [,-1|android|17040636|null|1000]
08-10 05:12:10.782   708   724 I am_proc_bound: [0,1567,com.android.dialer]
08-10 05:12:10.970   708   708 I am_proc_start: [0,1599,10001,com.android.providers.calendar,broadcast,com.android.providers.calendar/.CalendarReceiver]
08-10 05:12:10.997   708   708 I notification_cancel: [10004,1567,com.android.dialer,1,DefaultVoicemailNotifier,0,0,64,8,NULL]
08-10 05:12:11.058   708  1195 I am_proc_bound: [0,1599,com.android.providers.calendar]
08-10 05:12:11.235   708  1196 I notification_cancel_all: [10005,877,com.android.providers.downloads,0,0,64,9,NULL]
08-10 05:12:11.300   708   808 I am_proc_start: [0,1626,10007,com.android.managedprovisioning,broadcast,com.android.managedprovisioning/.BootReminder]
08-10 05:12:11.393   708   724 I am_proc_bound: [0,1626,com.android.managedprovisioning]
08-10 05:12:11.749   708   808 I am_proc_start: [0,1648,10008,com.android.mms,broadcast,com.android.mms/.transaction.MmsSystemEventReceiver]
08-10 05:12:11.838   708  1195 I am_proc_bound: [0,1648,com.android.mms]
08-10 05:12:12.086   708   724 I am_proc_start: [0,1678,10010,com.android.onetimeinitializer,broadcast,com.android.onetimeinitializer/.OneTimeInitializerReceiver]
08-10 05:12:12.141   708   708 I notification_cancel: [10008,1648,com.android.mms,123,NULL,0,0,64,8,NULL]
08-10 05:12:12.167   708   725 I am_proc_bound: [0,1678,com.android.onetimeinitializer]
08-10 05:12:12.292   708   725 I am_proc_start: [0,1705,10015,com.android.voicedialer,broadcast,com.android.voicedialer/.VoiceDialerReceiver]
08-10 05:12:12.312   708   708 I notification_cancel: [10008,1648,com.android.mms,123,NULL,0,0,64,8,NULL]
08-10 05:12:12.403   708  1259 I am_proc_bound: [0,1705,com.android.voicedialer]
08-10 05:12:12.541   708  1195 I am_proc_start: [0,1724,10021,com.android.calendar,broadcast,com.android.calendar/.alerts.AlertReceiver]
08-10 05:12:12.602   708  1196 I am_proc_bound: [0,1724,com.android.calendar]
08-10 05:12:12.756   708  1194 I am_proc_start: [0,1748,10025,com.android.deskclock,broadcast,com.android.deskclock/.AlarmInitReceiver]
08-10 05:12:12.827   708  1194 I am_proc_bound: [0,1748,com.android.deskclock]
08-10 05:12:12.988   708   808 I force_gc: Binder
08-10 05:12:13.119   708  1195 I am_proc_start: [0,1775,10028,com.android.email,broadcast,com.android.email/.service.EmailBroadcastReceiver]
08-10 05:12:13.215   708   808 I am_proc_bound: [0,1775,com.android.email]
08-10 05:12:13.395   708  1196 I am_proc_start: [0,1796,10029,com.android.exchange,service,com.android.exchange/.service.EasService]
08-10 05:12:13.518   708  1259 I am_proc_bound: [0,1796,com.android.exchange]
08-10 05:12:13.602   708  1195 I am_proc_start: [0,1823,10054,com.zhihu.android,broadcast,com.zhihu.android/com.avos.avoscloud.AVBroadcastReceiver]
08-10 05:12:13.697   708   725 I am_proc_bound: [0,1823,com.zhihu.android]
08-10 05:12:14.403   708   818 I netstats_mobile_sample: [0,0,0,0,0,0,0,0,0,0,0,0,-1]
08-10 05:12:14.404   708   818 I netstats_wifi_sample: [0,0,0,0,0,0,0,0,0,0,0,0,-1]
08-10 05:12:14.419   708   818 I netstats_mobile_sample: [0,0,0,0,0,0,0,0,0,0,0,0,-1]
08-10 05:12:14.420   708   818 I netstats_wifi_sample: [0,0,0,0,0,0,0,0,0,0,0,0,-1]
04-14 14:27:10.792   708   724 I battery_status: [3,2,1,2,Li-ion]
04-14 14:27:10.820   708   708 I notification_cancel: [10013,856,com.android.systemui,100,low_battery,-1,0,64,8,NULL]
04-14 14:27:10.827   708   708 I notification_cancel: [10013,856,com.android.systemui,100,low_battery,-1,0,64,8,NULL]
04-14 14:27:11.009   708  1195 I battery_status: [3,2,1,0,Li-ion]
04-14 14:27:11.019   708   708 I notification_cancel: [10013,856,com.android.systemui,100,low_battery,-1,0,64,8,NULL]
04-14 14:27:11.046   708   708 I notification_cancel: [10013,856,com.android.systemui,100,low_battery,-1,0,64,8,NULL]
04-14 14:27:11.397   708   818 I netstats_mobile_sample: [0,0,0,0,0,0,0,0,0,0,0,0,1492151231398]
04-14 14:27:11.398   708   818 I netstats_wifi_sample: [2234,10,1683,18,2186,9,1271,16,2186,9,1271,16,1492151231398]
04-14 14:27:11.646   708   708 I notification_cancel: [1000,708,android,17040636,NULL,-1,0,0,8,NULL]
04-14 14:27:11.648   708   708 I notification_canceled: [-1|android|17040636|null|1000,8]
04-14 14:27:11.648   708   708 I notification_cancel: [1000,708,android,17040644,NULL,-1,0,0,8,NULL]
04-14 14:27:11.649   708   708 I notification_canceled: [-1|android|17040644|null|1000,8]
04-14 14:27:12.760   708   725 I notification_cancel_all: [10005,877,com.android.providers.downloads,0,0,64,9,NULL]
04-14 14:27:12.897  1159  1471 I force_gc: Binder
04-14 14:27:13.301   708   808 I battery_status: [2,2,1,0,Li-ion]
04-14 14:27:13.310   708   708 I notification_cancel: [10013,856,com.android.systemui,100,low_battery,-1,0,64,8,NULL]
04-14 14:27:13.660   708   725 I battery_status: [2,2,1,2,Li-ion]
04-14 14:27:14.022   708   708 I notification_enqueue: [1000,708,android,17040636,NULL,-1,Notification(pri=-2 contentView=null vibrate=null sound=null defaults=0x0 flags=0x2 color=0xff607d8b vis=PUBLIC),0]
04-14 14:27:14.063   708   708 I notification_enqueue: [1000,708,android,17040644,NULL,-1,Notification(pri=-1 contentView=null vibrate=null sound=null defaults=0x0 flags=0x2 color=0xff607d8b vis=PUBLIC),0]
04-14 14:27:14.789   708   708 I notification_cancel: [10013,856,com.android.systemui,100,low_battery,-1,0,64,8,NULL]
04-14 14:27:15.052   856   856 I sysui_lockscreen_gesture: [1,241,3914]
04-14 14:27:15.123   708   725 I notification_visibility_changed: [,-1|android|17040644|null|1000]
04-14 14:27:15.124   708  1259 I notification_panel_hidden: []
04-14 14:27:15.128   856   856 I screen_toggled: 2
04-14 14:27:15.847   708  1196 I notification_expansion: [-1|android|17040644|null|1000,0,1]
04-14 14:27:15.865   856   856 I sysui_status_bar_state: [0,0,0,0,0,1]
04-14 14:27:17.830   708   708 I notification_cancel: [10021,1724,com.android.calendar,0,NULL,0,0,64,8,NULL]
04-14 14:27:17.831   708   708 I notification_cancel: [10021,1724,com.android.calendar,1,NULL,0,0,64,8,NULL]
04-14 14:27:17.834   708   708 I notification_cancel: [10021,1724,com.android.calendar,2,NULL,0,0,64,8,NULL]
04-14 14:27:17.836   708   708 I notification_cancel: [10021,1724,com.android.calendar,3,NULL,0,0,64,8,NULL]
04-14 14:27:17.840   708   708 I notification_cancel: [10021,1724,com.android.calendar,4,NULL,0,0,64,8,NULL]
04-14 14:27:17.843   708   708 I notification_cancel: [10021,1724,com.android.calendar,5,NULL,0,0,64,8,NULL]
04-14 14:27:17.846   708   708 I notification_cancel: [10021,1724,com.android.calendar,6,NULL,0,0,64,8,NULL]
04-14 14:27:17.846   708   708 I notification_cancel: [10021,1724,com.android.calendar,7,NULL,0,0,64,8,NULL]
04-14 14:27:17.851   708   708 I notification_cancel: [10021,1724,com.android.calendar,8,NULL,0,0,64,8,NULL]
04-14 14:27:17.851   708   708 I notification_cancel: [10021,1724,com.android.calendar,9,NULL,0,0,64,8,NULL]
04-14 14:27:17.856   708   708 I notification_cancel: [10021,1724,com.android.calendar,10,NULL,0,0,64,8,NULL]
04-14 14:27:17.860   708   708 I notification_cancel: [10021,1724,com.android.calendar,11,NULL,0,0,64,8,NULL]
04-14 14:27:17.861   708   708 I notification_cancel: [10021,1724,com.android.calendar,12,NULL,0,0,64,8,NULL]
04-14 14:27:17.862   708   708 I notification_cancel: [10021,1724,com.android.calendar,13,NULL,0,0,64,8,NULL]
04-14 14:27:17.864   708   708 I notification_cancel: [10021,1724,com.android.calendar,14,NULL,0,0,64,8,NULL]
04-14 14:27:17.866   708   708 I notification_cancel: [10021,1724,com.android.calendar,15,NULL,0,0,64,8,NULL]
04-14 14:27:17.871   708   708 I notification_cancel: [10021,1724,com.android.calendar,16,NULL,0,0,64,8,NULL]
04-14 14:27:17.872   708   708 I notification_cancel: [10021,1724,com.android.calendar,17,NULL,0,0,64,8,NULL]
04-14 14:27:17.873   708   708 I notification_cancel: [10021,1724,com.android.calendar,18,NULL,0,0,64,8,NULL]
04-14 14:27:17.881   708   708 I notification_cancel: [10021,1724,com.android.calendar,19,NULL,0,0,64,8,NULL]
04-14 14:27:17.884   708   708 I notification_cancel: [10021,1724,com.android.calendar,20,NULL,0,0,64,8,NULL]
04-14 14:27:25.582   708  1158 I am_proc_start: [0,3656,10031,com.android.gallery3d,broadcast,com.android.gallery3d/.app.PackagesMonitor]
04-14 14:27:25.665   708  1194 I am_proc_bound: [0,3656,com.android.gallery3d]
04-14 14:27:44.917   708   780 I power_sleep_requested: 0
04-14 14:27:44.931   708   708 I power_screen_state: [0,3,0,0]
04-14 14:27:44.931   708   708 I screen_toggled: 0
04-14 14:27:44.954   708   708 I power_screen_broadcast_send: 1
04-14 14:27:45.094   708   708 I power_screen_broadcast_done: [1,141,1]
04-14 14:27:45.094   708   708 I power_screen_broadcast_send: 1
04-14 14:27:45.132   856   856 I sysui_heads_up_status: [,0]
04-14 14:27:45.134   708   708 I power_screen_broadcast_done: [0,39,1]
04-14 14:27:45.837   708   708 I am_pause_activity: [0,547662482,com.android.launcher3/.Launcher]
04-14 14:27:45.840  1208  1208 I am_on_paused_called: [0,com.android.launcher3.Launcher]
04-14 14:27:45.934   708   773 I am_focused_activity: [0,com.android.launcher3/.Launcher]
04-14 14:27:50.128   708  1158 I notification_expansion: [-1|android|17040644|null|1000,0,0]
04-14 14:27:50.188   856   856 I sysui_status_bar_state: [1,1,0,0,0,1]
04-14 14:27:50.297   176   176 I sf_frame_dur: [NavigationBar,6,3,0,0,1,0,0]
04-14 14:28:00.329   708   773 I am_proc_start: [0,3784,10009,com.android.musicfx,broadcast,com.android.musicfx/.ControlPanelReceiver]
04-14 14:28:00.393   708  1194 I am_proc_bound: [0,3784,com.android.musicfx]
04-14 14:28:00.430   708  1194 I am_kill : [0,1369,com.android.music,15,empty #17]
04-14 14:28:00.452   708  1158 I am_proc_died: [0,1369,com.android.music]
04-14 14:28:09.675   708   708 I power_screen_state: [1,0,0,0]
04-14 14:28:09.675   708   708 I screen_toggled: 1
04-14 14:28:09.675   708   708 I power_screen_broadcast_send: 1
04-14 14:28:09.700   708   725 I notification_panel_revealed: []
04-14 14:28:09.702   708  1195 I notification_visibility_changed: [-1|android|17040644|null|1000,]
04-14 14:28:09.739   708  1158 I force_gc: Binder
04-14 14:28:09.749   708   708 I power_screen_broadcast_done: [1,73,1]
04-14 14:28:10.183   176   176 I sf_frame_dur: [ColorFade,26,0,1,0,0,0,0]
04-14 14:28:11.246   856   856 I sysui_lockscreen_gesture: [1,261,4755]
04-14 14:28:11.301   708   724 I notification_visibility_changed: [,-1|android|17040644|null|1000]
04-14 14:28:11.302   708   808 I notification_panel_hidden: []
04-14 14:28:11.308   856   856 I screen_toggled: 2
04-14 14:28:11.371   708  1259 I notification_expansion: [-1|android|17040644|null|1000,0,1]
04-14 14:28:11.397   856   856 I sysui_status_bar_state: [0,0,0,0,0,1]
04-14 14:28:11.406   708  1196 I am_resume_activity: [0,547662482,1,com.android.launcher3/.Launcher]
04-14 14:28:11.420  1208  1208 I am_on_resume_called: [0,com.android.launcher3.Launcher]
04-14 14:28:14.235   708  1195 I am_kill : [0,1238,com.android.printspooler,15,empty #17]
04-14 14:28:14.243   708  1194 I am_proc_died: [0,1238,com.android.printspooler]
04-14 14:28:22.197   708   806 I wm_stack_created: [1,0,0,0,0]
04-14 14:28:22.212   708   806 I am_home_stack_moved: [0,0,1,1,startingNewTask]
04-14 14:28:22.213   708   806 I am_create_task: [0,2]
04-14 14:28:22.213   708   806 I am_create_activity: [0,930130608,2,com.zhihu.android/.app.ui.activity.MainActivity,android.intent.action.MAIN,NULL,NULL,270532608]
04-14 14:28:22.222   708   806 I wm_task_created: [2,1]
04-14 14:28:22.222   708   806 I wm_task_moved: [2,1,0]
04-14 14:28:22.237   708   806 I am_pause_activity: [0,547662482,com.android.launcher3/.Launcher]
04-14 14:28:22.240  1208  1208 I am_on_paused_called: [0,com.android.launcher3.Launcher]
04-14 14:28:22.251   708   806 I am_home_stack_moved: [0,0,1,1,startedActivity setFocusedActivity]
04-14 14:28:22.253   708   806 I am_focused_activity: [0,com.zhihu.android/.app.ui.activity.MainActivity]
04-14 14:28:22.258   708  1259 I am_restart_activity: [0,930130608,2,com.zhihu.android/.app.ui.activity.MainActivity]
04-14 14:28:22.858   176   176 I sf_frame_dur: [com.android.launcher3/com.android.launcher3.Launcher,2,4,5,0,1,0,4]
04-14 14:28:23.175  1823  1823 I am_on_resume_called: [0,com.zhihu.android.app.ui.activity.MainActivity]
04-14 14:28:23.627   708   778 I am_activity_launch_time: [0,930130608,com.zhihu.android/.app.ui.activity.MainActivity,1373,1373]
04-14 14:28:27.983   708   708 I notification_cancel: [10054,1823,com.zhihu.android,1,NULL,0,0,64,8,NULL]
04-14 14:28:31.733   708   708 I notification_cancel: [1000,708,android,100,CaptivePortal.Notification,0,0,0,8,NULL]
04-14 14:28:46.878   176   176 I sf_frame_dur: [VolumePanel,0,0,1,0,0,0,0]
04-14 14:28:52.006   856   856 I sysui_panelholder_touch: [0,551,43]
04-14 14:28:52.110   708   806 I notification_panel_revealed: []
04-14 14:28:52.145   708   724 I notification_visibility_changed: [-1|android|17040644|null|1000;-1|android|17040636|null|1000,]
04-14 14:28:53.209   708   813 I netstats_mobile_sample: [0,0,0,0,0,0,0,0,0,0,0,0,1492151333210]
04-14 14:28:53.210   708   813 I netstats_wifi_sample: [2111705,1835,145653,1185,2111310,1834,133927,1184,2107686,1823,133847,1182,1492151333210]
04-14 14:28:53.730   708   708 I free_storage_changed: 13213396992
04-14 14:28:58.272   708   725 I notification_visibility_changed: [,-1|android|17040644|null|1000;-1|android|17040636|null|1000]
04-14 14:28:58.275   708  1194 I notification_panel_hidden: []
04-14 14:29:14.909   708   724 I am_home_stack_moved: [0,0,1,1,intentActivityFound]
04-14 14:29:14.910   708   724 I wm_task_moved: [2,1,0]
04-14 14:29:14.918   708   724 I am_new_intent: [0,310498440,2,com.zhihu.android/.app.ui.activity.MainActivity,android.intent.action.MAIN,NULL,NULL,270532608]
04-14 14:29:31.475   708   773 I am_anr  : [0,1823,com.zhihu.android,14171716,Input dispatching timed out (Waiting to send key event because the focused window has not finished processing all of the input events that were previously delivered to it.  Outbound queue length: 0.  Wait queue length: 1.)]
04-14 14:29:39.382   708   708 I notification_cancel: [10054,1823,com.zhihu.android,0,NULL,0,0,64,8,NULL]
04-14 14:29:56.763   708 10258 I am_proc_start: [0,20492,10046,com.android.printspooler,service,com.android.printspooler/.model.PrintSpoolerService]
04-14 14:29:57.123   708  1259 I am_proc_bound: [0,20492,com.android.printspooler]
04-14 14:30:26.114   708   780 I power_sleep_requested: 0
04-14 14:30:27.471   708   708 I power_screen_state: [0,3,0,0]
04-14 14:30:27.471   708   708 I screen_toggled: 0
04-14 14:30:27.484   708   708 I power_screen_broadcast_send: 1
04-14 14:30:28.493   708   708 I am_pause_activity: [0,930130608,com.zhihu.android/.app.ui.activity.MainActivity]
04-14 14:30:28.996   708   773 I am_focused_activity: [0,com.zhihu.android/.app.ui.activity.MainActivity]
04-14 14:30:32.882   708  1196 I notification_expansion: [-1|android|17040644|null|1000,0,0]
04-14 14:30:37.740   708   773 I am_broadcast_discard_filter: [0,997937364,android.intent.action.SCREEN_OFF,11,865281629]
04-14 14:30:39.169   856   856 I sysui_status_bar_state: [1,1,0,0,0,1]
04-14 14:30:39.361   176   176 I sf_frame_dur: [NavigationBar,13,0,1,0,1,0,0]
04-14 14:30:40.245   708 16952 I am_crash: [999,0,com.android.settings,1086864965,java.util.concurrent.TimeoutException,com.android.internal.os.BinderInternal$GcWatcher.finalize() timed out after 10 seconds,Object.java,149]
04-14 14:30:42.328   708 16952 I am_kill : [0,999,com.android.settings,13,crash]
04-14 14:30:42.545   708  1259 I am_crash: [1054,0,com.android.inputmethod.latin,13155909,java.util.concurrent.TimeoutException,com.android.internal.os.BinderInternal$GcWatcher.finalize() timed out after 10 seconds,Daemons.java,79]
04-14 14:30:43.691   708  1259 I am_kill : [0,1054,com.android.inputmethod.latin,2,crash]
04-14 14:30:44.126   856   856 I sysui_heads_up_status: [,0]
04-14 14:30:44.130   708   708 I power_screen_broadcast_done: [0,16646,1]
04-14 14:30:59.517   708 11058 I am_proc_died: [0,999,com.android.settings]
04-14 14:30:59.782   708  1196 I am_proc_died: [0,1054,com.android.inputmethod.latin]
04-14 14:30:59.783   708  1196 I am_schedule_service_restart: [0,com.android.inputmethod.latin/.LatinIME,1000]
04-14 14:31:00.920   708   773 I am_proc_start: [0,2088,10034,com.android.inputmethod.latin,service,com.android.inputmethod.latin/.LatinIME]
04-14 14:31:01.108   708   808 I am_proc_bound: [0,2088,com.android.inputmethod.latin]
04-14 14:31:02.757  1823  1823 I am_on_paused_called: [0,com.zhihu.android.app.ui.activity.MainActivity]
04-14 14:31:02.761   708  1196 I am_failed_to_pause: [0,930130608,com.zhihu.android/.app.ui.activity.MainActivity,(none)]
04-14 14:31:05.509   708  1844 I notification_clicked: -1|android|17040644|null|1000
04-14 14:31:05.509   708   708 I notification_cancel: [10013,856,android,17040644,NULL,-1,16,64,1,NULL]
04-14 14:31:07.389   708   708 I power_screen_state: [1,0,0,0]
04-14 14:31:07.389   708   708 I screen_toggled: 1
04-14 14:31:07.390   708   708 I power_screen_broadcast_send: 1
04-14 14:31:08.224   176   176 I sf_frame_dur: [ColorFade,25,1,0,0,0,0,0]
04-14 14:31:08.399   856   856 I sysui_panelholder_touch: [0,85,874]
04-14 14:31:08.460   856   856 I screen_toggled: 2
04-14 14:31:08.584   708  1844 I notification_expansion: [-1|android|17040644|null|1000,0,1]
04-14 14:31:08.689   856   856 I sysui_status_bar_state: [0,0,0,0,0,1]
04-14 14:31:08.696   708  1720 I am_resume_activity: [0,930130608,2,com.zhihu.android/.app.ui.activity.MainActivity]
04-14 14:31:10.889   708   708 I power_screen_broadcast_done: [1,3499,1]
04-14 14:31:10.984   708   708 I notification_cancel: [10054,1823,com.zhihu.android,0,NULL,0,0,64,8,NULL]
04-14 14:31:11.020  1823  1823 I am_on_resume_called: [0,com.zhihu.android.app.ui.activity.MainActivity]
04-14 14:31:11.066   708   808 I imf_force_reconnect_ime: [com.android.inputmethod.latin/.LatinIME,11199,0]
04-14 14:31:22.083   708  1259 I imf_force_reconnect_ime: [com.android.inputmethod.latin/.LatinIME,11011,0]
04-14 14:31:32.174   708   773 I am_proc_start: [0,8705,10038,com.android.music,broadcast,com.android.music/.MediaButtonIntentReceiver]
04-14 14:31:33.485   708  1720 I am_proc_bound: [0,8705,com.android.music]
04-14 14:32:40.000   708   708 I notification_cancel: [10054,1823,com.zhihu.android,0,NULL,0,0,64,8,NULL]
04-14 14:32:44.218   856   856 I sysui_panelholder_touch: [0,661,67]
04-14 14:32:44.389   708 10522 I notification_panel_revealed: []
04-14 14:32:44.475   708  1720 I notification_visibility_changed: [-1|android|17040644|null|1000;-1|android|17040636|null|1000,]
04-14 14:32:44.603   708   808 I notification_visibility_changed: [,-1|android|17040644|null|1000;-1|android|17040636|null|1000]
04-14 14:32:44.606   708  1844 I notification_panel_hidden: []
04-14 14:32:45.102   708 10258 I notification_panel_revealed: []
04-14 14:32:48.488   708 10258 I notification_visibility_changed: [-1|android|17040644|null|1000;-1|android|17040636|null|1000,]
04-14 14:32:50.220   708 10258 I notification_visibility_changed: [,-1|android|17040644|null|1000;-1|android|17040636|null|1000]
04-14 14:32:50.233   708 10522 I notification_panel_hidden: []
04-14 14:32:55.546   708   708 I notification_cancel: [10054,1823,com.zhihu.android,0,NULL,0,0,64,8,NULL]
04-14 14:33:03.142   176   176 I sf_frame_dur: [VolumePanel,14,2,0,1,1,1,1]
04-14 14:33:03.844   708   708 I notification_cancel: [10054,1823,com.zhihu.android,0,NULL,0,0,64,8,NULL]
04-14 14:33:10.674   176   176 I sf_frame_dur: [VolumePanel,0,0,0,0,0,1,0]
04-14 14:33:15.157   708 10258 I force_gc: Binder
04-14 14:33:22.684   708   725 I force_gc: Binder
04-14 14:33:23.771   856   856 I force_gc: Binder
04-14 14:33:29.330   708  1718 I force_gc: Binder
04-14 14:33:32.278   708   708 I notification_cancel: [10054,1823,com.zhihu.android,0,NULL,0,0,64,8,NULL]
04-14 14:33:32.700   856   856 I force_gc: Binder
04-14 14:33:35.893   708  1194 I force_gc: Binder
04-14 14:33:42.930   708  1720 I force_gc: Binder
04-14 14:33:44.661   856   856 I force_gc: Binder
04-14 14:33:52.054   708  1195 I force_gc: Binder
04-14 14:33:55.565   176   176 I sf_frame_dur: [VolumePanel,0,0,0,0,1,0,0]
04-14 14:34:04.997   708 10522 I force_gc: Binder
04-14 14:34:12.133   708  1720 I force_gc: Binder
04-14 14:34:16.100   856   856 I force_gc: Binder
04-14 14:34:21.072   708 10522 I force_gc: Binder
04-14 14:34:28.737   708  1158 I force_gc: Binder
04-14 14:34:36.925   708   725 I force_gc: Binder
04-14 14:34:46.128   708  1195 I force_gc: Binder
04-14 14:34:47.157   708  1158 I am_home_stack_moved: [0,0,1,1,intentActivityFound]
04-14 14:34:47.157   708  1158 I wm_task_moved: [2,1,0]
04-14 14:34:47.191   708  1158 I am_new_intent: [0,367788759,2,com.zhihu.android/.app.ui.activity.MainActivity,android.intent.action.MAIN,NULL,NULL,270532608]
04-14 14:34:54.925   708  1194 I force_gc: Binder
04-14 14:35:02.135   708  1196 I force_gc: Binder
04-14 14:35:05.278   856   856 I force_gc: Binder
04-14 14:35:10.837   708  1194 I force_gc: Binder
04-14 14:35:17.580   708 11058 I am_home_stack_moved: [0,0,1,1,intentActivityFound]
04-14 14:35:17.580   708 11058 I wm_task_moved: [2,1,0]
04-14 14:35:17.587   708 11058 I am_new_intent: [0,233487408,2,com.zhihu.android/.app.ui.activity.MainActivity,android.intent.action.MAIN,NULL,NULL,270532608]
04-14 14:35:18.604   708 11058 I am_home_stack_moved: [0,0,1,1,intentActivityFound]
04-14 14:35:18.604   708 11058 I wm_task_moved: [2,1,0]
04-14 14:35:18.616   708 11058 I am_new_intent: [0,795406505,2,com.zhihu.android/.app.ui.activity.MainActivity,android.intent.action.MAIN,NULL,NULL,270532608]
04-14 14:35:19.629   708  1720 I am_home_stack_moved: [0,0,1,1,intentActivityFound]
04-14 14:35:19.629   708  1720 I wm_task_moved: [2,1,0]
04-14 14:35:19.636   708  1720 I am_new_intent: [0,884483630,2,com.zhihu.android/.app.ui.activity.MainActivity,android.intent.action.MAIN,NULL,NULL,270532608]
04-14 14:35:21.222   708   725 I force_gc: Binder
04-14 14:35:24.507   856   856 I force_gc: Binder
04-14 14:35:27.348   708   725 I am_home_stack_moved: [0,0,1,1,intentActivityFound]
04-14 14:35:27.348   708   725 I wm_task_moved: [2,1,0]
04-14 14:35:27.354   708   725 I am_new_intent: [0,1064790876,2,com.zhihu.android/.app.ui.activity.MainActivity,android.intent.action.MAIN,NULL,NULL,270532608]
04-14 14:35:28.214   708  1196 I force_gc: Binder
04-14 14:35:32.948   708   813 I netstats_mobile_sample: [0,0,0,0,0,0,0,0,0,0,0,0,1492151732949]
04-14 14:35:32.949   708   813 I netstats_wifi_sample: [4099509,3984,377885,2764,4092090,3979,354651,2761,4090722,3960,354651,2761,1492151732949]
04-14 14:35:33.692   856   856 I force_gc: Binder
04-14 14:35:34.788   708  1195 I force_gc: Binder
04-14 14:35:41.030   708 16952 I force_gc: Binder
04-14 14:35:42.366   856   856 I force_gc: Binder
04-14 14:35:48.591   708  1259 I force_gc: Binder
04-14 14:35:55.308   856   856 I force_gc: Binder
04-14 14:35:55.835   708  1196 I force_gc: Binder
04-14 14:35:56.202   708   708 I free_storage_changed: 13211021312
04-14 14:36:03.500   708  1718 I force_gc: Binder
04-14 14:36:05.626   708  1259 I am_home_stack_moved: [0,0,1,1,intentActivityFound]
04-14 14:36:05.626   708  1259 I wm_task_moved: [2,1,0]
04-14 14:36:05.639   708  1259 I am_new_intent: [0,230092389,2,com.zhihu.android/.app.ui.activity.MainActivity,android.intent.action.MAIN,NULL,NULL,270532608]
04-14 14:36:08.832   708  1718 I am_home_stack_moved: [0,0,1,1,intentActivityFound]
04-14 14:36:08.832   708  1718 I wm_task_moved: [2,1,0]
04-14 14:36:08.839   708  1718 I am_new_intent: [0,446986042,2,com.zhihu.android/.app.ui.activity.MainActivity,android.intent.action.MAIN,NULL,NULL,270532608]
04-14 14:36:13.102   708   806 I force_gc: Binder
04-14 14:36:22.561   708   724 I force_gc: Binder
04-14 14:36:29.960   708  1844 I force_gc: Binder
04-14 14:36:35.459   856   856 I force_gc: Binder
04-14 14:36:37.295   708 11058 I force_gc: Binder
04-14 14:36:39.220   708  1720 I am_home_stack_moved: [0,0,1,1,intentActivityFound]
04-14 14:36:39.222   708  1720 I wm_task_moved: [2,1,0]
04-14 14:36:39.228   708  1720 I am_new_intent: [0,624336875,2,com.zhihu.android/.app.ui.activity.MainActivity,android.intent.action.MAIN,NULL,NULL,270532608]
04-14 14:36:46.234   708 11058 I force_gc: Binder
04-14 14:36:55.678   708   806 I force_gc: Binder
04-14 14:37:03.299   708 10258 I force_gc: Binder
04-14 14:37:10.408   708  1718 I force_gc: Binder
04-14 14:37:14.413   856   856 I force_gc: Binder
04-14 14:37:16.457   708 16952 I battery_level: [85,4101,413]
04-14 14:37:16.475   708   708 I notification_cancel: [10013,856,com.android.systemui,100,low_battery,-1,0,64,8,NULL]
04-14 14:37:17.670   708   806 I force_gc: Binder
04-14 14:37:23.981   708  1720 I force_gc: Binder
04-14 14:37:24.896   856   856 I force_gc: Binder
04-14 14:37:30.682   708   808 I force_gc: Binder
04-14 14:37:33.404   856   856 I force_gc: Binder
04-14 14:37:37.504   708 11058 I force_gc: Binder
04-14 14:37:39.289   856   856 I sysui_panelholder_touch: [0,948,70]
04-14 14:37:39.405   708  1718 I notification_panel_revealed: []
04-14 14:37:39.442   708   806 I notification_visibility_changed: [-1|android|17040644|null|1000;-1|android|17040636|null|1000,]
04-14 14:37:40.678   708 11058 I notification_visibility_changed: [,-1|android|17040644|null|1000;-1|android|17040636|null|1000]
04-14 14:37:40.681   708  1718 I notification_panel_hidden: []
04-14 14:37:46.421   708  1718 I force_gc: Binder
04-14 14:37:52.997   708 16952 I force_gc: Binder
04-14 14:37:53.218   856   856 I force_gc: Binder
04-14 14:37:59.796   708  1718 I force_gc: Binder
04-14 14:38:05.657   856   856 I force_gc: Binder
04-14 14:38:07.757   708  1158 I force_gc: Binder
04-14 14:38:14.611   708 11058 I force_gc: Binder
04-14 14:38:22.848   708  1158 I force_gc: Binder
04-14 14:38:24.504   856   856 I force_gc: Binder
04-14 14:38:26.085   856   856 I sysui_panelholder_touch: [0,979,6]
04-14 14:38:26.291   708   806 I notification_panel_revealed: []
04-14 14:38:26.430   708  1158 I notification_visibility_changed: [-1|android|17040644|null|1000;-1|android|17040636|null|1000,]
04-14 14:38:26.623   708  1718 I notification_visibility_changed: [,-1|android|17040644|null|1000;-1|android|17040636|null|1000]
04-14 14:38:26.648   708  1718 I notification_panel_hidden: []
04-14 14:38:27.291   708  1718 I notification_panel_revealed: []
04-14 14:38:28.247   708   806 I notification_visibility_changed: [-1|android|17040644|null|1000;-1|android|17040636|null|1000,]
04-14 14:38:29.585   708  1718 I notification_visibility_changed: [,-1|android|17040644|null|1000;-1|android|17040636|null|1000]
04-14 14:38:29.588   708 11058 I notification_panel_hidden: []
04-14 14:38:34.458   708   806 I force_gc: Binder
04-14 14:38:41.816   708  1720 I force_gc: Binder
04-14 14:38:50.781   708   724 I force_gc: Binder
04-14 14:38:56.125   856   856 I force_gc: Binder
04-14 14:38:57.835   708   725 I force_gc: Binder
04-14 14:39:05.548   708 11058 I force_gc: Binder
04-14 14:39:08.326   176   176 I sf_frame_dur: [VolumePanel,0,0,0,0,1,0,0]
04-14 14:39:13.916   708  1718 I force_gc: Binder
04-14 14:39:16.016   856   856 I force_gc: Binder
04-14 14:39:19.422   708   725 I am_home_stack_moved: [0,0,1,1,intentActivityFound]
04-14 14:39:19.423   708   725 I wm_task_moved: [2,1,0]
04-14 14:39:19.429   708   725 I am_new_intent: [0,922587488,2,com.zhihu.android/.app.ui.activity.MainActivity,android.intent.action.MAIN,NULL,NULL,270532608]
04-14 14:39:21.177   708   808 I force_gc: Binder
04-14 14:39:23.954   856   856 I force_gc: Binder
04-14 14:39:27.819   708  1718 I force_gc: Binder
04-14 14:39:33.683   856   856 I force_gc: Binder
04-14 14:39:34.745   708   724 I force_gc: Binder
04-14 14:39:41.933   708 16952 I force_gc: Binder
04-14 14:39:43.599   708   724 I am_home_stack_moved: [0,0,1,1,intentActivityFound]
04-14 14:39:43.600   708   724 I wm_task_moved: [2,1,0]
04-14 14:39:43.606   708   724 I am_new_intent: [0,705722078,2,com.zhihu.android/.app.ui.activity.MainActivity,android.intent.action.MAIN,NULL,NULL,270532608]
04-14 14:39:46.448   856   856 I force_gc: Binder
04-14 14:39:48.985   708 16952 I force_gc: Binder
04-14 14:39:56.500   708  1196 I force_gc: Binder
04-14 14:40:04.201   708   725 I force_gc: Binder
04-14 14:40:06.706   856   856 I force_gc: Binder
04-14 14:40:07.692   856   856 I sysui_panelholder_touch: [0,791,56]
04-14 14:40:08.001   708  1196 I notification_panel_revealed: []
04-14 14:40:08.169   708   724 I notification_visibility_changed: [-1|android|17040644|null|1000;-1|android|17040636|null|1000,]
04-14 14:40:18.618   708   724 I am_home_stack_moved: [0,0,1,1,intentActivityFound]
04-14 14:40:18.618   708   724 I wm_task_moved: [2,1,0]
04-14 14:40:19.134   708   724 I am_new_intent: [0,499052429,2,com.zhihu.android/.app.ui.activity.MainActivity,android.intent.action.MAIN,NULL,NULL,270532608]
04-14 14:40:20.330   856   856 I sysui_panelholder_touch: [0,1046,977]
04-14 14:40:20.453   708   724 I notification_visibility_changed: [,-1|android|17040644|null|1000;-1|android|17040636|null|1000]
04-14 14:40:20.455   708  1196 I notification_panel_hidden: []
04-14 14:40:28.522   708   806 I force_gc: Binder
04-14 14:40:39.362   708  1195 I force_gc: Binder
04-14 14:40:43.854   856   856 I force_gc: Binder
04-14 14:40:45.723   708  1196 I force_gc: Binder
04-14 14:40:47.219   708 16952 I am_home_stack_moved: [0,0,1,1,intentActivityFound]
04-14 14:40:47.219   708 16952 I wm_task_moved: [2,1,0]
04-14 14:40:47.232   708 16952 I am_new_intent: [0,727131458,2,com.zhihu.android/.app.ui.activity.MainActivity,android.intent.action.MAIN,NULL,NULL,270532608]
04-14 14:40:52.555   708 11058 I force_gc: Binder
04-14 14:40:55.354   856   856 I force_gc: Binder
04-14 14:41:00.832   708   808 I force_gc: Binder
04-14 14:41:08.728   708 11058 I force_gc: Binder
04-14 14:41:14.484   856   856 I sysui_panelholder_touch: [0,988,39]
04-14 14:41:14.541   708   808 I notification_panel_revealed: []
04-14 14:41:14.581   708   806 I notification_visibility_changed: [-1|android|17040644|null|1000;-1|android|17040636|null|1000,]
04-14 14:41:14.619   708 11058 I notification_visibility_changed: [,-1|android|17040644|null|1000;-1|android|17040636|null|1000]
04-14 14:41:14.621   708  1196 I notification_panel_hidden: []
04-14 14:41:14.822   708   806 I notification_panel_revealed: []
04-14 14:41:15.243   708  1196 I notification_visibility_changed: [-1|android|17040644|null|1000;-1|android|17040636|null|1000,]
04-14 14:41:16.704   708  1844 I force_gc: Binder
04-14 14:41:17.672   708  1195 I notification_visibility_changed: [,-1|android|17040644|null|1000;-1|android|17040636|null|1000]
04-14 14:41:17.680   708   806 I notification_panel_hidden: []
04-14 14:41:24.849   708  1195 I force_gc: Binder
04-14 14:41:25.851   856   856 I force_gc: Binder
04-14 14:41:26.263   708  1195 I am_home_stack_moved: [0,0,1,1,intentActivityFound]
04-14 14:41:26.263   708  1195 I wm_task_moved: [2,1,0]
04-14 14:41:26.278   708  1195 I am_new_intent: [0,516428432,2,com.zhihu.android/.app.ui.activity.MainActivity,android.intent.action.MAIN,NULL,NULL,270532608]
04-14 14:41:32.360   708   808 I force_gc: Binder
04-14 14:41:35.033   856   856 I force_gc: Binder
04-14 14:41:39.740   708  1844 I force_gc: Binder
04-14 14:41:46.700   856   856 I force_gc: Binder
04-14 14:41:49.600   176   176 I sf_frame_dur: [VolumePanel,0,0,0,0,1,0,0]
04-14 14:41:49.904   708  1194 I force_gc: Binder
04-14 14:41:58.969   176   176 I sf_frame_dur: [VolumePanel,0,0,0,0,0,1,0]
04-14 14:41:59.681   708  1718 I force_gc: Binder
04-14 14:42:07.120   708   808 I force_gc: Binder
04-14 14:42:09.829   176   176 I sf_frame_dur: [VolumePanel,0,0,0,1,0,0,0]
04-14 14:42:13.871   856   856 I force_gc: Binder
04-14 14:42:14.358   708 10258 I force_gc: Binder
04-14 14:42:20.051   708  1194 I am_home_stack_moved: [0,0,1,1,intentActivityFound]
04-14 14:42:20.051   708  1194 I wm_task_moved: [2,1,0]
04-14 14:42:20.069   708  1194 I am_new_intent: [0,565067175,2,com.zhihu.android/.app.ui.activity.MainActivity,android.intent.action.MAIN,NULL,NULL,270532608]
04-14 14:42:21.662   708  1194 I force_gc: Binder
04-14 14:42:26.347   856   856 I force_gc: Binder
04-14 14:42:31.505   708  1718 I force_gc: Binder
04-14 14:42:36.902   856   856 I force_gc: Binder
04-14 14:42:39.055   708 10522 I force_gc: Binder
04-14 14:42:45.434   856   856 I force_gc: Binder
04-14 14:42:45.602   708   808 I force_gc: Binder
04-14 14:42:52.436   708  1196 I force_gc: Binder
04-14 14:42:53.973   856   856 I force_gc: Binder
04-14 14:43:02.747   708 16952 I force_gc: Binder
04-14 14:43:09.436   708   808 I force_gc: Binder
04-14 14:43:13.882   856   856 I force_gc: Binder
04-14 14:43:16.673   708  1194 I force_gc: Binder
04-14 14:43:23.949   708  1194 I force_gc: Binder
04-14 14:43:24.631   856   856 I force_gc: Binder
04-14 14:43:30.758   708   806 I force_gc: Binder
04-14 14:43:33.664   856   856 I force_gc: Binder
04-14 14:43:37.731   708  1720 I force_gc: Binder
04-14 14:43:45.916   176   176 I sf_frame_dur: [VolumePanel,0,0,0,1,0,0,0]
04-14 14:43:46.136   708  1196 I force_gc: Binder
04-14 14:43:50.899   708   808 I am_home_stack_moved: [0,0,1,1,intentActivityFound]
04-14 14:43:50.899   708   808 I wm_task_moved: [2,1,0]
04-14 14:43:50.907   708   808 I am_new_intent: [0,94682174,2,com.zhihu.android/.app.ui.activity.MainActivity,android.intent.action.MAIN,NULL,NULL,270532608]
04-14 14:43:53.367   708  1194 I force_gc: Binder
04-14 14:43:55.753   856   856 I force_gc: Binder
04-14 14:44:04.255   708   806 I force_gc: Binder
04-14 14:44:12.855   708   724 I force_gc: Binder
04-14 14:44:15.104   856   856 I force_gc: Binder
04-14 14:44:20.897   708  1259 I force_gc: Binder
04-14 14:44:24.650   856   856 I force_gc: Binder
04-14 14:44:29.428   708  1194 I am_home_stack_moved: [0,0,1,1,intentActivityFound]
04-14 14:44:29.428   708  1194 I wm_task_moved: [2,1,0]
04-14 14:44:29.435   708  1194 I am_new_intent: [0,131785147,2,com.zhihu.android/.app.ui.activity.MainActivity,android.intent.action.MAIN,NULL,NULL,270532608]
04-14 14:44:29.736   708  1158 I force_gc: Binder
04-14 14:44:32.640   708   725 I am_home_stack_moved: [0,0,1,1,intentActivityFound]
04-14 14:44:32.640   708   725 I wm_task_moved: [2,1,0]
04-14 14:44:32.647   708   725 I am_new_intent: [0,446383832,2,com.zhihu.android/.app.ui.activity.MainActivity,android.intent.action.MAIN,NULL,NULL,270532608]
04-14 14:44:36.599   708 11058 I force_gc: Binder
04-14 14:44:43.395   708   725 I force_gc: Binder
04-14 14:44:44.719   856   856 I force_gc: Binder
04-14 14:44:50.856   708  1158 I force_gc: Binder
04-14 14:44:56.676   856   856 I force_gc: Binder
04-14 14:44:59.832   708 11058 I force_gc: Binder
04-14 14:45:06.361   856   856 I force_gc: Binder
04-14 14:45:06.825   708   725 I force_gc: Binder
04-14 14:45:13.997   708   806 I force_gc: Binder
04-14 14:45:15.873   856   856 I force_gc: Binder
04-14 14:45:21.367   176   176 I sf_frame_dur: [VolumePanel,14,9,3,1,2,0,0]
04-14 14:45:23.065   708   725 I force_gc: Binder
04-14 14:45:30.532   708  1720 I force_gc: Binder
04-14 14:45:37.827   708  1720 I force_gc: Binder
04-14 14:45:42.685   856   856 I sysui_panelholder_touch: [0,771,39]
04-14 14:45:42.835   708  1196 I notification_panel_revealed: []
04-14 14:45:42.929   708   806 I notification_visibility_changed: [-1|android|17040644|null|1000;-1|android|17040636|null|1000,]
04-14 14:45:44.882   708  1259 I notification_visibility_changed: [,-1|android|17040644|null|1000;-1|android|17040636|null|1000]
04-14 14:45:44.931   708   806 I notification_panel_hidden: []
04-14 14:45:48.697   708  1844 I force_gc: Binder
04-14 14:45:55.641   708  1720 I force_gc: Binder
04-14 14:45:56.897   856   856 I force_gc: Binder
04-14 14:46:04.598   708  1158 I force_gc: Binder
04-14 14:46:12.698   708  1195 I force_gc: Binder
04-14 14:46:16.753   856   856 I force_gc: Binder
04-14 14:46:17.257   856   856 I sysui_panelholder_touch: [0,101,30]
04-14 14:46:17.368   708  1195 I notification_panel_revealed: []
04-14 14:46:17.377   708 10522 I notification_visibility_changed: [-1|android|17040644|null|1000;-1|android|17040636|null|1000,]
04-14 14:46:19.354   708  1720 I notification_visibility_changed: [,-1|android|17040644|null|1000;-1|android|17040636|null|1000]
04-14 14:46:19.358   708 10522 I notification_panel_hidden: []
04-14 14:46:23.537   708  1196 I force_gc: Binder
04-14 14:46:30.184   856   856 I sysui_panelholder_touch: [0,579,73]
04-14 14:46:30.274   708   724 I notification_panel_revealed: []
04-14 14:46:30.293   708  1194 I notification_visibility_changed: [-1|android|17040644|null|1000;-1|android|17040636|null|1000,]
04-14 14:46:31.262   708  1195 I notification_visibility_changed: [,-1|android|17040644|null|1000;-1|android|17040636|null|1000]
04-14 14:46:31.274   708  1720 I notification_panel_hidden: []
04-14 14:46:32.775   708   724 I force_gc: Binder
04-14 14:46:36.924   856   856 I force_gc: Binder
04-14 14:46:41.936   708 11058 I force_gc: Binder
04-14 14:46:46.310   856   856 I force_gc: Binder
04-14 14:46:49.746   708  1196 I force_gc: Binder
04-14 14:46:56.903   708  1196 I force_gc: Binder
04-14 14:47:03.911   708  1196 I force_gc: Binder
04-14 14:47:06.845   856   856 I force_gc: Binder
04-14 14:47:12.554   708  1844 I force_gc: Binder
04-14 14:47:21.805   176   176 I sf_frame_dur: [VolumePanel,0,0,0,1,0,0,0]
04-14 14:47:21.930   708 11058 I force_gc: Binder
04-14 14:47:25.264   856   856 I force_gc: Binder
04-14 14:47:28.749   708  1259 I force_gc: Binder
04-14 14:47:35.545   856   856 I force_gc: Binder
04-14 14:47:35.859   708   806 I force_gc: Binder
04-14 14:47:42.714   708 10522 I force_gc: Binder
04-14 14:47:44.631   856   856 I force_gc: Binder
04-14 14:47:49.690   708   725 I force_gc: Binder
04-14 14:47:57.065   176   176 I sf_frame_dur: [VolumePanel,0,1,1,0,0,0,0]
04-14 14:47:57.414   856   856 I force_gc: Binder
04-14 14:47:58.219   708   806 I force_gc: Binder
04-14 14:48:05.346   708  1196 I force_gc: Binder
04-14 14:48:08.309   708 10258 I battery_level: [84,4097,429]
04-14 14:48:08.341   708   708 I notification_cancel: [10013,856,com.android.systemui,100,low_battery,-1,0,64,8,NULL]
04-14 14:48:12.496   176   176 I sf_frame_dur: [VolumePanel,0,0,0,0,1,0,0]
04-14 14:48:17.198   708 10258 I force_gc: Binder
04-14 14:48:24.859   708   724 I force_gc: Binder
04-14 14:48:32.135   708   725 I force_gc: Binder
04-14 14:48:35.202   856   856 I force_gc: Binder
04-14 14:48:39.622   708 10258 I force_gc: Binder
04-14 14:48:46.621   708   806 I am_home_stack_moved: [0,0,1,1,intentActivityFound]
04-14 14:48:46.623   708   806 I wm_task_moved: [2,1,0]
04-14 14:48:46.629   708   806 I am_new_intent: [0,88211873,2,com.zhihu.android/.app.ui.activity.MainActivity,android.intent.action.MAIN,NULL,NULL,270532608]
04-14 14:48:46.675   856   856 I force_gc: Binder
04-14 14:48:47.032   708 10258 I force_gc: Binder
04-14 14:48:51.403   708  1196 I am_home_stack_moved: [0,0,1,1,intentActivityFound]
04-14 14:48:51.404   708  1196 I wm_task_moved: [2,1,0]
04-14 14:48:51.416   708  1196 I am_new_intent: [0,986422151,2,com.zhihu.android/.app.ui.activity.MainActivity,android.intent.action.MAIN,NULL,NULL,270532608]
04-14 14:48:55.112   708  1158 I force_gc: Binder
04-14 14:49:02.128   708   725 I force_gc: Binder
04-14 14:49:02.878   856   856 I sysui_panelholder_touch: [0,370,54]
04-14 14:49:02.952   708 16952 I notification_panel_revealed: []
04-14 14:49:02.961   708   725 I notification_visibility_changed: [-1|android|17040644|null|1000;-1|android|17040636|null|1000,]
04-14 14:49:03.770   708 10258 I notification_visibility_changed: [,-1|android|17040644|null|1000;-1|android|17040636|null|1000]
04-14 14:49:03.773   708   806 I notification_panel_hidden: []
04-14 14:49:06.588   856   856 I force_gc: Binder
04-14 14:49:10.231   708   724 I force_gc: Binder
04-14 14:49:15.787   856   856 I force_gc: Binder
04-14 14:49:17.462   708  1718 I force_gc: Binder
04-14 14:49:24.825   708   725 I force_gc: Binder
04-14 14:49:32.171   708   808 I force_gc: Binder
04-14 14:49:36.273   856   856 I force_gc: Binder
04-14 14:49:39.924   708  1718 I force_gc: Binder
04-14 14:49:48.303   708 10522 I force_gc: Binder
04-14 14:49:55.631   708   725 I force_gc: Binder
04-14 14:50:03.948   708   808 I force_gc: Binder
04-14 14:50:04.094   708 10522 I am_home_stack_moved: [0,0,1,1,intentActivityFound]
04-14 14:50:04.094   708 10522 I wm_task_moved: [2,1,0]
04-14 14:50:04.101   708 10522 I am_new_intent: [0,643569373,2,com.zhihu.android/.app.ui.activity.MainActivity,android.intent.action.MAIN,NULL,NULL,270532608]
04-14 14:50:05.120   708   806 I am_home_stack_moved: [0,0,1,1,intentActivityFound]
04-14 14:50:05.120   708   806 I wm_task_moved: [2,1,0]
04-14 14:50:05.127   708   806 I am_new_intent: [0,658270499,2,com.zhihu.android/.app.ui.activity.MainActivity,android.intent.action.MAIN,NULL,NULL,270532608]
04-14 14:50:15.518   708   725 I force_gc: Binder
04-14 14:50:20.526   856   856 I sysui_panelholder_touch: [0,167,72]
04-14 14:50:20.673   708 10522 I notification_panel_revealed: []
04-14 14:50:20.681   708  1844 I notification_visibility_changed: [-1|android|17040644|null|1000;-1|android|17040636|null|1000,]
04-14 14:50:23.251   708 16952 I notification_visibility_changed: [,-1|android|17040644|null|1000;-1|android|17040636|null|1000]
04-14 14:50:23.254   708  1259 I notification_panel_hidden: []
04-14 14:50:26.999   708 16952 I force_gc: Binder
04-14 14:50:33.777   708  1259 I force_gc: Binder
04-14 14:50:35.396   856   856 I force_gc: Binder
04-14 14:50:41.808   708   725 I force_gc: Binder
04-14 14:50:49.464   708 10258 I force_gc: Binder
04-14 14:50:57.125   708  1259 I force_gc: Binder
04-14 14:51:04.977   708 16952 I force_gc: Binder
