04-14 17:36:43.282  1823  1823 W ViewRootImpl: Cancelling event due to no window focus: KeyEvent { action=ACTION_UP, keyCode=KEYCODE_DPAD_RIGHT, scanCode=0, metaState=0, flags=0x420, repeatCount=0, eventTime=11405663, downTime=11405663, deviceId=-1, source=0x101 }
04-14 17:36:43.283  1823  1823 W ViewRootImpl: Cancelling event due to no window focus: KeyEvent { action=ACTION_UP, keyCode=KEYCODE_DPAD_RIGHT, scanCode=0, metaState=0, flags=0x420, repeatCount=0, eventTime=11405663, downTime=11405663, deviceId=-1, source=0x101 }
04-14 17:36:43.292  1823  1823 W ViewRootImpl: Dropping event due to no window focus: MotionEvent { action=ACTION_MOVE, id[0]=0, x[0]=-1.0, y[0]=-5.0, toolType[0]=TOOL_TYPE_UNKNOWN, buttonState=0, metaState=0, flags=0x0, edgeFlags=0x0, pointerCount=1, historySize=0, eventTime=11406118, downTime=-1, deviceId=0, source=0x10004 }
04-14 17:36:43.294  1823  1823 W ViewRootImpl: Dropping event due to no window focus: MotionEvent { action=ACTION_MOVE, id[0]=0, x[0]=3.0, y[0]=-1.0, toolType[0]=TOOL_TYPE_UNKNOWN, buttonState=0, metaState=0, flags=0x0, edgeFlags=0x0, pointerCount=1, historySize=7, eventTime=11406134, downTime=-1, deviceId=0, source=0x10004 }
04-14 17:36:43.296  1823  1823 W ViewRootImpl: Dropping event due to no window focus: MotionEvent { action=ACTION_MOVE, id[0]=0, x[0]=-1.0, y[0]=-4.0, toolType[0]=TOOL_TYPE_UNKNOWN, buttonState=0, metaState=0, flags=0x0, edgeFlags=0x0, pointerCount=1, historySize=0, eventTime=11406137, downTime=-1, deviceId=0, source=0x10004 }
04-14 17:36:43.359  1823  1823 W ViewRootImpl: Cancelling event due to no window focus: KeyEvent { action=ACTION_UP, keyCode=KEYCODE_DPAD_RIGHT, scanCode=0, metaState=0, flags=0x80000420, repeatCount=0, eventTime=11405663, downTime=11405663, deviceId=-1, source=0x101 }
04-14 17:36:43.359  1823  1823 W ViewRootImpl: Cancelling event due to no window focus: KeyEvent { action=ACTION_UP, keyCode=KEYCODE_DPAD_RIGHT, scanCode=0, metaState=0, flags=0x80000420, repeatCount=0, eventTime=11405663, downTime=11405663, deviceId=-1, source=0x101 }
04-14 17:36:47.910   708   724 W BackupManagerService: dataChanged but no participant pkg='com.android.providers.settings' uid=10013
04-14 17:37:06.654   708   773 W ProcessCpuTracker: Skipping unknown process pid 13348
04-14 17:37:17.434   708   797 I WindowManager: Input event dispatching timed out sending to StatusBar.  Reason: Waiting to send key event because the focused window has not finished processing all of the input events that were previously delivered to it.  Outbound queue length: 0.  Wait queue length: 10.
04-14 17:37:17.577   708   773 I ActivityManager: Skipping duplicate ANR: ProcessRecord{171c1fe0 1823:com.zhihu.android/u0a54} Input dispatching timed out (Waiting to send key event because the focused window has not finished processing all of the input events that were previously delivered to it.  Outbound queue length: 0.  Wait queue length: 10.)
04-14 17:37:17.584   708   725 W InputManager: Input event injection from pid 3894 timed out.
04-14 17:37:21.507   708 10258 W BackupManagerService: dataChanged but no participant pkg='com.android.providers.settings' uid=10013
04-14 17:37:25.232   708  1259 W ProcessCpuTracker: Skipping unknown process pid 17763
04-14 17:37:25.233   708  1259 W ProcessCpuTracker: Skipping unknown process pid 17765
04-14 17:37:27.186   708 11058 W InputMethodManagerService: Window already focused, ignoring focus gain of: com.android.internal.view.IInputMethodClient$Stub$Proxy@1b54e7f7 attribute=null, token = android.os.BinderProxy@9efa25b
04-14 17:37:43.800   708   797 I WindowManager: Input event dispatching timed out sending to com.zhihu.android/com.zhihu.android.app.ui.activity.MainActivity.  Reason: Waiting to send key event because the focused window has not finished processing all of the input events that were previously delivered to it.  Outbound queue length: 0.  Wait queue length: 20.
04-14 17:37:43.937   708 11058 W InputManager: Input event injection from pid 3894 timed out.
04-14 17:37:44.101   708   773 I ActivityManager: Skipping duplicate ANR: ProcessRecord{171c1fe0 1823:com.zhihu.android/u0a54} Input dispatching timed out (Waiting to send key event because the focused window has not finished processing all of the input events that were previously delivered to it.  Outbound queue length: 0.  Wait queue length: 20.)
04-14 17:38:13.630   708 10522 I ActivityManager: START u0 {act=android.intent.action.MAIN cat=[android.intent.category.LAUNCHER] flg=0x10200000 cmp=com.zhihu.android/.app.ui.activity.MainActivity} from uid 0 on display 0
04-14 17:39:07.508   708 11058 W InputMethodManagerService: Window already focused, ignoring focus gain of: com.android.internal.view.IInputMethodClient$Stub$Proxy@17e60c93 attribute=null, token = android.os.BinderProxy@9efa25b
04-14 17:39:12.307   708   797 I ActivityManager: START u0 {act=android.intent.action.MAIN cat=[android.intent.category.LAUNCHER] flg=0x10000000 cmp=com.android.browser/.BrowserActivity sel=act=android.intent.action.MAIN cat=[android.intent.category.APP_BROWSER]}} from uid 1000 on display 0
04-14 17:39:29.664   708   797 W IntentResolver: resolveIntent failed: found match, but none with CATEGORY_DEFAULT
04-14 17:39:29.665   708   797 I ActivityManager: START u0 {act=android.intent.action.MAIN cat=[android.intent.category.LAUNCHER] flg=0x10000000 sel=act=android.intent.action.MAIN cat=[android.intent.category.APP_CALCULATOR]}} from uid 1000 on display 0
04-14 17:39:50.825   708   724 I ActivityManager: START u0 {act=android.intent.action.MAIN cat=[android.intent.category.LAUNCHER] flg=0x10200000 cmp=com.zhihu.android/.app.ui.activity.MainActivity} from uid 0 on display 0
04-14 17:40:22.532   708  1259 I ActivityManager: START u0 {act=android.intent.action.MAIN cat=[android.intent.category.LAUNCHER] flg=0x10200000 cmp=com.zhihu.android/.app.ui.activity.MainActivity} from uid 0 on display 0
04-14 17:41:31.948   708 10258 I ActivityManager: START u0 {act=android.intent.action.MAIN cat=[android.intent.category.LAUNCHER] flg=0x10200000 cmp=com.zhihu.android/.app.ui.activity.MainActivity} from uid 0 on display 0
04-14 17:42:11.946   708 10522 I ActivityManager: START u0 {act=android.intent.action.MAIN cat=[android.intent.category.LAUNCHER] flg=0x10200000 cmp=com.zhihu.android/.app.ui.activity.MainActivity} from uid 0 on display 0
04-14 17:42:19.360   708 10258 I ActivityManager: START u0 {act=android.intent.action.MAIN cat=[android.intent.category.LAUNCHER] flg=0x10200000 cmp=com.zhihu.android/.app.ui.activity.MainActivity} from uid 0 on display 0
04-14 17:42:30.044   708   818 D ConnectivityService: updateNetworkScore for NetworkAgentInfo [WIFI () - 101] to 55
04-14 17:42:30.044   708   818 D ConnectivityService: rematching NetworkAgentInfo [WIFI () - 101]
04-14 17:42:30.044   708   818 D ConnectivityService: Network NetworkAgentInfo [WIFI () - 101] was already satisfying request 1. No change.
04-14 17:42:30.045   708   818 D ConnectivityService: notifyType AVAILABLE for NetworkAgentInfo [WIFI () - 101]
04-14 17:42:31.684   708 10258 I ActivityManager: START u0 {act=android.intent.action.MAIN cat=[android.intent.category.LAUNCHER] flg=0x10200000 cmp=com.zhihu.android/.app.ui.activity.MainActivity} from uid 0 on display 0
04-14 17:42:33.450   708   818 D ConnectivityService: updateNetworkScore for NetworkAgentInfo [WIFI () - 101] to 56
04-14 17:42:33.450   708   818 D ConnectivityService: rematching NetworkAgentInfo [WIFI () - 101]
04-14 17:42:33.450   708   818 D ConnectivityService: Network NetworkAgentInfo [WIFI () - 101] was already satisfying request 1. No change.
04-14 17:42:33.451   708   818 D ConnectivityService: notifyType AVAILABLE for NetworkAgentInfo [WIFI () - 101]
04-14 17:42:35.725   708   797 I ActivityManager: START u0 {act=android.intent.action.MAIN cat=[android.intent.category.LAUNCHER] flg=0x10000000 cmp=com.android.email/.activity.Welcome sel=act=android.intent.action.MAIN cat=[android.intent.category.APP_EMAIL]}} from uid 1000 on display 0
04-14 17:42:56.800   708   724 I ActivityManager: START u0 {act=android.intent.action.MAIN cat=[android.intent.category.LAUNCHER] flg=0x10200000 cmp=com.zhihu.android/.app.ui.activity.MainActivity} from uid 0 on display 0
04-14 17:43:05.158   708  1844 W ProcessCpuTracker: Skipping unknown process pid 4226
04-14 17:43:05.159   708  1844 W ProcessCpuTracker: Skipping unknown process pid 4228
04-14 17:43:40.398   708   797 W IntentResolver: resolveIntent failed: found match, but none with CATEGORY_DEFAULT
04-14 17:43:40.398   708   797 I ActivityManager: START u0 {act=android.intent.action.MAIN cat=[android.intent.category.LAUNCHER] flg=0x10000000 sel=act=android.intent.action.MAIN cat=[android.intent.category.APP_CALCULATOR]}} from uid 1000 on display 0
04-14 17:44:22.581   708   797 I WindowManager: Input event dispatching timed out sending to com.zhihu.android/com.zhihu.android.app.ui.activity.MainActivity.  Reason: Waiting to send key event because the focused window has not finished processing all of the input events that were previously delivered to it.  Outbound queue length: 0.  Wait queue length: 1.
04-14 17:44:22.734   708  1259 W InputManager: Input event injection from pid 3894 timed out.
04-14 17:44:23.352   708   773 I ActivityManager: Skipping duplicate ANR: ProcessRecord{171c1fe0 1823:com.zhihu.android/u0a54} Input dispatching timed out (Waiting to send key event because the focused window has not finished processing all of the input events that were previously delivered to it.  Outbound queue length: 0.  Wait queue length: 1.)
04-14 17:44:34.698   708   818 D ConnectivityService: updateNetworkScore for NetworkAgentInfo [WIFI () - 101] to 55
04-14 17:44:34.699   708   818 D ConnectivityService: rematching NetworkAgentInfo [WIFI () - 101]
04-14 17:44:34.699   708   818 D ConnectivityService: Network NetworkAgentInfo [WIFI () - 101] was already satisfying request 1. No change.
04-14 17:44:34.699   708   818 D ConnectivityService: notifyType AVAILABLE for NetworkAgentInfo [WIFI () - 101]
04-14 17:44:35.127   708   725 W ProcessCpuTracker: Skipping unknown process pid 26260
04-14 17:44:35.128   708   725 W ProcessCpuTracker: Skipping unknown process pid 26264
04-14 17:44:37.942   708   818 D ConnectivityService: updateNetworkScore for NetworkAgentInfo [WIFI () - 101] to 56
04-14 17:44:37.943   708   818 D ConnectivityService: rematching NetworkAgentInfo [WIFI () - 101]
04-14 17:44:37.943   708   818 D ConnectivityService: Network NetworkAgentInfo [WIFI () - 101] was already satisfying request 1. No change.
04-14 17:44:37.943   708   818 D ConnectivityService: notifyType AVAILABLE for NetworkAgentInfo [WIFI () - 101]
04-14 17:44:48.648   856   856 W ViewRootImpl: Dropping event due to no window focus: KeyEvent { action=ACTION_DOWN, keyCode=KEYCODE_DPAD_UP, scanCode=0, metaState=0, flags=0x8, repeatCount=0, eventTime=11894671, downTime=11894671, deviceId=-1, source=0x101 }
04-14 17:44:48.706   856   856 W ViewRootImpl: Cancelling event due to no window focus: KeyEvent { action=ACTION_UP, keyCode=KEYCODE_DPAD_UP, scanCode=0, metaState=0, flags=0x28, repeatCount=0, eventTime=11894674, downTime=11894674, deviceId=-1, source=0x101 }
04-14 17:44:48.707   856   856 W ViewRootImpl: Cancelling event due to no window focus: KeyEvent { action=ACTION_UP, keyCode=KEYCODE_DPAD_UP, scanCode=0, metaState=0, flags=0x28, repeatCount=0, eventTime=11894674, downTime=11894674, deviceId=-1, source=0x101 }
04-14 17:44:48.707   856   856 W ViewRootImpl: Cancelling event due to no window focus: KeyEvent { action=ACTION_UP, keyCode=KEYCODE_DPAD_UP, scanCode=0, metaState=0, flags=0x28, repeatCount=0, eventTime=11894674, downTime=11894674, deviceId=-1, source=0x101 }
04-14 17:44:48.708   856   856 W ViewRootImpl: Cancelling event due to no window focus: KeyEvent { action=ACTION_UP, keyCode=KEYCODE_DPAD_UP, scanCode=0, metaState=0, flags=0x28, repeatCount=0, eventTime=11894674, downTime=11894674, deviceId=-1, source=0x101 }
04-14 17:44:48.708   856   856 W ViewRootImpl: Cancelling event due to no window focus: KeyEvent { action=ACTION_UP, keyCode=KEYCODE_DPAD_UP, scanCode=0, metaState=0, flags=0x28, repeatCount=0, eventTime=11894674, downTime=11894674, deviceId=-1, source=0x101 }
04-14 17:44:48.709   856   856 W ViewRootImpl: Cancelling event due to no window focus: KeyEvent { action=ACTION_UP, keyCode=KEYCODE_DPAD_UP, scanCode=0, metaState=0, flags=0x28, repeatCount=0, eventTime=11894674, downTime=11894674, deviceId=-1, source=0x101 }
04-14 17:44:48.844   856   856 W ViewRootImpl: Cancelling event due to no window focus: KeyEvent { action=ACTION_UP, keyCode=KEYCODE_DPAD_UP, scanCode=0, metaState=0, flags=0x80000028, repeatCount=0, eventTime=11894674, downTime=11894674, deviceId=-1, source=0x101 }
04-14 17:44:48.948   856   856 W ViewRootImpl: Cancelling event due to no window focus: KeyEvent { action=ACTION_UP, keyCode=KEYCODE_DPAD_UP, scanCode=0, metaState=0, flags=0x80000028, repeatCount=0, eventTime=11894674, downTime=11894674, deviceId=-1, source=0x101 }
04-14 17:44:48.949   856   856 W ViewRootImpl: Cancelling event due to no window focus: KeyEvent { action=ACTION_UP, keyCode=KEYCODE_DPAD_UP, scanCode=0, metaState=0, flags=0x80000028, repeatCount=0, eventTime=11894674, downTime=11894674, deviceId=-1, source=0x101 }
04-14 17:44:51.502   708   808 W InputMethodManagerService: Window already focused, ignoring focus gain of: com.android.internal.view.IInputMethodClient$Stub$Proxy@2dc1b9ad attribute=null, token = android.os.BinderProxy@9efa25b
04-14 17:46:05.196   708   773 W ProcessCpuTracker: Skipping unknown process pid 16402
04-14 17:46:05.198   708   773 W ProcessCpuTracker: Skipping unknown process pid 16406
04-14 17:46:14.861   708   808 I ActivityManager: START u0 {act=android.intent.action.MAIN cat=[android.intent.category.LAUNCHER] flg=0x10008000 cmp=com.android.settings/.UsbSettings} from uid 1000 on display 0
04-14 17:46:15.893   708 11058 I ActivityManager: START u0 {act=android.intent.action.MAIN cat=[android.intent.category.LAUNCHER] flg=0x10008000 cmp=com.android.settings/.UsbSettings} from uid 1000 on display 0
04-14 17:46:16.374   708 16952 W InputMethodManagerService: Window already focused, ignoring focus gain of: com.android.internal.view.IInputMethodClient$Stub$Proxy@4e80406 attribute=null, token = android.os.BinderProxy@9efa25b
04-14 17:46:25.708   708   808 W ProcessCpuTracker: Skipping unknown process pid 21369
04-14 17:46:42.074   708   797 I ActivityManager: START u0 {act=android.intent.action.MAIN cat=[android.intent.category.LAUNCHER] flg=0x10000000 cmp=com.android.music/.MusicBrowserActivity sel=act=android.intent.action.MAIN cat=[android.intent.category.APP_MUSIC]}} from uid 1000 on display 0
04-14 17:46:52.439   708   818 D ConnectivityService: updateNetworkScore for NetworkAgentInfo [WIFI () - 101] to 55
04-14 17:46:52.439   708   818 D ConnectivityService: rematching NetworkAgentInfo [WIFI () - 101]
04-14 17:46:52.439   708   818 D ConnectivityService: Network NetworkAgentInfo [WIFI () - 101] was already satisfying request 1. No change.
04-14 17:46:52.440   708   818 D ConnectivityService: notifyType AVAILABLE for NetworkAgentInfo [WIFI () - 101]
04-14 17:46:55.699   708   818 D ConnectivityService: updateNetworkScore for NetworkAgentInfo [WIFI () - 101] to 56
04-14 17:46:55.700   708   818 D ConnectivityService: rematching NetworkAgentInfo [WIFI () - 101]
04-14 17:46:55.700   708   818 D ConnectivityService: Network NetworkAgentInfo [WIFI () - 101] was already satisfying request 1. No change.
04-14 17:46:55.700   708   818 D ConnectivityService: notifyType AVAILABLE for NetworkAgentInfo [WIFI () - 101]
04-14 17:47:02.325   708   818 D ConnectivityService: updateNetworkScore for NetworkAgentInfo [WIFI () - 101] to 55
04-14 17:47:02.326   708   818 D ConnectivityService: rematching NetworkAgentInfo [WIFI () - 101]
04-14 17:47:02.326   708   818 D ConnectivityService: Network NetworkAgentInfo [WIFI () - 101] was already satisfying request 1. No change.
04-14 17:47:02.326   708   818 D ConnectivityService: notifyType AVAILABLE for NetworkAgentInfo [WIFI () - 101]
04-14 17:47:05.754   708   818 D ConnectivityService: updateNetworkScore for NetworkAgentInfo [WIFI () - 101] to 56
04-14 17:47:05.755   708   818 D ConnectivityService: rematching NetworkAgentInfo [WIFI () - 101]
04-14 17:47:05.755   708   818 D ConnectivityService: Network NetworkAgentInfo [WIFI () - 101] was already satisfying request 1. No change.
04-14 17:47:05.755   708   818 D ConnectivityService: notifyType AVAILABLE for NetworkAgentInfo [WIFI () - 101]
04-14 17:47:15.787   708   808 W ProcessCpuTracker: Skipping unknown process pid 1512
04-14 17:47:15.853   708   808 W ProcessCpuTracker: Skipping unknown process pid 1513
04-14 17:47:15.854   708   808 W ProcessCpuTracker: Skipping unknown process pid 1514
04-14 17:47:15.855   708   808 W ProcessCpuTracker: Skipping unknown process pid 1515
04-14 17:47:22.701   708   818 D ConnectivityService: updateNetworkScore for NetworkAgentInfo [WIFI () - 101] to 55
04-14 17:47:22.701   708   818 D ConnectivityService: rematching NetworkAgentInfo [WIFI () - 101]
04-14 17:47:22.701   708   818 D ConnectivityService: Network NetworkAgentInfo [WIFI () - 101] was already satisfying request 1. No change.
04-14 17:47:22.702   708   818 D ConnectivityService: notifyType AVAILABLE for NetworkAgentInfo [WIFI () - 101]
04-14 17:47:26.177   708   818 D ConnectivityService: updateNetworkScore for NetworkAgentInfo [WIFI () - 101] to 56
04-14 17:47:26.177   708   818 D ConnectivityService: rematching NetworkAgentInfo [WIFI () - 101]
04-14 17:47:26.177   708   818 D ConnectivityService: Network NetworkAgentInfo [WIFI () - 101] was already satisfying request 1. No change.
04-14 17:47:26.178   708   818 D ConnectivityService: notifyType AVAILABLE for NetworkAgentInfo [WIFI () - 101]
04-14 17:47:38.430   708 10258 I ActivityManager: START u0 {act=android.intent.action.MAIN cat=[android.intent.category.LAUNCHER] flg=0x10200000 cmp=com.zhihu.android/.app.ui.activity.MainActivity} from uid 0 on display 0
04-14 17:48:01.982   708   797 I WindowManager: Input event dispatching timed out sending to com.zhihu.android/com.zhihu.android.app.ui.activity.MainActivity.  Reason: Waiting to send key event because the focused window has not finished processing all of the input events that were previously delivered to it.  Outbound queue length: 0.  Wait queue length: 1.
04-14 17:48:02.091   708  1194 W InputManager: Input event injection from pid 3894 timed out.
04-14 17:48:02.129   708   773 I ActivityManager: Skipping duplicate ANR: ProcessRecord{171c1fe0 1823:com.zhihu.android/u0a54} Input dispatching timed out (Waiting to send key event because the focused window has not finished processing all of the input events that were previously delivered to it.  Outbound queue length: 0.  Wait queue length: 1.)
04-14 17:48:09.391   708   818 D ConnectivityService: updateNetworkScore for NetworkAgentInfo [WIFI () - 101] to 55
04-14 17:48:09.391   708   818 D ConnectivityService: rematching NetworkAgentInfo [WIFI () - 101]
04-14 17:48:09.392   708   818 D ConnectivityService: Network NetworkAgentInfo [WIFI () - 101] was already satisfying request 1. No change.
04-14 17:48:09.392   708   818 D ConnectivityService: notifyType AVAILABLE for NetworkAgentInfo [WIFI () - 101]
04-14 17:48:12.700   708   818 D ConnectivityService: updateNetworkScore for NetworkAgentInfo [WIFI () - 101] to 56
04-14 17:48:12.701   708   818 D ConnectivityService: rematching NetworkAgentInfo [WIFI () - 101]
04-14 17:48:12.701   708   818 D ConnectivityService: Network NetworkAgentInfo [WIFI () - 101] was already satisfying request 1. No change.
04-14 17:48:12.701   708   818 D ConnectivityService: notifyType AVAILABLE for NetworkAgentInfo [WIFI () - 101]
04-14 17:48:23.509   708   724 W ProcessCpuTracker: Skipping unknown process pid 18341
04-14 17:48:36.543   708   818 D ConnectivityService: updateNetworkScore for NetworkAgentInfo [WIFI () - 101] to 55
04-14 17:48:36.543   708   818 D ConnectivityService: rematching NetworkAgentInfo [WIFI () - 101]
04-14 17:48:36.544   708   818 D ConnectivityService: Network NetworkAgentInfo [WIFI () - 101] was already satisfying request 1. No change.
04-14 17:48:36.544   708   818 D ConnectivityService: notifyType AVAILABLE for NetworkAgentInfo [WIFI () - 101]
04-14 17:48:40.002   708   818 D ConnectivityService: updateNetworkScore for NetworkAgentInfo [WIFI () - 101] to 56
04-14 17:48:40.003   708   818 D ConnectivityService: rematching NetworkAgentInfo [WIFI () - 101]
04-14 17:48:40.003   708   818 D ConnectivityService: Network NetworkAgentInfo [WIFI () - 101] was already satisfying request 1. No change.
04-14 17:48:40.003   708   818 D ConnectivityService: notifyType AVAILABLE for NetworkAgentInfo [WIFI () - 101]
04-14 17:49:14.387   708   725 I ActivityManager: START u0 {act=android.intent.action.MAIN cat=[android.intent.category.LAUNCHER] flg=0x10200000 cmp=com.zhihu.android/.app.ui.activity.MainActivity} from uid 0 on display 0
04-14 17:49:49.676   708   773 W ProcessCpuTracker: Skipping unknown process pid 6467
04-14 17:49:49.678   708   773 W ProcessCpuTracker: Skipping unknown process pid 6567
04-14 17:50:55.284   708  1195 I ActivityManager: START u0 {act=android.intent.action.MAIN cat=[android.intent.category.LAUNCHER] flg=0x10200000 cmp=com.zhihu.android/.app.ui.activity.MainActivity} from uid 0 on display 0
04-14 17:51:25.332   708   797 I WindowManager: Input event dispatching timed out sending to StatusBar.  Reason: Waiting to send non-key event because the touched window has not finished processing certain input events that were delivered to it over 500.0ms ago.  Wait queue length: 1.  Wait queue head age: 6033.4ms.
04-14 17:51:25.480   708   797 I WindowManager: Input event dispatching timed out sending to StatusBar.  Reason: Waiting to send non-key event because the touched window has not finished processing certain input events that were delivered to it over 500.0ms ago.  Wait queue length: 1.  Wait queue head age: 6181.6ms.
04-14 17:51:25.704   708   797 I WindowManager: Input event dispatching timed out sending to StatusBar.  Reason: Waiting to send non-key event because the touched window has not finished processing certain input events that were delivered to it over 500.0ms ago.  Wait queue length: 1.  Wait queue head age: 6405.6ms.
04-14 17:51:25.984   708   797 I WindowManager: Input event dispatching timed out sending to StatusBar.  Reason: Waiting to send non-key event because the touched window has not finished processing certain input events that were delivered to it over 500.0ms ago.  Wait queue length: 1.  Wait queue head age: 6685.2ms.
04-14 17:51:26.259   708   797 I WindowManager: Input event dispatching timed out sending to StatusBar.  Reason: Waiting to send non-key event because the touched window has not finished processing certain input events that were delivered to it over 500.0ms ago.  Wait queue length: 1.  Wait queue head age: 6946.0ms.
04-14 17:51:26.483   708   797 I WindowManager: Input event dispatching timed out sending to StatusBar.  Reason: Waiting to send non-key event because the touched window has not finished processing certain input events that were delivered to it over 500.0ms ago.  Wait queue length: 1.  Wait queue head age: 7184.9ms.
04-14 17:51:26.642   708   797 I WindowManager: Input event dispatching timed out sending to StatusBar.  Reason: Waiting to send non-key event because the touched window has not finished processing certain input events that were delivered to it over 500.0ms ago.  Wait queue length: 1.  Wait queue head age: 7343.2ms.
04-14 17:51:26.920   708   797 I WindowManager: Input event dispatching timed out sending to StatusBar.  Reason: Waiting to send non-key event because the touched window has not finished processing certain input events that were delivered to it over 500.0ms ago.  Wait queue length: 1.  Wait queue head age: 7600.7ms.
04-14 17:51:27.179   708   797 I WindowManager: Input event dispatching timed out sending to StatusBar.  Reason: Waiting to send non-key event because the touched window has not finished processing certain input events that were delivered to it over 500.0ms ago.  Wait queue length: 1.  Wait queue head age: 7880.9ms.
04-14 17:51:27.428   708   797 I WindowManager: Input event dispatching timed out sending to StatusBar.  Reason: Waiting to send non-key event because the touched window has not finished processing certain input events that were delivered to it over 500.0ms ago.  Wait queue length: 1.  Wait queue head age: 8129.3ms.
04-14 17:51:27.722   708   797 I WindowManager: Input event dispatching timed out sending to StatusBar.  Reason: Waiting to send non-key event because the touched window has not finished processing certain input events that were delivered to it over 500.0ms ago.  Wait queue length: 1.  Wait queue head age: 8410.9ms.
04-14 17:51:27.984   708   797 I WindowManager: Input event dispatching timed out sending to StatusBar.  Reason: Waiting to send non-key event because the touched window has not finished processing certain input events that were delivered to it over 500.0ms ago.  Wait queue length: 1.  Wait queue head age: 8685.8ms.
04-14 17:51:28.260   708   797 I WindowManager: Input event dispatching timed out sending to StatusBar.  Reason: Waiting to send non-key event because the touched window has not finished processing certain input events that were delivered to it over 500.0ms ago.  Wait queue length: 1.  Wait queue head age: 8961.4ms.
04-14 17:51:28.529   708   797 I WindowManager: Input event dispatching timed out sending to StatusBar.  Reason: Waiting to send non-key event because the touched window has not finished processing certain input events that were delivered to it over 500.0ms ago.  Wait queue length: 1.  Wait queue head age: 9231.1ms.
04-14 17:51:28.803   708   797 I WindowManager: Input event dispatching timed out sending to StatusBar.  Reason: Waiting to send non-key event because the touched window has not finished processing certain input events that were delivered to it over 500.0ms ago.  Wait queue length: 1.  Wait queue head age: 9486.4ms.
04-14 17:51:29.057   708   797 I WindowManager: Input event dispatching timed out sending to StatusBar.  Reason: Waiting to send non-key event because the touched window has not finished processing certain input events that were delivered to it over 500.0ms ago.  Wait queue length: 1.  Wait queue head age: 9758.5ms.
04-14 17:51:29.297   708   797 I WindowManager: Input event dispatching timed out sending to StatusBar.  Reason: Waiting to send non-key event because the touched window has not finished processing certain input events that were delivered to it over 500.0ms ago.  Wait queue length: 1.  Wait queue head age: 9998.7ms.
04-14 17:51:29.590   708   797 I WindowManager: Input event dispatching timed out sending to StatusBar.  Reason: Waiting to send non-key event because the touched window has not finished processing certain input events that were delivered to it over 500.0ms ago.  Wait queue length: 1.  Wait queue head age: 10291.8ms.
04-14 17:51:29.801   708   797 I WindowManager: Input event dispatching timed out sending to StatusBar.  Reason: Waiting to send non-key event because the touched window has not finished processing certain input events that were delivered to it over 500.0ms ago.  Wait queue length: 1.  Wait queue head age: 10503.1ms.
04-14 17:51:30.049   708   797 I WindowManager: Input event dispatching timed out sending to StatusBar.  Reason: Waiting to send non-key event because the touched window has not finished processing certain input events that were delivered to it over 500.0ms ago.  Wait queue length: 1.  Wait queue head age: 10751.2ms.
04-14 17:51:51.002   708   780 I PowerManagerService: Going to sleep due to screen timeout (uid 1000)...
04-14 17:51:51.004   708   780 I PowerManagerService: Sleeping (uid 1000)...
04-14 17:51:51.604   708  1259 W InputManager: Input event injection from pid 3894 timed out.
04-14 17:51:52.693   708   808 I PowerManagerService: Waking up from sleep (uid 1000)...
04-14 17:51:54.227   708   780 I DisplayPowerController: Blocking screen on until initial contents have been drawn.
04-14 17:51:55.230   708   778 W WindowManager: Timeout waiting for drawn: undrawn=[Window{2be20af8 u0 com.zhihu.android/com.zhihu.android.app.ui.activity.MainActivity}]
04-14 17:51:55.231   708   780 I DisplayPowerController: Unblocked screen on after 1004 ms
04-14 17:51:55.296   708   708 D ActivityManager: awakeFromSleepingLocked: previously pausing activity didn't pause
04-14 17:51:56.228   708   778 W WindowManager: Window freeze timeout expired.
04-14 17:51:56.228   708   778 W WindowManager: Force clearing orientation change: Window{2be20af8 u0 com.zhihu.android/com.zhihu.android.app.ui.activity.MainActivity}
04-14 17:51:56.343   708   776 W WindowManager: Keyguard drawn timeout. Setting mKeyguardDrawComplete
04-14 17:51:59.608   708   773 W ProcessCpuTracker: Skipping unknown process pid 5434
04-14 17:51:59.609   708   773 W ProcessCpuTracker: Skipping unknown process pid 5436
04-14 17:52:00.205   708   773 W ProcessCpuTracker: Skipping unknown process pid 28381
04-14 17:52:02.889   708   773 E ActivityManager: ANR in com.android.systemui
04-14 17:52:02.889   708   773 E ActivityManager: PID: 856
04-14 17:52:02.889   708   773 E ActivityManager: Reason: Input dispatching timed out (Waiting to send non-key event because the touched window has not finished processing certain input events that were delivered to it over 500.0ms ago.  Wait queue length: 1.  Wait queue head age: 6033.4ms.)
04-14 17:52:02.889   708   773 E ActivityManager: Load: 18.87 / 19.62 / 20.0
04-14 17:52:02.889   708   773 E ActivityManager: CPU usage from 31113ms to 37165ms later:
04-14 17:52:02.889   708   773 E ActivityManager:   30% 708/system_server: 24% user + 5.9% kernel / faults: 619 minor
04-14 17:52:02.889   708   773 E ActivityManager:   19% 1823/com.zhihu.android: 18% user + 1.1% kernel / faults: 5174 minor
04-14 17:52:02.889   708   773 E ActivityManager:   15% 169/logd: 15% user + 0% kernel
04-14 17:52:02.889   708   773 E ActivityManager:   6.9% 5546/procrank: 2.1% user + 4.8% kernel / faults: 5078 minor
04-14 17:52:02.889   708   773 E ActivityManager:   5.3% 856/com.android.systemui: 4.8% user + 0.4% kernel / faults: 8028 minor
04-14 17:52:02.889   708   773 E ActivityManager:   3.9% 205/adbd: 0.4% user + 3.4% kernel / faults: 887 minor
04-14 17:52:02.889   708   773 E ActivityManager:   3.6% 1489/mpdecision: 0% user + 3.6% kernel
04-14 17:52:02.889   708   773 E ActivityManager:   1.9% 176/surfaceflinger: 0.4% user + 1.4% kernel
04-14 17:52:02.889   708   773 E ActivityManager:   0.6% 2/kthreadd: 0% user + 0.6% kernel
04-14 17:52:02.889   708   773 E ActivityManager:   0.4% 124/dhd_dpc: 0% user + 0.4% kernel
04-14 17:52:02.889   708   773 E ActivityManager:   0.4% 3984/logcat: 0.1% user + 0.3% kernel
04-14 17:52:02.889   708   773 E ActivityManager:   0.4% 3993/logcat: 0.1% user + 0.3% kernel
04-14 17:52:02.889   708   773 E ActivityManager:   0.3% 8749/kworker/0:3: 0% user + 0.3% kernel
04-14 17:52:02.889   708   773 E ActivityManager:   0.3% 28955/kworker/u:0: 0% user + 0.3% kernel
04-14 17:52:02.889   708   773 E ActivityManager:   0% 1//init: 0% user + 0% kernel / faults: 198 minor
04-14 17:52:02.889   708   773 E ActivityManager:   0.1% 3/ksoftirqd/0: 0% user + 0.1% kernel
04-14 17:52:02.889   708   773 E ActivityManager:   0.1% 7/kworker/u:0H: 0% user + 0.1% kernel
04-14 17:52:02.889   708   773 E ActivityManager:   0% 495/kworker/u:23: 0% user + 0% kernel
04-14 17:52:02.889   708   773 E ActivityManager:   0.1% 4000/sh: 0% user + 0.1% kernel
04-14 17:52:02.889   708   773 E ActivityManager:  +0% 6697/procrank: 0% user + 0% kernel
04-14 17:52:02.889   708   773 E ActivityManager:  +0% 6711/dumpsys: 0% user + 0% kernel
04-14 17:52:02.889   708   773 E ActivityManager:  +0% 8084/dumpsys: 0% user + 0% kernel
04-14 17:52:02.889   708   773 E ActivityManager: 100% TOTAL: 73% user + 25% kernel + 0.1% softirq
04-14 17:52:02.889   708   773 E ActivityManager: CPU usage from 35211ms to 36296ms later:
04-14 17:52:02.889   708   773 E ActivityManager:   31% 1823/com.zhihu.android: 28% user + 3.2% kernel / faults: 2722 minor
04-14 17:52:02.889   708   773 E ActivityManager:     14% 1823/m.zhihu.android: 12% user + 1.6% kernel
04-14 17:52:02.889   708   773 E ActivityManager:     3.2% 23622/pool-6-thread-1: 3.2% user + 0% kernel
04-14 17:52:02.889   708   773 E ActivityManager:     3.2% 23659/pool-6-thread-1: 3.2% user + 0% kernel
04-14 17:52:02.889   708   773 E ActivityManager:     2.4% 1845/Binder_1: 2.4% user + 0% kernel
04-14 17:52:02.889   708   773 E ActivityManager:     2.4% 1847/Binder_2: 2.4% user + 0% kernel
04-14 17:52:02.889   708   773 E ActivityManager:     2.4% 3947/RenderThread: 0% user + 2.4% kernel
04-14 17:52:02.889   708   773 E ActivityManager:     0.8% 3920/Thread-243: 0% user + 0.8% kernel
04-14 17:52:02.889   708   773 E ActivityManager:     0.8% 12885/AsyncTransferTh: 0.8% user + 0% kernel
04-14 17:52:02.889   708   773 E ActivityManager:    +0% 7734/Answers Events : 0% user + 0% kernel
04-14 17:52:02.889   708   773 E ActivityManager:   23% 708/system_server: 19% user + 4% kernel / faults: 7 minor
04-14 17:52:02.889   708   773 E ActivityManager:     5% 773/ActivityManager: 4% user + 1% kernel
04-14 17:52:02.889   708   773 E ActivityManager:     4% 808/Binder_4: 4% user + 0% kernel
04-14 17:52:02.889   708   773 E ActivityManager:     4% 831/LazyTaskWriterT: 4% user + 0% kernel
04-14 17:52:02.889   708   773 E ActivityManager:     4% 1194/Binder_6: 1% user + 3% kernel
04-14 17:52:02.889   708   773 E ActivityManager:     2% 719/FinalizerDaemon: 2% user + 0% kernel
04-14 17:52:02.889   708   773 E ActivityManager:     2% 816/WifiStateMachin: 2% user + 0% kernel
04-14 17:52:02.889   708   773 E ActivityManager:     1% 772/android.bg: 0% user + 1% kernel
04-14 17:52:02.889   708   773 E ActivityManager:     1% 778/android.display: 1% user + 0% kernel
04-14 17:52:02.889   708   773 E ActivityManager:     1% 797/InputDispatcher: 1% user + 0% kernel
04-14 17:52:02.889   708   773 E ActivityManager:     1% 802/NetdConnector: 1% user + 0% kernel
04-14 17:52:02.889   708   773 E ActivityManager:     1% 1718/Binder_E: 1% user + 0% kernel
04-14 17:52:02.889   708   773 E ActivityManager:   16% 169/logd: 16% user + 0% kernel
04-14 17:52:02.889   708   773 E ActivityManager:     3.6% 4007/logd.reader.per: 3.6% user + 0% kernel
04-14 17:52:02.889   708   773 E ActivityManager:     2.7% 4002/logd.reader.per: 2.7% user + 0% kernel
04-14 17:52:02.889   708   773 E ActivityManager:     2.7% 4006/logd.reader.per: 2.7% user + 0% kernel
04-14 17:52:02.889   708   773 E ActivityManager:     2.7% 4008/logd.reader.per: 2.7% user + 0% kernel
04-14 17:52:02.889   708   773 E ActivityManager:     1.8% 4011/logd.reader.per: 1.8% user + 0% kernel
04-14 17:52:02.889   708   773 E ActivityManager:     0.9% 227/logd.writer: 0% user + 0.9% kernel
04-14 17:52:02.889   708   773 E ActivityManager:   9.4% 856/com.android.systemui: 8.4% user + 0.9% kernel / faults: 2483 minor
04-14 17:52:02.889   708   773 E ActivityManager:     2.8% 915/Binder_10: 2.8% user + 0% kernel
04-14 17:52:02.889   708   773 E ActivityManager:     2.8% 6044/Binder_7: 2.8% user + 0% kernel
04-14 17:52:02.889   708   773 E ActivityManager:     1.8% 874/Binder_2: 1.8% user + 0% kernel
04-14 17:52:02.889   708   773 E ActivityManager:     0.9% 22617/Binder_C: 0.9% user + 0% kernel
04-14 17:52:02.889   708   773 E ActivityManager:     0.9% 27820/Binder_E: 0.9% user + 0% kernel
04-14 17:52:02.889   708   773 E ActivityManager:   4% 1489/mpdecision: 0% user + 4% kernel
04-14 17:52:02.889   708   773 E ActivityManager:     3.2% 1505/mpdecision: 0% user + 3.2% kernel
04-14 17:52:02.889   708   773 E ActivityManager:   4% 205/adbd: 0% user + 4% kernel / faults: 138 minor
04-14 17:52:02.889   708   773 E ActivityManager:     3% 205/adbd: 0% user + 3% kernel
04-14 17:52:02.889   708   773 E ActivityManager:     1% 3884/adbd: 1% user + 0% kernel
04-14 17:52:02.889   708   773 E ActivityManager:   3.6% 5546/procrank: 1.8% user + 1.8% kernel / faults: 98 minor
04-14 17:52:02.889   708   773 E ActivityManager:   3.6% 6697/procrank: 0.9% user + 2.7% kernel / faults: 609 minor
04-14 17:52:02.889   708   773 E ActivityManager:   0.9% 2/kthreadd: 0% user + 0.9% kernel
04-14 17:52:02.889   708   773 E ActivityManager:   0.1% 7/kworker/u:0H: 0% user + 0.1% kernel
04-14 17:52:02.889   708   773 E ActivityManager:   0.9% 124/dhd_dpc: 0% user + 0.9% kernel
04-14 17:52:02.889   708   773 E ActivityManager:   0.9% 176/surfaceflinger: 0% user + 0.9% kernel
04-14 17:52:02.889   708   773 E ActivityManager:     0.9% 176/surfaceflinger: 0% user + 0.9% kernel
04-14 17:52:02.889   708   773 E ActivityManager:   0.2% 495/kworker/u:23: 0% user + 0.2% kernel
04-14 17:52:02.889   708   773 E ActivityManager:   0.3% 3993/logcat: 0% user + 0.3% kernel
04-14 17:52:02.889   708   773 E ActivityManager:   0.3% 4000/sh: 0% user + 0.3% kernel
04-14 17:52:02.889   708   773 E ActivityManager:   0.4% 8749/kworker/0:3: 0% user + 0.4% kernel
04-14 17:52:02.889   708   773 E ActivityManager: 100% TOTAL: 77% user + 2
04-14 17:52:03.108   708   773 I ActivityManager: Skipping duplicate ANR: ProcessRecord{2607d866 856:com.android.systemui/u0a13} Input dispatching timed out (Waiting to send non-key event because the touched window has not finished processing certain input events that were delivered to it over 500.0ms ago.  Wait queue length: 1.  Wait queue head age: 6181.6ms.)
04-14 17:52:03.123   708   773 I ActivityManager: Skipping duplicate ANR: ProcessRecord{2607d866 856:com.android.systemui/u0a13} Input dispatching timed out (Waiting to send non-key event because the touched window has not finished processing certain input events that were delivered to it over 500.0ms ago.  Wait queue length: 1.  Wait queue head age: 6405.6ms.)
04-14 17:52:03.131   708   773 I ActivityManager: Skipping duplicate ANR: ProcessRecord{2607d866 856:com.android.systemui/u0a13} Input dispatching timed out (Waiting to send non-key event because the touched window has not finished processing certain input events that were delivered to it over 500.0ms ago.  Wait queue length: 1.  Wait queue head age: 6685.2ms.)
04-14 17:52:03.143   708   773 I ActivityManager: Skipping duplicate ANR: ProcessRecord{2607d866 856:com.android.systemui/u0a13} Input dispatching timed out (Waiting to send non-key event because the touched window has not finished processing certain input events that were delivered to it over 500.0ms ago.  Wait queue length: 1.  Wait queue head age: 6946.0ms.)
04-14 17:52:03.182   708   773 I ActivityManager: Skipping duplicate ANR: ProcessRecord{2607d866 856:com.android.systemui/u0a13} Input dispatching timed out (Waiting to send non-key event because the touched window has not finished processing certain input events that were delivered to it over 500.0ms ago.  Wait queue length: 1.  Wait queue head age: 7184.9ms.)
04-14 17:52:03.334   708   773 I ActivityManager: Skipping duplicate ANR: ProcessRecord{2607d866 856:com.android.systemui/u0a13} Input dispatching timed out (Waiting to send non-key event because the touched window has not finished processing certain input events that were delivered to it over 500.0ms ago.  Wait queue length: 1.  Wait queue head age: 7343.2ms.)
04-14 17:52:03.344   708   773 I ActivityManager: Skipping duplicate ANR: ProcessRecord{2607d866 856:com.android.systemui/u0a13} Input dispatching timed out (Waiting to send non-key event because the touched window has not finished processing certain input events that were delivered to it over 500.0ms ago.  Wait queue length: 1.  Wait queue head age: 7600.7ms.)
04-14 17:52:03.351   708   773 I ActivityManager: Skipping duplicate ANR: ProcessRecord{2607d866 856:com.android.systemui/u0a13} Input dispatching timed out (Waiting to send non-key event because the touched window has not finished processing certain input events that were delivered to it over 500.0ms ago.  Wait queue length: 1.  Wait queue head age: 7880.9ms.)
04-14 17:52:03.379   708   773 I ActivityManager: Skipping duplicate ANR: ProcessRecord{2607d866 856:com.android.systemui/u0a13} Input dispatching timed out (Waiting to send non-key event because the touched window has not finished processing certain input events that were delivered to it over 500.0ms ago.  Wait queue length: 1.  Wait queue head age: 8129.3ms.)
04-14 17:52:03.403   708   773 I ActivityManager: Skipping duplicate ANR: ProcessRecord{2607d866 856:com.android.systemui/u0a13} Input dispatching timed out (Waiting to send non-key event because the touched window has not finished processing certain input events that were delivered to it over 500.0ms ago.  Wait queue length: 1.  Wait queue head age: 8410.9ms.)
04-14 17:52:03.443   708   773 I ActivityManager: Skipping duplicate ANR: ProcessRecord{2607d866 856:com.android.systemui/u0a13} Input dispatching timed out (Waiting to send non-key event because the touched window has not finished processing certain input events that were delivered to it over 500.0ms ago.  Wait queue length: 1.  Wait queue head age: 8685.8ms.)
04-14 17:52:03.456   708   773 I ActivityManager: Skipping duplicate ANR: ProcessRecord{2607d866 856:com.android.systemui/u0a13} Input dispatching timed out (Waiting to send non-key event because the touched window has not finished processing certain input events that were delivered to it over 500.0ms ago.  Wait queue length: 1.  Wait queue head age: 8961.4ms.)
04-14 17:52:03.504   708   773 I ActivityManager: Skipping duplicate ANR: ProcessRecord{2607d866 856:com.android.systemui/u0a13} Input dispatching timed out (Waiting to send non-key event because the touched window has not finished processing certain input events that were delivered to it over 500.0ms ago.  Wait queue length: 1.  Wait queue head age: 9231.1ms.)
04-14 17:52:03.554   708   773 I ActivityManager: Skipping duplicate ANR: ProcessRecord{2607d866 856:com.android.systemui/u0a13} Input dispatching timed out (Waiting to send non-key event because the touched window has not finished processing certain input events that were delivered to it over 500.0ms ago.  Wait queue length: 1.  Wait queue head age: 9486.4ms.)
04-14 17:52:03.583   708   773 I ActivityManager: Skipping duplicate ANR: ProcessRecord{2607d866 856:com.android.systemui/u0a13} Input dispatching timed out (Waiting to send non-key event because the touched window has not finished processing certain input events that were delivered to it over 500.0ms ago.  Wait queue length: 1.  Wait queue head age: 9758.5ms.)
04-14 17:52:03.603   708   773 I ActivityManager: Skipping duplicate ANR: ProcessRecord{2607d866 856:com.android.systemui/u0a13} Input dispatching timed out (Waiting to send non-key event because the touched window has not finished processing certain input events that were delivered to it over 500.0ms ago.  Wait queue length: 1.  Wait queue head age: 9998.7ms.)
04-14 17:52:03.627   708   773 I ActivityManager: Skipping duplicate ANR: ProcessRecord{2607d866 856:com.android.systemui/u0a13} Input dispatching timed out (Waiting to send non-key event because the touched window has not finished processing certain input events that were delivered to it over 500.0ms ago.  Wait queue length: 1.  Wait queue head age: 10291.8ms.)
04-14 17:52:03.653   708   773 I ActivityManager: Skipping duplicate ANR: ProcessRecord{2607d866 856:com.android.systemui/u0a13} Input dispatching timed out (Waiting to send non-key event because the touched window has not finished processing certain input events that were delivered to it over 500.0ms ago.  Wait queue length: 1.  Wait queue head age: 10503.1ms.)
04-14 17:52:03.699   708   773 I ActivityManager: Skipping duplicate ANR: ProcessRecord{2607d866 856:com.android.systemui/u0a13} Input dispatching timed out (Waiting to send non-key event because the touched window has not finished processing certain input events that were delivered to it over 500.0ms ago.  Wait queue length: 1.  Wait queue head age: 10751.2ms.)
04-14 17:52:13.743   708   773 W BroadcastQueue: Timeout of broadcast BroadcastRecord{37795190 u-1 android.intent.action.SCREEN_OFF} - receiver=android.app.LoadedApk$ReceiverDispatcher$InnerReceiver@1aff1921, started 10000ms ago
04-14 17:52:13.743   708   773 W BroadcastQueue: Receiver during timeout: BroadcastFilter{3393265d u0 ReceiverList{8cbf146 708 system/1000/u0 local:1aff1921}}
04-14 17:52:25.878   708  1718 W ProcessCpuTracker: Skipping unknown process pid 13810
04-14 17:52:32.437   708   780 I PowerManagerService: Going to sleep due to screen timeout (uid 1000)...
04-14 17:52:32.437   708   780 I PowerManagerService: Sleeping (uid 1000)...
04-14 17:52:33.533   708   778 I DisplayManagerService: Display device changed: DisplayDeviceInfo{"Built-in Screen": uniqueId="local:0", 1080 x 1920, 60.0 fps, supportedRefreshRates [60.0], density 480, 442.451 x 443.345 dpi, appVsyncOff 7500000, presDeadline 12666667, touch INTERNAL, rotation 0, type BUILT_IN, state OFF, FLAG_DEFAULT_DISPLAY, FLAG_ROTATES_WITH_CONTENT, FLAG_SECURE, FLAG_SUPPORTS_PROTECTED_BUFFERS}
04-14 17:52:33.536   708   708 V ActivityManager: Display changed displayId=0
04-14 17:52:34.150   708   808 W ProcessCpuTracker: Skipping unknown process pid 14356
04-14 17:52:34.392   708   773 W ActivityManager: Activity pause timeout for ActivityRecord{3770aab0 u0 com.zhihu.android/.app.ui.activity.MainActivity t2}
04-14 17:52:38.860   708   773 W ActivityManager: Sleep timeout!  Sleeping now.
04-14 17:52:43.170   708   778 W WindowManager: Window freeze timeout expired.
04-14 17:52:52.685   708   773 W ActivityManager: Activity stop timeout for ActivityRecord{3770aab0 u0 com.zhihu.android/.app.ui.activity.MainActivity t2}
04-14 17:52:59.153   708  1194 I PowerManagerService: Waking up from sleep (uid 1000)...
04-14 17:52:59.154   708   780 I DisplayPowerController: Blocking screen on until initial contents have been drawn.
04-14 17:52:59.175   708   778 I DisplayManagerService: Display device changed: DisplayDeviceInfo{"Built-in Screen": uniqueId="local:0", 1080 x 1920, 60.0 fps, supportedRefreshRates [60.0], density 480, 442.451 x 443.345 dpi, appVsyncOff 7500000, presDeadline 12666667, touch INTERNAL, rotation 0, type BUILT_IN, state ON, FLAG_DEFAULT_DISPLAY, FLAG_ROTATES_WITH_CONTENT, FLAG_SECURE, FLAG_SUPPORTS_PROTECTED_BUFFERS}
04-14 17:52:59.186   708   708 V ActivityManager: Display changed displayId=0
04-14 17:53:00.154   708   778 W WindowManager: Timeout waiting for drawn: undrawn=[Window{13f36ae4 u0 StatusBar}]
04-14 17:53:00.158   708   776 W WindowManager: Keyguard drawn timeout. Setting mKeyguardDrawComplete
04-14 17:53:00.158   708   780 I DisplayPowerController: Unblocked screen on after 1004 ms
04-14 17:53:03.390   708  1195 I ActivityManager: START u0 {act=android.intent.action.MAIN cat=[android.intent.category.LAUNCHER] flg=0x10008000 cmp=com.android.settings/.DevelopmentSettings} from uid 1000 on display 0
04-14 17:53:07.041   708   773 W BroadcastQueue: Permission Denial: broadcasting Intent { act=android.intent.action.USER_PRESENT flg=0x24000010 } from com.android.systemui (pid=856, uid=10013) is not exported from uid 10054 due to receiver com.zhihu.android/com.avos.avoscloud.AVBroadcastReceiver
04-14 17:53:09.302   708   773 W BroadcastQueue: Timeout of broadcast BroadcastRecord{1f9889f2 u-1 android.intent.action.SCREEN_ON} - receiver=android.app.LoadedApk$ReceiverDispatcher$InnerReceiver@1aff1921, started 10000ms ago
04-14 17:53:09.303   708   773 W BroadcastQueue: Receiver during timeout: BroadcastFilter{3393265d u0 ReceiverList{8cbf146 708 system/1000/u0 local:1aff1921}}
04-14 17:53:15.185   708   797 I WindowManager: Input event dispatching timed out sending to com.zhihu.android/com.zhihu.android.app.ui.activity.MainActivity.  Reason: Waiting to send non-key event because the focused window has not finished processing certain input events that were delivered to it over 500.0ms ago.  Wait queue length: 10.  Wait queue head age: 7949.9ms.
04-14 17:53:15.327   708   773 I ActivityManager: Skipping duplicate ANR: ProcessRecord{171c1fe0 1823:com.zhihu.android/u0a54} Input dispatching timed out (Waiting to send non-key event because the focused window has not finished processing certain input events that were delivered to it over 500.0ms ago.  Wait queue length: 10.  Wait queue head age: 7949.9ms.)
04-14 17:53:15.339   708  1158 W InputManager: Input event injection from pid 3894 timed out.
04-14 17:53:20.352   708   797 I WindowManager: Input event dispatching timed out sending to com.zhihu.android/com.zhihu.android.app.ui.activity.MainActivity.  Reason: Waiting to send non-key event because the focused window has not finished processing certain input events that were delivered to it over 500.0ms ago.  Wait queue length: 10.  Wait queue head age: 13117.1ms.
04-14 17:53:20.491   708  1718 W InputManager: Input event injection from pid 3894 timed out.
04-14 17:53:20.503   708   773 I ActivityManager: Skipping duplicate ANR: ProcessRecord{171c1fe0 1823:com.zhihu.android/u0a54} Input dispatching timed out (Waiting to send non-key event because the focused window has not finished processing certain input events that were delivered to it over 500.0ms ago.  Wait queue length: 10.  Wait queue head age: 13117.1ms.)
