04-14 15:34:36.843   708   797 I WindowManager: Input event dispatching timed out sending to com.zhihu.android/com.zhihu.android.app.ui.activity.MainActivity.  Reason: Waiting to send key event because the focused window has not finished processing all of the input events that were previously delivered to it.  Outbound queue length: 0.  Wait queue length: 1.
04-14 15:34:36.956   708  1194 W InputManager: Input event injection from pid 3894 timed out.
04-14 15:34:37.466   708   773 I ActivityManager: Skipping duplicate ANR: ProcessRecord{171c1fe0 1823:com.zhihu.android/u0a54} Input dispatching timed out (Waiting to send key event because the focused window has not finished processing all of the input events that were previously delivered to it.  Outbound queue length: 0.  Wait queue length: 1.)
04-14 15:34:46.214   708   797 W IntentResolver: resolveIntent failed: found match, but none with CATEGORY_DEFAULT
04-14 15:34:46.214   708   797 I ActivityManager: START u0 {act=android.intent.action.MAIN cat=[android.intent.category.LAUNCHER] flg=0x10000000 sel=act=android.intent.action.MAIN cat=[android.intent.category.APP_CALCULATOR]}} from uid 1000 on display 0
04-14 15:34:58.981   708  1158 I ActivityManager: START u0 {act=android.intent.action.MAIN cat=[android.intent.category.LAUNCHER] flg=0x10200000 cmp=com.zhihu.android/.app.ui.activity.MainActivity} from uid 0 on display 0
04-14 15:35:00.358   708  1844 W ProcessCpuTracker: Skipping unknown process pid 5920
04-14 15:35:09.172   708  1844 I ActivityManager: START u0 {act=android.intent.action.MAIN cat=[android.intent.category.LAUNCHER] flg=0x10200000 cmp=com.zhihu.android/.app.ui.activity.MainActivity} from uid 0 on display 0
04-14 15:35:39.087   708  1158 W ProcessCpuTracker: Skipping unknown process pid 15799
04-14 15:35:40.348   708  1158 I ActivityManager: START u0 {act=android.intent.action.MAIN cat=[android.intent.category.LAUNCHER] flg=0x10200000 cmp=com.zhihu.android/.app.ui.activity.MainActivity} from uid 0 on display 0
04-14 15:36:41.980   856   856 W ViewRootImpl: Dropping event due to no window focus: KeyEvent { action=ACTION_DOWN, keyCode=KEYCODE_DPAD_DOWN, scanCode=0, metaState=0, flags=0x8, repeatCount=0, eventTime=4208190, downTime=4208190, deviceId=-1, source=0x101 }
04-14 15:36:41.984   856   856 W ViewRootImpl: Cancelling event due to no window focus: KeyEvent { action=ACTION_UP, keyCode=KEYCODE_DPAD_DOWN, scanCode=0, metaState=0, flags=0x28, repeatCount=0, eventTime=4208199, downTime=4208199, deviceId=-1, source=0x101 }
04-14 15:36:41.985   856   856 W ViewRootImpl: Cancelling event due to no window focus: KeyEvent { action=ACTION_UP, keyCode=KEYCODE_DPAD_DOWN, scanCode=0, metaState=0, flags=0x28, repeatCount=0, eventTime=4208199, downTime=4208199, deviceId=-1, source=0x101 }
04-14 15:36:41.985   856   856 W ViewRootImpl: Cancelling event due to no window focus: KeyEvent { action=ACTION_UP, keyCode=KEYCODE_DPAD_DOWN, scanCode=0, metaState=0, flags=0x28, repeatCount=0, eventTime=4208199, downTime=4208199, deviceId=-1, source=0x101 }
04-14 15:36:41.986   856   856 W ViewRootImpl: Cancelling event due to no window focus: KeyEvent { action=ACTION_UP, keyCode=KEYCODE_DPAD_DOWN, scanCode=0, metaState=0, flags=0x28, repeatCount=0, eventTime=4208199, downTime=4208199, deviceId=-1, source=0x101 }
04-14 15:36:42.054   856   856 W ViewRootImpl: Cancelling event due to no window focus: KeyEvent { action=ACTION_UP, keyCode=KEYCODE_DPAD_DOWN, scanCode=0, metaState=0, flags=0x28, repeatCount=0, eventTime=4208199, downTime=4208199, deviceId=-1, source=0x101 }
04-14 15:36:42.054   856   856 W ViewRootImpl: Cancelling event due to no window focus: KeyEvent { action=ACTION_UP, keyCode=KEYCODE_DPAD_DOWN, scanCode=0, metaState=0, flags=0x28, repeatCount=0, eventTime=4208199, downTime=4208199, deviceId=-1, source=0x101 }
04-14 15:36:42.191   856   856 W ViewRootImpl: Cancelling event due to no window focus: KeyEvent { action=ACTION_UP, keyCode=KEYCODE_DPAD_DOWN, scanCode=0, metaState=0, flags=0x80000028, repeatCount=0, eventTime=4208199, downTime=4208199, deviceId=-1, source=0x101 }
04-14 15:36:42.192   856   856 W ViewRootImpl: Cancelling event due to no window focus: KeyEvent { action=ACTION_UP, keyCode=KEYCODE_DPAD_DOWN, scanCode=0, metaState=0, flags=0x80000028, repeatCount=0, eventTime=4208199, downTime=4208199, deviceId=-1, source=0x101 }
04-14 15:36:42.192   856   856 W ViewRootImpl: Cancelling event due to no window focus: KeyEvent { action=ACTION_UP, keyCode=KEYCODE_DPAD_DOWN, scanCode=0, metaState=0, flags=0x80000028, repeatCount=0, eventTime=4208199, downTime=4208199, deviceId=-1, source=0x101 }
04-14 15:36:45.093   708   724 I ActivityManager: START u0 {act=android.intent.action.MAIN cat=[android.intent.category.LAUNCHER] flg=0x10008000 cmp=com.android.settings/.UsbSettings} from uid 1000 on display 0
04-14 15:36:45.461   708   724 W InputMethodManagerService: Window already focused, ignoring focus gain of: com.android.internal.view.IInputMethodClient$Stub$Proxy@b7ea176 attribute=null, token = android.os.BinderProxy@9efa25b
04-14 15:36:45.852   708   724 I ActivityManager: START u0 {act=android.intent.action.MAIN cat=[android.intent.category.LAUNCHER] flg=0x10200000 cmp=com.zhihu.android/.app.ui.activity.MainActivity} from uid 0 on display 0
04-14 15:37:01.099   708   724 I ActivityManager: START u0 {act=android.intent.action.MAIN cat=[android.intent.category.LAUNCHER] flg=0x10200000 cmp=com.zhihu.android/.app.ui.activity.MainActivity} from uid 0 on display 0
04-14 15:37:02.129   708   724 I ActivityManager: START u0 {act=android.intent.action.MAIN cat=[android.intent.category.LAUNCHER] flg=0x10200000 cmp=com.zhihu.android/.app.ui.activity.MainActivity} from uid 0 on display 0
04-14 15:37:20.089   708   818 D ConnectivityService: updateNetworkScore for NetworkAgentInfo [WIFI () - 100] to 55
04-14 15:37:20.089   708   818 D ConnectivityService: rematching NetworkAgentInfo [WIFI () - 100]
04-14 15:37:20.090   708   818 D ConnectivityService: Network NetworkAgentInfo [WIFI () - 100] was already satisfying request 1. No change.
04-14 15:37:20.090   708   818 D ConnectivityService: notifyType AVAILABLE for NetworkAgentInfo [WIFI () - 100]
04-14 15:37:26.389   708   818 D ConnectivityService: updateNetworkScore for NetworkAgentInfo [WIFI () - 100] to 56
04-14 15:37:26.389   708   818 D ConnectivityService: rematching NetworkAgentInfo [WIFI () - 100]
04-14 15:37:26.389   708   818 D ConnectivityService: Network NetworkAgentInfo [WIFI () - 100] was already satisfying request 1. No change.
04-14 15:37:26.390   708   818 D ConnectivityService: notifyType AVAILABLE for NetworkAgentInfo [WIFI () - 100]
04-14 15:37:29.699   708   818 D ConnectivityService: updateNetworkScore for NetworkAgentInfo [WIFI () - 100] to 55
04-14 15:37:29.699   708   818 D ConnectivityService: rematching NetworkAgentInfo [WIFI () - 100]
04-14 15:37:29.700   708   818 D ConnectivityService: Network NetworkAgentInfo [WIFI () - 100] was already satisfying request 1. No change.
04-14 15:37:29.700   708   818 D ConnectivityService: notifyType AVAILABLE for NetworkAgentInfo [WIFI () - 100]
04-14 15:37:38.984   708  1195 W ProcessCpuTracker: Skipping unknown process pid 13258
04-14 15:37:39.397   708   818 D ConnectivityService: updateNetworkScore for NetworkAgentInfo [WIFI () - 100] to 56
04-14 15:37:39.397   708   818 D ConnectivityService: rematching NetworkAgentInfo [WIFI () - 100]
04-14 15:37:39.398   708   818 D ConnectivityService: Network NetworkAgentInfo [WIFI () - 100] was already satisfying request 1. No change.
04-14 15:37:39.398   708   818 D ConnectivityService: notifyType AVAILABLE for NetworkAgentInfo [WIFI () - 100]
04-14 15:37:40.016   708  1158 I ActivityManager: START u0 {act=android.intent.action.MAIN cat=[android.intent.category.LAUNCHER] flg=0x10200000 cmp=com.zhihu.android/.app.ui.activity.MainActivity} from uid 0 on display 0
04-14 15:37:42.727   708   818 D ConnectivityService: updateNetworkScore for NetworkAgentInfo [WIFI () - 100] to 55
04-14 15:37:42.728   708   818 D ConnectivityService: rematching NetworkAgentInfo [WIFI () - 100]
04-14 15:37:42.728   708   818 D ConnectivityService: Network NetworkAgentInfo [WIFI () - 100] was already satisfying request 1. No change.
04-14 15:37:42.728   708   818 D ConnectivityService: notifyType AVAILABLE for NetworkAgentInfo [WIFI () - 100]
04-14 15:37:48.414   708   797 I ActivityManager: START u0 {act=android.intent.action.MAIN cat=[android.intent.category.LAUNCHER] flg=0x10000000 cmp=com.android.music/.MusicBrowserActivity sel=act=android.intent.action.MAIN cat=[android.intent.category.APP_MUSIC]}} from uid 1000 on display 0
04-14 15:37:48.992   708   818 D ConnectivityService: updateNetworkScore for NetworkAgentInfo [WIFI () - 100] to 56
04-14 15:37:48.992   708   818 D ConnectivityService: rematching NetworkAgentInfo [WIFI () - 100]
04-14 15:37:48.993   708   818 D ConnectivityService: Network NetworkAgentInfo [WIFI () - 100] was already satisfying request 1. No change.
04-14 15:37:48.993   708   818 D ConnectivityService: notifyType AVAILABLE for NetworkAgentInfo [WIFI () - 100]
04-14 15:38:01.980   708   818 D ConnectivityService: updateNetworkScore for NetworkAgentInfo [WIFI () - 100] to 55
04-14 15:38:01.980   708   818 D ConnectivityService: rematching NetworkAgentInfo [WIFI () - 100]
04-14 15:38:01.980   708   818 D ConnectivityService: Network NetworkAgentInfo [WIFI () - 100] was already satisfying request 1. No change.
04-14 15:38:01.981   708   818 D ConnectivityService: notifyType AVAILABLE for NetworkAgentInfo [WIFI () - 100]
04-14 15:38:05.081   708   818 D ConnectivityService: updateNetworkScore for NetworkAgentInfo [WIFI () - 100] to 56
04-14 15:38:05.081   708   818 D ConnectivityService: rematching NetworkAgentInfo [WIFI () - 100]
04-14 15:38:05.081   708   818 D ConnectivityService: Network NetworkAgentInfo [WIFI () - 100] was already satisfying request 1. No change.
04-14 15:38:05.082   708   818 D ConnectivityService: notifyType AVAILABLE for NetworkAgentInfo [WIFI () - 100]
04-14 15:38:10.962   708  1194 I ActivityManager: START u0 {act=android.intent.action.MAIN cat=[android.intent.category.LAUNCHER] flg=0x10200000 cmp=com.zhihu.android/.app.ui.activity.MainActivity} from uid 0 on display 0
04-14 15:38:58.860   708  1195 W ProcessCpuTracker: Skipping unknown process pid 32637
04-14 15:38:58.902   708  1195 W ProcessCpuTracker: Skipping unknown process pid 32643
04-14 15:39:15.207   708   818 D ConnectivityService: updateNetworkScore for NetworkAgentInfo [WIFI () - 100] to 55
04-14 15:39:15.208   708   818 D ConnectivityService: rematching NetworkAgentInfo [WIFI () - 100]
04-14 15:39:15.208   708   818 D ConnectivityService: Network NetworkAgentInfo [WIFI () - 100] was already satisfying request 1. No change.
04-14 15:39:15.208   708   818 D ConnectivityService: notifyType AVAILABLE for NetworkAgentInfo [WIFI () - 100]
04-14 15:39:18.477   708   818 D ConnectivityService: updateNetworkScore for NetworkAgentInfo [WIFI () - 100] to 56
04-14 15:39:18.477   708   818 D ConnectivityService: rematching NetworkAgentInfo [WIFI () - 100]
04-14 15:39:18.478   708   818 D ConnectivityService: Network NetworkAgentInfo [WIFI () - 100] was already satisfying request 1. No change.
04-14 15:39:18.478   708   818 D ConnectivityService: notifyType AVAILABLE for NetworkAgentInfo [WIFI () - 100]
04-14 15:39:41.710   708  1195 I ActivityManager: START u0 {act=android.intent.action.MAIN cat=[android.intent.category.LAUNCHER] flg=0x10200000 cmp=com.zhihu.android/.app.ui.activity.MainActivity} from uid 0 on display 0
04-14 15:39:44.509   708 10258 I ActivityManager: START u0 {act=android.intent.action.MAIN cat=[android.intent.category.LAUNCHER] flg=0x10200000 cmp=com.zhihu.android/.app.ui.activity.MainActivity} from uid 0 on display 0
04-14 15:39:55.955   708  1158 W InputMethodManagerService: Window already focused, ignoring focus gain of: com.android.internal.view.IInputMethodClient$Stub$Proxy@3bcc175e attribute=null, token = android.os.BinderProxy@9efa25b
04-14 15:40:09.890   708   724 W InputMethodManagerService: Window already focused, ignoring focus gain of: com.android.internal.view.IInputMethodClient$Stub$Proxy@15b8c73f attribute=null, token = android.os.BinderProxy@9efa25b
04-14 15:40:35.772   708  1194 I ActivityManager: START u0 {act=android.intent.action.MAIN cat=[android.intent.category.LAUNCHER] flg=0x10200000 cmp=com.zhihu.android/.app.ui.activity.MainActivity} from uid 0 on display 0
04-14 15:40:38.884   708   725 W ProcessCpuTracker: Skipping unknown process pid 25306
04-14 15:40:38.885   708   725 W ProcessCpuTracker: Skipping unknown process pid 25307
04-14 15:40:38.886   708   725 W ProcessCpuTracker: Skipping unknown process pid 25308
04-14 15:40:38.887   708   725 W ProcessCpuTracker: Skipping unknown process pid 25309
04-14 15:40:39.643   708  1194 W InputMethodManagerService: Window already focused, ignoring focus gain of: com.android.internal.view.IInputMethodClient$Stub$Proxy@385fb555 attribute=null, token = android.os.BinderProxy@9efa25b
04-14 15:40:44.092   708   818 D ConnectivityService: updateNetworkScore for NetworkAgentInfo [WIFI () - 100] to 55
04-14 15:40:44.093   708   818 D ConnectivityService: rematching NetworkAgentInfo [WIFI () - 100]
04-14 15:40:44.093   708   818 D ConnectivityService: Network NetworkAgentInfo [WIFI () - 100] was already satisfying request 1. No change.
04-14 15:40:44.093   708   818 D ConnectivityService: notifyType AVAILABLE for NetworkAgentInfo [WIFI () - 100]
04-14 15:40:47.448   708   818 D ConnectivityService: updateNetworkScore for NetworkAgentInfo [WIFI () - 100] to 56
04-14 15:40:47.448   708   818 D ConnectivityService: rematching NetworkAgentInfo [WIFI () - 100]
04-14 15:40:47.448   708   818 D ConnectivityService: Network NetworkAgentInfo [WIFI () - 100] was already satisfying request 1. No change.
04-14 15:40:47.448   708   818 D ConnectivityService: notifyType AVAILABLE for NetworkAgentInfo [WIFI () - 100]
04-14 15:41:20.653   708  1194 I ActivityManager: START u0 {act=android.intent.action.MAIN cat=[android.intent.category.LAUNCHER] flg=0x10200000 cmp=com.zhihu.android/.app.ui.activity.MainActivity} from uid 0 on display 0
04-14 15:41:31.095   877  5556 D DownloadManager: Removed 0 stale downloads
04-14 15:41:34.689   877  5556 D DownloadManager: Found 0 files in database
04-14 15:41:34.690   877  5556 D DownloadManager: Found 0 files on disk
04-14 15:41:49.480   708   818 D ConnectivityService: updateNetworkScore for NetworkAgentInfo [WIFI () - 100] to 55
04-14 15:41:49.480   708   818 D ConnectivityService: rematching NetworkAgentInfo [WIFI () - 100]
04-14 15:41:49.481   708   818 D ConnectivityService: Network NetworkAgentInfo [WIFI () - 100] was already satisfying request 1. No change.
04-14 15:41:49.481   708   818 D ConnectivityService: notifyType AVAILABLE for NetworkAgentInfo [WIFI () - 100]
04-14 15:41:52.919   708   818 D ConnectivityService: updateNetworkScore for NetworkAgentInfo [WIFI () - 100] to 56
04-14 15:41:52.920   708   818 D ConnectivityService: rematching NetworkAgentInfo [WIFI () - 100]
04-14 15:41:52.920   708   818 D ConnectivityService: Network NetworkAgentInfo [WIFI () - 100] was already satisfying request 1. No change.
04-14 15:41:52.920   708   818 D ConnectivityService: notifyType AVAILABLE for NetworkAgentInfo [WIFI () - 100]
04-14 15:41:54.505   708 11058 I ActivityManager: START u0 {act=android.intent.action.MAIN cat=[android.intent.category.LAUNCHER] flg=0x10200000 cmp=com.zhihu.android/.app.ui.activity.MainActivity} from uid 0 on display 0
04-14 15:42:12.351   708   806 I ActivityManager: START u0 {act=android.intent.action.MAIN cat=[android.intent.category.LAUNCHER] flg=0x10200000 cmp=com.zhihu.android/.app.ui.activity.MainActivity} from uid 0 on display 0
04-14 15:42:27.998   708   708 I JobServiceContext: Client timed out while executing (no jobFinished received). sending onStop. android/com.android.server.pm.BackgroundDexOptService jId=800, u0
04-14 15:42:41.031   708   818 D ConnectivityService: updateNetworkScore for NetworkAgentInfo [WIFI () - 100] to 55
04-14 15:42:41.031   708   818 D ConnectivityService: rematching NetworkAgentInfo [WIFI () - 100]
04-14 15:42:41.031   708   818 D ConnectivityService: Network NetworkAgentInfo [WIFI () - 100] was already satisfying request 1. No change.
04-14 15:42:41.032   708   818 D ConnectivityService: notifyType AVAILABLE for NetworkAgentInfo [WIFI () - 100]
04-14 15:42:44.419   708   818 D ConnectivityService: updateNetworkScore for NetworkAgentInfo [WIFI () - 100] to 56
04-14 15:42:44.419   708   818 D ConnectivityService: rematching NetworkAgentInfo [WIFI () - 100]
04-14 15:42:44.420   708   818 D ConnectivityService: Network NetworkAgentInfo [WIFI () - 100] was already satisfying request 1. No change.
04-14 15:42:44.420   708   818 D ConnectivityService: notifyType AVAILABLE for NetworkAgentInfo [WIFI () - 100]
04-14 15:42:46.971  1823  1823 W ViewRootImpl: Dropping event due to no window focus: MotionEvent { action=ACTION_MOVE, id[0]=0, x[0]=1.0, y[0]=1.0, toolType[0]=TOOL_TYPE_UNKNOWN, buttonState=0, metaState=0, flags=0x0, edgeFlags=0x0, pointerCount=1, historySize=9, eventTime=4572382, downTime=-1, deviceId=0, source=0x10004 }
04-14 15:42:48.538  1823  1823 W ViewRootImpl: Cancelling event due to no window focus: KeyEvent { action=ACTION_UP, keyCode=KEYCODE_DPAD_UP, scanCode=0, metaState=0, flags=0x80000028, repeatCount=0, eventTime=4574598, downTime=4574598, deviceId=-1, source=0x101 }
04-14 15:42:48.539  1823  1823 W ViewRootImpl: Cancelling event due to no window focus: KeyEvent { action=ACTION_UP, keyCode=KEYCODE_DPAD_UP, scanCode=0, metaState=0, flags=0x80000028, repeatCount=0, eventTime=4574598, downTime=4574598, deviceId=-1, source=0x101 }
04-14 15:42:48.539  1823  1823 W ViewRootImpl: Cancelling event due to no window focus: KeyEvent { action=ACTION_UP, keyCode=KEYCODE_DPAD_UP, scanCode=0, metaState=0, flags=0x80000028, repeatCount=0, eventTime=4574598, downTime=4574598, deviceId=-1, source=0x101 }
04-14 15:42:48.637   708  1720 W InputMethodManagerService: Window already focused, ignoring focus gain of: com.android.internal.view.IInputMethodClient$Stub$Proxy@82ad11f attribute=null, token = android.os.BinderProxy@9efa25b
04-14 15:42:51.223   708   818 D ConnectivityService: updateNetworkScore for NetworkAgentInfo [WIFI () - 100] to 55
04-14 15:42:51.224   708   818 D ConnectivityService: rematching NetworkAgentInfo [WIFI () - 100]
04-14 15:42:51.224   708   818 D ConnectivityService: Network NetworkAgentInfo [WIFI () - 100] was already satisfying request 1. No change.
04-14 15:42:51.224   708   818 D ConnectivityService: notifyType AVAILABLE for NetworkAgentInfo [WIFI () - 100]
04-14 15:42:54.490   708   818 D ConnectivityService: updateNetworkScore for NetworkAgentInfo [WIFI () - 100] to 56
04-14 15:42:54.490   708   818 D ConnectivityService: rematching NetworkAgentInfo [WIFI () - 100]
04-14 15:42:54.491   708   818 D ConnectivityService: Network NetworkAgentInfo [WIFI () - 100] was already satisfying request 1. No change.
04-14 15:42:54.491   708   818 D ConnectivityService: notifyType AVAILABLE for NetworkAgentInfo [WIFI () - 100]
04-14 15:43:01.330   708   818 D ConnectivityService: updateNetworkScore for NetworkAgentInfo [WIFI () - 100] to 55
04-14 15:43:01.330   708   818 D ConnectivityService: rematching NetworkAgentInfo [WIFI () - 100]
04-14 15:43:01.330   708   818 D ConnectivityService: Network NetworkAgentInfo [WIFI () - 100] was already satisfying request 1. No change.
04-14 15:43:01.331   708   818 D ConnectivityService: notifyType AVAILABLE for NetworkAgentInfo [WIFI () - 100]
04-14 15:43:04.708   708   818 D ConnectivityService: updateNetworkScore for NetworkAgentInfo [WIFI () - 100] to 56
04-14 15:43:04.708   708   818 D ConnectivityService: rematching NetworkAgentInfo [WIFI () - 100]
04-14 15:43:04.708   708   818 D ConnectivityService: Network NetworkAgentInfo [WIFI () - 100] was already satisfying request 1. No change.
04-14 15:43:04.708   708   818 D ConnectivityService: notifyType AVAILABLE for NetworkAgentInfo [WIFI () - 100]
04-14 15:43:07.949   708   818 D ConnectivityService: updateNetworkScore for NetworkAgentInfo [WIFI () - 100] to 55
04-14 15:43:07.949   708   818 D ConnectivityService: rematching NetworkAgentInfo [WIFI () - 100]
04-14 15:43:07.949   708   818 D ConnectivityService: Network NetworkAgentInfo [WIFI () - 100] was already satisfying request 1. No change.
04-14 15:43:07.950   708   818 D ConnectivityService: notifyType AVAILABLE for NetworkAgentInfo [WIFI () - 100]
04-14 15:43:11.343   708   818 D ConnectivityService: updateNetworkScore for NetworkAgentInfo [WIFI () - 100] to 56
04-14 15:43:11.344   708   818 D ConnectivityService: rematching NetworkAgentInfo [WIFI () - 100]
04-14 15:43:11.344   708   818 D ConnectivityService: Network NetworkAgentInfo [WIFI () - 100] was already satisfying request 1. No change.
04-14 15:43:11.344   708   818 D ConnectivityService: notifyType AVAILABLE for NetworkAgentInfo [WIFI () - 100]
04-14 15:43:14.760   708   818 D ConnectivityService: updateNetworkScore for NetworkAgentInfo [WIFI () - 100] to 55
04-14 15:43:14.760   708   818 D ConnectivityService: rematching NetworkAgentInfo [WIFI () - 100]
04-14 15:43:14.761   708   818 D ConnectivityService: Network NetworkAgentInfo [WIFI () - 100] was already satisfying request 1. No change.
04-14 15:43:14.761   708   818 D ConnectivityService: notifyType AVAILABLE for NetworkAgentInfo [WIFI () - 100]
04-14 15:43:18.178   708   818 D ConnectivityService: updateNetworkScore for NetworkAgentInfo [WIFI () - 100] to 56
04-14 15:43:18.179   708   818 D ConnectivityService: rematching NetworkAgentInfo [WIFI () - 100]
04-14 15:43:18.179   708   818 D ConnectivityService: Network NetworkAgentInfo [WIFI () - 100] was already satisfying request 1. No change.
04-14 15:43:18.179   708   818 D ConnectivityService: notifyType AVAILABLE for NetworkAgentInfo [WIFI () - 100]
04-14 15:43:45.396   708   818 D ConnectivityService: updateNetworkScore for NetworkAgentInfo [WIFI () - 100] to 55
04-14 15:43:45.396   708   818 D ConnectivityService: rematching NetworkAgentInfo [WIFI () - 100]
04-14 15:43:45.396   708   818 D ConnectivityService: Network NetworkAgentInfo [WIFI () - 100] was already satisfying request 1. No change.
04-14 15:43:45.397   708   818 D ConnectivityService: notifyType AVAILABLE for NetworkAgentInfo [WIFI () - 100]
04-14 15:43:49.779   708   776 I ActivityManager: Start proc 8205:com.android.systemui:screenshot/u0a13 for service com.android.systemui/.screenshot.TakeScreenshotService
04-14 15:43:55.657   708   818 D ConnectivityService: updateNetworkScore for NetworkAgentInfo [WIFI () - 100] to 56
04-14 15:43:55.658   708   818 D ConnectivityService: rematching NetworkAgentInfo [WIFI () - 100]
04-14 15:43:55.667   708   818 D ConnectivityService: Network NetworkAgentInfo [WIFI () - 100] was already satisfying request 1. No change.
04-14 15:43:55.672   708   818 D ConnectivityService: notifyType AVAILABLE for NetworkAgentInfo [WIFI () - 100]
04-14 15:43:57.777  1823  1823 W ViewRootImpl: Dropping event due to no window focus: MotionEvent { action=ACTION_MOVE, id[0]=0, x[0]=-5.0, y[0]=2.0, toolType[0]=TOOL_TYPE_UNKNOWN, buttonState=0, metaState=0, flags=0x0, edgeFlags=0x0, pointerCount=1, historySize=7, eventTime=4643662, downTime=-1, deviceId=0, source=0x10004 }
04-14 15:43:57.781  1823  1823 W ViewRootImpl: Dropping event due to no window focus: MotionEvent { action=ACTION_MOVE, id[0]=0, x[0]=-5.0, y[0]=0.0, toolType[0]=TOOL_TYPE_UNKNOWN, buttonState=0, metaState=0, flags=0x0, edgeFlags=0x0, pointerCount=1, historySize=0, eventTime=4643664, downTime=-1, deviceId=0, source=0x10004 }
04-14 15:43:57.854  1823  1823 W ViewRootImpl: Dropping event due to no window focus: KeyEvent { action=ACTION_DOWN, keyCode=KEYCODE_DPAD_RIGHT, scanCode=0, metaState=0, flags=0x400, repeatCount=0, eventTime=4643800, downTime=4643800, deviceId=-1, source=0x101 }
04-14 15:43:57.934  1823  1823 W ViewRootImpl: Cancelling event due to no window focus: KeyEvent { action=ACTION_UP, keyCode=KEYCODE_DPAD_RIGHT, scanCode=0, metaState=0, flags=0x420, repeatCount=0, eventTime=4643800, downTime=4643800, deviceId=-1, source=0x101 }
04-14 15:43:57.934  1823  1823 W ViewRootImpl: Cancelling event due to no window focus: KeyEvent { action=ACTION_UP, keyCode=KEYCODE_DPAD_RIGHT, scanCode=0, metaState=0, flags=0x420, repeatCount=0, eventTime=4643800, downTime=4643800, deviceId=-1, source=0x101 }
04-14 15:43:57.935  1823  1823 W ViewRootImpl: Cancelling event due to no window focus: KeyEvent { action=ACTION_UP, keyCode=KEYCODE_DPAD_RIGHT, scanCode=0, metaState=0, flags=0x420, repeatCount=0, eventTime=4643800, downTime=4643800, deviceId=-1, source=0x101 }
04-14 15:43:57.947  1823  1823 W ViewRootImpl: Cancelling event due to no window focus: KeyEvent { action=ACTION_UP, keyCode=KEYCODE_DPAD_RIGHT, scanCode=0, metaState=0, flags=0x80000420, repeatCount=0, eventTime=4643800, downTime=4643800, deviceId=-1, source=0x101 }
04-14 15:43:58.104  1823  1823 W ViewRootImpl: Dropping event due to no window focus: KeyEvent { action=ACTION_DOWN, keyCode=KEYCODE_DPAD_RIGHT, scanCode=0, metaState=0, flags=0x400, repeatCount=0, eventTime=4643801, downTime=4643801, deviceId=-1, source=0x101 }
04-14 15:43:58.249  1823  1823 W ViewRootImpl: Cancelling event due to no window focus: KeyEvent { action=ACTION_UP, keyCode=KEYCODE_DPAD_RIGHT, scanCode=0, metaState=0, flags=0x420, repeatCount=0, eventTime=4643801, downTime=4643801, deviceId=-1, source=0x101 }
04-14 15:43:58.249  1823  1823 W ViewRootImpl: Cancelling event due to no window focus: KeyEvent { action=ACTION_UP, keyCode=KEYCODE_DPAD_RIGHT, scanCode=0, metaState=0, flags=0x420, repeatCount=0, eventTime=4643801, downTime=4643801, deviceId=-1, source=0x101 }
04-14 15:43:58.250  1823  1823 W ViewRootImpl: Cancelling event due to no window focus: KeyEvent { action=ACTION_UP, keyCode=KEYCODE_DPAD_RIGHT, scanCode=0, metaState=0, flags=0x420, repeatCount=0, eventTime=4643801, downTime=4643801, deviceId=-1, source=0x101 }
04-14 15:43:58.269  1823  1823 W ViewRootImpl: Cancelling event due to no window focus: KeyEvent { action=ACTION_UP, keyCode=KEYCODE_DPAD_RIGHT, scanCode=0, metaState=0, flags=0x80000420, repeatCount=0, eventTime=4643801, downTime=4643801, deviceId=-1, source=0x101 }
04-14 15:43:58.294  1823  1823 W ViewRootImpl: Dropping event due to no window focus: KeyEvent { action=ACTION_DOWN, keyCode=KEYCODE_DPAD_RIGHT, scanCode=0, metaState=0, flags=0x400, repeatCount=0, eventTime=4643801, downTime=4643801, deviceId=-1, source=0x101 }
04-14 15:43:58.375  1823  1823 W ViewRootImpl: Cancelling event due to no window focus: KeyEvent { action=ACTION_UP, keyCode=KEYCODE_DPAD_RIGHT, scanCode=0, metaState=0, flags=0x420, repeatCount=0, eventTime=4643801, downTime=4643801, deviceId=-1, source=0x101 }
04-14 15:43:58.375  1823  1823 W ViewRootImpl: Cancelling event due to no window focus: KeyEvent { action=ACTION_UP, keyCode=KEYCODE_DPAD_RIGHT, scanCode=0, metaState=0, flags=0x420, repeatCount=0, eventTime=4643801, downTime=4643801, deviceId=-1, source=0x101 }
04-14 15:43:58.376  1823  1823 W ViewRootImpl: Cancelling event due to no window focus: KeyEvent { action=ACTION_UP, keyCode=KEYCODE_DPAD_RIGHT, scanCode=0, metaState=0, flags=0x420, repeatCount=0, eventTime=4643801, downTime=4643801, deviceId=-1, source=0x101 }
04-14 15:43:58.395  1823  1823 W ViewRootImpl: Cancelling event due to no window focus: KeyEvent { action=ACTION_UP, keyCode=KEYCODE_DPAD_RIGHT, scanCode=0, metaState=0, flags=0x80000420, repeatCount=0, eventTime=4643801, downTime=4643801, deviceId=-1, source=0x101 }
04-14 15:43:58.485  1823  1823 W ViewRootImpl: Dropping event due to no window focus: KeyEvent { action=ACTION_DOWN, keyCode=KEYCODE_DPAD_RIGHT, scanCode=0, metaState=0, flags=0x400, repeatCount=0, eventTime=4643801, downTime=4643801, deviceId=-1, source=0x101 }
04-14 15:43:58.779  1823  1823 W ViewRootImpl: Cancelling event due to no window focus: KeyEvent { action=ACTION_UP, keyCode=KEYCODE_DPAD_RIGHT, scanCode=0, metaState=0, flags=0x420, repeatCount=0, eventTime=4643801, downTime=4643801, deviceId=-1, source=0x101 }
04-14 15:43:58.779  1823  1823 W ViewRootImpl: Cancelling event due to no window focus: KeyEvent { action=ACTION_UP, keyCode=KEYCODE_DPAD_RIGHT, scanCode=0, metaState=0, flags=0x420, repeatCount=0, eventTime=4643801, downTime=4643801, deviceId=-1, source=0x101 }
04-14 15:43:58.780  1823  1823 W ViewRootImpl: Cancelling event due to no window focus: KeyEvent { action=ACTION_UP, keyCode=KEYCODE_DPAD_RIGHT, scanCode=0, metaState=0, flags=0x420, repeatCount=0, eventTime=4643801, downTime=4643801, deviceId=-1, source=0x101 }
04-14 15:43:58.791  1823  1823 W ViewRootImpl: Cancelling event due to no window focus: KeyEvent { action=ACTION_UP, keyCode=KEYCODE_DPAD_RIGHT, scanCode=0, metaState=0, flags=0x80000420, repeatCount=0, eventTime=4643801, downTime=4643801, deviceId=-1, source=0x101 }
04-14 15:44:00.233   708   724 I ActivityManager: Killing 1724:com.android.calendar/u0a21 (adj 15): empty for 4603s
04-14 15:44:00.448   708   724 E libprocessgroup: failed to kill 1 processes for processgroup 1724
04-14 15:44:08.252  1823  1823 W ViewRootImpl: Cancelling event due to no window focus: KeyEvent { action=ACTION_UP, keyCode=KEYCODE_DPAD_UP, scanCode=0, metaState=0, flags=0x80000028, repeatCount=0, eventTime=4654435, downTime=4654435, deviceId=-1, source=0x101 }
04-14 15:44:08.252  1823  1823 W ViewRootImpl: Cancelling event due to no window focus: KeyEvent { action=ACTION_UP, keyCode=KEYCODE_DPAD_UP, scanCode=0, metaState=0, flags=0x80000028, repeatCount=0, eventTime=4654435, downTime=4654435, deviceId=-1, source=0x101 }
04-14 15:44:08.253  1823  1823 W ViewRootImpl: Cancelling event due to no window focus: KeyEvent { action=ACTION_UP, keyCode=KEYCODE_DPAD_UP, scanCode=0, metaState=0, flags=0x80000028, repeatCount=0, eventTime=4654435, downTime=4654435, deviceId=-1, source=0x101 }
04-14 15:44:08.278  1823  1823 W ViewRootImpl: Cancelling event due to no window focus: KeyEvent { action=ACTION_UP, keyCode=KEYCODE_DPAD_UP, scanCode=0, metaState=0, flags=0x80000028, repeatCount=0, eventTime=4654435, downTime=4654435, deviceId=-1, source=0x101 }
04-14 15:44:08.279  1823  1823 W ViewRootImpl: Cancelling event due to no window focus: KeyEvent { action=ACTION_UP, keyCode=KEYCODE_DPAD_UP, scanCode=0, metaState=0, flags=0x80000028, repeatCount=0, eventTime=4654435, downTime=4654435, deviceId=-1, source=0x101 }
04-14 15:44:08.279  1823  1823 W ViewRootImpl: Cancelling event due to no window focus: KeyEvent { action=ACTION_UP, keyCode=KEYCODE_DPAD_UP, scanCode=0, metaState=0, flags=0x80000028, repeatCount=0, eventTime=4654435, downTime=4654435, deviceId=-1, source=0x101 }
04-14 15:44:08.286  1823  1823 W ViewRootImpl: Cancelling event due to no window focus: KeyEvent { action=ACTION_UP, keyCode=KEYCODE_DPAD_UP, scanCode=0, metaState=0, flags=0x80000028, repeatCount=0, eventTime=4654435, downTime=4654435, deviceId=-1, source=0x101 }
04-14 15:44:08.379   708   724 W InputMethodManagerService: Window already focused, ignoring focus gain of: com.android.internal.view.IInputMethodClient$Stub$Proxy@35d6415d attribute=null, token = android.os.BinderProxy@9efa25b
04-14 15:44:15.952   708  1196 I ActivityManager: START u0 {act=android.intent.action.MAIN cat=[android.intent.category.LAUNCHER] flg=0x10200000 cmp=com.zhihu.android/.app.ui.activity.MainActivity} from uid 0 on display 0
04-14 15:44:19.683   708 10258 W ProcessCpuTracker: Skipping unknown process pid 15589
04-14 15:44:19.684   708 10258 W ProcessCpuTracker: Skipping unknown process pid 15590
04-14 15:44:19.684   708 10258 W ProcessCpuTracker: Skipping unknown process pid 15591
04-14 15:44:22.856   708  1196 I ActivityManager: START u0 {act=com.android.systemui.recents.SHOW_RECENTS flg=0x10804000 cmp=com.android.systemui/.recents.RecentsActivity} from uid 10013 on display 0
04-14 15:44:45.173   708  1196 I ActivityManager: START u0 {act=android.intent.action.MAIN cat=[android.intent.category.LAUNCHER] flg=0x10200000 cmp=com.zhihu.android/.app.ui.activity.MainActivity} from uid 0 on display 0
04-14 15:45:04.798   708   708 I JobServiceContext: Client timed out while executing (no jobFinished received). sending onStop. android/com.android.server.pm.BackgroundDexOptService jId=800, u0
04-14 15:45:10.387   708   818 D ConnectivityService: updateNetworkScore for NetworkAgentInfo [WIFI () - 100] to 55
04-14 15:45:10.387   708   818 D ConnectivityService: rematching NetworkAgentInfo [WIFI () - 100]
04-14 15:45:10.387   708   818 D ConnectivityService: Network NetworkAgentInfo [WIFI () - 100] was already satisfying request 1. No change.
04-14 15:45:10.387   708   818 D ConnectivityService: notifyType AVAILABLE for NetworkAgentInfo [WIFI () - 100]
04-14 15:45:13.653   708   818 D ConnectivityService: updateNetworkScore for NetworkAgentInfo [WIFI () - 100] to 56
04-14 15:45:13.653   708   818 D ConnectivityService: rematching NetworkAgentInfo [WIFI () - 100]
04-14 15:45:13.654   708   818 D ConnectivityService: Network NetworkAgentInfo [WIFI () - 100] was already satisfying request 1. No change.
04-14 15:45:13.654   708   818 D ConnectivityService: notifyType AVAILABLE for NetworkAgentInfo [WIFI () - 100]
04-14 15:45:19.199   708 10522 W ProcessCpuTracker: Skipping unknown process pid 30162
04-14 15:45:28.579   708   773 W ProcessCpuTracker: Skipping unknown process pid 32472
04-14 15:45:44.058   708   797 I WindowManager: Input event dispatching timed out sending to com.zhihu.android/com.zhihu.android.app.ui.activity.MainActivity.  Reason: Waiting to send key event because the focused window has not finished processing all of the input events that were previously delivered to it.  Outbound queue length: 0.  Wait queue length: 1.
04-14 15:45:44.177   708   773 I ActivityManager: Skipping duplicate ANR: ProcessRecord{171c1fe0 1823:com.zhihu.android/u0a54} Input dispatching timed out (Waiting to send key event because the focused window has not finished processing all of the input events that were previously delivered to it.  Outbound queue length: 0.  Wait queue length: 1.)
04-14 15:45:44.180   708 10258 W InputManager: Input event injection from pid 3894 timed out.
04-14 15:45:49.208   708 10522 W ProcessCpuTracker: Skipping unknown process pid 5666
04-14 15:45:56.753   708 10258 I ActivityManager: START u0 {act=android.intent.action.MAIN cat=[android.intent.category.LAUNCHER] flg=0x10200000 cmp=com.zhihu.android/.app.ui.activity.MainActivity} from uid 0 on display 0
04-14 15:46:00.597   708 11058 I ActivityManager: START u0 {act=android.intent.action.MAIN cat=[android.intent.category.LAUNCHER] flg=0x10200000 cmp=com.zhihu.android/.app.ui.activity.MainActivity} from uid 0 on display 0
04-14 15:46:19.540   708 10522 W ProcessCpuTracker: Skipping unknown process pid 13067
04-14 15:46:20.303   708 10522 I ActivityManager: START u0 {act=android.intent.action.MAIN cat=[android.intent.category.LAUNCHER] flg=0x10200000 cmp=com.zhihu.android/.app.ui.activity.MainActivity} from uid 0 on display 0
04-14 15:46:42.281   708   797 I WindowManager: Input event dispatching timed out sending to com.zhihu.android/com.zhihu.android.app.ui.activity.MainActivity.  Reason: Waiting to send key event because the focused window has not finished processing all of the input events that were previously delivered to it.  Outbound queue length: 0.  Wait queue length: 10.
04-14 15:46:42.381   708 10522 W InputManager: Input event injection from pid 3894 timed out.
04-14 15:46:45.831   708   773 I ActivityManager: Skipping duplicate ANR: ProcessRecord{171c1fe0 1823:com.zhihu.android/u0a54} Input dispatching timed out (Waiting to send key event because the focused window has not finished processing all of the input events that were previously delivered to it.  Outbound queue length: 0.  Wait queue length: 10.)
04-14 15:47:24.638   708  1158 I ActivityManager: START u0 {act=android.intent.action.MAIN cat=[android.intent.category.LAUNCHER] flg=0x10200000 cmp=com.zhihu.android/.app.ui.activity.MainActivity} from uid 0 on display 0
04-14 15:48:08.287  1823  1823 W ViewRootImpl: Dropping event due to no window focus: KeyEvent { action=ACTION_DOWN, keyCode=KEYCODE_MENU, scanCode=0, metaState=0, flags=0x8, repeatCount=0, eventTime=4891439, downTime=4891439, deviceId=-1, source=0x101 }
04-14 15:48:08.293  1823  1823 W ViewRootImpl: Cancelling event due to no window focus: KeyEvent { action=ACTION_UP, keyCode=KEYCODE_MENU, scanCode=0, metaState=0, flags=0x28, repeatCount=0, eventTime=4891449, downTime=4891449, deviceId=-1, source=0x101 }
04-14 15:48:08.294  1823  1823 W ViewRootImpl: Cancelling event due to no window focus: KeyEvent { action=ACTION_UP, keyCode=KEYCODE_MENU, scanCode=0, metaState=0, flags=0x28, repeatCount=0, eventTime=4891449, downTime=4891449, deviceId=-1, source=0x101 }
04-14 15:48:08.294  1823  1823 W ViewRootImpl: Cancelling event due to no window focus: KeyEvent { action=ACTION_UP, keyCode=KEYCODE_MENU, scanCode=0, metaState=0, flags=0x28, repeatCount=0, eventTime=4891449, downTime=4891449, deviceId=-1, source=0x101 }
04-14 15:48:08.340   708  1158 W InputMethodManagerService: Window already focused, ignoring focus gain of: com.android.internal.view.IInputMethodClient$Stub$Proxy@2d8399a6 attribute=null, token = android.os.BinderProxy@9efa25b
04-14 15:48:13.959   708   797 I ActivityManager: START u0 {act=android.intent.action.MAIN cat=[android.intent.category.LAUNCHER] flg=0x10000000 cmp=com.android.email/.activity.Welcome sel=act=android.intent.action.MAIN cat=[android.intent.category.APP_EMAIL]}} from uid 1000 on display 0
04-14 15:48:19.148   708   773 W ProcessCpuTracker: Skipping unknown process pid 10498
04-14 15:48:39.704   708   725 W ProcessCpuTracker: Skipping unknown process pid 15471
04-14 15:49:13.054   708   708 I JobServiceContext: Client timed out while executing (no jobFinished received). sending onStop. android/com.android.server.pm.BackgroundDexOptService jId=800, u0
04-14 15:50:31.594   708   708 I JobServiceContext: Client timed out while executing (no jobFinished received). sending onStop. android/com.android.server.pm.BackgroundDexOptService jId=800, u0
04-14 15:51:22.982   708  1196 W InputMethodManagerService: Window already focused, ignoring focus gain of: com.android.internal.view.IInputMethodClient$Stub$Proxy@2e45271 attribute=null, token = android.os.BinderProxy@9efa25b
04-14 15:51:53.571   708 16952 I ActivityManager: START u0 {act=android.intent.action.MAIN cat=[android.intent.category.LAUNCHER] flg=0x10200000 cmp=com.zhihu.android/.app.ui.activity.MainActivity} from uid 0 on display 0
04-14 15:52:08.026   708   818 D ConnectivityService: updateNetworkScore for NetworkAgentInfo [WIFI () - 100] to 60
04-14 15:52:08.027   708   818 D ConnectivityService: rematching NetworkAgentInfo [WIFI () - 100]
04-14 15:52:08.027   708   818 D ConnectivityService: Network NetworkAgentInfo [WIFI () - 100] was already satisfying request 1. No change.
04-14 15:52:08.027   708   818 D ConnectivityService: notifyType AVAILABLE for NetworkAgentInfo [WIFI () - 100]
04-14 15:52:09.337   708 11058 W ProcessCpuTracker: Skipping unknown process pid 2881
04-14 15:52:11.271   708   818 D ConnectivityService: updateNetworkScore for NetworkAgentInfo [WIFI () - 100] to 56
04-14 15:52:11.271   708   818 D ConnectivityService: rematching NetworkAgentInfo [WIFI () - 100]
04-14 15:52:11.272   708   818 D ConnectivityService: Network NetworkAgentInfo [WIFI () - 100] was already satisfying request 1. No change.
04-14 15:52:11.272   708   818 D ConnectivityService: notifyType AVAILABLE for NetworkAgentInfo [WIFI () - 100]
04-14 15:52:19.226   708   708 I JobServiceContext: Client timed out while executing (no jobFinished received). sending onStop. android/com.android.server.pm.BackgroundDexOptService jId=800, u0
04-14 15:52:19.848   708  1158 W ProcessCpuTracker: Skipping unknown process pid 5478
04-14 15:52:56.048   708  1196 I ActivityManager: START u0 {act=android.intent.action.MAIN cat=[android.intent.category.LAUNCHER] flg=0x10200000 cmp=com.zhihu.android/.app.ui.activity.MainActivity} from uid 0 on display 0
04-14 15:53:20.019   708   708 I JobServiceContext: Client timed out while executing (no jobFinished received). sending onStop. android/com.android.server.pm.BackgroundDexOptService jId=800, u0
04-14 15:53:28.247   708   808 I ActivityManager: START u0 {act=android.intent.action.MAIN cat=[android.intent.category.LAUNCHER] flg=0x10200000 cmp=com.zhihu.android/.app.ui.activity.MainActivity} from uid 0 on display 0
04-14 15:53:59.609   708  1196 W ProcessCpuTracker: Skipping unknown process pid 29900
04-14 15:54:55.446   708   708 I JobServiceContext: Client timed out while executing (no jobFinished received). sending onStop. android/com.android.server.pm.BackgroundDexOptService jId=800, u0
04-14 15:55:15.718   708   797 I ActivityManager: START u0 {act=android.intent.action.MAIN cat=[android.intent.category.LAUNCHER] flg=0x10000000 cmp=com.android.contacts/.activities.PeopleActivity sel=act=android.intent.action.MAIN cat=[android.intent.category.APP_CONTACTS]}} from uid 1000 on display 0
04-14 15:55:17.537  1823  1823 W ViewRootImpl: Cancelling event due to no window focus: KeyEvent { action=ACTION_UP, keyCode=KEYCODE_CONTACTS, scanCode=0, metaState=0, flags=0x80000028, repeatCount=0, eventTime=5321961, downTime=5321961, deviceId=-1, source=0x101 }
04-14 15:55:18.051   708 10522 W InputMethodManagerService: Window already focused, ignoring focus gain of: com.android.internal.view.IInputMethodClient$Stub$Proxy@1f0a88d5 attribute=null, token = android.os.BinderProxy@9efa25b
04-14 15:55:18.296   708   724 I ActivityManager: START u0 {act=android.intent.action.MAIN cat=[android.intent.category.LAUNCHER] flg=0x10200000 cmp=com.zhihu.android/.app.ui.activity.MainActivity} from uid 0 on display 0
04-14 15:55:25.884  1823  1823 W ViewRootImpl: Dropping event due to no window focus: KeyEvent { action=ACTION_DOWN, keyCode=KEYCODE_DPAD_LEFT, scanCode=0, metaState=0, flags=0x400, repeatCount=0, eventTime=5331786, downTime=5331786, deviceId=-1, source=0x101 }
04-14 15:55:25.910  1823  1823 W ViewRootImpl: Cancelling event due to no window focus: KeyEvent { action=ACTION_UP, keyCode=KEYCODE_DPAD_LEFT, scanCode=0, metaState=0, flags=0x420, repeatCount=0, eventTime=5331786, downTime=5331786, deviceId=-1, source=0x101 }
04-14 15:55:25.911  1823  1823 W ViewRootImpl: Dropping event due to no window focus: KeyEvent { action=ACTION_DOWN, keyCode=KEYCODE_DPAD_LEFT, scanCode=0, metaState=0, flags=0x400, repeatCount=0, eventTime=5331787, downTime=5331787, deviceId=-1, source=0x101 }
04-14 15:55:25.911  1823  1823 W ViewRootImpl: Cancelling event due to no window focus: KeyEvent { action=ACTION_UP, keyCode=KEYCODE_DPAD_LEFT, scanCode=0, metaState=0, flags=0x420, repeatCount=0, eventTime=5331787, downTime=5331787, deviceId=-1, source=0x101 }
04-14 15:55:25.912  1823  1823 W ViewRootImpl: Dropping event due to no window focus: KeyEvent { action=ACTION_DOWN, keyCode=KEYCODE_DPAD_LEFT, scanCode=0, metaState=0, flags=0x400, repeatCount=0, eventTime=5331787, downTime=5331787, deviceId=-1, source=0x101 }
04-14 15:55:25.913  1823  1823 W ViewRootImpl: Cancelling event due to no window focus: KeyEvent { action=ACTION_UP, keyCode=KEYCODE_DPAD_LEFT, scanCode=0, metaState=0, flags=0x420, repeatCount=0, eventTime=5331787, downTime=5331787, deviceId=-1, source=0x101 }
04-14 15:55:25.917  1823  1823 W ViewRootImpl: Cancelling event due to no window focus: KeyEvent { action=ACTION_UP, keyCode=KEYCODE_DPAD_DOWN, scanCode=0, metaState=0, flags=0x80000420, repeatCount=0, eventTime=5331789, downTime=5331789, deviceId=-1, source=0x101 }
04-14 15:55:25.950  1823  1823 W ViewRootImpl: Cancelling event due to no window focus: KeyEvent { action=ACTION_UP, keyCode=KEYCODE_DPAD_DOWN, scanCode=0, metaState=0, flags=0x80000420, repeatCount=0, eventTime=5331789, downTime=5331789, deviceId=-1, source=0x101 }
04-14 15:55:25.972  1823  1823 W ViewRootImpl: Cancelling event due to no window focus: KeyEvent { action=ACTION_UP, keyCode=KEYCODE_DPAD_DOWN, scanCode=0, metaState=0, flags=0x80000028, repeatCount=0, eventTime=5331823, downTime=5331468, deviceId=-1, source=0x101 }
04-14 15:55:27.896   856   856 W ViewRootImpl: Cancelling event due to no window focus: KeyEvent { action=ACTION_UP, keyCode=KEYCODE_DPAD_DOWN, scanCode=0, metaState=0, flags=0x80000028, repeatCount=0, eventTime=5331811, downTime=5331811, deviceId=-1, source=0x101 }
04-14 15:55:27.896   856   856 W ViewRootImpl: Cancelling event due to no window focus: KeyEvent { action=ACTION_UP, keyCode=KEYCODE_DPAD_DOWN, scanCode=0, metaState=0, flags=0x80000028, repeatCount=0, eventTime=5331811, downTime=5331811, deviceId=-1, source=0x101 }
04-14 15:55:27.943   856   856 W ViewRootImpl: Cancelling event due to no window focus: KeyEvent { action=ACTION_UP, keyCode=KEYCODE_DPAD_DOWN, scanCode=0, metaState=0, flags=0x80000028, repeatCount=0, eventTime=5331811, downTime=5331811, deviceId=-1, source=0x101 }
04-14 15:55:27.943   856   856 W ViewRootImpl: Cancelling event due to no window focus: KeyEvent { action=ACTION_UP, keyCode=KEYCODE_DPAD_DOWN, scanCode=0, metaState=0, flags=0x80000028, repeatCount=0, eventTime=5331811, downTime=5331811, deviceId=-1, source=0x101 }
04-14 15:55:27.944   856   856 W ViewRootImpl: Cancelling event due to no window focus: KeyEvent { action=ACTION_UP, keyCode=KEYCODE_DPAD_DOWN, scanCode=0, metaState=0, flags=0x80000028, repeatCount=0, eventTime=5331811, downTime=5331811, deviceId=-1, source=0x101 }
04-14 15:55:27.944   856   856 W ViewRootImpl: Cancelling event due to no window focus: KeyEvent { action=ACTION_UP, keyCode=KEYCODE_DPAD_DOWN, scanCode=0, metaState=0, flags=0x80000028, repeatCount=0, eventTime=5331811, downTime=5331811, deviceId=-1, source=0x101 }
04-14 15:55:27.945   856   856 W ViewRootImpl: Cancelling event due to no window focus: KeyEvent { action=ACTION_UP, keyCode=KEYCODE_DPAD_DOWN, scanCode=0, metaState=0, flags=0x80000028, repeatCount=0, eventTime=5331811, downTime=5331811, deviceId=-1, source=0x101 }
04-14 15:55:27.946   856   856 W ViewRootImpl: Cancelling event due to no window focus: KeyEvent { action=ACTION_UP, keyCode=KEYCODE_DPAD_DOWN, scanCode=0, metaState=0, flags=0x80000028, repeatCount=0, eventTime=5331811, downTime=5331811, deviceId=-1, source=0x101 }
04-14 15:55:27.946   856   856 W ViewRootImpl: Cancelling event due to no window focus: KeyEvent { action=ACTION_UP, keyCode=KEYCODE_DPAD_DOWN, scanCode=0, metaState=0, flags=0x80000028, repeatCount=0, eventTime=5331811, downTime=5331811, deviceId=-1, source=0x101 }
04-14 15:55:42.098   708   797 I WindowManager: Input event dispatching timed out sending to StatusBar.  Reason: Waiting to send key event because the focused window has not finished processing all of the input events that were previously delivered to it.  Outbound queue length: 0.  Wait queue length: 1.
04-14 15:55:42.294   708   773 I ActivityManager: Skipping duplicate ANR: ProcessRecord{171c1fe0 1823:com.zhihu.android/u0a54} Input dispatching timed out (Waiting to send key event because the focused window has not finished processing all of the input events that were previously delivered to it.  Outbound queue length: 0.  Wait queue length: 1.)
04-14 15:55:42.297   708  1259 W InputManager: Input event injection from pid 3894 timed out.
04-14 15:55:48.305   708   797 I WindowManager: Input event dispatching timed out sending to StatusBar.  Reason: Waiting to send key event because the focused window has not finished processing all of the input events that were previously delivered to it.  Outbound queue length: 0.  Wait queue length: 2.
04-14 15:55:48.396   708  1259 W InputManager: Input event injection from pid 3894 timed out.
04-14 15:55:50.717   708   773 I ActivityManager: Skipping duplicate ANR: ProcessRecord{171c1fe0 1823:com.zhihu.android/u0a54} Input dispatching timed out (Waiting to send key event because the focused window has not finished processing all of the input events that were previously delivered to it.  Outbound queue length: 0.  Wait queue length: 2.)
04-14 15:55:53.479   708   797 I WindowManager: Input event dispatching timed out sending to StatusBar.  Reason: Waiting to send key event because the focused window has not finished processing all of the input events that were previously delivered to it.  Outbound queue length: 0.  Wait queue length: 2.
04-14 15:55:53.677   708 10258 W InputManager: Input event injection from pid 3894 timed out.
04-14 15:55:57.080   708   773 I ActivityManager: Skipping duplicate ANR: ProcessRecord{171c1fe0 1823:com.zhihu.android/u0a54} Input dispatching timed out (Waiting to send key event because the focused window has not finished processing all of the input events that were previously delivered to it.  Outbound queue length: 0.  Wait queue length: 2.)
04-14 15:55:58.995   708 16952 W BackupManagerService: dataChanged but no participant pkg='com.android.providers.settings' uid=10013
04-14 15:55:59.000   708   708 D ZenLog  : set_zen_mode: no_interruptions,setting
04-14 15:55:59.000   708   708 D ZenLog  : update_zen_mode: off -> no_interruptions
04-14 15:55:59.023   708   708 D ZenLog  : set_ringer_mode_internal: ZenModeHelper,i:normal->silent,e:normal->silent
04-14 15:56:03.320  1823  1823 W ViewRootImpl: Dropping event due to no window focus: KeyEvent { action=ACTION_DOWN, keyCode=KEYCODE_DPAD_DOWN, scanCode=0, metaState=0, flags=0x8, repeatCount=0, eventTime=5369524, downTime=5369524, deviceId=-1, source=0x101 }
