08-09 01:58:25.330  1175  1175 D TelephonyManager: getTelephonyProperty: return propVal='46001' phoneId=0 property='gsm.sim.operator.numeric' defaultVal='' prop=46001
08-09 01:58:25.347  1175  1175 D SubscriptionController: [setDefaultFallbackSubId] broadcast default subId changed phoneId=0 subId=1
08-09 01:58:25.359  1175  1175 D SubscriptionController: [addSubInfoRecord] one sim set defaults to subId=1
08-09 01:58:25.362   709   709 D SubscriptionManager: [getPhoneId]- fail
08-09 01:58:25.363  1175  1175 D SubscriptionController: [setDefaultDataSubId] subId=1
08-09 01:58:25.393   191   531 I RILQ    : (0/191):RIL[0][qmi_cb] qcril_qmi_nas_update_data_rte: completed, new drte 0 with confidence 4
08-09 01:58:25.394   191   531 I RILC    : RIL_SOCKET_1 UNSOLICITED: UNSOL_RESPONSE_VOICE_NETWORK_STATE_CHANGED length:8
08-09 01:58:25.394   191   531 E RILC    : Send Response to RIL_SOCKET_1
08-09 01:58:25.395  1175  1175 D SubscriptionController: [setDefaultDataSubId] num phones=1
08-09 01:58:25.395   191   531 I RILC    : RIL_SOCKET_1 UNSOLICITED: UNSOL_RESPONSE_VOICE_NETWORK_STATE_CHANGED length:8
08-09 01:58:25.395   191   531 E RILC    : Send Response to RIL_SOCKET_1
08-09 01:58:25.395  1175  1283 D RILJ    : [UNSL]< UNSOL_RESPONSE_VOICE_NETWORK_STATE_CHANGED [SUB0]
08-09 01:58:25.395  1175  1283 D RILJ    : [UNSL]< UNSOL_RESPONSE_VOICE_NETWORK_STATE_CHANGED [SUB0]
08-09 01:58:25.395   191   531 I RILQ    : (0/191):RIL[0][qmi_cb] qcril_qmi_nas_update_data_rte: completed, new drte 0 with confidence 4
08-09 01:58:25.397   191   531 I RILC    : RIL_SOCKET_1 UNSOLICITED: UNSOL_RESPONSE_VOICE_NETWORK_STATE_CHANGED length:8
08-09 01:58:25.397   191   531 E RILC    : Send Response to RIL_SOCKET_1
08-09 01:58:25.398  1175  1283 D RILJ    : [UNSL]< UNSOL_RESPONSE_VOICE_NETWORK_STATE_CHANGED [SUB0]
08-09 01:58:25.408  1175  1175 D SubscriptionController: [setDefaultDataSubId] phoneId=0 subId=1 RAF=1
08-09 01:58:25.411  1175  1175 D SubscriptionController: [setDefaultDataSubId] reqRAF=65545
08-09 01:58:25.421  1175  1175 D PhoneFactory: calculatePreferredNetworkType: phoneSubId = 1 networkType = 10
08-09 01:58:25.421  1175  1175 D SubscriptionController: [setDefaultDataSubId] networkType=10
08-09 01:58:25.425  1175  1175 D SubscriptionController: [setDefaultDataSubId] newRAF=65544
08-09 01:58:25.430  1175  1175 D ProxyController: setRadioCapability: mSetRadioAccessFamilyStatus[0]=0
08-09 01:58:25.430  1175  1175 D ProxyController: clearTransaction
08-09 01:58:25.431  1175  1175 D ProxyController: clearTransaction: phoneId=0 status=IDLE
08-09 01:58:25.436  1175  1175 D ProxyController: setRadioCapability: new request session id=-1357320593
08-09 01:58:25.436  1175  1175 D ProxyController: setRadioCapability: phoneId=0 status=STARTING
08-09 01:58:25.436  1175  1175 D ProxyController: setRadioCapability: mOldRadioAccessFamily[0]=1
08-09 01:58:25.436  1175  1175 D ProxyController: setRadioCapability: mNewRadioAccessFamily[0]=65544
08-09 01:58:25.438  1175  1175 D RILJ    : [3716]> RIL_REQUEST_SET_RADIO_CAPABILITY {mPhoneId = 0 mVersion=1 mSession=-1357320593 mPhase=1 mRadioAccessFamily=1 mLogicModemId=0 mStatus=0} [SUB0]
08-09 01:58:25.442  1175  1175 D SubscriptionController: [updateAllDataConnectionTrackers] sProxyPhones.length=1
08-09 01:58:25.443   191   297 D RILC    : RequestComplete, RIL_SOCKET_1
08-09 01:58:25.443   191   297 E RILC    : Send Response to RIL_SOCKET_1
08-09 01:58:25.444  1175  1283 D RilRequest: [3716]< RIL_REQUEST_SET_RADIO_CAPABILITY error: com.android.internal.telephony.CommandException: GENERIC_FAILURE ret=
08-09 01:58:25.447  1175  1175 D SubscriptionController: [updateAllDataConnectionTrackers] phoneId=0
08-09 01:58:25.450  1175  1175 D PhoneProxy: [PhoneProxy] Updating Data Connection Tracker
08-09 01:58:25.450  1175  1175 D DCT     : [0]update sub = 1
08-09 01:58:25.450  1175  1175 D DCT     : [0]update(): Active DDS, register for all events now!
08-09 01:58:25.451  1175  1175 D GsmSST  : [GsmSST] notifyDataRegStateRilRadioTechnologyChanged: drs=1 rat=0
08-09 01:58:25.451  1175  1175 D TelephonyManager: setTelephonyProperty: success phoneId=0 property=gsm.network.type value: Unknown propVal=Unknown
08-09 01:58:25.453  1175  1175 D DCT     : [0]getDataEnabled: getIntWithSubId retVal=true
08-09 01:58:25.455  1175  1175 D GSMPhone: [GSMPhone] updateCurrentCarrierInProvider: mSubId = 1 currentDds = 1 operatorNumeric = 46001
08-09 01:58:25.527  1175  1175 D SubscriptionController: [broadcastDefaultDataSubIdChanged] subId=1
08-09 01:58:25.532  1175  1175 D SubscriptionController: [setDefaultSmsSubId] subId=1
08-09 01:58:25.540  1175  1175 D SubscriptionController: [broadcastDefaultSmsSubIdChanged] subId=1
08-09 01:58:25.545  1175  1175 D SubscriptionController: [setDefaultVoiceSubId] subId=1
08-09 01:58:25.556  1175  1175 D SubscriptionController: [broadcastDefaultVoiceSubIdChanged] subId=1
08-09 01:58:25.568  1175  1175 D SubscriptionController: [addSubInfoRecord] hashmap(0,1)
08-09 01:58:25.577  1175  1175 D SubscriptionController: [updateAllDataConnectionTrackers] sProxyPhones.length=1
08-09 01:58:25.582  1175  1175 D SubscriptionController: [updateAllDataConnectionTrackers] phoneId=0
08-09 01:58:25.601  1175  1175 D PhoneProxy: [PhoneProxy] Updating Data Connection Tracker
08-09 01:58:25.602  1175  1175 D DCT     : [0]update sub = 1
08-09 01:58:25.603  1175  1175 D DCT     : [0]update(): Active DDS, register for all events now!
08-09 01:58:25.605  1175  1175 D GsmSST  : [GsmSST] notifyDataRegStateRilRadioTechnologyChanged: drs=1 rat=0
08-09 01:58:25.606  1175  1175 D TelephonyManager: setTelephonyProperty: success phoneId=0 property=gsm.network.type value: Unknown propVal=Unknown
08-09 01:58:25.610  1175  1175 D DCT     : [0]getDataEnabled: getIntWithSubId retVal=true
08-09 01:58:25.617  1175  1175 D GSMPhone: [GSMPhone] updateCurrentCarrierInProvider: mSubId = 1 currentDds = 1 operatorNumeric = 46001
08-09 01:58:25.695  1175  1175 D SubscriptionController: [addSubInfoRecord]- info size=1
08-09 01:58:25.699  1175  1175 D SubscriptionInfoUpdater: newSim = false
08-09 01:58:25.700  1175  1175 D SubscriptionInfoUpdater: updateSubscriptionInfoByIccId: sInsertSimState[0] = 0
08-09 01:58:25.701  1175  1175 D SubscriptionController: [getActiveSubInfoList]+
08-09 01:58:25.704  1175  1175 D SubscriptionController: selection:sim_id>=0 null
08-09 01:58:25.728  1175  1175 D TelephonyManager: getTelephonyProperty: return propVal='cn' phoneId=0 property='gsm.sim.operator.iso-country' defaultVal='' prop=cn
08-09 01:58:25.728  1175  1175 D SubscriptionController: [getSubInfoRecord] id:1 iccid:89860115921101579076 simSlotIndex:0 displayName:CARD 1 nameSource:0 iconTint:-16746133 dataRoaming:0 mcc:460 mnc:1 countIso:cn
08-09 01:58:25.731  1175  1175 D PhoneFactory: getPhone:- phoneId != DEFAULT_PHONE_ID return sProxyPhones[phoneId] phoneId=0 phone=Handler (com.android.internal.telephony.PhoneProxy) {152c775b}
08-09 01:58:25.735  1175  1175 D SubscriptionController: [getActiveSubInfoList]- 1 infos return
08-09 01:58:25.738  1175  1175 D SubscriptionInfoUpdater: updateSubscriptionInfoByIccId: nSubCount = 1
08-09 01:58:25.741  1175  1175 D PhoneFactory: getPhone:- phoneId != DEFAULT_PHONE_ID return sProxyPhones[phoneId] phoneId=0 phone=Handler (com.android.internal.telephony.PhoneProxy) {152c775b}
08-09 01:58:25.792  1175  1175 D SubscriptionController: notifySubscriptionInfoChanged:
08-09 01:58:25.804   709   709 D TelephonyManager: getSimOperatorNumeric(): default subId=1
08-09 01:58:25.805  1175  1175 D SubscriptionInfoUpdater: updateSubscriptionInfoByIccId:- SsubscriptionInfo update complete
08-09 01:58:25.806   709   709 D TelephonyManager: getTelephonyProperty: return propVal='46001' phoneId=0 property='gsm.sim.operator.numeric' defaultVal='' prop=46001
08-09 01:58:25.819  1175  1175 D TelephonyManager: getSimOperatorNumeric(): default subId=1
08-09 01:58:25.845  1175  1175 D TelephonyManager: getTelephonyProperty: return propVal='46001' phoneId=0 property='gsm.sim.operator.numeric' defaultVal='' prop=46001
08-09 01:58:25.887  1175  1175 D SubscriptionController: [setMccMnc]+ mcc/mnc:460/1 subId:1
08-09 01:58:25.929  1175  1175 D SubscriptionController: notifySubscriptionInfoChanged:
08-09 01:58:25.936   709   709 D TelephonyManager: getSimOperatorNumeric(): default subId=1
08-09 01:58:25.938   709   709 D TelephonyManager: getTelephonyProperty: return propVal='46001' phoneId=0 property='gsm.sim.operator.numeric' defaultVal='' prop=46001
08-09 01:58:25.943  1175  1175 D PhoneFactory: getPhone:- phoneId != DEFAULT_PHONE_ID return sProxyPhones[phoneId] phoneId=0 phone=Handler (com.android.internal.telephony.PhoneProxy) {152c775b}
08-09 01:58:25.964  1175  1175 D SubscriptionController: [getActiveSubInfoList]+
08-09 01:58:25.969  1175  1175 D SubscriptionController: selection:sim_id>=0 null
08-09 01:58:25.995  1175  1336 D SubscriptionController: [getActiveSubInfoList]+
08-09 01:58:25.999  1175  1336 D SubscriptionController: selection:sim_id>=0 null
08-09 01:58:26.004  1175  1175 D TelephonyManager: getTelephonyProperty: return propVal='cn' phoneId=0 property='gsm.sim.operator.iso-country' defaultVal='' prop=cn
08-09 01:58:26.005  1175  1175 D SubscriptionController: [getSubInfoRecord] id:1 iccid:89860115921101579076 simSlotIndex:0 displayName:CARD 1 nameSource:0 iconTint:-16746133 dataRoaming:0 mcc:460 mnc:1 countIso:cn
08-09 01:58:26.008  1175  1175 D PhoneFactory: getPhone:- phoneId != DEFAULT_PHONE_ID return sProxyPhones[phoneId] phoneId=0 phone=Handler (com.android.internal.telephony.PhoneProxy) {152c775b}
08-09 01:58:26.012  1175  1175 D SubscriptionController: [getActiveSubInfoList]- 1 infos return
08-09 01:58:26.019  1175  1336 D TelephonyManager: getTelephonyProperty: return propVal='cn' phoneId=0 property='gsm.sim.operator.iso-country' defaultVal='' prop=cn
08-09 01:58:26.019  1175  1336 D SubscriptionController: [getSubInfoRecord] id:1 iccid:89860115921101579076 simSlotIndex:0 displayName:CARD 1 nameSource:0 iconTint:-16746133 dataRoaming:0 mcc:460 mnc:1 countIso:cn
08-09 01:58:26.021  1175  1336 D PhoneFactory: getPhone:- phoneId != DEFAULT_PHONE_ID return sProxyPhones[phoneId] phoneId=0 phone=Handler (com.android.internal.telephony.PhoneProxy) {152c775b}
08-09 01:58:26.024  1175  1336 D SubscriptionController: [getActiveSubInfoList]- 1 infos return
08-09 01:58:26.028  1175  1175 D SubscriptionController: [getActiveSubInfoForSubscriber]+ subId=1 subInfo={id=1, iccId=89860115921101579076 simSlotIndex=0 displayName=CARD 1 carrierName=Emergency calls only nameSource=0 iconTint=-16746133 dataRoaming=0 iconBitmap=android.graphics.Bitmap@65bed2b mcc 460 mnc 1}
08-09 01:58:26.029  1175  1175 D TelephonyManager: getTelephonyProperty: return propVal='null' phoneId=0 property='gsm.sim.operator.alpha' defaultVal='' prop=
08-09 01:58:26.029  1175  1175 D SubscriptionInfoUpdater: sim name = CARD 1
08-09 01:58:26.052  1175  1175 D SubscriptionInfoUpdater: Broadcasting intent ACTION_SIM_STATE_CHANGED LOADED reason null for mCardIndex : 0
08-09 01:58:26.063   709   773 D TelephonyManager: getSimOperatorNumeric(): default subId=1
08-09 01:58:26.066   709   773 D TelephonyManager: getTelephonyProperty: return propVal='46001' phoneId=0 property='gsm.sim.operator.numeric' defaultVal='' prop=46001
08-09 01:58:26.089  1175  1175 D RILJ    : [3717]> OPERATOR [SUB0]
08-09 01:58:26.093  1175  1175 D RILJ    : [3718]> DATA_REGISTRATION_STATE [SUB0]
08-09 01:58:26.093   191  1451 D RILC    : RequestComplete, RIL_SOCKET_1
08-09 01:58:26.093   191  1451 E RILC    : Send Response to RIL_SOCKET_1
08-09 01:58:26.094  1175  1283 D RILJ    : [3717]< OPERATOR {null, null, null} [SUB0]
08-09 01:58:26.095  1175  1175 D RILJ    : [3719]> VOICE_REGISTRATION_STATE [SUB0]
08-09 01:58:26.098  1175  1175 D RILJ    : [3720]> QUERY_NETWORK_SELECTION_MODE [SUB0]
08-09 01:58:26.099   191  1452 D RILC    : RequestComplete, RIL_SOCKET_1
08-09 01:58:26.099   191  1452 E RILC    : Send Response to RIL_SOCKET_1
08-09 01:58:26.100  1175  1283 D RILJ    : [3718]< DATA_REGISTRATION_STATE {3, null, null, null, 15, 20, null, null, null, null, null} [SUB0]
08-09 01:58:26.101  1175  1175 D DefaultPhoneNotifier: notifySignalStrength: mRegistry=com.android.internal.telephony.ITelephonyRegistry$Stub$Proxy@a23210d ss=SignalStrength: 99 0 -120 -160 -120 -1 -1 99 2147483647 2147483647 2147483647 2147483647 gsm|lte sender=Handler (com.android.internal.telephony.gsm.GSMPhone) {3baebbf8}
08-09 01:58:26.102   191  1453 I RILQ    : (0/191):RIL[0][cmd-20(248)] qcril_qmi_nas_update_data_rte: completed, new drte 0 with confidence 4
08-09 01:58:26.103   191  1453 D RILC    : RequestComplete, RIL_SOCKET_1
08-09 01:58:26.103   191  1453 E RILC    : Send Response to RIL_SOCKET_1
08-09 01:58:26.104   191  1454 D RILC    : RequestComplete, RIL_SOCKET_1
08-09 01:58:26.104   191  1454 E RILC    : Send Response to RIL_SOCKET_1
08-09 01:58:26.104  1175  1283 D RILJ    : [3719]< VOICE_REGISTRATION_STATE {2, null, null, 0, null, null, null, 0, null, null, null, null, null, 0, null} [SUB0]
08-09 01:58:26.105  1175  1283 D RILJ    : [3720]< QUERY_NETWORK_SELECTION_MODE {0} [SUB0]
08-09 01:58:26.106  1175  1175 D RILJ    : [3721]> OPERATOR [SUB0]
08-09 01:58:26.109   191  1455 D RILC    : RequestComplete, RIL_SOCKET_1
08-09 01:58:26.109   191  1455 E RILC    : Send Response to RIL_SOCKET_1
08-09 01:58:26.110  1175  1283 D RILJ    : [3721]< OPERATOR {null, null, null} [SUB0]
08-09 01:58:26.113  1175  1175 D RILJ    : [3722]> DATA_REGISTRATION_STATE [SUB0]
08-09 01:58:26.115  1175  1175 D RILJ    : [3723]> VOICE_REGISTRATION_STATE [SUB0]
08-09 01:58:26.117   191  1456 D RILC    : RequestComplete, RIL_SOCKET_1
08-09 01:58:26.118   191  1456 E RILC    : Send Response to RIL_SOCKET_1
08-09 01:58:26.119  1175  1283 D RILJ    : [3722]< DATA_REGISTRATION_STATE {3, null, null, null, 15, 20, null, null, null, null, null} [SUB0]
08-09 01:58:26.119  1175  1175 D RILJ    : [3724]> QUERY_NETWORK_SELECTION_MODE [SUB0]
08-09 01:58:26.121   191  1457 I RILQ    : (0/191):RIL[0][cmd-20(248)] qcril_qmi_nas_update_data_rte: completed, new drte 0 with confidence 4
08-09 01:58:26.122  1175  1175 D RILJ    : [3725]> OPERATOR [SUB0]
08-09 01:58:26.123   191  1457 D RILC    : RequestComplete, RIL_SOCKET_1
08-09 01:58:26.123   191  1457 E RILC    : Send Response to RIL_SOCKET_1
08-09 01:58:26.124   191  1458 D RILC    : RequestComplete, RIL_SOCKET_1
08-09 01:58:26.124   191  1458 E RILC    : Send Response to RIL_SOCKET_1
08-09 01:58:26.124  1175  1283 D RILJ    : [3723]< VOICE_REGISTRATION_STATE {2, null, null, 0, null, null, null, 0, null, null, null, null, null, 0, null} [SUB0]
08-09 01:58:26.124   191  1459 D RILC    : RequestComplete, RIL_SOCKET_1
08-09 01:58:26.124   191  1459 E RILC    : Send Response to RIL_SOCKET_1
08-09 01:58:26.125  1175  1175 D RILJ    : [3726]> DATA_REGISTRATION_STATE [SUB0]
08-09 01:58:26.125  1175  1283 D RILJ    : [3724]< QUERY_NETWORK_SELECTION_MODE {0} [SUB0]
08-09 01:58:26.127  1175  1208 D SubscriptionController: [getActiveSubInfoList]+
08-09 01:58:26.127  1175  1283 D RILJ    : [3725]< OPERATOR {null, null, null} [SUB0]
08-09 01:58:26.127  1175  1175 D RILJ    : [3727]> VOICE_REGISTRATION_STATE [SUB0]
08-09 01:58:26.130  1175  1208 D SubscriptionController: selection:sim_id>=0 null
08-09 01:58:26.130   191  1460 D RILC    : RequestComplete, RIL_SOCKET_1
08-09 01:58:26.130   191  1460 E RILC    : Send Response to RIL_SOCKET_1
08-09 01:58:26.132  1175  1283 D RILJ    : [3726]< DATA_REGISTRATION_STATE {3, null, null, null, 15, 20, null, null, null, null, null} [SUB0]
08-09 01:58:26.132  1175  1175 D RILJ    : [3728]> QUERY_NETWORK_SELECTION_MODE [SUB0]
08-09 01:58:26.136  1175  1175 D RILJ    : [3729]> OPERATOR [SUB0]
08-09 01:58:26.137   191  1461 I RILQ    : (0/191):RIL[0][cmd-20(248)] qcril_qmi_nas_update_data_rte: completed, new drte 0 with confidence 4
08-09 01:58:26.140   191  1461 D RILC    : RequestComplete, RIL_SOCKET_1
08-09 01:58:26.140   191  1461 E RILC    : Send Response to RIL_SOCKET_1
08-09 01:58:26.141   191  1463 D RILC    : RequestComplete, RIL_SOCKET_1
08-09 01:58:26.141   191  1463 E RILC    : Send Response to RIL_SOCKET_1
08-09 01:58:26.141  1175  1283 D RILJ    : [3727]< VOICE_REGISTRATION_STATE {2, null, null, 0, null, null, null, 0, null, null, null, null, null, 0, null} [SUB0]
08-09 01:58:26.141  1175  1283 D RILJ    : [3729]< OPERATOR {null, null, null} [SUB0]
08-09 01:58:26.142  1175  1175 D RILJ    : [3730]> DATA_REGISTRATION_STATE [SUB0]
08-09 01:58:26.147  1175  1175 D RILJ    : [3731]> VOICE_REGISTRATION_STATE [SUB0]
08-09 01:58:26.152  1175  1208 D TelephonyManager: getTelephonyProperty: return propVal='cn' phoneId=0 property='gsm.sim.operator.iso-country' defaultVal='' prop=cn
08-09 01:58:26.152  1175  1208 D SubscriptionController: [getSubInfoRecord] id:1 iccid:89860115921101579076 simSlotIndex:0 displayName:CARD 1 nameSource:0 iconTint:-16746133 dataRoaming:0 mcc:460 mnc:1 countIso:cn
08-09 01:58:26.152  1175  1175 D RILJ    : [3732]> QUERY_NETWORK_SELECTION_MODE [SUB0]
08-09 01:58:26.155  1175  1208 D PhoneFactory: getPhone:- phoneId != DEFAULT_PHONE_ID return sProxyPhones[phoneId] phoneId=0 phone=Handler (com.android.internal.telephony.PhoneProxy) {152c775b}
08-09 01:58:26.155   191  1462 D RILC    : RequestComplete, RIL_SOCKET_1
08-09 01:58:26.155   191  1462 E RILC    : Send Response to RIL_SOCKET_1
08-09 01:58:26.156  1175  1283 D RILJ    : [3728]< QUERY_NETWORK_SELECTION_MODE {0} [SUB0]
08-09 01:58:26.157  1175  1175 D ProxyController: handleMessage msg.what=2
08-09 01:58:26.158  1175  1175 D ProxyController: onStartRadioCapabilityResponse: Ignore session=-1357320593 rc=null
08-09 01:58:26.158   191  1464 D RILC    : RequestComplete, RIL_SOCKET_1
08-09 01:58:26.158   191  1464 E RILC    : Send Response to RIL_SOCKET_1
08-09 01:58:26.159  1175  1175 D DCT     : [0]handleMessage msg={ when=-708ms what=270337 obj=android.os.AsyncResult@27723b21 target=com.android.internal.telephony.dataconnection.DcTracker }
08-09 01:58:26.159  1175  1175 D DCT     : [0]onRadioAvailable
08-09 01:58:26.160   191  1466 D RILC    : RequestComplete, RIL_SOCKET_1
08-09 01:58:26.160   191  1466 E RILC    : Send Response to RIL_SOCKET_1
08-09 01:58:26.161  1175  1283 D RILJ    : [3730]< DATA_REGISTRATION_STATE {3, null, null, null, 15, 20, null, 147, -1, null, null} [SUB0]
08-09 01:58:26.161  1175  1208 D SubscriptionController: [getActiveSubInfoList]- 1 infos return
08-09 01:58:26.161  1175  1175 D DCT     : [0]isDataAllowed getRecordsLoaded=true
08-09 01:58:26.162  1175  1283 D RILJ    : [3732]< QUERY_NETWORK_SELECTION_MODE {0} [SUB0]
08-09 01:58:26.162  1175  1175 D DCT     : [0]isDataAllowed: not allowed due to - Attached= false
08-09 01:58:26.162   191  1465 I RILQ    : (0/191):RIL[0][cmd-20(248)] qcril_qmi_nas_update_data_rte: completed, new drte 0 with confidence 4
08-09 01:58:26.163  1175  1175 D DCT     : [ApnContext:default] getApnSetting: apnSetting=null
08-09 01:58:26.163  1175  1175 D PhoneFactory: getPhone:- phoneId != DEFAULT_PHONE_ID return sProxyPhones[phoneId] phoneId=0 phone=Handler (com.android.internal.telephony.PhoneProxy) {152c775b}
08-09 01:58:26.164   191  1465 D RILC    : RequestComplete, RIL_SOCKET_1
08-09 01:58:26.165   191  1465 E RILC    : Send Response to RIL_SOCKET_1
08-09 01:58:26.166  1175  1283 D RILJ    : [3731]< VOICE_REGISTRATION_STATE {2, null, null, 0, null, null, null, 0, null, null, null, null, null, 0, null} [SUB0]
08-09 01:58:26.175  1175  1175 D DCT     : [0]isDataAllowed getRecordsLoaded=true
08-09 01:58:26.177  1175  1175 D DCT     : [0]isDataAllowed: not allowed due to - Attached= false
08-09 01:58:26.177  1175  1175 D DCT     : [ApnContext:mms] getApnSetting: apnSetting=null
08-09 01:58:26.178  1175  1175 D PhoneFactory: getPhone:- phoneId != DEFAULT_PHONE_ID return sProxyPhones[phoneId] phoneId=0 phone=Handler (com.android.internal.telephony.PhoneProxy) {152c775b}
08-09 01:58:26.184  1175  1175 D DCT     : [0]isDataAllowed getRecordsLoaded=true
08-09 01:58:26.185  1175  1175 D DCT     : [0]isDataAllowed: not allowed due to - Attached= false
08-09 01:58:26.185  1175  1175 D DCT     : [ApnContext:cbs] getApnSetting: apnSetting=null
08-09 01:58:26.186  1175  1175 D PhoneFactory: getPhone:- phoneId != DEFAULT_PHONE_ID return sProxyPhones[phoneId] phoneId=0 phone=Handler (com.android.internal.telephony.PhoneProxy) {152c775b}
08-09 01:58:26.190  1175  1175 D DCT     : [0]isDataAllowed getRecordsLoaded=true
08-09 01:58:26.191  1175  1175 D DCT     : [0]isDataAllowed: not allowed due to - Attached= false
08-09 01:58:26.191  1175  1175 D DCT     : [ApnContext:fota] getApnSetting: apnSetting=null
08-09 01:58:26.192  1175  1175 D PhoneFactory: getPhone:- phoneId != DEFAULT_PHONE_ID return sProxyPhones[phoneId] phoneId=0 phone=Handler (com.android.internal.telephony.PhoneProxy) {152c775b}
08-09 01:58:26.196  1175  1175 D DCT     : [0]isDataAllowed getRecordsLoaded=true
08-09 01:58:26.197  1175  1175 D DCT     : [0]isDataAllowed: not allowed due to - Attached= false
08-09 01:58:26.197  1175  1175 D DCT     : [ApnContext:supl] getApnSetting: apnSetting=null
08-09 01:58:26.198  1175  1175 D PhoneFactory: getPhone:- phoneId != DEFAULT_PHONE_ID return sProxyPhones[phoneId] phoneId=0 phone=Handler (com.android.internal.telephony.PhoneProxy) {152c775b}
08-09 01:58:26.203  1175  1175 D DCT     : [0]isDataAllowed getRecordsLoaded=true
08-09 01:58:26.203  1175  1175 D DCT     : [0]isDataAllowed: not allowed due to - Attached= false
08-09 01:58:26.204  1175  1175 D DCT     : [ApnContext:ia] getApnSetting: apnSetting=null
08-09 01:58:26.204  1175  1175 D PhoneFactory: getPhone:- phoneId != DEFAULT_PHONE_ID return sProxyPhones[phoneId] phoneId=0 phone=Handler (com.android.internal.telephony.PhoneProxy) {152c775b}
08-09 01:58:26.209  1175  1175 D DCT     : [0]isDataAllowed getRecordsLoaded=true
08-09 01:58:26.209  1175  1175 D DCT     : [0]isDataAllowed: not allowed due to - Attached= false
08-09 01:58:26.209  1175  1175 D DCT     : [ApnContext:dun] getApnSetting: apnSetting=null
08-09 01:58:26.210  1175  1175 D PhoneFactory: getPhone:- phoneId != DEFAULT_PHONE_ID return sProxyPhones[phoneId] phoneId=0 phone=Handler (com.android.internal.telephony.PhoneProxy) {152c775b}
08-09 01:58:26.216  1175  1175 D DCT     : [0]isDataAllowed getRecordsLoaded=true
08-09 01:58:26.216  1175  1175 D DCT     : [0]isDataAllowed: not allowed due to - Attached= false
08-09 01:58:26.217  1175  1175 D DCT     : [ApnContext:hipri] getApnSetting: apnSetting=null
08-09 01:58:26.217  1175  1175 D PhoneFactory: getPhone:- phoneId != DEFAULT_PHONE_ID return sProxyPhones[phoneId] phoneId=0 phone=Handler (com.android.internal.telephony.PhoneProxy) {152c775b}
08-09 01:58:26.222  1175  1175 D DCT     : [0]isDataAllowed getRecordsLoaded=true
08-09 01:58:26.223  1175  1175 D DCT     : [0]isDataAllowed: not allowed due to - Attached= false
08-09 01:58:26.223  1175  1175 D DCT     : [ApnContext:ims] getApnSetting: apnSetting=null
08-09 01:58:26.223  1175  1175 D PhoneFactory: getPhone:- phoneId != DEFAULT_PHONE_ID return sProxyPhones[phoneId] phoneId=0 phone=Handler (com.android.internal.telephony.PhoneProxy) {152c775b}
08-09 01:58:26.227  1175  1175 D DCT     : [0]overall state is IDLE
08-09 01:58:26.227  1175  1175 D DCT     : [0]handleMessage msg={ when=-776ms what=270345 obj=android.os.AsyncResult@362d6b46 target=com.android.internal.telephony.dataconnection.DcTracker }
08-09 01:58:26.227  1175  1175 D DCT     : [0]onDataConnectionDetached: stop polling and notify detached
08-09 01:58:26.228  1175  1175 D DCT     : [0]stopNetStatPoll
08-09 01:58:26.230  1175  1175 D DCT     : [0]stopDataStallAlarm: current tag=24948 mDataStallAlarmIntent=null
08-09 01:58:26.230  1175  1175 D DCT     : [0]notifyDataConnection: reason=dataDetached
08-09 01:58:26.232  1175  1175 D DCT     : [0]isDataAllowed getRecordsLoaded=true
08-09 01:58:26.233  1175  1175 D DCT     : [0]isDataAllowed: not allowed due to - Attached= false
08-09 01:58:26.233  1175  1175 D DCT     : [ApnContext:default] getApnSetting: apnSetting=null
08-09 01:58:26.233  1175  1175 D PhoneFactory: getPhone:- phoneId != DEFAULT_PHONE_ID return sProxyPhones[phoneId] phoneId=0 phone=Handler (com.android.internal.telephony.PhoneProxy) {152c775b}
08-09 01:58:26.238  1175  1175 D DCT     : [0]isDataAllowed getRecordsLoaded=true
08-09 01:58:26.239  1175  1175 D DCT     : [0]isDataAllowed: not allowed due to - Attached= false
08-09 01:58:26.239  1175  1175 D DCT     : [ApnContext:mms] getApnSetting: apnSetting=null
08-09 01:58:26.240  1175  1175 D PhoneFactory: getPhone:- phoneId != DEFAULT_PHONE_ID return sProxyPhones[phoneId] phoneId=0 phone=Handler (com.android.internal.telephony.PhoneProxy) {152c775b}
08-09 01:58:26.244  1175  1175 D DCT     : [0]isDataAllowed getRecordsLoaded=true
08-09 01:58:26.245  1175  1175 D DCT     : [0]isDataAllowed: not allowed due to - Attached= false
08-09 01:58:26.245  1175  1175 D DCT     : [ApnContext:cbs] getApnSetting: apnSetting=null
08-09 01:58:26.246  1175  1175 D PhoneFactory: getPhone:- phoneId != DEFAULT_PHONE_ID return sProxyPhones[phoneId] phoneId=0 phone=Handler (com.android.internal.telephony.PhoneProxy) {152c775b}
08-09 01:58:26.252  1175  1175 D DCT     : [0]isDataAllowed getRecordsLoaded=true
08-09 01:58:26.252  1175  1175 D DCT     : [0]isDataAllowed: not allowed due to - Attached= false
08-09 01:58:26.252  1175  1175 D DCT     : [ApnContext:fota] getApnSetting: apnSetting=null
08-09 01:58:26.253  1175  1175 D PhoneFactory: getPhone:- phoneId != DEFAULT_PHONE_ID return sProxyPhones[phoneId] phoneId=0 phone=Handler (com.android.internal.telephony.PhoneProxy) {152c775b}
08-09 01:58:26.257  1175  1175 D DCT     : [0]isDataAllowed getRecordsLoaded=true
08-09 01:58:26.258  1175  1175 D DCT     : [0]isDataAllowed: not allowed due to - Attached= false
08-09 01:58:26.258  1175  1175 D DCT     : [ApnContext:supl] getApnSetting: apnSetting=null
08-09 01:58:26.259  1175  1175 D PhoneFactory: getPhone:- phoneId != DEFAULT_PHONE_ID return sProxyPhones[phoneId] phoneId=0 phone=Handler (com.android.internal.telephony.PhoneProxy) {152c775b}
08-09 01:58:26.263  1175  1175 D DCT     : [0]isDataAllowed getRecordsLoaded=true
08-09 01:58:26.264  1175  1175 D DCT     : [0]isDataAllowed: not allowed due to - Attached= false
08-09 01:58:26.264  1175  1175 D DCT     : [ApnContext:ia] getApnSetting: apnSetting=null
08-09 01:58:26.265  1175  1175 D PhoneFactory: getPhone:- phoneId != DEFAULT_PHONE_ID return sProxyPhones[phoneId] phoneId=0 phone=Handler (com.android.internal.telephony.PhoneProxy) {152c775b}
08-09 01:58:26.269  1175  1175 D DCT     : [0]isDataAllowed getRecordsLoaded=true
08-09 01:58:26.270  1175  1175 D DCT     : [0]isDataAllowed: not allowed due to - Attached= false
08-09 01:58:26.270  1175  1175 D DCT     : [ApnContext:dun] getApnSetting: apnSetting=null
08-09 01:58:26.271  1175  1175 D PhoneFactory: getPhone:- phoneId != DEFAULT_PHONE_ID return sProxyPhones[phoneId] phoneId=0 phone=Handler (com.android.internal.telephony.PhoneProxy) {152c775b}
08-09 01:58:26.274  1175  1175 D DCT     : [0]isDataAllowed getRecordsLoaded=true
08-09 01:58:26.275  1175  1175 D DCT     : [0]isDataAllowed: not allowed due to - Attached= false
08-09 01:58:26.275  1175  1175 D DCT     : [ApnContext:hipri] getApnSetting: apnSetting=null
08-09 01:58:26.276  1175  1175 D PhoneFactory: getPhone:- phoneId != DEFAULT_PHONE_ID return sProxyPhones[phoneId] phoneId=0 phone=Handler (com.android.internal.telephony.PhoneProxy) {152c775b}
08-09 01:58:26.280  1175  1175 D DCT     : [0]isDataAllowed getRecordsLoaded=true
08-09 01:58:26.281  1175  1175 D DCT     : [0]isDataAllowed: not allowed due to - Attached= false
08-09 01:58:26.281  1175  1175 D DCT     : [ApnContext:ims] getApnSetting: apnSetting=null
08-09 01:58:26.281  1175  1175 D PhoneFactory: getPhone:- phoneId != DEFAULT_PHONE_ID return sProxyPhones[phoneId] phoneId=0 phone=Handler (com.android.internal.telephony.PhoneProxy) {152c775b}
08-09 01:58:26.286  1175  1175 D DCT     : [0]handleMessage msg={ when=-835ms what=270348 obj=android.os.AsyncResult@262a3107 target=com.android.internal.telephony.dataconnection.DcTracker }
08-09 01:58:26.286  1175  1175 D DCT     : [0]onRoamingOff
08-09 01:58:26.287  1175  1175 D DCT     : [0]getDataOnRoamingEnabled: phoneSubId=1 isDataRoamingEnabled=true
08-09 01:58:26.287  1175  1175 D DCT     : [0]notifyDataConnection: reason=roamingOff
08-09 01:58:26.288  1175  1175 D DCT     : [0]isDataAllowed getRecordsLoaded=true
08-09 01:58:26.288  1175  1175 D DCT     : [0]isDataAllowed: not allowed due to - Attached= false
08-09 01:58:26.289  1175  1175 D DCT     : [ApnContext:default] getApnSetting: apnSetting=null
08-09 01:58:26.289  1175  1175 D PhoneFactory: getPhone:- phoneId != DEFAULT_PHONE_ID return sProxyPhones[phoneId] phoneId=0 phone=Handler (com.android.internal.telephony.PhoneProxy) {152c775b}
08-09 01:58:26.295  1175  1175 D DCT     : [0]isDataAllowed getRecordsLoaded=true
08-09 01:58:26.296  1175  1175 D DCT     : [0]isDataAllowed: not allowed due to - Attached= false
08-09 01:58:26.296  1175  1175 D DCT     : [ApnContext:mms] getApnSetting: apnSetting=null
08-09 01:58:26.298  1175  1175 D PhoneFactory: getPhone:- phoneId != DEFAULT_PHONE_ID return sProxyPhones[phoneId] phoneId=0 phone=Handler (com.android.internal.telephony.PhoneProxy) {152c775b}
08-09 01:58:26.303  1175  1175 D DCT     : [0]isDataAllowed getRecordsLoaded=true
08-09 01:58:26.305  1175  1175 D DCT     : [0]isDataAllowed: not allowed due to - Attached= false
08-09 01:58:26.305  1175  1175 D DCT     : [ApnContext:cbs] getApnSetting: apnSetting=null
08-09 01:58:26.306  1175  1175 D PhoneFactory: getPhone:- phoneId != DEFAULT_PHONE_ID return sProxyPhones[phoneId] phoneId=0 phone=Handler (com.android.internal.telephony.PhoneProxy) {152c775b}
08-09 01:58:26.310  1175  1175 D DCT     : [0]isDataAllowed getRecordsLoaded=true
08-09 01:58:26.312  1175  1175 D DCT     : [0]isDataAllowed: not allowed due to - Attached= false
08-09 01:58:26.312  1175  1175 D DCT     : [ApnContext:fota] getApnSetting: apnSetting=null
08-09 01:58:26.313  1175  1175 D PhoneFactory: getPhone:- phoneId != DEFAULT_PHONE_ID return sProxyPhones[phoneId] phoneId=0 phone=Handler (com.android.internal.telephony.PhoneProxy) {152c775b}
08-09 01:58:26.321  1175  1175 D DCT     : [0]isDataAllowed getRecordsLoaded=true
08-09 01:58:26.322  1175  1175 D DCT     : [0]isDataAllowed: not allowed due to - Attached= false
08-09 01:58:26.322  1175  1175 D DCT     : [ApnContext:supl] getApnSetting: apnSetting=null
08-09 01:58:26.323  1175  1175 D PhoneFactory: getPhone:- phoneId != DEFAULT_PHONE_ID return sProxyPhones[phoneId] phoneId=0 phone=Handler (com.android.internal.telephony.PhoneProxy) {152c775b}
08-09 01:58:26.328  1175  1175 D DCT     : [0]isDataAllowed getRecordsLoaded=true
08-09 01:58:26.328  1175  1175 D DCT     : [0]isDataAllowed: not allowed due to - Attached= false
08-09 01:58:26.329  1175  1175 D DCT     : [ApnContext:ia] getApnSetting: apnSetting=null
08-09 01:58:26.329  1175  1175 D PhoneFactory: getPhone:- phoneId != DEFAULT_PHONE_ID return sProxyPhones[phoneId] phoneId=0 phone=Handler (com.android.internal.telephony.PhoneProxy) {152c775b}
08-09 01:58:26.333  1175  1175 D DCT     : [0]isDataAllowed getRecordsLoaded=true
08-09 01:58:26.334  1175  1175 D DCT     : [0]isDataAllowed: not allowed due to - Attached= false
08-09 01:58:26.334  1175  1175 D DCT     : [ApnContext:dun] getApnSetting: apnSetting=null
08-09 01:58:26.335  1175  1175 D PhoneFactory: getPhone:- phoneId != DEFAULT_PHONE_ID return sProxyPhones[phoneId] phoneId=0 phone=Handler (com.android.internal.telephony.PhoneProxy) {152c775b}
08-09 01:58:26.339  1175  1175 D DCT     : [0]isDataAllowed getRecordsLoaded=true
08-09 01:58:26.340  1175  1175 D DCT     : [0]isDataAllowed: not allowed due to - Attached= false
08-09 01:58:26.340  1175  1175 D DCT     : [ApnContext:hipri] getApnSetting: apnSetting=null
08-09 01:58:26.341  1175  1175 D PhoneFactory: getPhone:- phoneId != DEFAULT_PHONE_ID return sProxyPhones[phoneId] phoneId=0 phone=Handler (com.android.internal.telephony.PhoneProxy) {152c775b}
08-09 01:58:26.345  1175  1175 D DCT     : [0]isDataAllowed getRecordsLoaded=true
08-09 01:58:26.345  1175  1175 D DCT     : [0]isDataAllowed: not allowed due to - Attached= false
08-09 01:58:26.345  1175  1175 D DCT     : [ApnContext:ims] getApnSetting: apnSetting=null
08-09 01:58:26.346  1175  1175 D PhoneFactory: getPhone:- phoneId != DEFAULT_PHONE_ID return sProxyPhones[phoneId] phoneId=0 phone=Handler (com.android.internal.telephony.PhoneProxy) {152c775b}
08-09 01:58:26.350  1175  1175 D DCT     : [0]handleMessage msg={ when=-897ms what=270377 obj=android.os.AsyncResult@d513234 target=com.android.internal.telephony.dataconnection.DcTracker }
08-09 01:58:26.350  1175  1175 D DCT     : [0]setupDataOnConnectableApns: nwTypeChanged
08-09 01:58:26.351  1175  1175 D DCT     : [0]setupDataOnConnectableApns: apnContext {mApnType=hipri mState=IDLE mWaitingApns={null} mWaitingApnsPermanentFailureCountDown=0 mApnSetting={null} mReason=radioTurnedOff mDataEnabled=false mDependencyMet=true}
08-09 01:58:26.351  1175  1175 D DCT     : [0]setupDataOnConnectableApns: apnContext {mApnType=mms mState=IDLE mWaitingApns={null} mWaitingApnsPermanentFailureCountDown=0 mApnSetting={null} mReason=radioTurnedOff mDataEnabled=false mDependencyMet=true}
08-09 01:58:26.352  1175  1175 D DCT     : [0]setupDataOnConnectableApns: apnContext {mApnType=supl mState=IDLE mWaitingApns={null} mWaitingApnsPermanentFailureCountDown=0 mApnSetting={null} mReason=radioTurnedOff mDataEnabled=false mDependencyMet=true}
08-09 01:58:26.352  1175  1175 D DCT     : [0]setupDataOnConnectableApns: apnContext {mApnType=cbs mState=IDLE mWaitingApns={null} mWaitingApnsPermanentFailureCountDown=0 mApnSetting={null} mReason=radioTurnedOff mDataEnabled=false mDependencyMet=true}
08-09 01:58:26.352  1175  1175 D DCT     : [0]setupDataOnConnectableApns: apnContext {mApnType=dun mState=IDLE mWaitingApns={null} mWaitingApnsPermanentFailureCountDown=0 mApnSetting={null} mReason=radioTurnedOff mDataEnabled=false mDependencyMet=true}
08-09 01:58:26.353  1175  1175 D DCT     : [0]setupDataOnConnectableApns: apnContext {mApnType=fota mState=IDLE mWaitingApns={null} mWaitingApnsPermanentFailureCountDown=0 mApnSetting={null} mReason=radioTurnedOff mDataEnabled=false mDependencyMet=true}
08-09 01:58:26.353  1175  1175 D DCT     : [0]setupDataOnConnectableApns: apnContext {mApnType=ims mState=IDLE mWaitingApns={null} mWaitingApnsPermanentFailureCountDown=0 mApnSetting={null} mReason=radioTurnedOff mDataEnabled=false mDependencyMet=true}
08-09 01:58:26.354  1175  1175 D DCT     : [0]setupDataOnConnectableApns: apnContext {mApnType=default mState=IDLE mWaitingApns={null} mWaitingApnsPermanentFailureCountDown=0 mApnSetting={null} mReason=radioTurnedOff mDataEnabled=false mDependencyMet=true}
08-09 01:58:26.354  1175  1175 D DCT     : [0]setupDataOnConnectableApns: apnContext {mApnType=ia mState=IDLE mWaitingApns={null} mWaitingApnsPermanentFailureCountDown=0 mApnSetting={null} mReason=radioTurnedOff mDataEnabled=false mDependencyMet=true}
08-09 01:58:26.355  1175  1175 D DCT     : [0]handleMessage msg={ when=-902ms what=270377 obj=android.os.AsyncResult@3116685d target=com.android.internal.telephony.dataconnection.DcTracker }
08-09 01:58:26.355  1175  1175 D DCT     : [0]setupDataOnConnectableApns: nwTypeChanged
08-09 01:58:26.356  1175  1175 D DCT     : [0]setupDataOnConnectableApns: apnContext {mApnType=hipri mState=IDLE mWaitingApns={null} mWaitingApnsPermanentFailureCountDown=0 mApnSetting={null} mReason=radioTurnedOff mDataEnabled=false mDependencyMet=true}
08-09 01:58:26.356  1175  1175 D DCT     : [0]setupDataOnConnectableApns: apnContext {mApnType=mms mState=IDLE mWaitingApns={null} mWaitingApnsPermanentFailureCountDown=0 mApnSetting={null} mReason=radioTurnedOff mDataEnabled=false mDependencyMet=true}
08-09 01:58:26.357  1175  1175 D DCT     : [0]setupDataOnConnectableApns: apnContext {mApnType=supl mState=IDLE mWaitingApns={null} mWaitingApnsPermanentFailureCountDown=0 mApnSetting={null} mReason=radioTurnedOff mDataEnabled=false mDependencyMet=true}
08-09 01:58:26.357  1175  1175 D DCT     : [0]setupDataOnConnectableApns: apnContext {mApnType=cbs mState=IDLE mWaitingApns={null} mWaitingApnsPermanentFailureCountDown=0 mApnSetting={null} mReason=radioTurnedOff mDataEnabled=false mDependencyMet=true}
08-09 01:58:26.358  1175  1175 D DCT     : [0]setupDataOnConnectableApns: apnContext {mApnType=dun mState=IDLE mWaitingApns={null} mWaitingApnsPermanentFailureCountDown=0 mApnSetting={null} mReason=radioTurnedOff mDataEnabled=false mDependencyMet=true}
08-09 01:58:26.358  1175  1175 D DCT     : [0]setupDataOnConnectableApns: apnContext {mApnType=fota mState=IDLE mWaitingApns={null} mWaitingApnsPermanentFailureCountDown=0 mApnSetting={null} mReason=radioTurnedOff mDataEnabled=false mDependencyMet=true}
08-09 01:58:26.358  1175  1175 D DCT     : [0]setupDataOnConnectableApns: apnContext {mApnType=ims mState=IDLE mWaitingApns={null} mWaitingApnsPermanentFailureCountDown=0 mApnSetting={null} mReason=radioTurnedOff mDataEnabled=false mDependencyMet=true}
08-09 01:58:26.359  1175  1175 D DCT     : [0]setupDataOnConnectableApns: apnContext {mApnType=default mState=IDLE mWaitingApns={null} mWaitingApnsPermanentFailureCountDown=0 mApnSetting={null} mReason=radioTurnedOff mDataEnabled=false mDependencyMet=true}
08-09 01:58:26.359  1175  1175 D DCT     : [0]setupDataOnConnectableApns: apnContext {mApnType=ia mState=IDLE mWaitingApns={null} mWaitingApnsPermanentFailureCountDown=0 mApnSetting={null} mReason=radioTurnedOff mDataEnabled=false mDependencyMet=true}
08-09 01:58:26.360  1175  1175 D DCT     : [0]handleMessage msg={ when=-757ms what=270337 obj=android.os.AsyncResult@f44f5d2 target=com.android.internal.telephony.dataconnection.DcTracker }
08-09 01:58:26.360  1175  1175 D DCT     : [0]onRadioAvailable
08-09 01:58:26.361  1175  1175 D DCT     : [0]isDataAllowed getRecordsLoaded=true
08-09 01:58:26.362  1175  1175 D DCT     : [0]isDataAllowed: not allowed due to - Attached= false
08-09 01:58:26.362  1175  1175 D DCT     : [ApnContext:default] getApnSetting: apnSetting=null
08-09 01:58:26.362  1175  1175 D PhoneFactory: getPhone:- phoneId != DEFAULT_PHONE_ID return sProxyPhones[phoneId] phoneId=0 phone=Handler (com.android.internal.telephony.PhoneProxy) {152c775b}
08-09 01:58:26.366  1175  1175 D DCT     : [0]isDataAllowed getRecordsLoaded=true
08-09 01:58:26.367  1175  1175 D DCT     : [0]isDataAllowed: not allowed due to - Attached= false
08-09 01:58:26.367  1175  1175 D DCT     : [ApnContext:mms] getApnSetting: apnSetting=null
08-09 01:58:26.368  1175  1175 D PhoneFactory: getPhone:- phoneId != DEFAULT_PHONE_ID return sProxyPhones[phoneId] phoneId=0 phone=Handler (com.android.internal.telephony.PhoneProxy) {152c775b}
08-09 01:58:26.373  1175  1175 D DCT     : [0]isDataAllowed getRecordsLoaded=true
08-09 01:58:26.373  1175  1175 D DCT     : [0]isDataAllowed: not allowed due to - Attached= false
08-09 01:58:26.373  1175  1175 D DCT     : [ApnContext:cbs] getApnSetting: apnSetting=null
08-09 01:58:26.374  1175  1175 D PhoneFactory: getPhone:- phoneId != DEFAULT_PHONE_ID return sProxyPhones[phoneId] phoneId=0 phone=Handler (com.android.internal.telephony.PhoneProxy) {152c775b}
08-09 01:58:26.378  1175  1175 D DCT     : [0]isDataAllowed getRecordsLoaded=true
08-09 01:58:26.378  1175  1175 D DCT     : [0]isDataAllowed: not allowed due to - Attached= false
08-09 01:58:26.379  1175  1175 D DCT     : [ApnContext:fota] getApnSetting: apnSetting=null
08-09 01:58:26.381  1175  1175 D PhoneFactory: getPhone:- phoneId != DEFAULT_PHONE_ID return sProxyPhones[phoneId] phoneId=0 phone=Handler (com.android.internal.telephony.PhoneProxy) {152c775b}
08-09 01:58:26.385  1175  1175 D DCT     : [0]isDataAllowed getRecordsLoaded=true
08-09 01:58:26.385  1175  1175 D DCT     : [0]isDataAllowed: not allowed due to - Attached= false
08-09 01:58:26.385  1175  1175 D DCT     : [ApnContext:supl] getApnSetting: apnSetting=null
08-09 01:58:26.386  1175  1175 D PhoneFactory: getPhone:- phoneId != DEFAULT_PHONE_ID return sProxyPhones[phoneId] phoneId=0 phone=Handler (com.android.internal.telephony.PhoneProxy) {152c775b}
08-09 01:58:26.390  1175  1175 D DCT     : [0]isDataAllowed getRecordsLoaded=true
08-09 01:58:26.390  1175  1175 D DCT     : [0]isDataAllowed: not allowed due to - Attached= false
08-09 01:58:26.390  1175  1175 D DCT     : [ApnContext:ia] getApnSetting: apnSetting=null
08-09 01:58:26.391  1175  1175 D PhoneFactory: getPhone:- phoneId != DEFAULT_PHONE_ID return sProxyPhones[phoneId] phoneId=0 phone=Handler (com.android.internal.telephony.PhoneProxy) {152c775b}
08-09 01:58:26.394   191   297 I RILC    : RIL_SOCKET_1 UNSOLICITED: UNSOL_RESPONSE_VOICE_NETWORK_STATE_CHANGED length:8
08-09 01:58:26.394   191   297 E RILC    : Send Response to RIL_SOCKET_1
08-09 01:58:26.395  1175  1283 D RILJ    : [UNSL]< UNSOL_RESPONSE_VOICE_NETWORK_STATE_CHANGED [SUB0]
08-09 01:58:26.395  1175  1175 D DCT     : [0]isDataAllowed getRecordsLoaded=true
08-09 01:58:26.396  1175  1175 D DCT     : [0]isDataAllowed: not allowed due to - Attached= false
08-09 01:58:26.396  1175  1175 D DCT     : [ApnContext:dun] getApnSetting: apnSetting=null
08-09 01:58:26.397  1175  1175 D PhoneFactory: getPhone:- phoneId != DEFAULT_PHONE_ID return sProxyPhones[phoneId] phoneId=0 phone=Handler (com.android.internal.telephony.PhoneProxy) {152c775b}
08-09 01:58:26.403  1175  1175 D DCT     : [0]isDataAllowed getRecordsLoaded=true
08-09 01:58:26.404  1175  1175 D DCT     : [0]isDataAllowed: not allowed due to - Attached= false
08-09 01:58:26.404  1175  1175 D DCT     : [ApnContext:hipri] getApnSetting: apnSetting=null
08-09 01:58:26.404  1175  1175 D PhoneFactory: getPhone:- phoneId != DEFAULT_PHONE_ID return sProxyPhones[phoneId] phoneId=0 phone=Handler (com.android.internal.telephony.PhoneProxy) {152c775b}
08-09 01:58:26.414  1175  1175 D DCT     : [0]isDataAllowed getRecordsLoaded=true
08-09 01:58:26.414  1175  1175 D DCT     : [0]isDataAllowed: not allowed due to - Attached= false
08-09 01:58:26.414  1175  1175 D DCT     : [ApnContext:ims] getApnSetting: apnSetting=null
08-09 01:58:26.415  1175  1175 D PhoneFactory: getPhone:- phoneId != DEFAULT_PHONE_ID return sProxyPhones[phoneId] phoneId=0 phone=Handler (com.android.internal.telephony.PhoneProxy) {152c775b}
08-09 01:58:26.421  1175  1175 D DCT     : [0]overall state is IDLE
08-09 01:58:26.421  1175  1175 D DCT     : [0]handleMessage msg={ when=-817ms what=270345 obj=android.os.AsyncResult@35aed6a3 target=com.android.internal.telephony.dataconnection.DcTracker }
08-09 01:58:26.422  1175  1175 D DCT     : [0]onDataConnectionDetached: stop polling and notify detached
08-09 01:58:26.422  1175  1175 D DCT     : [0]stopNetStatPoll
08-09 01:58:26.425  1175  1175 D DCT     : [0]stopDataStallAlarm: current tag=24949 mDataStallAlarmIntent=null
08-09 01:58:26.426  1175  1175 D DCT     : [0]notifyDataConnection: reason=dataDetached
08-09 01:58:26.427  1175  1175 D DCT     : [0]isDataAllowed getRecordsLoaded=true
08-09 01:58:26.428  1175  1175 D DCT     : [0]isDataAllowed: not allowed due to - Attached= false
08-09 01:58:26.429  1175  1175 D DCT     : [ApnContext:default] getApnSetting: apnSetting=null
08-09 01:58:26.430  1175  1175 D PhoneFactory: getPhone:- phoneId != DEFAULT_PHONE_ID return sProxyPhones[phoneId] phoneId=0 phone=Handler (com.android.internal.telephony.PhoneProxy) {152c775b}
08-09 01:58:26.437  1175  1175 D DCT     : [0]isDataAllowed getRecordsLoaded=true
08-09 01:58:26.438  1175  1175 D DCT     : [0]isDataAllowed: not allowed due to - Attached= false
08-09 01:58:26.438  1175  1175 D DCT     : [ApnContext:mms] getApnSetting: apnSetting=null
08-09 01:58:26.438  1175  1175 D PhoneFactory: getPhone:- phoneId != DEFAULT_PHONE_ID return sProxyPhones[phoneId] phoneId=0 phone=Handler (com.android.internal.telephony.PhoneProxy) {152c775b}
08-09 01:58:26.442  1175  1175 D DCT     : [0]isDataAllowed getRecordsLoaded=true
08-09 01:58:26.443  1175  1175 D DCT     : [0]isDataAllowed: not allowed due to - Attached= false
08-09 01:58:26.443  1175  1175 D DCT     : [ApnContext:cbs] getApnSetting: apnSetting=null
08-09 01:58:26.443  1175  1175 D PhoneFactory: getPhone:- phoneId != DEFAULT_PHONE_ID return sProxyPhones[phoneId] phoneId=0 phone=Handler (com.android.internal.telephony.PhoneProxy) {152c775b}
08-09 01:58:26.447  1175  1175 D DCT     : [0]isDataAllowed getRecordsLoaded=true
08-09 01:58:26.448  1175  1175 D DCT     : [0]isDataAllowed: not allowed due to - Attached= false
08-09 01:58:26.448  1175  1175 D DCT     : [ApnContext:fota] getApnSetting: apnSetting=null
08-09 01:58:26.448  1175  1175 D PhoneFactory: getPhone:- phoneId != DEFAULT_PHONE_ID return sProxyPhones[phoneId] phoneId=0 phone=Handler (com.android.internal.telephony.PhoneProxy) {152c775b}
08-09 01:58:26.452  1175  1175 D DCT     : [0]isDataAllowed getRecordsLoaded=true
08-09 01:58:26.453  1175  1175 D DCT     : [0]isDataAllowed: not allowed due to - Attached= false
08-09 01:58:26.453  1175  1175 D DCT     : [ApnContext:supl] getApnSetting: apnSetting=null
08-09 01:58:26.453  1175  1175 D PhoneFactory: getPhone:- phoneId != DEFAULT_PHONE_ID return sProxyPhones[phoneId] phoneId=0 phone=Handler (com.android.internal.telephony.PhoneProxy) {152c775b}
08-09 01:58:26.457  1175  1175 D DCT     : [0]isDataAllowed getRecordsLoaded=true
08-09 01:58:26.458  1175  1175 D DCT     : [0]isDataAllowed: not allowed due to - Attached= false
08-09 01:58:26.458  1175  1175 D DCT     : [ApnContext:ia] getApnSetting: apnSetting=null
08-09 01:58:26.458  1175  1175 D PhoneFactory: getPhone:- phoneId != DEFAULT_PHONE_ID return sProxyPhones[phoneId] phoneId=0 phone=Handler (com.android.internal.telephony.PhoneProxy) {152c775b}
08-09 01:58:26.462  1175  1175 D DCT     : [0]isDataAllowed getRecordsLoaded=true
08-09 01:58:26.464  1175  1175 D DCT     : [0]isDataAllowed: not allowed due to - Attached= false
08-09 01:58:26.465  1175  1175 D DCT     : [ApnContext:dun] getApnSetting: apnSetting=null
08-09 01:58:26.466  1175  1175 D PhoneFactory: getPhone:- phoneId != DEFAULT_PHONE_ID return sProxyPhones[phoneId] phoneId=0 phone=Handler (com.android.internal.telephony.PhoneProxy) {152c775b}
08-09 01:58:26.473  1175  1175 D DCT     : [0]isDataAllowed getRecordsLoaded=true
08-09 01:58:26.474  1175  1175 D DCT     : [0]isDataAllowed: not allowed due to - Attached= false
08-09 01:58:26.474  1175  1175 D DCT     : [ApnContext:hipri] getApnSetting: apnSetting=null
08-09 01:58:26.475  1175  1175 D PhoneFactory: getPhone:- phoneId != DEFAULT_PHONE_ID return sProxyPhones[phoneId] phoneId=0 phone=Handler (com.android.internal.telephony.PhoneProxy) {152c775b}
08-09 01:58:26.480  1175  1175 D DCT     : [0]isDataAllowed getRecordsLoaded=true
08-09 01:58:26.482  1175  1175 D DCT     : [0]isDataAllowed: not allowed due to - Attached= false
08-09 01:58:26.482  1175  1175 D DCT     : [ApnContext:ims] getApnSetting: apnSetting=null
08-09 01:58:26.483  1175  1175 D PhoneFactory: getPhone:- phoneId != DEFAULT_PHONE_ID return sProxyPhones[phoneId] phoneId=0 phone=Handler (com.android.internal.telephony.PhoneProxy) {152c775b}
08-09 01:58:26.490  1175  1175 D DCT     : [0]handleMessage msg={ when=-886ms what=270348 obj=android.os.AsyncResult@5e93da0 target=com.android.internal.telephony.dataconnection.DcTracker }
08-09 01:58:26.490  1175  1175 D DCT     : [0]onRoamingOff
08-09 01:58:26.490  1175  1175 D DCT     : [0]getDataOnRoamingEnabled: phoneSubId=1 isDataRoamingEnabled=true
08-09 01:58:26.490  1175  1175 D DCT     : [0]notifyDataConnection: reason=roamingOff
08-09 01:58:26.491  1175  1175 D DCT     : [0]isDataAllowed getRecordsLoaded=true
08-09 01:58:26.492  1175  1175 D DCT     : [0]isDataAllowed: not allowed due to - Attached= false
08-09 01:58:26.492  1175  1175 D DCT     : [ApnContext:default] getApnSetting: apnSetting=null
08-09 01:58:26.493  1175  1175 D PhoneFactory: getPhone:- phoneId != DEFAULT_PHONE_ID return sProxyPhones[phoneId] phoneId=0 phone=Handler (com.android.internal.telephony.PhoneProxy) {152c775b}
08-09 01:58:26.498  1175  1175 D DCT     : [0]isDataAllowed getRecordsLoaded=true
08-09 01:58:26.499  1175  1175 D DCT     : [0]isDataAllowed: not allowed due to - Attached= false
08-09 01:58:26.499  1175  1175 D DCT     : [ApnContext:mms] getApnSetting: apnSetting=null
08-09 01:58:26.499  1175  1175 D PhoneFactory: getPhone:- phoneId != DEFAULT_PHONE_ID return sProxyPhones[phoneId] phoneId=0 phone=Handler (com.android.internal.telephony.PhoneProxy) {152c775b}
08-09 01:58:26.503  1175  1175 D DCT     : [0]isDataAllowed getRecordsLoaded=true
08-09 01:58:26.504  1175  1175 D DCT     : [0]isDataAllowed: not allowed due to - Attached= false
08-09 01:58:26.504  1175  1175 D DCT     : [ApnContext:cbs] getApnSetting: apnSetting=null
08-09 01:58:26.504  1175  1175 D PhoneFactory: getPhone:- phoneId != DEFAULT_PHONE_ID return sProxyPhones[phoneId] phoneId=0 phone=Handler (com.android.internal.telephony.PhoneProxy) {152c775b}
08-09 01:58:26.508  1175  1175 D DCT     : [0]isDataAllowed getRecordsLoaded=true
08-09 01:58:26.509  1175  1175 D DCT     : [0]isDataAllowed: not allowed due to - Attached= false
08-09 01:58:26.510  1175  1175 D DCT     : [ApnContext:fota] getApnSetting: apnSetting=null
08-09 01:58:26.511  1175  1175 D PhoneFactory: getPhone:- phoneId != DEFAULT_PHONE_ID return sProxyPhones[phoneId] phoneId=0 phone=Handler (com.android.internal.telephony.PhoneProxy) {152c775b}
08-09 01:58:26.514  1175  1175 D DCT     : [0]isDataAllowed getRecordsLoaded=true
08-09 01:58:26.515  1175  1175 D DCT     : [0]isDataAllowed: not allowed due to - Attached= false
08-09 01:58:26.515  1175  1175 D DCT     : [ApnContext:supl] getApnSetting: apnSetting=null
