08-09 01:58:22.871  1175  1175 D SubscriptionController: [getPhoneId]- invalid subId return=-1
08-09 01:58:22.873  1175  1175 D PhoneFactory: getPhone:- phoneId != DEFAULT_PHONE_ID return sProxyPhones[phoneId] phoneId=-1 phone=null
08-09 01:58:22.874   709   804 D SubscriptionManager: [getPhoneId]- fail
08-09 01:58:22.878  1175  1175 D DCT     : [0]cleanUpConnection: X tearDown=false reason=radioTurnedOff apnContext={mApnType=default mState=IDLE mWaitingApns={null} mWaitingApnsPermanentFailureCountDown=0 mApnSetting={null} mReason=radioTurnedOff mDataEnabled=false mDependencyMet=true} dcac=null
08-09 01:58:22.878  1175  1175 D DCT     : [0]cleanUpConnection: E tearDown=false reason=radioTurnedOff apnContext={mApnType=mms mState=IDLE mWaitingApns={null} mWaitingApnsPermanentFailureCountDown=0 mApnSetting={null} mReason=radioTurnedOff mDataEnabled=false mDependencyMet=true}
08-09 01:58:22.878  1175  1175 D SubscriptionController: [getSubId]- mSlotIdToSubIdMap.size == 0, return DummySubIds slotIdx=0
08-09 01:58:22.879  1175  1175 D SubscriptionController: getDummySubIds: slotIdx=0 return 1 DummySubIds with each subId=-2
08-09 01:58:22.880  1175  1175 D DCT     : [0]isDataAllowed: not allowed due to - Attached= false - SIM not loaded
08-09 01:58:22.880  1175  1175 D DCT     : [ApnContext:mms] getApnSetting: apnSetting=null
08-09 01:58:22.880  1175  1175 D SubscriptionController: [getPhoneId]- invalid subId return=-1
08-09 01:58:22.883  1175  1175 D PhoneFactory: getPhone:- phoneId != DEFAULT_PHONE_ID return sProxyPhones[phoneId] phoneId=-1 phone=null
08-09 01:58:22.883   709  1220 D SubscriptionManager: [getPhoneId]- fail
08-09 01:58:22.885  1175  1175 D DCT     : [0]cleanUpConnection: X tearDown=false reason=radioTurnedOff apnContext={mApnType=mms mState=IDLE mWaitingApns={null} mWaitingApnsPermanentFailureCountDown=0 mApnSetting={null} mReason=radioTurnedOff mDataEnabled=false mDependencyMet=true} dcac=null
08-09 01:58:22.886  1175  1175 D DCT     : [0]cleanUpConnection: E tearDown=false reason=radioTurnedOff apnContext={mApnType=cbs mState=IDLE mWaitingApns={null} mWaitingApnsPermanentFailureCountDown=0 mApnSetting={null} mReason=radioTurnedOff mDataEnabled=false mDependencyMet=true}
08-09 01:58:22.886  1175  1175 D SubscriptionController: [getSubId]- mSlotIdToSubIdMap.size == 0, return DummySubIds slotIdx=0
08-09 01:58:22.886  1175  1175 D SubscriptionController: getDummySubIds: slotIdx=0 return 1 DummySubIds with each subId=-2
08-09 01:58:22.887  1175  1175 D DCT     : [0]isDataAllowed: not allowed due to - Attached= false - SIM not loaded
08-09 01:58:22.888  1175  1175 D DCT     : [ApnContext:cbs] getApnSetting: apnSetting=null
08-09 01:58:22.888  1175  1175 D SubscriptionController: [getPhoneId]- invalid subId return=-1
08-09 01:58:22.890  1175  1175 D PhoneFactory: getPhone:- phoneId != DEFAULT_PHONE_ID return sProxyPhones[phoneId] phoneId=-1 phone=null
08-09 01:58:22.891   709   803 D SubscriptionManager: [getPhoneId]- fail
08-09 01:58:22.893  1175  1175 D DCT     : [0]cleanUpConnection: X tearDown=false reason=radioTurnedOff apnContext={mApnType=cbs mState=IDLE mWaitingApns={null} mWaitingApnsPermanentFailureCountDown=0 mApnSetting={null} mReason=radioTurnedOff mDataEnabled=false mDependencyMet=true} dcac=null
08-09 01:58:22.893  1175  1175 D DCT     : [0]cleanUpConnection: E tearDown=false reason=radioTurnedOff apnContext={mApnType=fota mState=IDLE mWaitingApns={null} mWaitingApnsPermanentFailureCountDown=0 mApnSetting={null} mReason=radioTurnedOff mDataEnabled=false mDependencyMet=true}
08-09 01:58:22.894  1175  1175 D SubscriptionController: [getSubId]- mSlotIdToSubIdMap.size == 0, return DummySubIds slotIdx=0
08-09 01:58:22.894  1175  1175 D SubscriptionController: getDummySubIds: slotIdx=0 return 1 DummySubIds with each subId=-2
08-09 01:58:22.895  1175  1175 D DCT     : [0]isDataAllowed: not allowed due to - Attached= false - SIM not loaded
08-09 01:58:22.895  1175  1175 D DCT     : [ApnContext:fota] getApnSetting: apnSetting=null
08-09 01:58:22.896  1175  1175 D SubscriptionController: [getPhoneId]- invalid subId return=-1
08-09 01:58:22.898  1175  1175 D PhoneFactory: getPhone:- phoneId != DEFAULT_PHONE_ID return sProxyPhones[phoneId] phoneId=-1 phone=null
08-09 01:58:22.899   709  1003 D SubscriptionManager: [getPhoneId]- fail
08-09 01:58:22.902  1175  1175 D DCT     : [0]cleanUpConnection: X tearDown=false reason=radioTurnedOff apnContext={mApnType=fota mState=IDLE mWaitingApns={null} mWaitingApnsPermanentFailureCountDown=0 mApnSetting={null} mReason=radioTurnedOff mDataEnabled=false mDependencyMet=true} dcac=null
08-09 01:58:22.902  1175  1175 D DCT     : [0]cleanUpConnection: E tearDown=false reason=radioTurnedOff apnContext={mApnType=supl mState=IDLE mWaitingApns={null} mWaitingApnsPermanentFailureCountDown=0 mApnSetting={null} mReason=radioTurnedOff mDataEnabled=false mDependencyMet=true}
08-09 01:58:22.902  1175  1175 D SubscriptionController: [getSubId]- mSlotIdToSubIdMap.size == 0, return DummySubIds slotIdx=0
08-09 01:58:22.903  1175  1175 D SubscriptionController: getDummySubIds: slotIdx=0 return 1 DummySubIds with each subId=-2
08-09 01:58:22.904  1175  1175 D DCT     : [0]isDataAllowed: not allowed due to - Attached= false - SIM not loaded
08-09 01:58:22.904  1175  1175 D DCT     : [ApnContext:supl] getApnSetting: apnSetting=null
08-09 01:58:22.904  1175  1175 D SubscriptionController: [getPhoneId]- invalid subId return=-1
08-09 01:58:22.907  1175  1175 D PhoneFactory: getPhone:- phoneId != DEFAULT_PHONE_ID return sProxyPhones[phoneId] phoneId=-1 phone=null
08-09 01:58:22.908   709  1191 D SubscriptionManager: [getPhoneId]- fail
08-09 01:58:22.910  1175  1175 D DCT     : [0]cleanUpConnection: X tearDown=false reason=radioTurnedOff apnContext={mApnType=supl mState=IDLE mWaitingApns={null} mWaitingApnsPermanentFailureCountDown=0 mApnSetting={null} mReason=radioTurnedOff mDataEnabled=false mDependencyMet=true} dcac=null
08-09 01:58:22.910  1175  1175 D DCT     : [0]cleanUpConnection: E tearDown=false reason=radioTurnedOff apnContext={mApnType=ia mState=IDLE mWaitingApns={null} mWaitingApnsPermanentFailureCountDown=0 mApnSetting={null} mReason=radioTurnedOff mDataEnabled=false mDependencyMet=true}
08-09 01:58:22.910  1175  1175 D SubscriptionController: [getSubId]- mSlotIdToSubIdMap.size == 0, return DummySubIds slotIdx=0
08-09 01:58:22.911  1175  1175 D SubscriptionController: getDummySubIds: slotIdx=0 return 1 DummySubIds with each subId=-2
08-09 01:58:22.912  1175  1175 D DCT     : [0]isDataAllowed: not allowed due to - Attached= false - SIM not loaded
08-09 01:58:22.912  1175  1175 D DCT     : [ApnContext:ia] getApnSetting: apnSetting=null
08-09 01:58:22.912  1175  1175 D SubscriptionController: [getPhoneId]- invalid subId return=-1
08-09 01:58:22.915  1175  1175 D PhoneFactory: getPhone:- phoneId != DEFAULT_PHONE_ID return sProxyPhones[phoneId] phoneId=-1 phone=null
08-09 01:58:22.915   709   726 D SubscriptionManager: [getPhoneId]- fail
08-09 01:58:22.919  1175  1175 D DCT     : [0]cleanUpConnection: X tearDown=false reason=radioTurnedOff apnContext={mApnType=ia mState=IDLE mWaitingApns={null} mWaitingApnsPermanentFailureCountDown=0 mApnSetting={null} mReason=radioTurnedOff mDataEnabled=false mDependencyMet=true} dcac=null
08-09 01:58:22.919  1175  1175 D DCT     : [0]cleanUpConnection: E tearDown=false reason=radioTurnedOff apnContext={mApnType=dun mState=IDLE mWaitingApns={null} mWaitingApnsPermanentFailureCountDown=0 mApnSetting={null} mReason=radioTurnedOff mDataEnabled=false mDependencyMet=true}
08-09 01:58:22.919  1175  1175 D SubscriptionController: [getSubId]- mSlotIdToSubIdMap.size == 0, return DummySubIds slotIdx=0
08-09 01:58:22.919  1175  1175 D SubscriptionController: getDummySubIds: slotIdx=0 return 1 DummySubIds with each subId=-2
08-09 01:58:22.921  1175  1175 D DCT     : [0]isDataAllowed: not allowed due to - Attached= false - SIM not loaded
08-09 01:58:22.921  1175  1175 D DCT     : [ApnContext:dun] getApnSetting: apnSetting=null
08-09 01:58:22.922  1175  1175 D SubscriptionController: [getPhoneId]- invalid subId return=-1
08-09 01:58:22.924  1175  1175 D PhoneFactory: getPhone:- phoneId != DEFAULT_PHONE_ID return sProxyPhones[phoneId] phoneId=-1 phone=null
08-09 01:58:22.925   709   804 D SubscriptionManager: [getPhoneId]- fail
08-09 01:58:22.927  1175  1175 D DCT     : [0]cleanUpConnection: X tearDown=false reason=radioTurnedOff apnContext={mApnType=dun mState=IDLE mWaitingApns={null} mWaitingApnsPermanentFailureCountDown=0 mApnSetting={null} mReason=radioTurnedOff mDataEnabled=false mDependencyMet=true} dcac=null
08-09 01:58:22.928  1175  1175 D DCT     : [0]cleanUpConnection: E tearDown=false reason=radioTurnedOff apnContext={mApnType=hipri mState=IDLE mWaitingApns={null} mWaitingApnsPermanentFailureCountDown=0 mApnSetting={null} mReason=radioTurnedOff mDataEnabled=false mDependencyMet=true}
08-09 01:58:22.928  1175  1175 D SubscriptionController: [getSubId]- mSlotIdToSubIdMap.size == 0, return DummySubIds slotIdx=0
08-09 01:58:22.928  1175  1175 D SubscriptionController: getDummySubIds: slotIdx=0 return 1 DummySubIds with each subId=-2
08-09 01:58:22.933  1175  1175 D DCT     : [0]isDataAllowed: not allowed due to - Attached= false - SIM not loaded
08-09 01:58:22.933  1175  1175 D DCT     : [ApnContext:hipri] getApnSetting: apnSetting=null
08-09 01:58:22.937  1175  1175 D SubscriptionController: [getPhoneId]- invalid subId return=-1
08-09 01:58:22.939  1175  1175 D PhoneFactory: getPhone:- phoneId != DEFAULT_PHONE_ID return sProxyPhones[phoneId] phoneId=-1 phone=null
08-09 01:58:22.940   709  1274 D SubscriptionManager: [getPhoneId]- fail
08-09 01:58:22.946  1175  1175 D DCT     : [0]cleanUpConnection: X tearDown=false reason=radioTurnedOff apnContext={mApnType=hipri mState=IDLE mWaitingApns={null} mWaitingApnsPermanentFailureCountDown=0 mApnSetting={null} mReason=radioTurnedOff mDataEnabled=false mDependencyMet=true} dcac=null
08-09 01:58:22.951  1175  1175 D DCT     : [0]cleanUpConnection: E tearDown=false reason=radioTurnedOff apnContext={mApnType=ims mState=IDLE mWaitingApns={null} mWaitingApnsPermanentFailureCountDown=0 mApnSetting={null} mReason=radioTurnedOff mDataEnabled=false mDependencyMet=true}
08-09 01:58:22.951  1175  1175 D SubscriptionController: [getSubId]- mSlotIdToSubIdMap.size == 0, return DummySubIds slotIdx=0
08-09 01:58:22.952  1175  1175 D SubscriptionController: getDummySubIds: slotIdx=0 return 1 DummySubIds with each subId=-2
08-09 01:58:22.958  1175  1175 D DCT     : [0]isDataAllowed: not allowed due to - Attached= false - SIM not loaded
08-09 01:58:22.958  1175  1175 D DCT     : [ApnContext:ims] getApnSetting: apnSetting=null
08-09 01:58:22.958  1175  1175 D SubscriptionController: [getPhoneId]- invalid subId return=-1
08-09 01:58:22.961  1175  1175 D PhoneFactory: getPhone:- phoneId != DEFAULT_PHONE_ID return sProxyPhones[phoneId] phoneId=-1 phone=null
08-09 01:58:22.962   709  1243 D SubscriptionManager: [getPhoneId]- fail
08-09 01:58:22.974   191   531 I RILQ    : (0/191):RIL[0][qmi_cb] qcril_qmi_nas_update_data_rte: completed, new drte 0 with confidence 4
08-09 01:58:22.975   191   531 I RILC    : RIL_SOCKET_1 UNSOLICITED: UNSOL_RESPONSE_VOICE_NETWORK_STATE_CHANGED length:8
08-09 01:58:22.975   191   531 E RILC    : Send Response to RIL_SOCKET_1
08-09 01:58:22.978  1175  1175 D DCT     : [0]cleanUpConnection: X tearDown=false reason=radioTurnedOff apnContext={mApnType=ims mState=IDLE mWaitingApns={null} mWaitingApnsPermanentFailureCountDown=0 mApnSetting={null} mReason=radioTurnedOff mDataEnabled=false mDependencyMet=true} dcac=null
08-09 01:58:22.979  1175  1175 D DCT     : [0]stopNetStatPoll
08-09 01:58:22.979  1175  1175 D SubscriptionController: [getSubId]- mSlotIdToSubIdMap.size == 0, return DummySubIds slotIdx=0
08-09 01:58:22.979  1175  1175 D SubscriptionController: getDummySubIds: slotIdx=0 return 1 DummySubIds with each subId=-2
08-09 01:58:22.980   709   726 D SubscriptionManager: [getPhoneId]- fail
08-09 01:58:22.981  1175  1283 D RILJ    : [UNSL]< UNSOL_RESPONSE_VOICE_NETWORK_STATE_CHANGED [SUB0]
08-09 01:58:22.981  1175  1175 D DCT     : [0]stopDataStallAlarm: current tag=24946 mDataStallAlarmIntent=null
08-09 01:58:22.982  1175  1175 D DCT     : [0]cleanUpConnection: mDisconnectPendingCount = 0
08-09 01:58:22.982  1175  1175 D SubscriptionController: [getSubId]- mSlotIdToSubIdMap.size == 0, return DummySubIds slotIdx=0
08-09 01:58:22.982  1175  1175 D SubscriptionController: getDummySubIds: slotIdx=0 return 1 DummySubIds with each subId=-2
08-09 01:58:22.985  1175  1175 D DCT     : [0]isDataAllowed: not allowed due to - Attached= false - SIM not loaded
08-09 01:58:22.986  1175  1175 D DCT     : [ApnContext:default] getApnSetting: apnSetting=null
08-09 01:58:22.986  1175  1175 D SubscriptionController: [getPhoneId]- invalid subId return=-1
08-09 01:58:22.990  1175  1175 D PhoneFactory: getPhone:- phoneId != DEFAULT_PHONE_ID return sProxyPhones[phoneId] phoneId=-1 phone=null
08-09 01:58:22.993   709  1274 D SubscriptionManager: [getPhoneId]- fail
08-09 01:58:22.997  1175  1175 D SubscriptionController: [getSubId]- mSlotIdToSubIdMap.size == 0, return DummySubIds slotIdx=0
08-09 01:58:22.998  1175  1175 D SubscriptionController: getDummySubIds: slotIdx=0 return 1 DummySubIds with each subId=-2
08-09 01:58:23.004  1175  1175 D DCT     : [0]isDataAllowed: not allowed due to - Attached= false - SIM not loaded
08-09 01:58:23.004  1175  1175 D DCT     : [ApnContext:mms] getApnSetting: apnSetting=null
08-09 01:58:23.007  1175  1175 D SubscriptionController: [getPhoneId]- invalid subId return=-1
08-09 01:58:23.014  1175  1175 D PhoneFactory: getPhone:- phoneId != DEFAULT_PHONE_ID return sProxyPhones[phoneId] phoneId=-1 phone=null
08-09 01:58:23.017   709   726 D SubscriptionManager: [getPhoneId]- fail
08-09 01:58:23.023  1175  1175 D SubscriptionController: [getSubId]- mSlotIdToSubIdMap.size == 0, return DummySubIds slotIdx=0
08-09 01:58:23.023  1175  1175 D SubscriptionController: getDummySubIds: slotIdx=0 return 1 DummySubIds with each subId=-2
08-09 01:58:23.024  1175  1175 D DCT     : [0]isDataAllowed: not allowed due to - Attached= false - SIM not loaded
08-09 01:58:23.025  1175  1175 D DCT     : [ApnContext:cbs] getApnSetting: apnSetting=null
08-09 01:58:23.025  1175  1175 D SubscriptionController: [getPhoneId]- invalid subId return=-1
08-09 01:58:23.029  1175  1175 D PhoneFactory: getPhone:- phoneId != DEFAULT_PHONE_ID return sProxyPhones[phoneId] phoneId=-1 phone=null
08-09 01:58:23.032   709   804 D SubscriptionManager: [getPhoneId]- fail
08-09 01:58:23.045  1175  1175 D SubscriptionController: [getSubId]- mSlotIdToSubIdMap.size == 0, return DummySubIds slotIdx=0
08-09 01:58:23.045  1175  1175 D SubscriptionController: getDummySubIds: slotIdx=0 return 1 DummySubIds with each subId=-2
08-09 01:58:23.049  1175  1175 D DCT     : [0]isDataAllowed: not allowed due to - Attached= false - SIM not loaded
08-09 01:58:23.050  1175  1175 D DCT     : [ApnContext:fota] getApnSetting: apnSetting=null
08-09 01:58:23.052  1175  1175 D SubscriptionController: [getPhoneId]- invalid subId return=-1
08-09 01:58:23.062  1175  1175 D PhoneFactory: getPhone:- phoneId != DEFAULT_PHONE_ID return sProxyPhones[phoneId] phoneId=-1 phone=null
08-09 01:58:23.065   709  1229 D SubscriptionManager: [getPhoneId]- fail
08-09 01:58:23.074  1175  1175 D SubscriptionController: [getSubId]- mSlotIdToSubIdMap.size == 0, return DummySubIds slotIdx=0
08-09 01:58:23.075  1175  1175 D SubscriptionController: getDummySubIds: slotIdx=0 return 1 DummySubIds with each subId=-2
08-09 01:58:23.079  1175  1175 D DCT     : [0]isDataAllowed: not allowed due to - Attached= false - SIM not loaded
08-09 01:58:23.079  1175  1175 D DCT     : [ApnContext:supl] getApnSetting: apnSetting=null
08-09 01:58:23.080  1175  1175 D SubscriptionController: [getPhoneId]- invalid subId return=-1
08-09 01:58:23.086  1175  1175 D PhoneFactory: getPhone:- phoneId != DEFAULT_PHONE_ID return sProxyPhones[phoneId] phoneId=-1 phone=null
08-09 01:58:23.089   709  1243 D SubscriptionManager: [getPhoneId]- fail
08-09 01:58:23.105  1175  1175 D SubscriptionController: [getSubId]- mSlotIdToSubIdMap.size == 0, return DummySubIds slotIdx=0
08-09 01:58:23.105  1175  1175 D SubscriptionController: getDummySubIds: slotIdx=0 return 1 DummySubIds with each subId=-2
08-09 01:58:23.109  1175  1175 D DCT     : [0]isDataAllowed: not allowed due to - Attached= false - SIM not loaded
08-09 01:58:23.109  1175  1175 D DCT     : [ApnContext:ia] getApnSetting: apnSetting=null
08-09 01:58:23.111  1175  1175 D SubscriptionController: [getPhoneId]- invalid subId return=-1
08-09 01:58:23.115  1175  1175 D PhoneFactory: getPhone:- phoneId != DEFAULT_PHONE_ID return sProxyPhones[phoneId] phoneId=-1 phone=null
08-09 01:58:23.117   709   726 D SubscriptionManager: [getPhoneId]- fail
08-09 01:58:23.122  1175  1175 D SubscriptionController: [getSubId]- mSlotIdToSubIdMap.size == 0, return DummySubIds slotIdx=0
08-09 01:58:23.122  1175  1175 D SubscriptionController: getDummySubIds: slotIdx=0 return 1 DummySubIds with each subId=-2
08-09 01:58:23.124  1175  1175 D DCT     : [0]isDataAllowed: not allowed due to - Attached= false - SIM not loaded
08-09 01:58:23.125  1175  1175 D DCT     : [ApnContext:dun] getApnSetting: apnSetting=null
08-09 01:58:23.127  1175  1175 D SubscriptionController: [getPhoneId]- invalid subId return=-1
08-09 01:58:23.130  1175  1175 D PhoneFactory: getPhone:- phoneId != DEFAULT_PHONE_ID return sProxyPhones[phoneId] phoneId=-1 phone=null
08-09 01:58:23.131   709  1229 D SubscriptionManager: [getPhoneId]- fail
08-09 01:58:23.137  1175  1175 D SubscriptionController: [getSubId]- mSlotIdToSubIdMap.size == 0, return DummySubIds slotIdx=0
08-09 01:58:23.137  1175  1175 D SubscriptionController: getDummySubIds: slotIdx=0 return 1 DummySubIds with each subId=-2
08-09 01:58:23.139  1175  1175 D DCT     : [0]isDataAllowed: not allowed due to - Attached= false - SIM not loaded
08-09 01:58:23.139  1175  1175 D DCT     : [ApnContext:hipri] getApnSetting: apnSetting=null
08-09 01:58:23.140  1175  1175 D SubscriptionController: [getPhoneId]- invalid subId return=-1
08-09 01:58:23.142  1175  1175 D PhoneFactory: getPhone:- phoneId != DEFAULT_PHONE_ID return sProxyPhones[phoneId] phoneId=-1 phone=null
08-09 01:58:23.144   709   726 D SubscriptionManager: [getPhoneId]- fail
08-09 01:58:23.148  1175  1175 D SubscriptionController: [getSubId]- mSlotIdToSubIdMap.size == 0, return DummySubIds slotIdx=0
08-09 01:58:23.148  1175  1175 D SubscriptionController: getDummySubIds: slotIdx=0 return 1 DummySubIds with each subId=-2
08-09 01:58:23.150  1175  1175 D DCT     : [0]isDataAllowed: not allowed due to - Attached= false - SIM not loaded
08-09 01:58:23.150  1175  1175 D DCT     : [ApnContext:ims] getApnSetting: apnSetting=null
08-09 01:58:23.150  1175  1175 D SubscriptionController: [getPhoneId]- invalid subId return=-1
08-09 01:58:23.153  1175  1175 D PhoneFactory: getPhone:- phoneId != DEFAULT_PHONE_ID return sProxyPhones[phoneId] phoneId=-1 phone=null
08-09 01:58:23.154   709  1003 D SubscriptionManager: [getPhoneId]- fail
08-09 01:58:23.159  1175  1175 D DCT     : [0]handleMessage msg={ when=-1s679ms what=270345 obj=android.os.AsyncResult@2cb1ad2f target=com.android.internal.telephony.dataconnection.DcTracker }
08-09 01:58:23.160  1175  1175 D DCT     : [0]onDataConnectionDetached: stop polling and notify detached
08-09 01:58:23.160  1175  1175 D DCT     : [0]stopNetStatPoll
08-09 01:58:23.160  1175  1175 D SubscriptionController: [getSubId]- mSlotIdToSubIdMap.size == 0, return DummySubIds slotIdx=0
08-09 01:58:23.161  1175  1175 D SubscriptionController: getDummySubIds: slotIdx=0 return 1 DummySubIds with each subId=-2
08-09 01:58:23.163   709   804 D SubscriptionManager: [getPhoneId]- fail
08-09 01:58:23.164  1175  1175 D DCT     : [0]stopDataStallAlarm: current tag=24947 mDataStallAlarmIntent=null
08-09 01:58:23.164  1175  1175 D DCT     : [0]notifyDataConnection: reason=dataDetached
08-09 01:58:23.165  1175  1175 D SubscriptionController: [getSubId]- mSlotIdToSubIdMap.size == 0, return DummySubIds slotIdx=0
08-09 01:58:23.165  1175  1175 D SubscriptionController: getDummySubIds: slotIdx=0 return 1 DummySubIds with each subId=-2
08-09 01:58:23.173  1175  1175 D DCT     : [0]isDataAllowed: not allowed due to - Attached= false - SIM not loaded
08-09 01:58:23.173  1175  1175 D DCT     : [ApnContext:default] getApnSetting: apnSetting=null
08-09 01:58:23.176  1175  1175 D SubscriptionController: [getPhoneId]- invalid subId return=-1
08-09 01:58:23.180  1175  1175 D PhoneFactory: getPhone:- phoneId != DEFAULT_PHONE_ID return sProxyPhones[phoneId] phoneId=-1 phone=null
08-09 01:58:23.183   709  1243 D SubscriptionManager: [getPhoneId]- fail
08-09 01:58:23.194  1175  1175 D SubscriptionController: [getSubId]- mSlotIdToSubIdMap.size == 0, return DummySubIds slotIdx=0
08-09 01:58:23.195  1175  1175 D SubscriptionController: getDummySubIds: slotIdx=0 return 1 DummySubIds with each subId=-2
08-09 01:58:23.198  1175  1175 D DCT     : [0]isDataAllowed: not allowed due to - Attached= false - SIM not loaded
08-09 01:58:23.203  1175  1175 D DCT     : [ApnContext:mms] getApnSetting: apnSetting=null
08-09 01:58:23.205  1175  1175 D SubscriptionController: [getPhoneId]- invalid subId return=-1
08-09 01:58:23.209  1175  1175 D PhoneFactory: getPhone:- phoneId != DEFAULT_PHONE_ID return sProxyPhones[phoneId] phoneId=-1 phone=null
08-09 01:58:23.210   709  1220 D SubscriptionManager: [getPhoneId]- fail
08-09 01:58:23.214  1175  1175 D SubscriptionController: [getSubId]- mSlotIdToSubIdMap.size == 0, return DummySubIds slotIdx=0
08-09 01:58:23.215  1175  1175 D SubscriptionController: getDummySubIds: slotIdx=0 return 1 DummySubIds with each subId=-2
08-09 01:58:23.222  1175  1175 D DCT     : [0]isDataAllowed: not allowed due to - Attached= false - SIM not loaded
08-09 01:58:23.222  1175  1175 D DCT     : [ApnContext:cbs] getApnSetting: apnSetting=null
08-09 01:58:23.223  1175  1175 D SubscriptionController: [getPhoneId]- invalid subId return=-1
08-09 01:58:23.225  1175  1175 D PhoneFactory: getPhone:- phoneId != DEFAULT_PHONE_ID return sProxyPhones[phoneId] phoneId=-1 phone=null
08-09 01:58:23.226   709  1191 D SubscriptionManager: [getPhoneId]- fail
08-09 01:58:23.231  1175  1175 D SubscriptionController: [getSubId]- mSlotIdToSubIdMap.size == 0, return DummySubIds slotIdx=0
08-09 01:58:23.232  1175  1175 D SubscriptionController: getDummySubIds: slotIdx=0 return 1 DummySubIds with each subId=-2
08-09 01:58:23.235  1175  1175 D DCT     : [0]isDataAllowed: not allowed due to - Attached= false - SIM not loaded
08-09 01:58:23.235  1175  1175 D DCT     : [ApnContext:fota] getApnSetting: apnSetting=null
08-09 01:58:23.236  1175  1175 D SubscriptionController: [getPhoneId]- invalid subId return=-1
08-09 01:58:23.240  1175  1175 D PhoneFactory: getPhone:- phoneId != DEFAULT_PHONE_ID return sProxyPhones[phoneId] phoneId=-1 phone=null
08-09 01:58:23.241   709  1003 D SubscriptionManager: [getPhoneId]- fail
08-09 01:58:23.247  1175  1175 D SubscriptionController: [getSubId]- mSlotIdToSubIdMap.size == 0, return DummySubIds slotIdx=0
08-09 01:58:23.248  1175  1175 D SubscriptionController: getDummySubIds: slotIdx=0 return 1 DummySubIds with each subId=-2
08-09 01:58:23.254  1175  1175 D DCT     : [0]isDataAllowed: not allowed due to - Attached= false - SIM not loaded
08-09 01:58:23.254  1175  1175 D DCT     : [ApnContext:supl] getApnSetting: apnSetting=null
08-09 01:58:23.255  1175  1175 D SubscriptionController: [getPhoneId]- invalid subId return=-1
08-09 01:58:23.259  1175  1175 D PhoneFactory: getPhone:- phoneId != DEFAULT_PHONE_ID return sProxyPhones[phoneId] phoneId=-1 phone=null
08-09 01:58:23.260   709  1191 D SubscriptionManager: [getPhoneId]- fail
08-09 01:58:23.264  1175  1175 D SubscriptionController: [getSubId]- mSlotIdToSubIdMap.size == 0, return DummySubIds slotIdx=0
08-09 01:58:23.264  1175  1175 D SubscriptionController: getDummySubIds: slotIdx=0 return 1 DummySubIds with each subId=-2
08-09 01:58:23.270  1175  1175 D DCT     : [0]isDataAllowed: not allowed due to - Attached= false - SIM not loaded
08-09 01:58:23.271  1175  1175 D DCT     : [ApnContext:ia] getApnSetting: apnSetting=null
08-09 01:58:23.272  1175  1175 D SubscriptionController: [getPhoneId]- invalid subId return=-1
08-09 01:58:23.275  1175  1175 D PhoneFactory: getPhone:- phoneId != DEFAULT_PHONE_ID return sProxyPhones[phoneId] phoneId=-1 phone=null
08-09 01:58:23.277   709  1229 D SubscriptionManager: [getPhoneId]- fail
08-09 01:58:23.282  1175  1175 D SubscriptionController: [getSubId]- mSlotIdToSubIdMap.size == 0, return DummySubIds slotIdx=0
08-09 01:58:23.282  1175  1175 D SubscriptionController: getDummySubIds: slotIdx=0 return 1 DummySubIds with each subId=-2
08-09 01:58:23.285  1175  1175 D DCT     : [0]isDataAllowed: not allowed due to - Attached= false - SIM not loaded
08-09 01:58:23.285  1175  1175 D DCT     : [ApnContext:dun] getApnSetting: apnSetting=null
08-09 01:58:23.286  1175  1175 D SubscriptionController: [getPhoneId]- invalid subId return=-1
08-09 01:58:23.289  1175  1175 D PhoneFactory: getPhone:- phoneId != DEFAULT_PHONE_ID return sProxyPhones[phoneId] phoneId=-1 phone=null
08-09 01:58:23.291   709  1274 D SubscriptionManager: [getPhoneId]- fail
08-09 01:58:23.296  1175  1175 D SubscriptionController: [getSubId]- mSlotIdToSubIdMap.size == 0, return DummySubIds slotIdx=0
08-09 01:58:23.297  1175  1175 D SubscriptionController: getDummySubIds: slotIdx=0 return 1 DummySubIds with each subId=-2
08-09 01:58:23.300  1175  1175 D DCT     : [0]isDataAllowed: not allowed due to - Attached= false - SIM not loaded
08-09 01:58:23.301  1175  1175 D DCT     : [ApnContext:hipri] getApnSetting: apnSetting=null
08-09 01:58:23.302  1175  1175 D SubscriptionController: [getPhoneId]- invalid subId return=-1
08-09 01:58:23.305  1175  1175 D PhoneFactory: getPhone:- phoneId != DEFAULT_PHONE_ID return sProxyPhones[phoneId] phoneId=-1 phone=null
08-09 01:58:23.307   709   725 D SubscriptionManager: [getPhoneId]- fail
08-09 01:58:23.309  1175  1175 D SubscriptionController: [getSubId]- mSlotIdToSubIdMap.size == 0, return DummySubIds slotIdx=0
08-09 01:58:23.309  1175  1175 D SubscriptionController: getDummySubIds: slotIdx=0 return 1 DummySubIds with each subId=-2
08-09 01:58:23.313  1175  1175 D DCT     : [0]isDataAllowed: not allowed due to - Attached= false - SIM not loaded
08-09 01:58:23.313  1175  1175 D DCT     : [ApnContext:ims] getApnSetting: apnSetting=null
08-09 01:58:23.314  1175  1175 D SubscriptionController: [getPhoneId]- invalid subId return=-1
08-09 01:58:23.317  1175  1175 D PhoneFactory: getPhone:- phoneId != DEFAULT_PHONE_ID return sProxyPhones[phoneId] phoneId=-1 phone=null
08-09 01:58:23.319   709  1243 D SubscriptionManager: [getPhoneId]- fail
08-09 01:58:23.321  1175  1175 D DCT     : [0]handleMessage msg={ when=-1s841ms what=270348 obj=android.os.AsyncResult@bc53f3c target=com.android.internal.telephony.dataconnection.DcTracker }
08-09 01:58:23.321  1175  1175 D DCT     : [0]onRoamingOff
08-09 01:58:23.322  1175  1175 D SubscriptionController: [getSubId]- mSlotIdToSubIdMap.size == 0, return DummySubIds slotIdx=0
08-09 01:58:23.322  1175  1175 D SubscriptionController: getDummySubIds: slotIdx=0 return 1 DummySubIds with each subId=-2
08-09 01:58:23.324  1175  1175 D DCT     : [0]getDataOnRoamingEnabled: phoneSubId=-2 isDataRoamingEnabled=true
08-09 01:58:23.324  1175  1175 D DCT     : [0]notifyDataConnection: reason=roamingOff
08-09 01:58:23.324  1175  1175 D SubscriptionController: [getSubId]- mSlotIdToSubIdMap.size == 0, return DummySubIds slotIdx=0
08-09 01:58:23.325  1175  1175 D SubscriptionController: getDummySubIds: slotIdx=0 return 1 DummySubIds with each subId=-2
08-09 01:58:23.326  1175  1175 D DCT     : [0]isDataAllowed: not allowed due to - Attached= false - SIM not loaded
08-09 01:58:23.326  1175  1175 D DCT     : [ApnContext:default] getApnSetting: apnSetting=null
08-09 01:58:23.327  1175  1175 D SubscriptionController: [getPhoneId]- invalid subId return=-1
08-09 01:58:23.329  1175  1175 D PhoneFactory: getPhone:- phoneId != DEFAULT_PHONE_ID return sProxyPhones[phoneId] phoneId=-1 phone=null
08-09 01:58:23.330   709   725 D SubscriptionManager: [getPhoneId]- fail
08-09 01:58:23.332  1175  1175 D SubscriptionController: [getSubId]- mSlotIdToSubIdMap.size == 0, return DummySubIds slotIdx=0
08-09 01:58:23.332  1175  1175 D SubscriptionController: getDummySubIds: slotIdx=0 return 1 DummySubIds with each subId=-2
08-09 01:58:23.334  1175  1175 D DCT     : [0]isDataAllowed: not allowed due to - Attached= false - SIM not loaded
08-09 01:58:23.334  1175  1175 D DCT     : [ApnContext:mms] getApnSetting: apnSetting=null
08-09 01:58:23.334  1175  1175 D SubscriptionController: [getPhoneId]- invalid subId return=-1
08-09 01:58:23.336  1175  1175 D PhoneFactory: getPhone:- phoneId != DEFAULT_PHONE_ID return sProxyPhones[phoneId] phoneId=-1 phone=null
08-09 01:58:23.337   709  1003 D SubscriptionManager: [getPhoneId]- fail
08-09 01:58:23.339  1175  1175 D SubscriptionController: [getSubId]- mSlotIdToSubIdMap.size == 0, return DummySubIds slotIdx=0
08-09 01:58:23.340  1175  1175 D SubscriptionController: getDummySubIds: slotIdx=0 return 1 DummySubIds with each subId=-2
08-09 01:58:23.341  1175  1175 D DCT     : [0]isDataAllowed: not allowed due to - Attached= false - SIM not loaded
08-09 01:58:23.341  1175  1175 D DCT     : [ApnContext:cbs] getApnSetting: apnSetting=null
08-09 01:58:23.341  1175  1175 D SubscriptionController: [getPhoneId]- invalid subId return=-1
08-09 01:58:23.344  1175  1175 D PhoneFactory: getPhone:- phoneId != DEFAULT_PHONE_ID return sProxyPhones[phoneId] phoneId=-1 phone=null
08-09 01:58:23.344   709  1274 D SubscriptionManager: [getPhoneId]- fail
08-09 01:58:23.347  1175  1175 D SubscriptionController: [getSubId]- mSlotIdToSubIdMap.size == 0, return DummySubIds slotIdx=0
08-09 01:58:23.347  1175  1175 D SubscriptionController: getDummySubIds: slotIdx=0 return 1 DummySubIds with each subId=-2
08-09 01:58:23.349  1175  1175 D DCT     : [0]isDataAllowed: not allowed due to - Attached= false - SIM not loaded
08-09 01:58:23.349  1175  1175 D DCT     : [ApnContext:fota] getApnSetting: apnSetting=null
08-09 01:58:23.349  1175  1175 D SubscriptionController: [getPhoneId]- invalid subId return=-1
08-09 01:58:23.352  1175  1175 D PhoneFactory: getPhone:- phoneId != DEFAULT_PHONE_ID return sProxyPhones[phoneId] phoneId=-1 phone=null
08-09 01:58:23.352   709   804 D SubscriptionManager: [getPhoneId]- fail
08-09 01:58:23.355  1175  1175 D SubscriptionController: [getSubId]- mSlotIdToSubIdMap.size == 0, return DummySubIds slotIdx=0
08-09 01:58:23.355  1175  1175 D SubscriptionController: getDummySubIds: slotIdx=0 return 1 DummySubIds with each subId=-2
08-09 01:58:23.356  1175  1175 D DCT     : [0]isDataAllowed: not allowed due to - Attached= false - SIM not loaded
08-09 01:58:23.356  1175  1175 D DCT     : [ApnContext:supl] getApnSetting: apnSetting=null
08-09 01:58:23.357  1175  1175 D SubscriptionController: [getPhoneId]- invalid subId return=-1
08-09 01:58:23.359  1175  1175 D PhoneFactory: getPhone:- phoneId != DEFAULT_PHONE_ID return sProxyPhones[phoneId] phoneId=-1 phone=null
08-09 01:58:23.360   709   803 D SubscriptionManager: [getPhoneId]- fail
08-09 01:58:23.361  1175  1175 D SubscriptionController: [getSubId]- mSlotIdToSubIdMap.size == 0, return DummySubIds slotIdx=0
08-09 01:58:23.362  1175  1175 D SubscriptionController: getDummySubIds: slotIdx=0 return 1 DummySubIds with each subId=-2
08-09 01:58:23.363  1175  1175 D DCT     : [0]isDataAllowed: not allowed due to - Attached= false - SIM not loaded
08-09 01:58:23.363  1175  1175 D DCT     : [ApnContext:ia] getApnSetting: apnSetting=null
08-09 01:58:23.363  1175  1175 D SubscriptionController: [getPhoneId]- invalid subId return=-1
08-09 01:58:23.366  1175  1175 D PhoneFactory: getPhone:- phoneId != DEFAULT_PHONE_ID return sProxyPhones[phoneId] phoneId=-1 phone=null
08-09 01:58:23.367   709  1274 D SubscriptionManager: [getPhoneId]- fail
08-09 01:58:23.370  1175  1175 D SubscriptionController: [getSubId]- mSlotIdToSubIdMap.size == 0, return DummySubIds slotIdx=0
08-09 01:58:23.371  1175  1175 D SubscriptionController: getDummySubIds: slotIdx=0 return 1 DummySubIds with each subId=-2
08-09 01:58:23.372  1175  1175 D DCT     : [0]isDataAllowed: not allowed due to - Attached= false - SIM not loaded
08-09 01:58:23.372  1175  1175 D DCT     : [ApnContext:dun] getApnSetting: apnSetting=null
08-09 01:58:23.373  1175  1175 D SubscriptionController: [getPhoneId]- invalid subId return=-1
08-09 01:58:23.375  1175  1175 D PhoneFactory: getPhone:- phoneId != DEFAULT_PHONE_ID return sProxyPhones[phoneId] phoneId=-1 phone=null
08-09 01:58:23.377   709  1243 D SubscriptionManager: [getPhoneId]- fail
08-09 01:58:23.379  1175  1175 D SubscriptionController: [getSubId]- mSlotIdToSubIdMap.size == 0, return DummySubIds slotIdx=0
08-09 01:58:23.379  1175  1175 D SubscriptionController: getDummySubIds: slotIdx=0 return 1 DummySubIds with each subId=-2
08-09 01:58:23.382  1175  1175 D DCT     : [0]isDataAllowed: not allowed due to - Attached= false - SIM not loaded
08-09 01:58:23.382  1175  1175 D DCT     : [ApnContext:hipri] getApnSetting: apnSetting=null
08-09 01:58:23.383  1175  1175 D SubscriptionController: [getPhoneId]- invalid subId return=-1
08-09 01:58:23.387  1175  1175 D PhoneFactory: getPhone:- phoneId != DEFAULT_PHONE_ID return sProxyPhones[phoneId] phoneId=-1 phone=null
08-09 01:58:23.388   709   726 D SubscriptionManager: [getPhoneId]- fail
08-09 01:58:23.393  1175  1175 D SubscriptionController: [getSubId]- mSlotIdToSubIdMap.size == 0, return DummySubIds slotIdx=0
08-09 01:58:23.393  1175  1175 D SubscriptionController: getDummySubIds: slotIdx=0 return 1 DummySubIds with each subId=-2
08-09 01:58:23.395  1175  1175 D DCT     : [0]isDataAllowed: not allowed due to - Attached= false - SIM not loaded
08-09 01:58:23.396  1175  1175 D DCT     : [ApnContext:ims] getApnSetting: apnSetting=null
08-09 01:58:23.397  1175  1175 D SubscriptionController: [getPhoneId]- invalid subId return=-1
08-09 01:58:23.403  1175  1175 D PhoneFactory: getPhone:- phoneId != DEFAULT_PHONE_ID return sProxyPhones[phoneId] phoneId=-1 phone=null
08-09 01:58:23.405   709   725 D SubscriptionManager: [getPhoneId]- fail
08-09 01:58:23.410  1175  1175 D DCT     : [0]handleMessage msg={ when=-1s927ms what=270377 obj=android.os.AsyncResult@a864c5 target=com.android.internal.telephony.dataconnection.DcTracker }
08-09 01:58:23.411  1175  1175 D DCT     : [0]setupDataOnConnectableApns: nwTypeChanged
08-09 01:58:23.413  1175  1175 D DCT     : [0]setupDataOnConnectableApns: apnContext {mApnType=hipri mState=IDLE mWaitingApns={null} mWaitingApnsPermanentFailureCountDown=0 mApnSetting={null} mReason=radioTurnedOff mDataEnabled=false mDependencyMet=true}
08-09 01:58:23.413  1175  1175 D DCT     : [0]setupDataOnConnectableApns: apnContext {mApnType=mms mState=IDLE mWaitingApns={null} mWaitingApnsPermanentFailureCountDown=0 mApnSetting={null} mReason=radioTurnedOff mDataEnabled=false mDependencyMet=true}
08-09 01:58:23.414  1175  1175 D DCT     : [0]setupDataOnConnectableApns: apnContext {mApnType=supl mState=IDLE mWaitingApns={null} mWaitingApnsPermanentFailureCountDown=0 mApnSetting={null} mReason=radioTurnedOff mDataEnabled=false mDependencyMet=true}
08-09 01:58:23.415  1175  1175 D DCT     : [0]setupDataOnConnectableApns: apnContext {mApnType=cbs mState=IDLE mWaitingApns={null} mWaitingApnsPermanentFailureCountDown=0 mApnSetting={null} mReason=radioTurnedOff mDataEnabled=false mDependencyMet=true}
08-09 01:58:23.415  1175  1175 D DCT     : [0]setupDataOnConnectableApns: apnContext {mApnType=dun mState=IDLE mWaitingApns={null} mWaitingApnsPermanentFailureCountDown=0 mApnSetting={null} mReason=radioTurnedOff mDataEnabled=false mDependencyMet=true}
08-09 01:58:23.416  1175  1175 D DCT     : [0]setupDataOnConnectableApns: apnContext {mApnType=fota mState=IDLE mWaitingApns={null} mWaitingApnsPermanentFailureCountDown=0 mApnSetting={null} mReason=radioTurnedOff mDataEnabled=false mDependencyMet=true}
08-09 01:58:23.416  1175  1175 D DCT     : [0]setupDataOnConnectableApns: apnContext {mApnType=ims mState=IDLE mWaitingApns={null} mWaitingApnsPermanentFailureCountDown=0 mApnSetting={null} mReason=radioTurnedOff mDataEnabled=false mDependencyMet=true}
08-09 01:58:23.417  1175  1175 D DCT     : [0]setupDataOnConnectableApns: apnContext {mApnType=default mState=IDLE mWaitingApns={null} mWaitingApnsPermanentFailureCountDown=0 mApnSetting={null} mReason=radioTurnedOff mDataEnabled=false mDependencyMet=true}
08-09 01:58:23.418  1175  1175 D DCT     : [0]setupDataOnConnectableApns: apnContext {mApnType=ia mState=IDLE mWaitingApns={null} mWaitingApnsPermanentFailureCountDown=0 mApnSetting={null} mReason=radioTurnedOff mDataEnabled=false mDependencyMet=true}
08-09 01:58:23.419  1175  1175 D RILJ    : [3657]> BASEBAND_VERSION [SUB0]
08-09 01:58:23.422  1175  1175 D RILJ    : [3658]> GET_IMEI [SUB0]
08-09 01:58:23.425  1175  1175 D RILJ    : [3659]> GET_IMEISV [SUB0]
08-09 01:58:23.427   191  1395 D RILC    : RequestComplete, RIL_SOCKET_1
08-09 01:58:23.427   191  1395 E RILC    : Send Response to RIL_SOCKET_1
08-09 01:58:23.428  1175  1283 D RILJ    : [3657]< BASEBAND_VERSION M8974A-2.0.50.2.26 [SUB0]
08-09 01:58:23.429  1175  1175 D RILJ    : [3660]> RIL_REQUEST_GET_RADIO_CAPABILITY [SUB0]
08-09 01:58:23.431  1175  1175 D SubscriptionController: [getSubId]- mSlotIdToSubIdMap.size == 0, return DummySubIds slotIdx=0
08-09 01:58:23.431  1175  1175 D SubscriptionController: getDummySubIds: slotIdx=0 return 1 DummySubIds with each subId=-2
08-09 01:58:23.431  1175  1175 D GsmSMSDispatcher: GsmSMSDispatcher: subId = -2 slotId = 0
08-09 01:58:23.432  1175  1175 E IccCardProxy: setExternalState: !override and newstate unchanged from NOT_READY
08-09 01:58:23.432  1175  1175 E IccCardProxy: setExternalState: !override and newstate unchanged from NOT_READY
08-09 01:58:23.432  1175  1175 D DctController: EVENT_PHONE1_DATA_DETACH.
08-09 01:58:23.433  1175  1175 D DcSwitchAsyncChannel: [DcSwitchAsyncChannel-0]: EVENT_DATA_DETACHED
08-09 01:58:23.433  1175  1334 D DcSwitchSM: [DcSwitchStateMachine-0] DefaultState: shouldn't happen but ignore msg.what=0x4400b
08-09 01:58:23.434  1175  1175 D SubscriptionController: [getSubId]- mSlotIdToSubIdMap.size == 0, return DummySubIds slotIdx=0
08-09 01:58:23.434  1175  1175 D SubscriptionController: getDummySubIds: slotIdx=0 return 1 DummySubIds with each subId=-2
08-09 01:58:23.434  1175  1175 D DctController: [TNF -2]got request NetworkRequest [ id=1, legacyType=-1, [ Capabilities: INTERNET&NOT_RESTRICTED&TRUSTED&NOT_VPN] ] with score 0
08-09 01:58:23.435  1175  1175 D SubscriptionController: [getSubId]- mSlotIdToSubIdMap.size == 0, return DummySubIds slotIdx=0
08-09 01:58:23.436  1175  1175 D SubscriptionController: getDummySubIds: slotIdx=0 return 1 DummySubIds with each subId=-2
08-09 01:58:23.436  1175  1175 D DctController: [TNF -2]Cellular needs Network for NetworkRequest [ id=1, legacyType=-1, [ Capabilities: INTERNET&NOT_RESTRICTED&TRUSTED&NOT_VPN] ]
08-09 01:58:23.436  1175  1175 D SubscriptionController: [getSubId]- mSlotIdToSubIdMap.size == 0, return DummySubIds slotIdx=0
08-09 01:58:23.436  1175  1175 D SubscriptionController: getDummySubIds: slotIdx=0 return 1 DummySubIds with each subId=-2
08-09 01:58:23.436  1175  1175 D SubscriptionController: [getSubId]- mSlotIdToSubIdMap.size == 0, return DummySubIds slotIdx=0
08-09 01:58:23.437  1175  1175 D SubscriptionController: getDummySubIds: slotIdx=0 return 1 DummySubIds with each subId=-2
08-09 01:58:23.437  1175  1175 D DctController: [TNF -2]Sub Info has not been ready, pending request.
08-09 01:58:23.438  1175  1175 V WAP PUSH: wappush manager connected to 546992313
08-09 01:58:23.439  1175  1175 V WAP PUSH: wappush manager connected to 738287970
08-09 01:58:23.439  1175  1175 D SubscriptionInfoUpdater: [Receiver]+
08-09 01:58:23.439  1175  1175 D SubscriptionInfoUpdater: Action: android.intent.action.SIM_STATE_CHANGED
08-09 01:58:23.439   191  1397 D RILC    : RequestComplete, RIL_SOCKET_1
08-09 01:58:23.439   191  1397 E RILC    : Send Response to RIL_SOCKET_1
08-09 01:58:23.440  1175  1175 D SubscriptionInfoUpdater: slotId: 0
08-09 01:58:23.440  1175  1175 D SubscriptionInfoUpdater: simStatus: NOT_READY
08-09 01:58:23.440  1175  1175 D SubscriptionInfoUpdater: Ignoring simStatus: NOT_READY
08-09 01:58:23.440  1175  1175 D SubscriptionInfoUpdater: [Receiver]-
08-09 01:58:23.440  1175  1283 D RILJ    : [3659]< GET_IMEISV  [SUB0]
08-09 01:58:23.441  1175  1175 D DebugService: DebugService DebugService:
08-09 01:58:23.444   191  1396 D RILC    : RequestComplete, RIL_SOCKET_1
08-09 01:58:23.444   191  1396 E RILC    : Send Response to RIL_SOCKET_1
08-09 01:58:23.444   191   297 D RILC    : RequestComplete, RIL_SOCKET_1
08-09 01:58:23.444   191   297 E RILC    : Send Response to RIL_SOCKET_1
08-09 01:58:23.446  1175  1283 D RILJ    : [3658]< GET_IMEI  [SUB0]
08-09 01:58:23.446  1175  1283 D RilRequest: [3660]< RIL_REQUEST_GET_RADIO_CAPABILITY error: com.android.internal.telephony.CommandException: GENERIC_FAILURE ret=
08-09 01:58:23.456  1175  1175 D SipService: SipService: started!
08-09 01:58:23.478  1175  1175 D SipService: start:
08-09 01:58:23.480  1175  1175 D RILJ    : [3661]> RIL_REQUEST_QUERY_TTY_MODE [SUB0]
08-09 01:58:23.486  1175  1175 D DCT     : [0]handleMessage msg={ when=-855ms what=270369 obj=android.os.AsyncResult@3c451328 target=com.android.internal.telephony.dataconnection.DcTracker }
08-09 01:58:23.487  1175  1175 D SubscriptionController: [getSubId]- mSlotIdToSubIdMap.size == 0, return DummySubIds slotIdx=0
08-09 01:58:23.487  1175  1175 D SubscriptionController: getDummySubIds: slotIdx=0 return 1 DummySubIds with each subId=-2
08-09 01:58:23.487  1175  1175 D GsmSMSDispatcher: GsmSMSDispatcher: subId = -2 slotId = 0
08-09 01:58:23.487  1175  1175 E IccCardProxy: setExternalState: !override and newstate unchanged from NOT_READY
08-09 01:58:23.488  1175  1175 D GsmSST  : [GsmSST] mDeviceShuttingDown = false
08-09 01:58:23.488  1175  1175 D GsmSST  : [GsmSST] mDesiredPowerState = true
08-09 01:58:23.488  1175  1175 D GsmSST  : [GsmSST] getRadioState = RADIO_ON
08-09 01:58:23.488  1175  1175 D GsmSST  : [GsmSST] mPowerOffDelayNeed = true
08-09 01:58:23.488  1175  1175 D GsmSST  : [GsmSST] mAlarmSwitch = false
08-09 01:58:23.489   191  1400 D RILC    : RequestComplete, RIL_SOCKET_1
08-09 01:58:23.489   191  1400 E RILC    : Send Response to RIL_SOCKET_1
08-09 01:58:23.489  1175  1175 D RILJ    : [3662]> OPERATOR [SUB0]
08-09 01:58:23.491  1175  1283 D RILJ    : [3661]< RIL_REQUEST_QUERY_TTY_MODE {0} [SUB0]
08-09 01:58:23.494   191  1401 D RILC    : RequestComplete, RIL_SOCKET_1
08-09 01:58:23.494   191  1401 E RILC    : Send Response to RIL_SOCKET_1
08-09 01:58:23.494  1175  1175 D RILJ    : [3663]> DATA_REGISTRATION_STATE [SUB0]
08-09 01:58:23.495  1175  1283 D RILJ    : [3662]< OPERATOR {null, null, null} [SUB0]
08-09 01:58:23.498  1175  1175 D RILJ    : [3664]> VOICE_REGISTRATION_STATE [SUB0]
08-09 01:58:23.501  1175  1175 D RILJ    : [3665]> QUERY_NETWORK_SELECTION_MODE [SUB0]
08-09 01:58:23.505  1175  1175 D UiccController: Received EVENT_ICC_STATUS_CHANGED, calling getIccCardStatus
08-09 01:58:23.505  1175  1175 D RILJ    : [3666]> GET_SIM_STATUS [SUB0]
08-09 01:58:23.507   191  1402 D RILC    : RequestComplete, RIL_SOCKET_1
08-09 01:58:23.507   191  1402 E RILC    : Send Response to RIL_SOCKET_1
08-09 01:58:23.508  1175  1283 D RILJ    : [3663]< DATA_REGISTRATION_STATE {0, null, null, null, 0, 20, null, 446, 2929439, null, null} [SUB0]
08-09 01:58:23.510  1175  1175 D RILJ    : [3667]> GET_CURRENT_CALLS [SUB0]
08-09 01:58:23.510   191  1404 D RILC    : RequestComplete, RIL_SOCKET_1
08-09 01:58:23.511   191  1404 E RILC    : Send Response to RIL_SOCKET_1
08-09 01:58:23.511  1175  1283 D RILJ    : [3665]< QUERY_NETWORK_SELECTION_MODE {0} [SUB0]
08-09 01:58:23.513   191  1403 I RILQ    : (0/191):RIL[0][cmd-20(448)] qcril_qmi_nas_update_data_rte: completed, new drte 0 with confidence 4
08-09 01:58:23.514   191   297 D RILC    : RequestComplete, RIL_SOCKET_1
08-09 01:58:23.514   191   297 E RILC    : Send Response to RIL_SOCKET_1
08-09 01:58:23.516  1175  1175 D RILJ    : [3668]> RIL_REQUEST_VOICE_RADIO_TECH [SUB0]
08-09 01:58:23.517   191  1403 D RILC    : RequestComplete, RIL_SOCKET_1
08-09 01:58:23.517   191  1403 E RILC    : Send Response to RIL_SOCKET_1
08-09 01:58:23.517  1175  1283 D RILJ    : [3666]< GET_SIM_STATUS IccCardState {CARDSTATE_PRESENT,PINSTATE_ENABLED_NOT_VERIFIED,num_apps=1,gsm_id=0{APPTYPE_USIM,APPSTATE_READY,pin1=PINSTATE_DISABLED,pin2=PINSTATE_ENABLED_NOT_VERIFIED},cdma_id=-1,ims_id=-1} [SUB0]
08-09 01:58:23.517   191   297 I RILQ    : (0/191):RIL[0][main] qcril_qmi_get_call_list_to_send: RILVI: calls rep: reported/skipped 0/0 calls
08-09 01:58:23.518   191   297 D RILC    : RequestComplete, RIL_SOCKET_1
08-09 01:58:23.518   191   297 E RILC    : Send Response to RIL_SOCKET_1
08-09 01:58:23.519  1175  1283 D RILJ    : [3664]< VOICE_REGISTRATION_STATE {2, null, null, 0, null, null, null, 0, null, null, null, null, null, 0, null} [SUB0]
08-09 01:58:23.519  1175  1175 D RILJ    : [3669]> RIL_REQUEST_IMS_REGISTRATION_STATE [SUB0]
08-09 01:58:23.520  1175  1283 D RILJ    : [3667]< GET_CURRENT_CALLS   [SUB0]
08-09 01:58:23.522  1175  1175 D RILJ    : [3670]> RIL_REQUEST_CDMA_GET_SUBSCRIPTION_SOURCE [SUB0]
08-09 01:58:23.525   191   531 D RILC    : RequestComplete, RIL_SOCKET_1
08-09 01:58:23.525   191   531 E RILC    : Send Response to RIL_SOCKET_1
08-09 01:58:23.525  1175  1175 D RILJ    : [3671]> OPERATOR [SUB0]
08-09 01:58:23.526  1175  1283 D RilRequest: [3669]< RIL_REQUEST_IMS_REGISTRATION_STATE error: com.android.internal.telephony.CommandException: GENERIC_FAILURE ret=
08-09 01:58:23.526   191  1405 D RILC    : RequestComplete, RIL_SOCKET_1
08-09 01:58:23.526   191  1405 E RILC    : Send Response to RIL_SOCKET_1
08-09 01:58:23.528  1175  1283 D RILJ    : [3668]< RIL_REQUEST_VOICE_RADIO_TECH {3} [SUB0]
08-09 01:58:23.528  1175  1175 D RILJ    : [3672]> DATA_REGISTRATION_STATE [SUB0]
08-09 01:58:23.530   191  1407 D RILC    : RequestComplete, RIL_SOCKET_1
08-09 01:58:23.530   191  1407 E RILC    : Send Response to RIL_SOCKET_1
08-09 01:58:23.531  1175  1283 D RilRequest: [3670]< RIL_REQUEST_CDMA_GET_SUBSCRIPTION_SOURCE error: com.android.internal.telephony.CommandException: GENERIC_FAILURE ret=
08-09 01:58:23.531  1175  1175 D RILJ    : [3673]> VOICE_REGISTRATION_STATE [SUB0]
08-09 01:58:23.533  1175  1175 D RILJ    : [3674]> QUERY_NETWORK_SELECTION_MODE [SUB0]
08-09 01:58:23.535   191  1411 D RILC    : RequestComplete, RIL_SOCKET_1
08-09 01:58:23.535  1175  1175 D SubscriptionController: [getSubId]- mSlotIdToSubIdMap.size == 0, return DummySubIds slotIdx=0
08-09 01:58:23.535   191  1411 E RILC    : Send Response to RIL_SOCKET_1
08-09 01:58:23.535  1175  1175 D SubscriptionController: getDummySubIds: slotIdx=0 return 1 DummySubIds with each subId=-2
08-09 01:58:23.536  1175  1283 D RILJ    : [3674]< QUERY_NETWORK_SELECTION_MODE {0} [SUB0]
08-09 01:58:23.537   191  1408 D RILC    : RequestComplete, RIL_SOCKET_1
08-09 01:58:23.537   191  1408 E RILC    : Send Response to RIL_SOCKET_1
08-09 01:58:23.538   191  1409 D RILC    : RequestComplete, RIL_SOCKET_1
08-09 01:58:23.538   191  1409 E RILC    : Send Response to RIL_SOCKET_1
08-09 01:58:23.539  1175  1283 D RILJ    : [3671]< OPERATOR {null, null, null} [SUB0]
08-09 01:58:23.539  1175  1175 D DefaultPhoneNotifier: notifySignalStrength: mRegistry=com.android.internal.telephony.ITelephonyRegistry$Stub$Proxy@a23210d ss=SignalStrength: 99 0 -120 -160 -120 -1 -1 99 2147483647 2147483647 2147483647 2147483647 gsm|lte sender=Handler (com.android.internal.telephony.gsm.GSMPhone) {3baebbf8}
08-09 01:58:23.540  1175  1283 D RILJ    : [3672]< DATA_REGISTRATION_STATE {0, null, null, null, 0, 20, null, 446, 2929439, null, null} [SUB0]
08-09 01:58:23.540   709  1220 D SubscriptionManager: [getPhoneId]- fail
08-09 01:58:23.540   709  1220 D TelephonyRegistry: notifySignalStrengthForSubscriber: invalid phoneId=-1
08-09 01:58:23.541   191  1410 I RILQ    : (0/191):RIL[0][cmd-20(248)] qcril_qmi_nas_update_data_rte: completed, new drte 0 with confidence 4
08-09 01:58:23.542   191  1410 D RILC    : RequestComplete, RIL_SOCKET_1
08-09 01:58:23.542   191  1410 E RILC    : Send Response to RIL_SOCKET_1
08-09 01:58:23.542  1175  1175 D GsmSST  : [GsmSST] SubscriptionListener.onSubscriptionInfoChanged
08-09 01:58:23.543  1175  1175 D SubscriptionController: [getSubId]- mSlotIdToSubIdMap.size == 0, return DummySubIds slotIdx=0
08-09 01:58:23.543  1175  1175 D SubscriptionController: getDummySubIds: slotIdx=0 return 1 DummySubIds with each subId=-2
08-09 01:58:23.543  1175  1175 D DCT     : [0]SubscriptionListener.onSubscriptionInfoChanged
08-09 01:58:23.543  1175  1175 D SubscriptionController: [getSubId]- mSlotIdToSubIdMap.size == 0, return DummySubIds slotIdx=0
08-09 01:58:23.543  1175  1175 D SubscriptionController: getDummySubIds: slotIdx=0 return 1 DummySubIds with each subId=-2
08-09 01:58:23.543  1175  1175 D DctController: onSubInfoReady mPhoneNum=1
08-09 01:58:23.543  1175  1283 D RILJ    : [3673]< VOICE_REGISTRATION_STATE {2, null, null, 0, null, null, null, 0, null, null, null, null, null, 0, null} [SUB0]
08-09 01:58:23.544  1175  1175 D SubscriptionController: [getSubId]- mSlotIdToSubIdMap.size == 0, return DummySubIds slotIdx=0
08-09 01:58:23.544  1175  1175 D SubscriptionController: getDummySubIds: slotIdx=0 return 1 DummySubIds with each subId=-2
08-09 01:58:23.544  1175  1175 D DctController: onSubInfoReady handle pending requests subId=-2
