04-13 12:21:21.180   709   774 I ActivityManager: Skipping duplicate ANR: ProcessRecord{29f9a7e2 1869:com.zhihu.android/u0a54} Input dispatching timed out (Waiting to send key event because the focused window has not finished processing all of the input events that were previously delivered to it.  Outbound queue length: 0.  Wait queue length: 1.)
04-13 12:21:34.530   709   815 D ConnectivityService: updateNetworkScore for NetworkAgentInfo [WIFI () - 100] to 56
04-13 12:21:34.530   709   815 D ConnectivityService: rematching NetworkAgentInfo [WIFI () - 100]
04-13 12:21:34.531   709   815 D ConnectivityService: Network NetworkAgentInfo [WIFI () - 100] was already satisfying request 1. No change.
04-13 12:21:34.531   709   815 D ConnectivityService: notifyType AVAILABLE for NetworkAgentInfo [WIFI () - 100]
04-13 12:21:36.851   709   726 I ActivityManager: START u0 {act=android.intent.action.VIEW dat=content://media/external/images/media/35 typ=image/png flg=0x10000000 cmp=com.android.gallery3d/.app.GalleryActivity} from uid 10013 on display 0
04-13 12:21:37.085   709   725 W ProcessCpuTracker: Skipping unknown process pid 3048
04-13 12:21:37.152   709  1191 W InputMethodManagerService: Window already focused, ignoring focus gain of: com.android.internal.view.IInputMethodClient$Stub$Proxy@65d32cf attribute=null, token = android.os.BinderProxy@3a39355c
04-13 12:21:46.087   709   794 I ActivityManager: START u0 {act=android.intent.action.MAIN cat=[android.intent.category.LAUNCHER] flg=0x10000000 cmp=com.android.browser/.BrowserActivity sel=act=android.intent.action.MAIN cat=[android.intent.category.APP_BROWSER]}} from uid 1000 on display 0
04-13 12:21:47.533   709   815 D ConnectivityService: updateNetworkScore for NetworkAgentInfo [WIFI () - 100] to 55
04-13 12:21:47.533   709   815 D ConnectivityService: rematching NetworkAgentInfo [WIFI () - 100]
04-13 12:21:47.533   709   815 D ConnectivityService: Network NetworkAgentInfo [WIFI () - 100] was already satisfying request 1. No change.
04-13 12:21:47.534   709   815 D ConnectivityService: notifyType AVAILABLE for NetworkAgentInfo [WIFI () - 100]
04-13 12:22:08.441   709   726 W BackupManagerService: dataChanged but no participant pkg='com.android.providers.settings' uid=10013
04-13 12:22:08.445   709   709 D ZenLog  : set_zen_mode: important_interruptions,setting
04-13 12:22:08.446   709   709 D ZenLog  : update_zen_mode: no_interruptions -> important_interruptions
04-13 12:22:08.458   709   709 D ZenLog  : set_ringer_mode_internal: ZenModeHelper,i:silent->normal,e:silent->silent
04-13 12:22:11.261  1869  1869 W ViewRootImpl: Cancelling event due to no window focus: KeyEvent { action=ACTION_UP, keyCode=KEYCODE_DPAD_LEFT, scanCode=0, metaState=0, flags=0x80000028, repeatCount=0, eventTime=4159974, downTime=4159974, deviceId=-1, source=0x101 }
04-13 12:22:11.262  1869  1869 W ViewRootImpl: Cancelling event due to no window focus: KeyEvent { action=ACTION_UP, keyCode=KEYCODE_DPAD_LEFT, scanCode=0, metaState=0, flags=0x80000028, repeatCount=0, eventTime=4159974, downTime=4159974, deviceId=-1, source=0x101 }
04-13 12:22:11.262  1869  1869 W ViewRootImpl: Cancelling event due to no window focus: KeyEvent { action=ACTION_UP, keyCode=KEYCODE_DPAD_LEFT, scanCode=0, metaState=0, flags=0x80000028, repeatCount=0, eventTime=4159974, downTime=4159974, deviceId=-1, source=0x101 }
04-13 12:22:11.334  1869  1869 W ViewRootImpl: Cancelling event due to no window focus: KeyEvent { action=ACTION_UP, keyCode=KEYCODE_DPAD_LEFT, scanCode=0, metaState=0, flags=0x80000028, repeatCount=0, eventTime=4159974, downTime=4159974, deviceId=-1, source=0x101 }
04-13 12:22:11.334  1869  1869 W ViewRootImpl: Cancelling event due to no window focus: KeyEvent { action=ACTION_UP, keyCode=KEYCODE_DPAD_LEFT, scanCode=0, metaState=0, flags=0x80000028, repeatCount=0, eventTime=4159974, downTime=4159974, deviceId=-1, source=0x101 }
04-13 12:22:11.335  1869  1869 W ViewRootImpl: Cancelling event due to no window focus: KeyEvent { action=ACTION_UP, keyCode=KEYCODE_DPAD_LEFT, scanCode=0, metaState=0, flags=0x80000028, repeatCount=0, eventTime=4159974, downTime=4159974, deviceId=-1, source=0x101 }
04-13 12:22:11.592   709  1243 W InputMethodManagerService: Window already focused, ignoring focus gain of: com.android.internal.view.IInputMethodClient$Stub$Proxy@21a42ceb attribute=null, token = android.os.BinderProxy@3a39355c
04-13 12:22:13.677   709   726 V WindowManager: Adding window Window{25ede0e1 u0 SubPanel:com.zhihu.android/com.zhihu.android.app.ui.activity.MainActivity} at 4 of 11 (after Window{19c5f065 u0 com.zhihu.android/com.zhihu.android.app.ui.activity.MainActivity})
04-13 12:22:15.633   709  1191 W InputMethodManagerService: Window already focused, ignoring focus gain of: com.android.internal.view.IInputMethodClient$Stub$Proxy@2fd37e06 attribute=null, token = android.os.BinderProxy@3a39355c
04-13 12:22:19.087   709   726 V WindowManager: Adding window Window{373662f4 u0 SubPanel:com.zhihu.android/com.zhihu.android.app.ui.activity.MainActivity} at 4 of 11 (after Window{19c5f065 u0 com.zhihu.android/com.zhihu.android.app.ui.activity.MainActivity})
04-13 12:22:20.603   709  1191 W InputMethodManagerService: Window already focused, ignoring focus gain of: com.android.internal.view.IInputMethodClient$Stub$Proxy@1106aa1d attribute=null, token = android.os.BinderProxy@3a39355c
04-13 12:22:39.722   709  1274 V WindowManager: Adding window Window{32474e63 u0 SubPanel:com.zhihu.android/com.zhihu.android.app.ui.activity.MainActivity} at 4 of 10 (after Window{19c5f065 u0 com.zhihu.android/com.zhihu.android.app.ui.activity.MainActivity})
04-13 12:22:39.776  1869  1869 W ViewRootImpl: Dropping event due to no window focus: MotionEvent { action=ACTION_MOVE, id[0]=0, x[0]=3.0, y[0]=1.0, toolType[0]=TOOL_TYPE_UNKNOWN, buttonState=0, metaState=0, flags=0x0, edgeFlags=0x0, pointerCount=1, historySize=5, eventTime=4188959, downTime=-1, deviceId=0, source=0x10004 }
04-13 12:22:40.379   709   726 W InputMethodManagerService: Window already focused, ignoring focus gain of: com.android.internal.view.IInputMethodClient$Stub$Proxy@25d0ba60 attribute=null, token = android.os.BinderProxy@3a39355c
04-13 12:22:43.556   709  1191 W InputMethodManagerService: Window already focused, ignoring focus gain of: com.android.internal.view.IInputMethodClient$Stub$Proxy@38e8cb19 attribute=null, token = android.os.BinderProxy@3a39355c
04-13 12:22:48.320   709   726 V WindowManager: Adding window Window{2d566dbf u0 SubPanel:com.zhihu.android/com.zhihu.android.app.ui.activity.MainActivity} at 4 of 10 (after Window{19c5f065 u0 com.zhihu.android/com.zhihu.android.app.ui.activity.MainActivity})
04-13 12:22:48.331  1869  1869 W ViewRootImpl: Dropping event due to no window focus: KeyEvent { action=ACTION_DOWN, keyCode=KEYCODE_DPAD_RIGHT, scanCode=0, metaState=0, flags=0x8, repeatCount=0, eventTime=4197240, downTime=4197240, deviceId=-1, source=0x101 }
04-13 12:22:48.339  1869  1869 W ViewRootImpl: Cancelling event due to no window focus: KeyEvent { action=ACTION_UP, keyCode=KEYCODE_DPAD_RIGHT, scanCode=0, metaState=0, flags=0x28, repeatCount=0, eventTime=4197526, downTime=4197526, deviceId=-1, source=0x101 }
04-13 12:22:48.339  1869  1869 W ViewRootImpl: Cancelling event due to no window focus: KeyEvent { action=ACTION_UP, keyCode=KEYCODE_DPAD_RIGHT, scanCode=0, metaState=0, flags=0x28, repeatCount=0, eventTime=4197526, downTime=4197526, deviceId=-1, source=0x101 }
04-13 12:22:48.340  1869  1869 W ViewRootImpl: Cancelling event due to no window focus: KeyEvent { action=ACTION_UP, keyCode=KEYCODE_DPAD_RIGHT, scanCode=0, metaState=0, flags=0x28, repeatCount=0, eventTime=4197526, downTime=4197526, deviceId=-1, source=0x101 }
04-13 12:22:48.340  1869  1869 W ViewRootImpl: Cancelling event due to no window focus: KeyEvent { action=ACTION_UP, keyCode=KEYCODE_DPAD_RIGHT, scanCode=0, metaState=0, flags=0x28, repeatCount=0, eventTime=4197526, downTime=4197526, deviceId=-1, source=0x101 }
04-13 12:22:48.341  1869  1869 W ViewRootImpl: Cancelling event due to no window focus: KeyEvent { action=ACTION_UP, keyCode=KEYCODE_DPAD_RIGHT, scanCode=0, metaState=0, flags=0x28, repeatCount=0, eventTime=4197526, downTime=4197526, deviceId=-1, source=0x101 }
04-13 12:22:48.343  1869  1869 W ViewRootImpl: Cancelling event due to no window focus: KeyEvent { action=ACTION_UP, keyCode=KEYCODE_DPAD_RIGHT, scanCode=0, metaState=0, flags=0x28, repeatCount=0, eventTime=4197526, downTime=4197526, deviceId=-1, source=0x101 }
04-13 12:22:48.351  1869  1869 W ViewRootImpl: Cancelling event due to no window focus: KeyEvent { action=ACTION_UP, keyCode=KEYCODE_DPAD_RIGHT, scanCode=0, metaState=0, flags=0x80000028, repeatCount=0, eventTime=4197526, downTime=4197526, deviceId=-1, source=0x101 }
04-13 12:22:48.352  1869  1869 W ViewRootImpl: Cancelling event due to no window focus: KeyEvent { action=ACTION_UP, keyCode=KEYCODE_DPAD_RIGHT, scanCode=0, metaState=0, flags=0x80000028, repeatCount=0, eventTime=4197526, downTime=4197526, deviceId=-1, source=0x101 }
04-13 12:22:48.352  1869  1869 W ViewRootImpl: Cancelling event due to no window focus: KeyEvent { action=ACTION_UP, keyCode=KEYCODE_DPAD_RIGHT, scanCode=0, metaState=0, flags=0x80000028, repeatCount=0, eventTime=4197526, downTime=4197526, deviceId=-1, source=0x101 }
04-13 12:22:49.347   709   794 I ActivityManager: START u0 {act=android.intent.action.MAIN cat=[android.intent.category.LAUNCHER] flg=0x10000000 cmp=com.android.music/.MusicBrowserActivity sel=act=android.intent.action.MAIN cat=[android.intent.category.APP_MUSIC]}} from uid 1000 on display 0
04-13 12:22:50.682   709   726 W InputMethodManagerService: Window already focused, ignoring focus gain of: com.android.internal.view.IInputMethodClient$Stub$Proxy@3f71c8c attribute=null, token = android.os.BinderProxy@3a39355c
04-13 12:22:51.607   709 16191 I ActivityManager: START u0 {act=android.intent.action.SEND typ=text/plain flg=0x80001 cmp=com.android.bluetooth/.opp.BluetoothOppLauncherActivity (has clip) (has extras)} from uid 10054 on display 0
04-13 12:22:59.533   709  1274 V WindowManager: Adding window Window{43f7578 u0 SubPanel:com.zhihu.android/com.zhihu.android.app.ui.activity.MainActivity} at 4 of 11 (after Window{19c5f065 u0 com.zhihu.android/com.zhihu.android.app.ui.activity.MainActivity})
04-13 12:23:03.324   709   726 W InputMethodManagerService: Window already focused, ignoring focus gain of: com.android.internal.view.IInputMethodClient$Stub$Proxy@379fc451 attribute=android.view.inputmethod.EditorInfo@47d74b6, token = android.os.BinderProxy@3a39355c
04-13 12:23:03.594   709   774 W ProcessCpuTracker: Skipping unknown process pid 24182
04-13 12:23:10.621   709  9904 W BackupManagerService: dataChanged but no participant pkg='com.android.providers.settings' uid=10013
04-13 12:23:10.625   709   709 D ZenLog  : set_zen_mode: no_interruptions,setting
04-13 12:23:10.626   709   709 D ZenLog  : update_zen_mode: important_interruptions -> no_interruptions
04-13 12:23:10.630   709   709 D ZenLog  : set_ringer_mode_internal: ZenModeHelper,i:normal->silent,e:silent->silent
04-13 12:23:16.130   709 10377 I ActivityManager: START u0 {act=android.intent.action.MAIN cat=[android.intent.category.LAUNCHER] flg=0x10200000 cmp=com.zhihu.android/.app.ui.activity.MainActivity} from uid 0 on display 0
04-13 12:23:33.307   709   815 D ConnectivityService: updateNetworkScore for NetworkAgentInfo [WIFI () - 100] to 56
04-13 12:23:33.307   709   815 D ConnectivityService: rematching NetworkAgentInfo [WIFI () - 100]
04-13 12:23:33.308   709   815 D ConnectivityService: Network NetworkAgentInfo [WIFI () - 100] was already satisfying request 1. No change.
04-13 12:23:33.308   709   815 D ConnectivityService: notifyType AVAILABLE for NetworkAgentInfo [WIFI () - 100]
04-13 12:23:34.609   709   709 W ViewRootImpl: Dropping event due to root view being removed: MotionEvent { action=ACTION_MOVE, id[0]=0, x[0]=152.34026, y[0]=-364.63373, toolType[0]=TOOL_TYPE_UNKNOWN, buttonState=0, metaState=0, flags=0x0, edgeFlags=0x0, pointerCount=1, historySize=1, eventTime=4243753, downTime=4243740, deviceId=0, source=0x1002 }
04-13 12:23:34.627   709   709 W ViewRootImpl: Dropping event due to root view being removed: MotionEvent { action=ACTION_UP, id[0]=0, x[0]=145.11433, y[0]=-361.586, toolType[0]=TOOL_TYPE_UNKNOWN, buttonState=0, metaState=0, flags=0x0, edgeFlags=0x0, pointerCount=1, historySize=0, eventTime=4243754, downTime=4243740, deviceId=0, source=0x1002 }
04-13 12:23:35.452   709 29519 W InputMethodManagerService: Window already focused, ignoring focus gain of: com.android.internal.view.IInputMethodClient$Stub$Proxy@2891bf31 attribute=null, token = android.os.BinderProxy@3a39355c
04-13 12:23:35.878   709 16191 V WindowManager: Adding window Window{3a8fb97 u0 SubPanel:com.zhihu.android/com.zhihu.android.app.ui.activity.MainActivity} at 4 of 10 (after Window{19c5f065 u0 com.zhihu.android/com.zhihu.android.app.ui.activity.MainActivity})
04-13 12:23:36.556   709   815 D ConnectivityService: updateNetworkScore for NetworkAgentInfo [WIFI () - 100] to 55
04-13 12:23:36.556   709   815 D ConnectivityService: rematching NetworkAgentInfo [WIFI () - 100]
04-13 12:23:36.556   709   815 D ConnectivityService: Network NetworkAgentInfo [WIFI () - 100] was already satisfying request 1. No change.
04-13 12:23:36.557   709   815 D ConnectivityService: notifyType AVAILABLE for NetworkAgentInfo [WIFI () - 100]
04-13 12:23:44.798   709   803 W InputMethodManagerService: Window already focused, ignoring focus gain of: com.android.internal.view.IInputMethodClient$Stub$Proxy@2efbeda2 attribute=null, token = android.os.BinderProxy@3a39355c
04-13 12:23:45.560   709 29519 V WindowManager: Adding window Window{aa801f0 u0 SubPanel:com.zhihu.android/com.zhihu.android.app.ui.activity.MainActivity} at 4 of 11 (after Window{19c5f065 u0 com.zhihu.android/com.zhihu.android.app.ui.activity.MainActivity})
04-13 12:23:47.942   709 16191 W InputMethodManagerService: Window already focused, ignoring focus gain of: com.android.internal.view.IInputMethodClient$Stub$Proxy@29c02369 attribute=null, token = android.os.BinderProxy@3a39355c
04-13 12:23:49.968   709  1229 W BackupManagerService: dataChanged but no participant pkg='com.android.providers.settings' uid=10013
04-13 12:23:49.972   709   709 D ZenLog  : set_zen_mode: important_interruptions,setting
04-13 12:23:49.972   709   709 D ZenLog  : update_zen_mode: no_interruptions -> important_interruptions
04-13 12:23:49.985   709   709 D ZenLog  : set_ringer_mode_internal: ZenModeHelper,i:silent->normal,e:silent->silent
04-13 12:23:52.482   709  1229 V WindowManager: Adding window Window{369c68f u0 SubPanel:com.zhihu.android/com.zhihu.android.app.ui.activity.MainActivity} at 4 of 10 (after Window{19c5f065 u0 com.zhihu.android/com.zhihu.android.app.ui.activity.MainActivity})
04-13 12:23:56.888   709 16191 W InputMethodManagerService: Window already focused, ignoring focus gain of: com.android.internal.view.IInputMethodClient$Stub$Proxy@10234d1c attribute=null, token = android.os.BinderProxy@3a39355c
04-13 12:24:02.549   709  1229 V WindowManager: Adding window Window{32718efa u0 SubPanel:com.zhihu.android/com.zhihu.android.app.ui.activity.MainActivity} at 4 of 10 (after Window{19c5f065 u0 com.zhihu.android/com.zhihu.android.app.ui.activity.MainActivity})
04-13 12:24:08.428   709 16191 W InputMethodManagerService: Window already focused, ignoring focus gain of: com.android.internal.view.IInputMethodClient$Stub$Proxy@23463cab attribute=null, token = android.os.BinderProxy@3a39355c
04-13 12:24:13.124   709 16191 I ActivityManager: START u0 {act=android.intent.action.SEND typ=text/plain flg=0x80001 cmp=com.android.bluetooth/.opp.BluetoothOppLauncherActivity (has clip) (has extras)} from uid 10054 on display 0
04-13 12:24:18.025   709  1229 V WindowManager: Adding window Window{170223b4 u0 SubPanel:com.zhihu.android/com.zhihu.android.app.ui.activity.MainActivity} at 4 of 10 (after Window{19c5f065 u0 com.zhihu.android/com.zhihu.android.app.ui.activity.MainActivity})
04-13 12:24:20.569   709  1003 W InputMethodManagerService: Window already focused, ignoring focus gain of: com.android.internal.view.IInputMethodClient$Stub$Proxy@4023bdd attribute=null, token = android.os.BinderProxy@3a39355c
04-13 12:24:21.207   709 29519 V WindowManager: Adding window Window{2ca39623 u0 SubPanel:com.zhihu.android/com.zhihu.android.app.ui.activity.MainActivity} at 4 of 10 (after Window{19c5f065 u0 com.zhihu.android/com.zhihu.android.app.ui.activity.MainActivity})
04-13 12:24:24.181   709  1229 W InputMethodManagerService: Window already focused, ignoring focus gain of: com.android.internal.view.IInputMethodClient$Stub$Proxy@1b77c720 attribute=null, token = android.os.BinderProxy@3a39355c
04-13 12:24:46.004   709   774 W ProcessCpuTracker: Skipping unknown process pid 17395
04-13 12:24:46.005   709   774 W ProcessCpuTracker: Skipping unknown process pid 17396
04-13 12:24:46.006   709   774 W ProcessCpuTracker: Skipping unknown process pid 17397
04-13 12:24:46.082   709   774 W ProcessCpuTracker: Skipping unknown process pid 17398
04-13 12:25:05.257   709   803 V WindowManager: Adding window Window{3733a69b u0 SubPanel:com.zhihu.android/com.zhihu.android.app.ui.activity.MainActivity} at 4 of 10 (after Window{19c5f065 u0 com.zhihu.android/com.zhihu.android.app.ui.activity.MainActivity})
04-13 12:25:09.597   709 16191 W InputMethodManagerService: Window already focused, ignoring focus gain of: com.android.internal.view.IInputMethodClient$Stub$Proxy@34a35a38 attribute=null, token = android.os.BinderProxy@3a39355c
04-13 12:25:09.791   709 29519 W ProcessCpuTracker: Skipping unknown process pid 22553
04-13 12:25:19.661   709   794 I WindowManager: Input event dispatching timed out sending to com.zhihu.android/com.zhihu.android.app.ui.activity.MainActivity.  Reason: Waiting to send non-key event because the touched window has not finished processing certain input events that were delivered to it over 500.0ms ago.  Wait queue length: 5.  Wait queue head age: 6016.7ms.
04-13 12:25:19.784   709  1229 W InputManager: Input event injection from pid 2745 timed out.
04-13 12:25:20.081   709   774 I ActivityManager: Skipping duplicate ANR: ProcessRecord{29f9a7e2 1869:com.zhihu.android/u0a54} Input dispatching timed out (Waiting to send non-key event because the touched window has not finished processing certain input events that were delivered to it over 500.0ms ago.  Wait queue length: 5.  Wait queue head age: 6016.7ms.)
04-13 12:25:20.088   709 16191 W InputManager: Input event injection from pid 2745 failed.
04-13 12:25:26.540   709   774 I ActivityManager: Waited long enough for: ServiceRecord{2e5aaa11 u0 com.android.music/.MediaPlaybackService}
04-13 12:25:28.398   709   815 D ConnectivityService: updateNetworkScore for NetworkAgentInfo [WIFI () - 100] to 56
04-13 12:25:28.398   709   815 D ConnectivityService: rematching NetworkAgentInfo [WIFI () - 100]
04-13 12:25:28.398   709   815 D ConnectivityService: Network NetworkAgentInfo [WIFI () - 100] was already satisfying request 1. No change.
04-13 12:25:28.398   709   815 D ConnectivityService: notifyType AVAILABLE for NetworkAgentInfo [WIFI () - 100]
04-13 12:25:31.704   709   815 D ConnectivityService: updateNetworkScore for NetworkAgentInfo [WIFI () - 100] to 55
04-13 12:25:31.704   709   815 D ConnectivityService: rematching NetworkAgentInfo [WIFI () - 100]
04-13 12:25:31.704   709   815 D ConnectivityService: Network NetworkAgentInfo [WIFI () - 100] was already satisfying request 1. No change.
04-13 12:25:31.704   709   815 D ConnectivityService: notifyType AVAILABLE for NetworkAgentInfo [WIFI () - 100]
04-13 12:25:32.524   709 10377 V WindowManager: Adding window Window{13293981 u0 SubPanel:com.zhihu.android/com.zhihu.android.app.ui.activity.MainActivity} at 4 of 10 (after Window{19c5f065 u0 com.zhihu.android/com.zhihu.android.app.ui.activity.MainActivity})
04-13 12:25:33.499   709   803 I ActivityManager: START u0 {act=android.intent.action.MAIN cat=[android.intent.category.LAUNCHER] flg=0x10200000 cmp=com.zhihu.android/.app.ui.activity.MainActivity} from uid 0 on display 0
04-13 12:25:35.037   709   815 D ConnectivityService: updateNetworkScore for NetworkAgentInfo [WIFI () - 100] to 56
04-13 12:25:35.037   709   815 D ConnectivityService: rematching NetworkAgentInfo [WIFI () - 100]
04-13 12:25:35.038   709   815 D ConnectivityService: Network NetworkAgentInfo [WIFI () - 100] was already satisfying request 1. No change.
04-13 12:25:35.038   709   815 D ConnectivityService: notifyType AVAILABLE for NetworkAgentInfo [WIFI () - 100]
04-13 12:25:37.638   709   803 I ActivityManager: START u0 {act=android.intent.action.MAIN cat=[android.intent.category.LAUNCHER] flg=0x10200000 cmp=com.zhihu.android/.app.ui.activity.MainActivity} from uid 0 on display 0
04-13 12:25:38.424   709   815 D ConnectivityService: updateNetworkScore for NetworkAgentInfo [WIFI () - 100] to 55
04-13 12:25:38.424   709   815 D ConnectivityService: rematching NetworkAgentInfo [WIFI () - 100]
04-13 12:25:38.424   709   815 D ConnectivityService: Network NetworkAgentInfo [WIFI () - 100] was already satisfying request 1. No change.
04-13 12:25:38.425   709   815 D ConnectivityService: notifyType AVAILABLE for NetworkAgentInfo [WIFI () - 100]
04-13 12:25:39.127   709  1220 W InputMethodManagerService: Window already focused, ignoring focus gain of: com.android.internal.view.IInputMethodClient$Stub$Proxy@16aeecbd attribute=null, token = android.os.BinderProxy@3a39355c
04-13 12:25:43.804   709 29519 W ProcessCpuTracker: Skipping unknown process pid 31422
04-13 12:25:53.419   709   794 I ActivityManager: START u0 {act=android.intent.action.MAIN cat=[android.intent.category.LAUNCHER] flg=0x10000000 cmp=com.android.music/.MusicBrowserActivity sel=act=android.intent.action.MAIN cat=[android.intent.category.APP_MUSIC]}} from uid 1000 on display 0
04-13 12:26:24.347   709  5468 I ActivityManager: START u0 {act=android.intent.action.MAIN cat=[android.intent.category.LAUNCHER] flg=0x10200000 cmp=com.zhihu.android/.app.ui.activity.MainActivity} from uid 0 on display 0
04-13 12:26:27.364   709 10377 V WindowManager: not Base app: Adding window Window{2ca91eb0 u0 com.zhihu.android/com.zhihu.android.app.ui.activity.MainActivity} at 4 of 10
04-13 12:26:28.354   709  1229 V WindowManager: not Base app: Adding window Window{bf975dc u0 com.zhihu.android/com.zhihu.android.app.ui.activity.MainActivity} at 5 of 11
04-13 12:26:48.377   709 10377 I ActivityManager: START u0 {act=android.intent.action.MAIN cat=[android.intent.category.LAUNCHER] flg=0x10008000 cmp=com.android.settings/.UsbSettings} from uid 1000 on display 0
04-13 12:26:51.618  1869  1869 W ViewRootImpl: Dropping event due to no window focus: KeyEvent { action=ACTION_DOWN, keyCode=KEYCODE_DPAD_LEFT, scanCode=0, metaState=0, flags=0x8, repeatCount=0, eventTime=4438373, downTime=4438373, deviceId=-1, source=0x101 }
04-13 12:26:51.646  1869  1869 W ViewRootImpl: Cancelling event due to no window focus: KeyEvent { action=ACTION_UP, keyCode=KEYCODE_DPAD_LEFT, scanCode=0, metaState=0, flags=0x28, repeatCount=0, eventTime=4438375, downTime=4438375, deviceId=-1, source=0x101 }
04-13 12:26:51.646  1869  1869 W ViewRootImpl: Cancelling event due to no window focus: KeyEvent { action=ACTION_UP, keyCode=KEYCODE_DPAD_LEFT, scanCode=0, metaState=0, flags=0x28, repeatCount=0, eventTime=4438375, downTime=4438375, deviceId=-1, source=0x101 }
04-13 12:26:51.647  1869  1869 W ViewRootImpl: Cancelling event due to no window focus: KeyEvent { action=ACTION_UP, keyCode=KEYCODE_DPAD_LEFT, scanCode=0, metaState=0, flags=0x28, repeatCount=0, eventTime=4438375, downTime=4438375, deviceId=-1, source=0x101 }
04-13 12:26:51.647  1869  1869 W ViewRootImpl: Cancelling event due to no window focus: KeyEvent { action=ACTION_UP, keyCode=KEYCODE_DPAD_LEFT, scanCode=0, metaState=0, flags=0x28, repeatCount=0, eventTime=4438375, downTime=4438375, deviceId=-1, source=0x101 }
04-13 12:26:51.648  1869  1869 W ViewRootImpl: Cancelling event due to no window focus: KeyEvent { action=ACTION_UP, keyCode=KEYCODE_DPAD_LEFT, scanCode=0, metaState=0, flags=0x28, repeatCount=0, eventTime=4438375, downTime=4438375, deviceId=-1, source=0x101 }
04-13 12:26:51.649  1869  1869 W ViewRootImpl: Cancelling event due to no window focus: KeyEvent { action=ACTION_UP, keyCode=KEYCODE_DPAD_LEFT, scanCode=0, metaState=0, flags=0x28, repeatCount=0, eventTime=4438375, downTime=4438375, deviceId=-1, source=0x101 }
04-13 12:26:51.655  1869  1869 W ViewRootImpl: Cancelling event due to no window focus: KeyEvent { action=ACTION_UP, keyCode=KEYCODE_DPAD_LEFT, scanCode=0, metaState=0, flags=0x80000028, repeatCount=0, eventTime=4438375, downTime=4438375, deviceId=-1, source=0x101 }
04-13 12:26:51.657  1869  1869 W ViewRootImpl: Cancelling event due to no window focus: KeyEvent { action=ACTION_UP, keyCode=KEYCODE_DPAD_LEFT, scanCode=0, metaState=0, flags=0x80000028, repeatCount=0, eventTime=4438375, downTime=4438375, deviceId=-1, source=0x101 }
04-13 12:26:51.682  1869  1869 W ViewRootImpl: Cancelling event due to no window focus: KeyEvent { action=ACTION_UP, keyCode=KEYCODE_DPAD_LEFT, scanCode=0, metaState=0, flags=0x80000028, repeatCount=0, eventTime=4438375, downTime=4438375, deviceId=-1, source=0x101 }
04-13 12:26:53.307   709 10377 V WindowManager: not Base app: Adding window Window{1b4bc5ba u0 } at 6 of 12
04-13 12:27:01.336  1869  1869 W ViewRootImpl: Dropping event due to root view being removed: MotionEvent { action=ACTION_MOVE, id[0]=0, x[0]=238.6748, y[0]=-281.30487, toolType[0]=TOOL_TYPE_UNKNOWN, buttonState=0, metaState=0, flags=0x0, edgeFlags=0x0, pointerCount=1, historySize=5, eventTime=4450434, downTime=4450422, deviceId=0, source=0x1002 }
04-13 12:27:01.337  1869  1869 W ViewRootImpl: Dropping event due to root view being removed: MotionEvent { action=ACTION_UP, id[0]=0, x[0]=240.48782, y[0]=-281.42517, toolType[0]=TOOL_TYPE_UNKNOWN, buttonState=0, metaState=0, flags=0x0, edgeFlags=0x0, pointerCount=1, historySize=0, eventTime=4450435, downTime=4450422, deviceId=0, source=0x1002 }
04-13 12:27:02.702   709 16191 V WindowManager: not Base app: Adding window Window{364f0447 u0 com.zhihu.android/com.zhihu.android.app.ui.activity.MainActivity} at 6 of 12
04-13 12:27:04.260   709 29519 I ActivityManager: START u0 {act=android.intent.action.MAIN cat=[android.intent.category.LAUNCHER] flg=0x10200000 cmp=com.zhihu.android/.app.ui.activity.MainActivity} from uid 0 on display 0
04-13 12:27:09.069   709   815 D ConnectivityService: updateNetworkScore for NetworkAgentInfo [WIFI () - 100] to 56
04-13 12:27:09.069   709   815 D ConnectivityService: rematching NetworkAgentInfo [WIFI () - 100]
04-13 12:27:09.069   709   815 D ConnectivityService: Network NetworkAgentInfo [WIFI () - 100] was already satisfying request 1. No change.
04-13 12:27:09.070   709   815 D ConnectivityService: notifyType AVAILABLE for NetworkAgentInfo [WIFI () - 100]
04-13 12:27:12.426   709   815 D ConnectivityService: updateNetworkScore for NetworkAgentInfo [WIFI () - 100] to 55
04-13 12:27:12.427   709   815 D ConnectivityService: rematching NetworkAgentInfo [WIFI () - 100]
04-13 12:27:12.427   709   815 D ConnectivityService: Network NetworkAgentInfo [WIFI () - 100] was already satisfying request 1. No change.
04-13 12:27:12.427   709   815 D ConnectivityService: notifyType AVAILABLE for NetworkAgentInfo [WIFI () - 100]
04-13 12:27:13.602   709 29519 W InputMethodManagerService: Window already focused, ignoring focus gain of: com.android.internal.view.IInputMethodClient$Stub$Proxy@155993e0 attribute=null, token = android.os.BinderProxy@29101a4f
04-13 12:27:17.076   709 10377 V WindowManager: not Base app: Adding window Window{2c01116a u0 com.zhihu.android/com.zhihu.android.app.ui.activity.MainActivity} at 6 of 13
04-13 12:27:18.353  1869  1869 W ViewRootImpl: Dropping event due to no window focus: KeyEvent { action=ACTION_DOWN, keyCode=KEYCODE_DPAD_RIGHT, scanCode=0, metaState=0, flags=0x8, repeatCount=0, eventTime=4466453, downTime=4466453, deviceId=-1, source=0x101 }
04-13 12:27:18.471  1869  1869 W ViewRootImpl: Cancelling event due to no window focus: KeyEvent { action=ACTION_UP, keyCode=KEYCODE_DPAD_RIGHT, scanCode=0, metaState=0, flags=0x28, repeatCount=0, eventTime=4466454, downTime=4466454, deviceId=-1, source=0x101 }
04-13 12:27:18.471  1869  1869 W ViewRootImpl: Cancelling event due to no window focus: KeyEvent { action=ACTION_UP, keyCode=KEYCODE_DPAD_RIGHT, scanCode=0, metaState=0, flags=0x28, repeatCount=0, eventTime=4466454, downTime=4466454, deviceId=-1, source=0x101 }
04-13 12:27:18.472  1869  1869 W ViewRootImpl: Cancelling event due to no window focus: KeyEvent { action=ACTION_UP, keyCode=KEYCODE_DPAD_RIGHT, scanCode=0, metaState=0, flags=0x28, repeatCount=0, eventTime=4466454, downTime=4466454, deviceId=-1, source=0x101 }
04-13 12:27:18.472  1869  1869 W ViewRootImpl: Cancelling event due to no window focus: KeyEvent { action=ACTION_UP, keyCode=KEYCODE_DPAD_RIGHT, scanCode=0, metaState=0, flags=0x28, repeatCount=0, eventTime=4466454, downTime=4466454, deviceId=-1, source=0x101 }
04-13 12:27:18.473  1869  1869 W ViewRootImpl: Cancelling event due to no window focus: KeyEvent { action=ACTION_UP, keyCode=KEYCODE_DPAD_RIGHT, scanCode=0, metaState=0, flags=0x28, repeatCount=0, eventTime=4466454, downTime=4466454, deviceId=-1, source=0x101 }
04-13 12:27:18.474  1869  1869 W ViewRootImpl: Cancelling event due to no window focus: KeyEvent { action=ACTION_UP, keyCode=KEYCODE_DPAD_RIGHT, scanCode=0, metaState=0, flags=0x28, repeatCount=0, eventTime=4466454, downTime=4466454, deviceId=-1, source=0x101 }
04-13 12:27:18.475  1869  1869 W ViewRootImpl: Cancelling event due to no window focus: KeyEvent { action=ACTION_UP, keyCode=KEYCODE_DPAD_RIGHT, scanCode=0, metaState=0, flags=0x80000028, repeatCount=0, eventTime=4466454, downTime=4466454, deviceId=-1, source=0x101 }
04-13 12:27:18.484  1869  1869 W ViewRootImpl: Cancelling event due to no window focus: KeyEvent { action=ACTION_UP, keyCode=KEYCODE_DPAD_RIGHT, scanCode=0, metaState=0, flags=0x80000028, repeatCount=0, eventTime=4466454, downTime=4466454, deviceId=-1, source=0x101 }
04-13 12:27:18.485  1869  1869 W ViewRootImpl: Cancelling event due to no window focus: KeyEvent { action=ACTION_UP, keyCode=KEYCODE_DPAD_RIGHT, scanCode=0, metaState=0, flags=0x80000028, repeatCount=0, eventTime=4466454, downTime=4466454, deviceId=-1, source=0x101 }
04-13 12:27:20.084  1869  1869 W ViewRootImpl: Dropping event due to root view being removed: MotionEvent { action=ACTION_UP, id[0]=0, x[0]=177.57649, y[0]=1424.6359, toolType[0]=TOOL_TYPE_UNKNOWN, buttonState=0, metaState=0, flags=0x0, edgeFlags=0x0, pointerCount=1, historySize=0, eventTime=4468571, downTime=4468558, deviceId=0, source=0x1002 }
04-13 12:27:20.206   709  1243 W InputMethodManagerService: Window already focused, ignoring focus gain of: com.android.internal.view.IInputMethodClient$Stub$Proxy@31bee65b attribute=android.view.inputmethod.EditorInfo@1dd9fef8, token = android.os.BinderProxy@29101a4f
04-13 12:27:20.886   709   803 V WindowManager: Adding window Window{12c12a4 u0 SubPanel:com.zhihu.android/com.zhihu.android.app.ui.activity.MainActivity} at 4 of 12 (after Window{19c5f065 u0 com.zhihu.android/com.zhihu.android.app.ui.activity.MainActivity})
04-13 12:27:22.819   709  1243 I ActivityManager: START u0 {act=android.intent.action.MAIN cat=[android.intent.category.LAUNCHER] flg=0x10200000 cmp=com.zhihu.android/.app.ui.activity.MainActivity} from uid 0 on display 0
04-13 12:27:27.320   709   774 W ProcessCpuTracker: Skipping unknown process pid 24535
04-13 12:27:51.800   709   815 D ConnectivityService: updateNetworkScore for NetworkAgentInfo [WIFI () - 100] to 56
04-13 12:27:51.800   709   815 D ConnectivityService: rematching NetworkAgentInfo [WIFI () - 100]
04-13 12:27:51.800   709   815 D ConnectivityService: Network NetworkAgentInfo [WIFI () - 100] was already satisfying request 1. No change.
04-13 12:27:51.801   709   815 D ConnectivityService: notifyType AVAILABLE for NetworkAgentInfo [WIFI () - 100]
04-13 12:27:54.875   709   815 D ConnectivityService: updateNetworkScore for NetworkAgentInfo [WIFI () - 100] to 55
04-13 12:27:54.876   709   815 D ConnectivityService: rematching NetworkAgentInfo [WIFI () - 100]
04-13 12:27:54.876   709   815 D ConnectivityService: Network NetworkAgentInfo [WIFI () - 100] was already satisfying request 1. No change.
04-13 12:27:54.876   709   815 D ConnectivityService: notifyType AVAILABLE for NetworkAgentInfo [WIFI () - 100]
04-13 12:28:22.737   709   774 W ProcessCpuTracker: Skipping unknown process pid 5809
04-13 12:28:36.522   709   725 W ActivityManager: Force-killing crashed app com.zhihu.android at watcher's request
04-13 12:28:36.522   709   725 I ActivityManager: Killing 1869:com.zhihu.android/u0a54 (adj 0): crash
04-13 12:28:36.635   709 23473 I WindowState: WIN DEATH: Window{19c5f065 u0 com.zhihu.android/com.zhihu.android.app.ui.activity.MainActivity}
04-13 12:28:36.645   709 10377 W InputManager: Input event injection from pid 2745 failed.
04-13 12:28:36.649   709   803 W InputManager: Input event injection from pid 2745 failed.
04-13 12:28:36.756   709  1003 W ActivityManager: Scheduling restart of crashed service com.zhihu.android/.app.live.player.ZhihuPlayerService in 1000ms
04-13 12:28:36.757   709  1003 W ActivityManager: Scheduling restart of crashed service com.zhihu.android/.data.analytics.ZAPeriodicExecuteService in 10999ms
04-13 12:28:36.757   709  1003 W ActivityManager: Scheduling restart of crashed service com.zhihu.android/com.avos.avoscloud.PushService in 10999ms
04-13 12:28:36.771   709  1003 W ActivityManager: Force removing ActivityRecord{3631b783 u0 com.zhihu.android/.app.ui.activity.MainActivity t4}: app died, no saved state
04-13 12:28:36.879   709  1229 W InputMethodManagerService: Got RemoteException sending setActive(false) notification to pid 1869 uid 10054
04-13 12:28:38.239   709   774 I ActivityManager: Start proc 9541:com.zhihu.android/u0a54 for service com.zhihu.android/.app.live.player.ZhihuPlayerService
04-13 12:28:47.357   709   726 W ProcessCpuTracker: Skipping unknown process pid 11890
04-13 12:28:50.042   709  5468 I ActivityManager: START u0 {act=android.search.action.GLOBAL_SEARCH flg=0x10000000 cmp=com.android.quicksearchbox/.SearchActivity (has extras)} from uid 10035 on display 0
04-13 12:28:54.112   709  1220 I ActivityManager: START u0 {act=android.intent.action.MAIN cat=[android.intent.category.LAUNCHER] flg=0x10200000 cmp=com.zhihu.android/.app.ui.activity.MainActivity} from uid 0 on display 0
04-13 12:28:54.138   709  1220 V WindowManager: addAppToken: AppWindowToken{7102e0f token=Token{1af8976e ActivityRecord{60b5ee9 u0 com.zhihu.android/.app.ui.activity.MainActivity t8}}} to stack=1 task=8 at 0
04-13 12:28:54.176   709   779 V WindowManager: Adding window Window{3f082646 u0 Starting com.zhihu.android} at 3 of 9 (after Window{1fb7a121 u0 com.android.launcher3/com.android.launcher3.Launcher})
04-13 12:28:57.666   709   828 D TaskPersister: removeObsoleteFile: deleting file=4_task.xml
04-13 12:28:57.666   709   828 D TaskPersister: removeObsoleteFile: deleting file=4_activity_icon_1492053510004.png
04-13 12:28:57.667   709   828 D TaskPersister: removeObsoleteFile: deleting file=4_task_thumbnail.png
04-13 12:29:00.225   709   794 I WindowManager: Input event dispatching timed out sending to application AppWindowToken{7102e0f token=Token{1af8976e ActivityRecord{60b5ee9 u0 com.zhihu.android/.app.ui.activity.MainActivity t8}}}.  Reason: Waiting because no window has focus but there is a focused application that may eventually add a window when it finishes starting up.
04-13 12:29:00.406   709   804 W InputManager: Input event injection from pid 2745 timed out.
04-13 12:29:05.420   709   794 I WindowManager: Input event dispatching timed out sending to application AppWindowToken{7102e0f token=Token{1af8976e ActivityRecord{60b5ee9 u0 com.zhihu.android/.app.ui.activity.MainActivity t8}}}.  Reason: Waiting because no window has focus but there is a focused application that may eventually add a window when it finishes starting up.
04-13 12:29:05.546   709  1220 W InputManager: Input event injection from pid 2745 timed out.
04-13 12:29:08.341   709  1191 V WindowManager: Adding window Window{1290b585 u0 com.zhihu.android/com.zhihu.android.app.ui.activity.MainActivity} at 3 of 10 (before Window{3f082646 u0 Starting com.zhihu.android})
04-13 12:29:09.092  9541  9541 W ViewRootImpl: Dropping event due to no window focus: KeyEvent { action=ACTION_DOWN, keyCode=KEYCODE_DPAD_UP, scanCode=0, metaState=0, flags=0x8, repeatCount=0, eventTime=4575748, downTime=4575748, deviceId=-1, source=0x101 }
04-13 12:29:09.097  9541  9541 W ViewRootImpl: Cancelling event due to no window focus: KeyEvent { action=ACTION_UP, keyCode=KEYCODE_DPAD_UP, scanCode=0, metaState=0, flags=0x28, repeatCount=0, eventTime=4578158, downTime=4578158, deviceId=-1, source=0x101 }
04-13 12:29:09.114  9541  9541 W ViewRootImpl: Cancelling event due to no window focus: KeyEvent { action=ACTION_UP, keyCode=KEYCODE_DPAD_UP, scanCode=0, metaState=0, flags=0x28, repeatCount=0, eventTime=4578158, downTime=4578158, deviceId=-1, source=0x101 }
04-13 12:29:09.115  9541  9541 W ViewRootImpl: Cancelling event due to no window focus: KeyEvent { action=ACTION_UP, keyCode=KEYCODE_DPAD_UP, scanCode=0, metaState=0, flags=0x28, repeatCount=0, eventTime=4578158, downTime=4578158, deviceId=-1, source=0x101 }
04-13 12:29:09.115  9541  9541 W ViewRootImpl: Cancelling event due to no window focus: KeyEvent { action=ACTION_UP, keyCode=KEYCODE_DPAD_UP, scanCode=0, metaState=0, flags=0x28, repeatCount=0, eventTime=4578158, downTime=4578158, deviceId=-1, source=0x101 }
04-13 12:29:09.116  9541  9541 W ViewRootImpl: Cancelling event due to no window focus: KeyEvent { action=ACTION_UP, keyCode=KEYCODE_DPAD_UP, scanCode=0, metaState=0, flags=0x28, repeatCount=0, eventTime=4578158, downTime=4578158, deviceId=-1, source=0x101 }
04-13 12:29:09.119  9541  9541 W ViewRootImpl: Cancelling event due to no window focus: KeyEvent { action=ACTION_UP, keyCode=KEYCODE_DPAD_UP, scanCode=0, metaState=0, flags=0x28, repeatCount=0, eventTime=4578158, downTime=4578158, deviceId=-1, source=0x101 }
04-13 12:29:09.125  9541  9541 W ViewRootImpl: Cancelling event due to no window focus: KeyEvent { action=ACTION_UP, keyCode=KEYCODE_DPAD_UP, scanCode=0, metaState=0, flags=0x80000028, repeatCount=0, eventTime=4578158, downTime=4578158, deviceId=-1, source=0x101 }
04-13 12:29:09.126  9541  9541 W ViewRootImpl: Cancelling event due to no window focus: KeyEvent { action=ACTION_UP, keyCode=KEYCODE_DPAD_UP, scanCode=0, metaState=0, flags=0x80000028, repeatCount=0, eventTime=4578158, downTime=4578158, deviceId=-1, source=0x101 }
04-13 12:29:09.128  9541  9541 W ViewRootImpl: Cancelling event due to no window focus: KeyEvent { action=ACTION_UP, keyCode=KEYCODE_DPAD_UP, scanCode=0, metaState=0, flags=0x80000028, repeatCount=0, eventTime=4578158, downTime=4578158, deviceId=-1, source=0x101 }
04-13 12:29:10.115  9541  9541 W ViewRootImpl: Dropping event due to no window focus: KeyEvent { action=ACTION_DOWN, keyCode=KEYCODE_F7, scanCode=0, metaState=0, flags=0x8, repeatCount=0, eventTime=4579294, downTime=4579294, deviceId=-1, source=0x101 }
04-13 12:29:10.119  9541  9541 W ViewRootImpl: Cancelling event due to no window focus: KeyEvent { action=ACTION_UP, keyCode=KEYCODE_F7, scanCode=0, metaState=0, flags=0x28, repeatCount=0, eventTime=4579296, downTime=4579296, deviceId=-1, source=0x101 }
04-13 12:29:10.121  9541  9541 W ViewRootImpl: Cancelling event due to no window focus: KeyEvent { action=ACTION_UP, keyCode=KEYCODE_F7, scanCode=0, metaState=0, flags=0x28, repeatCount=0, eventTime=4579296, downTime=4579296, deviceId=-1, source=0x101 }
04-13 12:29:10.124  9541  9541 W ViewRootImpl: Cancelling event due to no window focus: KeyEvent { action=ACTION_UP, keyCode=KEYCODE_F7, scanCode=0, metaState=0, flags=0x28, repeatCount=0, eventTime=4579296, downTime=4579296, deviceId=-1, source=0x101 }
04-13 12:29:10.124  9541  9541 W ViewRootImpl: Cancelling event due to no window focus: KeyEvent { action=ACTION_UP, keyCode=KEYCODE_F7, scanCode=0, metaState=0, flags=0x28, repeatCount=0, eventTime=4579296, downTime=4579296, deviceId=-1, source=0x101 }
04-13 12:29:10.125  9541  9541 W ViewRootImpl: Cancelling event due to no window focus: KeyEvent { action=ACTION_UP, keyCode=KEYCODE_F7, scanCode=0, metaState=0, flags=0x28, repeatCount=0, eventTime=4579296, downTime=4579296, deviceId=-1, source=0x101 }
04-13 12:29:10.125  9541  9541 W ViewRootImpl: Cancelling event due to no window focus: KeyEvent { action=ACTION_UP, keyCode=KEYCODE_F7, scanCode=0, metaState=0, flags=0x28, repeatCount=0, eventTime=4579296, downTime=4579296, deviceId=-1, source=0x101 }
04-13 12:29:10.154  9541  9541 W ViewRootImpl: Cancelling event due to no window focus: KeyEvent { action=ACTION_UP, keyCode=KEYCODE_F7, scanCode=0, metaState=0, flags=0x80000028, repeatCount=0, eventTime=4579296, downTime=4579296, deviceId=-1, source=0x101 }
04-13 12:29:10.154  9541  9541 W ViewRootImpl: Cancelling event due to no window focus: KeyEvent { action=ACTION_UP, keyCode=KEYCODE_F7, scanCode=0, metaState=0, flags=0x80000028, repeatCount=0, eventTime=4579296, downTime=4579296, deviceId=-1, source=0x101 }
04-13 12:29:10.155  9541  9541 W ViewRootImpl: Cancelling event due to no window focus: KeyEvent { action=ACTION_UP, keyCode=KEYCODE_F7, scanCode=0, metaState=0, flags=0x80000028, repeatCount=0, eventTime=4579296, downTime=4579296, deviceId=-1, source=0x101 }
04-13 12:29:12.842   709   774 W ProcessCpuTracker: Skipping unknown process pid 14338
04-13 12:29:16.189   709   774 E ActivityManager: ANR in com.zhihu.android (com.zhihu.android/.app.ui.activity.MainActivity)
04-13 12:29:16.189   709   774 E ActivityManager: PID: 9541
04-13 12:29:16.189   709   774 E ActivityManager: Reason: Input dispatching timed out (Waiting because no window has focus but there is a focused application that may eventually add a window when it finishes starting up.)
04-13 12:29:16.189   709   774 E ActivityManager: Load: 18.93 / 19.8 / 17.92
04-13 12:29:16.189   709   774 E ActivityManager: CPU usage from 7075ms to 15424ms later:
04-13 12:29:16.189   709   774 E ActivityManager:   42% 9541/com.zhihu.android: 41% user + 0.8% kernel / faults: 12428 minor
04-13 12:29:16.189   709   774 E ActivityManager:   27% 709/system_server: 20% user + 6.4% kernel / faults: 827 minor
04-13 12:29:16.189   709   774 E ActivityManager:   9.4% 175/logd: 8.4% user + 0.9% kernel
04-13 12:29:16.189   709   774 E ActivityManager:   4.9% 16845/procrank: 0.9% user + 3.9% kernel / faults: 3668 minor
04-13 12:29:16.189   709   774 E ActivityManager:   3.4% 1485/mpdecision: 0% user + 3.4% kernel
04-13 12:29:16.189   709   774 E ActivityManager:   3% 852/com.android.systemui: 2.7% user + 0.3% kernel / faults: 8875 minor
04-13 12:29:16.189   709   774 E ActivityManager:   2.8% 207/adbd: 0.3% user + 2.4% kernel / faults: 1006 minor
04-13 12:29:16.189   709   774 E ActivityManager:   0.8% 182/surfaceflinger: 0.4% user + 0.3% kernel / faults: 1 minor
04-13 12:29:16.189   709   774 E ActivityManager:   0.2% 193/mediaserver: 0% user + 0.2% kernel / faults: 2 minor
04-13 12:29:16.189   709   774 E ActivityManager:   0.4% 2/kthreadd: 0% user + 0.4% kernel
04-13 12:29:16.189   709   774 E ActivityManager:   0.4% 124/dhd_dpc: 0% user + 0.4% kernel
04-13 12:29:16.189   709   774 E ActivityManager:   0.3% 2847/logcat: 0.1% user + 0.2% kernel
04-13 12:29:16.189   709   774 E ActivityManager:   0.3% 10242/kworker/0:2: 0% user + 0.3% kernel
04-13 12:29:16.189   709   774 E ActivityManager:   0.2% 2856/logcat: 0.1% user + 0.1% kernel
04-13 12:29:16.189   709   774 E ActivityManager:   0.1% 120/mmcqd/1: 0% user + 0.1% kernel
04-13 12:29:16.189   709   774 E ActivityManager:   0% 123/dhd_watchdog_th: 0% user + 0% kernel
04-13 12:29:16.189   709   774 E ActivityManager:   0% 125/dhd_rxf: 0% user + 0% kernel
04-13 12:29:16.189   709   774 E ActivityManager:   0% 137/flush-179:0: 0% user + 0% kernel
04-13 12:29:16.189   709   774 E ActivityManager:   0% 139/jbd2/mmcblk0p28: 0% user + 0% kernel
04-13 12:29:16.189   709   774 E ActivityManager:   0% 189/netd: 0% user + 0% kernel / faults: 64 minor
04-13 12:29:16.189   709   774 E ActivityManager:   0.1% 199/sensors.qcom: 0.1% user + 0% kernel / faults: 2 minor
04-13 12:29:16.189   709   774 E ActivityManager:   0% 335/mdss_fb0: 0% user + 0% kernel
04-13 12:29:16.189   709   774 E ActivityManager:   0% 19176/kworker/u:1: 0% user + 0% kernel
04-13 12:29:16.189   709   774 E ActivityManager:   0% 24878/kworker/u:17: 0% user + 0% kernel
04-13 12:29:16.189   709   774 E ActivityManager:  +0% 18575/dumpsys: 0% user + 0% kernel
04-13 12:29:16.189   709   774 E ActivityManager:  +0% 18577/dumpsys: 0% user + 0% kernel
04-13 12:29:16.189   709   774 E ActivityManager:  +0% 18579/dumpsys: 0% user + 0% kernel
04-13 12:29:16.189   709   774 E ActivityManager:  +0% 18593/dumpsys: 0% user + 0% kernel
04-13 12:29:16.189   709   774 E ActivityManager:  +0% 18595/dumpsys: 0% user + 0% kernel
04-13 12:29:16.189   709   774 E ActivityManager:  +0% 18597/dumpsys: 0% user + 0% kernel
04-13 12:29:16.189   709   774 E ActivityManager:  +0% 18599/dumpsys: 0% user + 0% kernel
04-13 12:29:16.189   709   774 E ActivityManager: 100% TOTAL: 84% user + 15% kernel + 0.1% softirq
04-13 12:29:16.189   709   774 E ActivityManager: CPU usage from 13559ms to 14786ms later:
04-13 12:29:16.189   709   774 E ActivityManager:   39% 709/system_server: 28% user + 10% kernel / faults: 32 minor
04-13 12:29:16.189   709   774 E ActivityManager:     4.5% 726/Binder_2: 4.5% user + 0% kernel
04-13 12:29:16.189   709   774 E ActivityManager:     4.5% 774/ActivityManager: 2.7% user + 1.8% kernel
04-13 12:29:16.189   709   774 E ActivityManager:     4.5% 1243/Binder_9: 2.7% user + 1.8% kernel
04-13 12:29:16.189   709   774 E ActivityManager:     3.6% 1003/Binder_5: 2.7% user + 0.9% kernel
04-13 12:29:16.189   709   774 E ActivityManager:     3.6% 1191/Binder_6: 3.6% user + 0% kernel
04-13 12:29:16.189   709   774 E ActivityManager:     3.6% 1220/Binder_7: 2.7% user + 0.9% kernel
04-13 12:29:16.189   709   774 E ActivityManager:     3.6% 5468/Binder_C: 2.7% user + 0.9% kernel
04-13 12:29:16.189   709   774 E ActivityManager:     3.6% 10377/Binder_E: 1.8% user + 1.8% kernel
04-13 12:29:16.189   709   774 E ActivityManager:     3.6% 16191/Binder_F: 2.7% user + 0.9% kernel
04-13 12:29:16.189   709   774 E ActivityManager:     3.6% 29519/Binder_B: 2.7% user + 0.9% kernel
04-13 12:29:16.189   709   774 E ActivityManager:     1.8% 813/WifiStateMachin: 1.8% user + 0% kernel
04-13 12:29:16.189   709   774 E ActivityManager:     0.9% 718/FinalizerDaemon: 0.9% user + 0% kernel
04-13 12:29:16.189   709   774 E ActivityManager:     0.9% 799/NetdConnector: 0.9% user + 0% kernel
04-13 12:29:16.189   709   774 E ActivityManager:   23% 9541/com.zhihu.android: 23% user + 0% kernel / faults: 49 minor
04-13 12:29:16.189   709   774 E ActivityManager:     14% 9541/m.zhihu.android: 14% user + 0% kernel
04-13 12:29:16.189   709   774 E ActivityManager:     4.3% 14178/pool-6-thread-1: 4.3% user + 0% kernel
04-13 12:29:16.189   709   774 E ActivityManager:     4.3% 18147/InstabugNetInit: 2.6% user + 1.7% kernel
04-13 12:29:16.189   709   774 E ActivityManager:     2.6% 16776/pool-6-thread-2: 2.6% user + 0% kernel
04-13 12:29:16.189   709   774 E ActivityManager:   9.6% 175/logd: 8.7% user + 0.8% kernel
04-13 12:29:16.189   709   774 E ActivityManager:     1.7% 2855/logd.reader.per: 1.7% user + 0% kernel
04-13 12:29:16.189   709   774 E ActivityManager:     1.7% 2858/logd.reader.per: 1.7% user + 0% kernel
04-13 12:29:16.189   709   774 E ActivityManager:     1.7% 2865/logd.reader.per: 1.7% user + 0% kernel
04-13 12:29:16.189   709   774 E ActivityManager:     1.7% 2866/logd.reader.per: 1.7% user + 0% kernel
04-13 12:29:16.189   709   774 E ActivityManager:     1.7% 2867/logd.reader.per: 1.7% user + 0% kernel
04-13 12:29:16.189   709   774 E ActivityManager:   4% 852/com.android.systemui: 2.4% user + 1.6% kernel / faults: 3220 minor
04-13 12:29:16.189   709   774 E ActivityManager:     4% 875/Binder_1: 2.4% user + 1.6% kernel
04-13 12:29:16.189   709   774 E ActivityManager:   3.4% 1485/mpdecision: 0% user + 3.4% kernel
04-13 12:29:16.189   709   774 E ActivityManager:     3.4% 1502/mpdecision: 0% user + 3.4% kernel
04-13 12:29:16.189   709   774 E ActivityManager:   4% 16845/procrank: 0% user + 4% kernel / faults: 569 minor
04-13 12:29:16.189   709   774 E ActivityManager:   2.7% 207/adbd: 0% user + 2.7% kernel / faults: 289 minor
04-13 12:29:16.189   709   774 E ActivityManager:     1.8% 207/adbd: 0% user + 1.8% kernel
04-13 12:29:16.189   709   774 E ActivityManager:    +0% 18576/adbd: 0% user + 0% kernel
04-13 12:29:16.189   709   774 E ActivityManager:    +0% 18578/adbd: 0% user + 0% kernel
04-13 12:29:16.189   709   774 E ActivityManager:    +0% 18580/adbd: 0% user + 0% kernel
04-13 12:29:16.189   709   774 E ActivityManager:    +0% 18594/adbd: 0% user + 0% kernel
04-13 12:29:16.189   709   774 E ActivityManager:    +0% 18596/adbd: 0% user + 0% kernel
04-13 12:29:16.189   709   774 E ActivityManager:    +0% 18598/adbd: 0% user + 0% kernel
04-13 12:29:16.189   709   774 E ActivityManager:    +0% 18600/adbd: 0% user + 0% kernel
04-13 12:29:16.189   709   774 E ActivityManager:   1.7% 193/mediaserver: 0% user + 1.7% kernel
04-13 12:29:16.189   709   774 E ActivityManager:     1.7% 704/FastMixer: 0% user + 1.7% kernel
04-13 12:29:16.189   709   774 E ActivityManager:   0.8% 2/kthreadd: 0% user + 0.8% kernel
04-13 12:29:16.189   709   774 E ActivityManager:   0.8% 124/dhd_dpc: 0% user + 0.8% ker
