04-13 11:35:19.850   709   774 W ProcessCpuTracker: Skipping unknown process pid 16978
04-13 11:35:24.617   709   815 D ConnectivityService: updateNetworkScore for NetworkAgentInfo [WIFI () - 100] to 55
04-13 11:35:24.618   709   815 D ConnectivityService: rematching NetworkAgentInfo [WIFI () - 100]
04-13 11:35:24.618   709   815 D ConnectivityService: Network NetworkAgentInfo [WIFI () - 100] was already satisfying request 1. No change.
04-13 11:35:24.618   709   815 D ConnectivityService: notifyType AVAILABLE for NetworkAgentInfo [WIFI () - 100]
04-13 11:35:26.015   709   774 W ProcessCpuTracker: Skipping unknown process pid 18000
04-13 11:35:26.015   709   774 W ProcessCpuTracker: Skipping unknown process pid 18001
04-13 11:35:26.016   709   774 W ProcessCpuTracker: Skipping unknown process pid 18002
04-13 11:35:27.819   709   815 D ConnectivityService: updateNetworkScore for NetworkAgentInfo [WIFI () - 100] to 56
04-13 11:35:27.819   709   815 D ConnectivityService: rematching NetworkAgentInfo [WIFI () - 100]
04-13 11:35:27.822   709   815 D ConnectivityService: Network NetworkAgentInfo [WIFI () - 100] was already satisfying request 1. No change.
04-13 11:35:27.822   709   815 D ConnectivityService: notifyType AVAILABLE for NetworkAgentInfo [WIFI () - 100]
04-13 11:35:31.237   709 29519 I ActivityManager: START u0 {act=android.intent.action.MAIN cat=[android.intent.category.LAUNCHER] flg=0x10200000 cmp=com.zhihu.android/.app.ui.activity.MainActivity} from uid 0 on display 0
04-13 11:35:40.698   709   815 D ConnectivityService: updateNetworkScore for NetworkAgentInfo [WIFI () - 100] to 55
04-13 11:35:40.698   709   815 D ConnectivityService: rematching NetworkAgentInfo [WIFI () - 100]
04-13 11:35:40.698   709   815 D ConnectivityService: Network NetworkAgentInfo [WIFI () - 100] was already satisfying request 1. No change.
04-13 11:35:40.699   709   815 D ConnectivityService: notifyType AVAILABLE for NetworkAgentInfo [WIFI () - 100]
04-13 11:35:50.435   709   815 D ConnectivityService: updateNetworkScore for NetworkAgentInfo [WIFI () - 100] to 56
04-13 11:35:50.435   709   815 D ConnectivityService: rematching NetworkAgentInfo [WIFI () - 100]
04-13 11:35:50.435   709   815 D ConnectivityService: Network NetworkAgentInfo [WIFI () - 100] was already satisfying request 1. No change.
04-13 11:35:50.436   709   815 D ConnectivityService: notifyType AVAILABLE for NetworkAgentInfo [WIFI () - 100]
04-13 11:35:50.935   709  1191 I ActivityManager: START u0 {act=android.intent.action.MAIN cat=[android.intent.category.LAUNCHER] flg=0x10200000 cmp=com.zhihu.android/.app.ui.activity.MainActivity} from uid 0 on display 0
04-13 11:35:56.956   709   794 I WindowManager: Input event dispatching timed out sending to com.zhihu.android/com.zhihu.android.app.ui.activity.MainActivity.  Reason: Waiting to send key event because the focused window has not finished processing all of the input events that were previously delivered to it.  Outbound queue length: 0.  Wait queue length: 1.
04-13 11:35:57.126   709  1229 W InputManager: Input event injection from pid 2745 timed out.
04-13 11:35:57.183   709   774 I ActivityManager: Skipping duplicate ANR: ProcessRecord{29f9a7e2 1869:com.zhihu.android/u0a54} Input dispatching timed out (Waiting to send key event because the focused window has not finished processing all of the input events that were previously delivered to it.  Outbound queue length: 0.  Wait queue length: 1.)
04-13 11:36:04.316   709  1003 W ProcessCpuTracker: Skipping unknown process pid 26008
04-13 11:36:12.772   709   815 D ConnectivityService: updateNetworkScore for NetworkAgentInfo [WIFI () - 100] to 55
04-13 11:36:12.772   709   815 D ConnectivityService: rematching NetworkAgentInfo [WIFI () - 100]
04-13 11:36:12.772   709   815 D ConnectivityService: Network NetworkAgentInfo [WIFI () - 100] was already satisfying request 1. No change.
04-13 11:36:12.773   709   815 D ConnectivityService: notifyType AVAILABLE for NetworkAgentInfo [WIFI () - 100]
04-13 11:36:17.148   709   794 I WindowManager: Input event dispatching timed out sending to com.zhihu.android/com.zhihu.android.app.ui.activity.MainActivity.  Reason: Waiting to send key event because the focused window has not finished processing all of the input events that were previously delivered to it.  Outbound queue length: 0.  Wait queue length: 1.
04-13 11:36:17.379   709  1220 W InputManager: Input event injection from pid 2745 timed out.
04-13 11:36:17.455   709   774 I ActivityManager: Skipping duplicate ANR: ProcessRecord{29f9a7e2 1869:com.zhihu.android/u0a54} Input dispatching timed out (Waiting to send key event because the focused window has not finished processing all of the input events that were previously delivered to it.  Outbound queue length: 0.  Wait queue length: 1.)
04-13 11:36:22.746   709   815 D ConnectivityService: updateNetworkScore for NetworkAgentInfo [WIFI () - 100] to 56
04-13 11:36:22.746   709   815 D ConnectivityService: rematching NetworkAgentInfo [WIFI () - 100]
04-13 11:36:22.746   709   815 D ConnectivityService: Network NetworkAgentInfo [WIFI () - 100] was already satisfying request 1. No change.
04-13 11:36:22.747   709   815 D ConnectivityService: notifyType AVAILABLE for NetworkAgentInfo [WIFI () - 100]
04-13 11:36:25.970   709   815 D ConnectivityService: updateNetworkScore for NetworkAgentInfo [WIFI () - 100] to 55
04-13 11:36:25.971   709   815 D ConnectivityService: rematching NetworkAgentInfo [WIFI () - 100]
04-13 11:36:25.971   709   815 D ConnectivityService: Network NetworkAgentInfo [WIFI () - 100] was already satisfying request 1. No change.
04-13 11:36:25.971   709   815 D ConnectivityService: notifyType AVAILABLE for NetworkAgentInfo [WIFI () - 100]
04-13 11:36:29.098   709   815 D ConnectivityService: updateNetworkScore for NetworkAgentInfo [WIFI () - 100] to 56
04-13 11:36:29.099   709   815 D ConnectivityService: rematching NetworkAgentInfo [WIFI () - 100]
04-13 11:36:29.099   709   815 D ConnectivityService: Network NetworkAgentInfo [WIFI () - 100] was already satisfying request 1. No change.
04-13 11:36:29.099   709   815 D ConnectivityService: notifyType AVAILABLE for NetworkAgentInfo [WIFI () - 100]
04-13 11:36:38.677   709   815 D ConnectivityService: updateNetworkScore for NetworkAgentInfo [WIFI () - 100] to 55
04-13 11:36:38.678   709   815 D ConnectivityService: rematching NetworkAgentInfo [WIFI () - 100]
04-13 11:36:38.678   709   815 D ConnectivityService: Network NetworkAgentInfo [WIFI () - 100] was already satisfying request 1. No change.
04-13 11:36:38.678   709   815 D ConnectivityService: notifyType AVAILABLE for NetworkAgentInfo [WIFI () - 100]
04-13 11:36:42.032   709   815 D ConnectivityService: updateNetworkScore for NetworkAgentInfo [WIFI () - 100] to 56
04-13 11:36:42.032   709   815 D ConnectivityService: rematching NetworkAgentInfo [WIFI () - 100]
04-13 11:36:42.033   709   815 D ConnectivityService: Network NetworkAgentInfo [WIFI () - 100] was already satisfying request 1. No change.
04-13 11:36:42.033   709   815 D ConnectivityService: notifyType AVAILABLE for NetworkAgentInfo [WIFI () - 100]
04-13 11:36:46.860  1869  1869 W ViewRootImpl: Dropping event due to no window focus: MotionEvent { action=ACTION_MOVE, id[0]=0, x[0]=-2.0, y[0]=4.0, toolType[0]=TOOL_TYPE_UNKNOWN, buttonState=0, metaState=0, flags=0x0, edgeFlags=0x0, pointerCount=1, historySize=9, eventTime=1433991, downTime=-1, deviceId=0, source=0x10004 }
04-13 11:36:47.634   709  1229 I ActivityManager: START u0 {act=android.intent.action.MAIN cat=[android.intent.category.LAUNCHER] flg=0x10008000 cmp=com.android.settings/.DevelopmentSettings} from uid 1000 on display 0
04-13 11:36:48.113   709   725 W InputMethodManagerService: Window already focused, ignoring focus gain of: com.android.internal.view.IInputMethodClient$Stub$Proxy@205ccf9a attribute=null, token = android.os.BinderProxy@3a39355c
04-13 11:37:02.726   709  1229 I ActivityManager: START u0 {act=android.intent.action.MAIN cat=[android.intent.category.LAUNCHER] flg=0x10008000 cmp=com.android.settings/.UsbSettings} from uid 1000 on display 0
04-13 11:37:02.943   709  1229 W InputMethodManagerService: Window already focused, ignoring focus gain of: com.android.internal.view.IInputMethodClient$Stub$Proxy@f4a07c1 attribute=android.view.inputmethod.EditorInfo@11284b66, token = android.os.BinderProxy@3a39355c
04-13 11:37:21.669   709   774 I ActivityManager: Waited long enough for: ServiceRecord{30ae5efd u0 com.android.music/.MediaPlaybackService}
04-13 11:37:22.997   709   794 I WindowManager: Input event dispatching timed out sending to com.zhihu.android/com.zhihu.android.app.ui.activity.MainActivity.  Reason: Waiting to send key event because the focused window has not finished processing all of the input events that were previously delivered to it.  Outbound queue length: 0.  Wait queue length: 1.
04-13 11:37:23.178   709   804 W InputManager: Input event injection from pid 2745 timed out.
04-13 11:37:23.236   709   774 I ActivityManager: Skipping duplicate ANR: ProcessRecord{29f9a7e2 1869:com.zhihu.android/u0a54} Input dispatching timed out (Waiting to send key event because the focused window has not finished processing all of the input events that were previously delivered to it.  Outbound queue length: 0.  Wait queue length: 1.)
04-13 11:37:43.576   709   815 D ConnectivityService: updateNetworkScore for NetworkAgentInfo [WIFI () - 100] to 55
04-13 11:37:43.577   709   815 D ConnectivityService: rematching NetworkAgentInfo [WIFI () - 100]
04-13 11:37:43.577   709   815 D ConnectivityService: Network NetworkAgentInfo [WIFI () - 100] was already satisfying request 1. No change.
04-13 11:37:43.577   709   815 D ConnectivityService: notifyType AVAILABLE for NetworkAgentInfo [WIFI () - 100]
04-13 11:37:46.710   709   815 D ConnectivityService: updateNetworkScore for NetworkAgentInfo [WIFI () - 100] to 56
04-13 11:37:46.710   709   815 D ConnectivityService: rematching NetworkAgentInfo [WIFI () - 100]
04-13 11:37:46.710   709   815 D ConnectivityService: Network NetworkAgentInfo [WIFI () - 100] was already satisfying request 1. No change.
04-13 11:37:46.711   709   815 D ConnectivityService: notifyType AVAILABLE for NetworkAgentInfo [WIFI () - 100]
04-13 11:37:49.853   709   815 D ConnectivityService: updateNetworkScore for NetworkAgentInfo [WIFI () - 100] to 55
04-13 11:37:49.854   709   815 D ConnectivityService: rematching NetworkAgentInfo [WIFI () - 100]
04-13 11:37:49.854   709   815 D ConnectivityService: Network NetworkAgentInfo [WIFI () - 100] was already satisfying request 1. No change.
04-13 11:37:49.854   709   815 D ConnectivityService: notifyType AVAILABLE for NetworkAgentInfo [WIFI () - 100]
04-13 11:37:50.089   709  1220 W ProcessCpuTracker: Skipping unknown process pid 17438
04-13 11:37:59.093   709   815 D ConnectivityService: updateNetworkScore for NetworkAgentInfo [WIFI () - 100] to 56
04-13 11:37:59.093   709   815 D ConnectivityService: rematching NetworkAgentInfo [WIFI () - 100]
04-13 11:37:59.093   709   815 D ConnectivityService: Network NetworkAgentInfo [WIFI () - 100] was already satisfying request 1. No change.
04-13 11:37:59.094   709   815 D ConnectivityService: notifyType AVAILABLE for NetworkAgentInfo [WIFI () - 100]
04-13 11:38:02.152   709   815 D ConnectivityService: updateNetworkScore for NetworkAgentInfo [WIFI () - 100] to 55
04-13 11:38:02.152   709   815 D ConnectivityService: rematching NetworkAgentInfo [WIFI () - 100]
04-13 11:38:02.153   709   815 D ConnectivityService: Network NetworkAgentInfo [WIFI () - 100] was already satisfying request 1. No change.
04-13 11:38:02.153   709   815 D ConnectivityService: notifyType AVAILABLE for NetworkAgentInfo [WIFI () - 100]
04-13 11:38:02.614   709 29519 W InputMethodManagerService: Window already focused, ignoring focus gain of: com.android.internal.view.IInputMethodClient$Stub$Proxy@3b3a016d attribute=null, token = android.os.BinderProxy@3a39355c
04-13 11:38:05.243   709   815 D ConnectivityService: updateNetworkScore for NetworkAgentInfo [WIFI () - 100] to 56
04-13 11:38:05.243   709   815 D ConnectivityService: rematching NetworkAgentInfo [WIFI () - 100]
04-13 11:38:05.243   709   815 D ConnectivityService: Network NetworkAgentInfo [WIFI () - 100] was already satisfying request 1. No change.
04-13 11:38:05.244   709   815 D ConnectivityService: notifyType AVAILABLE for NetworkAgentInfo [WIFI () - 100]
04-13 11:38:07.587   709  1220 I ActivityManager: START u0 {act=android.intent.action.MAIN cat=[android.intent.category.LAUNCHER] flg=0x10200000 cmp=com.zhihu.android/.app.ui.activity.MainActivity} from uid 0 on display 0
04-13 11:38:08.351   709   815 D ConnectivityService: updateNetworkScore for NetworkAgentInfo [WIFI () - 100] to 55
04-13 11:38:08.351   709   815 D ConnectivityService: rematching NetworkAgentInfo [WIFI () - 100]
04-13 11:38:08.352   709   815 D ConnectivityService: Network NetworkAgentInfo [WIFI () - 100] was already satisfying request 1. No change.
04-13 11:38:08.352   709   815 D ConnectivityService: notifyType AVAILABLE for NetworkAgentInfo [WIFI () - 100]
04-13 11:38:14.608   709   815 D ConnectivityService: updateNetworkScore for NetworkAgentInfo [WIFI () - 100] to 56
04-13 11:38:14.608   709   815 D ConnectivityService: rematching NetworkAgentInfo [WIFI () - 100]
04-13 11:38:14.608   709   815 D ConnectivityService: Network NetworkAgentInfo [WIFI () - 100] was already satisfying request 1. No change.
04-13 11:38:14.609   709   815 D ConnectivityService: notifyType AVAILABLE for NetworkAgentInfo [WIFI () - 100]
04-13 11:38:17.863   709   815 D ConnectivityService: updateNetworkScore for NetworkAgentInfo [WIFI () - 100] to 55
04-13 11:38:17.864   709   815 D ConnectivityService: rematching NetworkAgentInfo [WIFI () - 100]
04-13 11:38:17.864   709   815 D ConnectivityService: Network NetworkAgentInfo [WIFI () - 100] was already satisfying request 1. No change.
04-13 11:38:17.864   709   815 D ConnectivityService: notifyType AVAILABLE for NetworkAgentInfo [WIFI () - 100]
04-13 11:38:19.346   709   725 V WindowManager: not Base app: Adding window Window{2f7095ee u0 com.zhihu.android/com.zhihu.android.app.ui.activity.MainActivity} at 4 of 10
04-13 11:38:22.348   709  1229 V WindowManager: not Base app: Adding window Window{2c1cd308 u0 com.zhihu.android/com.zhihu.android.app.ui.activity.MainActivity} at 4 of 10
04-13 11:38:22.362  1869  1869 W ViewRootImpl: Dropping event due to no window focus: KeyEvent { action=ACTION_DOWN, keyCode=KEYCODE_Z, scanCode=0, metaState=0, flags=0x8, repeatCount=0, eventTime=1531476, downTime=1531476, deviceId=-1, source=0x101 }
04-13 11:38:22.366  1869  1869 W ViewRootImpl: Cancelling event due to no window focus: KeyEvent { action=ACTION_UP, keyCode=KEYCODE_Z, scanCode=0, metaState=0, flags=0x28, repeatCount=0, eventTime=1531556, downTime=1531556, deviceId=-1, source=0x101 }
04-13 11:38:22.367  1869  1869 W ViewRootImpl: Cancelling event due to no window focus: KeyEvent { action=ACTION_UP, keyCode=KEYCODE_Z, scanCode=0, metaState=0, flags=0x28, repeatCount=0, eventTime=1531556, downTime=1531556, deviceId=-1, source=0x101 }
04-13 11:38:22.368  1869  1869 W ViewRootImpl: Cancelling event due to no window focus: KeyEvent { action=ACTION_UP, keyCode=KEYCODE_Z, scanCode=0, metaState=0, flags=0x28, repeatCount=0, eventTime=1531556, downTime=1531556, deviceId=-1, source=0x101 }
04-13 11:38:22.368  1869  1869 W ViewRootImpl: Cancelling event due to no window focus: KeyEvent { action=ACTION_UP, keyCode=KEYCODE_Z, scanCode=0, metaState=0, flags=0x28, repeatCount=0, eventTime=1531556, downTime=1531556, deviceId=-1, source=0x101 }
04-13 11:38:22.387  1869  1869 W ViewRootImpl: Cancelling event due to no window focus: KeyEvent { action=ACTION_UP, keyCode=KEYCODE_Z, scanCode=0, metaState=0, flags=0x28, repeatCount=0, eventTime=1531556, downTime=1531556, deviceId=-1, source=0x101 }
04-13 11:38:22.387  1869  1869 W ViewRootImpl: Cancelling event due to no window focus: KeyEvent { action=ACTION_UP, keyCode=KEYCODE_Z, scanCode=0, metaState=0, flags=0x28, repeatCount=0, eventTime=1531556, downTime=1531556, deviceId=-1, source=0x101 }
04-13 11:38:22.392  1869  1869 W ViewRootImpl: Cancelling event due to no window focus: KeyEvent { action=ACTION_UP, keyCode=KEYCODE_Z, scanCode=0, metaState=0, flags=0x80000028, repeatCount=0, eventTime=1531556, downTime=1531556, deviceId=-1, source=0x101 }
04-13 11:38:22.392  1869  1869 W ViewRootImpl: Cancelling event due to no window focus: KeyEvent { action=ACTION_UP, keyCode=KEYCODE_Z, scanCode=0, metaState=0, flags=0x80000028, repeatCount=0, eventTime=1531556, downTime=1531556, deviceId=-1, source=0x101 }
04-13 11:38:22.393  1869  1869 W ViewRootImpl: Cancelling event due to no window focus: KeyEvent { action=ACTION_UP, keyCode=KEYCODE_Z, scanCode=0, metaState=0, flags=0x80000028, repeatCount=0, eventTime=1531556, downTime=1531556, deviceId=-1, source=0x101 }
04-13 11:38:23.645  1869  1869 W ViewRootImpl: Cancelling event due to no window focus: KeyEvent { action=ACTION_UP, keyCode=KEYCODE_DPAD_DOWN, scanCode=0, metaState=0, flags=0x420, repeatCount=0, eventTime=1532247, downTime=1532247, deviceId=-1, source=0x101 }
04-13 11:38:23.646  1869  1869 W ViewRootImpl: Cancelling event due to no window focus: KeyEvent { action=ACTION_UP, keyCode=KEYCODE_DPAD_DOWN, scanCode=0, metaState=0, flags=0x420, repeatCount=0, eventTime=1532247, downTime=1532247, deviceId=-1, source=0x101 }
04-13 11:38:23.646  1869  1869 W ViewRootImpl: Cancelling event due to no window focus: KeyEvent { action=ACTION_UP, keyCode=KEYCODE_DPAD_DOWN, scanCode=0, metaState=0, flags=0x420, repeatCount=0, eventTime=1532247, downTime=1532247, deviceId=-1, source=0x101 }
04-13 11:38:23.659  1869  1869 W ViewRootImpl: Cancelling event due to no window focus: KeyEvent { action=ACTION_UP, keyCode=KEYCODE_DPAD_DOWN, scanCode=0, metaState=0, flags=0x80000420, repeatCount=0, eventTime=1532247, downTime=1532247, deviceId=-1, source=0x101 }
04-13 11:38:23.664  1869  1869 W ViewRootImpl: Cancelling event due to no window focus: KeyEvent { action=ACTION_UP, keyCode=KEYCODE_DPAD_DOWN, scanCode=0, metaState=0, flags=0x80000420, repeatCount=0, eventTime=1532247, downTime=1532247, deviceId=-1, source=0x101 }
04-13 11:38:23.665  1869  1869 W ViewRootImpl: Cancelling event due to no window focus: KeyEvent { action=ACTION_UP, keyCode=KEYCODE_DPAD_DOWN, scanCode=0, metaState=0, flags=0x80000420, repeatCount=0, eventTime=1532247, downTime=1532247, deviceId=-1, source=0x101 }
04-13 11:38:23.666  1869  1869 W ViewRootImpl: Dropping event due to no window focus: KeyEvent { action=ACTION_DOWN, keyCode=KEYCODE_DPAD_DOWN, scanCode=0, metaState=0, flags=0x400, repeatCount=0, eventTime=1532247, downTime=1532247, deviceId=-1, source=0x101 }
04-13 11:38:23.667  1869  1869 W ViewRootImpl: Cancelling event due to no window focus: KeyEvent { action=ACTION_UP, keyCode=KEYCODE_DPAD_DOWN, scanCode=0, metaState=0, flags=0x420, repeatCount=0, eventTime=1532247, downTime=1532247, deviceId=-1, source=0x101 }
04-13 11:38:23.667  1869  1869 W ViewRootImpl: Cancelling event due to no window focus: KeyEvent { action=ACTION_UP, keyCode=KEYCODE_DPAD_DOWN, scanCode=0, metaState=0, flags=0x420, repeatCount=0, eventTime=1532247, downTime=1532247, deviceId=-1, source=0x101 }
04-13 11:38:23.668  1869  1869 W ViewRootImpl: Cancelling event due to no window focus: KeyEvent { action=ACTION_UP, keyCode=KEYCODE_DPAD_DOWN, scanCode=0, metaState=0, flags=0x420, repeatCount=0, eventTime=1532247, downTime=1532247, deviceId=-1, source=0x101 }
04-13 11:38:23.683  1869  1869 W ViewRootImpl: Cancelling event due to no window focus: KeyEvent { action=ACTION_UP, keyCode=KEYCODE_DPAD_DOWN, scanCode=0, metaState=0, flags=0x80000420, repeatCount=0, eventTime=1532247, downTime=1532247, deviceId=-1, source=0x101 }
04-13 11:38:23.684  1869  1869 W ViewRootImpl: Cancelling event due to no window focus: KeyEvent { action=ACTION_UP, keyCode=KEYCODE_DPAD_DOWN, scanCode=0, metaState=0, flags=0x80000420, repeatCount=0, eventTime=1532247, downTime=1532247, deviceId=-1, source=0x101 }
04-13 11:38:23.686  1869  1869 W ViewRootImpl: Cancelling event due to no window focus: KeyEvent { action=ACTION_UP, keyCode=KEYCODE_DPAD_DOWN, scanCode=0, metaState=0, flags=0x80000420, repeatCount=0, eventTime=1532247, downTime=1532247, deviceId=-1, source=0x101 }
04-13 11:38:23.688  1869  1869 W ViewRootImpl: Dropping event due to no window focus: KeyEvent { action=ACTION_DOWN, keyCode=KEYCODE_DPAD_DOWN, scanCode=0, metaState=0, flags=0x400, repeatCount=0, eventTime=1532247, downTime=1532247, deviceId=-1, source=0x101 }
04-13 11:38:23.689  1869  1869 W ViewRootImpl: Cancelling event due to no window focus: KeyEvent { action=ACTION_UP, keyCode=KEYCODE_DPAD_DOWN, scanCode=0, metaState=0, flags=0x420, repeatCount=0, eventTime=1532247, downTime=1532247, deviceId=-1, source=0x101 }
04-13 11:38:23.692  1869  1869 W ViewRootImpl: Cancelling event due to no window focus: KeyEvent { action=ACTION_UP, keyCode=KEYCODE_DPAD_DOWN, scanCode=0, metaState=0, flags=0x420, repeatCount=0, eventTime=1532247, downTime=1532247, deviceId=-1, source=0x101 }
04-13 11:38:23.693  1869  1869 W ViewRootImpl: Cancelling event due to no window focus: KeyEvent { action=ACTION_UP, keyCode=KEYCODE_DPAD_DOWN, scanCode=0, metaState=0, flags=0x420, repeatCount=0, eventTime=1532247, downTime=1532247, deviceId=-1, source=0x101 }
04-13 11:38:23.737  1869  1869 W ViewRootImpl: Cancelling event due to no window focus: KeyEvent { action=ACTION_UP, keyCode=KEYCODE_DPAD_DOWN, scanCode=0, metaState=0, flags=0x80000420, repeatCount=0, eventTime=1532247, downTime=1532247, deviceId=-1, source=0x101 }
04-13 11:38:23.737  1869  1869 W ViewRootImpl: Cancelling event due to no window focus: KeyEvent { action=ACTION_UP, keyCode=KEYCODE_DPAD_DOWN, scanCode=0, metaState=0, flags=0x80000420, repeatCount=0, eventTime=1532247, downTime=1532247, deviceId=-1, source=0x101 }
04-13 11:38:23.738  1869  1869 W ViewRootImpl: Cancelling event due to no window focus: KeyEvent { action=ACTION_UP, keyCode=KEYCODE_DPAD_DOWN, scanCode=0, metaState=0, flags=0x80000420, repeatCount=0, eventTime=1532247, downTime=1532247, deviceId=-1, source=0x101 }
04-13 11:38:23.738  1869  1869 W ViewRootImpl: Dropping event due to no window focus: KeyEvent { action=ACTION_DOWN, keyCode=KEYCODE_DPAD_DOWN, scanCode=0, metaState=0, flags=0x400, repeatCount=0, eventTime=1532247, downTime=1532247, deviceId=-1, source=0x101 }
04-13 11:38:23.739  1869  1869 W ViewRootImpl: Cancelling event due to no window focus: KeyEvent { action=ACTION_UP, keyCode=KEYCODE_DPAD_DOWN, scanCode=0, metaState=0, flags=0x420, repeatCount=0, eventTime=1532247, downTime=1532247, deviceId=-1, source=0x101 }
04-13 11:38:23.747  1869  1869 W ViewRootImpl: Cancelling event due to no window focus: KeyEvent { action=ACTION_UP, keyCode=KEYCODE_DPAD_DOWN, scanCode=0, metaState=0, flags=0x420, repeatCount=0, eventTime=1532247, downTime=1532247, deviceId=-1, source=0x101 }
04-13 11:38:23.748  1869  1869 W ViewRootImpl: Cancelling event due to no window focus: KeyEvent { action=ACTION_UP, keyCode=KEYCODE_DPAD_DOWN, scanCode=0, metaState=0, flags=0x420, repeatCount=0, eventTime=1532247, downTime=1532247, deviceId=-1, source=0x101 }
04-13 11:38:23.768  1869  1869 W ViewRootImpl: Cancelling event due to no window focus: KeyEvent { action=ACTION_UP, keyCode=KEYCODE_DPAD_DOWN, scanCode=0, metaState=0, flags=0x80000420, repeatCount=0, eventTime=1532247, downTime=1532247, deviceId=-1, source=0x101 }
04-13 11:38:23.769  1869  1869 W ViewRootImpl: Cancelling event due to no window focus: KeyEvent { action=ACTION_UP, keyCode=KEYCODE_DPAD_DOWN, scanCode=0, metaState=0, flags=0x80000420, repeatCount=0, eventTime=1532247, downTime=1532247, deviceId=-1, source=0x101 }
04-13 11:38:23.769  1869  1869 W ViewRootImpl: Cancelling event due to no window focus: KeyEvent { action=ACTION_UP, keyCode=KEYCODE_DPAD_DOWN, scanCode=0, metaState=0, flags=0x80000420, repeatCount=0, eventTime=1532247, downTime=1532247, deviceId=-1, source=0x101 }
04-13 11:38:27.854   709   815 D ConnectivityService: updateNetworkScore for NetworkAgentInfo [WIFI () - 100] to 56
04-13 11:38:27.854   709   815 D ConnectivityService: rematching NetworkAgentInfo [WIFI () - 100]
04-13 11:38:27.855   709   815 D ConnectivityService: Network NetworkAgentInfo [WIFI () - 100] was already satisfying request 1. No change.
04-13 11:38:27.855   709   815 D ConnectivityService: notifyType AVAILABLE for NetworkAgentInfo [WIFI () - 100]
04-13 11:38:30.218   709   794 I ActivityManager: START u0 {act=android.speech.action.WEB_SEARCH} from uid 1000 on display 0
04-13 11:38:31.129   709   815 D ConnectivityService: updateNetworkScore for NetworkAgentInfo [WIFI () - 100] to 55
04-13 11:38:31.130   709   815 D ConnectivityService: rematching NetworkAgentInfo [WIFI () - 100]
04-13 11:38:31.130   709   815 D ConnectivityService: Network NetworkAgentInfo [WIFI () - 100] was already satisfying request 1. No change.
04-13 11:38:31.130   709   815 D ConnectivityService: notifyType AVAILABLE for NetworkAgentInfo [WIFI () - 100]
04-13 11:38:34.992   709   725 W ProcessCpuTracker: Skipping unknown process pid 25265
04-13 11:38:37.758   709   815 D ConnectivityService: updateNetworkScore for NetworkAgentInfo [WIFI () - 100] to 56
04-13 11:38:37.760   709   815 D ConnectivityService: rematching NetworkAgentInfo [WIFI () - 100]
04-13 11:38:37.760   709   815 D ConnectivityService: Network NetworkAgentInfo [WIFI () - 100] was already satisfying request 1. No change.
04-13 11:38:37.761   709   815 D ConnectivityService: notifyType AVAILABLE for NetworkAgentInfo [WIFI () - 100]
04-13 11:38:44.382   709   815 D ConnectivityService: updateNetworkScore for NetworkAgentInfo [WIFI () - 100] to 55
04-13 11:38:44.383   709   815 D ConnectivityService: rematching NetworkAgentInfo [WIFI () - 100]
04-13 11:38:44.383   709   815 D ConnectivityService: Network NetworkAgentInfo [WIFI () - 100] was already satisfying request 1. No change.
04-13 11:38:44.383   709   815 D ConnectivityService: notifyType AVAILABLE for NetworkAgentInfo [WIFI () - 100]
04-13 11:38:47.535   709   815 D ConnectivityService: updateNetworkScore for NetworkAgentInfo [WIFI () - 100] to 56
04-13 11:38:47.535   709   815 D ConnectivityService: rematching NetworkAgentInfo [WIFI () - 100]
04-13 11:38:47.536   709   815 D ConnectivityService: Network NetworkAgentInfo [WIFI () - 100] was already satisfying request 1. No change.
04-13 11:38:47.536   709   815 D ConnectivityService: notifyType AVAILABLE for NetworkAgentInfo [WIFI () - 100]
04-13 11:38:50.705   709   815 D ConnectivityService: updateNetworkScore for NetworkAgentInfo [WIFI () - 100] to 55
04-13 11:38:50.705   709   815 D ConnectivityService: rematching NetworkAgentInfo [WIFI () - 100]
04-13 11:38:50.706   709   815 D ConnectivityService: Network NetworkAgentInfo [WIFI () - 100] was already satisfying request 1. No change.
04-13 11:38:50.706   709   815 D ConnectivityService: notifyType AVAILABLE for NetworkAgentInfo [WIFI () - 100]
04-13 11:38:51.310   709 29519 I ActivityManager: START u0 {act=android.intent.action.MAIN cat=[android.intent.category.LAUNCHER] flg=0x10200000 cmp=com.zhihu.android/.app.ui.activity.MainActivity} from uid 0 on display 0
04-13 11:38:53.783   709   815 D ConnectivityService: updateNetworkScore for NetworkAgentInfo [WIFI () - 100] to 56
04-13 11:38:53.784   709   815 D ConnectivityService: rematching NetworkAgentInfo [WIFI () - 100]
04-13 11:38:53.784   709   815 D ConnectivityService: Network NetworkAgentInfo [WIFI () - 100] was already satisfying request 1. No change.
04-13 11:38:53.784   709   815 D ConnectivityService: notifyType AVAILABLE for NetworkAgentInfo [WIFI () - 100]
04-13 11:39:00.226   709   815 D ConnectivityService: updateNetworkScore for NetworkAgentInfo [WIFI () - 100] to 55
04-13 11:39:00.226   709   815 D ConnectivityService: rematching NetworkAgentInfo [WIFI () - 100]
04-13 11:39:00.227   709   815 D ConnectivityService: Network NetworkAgentInfo [WIFI () - 100] was already satisfying request 1. No change.
04-13 11:39:00.227   709   815 D ConnectivityService: notifyType AVAILABLE for NetworkAgentInfo [WIFI () - 100]
04-13 11:39:03.292   709   815 D ConnectivityService: updateNetworkScore for NetworkAgentInfo [WIFI () - 100] to 56
04-13 11:39:03.292   709   815 D ConnectivityService: rematching NetworkAgentInfo [WIFI () - 100]
04-13 11:39:03.292   709   815 D ConnectivityService: Network NetworkAgentInfo [WIFI () - 100] was already satisfying request 1. No change.
04-13 11:39:03.292   709   815 D ConnectivityService: notifyType AVAILABLE for NetworkAgentInfo [WIFI () - 100]
04-13 11:39:06.478   709   815 D ConnectivityService: updateNetworkScore for NetworkAgentInfo [WIFI () - 100] to 55
04-13 11:39:06.478   709   815 D ConnectivityService: rematching NetworkAgentInfo [WIFI () - 100]
04-13 11:39:06.479   709   815 D ConnectivityService: Network NetworkAgentInfo [WIFI () - 100] was already satisfying request 1. No change.
04-13 11:39:06.479   709   815 D ConnectivityService: notifyType AVAILABLE for NetworkAgentInfo [WIFI () - 100]
04-13 11:39:06.918   709  1220 V WindowManager: Adding window Window{d473c87 u0 SubPanel:com.zhihu.android/com.zhihu.android.app.ui.activity.MainActivity} at 4 of 10 (after Window{19c5f065 u0 com.zhihu.android/com.zhihu.android.app.ui.activity.MainActivity})
04-13 11:39:07.944   709   803 W InputMethodManagerService: Window already focused, ignoring focus gain of: com.android.internal.view.IInputMethodClient$Stub$Proxy@3c511a23 attribute=null, token = android.os.BinderProxy@3a39355c
04-13 11:39:08.455   709   774 W ProcessCpuTracker: Skipping unknown process pid 32622
04-13 11:39:09.755   709   815 D ConnectivityService: updateNetworkScore for NetworkAgentInfo [WIFI () - 100] to 56
04-13 11:39:09.755   709   815 D ConnectivityService: rematching NetworkAgentInfo [WIFI () - 100]
04-13 11:39:09.755   709   815 D ConnectivityService: Network NetworkAgentInfo [WIFI () - 100] was already satisfying request 1. No change.
04-13 11:39:09.758   709   815 D ConnectivityService: notifyType AVAILABLE for NetworkAgentInfo [WIFI () - 100]
04-13 11:39:12.778  1869  1869 W ViewRootImpl: Dropping event due to no window focus: KeyEvent { action=ACTION_DOWN, keyCode=KEYCODE_DPAD_UP, scanCode=0, metaState=0, flags=0x400, repeatCount=0, eventTime=1581632, downTime=1581632, deviceId=-1, source=0x101 }
04-13 11:39:12.779  1869  1869 W ViewRootImpl: Cancelling event due to no window focus: KeyEvent { action=ACTION_UP, keyCode=KEYCODE_DPAD_UP, scanCode=0, metaState=0, flags=0x420, repeatCount=0, eventTime=1581632, downTime=1581632, deviceId=-1, source=0x101 }
04-13 11:39:12.780  1869  1869 W ViewRootImpl: Cancelling event due to no window focus: KeyEvent { action=ACTION_UP, keyCode=KEYCODE_DPAD_UP, scanCode=0, metaState=0, flags=0x420, repeatCount=0, eventTime=1581632, downTime=1581632, deviceId=-1, source=0x101 }
04-13 11:39:12.780  1869  1869 W ViewRootImpl: Cancelling event due to no window focus: KeyEvent { action=ACTION_UP, keyCode=KEYCODE_DPAD_UP, scanCode=0, metaState=0, flags=0x420, repeatCount=0, eventTime=1581632, downTime=1581632, deviceId=-1, source=0x101 }
04-13 11:39:12.826  1869  1869 W ViewRootImpl: Dropping event due to no window focus: KeyEvent { action=ACTION_DOWN, keyCode=KEYCODE_DPAD_UP, scanCode=0, metaState=0, flags=0x400, repeatCount=0, eventTime=1581633, downTime=1581633, deviceId=-1, source=0x101 }
04-13 11:39:12.827  1869  1869 W ViewRootImpl: Cancelling event due to no window focus: KeyEvent { action=ACTION_UP, keyCode=KEYCODE_DPAD_UP, scanCode=0, metaState=0, flags=0x420, repeatCount=0, eventTime=1581633, downTime=1581633, deviceId=-1, source=0x101 }
04-13 11:39:12.827  1869  1869 W ViewRootImpl: Cancelling event due to no window focus: KeyEvent { action=ACTION_UP, keyCode=KEYCODE_DPAD_UP, scanCode=0, metaState=0, flags=0x420, repeatCount=0, eventTime=1581633, downTime=1581633, deviceId=-1, source=0x101 }
04-13 11:39:12.830  1869  1869 W ViewRootImpl: Cancelling event due to no window focus: KeyEvent { action=ACTION_UP, keyCode=KEYCODE_DPAD_UP, scanCode=0, metaState=0, flags=0x420, repeatCount=0, eventTime=1581633, downTime=1581633, deviceId=-1, source=0x101 }
04-13 11:39:12.846  1869  1869 W ViewRootImpl: Dropping event due to no window focus: KeyEvent { action=ACTION_DOWN, keyCode=KEYCODE_DPAD_UP, scanCode=0, metaState=0, flags=0x400, repeatCount=0, eventTime=1581633, downTime=1581633, deviceId=-1, source=0x101 }
04-13 11:39:12.848  1869  1869 W ViewRootImpl: Cancelling event due to no window focus: KeyEvent { action=ACTION_UP, keyCode=KEYCODE_DPAD_UP, scanCode=0, metaState=0, flags=0x420, repeatCount=0, eventTime=1581633, downTime=1581633, deviceId=-1, source=0x101 }
04-13 11:39:12.851  1869  1869 W ViewRootImpl: Cancelling event due to no window focus: KeyEvent { action=ACTION_UP, keyCode=KEYCODE_DPAD_UP, scanCode=0, metaState=0, flags=0x420, repeatCount=0, eventTime=1581633, downTime=1581633, deviceId=-1, source=0x101 }
04-13 11:39:12.851  1869  1869 W ViewRootImpl: Cancelling event due to no window focus: KeyEvent { action=ACTION_UP, keyCode=KEYCODE_DPAD_UP, scanCode=0, metaState=0, flags=0x420, repeatCount=0, eventTime=1581633, downTime=1581633, deviceId=-1, source=0x101 }
04-13 11:39:12.882  1869  1869 W ViewRootImpl: Dropping event due to no window focus: KeyEvent { action=ACTION_MULTIPLE, keyCode=KEYCODE_DPAD_UP, scanCode=0, metaState=0, flags=0x400, repeatCount=16, eventTime=1581634, downTime=1581634, deviceId=-1, source=0x101 }
04-13 11:39:12.883  1869  1869 W ViewRootImpl: Dropping event due to no window focus: KeyEvent { action=ACTION_DOWN, keyCode=KEYCODE_DPAD_UP, scanCode=0, metaState=0, flags=0x400, repeatCount=0, eventTime=1581635, downTime=1581635, deviceId=-1, source=0x101 }
04-13 11:39:12.883  1869  1869 W ViewRootImpl: Cancelling event due to no window focus: KeyEvent { action=ACTION_UP, keyCode=KEYCODE_DPAD_UP, scanCode=0, metaState=0, flags=0x420, repeatCount=0, eventTime=1581635, downTime=1581635, deviceId=-1, source=0x101 }
04-13 11:39:12.884  1869  1869 W ViewRootImpl: Cancelling event due to no window focus: KeyEvent { action=ACTION_UP, keyCode=KEYCODE_DPAD_UP, scanCode=0, metaState=0, flags=0x420, repeatCount=0, eventTime=1581635, downTime=1581635, deviceId=-1, source=0x101 }
04-13 11:39:12.884  1869  1869 W ViewRootImpl: Cancelling event due to no window focus: KeyEvent { action=ACTION_UP, keyCode=KEYCODE_DPAD_UP, scanCode=0, metaState=0, flags=0x420, repeatCount=0, eventTime=1581635, downTime=1581635, deviceId=-1, source=0x101 }
04-13 11:39:12.910  1869  1869 W ViewRootImpl: Dropping event due to no window focus: KeyEvent { action=ACTION_MULTIPLE, keyCode=KEYCODE_DPAD_LEFT, scanCode=0, metaState=0, flags=0x400, repeatCount=2, eventTime=1581637, downTime=1581637, deviceId=-1, source=0x101 }
04-13 11:39:12.911  1869  1869 W ViewRootImpl: Dropping event due to no window focus: KeyEvent { action=ACTION_DOWN, keyCode=KEYCODE_DPAD_LEFT, scanCode=0, metaState=0, flags=0x400, repeatCount=0, eventTime=1581637, downTime=1581637, deviceId=-1, source=0x101 }
04-13 11:39:12.912  1869  1869 W ViewRootImpl: Cancelling event due to no window focus: KeyEvent { action=ACTION_UP, keyCode=KEYCODE_DPAD_LEFT, scanCode=0, metaState=0, flags=0x420, repeatCount=0, eventTime=1581637, downTime=1581637, deviceId=-1, source=0x101 }
04-13 11:39:12.912  1869  1869 W ViewRootImpl: Cancelling event due to no window focus: KeyEvent { action=ACTION_UP, keyCode=KEYCODE_DPAD_LEFT, scanCode=0, metaState=0, flags=0x420, repeatCount=0, eventTime=1581637, downTime=1581637, deviceId=-1, source=0x101 }
04-13 11:39:12.913  1869  1869 W ViewRootImpl: Cancelling event due to no window focus: KeyEvent { action=ACTION_UP, keyCode=KEYCODE_DPAD_LEFT, scanCode=0, metaState=0, flags=0x420, repeatCount=0, eventTime=1581637, downTime=1581637, deviceId=-1, source=0x101 }
04-13 11:39:12.930  1869  1869 W ViewRootImpl: Dropping event due to no window focus: KeyEvent { action=ACTION_DOWN, keyCode=KEYCODE_DPAD_LEFT, scanCode=0, metaState=0, flags=0x400, repeatCount=0, eventTime=1581637, downTime=1581637, deviceId=-1, source=0x101 }
04-13 11:39:12.931  1869  1869 W ViewRootImpl: Cancelling event due to no window focus: KeyEvent { action=ACTION_UP, keyCode=KEYCODE_DPAD_LEFT, scanCode=0, metaState=0, flags=0x420, repeatCount=0, eventTime=1581637, downTime=1581637, deviceId=-1, source=0x101 }
04-13 11:39:12.931  1869  1869 W ViewRootImpl: Cancelling event due to no window focus: KeyEvent { action=ACTION_UP, keyCode=KEYCODE_DPAD_LEFT, scanCode=0, metaState=0, flags=0x420, repeatCount=0, eventTime=1581637, downTime=1581637, deviceId=-1, source=0x101 }
04-13 11:39:12.932  1869  1869 W ViewRootImpl: Cancelling event due to no window focus: KeyEvent { action=ACTION_UP, keyCode=KEYCODE_DPAD_LEFT, scanCode=0, metaState=0, flags=0x420, repeatCount=0, eventTime=1581637, downTime=1581637, deviceId=-1, source=0x101 }
04-13 11:39:12.942  1869  1869 W ViewRootImpl: Dropping event due to no window focus: KeyEvent { action=ACTION_DOWN, keyCode=KEYCODE_DPAD_LEFT, scanCode=0, metaState=0, flags=0x400, repeatCount=0, eventTime=1581637, downTime=1581637, deviceId=-1, source=0x101 }
04-13 11:39:12.942  1869  1869 W ViewRootImpl: Cancelling event due to no window focus: KeyEvent { action=ACTION_UP, keyCode=KEYCODE_DPAD_LEFT, scanCode=0, metaState=0, flags=0x420, repeatCount=0, eventTime=1581637, downTime=1581637, deviceId=-1, source=0x101 }
04-13 11:39:12.943  1869  1869 W ViewRootImpl: Cancelling event due to no window focus: KeyEvent { action=ACTION_UP, keyCode=KEYCODE_DPAD_LEFT, scanCode=0, metaState=0, flags=0x420, repeatCount=0, eventTime=1581637, downTime=1581637, deviceId=-1, source=0x101 }
04-13 11:39:12.943  1869  1869 W ViewRootImpl: Cancelling event due to no window focus: KeyEvent { action=ACTION_UP, keyCode=KEYCODE_DPAD_LEFT, scanCode=0, metaState=0, flags=0x420, repeatCount=0, eventTime=1581637, downTime=1581637, deviceId=-1, source=0x101 }
04-13 11:39:12.972  1869  1869 W ViewRootImpl: Dropping event due to no window focus: KeyEvent { action=ACTION_DOWN, keyCode=KEYCODE_DPAD_CENTER, scanCode=0, metaState=0, flags=0x8, repeatCount=0, eventTime=1581540, downTime=1581540, deviceId=-1, source=0x101 }
04-13 11:39:13.042   709  1274 W InputMethodManagerService: Window already focused, ignoring focus gain of: com.android.internal.view.IInputMethodClient$Stub$Proxy@3e90fb20 attribute=null, token = android.os.BinderProxy@3a39355c
04-13 11:39:24.628   709   725 W ProcessCpuTracker: Skipping unknown process pid 4767
04-13 11:39:28.146   709  5468 I ActivityManager: START u0 {act=android.intent.action.MAIN cat=[android.intent.category.LAUNCHER] flg=0x10200000 cmp=com.zhihu.android/.app.ui.activity.MainActivity} from uid 0 on display 0
04-13 11:39:34.912   709 29519 V WindowManager: Adding window Window{d5aa94c u0 SubPanel:com.zhihu.android/com.zhihu.android.app.ui.activity.MainActivity} at 4 of 10 (after Window{19c5f065 u0 com.zhihu.android/com.zhihu.android.app.ui.activity.MainActivity})
04-13 11:39:35.304  1869  1869 W ViewRootImpl: Cancelling event due to no window focus: KeyEvent { action=ACTION_UP, keyCode=KEYCODE_4, scanCode=0, metaState=0, flags=0x80000028, repeatCount=0, eventTime=1601507, downTime=1601507, deviceId=-1, source=0x101 }
04-13 11:39:38.690   709 10377 W InputManager: Input event injection from pid 2745 failed.
04-13 11:39:38.705   709  1003 W InputMethodManagerService: Window already focused, ignoring focus gain of: com.android.internal.view.IInputMethodClient$Stub$Proxy@bf76d95 attribute=null, token = android.os.BinderProxy@3a39355c
04-13 11:39:50.369   709  1243 V WindowManager: Adding window Window{168daa9b u0 SubPanel:com.zhihu.android/com.zhihu.android.app.ui.activity.MainActivity} at 4 of 10 (after Window{19c5f065 u0 com.zhihu.android/com.zhihu.android.app.ui.activity.MainActivity})
04-13 11:39:51.426   709  9904 W InputMethodManagerService: Window already focused, ignoring focus gain of: com.android.internal.view.IInputMethodClient$Stub$Proxy@132f0e38 attribute=null, token = android.os.BinderProxy@3a39355c
04-13 11:39:55.835   709   726 V WindowManager: Adding window Window{30269b76 u0 SubPanel:com.zhihu.android/com.zhihu.android.app.ui.activity.MainActivity} at 4 of 10 (after Window{19c5f065 u0 com.zhihu.android/com.zhihu.android.app.ui.activity.MainActivity})
04-13 11:39:56.812   709 10377 W InputManager: Input event injection from pid 2745 failed.
04-13 11:39:56.815   709   725 W InputManager: Input event injection from pid 2745 failed.
04-13 11:39:56.824   709  1229 W InputManager: Input event injection from pid 2745 failed.
04-13 11:39:56.827   709  5468 W InputManager: Input event injection from pid 2745 failed.
04-13 11:39:56.837   709   804 W InputManager: Input event injection from pid 2745 failed.
04-13 11:39:56.839   709  1191 W InputManager: Input event injection from pid 2745 failed.
04-13 11:39:56.845   709   726 W InputManager: Input event injection from pid 2745 failed.
04-13 11:39:56.884   709  1243 W InputMethodManagerService: Window already focused, ignoring focus gain of: com.android.internal.view.IInputMethodClient$Stub$Proxy@37125577 attribute=null, token = android.os.BinderProxy@3a39355c
04-13 11:40:21.670   709  1220 V WindowManager: Adding window Window{3518ba4d u0 SubPanel:com.zhihu.android/com.zhihu.android.app.ui.activity.MainActivity} at 4 of 10 (after Window{19c5f065 u0 com.zhihu.android/com.zhihu.android.app.ui.activity.MainActivity})
04-13 11:40:22.746   709  1003 W InputMethodManagerService: Window already focused, ignoring focus gain of: com.android.internal.view.IInputMethodClient$Stub$Proxy@8d8f902 attribute=null, token = android.os.BinderProxy@3a39355c
04-13 11:40:25.734   709  5468 I ActivityManager: START u0 {act=android.intent.action.MAIN cat=[android.intent.category.LAUNCHER] flg=0x10200000 cmp=com.zhihu.android/.app.ui.activity.MainActivity} from uid 0 on display 0
04-13 11:40:36.861  1869  1869 W ViewRootImpl: Dropping event due to no window focus: MotionEvent { action=ACTION_MOVE, id[0]=0, x[0]=-2.0, y[0]=-4.0, toolType[0]=TOOL_TYPE_UNKNOWN, buttonState=0, metaState=0, flags=0x0, edgeFlags=0x0, pointerCount=1, historySize=0, eventTime=1664968, downTime=-1, deviceId=0, source=0x10004 }
04-13 11:40:37.039  1869  1869 W ViewRootImpl: Dropping event due to no window focus: MotionEvent { action=ACTION_MOVE, id[0]=0, x[0]=3.0, y[0]=4.0, toolType[0]=TOOL_TYPE_UNKNOWN, buttonState=0, metaState=0, flags=0x0, edgeFlags=0x0, pointerCount=1, historySize=8, eventTime=1664991, downTime=-1, deviceId=0, source=0x10004 }
04-13 11:40:37.379   709   725 W InputMethodManagerService: Window already focused, ignoring focus gain of: com.android.internal.view.IInputMethodClient$Stub$Proxy@261a34e attribute=null, token = android.os.BinderProxy@3a39355c
04-13 11:40:38.460   709   804 W ProcessCpuTracker: Skipping unknown process pid 20828
04-13 11:40:49.811   709   815 D ConnectivityService: updateNetworkScore for NetworkAgentInfo [WIFI () - 100] to 55
04-13 11:40:49.812   709   815 D ConnectivityService: rematching NetworkAgentInfo [WIFI () - 100]
04-13 11:40:49.812   709   815 D ConnectivityService: Network NetworkAgentInfo [WIFI () - 100] was already satisfying request 1. No change.
04-13 11:40:49.812   709   815 D ConnectivityService: notifyType AVAILABLE for NetworkAgentInfo [WIFI () - 100]
04-13 11:40:52.880   709   815 D ConnectivityService: updateNetworkScore for NetworkAgentInfo [WIFI () - 100] to 56
04-13 11:40:52.880   709   815 D ConnectivityService: rematching NetworkAgentInfo [WIFI () - 100]
04-13 11:40:52.880   709   815 D ConnectivityService: Network NetworkAgentInfo [WIFI () - 100] was already satisfying request 1. No change.
04-13 11:40:52.880   709   815 D ConnectivityService: notifyType AVAILABLE for NetworkAgentInfo [WIFI () - 100]
04-13 11:40:59.160   709   815 D ConnectivityService: updateNetworkScore for NetworkAgentInfo [WIFI () - 100] to 55
04-13 11:40:59.160   709   815 D ConnectivityService: rematching NetworkAgentInfo [WIFI () - 100]
04-13 11:40:59.160   709   815 D ConnectivityService: Network NetworkAgentInfo [WIFI () - 100] was already satisfying request 1. No change.
04-13 11:40:59.161   709   815 D ConnectivityService: notifyType AVAILABLE for NetworkAgentInfo [WIFI () - 100]
04-13 11:41:02.210   709   815 D ConnectivityService: updateNetworkScore for NetworkAgentInfo [WIFI () - 100] to 56
04-13 11:41:02.211   709   815 D ConnectivityService: rematching NetworkAgentInfo [WIFI () - 100]
04-13 11:41:02.211   709   815 D ConnectivityService: Network NetworkAgentInfo [WIFI () - 100] was already satisfying request 1. No change.
04-13 11:41:02.212   709   815 D ConnectivityService: notifyType AVAILABLE for NetworkAgentInfo [WIFI () - 100]
04-13 11:41:03.661   709  9904 V WindowManager: Adding window Window{22ea708b u0 SubPanel:com.zhihu.android/com.zhihu.android.app.ui.activity.MainActivity} at 4 of 10 (after Window{19c5f065 u0 com.zhihu.android/com.zhihu.android.app.ui.activity.MainActivity})
04-13 11:41:09.763   709  9904 W InputMethodManagerService: Window already focused, ignoring focus gain of: com.android.internal.view.IInputMethodClient$Stub$Proxy@229e7568 attribute=null, token = android.os.BinderProxy@3a39355c
04-13 11:41:24.054   709 29519 V WindowManager: Adding window Window{6237bfe u0 SubPanel:com.zhihu.android/com.zhihu.android.app.ui.activity.MainActivity} at 4 of 10 (after Window{19c5f065 u0 com.zhihu.android/com.zhihu.android.app.ui.activity.MainActivity})
04-13 11:41:26.108   709  1220 W InputMethodManagerService: Window already focused, ignoring focus gain of: com.android.internal.view.IInputMethodClient$Stub$Proxy@182f5a75 attribute=null, token = android.os.BinderProxy@3a39355c
04-13 11:41:28.138   709 29519 V WindowManager: Adding window Window{23bc927b u0 SubPanel:com.zhihu.android/com.zhihu.android.app.ui.activity.MainActivity} at 4 of 10 (after Window{19c5f065 u0 com.zhihu.android/com.zhihu.android.app.ui.activity.MainActivity})
04-13 11:41:29.365   709   804 W InputMethodManagerService: Window already focused, ignoring focus gain of: com.android.internal.view.IInputMethodClient$Stub$Proxy@142828f1 attribute=null, token = android.os.BinderProxy@3a39355c
04-13 11:41:32.202   709  1220 V WindowManager: Adding window Window{b77db57 u0 SubPanel:com.zhihu.android/com.zhihu.android.app.ui.activity.MainActivity} at 4 of 10 (after Window{19c5f065 u0 com.zhihu.android/com.zhihu.android.app.ui.activity.MainActivity})
04-13 11:41:33.248   709  1220 W InputMethodManagerService: Window already focused, ignoring focus gain of: com.android.internal.view.IInputMethodClient$Stub$Proxy@23271644 attribute=null, token = android.os.BinderProxy@3a39355c
04-13 11:41:35.874   709  1243 W InputMethodManagerService: Window already focused, ignoring focus gain of: com.android.internal.view.IInputMethodClient$Stub$Proxy@1d05632d attribute=android.view.inputmethod.EditorInfo@21512062, token = android.os.BinderProxy@3a39355c
04-13 11:41:37.284   709   726 V WindowManager: Adding window Window{da152b0 u0 SubPanel:com.zhihu.android/com.zhihu.android.app.ui.activity.MainActivity} at 4 of 10 (after Window{19c5f065 u0 com.zhihu.android/com.zhihu.android.app.ui.activity.MainActivity})
04-13 11:41:38.277   709  1191 W InputManager: Input event injection from pid 2745 failed.
04-13 11:41:38.286   709   803 W InputManager: Input event injection from pid 2745 failed.
04-13 11:41:38.293   709 29519 W InputManager: Input event injection from pid 2745 failed.
04-13 11:41:38.311   709  1274 W InputMethodManagerService: Window already focused, ignoring focus gain of: com.android.internal.view.IInputMethodClient$Stub$Proxy@19020529 attribute=android.view.inputmethod.EditorInfo@2a24e0ae, token = android.os.BinderProxy@3a39355c
04-13 11:41:38.801   709   815 D ConnectivityService: updateNetworkScore for NetworkAgentInfo [WIFI () - 100] to 55
04-13 11:41:38.801   709   815 D ConnectivityService: rematching NetworkAgentInfo [WIFI () - 100]
04-13 11:41:38.802   709   815 D ConnectivityService: Network NetworkAgentInfo [WIFI () - 100] was already satisfying request 1. No change.
04-13 11:41:38.804   709   815 D ConnectivityService: notifyType AVAILABLE for NetworkAgentInfo [WIFI () - 100]
04-13 11:41:41.849   709   815 D ConnectivityService: updateNetworkScore for NetworkAgentInfo [WIFI () - 100] to 56
04-13 11:41:41.850   709   815 D ConnectivityService: rematching NetworkAgentInfo [WIFI () - 100]
04-13 11:41:41.850   709   815 D ConnectivityService: Network NetworkAgentInfo [WIFI () - 100] was already satisfying request 1. No change.
04-13 11:41:41.851   709   815 D ConnectivityService: notifyType AVAILABLE for NetworkAgentInfo [WIFI () - 100]
04-13 11:41:44.479   709  1191 W ProcessCpuTracker: Skipping unknown process pid 27458
04-13 11:41:50.651   709   774 W ProcessCpuTracker: Skipping unknown process pid 27477
04-13 11:41:50.656   709   774 W ProcessCpuTracker: Skipping unknown process pid 27478
04-13 11:41:54.703   709   794 I ActivityManager: START u0 {act=android.intent.action.MAIN cat=[android.intent.category.LAUNCHER] flg=0x10000000 cmp=com.android.email/.activity.Welcome sel=act=android.intent.action.MAIN cat=[android.intent.category.APP_EMAIL]}} from uid 1000 on display 0
04-13 11:42:02.890   709 29519 V WindowManager: Adding window Window{1640e9dc u0 SubPanel:com.zhihu.android/com.zhihu.android.app.ui.activity.MainActivity} at 4 of 10 (after Window{19c5f065 u0 com.zhihu.android/com.zhihu.android.app.ui.activity.MainActivity})
04-13 11:42:04.938   709  1243 W InputMethodManagerService: Window already focused, ignoring focus gain of: com.android.internal.view.IInputMethodClient$Stub$Proxy@3d0ccae5 attribute=android.view.inputmethod.EditorInfo@366259ba, token = android.os.BinderProxy@3a39355c
