08-09 01:57:59.830     0   181 I Vold    : Vold 2.1 (the revenge) firing up
08-09 01:58:08.790   709   709 I InstallerConnection: disconnecting...
08-09 01:58:08.858   709   709 I SystemServer: Entered the Android system server!
08-09 01:58:09.033   709   709 I SystemServiceManager: Starting com.android.server.pm.Installer
08-09 01:58:09.036   709   709 I Installer: Waiting for installd to be ready.
08-09 01:58:09.036   709   709 I InstallerConnection: connecting...
08-09 01:58:09.038   709   709 I SystemServiceManager: Starting com.android.server.am.ActivityManagerService$Lifecycle
08-09 01:58:09.066   709   709 I ActivityManager: Memory class: 192
08-09 01:58:09.069   709   774 I ServiceThread: Enabled StrictMode logging for ActivityManager looper.
08-09 01:58:09.476   709   709 I IntentFirewall: Read new rules (A:0 B:0 S:0)
08-09 01:58:09.489   709   777 I ServiceThread: Enabled StrictMode logging for android.ui looper.
08-09 01:58:09.494   709   779 I ServiceThread: Enabled StrictMode logging for android.display looper.
08-09 01:58:09.514   709   709 D AppOps  : AppOpsService published
08-09 01:58:09.515   709   709 I SystemServiceManager: Starting com.android.server.power.PowerManagerService
08-09 01:58:09.519   709   781 I ServiceThread: Enabled StrictMode logging for PowerManagerService looper.
08-09 01:58:09.530   709   709 I SystemServiceManager: Starting com.android.server.display.DisplayManagerService
08-09 01:58:09.538   709   709 I SystemServiceManager: Starting phase 100
08-09 01:58:09.552   709   779 I DisplayManagerService: Display device added: DisplayDeviceInfo{"Built-in Screen": uniqueId="local:0", 1080 x 1920, 60.0 fps, supportedRefreshRates [60.0], density 480, 442.451 x 443.345 dpi, appVsyncOff 7500000, presDeadline 12666667, touch INTERNAL, rotation 0, type BUILT_IN, state UNKNOWN, FLAG_DEFAULT_DISPLAY, FLAG_ROTATES_WITH_CONTENT, FLAG_SECURE, FLAG_SUPPORTS_PROTECTED_BUFFERS}
08-09 01:58:09.555   709   709 I SystemServer: Package Manager
08-09 01:58:09.581   709   709 W SystemConfig: No directory /system/etc/sysconfig, skipping
08-09 01:58:09.759   709   709 D SELinuxMMAC: Using policy file /system/etc/security/mac_permissions.xml
08-09 01:58:10.724   709   709 W PackageParser: No actions in intent filter at /system/priv-app/Contacts/Contacts.apk Binary XML file line #356
08-09 01:58:10.884   709   709 W PackageParser: No actions in intent filter at /system/priv-app/Dialer/Dialer.apk Binary XML file line #166
08-09 01:58:12.072   709   709 W PackageParser: Unknown element under <intent-filter>: android at /system/priv-app/Telecom/Telecom.apk Binary XML file line #232
08-09 01:58:12.300   709   709 W PackageParser: No actions in intent filter at /system/app/Bluetooth/Bluetooth.apk Binary XML file line #209
08-09 01:58:13.055   709   709 W PackageParser: Unknown element under <application>: permission at /system/app/Gallery2/Gallery2.apk Binary XML file line #242
08-09 01:58:13.055   709   709 W PackageParser: Unknown element under <application>: permission at /system/app/Gallery2/Gallery2.apk Binary XML file line #245
08-09 01:58:14.246   709   709 W PackageManager: Failed to parse /system/app/qcrilmsgtunnel: Signature mismatch for shared user : SharedUserSetting{246aafcf android.uid.phone/1001}
08-09 01:58:14.882   709   709 W PackageManager: Package com.android.gallery3d desires unavailable shared library com.google.android.media.effects; ignoring!
08-09 01:58:14.883   709   709 W PackageManager: Package com.android.gallery3d desires unavailable shared library com.google.android.media.effects; ignoring!
08-09 01:58:14.884   709   709 I PackageManager: Adjusting ABI for : com.android.inputdevices to armeabi-v7a
08-09 01:58:14.885   709   709 I PackageManager: Adjusting ABI for : com.android.server.telecom to armeabi-v7a
08-09 01:58:14.885   709   709 I PackageManager: Adjusting ABI for : com.android.location.fused to armeabi-v7a
08-09 01:58:14.886   709   709 I PackageManager: Adjusting ABI for : com.android.settings to armeabi-v7a
08-09 01:58:14.887   709   709 I PackageManager: Adjusting ABI for : com.android.providers.settings to armeabi-v7a
08-09 01:58:14.888   709   709 I PackageManager: Adjusting ABI for : com.android.keychain to armeabi-v7a
08-09 01:58:14.909   709   709 I PackageManager: Time to scan packages: 4.599 seconds
08-09 01:58:14.912   709   709 W PackageManager: Unknown permission com.google.android.googleapps.permission.GOOGLE_AUTH in package com.android.providers.calendar
08-09 01:58:14.912   709   709 W PackageManager: Unknown permission com.google.android.googleapps.permission.GOOGLE_AUTH.cl in package com.android.providers.calendar
08-09 01:58:14.914   709   709 W PackageManager: Not granting permission android.permission.GLOBAL_SEARCH to package com.android.quicksearchbox (protectionLevel=18 flags=0x8be45)
08-09 01:58:14.916   709   709 W PackageManager: Not granting permission android.permission.ACCESS_DOWNLOAD_MANAGER to package com.android.browser (protectionLevel=18 flags=0x9be45)
08-09 01:58:14.918   709   709 W PackageManager: Not granting permission android.permission.SEND_DOWNLOAD_COMPLETED_INTENTS to package com.android.browser (protectionLevel=2 flags=0x9be45)
08-09 01:58:14.921   709   709 W PackageManager: Not granting permission android.permission.BIND_WALLPAPER to package com.android.camera2 (protectionLevel=18 flags=0x58bc45)
08-09 01:58:14.924   709   709 W PackageManager: Unknown permission android.permission.INSTALL_DRM in package com.android.mms
08-09 01:58:14.924   709   709 W PackageManager: Unknown permission android.permission.NFC_UNLOCK in package com.android.nfc
08-09 01:58:14.927   709   709 W PackageManager: Not granting permission android.permission.BIND_APPWIDGET to package com.android.launcher3 (protectionLevel=18 flags=0x483e45)
08-09 01:58:14.927   709   709 W PackageManager: Unknown permission com.android.launcher.permission.READ_SETTINGS in package com.android.launcher3
08-09 01:58:14.927   709   709 W PackageManager: Unknown permission com.android.launcher.permission.WRITE_SETTINGS in package com.android.launcher3
08-09 01:58:14.929   709   709 W PackageManager: Unknown permission com.google.android.googleapps.permission.GOOGLE_AUTH.mail in package com.android.calendar
08-09 01:58:14.929   709   709 W PackageManager: Unknown permission com.android.launcher.permission.READ_SETTINGS in package com.android.onetimeinitializer
08-09 01:58:14.930   709   709 W PackageManager: Unknown permission com.android.launcher.permission.WRITE_SETTINGS in package com.android.onetimeinitializer
08-09 01:58:14.934   709   709 W PackageManager: Not granting permission android.permission.DELETE_PACKAGES to package com.svox.pico (protectionLevel=18 flags=0x8be45)
08-09 01:58:14.937   709   709 W PackageManager: Unknown permission com.google.android.gallery3d.permission.PICASA_STORE in package com.android.dreams.phototable
08-09 01:58:14.937   709   709 W PackageManager: Not granting permission android.permission.MOUNT_UNMOUNT_FILESYSTEMS to package com.zhihu.android (protectionLevel=18 flags=0x583e44)
08-09 01:58:14.938   709   709 W PackageManager: Unknown permission android.Manifest.permission.DEVICE_POWER in package com.zhihu.android
08-09 01:58:14.939   709   709 W PackageManager: Unknown permission com.google.android.googleapps.permission.GOOGLE_AUTH in package com.android.settings
08-09 01:58:14.940   709   709 W PackageManager: Unknown permission com.android.launcher.permission.READ_SETTINGS in package com.android.settings
08-09 01:58:14.940   709   709 W PackageManager: Unknown permission com.android.launcher.permission.WRITE_SETTINGS in package com.android.settings
08-09 01:58:14.949   709   709 W PackageManager: Not granting permission android.permission.DEVICE_POWER to package com.android.deskclock (protectionLevel=2 flags=0x48be45)
08-09 01:58:14.954   709   709 W PackageManager: Unknown permission com.google.android.gallery3d.permission.GALLERY_PROVIDER in package com.android.bluetooth
08-09 01:58:14.956   709   709 W PackageManager: Unknown permission com.google.android.googleapps.permission.ACCESS_GOOGLE_PASSWORD in package com.android.development
08-09 01:58:14.956   709   709 W PackageManager: Unknown permission com.google.android.googleapps.permission.GOOGLE_AUTH in package com.android.development
08-09 01:58:14.956   709   709 W PackageManager: Unknown permission com.google.android.googleapps.permission.GOOGLE_AUTH.ALL_SERVICES in package com.android.development
08-09 01:58:14.956   709   709 W PackageManager: Unknown permission com.google.android.googleapps.permission.GOOGLE_AUTH.YouTubeUser in package com.android.development
08-09 01:58:15.325   709   709 I SystemServer: User Service
08-09 01:58:15.341   709   709 I SystemServiceManager: Starting com.android.server.lights.LightsService
08-09 01:58:15.351   709   709 I SystemServiceManager: Starting com.android.server.BatteryService
08-09 01:58:15.413   709   709 I SystemServiceManager: Starting com.android.server.usage.UsageStatsService
08-09 01:58:15.425   709   709 I SystemServiceManager: Starting com.android.server.webkit.WebViewUpdateService
08-09 01:58:15.430   709   709 I SystemServer: Reading configuration...
08-09 01:58:15.430   709   709 I SystemServer: Scheduling Policy
08-09 01:58:15.432   709   709 I SystemServiceManager: Starting com.android.server.telecom.TelecomLoaderService
08-09 01:58:15.433   709   709 I SystemServer: Telephony Registry
08-09 01:58:15.441   709   709 I SystemServer: Entropy Mixer
08-09 01:58:15.457   709   709 I EntropyMixer: Added HW RNG output to entropy pool
08-09 01:58:15.457   709   709 I EntropyMixer: Writing entropy...
08-09 01:58:15.466   709   709 I SystemServer: Account Manager
08-09 01:58:15.483   709   709 I SystemServer: Content Manager
08-09 01:58:15.487   709   709 I SystemServer: System Content Providers
08-09 01:58:15.553   709   709 I SystemServer: Vibrator Service
08-09 01:58:15.557   709   709 I SystemServer: Consumer IR Service
08-09 01:58:15.558   709   709 I SystemServiceManager: Starting com.android.server.AlarmManagerService
08-09 01:58:15.574   709   709 I SystemServer: Init Watchdog
08-09 01:58:15.576   709   709 I SystemServer: Input Manager
08-09 01:58:15.578   709   709 I InputManager: Initializing input manager, mUseDevInputEventForAudioJack=true
08-09 01:58:15.581   709   709 I SystemServer: Window Manager
08-09 01:58:15.620   709   779 I WindowManager: No existing display settings /data/system/display_settings.xml; starting empty
08-09 01:58:15.726   709   709 I InputManager: Starting input manager
08-09 01:58:15.733   709   709 I SystemServer: Bluetooth Manager Service
08-09 01:58:15.741   709   709 I SystemServer: Input Method Service
08-09 01:58:15.755   709   709 W InputMethodManagerService: Couldn't create dir.: /data/system/inputmethod
08-09 01:58:15.836   709   709 I SystemServer: Accessibility Manager
08-09 01:58:15.854   709   709 I ActivityManager: Config changes=1df8 {1.0 ?mcc?mnc en_US ?layoutDir sw360dp w360dp h640dp 480dpi nrml long port ?uimode ?night -touch -keyb/v/h -nav/h s.2}
08-09 01:58:15.880   709   709 I ActivityManager: Config changes=508 {1.0 ?mcc?mnc en_US ?layoutDir sw360dp w360dp h567dp 480dpi nrml port ?uimode ?night finger -keyb/v/h -nav/h s.3}
08-09 01:58:15.883   709   709 I SystemServer: Mount Service
08-09 01:58:15.890   709   773 I UsageStatsService: User[0] Rollover scheduled @ 1971-08-09 08:00:00(50544000000)
08-09 01:58:15.891   709   709 D MountService: got storage path: null description: Internal storage primary: false removable: false emulated: true mtpReserve: 100 allowMassStorage: false maxFileSize: 0
08-09 01:58:15.894   709   709 D MountService: addVolumeLocked() StorageVolume:
08-09 01:58:15.894   709   709 D MountService:     mStorageId=65537 mPath=/storage/emulated/0 mDescriptionId=17040805 
08-09 01:58:15.894   709   709 D MountService:     mPrimary=true mRemovable=false mEmulated=true mMtpReserveSpace=100 
08-09 01:58:15.894   709   709 D MountService:     mAllowMassStorage=false mMaxFileSize=0 mOwner=UserHandle{0} mUuid=null 
08-09 01:58:15.894   709   709 D MountService:     mUserLabel=null mState=null 
08-09 01:58:15.902   709   709 I SystemServer: LockSettingsService
08-09 01:58:15.910   709   709 I SystemServiceManager: Starting com.android.server.devicepolicy.DevicePolicyManagerService$Lifecycle
08-09 01:58:15.920   709   709 I SystemServer: Status Bar
08-09 01:58:15.924   709   709 I SystemServer: Clipboard Service
08-09 01:58:15.933   709   709 I SystemServer: NetworkManagement Service
08-09 01:58:15.943   709   798 W PackageManager: Unknown permission com.google.android.googleapps.permission.GOOGLE_AUTH in package com.android.providers.calendar
08-09 01:58:15.944   709   798 W PackageManager: Unknown permission com.google.android.googleapps.permission.GOOGLE_AUTH.cl in package com.android.providers.calendar
08-09 01:58:15.944   709   709 I SystemServer: Text Service Manager Service
08-09 01:58:15.947   709   798 W PackageManager: Not granting permission android.permission.GLOBAL_SEARCH to package com.android.quicksearchbox (protectionLevel=18 flags=0x8be45)
08-09 01:58:15.950   709   798 W PackageManager: Not granting permission android.permission.ACCESS_DOWNLOAD_MANAGER to package com.android.browser (protectionLevel=18 flags=0x9be45)
08-09 01:58:15.951   709   798 W PackageManager: Not granting permission android.permission.SEND_DOWNLOAD_COMPLETED_INTENTS to package com.android.browser (protectionLevel=2 flags=0x9be45)
08-09 01:58:15.956   709   798 W PackageManager: Not granting permission android.permission.BIND_WALLPAPER to package com.android.camera2 (protectionLevel=18 flags=0x58bc45)
08-09 01:58:15.959   709   798 W PackageManager: Unknown permission android.permission.INSTALL_DRM in package com.android.mms
08-09 01:58:15.960   709   798 W PackageManager: Unknown permission android.permission.NFC_UNLOCK in package com.android.nfc
08-09 01:58:15.962   709   798 W PackageManager: Not granting permission android.permission.BIND_APPWIDGET to package com.android.launcher3 (protectionLevel=18 flags=0x483e45)
08-09 01:58:15.963   709   798 W PackageManager: Unknown permission com.android.launcher.permission.READ_SETTINGS in package com.android.launcher3
08-09 01:58:15.963   709   798 W PackageManager: Unknown permission com.android.launcher.permission.WRITE_SETTINGS in package com.android.launcher3
08-09 01:58:15.964   709   798 W PackageManager: Unknown permission com.google.android.googleapps.permission.GOOGLE_AUTH.mail in package com.android.calendar
08-09 01:58:15.966   709   798 W PackageManager: Unknown permission com.android.launcher.permission.READ_SETTINGS in package com.android.onetimeinitializer
08-09 01:58:15.966   709   798 W PackageManager: Unknown permission com.android.launcher.permission.WRITE_SETTINGS in package com.android.onetimeinitializer
08-09 01:58:15.969   709   798 W PackageManager: Not granting permission android.permission.DELETE_PACKAGES to package com.svox.pico (protectionLevel=18 flags=0x8be45)
08-09 01:58:15.972   709   798 W PackageManager: Unknown permission com.google.android.gallery3d.permission.PICASA_STORE in package com.android.dreams.phototable
08-09 01:58:15.972   709   798 W PackageManager: Not granting permission android.permission.MOUNT_UNMOUNT_FILESYSTEMS to package com.zhihu.android (protectionLevel=18 flags=0x583e44)
08-09 01:58:15.972   709   798 W PackageManager: Unknown permission android.Manifest.permission.DEVICE_POWER in package com.zhihu.android
08-09 01:58:15.974   709   798 W PackageManager: Unknown permission com.google.android.googleapps.permission.GOOGLE_AUTH in package com.android.settings
08-09 01:58:15.975   709   798 W PackageManager: Unknown permission com.android.launcher.permission.READ_SETTINGS in package com.android.settings
08-09 01:58:15.975   709   798 W PackageManager: Unknown permission com.android.launcher.permission.WRITE_SETTINGS in package com.android.settings
08-09 01:58:15.982   709   798 W PackageManager: Not granting permission android.permission.DEVICE_POWER to package com.android.deskclock (protectionLevel=2 flags=0x48be45)
08-09 01:58:15.987   709   798 W PackageManager: Unknown permission com.google.android.gallery3d.permission.GALLERY_PROVIDER in package com.android.bluetooth
08-09 01:58:15.988   709   798 W PackageManager: Unknown permission com.google.android.googleapps.permission.ACCESS_GOOGLE_PASSWORD in package com.android.development
08-09 01:58:15.988   709   798 W PackageManager: Unknown permission com.google.android.googleapps.permission.GOOGLE_AUTH in package com.android.development
08-09 01:58:15.988   709   798 W PackageManager: Unknown permission com.google.android.googleapps.permission.GOOGLE_AUTH.ALL_SERVICES in package com.android.development
08-09 01:58:15.989   709   798 W PackageManager: Unknown permission com.google.android.googleapps.permission.GOOGLE_AUTH.YouTubeUser in package com.android.development
08-09 01:58:16.352   709   709 I SystemServer: Network Score Service
08-09 01:58:16.355   709   709 I SystemServer: NetworkStats Service
08-09 01:58:16.373   709   709 I SystemServer: NetworkPolicy Service
08-09 01:58:16.399   709   709 I SystemServiceManager: Starting com.android.server.wifi.p2p.WifiP2pService
08-09 01:58:16.446   709   709 I SystemServiceManager: Starting com.android.server.wifi.WifiService
08-09 01:58:16.655   709   709 I SystemServiceManager: Starting com.android.server.wifi.WifiScanningService
08-09 01:58:16.657   709   709 I SystemServiceManager: Starting com.android.server.wifi.RttService
08-09 01:58:16.661   709   709 I SystemServiceManager: Starting com.android.server.ethernet.EthernetService
08-09 01:58:16.671   709   709 I SystemServer: Connectivity Service
08-09 01:58:16.679   709   709 D ConnectivityService: ConnectivityService starting up
08-09 01:58:16.686   709   709 D ConnectivityService: wifiOnly=false
08-09 01:58:16.689   709   709 E ConnectivityService: Ignoring protectedNetwork 15
08-09 01:58:16.722   709   709 I SystemServer: Network Service Discovery Service
08-09 01:58:16.729   709   709 D NsdService: Network service discovery enabled true
08-09 01:58:16.733   709   709 I SystemServer: UpdateLock Service
08-09 01:58:16.815   709   709 I SystemServiceManager: Starting com.android.server.notification.NotificationManagerService
08-09 01:58:16.907   709   709 D ZenLog  : set_zen_mode: off,setting
08-09 01:58:16.913   709   709 I SystemServiceManager: Starting com.android.server.storage.DeviceStorageMonitorService
08-09 01:58:16.922   709   709 I SystemServer: Location Manager
08-09 01:58:16.929   709   709 I SystemServer: Country Detector
08-09 01:58:16.931   709   709 I SystemServer: Search Service
08-09 01:58:16.938   709   709 I SystemServer: DropBox Service
08-09 01:58:16.943   709   709 I SystemServer: Wallpaper Service
08-09 01:58:16.956   709   709 I SystemServer: Audio Service
08-09 01:58:17.088   709   709 I SystemServiceManager: Starting com.android.server.DockObserver
08-09 01:58:17.091   709   709 W DockObserver: This kernel does not have dock station support
08-09 01:58:17.092   709   709 I SystemServer: Wired Accessory Manager
08-09 01:58:17.102   709   709 I SystemServiceManager: Starting com.android.server.usb.UsbService$Lifecycle
08-09 01:58:17.127   709   709 I SystemServer: Serial Service
08-09 01:58:17.128   709   709 I SystemServiceManager: Starting com.android.server.twilight.TwilightService
08-09 01:58:17.138   709   709 I SystemServiceManager: Starting com.android.server.UiModeManagerService
08-09 01:58:17.148   709   709 I SystemServiceManager: Starting com.android.server.job.JobSchedulerService
08-09 01:58:17.166   709   709 I SystemServiceManager: Starting com.android.server.backup.BackupManagerService$Lifecycle
08-09 01:58:17.171   709   709 I SystemServiceManager: Starting com.android.server.appwidget.AppWidgetService
08-09 01:58:17.179   709   709 I SystemServiceManager: Starting com.android.server.voiceinteraction.VoiceInteractionManagerService
08-09 01:58:17.187   709   709 W SoundTriggerHelper: listModules status=0, # of modules=0
08-09 01:58:17.187   709   709 I SystemServer: DiskStats Service
08-09 01:58:17.188   709   709 I SystemServer: SamplingProfiler Service
08-09 01:58:17.199   709   709 I SystemServer: NetworkTimeUpdateService
08-09 01:58:17.202   709   709 I SystemServer: CommonTimeManagementService
08-09 01:58:17.211   709   709 I SystemServer: CertBlacklister
08-09 01:58:17.214   709   709 I SystemServiceManager: Starting com.android.server.dreams.DreamManagerService
08-09 01:58:17.222   709   709 I SystemServer: Assets Atlas Service
08-09 01:58:17.287   709   709 I SystemServiceManager: Starting com.android.server.print.PrintManagerService
08-09 01:58:17.295   709   709 I SystemServiceManager: Starting com.android.server.restrictions.RestrictionsManagerService
08-09 01:58:17.299   709   709 I SystemServiceManager: Starting com.android.server.media.MediaSessionService
08-09 01:58:17.317   709   709 I SystemServer: Media Router Service
08-09 01:58:17.323   709   709 I SystemServiceManager: Starting com.android.server.trust.TrustManagerService
08-09 01:58:17.332   709   709 I SystemServiceManager: Starting com.android.server.fingerprint.FingerprintService
08-09 01:58:17.338   709   709 I SystemServer: BackgroundDexOptService
08-09 01:58:17.344   709   709 I SystemServiceManager: Starting com.android.server.pm.LauncherAppsService
08-09 01:58:17.350   709   709 I SystemServiceManager: Starting com.android.server.media.projection.MediaProjectionManagerService
08-09 01:58:17.406   709   709 I SystemServiceManager: Starting com.android.server.MmsServiceBroker
08-09 01:58:17.456   709   709 E LockSettingsStorage: Cannot read file java.io.FileNotFoundException: /data/system/password.key: open failed: ENOENT (No such file or directory)
08-09 01:58:17.457   709   709 E LockSettingsStorage: Cannot read file java.io.FileNotFoundException: /data/system/gesture.key: open failed: ENOENT (No such file or directory)
08-09 01:58:17.457   709   709 I SystemServiceManager: Starting phase 480
08-09 01:58:17.480   709   709 I SystemServiceManager: Starting phase 500
08-09 01:58:17.481   709   709 I WifiService: WifiService starting up with Wi-Fi enabled
08-09 01:58:17.487   709   709 D WifiService: setWifiEnabled: true pid=709, uid=1000
08-09 01:58:17.487   709   709 E WifiService: Invoking mWifiStateMachine.setWifiEnabled
08-09 01:58:17.512   709   814 D WifiService: New client listening to asynchronous messages
08-09 01:58:17.539   709   709 D WifiScanningService: New client, channel: null messenger: null
08-09 01:58:17.616   709   815 D ConnectivityService: Got NetworkFactory Messenger for Ethernet
08-09 01:58:17.673   709   709 I ActivityManager: Config changes=200 {1.0 ?mcc?mnc en_US ?layoutDir sw360dp w360dp h567dp 480dpi nrml port finger -keyb/v/h -nav/h s.4}
08-09 01:58:17.693   709   709 V BackupManagerService: No ancestral data
08-09 01:58:17.705   709   709 D BackupManagerService: Now staging backup of com.android.browser
08-09 01:58:17.715   709   709 D BackupManagerService: Now staging backup of android
08-09 01:58:17.719   709   709 D BackupManagerService: Now staging backup of com.android.nfc
08-09 01:58:17.722   709   709 D BackupManagerService: Now staging backup of com.android.calendar
08-09 01:58:17.727   709   709 D BackupManagerService: Now staging backup of com.android.providers.settings
08-09 01:58:17.731   709   709 D BackupManagerService: Now staging backup of com.android.sharedstoragebackup
08-09 01:58:17.735   709   709 D BackupManagerService: Now staging backup of com.android.dialer
08-09 01:58:17.739   709   709 D BackupManagerService: Now staging backup of com.android.providers.userdictionary
08-09 01:58:17.742   709   709 V BackupManagerService: Starting with transport android/com.android.internal.backup.LocalTransport
08-09 01:58:17.743   709   709 V BackupManagerService: Found transports: 1
08-09 01:58:17.743   709   709 I BackupManagerService: Binding to transport host ComponentInfo{android/com.android.internal.backup.LocalTransportService}
08-09 01:58:17.752   709   709 I BackupManagerService: Found stale backup journal, scheduling
08-09 01:58:17.832   709   709 I AppOps  : Pruning old package media/1013: new uid=-1
08-09 01:58:17.833   709   709 I ActivityManager: System now ready
08-09 01:58:17.850   709   709 I SystemServer: Making services ready
08-09 01:58:17.850   709   709 I SystemServiceManager: Starting phase 550
08-09 01:58:17.871   709   709 I SystemServer: WebViewFactory preparation
08-09 01:58:17.952   709   779 I DisplayManagerService: Display device changed: DisplayDeviceInfo{"Built-in Screen": uniqueId="local:0", 1080 x 1920, 60.0 fps, supportedRefreshRates [60.0], density 480, 442.451 x 443.345 dpi, appVsyncOff 7500000, presDeadline 12666667, touch INTERNAL, rotation 0, type BUILT_IN, state ON, FLAG_DEFAULT_DISPLAY, FLAG_ROTATES_WITH_CONTENT, FLAG_SECURE, FLAG_SUPPORTS_PROTECTED_BUFFERS}
08-09 01:58:17.965   709   709 I ActivityManager: Start proc 833:WebViewLoader-armeabi-v7a/1037 [android.webkit.WebViewFactory$RelroFileCreator] for 
08-09 01:58:18.067   709   709 I ActivityManager: Start proc 852:com.android.systemui/u0a13 for service com.android.systemui/.SystemUIService
08-09 01:58:18.068   709   796 W MountService: Duplicate state transition (mounted -> mounted) for /storage/emulated/0
08-09 01:58:18.069   709   709 D NetworkManagementService: enabling bandwidth control
08-09 01:58:18.209   709   774 I ActivityManager: Start proc 869:android.process.media/u0a5 for broadcast com.android.providers.media/.MtpReceiver
08-09 01:58:18.388   709   725 V FingerprintService: startListening(android.service.fingerprint.IFingerprintServiceReceiver$Stub$Proxy@219cdb11)
08-09 01:58:18.947   709   803 I ActivityManager: Start proc 977:com.android.settings/1000 for broadcast com.android.settings/.widget.SettingsAppWidgetProvider
08-09 01:58:19.347   709   709 I SystemServiceManager: Starting phase 600
08-09 01:58:19.375   709   709 I BackupManagerService: Backup enabled => false
08-09 01:58:19.377   709   709 I BackupManagerService: Opting out of backup
08-09 01:58:19.462   709   709 E InputMethodManagerService: Ignoring setImeWindowStatus due to an invalid token. uid:1000 token:null
08-09 01:58:19.661   709   709 I ActivityManager: Start proc 1061:com.android.inputmethod.latin/u0a34 for service com.android.inputmethod.latin/.LatinIME
08-09 01:58:19.662   709   709 V InputMethodManagerService: Adding window token: android.os.Binder@25305ca6
08-09 01:58:19.878   709   709 W LocationManagerService: no network location provider found
08-09 01:58:19.884   709   709 E LocationManagerService: no geocoder provider found
08-09 01:58:19.901   709   709 E LocationManagerService: FLP HAL not supported
08-09 01:58:19.908   709   709 E LocationManagerService: Unable to bind FLP Geofence proxy.
08-09 01:58:19.909   709   709 E LocationManagerService: Hardware Activity-Recognition not supported.
08-09 01:58:19.991   709   709 I MmsServiceBroker: Delay connecting to MmsService until an API is called
08-09 01:58:19.994   709   709 W VoiceInteractionManagerService: no available voice interaction services found for user 0
08-09 01:58:19.994   709   709 W VoiceInteractionManagerService: no available voice recognition services found for user 0
08-09 01:58:20.137   709   709 I ActivityManager: Start proc 1147:com.android.nfc/1027 for added application com.android.nfc
08-09 01:58:20.258   709   709 I ActivityManager: Start proc 1175:com.android.phone/1001 for added application com.android.phone
08-09 01:58:20.266   709   709 I ActivityManager: START u0 {act=android.intent.action.MAIN cat=[android.intent.category.HOME] flg=0x10000000 cmp=com.android.launcher3/.Launcher} from uid 0 on display 0
08-09 01:58:20.298   709   709 V WindowManager: addAppToken: AppWindowToken{1931d4c token=Token{3b52f97f ActivityRecord{2e02aa9e u0 com.android.launcher3/.Launcher t1}}} to stack=0 task=1 at 0
08-09 01:58:20.495   709   709 I ActivityManager: Start proc 1214:com.android.launcher3/u0a35 for activity com.android.launcher3/.Launcher
08-09 01:58:20.504   709   709 I SystemServer: Enabled StrictMode for system server main thread.
08-09 01:58:20.505   709   709 V ActivityManager: Display changed displayId=0
08-09 01:58:20.507   709   709 V ActivityManager: Display changed displayId=0
08-09 01:58:20.762   709   773 I ActivityManager: Start proc 1236:com.android.printspooler/u0a46 for service com.android.printspooler/.model.PrintSpoolerService
08-09 01:58:20.804   709   709 V ActivityManager: Display changed displayId=0
08-09 01:58:20.900   709   709 I Telecom : TelecomGlobals: TelecomGlobals initializing
08-09 01:58:20.945   709  1003 I StatusBarManagerService: registerStatusBar bar=com.android.internal.statusbar.IStatusBar$Stub$Proxy@348d748b
08-09 01:58:20.975   709   815 D ConnectivityService: Got NetworkFactory Messenger for WIFI
08-09 01:58:20.975   709   815 D ConnectivityService: Got NetworkFactory Messenger for WIFI_UT
08-09 01:58:21.082   709  1256 I ActivityManager: Start proc 1259:android.process.acore/u0a2 for content provider com.android.providers.contacts/.CallLogProvider
08-09 01:58:21.171   709   709 I Telecom : TelecomGlobals: CallsManager initialized
08-09 01:58:21.175   709   709 W ContextImpl: Calling a method in the system process without a qualified user: android.app.ContextImpl.startService:1692 android.content.ContextWrapper.startService:516 com.android.server.telecom.BluetoothPhoneService.start:440 com.android.server.telecom.TelecomGlobals.initialize:93 com.android.server.telecom.TelecomService.onCreate:164 
08-09 01:58:21.203   709   709 I ValidateNoPeople: skipping global notification
08-09 01:58:21.237   709   709 V ActivityManager: Display changed displayId=0
08-09 01:58:21.244   709   709 I ValidateNoPeople: skipping global notification
08-09 01:58:21.273   709   709 D ZenLog  : downtime: Autotrigger skipped: not in downtime
08-09 01:58:21.331   709   709 W ResourcesManager: Asset path '/system/framework/com.android.location.provider.jar' does not exist or contains no resources.
08-09 01:58:21.365   709   709 V WiredAccessoryManager: notifyWiredAccessoryChanged: when=0 bits= mask=54
08-09 01:58:21.365   709   709 V WiredAccessoryManager: newName=h2w newState=0 headsetState=0 prev headsetState=0
08-09 01:58:21.366   709   709 V WiredAccessoryManager: init()
08-09 01:58:21.701   709   709 V BackupManagerService: Connected to transport ComponentInfo{android/com.android.internal.backup.LocalTransportService}
08-09 01:58:21.703   709   709 V BackupManagerService: Registering transport android/com.android.internal.backup.LocalTransportService::android/com.android.internal.backup.LocalTransport = android.app.backup.BackupTransport$TransportImpl@2ea8940b
08-09 01:58:21.732   709   709 V ActivityManager: Display changed displayId=0
08-09 01:58:21.920   709   804 I ActivityManager: Start proc 1305:com.android.smspush/u0a52 for service com.android.smspush/.WapPushManager
08-09 01:58:22.084   709   815 E ConnectivityService: Failed to find Messenger in unregisterNetworkFactory
08-09 01:58:22.102   709   815 D ConnectivityService: Got NetworkFactory Messenger for Telephony
08-09 01:58:22.296   709   814 D WifiService: New client listening to asynchronous messages
08-09 01:58:22.599   709  1243 V WindowManager: Based on layer: Adding window Window{2796b745 u0 com.android.launcher3/com.android.launcher3.Launcher} at 0 of 1
08-09 01:58:22.829   709   709 I ActivityManager: Start proc 1374:com.android.music/u0a38 for broadcast com.android.music/.MediaButtonIntentReceiver
08-09 01:58:23.474   709   814 D WifiService: New client listening to asynchronous messages
08-09 01:58:23.594   709   814 D WifiService: New client listening to asynchronous messages
08-09 01:58:23.659   709  1243 D ConnectivityService: listenForNetwork for NetworkRequest [ id=2, legacyType=-1, [] ]
08-09 01:58:24.213   709   774 W KeyguardServiceDelegate: onScreenTurnedOn(): no keyguard service!
08-09 01:58:24.307  1175  1175 D MccTable: updateMccMncConfiguration mccmnc='46001' fromServiceState=false
08-09 01:58:24.315  1175  1175 D MccTable: updateMccMncConfiguration defaultMccMnc=
08-09 01:58:24.318  1175  1175 D MccTable: updateMccMncConfiguration: mcc=460, mnc=1
08-09 01:58:24.321  1175  1175 D MccTable: defaultLanguageForMcc(460): country cn uses zh
08-09 01:58:24.322  1175  1175 D MccTable: getLocaleFromMcc to zh_cn mcc=460
08-09 01:58:24.324  1175  1175 D MccTable: getLocaleForLanguageCountry: not permitted to update locale
08-09 01:58:24.326  1175  1175 D MccTable: updateMccMncConfiguration updateConfig config={1.0 460mcc1mnc ?locale ?layoutDir ?swdp ?wdp ?hdp ?density ?lsize ?long ?orien ?uimode ?night ?touch ?keyb/?/? ?nav/?}
08-09 01:58:24.336   709   804 I ActivityManager: Config changes=3 {1.0 460mcc1mnc en_US ?layoutDir sw360dp w360dp h567dp 480dpi nrml port finger -keyb/v/h -nav/h s.5}
08-09 01:58:24.582  1175  1175 D MccTable: getLocaleForLanguageCountry: not permitted to update locale
08-09 01:58:24.582  1175  1175 D MccTable: setSystemLocale: no locale
08-09 01:58:25.145   709  1229 V WindowManager: Based on layer: Adding window Window{1fb7a121 u0 com.android.launcher3/com.android.launcher3.Launcher} at 0 of 5
08-09 01:58:25.213   709   777 W WindowManager: Keyguard drawn timeout. Setting mKeyguardDrawComplete
08-09 01:58:25.327  1175  1175 D MccTable: updateMccMncConfiguration mccmnc='46001' fromServiceState=false
08-09 01:58:25.330  1175  1175 D MccTable: updateMccMncConfiguration defaultMccMnc=46001
08-09 01:58:25.331  1175  1175 D MccTable: updateMccMncConfiguration: mcc=460, mnc=1
08-09 01:58:25.335  1175  1175 D MccTable: defaultLanguageForMcc(460): country cn uses zh
08-09 01:58:25.336  1175  1175 D MccTable: getLocaleFromMcc to zh_cn mcc=460
08-09 01:58:25.338  1175  1175 D MccTable: getLocaleForLanguageCountry: not permitted to update locale
08-09 01:58:25.340  1175  1175 D MccTable: updateMccMncConfiguration updateConfig config={1.0 460mcc1mnc ?locale ?layoutDir ?swdp ?wdp ?hdp ?density ?lsize ?long ?orien ?uimode ?night ?touch ?keyb/?/? ?nav/?}
08-09 01:58:25.813  1175  1175 D MccTable: updateMccMncConfiguration mccmnc='46001' fromServiceState=false
08-09 01:58:25.846  1175  1175 D MccTable: updateMccMncConfiguration defaultMccMnc=46001
08-09 01:58:25.851  1175  1175 D MccTable: updateMccMncConfiguration: mcc=460, mnc=1
08-09 01:58:25.860  1175  1175 D MccTable: defaultLanguageForMcc(460): country cn uses zh
08-09 01:58:25.861  1175  1175 D MccTable: getLocaleFromMcc to zh_cn mcc=460
08-09 01:58:25.862  1175  1175 D MccTable: getLocaleForLanguageCountry: not permitted to update locale
08-09 01:58:25.867  1175  1175 D MccTable: updateMccMncConfiguration updateConfig config={1.0 460mcc1mnc ?locale ?layoutDir ?swdp ?wdp ?hdp ?density ?lsize ?long ?orien ?uimode ?night ?touch ?keyb/?/? ?nav/?}
08-09 01:58:25.989   709   814 D WifiService: New client listening to asynchronous messages
08-09 01:58:26.778   709   779 W WindowManager: Window freeze timeout expired.
08-09 01:58:26.778   709   779 W WindowManager: Force clearing orientation change: Window{d37d90c u0 NavigationBar}
08-09 01:58:26.778   709   779 W WindowManager: Force clearing orientation change: Window{1fb615e5 u0 StatusBar}
08-09 01:58:27.807   181   255 D VoldCmdListener: cryptfs getpw
08-09 01:58:27.813   181   255 D VoldCmdListener: cryptfs clearpw
08-09 01:58:28.359   709   779 I SystemServiceManager: Starting phase 1000
08-09 01:58:28.589   709  1488 I ActivityManager: Start proc 1503:com.android.keychain/1000 for service com.android.keychain/.KeyChainService
08-09 01:58:29.355   709   779 W WindowManager: App freeze timeout expired.
08-09 01:58:29.750   709  1550 I BootReceiver: Copying /proc/last_kmsg to DropBox (SYSTEM_LAST_KMSG)
08-09 01:58:29.801   709  1550 I BootReceiver: Copying audit failures to DropBox
08-09 01:58:29.861   709  1220 I ActivityManager: Start proc 1555:com.android.dialer/u0a4 for broadcast com.android.dialer/.calllog.CallLogReceiver
08-09 01:58:29.873   709  1550 I BootReceiver: Copied 0 worth of audits to DropBox
08-09 01:58:29.887   709  1550 I BootReceiver: Checking for fsck errors
08-09 01:58:30.088   709   709 I ActivityManager: Start proc 1588:com.android.providers.calendar/u0a1 for broadcast com.android.providers.calendar/.CalendarReceiver
08-09 01:58:30.216  1588  1588 W ResourcesManager: Asset path '/system/framework/android.test.runner.jar' does not exist or contains no resources.
08-09 01:58:30.405   709  1191 I ActivityManager: Start proc 1616:com.android.managedprovisioning/u0a7 for broadcast com.android.managedprovisioning/.BootReminder
08-09 01:58:30.844   709   804 I ActivityManager: Start proc 1651:com.android.mms/u0a8 for broadcast com.android.mms/.transaction.MmsSystemEventReceiver
08-09 01:58:31.004   709  1274 D CountryDetector: The first listener is added
08-09 01:58:31.187   709  1274 I ActivityManager: Start proc 1689:com.android.onetimeinitializer/u0a10 for broadcast com.android.onetimeinitializer/.OneTimeInitializerReceiver
08-09 01:58:31.371   709  1003 I ActivityManager: Start proc 1717:com.android.voicedialer/u0a15 for broadcast com.android.voicedialer/.VoiceDialerReceiver
08-09 01:58:31.569   709  1274 I ActivityManager: Start proc 1736:com.android.calendar/u0a21 for broadcast com.android.calendar/.alerts.AlertReceiver
08-09 01:58:31.865   709  1229 I ActivityManager: Start proc 1763:com.android.deskclock/u0a25 for broadcast com.android.deskclock/.AlarmInitReceiver
08-09 01:58:32.254   709  1191 I ActivityManager: Start proc 1798:com.android.email/u0a28 for broadcast com.android.email/.service.EmailBroadcastReceiver
08-09 01:58:32.674   709   726 I ActivityManager: Start proc 1836:com.android.exchange/u0a29 for service com.android.exchange/.service.EasService
08-09 01:58:32.684  1798  1854 D ActivityThread: Loading provider com.android.email.provider;com.android.email.notifier: com.android.email.provider.EmailProvider
08-09 01:58:32.699  1798  1857 D ActivityThread: Loading provider com.android.email.provider;com.android.email.notifier: com.android.email.provider.EmailProvider
08-09 01:58:32.700   709   813 D ConnectivityService: registerNetworkAgent NetworkAgentInfo{ ni{[type: WIFI[], state: CONNECTING/CONNECTING, reason: (unspecified), extra: "BUAA-WiFi", roaming: false, failover: false, isAvailable: true, isConnectedToProvisioningNetwork: false]}  network{null}  lp{{LinkAddresses: []  Routes: [] DnsAddresses: [] Domains: null MTU: 0 TcpBufferSizes: 524288,1048576,2097152,262144,524288,1048576}}  nc{[ Transports: WIFI Capabilities: INTERNET&NOT_RESTRICTED&TRUSTED&NOT_VPN LinkUpBandwidth>=1048576Kbps LinkDnBandwidth>=1048576Kbps]}  Score{20}  everValidated{false}  lastValidated{false}  created{false}  explicitlySelected{false} }
08-09 01:58:32.701   709   815 D ConnectivityService: NetworkAgentInfo [WIFI () - 100] EVENT_NETWORK_INFO_CHANGED, going from null to CONNECTING
08-09 01:58:32.846   709   804 I ActivityManager: Start proc 1869:com.zhihu.android/u0a54 for broadcast com.zhihu.android/com.avos.avoscloud.AVBroadcastReceiver
08-09 01:58:32.882   709   815 D ConnectivityService: updateNetworkScore for NetworkAgentInfo [WIFI () - 100] to 56
08-09 01:58:32.922   709  1229 W ActivityManager: Unable to start service Intent { cmp=com.android.email/.service.AttachmentService } U=0: not found
08-09 01:58:32.928   709  1243 W ActivityManager: Unable to start service Intent { cmp=com.android.email/.service.AttachmentService } U=0: not found
08-09 01:58:32.929   709   726 W ActivityManager: Unable to start service Intent { cmp=com.android.email/.service.AttachmentService } U=0: not found
08-09 01:58:33.127  1798  1798 E ActivityThread: Service com.android.email.service.EmailBroadcastProcessorService has leaked ServiceConnection com.android.emailcommon.service.ServiceProxy$ProxyConnection@1cc2d303 that was originally bound here
08-09 01:58:33.127  1798  1798 E ActivityThread: android.app.ServiceConnectionLeaked: Service com.android.email.service.EmailBroadcastProcessorService has leaked ServiceConnection com.android.emailcommon.service.ServiceProxy$ProxyConnection@1cc2d303 that was originally bound here
08-09 01:58:33.127  1798  1798 E ActivityThread: 	at android.app.LoadedApk$ServiceDispatcher.<init>(LoadedApk.java:1077)
08-09 01:58:33.127  1798  1798 E ActivityThread: 	at android.app.LoadedApk.getServiceDispatcher(LoadedApk.java:971)
08-09 01:58:33.127  1798  1798 E ActivityThread: 	at android.app.ContextImpl.bindServiceCommon(ContextImpl.java:1774)
08-09 01:58:33.127  1798  1798 E ActivityThread: 	at android.app.ContextImpl.bindService(ContextImpl.java:1757)
08-09 01:58:33.127  1798  1798 E ActivityThread: 	at android.content.ContextWrapper.bindService(ContextWrapper.java:539)
08-09 01:58:33.127  1798  1798 E ActivityThread: 	at com.android.emailcommon.service.ServiceProxy.setTask(ServiceProxy.java:181)
08-09 01:58:33.127  1798  1798 E ActivityThread: 	at com.android.emailcommon.service.ServiceProxy.test(ServiceProxy.java:224)
08-09 01:58:33.127  1798  1798 E ActivityThread: 	at com.android.email.service.EmailServiceUtils.isServiceAvailable(EmailServiceUtils.java:160)
08-09 01:58:33.127  1798  1798 E ActivityThread: 	at com.android.email.provider.AccountReconciler.reconcileAccountsInternal(AccountReconciler.java:171)
08-09 01:58:33.127  1798  1798 E ActivityThread: 	at com.android.email.provider.AccountReconciler.reconcileAccounts(AccountReconciler.java:115)
08-09 01:58:33.127  1798  1798 E ActivityThread: 	at com.android.email.service.EmailBroadcastProcessorService.reconcileAndStartServices(EmailBroadcastProcessorService.java:305)
08-09 01:58:33.127  1798  1798 E ActivityThread: 	at com.android.email.service.EmailBroadcastProcessorService.onBootCompleted(EmailBroadcastProcessorService.java:295)
08-09 01:58:33.127  1798  1798 E ActivityThread: 	at com.android.email.service.EmailBroadcastProcessorService.onHandleIntent(EmailBroadcastProcessorService.java:130)
08-09 01:58:33.127  1798  1798 E ActivityThread: 	at android.app.IntentService$ServiceHandler.handleMessage(IntentService.java:65)
08-09 01:58:33.127  1798  1798 E ActivityThread: 	at android.os.Handler.dispatchMessage(Handler.java:102)
08-09 01:58:33.127  1798  1798 E ActivityThread: 	at android.os.Looper.loop(Looper.java:135)
08-09 01:58:33.127  1798  1798 E ActivityThread: 	at android.os.HandlerThread.run(HandlerThread.java:61)
08-09 01:58:34.087   709   815 D ConnectivityService: NetworkAgentInfo [WIFI () - 100] EVENT_NETWORK_INFO_CHANGED, going from CONNECTING to CONNECTED
08-09 01:58:34.096   709   815 D ConnectivityService: Adding iface wlan0 to network 100
08-09 01:58:34.118   709   815 E ConnectivityService: Unexpected mtu value: 0, wlan0
08-09 01:58:34.118   709   815 D ConnectivityService: Adding Route [fe80::/64 -> :: wlan0] to network 100
08-09 01:58:34.125   709   815 D ConnectivityService: Adding Route [2001:da8:203:2224::/64 -> :: wlan0] to network 100
08-09 01:58:34.132   709   815 D ConnectivityService: Adding Route [10.137.0.0/16 -> 0.0.0.0 wlan0] to network 100
08-09 01:58:34.138   709   815 D ConnectivityService: Adding Route [::/0 -> fe80::620b:3ff:fe2c:3002 wlan0] to network 100
08-09 01:58:34.145   709   815 D ConnectivityService: Adding Route [0.0.0.0/0 -> 10.137.0.1 wlan0] to network 100
08-09 01:58:34.151   709   815 D ConnectivityService: Setting Dns servers for network 100 to [/202.112.128.51, /202.112.128.50]
08-09 01:58:34.174   709   815 D ConnectivityService: notifyType IP_CHANGED for NetworkAgentInfo [WIFI () - 100]
08-09 01:58:34.187   709   815 D ConnectivityService: notifyType PRECHECK for NetworkAgentInfo [WIFI () - 100]
08-09 01:58:34.188   709   815 D ConnectivityService: rematching NetworkAgentInfo [WIFI () - 100]
08-09 01:58:34.188   709   815 D ConnectivityService:    accepting network in place of null
08-09 01:58:34.195   709   815 D ConnectivityService: Switching to new default network: NetworkAgentInfo{ ni{[type: WIFI[], state: CONNECTED/CONNECTED, reason: (unspecified), extra: "BUAA-WiFi", roaming: false, failover: false, isAvailable: true, isConnectedToProvisioningNetwork: false]}  network{100}  lp{{InterfaceName: wlan0 LinkAddresses: [fe80::faa9:d0ff:fe55:5067/64,10.137.160.128/16,2001:da8:203:2224:faa9:d0ff:fe55:5067/64,2001:da8:203:2224:3908:afda:5b1f:1fcd/64,]  Routes: [fe80::/64 -> :: wlan0,::/0 -> fe80::620b:3ff:fe2c:3002 wlan0,2001:da8:203:2224::/64 -> :: wlan0,10.137.0.0/16 -> 0.0.0.0 wlan0,0.0.0.0/0 -> 10.137.0.1 wlan0,] DnsAddresses: [202.112.128.51,202.112.128.50,] Domains:  MTU: 0 TcpBufferSizes: 524288,1048576,2097152,262144,524288,1048576}}  nc{[ Transports: WIFI Capabilities: INTERNET&NOT_RESTRICTED&TRUSTED&NOT_VPN LinkUpBandwidth>=1048576Kbps LinkDnBandwidth>=1048576Kbps]}  Score{16}  everValidated{false}  lastValidated{false}  created{true}  explicitlySelected{false} }
08-09 01:58:34.199   709   815 D ConnectivityService: Setting tx/rx TCP buffers to 524288,1048576,2097152,262144,524288,1048576
08-09 01:58:34.212   709   815 D ConnectivityService: notifyType AVAILABLE for NetworkAgentInfo [WIFI () - 100]
08-09 01:58:34.226   709   815 D CSLegacyTypeTracker: Sending connected broadcast for type 1 NetworkAgentInfo [WIFI () - 100] isDefaultNetwork=true
08-09 01:58:34.227   709   815 D ConnectivityService: sendStickyBroadcast: action=android.net.conn.CONNECTIVITY_CHANGE_IMMEDIATE
08-09 01:58:34.228   709   815 D ConnectivityService: sendStickyBroadcast: action=android.net.conn.CONNECTIVITY_CHANGE
08-09 01:58:37.325   709  1220 W BroadcastQueue: Permission Denial: broadcasting Intent { act=android.intent.action.USER_PRESENT flg=0x24000010 } from com.android.systemui (pid=852, uid=10013) is not exported from uid 10054 due to receiver com.zhihu.android/com.avos.avoscloud.AVBroadcastReceiver
08-09 01:58:38.097   709   774 I ActivityManager: Waited long enough for: ServiceRecord{2aa1c8f9 u0 com.android.music/.MediaPlaybackService}
08-09 01:58:41.612   709   803 I ActivityManager: START u0 {act=android.intent.action.MAIN cat=[android.intent.category.LAUNCHER] flg=0x10200000 pkg=com.android.browser cmp=com.android.browser/.BrowserActivity bnds=[849,1532][1050,1784] (has extras)} from uid 10035 on display 0
08-09 01:58:41.645   709   803 V WindowManager: addAppToken: AppWindowToken{1ba5f7ac token=Token{2299415f ActivityRecord{2197a5fe u0 com.android.browser/.BrowserActivity t2}}} to stack=1 task=2 at 0
08-09 01:58:41.684   709   779 V WindowManager: Adding window Window{390afaf1 u0 Starting com.android.browser} at 2 of 7 (after Window{1fb7a121 u0 com.android.launcher3/com.android.launcher3.Launcher})
08-09 01:58:41.863   709   726 I ActivityManager: Start proc 2147:com.android.browser/u0a19 for activity com.android.browser/.BrowserActivity
08-09 01:58:42.101  2147  2175 E ActivityThread: Failed to find provider info for com.google.settings
08-09 01:58:42.102  2147  2175 E ActivityThread: Failed to find provider info for com.google.settings
08-09 01:58:42.773   709  1191 V WindowManager: Adding window Window{29cfe3e3 u0 com.android.browser/com.android.browser.BrowserActivity} at 2 of 8 (before Window{390afaf1 u0 Starting com.android.browser})
08-09 01:58:45.083   709   815 D ConnectivityService: updateNetworkScore for NetworkAgentInfo [WIFI () - 100] to 55
08-09 01:58:45.083   709   815 D ConnectivityService: rematching NetworkAgentInfo [WIFI () - 100]
08-09 01:58:45.084   709   815 D ConnectivityService: Network NetworkAgentInfo [WIFI () - 100] was already satisfying request 1. No change.
08-09 01:58:45.084   709   815 D ConnectivityService: notifyType AVAILABLE for NetworkAgentInfo [WIFI () - 100]
08-09 01:58:46.876   709   774 I ActivityManager: Waited long enough for: ServiceRecord{303d9463 u0 com.android.calendar/.alerts.InitAlarmsService}
08-09 01:58:47.163   709   725 V WindowManager: not Base app: Adding window Window{d68d1c5 u0 com.android.browser/com.android.browser.BrowserActivity} at 3 of 9
08-09 01:58:48.696   709   803 W InputMethodManagerService: Window already focused, ignoring focus gain of: com.android.internal.view.IInputMethodClient$Stub$Proxy@386c747d attribute=null, token = android.os.BinderProxy@ab8f012
08-09 01:58:50.778   709   804 I ActivityManager: START u0 {act=com.android.systemui.recents.SHOW_RECENTS flg=0x10804000 cmp=com.android.systemui/.recents.RecentsActivity} from uid 10013 on display 0
08-09 01:58:50.801   709   804 V WindowManager: addAppToken: AppWindowToken{12475040 token=Token{27850fc3 ActivityRecord{2759df72 u0 com.android.systemui/.recents.RecentsActivity t3}}} to stack=0 task=3 at 0
08-09 01:58:50.958   709   725 V WindowManager: Adding window Window{376876ed u0 com.android.systemui/com.android.systemui.recents.RecentsActivity} at 3 of 9 (after Window{1fb7a121 u0 com.android.launcher3/com.android.launcher3.Launcher})
08-09 01:58:51.056   709   774 I ActivityManager: Waited long enough for: ServiceRecord{fa80302 u0 com.zhihu.android/com.avos.avoscloud.PushService}
08-09 01:58:52.045   709   804 I ActivityManager: Killing 2147:com.android.browser/u0a19 (adj 9): remove task
08-09 01:58:52.081   709  1191 I WindowState: WIN DEATH: Window{29cfe3e3 u0 com.android.browser/com.android.browser.BrowserActivity}
08-09 01:58:52.274   709   726 I ActivityManager: START u0 {act=android.intent.action.MAIN cat=[android.intent.category.HOME] flg=0x10200000 cmp=com.android.launcher3/.Launcher} from uid 10013 on display 0
08-09 01:58:52.409   709   828 D TaskPersister: removeObsoleteFile: deleting file=2_task.xml
08-09 01:58:52.410   709   828 D TaskPersister: removeObsoleteFile: deleting file=2_task_thumbnail.png
08-09 01:58:52.767   709   774 W ProcessCpuTracker: Skipping unknown process pid 2399
08-09 01:58:52.770   709   774 W ProcessCpuTracker: Skipping unknown process pid 2402
