01-01 08:00:00.870   175   175 I auditd  : type=2000 audit(0.0:1): initialized
08-09 01:57:58.530   175   175 I auditd  : type=1403 audit(0.0:2): policy loaded auid=4294967295 ses=4294967295
08-09 01:57:58.530   175   175 I auditd  : type=1404 audit(0.0:3): enforcing=1 old_enforcing=0 auid=4294967295 ses=4294967295
08-09 01:58:00.899   203   203 I boot_progress_start: 4423
08-09 01:58:01.988   203   203 I boot_progress_preload_start: 5512
08-09 01:58:08.537   203   203 I boot_progress_preload_end: 12061
08-09 01:58:08.858   709   709 I boot_progress_system_run: 12381
08-09 01:58:09.572   709   709 I boot_progress_pms_start: 13095
08-09 01:58:10.309   709   709 I boot_progress_pms_system_scan_start: 13833
08-09 01:58:14.315   709   709 I boot_progress_pms_data_scan_start: 17839
08-09 01:58:14.908   709   709 I boot_progress_pms_scan_end: 18432
08-09 01:58:15.270   709   709 I boot_progress_pms_ready: 18794
08-09 01:58:15.410   709   726 I battery_status: [2,2,1,2,Li-ion]
08-09 01:58:15.410   709   726 I battery_level: [100,4290,254]
08-09 01:58:15.723   709   709 I wm_stack_created: [0,0,0,0,0]
08-09 01:58:15.853   709   709 I configuration_changed: 7672
08-09 01:58:15.879   709   709 I configuration_changed: 1288
08-09 01:58:16.920   709   709 I free_storage_left: [13202014208,687144960,710078464]
08-09 01:58:16.920   709   709 I free_storage_changed: 13202014208
08-09 01:58:17.673   709   709 I configuration_changed: 512
08-09 01:58:17.833   709   709 I boot_progress_ams_ready: 21357
08-09 01:58:17.965   709   709 I am_proc_start: [0,833,1037,WebViewLoader-armeabi-v7a,,]
08-09 01:58:18.066   709   709 I am_proc_start: [0,852,10013,com.android.systemui,service,com.android.systemui/.SystemUIService]
08-09 01:58:18.209   709   774 I am_proc_start: [0,869,10005,android.process.media,broadcast,com.android.providers.media/.MtpReceiver]
08-09 01:58:18.230   709   804 I am_proc_bound: [0,852,com.android.systemui]
08-09 01:58:18.331   709   726 I am_proc_bound: [0,869,android.process.media]
08-09 01:58:18.851   709   726 I notification_cancel_all: [10005,869,com.android.providers.downloads,0,0,64,9,NULL]
08-09 01:58:18.947   709   803 I am_proc_start: [0,977,1000,com.android.settings,broadcast,com.android.settings/.widget.SettingsAppWidgetProvider]
08-09 01:58:19.136   709   803 I am_proc_bound: [0,977,com.android.settings]
08-09 01:58:19.200   709   810 I netstats_mobile_sample: [0,0,0,0,0,0,0,0,0,0,0,0,-1]
08-09 01:58:19.200   709   810 I netstats_wifi_sample: [0,0,0,0,0,0,0,0,0,0,0,0,-1]
08-09 01:58:19.661   709   709 I am_proc_start: [0,1061,10034,com.android.inputmethod.latin,service,com.android.inputmethod.latin/.LatinIME]
08-09 01:58:19.763   709   804 I am_proc_bound: [0,1061,com.android.inputmethod.latin]
08-09 01:58:20.137   709   709 I am_proc_start: [0,1147,1027,com.android.nfc,added application,com.android.nfc]
08-09 01:58:20.257   709   709 I am_proc_start: [0,1175,1001,com.android.phone,added application,com.android.phone]
08-09 01:58:20.290   709   709 I am_create_task: [0,1]
08-09 01:58:20.291   709   709 I am_create_activity: [0,771926686,1,com.android.launcher3/.Launcher,android.intent.action.MAIN,NULL,NULL,268435456]
08-09 01:58:20.299   709   709 I wm_task_created: [1,0]
08-09 01:58:20.299   709   709 I wm_task_moved: [1,1,0]
08-09 01:58:20.495   709   709 I am_proc_start: [0,1214,10035,com.android.launcher3,activity,com.android.launcher3/.Launcher]
08-09 01:58:20.496   709   709 I am_focused_activity: [0,com.android.launcher3/.Launcher]
08-09 01:58:20.512   709  1191 I am_proc_bound: [0,1147,com.android.nfc]
08-09 01:58:20.519   709   804 I am_proc_bound: [0,1175,com.android.phone]
08-09 01:58:20.762   709   773 I am_proc_start: [0,1236,10046,com.android.printspooler,service,com.android.printspooler/.model.PrintSpoolerService]
08-09 01:58:20.773   709  1229 I am_proc_bound: [0,1214,com.android.launcher3]
08-09 01:58:20.795   709  1229 I am_restart_activity: [0,771926686,1,com.android.launcher3/.Launcher]
08-09 01:58:20.837   709   810 I netstats_mobile_sample: [0,0,0,0,0,0,0,0,0,0,0,0,-1]
08-09 01:58:20.838   709   810 I netstats_wifi_sample: [0,0,0,0,0,0,0,0,0,0,0,0,-1]
08-09 01:58:21.081   709  1256 I am_proc_start: [0,1259,10002,android.process.acore,content provider,com.android.providers.contacts/.CallLogProvider]
08-09 01:58:21.085   709  1220 I am_proc_bound: [0,1236,com.android.printspooler]
08-09 01:58:21.199   709   709 I notification_enqueue: [1000,709,android,17040636,NULL,-1,Notification(pri=-2 contentView=null vibrate=null sound=null defaults=0x0 flags=0x2 color=0xff607d8b vis=PUBLIC),0]
08-09 01:58:21.244   709   709 I notification_enqueue: [1000,709,android,17040644,NULL,-1,Notification(pri=-1 contentView=null vibrate=null sound=null defaults=0x0 flags=0x2 color=0xff607d8b vis=PUBLIC),0]
08-09 01:58:21.282   709  1191 I am_proc_bound: [0,1259,android.process.acore]
08-09 01:58:21.440   709   709 I notification_cancel: [10013,852,com.android.systemui,100,low_battery,-1,0,64,8,NULL]
08-09 01:58:21.726   709   709 I backup_transport_lifecycle: [android/com.android.internal.backup.LocalTransportService,1]
08-09 01:58:21.920   709   804 I am_proc_start: [0,1305,10052,com.android.smspush,service,com.android.smspush/.WapPushManager]
08-09 01:58:22.143   709  1220 I am_proc_bound: [0,1305,com.android.smspush]
08-09 01:58:22.331  1214  1214 I am_on_resume_called: [0,com.android.launcher3.Launcher]
08-09 01:58:22.443   709  1256 I force_gc: Binder
08-09 01:58:22.653  1175  1175 I gsm_service_state_change: [1,1,3,3]
08-09 01:58:22.828   709   709 I am_proc_start: [0,1374,10038,com.android.music,broadcast,com.android.music/.MediaButtonIntentReceiver]
08-09 01:58:22.959   709  1003 I am_proc_bound: [0,1374,com.android.music]
08-09 01:58:23.211   709   779 I am_activity_launch_time: [0,771926686,com.android.launcher3/.Launcher,2911,2911]
08-09 01:58:23.965  1175  1175 I gsm_service_state_change: [3,3,1,1]
08-09 01:58:24.203   709   774 I boot_progress_enable_screen: 27726
08-09 01:58:24.213   709   774 I screen_toggled: 1
08-09 01:58:24.335   709   804 I configuration_changed: 3
08-09 01:58:24.355   709   804 I am_relaunch_resume_activity: [0,771926686,1,com.android.launcher3/.Launcher]
08-09 01:58:24.472   709   709 I notification_cancel: [10013,852,com.android.systemui,100,low_battery,-1,0,64,8,NULL]
08-09 01:58:24.472   709   709 I notification_cancel: [10013,852,com.android.systemui,100,low_battery,-1,0,64,8,NULL]
08-09 01:58:24.472   709   709 I notification_cancel: [10013,852,com.android.systemui,100,low_battery,-1,0,64,8,NULL]
08-09 01:58:24.598  1214  1214 I am_on_paused_called: [0,com.android.launcher3.Launcher]
08-09 01:58:24.698   182   182 I sf_frame_dur: [com.android.launcher3/com.android.launcher3.Launcher,2,1,3,2,0,1,0]
08-09 01:58:25.128  1214  1214 I am_on_resume_called: [0,com.android.launcher3.Launcher]
08-09 01:58:26.789   709  1229 I force_gc: Binder
08-09 01:58:27.227   709   709 I notification_cancel: [1001,1175,com.android.phone,3,1,-1,0,64,8,NULL]
08-09 01:58:27.230   709   709 I notification_cancel: [1001,1175,com.android.phone,4,1,-1,0,64,8,NULL]
08-09 01:58:27.681   709  1243 I notification_expansion: [-1|android|17040644|null|1000,0,1]
08-09 01:58:28.348   182   182 I sf_frame_dur: [BootAnimation,10,9,290,13,0,0,0]
08-09 01:58:28.589   709  1488 I am_proc_start: [0,1503,1000,com.android.keychain,service,com.android.keychain/.KeyChainService]
08-09 01:58:28.669   709  1229 I am_proc_bound: [0,1503,com.android.keychain]
08-09 01:58:28.722   709   709 I notification_cancel: [1000,709,android,17039590,NULL,0,0,0,8,NULL]
08-09 01:58:28.776   709   803 I notification_expansion: [-1|android|17040644|null|1000,0,0]
08-09 01:58:28.853   852   852 I sysui_status_bar_state: [1,1,0,0,0,1]
08-09 01:58:28.864   709  1229 I notification_panel_revealed: []
08-09 01:58:28.866   709  1191 I notification_visibility_changed: [-1|android|17040644|null|1000;-1|android|17040636|null|1000,]
08-09 01:58:29.678   182   182 I sf_frame_dur: [KeyguardScrim,0,0,0,0,0,0,1]
08-09 01:58:29.716   709   804 I notification_visibility_changed: [,-1|android|17040636|null|1000]
08-09 01:58:29.860   709  1220 I am_proc_start: [0,1555,10004,com.android.dialer,broadcast,com.android.dialer/.calllog.CallLogReceiver]
08-09 01:58:29.935   709  1243 I am_proc_bound: [0,1555,com.android.dialer]
08-09 01:58:30.088   709   709 I am_proc_start: [0,1588,10001,com.android.providers.calendar,broadcast,com.android.providers.calendar/.CalendarReceiver]
08-09 01:58:30.109   709   709 I notification_cancel: [10004,1555,com.android.dialer,1,DefaultVoicemailNotifier,0,0,64,8,NULL]
08-09 01:58:30.197   709  1220 I am_proc_bound: [0,1588,com.android.providers.calendar]
08-09 01:58:30.322   709   803 I notification_cancel_all: [10005,869,com.android.providers.downloads,0,0,64,9,NULL]
08-09 01:58:30.405   709  1191 I am_proc_start: [0,1616,10007,com.android.managedprovisioning,broadcast,com.android.managedprovisioning/.BootReminder]
08-09 01:58:30.500   709  1229 I am_proc_bound: [0,1616,com.android.managedprovisioning]
08-09 01:58:30.844   709   804 I am_proc_start: [0,1651,10008,com.android.mms,broadcast,com.android.mms/.transaction.MmsSystemEventReceiver]
08-09 01:58:30.948   709  1274 I am_proc_bound: [0,1651,com.android.mms]
08-09 01:58:31.187   709  1274 I am_proc_start: [0,1689,10010,com.android.onetimeinitializer,broadcast,com.android.onetimeinitializer/.OneTimeInitializerReceiver]
08-09 01:58:31.230   709   709 I notification_cancel: [10008,1651,com.android.mms,123,NULL,0,0,64,8,NULL]
08-09 01:58:31.255   709  1274 I am_proc_bound: [0,1689,com.android.onetimeinitializer]
08-09 01:58:31.370   709  1003 I am_proc_start: [0,1717,10015,com.android.voicedialer,broadcast,com.android.voicedialer/.VoiceDialerReceiver]
08-09 01:58:31.428   709   709 I notification_cancel: [10008,1651,com.android.mms,123,NULL,0,0,64,8,NULL]
08-09 01:58:31.441   709  1220 I am_proc_bound: [0,1717,com.android.voicedialer]
08-09 01:58:31.569   709  1274 I am_proc_start: [0,1736,10021,com.android.calendar,broadcast,com.android.calendar/.alerts.AlertReceiver]
08-09 01:58:31.678   709   726 I am_proc_bound: [0,1736,com.android.calendar]
08-09 01:58:31.755   709   803 I force_gc: Binder
08-09 01:58:31.865   709  1229 I am_proc_start: [0,1763,10025,com.android.deskclock,broadcast,com.android.deskclock/.AlarmInitReceiver]
08-09 01:58:31.933   709  1243 I am_proc_bound: [0,1763,com.android.deskclock]
08-09 01:58:32.254   709  1191 I am_proc_start: [0,1798,10028,com.android.email,broadcast,com.android.email/.service.EmailBroadcastReceiver]
08-09 01:58:32.393   709   804 I am_proc_bound: [0,1798,com.android.email]
08-09 01:58:32.674   709   726 I am_proc_start: [0,1836,10029,com.android.exchange,service,com.android.exchange/.service.EasService]
08-09 01:58:32.738   709  1220 I am_proc_bound: [0,1836,com.android.exchange]
08-09 01:58:32.846   709   804 I am_proc_start: [0,1869,10054,com.zhihu.android,broadcast,com.zhihu.android/com.avos.avoscloud.AVBroadcastReceiver]
08-09 01:58:32.946   709  1274 I am_proc_bound: [0,1869,com.zhihu.android]
08-09 01:58:34.171   709   815 I netstats_mobile_sample: [0,0,0,0,0,0,0,0,0,0,0,0,-1]
08-09 01:58:34.171   709   815 I netstats_wifi_sample: [0,0,0,0,0,0,0,0,0,0,0,0,-1]
08-09 01:58:34.185   709   815 I netstats_mobile_sample: [0,0,0,0,0,0,0,0,0,0,0,0,-1]
08-09 01:58:34.185   709   815 I netstats_wifi_sample: [0,0,0,0,0,0,0,0,0,0,0,0,-1]
08-09 01:58:35.648   852   852 I sysui_lockscreen_gesture: [1,203,3667]
08-09 01:58:35.718   709  1229 I notification_visibility_changed: [,-1|android|17040644|null|1000]
08-09 01:58:35.719   709  1191 I notification_panel_hidden: []
08-09 01:58:35.723   852   852 I screen_toggled: 2
08-09 01:58:36.259   709  1003 I notification_cancel_all: [10005,869,com.android.providers.downloads,0,0,64,9,NULL]
08-09 01:58:36.340  1175  1208 I force_gc: Binder
08-09 01:58:36.429   709  1243 I notification_expansion: [-1|android|17040644|null|1000,0,1]
08-09 01:58:36.443   852   852 I sysui_status_bar_state: [0,0,0,0,0,1]
08-09 01:58:41.261   709   709 I notification_cancel: [10021,1736,com.android.calendar,0,NULL,0,0,64,8,NULL]
08-09 01:58:41.262   709   709 I notification_cancel: [10021,1736,com.android.calendar,1,NULL,0,0,64,8,NULL]
08-09 01:58:41.263   709   709 I notification_cancel: [10021,1736,com.android.calendar,2,NULL,0,0,64,8,NULL]
08-09 01:58:41.264   709   709 I notification_cancel: [10021,1736,com.android.calendar,3,NULL,0,0,64,8,NULL]
08-09 01:58:41.264   709   709 I notification_cancel: [10021,1736,com.android.calendar,4,NULL,0,0,64,8,NULL]
08-09 01:58:41.265   709   709 I notification_cancel: [10021,1736,com.android.calendar,5,NULL,0,0,64,8,NULL]
08-09 01:58:41.266   709   709 I notification_cancel: [10021,1736,com.android.calendar,6,NULL,0,0,64,8,NULL]
08-09 01:58:41.266   709   709 I notification_cancel: [10021,1736,com.android.calendar,7,NULL,0,0,64,8,NULL]
08-09 01:58:41.276   709   709 I notification_cancel: [10021,1736,com.android.calendar,8,NULL,0,0,64,8,NULL]
08-09 01:58:41.277   709   709 I notification_cancel: [10021,1736,com.android.calendar,9,NULL,0,0,64,8,NULL]
08-09 01:58:41.277   709   709 I notification_cancel: [10021,1736,com.android.calendar,10,NULL,0,0,64,8,NULL]
08-09 01:58:41.278   709   709 I notification_cancel: [10021,1736,com.android.calendar,11,NULL,0,0,64,8,NULL]
08-09 01:58:41.278   709   709 I notification_cancel: [10021,1736,com.android.calendar,12,NULL,0,0,64,8,NULL]
08-09 01:58:41.279   709   709 I notification_cancel: [10021,1736,com.android.calendar,13,NULL,0,0,64,8,NULL]
08-09 01:58:41.280   709   709 I notification_cancel: [10021,1736,com.android.calendar,14,NULL,0,0,64,8,NULL]
08-09 01:58:41.280   709   709 I notification_cancel: [10021,1736,com.android.calendar,15,NULL,0,0,64,8,NULL]
08-09 01:58:41.281   709   709 I notification_cancel: [10021,1736,com.android.calendar,16,NULL,0,0,64,8,NULL]
08-09 01:58:41.281   709   709 I notification_cancel: [10021,1736,com.android.calendar,17,NULL,0,0,64,8,NULL]
08-09 01:58:41.282   709   709 I notification_cancel: [10021,1736,com.android.calendar,18,NULL,0,0,64,8,NULL]
08-09 01:58:41.282   709   709 I notification_cancel: [10021,1736,com.android.calendar,19,NULL,0,0,64,8,NULL]
08-09 01:58:41.283   709   709 I notification_cancel: [10021,1736,com.android.calendar,20,NULL,0,0,64,8,NULL]
08-09 01:58:41.616   709   803 I wm_stack_created: [1,0,0,0,0]
08-09 01:58:41.626   709   803 I am_home_stack_moved: [0,0,1,1,startingNewTask]
08-09 01:58:41.628   709   803 I am_create_task: [0,2]
08-09 01:58:41.628   709   803 I am_create_activity: [0,563586558,2,com.android.browser/.BrowserActivity,android.intent.action.MAIN,NULL,NULL,270532608]
08-09 01:58:41.645   709   803 I wm_task_created: [2,1]
08-09 01:58:41.645   709   803 I wm_task_moved: [2,1,0]
08-09 01:58:41.653   709   803 I am_pause_activity: [0,771926686,com.android.launcher3/.Launcher]
08-09 01:58:41.656   709   803 I am_home_stack_moved: [0,0,1,1,startedActivity setFocusedActivity]
08-09 01:58:41.658   709   803 I am_focused_activity: [0,com.android.browser/.BrowserActivity]
08-09 01:58:41.782  1214  1214 I am_on_paused_called: [0,com.android.launcher3.Launcher]
08-09 01:58:41.863   709   726 I am_proc_start: [0,2147,10019,com.android.browser,activity,com.android.browser/.BrowserActivity]
08-09 01:58:41.973   709   804 I am_proc_bound: [0,2147,com.android.browser]
08-09 01:58:41.985   709   804 I am_restart_activity: [0,563586558,2,com.android.browser/.BrowserActivity]
08-09 01:58:42.476   182   182 I sf_frame_dur: [com.android.launcher3/com.android.launcher3.Launcher,20,4,4,2,1,0,1]
08-09 01:58:42.703  2147  2147 I am_on_resume_called: [0,com.android.browser.BrowserActivity]
08-09 01:58:42.967   709   779 I am_activity_launch_time: [0,563586558,com.android.browser/.BrowserActivity,1182,1182]
08-09 01:58:43.133   709   726 I force_gc: Binder
08-09 01:58:43.435  2147  2147 I browser_page_loaded: https://gw.buaa.edu.cn:802/srun_portal_phone.php?ac_id=20&url=http://www.baidu.com/|321
08-09 01:58:47.343   182   182 I sf_frame_dur: [InputMethod,0,0,0,0,1,0,0]
08-09 01:58:48.911  2147  2147 I browser_page_loaded: https://gw.buaa.edu.cn:802/srun_portal_phone.php?ac_id=20&url=http://www.baidu.com/|1869
08-09 01:58:48.939   182   182 I sf_frame_dur: [com.android.browser/com.android.browser.BrowserActivity,14,0,0,0,1,1,0]
08-09 01:58:50.071  2147  2147 I browser_page_loaded: https://gw.buaa.edu.cn:802/srun_portal_phone.php?ac_id=20&url=http://www.baidu.com/|180
08-09 01:58:50.791   709   804 I am_home_stack_moved: [0,1,0,0,startingNewTask]
08-09 01:58:50.791   709   804 I wm_task_moved: [1,1,0]
08-09 01:58:50.799   709   804 I am_create_task: [0,3]
08-09 01:58:50.799   709   804 I am_create_activity: [0,660201330,3,com.android.systemui/.recents.RecentsActivity,com.android.systemui.recents.SHOW_RECENTS,NULL,NULL,276840448]
08-09 01:58:50.801   709   804 I wm_task_created: [3,0]
08-09 01:58:50.801   709   804 I wm_task_moved: [3,1,1]
08-09 01:58:50.818   709   804 I am_pause_activity: [0,563586558,com.android.browser/.BrowserActivity]
08-09 01:58:50.835   709   804 I am_restart_activity: [0,660201330,3,com.android.systemui/.recents.RecentsActivity]
08-09 01:58:50.844   709   804 I am_home_stack_moved: [0,1,0,0,startedActivity setFocusedActivity]
08-09 01:58:50.852   709   804 I am_focused_activity: [0,com.android.systemui/.recents.RecentsActivity]
08-09 01:58:50.867  2147  2147 I am_on_paused_called: [0,com.android.browser.BrowserActivity]
08-09 01:58:50.952   852   852 I am_on_resume_called: [0,com.android.systemui.recents.RecentsActivity]
08-09 01:58:51.129   709   779 I am_activity_launch_time: [0,660201330,com.android.systemui/.recents.RecentsActivity,303,303]
08-09 01:58:51.513   182   182 I sf_frame_dur: [com.android.browser/com.android.browser.BrowserActivity,36,15,11,4,4,3,1]
08-09 01:58:52.037   709   804 I am_finish_activity: [0,563586558,2,com.android.browser/.BrowserActivity,clear]
08-09 01:58:52.039   709   804 I am_destroy_activity: [0,563586558,2,com.android.browser/.BrowserActivity,finish-imm]
08-09 01:58:52.045   709   804 I am_kill : [0,2147,com.android.browser,9,remove task]
08-09 01:58:52.261   709  1243 I am_proc_died: [0,2147,com.android.browser]
08-09 01:58:52.264   709  1243 I wm_task_removed: [2,removeAppToken: last token]
08-09 01:58:52.264   709  1243 I wm_task_removed: [2,removeTask]
08-09 01:58:52.264   709  1243 I am_home_stack_moved: [0,1,0,0,appDied leftTaskHistoryEmpty]
08-09 01:58:52.276   709   726 I am_home_stack_moved: [0,1,0,0,intentActivityFound]
08-09 01:58:52.276   709   726 I wm_task_moved: [3,1,1]
08-09 01:58:52.280   709   726 I am_home_stack_moved: [0,1,0,0,bringingFoundTaskToFront]
08-09 01:58:52.280   709   726 I wm_task_moved: [1,1,1]
08-09 01:58:52.285   709   726 I am_pause_activity: [0,660201330,com.android.systemui/.recents.RecentsActivity]
08-09 01:58:52.287   709   726 I am_task_to_front: [0,1]
08-09 01:58:52.287   709   726 I am_new_intent: [0,20541363,1,com.android.launcher3/.Launcher,android.intent.action.MAIN,NULL,NULL,274726912]
08-09 01:58:52.299   852   852 I am_on_paused_called: [0,com.android.systemui.recents.RecentsActivity]
08-09 01:58:52.306   709  1003 I am_resume_activity: [0,771926686,1,com.android.launcher3/.Launcher]
08-09 01:58:52.333  1214  1214 I am_on_resume_called: [0,com.android.launcher3.Launcher]
08-09 01:58:52.586   709   774 I am_home_stack_moved: [0,1,0,0,stopActivity adjustTopFocus setFocusedActivity]
08-09 01:58:52.587   709   774 I am_focused_activity: [0,com.android.launcher3/.Launcher]
08-09 01:58:52.597   182   182 I sf_frame_dur: [com.android.systemui/com.android.systemui.recents.RecentsActivity,28,1,2,0,1,0,0]
08-09 01:58:59.541   709   709 I notification_cancel: [1000,709,android,100,CaptivePortal.Notification,0,0,0,8,NULL]
08-09 01:59:21.814   709   781 I power_sleep_requested: 0
08-09 01:59:21.829   709   709 I power_screen_state: [0,3,0,0]
08-09 01:59:21.829   709   709 I screen_toggled: 0
08-09 01:59:21.857   709   709 I power_screen_broadcast_send: 1
08-09 01:59:21.975   709   709 I power_screen_broadcast_done: [1,118,1]
08-09 01:59:21.975   709   709 I power_screen_broadcast_send: 1
08-09 01:59:22.025   852   852 I sysui_heads_up_status: [,0]
08-09 01:59:22.028   709   709 I power_screen_broadcast_done: [0,54,1]
08-09 01:59:22.725   709   709 I am_pause_activity: [0,771926686,com.android.launcher3/.Launcher]
08-09 01:59:22.737  1214  1214 I am_on_paused_called: [0,com.android.launcher3.Launcher]
08-09 01:59:22.771   709   774 I am_focused_activity: [0,com.android.launcher3/.Launcher]
08-09 01:59:23.581   709   774 I am_proc_start: [0,2492,10009,com.android.musicfx,broadcast,com.android.musicfx/.ControlPanelReceiver]
08-09 01:59:23.652   709   804 I am_proc_bound: [0,2492,com.android.musicfx]
08-09 01:59:26.985   709  1003 I notification_expansion: [-1|android|17040644|null|1000,0,0]
08-09 01:59:27.050   852   852 I sysui_status_bar_state: [1,1,0,0,0,1]
08-09 01:59:27.186   182   182 I sf_frame_dur: [NavigationBar,68,2,0,1,1,0,4]
04-13 11:17:53.152   709   709 I power_screen_state: [1,0,0,0]
04-13 11:17:53.152   709   709 I screen_toggled: 1
04-13 11:17:53.153   709   709 I power_screen_broadcast_send: 1
04-13 11:17:53.167   709  1274 I notification_panel_revealed: []
04-13 11:17:53.168   709   803 I notification_visibility_changed: [-1|android|17040644|null|1000,]
04-13 11:17:53.236   709   709 I power_screen_broadcast_done: [1,83,1]
04-13 11:17:53.322   709  1229 I battery_status: [5,2,1,2,Li-ion]
04-13 11:17:53.414   709   709 I notification_cancel: [10013,852,com.android.systemui,100,low_battery,-1,0,64,8,NULL]
04-13 11:17:53.672   182   182 I sf_frame_dur: [ColorFade,24,1,1,0,2,0,0]
04-13 11:17:54.487   852   852 I sysui_lockscreen_gesture: [1,209,2321]
04-13 11:17:54.607   709  1191 I notification_visibility_changed: [,-1|android|17040644|null|1000]
04-13 11:17:54.608   709   804 I notification_panel_hidden: []
04-13 11:17:54.614   852   852 I screen_toggled: 2
04-13 11:17:54.677   709  1274 I notification_expansion: [-1|android|17040644|null|1000,0,1]
04-13 11:17:54.698   852   852 I sysui_status_bar_state: [0,0,0,0,0,1]
04-13 11:17:54.708   709   725 I am_resume_activity: [0,771926686,1,com.android.launcher3/.Launcher]
04-13 11:17:54.738  1214  1214 I am_on_resume_called: [0,com.android.launcher3.Launcher]
04-13 11:18:21.081   709  1243 I battery_status: [3,2,1,2,Li-ion]
04-13 11:18:21.114   709   709 I notification_cancel: [10013,852,com.android.systemui,100,low_battery,-1,0,64,8,NULL]
04-13 11:18:21.149   709   709 I notification_cancel: [10013,852,com.android.systemui,100,low_battery,-1,0,64,8,NULL]
04-13 11:18:21.912   709  1274 I battery_status: [3,2,1,0,Li-ion]
04-13 11:18:21.919   709   709 I notification_cancel: [10013,852,com.android.systemui,100,low_battery,-1,0,64,8,NULL]
04-13 11:18:21.941   709   709 I notification_cancel: [1000,709,android,17040636,NULL,-1,0,0,8,NULL]
04-13 11:18:21.943   709   709 I notification_canceled: [-1|android|17040636|null|1000,8]
04-13 11:18:21.943   709   709 I notification_cancel: [1000,709,android,17040644,NULL,-1,0,0,8,NULL]
04-13 11:18:21.944   709   709 I notification_canceled: [-1|android|17040644|null|1000,8]
04-13 11:18:21.966   709   804 I am_kill : [0,1374,com.android.music,15,empty #17]
04-13 11:18:21.990   709  1229 I am_proc_died: [0,1374,com.android.music]
04-13 11:18:22.460   709   804 I battery_status: [2,2,1,0,Li-ion]
04-13 11:18:22.468   709   709 I notification_cancel: [10013,852,com.android.systemui,100,low_battery,-1,0,64,8,NULL]
04-13 11:18:22.836   709  1003 I battery_status: [2,2,1,2,Li-ion]
04-13 11:18:22.846   709   709 I notification_cancel: [10013,852,com.android.systemui,100,low_battery,-1,0,64,8,NULL]
04-13 11:18:22.986   709   709 I notification_enqueue: [1000,709,android,17040636,NULL,-1,Notification(pri=-2 contentView=null vibrate=null sound=null defaults=0x0 flags=0x2 color=0xff607d8b vis=PUBLIC),0]
04-13 11:18:23.010   709   709 I notification_enqueue: [1000,709,android,17040644,NULL,-1,Notification(pri=-1 contentView=null vibrate=null sound=null defaults=0x0 flags=0x2 color=0xff607d8b vis=PUBLIC),0]
04-13 11:18:23.105   709  1243 I notification_expansion: [-1|android|17040636|null|1000,0,1]
04-13 11:18:23.197   709  1191 I notification_expansion: [-1|android|17040644|null|1000,0,1]
04-13 11:18:23.198   709   803 I notification_expansion: [-1|android|17040636|null|1000,0,0]
04-13 11:18:28.426   709  1229 I battery_status: [5,2,1,2,Li-ion]
04-13 11:18:28.440   709   709 I notification_cancel: [10013,852,com.android.systemui,100,low_battery,-1,0,64,8,NULL]
04-13 11:18:30.014   709  1220 I am_home_stack_moved: [0,0,1,1,startingNewTask]
04-13 11:18:30.015   709  1220 I am_create_task: [0,4]
04-13 11:18:30.015   709  1220 I am_create_activity: [0,909227907,4,com.zhihu.android/.app.ui.activity.MainActivity,android.intent.action.MAIN,NULL,NULL,270532608]
04-13 11:18:30.018   709  1220 I wm_task_created: [4,1]
04-13 11:18:30.018   709  1220 I wm_task_moved: [4,1,0]
04-13 11:18:30.030   709  1220 I am_pause_activity: [0,771926686,com.android.launcher3/.Launcher]
04-13 11:18:30.031  1214  1214 I am_on_paused_called: [0,com.android.launcher3.Launcher]
04-13 11:18:30.037   709  1220 I am_home_stack_moved: [0,0,1,1,startedActivity setFocusedActivity]
04-13 11:18:30.049   709  1220 I am_focused_activity: [0,com.zhihu.android/.app.ui.activity.MainActivity]
04-13 11:18:30.054   709  1229 I am_restart_activity: [0,909227907,4,com.zhihu.android/.app.ui.activity.MainActivity]
04-13 11:18:30.638   182   182 I sf_frame_dur: [com.android.launcher3/com.android.launcher3.Launcher,0,0,0,1,0,0,3]
04-13 11:18:30.950  1869  1869 I am_on_resume_called: [0,com.zhihu.android.app.ui.activity.MainActivity]
04-13 11:18:31.594   709   779 I am_activity_launch_time: [0,909227907,com.zhihu.android/.app.ui.activity.MainActivity,1544,1544]
04-13 11:18:36.822   709   725 I am_home_stack_moved: [0,0,1,1,intentActivityFound]
04-13 11:18:36.822   709   725 I wm_task_moved: [4,1,0]
04-13 11:18:36.828   709   725 I am_new_intent: [0,526679478,4,com.zhihu.android/.app.ui.activity.MainActivity,android.intent.action.MAIN,NULL,NULL,270532608]
04-13 11:18:50.257   182   182 I sf_frame_dur: [VolumePanel,2,1,0,0,0,0,0]
04-13 11:18:54.432   709  1243 I force_gc: Binder
04-13 11:18:56.138   709   804 I am_home_stack_moved: [0,0,1,1,intentActivityFound]
04-13 11:18:56.138   709   804 I wm_task_moved: [4,1,0]
04-13 11:18:56.143   709   804 I am_new_intent: [0,480373184,4,com.zhihu.android/.app.ui.activity.MainActivity,android.intent.action.MAIN,NULL,NULL,270532608]
04-13 11:18:59.152   182   182 I sf_frame_dur: [InputMethod,0,0,0,0,0,0,1]
04-13 11:19:03.264   709   804 I am_home_stack_moved: [0,0,1,1,intentActivityFound]
04-13 11:19:03.264   709   804 I wm_task_moved: [4,1,0]
04-13 11:19:03.270   709   804 I am_new_intent: [0,177988076,4,com.zhihu.android/.app.ui.activity.MainActivity,android.intent.action.MAIN,NULL,NULL,270532608]
04-13 11:19:16.594   709   774 I am_proc_start: [0,3448,10038,com.android.music,broadcast,com.android.music/.MediaButtonIntentReceiver]
04-13 11:19:16.708   709  1229 I am_proc_bound: [0,3448,com.android.music]
04-13 11:19:57.126   182   182 I sf_frame_dur: [InputMethod,7,3,2,2,2,8,14]
04-13 11:20:20.738   709  1220 I am_home_stack_moved: [0,0,1,1,intentActivityFound]
04-13 11:20:20.738   709  1220 I wm_task_moved: [4,1,0]
04-13 11:20:20.745   709  1220 I am_new_intent: [0,76125364,4,com.zhihu.android/.app.ui.activity.MainActivity,android.intent.action.MAIN,NULL,NULL,270532608]
04-13 11:20:35.979   709   774 I am_anr  : [0,1869,com.zhihu.android,14171716,Input dispatching timed out (Waiting to send key event because the focused window has not finished processing all of the input events that were previously delivered to it.  Outbound queue length: 0.  Wait queue length: 8.)]
04-13 11:21:07.815   709   804 I am_home_stack_moved: [0,0,1,1,intentActivityFound]
04-13 11:21:07.816   709   804 I wm_task_moved: [4,1,0]
04-13 11:21:07.824   709   804 I am_new_intent: [0,659108685,4,com.zhihu.android/.app.ui.activity.MainActivity,android.intent.action.MAIN,NULL,NULL,270532608]
04-13 11:21:33.156   182   182 I sf_frame_dur: [PopupWindow:187ca226,2,2,1,0,0,0,0]
04-13 11:21:47.155   852   852 I sysui_panelholder_touch: [0,42,0]
04-13 11:21:47.172   709  1229 I notification_panel_revealed: []
04-13 11:21:47.180   709  1191 I notification_visibility_changed: [-1|android|17040644|null|1000;-1|android|17040636|null|1000,]
04-13 11:21:47.790   709   726 I notification_visibility_changed: [,-1|android|17040644|null|1000;-1|android|17040636|null|1000]
04-13 11:21:47.791   709  1274 I notification_panel_hidden: []
04-13 11:21:56.577   709   709 I notification_cancel: [10054,1869,com.zhihu.android,0,NULL,0,0,64,8,NULL]
04-13 11:21:57.404   852   852 I sysui_panelholder_touch: [0,463,64]
04-13 11:21:57.419   709  1003 I notification_panel_revealed: []
04-13 11:21:57.424   709   804 I notification_visibility_changed: [-1|android|17040644|null|1000;-1|android|17040636|null|1000,]
04-13 11:21:57.983   709  1243 I notification_visibility_changed: [,-1|android|17040644|null|1000;-1|android|17040636|null|1000]
04-13 11:21:57.985   709  1229 I notification_panel_hidden: []
04-13 11:22:07.438   182   182 I sf_frame_dur: [VolumePanel,33,0,1,0,0,0,1]
04-13 11:22:11.559   709   709 I free_storage_changed: 13199642624
04-13 11:22:49.480   709   709 I notification_cancel: [10054,1869,com.zhihu.android,0,NULL,0,0,64,8,NULL]
04-13 11:22:52.591   709   810 I netstats_mobile_sample: [0,0,0,0,0,0,0,0,0,0,0,0,1492053772592]
04-13 11:22:52.595   709   810 I netstats_wifi_sample: [2018361,2717,290742,2188,2016951,2715,257482,2186,2016951,2715,257442,2185,1492053772592]
04-13 11:22:53.702   709   709 I notification_cancel: [10054,1869,com.zhihu.android,0,NULL,0,0,64,8,NULL]
04-13 11:23:14.524   852   852 I sysui_panelholder_touch: [0,616,48]
04-13 11:23:14.580   709   803 I notification_panel_revealed: []
04-13 11:23:14.601   709  1220 I notification_visibility_changed: [-1|android|17040644|null|1000;-1|android|17040636|null|1000,]
04-13 11:23:15.223   709  1191 I notification_visibility_changed: [,-1|android|17040644|null|1000;-1|android|17040636|null|1000]
04-13 11:23:15.228   709  1229 I notification_panel_hidden: []
04-13 11:23:21.466   182   182 I sf_frame_dur: [VolumePanel,9,1,1,0,0,0,0]
04-13 11:23:24.603   182   182 I sf_frame_dur: [VolumePanel,14,0,1,0,0,0,0]
04-13 11:23:58.001   709  1003 I battery_status: [2,2,1,2,Li-ion]
04-13 11:23:58.001   709  1003 I battery_level: [98,4217,332]
04-13 11:23:58.011   709   709 I notification_cancel: [10013,852,com.android.systemui,100,low_battery,-1,0,64,8,NULL]
04-13 11:24:09.717   852   852 I sysui_panelholder_touch: [0,545,60]
04-13 11:24:09.766   709  1243 I notification_panel_revealed: []
04-13 11:24:09.785   709  1229 I notification_visibility_changed: [-1|android|17040644|null|1000;-1|android|17040636|null|1000,]
04-13 11:24:10.482   709  1220 I notification_visibility_changed: [,-1|android|17040644|null|1000;-1|android|17040636|null|1000]
04-13 11:24:10.486   709  1191 I notification_panel_hidden: []
04-13 11:24:45.976   709  1243 I am_home_stack_moved: [0,0,1,1,intentActivityFound]
04-13 11:24:45.976   709  1243 I wm_task_moved: [4,1,0]
04-13 11:24:45.982   709  1243 I am_new_intent: [0,855860830,4,com.zhihu.android/.app.ui.activity.MainActivity,android.intent.action.MAIN,NULL,NULL,270532608]
04-13 11:24:51.032   852   852 I sysui_panelholder_touch: [0,758,61]
04-13 11:24:51.055   709  1191 I notification_panel_revealed: []
04-13 11:24:51.094   709  1274 I notification_visibility_changed: [-1|android|17040644|null|1000;-1|android|17040636|null|1000,]
04-13 11:24:51.708   709  1229 I notification_visibility_changed: [,-1|android|17040644|null|1000;-1|android|17040636|null|1000]
04-13 11:24:51.709   709  1191 I notification_panel_hidden: []
04-13 11:24:53.051   852   852 I sysui_panelholder_touch: [0,276,50]
04-13 11:24:53.086   709  1274 I notification_panel_revealed: []
04-13 11:24:53.096   709  1191 I notification_visibility_changed: [-1|android|17040644|null|1000;-1|android|17040636|null|1000,]
04-13 11:24:53.860   709  1274 I notification_visibility_changed: [,-1|android|17040644|null|1000;-1|android|17040636|null|1000]
04-13 11:24:53.861   709   804 I notification_panel_hidden: []
04-13 11:25:04.459   709   709 I notification_cancel: [10054,1869,com.zhihu.android,1,NULL,0,0,64,8,NULL]
04-13 11:25:19.169   182   182 I sf_frame_dur: [InputMethod,0,0,0,2,1,2,3]
04-13 11:26:11.593   709   709 I free_storage_changed: 13197127680
04-13 11:26:27.612   709   810 I netstats_mobile_sample: [0,0,0,0,0,0,0,0,0,0,0,0,1492053987613]
04-13 11:26:27.613   709   810 I netstats_wifi_sample: [3942646,4783,484700,3823,3940525,4781,437334,3821,3940525,4781,437334,3821,1492053987613]
04-13 11:27:16.055   852   852 I sysui_panelholder_touch: [0,504,28]
04-13 11:27:16.079   709  1220 I notification_panel_revealed: []
04-13 11:27:16.086   709   803 I notification_visibility_changed: [-1|android|17040644|null|1000;-1|android|17040636|null|1000,]
04-13 11:27:16.656   709   725 I notification_visibility_changed: [,-1|android|17040644|null|1000;-1|android|17040636|null|1000]
04-13 11:27:16.657   709   726 I notification_panel_hidden: []
04-13 11:27:21.316   709   709 I notification_cancel: [10054,1869,com.zhihu.android,0,NULL,0,0,64,8,NULL]
04-13 11:27:27.730   852   852 I sysui_panelholder_touch: [0,103,53]
04-13 11:27:27.761   709  1274 I notification_panel_revealed: []
04-13 11:27:27.781   709  1220 I notification_visibility_changed: [-1|android|17040644|null|1000;-1|android|17040636|null|1000,]
04-13 11:27:35.186   182   182 I sf_frame_dur: [VolumePanel,14,1,0,0,0,0,0]
04-13 11:27:36.019   709   804 I notification_visibility_changed: [,-1|android|17040644|null|1000;-1|android|17040636|null|1000]
04-13 11:27:36.021   709  1220 I notification_panel_hidden: []
04-13 11:27:36.032   709  1243 I notification_clicked: -1|android|17040644|null|1000
04-13 11:27:36.033   709   709 I notification_cancel: [10013,852,android,17040644,NULL,-1,16,64,1,NULL]
04-13 11:27:38.042   709   709 I notification_cancel: [10054,1869,com.zhihu.android,0,NULL,0,0,64,8,NULL]
04-13 11:27:58.870   709   709 I notification_cancel: [10054,1869,com.zhihu.android,0,NULL,0,0,64,8,NULL]
04-13 11:28:06.625   709   709 I notification_cancel: [10054,1869,com.zhihu.android,0,NULL,0,0,64,8,NULL]
04-13 11:28:09.725   709   804 I am_home_stack_moved: [0,0,1,1,intentActivityFound]
04-13 11:28:09.725   709   804 I wm_task_moved: [4,1,0]
04-13 11:28:09.735   709   804 I am_new_intent: [0,859654167,4,com.zhihu.android/.app.ui.activity.MainActivity,android.intent.action.MAIN,NULL,NULL,270532608]
04-13 11:28:09.813   709   709 I notification_cancel: [10054,1869,com.zhihu.android,0,NULL,0,0,64,8,NULL]
04-13 11:28:44.449   709  1191 I am_home_stack_moved: [0,0,1,1,intentActivityFound]
04-13 11:28:44.449   709  1191 I wm_task_moved: [4,1,0]
04-13 11:28:44.454   709  1191 I am_new_intent: [0,360973346,4,com.zhihu.android/.app.ui.activity.MainActivity,android.intent.action.MAIN,NULL,NULL,270532608]
04-13 11:28:54.690   709  1243 I am_home_stack_moved: [0,0,1,1,intentActivityFound]
04-13 11:28:54.690   709  1243 I wm_task_moved: [4,1,0]
04-13 11:28:54.699   709  1243 I am_new_intent: [0,539406236,4,com.zhihu.android/.app.ui.activity.MainActivity,android.intent.action.MAIN,NULL,NULL,270532608]
04-13 11:29:01.641   182   182 I sf_frame_dur: [InputMethod,0,0,0,1,0,3,1]
04-13 11:29:26.923   709   804 I battery_level: [97,4226,354]
04-13 11:29:26.943   709   709 I notification_cancel: [10013,852,com.android.systemui,100,low_battery,-1,0,64,8,NULL]
04-13 11:29:29.319   182   182 I sf_frame_dur: [VolumePanel,35,1,0,0,2,0,0]
04-13 11:29:29.657   709  1274 I am_home_stack_moved: [0,0,1,1,intentActivityFound]
04-13 11:29:29.657   709  1274 I wm_task_moved: [4,1,0]
04-13 11:29:29.663   709  1274 I am_new_intent: [0,582964788,4,com.zhihu.android/.app.ui.activity.MainActivity,android.intent.action.MAIN,NULL,NULL,270532608]
04-13 11:29:31.910   709   709 I notification_cancel: [10054,1869,com.zhihu.android,0,NULL,0,0,64,8,NULL]
04-13 11:29:51.164   709   725 I am_home_stack_moved: [0,0,1,1,intentActivityFound]
04-13 11:29:51.164   709   725 I wm_task_moved: [4,1,0]
04-13 11:29:51.172   709   725 I am_new_intent: [0,588888530,4,com.zhihu.android/.app.ui.activity.MainActivity,android.intent.action.MAIN,NULL,NULL,270532608]
04-13 11:29:51.233   709   709 I notification_cancel: [10054,1869,com.zhihu.android,0,NULL,0,0,64,8,NULL]
04-13 11:29:56.327   709   709 I notification_cancel: [10054,1869,com.zhihu.android,1,NULL,0,0,64,8,NULL]
04-13 11:29:58.500   852   852 I sysui_panelholder_touch: [0,340,47]
04-13 11:29:58.520   709  1220 I notification_panel_revealed: []
04-13 11:29:58.528   709   803 I notification_visibility_changed: [-1|android|17040644|null|1000;-1|android|17040636|null|1000,]
04-13 11:29:59.111   709   803 I notification_visibility_changed: [,-1|android|17040644|null|1000;-1|android|17040636|null|1000]
04-13 11:29:59.112   709  1191 I notification_panel_hidden: []
04-13 11:30:00.575   709   709 I notification_cancel: [10054,1869,com.zhihu.android,1,NULL,0,0,64,8,NULL]
04-13 11:30:02.712   709   709 I notification_cancel: [10054,1869,com.zhihu.android,0,NULL,0,0,64,8,NULL]
04-13 11:30:18.969   709  1191 I am_home_stack_moved: [0,0,1,1,intentActivityFound]
04-13 11:30:18.969   709  1191 I wm_task_moved: [4,1,0]
04-13 11:30:18.975   709  1191 I am_new_intent: [0,773169568,4,com.zhihu.android/.app.ui.activity.MainActivity,android.intent.action.MAIN,NULL,NULL,270532608]
04-13 11:30:29.620   709   709 I notification_cancel: [10054,1869,com.zhihu.android,0,NULL,0,0,64,8,NULL]
04-13 11:30:29.713   709   709 I notification_cancel: [10054,1869,com.zhihu.android,1,NULL,0,0,64,8,NULL]
04-13 11:30:32.940   709   726 I am_home_stack_moved: [0,0,1,1,intentActivityFound]
04-13 11:30:32.942   709   726 I wm_task_moved: [4,1,0]
04-13 11:30:32.950   709   726 I am_new_intent: [0,87400734,4,com.zhihu.android/.app.ui.activity.MainActivity,android.intent.action.MAIN,NULL,NULL,270532608]
04-13 11:30:36.025   709   709 I notification_cancel: [10054,1869,com.zhihu.android,1,NULL,0,0,64,8,NULL]
04-13 11:30:36.038   709   709 I notification_cancel: [10054,1869,com.zhihu.android,0,NULL,0,0,64,8,NULL]
04-13 11:30:46.347   709  1220 I am_home_stack_moved: [0,0,1,1,intentActivityFound]
04-13 11:30:46.347   709  1220 I wm_task_moved: [4,1,0]
04-13 11:30:46.354   709  1220 I am_new_intent: [0,602348053,4,com.zhihu.android/.app.ui.activity.MainActivity,android.intent.action.MAIN,NULL,NULL,270532608]
04-13 11:30:49.409   709   803 I am_home_stack_moved: [0,0,1,1,intentActivityFound]
04-13 11:30:49.409   709   803 I wm_task_moved: [4,1,0]
04-13 11:30:49.417   709   803 I am_new_intent: [0,882290986,4,com.zhihu.android/.app.ui.activity.MainActivity,android.intent.action.MAIN,NULL,NULL,270532608]
04-13 11:31:03.016   709  1220 I am_home_stack_moved: [0,0,1,1,intentActivityFound]
04-13 11:31:03.016   709  1220 I wm_task_moved: [4,1,0]
04-13 11:31:03.038   709  1220 I am_new_intent: [0,1020396728,4,com.zhihu.android/.app.ui.activity.MainActivity,android.intent.action.MAIN,NULL,NULL,270532608]
04-13 11:31:25.645   709  1274 I am_home_stack_moved: [0,0,1,1,intentActivityFound]
04-13 11:31:25.645   709  1274 I wm_task_moved: [4,1,0]
04-13 11:31:25.652   709  1274 I am_new_intent: [0,818978295,4,com.zhihu.android/.app.ui.activity.MainActivity,android.intent.action.MAIN,NULL,NULL,270532608]
04-13 11:31:28.712   852   852 I sysui_panelholder_touch: [0,990,68]
04-13 11:31:28.817   709  1220 I notification_panel_revealed: []
04-13 11:31:28.887   709  1274 I notification_visibility_changed: [-1|android|17040644|null|1000;-1|android|17040636|null|1000,]
04-13 11:31:29.623   709  1191 I notification_visibility_changed: [,-1|android|17040644|null|1000;-1|android|17040636|null|1000]
04-13 11:31:29.625   709   725 I notification_panel_hidden: []
04-13 11:31:57.935   182   182 I sf_frame_dur: [VolumePanel,0,1,0,2,0,0,0]
04-13 11:32:04.406   182   182 I sf_frame_dur: [VolumePanel,0,2,1,1,0,0,0]
04-13 11:32:25.349   852   852 I sysui_panelholder_touch: [0,633,70]
04-13 11:32:25.458   709   803 I notification_panel_revealed: []
04-13 11:32:25.489   709  1229 I notification_visibility_changed: [-1|android|17040644|null|1000;-1|android|17040636|null|1000,]
04-13 11:32:26.408   709   804 I notification_visibility_changed: [,-1|android|17040644|null|1000;-1|android|17040636|null|1000]
04-13 11:32:26.415   709  1191 I notification_panel_hidden: []
04-13 11:32:45.252   709   803 I am_home_stack_moved: [0,0,1,1,intentActivityFound]
04-13 11:32:45.252   709   803 I wm_task_moved: [4,1,0]
04-13 11:32:45.284   709   803 I am_new_intent: [0,946515261,4,com.zhihu.android/.app.ui.activity.MainActivity,android.intent.action.MAIN,NULL,NULL,270532608]
04-13 11:33:00.090   709   709 I notification_cancel: [10054,1869,com.zhihu.android,0,NULL,0,0,64,8,NULL]
04-13 11:33:06.193   852   852 I sysui_panelholder_touch: [0,883,6]
04-13 11:33:06.209   709  1229 I notification_panel_revealed: []
04-13 11:33:06.224   709   725 I notification_visibility_changed: [-1|android|17040644|null|1000;-1|android|17040636|null|1000,]
04-13 11:33:12.591   709 29519 I notification_visibility_changed: [,-1|android|17040644|null|1000;-1|android|17040636|null|1000]
04-13 11:33:12.593   709   803 I notification_panel_hidden: []
04-13 11:33:29.448   709   709 I notification_cancel: [10054,1869,com.zhihu.android,1,NULL,0,0,64,8,NULL]
04-13 11:33:31.524   709   709 I notification_cancel: [10054,1869,com.zhihu.android,1,NULL,0,0,64,8,NULL]
04-13 11:33:31.533   709   709 I notification_cancel: [10054,1869,com.zhihu.android,0,NULL,0,0,64,8,NULL]
04-13 11:33:33.979   709   709 I notification_cancel: [10054,1869,com.zhihu.android,1,NULL,0,0,64,8,NULL]
04-13 11:33:34.867   709   709 I notification_cancel: [10054,1869,com.zhihu.android,0,NULL,0,0,64,8,NULL]
04-13 11:33:40.341   182   182 I sf_frame_dur: [VolumePanel,1,0,0,0,0,0,0]
04-13 11:33:57.575   709   709 I notification_cancel: [10054,1869,com.zhihu.android,1,NULL,0,0,64,8,NULL]
04-13 11:34:00.899   709   709 I notification_cancel: [10054,1869,com.zhihu.android,1,NULL,0,0,64,8,NULL]
04-13 11:34:13.411   182   182 I sf_frame_dur: [VolumePanel,10,1,1,0,0,0,1]
04-13 11:34:14.248   182   182 I sf_frame_dur: [PopupWindow:2440abc8,0,0,1,1,0,0,0]
04-13 11:34:19.253   852   852 I sysui_panelholder_touch: [0,604,20]
04-13 11:34:19.297   709  1003 I notification_panel_revealed: []
04-13 11:34:19.310   709   803 I notification_visibility_changed: [-1|android|17040644|null|1000;-1|android|17040636|null|1000,]
04-13 11:34:19.322   709  1243 I notification_visibility_changed: [,-1|android|17040644|null|1000;-1|android|17040636|null|1000]
04-13 11:34:19.322   709  1229 I notification_panel_hidden: []
04-13 11:34:19.368   709  1191 I notification_panel_revealed: []
04-13 11:34:19.828   709  1274 I notification_visibility_changed: [-1|android|17040644|null|1000;-1|android|17040636|null|1000,]
04-13 11:34:21.377   709  1243 I notification_visibility_changed: [,-1|android|17040644|null|1000;-1|android|17040636|null|1000]
04-13 11:34:21.379   709  1274 I notification_panel_hidden: []
04-13 11:34:21.390   709  1229 I notification_clicked: -1|android|17040636|null|1000
04-13 11:34:21.392   709   709 I notification_cancel: [10013,852,android,17040636,NULL,-1,16,64,1,NULL]
04-13 11:34:30.702   182   182 I sf_frame_dur: [VolumePanel,15,1,0,0,0,0,0]
04-13 11:34:33.833   182   182 I sf_frame_dur: [InputMethod,0,0,0,1,1,1,5]
04-13 11:34:54.108   709 29519 I battery_level: [96,4216,378]
04-13 11:34:54.117   709   709 I notification_cancel: [10013,852,com.android.systemui,100,low_battery,-1,0,64,8,NULL]
04-13 11:34:59.206   709   810 I netstats_mobile_sample: [0,0,0,0,0,0,0,0,0,0,0,0,1492054499202]
04-13 11:34:59.219   709   810 I netstats_wifi_sample: [5730655,7511,821907,5667,5726933,7508,748671,5664,5726859,7507,748631,5663,1492054499202]
04-13 11:35:06.963   182   182 I sf_frame_dur: [VolumePanel,4,0,1,0,1,0,0]
04-13 11:35:31.244   709 29519 I am_home_stack_moved: [0,0,1,1,intentActivityFound]
04-13 11:35:31.244   709 29519 I wm_task_moved: [4,1,0]
04-13 11:35:31.253   709 29519 I am_new_intent: [0,934391696,4,com.zhihu.android/.app.ui.activity.MainActivity,android.intent.action.MAIN,NULL,NULL,270532608]
04-13 11:35:50.939   709  1191 I am_home_stack_moved: [0,0,1,1,intentActivityFound]
04-13 11:35:50.939   709  1191 I wm_task_moved: [4,1,0]
04-13 11:35:50.945   709  1191 I am_new_intent: [0,142194830,4,com.zhihu.android/.app.ui.activity.MainActivity,android.intent.action.MAIN,NULL,NULL,270532608]
04-13 11:36:11.662   709   709 I free_storage_changed: 13194924032
04-13 11:36:44.803   852   852 I sysui_panelholder_touch: [0,322,34]
04-13 11:36:45.099   709   803 I notification_panel_revealed: []
04-13 11:36:45.140   709  1243 I notification_visibility_changed: [-1|android|17040644|null|1000;-1|android|17040636|null|1000,]
04-13 11:36:47.641   709   725 I notification_clicked: -1|android|17040644|null|1000
04-13 11:36:47.641   709   709 I notification_cancel: [10013,852,android,17040644,NULL,-1,16,64,1,NULL]
04-13 11:36:47.729   709  1003 I notification_visibility_changed: [,-1|android|17040644|null|1000;-1|android|17040636|null|1000]
04-13 11:36:47.732   709   725 I notification_panel_hidden: []
04-13 11:37:00.950   852   852 I sysui_panelholder_touch: [0,246,36]
04-13 11:37:01.050   709  1003 I notification_panel_revealed: []
04-13 11:37:01.082   709  1229 I notification_visibility_changed: [-1|android|17040644|null|1000;-1|android|17040636|null|1000,]
04-13 11:37:02.729   709  5468 I notification_clicked: -1|android|17040636|null|1000
04-13 11:37:02.729   709   709 I notification_cancel: [10013,852,android,17040636,NULL,-1,16,64,1,NULL]
04-13 11:37:02.763   709   726 I notification_visibility_changed: [,-1|android|17040644|null|1000;-1|android|17040636|null|1000]
04-13 11:37:02.763   709  1274 I notification_panel_hidden: []
04-13 11:37:36.830   852   852 I sysui_panelholder_touch: [0,575,7]
04-13 11:37:36.866   709  1229 I notification_panel_revealed: []
04-13 11:37:36.885   709 10377 I notification_visibility_changed: [-1|android|17040644|null|1000;-1|android|17040636|null|1000,]
04-13 11:38:02.506   709  1274 I notification_visibility_changed: [,-1|android|17040644|null|1000;-1|android|17040636|null|1000]
04-13 11:38:02.507   709 10377 I notification_panel_hidden: []
04-13 11:38:06.560   852   852 I sysui_panelholder_touch: [0,1007,14]
04-13 11:38:06.627   709  9904 I notification_panel_revealed: []
04-13 11:38:06.648   709   725 I notification_visibility_changed: [-1|android|17040644|null|1000;-1|android|17040636|null|1000,]
04-13 11:38:06.687   709  1003 I notification_visibility_changed: [,-1|android|17040644|null|1000;-1|android|17040636|null|1000]
04-13 11:38:06.690   709  1274 I notification_panel_hidden: []
04-13 11:38:07.590   709  1220 I am_home_stack_moved: [0,0,1,1,intentActivityFound]
04-13 11:38:07.590   709  1220 I wm_task_moved: [4,1,0]
04-13 11:38:07.614   709  1220 I am_new_intent: [0,75251251,4,com.zhihu.android/.app.ui.activity.MainActivity,android.intent.action.MAIN,NULL,NULL,270532608]
04-13 11:38:21.640   182   182 I sf_frame_dur: [com.zhihu.android/com.zhihu.android.app.ui.activity.MainActivity,0,0,1,0,0,0,0]
04-13 11:38:31.780   182   182 I sf_frame_dur: [com.zhihu.android/com.zhihu.android.app.ui.activity.MainActivity,0,2,0,2,0,1,3]
04-13 11:38:51.314   709 29519 I am_home_stack_moved: [0,0,1,1,intentActivityFound]
04-13 11:38:51.314   709 29519 I wm_task_moved: [4,1,0]
04-13 11:38:51.329   709 29519 I am_new_intent: [0,281180833,4,com.zhihu.android/.app.ui.activity.MainActivity,android.intent.action.MAIN,NULL,NULL,270532608]
04-13 11:39:08.144   182   182 I sf_frame_dur: [SubPanel:com.zhihu.android/com.zhihu.android.app.ui.activity.MainActivity,0,0,0,1,0,0,0]
04-13 11:39:11.315   852   852 I sysui_panelholder_touch: [0,143,18]
04-13 11:39:11.380   709  1191 I notification_panel_revealed: []
04-13 11:39:11.397   709  1243 I notification_visibility_changed: [-1|android|17040644|null|1000;-1|android|17040636|null|1000,]
04-13 11:39:12.016   709  5468 I notification_visibility_changed: [,-1|android|17040644|null|1000;-1|android|17040636|null|1000]
04-13 11:39:12.018   709   725 I notification_panel_hidden: []
04-13 11:39:24.327   709   810 I netstats_mobile_sample: [0,0,0,0,0,0,0,0,0,0,0,0,1492054764328]
04-13 11:39:24.328   709   810 I netstats_wifi_sample: [7640856,9520,1031659,7216,7630169,9511,944577,7211,7628681,9510,944577,7211,1492054764328]
04-13 11:39:28.149   709  5468 I am_home_stack_moved: [0,0,1,1,intentActivityFound]
04-13 11:39:28.161   709  5468 I wm_task_moved: [4,1,0]
04-13 11:39:28.180   709  5468 I am_new_intent: [0,721345753,4,com.zhihu.android/.app.ui.activity.MainActivity,android.intent.action.MAIN,NULL,NULL,270532608]
04-13 11:39:30.283   852   852 I sysui_panelholder_touch: [0,335,35]
04-13 11:39:30.369   709  1274 I notification_panel_revealed: []
04-13 11:39:30.512   709  9904 I notification_visibility_changed: [-1|android|17040644|null|1000;-1|android|17040636|null|1000,]
04-13 11:39:30.600   709  1243 I notification_visibility_changed: [,-1|android|17040644|null|1000;-1|android|17040636|null|1000]
04-13 11:39:30.602   709 29519 I notification_panel_hidden: []
04-13 11:39:38.928   182   182 I sf_frame_dur: [SubPanel:com.zhihu.android/com.zhihu.android.app.ui.activity.MainActivity,15,0,1,0,1,1,1]
04-13 11:39:51.621   182   182 I sf_frame_dur: [SubPanel:com.zhihu.android/com.zhihu.android.app.ui.activity.MainActivity,0,0,1,0,0,0,0]
04-13 11:39:57.096   182   182 I sf_frame_dur: [SubPanel:com.zhihu.android/com.zhihu.android.app.ui.activity.MainActivity,0,1,0,0,0,1,0]
04-13 11:40:11.693   709   709 I free_storage_changed: 13191606272
