04-13 12:11:13.614   709  1243 I am_home_stack_moved: [0,0,1,1,intentActivityFound]
04-13 12:11:13.614   709  1243 I wm_task_moved: [7,1,1]
04-13 12:11:13.621   709  1243 I am_home_stack_moved: [0,0,1,1,bringingFoundTaskToFront]
04-13 12:11:13.622   709  1243 I wm_task_moved: [4,1,1]
04-13 12:11:13.629   709  1243 I am_pause_activity: [0,694697419,com.zhihu.android/.app.ui.activity.share.ShareToMessageActivity]
04-13 12:11:13.634   709  1243 I am_task_to_front: [0,4]
04-13 12:11:13.634   709  1243 I am_new_intent: [0,657976422,4,com.zhihu.android/.app.ui.activity.MainActivity,android.intent.action.SEND,text/plain,NULL,272629761]
04-13 12:11:13.637   709  5468 I am_finish_activity: [0,694697419,7,com.zhihu.android/.app.ui.activity.share.ShareToMessageActivity,app-request]
04-13 12:11:13.637   709  5468 I am_home_stack_moved: [0,0,1,1,finishActivity adjustTopFocus setFocusedActivity]
04-13 12:11:13.638   709  5468 I am_focused_activity: [0,com.zhihu.android/.app.ui.activity.MainActivity]
04-13 12:11:13.686   709 29519 I am_resume_activity: [0,909227907,4,com.zhihu.android/.app.ui.activity.MainActivity]
04-13 12:11:13.817  1869  1869 I am_on_resume_called: [0,com.zhihu.android.app.ui.activity.MainActivity]
04-13 12:11:14.219   709  1191 I am_destroy_activity: [0,694697419,7,com.zhihu.android/.app.ui.activity.share.ShareToMessageActivity,finish-idle]
04-13 12:11:14.222   709  1191 I wm_task_removed: [7,removeAppToken: last token]
04-13 12:11:14.222   709  1191 I wm_task_removed: [7,removeTask]
04-13 12:11:30.790   709 16191 I am_home_stack_moved: [0,0,1,1,intentActivityFound]
04-13 12:11:30.790   709 16191 I wm_task_moved: [4,1,0]
04-13 12:11:30.800   709 16191 I am_new_intent: [0,397272501,4,com.zhihu.android/.app.ui.activity.MainActivity,android.intent.action.MAIN,NULL,NULL,270532608]
04-13 12:11:44.119   182   182 I sf_frame_dur: [InputMethod,21,3,3,2,1,9,12]
04-13 12:11:47.857   709  1274 I am_home_stack_moved: [0,0,1,1,intentActivityFound]
04-13 12:11:47.857   709  1274 I wm_task_moved: [4,1,0]
04-13 12:11:47.863   709  1274 I am_new_intent: [0,371468337,4,com.zhihu.android/.app.ui.activity.MainActivity,android.intent.action.MAIN,NULL,NULL,270532608]
04-13 12:12:05.265   709   810 I netstats_mobile_sample: [0,0,0,0,0,0,0,0,0,0,0,0,1492056725266]
04-13 12:12:05.270   709   810 I netstats_wifi_sample: [13118370,17715,1998084,12307,13110207,17706,1855654,12298,13108672,17704,1855574,12296,1492056725266]
04-13 12:12:12.839   709  1220 I am_home_stack_moved: [0,0,1,1,intentActivityFound]
04-13 12:12:12.840   709  1220 I wm_task_moved: [4,1,0]
04-13 12:12:12.855   709  1220 I am_new_intent: [0,626128783,4,com.zhihu.android/.app.ui.activity.MainActivity,android.intent.action.MAIN,NULL,NULL,270532608]
04-13 12:12:27.474   182   182 I sf_frame_dur: [SubPanel:com.zhihu.android/com.zhihu.android.app.ui.activity.MainActivity,16,2,0,0,0,0,0]
04-13 12:12:34.740   182   182 I sf_frame_dur: [SubPanel:com.zhihu.android/com.zhihu.android.app.ui.activity.MainActivity,2,1,1,0,0,1,0]
04-13 12:12:37.557   709 16191 I am_home_stack_moved: [0,0,1,1,intentActivityFound]
04-13 12:12:37.557   709 16191 I wm_task_moved: [4,1,0]
04-13 12:12:37.561   709 16191 I am_new_intent: [0,798904908,4,com.zhihu.android/.app.ui.activity.MainActivity,android.intent.action.MAIN,NULL,NULL,270532608]
04-13 12:12:40.936   182   182 I sf_frame_dur: [InputMethod,12,2,2,1,1,4,5]
04-13 12:13:06.271   182   182 I sf_frame_dur: [InputMethod,0,0,1,2,0,1,0]
04-13 12:13:42.282   709   709 I notification_cancel: [10054,1869,com.zhihu.android,1,NULL,0,0,64,8,NULL]
04-13 12:13:49.454   852   852 I sysui_panelholder_touch: [0,30,64]
04-13 12:13:49.668   709 29519 I notification_panel_revealed: []
04-13 12:13:49.718   709  1191 I notification_visibility_changed: [-1|android|17040644|null|1000;-1|android|17040636|null|1000,]
04-13 12:13:51.599   709   804 I notification_visibility_changed: [,-1|android|17040644|null|1000;-1|android|17040636|null|1000]
04-13 12:13:51.671   709  1220 I notification_panel_hidden: []
04-13 12:14:04.639   852   852 I sysui_panelholder_touch: [0,320,25]
04-13 12:14:04.805   709  5468 I notification_panel_revealed: []
04-13 12:14:04.869   709   803 I notification_visibility_changed: [-1|android|17040644|null|1000;-1|android|17040636|null|1000,]
04-13 12:14:06.626   709  1003 I notification_visibility_changed: [,-1|android|17040644|null|1000;-1|android|17040636|null|1000]
04-13 12:14:06.648   709  1191 I notification_panel_hidden: []
04-13 12:14:14.458   709   810 I netstats_mobile_sample: [0,0,0,0,0,0,0,0,0,0,0,0,1492056854459]
04-13 12:14:14.509   709   810 I netstats_wifi_sample: [13530757,18446,2085794,12798,13522186,18437,1936470,12789,13522186,18437,1936470,12789,1492056854459]
04-13 12:14:31.301   709  5468 I battery_level: [93,4191,406]
04-13 12:14:31.318   709   709 I notification_cancel: [10013,852,com.android.systemui,100,low_battery,-1,0,64,8,NULL]
04-13 12:15:33.856   182   182 I sf_frame_dur: [SubPanel:com.zhihu.android/com.zhihu.android.app.ui.activity.MainActivity,0,0,0,1,1,0,0]
04-13 12:15:40.367  1869  1869 I menu_item_selected: [0,]
04-13 12:15:41.005   182   182 I sf_frame_dur: [SubPanel:com.zhihu.android/com.zhihu.android.app.ui.activity.MainActivity,3,2,1,1,0,0,1]
04-13 12:15:54.218   709 10377 I am_home_stack_moved: [0,0,1,1,intentActivityFound]
04-13 12:15:54.218   709 10377 I wm_task_moved: [4,1,0]
04-13 12:15:54.225   709 10377 I am_new_intent: [0,929968025,4,com.zhihu.android/.app.ui.activity.MainActivity,android.intent.action.MAIN,NULL,NULL,270532608]
04-13 12:15:56.297   709  1274 I am_home_stack_moved: [0,0,1,1,intentActivityFound]
04-13 12:15:56.297   709  1274 I wm_task_moved: [4,1,0]
04-13 12:15:56.304   709  1274 I am_new_intent: [0,696362559,4,com.zhihu.android/.app.ui.activity.MainActivity,android.intent.action.MAIN,NULL,NULL,270532608]
04-13 12:16:44.672   182   182 I sf_frame_dur: [SubPanel:com.zhihu.android/com.zhihu.android.app.ui.activity.MainActivity,0,1,4,1,4,0,0]
04-13 12:17:15.667   182   182 I sf_frame_dur: [SubPanel:com.zhihu.android/com.zhihu.android.app.ui.activity.MainActivity,1,1,6,0,1,1,1]
04-13 12:17:15.784   182   182 I sf_frame_dur: [VolumePanel,46,5,1,3,0,0,3]
04-13 12:17:21.156   182   182 I sf_frame_dur: [SubPanel:com.zhihu.android/com.zhihu.android.app.ui.activity.MainActivity,0,0,0,5,2,1,0]
04-13 12:17:58.486   182   182 I sf_frame_dur: [SubPanel:com.zhihu.android/com.zhihu.android.app.ui.activity.MainActivity,0,0,0,0,1,1,0]
04-13 12:18:04.140   182   182 I sf_frame_dur: [SubPanel:com.zhihu.android/com.zhihu.android.app.ui.activity.MainActivity,0,0,0,4,0,2,1]
04-13 12:18:04.817   709   726 I am_home_stack_moved: [0,0,1,1,intentActivityFound]
04-13 12:18:04.817   709   726 I wm_task_moved: [4,1,0]
04-13 12:18:04.824   709   726 I am_new_intent: [0,1010108018,4,com.zhihu.android/.app.ui.activity.MainActivity,android.intent.action.MAIN,NULL,NULL,270532608]
04-13 12:18:13.084  1869  1869 I menu_item_selected: [0,]
04-13 12:18:13.727   182   182 I sf_frame_dur: [SubPanel:com.zhihu.android/com.zhihu.android.app.ui.activity.MainActivity,3,0,1,1,2,0,0]
04-13 12:18:20.471   182   182 I sf_frame_dur: [SubPanel:com.zhihu.android/com.zhihu.android.app.ui.activity.MainActivity,0,0,5,1,0,0,1]
04-13 12:18:27.466   182   182 I sf_frame_dur: [SubPanel:com.zhihu.android/com.zhihu.android.app.ui.activity.MainActivity,2,3,3,1,2,0,1]
04-13 12:18:28.055   709  1274 I am_home_stack_moved: [0,0,1,1,intentActivityFound]
04-13 12:18:28.055   709  1274 I wm_task_moved: [4,1,0]
04-13 12:18:28.080   709  1274 I am_new_intent: [0,852138477,4,com.zhihu.android/.app.ui.activity.MainActivity,android.intent.action.MAIN,NULL,NULL,270532608]
04-13 12:18:52.198   182   182 I sf_frame_dur: [SubPanel:com.zhihu.android/com.zhihu.android.app.ui.activity.MainActivity,0,1,1,1,2,0,1]
04-13 12:18:57.160   709   709 I notification_enqueue: [10013,7425,com.android.systemui,789,NULL,0,Notification(pri=0 contentView=null vibrate=null sound=null defaults=0x0 flags=0x20 color=0xff607d8b vis=PRIVATE publicVersion=Notification(pri=0 contentView=com.android.systemui/0x1090077 vibrate=null sound=null defaults=0x0 flags=0x0 color=0xff607d8b category=progress vis=PRIVATE)),0]
04-13 12:18:57.291   182   182 I sf_frame_dur: [ScreenshotAnimation,43,4,1,0,1,1,0]
04-13 12:18:59.881   709 29519 I notification_expansion: [0|com.android.systemui|789|null|10013,0,1]
04-13 12:18:59.901   709  1243 I notification_expansion: [-1|android|17040644|null|1000,0,0]
04-13 12:19:01.122   709   709 I notification_enqueue: [10013,7425,com.android.systemui,789,NULL,0,Notification(pri=0 contentView=null vibrate=null sound=null defaults=0x0 flags=0x10 color=0xff607d8b actions=1 vis=PRIVATE publicVersion=Notification(pri=0 contentView=com.android.systemui/0x1090077 vibrate=null sound=null defaults=0x0 flags=0x10 color=0xff607d8b category=progress vis=PRIVATE)),1]
04-13 12:19:01.440   709   726 I notification_expansion: [0|com.android.systemui|789|null|10013,0,0]
04-13 12:19:02.174   709   726 I notification_expansion: [0|com.android.systemui|789|null|10013,0,1]
04-13 12:19:05.712  1869  1869 I menu_item_selected: [0,]
04-13 12:19:06.216   182   182 I sf_frame_dur: [SubPanel:com.zhihu.android/com.zhihu.android.app.ui.activity.MainActivity,2,9,4,4,0,0,0]
04-13 12:19:19.029   709 23473 I am_home_stack_moved: [0,0,1,1,intentActivityFound]
04-13 12:19:19.029   709 23473 I wm_task_moved: [4,1,0]
04-13 12:19:19.036   709 23473 I am_new_intent: [0,240460039,4,com.zhihu.android/.app.ui.activity.MainActivity,android.intent.action.MAIN,NULL,NULL,270532608]
04-13 12:19:50.944  1869  1869 I menu_item_selected: [0,]
04-13 12:19:51.342   182   182 I sf_frame_dur: [SubPanel:com.zhihu.android/com.zhihu.android.app.ui.activity.MainActivity,19,1,1,0,2,0,0]
04-13 12:20:00.858   182   182 I sf_frame_dur: [SubPanel:com.zhihu.android/com.zhihu.android.app.ui.activity.MainActivity,2,3,4,0,0,1,1]
04-13 12:20:07.191   182   182 I sf_frame_dur: [SubPanel:com.zhihu.android/com.zhihu.android.app.ui.activity.MainActivity,0,8,0,3,0,1,1]
04-13 12:20:11.562   182   182 I sf_frame_dur: [InputMethod,0,0,0,1,0,5,5]
04-13 12:20:36.295   709  5468 I am_home_stack_moved: [0,0,1,1,intentActivityFound]
04-13 12:20:36.295   709  5468 I wm_task_moved: [4,1,0]
04-13 12:20:36.302   709  5468 I am_new_intent: [0,983173780,4,com.zhihu.android/.app.ui.activity.MainActivity,android.intent.action.MAIN,NULL,NULL,270532608]
04-13 12:20:59.655   852   852 I sysui_panelholder_touch: [0,316,14]
04-13 12:20:59.823   709   726 I notification_panel_revealed: []
04-13 12:20:59.932   709   804 I notification_visibility_changed: [0|com.android.systemui|789|null|10013;-1|android|17040644|null|1000;-1|android|17040636|null|1000,]
04-13 12:21:01.576   709  9904 I notification_visibility_changed: [,-1|android|17040636|null|1000]
04-13 12:21:02.294   709  9904 I notification_visibility_changed: [-1|android|17040636|null|1000,]
04-13 12:21:04.228   709  1191 I notification_visibility_changed: [,0|com.android.systemui|789|null|10013;-1|android|17040644|null|1000;-1|android|17040636|null|1000]
04-13 12:21:04.231   709  9904 I notification_panel_hidden: []
04-13 12:21:04.242   709  1191 I notification_clicked: -1|android|17040644|null|1000
04-13 12:21:04.243   709   709 I notification_cancel: [10013,852,android,17040644,NULL,-1,16,64,1,NULL]
04-13 12:21:34.105   852   852 I sysui_panelholder_touch: [0,222,54]
04-13 12:21:34.160   709  9904 I notification_panel_revealed: []
04-13 12:21:34.223   709  1191 I notification_visibility_changed: [0|com.android.systemui|789|null|10013;-1|android|17040644|null|1000,]
04-13 12:21:34.846   709 10377 I notification_visibility_changed: [-1|android|17040636|null|1000,]
04-13 12:21:36.846   709  1229 I notification_visibility_changed: [,0|com.android.systemui|789|null|10013;-1|android|17040644|null|1000;-1|android|17040636|null|1000]
04-13 12:21:36.853   709 10377 I notification_panel_hidden: []
04-13 12:21:36.857   709  1191 I notification_clicked: 0|com.android.systemui|789|null|10013
04-13 12:21:36.858   709   709 I notification_cancel: [10013,852,com.android.systemui,789,NULL,0,16,64,1,NULL]
04-13 12:21:36.864   709   709 I notification_canceled: [0|com.android.systemui|789|null|10013,1]
04-13 12:21:38.580   709   725 I notification_expansion: [-1|android|17040644|null|1000,0,1]
04-13 12:21:42.669   852   852 I sysui_panelholder_touch: [0,877,71]
04-13 12:21:42.732   709 10377 I notification_panel_revealed: []
04-13 12:21:42.753   709   725 I notification_visibility_changed: [-1|android|17040644|null|1000;-1|android|17040636|null|1000,]
04-13 12:21:42.801   709  1243 I notification_visibility_changed: [,-1|android|17040644|null|1000;-1|android|17040636|null|1000]
04-13 12:21:42.805   709  1191 I notification_panel_hidden: []
04-13 12:21:43.204   709 16191 I notification_panel_revealed: []
04-13 12:21:43.667   709  1191 I notification_visibility_changed: [-1|android|17040644|null|1000;-1|android|17040636|null|1000,]
04-13 12:22:10.925   709   726 I notification_visibility_changed: [,-1|android|17040644|null|1000;-1|android|17040636|null|1000]
04-13 12:22:10.929   709  1229 I notification_panel_hidden: []
04-13 12:22:15.528   182   182 I sf_frame_dur: [SubPanel:com.zhihu.android/com.zhihu.android.app.ui.activity.MainActivity,0,0,0,0,1,0,0]
04-13 12:22:20.434   182   182 I sf_frame_dur: [SubPanel:com.zhihu.android/com.zhihu.android.app.ui.activity.MainActivity,0,0,0,1,1,0,0]
04-13 12:22:20.769   182   182 I sf_frame_dur: [VolumePanel,45,6,5,5,0,0,6]
04-13 12:22:37.486   852   852 I sysui_panelholder_touch: [0,976,55]
04-13 12:22:37.553   709  1274 I notification_panel_revealed: []
04-13 12:22:37.591   709 16191 I notification_visibility_changed: [-1|android|17040644|null|1000;-1|android|17040636|null|1000,]
04-13 12:22:38.425   709  1274 I notification_visibility_changed: [,-1|android|17040644|null|1000;-1|android|17040636|null|1000]
04-13 12:22:38.428   709 16191 I notification_panel_hidden: []
04-13 12:22:42.627  1869  1869 I menu_item_selected: [0,]
04-13 12:22:43.367   182   182 I sf_frame_dur: [SubPanel:com.zhihu.android/com.zhihu.android.app.ui.activity.MainActivity,1,2,3,2,1,0,0]
04-13 12:22:50.707   182   182 I sf_frame_dur: [SubPanel:com.zhihu.android/com.zhihu.android.app.ui.activity.MainActivity,1,2,3,1,1,2,0]
04-13 12:22:54.493   852   852 I sysui_panelholder_touch: [0,387,47]
04-13 12:22:54.569   709  9904 I notification_panel_revealed: []
04-13 12:22:54.587   709 10377 I notification_visibility_changed: [-1|android|17040644|null|1000;-1|android|17040636|null|1000,]
04-13 12:22:54.618   709   726 I notification_visibility_changed: [,-1|android|17040644|null|1000;-1|android|17040636|null|1000]
04-13 12:22:54.623   709  1191 I notification_panel_hidden: []
04-13 12:23:02.680   182   182 I sf_frame_dur: [VolumePanel,0,0,0,1,0,0,0]
04-13 12:23:03.451   182   182 I sf_frame_dur: [SubPanel:com.zhihu.android/com.zhihu.android.app.ui.activity.MainActivity,4,0,4,2,0,1,1]
04-13 12:23:13.163   182   182 I sf_frame_dur: [VolumePanel,19,1,2,1,0,1,1]
04-13 12:23:16.134   709 10377 I am_home_stack_moved: [0,0,1,1,intentActivityFound]
04-13 12:23:16.134   709 10377 I wm_task_moved: [4,1,0]
04-13 12:23:16.141   709 10377 I am_new_intent: [0,843797645,4,com.zhihu.android/.app.ui.activity.MainActivity,android.intent.action.MAIN,NULL,NULL,270532608]
04-13 12:23:29.582   852   852 I sysui_panelholder_touch: [0,238,29]
04-13 12:23:29.870   709 29519 I notification_panel_revealed: []
04-13 12:23:29.936   709 29519 I notification_visibility_changed: [-1|android|17040644|null|1000;-1|android|17040636|null|1000,]
04-13 12:23:30.671   852   852 I sysui_panelholder_touch: [0,802,858]
04-13 12:23:31.717   709 16191 I notification_visibility_changed: [,-1|android|17040644|null|1000;-1|android|17040636|null|1000]
04-13 12:23:31.720   709 29519 I notification_panel_hidden: []
04-13 12:23:34.796   182   182 I sf_frame_dur: [Select input method,29,4,3,2,1,2,3]
04-13 12:23:44.707   182   182 I sf_frame_dur: [SubPanel:com.zhihu.android/com.zhihu.android.app.ui.activity.MainActivity,2,5,3,0,0,0,2]
04-13 12:23:47.789   182   182 I sf_frame_dur: [SubPanel:com.zhihu.android/com.zhihu.android.app.ui.activity.MainActivity,1,0,2,3,3,0,0]
04-13 12:23:48.492   182   182 I sf_frame_dur: [VolumePanel,7,3,2,1,0,1,1]
04-13 12:23:56.965   182   182 I sf_frame_dur: [SubPanel:com.zhihu.android/com.zhihu.android.app.ui.activity.MainActivity,0,1,0,0,1,1,1]
04-13 12:24:06.874  1869  1869 I menu_item_selected: [0,]
04-13 12:24:07.567   182   182 I sf_frame_dur: [SubPanel:com.zhihu.android/com.zhihu.android.app.ui.activity.MainActivity,0,2,2,0,2,0,1]
04-13 12:24:10.986   852   852 I sysui_panelholder_touch: [0,272,46]
04-13 12:24:11.276   709  1191 I notification_panel_revealed: []
04-13 12:24:11.368   709 29519 I notification_visibility_changed: [-1|android|17040644|null|1000;-1|android|17040636|null|1000,]
04-13 12:24:11.470   709  1191 I notification_visibility_changed: [,-1|android|17040644|null|1000;-1|android|17040636|null|1000]
04-13 12:24:11.474   709  1229 I notification_panel_hidden: []
04-13 12:24:15.102   182   182 I sf_frame_dur: [InputMethod,0,0,1,1,1,5,5]
04-13 12:24:20.477   182   182 I sf_frame_dur: [SubPanel:com.zhihu.android/com.zhihu.android.app.ui.activity.MainActivity,0,0,6,0,3,0,0]
04-13 12:24:21.847   709  1191 I battery_level: [92,4182,410]
04-13 12:24:21.869   709   709 I notification_cancel: [10013,852,com.android.systemui,100,low_battery,-1,0,64,8,NULL]
04-13 12:24:24.170   182   182 I sf_frame_dur: [SubPanel:com.zhihu.android/com.zhihu.android.app.ui.activity.MainActivity,0,0,2,2,2,0,0]
04-13 12:25:09.497   182   182 I sf_frame_dur: [SubPanel:com.zhihu.android/com.zhihu.android.app.ui.activity.MainActivity,1,0,0,0,0,2,0]
04-13 12:25:33.504   709   803 I am_home_stack_moved: [0,0,1,1,intentActivityFound]
04-13 12:25:33.504   709   803 I wm_task_moved: [4,1,0]
04-13 12:25:33.532   709   803 I am_new_intent: [0,853080614,4,com.zhihu.android/.app.ui.activity.MainActivity,android.intent.action.MAIN,NULL,NULL,270532608]
04-13 12:25:37.642   709   803 I am_home_stack_moved: [0,0,1,1,intentActivityFound]
04-13 12:25:37.643   709   803 I wm_task_moved: [4,1,0]
04-13 12:25:37.652   709   803 I am_new_intent: [0,224496660,4,com.zhihu.android/.app.ui.activity.MainActivity,android.intent.action.MAIN,NULL,NULL,270532608]
04-13 12:25:39.103   182   182 I sf_frame_dur: [SubPanel:com.zhihu.android/com.zhihu.android.app.ui.activity.MainActivity,0,1,7,1,1,1,0]
04-13 12:25:43.859   182   182 I sf_frame_dur: [InputMethod,2,1,2,0,2,3,3]
04-13 12:25:45.886   182   182 I sf_frame_dur: [VolumePanel,0,0,0,0,2,0,0]
04-13 12:26:12.109   709   709 I free_storage_changed: 13187358720
04-13 12:26:23.286   852   852 I sysui_panelholder_touch: [0,189,73]
04-13 12:26:23.588   709 16191 I notification_panel_revealed: []
04-13 12:26:23.822   709  5468 I notification_visibility_changed: [-1|android|17040644|null|1000;-1|android|17040636|null|1000,]
04-13 12:26:24.351   709  5468 I am_home_stack_moved: [0,0,1,1,intentActivityFound]
04-13 12:26:24.351   709  5468 I wm_task_moved: [4,1,0]
04-13 12:26:24.358   709  5468 I am_new_intent: [0,202110581,4,com.zhihu.android/.app.ui.activity.MainActivity,android.intent.action.MAIN,NULL,NULL,270532608]
04-13 12:26:48.394   709 10377 I notification_clicked: -1|android|17040636|null|1000
04-13 12:26:48.395   709   709 I notification_cancel: [10013,852,android,17040636,NULL,-1,16,64,1,NULL]
04-13 12:26:48.420   709  5468 I notification_visibility_changed: [,-1|android|17040644|null|1000;-1|android|17040636|null|1000]
04-13 12:26:48.423   709 10377 I notification_panel_hidden: []
04-13 12:27:01.549   182   182 I sf_frame_dur: [,5,3,4,2,4,4,1]
04-13 12:27:04.272   709 29519 I am_home_stack_moved: [0,0,1,1,intentActivityFound]
04-13 12:27:04.273   709 29519 I wm_task_moved: [4,1,0]
04-13 12:27:04.282   709 29519 I am_new_intent: [0,716263954,4,com.zhihu.android/.app.ui.activity.MainActivity,android.intent.action.MAIN,NULL,NULL,270532608]
04-13 12:27:13.618   182   182 I sf_frame_dur: [com.zhihu.android/com.zhihu.android.app.ui.activity.MainActivity,7,11,29,17,1,0,1]
04-13 12:27:22.227   182   182 I sf_frame_dur: [com.zhihu.android/com.zhihu.android.app.ui.activity.MainActivity,20,4,0,2,2,3,6]
04-13 12:27:22.825   709  1243 I am_home_stack_moved: [0,0,1,1,intentActivityFound]
04-13 12:27:22.825   709  1243 I wm_task_moved: [4,1,0]
04-13 12:27:22.856   709  1243 I am_new_intent: [0,289602062,4,com.zhihu.android/.app.ui.activity.MainActivity,android.intent.action.MAIN,NULL,NULL,270532608]
04-13 12:27:24.254   182   182 I sf_frame_dur: [com.zhihu.android/com.zhihu.android.app.ui.activity.MainActivity,0,0,0,0,1,2,2]
04-13 12:28:36.510   709   725 I am_crash: [1869,0,com.zhihu.android,14171716,java.util.concurrent.RejectedExecutionException,Task java.util.concurrent.FutureTask@274bb728 rejected from io.realm.internal.async.e@392353ff[Running, pool size = 9, active threads = 9, queued tasks = 100, completed tasks = 970],ThreadPoolExecutor.java,2011]
04-13 12:28:36.522   709   725 I am_kill : [0,1869,com.zhihu.android,0,crash]
04-13 12:28:36.648   182   182 I sf_frame_dur: [com.zhihu.android/com.zhihu.android.app.ui.activity.MainActivity,56450,21512,6142,1674,909,811,515]
04-13 12:28:36.755   709  1003 I am_proc_died: [0,1869,com.zhihu.android]
04-13 12:28:36.756   709  1003 I am_schedule_service_restart: [0,com.zhihu.android/.app.live.player.ZhihuPlayerService,1000]
04-13 12:28:36.757   709  1003 I am_schedule_service_restart: [0,com.zhihu.android/.data.analytics.ZAPeriodicExecuteService,10999]
04-13 12:28:36.757   709  1003 I am_schedule_service_restart: [0,com.zhihu.android/com.avos.avoscloud.PushService,10999]
04-13 12:28:36.771   709  1003 I am_finish_activity: [0,909227907,4,com.zhihu.android/.app.ui.activity.MainActivity,proc died without state saved]
04-13 12:28:36.771   709  1003 I wm_task_removed: [4,removeAppToken: last token]
04-13 12:28:36.774   709  1003 I wm_task_removed: [4,removeTask]
04-13 12:28:36.775   709  1003 I am_home_stack_moved: [0,1,0,0,appDied leftTaskHistoryEmpty]
04-13 12:28:36.796   709  1003 I am_resume_activity: [0,771926686,1,com.android.launcher3/.Launcher]
04-13 12:28:36.826  1214  1214 I am_on_resume_called: [0,com.android.launcher3.Launcher]
04-13 12:28:38.239   709   774 I am_proc_start: [0,9541,10054,com.zhihu.android,service,com.zhihu.android/.app.live.player.ZhihuPlayerService]
04-13 12:28:38.770   709 29519 I am_proc_bound: [0,9541,com.zhihu.android]
04-13 12:28:54.120   709  1220 I am_home_stack_moved: [0,0,1,1,startingNewTask]
04-13 12:28:54.120   709  1220 I am_create_task: [0,8]
04-13 12:28:54.120   709  1220 I am_create_activity: [0,101408489,8,com.zhihu.android/.app.ui.activity.MainActivity,android.intent.action.MAIN,NULL,NULL,270532608]
04-13 12:28:54.138   709  1220 I wm_task_created: [8,1]
04-13 12:28:54.142   709  1220 I wm_task_moved: [8,1,0]
04-13 12:28:54.157   709  1220 I am_pause_activity: [0,771926686,com.android.launcher3/.Launcher]
04-13 12:28:54.161  1214  1214 I am_on_paused_called: [0,com.android.launcher3.Launcher]
04-13 12:28:54.190   709  1220 I am_home_stack_moved: [0,0,1,1,startedActivity setFocusedActivity]
04-13 12:28:54.197   709  1220 I am_focused_activity: [0,com.zhihu.android/.app.ui.activity.MainActivity]
04-13 12:28:54.204   709   804 I am_restart_activity: [0,101408489,8,com.zhihu.android/.app.ui.activity.MainActivity]
04-13 12:29:00.393   709   774 I am_anr  : [0,9541,com.zhihu.android,14171716,Input dispatching timed out (Waiting because no window has focus but there is a focused application that may eventually add a window when it finishes starting up.)]
04-13 12:29:05.122   182   182 I sf_frame_dur: [com.android.launcher3/com.android.launcher3.Launcher,109,13,9,3,4,6,5]
04-13 12:29:08.015  9541  9541 I am_on_resume_called: [0,com.zhihu.android.app.ui.activity.MainActivity]
04-13 12:29:10.426   709   779 I am_activity_launch_time: [0,101408489,com.zhihu.android/.app.ui.activity.MainActivity,16226,1670901]
04-13 12:29:43.860   709   781 I power_sleep_requested: 0
04-13 12:29:47.743   709   709 I power_screen_state: [0,3,0,0]
04-13 12:29:47.743   709   709 I screen_toggled: 0
04-13 12:29:47.794   709   709 I power_screen_broadcast_send: 1
04-13 12:29:49.704   709   709 I am_pause_activity: [0,101408489,com.zhihu.android/.app.ui.activity.MainActivity]
04-13 12:29:50.208   709   774 I am_focused_activity: [0,com.zhihu.android/.app.ui.activity.MainActivity]
04-13 12:29:51.118  9541  9541 I am_on_paused_called: [0,com.zhihu.android.app.ui.activity.MainActivity]
04-13 12:29:51.137   709  1243 I am_failed_to_pause: [0,101408489,com.zhihu.android/.app.ui.activity.MainActivity,(none)]
04-13 12:29:53.049   709 23473 I notification_expansion: [-1|android|17040644|null|1000,0,0]
04-13 12:29:53.476   852   852 I sysui_status_bar_state: [1,1,0,0,0,1]
04-13 12:29:54.097   182   182 I sf_frame_dur: [NavigationBar,175,152,102,21,8,9,58]
04-13 12:30:00.650   709   774 I am_broadcast_discard_filter: [0,32473773,android.intent.action.SCREEN_OFF,11,971422415]
04-13 12:30:00.837   852   852 I sysui_heads_up_status: [,0]
04-13 12:30:00.842   709   709 I power_screen_broadcast_done: [0,13048,1]
04-13 12:30:10.657   709   803 I notification_clicked: -1|android|17040644|null|1000
04-13 12:30:10.657   709   709 I notification_cancel: [10013,852,android,17040644,NULL,-1,16,64,1,NULL]
04-13 12:30:10.805   709   709 I power_screen_state: [1,0,0,0]
04-13 12:30:10.805   709   709 I screen_toggled: 1
04-13 12:30:10.889   709   709 I power_screen_broadcast_send: 1
04-13 12:30:11.391   852   852 I sysui_status_bar_state: [1,1,0,1,0,1]
04-13 12:30:11.510   182   182 I sf_frame_dur: [ColorFade,12,1,0,0,1,0,0]
04-13 12:30:13.095   852   852 I screen_toggled: 2
04-13 12:30:13.254   709  1274 I notification_expansion: [-1|android|17040644|null|1000,0,1]
04-13 12:30:13.465   852   852 I sysui_status_bar_state: [0,0,0,0,0,1]
04-13 12:30:13.472   709  9904 I am_resume_activity: [0,101408489,8,com.zhihu.android/.app.ui.activity.MainActivity]
04-13 12:30:13.621  9541  9541 I am_on_resume_called: [0,com.zhihu.android.app.ui.activity.MainActivity]
04-13 12:30:14.101   852   852 I sysui_panelholder_touch: [0,127,710]
04-13 12:30:16.138   709   803 I am_home_stack_moved: [0,0,1,1,intentActivityFound]
04-13 12:30:16.138   709   803 I wm_task_moved: [8,1,0]
04-13 12:30:16.187   709   803 I am_new_intent: [0,703523819,8,com.zhihu.android/.app.ui.activity.MainActivity,android.intent.action.MAIN,NULL,NULL,270532608]
04-13 12:30:20.951   709   774 I am_broadcast_discard_filter: [0,157171016,android.intent.action.SCREEN_ON,10,971422415]
04-13 12:30:20.993   709   709 I power_screen_broadcast_done: [1,10104,1]
04-13 12:31:27.444   709  1243 I am_home_stack_moved: [0,0,1,1,intentActivityFound]
04-13 12:31:27.444   709  1243 I wm_task_moved: [8,1,0]
04-13 12:31:27.457   709  1243 I am_new_intent: [0,113288917,8,com.zhihu.android/.app.ui.activity.MainActivity,android.intent.action.MAIN,NULL,NULL,270532608]
04-13 12:31:46.501   852   852 I sysui_panelholder_touch: [0,904,72]
04-13 12:31:46.620   709 29519 I notification_panel_revealed: []
04-13 12:31:46.660   709  1274 I notification_visibility_changed: [-1|android|17040644|null|1000;-1|android|17040636|null|1000,]
04-13 12:31:47.898   709  1274 I notification_visibility_changed: [,-1|android|17040644|null|1000;-1|android|17040636|null|1000]
04-13 12:31:47.916   709 10377 I notification_panel_hidden: []
04-13 12:32:23.480   709   709 I notification_enqueue: [10013,7425,com.android.systemui,789,NULL,0,Notification(pri=0 contentView=null vibrate=null sound=null defaults=0x0 flags=0x20 color=0xff607d8b vis=PRIVATE publicVersion=Notification(pri=0 contentView=com.android.systemui/0x1090077 vibrate=null sound=null defaults=0x0 flags=0x0 color=0xff607d8b category=progress vis=PRIVATE)),0]
04-13 12:32:23.756   182   182 I sf_frame_dur: [ScreenshotAnimation,20,14,1,0,0,1,0]
04-13 12:32:25.757   709  1274 I notification_expansion: [0|com.android.systemui|789|null|10013,0,1]
04-13 12:32:25.760   709 29519 I notification_expansion: [-1|android|17040644|null|1000,0,0]
04-13 12:32:27.321   709   709 I notification_enqueue: [10013,7425,com.android.systemui,789,NULL,0,Notification(pri=0 contentView=null vibrate=null sound=null defaults=0x0 flags=0x10 color=0xff607d8b actions=1 vis=PRIVATE publicVersion=Notification(pri=0 contentView=com.android.systemui/0x1090077 vibrate=null sound=null defaults=0x0 flags=0x10 color=0xff607d8b category=progress vis=PRIVATE)),1]
04-13 12:32:27.624   709  1274 I notification_expansion: [0|com.android.systemui|789|null|10013,0,0]
04-13 12:32:29.725   709  5468 I notification_expansion: [0|com.android.systemui|789|null|10013,0,1]
04-13 12:32:58.858   709  5468 I am_home_stack_moved: [0,0,1,1,intentActivityFound]
04-13 12:32:58.858   709  5468 I wm_task_moved: [8,1,0]
04-13 12:32:58.866   709  5468 I am_new_intent: [0,272816451,8,com.zhihu.android/.app.ui.activity.MainActivity,android.intent.action.MAIN,NULL,NULL,270532608]
04-13 12:33:08.149   182   182 I sf_frame_dur: [InputMethod,2,0,0,0,1,2,3]
04-13 12:33:16.275   709  1274 I am_home_stack_moved: [0,0,1,1,intentActivityFound]
04-13 12:33:16.275   709  1274 I wm_task_moved: [8,1,0]
04-13 12:33:16.287   709  1274 I am_new_intent: [0,909100703,8,com.zhihu.android/.app.ui.activity.MainActivity,android.intent.action.MAIN,NULL,NULL,270532608]
04-13 12:33:57.317   709   810 I netstats_mobile_sample: [0,0,0,0,0,0,0,0,0,0,0,0,1492058037318]
04-13 12:33:57.318   709   810 I netstats_wifi_sample: [15111262,22221,2642869,15228,15099782,22208,2456088,15215,15099782,22208,2456088,15215,1492058037318]
04-13 12:35:08.856   709   709 I notification_cancel: [10054,9541,com.zhihu.android,0,NULL,0,0,64,8,NULL]
04-13 12:35:10.387   709 23473 I am_home_stack_moved: [0,0,1,1,intentActivityFound]
04-13 12:35:10.387   709 23473 I wm_task_moved: [8,1,0]
04-13 12:35:10.396   709 23473 I am_new_intent: [0,483667387,8,com.zhihu.android/.app.ui.activity.MainActivity,android.intent.action.MAIN,NULL,NULL,270532608]
04-13 12:35:10.670   709   709 I notification_cancel: [10054,9541,com.zhihu.android,0,NULL,0,0,64,8,NULL]
04-13 12:35:17.655   709   709 I notification_cancel: [10054,9541,com.zhihu.android,0,NULL,0,0,64,8,NULL]
04-13 12:35:27.272   709  1274 I am_crash: [9541,0,com.zhihu.android,14171716,java.util.concurrent.RejectedExecutionException,Task java.util.concurrent.FutureTask@11212b52 rejected from io.realm.internal.async.e@39be9e23[Running, pool size = 9, active threads = 9, queued tasks = 100, completed tasks = 54],ThreadPoolExecutor.java,2011]
04-13 12:35:27.279   709  1274 I am_kill : [0,9541,com.zhihu.android,0,crash]
04-13 12:35:30.909   182   182 I sf_frame_dur: [com.zhihu.android/com.zhihu.android.app.ui.activity.MainActivity,2710,1137,190,89,71,51,43]
04-13 12:35:30.929   709   803 I am_proc_died: [0,9541,com.zhihu.android]
04-13 12:35:30.930   709   803 I am_schedule_service_restart: [0,com.zhihu.android/.app.live.player.ZhihuPlayerService,1000]
04-13 12:35:30.930   709   803 I am_schedule_service_restart: [0,com.zhihu.android/.data.analytics.ZAPeriodicExecuteService,11000]
04-13 12:35:30.931   709   803 I am_schedule_service_restart: [0,com.zhihu.android/com.avos.avoscloud.PushService,10999]
04-13 12:35:30.931   709   803 I am_schedule_service_restart: [0,com.zhihu.android/.app.push.NotificationWebSocketService,20999]
04-13 12:35:30.950   709   803 I am_finish_activity: [0,101408489,8,com.zhihu.android/.app.ui.activity.MainActivity,proc died without state saved]
04-13 12:35:30.953   709   803 I wm_task_removed: [8,removeAppToken: last token]
04-13 12:35:30.957   709   803 I am_home_stack_moved: [0,1,0,0,appDied]
04-13 12:35:30.957   709   803 I wm_task_moved: [1,1,1]
04-13 12:35:30.970   709   803 I wm_task_removed: [8,removeTask]
04-13 12:35:30.970   709   803 I am_home_stack_moved: [0,1,0,0,appDied leftTaskHistoryEmpty]
04-13 12:35:31.000   709   803 I am_resume_activity: [0,771926686,1,com.android.launcher3/.Launcher]
04-13 12:35:31.206  1214  1214 I am_on_resume_called: [0,com.android.launcher3.Launcher]
04-13 12:35:32.370   709   774 I am_proc_start: [0,12155,10054,com.zhihu.android,service,com.zhihu.android/.app.live.player.ZhihuPlayerService]
04-13 12:35:32.589   709  1003 I am_proc_bound: [0,12155,com.zhihu.android]
04-13 12:35:36.228   709  1229 I am_home_stack_moved: [0,0,1,1,startingNewTask]
04-13 12:35:36.229   709  1229 I am_create_task: [0,9]
04-13 12:35:36.229   709  1229 I am_create_activity: [0,842821022,9,com.zhihu.android/.app.ui.activity.MainActivity,android.intent.action.MAIN,NULL,NULL,270532608]
04-13 12:35:36.230   709  1229 I wm_task_created: [9,1]
04-13 12:35:36.230   709  1229 I wm_task_moved: [9,1,0]
04-13 12:35:36.233   709  1229 I am_pause_activity: [0,771926686,com.android.launcher3/.Launcher]
04-13 12:35:36.235  1214  1214 I am_on_paused_called: [0,com.android.launcher3.Launcher]
04-13 12:35:36.240   709  1229 I am_home_stack_moved: [0,0,1,1,startedActivity setFocusedActivity]
04-13 12:35:36.244   709  1229 I am_focused_activity: [0,com.zhihu.android/.app.ui.activity.MainActivity]
04-13 12:35:36.250   709   803 I am_restart_activity: [0,842821022,9,com.zhihu.android/.app.ui.activity.MainActivity]
04-13 12:35:36.819   182   182 I sf_frame_dur: [com.android.launcher3/com.android.launcher3.Launcher,40,2,1,0,1,1,1]
04-13 12:35:39.093 12155 12155 I am_on_resume_called: [0,com.zhihu.android.app.ui.activity.MainActivity]
04-13 12:35:40.574   709   779 I am_activity_launch_time: [0,842821022,com.zhihu.android/.app.ui.activity.MainActivity,4330,4330]
04-13 12:35:42.120   709  1220 I battery_level: [91,4160,410]
04-13 12:35:42.253   709   709 I notification_cancel: [10013,852,com.android.systemui,100,low_battery,-1,0,64,8,NULL]
04-13 12:36:24.097   709  1003 I am_home_stack_moved: [0,0,1,1,intentActivityFound]
04-13 12:36:24.097   709  1003 I wm_task_moved: [9,1,0]
04-13 12:36:24.105   709  1003 I am_new_intent: [0,372000480,9,com.zhihu.android/.app.ui.activity.MainActivity,android.intent.action.MAIN,NULL,NULL,270532608]
04-13 12:36:40.621   709   709 I notification_cancel: [10054,12155,com.zhihu.android,1,NULL,0,0,64,8,NULL]
04-13 12:36:42.214   709   709 I notification_cancel: [10054,12155,com.zhihu.android,1,NULL,0,0,64,8,NULL]
04-13 12:36:42.274   709   709 I notification_cancel: [10054,12155,com.zhihu.android,0,NULL,0,0,64,8,NULL]
04-13 12:36:50.914   709   709 I notification_cancel: [10054,12155,com.zhihu.android,0,NULL,0,0,64,8,NULL]
04-13 12:37:08.054   709   774 I am_anr  : [0,12155,com.zhihu.android,14171716,Input dispatching timed out (Waiting to send key event because the focused window has not finished processing all of the input events that were previously delivered to it.  Outbound queue length: 0.  Wait queue length: 20.)]
04-13 12:37:54.627   709   781 I power_sleep_requested: 0
04-13 12:37:54.628   709   709 I power_screen_state: [0,3,0,0]
04-13 12:37:54.628   709   709 I screen_toggled: 0
04-13 12:37:54.963   709   709 I power_screen_broadcast_send: 1
04-13 12:37:57.688   709   709 I am_pause_activity: [0,842821022,com.zhihu.android/.app.ui.activity.MainActivity]
04-13 12:37:58.190   709   774 I am_focused_activity: [0,com.zhihu.android/.app.ui.activity.MainActivity]
04-13 12:38:00.370   709  1243 I notification_expansion: [0|com.android.systemui|789|null|10013,0,0]
04-13 12:38:01.019   852   852 I sysui_status_bar_state: [1,1,0,0,0,1]
04-13 12:38:02.603   182   182 I sf_frame_dur: [NavigationBar,1,0,0,1,0,1,6]
04-13 12:38:06.929   709   774 I am_broadcast_discard_filter: [0,786260263,android.intent.action.SCREEN_OFF,11,971422415]
04-13 12:38:14.809   852   852 I sysui_heads_up_status: [,0]
04-13 12:38:15.053   709   709 I power_screen_broadcast_done: [0,20090,1]
04-13 12:38:22.789 12155 12155 I am_on_paused_called: [0,com.zhihu.android.app.ui.activity.MainActivity]
04-13 12:38:22.792   709 29519 I am_failed_to_pause: [0,842821022,com.zhihu.android/.app.ui.activity.MainActivity,(none)]
04-13 12:38:29.469   709   725 I notification_clicked: 0|com.android.systemui|789|null|10013
04-13 12:38:29.471   709   709 I notification_cancel: [10013,852,com.android.systemui,789,NULL,0,16,64,1,NULL]
04-13 12:38:29.479   709   709 I notification_canceled: [0|com.android.systemui|789|null|10013,1]
04-13 12:38:31.561   709   709 I power_screen_state: [1,0,0,0]
04-13 12:38:31.561   709   709 I screen_toggled: 1
04-13 12:38:31.561   709   709 I power_screen_broadcast_send: 1
04-13 12:38:32.374   182   182 I sf_frame_dur: [ColorFade,27,0,0,0,0,0,1]
04-13 12:38:32.429   852   852 I screen_toggled: 2
04-13 12:38:32.531   709   726 I notification_expansion: [-1|android|17040644|null|1000,0,1]
04-13 12:38:32.596   852   852 I sysui_status_bar_state: [0,0,0,0,0,1]
04-13 12:38:32.625   709 29519 I am_resume_activity: [0,842821022,9,com.zhihu.android/.app.ui.activity.MainActivity]
04-13 12:38:34.494   182   182 I sf_frame_dur: [VolumePanel,0,0,0,0,0,0,1]
04-13 12:38:36.402   709   709 I power_screen_broadcast_done: [1,4841,1]
04-13 12:38:36.437 12155 12155 I am_on_resume_called: [0,com.zhihu.android.app.ui.activity.MainActivity]
04-13 12:39:30.034   709   709 I notification_cancel: [10054,12155,com.zhihu.android,0,NULL,0,0,64,8,NULL]
04-13 12:39:34.298   709   726 I am_home_stack_moved: [0,0,1,1,intentActivityFound]
04-13 12:39:34.298   709   726 I wm_task_moved: [9,1,0]
04-13 12:39:34.320   709   726 I am_new_intent: [0,894099991,9,com.zhihu.android/.app.ui.activity.MainActivity,android.intent.action.MAIN,NULL,NULL,270532608]
04-13 12:39:41.543   709   709 I notification_cancel: [10054,12155,com.zhihu.android,0,NULL,0,0,64,8,NULL]
04-13 12:40:20.498   182   182 I sf_frame_dur: [VolumePanel,0,0,2,1,1,0,1]
04-13 12:40:41.559   709   725 I am_home_stack_moved: [0,0,1,1,intentActivityFound]
04-13 12:40:41.559   709   725 I wm_task_moved: [9,1,0]
04-13 12:40:41.567   709   725 I am_new_intent: [0,193910249,9,com.zhihu.android/.app.ui.activity.MainActivity,android.intent.action.MAIN,NULL,NULL,270532608]
04-13 12:40:54.763   709   804 I am_home_stack_moved: [0,0,1,1,intentActivityFound]
04-13 12:40:54.763   709   804 I wm_task_moved: [9,1,0]
04-13 12:40:54.772   709   804 I am_new_intent: [0,764542223,9,com.zhihu.android/.app.ui.activity.MainActivity,android.intent.action.MAIN,NULL,NULL,270532608]
04-13 12:41:17.639   709  1229 I am_home_stack_moved: [0,0,1,1,intentActivityFound]
04-13 12:41:17.639   709  1229 I wm_task_moved: [9,1,0]
04-13 12:41:17.647   709  1229 I am_new_intent: [0,719159708,9,com.zhihu.android/.app.ui.activity.MainActivity,android.intent.action.MAIN,NULL,NULL,270532608]
04-13 12:42:38.489   709   726 I am_home_stack_moved: [0,0,1,1,intentActivityFound]
04-13 12:42:38.489   709   726 I wm_task_moved: [9,1,0]
04-13 12:42:38.496   709   726 I am_new_intent: [0,410380197,9,com.zhihu.android/.app.ui.activity.MainActivity,android.intent.action.MAIN,NULL,NULL,270532608]
04-13 12:43:37.309   182   182 I sf_frame_dur: [com.zhihu.android/com.zhihu.android.app.ui.activity.MainActivity,0,0,0,0,0,0,1]
04-13 12:43:38.332   182   182 I sf_frame_dur: [com.zhihu.android/com.zhihu.android.app.ui.activity.MainActivity,49,179,96,11,0,0,1]
04-13 12:44:21.256   852   852 I sysui_panelholder_touch: [0,1022,11]
04-13 12:44:21.457   709 29519 I notification_panel_revealed: []
04-13 12:44:21.557   709  1191 I notification_visibility_changed: [-1|android|17040644|null|1000;-1|android|17040636|null|1000,]
04-13 12:44:26.311   709  9904 I notification_visibility_changed: [,-1|android|17040644|null|1000;-1|android|17040636|null|1000]
04-13 12:44:26.315   709 29519 I notification_panel_hidden: []
04-13 12:47:25.314   709 23473 I am_home_stack_moved: [0,0,1,1,intentActivityFound]
04-13 12:47:25.314   709 23473 I wm_task_moved: [9,1,0]
04-13 12:47:25.345   709 23473 I am_new_intent: [0,540225263,9,com.zhihu.android/.app.ui.activity.MainActivity,android.intent.action.MAIN,NULL,NULL,270532608]
04-13 12:47:27.161   709   709 I notification_cancel: [10054,12155,com.zhihu.android,1,NULL,0,0,64,8,NULL]
04-13 12:47:37.263   709  1191 I am_home_stack_moved: [0,0,1,1,intentActivityFound]
04-13 12:47:37.263   709  1191 I wm_task_moved: [9,1,0]
04-13 12:47:37.278   709  1191 I am_new_intent: [0,609492101,9,com.zhihu.android/.app.ui.activity.MainActivity,android.intent.action.MAIN,NULL,NULL,270532608]
04-13 12:47:37.420   709   709 I notification_cancel: [10054,12155,com.zhihu.android,1,NULL,0,0,64,8,NULL]
04-13 12:47:42.249   852   852 I sysui_panelholder_touch: [0,886,18]
04-13 12:47:42.453   709  1191 I notification_panel_revealed: []
04-13 12:47:42.557   709  1191 I notification_visibility_changed: [-1|android|17040644|null|1000;-1|android|17040636|null|1000,]
04-13 12:47:42.773   709  1229 I notification_visibility_changed: [,-1|android|17040644|null|1000;-1|android|17040636|null|1000]
04-13 12:47:42.776   709 10377 I notification_panel_hidden: []
04-13 12:47:43.460   709   726 I notification_panel_revealed: []
04-13 12:47:44.720   709  1191 I notification_visibility_changed: [-1|android|17040644|null|1000;-1|android|17040636|null|1000,]
04-13 12:47:46.338   709  1220 I notification_clicked: -1|android|17040644|null|1000
04-13 12:47:46.338   709   709 I notification_cancel: [10013,852,android,17040644,NULL,-1,16,64,1,NULL]
04-13 12:47:46.401   709 10377 I notification_visibility_changed: [,-1|android|17040644|null|1000;-1|android|17040636|null|1000]
04-13 12:47:46.404   709   726 I notification_panel_hidden: []
04-13 12:48:12.404   709   709 I notification_cancel: [10054,12155,com.zhihu.android,1,NULL,0,0,64,8,NULL]
04-13 12:48:14.579   709   709 I notification_cancel: [10054,12155,com.zhihu.android,0,NULL,0,0,64,8,NULL]
04-13 12:48:31.755   709   810 I netstats_mobile_sample: [0,0,0,0,0,0,0,0,0,0,0,0,1492058911756]
04-13 12:48:31.756   709   810 I netstats_wifi_sample: [16913727,25330,2978674,17316,16900298,25315,2761722,17301,16900298,25315,2762585,17302,1492058911756]
04-13 12:48:47.209   709  1220 I am_home_stack_moved: [0,0,1,1,intentActivityFound]
04-13 12:48:47.209   709  1220 I wm_task_moved: [9,1,0]
04-13 12:48:47.219   709  1220 I am_new_intent: [0,250350823,9,com.zhihu.android/.app.ui.activity.MainActivity,android.intent.action.MAIN,NULL,NULL,270532608]
04-13 12:48:48.260   709  1229 I battery_level: [90,4117,412]
04-13 12:48:48.274   709   709 I notification_cancel: [10013,852,com.android.systemui,100,low_battery,-1,0,64,8,NULL]
04-13 12:48:49.062   709   709 I notification_cancel: [10054,12155,com.zhihu.android,0,NULL,0,0,64,8,NULL]
04-13 12:49:14.980   852   852 I sysui_panelholder_touch: [0,723,62]
04-13 12:49:15.209   709   803 I notification_panel_revealed: []
04-13 12:49:15.424   709  1003 I notification_visibility_changed: [-1|android|17040644|null|1000;-1|android|17040636|null|1000,]
04-13 12:49:16.449   709   803 I notification_visibility_changed: [,-1|android|17040644|null|1000;-1|android|17040636|null|1000]
04-13 12:49:16.452   709 23473 I notification_panel_hidden: []
04-13 12:49:17.170   709  1003 I am_home_stack_moved: [0,0,1,1,intentActivityFound]
04-13 12:49:17.170   709  1003 I wm_task_moved: [9,1,0]
04-13 12:49:17.178   709  1003 I am_new_intent: [0,439216946,9,com.zhihu.android/.app.ui.activity.MainActivity,android.intent.action.MAIN,NULL,NULL,270532608]
04-13 12:49:18.197   852   852 I sysui_panelholder_touch: [0,226,51]
04-13 12:49:18.310   709  1243 I notification_panel_revealed: []
04-13 12:49:18.324   709  1003 I notification_visibility_changed: [-1|android|17040644|null|1000;-1|android|17040636|null|1000,]
04-13 12:49:19.746   709  1191 I notification_visibility_changed: [,-1|android|17040644|null|1000;-1|android|17040636|null|1000]
04-13 12:49:19.749   709 16191 I notification_panel_hidden: []
04-13 12:49:33.906   852   852 I sysui_panelholder_touch: [0,449,59]
04-13 12:49:34.021   709  1003 I notification_panel_revealed: []
04-13 12:49:34.097   709  1243 I notification_visibility_changed: [-1|android|17040644|null|1000;-1|android|17040636|null|1000,]
04-13 12:49:34.964   709   803 I notification_visibility_changed: [,-1|android|17040644|null|1000;-1|android|17040636|null|1000]
04-13 12:49:34.967   709  1191 I notification_panel_hidden: []
04-13 12:49:48.505   709 29519 I am_home_stack_moved: [0,0,1,1,intentActivityFound]
04-13 12:49:48.505   709 29519 I wm_task_moved: [9,1,0]
04-13 12:49:48.513   709 29519 I am_new_intent: [0,472789237,9,com.zhihu.android/.app.ui.activity.MainActivity,android.intent.action.MAIN,NULL,NULL,270532608]
04-13 12:49:54.168   709   709 I notification_cancel: [10054,12155,com.zhihu.android,0,NULL,0,0,64,8,NULL]
04-13 12:50:31.174   709   709 I notification_cancel: [10054,12155,com.zhihu.android,0,NULL,0,0,64,8,NULL]
04-13 12:50:47.703   182   182 I sf_frame_dur: [InputMethod,0,1,3,1,1,0,9]
04-13 12:51:08.001   709   709 I notification_cancel: [10054,12155,com.zhihu.android,0,NULL,0,0,64,8,NULL]
04-13 12:51:14.051   709   709 I notification_cancel: [10054,12155,com.zhihu.android,0,NULL,0,0,64,8,NULL]
04-13 12:51:16.006   709  1274 I am_home_stack_moved: [0,0,1,1,intentActivityFound]
04-13 12:51:16.006   709  1274 I wm_task_moved: [9,1,0]
04-13 12:51:16.061   709  1274 I am_new_intent: [0,440192570,9,com.zhihu.android/.app.ui.activity.MainActivity,android.intent.action.MAIN,NULL,NULL,270532608]
04-13 12:51:40.237   709  1229 I am_home_stack_moved: [0,0,1,1,intentActivityFound]
04-13 12:51:40.237   709  1229 I wm_task_moved: [9,1,0]
04-13 12:51:40.250   709  1229 I am_new_intent: [0,764783339,9,com.zhihu.android/.app.ui.activity.MainActivity,android.intent.action.MAIN,NULL,NULL,270532608]
04-13 12:53:09.064   852   852 I sysui_panelholder_touch: [0,333,10]
04-13 12:53:09.249   709 23473 I notification_panel_revealed: []
04-13 12:53:09.308   709   804 I notification_visibility_changed: [-1|android|17040644|null|1000;-1|android|17040636|null|1000,]
04-13 12:53:09.543   709  5468 I notification_visibility_changed: [,-1|android|17040644|null|1000;-1|android|17040636|null|1000]
04-13 12:53:09.545   709   726 I notification_panel_hidden: []
04-13 12:53:10.299   709   709 I notification_cancel: [10054,12155,com.zhihu.android,0,NULL,0,0,64,8,NULL]
04-13 12:53:15.053   709   709 I free_storage_changed: 13185220608
04-13 12:53:22.204   709 29519 I am_home_stack_moved: [0,0,1,1,intentActivityFound]
04-13 12:53:22.204   709 29519 I wm_task_moved: [9,1,0]
04-13 12:53:22.211   709 29519 I am_new_intent: [0,146552861,9,com.zhihu.android/.app.ui.activity.MainActivity,android.intent.action.MAIN,NULL,NULL,270532608]
04-13 12:53:24.015   709   709 I notification_cancel: [10054,12155,com.zhihu.android,0,NULL,0,0,64,8,NULL]
04-13 12:53:43.168   709   709 I notification_cancel: [10054,12155,com.zhihu.android,0,NULL,0,0,64,8,NULL]
04-13 12:54:02.723   709 29519 I am_home_stack_moved: [0,0,1,1,intentActivityFound]
04-13 12:54:02.723   709 29519 I wm_task_moved: [9,1,0]
04-13 12:54:02.736   709 29519 I am_new_intent: [0,905966161,9,com.zhihu.android/.app.ui.activity.MainActivity,android.intent.action.MAIN,NULL,NULL,270532608]
04-13 12:54:03.311   709   709 I notification_cancel: [10054,12155,com.zhihu.android,0,NULL,0,0,64,8,NULL]
04-13 12:54:07.274   182   182 I sf_frame_dur: [VolumePanel,0,0,0,0,0,0,1]
04-13 12:54:18.891   709   709 I notification_cancel: [10054,12155,com.zhihu.android,0,NULL,0,0,64,8,NULL]
04-13 12:54:33.337   182   182 I sf_frame_dur: [InputMethod,0,3,0,0,1,0,4]
04-13 12:54:41.364   709   709 I notification_cancel: [10054,12155,com.zhihu.android,0,NULL,0,0,64,8,NULL]
04-13 12:55:08.209   709  9904 I am_home_stack_moved: [0,0,1,1,intentActivityFound]
04-13 12:55:08.209   709  9904 I wm_task_moved: [9,1,0]
04-13 12:55:08.216   709  9904 I am_new_intent: [0,693629338,9,com.zhihu.android/.app.ui.activity.MainActivity,android.intent.action.MAIN,NULL,NULL,270532608]
04-13 12:55:27.986   709   804 I am_home_stack_moved: [0,0,1,1,intentActivityFound]
04-13 12:55:27.986   709   804 I wm_task_moved: [9,1,0]
04-13 12:55:27.993   709   804 I am_new_intent: [0,489355979,9,com.zhihu.android/.app.ui.activity.MainActivity,android.intent.action.MAIN,NULL,NULL,270532608]
04-13 12:55:47.454   182   182 I sf_frame_dur: [com.zhihu.android/com.zhihu.android.app.ui.activity.MainActivity,9473,4335,1231,347,206,126,160]
04-13 12:55:47.454   182   182 I sf_frame_dur: [StatusBar,2944,729,417,274,266,1159,1647]
04-13 12:55:47.454   182   182 I sf_frame_dur: [NavigationBar,17,0,4,1,1,0,5]
04-13 12:55:47.454   182   182 I sf_frame_dur: [StrictModeFlash,0,0,0,0,0,0,1]
04-13 12:55:47.454   182   182 I sf_frame_dur: [<win-anim>,6739,464,186,114,115,120,472]
04-13 12:56:58.743   709 16191 I am_home_stack_moved: [0,0,1,1,intentActivityFound]
04-13 12:56:58.743   709 16191 I wm_task_moved: [9,1,0]
04-13 12:56:58.750   709 16191 I am_new_intent: [0,802230721,9,com.zhihu.android/.app.ui.activity.MainActivity,android.intent.action.MAIN,NULL,NULL,270532608]
04-13 12:57:11.319   709   709 I notification_cancel: [10054,12155,com.zhihu.android,0,NULL,0,0,64,8,NULL]
04-13 12:57:21.445   709   709 I notification_cancel: [10054,12155,com.zhihu.android,0,NULL,0,0,64,8,NULL]
04-13 12:57:22.766   709  1229 I am_home_stack_moved: [0,0,1,1,intentActivityFound]
04-13 12:57:22.767   709  1229 I wm_task_moved: [9,1,0]
04-13 12:57:22.774   709  1229 I am_new_intent: [0,643692611,9,com.zhihu.android/.app.ui.activity.MainActivity,android.intent.action.MAIN,NULL,NULL,270532608]
04-13 12:57:24.817   852   852 I sysui_panelholder_touch: [0,239,46]
04-13 12:57:24.914   709  1243 I notification_panel_revealed: []
04-13 12:57:25.050   709 16191 I notification_visibility_changed: [-1|android|17040644|null|1000;-1|android|17040636|null|1000,]
04-13 12:57:25.198   709  1220 I notification_visibility_changed: [,-1|android|17040644|null|1000;-1|android|17040636|null|1000]
04-13 12:57:25.208   709  1229 I notification_panel_hidden: []
04-13 12:57:25.644   709  9904 I notification_panel_revealed: []
