04-13 11:21:49.083  1175  1283 D RILJ    : [UNSL]< UNSOL_RESPONSE_VOICE_NETWORK_STATE_CHANGED [SUB0]
04-13 11:21:49.083  1175  1175 D RILJ    : [3836]> OPERATOR [SUB0]
04-13 11:21:49.085  1175  1175 D RILJ    : [3837]> DATA_REGISTRATION_STATE [SUB0]
04-13 11:21:49.087  1175  1175 D RILJ    : [3838]> VOICE_REGISTRATION_STATE [SUB0]
04-13 11:21:49.089  1175  1175 D RILJ    : [3839]> QUERY_NETWORK_SELECTION_MODE [SUB0]
04-13 11:21:49.092   191  4905 D RILC    : RequestComplete, RIL_SOCKET_1
04-13 11:21:49.092   191  4905 E RILC    : Send Response to RIL_SOCKET_1
04-13 11:21:49.095  1175  1283 D RILJ    : [3838]< VOICE_REGISTRATION_STATE {13, null, null, 0, null, null, null, 0, null, null, null, null, null, 2, dd} [SUB0]
04-13 11:21:49.096  1175  1175 D PHONE   : [ServiceState] setVoiceRegState=1
04-13 11:21:49.096  1175  1175 E PHONE   : [ServiceState] setState deprecated use setVoiceRegState()
04-13 11:21:49.098   191  4903 D RILC    : RequestComplete, RIL_SOCKET_1
04-13 11:21:49.098   191  4903 E RILC    : Send Response to RIL_SOCKET_1
04-13 11:21:49.098   191  4906 D RILC    : RequestComplete, RIL_SOCKET_1
04-13 11:21:49.098   191  4906 E RILC    : Send Response to RIL_SOCKET_1
04-13 11:21:49.099  1175  1283 D RILJ    : [3836]< OPERATOR {null, null, null} [SUB0]
04-13 11:21:49.100  1175  1283 D RILJ    : [3839]< QUERY_NETWORK_SELECTION_MODE {0} [SUB0]
04-13 11:21:49.102   191  4904 D RILC    : RequestComplete, RIL_SOCKET_1
04-13 11:21:49.102   191  4904 E RILC    : Send Response to RIL_SOCKET_1
04-13 11:21:49.104  1175  1283 D RILJ    : [3837]< DATA_REGISTRATION_STATE {2, null, null, null, 0, 20, null, null, null, null, null} [SUB0]
04-13 11:21:49.105  1175  1175 D PHONE   : [ServiceState] setDataRegState=1
04-13 11:21:49.105  1175  1175 D PHONE   : [ServiceState] setDataRadioTechnology=0
04-13 11:21:49.105  1175  1175 D GsmSST  : [GsmSST] handlPollStateResultMessage: GsmSST setDataRegState=1 regState=2 dataRadioTechnology=0
04-13 11:21:49.107  1175  1175 D GsmSST  : [GsmSST] Poll ServiceState done:  oldSS=[1 1 voice home data home null null null null null null  Unknown Unknown CSS not supported -1 -1 RoamInd=-1 DefRoamInd=-1 EmergOnly=true] newSS=[1 1 voice home data home null null null null null null  Unknown Unknown CSS not supported -1 -1 RoamInd=-1 DefRoamInd=-1 EmergOnly=true] oldMaxDataCalls=20 mNewMaxDataCalls=20 oldReasonDataDenied=-1 mNewReasonDataDenied=-1
04-13 11:21:49.107  1175  1175 D PHONE   : [ServiceState] setNullState=1
04-13 11:21:49.108  1175  1175 D GsmSST  : [GsmSST] SST.getAllCellInfo(): return last, same thread can't block
04-13 11:21:49.108  1175  1175 D GsmSST  : [GsmSST] SST.getAllCellInfo(): X size=0 list=null
04-13 11:21:49.108  1175  1175 D GsmSST  : [GsmSST] getCellLocation(): X empty mCellLoc and CellInfo mCellLoc=[-1,-1,221]
04-13 11:21:49.109   709  1243 D TelephonyRegistry: notifyCellLocationForSubscriber: subId=1 cellLocation=Bundle[mParcelledData.dataSize=64]
04-13 11:22:52.600  1175  1683 D SubscriptionController: [getActiveSubIdList] simInfoSet=[0=1]
04-13 11:22:52.602  1175  1683 D SubscriptionController: [getActiveSubIdList] X subIdArr.length=1
04-13 11:23:45.618   191   531 I RILQ    : (0/191):RIL[0][qmi_cb] qcril_qmi_nas_update_data_rte: completed, new drte 0 with confidence 4
04-13 11:23:45.619   191   531 I RILC    : RIL_SOCKET_1 UNSOLICITED: UNSOL_RESPONSE_VOICE_NETWORK_STATE_CHANGED length:8
04-13 11:23:45.619   191   531 E RILC    : Send Response to RIL_SOCKET_1
04-13 11:23:45.620  1175  1283 D RILJ    : [UNSL]< UNSOL_RESPONSE_VOICE_NETWORK_STATE_CHANGED [SUB0]
04-13 11:23:45.621  1175  1175 D RILJ    : [3840]> OPERATOR [SUB0]
04-13 11:23:45.622  1175  1175 D RILJ    : [3841]> DATA_REGISTRATION_STATE [SUB0]
04-13 11:23:45.624  1175  1175 D RILJ    : [3842]> VOICE_REGISTRATION_STATE [SUB0]
04-13 11:23:45.626  1175  1175 D RILJ    : [3843]> QUERY_NETWORK_SELECTION_MODE [SUB0]
04-13 11:23:45.633   191 14000 D RILC    : RequestComplete, RIL_SOCKET_1
04-13 11:23:45.633   191 14000 E RILC    : Send Response to RIL_SOCKET_1
04-13 11:23:45.633  1175  1283 D RILJ    : [3842]< VOICE_REGISTRATION_STATE {13, null, null, 0, null, null, null, 0, null, null, null, null, null, 2, fc} [SUB0]
04-13 11:23:45.634  1175  1175 D PHONE   : [ServiceState] setVoiceRegState=1
04-13 11:23:45.634  1175  1175 E PHONE   : [ServiceState] setState deprecated use setVoiceRegState()
04-13 11:23:45.634   191 14001 D RILC    : RequestComplete, RIL_SOCKET_1
04-13 11:23:45.634   191 14001 E RILC    : Send Response to RIL_SOCKET_1
04-13 11:23:45.635  1175  1283 D RILJ    : [3843]< QUERY_NETWORK_SELECTION_MODE {0} [SUB0]
04-13 11:23:45.636   191 13999 D RILC    : RequestComplete, RIL_SOCKET_1
04-13 11:23:45.636   191 13999 E RILC    : Send Response to RIL_SOCKET_1
04-13 11:23:45.641  1175  1283 D RILJ    : [3841]< DATA_REGISTRATION_STATE {2, null, null, null, 0, 20, null, null, null, null, null} [SUB0]
04-13 11:23:45.641  1175  1175 D PHONE   : [ServiceState] setDataRegState=1
04-13 11:23:45.641  1175  1175 D PHONE   : [ServiceState] setDataRadioTechnology=0
04-13 11:23:45.641  1175  1175 D GsmSST  : [GsmSST] handlPollStateResultMessage: GsmSST setDataRegState=1 regState=2 dataRadioTechnology=0
04-13 11:23:45.642   191 13998 D RILC    : RequestComplete, RIL_SOCKET_1
04-13 11:23:45.642   191 13998 E RILC    : Send Response to RIL_SOCKET_1
04-13 11:23:45.644  1175  1283 D RILJ    : [3840]< OPERATOR {null, null, null} [SUB0]
04-13 11:23:45.646  1175  1175 D GsmSST  : [GsmSST] Poll ServiceState done:  oldSS=[1 1 voice home data home null null null null null null  Unknown Unknown CSS not supported -1 -1 RoamInd=-1 DefRoamInd=-1 EmergOnly=true] newSS=[1 1 voice home data home null null null null null null  Unknown Unknown CSS not supported -1 -1 RoamInd=-1 DefRoamInd=-1 EmergOnly=true] oldMaxDataCalls=20 mNewMaxDataCalls=20 oldReasonDataDenied=-1 mNewReasonDataDenied=-1
04-13 11:23:45.647  1175  1175 D PHONE   : [ServiceState] setNullState=1
04-13 11:23:45.647  1175  1175 D GsmSST  : [GsmSST] SST.getAllCellInfo(): return last, same thread can't block
04-13 11:23:45.647  1175  1175 D GsmSST  : [GsmSST] SST.getAllCellInfo(): X size=0 list=null
04-13 11:23:45.647  1175  1175 D GsmSST  : [GsmSST] getCellLocation(): X empty mCellLoc and CellInfo mCellLoc=[-1,-1,252]
04-13 11:23:45.648   709  1274 D TelephonyRegistry: notifyCellLocationForSubscriber: subId=1 cellLocation=Bundle[mParcelledData.dataSize=64]
04-13 11:25:15.895  1869 28752 D TelephonyManager: getTelephonyProperty: return propVal='null' phoneId=0 property='gsm.operator.iso-country' defaultVal='' prop=
04-13 11:26:27.618  1175  1208 D SubscriptionController: [getActiveSubIdList] simInfoSet=[0=1]
04-13 11:26:27.621  1175  1208 D SubscriptionController: [getActiveSubIdList] X subIdArr.length=1
04-13 11:27:28.226  1175  1205 D DCT     : [0]hasMatchedTetherApnSetting: APN=null
04-13 11:29:19.002  1869 28752 D TelephonyManager: getTelephonyProperty: return propVal='null' phoneId=0 property='gsm.operator.iso-country' defaultVal='' prop=
04-13 11:31:41.819  1869 28752 D TelephonyManager: getTelephonyProperty: return propVal='null' phoneId=0 property='gsm.operator.iso-country' defaultVal='' prop=
04-13 11:31:48.821  1869 28752 D TelephonyManager: getTelephonyProperty: return propVal='null' phoneId=0 property='gsm.operator.iso-country' defaultVal='' prop=
04-13 11:32:23.824  1869 28752 D TelephonyManager: getTelephonyProperty: return propVal='null' phoneId=0 property='gsm.operator.iso-country' defaultVal='' prop=
04-13 11:32:27.497  1869 28752 D TelephonyManager: getTelephonyProperty: return propVal='null' phoneId=0 property='gsm.operator.iso-country' defaultVal='' prop=
04-13 11:33:06.736  1175  1336 D DCT     : [0]hasMatchedTetherApnSetting: APN=null
04-13 11:34:59.224  1175  1683 D SubscriptionController: [getActiveSubIdList] simInfoSet=[0=1]
04-13 11:34:59.229  1175  1683 D SubscriptionController: [getActiveSubIdList] X subIdArr.length=1
04-13 11:36:01.635  1869 28752 D TelephonyManager: getTelephonyProperty: return propVal='null' phoneId=0 property='gsm.operator.iso-country' defaultVal='' prop=
04-13 11:37:37.570  1175  1683 D DCT     : [0]hasMatchedTetherApnSetting: APN=null
04-13 11:38:39.579  1869 28752 D TelephonyManager: getTelephonyProperty: return propVal='null' phoneId=0 property='gsm.operator.iso-country' defaultVal='' prop=
04-13 11:39:06.156  1869 28752 D TelephonyManager: getTelephonyProperty: return propVal='null' phoneId=0 property='gsm.operator.iso-country' defaultVal='' prop=
04-13 11:39:24.351  1175  1683 D SubscriptionController: [getActiveSubIdList] simInfoSet=[0=1]
04-13 11:39:24.353  1175  1683 D SubscriptionController: [getActiveSubIdList] X subIdArr.length=1
04-13 11:40:24.178  1175  1684 D SubscriptionController: [getActiveSubIdList] simInfoSet=[0=1]
04-13 11:40:24.183  1175  1684 D SubscriptionController: [getActiveSubIdList] X subIdArr.length=1
04-13 11:40:43.741  1869 28752 D TelephonyManager: getTelephonyProperty: return propVal='null' phoneId=0 property='gsm.operator.iso-country' defaultVal='' prop=
04-13 11:41:57.877  1869 28752 D TelephonyManager: getTelephonyProperty: return propVal='null' phoneId=0 property='gsm.operator.iso-country' defaultVal='' prop=
04-13 11:43:00.329  1175  1336 D DCT     : [0]hasMatchedTetherApnSetting: APN=null
04-13 11:44:44.500  1869 28752 D TelephonyManager: getTelephonyProperty: return propVal='null' phoneId=0 property='gsm.operator.iso-country' defaultVal='' prop=
04-13 11:45:05.916  1175  1683 D DCT     : [0]hasMatchedTetherApnSetting: APN=null
04-13 11:45:38.602  1869 28752 D TelephonyManager: getTelephonyProperty: return propVal='null' phoneId=0 property='gsm.operator.iso-country' defaultVal='' prop=
04-13 11:45:44.358  1869 28752 D TelephonyManager: getTelephonyProperty: return propVal='null' phoneId=0 property='gsm.operator.iso-country' defaultVal='' prop=
04-13 11:46:46.072  1869 28752 D TelephonyManager: getTelephonyProperty: return propVal='null' phoneId=0 property='gsm.operator.iso-country' defaultVal='' prop=
04-13 11:50:13.644  1175  1683 D SubscriptionController: [getActiveSubIdList] simInfoSet=[0=1]
04-13 11:50:13.646  1175  1683 D SubscriptionController: [getActiveSubIdList] X subIdArr.length=1
04-13 11:52:05.514  1175  1175 D RILJ    : [3844]> SCREEN_STATE: false [SUB0]
04-13 11:52:05.520   191   297 D RILC    : RequestComplete, RIL_SOCKET_1
04-13 11:52:05.520   191   297 E RILC    : Send Response to RIL_SOCKET_1
04-13 11:52:05.520  1175  1283 D RILJ    : [3844]< SCREEN_STATE  [SUB0]
04-13 11:52:05.537   191   301 I RILQ    : (0/191):RIL[0][event] qcril_arb_set_data_sys_status: recvd data_sys_status nw=0x0, rat_mask=0x8000, so_mask=0x0
04-13 11:52:05.537   191   301 I RILQ    : (0/191):RIL[0][event] qcril_arb_set_data_sys_status: recvd data_sys_status nw=0x1, rat_mask=0x0, so_mask=0x0
04-13 11:52:05.537   191   301 I RILQ    : (0/191):RIL[0][event] qcril_qmi_nas_update_data_rte: completed, new drte 0 with confidence 4
04-13 11:52:05.537   191   301 I RILC    : RIL_SOCKET_1 UNSOLICITED: UNSOL_RESPONSE_VOICE_NETWORK_STATE_CHANGED length:8
04-13 11:52:05.537   191   301 E RILC    : Send Response to RIL_SOCKET_1
04-13 11:52:05.538  1175  1283 D RILJ    : [UNSL]< UNSOL_RESPONSE_VOICE_NETWORK_STATE_CHANGED [SUB0]
04-13 11:52:05.540  1175  1175 D RILJ    : [3845]> OPERATOR [SUB0]
04-13 11:52:05.543  1175  1175 D RILJ    : [3846]> DATA_REGISTRATION_STATE [SUB0]
04-13 11:52:05.546   191   301 I RILC    : RIL_SOCKET_1 UNSOLICITED: UNSOL_SIGNAL_STRENGTH length:60
04-13 11:52:05.546   191   301 E RILC    : Send Response to RIL_SOCKET_1
04-13 11:52:05.548  1175  1175 D RILJ    : [3847]> VOICE_REGISTRATION_STATE [SUB0]
04-13 11:52:05.552  1175  1175 D RILJ    : [3848]> QUERY_NETWORK_SELECTION_MODE [SUB0]
04-13 11:52:05.557  1175  1175 D DefaultPhoneNotifier: notifySignalStrength: mRegistry=com.android.internal.telephony.ITelephonyRegistry$Stub$Proxy@a23210d ss=SignalStrength: 16 0 -120 -160 -120 -1 -1 99 2147483647 2147483647 2147483647 2147483647 gsm|lte sender=Handler (com.android.internal.telephony.gsm.GSMPhone) {3baebbf8}
04-13 11:52:05.609   191  7776 D RILC    : RequestComplete, RIL_SOCKET_1
04-13 11:52:05.609   191  7776 E RILC    : Send Response to RIL_SOCKET_1
04-13 11:52:05.612  1175  1283 D RILJ    : [3845]< OPERATOR {null, null, null} [SUB0]
04-13 11:52:05.615   191  7778 D RILC    : RequestComplete, RIL_SOCKET_1
04-13 11:52:05.615   191  7778 E RILC    : Send Response to RIL_SOCKET_1
04-13 11:52:05.618  1175  1283 D RILJ    : [3847]< VOICE_REGISTRATION_STATE {13, null, null, 0, null, null, null, 0, null, null, null, null, null, 2, fc} [SUB0]
04-13 11:52:05.620  1175  1175 D PHONE   : [ServiceState] setVoiceRegState=1
04-13 11:52:05.620  1175  1175 E PHONE   : [ServiceState] setState deprecated use setVoiceRegState()
04-13 11:52:05.622   191  7779 D RILC    : RequestComplete, RIL_SOCKET_1
04-13 11:52:05.622   191  7779 E RILC    : Send Response to RIL_SOCKET_1
04-13 11:52:05.624  1175  1283 D RILJ    : [3848]< QUERY_NETWORK_SELECTION_MODE {0} [SUB0]
04-13 11:52:05.626   191  7777 D RILC    : RequestComplete, RIL_SOCKET_1
04-13 11:52:05.626   191  7777 E RILC    : Send Response to RIL_SOCKET_1
04-13 11:52:05.636  1175  1283 D RILJ    : [3846]< DATA_REGISTRATION_STATE {2, null, null, null, 0, 20, null, null, null, null, null} [SUB0]
04-13 11:52:05.639  1175  1175 D PHONE   : [ServiceState] setDataRegState=1
04-13 11:52:05.639  1175  1175 D PHONE   : [ServiceState] setDataRadioTechnology=0
04-13 11:52:05.639  1175  1175 D GsmSST  : [GsmSST] handlPollStateResultMessage: GsmSST setDataRegState=1 regState=2 dataRadioTechnology=0
04-13 11:52:05.640  1175  1175 D GsmSST  : [GsmSST] Poll ServiceState done:  oldSS=[1 1 voice home data home null null null null null null  Unknown Unknown CSS not supported -1 -1 RoamInd=-1 DefRoamInd=-1 EmergOnly=true] newSS=[1 1 voice home data home null null null null null null  Unknown Unknown CSS not supported -1 -1 RoamInd=-1 DefRoamInd=-1 EmergOnly=true] oldMaxDataCalls=20 mNewMaxDataCalls=20 oldReasonDataDenied=-1 mNewReasonDataDenied=-1
04-13 11:52:05.640  1175  1175 D PHONE   : [ServiceState] setNullState=1
04-13 11:52:16.361  1175  1175 D RILJ    : [3849]> SCREEN_STATE: true [SUB0]
04-13 11:52:16.362   191   297 D RILC    : RequestComplete, RIL_SOCKET_1
04-13 11:52:16.362   191   297 E RILC    : Send Response to RIL_SOCKET_1
04-13 11:52:16.363  1175  1283 D RILJ    : [3849]< SCREEN_STATE  [SUB0]
04-13 11:52:16.373   191   301 I RILQ    : (0/191):RIL[0][event] qcril_qmi_nas_update_data_rte: completed, new drte 0 with confidence 4
04-13 11:52:16.377   191   301 I RILC    : RIL_SOCKET_1 UNSOLICITED: UNSOL_RESPONSE_VOICE_NETWORK_STATE_CHANGED length:8
04-13 11:52:16.377   191   301 E RILC    : Send Response to RIL_SOCKET_1
04-13 11:52:16.378  1175  1283 D RILJ    : [UNSL]< UNSOL_RESPONSE_VOICE_NETWORK_STATE_CHANGED [SUB0]
04-13 11:52:16.378  1175  1175 D RILJ    : [3850]> OPERATOR [SUB0]
04-13 11:52:16.380  1175  1175 D RILJ    : [3851]> DATA_REGISTRATION_STATE [SUB0]
04-13 11:52:16.382  1175  1175 D RILJ    : [3852]> VOICE_REGISTRATION_STATE [SUB0]
04-13 11:52:16.383   191   301 I RILQ    : (0/191):RIL[0][event] qcril_qmi_nas_evaluate_custom_emergency_numbers_for_card: cur_status 1024, card_state 3
04-13 11:52:16.383   191   301 I RILQ    : (0/191):RIL[0][event] qcril_qmi_nas_evaluate_custom_emergency_numbers_for_card: card_mcc 460, card_mnc 01
04-13 11:52:16.385   191   531 E RILQ    : (0/191): RIL[0][qmi_cb] get_ecc_property_name: ecc list name : ril.ecclist.
04-13 11:52:16.385   191   301 I RILC    : RIL_SOCKET_1 UNSOLICITED: UNSOL_SIGNAL_STRENGTH length:60
04-13 11:52:16.385   191   301 E RILC    : Send Response to RIL_SOCKET_1
04-13 11:52:16.386   191   301 I RILQ    : (0/191):RIL[0][event] qcril_qmi_nas_evaluate_custom_emergency_numbers_for_card: cur_status 1024, card_state 3
04-13 11:52:16.386   191   301 I RILQ    : (0/191):RIL[0][event] qcril_qmi_nas_evaluate_custom_emergency_numbers_for_card: card_mcc 460, card_mnc 01
04-13 11:52:16.387  1175  1175 D RILJ    : [3853]> QUERY_NETWORK_SELECTION_MODE [SUB0]
04-13 11:52:16.390  1175  1175 D DefaultPhoneNotifier: notifySignalStrength: mRegistry=com.android.internal.telephony.ITelephonyRegistry$Stub$Proxy@a23210d ss=SignalStrength: 16 0 -120 -160 -120 -1 -1 99 2147483647 2147483647 2147483647 2147483647 gsm|lte sender=Handler (com.android.internal.telephony.gsm.GSMPhone) {3baebbf8}
04-13 11:52:16.395   191 10375 D RILC    : RequestComplete, RIL_SOCKET_1
04-13 11:52:16.395   191 10375 E RILC    : Send Response to RIL_SOCKET_1
04-13 11:52:16.396  1175  1283 D RILJ    : [3850]< OPERATOR {null, null, null} [SUB0]
04-13 11:52:16.397   191 10378 D RILC    : RequestComplete, RIL_SOCKET_1
04-13 11:52:16.397   191 10378 E RILC    : Send Response to RIL_SOCKET_1
04-13 11:52:16.398  1175  1283 D RILJ    : [3852]< VOICE_REGISTRATION_STATE {13, null, null, 0, null, null, null, 0, null, null, null, null, null, 2, fc} [SUB0]
04-13 11:52:16.399  1175  1175 D PHONE   : [ServiceState] setVoiceRegState=1
04-13 11:52:16.399  1175  1175 E PHONE   : [ServiceState] setState deprecated use setVoiceRegState()
04-13 11:52:16.399   191 10379 D RILC    : RequestComplete, RIL_SOCKET_1
04-13 11:52:16.399   191 10379 E RILC    : Send Response to RIL_SOCKET_1
04-13 11:52:16.400  1175  1283 D RILJ    : [3853]< QUERY_NETWORK_SELECTION_MODE {0} [SUB0]
04-13 11:52:16.405   191 10376 D RILC    : RequestComplete, RIL_SOCKET_1
04-13 11:52:16.405   191 10376 E RILC    : Send Response to RIL_SOCKET_1
04-13 11:52:16.406  1175  1283 D RILJ    : [3851]< DATA_REGISTRATION_STATE {2, null, null, null, 0, 20, null, null, null, null, null} [SUB0]
04-13 11:52:16.407  1175  1175 D PHONE   : [ServiceState] setDataRegState=1
04-13 11:52:16.407  1175  1175 D PHONE   : [ServiceState] setDataRadioTechnology=0
04-13 11:52:16.407  1175  1175 D GsmSST  : [GsmSST] handlPollStateResultMessage: GsmSST setDataRegState=1 regState=2 dataRadioTechnology=0
04-13 11:52:16.408  1175  1175 D GsmSST  : [GsmSST] Poll ServiceState done:  oldSS=[1 1 voice home data home null null null null null null  Unknown Unknown CSS not supported -1 -1 RoamInd=-1 DefRoamInd=-1 EmergOnly=true] newSS=[1 1 voice home data home null null null null null null  Unknown Unknown CSS not supported -1 -1 RoamInd=-1 DefRoamInd=-1 EmergOnly=true] oldMaxDataCalls=20 mNewMaxDataCalls=20 oldReasonDataDenied=-1 mNewReasonDataDenied=-1
04-13 11:52:16.409  1175  1175 D PHONE   : [ServiceState] setNullState=1
04-13 11:52:16.543  1175  1175 D DCT     : [0]onReceive: action=android.intent.action.SCREEN_OFF
04-13 11:52:16.543  1175  1175 D DCT     : [0]stopNetStatPoll
04-13 11:52:16.547  1175  1175 D DCT     : [0]overall state is IDLE
04-13 11:52:24.552  1175  1683 D DCT     : [0]hasMatchedTetherApnSetting: APN=null
04-13 11:52:24.759  1175  1684 D DCT     : [0]hasMatchedTetherApnSetting: APN=null
04-13 11:52:29.132  1175  1175 D DCT     : [0]onReceive: action=android.intent.action.SCREEN_ON
04-13 11:52:29.133  1175  1175 D DCT     : [0]stopNetStatPoll
04-13 11:52:29.137  1175  1175 D DCT     : [0]overall state is IDLE
04-13 12:01:30.378  1175  1683 D DCT     : [0]hasMatchedTetherApnSetting: APN=null
04-13 12:02:38.003  1869 28752 D TelephonyManager: getTelephonyProperty: return propVal='null' phoneId=0 property='gsm.operator.iso-country' defaultVal='' prop=
04-13 12:09:29.205  1175  1208 D DCT     : [0]hasMatchedTetherApnSetting: APN=null
04-13 12:12:04.867  1869 28752 D TelephonyManager: getTelephonyProperty: return propVal='null' phoneId=0 property='gsm.operator.iso-country' defaultVal='' prop=
04-13 12:12:05.275  1175  1205 D SubscriptionController: [getActiveSubIdList] simInfoSet=[0=1]
04-13 12:12:05.282  1175  1205 D SubscriptionController: [getActiveSubIdList] X subIdArr.length=1
04-13 12:14:14.533  1175  1684 D SubscriptionController: [getActiveSubIdList] simInfoSet=[0=1]
04-13 12:14:14.537  1175  1684 D SubscriptionController: [getActiveSubIdList] X subIdArr.length=1
04-13 12:15:18.443  1869 28752 D TelephonyManager: getTelephonyProperty: return propVal='null' phoneId=0 property='gsm.operator.iso-country' defaultVal='' prop=
04-13 12:15:50.605  1869 28752 D TelephonyManager: getTelephonyProperty: return propVal='null' phoneId=0 property='gsm.operator.iso-country' defaultVal='' prop=
04-13 12:20:34.671  1869 28752 D TelephonyManager: getTelephonyProperty: return propVal='null' phoneId=0 property='gsm.operator.iso-country' defaultVal='' prop=
04-13 12:21:07.118  1175  1336 D DCT     : [0]hasMatchedTetherApnSetting: APN=null
04-13 12:21:36.040  1175  1208 D DCT     : [0]hasMatchedTetherApnSetting: APN=null
04-13 12:22:04.229  1869 28752 D TelephonyManager: getTelephonyProperty: return propVal='null' phoneId=0 property='gsm.operator.iso-country' defaultVal='' prop=
04-13 12:23:08.749  1869 28752 D TelephonyManager: getTelephonyProperty: return propVal='null' phoneId=0 property='gsm.operator.iso-country' defaultVal='' prop=
04-13 12:26:30.974  1175  1205 D DCT     : [0]hasMatchedTetherApnSetting: APN=null
04-13 12:28:08.744  1869 28752 D TelephonyManager: getTelephonyProperty: return propVal='null' phoneId=0 property='gsm.operator.iso-country' defaultVal='' prop=
04-13 12:28:55.820  1175  1683 D PhoneFactory: getPhone:- phoneId != DEFAULT_PHONE_ID return sProxyPhones[phoneId] phoneId=0 phone=Handler (com.android.internal.telephony.PhoneProxy) {152c775b}
04-13 12:28:56.341  1175  1205 D PhoneFactory: getPhone:- phoneId != DEFAULT_PHONE_ID return sProxyPhones[phoneId] phoneId=0 phone=Handler (com.android.internal.telephony.PhoneProxy) {152c775b}
04-13 12:29:49.276  1175  1175 D RILJ    : [3854]> SCREEN_STATE: false [SUB0]
04-13 12:29:49.288   191   297 D RILC    : RequestComplete, RIL_SOCKET_1
04-13 12:29:49.288   191   297 E RILC    : Send Response to RIL_SOCKET_1
04-13 12:29:49.288  1175  1283 D RILJ    : [3854]< SCREEN_STATE  [SUB0]
04-13 12:29:49.300   191   301 I RILQ    : (0/191):RIL[0][event] qcril_arb_set_data_sys_status: recvd data_sys_status nw=0x0, rat_mask=0x8000, so_mask=0x0
04-13 12:29:49.300   191   301 I RILQ    : (0/191):RIL[0][event] qcril_arb_set_data_sys_status: recvd data_sys_status nw=0x1, rat_mask=0x0, so_mask=0x0
04-13 12:29:49.300   191   301 I RILQ    : (0/191):RIL[0][event] qcril_qmi_nas_update_data_rte: completed, new drte 0 with confidence 4
04-13 12:29:49.300   191   301 I RILC    : RIL_SOCKET_1 UNSOLICITED: UNSOL_RESPONSE_VOICE_NETWORK_STATE_CHANGED length:8
04-13 12:29:49.300   191   301 E RILC    : Send Response to RIL_SOCKET_1
04-13 12:29:49.301  1175  1283 D RILJ    : [UNSL]< UNSOL_RESPONSE_VOICE_NETWORK_STATE_CHANGED [SUB0]
04-13 12:29:49.302  1175  1175 D RILJ    : [3855]> OPERATOR [SUB0]
04-13 12:29:49.307  1175  1175 D RILJ    : [3856]> DATA_REGISTRATION_STATE [SUB0]
04-13 12:29:49.310   191   301 I RILC    : RIL_SOCKET_1 UNSOLICITED: UNSOL_SIGNAL_STRENGTH length:60
04-13 12:29:49.310   191   301 E RILC    : Send Response to RIL_SOCKET_1
04-13 12:29:49.313  1175  1175 D RILJ    : [3857]> VOICE_REGISTRATION_STATE [SUB0]
04-13 12:29:49.319  1175  1175 D RILJ    : [3858]> QUERY_NETWORK_SELECTION_MODE [SUB0]
04-13 12:29:49.325  1175  1175 D DefaultPhoneNotifier: notifySignalStrength: mRegistry=com.android.internal.telephony.ITelephonyRegistry$Stub$Proxy@a23210d ss=SignalStrength: 13 0 -120 -160 -120 -1 -1 99 2147483647 2147483647 2147483647 2147483647 gsm|lte sender=Handler (com.android.internal.telephony.gsm.GSMPhone) {3baebbf8}
04-13 12:29:49.341   191 27160 D RILC    : RequestComplete, RIL_SOCKET_1
04-13 12:29:49.341   191 27160 E RILC    : Send Response to RIL_SOCKET_1
04-13 12:29:49.345  1175  1283 D RILJ    : [3855]< OPERATOR {null, null, null} [SUB0]
04-13 12:29:49.347   191 27164 D RILC    : RequestComplete, RIL_SOCKET_1
04-13 12:29:49.347   191 27164 E RILC    : Send Response to RIL_SOCKET_1
04-13 12:29:49.350  1175  1283 D RILJ    : [3858]< QUERY_NETWORK_SELECTION_MODE {0} [SUB0]
04-13 12:29:49.352   191 27163 D RILC    : RequestComplete, RIL_SOCKET_1
04-13 12:29:49.352   191 27163 E RILC    : Send Response to RIL_SOCKET_1
04-13 12:29:49.355  1175  1283 D RILJ    : [3857]< VOICE_REGISTRATION_STATE {13, null, null, 0, null, null, null, 0, null, null, null, null, null, 2, fc} [SUB0]
04-13 12:29:49.358   191 27161 D RILC    : RequestComplete, RIL_SOCKET_1
04-13 12:29:49.358   191 27161 E RILC    : Send Response to RIL_SOCKET_1
04-13 12:29:49.363  1175  1283 D RILJ    : [3856]< DATA_REGISTRATION_STATE {2, null, null, null, 0, 20, null, null, null, null, null} [SUB0]
04-13 12:29:49.387  1175  1175 D PHONE   : [ServiceState] setVoiceRegState=1
04-13 12:29:49.387  1175  1175 E PHONE   : [ServiceState] setState deprecated use setVoiceRegState()
04-13 12:29:49.387  1175  1175 D PHONE   : [ServiceState] setDataRegState=1
04-13 12:29:49.387  1175  1175 D PHONE   : [ServiceState] setDataRadioTechnology=0
04-13 12:29:49.388  1175  1175 D GsmSST  : [GsmSST] handlPollStateResultMessage: GsmSST setDataRegState=1 regState=2 dataRadioTechnology=0
04-13 12:29:49.389  1175  1175 D GsmSST  : [GsmSST] Poll ServiceState done:  oldSS=[1 1 voice home data home null null null null null null  Unknown Unknown CSS not supported -1 -1 RoamInd=-1 DefRoamInd=-1 EmergOnly=true] newSS=[1 1 voice home data home null null null null null null  Unknown Unknown CSS not supported -1 -1 RoamInd=-1 DefRoamInd=-1 EmergOnly=true] oldMaxDataCalls=20 mNewMaxDataCalls=20 oldReasonDataDenied=-1 mNewReasonDataDenied=-1
04-13 12:29:49.389  1175  1175 D PHONE   : [ServiceState] setNullState=1
04-13 12:30:00.788  1175  1175 D DCT     : [0]onReceive: action=android.intent.action.SCREEN_OFF
04-13 12:30:00.788  1175  1175 D DCT     : [0]stopNetStatPoll
04-13 12:30:00.793  1175  1175 D DCT     : [0]overall state is IDLE
04-13 12:30:09.596  1175  1684 D DCT     : [0]hasMatchedTetherApnSetting: APN=null
04-13 12:30:10.831  1175  1175 D RILJ    : [3859]> SCREEN_STATE: true [SUB0]
04-13 12:30:10.833   191   297 D RILC    : RequestComplete, RIL_SOCKET_1
04-13 12:30:10.833   191   297 E RILC    : Send Response to RIL_SOCKET_1
04-13 12:30:10.834  1175  1283 D RILJ    : [3859]< SCREEN_STATE  [SUB0]
04-13 12:30:10.845   191   301 I RILQ    : (0/191):RIL[0][event] qcril_qmi_nas_update_data_rte: completed, new drte 0 with confidence 4
04-13 12:30:10.852   191   301 I RILC    : RIL_SOCKET_1 UNSOLICITED: UNSOL_RESPONSE_VOICE_NETWORK_STATE_CHANGED length:8
04-13 12:30:10.852   191   301 E RILC    : Send Response to RIL_SOCKET_1
04-13 12:30:10.853  1175  1283 D RILJ    : [UNSL]< UNSOL_RESPONSE_VOICE_NETWORK_STATE_CHANGED [SUB0]
04-13 12:30:10.853  1175  1175 D RILJ    : [3860]> OPERATOR [SUB0]
04-13 12:30:10.858  1175  1175 D RILJ    : [3861]> DATA_REGISTRATION_STATE [SUB0]
04-13 12:30:10.861  1175  1175 D RILJ    : [3862]> VOICE_REGISTRATION_STATE [SUB0]
04-13 12:30:10.863   191   531 E RILQ    : (0/191): RIL[0][qmi_cb] get_ecc_property_name: ecc list name : ril.ecclist.
04-13 12:30:10.869  1175  1175 D RILJ    : [3863]> QUERY_NETWORK_SELECTION_MODE [SUB0]
04-13 12:30:10.871   191   301 I RILQ    : (0/191):RIL[0][event] qcril_qmi_nas_evaluate_custom_emergency_numbers_for_card: cur_status 1024, card_state 3
04-13 12:30:10.871   191   301 I RILQ    : (0/191):RIL[0][event] qcril_qmi_nas_evaluate_custom_emergency_numbers_for_card: card_mcc 460, card_mnc 01
04-13 12:30:10.876   191   301 I RILC    : RIL_SOCKET_1 UNSOLICITED: UNSOL_SIGNAL_STRENGTH length:60
04-13 12:30:10.876   191   301 E RILC    : Send Response to RIL_SOCKET_1
04-13 12:30:10.876   191   301 I RILQ    : (0/191):RIL[0][event] qcril_qmi_nas_evaluate_custom_emergency_numbers_for_card: cur_status 1024, card_state 3
04-13 12:30:10.876   191   301 I RILQ    : (0/191):RIL[0][event] qcril_qmi_nas_evaluate_custom_emergency_numbers_for_card: card_mcc 460, card_mnc 01
04-13 12:30:10.881  1175  1175 D DefaultPhoneNotifier: notifySignalStrength: mRegistry=com.android.internal.telephony.ITelephonyRegistry$Stub$Proxy@a23210d ss=SignalStrength: 13 0 -120 -160 -120 -1 -1 99 2147483647 2147483647 2147483647 2147483647 gsm|lte sender=Handler (com.android.internal.telephony.gsm.GSMPhone) {3baebbf8}
04-13 12:30:10.957   191 32352 D RILC    : RequestComplete, RIL_SOCKET_1
04-13 12:30:10.957   191 32352 E RILC    : Send Response to RIL_SOCKET_1
04-13 12:30:10.963  1175  1283 D RILJ    : [3862]< VOICE_REGISTRATION_STATE {13, null, null, 0, null, null, null, 0, null, null, null, null, null, 2, fc} [SUB0]
04-13 12:30:10.964  1175  1175 D PHONE   : [ServiceState] setVoiceRegState=1
04-13 12:30:10.964  1175  1175 E PHONE   : [ServiceState] setState deprecated use setVoiceRegState()
04-13 12:30:10.967   191 32350 D RILC    : RequestComplete, RIL_SOCKET_1
04-13 12:30:10.967   191 32350 E RILC    : Send Response to RIL_SOCKET_1
04-13 12:30:10.970  1175  1283 D RILJ    : [3860]< OPERATOR {null, null, null} [SUB0]
04-13 12:30:10.973   191 32353 D RILC    : RequestComplete, RIL_SOCKET_1
04-13 12:30:10.974   191 32353 E RILC    : Send Response to RIL_SOCKET_1
04-13 12:30:10.974  1175  1283 D RILJ    : [3863]< QUERY_NETWORK_SELECTION_MODE {0} [SUB0]
04-13 12:30:10.977   191 32351 D RILC    : RequestComplete, RIL_SOCKET_1
04-13 12:30:10.977   191 32351 E RILC    : Send Response to RIL_SOCKET_1
04-13 12:30:10.980  1175  1283 D RILJ    : [3861]< DATA_REGISTRATION_STATE {2, null, null, null, 0, 20, null, null, null, null, null} [SUB0]
04-13 12:30:10.981  1175  1175 D PHONE   : [ServiceState] setDataRegState=1
04-13 12:30:10.981  1175  1175 D PHONE   : [ServiceState] setDataRadioTechnology=0
04-13 12:30:10.982  1175  1175 D GsmSST  : [GsmSST] handlPollStateResultMessage: GsmSST setDataRegState=1 regState=2 dataRadioTechnology=0
04-13 12:30:10.983  1175  1175 D GsmSST  : [GsmSST] Poll ServiceState done:  oldSS=[1 1 voice home data home null null null null null null  Unknown Unknown CSS not supported -1 -1 RoamInd=-1 DefRoamInd=-1 EmergOnly=true] newSS=[1 1 voice home data home null null null null null null  Unknown Unknown CSS not supported -1 -1 RoamInd=-1 DefRoamInd=-1 EmergOnly=true] oldMaxDataCalls=20 mNewMaxDataCalls=20 oldReasonDataDenied=-1 mNewReasonDataDenied=-1
04-13 12:30:10.983  1175  1175 D PHONE   : [ServiceState] setNullState=1
04-13 12:30:15.103  1175  1683 D DCT     : [0]hasMatchedTetherApnSetting: APN=null
04-13 12:30:20.966  1175  1175 D DCT     : [0]onReceive: action=android.intent.action.SCREEN_ON
04-13 12:30:20.966  1175  1175 D DCT     : [0]stopNetStatPoll
04-13 12:30:20.975  1175  1175 D DCT     : [0]overall state is IDLE
04-13 12:31:20.870  1175  1205 D PhoneFactory: getPhone:- phoneId != DEFAULT_PHONE_ID return sProxyPhones[phoneId] phoneId=0 phone=Handler (com.android.internal.telephony.PhoneProxy) {152c775b}
04-13 12:31:23.723  9541 16880 D TelephonyManager: getTelephonyProperty: return propVal='null' phoneId=0 property='gsm.operator.alpha' defaultVal='' prop=
04-13 12:31:23.905  9541 16880 D TelephonyManager: getTelephonyProperty: return propVal='null' phoneId=0 property='gsm.operator.iso-country' defaultVal='' prop=
04-13 12:33:57.351  1175  1684 D SubscriptionController: [getActiveSubIdList] simInfoSet=[0=1]
04-13 12:33:57.353  1175  1684 D SubscriptionController: [getActiveSubIdList] X subIdArr.length=1
04-13 12:35:36.680  1175  1683 D PhoneFactory: getPhone:- phoneId != DEFAULT_PHONE_ID return sProxyPhones[phoneId] phoneId=0 phone=Handler (com.android.internal.telephony.PhoneProxy) {152c775b}
04-13 12:35:36.847  1175  1336 D PhoneFactory: getPhone:- phoneId != DEFAULT_PHONE_ID return sProxyPhones[phoneId] phoneId=0 phone=Handler (com.android.internal.telephony.PhoneProxy) {152c775b}
04-13 12:37:54.621  1175  1208 D PhoneFactory: getPhone:- phoneId != DEFAULT_PHONE_ID return sProxyPhones[phoneId] phoneId=0 phone=Handler (com.android.internal.telephony.PhoneProxy) {152c775b}
04-13 12:37:57.378  1175  1175 D RILJ    : [3864]> SCREEN_STATE: false [SUB0]
04-13 12:37:57.386   191   297 D RILC    : RequestComplete, RIL_SOCKET_1
04-13 12:37:57.386   191   297 E RILC    : Send Response to RIL_SOCKET_1
04-13 12:37:57.386  1175  1283 D RILJ    : [3864]< SCREEN_STATE  [SUB0]
04-13 12:37:57.406   191   301 I RILQ    : (0/191):RIL[0][event] qcril_arb_set_data_sys_status: recvd data_sys_status nw=0x0, rat_mask=0x8000, so_mask=0x0
04-13 12:37:57.406   191   301 I RILQ    : (0/191):RIL[0][event] qcril_arb_set_data_sys_status: recvd data_sys_status nw=0x1, rat_mask=0x0, so_mask=0x0
04-13 12:37:57.406   191   301 I RILQ    : (0/191):RIL[0][event] qcril_qmi_nas_update_data_rte: completed, new drte 0 with confidence 4
04-13 12:37:57.406   191   301 I RILC    : RIL_SOCKET_1 UNSOLICITED: UNSOL_RESPONSE_VOICE_NETWORK_STATE_CHANGED length:8
04-13 12:37:57.406   191   301 E RILC    : Send Response to RIL_SOCKET_1
04-13 12:37:57.407  1175  1283 D RILJ    : [UNSL]< UNSOL_RESPONSE_VOICE_NETWORK_STATE_CHANGED [SUB0]
04-13 12:37:57.409  1175  1175 D RILJ    : [3865]> OPERATOR [SUB0]
04-13 12:37:57.413  1175  1175 D RILJ    : [3866]> DATA_REGISTRATION_STATE [SUB0]
04-13 12:37:57.417   191   301 I RILC    : RIL_SOCKET_1 UNSOLICITED: UNSOL_SIGNAL_STRENGTH length:60
04-13 12:37:57.417   191   301 E RILC    : Send Response to RIL_SOCKET_1
04-13 12:37:57.419  1175  1175 D RILJ    : [3867]> VOICE_REGISTRATION_STATE [SUB0]
04-13 12:37:57.422  1175  1175 D RILJ    : [3868]> QUERY_NETWORK_SELECTION_MODE [SUB0]
04-13 12:37:57.428  1175  1175 D DefaultPhoneNotifier: notifySignalStrength: mRegistry=com.android.internal.telephony.ITelephonyRegistry$Stub$Proxy@a23210d ss=SignalStrength: 13 0 -120 -160 -120 -1 -1 99 2147483647 2147483647 2147483647 2147483647 gsm|lte sender=Handler (com.android.internal.telephony.gsm.GSMPhone) {3baebbf8}
04-13 12:37:57.470   191 14437 D RILC    : RequestComplete, RIL_SOCKET_1
04-13 12:37:57.470   191 14437 E RILC    : Send Response to RIL_SOCKET_1
04-13 12:37:57.479  1175  1283 D RILJ    : [3867]< VOICE_REGISTRATION_STATE {13, null, null, 0, null, null, null, 0, null, null, null, null, null, 2, fc} [SUB0]
04-13 12:37:57.481  1175  1175 D PHONE   : [ServiceState] setVoiceRegState=1
04-13 12:37:57.482  1175  1175 E PHONE   : [ServiceState] setState deprecated use setVoiceRegState()
04-13 12:37:57.484   191 14438 D RILC    : RequestComplete, RIL_SOCKET_1
04-13 12:37:57.484   191 14438 E RILC    : Send Response to RIL_SOCKET_1
04-13 12:37:57.487  1175  1283 D RILJ    : [3868]< QUERY_NETWORK_SELECTION_MODE {0} [SUB0]
04-13 12:37:57.489   191 14435 D RILC    : RequestComplete, RIL_SOCKET_1
04-13 12:37:57.489   191 14435 E RILC    : Send Response to RIL_SOCKET_1
04-13 12:37:57.491  1175  1283 D RILJ    : [3865]< OPERATOR {null, null, null} [SUB0]
04-13 12:37:57.494   191 14436 D RILC    : RequestComplete, RIL_SOCKET_1
04-13 12:37:57.494   191 14436 E RILC    : Send Response to RIL_SOCKET_1
04-13 12:37:57.497  1175  1283 D RILJ    : [3866]< DATA_REGISTRATION_STATE {2, null, null, null, 0, 20, null, null, null, null, null} [SUB0]
04-13 12:37:57.500  1175  1175 D PHONE   : [ServiceState] setDataRegState=1
04-13 12:37:57.500  1175  1175 D PHONE   : [ServiceState] setDataRadioTechnology=0
04-13 12:37:57.501  1175  1175 D GsmSST  : [GsmSST] handlPollStateResultMessage: GsmSST setDataRegState=1 regState=2 dataRadioTechnology=0
04-13 12:37:57.502  1175  1175 D GsmSST  : [GsmSST] Poll ServiceState done:  oldSS=[1 1 voice home data home null null null null null null  Unknown Unknown CSS not supported -1 -1 RoamInd=-1 DefRoamInd=-1 EmergOnly=true] newSS=[1 1 voice home data home null null null null null null  Unknown Unknown CSS not supported -1 -1 RoamInd=-1 DefRoamInd=-1 EmergOnly=true] oldMaxDataCalls=20 mNewMaxDataCalls=20 oldReasonDataDenied=-1 mNewReasonDataDenied=-1
04-13 12:37:57.502  1175  1175 D PHONE   : [ServiceState] setNullState=1
04-13 12:38:14.785  1175  1175 D DCT     : [0]onReceive: action=android.intent.action.SCREEN_OFF
04-13 12:38:14.785  1175  1175 D DCT     : [0]stopNetStatPoll
04-13 12:38:14.790  1175  1175 D DCT     : [0]overall state is IDLE
04-13 12:38:29.453  1175  1336 D DCT     : [0]hasMatchedTetherApnSetting: APN=null
04-13 12:38:31.664  1175  1175 D RILJ    : [3869]> SCREEN_STATE: true [SUB0]
04-13 12:38:31.666   191   297 D RILC    : RequestComplete, RIL_SOCKET_1
04-13 12:38:31.666   191   297 E RILC    : Send Response to RIL_SOCKET_1
04-13 12:38:31.667  1175  1283 D RILJ    : [3869]< SCREEN_STATE  [SUB0]
04-13 12:38:31.678   191   301 I RILQ    : (0/191):RIL[0][event] qcril_qmi_nas_update_data_rte: completed, new drte 0 with confidence 4
04-13 12:38:31.683   191   301 I RILC    : RIL_SOCKET_1 UNSOLICITED: UNSOL_RESPONSE_VOICE_NETWORK_STATE_CHANGED length:8
04-13 12:38:31.683   191   301 E RILC    : Send Response to RIL_SOCKET_1
04-13 12:38:31.684  1175  1283 D RILJ    : [UNSL]< UNSOL_RESPONSE_VOICE_NETWORK_STATE_CHANGED [SUB0]
04-13 12:38:31.684  1175  1175 D RILJ    : [3870]> OPERATOR [SUB0]
04-13 12:38:31.686  1175  1175 D RILJ    : [3871]> DATA_REGISTRATION_STATE [SUB0]
04-13 12:38:31.689  1175  1175 D RILJ    : [3872]> VOICE_REGISTRATION_STATE [SUB0]
04-13 12:38:31.692   191   301 I RILQ    : (0/191):RIL[0][event] qcril_qmi_nas_evaluate_custom_emergency_numbers_for_card: cur_status 1024, card_state 3
04-13 12:38:31.692   191   301 I RILQ    : (0/191):RIL[0][event] qcril_qmi_nas_evaluate_custom_emergency_numbers_for_card: card_mcc 460, card_mnc 01
04-13 12:38:31.693   191   301 I RILC    : RIL_SOCKET_1 UNSOLICITED: UNSOL_SIGNAL_STRENGTH length:60
04-13 12:38:31.693   191   301 E RILC    : Send Response to RIL_SOCKET_1
04-13 12:38:31.695   191   531 E RILQ    : (0/191): RIL[0][qmi_cb] get_ecc_property_name: ecc list name : ril.ecclist.
04-13 12:38:31.696  1175  1175 D RILJ    : [3873]> QUERY_NETWORK_SELECTION_MODE [SUB0]
04-13 12:38:31.699  1175  1175 D DefaultPhoneNotifier: notifySignalStrength: mRegistry=com.android.internal.telephony.ITelephonyRegistry$Stub$Proxy@a23210d ss=SignalStrength: 13 0 -120 -160 -120 -1 -1 99 2147483647 2147483647 2147483647 2147483647 gsm|lte sender=Handler (com.android.internal.telephony.gsm.GSMPhone) {3baebbf8}
04-13 12:38:31.701   191   301 I RILQ    : (0/191):RIL[0][event] qcril_qmi_nas_evaluate_custom_emergency_numbers_for_card: cur_status 1024, card_state 3
04-13 12:38:31.701   191   301 I RILQ    : (0/191):RIL[0][event] qcril_qmi_nas_evaluate_custom_emergency_numbers_for_card: card_mcc 460, card_mnc 01
04-13 12:38:31.711   191 22591 D RILC    : RequestComplete, RIL_SOCKET_1
04-13 12:38:31.711   191 22591 E RILC    : Send Response to RIL_SOCKET_1
04-13 12:38:31.712  1175  1283 D RILJ    : [3870]< OPERATOR {null, null, null} [SUB0]
04-13 12:38:31.712   191 22594 D RILC    : RequestComplete, RIL_SOCKET_1
04-13 12:38:31.712   191 22594 E RILC    : Send Response to RIL_SOCKET_1
04-13 12:38:31.713  1175  1283 D RILJ    : [3873]< QUERY_NETWORK_SELECTION_MODE {0} [SUB0]
04-13 12:38:31.721   191 22593 D RILC    : RequestComplete, RIL_SOCKET_1
04-13 12:38:31.721   191 22593 E RILC    : Send Response to RIL_SOCKET_1
04-13 12:38:31.723  1175  1283 D RILJ    : [3872]< VOICE_REGISTRATION_STATE {13, null, null, 0, null, null, null, 0, null, null, null, null, null, 2, fc} [SUB0]
04-13 12:38:31.725   191 22592 D RILC    : RequestComplete, RIL_SOCKET_1
04-13 12:38:31.725   191 22592 E RILC    : Send Response to RIL_SOCKET_1
04-13 12:38:31.731  1175  1175 D PHONE   : [ServiceState] setVoiceRegState=1
04-13 12:38:31.731  1175  1175 E PHONE   : [ServiceState] setState deprecated use setVoiceRegState()
04-13 12:38:31.737  1175  1283 D RILJ    : [3871]< DATA_REGISTRATION_STATE {2, null, null, null, 0, 20, null, null, null, null, null} [SUB0]
04-13 12:38:31.739  1175  1175 D PHONE   : [ServiceState] setDataRegState=1
04-13 12:38:31.739  1175  1175 D PHONE   : [ServiceState] setDataRadioTechnology=0
04-13 12:38:31.739  1175  1175 D GsmSST  : [GsmSST] handlPollStateResultMessage: GsmSST setDataRegState=1 regState=2 dataRadioTechnology=0
04-13 12:38:31.741  1175  1175 D GsmSST  : [GsmSST] Poll ServiceState done:  oldSS=[1 1 voice home data home null null null null null null  Unknown Unknown CSS not supported -1 -1 RoamInd=-1 DefRoamInd=-1 EmergOnly=true] newSS=[1 1 voice home data home null null null null null null  Unknown Unknown CSS not supported -1 -1 RoamInd=-1 DefRoamInd=-1 EmergOnly=true] oldMaxDataCalls=20 mNewMaxDataCalls=20 oldReasonDataDenied=-1 mNewReasonDataDenied=-1
04-13 12:38:31.741  1175  1175 D PHONE   : [ServiceState] setNullState=1
04-13 12:38:36.256  1175  1683 D DCT     : [0]hasMatchedTetherApnSetting: APN=null
04-13 12:38:36.376  1175  1175 D DCT     : [0]onReceive: action=android.intent.action.SCREEN_ON
04-13 12:38:36.376  1175  1175 D DCT     : [0]stopNetStatPoll
04-13 12:38:36.381  1175  1175 D DCT     : [0]overall state is IDLE
04-13 12:38:36.432 12155  7398 D TelephonyManager: getTelephonyProperty: return propVal='null' phoneId=0 property='gsm.operator.alpha' defaultVal='' prop=
04-13 12:38:38.973 12155  7398 D TelephonyManager: getTelephonyProperty: return propVal='null' phoneId=0 property='gsm.operator.iso-country' defaultVal='' prop=
04-13 12:48:31.953  1175  1205 D SubscriptionController: [getActiveSubIdList] simInfoSet=[0=1]
04-13 12:48:31.955  1175  1205 D SubscriptionController: [getActiveSubIdList] X subIdArr.length=1
04-13 12:48:38.890 12155  7852 D TelephonyManager: getTelephonyProperty: return propVal='null' phoneId=0 property='gsm.operator.iso-country' defaultVal='' prop=
04-13 12:51:33.178 12155  7852 D TelephonyManager: getTelephonyProperty: return propVal='null' phoneId=0 property='gsm.operator.iso-country' defaultVal='' prop=
04-13 12:51:33.559 12155  7852 D TelephonyManager: getTelephonyProperty: return propVal='null' phoneId=0 property='gsm.operator.iso-country' defaultVal='' prop=
04-13 12:55:17.793 12155  7852 D TelephonyManager: getTelephonyProperty: return propVal='null' phoneId=0 property='gsm.operator.iso-country' defaultVal='' prop=
04-13 12:58:22.530  1175  1208 D SubscriptionController: [getActiveSubIdList] simInfoSet=[0=1]
04-13 12:58:22.532  1175  1208 D SubscriptionController: [getActiveSubIdList] X subIdArr.length=1
04-13 12:59:18.300 12155  7852 D TelephonyManager: getTelephonyProperty: return propVal='null' phoneId=0 property='gsm.operator.iso-country' defaultVal='' prop=
04-13 12:59:42.975 12155  7852 D TelephonyManager: getTelephonyProperty: return propVal='null' phoneId=0 property='gsm.operator.iso-country' defaultVal='' prop=
04-13 12:59:53.509 12155  7852 D TelephonyManager: getTelephonyProperty: return propVal='null' phoneId=0 property='gsm.operator.iso-country' defaultVal='' prop=
04-13 13:01:03.772 12155  7852 D TelephonyManager: getTelephonyProperty: return propVal='null' phoneId=0 property='gsm.operator.iso-country' defaultVal='' prop=
04-13 13:04:58.628  1175  1336 D PhoneFactory: getPhone:- phoneId != DEFAULT_PHONE_ID return sProxyPhones[phoneId] phoneId=0 phone=Handler (com.android.internal.telephony.PhoneProxy) {152c775b}
04-13 13:04:58.801  1175  1205 D PhoneFactory: getPhone:- phoneId != DEFAULT_PHONE_ID return sProxyPhones[phoneId] phoneId=0 phone=Handler (com.android.internal.telephony.PhoneProxy) {152c775b}
04-13 13:07:20.638  1175  1336 D PhoneFactory: getPhone:- phoneId != DEFAULT_PHONE_ID return sProxyPhones[phoneId] phoneId=0 phone=Handler (com.android.internal.telephony.PhoneProxy) {152c775b}
04-13 13:07:20.847 19831 21693 D TelephonyManager: getTelephonyProperty: return propVal='null' phoneId=0 property='gsm.operator.alpha' defaultVal='' prop=
04-13 13:07:20.867 19831 21693 D TelephonyManager: getTelephonyProperty: return propVal='null' phoneId=0 property='gsm.operator.iso-country' defaultVal='' prop=
04-13 13:09:12.815  1175  1205 D SubscriptionController: [getActiveSubIdList] simInfoSet=[0=1]
04-13 13:09:12.818  1175  1205 D SubscriptionController: [getActiveSubIdList] X subIdArr.length=1
04-13 13:09:13.606  1175  1175 D DCT     : [0]onReceive: action=android.net.wifi.STATE_CHANGE
04-13 13:09:13.608  1175  1175 D DCT     : [0]NETWORK_STATE_CHANGED_ACTION: mIsWifiConnected=true
04-13 13:09:13.644  1175  1175 D DCT     : [0]onReceive: action=android.net.wifi.STATE_CHANGE
04-13 13:09:13.649  1175  1175 D DCT     : [0]NETWORK_STATE_CHANGED_ACTION: mIsWifiConnected=false
04-13 13:09:13.656  1175  1175 D DCT     : [0]onReceive: action=android.net.wifi.STATE_CHANGE
04-13 13:09:13.659  1175  1175 D DCT     : [0]NETWORK_STATE_CHANGED_ACTION: mIsWifiConnected=false
04-13 13:09:14.432  1175  1175 D DCT     : [0]onReceive: action=android.net.wifi.STATE_CHANGE
04-13 13:09:14.433  1175  1175 D DCT     : [0]NETWORK_STATE_CHANGED_ACTION: mIsWifiConnected=false
04-13 13:09:14.617  1175  1208 D SubscriptionController: [getActiveSubIdList] simInfoSet=[0=1]
04-13 13:09:14.628  1175  1208 D SubscriptionController: [getActiveSubIdList] X subIdArr.length=1
04-13 13:09:14.865  1175  1683 D SubscriptionController: [getActiveSubIdList] simInfoSet=[0=1]
04-13 13:09:14.874  1175  1683 D SubscriptionController: [getActiveSubIdList] X subIdArr.length=1
04-13 13:09:14.882  1175  1336 D SubscriptionController: [getActiveSubIdList] simInfoSet=[0=1]
04-13 13:09:14.884  1175  1336 D SubscriptionController: [getActiveSubIdList] X subIdArr.length=1
04-13 13:09:14.891  1175  1208 D SubscriptionController: [getActiveSubIdList] simInfoSet=[0=1]
04-13 13:09:14.894  1175  1208 D SubscriptionController: [getActiveSubIdList] X subIdArr.length=1
04-13 13:09:14.999  1175  1208 D SubscriptionController: [getActiveSubIdList] simInfoSet=[0=1]
04-13 13:09:15.008  1175  1208 D SubscriptionController: [getActiveSubIdList] X subIdArr.length=1
04-13 13:09:15.041  1175  1683 D SubscriptionController: [getActiveSubIdList] simInfoSet=[0=1]
04-13 13:09:15.044  1175  1683 D SubscriptionController: [getActiveSubIdList] X subIdArr.length=1
04-13 13:09:15.068  1175  1336 D SubscriptionController: [getActiveSubIdList] simInfoSet=[0=1]
04-13 13:09:15.075  1175  1336 D SubscriptionController: [getActiveSubIdList] X subIdArr.length=1
04-13 13:09:15.207  1175  1175 D DctController: [TNF 1]Cellular needs Network for NetworkRequest [ id=1, legacyType=-1, [ Capabilities: INTERNET&NOT_RESTRICTED&TRUSTED&NOT_VPN] ]
04-13 13:09:15.208  1175  1175 D DctController: requestNetwork request=NetworkRequest [ id=1, legacyType=-1, [ Capabilities: INTERNET&NOT_RESTRICTED&TRUSTED&NOT_VPN] ], priority=0
04-13 13:09:15.208  1175  1175 D DctController: processRequests
04-13 13:09:15.209  1175  1175 D DctController: handleMessage msg={ when=0 what=100 target=com.android.internal.telephony.dataconnection.DctController }
04-13 13:09:15.210  1175  1175 D DctController: selectExecPhone requestInfo = [ request=NetworkRequest [ id=1, legacyType=-1, [ Capabilities: INTERNET&NOT_RESTRICTED&TRUSTED&NOT_VPN] ], executed=false, priority=0]
04-13 13:09:15.210  1175  1175 D DctController: getTopPriorityRequestPhoneId = 0, priority = 0
04-13 13:09:15.214  1175  1175 D DcSwitchAsyncChannel: [DcSwitchAsyncChannel-0]: rspIsIdle=false
04-13 13:09:15.214  1175  1175 D DctController: onProcessRequest phoneId=0, activePhoneId=0
04-13 13:09:15.216  1175  1334 D DcSwitchSM: [DcSwitchStateMachine-0] AttachingState: REQ_CONNECT
04-13 13:09:15.217  1175  1334 D RILJ    : [3874]> RIL_REQUEST_ALLOW_DATA [SUB0]
04-13 13:09:15.219   191   297 D RILC    : RequestComplete, RIL_SOCKET_1
04-13 13:09:15.219   191   297 E RILC    : Send Response to RIL_SOCKET_1
04-13 13:09:15.220  1175  1283 D RilRequest: [3874]< RIL_REQUEST_ALLOW_DATA error: com.android.internal.telephony.CommandException: REQUEST_NOT_SUPPORTED ret=
04-13 13:09:15.227  1175  1175 D DcSwitchAsyncChannel: [DcSwitchAsyncChannel-0]: rspConnect=1
04-13 13:09:16.683  1175  1683 D PhoneFactory: getPhone:- phoneId != DEFAULT_PHONE_ID return sProxyPhones[phoneId] phoneId=0 phone=Handler (com.android.internal.telephony.PhoneProxy) {152c775b}
04-13 13:09:16.691  1175  1683 D DCT     : [0]getDataEnabled: getIntWithSubId retVal=true
04-13 13:09:19.048  1175  1684 D PhoneFactory: getPhone:- phoneId != DEFAULT_PHONE_ID return sProxyPhones[phoneId] phoneId=0 phone=Handler (com.android.internal.telephony.PhoneProxy) {152c775b}
04-13 13:09:19.048  1175  1684 D DCT     : [0]getDataEnabled: getIntWithSubId retVal=true
04-13 13:09:22.702  1175  1205 D PhoneFactory: getPhone:- phoneId != DEFAULT_PHONE_ID return sProxyPhones[phoneId] phoneId=0 phone=Handler (com.android.internal.telephony.PhoneProxy) {152c775b}
04-13 13:09:22.702  1175  1205 D DCT     : [0]getDataEnabled: getIntWithSubId retVal=true
04-13 13:09:24.996  1175  1175 D DCT     : [0]onReceive: action=android.net.wifi.STATE_CHANGE
04-13 13:09:24.996  1175  1175 D DCT     : [0]NETWORK_STATE_CHANGED_ACTION: mIsWifiConnected=false
04-13 13:09:25.128  1175  1175 D DCT     : [0]onReceive: action=android.net.wifi.STATE_CHANGE
04-13 13:09:25.129  1175  1175 D DCT     : [0]NETWORK_STATE_CHANGED_ACTION: mIsWifiConnected=false
04-13 13:09:29.220  1175  1175 D DCT     : [0]onReceive: action=android.net.wifi.STATE_CHANGE
04-13 13:09:29.220  1175  1175 D DCT     : [0]NETWORK_STATE_CHANGED_ACTION: mIsWifiConnected=false
04-13 13:09:29.235  1175  1175 D DCT     : [0]onReceive: action=android.net.wifi.STATE_CHANGE
04-13 13:09:29.236  1175  1175 D DCT     : [0]NETWORK_STATE_CHANGED_ACTION: mIsWifiConnected=false
04-13 13:09:30.330  1175  1175 D DCT     : [0]onReceive: action=android.net.wifi.STATE_CHANGE
04-13 13:09:30.331  1175  1175 D DCT     : [0]NETWORK_STATE_CHANGED_ACTION: mIsWifiConnected=false
04-13 13:09:30.609  1175  1175 D DCT     : [0]onReceive: action=android.net.wifi.STATE_CHANGE
04-13 13:09:30.610  1175  1175 D DCT     : [0]NETWORK_STATE_CHANGED_ACTION: mIsWifiConnected=false
04-13 13:09:30.610  1175  1175 D DCT     : [0]onReceive: action=android.net.wifi.STATE_CHANGE
04-13 13:09:30.610  1175  1175 D DCT     : [0]NETWORK_STATE_CHANGED_ACTION: mIsWifiConnected=false
04-13 13:09:31.938  1175  1175 D DCT     : [0]onReceive: action=android.net.wifi.STATE_CHANGE
04-13 13:09:31.939  1175  1175 D DCT     : [0]NETWORK_STATE_CHANGED_ACTION: mIsWifiConnected=false
04-13 13:09:31.950  1175  1175 D DCT     : [0]onReceive: action=android.net.wifi.STATE_CHANGE
