04-13 12:07:17.306   709   709 D ZenLog  : unsubscribe: condition://android/countdown/1492063604423,ok
04-13 12:07:17.306   709   709 D ZenLog  : exit_condition: null,null,zenOff
04-13 12:07:17.311   709   709 D ZenLog  : config: ZenModeConfig[allowCalls=false,allowMessages=false,allowFrom=anyone,allowEvents=true,sleepMode=null,sleepStart=22.0,sleepEnd=7.0,sleepNone=false,conditionComponents=null,conditionIds=null,exitCondition=null,exitConditionComponent=null]
04-13 12:07:17.342   709   709 D NotificationService: handleSavePolicyFile
04-13 12:07:23.357   709  1191 V WindowManager: Adding window Window{3c0acb72 u0 SubPanel:com.zhihu.android/com.zhihu.android.app.ui.activity.MainActivity} at 4 of 10 (after Window{19c5f065 u0 com.zhihu.android/com.zhihu.android.app.ui.activity.MainActivity})
04-13 12:07:24.419   709  1003 W InputMethodManagerService: Window already focused, ignoring focus gain of: com.android.internal.view.IInputMethodClient$Stub$Proxy@26c18bc3 attribute=null, token = android.os.BinderProxy@3a39355c
04-13 12:07:28.486   709  1243 V WindowManager: Adding window Window{1eb7b779 u0 SubPanel:com.zhihu.android/com.zhihu.android.app.ui.activity.MainActivity} at 4 of 10 (after Window{19c5f065 u0 com.zhihu.android/com.zhihu.android.app.ui.activity.MainActivity})
04-13 12:07:30.974   709   725 W InputMethodManagerService: Window already focused, ignoring focus gain of: com.android.internal.view.IInputMethodClient$Stub$Proxy@1fbabc6c attribute=null, token = android.os.BinderProxy@3a39355c
04-13 12:07:41.861   709  1243 V WindowManager: Adding window Window{12456ca u0 SubPanel:com.zhihu.android/com.zhihu.android.app.ui.activity.MainActivity} at 4 of 10 (after Window{19c5f065 u0 com.zhihu.android/com.zhihu.android.app.ui.activity.MainActivity})
04-13 12:07:44.191   709 10377 W InputMethodManagerService: Window already focused, ignoring focus gain of: com.android.internal.view.IInputMethodClient$Stub$Proxy@3926b03b attribute=null, token = android.os.BinderProxy@3a39355c
04-13 12:08:05.860   709   815 D ConnectivityService: updateNetworkScore for NetworkAgentInfo [WIFI () - 100] to 56
04-13 12:08:05.861   709   815 D ConnectivityService: rematching NetworkAgentInfo [WIFI () - 100]
04-13 12:08:05.861   709   815 D ConnectivityService: Network NetworkAgentInfo [WIFI () - 100] was already satisfying request 1. No change.
04-13 12:08:05.861   709   815 D ConnectivityService: notifyType AVAILABLE for NetworkAgentInfo [WIFI () - 100]
04-13 12:08:07.239   709  1220 V WindowManager: Adding window Window{613dcb1 u0 SubPanel:com.zhihu.android/com.zhihu.android.app.ui.activity.MainActivity} at 4 of 10 (after Window{19c5f065 u0 com.zhihu.android/com.zhihu.android.app.ui.activity.MainActivity})
04-13 12:08:08.340   709  1243 W InputMethodManagerService: Window already focused, ignoring focus gain of: com.android.internal.view.IInputMethodClient$Stub$Proxy@5991596 attribute=android.view.inputmethod.EditorInfo@ec61517, token = android.os.BinderProxy@3a39355c
04-13 12:08:08.913   709   815 D ConnectivityService: updateNetworkScore for NetworkAgentInfo [WIFI () - 100] to 55
04-13 12:08:08.914   709   815 D ConnectivityService: rematching NetworkAgentInfo [WIFI () - 100]
04-13 12:08:08.914   709   815 D ConnectivityService: Network NetworkAgentInfo [WIFI () - 100] was already satisfying request 1. No change.
04-13 12:08:08.914   709   815 D ConnectivityService: notifyType AVAILABLE for NetworkAgentInfo [WIFI () - 100]
04-13 12:08:13.338   709  1191 V WindowManager: Adding window Window{125892ed u0 SubPanel:com.zhihu.android/com.zhihu.android.app.ui.activity.MainActivity} at 4 of 10 (after Window{19c5f065 u0 com.zhihu.android/com.zhihu.android.app.ui.activity.MainActivity})
04-13 12:08:16.411   709  1243 W InputMethodManagerService: Window already focused, ignoring focus gain of: com.android.internal.view.IInputMethodClient$Stub$Proxy@29431570 attribute=null, token = android.os.BinderProxy@3a39355c
04-13 12:08:23.475   709  1003 V WindowManager: Adding window Window{c25416e u0 SubPanel:com.zhihu.android/com.zhihu.android.app.ui.activity.MainActivity} at 4 of 10 (after Window{19c5f065 u0 com.zhihu.android/com.zhihu.android.app.ui.activity.MainActivity})
04-13 12:08:25.566   709  1229 W InputMethodManagerService: Window already focused, ignoring focus gain of: com.android.internal.view.IInputMethodClient$Stub$Proxy@ee0900f attribute=android.view.inputmethod.EditorInfo@3c1c189c, token = android.os.BinderProxy@3a39355c
04-13 12:08:40.941   709 23473 V WindowManager: Adding window Window{20202288 u0 SubPanel:com.zhihu.android/com.zhihu.android.app.ui.activity.MainActivity} at 4 of 11 (after Window{19c5f065 u0 com.zhihu.android/com.zhihu.android.app.ui.activity.MainActivity})
04-13 12:08:41.995   709   803 W InputMethodManagerService: Window already focused, ignoring focus gain of: com.android.internal.view.IInputMethodClient$Stub$Proxy@35645421 attribute=android.view.inputmethod.EditorInfo@3fe01046, token = android.os.BinderProxy@3a39355c
04-13 12:08:55.366   709   803 V WindowManager: Adding window Window{28d8df34 u0 SubPanel:com.zhihu.android/com.zhihu.android.app.ui.activity.MainActivity} at 4 of 10 (after Window{19c5f065 u0 com.zhihu.android/com.zhihu.android.app.ui.activity.MainActivity})
04-13 12:08:56.640   709  1274 W InputMethodManagerService: Window already focused, ignoring focus gain of: com.android.internal.view.IInputMethodClient$Stub$Proxy@31fcead2 attribute=null, token = android.os.BinderProxy@3a39355c
04-13 12:09:06.193   709 10377 W ProcessCpuTracker: Skipping unknown process pid 12344
04-13 12:09:06.199   709 10377 W ProcessCpuTracker: Skipping unknown process pid 12346
04-13 12:09:06.620   709  1220 I ActivityManager: START u0 {act=android.intent.action.MAIN cat=[android.intent.category.LAUNCHER] flg=0x10200000 cmp=com.zhihu.android/.app.ui.activity.MainActivity} from uid 0 on display 0
04-13 12:09:07.640   709 10377 I ActivityManager: START u0 {act=android.intent.action.MAIN cat=[android.intent.category.LAUNCHER] flg=0x10200000 cmp=com.zhihu.android/.app.ui.activity.MainActivity} from uid 0 on display 0
04-13 12:09:12.936   709 10377 V WindowManager: Adding window Window{3764e0cc u0 SubPanel:com.zhihu.android/com.zhihu.android.app.ui.activity.MainActivity} at 4 of 11 (after Window{19c5f065 u0 com.zhihu.android/com.zhihu.android.app.ui.activity.MainActivity})
04-13 12:09:13.983   709  1220 W BackupManagerService: dataChanged but no participant pkg='com.android.providers.settings' uid=10013
04-13 12:09:13.987   709   709 D ZenLog  : set_zen_mode: no_interruptions,setting
04-13 12:09:13.987   709   709 D ZenLog  : update_zen_mode: off -> no_interruptions
04-13 12:09:13.996   709   709 D ZenLog  : set_ringer_mode_internal: ZenModeHelper,i:normal->silent,e:normal->silent
04-13 12:09:14.053   709  1274 D ConditionProviders: Subscribing to condition://android/countdown/1492063754033 with android.service.notification.ConditionProviderService$Provider@365760d4
04-13 12:09:14.055   709  1274 D ZenLog  : subscribe: condition://android/countdown/1492063754033,ok
04-13 12:09:14.058   709  1274 D ZenLog  : exit_condition: Condition[id=condition://android/countdown/1492063754033,summary=For 2 hours (until 2:09 PM),line1=For 2 hours,line2=Until 2:09 PM,icon=0,state=STATE_TRUE,flags=1],{android/com.android.server.notification.CountdownConditionProvider},binderCall
04-13 12:09:14.067   709  1274 D ZenLog  : config: ZenModeConfig[allowCalls=false,allowMessages=false,allowFrom=anyone,allowEvents=true,sleepMode=null,sleepStart=22.0,sleepEnd=7.0,sleepNone=false,conditionComponents=null,conditionIds=null,exitCondition=Condition[id=condition://android/countdown/1492063754033,summary=For 2 hours (until 2:09 PM),line1=For 2 hours,line2=Until 2:09 PM,icon=0,state=STATE_TRUE,flags=1],exitConditionComponent=ComponentInfo{android/com.android.server.notification.CountdownConditionProvider}]
04-13 12:09:14.071   709   709 D NotificationService: handleSavePolicyFile
04-13 12:09:16.016   709 23473 W InputMethodManagerService: Window already focused, ignoring focus gain of: com.android.internal.view.IInputMethodClient$Stub$Proxy@3c3a0f15 attribute=android.view.inputmethod.EditorInfo@148f022a, token = android.os.BinderProxy@3a39355c
04-13 12:09:22.128   709  1003 V WindowManager: Adding window Window{3ef316f6 u0 SubPanel:com.zhihu.android/com.zhihu.android.app.ui.activity.MainActivity} at 4 of 11 (after Window{19c5f065 u0 com.zhihu.android/com.zhihu.android.app.ui.activity.MainActivity})
04-13 12:09:23.520   709  1003 W InputMethodManagerService: Window already focused, ignoring focus gain of: com.android.internal.view.IInputMethodClient$Stub$Proxy@16c3eaf7 attribute=null, token = android.os.BinderProxy@3a39355c
04-13 12:09:26.244   709 23473 W ProcessCpuTracker: Skipping unknown process pid 12510
04-13 12:09:26.256   709 23473 W ProcessCpuTracker: Skipping unknown process pid 12521
04-13 12:09:26.557   709   726 V WindowManager: Adding window Window{23de0bcd u0 SubPanel:com.zhihu.android/com.zhihu.android.app.ui.activity.MainActivity} at 4 of 10 (after Window{19c5f065 u0 com.zhihu.android/com.zhihu.android.app.ui.activity.MainActivity})
04-13 12:09:32.797   709  9904 W BackupManagerService: dataChanged but no participant pkg='com.android.providers.settings' uid=10013
04-13 12:09:32.886   709   774 I ActivityManager: Start proc 12554:com.android.settings/1000 for broadcast com.android.settings/.widget.SettingsAppWidgetProvider
04-13 12:09:33.070   709   814 D WifiService: New client listening to asynchronous messages
04-13 12:09:33.145   709 10377 I ActivityManager: Killing 1798:com.android.email/u0a28 (adj 15): empty for 3362s
04-13 12:09:33.719   709  5468 I ActivityManager: START u0 {act=android.intent.action.MAIN cat=[android.intent.category.LAUNCHER] flg=0x10200000 cmp=com.zhihu.android/.app.ui.activity.MainActivity} from uid 0 on display 0
04-13 12:09:44.951   709  1229 W InputMethodManagerService: Window already focused, ignoring focus gain of: com.android.internal.view.IInputMethodClient$Stub$Proxy@a230d7 attribute=android.view.inputmethod.EditorInfo@d3a7dc4, token = android.os.BinderProxy@3a39355c
04-13 12:09:45.871   709  1274 V WindowManager: Adding window Window{e8993e2 u0 SubPanel:com.zhihu.android/com.zhihu.android.app.ui.activity.MainActivity} at 4 of 10 (after Window{19c5f065 u0 com.zhihu.android/com.zhihu.android.app.ui.activity.MainActivity})
04-13 12:09:46.874   709  1274 W InputManager: Input event injection from pid 2745 failed.
04-13 12:09:46.879   709   726 W InputManager: Input event injection from pid 2745 failed.
04-13 12:09:46.936   709  1229 W InputMethodManagerService: Window already focused, ignoring focus gain of: com.android.internal.view.IInputMethodClient$Stub$Proxy@1e6f0373 attribute=null, token = android.os.BinderProxy@3a39355c
04-13 12:09:50.224   709  1191 I ActivityManager: START u0 {act=android.intent.action.SEND typ=text/plain flg=0x80001 cmp=com.android.bluetooth/.opp.BluetoothOppLauncherActivity (has clip) (has extras)} from uid 10054 on display 0
04-13 12:09:55.198   709  1003 V WindowManager: Adding window Window{2c3daea9 u0 SubPanel:com.zhihu.android/com.zhihu.android.app.ui.activity.MainActivity} at 4 of 10 (after Window{19c5f065 u0 com.zhihu.android/com.zhihu.android.app.ui.activity.MainActivity})
04-13 12:09:56.275   709   726 W ProcessCpuTracker: Skipping unknown process pid 12742
04-13 12:09:56.276   709   726 W ProcessCpuTracker: Skipping unknown process pid 12744
04-13 12:09:58.307   709 29519 W InputMethodManagerService: Window already focused, ignoring focus gain of: com.android.internal.view.IInputMethodClient$Stub$Proxy@21310c2e attribute=android.view.inputmethod.EditorInfo@2d2c63cf, token = android.os.BinderProxy@3a39355c
04-13 12:10:08.464   709 29519 I ActivityManager: START u0 {act=android.intent.action.MAIN cat=[android.intent.category.LAUNCHER] flg=0x10200000 cmp=com.zhihu.android/.app.ui.activity.MainActivity} from uid 0 on display 0
04-13 12:10:14.828   709  1003 V WindowManager: Adding window Window{24b56deb u0 SubPanel:com.zhihu.android/com.zhihu.android.app.ui.activity.MainActivity} at 4 of 10 (after Window{19c5f065 u0 com.zhihu.android/com.zhihu.android.app.ui.activity.MainActivity})
04-13 12:10:15.881   709  9904 W InputMethodManagerService: Window already focused, ignoring focus gain of: com.android.internal.view.IInputMethodClient$Stub$Proxy@177f9748 attribute=android.view.inputmethod.EditorInfo@2b1b89e1, token = android.os.BinderProxy@3a39355c
04-13 12:10:16.263   709  1191 W ProcessCpuTracker: Skipping unknown process pid 12873
04-13 12:10:16.265   709  1191 W ProcessCpuTracker: Skipping unknown process pid 12877
04-13 12:10:21.657   709   725 W InputMethodManagerService: Window already focused, ignoring focus gain of: com.android.internal.view.IInputMethodClient$Stub$Proxy@3c27306 attribute=null, token = android.os.BinderProxy@3a39355c
04-13 12:10:23.103   709   815 D ConnectivityService: updateNetworkScore for NetworkAgentInfo [WIFI () - 100] to 56
04-13 12:10:23.103   709   815 D ConnectivityService: rematching NetworkAgentInfo [WIFI () - 100]
04-13 12:10:23.104   709   815 D ConnectivityService: Network NetworkAgentInfo [WIFI () - 100] was already satisfying request 1. No change.
04-13 12:10:23.104   709   815 D ConnectivityService: notifyType AVAILABLE for NetworkAgentInfo [WIFI () - 100]
04-13 12:10:23.995   709 23473 V WindowManager: Adding window Window{2d9adff4 u0 SubPanel:com.zhihu.android/com.zhihu.android.app.ui.activity.MainActivity} at 4 of 10 (after Window{19c5f065 u0 com.zhihu.android/com.zhihu.android.app.ui.activity.MainActivity})
04-13 12:10:26.087   709   726 W InputMethodManagerService: Window already focused, ignoring focus gain of: com.android.internal.view.IInputMethodClient$Stub$Proxy@5e5e31d attribute=android.view.inputmethod.EditorInfo@1382b992, token = android.os.BinderProxy@3a39355c
04-13 12:10:26.146   709   815 D ConnectivityService: updateNetworkScore for NetworkAgentInfo [WIFI () - 100] to 55
04-13 12:10:26.146   709   815 D ConnectivityService: rematching NetworkAgentInfo [WIFI () - 100]
04-13 12:10:26.147   709   815 D ConnectivityService: Network NetworkAgentInfo [WIFI () - 100] was already satisfying request 1. No change.
04-13 12:10:26.147   709   815 D ConnectivityService: notifyType AVAILABLE for NetworkAgentInfo [WIFI () - 100]
04-13 12:10:33.168   709 16191 V WindowManager: Adding window Window{32d3debf u0 SubPanel:com.zhihu.android/com.zhihu.android.app.ui.activity.MainActivity} at 4 of 10 (after Window{19c5f065 u0 com.zhihu.android/com.zhihu.android.app.ui.activity.MainActivity})
04-13 12:10:34.243   709  1243 W InputMethodManagerService: Window already focused, ignoring focus gain of: com.android.internal.view.IInputMethodClient$Stub$Proxy@38ce398c attribute=android.view.inputmethod.EditorInfo@139f58d5, token = android.os.BinderProxy@3a39355c
04-13 12:10:36.241   709  1274 V WindowManager: Adding window Window{1c71a7db u0 SubPanel:com.zhihu.android/com.zhihu.android.app.ui.activity.MainActivity} at 4 of 10 (after Window{19c5f065 u0 com.zhihu.android/com.zhihu.android.app.ui.activity.MainActivity})
04-13 12:10:36.308   709   726 W ProcessCpuTracker: Skipping unknown process pid 13000
04-13 12:10:37.470   709 29519 W InputMethodManagerService: Window already focused, ignoring focus gain of: com.android.internal.view.IInputMethodClient$Stub$Proxy@2beb6278 attribute=null, token = android.os.BinderProxy@3a39355c
04-13 12:10:50.641   709  1229 I ActivityManager: START u0 {act=android.intent.action.SEND typ=text/plain flg=0x80001 cmp=com.android.bluetooth/.opp.BluetoothOppLauncherActivity (has clip) (has extras)} from uid 10054 on display 0
04-13 12:10:59.815   709  1274 I ActivityManager: START u0 {act=android.intent.action.MAIN cat=[android.intent.category.LAUNCHER] flg=0x10200000 cmp=com.zhihu.android/.app.ui.activity.MainActivity} from uid 0 on display 0
04-13 12:11:01.987   709   804 V WindowManager: Adding window Window{2558e6b7 u0 SubPanel:com.zhihu.android/com.zhihu.android.app.ui.activity.MainActivity} at 4 of 10 (after Window{19c5f065 u0 com.zhihu.android/com.zhihu.android.app.ui.activity.MainActivity})
04-13 12:11:04.326   709 29519 W InputMethodManagerService: Window already focused, ignoring focus gain of: com.android.internal.view.IInputMethodClient$Stub$Proxy@25b02e24 attribute=null, token = android.os.BinderProxy@3a39355c
04-13 12:11:05.045   709 29519 V WindowManager: Adding window Window{3fa8ab42 u0 SubPanel:com.zhihu.android/com.zhihu.android.app.ui.activity.MainActivity} at 4 of 10 (after Window{19c5f065 u0 com.zhihu.android/com.zhihu.android.app.ui.activity.MainActivity})
04-13 12:11:06.141   709  1191 W InputMethodManagerService: Window already focused, ignoring focus gain of: com.android.internal.view.IInputMethodClient$Stub$Proxy@360b3753 attribute=android.view.inputmethod.EditorInfo@ad40890, token = android.os.BinderProxy@3a39355c
04-13 12:11:07.064   709   726 V WindowManager: Adding window Window{1d1a398e u0 SubPanel:com.zhihu.android/com.zhihu.android.app.ui.activity.MainActivity} at 4 of 10 (after Window{19c5f065 u0 com.zhihu.android/com.zhihu.android.app.ui.activity.MainActivity})
04-13 12:11:11.321   709 29519 W InputMethodManagerService: Window already focused, ignoring focus gain of: com.android.internal.view.IInputMethodClient$Stub$Proxy@17292145 attribute=null, token = android.os.BinderProxy@3a39355c
04-13 12:11:13.443   709  1229 I ActivityManager: START u0 {act=android.intent.action.SEND typ=text/plain flg=0x80001 cmp=com.zhihu.android/.app.ui.activity.share.ShareToMessageActivity (has clip) (has extras)} from uid 10054 on display 0
04-13 12:11:13.458   709  1229 V WindowManager: addAppToken: AppWindowToken{353f8cc1 token=Token{3a3859a8 ActivityRecord{29683dcb u0 com.zhihu.android/.app.ui.activity.share.ShareToMessageActivity t7}}} to stack=1 task=7 at 0
04-13 12:11:13.611   709  1243 I ActivityManager: START u0 {act=android.intent.action.SEND typ=text/plain flg=0x10080001 cmp=com.zhihu.android/.app.ui.activity.MainActivity (has clip) (has extras)} from uid 10054 on display 0
04-13 12:11:13.614   709  1243 I ActivityManager: Ignoring FLAG_ACTIVITY_NEW_DOCUMENT, launchMode is "singleInstance" or "singleTask"
04-13 12:11:13.681   709   804 W InputMethodManagerService: Window already focused, ignoring focus gain of: com.android.internal.view.IInputMethodClient$Stub$Proxy@39baeba7 attribute=null, token = android.os.BinderProxy@3a39355c
04-13 12:11:17.257   709   726 W ProcessCpuTracker: Skipping unknown process pid 13359
04-13 12:11:17.258   709   726 W ProcessCpuTracker: Skipping unknown process pid 13360
04-13 12:11:30.785   709 16191 I ActivityManager: START u0 {act=android.intent.action.MAIN cat=[android.intent.category.LAUNCHER] flg=0x10200000 cmp=com.zhihu.android/.app.ui.activity.MainActivity} from uid 0 on display 0
04-13 12:11:47.853   709  1274 I ActivityManager: START u0 {act=android.intent.action.MAIN cat=[android.intent.category.LAUNCHER] flg=0x10200000 cmp=com.zhihu.android/.app.ui.activity.MainActivity} from uid 0 on display 0
04-13 12:12:03.812   709   815 D ConnectivityService: updateNetworkScore for NetworkAgentInfo [WIFI () - 100] to 56
04-13 12:12:03.813   709   815 D ConnectivityService: rematching NetworkAgentInfo [WIFI () - 100]
04-13 12:12:03.813   709   815 D ConnectivityService: Network NetworkAgentInfo [WIFI () - 100] was already satisfying request 1. No change.
04-13 12:12:03.814   709   815 D ConnectivityService: notifyType AVAILABLE for NetworkAgentInfo [WIFI () - 100]
04-13 12:12:06.858   709   815 D ConnectivityService: updateNetworkScore for NetworkAgentInfo [WIFI () - 100] to 55
04-13 12:12:06.859   709   815 D ConnectivityService: rematching NetworkAgentInfo [WIFI () - 100]
04-13 12:12:06.859   709   815 D ConnectivityService: Network NetworkAgentInfo [WIFI () - 100] was already satisfying request 1. No change.
04-13 12:12:06.859   709   815 D ConnectivityService: notifyType AVAILABLE for NetworkAgentInfo [WIFI () - 100]
04-13 12:12:12.830   709  1220 I ActivityManager: START u0 {act=android.intent.action.MAIN cat=[android.intent.category.LAUNCHER] flg=0x10200000 cmp=com.zhihu.android/.app.ui.activity.MainActivity} from uid 0 on display 0
04-13 12:12:26.188   709  1191 V WindowManager: Adding window Window{1ac74987 u0 SubPanel:com.zhihu.android/com.zhihu.android.app.ui.activity.MainActivity} at 4 of 10 (after Window{19c5f065 u0 com.zhihu.android/com.zhihu.android.app.ui.activity.MainActivity})
04-13 12:12:27.192   709  1229 W InputManager: Input event injection from pid 2745 failed.
04-13 12:12:27.196   709 10377 W InputManager: Input event injection from pid 2745 failed.
04-13 12:12:27.200   709  1191 W InputManager: Input event injection from pid 2745 failed.
04-13 12:12:27.235   709 16191 W InputMethodManagerService: Window already focused, ignoring focus gain of: com.android.internal.view.IInputMethodClient$Stub$Proxy@4aba0b4 attribute=android.view.inputmethod.EditorInfo@74274dd, token = android.os.BinderProxy@3a39355c
04-13 12:12:33.473   709  5468 V WindowManager: Adding window Window{3cf681d9 u0 SubPanel:com.zhihu.android/com.zhihu.android.app.ui.activity.MainActivity} at 4 of 10 (after Window{19c5f065 u0 com.zhihu.android/com.zhihu.android.app.ui.activity.MainActivity})
04-13 12:12:34.459   709  1243 W InputManager: Input event injection from pid 2745 failed.
04-13 12:12:34.467   709 23473 W InputManager: Input event injection from pid 2745 failed.
04-13 12:12:34.504   709  1229 W InputMethodManagerService: Window already focused, ignoring focus gain of: com.android.internal.view.IInputMethodClient$Stub$Proxy@175b979e attribute=android.view.inputmethod.EditorInfo@3c65e27f, token = android.os.BinderProxy@3a39355c
04-13 12:12:37.554   709 16191 I ActivityManager: START u0 {act=android.intent.action.MAIN cat=[android.intent.category.LAUNCHER] flg=0x10200000 cmp=com.zhihu.android/.app.ui.activity.MainActivity} from uid 0 on display 0
04-13 12:12:40.452   709   815 D ConnectivityService: updateNetworkScore for NetworkAgentInfo [WIFI () - 100] to 56
04-13 12:12:40.455   709   815 D ConnectivityService: rematching NetworkAgentInfo [WIFI () - 100]
04-13 12:12:40.455   709   815 D ConnectivityService: Network NetworkAgentInfo [WIFI () - 100] was already satisfying request 1. No change.
04-13 12:12:40.455   709   815 D ConnectivityService: notifyType AVAILABLE for NetworkAgentInfo [WIFI () - 100]
04-13 12:12:43.507   709   815 D ConnectivityService: updateNetworkScore for NetworkAgentInfo [WIFI () - 100] to 55
04-13 12:12:43.508   709   815 D ConnectivityService: rematching NetworkAgentInfo [WIFI () - 100]
04-13 12:12:43.508   709   815 D ConnectivityService: Network NetworkAgentInfo [WIFI () - 100] was already satisfying request 1. No change.
04-13 12:12:43.509   709   815 D ConnectivityService: notifyType AVAILABLE for NetworkAgentInfo [WIFI () - 100]
04-13 12:13:10.906   709   815 D ConnectivityService: updateNetworkScore for NetworkAgentInfo [WIFI () - 100] to 56
04-13 12:13:10.906   709   815 D ConnectivityService: rematching NetworkAgentInfo [WIFI () - 100]
04-13 12:13:10.907   709   815 D ConnectivityService: Network NetworkAgentInfo [WIFI () - 100] was already satisfying request 1. No change.
04-13 12:13:10.907   709   815 D ConnectivityService: notifyType AVAILABLE for NetworkAgentInfo [WIFI () - 100]
04-13 12:13:13.977   709   815 D ConnectivityService: updateNetworkScore for NetworkAgentInfo [WIFI () - 100] to 55
04-13 12:13:13.982   709   815 D ConnectivityService: rematching NetworkAgentInfo [WIFI () - 100]
04-13 12:13:13.986   709   815 D ConnectivityService: Network NetworkAgentInfo [WIFI () - 100] was already satisfying request 1. No change.
04-13 12:13:13.986   709   815 D ConnectivityService: notifyType AVAILABLE for NetworkAgentInfo [WIFI () - 100]
04-13 12:13:16.598   709   774 I ProcessStatsService: Prepared write state in 9ms
04-13 12:13:31.179   709   773 I UsageStatsService: User[0] Flushing usage stats to disk
04-13 12:13:46.569   709   774 W ProcessCpuTracker: Skipping unknown process pid 19190
04-13 12:13:46.652   709   774 W ProcessCpuTracker: Skipping unknown process pid 19204
04-13 12:13:48.087   709   815 D ConnectivityService: updateNetworkScore for NetworkAgentInfo [WIFI () - 100] to 56
04-13 12:13:48.088   709   815 D ConnectivityService: rematching NetworkAgentInfo [WIFI () - 100]
04-13 12:13:48.088   709   815 D ConnectivityService: Network NetworkAgentInfo [WIFI () - 100] was already satisfying request 1. No change.
04-13 12:13:48.088   709   815 D ConnectivityService: notifyType AVAILABLE for NetworkAgentInfo [WIFI () - 100]
04-13 12:13:48.409   709   774 I ActivityManager: Waited long enough for: ServiceRecord{5d9375a u0 com.android.music/.MediaPlaybackService}
04-13 12:13:51.447   709   815 D ConnectivityService: updateNetworkScore for NetworkAgentInfo [WIFI () - 100] to 55
04-13 12:13:51.447   709   815 D ConnectivityService: rematching NetworkAgentInfo [WIFI () - 100]
04-13 12:13:51.447   709   815 D ConnectivityService: Network NetworkAgentInfo [WIFI () - 100] was already satisfying request 1. No change.
04-13 12:13:51.448   709   815 D ConnectivityService: notifyType AVAILABLE for NetworkAgentInfo [WIFI () - 100]
04-13 12:13:51.834  1869  1869 W ViewRootImpl: Dropping event due to no window focus: KeyEvent { action=ACTION_DOWN, keyCode=KEYCODE_DPAD_RIGHT, scanCode=0, metaState=0, flags=0x8, repeatCount=0, eventTime=3660930, downTime=3660930, deviceId=-1, source=0x101 }
04-13 12:13:51.875  1869  1869 W ViewRootImpl: Cancelling event due to no window focus: KeyEvent { action=ACTION_UP, keyCode=KEYCODE_DPAD_RIGHT, scanCode=0, metaState=0, flags=0x28, repeatCount=0, eventTime=3661023, downTime=3661023, deviceId=-1, source=0x101 }
04-13 12:13:51.876  1869  1869 W ViewRootImpl: Cancelling event due to no window focus: KeyEvent { action=ACTION_UP, keyCode=KEYCODE_DPAD_RIGHT, scanCode=0, metaState=0, flags=0x28, repeatCount=0, eventTime=3661023, downTime=3661023, deviceId=-1, source=0x101 }
04-13 12:13:51.876  1869  1869 W ViewRootImpl: Cancelling event due to no window focus: KeyEvent { action=ACTION_UP, keyCode=KEYCODE_DPAD_RIGHT, scanCode=0, metaState=0, flags=0x28, repeatCount=0, eventTime=3661023, downTime=3661023, deviceId=-1, source=0x101 }
04-13 12:13:51.983   709  1003 W InputMethodManagerService: Window already focused, ignoring focus gain of: com.android.internal.view.IInputMethodClient$Stub$Proxy@3c7fa5bd attribute=null, token = android.os.BinderProxy@3a39355c
04-13 12:14:07.007  1869  1869 W ViewRootImpl: Dropping event due to no window focus: KeyEvent { action=ACTION_DOWN, keyCode=KEYCODE_DPAD_CENTER, scanCode=0, metaState=0, flags=0x8, repeatCount=0, eventTime=3675972, downTime=3675972, deviceId=-1, source=0x101 }
04-13 12:14:07.018  1869  1869 W ViewRootImpl: Cancelling event due to no window focus: KeyEvent { action=ACTION_UP, keyCode=KEYCODE_DPAD_CENTER, scanCode=0, metaState=0, flags=0x28, repeatCount=0, eventTime=3676158, downTime=3676158, deviceId=-1, source=0x101 }
04-13 12:14:07.018  1869  1869 W ViewRootImpl: Cancelling event due to no window focus: KeyEvent { action=ACTION_UP, keyCode=KEYCODE_DPAD_CENTER, scanCode=0, metaState=0, flags=0x28, repeatCount=0, eventTime=3676158, downTime=3676158, deviceId=-1, source=0x101 }
04-13 12:14:07.019  1869  1869 W ViewRootImpl: Cancelling event due to no window focus: KeyEvent { action=ACTION_UP, keyCode=KEYCODE_DPAD_CENTER, scanCode=0, metaState=0, flags=0x28, repeatCount=0, eventTime=3676158, downTime=3676158, deviceId=-1, source=0x101 }
04-13 12:14:07.029  1869  1869 W ViewRootImpl: Cancelling event due to no window focus: KeyEvent { action=ACTION_UP, keyCode=KEYCODE_DPAD_CENTER, scanCode=0, metaState=0, flags=0x28, repeatCount=0, eventTime=3676158, downTime=3676158, deviceId=-1, source=0x101 }
04-13 12:14:07.030  1869  1869 W ViewRootImpl: Cancelling event due to no window focus: KeyEvent { action=ACTION_UP, keyCode=KEYCODE_DPAD_CENTER, scanCode=0, metaState=0, flags=0x28, repeatCount=0, eventTime=3676158, downTime=3676158, deviceId=-1, source=0x101 }
04-13 12:14:07.030  1869  1869 W ViewRootImpl: Cancelling event due to no window focus: KeyEvent { action=ACTION_UP, keyCode=KEYCODE_DPAD_CENTER, scanCode=0, metaState=0, flags=0x28, repeatCount=0, eventTime=3676158, downTime=3676158, deviceId=-1, source=0x101 }
04-13 12:14:07.078  1869  1869 W ViewRootImpl: Cancelling event due to no window focus: KeyEvent { action=ACTION_UP, keyCode=KEYCODE_DPAD_CENTER, scanCode=0, metaState=0, flags=0x80000028, repeatCount=0, eventTime=3676158, downTime=3676158, deviceId=-1, source=0x101 }
04-13 12:14:07.079  1869  1869 W ViewRootImpl: Cancelling event due to no window focus: KeyEvent { action=ACTION_UP, keyCode=KEYCODE_DPAD_CENTER, scanCode=0, metaState=0, flags=0x80000028, repeatCount=0, eventTime=3676158, downTime=3676158, deviceId=-1, source=0x101 }
04-13 12:14:07.079  1869  1869 W ViewRootImpl: Cancelling event due to no window focus: KeyEvent { action=ACTION_UP, keyCode=KEYCODE_DPAD_CENTER, scanCode=0, metaState=0, flags=0x80000028, repeatCount=0, eventTime=3676158, downTime=3676158, deviceId=-1, source=0x101 }
04-13 12:14:07.379   709 16191 W InputMethodManagerService: Window already focused, ignoring focus gain of: com.android.internal.view.IInputMethodClient$Stub$Proxy@140757b2 attribute=android.view.inputmethod.EditorInfo@984c303, token = android.os.BinderProxy@3a39355c
04-13 12:14:36.431   709   794 I ActivityManager: START u0 {act=android.speech.action.WEB_SEARCH} from uid 1000 on display 0
04-13 12:14:42.144   709  1243 V WindowManager: Adding window Window{f08e6ac u0 PopupWindow:3f7f11a2} at 4 of 10 (after Window{19c5f065 u0 com.zhihu.android/com.zhihu.android.app.ui.activity.MainActivity})
04-13 12:14:50.501   709   794 I WindowManager: Input event dispatching timed out sending to com.zhihu.android/com.zhihu.android.app.ui.activity.MainActivity.  Reason: Waiting to send key event because the focused window has not finished processing all of the input events that were previously delivered to it.  Outbound queue length: 0.  Wait queue length: 1.
04-13 12:14:50.810   709 10377 W InputManager: Input event injection from pid 2745 timed out.
04-13 12:14:51.532   709   774 I ActivityManager: Skipping duplicate ANR: ProcessRecord{29f9a7e2 1869:com.zhihu.android/u0a54} Input dispatching timed out (Waiting to send key event because the focused window has not finished processing all of the input events that were previously delivered to it.  Outbound queue length: 0.  Wait queue length: 1.)
04-13 12:14:53.336   709   774 W ProcessCpuTracker: Skipping unknown process pid 3745
04-13 12:14:56.976   709   815 D ConnectivityService: updateNetworkScore for NetworkAgentInfo [WIFI () - 100] to 56
04-13 12:14:56.976   709   815 D ConnectivityService: rematching NetworkAgentInfo [WIFI () - 100]
04-13 12:14:56.976   709   815 D ConnectivityService: Network NetworkAgentInfo [WIFI () - 100] was already satisfying request 1. No change.
04-13 12:14:56.977   709   815 D ConnectivityService: notifyType AVAILABLE for NetworkAgentInfo [WIFI () - 100]
04-13 12:15:00.159   709   815 D ConnectivityService: updateNetworkScore for NetworkAgentInfo [WIFI () - 100] to 55
04-13 12:15:00.159   709   815 D ConnectivityService: rematching NetworkAgentInfo [WIFI () - 100]
04-13 12:15:00.160   709   815 D ConnectivityService: Network NetworkAgentInfo [WIFI () - 100] was already satisfying request 1. No change.
04-13 12:15:00.160   709   815 D ConnectivityService: notifyType AVAILABLE for NetworkAgentInfo [WIFI () - 100]
04-13 12:15:07.031   709   794 I WindowManager: Input event dispatching timed out sending to com.zhihu.android/com.zhihu.android.app.ui.activity.MainActivity.  Reason: Waiting to send key event because the focused window has not finished processing all of the input events that were previously delivered to it.  Outbound queue length: 0.  Wait queue length: 1.
04-13 12:15:07.292   709   774 I ActivityManager: Skipping duplicate ANR: ProcessRecord{29f9a7e2 1869:com.zhihu.android/u0a54} Input dispatching timed out (Waiting to send key event because the focused window has not finished processing all of the input events that were previously delivered to it.  Outbound queue length: 0.  Wait queue length: 1.)
04-13 12:15:07.295   709  5468 W InputManager: Input event injection from pid 2745 timed out.
04-13 12:15:12.308   709   794 I WindowManager: Input event dispatching timed out sending to com.zhihu.android/com.zhihu.android.app.ui.activity.MainActivity.  Reason: Waiting to send key event because the focused window has not finished processing all of the input events that were previously delivered to it.  Outbound queue length: 0.  Wait queue length: 1.
04-13 12:15:12.425   709 29519 W InputManager: Input event injection from pid 2745 timed out.
04-13 12:15:12.455   709   774 I ActivityManager: Skipping duplicate ANR: ProcessRecord{29f9a7e2 1869:com.zhihu.android/u0a54} Input dispatching timed out (Waiting to send key event because the focused window has not finished processing all of the input events that were previously delivered to it.  Outbound queue length: 0.  Wait queue length: 1.)
04-13 12:15:21.273   709 10377 V WindowManager: Adding window Window{1f1f6aba u0 SubPanel:com.zhihu.android/com.zhihu.android.app.ui.activity.MainActivity} at 4 of 10 (after Window{19c5f065 u0 com.zhihu.android/com.zhihu.android.app.ui.activity.MainActivity})
04-13 12:15:23.779   709 10377 W InputMethodManagerService: Window already focused, ignoring focus gain of: com.android.internal.view.IInputMethodClient$Stub$Proxy@18c14d6b attribute=null, token = android.os.BinderProxy@3a39355c
04-13 12:15:26.423   709   815 D ConnectivityService: updateNetworkScore for NetworkAgentInfo [WIFI () - 100] to 56
04-13 12:15:26.424   709   815 D ConnectivityService: rematching NetworkAgentInfo [WIFI () - 100]
04-13 12:15:26.424   709   815 D ConnectivityService: Network NetworkAgentInfo [WIFI () - 100] was already satisfying request 1. No change.
04-13 12:15:26.424   709   815 D ConnectivityService: notifyType AVAILABLE for NetworkAgentInfo [WIFI () - 100]
04-13 12:15:29.572   709   815 D ConnectivityService: updateNetworkScore for NetworkAgentInfo [WIFI () - 100] to 55
04-13 12:15:29.573   709   815 D ConnectivityService: rematching NetworkAgentInfo [WIFI () - 100]
04-13 12:15:29.573   709   815 D ConnectivityService: Network NetworkAgentInfo [WIFI () - 100] was already satisfying request 1. No change.
04-13 12:15:29.573   709   815 D ConnectivityService: notifyType AVAILABLE for NetworkAgentInfo [WIFI () - 100]
04-13 12:15:30.181   709  1274 V WindowManager: Adding window Window{176d3561 u0 SubPanel:com.zhihu.android/com.zhihu.android.app.ui.activity.MainActivity} at 4 of 10 (after Window{19c5f065 u0 com.zhihu.android/com.zhihu.android.app.ui.activity.MainActivity})
04-13 12:15:32.315  1869  1869 W ViewRootImpl: Dropping event due to no window focus: KeyEvent { action=ACTION_DOWN, keyCode=KEYCODE_F8, scanCode=0, metaState=0, flags=0x8, repeatCount=0, eventTime=3760334, downTime=3760334, deviceId=-1, source=0x101 }
04-13 12:15:32.334  1869  1869 W ViewRootImpl: Cancelling event due to no window focus: KeyEvent { action=ACTION_UP, keyCode=KEYCODE_F8, scanCode=0, metaState=0, flags=0x28, repeatCount=0, eventTime=3760336, downTime=3760336, deviceId=-1, source=0x101 }
04-13 12:15:32.335  1869  1869 W ViewRootImpl: Cancelling event due to no window focus: KeyEvent { action=ACTION_UP, keyCode=KEYCODE_F8, scanCode=0, metaState=0, flags=0x28, repeatCount=0, eventTime=3760336, downTime=3760336, deviceId=-1, source=0x101 }
04-13 12:15:32.335  1869  1869 W ViewRootImpl: Cancelling event due to no window focus: KeyEvent { action=ACTION_UP, keyCode=KEYCODE_F8, scanCode=0, metaState=0, flags=0x28, repeatCount=0, eventTime=3760336, downTime=3760336, deviceId=-1, source=0x101 }
04-13 12:15:32.336  1869  1869 W ViewRootImpl: Cancelling event due to no window focus: KeyEvent { action=ACTION_UP, keyCode=KEYCODE_F8, scanCode=0, metaState=0, flags=0x28, repeatCount=0, eventTime=3760336, downTime=3760336, deviceId=-1, source=0x101 }
04-13 12:15:32.336  1869  1869 W ViewRootImpl: Cancelling event due to no window focus: KeyEvent { action=ACTION_UP, keyCode=KEYCODE_F8, scanCode=0, metaState=0, flags=0x28, repeatCount=0, eventTime=3760336, downTime=3760336, deviceId=-1, source=0x101 }
04-13 12:15:32.337  1869  1869 W ViewRootImpl: Cancelling event due to no window focus: KeyEvent { action=ACTION_UP, keyCode=KEYCODE_F8, scanCode=0, metaState=0, flags=0x28, repeatCount=0, eventTime=3760336, downTime=3760336, deviceId=-1, source=0x101 }
04-13 12:15:32.375  1869  1869 W ViewRootImpl: Cancelling event due to no window focus: KeyEvent { action=ACTION_UP, keyCode=KEYCODE_F8, scanCode=0, metaState=0, flags=0x80000028, repeatCount=0, eventTime=3760336, downTime=3760336, deviceId=-1, source=0x101 }
04-13 12:15:32.376  1869  1869 W ViewRootImpl: Cancelling event due to no window focus: KeyEvent { action=ACTION_UP, keyCode=KEYCODE_F8, scanCode=0, metaState=0, flags=0x80000028, repeatCount=0, eventTime=3760336, downTime=3760336, deviceId=-1, source=0x101 }
04-13 12:15:32.376  1869  1869 W ViewRootImpl: Cancelling event due to no window focus: KeyEvent { action=ACTION_UP, keyCode=KEYCODE_F8, scanCode=0, metaState=0, flags=0x80000028, repeatCount=0, eventTime=3760336, downTime=3760336, deviceId=-1, source=0x101 }
04-13 12:15:33.973   709 29519 W InputMethodManagerService: Window already focused, ignoring focus gain of: com.android.internal.view.IInputMethodClient$Stub$Proxy@29c97886 attribute=null, token = android.os.BinderProxy@3a39355c
04-13 12:15:35.275   709 29519 V WindowManager: Adding window Window{3acb2174 u0 SubPanel:com.zhihu.android/com.zhihu.android.app.ui.activity.MainActivity} at 4 of 10 (after Window{19c5f065 u0 com.zhihu.android/com.zhihu.android.app.ui.activity.MainActivity})
04-13 12:15:36.240  1869  1869 W ViewRootImpl: Dropping event due to no window focus: KeyEvent { action=ACTION_DOWN, keyCode=KEYCODE_MENU, scanCode=0, metaState=0, flags=0x8, repeatCount=0, eventTime=3765242, downTime=3765242, deviceId=-1, source=0x101 }
04-13 12:15:36.241  1869  1869 W ViewRootImpl: Cancelling event due to no window focus: KeyEvent { action=ACTION_UP, keyCode=KEYCODE_MENU, scanCode=0, metaState=0, flags=0x28, repeatCount=0, eventTime=3765244, downTime=3765244, deviceId=-1, source=0x101 }
04-13 12:15:36.241  1869  1869 W ViewRootImpl: Cancelling event due to no window focus: KeyEvent { action=ACTION_UP, keyCode=KEYCODE_MENU, scanCode=0, metaState=0, flags=0x28, repeatCount=0, eventTime=3765244, downTime=3765244, deviceId=-1, source=0x101 }
04-13 12:15:36.242  1869  1869 W ViewRootImpl: Cancelling event due to no window focus: KeyEvent { action=ACTION_UP, keyCode=KEYCODE_MENU, scanCode=0, metaState=0, flags=0x28, repeatCount=0, eventTime=3765244, downTime=3765244, deviceId=-1, source=0x101 }
04-13 12:15:36.242  1869  1869 W ViewRootImpl: Cancelling event due to no window focus: KeyEvent { action=ACTION_UP, keyCode=KEYCODE_MENU, scanCode=0, metaState=0, flags=0x28, repeatCount=0, eventTime=3765244, downTime=3765244, deviceId=-1, source=0x101 }
04-13 12:15:36.243  1869  1869 W ViewRootImpl: Cancelling event due to no window focus: KeyEvent { action=ACTION_UP, keyCode=KEYCODE_MENU, scanCode=0, metaState=0, flags=0x28, repeatCount=0, eventTime=3765244, downTime=3765244, deviceId=-1, source=0x101 }
04-13 12:15:36.244  1869  1869 W ViewRootImpl: Cancelling event due to no window focus: KeyEvent { action=ACTION_UP, keyCode=KEYCODE_MENU, scanCode=0, metaState=0, flags=0x28, repeatCount=0, eventTime=3765244, downTime=3765244, deviceId=-1, source=0x101 }
04-13 12:15:36.874   709 29519 W InputMethodManagerService: Window already focused, ignoring focus gain of: com.android.internal.view.IInputMethodClient$Stub$Proxy@66c69d attribute=null, token = android.os.BinderProxy@3a39355c
04-13 12:15:38.303   709 29519 V WindowManager: Adding window Window{3ad7fee3 u0 SubPanel:com.zhihu.android/com.zhihu.android.app.ui.activity.MainActivity} at 4 of 10 (after Window{19c5f065 u0 com.zhihu.android/com.zhihu.android.app.ui.activity.MainActivity})
04-13 12:15:39.289   709   794 I ActivityManager: START u0 {act=android.intent.action.MAIN cat=[android.intent.category.LAUNCHER] flg=0x10000000 cmp=com.android.music/.MusicBrowserActivity sel=act=android.intent.action.MAIN cat=[android.intent.category.APP_MUSIC]}} from uid 1000 on display 0
04-13 12:15:39.456   709   815 D ConnectivityService: updateNetworkScore for NetworkAgentInfo [WIFI () - 100] to 56
04-13 12:15:39.456   709   815 D ConnectivityService: rematching NetworkAgentInfo [WIFI () - 100]
04-13 12:15:39.457   709   815 D ConnectivityService: Network NetworkAgentInfo [WIFI () - 100] was already satisfying request 1. No change.
04-13 12:15:39.457   709   815 D ConnectivityService: notifyType AVAILABLE for NetworkAgentInfo [WIFI () - 100]
04-13 12:15:43.464   709  1274 W InputMethodManagerService: Window already focused, ignoring focus gain of: com.android.internal.view.IInputMethodClient$Stub$Proxy@2432e0e0 attribute=null, token = android.os.BinderProxy@3a39355c
04-13 12:15:48.917   709   815 D ConnectivityService: updateNetworkScore for NetworkAgentInfo [WIFI () - 100] to 55
04-13 12:15:48.918   709   815 D ConnectivityService: rematching NetworkAgentInfo [WIFI () - 100]
04-13 12:15:48.918   709   815 D ConnectivityService: Network NetworkAgentInfo [WIFI () - 100] was already satisfying request 1. No change.
04-13 12:15:48.918   709   815 D ConnectivityService: notifyType AVAILABLE for NetworkAgentInfo [WIFI () - 100]
04-13 12:15:52.328   709   815 D ConnectivityService: updateNetworkScore for NetworkAgentInfo [WIFI () - 100] to 56
04-13 12:15:52.328   709   815 D ConnectivityService: rematching NetworkAgentInfo [WIFI () - 100]
04-13 12:15:52.328   709   815 D ConnectivityService: Network NetworkAgentInfo [WIFI () - 100] was already satisfying request 1. No change.
04-13 12:15:52.329   709   815 D ConnectivityService: notifyType AVAILABLE for NetworkAgentInfo [WIFI () - 100]
04-13 12:15:54.142   709 10377 I ActivityManager: START u0 {act=android.intent.action.MAIN cat=[android.intent.category.LAUNCHER] flg=0x10200000 cmp=com.zhihu.android/.app.ui.activity.MainActivity} from uid 0 on display 0
04-13 12:15:55.738   709   815 D ConnectivityService: updateNetworkScore for NetworkAgentInfo [WIFI () - 100] to 55
04-13 12:15:55.738   709   815 D ConnectivityService: rematching NetworkAgentInfo [WIFI () - 100]
04-13 12:15:55.739   709   815 D ConnectivityService: Network NetworkAgentInfo [WIFI () - 100] was already satisfying request 1. No change.
04-13 12:15:55.739   709   815 D ConnectivityService: notifyType AVAILABLE for NetworkAgentInfo [WIFI () - 100]
04-13 12:15:56.293   709  1274 I ActivityManager: START u0 {act=android.intent.action.MAIN cat=[android.intent.category.LAUNCHER] flg=0x10200000 cmp=com.zhihu.android/.app.ui.activity.MainActivity} from uid 0 on display 0
04-13 12:16:02.183   709   815 D ConnectivityService: updateNetworkScore for NetworkAgentInfo [WIFI () - 100] to 56
04-13 12:16:02.183   709   815 D ConnectivityService: rematching NetworkAgentInfo [WIFI () - 100]
04-13 12:16:02.184   709   815 D ConnectivityService: Network NetworkAgentInfo [WIFI () - 100] was already satisfying request 1. No change.
04-13 12:16:02.184   709   815 D ConnectivityService: notifyType AVAILABLE for NetworkAgentInfo [WIFI () - 100]
04-13 12:16:05.293   709   815 D ConnectivityService: updateNetworkScore for NetworkAgentInfo [WIFI () - 100] to 55
04-13 12:16:05.293   709   815 D ConnectivityService: rematching NetworkAgentInfo [WIFI () - 100]
04-13 12:16:05.293   709   815 D ConnectivityService: Network NetworkAgentInfo [WIFI () - 100] was already satisfying request 1. No change.
04-13 12:16:05.294   709   815 D ConnectivityService: notifyType AVAILABLE for NetworkAgentInfo [WIFI () - 100]
04-13 12:16:12.391   709   794 I WindowManager: Input event dispatching timed out sending to com.zhihu.android/com.zhihu.android.app.ui.activity.MainActivity.  Reason: Waiting to send key event because the focused window has not finished processing all of the input events that were previously delivered to it.  Outbound queue length: 0.  Wait queue length: 1.
04-13 12:16:12.580   709  1274 W InputManager: Input event injection from pid 2745 timed out.
04-13 12:16:13.109   709   726 I ActivityManager: START u0 {act=android.intent.action.SEND typ=text/plain flg=0x80001 cmp=com.android.mms/.ui.ComposeMessageActivity (has clip) (has extras)} from uid 10054 on display 0
04-13 12:16:13.683   709   774 I ActivityManager: Skipping duplicate ANR: ProcessRecord{29f9a7e2 1869:com.zhihu.android/u0a54} Input dispatching timed out (Waiting to send key event because the focused window has not finished processing all of the input events that were previously delivered to it.  Outbound queue length: 0.  Wait queue length: 1.)
04-13 12:16:15.802   709  1229 V WindowManager: Adding window Window{9e92c55 u0 SubPanel:com.zhihu.android/com.zhihu.android.app.ui.activity.MainActivity} at 4 of 10 (after Window{19c5f065 u0 com.zhihu.android/com.zhihu.android.app.ui.activity.MainActivity})
04-13 12:16:16.976  1869  1869 W ViewRootImpl: Cancelling event due to no window focus: KeyEvent { action=ACTION_UP, keyCode=KEYCODE_RO, scanCode=0, metaState=0, flags=0x80000028, repeatCount=0, eventTime=3804818, downTime=3804818, deviceId=-1, source=0x101 }
04-13 12:16:16.976  1869  1869 W ViewRootImpl: Cancelling event due to no window focus: KeyEvent { action=ACTION_UP, keyCode=KEYCODE_RO, scanCode=0, metaState=0, flags=0x80000028, repeatCount=0, eventTime=3804818, downTime=3804818, deviceId=-1, source=0x101 }
04-13 12:16:16.977  1869  1869 W ViewRootImpl: Cancelling event due to no window focus: KeyEvent { action=ACTION_UP, keyCode=KEYCODE_RO, scanCode=0, metaState=0, flags=0x80000028, repeatCount=0, eventTime=3804818, downTime=3804818, deviceId=-1, source=0x101 }
04-13 12:16:16.977  1869  1869 W ViewRootImpl: Cancelling event due to no window focus: KeyEvent { action=ACTION_UP, keyCode=KEYCODE_RO, scanCode=0, metaState=0, flags=0x80000028, repeatCount=0, eventTime=3804818, downTime=3804818, deviceId=-1, source=0x101 }
04-13 12:16:16.978  1869  1869 W ViewRootImpl: Cancelling event due to no window focus: KeyEvent { action=ACTION_UP, keyCode=KEYCODE_RO, scanCode=0, metaState=0, flags=0x80000028, repeatCount=0, eventTime=3804818, downTime=3804818, deviceId=-1, source=0x101 }
04-13 12:16:16.982  1869  1869 W ViewRootImpl: Cancelling event due to no window focus: KeyEvent { action=ACTION_UP, keyCode=KEYCODE_RO, scanCode=0, metaState=0, flags=0x80000028, repeatCount=0, eventTime=3804818, downTime=3804818, deviceId=-1, source=0x101 }
04-13 12:16:16.983  1869  1869 W ViewRootImpl: Cancelling event due to no window focus: KeyEvent { action=ACTION_UP, keyCode=KEYCODE_RO, scanCode=0, metaState=0, flags=0x80000028, repeatCount=0, eventTime=3804818, downTime=3804818, deviceId=-1, source=0x101 }
04-13 12:16:16.985  1869  1869 W ViewRootImpl: Cancelling event due to no window focus: KeyEvent { action=ACTION_UP, keyCode=KEYCODE_RO, scanCode=0, metaState=0, flags=0x80000028, repeatCount=0, eventTime=3804818, downTime=3804818, deviceId=-1, source=0x101 }
04-13 12:16:16.986  1869  1869 W ViewRootImpl: Cancelling event due to no window focus: KeyEvent { action=ACTION_UP, keyCode=KEYCODE_RO, scanCode=0, metaState=0, flags=0x80000028, repeatCount=0, eventTime=3804818, downTime=3804818, deviceId=-1, source=0x101 }
04-13 12:16:16.987  1869  1869 W ViewRootImpl: Dropping event due to no window focus: KeyEvent { action=ACTION_DOWN, keyCode=KEYCODE_DPAD_RIGHT, scanCode=0, metaState=0, flags=0x8, repeatCount=0, eventTime=3806010, downTime=3806010, deviceId=-1, source=0x101 }
04-13 12:16:16.995  1869  1869 W ViewRootImpl: Cancelling event due to no window focus: KeyEvent { action=ACTION_UP, keyCode=KEYCODE_DPAD_RIGHT, scanCode=0, metaState=0, flags=0x28, repeatCount=0, eventTime=3806188, downTime=3806188, deviceId=-1, source=0x101 }
04-13 12:16:16.995  1869  1869 W ViewRootImpl: Cancelling event due to no window focus: KeyEvent { action=ACTION_UP, keyCode=KEYCODE_DPAD_RIGHT, scanCode=0, metaState=0, flags=0x28, repeatCount=0, eventTime=3806188, downTime=3806188, deviceId=-1, source=0x101 }
04-13 12:16:16.996  1869  1869 W ViewRootImpl: Cancelling event due to no window focus: KeyEvent { action=ACTION_UP, keyCode=KEYCODE_DPAD_RIGHT, scanCode=0, metaState=0, flags=0x28, repeatCount=0, eventTime=3806188, downTime=3806188, deviceId=-1, source=0x101 }
04-13 12:16:16.996  1869  1869 W ViewRootImpl: Cancelling event due to no window focus: KeyEvent { action=ACTION_UP, keyCode=KEYCODE_DPAD_RIGHT, scanCode=0, metaState=0, flags=0x28, repeatCount=0, eventTime=3806188, downTime=3806188, deviceId=-1, source=0x101 }
04-13 12:16:16.997  1869  1869 W ViewRootImpl: Cancelling event due to no window focus: KeyEvent { action=ACTION_UP, keyCode=KEYCODE_DPAD_RIGHT, scanCode=0, metaState=0, flags=0x28, repeatCount=0, eventTime=3806188, downTime=3806188, deviceId=-1, source=0x101 }
04-13 12:16:16.997  1869  1869 W ViewRootImpl: Cancelling event due to no window focus: KeyEvent { action=ACTION_UP, keyCode=KEYCODE_DPAD_RIGHT, scanCode=0, metaState=0, flags=0x28, repeatCount=0, eventTime=3806188, downTime=3806188, deviceId=-1, source=0x101 }
04-13 12:16:17.008  1869  1869 W ViewRootImpl: Cancelling event due to no window focus: KeyEvent { action=ACTION_UP, keyCode=KEYCODE_DPAD_RIGHT, scanCode=0, metaState=0, flags=0x80000028, repeatCount=0, eventTime=3806188, downTime=3806188, deviceId=-1, source=0x101 }
04-13 12:16:17.015  1869  1869 W ViewRootImpl: Cancelling event due to no window focus: KeyEvent { action=ACTION_UP, keyCode=KEYCODE_DPAD_RIGHT, scanCode=0, metaState=0, flags=0x80000028, repeatCount=0, eventTime=3806188, downTime=3806188, deviceId=-1, source=0x101 }
