04-13 12:57:26.121   709  1220 I notification_visibility_changed: [-1|android|17040644|null|1000;-1|android|17040636|null|1000,]
04-13 12:57:27.328   709   804 I notification_visibility_changed: [,-1|android|17040644|null|1000;-1|android|17040636|null|1000]
04-13 12:57:27.336   709   726 I notification_panel_hidden: []
04-13 12:57:44.943   709   726 I am_home_stack_moved: [0,0,1,1,intentActivityFound]
04-13 12:57:44.943   709   726 I wm_task_moved: [9,1,0]
04-13 12:57:44.950   709   726 I am_new_intent: [0,475911583,9,com.zhihu.android/.app.ui.activity.MainActivity,android.intent.action.MAIN,NULL,NULL,270532608]
04-13 12:58:01.646   182   182 I sf_frame_dur: [PopupWindow:16c222f3,0,0,1,0,2,1,0]
04-13 12:58:04.597   709   804 I am_home_stack_moved: [0,0,1,1,intentActivityFound]
04-13 12:58:04.597   709   804 I wm_task_moved: [9,1,0]
04-13 12:58:04.605   709   804 I am_new_intent: [0,854968797,9,com.zhihu.android/.app.ui.activity.MainActivity,android.intent.action.MAIN,NULL,NULL,270532608]
04-13 12:58:08.210   182   182 I sf_frame_dur: [Select input method,0,1,0,0,2,1,0]
04-13 12:58:22.523   709   810 I netstats_mobile_sample: [0,0,0,0,0,0,0,0,0,0,0,0,1492059502524]
04-13 12:58:22.526   709   810 I netstats_wifi_sample: [18510637,27518,3220055,18849,18496023,27502,2987493,18833,18496023,27502,2987493,18833,1492059502524]
04-13 12:58:27.144   182   182 I sf_frame_dur: [InputMethod,0,0,2,0,1,3,14]
04-13 12:58:30.371   709   709 I notification_cancel: [10054,12155,com.zhihu.android,0,NULL,0,0,64,8,NULL]
04-13 12:58:51.964   709   709 I notification_cancel: [10054,12155,com.zhihu.android,0,NULL,0,0,64,8,NULL]
04-13 12:59:18.538   709 16191 I am_home_stack_moved: [0,0,1,1,intentActivityFound]
04-13 12:59:18.538   709 16191 I wm_task_moved: [9,1,0]
04-13 12:59:18.544   709 16191 I am_new_intent: [0,24895658,9,com.zhihu.android/.app.ui.activity.MainActivity,android.intent.action.MAIN,NULL,NULL,270532608]
04-13 12:59:34.648   709  1274 I battery_level: [89,4151,413]
04-13 12:59:34.669   709   709 I notification_cancel: [10013,852,com.android.systemui,100,low_battery,-1,0,64,8,NULL]
04-13 13:00:13.573   182   182 I sf_frame_dur: [com.zhihu.android/com.zhihu.android.app.ui.activity.MainActivity,0,0,0,0,0,3,5]
04-13 13:00:16.669   182   182 I sf_frame_dur: [com.zhihu.android/com.zhihu.android.app.ui.activity.MainActivity,3,10,3,6,3,0,1]
04-13 13:00:22.116   709  9904 I am_home_stack_moved: [0,0,1,1,intentActivityFound]
04-13 13:00:22.116   709  9904 I wm_task_moved: [9,1,0]
04-13 13:00:22.123   709  9904 I am_new_intent: [0,176257725,9,com.zhihu.android/.app.ui.activity.MainActivity,android.intent.action.MAIN,NULL,NULL,270532608]
04-13 13:00:34.946   852   852 I sysui_panelholder_touch: [0,73,10]
04-13 13:00:35.070   709  1191 I notification_panel_revealed: []
04-13 13:00:35.175   709 29519 I notification_visibility_changed: [-1|android|17040644|null|1000;-1|android|17040636|null|1000,]
04-13 13:00:36.466   709  1191 I notification_clicked: -1|android|17040644|null|1000
04-13 13:00:36.467   709   709 I notification_cancel: [10013,852,android,17040644,NULL,-1,16,64,1,NULL]
04-13 13:00:36.476   709  5468 I notification_visibility_changed: [,-1|android|17040644|null|1000;-1|android|17040636|null|1000]
04-13 13:00:36.479   709 29519 I notification_panel_hidden: []
04-13 13:00:37.141   709  9904 I am_home_stack_moved: [0,0,1,1,intentActivityFound]
04-13 13:00:37.141   709  9904 I wm_task_moved: [9,1,0]
04-13 13:00:37.149   709  9904 I am_new_intent: [0,744955907,9,com.zhihu.android/.app.ui.activity.MainActivity,android.intent.action.MAIN,NULL,NULL,270532608]
04-13 13:01:00.196   709  1003 I am_home_stack_moved: [0,0,1,1,intentActivityFound]
04-13 13:01:00.196   709  1003 I wm_task_moved: [9,1,0]
04-13 13:01:00.250   709  1003 I am_new_intent: [0,458229177,9,com.zhihu.android/.app.ui.activity.MainActivity,android.intent.action.MAIN,NULL,NULL,270532608]
04-13 13:01:14.696   709  5468 I am_home_stack_moved: [0,0,1,1,intentActivityFound]
04-13 13:01:14.696   709  5468 I wm_task_moved: [9,1,0]
04-13 13:01:14.704   709  5468 I am_new_intent: [0,686226942,9,com.zhihu.android/.app.ui.activity.MainActivity,android.intent.action.MAIN,NULL,NULL,270532608]
04-13 13:01:35.809   182   182 I sf_frame_dur: [VolumePanel,0,0,0,0,1,0,0]
04-13 13:03:02.047   182   182 I sf_frame_dur: [InputMethod,2,0,0,2,1,0,4]
04-13 13:03:35.855   852   852 I sysui_panelholder_touch: [0,1036,58]
04-13 13:03:36.162   709  1191 I notification_panel_revealed: []
04-13 13:03:36.221   709   725 I notification_visibility_changed: [-1|android|17040644|null|1000;-1|android|17040636|null|1000,]
04-13 13:03:37.562   709  1274 I notification_visibility_changed: [,-1|android|17040644|null|1000;-1|android|17040636|null|1000]
04-13 13:03:37.565   709 10377 I notification_panel_hidden: []
04-13 13:03:39.925   709   709 I notification_cancel: [10054,12155,com.zhihu.android,1,NULL,0,0,64,8,NULL]
04-13 13:03:47.031   709   774 I am_anr  : [0,1061,com.android.inputmethod.latin,13155909,Input dispatching timed out (Waiting to send non-key event because the touched window has not finished processing certain input events that were delivered to it over 500.0ms ago.  Wait queue length: 7.  Wait queue head age: 7787.0ms.)]
04-13 13:04:24.446   182   182 I sf_frame_dur: [InputMethod,3,0,0,1,1,0,5]
04-13 13:04:28.077   709   726 I am_home_stack_moved: [0,0,1,1,intentActivityFound]
04-13 13:04:28.077   709   726 I wm_task_moved: [9,1,0]
04-13 13:04:28.090   709   726 I am_new_intent: [0,380303840,9,com.zhihu.android/.app.ui.activity.MainActivity,android.intent.action.MAIN,NULL,NULL,270532608]
04-13 13:04:32.723   709   709 I notification_cancel: [10054,12155,com.zhihu.android,1,NULL,0,0,64,8,NULL]
04-13 13:04:41.366   852   852 I sysui_panelholder_touch: [0,774,4]
04-13 13:04:41.515   709  1229 I notification_panel_revealed: []
04-13 13:04:41.569   709  5468 I notification_visibility_changed: [-1|android|17040644|null|1000;-1|android|17040636|null|1000,]
04-13 13:04:42.799   709  1229 I notification_visibility_changed: [,-1|android|17040644|null|1000;-1|android|17040636|null|1000]
04-13 13:04:42.805   709   803 I notification_panel_hidden: []
04-13 13:04:51.045   709   709 I notification_cancel: [10054,12155,com.zhihu.android,1,NULL,0,0,64,8,NULL]
04-13 13:04:55.393   709   726 I am_crash: [12155,0,com.zhihu.android,14171716,java.util.concurrent.RejectedExecutionException,Task java.util.concurrent.FutureTask@ced35fd rejected from io.realm.internal.async.e@38ae4e11[Running, pool size = 9, active threads = 9, queued tasks = 100, completed tasks = 196],ThreadPoolExecutor.java,2011]
04-13 13:04:55.398   709   726 I am_kill : [0,12155,com.zhihu.android,0,crash]
04-13 13:04:55.569   182   182 I sf_frame_dur: [com.zhihu.android/com.zhihu.android.app.ui.activity.MainActivity,821,493,484,323,173,133,105]
04-13 13:04:55.616   709  5468 I am_proc_died: [0,12155,com.zhihu.android]
04-13 13:04:55.617   709  5468 I am_schedule_service_restart: [0,com.zhihu.android/.app.live.player.ZhihuPlayerService,1000]
04-13 13:04:55.617   709  5468 I am_schedule_service_restart: [0,com.zhihu.android/.app.push.NotificationWebSocketService,11000]
04-13 13:04:55.617   709  5468 I am_schedule_service_restart: [0,com.zhihu.android/.data.analytics.ZAPeriodicExecuteService,21000]
04-13 13:04:55.618   709  5468 I am_schedule_service_restart: [0,com.zhihu.android/com.avos.avoscloud.PushService,20999]
04-13 13:04:55.649   709  5468 I am_finish_activity: [0,842821022,9,com.zhihu.android/.app.ui.activity.MainActivity,proc died without state saved]
04-13 13:04:55.649   709  5468 I wm_task_removed: [9,removeAppToken: last token]
04-13 13:04:55.655   709  5468 I am_home_stack_moved: [0,1,0,0,appDied]
04-13 13:04:55.655   709  5468 I wm_task_moved: [1,1,1]
04-13 13:04:55.667   709  5468 I wm_task_removed: [9,removeTask]
04-13 13:04:55.667   709  5468 I am_home_stack_moved: [0,1,0,0,appDied leftTaskHistoryEmpty]
04-13 13:04:55.678   709  5468 I am_resume_activity: [0,771926686,1,com.android.launcher3/.Launcher]
04-13 13:04:55.705  1214  1214 I am_on_resume_called: [0,com.android.launcher3.Launcher]
04-13 13:04:56.727   709   774 I am_proc_start: [0,19831,10054,com.zhihu.android,service,com.zhihu.android/.app.live.player.ZhihuPlayerService]
04-13 13:04:56.791   709  1191 I am_proc_bound: [0,19831,com.zhihu.android]
04-13 13:06:36.134   852   852 I sysui_panelholder_touch: [0,876,6]
04-13 13:06:36.172   709  1191 I notification_panel_revealed: []
04-13 13:06:36.186   709 23473 I notification_visibility_changed: [-1|android|17040644|null|1000;-1|android|17040636|null|1000,]
04-13 13:06:36.772   709  5468 I notification_visibility_changed: [,-1|android|17040644|null|1000;-1|android|17040636|null|1000]
04-13 13:06:36.776   709  1220 I notification_panel_hidden: []
04-13 13:06:44.763   182   182 I sf_frame_dur: [VolumePanel,0,0,0,0,0,1,0]
04-13 13:06:59.071   852   852 I sysui_panelholder_touch: [0,960,39]
04-13 13:06:59.105   709   803 I notification_panel_revealed: []
04-13 13:06:59.117   709   726 I notification_visibility_changed: [-1|android|17040644|null|1000;-1|android|17040636|null|1000,]
04-13 13:06:59.131   709 23473 I notification_visibility_changed: [,-1|android|17040644|null|1000;-1|android|17040636|null|1000]
04-13 13:06:59.131   709  5468 I notification_panel_hidden: []
04-13 13:07:18.541   709  9904 I am_home_stack_moved: [0,0,1,1,startingNewTask]
04-13 13:07:18.541   709  9904 I am_create_task: [0,10]
04-13 13:07:18.542   709  9904 I am_create_activity: [0,39432225,10,com.zhihu.android/.app.ui.activity.MainActivity,android.intent.action.MAIN,NULL,NULL,270532608]
04-13 13:07:18.544   709  9904 I wm_task_created: [10,1]
04-13 13:07:18.544   709  9904 I wm_task_moved: [10,1,0]
04-13 13:07:18.544   709  9904 I am_pause_activity: [0,771926686,com.android.launcher3/.Launcher]
04-13 13:07:18.550  1214  1214 I am_on_paused_called: [0,com.android.launcher3.Launcher]
04-13 13:07:18.556   709  9904 I am_home_stack_moved: [0,0,1,1,startedActivity setFocusedActivity]
04-13 13:07:18.559   709  9904 I am_focused_activity: [0,com.zhihu.android/.app.ui.activity.MainActivity]
04-13 13:07:18.571   709 10377 I am_restart_activity: [0,39432225,10,com.zhihu.android/.app.ui.activity.MainActivity]
04-13 13:07:19.148   182   182 I sf_frame_dur: [com.android.launcher3/com.android.launcher3.Launcher,2192,42,20,14,22,78,17]
04-13 13:07:19.361 19831 19831 I am_on_resume_called: [0,com.zhihu.android.app.ui.activity.MainActivity]
04-13 13:07:19.902   709   779 I am_activity_launch_time: [0,39432225,com.zhihu.android/.app.ui.activity.MainActivity,1339,1339]
04-13 13:08:02.888   709  1003 I battery_level: [88,4123,409]
04-13 13:08:02.900   709   709 I notification_cancel: [10013,852,com.android.systemui,100,low_battery,-1,0,64,8,NULL]
04-13 13:08:54.213   709   709 I notification_cancel: [10054,19831,com.zhihu.android,0,NULL,0,0,64,8,NULL]
04-13 13:09:12.808   709   815 I netstats_mobile_sample: [0,0,0,0,0,0,0,0,0,0,0,0,1492060152809]
04-13 13:09:12.811   709   815 I netstats_wifi_sample: [19433407,29383,3511641,20285,19417475,29366,3258043,20268,19417475,29366,3258043,20268,1492060152809]
04-13 13:09:14.566   709   815 I netstats_mobile_sample: [0,0,0,0,0,0,0,0,0,0,0,0,1492060154531]
04-13 13:09:14.567   709   815 I netstats_wifi_sample: [19433407,29384,3511735,20286,19417475,29366,3258119,20269,19417475,29366,3258119,20269,1492060154531]
04-13 13:09:41.578   709   815 I netstats_mobile_sample: [0,0,0,0,0,0,0,0,0,0,0,0,1492060181579]
04-13 13:09:41.581   709   815 I netstats_wifi_sample: [19433407,29384,3511735,20286,19417475,29366,3258119,20269,19417475,29366,3258119,20269,1492060181579]
04-13 13:09:41.667   709   815 I netstats_mobile_sample: [0,0,0,0,0,0,0,0,0,0,0,0,1492060181667]
04-13 13:09:41.667   709   815 I netstats_wifi_sample: [19433407,29384,3511735,20286,19417475,29366,3258119,20269,19417475,29366,3258119,20269,1492060181667]
04-13 13:09:42.038   709   709 I notification_cancel: [1000,709,android,101,CaptivePortal.Notification,0,0,0,8,NULL]
04-13 13:09:42.408   709   774 I am_anr  : [0,19831,com.zhihu.android,14171716,Input dispatching timed out (Waiting to send key event because the focused window has not finished processing all of the input events that were previously delivered to it.  Outbound queue length: 0.  Wait queue length: 1.)]
04-13 13:09:53.492   709  1243 I notification_cancel_all: [10005,869,com.android.providers.downloads,0,0,64,9,NULL]
04-13 13:10:22.210   709   781 I power_sleep_requested: 0
04-13 13:10:22.211   709   709 I power_screen_state: [0,3,0,0]
04-13 13:10:22.211   709   709 I screen_toggled: 0
04-13 13:10:22.218   709   709 I power_screen_broadcast_send: 1
04-13 13:10:23.884   709   709 I am_pause_activity: [0,39432225,com.zhihu.android/.app.ui.activity.MainActivity]
04-13 13:10:24.856 19831 19831 I am_on_paused_called: [0,com.zhihu.android.app.ui.activity.MainActivity]
04-13 13:10:25.990   709   774 I am_focused_activity: [0,com.zhihu.android/.app.ui.activity.MainActivity]
04-13 13:10:25.995   709  1243 I am_failed_to_pause: [0,39432225,com.zhihu.android/.app.ui.activity.MainActivity,(none)]
04-13 13:10:27.581   709   725 I notification_expansion: [-1|android|17040644|null|1000,0,0]
04-13 13:10:28.061   852   852 I sysui_status_bar_state: [1,1,0,0,0,1]
04-13 13:10:28.926   182   182 I sf_frame_dur: [NavigationBar,0,1,1,0,0,0,9]
04-13 13:10:32.396   709   774 I am_broadcast_discard_filter: [0,529965751,android.intent.action.SCREEN_OFF,11,971422415]
04-13 13:10:32.418   852   852 I sysui_heads_up_status: [,0]
04-13 13:10:32.593   709   709 I power_screen_broadcast_done: [0,10375,1]
04-13 13:10:41.567   709  1274 I notification_clicked: -1|android|17040644|null|1000
04-13 13:10:41.568   709   709 I notification_cancel: [10013,852,android,17040644,NULL,-1,16,64,1,NULL]
04-13 13:10:44.539   852   852 I screen_toggled: 2
04-13 13:10:44.701   709   803 I notification_expansion: [-1|android|17040644|null|1000,0,1]
04-13 13:10:45.069   852   852 I sysui_status_bar_state: [0,0,0,0,0,1]
04-13 13:10:52.940   709   709 I am_resume_activity: [0,39432225,10,com.zhihu.android/.app.ui.activity.MainActivity]
04-13 13:10:53.071   709   709 I power_screen_state: [1,0,0,0]
04-13 13:10:53.071   709   709 I screen_toggled: 1
04-13 13:10:53.160   709   709 I power_screen_broadcast_send: 1
04-13 13:10:53.309 19831 19831 I am_on_resume_called: [0,com.zhihu.android.app.ui.activity.MainActivity]
04-13 13:10:53.890   182   182 I sf_frame_dur: [ColorFade,22,7,1,0,0,0,0]
04-13 13:11:03.297   709   774 I am_broadcast_discard_filter: [0,476623699,android.intent.action.SCREEN_ON,10,971422415]
04-13 13:11:03.323   709   709 I power_screen_broadcast_done: [1,10163,1]
04-13 13:11:16.949   852   852 I sysui_panelholder_touch: [0,892,2]
04-13 13:11:17.150   709   804 I notification_panel_revealed: []
04-13 13:11:17.330   709  1229 I notification_visibility_changed: [-1|android|17040644|null|1000;-1|android|17040636|null|1000,]
04-13 13:11:26.090   709   803 I notification_visibility_changed: [,-1|android|17040644|null|1000;-1|android|17040636|null|1000]
04-13 13:11:26.093   709  9904 I notification_panel_hidden: []
04-13 13:11:43.002   709   709 I notification_cancel: [10054,19831,com.zhihu.android,0,NULL,0,0,64,8,NULL]
04-13 13:12:12.673   182   182 I sf_frame_dur: [VolumePanel,0,0,1,0,0,0,0]
04-13 13:12:23.598   709   709 I notification_cancel: [10054,19831,com.zhihu.android,1,NULL,0,0,64,8,NULL]
04-13 13:12:23.608   709   726 I am_home_stack_moved: [0,0,1,1,intentActivityFound]
04-13 13:12:23.608   709   726 I wm_task_moved: [10,1,0]
04-13 13:12:23.639   709   726 I am_new_intent: [0,537644186,10,com.zhihu.android/.app.ui.activity.MainActivity,android.intent.action.MAIN,NULL,NULL,270532608]
04-13 13:12:26.533   709   709 I notification_cancel: [10054,19831,com.zhihu.android,1,NULL,0,0,64,8,NULL]
04-13 13:12:47.121   852   852 I sysui_panelholder_touch: [0,948,63]
04-13 13:12:47.250   709  1229 I notification_panel_revealed: []
04-13 13:12:47.290   709  9904 I notification_visibility_changed: [-1|android|17040644|null|1000;-1|android|17040636|null|1000,]
04-13 13:12:48.834   709   804 I notification_visibility_changed: [,-1|android|17040644|null|1000;-1|android|17040636|null|1000]
04-13 13:12:48.838   709   726 I notification_panel_hidden: []
04-13 13:13:09.118   709   709 I notification_cancel: [10054,19831,com.zhihu.android,0,NULL,0,0,64,8,NULL]
04-13 13:13:10.031   852   852 I sysui_panelholder_touch: [0,342,21]
04-13 13:13:14.370   709  9904 I notification_panel_revealed: []
04-13 13:13:14.399   709  1274 I notification_visibility_changed: [-1|android|17040644|null|1000;-1|android|17040636|null|1000,]
04-13 13:13:14.454   709  9904 I notification_visibility_changed: [,-1|android|17040644|null|1000;-1|android|17040636|null|1000]
04-13 13:13:14.461   709  1274 I notification_panel_hidden: []
04-13 13:13:14.680   709 10377 I notification_panel_revealed: []
04-13 13:13:15.084   709  9904 I notification_visibility_changed: [-1|android|17040644|null|1000;-1|android|17040636|null|1000,]
04-13 13:13:21.911   709  9904 I notification_visibility_changed: [,-1|android|17040644|null|1000;-1|android|17040636|null|1000]
04-13 13:13:21.931   709  1229 I notification_panel_hidden: []
04-13 13:14:12.411   709   709 I notification_cancel: [10054,19831,com.zhihu.android,0,NULL,0,0,64,8,NULL]
04-13 13:14:13.312   709   726 I am_home_stack_moved: [0,0,1,1,intentActivityFound]
04-13 13:14:13.312   709   726 I wm_task_moved: [10,1,0]
04-13 13:14:13.319   709   726 I am_new_intent: [0,846820436,10,com.zhihu.android/.app.ui.activity.MainActivity,android.intent.action.MAIN,NULL,NULL,270532608]
04-13 13:14:13.655   709   709 I notification_cancel: [10054,19831,com.zhihu.android,0,NULL,0,0,64,8,NULL]
04-13 13:14:35.183   709 10377 I am_home_stack_moved: [0,0,1,1,intentActivityFound]
04-13 13:14:35.183   709 10377 I wm_task_moved: [10,1,0]
04-13 13:14:35.190   709 10377 I am_new_intent: [0,483349746,10,com.zhihu.android/.app.ui.activity.MainActivity,android.intent.action.MAIN,NULL,NULL,270532608]
04-13 13:14:54.595   709   709 I notification_cancel: [10054,19831,com.zhihu.android,0,NULL,0,0,64,8,NULL]
04-13 13:15:22.312   709   709 I notification_cancel: [10054,19831,com.zhihu.android,0,NULL,0,0,64,8,NULL]
04-13 13:15:28.069   709 29519 I am_home_stack_moved: [0,0,1,1,intentActivityFound]
04-13 13:15:28.069   709 29519 I wm_task_moved: [10,1,0]
04-13 13:15:28.101   709 29519 I am_new_intent: [0,357898051,10,com.zhihu.android/.app.ui.activity.MainActivity,android.intent.action.MAIN,NULL,NULL,270532608]
04-13 13:15:58.217   182   182 I sf_frame_dur: [SubPanel:com.zhihu.android/com.zhihu.android.app.ui.activity.MainActivity,1,4,2,1,1,1,0]
04-13 13:16:06.651   709  9904 I am_finish_activity: [0,39432225,10,com.zhihu.android/.app.ui.activity.MainActivity,app-request]
04-13 13:16:06.652   709  9904 I am_home_stack_moved: [0,1,0,0,finishActivity adjustFocus]
04-13 13:16:06.652   709  9904 I wm_task_moved: [1,1,1]
04-13 13:16:06.659   709  9904 I am_home_stack_moved: [0,1,0,0,finishActivity adjustTopFocus setFocusedActivity]
04-13 13:16:06.661   709  9904 I am_focused_activity: [0,com.android.launcher3/.Launcher]
04-13 13:16:06.687   709  9904 I am_pause_activity: [0,39432225,com.zhihu.android/.app.ui.activity.MainActivity]
04-13 13:16:06.730 19831 19831 I am_on_paused_called: [0,com.zhihu.android.app.ui.activity.MainActivity]
04-13 13:16:06.756   709   804 I am_resume_activity: [0,771926686,1,com.android.launcher3/.Launcher]
04-13 13:16:06.802  1214  1214 I am_on_resume_called: [0,com.android.launcher3.Launcher]
04-13 13:16:07.668   709   774 I am_destroy_activity: [0,39432225,10,com.zhihu.android/.app.ui.activity.MainActivity,finish-imm]
04-13 13:16:07.862   182   182 I sf_frame_dur: [com.zhihu.android/com.zhihu.android.app.ui.activity.MainActivity,8606,3956,537,166,66,36,48]
04-13 13:16:08.647   709  9904 I am_home_stack_moved: [0,0,1,1,startingNewTask]
04-13 13:16:08.647   709  9904 I wm_task_moved: [10,1,0]
04-13 13:16:08.655   709  9904 I am_create_task: [0,11]
04-13 13:16:08.655   709  9904 I am_create_activity: [0,176348834,11,com.zhihu.android/.app.ui.activity.MainActivity,android.intent.action.MAIN,NULL,NULL,270532608]
04-13 13:16:08.664   709  9904 I wm_task_created: [11,1]
04-13 13:16:08.664   709  9904 I wm_task_moved: [11,1,1]
04-13 13:16:08.696   709  9904 I am_pause_activity: [0,771926686,com.android.launcher3/.Launcher]
04-13 13:16:08.718   709  9904 I am_home_stack_moved: [0,0,1,1,startedActivity setFocusedActivity]
04-13 13:16:08.761   709  9904 I am_focused_activity: [0,com.zhihu.android/.app.ui.activity.MainActivity]
04-13 13:16:08.916  1214  1214 I am_on_paused_called: [0,com.android.launcher3.Launcher]
04-13 13:16:08.981   709  9904 I am_restart_activity: [0,176348834,11,com.zhihu.android/.app.ui.activity.MainActivity]
04-13 13:16:10.375   182   182 I sf_frame_dur: [com.android.launcher3/com.android.launcher3.Launcher,11,1,0,0,0,1,1]
04-13 13:16:11.106   709   725 I wm_task_removed: [10,removeAppToken: last token]
04-13 13:16:11.106   709   725 I wm_task_removed: [10,removeTask]
04-13 13:16:12.210 19831 19831 I am_on_resume_called: [0,com.zhihu.android.app.ui.activity.MainActivity]
04-13 13:16:14.013   709   779 I am_activity_launch_time: [0,176348834,com.zhihu.android/.app.ui.activity.MainActivity,5081,5081]
04-13 13:16:17.368   709   709 I free_storage_changed: 13182709760
04-13 13:16:19.015   709   709 I notification_cancel: [10054,19831,com.zhihu.android,1,NULL,0,0,64,8,NULL]
04-13 13:16:38.428   182   182 I sf_frame_dur: [com.zhihu.android/com.zhihu.android.app.ui.activity.MainActivity,2,0,1,3,0,0,1]
04-13 13:16:40.492   709   709 I notification_cancel: [10054,19831,com.zhihu.android,1,NULL,0,0,64,8,NULL]
04-13 13:16:47.113   709   709 I notification_cancel: [10054,19831,com.zhihu.android,0,NULL,0,0,64,8,NULL]
04-13 13:17:14.500   709 29519 I am_home_stack_moved: [0,0,1,1,intentActivityFound]
04-13 13:17:14.501   709 29519 I wm_task_moved: [11,1,0]
04-13 13:17:14.508   709 29519 I am_new_intent: [0,204251994,11,com.zhihu.android/.app.ui.activity.MainActivity,android.intent.action.MAIN,NULL,NULL,270532608]
04-13 13:17:15.802   709   709 I notification_cancel: [10054,19831,com.zhihu.android,0,NULL,0,0,64,8,NULL]
04-13 13:17:37.342   709 10377 I am_home_stack_moved: [0,0,1,1,intentActivityFound]
04-13 13:17:37.342   709 10377 I wm_task_moved: [11,1,0]
04-13 13:17:37.350   709 10377 I am_new_intent: [0,1063467624,11,com.zhihu.android/.app.ui.activity.MainActivity,android.intent.action.MAIN,NULL,NULL,270532608]
04-13 13:18:09.459   709   709 I notification_cancel: [10054,19831,com.zhihu.android,0,NULL,0,0,64,8,NULL]
04-13 13:18:55.562   709   709 I notification_cancel: [10054,19831,com.zhihu.android,1,NULL,0,0,64,8,NULL]
04-13 13:18:55.677   709   709 I notification_cancel: [10054,19831,com.zhihu.android,0,NULL,0,0,64,8,NULL]
04-13 13:19:20.464   709  9904 I battery_level: [87,4131,414]
04-13 13:19:20.479   709   709 I notification_cancel: [10013,852,com.android.systemui,100,low_battery,-1,0,64,8,NULL]
04-13 13:19:51.495   709   709 I notification_cancel: [10054,19831,com.zhihu.android,0,NULL,0,0,64,8,NULL]
04-13 13:19:55.056   709 10377 I am_home_stack_moved: [0,0,1,1,intentActivityFound]
04-13 13:19:55.056   709 10377 I wm_task_moved: [11,1,0]
04-13 13:19:55.064   709 10377 I am_new_intent: [0,176266022,11,com.zhihu.android/.app.ui.activity.MainActivity,android.intent.action.MAIN,NULL,NULL,270532608]
04-13 13:19:56.390   709   810 I netstats_mobile_sample: [0,0,0,0,0,0,0,0,0,0,0,0,1492060796391]
04-13 13:19:56.417   709   810 I netstats_wifi_sample: [21281591,32038,3816833,22607,21263773,32019,3538241,22589,21263773,32019,3538241,22589,1492060796391]
04-13 13:20:19.493   709   709 I notification_cancel: [10054,19831,com.zhihu.android,0,NULL,0,0,64,8,NULL]
04-13 13:20:23.131   852   852 I sysui_panelholder_touch: [0,704,48]
04-13 13:20:23.726   709   803 I notification_panel_revealed: []
04-13 13:20:23.865   709   803 I notification_visibility_changed: [-1|android|17040644|null|1000;-1|android|17040636|null|1000,]
04-13 13:20:29.791   709 10377 I notification_visibility_changed: [,-1|android|17040644|null|1000;-1|android|17040636|null|1000]
04-13 13:20:29.794   709   803 I notification_panel_hidden: []
04-13 13:20:39.617   709   709 I notification_cancel: [10054,19831,com.zhihu.android,1,NULL,0,0,64,8,NULL]
04-13 13:20:39.861   709   709 I notification_cancel: [10054,19831,com.zhihu.android,0,NULL,0,0,64,8,NULL]
04-13 13:22:13.243   709 29519 I am_home_stack_moved: [0,0,1,1,intentActivityFound]
04-13 13:22:13.244   709 29519 I wm_task_moved: [11,1,0]
04-13 13:22:13.257   709 29519 I am_new_intent: [0,768043893,11,com.zhihu.android/.app.ui.activity.MainActivity,android.intent.action.MAIN,NULL,NULL,270532608]
04-13 13:22:24.366   709   810 I netstats_mobile_sample: [0,0,0,0,0,0,0,0,0,0,0,0,1492060944366]
04-13 13:22:24.367   709   810 I netstats_wifi_sample: [21380967,32319,3864761,22796,21362921,32299,3582913,22777,21362921,32299,3582913,22777,1492060944366]
04-13 13:22:48.935   709   709 I notification_cancel: [10054,19831,com.zhihu.android,0,NULL,0,0,64,8,NULL]
04-13 13:22:54.215   709   709 I notification_cancel: [10054,19831,com.zhihu.android,1,NULL,0,0,64,8,NULL]
04-13 13:22:56.488   709   709 I notification_cancel: [10054,19831,com.zhihu.android,1,NULL,0,0,64,8,NULL]
04-13 13:22:56.539   709   709 I notification_cancel: [10054,19831,com.zhihu.android,0,NULL,0,0,64,8,NULL]
04-13 13:23:47.028   709   709 I notification_cancel: [10054,19831,com.zhihu.android,0,NULL,0,0,64,8,NULL]
04-13 13:23:48.633   709   709 I notification_cancel: [10054,19831,com.zhihu.android,1,NULL,0,0,64,8,NULL]
04-13 13:23:48.713   709   709 I notification_cancel: [10054,19831,com.zhihu.android,1,NULL,0,0,64,8,NULL]
04-13 13:23:48.740   709   709 I notification_cancel: [10054,19831,com.zhihu.android,0,NULL,0,0,64,8,NULL]
04-13 13:24:45.097   709  1229 I am_home_stack_moved: [0,0,1,1,intentActivityFound]
04-13 13:24:45.097   709  1229 I wm_task_moved: [11,1,0]
04-13 13:24:45.104   709  1229 I am_new_intent: [0,875683548,11,com.zhihu.android/.app.ui.activity.MainActivity,android.intent.action.MAIN,NULL,NULL,270532608]
04-13 13:25:21.651   182   182 I sf_frame_dur: [InputMethod,3,0,1,0,0,1,9]
04-13 13:25:31.510   182   182 I sf_frame_dur: [VolumePanel,11,3,1,1,1,0,1]
04-13 13:25:58.897   709 10377 I am_home_stack_moved: [0,0,1,1,intentActivityFound]
04-13 13:25:58.897   709 10377 I wm_task_moved: [11,1,0]
04-13 13:25:58.905   709 10377 I am_new_intent: [0,306602843,11,com.zhihu.android/.app.ui.activity.MainActivity,android.intent.action.MAIN,NULL,NULL,270532608]
04-13 13:26:06.273   182   182 I sf_frame_dur: [InputMethod,0,0,0,0,0,0,1]
04-13 13:26:07.034   852   852 I sysui_panelholder_touch: [0,908,24]
04-13 13:26:07.201   709  5468 I notification_panel_revealed: []
04-13 13:26:07.264   709  9904 I notification_visibility_changed: [-1|android|17040644|null|1000;-1|android|17040636|null|1000,]
04-13 13:26:08.703   709  1229 I notification_visibility_changed: [,-1|android|17040644|null|1000;-1|android|17040636|null|1000]
04-13 13:26:08.707   709  9904 I notification_panel_hidden: []
04-13 13:27:17.953   182   182 I sf_frame_dur: [InputMethod,0,0,0,0,1,0,1]
04-13 13:28:52.638   709   726 I am_home_stack_moved: [0,0,1,1,intentActivityFound]
04-13 13:28:52.638   709   726 I wm_task_moved: [11,1,0]
04-13 13:28:52.646   709   726 I am_new_intent: [0,690169539,11,com.zhihu.android/.app.ui.activity.MainActivity,android.intent.action.MAIN,NULL,NULL,270532608]
04-13 13:28:58.198   182   182 I sf_frame_dur: [InputMethod,0,1,1,2,0,2,2]
04-13 13:29:08.959   709   709 I notification_cancel: [10054,19831,com.zhihu.android,0,NULL,0,0,64,8,NULL]
04-13 13:29:21.307   709   709 I notification_cancel: [10054,19831,com.zhihu.android,1,NULL,0,0,64,8,NULL]
04-13 13:29:25.452   709   709 I notification_cancel: [10054,19831,com.zhihu.android,0,NULL,0,0,64,8,NULL]
04-13 13:29:34.257   709   709 I notification_cancel: [10054,19831,com.zhihu.android,0,NULL,0,0,64,8,NULL]
04-13 13:29:38.502   852   852 I sysui_panelholder_touch: [0,633,47]
04-13 13:29:38.590   709 23473 I notification_panel_revealed: []
04-13 13:29:38.601   709  1003 I notification_visibility_changed: [-1|android|17040644|null|1000;-1|android|17040636|null|1000,]
04-13 13:29:39.751   709  1191 I notification_visibility_changed: [,-1|android|17040644|null|1000;-1|android|17040636|null|1000]
04-13 13:29:39.754   709 23473 I notification_panel_hidden: []
04-13 13:30:08.433   182   182 I sf_frame_dur: [InputMethod,14,7,5,3,4,9,18]
04-13 13:30:51.161   182   182 I sf_frame_dur: [InputMethod,0,1,1,0,2,0,2]
04-13 13:31:07.536   852   852 I sysui_panelholder_touch: [0,947,40]
04-13 13:31:07.669   709   726 I notification_panel_revealed: []
04-13 13:31:07.698   709 16191 I notification_visibility_changed: [-1|android|17040644|null|1000;-1|android|17040636|null|1000,]
04-13 13:31:08.820   709 10377 I notification_visibility_changed: [,-1|android|17040644|null|1000;-1|android|17040636|null|1000]
04-13 13:31:08.837   709  1191 I notification_panel_hidden: []
04-13 13:31:16.700   182   182 I sf_frame_dur: [InputMethod,3,2,2,2,2,5,4]
04-13 13:31:22.256   182   182 I sf_frame_dur: [VolumePanel,15,13,4,0,2,0,0]
04-13 13:31:29.247   852   852 I sysui_panelholder_touch: [0,687,33]
04-13 13:31:29.286   709  1220 I notification_panel_revealed: []
04-13 13:31:29.298   709  5468 I notification_visibility_changed: [-1|android|17040644|null|1000;-1|android|17040636|null|1000,]
04-13 13:31:29.906   709   803 I notification_visibility_changed: [,-1|android|17040644|null|1000;-1|android|17040636|null|1000]
04-13 13:31:29.910   709   804 I notification_panel_hidden: []
04-13 13:31:49.522   182   182 I sf_frame_dur: [InputMethod,2,3,0,2,3,4,5]
04-13 13:31:52.045   709  1003 I am_home_stack_moved: [0,0,1,1,intentActivityFound]
04-13 13:31:52.045   709  1003 I wm_task_moved: [11,1,0]
04-13 13:31:52.053   709  1003 I am_new_intent: [0,133712139,11,com.zhihu.android/.app.ui.activity.MainActivity,android.intent.action.MAIN,NULL,NULL,270532608]
04-13 13:32:06.627   709 16191 I am_home_stack_moved: [0,0,1,1,intentActivityFound]
04-13 13:32:06.627   709 16191 I wm_task_moved: [11,1,0]
04-13 13:32:06.635   709 16191 I am_new_intent: [0,779903282,11,com.zhihu.android/.app.ui.activity.MainActivity,android.intent.action.MAIN,NULL,NULL,270532608]
04-13 13:32:20.966   709  5468 I am_home_stack_moved: [0,0,1,1,intentActivityFound]
04-13 13:32:20.966   709  5468 I wm_task_moved: [11,1,0]
04-13 13:32:20.979   709  5468 I am_new_intent: [0,255774339,11,com.zhihu.android/.app.ui.activity.MainActivity,android.intent.action.MAIN,NULL,NULL,270532608]
04-13 13:32:35.703   182   182 I sf_frame_dur: [InputMethod,1,1,5,1,1,3,12]
04-13 13:32:43.987   709   725 I am_home_stack_moved: [0,0,1,1,intentActivityFound]
04-13 13:32:43.987   709   725 I wm_task_moved: [11,1,0]
04-13 13:32:43.995   709   725 I am_new_intent: [0,588632031,11,com.zhihu.android/.app.ui.activity.MainActivity,android.intent.action.MAIN,NULL,NULL,270532608]
04-13 13:33:14.651   709  1243 I am_home_stack_moved: [0,0,1,1,intentActivityFound]
04-13 13:33:14.651   709  1243 I wm_task_moved: [11,1,0]
04-13 13:33:14.658   709  1243 I am_new_intent: [0,536379125,11,com.zhihu.android/.app.ui.activity.MainActivity,android.intent.action.MAIN,NULL,NULL,270532608]
04-13 13:33:19.777   709   803 I am_home_stack_moved: [0,0,1,1,intentActivityFound]
04-13 13:33:19.777   709   803 I wm_task_moved: [11,1,0]
04-13 13:33:19.786   709   803 I am_new_intent: [0,972743818,11,com.zhihu.android/.app.ui.activity.MainActivity,android.intent.action.MAIN,NULL,NULL,270532608]
04-13 13:33:24.365   709  9904 I am_home_stack_moved: [0,0,1,1,intentActivityFound]
04-13 13:33:24.365   709  9904 I wm_task_moved: [11,1,0]
04-13 13:33:24.377   709  9904 I am_new_intent: [0,774998779,11,com.zhihu.android/.app.ui.activity.MainActivity,android.intent.action.MAIN,NULL,NULL,270532608]
04-13 13:34:01.735   182   182 I sf_frame_dur: [VolumePanel,0,0,0,1,0,0,0]
04-13 13:34:08.705   709  1229 I battery_level: [86,4091,415]
04-13 13:34:08.718   709   709 I notification_cancel: [10013,852,com.android.systemui,100,low_battery,-1,0,64,8,NULL]
04-13 13:34:16.013   709  1243 I am_home_stack_moved: [0,0,1,1,intentActivityFound]
04-13 13:34:16.013   709  1243 I wm_task_moved: [11,1,0]
04-13 13:34:16.026   709  1243 I am_new_intent: [0,621437742,11,com.zhihu.android/.app.ui.activity.MainActivity,android.intent.action.MAIN,NULL,NULL,270532608]
04-13 13:34:42.359   709   709 I notification_cancel: [10054,19831,com.zhihu.android,0,NULL,0,0,64,8,NULL]
04-13 13:36:12.002   182   182 I sf_frame_dur: [com.zhihu.android/com.zhihu.android.app.ui.activity.MainActivity,0,0,0,1,3,3,7]
04-13 13:37:00.193   182   182 I sf_frame_dur: [VolumePanel,20,3,1,1,1,1,0]
04-13 13:37:06.895   709   709 I notification_cancel: [10054,19831,com.zhihu.android,0,NULL,0,0,64,8,NULL]
04-13 13:37:09.098   709   709 I notification_cancel: [10054,19831,com.zhihu.android,1,NULL,0,0,64,8,NULL]
04-13 13:37:09.254   709   709 I notification_cancel: [10054,19831,com.zhihu.android,1,NULL,0,0,64,8,NULL]
04-13 13:37:09.288   709   709 I notification_cancel: [10054,19831,com.zhihu.android,0,NULL,0,0,64,8,NULL]
04-13 13:37:49.901   709   725 I am_home_stack_moved: [0,0,1,1,intentActivityFound]
04-13 13:37:49.901   709   725 I wm_task_moved: [11,1,0]
04-13 13:37:49.908   709   725 I am_new_intent: [0,282241164,11,com.zhihu.android/.app.ui.activity.MainActivity,android.intent.action.MAIN,NULL,NULL,270532608]
04-13 13:38:28.248   709   810 I netstats_mobile_sample: [0,0,0,0,0,0,0,0,0,0,0,0,1492061908248]
04-13 13:38:28.248   709   810 I netstats_wifi_sample: [23123230,34920,4238980,24616,23103769,34897,3941518,24594,23102276,34895,3941518,24594,1492061908248]
04-13 13:38:32.285   709   709 I notification_enqueue: [10013,7425,com.android.systemui,789,NULL,0,Notification(pri=0 contentView=null vibrate=null sound=null defaults=0x0 flags=0x20 color=0xff607d8b vis=PRIVATE publicVersion=Notification(pri=0 contentView=com.android.systemui/0x1090077 vibrate=null sound=null defaults=0x0 flags=0x0 color=0xff607d8b category=progress vis=PRIVATE)),0]
04-13 13:38:32.590   182   182 I sf_frame_dur: [ScreenshotAnimation,42,3,1,0,1,1,0]
04-13 13:38:36.999   709  1191 I notification_expansion: [0|com.android.systemui|789|null|10013,0,1]
04-13 13:38:37.003   709 16191 I notification_expansion: [-1|android|17040644|null|1000,0,0]
04-13 13:38:39.567   709   709 I notification_cancel: [10054,19831,com.zhihu.android,0,NULL,0,0,64,8,NULL]
04-13 13:38:43.348   709   709 I notification_cancel: [10054,19831,com.zhihu.android,1,NULL,0,0,64,8,NULL]
04-13 13:39:04.311   709   709 I notification_cancel: [10054,19831,com.zhihu.android,0,NULL,0,0,64,8,NULL]
04-13 13:39:17.850   182   182 I sf_frame_dur: [VolumePanel,60,1,2,0,0,2,1]
04-13 13:39:39.402   709   709 I notification_enqueue: [10013,7425,com.android.systemui,789,NULL,0,Notification(pri=0 contentView=null vibrate=null sound=null defaults=0x0 flags=0x10 color=0xff607d8b actions=1 vis=PRIVATE publicVersion=Notification(pri=0 contentView=com.android.systemui/0x1090077 vibrate=null sound=null defaults=0x0 flags=0x10 color=0xff607d8b category=progress vis=PRIVATE)),1]
04-13 13:39:39.637   709  1220 I notification_expansion: [0|com.android.systemui|789|null|10013,0,0]
04-13 13:39:41.560   709  1003 I notification_expansion: [0|com.android.systemui|789|null|10013,0,1]
04-13 13:39:48.006   709   709 I notification_cancel: [10054,19831,com.zhihu.android,1,NULL,0,0,64,8,NULL]
04-13 13:39:49.502   182   182 I sf_frame_dur: [VolumePanel,33,3,1,0,1,2,1]
04-13 13:39:57.147   709   709 I notification_cancel: [10054,19831,com.zhihu.android,1,NULL,0,0,64,8,NULL]
04-13 13:40:17.519   709   709 I free_storage_changed: 13180604416
04-13 13:40:32.556   852   852 I sysui_panelholder_touch: [0,205,63]
04-13 13:40:32.890   709  5468 I notification_panel_revealed: []
04-13 13:40:33.006   709 16191 I notification_visibility_changed: [0|com.android.systemui|789|null|10013;-1|android|17040644|null|1000;-1|android|17040636|null|1000,]
04-13 13:40:33.260   709  5468 I notification_visibility_changed: [,0|com.android.systemui|789|null|10013;-1|android|17040644|null|1000;-1|android|17040636|null|1000]
04-13 13:40:33.265   709 16191 I notification_panel_hidden: []
04-13 13:40:33.910   709  1191 I notification_panel_revealed: []
04-13 13:40:41.954   709  1003 I notification_visibility_changed: [0|com.android.systemui|789|null|10013;-1|android|17040644|null|1000;-1|android|17040636|null|1000,]
04-13 13:40:56.657   709  5468 I notification_visibility_changed: [,-1|android|17040636|null|1000]
04-13 13:40:58.686   709  1191 I am_home_stack_moved: [0,0,1,1,intentActivityFound]
04-13 13:40:58.686   709  1191 I wm_task_moved: [11,1,0]
04-13 13:40:58.694   709  1191 I am_new_intent: [0,535082903,11,com.zhihu.android/.app.ui.activity.MainActivity,android.intent.action.MAIN,NULL,NULL,270532608]
04-13 13:41:00.392   709 16191 I notification_clicked: -1|android|17040644|null|1000
04-13 13:41:00.393   709   709 I notification_cancel: [10013,852,android,17040644,NULL,-1,16,64,1,NULL]
04-13 13:41:00.485   709   803 I notification_visibility_changed: [,0|com.android.systemui|789|null|10013;-1|android|17040644|null|1000]
04-13 13:41:00.505   709 10377 I notification_panel_hidden: []
04-13 13:41:17.460   709  1191 I am_home_stack_moved: [0,0,1,1,intentActivityFound]
04-13 13:41:17.460   709  1191 I wm_task_moved: [11,1,0]
04-13 13:41:17.468   709  1191 I am_new_intent: [0,230936048,11,com.zhihu.android/.app.ui.activity.MainActivity,android.intent.action.MAIN,NULL,NULL,270532608]
04-13 13:41:17.870   182   182 I sf_frame_dur: [VolumePanel,0,0,3,1,0,0,1]
04-13 13:42:09.319   709  1243 I am_home_stack_moved: [0,0,1,1,intentActivityFound]
04-13 13:42:09.319   709  1243 I wm_task_moved: [11,1,0]
04-13 13:42:09.330   709  1243 I am_new_intent: [0,1019084649,11,com.zhihu.android/.app.ui.activity.MainActivity,android.intent.action.MAIN,NULL,NULL,270532608]
04-13 13:42:22.002   182   182 I sf_frame_dur: [VolumePanel,24,0,0,0,2,0,1]
04-13 13:42:26.708   709  1243 I am_home_stack_moved: [0,0,1,1,intentActivityFound]
04-13 13:42:26.708   709  1243 I wm_task_moved: [11,1,0]
04-13 13:42:26.717   709  1243 I am_new_intent: [0,389011740,11,com.zhihu.android/.app.ui.activity.MainActivity,android.intent.action.MAIN,NULL,NULL,270532608]
04-13 13:42:27.782   709   804 I am_home_stack_moved: [0,0,1,1,intentActivityFound]
04-13 13:42:27.782   709   804 I wm_task_moved: [11,1,0]
04-13 13:42:27.790   709   804 I am_new_intent: [0,992880933,11,com.zhihu.android/.app.ui.activity.MainActivity,android.intent.action.MAIN,NULL,NULL,270532608]
04-13 13:42:45.654   709   810 I netstats_mobile_sample: [0,0,0,0,0,0,0,0,0,0,0,0,1492062165631]
04-13 13:42:45.654   709   810 I netstats_wifi_sample: [25119158,36737,4355038,25868,25099415,36714,4052180,25846,25090506,36708,4052020,25842,1492062165631]
04-13 13:42:46.187   709   709 I notification_enqueue: [10013,7425,com.android.systemui,789,NULL,0,Notification(pri=0 contentView=null vibrate=null sound=null defaults=0x0 flags=0x20 color=0xff607d8b vis=PRIVATE publicVersion=Notification(pri=0 contentView=com.android.systemui/0x1090077 vibrate=null sound=null defaults=0x0 flags=0x0 color=0xff607d8b category=progress vis=PRIVATE)),1]
04-13 13:42:46.350   182   182 I sf_frame_dur: [ScreenshotAnimation,48,1,0,1,1,1,0]
04-13 13:42:46.543   709  1220 I notification_expansion: [0|com.android.systemui|789|null|10013,0,0]
04-13 13:42:48.316   709  9904 I notification_expansion: [0|com.android.systemui|789|null|10013,0,1]
04-13 13:42:49.799   709   709 I notification_enqueue: [10013,7425,com.android.systemui,789,NULL,0,Notification(pri=0 contentView=null vibrate=null sound=null defaults=0x0 flags=0x10 color=0xff607d8b actions=1 vis=PRIVATE publicVersion=Notification(pri=0 contentView=com.android.systemui/0x1090077 vibrate=null sound=null defaults=0x0 flags=0x10 color=0xff607d8b category=progress vis=PRIVATE)),1]
04-13 13:42:50.159   709  9904 I notification_expansion: [0|com.android.systemui|789|null|10013,0,0]
04-13 13:42:51.208   709   804 I notification_expansion: [0|com.android.systemui|789|null|10013,0,1]
04-13 13:43:13.204   709   810 I netstats_mobile_sample: [0,0,0,0,0,0,0,0,0,0,0,0,1492062193205]
04-13 13:43:13.207   709   810 I netstats_wifi_sample: [25617181,37097,4362922,25972,25597420,37074,4059468,25950,25597420,37074,4059468,25950,1492062193205]
04-13 13:43:17.543   709   709 I free_storage_changed: 13178490880
04-13 13:43:29.311   852   852 I sysui_panelholder_touch: [0,927,40]
04-13 13:43:29.410   709   725 I notification_panel_revealed: []
04-13 13:43:29.438   709 16191 I notification_visibility_changed: [0|com.android.systemui|789|null|10013;-1|android|17040644|null|1000;-1|android|17040636|null|1000,]
04-13 13:43:29.485   709  1274 I notification_visibility_changed: [,0|com.android.systemui|789|null|10013;-1|android|17040644|null|1000;-1|android|17040636|null|1000]
04-13 13:43:29.488   709  1191 I notification_panel_hidden: []
04-13 13:43:29.605   709  1274 I notification_panel_revealed: []
04-13 13:43:30.192   709  9904 I notification_visibility_changed: [0|com.android.systemui|789|null|10013;-1|android|17040644|null|1000,]
04-13 13:43:30.657   709  1274 I notification_visibility_changed: [-1|android|17040636|null|1000,]
04-13 13:43:32.502   709  9904 I notification_visibility_changed: [,-1|android|17040636|null|1000]
04-13 13:43:33.214   709   726 I notification_visibility_changed: [-1|android|17040636|null|1000,]
04-13 13:43:35.735   709   804 I notification_visibility_changed: [,-1|android|17040636|null|1000]
04-13 13:43:40.550   709  1274 I notification_visibility_changed: [-1|android|17040636|null|1000,]
04-13 13:43:46.238   709  1274 I notification_visibility_changed: [,-1|android|17040636|null|1000]
04-13 13:43:46.906   709   726 I notification_visibility_changed: [-1|android|17040636|null|1000,]
04-13 13:43:47.783   709  1229 I notification_clicked: -1|android|17040636|null|1000
04-13 13:43:47.784   709   709 I notification_cancel: [10013,852,android,17040636,NULL,-1,16,64,1,NULL]
04-13 13:43:47.813   709  1191 I notification_visibility_changed: [,0|com.android.systemui|789|null|10013;-1|android|17040644|null|1000;-1|android|17040636|null|1000]
04-13 13:43:47.817   709  1274 I notification_panel_hidden: []
04-13 13:44:05.567   852   852 I sysui_panelholder_touch: [0,982,3]
04-13 13:44:05.708   709  9904 I notification_panel_revealed: []
04-13 13:44:05.767   709  1229 I notification_visibility_changed: [0|com.android.systemui|789|null|10013;-1|android|17040644|null|1000,]
04-13 13:44:07.610   709  1229 I notification_visibility_changed: [,0|com.android.systemui|789|null|10013;-1|android|17040644|null|1000]
04-13 13:44:07.613   709   804 I notification_panel_hidden: []
04-13 13:44:09.130   709  1229 I am_home_stack_moved: [0,0,1,1,intentActivityFound]
04-13 13:44:09.130   709  1229 I wm_task_moved: [11,1,0]
04-13 13:44:09.138   709  1229 I am_new_intent: [0,767357814,11,com.zhihu.android/.app.ui.activity.MainActivity,android.intent.action.MAIN,NULL,NULL,270532608]
04-13 13:44:32.465   709  1191 I am_home_stack_moved: [0,0,1,1,intentActivityFound]
04-13 13:44:32.465   709  1191 I wm_task_moved: [11,1,0]
04-13 13:44:32.479   709  1191 I am_new_intent: [0,1031597540,11,com.zhihu.android/.app.ui.activity.MainActivity,android.intent.action.MAIN,NULL,NULL,270532608]
04-13 13:44:45.414   709  1003 I am_home_stack_moved: [0,0,1,1,intentActivityFound]
04-13 13:44:45.414   709  1003 I wm_task_moved: [11,1,0]
04-13 13:44:45.442   709  1003 I am_new_intent: [0,553972301,11,com.zhihu.android/.app.ui.activity.MainActivity,android.intent.action.MAIN,NULL,NULL,270532608]
04-13 13:45:04.246   709  1191 I am_home_stack_moved: [0,0,1,1,intentActivityFound]
04-13 13:45:04.247   709  1191 I wm_task_moved: [11,1,0]
04-13 13:45:04.256   709  1191 I am_new_intent: [0,92066050,11,com.zhihu.android/.app.ui.activity.MainActivity,android.intent.action.MAIN,NULL,NULL,270532608]
04-13 13:46:04.904   709  1191 I am_home_stack_moved: [0,0,1,1,intentActivityFound]
04-13 13:46:04.904   709  1191 I wm_task_moved: [11,1,0]
04-13 13:46:04.911   709  1191 I am_new_intent: [0,123718163,11,com.zhihu.android/.app.ui.activity.MainActivity,android.intent.action.MAIN,NULL,NULL,270532608]
04-13 13:46:37.788   709  1243 I am_home_stack_moved: [0,0,1,1,intentActivityFound]
04-13 13:46:37.788   709  1243 I wm_task_moved: [11,1,0]
04-13 13:46:37.799   709  1243 I am_new_intent: [0,14968971,11,com.zhihu.android/.app.ui.activity.MainActivity,android.intent.action.MAIN,NULL,NULL,270532608]
04-13 13:46:42.589   709  9904 I battery_level: [85,4091,422]
04-13 13:46:44.081   709   709 I notification_cancel: [10013,852,com.android.systemui,100,low_battery,-1,0,64,8,NULL]
04-13 13:46:46.534   182   182 I sf_frame_dur: [Select input method,1,0,0,0,1,0,0]
04-13 13:46:49.755   852   852 I sysui_panelholder_touch: [0,835,18]
04-13 13:46:49.965   709  1274 I notification_panel_revealed: []
04-13 13:46:50.047   709  1229 I notification_visibility_changed: [0|com.android.systemui|789|null|10013;-1|android|17040644|null|1000,]
04-13 13:46:52.457   709  1274 I notification_visibility_changed: [,0|com.android.systemui|789|null|10013;-1|android|17040644|null|1000]
04-13 13:46:52.461   709  1229 I notification_panel_hidden: []
04-13 13:46:56.435   709   804 I force_gc: Binder
04-13 13:47:07.134   709  1229 I force_gc: Binder
04-13 13:47:09.815   709  9904 I am_home_stack_moved: [0,0,1,1,intentActivityFound]
04-13 13:47:09.815   709  9904 I wm_task_moved: [11,1,0]
04-13 13:47:09.826   709  9904 I am_new_intent: [0,376498864,11,com.zhihu.android/.app.ui.activity.MainActivity,android.intent.action.MAIN,NULL,NULL,270532608]
04-13 13:47:14.616   709  1229 I force_gc: Binder
04-13 13:47:22.308   709  1191 I force_gc: Binder
04-13 13:47:29.790   709  1243 I force_gc: Binder
04-13 13:47:31.322   852   852 I sysui_panelholder_touch: [0,48,6]
04-13 13:47:31.502   709  1229 I notification_panel_revealed: []
04-13 13:47:31.565   709  1243 I notification_visibility_changed: [0|com.android.systemui|789|null|10013;-1|android|17040644|null|1000,]
04-13 13:47:32.952   709  1229 I notification_visibility_changed: [-1|android|17040636|null|1000,]
04-13 13:47:33.505   709  9904 I notification_visibility_changed: [,-1|android|17040636|null|1000]
04-13 13:47:33.565   709  1003 I notification_visibility_changed: [,0|com.android.systemui|789|null|10013;-1|android|17040644|null|1000]
04-13 13:47:33.579   709  9904 I notification_panel_hidden: []
04-13 13:47:39.113   709 23473 I force_gc: Binder
04-13 13:47:42.134   852   852 I force_gc: Binder
04-13 13:47:46.610   709  9904 I force_gc: Binder
04-13 13:47:53.290   709 29519 I force_gc: Binder
04-13 13:47:59.960   709  1229 I am_home_stack_moved: [0,0,1,1,intentActivityFound]
04-13 13:47:59.960   709  1229 I wm_task_moved: [11,1,0]
04-13 13:47:59.967   709  1229 I am_new_intent: [0,414857390,11,com.zhihu.android/.app.ui.activity.MainActivity,android.intent.action.MAIN,NULL,NULL,270532608]
04-13 13:48:01.206   709   725 I force_gc: Binder
04-13 13:48:10.539   709  1274 I force_gc: Binder
04-13 13:48:19.689   709  1191 I force_gc: Binder
04-13 13:48:20.894   709  1003 I am_home_stack_moved: [0,0,1,1,intentActivityFound]
04-13 13:48:20.894   709  1003 I wm_task_moved: [11,1,0]
04-13 13:48:20.901   709  1003 I am_new_intent: [0,888484282,11,com.zhihu.android/.app.ui.activity.MainActivity,android.intent.action.MAIN,NULL,NULL,270532608]
04-13 13:48:23.131   852   852 I force_gc: Binder
04-13 13:48:27.964   709  9904 I force_gc: Binder
04-13 13:48:36.624   709  1220 I force_gc: Binder
04-13 13:48:37.102   709  1191 I am_home_stack_moved: [0,0,1,1,intentActivityFound]
04-13 13:48:37.102   709  1191 I wm_task_moved: [11,1,0]
04-13 13:48:37.117   709  1191 I am_new_intent: [0,347385734,11,com.zhihu.android/.app.ui.activity.MainActivity,android.intent.action.MAIN,NULL,NULL,270532608]
04-13 13:48:40.956   852   852 I force_gc: Binder
04-13 13:48:43.600   709  9904 I force_gc: Binder
04-13 13:48:50.385   709  9904 I force_gc: Binder
04-13 13:48:50.888   852   852 I force_gc: Binder
04-13 13:48:57.035   709   725 I force_gc: Binder
04-13 13:49:02.236   709  1191 I am_home_stack_moved: [0,0,1,1,intentActivityFound]
04-13 13:49:02.236   709  1191 I wm_task_moved: [11,1,0]
04-13 13:49:02.245   709  1191 I am_new_intent: [0,178011666,11,com.zhihu.android/.app.ui.activity.MainActivity,android.intent.action.MAIN,NULL,NULL,270532608]
04-13 13:49:02.788   852   852 I force_gc: Binder
04-13 13:49:05.106   709 16191 I force_gc: Binder
04-13 13:49:07.060   852   852 I sysui_panelholder_touch: [0,801,44]
04-13 13:49:07.190   709 16191 I notification_panel_revealed: []
04-13 13:49:07.269   709   725 I notification_visibility_changed: [0|com.android.systemui|789|null|10013;-1|android|17040644|null|1000,]
04-13 13:49:10.710   709  1229 I notification_visibility_changed: [,0|com.android.systemui|789|null|10013;-1|android|17040644|null|1000]
04-13 13:49:10.720   709  1274 I notification_panel_hidden: []
04-13 13:49:16.001   182   182 I sf_frame_dur: [VolumePanel,19,3,0,2,1,0,2]
04-13 13:49:17.888   709  1003 I force_gc: Binder
04-13 13:49:24.796   709 16191 I force_gc: Binder
04-13 13:49:30.295   852   852 I force_gc: Binder
04-13 13:49:31.867   709  1191 I force_gc: Binder
04-13 13:49:39.587   709   725 I force_gc: Binder
04-13 13:49:47.010   709  1220 I force_gc: Binder
04-13 13:49:54.942   709  1243 I force_gc: Binder
04-13 13:50:00.558   852   852 I force_gc: Binder
04-13 13:50:02.189   709  1274 I force_gc: Binder
04-13 13:50:09.039   709  5468 I force_gc: Binder
04-13 13:50:10.960   852   852 I force_gc: Binder
04-13 13:50:16.465   709 10377 I force_gc: Binder
04-13 13:50:23.420   852   852 I force_gc: Binder
