04-13 11:40:22.554   852   852 I sysui_panelholder_touch: [0,1021,53]
04-13 11:40:22.770   709   726 I notification_panel_revealed: []
04-13 11:40:22.907   709  1229 I notification_visibility_changed: [-1|android|17040644|null|1000;-1|android|17040636|null|1000,]
04-13 11:40:22.955   182   182 I sf_frame_dur: [SubPanel:com.zhihu.android/com.zhihu.android.app.ui.activity.MainActivity,0,0,0,1,0,1,0]
04-13 11:40:23.096   709  1191 I notification_visibility_changed: [,-1|android|17040644|null|1000;-1|android|17040636|null|1000]
04-13 11:40:23.110   709 10377 I notification_panel_hidden: []
04-13 11:40:24.167   709   810 I netstats_mobile_sample: [0,0,0,0,0,0,0,0,0,0,0,0,1492054824168]
04-13 11:40:24.175   709   810 I netstats_wifi_sample: [9706752,11272,1240729,8736,9701947,11269,1147677,8733,9694261,11261,1147357,8725,1492054824168]
04-13 11:40:25.738   709  5468 I am_home_stack_moved: [0,0,1,1,intentActivityFound]
04-13 11:40:25.738   709  5468 I wm_task_moved: [4,1,0]
04-13 11:40:25.745   709  5468 I am_new_intent: [0,969724435,4,com.zhihu.android/.app.ui.activity.MainActivity,android.intent.action.MAIN,NULL,NULL,270532608]
04-13 11:40:35.798   852   852 I sysui_panelholder_touch: [0,503,41]
04-13 11:40:35.940   709   803 I notification_panel_revealed: []
04-13 11:40:35.984   709   725 I notification_visibility_changed: [-1|android|17040644|null|1000;-1|android|17040636|null|1000,]
04-13 11:40:37.254   709  1243 I notification_visibility_changed: [,-1|android|17040644|null|1000;-1|android|17040636|null|1000]
04-13 11:40:37.257   709 29519 I notification_panel_hidden: []
04-13 11:40:49.465   709   709 I notification_cancel: [10054,1869,com.zhihu.android,0,NULL,0,0,64,8,NULL]
04-13 11:40:51.729   709   709 I notification_cancel: [10054,1869,com.zhihu.android,0,NULL,0,0,64,8,NULL]
04-13 11:40:57.859   182   182 I sf_frame_dur: [VolumePanel,70,2,0,0,1,2,0]
04-13 11:41:01.652   709   709 I notification_cancel: [10054,1869,com.zhihu.android,1,NULL,0,0,64,8,NULL]
04-13 11:41:10.006   182   182 I sf_frame_dur: [SubPanel:com.zhihu.android/com.zhihu.android.app.ui.activity.MainActivity,21,1,0,1,0,2,1]
04-13 11:41:18.235   182   182 I sf_frame_dur: [InputMethod,0,1,0,0,0,0,0]
04-13 11:41:26.366   182   182 I sf_frame_dur: [SubPanel:com.zhihu.android/com.zhihu.android.app.ui.activity.MainActivity,16,1,0,0,0,0,1]
04-13 11:41:27.352   182   182 I sf_frame_dur: [VolumePanel,14,0,1,0,0,0,0]
04-13 11:41:29.124  1869  1869 I menu_item_selected: [0,]
04-13 11:41:29.612   182   182 I sf_frame_dur: [SubPanel:com.zhihu.android/com.zhihu.android.app.ui.activity.MainActivity,0,1,0,0,0,0,0]
04-13 11:41:33.494   182   182 I sf_frame_dur: [SubPanel:com.zhihu.android/com.zhihu.android.app.ui.activity.MainActivity,0,0,1,0,0,0,0]
04-13 11:41:34.205   709   709 I notification_cancel: [10054,1869,com.zhihu.android,0,NULL,0,0,64,8,NULL]
04-13 11:41:35.220   852   852 I sysui_panelholder_touch: [0,698,57]
04-13 11:41:35.245   709  1220 I notification_panel_revealed: []
04-13 11:41:35.254   709  1003 I notification_visibility_changed: [-1|android|17040644|null|1000;-1|android|17040636|null|1000,]
04-13 11:41:35.814   709 29519 I notification_visibility_changed: [,-1|android|17040644|null|1000;-1|android|17040636|null|1000]
04-13 11:41:35.815   709  1274 I notification_panel_hidden: []
04-13 11:41:38.547   182   182 I sf_frame_dur: [SubPanel:com.zhihu.android/com.zhihu.android.app.ui.activity.MainActivity,0,1,0,0,1,0,0]
04-13 11:41:52.760   709   709 I notification_cancel: [10054,1869,com.zhihu.android,0,NULL,0,0,64,8,NULL]
04-13 11:42:05.187   182   182 I sf_frame_dur: [SubPanel:com.zhihu.android/com.zhihu.android.app.ui.activity.MainActivity,15,2,0,0,1,0,1]
04-13 11:42:11.017  1869  1869 I menu_item_selected: [0,]
04-13 11:42:11.400   182   182 I sf_frame_dur: [SubPanel:com.zhihu.android/com.zhihu.android.app.ui.activity.MainActivity,15,2,0,0,1,1,0]
04-13 11:42:16.142   852   852 I sysui_panelholder_touch: [0,121,40]
04-13 11:42:16.168   709 10377 I notification_panel_revealed: []
04-13 11:42:16.178   709   803 I notification_visibility_changed: [-1|android|17040644|null|1000;-1|android|17040636|null|1000,]
04-13 11:42:16.744   709  1191 I notification_visibility_changed: [,-1|android|17040644|null|1000;-1|android|17040636|null|1000]
04-13 11:42:16.745   709  1220 I notification_panel_hidden: []
04-13 11:42:36.640   182   182 I sf_frame_dur: [VolumePanel,14,1,0,0,0,0,0]
04-13 11:42:40.175   182   182 I sf_frame_dur: [SubPanel:com.zhihu.android/com.zhihu.android.app.ui.activity.MainActivity,0,1,0,0,0,1,0]
04-13 11:42:55.385   182   182 I sf_frame_dur: [SubPanel:com.zhihu.android/com.zhihu.android.app.ui.activity.MainActivity,15,1,1,0,0,0,2]
04-13 11:43:00.230   852   852 I sysui_panelholder_touch: [0,140,32]
04-13 11:43:00.254   709  1003 I notification_panel_revealed: []
04-13 11:43:00.336   709 29519 I notification_visibility_changed: [-1|android|17040644|null|1000;-1|android|17040636|null|1000,]
04-13 11:43:00.353   709 10377 I notification_visibility_changed: [,-1|android|17040644|null|1000;-1|android|17040636|null|1000]
04-13 11:43:00.354   709   803 I notification_panel_hidden: []
04-13 11:43:00.440   709  9904 I notification_panel_revealed: []
04-13 11:43:00.844   709  1243 I notification_visibility_changed: [-1|android|17040644|null|1000;-1|android|17040636|null|1000,]
04-13 11:43:10.083   709  1243 I battery_level: [95,4186,395]
04-13 11:43:10.127   709   709 I notification_cancel: [10013,852,com.android.systemui,100,low_battery,-1,0,64,8,NULL]
04-13 11:43:10.336   709  1191 I notification_visibility_changed: [,-1|android|17040644|null|1000;-1|android|17040636|null|1000]
04-13 11:43:10.337   709 10377 I notification_panel_hidden: []
04-13 11:43:25.053  1869  1869 I menu_item_selected: [0,]
04-13 11:43:25.074   709 10377 I am_kill : [0,1616,com.android.managedprovisioning,13,empty for 1800s]
04-13 11:43:25.287   709 10377 I am_kill : [0,1555,com.android.dialer,13,empty for 1800s]
04-13 11:43:25.494   709 10377 I am_kill : [0,1503,com.android.keychain,13,empty for 1802s]
04-13 11:43:25.702   709 10377 I am_kill : [0,1236,com.android.printspooler,15,empty for 1803s]
04-13 11:43:26.368   182   182 I sf_frame_dur: [SubPanel:com.zhihu.android/com.zhihu.android.app.ui.activity.MainActivity,0,0,1,0,0,0,0]
04-13 11:43:28.867   709  1229 I am_proc_died: [0,1503,com.android.keychain]
04-13 11:43:28.871   709  1229 I am_kill : [0,1717,com.android.voicedialer,11,empty for 1803s]
04-13 11:43:29.090   709  1229 I am_kill : [0,977,com.android.settings,13,empty for 1803s]
04-13 11:43:29.298   709  1229 I am_kill : [0,1689,com.android.onetimeinitializer,13,empty for 1803s]
04-13 11:43:29.511   709  1003 I am_proc_died: [0,1555,com.android.dialer]
04-13 11:43:29.515   709   804 I am_proc_died: [0,1616,com.android.managedprovisioning]
04-13 11:43:29.522   709  1191 I am_proc_died: [0,1717,com.android.voicedialer]
04-13 11:43:31.257   709 29519 I am_proc_died: [0,1689,com.android.onetimeinitializer]
04-13 11:43:31.278   709  1229 I am_proc_died: [0,977,com.android.settings]
04-13 11:43:32.406   182   182 I sf_frame_dur: [VolumePanel,139,12,3,0,2,2,4]
04-13 11:43:32.650   709  1229 I am_proc_died: [0,1236,com.android.printspooler]
04-13 11:43:40.266   182   182 I sf_frame_dur: [SubPanel:com.zhihu.android/com.zhihu.android.app.ui.activity.MainActivity,16,1,0,1,0,1,0]
04-13 11:43:48.452   182   182 I sf_frame_dur: [SubPanel:com.zhihu.android/com.zhihu.android.app.ui.activity.MainActivity,0,1,0,0,0,0,0]
04-13 11:43:51.517   182   182 I sf_frame_dur: [SubPanel:com.zhihu.android/com.zhihu.android.app.ui.activity.MainActivity,0,1,0,0,0,1,0]
04-13 11:43:59.122   182   182 I sf_frame_dur: [VolumePanel,37,2,0,0,0,2,0]
04-13 11:44:04.816   182   182 I sf_frame_dur: [SubPanel:com.zhihu.android/com.zhihu.android.app.ui.activity.MainActivity,0,1,0,0,0,0,0]
04-13 11:44:14.233   182   182 I sf_frame_dur: [SubPanel:com.zhihu.android/com.zhihu.android.app.ui.activity.MainActivity,0,0,1,0,0,1,0]
04-13 11:44:24.866   182   182 I sf_frame_dur: [VolumePanel,23,0,1,0,0,1,0]
04-13 11:44:26.109   709   725 I am_home_stack_moved: [0,0,1,1,intentActivityFound]
04-13 11:44:26.109   709   725 I wm_task_moved: [4,1,0]
04-13 11:44:26.114   709   725 I am_new_intent: [0,726771233,4,com.zhihu.android/.app.ui.activity.MainActivity,android.intent.action.MAIN,NULL,NULL,270532608]
04-13 11:44:30.198   709  1220 I am_home_stack_moved: [0,0,1,1,intentActivityFound]
04-13 11:44:30.199   709  1220 I wm_task_moved: [4,1,0]
04-13 11:44:30.206   709  1220 I am_new_intent: [0,467392820,4,com.zhihu.android/.app.ui.activity.MainActivity,android.intent.action.MAIN,NULL,NULL,270532608]
04-13 11:44:49.609   709   709 I notification_cancel: [10054,1869,com.zhihu.android,0,NULL,0,0,64,8,NULL]
04-13 11:44:54.778   709   726 I am_home_stack_moved: [0,0,1,1,intentActivityFound]
04-13 11:44:54.778   709   726 I wm_task_moved: [4,1,0]
04-13 11:44:54.783   709   726 I am_new_intent: [0,458942883,4,com.zhihu.android/.app.ui.activity.MainActivity,android.intent.action.MAIN,NULL,NULL,270532608]
04-13 11:45:02.155   182   182 I sf_frame_dur: [SubPanel:com.zhihu.android/com.zhihu.android.app.ui.activity.MainActivity,0,1,0,0,0,0,0]
04-13 11:45:04.968   852   852 I sysui_panelholder_touch: [0,172,41]
04-13 11:45:05.015   709   726 I notification_panel_revealed: []
04-13 11:45:05.050   709  1220 I notification_visibility_changed: [-1|android|17040644|null|1000;-1|android|17040636|null|1000,]
04-13 11:45:17.205   709 10377 I notification_visibility_changed: [,-1|android|17040644|null|1000;-1|android|17040636|null|1000]
04-13 11:45:17.208   709  1191 I notification_panel_hidden: []
04-13 11:45:26.009   709   709 I notification_cancel: [10054,1869,com.zhihu.android,0,NULL,0,0,64,8,NULL]
04-13 11:45:42.661   182   182 I sf_frame_dur: [SubPanel:com.zhihu.android/com.zhihu.android.app.ui.activity.MainActivity,1,7,1,0,2,2,0]
04-13 11:45:49.772   182   182 I sf_frame_dur: [SubPanel:com.zhihu.android/com.zhihu.android.app.ui.activity.MainActivity,0,0,2,1,2,1,0]
04-13 11:45:56.932   182   182 I sf_frame_dur: [SubPanel:com.zhihu.android/com.zhihu.android.app.ui.activity.MainActivity,0,0,0,0,1,1,1]
04-13 11:46:22.278  1869  1869 I menu_item_selected: [0,]
04-13 11:46:22.858   182   182 I sf_frame_dur: [SubPanel:com.zhihu.android/com.zhihu.android.app.ui.activity.MainActivity,0,0,1,0,0,1,0]
04-13 11:46:55.327   182   182 I sf_frame_dur: [SubPanel:com.zhihu.android/com.zhihu.android.app.ui.activity.MainActivity,3,5,4,0,1,1,1]
04-13 11:46:57.336   182   182 I sf_frame_dur: [SubPanel:com.zhihu.android/com.zhihu.android.app.ui.activity.MainActivity,0,0,0,1,0,0,0]
04-13 11:47:12.684   182   182 I sf_frame_dur: [SubPanel:com.zhihu.android/com.zhihu.android.app.ui.activity.MainActivity,1,4,0,2,0,1,1]
04-13 11:47:18.704  1869  1869 I menu_item_selected: [0,]
04-13 11:47:19.362   182   182 I sf_frame_dur: [SubPanel:com.zhihu.android/com.zhihu.android.app.ui.activity.MainActivity,0,0,0,1,0,0,0]
04-13 11:47:36.060   182   182 I sf_frame_dur: [SubPanel:com.zhihu.android/com.zhihu.android.app.ui.activity.MainActivity,0,1,1,1,0,1,0]
04-13 11:47:42.642  1869  1869 I menu_item_selected: [0,]
04-13 11:47:43.188   182   182 I sf_frame_dur: [SubPanel:com.zhihu.android/com.zhihu.android.app.ui.activity.MainActivity,0,0,4,1,0,1,1]
04-13 11:48:33.872   182   182 I sf_frame_dur: [SubPanel:com.zhihu.android/com.zhihu.android.app.ui.activity.MainActivity,0,2,2,1,0,1,0]
04-13 11:48:36.415   182   182 I sf_frame_dur: [VolumePanel,32,6,4,0,4,1,2]
04-13 11:48:42.360   852   852 I sysui_panelholder_touch: [0,392,6]
04-13 11:48:42.476   709 16191 I notification_panel_revealed: []
04-13 11:48:42.649   709  1243 I notification_visibility_changed: [-1|android|17040644|null|1000;-1|android|17040636|null|1000,]
04-13 11:48:44.878   709  1229 I notification_visibility_changed: [,-1|android|17040644|null|1000;-1|android|17040636|null|1000]
04-13 11:48:44.923   709  1003 I notification_panel_hidden: []
04-13 11:49:07.267   182   182 I sf_frame_dur: [SubPanel:com.zhihu.android/com.zhihu.android.app.ui.activity.MainActivity,0,0,1,0,0,0,0]
04-13 11:49:11.310  1869  1869 I menu_item_selected: [0,]
04-13 11:49:11.785   182   182 I sf_frame_dur: [SubPanel:com.zhihu.android/com.zhihu.android.app.ui.activity.MainActivity,0,0,1,0,0,0,0]
04-13 11:49:19.529   182   182 I sf_frame_dur: [SubPanel:com.zhihu.android/com.zhihu.android.app.ui.activity.MainActivity,0,0,0,1,1,0,0]
04-13 11:49:32.317   852   852 I sysui_panelholder_touch: [0,229,54]
04-13 11:49:32.497   709   725 I notification_panel_revealed: []
04-13 11:49:32.612   709   804 I notification_visibility_changed: [-1|android|17040644|null|1000;-1|android|17040636|null|1000,]
04-13 11:49:32.752   709   725 I notification_visibility_changed: [,-1|android|17040644|null|1000;-1|android|17040636|null|1000]
04-13 11:49:32.755   709 23473 I notification_panel_hidden: []
04-13 11:49:52.539   709   777 I am_proc_start: [0,7425,10013,com.android.systemui:screenshot,service,com.android.systemui/.screenshot.TakeScreenshotService]
04-13 11:49:52.562  1869  1869 I menu_item_selected: [0,]
04-13 11:49:53.132   182   182 I sf_frame_dur: [SubPanel:com.zhihu.android/com.zhihu.android.app.ui.activity.MainActivity,1,7,0,1,0,1,0]
04-13 11:49:53.601   709   804 I am_proc_bound: [0,7425,com.android.systemui:screenshot]
04-13 11:50:00.058   709   709 I notification_enqueue: [10013,7425,com.android.systemui,789,NULL,0,Notification(pri=0 contentView=null vibrate=null sound=null defaults=0x0 flags=0x20 color=0xff607d8b vis=PRIVATE publicVersion=Notification(pri=0 contentView=com.android.systemui/0x1090077 vibrate=null sound=null defaults=0x0 flags=0x0 color=0xff607d8b category=progress vis=PRIVATE)),0]
04-13 11:50:00.343   182   182 I sf_frame_dur: [ScreenshotAnimation,5,1,3,0,0,1,1]
04-13 11:50:00.518   709  1274 I am_home_stack_moved: [0,0,1,1,intentActivityFound]
04-13 11:50:00.518   709  1274 I wm_task_moved: [4,1,0]
04-13 11:50:00.597   709  1274 I am_new_intent: [0,994069566,4,com.zhihu.android/.app.ui.activity.MainActivity,android.intent.action.MAIN,NULL,NULL,270532608]
04-13 11:50:01.746  1869  1869 I menu_item_selected: [0,]
04-13 11:50:02.349   182   182 I sf_frame_dur: [SubPanel:com.zhihu.android/com.zhihu.android.app.ui.activity.MainActivity,0,1,2,0,2,1,0]
04-13 11:50:02.696   709 23473 I am_kill : [0,1836,com.android.exchange,15,empty for 2195s]
04-13 11:50:02.889   709  1274 I notification_expansion: [0|com.android.systemui|789|null|10013,0,1]
04-13 11:50:02.893   709   804 I notification_expansion: [-1|android|17040644|null|1000,0,0]
04-13 11:50:03.337   709 16191 I am_proc_died: [0,1836,com.android.exchange]
04-13 11:50:12.083   182   182 I sf_frame_dur: [VolumePanel,0,1,0,0,0,0,0]
04-13 11:50:13.611   709   810 I netstats_mobile_sample: [0,0,0,0,0,0,0,0,0,0,0,0,1492055413612]
04-13 11:50:13.611   709   810 I netstats_wifi_sample: [11475369,13883,1507167,10363,11469408,13879,1394645,10359,11469408,13879,1394645,10359,1492055413612]
04-13 11:50:25.347   182   182 I sf_frame_dur: [SubPanel:com.zhihu.android/com.zhihu.android.app.ui.activity.MainActivity,4,8,2,0,1,1,0]
04-13 11:50:37.758   182   182 I sf_frame_dur: [SubPanel:com.zhihu.android/com.zhihu.android.app.ui.activity.MainActivity,0,0,0,1,0,0,1]
04-13 11:51:05.893   709 16191 I am_home_stack_moved: [0,0,1,1,intentActivityFound]
04-13 11:51:05.893   709 16191 I wm_task_moved: [4,1,0]
04-13 11:51:05.901   709 16191 I am_new_intent: [0,799079586,4,com.zhihu.android/.app.ui.activity.MainActivity,android.intent.action.MAIN,NULL,NULL,270532608]
04-13 11:51:11.806   709   709 I free_storage_changed: 13189468160
04-13 11:51:33.839   709  5468 I am_home_stack_moved: [0,0,1,1,intentActivityFound]
04-13 11:51:33.839   709  5468 I wm_task_moved: [4,1,0]
04-13 11:51:33.846   709  5468 I am_new_intent: [0,466689331,4,com.zhihu.android/.app.ui.activity.MainActivity,android.intent.action.MAIN,NULL,NULL,270532608]
04-13 11:52:04.851   709   781 I power_sleep_requested: 0
04-13 11:52:04.852   709   709 I power_screen_state: [0,3,0,0]
04-13 11:52:04.852   709   709 I screen_toggled: 0
04-13 11:52:04.856   709   709 I power_screen_broadcast_send: 1
04-13 11:52:05.892   709   709 I am_pause_activity: [0,909227907,com.zhihu.android/.app.ui.activity.MainActivity]
04-13 11:52:05.906  1869  1869 I am_on_paused_called: [0,com.zhihu.android.app.ui.activity.MainActivity]
04-13 11:52:05.909   709   774 I am_focused_activity: [0,com.zhihu.android/.app.ui.activity.MainActivity]
04-13 11:52:10.106   709  1243 I notification_expansion: [0|com.android.systemui|789|null|10013,0,0]
04-13 11:52:10.441   852   852 I sysui_status_bar_state: [1,1,0,0,0,1]
04-13 11:52:12.201   709   709 I notification_enqueue: [10013,7425,com.android.systemui,789,NULL,0,Notification(pri=0 contentView=null vibrate=null sound=null defaults=0x0 flags=0x10 color=0xff607d8b actions=1 vis=PRIVATE publicVersion=Notification(pri=0 contentView=com.android.systemui/0x1090077 vibrate=null sound=null defaults=0x0 flags=0x10 color=0xff607d8b category=progress vis=PRIVATE)),1]
04-13 11:52:12.791   182   182 I sf_frame_dur: [NavigationBar,109,106,67,16,5,4,39]
04-13 11:52:15.062   709   774 I am_broadcast_discard_filter: [0,236697891,android.intent.action.SCREEN_OFF,11,971422415]
04-13 11:52:16.264   709   709 I power_screen_state: [1,0,0,0]
04-13 11:52:16.264   709   709 I screen_toggled: 1
04-13 11:52:16.522   852   852 I screen_toggled: 2
04-13 11:52:17.291   709 23473 I notification_panel_revealed: []
04-13 11:52:17.408   182   182 I sf_frame_dur: [ColorFade,10,4,1,1,0,0,0]
04-13 11:52:17.439   852   852 I sysui_status_bar_state: [1,1,0,1,0,1]
04-13 11:52:17.560   709 23473 I notification_visibility_changed: [0|com.android.systemui|789|null|10013;-1|android|17040644|null|1000,]
04-13 11:52:19.093   852   852 I sysui_heads_up_status: [,0]
04-13 11:52:19.099   709   709 I power_screen_broadcast_done: [0,14242,1]
04-13 11:52:19.099   709   709 I power_screen_broadcast_send: 1
04-13 11:52:19.267   709  1274 I notification_expansion: [0|com.android.systemui|789|null|10013,0,1]
04-13 11:52:20.178   852   852 I sysui_status_bar_state: [0,0,0,0,0,1]
04-13 11:52:20.205   709  9904 I am_resume_activity: [0,909227907,4,com.zhihu.android/.app.ui.activity.MainActivity]
04-13 11:52:21.187   709 16191 I notification_visibility_changed: [,0|com.android.systemui|789|null|10013;-1|android|17040644|null|1000]
04-13 11:52:21.192   709  9904 I notification_panel_hidden: []
04-13 11:52:21.205  1869  1869 I am_on_resume_called: [0,com.zhihu.android.app.ui.activity.MainActivity]
04-13 11:52:22.675   852   852 I sysui_panelholder_touch: [0,33,208]
04-13 11:52:25.574   709  9904 I am_home_stack_moved: [0,0,1,1,intentActivityFound]
04-13 11:52:25.574   709  9904 I wm_task_moved: [4,1,0]
04-13 11:52:25.585   709  9904 I am_new_intent: [0,437589141,4,com.zhihu.android/.app.ui.activity.MainActivity,android.intent.action.MAIN,NULL,NULL,270532608]
04-13 11:52:29.126   709   774 I am_broadcast_discard_filter: [0,125655466,android.intent.action.SCREEN_ON,10,971422415]
04-13 11:52:29.146   709   709 I power_screen_broadcast_done: [1,10047,1]
04-13 11:52:40.459   709   804 I am_home_stack_moved: [0,0,1,1,intentActivityFound]
04-13 11:52:40.459   709   804 I wm_task_moved: [4,1,0]
04-13 11:52:40.466   709   804 I am_new_intent: [0,623716763,4,com.zhihu.android/.app.ui.activity.MainActivity,android.intent.action.MAIN,NULL,NULL,270532608]
04-13 11:53:33.328   182   182 I sf_frame_dur: [SubPanel:com.zhihu.android/com.zhihu.android.app.ui.activity.MainActivity,0,1,0,0,0,0,0]
04-13 11:53:39.338  1869  1869 I menu_item_selected: [0,]
04-13 11:53:39.892   182   182 I sf_frame_dur: [SubPanel:com.zhihu.android/com.zhihu.android.app.ui.activity.MainActivity,4,6,0,0,1,1,0]
04-13 11:53:43.270   182   182 I sf_frame_dur: [SubPanel:com.zhihu.android/com.zhihu.android.app.ui.activity.MainActivity,0,1,0,0,1,0,0]
04-13 11:53:44.992   709  5468 I am_home_stack_moved: [0,0,1,1,intentActivityFound]
04-13 11:53:44.992   709  5468 I wm_task_moved: [4,1,0]
04-13 11:53:45.000   709  5468 I am_new_intent: [0,490775881,4,com.zhihu.android/.app.ui.activity.MainActivity,android.intent.action.MAIN,NULL,NULL,270532608]
04-13 11:54:03.070  1869  1869 I menu_item_selected: [0,]
04-13 11:54:03.511   182   182 I sf_frame_dur: [SubPanel:com.zhihu.android/com.zhihu.android.app.ui.activity.MainActivity,0,0,1,0,0,0,0]
04-13 11:54:16.601   182   182 I sf_frame_dur: [SubPanel:com.zhihu.android/com.zhihu.android.app.ui.activity.MainActivity,20,1,0,1,1,1,0]
04-13 11:54:22.911   182   182 I sf_frame_dur: [SubPanel:com.zhihu.android/com.zhihu.android.app.ui.activity.MainActivity,2,7,1,0,0,1,0]
04-13 11:54:47.075   709  5468 I am_home_stack_moved: [0,0,1,1,intentActivityFound]
04-13 11:54:47.075   709  5468 I wm_task_moved: [4,1,0]
04-13 11:54:47.087   709  5468 I am_new_intent: [0,803505411,4,com.zhihu.android/.app.ui.activity.MainActivity,android.intent.action.MAIN,NULL,NULL,270532608]
04-13 11:54:53.572   709  1274 I am_home_stack_moved: [0,0,1,1,intentActivityFound]
04-13 11:54:53.572   709  1274 I wm_task_moved: [4,1,0]
04-13 11:54:53.586   709  1274 I am_new_intent: [0,610934956,4,com.zhihu.android/.app.ui.activity.MainActivity,android.intent.action.MAIN,NULL,NULL,270532608]
04-13 11:54:54.968   182   182 I sf_frame_dur: [SubPanel:com.zhihu.android/com.zhihu.android.app.ui.activity.MainActivity,3,6,1,0,0,1,0]
04-13 11:55:00.051   709   725 I am_home_stack_moved: [0,0,1,1,intentActivityFound]
04-13 11:55:00.051   709   725 I wm_task_moved: [4,1,0]
04-13 11:55:00.058   709   725 I am_new_intent: [0,330210200,4,com.zhihu.android/.app.ui.activity.MainActivity,android.intent.action.MAIN,NULL,NULL,270532608]
04-13 11:55:05.329   709   725 I am_home_stack_moved: [0,0,1,1,intentActivityFound]
04-13 11:55:05.330   709   725 I wm_task_moved: [4,1,0]
04-13 11:55:05.340   709   725 I am_new_intent: [0,72400881,4,com.zhihu.android/.app.ui.activity.MainActivity,android.intent.action.MAIN,NULL,NULL,270532608]
04-13 11:55:11.623   182   182 I sf_frame_dur: [SubPanel:com.zhihu.android/com.zhihu.android.app.ui.activity.MainActivity,0,0,1,0,0,1,0]
04-13 11:55:19.628   182   182 I sf_frame_dur: [SubPanel:com.zhihu.android/com.zhihu.android.app.ui.activity.MainActivity,0,0,0,1,1,0,0]
04-13 11:55:33.958  1869  1869 I menu_item_selected: [0,]
04-13 11:55:34.652   182   182 I sf_frame_dur: [SubPanel:com.zhihu.android/com.zhihu.android.app.ui.activity.MainActivity,2,6,0,1,0,1,0]
04-13 11:55:41.977  1869  1869 I menu_item_selected: [0,]
04-13 11:55:42.602   182   182 I sf_frame_dur: [SubPanel:com.zhihu.android/com.zhihu.android.app.ui.activity.MainActivity,2,4,1,1,0,1,0]
04-13 11:55:51.110   709  1274 I am_home_stack_moved: [0,0,1,1,intentActivityFound]
04-13 11:55:51.110   709  1274 I wm_task_moved: [4,1,0]
04-13 11:55:51.117   709  1274 I am_new_intent: [0,944511688,4,com.zhihu.android/.app.ui.activity.MainActivity,android.intent.action.MAIN,NULL,NULL,270532608]
04-13 11:56:24.551   182   182 I sf_frame_dur: [SubPanel:com.zhihu.android/com.zhihu.android.app.ui.activity.MainActivity,4,6,1,0,1,1,0]
04-13 11:56:29.310  1869  1869 I menu_item_selected: [0,]
04-13 11:56:29.825   182   182 I sf_frame_dur: [SubPanel:com.zhihu.android/com.zhihu.android.app.ui.activity.MainActivity,0,0,1,0,0,1,0]
04-13 11:56:30.272   709 29519 I am_home_stack_moved: [0,0,1,1,intentActivityFound]
04-13 11:56:30.272   709 29519 I wm_task_moved: [4,1,0]
04-13 11:56:30.287   709 29519 I am_new_intent: [0,820607712,4,com.zhihu.android/.app.ui.activity.MainActivity,android.intent.action.MAIN,NULL,NULL,270532608]
04-13 11:56:37.428   709  1191 I am_home_stack_moved: [0,0,1,1,intentActivityFound]
04-13 11:56:37.428   709  1191 I wm_task_moved: [4,1,0]
04-13 11:56:37.440   709  1191 I am_new_intent: [0,538558873,4,com.zhihu.android/.app.ui.activity.MainActivity,android.intent.action.MAIN,NULL,NULL,270532608]
04-13 11:56:56.593   852   852 I sysui_panelholder_touch: [0,573,13]
04-13 11:56:56.687   709  1274 I notification_panel_revealed: []
04-13 11:56:56.702   709  1220 I notification_visibility_changed: [0|com.android.systemui|789|null|10013;-1|android|17040644|null|1000,]
04-13 11:56:57.657   852   852 I sysui_panelholder_touch: [0,980,66]
04-13 11:56:57.693   709  1220 I notification_visibility_changed: [,0|com.android.systemui|789|null|10013;-1|android|17040644|null|1000]
04-13 11:56:57.696   709  9904 I notification_panel_hidden: []
04-13 11:57:03.203   709  1220 I am_home_stack_moved: [0,0,1,1,intentActivityFound]
04-13 11:57:03.203   709  1220 I wm_task_moved: [4,1,0]
04-13 11:57:03.210   709  1220 I am_new_intent: [0,776035344,4,com.zhihu.android/.app.ui.activity.MainActivity,android.intent.action.MAIN,NULL,NULL,270532608]
04-13 11:57:05.274  1869  1869 I menu_item_selected: [0,]
04-13 11:57:08.276   182   182 I sf_frame_dur: [SubPanel:com.zhihu.android/com.zhihu.android.app.ui.activity.MainActivity,5,5,1,0,0,1,0]
04-13 11:57:21.097   182   182 I sf_frame_dur: [SubPanel:com.zhihu.android/com.zhihu.android.app.ui.activity.MainActivity,0,0,1,0,0,0,0]
04-13 11:57:35.158   709  1229 I battery_level: [94,4196,403]
04-13 11:57:35.171   709   709 I notification_cancel: [10013,852,com.android.systemui,100,low_battery,-1,0,64,8,NULL]
04-13 11:58:12.724   709  9904 I am_home_stack_moved: [0,0,1,1,intentActivityFound]
04-13 11:58:12.724   709  9904 I wm_task_moved: [4,1,0]
04-13 11:58:12.737   709  9904 I am_new_intent: [0,375432487,4,com.zhihu.android/.app.ui.activity.MainActivity,android.intent.action.MAIN,NULL,NULL,270532608]
04-13 11:58:14.150   182   182 I sf_frame_dur: [SubPanel:com.zhihu.android/com.zhihu.android.app.ui.activity.MainActivity,1,6,3,1,1,2,1]
04-13 11:58:35.666  1869  1869 I menu_item_selected: [0,]
04-13 11:58:36.239   182   182 I sf_frame_dur: [SubPanel:com.zhihu.android/com.zhihu.android.app.ui.activity.MainActivity,0,0,0,1,0,0,0]
04-13 11:58:44.874   182   182 I sf_frame_dur: [SubPanel:com.zhihu.android/com.zhihu.android.app.ui.activity.MainActivity,0,0,1,0,0,0,0]
04-13 11:58:46.767   852   852 I sysui_panelholder_touch: [0,936,32]
04-13 11:58:46.973   709   726 I notification_panel_revealed: []
04-13 11:58:47.058   709 29519 I notification_visibility_changed: [0|com.android.systemui|789|null|10013;-1|android|17040644|null|1000,]
04-13 11:58:47.215   709 29519 I notification_visibility_changed: [,0|com.android.systemui|789|null|10013;-1|android|17040644|null|1000]
04-13 11:58:47.260   709   725 I notification_panel_hidden: []
04-13 11:58:52.757  1869  1869 I menu_item_selected: [0,]
04-13 11:58:53.296   182   182 I sf_frame_dur: [SubPanel:com.zhihu.android/com.zhihu.android.app.ui.activity.MainActivity,0,4,1,2,0,0,1]
04-13 11:59:00.143   182   182 I sf_frame_dur: [SubPanel:com.zhihu.android/com.zhihu.android.app.ui.activity.MainActivity,23,5,2,3,1,0,0]
04-13 11:59:05.346   182   182 I sf_frame_dur: [SubPanel:com.zhihu.android/com.zhihu.android.app.ui.activity.MainActivity,20,1,1,1,0,1,1]
04-13 11:59:15.462   852   852 I sysui_panelholder_touch: [0,374,56]
04-13 11:59:15.626   709 10377 I notification_panel_revealed: []
04-13 11:59:15.770   709  5468 I notification_visibility_changed: [0|com.android.systemui|789|null|10013;-1|android|17040644|null|1000,]
04-13 11:59:17.518   709  1243 I notification_visibility_changed: [-1|android|17040636|null|1000,]
04-13 11:59:18.721   709   804 I notification_visibility_changed: [,0|com.android.systemui|789|null|10013;-1|android|17040644|null|1000;-1|android|17040636|null|1000]
04-13 11:59:18.724   709  1243 I notification_panel_hidden: []
04-13 11:59:24.077   182   182 I sf_frame_dur: [SubPanel:com.zhihu.android/com.zhihu.android.app.ui.activity.MainActivity,5,12,0,2,1,1,0]
04-13 11:59:29.247   709 10377 I am_home_stack_moved: [0,0,1,1,intentActivityFound]
04-13 11:59:29.248   709 10377 I wm_task_moved: [4,1,0]
04-13 11:59:29.254   709 10377 I am_new_intent: [0,525224869,4,com.zhihu.android/.app.ui.activity.MainActivity,android.intent.action.MAIN,NULL,NULL,270532608]
04-13 11:59:32.895   182   182 I sf_frame_dur: [SubPanel:com.zhihu.android/com.zhihu.android.app.ui.activity.MainActivity,11,0,2,1,0,0,0]
04-13 11:59:49.363   709  1274 I am_home_stack_moved: [0,0,1,1,intentActivityFound]
04-13 11:59:49.363   709  1274 I wm_task_moved: [4,1,0]
04-13 11:59:49.371   709  1274 I am_new_intent: [0,298304263,4,com.zhihu.android/.app.ui.activity.MainActivity,android.intent.action.MAIN,NULL,NULL,270532608]
04-13 11:59:54.172   852   852 I sysui_panelholder_touch: [0,343,68]
04-13 11:59:54.355   709  5468 I notification_panel_revealed: []
04-13 11:59:54.451   709 16191 I notification_visibility_changed: [0|com.android.systemui|789|null|10013;-1|android|17040644|null|1000,]
04-13 11:59:55.760   709  1274 I notification_clicked: 0|com.android.systemui|789|null|10013
04-13 11:59:55.760   709   709 I notification_cancel: [10013,852,com.android.systemui,789,NULL,0,16,64,1,NULL]
04-13 11:59:55.768   709   709 I notification_canceled: [0|com.android.systemui|789|null|10013,1]
04-13 11:59:55.822   709  5468 I notification_visibility_changed: [,0|com.android.systemui|789|null|10013;-1|android|17040644|null|1000]
04-13 11:59:55.848   709  9904 I notification_panel_hidden: []
04-13 11:59:56.562   709   726 I notification_expansion: [-1|android|17040644|null|1000,0,1]
04-13 12:00:17.541   182   182 I sf_frame_dur: [SubPanel:com.zhihu.android/com.zhihu.android.app.ui.activity.MainActivity,1,4,2,0,4,0,0]
04-13 12:00:24.215  1869  1869 I menu_item_selected: [0,]
04-13 12:00:24.636   182   182 I sf_frame_dur: [SubPanel:com.zhihu.android/com.zhihu.android.app.ui.activity.MainActivity,33,1,0,1,0,2,0]
04-13 12:00:29.794   709  1229 I am_home_stack_moved: [0,0,1,1,intentActivityFound]
04-13 12:00:29.794   709  1229 I wm_task_moved: [4,1,0]
04-13 12:00:29.800   709  1229 I am_new_intent: [0,550243327,4,com.zhihu.android/.app.ui.activity.MainActivity,android.intent.action.MAIN,NULL,NULL,270532608]
04-13 12:00:34.629   182   182 I sf_frame_dur: [SubPanel:com.zhihu.android/com.zhihu.android.app.ui.activity.MainActivity,0,0,1,0,0,0,0]
04-13 12:00:47.088   182   182 I sf_frame_dur: [SubPanel:com.zhihu.android/com.zhihu.android.app.ui.activity.MainActivity,0,0,0,3,0,0,0]
04-13 12:01:02.997   709  1220 I am_home_stack_moved: [0,0,1,1,intentActivityFound]
04-13 12:01:02.997   709  1220 I wm_task_moved: [4,1,0]
04-13 12:01:03.004   709  1220 I am_new_intent: [0,432864598,4,com.zhihu.android/.app.ui.activity.MainActivity,android.intent.action.MAIN,NULL,NULL,270532608]
04-13 12:01:10.660   182   182 I sf_frame_dur: [Select input method,25,1,0,1,3,1,2]
04-13 12:01:12.756  1869  1869 I menu_item_selected: [0,]
04-13 12:01:13.209   182   182 I sf_frame_dur: [SubPanel:com.zhihu.android/com.zhihu.android.app.ui.activity.MainActivity,1,1,2,1,0,0,0]
04-13 12:01:16.100   182   182 I sf_frame_dur: [SubPanel:com.zhihu.android/com.zhihu.android.app.ui.activity.MainActivity,0,0,0,1,0,0,0]
04-13 12:01:19.265   709 23473 I am_home_stack_moved: [0,0,1,1,startingNewTask]
04-13 12:01:19.266   709 23473 I wm_task_moved: [4,1,0]
04-13 12:01:19.273   709 23473 I am_create_task: [0,5]
04-13 12:01:19.273   709 23473 I am_create_activity: [0,17117921,5,com.zhihu.android/.app.ui.activity.share.ShareToMessageActivity,android.intent.action.SEND,text/plain,NULL,268959745]
04-13 12:01:19.277   709 23473 I wm_task_created: [5,1]
04-13 12:01:19.277   709 23473 I wm_task_moved: [5,1,1]
04-13 12:01:19.293   709 23473 I am_pause_activity: [0,909227907,com.zhihu.android/.app.ui.activity.MainActivity]
04-13 12:01:19.299   709 23473 I am_home_stack_moved: [0,0,1,1,startedActivity setFocusedActivity]
04-13 12:01:19.304   709 23473 I am_focused_activity: [0,com.zhihu.android/.app.ui.activity.share.ShareToMessageActivity]
04-13 12:01:19.522  1869  1869 I am_on_paused_called: [0,com.zhihu.android.app.ui.activity.MainActivity]
04-13 12:01:19.526   709 29519 I am_restart_activity: [0,17117921,5,com.zhihu.android/.app.ui.activity.share.ShareToMessageActivity]
04-13 12:01:19.816   709  9904 I am_home_stack_moved: [0,0,1,1,intentActivityFound]
04-13 12:01:19.816   709  9904 I wm_task_moved: [5,1,1]
04-13 12:01:19.824   709  9904 I am_home_stack_moved: [0,0,1,1,bringingFoundTaskToFront]
04-13 12:01:19.827   709  9904 I wm_task_moved: [4,1,1]
04-13 12:01:19.841   709  9904 I am_pause_activity: [0,17117921,com.zhihu.android/.app.ui.activity.share.ShareToMessageActivity]
04-13 12:01:19.844   709  9904 I am_task_to_front: [0,4]
04-13 12:01:19.844   709  9904 I am_new_intent: [0,149642484,4,com.zhihu.android/.app.ui.activity.MainActivity,android.intent.action.SEND,text/plain,NULL,272629761]
04-13 12:01:19.848   709  1191 I am_finish_activity: [0,17117921,5,com.zhihu.android/.app.ui.activity.share.ShareToMessageActivity,app-request]
04-13 12:01:19.849   709  1191 I am_home_stack_moved: [0,0,1,1,finishActivity adjustTopFocus setFocusedActivity]
04-13 12:01:19.849   709  1191 I am_focused_activity: [0,com.zhihu.android/.app.ui.activity.MainActivity]
04-13 12:01:19.899   182   182 I sf_frame_dur: [VolumePanel,12,2,1,1,3,0,0]
04-13 12:01:20.046   709   804 I am_resume_activity: [0,909227907,4,com.zhihu.android/.app.ui.activity.MainActivity]
04-13 12:01:20.075   852   852 I sysui_panelholder_touch: [0,1057,32]
04-13 12:01:20.237   709  9904 I notification_panel_revealed: []
04-13 12:01:20.294   709 23473 I notification_visibility_changed: [-1|android|17040644|null|1000;-1|android|17040636|null|1000,]
04-13 12:01:20.560  1869  1869 I am_on_resume_called: [0,com.zhihu.android.app.ui.activity.MainActivity]
04-13 12:01:22.479   709 29519 I notification_clicked: -1|android|17040636|null|1000
04-13 12:01:22.480   709   709 I notification_cancel: [10013,852,android,17040636,NULL,-1,16,64,1,NULL]
04-13 12:01:22.503   709   804 I notification_visibility_changed: [,-1|android|17040644|null|1000;-1|android|17040636|null|1000]
04-13 12:01:22.506   709  1191 I notification_panel_hidden: []
04-13 12:01:29.527   709   774 I am_destroy_activity: [0,17117921,5,com.zhihu.android/.app.ui.activity.share.ShareToMessageActivity,finish-idle]
04-13 12:01:31.160   709 29519 I wm_task_removed: [5,removeAppToken: last token]
04-13 12:01:31.160   709 29519 I wm_task_removed: [5,removeTask]
04-13 12:01:34.053   182   182 I sf_frame_dur: [SubPanel:com.zhihu.android/com.zhihu.android.app.ui.activity.MainActivity,0,1,2,0,0,0,0]
04-13 12:01:49.083   182   182 I sf_frame_dur: [InputMethod,0,0,0,0,0,0,2]
04-13 12:01:53.920  1869  1869 I menu_item_selected: [0,]
04-13 12:01:54.390   182   182 I sf_frame_dur: [SubPanel:com.zhihu.android/com.zhihu.android.app.ui.activity.MainActivity,1,0,0,1,1,1,0]
04-13 12:02:01.342  1869  1869 I menu_item_selected: [0,]
04-13 12:02:01.822   182   182 I sf_frame_dur: [SubPanel:com.zhihu.android/com.zhihu.android.app.ui.activity.MainActivity,0,0,1,5,0,0,0]
04-13 12:02:29.624  1869  1869 I menu_item_selected: [0,]
04-13 12:02:30.168   182   182 I sf_frame_dur: [SubPanel:com.zhihu.android/com.zhihu.android.app.ui.activity.MainActivity,0,0,0,1,0,0,0]
04-13 12:02:34.606   709   804 I am_home_stack_moved: [0,0,1,1,startingNewTask]
04-13 12:02:34.606   709   804 I wm_task_moved: [4,1,0]
04-13 12:02:34.613   709   804 I am_create_task: [0,6]
04-13 12:02:34.613   709   804 I am_create_activity: [0,40037629,6,com.zhihu.android/.app.ui.activity.share.ShareToFeedActivity,android.intent.action.SEND,text/plain,NULL,268959745]
04-13 12:02:34.614   709   804 I wm_task_created: [6,1]
04-13 12:02:34.614   709   804 I wm_task_moved: [6,1,1]
04-13 12:02:34.627   709   804 I am_pause_activity: [0,909227907,com.zhihu.android/.app.ui.activity.MainActivity]
04-13 12:02:34.636   709   804 I am_home_stack_moved: [0,0,1,1,startedActivity setFocusedActivity]
04-13 12:02:34.643   709   804 I am_focused_activity: [0,com.zhihu.android/.app.ui.activity.share.ShareToFeedActivity]
04-13 12:02:34.843  1869  1869 I am_on_paused_called: [0,com.zhihu.android.app.ui.activity.MainActivity]
04-13 12:02:34.847   709  5468 I am_restart_activity: [0,40037629,6,com.zhihu.android/.app.ui.activity.share.ShareToFeedActivity]
04-13 12:02:35.023   709  1220 I am_home_stack_moved: [0,0,1,1,intentActivityFound]
04-13 12:02:35.023   709  1220 I wm_task_moved: [6,1,1]
04-13 12:02:35.032   709  1220 I am_home_stack_moved: [0,0,1,1,bringingFoundTaskToFront]
04-13 12:02:35.032   709  1220 I wm_task_moved: [4,1,1]
04-13 12:02:35.042   709  1220 I am_pause_activity: [0,40037629,com.zhihu.android/.app.ui.activity.share.ShareToFeedActivity]
04-13 12:02:35.047   709  1220 I am_task_to_front: [0,4]
04-13 12:02:35.048   709  1220 I am_new_intent: [0,881361600,4,com.zhihu.android/.app.ui.activity.MainActivity,android.intent.action.SEND,text/plain,NULL,272629761]
04-13 12:02:35.052   709   726 I am_finish_activity: [0,40037629,6,com.zhihu.android/.app.ui.activity.share.ShareToFeedActivity,app-request]
04-13 12:02:35.052   709   726 I am_home_stack_moved: [0,0,1,1,finishActivity adjustTopFocus setFocusedActivity]
04-13 12:02:35.052   709   726 I am_focused_activity: [0,com.zhihu.android/.app.ui.activity.MainActivity]
04-13 12:02:35.196   709  1220 I am_resume_activity: [0,909227907,4,com.zhihu.android/.app.ui.activity.MainActivity]
04-13 12:02:36.921  1869  1869 I am_on_resume_called: [0,com.zhihu.android.app.ui.activity.MainActivity]
04-13 12:02:40.310  1869  1869 I menu_item_selected: [0,]
04-13 12:02:41.299   182   182 I sf_frame_dur: [SubPanel:com.zhihu.android/com.zhihu.android.app.ui.activity.MainActivity,0,1,0,1,2,1,0]
04-13 12:02:44.853   709   774 I am_destroy_activity: [0,40037629,6,com.zhihu.android/.app.ui.activity.share.ShareToFeedActivity,finish-idle]
04-13 12:02:44.920   709 29519 I wm_task_removed: [6,removeAppToken: last token]
04-13 12:02:44.920   709 29519 I wm_task_removed: [6,removeTask]
04-13 12:02:47.224   182   182 I sf_frame_dur: [SubPanel:com.zhihu.android/com.zhihu.android.app.ui.activity.MainActivity,1,2,5,1,2,0,0]
04-13 12:02:49.616   852   852 I sysui_panelholder_touch: [0,228,47]
04-13 12:02:49.676   709  1191 I notification_panel_revealed: []
04-13 12:02:49.721   709  5468 I notification_visibility_changed: [-1|android|17040644|null|1000;-1|android|17040636|null|1000,]
04-13 12:02:49.771   709 23473 I notification_visibility_changed: [,-1|android|17040644|null|1000;-1|android|17040636|null|1000]
04-13 12:02:49.775   709   804 I notification_panel_hidden: []
04-13 12:02:49.993   709  1191 I notification_panel_revealed: []
04-13 12:02:50.971   709 23473 I notification_visibility_changed: [-1|android|17040644|null|1000;-1|android|17040636|null|1000,]
04-13 12:03:06.121   709  1191 I notification_visibility_changed: [,-1|android|17040644|null|1000;-1|android|17040636|null|1000]
04-13 12:03:06.124   709 23473 I notification_panel_hidden: []
04-13 12:03:21.151  1869  1869 I menu_item_selected: [0,]
04-13 12:03:21.844   182   182 I sf_frame_dur: [SubPanel:com.zhihu.android/com.zhihu.android.app.ui.activity.MainActivity,5,0,1,1,2,1,0]
04-13 12:03:25.829   182   182 I sf_frame_dur: [com.zhihu.android/com.zhihu.android.app.ui.activity.MainActivity,0,0,0,2,0,0,0]
04-13 12:03:33.943   182   182 I sf_frame_dur: [VolumePanel,0,0,0,1,0,0,0]
04-13 12:03:42.337   709  1229 I am_home_stack_moved: [0,0,1,1,intentActivityFound]
04-13 12:03:42.337   709  1229 I wm_task_moved: [4,1,0]
04-13 12:03:42.345   709  1229 I am_new_intent: [0,693603666,4,com.zhihu.android/.app.ui.activity.MainActivity,android.intent.action.MAIN,NULL,NULL,270532608]
04-13 12:03:43.685   182   182 I sf_frame_dur: [SubPanel:com.zhihu.android/com.zhihu.android.app.ui.activity.MainActivity,20,0,2,1,0,1,0]
04-13 12:03:45.759   182   182 I sf_frame_dur: [com.zhihu.android/com.zhihu.android.app.ui.activity.MainActivity,0,0,1,1,0,0,0]
04-13 12:03:57.462   709 10377 I am_home_stack_moved: [0,0,1,1,intentActivityFound]
04-13 12:03:57.462   709 10377 I wm_task_moved: [4,1,0]
04-13 12:03:57.473   709 10377 I am_new_intent: [0,697381944,4,com.zhihu.android/.app.ui.activity.MainActivity,android.intent.action.MAIN,NULL,NULL,270532608]
04-13 12:04:16.541  1869  1869 I menu_item_selected: [0,]
04-13 12:05:00.548   182   182 I sf_frame_dur: [com.zhihu.android/com.zhihu.android.app.ui.activity.MainActivity,10,0,1,1,2,0,0]
04-13 12:05:03.562   709  5468 I am_home_stack_moved: [0,0,1,1,intentActivityFound]
04-13 12:05:03.562   709  5468 I wm_task_moved: [4,1,0]
04-13 12:05:03.569   709  5468 I am_new_intent: [0,190771072,4,com.zhihu.android/.app.ui.activity.MainActivity,android.intent.action.MAIN,NULL,NULL,270532608]
04-13 12:05:25.598   182   182 I sf_frame_dur: [com.zhihu.android/com.zhihu.android.app.ui.activity.MainActivity,16,0,1,1,0,1,0]
04-13 12:05:29.735   182   182 I sf_frame_dur: [SubPanel:com.zhihu.android/com.zhihu.android.app.ui.activity.MainActivity,17,2,1,0,1,1,0]
04-13 12:05:34.829   182   182 I sf_frame_dur: [SubPanel:com.zhihu.android/com.zhihu.android.app.ui.activity.MainActivity,6,1,1,0,0,1,0]
04-13 12:05:57.516   182   182 I sf_frame_dur: [SubPanel:com.zhihu.android/com.zhihu.android.app.ui.activity.MainActivity,19,3,0,0,1,1,0]
04-13 12:06:07.631   182   182 I sf_frame_dur: [SubPanel:com.zhihu.android/com.zhihu.android.app.ui.activity.MainActivity,7,0,1,0,0,0,0]
04-13 12:06:14.422   709 29519 I am_home_stack_moved: [0,0,1,1,intentActivityFound]
04-13 12:06:14.422   709 29519 I wm_task_moved: [4,1,0]
04-13 12:06:14.430   709 29519 I am_new_intent: [0,129920390,4,com.zhihu.android/.app.ui.activity.MainActivity,android.intent.action.MAIN,NULL,NULL,270532608]
04-13 12:06:28.881  1869  1869 I menu_item_selected: [0,]
04-13 12:06:29.404   182   182 I sf_frame_dur: [SubPanel:com.zhihu.android/com.zhihu.android.app.ui.activity.MainActivity,21,1,2,0,0,1,0]
04-13 12:06:35.265   182   182 I sf_frame_dur: [SubPanel:com.zhihu.android/com.zhihu.android.app.ui.activity.MainActivity,0,1,0,0,0,0,0]
04-13 12:06:39.334   182   182 I sf_frame_dur: [SubPanel:com.zhihu.android/com.zhihu.android.app.ui.activity.MainActivity,6,1,1,0,1,0,0]
04-13 12:06:41.052   709 29519 I am_home_stack_moved: [0,0,1,1,intentActivityFound]
04-13 12:06:41.052   709 29519 I wm_task_moved: [4,1,0]
04-13 12:06:41.063   709 29519 I am_new_intent: [0,717440054,4,com.zhihu.android/.app.ui.activity.MainActivity,android.intent.action.MAIN,NULL,NULL,270532608]
04-13 12:06:54.735   182   182 I sf_frame_dur: [VolumePanel,24,1,1,1,0,1,0]
04-13 12:07:03.073   182   182 I sf_frame_dur: [SubPanel:com.zhihu.android/com.zhihu.android.app.ui.activity.MainActivity,17,1,1,0,0,0,0]
04-13 12:07:14.220   709   726 I am_home_stack_moved: [0,0,1,1,intentActivityFound]
04-13 12:07:14.221   709   726 I wm_task_moved: [4,1,0]
04-13 12:07:14.228   709   726 I am_new_intent: [0,465774310,4,com.zhihu.android/.app.ui.activity.MainActivity,android.intent.action.MAIN,NULL,NULL,270532608]
04-13 12:07:19.526   182   182 I sf_frame_dur: [VolumePanel,18,3,0,0,0,0,2]
04-13 12:07:24.631   182   182 I sf_frame_dur: [SubPanel:com.zhihu.android/com.zhihu.android.app.ui.activity.MainActivity,6,1,1,0,0,0,0]
04-13 12:07:30.666  1869  1869 I menu_item_selected: [0,]
04-13 12:07:31.175   182   182 I sf_frame_dur: [SubPanel:com.zhihu.android/com.zhihu.android.app.ui.activity.MainActivity,22,0,2,0,0,1,0]
04-13 12:07:43.856  1869  1869 I menu_item_selected: [0,]
04-13 12:07:44.399   182   182 I sf_frame_dur: [SubPanel:com.zhihu.android/com.zhihu.android.app.ui.activity.MainActivity,22,0,1,1,0,1,0]
04-13 12:08:08.541   182   182 I sf_frame_dur: [SubPanel:com.zhihu.android/com.zhihu.android.app.ui.activity.MainActivity,6,2,0,0,1,0,0]
04-13 12:08:16.643   182   182 I sf_frame_dur: [SubPanel:com.zhihu.android/com.zhihu.android.app.ui.activity.MainActivity,38,1,2,0,1,0,0]
04-13 12:08:25.783   182   182 I sf_frame_dur: [SubPanel:com.zhihu.android/com.zhihu.android.app.ui.activity.MainActivity,21,2,1,1,0,1,0]
04-13 12:08:42.224   182   182 I sf_frame_dur: [SubPanel:com.zhihu.android/com.zhihu.android.app.ui.activity.MainActivity,2,0,3,0,0,0,0]
04-13 12:08:56.326  1869  1869 I menu_item_selected: [0,]
04-13 12:08:56.723   182   182 I sf_frame_dur: [SubPanel:com.zhihu.android/com.zhihu.android.app.ui.activity.MainActivity,3,1,1,0,0,0,0]
04-13 12:09:06.625   709  1220 I am_home_stack_moved: [0,0,1,1,intentActivityFound]
04-13 12:09:06.625   709  1220 I wm_task_moved: [4,1,0]
04-13 12:09:06.633   709  1220 I am_new_intent: [0,145237923,4,com.zhihu.android/.app.ui.activity.MainActivity,android.intent.action.MAIN,NULL,NULL,270532608]
04-13 12:09:07.643   709 10377 I am_home_stack_moved: [0,0,1,1,intentActivityFound]
04-13 12:09:07.644   709 10377 I wm_task_moved: [4,1,0]
04-13 12:09:07.652   709 10377 I am_new_intent: [0,918469280,4,com.zhihu.android/.app.ui.activity.MainActivity,android.intent.action.MAIN,NULL,NULL,270532608]
04-13 12:09:16.231   182   182 I sf_frame_dur: [SubPanel:com.zhihu.android/com.zhihu.android.app.ui.activity.MainActivity,22,1,1,0,0,1,0]
04-13 12:09:17.203   182   182 I sf_frame_dur: [VolumePanel,25,2,1,0,0,1,1]
04-13 12:09:23.170  1869  1869 I menu_item_selected: [0,]
04-13 12:09:23.582   182   182 I sf_frame_dur: [SubPanel:com.zhihu.android/com.zhihu.android.app.ui.activity.MainActivity,0,1,0,1,0,0,0]
04-13 12:09:25.976   182   182 I sf_frame_dur: [VolumePanel,0,1,0,0,0,0,0]
04-13 12:09:28.560   852   852 I sysui_panelholder_touch: [0,743,43]
04-13 12:09:28.603   709   803 I notification_panel_revealed: []
04-13 12:09:28.618   709  9904 I notification_visibility_changed: [-1|android|17040644|null|1000;-1|android|17040636|null|1000,]
04-13 12:09:32.885   709   774 I am_proc_start: [0,12554,1000,com.android.settings,broadcast,com.android.settings/.widget.SettingsAppWidgetProvider]
04-13 12:09:32.979   709  1243 I am_proc_bound: [0,12554,com.android.settings]
04-13 12:09:33.102   709   778 I force_gc: Binder
04-13 12:09:33.145   709 10377 I am_kill : [0,1798,com.android.email,15,empty for 3362s]
04-13 12:09:33.211   709  9904 I am_proc_died: [0,1798,com.android.email]
04-13 12:09:33.722   709  5468 I am_home_stack_moved: [0,0,1,1,intentActivityFound]
04-13 12:09:33.722   709  5468 I wm_task_moved: [4,1,0]
04-13 12:09:33.731   709  5468 I am_new_intent: [0,449716849,4,com.zhihu.android/.app.ui.activity.MainActivity,android.intent.action.MAIN,NULL,NULL,270532608]
04-13 12:09:43.144   709  1003 I notification_visibility_changed: [,-1|android|17040644|null|1000;-1|android|17040636|null|1000]
04-13 12:09:43.150   709 16191 I notification_panel_hidden: []
04-13 12:09:45.153   182   182 I sf_frame_dur: [SubPanel:com.zhihu.android/com.zhihu.android.app.ui.activity.MainActivity,46,2,2,2,0,1,1]
04-13 12:09:47.147   182   182 I sf_frame_dur: [SubPanel:com.zhihu.android/com.zhihu.android.app.ui.activity.MainActivity,15,3,0,0,0,0,0]
04-13 12:09:58.500   182   182 I sf_frame_dur: [SubPanel:com.zhihu.android/com.zhihu.android.app.ui.activity.MainActivity,36,3,0,0,0,1,1]
04-13 12:10:08.467   709 29519 I am_home_stack_moved: [0,0,1,1,intentActivityFound]
04-13 12:10:08.468   709 29519 I wm_task_moved: [4,1,0]
04-13 12:10:08.475   709 29519 I am_new_intent: [0,57262428,4,com.zhihu.android/.app.ui.activity.MainActivity,android.intent.action.MAIN,NULL,NULL,270532608]
04-13 12:10:16.092   182   182 I sf_frame_dur: [SubPanel:com.zhihu.android/com.zhihu.android.app.ui.activity.MainActivity,7,0,2,0,0,0,0]
04-13 12:10:20.924   852   852 I sysui_panelholder_touch: [0,589,60]
04-13 12:10:20.952   709  9904 I notification_panel_revealed: []
04-13 12:10:20.961   709   803 I notification_visibility_changed: [-1|android|17040644|null|1000;-1|android|17040636|null|1000,]
04-13 12:10:21.551   709  9904 I notification_visibility_changed: [,-1|android|17040644|null|1000;-1|android|17040636|null|1000]
04-13 12:10:21.552   709   803 I notification_panel_hidden: []
04-13 12:10:26.294   182   182 I sf_frame_dur: [SubPanel:com.zhihu.android/com.zhihu.android.app.ui.activity.MainActivity,22,2,1,0,0,1,0]
04-13 12:10:34.466   182   182 I sf_frame_dur: [SubPanel:com.zhihu.android/com.zhihu.android.app.ui.activity.MainActivity,15,1,1,0,0,0,0]
04-13 12:10:37.192  1869  1869 I menu_item_selected: [0,]
04-13 12:10:37.696   182   182 I sf_frame_dur: [SubPanel:com.zhihu.android/com.zhihu.android.app.ui.activity.MainActivity,5,3,0,0,0,0,0]
04-13 12:10:59.819   709  1274 I am_home_stack_moved: [0,0,1,1,intentActivityFound]
04-13 12:10:59.819   709  1274 I wm_task_moved: [4,1,0]
04-13 12:10:59.827   709  1274 I am_new_intent: [0,201960785,4,com.zhihu.android/.app.ui.activity.MainActivity,android.intent.action.MAIN,NULL,NULL,270532608]
04-13 12:11:04.019  1869  1869 I menu_item_selected: [0,]
04-13 12:11:04.533   182   182 I sf_frame_dur: [SubPanel:com.zhihu.android/com.zhihu.android.app.ui.activity.MainActivity,21,1,2,0,0,1,0]
04-13 12:11:06.325   182   182 I sf_frame_dur: [SubPanel:com.zhihu.android/com.zhihu.android.app.ui.activity.MainActivity,4,1,0,0,1,0,0]
04-13 12:11:11.549   182   182 I sf_frame_dur: [SubPanel:com.zhihu.android/com.zhihu.android.app.ui.activity.MainActivity,39,3,1,0,0,1,1]
04-13 12:11:13.448   709  1229 I am_home_stack_moved: [0,0,1,1,startingNewTask]
04-13 12:11:13.449   709  1229 I wm_task_moved: [4,1,0]
04-13 12:11:13.456   709  1229 I am_create_task: [0,7]
04-13 12:11:13.456   709  1229 I am_create_activity: [0,694697419,7,com.zhihu.android/.app.ui.activity.share.ShareToMessageActivity,android.intent.action.SEND,text/plain,NULL,268959745]
04-13 12:11:13.458   709  1229 I wm_task_created: [7,1]
04-13 12:11:13.458   709  1229 I wm_task_moved: [7,1,1]
04-13 12:11:13.467   709  1229 I am_pause_activity: [0,909227907,com.zhihu.android/.app.ui.activity.MainActivity]
04-13 12:11:13.470   709  1229 I am_home_stack_moved: [0,0,1,1,startedActivity setFocusedActivity]
04-13 12:11:13.472   709  1229 I am_focused_activity: [0,com.zhihu.android/.app.ui.activity.share.ShareToMessageActivity]
04-13 12:11:13.545  1869  1869 I am_on_paused_called: [0,com.zhihu.android.app.ui.activity.MainActivity]
04-13 12:11:13.547   709  1191 I am_restart_activity: [0,694697419,7,com.zhihu.android/.app.ui.activity.share.ShareToMessageActivity]
