08-09 01:58:24.185  1175  1175 D SubscriptionController: [getSubId]- mSlotIdToSubIdMap.size == 0, return DummySubIds slotIdx=0
08-09 01:58:24.185  1175  1175 D SubscriptionController: getDummySubIds: slotIdx=0 return 1 DummySubIds with each subId=-2
08-09 01:58:24.186   709  1220 D SubscriptionManager: [getPhoneId]- fail
08-09 01:58:24.187   191   301 D RILC    : RequestComplete, RIL_SOCKET_1
08-09 01:58:24.187   191   301 E RILC    : Send Response to RIL_SOCKET_1
08-09 01:58:24.187  1175  1175 D RILJ    : [3701]> OPERATOR [SUB0]
08-09 01:58:24.188  1175  1283 D RilRequest: [3688]< SIM_IO error: com.android.internal.telephony.CommandException: GENERIC_FAILURE ret=IccIoResponse sw1:0x6a sw2:0x82
08-09 01:58:24.189  1175  1175 D RILJ    : [3702]> DATA_REGISTRATION_STATE [SUB0]
08-09 01:58:24.190   191   301 D RILC    : RequestComplete, RIL_SOCKET_1
08-09 01:58:24.190   191   301 E RILC    : Send Response to RIL_SOCKET_1
08-09 01:58:24.191  1175  1283 D RilRequest: [3689]< SIM_IO error: com.android.internal.telephony.CommandException: GENERIC_FAILURE ret=IccIoResponse sw1:0x94 sw2:0x4
08-09 01:58:24.191  1175  1175 D RILJ    : [3703]> VOICE_REGISTRATION_STATE [SUB0]
08-09 01:58:24.194  1175  1175 D RILJ    : [3704]> QUERY_NETWORK_SELECTION_MODE [SUB0]
08-09 01:58:24.194   191  1432 D RILC    : RequestComplete, RIL_SOCKET_1
08-09 01:58:24.195   191  1432 E RILC    : Send Response to RIL_SOCKET_1
08-09 01:58:24.196  1175  1283 D RILJ    : [3702]< DATA_REGISTRATION_STATE {0, null, null, null, 0, 20, null, 446, 2929439, null, null} [SUB0]
08-09 01:58:24.197   191  1431 D RILC    : RequestComplete, RIL_SOCKET_1
08-09 01:58:24.197   191  1431 E RILC    : Send Response to RIL_SOCKET_1
08-09 01:58:24.198  1175  1283 D RILJ    : [3701]< OPERATOR {null, null, null} [SUB0]
08-09 01:58:24.198  1175  1175 E IccCardProxy: setExternalState: !override and newstate unchanged from READY
08-09 01:58:24.198  1175  1175 D UiccCarrierPrivilegeRules: EVENT_OPEN_LOGICAL_CHANNEL_DONE
08-09 01:58:24.198  1175  1175 E UiccCarrierPrivilegeRules: Error opening channel
08-09 01:58:24.199  1175  1175 D SubscriptionInfoUpdater: [Receiver]+
08-09 01:58:24.199  1175  1175 D SubscriptionInfoUpdater: Action: android.intent.action.SIM_STATE_CHANGED
08-09 01:58:24.199  1175  1175 D SubscriptionInfoUpdater: slotId: 0
08-09 01:58:24.199  1175  1175 D SubscriptionInfoUpdater: simStatus: READY
08-09 01:58:24.199  1175  1175 D SubscriptionInfoUpdater: Ignoring simStatus: READY
08-09 01:58:24.200  1175  1175 D SubscriptionInfoUpdater: [Receiver]-
08-09 01:58:24.200  1175  1175 D DctController: handleMessage msg={ when=-137ms what=100 target=com.android.internal.telephony.dataconnection.DctController }
08-09 01:58:24.201  1175  1175 D DctController: getTopPriorityRequestPhoneId = 0, priority = -1
08-09 01:58:24.203   191  1433 I RILQ    : (0/191):RIL[0][cmd-20(248)] qcril_qmi_nas_update_data_rte: completed, new drte 0 with confidence 4
08-09 01:58:24.205   191  1433 D RILC    : RequestComplete, RIL_SOCKET_1
08-09 01:58:24.205   191  1433 E RILC    : Send Response to RIL_SOCKET_1
08-09 01:58:24.207  1175  1283 D RILJ    : [3703]< VOICE_REGISTRATION_STATE {2, null, null, 0, null, null, null, 0, null, null, null, null, null, 0, null} [SUB0]
08-09 01:58:24.209  1175  1175 D DcSwitchAsyncChannel: [DcSwitchAsyncChannel-0]: rspIsIdle=true
08-09 01:58:24.209  1175  1175 D DctController: onProcessRequest phoneId=0, activePhoneId=-1
08-09 01:58:24.210  1175  1175 D RILJ    : [3705]> iccIO: SIM_IO 0xb0 0x2fe2  path: 3F00,0,0,10 aid: a0000000871002ff86ffff89ffffffff [SUB0]
08-09 01:58:24.217  1175  1175 D RILJ    : [3706]> iccIO: SIM_IO 0xb2 0x6f40  path: 3F007FFF,1,4,28 aid: a0000000871002ff86ffff89ffffffff [SUB0]
08-09 01:58:24.218   191  1434 D RILC    : RequestComplete, RIL_SOCKET_1
08-09 01:58:24.218   191  1434 E RILC    : Send Response to RIL_SOCKET_1
08-09 01:58:24.219   191   301 D RILC    : RequestComplete, RIL_SOCKET_1
08-09 01:58:24.219   191   301 E RILC    : Send Response to RIL_SOCKET_1
08-09 01:58:24.220  1175  1283 D RILJ    : [3704]< QUERY_NETWORK_SELECTION_MODE {0} [SUB0]
08-09 01:58:24.231   191   301 D RILC    : RequestComplete, RIL_SOCKET_1
08-09 01:58:24.231   191   301 E RILC    : Send Response to RIL_SOCKET_1
08-09 01:58:24.236  1175  1175 D RILJ    : [3707]> iccIO: SIM_IO 0xb0 0x6fad  path: 3F007FFF,0,0,4 aid: a0000000871002ff86ffff89ffffffff [SUB0]
08-09 01:58:24.240  1175  1283 D RilRequest: [3690]< SIM_IO error: com.android.internal.telephony.CommandException: GENERIC_FAILURE ret=IccIoResponse sw1:0x6a sw2:0x82
08-09 01:58:24.240  1175  1283 D RILJ    : [3691]< SIM_IO IccIoResponse sw1:0x90 sw2:0x0 [SUB0]
08-09 01:58:24.241  1175  1175 D SubscriptionController: [getSubId]- mSlotIdToSubIdMap.size == 0, return DummySubIds slotIdx=0
08-09 01:58:24.241  1175  1175 D SubscriptionController: getDummySubIds: slotIdx=0 return 1 DummySubIds with each subId=-2
08-09 01:58:24.242  1175  1175 D IccCardProxy: broadcastIccStateChangedIntent intent ACTION_SIM_STATE_CHANGED value=IMSI reason=null for mPhoneId=0
08-09 01:58:24.245  1175  1175 D PHONE   : [ServiceState] setDataRegState=1
08-09 01:58:24.246  1175  1175 D PHONE   : [ServiceState] setDataRadioTechnology=0
08-09 01:58:24.246  1175  1175 D GsmSST  : [GsmSST] handlPollStateResultMessage: GsmSST setDataRegState=1 regState=0 dataRadioTechnology=0
08-09 01:58:24.246  1175  1175 D PHONE   : [ServiceState] setVoiceRegState=1
08-09 01:58:24.246  1175  1175 E PHONE   : [ServiceState] setState deprecated use setVoiceRegState()
08-09 01:58:24.248  1175  1175 D GsmSST  : [GsmSST] Poll ServiceState done:  oldSS=[1 1 voice home data home null null null null null null  Unknown Unknown CSS not supported -1 -1 RoamInd=-1 DefRoamInd=-1 EmergOnly=false] newSS=[1 1 voice home data home null null null null null null  Unknown Unknown CSS not supported -1 -1 RoamInd=-1 DefRoamInd=-1 EmergOnly=false] oldMaxDataCalls=20 mNewMaxDataCalls=20 oldReasonDataDenied=-1 mNewReasonDataDenied=-1
08-09 01:58:24.249  1175  1175 D PHONE   : [ServiceState] setNullState=1
08-09 01:58:24.249  1175  1175 D RILJ    : [3708]> iccIO: SIM_IO 0xc0 0x6f17  path: 3F007FFF,0,0,15 aid: a0000000871002ff86ffff89ffffffff [SUB0]
08-09 01:58:24.252  1175  1175 D SIMRecords: [SIMRecords] onRecordLoaded 17 requested: true
08-09 01:58:24.252  1175  1175 D SIMRecords: [SIMRecords] EF_MWIS : null
08-09 01:58:24.253  1175  1175 D SIMRecords: [SIMRecords] EVENT_GET_MWIS_DONE exception = com.android.internal.telephony.CommandException: GENERIC_FAILURE
08-09 01:58:24.253  1175  1175 D SIMRecords: [SIMRecords] onRecordLoaded 16 requested: true
08-09 01:58:24.254  1175  1175 D RILJ    : [3709]> iccIO: SIM_IO 0xb0 0x6f46  path: 3F007FFF,0,0,17 aid: a0000000871002ff86ffff89ffffffff [SUB0]
08-09 01:58:24.260   191   301 D RILC    : RequestComplete, RIL_SOCKET_1
08-09 01:58:24.260   191   301 E RILC    : Send Response to RIL_SOCKET_1
08-09 01:58:24.263  1175  1283 D RilRequest: [3692]< SIM_IO error: com.android.internal.telephony.CommandException: GENERIC_FAILURE ret=IccIoResponse sw1:0x6a sw2:0x82
08-09 01:58:24.265  1175  1175 D SIMRecords: [SIMRecords] EF_CPHS_MWI: null
08-09 01:58:24.265  1175  1175 D SIMRecords: [SIMRecords] EVENT_GET_VOICE_MAIL_INDICATOR_CPHS_DONE exception = com.android.internal.telephony.CommandException: GENERIC_FAILURE
08-09 01:58:24.266  1175  1175 D SIMRecords: [SIMRecords] onRecordLoaded 15 requested: true
08-09 01:58:24.267  1175  1175 D SIMRecords: [SIMRecords] onRecordLoaded 14 requested: true
08-09 01:58:24.268  1175  1175 D SIMRecords: [SIMRecords] onRecordLoaded 13 requested: true
08-09 01:58:24.269  1175  1175 D SIMRecords: [SIMRecords] onRecordLoaded 12 requested: true
08-09 01:58:24.282   191   301 D RILC    : RequestComplete, RIL_SOCKET_1
08-09 01:58:24.282   191   301 E RILC    : Send Response to RIL_SOCKET_1
08-09 01:58:24.285  1175  1283 D RILJ    : [3693]< SIM_IO IccIoResponse sw1:0x90 sw2:0x0 [SUB0]
08-09 01:58:24.286   191   301 D RILC    : RequestComplete, RIL_SOCKET_1
08-09 01:58:24.286   191   301 E RILC    : Send Response to RIL_SOCKET_1
08-09 01:58:24.287  1175  1175 D RILJ    : [3710]> iccIO: SIM_IO 0xb2 0x6fc5  path: 3F007FFF,1,4,14 aid: a0000000871002ff86ffff89ffffffff [SUB0]
08-09 01:58:24.288  1175  1283 D RILJ    : [3707]< SIM_IO IccIoResponse sw1:0x90 sw2:0x0 [SUB0]
08-09 01:58:24.289  1175  1175 D SIMRecords: [SIMRecords] EF_AD: 00000002
08-09 01:58:24.290  1175  1175 D SIMRecords: [SIMRecords] setting4 mMncLength=2
08-09 01:58:24.291  1175  1175 D SIMRecords: [SIMRecords] mccmncCode=460011
08-09 01:58:24.292  1175  1175 D SIMRecords: [SIMRecords] update mccmnc=46001
08-09 01:58:24.309  1175  1175 D TelephonyManager: getSimOperatorNumeric(): default subId=1
08-09 01:58:24.309  1175  1175 D SubscriptionController: [getPhoneId]- no sims, returning default phoneId=2147483647
08-09 01:58:24.314  1175  1175 D TelephonyManager: getTelephonyProperty: return propVal='null' phoneId=2147483647 property='gsm.sim.operator.numeric' defaultVal='' prop=
08-09 01:58:24.329   191   301 D RILC    : RequestComplete, RIL_SOCKET_1
08-09 01:58:24.329   191   301 E RILC    : Send Response to RIL_SOCKET_1
08-09 01:58:24.330  1175  1283 D RILJ    : [3694]< SIM_IO IccIoResponse sw1:0x90 sw2:0x0 [SUB0]
08-09 01:58:24.338   709   773 D TelephonyManager: getSimOperatorNumeric(): default subId=1
08-09 01:58:24.340  1175  1205 D SubscriptionController: [getPhoneId]- no sims, returning default phoneId=2147483647
08-09 01:58:24.354   191   301 D RILC    : RequestComplete, RIL_SOCKET_1
08-09 01:58:24.354   191   301 E RILC    : Send Response to RIL_SOCKET_1
08-09 01:58:24.356  1175  1283 D RilRequest: [3695]< SIM_IO error: com.android.internal.telephony.CommandException: GENERIC_FAILURE ret=IccIoResponse sw1:0x6a sw2:0x82
08-09 01:58:24.380   191   301 D RILC    : RequestComplete, RIL_SOCKET_1
08-09 01:58:24.380   191   301 E RILC    : Send Response to RIL_SOCKET_1
08-09 01:58:24.382  1175  1283 D RilRequest: [3696]< SIM_IO error: com.android.internal.telephony.CommandException: GENERIC_FAILURE ret=IccIoResponse sw1:0x6a sw2:0x82
08-09 01:58:24.388  1175  1175 D SIMRecords: [SIMRecords] onRecordLoaded 11 requested: true
08-09 01:58:24.390  1175  1175 D RILJ    : [3711]> iccIO: SIM_IO 0xb0 0x6f38  path: 3F007FFF,0,0,10 aid: a0000000871002ff86ffff89ffffffff [SUB0]
08-09 01:58:24.397  1175  1175 D SubscriptionInfoUpdater: [Receiver]+
08-09 01:58:24.397  1175  1175 D SubscriptionInfoUpdater: Action: android.intent.action.SIM_STATE_CHANGED
08-09 01:58:24.397  1175  1175 D SubscriptionInfoUpdater: slotId: 0
08-09 01:58:24.398  1175  1175 D SubscriptionInfoUpdater: simStatus: IMSI
08-09 01:58:24.398  1175  1175 D SubscriptionInfoUpdater: Ignoring simStatus: IMSI
08-09 01:58:24.398  1175  1175 D SubscriptionInfoUpdater: [Receiver]-
08-09 01:58:24.403   191   301 D RILC    : RequestComplete, RIL_SOCKET_1
08-09 01:58:24.403   191   301 E RILC    : Send Response to RIL_SOCKET_1
08-09 01:58:24.404  1175  1283 D RILJ    : [3697]< SIM_IO IccIoResponse sw1:0x90 sw2:0x0 [SUB0]
08-09 01:58:24.411  1175  1175 D RILJ    : [3712]> iccIO: SIM_IO 0xb0 0x6f3e  path: 3F007FFF,0,0,1 aid: a0000000871002ff86ffff89ffffffff [SUB0]
08-09 01:58:24.418  1175  1175 D SIMRecords: [SIMRecords] onRecordLoaded 10 requested: true
08-09 01:58:24.427  1175  1175 E SIMRecords: [SIMRecords] Exception in fetching EF_CSP data com.android.internal.telephony.CommandException: GENERIC_FAILURE
08-09 01:58:24.428  1175  1175 D SIMRecords: [SIMRecords] onRecordLoaded 9 requested: true
08-09 01:58:24.439   709   773 D TelephonyManager: getTelephonyProperty: return propVal='null' phoneId=2147483647 property='gsm.sim.operator.numeric' defaultVal='' prop=
08-09 01:58:24.446   191   301 D RILC    : RequestComplete, RIL_SOCKET_1
08-09 01:58:24.446   191   301 E RILC    : Send Response to RIL_SOCKET_1
08-09 01:58:24.447  1175  1283 D RILJ    : [3698]< SIM_IO IccIoResponse sw1:0x90 sw2:0x0 [SUB0]
08-09 01:58:24.448  1175  1175 D RILJ    : [3713]> iccIO: SIM_IO 0xb0 0x6f05  path: 3F007FFF,0,0,4 aid: a0000000871002ff86ffff89ffffffff [SUB0]
08-09 01:58:24.459  1175  1336 D DCT     : [0]hasMatchedTetherApnSetting: APN=null
08-09 01:58:24.495   191   301 D RILC    : RequestComplete, RIL_SOCKET_1
08-09 01:58:24.495   191   301 E RILC    : Send Response to RIL_SOCKET_1
08-09 01:58:24.496  1175  1283 D RILJ    : [3699]< SIM_IO IccIoResponse sw1:0x90 sw2:0x0 [SUB0]
08-09 01:58:24.497  1175  1175 D RILJ    : [3714]> iccIO: SIM_IO 0xb0 0x2f05  path: 3F00,0,0,4 aid: a0000000871002ff86ffff89ffffffff [SUB0]
08-09 01:58:24.497   191   301 D RILC    : RequestComplete, RIL_SOCKET_1
08-09 01:58:24.497   191   301 E RILC    : Send Response to RIL_SOCKET_1
08-09 01:58:24.499  1175  1283 D RILJ    : [3705]< SIM_IO IccIoResponse sw1:0x90 sw2:0x0 [SUB0]
08-09 01:58:24.500  1175  1175 D SIMRecords: [SIMRecords] iccid: 89860115921101579076
08-09 01:58:24.500  1175  1175 D SIMRecords: [SIMRecords] onRecordLoaded 8 requested: true
08-09 01:58:24.522   191   301 D RILC    : RequestComplete, RIL_SOCKET_1
08-09 01:58:24.522   191   301 E RILC    : Send Response to RIL_SOCKET_1
08-09 01:58:24.523  1175  1283 D RILJ    : [3706]< SIM_IO IccIoResponse sw1:0x90 sw2:0x0 [SUB0]
08-09 01:58:24.550   191   301 D RILC    : RequestComplete, RIL_SOCKET_1
08-09 01:58:24.550   191   301 E RILC    : Send Response to RIL_SOCKET_1
08-09 01:58:24.552  1175  1283 D RilRequest: [3708]< SIM_IO error: com.android.internal.telephony.CommandException: GENERIC_FAILURE ret=IccIoResponse sw1:0x6a sw2:0x82
08-09 01:58:24.554   191   301 D RILC    : RequestComplete, RIL_SOCKET_1
08-09 01:58:24.554   191   301 E RILC    : Send Response to RIL_SOCKET_1
08-09 01:58:24.555  1175  1283 D RILJ    : [3709]< SIM_IO IccIoResponse sw1:0x90 sw2:0x0 [SUB0]
08-09 01:58:24.555   191   301 D RILC    : RequestComplete, RIL_SOCKET_1
08-09 01:58:24.555   191   301 E RILC    : Send Response to RIL_SOCKET_1
08-09 01:58:24.556  1175  1283 D RILJ    : [3710]< SIM_IO IccIoResponse sw1:0x90 sw2:0x0 [SUB0]
08-09 01:58:24.557   191   301 D RILC    : RequestComplete, RIL_SOCKET_1
08-09 01:58:24.557   191   301 E RILC    : Send Response to RIL_SOCKET_1
08-09 01:58:24.557  1175  1175 D SIMRecords: [SIMRecords] MSISDN: xxxxxxx
08-09 01:58:24.558  1175  1175 D SIMRecords: [SIMRecords] onRecordLoaded 7 requested: true
08-09 01:58:24.558  1175  1283 D RILJ    : [3711]< SIM_IO IccIoResponse sw1:0x90 sw2:0x0 [SUB0]
08-09 01:58:24.559  1175  1175 D SIMRecords: [SIMRecords] getServiceProviderName: no brandOverride
08-09 01:58:24.559  1175  1175 D SIMRecords: [SIMRecords] getServiceProviderName: providerName=
08-09 01:58:24.559  1175  1175 D SIMRecords: [SIMRecords] Load EF_SPN:  spnDisplayCondition: 0
08-09 01:58:24.559  1175  1175 D SIMRecords: [SIMRecords] getServiceProviderName: no brandOverride
08-09 01:58:24.559  1175  1175 D SIMRecords: [SIMRecords] getServiceProviderName: providerName=
08-09 01:58:24.560  1175  1175 D TelephonyManager: setTelephonyProperty: success phoneId=0 property=gsm.sim.operator.alpha value:  propVal=
08-09 01:58:24.561  1175  1175 D SIMRecords: [SIMRecords] onRecordLoaded 6 requested: true
08-09 01:58:24.562  1175  1175 D SIMRecords: [SIMRecords] onRecordLoaded 5 requested: true
08-09 01:58:24.562  1175  1175 D SIMRecords: [SIMRecords] Invalid or missing EF[MAILBOX]
08-09 01:58:24.562  1175  1175 D SIMRecords: [SIMRecords] onRecordLoaded 4 requested: true
08-09 01:58:24.567  1175  1175 D SIMRecords: [SIMRecords] SST: UsimServiceTable[80]={ FDN, FDN_EXTENSION, SDN, SDN_EXTENSION, OUTGOING_CALL_INFO, INCOMING_CALL_INFO, SM_STORAGE, SM_STATUS_REPORTS, SM_SERVICE_PARAMS, ADVICE_OF_CHARGE, CAP_CONFIG_PARAMS_2, CB_MESSAGE_ID, CB_MESSAGE_ID_RANGES, GROUP_ID_LEVEL_1, GROUP_ID_LEVEL_2, SPN, USER_PLMN_SELECT, MSISDN, IMAGE, EMLPP, EMLPP_AUTO_ANSWER, GSM_ACCESS, DATA_DL_VIA_SMS_PP, DATA_DL_VIA_SMS_CB, CALL_CONTROL_BY_USIM, MO_SMS_CONTROL_BY_USIM, RUN_AT_COMMAND, IGNORED_1, ENABLED_SERVICES_TABLE, APN_CONTROL_LIST, DEPERSONALISATION_CONTROL_KEYS, COOPERATIVE_NETWORK_LIST, GSM_SECURITY_CONTEXT, CPBCCH_INFO, INVESTIGATION_SCAN, OPERATOR_PLMN_SELECT, HPLMN_SELECT, EXTENSION_5, PLMN_NETWORK_NAME, OPERATOR_PLMN_LIST, SERVICE_PROVIDER_DISPLAY_INFO, MMS_NOTIFICATION, MMS_NOTIFICATION_EXTENSION, MMS_CONNECTIVITY_PARAMS, NETWORK_INDICATION_OF_ALERTING, VGCS_GROUP_ID_LIST, VBS_GROUP_ID_LIST, EQUIVALENT_HPLMN, EQUIVALENT_HPLMN_PRESENTATION }
08-09 01:58:24.568  1175  1175 D SIMRecords: [SIMRecords] onRecordLoaded 3 requested: true
08-09 01:58:24.572   191   301 D RILC    : RequestComplete, RIL_SOCKET_1
08-09 01:58:24.572   191   301 E RILC    : Send Response to RIL_SOCKET_1
08-09 01:58:24.574  1175  1283 D RILJ    : [3712]< SIM_IO IccIoResponse sw1:0x90 sw2:0x0 [SUB0]
08-09 01:58:24.574  1175  1175 D SIMRecords: [SIMRecords] GID1: ff
08-09 01:58:24.574  1175  1175 D SIMRecords: [SIMRecords] onRecordLoaded 2 requested: true
08-09 01:58:24.575   191   301 D RILC    : RequestComplete, RIL_SOCKET_1
08-09 01:58:24.575   191   301 E RILC    : Send Response to RIL_SOCKET_1
08-09 01:58:24.576  1175  1283 D RILJ    : [3713]< SIM_IO IccIoResponse sw1:0x90 sw2:0x0 [SUB0]
08-09 01:58:24.576  1175  1175 D SIMRecords: [SIMRecords] EF_LI LOADED
08-09 01:58:24.576  1175  1175 D SIMRecords: [SIMRecords] EF_LI=7a68656e
08-09 01:58:24.576  1175  1175 D SIMRecords: [SIMRecords] onRecordLoaded 1 requested: true
08-09 01:58:24.577   191   301 D RILC    : RequestComplete, RIL_SOCKET_1
08-09 01:58:24.577   191   301 E RILC    : Send Response to RIL_SOCKET_1
08-09 01:58:24.577  1175  1283 D RILJ    : [3714]< SIM_IO IccIoResponse sw1:0x90 sw2:0x0 [SUB0]
08-09 01:58:24.578  1175  1175 D SIMRecords: [SIMRecords] EF_PL LOADED
08-09 01:58:24.578  1175  1175 D SIMRecords: [SIMRecords] EF_PL=ffffffff
08-09 01:58:24.578  1175  1175 D SIMRecords: [SIMRecords] onRecordLoaded 0 requested: true
08-09 01:58:24.578  1175  1175 D SIMRecords: [SIMRecords] record load complete
08-09 01:58:24.581  1175  1175 D SIMRecords: [SIMRecords] languages from sim = zh
08-09 01:58:24.582  1175  1175 D SIMRecords: [SIMRecords] Setting locale to zh_cn
08-09 01:58:24.583  1175  1175 D SIMRecords: [SIMRecords] onAllRecordsLoaded set 'gsm.sim.operator.numeric' to operator='46001'
08-09 01:58:24.583  1175  1175 D SIMRecords: [SIMRecords] update icc_operator_numeric=46001
08-09 01:58:24.586  1175  1175 D TelephonyManager: setTelephonyProperty: success phoneId=0 property=gsm.sim.operator.numeric value: 46001 propVal=46001
08-09 01:58:24.589  1175  1175 D SubscriptionController: [setMccMnc]+ mcc/mnc:460/1 subId:1
08-09 01:58:24.654  1175  1175 D SubscriptionController: notifySubscriptionInfoChanged:
08-09 01:58:24.657   709   709 D TelephonyManager: getSimOperatorNumeric(): default subId=1
08-09 01:58:24.658  1175  1208 D SubscriptionController: [getPhoneId]- no sims, returning default phoneId=2147483647
08-09 01:58:24.678   709   709 D TelephonyManager: getTelephonyProperty: return propVal='null' phoneId=2147483647 property='gsm.sim.operator.numeric' defaultVal='' prop=46001
08-09 01:58:24.682  1175  1175 D SIMRecords: [SIMRecords] onAllRecordsLoaded set mcc imsi=460011952973996
08-09 01:58:24.683  1175  1175 D TelephonyManager: setTelephonyProperty: success phoneId=0 property=gsm.sim.operator.iso-country value: cn propVal=cn
08-09 01:58:24.689  1175  1301 D GsmCellBroadcastHandler: mWakeLock released
08-09 01:58:24.697  1175  1175 D GsmSST  : [GsmSST] SubscriptionListener.onSubscriptionInfoChanged
08-09 01:58:24.697  1175  1175 D SubscriptionController: [getSubId]- mSlotIdToSubIdMap.size == 0, return DummySubIds slotIdx=0
08-09 01:58:24.717  1175  1175 D SubscriptionController: getDummySubIds: slotIdx=0 return 1 DummySubIds with each subId=-2
08-09 01:58:24.718  1175  1175 D DCT     : [0]SubscriptionListener.onSubscriptionInfoChanged
08-09 01:58:24.718  1175  1175 D SubscriptionController: [getSubId]- mSlotIdToSubIdMap.size == 0, return DummySubIds slotIdx=0
08-09 01:58:24.718  1175  1175 D SubscriptionController: getDummySubIds: slotIdx=0 return 1 DummySubIds with each subId=-2
08-09 01:58:24.718  1175  1175 D DctController: onSubInfoReady mPhoneNum=1
08-09 01:58:24.719  1175  1175 D SubscriptionController: [getSubId]- mSlotIdToSubIdMap.size == 0, return DummySubIds slotIdx=0
08-09 01:58:24.719  1175  1175 D SubscriptionController: getDummySubIds: slotIdx=0 return 1 DummySubIds with each subId=-2
08-09 01:58:24.719  1175  1175 D DctController: onSubInfoReady handle pending requests subId=-2
08-09 01:58:24.719  1175  1175 D SubscriptionController: [getSubId]- mSlotIdToSubIdMap.size == 0, return DummySubIds slotIdx=0
08-09 01:58:24.720  1175  1175 D SubscriptionController: getDummySubIds: slotIdx=0 return 1 DummySubIds with each subId=-2
08-09 01:58:24.720  1175  1175 D DctController: [TNF -2]evalPendingRequest, pending request size is 1
08-09 01:58:24.722  1175  1175 D SubscriptionController: [getSubId]- mSlotIdToSubIdMap.size == 0, return DummySubIds slotIdx=0
08-09 01:58:24.723  1175  1175 D SubscriptionController: getDummySubIds: slotIdx=0 return 1 DummySubIds with each subId=-2
08-09 01:58:24.723  1175  1175 D DctController: [TNF -2]evalPendingRequest: request = NetworkRequest [ id=1, legacyType=-1, [ Capabilities: INTERNET&NOT_RESTRICTED&TRUSTED&NOT_VPN] ]
08-09 01:58:24.726  1175  1175 D SubscriptionController: [getSubId]- mSlotIdToSubIdMap.size == 0, return DummySubIds slotIdx=0
08-09 01:58:24.726  1175  1175 D SubscriptionController: getDummySubIds: slotIdx=0 return 1 DummySubIds with each subId=-2
08-09 01:58:24.726  1175  1175 D DctController: [TNF -2]Cellular needs Network for NetworkRequest [ id=1, legacyType=-1, [ Capabilities: INTERNET&NOT_RESTRICTED&TRUSTED&NOT_VPN] ]
08-09 01:58:24.726  1175  1175 D SubscriptionController: [getSubId]- mSlotIdToSubIdMap.size == 0, return DummySubIds slotIdx=0
08-09 01:58:24.727  1175  1175 D SubscriptionController: getDummySubIds: slotIdx=0 return 1 DummySubIds with each subId=-2
08-09 01:58:24.727  1175  1175 D SubscriptionController: [getSubId]- mSlotIdToSubIdMap.size == 0, return DummySubIds slotIdx=0
08-09 01:58:24.727  1175  1175 D SubscriptionController: getDummySubIds: slotIdx=0 return 1 DummySubIds with each subId=-2
08-09 01:58:24.727  1175  1175 D DctController: [TNF -2]Sub Info has not been ready, pending request.
08-09 01:58:24.727  1175  1175 D DctController: processRequests
08-09 01:58:24.730  1175  1175 D SubscriptionController: [getActiveSubInfoList]+
08-09 01:58:24.732  1175  1175 D SubscriptionController: [getActiveSubInfoList] Sub Controller not ready
08-09 01:58:24.737  1175  1175 E PhoneBase: Error! unregisterForCallWaiting() in PhoneBase should not be called, CDMAPhone inactive.
08-09 01:58:24.739  1175  1175 D SubscriptionController: [getSubId]- mSlotIdToSubIdMap.size == 0, return DummySubIds slotIdx=0
08-09 01:58:24.739  1175  1175 D SubscriptionController: getDummySubIds: slotIdx=0 return 1 DummySubIds with each subId=-2
08-09 01:58:24.739  1175  1175 D SubscriptionController: [getSubId]- mSlotIdToSubIdMap.size == 0, return DummySubIds slotIdx=0
08-09 01:58:24.739  1175  1175 D SubscriptionController: getDummySubIds: slotIdx=0 return 1 DummySubIds with each subId=-2
08-09 01:58:24.741  1175  1175 D SubscriptionController: [getPhoneId]- invalid subId return=-1
08-09 01:58:24.743  1175  1175 D PhoneFactory: getPhone:- phoneId != DEFAULT_PHONE_ID return sProxyPhones[phoneId] phoneId=-1 phone=null
08-09 01:58:24.744  1175  1175 D SubscriptionManager: [getPhoneId]- fail
08-09 01:58:24.819  1175  1175 E PhoneBase: Error! registerForCallWaiting() in PhoneBase should not be called, CDMAPhone inactive.
08-09 01:58:24.829  1175  1175 D CAT     : CatService: handleMessage[20]
08-09 01:58:24.834  1175  1175 D SubscriptionController: [getSubId]- mSlotIdToSubIdMap.size == 0, return DummySubIds slotIdx=0
08-09 01:58:24.835  1175  1175 D SubscriptionController: getDummySubIds: slotIdx=0 return 1 DummySubIds with each subId=-2
08-09 01:58:24.835  1175  1175 D GSMPhone: [GSMPhone] updateCurrentCarrierInProvider: mSubId = -2 currentDds = 1 operatorNumeric = 46001
08-09 01:58:24.835  1175  1175 D SubscriptionController: [getSubId]- mSlotIdToSubIdMap.size == 0, return DummySubIds slotIdx=0
08-09 01:58:24.835  1175  1175 D SubscriptionController: getDummySubIds: slotIdx=0 return 1 DummySubIds with each subId=-2
08-09 01:58:24.837  1175  1175 D PhoneBase: Voicemail count retrieval for subscriberId = null current subscriberId = 460011952973996
08-09 01:58:24.837  1175  1175 D SubscriptionController: [getSubId]- mSlotIdToSubIdMap.size == 0, return DummySubIds slotIdx=0
08-09 01:58:24.837  1175  1175 D SubscriptionController: getDummySubIds: slotIdx=0 return 1 DummySubIds with each subId=-2
08-09 01:58:24.837  1175  1175 D GSMPhone: updateVoiceMail countVoiceMessages = 0 subId -2
08-09 01:58:24.837  1175  1175 D SubscriptionController: [getSubId]- mSlotIdToSubIdMap.size == 0, return DummySubIds slotIdx=0
08-09 01:58:24.838  1175  1175 D SubscriptionController: getDummySubIds: slotIdx=0 return 1 DummySubIds with each subId=-2
08-09 01:58:24.839  1175  1175 D GsmSST  : [GsmSST] EVENT_SIM_RECORDS_LOADED: what=16
08-09 01:58:24.841  1175  1175 D SST     : updatePhoneObject: Ignore update
08-09 01:58:24.842  1175  1175 D SIMRecords: [SIMRecords] getServiceProviderName: no brandOverride
08-09 01:58:24.842  1175  1175 D SIMRecords: [SIMRecords] getServiceProviderName: providerName=
08-09 01:58:24.842  1175  1175 D GsmSST  : [GsmSST] updateSpnDisplay: radio is on but out of service, set plmn='No service.'
08-09 01:58:24.847  1175  1175 D SIMRecords: [SIMRecords] getServiceProviderName: no brandOverride
08-09 01:58:24.847  1175  1175 D SIMRecords: [SIMRecords] getServiceProviderName: providerName=
08-09 01:58:24.848  1175  1175 D DCT     : [0]handleMessage msg={ when=-162ms what=270338 obj=android.os.AsyncResult@d2c77e9 target=com.android.internal.telephony.dataconnection.DcTracker }
08-09 01:58:24.848  1175  1175 D DCT     : [0]onRecordsLoaded: createAllApnList
08-09 01:58:24.849  1175  1175 D DCT     : [0]createAllApnList: selection=numeric = '46001'
08-09 01:58:24.897  1175  1175 D DCT     : [0]createApnList: X result=[[ApnSettingV3] 3G (China Unicom), 2622, 46001, 3gnet, , null, , , , -1, default | supl, IP, IP, true, 0, 0, false, 0, 0, 0, 0, , , [ApnSettingV3] 3G (China Unicom), 2623, 46001, 3gwap, 10.0.0.172, null, , , 80, -1, default | supl, IP, IP, true, 0, 0, false, 0, 0, 0, 0, , , [ApnSettingV3] 2GNET (China Unicom), 2624, 46001, uninet, , null, , , , -1, default | supl, IP, IP, true, 0, 0, false, 0, 0, 0, 0, , , [ApnSettingV3]  (China Unicom), 2625, 46001, 3gwap, , http://mmsc.myuni.com.cn, 10.0.0.172, 80, , -1, mms, IP, IP, true, 0, 0, false, 0, 0, 0, 0, , , [ApnSettingV3] 2g (China Unicom), 2626, 46001, uniwap, , http://mmsc.myuni.com.cn, 10.0.0.172, 80, , -1, mms, IP, IP, true, 0, 0, false, 0, 0, 0, 0, , ]
08-09 01:58:24.902  1175  1175 D SubscriptionController: [getSubId]- mSlotIdToSubIdMap.size == 0, return DummySubIds slotIdx=0
08-09 01:58:24.902  1175  1175 D SubscriptionController: getDummySubIds: slotIdx=0 return 1 DummySubIds with each subId=-2
08-09 01:58:24.930  1175  1175 D DCT     : [0]getPreferredApn: mRequestedApnType=default cursor=android.content.ContentResolver$CursorWrapperInner@fae3c6e cursor.count=0
08-09 01:58:24.933  1175  1175 D DCT     : [0]getPreferredApn: X not found
08-09 01:58:24.934  1175  1175 D DCT     : [0]createAllApnList: mPreferredApn=null
08-09 01:58:24.940  1175  1175 D DCT     : [0]createAllApnList: X mAllApnSettings=[[ApnSettingV3] 3G (China Unicom), 2622, 46001, 3gnet, , null, , , , -1, default | supl, IP, IP, true, 0, 0, false, 0, 0, 0, 0, , , [ApnSettingV3] 3G (China Unicom), 2623, 46001, 3gwap, 10.0.0.172, http://mmsc.myuni.com.cn, 10.0.0.172, 80, 80, -1, default | supl | mms, IP, IP, true, 0, 0, false, 0, 0, 0, 0, , , [ApnSettingV3] 2GNET (China Unicom), 2624, 46001, uninet, , null, , , , -1, default | supl, IP, IP, true, 0, 0, false, 0, 0, 0, 0, , , [ApnSettingV3] 2g (China Unicom), 2626, 46001, uniwap, , http://mmsc.myuni.com.cn, 10.0.0.172, 80, , -1, mms, IP, IP, true, 0, 0, false, 0, 0, 0, 0, , ]
08-09 01:58:24.940  1175  1175 D DCT     : [0]setDataProfilesAsNeeded
08-09 01:58:24.941  1175  1175 D DCT     : [0]setInitialApn: E mPreferredApn=null
08-09 01:58:24.941  1175  1175 D DCT     : [0]setInitialApn: firstApnSetting=[ApnSettingV3] 3G (China Unicom), 2622, 46001, 3gnet, , null, , , , -1, default | supl, IP, IP, true, 0, 0, false, 0, 0, 0, 0, , 
08-09 01:58:24.942  1175  1175 D DCT     : [0]setInitialApn: defaultApnSetting=[ApnSettingV3] 3G (China Unicom), 2622, 46001, 3gnet, , null, , , , -1, default | supl, IP, IP, true, 0, 0, false, 0, 0, 0, 0, , 
08-09 01:58:24.942  1175  1175 D DCT     : [0]setInitialAttachApn: using defaultApnSetting
08-09 01:58:24.943  1175  1175 D DCT     : [0]setInitialAttachApn: X selected Apn=[ApnSettingV3] 3G (China Unicom), 2622, 46001, 3gnet, , null, , , , -1, default | supl, IP, IP, true, 0, 0, false, 0, 0, 0, 0, , 
08-09 01:58:24.944  1175  1175 D RILJ    : Set RIL_REQUEST_SET_INITIAL_ATTACH_APN [SUB0]
08-09 01:58:24.944  1175  1175 D RILJ    : [3715]> RIL_REQUEST_SET_INITIAL_ATTACH_APN, apn:3gnet, protocol:IP, authType:-1, username:null, password:null [SUB0]
08-09 01:58:24.949  1175  1175 D DCT     : [0]onRecordsLoaded: notifying data availability
08-09 01:58:24.949  1175  1175 D SubscriptionController: [getSubId]- mSlotIdToSubIdMap.size == 0, return DummySubIds slotIdx=0
08-09 01:58:24.949  1175  1175 D SubscriptionController: getDummySubIds: slotIdx=0 return 1 DummySubIds with each subId=-2
08-09 01:58:24.952  1175  1175 D DCT     : [0]isDataAllowed getRecordsLoaded=true
08-09 01:58:24.953  1175  1175 D DCT     : [0]isDataAllowed: not allowed due to - Attached= false
08-09 01:58:24.953  1175  1175 D DCT     : [ApnContext:default] getApnSetting: apnSetting=null
08-09 01:58:24.954  1175  1175 D SubscriptionController: [getPhoneId]- invalid subId return=-1
08-09 01:58:24.956  1175  1175 D PhoneFactory: getPhone:- phoneId != DEFAULT_PHONE_ID return sProxyPhones[phoneId] phoneId=-1 phone=null
08-09 01:58:24.957   709   725 D SubscriptionManager: [getPhoneId]- fail
08-09 01:58:24.960   191   297 D RILC    : RequestComplete, RIL_SOCKET_1
08-09 01:58:24.961   191   297 E RILC    : Send Response to RIL_SOCKET_1
08-09 01:58:24.961  1175  1283 D RILJ    : [3715]< RIL_REQUEST_SET_INITIAL_ATTACH_APN  [SUB0]
08-09 01:58:24.962  1175  1175 D SubscriptionController: [getSubId]- mSlotIdToSubIdMap.size == 0, return DummySubIds slotIdx=0
08-09 01:58:24.963  1175  1175 D SubscriptionController: getDummySubIds: slotIdx=0 return 1 DummySubIds with each subId=-2
08-09 01:58:24.965  1175  1175 D DCT     : [0]isDataAllowed getRecordsLoaded=true
08-09 01:58:24.967  1175  1322 D CellBroadcastHandler: mWakeLock released
08-09 01:58:24.968  1175  1175 D DCT     : [0]isDataAllowed: not allowed due to - Attached= false
08-09 01:58:24.968  1175  1175 D DCT     : [ApnContext:mms] getApnSetting: apnSetting=null
08-09 01:58:24.969  1175  1175 D SubscriptionController: [getPhoneId]- invalid subId return=-1
08-09 01:58:24.971  1175  1175 D PhoneFactory: getPhone:- phoneId != DEFAULT_PHONE_ID return sProxyPhones[phoneId] phoneId=-1 phone=null
08-09 01:58:24.972   709   726 D SubscriptionManager: [getPhoneId]- fail
08-09 01:58:24.976  1175  1175 D SubscriptionController: [getSubId]- mSlotIdToSubIdMap.size == 0, return DummySubIds slotIdx=0
08-09 01:58:24.976  1175  1175 D SubscriptionController: getDummySubIds: slotIdx=0 return 1 DummySubIds with each subId=-2
08-09 01:58:24.977  1175  1175 D DCT     : [0]isDataAllowed getRecordsLoaded=true
08-09 01:58:24.979  1175  1175 D DCT     : [0]isDataAllowed: not allowed due to - Attached= false
08-09 01:58:24.979  1175  1175 D DCT     : [ApnContext:cbs] getApnSetting: apnSetting=null
08-09 01:58:24.979  1175  1175 D SubscriptionController: [getPhoneId]- invalid subId return=-1
08-09 01:58:24.982  1175  1175 D PhoneFactory: getPhone:- phoneId != DEFAULT_PHONE_ID return sProxyPhones[phoneId] phoneId=-1 phone=null
08-09 01:58:24.983   709  1003 D SubscriptionManager: [getPhoneId]- fail
08-09 01:58:24.985  1175  1175 D SubscriptionController: [getSubId]- mSlotIdToSubIdMap.size == 0, return DummySubIds slotIdx=0
08-09 01:58:24.986  1175  1175 D SubscriptionController: getDummySubIds: slotIdx=0 return 1 DummySubIds with each subId=-2
08-09 01:58:24.987  1175  1175 D DCT     : [0]isDataAllowed getRecordsLoaded=true
08-09 01:58:24.987  1175  1175 D DCT     : [0]isDataAllowed: not allowed due to - Attached= false
08-09 01:58:24.988  1175  1175 D DCT     : [ApnContext:fota] getApnSetting: apnSetting=null
08-09 01:58:24.988  1175  1175 D SubscriptionController: [getPhoneId]- invalid subId return=-1
08-09 01:58:24.990  1175  1175 D PhoneFactory: getPhone:- phoneId != DEFAULT_PHONE_ID return sProxyPhones[phoneId] phoneId=-1 phone=null
08-09 01:58:24.991   709  1220 D SubscriptionManager: [getPhoneId]- fail
08-09 01:58:24.994  1175  1175 D SubscriptionController: [getSubId]- mSlotIdToSubIdMap.size == 0, return DummySubIds slotIdx=0
08-09 01:58:24.994  1175  1175 D SubscriptionController: getDummySubIds: slotIdx=0 return 1 DummySubIds with each subId=-2
08-09 01:58:24.996  1175  1175 D DCT     : [0]isDataAllowed getRecordsLoaded=true
08-09 01:58:24.996  1175  1327 D CdmaServiceCategoryProgramHandler: mWakeLock released
08-09 01:58:24.997  1175  1175 D DCT     : [0]isDataAllowed: not allowed due to - Attached= false
08-09 01:58:24.997  1175  1175 D DCT     : [ApnContext:supl] getApnSetting: apnSetting=null
08-09 01:58:24.999  1175  1175 D SubscriptionController: [getPhoneId]- invalid subId return=-1
08-09 01:58:25.003  1175  1175 D PhoneFactory: getPhone:- phoneId != DEFAULT_PHONE_ID return sProxyPhones[phoneId] phoneId=-1 phone=null
08-09 01:58:25.005   709  1191 D SubscriptionManager: [getPhoneId]- fail
08-09 01:58:25.010  1175  1175 D SubscriptionController: [getSubId]- mSlotIdToSubIdMap.size == 0, return DummySubIds slotIdx=0
08-09 01:58:25.011  1175  1175 D SubscriptionController: getDummySubIds: slotIdx=0 return 1 DummySubIds with each subId=-2
08-09 01:58:25.015  1175  1175 D DCT     : [0]isDataAllowed getRecordsLoaded=true
08-09 01:58:25.019  1175  1175 D DCT     : [0]isDataAllowed: not allowed due to - Attached= false
08-09 01:58:25.019  1175  1175 D DCT     : [ApnContext:ia] getApnSetting: apnSetting=null
08-09 01:58:25.020  1175  1175 D SubscriptionController: [getPhoneId]- invalid subId return=-1
08-09 01:58:25.023  1175  1175 D PhoneFactory: getPhone:- phoneId != DEFAULT_PHONE_ID return sProxyPhones[phoneId] phoneId=-1 phone=null
08-09 01:58:25.025   709  1243 D SubscriptionManager: [getPhoneId]- fail
08-09 01:58:25.036  1175  1175 D SubscriptionController: [getSubId]- mSlotIdToSubIdMap.size == 0, return DummySubIds slotIdx=0
08-09 01:58:25.036  1175  1175 D SubscriptionController: getDummySubIds: slotIdx=0 return 1 DummySubIds with each subId=-2
08-09 01:58:25.047  1175  1175 D DCT     : [0]isDataAllowed getRecordsLoaded=true
08-09 01:58:25.054  1175  1175 D DCT     : [0]isDataAllowed: not allowed due to - Attached= false
08-09 01:58:25.055  1175  1175 D DCT     : [ApnContext:dun] getApnSetting: apnSetting=null
08-09 01:58:25.056  1175  1175 D SubscriptionController: [getPhoneId]- invalid subId return=-1
08-09 01:58:25.059  1175  1175 D PhoneFactory: getPhone:- phoneId != DEFAULT_PHONE_ID return sProxyPhones[phoneId] phoneId=-1 phone=null
08-09 01:58:25.060   709  1220 D SubscriptionManager: [getPhoneId]- fail
08-09 01:58:25.069  1175  1175 D SubscriptionController: [getSubId]- mSlotIdToSubIdMap.size == 0, return DummySubIds slotIdx=0
08-09 01:58:25.069  1175  1175 D SubscriptionController: getDummySubIds: slotIdx=0 return 1 DummySubIds with each subId=-2
08-09 01:58:25.070  1175  1175 D DCT     : [0]isDataAllowed getRecordsLoaded=true
08-09 01:58:25.071  1175  1175 D DCT     : [0]isDataAllowed: not allowed due to - Attached= false
08-09 01:58:25.071  1175  1175 D DCT     : [ApnContext:hipri] getApnSetting: apnSetting=null
08-09 01:58:25.071  1175  1175 D SubscriptionController: [getPhoneId]- invalid subId return=-1
08-09 01:58:25.074  1175  1175 D PhoneFactory: getPhone:- phoneId != DEFAULT_PHONE_ID return sProxyPhones[phoneId] phoneId=-1 phone=null
08-09 01:58:25.075   709   804 D SubscriptionManager: [getPhoneId]- fail
08-09 01:58:25.081  1175  1175 D SubscriptionController: [getSubId]- mSlotIdToSubIdMap.size == 0, return DummySubIds slotIdx=0
08-09 01:58:25.082  1175  1175 D SubscriptionController: getDummySubIds: slotIdx=0 return 1 DummySubIds with each subId=-2
08-09 01:58:25.084  1175  1175 D DCT     : [0]isDataAllowed getRecordsLoaded=true
08-09 01:58:25.086  1175  1175 D DCT     : [0]isDataAllowed: not allowed due to - Attached= false
08-09 01:58:25.086  1175  1175 D DCT     : [ApnContext:ims] getApnSetting: apnSetting=null
08-09 01:58:25.087  1175  1175 D SubscriptionController: [getPhoneId]- invalid subId return=-1
08-09 01:58:25.091  1175  1175 D PhoneFactory: getPhone:- phoneId != DEFAULT_PHONE_ID return sProxyPhones[phoneId] phoneId=-1 phone=null
08-09 01:58:25.093   709   726 D SubscriptionManager: [getPhoneId]- fail
08-09 01:58:25.095  1175  1175 D DCT     : [0]setupDataOnConnectableApns: simLoaded
08-09 01:58:25.107  1175  1175 D DCT     : [0]setupDataOnConnectableApns: apnContext {mApnType=hipri mState=IDLE mWaitingApns={null} mWaitingApnsPermanentFailureCountDown=0 mApnSetting={null} mReason=radioTurnedOff mDataEnabled=false mDependencyMet=true}
08-09 01:58:25.107  1175  1175 D DCT     : [0]setupDataOnConnectableApns: apnContext {mApnType=mms mState=IDLE mWaitingApns={null} mWaitingApnsPermanentFailureCountDown=0 mApnSetting={null} mReason=radioTurnedOff mDataEnabled=false mDependencyMet=true}
08-09 01:58:25.108  1175  1175 D DCT     : [0]setupDataOnConnectableApns: apnContext {mApnType=supl mState=IDLE mWaitingApns={null} mWaitingApnsPermanentFailureCountDown=0 mApnSetting={null} mReason=radioTurnedOff mDataEnabled=false mDependencyMet=true}
08-09 01:58:25.109  1175  1175 D DCT     : [0]setupDataOnConnectableApns: apnContext {mApnType=cbs mState=IDLE mWaitingApns={null} mWaitingApnsPermanentFailureCountDown=0 mApnSetting={null} mReason=radioTurnedOff mDataEnabled=false mDependencyMet=true}
08-09 01:58:25.109  1175  1175 D DCT     : [0]setupDataOnConnectableApns: apnContext {mApnType=dun mState=IDLE mWaitingApns={null} mWaitingApnsPermanentFailureCountDown=0 mApnSetting={null} mReason=radioTurnedOff mDataEnabled=false mDependencyMet=true}
08-09 01:58:25.110  1175  1175 D DCT     : [0]setupDataOnConnectableApns: apnContext {mApnType=fota mState=IDLE mWaitingApns={null} mWaitingApnsPermanentFailureCountDown=0 mApnSetting={null} mReason=radioTurnedOff mDataEnabled=false mDependencyMet=true}
08-09 01:58:25.110  1175  1175 D DCT     : [0]setupDataOnConnectableApns: apnContext {mApnType=ims mState=IDLE mWaitingApns={null} mWaitingApnsPermanentFailureCountDown=0 mApnSetting={null} mReason=radioTurnedOff mDataEnabled=false mDependencyMet=true}
08-09 01:58:25.111  1175  1175 D DCT     : [0]setupDataOnConnectableApns: apnContext {mApnType=default mState=IDLE mWaitingApns={null} mWaitingApnsPermanentFailureCountDown=0 mApnSetting={null} mReason=radioTurnedOff mDataEnabled=false mDependencyMet=true}
08-09 01:58:25.111  1175  1175 D DCT     : [0]setupDataOnConnectableApns: apnContext {mApnType=ia mState=IDLE mWaitingApns={null} mWaitingApnsPermanentFailureCountDown=0 mApnSetting={null} mReason=radioTurnedOff mDataEnabled=false mDependencyMet=true}
08-09 01:58:25.130  1175  1175 D IccCardProxy: operator=46001 mPhoneId=0
08-09 01:58:25.134  1175  1175 D IccCardProxy: update icc_operator_numeric=46001
08-09 01:58:25.135  1175  1175 D TelephonyManager: setTelephonyProperty: success phoneId=0 property=gsm.sim.operator.numeric value: 46001 propVal=46001
08-09 01:58:25.138  1175  1175 D TelephonyManager: setTelephonyProperty: success phoneId=0 property=gsm.sim.operator.iso-country value: cn propVal=cn
08-09 01:58:25.140  1175  1175 D IccCardProxy: Sending intent ACTION_INTERNAL_SIM_STATE_CHANGED for mPhoneId : 0
08-09 01:58:25.144  1175  1175 D DctController: handleMessage msg={ when=-416ms what=100 target=com.android.internal.telephony.dataconnection.DctController }
08-09 01:58:25.145  1175  1175 D DctController: getTopPriorityRequestPhoneId = 0, priority = -1
08-09 01:58:25.146  1175  1175 D DcSwitchAsyncChannel: [DcSwitchAsyncChannel-0]: rspIsIdle=true
08-09 01:58:25.146  1175  1175 D DctController: onProcessRequest phoneId=0, activePhoneId=-1
08-09 01:58:25.146  1175  1175 D SubscriptionManager: [getPhoneId]- fail
08-09 01:58:25.147  1175  1175 D SubscriptionController: [getSubId]- mSlotIdToSubIdMap.size == 0, return DummySubIds slotIdx=0
08-09 01:58:25.148  1175  1175 D SubscriptionController: getDummySubIds: slotIdx=0 return 1 DummySubIds with each subId=-2
08-09 01:58:25.148  1175  1175 D DCT     : [0]getDataOnRoamingEnabled: phoneSubId=-2 isDataRoamingEnabled=true
08-09 01:58:25.149  1175  1175 D SubscriptionManager: [getPhoneId]- fail
08-09 01:58:25.149  1175  1175 D SubscriptionController: [getSubId]- mSlotIdToSubIdMap.size == 0, return DummySubIds slotIdx=0
08-09 01:58:25.149  1175  1175 D SubscriptionController: getDummySubIds: slotIdx=0 return 1 DummySubIds with each subId=-2
08-09 01:58:25.149  1175  1175 D DCT     : [0]getDataOnRoamingEnabled: phoneSubId=-2 isDataRoamingEnabled=true
08-09 01:58:25.150  1175  1175 D SubscriptionManager: [getPhoneId]- fail
08-09 01:58:25.150  1175  1175 D SubscriptionController: [getSubId]- mSlotIdToSubIdMap.size == 0, return DummySubIds slotIdx=0
08-09 01:58:25.150  1175  1175 D SubscriptionController: getDummySubIds: slotIdx=0 return 1 DummySubIds with each subId=-2
08-09 01:58:25.152  1175  1175 D DCT     : [0]getDataOnRoamingEnabled: phoneSubId=-2 isDataRoamingEnabled=true
08-09 01:58:25.152  1175  1175 D SubscriptionManager: [getPhoneId]- fail
08-09 01:58:25.152  1175  1175 D SubscriptionController: [getSubId]- mSlotIdToSubIdMap.size == 0, return DummySubIds slotIdx=0
08-09 01:58:25.152  1175  1175 D SubscriptionController: getDummySubIds: slotIdx=0 return 1 DummySubIds with each subId=-2
08-09 01:58:25.153  1175  1175 D DCT     : [0]getDataOnRoamingEnabled: phoneSubId=-2 isDataRoamingEnabled=true
08-09 01:58:25.153  1175  1175 D SubscriptionManager: [getPhoneId]- fail
08-09 01:58:25.153  1175  1175 D SubscriptionController: [getSubId]- mSlotIdToSubIdMap.size == 0, return DummySubIds slotIdx=0
08-09 01:58:25.153  1175  1175 D SubscriptionController: getDummySubIds: slotIdx=0 return 1 DummySubIds with each subId=-2
08-09 01:58:25.154  1175  1175 D DCT     : [0]getDataOnRoamingEnabled: phoneSubId=-2 isDataRoamingEnabled=true
08-09 01:58:25.154  1175  1175 D SubscriptionManager: [getPhoneId]- fail
08-09 01:58:25.154  1175  1175 D SubscriptionController: [getSubId]- mSlotIdToSubIdMap.size == 0, return DummySubIds slotIdx=0
08-09 01:58:25.154  1175  1175 D SubscriptionController: getDummySubIds: slotIdx=0 return 1 DummySubIds with each subId=-2
08-09 01:58:25.155  1175  1175 D DCT     : [0]getDataOnRoamingEnabled: phoneSubId=-2 isDataRoamingEnabled=true
08-09 01:58:25.155  1175  1175 D SubscriptionManager: [getPhoneId]- fail
08-09 01:58:25.156  1175  1175 D SubscriptionController: [getSubId]- mSlotIdToSubIdMap.size == 0, return DummySubIds slotIdx=0
08-09 01:58:25.156  1175  1175 D SubscriptionController: getDummySubIds: slotIdx=0 return 1 DummySubIds with each subId=-2
08-09 01:58:25.157  1175  1324 D CdmaInboundSmsHandler: IdleState.processMessage:5
08-09 01:58:25.157  1175  1303 D GsmInboundSmsHandler: IdleState.processMessage:5
08-09 01:58:25.157  1175  1324 D CdmaInboundSmsHandler: Idle state processing message type 5
08-09 01:58:25.157  1175  1303 D GsmInboundSmsHandler: Idle state processing message type 5
08-09 01:58:25.157  1175  1175 D DCT     : [0]getDataOnRoamingEnabled: phoneSubId=-2 isDataRoamingEnabled=true
08-09 01:58:25.158  1175  1175 D SubscriptionManager: [getPhoneId]- fail
08-09 01:58:25.159  1175  1324 D CdmaInboundSmsHandler: mWakeLock released
08-09 01:58:25.159  1175  1303 D GsmInboundSmsHandler: mWakeLock released
08-09 01:58:25.160  1175  1175 D SubscriptionController: [getSubId]- mSlotIdToSubIdMap.size == 0, return DummySubIds slotIdx=0
08-09 01:58:25.160  1175  1175 D SubscriptionController: getDummySubIds: slotIdx=0 return 1 DummySubIds with each subId=-2
08-09 01:58:25.160  1175  1175 D DCT     : [0]getDataOnRoamingEnabled: phoneSubId=-2 isDataRoamingEnabled=true
08-09 01:58:25.160  1175  1175 D SubscriptionManager: [getPhoneId]- fail
08-09 01:58:25.161  1175  1175 D SubscriptionController: [getSubId]- mSlotIdToSubIdMap.size == 0, return DummySubIds slotIdx=0
08-09 01:58:25.161  1175  1175 D SubscriptionController: getDummySubIds: slotIdx=0 return 1 DummySubIds with each subId=-2
08-09 01:58:25.161  1175  1175 D DCT     : [0]getDataOnRoamingEnabled: phoneSubId=-2 isDataRoamingEnabled=true
08-09 01:58:25.161  1175  1175 D SubscriptionInfoUpdater: [Receiver]+
08-09 01:58:25.161  1175  1175 D SubscriptionInfoUpdater: Action: android.intent.action.internal_sim_state_changed
08-09 01:58:25.162  1175  1175 D SubscriptionInfoUpdater: slotId: 0
08-09 01:58:25.162  1175  1175 D SubscriptionInfoUpdater: simStatus: LOADED
08-09 01:58:25.162  1175  1175 D SubscriptionInfoUpdater: [Receiver]-
08-09 01:58:25.162  1175  1175 D SubscriptionInfoUpdater: handleSimStateLoadedInternal: slotId: 0
08-09 01:58:25.162  1175  1175 D SubscriptionInfoUpdater: All IccIds query complete
08-09 01:58:25.162  1175  1175 D SubscriptionInfoUpdater: updateSubscriptionInfoByIccId:+ Start
08-09 01:58:25.164  1175  1175 D SubscriptionController: [clearSubInfo]+
08-09 01:58:25.164  1175  1175 D SubscriptionController: [clearSubInfo]- no simInfo size=0
08-09 01:58:25.167  1175  1175 D SubscriptionInfoUpdater: insertedSimCount = 1
08-09 01:58:25.167  1175  1175 D SubscriptionController: [getSubInfoUsingSlotIdWithCheck]+ slotId:0
08-09 01:58:25.185  1175  1175 D SubscriptionController: [getPhoneId]- no sims, returning default phoneId=2147483647
08-09 01:58:25.189  1175  1175 D TelephonyManager: getTelephonyProperty: return propVal='null' phoneId=2147483647 property='gsm.sim.operator.iso-country' defaultVal='' prop=cn
08-09 01:58:25.189  1175  1175 D SubscriptionController: [getSubInfoRecord] id:1 iccid:89860115921101579076 simSlotIndex:0 displayName:CARD 1 nameSource:0 iconTint:-16746133 dataRoaming:0 mcc:460 mnc:1 countIso:
08-09 01:58:25.193  1175  1175 D SubscriptionController: [getPhoneId]- no sims, returning default phoneId=2147483647
08-09 01:58:25.195  1175  1175 D PhoneFactory: getPhone:- phoneId == DEFAULT_PHONE_ID return sProxyPhone phoneId=2147483647 phone=Handler (com.android.internal.telephony.PhoneProxy) {152c775b}
08-09 01:58:25.197  1175  1175 D SubscriptionController: [getPhoneId]- no sims, returning default phoneId=2147483647
08-09 01:58:25.204  1175  1175 D SubscriptionController: [getSubInfoUsingSlotId]- null info return
08-09 01:58:25.204  1175  1175 D SubscriptionInfoUpdater: updateSubscriptionInfoByIccId: oldSubId = 1
08-09 01:58:25.204  1175  1175 D SubscriptionInfoUpdater: updateSubscriptionInfoByIccId: oldIccId[0] = 89860115921101579076, sIccId[0] = 89860115921101579076
08-09 01:58:25.208  1175  1175 D SubscriptionController: [addSubInfoRecord]+ iccId:89860115921101579076 slotId:0
08-09 01:58:25.217  1175  1175 D SubscriptionController: [getSubId]- mSlotIdToSubIdMap.size == 0, return DummySubIds slotIdx=0
08-09 01:58:25.217  1175  1175 D SubscriptionController: getDummySubIds: slotIdx=0 return 1 DummySubIds with each subId=-2
08-09 01:58:25.217  1175  1175 D SubscriptionManager: [getPhoneId]- fail
08-09 01:58:25.218  1175  1175 D TelephonyManager: getTelephonyProperty: return propVal='null' phoneId=-1 property='gsm.sim.operator.alpha' defaultVal='' prop=
08-09 01:58:25.218  1175  1175 D SubscriptionController: [addSubInfoRecord] sim name = CARD 1
08-09 01:58:25.221  1175  1175 D SubscriptionController: [addSubInfoRecord] carrier name = 
08-09 01:58:25.244  1175  1175 D SubscriptionController: [getActiveSubInfoList]+
08-09 01:58:25.247  1175  1175 D SubscriptionController: [getActiveSubInfoList] Sub Controller not ready
08-09 01:58:25.289  1175  1175 D SubscriptionController: [addSubInfoRecord] Record already exists
08-09 01:58:25.290   191   301 I RILQ    : (0/191):RIL[0][event] qcril_arb_set_data_sys_status: recvd data_sys_status nw=0x0, rat_mask=0x8000, so_mask=0x0
08-09 01:58:25.290   191   301 I RILQ    : (0/191):RIL[0][event] qcril_arb_set_data_sys_status: recvd data_sys_status nw=0x1, rat_mask=0x0, so_mask=0x0
08-09 01:58:25.290   191   301 I RILQ    : (0/191):RIL[0][event] qcril_qmi_nas_update_data_rte: completed, new drte 0 with confidence 4
08-09 01:58:25.291   191   301 I RILC    : RIL_SOCKET_1 UNSOLICITED: UNSOL_RESPONSE_VOICE_NETWORK_STATE_CHANGED length:8
08-09 01:58:25.291   191   301 E RILC    : Send Response to RIL_SOCKET_1
08-09 01:58:25.291  1175  1283 D RILJ    : [UNSL]< UNSOL_RESPONSE_VOICE_NETWORK_STATE_CHANGED [SUB0]
08-09 01:58:25.291   191   301 I RILC    : RIL_SOCKET_1 UNSOLICITED: UNSOL_SIGNAL_STRENGTH length:60
08-09 01:58:25.291   191   301 E RILC    : Send Response to RIL_SOCKET_1
08-09 01:58:25.313  1175  1175 D SubscriptionController: [addSubInfoRecord] mSlotIdxToSubId.size=1 slotId=0 subId=1 defaultSubId=1 simCount=1
08-09 01:58:25.317  1175  1175 D SubscriptionController: [setDefaultFallbackSubId] subId=1
08-09 01:58:25.321  1175  1175 D SubscriptionController: [setDefaultFallbackSubId] set mDefaultFallbackSubId=1
08-09 01:58:25.326  1175  1175 D TelephonyManager: getTelephonyProperty: return propVal='46001' phoneId=0 property='gsm.sim.operator.numeric' defaultVal='' prop=46001
08-09 01:58:25.329  1175  1175 D TelephonyManager: getSimOperatorNumeric(): default subId=1
