11-24 18:50:12.530   786   806 D GpsLocationProvider: DEBUG_LEVEL=2
11-24 18:50:12.530   786   806 D GpsLocationProvider: XTRA_SERVER_2=http\://xtrapath2.izatcloud.net/xtra2.bin
11-24 18:50:12.530   786   806 D GpsLocationProvider: NMEA_PROVIDER=1
11-24 18:50:12.530   786   806 D GpsLocationProvider: CAPABILITIES=0x33
11-24 18:50:12.530   786   806 D GpsLocationProvider: SUPL_VER=0x20000
11-24 18:50:12.530   786   806 D GpsLocationProvider: ERR_ESTIMATE=0
11-24 18:50:12.530   786   806 D GpsLocationProvider: XTRA_SERVER_QUERY=0
11-24 18:50:12.530   786   806 D GpsLocationProvider: A_GLONASS_POS_PROTOCOL_SELECT=0
11-24 18:50:12.530   786   806 D GpsLocationProvider: INTERMEDIATE_POS=0
11-24 18:50:12.530   786   806 D GpsLocationProvider: LPP_PROFILE=0
11-24 18:50:12.530   786   806 D GpsLocationProvider: NTP_SERVER=time.izatcloud.net
11-24 18:50:12.530   786   806 D GpsLocationProvider: SUPL_MODE=1
11-24 18:50:12.599  1254  1254 D TelephonyProvider: subIdString = 1 subId = 1
11-24 18:50:12.667  1254  1254 D Telephony: PstnPhoneCapabilitiesNotifier: handleVideoCapabilitesChanged. Video capability - false
11-24 18:50:12.696  1254  1254 D Telephony: : Radio technology switched. Now GSM is active.
11-24 18:50:12.697  1254  1254 D Telephony: : Radio technology switched. Now GSM is active.
11-24 18:50:12.753   957   957 D PhoneStatusBar: disable: < EXPAND ICONS* alerts SYSTEM_INFO* BACK HOME RECENT clock SEARCH >
11-24 18:50:12.757   957  1628 D BluetoothAdapter: 680332404: getState() :  mService = null. Returning STATE_OFF
11-24 18:50:12.757   957  1628 D BluetoothAdapter: 680332404: getState() :  mService = null. Returning STATE_OFF
11-24 18:50:12.761   786   802 W ContentService: Observer android.database.IContentObserver$Stub$Proxy@39dd235a is already registered.
11-24 18:50:12.762   786  1297 W ContentService: Observer android.database.IContentObserver$Stub$Proxy@3589a98b is already registered.
11-24 18:50:12.767   957  1628 D BluetoothAdapter: 680332404: getState() :  mService = null. Returning STATE_OFF
11-24 18:50:12.767   957  1628 D BluetoothAdapter: 680332404: getState() :  mService = null. Returning STATE_OFF
11-24 18:50:12.784   957   957 W Settings: Setting airplane_mode_on has moved from android.provider.Settings.System to android.provider.Settings.Global, returning read-only value.
11-24 18:50:12.785   957  1628 D BluetoothAdapter: 680332404: getState() :  mService = null. Returning STATE_OFF
11-24 18:50:12.785   957  1628 D BluetoothAdapter: 680332404: getState() :  mService = null. Returning STATE_OFF
11-24 18:50:12.796   957   957 W Settings: Setting airplane_mode_on has moved from android.provider.Settings.System to android.provider.Settings.Global, returning read-only value.
11-24 18:50:12.797   957   957 D PhoneStatusBar: disable: < EXPAND ICONS alerts SYSTEM_INFO BACK HOME RECENT clock SEARCH >
11-24 18:50:12.818   957   957 D PhoneStatusBarPolicy: updateSimState for subId :1
11-24 18:50:12.819   957   957 D PhoneStatusBarPolicy: updateSimState for phoneId :0
11-24 18:50:12.819  1254  1802 I Adreno-EGL: <qeglDrvAPI_eglInitialize:379>: QUALCOMM Build: 01/14/15, ab0075f, Id3510ff6dc
11-24 18:50:12.820   957   957 D PhoneStatusBarPolicy: updateSimState for Slot :0
11-24 18:50:12.820  1254  1802 I OpenGLRenderer: Initialized EGL, version 1.4
11-24 18:50:12.836   957   957 D PhoneStatusBarPolicy: updateSimState for subId :1
11-24 18:50:12.837   957   957 D PhoneStatusBarPolicy: updateSimState for phoneId :0
11-24 18:50:12.838   957   957 D PhoneStatusBarPolicy: updateSimState for Slot :0
11-24 18:50:12.850  1254  1802 D OpenGLRenderer: Enabling debug mode 0
11-24 18:50:12.863   957   957 I Choreographer: Skipped 222 frames!  The application may be doing too much work on its main thread.
11-24 18:50:13.105   786   813 I ActivityManager: Displayed com.android.stk/.StkDialogActivity: +1s237ms
11-24 18:50:13.109   786   813 I Timeline: Timeline: Activity_windows_visible id: ActivityRecord{17dc10dd u0 com.android.stk/.StkDialogActivity t2} time:27384
11-24 18:50:13.126  1254  1254 I Timeline: Timeline: Activity_idle id: android.os.BinderProxy@2e03b984 time:27402
11-24 18:50:13.154   957   957 D PhoneStatusBarPolicy: updateSimState for subId :1
11-24 18:50:13.154   186   314 I SurfaceFlinger: Boot is finished (23948 ms)
11-24 18:50:13.155   957   957 D PhoneStatusBarPolicy: updateSimState for phoneId :0
11-24 18:50:13.155   957   957 D PhoneStatusBarPolicy: updateSimState for Slot :0
11-24 18:50:13.195   957  1628 D BluetoothAdapter: 680332404: getState() :  mService = null. Returning STATE_OFF
11-24 18:50:13.196   957  1628 D BluetoothAdapter: 680332404: getState() :  mService = null. Returning STATE_OFF
11-24 18:50:13.249   957   957 D PhoneStatusBarPolicy: updateSimState for subId :1
11-24 18:50:13.249   957   957 D PhoneStatusBarPolicy: updateSimState for phoneId :0
11-24 18:50:13.250   957   957 D PhoneStatusBarPolicy: updateSimState for Slot :0
11-24 18:50:13.263   957   957 D PhoneStatusBarPolicy: updateSimState for subId :1
11-24 18:50:13.264   957   957 D PhoneStatusBarPolicy: updateSimState for phoneId :0
11-24 18:50:13.264   957   957 D PhoneStatusBarPolicy: updateSimState for Slot :0
11-24 18:50:13.275   957   957 D PhoneStatusBarPolicy: updateSimState for subId :1
11-24 18:50:13.275   957   957 D PhoneStatusBarPolicy: updateSimState for phoneId :0
11-24 18:50:13.277   957   957 D PhoneStatusBarPolicy: updateSimState for Slot :0
11-24 18:50:13.303   957   957 D PhoneStatusBarPolicy: updateSimState for subId :1
11-24 18:50:13.303   957   957 D PhoneStatusBarPolicy: updateSimState for phoneId :0
11-24 18:50:13.304   957   957 D PhoneStatusBarPolicy: updateSimState for Slot :0
11-24 18:50:13.315   957   957 D KeyguardUpdateMonitor: ACTION_SERVICE_STATE_CHANGED on sub: 1 mServiceState: 0 1 voice home data home null null null null null null  LTE Unknown CSS not supported -1 -1 RoamInd=-1 DefRoamInd=-1 EmergOnly=false
11-24 18:50:13.318   957   957 D KeyguardUpdateMonitor: ACTION_SERVICE_STATE_CHANGED on sub: 1 mServiceState: 0 0 voice home data home   46001   46001  LTE LTE CSS not supported -1 -1 RoamInd=-1 DefRoamInd=-1 EmergOnly=false
11-24 18:50:13.344   957   957 D PhoneStatusBarPolicy: updateSimState for subId :1
11-24 18:50:13.345   957   957 D PhoneStatusBarPolicy: updateSimState for phoneId :0
11-24 18:50:13.346   957   957 D PhoneStatusBarPolicy: updateSimState for Slot :0
11-24 18:50:13.372   957   957 V KeyguardViewMediator: Ignoring state: UNKNOWN
11-24 18:50:13.396   786  1169 V KeyguardServiceDelegate: **** SHOWN CALLED ****
11-24 18:50:13.401   957   957 I Choreographer: Skipped 31 frames!  The application may be doing too much work on its main thread.
11-24 18:50:13.447  1254  1274 D IccSmsInterfaceManager: [IccSmsInterfaceManager] Failed to add cdma broadcast subscription for MID range 4097 to 4097 from client com.android.cellbroadcastreceiver
11-24 18:50:13.508   786   803 W ContentService: Observer android.database.IContentObserver$Stub$Proxy@e8f68fe is already registered.
11-24 18:50:13.509   786  1169 W ContentService: Observer android.database.IContentObserver$Stub$Proxy@1781485f is already registered.
11-24 18:50:13.509   786  1247 W ContentService: Observer android.database.IContentObserver$Stub$Proxy@3e92f2ac is already registered.
11-24 18:50:13.528   957   957 D PhoneStatusBar: disable: < expand* ICONS alerts SYSTEM_INFO back* HOME RECENT clock SEARCH >
11-24 18:50:13.581   957   957 V KeyguardViewMediator: Ignoring state: UNKNOWN
11-24 18:50:13.684   957   957 V KeyguardViewMediator: Ignoring state: UNKNOWN
11-24 18:50:13.685   786   813 I art     : Explicit concurrent mark sweep GC freed 57649(6MB) AllocSpace objects, 75(3MB) LOS objects, 33% free, 24MB/36MB, paused 7.056ms total 170.788ms
11-24 18:50:13.769  1254  1269 I art     : Background sticky concurrent mark sweep GC freed 78900(7MB) AllocSpace objects, 7(108KB) LOS objects, 28% free, 19MB/26MB, paused 1.179ms total 138.346ms
11-24 18:50:13.777   957   957 V KeyguardViewMediator: Ignoring state: UNKNOWN
11-24 18:50:13.790  1254  1774 D IccSmsInterfaceManager: [IccSmsInterfaceManager] Failed to add cdma broadcast subscription for MID range 4098 to 4098 from client com.android.cellbroadcastreceiver
11-24 18:50:13.813   957   957 V KeyguardViewMediator: Ignoring state: UNKNOWN
11-24 18:50:13.824   957   957 D PhoneStatusBar: disable: < expand ICONS alerts SYSTEM_INFO back HOME RECENT clock SEARCH >
11-24 18:50:14.069   429   453 E QCOM PowerHAL: Failed to acquire lock.
11-24 18:50:14.132  1254  1774 D IccSmsInterfaceManager: [IccSmsInterfaceManager] Failed to add cdma broadcast subscription for MID range 4099 to 4099 from client com.android.cellbroadcastreceiver
11-24 18:50:14.439  1254  1774 D IccSmsInterfaceManager: [IccSmsInterfaceManager] Failed to add cdma broadcast subscription for MID range 4096 to 4096 from client com.android.cellbroadcastreceiver
11-24 18:50:14.723  1690  1791 D CellBroadcastConfigService: enabled emergency cell broadcast channels
11-24 18:50:14.724  1690  1791 D CellBroadcastConfigService: disabling cell broadcast channel 50
11-24 18:50:14.745  1254  1660 D IccSmsInterfaceManager: [IccSmsInterfaceManager] Failed to remove GSM cell broadcast subscription for MID range 50 to 50 from client com.android.cellbroadcastreceiver
11-24 18:50:14.755  1690  1791 D CellBroadcastConfigService: disabling channels 919-928
11-24 18:50:14.778  1254  1774 D IccSmsInterfaceManager: [IccSmsInterfaceManager] Failed to remove GSM cell broadcast subscription for MID range 919 to 928 from client com.android.cellbroadcastreceiver
11-24 18:50:14.778  1690  1791 D CellBroadcastConfigService: disabling cell broadcast ETWS test messages
11-24 18:50:14.802  1254  1812 D IccSmsInterfaceManager: [IccSmsInterfaceManager] Failed to remove GSM cell broadcast subscription for MID range 4355 to 4355 from client com.android.cellbroadcastreceiver
11-24 18:50:14.802  1690  1791 D CellBroadcastConfigService: disabling cell broadcast CMAS test messages
11-24 18:50:14.840  1254  1274 D IccSmsInterfaceManager: [IccSmsInterfaceManager] Failed to remove GSM cell broadcast subscription for MID range 4380 to 4382 from client com.android.cellbroadcastreceiver
11-24 18:50:14.852  1254  1273 D IccSmsInterfaceManager: [IccSmsInterfaceManager] Failed to remove cdma broadcast subscription for MID range 4100 to 4100 from client com.android.cellbroadcastreceiver
11-24 18:50:14.856  1690  1791 D CellBroadcastConfigService: enabling emergency cell broadcast channels
11-24 18:50:14.900  1815  1815 W mpdecision: type=1400 audit(0.0:170): avc: denied { write } for name="system" dev="mmcblk0p28" ino=586369 scontext=u:r:mpdecision:s0 tcontext=u:object_r:system_data_file:s0 tclass=dir permissive=0
11-24 18:50:14.907  1813  1813 I MP-Decision: OPTION ENABLED: Adjusting average
11-24 18:50:14.907  1813  1813 I MP-Decision: Decision parameters CPU 0: Nw=0.000000, Tw=0, Ns=0.000000, Ts=0
11-24 18:50:14.907  1813  1813 I MP-Decision: util_h_and=0, util_h_or=0, util_low=0
11-24 18:50:14.907  1813  1813 I MP-Decision: Decision parameters CPU 1: Nw=1.900000, Tw=140, Ns=1.100000, Ts=190
11-24 18:50:14.907  1813  1813 I MP-Decision: util_h_and=35, util_h_or=75, util_low=20
11-24 18:50:14.907  1813  1813 I MP-Decision: Decision parameters CPU 2: Nw=2.700000, Tw=90, Ns=2.100000, Ts=240
11-24 18:50:14.907  1813  1813 I MP-Decision: util_h_and=0, util_h_or=400, util_low=0
11-24 18:50:14.907  1813  1813 I MP-Decision: Decision parameters CPU 3: Nw=3.500000, Tw=90, Ns=3.100000, Ts=240
11-24 18:50:14.909  1813  1813 I MP-Decision: util_h_and=0, util_h_or=400, util_low=0
11-24 18:50:14.909  1813  1813 I MP-Decision: Decision parameters: poll_ms: 9 decision_ms: 50
11-24 18:50:14.910  1139  1139 I BootReceiver: CPU restore disabled by user preference.
11-24 18:50:14.910  1139  1139 I BootReceiver: IOSched restore disabled by user preference.
11-24 18:50:14.911  1813  1813 I MP-Decision: Available core list/order for available_cpus - 4:  0 3 2 1
11-24 18:50:14.935  1254  1774 D IccSmsInterfaceManager: [IccSmsInterfaceManager] Failed to add cdma broadcast subscription for MID range 4097 to 4097 from client com.android.cellbroadcastreceiver
11-24 18:50:14.942   213   292 I ThermalEngine: Thermal-Server: Thermal received msg override 0
11-24 18:50:14.942   213   292 E ThermalEngine: override_notify : SS mode 0 override -1280189208
11-24 18:50:14.944  1813  1826 I Thermal-Lib: Thermal-Lib-Client: Client request sent
11-24 18:50:14.978  1254  1274 D IccSmsInterfaceManager: [IccSmsInterfaceManager] Failed to add cdma broadcast subscription for MID range 4098 to 4098 from client com.android.cellbroadcastreceiver
11-24 18:50:15.000  1254  1660 D IccSmsInterfaceManager: [IccSmsInterfaceManager] Failed to add cdma broadcast subscription for MID range 4099 to 4099 from client com.android.cellbroadcastreceiver
11-24 18:50:15.020  1254  1812 D IccSmsInterfaceManager: [IccSmsInterfaceManager] Failed to add cdma broadcast subscription for MID range 4096 to 4096 from client com.android.cellbroadcastreceiver
11-24 18:50:15.028  1690  1791 D CellBroadcastConfigService: enabled emergency cell broadcast channels
11-24 18:50:15.028  1690  1791 D CellBroadcastConfigService: disabling cell broadcast channel 50
11-24 18:50:15.034  1254  1273 D IccSmsInterfaceManager: [IccSmsInterfaceManager] Failed to remove GSM cell broadcast subscription for MID range 50 to 50 from client com.android.cellbroadcastreceiver
11-24 18:50:15.035  1690  1791 D CellBroadcastConfigService: disabling channels 919-928
11-24 18:50:15.039  1254  1812 D IccSmsInterfaceManager: [IccSmsInterfaceManager] Failed to remove GSM cell broadcast subscription for MID range 919 to 928 from client com.android.cellbroadcastreceiver
11-24 18:50:15.039  1690  1791 D CellBroadcastConfigService: disabling cell broadcast ETWS test messages
11-24 18:50:15.043  1254  1274 D IccSmsInterfaceManager: [IccSmsInterfaceManager] Failed to remove GSM cell broadcast subscription for MID range 4355 to 4355 from client com.android.cellbroadcastreceiver
11-24 18:50:15.044  1690  1791 D CellBroadcastConfigService: disabling cell broadcast CMAS test messages
11-24 18:50:15.048  1254  1273 D IccSmsInterfaceManager: [IccSmsInterfaceManager] Failed to remove GSM cell broadcast subscription for MID range 4380 to 4382 from client com.android.cellbroadcastreceiver
11-24 18:50:15.051  1254  1660 D IccSmsInterfaceManager: [IccSmsInterfaceManager] Failed to remove cdma broadcast subscription for MID range 4100 to 4100 from client com.android.cellbroadcastreceiver
11-24 18:50:15.100   957   957 W ResourceType: No package identifier when getting value for resource number 0x00000000
11-24 18:50:15.101   957   957 W PackageManager: Failure retrieving resources for com.android.stk: Resource ID #0x0
11-24 18:50:15.475   786  1851 I RecoverySystem: No recovery log file
11-24 18:50:15.571   214   214 I art     : Explicit concurrent mark sweep GC freed 707(30KB) AllocSpace objects, 0(0B) LOS objects, 40% free, 16MB/26MB, paused 213us total 10.320ms
11-24 18:50:15.601   214   214 I art     : Explicit concurrent mark sweep GC freed 7(240B) AllocSpace objects, 0(0B) LOS objects, 40% free, 16MB/26MB, paused 350us total 29.145ms
11-24 18:50:15.617   214   214 I art     : Explicit concurrent mark sweep GC freed 5(160B) AllocSpace objects, 0(0B) LOS objects, 40% free, 16MB/26MB, paused 336us total 15.764ms
11-24 18:50:15.625  1854  1854 V AlarmClock: AlarmInitReceiver android.intent.action.BOOT_COMPLETED
11-24 18:50:15.671  1854  1908 V AlarmClock: AlarmInitReceiver - Reset timers and clear stopwatch data
11-24 18:50:15.707  1854  1908 V AlarmClock: *** notifyChange() id: 2 url content://com.android.deskclock/instances/2
11-24 18:50:15.708  1854  1908 V AlarmClock: Setting silent state to instance 2
11-24 18:50:15.717  1854  1908 V AlarmClock: *** notifyChange() id: 2 url content://com.android.deskclock/instances/2
11-24 18:50:15.717  1854  1908 V AlarmClock: Clearing notifications for alarm instance: 2
11-24 18:50:15.727  1854  1908 V AlarmClock: Scheduling state change 1 to instance 2 at Sat 9:00 AM (1480122000000)
11-24 18:50:15.744  1854  1908 V AlarmClock: AlarmInitReceiver finished
11-24 18:50:15.948  1254  1254 V OtaStartupReceiver: onOtaspChanged: mOtaspMode=3
11-24 18:50:15.951   786   907 D WIFI    : Registering NetworkFactory
11-24 18:50:15.951   786   907 D WIFI_UT : Registering NetworkFactory
11-24 18:50:15.952   786   907 D WIFI    : got request NetworkRequest [ id=1, legacyType=-1, [ Capabilities: INTERNET&NOT_RESTRICTED&TRUSTED&NOT_VPN] ] with score 0
11-24 18:50:15.952   786   907 D WIFI_UT : got request NetworkRequest [ id=1, legacyType=-1, [ Capabilities: INTERNET&NOT_RESTRICTED&TRUSTED&NOT_VPN] ] with score 0
11-24 18:50:15.959  1170  1170 I HeadsetService: Starting service.
11-24 18:50:16.006  1170  1170 W Equalizer: WARNING: attaching an Equalizer to global output mix is deprecated!
11-24 18:50:16.014   204   204 V qcbassboost: 
11-24 18:50:16.014   204   204 V qcbassboost: 	EffectCreate start session 0
11-24 18:50:16.014   204   204 V qcbassboost: 	GlobalSession_init start
11-24 18:50:16.014   204   204 E qcbassboost: 	EffectCreate: Allocating SessionNo 0 for SessionId 0
11-24 18:50:16.015   204   204 V qcbassboost: 
11-24 18:50:16.015   204   204 V qcbassboost: 	EffectCreate created ctxt 0xb5871390 for session 0
11-24 18:50:16.015   204   204 V qcbassboost: 	Effect_command: ctxt 0xb5871390, cmd 0
11-24 18:50:16.015   204   204 V qcbassboost: 	BassBoost_init start, ctxt 0xb5871390
11-24 18:50:16.015   204   204 V qcbassboost: 	Effect_command: ctxt 0xb5871390, cmd 1
11-24 18:50:16.015   204   204 V qcbassboost: 	BassBoost_setConfig: ctxt 0xb5871390
11-24 18:50:16.015   204   204 V qcbassboost: 	BassBoost_init start, ctxt 0xb5871390
11-24 18:50:16.015   204   204 V qcbassboost: 	Effect_command: ctxt 0xb5871390, cmd 9
11-24 18:50:16.015   204   204 I qcbassboost: 	EFFECT_CMD_SET_DEVICE device(0x2) is invalid for BASS_BOOST
11-24 18:50:16.015   204   204 I qcbassboost: 	EFFECT_CMD_SET_DEVICE disable BASS_BOOST
11-24 18:50:16.016  1170  1170 W BassBoost: WARNING: attaching a BassBoost to global output mix is deprecated!
11-24 18:50:16.016   204   915 V qcbassboost: 	Effect_command: ctxt 0xb5871390, cmd 8
11-24 18:50:16.016   204   915 V qcbassboost: 	BassBoost_getParameter(): ctxt 0xb5871390, param 0, 
11-24 18:50:16.016   204   204 V qcvirt  : 
11-24 18:50:16.016   204   204 V qcvirt  : 	EffectCreate start session 0
11-24 18:50:16.016   204   204 V qcvirt  : 	GlobalSession_init start
11-24 18:50:16.016   204   204 E qcvirt  : 	EffectCreate: Allocating SessionNo 0 for SessionId 0
11-24 18:50:16.016   204   204 V qcvirt  : 
11-24 18:50:16.016   204   204 V qcvirt  : 	EffectCreate created ctxt 0xb5871b00 for session 0
11-24 18:50:16.017   204   204 V qcvirt  : 	Effect_command, ctxt 0xb5871b00, cmd 0
11-24 18:50:16.017   204   204 V qcvirt  : 	Virtualizer_init start ctxt 0xb5871b00
11-24 18:50:16.017   204   204 V qcvirt  : 	Effect_command, ctxt 0xb5871b00, cmd 1
11-24 18:50:16.017   204   204 V qcvirt  : 	Virtualizer_setConfig, ctxt 0xb5871b00
11-24 18:50:16.017   204   204 V qcvirt  : 	Virtualizer_init start ctxt 0xb5871b00
11-24 18:50:16.017   204   204 V qcvirt  : 	Effect_command, ctxt 0xb5871b00, cmd 9
11-24 18:50:16.017   204   204 I qcvirt  : 	EFFECT_CMD_SET_DEVICE device(0x2) is invalid for VIRTUALIZER
11-24 18:50:16.017   204   204 I qcvirt  : 	EFFECT_CMD_SET_DEVICE disable VIRTUALIZER
11-24 18:50:16.020  1170  1170 W Virtualizer: WARNING: attaching a Virtualizer to global output mix is deprecated!
11-24 18:50:16.020   204   915 V qcvirt  : 	Effect_command, ctxt 0xb5871b00, cmd 8
11-24 18:50:16.020   204   915 V qcvirt  : 	Virtualizer_getParameter, ctxt 0xb5871b00, param 0
11-24 18:50:16.021   204   204 V qcreverb: 
11-24 18:50:16.021   204   204 V qcreverb: 	EffectCreate start session 0
11-24 18:50:16.021   204   204 V qcreverb: 	EffectCreate - Initializing all global memory
11-24 18:50:16.021   204   204 V qcreverb: 	GlobalSession_init start
11-24 18:50:16.021   204   204 E qcreverb: 	EffectCreate: Allocating SessionNo 0 for SessionId 0
11-24 18:50:16.021   204   204 V qcreverb: 	EffectCreate - UUID matched Reverb type 2, UUID = 53ef1db5
11-24 18:50:16.021   204   204 V qcreverb: 	EffectCreate - PRESET
11-24 18:50:16.021   204   204 V qcreverb: 	EffectCreate - AUX
11-24 18:50:16.021   204   204 V qcreverb: 
11-24 18:50:16.021   204   204 V qcreverb: 	EffectCreate created ctxt 0xb587a100 for session 0
11-24 18:50:16.021   204   204 V qcreverb: 	Effect_command, ctxt 0xb587a100, cmd 0
11-24 18:50:16.021   204   204 V qcreverb: 	Reverb_init start, ctxt 0xb587a100
11-24 18:50:16.022   204   204 V qcreverb: 	Effect_command, ctxt 0xb587a100, cmd 1
11-24 18:50:16.022   204   204 V qcreverb: 	Reverb_setConfig, ctxt 0xb587a100
11-24 18:50:16.022   204   204 V qcreverb: 	Reverb_init start, ctxt 0xb587a100
11-24 18:50:16.047   204   915 V qcvirt  : 	Effect_command, ctxt 0xb5871b00, cmd 1
11-24 18:50:16.047   204   915 V qcvirt  : 	Virtualizer_setConfig, ctxt 0xb5871b00
11-24 18:50:16.047   204   915 V qcbassboost: 	EffectRelease: Releasing Effect 0xb5871390 for SessionId 0
11-24 18:50:16.047   204   898 V qcreverb: 	Effect_command, ctxt 0xb587a100, cmd 1
11-24 18:50:16.047   204   898 V qcreverb: 	Reverb_setConfig, ctxt 0xb587a100
11-24 18:50:16.047   204   898 V qcvirt  : 	EffectRelease: Releasing Effect 0xb5871b00 for SessionId 0
11-24 18:50:16.047   204   915 V qcreverb: 	EffectRelease: Releasing Effect 0xb587a100 for SessionId 0
11-24 18:50:16.051  1170  1170 I HeadsetService: Headset=true; Bluetooth=false ; USB=false
11-24 18:50:16.052  1170  1170 I HeadsetService: Preferences updated.
11-24 18:50:16.367  1981  1981 I UpdateCheckReceiver: Scheduling future, repeating update checks.
11-24 18:50:16.515  2009  2009 I CalendarProvider2: Created com.android.providers.calendar.CalendarAlarmManager@35ddffb2(com.android.providers.calendar.CalendarProvider2@91a4b03)
11-24 18:50:17.023   979  2052 E SQLiteLog: (283) recovered 89 frames from WAL file /data/data/com.android.providers.media/databases/internal.db-wal
11-24 18:50:17.084  2053  2053 V Mms     : mnc/mcc: 46001
11-24 18:50:17.089  2053  2053 V Mms     : tag: bool value: enabledMMS - true
11-24 18:50:17.089  2053  2053 V Mms     : tag: int value: maxMessageSize - 307200
11-24 18:50:17.090  2053  2053 V Mms     : tag: int value: maxImageHeight - 1944
11-24 18:50:17.090  2053  2053 V Mms     : tag: int value: maxImageWidth - 2592
11-24 18:50:17.090  2053  2053 V Mms     : tag: int value: defaultSMSMessagesPerThread - 10000
11-24 18:50:17.090  2053  2053 V Mms     : tag: int value: defaultMMSMessagesPerThread - 1000
11-24 18:50:17.090  2053  2053 V Mms     : tag: int value: minMessageCountPerThread - 10
11-24 18:50:17.090  2053  2053 V Mms     : tag: int value: maxMessageCountPerThread - 5000
11-24 18:50:17.091  2053  2053 V Mms     : tag: string value: uaProfUrl - http://gsm.lge.com/html/gsm/Nexus5-M3.xml
11-24 18:50:17.091  2053  2053 V Mms     : tag: int value: recipientLimit - -1
11-24 18:50:17.091  2053  2053 V Mms     : tag: bool value: enableSlideDuration - true
11-24 18:50:17.091  2053  2053 V Mms     : tag: int value: maxMessageTextSize - -1
11-24 18:50:17.092  2053  2053 V Mms     : tag: string value: userAgent - Nexus5
11-24 18:50:17.101  2053  2053 I ContactPhotoManager: Cache adj: 1.0
11-24 18:50:17.186  1254  1812 D MmsSmsDatabaseHelper: [MmsSmsDb] tableName: threads hasAutoIncrement: CREATE TABLE threads (_id INTEGER PRIMARY KEY AUTOINCREMENT,date INTEGER DEFAULT 0,message_count INTEGER DEFAULT 0,recipient_ids TEXT,snippet TEXT,snippet_cs INTEGER DEFAULT 0,read INTEGER DEFAULT 1,archived INTEGER DEFAULT 0,type INTEGER DEFAULT 0,error INTEGER DEFAULT 0,has_attachment INTEGER DEFAULT 0) result: true
11-24 18:50:17.186  1254  1812 D MmsSmsDatabaseHelper: [MmsSmsDb] tableName: canonical_addresses hasAutoIncrement: CREATE TABLE canonical_addresses (_id INTEGER PRIMARY KEY AUTOINCREMENT,address TEXT) result: true
11-24 18:50:17.187  1254  1812 D MmsSmsDatabaseHelper: [MmsSmsDb] tableName: part hasAutoIncrement: CREATE TABLE part (_id INTEGER PRIMARY KEY AUTOINCREMENT,mid INTEGER,seq INTEGER DEFAULT 0,ct TEXT,name TEXT,chset INTEGER,cd TEXT,fn TEXT,cid TEXT,cl TEXT,ctt_s INTEGER,ctt_t TEXT,_data TEXT,text TEXT) result: true
11-24 18:50:17.187  1254  1812 D MmsSmsDatabaseHelper: [MmsSmsDb] tableName: pdu hasAutoIncrement: CREATE TABLE pdu (_id INTEGER PRIMARY KEY AUTOINCREMENT,thread_id INTEGER,date INTEGER,date_sent INTEGER DEFAULT 0,msg_box INTEGER,read INTEGER DEFAULT 0,m_id TEXT,sub TEXT,sub_cs INTEGER,ct_t TEXT,ct_l TEXT,exp INTEGER,m_cls TEXT,m_type INTEGER,v INTEGER,m_size INTEGER,pri INTEGER,rr INTEGER,rpt_a INTEGER,resp_st INTEGER,st INTEGER,tr_id TEXT,retr_st INTEGER,retr_txt TEXT,retr_txt_cs INTEGER,read_status INTEGER,ct_cls INTEGER,resp_txt TEXT,d_tm INTEGER,d_rpt INTEGER,locked INTEGER DEFAULT 0,sub_id INTEGER DEFAULT -1, phone_id INTEGER DEFAULT -1, seen INTEGER DEFAULT 0,creator TEXT,text_only INTEGER DEFAULT 0) result: true
11-24 18:50:17.187  1254  1812 D MmsSmsDatabaseHelper: [getWritableDatabase] hasAutoIncrementThreads: true hasAutoIncrementAddresses: true hasAutoIncrementPart: true hasAutoIncrementPdu: true
11-24 18:50:17.191  2053  2089 D Mms     : cancelNotification
11-24 18:50:17.222  2092  2092 V OneTimeInitializerRece: OneTimeInitializerReceiver.onReceive
11-24 18:50:17.295  2053  2091 D Mms     : cancelNotification
11-24 18:50:17.301  1329  1353 E SQLiteLog: (284) automatic index on sqlite_sq_B4BE9B00(STAT_DATA_ID)
11-24 18:50:17.303  1329  1353 E SQLiteLog: (284) automatic index on sqlite_sq_B4B72330(STAT_DATA_ID)
11-24 18:50:17.343   979  2052 W MediaScanner: Error opening directory '/oem/media/', skipping: No such file or directory.
11-24 18:50:17.353  2125  2125 D ExtensionsFactory: No custom extensions.
11-24 18:50:17.357  2125  2125 D AlertReceiver: onReceive: a=android.intent.action.BOOT_COMPLETED Intent { act=android.intent.action.BOOT_COMPLETED flg=0x8000010 cmp=com.android.calendar/.alerts.AlertReceiver (has extras) }
11-24 18:50:17.399  2125  2148 D AlertService: 0 Action = android.intent.action.BOOT_COMPLETED
11-24 18:50:17.402  2125  2148 D AlertService: Scheduling next alarm with AlarmScheduler. sEventReminderReceived: null
11-24 18:50:17.425  2125  2148 D AlarmScheduler: No events found starting within 1 week.
11-24 18:50:17.594  2009  2009 I CalendarProvider2: Sending notification intent: Intent { act=android.intent.action.PROVIDER_CHANGED dat=content://com.android.calendar }
11-24 18:50:17.595  2009  2009 W ContentResolver: Failed to get type for: content://com.android.calendar (Unknown URL content://com.android.calendar)
11-24 18:50:17.607   214   214 I art     : Explicit concurrent mark sweep GC freed 706(30KB) AllocSpace objects, 0(0B) LOS objects, 40% free, 16MB/26MB, paused 311us total 18.292ms
11-24 18:50:17.621   214   214 I art     : Explicit concurrent mark sweep GC freed 5(160B) AllocSpace objects, 0(0B) LOS objects, 40% free, 16MB/26MB, paused 354us total 13.563ms
11-24 18:50:17.635   214   214 I art     : Explicit concurrent mark sweep GC freed 5(160B) AllocSpace objects, 0(0B) LOS objects, 40% free, 16MB/26MB, paused 284us total 13.250ms
11-24 18:50:17.642  2151  2151 D EmailBroadcastReceiver: Received android.intent.action.BOOT_COMPLETED
11-24 18:50:17.690  2173  2173 I Exchange: EasService.onCreate
11-24 18:50:17.696  2173  2220 I Exchange: RestartPingTask
11-24 18:50:17.703  2151  2218 I Email   : Observing account changes for notifications
11-24 18:50:17.707  2173  2173 I Exchange: RestartPingsTask did not start any pings.
11-24 18:50:17.707  2173  2173 I Exchange: PSS stopIfIdle
11-24 18:50:17.707  2173  2173 I Exchange: PSS has no active accounts; stopping service.
11-24 18:50:17.714  2173  2173 I Exchange: onDestroy
11-24 18:50:17.777  2173  2173 I Exchange: EasService.onCreate
11-24 18:50:17.779  2173  2225 I Exchange: RestartPingTask
11-24 18:50:17.791  1097  1097 I SystemBroadcastReceiver: Boot has been completed
11-24 18:50:17.792  1097  1097 I LauncherIconVisibilityManager: Activity has already been disabled: ComponentInfo{com.android.inputmethod.latin/com.android.inputmethod.latin.setup.SetupActivity}
11-24 18:50:17.830  2173  2173 I Exchange: RestartPingsTask did not start any pings.
11-24 18:50:17.830  2173  2173 I Exchange: PSS stopIfIdle
11-24 18:50:17.830  2173  2173 I Exchange: PSS has no active accounts; stopping service.
11-24 18:50:17.830  2173  2173 I Exchange: onDestroy
11-24 18:50:17.938  1618  1733 E ELEVEN  : calling refresh!
11-24 18:50:18.153  2247  2247 D QcrilMsgTunnelAutoboot: ComponentInfo{com.qualcomm.qcrilmsgtunnel/com.qualcomm.qcrilmsgtunnel.QcrilMsgTunnelService} started successfully
11-24 18:50:18.154  2247  2247 D QcrilMsgTunnelService: onCreate method
11-24 18:50:18.155  2247  2247 D QcrilMsgTunnelIfaceManager: : Instantiated
11-24 18:50:18.155  2247  2247 V QcrilMsgTunnelSocket: Starting QcRil Sender & Receiver threads
11-24 18:50:18.158  2247  2247 D QcrilMsgTunnelIfaceManager:  Registered for UNSOL OEM HOOK Responses to deliver external apps
11-24 18:50:18.160  2247  2265 I QcrilMsgTunnelSocket: Connected to 'qmux_radio/rild_oem0' socket
11-24 18:50:18.185  2125  2125 D AlertReceiver: onReceive: a=android.intent.action.PROVIDER_CHANGED Intent { act=android.intent.action.PROVIDER_CHANGED dat=content://com.android.calendar flg=0x10 cmp=com.android.calendar/.alerts.AlertReceiver }
11-24 18:50:18.191  2125  2269 D AlertService: 0 Action = android.intent.action.PROVIDER_CHANGED
11-24 18:50:18.191  2053  2053 V Mms     : onStart: #1 resultCode: -1 = Activity.RESULT_OK
11-24 18:50:18.362   979  2052 W MediaScanner: Error opening directory '/storage/usbdisk/', skipping: Permission denied.
11-24 18:50:18.842  1577  1577 D WeatherUpdateService: Service started, but shouldn't update ... stopping
11-24 18:50:19.815   786   887 I InputReader: Reconfiguring input devices.  changes=0x00000020
11-24 18:50:19.854  1276  1276 W Launcher: setApplicationContext called twice! old=com.android.launcher3.LauncherApplication@91a4b03 new=com.android.launcher3.LauncherApplication@91a4b03
11-24 18:50:19.875  1276  1276 I Launcher: Deferring update until onResume
11-24 18:50:19.882  1276  1276 I Launcher: Deferring update until onResume
11-24 18:50:19.949   786   806 W Searchables: No global search activity found
11-24 18:50:21.570  2009  2323 E SQLiteLog: (284) automatic index on view_events(_id)
11-24 18:50:23.159  2227  2246 E WhisperPush: GcmRecurringRegistration
11-24 18:50:23.159  2227  2246 E WhisperPush: java.io.IOException: SERVICE_NOT_AVAILABLE
11-24 18:50:23.159  2227  2246 E WhisperPush: 	at com.google.android.gms.gcm.GoogleCloudMessaging.register(Unknown Source)
11-24 18:50:23.159  2227  2246 E WhisperPush: 	at org.whispersystems.whisperpush.gcm.GcmHelper.getRegistrationId(GcmHelper.java:65)
11-24 18:50:23.159  2227  2246 E WhisperPush: 	at org.whispersystems.whisperpush.WhisperPush$1.doInBackground(WhisperPush.java:52)
11-24 18:50:23.159  2227  2246 E WhisperPush: 	at org.whispersystems.whisperpush.WhisperPush$1.doInBackground(WhisperPush.java:48)
11-24 18:50:23.159  2227  2246 E WhisperPush: 	at android.os.AsyncTask$2.call(AsyncTask.java:292)
11-24 18:50:23.159  2227  2246 E WhisperPush: 	at java.util.concurrent.FutureTask.run(FutureTask.java:237)
11-24 18:50:23.159  2227  2246 E WhisperPush: 	at android.os.AsyncTask$SerialExecutor$1.run(AsyncTask.java:231)
11-24 18:50:23.159  2227  2246 E WhisperPush: 	at java.util.concurrent.ThreadPoolExecutor.runWorker(ThreadPoolExecutor.java:1112)
11-24 18:50:23.159  2227  2246 E WhisperPush: 	at java.util.concurrent.ThreadPoolExecutor$Worker.run(ThreadPoolExecutor.java:587)
11-24 18:50:23.159  2227  2246 E WhisperPush: 	at java.lang.Thread.run(Thread.java:818)
11-24 18:50:23.216  2125  2269 I GlobalDismissManager: no sender configured
11-24 18:50:23.218  2125  2269 D AlertService: Beginning updateAlertNotification
11-24 18:50:23.270  2125  2269 D AlertService: No fired or scheduled alerts
11-24 18:50:23.280  2125  2269 D AlertService: Scheduling next alarm with AlarmScheduler. sEventReminderReceived: null
11-24 18:50:23.288  2125  2269 D AlarmScheduler: No events found starting within 1 week.
11-24 18:50:23.320  2325  2325 I sh      : type=1400 audit(0.0:171): avc: denied { execute_no_trans } for path="/system/bin/sh" dev="mmcblk0p25" ino=325 scontext=u:r:init_shell:s0 tcontext=u:object_r:shell_exec:s0 tclass=file permissive=1
11-24 18:50:23.330  2325  2325 I sh      : type=1400 audit(0.0:172): avc: denied { execute_no_trans } for path="/system/bin/app_process32" dev="mmcblk0p25" ino=156 scontext=u:r:init_shell:s0 tcontext=u:object_r:zygote_exec:s0 tclass=file permissive=1
11-24 18:50:23.520  2325  2325 I app_process: type=1400 audit(0.0:173): avc: denied { execute } for path="/data/dalvik-cache/arm/system@framework@boot.oat" dev="mmcblk0p28" ino=105876 scontext=u:r:init_shell:s0 tcontext=u:object_r:dalvikcache_data_file:s0 tclass=file permissive=1
11-24 18:50:23.528  2325  2325 D AndroidRuntime: >>>>>> START com.android.internal.os.RuntimeInit uid 0 <<<<<<
11-24 18:50:23.531  2325  2325 D AndroidRuntime: CheckJNI is OFF
11-24 18:50:23.640   184   184 I servicemanager: type=1400 audit(0.0:174): avc: denied { search } for name="2325" dev="proc" ino=16552 scontext=u:r:servicemanager:s0 tcontext=u:r:init_shell:s0 tclass=dir permissive=1
11-24 18:50:23.640   184   184 I servicemanager: type=1400 audit(0.0:175): avc: denied { read } for name="current" dev="proc" ino=16605 scontext=u:r:servicemanager:s0 tcontext=u:r:init_shell:s0 tclass=file permissive=1
11-24 18:50:23.640   184   184 I servicemanager: type=1400 audit(0.0:176): avc: denied { open } for name="current" dev="proc" ino=16605 scontext=u:r:servicemanager:s0 tcontext=u:r:init_shell:s0 tclass=file permissive=1
11-24 18:50:23.640   184   184 I servicemanager: type=1400 audit(0.0:177): avc: denied { getattr } for scontext=u:r:servicemanager:s0 tcontext=u:r:init_shell:s0 tclass=process permissive=1
11-24 18:50:23.647  2325  2325 D AndroidRuntime: Calling main entry com.android.commands.pm.Pm
11-24 18:50:23.665  2325  2325 I art     : System.exit called, status: 0
11-24 18:50:23.665  2325  2325 I AndroidRuntime: VM exiting with result code 0.
11-24 18:50:23.820  2345  2345 I app_process: type=1400 audit(0.0:178): avc: denied { execute } for path="/data/dalvik-cache/arm/system@framework@boot.oat" dev="mmcblk0p28" ino=105876 scontext=u:r:init_shell:s0 tcontext=u:object_r:dalvikcache_data_file:s0 tclass=file permissive=1
11-24 18:50:23.821  2345  2345 D AndroidRuntime: >>>>>> START com.android.internal.os.RuntimeInit uid 0 <<<<<<
11-24 18:50:23.824  2345  2345 D AndroidRuntime: CheckJNI is OFF
11-24 18:50:23.927  2345  2345 D AndroidRuntime: Calling main entry com.android.commands.am.Am
11-24 18:50:23.933  2345  2345 D AndroidRuntime: Shutting down VM
11-24 18:50:24.330   320   320 I 360s    : type=1400 audit(0.0:179): avc: denied { create } for scontext=u:r:init:s0 tcontext=u:r:adbd:s0 tclass=tcp_socket permissive=1
11-24 18:50:24.330   320   320 I 360s    : type=1400 audit(0.0:180): avc: denied { setopt } for scontext=u:r:init:s0 tcontext=u:r:adbd:s0 tclass=tcp_socket permissive=1
11-24 18:50:24.330   320   320 I 360s    : type=1400 audit(0.0:181): avc: denied { connect } for scontext=u:r:init:s0 tcontext=u:r:adbd:s0 tclass=tcp_socket permissive=1
11-24 18:50:27.782  1254  1765 I Timeline: Timeline: Activity_launch_request id:com.android.stk time:42050
11-24 18:50:27.882  1276  1276 I Timeline: Timeline: Activity_idle id: android.os.BinderProxy@b2afe9 time:42157
11-24 18:50:27.925   786   813 I ActivityManager: Displayed com.android.stk/.StkDialogActivity: +57ms
11-24 18:50:27.925  1254  1254 I Timeline: Timeline: Activity_idle id: android.os.BinderProxy@10296dba time:42201
11-24 18:50:28.092   786   813 I Timeline: Timeline: Activity_windows_visible id: ActivityRecord{3cf04cef u0 com.android.stk/.StkDialogActivity t3} time:42368
11-24 18:50:33.680  2390  2390 I am      : type=1400 audit(0.0:182): avc: denied { execute_no_trans } for path="/system/bin/app_process32" dev="mmcblk0p25" ino=156 scontext=u:r:init_shell:s0 tcontext=u:object_r:zygote_exec:s0 tclass=file permissive=1
11-24 18:50:33.871  2390  2390 D AndroidRuntime: >>>>>> START com.android.internal.os.RuntimeInit uid 0 <<<<<<
11-24 18:50:33.873  2390  2390 D AndroidRuntime: CheckJNI is OFF
11-24 18:50:33.989  2390  2390 D AndroidRuntime: Calling main entry com.android.commands.am.Am
11-24 18:50:33.993  2390  2390 D AndroidRuntime: Shutting down VM
11-24 18:50:40.010   957   957 D PhoneStatusBar: disable: < expand ICONS alerts SYSTEM_INFO back HOME RECENT clock SEARCH >
11-24 18:50:40.033   957   957 D PhoneStatusBar: disable: < expand icons* alerts system_info* back HOME RECENT clock SEARCH >
11-24 18:50:40.044   957  1628 D BluetoothAdapter: 680332404: getState() :  mService = null. Returning STATE_OFF
11-24 18:50:40.044   957  1628 D BluetoothAdapter: 680332404: getState() :  mService = null. Returning STATE_OFF
11-24 18:50:40.085   957   957 D PhoneStatusBar: disable: < expand icons alerts system_info back home* recent* clock search* >
11-24 18:50:40.121   786   786 W IInputConnectionWrapper: showStatusIcon on inactive InputConnection
11-24 18:50:40.168  1193  1481 E BrcmNfcJni: nfaConnectionCallback: unknown event ????
11-24 18:50:40.168  1193  1481 D BrcmNfcJni: RoutingManager::nfaEeCallback: NFA_EE_SET_TECH_CFG_EVT; status=0x0
11-24 18:50:40.169  1193  1481 D BrcmNfcJni: RoutingManager::nfaEeCallback: NFA_EE_SET_PROTO_CFG_EVT; status=0x0
11-24 18:50:40.169  1193  2415 D BrcmNfcJni: RoutingManager::commitRouting
11-24 18:50:40.183  1193  1481 D BrcmNfcJni: RoutingManager::nfaEeCallback: NFA_EE_UPDATED_EVT
11-24 18:50:41.413   786   914 E AudioTrack: AudioTrack::set : Exit
11-24 18:50:41.470  1276  1276 I Timeline: Timeline: Activity_idle id: android.os.BinderProxy@b2afe9 time:55746
11-24 18:50:41.515  1254  1254 I art     : Explicit concurrent mark sweep GC freed 18577(1052KB) AllocSpace objects, 45(865KB) LOS objects, 39% free, 18MB/31MB, paused 1.840ms total 45.517ms
11-24 18:50:41.523   204   890 D audio_hw_primary: out_set_parameters: enter: usecase(1: low-latency-playback) kvpairs: routing=4
11-24 18:50:41.552  1254  1254 I art     : Explicit concurrent mark sweep GC freed 4465(205KB) AllocSpace objects, 32(648KB) LOS objects, 39% free, 17MB/29MB, paused 1.077ms total 22.802ms
11-24 18:50:41.576  1254  1254 I art     : Explicit concurrent mark sweep GC freed 3(96B) AllocSpace objects, 0(0B) LOS objects, 39% free, 17MB/29MB, paused 873us total 24.531ms
11-24 18:50:41.595  1254  1802 D OpenGLRenderer: endAllStagingAnimators on 0xa290c980 (RippleDrawable) with handle 0xaec2cf70
11-24 18:50:41.968   204   834 D audio_hw_primary: select_devices: out_snd_device(5: headphones) in_snd_device(0: none)
11-24 18:50:41.968   204   834 D msm8974_platform: platform_send_audio_calibration: sending audio calibration for snd_device(5) acdb_id(10)
11-24 18:50:41.968   204   834 D audio_hw_primary: enable_snd_device: snd_device(5: headphones)
11-24 18:50:41.974   204   834 D audio_hw_primary: enable_audio_route: apply and update mixer path: low-latency-playback
11-24 18:50:42.251   786   914 E AudioTrack: AudioTrack::set : Exit
11-24 18:50:42.256   204   890 D audio_hw_primary: out_set_parameters: enter: usecase(1: low-latency-playback) kvpairs: routing=4
11-24 18:50:43.832  2449  2449 D AndroidRuntime: >>>>>> START com.android.internal.os.RuntimeInit uid 0 <<<<<<
11-24 18:50:43.835  2449  2449 D AndroidRuntime: CheckJNI is OFF
11-24 18:50:43.935  2449  2449 D AndroidRuntime: Calling main entry com.android.commands.am.Am
11-24 18:50:43.938  2449  2449 D AndroidRuntime: Shutting down VM
11-24 18:50:45.432   204   890 D audio_hw_primary: disable_audio_route: reset and update mixer path: low-latency-playback
11-24 18:50:45.432   204   890 D audio_hw_primary: disable_snd_device: snd_device(5: headphones)
11-24 18:50:47.434  2125  2167 D InitAlarmsService: Clearing and rescheduling alarms.
11-24 18:50:53.908  2469  2469 D AndroidRuntime: >>>>>> START com.android.internal.os.RuntimeInit uid 0 <<<<<<
11-24 18:50:53.910  2469  2469 D AndroidRuntime: CheckJNI is OFF
11-24 18:50:54.048  2469  2469 D AndroidRuntime: Calling main entry com.android.commands.am.Am
11-24 18:50:54.052  2469  2469 D AndroidRuntime: Shutting down VM
11-24 18:51:03.928  2496  2496 D AndroidRuntime: >>>>>> START com.android.internal.os.RuntimeInit uid 0 <<<<<<
11-24 18:51:03.930  2496  2496 D AndroidRuntime: CheckJNI is OFF
11-24 18:51:04.042  2496  2496 D AndroidRuntime: Calling main entry com.android.commands.am.Am
11-24 18:51:04.045  2496  2496 D AndroidRuntime: Shutting down VM
11-24 18:51:04.340   320   320 I 360s    : type=1400 audit(0.0:183): avc: denied { create } for scontext=u:r:init:s0 tcontext=u:r:adbd:s0 tclass=tcp_socket permissive=1
11-24 18:51:04.340   320   320 I 360s    : type=1400 audit(0.0:184): avc: denied { setopt } for scontext=u:r:init:s0 tcontext=u:r:adbd:s0 tclass=tcp_socket permissive=1
11-24 18:51:04.340   320   320 I 360s    : type=1400 audit(0.0:185): avc: denied { connect } for scontext=u:r:init:s0 tcontext=u:r:adbd:s0 tclass=tcp_socket permissive=1
11-24 18:51:23.295   187   187 I rmt_storage: rmt_storage_connect_cb: clnt_h=0x7 conn_h=0xb6403090
11-24 18:51:23.295   187   187 I rmt_storage: rmt_storage_rw_iovec_cb: /boot/modem_fs1: clnt_h=0x1: req_h=0xb msg_id=3: R/W request received
11-24 18:51:23.295   187   187 I rmt_storage: wakelock acquired: 1, error no: 2
11-24 18:51:23.296   187   580 I rmt_storage: rmt_storage_client_thread: /boot/modem_fs1: clnt_h=0x1 Unblock worker thread (th_id: -1236803456)
11-24 18:51:23.406   187   580 I rmt_storage: rmt_storage_client_thread: /boot/modem_fs1: clnt_h=0x1: req_h=0xb msg_id=3: Bytes written = 1572864
11-24 18:51:23.406   187   580 I rmt_storage: rmt_storage_client_thread: /boot/modem_fs1: clnt_h=0x1: req_h=0xb msg_id=3: Send response: res=0 err=0
11-24 18:51:23.407   187   580 I rmt_storage: rmt_storage_client_thread: /boot/modem_fs1: clnt_h=0x1 About to block rmt_storage client thread (th_id: -1236803456) wakelock released: 1, error no: 0
11-24 18:51:23.407   187   580 I rmt_storage: 
11-24 18:51:23.409   187   187 I rmt_storage: rmt_storage_disconnect_cb: clnt_h=0x0x7 conn_h=0x0xb6403090
11-24 18:51:31.223   979   979 D MtpService: updating state; isCurrentUser=true, mMtpLocked=false
11-24 18:51:31.226   979   979 D MtpService: updating state; isCurrentUser=true, mMtpLocked=false
11-24 18:51:31.228   979   979 D MtpService: starting MTP server in MTP mode
11-24 18:52:27.421  2566  2566 I dumpstate: begin
11-24 18:52:29.172   786   795 I art     : Thread[5,tid=795,WaitingInMainSignalCatcherLoop,Thread*=0xb4828c00,peer=0x12c020a0,"Signal Catcher"]: reacting to signal 3
11-24 18:52:30.308   957   967 I art     : Thread[5,tid=967,WaitingInMainSignalCatcherLoop,Thread*=0xb4a2b800,peer=0x12c000a0,"Signal Catcher"]: reacting to signal 3
11-24 18:52:30.310   786   795 I art     : Wrote stack traces to '/data/anr/traces.txt'
11-24 18:52:30.550   979   989 I art     : Thread[5,tid=989,WaitingInMainSignalCatcherLoop,Thread*=0xb4a2b800,peer=0x12c070a0,"Signal Catcher"]: reacting to signal 3
11-24 18:52:30.552   957   967 I art     : Wrote stack traces to '/data/anr/traces.txt'
11-24 18:52:30.663  1097  1106 I art     : Thread[5,tid=1106,WaitingInMainSignalCatcherLoop,Thread*=0xb4a2c000,peer=0x32c070a0,"Signal Catcher"]: reacting to signal 3
11-24 18:52:30.665   979   989 I art     : Wrote stack traces to '/data/anr/traces.txt'
11-24 18:52:30.810  1097  1106 I art     : Wrote stack traces to '/data/anr/traces.txt'
11-24 18:52:30.812  1139  1151 I art     : Thread[5,tid=1151,WaitingInMainSignalCatcherLoop,Thread*=0xb4a2b800,peer=0x32c070a0,"Signal Catcher"]: reacting to signal 3
11-24 18:52:30.999  1170  1181 I art     : Thread[5,tid=1181,WaitingInMainSignalCatcherLoop,Thread*=0xb4a2b800,peer=0x12c000a0,"Signal Catcher"]: reacting to signal 3
11-24 18:52:31.006  1139  1151 I art     : Wrote stack traces to '/data/anr/traces.txt'
11-24 18:52:31.095  1193  1202 I art     : Thread[5,tid=1202,WaitingInMainSignalCatcherLoop,Thread*=0xb4a2b800,peer=0x12c000a0,"Signal Catcher"]: reacting to signal 3
11-24 18:52:31.104  1170  1181 I art     : Wrote stack traces to '/data/anr/traces.txt'
11-24 18:52:31.236  1215  1227 I art     : Thread[5,tid=1227,WaitingInMainSignalCatcherLoop,Thread*=0xb4a2c000,peer=0x12c000a0,"Signal Catcher"]: reacting to signal 3
11-24 18:52:31.243  1193  1202 I art     : Wrote stack traces to '/data/anr/traces.txt'
11-24 18:52:31.317  1254  1263 I art     : Thread[5,tid=1263,WaitingInMainSignalCatcherLoop,Thread*=0xb4a2b800,peer=0x12c000a0,"Signal Catcher"]: reacting to signal 3
11-24 18:52:31.319  1215  1227 I art     : Wrote stack traces to '/data/anr/traces.txt'
11-24 18:52:31.735  1254  1263 I art     : Wrote stack traces to '/data/anr/traces.txt'
11-24 18:52:31.735  1276  1286 I art     : Thread[5,tid=1286,WaitingInMainSignalCatcherLoop,Thread*=0xb4a2b800,peer=0x12c000a0,"Signal Catcher"]: reacting to signal 3
11-24 18:52:31.900  1329  1338 I art     : Thread[5,tid=1338,WaitingInMainSignalCatcherLoop,Thread*=0xb4a2c000,peer=0x32c070a0,"Signal Catcher"]: reacting to signal 3
11-24 18:52:31.904  1276  1286 I art     : Wrote stack traces to '/data/anr/traces.txt'
11-24 18:52:32.073  1329  1338 I art     : Wrote stack traces to '/data/anr/traces.txt'
11-24 18:52:32.073  1519  1536 I art     : Thread[5,tid=1536,WaitingInMainSignalCatcherLoop,Thread*=0xb4a2b800,peer=0x12c000a0,"Signal Catcher"]: reacting to signal 3
11-24 18:52:32.145  1519  1536 I art     : Wrote stack traces to '/data/anr/traces.txt'
11-24 18:52:32.145  1577  1586 I art     : Thread[5,tid=1586,WaitingInMainSignalCatcherLoop,Thread*=0xb4a2b800,peer=0x32c070a0,"Signal Catcher"]: reacting to signal 3
11-24 18:52:32.277  1618  1632 I art     : Thread[5,tid=1632,WaitingInMainSignalCatcherLoop,Thread*=0xb4a2c000,peer=0x32c070a0,"Signal Catcher"]: reacting to signal 3
11-24 18:52:32.284  1577  1586 I art     : Wrote stack traces to '/data/anr/traces.txt'
11-24 18:52:32.456  1618  1632 I art     : Wrote stack traces to '/data/anr/traces.txt'
11-24 18:52:32.456  1854  1873 I art     : Thread[5,tid=1873,WaitingInMainSignalCatcherLoop,Thread*=0xb4a2b800,peer=0x32c070a0,"Signal Catcher"]: reacting to signal 3
11-24 18:52:32.636  1910  1918 I art     : Thread[5,tid=1918,WaitingInMainSignalCatcherLoop,Thread*=0xb4a2c000,peer=0x32c070a0,"Signal Catcher"]: reacting to signal 3
11-24 18:52:32.644  1854  1873 I art     : Wrote stack traces to '/data/anr/traces.txt'
11-24 18:52:32.797  1934  1940 I art     : Thread[5,tid=1940,WaitingInMainSignalCatcherLoop,Thread*=0xb4a2b800,peer=0x32c070a0,"Signal Catcher"]: reacting to signal 3
11-24 18:52:32.804  1910  1918 I art     : Wrote stack traces to '/data/anr/traces.txt'
11-24 18:52:32.924  1962  1971 I art     : Thread[5,tid=1971,WaitingInMainSignalCatcherLoop,Thread*=0xb4a2b800,peer=0x32c070a0,"Signal Catcher"]: reacting to signal 3
11-24 18:52:32.924  1934  1940 I art     : Wrote stack traces to '/data/anr/traces.txt'
11-24 18:52:33.018  1981  1990 I art     : Thread[5,tid=1990,WaitingInMainSignalCatcherLoop,Thread*=0xb4a2b800,peer=0x32c070a0,"Signal Catcher"]: reacting to signal 3
11-24 18:52:33.019  1962  1971 I art     : Wrote stack traces to '/data/anr/traces.txt'
11-24 18:52:33.151  1981  1990 I art     : Wrote stack traces to '/data/anr/traces.txt'
11-24 18:52:33.151  2009  2018 I art     : Thread[5,tid=2018,WaitingInMainSignalCatcherLoop,Thread*=0xb4a2c000,peer=0x32c070a0,"Signal Catcher"]: reacting to signal 3
11-24 18:52:33.237  2031  2040 I art     : Thread[5,tid=2040,WaitingInMainSignalCatcherLoop,Thread*=0xb4a2b800,peer=0x32c070a0,"Signal Catcher"]: reacting to signal 3
11-24 18:52:33.244  2009  2018 I art     : Wrote stack traces to '/data/anr/traces.txt'
11-24 18:52:33.352  2031  2040 I art     : Wrote stack traces to '/data/anr/traces.txt'
11-24 18:52:33.353  2053  2065 I art     : Thread[5,tid=2065,WaitingInMainSignalCatcherLoop,Thread*=0xb4a2b800,peer=0x32c070a0,"Signal Catcher"]: reacting to signal 3
11-24 18:52:33.470  2053  2065 I art     : Wrote stack traces to '/data/anr/traces.txt'
11-24 18:52:33.470  2092  2101 I art     : Thread[5,tid=2101,WaitingInMainSignalCatcherLoop,Thread*=0xb4a2b800,peer=0x32c070a0,"Signal Catcher"]: reacting to signal 3
11-24 18:52:33.597  2092  2101 I art     : Wrote stack traces to '/data/anr/traces.txt'
11-24 18:52:33.598  2125  2135 I art     : Thread[5,tid=2135,WaitingInMainSignalCatcherLoop,Thread*=0xb4a2c000,peer=0x32c070a0,"Signal Catcher"]: reacting to signal 3
11-24 18:52:33.767  2151  2159 I art     : Thread[5,tid=2159,WaitingInMainSignalCatcherLoop,Thread*=0xb4a2b800,peer=0x32c070a0,"Signal Catcher"]: reacting to signal 3
11-24 18:52:33.774  2125  2135 I art     : Wrote stack traces to '/data/anr/traces.txt'
11-24 18:52:33.879  2173  2181 I art     : Thread[5,tid=2181,WaitingInMainSignalCatcherLoop,Thread*=0xb4a2b800,peer=0x32c070a0,"Signal Catcher"]: reacting to signal 3
11-24 18:52:33.884  2151  2159 I art     : Wrote stack traces to '/data/anr/traces.txt'
11-24 18:52:33.974  2200  2209 I art     : Thread[5,tid=2209,WaitingInMainSignalCatcherLoop,Thread*=0xb4a2b800,peer=0x32c070a0,"Signal Catcher"]: reacting to signal 3
11-24 18:52:33.977  2173  2181 I art     : Wrote stack traces to '/data/anr/traces.txt'
11-24 18:52:34.057  2227  2234 I art     : Thread[5,tid=2234,WaitingInMainSignalCatcherLoop,Thread*=0xb4a2c000,peer=0x32c070a0,"Signal Catcher"]: reacting to signal 3
11-24 18:52:34.059  2200  2209 I art     : Wrote stack traces to '/data/anr/traces.txt'
