11-24 18:49:49.686   214   214 D AndroidRuntime: >>>>>> START com.android.internal.os.ZygoteInit uid 0 <<<<<<
11-24 18:49:49.701   301   301 W auditd  : type=1325 audit(0.0:41): table=filter family=2 entries=22
11-24 18:49:49.711   301   301 W auditd  : type=1325 audit(0.0:42): table=filter family=10 entries=22
11-24 18:49:49.721   301   301 W auditd  : type=1325 audit(0.0:43): table=filter family=2 entries=24
11-24 18:49:49.731   301   301 W auditd  : type=1325 audit(0.0:44): table=filter family=10 entries=24
11-24 18:49:49.753   214   214 D AndroidRuntime: CheckJNI is OFF
11-24 18:49:49.771   214   214 I art     : option[0]=-Xzygote
11-24 18:49:49.771   214   214 I art     : option[1]=-Xstacktracefile:/data/anr/traces.txt
11-24 18:49:49.771   214   214 I art     : option[2]=exit
11-24 18:49:49.771   214   214 I art     : option[3]=vfprintf
11-24 18:49:49.771   214   214 I art     : option[4]=sensitiveThread
11-24 18:49:49.771   214   214 I art     : option[5]=-verbose:gc
11-24 18:49:49.771   214   214 I art     : option[6]=-Xms8m
11-24 18:49:49.771   214   214 I art     : option[7]=-Xmx512m
11-24 18:49:49.771   214   214 I art     : option[8]=-XX:mainThreadStackSize=24K
11-24 18:49:49.771   214   214 I art     : option[9]=-XX:HeapGrowthLimit=192m
11-24 18:49:49.771   214   214 I art     : option[10]=-XX:HeapMinFree=512k
11-24 18:49:49.771   214   214 I art     : option[11]=-XX:HeapMaxFree=8m
11-24 18:49:49.771   214   214 I art     : option[12]=-XX:HeapTargetUtilization=0.75
11-24 18:49:49.771   214   214 I art     : option[13]=-agentlib:jdwp=transport=dt_android_adb,suspend=n,server=y
11-24 18:49:49.771   214   214 I art     : option[14]=-Xlockprofthreshold:500
11-24 18:49:49.771   214   214 I art     : option[15]=-Ximage-compiler-option
11-24 18:49:49.771   214   214 I art     : option[16]=--runtime-arg
11-24 18:49:49.771   214   214 I art     : option[17]=-Ximage-compiler-option
11-24 18:49:49.771   214   214 I art     : option[18]=-Xms64m
11-24 18:49:49.771   214   214 I art     : option[19]=-Ximage-compiler-option
11-24 18:49:49.771   214   214 I art     : option[20]=--runtime-arg
11-24 18:49:49.771   214   214 I art     : option[21]=-Ximage-compiler-option
11-24 18:49:49.771   214   214 I art     : option[22]=-Xmx64m
11-24 18:49:49.771   214   214 I art     : option[23]=-Ximage-compiler-option
11-24 18:49:49.771   214   214 I art     : option[24]=--image-classes=/system/etc/preloaded-classes
11-24 18:49:49.771   214   214 I art     : option[25]=-Xcompiler-option
11-24 18:49:49.771   214   214 I art     : option[26]=--runtime-arg
11-24 18:49:49.771   214   214 I art     : option[27]=-Xcompiler-option
11-24 18:49:49.771   214   214 I art     : option[28]=-Xms64m
11-24 18:49:49.771   214   214 I art     : option[29]=-Xcompiler-option
11-24 18:49:49.771   214   214 I art     : option[30]=--runtime-arg
11-24 18:49:49.771   214   214 I art     : option[31]=-Xcompiler-option
11-24 18:49:49.771   214   214 I art     : option[32]=-Xmx512m
11-24 18:49:49.771   214   214 I art     : option[33]=-Duser.language=en
11-24 18:49:49.771   214   214 I art     : option[34]=-Duser.region=US
11-24 18:49:49.781   301   301 W auditd  : type=1325 audit(0.0:45): table=filter family=2 entries=25
11-24 18:49:49.791   301   301 W auditd  : type=1325 audit(0.0:46): table=filter family=10 entries=25
11-24 18:49:49.791   301   301 W auditd  : type=1325 audit(0.0:47): table=filter family=2 entries=27
11-24 18:49:49.801   301   301 W auditd  : type=1325 audit(0.0:48): table=filter family=10 entries=27
11-24 18:49:49.841   301   301 W auditd  : type=1325 audit(0.0:49): table=filter family=2 entries=28
11-24 18:49:50.062   429   453 D libEGL  : loaded /vendor/lib/egl/libEGL_adreno.so
11-24 18:49:50.063   429   453 D libEGL  : loaded /vendor/lib/egl/libGLESv1_CM_adreno.so
11-24 18:49:50.072   429   453 D libEGL  : loaded /vendor/lib/egl/libGLESv2_adreno.so
11-24 18:49:50.100   429   453 I Adreno-EGL: <qeglDrvAPI_eglInitialize:379>: QUALCOMM Build: 01/14/15, ab0075f, Id3510ff6dc
11-24 18:49:50.146   429   453 E BootAnimation: couldn't find audio_conf.txt
11-24 18:49:50.204   429   453 W BootAnimation: Audio service is not initiated.
11-24 18:49:50.204   429   453 D BootAnimation: Use save memory method, maybe small fps in actual.
11-24 18:49:50.206   429   453 E QCOM PowerHAL: Failed to acquire lock.
11-24 18:49:50.270   186   186 D SurfaceFlinger: SF. shader cache generated - 26 shaders in 209.338226 ms
11-24 18:49:50.282   186   186 D qdutils : DEBUG_CALC_FPS: 0
11-24 18:49:50.282   186   186 D qdutils : period: 10
11-24 18:49:50.282   186   186 D qdutils : ignorethresh_us: 500000
11-24 18:49:50.326   198   198 V NatController: runCmd(/system/bin/iptables -F natctrl_FORWARD) res=0
11-24 18:49:50.331   198   198 V NatController: runCmd(/system/bin/iptables -A natctrl_FORWARD -j DROP) res=0
11-24 18:49:50.335   198   198 V NatController: runCmd(/system/bin/iptables -t nat -F natctrl_nat_POSTROUTING) res=0
11-24 18:49:50.339   198   198 V NatController: runCmd(/system/bin/iptables -F natctrl_tether_counters) res=1
11-24 18:49:50.343   198   198 V NatController: runCmd(/system/bin/iptables -X natctrl_tether_counters) res=1
11-24 18:49:50.349   198   198 V NatController: runCmd(/system/bin/iptables -N natctrl_tether_counters) res=0
11-24 18:49:50.357   198   198 V NatController: runCmd(/system/bin/iptables -t mangle -A natctrl_mangle_FORWARD -p tcp --tcp-flags SYN SYN -j TCPMSS --clamp-mss-to-pmtu) res=0
11-24 18:49:50.499   213   254 E Diag_Lib:  Diag_LSM_Init: Failed to open handle to diag driver, error = 2
11-24 18:49:50.500   217   217 E Diag_Lib:  Diag_LSM_Init: Failed to open handle to diag driver, error = 2
11-24 18:49:50.500   217   217 E QC-time-services: Daemon:genoff_modem_qmi_init: qmi_client_get_service_list returned -2num_services 0
11-24 18:49:50.525   210   572 E Diag_Lib:  Diag_LSM_Init: Failed to open handle to diag driver, error = 2
11-24 18:49:50.525   204   204 I ServiceManager: Waiting for service batterystats...
11-24 18:49:50.553   214   214 I SamplingProfilerIntegration: Profiling disabled.
11-24 18:49:50.559   214   214 D Zygote  : begin preload
11-24 18:49:50.570   214   214 I Zygote  : Preloading classes...
11-24 18:49:50.578   214   214 I art     : Explicit concurrent mark sweep GC freed 800(36KB) AllocSpace objects, 0(0B) LOS objects, 95% free, 44KB/1068KB, paused 106us total 8.036ms
11-24 18:49:50.581   301   301 W auditd  : type=1325 audit(0.0:90): table=filter family=2 entries=34
11-24 18:49:50.585   214   214 I art     : Counter: 1
11-24 18:49:50.591   214   214 I art     : Explicit concurrent mark sweep GC freed 86(3KB) AllocSpace objects, 0(0B) LOS objects, 94% free, 64KB/1088KB, paused 96us total 2.029ms
11-24 18:49:50.601   301   301 W auditd  : type=1325 audit(0.0:91): table=filter family=10 entries=31
11-24 18:49:50.601   301   301 W auditd  : type=1325 audit(0.0:92): table=filter family=2 entries=36
11-24 18:49:50.603   214   214 I art     : Explicit concurrent mark sweep GC freed 457(29KB) AllocSpace objects, 0(0B) LOS objects, 94% free, 65KB/1089KB, paused 105us total 1.695ms
11-24 18:49:50.605   187   187 I rmt_storage: rmt_storage_connect_cb: clnt_h=0x1 conn_h=0xb6403070
11-24 18:49:50.605   187   187 I rmt_storage: rmt_storage_open_cb: /boot/modem_fs1: clnt_h=0x1: req_h=0x1 msg_id=1: Client found
11-24 18:49:50.605   187   580 I rmt_storage: rmt_storage_client_thread: /boot/modem_fs1: clnt_h=0x1 Worker thread started
11-24 18:49:50.605   187   580 I rmt_storage: wake lock name: rmt_storage_-1236803456, name creation success: 23
11-24 18:49:50.605   187   187 I rmt_storage: rmt_storage_open_cb: /boot/modem_fs1: clnt_h=0x1: req_h=0x1 msg_id=1: Send response: res=0 err=0
11-24 18:49:50.606   187   187 I rmt_storage: rmt_storage_connect_cb: clnt_h=0x2 conn_h=0xb6403078
11-24 18:49:50.606   187   187 I rmt_storage: rmt_storage_open_cb: /boot/modem_fs2: clnt_h=0x2: req_h=0x2 msg_id=1: Client found
11-24 18:49:50.606   187   581 I rmt_storage: rmt_storage_client_thread: /boot/modem_fs2: clnt_h=0x2 Worker thread started
11-24 18:49:50.606   187   581 I rmt_storage: wake lock name: rmt_storage_-1236802816, name creation success: 23
11-24 18:49:50.606   187   187 I rmt_storage: rmt_storage_open_cb: /boot/modem_fs2: clnt_h=0x2: req_h=0x2 msg_id=1: Send response: res=0 err=0
11-24 18:49:50.607   187   187 I rmt_storage: rmt_storage_connect_cb: clnt_h=0x3 conn_h=0xb6403080
11-24 18:49:50.607   187   187 I rmt_storage: rmt_storage_open_cb: /boot/modem_fsg: clnt_h=0x3: req_h=0x3 msg_id=1: Client found
11-24 18:49:50.607   187   582 I rmt_storage: rmt_storage_client_thread: /boot/modem_fsg: clnt_h=0x3 Worker thread started
11-24 18:49:50.607   187   582 I rmt_storage: wake lock name: rmt_storage_-1236802176, name creation success: 23
11-24 18:49:50.607   187   187 I rmt_storage: rmt_storage_open_cb: /boot/modem_fsg: clnt_h=0x3: req_h=0x3 msg_id=1: Send response: res=0 err=0
11-24 18:49:50.607   187   187 I rmt_storage: rmt_storage_connect_cb: clnt_h=0x4 conn_h=0xb6403088
11-24 18:49:50.607   187   187 I rmt_storage: rmt_storage_open_cb: /boot/modem_fsc: clnt_h=0x4: req_h=0x4 msg_id=1: Client found
11-24 18:49:50.607   187   583 I rmt_storage: rmt_storage_client_thread: /boot/modem_fsc: clnt_h=0x4 Worker thread started
11-24 18:49:50.607   187   583 I rmt_storage: wake lock name: rmt_storage_-1236801536, name creation success: 23
11-24 18:49:50.607   187   187 I rmt_storage: rmt_storage_open_cb: /boot/modem_fsc: clnt_h=0x4: req_h=0x4 msg_id=1: Send response: res=0 err=0
11-24 18:49:50.608   187   187 I rmt_storage: rmt_storage_alloc_buff_cb: /boot/modem_fs1: clnt_h=0x1: req_h=0x5 msg_id=4: Alloc request received: Size: 1572864
11-24 18:49:50.608   187   187 I rmt_storage: rmt_storage_alloc_buff_cb: /boot/modem_fs1: clnt_h=0x1: req_h=0x5 msg_id=4: Send response: res=0 err=0
11-24 18:49:50.608   187   187 I rmt_storage: rmt_storage_rw_iovec_cb: /boot/modem_fs1: clnt_h=0x1: req_h=0x6 msg_id=3: R/W request received
11-24 18:49:50.608   187   187 I rmt_storage: Shared mem address set to 0xb5e80000
11-24 18:49:50.608   187   187 I rmt_storage: wakelock acquired: 1, error no: 2
11-24 18:49:50.608   187   580 I rmt_storage: rmt_storage_client_thread: /boot/modem_fs1: clnt_h=0x1 Unblock worker thread (th_id: -1236803456)
11-24 18:49:50.609   187   580 I rmt_storage: rmt_storage_client_thread: /boot/modem_fs1: clnt_h=0x1: req_h=0x6 msg_id=3: Bytes read = 512
11-24 18:49:50.609   187   580 I rmt_storage: rmt_storage_client_thread: /boot/modem_fs1: clnt_h=0x1: req_h=0x6 msg_id=3: Send response: res=0 err=0
11-24 18:49:50.609   187   580 I rmt_storage: rmt_storage_client_thread: /boot/modem_fs1: clnt_h=0x1 About to block rmt_storage client thread (th_id: -1236803456) wakelock released: 1, error no: 0
11-24 18:49:50.609   187   580 I rmt_storage: 
11-24 18:49:50.609   187   187 I rmt_storage: rmt_storage_rw_iovec_cb: /boot/modem_fs2: clnt_h=0x2: req_h=0x7 msg_id=3: R/W request received
11-24 18:49:50.609   187   187 I rmt_storage: Shared mem address set to 0xb5e80000
11-24 18:49:50.609   187   187 I rmt_storage: wakelock acquired: 1, error no: 2
11-24 18:49:50.609   187   581 I rmt_storage: rmt_storage_client_thread: /boot/modem_fs2: clnt_h=0x2 Unblock worker thread (th_id: -1236802816)
11-24 18:49:50.610   187   581 I rmt_storage: rmt_storage_client_thread: /boot/modem_fs2: clnt_h=0x2: req_h=0x7 msg_id=3: Bytes read = 512
11-24 18:49:50.610   187   581 I rmt_storage: rmt_storage_client_thread: /boot/modem_fs2: clnt_h=0x2: req_h=0x7 msg_id=3: Send response: res=0 err=0
11-24 18:49:50.610   187   581 I rmt_storage: rmt_storage_client_thread: /boot/modem_fs2: clnt_h=0x2 About to block rmt_storage client thread (th_id: -1236802816) wakelock released: 1, error no: 0
11-24 18:49:50.610   187   581 I rmt_storage: 
11-24 18:49:50.611   301   301 W auditd  : type=1325 audit(0.0:93): table=filter family=10 entries=33
11-24 18:49:50.611   187   187 I rmt_storage: rmt_storage_rw_iovec_cb: /boot/modem_fs2: clnt_h=0x2: req_h=0x8 msg_id=3: R/W request received
11-24 18:49:50.611   187   187 I rmt_storage: wakelock acquired: 1, error no: 2
11-24 18:49:50.611   187   581 I rmt_storage: rmt_storage_client_thread: /boot/modem_fs2: clnt_h=0x2 Unblock worker thread (th_id: -1236802816)
11-24 18:49:50.617   214   214 I art     : Explicit concurrent mark sweep GC freed 5(160B) AllocSpace objects, 0(0B) LOS objects, 94% free, 65KB/1089KB, paused 638us total 12.271ms
11-24 18:49:50.621   301   301 W auditd  : type=1325 audit(0.0:94): table=filter family=2 entries=38
11-24 18:49:50.631   301   301 W auditd  : type=1325 audit(0.0:95): table=filter family=10 entries=35
11-24 18:49:50.633   187   581 I rmt_storage: rmt_storage_client_thread: /boot/modem_fs2: clnt_h=0x2: req_h=0x8 msg_id=3: Bytes read = 1571840
11-24 18:49:50.633   187   581 I rmt_storage: rmt_storage_client_thread: /boot/modem_fs2: clnt_h=0x2: req_h=0x8 msg_id=3: Send response: res=0 err=0
11-24 18:49:50.633   187   581 I rmt_storage: rmt_storage_client_thread: /boot/modem_fs2: clnt_h=0x2 About to block rmt_storage client thread (th_id: -1236802816) wakelock released: 1, error no: 0
11-24 18:49:50.633   187   581 I rmt_storage: 
11-24 18:49:50.641   301   301 W auditd  : type=1325 audit(0.0:96): table=filter family=2 entries=40
11-24 18:49:50.660   214   214 I art     : Explicit concurrent mark sweep GC freed 646(41KB) AllocSpace objects, 0(0B) LOS objects, 93% free, 72KB/1096KB, paused 171us total 6.080ms
11-24 18:49:50.661   301   301 W auditd  : type=1325 audit(0.0:97): table=filter family=10 entries=37
11-24 18:49:50.661   301   301 W auditd  : type=1325 audit(0.0:98): table=filter family=2 entries=40
11-24 18:49:50.663   214   214 I art     : Explicit concurrent mark sweep GC freed 5(160B) AllocSpace objects, 0(0B) LOS objects, 93% free, 72KB/1096KB, paused 168us total 2.522ms
11-24 18:49:50.671   301   301 W auditd  : type=1325 audit(0.0:99): table=filter family=10 entries=37
11-24 18:49:50.671   301   301 W auditd  : type=1325 audit(0.0:100): table=filter family=2 entries=40
11-24 18:49:50.681   301   301 W auditd  : type=1325 audit(0.0:101): table=filter family=10 entries=37
11-24 18:49:50.691   301   301 W auditd  : type=1325 audit(0.0:102): table=filter family=2 entries=40
11-24 18:49:50.701   301   301 W auditd  : type=1325 audit(0.0:103): table=filter family=10 entries=37
11-24 18:49:50.711   301   301 W auditd  : type=1325 audit(0.0:104): table=filter family=2 entries=40
11-24 18:49:50.721   301   301 W auditd  : type=1325 audit(0.0:105): table=filter family=10 entries=37
11-24 18:49:50.731   301   301 W auditd  : type=1325 audit(0.0:106): table=filter family=2 entries=40
11-24 18:49:50.741   301   301 W auditd  : type=1325 audit(0.0:107): table=filter family=10 entries=37
11-24 18:49:50.746   214   214 I art     : Explicit concurrent mark sweep GC freed 381(22KB) AllocSpace objects, 0(0B) LOS objects, 90% free, 103KB/1127KB, paused 108us total 2.164ms
11-24 18:49:50.750   214   214 I art     : Explicit concurrent mark sweep GC freed 25(1056B) AllocSpace objects, 0(0B) LOS objects, 90% free, 102KB/1126KB, paused 99us total 1.568ms
11-24 18:49:50.751   301   301 W auditd  : type=1325 audit(0.0:108): table=raw family=2 entries=9
11-24 18:49:50.751   187   187 I rmt_storage: rmt_storage_connect_cb: clnt_h=0x5 conn_h=0xb6403090
11-24 18:49:50.751   187   187 I rmt_storage: rmt_storage_rw_iovec_cb: /boot/modem_fs1: clnt_h=0x1: req_h=0x9 msg_id=3: R/W request received
11-24 18:49:50.751   187   187 I rmt_storage: wakelock acquired: 1, error no: 2
11-24 18:49:50.751   187   580 I rmt_storage: rmt_storage_client_thread: /boot/modem_fs1: clnt_h=0x1 Unblock worker thread (th_id: -1236803456)
11-24 18:49:50.771   301   301 W auditd  : type=1325 audit(0.0:109): table=raw family=10 entries=9
11-24 18:49:50.818   210   569 E Sensors : sns_reg.c(255):Invalid ID: 3040
11-24 18:49:50.818   187   580 I rmt_storage: rmt_storage_client_thread: /boot/modem_fs1: clnt_h=0x1: req_h=0x9 msg_id=3: Bytes written = 1572864
11-24 18:49:50.818   187   580 I rmt_storage: rmt_storage_client_thread: /boot/modem_fs1: clnt_h=0x1: req_h=0x9 msg_id=3: Send response: res=0 err=0
11-24 18:49:50.818   187   580 I rmt_storage: rmt_storage_client_thread: /boot/modem_fs1: clnt_h=0x1 About to block rmt_storage client thread (th_id: -1236803456) wakelock released: 1, error no: 0
11-24 18:49:50.818   187   580 I rmt_storage: 
11-24 18:49:50.819   187   187 I rmt_storage: rmt_storage_disconnect_cb: clnt_h=0x0x5 conn_h=0x0xb6403090
11-24 18:49:50.895   198   198 D MDnsDS  : MDnsSdListener::Hander starting up
11-24 18:49:50.895   198   621 D MDnsDS  : MDnsSdListener starting to monitor
11-24 18:49:50.895   198   621 D MDnsDS  : Going to poll with pollCount 1
11-24 18:49:50.993   214   214 E Minikin : addFont failed to create font /system/fonts/NanumGothic.ttf
11-24 18:49:51.005   214   214 E Minikin : addFont failed to create font /system/fonts/DroidSansFallback.ttf
11-24 18:49:51.077   214   214 I art     : Explicit concurrent mark sweep GC freed 1795(194KB) AllocSpace objects, 0(0B) LOS objects, 89% free, 115KB/1139KB, paused 104us total 2.246ms
11-24 18:49:51.080   214   214 I art     : Explicit concurrent mark sweep GC freed 29(1040B) AllocSpace objects, 0(0B) LOS objects, 89% free, 114KB/1138KB, paused 107us total 1.549ms
11-24 18:49:51.104   214   214 I art     : Explicit concurrent mark sweep GC freed 1910(91KB) AllocSpace objects, 0(0B) LOS objects, 86% free, 155KB/1179KB, paused 109us total 3.344ms
11-24 18:49:51.107   214   214 I art     : Explicit concurrent mark sweep GC freed 5(160B) AllocSpace objects, 0(0B) LOS objects, 86% free, 155KB/1179KB, paused 191us total 1.769ms
11-24 18:49:51.116   214   214 I art     : Explicit concurrent mark sweep GC freed 1975(87KB) AllocSpace objects, 0(0B) LOS objects, 84% free, 190KB/1214KB, paused 110us total 3.072ms
11-24 18:49:51.119   214   214 I art     : Explicit concurrent mark sweep GC freed 5(160B) AllocSpace objects, 0(0B) LOS objects, 84% free, 190KB/1214KB, paused 105us total 1.741ms
11-24 18:49:51.127   214   214 I art     : Explicit concurrent mark sweep GC freed 369(19KB) AllocSpace objects, 0(0B) LOS objects, 82% free, 223KB/1247KB, paused 109us total 3.109ms
11-24 18:49:51.129   214   214 I art     : Explicit concurrent mark sweep GC freed 5(160B) AllocSpace objects, 0(0B) LOS objects, 82% free, 223KB/1247KB, paused 103us total 1.828ms
11-24 18:49:51.169   214   214 I art     : Thread[1,tid=214,WaitingForJniOnLoad,Thread*=0xb4827800,peer=0x12c31160,"main"] recursive attempt to load library "/system/lib/libmedia_jni.so"
11-24 18:49:51.169   214   214 D MtpDeviceJNI: register_android_mtp_MtpDevice
11-24 18:49:51.169   214   214 I art     : Thread[1,tid=214,WaitingForJniOnLoad,Thread*=0xb4827800,peer=0x12c31160,"main"] recursive attempt to load library "/system/lib/libmedia_jni.so"
11-24 18:49:51.170   214   214 I art     : Thread[1,tid=214,WaitingForJniOnLoad,Thread*=0xb4827800,peer=0x12c31160,"main"] recursive attempt to load library "/system/lib/libmedia_jni.so"
11-24 18:49:51.214   214   214 I art     : Explicit concurrent mark sweep GC freed 659(37KB) AllocSpace objects, 0(0B) LOS objects, 80% free, 245KB/1269KB, paused 612us total 20.544ms
11-24 18:49:51.225   214   214 I art     : Explicit concurrent mark sweep GC freed 7(288B) AllocSpace objects, 0(0B) LOS objects, 80% free, 245KB/1269KB, paused 107us total 10.036ms
11-24 18:49:51.254   214   214 I art     : Explicit concurrent mark sweep GC freed 574(29KB) AllocSpace objects, 0(0B) LOS objects, 79% free, 265KB/1289KB, paused 107us total 3.425ms
11-24 18:49:51.268   214   214 I art     : Explicit concurrent mark sweep GC freed 5(160B) AllocSpace objects, 0(0B) LOS objects, 79% free, 265KB/1289KB, paused 616us total 12.265ms
11-24 18:49:51.286   187   187 I rmt_storage: rmt_storage_connect_cb: clnt_h=0x6 conn_h=0xb6403090
11-24 18:49:51.286   187   187 I rmt_storage: rmt_storage_rw_iovec_cb: /boot/modem_fs2: clnt_h=0x2: req_h=0xa msg_id=3: R/W request received
11-24 18:49:51.286   187   187 I rmt_storage: wakelock acquired: 1, error no: 2
11-24 18:49:51.286   187   581 I rmt_storage: rmt_storage_client_thread: /boot/modem_fs2: clnt_h=0x2 Unblock worker thread (th_id: -1236802816)
11-24 18:49:51.301   214   214 I art     : Explicit concurrent mark sweep GC freed 442(24KB) AllocSpace objects, 0(0B) LOS objects, 77% free, 290KB/1314KB, paused 191us total 5.235ms
11-24 18:49:51.306   214   214 I art     : Explicit concurrent mark sweep GC freed 5(160B) AllocSpace objects, 0(0B) LOS objects, 77% free, 290KB/1314KB, paused 186us total 4.315ms
11-24 18:49:51.357   187   581 I rmt_storage: rmt_storage_client_thread: /boot/modem_fs2: clnt_h=0x2: req_h=0xa msg_id=3: Bytes written = 1572864
11-24 18:49:51.357   187   581 I rmt_storage: rmt_storage_client_thread: /boot/modem_fs2: clnt_h=0x2: req_h=0xa msg_id=3: Send response: res=0 err=0
11-24 18:49:51.357   187   581 I rmt_storage: rmt_storage_client_thread: /boot/modem_fs2: clnt_h=0x2 About to block rmt_storage client thread (th_id: -1236802816) wakelock released: 1, error no: 0
11-24 18:49:51.357   187   581 I rmt_storage: 
11-24 18:49:51.357   187   187 I rmt_storage: rmt_storage_disconnect_cb: clnt_h=0x0x6 conn_h=0x0xb6403090
11-24 18:49:51.366   214   214 I art     : Explicit concurrent mark sweep GC freed 365(18KB) AllocSpace objects, 0(0B) LOS objects, 75% free, 328KB/1352KB, paused 151us total 4.362ms
11-24 18:49:51.369   214   214 I art     : Explicit concurrent mark sweep GC freed 5(160B) AllocSpace objects, 0(0B) LOS objects, 75% free, 328KB/1352KB, paused 144us total 2.877ms
11-24 18:49:51.428   214   214 I art     : Explicit concurrent mark sweep GC freed 1601(95KB) AllocSpace objects, 0(0B) LOS objects, 68% free, 465KB/1489KB, paused 174us total 4.453ms
11-24 18:49:51.432   214   214 I art     : Explicit concurrent mark sweep GC freed 5(160B) AllocSpace objects, 0(0B) LOS objects, 68% free, 465KB/1489KB, paused 170us total 3.905ms
11-24 18:49:51.477   214   214 I art     : Explicit concurrent mark sweep GC freed 365(45KB) AllocSpace objects, 0(0B) LOS objects, 57% free, 763KB/1787KB, paused 143us total 6.767ms
11-24 18:49:51.481   214   214 I art     : Explicit concurrent mark sweep GC freed 9(272B) AllocSpace objects, 0(0B) LOS objects, 57% free, 763KB/1787KB, paused 138us total 4.306ms
11-24 18:49:51.495   214   214 I art     : Explicit concurrent mark sweep GC freed 432(30KB) AllocSpace objects, 0(0B) LOS objects, 56% free, 782KB/1806KB, paused 147us total 5.315ms
11-24 18:49:51.500   214   214 I art     : Explicit concurrent mark sweep GC freed 5(160B) AllocSpace objects, 0(0B) LOS objects, 56% free, 782KB/1806KB, paused 144us total 4.510ms
11-24 18:49:51.519   214   214 I art     : Explicit concurrent mark sweep GC freed 734(47KB) AllocSpace objects, 0(0B) LOS objects, 56% free, 783KB/1807KB, paused 111us total 3.745ms
11-24 18:49:51.522   214   214 I art     : Explicit concurrent mark sweep GC freed 5(160B) AllocSpace objects, 0(0B) LOS objects, 56% free, 783KB/1807KB, paused 105us total 3.248ms
11-24 18:49:51.526   204   204 I ServiceManager: Waiting for service batterystats...
11-24 18:49:51.561   214   214 I art     : Explicit concurrent mark sweep GC freed 1010(108KB) AllocSpace objects, 0(0B) LOS objects, 55% free, 826KB/1850KB, paused 111us total 5.184ms
11-24 18:49:51.565   214   214 I art     : Explicit concurrent mark sweep GC freed 37(1744B) AllocSpace objects, 0(0B) LOS objects, 55% free, 825KB/1849KB, paused 111us total 3.460ms
11-24 18:49:51.591   214   214 I art     : Explicit concurrent mark sweep GC freed 563(40KB) AllocSpace objects, 0(0B) LOS objects, 55% free, 833KB/1857KB, paused 113us total 3.922ms
11-24 18:49:51.595   214   214 I art     : Explicit concurrent mark sweep GC freed 5(160B) AllocSpace objects, 0(0B) LOS objects, 55% free, 833KB/1857KB, paused 110us total 3.454ms
11-24 18:49:51.640   214   214 I art     : Explicit concurrent mark sweep GC freed 263(20KB) AllocSpace objects, 0(0B) LOS objects, 54% free, 861KB/1885KB, paused 183us total 6.960ms
11-24 18:49:51.647   214   214 I art     : Explicit concurrent mark sweep GC freed 5(160B) AllocSpace objects, 0(0B) LOS objects, 54% free, 861KB/1885KB, paused 181us total 5.837ms
11-24 18:49:51.715   214   214 I art     : WaitForGcToComplete blocked for 22.620ms for cause Explicit
11-24 18:49:51.731   214   214 I art     : Explicit concurrent mark sweep GC freed 14(640B) AllocSpace objects, 0(0B) LOS objects, 45% free, 1240KB/2MB, paused 345us total 15.417ms
11-24 18:49:51.744   214   214 I art     : Explicit concurrent mark sweep GC freed 5(160B) AllocSpace objects, 0(0B) LOS objects, 45% free, 1240KB/2MB, paused 334us total 12.770ms
11-24 18:49:51.770   214   214 I art     : Explicit concurrent mark sweep GC freed 570(33KB) AllocSpace objects, 0(0B) LOS objects, 44% free, 1256KB/2MB, paused 203us total 9.350ms
11-24 18:49:51.793   214   214 I art     : Explicit concurrent mark sweep GC freed 5(160B) AllocSpace objects, 0(0B) LOS objects, 44% free, 1256KB/2MB, paused 717us total 21.620ms
11-24 18:49:51.820   214   214 I art     : Explicit concurrent mark sweep GC freed 739(45KB) AllocSpace objects, 0(0B) LOS objects, 44% free, 1260KB/2MB, paused 212us total 8.263ms
11-24 18:49:51.829   214   214 I art     : Explicit concurrent mark sweep GC freed 5(160B) AllocSpace objects, 0(0B) LOS objects, 44% free, 1260KB/2MB, paused 209us total 7.892ms
11-24 18:49:51.908   214   214 I System  : Loaded time zone names for "" in 71ms (65ms in ICU)
11-24 18:49:51.946   214   214 I System  : Loaded time zone names for "en_US" in 38ms (34ms in ICU)
11-24 18:49:51.952   214   214 I art     : Explicit concurrent mark sweep GC freed 2343(178KB) AllocSpace objects, 0(0B) LOS objects, 41% free, 1418KB/2MB, paused 118us total 5.198ms
11-24 18:49:51.957   214   214 I art     : Explicit concurrent mark sweep GC freed 5(160B) AllocSpace objects, 0(0B) LOS objects, 41% free, 1418KB/2MB, paused 117us total 4.649ms
11-24 18:49:51.969   214   214 I art     : Explicit concurrent mark sweep GC freed 136(12KB) AllocSpace objects, 0(0B) LOS objects, 40% free, 1483KB/2MB, paused 116us total 5.153ms
11-24 18:49:51.975   214   214 I art     : Explicit concurrent mark sweep GC freed 5(160B) AllocSpace objects, 0(0B) LOS objects, 40% free, 1483KB/2MB, paused 117us total 4.942ms
11-24 18:49:51.995   214   214 I art     : Explicit concurrent mark sweep GC freed 286(24KB) AllocSpace objects, 0(0B) LOS objects, 40% free, 1529KB/2MB, paused 111us total 5.419ms
11-24 18:49:52.000   214   214 I art     : Explicit concurrent mark sweep GC freed 13(416B) AllocSpace objects, 0(0B) LOS objects, 40% free, 1529KB/2MB, paused 113us total 4.888ms
11-24 18:49:52.013   214   214 I art     : Explicit concurrent mark sweep GC freed 669(47KB) AllocSpace objects, 0(0B) LOS objects, 40% free, 1530KB/2MB, paused 119us total 5.220ms
11-24 18:49:52.019   214   214 I art     : Explicit concurrent mark sweep GC freed 25(800B) AllocSpace objects, 0(0B) LOS objects, 40% free, 1530KB/2MB, paused 121us total 5.181ms
11-24 18:49:52.019   214   214 I Zygote  : ...preloaded 3005 classes in 1449ms.
11-24 18:49:52.020   214   214 I art     : VMRuntime.preloadDexCaches starting
11-24 18:49:52.087   214   214 I art     : VMRuntime.preloadDexCaches strings total=221082 before=41046 after=41046
11-24 18:49:52.087   214   214 I art     : VMRuntime.preloadDexCaches types total=18853 before=6468 after=6508
11-24 18:49:52.087   214   214 I art     : VMRuntime.preloadDexCaches fields total=88728 before=32999 after=33336
11-24 18:49:52.087   214   214 I art     : VMRuntime.preloadDexCaches methods total=156498 before=68029 after=68931
11-24 18:49:52.087   214   214 I art     : VMRuntime.preloadDexCaches finished
11-24 18:49:52.087   214   214 I art     : Counter: 0
11-24 18:49:52.087   214   214 I art     : Counter: 1
11-24 18:49:52.094   214   214 I art     : Explicit concurrent mark sweep GC freed 39(15KB) AllocSpace objects, 0(0B) LOS objects, 40% free, 1516KB/2MB, paused 117us total 6.865ms
11-24 18:49:52.114   636   636 D idmap   : error: no read access to /vendor/overlay: No such file or directory
11-24 18:49:52.197   214   214 I Zygote  : Preloading resources...
11-24 18:49:52.271   429   453 D BootAnimation: Use save memory method, maybe small fps in actual.
11-24 18:49:52.272   429   453 E QCOM PowerHAL: Failed to acquire lock.
11-24 18:49:52.335   202   334 E Diag_Lib:  Diag_LSM_Init: Failed to open handle to diag driver, error = 2
11-24 18:49:52.356   202   334 E QMI_FW  : [LGE_VSS_QCCI][AP]Daemon:qcci_qmi_lge_vs_nv_init: qmi_client_get_service_list returned 0 num_services 1
11-24 18:49:52.357   202   334 E QMI_FW  : [LGE_VSS_QCCI][AP] qmi_client_get_service_list() returned 0 num_entries = 1 num_services = 1
11-24 18:49:52.360   202   334 E QMI_FW  : [LGE_VSS_QCCI][AP] qmi_client_init returned 0
11-24 18:49:52.501   217   217 E QC-time-services: Daemon:genoff_modem_qmi_init: qmi_client_get_service_list returned 0num_services 1
11-24 18:49:52.503   217   217 D QC-time-services: Daemon:genoff_modem_qmi_init: Initial transaction successfull
11-24 18:49:52.503   217   649 D QC-time-services: Daemon:tod_update_ind_cb: Got Update from modem msg_id 40
11-24 18:49:52.504   217   651 D QC-time-services: Daemon: Time-services: All initializations done
11-24 18:49:52.504   217   651 D QC-time-services: Daemon: Time-services: Waiting to acceptconnection
11-24 18:49:52.505   213   256 I ThermalEngine: qmi: Instance id 25 for fusion TS
11-24 18:49:52.526   204   204 I ServiceManager: Waiting for service batterystats...
11-24 18:49:52.531   213   252 I ThermalEngine: MODEM thermal mitigation available.
11-24 18:49:52.531   213   252 I ThermalEngine: ACTION: MODEM - Pending request: pa mitigation succeeded for level 0.
11-24 18:49:52.532   213   252 I ThermalEngine: ACTION: MODEM - Pending request: cpuv_restriction_cold mitigation succeeded for level 0.
11-24 18:49:52.532   213   254 I ThermalEngine: ADSP thermal mitigation available.
11-24 18:49:52.534   213   254 I ThermalEngine: ACTION: ADSP - Pending request: cpuv_restriction_cold mitigation succeeded for level 0.
11-24 18:49:52.718   210   700 E Sensors : sns_debug_main.c(436):Debug Config File missing in EFS!
11-24 18:49:52.724   214   214 I art     : Explicit concurrent mark sweep GC freed 8065(303KB) AllocSpace objects, 0(0B) LOS objects, 40% free, 18MB/30MB, paused 302us total 15.721ms
11-24 18:49:52.725   214   214 I Zygote  : ...preloaded 343 resources in 527ms.
11-24 18:49:52.749   214   214 I art     : Explicit concurrent mark sweep GC freed 1591(90KB) AllocSpace objects, 0(0B) LOS objects, 40% free, 18MB/30MB, paused 212us total 8.591ms
11-24 18:49:52.749   214   214 I Zygote  : ...preloaded 41 resources in 25ms.
11-24 18:49:52.749   214   214 I art     : Counter: 0
11-24 18:49:52.751   214   214 D libEGL  : loaded /vendor/lib/egl/libEGL_adreno.so
11-24 18:49:52.752   214   214 D libEGL  : loaded /vendor/lib/egl/libGLESv1_CM_adreno.so
11-24 18:49:52.761   214   214 D libEGL  : loaded /vendor/lib/egl/libGLESv2_adreno.so
11-24 18:49:52.770   214   214 I Zygote  : Preloading shared libraries...
11-24 18:49:52.788   214   214 D Zygote  : end preload
11-24 18:49:52.796   214   214 I art     : Explicit concurrent mark sweep GC freed 429(18KB) AllocSpace objects, 0(0B) LOS objects, 40% free, 17MB/29MB, paused 208us total 7.951ms
11-24 18:49:52.805   214   214 I art     : Explicit concurrent mark sweep GC freed 41(1568B) AllocSpace objects, 0(0B) LOS objects, 40% free, 17MB/29MB, paused 209us total 8.205ms
11-24 18:49:52.815   214   214 I art     : Explicit concurrent mark sweep GC freed 5(160B) AllocSpace objects, 0(0B) LOS objects, 40% free, 17MB/29MB, paused 207us total 7.870ms
11-24 18:49:52.872   214   214 I Zygote  : System server process 786 has been created
11-24 18:49:52.875   214   214 I Zygote  : Accepting command socket connections
11-24 18:49:53.081   786   786 V Fingerprint-JNI: FingerprintManager JNI ready.
11-24 18:49:53.082   786   804 I         : System server: starting sensor init.
11-24 18:49:53.083   786   804 D SensorService: nuSensorService starting...
11-24 18:49:53.111   205   205 I installd: new connection
11-24 18:49:53.114   786   804 I libsensor1: sensor1_init_once: Setting log level to 4
11-24 18:49:53.114   786   804 I qti_sensors_hal: enableLogging: Setting log level to 4
11-24 18:49:53.359   786   786 I ServiceManager: Waiting for service sensorservice...
11-24 18:49:53.531   204   204 E MediaPlayerFactory: calling dlopen on FACTORY_LIB
11-24 18:49:53.532   204   204 E MediaPlayerFactory: Failed to open FACTORY_LIB Error : dlopen failed: library "libdashplayer.so" not found 
11-24 18:49:53.533   204   204 I CameraService: CameraService started (pid=204)
11-24 18:49:53.547   204   204 I CameraService: Loaded "QCamera Module" camera module
11-24 18:49:53.548   204   204 D mm-camera-intf: mm_camera_open: dev name = /dev/video1, cam_idx = 1
11-24 18:49:53.551   216   216 I mm-camera-sensor: module_sensor_start_session:583 session 1
11-24 18:49:53.595   216   216 I mm-camera: gyro_module_start_session: Enter
11-24 18:49:53.595   216   216 I mm-camera: gyro_module_start_session: Init DSPS
11-24 18:49:53.595   216   216 E mm-camera: Failed to open sensor1 port
11-24 18:49:53.595   216   216 I mm-camera: gyro_module_start_session: dsps_proc_init() failed
11-24 18:49:53.595   216   216 I mm-camera: gyro_module_get_port: Exit failure
11-24 18:49:53.595   216   216 I mm-camera: cpp_module_start_session:352, info: starting session 1
11-24 18:49:53.616   216   216 I mm-camera: cpp_module_start_session:431, info: cpp_thread created.
11-24 18:49:53.616   216   216 I mm-camera: cpp_module_start_session:434, info: session 1 started.
11-24 18:49:53.616   216   216 I mm-camera: c2d_module_start_session:246, info: starting session 1
11-24 18:49:53.616   216   817 I mm-camera: cpp_thread_func:55: cpp_thread entering the polling loop...
11-24 18:49:53.616   216   216 I mm-camera: c2d_module_start_session:284, info: c2d_thread created.
11-24 18:49:53.616   216   818 I mm-camera: c2d_thread_func:39: c2d_thread entering the polling loop...
11-24 18:49:53.620   216   216 I mm-camera: c2d_module_start_session:306, info: session 1 started.
11-24 18:49:53.623   216   216 I mm-camera-sensor: module_module_set_session_data:2666 max delay 2 report dSelay 1
11-24 18:49:53.623   216   216 D mm-camera: module_faceproc_set_session_data:1836] Per frame control 2 1
11-24 18:49:53.623   204   204 D mm-camera-intf: mm_camera_open:  opened, break out while loop
11-24 18:49:53.627   216   820 I mm-camera: mct_pipeline_process_set:command=800000b
11-24 18:49:53.627   216   820 E mm-camera: mct_pipeline_get_stream: no children
11-24 18:49:53.628   216   820 E mm-camera: mct_pipeline_process_set:1441: Couldn't find stream
11-24 18:49:53.628   216   216 I mm-camera-sensor: module_sensor_stop_session:636 session 1
11-24 18:49:53.648   216   216 I mm-camera: stats_module_stop_session: list =0xb67ad810, remove port =0xb67b13a0 name=stats_sink from module=0xb67a8160, name=stats
11-24 18:49:53.648   216   216 I mm-camera: stats_module_stop_session: 1 port =0xb67b13a0 name=stats_sink 
11-24 18:49:53.648   216   216 I mm-camera: stats_module_stop_session: 2 port =0xb67b13a0 name=stats_sink 
11-24 18:49:53.650   216   216 I mm-camera: gyro_module_stop_session: Enter
11-24 18:49:53.650   216   216 I mm-camera: stats_module_stop_session: 3 port =0xb67b13a0 name=stats_sink 
11-24 18:49:53.650   216   216 I mm-camera: cpp_module_stop_session:462, info: stopping session 1 ...
11-24 18:49:53.650   216   817 I mm-camera: cpp_thread_process_pipe_message:359, CPP_THREAD_MSG_ABORT: cpp_thread exiting..
11-24 18:49:53.652   216   216 I mm-camera: cpp_module_stop_session:504, info: session 1 stopped.
11-24 18:49:53.652   216   216 I mm-camera: c2d_module_stop_session:322, info: stopping session 1 ...
11-24 18:49:53.653   216   818 I mm-camera: c2d_thread_process_pipe_message:503, C2D_THREAD_MSG_ABORT: c2d_thread exiting..
11-24 18:49:53.653   216   216 I mm-camera: c2d_module_stop_session:361, info: session 1 stopped.
11-24 18:49:53.655   204   204 D QCamera3HWI: static int32_t qcamera::QCamera3HardwareInterface::lookupFwkName(const qcamera::QCamera3HardwareInterface::QCameraMap*, int, int): Cannot find matching framework type
11-24 18:49:53.655   204   204 D QCamera3HWI: static int32_t qcamera::QCamera3HardwareInterface::lookupFwkName(const qcamera::QCamera3HardwareInterface::QCameraMap*, int, int): Cannot find matching framework type
11-24 18:49:53.655   204   204 D QCamera3HWI: static int32_t qcamera::QCamera3HardwareInterface::lookupFwkName(const qcamera::QCamera3HardwareInterface::QCameraMap*, int, int): Cannot find matching framework type
11-24 18:49:53.655   204   204 D QCamera3HWI: static int32_t qcamera::QCamera3HardwareInterface::lookupFwkName(const qcamera::QCamera3HardwareInterface::QCameraMap*, int, int): Cannot find matching framework type
11-24 18:49:53.655   204   204 D QCamera3HWI: static int32_t qcamera::QCamera3HardwareInterface::lookupFwkName(const qcamera::QCamera3HardwareInterface::QCameraMap*, int, int): Cannot find matching framework type
11-24 18:49:53.655   204   204 D QCamera3HWI: static int32_t qcamera::QCamera3HardwareInterface::lookupFwkName(const qcamera::QCamera3HardwareInterface::QCameraMap*, int, int): Cannot find matching framework type
11-24 18:49:53.655   204   204 D QCamera3HWI: static int32_t qcamera::QCamera3HardwareInterface::lookupFwkName(const qcamera::QCamera3HardwareInterface::QCameraMap*, int, int): Cannot find matching framework type
11-24 18:49:53.655   204   204 D QCamera3HWI: static int32_t qcamera::QCamera3HardwareInterface::lookupFwkName(const qcamera::QCamera3HardwareInterface::QCameraMap*, int, int): Cannot find matching framework type
11-24 18:49:53.656   204   204 E Camera2-Metadata: Update metadata entry: Unknown tag -2147418111
11-24 18:49:53.656   204   204 E Camera2-Metadata: Update metadata entry: Unknown tag -2147418112
11-24 18:49:53.656   204   204 D mm-camera-intf: mm_camera_open: dev name = /dev/video2, cam_idx = 2
11-24 18:49:53.661   216   216 I mm-camera-sensor: module_sensor_start_session:583 session 2
11-24 18:49:53.895   216   216 I mm-camera-sensor: module_sensor_init_session:477 ois device is not supported
11-24 18:49:53.895   216   216 I mm-camera-sensor: 
11-24 18:49:53.906   216   216 I mm-camera: gyro_module_start_session: Enter
11-24 18:49:53.906   216   216 I mm-camera: gyro_module_start_session: Init DSPS
11-24 18:49:53.906   216   216 E mm-camera: Failed to open sensor1 port
11-24 18:49:53.906   216   216 I mm-camera: gyro_module_start_session: dsps_proc_init() failed
11-24 18:49:53.907   216   216 I mm-camera: gyro_module_get_port: Exit failure
11-24 18:49:53.907   216   216 I mm-camera: cpp_module_start_session:352, info: starting session 2
11-24 18:49:53.932   216   216 I mm-camera: cpp_module_start_session:431, info: cpp_thread created.
11-24 18:49:53.932   216   823 I mm-camera: cpp_thread_func:55: cpp_thread entering the polling loop...
11-24 18:49:53.932   216   216 I mm-camera: cpp_module_start_session:434, info: session 2 started.
11-24 18:49:53.932   216   216 I mm-camera: c2d_module_start_session:246, info: starting session 2
11-24 18:49:53.933   216   824 I mm-camera: c2d_thread_func:39: c2d_thread entering the polling loop...
11-24 18:49:53.933   216   216 I mm-camera: c2d_module_start_session:284, info: c2d_thread created.
11-24 18:49:53.938   216   216 I mm-camera: c2d_module_start_session:306, info: session 2 started.
11-24 18:49:53.949   216   216 I mm-camera-sensor: module_module_set_session_data:2666 max delay 2 report dSelay 1
11-24 18:49:53.949   216   216 D mm-camera: module_faceproc_set_session_data:1836] Per frame control 2 1
11-24 18:49:53.950   204   204 D mm-camera-intf: mm_camera_open:  opened, break out while loop
11-24 18:49:53.955   216   826 I mm-camera: mct_pipeline_process_set:command=800000b
11-24 18:49:53.955   216   826 E mm-camera: mct_pipeline_get_stream: no children
11-24 18:49:53.955   216   826 E mm-camera: mct_pipeline_process_set:1441: Couldn't find stream
11-24 18:49:53.956   216   216 I mm-camera-sensor: module_sensor_stop_session:636 session 2
11-24 18:49:54.052   216   216 I mm-camera: stats_module_stop_session: list =0xb67ad7b0, remove port =0xb67b13a0 name=stats_sink from module=0xb67a8160, name=stats
11-24 18:49:54.052   216   216 I mm-camera: stats_module_stop_session: 1 port =0xb67b13a0 name=stats_sink 
11-24 18:49:54.052   216   216 I mm-camera: stats_module_stop_session: 2 port =0xb67b13a0 name=stats_sink 
11-24 18:49:54.054   216   216 I mm-camera: gyro_module_stop_session: Enter
11-24 18:49:54.054   216   216 I mm-camera: stats_module_stop_session: 3 port =0xb67b13a0 name=stats_sink 
11-24 18:49:54.054   216   216 I mm-camera: cpp_module_stop_session:462, info: stopping session 2 ...
11-24 18:49:54.055   216   823 I mm-camera: cpp_thread_process_pipe_message:359, CPP_THREAD_MSG_ABORT: cpp_thread exiting..
11-24 18:49:54.058   216   216 I mm-camera: cpp_module_stop_session:504, info: session 2 stopped.
11-24 18:49:54.058   216   216 I mm-camera: c2d_module_stop_session:322, info: stopping session 2 ...
11-24 18:49:54.058   216   824 I mm-camera: c2d_thread_process_pipe_message:503, C2D_THREAD_MSG_ABORT: c2d_thread exiting..
11-24 18:49:54.059   216   216 I mm-camera: c2d_module_stop_session:361, info: session 2 stopped.
11-24 18:49:54.061   204   204 D QCamera3HWI: static int32_t qcamera::QCamera3HardwareInterface::lookupFwkName(const qcamera::QCamera3HardwareInterface::QCameraMap*, int, int): Cannot find matching framework type
11-24 18:49:54.062   204   204 D QCamera3HWI: static int32_t qcamera::QCamera3HardwareInterface::lookupFwkName(const qcamera::QCamera3HardwareInterface::QCameraMap*, int, int): Cannot find matching framework type
11-24 18:49:54.062   204   204 D QCamera3HWI: static int32_t qcamera::QCamera3HardwareInterface::lookupFwkName(const qcamera::QCamera3HardwareInterface::QCameraMap*, int, int): Cannot find matching framework type
11-24 18:49:54.062   204   204 D QCamera3HWI: static int32_t qcamera::QCamera3HardwareInterface::lookupFwkName(const qcamera::QCamera3HardwareInterface::QCameraMap*, int, int): Cannot find matching framework type
11-24 18:49:54.062   204   204 D QCamera3HWI: static int32_t qcamera::QCamera3HardwareInterface::lookupFwkName(const qcamera::QCamera3HardwareInterface::QCameraMap*, int, int): Cannot find matching framework type
11-24 18:49:54.062   204   204 D QCamera3HWI: static int32_t qcamera::QCamera3HardwareInterface::lookupFwkName(const qcamera::QCamera3HardwareInterface::QCameraMap*, int, int): Cannot find matching framework type
11-24 18:49:54.062   204   204 D QCamera3HWI: static int32_t qcamera::QCamera3HardwareInterface::lookupFwkName(const qcamera::QCamera3HardwareInterface::QCameraMap*, int, int): Cannot find matching framework type
11-24 18:49:54.062   204   204 D QCamera3HWI: static int32_t qcamera::QCamera3HardwareInterface::lookupFwkName(const qcamera::QCamera3HardwareInterface::QCameraMap*, int, int): Cannot find matching framework type
11-24 18:49:54.063   204   204 E Camera2-Metadata: Update metadata entry: Unknown tag -2147418111
11-24 18:49:54.063   204   204 E Camera2-Metadata: Update metadata entry: Unknown tag -2147418112
11-24 18:49:54.114   204   204 I AudioPolicyService: AudioPolicyService CSTOR in new mode
11-24 18:49:54.117   204   204 I AudioPolicyManager: loadAudioPolicyConfig() loaded /system/etc/audio_policy.conf
11-24 18:49:54.124   204   204 D audio_hw_primary: adev_open: enter
11-24 18:49:54.150   204   204 D msm8974_platform: platform_init: snd_card_name: msm8974-taiko-mtp-snd-card
11-24 18:49:54.271   320   320 I 360s    : type=1400 audit(0.0:122): avc: denied { create } for scontext=u:r:init:s0 tcontext=u:r:adbd:s0 tclass=tcp_socket permissive=1
11-24 18:49:54.271   320   320 I 360s    : type=1400 audit(0.0:123): avc: denied { setopt } for scontext=u:r:init:s0 tcontext=u:r:adbd:s0 tclass=tcp_socket permissive=1
11-24 18:49:54.271   320   320 I 360s    : type=1400 audit(0.0:124): avc: denied { connect } for scontext=u:r:init:s0 tcontext=u:r:adbd:s0 tclass=tcp_socket permissive=1
11-24 18:49:54.313   204   204 D msm8974_platform: platform_init: Opened sound card:0
11-24 18:49:54.327   204   204 D         : [ACDB Command]->SW Minor/Major/Revision version mismatch warning /etc/acdbdata/MTP/MTP_Bluetooth_cal.acdb
11-24 18:49:54.327   204   204 D         : [ACDB Command]->ACDB Sw Major = 3, ACDB Sw Minor = 0, ACDB Sw Revision = 0
11-24 18:49:54.327   204   204 D         : [ACDB Command]->ACDB File Major = 3, ACDB File Minor = 0, ACDB File Revision = 2
11-24 18:49:54.329   204   204 D         : [ACDB Command]->SW Minor/Major/Revision version mismatch warning /etc/acdbdata/MTP/MTP_General_cal.acdb
11-24 18:49:54.329   204   204 D         : [ACDB Command]->ACDB Sw Major = 3, ACDB Sw Minor = 0, ACDB Sw Revision = 0
11-24 18:49:54.329   204   204 D         : [ACDB Command]->ACDB File Major = 3, ACDB File Minor = 0, ACDB File Revision = 2
11-24 18:49:54.329   204   204 D         : [ACDB Command]->SW Minor/Major/Revision version mismatch warning /etc/acdbdata/MTP/MTP_Global_cal.acdb
11-24 18:49:54.329   204   204 D         : [ACDB Command]->ACDB Sw Major = 3, ACDB Sw Minor = 0, ACDB Sw Revision = 0
11-24 18:49:54.329   204   204 D         : [ACDB Command]->ACDB File Major = 3, ACDB File Minor = 0, ACDB File Revision = 2
11-24 18:49:54.336   204   204 D         : [ACDB Command]->SW Minor/Major/Revision version mismatch warning /etc/acdbdata/MTP/MTP_Handset_cal.acdb
11-24 18:49:54.336   204   204 D         : [ACDB Command]->ACDB Sw Major = 3, ACDB Sw Minor = 0, ACDB Sw Revision = 0
11-24 18:49:54.336   204   204 D         : [ACDB Command]->ACDB File Major = 3, ACDB File Minor = 0, ACDB File Revision = 2
11-24 18:49:54.336   204   204 D         : [ACDB Command]->SW Minor/Major/Revision version mismatch warning /etc/acdbdata/MTP/MTP_Hdmi_cal.acdb
11-24 18:49:54.336   204   204 D         : [ACDB Command]->ACDB Sw Major = 3, ACDB Sw Minor = 0, ACDB Sw Revision = 0
11-24 18:49:54.336   204   204 D         : [ACDB Command]->ACDB File Major = 3, ACDB File Minor = 0, ACDB File Revision = 2
11-24 18:49:54.339   204   204 D         : [ACDB Command]->SW Minor/Major/Revision version mismatch warning /etc/acdbdata/MTP/MTP_Headset_cal.acdb
11-24 18:49:54.339   204   204 D         : [ACDB Command]->ACDB Sw Major = 3, ACDB Sw Minor = 0, ACDB Sw Revision = 0
11-24 18:49:54.339   204   204 D         : [ACDB Command]->ACDB File Major = 3, ACDB File Minor = 0, ACDB File Revision = 2
11-24 18:49:54.345   204   204 D         : [ACDB Command]->SW Minor/Major/Revision version mismatch warning /etc/acdbdata/MTP/MTP_Speaker_cal.acdb
11-24 18:49:54.345   204   204 D         : [ACDB Command]->ACDB Sw Major = 3, ACDB Sw Minor = 0, ACDB Sw Revision = 0
11-24 18:49:54.345   204   204 D         : [ACDB Command]->ACDB File Major = 3, ACDB File Minor = 0, ACDB File Revision = 2
11-24 18:49:54.345   204   204 D         : [ACPH]->Online service registered with ACPH
11-24 18:49:54.345   204   204 E Diag_Lib:  Diag_LSM_Init: Failed to open handle to diag driver, error = 2
11-24 18:49:54.345   204   204 E Diag_Lib:  diagpkt_tbl_reg: Registration failed.
11-24 18:49:54.345   204   204 D         : [ACPH]->ACPH init success
11-24 18:49:54.345   204   204 D         : [ACPH]->DSP RTC service registered with ACPH
11-24 18:49:54.345   204   204 D         : [ACPH]->ADIE RTC service registered with ACPH
11-24 18:49:54.345   204   204 D         : ACDBFILE_MGR: Property for the pid 00012E47 not found
11-24 18:49:54.345   204   204 D         : ACDB_COMMAND: Failed to fetch the property info for pid 00012E47 
11-24 18:49:54.345   204   204 E ACDB-LOADER: Error: ACDB get adm topologies returned = -18
11-24 18:49:54.351   204   204 D platform_info: platform_info_init: Failed to open /system/etc/audio_platform_info.xml, using defaults.
11-24 18:49:54.352   204   204 E ext_speaker: open_speaker_bundle: DLOPEN failed for /system/lib/soundfx/libspeakerbundle.so
11-24 18:49:54.360   786   786 I ServiceManager: Waiting for service sensorservice...
11-24 18:49:54.362   204   204 I AudioFlinger: loadHwModule() Loaded primary audio interface from QCOM Audio HAL (audio) handle 1
11-24 18:49:54.362   204   204 I AudioFlinger: HAL output buffer size 240 frames, normal sink buffer size 960 frames
11-24 18:49:54.379   204   204 I AudioMixer: found effect "Multichannel Downmix To Stereo" from The Android Open Source Project
11-24 18:49:54.380   204   204 E MonoPipe: Failed to fetch local time frequency when constructing a MonoPipe (res = -32).  getNextWriteTimestamp calls will be non-functional
11-24 18:49:54.581   209   209 E Diag_Lib:  Diag_LSM_Init: Failed to open handle to diag driver, error = 2
11-24 18:49:54.762   210   705 E Sensors : sns_smr_util.c(104):Unable to initialize service 259 with QCCI, timed out (2000 ms)
11-24 18:49:54.816   210   705 E Sensors : sns_acm_mr.c(472):Error getting info for service 3
11-24 18:49:54.837   786   804 E qti_sensors_hal: SensorsContext: Hal opened lib /system/lib/hw/sensors.oem.so failed!
11-24 18:49:54.900   786   804 W qti_sensors_hal: addSensor : Add not supported sensors!
11-24 18:49:54.900   786   804 W qti_sensors_hal: addSensor : Add not supported sensors!
11-24 18:49:54.900   786   804 W qti_sensors_hal: addSensor : Add not supported sensors!
11-24 18:49:54.911   786   804 E qti_sensors_hal: OEMAddSensors : The OEM_module is NULL!
11-24 18:49:54.941   786   804 W qti_sensors_hal: sensors_get_sensors_list: handle 39 is not registered!
11-24 18:49:54.941   786   804 W qti_sensors_hal: sensors_get_sensors_list: handle 40 is not registered!
11-24 18:49:54.941   786   804 W qti_sensors_hal: sensors_get_sensors_list: handle 19 is not registered!
