11-24 18:49:54.941   786   804 W qti_sensors_hal: sensors_get_sensors_list: handle 20 is not registered!
11-24 18:49:54.941   786   804 W qti_sensors_hal: sensors_get_sensors_list: handle 21 is not registered!
11-24 18:49:54.941   786   804 W qti_sensors_hal: sensors_get_sensors_list: handle 22 is not registered!
11-24 18:49:54.941   786   804 W qti_sensors_hal: sensors_get_sensors_list: handle 23 is not registered!
11-24 18:49:54.941   786   804 W qti_sensors_hal: sensors_get_sensors_list: handle 25 is not registered!
11-24 18:49:54.941   786   804 W qti_sensors_hal: sensors_get_sensors_list: handle 26 is not registered!
11-24 18:49:54.941   786   804 W qti_sensors_hal: sensors_get_sensors_list: handle 27 is not registered!
11-24 18:49:54.941   786   804 W qti_sensors_hal: sensors_get_sensors_list: handle 28 is not registered!
11-24 18:49:54.941   786   804 W qti_sensors_hal: sensors_get_sensors_list: handle 29 is not registered!
11-24 18:49:54.941   786   804 W qti_sensors_hal: sensors_get_sensors_list: handle 30 is not registered!
11-24 18:49:54.941   786   804 W qti_sensors_hal: sensors_get_sensors_list: handle 33 is not registered!
11-24 18:49:54.942   786   804 W qti_sensors_hal: sensors_get_sensors_list: handle 34 is not registered!
11-24 18:49:54.942   786   804 W qti_sensors_hal: sensors_get_sensors_list: handle 42 is not registered!
11-24 18:49:54.945   786   804 I         : System server: sensor init done.
11-24 18:49:54.948   786   869 D SensorService: new thread SensorEventAckReceiver
11-24 18:49:54.950   786   870 D SensorService: nuSensorService thread starting...
11-24 18:49:55.390   786   786 I QCOM PowerHAL: QCOM power HAL initing.
11-24 18:49:55.391   786   786 W libsuspend: Error writing 'on' to /sys/power/state: Invalid argument
11-24 18:49:55.392   786   786 I libsuspend: Selected wakeup count
11-24 18:49:55.393   786   786 I QCOM PowerHAL: Got set_interactive hint
11-24 18:49:55.393   786   786 E QCOM PowerHAL: Invalid hint ID.
11-24 18:49:55.668   786   786 D PackageManager: No files in app dir /vendor/overlay
11-24 18:49:55.925   786   786 W ResourceType: ResTable_typeSpec entry count inconsistent: given 6, previously 1003
11-24 18:49:57.481   786   786 W ResourceType: Failure getting entry for 0x7f080345 (t=7 e=837) (error -75)
11-24 18:49:59.638   786   786 D PackageManager: No files in app dir /system/vendor/app
11-24 18:49:59.638   786   786 D PackageManager: No files in app dir /oem/app
11-24 18:49:59.639   786   786 D PackageManager: No files in app dir /vendor/bundled-app
11-24 18:49:59.882   786   786 D PackageManager: No files in app dir /data/app-private
11-24 18:49:59.886   205   205 E installd: invalid apk path '/system/framework/org.cyanogenmod.platform-res.apk' (bad prefix)
11-24 18:50:00.039   786   786 I art     : Explicit concurrent mark sweep GC freed 138234(7MB) AllocSpace objects, 60(1670KB) LOS objects, 33% free, 19MB/28MB, paused 1.249ms total 53.180ms
11-24 18:50:00.047   183   183 I lowmemorykiller: ActivityManager connected
11-24 18:50:00.198   786   786 E ConsumerIrService: Can't open consumer IR HW Module, error: -2
11-24 18:50:00.201   786   786 D AlarmManagerService: Kernel timezone updated to -480 minutes west of GMT
11-24 18:50:00.251   186   316 D PermissionCache: checking android.permission.ACCESS_SURFACE_FLINGER for uid=1000 => granted (889 us)
11-24 18:50:00.273   786   808 W Settings: Setting dev_force_show_navbar has moved from android.provider.Settings.System to android.provider.Settings.Secure, returning Secure URI.
11-24 18:50:00.317   786   887 D EventHub: No input device configuration file found for device 'msm8974-taiko-mtp-snd-card Headset Jack'.
11-24 18:50:00.317   786   887 I EventHub: New device: id=1, fd=97, path='/dev/input/event5', name='msm8974-taiko-mtp-snd-card Headset Jack', classes=0x80, configuration='', keyLayout='', keyCharacterMap='', builtinKeyboard=false, wakeMechanism=EVIOCSSUSPENDBLOCK, usingClockIoctl=true
11-24 18:50:00.318   786   887 D EventHub: No input device configuration file found for device 'msm8974-taiko-mtp-snd-card Button Jack'.
11-24 18:50:00.326   786   887 W EventHub: Unable to disable kernel key repeat for /dev/input/event4: Function not implemented
11-24 18:50:00.326   786   887 I EventHub: New device: id=2, fd=98, path='/dev/input/event4', name='msm8974-taiko-mtp-snd-card Button Jack', classes=0x1, configuration='', keyLayout='/system/usr/keylayout/msm8974-taiko-mtp-snd-card_Button_Jack.kl', keyCharacterMap='/system/usr/keychars/msm8974-taiko-mtp-snd-card_Button_Jack.kcm', builtinKeyboard=false, wakeMechanism=EVIOCSSUSPENDBLOCK, usingClockIoctl=true
11-24 18:50:00.326   786   887 D EventHub: No input device configuration file found for device 'hs_detect'.
11-24 18:50:00.328   786   887 W EventHub: Unable to disable kernel key repeat for /dev/input/event3: Function not implemented
11-24 18:50:00.328   786   887 I EventHub: New device: id=3, fd=99, path='/dev/input/event3', name='hs_detect', classes=0x81, configuration='', keyLayout='/system/usr/keylayout/hs_detect.kl', keyCharacterMap='/system/usr/keychars/hs_detect.kcm', builtinKeyboard=false, wakeMechanism=EVIOCSSUSPENDBLOCK, usingClockIoctl=true
11-24 18:50:00.329   786   887 I EventHub: New device: id=4, fd=100, path='/dev/input/event1', name='touch_dev', classes=0x14, configuration='/system/usr/idc/touch_dev.idc', keyLayout='', keyCharacterMap='', builtinKeyboard=false, wakeMechanism=EVIOCSSUSPENDBLOCK, usingClockIoctl=true
11-24 18:50:00.329   786   887 D EventHub: No input device configuration file found for device 'qpnp_pon'.
11-24 18:50:00.332   786   887 W EventHub: Unable to disable kernel key repeat for /dev/input/event0: Function not implemented
11-24 18:50:00.332   786   887 I EventHub: New device: id=5, fd=101, path='/dev/input/event0', name='qpnp_pon', classes=0x1, configuration='', keyLayout='/system/usr/keylayout/qpnp_pon.kl', keyCharacterMap='/system/usr/keychars/qpnp_pon.kcm', builtinKeyboard=false, wakeMechanism=EVIOCSSUSPENDBLOCK, usingClockIoctl=true
11-24 18:50:00.333   786   887 D EventHub: No input device configuration file found for device 'gpio-keys'.
11-24 18:50:00.334   786   887 W EventHub: Unable to disable kernel key repeat for /dev/input/event2: Function not implemented
11-24 18:50:00.334   786   887 I EventHub: New device: id=6, fd=102, path='/dev/input/event2', name='gpio-keys', classes=0x81, configuration='', keyLayout='/system/usr/keylayout/gpio-keys.kl', keyCharacterMap='/system/usr/keychars/gpio-keys.kcm', builtinKeyboard=false, wakeMechanism=EVIOCSSUSPENDBLOCK, usingClockIoctl=true
11-24 18:50:00.335   786   786 D BluetoothManagerService: Loading stored name and address
11-24 18:50:00.335   786   786 D BluetoothManagerService: Stored bluetooth Name=Nexus 5,Address=48:59:29:57:DA:A2
11-24 18:50:00.340   786   887 I InputReader: Device added: id=-1, name='Virtual', sources=0x00000301
11-24 18:50:00.341   786   887 I InputReader: Device added: id=6, name='gpio-keys', sources=0x80000101
11-24 18:50:00.341   786   887 I InputReader: Device added: id=5, name='qpnp_pon', sources=0x00000101
11-24 18:50:00.343   786   887 I InputReader:   Touch device 'touch_dev' could not query the properties of its associated display.  The device will be inoperable until the display size becomes available.
11-24 18:50:00.343   786   887 I InputReader: Device added: id=4, name='touch_dev', sources=0x00001002
11-24 18:50:00.343   786   887 I InputReader: Device added: id=3, name='hs_detect', sources=0x80000101
11-24 18:50:00.343   786   887 I InputReader: Device added: id=2, name='msm8974-taiko-mtp-snd-card Button Jack', sources=0x00000101
11-24 18:50:00.343   786   887 I InputReader: Device added: id=1, name='msm8974-taiko-mtp-snd-card Headset Jack', sources=0x80000000
11-24 18:50:00.389   204   204 I AudioFlinger: Using module 1 has the primary audio interface
11-24 18:50:00.390   204   890 I AudioFlinger: AudioFlinger's thread 0xb5a0a000 ready to run
11-24 18:50:00.394   204   890 D audio_hw_primary: out_set_parameters: enter: usecase(1: low-latency-playback) kvpairs: routing=2
11-24 18:50:00.395   204   204 I AudioFlinger: HAL output buffer size 960 frames, normal sink buffer size 960 frames
11-24 18:50:00.396   204   891 I AudioFlinger: AudioFlinger's thread 0xb5a99000 ready to run
11-24 18:50:00.396   204   891 D audio_hw_primary: out_set_parameters: enter: usecase(0: deep-buffer-playback) kvpairs: routing=2
11-24 18:50:00.397   204   204 I AudioFlinger: HAL output buffer size 768 frames, normal sink buffer size 1152 frames
11-24 18:50:00.399   204   894 I AudioFlinger: AudioFlinger's thread 0xb5ae4000 ready to run
11-24 18:50:00.399   204   894 D audio_hw_primary: out_set_parameters: enter: usecase(16: afe-proxy-playback) kvpairs: routing=65536
11-24 18:50:00.402   204   895 I AudioFlinger: AudioFlinger's thread 0xb5b84000 ready to run
11-24 18:50:00.403   204   896 I AudioFlinger: AudioFlinger's thread 0xb5b84000 ready to run
11-24 18:50:00.405   204   204 I audio_a2dp_hw: adev_open:  adev_open in A2dp_hw module
11-24 18:50:00.405   204   204 I AudioFlinger: loadHwModule() Loaded a2dp audio interface from A2DP Audio HW HAL (audio) handle 10
11-24 18:50:00.411   204   204 I AudioFlinger: loadHwModule() Loaded usb audio interface from USB audio HW HAL (audio) handle 11
11-24 18:50:00.414   786   887 I InputReader: Reconfiguring input devices.  changes=0x00000004
11-24 18:50:00.414   786   887 I InputReader: Device reconfigured: id=4, name='touch_dev', size 1080x1920, orientation 0, mode 1, display id 0
11-24 18:50:00.418   204   204 I r_submix: adev_open(name=audio_hw_if)
11-24 18:50:00.419   204   204 I r_submix: adev_init_check()
11-24 18:50:00.419   204   204 I AudioFlinger: loadHwModule() Loaded r_submix audio interface from Wifi Display audio HAL (audio) handle 12
11-24 18:50:00.419   204   204 D r_submix: adev_open_input_stream(addr=0)
11-24 18:50:00.419   204   204 D r_submix: submix_audio_device_create_pipe_l(addr=0, idx=9)
11-24 18:50:00.419   204   204 D r_submix:   now using address 0 for route 9
11-24 18:50:00.421   204   897 I AudioFlinger: AudioFlinger's thread 0xb5b84000 ready to run
11-24 18:50:00.422   204   204 D r_submix: adev_close_input_stream()
11-24 18:50:00.422   204   204 D r_submix: submix_audio_device_release_pipe_l(idx=9) addr=0
11-24 18:50:00.422   204   204 D r_submix: submix_audio_device_destroy_pipe_l(): pipe destroyed
11-24 18:50:00.425   204   204 W AudioPolicyEffects: loadEffectConfig() no valid effects found in config voice_communication
11-24 18:50:00.434   204   204 E SoundTriggerHwService: couldn't load sound trigger module sound_trigger.primary (No such file or directory)
11-24 18:50:00.462   786   901 I PackageManager: No secure containers found
11-24 18:50:00.536   786   786 I CameraManagerGlobal: getCameraService: Reconnecting to camera service
11-24 18:50:00.631   786   786 I WifiP2pService: Registering wifip2p
11-24 18:50:00.793   786   786 E WifiConfigStore: associatedPartialScanPeriodMilli set to 20000
11-24 18:50:00.814   786   786 D WifiController: isAirplaneModeOn = false, isWifiEnabled = false, isScanningAvailable = false
11-24 18:50:00.816   786   786 I WifiService: Registering wifi
11-24 18:50:00.818   786   786 I WifiScanningService: Creating wifiscanner
11-24 18:50:00.818   786   786 I WifiScanningService: Starting wifiscanner
11-24 18:50:00.819   786   786 I RttService: Creating rttmanager
11-24 18:50:00.820   786   786 I RttService: Starting rttmanager
11-24 18:50:00.824   786   786 I EthernetServiceImpl: Creating EthernetConfigStore
11-24 18:50:00.825   786   786 E IpConfigStore: Error parsing configuration: java.io.FileNotFoundException: /data/misc/ethernet/ipconfig.txt: open failed: ENOENT (No such file or directory)
11-24 18:50:00.825   786   786 W EthernetConfigStore: No Ethernet configuration found. Using default.
11-24 18:50:00.825   786   786 I EthernetServiceImpl: Read stored IP configuration: IP assignment: DHCP
11-24 18:50:00.825   786   786 I EthernetServiceImpl: Proxy settings: NONE
11-24 18:50:00.826   786   786 I EthernetService: Registering service ethernet
11-24 18:50:00.977   786   786 V ProfileTriggerHelper: Enabling
11-24 18:50:00.980   786   786 D ProfileService: Found active: 0230226d-0d05-494a-a9bd-d222a1117655
11-24 18:50:00.992   786   786 D ProfileService: Set active profile to: 0230226d-0d05-494a-a9bd-d222a1117655 - Default
11-24 18:50:00.992   786   786 D ProfileService: Saving profile data...
11-24 18:50:00.994   786   786 D ProfileService: Save completed.
11-24 18:50:01.009   786   786 W TelecomManager: Telecom Service not found.
11-24 18:50:01.012   204   204 D audio_hw_primary: adev_set_mic_mute: state 0
11-24 18:50:01.156   786   917 D AssetAtlas: Loaded configuration: SliceMinArea (1792x1984) flags=0x2 count=396
11-24 18:50:01.175   786   786 I com.android.server.ThemeService: Spawned worker thread
11-24 18:50:01.184   786   786 V Fingerprint-JNI: nativeInit()
11-24 18:50:01.185   786   786 V Fingerprint-JNI: nativeOpenHal()
11-24 18:50:01.186   786   786 E Fingerprint-JNI: Can't open fingerprint HW Module, error: -2
11-24 18:50:01.244   786   786 I WindowManager: SAFE MODE not enabled
11-24 18:50:01.258   786   786 E SQLiteLog: (283) recovered 16 frames from WAL file /data/system/locksettings.db-wal
11-24 18:50:01.355   786   786 I WifiScanningService: Registering wifiscanner
11-24 18:50:01.376   786   786 I RttService: Registering rttmanager
11-24 18:50:01.377   786   922 D WifiChangeStateMachine: Entering IdleState
11-24 18:50:01.377   786   922 D WifiScanningService: DefaultState
11-24 18:50:01.383   786   786 I EthernetServiceImpl: Starting Ethernet service
11-24 18:50:01.394   786   786 D Ethernet: Registering NetworkFactory
11-24 18:50:01.403   786   924 D Ethernet: got request NetworkRequest [ id=1, legacyType=-1, [ Capabilities: INTERNET&NOT_RESTRICTED&TRUSTED&NOT_VPN] ] with score 0
11-24 18:50:01.425   786   786 I SELinux : SELinux: Loaded file_contexts from /file_contexts
11-24 18:50:01.473   786   917 I Adreno-EGL: <qeglDrvAPI_eglInitialize:379>: QUALCOMM Build: 01/14/15, ab0075f, Id3510ff6dc
11-24 18:50:01.589   786   917 D AssetAtlas: Rendered atlas in 270.99ms (154.45+116.54ms)
11-24 18:50:01.630   186   316 D PermissionCache: checking android.permission.HARDWARE_TEST for uid=1000 => granted (173 us)
11-24 18:50:01.693   186   186 D SurfaceFlinger: Set power mode=2, type=0 flinger=0xb6082000
11-24 18:50:01.693   186   186 D SurfaceFlinger: Screen type=0 is already mode=2
11-24 18:50:01.718   786   786 D CMStatusBarManagerService: registerCMStatusBar cmstatusbar: org.cyanogenmod.platform.internal.CMStatusBarManagerService@70bfb90
11-24 18:50:01.772   786   786 I Zygote  : Process: zygote socket opened, supported ABIS: armeabi-v7a,armeabi
11-24 18:50:01.788   786   801 I art     : Background sticky concurrent mark sweep GC freed 86591(5MB) AllocSpace objects, 22(368KB) LOS objects, 21% free, 22MB/28MB, paused 3.432ms total 158.904ms
11-24 18:50:01.835   939   939 V WebViewFactory: RelroFileCreator (64bit = false),  32-bit lib: /system/app/webview/lib/arm/libwebviewchromium.so, 64-bit lib: 
11-24 18:50:01.930   301   301 W auditd  : type=1325 audit(0.0:125): table=filter family=2 entries=43
11-24 18:50:01.930   301   301 W auditd  : type=1325 audit(0.0:126): table=filter family=10 entries=40
11-24 18:50:01.960   301   301 W auditd  : type=1325 audit(0.0:127): table=filter family=2 entries=42
11-24 18:50:01.970   301   301 W auditd  : type=1325 audit(0.0:128): table=filter family=10 entries=39
11-24 18:50:01.990   301   301 W auditd  : type=1325 audit(0.0:129): table=filter family=2 entries=41
11-24 18:50:02.020   301   301 W auditd  : type=1325 audit(0.0:130): table=filter family=10 entries=38
11-24 18:50:02.030   939   939 I art     : System.exit called, status: 0
11-24 18:50:02.030   939   939 I AndroidRuntime: VM exiting with result code 0, cleanup skipped.
11-24 18:50:02.060   301   301 W auditd  : type=1325 audit(0.0:131): table=filter family=2 entries=41
11-24 18:50:02.070   301   301 W auditd  : type=1325 audit(0.0:132): table=filter family=10 entries=38
11-24 18:50:02.090   301   301 W auditd  : type=1325 audit(0.0:133): table=filter family=2 entries=41
11-24 18:50:02.100   301   301 W auditd  : type=1325 audit(0.0:134): table=filter family=10 entries=38
11-24 18:50:02.120   301   301 W auditd  : type=1325 audit(0.0:135): table=filter family=2 entries=41
11-24 18:50:02.130   301   301 W auditd  : type=1325 audit(0.0:136): table=filter family=10 entries=38
11-24 18:50:02.140   301   301 W auditd  : type=1325 audit(0.0:137): table=raw family=2 entries=10
11-24 18:50:02.150   301   301 W auditd  : type=1325 audit(0.0:138): table=raw family=10 entries=10
11-24 18:50:02.160   301   301 W auditd  : type=1325 audit(0.0:139): table=mangle family=2 entries=17
11-24 18:50:02.165   957   957 V SystemUIService: Starting SystemUI services.
11-24 18:50:02.177   979   979 E SQLiteLog: (283) recovered 22 frames from WAL file /data/data/com.android.providers.media/databases/external.db-wal
11-24 18:50:02.180   301   301 W auditd  : type=1325 audit(0.0:140): table=mangle family=10 entries=13
11-24 18:50:02.190   301   301 W auditd  : type=1325 audit(0.0:141): table=filter family=2 entries=40
11-24 18:50:02.200   301   301 W auditd  : type=1325 audit(0.0:142): table=filter family=10 entries=37
11-24 18:50:02.220   301   301 W auditd  : type=1325 audit(0.0:143): table=filter family=2 entries=41
11-24 18:50:02.250   301   301 W auditd  : type=1325 audit(0.0:144): table=filter family=10 entries=38
11-24 18:50:02.270   301   301 W auditd  : type=1325 audit(0.0:145): table=filter family=2 entries=42
11-24 18:50:02.290   301   301 W auditd  : type=1325 audit(0.0:146): table=filter family=10 entries=39
11-24 18:50:02.300   301   301 W auditd  : type=1325 audit(0.0:147): table=raw family=2 entries=9
11-24 18:50:02.320   301   301 W auditd  : type=1325 audit(0.0:148): table=raw family=10 entries=9
11-24 18:50:02.350   301   301 W auditd  : type=1325 audit(0.0:149): table=mangle family=2 entries=16
11-24 18:50:02.360   301   301 W auditd  : type=1325 audit(0.0:150): table=mangle family=10 entries=12
11-24 18:50:02.390   301   301 W auditd  : type=1325 audit(0.0:151): table=filter family=2 entries=43
11-24 18:50:02.395   204  1022 I FFmpegExtractor: android-source:0xb5bff240
11-24 18:50:02.410   301   301 W auditd  : type=1325 audit(0.0:152): table=filter family=10 entries=40
11-24 18:50:02.420   301   301 W auditd  : type=1325 audit(0.0:153): table=filter family=2 entries=43
11-24 18:50:02.430   301   301 W auditd  : type=1325 audit(0.0:154): table=filter family=10 entries=40
11-24 18:50:02.450   301   301 W auditd  : type=1325 audit(0.0:155): table=filter family=2 entries=43
11-24 18:50:02.460   301   301 W auditd  : type=1325 audit(0.0:156): table=filter family=10 entries=40
11-24 18:50:02.466   204  1022 I FFMPEG  : Input #0, ogg, from 'android-source:0xb5bff240':
11-24 18:50:02.466   204  1022 I FFMPEG  :   Duration: 00:00:00.23, start: 0.000000, bitrate: 293 kb/s
11-24 18:50:02.466   204  1022 I FFMPEG  :     Stream #0:0: Audio: vorbis, 44100 Hz, stereo, fltp, 160 kb/s
11-24 18:50:02.466   204  1022 D FFmpegExtractor: FFmpegExtrator, url: android-source:0xb5bff240, format_name: ogg, format_long_name: Ogg
11-24 18:50:02.466   204  1022 I FFmpegExtractor: adjust mime(application/ogg -> audio/vorbis)
11-24 18:50:02.466   204  1022 D FFmpegExtractor: suppoted codec(vorbis) by official Stagefright
11-24 18:50:02.467   204  1022 D FFmpegExtractor: ffmpeg detected media content as 'audio/vorbis' with confidence 0.08
11-24 18:50:02.477   204   204 D NuPlayerDriver: start(0xb5969520)
11-24 18:50:02.477   204  1020 I GenericSource: start
11-24 18:50:02.479   204  1020 W Utils   : bool android::canOffloadStream(const android::sp<android::MetaData>&, bool, const android::sp<android::MetaData>&, bool, audio_stream_type_t) No sample bit depth info in meta data
11-24 18:50:02.479   204  1020 E AudioPolicyManager: isOffloadSupported: stream_type != MUSIC, returning false
11-24 18:50:02.479   204  1020 I NuPlayer: Could not offload audio decode, pcm offload decided :0
11-24 18:50:02.480   204  1020 W Utils   : bool android::canOffloadStream(const android::sp<android::MetaData>&, bool, const android::sp<android::MetaData>&, bool, audio_stream_type_t) No sample bit depth info in meta data
11-24 18:50:02.480   204  1020 E AudioPolicyManager: isOffloadSupported: stream_type != MUSIC, returning false
11-24 18:50:02.493   204  1037 E OMXMaster: A component of name 'OMX.qcom.audio.decoder.aac' already exists, ignoring this one.
11-24 18:50:02.500   301   301 W auditd  : type=1325 audit(0.0:157): table=filter family=2 entries=43
11-24 18:50:02.520   301   301 W auditd  : type=1325 audit(0.0:158): table=filter family=10 entries=40
11-24 18:50:02.539   957   957 D VolumeUI: Registering volume controller
11-24 18:50:02.550   301   301 W auditd  : type=1325 audit(0.0:159): table=filter family=2 entries=44
11-24 18:50:02.570   301   301 W auditd  : type=1325 audit(0.0:160): table=filter family=10 entries=41
11-24 18:50:02.600   301   301 W auditd  : type=1325 audit(0.0:161): table=filter family=2 entries=45
11-24 18:50:02.711   957   957 W Settings: Setting airplane_mode_on has moved from android.provider.Settings.System to android.provider.Settings.Global, returning read-only value.
11-24 18:50:02.738   786   786 D PermissionMonitor: Monitoring
11-24 18:50:02.741   786   786 D PermissionMonitor: Users: 1, Apps: 67
11-24 18:50:02.752   786   786 W ContentService: Observer android.database.ContentObserver$Transport@18c76c2f is already registered.
11-24 18:50:02.753   786   786 W ContentService: Observer android.database.ContentObserver$Transport@18c76c2f is already registered.
11-24 18:50:02.754   786   812 D BluetoothManagerService: Message: 20
11-24 18:50:02.755   786   812 D BluetoothManagerService: Added callback: android.bluetooth.BluetoothAdapter$1@2b39923c:true
11-24 18:50:02.756   786   786 W ContentService: Observer android.database.ContentObserver$Transport@18c76c2f is already registered.
11-24 18:50:02.756   786   786 W ContentService: Observer android.database.ContentObserver$Transport@18c76c2f is already registered.
11-24 18:50:02.756   786   786 W ContentService: Observer android.database.ContentObserver$Transport@18c76c2f is already registered.
11-24 18:50:02.756   786   786 W ContentService: Observer android.database.ContentObserver$Transport@18c76c2f is already registered.
11-24 18:50:02.756   786   786 W ContentService: Observer android.database.ContentObserver$Transport@18c76c2f is already registered.
11-24 18:50:02.757   786   786 W ContentService: Observer android.database.ContentObserver$Transport@18c76c2f is already registered.
11-24 18:50:02.758   204  1037 I OMX-VENC: Component_init : OMX.qcom.video.encoder.mpeg4 : return = 0x0
11-24 18:50:02.759   204  1037 E OMX-VENC: get_parameter: OMX_IndexParamVideoProfileLevelQuerySupported nProfileIndex ret NoMore 2
11-24 18:50:02.759   204  1037 W ACodec  : do not know color format 0x7fa30c04 = 2141391876
11-24 18:50:02.759   204  1037 W ACodec  : do not know color format 0x7f000789 = 2130708361
11-24 18:50:02.769   786   812 D BluetoothManagerService: Message: 30
11-24 18:50:02.769   786   914 D BluetoothManagerService: Trying to bind to profile: 1, while Bluetooth was disabled
11-24 18:50:02.772   786   812 D BluetoothManagerService: Message: 30
11-24 18:50:02.773   204  1037 I OMX-VENC: Component Deinit
11-24 18:50:02.873   204  1094 I FFmpegExtractor: android-source:0xb4c34ba0
11-24 18:50:02.883   204  1094 I FFMPEG  : Input #0, ogg, from 'android-source:0xb4c34ba0':
11-24 18:50:02.883   204  1094 I FFMPEG  :   Duration: 00:00:00.09, start: 0.000000, bitrate: 437 kb/s
11-24 18:50:02.883   204  1094 I FFMPEG  :     Stream #0:0: Audio: vorbis, 48000 Hz, stereo, fltp, 96 kb/s
11-24 18:50:02.883   204  1094 D FFmpegExtractor: FFmpegExtrator, url: android-source:0xb4c34ba0, format_name: ogg, format_long_name: Ogg
11-24 18:50:02.883   204  1094 I FFmpegExtractor: adjust mime(application/ogg -> audio/vorbis)
11-24 18:50:02.883   204  1094 D FFmpegExtractor: suppoted codec(vorbis) by official Stagefright
11-24 18:50:02.884   204  1094 D FFmpegExtractor: ffmpeg detected media content as 'audio/vorbis' with confidence 0.08
11-24 18:50:02.916   204  1037 I OMX-VENC: Component_init : OMX.qcom.video.encoder.h263 : return = 0x0
11-24 18:50:02.916   204  1037 E OMX-VENC: get_parameter: OMX_IndexParamVideoProfileLevelQuerySupported nProfileIndex ret NoMore 1
11-24 18:50:02.916   204  1037 W ACodec  : do not know color format 0x7fa30c04 = 2141391876
11-24 18:50:02.916   204  1037 W ACodec  : do not know color format 0x7f000789 = 2130708361
11-24 18:50:02.926   204  1037 I OMX-VENC: Component Deinit
11-24 18:50:02.934   204   898 D NuPlayerDriver: start(0xb59697c0)
11-24 18:50:02.934   204  1093 I GenericSource: start
11-24 18:50:02.940   786   786 E LocSvc_afw: E/get_extension: Invalid interface passed in
11-24 18:50:02.945   204  1093 W Utils   : bool android::canOffloadStream(const android::sp<android::MetaData>&, bool, const android::sp<android::MetaData>&, bool, audio_stream_type_t) No sample bit depth info in meta data
11-24 18:50:02.946   204  1093 E AudioPolicyManager: isOffloadSupported: stream_type != MUSIC, returning false
11-24 18:50:02.946   204  1093 I NuPlayer: Could not offload audio decode, pcm offload decided :0
11-24 18:50:02.948   204  1093 W Utils   : bool android::canOffloadStream(const android::sp<android::MetaData>&, bool, const android::sp<android::MetaData>&, bool, audio_stream_type_t) No sample bit depth info in meta data
11-24 18:50:02.948   204  1093 E AudioPolicyManager: isOffloadSupported: stream_type != MUSIC, returning false
11-24 18:50:02.985   786   786 E LocSvc_afw: E/get_extension: Invalid interface passed in
11-24 18:50:03.008   786   786 D GpsLocationProvider: Reset GPS properties, previous size = 0
11-24 18:50:03.009   786   786 D GpsLocationProvider: GpsParamsResource: SUPL_HOST=supl.google.com
11-24 18:50:03.009   786   786 D GpsLocationProvider: GpsParamsResource: SUPL_PORT=7275
11-24 18:50:03.009   786   786 D GpsLocationProvider: GpsParamsResource: NTP_SERVER=north-america.pool.ntp.org
11-24 18:50:03.009   786   786 D GpsLocationProvider: GpsParamsResource: SUPL_VER=0x20000
11-24 18:50:03.009   786   786 D GpsLocationProvider: GpsParamsResource: SUPL_MODE=1
11-24 18:50:03.039   786   786 D GpsLocationProvider: GPS properties reloaded, size = 16
11-24 18:50:03.040   786   786 D GpsLocationProvider: GPS configuration:
11-24 18:50:03.040   786   786 D GpsLocationProvider:  #Thu Nov 24 18:50:03 GMT+08:00 2016
11-24 18:50:03.040   786   786 D GpsLocationProvider: SUPL_HOST=supl.google.com
11-24 18:50:03.040   786   786 D GpsLocationProvider: XTRA_SERVER_3=http\://xtrapath3.izatcloud.net/xtra2.bin
11-24 18:50:03.040   786   786 D GpsLocationProvider: XTRA_SERVER_1=http\://xtrapath1.izatcloud.net/xtra2.bin
11-24 18:50:03.040   786   786 D GpsLocationProvider: SUPL_PORT=7275
11-24 18:50:03.040   786   786 D GpsLocationProvider: DEBUG_LEVEL=2
11-24 18:50:03.040   786   786 D GpsLocationProvider: XTRA_SERVER_2=http\://xtrapath2.izatcloud.net/xtra2.bin
11-24 18:50:03.040   786   786 D GpsLocationProvider: NMEA_PROVIDER=1
11-24 18:50:03.040   786   786 D GpsLocationProvider: CAPABILITIES=0x33
11-24 18:50:03.040   786   786 D GpsLocationProvider: SUPL_VER=0x20000
11-24 18:50:03.040   786   786 D GpsLocationProvider: ERR_ESTIMATE=0
11-24 18:50:03.040   786   786 D GpsLocationProvider: XTRA_SERVER_QUERY=0
11-24 18:50:03.040   786   786 D GpsLocationProvider: A_GLONASS_POS_PROTOCOL_SELECT=0
11-24 18:50:03.040   786   786 D GpsLocationProvider: INTERMEDIATE_POS=0
11-24 18:50:03.040   786   786 D GpsLocationProvider: LPP_PROFILE=0
11-24 18:50:03.040   786   786 D GpsLocationProvider: NTP_SERVER=time.izatcloud.net
11-24 18:50:03.040   786   786 D GpsLocationProvider: SUPL_MODE=1
11-24 18:50:03.040   786   786 D GpsLocationProvider: final config = #Thu Nov 24 18:50:03 GMT+08:00 2016
11-24 18:50:03.040   786   786 D GpsLocationProvider: SUPL_HOST=supl.google.com
11-24 18:50:03.040   786   786 D GpsLocationProvider: XTRA_SERVER_3=http\://xtrapath3.izatcloud.net/xtra2.bin
11-24 18:50:03.040   786   786 D GpsLocationProvider: XTRA_SERVER_1=http\://xtrapath1.izatcloud.net/xtra2.bin
11-24 18:50:03.040   786   786 D GpsLocationProvider: SUPL_PORT=7275
11-24 18:50:03.040   786   786 D GpsLocationProvider: DEBUG_LEVEL=2
11-24 18:50:03.040   786   786 D GpsLocationProvider: XTRA_SERVER_2=http\://xtrapath2.izatcloud.net/xtra2.bin
11-24 18:50:03.040   786   786 D GpsLocationProvider: NMEA_PROVIDER=1
11-24 18:50:03.040   786   786 D GpsLocationProvider: CAPABILITIES=0x33
11-24 18:50:03.040   786   786 D GpsLocationProvider: SUPL_VER=0x20000
11-24 18:50:03.040   786   786 D GpsLocationProvider: ERR_ESTIMATE=0
11-24 18:50:03.040   786   786 D GpsLocationProvider: XTRA_SERVER_QUERY=0
11-24 18:50:03.040   786   786 D GpsLocationProvider: A_GLONASS_POS_PROTOCOL_SELECT=0
11-24 18:50:03.040   786   786 D GpsLocationProvider: INTERMEDIATE_POS=0
11-24 18:50:03.040   786   786 D GpsLocationProvider: LPP_PROFILE=0
11-24 18:50:03.040   786   786 D GpsLocationProvider: NTP_SERVER=time.izatcloud.net
11-24 18:50:03.040   786   786 D GpsLocationProvider: SUPL_MODE=1
11-24 18:50:03.070   786   786 W ServiceWatcher: com.google.android.gms not found
11-24 18:50:03.071   204  1037 I OMX-VENC: Component_init : OMX.qcom.video.encoder.avc : return = 0x0
11-24 18:50:03.071   204  1037 W ACodec  : do not know color format 0x7fa30c04 = 2141391876
11-24 18:50:03.071   204  1037 W ACodec  : do not know color format 0x7f000789 = 2130708361
11-24 18:50:03.082   204  1037 I OMX-VENC: Component Deinit
11-24 18:50:03.114   786   786 W ServiceWatcher: com.google.android.gms not found
11-24 18:50:03.115   786   786 W ServiceWatcher: com.google.android.gms not found
11-24 18:50:03.120   786   786 W ServiceWatcher: com.google.android.gms not found
11-24 18:50:03.166   786   786 W ServiceWatcher: com.google.android.gms not found
11-24 18:50:03.166   786  1132 V FlpHardwareProvider: Callback thread attached: 0xb4bdb3a0
11-24 18:50:03.170   786  1132 E Diag_Lib:  Diag_LSM_Init: Failed to open handle to diag driver, error = 2
11-24 18:50:03.174   786   786 W ServiceWatcher: com.google.android.gms not found
11-24 18:50:03.191   786   786 E ActivityRecognitionHardware: Error hw_get_module: -2
11-24 18:50:03.229   204  1037 I OMX-VENC: Component_init : OMX.qcom.video.encoder.vp8 : return = 0x0
11-24 18:50:03.232   204  1037 W ACodec  : do not know color format 0x7fa30c04 = 2141391876
11-24 18:50:03.232   204  1037 W ACodec  : do not know color format 0x7f000789 = 2130708361
11-24 18:50:03.245   204  1037 I OMX-VENC: Component Deinit
11-24 18:50:03.284   786   786 I CommonTimeManagementService: No common time service detected on this platform.  Common time services will be unavailable.
11-24 18:50:03.288   786   887 I InputReader: Reconfiguring input devices.  changes=0x00000040
11-24 18:50:03.306   786   887 I InputReader: Reconfiguring input devices.  changes=0x00000020
11-24 18:50:03.316   786   786 D com.android.server.ThemeService: Prev api level was: 22, api is now: 22
11-24 18:50:03.318   786   786 E PackageManager: Unable to find icon pack: system
11-24 18:50:03.329  1097  1097 I LatinIME: Hardware accelerated drawing: true
11-24 18:50:03.348   786  1132 E LocSvc_LBSApiV02: E/virtual void lbs_core::LBSApiV02::injectFeatureConfig(lbs_core::e_premium_mode, lbs_core::e_premium_mode):424]: Error : st = 11, ind.status = -1356767775
11-24 18:50:03.351   786  1132 E LocSvc_LBSApiV02: E/virtual void lbs_core::LBSApiV02::injectFeatureConfig(lbs_core::e_premium_mode, lbs_core::e_premium_mode):442]: Error : st = 11, ind.status = -1356767775
11-24 18:50:03.351   786  1132 E FlpHardwareProvider: Attempted to associate callback in 'SetThreadEvent'. Callback already associated.
11-24 18:50:03.407   204  1037 I OMX-VDEC-1080P: component_init: OMX.qcom.video.decoder.avc : fd=21
11-24 18:50:03.410   204  1037 I OMX-VDEC-1080P: Capabilities: driver_name = msm_vidc_driver, card = msm_vdec_8974, bus_info = , version = 1, capabilities = 4003000
11-24 18:50:03.418   204  1037 I OMX-VDEC-1080P: omx_vdec::component_init() success : fd=21
11-24 18:50:03.418   204  1037 E OMXNodeInstance: getParameter(13:qcom.decoder.avc, ??(0x7f00003d)) ERROR: UnsupportedSetting(0x80001019)
11-24 18:50:03.418   204  1037 E OMXNodeInstance: getParameter(13:qcom.decoder.avc, ??(0x7f00003d)) ERROR: UnsupportedSetting(0x80001019)
11-24 18:50:03.419   204  1037 I OMX-VDEC-1080P: omx_vdec::component_deinit() complete
11-24 18:50:03.436   204  1037 I OMX-VDEC-1080P: Exit OMX vdec Destructor: fd=21
11-24 18:50:03.479  1097  1097 W SubtypeLocaleUtils: KeyboardLayoutSet not found, use QWERTY: locale=en_AU extraValue=TrySuppressingImeSwitcher,AsciiCapable,SupportTouchPositionCorrection,EmojiCapable
11-24 18:50:03.581   204  1037 I OMX-VDEC-1080P: component_init: OMX.qcom.video.decoder.avc : fd=21
11-24 18:50:03.584   204  1037 I OMX-VDEC-1080P: Capabilities: driver_name = msm_vidc_driver, card = msm_vdec_8974, bus_info = , version = 1, capabilities = 4003000
11-24 18:50:03.592   204  1037 I OMX-VDEC-1080P: omx_vdec::component_init() success : fd=21
11-24 18:50:03.592   204  1037 E OMXNodeInstance: getParameter(14:qcom.decoder.avc.secure, ??(0x7f00003d)) ERROR: UnsupportedSetting(0x80001019)
11-24 18:50:03.592   204  1037 E OMXNodeInstance: getParameter(14:qcom.decoder.avc.secure, ??(0x7f00003d)) ERROR: UnsupportedSetting(0x80001019)
11-24 18:50:03.594   204  1037 I OMX-VDEC-1080P: omx_vdec::component_deinit() complete
11-24 18:50:03.606   204  1037 I OMX-VDEC-1080P: Exit OMX vdec Destructor: fd=21
11-24 18:50:03.641  1097  1097 W InputAttributes: No editor info for this field. Bug?
11-24 18:50:03.721  1097  1238 I LatinIME:LogUtils: Dictionary info: dictionary = PersonalizationDictionary.en_US ; version = 1479984603 ; date = ?
11-24 18:50:03.733  1097  1242 I LatinIME:LogUtils: Dictionary info: dictionary = contacts.en_US ; version = 1479984603 ; date = ?
11-24 18:50:03.735   214   214 I art     : Explicit concurrent mark sweep GC freed 706(30KB) AllocSpace objects, 0(0B) LOS objects, 40% free, 16MB/26MB, paused 251us total 89.486ms
11-24 18:50:03.739  1097  1243 I LatinIME:LogUtils: Dictionary info: dictionary = ContextualDictionary.en_US ; version = 1479984603 ; date = ?
11-24 18:50:03.742  1097  1237 I LatinIME:LogUtils: Dictionary info: dictionary = UserHistoryDictionary.en_US ; version = 38334338 ; date = 1479984084
11-24 18:50:03.743  1097  1240 I LatinIME:LogUtils: Dictionary info: dictionary = userunigram.en_US ; version = 1479984603 ; date = ?
11-24 18:50:03.755   204  1037 I OMX-VDEC-1080P: component_init: OMX.qcom.video.decoder.mpeg4 : fd=21
11-24 18:50:03.756   204  1037 I OMX-VDEC-1080P: Capabilities: driver_name = msm_vidc_driver, card = msm_vdec_8974, bus_info = , version = 1, capabilities = 4003000
11-24 18:50:03.759   204  1037 I OMX-VDEC-1080P: omx_vdec::component_init() success : fd=21
11-24 18:50:03.760   204  1037 E OMXNodeInstance: getParameter(15:qcom.decoder.mpeg4, ??(0x7f00003d)) ERROR: UnsupportedSetting(0x80001019)
11-24 18:50:03.760   204  1037 E OMXNodeInstance: getParameter(15:qcom.decoder.mpeg4, ??(0x7f00003d)) ERROR: UnsupportedSetting(0x80001019)
11-24 18:50:03.760   204  1037 I OMX-VDEC-1080P: omx_vdec::component_deinit() complete
11-24 18:50:03.772   204  1037 I OMX-VDEC-1080P: Exit OMX vdec Destructor: fd=21
11-24 18:50:03.777   214   214 I art     : Explicit concurrent mark sweep GC freed 5(160B) AllocSpace objects, 0(0B) LOS objects, 40% free, 16MB/26MB, paused 217us total 39.289ms
11-24 18:50:03.810   214   214 I art     : Explicit concurrent mark sweep GC freed 5(160B) AllocSpace objects, 0(0B) LOS objects, 40% free, 16MB/26MB, paused 292us total 31.583ms
11-24 18:50:03.870   786   786 E QCOM PowerHAL: Failed to acquire lock.
11-24 18:50:03.882   786   786 E QCOM PowerHAL: Failed to acquire lock.
11-24 18:50:03.894   204  1037 I OMX-VDEC-1080P: component_init: OMX.qcom.video.decoder.h263 : fd=21
11-24 18:50:03.895   204  1037 I OMX-VDEC-1080P: Capabilities: driver_name = msm_vidc_driver, card = msm_vdec_8974, bus_info = , version = 1, capabilities = 4003000
11-24 18:50:03.902   204  1037 I OMX-VDEC-1080P: omx_vdec::component_init() success : fd=21
11-24 18:50:03.902   204  1037 E OMXNodeInstance: getParameter(16:qcom.decoder.h263, ??(0x7f00003d)) ERROR: UnsupportedSetting(0x80001019)
11-24 18:50:03.902   204  1037 E OMXNodeInstance: getParameter(16:qcom.decoder.h263, ??(0x7f00003d)) ERROR: UnsupportedSetting(0x80001019)
11-24 18:50:03.902   204  1037 I OMX-VDEC-1080P: omx_vdec::component_deinit() complete
11-24 18:50:03.914   204  1037 I OMX-VDEC-1080P: Exit OMX vdec Destructor: fd=21
11-24 18:50:03.950   786   802 W art     : Long monitor contention event with owner method=void com.android.server.am.ActivityManagerService.systemReady(java.lang.Runnable) from ActivityManagerService.java:11537 waiters=0 for 533ms
11-24 18:50:03.993   786   806 W art     : Long monitor contention event with owner method=void com.android.server.am.ActivityManagerService.systemReady(java.lang.Runnable) from ActivityManagerService.java:11537 waiters=1 for 552ms
11-24 18:50:04.054   204  1037 I OMX-VDEC-1080P: component_init: OMX.qcom.video.decoder.vp8 : fd=21
11-24 18:50:04.055   204  1037 I OMX-VDEC-1080P: Capabilities: driver_name = msm_vidc_driver, card = msm_vdec_8974, bus_info = , version = 1, capabilities = 4003000
11-24 18:50:04.057   204  1037 I OMX-VDEC-1080P: omx_vdec::component_init() success : fd=21
11-24 18:50:04.058   204  1037 E OMXNodeInstance: getParameter(17:qcom.decoder.vp8, ??(0x7f00003d)) ERROR: UnsupportedSetting(0x80001019)
11-24 18:50:04.058   204  1037 E OMXNodeInstance: getParameter(17:qcom.decoder.vp8, ??(0x7f00003d)) ERROR: UnsupportedSetting(0x80001019)
11-24 18:50:04.058   204  1037 I OMX-VDEC-1080P: omx_vdec::component_deinit() complete
11-24 18:50:04.069   204  1037 I OMX-VDEC-1080P: Exit OMX vdec Destructor: fd=21
11-24 18:50:04.076   786   803 W art     : Long monitor contention event with owner method=void com.android.server.am.ActivityManagerService.systemReady(java.lang.Runnable) from ActivityManagerService.java:11537 waiters=2 for 642ms
11-24 18:50:04.077   786  1169 W art     : Long monitor contention event with owner method=void com.android.server.am.ActivityManagerService.systemReady(java.lang.Runnable) from ActivityManagerService.java:11537 waiters=3 for 510ms
11-24 18:50:04.077   786   893 W art     : Long monitor contention event with owner method=void com.android.server.am.ActivityManagerService.systemReady(java.lang.Runnable) from ActivityManagerService.java:11537 waiters=4 for 479ms
11-24 18:50:04.078   957   957 W Settings: Setting airplane_mode_on has moved from android.provider.Settings.System to android.provider.Settings.Global, returning read-only value.
11-24 18:50:04.088   204  1037 W OMXNodeInstance: [18:google.mpeg4.decoder] component does not support metadata mode; using fallback
11-24 18:50:04.095   957   957 W Settings: Setting airplane_mode_on has moved from android.provider.Settings.System to android.provider.Settings.Global, returning read-only value.
11-24 18:50:04.107   204  1037 W OMXNodeInstance: [19:google.mpeg4.decoder] component does not support metadata mode; using fallback
11-24 18:50:04.115   204  1037 W MediaCodecList: ignoring Limit specified outside of a Type
11-24 18:50:04.115   204  1037 W MediaCodecList: ignoring Limit specified outside of a Type
11-24 18:50:04.115   204  1037 W MediaCodecList: ignoring Limit specified outside of a Type
11-24 18:50:04.115   204  1037 W MediaCodecList: ignoring Limit specified outside of a Type
11-24 18:50:04.115   204  1037 W MediaCodecList: ignoring Limit specified outside of a Type
11-24 18:50:04.115   204  1037 W MediaCodecList: ignoring Feature specified outside of a Type
11-24 18:50:04.118   204  1037 W OMXNodeInstance: [1a:google.h263.decoder] component does not support metadata mode; using fallback
11-24 18:50:04.126   204  1037 W OMXNodeInstance: [1b:google.h264.decoder] component does not support metadata mode; using fallback
11-24 18:50:04.152   204  1037 D SoftHEVC: Number of CPU cores: 4
11-24 18:50:04.153   204  1037 D SoftHEVC: Initializing decoder
11-24 18:50:04.153   204  1037 D SoftHEVC: Set number of cores to 4
11-24 18:50:04.153   204  1037 D SoftHEVC: Ittiam decoder version number: @(#)Id:HEVCDEC_production Ver:04.01 Released by ITTIAM Build: Sep  1 2015 @ 01:00:51
11-24 18:50:04.153   204  1037 W OMXNodeInstance: [1c:google.hevc.decoder] component does not support metadata mode; using fallback
11-24 18:50:04.154   204  1037 D SoftHEVC: Freeing codec memory
11-24 18:50:04.155   204  1037 D SoftHEVC: Number of CPU cores: 4
11-24 18:50:04.155   204  1037 D SoftHEVC: Initializing decoder
11-24 18:50:04.155   204  1037 D SoftHEVC: Set number of cores to 4
11-24 18:50:04.155   204  1037 D SoftHEVC: Ittiam decoder version number: @(#)Id:HEVCDEC_production Ver:04.01 Released by ITTIAM Build: Sep  1 2015 @ 01:00:51
11-24 18:50:04.156   204  1037 D SoftHEVC: In SoftHEVC::~SoftHEVC
11-24 18:50:04.156   204  1037 D SoftHEVC: Freeing codec memory
11-24 18:50:04.166   786  1216 W art     : Long monitor contention event with owner method=void com.android.server.am.ActivityManagerService.systemReady(java.lang.Runnable) from ActivityManagerService.java:11537 waiters=6 for 420ms
11-24 18:50:04.167   786  1244 W art     : Long monitor contention event with owner method=void com.android.server.am.ActivityManagerService.systemReady(java.lang.Runnable) from ActivityManagerService.java:11537 waiters=7 for 417ms
11-24 18:50:04.180   204  1037 W OMXNodeInstance: [1d:google.vp8.decoder] component does not support metadata mode; using fallback
11-24 18:50:04.181   786  1245 W art     : Long monitor contention event with owner method=void com.android.server.am.ActivityManagerService.systemReady(java.lang.Runnable) from ActivityManagerService.java:11537 waiters=8 for 368ms
11-24 18:50:04.188   204  1037 W OMXNodeInstance: [1e:google.vp9.decoder] component does not support metadata mode; using fallback
11-24 18:50:04.189   786  1219 W art     : Long monitor contention event with owner method=int com.android.server.am.ActivityManagerService.bindService(android.app.IApplicationThread, android.os.IBinder, android.content.Intent, java.lang.String, android.app.IServiceConnection, int, int) from ActivityManagerService.java:15600 waiters=10 for 192ms
11-24 18:50:04.193   786   786 W art     : Long monitor contention event with owner method=void com.android.server.am.ActivityManagerService.attachApplication(android.app.IApplicationThread) from ActivityManagerService.java:6225 waiters=10 for 237ms
11-24 18:50:04.230   204  1037 I SoftMPEG4Encoder: Construct SoftMPEG4Encoder
11-24 18:50:04.231   204  1037 W ACodec  : do not know color format 0x7f000789 = 2130708361
11-24 18:50:04.256   204  1037 I SoftAVCEncoder: Construct SoftAVCEncoder
11-24 18:50:04.257   204  1037 W ACodec  : do not know color format 0x7f000789 = 2130708361
11-24 18:50:04.262   204  1037 I SoftMPEG4Encoder: Construct SoftMPEG4Encoder
11-24 18:50:04.263   204  1037 W ACodec  : do not know color format 0x7f000789 = 2130708361
11-24 18:50:04.305   204  1037 W ACodec  : do not know color format 0x7f000789 = 2130708361
11-24 18:50:04.310   320   320 I 360s    : type=1400 audit(0.0:167): avc: denied { create } for scontext=u:r:init:s0 tcontext=u:r:adbd:s0 tclass=tcp_socket permissive=1
11-24 18:50:04.320   320   320 I 360s    : type=1400 audit(0.0:168): avc: denied { setopt } for scontext=u:r:init:s0 tcontext=u:r:adbd:s0 tclass=tcp_socket permissive=1
11-24 18:50:04.320   320   320 I 360s    : type=1400 audit(0.0:169): avc: denied { connect } for scontext=u:r:init:s0 tcontext=u:r:adbd:s0 tclass=tcp_socket permissive=1
11-24 18:50:04.322  1193  1193 I NfcService: Starting NFC service
11-24 18:50:04.331   204  1037 D SoftFFmpegAudio: SoftFFmpegAudio component: OMX.ffmpeg.aac.decoder mCodingType: 21 mHighResAudioEnabled: 1
11-24 18:50:04.338   204  1037 D SoftFFmpegAudio: SoftFFmpegAudio component: OMX.ffmpeg.ac3.decoder mCodingType: 2130706434 mHighResAudioEnabled: 1
11-24 18:50:04.345   786   786 E Minikin : addFont failed to create font /system/fonts/NanumGothic.ttf
11-24 18:50:04.346   786   786 E Minikin : addFont failed to create font /system/fonts/DroidSansFallback.ttf
11-24 18:50:04.349   204  1037 D SoftFFmpegAudio: SoftFFmpegAudio component: OMX.ffmpeg.ape.decoder mCodingType: 2130706435 mHighResAudioEnabled: 1
11-24 18:50:04.363   204  1037 D SoftFFmpegAudio: SoftFFmpegAudio component: OMX.ffmpeg.atrial.decoder mCodingType: 1 mHighResAudioEnabled: 1
11-24 18:50:04.371   204  1037 D SoftFFmpegAudio: SoftFFmpegAudio component: OMX.ffmpeg.dts.decoder mCodingType: 2130706436 mHighResAudioEnabled: 1
11-24 18:50:04.385   204  1037 D SoftFFmpegAudio: SoftFFmpegAudio component: OMX.ffmpeg.flac.decoder mCodingType: 28 mHighResAudioEnabled: 1
11-24 18:50:04.402   204  1037 D SoftFFmpegAudio: SoftFFmpegAudio component: OMX.ffmpeg.mp2.decoder mCodingType: 2130706433 mHighResAudioEnabled: 1
11-24 18:50:04.413   786   786 D WifiScanningService: SCAN_AVAILABLE : 1
11-24 18:50:04.413   786   786 D RttService: SCAN_AVAILABLE : 1
11-24 18:50:04.415   786   922 D WifiScanningService: DefaultState got{ when=0 what=160007 target=com.android.internal.util.StateMachine$SmHandler }
11-24 18:50:04.416   786   923 D RttService: DefaultState got{ when=0 what=160513 target=com.android.internal.util.StateMachine$SmHandler }
11-24 18:50:04.417  1193  1193 D BrcmNfcJni: JNI_OnLoad: enter
11-24 18:50:04.417  1193  1193 I BrcmNfcJni: NFC Service: loading nci JNI
11-24 18:50:04.417  1193  1193 D BrcmNfcJni: register_com_android_nfc_NativeNfcManager: enter
11-24 18:50:04.417  1193  1193 D BrcmNfcJni: PowerSwitch::initialize: level=PS-UNKNOWN (0)
11-24 18:50:04.418  1193  1193 D NfcAdaptation: bool CNfcConfig::readConfig(const char*, bool) Opened base config /etc/libnfc-brcm.conf
11-24 18:50:04.427   204  1037 D SoftFFmpegAudio: SoftFFmpegAudio component: OMX.ffmpeg.ra.decoder mCodingType: 26 mHighResAudioEnabled: 1
11-24 18:50:04.433   204  1037 D SoftFFmpegAudio: SoftFFmpegAudio component: OMX.ffmpeg.wma.decoder mCodingType: 25 mHighResAudioEnabled: 1
11-24 18:50:04.444  1193  1193 D NfcAdaptation: const CNfcParam* CNfcConfig::find(const char*) const found SCREEN_OFF_POWER_STATE=(0x1)
11-24 18:50:04.445  1193  1193 D BrcmNfcJni: PowerSwitch::initialize: desired screen-off state=1
11-24 18:50:04.445  1193  1193 D BrcmNfcJni: register_com_android_nfc_NativeNfcManager: exit
11-24 18:50:04.446  1193  1193 D BrcmNfcJni: register_com_android_nfc_NativeNfcTag
11-24 18:50:04.448  1193  1193 D NfcAdaptation: const CNfcParam* CNfcConfig::find(const char*) const found ACTIVE_SE=(0x0)
11-24 18:50:04.448  1193  1193 D BrcmNfcJni: RoutingManager::RoutingManager(): default route is 0x00
11-24 18:50:04.448  1193  1193 D BrcmNfcJni: RoutingManager::RoutingManager(): mOffHostEe=0xF4
11-24 18:50:04.448  1193  1193 D BrcmNfcJni: RoutingManager::registerJniFunctions
11-24 18:50:04.448  1193  1193 D BrcmNfcJni: JNI_OnLoad: exit
11-24 18:50:04.448  1193  1193 D BrcmNfcJni: nfcManager_initNativeStruc: enter
11-24 18:50:04.449   786   786 I Choreographer: Skipped 171 frames!  The application may be doing too much work on its main thread.
11-24 18:50:04.449  1193  1193 D BrcmNfcJni: nfcManager_initNativeStruc: exit
11-24 18:50:04.468  1299  1299 I PrintSpoolerService: No existing print spooler state.
11-24 18:50:04.483   204  1037 D SoftFFmpegVideo: SoftFFmpegVideo component: OMX.ffmpeg.divx.decoder codingType=2130706435 appData: 0xb4c39b80
11-24 18:50:04.483   204  1037 W OMXNodeInstance: [2c:ffmpeg.divx.decoder] component does not support metadata mode; using fallback
11-24 18:50:04.491   786   812 D BluetoothManagerService: Message: 20
11-24 18:50:04.492   786   812 D BluetoothManagerService: Added callback: android.bluetooth.IBluetoothManagerCallback$Stub$Proxy@d6f9bc0:true
11-24 18:50:04.493  1193  1193 W Settings: Setting device_provisioned has moved from android.provider.Settings.Secure to android.provider.Settings.Global.
11-24 18:50:04.496   204  1037 D SoftFFmpegVideo: SoftFFmpegVideo component: OMX.ffmpeg.flv1.decoder codingType=2130706434 appData: 0xb4c39b80
11-24 18:50:04.497   204  1037 W OMXNodeInstance: [2d:ffmpeg.flv1.decoder] component does not support metadata mode; using fallback
11-24 18:50:04.512   204  1037 D SoftFFmpegVideo: SoftFFmpegVideo component: OMX.ffmpeg.mpeg2.decoder codingType=2 appData: 0xb4c39b80
11-24 18:50:04.512   204  1037 W OMXNodeInstance: [2e:ffmpeg.mpeg2.decoder] component does not support metadata mode; using fallback
11-24 18:50:04.521   204  1037 D SoftFFmpegVideo: SoftFFmpegVideo component: OMX.ffmpeg.mpeg4.decoder codingType=4 appData: 0xb4c39b80
11-24 18:50:04.521   204  1037 W OMXNodeInstance: [2f:ffmpeg.mpeg4.decoder] component does not support metadata mode; using fallback
11-24 18:50:04.527   204  1037 D SoftFFmpegVideo: SoftFFmpegVideo component: OMX.ffmpeg.rv.decoder codingType=6 appData: 0xb4c39b80
11-24 18:50:04.528   204  1037 W OMXNodeInstance: [30:ffmpeg.rv.decoder] component does not support metadata mode; using fallback
11-24 18:50:04.543   204  1037 D SoftFFmpegVideo: SoftFFmpegVideo component: OMX.ffmpeg.vc1.decoder codingType=2130706433 appData: 0xb4c39b80
11-24 18:50:04.545   204  1037 W OMXNodeInstance: [31:ffmpeg.vc1.decoder] component does not support metadata mode; using fallback
11-24 18:50:04.556   204  1037 D SoftFFmpegVideo: SoftFFmpegVideo component: OMX.ffmpeg.vtrial.decoder codingType=1 appData: 0xb4c39b80
