11-24 18:50:15.952   786   909 D ConnectivityService: Got NetworkFactory Messenger for WIFI
11-24 18:50:15.952   786   909 D ConnectivityService: Got NetworkFactory Messenger for WIFI_UT
11-24 18:50:15.992   786  1171 I ActivityManager: Start proc 1934:com.cyanogenmod.account/u0a2 for broadcast com.cyanogenmod.account/.receiver.BootReceiver
11-24 18:50:16.132   786  1171 I ActivityManager: Start proc 1962:org.cyanogenmod.bugreport/2000 for broadcast org.cyanogenmod.bugreport/.PackageChangeReceiver
11-24 18:50:16.257   786  1169 I ActivityManager: Start proc 1981:com.cyanogenmod.updater/u0a3 for broadcast com.cyanogenmod.updater/.receiver.UpdateCheckReceiver
11-24 18:50:16.416   786   803 I ActivityManager: Start proc 2009:com.android.providers.calendar/u0a4 for broadcast com.android.providers.calendar/.CalendarReceiver
11-24 18:50:16.462  2009  2009 W ResourcesManager: Asset path '/system/framework/android.test.runner.jar' does not exist or contains no resources.
11-24 18:50:16.610   786  1247 I ActivityManager: Start proc 2031:com.android.managedprovisioning/u0a11 for broadcast com.android.managedprovisioning/.BootReminder
11-24 18:50:16.912   786  1245 I ActivityManager: Start proc 2053:com.android.mms/u0a12 for broadcast com.android.mms/.transaction.MmsSystemEventReceiver
11-24 18:50:17.060   786  1297 D CountryDetector: The first listener is added
11-24 18:50:17.164   786  1244 I ActivityManager: Start proc 2092:com.android.onetimeinitializer/u0a13 for broadcast com.android.onetimeinitializer/.OneTimeInitializerReceiver
11-24 18:50:17.278   786  1298 I ActivityManager: Start proc 2125:com.android.calendar/u0a27 for broadcast com.android.calendar/.alerts.AlertReceiver
11-24 18:50:17.397   786  1169 I ActivityManager: Start proc 2151:com.android.email/u0a34 for broadcast com.android.email/.service.EmailBroadcastReceiver
11-24 18:50:17.594   786  1298 I ActivityManager: Start proc 2173:com.android.exchange/u0a35 for service com.android.exchange/.service.EasService
11-24 18:50:17.611  2151  2191 D ActivityThread: Loading provider com.android.email.provider;com.android.email.notifier: com.android.email.provider.EmailProvider
11-24 18:50:17.614  2151  2193 D ActivityThread: Loading provider com.android.email.provider;com.android.email.notifier: com.android.email.provider.EmailProvider
11-24 18:50:17.615  2151  2192 D ActivityThread: Loading provider com.android.email.provider;com.android.email.notifier: com.android.email.provider.EmailProvider
11-24 18:50:17.621  2151  2196 D ActivityThread: Loading provider com.android.email.provider;com.android.email.notifier: com.android.email.provider.EmailProvider
11-24 18:50:17.670   786  1247 I ActivityManager: Start proc 2200:com.android.gallery3d/u0a37 for broadcast com.android.gallery3d/org.codeaurora.gallery3d.video.DmReceiver
11-24 18:50:17.687   786   893 W ActivityManager: Unable to start service Intent { cmp=com.android.email/.service.AttachmentService } U=0: not found
11-24 18:50:17.687   786  1171 W ActivityManager: Unable to start service Intent { cmp=com.android.email/.service.AttachmentService } U=0: not found
11-24 18:50:17.689   786  1219 W ActivityManager: Unable to start service Intent { cmp=com.android.email/.service.AttachmentService } U=0: not found
11-24 18:50:17.702   786  1245 W ActivityManager: Unable to start service Intent { cmp=com.android.email/.service.AttachmentService } U=0: not found
11-24 18:50:17.705   786  1171 W ActivityManager: Unable to start service Intent { cmp=com.android.email/.service.AttachmentService } U=0: not found
11-24 18:50:17.715   786   803 I ActivityManager: Killing 1550:com.cyanogenmod.eleven/u0a33 (adj 15): empty #17
11-24 18:50:17.829   786   893 I ActivityManager: Start proc 2227:org.whispersystems.whisperpush/u0a60 for broadcast org.whispersystems.whisperpush/.service.DirectoryRefreshListener
11-24 18:50:17.831   786  1219 I ActivityManager: Killing 1299:com.android.printspooler/u0a51 (adj 15): empty #17
11-24 18:50:18.022   786  1171 I ActivityManager: Start proc 2247:com.qualcomm.qcrilmsgtunnel/1001 for broadcast com.qualcomm.qcrilmsgtunnel/.QcrilMsgTunnelAutoboot
11-24 18:50:18.023   786  1171 I ActivityManager: Killing 1690:com.android.cellbroadcastreceiver/u0a5 (adj 15): empty #17
11-24 18:50:18.105   786  1216 W ActivityManager: Unable to start service Intent { act=com.google.android.c2dm.intent.REGISTER pkg=com.google.android.gms (has extras) } U=0: not found
11-24 18:50:18.187   786  1216 I ActivityManager: Delay finish: com.android.calendar/.alerts.AlertReceiver
11-24 18:50:18.219   786  1297 I ActivityManager: Resuming delayed broadcast
11-24 18:50:19.798   786   786 D BackupManagerService: Received broadcast Intent { act=android.intent.action.PACKAGE_CHANGED dat=package:com.android.stk flg=0x4000010 (has extras) }
11-24 18:50:21.237   786   807 I ActivityManager: Waited long enough for: ServiceRecord{17ac5b02 u0 com.cyanogenmod.eleven/.MusicPlaybackService}
11-24 18:50:23.931   786  1171 I ActivityManager: START u0 {flg=0x10000000 cmp=com.qihoo.permmgr/com.qihoo.root.SplashActivity (has extras)} from uid 0 on display 0
11-24 18:50:27.765   786  1219 I WindowManager: Screenshot max retries 4 of Token{1dc4b452 ActivityRecord{17dc10dd u0 com.android.stk/.StkDialogActivity t2 f}} appWin=Window{29f7de77 u0 com.android.stk/com.android.stk.StkDialogActivity} drawState=4
11-24 18:50:27.808   786  1169 I ActivityManager: START u0 {flg=0x74840000 cmp=com.android.stk/.StkDialogActivity (has extras)} from uid 1001 on display 0
11-24 18:50:27.810   786  1169 V WindowManager: addAppToken: AppWindowToken{2df16a85 token=Token{199bc3fc ActivityRecord{3cf04cef u0 com.android.stk/.StkDialogActivity t3}}} to stack=1 task=3 at 0
11-24 18:50:27.882   786   893 V WindowManager: Adding window Window{2fdf23e8 u0 com.android.stk/com.android.stk.StkDialogActivity} at 2 of 7 (after Window{71b55b6 u0 com.cyanogenmod.trebuchet/com.android.launcher3.Launcher})
11-24 18:50:32.404   786   807 I ActivityManager: Waited long enough for: ServiceRecord{1e720f28 u0 com.android.calendar/.alerts.InitAlarmsService}
11-24 18:50:32.781   786   807 I ActivityManager: Waited long enough for: ServiceRecord{117d35ed u0 com.android.email/.service.LegacyImapSyncAdapterService}
11-24 18:50:33.153   786   807 I ActivityManager: Waited long enough for: ServiceRecord{3316c746 u0 com.qualcomm.qcrilmsgtunnel/.QcrilMsgTunnelService}
11-24 18:50:33.992   786  1171 I ActivityManager: START u0 {flg=0x10000000 cmp=com.qihoo.permmgr/com.qihoo.root.SplashActivity (has extras)} from uid 0 on display 0
11-24 18:50:43.938   786   803 I ActivityManager: START u0 {flg=0x10000000 cmp=com.qihoo.permmgr/com.qihoo.root.SplashActivity (has extras)} from uid 0 on display 0
11-24 18:50:47.488   786   893 I ActivityManager: Killing 1882:com.android.keychain/1000 (adj 15): empty #17
11-24 18:50:54.051   786  1244 I ActivityManager: START u0 {flg=0x10000000 cmp=com.qihoo.permmgr/com.qihoo.root.SplashActivity (has extras)} from uid 0 on display 0
11-24 18:51:04.044   786   802 I ActivityManager: START u0 {flg=0x10000000 cmp=com.qihoo.permmgr/com.qihoo.root.SplashActivity (has extras)} from uid 0 on display 0
11-24 18:51:31.041   786   786 I ValidateNoPeople: skipping global notification
11-24 18:51:31.088   786   786 D ZenLog  : intercepted: -1|android|17040859|null|1000,none
11-24 18:51:31.089   786   786 V NotificationService: pkg=android canInterrupt=false intercept=true
11-24 18:52:35.400   786  1171 I ActivityManager: START u0 {act=android.intent.action.MAIN cat=[android.intent.category.LAUNCHER] flg=0x10200000 cmp=io.github.izzyleung.zhihudailypurify/.ui.activity.MainActivity (has extras)} from uid 10019 on display 0
11-24 18:52:35.423   786  1171 V WindowManager: addAppToken: AppWindowToken{3b571bd5 token=Token{3f4f288c ActivityRecord{161729bf u0 io.github.izzyleung.zhihudailypurify/.ui.activity.MainActivity t4}}} to stack=1 task=4 at 0
11-24 18:52:35.434   786   813 V WindowManager: Adding window Window{1f7ffd24 u0 Starting io.github.izzyleung.zhihudailypurify} at 2 of 7 (after Window{71b55b6 u0 com.cyanogenmod.trebuchet/com.android.launcher3.Launcher})
11-24 18:52:35.505   786  1171 I ActivityManager: Start proc 2655:io.github.izzyleung.zhihudailypurify/u0a75 for activity io.github.izzyleung.zhihudailypurify/.ui.activity.MainActivity
11-24 18:52:35.887   786  1244 V WindowManager: Adding window Window{2a52366 u0 io.github.izzyleung.zhihudailypurify/io.github.izzyleung.zhihudailypurify.ui.activity.MainActivity} at 2 of 8 (before Window{1f7ffd24 u0 Starting io.github.izzyleung.zhihudailypurify})
11-24 18:52:41.285   786  1219 I ActivityManager: START u0 {cmp=io.github.izzyleung.zhihudailypurify/.ui.activity.PickDateActivity} from uid 10075 on display 0
11-24 18:52:41.288   786  1219 V WindowManager: addAppToken: AppWindowToken{316e34c0 token=Token{61eb643 ActivityRecord{18500ff2 u0 io.github.izzyleung.zhihudailypurify/.ui.activity.PickDateActivity t4}}} to stack=1 task=4 at 1
11-24 18:52:41.360   786  1171 V WindowManager: Adding window Window{74b393e u0 io.github.izzyleung.zhihudailypurify/io.github.izzyleung.zhihudailypurify.ui.activity.PickDateActivity} at 3 of 8 (after Window{2a52366 u0 io.github.izzyleung.zhihudailypurify/io.github.izzyleung.zhihudailypurify.ui.activity.MainActivity})
11-24 18:52:44.227   786   807 I ActivityManager: Killing 1910:com.android.dialer/u0a8 (adj 15): empty #17
11-24 18:52:47.075   786  1219 I ActivityManager: START u0 {act=android.intent.action.MAIN cat=[android.intent.category.LAUNCHER] flg=0x10200000 cmp=io.github.izzyleung.zhihudailypurify/.ui.activity.MainActivity (has extras)} from uid 10019 on display 0
11-24 18:52:47.080   786  1219 V WindowManager: addAppToken: AppWindowToken{260c591c token=Token{25f828f ActivityRecord{24566dee u0 io.github.izzyleung.zhihudailypurify/.ui.activity.MainActivity t5}}} to stack=1 task=5 at 0
11-24 18:52:47.086   786   813 V WindowManager: Adding window Window{249b3487 u0 Starting io.github.izzyleung.zhihudailypurify} at 2 of 7 (after Window{71b55b6 u0 com.cyanogenmod.trebuchet/com.android.launcher3.Launcher})
11-24 18:52:47.176   786   893 V WindowManager: Adding window Window{24b02e9e u0 io.github.izzyleung.zhihudailypurify/io.github.izzyleung.zhihudailypurify.ui.activity.MainActivity} at 2 of 8 (before Window{249b3487 u0 Starting io.github.izzyleung.zhihudailypurify})
11-24 18:52:50.604   786   936 D TaskPersister: removeObsoleteFile: deleting file=4_task.xml
11-24 18:52:50.606   786   936 D TaskPersister: removeObsoleteFile: deleting file=4_task_thumbnail.png
11-24 18:52:52.488   786  1219 I ActivityManager: START u0 {cmp=io.github.izzyleung.zhihudailypurify/.ui.activity.PickDateActivity} from uid 10075 on display 0
11-24 18:52:52.504   786  1219 V WindowManager: addAppToken: AppWindowToken{3420229b token=Token{28ec96aa ActivityRecord{3cf72595 u0 io.github.izzyleung.zhihudailypurify/.ui.activity.PickDateActivity t5}}} to stack=1 task=5 at 1
11-24 18:52:52.590   786  1169 V WindowManager: Adding window Window{25f18611 u0 io.github.izzyleung.zhihudailypurify/io.github.izzyleung.zhihudailypurify.ui.activity.PickDateActivity} at 3 of 8 (after Window{24b02e9e u0 io.github.izzyleung.zhihudailypurify/io.github.izzyleung.zhihudailypurify.ui.activity.MainActivity})
11-24 18:52:58.239   786  1244 I ActivityManager: START u0 {act=android.intent.action.MAIN cat=[android.intent.category.LAUNCHER] flg=0x10200000 cmp=io.github.izzyleung.zhihudailypurify/.ui.activity.MainActivity (has extras)} from uid 10019 on display 0
11-24 18:52:58.250   786  1244 V WindowManager: addAppToken: AppWindowToken{33bd8267 token=Token{1b5fa626 ActivityRecord{3c2f1581 u0 io.github.izzyleung.zhihudailypurify/.ui.activity.MainActivity t6}}} to stack=1 task=6 at 0
11-24 18:52:58.255   786   813 V WindowManager: Adding window Window{efb53fe u0 Starting io.github.izzyleung.zhihudailypurify} at 2 of 7 (after Window{71b55b6 u0 com.cyanogenmod.trebuchet/com.android.launcher3.Launcher})
11-24 18:52:58.350   786  1171 V WindowManager: Adding window Window{336760f1 u0 io.github.izzyleung.zhihudailypurify/io.github.izzyleung.zhihudailypurify.ui.activity.MainActivity} at 2 of 8 (before Window{efb53fe u0 Starting io.github.izzyleung.zhihudailypurify})
11-24 18:53:01.760   786   936 D TaskPersister: removeObsoleteFile: deleting file=5_task.xml
11-24 18:53:01.761   786   936 D TaskPersister: removeObsoleteFile: deleting file=5_task_thumbnail.png
11-24 18:53:03.617   786   802 I ActivityManager: START u0 {cmp=io.github.izzyleung.zhihudailypurify/.ui.activity.PickDateActivity} from uid 10075 on display 0
11-24 18:53:03.620   786   802 V WindowManager: addAppToken: AppWindowToken{13217862 token=Token{1d001b2d ActivityRecord{3ff9ae44 u0 io.github.izzyleung.zhihudailypurify/.ui.activity.PickDateActivity t6}}} to stack=1 task=6 at 1
11-24 18:53:03.729   786  1171 V WindowManager: Adding window Window{1056ab0 u0 io.github.izzyleung.zhihudailypurify/io.github.izzyleung.zhihudailypurify.ui.activity.PickDateActivity} at 3 of 8 (after Window{336760f1 u0 io.github.izzyleung.zhihudailypurify/io.github.izzyleung.zhihudailypurify.ui.activity.MainActivity})
11-24 18:53:09.484   786   802 I ActivityManager: START u0 {act=android.intent.action.MAIN cat=[android.intent.category.LAUNCHER] flg=0x10200000 cmp=io.github.izzyleung.zhihudailypurify/.ui.activity.MainActivity (has extras)} from uid 10019 on display 0
11-24 18:53:09.486   786   802 V WindowManager: addAppToken: AppWindowToken{10d4962b token=Token{5435e7a ActivityRecord{19efeaa5 u0 io.github.izzyleung.zhihudailypurify/.ui.activity.MainActivity t7}}} to stack=1 task=7 at 0
11-24 18:53:09.494   786   813 V WindowManager: Adding window Window{1f6b42d2 u0 Starting io.github.izzyleung.zhihudailypurify} at 2 of 7 (after Window{71b55b6 u0 com.cyanogenmod.trebuchet/com.android.launcher3.Launcher})
11-24 18:53:09.635   786  1169 V WindowManager: Adding window Window{3d2cbf91 u0 io.github.izzyleung.zhihudailypurify/io.github.izzyleung.zhihudailypurify.ui.activity.MainActivity} at 2 of 8 (before Window{1f6b42d2 u0 Starting io.github.izzyleung.zhihudailypurify})
11-24 18:53:13.002   786   936 D TaskPersister: removeObsoleteFile: deleting file=6_task.xml
11-24 18:53:13.002   786   936 D TaskPersister: removeObsoleteFile: deleting file=6_task_thumbnail.png
11-24 18:53:15.078   786  1298 I ActivityManager: START u0 {cmp=io.github.izzyleung.zhihudailypurify/.ui.activity.PickDateActivity} from uid 10075 on display 0
11-24 18:53:15.081   786  1298 V WindowManager: addAppToken: AppWindowToken{2f349676 token=Token{119b5511 ActivityRecord{d1fd138 u0 io.github.izzyleung.zhihudailypurify/.ui.activity.PickDateActivity t7}}} to stack=1 task=7 at 1
11-24 18:53:15.117   786  1219 I ActivityManager: Start proc 4831:com.android.printspooler/u0a51 for service com.android.printspooler/.model.PrintSpoolerService
11-24 18:53:15.190   786  1247 V WindowManager: Adding window Window{9b9a113 u0 io.github.izzyleung.zhihudailypurify/io.github.izzyleung.zhihudailypurify.ui.activity.PickDateActivity} at 3 of 8 (after Window{3d2cbf91 u0 io.github.izzyleung.zhihudailypurify/io.github.izzyleung.zhihudailypurify.ui.activity.MainActivity})
11-24 18:53:15.274   786  1247 I ProcessStatsService: Added stats: 2016-11-24-18-43-42, over +5m57s342ms
11-24 18:53:15.277   786  1247 I ProcessStatsService: Added stats: 2016-11-24-18-41-51, over +1m35s925ms
11-24 18:53:15.280   786  1247 I ProcessStatsService: Added stats: 2016-11-24-15-43-03, over +2h58m32s714ms
11-24 18:53:15.284   786  1247 I ProcessStatsService: Added stats: 2016-11-24-12-42-42, over +3h0m21s12ms
11-24 18:53:15.290   786  1247 I ProcessStatsService: Added stats: 2016-11-24-09-41-10, over +3h1m31s648ms
11-24 18:53:15.297   786  1247 I ProcessStatsService: Added stats: 2016-11-24-06-35-36, over +3h5m15s379ms
11-24 18:53:15.302   786  1247 I ProcessStatsService: Added stats: 2016-11-23-21-01-19, over +9h34m16s528ms
11-24 18:53:15.308   786  1247 I ProcessStatsService: Added stats: 2016-11-23-16-40-54, over +4h20m25s90ms
11-24 18:53:15.451   786  1247 I ProcessStatsService: Added stats: 2016-11-24-18-43-42, over +5m57s342ms
11-24 18:53:15.454   786  1247 I ProcessStatsService: Added stats: 2016-11-24-18-41-51, over +1m35s925ms
11-24 18:53:15.457   786  1247 I ProcessStatsService: Added stats: 2016-11-24-15-43-03, over +2h58m32s714ms
11-24 18:53:20.212   786  1216 I ActivityManager: Killing 1981:com.cyanogenmod.updater/u0a3 (adj 15): empty #17
11-24 18:53:20.840   786   893 I ActivityManager: START u0 {act=android.intent.action.MAIN cat=[android.intent.category.LAUNCHER] flg=0x10200000 cmp=io.github.izzyleung.zhihudailypurify/.ui.activity.MainActivity (has extras)} from uid 10019 on display 0
11-24 18:53:20.843   786   893 V WindowManager: addAppToken: AppWindowToken{1ca3fa0d token=Token{19183ca4 ActivityRecord{2d361f37 u0 io.github.izzyleung.zhihudailypurify/.ui.activity.MainActivity t8}}} to stack=1 task=8 at 0
11-24 18:53:20.855   786   813 V WindowManager: Adding window Window{1ba47c3c u0 Starting io.github.izzyleung.zhihudailypurify} at 2 of 7 (after Window{71b55b6 u0 com.cyanogenmod.trebuchet/com.android.launcher3.Launcher})
11-24 18:53:20.987   786  1169 V WindowManager: Adding window Window{3f29fbc3 u0 io.github.izzyleung.zhihudailypurify/io.github.izzyleung.zhihudailypurify.ui.activity.MainActivity} at 2 of 8 (before Window{1ba47c3c u0 Starting io.github.izzyleung.zhihudailypurify})
11-24 18:53:22.572   786  1247 I ProcessStatsService: Added stats: 2016-11-24-18-43-42, over +5m57s342ms
11-24 18:53:22.575   786  1247 I ProcessStatsService: Added stats: 2016-11-24-18-41-51, over +1m35s925ms
11-24 18:53:22.579   786  1247 I ProcessStatsService: Added stats: 2016-11-24-15-43-03, over +2h58m32s714ms
11-24 18:53:22.583   786  1247 I ProcessStatsService: Added stats: 2016-11-24-12-42-42, over +3h0m21s12ms
11-24 18:53:22.589   786  1247 I ProcessStatsService: Added stats: 2016-11-24-09-41-10, over +3h1m31s648ms
11-24 18:53:22.594   786  1247 I ProcessStatsService: Added stats: 2016-11-24-06-35-36, over +3h5m15s379ms
11-24 18:53:22.598   786  1247 I ProcessStatsService: Added stats: 2016-11-23-21-01-19, over +9h34m16s528ms
11-24 18:53:22.602   786  1247 I ProcessStatsService: Added stats: 2016-11-23-16-40-54, over +4h20m25s90ms
11-24 18:53:22.629   786  1247 I ProcessStatsService: Added stats: 2016-11-24-18-43-42, over +5m57s342ms
11-24 18:53:22.632   786  1247 I ProcessStatsService: Added stats: 2016-11-24-18-41-51, over +1m35s925ms
11-24 18:53:22.635   786  1247 I ProcessStatsService: Added stats: 2016-11-24-15-43-03, over +2h58m32s714ms
11-24 18:53:24.356   786   936 D TaskPersister: removeObsoleteFile: deleting file=7_task.xml
11-24 18:53:24.356   786   936 D TaskPersister: removeObsoleteFile: deleting file=7_task_thumbnail.png
11-24 18:53:26.341   786  1244 I ActivityManager: START u0 {cmp=io.github.izzyleung.zhihudailypurify/.ui.activity.PickDateActivity} from uid 10075 on display 0
11-24 18:53:26.351   786  1244 V WindowManager: addAppToken: AppWindowToken{1d6c6c token=Token{ca6911f ActivityRecord{12cd5cbe u0 io.github.izzyleung.zhihudailypurify/.ui.activity.PickDateActivity t8}}} to stack=1 task=8 at 1
11-24 18:53:26.453   786  1244 V WindowManager: Adding window Window{77e86ca u0 io.github.izzyleung.zhihudailypurify/io.github.izzyleung.zhihudailypurify.ui.activity.PickDateActivity} at 3 of 8 (after Window{3f29fbc3 u0 io.github.izzyleung.zhihudailypurify/io.github.izzyleung.zhihudailypurify.ui.activity.MainActivity})
11-24 18:53:32.112   786  1247 I ActivityManager: START u0 {act=android.intent.action.MAIN cat=[android.intent.category.LAUNCHER] flg=0x10200000 cmp=io.github.izzyleung.zhihudailypurify/.ui.activity.MainActivity (has extras)} from uid 10019 on display 0
11-24 18:53:32.120   786  1247 V WindowManager: addAppToken: AppWindowToken{26c9d288 token=Token{22a28e2b ActivityRecord{162e367a u0 io.github.izzyleung.zhihudailypurify/.ui.activity.MainActivity t9}}} to stack=1 task=9 at 0
11-24 18:53:32.131   786   813 V WindowManager: Adding window Window{1e0897a3 u0 Starting io.github.izzyleung.zhihudailypurify} at 2 of 7 (after Window{71b55b6 u0 com.cyanogenmod.trebuchet/com.android.launcher3.Launcher})
11-24 18:53:32.214   786  1169 V WindowManager: Adding window Window{171846f6 u0 io.github.izzyleung.zhihudailypurify/io.github.izzyleung.zhihudailypurify.ui.activity.MainActivity} at 2 of 8 (before Window{1e0897a3 u0 Starting io.github.izzyleung.zhihudailypurify})
11-24 18:53:35.638   786   936 D TaskPersister: removeObsoleteFile: deleting file=8_task.xml
11-24 18:53:35.639   786   936 D TaskPersister: removeObsoleteFile: deleting file=8_task_thumbnail.png
11-24 18:53:37.550   786  1247 I ActivityManager: START u0 {cmp=io.github.izzyleung.zhihudailypurify/.ui.activity.PickDateActivity} from uid 10075 on display 0
11-24 18:53:37.564   786  1247 V WindowManager: addAppToken: AppWindowToken{151eaf93 token=Token{7f9dc82 ActivityRecord{3568fbcd u0 io.github.izzyleung.zhihudailypurify/.ui.activity.PickDateActivity t9}}} to stack=1 task=9 at 1
11-24 18:53:37.702   786  1219 V WindowManager: Adding window Window{341687c9 u0 io.github.izzyleung.zhihudailypurify/io.github.izzyleung.zhihudailypurify.ui.activity.PickDateActivity} at 3 of 8 (after Window{171846f6 u0 io.github.izzyleung.zhihudailypurify/io.github.izzyleung.zhihudailypurify.ui.activity.MainActivity})
11-24 18:53:43.452   786  1216 I ActivityManager: START u0 {act=android.intent.action.MAIN cat=[android.intent.category.LAUNCHER] flg=0x10200000 cmp=io.github.izzyleung.zhihudailypurify/.ui.activity.MainActivity (has extras)} from uid 10019 on display 0
11-24 18:53:43.460   786  1216 V WindowManager: addAppToken: AppWindowToken{161f4df token=Token{3b0cf77e ActivityRecord{2dd3f539 u0 io.github.izzyleung.zhihudailypurify/.ui.activity.MainActivity t10}}} to stack=1 task=10 at 0
11-24 18:53:43.469   786   813 V WindowManager: Adding window Window{3f267856 u0 Starting io.github.izzyleung.zhihudailypurify} at 2 of 7 (after Window{71b55b6 u0 com.cyanogenmod.trebuchet/com.android.launcher3.Launcher})
11-24 18:53:43.551   786  1219 V WindowManager: Adding window Window{2f3f9ea9 u0 io.github.izzyleung.zhihudailypurify/io.github.izzyleung.zhihudailypurify.ui.activity.MainActivity} at 2 of 8 (before Window{3f267856 u0 Starting io.github.izzyleung.zhihudailypurify})
11-24 18:53:46.976   786   936 D TaskPersister: removeObsoleteFile: deleting file=9_task.xml
11-24 18:53:46.977   786   936 D TaskPersister: removeObsoleteFile: deleting file=9_task_thumbnail.png
11-24 18:53:48.854   786  1297 I ActivityManager: START u0 {cmp=io.github.izzyleung.zhihudailypurify/.ui.activity.PickDateActivity} from uid 10075 on display 0
11-24 18:53:48.865   786  1297 V WindowManager: addAppToken: AppWindowToken{1fbbed3a token=Token{1f4a7c65 ActivityRecord{8715c u0 io.github.izzyleung.zhihudailypurify/.ui.activity.PickDateActivity t10}}} to stack=1 task=10 at 1
11-24 18:53:48.938   786  1245 V WindowManager: Adding window Window{37594748 u0 io.github.izzyleung.zhihudailypurify/io.github.izzyleung.zhihudailypurify.ui.activity.PickDateActivity} at 3 of 8 (after Window{2f3f9ea9 u0 io.github.izzyleung.zhihudailypurify/io.github.izzyleung.zhihudailypurify.ui.activity.MainActivity})
11-24 18:53:54.607   786  1298 I ActivityManager: START u0 {act=android.intent.action.MAIN cat=[android.intent.category.LAUNCHER] flg=0x10200000 cmp=io.github.izzyleung.zhihudailypurify/.ui.activity.MainActivity (has extras)} from uid 10019 on display 0
11-24 18:53:54.630   786  1298 V WindowManager: addAppToken: AppWindowToken{968d9b6 token=Token{3b359d51 ActivityRecord{d911278 u0 io.github.izzyleung.zhihudailypurify/.ui.activity.MainActivity t11}}} to stack=1 task=11 at 0
11-24 18:53:54.636   786   813 V WindowManager: Adding window Window{30fda589 u0 Starting io.github.izzyleung.zhihudailypurify} at 2 of 7 (after Window{71b55b6 u0 com.cyanogenmod.trebuchet/com.android.launcher3.Launcher})
11-24 18:53:54.720   786  1247 V WindowManager: Adding window Window{28aa09a8 u0 io.github.izzyleung.zhihudailypurify/io.github.izzyleung.zhihudailypurify.ui.activity.MainActivity} at 2 of 8 (before Window{30fda589 u0 Starting io.github.izzyleung.zhihudailypurify})
11-24 18:53:58.143   786   936 D TaskPersister: removeObsoleteFile: deleting file=10_task.xml
11-24 18:53:58.144   786   936 D TaskPersister: removeObsoleteFile: deleting file=10_task_thumbnail.png
11-24 18:54:00.059   786  1247 I ActivityManager: START u0 {cmp=io.github.izzyleung.zhihudailypurify/.ui.activity.PickDateActivity} from uid 10075 on display 0
11-24 18:54:00.070   786  1247 V WindowManager: addAppToken: AppWindowToken{1b8e23fd token=Token{e6a1854 ActivityRecord{3d5c5ba7 u0 io.github.izzyleung.zhihudailypurify/.ui.activity.PickDateActivity t11}}} to stack=1 task=11 at 1
11-24 18:54:00.155   786  1169 V WindowManager: Adding window Window{22e90b43 u0 io.github.izzyleung.zhihudailypurify/io.github.izzyleung.zhihudailypurify.ui.activity.PickDateActivity} at 3 of 8 (after Window{28aa09a8 u0 io.github.izzyleung.zhihudailypurify/io.github.izzyleung.zhihudailypurify.ui.activity.MainActivity})
11-24 18:54:05.886   786  1169 I ActivityManager: START u0 {act=android.intent.action.MAIN cat=[android.intent.category.LAUNCHER] flg=0x10200000 cmp=io.github.izzyleung.zhihudailypurify/.ui.activity.MainActivity (has extras)} from uid 10019 on display 0
11-24 18:54:05.895   786  1169 V WindowManager: addAppToken: AppWindowToken{6889c69 token=Token{1dd2bef0 ActivityRecord{11534b33 u0 io.github.izzyleung.zhihudailypurify/.ui.activity.MainActivity t12}}} to stack=1 task=12 at 0
11-24 18:54:05.901   786   813 V WindowManager: Adding window Window{1ecb7c08 u0 Starting io.github.izzyleung.zhihudailypurify} at 2 of 7 (after Window{71b55b6 u0 com.cyanogenmod.trebuchet/com.android.launcher3.Launcher})
11-24 18:54:05.982   786  1171 V WindowManager: Adding window Window{17856723 u0 io.github.izzyleung.zhihudailypurify/io.github.izzyleung.zhihudailypurify.ui.activity.MainActivity} at 2 of 8 (before Window{1ecb7c08 u0 Starting io.github.izzyleung.zhihudailypurify})
11-24 18:54:09.411   786   936 D TaskPersister: removeObsoleteFile: deleting file=11_task.xml
11-24 18:54:09.413   786   936 D TaskPersister: removeObsoleteFile: deleting file=11_task_thumbnail.png
11-24 18:54:11.280   786  1169 I ActivityManager: START u0 {cmp=io.github.izzyleung.zhihudailypurify/.ui.activity.PickDateActivity} from uid 10075 on display 0
11-24 18:54:11.290   786  1169 V WindowManager: addAppToken: AppWindowToken{2b79024c token=Token{93d527f ActivityRecord{1c2ac79e u0 io.github.izzyleung.zhihudailypurify/.ui.activity.PickDateActivity t12}}} to stack=1 task=12 at 1
11-24 18:54:11.384   786   893 V WindowManager: Adding window Window{3ff7bfaa u0 io.github.izzyleung.zhihudailypurify/io.github.izzyleung.zhihudailypurify.ui.activity.PickDateActivity} at 3 of 8 (after Window{17856723 u0 io.github.izzyleung.zhihudailypurify/io.github.izzyleung.zhihudailypurify.ui.activity.MainActivity})
11-24 18:54:17.052   786  1216 I ActivityManager: START u0 {act=android.intent.action.MAIN cat=[android.intent.category.LAUNCHER] flg=0x10200000 cmp=io.github.izzyleung.zhihudailypurify/.ui.activity.MainActivity (has extras)} from uid 10019 on display 0
11-24 18:54:17.060   786  1216 V WindowManager: addAppToken: AppWindowToken{2fd59e68 token=Token{1d509d8b ActivityRecord{2157675a u0 io.github.izzyleung.zhihudailypurify/.ui.activity.MainActivity t13}}} to stack=1 task=13 at 0
11-24 18:54:17.069   786   813 V WindowManager: Adding window Window{33bd3303 u0 Starting io.github.izzyleung.zhihudailypurify} at 2 of 7 (after Window{71b55b6 u0 com.cyanogenmod.trebuchet/com.android.launcher3.Launcher})
11-24 18:54:17.154   786  1297 V WindowManager: Adding window Window{39885b0a u0 io.github.izzyleung.zhihudailypurify/io.github.izzyleung.zhihudailypurify.ui.activity.MainActivity} at 2 of 8 (before Window{33bd3303 u0 Starting io.github.izzyleung.zhihudailypurify})
11-24 18:54:20.590   786   936 D TaskPersister: removeObsoleteFile: deleting file=12_task.xml
11-24 18:54:20.591   786   936 D TaskPersister: removeObsoleteFile: deleting file=12_task_thumbnail.png
11-24 18:54:22.448   786  1245 I ActivityManager: START u0 {cmp=io.github.izzyleung.zhihudailypurify/.ui.activity.PickDateActivity} from uid 10075 on display 0
11-24 18:54:22.457   786  1245 V WindowManager: addAppToken: AppWindowToken{c0d1857 token=Token{3bd91dd6 ActivityRecord{2b29ddf1 u0 io.github.izzyleung.zhihudailypurify/.ui.activity.PickDateActivity t13}}} to stack=1 task=13 at 1
11-24 18:54:22.535   786  1219 V WindowManager: Adding window Window{3aed682d u0 io.github.izzyleung.zhihudailypurify/io.github.izzyleung.zhihudailypurify.ui.activity.PickDateActivity} at 3 of 8 (after Window{39885b0a u0 io.github.izzyleung.zhihudailypurify/io.github.izzyleung.zhihudailypurify.ui.activity.MainActivity})
11-24 18:54:28.214   786  1171 I ActivityManager: START u0 {act=android.intent.action.MAIN cat=[android.intent.category.LAUNCHER] flg=0x10200000 cmp=io.github.izzyleung.zhihudailypurify/.ui.activity.MainActivity (has extras)} from uid 10019 on display 0
11-24 18:54:28.225   786  1171 V WindowManager: addAppToken: AppWindowToken{a086ee3 token=Token{1ba0c712 ActivityRecord{11a5b69d u0 io.github.izzyleung.zhihudailypurify/.ui.activity.MainActivity t14}}} to stack=1 task=14 at 0
11-24 18:54:28.229   786   813 V WindowManager: Adding window Window{12ca266a u0 Starting io.github.izzyleung.zhihudailypurify} at 2 of 7 (after Window{71b55b6 u0 com.cyanogenmod.trebuchet/com.android.launcher3.Launcher})
11-24 18:54:28.313   786  1219 V WindowManager: Adding window Window{906810d u0 io.github.izzyleung.zhihudailypurify/io.github.izzyleung.zhihudailypurify.ui.activity.MainActivity} at 2 of 8 (before Window{12ca266a u0 Starting io.github.izzyleung.zhihudailypurify})
11-24 18:54:31.742   786   936 D TaskPersister: removeObsoleteFile: deleting file=13_task.xml
11-24 18:54:31.744   786   936 D TaskPersister: removeObsoleteFile: deleting file=13_task_thumbnail.png
11-24 18:54:33.665   786  1298 I ActivityManager: START u0 {cmp=io.github.izzyleung.zhihudailypurify/.ui.activity.PickDateActivity} from uid 10075 on display 0
11-24 18:54:33.685   786  1298 V WindowManager: addAppToken: AppWindowToken{20afff0e token=Token{6272109 ActivityRecord{12bbf210 u0 io.github.izzyleung.zhihudailypurify/.ui.activity.PickDateActivity t14}}} to stack=1 task=14 at 1
11-24 18:54:33.795   786   893 V WindowManager: Adding window Window{1e561f3c u0 io.github.izzyleung.zhihudailypurify/io.github.izzyleung.zhihudailypurify.ui.activity.PickDateActivity} at 3 of 8 (after Window{906810d u0 io.github.izzyleung.zhihudailypurify/io.github.izzyleung.zhihudailypurify.ui.activity.MainActivity})
11-24 18:54:39.537   786  1245 I ActivityManager: START u0 {act=android.intent.action.MAIN cat=[android.intent.category.LAUNCHER] flg=0x10200000 cmp=io.github.izzyleung.zhihudailypurify/.ui.activity.MainActivity (has extras)} from uid 10019 on display 0
11-24 18:54:39.545   786  1245 V WindowManager: addAppToken: AppWindowToken{1c1521ca token=Token{2dcc6935 ActivityRecord{3ffdcf6c u0 io.github.izzyleung.zhihudailypurify/.ui.activity.MainActivity t15}}} to stack=1 task=15 at 0
11-24 18:54:39.556   786   813 V WindowManager: Adding window Window{31dd89ed u0 Starting io.github.izzyleung.zhihudailypurify} at 2 of 7 (after Window{71b55b6 u0 com.cyanogenmod.trebuchet/com.android.launcher3.Launcher})
11-24 18:54:39.638   786  1216 V WindowManager: Adding window Window{18c9eb9c u0 io.github.izzyleung.zhihudailypurify/io.github.izzyleung.zhihudailypurify.ui.activity.MainActivity} at 2 of 8 (before Window{31dd89ed u0 Starting io.github.izzyleung.zhihudailypurify})
11-24 18:54:43.062   786   936 D TaskPersister: removeObsoleteFile: deleting file=14_task.xml
11-24 18:54:43.063   786   936 D TaskPersister: removeObsoleteFile: deleting file=14_task_thumbnail.png
11-24 18:54:44.921   786  1244 I ActivityManager: START u0 {cmp=io.github.izzyleung.zhihudailypurify/.ui.activity.PickDateActivity} from uid 10075 on display 0
11-24 18:54:44.934   786  1244 V WindowManager: addAppToken: AppWindowToken{21279b21 token=Token{35582588 ActivityRecord{1fa4d2b u0 io.github.izzyleung.zhihudailypurify/.ui.activity.PickDateActivity t15}}} to stack=1 task=15 at 1
11-24 18:54:45.011   786  1244 V WindowManager: Adding window Window{2d4e9107 u0 io.github.izzyleung.zhihudailypurify/io.github.izzyleung.zhihudailypurify.ui.activity.PickDateActivity} at 3 of 8 (after Window{18c9eb9c u0 io.github.izzyleung.zhihudailypurify/io.github.izzyleung.zhihudailypurify.ui.activity.MainActivity})
11-24 18:54:50.760   786  1219 I ActivityManager: START u0 {act=android.intent.action.MAIN cat=[android.intent.category.LAUNCHER] flg=0x10200000 cmp=io.github.izzyleung.zhihudailypurify/.ui.activity.MainActivity (has extras)} from uid 10019 on display 0
11-24 18:54:50.770   786  1219 V WindowManager: addAppToken: AppWindowToken{b2a82cd token=Token{6747064 ActivityRecord{1bd7c9f7 u0 io.github.izzyleung.zhihudailypurify/.ui.activity.MainActivity t16}}} to stack=1 task=16 at 0
11-24 18:54:50.778   786   813 V WindowManager: Adding window Window{325b67fc u0 Starting io.github.izzyleung.zhihudailypurify} at 2 of 7 (after Window{71b55b6 u0 com.cyanogenmod.trebuchet/com.android.launcher3.Launcher})
11-24 18:54:50.861   786  1171 V WindowManager: Adding window Window{38591ee7 u0 io.github.izzyleung.zhihudailypurify/io.github.izzyleung.zhihudailypurify.ui.activity.MainActivity} at 2 of 8 (before Window{325b67fc u0 Starting io.github.izzyleung.zhihudailypurify})
11-24 18:54:54.295   786   936 D TaskPersister: removeObsoleteFile: deleting file=15_task.xml
11-24 18:54:54.296   786   936 D TaskPersister: removeObsoleteFile: deleting file=15_task_thumbnail.png
11-24 18:54:56.170   786  1247 I ActivityManager: START u0 {cmp=io.github.izzyleung.zhihudailypurify/.ui.activity.PickDateActivity} from uid 10075 on display 0
11-24 18:54:56.179   786  1247 V WindowManager: addAppToken: AppWindowToken{7deec00 token=Token{60ec283 ActivityRecord{783a532 u0 io.github.izzyleung.zhihudailypurify/.ui.activity.PickDateActivity t16}}} to stack=1 task=16 at 1
11-24 18:54:56.262   786  1247 V WindowManager: Adding window Window{42e27e u0 io.github.izzyleung.zhihudailypurify/io.github.izzyleung.zhihudailypurify.ui.activity.PickDateActivity} at 3 of 8 (after Window{38591ee7 u0 io.github.izzyleung.zhihudailypurify/io.github.izzyleung.zhihudailypurify.ui.activity.MainActivity})
11-24 18:55:01.989   786  1171 I ActivityManager: START u0 {act=android.intent.action.MAIN cat=[android.intent.category.LAUNCHER] flg=0x10200000 cmp=io.github.izzyleung.zhihudailypurify/.ui.activity.MainActivity (has extras)} from uid 10019 on display 0
11-24 18:55:02.000   786  1171 V WindowManager: addAppToken: AppWindowToken{2ba2945c token=Token{3048a2cf ActivityRecord{102ae72e u0 io.github.izzyleung.zhihudailypurify/.ui.activity.MainActivity t17}}} to stack=1 task=17 at 0
11-24 18:55:02.006   786   813 V WindowManager: Adding window Window{3a001cc7 u0 Starting io.github.izzyleung.zhihudailypurify} at 2 of 7 (after Window{71b55b6 u0 com.cyanogenmod.trebuchet/com.android.launcher3.Launcher})
11-24 18:55:02.097   786  1219 V WindowManager: Adding window Window{1c3577de u0 io.github.izzyleung.zhihudailypurify/io.github.izzyleung.zhihudailypurify.ui.activity.MainActivity} at 2 of 8 (before Window{3a001cc7 u0 Starting io.github.izzyleung.zhihudailypurify})
11-24 18:55:05.517   786   936 D TaskPersister: removeObsoleteFile: deleting file=16_task.xml
11-24 18:55:05.519   786   936 D TaskPersister: removeObsoleteFile: deleting file=16_task_thumbnail.png
11-24 18:55:07.405   786  1171 I ActivityManager: START u0 {cmp=io.github.izzyleung.zhihudailypurify/.ui.activity.PickDateActivity} from uid 10075 on display 0
11-24 18:55:07.417   786  1171 V WindowManager: addAppToken: AppWindowToken{3cbc96db token=Token{2f9d33ea ActivityRecord{243eefd5 u0 io.github.izzyleung.zhihudailypurify/.ui.activity.PickDateActivity t17}}} to stack=1 task=17 at 1
11-24 18:55:07.510   786  1298 V WindowManager: Adding window Window{1c8bb451 u0 io.github.izzyleung.zhihudailypurify/io.github.izzyleung.zhihudailypurify.ui.activity.PickDateActivity} at 3 of 8 (after Window{1c3577de u0 io.github.izzyleung.zhihudailypurify/io.github.izzyleung.zhihudailypurify.ui.activity.MainActivity})
11-24 18:55:10.979   786   802 I ActivityManager: Killing 1618:com.cyanogenmod.eleven:main/u0a33 (adj 15): empty #17
11-24 18:55:13.302   786  1298 I ActivityManager: START u0 {act=android.intent.action.MAIN cat=[android.intent.category.LAUNCHER] flg=0x10200000 cmp=io.github.izzyleung.zhihudailypurify/.ui.activity.MainActivity (has extras)} from uid 10019 on display 0
11-24 18:55:13.310   786  1298 V WindowManager: addAppToken: AppWindowToken{193b8aa7 token=Token{deba766 ActivityRecord{19d153c1 u0 io.github.izzyleung.zhihudailypurify/.ui.activity.MainActivity t18}}} to stack=1 task=18 at 0
11-24 18:55:13.319   786   813 V WindowManager: Adding window Window{1c5e3d3e u0 Starting io.github.izzyleung.zhihudailypurify} at 2 of 7 (after Window{71b55b6 u0 com.cyanogenmod.trebuchet/com.android.launcher3.Launcher})
11-24 18:55:13.396   786  1216 V WindowManager: Adding window Window{1235af31 u0 io.github.izzyleung.zhihudailypurify/io.github.izzyleung.zhihudailypurify.ui.activity.MainActivity} at 2 of 8 (before Window{1c5e3d3e u0 Starting io.github.izzyleung.zhihudailypurify})
11-24 18:55:16.828   786   936 D TaskPersister: removeObsoleteFile: deleting file=17_task.xml
11-24 18:55:16.834   786   936 D TaskPersister: removeObsoleteFile: deleting file=17_task_thumbnail.png
11-24 18:55:18.335   786   809 W ProcessCpuTracker: Skipping unknown process pid 5790
11-24 18:55:18.335   786   809 W ProcessCpuTracker: Skipping unknown process pid 5791
11-24 18:55:18.335   786   809 W ProcessCpuTracker: Skipping unknown process pid 5793
11-24 18:55:18.336   786   809 W ProcessCpuTracker: Skipping unknown process pid 5794
11-24 18:55:18.336   786   809 W ProcessCpuTracker: Skipping unknown process pid 5795
11-24 18:55:18.692   786  1171 I ActivityManager: START u0 {cmp=io.github.izzyleung.zhihudailypurify/.ui.activity.PickDateActivity} from uid 10075 on display 0
11-24 18:55:18.711   786  1171 V WindowManager: addAppToken: AppWindowToken{268c1da2 token=Token{17050d6d ActivityRecord{3e8e0184 u0 io.github.izzyleung.zhihudailypurify/.ui.activity.PickDateActivity t18}}} to stack=1 task=18 at 1
11-24 18:55:18.812   786  1171 V WindowManager: Adding window Window{31abb1f0 u0 io.github.izzyleung.zhihudailypurify/io.github.izzyleung.zhihudailypurify.ui.activity.PickDateActivity} at 3 of 8 (after Window{1235af31 u0 io.github.izzyleung.zhihudailypurify/io.github.izzyleung.zhihudailypurify.ui.activity.MainActivity})
11-24 18:55:24.513   786  1219 I ActivityManager: START u0 {act=android.intent.action.MAIN cat=[android.intent.category.LAUNCHER] flg=0x10200000 cmp=io.github.izzyleung.zhihudailypurify/.ui.activity.MainActivity (has extras)} from uid 10019 on display 0
11-24 18:55:24.522   786  1219 V WindowManager: addAppToken: AppWindowToken{3795329e token=Token{17f9a8d9 ActivityRecord{22c77720 u0 io.github.izzyleung.zhihudailypurify/.ui.activity.MainActivity t19}}} to stack=1 task=19 at 0
11-24 18:55:24.528   786   813 V WindowManager: Adding window Window{18b69a11 u0 Starting io.github.izzyleung.zhihudailypurify} at 2 of 7 (after Window{71b55b6 u0 com.cyanogenmod.trebuchet/com.android.launcher3.Launcher})
11-24 18:55:24.607   786  1219 V WindowManager: Adding window Window{1eb6e850 u0 io.github.izzyleung.zhihudailypurify/io.github.izzyleung.zhihudailypurify.ui.activity.MainActivity} at 2 of 8 (before Window{18b69a11 u0 Starting io.github.izzyleung.zhihudailypurify})
11-24 18:55:28.040   786   936 D TaskPersister: removeObsoleteFile: deleting file=18_task.xml
11-24 18:55:28.040   786   936 D TaskPersister: removeObsoleteFile: deleting file=18_task_thumbnail.png
11-24 18:55:29.912   786   893 I ActivityManager: START u0 {cmp=io.github.izzyleung.zhihudailypurify/.ui.activity.PickDateActivity} from uid 10075 on display 0
11-24 18:55:29.925   786   893 V WindowManager: addAppToken: AppWindowToken{1ae67205 token=Token{2faa397c ActivityRecord{2001286f u0 io.github.izzyleung.zhihudailypurify/.ui.activity.PickDateActivity t19}}} to stack=1 task=19 at 1
11-24 18:55:30.030   786  1247 V WindowManager: Adding window Window{2e21dc8b u0 io.github.izzyleung.zhihudailypurify/io.github.izzyleung.zhihudailypurify.ui.activity.PickDateActivity} at 3 of 8 (after Window{1eb6e850 u0 io.github.izzyleung.zhihudailypurify/io.github.izzyleung.zhihudailypurify.ui.activity.MainActivity})
11-24 18:55:35.741   786   802 I ActivityManager: START u0 {act=android.intent.action.MAIN cat=[android.intent.category.LAUNCHER] flg=0x10200000 cmp=io.github.izzyleung.zhihudailypurify/.ui.activity.MainActivity (has extras)} from uid 10019 on display 0
11-24 18:55:35.749   786   802 V WindowManager: addAppToken: AppWindowToken{64674f1 token=Token{33c60498 ActivityRecord{11a6fe7b u0 io.github.izzyleung.zhihudailypurify/.ui.activity.MainActivity t20}}} to stack=1 task=20 at 0
11-24 18:55:35.753   786   813 V WindowManager: Adding window Window{16dcceb0 u0 Starting io.github.izzyleung.zhihudailypurify} at 2 of 7 (after Window{71b55b6 u0 com.cyanogenmod.trebuchet/com.android.launcher3.Launcher})
11-24 18:55:35.844   786  1245 V WindowManager: Adding window Window{22707c6b u0 io.github.izzyleung.zhihudailypurify/io.github.izzyleung.zhihudailypurify.ui.activity.MainActivity} at 2 of 8 (before Window{16dcceb0 u0 Starting io.github.izzyleung.zhihudailypurify})
11-24 18:55:39.271   786   936 D TaskPersister: removeObsoleteFile: deleting file=19_task.xml
11-24 18:55:39.272   786   936 D TaskPersister: removeObsoleteFile: deleting file=19_task_thumbnail.png
11-24 18:55:41.160   786  1219 I ActivityManager: START u0 {cmp=io.github.izzyleung.zhihudailypurify/.ui.activity.PickDateActivity} from uid 10075 on display 0
11-24 18:55:41.172   786  1219 V WindowManager: addAppToken: AppWindowToken{1dc15474 token=Token{12187447 ActivityRecord{1c29b386 u0 io.github.izzyleung.zhihudailypurify/.ui.activity.PickDateActivity t20}}} to stack=1 task=20 at 1
11-24 18:55:41.265   786  1169 V WindowManager: Adding window Window{2e5d8212 u0 io.github.izzyleung.zhihudailypurify/io.github.izzyleung.zhihudailypurify.ui.activity.PickDateActivity} at 3 of 8 (after Window{22707c6b u0 io.github.izzyleung.zhihudailypurify/io.github.izzyleung.zhihudailypurify.ui.activity.MainActivity})
11-24 18:55:46.957   786  1297 I ActivityManager: START u0 {act=android.intent.action.MAIN cat=[android.intent.category.LAUNCHER] flg=0x10200000 cmp=io.github.izzyleung.zhihudailypurify/.ui.activity.MainActivity (has extras)} from uid 10019 on display 0
11-24 18:55:46.966   786  1297 V WindowManager: addAppToken: AppWindowToken{1d356510 token=Token{2ede35d3 ActivityRecord{50693c2 u0 io.github.izzyleung.zhihudailypurify/.ui.activity.MainActivity t21}}} to stack=1 task=21 at 0
11-24 18:55:46.972   786   813 V WindowManager: Adding window Window{3ccc8c4b u0 Starting io.github.izzyleung.zhihudailypurify} at 2 of 7 (after Window{71b55b6 u0 com.cyanogenmod.trebuchet/com.android.launcher3.Launcher})
11-24 18:55:47.050   786  1245 V WindowManager: Adding window Window{34af7172 u0 io.github.izzyleung.zhihudailypurify/io.github.izzyleung.zhihudailypurify.ui.activity.MainActivity} at 2 of 8 (before Window{3ccc8c4b u0 Starting io.github.izzyleung.zhihudailypurify})
11-24 18:55:50.488   786   936 D TaskPersister: removeObsoleteFile: deleting file=20_task.xml
11-24 18:55:50.489   786   936 D TaskPersister: removeObsoleteFile: deleting file=20_task_thumbnail.png
11-24 18:55:52.328   786   802 I ActivityManager: START u0 {cmp=io.github.izzyleung.zhihudailypurify/.ui.activity.PickDateActivity} from uid 10075 on display 0
11-24 18:55:52.340   786   802 V WindowManager: addAppToken: AppWindowToken{3212af1f token=Token{3ff32be ActivityRecord{23091579 u0 io.github.izzyleung.zhihudailypurify/.ui.activity.PickDateActivity t21}}} to stack=1 task=21 at 1
11-24 18:55:52.446   786  1219 V WindowManager: Adding window Window{2a7c9035 u0 io.github.izzyleung.zhihudailypurify/io.github.izzyleung.zhihudailypurify.ui.activity.PickDateActivity} at 3 of 8 (after Window{34af7172 u0 io.github.izzyleung.zhihudailypurify/io.github.izzyleung.zhihudailypurify.ui.activity.MainActivity})
11-24 18:55:57.350   786   809 W ProcessCpuTracker: Skipping unknown process pid 6001
11-24 18:55:57.350   786   809 W ProcessCpuTracker: Skipping unknown process pid 6002
11-24 18:55:57.351   786   809 W ProcessCpuTracker: Skipping unknown process pid 6004
11-24 18:55:57.351   786   809 W ProcessCpuTracker: Skipping unknown process pid 6022
11-24 18:55:57.351   786   809 W ProcessCpuTracker: Skipping unknown process pid 6023
11-24 18:55:58.159   786  1298 I ActivityManager: START u0 {act=android.intent.action.MAIN cat=[android.intent.category.LAUNCHER] flg=0x10200000 cmp=io.github.izzyleung.zhihudailypurify/.ui.activity.MainActivity (has extras)} from uid 10019 on display 0
11-24 18:55:58.160   786  1298 V WindowManager: addAppToken: AppWindowToken{30ae0c2b token=Token{3b60ec7a ActivityRecord{32f2f0a5 u0 io.github.izzyleung.zhihudailypurify/.ui.activity.MainActivity t22}}} to stack=1 task=22 at 0
11-24 18:55:58.165   786   813 V WindowManager: Adding window Window{2dec90d2 u0 Starting io.github.izzyleung.zhihudailypurify} at 2 of 7 (after Window{71b55b6 u0 com.cyanogenmod.trebuchet/com.android.launcher3.Launcher})
11-24 18:55:58.245   786  1216 V WindowManager: Adding window Window{38ba4d15 u0 io.github.izzyleung.zhihudailypurify/io.github.izzyleung.zhihudailypurify.ui.activity.MainActivity} at 2 of 8 (before Window{2dec90d2 u0 Starting io.github.izzyleung.zhihudailypurify})
11-24 18:56:01.677   786   936 D TaskPersister: removeObsoleteFile: deleting file=21_task.xml
11-24 18:56:01.679   786   936 D TaskPersister: removeObsoleteFile: deleting file=21_task_thumbnail.png
11-24 18:56:03.575   786  1219 I ActivityManager: START u0 {cmp=io.github.izzyleung.zhihudailypurify/.ui.activity.PickDateActivity} from uid 10075 on display 0
11-24 18:56:03.587   786  1219 V WindowManager: addAppToken: AppWindowToken{38f1dcf6 token=Token{1b7fa591 ActivityRecord{369913b8 u0 io.github.izzyleung.zhihudailypurify/.ui.activity.PickDateActivity t22}}} to stack=1 task=22 at 1
11-24 18:56:03.687   786   803 V WindowManager: Adding window Window{2da7b364 u0 io.github.izzyleung.zhihudailypurify/io.github.izzyleung.zhihudailypurify.ui.activity.PickDateActivity} at 3 of 8 (after Window{38ba4d15 u0 io.github.izzyleung.zhihudailypurify/io.github.izzyleung.zhihudailypurify.ui.activity.MainActivity})
11-24 18:56:09.277   786  1216 I ActivityManager: START u0 {act=android.intent.action.MAIN cat=[android.intent.category.LAUNCHER] flg=0x10200000 cmp=io.github.izzyleung.zhihudailypurify/.ui.activity.MainActivity (has extras)} from uid 10019 on display 0
11-24 18:56:09.285   786  1216 V WindowManager: addAppToken: AppWindowToken{f6ce032 token=Token{45c003d ActivityRecord{b10bd94 u0 io.github.izzyleung.zhihudailypurify/.ui.activity.MainActivity t23}}} to stack=1 task=23 at 0
11-24 18:56:09.291   786   813 V WindowManager: Adding window Window{8d7f9f5 u0 Starting io.github.izzyleung.zhihudailypurify} at 2 of 7 (after Window{71b55b6 u0 com.cyanogenmod.trebuchet/com.android.launcher3.Launcher})
11-24 18:56:09.375   786  1297 V WindowManager: Adding window Window{7a8b3c4 u0 io.github.izzyleung.zhihudailypurify/io.github.izzyleung.zhihudailypurify.ui.activity.MainActivity} at 2 of 8 (before Window{8d7f9f5 u0 Starting io.github.izzyleung.zhihudailypurify})
11-24 18:56:12.802   786   936 D TaskPersister: removeObsoleteFile: deleting file=22_task.xml
11-24 18:56:12.803   786   936 D TaskPersister: removeObsoleteFile: deleting file=22_task_thumbnail.png
11-24 18:56:14.702   786   802 I ActivityManager: START u0 {cmp=io.github.izzyleung.zhihudailypurify/.ui.activity.PickDateActivity} from uid 10075 on display 0
11-24 18:56:14.721   786   802 V WindowManager: addAppToken: AppWindowToken{db08ca9 token=Token{385f4830 ActivityRecord{3c033173 u0 io.github.izzyleung.zhihudailypurify/.ui.activity.PickDateActivity t23}}} to stack=1 task=23 at 1
11-24 18:56:14.821   786   802 V WindowManager: Adding window Window{3ad571cf u0 io.github.izzyleung.zhihudailypurify/io.github.izzyleung.zhihudailypurify.ui.activity.PickDateActivity} at 3 of 8 (after Window{7a8b3c4 u0 io.github.izzyleung.zhihudailypurify/io.github.izzyleung.zhihudailypurify.ui.activity.MainActivity})
11-24 18:56:20.512   786  1245 I ActivityManager: START u0 {act=android.intent.action.MAIN cat=[android.intent.category.LAUNCHER] flg=0x10200000 cmp=io.github.izzyleung.zhihudailypurify/.ui.activity.MainActivity (has extras)} from uid 10019 on display 0
11-24 18:56:20.524   786  1245 V WindowManager: addAppToken: AppWindowToken{298d96d5 token=Token{20b6af8c ActivityRecord{1bdc6cbf u0 io.github.izzyleung.zhihudailypurify/.ui.activity.MainActivity t24}}} to stack=1 task=24 at 0
11-24 18:56:20.533   786   813 V WindowManager: Adding window Window{27716424 u0 Starting io.github.izzyleung.zhihudailypurify} at 2 of 7 (after Window{71b55b6 u0 com.cyanogenmod.trebuchet/com.android.launcher3.Launcher})
11-24 18:56:20.620   786   803 V WindowManager: Adding window Window{ed003af u0 io.github.izzyleung.zhihudailypurify/io.github.izzyleung.zhihudailypurify.ui.activity.MainActivity} at 2 of 8 (before Window{27716424 u0 Starting io.github.izzyleung.zhihudailypurify})
11-24 18:56:24.049   786   936 D TaskPersister: removeObsoleteFile: deleting file=23_task.xml
11-24 18:56:24.050   786   936 D TaskPersister: removeObsoleteFile: deleting file=23_task_thumbnail.png
11-24 18:56:25.959   786  1247 I ActivityManager: START u0 {cmp=io.github.izzyleung.zhihudailypurify/.ui.activity.PickDateActivity} from uid 10075 on display 0
