11-24 18:50:09.498  1254  1254 D SIMRecords: [SIMRecords] SST: UsimServiceTable[80]={ FDN, FDN_EXTENSION, SDN, SDN_EXTENSION, OUTGOING_CALL_INFO, INCOMING_CALL_INFO, SM_STORAGE, SM_STATUS_REPORTS, SM_SERVICE_PARAMS, ADVICE_OF_CHARGE, CAP_CONFIG_PARAMS_2, CB_MESSAGE_ID, CB_MESSAGE_ID_RANGES, GROUP_ID_LEVEL_1, GROUP_ID_LEVEL_2, SPN, USER_PLMN_SELECT, MSISDN, IMAGE, EMLPP, EMLPP_AUTO_ANSWER, GSM_ACCESS, DATA_DL_VIA_SMS_PP, DATA_DL_VIA_SMS_CB, CALL_CONTROL_BY_USIM, MO_SMS_CONTROL_BY_USIM, RUN_AT_COMMAND, IGNORED_1, ENABLED_SERVICES_TABLE, APN_CONTROL_LIST, DEPERSONALISATION_CONTROL_KEYS, COOPERATIVE_NETWORK_LIST, GSM_SECURITY_CONTEXT, CPBCCH_INFO, INVESTIGATION_SCAN, OPERATOR_PLMN_SELECT, HPLMN_SELECT, EXTENSION_5, PLMN_NETWORK_NAME, OPERATOR_PLMN_LIST, SERVICE_PROVIDER_DISPLAY_INFO, MMS_NOTIFICATION, MMS_NOTIFICATION_EXTENSION, MMS_CONNECTIVITY_PARAMS, NETWORK_INDICATION_OF_ALERTING, VGCS_GROUP_ID_LIST, VBS_GROUP_ID_LIST, EQUIVALENT_HPLMN, EQUIVALENT_HPLMN_PRESENTATION }
11-24 18:50:09.498  1254  1254 D SIMRecords: [SIMRecords] onRecordLoaded 6 requested: true
11-24 18:50:09.498  1254  1254 D SIMRecords: [SIMRecords] GID1: ff
11-24 18:50:09.498  1254  1254 D SIMRecords: [SIMRecords] onRecordLoaded 5 requested: true
11-24 18:50:09.498  1254  1254 D SIMRecords: [SIMRecords] EF_LI LOADED
11-24 18:50:09.498  1254  1254 D SIMRecords: [SIMRecords] EF_LI=7a68656e
11-24 18:50:09.498  1254  1254 D SIMRecords: [SIMRecords] onRecordLoaded 4 requested: true
11-24 18:50:09.498  1254  1254 D SIMRecords: [SIMRecords] EF_PL LOADED
11-24 18:50:09.498  1254  1254 D SIMRecords: [SIMRecords] EF_PL=ffffffff
11-24 18:50:09.498  1254  1254 D SIMRecords: [SIMRecords] onRecordLoaded 3 requested: true
11-24 18:50:09.498  1254  1254 D SubscriptionInfoUpdater: handleMessage : <EVENT_QUERY_ICCID_DONE> SIM1
11-24 18:50:09.499  1254  1254 D SubscriptionInfoUpdater: mIccId[0] = 89860115921101579076
11-24 18:50:09.499  1254  1254 D SubscriptionInfoUpdater: All IccIds query complete
11-24 18:50:09.525   202   350 D RILC    : RequestComplete, RIL_SOCKET_1
11-24 18:50:09.526   202   350 E RILC    : Send Response to RIL_SOCKET_1
11-24 18:50:09.526  1254  1428 D RilRequest: [3736]< SIM_IO error: com.android.internal.telephony.CommandException: GENERIC_FAILURE ret=IccIoResponse sw1:0x6a sw2:0x82
11-24 18:50:09.561  1254  1254 D CAT     : CatService: handleMessage[1]
11-24 18:50:09.561  1254  1254 D CAT     : CatService: ril message arrived,slotid:0
11-24 18:50:09.608  1254  1254 D GsmSST  : [GsmSST] EVENT_POLL_STATE_OPERATOR: use value from ril
11-24 18:50:09.609  1254  1254 D GsmSST  : [GsmSST] EVENT_POLL_STATE_OPERATOR: null
11-24 18:50:09.609  1254  1254 D PHONE   : [ServiceState] setDataRegState=1
11-24 18:50:09.609  1254  1254 D PHONE   : [ServiceState] setDataRadioTechnology=0
11-24 18:50:09.609  1254  1254 D GsmSST  : [GsmSST] handlPollStateResultMessage: GsmSST setDataRegState=1 regState=0 dataRadioTechnology=0
11-24 18:50:09.609  1254  1254 D PHONE   : [ServiceState] setVoiceRegState=1
11-24 18:50:09.609  1254  1254 E PHONE   : [ServiceState] setState deprecated use setVoiceRegState()
11-24 18:50:09.610  1254  1254 D GsmSST  : [GsmSST] Poll ServiceState done:  oldSS=[1 1 voice home data home null null null null null null  Unknown Unknown CSS not supported 0 0 RoamInd=0 DefRoamInd=0 EmergOnly=false] newSS=[1 1 voice home data home null null null null null null  Unknown Unknown CSS not supported 0 0 RoamInd=0 DefRoamInd=0 EmergOnly=false] oldMaxDataCalls=1 mNewMaxDataCalls=20 oldReasonDataDenied=-1 mNewReasonDataDenied=-1
11-24 18:50:09.610  1254  1254 D PHONE   : [ServiceState] setNullState=1
11-24 18:50:09.611  1254  1254 D SubscriptionInfoUpdater: [Receiver]+
11-24 18:50:09.611  1254  1254 D SubscriptionInfoUpdater: Action: android.intent.action.SIM_STATE_CHANGED
11-24 18:50:09.611  1254  1254 D SubscriptionInfoUpdater: slotId: 0
11-24 18:50:09.611  1254  1254 D SubscriptionInfoUpdater: simStatus: IMSI
11-24 18:50:09.611  1254  1254 D SubscriptionInfoUpdater: slotId: 0 simStatus: IMSI
11-24 18:50:09.611  1254  1254 D SubscriptionInfoUpdater: Ignoring simStatus: IMSI
11-24 18:50:09.611  1254  1254 D SubscriptionInfoUpdater: [Receiver]-
11-24 18:50:09.611  1254  1254 D SIMRecords: [SIMRecords] MSISDN: xxxxxxx
11-24 18:50:09.611  1254  1254 D SIMRecords: [SIMRecords] onRecordLoaded 2 requested: true
11-24 18:50:09.647  1254  1254 D CAT     : StkAppService: CatService instance for subscription 0 is : Handler (com.android.internal.telephony.cat.CatService) {2fc2abea}
11-24 18:50:09.647  1254  1254 D CAT     : StkAppService: 1called on slot:0
11-24 18:50:09.648  1254  1254 D CAT     : CatService: handleMessage[9]
11-24 18:50:09.648  1254  1254 D CAT     : CatService: SESSION END on 0
11-24 18:50:09.668  1254  1765 D CAT     : StkAppService$ServiceHandler: SET_UP_MENU
11-24 18:50:09.688  1254  1254 D RILJ    : [3737]> iccIO: SIM_IO 0xc0 0x6f18  path: 3F007FFF,0,0,0 aid: a0000000871002ff86ffff89ffffffff [SUB0]
11-24 18:50:09.689  1254  1765 D CAT     : StkAppService$ServiceHandler: Install App
11-24 18:50:09.694  1254  1254 D SIMRecords: [SIMRecords] onRecordLoaded 2 requested: true
11-24 18:50:09.695  1254  1254 D SIMRecords: [SIMRecords] Invalid or missing EF[MAILBOX]
11-24 18:50:09.695  1254  1254 D SIMRecords: [SIMRecords] onRecordLoaded 1 requested: true
11-24 18:50:09.718  1254  1254 D CAT     : StkAppService: 4called on slot:0
11-24 18:50:09.732   202   350 D RILC    : RequestComplete, RIL_SOCKET_1
11-24 18:50:09.732   202   350 E RILC    : Send Response to RIL_SOCKET_1
11-24 18:50:09.736  1254  1428 D RilRequest: [3737]< SIM_IO error: com.android.internal.telephony.CommandException: GENERIC_FAILURE ret=IccIoResponse sw1:0x6a sw2:0x82
11-24 18:50:09.737  1254  1254 D SIMRecords: [SIMRecords] No SPN loaded in either CHPS or 3GPP
11-24 18:50:09.737  1254  1254 D SIMRecords: [SIMRecords] onRecordLoaded 0 requested: true
11-24 18:50:09.737  1254  1254 D SIMRecords: [SIMRecords] record load complete
11-24 18:50:09.746  1254  1254 D SIMRecords: [SIMRecords] languages from sim = zh
11-24 18:50:09.747  1254  1254 D SIMRecords: [SIMRecords] Setting locale to zh_cn
11-24 18:50:09.747  1254  1254 D SIMRecords: [SIMRecords] onAllRecordsLoaded set 'gsm.sim.operator.numeric' to operator='46001'
11-24 18:50:09.747  1254  1254 D SIMRecords: [SIMRecords] update icc_operator_numeric=46001
11-24 18:50:09.748  1254  1254 D TelephonyManager: setTelephonyProperty: success phoneId=0 property=gsm.sim.operator.numeric value: 46001 propVal=46001
11-24 18:50:09.750  1254  1254 D SIMRecords: [SIMRecords] [key, value]=gsm.sim.operator.numeric, 46001
11-24 18:50:09.753  1254  1254 D SubscriptionController: [setMccMnc]+ mcc/mnc:460/1 subId:1
11-24 18:50:09.782  1254  1254 D SubscriptionController: notifySubscriptionInfoChanged:
11-24 18:50:09.796  1254  1254 D SIMRecords: [SIMRecords] onAllRecordsLoaded set mcc imsi=460011952973996
11-24 18:50:09.796  1254  1254 D TelephonyManager: setTelephonyProperty: success phoneId=0 property=gsm.sim.operator.iso-country value: cn propVal=cn
11-24 18:50:09.801  1254  1254 D SIMRecords: [SIMRecords] [key, value]=gsm.sim.operator.iso-country, cn
11-24 18:50:09.802  1254  1254 D SIMRecords: [SIMRecords] isAppStateReady : appState = APPSTATE_READY
11-24 18:50:09.803   786   786 D TelephonyManager: getTelephonyProperty: return propVal='46001' phoneId=0 property='gsm.sim.operator.numeric' defaultVal='' prop=46001
11-24 18:50:09.812  1254  1254 D DctController: onSubInfoReady mPhoneNum=1
11-24 18:50:09.812  1254  1254 D DctController: onSubInfoReady handle pending requests subId=1
11-24 18:50:09.812  1254  1254 D DctController: [TNF 1]evalPendingRequest, pending request size is 0
11-24 18:50:09.812  1254  1254 D DctController: processRequests
11-24 18:50:09.813  1254  1559 D DctController: handleMessage msg={ when=0 what=100 target=com.android.internal.telephony.dataconnection.DctController }
11-24 18:50:09.813  1254  1559 D DctController: selectExecPhone requestInfo = [ request=NetworkRequest [ id=1, legacyType=-1, [ Capabilities: INTERNET&NOT_RESTRICTED&TRUSTED&NOT_VPN] ], executed=false, priority=0]
11-24 18:50:09.813  1254  1559 D DctController: getTopPriorityRequestPhoneId = 0, priority = 0
11-24 18:50:09.814  1254  1254 E PhoneBase: Error! unregisterForCallWaiting() in PhoneBase should not be called, CDMAPhone inactive.
11-24 18:50:09.815  1254  1559 D DcSwitchAsyncChannel: [DcSwitchAsyncChannel-0]: rspIsIdle=false
11-24 18:50:09.815  1254  1559 D DctController: onProcessRequest phoneId=0, activePhoneId=0
11-24 18:50:09.816  1254  1561 D DcSwitchSM: [DcSwitchStateMachine-0] AttachingState: REQ_CONNECT
11-24 18:50:09.816  1254  1559 D DcSwitchAsyncChannel: [DcSwitchAsyncChannel-0]: rspConnect=1
11-24 18:50:09.830   786   786 D TelephonyManager: getTelephonyProperty: return propVal='null' phoneId=0 property='gsm.operator.numeric' defaultVal='' prop=
11-24 18:50:09.854  1254  1254 D TelephonyManager: getTelephonyProperty: return propVal='null' phoneId=0 property='gsm.operator.alpha' defaultVal='' prop=
11-24 18:50:09.917  1254  1254 E PhoneBase: Error! registerForCallWaiting() in PhoneBase should not be called, CDMAPhone inactive.
11-24 18:50:09.933  1254  1254 D GsmSST  : [GsmSST] SubscriptionListener.onSubscriptionInfoChanged
11-24 18:50:09.933  1254  1254 D GsmDCT  : [0]SubscriptionListener.onSubscriptionInfoChanged
11-24 18:50:09.945  1254  1254 D ModemStackController: Received ACTION_SUBINFO_CONTENT_CHANGE on subId: -1for null intValue: 0
11-24 18:50:09.946  1254  1254 D DctController: got ACTION_SUBINFO_RECORD_UPDATED
11-24 18:50:09.946  1254  1254 D DctController: [TNF 1]update networkCapabilites for subId = 1
11-24 18:50:09.949  1254  1254 D SubscriptionController: [getActiveSubInfoList]+
11-24 18:50:09.950  1254  1254 D SubscriptionController: selection:sim_id>=0 null
11-24 18:50:09.982  1254  1254 D TelephonyManager: getTelephonyProperty: return propVal='cn' phoneId=0 property='gsm.sim.operator.iso-country' defaultVal='' prop=cn
11-24 18:50:09.983  1254  1254 D SubscriptionController: [getSubInfoRecord] id:1 iccid:DUMMY_NV_ID simSlotIndex:0 displayName:CARD 1 nameSource:0 iconTint:-16746133 dataRoaming:0 mcc:460 mnc:1 countIso:cn status:1 nwMode:10
11-24 18:50:09.996  1254  1254 D SubscriptionController: [getActiveSubInfoList]- 1 infos return
11-24 18:50:09.997  1254  1254 D SubscriptionController: [getActiveSubInfoForSubscriber]+ subId=1 subInfo={id=1, iccId=DUMMY_NV_ID simSlotIndex=0 displayName=CARD 1 carrierName=No service. nameSource=0 iconTint=-16746133 dataRoaming=0 iconBitmap=android.graphics.Bitmap@1b915db7 mcc 460 mnc 1 mSubStatus=1 mNwMode=10}
11-24 18:50:09.997  1254  1254 D DctController: [TNF 1]INTERNET capability is with subId = 1
11-24 18:50:09.998  1254  1254 D SubscriptionController: registerForOnDemandDdsLockNotification for client=1
11-24 18:50:09.999  1254  1254 D DctController: [TNF 1]Ready to handle network requests
11-24 18:50:09.999  1254  1254 E IccCardProxy: setExternalState: set mPhoneId=0 mExternalState=READY
11-24 18:50:09.999  1254  1254 D TelephonyManager: setTelephonyProperty: success phoneId=0 property=gsm.sim.state value: READY propVal=READY
11-24 18:50:10.011  1254  1254 D IccCardProxy: broadcastIccStateChangedIntent intent ACTION_SIM_STATE_CHANGED value=READY reason=null for mPhoneId=0
11-24 18:50:10.013  1254  1254 D GsmDCT  : [0]EVENT_3GPP_RECORDS_LOADED
11-24 18:50:10.014  1254  1254 D GsmDCT  : [0]create3gppApnList: selection=numeric = '46001' and carrier_enabled = 1
11-24 18:50:10.057  1254  1254 D GsmDCT  : [0]createApnList: X result=[[ApnSettingV3]  3g  (China Unicom), 3162, 46001, 3gnet, , null, , , , -1, default | supl, IP, IP, true, 0, 0, false, 0, 0, 0, 0, , , [ApnSettingV3]  GPRS (China Unicom), 3163, 46001, uninet, , null, , , , -1, default | supl, IP, IP, true, 0, 0, false, 0, 0, 0, 0, , , [ApnSettingV3]  Wap  (China Unicom), 3164, 46001, 3gwap, 10.0.0.172, null, , , 80, -1, *, IP, IP, true, 0, 0, false, 0, 0, 0, 0, , , [ApnSettingV3]  Wap  (China Unicom), 3165, 46001, uniwap, 10.0.0.172, null, , , 80, -1, *, IP, IP, true, 0, 0, false, 0, 0, 0, 0, , , [ApnSettingV3]  3g  (China Unicom), 3166, 46001, 3gwap, , http://mmsc.myuni.com.cn, 10.0.0.172, 80, , -1, mms, IP, IP, true, 0, 0, false, 0, 0, 0, 0, , , [ApnSettingV3]  (China Unicom), 3167, 46001, uniwap, , http://mmsc.myuni.com.cn, 10.0.0.172, 80, , -1, mms, IP, IP, true, 0, 0, false, 0, 0, 0, 0, , , [ApnSettingV3] 3g, 3168, 46001, 3gnet, , , , , , 3, default | supl, IP, IP, true, 0, 0, false, 0, 0, 0, 0, , , [ApnSettingV3] 3gwap, 3169, 46001, 3gwap, 10.0.0.172, , , , 80, 3, default | supl, IP, IP, true, 0, 0, false, 0, 0, 0, 0, , , [ApnSettingV3] 3g, 3170, 46001, 3gwap, , http://mmsc.myuni.com.cn, 10.0.0.172, 80, , 3, mms, IP, IP, true, 0, 0, false, 0, 0, 0, 0, , , [ApnSettingV3] China Unicom 3G, 3171, 46001, 3gnet, , null, , , 80, -1, default | supl, IP, IP, true, 0, 0, false, 0, 0, 0, 0, , , [ApnSettingV3] China Unicom MMS, 3172, 46001, uniwap, , http://mmsc.myuni.com.cn, 10.0.0.172, 80, , -1, mms, IP, IP, true, 0, 0, false, 0, 0, 0, 0, , ]
11-24 18:50:10.061  1254  1254 D GsmDCT  : [0]setInitialApn: E mPreferredApn=null
11-24 18:50:10.061  1254  1254 D GsmDCT  : [0]setInitialApn: firstApnSetting=[ApnSettingV3]  3g  (China Unicom), 3162, 46001, 3gnet, , null, , , , -1, default | supl, IP, IP, true, 0, 0, false, 0, 0, 0, 0, , 
11-24 18:50:10.061  1254  1254 D GsmDCT  : [0]setInitialApn: defaultApnSetting=[ApnSettingV3]  3g  (China Unicom), 3162, 46001, 3gnet, , null, , , , -1, default | supl, IP, IP, true, 0, 0, false, 0, 0, 0, 0, , 
11-24 18:50:10.061  1254  1254 D GsmDCT  : [0]setInitialAttachApn: using defaultApnSetting
11-24 18:50:10.061  1254  1254 D GsmDCT  : [0]setInitialAttachApn: X selected Apn=[ApnSettingV3]  3g  (China Unicom), 3162, 46001, 3gnet, , null, , , , -1, default | supl, IP, IP, true, 0, 0, false, 0, 0, 0, 0, , 
11-24 18:50:10.061  1254  1254 D RILJ    : Set RIL_REQUEST_SET_INITIAL_ATTACH_APN [SUB0]
11-24 18:50:10.061  1254  1254 D RILJ    : [3738]> RIL_REQUEST_SET_INITIAL_ATTACH_APN, apn:3gnet, protocol:IP, authType:-1, username:null, password:null [SUB0]
11-24 18:50:10.070   786   806 D TelephonyManager: getTelephonyProperty: return propVal='46001' phoneId=0 property='gsm.sim.operator.numeric' defaultVal='' prop=46001
11-24 18:50:10.077  1254  1254 D GSMPhone: [GSMPhone] updateCurrentCarrierInProvider: mSubId = 1 currentDds = 1 operatorNumeric = 46001
11-24 18:50:10.081   786   806 D TelephonyManager: getTelephonyProperty: return propVal='null' phoneId=0 property='gsm.operator.numeric' defaultVal='' prop=
11-24 18:50:10.090   202   334 D RILC    : RequestComplete, RIL_SOCKET_1
11-24 18:50:10.090   202   334 E RILC    : Send Response to RIL_SOCKET_1
11-24 18:50:10.091  1254  1428 D RILJ    : [3738]< RIL_REQUEST_SET_INITIAL_ATTACH_APN  [SUB0]
11-24 18:50:10.154  1254  1254 D GSMPhone: Voicemail count retrieval for Imsi = null current Imsi = 460011952973996
11-24 18:50:10.154  1254  1254 D GSMPhone: updateVoiceMail countVoiceMessages = 0 subId 1
11-24 18:50:10.156  1254  1254 D GSMPhone: updateCallForwardStatus got sim records
11-24 18:50:10.160  1254  1254 D GsmSST  : [GsmSST] EVENT_SIM_RECORDS_LOADED: what=16
11-24 18:50:10.161  1254  1254 D PhoneBase: updatePhoneObject: phoneid = 0 rat = 0
11-24 18:50:10.161  1254  1254 D PhoneProxy: [PhoneProxy] updatePhoneObject: radioTechnology=0
11-24 18:50:10.162  1254  1254 D SIMRecords: [SIMRecords] getServiceProviderName: no brandOverride
11-24 18:50:10.162  1254  1254 D SIMRecords: [SIMRecords] getServiceProviderName: providerName=
11-24 18:50:10.162  1254  1254 D GsmSST  : [GsmSST] updateSpnDisplay: radio is on but out of service, set plmn='No service.'
11-24 18:50:10.162  1254  1254 D SIMRecords: [SIMRecords] getServiceProviderName: no brandOverride
11-24 18:50:10.162  1254  1254 D SIMRecords: [SIMRecords] getServiceProviderName: providerName=
11-24 18:50:10.162  1254  1254 D GsmSST  : [GsmSST] updateSpnDisplay: changed sending intent rule=2 showPlmn='true' plmn='No service.' showSpn='false' spn=''
11-24 18:50:10.167  1254  1254 D IccCardProxy: operator=46001 slotId=0
11-24 18:50:10.167  1254  1254 D IccCardProxy: update icc_operator_numeric=46001
11-24 18:50:10.167  1254  1254 D TelephonyManager: setTelephonyProperty: success phoneId=0 property=gsm.sim.operator.numeric value: 46001 propVal=46001
11-24 18:50:10.172  1254  1254 D TelephonyManager: setTelephonyProperty: success phoneId=0 property=gsm.apn.sim.operator.numeric value: 46001 propVal=46001
11-24 18:50:10.175  1254  1254 D IccCardProxy: update sim_operator_numeric=46001
11-24 18:50:10.175  1254  1254 D TelephonyManager: setTelephonyProperty: success phoneId=0 property=gsm.sim.operator.iso-country value: cn propVal=cn
11-24 18:50:10.178  1254  1254 D IccCardProxy: broadcastIccStateChangedIntent intent ACTION_SIM_STATE_CHANGED value=LOADED reason=null for mPhoneId=0
11-24 18:50:10.292  1254  1254 D SubscriptionInfoUpdater: [Receiver]+
11-24 18:50:10.292  1254  1254 D SubscriptionInfoUpdater: Action: android.intent.action.SIM_STATE_CHANGED
11-24 18:50:10.292  1254  1254 D SubscriptionInfoUpdater: slotId: 0
11-24 18:50:10.292  1254  1254 D SubscriptionInfoUpdater: simStatus: READY
11-24 18:50:10.292  1254  1254 D SubscriptionInfoUpdater: slotId: 0 simStatus: READY
11-24 18:50:10.292  1254  1254 D PhoneBase: getIccFileHandler: fh=Handler (com.android.internal.telephony.uicc.UsimFileHandler) {f134dd2}
11-24 18:50:10.292  1254  1254 D SubscriptionInfoUpdater: [Receiver]-
11-24 18:50:10.301  1254  1254 D PhoneBase: Get callforwarding info from perferences
11-24 18:50:10.301  1254  1254 D GSMPhone: Callforwarding is false
11-24 18:50:10.301  1254  1254 D PhoneProxy: [PhoneProxy] phoneObjectUpdater: newVoiceRadioTech=0
11-24 18:50:10.301  1254  1254 D PhoneProxy: [PhoneProxy] phoneObjectUpdater: volteReplacementRat=0
11-24 18:50:10.301  1254  1254 E PhoneProxy: [PhoneProxy] phoneObjectUpdater: newVoiceRadioTech=0 doesn't match either CDMA or GSM - error! No phone change
11-24 18:50:10.302  1254  1254 D SubscriptionController: onReceive Intent { act=android.provider.Telephony.SPN_STRINGS_UPDATED flg=0x10 (has extras) }
11-24 18:50:10.302  1254  1254 D SubscriptionController: [setCarrierText]+ text:No service. subId:1
11-24 18:50:10.326   786   806 D TelephonyManager: getTelephonyProperty: return propVal='46001' phoneId=0 property='gsm.sim.operator.numeric' defaultVal='' prop=46001
11-24 18:50:10.361  1254  1254 D SubscriptionController: notifySubscriptionInfoChanged:
11-24 18:50:10.367   786   786 D TelephonyManager: getTelephonyProperty: return propVal='46001' phoneId=0 property='gsm.sim.operator.numeric' defaultVal='' prop=46001
11-24 18:50:10.384  1254  1254 D SubscriptionInfoUpdater: [Receiver]+
11-24 18:50:10.384  1254  1254 D SubscriptionInfoUpdater: Action: android.intent.action.SIM_STATE_CHANGED
11-24 18:50:10.384  1254  1254 D SubscriptionInfoUpdater: slotId: 0
11-24 18:50:10.384  1254  1254 D SubscriptionInfoUpdater: simStatus: LOADED
11-24 18:50:10.384  1254  1254 D SubscriptionInfoUpdater: slotId: 0 simStatus: LOADED
11-24 18:50:10.384  1254  1254 D SubscriptionInfoUpdater: [Receiver]-
11-24 18:50:10.396  1254  1254 D DctController: onSubInfoReady mPhoneNum=1
11-24 18:50:10.396  1254  1254 D DctController: onSubInfoReady handle pending requests subId=1
11-24 18:50:10.396  1254  1254 D DctController: [TNF 1]evalPendingRequest, pending request size is 0
11-24 18:50:10.397  1254  1254 D DctController: processRequests
11-24 18:50:10.397  1254  1254 E PhoneBase: Error! unregisterForCallWaiting() in PhoneBase should not be called, CDMAPhone inactive.
11-24 18:50:10.399  1254  1559 D DctController: handleMessage msg={ when=-2ms what=100 target=com.android.internal.telephony.dataconnection.DctController }
11-24 18:50:10.399  1254  1559 D DctController: selectExecPhone requestInfo = [ request=NetworkRequest [ id=1, legacyType=-1, [ Capabilities: INTERNET&NOT_RESTRICTED&TRUSTED&NOT_VPN] ], executed=false, priority=0]
11-24 18:50:10.399  1254  1559 D DctController: getTopPriorityRequestPhoneId = 0, priority = 0
11-24 18:50:10.400  1254  1559 D DcSwitchAsyncChannel: [DcSwitchAsyncChannel-0]: rspIsIdle=false
11-24 18:50:10.401  1254  1559 D DctController: onProcessRequest phoneId=0, activePhoneId=0
11-24 18:50:10.401  1254  1561 D DcSwitchSM: [DcSwitchStateMachine-0] AttachingState: REQ_CONNECT
11-24 18:50:10.402  1254  1559 D DcSwitchAsyncChannel: [DcSwitchAsyncChannel-0]: rspConnect=1
11-24 18:50:10.421   786   806 D TelephonyManager: getTelephonyProperty: return propVal='null' phoneId=0 property='gsm.operator.numeric' defaultVal='' prop=
11-24 18:50:10.429  1254  1254 D TelephonyManager: getTelephonyProperty: return propVal='null' phoneId=0 property='gsm.operator.alpha' defaultVal='' prop=
11-24 18:50:10.452   786   786 D TelephonyManager: getTelephonyProperty: return propVal='null' phoneId=0 property='gsm.operator.numeric' defaultVal='' prop=
11-24 18:50:10.493  1254  1254 E PhoneBase: Error! registerForCallWaiting() in PhoneBase should not be called, CDMAPhone inactive.
11-24 18:50:10.504  1254  1254 D GsmSST  : [GsmSST] SubscriptionListener.onSubscriptionInfoChanged
11-24 18:50:10.505  1254  1254 D GsmDCT  : [0]SubscriptionListener.onSubscriptionInfoChanged
11-24 18:50:10.515  1254  1254 D ModemStackController: Received ACTION_SUBINFO_CONTENT_CHANGE on subId: -1for null intValue: 0
11-24 18:50:10.515  1254  1254 D DctController: got ACTION_SUBINFO_RECORD_UPDATED
11-24 18:50:10.516  1254  1254 D DctController: [TNF 1]update networkCapabilites for subId = 1
11-24 18:50:10.517  1254  1254 D SubscriptionController: [getActiveSubInfoList]+
11-24 18:50:10.518  1254  1254 D SubscriptionController: selection:sim_id>=0 null
11-24 18:50:10.532  1254  1254 D TelephonyManager: getTelephonyProperty: return propVal='cn' phoneId=0 property='gsm.sim.operator.iso-country' defaultVal='' prop=cn
11-24 18:50:10.532  1254  1254 D SubscriptionController: [getSubInfoRecord] id:1 iccid:DUMMY_NV_ID simSlotIndex:0 displayName:CARD 1 nameSource:0 iconTint:-16746133 dataRoaming:0 mcc:460 mnc:1 countIso:cn status:1 nwMode:10
11-24 18:50:10.536   202   350 I RILQ    : (0/202):RIL[0][event] qcril_arb_set_data_sys_status: recvd data_sys_status nw=0x0, rat_mask=0x8000, so_mask=0x0
11-24 18:50:10.537   202   350 I RILQ    : (0/202):RIL[0][event] qcril_arb_set_data_sys_status: recvd data_sys_status nw=0x1, rat_mask=0x0, so_mask=0x0
11-24 18:50:10.537   202   350 I RILQ    : (0/202):RIL[0][event] qcril_qmi_nas_update_data_rte: completed, new drte 0 with confidence 4
11-24 18:50:10.538   202   350 I RILC    : RIL_SOCKET_1 UNSOLICITED: UNSOL_RESPONSE_VOICE_NETWORK_STATE_CHANGED length:8
11-24 18:50:10.539   202   350 E RILC    : Send Response to RIL_SOCKET_1
11-24 18:50:10.539   202   350 I RILC    : RIL_SOCKET_1 UNSOLICITED: UNSOL_SIGNAL_STRENGTH length:60
11-24 18:50:10.540   202   350 E RILC    : Send Response to RIL_SOCKET_1
11-24 18:50:10.541  1254  1428 D RILJ    : [UNSL]< UNSOL_RESPONSE_VOICE_NETWORK_STATE_CHANGED [SUB0]
11-24 18:50:10.553  1254  1254 D SubscriptionController: [getActiveSubInfoList]- 1 infos return
11-24 18:50:10.555  1254  1254 D SubscriptionController: [getActiveSubInfoForSubscriber]+ subId=1 subInfo={id=1, iccId=DUMMY_NV_ID simSlotIndex=0 displayName=CARD 1 carrierName=No service. nameSource=0 iconTint=-16746133 dataRoaming=0 iconBitmap=android.graphics.Bitmap@2ec06390 mcc 460 mnc 1 mSubStatus=1 mNwMode=10}
11-24 18:50:10.555  1254  1254 D DctController: [TNF 1]INTERNET capability is with subId = 1
11-24 18:50:10.555  1254  1254 D SubscriptionController: registerForOnDemandDdsLockNotification for client=1
11-24 18:50:10.555  1254  1254 D DctController: [TNF 1]Ready to handle network requests
11-24 18:50:10.556  1254  1254 E IccCardProxy: setExternalState: set mPhoneId=0 mExternalState=READY
11-24 18:50:10.556  1254  1254 D TelephonyManager: setTelephonyProperty: success phoneId=0 property=gsm.sim.state value: READY propVal=READY
11-24 18:50:10.561  1254  1254 D IccCardProxy: broadcastIccStateChangedIntent intent ACTION_SIM_STATE_CHANGED value=READY reason=null for mPhoneId=0
11-24 18:50:10.566  1254  1254 D SubscriptionInfoUpdater: handleSimStateLoadedInternal: slotId: 0
11-24 18:50:10.570  1254  1254 D TelephonyManager: getTelephonyProperty: return propVal='46001' phoneId=0 property='gsm.sim.operator.numeric' defaultVal='' prop=46001
11-24 18:50:10.581  1254  1254 D SubscriptionController: [setMccMnc]+ mcc/mnc:460/1 subId:1
11-24 18:50:10.628   786   806 D TelephonyManager: getTelephonyProperty: return propVal='46001' phoneId=0 property='gsm.sim.operator.numeric' defaultVal='' prop=46001
11-24 18:50:10.652  1254  1254 D SubscriptionController: notifySubscriptionInfoChanged:
11-24 18:50:10.656   786   786 D TelephonyManager: getTelephonyProperty: return propVal='46001' phoneId=0 property='gsm.sim.operator.numeric' defaultVal='' prop=46001
11-24 18:50:10.695  1254  1254 D SubscriptionController: [getActiveSubInfoList]+
11-24 18:50:10.696  1254  1254 D SubscriptionController: selection:sim_id>=0 null
11-24 18:50:10.712  1254  1254 D TelephonyManager: getTelephonyProperty: return propVal='cn' phoneId=0 property='gsm.sim.operator.iso-country' defaultVal='' prop=cn
11-24 18:50:10.713  1254  1254 D SubscriptionController: [getSubInfoRecord] id:1 iccid:DUMMY_NV_ID simSlotIndex:0 displayName:CARD 1 nameSource:0 iconTint:-16746133 dataRoaming:0 mcc:460 mnc:1 countIso:cn status:1 nwMode:10
11-24 18:50:10.755  1254  1254 D SubscriptionController: [getActiveSubInfoList]- 1 infos return
11-24 18:50:10.756  1254  1254 D SubscriptionController: [getActiveSubInfoForSubscriber]+ subId=1 subInfo={id=1, iccId=DUMMY_NV_ID simSlotIndex=0 displayName=CARD 1 carrierName=No service. nameSource=0 iconTint=-16746133 dataRoaming=0 iconBitmap=android.graphics.Bitmap@1dc98c8e mcc 460 mnc 1 mSubStatus=1 mNwMode=10}
11-24 18:50:10.759  1254  1254 D TelephonyManager: getTelephonyProperty: return propVal='null' phoneId=0 property='gsm.sim.operator.alpha' defaultVal='' prop=
11-24 18:50:10.759  1254  1254 D SubscriptionInfoUpdater: sim name = CARD 1
11-24 18:50:10.765   786   806 D TelephonyManager: getTelephonyProperty: return propVal='null' phoneId=0 property='gsm.operator.numeric' defaultVal='' prop=
11-24 18:50:10.782   786   786 D TelephonyManager: getTelephonyProperty: return propVal='null' phoneId=0 property='gsm.operator.numeric' defaultVal='' prop=
11-24 18:50:10.896  1254  1254 D RILJ    : [3739]> OPERATOR [SUB0]
11-24 18:50:10.898  1254  1254 D RILJ    : [3740]> DATA_REGISTRATION_STATE [SUB0]
11-24 18:50:10.899  1254  1254 D RILJ    : [3741]> VOICE_REGISTRATION_STATE [SUB0]
11-24 18:50:10.901   202  1776 D RILC    : RequestComplete, RIL_SOCKET_1
11-24 18:50:10.901   202  1776 E RILC    : Send Response to RIL_SOCKET_1
11-24 18:50:10.901  1254  1428 D RILJ    : [3739]< OPERATOR {null, null, null} [SUB0]
11-24 18:50:10.905  1254  1254 D RILJ    : [3742]> QUERY_NETWORK_SELECTION_MODE [SUB0]
11-24 18:50:10.907  1254  1254 D DefaultPhoneNotifier: notifySignalStrength: mRegistry=com.android.internal.telephony.ITelephonyRegistry$Stub$Proxy@34ea39c ss=SignalStrength: 99 0 -120 -160 -120 -1 -1 99 2147483647 2147483647 2147483647 2147483647 2147483647 gsm|lte sender=Handler (com.android.internal.telephony.gsm.GSMPhone) {26a18439}
11-24 18:50:10.914   202  1777 D RILC    : RequestComplete, RIL_SOCKET_1
11-24 18:50:10.915   202  1777 E RILC    : Send Response to RIL_SOCKET_1
11-24 18:50:10.916  1254  1428 D RILJ    : [3740]< DATA_REGISTRATION_STATE {0, null, null, null, 0, 20, null, 446, 2929439, null, null} [SUB0]
11-24 18:50:10.923   202  1780 D RILC    : RequestComplete, RIL_SOCKET_1
11-24 18:50:10.923   202  1780 E RILC    : Send Response to RIL_SOCKET_1
11-24 18:50:10.924  1254  1428 D RILJ    : [3742]< QUERY_NETWORK_SELECTION_MODE {0} [SUB0]
11-24 18:50:10.925  1254  1254 D SubscriptionInfoUpdater: [Receiver]+
11-24 18:50:10.925  1254  1254 D SubscriptionInfoUpdater: Action: android.intent.action.SIM_STATE_CHANGED
11-24 18:50:10.925  1254  1254 D SubscriptionInfoUpdater: slotId: 0
11-24 18:50:10.925  1254  1254 D SubscriptionInfoUpdater: simStatus: READY
11-24 18:50:10.925  1254  1254 D SubscriptionInfoUpdater: slotId: 0 simStatus: READY
11-24 18:50:10.925  1254  1254 D PhoneBase: getIccFileHandler: fh=Handler (com.android.internal.telephony.uicc.UsimFileHandler) {f134dd2}
11-24 18:50:10.925  1254  1254 D SubscriptionInfoUpdater: [Receiver]-
11-24 18:50:10.926   202   637 I RILQ    : (0/202):RIL[0][qmi_cb] qcril_qmi_nas_update_data_rte: completed, new drte 0 with confidence 4
11-24 18:50:10.928   202   637 I RILQ    : (0/202):RIL[0][qmi_cb] qcril_qmi_nas_update_data_rte: completed, new drte 0 with confidence 4
11-24 18:50:10.930   202   350 I RILQ    : (0/202):RIL[0][event] qcril_qmi_nas_evaluate_custom_emergency_numbers_for_card: cur_status 1024, card_state 3
11-24 18:50:10.930   202   350 I RILQ    : (0/202):RIL[0][event] qcril_qmi_nas_evaluate_custom_emergency_numbers_for_card: card_mcc 460, card_mnc 01
11-24 18:50:10.934   202   350 I RILQ    : (0/202):RIL[0][event] qcril_qmi_nas_evaluate_custom_emergency_numbers_for_card: cur_status 1024, card_state 3
11-24 18:50:10.934   202   350 I RILQ    : (0/202):RIL[0][event] qcril_qmi_nas_evaluate_custom_emergency_numbers_for_card: card_mcc 460, card_mnc 01
11-24 18:50:10.936   202   637 I RILQ    : (0/202):RIL[0][qmi_cb] qcril_qmi_nas_update_data_rte: completed, new drte 0 with confidence 4
11-24 18:50:10.938   202  1779 I RILQ    : (0/202):RIL[0][cmd-20(352)] qcril_qmi_nas_update_data_rte: completed, new drte 0 with confidence 4
11-24 18:50:10.939   202  1779 D RILC    : RequestComplete, RIL_SOCKET_1
11-24 18:50:10.940   202  1779 E RILC    : Send Response to RIL_SOCKET_1
11-24 18:50:10.941  1254  1428 D RILJ    : [3741]< VOICE_REGISTRATION_STATE {1, 101d, 002cb31f, 14, null, null, null, 0, null, null, null, null, null, 0, null} [SUB0]
11-24 18:50:10.947   202   350 I RILC    : RIL_SOCKET_1 UNSOLICITED: UNSOL_SIGNAL_STRENGTH length:60
11-24 18:50:10.947   202   350 E RILC    : Send Response to RIL_SOCKET_1
11-24 18:50:10.949   202   350 I RILC    : RIL_SOCKET_1 UNSOLICITED: UNSOL_RESPONSE_VOICE_NETWORK_STATE_CHANGED length:8
11-24 18:50:10.949   202   350 E RILC    : Send Response to RIL_SOCKET_1
11-24 18:50:10.949  1254  1428 D RILJ    : [UNSL]< UNSOL_RESPONSE_VOICE_NETWORK_STATE_CHANGED [SUB0]
11-24 18:50:10.950   202   350 I RILQ    : (0/202):RIL[0][event] qcril_arb_set_data_sys_status: recvd data_sys_status nw=0x0, rat_mask=0x20, so_mask=0x0
11-24 18:50:10.950   202   350 I RILQ    : (0/202):RIL[0][event] qcril_arb_set_data_sys_status: recvd data_sys_status nw=0x1, rat_mask=0x0, so_mask=0x0
11-24 18:50:10.951   202   350 I RILQ    : (0/202):RIL[0][event] qcril_qmi_nas_update_data_rte: completed, new drte 5 with confidence 1
11-24 18:50:10.952   202   350 I RILC    : RIL_SOCKET_1 UNSOLICITED: UNSOL_SIGNAL_STRENGTH length:60
11-24 18:50:10.952   202   350 E RILC    : Send Response to RIL_SOCKET_1
11-24 18:50:10.954   202   350 I RILC    : RIL_SOCKET_1 UNSOLICITED: UNSOL_RESPONSE_VOICE_NETWORK_STATE_CHANGED length:8
11-24 18:50:10.954   202   350 E RILC    : Send Response to RIL_SOCKET_1
11-24 18:50:10.957  1254  1428 D RILJ    : [UNSL]< UNSOL_RESPONSE_VOICE_NETWORK_STATE_CHANGED [SUB0]
11-24 18:50:10.967  1254  1254 D DctController: onSubInfoReady mPhoneNum=1
11-24 18:50:10.967  1254  1254 D DctController: onSubInfoReady handle pending requests subId=1
11-24 18:50:10.968  1254  1254 D DctController: [TNF 1]evalPendingRequest, pending request size is 0
11-24 18:50:10.968  1254  1254 D DctController: processRequests
11-24 18:50:10.968  1254  1254 D GsmDCT  : [0]SubscriptionListener.onSubscriptionInfoChanged
11-24 18:50:10.968  1254  1559 D DctController: handleMessage msg={ when=-1ms what=100 target=com.android.internal.telephony.dataconnection.DctController }
11-24 18:50:10.969  1254  1559 D DctController: selectExecPhone requestInfo = [ request=NetworkRequest [ id=1, legacyType=-1, [ Capabilities: INTERNET&NOT_RESTRICTED&TRUSTED&NOT_VPN] ], executed=false, priority=0]
11-24 18:50:10.969  1254  1559 D DctController: getTopPriorityRequestPhoneId = 0, priority = 0
11-24 18:50:10.970  1254  1559 D DcSwitchAsyncChannel: [DcSwitchAsyncChannel-0]: rspIsIdle=false
11-24 18:50:10.970  1254  1559 D DctController: onProcessRequest phoneId=0, activePhoneId=0
11-24 18:50:10.971  1254  1561 D DcSwitchSM: [DcSwitchStateMachine-0] AttachingState: REQ_CONNECT
11-24 18:50:10.971  1254  1559 D DcSwitchAsyncChannel: [DcSwitchAsyncChannel-0]: rspConnect=1
11-24 18:50:10.977  1254  1254 D GsmSST  : [GsmSST] SubscriptionListener.onSubscriptionInfoChanged
11-24 18:50:10.977  1254  1254 E PhoneBase: Error! unregisterForCallWaiting() in PhoneBase should not be called, CDMAPhone inactive.
11-24 18:50:10.988  1254  1254 D TelephonyManager: getTelephonyProperty: return propVal='null' phoneId=0 property='gsm.operator.alpha' defaultVal='' prop=
11-24 18:50:10.995   202   637 I RILC    : RIL_SOCKET_1 UNSOLICITED: UNSOL_RESPONSE_VOICE_NETWORK_STATE_CHANGED length:8
11-24 18:50:10.995   202   637 E RILC    : Send Response to RIL_SOCKET_1
11-24 18:50:10.996  1254  1428 D RILJ    : [UNSL]< UNSOL_RESPONSE_VOICE_NETWORK_STATE_CHANGED [SUB0]
11-24 18:50:11.005   202   350 I RILC    : RIL_SOCKET_1 UNSOLICITED: UNSOL_STK_PROACTIVE_COMMAND length:216
11-24 18:50:11.005   202   350 E RILC    : Send Response to RIL_SOCKET_1
11-24 18:50:11.006  1254  1428 D RILJ    : [UNSL]< UNSOL_STK_PROACTIVE_COMMAND [SUB0]
11-24 18:50:11.019  1254  1660 D SubscriptionController: getSimStateForSubscriber:  simState=READY ordinal=5
11-24 18:50:11.048  1254  1774 D SubscriptionController: getSimStateForSubscriber:  simState=READY ordinal=5
11-24 18:50:11.061  1254  1254 E PhoneBase: Error! registerForCallWaiting() in PhoneBase should not be called, CDMAPhone inactive.
11-24 18:50:11.086  1254  1254 D ModemStackController: Received ACTION_SUBINFO_CONTENT_CHANGE on subId: -1for null intValue: 0
11-24 18:50:11.087  1254  1254 D DctController: got ACTION_SUBINFO_RECORD_UPDATED
11-24 18:50:11.087  1254  1254 D DctController: [TNF 1]update networkCapabilites for subId = 1
11-24 18:50:11.095  1254  1254 D SubscriptionController: [getActiveSubInfoList]+
11-24 18:50:11.097  1254  1254 D SubscriptionController: selection:sim_id>=0 null
11-24 18:50:11.146  1254  1254 D TelephonyManager: getTelephonyProperty: return propVal='cn' phoneId=0 property='gsm.sim.operator.iso-country' defaultVal='' prop=cn
11-24 18:50:11.146  1254  1254 D SubscriptionController: [getSubInfoRecord] id:1 iccid:DUMMY_NV_ID simSlotIndex:0 displayName:CARD 1 nameSource:0 iconTint:-16746133 dataRoaming:0 mcc:460 mnc:1 countIso:cn status:1 nwMode:10
11-24 18:50:11.161  1254  1254 D SubscriptionController: [getActiveSubInfoList]- 1 infos return
11-24 18:50:11.162  1254  1254 D SubscriptionController: [getActiveSubInfoForSubscriber]+ subId=1 subInfo={id=1, iccId=DUMMY_NV_ID simSlotIndex=0 displayName=CARD 1 carrierName=No service. nameSource=0 iconTint=-16746133 dataRoaming=0 iconBitmap=android.graphics.Bitmap@158704cb mcc 460 mnc 1 mSubStatus=1 mNwMode=10}
11-24 18:50:11.163  1254  1254 D DctController: [TNF 1]INTERNET capability is with subId = 1
11-24 18:50:11.164  1254  1254 D SubscriptionController: registerForOnDemandDdsLockNotification for client=1
11-24 18:50:11.164  1254  1254 D DctController: [TNF 1]Ready to handle network requests
11-24 18:50:11.171  1254  1254 E IccCardProxy: setExternalState: set mPhoneId=0 mExternalState=READY
11-24 18:50:11.171  1254  1254 D TelephonyManager: setTelephonyProperty: success phoneId=0 property=gsm.sim.state value: READY propVal=READY
11-24 18:50:11.174  1254  1254 D IccCardProxy: broadcastIccStateChangedIntent intent ACTION_SIM_STATE_CHANGED value=READY reason=null for mPhoneId=0
11-24 18:50:11.178  1254  1254 D GsmSST  : [GsmSST] EVENT_POLL_STATE_OPERATOR: use value from ril
11-24 18:50:11.178  1254  1254 D GsmSST  : [GsmSST] EVENT_POLL_STATE_OPERATOR: null
11-24 18:50:11.178  1254  1254 D PHONE   : [ServiceState] setDataRegState=1
11-24 18:50:11.178  1254  1254 D PHONE   : [ServiceState] setDataRadioTechnology=0
11-24 18:50:11.178  1254  1254 D GsmSST  : [GsmSST] handlPollStateResultMessage: GsmSST setDataRegState=1 regState=0 dataRadioTechnology=0
11-24 18:50:11.178  1254  1254 D PHONE   : [ServiceState] setVoiceRegState=0
11-24 18:50:11.178  1254  1254 E PHONE   : [ServiceState] setState deprecated use setVoiceRegState()
11-24 18:50:11.178  1254  1254 D GsmSST  : [GsmSST] Poll ServiceState done:  oldSS=[1 1 voice home data home null null null null null null  Unknown Unknown CSS not supported 0 0 RoamInd=0 DefRoamInd=0 EmergOnly=false] newSS=[0 1 voice home data home null null null null null null  LTE Unknown CSS not supported -1 -1 RoamInd=-1 DefRoamInd=-1 EmergOnly=false] oldMaxDataCalls=20 mNewMaxDataCalls=20 oldReasonDataDenied=-1 mNewReasonDataDenied=-1
11-24 18:50:11.179  1254  1254 D GsmSST  : [GsmSST] RAT switched Unknown -> LTE at cell 2929439
11-24 18:50:11.179  1254  1254 D PHONE   : [ServiceState] setNullState=1
11-24 18:50:11.179  1254  1254 D PhoneBase: updatePhoneObject: phoneid = 0 rat = 14
11-24 18:50:11.179  1254  1254 D PhoneProxy: [PhoneProxy] updatePhoneObject: radioTechnology=14
11-24 18:50:11.179  1254  1254 D GsmSST  : [GsmSST] pollStateDone: registering current mNitzUpdatedTime=false changing to false
11-24 18:50:11.179  1254  1254 D SIMRecords: [SIMRecords] getServiceProviderName: no brandOverride
11-24 18:50:11.179  1254  1254 D SIMRecords: [SIMRecords] getServiceProviderName: providerName=
11-24 18:50:11.179  1254  1254 D SIMRecords: [SIMRecords] getServiceProviderName: no brandOverride
11-24 18:50:11.179  1254  1254 D SIMRecords: [SIMRecords] getServiceProviderName: providerName=
11-24 18:50:11.179  1254  1254 D GsmSST  : [GsmSST] updateSpnDisplay: changed sending intent rule=2 showPlmn='false' plmn='null' showSpn='false' spn=''
11-24 18:50:11.180  1254  1254 D TelephonyManager: setTelephonyProperty: success phoneId=0 property=gsm.operator.alpha value:  propVal=
11-24 18:50:11.182  1254  1254 D TelephonyManager: setTelephonyProperty: success phoneId=0 property=gsm.operator.numeric value:  propVal=
11-24 18:50:11.182  1254  1254 D GsmSST  : [GsmSST] operatorNumeric is null
11-24 18:50:11.182  1254  1254 D TelephonyManager: setTelephonyProperty: success phoneId=0 property=gsm.operator.iso-country value:  propVal=
11-24 18:50:11.183  1254  1254 D TelephonyManager: setTelephonyProperty: success phoneId=0 property=gsm.operator.isroaming value: false propVal=false
11-24 18:50:11.183  1254  1254 D GsmSST  : [GsmSST] Broadcasting ServiceState : 0 1 voice home data home null null null null null null  LTE Unknown CSS not supported -1 -1 RoamInd=-1 DefRoamInd=-1 EmergOnly=false
11-24 18:50:11.184  1254  1254 D DefaultPhoneNotifier: nofityServiceState: mRegistry=com.android.internal.telephony.ITelephonyRegistry$Stub$Proxy@34ea39c ss=0 1 voice home data home null null null null null null  LTE Unknown CSS not supported -1 -1 RoamInd=-1 DefRoamInd=-1 EmergOnly=false sender=Handler (com.android.internal.telephony.gsm.GSMPhone) {26a18439} phondId=0 subId=1
11-24 18:50:11.191  1254  1254 D SubscriptionController: getSimStateForSubscriber:  simState=READY ordinal=5
11-24 18:50:11.195  1254  1254 D GsmSST  : [GsmSST] getCellLocation(): X good mCellLoc=[4125,2929439,-1]
11-24 18:50:11.196   786   802 D TelephonyRegistry: notifyCellLocationForSubscriber: subId=1 cellLocation=Bundle[mParcelledData.dataSize=64]
11-24 18:50:11.209  1254  1254 D DefaultPhoneNotifier: notifySignalStrength: mRegistry=com.android.internal.telephony.ITelephonyRegistry$Stub$Proxy@34ea39c ss=SignalStrength: 99 0 -120 -160 -120 -1 -1 19 -103 -7 300 2147483647 2147483647 gsm|lte sender=Handler (com.android.internal.telephony.gsm.GSMPhone) {26a18439}
11-24 18:50:11.211  1254  1254 D RILJ    : [3743]> OPERATOR [SUB0]
11-24 18:50:11.212   786   806 D TelephonyManager: getTelephonyProperty: return propVal='46001' phoneId=0 property='gsm.sim.operator.numeric' defaultVal='' prop=46001
11-24 18:50:11.212  1254  1254 D RILJ    : [3744]> DATA_REGISTRATION_STATE [SUB0]
11-24 18:50:11.213  1254  1254 D RILJ    : [3745]> VOICE_REGISTRATION_STATE [SUB0]
11-24 18:50:11.214  1254  1254 D RILJ    : [3746]> QUERY_NETWORK_SELECTION_MODE [SUB0]
11-24 18:50:11.215   202  1781 D RILC    : RequestComplete, RIL_SOCKET_1
11-24 18:50:11.216  1254  1254 D DefaultPhoneNotifier: notifySignalStrength: mRegistry=com.android.internal.telephony.ITelephonyRegistry$Stub$Proxy@34ea39c ss=SignalStrength: 99 0 -120 -160 -120 -1 -1 19 -103 -7 300 2147483647 2147483647 gsm|lte sender=Handler (com.android.internal.telephony.gsm.GSMPhone) {26a18439}
11-24 18:50:11.216   202  1781 E RILC    : Send Response to RIL_SOCKET_1
11-24 18:50:11.216  1254  1428 D RILJ    : [3743]< OPERATOR {, , 46001} [SUB0]
11-24 18:50:11.218   202  1783 D RILC    : RequestComplete, RIL_SOCKET_1
11-24 18:50:11.218   202  1783 E RILC    : Send Response to RIL_SOCKET_1
11-24 18:50:11.219  1254  1428 D RILJ    : [3745]< VOICE_REGISTRATION_STATE {1, 101d, 002cb31f, 14, null, null, null, 0, null, null, 1, null, null, 0, null} [SUB0]
11-24 18:50:11.220   202  1782 D RILC    : RequestComplete, RIL_SOCKET_1
11-24 18:50:11.221   202  1782 E RILC    : Send Response to RIL_SOCKET_1
11-24 18:50:11.221   202  1782 I RILC    : RIL_SOCKET_1 UNSOLICITED: UNSOL_RESPONSE_VOICE_NETWORK_STATE_CHANGED length:8
11-24 18:50:11.221   202  1782 E RILC    : Send Response to RIL_SOCKET_1
11-24 18:50:11.221  1254  1428 D RILJ    : [3744]< DATA_REGISTRATION_STATE {1, null, 002cb31f, 14, null, 20, 4125, 446, 2929439, null, null} [SUB0]
11-24 18:50:11.221  1254  1428 D RILJ    : [UNSL]< UNSOL_RESPONSE_VOICE_NETWORK_STATE_CHANGED [SUB0]
11-24 18:50:11.221   202   334 I RILC    : RIL_SOCKET_1 UNSOLICITED: UNSOL_RESPONSE_VOICE_NETWORK_STATE_CHANGED length:8
11-24 18:50:11.221   202   334 E RILC    : Send Response to RIL_SOCKET_1
11-24 18:50:11.222  1254  1428 D RILJ    : [UNSL]< UNSOL_RESPONSE_VOICE_NETWORK_STATE_CHANGED [SUB0]
11-24 18:50:11.223   202  1784 D RILC    : RequestComplete, RIL_SOCKET_1
11-24 18:50:11.224   202  1784 E RILC    : Send Response to RIL_SOCKET_1
11-24 18:50:11.224  1254  1428 D RILJ    : [3746]< QUERY_NETWORK_SELECTION_MODE {0} [SUB0]
11-24 18:50:11.238  1254  1254 D RILJ    : [3747]> OPERATOR [SUB0]
11-24 18:50:11.241  1254  1254 D RILJ    : [3748]> DATA_REGISTRATION_STATE [SUB0]
11-24 18:50:11.242  1254  1254 D RILJ    : [3749]> VOICE_REGISTRATION_STATE [SUB0]
11-24 18:50:11.243  1254  1254 D RILJ    : [3750]> QUERY_NETWORK_SELECTION_MODE [SUB0]
11-24 18:50:11.243   202  1785 D RILC    : RequestComplete, RIL_SOCKET_1
11-24 18:50:11.243   202  1785 E RILC    : Send Response to RIL_SOCKET_1
11-24 18:50:11.244  1254  1428 D RILJ    : [3747]< OPERATOR {, , 46001} [SUB0]
11-24 18:50:11.244  1254  1254 D RILJ    : [3751]> OPERATOR [SUB0]
11-24 18:50:11.245  1254  1254 D RILJ    : [3752]> DATA_REGISTRATION_STATE [SUB0]
11-24 18:50:11.245  1254  1254 D RILJ    : [3753]> VOICE_REGISTRATION_STATE [SUB0]
11-24 18:50:11.246  1254  1254 D RILJ    : [3754]> QUERY_NETWORK_SELECTION_MODE [SUB0]
11-24 18:50:11.247   202  1788 D RILC    : RequestComplete, RIL_SOCKET_1
11-24 18:50:11.248   202  1788 E RILC    : Send Response to RIL_SOCKET_1
11-24 18:50:11.248  1254  1428 D RILJ    : [3750]< QUERY_NETWORK_SELECTION_MODE {0} [SUB0]
11-24 18:50:11.249   202  1787 D RILC    : RequestComplete, RIL_SOCKET_1
11-24 18:50:11.249   202  1787 E RILC    : Send Response to RIL_SOCKET_1
11-24 18:50:11.249   202  1787 D RILC    : RequestComplete, RIL_SOCKET_1
11-24 18:50:11.249   202  1787 E RILC    : Send Response to RIL_SOCKET_1
11-24 18:50:11.249   202  1789 D RILC    : RequestComplete, RIL_SOCKET_1
11-24 18:50:11.249   202  1789 E RILC    : Send Response to RIL_SOCKET_1
11-24 18:50:11.253   202  1786 D RILC    : RequestComplete, RIL_SOCKET_1
11-24 18:50:11.253   202  1786 E RILC    : Send Response to RIL_SOCKET_1
11-24 18:50:11.253   202  1786 D RILC    : RequestComplete, RIL_SOCKET_1
11-24 18:50:11.253   202  1786 E RILC    : Send Response to RIL_SOCKET_1
11-24 18:50:11.256  1254  1254 D CAT     : CatService: handleMessage[2]
11-24 18:50:11.256  1254  1254 D CAT     : CatService: ril message arrived,slotid:0
11-24 18:50:11.257  1254  1666 D CAT     : CommandParamsFactory: process DisplayText
11-24 18:50:11.259  1254  1428 D RILJ    : [3749]< VOICE_REGISTRATION_STATE {1, 101d, 002cb31f, 14, null, null, null, 0, null, null, 1, null, null, 0, null} [SUB0]
11-24 18:50:11.260  1254  1428 D RILJ    : [3753]< VOICE_REGISTRATION_STATE {1, 101d, 002cb31f, 14, null, null, null, 0, null, null, 1, null, null, 0, null} [SUB0]
11-24 18:50:11.260  1254  1428 D RILJ    : [3751]< OPERATOR {, , 46001} [SUB0]
11-24 18:50:11.260  1254  1428 D RILJ    : [3748]< DATA_REGISTRATION_STATE {1, null, 002cb31f, 14, null, 20, 4125, 446, 2929439, null, null} [SUB0]
11-24 18:50:11.260  1254  1428 D RILJ    : [3752]< DATA_REGISTRATION_STATE {1, null, 002cb31f, 14, null, 20, 4125, 446, 2929439, null, null} [SUB0]
11-24 18:50:11.275   202  1790 D RILC    : RequestComplete, RIL_SOCKET_1
11-24 18:50:11.275   202  1790 E RILC    : Send Response to RIL_SOCKET_1
11-24 18:50:11.275  1254  1428 D RILJ    : [3754]< QUERY_NETWORK_SELECTION_MODE {0} [SUB0]
11-24 18:50:11.281   786   806 D TelephonyManager: getTelephonyProperty: return propVal='null' phoneId=0 property='gsm.operator.numeric' defaultVal='' prop=
11-24 18:50:11.319  1254  1254 D SubscriptionInfoUpdater: [Receiver]+
11-24 18:50:11.319  1254  1254 D SubscriptionInfoUpdater: Action: android.intent.action.SIM_STATE_CHANGED
11-24 18:50:11.319  1254  1254 D SubscriptionInfoUpdater: slotId: 0
11-24 18:50:11.319  1254  1254 D SubscriptionInfoUpdater: simStatus: READY
11-24 18:50:11.319  1254  1254 D SubscriptionInfoUpdater: slotId: 0 simStatus: READY
11-24 18:50:11.319  1254  1254 D PhoneBase: getIccFileHandler: fh=Handler (com.android.internal.telephony.uicc.UsimFileHandler) {f134dd2}
11-24 18:50:11.319  1254  1254 D SubscriptionInfoUpdater: [Receiver]-
11-24 18:50:11.330  1254  1254 D PhoneProxy: [PhoneProxy] phoneObjectUpdater: newVoiceRadioTech=14
11-24 18:50:11.330  1254  1254 D PhoneProxy: [PhoneProxy] phoneObjectUpdater: volteReplacementRat=0
11-24 18:50:11.330  1254  1254 D PhoneProxy: [PhoneProxy] phoneObjectUpdater: No change ignore, newVoiceRadioTech=14 mActivePhone=GSM
11-24 18:50:11.331  1254  1254 D SubscriptionController: onReceive Intent { act=android.provider.Telephony.SPN_STRINGS_UPDATED flg=0x10 (has extras) }
11-24 18:50:11.341  1254  1254 E PhoneBase: Error! unregisterForCallWaiting() in PhoneBase should not be called, CDMAPhone inactive.
11-24 18:50:11.370  1254  1254 D TelephonyManager: getTelephonyProperty: return propVal='null' phoneId=0 property='gsm.operator.alpha' defaultVal='' prop=
11-24 18:50:11.418  1690  1791 D TelephonyManager: getTelephonyProperty: return propVal='cn' phoneId=0 property='gsm.sim.operator.iso-country' defaultVal='' prop=cn
11-24 18:50:11.421  1254  1254 E PhoneBase: Error! registerForCallWaiting() in PhoneBase should not be called, CDMAPhone inactive.
11-24 18:50:11.477  1254  1254 D RILJ    : [3755]> OPERATOR [SUB0]
11-24 18:50:11.489  1254  1254 D RILJ    : [3756]> DATA_REGISTRATION_STATE [SUB0]
11-24 18:50:11.496  1254  1254 D RILJ    : [3757]> VOICE_REGISTRATION_STATE [SUB0]
11-24 18:50:11.497  1254  1254 D RILJ    : [3758]> QUERY_NETWORK_SELECTION_MODE [SUB0]
11-24 18:50:11.498  1254  1254 D RILJ    : [3759]> OPERATOR [SUB0]
11-24 18:50:11.500  1254  1254 D RILJ    : [3760]> DATA_REGISTRATION_STATE [SUB0]
11-24 18:50:11.506  1254  1254 D RILJ    : [3761]> VOICE_REGISTRATION_STATE [SUB0]
11-24 18:50:11.515   202  1793 D RILC    : RequestComplete, RIL_SOCKET_1
11-24 18:50:11.517   202  1793 E RILC    : Send Response to RIL_SOCKET_1
11-24 18:50:11.518  1254  1254 D RILJ    : [3762]> QUERY_NETWORK_SELECTION_MODE [SUB0]
11-24 18:50:11.518  1254  1428 D RILJ    : [3755]< OPERATOR {, , 46001} [SUB0]
11-24 18:50:11.519   202  1793 D RILC    : RequestComplete, RIL_SOCKET_1
11-24 18:50:11.521  1254  1254 D CAT     : CatService: handleMessage[9]
11-24 18:50:11.521  1254  1254 D CAT     : CatService: DISPLAY_TEXT
11-24 18:50:11.522  1254  1254 D CAT     : CatService: Sending CmdMsg: com.android.internal.telephony.cat.CatCmdMessage@167f22a7 on slotid:0
11-24 18:50:11.523   202  1793 E RILC    : Send Response to RIL_SOCKET_1
11-24 18:50:11.524   202  1796 D RILC    : RequestComplete, RIL_SOCKET_1
11-24 18:50:11.524   202  1796 E RILC    : Send Response to RIL_SOCKET_1
11-24 18:50:11.528  1254  1428 D RILJ    : [3759]< OPERATOR {, , 46001} [SUB0]
11-24 18:50:11.528  1254  1428 D RILJ    : [3758]< QUERY_NETWORK_SELECTION_MODE {0} [SUB0]
11-24 18:50:11.530   202  1795 D RILC    : RequestComplete, RIL_SOCKET_1
11-24 18:50:11.530   202  1795 E RILC    : Send Response to RIL_SOCKET_1
11-24 18:50:11.530   202  1795 D RILC    : RequestComplete, RIL_SOCKET_1
11-24 18:50:11.530   202  1795 E RILC    : Send Response to RIL_SOCKET_1
11-24 18:50:11.531   202  1794 D RILC    : RequestComplete, RIL_SOCKET_1
11-24 18:50:11.531   202  1794 E RILC    : Send Response to RIL_SOCKET_1
11-24 18:50:11.531   202  1794 D RILC    : RequestComplete, RIL_SOCKET_1
11-24 18:50:11.531   202  1794 E RILC    : Send Response to RIL_SOCKET_1
11-24 18:50:11.534  1254  1428 D RILJ    : [3757]< VOICE_REGISTRATION_STATE {1, 101d, 002cb31f, 14, null, null, null, 0, null, null, 1, null, null, 0, null} [SUB0]
11-24 18:50:11.535  1254  1428 D RILJ    : [3761]< VOICE_REGISTRATION_STATE {1, 101d, 002cb31f, 14, null, null, null, 0, null, null, 1, null, null, 0, null} [SUB0]
11-24 18:50:11.535  1254  1428 D RILJ    : [3756]< DATA_REGISTRATION_STATE {1, null, 002cb31f, 14, null, 20, 4125, 446, 2929439, null, null} [SUB0]
11-24 18:50:11.535  1254  1428 D RILJ    : [3760]< DATA_REGISTRATION_STATE {1, null, 002cb31f, 14, null, 20, 4125, 446, 2929439, null, null} [SUB0]
