03-22 09:35:35.933     0   197 I auditd  : Starting up
03-22 09:35:35.957     0   197 I audit_log: Previous audit logfile detected, rotating
03-22 09:35:35.958     0   197 E audit_rules: Could not read audit rules /data/misc/audit/audit.rules: No such file or directory
03-22 09:35:36.089   185   185 I Vold    : Vold 2.1 (the revenge) firing up
03-22 09:35:36.089   185   185 D Vold    : Volume usbdisk state changing -1 (Initializing) -> 0 (No-Media)
03-22 09:35:36.089   185   185 I Cryptfs : Check if PFE is activated on Boot
03-22 09:35:36.099   185   185 E Cryptfs : Bad magic for real block device /dev/block/platform/msm_sdcc.1/by-name/metadata
03-22 09:35:36.099   185   185 E Cryptfs : Error getting crypt footer and key
11-24 18:49:52.962   786   786 I InstallerConnection: disconnecting...
11-24 18:49:53.032   786   786 I SystemServer: Entered the Android system server!
11-24 18:49:53.087   786   786 I SystemServiceManager: Starting com.android.server.pm.Installer
11-24 18:49:53.110   786   786 I Installer: Waiting for installd to be ready.
11-24 18:49:53.110   786   786 I InstallerConnection: connecting...
11-24 18:49:53.116   786   786 I SystemServiceManager: Starting com.android.server.am.ActivityManagerService$Lifecycle
11-24 18:49:53.174   786   786 I XXXXXX  : choosing minFree values for 32 Bit
11-24 18:49:53.174   786   786 I XXXXXX  : choosing minFree values for 32 Bit
11-24 18:49:53.174   786   786 I XXXXXX  : choosing minFree values for 32 Bit
11-24 18:49:53.174   786   786 I XXXXXX  : choosing minFree values for 32 Bit
11-24 18:49:53.174   786   786 I XXXXXX  : choosing minFree values for 32 Bit
11-24 18:49:53.174   786   786 I XXXXXX  : choosing minFree values for 32 Bit
11-24 18:49:53.183   786   786 I ActivityManager: Memory class: 192
11-24 18:49:53.187   786   807 I ServiceThread: Enabled StrictMode logging for ActivityManager looper.
11-24 18:49:53.189   786   808 I ServiceThread: Enabled StrictMode logging for android.ui looper.
11-24 18:49:53.332   786   786 I IntentFirewall: Read new rules (A:0 B:0 S:0)
11-24 18:49:53.343   786   813 I ServiceThread: Enabled StrictMode logging for android.display looper.
11-24 18:49:53.347   786   786 D AppOps  : AppOpsService published
11-24 18:49:53.348   786   786 I SystemServiceManager: Starting com.android.server.power.PowerManagerService
11-24 18:49:53.358   786   814 I ServiceThread: Enabled StrictMode logging for PowerManagerService looper.
11-24 18:49:55.413   786   786 I SystemServiceManager: Starting com.android.server.display.DisplayManagerService
11-24 18:49:55.419   786   786 I SystemServiceManager: Starting phase 100
11-24 18:49:55.435   786   813 I DisplayManagerService: Display device added: DisplayDeviceInfo{"Built-in Screen": uniqueId="local:0", 1080 x 1920, 60.0 fps, supportedRefreshRates [60.0], density 480, 442.451 x 443.345 dpi, appVsyncOff 7500000, presDeadline 12666667, touch INTERNAL, rotation 0, type BUILT_IN, state UNKNOWN, FLAG_DEFAULT_DISPLAY, FLAG_ROTATES_WITH_CONTENT, FLAG_SECURE, FLAG_SUPPORTS_PROTECTED_BUFFERS}
11-24 18:49:55.437   786   786 I SystemServer: Package Manager
11-24 18:49:55.452   786   786 W PackageManager: No security bridge jar found, using default
11-24 18:49:55.464   786   786 W SystemConfig: No directory /system/etc/sysconfig, skipping
11-24 18:49:55.536   786   786 D SELinuxMMAC: Using policy file /system/etc/security/mac_permissions.xml
11-24 18:49:56.229   786   786 W PackageParser: No actions in intent filter at /system/priv-app/Contacts/Contacts.apk Binary XML file line #362
11-24 18:49:56.524   786   786 W PackageParser: No actions in intent filter at /system/priv-app/Dialer/Dialer.apk Binary XML file line #185
11-24 18:49:57.547   786   786 W PackageParser: Unknown element under <intent-filter>: android at /system/priv-app/Telecom/Telecom.apk Binary XML file line #236
11-24 18:49:57.548   786   786 W PackageParser: Unknown element under <intent-filter>: android at /system/priv-app/Telecom/Telecom.apk Binary XML file line #244
11-24 18:49:57.832   786   786 W PackageParser: No actions in intent filter at /system/app/Bluetooth/Bluetooth.apk Binary XML file line #229
11-24 18:49:57.936   786   786 W PackageParser: No actions in intent filter at /system/app/CMFileManager/CMFileManager.apk Binary XML file line #166
11-24 18:49:58.660   786   786 W PackageParser: Unknown element under <application>: permission at /system/app/Gallery2/Gallery2.apk Binary XML file line #276
11-24 18:49:58.661   786   786 W PackageParser: Unknown element under <application>: permission at /system/app/Gallery2/Gallery2.apk Binary XML file line #279
11-24 18:49:59.590   786   786 W PackageParser: Unknown element under <application>: uses-permission at /system/app/shutdownlistener/shutdownlistener.apk Binary XML file line #11
11-24 18:49:59.883   786   786 W PackageManager: Package com.android.mms desires unavailable shared library com.qrd.wappush; ignoring!
11-24 18:49:59.883   786   786 E PackageManager: updateAllSharedLibrariesLPw failed: Package com.android.dialer requires unavailable shared library com.qualcomm.qti.smartsearch; failing!
11-24 18:49:59.883   786   786 W PackageManager: Package com.android.gallery3d desires unavailable shared library com.google.android.media.effects; ignoring!
11-24 18:49:59.883   786   786 W PackageManager: Package com.android.gallery3d desires unavailable shared library com.google.android.media.effects; ignoring!
11-24 18:49:59.883   786   786 W PackageManager: Package com.android.calculator2 desires unavailable shared library com.sec.android.app.multiwindow; ignoring!
11-24 18:49:59.883   786   786 I PackageManager: Adjusting ABI for : com.android.settings to armeabi-v7a
11-24 18:49:59.884   786   786 I PackageManager: Adjusting ABI for : com.cyanogenmod.setupwizard to armeabi-v7a
11-24 18:49:59.885   786   786 I PackageManager: Adjusting ABI for : cyanogenmod.platform to armeabi-v7a
11-24 18:49:59.886   786   786 I PackageManager: Adjusting ABI for : com.android.keychain to armeabi-v7a
11-24 18:49:59.888   786   786 I PackageManager: Adjusting ABI for : com.android.location.fused to armeabi-v7a
11-24 18:49:59.889   786   786 I PackageManager: Adjusting ABI for : com.android.providers.settings to armeabi-v7a
11-24 18:49:59.890   786   786 I PackageManager: Adjusting ABI for : com.android.inputdevices to armeabi-v7a
11-24 18:49:59.891   786   786 I PackageManager: Adjusting ABI for : com.android.development to armeabi-v7a
11-24 18:49:59.892   786   786 I PackageManager: Adjusting ABI for : com.android.server.telecom to armeabi-v7a
11-24 18:49:59.900   786   786 I PackageManager: Time to scan packages: 4.322 seconds
11-24 18:49:59.901   786   786 W PackageManager: Unknown permission com.google.android.googleapps.permission.GOOGLE_AUTH in package com.android.providers.calendar
11-24 18:49:59.901   786   786 W PackageManager: Unknown permission com.google.android.googleapps.permission.GOOGLE_AUTH.cl in package com.android.providers.calendar
11-24 18:49:59.903   786   786 W PackageManager: Not granting permission android.permission.ACCESS_DOWNLOAD_MANAGER to package com.android.browser (protectionLevel=18 flags=0x49be45)
11-24 18:49:59.903   786   786 W PackageManager: Not granting permission android.permission.SEND_DOWNLOAD_COMPLETED_INTENTS to package com.android.browser (protectionLevel=2 flags=0x49be45)
11-24 18:49:59.903   786   786 W PackageManager: Not granting permission android.permission.WRITE_MEDIA_STORAGE to package com.android.soundrecorder (protectionLevel=18 flags=0x8be45)
11-24 18:49:59.904   786   786 W PackageManager: Unknown permission com.cyngn.cmstats.SEND_ANALYTICS in package com.cyanogenmod.setupwizard
11-24 18:49:59.904   786   786 W PackageManager: Unknown permission com.cyanogen.permission.REQUEST_KILL_SWITCH_OP in package com.cyanogenmod.setupwizard
11-24 18:49:59.904   786   786 W PackageManager: Unknown permission com.google.android.c2dm.permission.RECEIVE in package org.whispersystems.whisperpush
11-24 18:49:59.905   786   786 W PackageManager: Unknown permission com.cyngn.stats.SEND_ANALYTICS in package org.whispersystems.whisperpush
11-24 18:49:59.906   786   786 W PackageManager: Unknown permission com.google.android.c2dm.permission.RECEIVE in package com.cyanogenmod.account
11-24 18:49:59.906   786   786 W PackageManager: Unknown permission android.permission.INSTALL_DRM in package com.android.mms
11-24 18:49:59.906   786   786 W PackageManager: Unknown permission com.qualcomm.permission.USE_PHONE_SERVICE in package com.android.mms
11-24 18:49:59.906   786   786 W PackageManager: Not granting permission android.permission.MANAGE_DOCUMENTS to package com.android.mms (protectionLevel=2 flags=0x4049be65)
11-24 18:49:59.907   786   786 W PackageManager: Unknown permission android.permission.NFC_UNLOCK in package com.android.nfc
11-24 18:49:59.907   786   786 W PackageManager: Unknown permission com.google.android.googleapps.permission.GOOGLE_AUTH.mail in package com.android.calendar
11-24 18:49:59.908   786   786 W PackageManager: Unknown permission com.android.launcher.permission.READ_SETTINGS in package com.android.onetimeinitializer
11-24 18:49:59.908   786   786 W PackageManager: Unknown permission com.android.launcher.permission.WRITE_SETTINGS in package com.android.onetimeinitializer
11-24 18:49:59.909   786   786 W PackageManager: Unknown permission com.qualcomm.permission.USE_PHONE_SERVICE in package com.android.dialer
11-24 18:49:59.910   786   786 W PackageManager: Unknown permission com.android.launcher.permission.READ_SETTINGS in package com.cyanogenmod.trebuchet
11-24 18:49:59.910   786   786 W PackageManager: Unknown permission com.android.launcher.permission.WRITE_SETTINGS in package com.cyanogenmod.trebuchet
11-24 18:49:59.910   786   786 W PackageManager: Unknown permission com.cyngn.stats.SEND_ANALYTICS in package com.cyanogenmod.trebuchet
11-24 18:49:59.911   786   786 W PackageManager: Unknown permission android.permission.CANCEL_NOTIFICATIONS in package org.cyanogenmod.theme.chooser
11-24 18:49:59.911   786   786 W PackageManager: Not granting permission android.permission.DELETE_PACKAGES to package com.svox.pico (protectionLevel=18 flags=0x8be45)
11-24 18:49:59.911   786   786 W PackageManager: Unknown permission android.permission.ACCESS_SUPERUSER in package com.cyanogenmod.filemanager
11-24 18:49:59.911   786   786 W PackageManager: Unknown permission com.cyanogenmod.filemanager.permissions.READ_THEME in package com.cyanogenmod.filemanager
11-24 18:49:59.912   786   786 W PackageManager: Unknown permission com.google.android.gallery3d.permission.PICASA_STORE in package com.android.dreams.phototable
11-24 18:49:59.913   786   786 W PackageManager: Unknown permission com.google.android.googleapps.permission.GOOGLE_AUTH in package com.android.settings
11-24 18:49:59.913   786   786 W PackageManager: Unknown permission com.android.launcher.permission.READ_SETTINGS in package com.android.settings
11-24 18:49:59.913   786   786 W PackageManager: Unknown permission com.android.launcher.permission.WRITE_SETTINGS in package com.android.settings
11-24 18:49:59.914   786   786 W PackageManager: Unknown permission com.cyanogen.permission.REQUEST_KILL_SWITCH_OP in package com.android.settings
11-24 18:49:59.914   786   786 W PackageManager: Unknown permission com.cyngn.stats.SEND_ANALYTICS in package com.android.settings
11-24 18:49:59.916   786   786 W PackageManager: Not granting permission android.permission.DEVICE_POWER to package com.android.deskclock (protectionLevel=2 flags=0x48be45)
11-24 18:49:59.916   786   786 W PackageManager: Unknown permission com.android.deskclock.worldclock.permissions.WRITE_DATABASE in package com.android.deskclock
11-24 18:49:59.917   786   786 W PackageManager: Unknown permission com.cyngn.stats.SEND_ANALYTICS in package com.android.systemui
11-24 18:49:59.918   786   786 W PackageManager: Unknown permission com.google.android.gallery3d.permission.GALLERY_PROVIDER in package com.android.bluetooth
11-24 18:49:59.918   786   786 W PackageManager: Unknown permission com.google.android.googleapps.permission.ACCESS_GOOGLE_PASSWORD in package com.android.development
11-24 18:49:59.919   786   786 W PackageManager: Unknown permission com.google.android.googleapps.permission.GOOGLE_AUTH in package com.android.development
11-24 18:49:59.919   786   786 W PackageManager: Unknown permission com.google.android.googleapps.permission.GOOGLE_AUTH.ALL_SERVICES in package com.android.development
11-24 18:49:59.919   786   786 W PackageManager: Unknown permission com.google.android.googleapps.permission.GOOGLE_AUTH.YouTubeUser in package com.android.development
11-24 18:49:59.919   786   786 V PackageManager: Disabling com.google.android.gsf/com.google.android.gsf.update.SystemUpdateActivity
11-24 18:49:59.920   786   786 W PackageManager: Unable to disable com.google.android.gsf/com.google.android.gsf.update.SystemUpdateActivity
11-24 18:49:59.920   786   786 V PackageManager: Disabling com.google.android.gsf/com.google.android.gsf.update.SystemUpdateService$Receiver
11-24 18:49:59.920   786   786 W PackageManager: Unable to disable com.google.android.gsf/com.google.android.gsf.update.SystemUpdateService$Receiver
11-24 18:49:59.920   786   786 V PackageManager: Disabling com.google.android.gsf/com.google.android.gsf.update.SystemUpdateService$SecretCodeReceiver
11-24 18:49:59.920   786   786 W PackageManager: Unable to disable com.google.android.gsf/com.google.android.gsf.update.SystemUpdateService$SecretCodeReceiver
11-24 18:49:59.920   786   786 V PackageManager: Disabling com.google.android.gms/com.google.android.gms.update.SystemUpdateActivity
11-24 18:49:59.920   786   786 W PackageManager: Unable to disable com.google.android.gms/com.google.android.gms.update.SystemUpdateActivity
11-24 18:49:59.920   786   786 V PackageManager: Disabling com.google.android.gms/com.google.android.gms.update.SystemUpdateService$Receiver
11-24 18:49:59.920   786   786 W PackageManager: Unable to disable com.google.android.gms/com.google.android.gms.update.SystemUpdateService$Receiver
11-24 18:49:59.921   786   786 V PackageManager: Disabling com.google.android.gms/com.google.android.gms.update.SystemUpdateService$ActiveReceiver
11-24 18:49:59.921   786   786 W PackageManager: Unable to disable com.google.android.gms/com.google.android.gms.update.SystemUpdateService$ActiveReceiver
11-24 18:49:59.921   786   786 V PackageManager: Disabling com.google.android.gms/com.google.android.gms.update.SystemUpdateService$SecretCodeReceiver
11-24 18:49:59.921   786   786 W PackageManager: Unable to disable com.google.android.gms/com.google.android.gms.update.SystemUpdateService$SecretCodeReceiver
11-24 18:49:59.921   786   786 V PackageManager: Enabling com.google.android.gsf/com.google.android.gsf.update.SystemUpdateService
11-24 18:49:59.921   786   786 W PackageManager: Unable to enable com.google.android.gsf/com.google.android.gsf.update.SystemUpdateService
11-24 18:49:59.921   786   786 V PackageManager: Enabling com.google.android.gms/com.google.android.gms.update.SystemUpdateService
11-24 18:49:59.921   786   786 W PackageManager: Unable to enable com.google.android.gms/com.google.android.gms.update.SystemUpdateService
11-24 18:50:00.040   786   786 I SystemServer: User Service
11-24 18:50:00.048   786   786 I SystemServiceManager: Starting com.android.server.lights.LightsService
11-24 18:50:00.053   786   786 I SystemServiceManager: Starting com.android.server.BatteryService
11-24 18:50:00.070   786   786 I SystemServiceManager: Starting com.android.server.usage.UsageStatsService
11-24 18:50:00.091   786   786 I SystemServiceManager: Starting com.android.server.webkit.WebViewUpdateService
11-24 18:50:00.097   786   786 I SystemServer: Reading configuration...
11-24 18:50:00.097   786   786 I SystemServer: Scheduling Policy
11-24 18:50:00.098   786   786 I SystemServiceManager: Starting com.android.server.telecom.TelecomLoaderService
11-24 18:50:00.098   786   786 I SystemServer: Telephony Registry
11-24 18:50:00.105   786   786 I SystemServer: Entropy Mixer
11-24 18:50:00.116   786   786 I EntropyMixer: Added HW RNG output to entropy pool
11-24 18:50:00.116   786   786 I EntropyMixer: Writing entropy...
11-24 18:50:00.132   786   786 I SystemServer: Account Manager
11-24 18:50:00.141   786   786 I SystemServer: Content Manager
11-24 18:50:00.145   786   786 I SystemServer: System Content Providers
11-24 18:50:00.194   786   786 I SystemServer: Vibrator Service
11-24 18:50:00.197   786   786 I SystemServer: Consumer IR Service
11-24 18:50:00.198   786   786 I SystemServiceManager: Starting com.android.server.AlarmManagerService
11-24 18:50:00.205   786   786 I SystemServer: Init Watchdog
11-24 18:50:00.205   786   786 I SystemServer: Input Manager
11-24 18:50:00.206   786   786 I InputManager: Initializing input manager, mUseDevInputEventForAudioJack=true
11-24 18:50:00.207   786   786 I SystemServer: Window Manager
11-24 18:50:00.246   786   813 I WindowManager: No existing display settings /data/system/display_settings.xml; starting empty
11-24 18:50:00.308   786   786 I InputManager: Starting input manager
11-24 18:50:00.317   786   786 I SystemServer: Bluetooth Manager Service
11-24 18:50:00.336   786   786 I SystemServer: Input Method Service
11-24 18:50:00.350   786   786 W InputMethodManagerService: Couldn't create dir.: /data/system/inputmethod
11-24 18:50:00.390   786   786 I SystemServer: Accessibility Manager
11-24 18:50:00.405   786   786 I XXXXXX  : choosing minFree values for 32 Bit
11-24 18:50:00.405   786   786 I XXXXXX  : choosing minFree values for 32 Bit
11-24 18:50:00.405   786   786 I XXXXXX  : choosing minFree values for 32 Bit
11-24 18:50:00.405   786   786 I XXXXXX  : choosing minFree values for 32 Bit
11-24 18:50:00.406   786   786 I XXXXXX  : choosing minFree values for 32 Bit
11-24 18:50:00.406   786   786 I XXXXXX  : choosing minFree values for 32 Bit
11-24 18:50:00.407   786   786 I ActivityManager: Config changes=1df8 {1.0 ?mcc?mnc en_US ?layoutDir sw360dp w360dp h640dp 480dpi nrml long port ?uimode ?night -touch -keyb/v/h -nav/h s.2 themeResource=null}
11-24 18:50:00.418   786   786 I ActivityManager: Config changes=508 {1.0 ?mcc?mnc en_US ?layoutDir sw360dp w360dp h567dp 480dpi nrml port ?uimode ?night finger -keyb/v/h -nav/h s.3 themeResource=null}
11-24 18:50:00.419   786   786 I SystemServer: Mount Service
11-24 18:50:00.425   786   786 D MountService: got storage path: null description: Internal storage primary: true removable: false emulated: true mtpReserve: 100 allowMassStorage: false maxFileSize: 0 allowMtp: true
11-24 18:50:00.435   786   786 D MountService: addVolumeLocked() StorageVolume:
11-24 18:50:00.435   786   786 D MountService:     mStorageId=65537 mPath=/storage/emulated/0 mDescriptionId=17041028 
11-24 18:50:00.435   786   786 D MountService:     mPrimary=true mRemovable=false mEmulated=true mMtpReserveSpace=100 
11-24 18:50:00.435   786   786 D MountService:     mAllowMassStorage=false mMaxFileSize=0 mOwner=UserHandle{0} mUuid=null 
11-24 18:50:00.435   786   786 D MountService:     mUserLabel=null mState=null mAllowMtp=true 
11-24 18:50:00.436   786   786 D MountService: got storage path: /storage/usbdisk description: USB storage primary: false removable: true emulated: false mtpReserve: 0 allowMassStorage: false maxFileSize: 0 allowMtp: true
11-24 18:50:00.436   786   786 D MountService: addVolumeLocked() StorageVolume:
11-24 18:50:00.436   786   786 D MountService:     mStorageId=0 mPath=/storage/usbdisk mDescriptionId=17041030 mPrimary=false 
11-24 18:50:00.436   786   786 D MountService:     mRemovable=true mEmulated=false mMtpReserveSpace=0 mAllowMassStorage=false 
11-24 18:50:00.436   786   786 D MountService:     mMaxFileSize=0 mOwner=null mUuid=null mUserLabel=null mState=null 
11-24 18:50:00.436   786   786 D MountService:     mAllowMtp=true 
11-24 18:50:00.448   786   786 I SystemServer: LockSettingsService
11-24 18:50:00.453   786   901 D MountService: volume state changed for /storage/usbdisk (unmounted -> removed)
11-24 18:50:00.456   786   786 I SystemServiceManager: Starting com.android.server.devicepolicy.DevicePolicyManagerService$Lifecycle
11-24 18:50:00.463   786   901 W PackageManager: Unknown permission com.google.android.googleapps.permission.GOOGLE_AUTH in package com.android.providers.calendar
11-24 18:50:00.463   786   901 W PackageManager: Unknown permission com.google.android.googleapps.permission.GOOGLE_AUTH.cl in package com.android.providers.calendar
11-24 18:50:00.463   786   901 W PackageManager: Not granting permission android.permission.ACCESS_DOWNLOAD_MANAGER to package com.android.browser (protectionLevel=18 flags=0x49be45)
11-24 18:50:00.463   786   901 W PackageManager: Not granting permission android.permission.SEND_DOWNLOAD_COMPLETED_INTENTS to package com.android.browser (protectionLevel=2 flags=0x49be45)
11-24 18:50:00.463   786   901 W PackageManager: Not granting permission android.permission.WRITE_MEDIA_STORAGE to package com.android.soundrecorder (protectionLevel=18 flags=0x8be45)
11-24 18:50:00.464   786   901 W PackageManager: Unknown permission com.cyngn.cmstats.SEND_ANALYTICS in package com.cyanogenmod.setupwizard
11-24 18:50:00.464   786   901 W PackageManager: Unknown permission com.cyanogen.permission.REQUEST_KILL_SWITCH_OP in package com.cyanogenmod.setupwizard
11-24 18:50:00.464   786   901 W PackageManager: Unknown permission com.google.android.c2dm.permission.RECEIVE in package org.whispersystems.whisperpush
11-24 18:50:00.464   786   901 W PackageManager: Unknown permission com.cyngn.stats.SEND_ANALYTICS in package org.whispersystems.whisperpush
11-24 18:50:00.464   786   901 W PackageManager: Unknown permission com.google.android.c2dm.permission.RECEIVE in package com.cyanogenmod.account
11-24 18:50:00.464   786   901 W PackageManager: Unknown permission android.permission.INSTALL_DRM in package com.android.mms
11-24 18:50:00.464   786   901 W PackageManager: Unknown permission com.qualcomm.permission.USE_PHONE_SERVICE in package com.android.mms
11-24 18:50:00.464   786   901 W PackageManager: Not granting permission android.permission.MANAGE_DOCUMENTS to package com.android.mms (protectionLevel=2 flags=0x4049be65)
11-24 18:50:00.464   786   901 W PackageManager: Unknown permission android.permission.NFC_UNLOCK in package com.android.nfc
11-24 18:50:00.464   786   901 W PackageManager: Unknown permission com.google.android.googleapps.permission.GOOGLE_AUTH.mail in package com.android.calendar
11-24 18:50:00.464   786   901 W PackageManager: Unknown permission com.android.launcher.permission.READ_SETTINGS in package com.android.onetimeinitializer
11-24 18:50:00.464   786   901 W PackageManager: Unknown permission com.android.launcher.permission.WRITE_SETTINGS in package com.android.onetimeinitializer
11-24 18:50:00.465   786   901 W PackageManager: Unknown permission com.qualcomm.permission.USE_PHONE_SERVICE in package com.android.dialer
11-24 18:50:00.465   786   901 W PackageManager: Unknown permission com.android.launcher.permission.READ_SETTINGS in package com.cyanogenmod.trebuchet
11-24 18:50:00.465   786   901 W PackageManager: Unknown permission com.android.launcher.permission.WRITE_SETTINGS in package com.cyanogenmod.trebuchet
11-24 18:50:00.465   786   901 W PackageManager: Unknown permission com.cyngn.stats.SEND_ANALYTICS in package com.cyanogenmod.trebuchet
11-24 18:50:00.465   786   901 W PackageManager: Unknown permission android.permission.CANCEL_NOTIFICATIONS in package org.cyanogenmod.theme.chooser
11-24 18:50:00.465   786   901 W PackageManager: Not granting permission android.permission.DELETE_PACKAGES to package com.svox.pico (protectionLevel=18 flags=0x8be45)
11-24 18:50:00.465   786   901 W PackageManager: Unknown permission android.permission.ACCESS_SUPERUSER in package com.cyanogenmod.filemanager
11-24 18:50:00.465   786   901 W PackageManager: Unknown permission com.cyanogenmod.filemanager.permissions.READ_THEME in package com.cyanogenmod.filemanager
11-24 18:50:00.465   786   901 W PackageManager: Unknown permission com.google.android.gallery3d.permission.PICASA_STORE in package com.android.dreams.phototable
11-24 18:50:00.465   786   901 W PackageManager: Unknown permission com.google.android.googleapps.permission.GOOGLE_AUTH in package com.android.settings
11-24 18:50:00.465   786   901 W PackageManager: Unknown permission com.android.launcher.permission.READ_SETTINGS in package com.android.settings
11-24 18:50:00.465   786   901 W PackageManager: Unknown permission com.android.launcher.permission.WRITE_SETTINGS in package com.android.settings
11-24 18:50:00.465   786   901 W PackageManager: Unknown permission com.cyanogen.permission.REQUEST_KILL_SWITCH_OP in package com.android.settings
11-24 18:50:00.465   786   901 W PackageManager: Unknown permission com.cyngn.stats.SEND_ANALYTICS in package com.android.settings
11-24 18:50:00.466   786   901 W PackageManager: Not granting permission android.permission.DEVICE_POWER to package com.android.deskclock (protectionLevel=2 flags=0x48be45)
11-24 18:50:00.466   786   901 W PackageManager: Unknown permission com.android.deskclock.worldclock.permissions.WRITE_DATABASE in package com.android.deskclock
11-24 18:50:00.466   786   901 W PackageManager: Unknown permission com.cyngn.stats.SEND_ANALYTICS in package com.android.systemui
11-24 18:50:00.466   786   901 W PackageManager: Unknown permission com.google.android.gallery3d.permission.GALLERY_PROVIDER in package com.android.bluetooth
11-24 18:50:00.466   786   901 W PackageManager: Unknown permission com.google.android.googleapps.permission.ACCESS_GOOGLE_PASSWORD in package com.android.development
11-24 18:50:00.466   786   901 W PackageManager: Unknown permission com.google.android.googleapps.permission.GOOGLE_AUTH in package com.android.development
11-24 18:50:00.466   786   901 W PackageManager: Unknown permission com.google.android.googleapps.permission.GOOGLE_AUTH.ALL_SERVICES in package com.android.development
11-24 18:50:00.466   786   901 W PackageManager: Unknown permission com.google.android.googleapps.permission.GOOGLE_AUTH.YouTubeUser in package com.android.development
11-24 18:50:00.516   786   786 I SystemServer: Status Bar
11-24 18:50:00.521   786   786 I SystemServer: Clipboard Service
11-24 18:50:00.530   786   786 W ClipboardService: No security bridge jar found, using default
11-24 18:50:00.531   786   786 I SystemServer: TorchService
11-24 18:50:00.546   786   786 I SystemServer: NetworkManagement Service
11-24 18:50:00.556   786   786 I SystemServer: Text Service Manager Service
11-24 18:50:00.568   786   786 I SystemServer: Network Score Service
11-24 18:50:00.569   786   786 I SystemServer: NetworkStats Service
11-24 18:50:00.577   786   786 I SystemServer: NetworkPolicy Service
11-24 18:50:00.591   786   786 I SystemServiceManager: Starting com.android.server.wifi.p2p.WifiP2pService
11-24 18:50:00.634   786   786 I SystemServiceManager: Starting com.android.server.wifi.WifiService
11-24 18:50:00.659   786   806 I UsageStatsService: User[0] Rollover scheduled @ 2016-11-25 08:00:00(1480032000000)
11-24 18:50:00.818   786   786 I SystemServiceManager: Starting com.android.server.wifi.WifiScanningService
11-24 18:50:00.819   786   786 I SystemServiceManager: Starting com.android.server.wifi.RttService
11-24 18:50:00.821   786   786 I SystemServiceManager: Starting com.android.server.ethernet.EthernetService
11-24 18:50:00.826   786   786 I SystemServer: Connectivity Service
11-24 18:50:00.835   786   786 D ConnectivityService: ConnectivityService starting up
11-24 18:50:00.839   786   786 D ConnectivityService: wifiOnly=false
11-24 18:50:00.839   786   786 E ConnectivityService: Ignoring protectedNetwork 15
11-24 18:50:00.850   786   786 I SystemServer: Network Service Discovery Service
11-24 18:50:00.855   786   786 D NsdService: Network service discovery enabled true
11-24 18:50:00.859   786   786 I SystemServer: DPM Service
11-24 18:50:00.859   786   786 I SystemServer: DPM configuration set to 0
11-24 18:50:00.859   786   786 I SystemServer: UpdateLock Service
11-24 18:50:00.911   786   786 I SystemServiceManager: Starting com.android.server.notification.NotificationManagerService
11-24 18:50:00.942   786   786 D ZenLog  : set_zen_mode: no_interruptions,setting
11-24 18:50:00.942   786   786 D ZenLog  : update_zen_mode: off -> no_interruptions
11-24 18:50:00.947   786   786 I SystemServiceManager: Starting com.android.server.storage.DeviceStorageMonitorService
11-24 18:50:00.951   786   786 I SystemServer: Location Manager
11-24 18:50:00.955   786   786 I SystemServer: Country Detector
11-24 18:50:00.956   786   786 I SystemServer: Search Service
11-24 18:50:00.958   786   786 I SystemServer: DropBox Service
11-24 18:50:00.960   786   786 I SystemServer: Wallpaper Service
11-24 18:50:00.971   786   786 W WallpaperManagerService: no current wallpaper -- first boot?
11-24 18:50:00.971   786   786 I SystemServer: Profile Manager
11-24 18:50:00.977   786   908 D WifiService: New client listening to asynchronous messages
11-24 18:50:00.998   786   786 I SystemServer: Audio Service
11-24 18:50:01.057   786   786 I SystemServiceManager: Starting com.android.server.DockObserver
11-24 18:50:01.059   786   786 W DockObserver: This kernel does not have dock station support
11-24 18:50:01.059   786   786 I SystemServer: Wired Accessory Manager
11-24 18:50:01.062   786   786 I SystemServiceManager: Starting com.android.server.usb.UsbService$Lifecycle
11-24 18:50:01.077   786   786 I SystemServer: Serial Service
11-24 18:50:01.078   786   786 I SystemServiceManager: Starting com.android.server.twilight.TwilightService
11-24 18:50:01.083   786   786 I SystemServiceManager: Starting com.android.server.UiModeManagerService
11-24 18:50:01.088   786   786 I SystemServiceManager: Starting com.android.server.job.JobSchedulerService
11-24 18:50:01.104   786   786 D JobStore: job-info
11-24 18:50:01.107   786   786 I SystemServiceManager: Starting com.android.server.backup.BackupManagerService$Lifecycle
11-24 18:50:01.109   786   786 I SystemServiceManager: Starting com.android.server.appwidget.AppWidgetService
11-24 18:50:01.114   786   786 I SystemServiceManager: Starting com.android.server.voiceinteraction.VoiceInteractionManagerService
11-24 18:50:01.118   786   786 W SoundTriggerHelper: listModules status=0, # of modules=0
11-24 18:50:01.119   786   786 I SystemServer: DiskStats Service
11-24 18:50:01.119   786   786 I SystemServer: SamplingProfiler Service
11-24 18:50:01.133   786   786 I SystemServer: NetworkTimeUpdateService
11-24 18:50:01.135   786   786 I SystemServer: CommonTimeManagementService
11-24 18:50:01.137   786   786 I SystemServer: CertBlacklister
11-24 18:50:01.138   786   786 I SystemServiceManager: Starting com.android.server.dreams.DreamManagerService
11-24 18:50:01.142   786   786 I SystemServer: Assets Atlas Service
11-24 18:50:01.148   786   786 I SystemServiceManager: Starting com.android.server.print.PrintManagerService
11-24 18:50:01.153   786   786 I SystemServiceManager: Starting com.android.server.restrictions.RestrictionsManagerService
11-24 18:50:01.156   786   786 I SystemServiceManager: Starting com.android.server.media.MediaSessionService
11-24 18:50:01.168   786   786 I SystemServer: Theme Service
11-24 18:50:01.177   786   786 I SystemServer: KillSwitch Service
11-24 18:50:01.178   786   786 I SystemServer: Media Router Service
11-24 18:50:01.180   786   786 I SystemServiceManager: Starting com.android.server.trust.TrustManagerService
11-24 18:50:01.183   786   786 I SystemServiceManager: Starting com.android.server.fingerprint.FingerprintService
11-24 18:50:01.186   786   786 I SystemServer: BackgroundDexOptService
11-24 18:50:01.192   786   786 I SystemServer: CmHardwareService
11-24 18:50:01.209   786   786 I SystemServiceManager: Starting com.android.server.pm.LauncherAppsService
11-24 18:50:01.214   786   786 D SystemServer: Wipower not supported
11-24 18:50:01.215   786   786 I SystemServer: EdgeGesture service
11-24 18:50:01.219   786   786 I SystemServiceManager: Starting com.android.server.media.projection.MediaProjectionManagerService
11-24 18:50:01.247   786   786 I SystemServiceManager: Starting com.android.server.MmsServiceBroker
11-24 18:50:01.276   786   786 E LockSettingsStorage: Cannot read file java.io.FileNotFoundException: /data/system/password.key: open failed: ENOENT (No such file or directory)
11-24 18:50:01.279   786   786 E LockSettingsStorage: Cannot read file java.io.FileNotFoundException: /data/system/gesture.key: open failed: ENOENT (No such file or directory)
11-24 18:50:01.280   786   786 I SystemServiceManager: Starting phase 480
11-24 18:50:01.323   786   786 I SystemServiceManager: Starting phase 500
11-24 18:50:01.325   786   786 I WifiService: WifiService starting up with Wi-Fi disabled
11-24 18:50:01.375   786   786 D WifiScanningService: New client, channel: null messenger: null
11-24 18:50:01.399   786   909 D ConnectivityService: Got NetworkFactory Messenger for Ethernet
11-24 18:50:01.416   786   786 I ActivityManager: Config changes=200 {1.0 ?mcc?mnc en_US ?layoutDir sw360dp w360dp h567dp 480dpi nrml port finger -keyb/v/h -nav/h s.4 themeResource=null}
11-24 18:50:01.435   786   786 V BackupManagerService: No ancestral data
11-24 18:50:01.438   786   786 D BackupManagerService: Now staging backup of com.android.providers.telephony
11-24 18:50:01.450   786   786 D BackupManagerService: Now staging backup of com.android.browser
11-24 18:50:01.453   786   786 D BackupManagerService: Now staging backup of android
11-24 18:50:01.456   786   786 D BackupManagerService: Now staging backup of com.android.mms
11-24 18:50:01.467   786   786 D BackupManagerService: Now staging backup of com.android.nfc
11-24 18:50:01.471   786   786 D BackupManagerService: Now staging backup of com.android.calendar
11-24 18:50:01.474   786   786 D BackupManagerService: Now staging backup of com.android.providers.settings
11-24 18:50:01.478   786   786 D BackupManagerService: Now staging backup of com.android.sharedstoragebackup
11-24 18:50:01.481   786   786 D BackupManagerService: Now staging backup of com.android.dialer
11-24 18:50:01.485   786   786 D BackupManagerService: Now staging backup of com.cyanogenmod.trebuchet
11-24 18:50:01.494   786   786 D BackupManagerService: Now staging backup of com.android.providers.userdictionary
11-24 18:50:01.505   786   786 V BackupManagerService: Starting with transport com.google.android.backup/.BackupTransportService
11-24 18:50:01.506   786   786 V BackupManagerService: Found transports: 1
11-24 18:50:01.507   786   786 I BackupManagerService: Binding to transport host ComponentInfo{android/com.android.internal.backup.LocalTransportService}
11-24 18:50:01.544   786   786 I BackupManagerService: Found stale backup journal, scheduling
11-24 18:50:01.616   786   814 D LiveDisplay: Adjust display temperature to 6500K [r=1.0 g=1.0 b=1.0]
11-24 18:50:01.667   786   786 I SystemServer: org.cyanogenmod.platform.internal.CMStatusBarManagerService
11-24 18:50:01.694   786   813 I DisplayManagerService: Display device changed: DisplayDeviceInfo{"Built-in Screen": uniqueId="local:0", 1080 x 1920, 60.0 fps, supportedRefreshRates [60.0], density 480, 442.451 x 443.345 dpi, appVsyncOff 7500000, presDeadline 12666667, touch INTERNAL, rotation 0, type BUILT_IN, state ON, FLAG_DEFAULT_DISPLAY, FLAG_ROTATES_WITH_CONTENT, FLAG_SECURE, FLAG_SUPPORTS_PROTECTED_BUFFERS}
11-24 18:50:01.716   786   786 I SystemServiceManager: Starting org.cyanogenmod.platform.internal.CMStatusBarManagerService
11-24 18:50:01.730   786   786 I AppOps  : Pruning old package media/1013: new uid=-1
11-24 18:50:01.731   786   786 I ActivityManager: System now ready
11-24 18:50:01.746   786   786 I SystemServer: Making services ready
11-24 18:50:01.746   786   786 I SystemServiceManager: Starting phase 550
11-24 18:50:01.759   786   786 I SystemServer: WebViewFactory preparation
11-24 18:50:01.817   786   786 I ActivityManager: Start proc 939:WebViewLoader-armeabi-v7a/1037 [android.webkit.WebViewFactory$RelroFileCreator] for 
11-24 18:50:01.870   786   786 I ActivityManager: Start proc 957:com.android.systemui/u0a16 for service com.android.systemui/.SystemUIService
11-24 18:50:01.871   786   899 W MountService: Duplicate state transition (mounted -> mounted) for /storage/emulated/0
11-24 18:50:01.874   786   786 D NetworkManagementService: enabling bandwidth control
11-24 18:50:01.967   786   807 I ActivityManager: Start proc 979:android.process.media/u0a9 for broadcast com.android.providers.media/.MtpReceiver
11-24 18:50:02.389   786   786 E NetdConnector: NDC Command {2 bandwidth enable} took too long (515ms)
11-24 18:50:02.700   786   802 I StatusBarManagerService: registerStatusBar bar=com.android.internal.statusbar.IStatusBar$Stub$Proxy@291c980d
11-24 18:50:02.749   786   786 I SystemServiceManager: Starting phase 600
11-24 18:50:02.776   786   786 I BackupManagerService: Backup enabled => false
11-24 18:50:02.778   786   786 I BackupManagerService: Opting out of backup
11-24 18:50:02.804   786   786 E InputMethodManagerService: Ignoring setImeWindowStatus due to an invalid token. uid:1000 token:null
11-24 18:50:02.902   786   786 I ActivityManager: Start proc 1097:com.android.inputmethod.latin/u0a40 for service com.android.inputmethod.latin/.LatinIME
11-24 18:50:02.903   786   786 V InputMethodManagerService: Adding window token: android.os.Binder@38921c2b
11-24 18:50:03.115   786   786 W LocationManagerService: no network location provider found
11-24 18:50:03.120   786   786 E LocationManagerService: no geocoder provider found
11-24 18:50:03.166   786   786 E LocationManagerService: Unable to bind FusedProxy.
11-24 18:50:03.187   786   786 E LocationManagerService: Unable to bind FLP Geofence proxy.
11-24 18:50:03.191   786   786 E LocationManagerService: Hardware Activity-Recognition not supported.
11-24 18:50:03.268   786   807 I ActivityManager: Start proc 1139:com.android.settings/1000 for broadcast com.android.settings/.widget.SettingsAppWidgetProvider
11-24 18:50:03.310   786   786 I MmsServiceBroker: systemRunning
11-24 18:50:03.320   786   786 W VoiceInteractionManagerService: no available voice interaction services found for user 0
11-24 18:50:03.320   786   786 W VoiceInteractionManagerService: no available voice recognition services found for user 0
11-24 18:50:03.462   786   786 I ActivityManager: Start proc 1170:org.cyanogenmod.audiofx/u0a0 for added application org.cyanogenmod.audiofx
11-24 18:50:03.550   786   786 I ActivityManager: Start proc 1193:com.android.nfc/1027 for added application com.android.nfc
11-24 18:50:03.646   786   786 I ActivityManager: Start proc 1215:com.android.incallui/u0a8 for added application com.android.incallui
11-24 18:50:03.862   786   786 I ActivityManager: Start proc 1254:com.android.phone/1001 for added application com.android.phone
11-24 18:50:03.869   786   786 I ActivityManager: START u0 {act=android.intent.action.MAIN cat=[android.intent.category.HOME] flg=0x10000000 cmp=com.cyanogenmod.trebuchet/com.android.launcher3.Launcher} from uid 0 on display 0
11-24 18:50:03.885   786   786 V WindowManager: addAppToken: AppWindowToken{3d20969a token=Token{5dc6f45 ActivityRecord{3570e3bc u0 com.cyanogenmod.trebuchet/com.android.launcher3.Launcher t1}}} to stack=0 task=1 at 0
11-24 18:50:03.941   786   786 I ActivityManager: Start proc 1276:com.cyanogenmod.trebuchet/u0a19 for activity com.cyanogenmod.trebuchet/com.android.launcher3.Launcher
11-24 18:50:03.955   786   786 I SystemServer: Enabled StrictMode for system server main thread.
11-24 18:50:04.075   786   806 I ActivityManager: Start proc 1299:com.android.printspooler/u0a51 for service com.android.printspooler/.model.PrintSpoolerService
11-24 18:50:04.166   786  1171 I ActivityManager: Start proc 1329:android.process.acore/u0a6 for content provider com.android.providers.userdictionary/.UserDictionaryProvider
11-24 18:50:04.266   786   786 V ActivityManager: Display changed displayId=0
11-24 18:50:04.409   786   786 V ActivityManager: Display changed displayId=0
11-24 18:50:04.491   786   786 V ActivityManager: Display changed displayId=0
11-24 18:50:04.492   786   786 V ActivityManager: Display changed displayId=0
11-24 18:50:04.556   786   786 I Telecom : TelecomGlobals: TelecomGlobals initializing
11-24 18:50:04.712   786   786 I Telecom : TelecomGlobals: CallsManager initialized
11-24 18:50:04.714   786   786 W ContextImpl: Calling a method in the system process without a qualified user: android.app.ContextImpl.startService:1732 android.content.ContextWrapper.startService:522 com.android.server.telecom.BluetoothPhoneService.start:468 com.android.server.telecom.TelecomGlobals.initialize:101 com.android.server.telecom.TelecomService.onCreate:164 
11-24 18:50:04.745   786   786 I ValidateNoPeople: skipping global notification
11-24 18:50:04.853   786   786 D ZenLog  : intercepted: -1|android|17040867|null|1000,none
11-24 18:50:04.853   786   786 V NotificationService: pkg=android canInterrupt=false intercept=true
11-24 18:50:04.879   786   786 D ZenLog  : downtime: Autotrigger skipped: already in zen
11-24 18:50:04.942   786   786 W ResourcesManager: Asset path '/system/framework/com.android.location.provider.jar' does not exist or contains no resources.
11-24 18:50:04.989   786   786 V WiredAccessoryManager: notifyWiredAccessoryChanged: when=0 bits=SW_HEADPHONE_INSERT SW_MICROPHONE_INSERT mask=54
11-24 18:50:04.989   786   786 V WiredAccessoryManager: newName=h2w newState=1 headsetState=1 prev headsetState=0
11-24 18:50:04.991   786   786 V WiredAccessoryManager: init()
11-24 18:50:05.169   786   908 D WifiService: New client listening to asynchronous messages
11-24 18:50:05.219   786   908 D WifiService: New client listening to asynchronous messages
11-24 18:50:05.343   786  1298 D ConnectivityService: listenForNetwork for NetworkRequest [ id=2, legacyType=-1, [] ]
11-24 18:50:05.454   786   786 V BackupManagerService: Connected to transport ComponentInfo{android/com.android.internal.backup.LocalTransportService}
11-24 18:50:05.455   786   786 V BackupManagerService: Registering transport android/com.android.internal.backup.LocalTransportService::android/com.android.internal.backup.LocalTransport = android.app.backup.BackupTransport$TransportImpl@329de8f4
11-24 18:50:05.572   786  1297 I ActivityManager: Start proc 1519:com.android.smspush/u0a59 for service com.android.smspush/.WapPushManager
11-24 18:50:05.607   786   786 V WiredAccessoryManager: device h2w connected
11-24 18:50:05.759   786   807 I ActivityManager: Start proc 1550:com.cyanogenmod.eleven/u0a33 for broadcast com.cyanogenmod.eleven/.MediaButtonIntentReceiver
11-24 18:50:05.818   786   909 E ConnectivityService: Failed to find Messenger in unregisterNetworkFactory
11-24 18:50:05.822   786   909 D ConnectivityService: Got NetworkFactory Messenger for Telephony
11-24 18:50:05.921   786  1216 I ActivityManager: Start proc 1577:com.cyanogenmod.lockclock/u0a43 for content provider com.cyanogenmod.lockclock/.weather.WeatherContentProvider
11-24 18:50:06.089   786  1171 W ActivityManager: Unable to start service Intent { cmp=org.codeaurora.ims/.ImsService } U=0: not found
11-24 18:50:06.235   786   803 I ActivityManager: Start proc 1618:com.cyanogenmod.eleven:main/u0a33 for service com.cyanogenmod.eleven/.MusicPlaybackService
11-24 18:50:06.400   786  1216 V WindowManager: Based on layer: Adding window Window{13909e50 u0 com.cyanogenmod.trebuchet/com.android.launcher3.Launcher} at 0 of 1
11-24 18:50:07.109   786   908 D WifiService: New client listening to asynchronous messages
11-24 18:50:07.242   786   807 W KeyguardServiceDelegate: onScreenTurnedOn(): no keyguard service!
11-24 18:50:07.558   786  1298 I ActivityManager: Start proc 1690:com.android.cellbroadcastreceiver/u0a5 for broadcast com.android.cellbroadcastreceiver/.CellBroadcastReceiver
11-24 18:50:07.893  1254  1254 D MccTable: updateMccMncConfiguration mccmnc='' fromServiceState=false
11-24 18:50:08.182   786   908 D WifiService: New client listening to asynchronous messages
11-24 18:50:08.243   786   808 W WindowManager: Keyguard drawn timeout. Setting mKeyguardDrawComplete
11-24 18:50:08.550   786   909 D ConnectivityService: unregisterNetworkFactory for Telephony
11-24 18:50:08.554   786   909 D ConnectivityService: Got NetworkFactory Messenger for Telephony
11-24 18:50:08.785   185   290 D VoldCmdListener: cryptfs getpw
11-24 18:50:08.792   185   290 D VoldCmdListener: cryptfs clearpw
11-24 18:50:09.285  1254  1254 D MccTable: updateMccMncConfiguration mccmnc='46001' fromServiceState=false
11-24 18:50:09.291  1254  1254 D MccTable: updateMccMncConfiguration defaultMccMnc=
11-24 18:50:09.291  1254  1254 D MccTable: updateMccMncConfiguration: mcc=460, mnc=1
11-24 18:50:09.292  1254  1254 D MccTable: defaultLanguageForMcc(460): country cn uses zh
11-24 18:50:09.292  1254  1254 D MccTable: getLocaleFromMcc to zh_cn mcc=460
11-24 18:50:09.292  1254  1254 D MccTable: getLocaleForLanguageCountry: not permitted to update locale
11-24 18:50:09.294  1254  1254 D MccTable: updateMccMncConfiguration updateConfig config={1.0 460mcc1mnc ?locale ?layoutDir ?swdp ?wdp ?hdp ?density ?lsize ?long ?orien ?uimode ?night ?touch ?keyb/?/? ?nav/? themeResource=null}
11-24 18:50:09.300   786  1247 I ActivityManager: Config changes=3 {1.0 460mcc1mnc en_US ?layoutDir sw360dp w360dp h567dp 480dpi nrml port finger -keyb/v/h -nav/h s.5 themeResource=null}
11-24 18:50:09.747  1254  1254 D MccTable: getLocaleForLanguageCountry: not permitted to update locale
11-24 18:50:09.747  1254  1254 D MccTable: setSystemLocale: no locale
11-24 18:50:10.125   786  1247 V WindowManager: Based on layer: Adding window Window{71b55b6 u0 com.cyanogenmod.trebuchet/com.android.launcher3.Launcher} at 0 of 5
11-24 18:50:10.567  1254  1254 D MccTable: updateMccMncConfiguration mccmnc='46001' fromServiceState=false
11-24 18:50:10.571  1254  1254 D MccTable: updateMccMncConfiguration defaultMccMnc=46001
11-24 18:50:10.571  1254  1254 D MccTable: updateMccMncConfiguration: mcc=460, mnc=1
11-24 18:50:10.571  1254  1254 D MccTable: defaultLanguageForMcc(460): country cn uses zh
11-24 18:50:10.571  1254  1254 D MccTable: getLocaleFromMcc to zh_cn mcc=460
11-24 18:50:10.572  1254  1254 D MccTable: getLocaleForLanguageCountry: not permitted to update locale
11-24 18:50:10.572  1254  1254 D MccTable: updateMccMncConfiguration updateConfig config={1.0 460mcc1mnc ?locale ?layoutDir ?swdp ?wdp ?hdp ?density ?lsize ?long ?orien ?uimode ?night ?touch ?keyb/?/? ?nav/? themeResource=null}
11-24 18:50:11.450   786   813 W WindowManager: App freeze timeout expired.
11-24 18:50:11.452   786   813 W WindowManager: Window freeze timeout expired.
11-24 18:50:11.452   786   813 W WindowManager: Force clearing orientation change: Window{3b9d39c8 u0 NavigationBar}
11-24 18:50:11.452   786   813 W WindowManager: Force clearing orientation change: Window{39a4c475 u0 StatusBar}
11-24 18:50:11.452   786   813 W WindowManager: Force clearing orientation change: Window{22dd3d45 u0 com.android.systemui.ImageWallpaper}
11-24 18:50:11.489   786   813 I WindowManager: Screen frozen for +2s145ms due to Window{3b9d39c8 u0 NavigationBar}
11-24 18:50:11.671  1254  1254 D MccTable: updateMccMncConfiguration mccmnc='46001' fromServiceState=true
11-24 18:50:11.673  1254  1254 D MccTable: updateMccMncConfiguration defaultMccMnc=46001
11-24 18:50:11.673  1254  1254 D MccTable: updateMccMncConfiguration: mcc=460, mnc=1
11-24 18:50:11.673  1254  1254 D MccTable: defaultLanguageForMcc(460): country cn uses zh
11-24 18:50:11.674  1254  1254 D MccTable: getLocaleFromMcc to zh_cn mcc=460
11-24 18:50:11.674  1254  1254 D MccTable: getLocaleForLanguageCountry: not permitted to update locale
11-24 18:50:11.674  1254  1254 D MccTable: WIFI_COUNTRY_CODE set to cn
11-24 18:50:11.675   786  1169 I WifiService: WifiService trying to set country code to cn with persist set to true
11-24 18:50:11.807   786  1245 I ActivityManager: START u0 {flg=0x74840000 cmp=com.android.stk/.StkDialogActivity (has extras)} from uid 1001 on display 0
11-24 18:50:11.850   786  1245 V WindowManager: addAppToken: AppWindowToken{251df323 token=Token{1dc4b452 ActivityRecord{17dc10dd u0 com.android.stk/.StkDialogActivity t2}}} to stack=1 task=2 at 0
11-24 18:50:11.870   786   786 V ActivityManager: Display changed displayId=0
11-24 18:50:12.482   786  1297 V WindowManager: Adding window Window{29f7de77 u0 com.android.stk/com.android.stk.StkDialogActivity} at 2 of 7 (after Window{71b55b6 u0 com.cyanogenmod.trebuchet/com.android.launcher3.Launcher})
11-24 18:50:14.856   786   813 I SystemServiceManager: Starting phase 1000
11-24 18:50:15.407   786  1245 I WindowManager: Screenshot max retries 4 of Token{1dc4b452 ActivityRecord{17dc10dd u0 com.android.stk/.StkDialogActivity t2}} appWin=Window{29f7de77 u0 com.android.stk/com.android.stk.StkDialogActivity} drawState=4
11-24 18:50:15.486   786  1851 I BootReceiver: Copying /proc/last_kmsg to DropBox (SYSTEM_LAST_KMSG)
11-24 18:50:15.510   786  1169 I ActivityManager: Start proc 1854:com.android.deskclock/u0a31 for broadcast com.android.deskclock/.AlarmInitReceiver
11-24 18:50:15.527   786  1851 I BootReceiver: Copying audit failures to DropBox
11-24 18:50:15.539   786  1851 I BootReceiver: Copied 1460 worth of audits to DropBox
11-24 18:50:15.549   786  1851 I BootReceiver: Checking for fsck errors
11-24 18:50:15.564   786  1850 I ActivityManager: Start proc 1882:com.android.keychain/1000 for service com.android.keychain/.KeyChainService
11-24 18:50:15.817   786  1216 I ActivityManager: Start proc 1910:com.android.dialer/u0a8 for broadcast com.android.dialer/.calllog.CallLogReceiver
