11-24 19:16:13.413   786  1219 V WindowManager: Adding window Window{2f928da1 u0 io.github.izzyleung.zhihudailypurify/io.github.izzyleung.zhihudailypurify.ui.activity.MainActivity} at 2 of 8 (before Window{6a2ccee u0 Starting io.github.izzyleung.zhihudailypurify})
11-24 19:16:16.831   786   936 D TaskPersister: removeObsoleteFile: deleting file=129_task.xml
11-24 19:16:16.833   786   936 D TaskPersister: removeObsoleteFile: deleting file=129_task_thumbnail.png
11-24 19:16:18.696   786  1297 I ActivityManager: START u0 {cmp=io.github.izzyleung.zhihudailypurify/.ui.activity.PickDateActivity} from uid 10075 on display 0
11-24 19:16:18.708   786  1297 V WindowManager: addAppToken: AppWindowToken{38ac9e52 token=Token{332962dd ActivityRecord{114186b4 u0 io.github.izzyleung.zhihudailypurify/.ui.activity.PickDateActivity t130}}} to stack=1 task=130 at 1
11-24 19:16:18.807   786   893 V WindowManager: Adding window Window{3dca5a20 u0 io.github.izzyleung.zhihudailypurify/io.github.izzyleung.zhihudailypurify.ui.activity.PickDateActivity} at 3 of 8 (after Window{2f928da1 u0 io.github.izzyleung.zhihudailypurify/io.github.izzyleung.zhihudailypurify.ui.activity.MainActivity})
11-24 19:16:24.561   786  1169 I ActivityManager: START u0 {act=android.intent.action.MAIN cat=[android.intent.category.LAUNCHER] flg=0x10200000 cmp=io.github.izzyleung.zhihudailypurify/.ui.activity.MainActivity (has extras)} from uid 10019 on display 0
11-24 19:16:24.577   786  1169 V WindowManager: addAppToken: AppWindowToken{fb5a4e token=Token{21e5e149 ActivityRecord{db88b50 u0 io.github.izzyleung.zhihudailypurify/.ui.activity.MainActivity t131}}} to stack=1 task=131 at 0
11-24 19:16:24.584   786   813 V WindowManager: Adding window Window{2e037081 u0 Starting io.github.izzyleung.zhihudailypurify} at 2 of 7 (after Window{71b55b6 u0 com.cyanogenmod.trebuchet/com.android.launcher3.Launcher})
11-24 19:16:24.662   786  1298 V WindowManager: Adding window Window{27ed6880 u0 io.github.izzyleung.zhihudailypurify/io.github.izzyleung.zhihudailypurify.ui.activity.MainActivity} at 2 of 8 (before Window{2e037081 u0 Starting io.github.izzyleung.zhihudailypurify})
11-24 19:16:28.099   786   936 D TaskPersister: removeObsoleteFile: deleting file=130_task.xml
11-24 19:16:28.100   786   936 D TaskPersister: removeObsoleteFile: deleting file=130_task_thumbnail.png
11-24 19:16:29.913   786   803 I ActivityManager: START u0 {cmp=io.github.izzyleung.zhihudailypurify/.ui.activity.PickDateActivity} from uid 10075 on display 0
11-24 19:16:29.915   786   803 V WindowManager: addAppToken: AppWindowToken{f207d75 token=Token{37008cac ActivityRecord{11d0a5f u0 io.github.izzyleung.zhihudailypurify/.ui.activity.PickDateActivity t131}}} to stack=1 task=131 at 1
11-24 19:16:30.009   786  1244 V WindowManager: Adding window Window{21b1ed7b u0 io.github.izzyleung.zhihudailypurify/io.github.izzyleung.zhihudailypurify.ui.activity.PickDateActivity} at 3 of 8 (after Window{27ed6880 u0 io.github.izzyleung.zhihudailypurify/io.github.izzyleung.zhihudailypurify.ui.activity.MainActivity})
11-24 19:16:35.765   786  1247 I ActivityManager: START u0 {act=android.intent.action.MAIN cat=[android.intent.category.LAUNCHER] flg=0x10200000 cmp=io.github.izzyleung.zhihudailypurify/.ui.activity.MainActivity (has extras)} from uid 10019 on display 0
11-24 19:16:35.778   786  1247 V WindowManager: addAppToken: AppWindowToken{1adf4361 token=Token{288046c8 ActivityRecord{e952b6b u0 io.github.izzyleung.zhihudailypurify/.ui.activity.MainActivity t132}}} to stack=1 task=132 at 0
11-24 19:16:35.789   786   813 V WindowManager: Adding window Window{15f726e0 u0 Starting io.github.izzyleung.zhihudailypurify} at 2 of 7 (after Window{71b55b6 u0 com.cyanogenmod.trebuchet/com.android.launcher3.Launcher})
11-24 19:16:35.884   786   893 V WindowManager: Adding window Window{3a7bc55b u0 io.github.izzyleung.zhihudailypurify/io.github.izzyleung.zhihudailypurify.ui.activity.MainActivity} at 2 of 8 (before Window{15f726e0 u0 Starting io.github.izzyleung.zhihudailypurify})
11-24 19:16:39.291   786   936 D TaskPersister: removeObsoleteFile: deleting file=131_task.xml
11-24 19:16:39.291   786   936 D TaskPersister: removeObsoleteFile: deleting file=131_task_thumbnail.png
11-24 19:16:41.226   786  1169 I ActivityManager: START u0 {cmp=io.github.izzyleung.zhihudailypurify/.ui.activity.PickDateActivity} from uid 10075 on display 0
11-24 19:16:41.241   786  1169 V WindowManager: addAppToken: AppWindowToken{33e535a4 token=Token{19a75c37 ActivityRecord{2e48536 u0 io.github.izzyleung.zhihudailypurify/.ui.activity.PickDateActivity t132}}} to stack=1 task=132 at 1
11-24 19:16:41.325   786   803 V WindowManager: Adding window Window{38ebbec2 u0 io.github.izzyleung.zhihudailypurify/io.github.izzyleung.zhihudailypurify.ui.activity.PickDateActivity} at 3 of 8 (after Window{3a7bc55b u0 io.github.izzyleung.zhihudailypurify/io.github.izzyleung.zhihudailypurify.ui.activity.MainActivity})
11-24 19:16:47.095   786  1244 I ActivityManager: START u0 {act=android.intent.action.MAIN cat=[android.intent.category.LAUNCHER] flg=0x10200000 cmp=io.github.izzyleung.zhihudailypurify/.ui.activity.MainActivity (has extras)} from uid 10019 on display 0
11-24 19:16:47.108   786  1244 V WindowManager: addAppToken: AppWindowToken{20ff9540 token=Token{3a8f48c3 ActivityRecord{3db55c72 u0 io.github.izzyleung.zhihudailypurify/.ui.activity.MainActivity t133}}} to stack=1 task=133 at 0
11-24 19:16:47.116   786   813 V WindowManager: Adding window Window{274f0d3b u0 Starting io.github.izzyleung.zhihudailypurify} at 2 of 7 (after Window{71b55b6 u0 com.cyanogenmod.trebuchet/com.android.launcher3.Launcher})
11-24 19:16:47.214   786  1245 V WindowManager: Adding window Window{1ab9c622 u0 io.github.izzyleung.zhihudailypurify/io.github.izzyleung.zhihudailypurify.ui.activity.MainActivity} at 2 of 8 (before Window{274f0d3b u0 Starting io.github.izzyleung.zhihudailypurify})
11-24 19:16:50.625   786   936 D TaskPersister: removeObsoleteFile: deleting file=132_task.xml
11-24 19:16:50.626   786   936 D TaskPersister: removeObsoleteFile: deleting file=132_task_thumbnail.png
11-24 19:16:52.511   786  1219 I ActivityManager: START u0 {cmp=io.github.izzyleung.zhihudailypurify/.ui.activity.PickDateActivity} from uid 10075 on display 0
11-24 19:16:52.527   786  1219 V WindowManager: addAppToken: AppWindowToken{3d0a5d0f token=Token{6d2226e ActivityRecord{387835e9 u0 io.github.izzyleung.zhihudailypurify/.ui.activity.PickDateActivity t133}}} to stack=1 task=133 at 1
11-24 19:16:52.616   786  1219 V WindowManager: Adding window Window{1a9547a5 u0 io.github.izzyleung.zhihudailypurify/io.github.izzyleung.zhihudailypurify.ui.activity.PickDateActivity} at 3 of 8 (after Window{1ab9c622 u0 io.github.izzyleung.zhihudailypurify/io.github.izzyleung.zhihudailypurify.ui.activity.MainActivity})
11-24 19:16:58.383   786  1219 I ActivityManager: START u0 {act=android.intent.action.MAIN cat=[android.intent.category.LAUNCHER] flg=0x10200000 cmp=io.github.izzyleung.zhihudailypurify/.ui.activity.MainActivity (has extras)} from uid 10019 on display 0
11-24 19:16:58.396   786  1219 V WindowManager: addAppToken: AppWindowToken{9a3c51b token=Token{2a87332a ActivityRecord{25206415 u0 io.github.izzyleung.zhihudailypurify/.ui.activity.MainActivity t134}}} to stack=1 task=134 at 0
11-24 19:16:58.404   786   813 V WindowManager: Adding window Window{2f5efd82 u0 Starting io.github.izzyleung.zhihudailypurify} at 2 of 7 (after Window{71b55b6 u0 com.cyanogenmod.trebuchet/com.android.launcher3.Launcher})
11-24 19:16:58.494   786   802 V WindowManager: Adding window Window{29a37c85 u0 io.github.izzyleung.zhihudailypurify/io.github.izzyleung.zhihudailypurify.ui.activity.MainActivity} at 2 of 8 (before Window{2f5efd82 u0 Starting io.github.izzyleung.zhihudailypurify})
11-24 19:17:01.913   786   936 D TaskPersister: removeObsoleteFile: deleting file=133_task.xml
11-24 19:17:01.915   786   936 D TaskPersister: removeObsoleteFile: deleting file=133_task_thumbnail.png
11-24 19:17:03.781   786  1244 I ActivityManager: START u0 {cmp=io.github.izzyleung.zhihudailypurify/.ui.activity.PickDateActivity} from uid 10075 on display 0
11-24 19:17:03.794   786  1244 V WindowManager: addAppToken: AppWindowToken{1b49aaa6 token=Token{6245c01 ActivityRecord{33fddde8 u0 io.github.izzyleung.zhihudailypurify/.ui.activity.PickDateActivity t134}}} to stack=1 task=134 at 1
11-24 19:17:03.876   786  1216 V WindowManager: Adding window Window{1ec6f094 u0 io.github.izzyleung.zhihudailypurify/io.github.izzyleung.zhihudailypurify.ui.activity.PickDateActivity} at 3 of 8 (after Window{29a37c85 u0 io.github.izzyleung.zhihudailypurify/io.github.izzyleung.zhihudailypurify.ui.activity.MainActivity})
11-24 19:17:09.597   786  1219 I ActivityManager: START u0 {act=android.intent.action.MAIN cat=[android.intent.category.LAUNCHER] flg=0x10200000 cmp=io.github.izzyleung.zhihudailypurify/.ui.activity.MainActivity (has extras)} from uid 10019 on display 0
11-24 19:17:09.601   786  1219 V WindowManager: addAppToken: AppWindowToken{123364e2 token=Token{1babe9ad ActivityRecord{2ad1a6c4 u0 io.github.izzyleung.zhihudailypurify/.ui.activity.MainActivity t135}}} to stack=1 task=135 at 0
11-24 19:17:09.605   786   813 V WindowManager: Adding window Window{3c2da165 u0 Starting io.github.izzyleung.zhihudailypurify} at 2 of 7 (after Window{71b55b6 u0 com.cyanogenmod.trebuchet/com.android.launcher3.Launcher})
11-24 19:17:09.707   786  1297 V WindowManager: Adding window Window{7ce48f4 u0 io.github.izzyleung.zhihudailypurify/io.github.izzyleung.zhihudailypurify.ui.activity.MainActivity} at 2 of 8 (before Window{3c2da165 u0 Starting io.github.izzyleung.zhihudailypurify})
11-24 19:17:13.118   786   936 D TaskPersister: removeObsoleteFile: deleting file=134_task.xml
11-24 19:17:13.119   786   936 D TaskPersister: removeObsoleteFile: deleting file=134_task_thumbnail.png
11-24 19:17:15.065   786  1247 I ActivityManager: START u0 {cmp=io.github.izzyleung.zhihudailypurify/.ui.activity.PickDateActivity} from uid 10075 on display 0
11-24 19:17:15.077   786  1247 V WindowManager: addAppToken: AppWindowToken{bca9919 token=Token{3f010060 ActivityRecord{894ec63 u0 io.github.izzyleung.zhihudailypurify/.ui.activity.PickDateActivity t135}}} to stack=1 task=135 at 1
11-24 19:17:15.157   786  1169 V WindowManager: Adding window Window{1ddfebbf u0 io.github.izzyleung.zhihudailypurify/io.github.izzyleung.zhihudailypurify.ui.activity.PickDateActivity} at 3 of 8 (after Window{7ce48f4 u0 io.github.izzyleung.zhihudailypurify/io.github.izzyleung.zhihudailypurify.ui.activity.MainActivity})
11-24 19:17:20.899   786  1298 I ActivityManager: START u0 {act=android.intent.action.MAIN cat=[android.intent.category.LAUNCHER] flg=0x10200000 cmp=io.github.izzyleung.zhihudailypurify/.ui.activity.MainActivity (has extras)} from uid 10019 on display 0
11-24 19:17:20.912   786  1298 V WindowManager: addAppToken: AppWindowToken{1eebb645 token=Token{2da4e6bc ActivityRecord{243142af u0 io.github.izzyleung.zhihudailypurify/.ui.activity.MainActivity t136}}} to stack=1 task=136 at 0
11-24 19:17:20.916   786   813 V WindowManager: Adding window Window{8a95154 u0 Starting io.github.izzyleung.zhihudailypurify} at 2 of 7 (after Window{71b55b6 u0 com.cyanogenmod.trebuchet/com.android.launcher3.Launcher})
11-24 19:17:21.013   786  1219 V WindowManager: Adding window Window{1be359f u0 io.github.izzyleung.zhihudailypurify/io.github.izzyleung.zhihudailypurify.ui.activity.MainActivity} at 2 of 8 (before Window{8a95154 u0 Starting io.github.izzyleung.zhihudailypurify})
11-24 19:17:24.437   786   936 D TaskPersister: removeObsoleteFile: deleting file=135_task.xml
11-24 19:17:24.438   786   936 D TaskPersister: removeObsoleteFile: deleting file=135_task_thumbnail.png
11-24 19:17:26.349   786   893 I ActivityManager: START u0 {cmp=io.github.izzyleung.zhihudailypurify/.ui.activity.PickDateActivity} from uid 10075 on display 0
11-24 19:17:26.365   786   893 V WindowManager: addAppToken: AppWindowToken{251115d8 token=Token{245a8cbb ActivityRecord{83d54a u0 io.github.izzyleung.zhihudailypurify/.ui.activity.PickDateActivity t136}}} to stack=1 task=136 at 1
11-24 19:17:26.454   786   802 V WindowManager: Adding window Window{11b1fc16 u0 io.github.izzyleung.zhihudailypurify/io.github.izzyleung.zhihudailypurify.ui.activity.PickDateActivity} at 3 of 8 (after Window{1be359f u0 io.github.izzyleung.zhihudailypurify/io.github.izzyleung.zhihudailypurify.ui.activity.MainActivity})
11-24 19:17:32.131   786  1169 I ActivityManager: START u0 {act=android.intent.action.MAIN cat=[android.intent.category.LAUNCHER] flg=0x10200000 cmp=io.github.izzyleung.zhihudailypurify/.ui.activity.MainActivity (has extras)} from uid 10019 on display 0
11-24 19:17:32.150   786  1169 V WindowManager: addAppToken: AppWindowToken{34f009b4 token=Token{1327b687 ActivityRecord{293f96c6 u0 io.github.izzyleung.zhihudailypurify/.ui.activity.MainActivity t137}}} to stack=1 task=137 at 0
11-24 19:17:32.159   786   813 V WindowManager: Adding window Window{18c6ef7f u0 Starting io.github.izzyleung.zhihudailypurify} at 2 of 7 (after Window{71b55b6 u0 com.cyanogenmod.trebuchet/com.android.launcher3.Launcher})
11-24 19:17:32.249   786  1216 V WindowManager: Adding window Window{34813d76 u0 io.github.izzyleung.zhihudailypurify/io.github.izzyleung.zhihudailypurify.ui.activity.MainActivity} at 2 of 8 (before Window{18c6ef7f u0 Starting io.github.izzyleung.zhihudailypurify})
11-24 19:17:35.662   786   936 D TaskPersister: removeObsoleteFile: deleting file=136_task.xml
11-24 19:17:35.663   786   936 D TaskPersister: removeObsoleteFile: deleting file=136_task_thumbnail.png
11-24 19:17:37.553   786  1245 I ActivityManager: START u0 {cmp=io.github.izzyleung.zhihudailypurify/.ui.activity.PickDateActivity} from uid 10075 on display 0
11-24 19:17:37.566   786  1245 V WindowManager: addAppToken: AppWindowToken{22f56c13 token=Token{153bbb02 ActivityRecord{3225444d u0 io.github.izzyleung.zhihudailypurify/.ui.activity.PickDateActivity t137}}} to stack=1 task=137 at 1
11-24 19:17:37.654   786  1247 V WindowManager: Adding window Window{178ed849 u0 io.github.izzyleung.zhihudailypurify/io.github.izzyleung.zhihudailypurify.ui.activity.PickDateActivity} at 3 of 8 (after Window{34813d76 u0 io.github.izzyleung.zhihudailypurify/io.github.izzyleung.zhihudailypurify.ui.activity.MainActivity})
11-24 19:17:43.382   786  1244 I ActivityManager: START u0 {act=android.intent.action.MAIN cat=[android.intent.category.LAUNCHER] flg=0x10200000 cmp=io.github.izzyleung.zhihudailypurify/.ui.activity.MainActivity (has extras)} from uid 10019 on display 0
11-24 19:17:43.404   786  1244 V WindowManager: addAppToken: AppWindowToken{28f2195f token=Token{8ecddfe ActivityRecord{24165b9 u0 io.github.izzyleung.zhihudailypurify/.ui.activity.MainActivity t138}}} to stack=1 task=138 at 0
11-24 19:17:43.409   786   813 V WindowManager: Adding window Window{f4caed6 u0 Starting io.github.izzyleung.zhihudailypurify} at 2 of 7 (after Window{71b55b6 u0 com.cyanogenmod.trebuchet/com.android.launcher3.Launcher})
11-24 19:17:43.490   786   802 V WindowManager: Adding window Window{2c2a2f29 u0 io.github.izzyleung.zhihudailypurify/io.github.izzyleung.zhihudailypurify.ui.activity.MainActivity} at 2 of 8 (before Window{f4caed6 u0 Starting io.github.izzyleung.zhihudailypurify})
11-24 19:17:46.926   786   936 D TaskPersister: removeObsoleteFile: deleting file=137_task.xml
11-24 19:17:46.927   786   936 D TaskPersister: removeObsoleteFile: deleting file=137_task_thumbnail.png
11-24 19:17:48.779   786  1219 I ActivityManager: START u0 {cmp=io.github.izzyleung.zhihudailypurify/.ui.activity.PickDateActivity} from uid 10075 on display 0
11-24 19:17:48.787   786  1219 V WindowManager: addAppToken: AppWindowToken{3cc45bba token=Token{2b8d94e5 ActivityRecord{227e9bdc u0 io.github.izzyleung.zhihudailypurify/.ui.activity.PickDateActivity t138}}} to stack=1 task=138 at 1
11-24 19:17:48.889   786  1219 V WindowManager: Adding window Window{1f4799c8 u0 io.github.izzyleung.zhihudailypurify/io.github.izzyleung.zhihudailypurify.ui.activity.PickDateActivity} at 3 of 8 (after Window{2c2a2f29 u0 io.github.izzyleung.zhihudailypurify/io.github.izzyleung.zhihudailypurify.ui.activity.MainActivity})
11-24 19:17:54.623   786  1297 I ActivityManager: START u0 {act=android.intent.action.MAIN cat=[android.intent.category.LAUNCHER] flg=0x10200000 cmp=io.github.izzyleung.zhihudailypurify/.ui.activity.MainActivity (has extras)} from uid 10019 on display 0
11-24 19:17:54.634   786  1297 V WindowManager: addAppToken: AppWindowToken{33ec5036 token=Token{115addd1 ActivityRecord{18f904f8 u0 io.github.izzyleung.zhihudailypurify/.ui.activity.MainActivity t139}}} to stack=1 task=139 at 0
11-24 19:17:54.645   786   813 V WindowManager: Adding window Window{2d7a7609 u0 Starting io.github.izzyleung.zhihudailypurify} at 2 of 7 (after Window{71b55b6 u0 com.cyanogenmod.trebuchet/com.android.launcher3.Launcher})
11-24 19:17:54.732   786  1216 V WindowManager: Adding window Window{39339c28 u0 io.github.izzyleung.zhihudailypurify/io.github.izzyleung.zhihudailypurify.ui.activity.MainActivity} at 2 of 8 (before Window{2d7a7609 u0 Starting io.github.izzyleung.zhihudailypurify})
11-24 19:17:58.153   786   936 D TaskPersister: removeObsoleteFile: deleting file=138_task.xml
11-24 19:17:58.154   786   936 D TaskPersister: removeObsoleteFile: deleting file=138_task_thumbnail.png
11-24 19:18:00.080   786  1245 I ActivityManager: START u0 {cmp=io.github.izzyleung.zhihudailypurify/.ui.activity.PickDateActivity} from uid 10075 on display 0
11-24 19:18:00.086   786  1245 V WindowManager: addAppToken: AppWindowToken{200a0c7d token=Token{163a52d4 ActivityRecord{3eb6f027 u0 io.github.izzyleung.zhihudailypurify/.ui.activity.PickDateActivity t139}}} to stack=1 task=139 at 1
11-24 19:18:00.183   786  1245 V WindowManager: Adding window Window{249867c3 u0 io.github.izzyleung.zhihudailypurify/io.github.izzyleung.zhihudailypurify.ui.activity.PickDateActivity} at 3 of 8 (after Window{39339c28 u0 io.github.izzyleung.zhihudailypurify/io.github.izzyleung.zhihudailypurify.ui.activity.MainActivity})
11-24 19:18:05.945   786  1216 I ActivityManager: START u0 {act=android.intent.action.MAIN cat=[android.intent.category.LAUNCHER] flg=0x10200000 cmp=io.github.izzyleung.zhihudailypurify/.ui.activity.MainActivity (has extras)} from uid 10019 on display 0
11-24 19:18:05.956   786  1216 V WindowManager: addAppToken: AppWindowToken{38b7ace9 token=Token{b09c170 ActivityRecord{35d2c7b3 u0 io.github.izzyleung.zhihudailypurify/.ui.activity.MainActivity t140}}} to stack=1 task=140 at 0
11-24 19:18:05.975   786   813 V WindowManager: Adding window Window{6904e88 u0 Starting io.github.izzyleung.zhihudailypurify} at 2 of 7 (after Window{71b55b6 u0 com.cyanogenmod.trebuchet/com.android.launcher3.Launcher})
11-24 19:18:06.062   786   802 V WindowManager: Adding window Window{31d03a3 u0 io.github.izzyleung.zhihudailypurify/io.github.izzyleung.zhihudailypurify.ui.activity.MainActivity} at 2 of 8 (before Window{6904e88 u0 Starting io.github.izzyleung.zhihudailypurify})
11-24 19:18:09.466   786   936 D TaskPersister: removeObsoleteFile: deleting file=139_task.xml
11-24 19:18:09.467   786   936 D TaskPersister: removeObsoleteFile: deleting file=139_task_thumbnail.png
11-24 19:18:11.406   786  1219 I ActivityManager: START u0 {cmp=io.github.izzyleung.zhihudailypurify/.ui.activity.PickDateActivity} from uid 10075 on display 0
11-24 19:18:11.422   786  1219 V WindowManager: addAppToken: AppWindowToken{1f1d4ccc token=Token{ff236ff ActivityRecord{2fca6e1e u0 io.github.izzyleung.zhihudailypurify/.ui.activity.PickDateActivity t140}}} to stack=1 task=140 at 1
11-24 19:18:11.522   786  1171 V WindowManager: Adding window Window{282b4e2a u0 io.github.izzyleung.zhihudailypurify/io.github.izzyleung.zhihudailypurify.ui.activity.PickDateActivity} at 3 of 8 (after Window{31d03a3 u0 io.github.izzyleung.zhihudailypurify/io.github.izzyleung.zhihudailypurify.ui.activity.MainActivity})
11-24 19:18:17.138   786   803 I ActivityManager: START u0 {act=android.intent.action.MAIN cat=[android.intent.category.LAUNCHER] flg=0x10200000 cmp=io.github.izzyleung.zhihudailypurify/.ui.activity.MainActivity (has extras)} from uid 10019 on display 0
11-24 19:18:17.146   786   803 V WindowManager: addAppToken: AppWindowToken{2d75b0e8 token=Token{3cf36a0b ActivityRecord{16cb95da u0 io.github.izzyleung.zhihudailypurify/.ui.activity.MainActivity t141}}} to stack=1 task=141 at 0
11-24 19:18:17.150   786   813 V WindowManager: Adding window Window{225d0f83 u0 Starting io.github.izzyleung.zhihudailypurify} at 2 of 7 (after Window{71b55b6 u0 com.cyanogenmod.trebuchet/com.android.launcher3.Launcher})
11-24 19:18:17.250   786  1247 V WindowManager: Adding window Window{1da5298a u0 io.github.izzyleung.zhihudailypurify/io.github.izzyleung.zhihudailypurify.ui.activity.MainActivity} at 2 of 8 (before Window{225d0f83 u0 Starting io.github.izzyleung.zhihudailypurify})
11-24 19:18:20.657   786   936 D TaskPersister: removeObsoleteFile: deleting file=140_task.xml
11-24 19:18:20.658   786   936 D TaskPersister: removeObsoleteFile: deleting file=140_task_thumbnail.png
11-24 19:18:22.595   786  1171 I ActivityManager: START u0 {cmp=io.github.izzyleung.zhihudailypurify/.ui.activity.PickDateActivity} from uid 10075 on display 0
11-24 19:18:22.611   786  1171 V WindowManager: addAppToken: AppWindowToken{1f7e4cd7 token=Token{3345456 ActivityRecord{2fadde71 u0 io.github.izzyleung.zhihudailypurify/.ui.activity.PickDateActivity t141}}} to stack=1 task=141 at 1
11-24 19:18:22.722   786  1245 V WindowManager: Adding window Window{6f0f0ad u0 io.github.izzyleung.zhihudailypurify/io.github.izzyleung.zhihudailypurify.ui.activity.PickDateActivity} at 3 of 8 (after Window{1da5298a u0 io.github.izzyleung.zhihudailypurify/io.github.izzyleung.zhihudailypurify.ui.activity.MainActivity})
11-24 19:18:28.419   786  1247 I ActivityManager: START u0 {act=android.intent.action.MAIN cat=[android.intent.category.LAUNCHER] flg=0x10200000 cmp=io.github.izzyleung.zhihudailypurify/.ui.activity.MainActivity (has extras)} from uid 10019 on display 0
11-24 19:18:28.428   786  1247 V WindowManager: addAppToken: AppWindowToken{24d08b63 token=Token{373d8592 ActivityRecord{3dc5f1d u0 io.github.izzyleung.zhihudailypurify/.ui.activity.MainActivity t142}}} to stack=1 task=142 at 0
11-24 19:18:28.439   786   813 V WindowManager: Adding window Window{207034ea u0 Starting io.github.izzyleung.zhihudailypurify} at 2 of 7 (after Window{71b55b6 u0 com.cyanogenmod.trebuchet/com.android.launcher3.Launcher})
11-24 19:18:28.528   786   803 V WindowManager: Adding window Window{2478498d u0 io.github.izzyleung.zhihudailypurify/io.github.izzyleung.zhihudailypurify.ui.activity.MainActivity} at 2 of 8 (before Window{207034ea u0 Starting io.github.izzyleung.zhihudailypurify})
11-24 19:18:31.947   786   936 D TaskPersister: removeObsoleteFile: deleting file=141_task.xml
11-24 19:18:31.948   786   936 D TaskPersister: removeObsoleteFile: deleting file=141_task_thumbnail.png
11-24 19:18:33.875   786  1245 I ActivityManager: START u0 {cmp=io.github.izzyleung.zhihudailypurify/.ui.activity.PickDateActivity} from uid 10075 on display 0
11-24 19:18:33.887   786  1245 V WindowManager: addAppToken: AppWindowToken{3b0c58e token=Token{3e2cf189 ActivityRecord{2fecb490 u0 io.github.izzyleung.zhihudailypurify/.ui.activity.PickDateActivity t142}}} to stack=1 task=142 at 1
11-24 19:18:33.984   786   803 V WindowManager: Adding window Window{e1089bc u0 io.github.izzyleung.zhihudailypurify/io.github.izzyleung.zhihudailypurify.ui.activity.PickDateActivity} at 3 of 8 (after Window{2478498d u0 io.github.izzyleung.zhihudailypurify/io.github.izzyleung.zhihudailypurify.ui.activity.MainActivity})
11-24 19:18:39.636   786  1247 I ActivityManager: START u0 {act=android.intent.action.MAIN cat=[android.intent.category.LAUNCHER] flg=0x10200000 cmp=io.github.izzyleung.zhihudailypurify/.ui.activity.MainActivity (has extras)} from uid 10019 on display 0
11-24 19:18:39.638   786  1247 V WindowManager: addAppToken: AppWindowToken{10e4704a token=Token{b25e1b5 ActivityRecord{a67d9ec u0 io.github.izzyleung.zhihudailypurify/.ui.activity.MainActivity t143}}} to stack=1 task=143 at 0
11-24 19:18:39.643   786   813 V WindowManager: Adding window Window{30dd926d u0 Starting io.github.izzyleung.zhihudailypurify} at 2 of 7 (after Window{71b55b6 u0 com.cyanogenmod.trebuchet/com.android.launcher3.Launcher})
11-24 19:18:39.730   786  1297 V WindowManager: Adding window Window{190b961c u0 io.github.izzyleung.zhihudailypurify/io.github.izzyleung.zhihudailypurify.ui.activity.MainActivity} at 2 of 8 (before Window{30dd926d u0 Starting io.github.izzyleung.zhihudailypurify})
11-24 19:18:43.160   786   936 D TaskPersister: removeObsoleteFile: deleting file=142_task.xml
11-24 19:18:43.162   786   936 D TaskPersister: removeObsoleteFile: deleting file=142_task_thumbnail.png
11-24 19:18:45.096   786  1298 I ActivityManager: START u0 {cmp=io.github.izzyleung.zhihudailypurify/.ui.activity.PickDateActivity} from uid 10075 on display 0
11-24 19:18:45.107   786  1298 V WindowManager: addAppToken: AppWindowToken{23413ba1 token=Token{c49f808 ActivityRecord{2a1dd9ab u0 io.github.izzyleung.zhihudailypurify/.ui.activity.PickDateActivity t143}}} to stack=1 task=143 at 1
11-24 19:18:45.213   786   893 V WindowManager: Adding window Window{55e6587 u0 io.github.izzyleung.zhihudailypurify/io.github.izzyleung.zhihudailypurify.ui.activity.PickDateActivity} at 3 of 8 (after Window{190b961c u0 io.github.izzyleung.zhihudailypurify/io.github.izzyleung.zhihudailypurify.ui.activity.MainActivity})
11-24 19:18:50.947   786  1219 I ActivityManager: START u0 {act=android.intent.action.MAIN cat=[android.intent.category.LAUNCHER] flg=0x10200000 cmp=io.github.izzyleung.zhihudailypurify/.ui.activity.MainActivity (has extras)} from uid 10019 on display 0
11-24 19:18:50.957   786  1219 V WindowManager: addAppToken: AppWindowToken{11d8cb4d token=Token{a448ae4 ActivityRecord{bc5be77 u0 io.github.izzyleung.zhihudailypurify/.ui.activity.MainActivity t144}}} to stack=1 task=144 at 0
11-24 19:18:50.964   786   813 V WindowManager: Adding window Window{17c4527c u0 Starting io.github.izzyleung.zhihudailypurify} at 2 of 7 (after Window{71b55b6 u0 com.cyanogenmod.trebuchet/com.android.launcher3.Launcher})
11-24 19:18:51.061   786  1219 V WindowManager: Adding window Window{3ed3367 u0 io.github.izzyleung.zhihudailypurify/io.github.izzyleung.zhihudailypurify.ui.activity.MainActivity} at 2 of 8 (before Window{17c4527c u0 Starting io.github.izzyleung.zhihudailypurify})
11-24 19:18:54.480   786   936 D TaskPersister: removeObsoleteFile: deleting file=143_task.xml
11-24 19:18:54.481   786   936 D TaskPersister: removeObsoleteFile: deleting file=143_task_thumbnail.png
11-24 19:18:56.407   786   893 I ActivityManager: START u0 {cmp=io.github.izzyleung.zhihudailypurify/.ui.activity.PickDateActivity} from uid 10075 on display 0
11-24 19:18:56.423   786   893 V WindowManager: addAppToken: AppWindowToken{146bce80 token=Token{3c0f9f03 ActivityRecord{38c423b2 u0 io.github.izzyleung.zhihudailypurify/.ui.activity.PickDateActivity t144}}} to stack=1 task=144 at 1
11-24 19:18:56.527   786  1216 V WindowManager: Adding window Window{3b4cc8fe u0 io.github.izzyleung.zhihudailypurify/io.github.izzyleung.zhihudailypurify.ui.activity.PickDateActivity} at 3 of 8 (after Window{3ed3367 u0 io.github.izzyleung.zhihudailypurify/io.github.izzyleung.zhihudailypurify.ui.activity.MainActivity})
11-24 19:19:02.197   786  1247 I ActivityManager: START u0 {act=android.intent.action.MAIN cat=[android.intent.category.LAUNCHER] flg=0x10200000 cmp=io.github.izzyleung.zhihudailypurify/.ui.activity.MainActivity (has extras)} from uid 10019 on display 0
11-24 19:19:02.208   786  1247 V WindowManager: addAppToken: AppWindowToken{1ad2bedc token=Token{3bcce74f ActivityRecord{6bb6dae u0 io.github.izzyleung.zhihudailypurify/.ui.activity.MainActivity t145}}} to stack=1 task=145 at 0
11-24 19:19:02.217   786   813 V WindowManager: Adding window Window{10387147 u0 Starting io.github.izzyleung.zhihudailypurify} at 2 of 7 (after Window{71b55b6 u0 com.cyanogenmod.trebuchet/com.android.launcher3.Launcher})
11-24 19:19:02.317   786  1219 V WindowManager: Adding window Window{d349e5e u0 io.github.izzyleung.zhihudailypurify/io.github.izzyleung.zhihudailypurify.ui.activity.MainActivity} at 2 of 8 (before Window{10387147 u0 Starting io.github.izzyleung.zhihudailypurify})
11-24 19:19:05.732   786   936 D TaskPersister: removeObsoleteFile: deleting file=144_task.xml
11-24 19:19:05.733   786   936 D TaskPersister: removeObsoleteFile: deleting file=144_task_thumbnail.png
11-24 19:19:07.660   786  1245 I ActivityManager: START u0 {cmp=io.github.izzyleung.zhihudailypurify/.ui.activity.PickDateActivity} from uid 10075 on display 0
11-24 19:19:07.671   786  1245 V WindowManager: addAppToken: AppWindowToken{22dcc35b token=Token{2ba8426a ActivityRecord{356b2855 u0 io.github.izzyleung.zhihudailypurify/.ui.activity.PickDateActivity t145}}} to stack=1 task=145 at 1
11-24 19:19:07.770   786   803 V WindowManager: Adding window Window{382f4d1 u0 io.github.izzyleung.zhihudailypurify/io.github.izzyleung.zhihudailypurify.ui.activity.PickDateActivity} at 3 of 8 (after Window{d349e5e u0 io.github.izzyleung.zhihudailypurify/io.github.izzyleung.zhihudailypurify.ui.activity.MainActivity})
11-24 19:19:13.476   786  1244 I ActivityManager: START u0 {act=android.intent.action.MAIN cat=[android.intent.category.LAUNCHER] flg=0x10200000 cmp=io.github.izzyleung.zhihudailypurify/.ui.activity.MainActivity (has extras)} from uid 10019 on display 0
11-24 19:19:13.487   786  1244 V WindowManager: addAppToken: AppWindowToken{21381f27 token=Token{2163bde6 ActivityRecord{759b441 u0 io.github.izzyleung.zhihudailypurify/.ui.activity.MainActivity t146}}} to stack=1 task=146 at 0
11-24 19:19:13.500   786   813 V WindowManager: Adding window Window{26f2a3be u0 Starting io.github.izzyleung.zhihudailypurify} at 2 of 7 (after Window{71b55b6 u0 com.cyanogenmod.trebuchet/com.android.launcher3.Launcher})
11-24 19:19:13.578   786  1298 V WindowManager: Adding window Window{1cd72fb1 u0 io.github.izzyleung.zhihudailypurify/io.github.izzyleung.zhihudailypurify.ui.activity.MainActivity} at 2 of 8 (before Window{26f2a3be u0 Starting io.github.izzyleung.zhihudailypurify})
11-24 19:19:17.006   786   936 D TaskPersister: removeObsoleteFile: deleting file=145_task.xml
11-24 19:19:17.007   786   936 D TaskPersister: removeObsoleteFile: deleting file=145_task_thumbnail.png
11-24 19:19:18.870   786   803 I ActivityManager: START u0 {cmp=io.github.izzyleung.zhihudailypurify/.ui.activity.PickDateActivity} from uid 10075 on display 0
11-24 19:19:18.881   786   803 V WindowManager: addAppToken: AppWindowToken{2babbc22 token=Token{2d7e15ed ActivityRecord{1b9bdc04 u0 io.github.izzyleung.zhihudailypurify/.ui.activity.PickDateActivity t146}}} to stack=1 task=146 at 1
11-24 19:19:18.979   786   803 V WindowManager: Adding window Window{1dfcb470 u0 io.github.izzyleung.zhihudailypurify/io.github.izzyleung.zhihudailypurify.ui.activity.PickDateActivity} at 3 of 8 (after Window{1cd72fb1 u0 io.github.izzyleung.zhihudailypurify/io.github.izzyleung.zhihudailypurify.ui.activity.MainActivity})
11-24 19:19:24.681   786  1297 I ActivityManager: START u0 {act=android.intent.action.MAIN cat=[android.intent.category.LAUNCHER] flg=0x10200000 cmp=io.github.izzyleung.zhihudailypurify/.ui.activity.MainActivity (has extras)} from uid 10019 on display 0
11-24 19:19:24.691   786  1297 V WindowManager: addAppToken: AppWindowToken{f5ed91e token=Token{28dfd959 ActivityRecord{289e19a0 u0 io.github.izzyleung.zhihudailypurify/.ui.activity.MainActivity t147}}} to stack=1 task=147 at 0
11-24 19:19:24.696   786   813 V WindowManager: Adding window Window{29225a91 u0 Starting io.github.izzyleung.zhihudailypurify} at 2 of 7 (after Window{71b55b6 u0 com.cyanogenmod.trebuchet/com.android.launcher3.Launcher})
11-24 19:19:24.781   786  1244 V WindowManager: Adding window Window{3abb2ad0 u0 io.github.izzyleung.zhihudailypurify/io.github.izzyleung.zhihudailypurify.ui.activity.MainActivity} at 2 of 8 (before Window{29225a91 u0 Starting io.github.izzyleung.zhihudailypurify})
11-24 19:19:28.208   786   936 D TaskPersister: removeObsoleteFile: deleting file=146_task.xml
11-24 19:19:28.209   786   936 D TaskPersister: removeObsoleteFile: deleting file=146_task_thumbnail.png
11-24 19:19:30.036   786  1245 I ActivityManager: START u0 {cmp=io.github.izzyleung.zhihudailypurify/.ui.activity.PickDateActivity} from uid 10075 on display 0
11-24 19:19:30.041   786  1245 V WindowManager: addAppToken: AppWindowToken{d1e4a85 token=Token{37f023fc ActivityRecord{85a2cef u0 io.github.izzyleung.zhihudailypurify/.ui.activity.PickDateActivity t147}}} to stack=1 task=147 at 1
11-24 19:19:30.133   786   893 V WindowManager: Adding window Window{2046a90b u0 io.github.izzyleung.zhihudailypurify/io.github.izzyleung.zhihudailypurify.ui.activity.PickDateActivity} at 3 of 8 (after Window{3abb2ad0 u0 io.github.izzyleung.zhihudailypurify/io.github.izzyleung.zhihudailypurify.ui.activity.MainActivity})
11-24 19:19:35.941   786  1171 I ActivityManager: START u0 {act=android.intent.action.MAIN cat=[android.intent.category.LAUNCHER] flg=0x10200000 cmp=io.github.izzyleung.zhihudailypurify/.ui.activity.MainActivity (has extras)} from uid 10019 on display 0
11-24 19:19:35.953   786  1171 V WindowManager: addAppToken: AppWindowToken{e9c7571 token=Token{ca9b718 ActivityRecord{26d7eafb u0 io.github.izzyleung.zhihudailypurify/.ui.activity.MainActivity t148}}} to stack=1 task=148 at 0
11-24 19:19:35.971   786   813 V WindowManager: Adding window Window{3d345130 u0 Starting io.github.izzyleung.zhihudailypurify} at 2 of 7 (after Window{71b55b6 u0 com.cyanogenmod.trebuchet/com.android.launcher3.Launcher})
11-24 19:19:36.045   786  1244 V WindowManager: Adding window Window{5f588eb u0 io.github.izzyleung.zhihudailypurify/io.github.izzyleung.zhihudailypurify.ui.activity.MainActivity} at 2 of 8 (before Window{3d345130 u0 Starting io.github.izzyleung.zhihudailypurify})
11-24 19:19:39.474   786   936 D TaskPersister: removeObsoleteFile: deleting file=147_task.xml
11-24 19:19:39.475   786   936 D TaskPersister: removeObsoleteFile: deleting file=147_task_thumbnail.png
11-24 19:19:41.377   786  1219 I ActivityManager: START u0 {cmp=io.github.izzyleung.zhihudailypurify/.ui.activity.PickDateActivity} from uid 10075 on display 0
11-24 19:19:41.398   786  1219 V WindowManager: addAppToken: AppWindowToken{1c794ef4 token=Token{3a21c8c7 ActivityRecord{8e98a06 u0 io.github.izzyleung.zhihudailypurify/.ui.activity.PickDateActivity t148}}} to stack=1 task=148 at 1
11-24 19:19:41.484   786  1169 V WindowManager: Adding window Window{19844092 u0 io.github.izzyleung.zhihudailypurify/io.github.izzyleung.zhihudailypurify.ui.activity.PickDateActivity} at 3 of 8 (after Window{5f588eb u0 io.github.izzyleung.zhihudailypurify/io.github.izzyleung.zhihudailypurify.ui.activity.MainActivity})
11-24 19:19:47.230   786  1169 I ActivityManager: START u0 {act=android.intent.action.MAIN cat=[android.intent.category.LAUNCHER] flg=0x10200000 cmp=io.github.izzyleung.zhihudailypurify/.ui.activity.MainActivity (has extras)} from uid 10019 on display 0
11-24 19:19:47.243   786  1169 V WindowManager: addAppToken: AppWindowToken{38802790 token=Token{22687253 ActivityRecord{3899f242 u0 io.github.izzyleung.zhihudailypurify/.ui.activity.MainActivity t149}}} to stack=1 task=149 at 0
11-24 19:19:47.255   786   813 V WindowManager: Adding window Window{6d1d8cb u0 Starting io.github.izzyleung.zhihudailypurify} at 2 of 7 (after Window{71b55b6 u0 com.cyanogenmod.trebuchet/com.android.launcher3.Launcher})
11-24 19:19:47.337   786  1245 V WindowManager: Adding window Window{35176ff2 u0 io.github.izzyleung.zhihudailypurify/io.github.izzyleung.zhihudailypurify.ui.activity.MainActivity} at 2 of 8 (before Window{6d1d8cb u0 Starting io.github.izzyleung.zhihudailypurify})
11-24 19:19:50.756   786   936 D TaskPersister: removeObsoleteFile: deleting file=148_task.xml
11-24 19:19:50.757   786   936 D TaskPersister: removeObsoleteFile: deleting file=148_task_thumbnail.png
11-24 19:19:52.653   786  1244 I ActivityManager: START u0 {cmp=io.github.izzyleung.zhihudailypurify/.ui.activity.PickDateActivity} from uid 10075 on display 0
11-24 19:19:52.668   786  1244 V WindowManager: addAppToken: AppWindowToken{18ee539f token=Token{1928993e ActivityRecord{ff605f9 u0 io.github.izzyleung.zhihudailypurify/.ui.activity.PickDateActivity t149}}} to stack=1 task=149 at 1
11-24 19:19:52.780   786  1297 V WindowManager: Adding window Window{148808b5 u0 io.github.izzyleung.zhihudailypurify/io.github.izzyleung.zhihudailypurify.ui.activity.PickDateActivity} at 3 of 8 (after Window{35176ff2 u0 io.github.izzyleung.zhihudailypurify/io.github.izzyleung.zhihudailypurify.ui.activity.MainActivity})
11-24 19:19:53.456   786   807 I ProcessStatsService: Prepared write state in 1ms
11-24 19:19:53.469   786   806 I ProcessStatsService: Pruning old procstats: /data/system/procstats/state-2016-11-23-12-57-49.bin
11-24 19:19:58.506   786  1219 I ActivityManager: START u0 {act=android.intent.action.MAIN cat=[android.intent.category.LAUNCHER] flg=0x10200000 cmp=io.github.izzyleung.zhihudailypurify/.ui.activity.MainActivity (has extras)} from uid 10019 on display 0
11-24 19:19:58.524   786  1219 V WindowManager: addAppToken: AppWindowToken{265398ab token=Token{262adafa ActivityRecord{d0d8925 u0 io.github.izzyleung.zhihudailypurify/.ui.activity.MainActivity t150}}} to stack=1 task=150 at 0
11-24 19:19:58.531   786   813 V WindowManager: Adding window Window{3d35cf52 u0 Starting io.github.izzyleung.zhihudailypurify} at 2 of 7 (after Window{71b55b6 u0 com.cyanogenmod.trebuchet/com.android.launcher3.Launcher})
11-24 19:19:58.609   786  1245 V WindowManager: Adding window Window{34ec0595 u0 io.github.izzyleung.zhihudailypurify/io.github.izzyleung.zhihudailypurify.ui.activity.MainActivity} at 2 of 8 (before Window{3d35cf52 u0 Starting io.github.izzyleung.zhihudailypurify})
11-24 19:20:02.039   786   936 D TaskPersister: removeObsoleteFile: deleting file=149_task.xml
11-24 19:20:02.040   786   936 D TaskPersister: removeObsoleteFile: deleting file=149_task_thumbnail.png
11-24 19:20:03.922   786  1216 I ActivityManager: START u0 {cmp=io.github.izzyleung.zhihudailypurify/.ui.activity.PickDateActivity} from uid 10075 on display 0
11-24 19:20:03.935   786  1216 V WindowManager: addAppToken: AppWindowToken{152ed376 token=Token{18546611 ActivityRecord{1fbe8638 u0 io.github.izzyleung.zhihudailypurify/.ui.activity.PickDateActivity t150}}} to stack=1 task=150 at 1
11-24 19:20:04.041   786  1216 V WindowManager: Adding window Window{2bf1cde4 u0 io.github.izzyleung.zhihudailypurify/io.github.izzyleung.zhihudailypurify.ui.activity.PickDateActivity} at 3 of 8 (after Window{34ec0595 u0 io.github.izzyleung.zhihudailypurify/io.github.izzyleung.zhihudailypurify.ui.activity.MainActivity})
11-24 19:20:09.690   786  1171 I ActivityManager: START u0 {act=android.intent.action.MAIN cat=[android.intent.category.LAUNCHER] flg=0x10200000 cmp=io.github.izzyleung.zhihudailypurify/.ui.activity.MainActivity (has extras)} from uid 10019 on display 0
11-24 19:20:09.692   786  1171 V WindowManager: addAppToken: AppWindowToken{37375eb2 token=Token{3df68bd ActivityRecord{3f567814 u0 io.github.izzyleung.zhihudailypurify/.ui.activity.MainActivity t151}}} to stack=1 task=151 at 0
11-24 19:20:09.698   786   813 V WindowManager: Adding window Window{274ff275 u0 Starting io.github.izzyleung.zhihudailypurify} at 2 of 7 (after Window{71b55b6 u0 com.cyanogenmod.trebuchet/com.android.launcher3.Launcher})
11-24 19:20:09.806   786  1244 V WindowManager: Adding window Window{38120e44 u0 io.github.izzyleung.zhihudailypurify/io.github.izzyleung.zhihudailypurify.ui.activity.MainActivity} at 2 of 8 (before Window{274ff275 u0 Starting io.github.izzyleung.zhihudailypurify})
11-24 19:20:13.211   786   936 D TaskPersister: removeObsoleteFile: deleting file=150_task.xml
11-24 19:20:13.215   786   936 D TaskPersister: removeObsoleteFile: deleting file=150_task_thumbnail.png
11-24 19:20:15.156   786   893 I ActivityManager: START u0 {cmp=io.github.izzyleung.zhihudailypurify/.ui.activity.PickDateActivity} from uid 10075 on display 0
11-24 19:20:15.170   786   893 V WindowManager: addAppToken: AppWindowToken{3cf818ae token=Token{22bf1d29 ActivityRecord{1243cab0 u0 io.github.izzyleung.zhihudailypurify/.ui.activity.PickDateActivity t151}}} to stack=1 task=151 at 1
11-24 19:20:15.260   786   802 V WindowManager: Adding window Window{e92e1dc u0 io.github.izzyleung.zhihudailypurify/io.github.izzyleung.zhihudailypurify.ui.activity.PickDateActivity} at 3 of 8 (after Window{38120e44 u0 io.github.izzyleung.zhihudailypurify/io.github.izzyleung.zhihudailypurify.ui.activity.MainActivity})
11-24 19:20:16.710   786   893 I ActivityManager: Killing 2031:com.android.managedprovisioning/u0a11 (adj 13): empty for 1800s
11-24 19:20:17.787   786  1297 I ActivityManager: Killing 1139:com.android.settings/1000 (adj 15): empty for 1800s
11-24 19:20:17.797   786   908 D WifiService: Client connection lost with reason: 4
11-24 19:20:17.834   786  1297 I ActivityManager: Killing 2092:com.android.onetimeinitializer/u0a13 (adj 15): empty for 1800s
11-24 19:20:17.864   786  1244 I ActivityManager: Killing 2173:com.android.exchange/u0a35 (adj 15): empty for 1800s
11-24 19:20:17.898   786  1169 I ActivityManager: Killing 2227:org.whispersystems.whisperpush/u0a60 (adj 15): empty for 1800s
11-24 19:20:18.253   786   807 I ActivityManager: Killing 1934:com.cyanogenmod.account/u0a2 (adj 15): empty for 1800s
11-24 19:20:18.284   786   807 I ActivityManager: Killing 1854:com.android.deskclock/u0a31 (adj 15): empty for 1800s
11-24 19:20:21.009   786  1216 I ActivityManager: START u0 {act=android.intent.action.MAIN cat=[android.intent.category.LAUNCHER] flg=0x10200000 cmp=io.github.izzyleung.zhihudailypurify/.ui.activity.MainActivity (has extras)} from uid 10019 on display 0
11-24 19:20:21.024   786  1216 V WindowManager: addAppToken: AppWindowToken{39d15d6a token=Token{a6bcf55 ActivityRecord{2ac07a0c u0 io.github.izzyleung.zhihudailypurify/.ui.activity.MainActivity t152}}} to stack=1 task=152 at 0
11-24 19:20:21.032   786   813 V WindowManager: Adding window Window{5ff940d u0 Starting io.github.izzyleung.zhihudailypurify} at 2 of 7 (after Window{71b55b6 u0 com.cyanogenmod.trebuchet/com.android.launcher3.Launcher})
11-24 19:20:21.120   786   893 V WindowManager: Adding window Window{3f5c7e3c u0 io.github.izzyleung.zhihudailypurify/io.github.izzyleung.zhihudailypurify.ui.activity.MainActivity} at 2 of 8 (before Window{5ff940d u0 Starting io.github.izzyleung.zhihudailypurify})
11-24 19:20:24.551   786   936 D TaskPersister: removeObsoleteFile: deleting file=151_task.xml
11-24 19:20:24.552   786   936 D TaskPersister: removeObsoleteFile: deleting file=151_task_thumbnail.png
11-24 19:20:26.440   786  1219 I ActivityManager: START u0 {cmp=io.github.izzyleung.zhihudailypurify/.ui.activity.PickDateActivity} from uid 10075 on display 0
11-24 19:20:26.463   786  1219 V WindowManager: addAppToken: AppWindowToken{21f18b41 token=Token{2b914228 ActivityRecord{369784b u0 io.github.izzyleung.zhihudailypurify/.ui.activity.PickDateActivity t152}}} to stack=1 task=152 at 1
11-24 19:20:26.540   786   803 V WindowManager: Adding window Window{2ed54e27 u0 io.github.izzyleung.zhihudailypurify/io.github.izzyleung.zhihudailypurify.ui.activity.PickDateActivity} at 3 of 8 (after Window{3f5c7e3c u0 io.github.izzyleung.zhihudailypurify/io.github.izzyleung.zhihudailypurify.ui.activity.MainActivity})
11-24 19:20:32.226   786  1297 I ActivityManager: START u0 {act=android.intent.action.MAIN cat=[android.intent.category.LAUNCHER] flg=0x10200000 cmp=io.github.izzyleung.zhihudailypurify/.ui.activity.MainActivity (has extras)} from uid 10019 on display 0
11-24 19:20:32.237   786  1297 V WindowManager: addAppToken: AppWindowToken{adc1ced token=Token{11219f04 ActivityRecord{3d980f17 u0 io.github.izzyleung.zhihudailypurify/.ui.activity.MainActivity t153}}} to stack=1 task=153 at 0
11-24 19:20:32.244   786   813 V WindowManager: Adding window Window{e6bca9c u0 Starting io.github.izzyleung.zhihudailypurify} at 2 of 7 (after Window{71b55b6 u0 com.cyanogenmod.trebuchet/com.android.launcher3.Launcher})
11-24 19:20:32.335   786  1245 V WindowManager: Adding window Window{1fc4ec07 u0 io.github.izzyleung.zhihudailypurify/io.github.izzyleung.zhihudailypurify.ui.activity.MainActivity} at 2 of 8 (before Window{e6bca9c u0 Starting io.github.izzyleung.zhihudailypurify})
11-24 19:20:35.765   786   936 D TaskPersister: removeObsoleteFile: deleting file=152_task.xml
11-24 19:20:35.767   786   936 D TaskPersister: removeObsoleteFile: deleting file=152_task_thumbnail.png
11-24 19:20:37.690   786   802 I ActivityManager: START u0 {cmp=io.github.izzyleung.zhihudailypurify/.ui.activity.PickDateActivity} from uid 10075 on display 0
11-24 19:20:37.707   786   802 V WindowManager: addAppToken: AppWindowToken{1f5fcca0 token=Token{2dba41a3 ActivityRecord{39ff2cd2 u0 io.github.izzyleung.zhihudailypurify/.ui.activity.PickDateActivity t153}}} to stack=1 task=153 at 1
11-24 19:20:37.802   786  1297 V WindowManager: Adding window Window{107f441e u0 io.github.izzyleung.zhihudailypurify/io.github.izzyleung.zhihudailypurify.ui.activity.PickDateActivity} at 3 of 8 (after Window{1fc4ec07 u0 io.github.izzyleung.zhihudailypurify/io.github.izzyleung.zhihudailypurify.ui.activity.MainActivity})
11-24 19:20:43.479   786  1219 I ActivityManager: START u0 {act=android.intent.action.MAIN cat=[android.intent.category.LAUNCHER] flg=0x10200000 cmp=io.github.izzyleung.zhihudailypurify/.ui.activity.MainActivity (has extras)} from uid 10019 on display 0
11-24 19:20:43.491   786  1219 V WindowManager: addAppToken: AppWindowToken{3058c6fc token=Token{22437bef ActivityRecord{3592f0ce u0 io.github.izzyleung.zhihudailypurify/.ui.activity.MainActivity t154}}} to stack=1 task=154 at 0
11-24 19:20:43.501   786   813 V WindowManager: Adding window Window{3f18f9e7 u0 Starting io.github.izzyleung.zhihudailypurify} at 2 of 7 (after Window{71b55b6 u0 com.cyanogenmod.trebuchet/com.android.launcher3.Launcher})
11-24 19:20:43.581   786  1171 V WindowManager: Adding window Window{2d03297e u0 io.github.izzyleung.zhihudailypurify/io.github.izzyleung.zhihudailypurify.ui.activity.MainActivity} at 2 of 8 (before Window{3f18f9e7 u0 Starting io.github.izzyleung.zhihudailypurify})
11-24 19:20:47.011   786   936 D TaskPersister: removeObsoleteFile: deleting file=153_task.xml
11-24 19:20:47.012   786   936 D TaskPersister: removeObsoleteFile: deleting file=153_task_thumbnail.png
11-24 19:20:48.890   786  1247 I ActivityManager: START u0 {cmp=io.github.izzyleung.zhihudailypurify/.ui.activity.PickDateActivity} from uid 10075 on display 0
11-24 19:20:48.900   786  1247 V WindowManager: addAppToken: AppWindowToken{2d54e9fb token=Token{2245f8a ActivityRecord{f3f05f5 u0 io.github.izzyleung.zhihudailypurify/.ui.activity.PickDateActivity t154}}} to stack=1 task=154 at 1
11-24 19:20:49.014   786  1245 V WindowManager: Adding window Window{7470c71 u0 io.github.izzyleung.zhihudailypurify/io.github.izzyleung.zhihudailypurify.ui.activity.PickDateActivity} at 3 of 8 (after Window{2d03297e u0 io.github.izzyleung.zhihudailypurify/io.github.izzyleung.zhihudailypurify.ui.activity.MainActivity})
11-24 19:20:54.791   786  1298 I ActivityManager: START u0 {act=android.intent.action.MAIN cat=[android.intent.category.LAUNCHER] flg=0x10200000 cmp=io.github.izzyleung.zhihudailypurify/.ui.activity.MainActivity (has extras)} from uid 10019 on display 0
11-24 19:20:54.802   786  1298 V WindowManager: addAppToken: AppWindowToken{37c977c7 token=Token{b69506 ActivityRecord{24a2f3e1 u0 io.github.izzyleung.zhihudailypurify/.ui.activity.MainActivity t155}}} to stack=1 task=155 at 0
11-24 19:20:54.806   786   813 V WindowManager: Adding window Window{30a53ede u0 Starting io.github.izzyleung.zhihudailypurify} at 2 of 7 (after Window{71b55b6 u0 com.cyanogenmod.trebuchet/com.android.launcher3.Launcher})
11-24 19:20:54.898   786   893 V WindowManager: Adding window Window{333f9751 u0 io.github.izzyleung.zhihudailypurify/io.github.izzyleung.zhihudailypurify.ui.activity.MainActivity} at 2 of 8 (before Window{30a53ede u0 Starting io.github.izzyleung.zhihudailypurify})
11-24 19:20:58.312   786   936 D TaskPersister: removeObsoleteFile: deleting file=154_task.xml
11-24 19:20:58.316   786   936 D TaskPersister: removeObsoleteFile: deleting file=154_task_thumbnail.png
11-24 19:21:00.195   786  1245 I ActivityManager: START u0 {cmp=io.github.izzyleung.zhihudailypurify/.ui.activity.PickDateActivity} from uid 10075 on display 0
11-24 19:21:00.199   786  1245 V WindowManager: addAppToken: AppWindowToken{2b516d42 token=Token{2395578d ActivityRecord{38a6a024 u0 io.github.izzyleung.zhihudailypurify/.ui.activity.PickDateActivity t155}}} to stack=1 task=155 at 1
11-24 19:21:00.316   786   803 V WindowManager: Adding window Window{3bbf9a90 u0 io.github.izzyleung.zhihudailypurify/io.github.izzyleung.zhihudailypurify.ui.activity.PickDateActivity} at 3 of 8 (after Window{333f9751 u0 io.github.izzyleung.zhihudailypurify/io.github.izzyleung.zhihudailypurify.ui.activity.MainActivity})
11-24 19:21:06.138   786  1169 I ActivityManager: START u0 {act=android.intent.action.MAIN cat=[android.intent.category.LAUNCHER] flg=0x10200000 cmp=io.github.izzyleung.zhihudailypurify/.ui.activity.MainActivity (has extras)} from uid 10019 on display 0
11-24 19:21:06.154   786  1169 V WindowManager: addAppToken: AppWindowToken{263d843e token=Token{3fefbcf9 ActivityRecord{1676c7c0 u0 io.github.izzyleung.zhihudailypurify/.ui.activity.MainActivity t156}}} to stack=1 task=156 at 0
