11-24 19:26:04.072   786   803 V WindowManager: addAppToken: AppWindowToken{1c440c84 token=Token{1e31c297 ActivityRecord{14d90916 u0 io.github.izzyleung.zhihudailypurify/.ui.activity.PickDateActivity t182}}} to stack=1 task=182 at 1
11-24 19:26:04.184   786  1171 V WindowManager: Adding window Window{ed4a0a2 u0 io.github.izzyleung.zhihudailypurify/io.github.izzyleung.zhihudailypurify.ui.activity.PickDateActivity} at 3 of 8 (after Window{2c6a85bb u0 io.github.izzyleung.zhihudailypurify/io.github.izzyleung.zhihudailypurify.ui.activity.MainActivity})
11-24 19:26:09.826   786  1298 I ActivityManager: START u0 {act=android.intent.action.MAIN cat=[android.intent.category.LAUNCHER] flg=0x10200000 cmp=io.github.izzyleung.zhihudailypurify/.ui.activity.MainActivity (has extras)} from uid 10019 on display 0
11-24 19:26:09.827   786  1298 V WindowManager: addAppToken: AppWindowToken{137f220 token=Token{bed8d23 ActivityRecord{a0a7652 u0 io.github.izzyleung.zhihudailypurify/.ui.activity.MainActivity t183}}} to stack=1 task=183 at 0
11-24 19:26:09.832   786   813 V WindowManager: Adding window Window{28e57d9b u0 Starting io.github.izzyleung.zhihudailypurify} at 2 of 7 (after Window{71b55b6 u0 com.cyanogenmod.trebuchet/com.android.launcher3.Launcher})
11-24 19:26:09.953   786  1245 V WindowManager: Adding window Window{cf91802 u0 io.github.izzyleung.zhihudailypurify/io.github.izzyleung.zhihudailypurify.ui.activity.MainActivity} at 2 of 8 (before Window{28e57d9b u0 Starting io.github.izzyleung.zhihudailypurify})
11-24 19:26:13.358   786   936 D TaskPersister: removeObsoleteFile: deleting file=182_task.xml
11-24 19:26:13.360   786   936 D TaskPersister: removeObsoleteFile: deleting file=182_task_thumbnail.png
11-24 19:26:15.305   786  1245 I ActivityManager: START u0 {cmp=io.github.izzyleung.zhihudailypurify/.ui.activity.PickDateActivity} from uid 10075 on display 0
11-24 19:26:15.318   786  1245 V WindowManager: addAppToken: AppWindowToken{2307df6f token=Token{31e4b24e ActivityRecord{39bd9949 u0 io.github.izzyleung.zhihudailypurify/.ui.activity.PickDateActivity t183}}} to stack=1 task=183 at 1
11-24 19:26:15.419   786  1297 V WindowManager: Adding window Window{30bd8105 u0 io.github.izzyleung.zhihudailypurify/io.github.izzyleung.zhihudailypurify.ui.activity.PickDateActivity} at 3 of 8 (after Window{cf91802 u0 io.github.izzyleung.zhihudailypurify/io.github.izzyleung.zhihudailypurify.ui.activity.MainActivity})
11-24 19:26:21.077   786  1247 I ActivityManager: START u0 {act=android.intent.action.MAIN cat=[android.intent.category.LAUNCHER] flg=0x10200000 cmp=io.github.izzyleung.zhihudailypurify/.ui.activity.MainActivity (has extras)} from uid 10019 on display 0
11-24 19:26:21.079   786  1247 V WindowManager: addAppToken: AppWindowToken{2879e57b token=Token{a1a190a ActivityRecord{11f9b575 u0 io.github.izzyleung.zhihudailypurify/.ui.activity.MainActivity t184}}} to stack=1 task=184 at 0
11-24 19:26:21.083   786   813 V WindowManager: Adding window Window{9ecbf62 u0 Starting io.github.izzyleung.zhihudailypurify} at 2 of 7 (after Window{71b55b6 u0 com.cyanogenmod.trebuchet/com.android.launcher3.Launcher})
11-24 19:26:21.190   786  1219 V WindowManager: Adding window Window{27a3e5e5 u0 io.github.izzyleung.zhihudailypurify/io.github.izzyleung.zhihudailypurify.ui.activity.MainActivity} at 2 of 8 (before Window{9ecbf62 u0 Starting io.github.izzyleung.zhihudailypurify})
11-24 19:26:24.609   786   936 D TaskPersister: removeObsoleteFile: deleting file=183_task.xml
11-24 19:26:24.610   786   936 D TaskPersister: removeObsoleteFile: deleting file=183_task_thumbnail.png
11-24 19:26:26.552   786  1247 I ActivityManager: START u0 {cmp=io.github.izzyleung.zhihudailypurify/.ui.activity.PickDateActivity} from uid 10075 on display 0
11-24 19:26:26.560   786  1247 V WindowManager: addAppToken: AppWindowToken{2465c686 token=Token{10b1fb61 ActivityRecord{b8adec8 u0 io.github.izzyleung.zhihudailypurify/.ui.activity.PickDateActivity t184}}} to stack=1 task=184 at 1
11-24 19:26:26.636   786   802 V WindowManager: Adding window Window{27d31f74 u0 io.github.izzyleung.zhihudailypurify/io.github.izzyleung.zhihudailypurify.ui.activity.PickDateActivity} at 3 of 8 (after Window{27a3e5e5 u0 io.github.izzyleung.zhihudailypurify/io.github.izzyleung.zhihudailypurify.ui.activity.MainActivity})
11-24 19:26:32.378   786  1219 I ActivityManager: START u0 {act=android.intent.action.MAIN cat=[android.intent.category.LAUNCHER] flg=0x10200000 cmp=io.github.izzyleung.zhihudailypurify/.ui.activity.MainActivity (has extras)} from uid 10019 on display 0
11-24 19:26:32.394   786  1219 V WindowManager: addAppToken: AppWindowToken{3d0796c2 token=Token{160c370d ActivityRecord{4374da4 u0 io.github.izzyleung.zhihudailypurify/.ui.activity.MainActivity t185}}} to stack=1 task=185 at 0
11-24 19:26:32.398   786   813 V WindowManager: Adding window Window{11de3ac5 u0 Starting io.github.izzyleung.zhihudailypurify} at 2 of 7 (after Window{71b55b6 u0 com.cyanogenmod.trebuchet/com.android.launcher3.Launcher})
11-24 19:26:32.479   786  1216 V WindowManager: Adding window Window{16db67d4 u0 io.github.izzyleung.zhihudailypurify/io.github.izzyleung.zhihudailypurify.ui.activity.MainActivity} at 2 of 8 (before Window{11de3ac5 u0 Starting io.github.izzyleung.zhihudailypurify})
11-24 19:26:35.922   786   936 D TaskPersister: removeObsoleteFile: deleting file=184_task.xml
11-24 19:26:35.923   786   936 D TaskPersister: removeObsoleteFile: deleting file=184_task_thumbnail.png
11-24 19:26:37.810   786   893 I ActivityManager: START u0 {cmp=io.github.izzyleung.zhihudailypurify/.ui.activity.PickDateActivity} from uid 10075 on display 0
11-24 19:26:37.824   786   893 V WindowManager: addAppToken: AppWindowToken{1d79f479 token=Token{3a712d40 ActivityRecord{22e840c3 u0 io.github.izzyleung.zhihudailypurify/.ui.activity.PickDateActivity t185}}} to stack=1 task=185 at 1
11-24 19:26:37.924   786  1169 V WindowManager: Adding window Window{2e84261f u0 io.github.izzyleung.zhihudailypurify/io.github.izzyleung.zhihudailypurify.ui.activity.PickDateActivity} at 3 of 8 (after Window{16db67d4 u0 io.github.izzyleung.zhihudailypurify/io.github.izzyleung.zhihudailypurify.ui.activity.MainActivity})
11-24 19:26:43.535   786   893 I ActivityManager: START u0 {act=android.intent.action.MAIN cat=[android.intent.category.LAUNCHER] flg=0x10200000 cmp=io.github.izzyleung.zhihudailypurify/.ui.activity.MainActivity (has extras)} from uid 10019 on display 0
11-24 19:26:43.548   786   893 V WindowManager: addAppToken: AppWindowToken{8247fa5 token=Token{1847799c ActivityRecord{1708d50f u0 io.github.izzyleung.zhihudailypurify/.ui.activity.MainActivity t186}}} to stack=1 task=186 at 0
11-24 19:26:43.562   786   813 V WindowManager: Adding window Window{10ef6034 u0 Starting io.github.izzyleung.zhihudailypurify} at 2 of 7 (after Window{71b55b6 u0 com.cyanogenmod.trebuchet/com.android.launcher3.Launcher})
11-24 19:26:43.650   786  1169 V WindowManager: Adding window Window{164f1fff u0 io.github.izzyleung.zhihudailypurify/io.github.izzyleung.zhihudailypurify.ui.activity.MainActivity} at 2 of 8 (before Window{10ef6034 u0 Starting io.github.izzyleung.zhihudailypurify})
11-24 19:26:47.074   786   936 D TaskPersister: removeObsoleteFile: deleting file=185_task.xml
11-24 19:26:47.075   786   936 D TaskPersister: removeObsoleteFile: deleting file=185_task_thumbnail.png
11-24 19:26:48.994   786  1244 I ActivityManager: START u0 {cmp=io.github.izzyleung.zhihudailypurify/.ui.activity.PickDateActivity} from uid 10075 on display 0
11-24 19:26:49.008   786  1244 V WindowManager: addAppToken: AppWindowToken{13e3eeb8 token=Token{247fbd1b ActivityRecord{27f80b2a u0 io.github.izzyleung.zhihudailypurify/.ui.activity.PickDateActivity t186}}} to stack=1 task=186 at 1
11-24 19:26:49.101   786  1216 V WindowManager: Adding window Window{1a63aff6 u0 io.github.izzyleung.zhihudailypurify/io.github.izzyleung.zhihudailypurify.ui.activity.PickDateActivity} at 3 of 8 (after Window{164f1fff u0 io.github.izzyleung.zhihudailypurify/io.github.izzyleung.zhihudailypurify.ui.activity.MainActivity})
11-24 19:26:54.828   786   803 I ActivityManager: START u0 {act=android.intent.action.MAIN cat=[android.intent.category.LAUNCHER] flg=0x10200000 cmp=io.github.izzyleung.zhihudailypurify/.ui.activity.MainActivity (has extras)} from uid 10019 on display 0
11-24 19:26:54.842   786   803 V WindowManager: addAppToken: AppWindowToken{25a70894 token=Token{3731e4e7 ActivityRecord{3d3602a6 u0 io.github.izzyleung.zhihudailypurify/.ui.activity.MainActivity t187}}} to stack=1 task=187 at 0
11-24 19:26:54.850   786   813 V WindowManager: Adding window Window{55c89df u0 Starting io.github.izzyleung.zhihudailypurify} at 2 of 7 (after Window{71b55b6 u0 com.cyanogenmod.trebuchet/com.android.launcher3.Launcher})
11-24 19:26:54.943   786  1219 V WindowManager: Adding window Window{2a5a6156 u0 io.github.izzyleung.zhihudailypurify/io.github.izzyleung.zhihudailypurify.ui.activity.MainActivity} at 2 of 8 (before Window{55c89df u0 Starting io.github.izzyleung.zhihudailypurify})
11-24 19:26:58.353   786   936 D TaskPersister: removeObsoleteFile: deleting file=186_task.xml
11-24 19:26:58.355   786   936 D TaskPersister: removeObsoleteFile: deleting file=186_task_thumbnail.png
11-24 19:27:00.225   786   802 I ActivityManager: START u0 {cmp=io.github.izzyleung.zhihudailypurify/.ui.activity.PickDateActivity} from uid 10075 on display 0
11-24 19:27:00.227   786   802 V WindowManager: addAppToken: AppWindowToken{39a9f873 token=Token{38b33ce2 ActivityRecord{3f6421ad u0 io.github.izzyleung.zhihudailypurify/.ui.activity.PickDateActivity t187}}} to stack=1 task=187 at 1
11-24 19:27:00.327   786  1298 V WindowManager: Adding window Window{18ce2ba9 u0 io.github.izzyleung.zhihudailypurify/io.github.izzyleung.zhihudailypurify.ui.activity.PickDateActivity} at 3 of 8 (after Window{2a5a6156 u0 io.github.izzyleung.zhihudailypurify/io.github.izzyleung.zhihudailypurify.ui.activity.MainActivity})
11-24 19:27:05.047   786   809 W ProcessCpuTracker: Skipping unknown process pid 18981
11-24 19:27:05.047   786   809 W ProcessCpuTracker: Skipping unknown process pid 18982
11-24 19:27:05.048   786   809 W ProcessCpuTracker: Skipping unknown process pid 18984
11-24 19:27:05.048   786   809 W ProcessCpuTracker: Skipping unknown process pid 18987
11-24 19:27:05.048   786   809 W ProcessCpuTracker: Skipping unknown process pid 18988
11-24 19:27:06.091   786  1219 I ActivityManager: START u0 {act=android.intent.action.MAIN cat=[android.intent.category.LAUNCHER] flg=0x10200000 cmp=io.github.izzyleung.zhihudailypurify/.ui.activity.MainActivity (has extras)} from uid 10019 on display 0
11-24 19:27:06.103   786  1219 V WindowManager: addAppToken: AppWindowToken{2da463bf token=Token{cea55de ActivityRecord{232c5119 u0 io.github.izzyleung.zhihudailypurify/.ui.activity.MainActivity t188}}} to stack=1 task=188 at 0
11-24 19:27:06.114   786   813 V WindowManager: Adding window Window{3ac542b6 u0 Starting io.github.izzyleung.zhihudailypurify} at 2 of 7 (after Window{71b55b6 u0 com.cyanogenmod.trebuchet/com.android.launcher3.Launcher})
11-24 19:27:06.201   786  1245 V WindowManager: Adding window Window{1ad6b289 u0 io.github.izzyleung.zhihudailypurify/io.github.izzyleung.zhihudailypurify.ui.activity.MainActivity} at 2 of 8 (before Window{3ac542b6 u0 Starting io.github.izzyleung.zhihudailypurify})
11-24 19:27:09.626   786   936 D TaskPersister: removeObsoleteFile: deleting file=187_task.xml
11-24 19:27:09.627   786   936 D TaskPersister: removeObsoleteFile: deleting file=187_task_thumbnail.png
11-24 19:27:11.534   786  1169 I ActivityManager: START u0 {cmp=io.github.izzyleung.zhihudailypurify/.ui.activity.PickDateActivity} from uid 10075 on display 0
11-24 19:27:11.546   786  1169 V WindowManager: addAppToken: AppWindowToken{2032a99a token=Token{2e6eee45 ActivityRecord{38d1febc u0 io.github.izzyleung.zhihudailypurify/.ui.activity.PickDateActivity t188}}} to stack=1 task=188 at 1
11-24 19:27:11.635   786  1216 V WindowManager: Adding window Window{a1e4aa8 u0 io.github.izzyleung.zhihudailypurify/io.github.izzyleung.zhihudailypurify.ui.activity.PickDateActivity} at 3 of 8 (after Window{1ad6b289 u0 io.github.izzyleung.zhihudailypurify/io.github.izzyleung.zhihudailypurify.ui.activity.MainActivity})
11-24 19:27:17.295   786   803 I ActivityManager: START u0 {act=android.intent.action.MAIN cat=[android.intent.category.LAUNCHER] flg=0x10200000 cmp=io.github.izzyleung.zhihudailypurify/.ui.activity.MainActivity (has extras)} from uid 10019 on display 0
11-24 19:27:17.306   786   803 V WindowManager: addAppToken: AppWindowToken{397c5416 token=Token{39b0531 ActivityRecord{4cdadd8 u0 io.github.izzyleung.zhihudailypurify/.ui.activity.MainActivity t189}}} to stack=1 task=189 at 0
11-24 19:27:17.312   786   813 V WindowManager: Adding window Window{27ec2969 u0 Starting io.github.izzyleung.zhihudailypurify} at 2 of 7 (after Window{71b55b6 u0 com.cyanogenmod.trebuchet/com.android.launcher3.Launcher})
11-24 19:27:17.401   786  1216 V WindowManager: Adding window Window{3d743d08 u0 io.github.izzyleung.zhihudailypurify/io.github.izzyleung.zhihudailypurify.ui.activity.MainActivity} at 2 of 8 (before Window{27ec2969 u0 Starting io.github.izzyleung.zhihudailypurify})
11-24 19:27:20.819   786   936 D TaskPersister: removeObsoleteFile: deleting file=188_task.xml
11-24 19:27:20.820   786   936 D TaskPersister: removeObsoleteFile: deleting file=188_task_thumbnail.png
11-24 19:27:22.777   786  1169 I ActivityManager: START u0 {cmp=io.github.izzyleung.zhihudailypurify/.ui.activity.PickDateActivity} from uid 10075 on display 0
11-24 19:27:22.789   786  1169 V WindowManager: addAppToken: AppWindowToken{1d8f61dd token=Token{339421b4 ActivityRecord{3ed2e87 u0 io.github.izzyleung.zhihudailypurify/.ui.activity.PickDateActivity t189}}} to stack=1 task=189 at 1
11-24 19:27:22.886   786  1216 V WindowManager: Adding window Window{1c642c23 u0 io.github.izzyleung.zhihudailypurify/io.github.izzyleung.zhihudailypurify.ui.activity.PickDateActivity} at 3 of 8 (after Window{3d743d08 u0 io.github.izzyleung.zhihudailypurify/io.github.izzyleung.zhihudailypurify.ui.activity.MainActivity})
11-24 19:27:28.629   786  1244 I ActivityManager: START u0 {act=android.intent.action.MAIN cat=[android.intent.category.LAUNCHER] flg=0x10200000 cmp=io.github.izzyleung.zhihudailypurify/.ui.activity.MainActivity (has extras)} from uid 10019 on display 0
11-24 19:27:28.642   786  1244 V WindowManager: addAppToken: AppWindowToken{29469049 token=Token{2e829650 ActivityRecord{35c86413 u0 io.github.izzyleung.zhihudailypurify/.ui.activity.MainActivity t190}}} to stack=1 task=190 at 0
11-24 19:27:28.649   786   813 V WindowManager: Adding window Window{3ff2df68 u0 Starting io.github.izzyleung.zhihudailypurify} at 2 of 7 (after Window{71b55b6 u0 com.cyanogenmod.trebuchet/com.android.launcher3.Launcher})
11-24 19:27:28.734   786  1171 V WindowManager: Adding window Window{35627803 u0 io.github.izzyleung.zhihudailypurify/io.github.izzyleung.zhihudailypurify.ui.activity.MainActivity} at 2 of 8 (before Window{3ff2df68 u0 Starting io.github.izzyleung.zhihudailypurify})
11-24 19:27:32.160   786   936 D TaskPersister: removeObsoleteFile: deleting file=189_task.xml
11-24 19:27:32.162   786   936 D TaskPersister: removeObsoleteFile: deleting file=189_task_thumbnail.png
11-24 19:27:34.054   786  1216 I ActivityManager: START u0 {cmp=io.github.izzyleung.zhihudailypurify/.ui.activity.PickDateActivity} from uid 10075 on display 0
11-24 19:27:34.070   786  1216 V WindowManager: addAppToken: AppWindowToken{32c507ac token=Token{158a915f ActivityRecord{f3c35fe u0 io.github.izzyleung.zhihudailypurify/.ui.activity.PickDateActivity t190}}} to stack=1 task=190 at 1
11-24 19:27:34.163   786  1216 V WindowManager: Adding window Window{2021b40a u0 io.github.izzyleung.zhihudailypurify/io.github.izzyleung.zhihudailypurify.ui.activity.PickDateActivity} at 3 of 8 (after Window{35627803 u0 io.github.izzyleung.zhihudailypurify/io.github.izzyleung.zhihudailypurify.ui.activity.MainActivity})
11-24 19:27:39.732   786  1219 I ActivityManager: START u0 {act=android.intent.action.MAIN cat=[android.intent.category.LAUNCHER] flg=0x10200000 cmp=io.github.izzyleung.zhihudailypurify/.ui.activity.MainActivity (has extras)} from uid 10019 on display 0
11-24 19:27:39.735   786  1219 V WindowManager: addAppToken: AppWindowToken{33b231c8 token=Token{1effe26b ActivityRecord{359733ba u0 io.github.izzyleung.zhihudailypurify/.ui.activity.MainActivity t191}}} to stack=1 task=191 at 0
11-24 19:27:39.738   786   813 V WindowManager: Adding window Window{2db433e3 u0 Starting io.github.izzyleung.zhihudailypurify} at 2 of 7 (after Window{71b55b6 u0 com.cyanogenmod.trebuchet/com.android.launcher3.Launcher})
11-24 19:27:39.849   786  1219 V WindowManager: Adding window Window{3f03ff6a u0 io.github.izzyleung.zhihudailypurify/io.github.izzyleung.zhihudailypurify.ui.activity.MainActivity} at 2 of 8 (before Window{2db433e3 u0 Starting io.github.izzyleung.zhihudailypurify})
11-24 19:27:43.253   786   936 D TaskPersister: removeObsoleteFile: deleting file=190_task.xml
11-24 19:27:43.254   786   936 D TaskPersister: removeObsoleteFile: deleting file=190_task_thumbnail.png
11-24 19:27:45.205   786  1216 I ActivityManager: START u0 {cmp=io.github.izzyleung.zhihudailypurify/.ui.activity.PickDateActivity} from uid 10075 on display 0
11-24 19:27:45.217   786  1216 V WindowManager: addAppToken: AppWindowToken{211e4337 token=Token{9daa836 ActivityRecord{1b2b95d1 u0 io.github.izzyleung.zhihudailypurify/.ui.activity.PickDateActivity t191}}} to stack=1 task=191 at 1
11-24 19:27:45.330   786  1244 V WindowManager: Adding window Window{1482be0d u0 io.github.izzyleung.zhihudailypurify/io.github.izzyleung.zhihudailypurify.ui.activity.PickDateActivity} at 3 of 8 (after Window{3f03ff6a u0 io.github.izzyleung.zhihudailypurify/io.github.izzyleung.zhihudailypurify.ui.activity.MainActivity})
11-24 19:27:51.005   786  1247 I ActivityManager: START u0 {act=android.intent.action.MAIN cat=[android.intent.category.LAUNCHER] flg=0x10200000 cmp=io.github.izzyleung.zhihudailypurify/.ui.activity.MainActivity (has extras)} from uid 10019 on display 0
11-24 19:27:51.006   786  1247 V WindowManager: addAppToken: AppWindowToken{13d15fc3 token=Token{3ee56f72 ActivityRecord{2fac447d u0 io.github.izzyleung.zhihudailypurify/.ui.activity.MainActivity t192}}} to stack=1 task=192 at 0
11-24 19:27:51.010   786   813 V WindowManager: Adding window Window{282f7aca u0 Starting io.github.izzyleung.zhihudailypurify} at 2 of 7 (after Window{71b55b6 u0 com.cyanogenmod.trebuchet/com.android.launcher3.Launcher})
11-24 19:27:51.125   786  1297 V WindowManager: Adding window Window{263c46ed u0 io.github.izzyleung.zhihudailypurify/io.github.izzyleung.zhihudailypurify.ui.activity.MainActivity} at 2 of 8 (before Window{282f7aca u0 Starting io.github.izzyleung.zhihudailypurify})
11-24 19:27:54.537   786   936 D TaskPersister: removeObsoleteFile: deleting file=191_task.xml
11-24 19:27:54.538   786   936 D TaskPersister: removeObsoleteFile: deleting file=191_task_thumbnail.png
11-24 19:27:56.440   786  1244 I ActivityManager: START u0 {cmp=io.github.izzyleung.zhihudailypurify/.ui.activity.PickDateActivity} from uid 10075 on display 0
11-24 19:27:56.454   786  1244 V WindowManager: addAppToken: AppWindowToken{807256e token=Token{72364e9 ActivityRecord{15715970 u0 io.github.izzyleung.zhihudailypurify/.ui.activity.PickDateActivity t192}}} to stack=1 task=192 at 1
11-24 19:27:56.541   786  1298 V WindowManager: Adding window Window{36ea9c9c u0 io.github.izzyleung.zhihudailypurify/io.github.izzyleung.zhihudailypurify.ui.activity.PickDateActivity} at 3 of 8 (after Window{263c46ed u0 io.github.izzyleung.zhihudailypurify/io.github.izzyleung.zhihudailypurify.ui.activity.MainActivity})
11-24 19:28:02.241   786  1298 I ActivityManager: START u0 {act=android.intent.action.MAIN cat=[android.intent.category.LAUNCHER] flg=0x10200000 cmp=io.github.izzyleung.zhihudailypurify/.ui.activity.MainActivity (has extras)} from uid 10019 on display 0
11-24 19:28:02.252   786  1298 V WindowManager: addAppToken: AppWindowToken{17fc262a token=Token{a554315 ActivityRecord{14dc64cc u0 io.github.izzyleung.zhihudailypurify/.ui.activity.MainActivity t193}}} to stack=1 task=193 at 0
11-24 19:28:02.260   786   813 V WindowManager: Adding window Window{babbfcd u0 Starting io.github.izzyleung.zhihudailypurify} at 2 of 7 (after Window{71b55b6 u0 com.cyanogenmod.trebuchet/com.android.launcher3.Launcher})
11-24 19:28:02.347   786  1247 V WindowManager: Adding window Window{3ca898fc u0 io.github.izzyleung.zhihudailypurify/io.github.izzyleung.zhihudailypurify.ui.activity.MainActivity} at 2 of 8 (before Window{babbfcd u0 Starting io.github.izzyleung.zhihudailypurify})
11-24 19:28:05.779   786   936 D TaskPersister: removeObsoleteFile: deleting file=192_task.xml
11-24 19:28:05.780   786   936 D TaskPersister: removeObsoleteFile: deleting file=192_task_thumbnail.png
11-24 19:28:07.684   786   803 I ActivityManager: START u0 {cmp=io.github.izzyleung.zhihudailypurify/.ui.activity.PickDateActivity} from uid 10075 on display 0
11-24 19:28:07.696   786   803 V WindowManager: addAppToken: AppWindowToken{3759eb01 token=Token{1f6448e8 ActivityRecord{d9d620b u0 io.github.izzyleung.zhihudailypurify/.ui.activity.PickDateActivity t193}}} to stack=1 task=193 at 1
11-24 19:28:07.787   786  1298 V WindowManager: Adding window Window{17be13e7 u0 io.github.izzyleung.zhihudailypurify/io.github.izzyleung.zhihudailypurify.ui.activity.PickDateActivity} at 3 of 8 (after Window{3ca898fc u0 io.github.izzyleung.zhihudailypurify/io.github.izzyleung.zhihudailypurify.ui.activity.MainActivity})
11-24 19:28:13.430   786  1298 I ActivityManager: START u0 {act=android.intent.action.MAIN cat=[android.intent.category.LAUNCHER] flg=0x10200000 cmp=io.github.izzyleung.zhihudailypurify/.ui.activity.MainActivity (has extras)} from uid 10019 on display 0
11-24 19:28:13.445   786  1298 V WindowManager: addAppToken: AppWindowToken{368928ad token=Token{23f081c4 ActivityRecord{301dc4d7 u0 io.github.izzyleung.zhihudailypurify/.ui.activity.MainActivity t194}}} to stack=1 task=194 at 0
11-24 19:28:13.454   786   813 V WindowManager: Adding window Window{325c455c u0 Starting io.github.izzyleung.zhihudailypurify} at 2 of 7 (after Window{71b55b6 u0 com.cyanogenmod.trebuchet/com.android.launcher3.Launcher})
11-24 19:28:13.546   786  1244 V WindowManager: Adding window Window{350391c7 u0 io.github.izzyleung.zhihudailypurify/io.github.izzyleung.zhihudailypurify.ui.activity.MainActivity} at 2 of 8 (before Window{325c455c u0 Starting io.github.izzyleung.zhihudailypurify})
11-24 19:28:16.964   786   936 D TaskPersister: removeObsoleteFile: deleting file=193_task.xml
11-24 19:28:16.970   786   936 D TaskPersister: removeObsoleteFile: deleting file=193_task_thumbnail.png
11-24 19:28:18.880   786  1169 I ActivityManager: START u0 {cmp=io.github.izzyleung.zhihudailypurify/.ui.activity.PickDateActivity} from uid 10075 on display 0
11-24 19:28:18.890   786  1169 V WindowManager: addAppToken: AppWindowToken{bab4b60 token=Token{d9d8363 ActivityRecord{2fc35d92 u0 io.github.izzyleung.zhihudailypurify/.ui.activity.PickDateActivity t194}}} to stack=1 task=194 at 1
11-24 19:28:18.993   786  1219 V WindowManager: Adding window Window{1b35c0de u0 io.github.izzyleung.zhihudailypurify/io.github.izzyleung.zhihudailypurify.ui.activity.PickDateActivity} at 3 of 8 (after Window{350391c7 u0 io.github.izzyleung.zhihudailypurify/io.github.izzyleung.zhihudailypurify.ui.activity.MainActivity})
11-24 19:28:24.781   786   802 I ActivityManager: START u0 {act=android.intent.action.MAIN cat=[android.intent.category.LAUNCHER] flg=0x10200000 cmp=io.github.izzyleung.zhihudailypurify/.ui.activity.MainActivity (has extras)} from uid 10019 on display 0
11-24 19:28:24.791   786   802 V WindowManager: addAppToken: AppWindowToken{249da1bc token=Token{afc09af ActivityRecord{20421d8e u0 io.github.izzyleung.zhihudailypurify/.ui.activity.MainActivity t195}}} to stack=1 task=195 at 0
11-24 19:28:24.799   786   813 V WindowManager: Adding window Window{211d7fa7 u0 Starting io.github.izzyleung.zhihudailypurify} at 2 of 7 (after Window{71b55b6 u0 com.cyanogenmod.trebuchet/com.android.launcher3.Launcher})
11-24 19:28:24.894   786  1171 V WindowManager: Adding window Window{3f37063e u0 io.github.izzyleung.zhihudailypurify/io.github.izzyleung.zhihudailypurify.ui.activity.MainActivity} at 2 of 8 (before Window{211d7fa7 u0 Starting io.github.izzyleung.zhihudailypurify})
11-24 19:28:28.307   786   936 D TaskPersister: removeObsoleteFile: deleting file=194_task.xml
11-24 19:28:28.308   786   936 D TaskPersister: removeObsoleteFile: deleting file=194_task_thumbnail.png
11-24 19:28:30.222   786  1297 I ActivityManager: START u0 {cmp=io.github.izzyleung.zhihudailypurify/.ui.activity.PickDateActivity} from uid 10075 on display 0
11-24 19:28:30.226   786  1297 V WindowManager: addAppToken: AppWindowToken{2e8683bb token=Token{1e99484a ActivityRecord{dc719b5 u0 io.github.izzyleung.zhihudailypurify/.ui.activity.PickDateActivity t195}}} to stack=1 task=195 at 1
11-24 19:28:30.325   786  1297 V WindowManager: Adding window Window{269c9c31 u0 io.github.izzyleung.zhihudailypurify/io.github.izzyleung.zhihudailypurify.ui.activity.PickDateActivity} at 3 of 8 (after Window{3f37063e u0 io.github.izzyleung.zhihudailypurify/io.github.izzyleung.zhihudailypurify.ui.activity.MainActivity})
11-24 19:28:36.094   786  1298 I ActivityManager: START u0 {act=android.intent.action.MAIN cat=[android.intent.category.LAUNCHER] flg=0x10200000 cmp=io.github.izzyleung.zhihudailypurify/.ui.activity.MainActivity (has extras)} from uid 10019 on display 0
11-24 19:28:36.107   786  1298 V WindowManager: addAppToken: AppWindowToken{3f03dd87 token=Token{3de7f9c6 ActivityRecord{2f5bf3a1 u0 io.github.izzyleung.zhihudailypurify/.ui.activity.MainActivity t196}}} to stack=1 task=196 at 0
11-24 19:28:36.117   786   813 V WindowManager: Adding window Window{14867b9e u0 Starting io.github.izzyleung.zhihudailypurify} at 2 of 7 (after Window{71b55b6 u0 com.cyanogenmod.trebuchet/com.android.launcher3.Launcher})
11-24 19:28:36.205   786  1169 V WindowManager: Adding window Window{1180711 u0 io.github.izzyleung.zhihudailypurify/io.github.izzyleung.zhihudailypurify.ui.activity.MainActivity} at 2 of 8 (before Window{14867b9e u0 Starting io.github.izzyleung.zhihudailypurify})
11-24 19:28:39.631   786   936 D TaskPersister: removeObsoleteFile: deleting file=195_task.xml
11-24 19:28:39.631   786   936 D TaskPersister: removeObsoleteFile: deleting file=195_task_thumbnail.png
11-24 19:28:41.463   786  1298 I ActivityManager: START u0 {cmp=io.github.izzyleung.zhihudailypurify/.ui.activity.PickDateActivity} from uid 10075 on display 0
11-24 19:28:41.466   786  1298 V WindowManager: addAppToken: AppWindowToken{1f120e02 token=Token{ce5034d ActivityRecord{57ea2e4 u0 io.github.izzyleung.zhihudailypurify/.ui.activity.PickDateActivity t196}}} to stack=1 task=196 at 1
11-24 19:28:41.551   786  1169 V WindowManager: Adding window Window{ff50950 u0 io.github.izzyleung.zhihudailypurify/io.github.izzyleung.zhihudailypurify.ui.activity.PickDateActivity} at 3 of 8 (after Window{1180711 u0 io.github.izzyleung.zhihudailypurify/io.github.izzyleung.zhihudailypurify.ui.activity.MainActivity})
11-24 19:28:47.281   786  1247 I ActivityManager: START u0 {act=android.intent.action.MAIN cat=[android.intent.category.LAUNCHER] flg=0x10200000 cmp=io.github.izzyleung.zhihudailypurify/.ui.activity.MainActivity (has extras)} from uid 10019 on display 0
11-24 19:28:47.294   786  1247 V WindowManager: addAppToken: AppWindowToken{3dfc20fe token=Token{1ec7d4b9 ActivityRecord{9456680 u0 io.github.izzyleung.zhihudailypurify/.ui.activity.MainActivity t197}}} to stack=1 task=197 at 0
11-24 19:28:47.301   786   813 V WindowManager: Adding window Window{11e261f1 u0 Starting io.github.izzyleung.zhihudailypurify} at 2 of 7 (after Window{71b55b6 u0 com.cyanogenmod.trebuchet/com.android.launcher3.Launcher})
11-24 19:28:47.401   786  1297 V WindowManager: Adding window Window{2fbf6fb0 u0 io.github.izzyleung.zhihudailypurify/io.github.izzyleung.zhihudailypurify.ui.activity.MainActivity} at 2 of 8 (before Window{11e261f1 u0 Starting io.github.izzyleung.zhihudailypurify})
11-24 19:28:50.805   786   936 D TaskPersister: removeObsoleteFile: deleting file=196_task.xml
11-24 19:28:50.806   786   936 D TaskPersister: removeObsoleteFile: deleting file=196_task_thumbnail.png
11-24 19:28:52.722   786   803 I ActivityManager: START u0 {cmp=io.github.izzyleung.zhihudailypurify/.ui.activity.PickDateActivity} from uid 10075 on display 0
11-24 19:28:52.734   786   803 V WindowManager: addAppToken: AppWindowToken{1361b3e5 token=Token{38a3d6dc ActivityRecord{8535f4f u0 io.github.izzyleung.zhihudailypurify/.ui.activity.PickDateActivity t197}}} to stack=1 task=197 at 1
11-24 19:28:52.834   786  1247 V WindowManager: Adding window Window{2e10a16b u0 io.github.izzyleung.zhihudailypurify/io.github.izzyleung.zhihudailypurify.ui.activity.PickDateActivity} at 3 of 8 (after Window{2fbf6fb0 u0 io.github.izzyleung.zhihudailypurify/io.github.izzyleung.zhihudailypurify.ui.activity.MainActivity})
11-24 19:28:58.637   786  1216 I ActivityManager: START u0 {act=android.intent.action.MAIN cat=[android.intent.category.LAUNCHER] flg=0x10200000 cmp=io.github.izzyleung.zhihudailypurify/.ui.activity.MainActivity (has extras)} from uid 10019 on display 0
11-24 19:28:58.646   786  1216 V WindowManager: addAppToken: AppWindowToken{b33acd1 token=Token{887aff8 ActivityRecord{22c0bb5b u0 io.github.izzyleung.zhihudailypurify/.ui.activity.MainActivity t198}}} to stack=1 task=198 at 0
11-24 19:28:58.654   786   813 V WindowManager: Adding window Window{9fc8610 u0 Starting io.github.izzyleung.zhihudailypurify} at 2 of 7 (after Window{71b55b6 u0 com.cyanogenmod.trebuchet/com.android.launcher3.Launcher})
11-24 19:28:58.739   786   893 V WindowManager: Adding window Window{163314b u0 io.github.izzyleung.zhihudailypurify/io.github.izzyleung.zhihudailypurify.ui.activity.MainActivity} at 2 of 8 (before Window{9fc8610 u0 Starting io.github.izzyleung.zhihudailypurify})
11-24 19:29:02.164   786   936 D TaskPersister: removeObsoleteFile: deleting file=197_task.xml
11-24 19:29:02.165   786   936 D TaskPersister: removeObsoleteFile: deleting file=197_task_thumbnail.png
11-24 19:29:04.085   786   802 I ActivityManager: START u0 {cmp=io.github.izzyleung.zhihudailypurify/.ui.activity.PickDateActivity} from uid 10075 on display 0
11-24 19:29:04.101   786   802 V WindowManager: addAppToken: AppWindowToken{21556dd4 token=Token{5319727 ActivityRecord{bf815e6 u0 io.github.izzyleung.zhihudailypurify/.ui.activity.PickDateActivity t198}}} to stack=1 task=198 at 1
11-24 19:29:04.201   786  1169 V WindowManager: Adding window Window{c1faa72 u0 io.github.izzyleung.zhihudailypurify/io.github.izzyleung.zhihudailypurify.ui.activity.PickDateActivity} at 3 of 8 (after Window{163314b u0 io.github.izzyleung.zhihudailypurify/io.github.izzyleung.zhihudailypurify.ui.activity.MainActivity})
11-24 19:29:09.845   786  1219 I ActivityManager: START u0 {act=android.intent.action.MAIN cat=[android.intent.category.LAUNCHER] flg=0x10200000 cmp=io.github.izzyleung.zhihudailypurify/.ui.activity.MainActivity (has extras)} from uid 10019 on display 0
11-24 19:29:09.847   786  1219 V WindowManager: addAppToken: AppWindowToken{2dc44c70 token=Token{1a049eb3 ActivityRecord{17539422 u0 io.github.izzyleung.zhihudailypurify/.ui.activity.MainActivity t199}}} to stack=1 task=199 at 0
11-24 19:29:09.854   786   813 V WindowManager: Adding window Window{2b7b312b u0 Starting io.github.izzyleung.zhihudailypurify} at 2 of 7 (after Window{71b55b6 u0 com.cyanogenmod.trebuchet/com.android.launcher3.Launcher})
11-24 19:29:09.963   786  1297 V WindowManager: Adding window Window{3fed49d2 u0 io.github.izzyleung.zhihudailypurify/io.github.izzyleung.zhihudailypurify.ui.activity.MainActivity} at 2 of 8 (before Window{2b7b312b u0 Starting io.github.izzyleung.zhihudailypurify})
11-24 19:29:13.366   786   936 D TaskPersister: removeObsoleteFile: deleting file=198_task.xml
11-24 19:29:13.367   786   936 D TaskPersister: removeObsoleteFile: deleting file=198_task_thumbnail.png
11-24 19:29:15.338   786  1219 I ActivityManager: START u0 {cmp=io.github.izzyleung.zhihudailypurify/.ui.activity.PickDateActivity} from uid 10075 on display 0
11-24 19:29:15.349   786  1219 V WindowManager: addAppToken: AppWindowToken{390a3dff token=Token{3b2311e ActivityRecord{27899159 u0 io.github.izzyleung.zhihudailypurify/.ui.activity.PickDateActivity t199}}} to stack=1 task=199 at 1
11-24 19:29:15.439   786  1216 V WindowManager: Adding window Window{1bb8ea15 u0 io.github.izzyleung.zhihudailypurify/io.github.izzyleung.zhihudailypurify.ui.activity.PickDateActivity} at 3 of 8 (after Window{3fed49d2 u0 io.github.izzyleung.zhihudailypurify/io.github.izzyleung.zhihudailypurify.ui.activity.MainActivity})
11-24 19:29:21.073   786  1247 I ActivityManager: START u0 {act=android.intent.action.MAIN cat=[android.intent.category.LAUNCHER] flg=0x10200000 cmp=io.github.izzyleung.zhihudailypurify/.ui.activity.MainActivity (has extras)} from uid 10019 on display 0
11-24 19:29:21.075   786  1247 V WindowManager: addAppToken: AppWindowToken{1bd0a10b token=Token{148f48da ActivityRecord{32698285 u0 io.github.izzyleung.zhihudailypurify/.ui.activity.MainActivity t200}}} to stack=1 task=200 at 0
11-24 19:29:21.081   786   813 V WindowManager: Adding window Window{2e3e1932 u0 Starting io.github.izzyleung.zhihudailypurify} at 2 of 7 (after Window{71b55b6 u0 com.cyanogenmod.trebuchet/com.android.launcher3.Launcher})
11-24 19:29:21.172   786   803 V WindowManager: Adding window Window{56916f5 u0 io.github.izzyleung.zhihudailypurify/io.github.izzyleung.zhihudailypurify.ui.activity.MainActivity} at 2 of 8 (before Window{2e3e1932 u0 Starting io.github.izzyleung.zhihudailypurify})
11-24 19:29:24.600   786   936 D TaskPersister: removeObsoleteFile: deleting file=199_task.xml
11-24 19:29:24.601   786   936 D TaskPersister: removeObsoleteFile: deleting file=199_task_thumbnail.png
11-24 19:29:26.558   786  1171 I ActivityManager: START u0 {cmp=io.github.izzyleung.zhihudailypurify/.ui.activity.PickDateActivity} from uid 10075 on display 0
11-24 19:29:26.568   786  1171 V WindowManager: addAppToken: AppWindowToken{3d3ef756 token=Token{24812d71 ActivityRecord{1cce4f18 u0 io.github.izzyleung.zhihudailypurify/.ui.activity.PickDateActivity t200}}} to stack=1 task=200 at 1
11-24 19:29:26.662   786   802 V WindowManager: Adding window Window{3e544c4 u0 io.github.izzyleung.zhihudailypurify/io.github.izzyleung.zhihudailypurify.ui.activity.PickDateActivity} at 3 of 8 (after Window{56916f5 u0 io.github.izzyleung.zhihudailypurify/io.github.izzyleung.zhihudailypurify.ui.activity.MainActivity})
11-24 19:29:32.381   786  1247 I ActivityManager: START u0 {act=android.intent.action.MAIN cat=[android.intent.category.LAUNCHER] flg=0x10200000 cmp=io.github.izzyleung.zhihudailypurify/.ui.activity.MainActivity (has extras)} from uid 10019 on display 0
11-24 19:29:32.390   786  1247 V WindowManager: addAppToken: AppWindowToken{386a1892 token=Token{20635e1d ActivityRecord{340566f4 u0 io.github.izzyleung.zhihudailypurify/.ui.activity.MainActivity t201}}} to stack=1 task=201 at 0
11-24 19:29:32.411   786   813 V WindowManager: Adding window Window{3af133d5 u0 Starting io.github.izzyleung.zhihudailypurify} at 2 of 7 (after Window{71b55b6 u0 com.cyanogenmod.trebuchet/com.android.launcher3.Launcher})
11-24 19:29:32.490   786  1169 V WindowManager: Adding window Window{b4a7524 u0 io.github.izzyleung.zhihudailypurify/io.github.izzyleung.zhihudailypurify.ui.activity.MainActivity} at 2 of 8 (before Window{3af133d5 u0 Starting io.github.izzyleung.zhihudailypurify})
11-24 19:29:35.916   786   936 D TaskPersister: removeObsoleteFile: deleting file=200_task.xml
11-24 19:29:35.917   786   936 D TaskPersister: removeObsoleteFile: deleting file=200_task_thumbnail.png
11-24 19:29:37.838   786  1171 I ActivityManager: START u0 {cmp=io.github.izzyleung.zhihudailypurify/.ui.activity.PickDateActivity} from uid 10075 on display 0
11-24 19:29:37.851   786  1171 V WindowManager: addAppToken: AppWindowToken{26fea089 token=Token{3d4bbf90 ActivityRecord{3436a53 u0 io.github.izzyleung.zhihudailypurify/.ui.activity.PickDateActivity t201}}} to stack=1 task=201 at 1
11-24 19:29:37.936   786  1244 V WindowManager: Adding window Window{279058af u0 io.github.izzyleung.zhihudailypurify/io.github.izzyleung.zhihudailypurify.ui.activity.PickDateActivity} at 3 of 8 (after Window{b4a7524 u0 io.github.izzyleung.zhihudailypurify/io.github.izzyleung.zhihudailypurify.ui.activity.MainActivity})
11-24 19:29:43.600   786   802 I ActivityManager: START u0 {act=android.intent.action.MAIN cat=[android.intent.category.LAUNCHER] flg=0x10200000 cmp=io.github.izzyleung.zhihudailypurify/.ui.activity.MainActivity (has extras)} from uid 10019 on display 0
11-24 19:29:43.612   786   802 V WindowManager: addAppToken: AppWindowToken{270940b5 token=Token{2a5154ec ActivityRecord{1e0ecb9f u0 io.github.izzyleung.zhihudailypurify/.ui.activity.MainActivity t202}}} to stack=1 task=202 at 0
11-24 19:29:43.623   786   813 V WindowManager: Adding window Window{3e4f5584 u0 Starting io.github.izzyleung.zhihudailypurify} at 2 of 7 (after Window{71b55b6 u0 com.cyanogenmod.trebuchet/com.android.launcher3.Launcher})
11-24 19:29:43.708   786  1219 V WindowManager: Adding window Window{f47da8f u0 io.github.izzyleung.zhihudailypurify/io.github.izzyleung.zhihudailypurify.ui.activity.MainActivity} at 2 of 8 (before Window{3e4f5584 u0 Starting io.github.izzyleung.zhihudailypurify})
11-24 19:29:47.136   786   936 D TaskPersister: removeObsoleteFile: deleting file=201_task.xml
11-24 19:29:47.137   786   936 D TaskPersister: removeObsoleteFile: deleting file=201_task_thumbnail.png
11-24 19:29:49.026   786   893 I ActivityManager: START u0 {cmp=io.github.izzyleung.zhihudailypurify/.ui.activity.PickDateActivity} from uid 10075 on display 0
11-24 19:29:49.037   786   893 V WindowManager: addAppToken: AppWindowToken{2030e308 token=Token{10f190ab ActivityRecord{3125b2fa u0 io.github.izzyleung.zhihudailypurify/.ui.activity.PickDateActivity t202}}} to stack=1 task=202 at 1
11-24 19:29:49.117   786  1247 V WindowManager: Adding window Window{2b8c04c6 u0 io.github.izzyleung.zhihudailypurify/io.github.izzyleung.zhihudailypurify.ui.activity.PickDateActivity} at 3 of 8 (after Window{f47da8f u0 io.github.izzyleung.zhihudailypurify/io.github.izzyleung.zhihudailypurify.ui.activity.MainActivity})
11-24 19:29:54.849   786  1244 I ActivityManager: START u0 {act=android.intent.action.MAIN cat=[android.intent.category.LAUNCHER] flg=0x10200000 cmp=io.github.izzyleung.zhihudailypurify/.ui.activity.MainActivity (has extras)} from uid 10019 on display 0
11-24 19:29:54.858   786  1244 V WindowManager: addAppToken: AppWindowToken{68be5e4 token=Token{1775a577 ActivityRecord{31c52b76 u0 io.github.izzyleung.zhihudailypurify/.ui.activity.MainActivity t203}}} to stack=1 task=203 at 0
11-24 19:29:54.864   786   813 V WindowManager: Adding window Window{1f25cc6f u0 Starting io.github.izzyleung.zhihudailypurify} at 2 of 7 (after Window{71b55b6 u0 com.cyanogenmod.trebuchet/com.android.launcher3.Launcher})
11-24 19:29:54.959   786  1297 V WindowManager: Adding window Window{23ad5e26 u0 io.github.izzyleung.zhihudailypurify/io.github.izzyleung.zhihudailypurify.ui.activity.MainActivity} at 2 of 8 (before Window{1f25cc6f u0 Starting io.github.izzyleung.zhihudailypurify})
11-24 19:29:58.372   786   936 D TaskPersister: removeObsoleteFile: deleting file=202_task.xml
11-24 19:29:58.373   786   936 D TaskPersister: removeObsoleteFile: deleting file=202_task_thumbnail.png
11-24 19:30:00.246   786  1169 I ActivityManager: START u0 {cmp=io.github.izzyleung.zhihudailypurify/.ui.activity.PickDateActivity} from uid 10075 on display 0
11-24 19:30:00.250   786  1169 V WindowManager: addAppToken: AppWindowToken{285ab603 token=Token{3f8136b2 ActivityRecord{2a49a0bd u0 io.github.izzyleung.zhihudailypurify/.ui.activity.PickDateActivity t203}}} to stack=1 task=203 at 1
11-24 19:30:00.325   786  1298 V WindowManager: Adding window Window{26748bb9 u0 io.github.izzyleung.zhihudailypurify/io.github.izzyleung.zhihudailypurify.ui.activity.PickDateActivity} at 3 of 8 (after Window{23ad5e26 u0 io.github.izzyleung.zhihudailypurify/io.github.izzyleung.zhihudailypurify.ui.activity.MainActivity})
11-24 19:30:01.919   786   806 I UsageStatsService: User[0] Flushing usage stats to disk
11-24 19:30:06.092   786  1169 I ActivityManager: START u0 {act=android.intent.action.MAIN cat=[android.intent.category.LAUNCHER] flg=0x10200000 cmp=io.github.izzyleung.zhihudailypurify/.ui.activity.MainActivity (has extras)} from uid 10019 on display 0
11-24 19:30:06.100   786  1169 V WindowManager: addAppToken: AppWindowToken{b222e4f token=Token{2a8d70ae ActivityRecord{e72d529 u0 io.github.izzyleung.zhihudailypurify/.ui.activity.MainActivity t204}}} to stack=1 task=204 at 0
11-24 19:30:06.112   786   813 V WindowManager: Adding window Window{36b6e786 u0 Starting io.github.izzyleung.zhihudailypurify} at 2 of 7 (after Window{71b55b6 u0 com.cyanogenmod.trebuchet/com.android.launcher3.Launcher})
11-24 19:30:06.195   786  1216 V WindowManager: Adding window Window{2e0e5a99 u0 io.github.izzyleung.zhihudailypurify/io.github.izzyleung.zhihudailypurify.ui.activity.MainActivity} at 2 of 8 (before Window{36b6e786 u0 Starting io.github.izzyleung.zhihudailypurify})
11-24 19:30:09.619   786   936 D TaskPersister: removeObsoleteFile: deleting file=203_task.xml
11-24 19:30:09.619   786   936 D TaskPersister: removeObsoleteFile: deleting file=203_task_thumbnail.png
11-24 19:30:11.450   786  1298 I ActivityManager: START u0 {cmp=io.github.izzyleung.zhihudailypurify/.ui.activity.PickDateActivity} from uid 10075 on display 0
11-24 19:30:11.452   786  1298 V WindowManager: addAppToken: AppWindowToken{3dca356a token=Token{21e10755 ActivityRecord{3e67920c u0 io.github.izzyleung.zhihudailypurify/.ui.activity.PickDateActivity t204}}} to stack=1 task=204 at 1
11-24 19:30:11.520   786   802 V WindowManager: Adding window Window{3101c2f8 u0 io.github.izzyleung.zhihudailypurify/io.github.izzyleung.zhihudailypurify.ui.activity.PickDateActivity} at 3 of 8 (after Window{2e0e5a99 u0 io.github.izzyleung.zhihudailypurify/io.github.izzyleung.zhihudailypurify.ui.activity.MainActivity})
11-24 19:30:17.285   786  1169 I ActivityManager: START u0 {act=android.intent.action.MAIN cat=[android.intent.category.LAUNCHER] flg=0x10200000 cmp=io.github.izzyleung.zhihudailypurify/.ui.activity.MainActivity (has extras)} from uid 10019 on display 0
11-24 19:30:17.296   786  1169 V WindowManager: addAppToken: AppWindowToken{1c80a0e6 token=Token{29204341 ActivityRecord{1be7da28 u0 io.github.izzyleung.zhihudailypurify/.ui.activity.MainActivity t205}}} to stack=1 task=205 at 0
11-24 19:30:17.302   786   813 V WindowManager: Adding window Window{12f91979 u0 Starting io.github.izzyleung.zhihudailypurify} at 2 of 7 (after Window{71b55b6 u0 com.cyanogenmod.trebuchet/com.android.launcher3.Launcher})
11-24 19:30:17.401   786  1219 V WindowManager: Adding window Window{29da1d58 u0 io.github.izzyleung.zhihudailypurify/io.github.izzyleung.zhihudailypurify.ui.activity.MainActivity} at 2 of 8 (before Window{12f91979 u0 Starting io.github.izzyleung.zhihudailypurify})
11-24 19:30:20.807   786   936 D TaskPersister: removeObsoleteFile: deleting file=204_task.xml
11-24 19:30:20.807   786   936 D TaskPersister: removeObsoleteFile: deleting file=204_task_thumbnail.png
11-24 19:30:22.742   786  1245 I ActivityManager: START u0 {cmp=io.github.izzyleung.zhihudailypurify/.ui.activity.PickDateActivity} from uid 10075 on display 0
11-24 19:30:22.755   786  1245 V WindowManager: addAppToken: AppWindowToken{1b3c54ed token=Token{127fb704 ActivityRecord{3fbf8717 u0 io.github.izzyleung.zhihudailypurify/.ui.activity.PickDateActivity t205}}} to stack=1 task=205 at 1
11-24 19:30:22.842   786   893 V WindowManager: Adding window Window{22ab7db3 u0 io.github.izzyleung.zhihudailypurify/io.github.izzyleung.zhihudailypurify.ui.activity.PickDateActivity} at 3 of 8 (after Window{29da1d58 u0 io.github.izzyleung.zhihudailypurify/io.github.izzyleung.zhihudailypurify.ui.activity.MainActivity})
11-24 19:30:28.539   786  1171 I ActivityManager: START u0 {act=android.intent.action.MAIN cat=[android.intent.category.LAUNCHER] flg=0x10200000 cmp=io.github.izzyleung.zhihudailypurify/.ui.activity.MainActivity (has extras)} from uid 10019 on display 0
11-24 19:30:28.551   786  1171 V WindowManager: addAppToken: AppWindowToken{306cc859 token=Token{399d64a0 ActivityRecord{2a8f39a3 u0 io.github.izzyleung.zhihudailypurify/.ui.activity.MainActivity t206}}} to stack=1 task=206 at 0
11-24 19:30:28.558   786   813 V WindowManager: Adding window Window{132f27b8 u0 Starting io.github.izzyleung.zhihudailypurify} at 2 of 7 (after Window{71b55b6 u0 com.cyanogenmod.trebuchet/com.android.launcher3.Launcher})
11-24 19:30:28.642   786  1245 V WindowManager: Adding window Window{991d193 u0 io.github.izzyleung.zhihudailypurify/io.github.izzyleung.zhihudailypurify.ui.activity.MainActivity} at 2 of 8 (before Window{132f27b8 u0 Starting io.github.izzyleung.zhihudailypurify})
11-24 19:30:32.071   786   936 D TaskPersister: removeObsoleteFile: deleting file=205_task.xml
11-24 19:30:32.072   786   936 D TaskPersister: removeObsoleteFile: deleting file=205_task_thumbnail.png
11-24 19:30:33.994   786  1219 I ActivityManager: START u0 {cmp=io.github.izzyleung.zhihudailypurify/.ui.activity.PickDateActivity} from uid 10075 on display 0
11-24 19:30:34.017   786  1219 V WindowManager: addAppToken: AppWindowToken{16cddefc token=Token{237df3ef ActivityRecord{15cc48ce u0 io.github.izzyleung.zhihudailypurify/.ui.activity.PickDateActivity t206}}} to stack=1 task=206 at 1
11-24 19:30:34.120   786   803 V WindowManager: Adding window Window{19e823da u0 io.github.izzyleung.zhihudailypurify/io.github.izzyleung.zhihudailypurify.ui.activity.PickDateActivity} at 3 of 8 (after Window{991d193 u0 io.github.izzyleung.zhihudailypurify/io.github.izzyleung.zhihudailypurify.ui.activity.MainActivity})
11-24 19:30:39.794   786  1169 I ActivityManager: START u0 {act=android.intent.action.MAIN cat=[android.intent.category.LAUNCHER] flg=0x10200000 cmp=io.github.izzyleung.zhihudailypurify/.ui.activity.MainActivity (has extras)} from uid 10019 on display 0
11-24 19:30:39.797   786  1169 V WindowManager: addAppToken: AppWindowToken{918e218 token=Token{1e2ce1fb ActivityRecord{1378a u0 io.github.izzyleung.zhihudailypurify/.ui.activity.MainActivity t207}}} to stack=1 task=207 at 0
11-24 19:30:39.803   786   813 V WindowManager: Adding window Window{146f9573 u0 Starting io.github.izzyleung.zhihudailypurify} at 2 of 7 (after Window{71b55b6 u0 com.cyanogenmod.trebuchet/com.android.launcher3.Launcher})
11-24 19:30:39.912   786  1297 V WindowManager: Adding window Window{241e973a u0 io.github.izzyleung.zhihudailypurify/io.github.izzyleung.zhihudailypurify.ui.activity.MainActivity} at 2 of 8 (before Window{146f9573 u0 Starting io.github.izzyleung.zhihudailypurify})
11-24 19:30:43.316   786   936 D TaskPersister: removeObsoleteFile: deleting file=206_task.xml
11-24 19:30:43.317   786   936 D TaskPersister: removeObsoleteFile: deleting file=206_task_thumbnail.png
11-24 19:30:45.275   786   803 I ActivityManager: START u0 {cmp=io.github.izzyleung.zhihudailypurify/.ui.activity.PickDateActivity} from uid 10075 on display 0
11-24 19:30:45.287   786   803 V WindowManager: addAppToken: AppWindowToken{1cf6efc7 token=Token{20ceed06 ActivityRecord{3f05abe1 u0 io.github.izzyleung.zhihudailypurify/.ui.activity.PickDateActivity t207}}} to stack=1 task=207 at 1
11-24 19:30:45.400   786  1244 V WindowManager: Adding window Window{b50251d u0 io.github.izzyleung.zhihudailypurify/io.github.izzyleung.zhihudailypurify.ui.activity.PickDateActivity} at 3 of 8 (after Window{241e973a u0 io.github.izzyleung.zhihudailypurify/io.github.izzyleung.zhihudailypurify.ui.activity.MainActivity})
11-24 19:30:51.022   786  1247 I ActivityManager: START u0 {act=android.intent.action.MAIN cat=[android.intent.category.LAUNCHER] flg=0x10200000 cmp=io.github.izzyleung.zhihudailypurify/.ui.activity.MainActivity (has extras)} from uid 10019 on display 0
11-24 19:30:51.027   786  1247 V WindowManager: addAppToken: AppWindowToken{33bcc953 token=Token{19bd4542 ActivityRecord{b698f8d u0 io.github.izzyleung.zhihudailypurify/.ui.activity.MainActivity t208}}} to stack=1 task=208 at 0
11-24 19:30:51.033   786   813 V WindowManager: Adding window Window{25d23a9a u0 Starting io.github.izzyleung.zhihudailypurify} at 2 of 7 (after Window{71b55b6 u0 com.cyanogenmod.trebuchet/com.android.launcher3.Launcher})
11-24 19:30:51.147   786  1245 V WindowManager: Adding window Window{4aa75fd u0 io.github.izzyleung.zhihudailypurify/io.github.izzyleung.zhihudailypurify.ui.activity.MainActivity} at 2 of 8 (before Window{25d23a9a u0 Starting io.github.izzyleung.zhihudailypurify})
11-24 19:30:54.552   786   936 D TaskPersister: removeObsoleteFile: deleting file=207_task.xml
11-24 19:30:54.553   786   936 D TaskPersister: removeObsoleteFile: deleting file=207_task_thumbnail.png
11-24 19:30:56.500   786   802 I ActivityManager: START u0 {cmp=io.github.izzyleung.zhihudailypurify/.ui.activity.PickDateActivity} from uid 10075 on display 0
11-24 19:30:56.514   786   802 V WindowManager: addAppToken: AppWindowToken{e94dc3e token=Token{302d74f9 ActivityRecord{3eb85fc0 u0 io.github.izzyleung.zhihudailypurify/.ui.activity.PickDateActivity t208}}} to stack=1 task=208 at 1
