11-24 18:50:04.556   204  1037 W OMXNodeInstance: [32:ffmpeg.vtrial.decoder] component does not support metadata mode; using fallback
11-24 18:50:04.570   204  1037 D SoftFFmpegVideo: SoftFFmpegVideo component: OMX.ffmpeg.wmv.decoder codingType=5 appData: 0xb4c39b80
11-24 18:50:04.571   204  1037 W OMXNodeInstance: [33:ffmpeg.wmv.decoder] component does not support metadata mode; using fallback
11-24 18:50:04.636   786   786 D BluetoothManagerService: Trying to bind to profile: 1, while Bluetooth was disabled
11-24 18:50:04.638   786   812 D BluetoothManagerService: Message: 30
11-24 18:50:04.641   204   204 D NuPlayerDriver: reset(0xb5969520)
11-24 18:50:04.649   204  1020 D NuPlayerDriver: notifyResetComplete(0xb5969520)
11-24 18:50:04.665   204   898 D NuPlayerDriver: reset(0xb59697c0)
11-24 18:50:04.671   204  1093 D NuPlayerDriver: notifyResetComplete(0xb59697c0)
11-24 18:50:04.693  1276  1276 D Launcher.LauncherProvider: 11683562 - initializeMaxScreenId(): 2
11-24 18:50:04.706  1276  1276 V Launcher: LauncherAppState inited
11-24 18:50:04.727  1193  1193 W NfceeAccess: could not find /etc/nfcee_access.xml, no NFCEE access allowed
11-24 18:50:04.727  1193  1193 I NfceeAccess: read 0 signature(s) for NFCEE access
11-24 18:50:04.735   204  1409 I FFmpegExtractor: android-source:0xb5bff240
11-24 18:50:04.740   204  1410 I FFmpegExtractor: android-source:0xb5bff380
11-24 18:50:04.741   204  1409 I FFMPEG  : Input #0, ogg, from 'android-source:0xb5bff240':
11-24 18:50:04.742   204  1409 I FFMPEG  :   Duration: 00:00:00.19, start: 0.000000, bitrate: 332 kb/s
11-24 18:50:04.742   204  1409 I FFMPEG  :     Stream #0:0: Audio: vorbis, 44100 Hz, stereo, fltp, 160 kb/s
11-24 18:50:04.742   204  1409 D FFmpegExtractor: FFmpegExtrator, url: android-source:0xb5bff240, format_name: ogg, format_long_name: Ogg
11-24 18:50:04.742   204  1409 I FFmpegExtractor: adjust mime(application/ogg -> audio/vorbis)
11-24 18:50:04.742   204  1409 D FFmpegExtractor: suppoted codec(vorbis) by official Stagefright
11-24 18:50:04.742   204  1409 D FFmpegExtractor: ffmpeg detected media content as 'audio/vorbis' with confidence 0.08
11-24 18:50:04.749  1193  1193 W Settings: Setting airplane_mode_radios has moved from android.provider.Settings.System to android.provider.Settings.Global, returning read-only value.
11-24 18:50:04.753  1193  1193 W Settings: Setting airplane_mode_toggleable_radios has moved from android.provider.Settings.System to android.provider.Settings.Global, returning read-only value.
11-24 18:50:04.757   204  1410 I FFMPEG  : Input #0, ogg, from 'android-source:0xb5bff380':
11-24 18:50:04.758   204  1410 I FFMPEG  :   Duration: 00:00:00.11, start: 0.000000, bitrate: 431 kb/s
11-24 18:50:04.758   204  1410 I FFMPEG  :     Stream #0:0: Audio: vorbis, 48000 Hz, mono, fltp, 140 kb/s
11-24 18:50:04.758   204  1410 D FFmpegExtractor: FFmpegExtrator, url: android-source:0xb5bff380, format_name: ogg, format_long_name: Ogg
11-24 18:50:04.758   204  1410 I FFmpegExtractor: adjust mime(application/ogg -> audio/vorbis)
11-24 18:50:04.758   204  1410 D FFmpegExtractor: suppoted codec(vorbis) by official Stagefright
11-24 18:50:04.758   204  1410 D FFmpegExtractor: ffmpeg detected media content as 'audio/vorbis' with confidence 0.08
11-24 18:50:04.776   204   916 D NuPlayerDriver: start(0xb5969940)
11-24 18:50:04.777   204  1407 I GenericSource: start
11-24 18:50:04.778   204  1407 W Utils   : bool android::canOffloadStream(const android::sp<android::MetaData>&, bool, const android::sp<android::MetaData>&, bool, audio_stream_type_t) No sample bit depth info in meta data
11-24 18:50:04.778   204  1407 E AudioPolicyManager: isOffloadSupported: stream_type != MUSIC, returning false
11-24 18:50:04.778   204  1407 I NuPlayer: Could not offload audio decode, pcm offload decided :0
11-24 18:50:04.779   204  1407 W Utils   : bool android::canOffloadStream(const android::sp<android::MetaData>&, bool, const android::sp<android::MetaData>&, bool, audio_stream_type_t) No sample bit depth info in meta data
11-24 18:50:04.779   204  1407 E AudioPolicyManager: isOffloadSupported: stream_type != MUSIC, returning false
11-24 18:50:04.806   204   915 D NuPlayerDriver: start(0xb4c31340)
11-24 18:50:04.808   204  1408 I GenericSource: start
11-24 18:50:04.809   204  1408 W Utils   : bool android::canOffloadStream(const android::sp<android::MetaData>&, bool, const android::sp<android::MetaData>&, bool, audio_stream_type_t) No sample bit depth info in meta data
11-24 18:50:04.809   204  1408 E AudioPolicyManager: isOffloadSupported: stream_type != MUSIC, returning false
11-24 18:50:04.809   204  1408 I NuPlayer: Could not offload audio decode, pcm offload decided :0
11-24 18:50:04.810   204  1408 W Utils   : bool android::canOffloadStream(const android::sp<android::MetaData>&, bool, const android::sp<android::MetaData>&, bool, audio_stream_type_t) No sample bit depth info in meta data
11-24 18:50:04.810   204  1408 E AudioPolicyManager: isOffloadSupported: stream_type != MUSIC, returning false
11-24 18:50:04.832   204   916 D NuPlayerDriver: reset(0xb5969940)
11-24 18:50:04.836   204  1407 D NuPlayerDriver: notifyResetComplete(0xb5969940)
11-24 18:50:04.858   204  1435 I FFmpegExtractor: android-source:0xb4c34f60
11-24 18:50:04.867   204   915 D NuPlayerDriver: reset(0xb4c31340)
11-24 18:50:04.875   204  1408 D NuPlayerDriver: notifyResetComplete(0xb4c31340)
11-24 18:50:04.877  1276  1276 D Launcher.Model: Old launcher provider: content://com.android.launcher2.settings/favorites?notify=true
11-24 18:50:04.877  1276  1276 D Launcher.Model: Old launcher provider does not exist.
11-24 18:50:04.901   204  1435 I FFMPEG  : Input #0, ogg, from 'android-source:0xb4c34f60':
11-24 18:50:04.901   204  1435 I FFMPEG  :   Duration: 00:00:00.08, start: 0.000000, bitrate: 571 kb/s
11-24 18:50:04.901   204  1435 I FFMPEG  :     Stream #0:0: Audio: vorbis, 48000 Hz, stereo, fltp, 160 kb/s
11-24 18:50:04.901   204  1435 D FFmpegExtractor: FFmpegExtrator, url: android-source:0xb4c34f60, format_name: ogg, format_long_name: Ogg
11-24 18:50:04.901   204  1435 I FFmpegExtractor: adjust mime(application/ogg -> audio/vorbis)
11-24 18:50:04.901   204  1435 D FFmpegExtractor: suppoted codec(vorbis) by official Stagefright
11-24 18:50:04.901   204  1435 D FFmpegExtractor: ffmpeg detected media content as 'audio/vorbis' with confidence 0.08
11-24 18:50:04.943   204   204 D NuPlayerDriver: start(0xb5969520)
11-24 18:50:04.944   204  1434 I GenericSource: start
11-24 18:50:04.945   204  1434 W Utils   : bool android::canOffloadStream(const android::sp<android::MetaData>&, bool, const android::sp<android::MetaData>&, bool, audio_stream_type_t) No sample bit depth info in meta data
11-24 18:50:04.945   204  1434 E AudioPolicyManager: isOffloadSupported: stream_type != MUSIC, returning false
11-24 18:50:04.945   204  1434 I NuPlayer: Could not offload audio decode, pcm offload decided :0
11-24 18:50:04.946   204  1434 W Utils   : bool android::canOffloadStream(const android::sp<android::MetaData>&, bool, const android::sp<android::MetaData>&, bool, audio_stream_type_t) No sample bit depth info in meta data
11-24 18:50:04.946   204  1434 E AudioPolicyManager: isOffloadSupported: stream_type != MUSIC, returning false
11-24 18:50:04.952   204  1445 I FFmpegExtractor: android-source:0xb4473060
11-24 18:50:04.966  1097  1238 I LatinIME:LogUtils: Dictionary info: dictionary = PersonalizationDictionary.en_US ; version = 1479984604 ; date = ?
11-24 18:50:04.976   204  1445 I FFMPEG  : Input #0, ogg, from 'android-source:0xb4473060':
11-24 18:50:04.976   204  1445 I FFMPEG  :   Duration: 00:00:00.11, start: 0.000000, bitrate: 440 kb/s
11-24 18:50:04.977   204  1445 I FFMPEG  :     Stream #0:0: Audio: vorbis, 48000 Hz, mono, fltp, 140 kb/s
11-24 18:50:04.977   204  1445 D FFmpegExtractor: FFmpegExtrator, url: android-source:0xb4473060, format_name: ogg, format_long_name: Ogg
11-24 18:50:04.977   204  1445 I FFmpegExtractor: adjust mime(application/ogg -> audio/vorbis)
11-24 18:50:04.977   204  1445 D FFmpegExtractor: suppoted codec(vorbis) by official Stagefright
11-24 18:50:04.977  1097  1238 I LatinIME:LogUtils: Dictionary info: dictionary = PersonalizationDictionary.en_US ; version = 1479984604 ; date = ?
11-24 18:50:04.977   204  1445 D FFmpegExtractor: ffmpeg detected media content as 'audio/vorbis' with confidence 0.08
11-24 18:50:04.988   786   786 D GpsNetInitiatedHandler: location enabled :false
11-24 18:50:05.009   204   898 D NuPlayerDriver: start(0xb59697c0)
11-24 18:50:05.010   204  1444 I GenericSource: start
11-24 18:50:05.014   204  1444 W Utils   : bool android::canOffloadStream(const android::sp<android::MetaData>&, bool, const android::sp<android::MetaData>&, bool, audio_stream_type_t) No sample bit depth info in meta data
11-24 18:50:05.014   204  1444 E AudioPolicyManager: isOffloadSupported: stream_type != MUSIC, returning false
11-24 18:50:05.014   204  1444 I NuPlayer: Could not offload audio decode, pcm offload decided :0
11-24 18:50:05.015   204  1444 W Utils   : bool android::canOffloadStream(const android::sp<android::MetaData>&, bool, const android::sp<android::MetaData>&, bool, audio_stream_type_t) No sample bit depth info in meta data
11-24 18:50:05.015   204  1444 E AudioPolicyManager: isOffloadSupported: stream_type != MUSIC, returning false
11-24 18:50:05.023  1193  1193 D RegisteredServicesCache: Dynamic AIDs file does not exist.
11-24 18:50:05.024   204   204 D NuPlayerDriver: reset(0xb5969520)
11-24 18:50:05.043   204  1434 D NuPlayerDriver: notifyResetComplete(0xb5969520)
11-24 18:50:05.066  1193  1473 D NfcService: checking on firmware download
11-24 18:50:05.067  1193  1473 W Settings: Setting airplane_mode_on has moved from android.provider.Settings.System to android.provider.Settings.Global, returning read-only value.
11-24 18:50:05.074  1193  1473 D NfcService: NFC is on. Doing normal stuff
11-24 18:50:05.075  1193  1473 I NfcService: Enabling NFC
11-24 18:50:05.098   204   898 D NuPlayerDriver: reset(0xb59697c0)
11-24 18:50:05.109   204  1444 D NuPlayerDriver: notifyResetComplete(0xb59697c0)
11-24 18:50:05.111  1193  1473 D BrcmNfcJni: nfcManager_doInitialize: enter; ver=NFCDROID-AOSP_L_00.01 nfa=NFA_PI_1.03.66+ NCI_VERSION=0x10
11-24 18:50:05.111  1193  1473 D BrcmNfcJni: PowerSwitch::initialize: level=PS-FULL (1)
11-24 18:50:05.111  1193  1473 D NfcAdaptation: const CNfcParam* CNfcConfig::find(const char*) const found SCREEN_OFF_POWER_STATE=(0x1)
11-24 18:50:05.111  1193  1473 D BrcmNfcJni: PowerSwitch::initialize: desired screen-off state=1
11-24 18:50:05.111  1193  1473 D NfcAdaptation: NfcAdaptation::Initialize: enter
11-24 18:50:05.111  1193  1473 E NfcAdaptation: NfcAdaptation::Initialize: ver=NFCDROID-AOSP_L_00.01 nfa=NFA_PI_1.03.66+
11-24 18:50:05.112  1193  1473 D NfcAdaptation: const CNfcParam* CNfcConfig::find(const char*) const found NFA_STORAGE=/data/nfc
11-24 18:50:05.112  1193  1473 D NfcAdaptation: const CNfcParam* CNfcConfig::find(const char*) const found PROTOCOL_TRACE_LEVEL=(0x0)
11-24 18:50:05.112  1193  1473 D NfcAdaptation: const CNfcParam* CNfcConfig::find(const char*) const found NFA_MAX_EE_SUPPORTED=(0x0)
11-24 18:50:05.112  1193  1473 D NfcAdaptation: NfcAdaptation::Initialize: Overriding NFA_EE_MAX_EE_SUPPORTED to use 0
11-24 18:50:05.112  1193  1473 D NfcAdaptation: const CNfcParam* CNfcConfig::find(const char*) const found APPL_TRACE_LEVEL=(0x1)
11-24 18:50:05.122  1193  1481 I BrcmNfcNfa: NFC_TASK started.
11-24 18:50:05.126  1193  1473 E NfcAdaptation: No HAL module specified in config, falling back to BCM2079x
11-24 18:50:05.132   957   957 W Settings: Setting airplane_mode_on has moved from android.provider.Settings.System to android.provider.Settings.Global, returning read-only value.
11-24 18:50:05.136  1097  1449 I LatinIME:LogUtils: Dictionary info: dictionary = ? ; version = 26 ; date = 1351062238
11-24 18:50:05.137  1193  1473 D NfcNciHal: nfc_open: enter; name=nci
11-24 18:50:05.137  1193  1473 D NfcNciHal: HaiInitializeLibrary: enter
11-24 18:50:05.137  1193  1473 E NfcNciHal: HaiInitializeLibrary: ver=NFCDROID-AOSP_L_00.01 nfa=NFA_PI_1.03.66+
11-24 18:50:05.137  1193  1473 D NfcNciHal: bool CNfcConfig::readConfig(const char*, bool) Opened base config /etc/libnfc-brcm.conf
11-24 18:50:05.141  1193  1473 D NfcNciHal: const CNfcParam* CNfcConfig::find(const char*) const found APPL_TRACE_LEVEL=(0x1)
11-24 18:50:05.142  1193  1473 I USERIAL_LINUX: USERIAL_Init
11-24 18:50:05.142  1193  1473 I NfcNciHal: HAL_NfcInitialize (): NFC_HAL_TASK id=0
11-24 18:50:05.143  1193  1485 I NfcNciHal: NFC_HAL_TASK started
11-24 18:50:05.143  1193  1473 I BrcmNfcNfa: nfa_dm_init ()
11-24 18:50:05.143  1193  1473 I BrcmNfcNfa: nfa_sys_register () id=1, enable_cplt_mask=0x0
11-24 18:50:05.143  1193  1473 I BrcmNfcNfa: nfa_sys_register () id=3, enable_cplt_mask=0x8
11-24 18:50:05.143  1193  1473 I BrcmNfcNfa: nfa_rw_init ()
11-24 18:50:05.143  1193  1473 I BrcmNfcNfa: nfa_sys_register () id=6, enable_cplt_mask=0x48
11-24 18:50:05.143  1193  1473 I BrcmNfcNfa: nfa_ce_init ()
11-24 18:50:05.143  1193  1473 I BrcmNfcNfa: nfa_sys_register () id=7, enable_cplt_mask=0xc8
11-24 18:50:05.143  1193  1473 I BrcmNfcNfa: nfa_ee_init ()
11-24 18:50:05.143  1193  1473 I BrcmNfcNfa: nfa_sys_register () id=2, enable_cplt_mask=0xcc
11-24 18:50:05.143  1193  1473 I BrcmNfcNfa: LLCP - llcp_init ()
11-24 18:50:05.143  1193  1473 I BrcmNfcNfa: num_rx_buff = 9, rx_congest_start = 6, rx_congest_end = 4, max_num_ll_rx_buff = 2
11-24 18:50:05.143  1193  1473 I BrcmNfcNfa: max_num_tx_buff = 21, max_num_ll_tx_buff = 6
11-24 18:50:05.143  1193  1473 I BrcmNfcNfa: LLCP_RegisterServer (): SAP:0x1, link_type:0x2, ServiceName:<urn:nfc:sn:sdp>
11-24 18:50:05.144  1193  1473 I BrcmNfcNfa: LLCP_RegisterServer (): Registered SAP = 0x01
11-24 18:50:05.144  1193  1473 I BrcmNfcNfa: NFA_Enable ()
11-24 18:50:05.144  1193  1473 I BrcmNfcNfa: NFC_SetTraceLevel () new_level = 1
11-24 18:50:05.144  1193  1485 I USERIAL_LINUX: USERIAL_Open(): enter
11-24 18:50:05.144  1193  1485 I USERIAL_LINUX: USERIAL_Open() device: /dev/bcm2079x port=5, uart_port=0 WAKE_DELAY(20) WRITE_DELAY(20) POWER_ON_DELAY(0) PRE_POWER_OFF_DELAY(10) POST_POWER_OFF_DELAY(0)
11-24 18:50:05.155  1193  1485 I USERIAL_LINUX: USERIAL_Open(): exit
11-24 18:50:05.156  1276  1276 W Launcher: setApplicationContext called twice! old=com.android.launcher3.LauncherApplication@91a4b03 new=com.android.launcher3.LauncherApplication@91a4b03
11-24 18:50:05.173   204  1483 I FFmpegExtractor: android-source:0xb4473060
11-24 18:50:05.179   204  1483 I FFMPEG  : Input #0, ogg, from 'android-source:0xb4473060':
11-24 18:50:05.180   204  1483 I FFMPEG  :   Duration: 00:00:00.11, start: 0.000000, bitrate: 431 kb/s
11-24 18:50:05.180   204  1483 I FFMPEG  :     Stream #0:0: Audio: vorbis, 48000 Hz, mono, fltp, 140 kb/s
11-24 18:50:05.180   204  1483 D FFmpegExtractor: FFmpegExtrator, url: android-source:0xb4473060, format_name: ogg, format_long_name: Ogg
11-24 18:50:05.180   204  1483 I FFmpegExtractor: adjust mime(application/ogg -> audio/vorbis)
11-24 18:50:05.180   204  1483 D FFmpegExtractor: suppoted codec(vorbis) by official Stagefright
11-24 18:50:05.180   204  1483 D FFmpegExtractor: ffmpeg detected media content as 'audio/vorbis' with confidence 0.08
11-24 18:50:05.234   204   916 D NuPlayerDriver: start(0xb5969940)
11-24 18:50:05.235   204  1482 I GenericSource: start
11-24 18:50:05.241   786   812 D BluetoothManagerService: Message: 20
11-24 18:50:05.241   786   812 D BluetoothManagerService: Added callback: android.bluetooth.IBluetoothManagerCallback$Stub$Proxy@14ba019c:true
11-24 18:50:05.241   786   812 D BluetoothManagerService: Message: 20
11-24 18:50:05.241   786   812 D BluetoothManagerService: Added callback: android.bluetooth.IBluetoothManagerCallback$Stub$Proxy@35d6977a:true
11-24 18:50:05.242   204  1482 W Utils   : bool android::canOffloadStream(const android::sp<android::MetaData>&, bool, const android::sp<android::MetaData>&, bool, audio_stream_type_t) No sample bit depth info in meta data
11-24 18:50:05.242   204  1482 E AudioPolicyManager: isOffloadSupported: stream_type != MUSIC, returning false
11-24 18:50:05.242   204  1482 I NuPlayer: Could not offload audio decode, pcm offload decided :0
11-24 18:50:05.245   957   957 D BluetoothAdapter: 680332404: getState() :  mService = null. Returning STATE_OFF
11-24 18:50:05.248   786   812 D BluetoothManagerService: Message: 30
11-24 18:50:05.262   786   812 D BluetoothManagerService: Message: 30
11-24 18:50:05.263   204  1482 W Utils   : bool android::canOffloadStream(const android::sp<android::MetaData>&, bool, const android::sp<android::MetaData>&, bool, audio_stream_type_t) No sample bit depth info in meta data
11-24 18:50:05.263   204  1482 E AudioPolicyManager: isOffloadSupported: stream_type != MUSIC, returning false
11-24 18:50:05.271   957   957 E BluetoothA2dpSink: Could not bind to Bluetooth A2DP Service with Intent { act=android.bluetooth.IBluetoothA2dpSink }
11-24 18:50:05.273   957  1484 D BluetoothAdapter: 680332404: getState() :  mService = null. Returning STATE_OFF
11-24 18:50:05.274   786   812 D BluetoothManagerService: Message: 30
11-24 18:50:05.275   957   957 E BluetoothAvrcpController: Could not bind to Bluetooth AVRCP Controller Service with Intent { act=android.bluetooth.IBluetoothAvrcpController }
11-24 18:50:05.278   786   812 D BluetoothManagerService: Message: 30
11-24 18:50:05.282   786  1171 D BluetoothManagerService: Trying to bind to profile: 1, while Bluetooth was disabled
11-24 18:50:05.298   786   812 D BluetoothManagerService: Message: 30
11-24 18:50:05.300   957   957 E BluetoothHeadsetClient: Could not bind to Bluetooth Headset Client Service with Intent { act=android.bluetooth.IBluetoothHeadsetClient }
11-24 18:50:05.302  1139  1139 D BluetoothAdapter: 152718083: getState() :  mService = null. Returning STATE_OFF
11-24 18:50:05.302   786   812 D BluetoothManagerService: Message: 30
11-24 18:50:05.304   204   916 D NuPlayerDriver: reset(0xb5969940)
11-24 18:50:05.309   957   957 D BluetoothMap: Create BluetoothMap proxy object
11-24 18:50:05.311   786   812 D BluetoothManagerService: Message: 30
11-24 18:50:05.311   204  1482 D NuPlayerDriver: notifyResetComplete(0xb5969940)
11-24 18:50:05.318  1254  1254 D TelephonyProvider: dbh.onOpen: ok, queried table=siminfo
11-24 18:50:05.319  1254  1254 D TelephonyProvider: dbh.onOpen: ok, queried table=carriers
11-24 18:50:05.329   786   812 D BluetoothManagerService: Message: 30
11-24 18:50:05.342   204  1497 I FFmpegExtractor: android-source:0xb4473060
11-24 18:50:05.347   786  1219 W Searchables: No global search activity found
11-24 18:50:05.352   204  1497 I FFMPEG  : Input #0, ogg, from 'android-source:0xb4473060':
11-24 18:50:05.353   204  1497 I FFMPEG  :   Duration: 00:00:00.11, start: 0.000000, bitrate: 462 kb/s
11-24 18:50:05.353   204  1497 I FFMPEG  :     Stream #0:0: Audio: vorbis, 48000 Hz, mono, fltp, 140 kb/s
11-24 18:50:05.353   204  1497 D FFmpegExtractor: FFmpegExtrator, url: android-source:0xb4473060, format_name: ogg, format_long_name: Ogg
11-24 18:50:05.353   204  1497 I FFmpegExtractor: adjust mime(application/ogg -> audio/vorbis)
11-24 18:50:05.353   204  1497 D FFmpegExtractor: suppoted codec(vorbis) by official Stagefright
11-24 18:50:05.353   204  1497 D FFmpegExtractor: ffmpeg detected media content as 'audio/vorbis' with confidence 0.08
11-24 18:50:05.367   786   812 D BluetoothManagerService: Message: 30
11-24 18:50:05.370   786   812 D BluetoothManagerService: Message: 300
11-24 18:50:05.370   786   812 D BluetoothManagerService: MESSAGE_USER_SWITCHED
11-24 18:50:05.379   204   898 D audio_hw_primary: adev_set_mic_mute: state 0
11-24 18:50:05.382   204   915 D NuPlayerDriver: start(0xb4c31340)
11-24 18:50:05.382   204  1496 I GenericSource: start
11-24 18:50:05.383   204  1496 W Utils   : bool android::canOffloadStream(const android::sp<android::MetaData>&, bool, const android::sp<android::MetaData>&, bool, audio_stream_type_t) No sample bit depth info in meta data
11-24 18:50:05.383   204  1496 E AudioPolicyManager: isOffloadSupported: stream_type != MUSIC, returning false
11-24 18:50:05.383   204  1496 I NuPlayer: Could not offload audio decode, pcm offload decided :0
11-24 18:50:05.395   204  1496 W Utils   : bool android::canOffloadStream(const android::sp<android::MetaData>&, bool, const android::sp<android::MetaData>&, bool, audio_stream_type_t) No sample bit depth info in meta data
11-24 18:50:05.395   204  1496 E AudioPolicyManager: isOffloadSupported: stream_type != MUSIC, returning false
11-24 18:50:05.436   204   915 D NuPlayerDriver: reset(0xb4c31340)
11-24 18:50:05.448   204  1496 D NuPlayerDriver: notifyResetComplete(0xb4c31340)
11-24 18:50:05.471   786   786 I Choreographer: Skipped 58 frames!  The application may be doing too much work on its main thread.
11-24 18:50:05.488   204  1515 I FFmpegExtractor: android-source:0xb4473060
11-24 18:50:05.511   204  1515 I FFMPEG  : Input #0, ogg, from 'android-source:0xb4473060':
11-24 18:50:05.512   204  1515 I FFMPEG  :   Duration: 00:00:00.18, start: 0.000000, bitrate: 431 kb/s
11-24 18:50:05.512   204  1515 I FFMPEG  :     Stream #0:0: Audio: vorbis, 44100 Hz, mono, fltp, 239 kb/s
11-24 18:50:05.512   204  1515 I FFMPEG  :     Metadata:
11-24 18:50:05.512   204  1515 I FFMPEG  :       ARTIST          : Copyright 2013 Android Open Source Project
11-24 18:50:05.512   204  1515 D FFmpegExtractor: FFmpegExtrator, url: android-source:0xb4473060, format_name: ogg, format_long_name: Ogg
11-24 18:50:05.512   204  1515 I FFmpegExtractor: adjust mime(application/ogg -> audio/vorbis)
11-24 18:50:05.512   204  1515 D FFmpegExtractor: suppoted codec(vorbis) by official Stagefright
11-24 18:50:05.512   204  1515 D FFmpegExtractor: ffmpeg detected media content as 'audio/vorbis' with confidence 0.08
11-24 18:50:05.529   786   812 D BluetoothManagerService: Message: 30
11-24 18:50:05.592   786   812 D BluetoothManagerService: Message: 30
11-24 18:50:05.592   204   898 D NuPlayerDriver: start(0xb59697c0)
11-24 18:50:05.592   204  1514 I GenericSource: start
11-24 18:50:05.592   786   786 D BluetoothManagerService: Trying to bind to profile: 1, while Bluetooth was disabled
11-24 18:50:05.595   204  1514 W Utils   : bool android::canOffloadStream(const android::sp<android::MetaData>&, bool, const android::sp<android::MetaData>&, bool, audio_stream_type_t) No sample bit depth info in meta data
11-24 18:50:05.595   204  1514 E AudioPolicyManager: isOffloadSupported: stream_type != MUSIC, returning false
11-24 18:50:05.595   204  1514 I NuPlayer: Could not offload audio decode, pcm offload decided :0
11-24 18:50:05.596   204  1514 W Utils   : bool android::canOffloadStream(const android::sp<android::MetaData>&, bool, const android::sp<android::MetaData>&, bool, audio_stream_type_t) No sample bit depth info in meta data
11-24 18:50:05.596   204  1514 E AudioPolicyManager: isOffloadSupported: stream_type != MUSIC, returning false
11-24 18:50:05.617  1329  1350 W art     : Long monitor contention event with owner method=long android.database.sqlite.SQLiteConnection.nativePrepareStatement(long, java.lang.String) from SQLiteConnection.java:4294967294 waiters=0 for 496ms
11-24 18:50:05.664   204   898 D NuPlayerDriver: reset(0xb59697c0)
11-24 18:50:05.675   204  1514 D NuPlayerDriver: notifyResetComplete(0xb59697c0)
11-24 18:50:05.685   786   786 I FusedLocation: engine started (com.android.location.fused)
11-24 18:50:05.693   204   916 I AudioFlinger: HAL output buffer size 32768 frames, normal sink buffer size 32768 frames
11-24 18:50:05.693   204   830 D audio_hw_primary: adev_set_parameters: enter: connect=4
11-24 18:50:05.700   204  1549 I AudioFlinger: AudioFlinger's thread 0xb5889f00 ready to run
11-24 18:50:05.706   204  1549 D audio_hw_primary: out_set_parameters: enter: usecase(3: compress-offload-playback) kvpairs: closing=true
11-24 18:50:05.707   204   916 D audio_hw_primary: out_set_parameters: enter: usecase(3: compress-offload-playback) kvpairs: exiting=1
11-24 18:50:05.708   204  1547 E audio_hw_primary: offload_thread_loop: Compress handle is NULL
11-24 18:50:05.715  1139  1139 D LocalBluetoothProfileManager: Adding local MAP profile
11-24 18:50:05.717   204   890 D audio_hw_primary: out_set_parameters: enter: usecase(1: low-latency-playback) kvpairs: routing=0
11-24 18:50:05.726   204   891 D audio_hw_primary: out_set_parameters: enter: usecase(0: deep-buffer-playback) kvpairs: routing=0
11-24 18:50:05.728   204   894 D audio_hw_primary: out_set_parameters: enter: usecase(16: afe-proxy-playback) kvpairs: routing=0
11-24 18:50:05.728  1139  1139 D BluetoothMap: Create BluetoothMap proxy object
11-24 18:50:05.730   786   812 D BluetoothManagerService: Message: 30
11-24 18:50:05.779   204   830 D audio_hw_primary: adev_set_parameters: enter: connect=-2147483632
11-24 18:50:05.787   204  1560 I AudioFlinger: AudioFlinger's thread 0xb44a9000 ready to run
11-24 18:50:05.795  1254  1561 E DcSwitchStateMachine-0: DctController is not ready
11-24 18:50:05.801  1193  1485 E NfcNciHal: NVM patch version is 11.51
11-24 18:50:05.814   786   812 D BluetoothManagerService: Message: 30
11-24 18:50:05.858  1193  1473 D BrcmNfcJni: RoutingManager::initialize(): try ee register
11-24 18:50:05.858  1193  1481 D BrcmNfcJni: RoutingManager::nfaEeCallback: NFA_EE_REGISTER_EVT; status=0
11-24 18:50:05.859  1193  1481 D BrcmNfcJni: nfaEeCallback: NFA_EE_DISCOVER_REQ_EVT; status=0x0; num ee=0
11-24 18:50:05.859  1193  1481 D BrcmNfcJni: RoutingManager::stackCallback: event=0x15
11-24 18:50:05.859  1193  1481 D BrcmNfcJni: RoutingManager::stackCallback: NFA_CE_REGISTERED_EVT; status=0x0; h=0x301
11-24 18:50:05.864   786   806 D GpsLocationProvider: received SIM realted action: 
11-24 18:50:05.875  1276  1276 E AppsCustomizePagedView: Create Res Apk Failed
11-24 18:50:05.883   786   806 D GpsLocationProvider: SIM MCC/MNC is still not available
11-24 18:50:05.885  1193  1473 D NdefPushServer: start, thread = null
11-24 18:50:05.886  1193  1473 D NdefPushServer: starting new server thread
11-24 18:50:05.895  1193  1575 D NdefPushServer: about create LLCP service socket
11-24 18:50:05.896  1193  1575 D NdefPushServer: created LLCP service socket
11-24 18:50:05.896  1193  1575 D NdefPushServer: about to accept
11-24 18:50:05.925  1139  1139 D LocalBluetoothProfileManager: LocalBluetoothProfileManager construction complete
11-24 18:50:05.926  1139  1139 D BluetoothAdapter: 152718083: getState() :  mService = null. Returning STATE_OFF
11-24 18:50:05.926  1139  1139 D BluetoothAdapter: 152718083: getState() :  mService = null. Returning STATE_OFF
11-24 18:50:05.942  1193  1481 D BrcmNfcJni: RoutingManager::nfaEeCallback: NFA_EE_SET_TECH_CFG_EVT; status=0x0
11-24 18:50:05.942  1193  1481 D BrcmNfcJni: RoutingManager::nfaEeCallback: NFA_EE_SET_PROTO_CFG_EVT; status=0x0
11-24 18:50:05.942  1193  1473 D BrcmNfcJni: RoutingManager::commitRouting
11-24 18:50:05.953  1193  1481 D BrcmNfcJni: RoutingManager::nfaEeCallback: NFA_EE_UPDATED_EVT
11-24 18:50:05.977   204  1597 I FFmpegExtractor: android-source:0xb4473060
11-24 18:50:05.996   204  1597 I FFMPEG  : Input #0, ogg, from 'android-source:0xb4473060':
11-24 18:50:05.996   204  1597 I FFMPEG  :   Duration: 00:00:01.40, start: 0.000000, bitrate: 42 kb/s
11-24 18:50:05.996   204  1597 I FFMPEG  :     Stream #0:0: Audio: vorbis, 16000 Hz, mono, fltp, 64 kb/s
11-24 18:50:05.996   204  1597 I FFMPEG  :     Metadata:
11-24 18:50:05.996   204  1597 I FFMPEG  :       TITLE           : NFCSuccess
11-24 18:50:05.997   204  1597 D FFmpegExtractor: FFmpegExtrator, url: android-source:0xb4473060, format_name: ogg, format_long_name: Ogg
11-24 18:50:05.997   204  1597 I FFmpegExtractor: adjust mime(application/ogg -> audio/vorbis)
11-24 18:50:05.997   204  1597 D FFmpegExtractor: suppoted codec(vorbis) by official Stagefright
11-24 18:50:05.997   204  1597 D FFmpegExtractor: ffmpeg detected media content as 'audio/vorbis' with confidence 0.08
11-24 18:50:06.020   204   204 D NuPlayerDriver: start(0xb5969520)
11-24 18:50:06.021   204  1595 I GenericSource: start
11-24 18:50:06.025   204  1595 W Utils   : bool android::canOffloadStream(const android::sp<android::MetaData>&, bool, const android::sp<android::MetaData>&, bool, audio_stream_type_t) No sample bit depth info in meta data
11-24 18:50:06.025   204  1595 E AudioPolicyManager: isOffloadSupported: stream_type != MUSIC, returning false
11-24 18:50:06.025   204  1595 I NuPlayer: Could not offload audio decode, pcm offload decided :0
11-24 18:50:06.026   204  1595 W Utils   : bool android::canOffloadStream(const android::sp<android::MetaData>&, bool, const android::sp<android::MetaData>&, bool, audio_stream_type_t) No sample bit depth info in meta data
11-24 18:50:06.026   204  1595 E AudioPolicyManager: isOffloadSupported: stream_type != MUSIC, returning false
11-24 18:50:06.085  1254  1254 D PhoneApp: startImsService
11-24 18:50:06.091   204   204 D NuPlayerDriver: reset(0xb5969520)
11-24 18:50:06.095   204  1595 D NuPlayerDriver: notifyResetComplete(0xb5969520)
11-24 18:50:06.128  1329  1433 I ContactLocale: AddressBook Labels [en-US;zh-CN]: [, A, B, C, D, E, F, G, H, I, J, K, L, M, N, O, P, Q, R, S, T, U, V, W, X, Y, Z, , , , , , , , , , , , , , , , , , , , , , , , , , , , , , , , , , , , , , , , , , , , , , , , , , , , , , , , , , , , , , , , , , , , , , , , , , , , , , , , , , , , , , , , , , , , , , , , , , , , , , , , , , , , , , , , , , , , , , , , , , , , , , , , , , , , , , , , , , , , , , , , , , , , , , , , , , , , , , , , , , , , , , , , , , , , , , , , , , , , , , , , , , , , #, ]
11-24 18:50:06.140   204  1611 I FFmpegExtractor: android-source:0xb4473060
11-24 18:50:06.151   204  1611 I FFMPEG  : Input #0, ogg, from 'android-source:0xb4473060':
11-24 18:50:06.152   204  1611 I FFMPEG  :   Duration: 00:00:00.87, start: 0.000000, bitrate: 60 kb/s
11-24 18:50:06.152   204  1611 I FFMPEG  :     Stream #0:0: Audio: vorbis, 16000 Hz, mono, fltp, 64 kb/s
11-24 18:50:06.152   204  1611 I FFMPEG  :     Metadata:
11-24 18:50:06.152   204  1611 I FFMPEG  :       TITLE           : NFCSuccess
11-24 18:50:06.152   204  1611 D FFmpegExtractor: FFmpegExtrator, url: android-source:0xb4473060, format_name: ogg, format_long_name: Ogg
11-24 18:50:06.152   204  1611 I FFmpegExtractor: adjust mime(application/ogg -> audio/vorbis)
11-24 18:50:06.152   204  1611 D FFmpegExtractor: suppoted codec(vorbis) by official Stagefright
11-24 18:50:06.152   204  1611 D FFmpegExtractor: ffmpeg detected media content as 'audio/vorbis' with confidence 0.08
11-24 18:50:06.158  1276  1276 D LocaleSetManager: Locale Changed from: null to en-US
11-24 18:50:06.166  1276  1276 I LauncherLocale: AddressBook Labels [en-US]: [, A, B, C, D, E, F, G, H, I, J, K, L, M, N, O, P, Q, R, S, T, U, V, W, X, Y, Z, , , , , , , , , , , , , , , , , , , , , , , , , , , , , , , , , , , , , , , , , , , , , , , , , , , , , , , , , , , , , , , , , , , , , , , , , , , , , , , , , , , , , , , , , , , , , , , , , , , , , , , , , , , , , , , , , , , , , , , , , , , , , , , , , , , , , , , , , , , , , , , , , , , , , , , , , , , , , , , , , , , , , , , , , , , , , , , , , , , , , , , , , , , , #, ]
11-24 18:50:06.171   204   916 D NuPlayerDriver: start(0xb5969940)
11-24 18:50:06.171   204  1608 I GenericSource: start
11-24 18:50:06.172   786   812 D BluetoothManagerService: Message: 20
11-24 18:50:06.172   786   812 D BluetoothManagerService: Added callback: android.bluetooth.IBluetoothManagerCallback$Stub$Proxy@3978c4fa:true
11-24 18:50:06.174   204  1608 W Utils   : bool android::canOffloadStream(const android::sp<android::MetaData>&, bool, const android::sp<android::MetaData>&, bool, audio_stream_type_t) No sample bit depth info in meta data
11-24 18:50:06.174   204  1608 E AudioPolicyManager: isOffloadSupported: stream_type != MUSIC, returning false
11-24 18:50:06.174   204  1608 I NuPlayer: Could not offload audio decode, pcm offload decided :0
11-24 18:50:06.175   204  1608 W Utils   : bool android::canOffloadStream(const android::sp<android::MetaData>&, bool, const android::sp<android::MetaData>&, bool, audio_stream_type_t) No sample bit depth info in meta data
11-24 18:50:06.175   204  1608 E AudioPolicyManager: isOffloadSupported: stream_type != MUSIC, returning false
11-24 18:50:06.187   786   812 D BluetoothManagerService: Message: 30
11-24 18:50:06.188   786  1216 D BluetoothManagerService: Trying to bind to profile: 1, while Bluetooth was disabled
11-24 18:50:06.245   204   916 D NuPlayerDriver: reset(0xb5969940)
11-24 18:50:06.251   204  1608 D NuPlayerDriver: notifyResetComplete(0xb5969940)
11-24 18:50:06.251  1577  1577 D WeatherUpdateService: Service started, but shouldn't update ... stopping
11-24 18:50:06.264  1276  1432 D Launcher.Model: 11683562 - loadWorkspace()
11-24 18:50:06.269  1276  1432 D Launcher.Model: 11683562 -   loadedOldDb: false
11-24 18:50:06.273  1276  1432 W Launcher: setApplicationContext called twice! old=com.android.launcher3.LauncherApplication@91a4b03 new=com.android.launcher3.LauncherApplication@91a4b03
11-24 18:50:06.277   957   957 I CameraManagerGlobal: getCameraService: Reconnecting to camera service
11-24 18:50:06.294  1254  1254 I Telephony: TtyManager: updateUiTtyMode -1 -> 0
11-24 18:50:06.310   204  1631 I FFmpegExtractor: android-source:0xb4473060
11-24 18:50:06.321   204  1631 I FFMPEG  : Input #0, ogg, from 'android-source:0xb4473060':
11-24 18:50:06.322   204  1631 I FFMPEG  :   Duration: 00:00:00.74, start: 0.000000, bitrate: 66 kb/s
11-24 18:50:06.322   204  1631 I FFMPEG  :     Stream #0:0: Audio: vorbis, 16000 Hz, mono, fltp, 64 kb/s
11-24 18:50:06.322   204  1631 I FFMPEG  :     Metadata:
11-24 18:50:06.322   204  1631 I FFMPEG  :       TITLE           : NFCFailure
11-24 18:50:06.322   204  1631 D FFmpegExtractor: FFmpegExtrator, url: android-source:0xb4473060, format_name: ogg, format_long_name: Ogg
11-24 18:50:06.322   204  1631 I FFmpegExtractor: adjust mime(application/ogg -> audio/vorbis)
11-24 18:50:06.322   204  1631 D FFmpegExtractor: suppoted codec(vorbis) by official Stagefright
11-24 18:50:06.322   204  1631 D FFmpegExtractor: ffmpeg detected media content as 'audio/vorbis' with confidence 0.08
11-24 18:50:06.334  1276  1641 D OpenGLRenderer: Use EGL_SWAP_BEHAVIOR_PRESERVED: true
11-24 18:50:06.367   204   915 D NuPlayerDriver: start(0xb4c31340)
11-24 18:50:06.369   204  1629 I GenericSource: start
11-24 18:50:06.370  1276  1276 D Atlas   : Validating map...
11-24 18:50:06.371   204  1629 W Utils   : bool android::canOffloadStream(const android::sp<android::MetaData>&, bool, const android::sp<android::MetaData>&, bool, audio_stream_type_t) No sample bit depth info in meta data
11-24 18:50:06.371   204  1629 E AudioPolicyManager: isOffloadSupported: stream_type != MUSIC, returning false
11-24 18:50:06.371   204  1629 I NuPlayer: Could not offload audio decode, pcm offload decided :0
11-24 18:50:06.372   204  1629 W Utils   : bool android::canOffloadStream(const android::sp<android::MetaData>&, bool, const android::sp<android::MetaData>&, bool, audio_stream_type_t) No sample bit depth info in meta data
11-24 18:50:06.372   204  1629 E AudioPolicyManager: isOffloadSupported: stream_type != MUSIC, returning false
11-24 18:50:06.478   204   915 D NuPlayerDriver: reset(0xb4c31340)
11-24 18:50:06.484   204  1629 D NuPlayerDriver: notifyResetComplete(0xb4c31340)
11-24 18:50:06.587  1276  1653 E StatsUtil: stats not found!
11-24 18:50:06.588  1276  1653 E StatsUtil: stats not found!
11-24 18:50:06.635   957  1628 D BluetoothAdapter: 680332404: getState() :  mService = null. Returning STATE_OFF
11-24 18:50:06.635   957  1628 D BluetoothAdapter: 680332404: getState() :  mService = null. Returning STATE_OFF
11-24 18:50:06.636   957  1628 D BluetoothAdapter: 680332404: getState() :  mService = null. Returning STATE_OFF
11-24 18:50:06.636   957  1628 D BluetoothAdapter: 680332404: getState() :  mService = null. Returning STATE_OFF
11-24 18:50:06.659  1276  1641 I Adreno-EGL: <qeglDrvAPI_eglInitialize:379>: QUALCOMM Build: 01/14/15, ab0075f, Id3510ff6dc
11-24 18:50:06.665  1276  1641 I OpenGLRenderer: Initialized EGL, version 1.4
11-24 18:50:06.705   957   957 W CustomTileListenerService[]: CustomTile listener service not yet bound.
11-24 18:50:06.750  1276  1641 D OpenGLRenderer: Enabling debug mode 0
11-24 18:50:06.768   786   801 I art     : Background partial concurrent mark sweep GC freed 52546(4MB) AllocSpace objects, 19(502KB) LOS objects, 33% free, 23MB/35MB, paused 8.974ms total 328.040ms
11-24 18:50:06.802   186   314 D PermissionCache: checking android.permission.ACCESS_SURFACE_FLINGER for uid=10016 => granted (505 us)
11-24 18:50:06.834   957  1659 D OpenGLRenderer: Use EGL_SWAP_BEHAVIOR_PRESERVED: true
11-24 18:50:06.887   957   957 D Atlas   : Validating map...
11-24 18:50:06.942   957   957 D PhoneStatusBar: disable: < expand icons alerts system_info back home recent clock search >
11-24 18:50:07.065  1254  1254 D TelephonyDebugService: TelephonyDebugService()
11-24 18:50:07.072  1276  1276 I Choreographer: Skipped 33 frames!  The application may be doing too much work on its main thread.
11-24 18:50:07.202   786   813 I ActivityManager: Displayed com.cyanogenmod.trebuchet/com.android.launcher3.Launcher: +3s316ms
11-24 18:50:07.203   786   813 I Timeline: Timeline: Activity_windows_visible id: ActivityRecord{3570e3bc u0 com.cyanogenmod.trebuchet/com.android.launcher3.Launcher t1} time:21478
11-24 18:50:07.219  1276  1432 D Launcher.Model: 11683562 - loadWorkspaceScreensDb()
11-24 18:50:07.220  1276  1432 D Launcher.Model: 11683562 -   screens: { 0: 1 }, { 1: 2 }
11-24 18:50:07.220  1276  1432 D Launcher.Model: 11683562 -   sBgWorkspaceScreens: 1, 2
11-24 18:50:07.220  1276  1432 D Launcher.Model: 11683562 - updateWorkspaceScreenOrder()
11-24 18:50:07.220  1276  1432 D Launcher.Model: 11683562 -   screens: 1, 2
11-24 18:50:07.236  1276  1276 I Timeline: Timeline: Activity_idle id: android.os.BinderProxy@b2afe9 time:21512
11-24 18:50:07.242   786   807 V KeyguardServiceDelegate: *** Keyguard started
11-24 18:50:07.258  1618  1618 V RenderScript_jni: RS native mode
11-24 18:50:07.280   957   957 D BluetoothAdapter: 680332404: getState() :  mService = null. Returning STATE_OFF
11-24 18:50:07.281   957   957 D BluetoothAdapter: 680332404: getState() :  mService = null. Returning STATE_OFF
11-24 18:50:07.310  1276  1276 D Launcher: 11683562 - bindAddScreens()
11-24 18:50:07.310  1276  1276 D Launcher: 11683562 -   orderedScreenIds: 1, 2
11-24 18:50:07.310  1276  1276 D Launcher.Workspace: 11683562 - insertNewWorkspaceScreen(): 1 at index: 0
11-24 18:50:07.342   957   957 D PhoneStatusBar: heads up is enabled
11-24 18:50:07.395   786  1244 W ContentService: Observer android.database.IContentObserver$Stub$Proxy@3a32f036 is already registered.
11-24 18:50:07.404   786   803 W ContentService: Observer android.database.IContentObserver$Stub$Proxy@ca4eb37 is already registered.
11-24 18:50:07.442  1276  1276 D Launcher.Workspace: 11683562 - insertNewWorkspaceScreen(): 2 at index: 1
11-24 18:50:07.446   957   957 I Choreographer: Skipped 290 frames!  The application may be doing too much work on its main thread.
11-24 18:50:07.454  1254  1254 E PhoneInterfaceManager: [PhoneIntfMgr] getIccId: ICC ID is null or empty.
11-24 18:50:07.504   957   957 D ViewRootImpl: changeCanvasOpacity: opaque=true
11-24 18:50:07.527  1618  1672 V RenderScript: 0xb480f600 Launching thread(s), CPUs 4
11-24 18:50:07.570  1254  1254 D Telephony: TtyManager: setting TTY mode to 0 succeeded
11-24 18:50:07.612   957   957 W Settings: Setting airplane_mode_on has moved from android.provider.Settings.System to android.provider.Settings.Global, returning read-only value.
11-24 18:50:07.627   957   957 W Settings: Setting airplane_mode_on has moved from android.provider.Settings.System to android.provider.Settings.Global, returning read-only value.
11-24 18:50:07.647   957   957 W Settings: Setting airplane_mode_on has moved from android.provider.Settings.System to android.provider.Settings.Global, returning read-only value.
11-24 18:50:07.650   786  1169 W ContentService: Observer android.database.IContentObserver$Stub$Proxy@30d93c28 is already registered.
11-24 18:50:07.664   786   803 W ContentService: Observer android.database.IContentObserver$Stub$Proxy@3299f2d4 is already registered.
11-24 18:50:07.666   957   957 W Settings: Setting airplane_mode_on has moved from android.provider.Settings.System to android.provider.Settings.Global, returning read-only value.
11-24 18:50:07.693   957   957 W Settings: Setting airplane_mode_on has moved from android.provider.Settings.System to android.provider.Settings.Global, returning read-only value.
11-24 18:50:07.729   786   813 I Timeline: Timeline: Activity_windows_visible id: ActivityRecord{3570e3bc u0 com.cyanogenmod.trebuchet/com.android.launcher3.Launcher t1} time:22004
11-24 18:50:07.763   786   803 W ContentService: Observer android.database.IContentObserver$Stub$Proxy@2e36e7b3 is already registered.
11-24 18:50:07.776   786  1245 W ContentService: Observer android.database.IContentObserver$Stub$Proxy@3d2e4c0f is already registered.
11-24 18:50:07.812   957  1659 I Adreno-EGL: <qeglDrvAPI_eglInitialize:379>: QUALCOMM Build: 01/14/15, ab0075f, Id3510ff6dc
11-24 18:50:07.813   957  1659 I OpenGLRenderer: Initialized EGL, version 1.4
11-24 18:50:07.851   957  1659 D OpenGLRenderer: Enabling debug mode 0
11-24 18:50:07.994  1276  1641 V RenderScript: Application requested CPU execution
11-24 18:50:08.016  1276  1641 V RenderScript: 0xaec11000 Launching thread(s), CPUs 4
11-24 18:50:08.056  1618  1672 V RenderScript: Successfully loaded runtime: libRSDriver_adreno.so
11-24 18:50:08.070   957   957 D PhoneStatusBar: disable: < EXPAND* icons alerts system_info BACK* HOME* RECENT* clock SEARCH* >
11-24 18:50:08.108  1690  1690 D CellBroadcastReceiver: onReceive Intent { act=android.intent.action.SERVICE_STATE flg=0x10 cmp=com.android.cellbroadcastreceiver/.CellBroadcastReceiver (has extras) }
11-24 18:50:08.109  1690  1690 D CellBroadcastReceiver: Intent ACTION_SERVICE_STATE_CHANGED
11-24 18:50:08.112  1690  1690 D CellBroadcastReceiver: Service state changed! 3 Full: 3 3 voice home data home null null null null null null  Unknown Unknown CSS not supported -1 -1 RoamInd=-1 DefRoamInd=-1 EmergOnly=false Current state=-1
11-24 18:50:08.188  1254  1254 E PhoneInterfaceManager: [PhoneIntfMgr] getIccId: ICC ID is null or empty.
11-24 18:50:08.198  1254  1660 E PhoneInterfaceManager: [PhoneIntfMgr] getIccId: ICC ID is null or empty.
11-24 18:50:08.215  1254  1254 E PhoneInterfaceManager: [PhoneIntfMgr] getIccId: ICC ID is null or empty.
11-24 18:50:08.236  1254  1254 E PhoneInterfaceManager: [PhoneIntfMgr] getIccId: ICC ID is null or empty.
11-24 18:50:08.248  1254  1254 E PhoneInterfaceManager: [PhoneIntfMgr] getIccId: ICC ID is null or empty.
11-24 18:50:08.250   786   786 D GpsLocationProvider: received SIM realted action: 
11-24 18:50:08.253   786   786 D GpsLocationProvider: SIM MCC/MNC is still not available
11-24 18:50:08.283   957   957 D KeyguardUpdateMonitor: ACTION_SERVICE_STATE_CHANGED on sub: 2147483643 mServiceState: 3 3 voice home data home null null null null null null  Unknown Unknown CSS not supported -1 -1 RoamInd=-1 DefRoamInd=-1 EmergOnly=false
11-24 18:50:08.289  1618  1618 E ExtMediaPlayer-JNI: QCMediaPlayer could not be located....
11-24 18:50:08.289  1618  1618 E MediaPlayer-JNI: QCMediaPlayer mediaplayer NOT present
11-24 18:50:08.346  1276  1276 I Choreographer: Skipped 32 frames!  The application may be doing too much work on its main thread.
11-24 18:50:08.595  1254  1559 E PhoneInterfaceManager: [PhoneIntfMgr] getIccId: ICC ID is null or empty.
11-24 18:50:08.603  1276  1276 D android.widget.GridLayout: vertical constraints: y3-y0>=396, y3-y0<=372, y3-y2<=156, y2-y1<=3 are inconsistent; permanently removing: y3-y0<=372. 
11-24 18:50:08.667  1276  1276 D Launcher.Workspace: 11683562 - stripEmptyScreens()
11-24 18:50:08.675   786   813 I Timeline: Timeline: Activity_windows_visible id: ActivityRecord{3570e3bc u0 com.cyanogenmod.trebuchet/com.android.launcher3.Launcher t1} time:22951
11-24 18:50:08.731   786   786 V KeyguardServiceDelegate: *** Keyguard connected (yay!)
11-24 18:50:08.737  1690  1690 D CellBroadcastReceiver: onReceive Intent { act=android.intent.action.ACTION_SUBINFO_RECORD_UPDATED flg=0x10 cmp=com.android.cellbroadcastreceiver/.CellBroadcastReceiver }
11-24 18:50:08.738  1254  1742 D SIP     : [SipSharedPreferences] isReceivingCallsEnabled, option not set; use default value, exception: android.provider.Settings$SettingNotFoundException: sip_receive_calls
11-24 18:50:08.740  1254  1254 D Telephony: TelecomAccountRegistry: Found 1 phones.  Attempting to register.
11-24 18:50:08.740  1254  1254 D Telephony: TelecomAccountRegistry: Phone with subscription id 1
11-24 18:50:08.742   957   975 V KeyguardViewMediator: Ignoring state: UNKNOWN
11-24 18:50:08.742   957   975 W Settings: Setting airplane_mode_on has moved from android.provider.Settings.System to android.provider.Settings.Global, returning read-only value.
11-24 18:50:08.750  1254  1254 E PhoneInterfaceManager: [PhoneIntfMgr] getIccId: ICC ID is null or empty.
11-24 18:50:08.846  1254  1254 D Telephony: AccountEntry: Registered phoneAccount: [PhoneAccount: ComponentInfo{com.android.phone/com.android.services.telephony.TelephonyConnectionService}, [356a192b7913b04c54574d18c28d46e6395428ab], UserHandle{0} Capabilities: 54 Schemes: tel voicemail ] with handle: ComponentInfo{com.android.phone/com.android.services.telephony.TelephonyConnectionService}, [356a192b7913b04c54574d18c28d46e6395428ab], UserHandle{0}
11-24 18:50:08.848  1254  1254 I Telephony: PstnIncomingCallNotifier: Registering: Handler (com.android.internal.telephony.gsm.GSMPhone) {26a18439}
11-24 18:50:08.862  1254  1254 D Telephony: PstnPhoneCapabilitiesNotifier: Registering: Handler (com.android.internal.telephony.gsm.GSMPhone) {26a18439}
11-24 18:50:08.870  1254  1254 D Telephony: TelecomAccountRegistry: Unregistering phone account ComponentInfo{com.android.phone/com.android.services.telephony.TelephonyConnectionService}, [4208433e9abcef6d04057081ae5a7fc2b23515a1], UserHandle{0}.
11-24 18:50:08.870   204  1745 I FFmpegExtractor: android-source:0xb4473060
11-24 18:50:08.904  1254  1254 D CallNotifier: onReceive... 
11-24 18:50:08.927  1254  1254 E PhoneInterfaceManager: [PhoneIntfMgr] getIccId: ICC ID is null or empty.
11-24 18:50:08.928   204  1745 I FFMPEG  : [mp3 @ 0xb58b2c00] Unknown attached picture mimetype: , skipping.
11-24 18:50:08.928   204  1745 I FFMPEG  : [mp3 @ 0xb58b2c00] Skipping 0 bytes of junk at 178107.
11-24 18:50:08.943   786   806 D GpsLocationProvider: received SIM realted action: 
11-24 18:50:08.952   204  1745 I FFMPEG  : [mp3 @ 0xb58b2c00] Estimating duration from bitrate, this may be inaccurate
11-24 18:50:08.952   204  1745 I FFMPEG  : Input #0, mp3, from 'android-source:0xb4473060':
11-24 18:50:08.953   204  1745 I FFMPEG  :   Metadata:
11-24 18:50:08.953   204  1745 I FFMPEG  :     iTunNORM        :  00000F55 00000D2C 0000531D 000052FF 0000A571 0000A571 0000797F 00007AA2 00026A3B 00022D47
11-24 18:50:08.953   204  1745 I FFMPEG  :     iTunSMPB        :  00000000 00000840 0000015F 0000000000743A61 00000000 00000000 00000000 00000000 00000000 00000000 00000000 00000000
11-24 18:50:08.953   204  1745 I FFMPEG  :   Duration: 00:02:52.80, start: 0.000000, bitrate: 328 kb/s
11-24 18:50:08.956   204  1745 I FFMPEG  :     Stream #0:0: Audio: mp3, 44100 Hz, stereo, s16p, 320 kb/s
11-24 18:50:08.957   204  1745 D FFmpegExtractor: FFmpegExtrator, url: android-source:0xb4473060, format_name: mp3, format_long_name: MP2/3 (MPEG audio layer 2/3)
11-24 18:50:08.957   204  1745 D FFmpegExtractor: suppoted codec(mp3) by official Stagefright
11-24 18:50:08.958   204  1745 D FFmpegExtractor: ffmpeg detected media content as 'audio/mpeg' with confidence 0.08
11-24 18:50:08.965  1618  1618 E MediaPlayer: Should have subtitle controller already set
11-24 18:50:08.997   786   806 D GpsLocationProvider: SIM MCC/MNC is still not available
11-24 18:50:09.003  1618  1618 E ExtMediaPlayer-JNI: QCMediaPlayer could not be located....
11-24 18:50:09.004  1618  1618 E MediaPlayer-JNI: QCMediaPlayer mediaplayer NOT present
11-24 18:50:09.073   204  1752 I FFmpegExtractor: android-source:0xb44732e0
11-24 18:50:09.076  1254  1254 D PhoneApp: Radio technology switched. Now GSM is active.
11-24 18:50:09.076   786   806 D GpsLocationProvider: received SIM realted action: 
11-24 18:50:09.077   204  1752 I FFMPEG  : [mp3 @ 0xb58b4400] Skipping 0 bytes of junk at 1044.
11-24 18:50:09.079   204  1752 I FFMPEG  : Input #0, mp3, from 'android-source:0xb44732e0':
11-24 18:50:09.079   204  1752 I FFMPEG  :   Duration: 00:03:08.79, start: 0.025057, bitrate: 320 kb/s
11-24 18:50:09.080   204  1752 I FFMPEG  :     Stream #0:0: Audio: mp3, 44100 Hz, stereo, s16p, 320 kb/s
11-24 18:50:09.080   204  1752 I FFMPEG  :     Metadata:
11-24 18:50:09.080   204  1752 I FFMPEG  :       encoder         : LAME3.99r
11-24 18:50:09.080   204  1752 D FFmpegExtractor: FFmpegExtrator, url: android-source:0xb44732e0, format_name: mp3, format_long_name: MP2/3 (MPEG audio layer 2/3)
11-24 18:50:09.080   204  1752 D FFmpegExtractor: suppoted codec(mp3) by official Stagefright
11-24 18:50:09.080   204  1752 D FFmpegExtractor: ffmpeg detected media content as 'audio/mpeg' with confidence 0.08
11-24 18:50:09.081  1618  1618 E MediaPlayer: Should have subtitle controller already set
11-24 18:50:09.089   204   204 D NuPlayerDriver: seekTo(0xb59697c0) 27389 ms
11-24 18:50:09.095  1254  1254 E AudioTrack: AudioTrack::set : Exit
11-24 18:50:09.096  1254  1254 D CallNotifier: CallNotifier: mSignalInfoToneGenerator created when toneplay
