11-24 18:50:06.359  1254  1254 D TelephonyManager: setTelephonyProperty: success phoneId=0 property=gsm.operator.isroaming value: false propVal=false
11-24 18:50:06.360  1254  1254 D CdmaSST : [CdmaLteSST] Broadcasting ServiceState : 3 3 voice home data home null null null null null null  Unknown Unknown CSS not supported -1 -1 RoamInd=-1 DefRoamInd=-1 EmergOnly=false
11-24 18:50:06.360  1254  1254 D SubscriptionController: [getSubId]- mSlotIdToSubIdMap.size == 0, return DummySubIds slotIdx=0
11-24 18:50:06.360  1254  1254 D SubscriptionController: getDummySubIds: slotIdx=0 return 1 DummySubIds with each subId=2147483643
11-24 18:50:06.360  1254  1254 D DefaultPhoneNotifier: nofityServiceState: mRegistry=com.android.internal.telephony.ITelephonyRegistry$Stub$Proxy@34ea39c ss=3 3 voice home data home null null null null null null  Unknown Unknown CSS not supported -1 -1 RoamInd=-1 DefRoamInd=-1 EmergOnly=false sender=Handler (com.android.internal.telephony.cdma.CDMALTEPhone) {f465804} phondId=0 subId=2147483643
11-24 18:50:06.361   202   637 I RILQ    : (0/202):RIL[0][qmi_cb] qcril_qmi_nas_dms_op_state_update_handler: reported op mode ONLINE
11-24 18:50:06.361   202   637 I RILQ    : (0/202):RIL[0][qmi_cb] qcril_qmi_nas_dms_op_state_update_handler: expected op mode ONLINE
11-24 18:50:06.362   202  1643 D RILC    : RequestComplete, RIL_SOCKET_1
11-24 18:50:06.362   202  1643 E RILC    : Send Response to RIL_SOCKET_1
11-24 18:50:06.362  1254  1428 D RILJ    : [3657]< RADIO_POWER  [SUB0]
11-24 18:50:06.362   202  1643 I RILC    : RIL_SOCKET_1 UNSOLICITED: UNSOL_RESPONSE_RADIO_STATE_CHANGED length:12
11-24 18:50:06.362   202  1643 E RILC    : Send Response to RIL_SOCKET_1
11-24 18:50:06.364  1254  1428 D RILJ    : [UNSL]< UNSOL_RESPONSE_RADIO_STATE_CHANGED RADIO_ON [SUB0]
11-24 18:50:06.376  1254  1254 D SubscriptionController: getSlotId,  received dummy subId 2147483643
11-24 18:50:06.377  1254  1254 D SubscriptionController: [getSubId]- mSlotIdToSubIdMap.size == 0, return DummySubIds slotIdx=0
11-24 18:50:06.377  1254  1254 D SubscriptionController: getDummySubIds: slotIdx=0 return 1 DummySubIds with each subId=2147483643
11-24 18:50:06.378  1254  1254 D SubscriptionController: getPhoneId,  received dummy subId 2147483643
11-24 18:50:06.379  1254  1254 D SubscriptionController: getSimStateForSubscriber:  simState=NOT_READY ordinal=6
11-24 18:50:06.379   202   350 I RILQ    : (0/202):RIL[0][event] qcril_qmi_nas_update_data_rte: completed, new drte 0 with confidence 4
11-24 18:50:06.388  1254  1254 D CdmaSST : [CdmaLteSST] notifyDataRegStateRilRadioTechnologyChanged: drs=3 rat=0
11-24 18:50:06.389  1254  1254 D TelephonyManager: setTelephonyProperty: success phoneId=0 property=gsm.network.type value: Unknown propVal=Unknown
11-24 18:50:06.391   202   637 E RILQ    : (0/202): RIL[0][qmi_cb] get_ecc_property_name: ecc list name : ril.ecclist.
11-24 18:50:06.391  1254  1254 D CdmaSST : [CdmaLteSST] Iwlan feature available = false
11-24 18:50:06.391  1254  1254 D CdmaSST : [CdmaLteSST] Iwlan feature available = false
11-24 18:50:06.391  1254  1254 D CdmaDCT : [0]get all active apn types
11-24 18:50:06.393  1254  1254 D CdmaSST : [CdmaLteSST] pollStateDone: hasRegistered=false hasDeregistered=false cidChanged=true mCellInfo=CellInfoLte:{mRegistered=NO mTimeStampType=unknown mTimeStamp=9223372036854775807ns CellIdentityLte:{ mMcc=2147483647 mMnc=2147483647 mCi=2147483647 mPci=2147483647 mTac=2147483647} CellSignalStrengthLte: ss=2147483647 rsrp=2147483647 rsrq=2147483647 rssnr=2147483647 cqi=2147483647 ta=2147483647}
11-24 18:50:06.394   202   350 I RILQ    : (0/202):RIL[0][event] qcril_qmi_nas_evaluate_custom_emergency_numbers_for_card: cur_status 1024, card_state 3
11-24 18:50:06.394   202   350 I RILQ    : (0/202):RIL[0][event] qcril_qmi_nas_evaluate_custom_emergency_numbers_for_card: card_mcc 460, card_mnc 01
11-24 18:50:06.394  1254  1254 D SubscriptionController: [getSubId]- mSlotIdToSubIdMap.size == 0, return DummySubIds slotIdx=0
11-24 18:50:06.394  1254  1254 D SubscriptionController: getDummySubIds: slotIdx=0 return 1 DummySubIds with each subId=2147483643
11-24 18:50:06.400   202   350 I RILC    : RIL_SOCKET_1 UNSOLICITED: UNSOL_RESPONSE_VOICE_NETWORK_STATE_CHANGED length:8
11-24 18:50:06.400   202   350 E RILC    : Send Response to RIL_SOCKET_1
11-24 18:50:06.401  1254  1428 D RILJ    : [UNSL]< UNSOL_RESPONSE_VOICE_NETWORK_STATE_CHANGED [SUB0]
11-24 18:50:06.402   202   350 I RILC    : RIL_SOCKET_1 UNSOLICITED: UNSOL_SIGNAL_STRENGTH length:60
11-24 18:50:06.402   202   350 E RILC    : Send Response to RIL_SOCKET_1
11-24 18:50:06.403   202   350 I RILQ    : (0/202):RIL[0][event] qcril_qmi_nas_evaluate_custom_emergency_numbers_for_card: cur_status 1024, card_state 3
11-24 18:50:06.403   202   350 I RILQ    : (0/202):RIL[0][event] qcril_qmi_nas_evaluate_custom_emergency_numbers_for_card: card_mcc 460, card_mnc 01
11-24 18:50:06.407  1254  1254 D SubscriptionController: getPhoneId,  received dummy subId 2147483643
11-24 18:50:06.408  1254  1254 D CdmaSST : [CdmaLteSST] Iwlan feature available = false
11-24 18:50:06.408  1254  1254 D RILJ    : [3658]> BASEBAND_VERSION [SUB0]
11-24 18:50:06.411  1254  1254 D RILJ    : [3659]> RIL_REQUEST_DEVICE_IDENTITY [SUB0]
11-24 18:50:06.423   202  1650 D RILC    : RequestComplete, RIL_SOCKET_1
11-24 18:50:06.424   202  1650 E RILC    : Send Response to RIL_SOCKET_1
11-24 18:50:06.425  1254  1428 D RILJ    : [3658]< BASEBAND_VERSION M8974A-2.0.50.2.26 [SUB0]
11-24 18:50:06.425  1254  1254 D CDMAPhone: Event EVENT_RADIO_OFF_OR_NOT_AVAILABLE Received
11-24 18:50:06.426  1254  1254 D CdmaDCT : [0]handleMessage msg={ when=-1s229ms what=270369 obj=android.os.AsyncResult@4fd61a5 target=com.android.internal.telephony.dataconnection.DcTracker }
11-24 18:50:06.427  1254  1254 D CdmaDCT : [0]updateSimRecords: newSimRecords = null
11-24 18:50:06.427  1254  1254 D CdmaDCT : [0]onUpdateIcc: newIccRecords null
11-24 18:50:06.427  1254  1254 D use-Rlog/RLOG-CDMA: [CdmaApnProfileTracker] loadProfiles...
11-24 18:50:06.427  1254  1254 D CdmaDCT : [0]handleMessage msg={ when=-1s185ms what=270337 obj=android.os.AsyncResult@3e41097a target=com.android.internal.telephony.dataconnection.DcTracker }
11-24 18:50:06.427  1254  1254 D CdmaDCT : [0]onRadioAvailable
11-24 18:50:06.427  1254  1254 D CdmaDCT : [0]overall state is IDLE
11-24 18:50:06.427  1254  1254 D CdmaDCT : [0]handleMessage msg={ when=-1s185ms what=270342 obj=android.os.AsyncResult@20f0652b target=com.android.internal.telephony.dataconnection.DcTracker }
11-24 18:50:06.427  1254  1254 D CdmaDCT : [0]onRadioOffOrNotAvailable: is off and clean up all connections
11-24 18:50:06.427  1254  1254 D CdmaDCT : [0]cleanUpAllConnections: tearDown=false reason=radioTurnedOff
11-24 18:50:06.428  1254  1254 D CdmaDCT : [0]cleanUpConnection: E tearDown=false reason=radioTurnedOff apnContext={mApnType=default mState=IDLE mWaitingApns={null} mWaitingApnsPermanentFailureCountDown=0 mApnSetting={null} mReason=radioTurnedOff mDataEnabled=false mDependencyMet=true}
11-24 18:50:06.428  1254  1254 D CDMALTEPhone: getDataConnectionState: Data is Out of Service. ret = DISCONNECTED
11-24 18:50:06.429  1254  1254 D CDMALTEPhone: getDataConnectionState apnType=default ret=DISCONNECTED
11-24 18:50:06.429  1254  1254 D SubscriptionController: [getSubId]- mSlotIdToSubIdMap.size == 0, return DummySubIds slotIdx=0
11-24 18:50:06.429  1254  1254 D SubscriptionController: getDummySubIds: slotIdx=0 return 1 DummySubIds with each subId=2147483643
11-24 18:50:06.429   202  1651 D RILC    : RequestComplete, RIL_SOCKET_1
11-24 18:50:06.429   202  1651 E RILC    : Send Response to RIL_SOCKET_1
11-24 18:50:06.429  1254  1428 D RILJ    : [3659]< RIL_REQUEST_DEVICE_IDENTITY {359250051517157, 3A, 8078A964, 35925005151715} [SUB0]
11-24 18:50:06.442  1254  1254 D CdmaDCT : [0]isDataAllowed: not allowed due to - Attached= false - SIM not loaded and not NV subscription
11-24 18:50:06.442  1254  1254 D CdmaDCT : [ApnContext:default] getApnSetting: apnSetting=null
11-24 18:50:06.444  1254  1254 D SubscriptionController: getPhoneId,  received dummy subId 2147483643
11-24 18:50:06.447  1254  1254 D SubscriptionController: getPhoneId,  received dummy subId 2147483643
11-24 18:50:06.460  1254  1254 D CdmaDCT : [0]setupDataForSinglePdn: reason = radioTurnedOff isDisconnected = true
11-24 18:50:06.460  1254  1254 D CdmaDCT : [0]isOnlySingleDcAllowed(0): false
11-24 18:50:06.460  1254  1254 D CdmaDCT : [0]cleanUpConnection: X tearDown=false reason=radioTurnedOff apnContext={mApnType=default mState=IDLE mWaitingApns={null} mWaitingApnsPermanentFailureCountDown=0 mApnSetting={null} mReason=radioTurnedOff mDataEnabled=false mDependencyMet=true} dcac=null
11-24 18:50:06.461  1254  1254 D CdmaDCT : [0]cleanUpConnection: E tearDown=false reason=radioTurnedOff apnContext={mApnType=mms mState=IDLE mWaitingApns={null} mWaitingApnsPermanentFailureCountDown=0 mApnSetting={null} mReason=radioTurnedOff mDataEnabled=false mDependencyMet=true}
11-24 18:50:06.461  1254  1254 D CDMALTEPhone: getDataConnectionState: Data is Out of Service. ret = DISCONNECTED
11-24 18:50:06.461  1254  1254 D CDMALTEPhone: getDataConnectionState apnType=mms ret=DISCONNECTED
11-24 18:50:06.461  1254  1254 D SubscriptionController: [getSubId]- mSlotIdToSubIdMap.size == 0, return DummySubIds slotIdx=0
11-24 18:50:06.463  1254  1254 D SubscriptionController: getDummySubIds: slotIdx=0 return 1 DummySubIds with each subId=2147483643
11-24 18:50:06.472  1254  1254 D CdmaDCT : [0]isDataAllowed: not allowed due to - Attached= false - SIM not loaded and not NV subscription
11-24 18:50:06.472  1254  1254 D CdmaDCT : [ApnContext:mms] getApnSetting: apnSetting=null
11-24 18:50:06.474  1254  1254 D SubscriptionController: getPhoneId,  received dummy subId 2147483643
11-24 18:50:06.476  1254  1254 D SubscriptionController: getPhoneId,  received dummy subId 2147483643
11-24 18:50:06.480  1254  1254 D CdmaDCT : [0]setupDataForSinglePdn: reason = radioTurnedOff isDisconnected = true
11-24 18:50:06.480  1254  1254 D CdmaDCT : [0]isOnlySingleDcAllowed(0): false
11-24 18:50:06.491  1254  1254 D CdmaDCT : [0]cleanUpConnection: X tearDown=false reason=radioTurnedOff apnContext={mApnType=mms mState=IDLE mWaitingApns={null} mWaitingApnsPermanentFailureCountDown=0 mApnSetting={null} mReason=radioTurnedOff mDataEnabled=false mDependencyMet=true} dcac=null
11-24 18:50:06.491  1254  1254 D CdmaDCT : [0]cleanUpConnection: E tearDown=false reason=radioTurnedOff apnContext={mApnType=cbs mState=IDLE mWaitingApns={null} mWaitingApnsPermanentFailureCountDown=0 mApnSetting={null} mReason=radioTurnedOff mDataEnabled=false mDependencyMet=true}
11-24 18:50:06.491  1254  1254 D CDMALTEPhone: getDataConnectionState: Data is Out of Service. ret = DISCONNECTED
11-24 18:50:06.491  1254  1254 D CDMALTEPhone: getDataConnectionState apnType=cbs ret=DISCONNECTED
11-24 18:50:06.491  1254  1254 D SubscriptionController: [getSubId]- mSlotIdToSubIdMap.size == 0, return DummySubIds slotIdx=0
11-24 18:50:06.491  1254  1254 D SubscriptionController: getDummySubIds: slotIdx=0 return 1 DummySubIds with each subId=2147483643
11-24 18:50:06.496  1254  1254 D CdmaDCT : [0]isDataAllowed: not allowed due to - Attached= false - SIM not loaded and not NV subscription
11-24 18:50:06.496  1254  1254 D CdmaDCT : [ApnContext:cbs] getApnSetting: apnSetting=null
11-24 18:50:06.497  1254  1254 D SubscriptionController: getPhoneId,  received dummy subId 2147483643
11-24 18:50:06.500  1254  1254 D SubscriptionController: getPhoneId,  received dummy subId 2147483643
11-24 18:50:06.506  1254  1254 D CdmaDCT : [0]setupDataForSinglePdn: reason = radioTurnedOff isDisconnected = true
11-24 18:50:06.507  1254  1254 D CdmaDCT : [0]isOnlySingleDcAllowed(0): false
11-24 18:50:06.507  1254  1254 D CdmaDCT : [0]cleanUpConnection: X tearDown=false reason=radioTurnedOff apnContext={mApnType=cbs mState=IDLE mWaitingApns={null} mWaitingApnsPermanentFailureCountDown=0 mApnSetting={null} mReason=radioTurnedOff mDataEnabled=false mDependencyMet=true} dcac=null
11-24 18:50:06.508  1254  1254 D CdmaDCT : [0]cleanUpConnection: E tearDown=false reason=radioTurnedOff apnContext={mApnType=fota mState=IDLE mWaitingApns={null} mWaitingApnsPermanentFailureCountDown=0 mApnSetting={null} mReason=radioTurnedOff mDataEnabled=false mDependencyMet=true}
11-24 18:50:06.508  1254  1254 D CDMALTEPhone: getDataConnectionState: Data is Out of Service. ret = DISCONNECTED
11-24 18:50:06.508  1254  1254 D CDMALTEPhone: getDataConnectionState apnType=fota ret=DISCONNECTED
11-24 18:50:06.508  1254  1254 D SubscriptionController: [getSubId]- mSlotIdToSubIdMap.size == 0, return DummySubIds slotIdx=0
11-24 18:50:06.508  1254  1254 D SubscriptionController: getDummySubIds: slotIdx=0 return 1 DummySubIds with each subId=2147483643
11-24 18:50:06.524  1254  1254 D CdmaDCT : [0]isDataAllowed: not allowed due to - Attached= false - SIM not loaded and not NV subscription
11-24 18:50:06.525  1254  1254 D CdmaDCT : [ApnContext:fota] getApnSetting: apnSetting=null
11-24 18:50:06.529  1254  1254 D SubscriptionController: getPhoneId,  received dummy subId 2147483643
11-24 18:50:06.542  1254  1254 D SubscriptionController: getPhoneId,  received dummy subId 2147483643
11-24 18:50:06.550  1254  1254 D CdmaDCT : [0]setupDataForSinglePdn: reason = radioTurnedOff isDisconnected = true
11-24 18:50:06.550  1254  1254 D CdmaDCT : [0]isOnlySingleDcAllowed(0): false
11-24 18:50:06.550  1254  1254 D CdmaDCT : [0]cleanUpConnection: X tearDown=false reason=radioTurnedOff apnContext={mApnType=fota mState=IDLE mWaitingApns={null} mWaitingApnsPermanentFailureCountDown=0 mApnSetting={null} mReason=radioTurnedOff mDataEnabled=false mDependencyMet=true} dcac=null
11-24 18:50:06.550  1254  1254 D CdmaDCT : [0]cleanUpConnection: E tearDown=false reason=radioTurnedOff apnContext={mApnType=supl mState=IDLE mWaitingApns={null} mWaitingApnsPermanentFailureCountDown=0 mApnSetting={null} mReason=radioTurnedOff mDataEnabled=false mDependencyMet=true}
11-24 18:50:06.550  1254  1254 D CDMALTEPhone: getDataConnectionState: Data is Out of Service. ret = DISCONNECTED
11-24 18:50:06.550  1254  1254 D CDMALTEPhone: getDataConnectionState apnType=supl ret=DISCONNECTED
11-24 18:50:06.550  1254  1254 D SubscriptionController: [getSubId]- mSlotIdToSubIdMap.size == 0, return DummySubIds slotIdx=0
11-24 18:50:06.551  1254  1254 D SubscriptionController: getDummySubIds: slotIdx=0 return 1 DummySubIds with each subId=2147483643
11-24 18:50:06.556  1254  1254 D CdmaDCT : [0]isDataAllowed: not allowed due to - Attached= false - SIM not loaded and not NV subscription
11-24 18:50:06.556  1254  1254 D CdmaDCT : [ApnContext:supl] getApnSetting: apnSetting=null
11-24 18:50:06.561  1254  1254 D SubscriptionController: getPhoneId,  received dummy subId 2147483643
11-24 18:50:06.567  1254  1254 D SubscriptionController: getPhoneId,  received dummy subId 2147483643
11-24 18:50:06.569  1254  1254 D CdmaDCT : [0]setupDataForSinglePdn: reason = radioTurnedOff isDisconnected = true
11-24 18:50:06.570  1254  1254 D CdmaDCT : [0]isOnlySingleDcAllowed(0): false
11-24 18:50:06.570  1254  1254 D CdmaDCT : [0]cleanUpConnection: X tearDown=false reason=radioTurnedOff apnContext={mApnType=supl mState=IDLE mWaitingApns={null} mWaitingApnsPermanentFailureCountDown=0 mApnSetting={null} mReason=radioTurnedOff mDataEnabled=false mDependencyMet=true} dcac=null
11-24 18:50:06.570  1254  1254 D CdmaDCT : [0]cleanUpConnection: E tearDown=false reason=radioTurnedOff apnContext={mApnType=ia mState=IDLE mWaitingApns={null} mWaitingApnsPermanentFailureCountDown=0 mApnSetting={null} mReason=radioTurnedOff mDataEnabled=false mDependencyMet=true}
11-24 18:50:06.570  1254  1254 D CDMALTEPhone: getDataConnectionState: Data is Out of Service. ret = DISCONNECTED
11-24 18:50:06.570  1254  1254 D CDMALTEPhone: getDataConnectionState apnType=ia ret=DISCONNECTED
11-24 18:50:06.570  1254  1254 D SubscriptionController: [getSubId]- mSlotIdToSubIdMap.size == 0, return DummySubIds slotIdx=0
11-24 18:50:06.570  1254  1254 D SubscriptionController: getDummySubIds: slotIdx=0 return 1 DummySubIds with each subId=2147483643
11-24 18:50:06.574  1254  1254 D CdmaDCT : [0]isDataAllowed: not allowed due to - Attached= false - SIM not loaded and not NV subscription
11-24 18:50:06.574  1254  1254 D CdmaDCT : [ApnContext:ia] getApnSetting: apnSetting=null
11-24 18:50:06.588  1254  1254 D SubscriptionController: getPhoneId,  received dummy subId 2147483643
11-24 18:50:06.592  1254  1254 D SubscriptionController: getPhoneId,  received dummy subId 2147483643
11-24 18:50:06.618  1254  1254 D CdmaDCT : [0]setupDataForSinglePdn: reason = radioTurnedOff isDisconnected = true
11-24 18:50:06.618  1254  1254 D CdmaDCT : [0]isOnlySingleDcAllowed(0): false
11-24 18:50:06.618  1254  1254 D CdmaDCT : [0]cleanUpConnection: X tearDown=false reason=radioTurnedOff apnContext={mApnType=ia mState=IDLE mWaitingApns={null} mWaitingApnsPermanentFailureCountDown=0 mApnSetting={null} mReason=radioTurnedOff mDataEnabled=false mDependencyMet=true} dcac=null
11-24 18:50:06.618  1254  1254 D CdmaDCT : [0]cleanUpConnection: E tearDown=false reason=radioTurnedOff apnContext={mApnType=dun mState=IDLE mWaitingApns={null} mWaitingApnsPermanentFailureCountDown=0 mApnSetting={null} mReason=radioTurnedOff mDataEnabled=false mDependencyMet=true}
11-24 18:50:06.618  1254  1254 D CDMALTEPhone: getDataConnectionState: Data is Out of Service. ret = DISCONNECTED
11-24 18:50:06.618  1254  1254 D CDMALTEPhone: getDataConnectionState apnType=dun ret=DISCONNECTED
11-24 18:50:06.619  1254  1254 D SubscriptionController: [getSubId]- mSlotIdToSubIdMap.size == 0, return DummySubIds slotIdx=0
11-24 18:50:06.619  1254  1254 D SubscriptionController: getDummySubIds: slotIdx=0 return 1 DummySubIds with each subId=2147483643
11-24 18:50:06.623  1254  1254 D CdmaDCT : [0]isDataAllowed: not allowed due to - Attached= false - SIM not loaded and not NV subscription
11-24 18:50:06.624  1254  1254 D CdmaDCT : [ApnContext:dun] getApnSetting: apnSetting=null
11-24 18:50:06.625  1254  1254 D SubscriptionController: getPhoneId,  received dummy subId 2147483643
11-24 18:50:06.646  1254  1254 D SubscriptionController: getPhoneId,  received dummy subId 2147483643
11-24 18:50:06.649  1254  1254 D CdmaDCT : [0]setupDataForSinglePdn: reason = radioTurnedOff isDisconnected = true
11-24 18:50:06.649  1254  1254 D CdmaDCT : [0]isOnlySingleDcAllowed(0): false
11-24 18:50:06.649   202   637 I RILQ    : (0/202):RIL[0][qmi_cb] qcril_qmi_nas_update_data_rte: completed, new drte 0 with confidence 4
11-24 18:50:06.649  1254  1254 D CdmaDCT : [0]cleanUpConnection: X tearDown=false reason=radioTurnedOff apnContext={mApnType=dun mState=IDLE mWaitingApns={null} mWaitingApnsPermanentFailureCountDown=0 mApnSetting={null} mReason=radioTurnedOff mDataEnabled=false mDependencyMet=true} dcac=null
11-24 18:50:06.649  1254  1254 D CdmaDCT : [0]cleanUpConnection: E tearDown=false reason=radioTurnedOff apnContext={mApnType=hipri mState=IDLE mWaitingApns={null} mWaitingApnsPermanentFailureCountDown=0 mApnSetting={null} mReason=radioTurnedOff mDataEnabled=false mDependencyMet=true}
11-24 18:50:06.649  1254  1254 D CDMALTEPhone: getDataConnectionState: Data is Out of Service. ret = DISCONNECTED
11-24 18:50:06.649  1254  1254 D CDMALTEPhone: getDataConnectionState apnType=hipri ret=DISCONNECTED
11-24 18:50:06.649  1254  1254 D SubscriptionController: [getSubId]- mSlotIdToSubIdMap.size == 0, return DummySubIds slotIdx=0
11-24 18:50:06.650  1254  1254 D SubscriptionController: getDummySubIds: slotIdx=0 return 1 DummySubIds with each subId=2147483643
11-24 18:50:06.651   202   637 I RILC    : RIL_SOCKET_1 UNSOLICITED: UNSOL_RESPONSE_VOICE_NETWORK_STATE_CHANGED length:8
11-24 18:50:06.651   202   637 E RILC    : Send Response to RIL_SOCKET_1
11-24 18:50:06.651  1254  1428 D RILJ    : [UNSL]< UNSOL_RESPONSE_VOICE_NETWORK_STATE_CHANGED [SUB0]
11-24 18:50:06.654  1254  1254 D CdmaDCT : [0]isDataAllowed: not allowed due to - Attached= false - SIM not loaded and not NV subscription
11-24 18:50:06.654  1254  1254 D CdmaDCT : [ApnContext:hipri] getApnSetting: apnSetting=null
11-24 18:50:06.661  1254  1254 D SubscriptionController: getPhoneId,  received dummy subId 2147483643
11-24 18:50:06.665  1254  1254 D SubscriptionController: getPhoneId,  received dummy subId 2147483643
11-24 18:50:06.671  1254  1254 D CdmaDCT : [0]setupDataForSinglePdn: reason = radioTurnedOff isDisconnected = true
11-24 18:50:06.671  1254  1254 D CdmaDCT : [0]isOnlySingleDcAllowed(0): false
11-24 18:50:06.671  1254  1254 D CdmaDCT : [0]cleanUpConnection: X tearDown=false reason=radioTurnedOff apnContext={mApnType=hipri mState=IDLE mWaitingApns={null} mWaitingApnsPermanentFailureCountDown=0 mApnSetting={null} mReason=radioTurnedOff mDataEnabled=false mDependencyMet=true} dcac=null
11-24 18:50:06.671  1254  1254 D CdmaDCT : [0]cleanUpConnection: E tearDown=false reason=radioTurnedOff apnContext={mApnType=ims mState=IDLE mWaitingApns={null} mWaitingApnsPermanentFailureCountDown=0 mApnSetting={null} mReason=radioTurnedOff mDataEnabled=false mDependencyMet=true}
11-24 18:50:06.671  1254  1254 D CDMALTEPhone: getDataConnectionState: Data is Out of Service. ret = DISCONNECTED
11-24 18:50:06.671  1254  1254 D CDMALTEPhone: getDataConnectionState apnType=ims ret=DISCONNECTED
11-24 18:50:06.671  1254  1254 D SubscriptionController: [getSubId]- mSlotIdToSubIdMap.size == 0, return DummySubIds slotIdx=0
11-24 18:50:06.671  1254  1254 D SubscriptionController: getDummySubIds: slotIdx=0 return 1 DummySubIds with each subId=2147483643
11-24 18:50:06.673  1254  1254 D CdmaDCT : [0]isDataAllowed: not allowed due to - Attached= false - SIM not loaded and not NV subscription
11-24 18:50:06.674  1254  1254 D CdmaDCT : [ApnContext:ims] getApnSetting: apnSetting=null
11-24 18:50:06.676  1254  1254 D SubscriptionController: getPhoneId,  received dummy subId 2147483643
11-24 18:50:06.683  1254  1254 D SubscriptionController: getPhoneId,  received dummy subId 2147483643
11-24 18:50:06.686  1254  1254 D CdmaDCT : [0]setupDataForSinglePdn: reason = radioTurnedOff isDisconnected = true
11-24 18:50:06.687  1254  1254 D CdmaDCT : [0]isOnlySingleDcAllowed(0): false
11-24 18:50:06.687  1254  1254 D CdmaDCT : [0]cleanUpConnection: X tearDown=false reason=radioTurnedOff apnContext={mApnType=ims mState=IDLE mWaitingApns={null} mWaitingApnsPermanentFailureCountDown=0 mApnSetting={null} mReason=radioTurnedOff mDataEnabled=false mDependencyMet=true} dcac=null
11-24 18:50:06.688  1254  1254 D CdmaDCT : [0]stopNetStatPoll
11-24 18:50:06.689  1254  1254 D SubscriptionController: [getSubId]- mSlotIdToSubIdMap.size == 0, return DummySubIds slotIdx=0
11-24 18:50:06.689  1254  1254 D SubscriptionController: getDummySubIds: slotIdx=0 return 1 DummySubIds with each subId=2147483643
11-24 18:50:06.693  1254  1254 D SubscriptionController: getPhoneId,  received dummy subId 2147483643
11-24 18:50:06.695  1254  1254 D CdmaDCT : [0]stopDataStallAlarm: current tag=19453 mDataStallAlarmIntent=null
11-24 18:50:06.695  1254  1254 D CdmaDCT : [0]cleanUpConnection: mDisconnectPendingCount = 0
11-24 18:50:06.695  1254  1254 D SubscriptionController: [getSubId]- mSlotIdToSubIdMap.size == 0, return DummySubIds slotIdx=0
11-24 18:50:06.695  1254  1254 D SubscriptionController: getDummySubIds: slotIdx=0 return 1 DummySubIds with each subId=2147483643
11-24 18:50:06.702  1254  1254 D CdmaDCT : [0]isDataAllowed: not allowed due to - Attached= false - SIM not loaded and not NV subscription
11-24 18:50:06.703  1254  1254 D CdmaDCT : [ApnContext:default] getApnSetting: apnSetting=null
11-24 18:50:06.708  1254  1254 D SubscriptionController: getPhoneId,  received dummy subId 2147483643
11-24 18:50:06.719  1254  1254 D SubscriptionController: getPhoneId,  received dummy subId 2147483643
11-24 18:50:06.732  1254  1254 D SubscriptionController: [getSubId]- mSlotIdToSubIdMap.size == 0, return DummySubIds slotIdx=0
11-24 18:50:06.733  1254  1254 D SubscriptionController: getDummySubIds: slotIdx=0 return 1 DummySubIds with each subId=2147483643
11-24 18:50:06.736  1254  1254 D CdmaDCT : [0]isDataAllowed: not allowed due to - Attached= false - SIM not loaded and not NV subscription
11-24 18:50:06.736  1254  1254 D CdmaDCT : [ApnContext:mms] getApnSetting: apnSetting=null
11-24 18:50:06.750  1254  1254 D SubscriptionController: getPhoneId,  received dummy subId 2147483643
11-24 18:50:06.756  1254  1254 D SubscriptionController: getPhoneId,  received dummy subId 2147483643
11-24 18:50:06.760  1254  1254 D SubscriptionController: [getSubId]- mSlotIdToSubIdMap.size == 0, return DummySubIds slotIdx=0
11-24 18:50:06.760  1254  1254 D SubscriptionController: getDummySubIds: slotIdx=0 return 1 DummySubIds with each subId=2147483643
11-24 18:50:06.762  1254  1254 D CdmaDCT : [0]isDataAllowed: not allowed due to - Attached= false - SIM not loaded and not NV subscription
11-24 18:50:06.762  1254  1254 D CdmaDCT : [ApnContext:cbs] getApnSetting: apnSetting=null
11-24 18:50:06.763  1254  1254 D SubscriptionController: getPhoneId,  received dummy subId 2147483643
11-24 18:50:06.766  1254  1254 D SubscriptionController: getPhoneId,  received dummy subId 2147483643
11-24 18:50:06.769  1254  1254 D SubscriptionController: [getSubId]- mSlotIdToSubIdMap.size == 0, return DummySubIds slotIdx=0
11-24 18:50:06.769  1254  1254 D SubscriptionController: getDummySubIds: slotIdx=0 return 1 DummySubIds with each subId=2147483643
11-24 18:50:06.771  1254  1254 D CdmaDCT : [0]isDataAllowed: not allowed due to - Attached= false - SIM not loaded and not NV subscription
11-24 18:50:06.771  1254  1254 D CdmaDCT : [ApnContext:fota] getApnSetting: apnSetting=null
11-24 18:50:06.772  1254  1254 D SubscriptionController: getPhoneId,  received dummy subId 2147483643
11-24 18:50:06.775  1254  1254 D SubscriptionController: getPhoneId,  received dummy subId 2147483643
11-24 18:50:06.805  1254  1254 D SubscriptionController: [getSubId]- mSlotIdToSubIdMap.size == 0, return DummySubIds slotIdx=0
11-24 18:50:06.805  1254  1254 D SubscriptionController: getDummySubIds: slotIdx=0 return 1 DummySubIds with each subId=2147483643
11-24 18:50:06.820  1254  1254 D CdmaDCT : [0]isDataAllowed: not allowed due to - Attached= false - SIM not loaded and not NV subscription
11-24 18:50:06.821  1254  1254 D CdmaDCT : [ApnContext:supl] getApnSetting: apnSetting=null
11-24 18:50:06.827  1254  1254 D SubscriptionController: getPhoneId,  received dummy subId 2147483643
11-24 18:50:06.829  1254  1254 D SubscriptionController: getPhoneId,  received dummy subId 2147483643
11-24 18:50:06.831  1254  1254 D SubscriptionController: [getSubId]- mSlotIdToSubIdMap.size == 0, return DummySubIds slotIdx=0
11-24 18:50:06.831  1254  1254 D SubscriptionController: getDummySubIds: slotIdx=0 return 1 DummySubIds with each subId=2147483643
11-24 18:50:06.836  1254  1254 D CdmaDCT : [0]isDataAllowed: not allowed due to - Attached= false - SIM not loaded and not NV subscription
11-24 18:50:06.836  1254  1254 D CdmaDCT : [ApnContext:ia] getApnSetting: apnSetting=null
11-24 18:50:06.851  1254  1254 D SubscriptionController: getPhoneId,  received dummy subId 2147483643
11-24 18:50:06.859  1254  1254 D SubscriptionController: getPhoneId,  received dummy subId 2147483643
11-24 18:50:06.863  1254  1254 D SubscriptionController: [getSubId]- mSlotIdToSubIdMap.size == 0, return DummySubIds slotIdx=0
11-24 18:50:06.863  1254  1274 D CdmaDCT : [0]fetchDunApn: net.tethering.noprovisioning=true ret: null
11-24 18:50:06.863  1254  1274 D CdmaDCT : [0]hasMatchedTetherApnSetting: APN=null
11-24 18:50:06.863  1254  1254 D SubscriptionController: getDummySubIds: slotIdx=0 return 1 DummySubIds with each subId=2147483643
11-24 18:50:06.865  1254  1254 D CdmaDCT : [0]isDataAllowed: not allowed due to - Attached= false - SIM not loaded and not NV subscription
11-24 18:50:06.865  1254  1254 D CdmaDCT : [ApnContext:dun] getApnSetting: apnSetting=null
11-24 18:50:06.866  1254  1254 D SubscriptionController: getPhoneId,  received dummy subId 2147483643
11-24 18:50:06.870  1254  1254 D SubscriptionController: getPhoneId,  received dummy subId 2147483643
11-24 18:50:06.873  1254  1254 D SubscriptionController: [getSubId]- mSlotIdToSubIdMap.size == 0, return DummySubIds slotIdx=0
11-24 18:50:06.873  1254  1254 D SubscriptionController: getDummySubIds: slotIdx=0 return 1 DummySubIds with each subId=2147483643
11-24 18:50:06.875  1254  1254 D CdmaDCT : [0]isDataAllowed: not allowed due to - Attached= false - SIM not loaded and not NV subscription
11-24 18:50:06.875  1254  1254 D CdmaDCT : [ApnContext:hipri] getApnSetting: apnSetting=null
11-24 18:50:06.876  1254  1254 D SubscriptionController: getPhoneId,  received dummy subId 2147483643
11-24 18:50:06.891  1254  1254 D SubscriptionController: getPhoneId,  received dummy subId 2147483643
11-24 18:50:06.904  1254  1254 D SubscriptionController: [getSubId]- mSlotIdToSubIdMap.size == 0, return DummySubIds slotIdx=0
11-24 18:50:06.905  1254  1254 D SubscriptionController: getDummySubIds: slotIdx=0 return 1 DummySubIds with each subId=2147483643
11-24 18:50:06.907  1254  1254 D CdmaDCT : [0]isDataAllowed: not allowed due to - Attached= false - SIM not loaded and not NV subscription
11-24 18:50:06.907  1254  1254 D CdmaDCT : [ApnContext:ims] getApnSetting: apnSetting=null
11-24 18:50:06.908  1254  1254 D SubscriptionController: getPhoneId,  received dummy subId 2147483643
11-24 18:50:06.913  1254  1254 D SubscriptionController: getPhoneId,  received dummy subId 2147483643
11-24 18:50:06.916  1254  1254 D CdmaDCT : [0]handleMessage msg={ when=-1s673ms what=270345 obj=android.os.AsyncResult@2f705d88 target=com.android.internal.telephony.dataconnection.DcTracker }
11-24 18:50:06.916  1254  1254 D CdmaDCT : [0]onDataConnectionDetached: stop polling and notify detached
11-24 18:50:06.916  1254  1254 D CdmaDCT : [0]stopNetStatPoll
11-24 18:50:06.916  1254  1254 D SubscriptionController: [getSubId]- mSlotIdToSubIdMap.size == 0, return DummySubIds slotIdx=0
11-24 18:50:06.916  1254  1254 D SubscriptionController: getDummySubIds: slotIdx=0 return 1 DummySubIds with each subId=2147483643
11-24 18:50:06.917  1254  1254 D SubscriptionController: getPhoneId,  received dummy subId 2147483643
11-24 18:50:06.918  1254  1254 D CdmaDCT : [0]stopDataStallAlarm: current tag=19454 mDataStallAlarmIntent=null
11-24 18:50:06.918  1254  1254 D CdmaDCT : [0]notifyDataConnection: reason=dataDetached
11-24 18:50:06.918  1254  1254 D SubscriptionController: [getSubId]- mSlotIdToSubIdMap.size == 0, return DummySubIds slotIdx=0
11-24 18:50:06.918  1254  1254 D SubscriptionController: getDummySubIds: slotIdx=0 return 1 DummySubIds with each subId=2147483643
11-24 18:50:06.920  1254  1254 D CdmaDCT : [0]isDataAllowed: not allowed due to - Attached= false - SIM not loaded and not NV subscription
11-24 18:50:06.922  1254  1254 D CdmaDCT : [ApnContext:default] getApnSetting: apnSetting=null
11-24 18:50:06.928  1254  1254 D SubscriptionController: getPhoneId,  received dummy subId 2147483643
11-24 18:50:06.935  1254  1254 D SubscriptionController: getPhoneId,  received dummy subId 2147483643
11-24 18:50:06.938  1254  1254 D SubscriptionController: [getSubId]- mSlotIdToSubIdMap.size == 0, return DummySubIds slotIdx=0
11-24 18:50:06.939  1254  1254 D SubscriptionController: getDummySubIds: slotIdx=0 return 1 DummySubIds with each subId=2147483643
11-24 18:50:06.941  1254  1254 D CdmaDCT : [0]isDataAllowed: not allowed due to - Attached= false - SIM not loaded and not NV subscription
11-24 18:50:06.941  1254  1254 D CdmaDCT : [ApnContext:mms] getApnSetting: apnSetting=null
11-24 18:50:06.943  1254  1254 D SubscriptionController: getPhoneId,  received dummy subId 2147483643
11-24 18:50:06.946  1254  1254 D SubscriptionController: getPhoneId,  received dummy subId 2147483643
11-24 18:50:06.946  1254  1274 D CdmaDCT : [0]fetchDunApn: net.tethering.noprovisioning=true ret: null
11-24 18:50:06.946  1254  1274 D CdmaDCT : [0]hasMatchedTetherApnSetting: APN=null
11-24 18:50:06.953  1254  1254 D SubscriptionController: [getSubId]- mSlotIdToSubIdMap.size == 0, return DummySubIds slotIdx=0
11-24 18:50:06.953  1254  1254 D SubscriptionController: getDummySubIds: slotIdx=0 return 1 DummySubIds with each subId=2147483643
11-24 18:50:06.955  1254  1254 D CdmaDCT : [0]isDataAllowed: not allowed due to - Attached= false - SIM not loaded and not NV subscription
11-24 18:50:06.956  1254  1254 D CdmaDCT : [ApnContext:cbs] getApnSetting: apnSetting=null
11-24 18:50:06.963  1254  1254 D SubscriptionController: getPhoneId,  received dummy subId 2147483643
11-24 18:50:06.964  1254  1254 D SubscriptionController: getPhoneId,  received dummy subId 2147483643
11-24 18:50:06.969  1254  1254 D SubscriptionController: [getSubId]- mSlotIdToSubIdMap.size == 0, return DummySubIds slotIdx=0
11-24 18:50:06.969  1254  1254 D SubscriptionController: getDummySubIds: slotIdx=0 return 1 DummySubIds with each subId=2147483643
11-24 18:50:06.972  1254  1254 D CdmaDCT : [0]isDataAllowed: not allowed due to - Attached= false - SIM not loaded and not NV subscription
11-24 18:50:06.972  1254  1254 D CdmaDCT : [ApnContext:fota] getApnSetting: apnSetting=null
11-24 18:50:06.973  1254  1254 D SubscriptionController: getPhoneId,  received dummy subId 2147483643
11-24 18:50:06.975  1254  1254 D SubscriptionController: getPhoneId,  received dummy subId 2147483643
11-24 18:50:06.976  1254  1254 D SubscriptionController: [getSubId]- mSlotIdToSubIdMap.size == 0, return DummySubIds slotIdx=0
11-24 18:50:06.977  1254  1254 D SubscriptionController: getDummySubIds: slotIdx=0 return 1 DummySubIds with each subId=2147483643
11-24 18:50:06.978  1254  1254 D CdmaDCT : [0]isDataAllowed: not allowed due to - Attached= false - SIM not loaded and not NV subscription
11-24 18:50:06.979  1254  1254 D CdmaDCT : [ApnContext:supl] getApnSetting: apnSetting=null
11-24 18:50:06.980  1254  1254 D SubscriptionController: getPhoneId,  received dummy subId 2147483643
11-24 18:50:06.993  1254  1254 D SubscriptionController: getPhoneId,  received dummy subId 2147483643
11-24 18:50:06.995  1254  1254 D SubscriptionController: [getSubId]- mSlotIdToSubIdMap.size == 0, return DummySubIds slotIdx=0
11-24 18:50:06.995  1254  1254 D SubscriptionController: getDummySubIds: slotIdx=0 return 1 DummySubIds with each subId=2147483643
11-24 18:50:06.997  1254  1254 D CdmaDCT : [0]isDataAllowed: not allowed due to - Attached= false - SIM not loaded and not NV subscription
11-24 18:50:06.998  1254  1254 D CdmaDCT : [ApnContext:ia] getApnSetting: apnSetting=null
11-24 18:50:07.004  1254  1254 D SubscriptionController: getPhoneId,  received dummy subId 2147483643
11-24 18:50:07.006  1254  1254 D SubscriptionController: getPhoneId,  received dummy subId 2147483643
11-24 18:50:07.014  1254  1254 D SubscriptionController: [getSubId]- mSlotIdToSubIdMap.size == 0, return DummySubIds slotIdx=0
11-24 18:50:07.014  1254  1254 D SubscriptionController: getDummySubIds: slotIdx=0 return 1 DummySubIds with each subId=2147483643
11-24 18:50:07.016  1254  1254 D CdmaDCT : [0]isDataAllowed: not allowed due to - Attached= false - SIM not loaded and not NV subscription
11-24 18:50:07.016  1254  1254 D CdmaDCT : [ApnContext:dun] getApnSetting: apnSetting=null
11-24 18:50:07.017  1254  1254 D SubscriptionController: getPhoneId,  received dummy subId 2147483643
11-24 18:50:07.019  1254  1254 D SubscriptionController: getPhoneId,  received dummy subId 2147483643
11-24 18:50:07.029  1254  1254 D SubscriptionController: [getSubId]- mSlotIdToSubIdMap.size == 0, return DummySubIds slotIdx=0
11-24 18:50:07.029  1254  1254 D SubscriptionController: getDummySubIds: slotIdx=0 return 1 DummySubIds with each subId=2147483643
11-24 18:50:07.031  1254  1254 D CdmaDCT : [0]isDataAllowed: not allowed due to - Attached= false - SIM not loaded and not NV subscription
11-24 18:50:07.031  1254  1254 D CdmaDCT : [ApnContext:hipri] getApnSetting: apnSetting=null
11-24 18:50:07.031  1254  1254 D SubscriptionController: getPhoneId,  received dummy subId 2147483643
11-24 18:50:07.033  1254  1254 D SubscriptionController: getPhoneId,  received dummy subId 2147483643
11-24 18:50:07.036  1254  1254 D SubscriptionController: [getSubId]- mSlotIdToSubIdMap.size == 0, return DummySubIds slotIdx=0
11-24 18:50:07.036  1254  1254 D SubscriptionController: getDummySubIds: slotIdx=0 return 1 DummySubIds with each subId=2147483643
11-24 18:50:07.040  1254  1254 D CdmaDCT : [0]isDataAllowed: not allowed due to - Attached= false - SIM not loaded and not NV subscription
11-24 18:50:07.040  1254  1254 D CdmaDCT : [ApnContext:ims] getApnSetting: apnSetting=null
11-24 18:50:07.041  1254  1254 D SubscriptionController: getPhoneId,  received dummy subId 2147483643
11-24 18:50:07.049  1254  1254 D SubscriptionController: getPhoneId,  received dummy subId 2147483643
11-24 18:50:07.053  1254  1254 D CdmaDCT : [0]handleMessage msg={ when=-1s810ms what=270348 obj=android.os.AsyncResult@e877321 target=com.android.internal.telephony.dataconnection.DcTracker }
11-24 18:50:07.053  1254  1254 D CdmaDCT : [0]onRoamingOff
11-24 18:50:07.053  1254  1254 D CdmaDCT : [0]handleMessage msg={ when=-1s808ms what=270377 obj=android.os.AsyncResult@21464346 target=com.android.internal.telephony.dataconnection.DcTracker }
11-24 18:50:07.053  1254  1254 D CdmaDCT : [0]updateSimRecords: newSimRecords = null
11-24 18:50:07.053  1254  1254 D CdmaDCT : [0]onUpdateIcc: newIccRecords null
11-24 18:50:07.053  1254  1254 D CdmaDCT : [0]handleMessage msg={ when=-1s808ms what=270357 target=com.android.internal.telephony.dataconnection.DcTracker }
11-24 18:50:07.053  1254  1254 D CdmaDCT : [0]updateSimRecords: newSimRecords = null
11-24 18:50:07.054  1254  1254 D CdmaDCT : [0]onUpdateIcc: newIccRecords null
11-24 18:50:07.055  1254  1254 D SubscriptionController: [getSubId]- mSlotIdToSubIdMap.size == 0, return DummySubIds slotIdx=0
11-24 18:50:07.055  1254  1254 D SubscriptionController: getDummySubIds: slotIdx=0 return 1 DummySubIds with each subId=2147483643
11-24 18:50:07.056  1254  1254 D GsmSMSDispatcher: GsmSMSDispatcher: subId = 2147483643 slotId = 0
11-24 18:50:07.057  1254  1254 E IccCardProxy: setExternalState: !override and newstate unchanged from NOT_READY
11-24 18:50:07.057  1254  1254 D DctController: EVENT_PHONE1_DATA_DETACH.
11-24 18:50:07.058  1254  1254 D DcSwitchAsyncChannel: [DcSwitchAsyncChannel-0]: EVENT_DATA_DETACHED
11-24 18:50:07.058  1254  1561 D DcSwitchSM: [DcSwitchStateMachine-0] DefaultState: shouldn't happen but ignore msg.what=0x4400b
11-24 18:50:07.062  1254  1254 V WAP PUSH: wappush manager connected to 1067577043
11-24 18:50:07.062  1254  1254 V WAP PUSH: wappush manager connected to 906902110
11-24 18:50:07.063  1254  1254 E SubscriptionInfoUpdater: Error: Invalid card index EVENT_ICC_CHANGED 
11-24 18:50:07.063  1254  1254 D SubscriptionInfoUpdater: EVENT_STACK_READY
11-24 18:50:07.063  1254  1254 D SubscriptionInfoUpdater: Wait for SIM1 IccId
11-24 18:50:07.063  1254  1254 D SubscriptionInfoUpdater: [Receiver]+
11-24 18:50:07.063  1254  1254 D SubscriptionInfoUpdater: Action: android.intent.action.SIM_STATE_CHANGED
11-24 18:50:07.063  1254  1254 D SubscriptionInfoUpdater: slotId: 0
11-24 18:50:07.063  1254  1254 D SubscriptionInfoUpdater: simStatus: NOT_READY
11-24 18:50:07.063  1254  1254 D SubscriptionInfoUpdater: slotId: 0 simStatus: NOT_READY
11-24 18:50:07.063  1254  1254 D SubscriptionInfoUpdater: Ignoring simStatus: NOT_READY
11-24 18:50:07.063  1254  1254 D SubscriptionInfoUpdater: [Receiver]-
11-24 18:50:07.065  1254  1254 D DebugService: DebugService DebugService:
11-24 18:50:07.077  1254  1254 D SipService: SipService: started!
11-24 18:50:07.109  1254  1254 D SipService: start:
11-24 18:50:07.110  1254  1254 D SubscriptionController: getPhoneId,  received dummy subId 2147483643
11-24 18:50:07.131  1254  1254 D SubscriptionController: getPhoneId,  received dummy subId 2147483643
11-24 18:50:07.135  1254  1254 D RILJ    : [3660]> RIL_REQUEST_QUERY_TTY_MODE [SUB0]
11-24 18:50:07.138  1254  1254 D UiccController: Received EVENT_GET_ICC_STATUS_DONE
11-24 18:50:07.140  1254  1254 D UiccCard: 1 applications
11-24 18:50:07.141  1254  1254 D UiccCardApplication: Creating UiccApp: {APPTYPE_USIM,APPSTATE_READY,pin1=PINSTATE_DISABLED,pin2=PINSTATE_ENABLED_NOT_VERIFIED}
11-24 18:50:07.146   202  1664 D RILC    : RequestComplete, RIL_SOCKET_1
11-24 18:50:07.146   202  1664 E RILC    : Send Response to RIL_SOCKET_1
11-24 18:50:07.148  1254  1428 D RILJ    : [3660]< RIL_REQUEST_QUERY_TTY_MODE {0} [SUB0]
11-24 18:50:07.173  1254  1254 W VoiceMailConstants: Can't open /system/etc/voicemail-conf.xml
11-24 18:50:07.173  1254  1254 D SIMRecords: [SIMRecords] setting0 mMncLength-1
11-24 18:50:07.173  1254  1254 D SIMRecords: [SIMRecords] SIMRecords: onRadioOffOrNotAvailable set 'gsm.sim.operator.numeric' to operator=null
11-24 18:50:07.173  1254  1254 D SIMRecords: [SIMRecords] update icc_operator_numeric=null
11-24 18:50:07.173  1254  1254 D TelephonyManager: setTelephonyProperty: success phoneId=0 property=gsm.sim.operator.numeric value:  propVal=
11-24 18:50:07.175  1254  1254 D SIMRecords: [SIMRecords] [key, value]=gsm.sim.operator.numeric, null
11-24 18:50:07.175  1254  1254 D TelephonyManager: setTelephonyProperty: success phoneId=0 property=gsm.sim.operator.alpha value:  propVal=
11-24 18:50:07.175  1254  1254 D SIMRecords: [SIMRecords] [key, value]=gsm.sim.operator.alpha, null
11-24 18:50:07.175  1254  1254 D TelephonyManager: setTelephonyProperty: success phoneId=0 property=gsm.sim.operator.iso-country value:  propVal=
11-24 18:50:07.176  1254  1254 D SIMRecords: [SIMRecords] [key, value]=gsm.sim.operator.iso-country, null
11-24 18:50:07.176  1254  1254 D UiccCardApplication: Notifying 1 registrant: READY
11-24 18:50:07.177  1254  1254 D SIMRecords: [SIMRecords] getOperatorNumeric: IMSI == null
11-24 18:50:07.178  1254  1254 D SIMRecords: [SIMRecords] SIMRecords X ctor this=SimRecords: mDestroyed=false mContext=com.android.phone.PhoneGlobals@2047205d mCi=com.android.internal.telephony.RIL@3cd3d9e6 mFh=Handler (com.android.internal.telephony.uicc.UsimFileHandler) {f134dd2} mParentApp=com.android.internal.telephony.uicc.UiccCardApplication@f5a4ea3 mSpnOverride=mSpnOverride recordsLoadedRegistrants=android.os.RegistrantList@27b55a0 mImsiReadyRegistrants=android.os.RegistrantList@3c5a6559 mRecordsEventsRegistrants=android.os.RegistrantList@3934751e mNewSmsRegistrants=android.os.RegistrantList@a3931ff mNetworkSelectionModeAutomaticRegistrants=android.os.RegistrantList@31d02bcc recordsToLoad=0 adnCache=Handler (com.android.internal.telephony.uicc.AdnRecordCache) {ec2fe15} recordsRequested=false iccid=null msisdnTag=null voiceMailNum=null voiceMailTag=null newVoiceMailNum=null newVoiceMailTag=null isVoiceMailFixed=false mImsi=null mncLength=-1 mailboxIndex=0 spn=null mVmConfigcom.android.internal.telephony.uicc.VoiceMailConstants@baec52a callForwardingEnabled=false spnState=null mCphsInfo=null mCspPlmnEnabled=true efMWIS=null efCPHS_MWI=null mEfCff=null mEfCfis=null getOperatorNumeric=null
11-24 18:50:07.178  1254  1254 D RILJ    : [3661]> QUERY_FACILITY_LOCK [SUB0]
11-24 18:50:07.181  1254  1254 D RILJ    : [3662]> QUERY_FACILITY_LOCK [SUB0]
11-24 18:50:07.185   202   334 D RILC    : RequestComplete, RIL_SOCKET_1
11-24 18:50:07.185   202   334 E RILC    : Send Response to RIL_SOCKET_1
11-24 18:50:07.188  1254  1428 D RILJ    : [3662]< QUERY_FACILITY_LOCK {0} [SUB0]
11-24 18:50:07.196   202   350 D RILC    : RequestComplete, RIL_SOCKET_1
11-24 18:50:07.196   202   350 E RILC    : Send Response to RIL_SOCKET_1
11-24 18:50:07.198  1254  1428 D RILJ    : [3661]< QUERY_FACILITY_LOCK {0} [SUB0]
11-24 18:50:07.228  1254  1254 D CAT     : CatService: Running CAT service on Slotid: 0. STK app installed:true
11-24 18:50:07.228  1254  1254 D UiccCard: Before privilege rules: null : CARDSTATE_PRESENT
11-24 18:50:07.232  1254  1254 D UiccCarrierPrivilegeRules: Creating UiccCarrierPrivilegeRules
11-24 18:50:07.232  1254  1254 D RILJ    : [3663]> RIL_REQUEST_SIM_OPEN_CHANNEL [SUB0]
11-24 18:50:07.237  1254  1254 D UiccCard: update: radioState=RADIO_ON mLastRadioState=RADIO_UNAVAILABLE
11-24 18:50:07.237  1254  1254 D UiccController: Notifying IccChangedRegistrants
11-24 18:50:07.283  1254  1254 D ModemStackController: EVENT_GET_MODEM_CAPS_DONE
11-24 18:50:07.284  1254  1254 E ModemStackController: onGetModemCapabilityDone: EXIT!, result null or Exception =com.android.internal.telephony.CommandException: REQUEST_NOT_SUPPORTED
11-24 18:50:07.284  1254  1254 D CdmaSST : [CdmaLteSST] handleMessage: 1
11-24 18:50:07.284  1254  1254 D CdmaSST : [CdmaLteSST] Subscription Source : 1
11-24 18:50:07.284   202   637 E RILQ    : (0/202): RIL[0][qmi_cb] qcril_uim_qmi_conv_logical_channel_resp: response error: 0x50
11-24 18:50:07.286   202   350 D RILC    : RequestComplete, RIL_SOCKET_1
11-24 18:50:07.286   202   350 E RILC    : Send Response to RIL_SOCKET_1
11-24 18:50:07.287  1254  1428 D RilRequest: [3663]< RIL_REQUEST_SIM_OPEN_CHANNEL error: com.android.internal.telephony.CommandException: NO_SUCH_ELEMENT ret=
11-24 18:50:07.290  1254  1254 D CdmaSST : [CdmaLteSST] Storing cdma subscription source: 1
11-24 18:50:07.295  1254  1254 D CdmaSST : [CdmaLteSST] unregisterForRuimEvents
11-24 18:50:07.295  1254  1254 D RILJ    : [3664]> OPERATOR [SUB0]
11-24 18:50:07.298  1254  1254 D RILJ    : [3665]> VOICE_REGISTRATION_STATE [SUB0]
11-24 18:50:07.300  1254  1254 D RILJ    : [3666]> DATA_REGISTRATION_STATE [SUB0]
11-24 18:50:07.300  1254  1254 D RILJ    : [3667]> RIL_REQUEST_CDMA_GET_SUBSCRIPTION_SOURCE [SUB0]
11-24 18:50:07.302  1254  1254 D RILJ    : [3668]> GET_CURRENT_CALLS [SUB0]
11-24 18:50:07.303   202  1674 D RILC    : RequestComplete, RIL_SOCKET_1
11-24 18:50:07.303   202  1674 E RILC    : Send Response to RIL_SOCKET_1
11-24 18:50:07.303  1254  1428 D RILJ    : [3664]< OPERATOR {null, null, null} [SUB0]
11-24 18:50:07.303  1254  1254 D CDMAPhone: Event EVENT_RADIO_ON Received
11-24 18:50:07.303  1254  1254 D RILJ    : [3669]> RIL_REQUEST_VOICE_RADIO_TECH [SUB0]
11-24 18:50:07.304  1254  1254 D RILJ    : [3670]> RIL_REQUEST_IMS_REGISTRATION_STATE [SUB0]
11-24 18:50:07.305   202   334 I RILQ    : (0/202):RIL[0][main] qcril_qmi_get_call_list_to_send: RILVI: calls rep: reported/skipped 0/0 calls
11-24 18:50:07.305   202   334 D RILC    : RequestComplete, RIL_SOCKET_1
11-24 18:50:07.305   202   334 E RILC    : Send Response to RIL_SOCKET_1
11-24 18:50:07.306  1254  1254 E IccCardProxy: setExternalState: !override and newstate unchanged from NOT_READY
11-24 18:50:07.306  1254  1428 D RILJ    : [3668]< GET_CURRENT_CALLS   [SUB0]
11-24 18:50:07.309  1254  1254 D SubscriptionController: getPhoneId,  received dummy subId 2147483643
11-24 18:50:07.311  1254  1254 D CdmaDCT : [0]handleMessage msg={ when=-919ms what=270377 obj=android.os.AsyncResult@b2d61f7 target=com.android.internal.telephony.dataconnection.DcTracker }
11-24 18:50:07.312  1254  1254 D SIMRecords: [SIMRecords] getOperatorNumeric: IMSI == null
11-24 18:50:07.312  1254  1254 D CdmaDCT : [0]updateSimRecords: newSimRecords = SimRecords: mDestroyed=false mContext=com.android.phone.PhoneGlobals@2047205d mCi=com.android.internal.telephony.RIL@3cd3d9e6 mFh=Handler (com.android.internal.telephony.uicc.UsimFileHandler) {f134dd2} mParentApp=com.android.internal.telephony.uicc.UiccCardApplication@f5a4ea3 mSpnOverride=mSpnOverride recordsLoadedRegistrants=android.os.RegistrantList@27b55a0 mImsiReadyRegistrants=android.os.RegistrantList@3c5a6559 mRecordsEventsRegistrants=android.os.RegistrantList@3934751e mNewSmsRegistrants=android.os.RegistrantList@a3931ff mNetworkSelectionModeAutomaticRegistrants=android.os.RegistrantList@31d02bcc recordsToLoad=0 adnCache=Handler (com.android.internal.telephony.uicc.AdnRecordCache) {ec2fe15} recordsRequested=false iccid=null msisdnTag=null voiceMailNum=null voiceMailTag=null newVoiceMailNum=null newVoiceMailTag=null isVoiceMailFixed=false mImsi=null mncLength=-1 mailboxIndex=0 spn=null mVmConfigcom.android.internal.telephony.uicc.VoiceMailConstants@baec52a callForwardingEnabled=false spnState=null mCphsInfo=null mCspPlmnEnabled=true efMWIS=null efCPHS_MWI=null mEfCff=null mEfCfis=null getOperatorNumeric=null
11-24 18:50:07.312  1254  1254 D CdmaDCT : [0]New sim records found
11-24 18:50:07.312  1254  1254 D SIMRecords: [SIMRecords] registerForRecordsLoaded, not notifying the registrant immediately
11-24 18:50:07.312  1254  1254 D CdmaDCT : [0]onUpdateIcc: newIccRecords null
11-24 18:50:07.312  1254  1254 D CdmaSST : [CdmaLteSST] handleMessage: 30
11-24 18:50:07.312  1254  1254 D RILJ    : [3671]> OPERATOR [SUB0]
11-24 18:50:07.320  1254  1254 D RILJ    : [3672]> VOICE_REGISTRATION_STATE [SUB0]
11-24 18:50:07.322   202  1676 D RILC    : RequestComplete, RIL_SOCKET_1
11-24 18:50:07.322   202  1676 E RILC    : Send Response to RIL_SOCKET_1
11-24 18:50:07.324   202  1678 D RILC    : RequestComplete, RIL_SOCKET_1
11-24 18:50:07.324   202  1678 E RILC    : Send Response to RIL_SOCKET_1
11-24 18:50:07.325  1254  1428 D RILJ    : [3666]< DATA_REGISTRATION_STATE {0, null, null, null, 0, 20, null, 446, 2929439, null, null} [SUB0]
11-24 18:50:07.326  1254  1428 D RILJ    : [3669]< RIL_REQUEST_VOICE_RADIO_TECH {3} [SUB0]
11-24 18:50:07.327   202  1675 I RILQ    : (0/202):RIL[0][cmd-20(152)] qcril_qmi_nas_update_data_rte: completed, new drte 0 with confidence 4
11-24 18:50:07.327  1254  1254 D RILJ    : [3673]> DATA_REGISTRATION_STATE [SUB0]
11-24 18:50:07.328   202  1675 D RILC    : RequestComplete, RIL_SOCKET_1
11-24 18:50:07.328   202  1675 E RILC    : Send Response to RIL_SOCKET_1
11-24 18:50:07.328   202  1675 D RILC    : RequestComplete, RIL_SOCKET_1
11-24 18:50:07.328   202  1675 E RILC    : Send Response to RIL_SOCKET_1
