11-24 18:50:16.916  1254  1254 D DefaultPhoneNotifier: notifySignalStrength: mRegistry=com.android.internal.telephony.ITelephonyRegistry$Stub$Proxy@34ea39c ss=SignalStrength: 99 0 -120 -160 -120 -1 -1 19 -103 -6 300 2147483647 2147483647 gsm|lte sender=Handler (com.android.internal.telephony.gsm.GSMPhone) {26a18439}
11-24 18:50:17.064   786   806 D TelephonyManager: getTelephonyProperty: return propVal='cn' phoneId=0 property='gsm.operator.iso-country' defaultVal='' prop=cn
11-24 18:50:17.073   786   806 D TelephonyManager: getTelephonyProperty: return propVal='cn' phoneId=0 property='gsm.operator.iso-country' defaultVal='' prop=cn
11-24 18:50:17.122  2053  2053 D TelephonyManager: getTelephonyProperty: return propVal='false' phoneId=0 property='gsm.operator.isroaming' defaultVal='null' prop=false
11-24 18:50:17.196   786   803 D TelephonyManager: getTelephonyProperty: return propVal='cn' phoneId=0 property='gsm.operator.iso-country' defaultVal='' prop=cn
11-24 18:50:17.798  1254  1254 D CAT     : com.android.stk.BootCompletedReceiver: [ACTION_BOOT_COMPLETED]
11-24 18:50:17.799  1254  1254 D CAT     : StkAppService: 5called on slot:0
11-24 18:50:17.799  1254  1765 D CAT     : StkAppService$ServiceHandler: OP_BOOT_COMPLETED
11-24 18:50:17.922  1254  1559 D DctController: handleMessage msg={ when=-6ms what=3 obj=com.android.internal.os.SomeArgs@2ba060d6 target=com.android.internal.telephony.dataconnection.DctController }
11-24 18:50:17.922  1254  1559 D DctController: EVENT_DELAYED_RETRY
11-24 18:50:17.922  1254  1559 D DctController:  Retry, switchInfo = SwitchInfo[phoneId = 0, NetworkRequest =null, isDefaultSwitchRequested = true, isOnDemandPsAttachRequested = false, RetryCount = 1
11-24 18:50:17.923  1254  1559 D GsmDCT  : [0]setDataAllowed: enable=true
11-24 18:50:17.923  1254  1559 D RILJ    : [3792]> RIL_REQUEST_ALLOW_DATA true [SUB0]
11-24 18:50:17.926   202   334 D RILC    : RequestComplete, RIL_SOCKET_1
11-24 18:50:17.926   202   334 E RILC    : Send Response to RIL_SOCKET_1
11-24 18:50:17.926  1254  1428 D RilRequest: [3792]< RIL_REQUEST_ALLOW_DATA error: com.android.internal.telephony.CommandException: REQUEST_NOT_SUPPORTED ret=
11-24 18:50:17.926  1254  1559 D DctController: handleMessage msg={ when=0 what=2 obj=android.os.AsyncResult@2c4e9f57 target=com.android.internal.telephony.dataconnection.DctController }
11-24 18:50:17.926  1254  1559 D DctController: EVENT_SET_DATA_ALLOWED_DONE  phoneId :1, switchInfo = SwitchInfo[phoneId = 0, NetworkRequest =null, isDefaultSwitchRequested = true, isOnDemandPsAttachRequested = false, RetryCount = 1
11-24 18:50:17.926  1254  1559 D DctController: Failed, switchInfo = SwitchInfo[phoneId = 0, NetworkRequest =null, isDefaultSwitchRequested = true, isOnDemandPsAttachRequested = false, RetryCount = 1 attempt delayed retry
11-24 18:50:18.633  1254  1559 D DctController: handleMessage msg={ when=-1ms what=3 obj=com.android.internal.os.SomeArgs@26508a44 target=com.android.internal.telephony.dataconnection.DctController }
11-24 18:50:18.633  1254  1559 D DctController: EVENT_DELAYED_RETRY
11-24 18:50:18.633  1254  1559 D DctController:  Retry, switchInfo = SwitchInfo[phoneId = 0, NetworkRequest =null, isDefaultSwitchRequested = true, isOnDemandPsAttachRequested = false, RetryCount = 1
11-24 18:50:18.634  1254  1559 D GsmDCT  : [0]setDataAllowed: enable=true
11-24 18:50:18.634  1254  1559 D RILJ    : [3793]> RIL_REQUEST_ALLOW_DATA true [SUB0]
11-24 18:50:18.637   202   334 D RILC    : RequestComplete, RIL_SOCKET_1
11-24 18:50:18.637   202   334 E RILC    : Send Response to RIL_SOCKET_1
11-24 18:50:18.637  1254  1428 D RilRequest: [3793]< RIL_REQUEST_ALLOW_DATA error: com.android.internal.telephony.CommandException: REQUEST_NOT_SUPPORTED ret=
11-24 18:50:18.638  1254  1559 D DctController: handleMessage msg={ when=0 what=2 obj=android.os.AsyncResult@f03c72d target=com.android.internal.telephony.dataconnection.DctController }
11-24 18:50:18.638  1254  1559 D DctController: EVENT_SET_DATA_ALLOWED_DONE  phoneId :1, switchInfo = SwitchInfo[phoneId = 0, NetworkRequest =null, isDefaultSwitchRequested = true, isOnDemandPsAttachRequested = false, RetryCount = 1
11-24 18:50:18.639  1254  1559 D DctController: Failed, switchInfo = SwitchInfo[phoneId = 0, NetworkRequest =null, isDefaultSwitchRequested = true, isOnDemandPsAttachRequested = false, RetryCount = 1 attempt delayed retry
11-24 18:50:19.217   202   334 I RILC    : RIL_SOCKET_1 UNSOLICITED: UNSOL_RESPONSE_VOICE_NETWORK_STATE_CHANGED length:8
11-24 18:50:19.217   202   334 E RILC    : Send Response to RIL_SOCKET_1
11-24 18:50:19.218  1254  1428 D RILJ    : [UNSL]< UNSOL_RESPONSE_VOICE_NETWORK_STATE_CHANGED [SUB0]
11-24 18:50:19.219  1254  1254 D RILJ    : [3794]> OPERATOR [SUB0]
11-24 18:50:19.223  1254  1254 D RILJ    : [3795]> DATA_REGISTRATION_STATE [SUB0]
11-24 18:50:19.226  1254  1254 D RILJ    : [3796]> VOICE_REGISTRATION_STATE [SUB0]
11-24 18:50:19.231  1254  1254 D RILJ    : [3797]> QUERY_NETWORK_SELECTION_MODE [SUB0]
11-24 18:50:19.240   202  2288 D RILC    : RequestComplete, RIL_SOCKET_1
11-24 18:50:19.240   202  2288 E RILC    : Send Response to RIL_SOCKET_1
11-24 18:50:19.247  1254  1428 D RILJ    : [3797]< QUERY_NETWORK_SELECTION_MODE {0} [SUB0]
11-24 18:50:19.249   202  2285 D RILC    : RequestComplete, RIL_SOCKET_1
11-24 18:50:19.250   202  2285 E RILC    : Send Response to RIL_SOCKET_1
11-24 18:50:19.251  1254  1428 D RILJ    : [3794]< OPERATOR {, , 46001} [SUB0]
11-24 18:50:19.251  1254  1254 D GsmSST  : [GsmSST] EVENT_POLL_STATE_OPERATOR: use value from ril
11-24 18:50:19.251  1254  1254 D GsmSST  : [GsmSST] EVENT_POLL_STATE_OPERATOR: 
11-24 18:50:19.253   202  2287 D RILC    : RequestComplete, RIL_SOCKET_1
11-24 18:50:19.253   202  2287 E RILC    : Send Response to RIL_SOCKET_1
11-24 18:50:19.255  1254  1428 D RILJ    : [3796]< VOICE_REGISTRATION_STATE {1, 101d, 002cb31f, 14, null, null, null, 0, null, null, 1, null, null, 0, null} [SUB0]
11-24 18:50:19.255  1254  1254 D PHONE   : [ServiceState] setVoiceRegState=0
11-24 18:50:19.255  1254  1254 E PHONE   : [ServiceState] setState deprecated use setVoiceRegState()
11-24 18:50:19.256   202  2286 D RILC    : RequestComplete, RIL_SOCKET_1
11-24 18:50:19.256   202  2286 E RILC    : Send Response to RIL_SOCKET_1
11-24 18:50:19.256  1254  1428 D RILJ    : [3795]< DATA_REGISTRATION_STATE {1, null, 002cb31f, 14, null, 20, 4125, 446, 2929439, null, null} [SUB0]
11-24 18:50:19.257  1254  1254 D PHONE   : [ServiceState] setDataRegState=0
11-24 18:50:19.257  1254  1254 D PHONE   : [ServiceState] setDataRadioTechnology=14
11-24 18:50:19.257  1254  1254 D GsmSST  : [GsmSST] handlPollStateResultMessage: GsmSST setDataRegState=0 regState=1 dataRadioTechnology=14
11-24 18:50:19.257  1254  1254 D GsmSST  : [GsmSST] Poll ServiceState done:  oldSS=[0 0 voice home data home   46001   46001  LTE LTE CSS not supported -1 -1 RoamInd=-1 DefRoamInd=-1 EmergOnly=false] newSS=[0 0 voice home data home   46001   46001  LTE LTE CSS not supported -1 -1 RoamInd=-1 DefRoamInd=-1 EmergOnly=false] oldMaxDataCalls=20 mNewMaxDataCalls=20 oldReasonDataDenied=-1 mNewReasonDataDenied=-1
11-24 18:50:19.257  1254  1254 D PHONE   : [ServiceState] setNullState=1
11-24 18:50:19.806   202   350 I RILC    : RIL_SOCKET_1 UNSOLICITED: UNSOL_SIGNAL_STRENGTH length:60
11-24 18:50:19.806   202   350 E RILC    : Send Response to RIL_SOCKET_1
11-24 18:50:19.839  1254  1254 D DefaultPhoneNotifier: notifySignalStrength: mRegistry=com.android.internal.telephony.ITelephonyRegistry$Stub$Proxy@34ea39c ss=SignalStrength: 99 0 -120 -160 -120 -1 -1 19 -103 -6 300 2147483647 2147483647 gsm|lte sender=Handler (com.android.internal.telephony.gsm.GSMPhone) {26a18439}
11-24 18:50:22.043   202   350 I RILC    : RIL_SOCKET_1 UNSOLICITED: UNSOL_SIGNAL_STRENGTH length:60
11-24 18:50:22.043   202   350 E RILC    : Send Response to RIL_SOCKET_1
11-24 18:50:22.045  1254  1254 D DefaultPhoneNotifier: notifySignalStrength: mRegistry=com.android.internal.telephony.ITelephonyRegistry$Stub$Proxy@34ea39c ss=SignalStrength: 99 0 -120 -160 -120 -1 -1 19 -103 -6 300 2147483647 2147483647 gsm|lte sender=Handler (com.android.internal.telephony.gsm.GSMPhone) {26a18439}
11-24 18:50:26.529   202   350 I RILC    : RIL_SOCKET_1 UNSOLICITED: UNSOL_SIGNAL_STRENGTH length:60
11-24 18:50:26.529   202   350 E RILC    : Send Response to RIL_SOCKET_1
11-24 18:50:26.531  1254  1254 D DefaultPhoneNotifier: notifySignalStrength: mRegistry=com.android.internal.telephony.ITelephonyRegistry$Stub$Proxy@34ea39c ss=SignalStrength: 99 0 -120 -160 -120 -1 -1 19 -103 -6 300 2147483647 2147483647 gsm|lte sender=Handler (com.android.internal.telephony.gsm.GSMPhone) {26a18439}
11-24 18:50:27.297  1254  1254 E CdmaSST : [CdmaLteSST] Received message { when=-1ms what=10 target=com.android.internal.telephony.cdma.CdmaLteServiceStateTracker }[10] while being destroyed. Ignoring.
11-24 18:50:27.771  1254  1254 D CAT     : StkAppService: 2called on slot:0
11-24 18:50:27.773  1254  1765 D CAT     : StkAppService$ServiceHandler: RES_ID_TIMEOUT
11-24 18:50:27.774  1254  1765 D CAT     : StkAppService$ServiceHandler: CmdResponse sent on0
11-24 18:50:27.774  1254  1765 D CAT     : StkAppService$ServiceHandler: DISPLAY_TEXT
11-24 18:50:27.812  1254  1254 D CAT     : CatService: handleMessage[6]
11-24 18:50:27.812  1254  1254 D CAT     : CatService: isResponse for last valid cmd: true
11-24 18:50:27.812  1254  1254 D CAT     : CatService: encodeOptionalTags() Unsupported Cmd details=CmdDetails: compRequired=true commandNumber=1 typeOfCommand=33 commandQualifier=1
11-24 18:50:27.812  1254  1254 D RILJ    : [3798]> REQUEST_STK_SEND_TERMINAL_RESPONSE [SUB0]
11-24 18:50:27.825   202   334 D RILC    : RequestComplete, RIL_SOCKET_1
11-24 18:50:27.825   202   334 E RILC    : Send Response to RIL_SOCKET_1
11-24 18:50:27.825   202   350 I RILC    : RIL_SOCKET_1 UNSOLICITED: UNSOL_STK_SESSION_END length:8
11-24 18:50:27.825   202   350 E RILC    : Send Response to RIL_SOCKET_1
11-24 18:50:27.825  1254  1428 D RILJ    : [3798]< REQUEST_STK_SEND_TERMINAL_RESPONSE  [SUB0]
11-24 18:50:27.826  1254  1428 D RILJ    : [UNSL]< UNSOL_STK_SESSION_END [SUB0]
11-24 18:50:27.829  1254  1254 D CAT     : CatService: handleMessage[1]
11-24 18:50:27.829  1254  1254 D CAT     : CatService: ril message arrived,slotid:0
11-24 18:50:27.829  1254  1254 D CAT     : CatService: handleMessage[9]
11-24 18:50:27.829  1254  1254 D CAT     : CatService: SESSION END on 0
11-24 18:50:27.832  1254  1254 D CAT     : StkAppService: 4called on slot:0
11-24 18:50:27.934  1254  1559 D DctController: handleMessage msg={ when=-8ms what=3 obj=com.android.internal.os.SomeArgs@2ba060d6 target=com.android.internal.telephony.dataconnection.DctController }
11-24 18:50:27.934  1254  1559 D DctController: EVENT_DELAYED_RETRY
11-24 18:50:27.934  1254  1559 D DctController:  Retry, switchInfo = SwitchInfo[phoneId = 0, NetworkRequest =null, isDefaultSwitchRequested = true, isOnDemandPsAttachRequested = false, RetryCount = 2
11-24 18:50:27.934  1254  1559 D GsmDCT  : [0]setDataAllowed: enable=true
11-24 18:50:27.934  1254  1559 D RILJ    : [3799]> RIL_REQUEST_ALLOW_DATA true [SUB0]
11-24 18:50:27.935   202   334 D RILC    : RequestComplete, RIL_SOCKET_1
11-24 18:50:27.935   202   334 E RILC    : Send Response to RIL_SOCKET_1
11-24 18:50:27.935  1254  1428 D RilRequest: [3799]< RIL_REQUEST_ALLOW_DATA error: com.android.internal.telephony.CommandException: REQUEST_NOT_SUPPORTED ret=
11-24 18:50:27.935  1254  1559 D DctController: handleMessage msg={ when=0 what=2 obj=android.os.AsyncResult@48ffbc8 target=com.android.internal.telephony.dataconnection.DctController }
11-24 18:50:27.935  1254  1559 D DctController: EVENT_SET_DATA_ALLOWED_DONE  phoneId :1, switchInfo = SwitchInfo[phoneId = 0, NetworkRequest =null, isDefaultSwitchRequested = true, isOnDemandPsAttachRequested = false, RetryCount = 2
11-24 18:50:27.935  1254  1559 D DctController: Failed, switchInfo = SwitchInfo[phoneId = 0, NetworkRequest =null, isDefaultSwitchRequested = true, isOnDemandPsAttachRequested = false, RetryCount = 2 attempt delayed retry
11-24 18:50:28.639  1254  1559 D DctController: handleMessage msg={ when=-1ms what=3 obj=com.android.internal.os.SomeArgs@26508a44 target=com.android.internal.telephony.dataconnection.DctController }
11-24 18:50:28.639  1254  1559 D DctController: EVENT_DELAYED_RETRY
11-24 18:50:28.639  1254  1559 D DctController:  Retry, switchInfo = SwitchInfo[phoneId = 0, NetworkRequest =null, isDefaultSwitchRequested = true, isOnDemandPsAttachRequested = false, RetryCount = 2
11-24 18:50:28.639  1254  1559 D GsmDCT  : [0]setDataAllowed: enable=true
11-24 18:50:28.639  1254  1559 D RILJ    : [3800]> RIL_REQUEST_ALLOW_DATA true [SUB0]
11-24 18:50:28.640   202   334 D RILC    : RequestComplete, RIL_SOCKET_1
11-24 18:50:28.640   202   334 E RILC    : Send Response to RIL_SOCKET_1
11-24 18:50:28.640  1254  1428 D RilRequest: [3800]< RIL_REQUEST_ALLOW_DATA error: com.android.internal.telephony.CommandException: REQUEST_NOT_SUPPORTED ret=
11-24 18:50:28.641  1254  1559 D DctController: handleMessage msg={ when=-1ms what=2 obj=android.os.AsyncResult@14b55461 target=com.android.internal.telephony.dataconnection.DctController }
11-24 18:50:28.641  1254  1559 D DctController: EVENT_SET_DATA_ALLOWED_DONE  phoneId :1, switchInfo = SwitchInfo[phoneId = 0, NetworkRequest =null, isDefaultSwitchRequested = true, isOnDemandPsAttachRequested = false, RetryCount = 2
11-24 18:50:28.641  1254  1559 D DctController: Failed, switchInfo = SwitchInfo[phoneId = 0, NetworkRequest =null, isDefaultSwitchRequested = true, isOnDemandPsAttachRequested = false, RetryCount = 2 attempt delayed retry
11-24 18:50:28.760   202   350 I RILC    : RIL_SOCKET_1 UNSOLICITED: UNSOL_SIGNAL_STRENGTH length:60
11-24 18:50:28.760   202   350 E RILC    : Send Response to RIL_SOCKET_1
11-24 18:50:28.761  1254  1254 D DefaultPhoneNotifier: notifySignalStrength: mRegistry=com.android.internal.telephony.ITelephonyRegistry$Stub$Proxy@34ea39c ss=SignalStrength: 99 0 -120 -160 -120 -1 -1 18 -103 -5 300 2147483647 2147483647 gsm|lte sender=Handler (com.android.internal.telephony.gsm.GSMPhone) {26a18439}
11-24 18:50:29.245  1254  1254 D RILJ    : [3801]> SIGNAL_STRENGTH [SUB0]
11-24 18:50:29.247   202  2384 D RILC    : RequestComplete, RIL_SOCKET_1
11-24 18:50:29.247   202  2384 E RILC    : Send Response to RIL_SOCKET_1
11-24 18:50:29.247  1254  1428 D RILJ    : [3801]< SIGNAL_STRENGTH SignalStrength: 99 0 -1 -1 -1 -1 -1 18 103 5 300 2147483647 2147483647 gsm|lte [SUB0]
11-24 18:50:29.261  1254  1254 D DefaultPhoneNotifier: notifySignalStrength: mRegistry=com.android.internal.telephony.ITelephonyRegistry$Stub$Proxy@34ea39c ss=SignalStrength: 99 0 -120 -160 -120 -1 -1 18 -103 -5 300 2147483647 2147483647 gsm|lte sender=Handler (com.android.internal.telephony.gsm.GSMPhone) {26a18439}
11-24 18:50:30.684   202   350 I RILC    : RIL_SOCKET_1 UNSOLICITED: UNSOL_SIGNAL_STRENGTH length:60
11-24 18:50:30.684   202   350 E RILC    : Send Response to RIL_SOCKET_1
11-24 18:50:30.686  1254  1254 D DefaultPhoneNotifier: notifySignalStrength: mRegistry=com.android.internal.telephony.ITelephonyRegistry$Stub$Proxy@34ea39c ss=SignalStrength: 99 0 -120 -160 -120 -1 -1 19 -103 -5 300 2147483647 2147483647 gsm|lte sender=Handler (com.android.internal.telephony.gsm.GSMPhone) {26a18439}
11-24 18:50:35.862   202   350 I RILC    : RIL_SOCKET_1 UNSOLICITED: UNSOL_SIGNAL_STRENGTH length:60
11-24 18:50:35.862   202   350 E RILC    : Send Response to RIL_SOCKET_1
11-24 18:50:35.863  1254  1254 D DefaultPhoneNotifier: notifySignalStrength: mRegistry=com.android.internal.telephony.ITelephonyRegistry$Stub$Proxy@34ea39c ss=SignalStrength: 99 0 -120 -160 -120 -1 -1 18 -103 -6 300 2147483647 2147483647 gsm|lte sender=Handler (com.android.internal.telephony.gsm.GSMPhone) {26a18439}
11-24 18:50:37.945  1254  1559 D DctController: handleMessage msg={ when=-9ms what=3 obj=com.android.internal.os.SomeArgs@2ba060d6 target=com.android.internal.telephony.dataconnection.DctController }
11-24 18:50:37.945  1254  1559 D DctController: EVENT_DELAYED_RETRY
11-24 18:50:37.945  1254  1559 D DctController:  Retry, switchInfo = SwitchInfo[phoneId = 0, NetworkRequest =null, isDefaultSwitchRequested = true, isOnDemandPsAttachRequested = false, RetryCount = 3
11-24 18:50:37.945  1254  1559 D GsmDCT  : [0]setDataAllowed: enable=true
11-24 18:50:37.946  1254  1559 D RILJ    : [3802]> RIL_REQUEST_ALLOW_DATA true [SUB0]
11-24 18:50:37.950   202   334 D RILC    : RequestComplete, RIL_SOCKET_1
11-24 18:50:37.950   202   334 E RILC    : Send Response to RIL_SOCKET_1
11-24 18:50:37.951  1254  1428 D RilRequest: [3802]< RIL_REQUEST_ALLOW_DATA error: com.android.internal.telephony.CommandException: REQUEST_NOT_SUPPORTED ret=
11-24 18:50:37.956  1254  1559 D DctController: handleMessage msg={ when=-5ms what=2 obj=android.os.AsyncResult@34f0ab86 target=com.android.internal.telephony.dataconnection.DctController }
11-24 18:50:37.957  1254  1559 D DctController: EVENT_SET_DATA_ALLOWED_DONE  phoneId :1, switchInfo = SwitchInfo[phoneId = 0, NetworkRequest =null, isDefaultSwitchRequested = true, isOnDemandPsAttachRequested = false, RetryCount = 3
11-24 18:50:37.957  1254  1559 D DctController: Failed, switchInfo = SwitchInfo[phoneId = 0, NetworkRequest =null, isDefaultSwitchRequested = true, isOnDemandPsAttachRequested = false, RetryCount = 3 attempt delayed retry
11-24 18:50:38.643  1254  1559 D DctController: handleMessage msg={ when=-1ms what=3 obj=com.android.internal.os.SomeArgs@26508a44 target=com.android.internal.telephony.dataconnection.DctController }
11-24 18:50:38.643  1254  1559 D DctController: EVENT_DELAYED_RETRY
11-24 18:50:38.643  1254  1559 D DctController:  Retry, switchInfo = SwitchInfo[phoneId = 0, NetworkRequest =null, isDefaultSwitchRequested = true, isOnDemandPsAttachRequested = false, RetryCount = 3
11-24 18:50:38.643  1254  1559 D GsmDCT  : [0]setDataAllowed: enable=true
11-24 18:50:38.643  1254  1559 D RILJ    : [3803]> RIL_REQUEST_ALLOW_DATA true [SUB0]
11-24 18:50:38.649   202   334 D RILC    : RequestComplete, RIL_SOCKET_1
11-24 18:50:38.649   202   334 E RILC    : Send Response to RIL_SOCKET_1
11-24 18:50:38.650  1254  1428 D RilRequest: [3803]< RIL_REQUEST_ALLOW_DATA error: com.android.internal.telephony.CommandException: REQUEST_NOT_SUPPORTED ret=
11-24 18:50:38.652  1254  1559 D DctController: handleMessage msg={ when=-3ms what=2 obj=android.os.AsyncResult@e600c47 target=com.android.internal.telephony.dataconnection.DctController }
11-24 18:50:38.653  1254  1559 D DctController: EVENT_SET_DATA_ALLOWED_DONE  phoneId :1, switchInfo = SwitchInfo[phoneId = 0, NetworkRequest =null, isDefaultSwitchRequested = true, isOnDemandPsAttachRequested = false, RetryCount = 3
11-24 18:50:38.653  1254  1559 D DctController: Failed, switchInfo = SwitchInfo[phoneId = 0, NetworkRequest =null, isDefaultSwitchRequested = true, isOnDemandPsAttachRequested = false, RetryCount = 3 attempt delayed retry
11-24 18:50:40.134  1254  1812 D GsmDCT  : [0]fetchDunApn: net.tethering.noprovisioning=true ret: null
11-24 18:50:40.134  1254  1812 D GsmDCT  : [0]hasMatchedTetherApnSetting: APN=null
11-24 18:50:41.002   202   350 I RILC    : RIL_SOCKET_1 UNSOLICITED: UNSOL_SIGNAL_STRENGTH length:60
11-24 18:50:41.002   202   350 E RILC    : Send Response to RIL_SOCKET_1
11-24 18:50:41.003  1254  1254 D DefaultPhoneNotifier: notifySignalStrength: mRegistry=com.android.internal.telephony.ITelephonyRegistry$Stub$Proxy@34ea39c ss=SignalStrength: 99 0 -120 -160 -120 -1 -1 18 -101 -6 300 2147483647 2147483647 gsm|lte sender=Handler (com.android.internal.telephony.gsm.GSMPhone) {26a18439}
11-24 18:50:41.451  1254  1254 D CAT     : StkAppService: 2called on slot:0
11-24 18:50:41.451  1254  1765 D CAT     : StkAppService$ServiceHandler: RES_ID_CONFIRM
11-24 18:50:41.452  1254  1765 D CAT     : StkAppService$ServiceHandler: CmdResponse sent on0
11-24 18:50:41.464  1254  1254 D CAT     : CatService: handleMessage[6]
11-24 18:50:41.464  1254  1254 D CAT     : CatService: isResponse for last valid cmd: false
11-24 18:50:43.554   202   350 I RILC    : RIL_SOCKET_1 UNSOLICITED: UNSOL_SIGNAL_STRENGTH length:60
11-24 18:50:43.554   202   350 E RILC    : Send Response to RIL_SOCKET_1
11-24 18:50:43.554  1254  1254 D DefaultPhoneNotifier: notifySignalStrength: mRegistry=com.android.internal.telephony.ITelephonyRegistry$Stub$Proxy@34ea39c ss=SignalStrength: 99 0 -120 -160 -120 -1 -1 20 -101 -8 300 2147483647 2147483647 gsm|lte sender=Handler (com.android.internal.telephony.gsm.GSMPhone) {26a18439}
11-24 18:50:47.963  1254  1559 D DctController: handleMessage msg={ when=-6ms what=3 obj=com.android.internal.os.SomeArgs@2ba060d6 target=com.android.internal.telephony.dataconnection.DctController }
11-24 18:50:47.964  1254  1559 D DctController: EVENT_DELAYED_RETRY
11-24 18:50:47.964  1254  1559 D DctController:  Retry, switchInfo = SwitchInfo[phoneId = 0, NetworkRequest =null, isDefaultSwitchRequested = true, isOnDemandPsAttachRequested = false, RetryCount = 4
11-24 18:50:47.964  1254  1559 D GsmDCT  : [0]setDataAllowed: enable=true
11-24 18:50:47.964  1254  1559 D RILJ    : [3804]> RIL_REQUEST_ALLOW_DATA true [SUB0]
11-24 18:50:47.971   202   334 D RILC    : RequestComplete, RIL_SOCKET_1
11-24 18:50:47.971   202   334 E RILC    : Send Response to RIL_SOCKET_1
11-24 18:50:47.972  1254  1428 D RilRequest: [3804]< RIL_REQUEST_ALLOW_DATA error: com.android.internal.telephony.CommandException: REQUEST_NOT_SUPPORTED ret=
11-24 18:50:47.976  1254  1559 D DctController: handleMessage msg={ when=-3ms what=2 obj=android.os.AsyncResult@147c3d3f target=com.android.internal.telephony.dataconnection.DctController }
11-24 18:50:47.976  1254  1559 D DctController: EVENT_SET_DATA_ALLOWED_DONE  phoneId :1, switchInfo = SwitchInfo[phoneId = 0, NetworkRequest =null, isDefaultSwitchRequested = true, isOnDemandPsAttachRequested = false, RetryCount = 4
11-24 18:50:47.976  1254  1559 D DctController: Failed, switchInfo = SwitchInfo[phoneId = 0, NetworkRequest =null, isDefaultSwitchRequested = true, isOnDemandPsAttachRequested = false, RetryCount = 4 attempt delayed retry
11-24 18:50:48.654  1254  1559 D DctController: handleMessage msg={ when=-1ms what=3 obj=com.android.internal.os.SomeArgs@26508a44 target=com.android.internal.telephony.dataconnection.DctController }
11-24 18:50:48.654  1254  1559 D DctController: EVENT_DELAYED_RETRY
11-24 18:50:48.655  1254  1559 D DctController:  Retry, switchInfo = SwitchInfo[phoneId = 0, NetworkRequest =null, isDefaultSwitchRequested = true, isOnDemandPsAttachRequested = false, RetryCount = 4
11-24 18:50:48.655  1254  1559 D GsmDCT  : [0]setDataAllowed: enable=true
11-24 18:50:48.656  1254  1559 D RILJ    : [3805]> RIL_REQUEST_ALLOW_DATA true [SUB0]
11-24 18:50:48.662   202   334 D RILC    : RequestComplete, RIL_SOCKET_1
11-24 18:50:48.662   202   334 E RILC    : Send Response to RIL_SOCKET_1
11-24 18:50:48.663  1254  1428 D RilRequest: [3805]< RIL_REQUEST_ALLOW_DATA error: com.android.internal.telephony.CommandException: REQUEST_NOT_SUPPORTED ret=
11-24 18:50:48.667  1254  1559 D DctController: handleMessage msg={ when=-3ms what=2 obj=android.os.AsyncResult@3149760c target=com.android.internal.telephony.dataconnection.DctController }
11-24 18:50:48.667  1254  1559 D DctController: EVENT_SET_DATA_ALLOWED_DONE  phoneId :1, switchInfo = SwitchInfo[phoneId = 0, NetworkRequest =null, isDefaultSwitchRequested = true, isOnDemandPsAttachRequested = false, RetryCount = 4
11-24 18:50:48.667  1254  1559 D DctController: Failed, switchInfo = SwitchInfo[phoneId = 0, NetworkRequest =null, isDefaultSwitchRequested = true, isOnDemandPsAttachRequested = false, RetryCount = 4 attempt delayed retry
11-24 18:50:48.682   202   350 I RILC    : RIL_SOCKET_1 UNSOLICITED: UNSOL_SIGNAL_STRENGTH length:60
11-24 18:50:48.682   202   350 E RILC    : Send Response to RIL_SOCKET_1
11-24 18:50:48.683  1254  1254 D DefaultPhoneNotifier: notifySignalStrength: mRegistry=com.android.internal.telephony.ITelephonyRegistry$Stub$Proxy@34ea39c ss=SignalStrength: 99 0 -120 -160 -120 -1 -1 19 -102 -6 300 2147483647 2147483647 gsm|lte sender=Handler (com.android.internal.telephony.gsm.GSMPhone) {26a18439}
11-24 18:50:51.244   202   350 I RILC    : RIL_SOCKET_1 UNSOLICITED: UNSOL_SIGNAL_STRENGTH length:60
11-24 18:50:51.244   202   350 E RILC    : Send Response to RIL_SOCKET_1
11-24 18:50:51.245  1254  1254 D DefaultPhoneNotifier: notifySignalStrength: mRegistry=com.android.internal.telephony.ITelephonyRegistry$Stub$Proxy@34ea39c ss=SignalStrength: 99 0 -120 -160 -120 -1 -1 18 -102 -6 300 2147483647 2147483647 gsm|lte sender=Handler (com.android.internal.telephony.gsm.GSMPhone) {26a18439}
11-24 18:50:56.366   202   350 I RILC    : RIL_SOCKET_1 UNSOLICITED: UNSOL_SIGNAL_STRENGTH length:60
11-24 18:50:56.366   202   350 E RILC    : Send Response to RIL_SOCKET_1
11-24 18:50:56.367  1254  1254 D DefaultPhoneNotifier: notifySignalStrength: mRegistry=com.android.internal.telephony.ITelephonyRegistry$Stub$Proxy@34ea39c ss=SignalStrength: 99 0 -120 -160 -120 -1 -1 19 -102 -7 300 2147483647 2147483647 gsm|lte sender=Handler (com.android.internal.telephony.gsm.GSMPhone) {26a18439}
11-24 18:50:57.644   202   350 I RILC    : RIL_SOCKET_1 UNSOLICITED: UNSOL_SIGNAL_STRENGTH length:60
11-24 18:50:57.644   202   350 E RILC    : Send Response to RIL_SOCKET_1
11-24 18:50:57.646  1254  1254 D DefaultPhoneNotifier: notifySignalStrength: mRegistry=com.android.internal.telephony.ITelephonyRegistry$Stub$Proxy@34ea39c ss=SignalStrength: 99 0 -120 -160 -120 -1 -1 19 -102 -6 300 2147483647 2147483647 gsm|lte sender=Handler (com.android.internal.telephony.gsm.GSMPhone) {26a18439}
11-24 18:50:57.986  1254  1559 D DctController: handleMessage msg={ when=-10ms what=3 obj=com.android.internal.os.SomeArgs@2ba060d6 target=com.android.internal.telephony.dataconnection.DctController }
11-24 18:50:57.986  1254  1559 D DctController: EVENT_DELAYED_RETRY
11-24 18:50:57.986  1254  1559 D DctController:  Retry, switchInfo = SwitchInfo[phoneId = 0, NetworkRequest =null, isDefaultSwitchRequested = true, isOnDemandPsAttachRequested = false, RetryCount = 5
11-24 18:50:57.987  1254  1559 D GsmDCT  : [0]setDataAllowed: enable=true
11-24 18:50:57.987  1254  1559 D RILJ    : [3806]> RIL_REQUEST_ALLOW_DATA true [SUB0]
11-24 18:50:57.992   202   334 D RILC    : RequestComplete, RIL_SOCKET_1
11-24 18:50:57.992   202   334 E RILC    : Send Response to RIL_SOCKET_1
11-24 18:50:57.993  1254  1428 D RilRequest: [3806]< RIL_REQUEST_ALLOW_DATA error: com.android.internal.telephony.CommandException: REQUEST_NOT_SUPPORTED ret=
11-24 18:50:57.999  1254  1559 D DctController: handleMessage msg={ when=-6ms what=2 obj=android.os.AsyncResult@37871b55 target=com.android.internal.telephony.dataconnection.DctController }
11-24 18:50:57.999  1254  1559 D DctController: EVENT_SET_DATA_ALLOWED_DONE  phoneId :1, switchInfo = SwitchInfo[phoneId = 0, NetworkRequest =null, isDefaultSwitchRequested = true, isOnDemandPsAttachRequested = false, RetryCount = 5
11-24 18:50:58.000  1254  1559 D DctController: Failed, switchInfo = SwitchInfo[phoneId = 0, NetworkRequest =null, isDefaultSwitchRequested = true, isOnDemandPsAttachRequested = false, RetryCount = 5 attempt delayed retry
11-24 18:50:58.000  1254  1559 D DctController: Already did max retries, notify failure
11-24 18:50:58.000  1254  1559 D DdsSwitchSerializer: unLock the DdsSwitchSerializer
11-24 18:50:58.000  1254  1559 D DdsSwitchSerializer: unLocked the DdsSwitchSerializer
11-24 18:50:58.002  1254  1254 D SubscriptionController: EVENT_SET_DEFAULT_DATA_DONE subId:1
11-24 18:50:58.002  1254  1254 D SubscriptionController:  updateDataSubId,  subId=1 exception java.lang.RuntimeException: PS ATTACH failed
11-24 18:50:58.002  1254  1254 D DdsScheduler: mCurrentDds = 1
11-24 18:50:58.002  1254  1254 D SubscriptionController: [broadcastDefaultDataSubIdChanged] subId=1
11-24 18:50:58.010  1254  1254 D SubscriptionController: [updateAllDataConnectionTrackers] sProxyPhones.length=1
11-24 18:50:58.010  1254  1254 D SubscriptionController: [updateAllDataConnectionTrackers] phoneId=0
11-24 18:50:58.011  1254  1254 D PhoneProxy: [PhoneProxy] Updating Data Connection Tracker
11-24 18:50:58.011  1254  1254 D GsmDCT  : [0]update sub = 1
11-24 18:50:58.011  1254  1254 D GsmDCT  : [0]update(): Active DDS, register for all events now!
11-24 18:50:58.015  1254  1254 D GsmDCT  : [0]updateSimRecords: newSimRecords = SimRecords: mDestroyed=false mContext=com.android.phone.PhoneGlobals@2047205d mCi=com.android.internal.telephony.RIL@3cd3d9e6 mFh=Handler (com.android.internal.telephony.uicc.UsimFileHandler) {f134dd2} mParentApp=com.android.internal.telephony.uicc.UiccCardApplication@f5a4ea3 mSpnOverride=mSpnOverride recordsLoadedRegistrants=android.os.RegistrantList@27b55a0 mImsiReadyRegistrants=android.os.RegistrantList@3c5a6559 mRecordsEventsRegistrants=android.os.RegistrantList@3934751e mNewSmsRegistrants=android.os.RegistrantList@a3931ff mNetworkSelectionModeAutomaticRegistrants=android.os.RegistrantList@31d02bcc recordsToLoad=0 adnCache=Handler (com.android.internal.telephony.uicc.AdnRecordCache) {ec2fe15} recordsRequested=true iccid=89860115921101579076 msisdnTag= voiceMailNum=null voiceMailTag=null newVoiceMailNum=null newVoiceMailTag=null isVoiceMailFixed=false mImsi=460011952973996 mncLength=2 mailboxIndex=0 spn= mVmConfigcom.android.internal.telephony.uicc.VoiceMailConstants@baec52a callForwardingEnabled=false spnState=IDLE mCphsInfo=null mCspPlmnEnabled=true efMWIS=null efCPHS_MWI=null mEfCff=null mEfCfis=null getOperatorNumeric=46001
11-24 18:50:58.015  1254  1254 D GsmDCT  : [0]onUpdateIcc: newIccRecords com.android.internal.telephony.uicc.SIMRecords
11-24 18:50:58.015  1254  1254 D GSMPhone: [GSMPhone] updateCurrentCarrierInProvider: mSubId = 1 currentDds = 1 operatorNumeric = 46001
11-24 18:50:58.068  1254  1254 D DctController: got ACTION_DEFAULT_DATA_SUBSCRIPTION_CHANGED, new DDS = 1
11-24 18:50:58.068  1254  1254 D DctController: [TNF 1]update networkCapabilites for subId = 1
11-24 18:50:58.069  1254  1254 D SubscriptionController: [getActiveSubInfoList]+
11-24 18:50:58.069  1254  1254 D SubscriptionController: selection:sim_id>=0 null
11-24 18:50:58.072  1254  1254 D TelephonyManager: getTelephonyProperty: return propVal='cn' phoneId=0 property='gsm.sim.operator.iso-country' defaultVal='' prop=cn
11-24 18:50:58.073  1254  1254 D SubscriptionController: [getSubInfoRecord] id:1 iccid:DUMMY_NV_ID simSlotIndex:0 displayName:CARD 1 nameSource:0 iconTint:-16746133 dataRoaming:0 mcc:460 mnc:1 countIso:cn status:1 nwMode:10
11-24 18:50:58.076  1254  1254 D SubscriptionController: [getActiveSubInfoList]- 1 infos return
11-24 18:50:58.076  1254  1254 D SubscriptionController: [getActiveSubInfoForSubscriber]+ subId=1 subInfo={id=1, iccId=DUMMY_NV_ID simSlotIndex=0 displayName=CARD 1 carrierName= nameSource=0 iconTint=-16746133 dataRoaming=0 iconBitmap=android.graphics.Bitmap@16816e5b mcc 460 mnc 1 mSubStatus=1 mNwMode=10}
11-24 18:50:58.076  1254  1254 D DctController: [TNF 1]INTERNET capability is with subId = 1
11-24 18:50:58.077  1254  1254 D SubscriptionController: registerForOnDemandDdsLockNotification for client=1
11-24 18:50:58.077  1254  1254 D DctController: [TNF 1]Ready to handle network requests
11-24 18:50:58.669  1254  1559 D DctController: handleMessage msg={ when=-1ms what=3 obj=com.android.internal.os.SomeArgs@26508a44 target=com.android.internal.telephony.dataconnection.DctController }
11-24 18:50:58.669  1254  1559 D DctController: EVENT_DELAYED_RETRY
11-24 18:50:58.669  1254  1559 D DctController:  Retry, switchInfo = SwitchInfo[phoneId = 0, NetworkRequest =null, isDefaultSwitchRequested = true, isOnDemandPsAttachRequested = false, RetryCount = 5
11-24 18:50:58.669  1254  1559 D GsmDCT  : [0]setDataAllowed: enable=true
11-24 18:50:58.669  1254  1559 D RILJ    : [3807]> RIL_REQUEST_ALLOW_DATA true [SUB0]
11-24 18:50:58.674   202   334 D RILC    : RequestComplete, RIL_SOCKET_1
11-24 18:50:58.675   202   334 E RILC    : Send Response to RIL_SOCKET_1
11-24 18:50:58.675  1254  1428 D RilRequest: [3807]< RIL_REQUEST_ALLOW_DATA error: com.android.internal.telephony.CommandException: REQUEST_NOT_SUPPORTED ret=
11-24 18:50:58.678  1254  1559 D DctController: handleMessage msg={ when=-3ms what=2 obj=android.os.AsyncResult@3a1de6f8 target=com.android.internal.telephony.dataconnection.DctController }
11-24 18:50:58.678  1254  1559 D DctController: EVENT_SET_DATA_ALLOWED_DONE  phoneId :1, switchInfo = SwitchInfo[phoneId = 0, NetworkRequest =null, isDefaultSwitchRequested = true, isOnDemandPsAttachRequested = false, RetryCount = 5
11-24 18:50:58.678  1254  1559 D DctController: Failed, switchInfo = SwitchInfo[phoneId = 0, NetworkRequest =null, isDefaultSwitchRequested = true, isOnDemandPsAttachRequested = false, RetryCount = 5 attempt delayed retry
11-24 18:50:58.679  1254  1559 D DctController: Already did max retries, notify failure
11-24 18:50:58.679  1254  1559 D DdsSwitchSerializer: unLock the DdsSwitchSerializer
11-24 18:50:58.679  1254  1559 D DdsSwitchSerializer: unLocked the DdsSwitchSerializer
11-24 18:50:58.681  1254  1254 D SubscriptionController: EVENT_SET_DEFAULT_DATA_DONE subId:1
11-24 18:50:58.681  1254  1254 D SubscriptionController:  updateDataSubId,  subId=1 exception java.lang.RuntimeException: PS ATTACH failed
11-24 18:50:58.681  1254  1254 D DdsScheduler: mCurrentDds = 1
11-24 18:50:58.681  1254  1254 D SubscriptionController: [broadcastDefaultDataSubIdChanged] subId=1
11-24 18:50:58.687  1254  1254 D SubscriptionController: [updateAllDataConnectionTrackers] sProxyPhones.length=1
11-24 18:50:58.688  1254  1254 D SubscriptionController: [updateAllDataConnectionTrackers] phoneId=0
11-24 18:50:58.688  1254  1254 D PhoneProxy: [PhoneProxy] Updating Data Connection Tracker
11-24 18:50:58.688  1254  1254 D GsmDCT  : [0]update sub = 1
11-24 18:50:58.688  1254  1254 D GsmDCT  : [0]update(): Active DDS, register for all events now!
11-24 18:50:58.689  1254  1254 D GsmDCT  : [0]updateSimRecords: newSimRecords = SimRecords: mDestroyed=false mContext=com.android.phone.PhoneGlobals@2047205d mCi=com.android.internal.telephony.RIL@3cd3d9e6 mFh=Handler (com.android.internal.telephony.uicc.UsimFileHandler) {f134dd2} mParentApp=com.android.internal.telephony.uicc.UiccCardApplication@f5a4ea3 mSpnOverride=mSpnOverride recordsLoadedRegistrants=android.os.RegistrantList@27b55a0 mImsiReadyRegistrants=android.os.RegistrantList@3c5a6559 mRecordsEventsRegistrants=android.os.RegistrantList@3934751e mNewSmsRegistrants=android.os.RegistrantList@a3931ff mNetworkSelectionModeAutomaticRegistrants=android.os.RegistrantList@31d02bcc recordsToLoad=0 adnCache=Handler (com.android.internal.telephony.uicc.AdnRecordCache) {ec2fe15} recordsRequested=true iccid=89860115921101579076 msisdnTag= voiceMailNum=null voiceMailTag=null newVoiceMailNum=null newVoiceMailTag=null isVoiceMailFixed=false mImsi=460011952973996 mncLength=2 mailboxIndex=0 spn= mVmConfigcom.android.internal.telephony.uicc.VoiceMailConstants@baec52a callForwardingEnabled=false spnState=IDLE mCphsInfo=null mCspPlmnEnabled=true efMWIS=null efCPHS_MWI=null mEfCff=null mEfCfis=null getOperatorNumeric=46001
11-24 18:50:58.689  1254  1254 D GsmDCT  : [0]onUpdateIcc: newIccRecords com.android.internal.telephony.uicc.SIMRecords
11-24 18:50:58.693  1254  1254 D GSMPhone: [GSMPhone] updateCurrentCarrierInProvider: mSubId = 1 currentDds = 1 operatorNumeric = 46001
11-24 18:50:58.751  1254  1254 D DctController: got ACTION_DEFAULT_DATA_SUBSCRIPTION_CHANGED, new DDS = 1
11-24 18:50:58.752  1254  1254 D DctController: [TNF 1]update networkCapabilites for subId = 1
11-24 18:50:58.752  1254  1254 D SubscriptionController: [getActiveSubInfoList]+
11-24 18:50:58.752  1254  1254 D SubscriptionController: selection:sim_id>=0 null
11-24 18:50:58.756  1254  1254 D TelephonyManager: getTelephonyProperty: return propVal='cn' phoneId=0 property='gsm.sim.operator.iso-country' defaultVal='' prop=cn
11-24 18:50:58.756  1254  1254 D SubscriptionController: [getSubInfoRecord] id:1 iccid:DUMMY_NV_ID simSlotIndex:0 displayName:CARD 1 nameSource:0 iconTint:-16746133 dataRoaming:0 mcc:460 mnc:1 countIso:cn status:1 nwMode:10
11-24 18:50:58.758  1254  1254 D SubscriptionController: [getActiveSubInfoList]- 1 infos return
11-24 18:50:58.758  1254  1254 D SubscriptionController: [getActiveSubInfoForSubscriber]+ subId=1 subInfo={id=1, iccId=DUMMY_NV_ID simSlotIndex=0 displayName=CARD 1 carrierName= nameSource=0 iconTint=-16746133 dataRoaming=0 iconBitmap=android.graphics.Bitmap@10236 mcc 460 mnc 1 mSubStatus=1 mNwMode=10}
11-24 18:50:58.758  1254  1254 D DctController: [TNF 1]INTERNET capability is with subId = 1
11-24 18:50:58.759  1254  1254 D SubscriptionController: registerForOnDemandDdsLockNotification for client=1
11-24 18:50:58.759  1254  1254 D DctController: [TNF 1]Ready to handle network requests
11-24 18:51:01.483   202   350 I RILC    : RIL_SOCKET_1 UNSOLICITED: UNSOL_SIGNAL_STRENGTH length:60
11-24 18:51:01.483   202   350 E RILC    : Send Response to RIL_SOCKET_1
11-24 18:51:01.485  1254  1254 D DefaultPhoneNotifier: notifySignalStrength: mRegistry=com.android.internal.telephony.ITelephonyRegistry$Stub$Proxy@34ea39c ss=SignalStrength: 99 0 -120 -160 -120 -1 -1 19 -101 -5 300 2147483647 2147483647 gsm|lte sender=Handler (com.android.internal.telephony.gsm.GSMPhone) {26a18439}
11-24 18:51:05.314   202   350 I RILC    : RIL_SOCKET_1 UNSOLICITED: UNSOL_SIGNAL_STRENGTH length:60
11-24 18:51:05.314   202   350 E RILC    : Send Response to RIL_SOCKET_1
11-24 18:51:05.314  1254  1254 D DefaultPhoneNotifier: notifySignalStrength: mRegistry=com.android.internal.telephony.ITelephonyRegistry$Stub$Proxy@34ea39c ss=SignalStrength: 99 0 -120 -160 -120 -1 -1 19 -101 -6 300 2147483647 2147483647 gsm|lte sender=Handler (com.android.internal.telephony.gsm.GSMPhone) {26a18439}
11-24 18:51:09.162   202   350 I RILC    : RIL_SOCKET_1 UNSOLICITED: UNSOL_SIGNAL_STRENGTH length:60
11-24 18:51:09.162   202   350 E RILC    : Send Response to RIL_SOCKET_1
11-24 18:51:09.164  1254  1254 D DefaultPhoneNotifier: notifySignalStrength: mRegistry=com.android.internal.telephony.ITelephonyRegistry$Stub$Proxy@34ea39c ss=SignalStrength: 99 0 -120 -160 -120 -1 -1 19 -102 -6 300 2147483647 2147483647 gsm|lte sender=Handler (com.android.internal.telephony.gsm.GSMPhone) {26a18439}
11-24 18:51:13.002   202   350 I RILC    : RIL_SOCKET_1 UNSOLICITED: UNSOL_SIGNAL_STRENGTH length:60
11-24 18:51:13.002   202   350 E RILC    : Send Response to RIL_SOCKET_1
11-24 18:51:13.005  1254  1254 D DefaultPhoneNotifier: notifySignalStrength: mRegistry=com.android.internal.telephony.ITelephonyRegistry$Stub$Proxy@34ea39c ss=SignalStrength: 99 0 -120 -160 -120 -1 -1 19 -101 -6 300 2147483647 2147483647 gsm|lte sender=Handler (com.android.internal.telephony.gsm.GSMPhone) {26a18439}
11-24 18:51:16.841   202   350 I RILC    : RIL_SOCKET_1 UNSOLICITED: UNSOL_SIGNAL_STRENGTH length:60
11-24 18:51:16.841   202   350 E RILC    : Send Response to RIL_SOCKET_1
11-24 18:51:16.843  1254  1254 D DefaultPhoneNotifier: notifySignalStrength: mRegistry=com.android.internal.telephony.ITelephonyRegistry$Stub$Proxy@34ea39c ss=SignalStrength: 99 0 -120 -160 -120 -1 -1 19 -102 -6 300 2147483647 2147483647 gsm|lte sender=Handler (com.android.internal.telephony.gsm.GSMPhone) {26a18439}
11-24 18:51:20.683   202   350 I RILC    : RIL_SOCKET_1 UNSOLICITED: UNSOL_SIGNAL_STRENGTH length:60
11-24 18:51:20.683   202   350 E RILC    : Send Response to RIL_SOCKET_1
11-24 18:51:20.685  1254  1254 D DefaultPhoneNotifier: notifySignalStrength: mRegistry=com.android.internal.telephony.ITelephonyRegistry$Stub$Proxy@34ea39c ss=SignalStrength: 99 0 -120 -160 -120 -1 -1 21 -101 -9 300 2147483647 2147483647 gsm|lte sender=Handler (com.android.internal.telephony.gsm.GSMPhone) {26a18439}
11-24 18:51:24.520   202   350 I RILC    : RIL_SOCKET_1 UNSOLICITED: UNSOL_SIGNAL_STRENGTH length:60
11-24 18:51:24.520   202   350 E RILC    : Send Response to RIL_SOCKET_1
11-24 18:51:24.522  1254  1254 D DefaultPhoneNotifier: notifySignalStrength: mRegistry=com.android.internal.telephony.ITelephonyRegistry$Stub$Proxy@34ea39c ss=SignalStrength: 99 0 -120 -160 -120 -1 -1 19 -102 -6 300 2147483647 2147483647 gsm|lte sender=Handler (com.android.internal.telephony.gsm.GSMPhone) {26a18439}
11-24 18:51:27.081   202   350 I RILC    : RIL_SOCKET_1 UNSOLICITED: UNSOL_SIGNAL_STRENGTH length:60
11-24 18:51:27.082   202   350 E RILC    : Send Response to RIL_SOCKET_1
11-24 18:51:27.085  1254  1254 D DefaultPhoneNotifier: notifySignalStrength: mRegistry=com.android.internal.telephony.ITelephonyRegistry$Stub$Proxy@34ea39c ss=SignalStrength: 99 0 -120 -160 -120 -1 -1 19 -103 -7 300 2147483647 2147483647 gsm|lte sender=Handler (com.android.internal.telephony.gsm.GSMPhone) {26a18439}
11-24 18:51:29.641   202   350 I RILC    : RIL_SOCKET_1 UNSOLICITED: UNSOL_SIGNAL_STRENGTH length:60
11-24 18:51:29.641   202   350 E RILC    : Send Response to RIL_SOCKET_1
11-24 18:51:29.643  1254  1254 D DefaultPhoneNotifier: notifySignalStrength: mRegistry=com.android.internal.telephony.ITelephonyRegistry$Stub$Proxy@34ea39c ss=SignalStrength: 99 0 -120 -160 -120 -1 -1 19 -102 -6 300 2147483647 2147483647 gsm|lte sender=Handler (com.android.internal.telephony.gsm.GSMPhone) {26a18439}
11-24 18:51:34.762   202   350 I RILC    : RIL_SOCKET_1 UNSOLICITED: UNSOL_SIGNAL_STRENGTH length:60
11-24 18:51:34.762   202   350 E RILC    : Send Response to RIL_SOCKET_1
11-24 18:51:34.766  1254  1254 D DefaultPhoneNotifier: notifySignalStrength: mRegistry=com.android.internal.telephony.ITelephonyRegistry$Stub$Proxy@34ea39c ss=SignalStrength: 99 0 -120 -160 -120 -1 -1 19 -102 -6 300 2147483647 2147483647 gsm|lte sender=Handler (com.android.internal.telephony.gsm.GSMPhone) {26a18439}
11-24 18:51:37.323   202   350 I RILC    : RIL_SOCKET_1 UNSOLICITED: UNSOL_SIGNAL_STRENGTH length:60
11-24 18:51:37.323   202   350 E RILC    : Send Response to RIL_SOCKET_1
11-24 18:51:37.326  1254  1254 D DefaultPhoneNotifier: notifySignalStrength: mRegistry=com.android.internal.telephony.ITelephonyRegistry$Stub$Proxy@34ea39c ss=SignalStrength: 99 0 -120 -160 -120 -1 -1 19 -102 -6 300 2147483647 2147483647 gsm|lte sender=Handler (com.android.internal.telephony.gsm.GSMPhone) {26a18439}
11-24 18:51:42.443   202   350 I RILC    : RIL_SOCKET_1 UNSOLICITED: UNSOL_SIGNAL_STRENGTH length:60
11-24 18:51:42.444   202   350 E RILC    : Send Response to RIL_SOCKET_1
11-24 18:51:42.446  1254  1254 D DefaultPhoneNotifier: notifySignalStrength: mRegistry=com.android.internal.telephony.ITelephonyRegistry$Stub$Proxy@34ea39c ss=SignalStrength: 99 0 -120 -160 -120 -1 -1 19 -102 -6 300 2147483647 2147483647 gsm|lte sender=Handler (com.android.internal.telephony.gsm.GSMPhone) {26a18439}
11-24 18:51:45.001   202   350 I RILC    : RIL_SOCKET_1 UNSOLICITED: UNSOL_SIGNAL_STRENGTH length:60
11-24 18:51:45.001   202   350 E RILC    : Send Response to RIL_SOCKET_1
11-24 18:51:45.003  1254  1254 D DefaultPhoneNotifier: notifySignalStrength: mRegistry=com.android.internal.telephony.ITelephonyRegistry$Stub$Proxy@34ea39c ss=SignalStrength: 99 0 -120 -160 -120 -1 -1 19 -102 -6 300 2147483647 2147483647 gsm|lte sender=Handler (com.android.internal.telephony.gsm.GSMPhone) {26a18439}
11-24 18:51:50.122   202   350 I RILC    : RIL_SOCKET_1 UNSOLICITED: UNSOL_SIGNAL_STRENGTH length:60
11-24 18:51:50.122   202   350 E RILC    : Send Response to RIL_SOCKET_1
11-24 18:51:50.124  1254  1254 D DefaultPhoneNotifier: notifySignalStrength: mRegistry=com.android.internal.telephony.ITelephonyRegistry$Stub$Proxy@34ea39c ss=SignalStrength: 99 0 -120 -160 -120 -1 -1 19 -102 -6 300 2147483647 2147483647 gsm|lte sender=Handler (com.android.internal.telephony.gsm.GSMPhone) {26a18439}
11-24 18:51:52.681   202   350 I RILC    : RIL_SOCKET_1 UNSOLICITED: UNSOL_SIGNAL_STRENGTH length:60
11-24 18:51:52.682   202   350 E RILC    : Send Response to RIL_SOCKET_1
11-24 18:51:52.686  1254  1254 D DefaultPhoneNotifier: notifySignalStrength: mRegistry=com.android.internal.telephony.ITelephonyRegistry$Stub$Proxy@34ea39c ss=SignalStrength: 99 0 -120 -160 -120 -1 -1 19 -102 -6 300 2147483647 2147483647 gsm|lte sender=Handler (com.android.internal.telephony.gsm.GSMPhone) {26a18439}
11-24 18:51:57.802   202   350 I RILC    : RIL_SOCKET_1 UNSOLICITED: UNSOL_SIGNAL_STRENGTH length:60
11-24 18:51:57.802   202   350 E RILC    : Send Response to RIL_SOCKET_1
11-24 18:51:57.803  1254  1254 D DefaultPhoneNotifier: notifySignalStrength: mRegistry=com.android.internal.telephony.ITelephonyRegistry$Stub$Proxy@34ea39c ss=SignalStrength: 99 0 -120 -160 -120 -1 -1 19 -102 -6 300 2147483647 2147483647 gsm|lte sender=Handler (com.android.internal.telephony.gsm.GSMPhone) {26a18439}
11-24 18:52:00.361   202   350 I RILC    : RIL_SOCKET_1 UNSOLICITED: UNSOL_SIGNAL_STRENGTH length:60
11-24 18:52:00.361   202   350 E RILC    : Send Response to RIL_SOCKET_1
11-24 18:52:00.363  1254  1254 D DefaultPhoneNotifier: notifySignalStrength: mRegistry=com.android.internal.telephony.ITelephonyRegistry$Stub$Proxy@34ea39c ss=SignalStrength: 99 0 -120 -160 -120 -1 -1 20 -102 -7 300 2147483647 2147483647 gsm|lte sender=Handler (com.android.internal.telephony.gsm.GSMPhone) {26a18439}
11-24 18:52:02.928   202   350 I RILC    : RIL_SOCKET_1 UNSOLICITED: UNSOL_SIGNAL_STRENGTH length:60
11-24 18:52:02.928   202   350 E RILC    : Send Response to RIL_SOCKET_1
11-24 18:52:02.930  1254  1254 D DefaultPhoneNotifier: notifySignalStrength: mRegistry=com.android.internal.telephony.ITelephonyRegistry$Stub$Proxy@34ea39c ss=SignalStrength: 99 0 -120 -160 -120 -1 -1 18 -102 -6 300 2147483647 2147483647 gsm|lte sender=Handler (com.android.internal.telephony.gsm.GSMPhone) {26a18439}
11-24 18:52:06.766   202   350 I RILC    : RIL_SOCKET_1 UNSOLICITED: UNSOL_SIGNAL_STRENGTH length:60
11-24 18:52:06.766   202   350 E RILC    : Send Response to RIL_SOCKET_1
11-24 18:52:06.768  1254  1254 D DefaultPhoneNotifier: notifySignalStrength: mRegistry=com.android.internal.telephony.ITelephonyRegistry$Stub$Proxy@34ea39c ss=SignalStrength: 99 0 -120 -160 -120 -1 -1 18 -102 -6 300 2147483647 2147483647 gsm|lte sender=Handler (com.android.internal.telephony.gsm.GSMPhone) {26a18439}
11-24 18:52:14.441   202   350 I RILC    : RIL_SOCKET_1 UNSOLICITED: UNSOL_SIGNAL_STRENGTH length:60
11-24 18:52:14.441   202   350 E RILC    : Send Response to RIL_SOCKET_1
11-24 18:52:14.443  1254  1254 D DefaultPhoneNotifier: notifySignalStrength: mRegistry=com.android.internal.telephony.ITelephonyRegistry$Stub$Proxy@34ea39c ss=SignalStrength: 99 0 -120 -160 -120 -1 -1 19 -102 -6 300 2147483647 2147483647 gsm|lte sender=Handler (com.android.internal.telephony.gsm.GSMPhone) {26a18439}
11-24 18:52:18.282   202   350 I RILC    : RIL_SOCKET_1 UNSOLICITED: UNSOL_SIGNAL_STRENGTH length:60
11-24 18:52:18.282   202   350 E RILC    : Send Response to RIL_SOCKET_1
11-24 18:52:18.284  1254  1254 D DefaultPhoneNotifier: notifySignalStrength: mRegistry=com.android.internal.telephony.ITelephonyRegistry$Stub$Proxy@34ea39c ss=SignalStrength: 99 0 -120 -160 -120 -1 -1 19 -101 -5 300 2147483647 2147483647 gsm|lte sender=Handler (com.android.internal.telephony.gsm.GSMPhone) {26a18439}
11-24 18:52:22.123   202   350 I RILC    : RIL_SOCKET_1 UNSOLICITED: UNSOL_SIGNAL_STRENGTH length:60
11-24 18:52:22.123   202   350 E RILC    : Send Response to RIL_SOCKET_1
11-24 18:52:22.124  1254  1254 D DefaultPhoneNotifier: notifySignalStrength: mRegistry=com.android.internal.telephony.ITelephonyRegistry$Stub$Proxy@34ea39c ss=SignalStrength: 99 0 -120 -160 -120 -1 -1 19 -102 -7 300 2147483647 2147483647 gsm|lte sender=Handler (com.android.internal.telephony.gsm.GSMPhone) {26a18439}
11-24 18:52:25.961   202   350 I RILC    : RIL_SOCKET_1 UNSOLICITED: UNSOL_SIGNAL_STRENGTH length:60
11-24 18:52:25.961   202   350 E RILC    : Send Response to RIL_SOCKET_1
11-24 18:52:25.963  1254  1254 D DefaultPhoneNotifier: notifySignalStrength: mRegistry=com.android.internal.telephony.ITelephonyRegistry$Stub$Proxy@34ea39c ss=SignalStrength: 99 0 -120 -160 -120 -1 -1 19 -102 -6 300 2147483647 2147483647 gsm|lte sender=Handler (com.android.internal.telephony.gsm.GSMPhone) {26a18439}
11-24 18:52:29.794   202   350 I RILC    : RIL_SOCKET_1 UNSOLICITED: UNSOL_SIGNAL_STRENGTH length:60
11-24 18:52:29.794   202   350 E RILC    : Send Response to RIL_SOCKET_1
11-24 18:52:29.794  1254  1254 D DefaultPhoneNotifier: notifySignalStrength: mRegistry=com.android.internal.telephony.ITelephonyRegistry$Stub$Proxy@34ea39c ss=SignalStrength: 99 0 -120 -160 -120 -1 -1 18 -102 -6 300 2147483647 2147483647 gsm|lte sender=Handler (com.android.internal.telephony.gsm.GSMPhone) {26a18439}
11-24 18:52:33.634   202   350 I RILC    : RIL_SOCKET_1 UNSOLICITED: UNSOL_SIGNAL_STRENGTH length:60
11-24 18:52:33.634   202   350 E RILC    : Send Response to RIL_SOCKET_1
11-24 18:52:33.635  1254  1254 D DefaultPhoneNotifier: notifySignalStrength: mRegistry=com.android.internal.telephony.ITelephonyRegistry$Stub$Proxy@34ea39c ss=SignalStrength: 99 0 -120 -160 -120 -1 -1 20 -102 -7 300 2147483647 2147483647 gsm|lte sender=Handler (com.android.internal.telephony.gsm.GSMPhone) {26a18439}
11-24 18:52:36.193   202   350 I RILC    : RIL_SOCKET_1 UNSOLICITED: UNSOL_SIGNAL_STRENGTH length:60
11-24 18:52:36.193   202   350 E RILC    : Send Response to RIL_SOCKET_1
11-24 18:52:36.194  1254  1254 D DefaultPhoneNotifier: notifySignalStrength: mRegistry=com.android.internal.telephony.ITelephonyRegistry$Stub$Proxy@34ea39c ss=SignalStrength: 99 0 -120 -160 -120 -1 -1 19 -102 -6 300 2147483647 2147483647 gsm|lte sender=Handler (com.android.internal.telephony.gsm.GSMPhone) {26a18439}
11-24 18:52:41.316   202   350 I RILC    : RIL_SOCKET_1 UNSOLICITED: UNSOL_SIGNAL_STRENGTH length:60
11-24 18:52:41.316   202   350 E RILC    : Send Response to RIL_SOCKET_1
