11-24 18:50:08.483  1254  1254 D CdmaDCT : [0]setupDataForSinglePdn: reason = null isDisconnected = true
11-24 18:50:08.483  1254  1254 D CdmaDCT : [0]isOnlySingleDcAllowed(0): false
11-24 18:50:08.483  1254  1254 D CdmaDCT : [0]cleanUpConnection: X tearDown=true reason=null apnContext={mApnType=supl mState=IDLE mWaitingApns={null} mWaitingApnsPermanentFailureCountDown=0 mApnSetting={null} mReason=null mDataEnabled=false mDependencyMet=true} dcac=null
11-24 18:50:08.483  1254  1254 D CdmaDCT : [0]cleanUpConnection: E tearDown=true reason=null apnContext={mApnType=ia mState=IDLE mWaitingApns={null} mWaitingApnsPermanentFailureCountDown=0 mApnSetting={null} mReason=null mDataEnabled=false mDependencyMet=true}
11-24 18:50:08.483  1254  1254 D CdmaDCT : [0]setupDataForSinglePdn: reason = null isDisconnected = true
11-24 18:50:08.484  1254  1254 D CdmaDCT : [0]isOnlySingleDcAllowed(0): false
11-24 18:50:08.484  1254  1254 D CdmaDCT : [0]cleanUpConnection: X tearDown=true reason=null apnContext={mApnType=ia mState=IDLE mWaitingApns={null} mWaitingApnsPermanentFailureCountDown=0 mApnSetting={null} mReason=null mDataEnabled=false mDependencyMet=true} dcac=null
11-24 18:50:08.485  1254  1254 D CdmaDCT : [0]cleanUpConnection: E tearDown=true reason=null apnContext={mApnType=dun mState=IDLE mWaitingApns={null} mWaitingApnsPermanentFailureCountDown=0 mApnSetting={null} mReason=null mDataEnabled=false mDependencyMet=true}
11-24 18:50:08.485  1254  1254 D CdmaDCT : [0]setupDataForSinglePdn: reason = null isDisconnected = true
11-24 18:50:08.485  1254  1254 D CdmaDCT : [0]isOnlySingleDcAllowed(0): false
11-24 18:50:08.485  1254  1254 D CdmaDCT : [0]cleanUpConnection: X tearDown=true reason=null apnContext={mApnType=dun mState=IDLE mWaitingApns={null} mWaitingApnsPermanentFailureCountDown=0 mApnSetting={null} mReason=null mDataEnabled=false mDependencyMet=true} dcac=null
11-24 18:50:08.485  1254  1254 D CdmaDCT : [0]cleanUpConnection: E tearDown=true reason=null apnContext={mApnType=hipri mState=IDLE mWaitingApns={null} mWaitingApnsPermanentFailureCountDown=0 mApnSetting={null} mReason=null mDataEnabled=false mDependencyMet=true}
11-24 18:50:08.485  1254  1254 D CdmaDCT : [0]setupDataForSinglePdn: reason = null isDisconnected = true
11-24 18:50:08.485  1254  1254 D CdmaDCT : [0]isOnlySingleDcAllowed(0): false
11-24 18:50:08.485  1254  1254 D CdmaDCT : [0]cleanUpConnection: X tearDown=true reason=null apnContext={mApnType=hipri mState=IDLE mWaitingApns={null} mWaitingApnsPermanentFailureCountDown=0 mApnSetting={null} mReason=null mDataEnabled=false mDependencyMet=true} dcac=null
11-24 18:50:08.485  1254  1254 D CdmaDCT : [0]cleanUpConnection: E tearDown=true reason=null apnContext={mApnType=ims mState=IDLE mWaitingApns={null} mWaitingApnsPermanentFailureCountDown=0 mApnSetting={null} mReason=null mDataEnabled=false mDependencyMet=true}
11-24 18:50:08.485  1254  1254 D CdmaDCT : [0]setupDataForSinglePdn: reason = null isDisconnected = true
11-24 18:50:08.485  1254  1254 D CdmaDCT : [0]isOnlySingleDcAllowed(0): false
11-24 18:50:08.485  1254  1254 D CdmaDCT : [0]cleanUpConnection: X tearDown=true reason=null apnContext={mApnType=ims mState=IDLE mWaitingApns={null} mWaitingApnsPermanentFailureCountDown=0 mApnSetting={null} mReason=null mDataEnabled=false mDependencyMet=true} dcac=null
11-24 18:50:08.485  1254  1254 D CdmaDCT : [0]stopNetStatPoll
11-24 18:50:08.494  1254  1254 D CdmaDCT : [0]stopDataStallAlarm: current tag=19455 mDataStallAlarmIntent=null
11-24 18:50:08.494  1254  1254 D CdmaDCT : [0]cleanUpConnection: mDisconnectPendingCount = 0
11-24 18:50:08.494  1254  1254 D CdmaDCT : [0]notifyDataDisconnectComplete
11-24 18:50:08.495  1254  1254 D CdmaDCT : [0]DCT.dispose
11-24 18:50:08.511  1254  1254 D Dcc     : dispose: call quiteNow()
11-24 18:50:08.520  1254  1254 D CdmaDCT : [0]destroyDataConnections: clear mDataConnectionList
11-24 18:50:08.520  1254  1254 D CdmaSST : [CdmaLteSST] ServiceStateTracker dispose
11-24 18:50:08.520  1254  1254 D CdmaSST : [CdmaLteSST] unregisterForRuimEvents
11-24 18:50:08.524  1254  1254 D RIL_ImsSms: In IMS updatePhoneObject 
11-24 18:50:08.524  1254  1254 D SMSDispatcher: Active phone changed to GSM
11-24 18:50:08.524  1254  1254 D SMSDispatcher: Active phone changed to GSM
11-24 18:50:08.524  1254  1254 D SMSDispatcher: Active phone changed to GSM
11-24 18:50:08.525  1254  1513 D GsmInboundSmsHandler: IdleState.processMessage:7
11-24 18:50:08.525  1254  1254 D IccCardProxy: Setting radio tech UMTS
11-24 18:50:08.525  1254  1513 D GsmInboundSmsHandler: Idle state processing message type 7
11-24 18:50:08.525  1254  1254 D IccCardProxy: updateQuietMode: 3GPP subscription -> newQuietMode=false
11-24 18:50:08.525  1254  1254 D IccCardProxy: updateQuietMode: no changes don't setExternalState
11-24 18:50:08.525  1254  1254 D IccCardProxy: updateQuietMode: QuietMode is false (app_type=1 cdmaSource=-1)
11-24 18:50:08.525  1254  1254 D IccCardProxy: updateActiveRecord app type = 1mIccRecords = null
11-24 18:50:08.526  1254  1513 D GsmInboundSmsHandler: onUpdatePhoneObject: phone=GSMPhone
11-24 18:50:08.526  1254  1513 D GsmInboundSmsHandler: onUpdatePhoneObject: dispose of old CellBroadcastHandler and make a new one
11-24 18:50:08.527  1254  1533 D CdmaInboundSmsHandler: IdleState.processMessage:7
11-24 18:50:08.527  1254  1533 D CdmaInboundSmsHandler: Idle state processing message type 7
11-24 18:50:08.527  1254  1533 D CdmaInboundSmsHandler: onUpdatePhoneObject: phone=GSMPhone
11-24 18:50:08.528  1254  1525 D CellBroadcastHandler: updatePhoneObject: phone=GSMPhone
11-24 18:50:08.547  1254  1508 D GsmCellBroadcastHandler: acquired wakelock, leaving Idle state
11-24 18:50:08.548  1254  1254 D DctController: updatePhoneBaseForIndex for phone index=0
11-24 18:50:08.549  1254  1254 D DctController: unregister TelephonyNetworkFactory for phone index=0
11-24 18:50:08.553  1254  1254 D DctController: [TNF 1]NetworkCapabilities: [ Transports: CELLULAR Capabilities: MMS&SUPL&DUN&FOTA&IMS&CBS&IA&RCS&XCAP&EIMS&INTERNET&NOT_RESTRICTED&TRUSTED&NOT_VPN]
11-24 18:50:08.560  1254  1559 D DctController: [TNF 1]got request NetworkRequest [ id=1, legacyType=-1, [ Capabilities: INTERNET&NOT_RESTRICTED&TRUSTED&NOT_VPN] ] with score 0
11-24 18:50:08.560  1254  1559 D DctController: [TNF 1]Cellular needs Network for NetworkRequest [ id=1, legacyType=-1, [ Capabilities: INTERNET&NOT_RESTRICTED&TRUSTED&NOT_VPN] ]
11-24 18:50:08.561  1254  1559 D SubscriptionController: [getActiveSubInfoList]+
11-24 18:50:08.562  1254  1559 D SubscriptionController: selection:sim_id>=0 null
11-24 18:50:08.592  1254  1559 D TelephonyManager: getTelephonyProperty: return propVal='null' phoneId=0 property='gsm.sim.operator.iso-country' defaultVal='' prop=
11-24 18:50:08.592  1254  1559 D SubscriptionController: [getSubInfoRecord] id:1 iccid:DUMMY_NV_ID simSlotIndex:0 displayName:CARD 1 nameSource:0 iconTint:-16746133 dataRoaming:0 mcc:460 mnc:1 countIso: status:1 nwMode:10
11-24 18:50:08.594  1254  1254 E CdmaSST : [CdmaLteSST] Received message { when=-1s265ms what=24 obj=android.os.AsyncResult@807318 target=com.android.internal.telephony.cdma.CdmaLteServiceStateTracker }[24] while being destroyed. Ignoring.
11-24 18:50:08.594  1254  1254 E CdmaSST : [CdmaLteSST] Received message { when=-1s266ms what=24 obj=android.os.AsyncResult@36528171 target=com.android.internal.telephony.cdma.CdmaLteServiceStateTracker }[24] while being destroyed. Ignoring.
11-24 18:50:08.594  1254  1254 D CdmaSSM : CDMA_SUBSCRIPTION_SOURCE event = 2
11-24 18:50:08.594  1254  1254 W CdmaSSM : Unable to get CDMA Subscription Source, Exception: com.android.internal.telephony.CommandException: GENERIC_FAILURE, result: null
11-24 18:50:08.594  1254  1254 E CdmaSST : [CdmaLteSST] Received message { when=-1s249ms what=25 obj=android.os.AsyncResult@12f7bb56 target=com.android.internal.telephony.cdma.CdmaLteServiceStateTracker }[25] while being destroyed. Ignoring.
11-24 18:50:08.595  1254  1254 E CdmaSST : [CdmaLteSST] Received message { when=-1s249ms what=5 obj=android.os.AsyncResult@91327d7 target=com.android.internal.telephony.cdma.CdmaLteServiceStateTracker }[5] while being destroyed. Ignoring.
11-24 18:50:08.595  1254  1254 E RIL_ImsSms: IMS State query failed with exp com.android.internal.telephony.CommandException: GENERIC_FAILURE
11-24 18:50:08.595  1254  1254 D use-Rlog/RLOG-CDMA: Ignore CDMA msgs since CDMA phone is inactive
11-24 18:50:08.595  1254  1254 D use-Rlog/RLOG-CDMA: Ignore CDMA msgs since CDMA phone is inactive
11-24 18:50:08.595  1254  1254 D use-Rlog/RLOG-CDMA: Ignore CDMA msgs since CDMA phone is inactive
11-24 18:50:08.595  1254  1254 D use-Rlog/RLOG-CDMA: Ignore CDMA msgs since CDMA phone is inactive
11-24 18:50:08.595  1254  1254 E CdmaSST : [CdmaLteSST] Received message { when=-1s160ms what=25 obj=android.os.AsyncResult@1a95a8c4 target=com.android.internal.telephony.cdma.CdmaLteServiceStateTracker }[25] while being destroyed. Ignoring.
11-24 18:50:08.595  1254  1254 E CdmaSST : [CdmaLteSST] Received message { when=-1s133ms what=24 obj=android.os.AsyncResult@36bcc3ad target=com.android.internal.telephony.cdma.CdmaLteServiceStateTracker }[24] while being destroyed. Ignoring.
11-24 18:50:08.595  1254  1254 E CdmaSST : [CdmaLteSST] Received message { when=-1s133ms what=5 obj=android.os.AsyncResult@16cc36e2 target=com.android.internal.telephony.cdma.CdmaLteServiceStateTracker }[5] while being destroyed. Ignoring.
11-24 18:50:08.595  1254  1254 D SIMRecords: [SIMRecords] IMSI: mMncLength=-1
11-24 18:50:08.595  1254  1254 D SIMRecords: [SIMRecords] IMSI: 460011xxxxxxx
11-24 18:50:08.595  1254  1254 D SIMRecords: [SIMRecords] isAppStateReady : appState = APPSTATE_READY
11-24 18:50:08.595  1254  1254 D SIMRecords: [SIMRecords] onRecordLoaded 17 requested: true
11-24 18:50:08.596  1254  1254 D RILJ    : [3709]> iccIO: SIM_IO 0xb0 0x2fe2  path: 3F00,0,0,10 aid: a0000000871002ff86ffff89ffffffff [SUB0]
11-24 18:50:08.599  1254  1559 D SubscriptionController: [getActiveSubInfoList]- 1 infos return
11-24 18:50:08.599  1254  1559 D SubscriptionController: [getActiveSubInfoForSubscriber]+ subId=1 subInfo={id=1, iccId=DUMMY_NV_ID simSlotIndex=0 displayName=CARD 1 carrierName=No service. nameSource=0 iconTint=-16746133 dataRoaming=0 iconBitmap=android.graphics.Bitmap@2786a73 mcc 460 mnc 1 mSubStatus=1 mNwMode=10}
11-24 18:50:08.600  1254  1559 D DctController: [TNF 1]subController = com.android.internal.telephony.SubscriptionController@5a68d30
11-24 18:50:08.600  1254  1559 E SubscriptionController: Exception e = java.lang.NumberFormatException: Invalid int: "null"
11-24 18:50:08.600  1254  1559 D DctController: [TNF 1]CurrentDds = 1
11-24 18:50:08.600  1254  1559 D DctController: [TNF 1]mySubId = 1
11-24 18:50:08.601  1254  1559 D DctController: [TNF 1]Requested networkSpecifier = 1
11-24 18:50:08.601  1254  1559 D DctController: [TNF 1]my networkSpecifier = null
11-24 18:50:08.601  1254  1559 D DctController: [TNF 1]Is the request for Internet = true
11-24 18:50:08.601  1254  1559 D DctController: [TNF 1]Activating internet request on subId = 1
11-24 18:50:08.601  1254  1559 D DctController: requestNetwork request=NetworkRequest [ id=1, legacyType=-1, [ Capabilities: INTERNET&NOT_RESTRICTED&TRUSTED&NOT_VPN] ], priority=0
11-24 18:50:08.602  1254  1559 D DctController: processRequests
11-24 18:50:08.602  1254  1559 D DctController: handleMessage msg={ when=-1ms what=100 target=com.android.internal.telephony.dataconnection.DctController }
11-24 18:50:08.602  1254  1559 D DctController: selectExecPhone requestInfo = [ request=NetworkRequest [ id=1, legacyType=-1, [ Capabilities: INTERNET&NOT_RESTRICTED&TRUSTED&NOT_VPN] ], executed=false, priority=0]
11-24 18:50:08.602  1254  1559 D DctController: getTopPriorityRequestPhoneId = 0, priority = 0
11-24 18:50:08.604  1254  1559 D DcSwitchAsyncChannel: [DcSwitchAsyncChannel-0]: rspIsIdle=true
11-24 18:50:08.604  1254  1559 D DctController: onProcessRequest phoneId=0, activePhoneId=-1
11-24 18:50:08.610  1254  1254 D RILJ    : [3710]> iccIO: SIM_IO 0xb2 0x6f40  path: 3F007FFF,1,4,28 aid: a0000000871002ff86ffff89ffffffff [SUB0]
11-24 18:50:08.612  1254  1525 D CellBroadcastHandler: mWakeLock released
11-24 18:50:08.614  1254  1561 D DcSwitchSM: [DcSwitchStateMachine-0] IdleState: REQ_CONNECT
11-24 18:50:08.614  1254  1561 D RILJ    : [3711]> RIL_REQUEST_ALLOW_DATA true [SUB0]
11-24 18:50:08.622   202   350 D RILC    : RequestComplete, RIL_SOCKET_1
11-24 18:50:08.622   202   350 E RILC    : Send Response to RIL_SOCKET_1
11-24 18:50:08.622  1254  1561 D DcSwitchSM: [DcSwitchStateMachine-0] Setting default DDS on 1 primary Sub featurefalse
11-24 18:50:08.622  1254  1428 D RILJ    : [3709]< SIM_IO IccIoResponse sw1:0x90 sw2:0x0 [SUB0]
11-24 18:50:08.622  1254  1561 D SubscriptionController: [setDefaultDataSubId] subId=1
11-24 18:50:08.623  1254  1561 D DdsScheduler: mCurrentDds = 2147483643
11-24 18:50:08.623  1254  1561 D SubscriptionController: getPhoneId,  received dummy subId 2147483643
11-24 18:50:08.623  1254  1561 D DctController: setDefaultDataSubId reqSubId :1 reqPhoneId = 0
11-24 18:50:08.623   202   334 D RILC    : RequestComplete, RIL_SOCKET_1
11-24 18:50:08.623   202   334 E RILC    : Send Response to RIL_SOCKET_1
11-24 18:50:08.624  1254  1561 D DctController: setDefaultDataSubId for default DDS, skip PS detach on DDS subs
11-24 18:50:08.624  1254  1428 D RilRequest: [3711]< RIL_REQUEST_ALLOW_DATA error: com.android.internal.telephony.CommandException: REQUEST_NOT_SUPPORTED ret=
11-24 18:50:08.624  1254  1559 D DcSwitchAsyncChannel: [DcSwitchAsyncChannel-0]: rspConnect=1
11-24 18:50:08.624  1254  1561 D DcSwitchSM: [DcSwitchStateMachine-0] AttachingState: enter
11-24 18:50:08.624  1254  1559 D DctController: handleMessage msg={ when=-1ms what=4 obj=android.os.AsyncResult@a0eeda9 target=com.android.internal.telephony.dataconnection.DctController }
11-24 18:50:08.624  1254  1559 D DctController: EVENT_ALL_DATA_DISCONNECTED switchInfo :SwitchInfo[phoneId = 0, NetworkRequest =null, isDefaultSwitchRequested = true, isOnDemandPsAttachRequested = false, RetryCount = 0 isLegacySetDds = true
11-24 18:50:08.624  1254  1559 D DctController: OemHookDds service not ready yet
11-24 18:50:08.624  1254  1559 D GsmDCT  : [0]setDataAllowed: enable=true
11-24 18:50:08.624  1254  1559 D RILJ    : [3712]> RIL_REQUEST_ALLOW_DATA true [SUB0]
11-24 18:50:08.624  1254  1254 D UiccCarrierPrivilegeRules: EVENT_OPEN_LOGICAL_CHANNEL_DONE
11-24 18:50:08.625  1254  1254 E UiccCarrierPrivilegeRules: Error opening channel
11-24 18:50:08.625  1254  1254 D PhoneProxy: [PhoneProxy] phoneObjectUpdater: newVoiceRadioTech=0
11-24 18:50:08.625  1254  1254 D PhoneProxy: [PhoneProxy] phoneObjectUpdater: volteReplacementRat=0
11-24 18:50:08.630   202   334 D RILC    : RequestComplete, RIL_SOCKET_1
11-24 18:50:08.630   202   334 E RILC    : Send Response to RIL_SOCKET_1
11-24 18:50:08.631  1254  1428 D RilRequest: [3712]< RIL_REQUEST_ALLOW_DATA error: com.android.internal.telephony.CommandException: REQUEST_NOT_SUPPORTED ret=
11-24 18:50:08.632  1254  1559 D DctController: handleMessage msg={ when=0 what=2 obj=android.os.AsyncResult@e7adf2e target=com.android.internal.telephony.dataconnection.DctController }
11-24 18:50:08.632  1254  1559 D DctController: EVENT_SET_DATA_ALLOWED_DONE  phoneId :1, switchInfo = SwitchInfo[phoneId = 0, NetworkRequest =null, isDefaultSwitchRequested = true, isOnDemandPsAttachRequested = false, RetryCount = 0
11-24 18:50:08.632  1254  1559 D DctController: Failed, switchInfo = SwitchInfo[phoneId = 0, NetworkRequest =null, isDefaultSwitchRequested = true, isOnDemandPsAttachRequested = false, RetryCount = 0 attempt delayed retry
11-24 18:50:08.633  1254  1254 E PhoneProxy: [PhoneProxy] phoneObjectUpdater: newVoiceRadioTech=0 doesn't match either CDMA or GSM - error! No phone change
11-24 18:50:08.633  1254  1254 D CAT     : CatService: handleMessage[2]
11-24 18:50:08.633  1254  1254 D CAT     : CatService: ril message arrived,slotid:0
11-24 18:50:08.638  1254  1666 D CAT     : CommandParamsFactory: process SelectItem
11-24 18:50:08.645  1254  1254 E CdmaSST : [CdmaLteSST] Received message { when=-918ms what=14 obj=android.os.AsyncResult@25e53acf target=com.android.internal.telephony.cdma.CdmaLteServiceStateTracker }[14] while being destroyed. Ignoring.
11-24 18:50:08.650  1254  1254 E CdmaSST : [CdmaLteSST] Received message { when=-911ms what=25 obj=android.os.AsyncResult@59f4c5c target=com.android.internal.telephony.cdma.CdmaLteServiceStateTracker }[25] while being destroyed. Ignoring.
11-24 18:50:08.650  1254  1254 E CdmaSST : [CdmaLteSST] Received message { when=-907ms what=24 obj=android.os.AsyncResult@193fbb65 target=com.android.internal.telephony.cdma.CdmaLteServiceStateTracker }[24] while being destroyed. Ignoring.
11-24 18:50:08.650  1254  1254 E CdmaSST : [CdmaLteSST] Received message { when=-907ms what=36 obj=android.os.AsyncResult@59c03a target=com.android.internal.telephony.cdma.CdmaLteServiceStateTracker }[36] while being destroyed. Ignoring.
11-24 18:50:08.650  1254  1254 E CdmaSST : [CdmaLteSST] Received message { when=-906ms what=5 obj=android.os.AsyncResult@25a4b4eb target=com.android.internal.telephony.cdma.CdmaLteServiceStateTracker }[5] while being destroyed. Ignoring.
11-24 18:50:08.654  1254  1543 D CdmaServiceCategoryProgramHandler: mWakeLock released
11-24 18:50:08.658   202   350 D RILC    : RequestComplete, RIL_SOCKET_1
11-24 18:50:08.658   202   350 E RILC    : Send Response to RIL_SOCKET_1
11-24 18:50:08.660  1254  1428 D RILJ    : [3710]< SIM_IO IccIoResponse sw1:0x90 sw2:0x0 [SUB0]
11-24 18:50:08.663  1254  1254 D SubscriptionController: getPhoneId,  received dummy subId 2147483643
11-24 18:50:08.664  1254  1254 D RILJ    : [3713]> iccIO: SIM_IO 0xb0 0x6fad  path: 3F007FFF,0,0,4 aid: a0000000871002ff86ffff89ffffffff [SUB0]
11-24 18:50:08.666  1254  1254 E CdmaSST : [CdmaLteSST] Received message { when=-918ms what=34 obj=android.os.AsyncResult@f02d248 target=com.android.internal.telephony.cdma.CdmaLteServiceStateTracker }[34] while being destroyed. Ignoring.
11-24 18:50:08.668  1254  1254 D SubscriptionController: getPhoneId,  received dummy subId 2147483643
11-24 18:50:08.670  1254  1254 D RILJ    : [3714]> iccIO: SIM_IO 0xb0 0x6f46  path: 3F007FFF,0,0,17 aid: a0000000871002ff86ffff89ffffffff [SUB0]
11-24 18:50:08.672  1254  1254 D RILJ    : [3715]> iccIO: SIM_IO 0xb2 0x6fc5  path: 3F007FFF,1,4,14 aid: a0000000871002ff86ffff89ffffffff [SUB0]
11-24 18:50:08.674  1254  1254 D RILJ    : [3716]> iccIO: SIM_IO 0xb0 0x6f38  path: 3F007FFF,0,0,10 aid: a0000000871002ff86ffff89ffffffff [SUB0]
11-24 18:50:08.675   202   350 D RILC    : RequestComplete, RIL_SOCKET_1
11-24 18:50:08.675   202   350 E RILC    : Send Response to RIL_SOCKET_1
11-24 18:50:08.675  1254  1428 D RILJ    : [3713]< SIM_IO IccIoResponse sw1:0x90 sw2:0x0 [SUB0]
11-24 18:50:08.686  1254  1254 D RILJ    : [3717]> iccIO: SIM_IO 0xb0 0x6f3e  path: 3F007FFF,0,0,1 aid: a0000000871002ff86ffff89ffffffff [SUB0]
11-24 18:50:08.691  1254  1254 D DctController: Settings change
11-24 18:50:08.691   202   350 D RILC    : RequestComplete, RIL_SOCKET_1
11-24 18:50:08.691   202   350 E RILC    : Send Response to RIL_SOCKET_1
11-24 18:50:08.692  1254  1428 D RILJ    : [3714]< SIM_IO IccIoResponse sw1:0x90 sw2:0x0 [SUB0]
11-24 18:50:08.692  1254  1254 D DcSwitchAsyncChannel: [DcSwitchAsyncChannel-0]: rspIsIdle=false
11-24 18:50:08.693  1254  1254 D DctController: onSettingsChange, data sub: 1, active data sub: 1
11-24 18:50:08.693  1254  1254 D DctController: [TNF 1]evalPendingRequest, pending request size is 0
11-24 18:50:08.693  1254  1254 D DctController: processRequests
11-24 18:50:08.694  1254  1559 D DctController: handleMessage msg={ when=0 what=100 target=com.android.internal.telephony.dataconnection.DctController }
11-24 18:50:08.694  1254  1254 D RILJ    : [3718]> iccIO: SIM_IO 0xb0 0x6f05  path: 3F007FFF,0,0,4 aid: a0000000871002ff86ffff89ffffffff [SUB0]
11-24 18:50:08.694  1254  1559 D DctController: selectExecPhone requestInfo = [ request=NetworkRequest [ id=1, legacyType=-1, [ Capabilities: INTERNET&NOT_RESTRICTED&TRUSTED&NOT_VPN] ], executed=false, priority=0]
11-24 18:50:08.694  1254  1559 D DctController: getTopPriorityRequestPhoneId = 0, priority = 0
11-24 18:50:08.696  1254  1254 D RILJ    : [3719]> iccIO: SIM_IO 0xb0 0x2f05  path: 3F00,0,0,4 aid: a0000000871002ff86ffff89ffffffff [SUB0]
11-24 18:50:08.697  1254  1559 D DcSwitchAsyncChannel: [DcSwitchAsyncChannel-0]: rspIsIdle=false
11-24 18:50:08.697  1254  1559 D DctController: onProcessRequest phoneId=0, activePhoneId=0
11-24 18:50:08.697   202   350 D RILC    : RequestComplete, RIL_SOCKET_1
11-24 18:50:08.697   202   350 E RILC    : Send Response to RIL_SOCKET_1
11-24 18:50:08.697  1254  1561 D DcSwitchSM: [DcSwitchStateMachine-0] AttachingState: REQ_CONNECT
11-24 18:50:08.698  1254  1559 D DcSwitchAsyncChannel: [DcSwitchAsyncChannel-0]: rspConnect=1
11-24 18:50:08.698  1254  1428 D RILJ    : [3715]< SIM_IO IccIoResponse sw1:0x90 sw2:0x0 [SUB0]
11-24 18:50:08.701   202   350 D RILC    : RequestComplete, RIL_SOCKET_1
11-24 18:50:08.702   202   350 E RILC    : Send Response to RIL_SOCKET_1
11-24 18:50:08.702  1254  1428 D RILJ    : [3716]< SIM_IO IccIoResponse sw1:0x90 sw2:0x0 [SUB0]
11-24 18:50:08.715  1254  1254 D RILJ    : [3720]> iccIO: SIM_IO 0xb0 0x2fe2  path: 3F00,0,0,10 aid: a0000000871002ff86ffff89ffffffff [SUB0]
11-24 18:50:08.727   202   350 D RILC    : RequestComplete, RIL_SOCKET_1
11-24 18:50:08.727   202   350 E RILC    : Send Response to RIL_SOCKET_1
11-24 18:50:08.728  1254  1428 D RILJ    : [3717]< SIM_IO IccIoResponse sw1:0x90 sw2:0x0 [SUB0]
11-24 18:50:08.731  1254  1254 D CdmaSST : [CdmaLteSST] SubscriptionListener.onSubscriptionInfoChanged
11-24 18:50:08.731  1254  1254 D CdmaDCT : [0]SubscriptionListener.onSubscriptionInfoChanged
11-24 18:50:08.735  1254  1254 D DctController: onSubInfoReady mPhoneNum=1
11-24 18:50:08.736  1254  1254 D DctController: onSubInfoReady handle pending requests subId=1
11-24 18:50:08.739  1254  1254 D DctController: [TNF 1]evalPendingRequest, pending request size is 0
11-24 18:50:08.739  1254  1254 D DctController: processRequests
11-24 18:50:08.740  1254  1559 D DctController: handleMessage msg={ when=0 what=100 target=com.android.internal.telephony.dataconnection.DctController }
11-24 18:50:08.740  1254  1559 D DctController: selectExecPhone requestInfo = [ request=NetworkRequest [ id=1, legacyType=-1, [ Capabilities: INTERNET&NOT_RESTRICTED&TRUSTED&NOT_VPN] ], executed=false, priority=0]
11-24 18:50:08.740  1254  1559 D DctController: getTopPriorityRequestPhoneId = 0, priority = 0
11-24 18:50:08.745  1254  1513 D GsmInboundSmsHandler: IdleState.processMessage:5
11-24 18:50:08.745  1254  1513 D GsmInboundSmsHandler: Idle state processing message type 5
11-24 18:50:08.746  1254  1533 D CdmaInboundSmsHandler: IdleState.processMessage:5
11-24 18:50:08.746  1254  1533 D CdmaInboundSmsHandler: Idle state processing message type 5
11-24 18:50:08.746  1254  1559 D DcSwitchAsyncChannel: [DcSwitchAsyncChannel-0]: rspIsIdle=false
11-24 18:50:08.746  1254  1559 D DctController: onProcessRequest phoneId=0, activePhoneId=0
11-24 18:50:08.747  1254  1561 D DcSwitchSM: [DcSwitchStateMachine-0] AttachingState: REQ_CONNECT
11-24 18:50:08.748  1254  1559 D DcSwitchAsyncChannel: [DcSwitchAsyncChannel-0]: rspConnect=1
11-24 18:50:08.749  1254  1533 D CdmaInboundSmsHandler: mWakeLock released
11-24 18:50:08.749   202   350 D RILC    : RequestComplete, RIL_SOCKET_1
11-24 18:50:08.749   202   350 E RILC    : Send Response to RIL_SOCKET_1
11-24 18:50:08.749  1254  1513 D GsmInboundSmsHandler: mWakeLock released
11-24 18:50:08.755  1254  1428 D RILJ    : [3718]< SIM_IO IccIoResponse sw1:0x90 sw2:0x0 [SUB0]
11-24 18:50:08.760   202   350 D RILC    : RequestComplete, RIL_SOCKET_1
11-24 18:50:08.760   202   350 E RILC    : Send Response to RIL_SOCKET_1
11-24 18:50:08.766  1254  1428 D RILJ    : [3719]< SIM_IO IccIoResponse sw1:0x90 sw2:0x0 [SUB0]
11-24 18:50:08.766   202   350 D RILC    : RequestComplete, RIL_SOCKET_1
11-24 18:50:08.766   202   350 E RILC    : Send Response to RIL_SOCKET_1
11-24 18:50:08.767  1254  1428 D RILJ    : [3720]< SIM_IO IccIoResponse sw1:0x90 sw2:0x0 [SUB0]
11-24 18:50:08.782  1254  1254 D TelephonyManager: getTelephonyProperty: return propVal='null' phoneId=0 property='gsm.operator.alpha' defaultVal='' prop=
11-24 18:50:08.848  1254  1254 E PhoneBase: Error! registerForCallWaiting() in PhoneBase should not be called, CDMAPhone inactive.
11-24 18:50:08.903  1254  1254 D ModemStackController: Received ACTION_SUBINFO_CONTENT_CHANGE on subId: -1for null intValue: 0
11-24 18:50:08.904  1254  1254 D DctController: got ACTION_SUBINFO_RECORD_UPDATED
11-24 18:50:08.905  1254  1254 D DctController: [TNF 1]update networkCapabilites for subId = 1
11-24 18:50:08.905  1254  1254 D SubscriptionController: [getActiveSubInfoList]+
11-24 18:50:08.906  1254  1254 D SubscriptionController: selection:sim_id>=0 null
11-24 18:50:08.926  1254  1254 D TelephonyManager: getTelephonyProperty: return propVal='null' phoneId=0 property='gsm.sim.operator.iso-country' defaultVal='' prop=
11-24 18:50:08.926  1254  1254 D SubscriptionController: [getSubInfoRecord] id:1 iccid:DUMMY_NV_ID simSlotIndex:0 displayName:CARD 1 nameSource:0 iconTint:-16746133 dataRoaming:0 mcc:460 mnc:1 countIso: status:1 nwMode:10
11-24 18:50:08.930  1254  1254 D SubscriptionController: [getActiveSubInfoList]- 1 infos return
11-24 18:50:08.931  1254  1254 D SubscriptionController: [getActiveSubInfoForSubscriber]+ subId=1 subInfo={id=1, iccId=DUMMY_NV_ID simSlotIndex=0 displayName=CARD 1 carrierName=No service. nameSource=0 iconTint=-16746133 dataRoaming=0 iconBitmap=android.graphics.Bitmap@3c2f21d mcc 460 mnc 1 mSubStatus=1 mNwMode=10}
11-24 18:50:08.931  1254  1254 D DctController: [TNF 1]INTERNET capability is with subId = 1
11-24 18:50:08.932  1254  1254 D SubscriptionController: registerForOnDemandDdsLockNotification for client=1
11-24 18:50:08.932  1254  1254 D DctController: [TNF 1]Ready to handle network requests
11-24 18:50:08.937  1254  1254 E IccCardProxy: setExternalState: set mPhoneId=0 mExternalState=NOT_READY
11-24 18:50:08.937  1254  1254 D TelephonyManager: setTelephonyProperty: success phoneId=0 property=gsm.sim.state value: NOT_READY propVal=NOT_READY
11-24 18:50:08.938  1254  1254 D IccCardProxy: broadcastIccStateChangedIntent intent ACTION_SIM_STATE_CHANGED value=NOT_READY reason=null for mPhoneId=0
11-24 18:50:08.941  1254  1254 D SimPhoneBookIM: [SimPbInterfaceManager] Card update received: com.android.internal.telephony.uicc.UiccCard@12362864
11-24 18:50:08.941  1254  1254 D SimPhoneBookIM: [SimPbInterfaceManager] Card is 3G
11-24 18:50:08.942  1254  1254 D SimPhoneBookIM: [SimPbInterfaceManager] Setting currentApp: com.android.internal.telephony.uicc.UiccCardApplication@f5a4ea3
11-24 18:50:08.942  1254  1254 D GSMPhone: [GSMPhone] New Uicc application found
11-24 18:50:08.942  1254  1254 D SIMRecords: [SIMRecords] registerForRecordsLoaded, not notifying the registrant immediately
11-24 18:50:08.942  1254  1254 D RILJ    : [3721]> GET_CURRENT_CALLS [SUB0]
11-24 18:50:08.956  1254  1254 D GsmSST  : [GsmSST] New card found
11-24 18:50:08.956  1254  1254 D UiccCardApplication: Notifying 1 registrant: READY
11-24 18:50:08.957  1254  1254 D SIMRecords: [SIMRecords] registerForRecordsLoaded, not notifying the registrant immediately
11-24 18:50:08.957   202   334 I RILQ    : (0/202):RIL[0][main] qcril_qmi_get_call_list_to_send: RILVI: calls rep: reported/skipped 0/0 calls
11-24 18:50:08.958  1254  1254 D GsmSST  : [GsmSST] SubscriptionListener.onSubscriptionInfoChanged
11-24 18:50:08.958   202   334 D RILC    : RequestComplete, RIL_SOCKET_1
11-24 18:50:08.958   202   334 E RILC    : Send Response to RIL_SOCKET_1
11-24 18:50:08.958  1254  1254 D GsmSST  : [GsmSST] mDeviceShuttingDown = false
11-24 18:50:08.958  1254  1254 D GsmSST  : [GsmSST] mDesiredPowerState = true
11-24 18:50:08.958  1254  1254 D GsmSST  : [GsmSST] getRadioState = RADIO_ON
11-24 18:50:08.958  1254  1254 D GsmSST  : [GsmSST] mPowerOffDelayNeed = true
11-24 18:50:08.958  1254  1254 D GsmSST  : [GsmSST] mAlarmSwitch = false
11-24 18:50:08.959  1254  1428 D RILJ    : [3721]< GET_CURRENT_CALLS   [SUB0]
11-24 18:50:08.959  1254  1254 D RILJ    : [3722]> OPERATOR [SUB0]
11-24 18:50:08.965  1254  1254 D RILJ    : [3723]> DATA_REGISTRATION_STATE [SUB0]
11-24 18:50:08.967   202  1747 D RILC    : RequestComplete, RIL_SOCKET_1
11-24 18:50:08.967   202  1747 E RILC    : Send Response to RIL_SOCKET_1
11-24 18:50:08.968  1254  1254 D RILJ    : [3724]> VOICE_REGISTRATION_STATE [SUB0]
11-24 18:50:08.968  1254  1428 D RILJ    : [3722]< OPERATOR {null, null, null} [SUB0]
11-24 18:50:08.971  1254  1254 D RILJ    : [3725]> QUERY_NETWORK_SELECTION_MODE [SUB0]
11-24 18:50:08.973  1254  1254 D GsmDCT  : [0]handleMessage msg={ when=-598ms what=270369 obj=android.os.AsyncResult@1f341c92 target=com.android.internal.telephony.dataconnection.DcTracker }
11-24 18:50:08.973  1254  1254 D SIMRecords: [SIMRecords] getSIMOperatorNumeric: bad mncLength
11-24 18:50:08.973  1254  1254 D GsmDCT  : [0]updateSimRecords: newSimRecords = SimRecords: mDestroyed=false mContext=com.android.phone.PhoneGlobals@2047205d mCi=com.android.internal.telephony.RIL@3cd3d9e6 mFh=Handler (com.android.internal.telephony.uicc.UsimFileHandler) {f134dd2} mParentApp=com.android.internal.telephony.uicc.UiccCardApplication@f5a4ea3 mSpnOverride=mSpnOverride recordsLoadedRegistrants=android.os.RegistrantList@27b55a0 mImsiReadyRegistrants=android.os.RegistrantList@3c5a6559 mRecordsEventsRegistrants=android.os.RegistrantList@3934751e mNewSmsRegistrants=android.os.RegistrantList@a3931ff mNetworkSelectionModeAutomaticRegistrants=android.os.RegistrantList@31d02bcc recordsToLoad=17 adnCache=Handler (com.android.internal.telephony.uicc.AdnRecordCache) {ec2fe15} recordsRequested=true iccid=null msisdnTag=null voiceMailNum=null voiceMailTag=null newVoiceMailNum=null newVoiceMailTag=null isVoiceMailFixed=false mImsi=460011952973996 mncLength=-1 mailboxIndex=0 spn=null mVmConfigcom.android.internal.telephony.uicc.VoiceMailConstants@baec52a callForwardingEnabled=false spnState=READ_SPN_3GPP mCphsInfo=null mCspPlmnEnabled=true efMWIS=null efCPHS_MWI=null mEfCff=null mEfCfis=null getOperatorNumeric=null
11-24 18:50:08.973  1254  1254 D GsmDCT  : [0]onUpdateIcc: newIccRecords null
11-24 18:50:08.974  1254  1254 D GsmDCT  : [0]SubscriptionListener.onSubscriptionInfoChanged
11-24 18:50:08.975  1254  1254 D GsmDCT  : [0]handleMessage msg={ when=-587ms what=270337 obj=android.os.AsyncResult@14d0d663 target=com.android.internal.telephony.dataconnection.DcTracker }
11-24 18:50:08.975  1254  1254 D GsmDCT  : [0]onRadioAvailable
11-24 18:50:08.975  1254  1254 D GsmDCT  : [0]overall state is IDLE
11-24 18:50:08.976  1254  1254 D GsmDCT  : [0]handleMessage msg={ when=-587ms what=270345 obj=android.os.AsyncResult@31cfa260 target=com.android.internal.telephony.dataconnection.DcTracker }
11-24 18:50:08.976  1254  1254 D GsmDCT  : [0]onDataConnectionDetached: stop polling and notify detached
11-24 18:50:08.976  1254  1254 D GsmDCT  : [0]stopNetStatPoll
11-24 18:50:08.977   202  1748 D RILC    : RequestComplete, RIL_SOCKET_1
11-24 18:50:08.977   202  1748 E RILC    : Send Response to RIL_SOCKET_1
11-24 18:50:08.978  1254  1428 D RILJ    : [3723]< DATA_REGISTRATION_STATE {0, null, null, null, 0, 20, null, 446, 2929439, null, null} [SUB0]
11-24 18:50:08.980  1254  1254 D GsmDCT  : [0]stopDataStallAlarm: current tag=22636 mDataStallAlarmIntent=null
11-24 18:50:08.980  1254  1254 D GsmDCT  : [0]notifyDataConnection: reason=dataDetached
11-24 18:50:08.980   202  1750 D RILC    : RequestComplete, RIL_SOCKET_1
11-24 18:50:08.981   202  1750 E RILC    : Send Response to RIL_SOCKET_1
11-24 18:50:08.981  1254  1428 D RILJ    : [3725]< QUERY_NETWORK_SELECTION_MODE {0} [SUB0]
11-24 18:50:08.982  1254  1254 D GsmDCT  : [0]isDataAllowed: not allowed due to - Attached= false - SIM not loaded and not NV subscription
11-24 18:50:08.983  1254  1254 D GsmDCT  : [ApnContext:default] getApnSetting: apnSetting=null
11-24 18:50:08.986   202  1749 I RILQ    : (0/202):RIL[0][cmd-20(352)] qcril_qmi_nas_update_data_rte: completed, new drte 0 with confidence 4
11-24 18:50:08.990   202  1749 D RILC    : RequestComplete, RIL_SOCKET_1
11-24 18:50:08.990   202  1749 E RILC    : Send Response to RIL_SOCKET_1
11-24 18:50:08.993  1254  1428 D RILJ    : [3724]< VOICE_REGISTRATION_STATE {2, null, null, 0, null, null, null, 0, null, null, null, null, null, 0, null} [SUB0]
11-24 18:50:08.996  1254  1254 D GsmDCT  : [0]isDataAllowed: not allowed due to - Attached= false - SIM not loaded and not NV subscription
11-24 18:50:08.996  1254  1254 D GsmDCT  : [ApnContext:mms] getApnSetting: apnSetting=null
11-24 18:50:08.997   786   806 D TelephonyManager: getTelephonyProperty: return propVal='null' phoneId=0 property='gsm.sim.operator.numeric' defaultVal='' prop=
11-24 18:50:09.002  1254  1254 D GsmDCT  : [0]isDataAllowed: not allowed due to - Attached= false - SIM not loaded and not NV subscription
11-24 18:50:09.003  1254  1254 D GsmDCT  : [ApnContext:cbs] getApnSetting: apnSetting=null
11-24 18:50:09.007  1254  1254 D GsmDCT  : [0]isDataAllowed: not allowed due to - Attached= false - SIM not loaded and not NV subscription
11-24 18:50:09.007  1254  1254 D GsmDCT  : [ApnContext:fota] getApnSetting: apnSetting=null
11-24 18:50:09.012  1254  1254 D GsmDCT  : [0]isDataAllowed: not allowed due to - Attached= false - SIM not loaded and not NV subscription
11-24 18:50:09.012  1254  1254 D GsmDCT  : [ApnContext:supl] getApnSetting: apnSetting=null
11-24 18:50:09.016  1254  1254 D GsmDCT  : [0]isDataAllowed: not allowed due to - Attached= false - SIM not loaded and not NV subscription
11-24 18:50:09.016  1254  1254 D GsmDCT  : [ApnContext:ia] getApnSetting: apnSetting=null
11-24 18:50:09.029  1254  1254 D GsmDCT  : [0]isDataAllowed: not allowed due to - Attached= false - SIM not loaded and not NV subscription
11-24 18:50:09.029  1254  1254 D GsmDCT  : [ApnContext:dun] getApnSetting: apnSetting=null
11-24 18:50:09.034  1254  1254 D GsmDCT  : [0]isDataAllowed: not allowed due to - Attached= false - SIM not loaded and not NV subscription
11-24 18:50:09.034  1254  1254 D GsmDCT  : [ApnContext:hipri] getApnSetting: apnSetting=null
11-24 18:50:09.045  1254  1254 D GsmDCT  : [0]isDataAllowed: not allowed due to - Attached= false - SIM not loaded and not NV subscription
11-24 18:50:09.045  1254  1254 D GsmDCT  : [ApnContext:ims] getApnSetting: apnSetting=null
11-24 18:50:09.049  1254  1254 D GsmDCT  : [0]handleMessage msg={ when=-660ms what=270348 obj=android.os.AsyncResult@2f219319 target=com.android.internal.telephony.dataconnection.DcTracker }
11-24 18:50:09.049  1254  1254 D GsmDCT  : [0]onRoamingOff
11-24 18:50:09.049  1254  1254 D GsmDCT  : [0]handleMessage msg={ when=-661ms what=270377 obj=android.os.AsyncResult@2a736fde target=com.android.internal.telephony.dataconnection.DcTracker }
11-24 18:50:09.049  1254  1254 D SIMRecords: [SIMRecords] getSIMOperatorNumeric: bad mncLength
11-24 18:50:09.049  1254  1254 D GsmDCT  : [0]updateSimRecords: newSimRecords = SimRecords: mDestroyed=false mContext=com.android.phone.PhoneGlobals@2047205d mCi=com.android.internal.telephony.RIL@3cd3d9e6 mFh=Handler (com.android.internal.telephony.uicc.UsimFileHandler) {f134dd2} mParentApp=com.android.internal.telephony.uicc.UiccCardApplication@f5a4ea3 mSpnOverride=mSpnOverride recordsLoadedRegistrants=android.os.RegistrantList@27b55a0 mImsiReadyRegistrants=android.os.RegistrantList@3c5a6559 mRecordsEventsRegistrants=android.os.RegistrantList@3934751e mNewSmsRegistrants=android.os.RegistrantList@a3931ff mNetworkSelectionModeAutomaticRegistrants=android.os.RegistrantList@31d02bcc recordsToLoad=17 adnCache=Handler (com.android.internal.telephony.uicc.AdnRecordCache) {ec2fe15} recordsRequested=true iccid=null msisdnTag=null voiceMailNum=null voiceMailTag=null newVoiceMailNum=null newVoiceMailTag=null isVoiceMailFixed=false mImsi=460011952973996 mncLength=-1 mailboxIndex=0 spn=null mVmConfigcom.android.internal.telephony.uicc.VoiceMailConstants@baec52a callForwardingEnabled=false spnState=READ_SPN_3GPP mCphsInfo=null mCspPlmnEnabled=true efMWIS=null efCPHS_MWI=null mEfCff=null mEfCfis=null getOperatorNumeric=null
11-24 18:50:09.049  1254  1254 D GsmDCT  : [0]onUpdateIcc: newIccRecords null
11-24 18:50:09.050  1254  1254 D RILJ    : [3726]> BASEBAND_VERSION [SUB0]
11-24 18:50:09.052  1254  1254 D RILJ    : [3727]> GET_IMEI [SUB0]
11-24 18:50:09.060   202  1753 D RILC    : RequestComplete, RIL_SOCKET_1
11-24 18:50:09.060   202  1753 E RILC    : Send Response to RIL_SOCKET_1
11-24 18:50:09.060  1254  1254 D RILJ    : [3728]> GET_IMEISV [SUB0]
11-24 18:50:09.061  1254  1428 D RILJ    : [3726]< BASEBAND_VERSION M8974A-2.0.50.2.26 [SUB0]
11-24 18:50:09.064   202  1754 D RILC    : RequestComplete, RIL_SOCKET_1
11-24 18:50:09.064   202  1754 E RILC    : Send Response to RIL_SOCKET_1
11-24 18:50:09.064  1254  1428 D RILJ    : [3727]< GET_IMEI  [SUB0]
11-24 18:50:09.065  1254  1254 D CdmaDCT : [0]handleMessage msg={ when=-601ms what=270365 target=com.android.internal.telephony.dataconnection.DcTracker }
11-24 18:50:09.065  1254  1254 E CdmaDCT : [0]handleMessage: Ignore GSM msgs since GSM phone is inactive
11-24 18:50:09.065  1254  1254 D IccCardProxy: Icc changed. Reregestering.
11-24 18:50:09.065  1254  1254 D UiccCardApplication: Notifying 1 registrant: READY
11-24 18:50:09.065  1254  1254 D SIMRecords: [SIMRecords] isAppStateReady : appState = APPSTATE_READY
11-24 18:50:09.065  1254  1254 D SIMRecords: [SIMRecords] registerForRecordsLoaded, not notifying the registrant immediately
11-24 18:50:09.066  1254  1254 D SIMRecords: [SIMRecords] getSIMOperatorNumeric: bad mncLength
11-24 18:50:09.066  1254  1254 D IccCardProxy: updateActiveRecord app type = 1mIccRecords = SimRecords: mDestroyed=false mContext=com.android.phone.PhoneGlobals@2047205d mCi=com.android.internal.telephony.RIL@3cd3d9e6 mFh=Handler (com.android.internal.telephony.uicc.UsimFileHandler) {f134dd2} mParentApp=com.android.internal.telephony.uicc.UiccCardApplication@f5a4ea3 mSpnOverride=mSpnOverride recordsLoadedRegistrants=android.os.RegistrantList@27b55a0 mImsiReadyRegistrants=android.os.RegistrantList@3c5a6559 mRecordsEventsRegistrants=android.os.RegistrantList@3934751e mNewSmsRegistrants=android.os.RegistrantList@a3931ff mNetworkSelectionModeAutomaticRegistrants=android.os.RegistrantList@31d02bcc recordsToLoad=17 adnCache=Handler (com.android.internal.telephony.uicc.AdnRecordCache) {ec2fe15} recordsRequested=true iccid=null msisdnTag=null voiceMailNum=null voiceMailTag=null newVoiceMailNum=null newVoiceMailTag=null isVoiceMailFixed=false mImsi=460011952973996 mncLength=-1 mailboxIndex=0 spn=null mVmConfigcom.android.internal.telephony.uicc.VoiceMailConstants@baec52a callForwardingEnabled=false spnState=READ_SPN_3GPP mCphsInfo=null mCspPlmnEnabled=true efMWIS=null efCPHS_MWI=null mEfCff=null mEfCfis=null getOperatorNumeric=null
11-24 18:50:09.066  1254  1254 D IccCardProxy: Setting SIM Record as active
11-24 18:50:09.066  1254  1254 E IccCardProxy: setExternalState: set mPhoneId=0 mExternalState=READY
11-24 18:50:09.066  1254  1254 D TelephonyManager: setTelephonyProperty: success phoneId=0 property=gsm.sim.state value: READY propVal=READY
11-24 18:50:09.070  1254  1254 D IccCardProxy: broadcastIccStateChangedIntent intent ACTION_SIM_STATE_CHANGED value=READY reason=null for mPhoneId=0
11-24 18:50:09.073   202  1755 D RILC    : RequestComplete, RIL_SOCKET_1
11-24 18:50:09.073   202  1755 E RILC    : Send Response to RIL_SOCKET_1
11-24 18:50:09.074  1254  1428 D RILJ    : [3728]< GET_IMEISV  [SUB0]
11-24 18:50:09.091   786   806 D TelephonyManager: getTelephonyProperty: return propVal='null' phoneId=0 property='gsm.sim.operator.numeric' defaultVal='' prop=
11-24 18:50:09.098  1254  1254 D DctController: EVENT_PHONE1_DATA_DETACH.
11-24 18:50:09.098  1254  1254 D DcSwitchAsyncChannel: [DcSwitchAsyncChannel-0]: EVENT_DATA_DETACHED
11-24 18:50:09.099  1254  1561 D DcSwitchSM: [DcSwitchStateMachine-0] DefaultState: shouldn't happen but ignore msg.what=0x4400b
11-24 18:50:09.099  1254  1254 D RILJ    : [3729]> iccIO: SIM_IO 0xc0 0x6f17  path: 3F007FFF,0,0,15 aid: a0000000871002ff86ffff89ffffffff [SUB0]
11-24 18:50:09.102  1254  1254 D SIMRecords: [SIMRecords] onRecordLoaded 17 requested: true
11-24 18:50:09.103  1254  1254 D CAT     : CatService: handleMessage[9]
11-24 18:50:09.103  1254  1254 D CAT     : CatService: SET_UP_MENU
11-24 18:50:09.105  1254  1254 D CAT     : CatService: encodeOptionalTags() Unsupported Cmd details=CmdDetails: compRequired=true commandNumber=1 typeOfCommand=37 commandQualifier=0
11-24 18:50:09.105  1254  1254 D RILJ    : [3730]> REQUEST_STK_SEND_TERMINAL_RESPONSE [SUB0]
11-24 18:50:09.108  1254  1254 D CAT     : CatService: Sending CmdMsg: com.android.internal.telephony.cat.CatCmdMessage@22f075bf on slotid:0
11-24 18:50:09.110  1254  1254 D SIMRecords: [SIMRecords] EF_MWIS : null
11-24 18:50:09.110  1254  1254 D SIMRecords: [SIMRecords] EVENT_GET_MWIS_DONE exception = com.android.internal.telephony.CommandException: GENERIC_FAILURE
11-24 18:50:09.110  1254  1254 D SIMRecords: [SIMRecords] onRecordLoaded 16 requested: true
11-24 18:50:09.110  1254  1254 D SIMRecords: [SIMRecords] EF_CPHS_MWI: null
11-24 18:50:09.110  1254  1254 D SIMRecords: [SIMRecords] EVENT_GET_VOICE_MAIL_INDICATOR_CPHS_DONE exception = com.android.internal.telephony.CommandException: GENERIC_FAILURE
11-24 18:50:09.110  1254  1254 D SIMRecords: [SIMRecords] onRecordLoaded 15 requested: true
11-24 18:50:09.110  1254  1254 D SIMRecords: [SIMRecords] onRecordLoaded 14 requested: true
11-24 18:50:09.110  1254  1254 D SIMRecords: [SIMRecords] onRecordLoaded 13 requested: true
11-24 18:50:09.110  1254  1254 D SIMRecords: [SIMRecords] onRecordLoaded 12 requested: true
11-24 18:50:09.110  1254  1254 D SIMRecords: [SIMRecords] onRecordLoaded 11 requested: true
11-24 18:50:09.111  1254  1254 E SIMRecords: [SIMRecords] Exception in fetching EF_CSP data com.android.internal.telephony.CommandException: GENERIC_FAILURE
11-24 18:50:09.111  1254  1254 D SIMRecords: [SIMRecords] onRecordLoaded 10 requested: true
11-24 18:50:09.111  1254  1254 D SIMRecords: [SIMRecords] EVENT_GET_SMS_RECORD_SIZE_DONE Size 176 total 8800 record 50
11-24 18:50:09.139  1254  1274 D SubscriptionController: getPhoneId,  received dummy subId 2147483643
11-24 18:50:09.140  1254  1660 D SubscriptionController: getSlotId,  received dummy subId 2147483643
11-24 18:50:09.140   202   350 D RILC    : RequestComplete, RIL_SOCKET_1
11-24 18:50:09.140   202   350 E RILC    : Send Response to RIL_SOCKET_1
11-24 18:50:09.141  1254  1428 D RilRequest: [3729]< SIM_IO error: com.android.internal.telephony.CommandException: GENERIC_FAILURE ret=IccIoResponse sw1:0x6a sw2:0x82
11-24 18:50:09.146   202   334 D RILC    : RequestComplete, RIL_SOCKET_1
11-24 18:50:09.146   202   334 E RILC    : Send Response to RIL_SOCKET_1
11-24 18:50:09.147   202   350 I RILC    : RIL_SOCKET_1 UNSOLICITED: UNSOL_STK_SESSION_END length:8
11-24 18:50:09.147   202   350 E RILC    : Send Response to RIL_SOCKET_1
11-24 18:50:09.147  1254  1428 D RILJ    : [3730]< REQUEST_STK_SEND_TERMINAL_RESPONSE  [SUB0]
11-24 18:50:09.149  1254  1428 D RILJ    : [UNSL]< UNSOL_STK_SESSION_END [SUB0]
11-24 18:50:09.183  1254  1254 D SubscriptionInfoUpdater: [Receiver]+
11-24 18:50:09.184  1254  1254 D SubscriptionInfoUpdater: Action: android.intent.action.SIM_STATE_CHANGED
11-24 18:50:09.184  1254  1254 D SubscriptionInfoUpdater: slotId: 0
11-24 18:50:09.185  1254  1254 D SubscriptionInfoUpdater: simStatus: NOT_READY
11-24 18:50:09.185  1254  1254 D SubscriptionInfoUpdater: slotId: 0 simStatus: NOT_READY
11-24 18:50:09.185  1254  1254 D SubscriptionInfoUpdater: Ignoring simStatus: NOT_READY
11-24 18:50:09.185  1254  1254 D SubscriptionInfoUpdater: [Receiver]-
11-24 18:50:09.189  1254  1254 D PhoneBase: Get callforwarding info from perferences
11-24 18:50:09.206  1254  1254 D TelephonyManager: getLteOnCdmaMode=1 curVal=1 product_type='' lteOnCdmaProductType=''
11-24 18:50:09.207  1254  1254 D PhoneFactory: calculatePreferredNetworkType: phoneId = 0
11-24 18:50:09.207  1254  1254 D RILJ    : [3731]> REQUEST_SET_PREFERRED_NETWORK_TYPE : 10 [SUB0]
11-24 18:50:09.211  1254  1254 D RILJ    : [3732]> OPERATOR [SUB0]
11-24 18:50:09.213  1254  1254 D RILJ    : [3733]> DATA_REGISTRATION_STATE [SUB0]
11-24 18:50:09.216  1254  1254 D RILJ    : [3734]> VOICE_REGISTRATION_STATE [SUB0]
11-24 18:50:09.216   202  1760 D RILC    : RequestComplete, RIL_SOCKET_1
11-24 18:50:09.216   202  1760 E RILC    : Send Response to RIL_SOCKET_1
11-24 18:50:09.218  1254  1428 D RILJ    : [3731]< REQUEST_SET_PREFERRED_NETWORK_TYPE  [SUB0]
11-24 18:50:09.222  1254  1254 D RILJ    : [3735]> QUERY_NETWORK_SELECTION_MODE [SUB0]
11-24 18:50:09.237   202  1761 D RILC    : RequestComplete, RIL_SOCKET_1
11-24 18:50:09.237   202  1761 E RILC    : Send Response to RIL_SOCKET_1
11-24 18:50:09.238  1254  1428 D RILJ    : [3732]< OPERATOR {null, null, null} [SUB0]
11-24 18:50:09.240   202  1764 D RILC    : RequestComplete, RIL_SOCKET_1
11-24 18:50:09.241   202  1764 E RILC    : Send Response to RIL_SOCKET_1
11-24 18:50:09.241  1254  1428 D RILJ    : [3735]< QUERY_NETWORK_SELECTION_MODE {0} [SUB0]
11-24 18:50:09.247   202  1763 I RILQ    : (0/202):RIL[0][cmd-20(352)] qcril_qmi_nas_update_data_rte: completed, new drte 0 with confidence 4
11-24 18:50:09.248   202  1762 D RILC    : RequestComplete, RIL_SOCKET_1
11-24 18:50:09.248   202  1762 E RILC    : Send Response to RIL_SOCKET_1
11-24 18:50:09.249  1254  1254 D GSMPhone: Baseband version: M8974A-2.0.50.2.26
11-24 18:50:09.250  1254  1428 D RILJ    : [3733]< DATA_REGISTRATION_STATE {0, null, null, null, 0, 20, null, 446, 2929439, null, null} [SUB0]
11-24 18:50:09.250   202  1763 D RILC    : RequestComplete, RIL_SOCKET_1
11-24 18:50:09.250   202  1763 E RILC    : Send Response to RIL_SOCKET_1
11-24 18:50:09.250  1254  1428 D RILJ    : [3734]< VOICE_REGISTRATION_STATE {2, null, null, 0, null, null, null, 0, null, null, null, null, null, 0, null} [SUB0]
11-24 18:50:09.251  1254  1254 E IccCardProxy: setExternalState: !override and newstate unchanged from READY
11-24 18:50:09.255  1254  1254 D IccCardProxy: broadcastIccStateChangedIntent intent ACTION_SIM_STATE_CHANGED value=IMSI reason=null for mPhoneId=0
11-24 18:50:09.267  1254  1254 D SubscriptionInfoUpdater: [Receiver]+
11-24 18:50:09.268  1254  1254 D SubscriptionInfoUpdater: Action: android.intent.action.SIM_STATE_CHANGED
11-24 18:50:09.268  1254  1254 D SubscriptionInfoUpdater: slotId: 0
11-24 18:50:09.268  1254  1254 D SubscriptionInfoUpdater: simStatus: READY
11-24 18:50:09.268  1254  1254 D SubscriptionInfoUpdater: slotId: 0 simStatus: READY
11-24 18:50:09.268  1254  1254 D PhoneBase: getIccFileHandler: fh=Handler (com.android.internal.telephony.uicc.UsimFileHandler) {f134dd2}
11-24 18:50:09.269  1254  1254 D SubscriptionInfoUpdater: [Receiver]-
11-24 18:50:09.269   786   806 D TelephonyManager: getTelephonyProperty: return propVal='null' phoneId=0 property='gsm.sim.operator.numeric' defaultVal='' prop=
11-24 18:50:09.272  1254  1254 D SIMRecords: [SIMRecords] iccid: 89860115921101579076
11-24 18:50:09.272  1254  1254 D SIMRecords: [SIMRecords] onRecordLoaded 9 requested: true
11-24 18:50:09.284  1254  1254 D SIMRecords: [SIMRecords] EF_AD: 00000002
11-24 18:50:09.284  1254  1254 D SIMRecords: [SIMRecords] setting4 mMncLength=2
11-24 18:50:09.284  1254  1254 D SIMRecords: [SIMRecords] mccmncCode=460011
11-24 18:50:09.285  1254  1254 D SIMRecords: [SIMRecords] update mccmnc=46001
11-24 18:50:09.291  1254  1254 D TelephonyManager: getTelephonyProperty: return propVal='null' phoneId=0 property='gsm.sim.operator.numeric' defaultVal='' prop=
11-24 18:50:09.467  1254  1254 D SIMRecords: [SIMRecords] onRecordLoaded 8 requested: true
11-24 18:50:09.468  1254  1254 D SIMRecords: [SIMRecords] getServiceProviderName: no brandOverride
11-24 18:50:09.468  1254  1254 D SIMRecords: [SIMRecords] getServiceProviderName: providerName=
11-24 18:50:09.469  1254  1254 D SIMRecords: [SIMRecords] Load EF_SPN:  spnDisplayCondition: 0
11-24 18:50:09.469  1254  1254 D SIMRecords: [SIMRecords] getServiceProviderName: no brandOverride
11-24 18:50:09.469  1254  1254 D SIMRecords: [SIMRecords] getServiceProviderName: providerName=
11-24 18:50:09.469  1254  1254 D TelephonyManager: setTelephonyProperty: success phoneId=0 property=gsm.sim.operator.alpha value:  propVal=
11-24 18:50:09.474  1254  1254 D SIMRecords: [SIMRecords] [key, value]=gsm.sim.operator.alpha, 
11-24 18:50:09.483  1254  1254 D SIMRecords: [SIMRecords] getServiceProviderName: no brandOverride
11-24 18:50:09.483  1254  1254 D SIMRecords: [SIMRecords] getServiceProviderName: providerName=
11-24 18:50:09.484  1254  1254 D RILJ    : [3736]> iccIO: SIM_IO 0xc0 0x6f14  path: 3F007FFF,0,0,0 aid: a0000000871002ff86ffff89ffffffff [SUB0]
11-24 18:50:09.484  1254  1660 D GsmDCT  : [0]fetchDunApn: net.tethering.noprovisioning=true ret: null
11-24 18:50:09.484  1254  1660 D GsmDCT  : [0]hasMatchedTetherApnSetting: APN=null
11-24 18:50:09.490  1254  1254 D SIMRecords: [SIMRecords] onRecordLoaded 8 requested: true
11-24 18:50:09.491  1254  1254 D SIMRecords: [SIMRecords] onRecordLoaded 7 requested: true
