--------- beginning of /dev/log/system
03-11 11:15:32.310   174   174 I auditd  : Starting up
03-11 11:15:32.330   174   174 I audit_log: Previous audit logfile detected, rotating
--------- beginning of /dev/log/radio
03-11 11:15:32.410   178   178 D RILD    : **RIL Daemon Started**
03-11 11:15:32.410   178   178 D RILD    : **RILd param count=1**
03-11 11:15:32.410   172   172 I Vold    : Vold 2.1 (the revenge) firing up
03-11 11:15:32.410   172   172 D Vold    : Volume usbdisk state changing -1 (Initializing) -> 0 (No-Media)
03-11 11:15:32.430   186   186 E use-Rlog/RLOG-Diag_Lib:  Diag_LSM_Init: Failed to open handle to diag driver, error = 2
03-11 11:15:32.440   185   185 E use-Rlog/RLOG-Diag_Lib:  Diag_LSM_Init: Failed to open handle to diag driver, error = 2
03-11 11:15:32.440   185   185 E use-Rlog/RLOG-Diag_Lib:  Diag_LSM_Init: Failed to open handle to diag driver, error = 2
03-11 11:15:32.440   188   188 E use-Rlog/RLOG-Diag_Lib:  Diag_LSM_Init: Failed to open handle to diag driver, error = 2
03-11 11:15:32.470   187   187 E use-Rlog/RLOG-Diag_Lib:  Diag_LSM_Init: Failed to open handle to diag driver, error = 2
--------- beginning of /dev/log/main
03-11 11:15:32.480   191   269 E ThermalEngine: enable_threshold: tsens_tz_sensor8 (/sys/devices/virtual/thermal/thermal_zone8/trip_point_1_type)
03-11 11:15:32.480   191   269 E ThermalEngine: enable_threshold: tsens_tz_sensor7 (/sys/devices/virtual/thermal/thermal_zone7/trip_point_0_type)
03-11 11:15:32.480   191   269 E ThermalEngine: enable_threshold: tsens_tz_sensor7 (/sys/devices/virtual/thermal/thermal_zone7/trip_point_1_type)
03-11 11:15:32.480   191   269 E ThermalEngine: enable_threshold: tsens_tz_sensor6 (/sys/devices/virtual/thermal/thermal_zone6/trip_point_0_type)
03-11 11:15:32.480   191   269 E ThermalEngine: enable_threshold: tsens_tz_sensor6 (/sys/devices/virtual/thermal/thermal_zone6/trip_point_1_type)
03-11 11:15:32.480   191   269 E ThermalEngine: enable_threshold: tsens_tz_sensor5 (/sys/devices/virtual/thermal/thermal_zone5/trip_point_0_type)
03-11 11:15:32.480   191   269 E ThermalEngine: enable_threshold: tsens_tz_sensor5 (/sys/devices/virtual/thermal/thermal_zone5/trip_point_1_type)
03-11 11:15:32.490   196   196 D QC-time-services: Daemon:Value read from RTC seconds = 5973332000
03-11 11:15:32.490   196   196 D QC-time-services: Daemon:genoff_init_config: ATS_RTC initialized
03-11 11:15:32.490   196   196 D QC-time-services: Daemon:genoff_pre_init::Base = 1
03-11 11:15:32.490   196   196 D QC-time-services: Daemon: Storage Name: ats_1 
03-11 11:15:32.490   196   196 D QC-time-services: Daemon:Opening File: /data/system/time/ats_1
03-11 11:15:32.490   196   196 D QC-time-services: Daemon:time_persistent_memory_opr:Genoff Read operation 
03-11 11:15:32.490   196   196 D QC-time-services: Daemon:genoff_pre_init::Base = 2
03-11 11:15:32.490   196   196 D QC-time-services: Daemon: Storage Name: ats_2 
03-11 11:15:32.490   196   196 D QC-time-services: Daemon:Opening File: /data/system/time/ats_2
03-11 11:15:32.490   196   196 D QC-time-services: Daemon:time_persistent_memory_opr:Genoff Read operation 
03-11 11:15:32.500   196   196 D QC-time-services: Daemon:genoff_pre_init::Base = 3
03-11 11:15:32.500   196   196 D QC-time-services: Daemon: Storage Name: ats_3 
03-11 11:15:32.500   196   196 D QC-time-services: Daemon:Opening File: /data/system/time/ats_3
03-11 11:15:32.500   196   196 D QC-time-services: Daemon:time_persistent_memory_opr:Genoff Read operation 
03-11 11:15:32.500   196   196 D QC-time-services: Daemon:Unable to open filefor read
03-11 11:15:32.500   196   196 D QC-time-services: Daemon:genoff_post_init:Error in accessing storage
03-11 11:15:32.500   196   196 D QC-time-services: Daemon:genoff_pre_init::Base = 4
03-11 11:15:32.500   196   196 D QC-time-services: Daemon: Storage Name: ats_4 
03-11 11:15:32.500   196   196 D QC-time-services: Daemon:Opening File: /data/system/time/ats_4
03-11 11:15:32.500   196   196 D QC-time-services: Daemon:time_persistent_memory_opr:Genoff Read operation 
03-11 11:15:32.500   196   196 D QC-time-services: Daemon:Unable to open filefor read
03-11 11:15:32.500   196   196 D QC-time-services: Daemon:genoff_post_init:Error in accessing storage
03-11 11:15:32.500   196   196 D QC-time-services: Daemon:genoff_pre_init::Base = 5
03-11 11:15:32.500   196   196 D QC-time-services: Daemon: Storage Name: ats_5 
03-11 11:15:32.500   196   196 D QC-time-services: Daemon:Opening File: /data/system/time/ats_5
03-11 11:15:32.500   196   196 D QC-time-services: Daemon:time_persistent_memory_opr:Genoff Read operation 
03-11 11:15:32.500   196   196 D QC-time-services: Daemon:Unable to open filefor read
03-11 11:15:32.500   196   196 D QC-time-services: Daemon:genoff_post_init:Error in accessing storage
03-11 11:15:32.500   196   196 D QC-time-services: Daemon:genoff_pre_init::Base = 6
03-11 11:15:32.500   196   196 D QC-time-services: Daemon: Storage Name: ats_6 
03-11 11:15:32.500   196   196 D QC-time-services: Daemon:Opening File: /data/system/time/ats_6
03-11 11:15:32.500   196   196 D QC-time-services: Daemon:time_persistent_memory_opr:Genoff Read operation 
03-11 11:15:32.500   196   196 D QC-time-services: Daemon:Unable to open filefor read
03-11 11:15:32.500   196   196 D QC-time-services: Daemon:genoff_post_init:Error in accessing storage
03-11 11:15:32.500   196   196 D QC-time-services: Daemon:genoff_pre_init::Base = 7
03-11 11:15:32.500   196   196 D QC-time-services: Daemon: Storage Name: ats_7 
03-11 11:15:32.500   196   196 D QC-time-services: Daemon:Opening File: /data/system/time/ats_7
03-11 11:15:32.500   196   196 D QC-time-services: Daemon:time_persistent_memory_opr:Genoff Read operation 
03-11 11:15:32.500   196   196 D QC-time-services: Daemon:Unable to open filefor read
03-11 11:15:32.500   196   196 D QC-time-services: Daemon:genoff_post_init:Error in accessing storage
03-11 11:15:32.500   196   196 D QC-time-services: Daemon:genoff_pre_init::Base = 8
03-11 11:15:32.500   196   196 D QC-time-services: Daemon: Storage Name: ats_8 
03-11 11:15:32.500   196   196 D QC-time-services: Daemon:Opening File: /data/system/time/ats_8
03-11 11:15:32.500   196   196 D QC-time-services: Daemon:time_persistent_memory_opr:Genoff Read operation 
03-11 11:15:32.500   196   196 D QC-time-services: Daemon:Unable to open filefor read
03-11 11:15:32.500   196   196 D QC-time-services: Daemon:genoff_post_init:Error in accessing storage
03-11 11:15:32.500   196   196 D QC-time-services: Daemon:genoff_pre_init::Base = 9
03-11 11:15:32.500   196   196 D QC-time-services: Daemon: Storage Name: ats_9 
03-11 11:15:32.500   196   196 D QC-time-services: Daemon:Opening File: /data/system/time/ats_9
03-11 11:15:32.500   196   196 D QC-time-services: Daemon:time_persistent_memory_opr:Genoff Read operation 
03-11 11:15:32.500   196   196 D QC-time-services: Daemon:Unable to open filefor read
03-11 11:15:32.500   196   196 D QC-time-services: Daemon:genoff_post_init:Error in accessing storage
03-11 11:15:32.500   196   196 D QC-time-services: Daemon:genoff_pre_init::Base = 10
03-11 11:15:32.500   196   196 D QC-time-services: Daemon: Storage Name: ats_10 
03-11 11:15:32.500   196   196 D QC-time-services: Daemon:Opening File: /data/system/time/ats_10
03-11 11:15:32.500   196   196 D QC-time-services: Daemon:time_persistent_memory_opr:Genoff Read operation 
03-11 11:15:32.500   196   196 D QC-time-services: Daemon:Unable to open filefor read
03-11 11:15:32.500   196   196 D QC-time-services: Daemon:genoff_post_init:Error in accessing storage
03-11 11:15:32.500   196   196 D QC-time-services: Daemon:genoff_pre_init::Base = 11
03-11 11:15:32.500   196   196 D QC-time-services: Daemon: Storage Name: ats_11 
03-11 11:15:32.500   196   196 D QC-time-services: Daemon:Opening File: /data/system/time/ats_11
03-11 11:15:32.500   196   196 D QC-time-services: Daemon:time_persistent_memory_opr:Genoff Read operation 
03-11 11:15:32.500   196   196 D QC-time-services: Daemon:Unable to open filefor read
03-11 11:15:32.500   196   196 D QC-time-services: Daemon:genoff_post_init:Error in accessing storage
03-11 11:15:32.500   196   196 D QC-time-services: Daemon:genoff_pre_init::Base = 12
03-11 11:15:32.500   196   196 D QC-time-services: Daemon: Storage Name: ats_12 
03-11 11:15:32.500   196   196 D QC-time-services: Daemon:Opening File: /data/system/time/ats_12
03-11 11:15:32.500   196   196 D QC-time-services: Daemon:time_persistent_memory_opr:Genoff Read operation 
03-11 11:15:32.500   196   196 D QC-time-services: Daemon:Unable to open filefor read
03-11 11:15:32.500   196   196 D QC-time-services: Daemon:genoff_post_init:Error in accessing storage
03-11 11:15:32.500   196   196 D QC-time-services: Daemon:genoff_pre_init::Base = 13
03-11 11:15:32.500   196   196 D QC-time-services: Daemon: Storage Name: ats_13 
03-11 11:15:32.500   196   196 D QC-time-services: Daemon:Opening File: /data/system/time/ats_13
03-11 11:15:32.500   196   196 D QC-time-services: Daemon:time_persistent_memory_opr:Genoff Read operation 
03-11 11:15:32.500   196   196 D QC-time-services: Daemon:Unable to open filefor read
03-11 11:15:32.500   196   196 D QC-time-services: Daemon:genoff_post_init:Error in accessing storage
03-11 11:15:32.500   196   196 D QC-time-services: Daemon:genoff_init_config: Other bases initilized, exiting genoff_init
03-11 11:15:32.500   196   196 D QC-time-services: Daemon:genoff_opr: Base = 1, val = 0, operation = 1
03-11 11:15:32.500   196   196 D QC-time-services: Daemon: genoff get for 1
03-11 11:15:32.500   196   196 D QC-time-services: Daemon:rtc_get: Time read from RTC -- MM/DD/YY HH:MM:SS2/11/70 3:15:32
03-11 11:15:32.500   196   196 D QC-time-services: Daemon:Value read from RTC seconds = 5973332000
03-11 11:15:32.500   196   196 D QC-time-services: Daemon:Value read from RTC seconds = 5973332000
03-11 11:15:32.500   196   196 D QC-time-services: Daemon:Value read from generif offset = 1441530755272
03-11 11:15:32.500   196   196 D QC-time-services: Daemon:Final Time = 1447504087272
03-11 11:15:32.500   196   196 D QC-time-services: Daemon:genoff_boot_tod_init: Setting system time to sec =1447504087, nsec =272000000
11-14 20:28:07.272   196   196 E QC-time-services: Daemon:genoff_boot_tod_init: Unable to set TOD at boot up
11-14 20:28:07.272   196   196 E QC-time-services: Daemon: Unable to set TOD at boot up
11-14 20:28:07.272   196   196 D QC-time-services: Daemon:genoff_modem_qmi_init: Initiallizing QMI 
11-14 20:28:07.282   179   179 I SurfaceFlinger: SurfaceFlinger is starting
11-14 20:28:07.282   179   179 I SurfaceFlinger: SurfaceFlinger's main thread ready to run. Initializing graphics H/W...
11-14 20:28:07.312   179   179 D libEGL  : loaded /vendor/lib/egl/libEGL_adreno.so
11-14 20:28:07.332   179   179 D libEGL  : loaded /vendor/lib/egl/libGLESv1_CM_adreno.so
11-14 20:28:07.342   184   184 D QSEECOMAPI: : Loaded image: APP id = 2
11-14 20:28:07.352   178   178 E use-Rlog/RLOG-Diag_Lib:  Diag_LSM_Init: Failed to open handle to diag driver, error = 2
11-14 20:28:07.352   178   178 E RILQ    : (0/178): RIL[0][rild] qcril_log_init: Fail to initialize Diag for QCRIL logging
11-14 20:28:07.352   195   195 I mm-camera: server_process_module_init:59, int mods
11-14 20:28:07.352   195   195 I mm-camera-sensor: module_sensor_init:2821 Enter
11-14 20:28:07.372   178   178 E RILC    : RIL_register: RIL version 9
11-14 20:28:07.372   178   303 E use-Rlog/RLOG-Diag_Lib:  Diag_LSM_Init: Failed to open handle to diag driver, error = 2
11-14 20:28:07.372   179   179 D libEGL  : loaded /vendor/lib/egl/libGLESv2_adreno.so
11-14 20:28:07.392   195   195 I mm-camera: gyro_module_init: Enter
11-14 20:28:07.392   195   195 I mm-camera: gyro_module_init: Exit successful
11-14 20:28:07.392   195   195 I mm-camera: cpp_module_init:75 name=cpp
11-14 20:28:07.392   195   195 I mm-camera: cpp_hardware_load_firmware:353, cpphw->hwinfo.version = 0x10010000
11-14 20:28:07.402   179   179 I Adreno-EGL: <qeglDrvAPI_eglInitialize:320>: EGL 1.4 QUALCOMM Build: I0404c4692afb8623f95c43aeb6d5e13ed4b30ddbDate: 11/06/13
11-14 20:28:07.442   195   195 I mm-camera: cpp_module_init:117: info: CPP module_init successful
11-14 20:28:07.442   195   195 I mm-camera: c2d_module_init:45 name=c2d
11-14 20:28:07.442   195   195 I mm-camera: c2d_module_init:86: info: C2D module_init successful
11-14 20:28:07.442   195   195 D mm-camera-img: img_core_get_comp:37] role 3 name qcom.cac
11-14 20:28:07.442   195   195 D mm-camera-img: img_core_get_comp:42] comp_index[0] role 0 name qcom.wavelet
11-14 20:28:07.442   195   195 D mm-camera-img: img_core_get_comp:42] comp_index[1] role 1 name qcom.hdr
11-14 20:28:07.442   195   195 D mm-camera-img: img_core_get_comp:42] comp_index[2] role 2 name qcom.faceproc
11-14 20:28:07.442   195   195 D mm-camera-img: img_core_get_comp:42] comp_index[3] role 3 name qcom.cac
11-14 20:28:07.442   195   195 D mm-camera-img: img_core_get_comp:47] find component role 3 name qcom.cac
11-14 20:28:07.442   195   195 E mm-camera-img: cac_comp_load:679] Error opening CAC library
11-14 20:28:07.442   195   195 E mm-camera: module_cac_init:1027] Error rc -6
11-14 20:28:07.442   195   195 E mm-camera: pproc_module_init:1967] cac module create failed
11-14 20:28:07.442   195   195 D mm-camera-img: img_core_get_comp:37] role 2 name qcom.faceproc
11-14 20:28:07.442   195   195 D mm-camera-img: img_core_get_comp:42] comp_index[0] role 0 name qcom.wavelet
11-14 20:28:07.442   195   195 D mm-camera-img: img_core_get_comp:42] comp_index[1] role 1 name qcom.hdr
11-14 20:28:07.442   195   195 D mm-camera-img: img_core_get_comp:42] comp_index[2] role 2 name qcom.faceproc
11-14 20:28:07.442   195   195 D mm-camera-img: img_core_get_comp:47] find component role 2 name qcom.faceproc
11-14 20:28:07.572   179   179 I qdutils : Right Split=0
11-14 20:28:07.572   179   179 D qdhwcomposer: int qhwc::adRead(): /sys/class/graphics/fb2/ad could not be opened : No such file or directory
11-14 20:28:07.572   179   179 I qdhwcomposer: Initializing Qualcomm Hardware Composer
11-14 20:28:07.572   179   179 I qdhwcomposer: MDP version: 500
11-14 20:28:07.572   179   179 I SurfaceFlinger: Using composer version 1.3
11-14 20:28:07.572   179   179 I qdhwcomposer: hwc_registerProcs
11-14 20:28:07.572   179   179 I qdhwcomposer: Initializing UEVENT Thread
11-14 20:28:07.572   179   179 I qdhwcomposer: Initializing VSYNC Thread
11-14 20:28:07.572   179   179 D qdhwcomposer: hwc_getDisplayAttributes disp = 0, width = 1080
11-14 20:28:07.572   179   179 D qdhwcomposer: hwc_getDisplayAttributes disp = 0, height = 1920
11-14 20:28:07.572   179   368 I qdhwcomposer: vsync_loop: Reading vsync for dpy=0 from /sys/class/graphics/fb0/vsync_event
11-14 20:28:07.572   179   179 I SurfaceFlinger: EGL informations:
11-14 20:28:07.572   179   179 I SurfaceFlinger: vendor    : Android
11-14 20:28:07.572   179   179 I SurfaceFlinger: version   : 1.4 Android META-EGL
11-14 20:28:07.572   179   179 I SurfaceFlinger: extensions: EGL_KHR_get_all_proc_addresses EGL_ANDROID_presentation_time EGL_KHR_image EGL_KHR_image_base EGL_KHR_lock_surface EGL_KHR_gl_texture_2D_image EGL_KHR_gl_texture_cubemap_image EGL_KHR_gl_renderbuffer_image EGL_KHR_fence_sync EGL_KHR_create_context EGL_EXT_create_context_robustness EGL_ANDROID_image_native_buffer EGL_KHR_wait_sync EGL_ANDROID_recordable 
11-14 20:28:07.572   179   179 I SurfaceFlinger: Client API: OpenGL_ES
11-14 20:28:07.572   179   179 I SurfaceFlinger: EGLSurface: 8-8-8-8, config=0x5
11-14 20:28:07.572   179   368 I qdhwcomposer: vsync_loop: Reading vsync for dpy=1 from /sys/class/graphics/fb1/vsync_event
11-14 20:28:07.732   179   179 I SurfaceFlinger: OpenGL ES informations:
11-14 20:28:07.732   179   179 I SurfaceFlinger: vendor    : Qualcomm
11-14 20:28:07.732   179   179 I SurfaceFlinger: renderer  : Adreno (TM) 330
11-14 20:28:07.732   179   179 I SurfaceFlinger: version   : OpenGL ES 3.0 V@53.0 AU@  (CL@)
11-14 20:28:07.732   179   179 I SurfaceFlinger: extensions: GL_AMD_compressed_ATC_texture GL_AMD_performance_monitor GL_AMD_program_binary_Z400 GL_EXT_debug_label GL_EXT_debug_marker GL_EXT_discard_framebuffer GL_EXT_robustness GL_EXT_texture_format_BGRA8888 GL_EXT_texture_type_2_10_10_10_REV GL_NV_fence GL_OES_compressed_ETC1_RGB8_texture GL_OES_depth_texture GL_OES_depth24 GL_OES_EGL_image GL_OES_EGL_image_external GL_OES_element_index_uint GL_OES_fbo_render_mipmap GL_OES_fragment_precision_high GL_OES_get_program_binary GL_OES_packed_depth_stencil GL_OES_depth_texture_cube_map GL_OES_rgb8_rgba8 GL_OES_standard_derivatives GL_OES_texture_3D GL_OES_texture_float GL_OES_texture_half_float GL_OES_texture_half_float_linear GL_OES_texture_npot GL_OES_vertex_half_float GL_OES_vertex_type_10_10_10_2 GL_OES_vertex_array_object GL_QCOM_alpha_test GL_QCOM_binning_control GL_QCOM_driver_control GL_QCOM_perfmon_global_mode GL_QCOM_extended_get GL_QCOM_extended_get2 GL_QCOM_tiled_rendering GL_QCOM_writeonly_rendering GL_EXT_sRGB GL_EXT_texture_filter_anisotropic GL_
11-14 20:28:07.732   179   179 I SurfaceFlinger: GL_MAX_TEXTURE_SIZE = 4096
11-14 20:28:07.732   179   179 I SurfaceFlinger: GL_MAX_VIEWPORT_DIMS = 4096
11-14 20:28:07.742   182   182 I mediaserver: ServiceManager: 0xb7bf8448
11-14 20:28:07.742   182   182 I AudioFlinger: Using default 3000 mSec as standby time.
11-14 20:28:07.742   182   182 E MediaPlayerFactory: calling dlopen on FACTORY_LIB
11-14 20:28:07.742   182   182 E MediaPlayerFactory: Failed to open FACTORY_LIB Error : dlopen failed: library "libdashplayer.so" not found 
11-14 20:28:07.742   182   182 I CameraService: CameraService started (pid=182)
11-14 20:28:07.772   179   179 D SurfaceFlinger: Screen acquired, type=0 flinger=0xb84ac450
11-14 20:28:07.772   179   179 D qdhwcomposer: hwc_blank: Unblanking display: 0
11-14 20:28:07.772   179   179 D qdhwcomposer: hwc_blank: Done unblanking display: 0
11-14 20:28:07.772   179   410 E qdhwcomposer: hwc_vsync_control: vsync control failed. Dpy=0, enable=1 : Operation not supported on transport endpoint
11-14 20:28:07.772   179   410 E SurfaceFlinger: eventControl(0, 1) failed Operation not supported on transport endpoint
11-14 20:28:07.852   182   182 I CameraService: Loaded "QCamera Module" camera module
11-14 20:28:07.852   182   182 D mm-camera-intf: mm_camera_open: dev name = /dev/video1, cam_idx = 1
11-14 20:28:07.862   195   195 I mm-camera-sensor: module_sensor_start_session:577 session 1
11-14 20:28:07.922   195   195 I mm-camera: gyro_module_start_session: Enter
11-14 20:28:07.922   195   195 I mm-camera: gyro_module_start_session: Init DSPS
11-14 20:28:07.922   195   195 I libsensor1: sensor1_init_once: Setting log level to 4
--------- beginning of /dev/log/events
11-14 20:28:08.082   180   180 I boot_progress_start: 4585
11-14 20:28:08.082   180   180 D AndroidRuntime: 
11-14 20:28:08.082   180   180 D AndroidRuntime: >>>>>> AndroidRuntime START com.android.internal.os.ZygoteInit <<<<<<
11-14 20:28:08.112   180   180 D AndroidRuntime: CheckJNI is OFF
11-14 20:28:08.122   175   175 V NatController: runCmd(/system/bin/iptables -F natctrl_FORWARD) res=0
11-14 20:28:08.132   175   175 V NatController: runCmd(/system/bin/iptables -A natctrl_FORWARD -j DROP) res=0
11-14 20:28:08.132   175   175 V NatController: runCmd(/system/bin/iptables -t nat -F natctrl_nat_POSTROUTING) res=0
11-14 20:28:08.162   175   175 V NatController: runCmd(/system/bin/ip route flush cache) res=0
11-14 20:28:08.162   175   175 V NatController: runCmd(/system/bin/iptables -F natctrl_tether_counters) res=1
11-14 20:28:08.172   175   175 V NatController: runCmd(/system/bin/iptables -X natctrl_tether_counters) res=1
11-14 20:28:08.172   175   175 V NatController: runCmd(/system/bin/iptables -N natctrl_tether_counters) res=0
11-14 20:28:08.282   411   423 D libEGL  : loaded /vendor/lib/egl/libEGL_adreno.so
11-14 20:28:08.282   411   423 D libEGL  : loaded /vendor/lib/egl/libGLESv1_CM_adreno.so
11-14 20:28:08.282   411   423 D libEGL  : loaded /vendor/lib/egl/libGLESv2_adreno.so
11-14 20:28:08.292   411   423 I Adreno-EGL: <qeglDrvAPI_eglInitialize:320>: EGL 1.4 QUALCOMM Build: I0404c4692afb8623f95c43aeb6d5e13ed4b30ddbDate: 11/06/13
11-14 20:28:08.332   180   180 D dalvikvm: Trying to load lib libjavacore.so 0x0
11-14 20:28:08.332   180   180 D dalvikvm: Added shared lib libjavacore.so 0x0
11-14 20:28:08.342   180   180 D dalvikvm: Trying to load lib libnativehelper.so 0x0
11-14 20:28:08.342   180   180 D dalvikvm: Added shared lib libnativehelper.so 0x0
11-14 20:28:08.342   180   180 D dalvikvm: No JNI_OnLoad found in libnativehelper.so 0x0, skipping init
11-14 20:28:08.342   179   179 D qdutils : DEBUG_CALC_FPS: 0
11-14 20:28:08.342   179   179 D qdutils : period: 10
11-14 20:28:08.342   179   179 D qdutils : ignorethresh_us: 500000
11-14 20:28:08.492   180   180 D dalvikvm: Note: class Landroid/app/ActivityManagerNative; has 180 unimplemented (abstract) methods
11-14 20:28:08.592   191   232 E use-Rlog/RLOG-Diag_Lib:  Diag_LSM_Init: Failed to open handle to diag driver, error = 2
11-14 20:28:08.592   196   196 E use-Rlog/RLOG-Diag_Lib:  Diag_LSM_Init: Failed to open handle to diag driver, error = 2
11-14 20:28:08.592   175   175 D MDnsDS  : MDnsSdListener::Hander starting up
11-14 20:28:08.592   196   196 E QC-time-services: Daemon:genoff_modem_qmi_init: qmi_client_get_service_list returned -2num_services 0
11-14 20:28:08.592   175   596 D MDnsDS  : MDnsSdListener starting to monitor
11-14 20:28:08.592   175   596 D MDnsDS  : Going to poll with pollCount 1
11-14 20:28:08.622   188   600 E use-Rlog/RLOG-Diag_Lib:  Diag_LSM_Init: Failed to open handle to diag driver, error = 2
11-14 20:28:08.702   173   173 I rmt_storage: rmt_storage_connect_cb: clnt_h=0x1 conn_h=0xb760ad90
11-14 20:28:08.702   173   173 I rmt_storage: rmt_storage_open_cb: /boot/modem_fs1: clnt_h=0x1: req_h=0x1 msg_id=1: Client found
11-14 20:28:08.702   173   173 I rmt_storage: rmt_storage_open_cb: /boot/modem_fs1: clnt_h=0x1: req_h=0x1 msg_id=1: Send response: res=0 err=0
11-14 20:28:08.702   173   602 I rmt_storage: rmt_storage_client_thread: /boot/modem_fs1: clnt_h=0x1 Worker thread started
11-14 20:28:08.702   173   602 I rmt_storage: wake lock name: rmt_storage_-1218400560, name creation success: 23
11-14 20:28:08.702   173   173 I rmt_storage: rmt_storage_connect_cb: clnt_h=0x2 conn_h=0xb760ade8
11-14 20:28:08.702   173   173 I rmt_storage: rmt_storage_open_cb: /boot/modem_fs2: clnt_h=0x2: req_h=0x2 msg_id=1: Client found
11-14 20:28:08.702   173   173 I rmt_storage: rmt_storage_open_cb: /boot/modem_fs2: clnt_h=0x2: req_h=0x2 msg_id=1: Send response: res=0 err=0
11-14 20:28:08.702   173   603 I rmt_storage: rmt_storage_client_thread: /boot/modem_fs2: clnt_h=0x2 Worker thread started
11-14 20:28:08.702   173   603 I rmt_storage: wake lock name: rmt_storage_-1218399712, name creation success: 23
11-14 20:28:08.702   173   173 I rmt_storage: rmt_storage_connect_cb: clnt_h=0x3 conn_h=0xb760ae40
11-14 20:28:08.702   173   173 I rmt_storage: rmt_storage_open_cb: /boot/modem_fsg: clnt_h=0x3: req_h=0x3 msg_id=1: Client found
11-14 20:28:08.702   173   173 I rmt_storage: rmt_storage_open_cb: /boot/modem_fsg: clnt_h=0x3: req_h=0x3 msg_id=1: Send response: res=0 err=0
11-14 20:28:08.702   173   173 I rmt_storage: rmt_storage_connect_cb: clnt_h=0x4 conn_h=0xb760ae98
11-14 20:28:08.702   173   173 I rmt_storage: rmt_storage_open_cb: /boot/modem_fsc: clnt_h=0x4: req_h=0x4 msg_id=1: Client found
11-14 20:28:08.702   173   173 I rmt_storage: rmt_storage_open_cb: /boot/modem_fsc: clnt_h=0x4: req_h=0x4 msg_id=1: Send response: res=0 err=0
11-14 20:28:08.702   173   605 I rmt_storage: rmt_storage_client_thread: /boot/modem_fsc: clnt_h=0x4 Worker thread started
11-14 20:28:08.702   173   605 I rmt_storage: wake lock name: rmt_storage_-1218398544, name creation success: 23
11-14 20:28:08.702   173   173 I rmt_storage: rmt_storage_alloc_buff_cb: /boot/modem_fs1: clnt_h=0x1: req_h=0x5 msg_id=4: Alloc request received: Size: 1572864
11-14 20:28:08.702   173   173 I rmt_storage: rmt_storage_alloc_buff_cb: /boot/modem_fs1: clnt_h=0x1: req_h=0x5 msg_id=4: Send response: res=0 err=0
11-14 20:28:08.702   173   173 I rmt_storage: rmt_storage_rw_iovec_cb: /boot/modem_fs1: clnt_h=0x1: req_h=0x6 msg_id=3: R/W request received
11-14 20:28:08.702   173   173 I rmt_storage: Shared mem address set to 0xb68d2000
11-14 20:28:08.702   173   173 I rmt_storage: wakelock acquired: 1, error no: 2
11-14 20:28:08.702   173   602 I rmt_storage: rmt_storage_client_thread: /boot/modem_fs1: clnt_h=0x1 Unblock worker thread (th_id: -1218400560)
11-14 20:28:08.702   173   602 I rmt_storage: rmt_storage_client_thread: /boot/modem_fs1: clnt_h=0x1: req_h=0x6 msg_id=3: Bytes read = 512
11-14 20:28:08.702   173   602 I rmt_storage: rmt_storage_client_thread: /boot/modem_fs1: clnt_h=0x1: req_h=0x6 msg_id=3: Send response: res=0 err=0
11-14 20:28:08.702   173   602 I rmt_storage: rmt_storage_client_thread: /boot/modem_fs1: clnt_h=0x1 About to block rmt_storage client thread (th_id: -1218400560) wakelock released: 1, error no: 0
11-14 20:28:08.702   173   602 I rmt_storage: 
11-14 20:28:08.702   173   604 I rmt_storage: rmt_storage_client_thread: /boot/modem_fsg: clnt_h=0x3 Worker thread started
11-14 20:28:08.702   173   604 I rmt_storage: wake lock name: rmt_storage_-1218399128, name creation success: 23
11-14 20:28:08.702   173   173 I rmt_storage: rmt_storage_rw_iovec_cb: /boot/modem_fs2: clnt_h=0x2: req_h=0x7 msg_id=3: R/W request received
11-14 20:28:08.702   173   173 I rmt_storage: Shared mem address set to 0xb68d2000
11-14 20:28:08.702   173   173 I rmt_storage: wakelock acquired: 1, error no: 2
11-14 20:28:08.702   173   603 I rmt_storage: rmt_storage_client_thread: /boot/modem_fs2: clnt_h=0x2 Unblock worker thread (th_id: -1218399712)
11-14 20:28:08.702   173   603 I rmt_storage: rmt_storage_client_thread: /boot/modem_fs2: clnt_h=0x2: req_h=0x7 msg_id=3: Bytes read = 512
11-14 20:28:08.702   173   603 I rmt_storage: rmt_storage_client_thread: /boot/modem_fs2: clnt_h=0x2: req_h=0x7 msg_id=3: Send response: res=0 err=0
11-14 20:28:08.702   173   603 I rmt_storage: rmt_storage_client_thread: /boot/modem_fs2: clnt_h=0x2 About to block rmt_storage client thread (th_id: -1218399712) wakelock released: 1, error no: 0
11-14 20:28:08.702   173   603 I rmt_storage: 
11-14 20:28:08.702   173   173 I rmt_storage: rmt_storage_rw_iovec_cb: /boot/modem_fs2: clnt_h=0x2: req_h=0x8 msg_id=3: R/W request received
11-14 20:28:08.702   173   173 I rmt_storage: wakelock acquired: 1, error no: 2
11-14 20:28:08.702   173   603 I rmt_storage: rmt_storage_client_thread: /boot/modem_fs2: clnt_h=0x2 Unblock worker thread (th_id: -1218399712)
11-14 20:28:08.732   173   603 I rmt_storage: rmt_storage_client_thread: /boot/modem_fs2: clnt_h=0x2: req_h=0x8 msg_id=3: Bytes read = 1571840
11-14 20:28:08.732   173   603 I rmt_storage: rmt_storage_client_thread: /boot/modem_fs2: clnt_h=0x2: req_h=0x8 msg_id=3: Send response: res=0 err=0
11-14 20:28:08.732   173   603 I rmt_storage: rmt_storage_client_thread: /boot/modem_fs2: clnt_h=0x2 About to block rmt_storage client thread (th_id: -1218399712) wakelock released: 1, error no: 0
11-14 20:28:08.732   173   603 I rmt_storage: 
11-14 20:28:08.742   180   180 I boot_progress_preload_start: 5240
11-14 20:28:08.742   180   180 I SamplingProfilerIntegration: Profiling disabled.
11-14 20:28:08.742   180   180 I Zygote  : Preloading classes...
11-14 20:28:08.852   173   173 I rmt_storage: rmt_storage_connect_cb: clnt_h=0x5 conn_h=0xb760b160
11-14 20:28:08.852   173   173 I rmt_storage: rmt_storage_rw_iovec_cb: /boot/modem_fs1: clnt_h=0x1: req_h=0x9 msg_id=3: R/W request received
11-14 20:28:08.852   173   173 I rmt_storage: wakelock acquired: 1, error no: 2
11-14 20:28:08.852   173   602 I rmt_storage: rmt_storage_client_thread: /boot/modem_fs1: clnt_h=0x1 Unblock worker thread (th_id: -1218400560)
11-14 20:28:08.912   173   602 I rmt_storage: rmt_storage_client_thread: /boot/modem_fs1: clnt_h=0x1: req_h=0x9 msg_id=3: Bytes written = 1572864
11-14 20:28:08.912   173   602 I rmt_storage: rmt_storage_client_thread: /boot/modem_fs1: clnt_h=0x1: req_h=0x9 msg_id=3: Send response: res=0 err=0
11-14 20:28:08.912   173   602 I rmt_storage: rmt_storage_client_thread: /boot/modem_fs1: clnt_h=0x1 About to block rmt_storage client thread (th_id: -1218400560) wakelock released: 1, error no: 0
11-14 20:28:08.912   173   602 I rmt_storage: 
11-14 20:28:08.912   173   173 I rmt_storage: rmt_storage_disconnect_cb: clnt_h=0x0x5 conn_h=0x0xb760b160
11-14 20:28:08.982   606   606 D idmap   : error: no read access to /vendor/overlay: No such file or directory
11-14 20:28:09.392   173   173 I rmt_storage: rmt_storage_connect_cb: clnt_h=0x6 conn_h=0xb760b160
11-14 20:28:09.392   173   173 I rmt_storage: rmt_storage_rw_iovec_cb: /boot/modem_fs2: clnt_h=0x2: req_h=0xa msg_id=3: R/W request received
11-14 20:28:09.392   173   173 I rmt_storage: wakelock acquired: 1, error no: 2
11-14 20:28:09.392   173   603 I rmt_storage: rmt_storage_client_thread: /boot/modem_fs2: clnt_h=0x2 Unblock worker thread (th_id: -1218399712)
11-14 20:28:09.412   180   180 D TextLayoutCache: Using debug level = 0 - Debug Enabled = 0
11-14 20:28:09.452   173   603 I rmt_storage: rmt_storage_client_thread: /boot/modem_fs2: clnt_h=0x2: req_h=0xa msg_id=3: Bytes written = 1572864
11-14 20:28:09.452   173   603 I rmt_storage: rmt_storage_client_thread: /boot/modem_fs2: clnt_h=0x2: req_h=0xa msg_id=3: Send response: res=0 err=0
11-14 20:28:09.452   173   603 I rmt_storage: rmt_storage_client_thread: /boot/modem_fs2: clnt_h=0x2 About to block rmt_storage client thread (th_id: -1218399712) wakelock released: 1, error no: 0
11-14 20:28:09.452   173   603 I rmt_storage: 
11-14 20:28:09.452   173   173 I rmt_storage: rmt_storage_disconnect_cb: clnt_h=0x0x6 conn_h=0x0xb760b160
11-14 20:28:09.482   180   180 I dalvikvm: threadid=1: recursive native library load attempt (/system/lib/libmedia_jni.so)
11-14 20:28:09.482   180   180 D MtpDeviceJNI: register_android_mtp_MtpDevice
11-14 20:28:09.482   180   180 I dalvikvm: threadid=1: recursive native library load attempt (/system/lib/libmedia_jni.so)
11-14 20:28:09.482   180   180 I dalvikvm: threadid=1: recursive native library load attempt (/system/lib/libmedia_jni.so)
11-14 20:28:09.482   180   180 I dalvikvm: threadid=1: recursive native library load attempt (/system/lib/libmedia_jni.so)
11-14 20:28:09.632   180   180 D TelephonyManager: No /proc/cmdline exception=java.io.FileNotFoundException: /proc/cmdline: open failed: EACCES (Permission denied)
11-14 20:28:09.632   180   180 D TelephonyManager: /proc/cmdline=
11-14 20:28:09.792   180   180 I LibraryLoader: Loading: webviewchromium
11-14 20:28:09.962   180   180 I LibraryLoader: Time to load native libraries: 172 ms (timestamps 9805-9977)
11-14 20:28:09.962   180   180 I LibraryLoader: Expected native library version number "",actual native library version number ""
11-14 20:28:10.302   180   180 W Zygote  : Class not found for preloading: java.lang.UnsafeByteSequence
11-14 20:28:10.382   178   303 E RILQ    : (0/178): RIL[0][main] qcril_qmi_init_core_client_handles: qcril_qmi_presence_init returned failure(31)
11-14 20:28:10.412   178   303 E RILQ    : (0/178): RIL[0][main] qcril_qmi_nas_retrieve_custom_emergency_numbers_configured_value: Invalid value for properties count 0
11-14 20:28:10.412   178   617 E RILQ    : (0/178): RIL[0] get_ecc_property_name: ecc list name : ril.ecclist.
11-14 20:28:10.412   178   303 E RILQ    : (0/178): RIL[0][main] qcril_sms_perform_transport_layer_info_initialization: error while retrieving transport layer reg info
11-14 20:28:10.432   178   303 E use-Rlog/RLOG-Diag_Lib:  Diag_LSM_Init: Failed to open handle to diag driver, error = 2
11-14 20:28:10.432   180   180 I System  : Loaded time zone names for "" in 104ms (90ms in ICU)
11-14 20:28:10.472   178   303 E QMI_FW  : [LGE_VSS_QCCI][AP]Daemon:qcci_qmi_lge_vs_nv_init: qmi_client_get_service_list returned 0 num_services 1
11-14 20:28:10.472   178   303 E QMI_FW  : [LGE_VSS_QCCI][AP] qmi_client_get_service_list() returned 0 num_entries = 1 num_services = 1
11-14 20:28:10.472   178   303 E QMI_FW  : [LGE_VSS_QCCI][AP] qmi_client_init returned 0
11-14 20:28:10.482   180   180 I System  : Loaded time zone names for "en_US" in 47ms (41ms in ICU)
11-14 20:28:10.522   180   180 I Zygote  : ...preloaded 2777 classes in 1773ms.
11-14 20:28:10.592   178   309 E RILQ    : (0/178): RIL[0][event] qcril_uim_update_pbm_card_event: PBM_HANDLE_CARD 397313 processing Failed!
11-14 20:28:10.592   178   309 E RILQ    : (0/178): RIL[0][event] qcril_uim_update_pbm_card_event: PBM_HANDLE_CARD 397314 processing Failed!
11-14 20:28:10.592   196   196 E QC-time-services: Daemon:genoff_modem_qmi_init: qmi_client_get_service_list returned 0num_services 1
11-14 20:28:10.592   196   196 D QC-time-services: Daemon:genoff_modem_qmi_init: Initial transaction successfull
11-14 20:28:10.592   196   631 D QC-time-services: Daemon: Time-services: All initializations done
11-14 20:28:10.592   196   631 D QC-time-services: Daemon: Time-services: Waiting to acceptconnection
11-14 20:28:10.592   191   235 E ThermalEngine: qmi: Instance id 25 for fusion TS
11-14 20:28:10.592   196   629 D QC-time-services: Daemon:tod_update_ind_cb: Got Update from modem msg_id 40
11-14 20:28:10.602   191   231 I ThermalEngine: MODEM thermal mitigation available.
11-14 20:28:10.602   191   231 I ThermalEngine: ACTION: MODEM - Pending request: pa mitigation succeeded for level 0.
11-14 20:28:10.602   191   231 I ThermalEngine: ACTION: MODEM - Pending request: cpuv_restriction_cold mitigation succeeded for level 0.
11-14 20:28:10.602   191   233 I ThermalEngine: ADSP thermal mitigation available.
11-14 20:28:10.602   191   233 I ThermalEngine: ACTION: ADSP - Pending request: cpuv_restriction_cold mitigation succeeded for level 0.
11-14 20:28:10.802   180   180 I boot_progress_preload_end: 7309
11-14 20:28:10.802   180   180 D libEGL  : loaded /vendor/lib/egl/libEGL_adreno.so
11-14 20:28:10.802   180   180 D libEGL  : loaded /vendor/lib/egl/libGLESv1_CM_adreno.so
11-14 20:28:10.802   180   180 D libEGL  : loaded /vendor/lib/egl/libGLESv2_adreno.so
11-14 20:28:10.862   180   180 I dalvikvm: System server process 650 has been created
11-14 20:28:10.862   180   180 I Zygote  : Accepting command socket connections
11-14 20:28:10.932   650   650 D SensorService: nuSensorService starting...
11-14 20:28:10.932   650   650 I libsensor1: sensor1_init_once: Setting log level to 4
11-14 20:28:10.932   650   650 I qcom_sensors_hal: hal_init: Setting log level to 4
11-14 20:28:10.932   188   706 E Sensors : sns_debug_main.c(438):Debug Config File missing in EFS!
11-14 20:28:10.932   650   650 I SystemServer: Entered the Android system server!
11-14 20:28:10.942   195   195 E libsensor1: sensor1_open: Error in connect() errno=111 Connection refused
11-14 20:28:10.942   195   195 E mm-camera: Failed to open sensor1 port
11-14 20:28:10.942   195   195 I mm-camera: gyro_module_start_session: dsps_proc_init() failed
11-14 20:28:10.942   195   195 I mm-camera: gyro_module_get_port: Exit failure
11-14 20:28:10.942   195   195 I mm-camera: cpp_module_start_session:352, info: starting session 1
11-14 20:28:10.962   195   709 I mm-camera: cpp_thread_func:55: cpp_thread entering the polling loop...
11-14 20:28:10.962   195   195 I mm-camera: cpp_module_start_session:422, info: cpp_thread created.
11-14 20:28:10.962   195   195 I mm-camera: cpp_module_start_session:425, info: session 1 started.
11-14 20:28:10.962   195   195 I mm-camera: c2d_module_start_session:246, info: starting session 1
11-14 20:28:10.962   195   710 I mm-camera: c2d_thread_func:39: c2d_thread entering the polling loop...
11-14 20:28:10.962   195   195 I mm-camera: c2d_module_start_session:284, info: c2d_thread created.
11-14 20:28:10.962   195   195 I mm-camera: c2d_module_start_session:306, info: session 1 started.
11-14 20:28:10.962   195   195 I mm-camera-sensor: module_module_set_session_data:2435 max delay 2 report dSelay 1
11-14 20:28:10.962   195   195 D mm-camera: module_faceproc_set_session_data:1826] Per frame control 2 1
11-14 20:28:10.962   182   182 D mm-camera-intf: mm_camera_open:  opened, break out while loop
11-14 20:28:10.962   195   712 I mm-camera: mct_pipeline_process_set:command=800000b
11-14 20:28:10.962   195   712 E mm-camera: mct_pipeline_get_stream: no children
11-14 20:28:10.962   195   712 E mm-camera: mct_pipeline_process_set:1370: Couldn't find stream
11-14 20:28:10.962   195   195 I mm-camera-sensor: module_sensor_stop_session:630 session 1
11-14 20:28:10.982   195   195 I mm-camera: stats_module_stop_session: list =0xb8968e60, remove port =0xb895fd90 name=stats_sink from module=0xb8949778, name=stats
11-14 20:28:10.982   195   195 I mm-camera: stats_module_stop_session: 1 port =0xb895fd90 name=stats_sink 
11-14 20:28:10.982   195   195 I mm-camera: stats_module_stop_session: 2 port =0xb895fd90 name=stats_sink 
11-14 20:28:10.982   195   195 I mm-camera: gyro_module_stop_session: Enter
11-14 20:28:10.982   195   195 I mm-camera: stats_module_stop_session: 3 port =0xb895fd90 name=stats_sink 
11-14 20:28:10.982   195   195 I mm-camera: cpp_module_stop_session:453, info: stopping session 1 ...
11-14 20:28:10.982   195   709 I mm-camera: cpp_thread_process_pipe_message:359, CPP_THREAD_MSG_ABORT: cpp_thread exiting..
11-14 20:28:10.982   195   195 I mm-camera: cpp_module_stop_session:495, info: session 1 stopped.
11-14 20:28:10.982   195   195 I mm-camera: c2d_module_stop_session:322, info: stopping session 1 ...
11-14 20:28:10.982   195   710 I mm-camera: c2d_thread_process_pipe_message:503, C2D_THREAD_MSG_ABORT: c2d_thread exiting..
11-14 20:28:10.992   195   195 I mm-camera: c2d_module_stop_session:361, info: session 1 stopped.
11-14 20:28:10.992   182   182 D QCamera3HWI: static int8_t qcamera::QCamera3HardwareInterface::lookupFwkName(const qcamera::QCamera3HardwareInterface::QCameraMap*, int, int): Cannot find matching framework type
11-14 20:28:10.992   182   182 D QCamera3HWI: static int8_t qcamera::QCamera3HardwareInterface::lookupFwkName(const qcamera::QCamera3HardwareInterface::QCameraMap*, int, int): Cannot find matching framework type
11-14 20:28:10.992   182   182 D QCamera3HWI: static int8_t qcamera::QCamera3HardwareInterface::lookupFwkName(const qcamera::QCamera3HardwareInterface::QCameraMap*, int, int): Cannot find matching framework type
11-14 20:28:10.992   182   182 D QCamera3HWI: static int8_t qcamera::QCamera3HardwareInterface::lookupFwkName(const qcamera::QCamera3HardwareInterface::QCameraMap*, int, int): Cannot find matching framework type
11-14 20:28:10.992   182   182 D QCamera3HWI: static int8_t qcamera::QCamera3HardwareInterface::lookupFwkName(const qcamera::QCamera3HardwareInterface::QCameraMap*, int, int): Cannot find matching framework type
11-14 20:28:10.992   182   182 D QCamera3HWI: static int8_t qcamera::QCamera3HardwareInterface::lookupFwkName(const qcamera::QCamera3HardwareInterface::QCameraMap*, int, int): Cannot find matching framework type
11-14 20:28:10.992   182   182 D QCamera3HWI: static int8_t qcamera::QCamera3HardwareInterface::lookupFwkName(const qcamera::QCamera3HardwareInterface::QCameraMap*, int, int): Cannot find matching framework type
11-14 20:28:10.992   182   182 D QCamera3HWI: static int8_t qcamera::QCamera3HardwareInterface::lookupFwkName(const qcamera::QCamera3HardwareInterface::QCameraMap*, int, int): Cannot find matching framework type
11-14 20:28:10.992   182   182 D QCamera3HWI: static int8_t qcamera::QCamera3HardwareInterface::lookupFwkName(const qcamera::QCamera3HardwareInterface::QCameraMap*, int, int): Cannot find matching framework type
11-14 20:28:10.992   182   182 D mm-camera-intf: mm_camera_open: dev name = /dev/video2, cam_idx = 2
11-14 20:28:10.992   195   195 I mm-camera-sensor: module_sensor_start_session:577 session 2
11-14 20:28:11.212   195   195 I mm-camera-sensor: module_sensor_init_session:471 ois device is not supported
11-14 20:28:11.212   195   195 I mm-camera-sensor: 
11-14 20:28:11.222   195   195 I mm-camera: gyro_module_start_session: Enter
11-14 20:28:11.222   195   195 I mm-camera: gyro_module_start_session: Init DSPS
11-14 20:28:12.832   187   187 E use-Rlog/RLOG-Diag_Lib:  Diag_LSM_Init: Failed to open handle to diag driver, error = 2
11-14 20:28:12.972   188   720 E Sensors : sns_smr_util.c(104):Unable to initialize service 259 with QCCI, timed out (2000 ms)
11-14 20:28:13.422   188   720 E Sensors : sns_acm_mr.c(388):Error getting info for service 3
11-14 20:28:13.422   195   708 E mm-camera: dsps_callback: Invalid Message Type
11-14 20:28:13.472   650   650 I boot_progress_system_run: 9978
11-14 20:28:13.472   650   650 I SensorService: MPU6515 Accelerometer
11-14 20:28:13.472   650   650 I SensorService: AK8963 Magnetometer
11-14 20:28:13.472   650   650 I SensorService: AK8963 Magnetometer Uncalibrated
11-14 20:28:13.472   650   650 I SensorService: MPU6515 Gyroscope
11-14 20:28:13.472   650   650 I SensorService: MPU6515 Gyroscope Uncalibrated
11-14 20:28:13.472   650   650 I SensorService: Proximity Proximity & Light
11-14 20:28:13.472   650   650 I SensorService: Light Proximity & Light
11-14 20:28:13.472   650   650 I SensorService: BMP280 Barometer
11-14 20:28:13.472   650   650 I SensorService: Gravity
11-14 20:28:13.472   650   650 I SensorService: Linear Acceleration
11-14 20:28:13.472   650   650 I SensorService: Rotation Vector
11-14 20:28:13.472   650   650 I SensorService: Step Detector
11-14 20:28:13.472   650   650 I SensorService: Step Counter
11-14 20:28:13.472   650   650 I SensorService: Significant Motion Detector
11-14 20:28:13.472   650   650 I SensorService: Game Rotation Vector
11-14 20:28:13.472   650   650 I SensorService: Geomagnetic Rotation Vector
11-14 20:28:13.472   650   650 I SensorService: Orientation
11-14 20:28:13.472   650   650 I SensorService: MPU6515 Game Rotation Vector Secondary
11-14 20:28:13.472   650   650 D SensorService: Max socket buffer size 1048576
11-14 20:28:13.472   650   866 D SensorService: nuSensorService thread starting...
11-14 20:28:13.472   650   650 I SystemServer: Waiting for installd to be ready.
11-14 20:28:13.472   650   867 I SystemServer: Enabled StrictMode logging for WM Looper
11-14 20:28:13.482   183   183 I installd: new connection
11-14 20:28:13.482   650   650 I QCOM PowerHAL: QCOM power HAL initing.
11-14 20:28:13.482   650   650 I Installer: connecting...
11-14 20:28:13.482   650   650 I SystemServer: Power Manager
11-14 20:28:13.482   650   650 I SystemServer: Activity Manager
11-14 20:28:13.492   650   870 I ActivityManager: Memory class: 192
11-14 20:28:13.522   195   195 I mm-camera: gyro_module_start_session: Exit successful
11-14 20:28:13.522   195   195 I mm-camera: gyro_module_get_port: Exit successful
11-14 20:28:13.522   195   195 I mm-camera: cpp_module_start_session:352, info: starting session 2
11-14 20:28:13.542   195   195 I mm-camera: cpp_module_start_session:422, info: cpp_thread created.
11-14 20:28:13.542   195   195 I mm-camera: cpp_module_start_session:425, info: session 2 started.
11-14 20:28:13.542   195   880 I mm-camera: cpp_thread_func:55: cpp_thread entering the polling loop...
11-14 20:28:13.542   195   195 I mm-camera: c2d_module_start_session:246, info: starting session 2
11-14 20:28:13.542   195   195 I mm-camera: c2d_module_start_session:284, info: c2d_thread created.
11-14 20:28:13.542   195   881 I mm-camera: c2d_thread_func:39: c2d_thread entering the polling loop...
11-14 20:28:13.542   195   195 I mm-camera: c2d_module_start_session:306, info: session 2 started.
11-14 20:28:13.542   195   195 I mm-camera-sensor: module_module_set_session_data:2435 max delay 2 report dSelay 1
11-14 20:28:13.542   195   195 D mm-camera: module_faceproc_set_session_data:1826] Per frame control 2 1
11-14 20:28:13.542   182   182 D mm-camera-intf: mm_camera_open:  opened, break out while loop
11-14 20:28:13.552   195   883 I mm-camera: mct_pipeline_process_set:command=800000b
11-14 20:28:13.552   195   883 E mm-camera: mct_pipeline_get_stream: no children
11-14 20:28:13.552   195   883 E mm-camera: mct_pipeline_process_set:1370: Couldn't find stream
11-14 20:28:13.552   195   195 I mm-camera-sensor: module_sensor_stop_session:630 session 2
11-14 20:28:13.612   650   887 I UiThread: Enabled StrictMode logging for UI thread
11-14 20:28:13.612   650   650 I IntentFirewall: Read new rules (A:0 B:0 S:0)
11-14 20:28:13.622   650   650 I SystemServer: Display Manager
11-14 20:28:13.622   650   870 I ActivityManager: Enabled StrictMode logging for AThread's Looper
11-14 20:28:13.632   650   650 I SystemServer: Telephony Registry
11-14 20:28:13.632   650   650 I SystemServer: Scheduling Policy
11-14 20:28:13.632   650   867 I DisplayManagerService: Display device added: DisplayDeviceInfo{"Built-in Screen": 1080 x 1920, 60.0 fps, density 480, 442.451 x 443.345 dpi, touch INTERNAL, rotation 0, type BUILT_IN, FLAG_DEFAULT_DISPLAY, FLAG_ROTATES_WITH_CONTENT, FLAG_SECURE, FLAG_SUPPORTS_PROTECTED_BUFFERS}
11-14 20:28:13.632   650   650 I SystemServer: Package Manager
11-14 20:28:13.642   650   650 I boot_progress_pms_start: 10140
11-14 20:28:13.642   195   195 I mm-camera: stats_module_stop_session: list =0xb8965cd8, remove port =0xb895b8d8 name=stats_sink from module=0xb8949778, name=stats
11-14 20:28:13.642   195   195 I mm-camera: stats_module_stop_session: 1 port =0xb895b8d8 name=stats_sink 
11-14 20:28:13.642   195   195 I mm-camera: stats_module_stop_session: 2 port =0xb895b8d8 name=stats_sink 
11-14 20:28:13.642   195   195 I mm-camera: gyro_module_stop_session: Enter
11-14 20:28:13.732   650   650 D SELinuxMMAC: Couldn't find install policy /data/security/mac_permissions.xml
11-14 20:28:13.732   650   650 D SELinuxMMAC: Using install policy file /system/etc/security/mac_permissions.xml
11-14 20:28:13.892   650   650 I boot_progress_pms_system_scan_start: 10399
11-14 20:28:13.982   650   650 D PackageManager: No files in app dir /vendor/overlay
11-14 20:28:14.042   195   195 I mm-camera: gyro_module_stop_session: Deinit DSPS
11-14 20:28:14.042   195   195 I mm-camera: gyro_module_stop_session: Exit successful
11-14 20:28:14.042   195   195 I mm-camera: stats_module_stop_session: 3 port =0xb895b8d8 name=stats_sink 
11-14 20:28:14.042   195   195 I mm-camera: cpp_module_stop_session:453, info: stopping session 2 ...
11-14 20:28:14.042   195   880 I mm-camera: cpp_thread_process_pipe_message:359, CPP_THREAD_MSG_ABORT: cpp_thread exiting..
11-14 20:28:14.042   195   195 I mm-camera: cpp_module_stop_session:495, info: session 2 stopped.
11-14 20:28:14.042   195   195 I mm-camera: c2d_module_stop_session:322, info: stopping session 2 ...
11-14 20:28:14.042   195   881 I mm-camera: c2d_thread_process_pipe_message:503, C2D_THREAD_MSG_ABORT: c2d_thread exiting..
11-14 20:28:14.042   195   195 I mm-camera: c2d_module_stop_session:361, info: session 2 stopped.
11-14 20:28:14.042   182   182 D QCamera3HWI: static int8_t qcamera::QCamera3HardwareInterface::lookupFwkName(const qcamera::QCamera3HardwareInterface::QCameraMap*, int, int): Cannot find matching framework type
11-14 20:28:14.042   182   182 D QCamera3HWI: static int8_t qcamera::QCamera3HardwareInterface::lookupFwkName(const qcamera::QCamera3HardwareInterface::QCameraMap*, int, int): Cannot find matching framework type
11-14 20:28:14.042   182   182 D QCamera3HWI: static int8_t qcamera::QCamera3HardwareInterface::lookupFwkName(const qcamera::QCamera3HardwareInterface::QCameraMap*, int, int): Cannot find matching framework type
11-14 20:28:14.042   182   182 D QCamera3HWI: static int8_t qcamera::QCamera3HardwareInterface::lookupFwkName(const qcamera::QCamera3HardwareInterface::QCameraMap*, int, int): Cannot find matching framework type
11-14 20:28:14.042   182   182 D QCamera3HWI: static int8_t qcamera::QCamera3HardwareInterface::lookupFwkName(const qcamera::QCamera3HardwareInterface::QCameraMap*, int, int): Cannot find matching framework type
11-14 20:28:14.042   182   182 D QCamera3HWI: static int8_t qcamera::QCamera3HardwareInterface::lookupFwkName(const qcamera::QCamera3HardwareInterface::QCameraMap*, int, int): Cannot find matching framework type
11-14 20:28:14.042   182   182 D QCamera3HWI: static int8_t qcamera::QCamera3HardwareInterface::lookupFwkName(const qcamera::QCamera3HardwareInterface::QCameraMap*, int, int): Cannot find matching framework type
11-14 20:28:14.042   182   182 D QCamera3HWI: static int8_t qcamera::QCamera3HardwareInterface::lookupFwkName(const qcamera::QCamera3HardwareInterface::QCameraMap*, int, int): Cannot find matching framework type
11-14 20:28:14.052   182   182 I AudioPolicyManagerBase: loadAudioPolicyConfig() loaded /system/etc/audio_policy.conf
11-14 20:28:14.062   182   182 D audio_hw_primary: adev_open: enter
11-14 20:28:14.112   650   650 W PackageParser: No actions in intent filter at /system/priv-app/Contacts.apk Binary XML file line #389
11-14 20:28:14.172   650   650 W PackageParser: No actions in intent filter at /system/priv-app/Dialer.apk Binary XML file line #197
11-14 20:28:14.212   182   182 V msm8974_platform: platform_init: DLOPEN successful for libacdbloader.so
11-14 20:28:14.212   182   182 D         : [ACDB Command]->SW Minor/Major version mismatch warning /etc/Bluetooth_cal.acdb
11-14 20:28:14.212   182   182 D         : [ACDB Command]->ACDB Sw Major = 2, ACDB Sw Minor = 0
11-14 20:28:14.212   182   182 D         : [ACDB Command]->ACDB File Major = 1, ACDB File Minor = 3
11-14 20:28:14.212   182   182 D         : [ACDB Command]->SW Minor/Major version mismatch warning /etc/General_cal.acdb
11-14 20:28:14.212   182   182 D         : [ACDB Command]->ACDB Sw Major = 2, ACDB Sw Minor = 0
