11-14 20:28:18.471   650   650 I notification_cancel: [com.android.phone,7,NULL,0,0,64]
11-14 20:28:18.471   650   650 I notification_cancel: [com.android.phone,7,NULL,0,0,64]
11-14 20:28:18.471  1123  1123 D SIMRecords: [SIMRecords] EF_MWIS : null
11-14 20:28:18.471  1123  1123 D SIMRecords: [SIMRecords] EVENT_GET_MWIS_DONE exception = com.android.internal.telephony.CommandException: GENERIC_FAILURE
11-14 20:28:18.471  1123  1123 D SIMRecords: [SIMRecords] onRecordLoaded 14 requested: true
11-14 20:28:18.471  1123  1123 D SIMRecords: [SIMRecords] EF_CPHS_MWI: null
11-14 20:28:18.471  1123  1123 D SIMRecords: [SIMRecords] EVENT_GET_VOICE_MAIL_INDICATOR_CPHS_DONE exception = com.android.internal.telephony.CommandException: GENERIC_FAILURE
11-14 20:28:18.471  1123  1123 D SIMRecords: [SIMRecords] onRecordLoaded 13 requested: true
11-14 20:28:18.471  1123  1123 D SIMRecords: [SIMRecords] onRecordLoaded 12 requested: true
11-14 20:28:18.471  1123  1123 D SIMRecords: [SIMRecords] onRecordLoaded 11 requested: true
11-14 20:28:18.471  1123  1123 D NotificationMgr: hideDataDisconnectedRoaming()...
11-14 20:28:18.471  1123  1123 D NotificationMgr: hideDataDisconnectedRoaming()...
11-14 20:28:18.471  1123  1123 D NotificationMgr: hideDataDisconnectedRoaming()...
11-14 20:28:18.471  1123  1123 D NotificationMgr: hideDataDisconnectedRoaming()...
11-14 20:28:18.471  1123  1123 D NotificationMgr: hideDataDisconnectedRoaming()...
11-14 20:28:18.471  1123  1123 D NotificationMgr: hideDataDisconnectedRoaming()...
11-14 20:28:18.471  1123  1123 D NotificationMgr: hideDataDisconnectedRoaming()...
11-14 20:28:18.471  1123  1123 D NotificationMgr: hideDataDisconnectedRoaming()...
11-14 20:28:18.471  1123  1123 D NotificationMgr: hideDataDisconnectedRoaming()...
11-14 20:28:18.481  1123  1247 D RILJ    : [3685]< SIM_IO IccIoResponse sw1:0x90 sw2:0x0
11-14 20:28:18.481  1123  1123 D RILJ    : [3711]> iccIO: SIM_IO 0xb0 0x6f46  path: 3F007FFF,0,0,17 aid: a0000000871002ff86ffff89ffffffff
11-14 20:28:18.511   650   897 I configuration_changed: 3
11-14 20:28:18.511  1123  1247 D RilRequest: [3686]< SIM_IO error: com.android.internal.telephony.CommandException: GENERIC_FAILURE ret=IccIoResponse sw1:0x6a sw2:0x82
11-14 20:28:18.511  1123  1123 D SIMRecords: [SIMRecords] onRecordLoaded 10 requested: true
11-14 20:28:18.511  1123  1247 D RILJ    : [3709]< SIM_IO IccIoResponse sw1:0x90 sw2:0x0
11-14 20:28:18.511  1123  1123 D SIMRecords: [SIMRecords] EF_AD: 00000002
11-14 20:28:18.511  1123  1123 D MccTable: updateMccMncConfiguration: mcc=460, mnc=1
11-14 20:28:18.511  1123  1123 D MccTable: getLocaleFromMcc to zh_cn mcc=460
11-14 20:28:18.511  1123  1123 D MccTable: getLocaleForLanguageCountry: skipping already persisted
11-14 20:28:18.511  1123  1123 D MccTable: getLocaleForLanguageCountry: X locale=null
11-14 20:28:18.511  1123  1123 D MccTable: updateMccMncConfiguration updateConfig config={1.0 460mcc1mnc ?locale ?layoutDir ?swdp ?wdp ?hdp ?density ?lsize ?long ?orien ?uimode ?night ?touch ?keyb/?/? ?nav/? themeResource=null}
11-14 20:28:18.511   650   897 I ActivityManager: Config changes=3 {1.0 460mcc1mnc en_US ldltr sw360dp w360dp h567dp 480dpi nrml port finger -keyb/v/h -nav/h s.5 themeResource=null}
11-14 20:28:18.521  1123  1247 D RILJ    : [3687]< SIM_IO IccIoResponse sw1:0x90 sw2:0x0
11-14 20:28:18.521   179   535 D PermissionCache: checking android.permission.READ_FRAME_BUFFER for uid=1000 => granted (169 us)
11-14 20:28:18.561   650   897 I am_relaunch_resume_activity: [0,1108979816,1,com.cyanogenmod.trebuchet/org.cyanogenmod.trebuchet.CustomHomeLauncher]
11-14 20:28:18.561  1123  1123 D SIMRecords: [SIMRecords] onRecordLoaded 9 requested: true
11-14 20:28:18.561  1123  1123 D RILJ    : [3712]> iccIO: SIM_IO 0xb2 0x6fc5  path: 3F007FFF,1,4,14 aid: a0000000871002ff86ffff89ffffffff
11-14 20:28:18.571  1123  1247 D RILJ    : [3688]< SIM_IO IccIoResponse sw1:0x90 sw2:0x0
11-14 20:28:18.571  1123  1123 D RILJ    : [3713]> iccIO: SIM_IO 0xb0 0x6f38  path: 3F007FFF,0,0,10 aid: a0000000871002ff86ffff89ffffffff
11-14 20:28:18.581   650   870 I am_proc_start: [0,1458,10043,com.cyanogenmod.lockclock,broadcast,com.cyanogenmod.lockclock/.ClockWidgetProvider]
11-14 20:28:18.581  1458  1458 V Zygote  : Switching descriptor 33 to /dev/null
11-14 20:28:18.581  1458  1458 V Zygote  : Switching descriptor 10 to /dev/null
11-14 20:28:18.581   650   870 I ActivityManager: Start proc com.cyanogenmod.lockclock for broadcast com.cyanogenmod.lockclock/.ClockWidgetProvider: pid=1458 uid=10043 gids={50043, 3003}
11-14 20:28:18.601  1183  1183 I am_on_paused_called: [0,org.cyanogenmod.trebuchet.CustomHomeLauncher]
11-14 20:28:18.601  1123  1247 D RilRequest: [3689]< SIM_IO error: com.android.internal.telephony.CommandException: GENERIC_FAILURE ret=IccIoResponse sw1:0x6a sw2:0x82
11-14 20:28:18.601  1123  1123 D SIMRecords: [SIMRecords] onRecordLoaded 8 requested: true
11-14 20:28:18.601  1183  1253 W Launcher.Model: LoaderTask running with no launcher (loadAllApps)
11-14 20:28:18.621   650  1208 I am_proc_bound: [0,1458,com.cyanogenmod.lockclock]
11-14 20:28:18.621  1123  1247 D RilRequest: [3690]< SIM_IO error: com.android.internal.telephony.CommandException: GENERIC_FAILURE ret=IccIoResponse sw1:0x6a sw2:0x82
11-14 20:28:18.621  1123  1123 E SIMRecords: [SIMRecords] Exception in fetching EF_CSP data com.android.internal.telephony.CommandException: GENERIC_FAILURE
11-14 20:28:18.621  1123  1123 D SIMRecords: [SIMRecords] onRecordLoaded 7 requested: true
11-14 20:28:18.631  1458  1458 D ActivityThread: handleBindApplication:com.cyanogenmod.lockclock
11-14 20:28:18.631  1458  1458 D ActivityThread: setTargetHeapUtilization:0.75
11-14 20:28:18.631  1458  1458 D ActivityThread: setTargetHeapMinFree:524288
11-14 20:28:18.641  1123  1247 D RILJ    : [3691]< SIM_IO IccIoResponse sw1:0x90 sw2:0x0
11-14 20:28:18.641  1123  1123 D RILJ    : [3714]> iccIO: SIM_IO 0xb0 0x6f3e  path: 3F007FFF,0,0,1 aid: a0000000871002ff86ffff89ffffffff
11-14 20:28:18.651  1123  1247 D RILJ    : [3692]< SIM_IO IccIoResponse sw1:0x90 sw2:0x0
11-14 20:28:18.661  1123  1123 D SIMRecords: [SIMRecords] EVENT_GET_SMS_RECORD_SIZE_DONE Size 176 total 8800 record 50
11-14 20:28:18.661  1123  1247 D RILJ    : [3702]< SIM_IO IccIoResponse sw1:0x90 sw2:0x0
11-14 20:28:18.661  1123  1123 D SIMRecords: [SIMRecords] iccid: 89860115921101579076
11-14 20:28:18.661  1123  1123 D SIMRecords: [SIMRecords] onRecordLoaded 6 requested: true
11-14 20:28:18.681  1123  1247 D RILJ    : [3708]< SIM_IO IccIoResponse sw1:0x90 sw2:0x0
11-14 20:28:18.681   650   650 D Tethering: exception when get active network info:java.lang.NullPointerException
11-14 20:28:18.701   650  1180 I am_create_service: [0,1111167368,.ClockWidgetService,10043,1458]
11-14 20:28:18.701  1123  1123 D SipBroadcastReceiver: onReceive: start auto registration
11-14 20:28:18.701  1123  1123 D SIMRecords: [SIMRecords] MSISDN: xxxxxxx
11-14 20:28:18.701  1123  1123 D SIMRecords: [SIMRecords] onRecordLoaded 5 requested: true
11-14 20:28:18.711   650  1258 I am_proc_start: [0,1476,10010,com.android.mms,broadcast,com.android.mms/.widget.MmsWidgetProvider]
11-14 20:28:18.711  1123  1247 D RilRequest: [3710]< SIM_IO error: com.android.internal.telephony.CommandException: GENERIC_FAILURE ret=IccIoResponse sw1:0x6a sw2:0x82
11-14 20:28:18.711  1123  1247 D RILJ    : [3711]< SIM_IO IccIoResponse sw1:0x90 sw2:0x0
11-14 20:28:18.711  1123  1123 D SIMRecords: [SIMRecords] Invalid or missing EF[MAILBOX]
11-14 20:28:18.711  1123  1123 D SIMRecords: [SIMRecords] onRecordLoaded 4 requested: true
11-14 20:28:18.711  1123  1247 D RILJ    : [3712]< SIM_IO IccIoResponse sw1:0x90 sw2:0x0
11-14 20:28:18.711  1123  1123 D SIMRecords: [SIMRecords] Load EF_SPN:  spnDisplayCondition: 0
11-14 20:28:18.711  1123  1247 D RILJ    : [3713]< SIM_IO IccIoResponse sw1:0x90 sw2:0x0
11-14 20:28:18.711  1123  1123 D SIMRecords: [SIMRecords] onRecordLoaded 3 requested: true
11-14 20:28:18.711  1123  1123 D SIMRecords: [SIMRecords] onRecordLoaded 2 requested: true
11-14 20:28:18.711  1123  1123 D SIMRecords: [SIMRecords] SST: UsimServiceTable[80]={ FDN, FDN_EXTENSION, SDN, SDN_EXTENSION, OUTGOING_CALL_INFO, INCOMING_CALL_INFO, SM_STORAGE, SM_STATUS_REPORTS, SM_SERVICE_PARAMS, ADVICE_OF_CHARGE, CAP_CONFIG_PARAMS_2, CB_MESSAGE_ID, CB_MESSAGE_ID_RANGES, GROUP_ID_LEVEL_1, GROUP_ID_LEVEL_2, SPN, USER_PLMN_SELECT, MSISDN, IMAGE, EMLPP, EMLPP_AUTO_ANSWER, GSM_ACCESS, DATA_DL_VIA_SMS_PP, DATA_DL_VIA_SMS_CB, CALL_CONTROL_BY_USIM, MO_SMS_CONTROL_BY_USIM, RUN_AT_COMMAND, IGNORED_1, ENABLED_SERVICES_TABLE, APN_CONTROL_LIST, DEPERSONALISATION_CONTROL_KEYS, COOPERATIVE_NETWORK_LIST, GSM_SECURITY_CONTEXT, CPBCCH_INFO, INVESTIGATION_SCAN, OPERATOR_PLMN_SELECT, HPLMN_SELECT, EXTENSION_5, PLMN_NETWORK_NAME, OPERATOR_PLMN_LIST, SERVICE_PROVIDER_DISPLAY_INFO, MMS_NOTIFICATION, MMS_NOTIFICATION_EXTENSION, MMS_CONNECTIVITY_PARAMS, NETWORK_INDICATION_OF_ALERTING, VGCS_GROUP_ID_LIST, VBS_GROUP_ID_LIST, EQUIVALENT_HPLMN, EQUIVALENT_HPLMN_PRESENTATION }
11-14 20:28:18.711  1123  1123 D SIMRecords: [SIMRecords] onRecordLoaded 1 requested: true
11-14 20:28:18.711  1476  1476 V Zygote  : Switching descriptor 33 to /dev/null
11-14 20:28:18.711  1476  1476 V Zygote  : Switching descriptor 10 to /dev/null
11-14 20:28:18.711   650  1258 I ActivityManager: Start proc com.android.mms for broadcast com.android.mms/.widget.MmsWidgetProvider: pid=1476 uid=10010 gids={50010, 3003, 1028, 1015}
11-14 20:28:18.731  1123  1247 D RILJ    : [3714]< SIM_IO IccIoResponse sw1:0x90 sw2:0x0
11-14 20:28:18.731  1123  1123 D SIMRecords: [SIMRecords] GID1: ff
11-14 20:28:18.731  1123  1123 D SIMRecords: [SIMRecords] onRecordLoaded 0 requested: true
11-14 20:28:18.731  1123  1123 D SIMRecords: [SIMRecords] record load complete
11-14 20:28:18.731  1123  1123 D SIMRecords: [SIMRecords] onAllRecordsLoaded set 'gsm.apn.sim.operator.numeric' to operator='46001'
11-14 20:28:18.731  1123  1123 D IccCardProxy: updateproperty operator =46001
11-14 20:28:18.731  1123  1123 D IccCardProxy: Broadcasting intent ACTION_SIM_STATE_CHANGED LOADED reason null
11-14 20:28:18.751  1183  1183 W Launcher: setApplicationContext called twice! old=com.android.launcher3.LauncherApplication@41e67c00 new=com.android.launcher3.LauncherApplication@41e67c00
11-14 20:28:18.761   179   179 I sf_frame_dur: [com.cyanogenmod.trebuchet/org.cyanogenmod.trebuchet.CustomHomeLauncher,0,2,0,0,1,0,0]
11-14 20:28:18.771   650  1207 I am_proc_bound: [0,1476,com.android.mms]
11-14 20:28:18.791  1476  1476 D ActivityThread: handleBindApplication:com.android.mms
11-14 20:28:18.791  1476  1476 D ActivityThread: setTargetHeapUtilization:0.75
11-14 20:28:18.791  1476  1476 D ActivityThread: setTargetHeapMinFree:524288
11-14 20:28:18.801   650  1207 I am_destroy_service: [0,1111167368,1458]
11-14 20:28:18.851  1123  1123 D GSMPhone: updateCallForwardStatus got sim records
11-14 20:28:18.851  1123  1123 D PhoneBase: Voicemail count retrieval for Imsi = null current Imsi = 460011952973996 sub = 0
11-14 20:28:18.851  1123  1123 D GSMPhone: updateVoiceMail countVoiceMessages = 0
11-14 20:28:18.861  1123  1123 D GsmSST  : [GsmSST] EVENT_SIM_RECORDS_LOADED: what=16
11-14 20:28:18.861  1123  1123 D PhoneProxy: [PhoneProxy] updatePhoneObject: radioTechnology=0
11-14 20:28:18.861  1123  1123 D GsmSST  : [GsmSST] updateSpnDisplay: radio is on but out of service, set plmn='No service.'
11-14 20:28:18.861  1123  1123 D GsmSST  : [GsmSST] updateSpnDisplay: changed sending intent rule=3 showPlmn='true' plmn='No service.' showSpn='true' spn=''
11-14 20:28:18.871   650   650 I notification_cancel: [com.android.phone,5,NULL,0,0,64]
11-14 20:28:18.871  1123  1123 D GSMPhone: Get callforwarding info from perferences
11-14 20:28:18.871  1123  1123 D GSMPhone: Callforwarding is false
11-14 20:28:18.871  1123  1123 D PhoneProxy: [PhoneProxy] phoneObjectUpdater: newVoiceRadioTech=0
11-14 20:28:18.871  1123  1123 D PhoneProxy: [PhoneProxy] phoneObjectUpdater: Unknown rat ignore,  newVoiceRadioTech=Unknown. mActivePhone=GSM
11-14 20:28:18.871  1123  1123 D CallNotifier: onMwiChanged(): false
11-14 20:28:18.871  1123  1123 D NotificationMgr: updateMwi(): false
11-14 20:28:18.881   650  1208 D CountryDetector: The first listener is added
11-14 20:28:18.901  1476  1476 V MmsConfig: mnc/mcc: 46001
11-14 20:28:18.901  1476  1476 V MmsConfig: tag: bool value: enabledMMS - true
11-14 20:28:18.901  1476  1476 V MmsConfig: tag: int value: maxMessageSize - 307200
11-14 20:28:18.901  1476  1476 V MmsConfig: tag: int value: maxImageHeight - 1944
11-14 20:28:18.901  1476  1476 V MmsConfig: tag: int value: maxImageWidth - 2592
11-14 20:28:18.901  1476  1476 V MmsConfig: tag: int value: defaultSMSMessagesPerThread - 10000
11-14 20:28:18.901  1476  1476 V MmsConfig: tag: int value: defaultMMSMessagesPerThread - 1000
11-14 20:28:18.901  1476  1476 V MmsConfig: tag: int value: minMessageCountPerThread - 10
11-14 20:28:18.901  1476  1476 V MmsConfig: tag: int value: maxMessageCountPerThread - 5000
11-14 20:28:18.901  1476  1476 V MmsConfig: tag: string value: uaProfUrl - http://gsm.lge.com/html/gsm/Nexus5-M3.xml
11-14 20:28:18.901  1476  1476 V MmsConfig: tag: int value: recipientLimit - -1
11-14 20:28:18.901  1476  1476 V MmsConfig: tag: bool value: enableSlideDuration - true
11-14 20:28:18.901  1476  1476 V MmsConfig: tag: int value: maxMessageTextSize - -1
11-14 20:28:18.901  1476  1476 V MmsConfig: tag: string value: userAgent - Nexus5
11-14 20:28:18.921  1476  1476 D MmsSystemEventReceiver: wakeUpService: start service ...
11-14 20:28:18.931   650   668 I am_create_service: [0,1109781856,.TransactionService,10010,1476]
11-14 20:28:18.941  1476  1476 V TransactionService: Creating TransactionService
11-14 20:28:18.941  1476  1476 D TransactionService: onStartCommand(): E
11-14 20:28:18.941  1476  1476 D TransactionService: incRefCount() mRef=1
11-14 20:28:18.951  1476  1515 D TransactionService: Handling incoming message: { when=-3ms what=5 arg1=1 obj=Intent { cmp=com.android.mms/.transaction.TransactionService } target=com.android.mms.transaction.TransactionService$ServiceHandler } = EVENT_NEW_INTENT
11-14 20:28:18.961   650  1180 I am_create_service: [0,1108033808,.SmsReceiverService,10010,1476]
11-14 20:28:18.961  1476  1476 V SmsReceiverService: onStart: #1 resultCode: -1 = Activity.RESULT_OK
11-14 20:28:18.971  1476  1515 D TransactionService: onNewIntent: serviceId: 1: null intent=Intent { cmp=com.android.mms/.transaction.TransactionService }
11-14 20:28:18.971  1476  1515 D TransactionService:     networkAvailable=false
11-14 20:28:18.971  1476  1515 D TransactionService: Cursor= >>>>> Dumping cursor android.content.ContentResolver$CursorWrapperInner@41ee9e10
11-14 20:28:18.971  1476  1515 D TransactionService: <<<<<
11-14 20:28:18.971  1476  1515 D TransactionService: onNewIntent: cursor.count=0 action=null
11-14 20:28:18.971  1476  1515 D TransactionService: onNewIntent: no pending messages. Stopping service.
11-14 20:28:18.981  1476  1515 V TransactionService: CleanUpIfIdle: txnServ is idle
11-14 20:28:18.981  1476  1515 D TransactionService: removeNotification, txnId=init
11-14 20:28:18.981  1476  1515 D TransactionService: removeNotification, currentDds=0
11-14 20:28:18.981  1476  1515 D TransactionService: removeNotification(), found init = null
11-14 20:28:18.981  1476  1515 D TransactionService: decRefCount() mRef=0
11-14 20:28:18.981  1123  1149 D MmsSmsDatabaseHelper: [MmsSmsDb] tableName: threads hasAutoIncrement: CREATE TABLE threads (_id INTEGER PRIMARY KEY AUTOINCREMENT,date INTEGER DEFAULT 0,message_count INTEGER DEFAULT 0,recipient_ids TEXT,snippet TEXT,snippet_cs INTEGER DEFAULT 0,read INTEGER DEFAULT 1,type INTEGER DEFAULT 0,error INTEGER DEFAULT 0,has_attachment INTEGER DEFAULT 0) result: true
11-14 20:28:18.981  1123  1149 D MmsSmsDatabaseHelper: [MmsSmsDb] tableName: canonical_addresses hasAutoIncrement: CREATE TABLE canonical_addresses (_id INTEGER PRIMARY KEY AUTOINCREMENT,address TEXT) result: true
11-14 20:28:18.991  1123  1149 D MmsSmsDatabaseHelper: [MmsSmsDb] tableName: part hasAutoIncrement: CREATE TABLE part (_id INTEGER PRIMARY KEY AUTOINCREMENT,mid INTEGER,seq INTEGER DEFAULT 0,ct TEXT,name TEXT,chset INTEGER,cd TEXT,fn TEXT,cid TEXT,cl TEXT,ctt_s INTEGER,ctt_t TEXT,_data TEXT,text TEXT) result: true
11-14 20:28:18.991  1123  1149 D MmsSmsDatabaseHelper: [MmsSmsDb] tableName: pdu hasAutoIncrement: CREATE TABLE pdu (_id INTEGER PRIMARY KEY AUTOINCREMENT,thread_id INTEGER,date INTEGER,date_sent INTEGER DEFAULT 0,msg_box INTEGER,read INTEGER DEFAULT 0,m_id TEXT,sub TEXT,sub_cs INTEGER,ct_t TEXT,ct_l TEXT,exp INTEGER,m_cls TEXT,m_type INTEGER,v INTEGER,m_size INTEGER,pri INTEGER,rr INTEGER,rpt_a INTEGER,resp_st INTEGER,st INTEGER,tr_id TEXT,retr_st INTEGER,retr_txt TEXT,retr_txt_cs INTEGER,read_status INTEGER,ct_cls INTEGER,resp_txt TEXT,d_tm INTEGER,d_rpt INTEGER,locked INTEGER DEFAULT 0,seen INTEGER DEFAULT 0,text_only INTEGER DEFAULT 0,sub_id INTEGER DEFAULT 0) result: true
11-14 20:28:18.991  1123  1149 D MmsSmsDatabaseHelper: [getWritableDatabase] hasAutoIncrementThreads: true hasAutoIncrementAddresses: true hasAutoIncrementPart: true hasAutoIncrementPdu: true
11-14 20:28:19.001   650  1208 I am_destroy_service: [0,1108033808,1476]
11-14 20:28:19.251   987   987 D StatusBar.NetworkController: In updateSimIcon simState= UNKNOWN
11-14 20:28:19.251   987   987 D KeyguardUpdateMonitor: ACTION_SIM_STATE_CHANGED intent received on sub = 0
11-14 20:28:19.261  1183  1183 I am_on_resume_called: [0,org.cyanogenmod.trebuchet.CustomHomeLauncher]
11-14 20:28:19.261   987   987 D StatusBar.NetworkController: In updateSimIcon simState= READY
11-14 20:28:19.261   987   987 D KeyguardUpdateMonitor: ACTION_SIM_STATE_CHANGED intent received on sub = 0
11-14 20:28:19.261   650  1180 D Tethering: exception when get active network info:java.lang.NullPointerException
11-14 20:28:19.271   650   668 D Tethering: exception when get active network info:java.lang.NullPointerException
11-14 20:28:19.281  1183  1183 D Launcher.Model: Reload apps on config change. curr_mcc:460 prevmcc:0
11-14 20:28:19.281  1183  1183 I Choreographer: Skipped 42 frames!  The application may be doing too much work on its main thread.
11-14 20:28:19.291   987   987 D PhoneStatusBarPolicy: updateSimState for subscription :0
11-14 20:28:19.351   650   867 I Timeline: Timeline: Activity_windows_visible id: ActivityRecord{4219b068 u0 com.cyanogenmod.trebuchet/org.cyanogenmod.trebuchet.CustomHomeLauncher t1} time:15853
11-14 20:28:19.351  1183  1183 I Timeline: Timeline: Activity_idle id: android.os.BinderProxy@41e5d600 time:15856
11-14 20:28:19.351  1183  1183 I Timeline: Timeline: Activity_idle id: android.os.BinderProxy@41e5d600 time:15856
11-14 20:28:19.361   650  1258 I boot_progress_enable_screen: 15865
11-14 20:28:19.361  1530  1530 I MP-Decision: OPTION ENABLED: Adjusting average
11-14 20:28:19.361  1530  1530 I MP-Decision: Decision parameters CPU 0: Nw=0.000000, Tw=0, Ns=0.000000, Ts=0
11-14 20:28:19.361  1530  1530 I MP-Decision: util_h_and=0, util_h_or=0, util_low=0
11-14 20:28:19.361  1530  1530 I MP-Decision: Decision parameters CPU 1: Nw=1.900000, Tw=140, Ns=1.100000, Ts=190
11-14 20:28:19.361  1530  1530 I MP-Decision: util_h_and=35, util_h_or=75, util_low=20
11-14 20:28:19.361  1530  1530 I MP-Decision: Decision parameters CPU 2: Nw=2.700000, Tw=90, Ns=2.100000, Ts=240
11-14 20:28:19.361  1530  1530 I MP-Decision: util_h_and=0, util_h_or=400, util_low=0
11-14 20:28:19.361  1530  1530 I MP-Decision: Decision parameters CPU 3: Nw=3.500000, Tw=90, Ns=3.100000, Ts=240
11-14 20:28:19.361  1530  1530 I MP-Decision: util_h_and=0, util_h_or=400, util_low=0
11-14 20:28:19.361  1530  1530 I MP-Decision: Decision parameters: poll_ms: 9 decision_ms: 50
11-14 20:28:19.361  1530  1530 I CM-MP-Decision: Thermal client initialized
11-14 20:28:19.361  1530  1530 I MP-Decision: Available core list/order for available_cpus - 4:  0 3 2 1
11-14 20:28:19.371  1531  1531 I qrngp   : Entering qrngp
11-14 20:28:19.371  1531  1531 I qrngp   : msm_rng fd = 7
11-14 20:28:19.371  1531  1531 I qrngp   : bus_bandwidth_reset success
11-14 20:28:19.371   650  1258 W ContextImpl: Calling a method in the system process without a qualified user: android.app.ContextImpl.sendStickyBroadcast:1345 com.android.internal.policy.impl.keyguard.KeyguardServiceDelegate.sendStateChangeBroadcast:126 com.android.internal.policy.impl.keyguard.KeyguardServiceDelegate.onBootCompleted:337 com.android.internal.policy.impl.PhoneWindowManager.systemBooted:5685 com.android.server.wm.WindowManagerService.enableScreenAfterBoot:5402 
11-14 20:28:19.511  1320  1320 I BootReceiver: CPU restore disabled by user preference.
11-14 20:28:19.511  1320  1320 I BootReceiver: IOSched restore disabled by user preference.
11-14 20:28:19.671   987   987 I Choreographer: Skipped 103 frames!  The application may be doing too much work on its main thread.
11-14 20:28:19.761   650   867 I WindowManager: Screen frozen for +1s250ms due to Window{4236e6c8 u0 NavigationBar}
11-14 20:28:19.811  1183  1253 D Launcher.Model: 11683562 - loadWorkspace()
11-14 20:28:19.811  1183  1183 I Launcher.Model: not binding apps: no Launcher activity
11-14 20:28:19.811  1183  1253 D Launcher.Model: 11683562 -   loadedOldDb: false
11-14 20:28:19.911  1183  1253 D Launcher.Model: 11683562 - loadWorkspaceScreensDb()
11-14 20:28:19.911  1183  1253 D Launcher.Model: 11683562 -   screens: { 0: 1 }, { 1: 2 }
11-14 20:28:19.911  1183  1253 D Launcher.Model: 11683562 -   sBgWorkspaceScreens: 1, 2
11-14 20:28:19.921   987   987 D PhoneStatusBarPolicy: updateSimState for subscription :0
11-14 20:28:19.921   987   987 D StatusBar.NetworkController: In updateSimIcon simState= UNKNOWN
11-14 20:28:19.941   987   987 D KeyguardUpdateMonitor: ACTION_SIM_STATE_CHANGED intent received on sub = 0
11-14 20:28:19.941  1183  1183 D Launcher: 11683562 - bindAddScreens()
11-14 20:28:19.941  1183  1183 D Launcher: 11683562 -   orderedScreenIds: 1, 2
11-14 20:28:19.941  1183  1183 D Launcher.Workspace: 11683562 - insertNewWorkspaceScreen(): 1 at index: 0
11-14 20:28:19.951  1183  1183 D Launcher.Workspace: 11683562 - insertNewWorkspaceScreen(): 2 at index: 1
11-14 20:28:19.971   987   987 D PhoneStatusBarPolicy: updateSimState for subscription :0
11-14 20:28:19.971   987   987 D StatusBar.NetworkController: In updateSimIcon simState= READY
11-14 20:28:19.981   987   987 D KeyguardUpdateMonitor: ACTION_SIM_STATE_CHANGED intent received on sub = 0
11-14 20:28:19.981   987   987 D PhoneStatusBarPolicy: updateSimState for subscription :0
11-14 20:28:19.981   987   987 D StatusBar.NetworkController: In updateSimIcon simState= READY
11-14 20:28:19.981   987   987 D KeyguardUpdateMonitor: ACTION_SIM_STATE_CHANGED intent received on sub = 0
11-14 20:28:19.991   987   987 D PhoneStatusBar: mSettingsPanelGravity = 55
11-14 20:28:20.001   650   668 D Tethering: exception when get active network info:java.lang.NullPointerException
11-14 20:28:20.101   987   987 D PhoneStatusBarPolicy: updateSimState for subscription :0
11-14 20:28:20.101   987   987 D StatusBar.NetworkController: In updateSimIcon simState= READY
11-14 20:28:20.101  1183  1183 V RenderScript: Application requested CPU execution
11-14 20:28:20.101   987   987 D KeyguardUpdateMonitor: ACTION_SIM_STATE_CHANGED intent received on sub = 0
11-14 20:28:20.101   987   987 D KeyguardUpdateMonitor: Received SPN update on sub :0
11-14 20:28:20.111   987   987 D KeyguardUpdateMonitor: handleSimStateChange: intentValue = UNKNOWN state resolved to UNKNOWN subscription =0
11-14 20:28:20.111   987   987 D KeyguardUpdateMonitor: handleSimStateChange: intentValue = READY state resolved to READY subscription =0
11-14 20:28:20.111  1183  1183 V RenderScript: 0x76a2dec0 Launching thread(s), CPUs 4
11-14 20:28:20.231   650   667 E MediaFocusControl: Error updating focussed RCC to RCD 
11-14 20:28:20.231   650   667 E MediaFocusControl: java.util.EmptyStackException
11-14 20:28:20.231   650   667 E MediaFocusControl: 	at java.util.Stack.peek(Stack.java:57)
11-14 20:28:20.231   650   667 E MediaFocusControl: 	at android.media.MediaFocusControl.registerRemoteControlDisplay_int(MediaFocusControl.java:2182)
11-14 20:28:20.231   650   667 E MediaFocusControl: 	at android.media.MediaFocusControl.registerRemoteControlDisplay(MediaFocusControl.java:230)
11-14 20:28:20.231   650   667 E MediaFocusControl: 	at android.media.AudioService.registerRemoteControlDisplay(AudioService.java:4542)
11-14 20:28:20.231   650   667 E MediaFocusControl: 	at android.media.IAudioService$Stub.onTransact(IAudioService.java:593)
11-14 20:28:20.231   650   667 E MediaFocusControl: 	at android.os.Binder.execTransact(Binder.java:404)
11-14 20:28:20.231   650   667 E MediaFocusControl: 	at dalvik.system.NativeStart.run(Native Method)
11-14 20:28:20.241  1123  1285 D CellBroadcastHandler: mWakeLock released
11-14 20:28:20.281  1123  1289 D CdmaServiceCategoryProgramHandler: mWakeLock released
11-14 20:28:20.321  1123  1268 D GsmInboundSmsHandler: Idle state processing message type 5
11-14 20:28:20.321  1123  1283 D CdmaInboundSmsHandler: Idle state processing message type 5
11-14 20:28:20.321  1123  1268 D GsmInboundSmsHandler: mWakeLock released
11-14 20:28:20.331  1123  1283 D CdmaInboundSmsHandler: mWakeLock released
11-14 20:28:20.351   650  1343 I am_create_service: [0,1111160008,.ClockWidgetService,10043,1458]
11-14 20:28:20.361   650   897 W BackupManagerService: dataChanged but no participant pkg='com.android.providers.settings' uid=10009
11-14 20:28:20.391   650  1207 I am_destroy_service: [0,1111160008,1458]
11-14 20:28:20.481   987   987 I Choreographer: Skipped 48 frames!  The application may be doing too much work on its main thread.
11-14 20:28:20.491   650  1180 I am_proc_start: [0,1646,10032,com.android.deskclock,broadcast,com.android.deskclock/.AlarmInitReceiver]
11-14 20:28:20.491  1646  1646 V Zygote  : Switching descriptor 33 to /dev/null
11-14 20:28:20.491  1646  1646 V Zygote  : Switching descriptor 10 to /dev/null
11-14 20:28:20.491   650  1180 I ActivityManager: Start proc com.android.deskclock for broadcast com.android.deskclock/.AlarmInitReceiver: pid=1646 uid=10032 gids={50032, 1028, 3003}
11-14 20:28:20.511   650   897 I am_create_service: [0,1110800728,.MmsWidgetService,10010,1476]
11-14 20:28:20.551   650   898 I am_proc_bound: [0,1646,com.android.deskclock]
11-14 20:28:20.561  1646  1646 D ActivityThread: handleBindApplication:com.android.deskclock
11-14 20:28:20.561  1646  1646 D ActivityThread: setTargetHeapUtilization:0.75
11-14 20:28:20.561  1646  1646 D ActivityThread: setTargetHeapMinFree:524288
11-14 20:28:20.591  1183  1183 D Launcher.Workspace: 11683562 - stripEmptyScreens()
11-14 20:28:20.601   987   987 V RenderScript: Application requested CPU execution
11-14 20:28:20.601   987   987 V RenderScript: 0x7716bb80 Launching thread(s), CPUs 4
11-14 20:28:20.611  1646  1646 V AlarmClock: AlarmInitReceiver android.intent.action.BOOT_COMPLETED
11-14 20:28:20.631  1646  1672 V AlarmClock: AlarmInitReceiver - Reset timers and clear stopwatch data
11-14 20:28:20.641   179   535 I SurfaceFlinger: Boot is finished (13363 ms)
11-14 20:28:20.671   179   179 I sf_frame_dur: [BootAnimation,43,322,10,0,0,0,0]
11-14 20:28:20.691   987   987 D KeyguardUpdateMonitor: handleSimStateChange: intentValue = UNKNOWN state resolved to UNKNOWN subscription =0
11-14 20:28:20.691   987   987 D KeyguardUpdateMonitor: handleSimStateChange: intentValue = READY state resolved to READY subscription =0
11-14 20:28:20.691   987   987 D KeyguardUpdateMonitor: handleSimStateChange: intentValue = READY state resolved to READY subscription =0
11-14 20:28:20.691  1646  1672 I AlarmClock: Displaying next alarm time: ''
11-14 20:28:20.691  1646  1672 V AlarmClock: AlarmInitReceiver finished
11-14 20:28:20.691   987   987 D KeyguardUpdateMonitor: handleSimStateChange: intentValue = READY state resolved to READY subscription =0
11-14 20:28:20.701   650   668 I am_proc_start: [0,1674,10006,com.android.dialer,broadcast,com.android.dialer/.calllog.CallLogReceiver]
11-14 20:28:20.701  1674  1674 V Zygote  : Switching descriptor 33 to /dev/null
11-14 20:28:20.701  1674  1674 V Zygote  : Switching descriptor 10 to /dev/null
11-14 20:28:20.701   650   668 I ActivityManager: Start proc com.android.dialer for broadcast com.android.dialer/.calllog.CallLogReceiver: pid=1674 uid=10006 gids={50006, 3003, 1028, 1015, 1006, 3010, 3012}
11-14 20:28:20.721   650   667 I am_proc_bound: [0,1674,com.android.dialer]
11-14 20:28:20.731  1674  1674 D ActivityThread: handleBindApplication:com.android.dialer
11-14 20:28:20.731  1674  1674 D ActivityThread: setTargetHeapUtilization:0.75
11-14 20:28:20.731  1674  1674 D ActivityThread: setTargetHeapMinFree:524288
11-14 20:28:20.791   650  1343 I am_create_service: [0,1105915424,.CallLogNotificationsService,10006,1674]
11-14 20:28:20.801   650  1180 I am_create_service: [0,1105888552,.ClockWidgetService,10043,1458]
11-14 20:28:20.801   650   650 E WiredAccessoryManager: No state change.
11-14 20:28:20.801   650   903 I PowerManagerService: Boot animation finished.
11-14 20:28:20.801   650   650 V WiredAccessoryManager: notifyWiredAccessoryChanged: when=0 bits= mask=14
11-14 20:28:20.801   650   650 V WiredAccessoryManager: newName=h2w newState=0 headsetState=0 prev headsetState=0
11-14 20:28:20.801   650   650 V WiredAccessoryManager: init()
11-14 20:28:20.811   650   888 D BluetoothManagerService: Message: 30
11-14 20:28:20.811   650   888 D BluetoothManagerService: Message: 30
11-14 20:28:20.811   182  1307 D AwesomePlayer: Before reset_l
11-14 20:28:20.811   650   650 W ContextImpl: Calling a method in the system process without a qualified user: android.app.ContextImpl.bindService:1607 android.bluetooth.BluetoothHeadset.doBind:283 android.bluetooth.BluetoothHeadset.<init>:276 android.bluetooth.BluetoothAdapter.getProfileProxy:1369 android.media.AudioService.getBluetoothHeadset:2364 
11-14 20:28:20.811   650   650 W ContextImpl: Calling a method in the system process without a qualified user: android.app.ContextImpl.bindService:1607 android.bluetooth.BluetoothA2dp.doBind:165 android.bluetooth.BluetoothA2dp.<init>:158 android.bluetooth.BluetoothAdapter.getProfileProxy:1372 android.media.AudioService$AudioServiceBroadcastReceiver.onReceive:4388 
11-14 20:28:20.831   650   667 I am_create_service: [0,1107528672,.HeadsetService,10031,1134]
11-14 20:28:20.831  1134  1134 I HeadsetService: Starting service.
11-14 20:28:20.841   650   650 I am_proc_start: [0,1710,10001,com.cyanogenmod.account,broadcast,com.cyanogenmod.account/.receiver.BootReceiver]
11-14 20:28:20.841   650   650 I notification_cancel: [com.android.dialer,1,DefaultVoicemailNotifier,0,0,64]
11-14 20:28:20.841   650   897 I am_destroy_service: [0,1105915424,1674]
11-14 20:28:20.841   650  1708 I RecoverySystem: No recovery log file
11-14 20:28:20.841  1710  1710 V Zygote  : Switching descriptor 33 to /dev/null
11-14 20:28:20.841  1710  1710 V Zygote  : Switching descriptor 10 to /dev/null
11-14 20:28:20.841   650   650 I ActivityManager: Start proc com.cyanogenmod.account for broadcast com.cyanogenmod.account/.receiver.BootReceiver: pid=1710 uid=10001 gids={50001, 3003, 1000}
11-14 20:28:20.851   182  1718 D OMXCodec: Successfully allocated OMX node 'OMX.google.vorbis.decoder'
11-14 20:28:20.851   182  1718 I OMXCodec: Codec outputs a different number of channels than the input stream contains (contains 2 channels, codec outputs 1 channels).
11-14 20:28:20.851   182  1718 I OMXCodec: Codec outputs at different sampling rate than what the input stream contains (contains data at 48000 Hz, codec outputs 44100 Hz)
11-14 20:28:20.851   182  1718 I AwesomePlayer: Could not offload audio decode, try pcm offload (16-bit)
11-14 20:28:20.851   182  1718 I OMXCodec: [OMX.google.vorbis.decoder] allocating 4 buffers of size 8192 on input port
11-14 20:28:20.851   182  1718 I OMXCodec: [OMX.google.vorbis.decoder] allocated buffer 0xb7c42cc0 on input port
11-14 20:28:20.851   182  1718 I OMXCodec: [OMX.google.vorbis.decoder] allocated buffer 0xb7c38f28 on input port
11-14 20:28:20.851   182  1718 I OMXCodec: [OMX.google.vorbis.decoder] allocated buffer 0xb7c38ff8 on input port
11-14 20:28:20.851   182  1718 I OMXCodec: [OMX.google.vorbis.decoder] allocated buffer 0xb7c390b0 on input port
11-14 20:28:20.851   182  1718 I OMXCodec: [OMX.google.vorbis.decoder] allocating 4 buffers of size 32768 on output port
11-14 20:28:20.851   182  1718 I OMXCodec: [OMX.google.vorbis.decoder] allocated buffer 0xb7c39238 on output port
11-14 20:28:20.851   182  1718 I OMXCodec: [OMX.google.vorbis.decoder] allocated buffer 0xb7c39458 on output port
11-14 20:28:20.851   182  1718 I OMXCodec: [OMX.google.vorbis.decoder] allocated buffer 0xb7c39598 on output port
11-14 20:28:20.851   182  1718 I OMXCodec: [OMX.google.vorbis.decoder] allocated buffer 0xb7c396c0 on output port
11-14 20:28:20.851   182  1307 D AudioPlayer: start of Playback, useOffload 0
11-14 20:28:20.851   182  1720 I OMXNodeInstance: OMX_FreeBuffer for buffer header 0xb7c39238 successful
11-14 20:28:20.851   182  1720 I OMXNodeInstance: OMX_FreeBuffer for buffer header 0xb7c39458 successful
11-14 20:28:20.851   182  1720 I OMXNodeInstance: OMX_FreeBuffer for buffer header 0xb7c39598 successful
11-14 20:28:20.851   182  1720 I OMXNodeInstance: OMX_FreeBuffer for buffer header 0xb7c396c0 successful
11-14 20:28:20.851   182  1720 I OMXCodec: [OMX.google.vorbis.decoder] allocating 4 buffers of size 32768 on output port
11-14 20:28:20.851   182  1720 I OMXCodec: [OMX.google.vorbis.decoder] allocated buffer 0xb7c47a98 on output port
11-14 20:28:20.851   182  1720 I OMXCodec: [OMX.google.vorbis.decoder] allocated buffer 0xb7c40a00 on output port
11-14 20:28:20.851   182  1720 I OMXCodec: [OMX.google.vorbis.decoder] allocated buffer 0xb7c39180 on output port
11-14 20:28:20.851   182  1720 I OMXCodec: [OMX.google.vorbis.decoder] allocated buffer 0xb7c4a840 on output port
11-14 20:28:20.851   650  1708 I BootReceiver: Copying /proc/last_kmsg to DropBox (SYSTEM_LAST_KMSG)
11-14 20:28:20.871   182  1718 D AudioPlayer: Pause Playback at 3
11-14 20:28:20.871   182  1307 D AudioPlayer: reset: mPlaying=0 mReachedEOS=1 useOffload=0
11-14 20:28:20.871   182  1720 I OMXNodeInstance: OMX_FreeBuffer for buffer header 0xb7c390b0 successful
11-14 20:28:20.871   182  1720 I OMXNodeInstance: OMX_FreeBuffer for buffer header 0xb7c38ff8 successful
11-14 20:28:20.871   182  1720 I OMXNodeInstance: OMX_FreeBuffer for buffer header 0xb7c38f28 successful
11-14 20:28:20.871   182  1720 I OMXNodeInstance: OMX_FreeBuffer for buffer header 0xb7c42cc0 successful
11-14 20:28:20.871   182  1720 I OMXNodeInstance: OMX_FreeBuffer for buffer header 0xb7c4a840 successful
11-14 20:28:20.871   182  1720 I OMXNodeInstance: OMX_FreeBuffer for buffer header 0xb7c39180 successful
11-14 20:28:20.871   182  1720 I OMXNodeInstance: OMX_FreeBuffer for buffer header 0xb7c40a00 successful
11-14 20:28:20.871   182  1720 I OMXNodeInstance: OMX_FreeBuffer for buffer header 0xb7c47a98 successful
11-14 20:28:20.881   182   900 D AwesomePlayer: Before reset_l
11-14 20:28:20.891   650   668 I am_proc_bound: [0,1710,com.cyanogenmod.account]
11-14 20:28:20.891  1710  1710 D ActivityThread: handleBindApplication:com.cyanogenmod.account
11-14 20:28:20.891  1710  1710 D ActivityThread: setTargetHeapUtilization:0.75
11-14 20:28:20.891  1710  1710 D ActivityThread: setTargetHeapMinFree:524288
11-14 20:28:20.901   650  1258 I am_destroy_service: [0,1105888552,1458]
11-14 20:28:20.911   182  1734 D OMXCodec: Successfully allocated OMX node 'OMX.google.vorbis.decoder'
11-14 20:28:20.911   182  1734 I OMXCodec: Codec outputs at different sampling rate than what the input stream contains (contains data at 48000 Hz, codec outputs 44100 Hz)
11-14 20:28:20.911   182  1734 I AwesomePlayer: Could not offload audio decode, try pcm offload (16-bit)
11-14 20:28:20.911   182  1734 I OMXCodec: [OMX.google.vorbis.decoder] allocating 4 buffers of size 8192 on input port
11-14 20:28:20.911   182  1734 I OMXCodec: [OMX.google.vorbis.decoder] allocated buffer 0xb7c3b1b0 on input port
11-14 20:28:20.911   182  1734 I OMXCodec: [OMX.google.vorbis.decoder] allocated buffer 0xb7c3b378 on input port
11-14 20:28:20.911   182  1734 I OMXCodec: [OMX.google.vorbis.decoder] allocated buffer 0xb7c3b448 on input port
11-14 20:28:20.911   182  1734 I OMXCodec: [OMX.google.vorbis.decoder] allocated buffer 0xb7c3b500 on input port
11-14 20:28:20.911   182  1734 I OMXCodec: [OMX.google.vorbis.decoder] allocating 4 buffers of size 32768 on output port
11-14 20:28:20.911   182  1734 I OMXCodec: [OMX.google.vorbis.decoder] allocated buffer 0xb7c3b688 on output port
11-14 20:28:20.911   182  1734 I OMXCodec: [OMX.google.vorbis.decoder] allocated buffer 0xb7c3b8a8 on output port
11-14 20:28:20.911   182  1734 I OMXCodec: [OMX.google.vorbis.decoder] allocated buffer 0xb7c3b9e8 on output port
11-14 20:28:20.911   182  1734 I OMXCodec: [OMX.google.vorbis.decoder] allocated buffer 0xb7c3bb10 on output port
11-14 20:28:20.911   182   900 D AudioPlayer: start of Playback, useOffload 0
11-14 20:28:20.921   182  1736 I OMXNodeInstance: OMX_FreeBuffer for buffer header 0xb7c3b688 successful
11-14 20:28:20.921   182  1736 I OMXNodeInstance: OMX_FreeBuffer for buffer header 0xb7c3b8a8 successful
11-14 20:28:20.921   182  1736 I OMXNodeInstance: OMX_FreeBuffer for buffer header 0xb7c3b9e8 successful
11-14 20:28:20.921   182  1736 I OMXNodeInstance: OMX_FreeBuffer for buffer header 0xb7c3bb10 successful
11-14 20:28:20.921   182  1736 I OMXCodec: [OMX.google.vorbis.decoder] allocating 4 buffers of size 32768 on output port
11-14 20:28:20.921   182  1736 I OMXCodec: [OMX.google.vorbis.decoder] allocated buffer 0xb7c4a178 on output port
11-14 20:28:20.921   182  1736 I OMXCodec: [OMX.google.vorbis.decoder] allocated buffer 0xb7c4a280 on output port
11-14 20:28:20.921   182  1736 I OMXCodec: [OMX.google.vorbis.decoder] allocated buffer 0xb7c49d50 on output port
11-14 20:28:20.921   182  1736 I OMXCodec: [OMX.google.vorbis.decoder] allocated buffer 0xb7c49dd0 on output port
11-14 20:28:20.921   650  1708 I BootReceiver: Copying audit failures to DropBox
11-14 20:28:20.931   182  1734 D AudioPlayer: Pause Playback at 3
11-14 20:28:20.931   182   900 D AudioPlayer: reset: mPlaying=0 mReachedEOS=1 useOffload=0
11-14 20:28:20.931   182  1736 I OMXNodeInstance: OMX_FreeBuffer for buffer header 0xb7c3b500 successful
11-14 20:28:20.931   182  1736 I OMXNodeInstance: OMX_FreeBuffer for buffer header 0xb7c3b448 successful
11-14 20:28:20.931   182  1736 I OMXNodeInstance: OMX_FreeBuffer for buffer header 0xb7c3b378 successful
11-14 20:28:20.931   182  1736 I OMXNodeInstance: OMX_FreeBuffer for buffer header 0xb7c3b1b0 successful
11-14 20:28:20.931   182  1736 I OMXNodeInstance: OMX_FreeBuffer for buffer header 0xb7c49dd0 successful
11-14 20:28:20.931   182  1736 I OMXNodeInstance: OMX_FreeBuffer for buffer header 0xb7c49d50 successful
11-14 20:28:20.931   182  1736 I OMXNodeInstance: OMX_FreeBuffer for buffer header 0xb7c4a280 successful
11-14 20:28:20.931   182  1736 I OMXNodeInstance: OMX_FreeBuffer for buffer header 0xb7c4a178 successful
11-14 20:28:20.951   182   182 D AwesomePlayer: Before reset_l
11-14 20:28:20.961   650  1708 I BootReceiver: Copied 404 worth of audits to DropBox
11-14 20:28:20.961   650  1708 I BootReceiver: Checking for fsck errors
11-14 20:28:20.991   182  1744 D OMXCodec: Successfully allocated OMX node 'OMX.google.vorbis.decoder'
11-14 20:28:20.991   182  1744 I OMXCodec: Codec outputs at different sampling rate than what the input stream contains (contains data at 48000 Hz, codec outputs 44100 Hz)
11-14 20:28:20.991   182  1744 I AwesomePlayer: Could not offload audio decode, try pcm offload (16-bit)
11-14 20:28:20.991   182  1744 I OMXCodec: [OMX.google.vorbis.decoder] allocating 4 buffers of size 8192 on input port
11-14 20:28:20.991   182  1744 I OMXCodec: [OMX.google.vorbis.decoder] allocated buffer 0xb7c41e70 on input port
11-14 20:28:20.991   182  1744 I OMXCodec: [OMX.google.vorbis.decoder] allocated buffer 0xb7c41f38 on input port
11-14 20:28:20.991   182  1744 I OMXCodec: [OMX.google.vorbis.decoder] allocated buffer 0xb7c38550 on input port
11-14 20:28:20.991   182  1744 I OMXCodec: [OMX.google.vorbis.decoder] allocated buffer 0xb7c38608 on input port
11-14 20:28:20.991   182  1744 I OMXCodec: [OMX.google.vorbis.decoder] allocating 4 buffers of size 32768 on output port
11-14 20:28:20.991   182  1744 I OMXCodec: [OMX.google.vorbis.decoder] allocated buffer 0xb7c38790 on output port
11-14 20:28:20.991   182  1744 I OMXCodec: [OMX.google.vorbis.decoder] allocated buffer 0xb7c389b0 on output port
11-14 20:28:20.991   182  1744 I OMXCodec: [OMX.google.vorbis.decoder] allocated buffer 0xb7c38af0 on output port
11-14 20:28:20.991   182  1744 I OMXCodec: [OMX.google.vorbis.decoder] allocated buffer 0xb7c38c18 on output port
11-14 20:28:20.991   182   182 D AudioPlayer: start of Playback, useOffload 0
11-14 20:28:20.991   182  1746 I OMXNodeInstance: OMX_FreeBuffer for buffer header 0xb7c38790 successful
11-14 20:28:20.991   182  1746 I OMXNodeInstance: OMX_FreeBuffer for buffer header 0xb7c389b0 successful
11-14 20:28:20.991   182  1746 I OMXNodeInstance: OMX_FreeBuffer for buffer header 0xb7c38af0 successful
11-14 20:28:20.991   182  1746 I OMXNodeInstance: OMX_FreeBuffer for buffer header 0xb7c38c18 successful
11-14 20:28:20.991   182  1746 I OMXCodec: [OMX.google.vorbis.decoder] allocating 4 buffers of size 32768 on output port
11-14 20:28:21.001   182  1746 I OMXCodec: [OMX.google.vorbis.decoder] allocated buffer 0xb7c4a258 on output port
11-14 20:28:21.001   182  1746 I OMXCodec: [OMX.google.vorbis.decoder] allocated buffer 0xb7c4a360 on output port
11-14 20:28:21.001   182  1746 I OMXCodec: [OMX.google.vorbis.decoder] allocated buffer 0xb7c49f18 on output port
11-14 20:28:21.001   182  1746 I OMXCodec: [OMX.google.vorbis.decoder] allocated buffer 0xb7c38660 on output port
11-14 20:28:21.011   650  1208 I am_create_service: [0,1110041336,.ECDHKeyService,10001,1710]
11-14 20:28:21.011   182  1744 D AudioPlayer: Pause Playback at 3
11-14 20:28:21.011   182   182 D AudioPlayer: reset: mPlaying=0 mReachedEOS=1 useOffload=0
11-14 20:28:21.011   182  1746 I OMXNodeInstance: OMX_FreeBuffer for buffer header 0xb7c38608 successful
11-14 20:28:21.011   182  1746 I OMXNodeInstance: OMX_FreeBuffer for buffer header 0xb7c38550 successful
11-14 20:28:21.011   182  1746 I OMXNodeInstance: OMX_FreeBuffer for buffer header 0xb7c41f38 successful
11-14 20:28:21.011   182  1746 I OMXNodeInstance: OMX_FreeBuffer for buffer header 0xb7c41e70 successful
11-14 20:28:21.011   182  1746 I OMXNodeInstance: OMX_FreeBuffer for buffer header 0xb7c38660 successful
11-14 20:28:21.011   182  1746 I OMXNodeInstance: OMX_FreeBuffer for buffer header 0xb7c49f18 successful
11-14 20:28:21.011   182  1746 I OMXNodeInstance: OMX_FreeBuffer for buffer header 0xb7c4a360 successful
11-14 20:28:21.011   182  1746 I OMXNodeInstance: OMX_FreeBuffer for buffer header 0xb7c4a258 successful
11-14 20:28:21.011   182  1307 D AwesomePlayer: Before reset_l
11-14 20:28:21.021   650  1258 I am_proc_start: [0,1754,10002,com.cyanogenmod.updater,broadcast,com.cyanogenmod.updater/.receiver.UpdateCheckReceiver]
11-14 20:28:21.021  1754  1754 V Zygote  : Switching descriptor 33 to /dev/null
11-14 20:28:21.021  1754  1754 V Zygote  : Switching descriptor 10 to /dev/null
11-14 20:28:21.021   650  1258 I ActivityManager: Start proc com.cyanogenmod.updater for broadcast com.cyanogenmod.updater/.receiver.UpdateCheckReceiver: pid=1754 uid=10002 gids={50002, 3003, 1028, 1015, 2001}
11-14 20:28:21.041   650  1180 I am_destroy_service: [0,1110041336,1710]
11-14 20:28:21.041   650  1182 I am_proc_bound: [0,1754,com.cyanogenmod.updater]
11-14 20:28:21.041   182  1765 D OMXCodec: Successfully allocated OMX node 'OMX.google.vorbis.decoder'
11-14 20:28:21.041   182  1765 I OMXCodec: Codec outputs at different sampling rate than what the input stream contains (contains data at 48000 Hz, codec outputs 44100 Hz)
11-14 20:28:21.041   182  1765 I AwesomePlayer: Could not offload audio decode, try pcm offload (16-bit)
11-14 20:28:21.041   182  1765 I OMXCodec: [OMX.google.vorbis.decoder] allocating 4 buffers of size 8192 on input port
11-14 20:28:21.041   182  1765 I OMXCodec: [OMX.google.vorbis.decoder] allocated buffer 0xb7c3d408 on input port
11-14 20:28:21.041   182  1765 I OMXCodec: [OMX.google.vorbis.decoder] allocated buffer 0xb7c3d5d0 on input port
11-14 20:28:21.041   182  1765 I OMXCodec: [OMX.google.vorbis.decoder] allocated buffer 0xb7c3d6a0 on input port
11-14 20:28:21.041   182  1765 I OMXCodec: [OMX.google.vorbis.decoder] allocated buffer 0xb7c3d758 on input port
11-14 20:28:21.041   182  1765 I OMXCodec: [OMX.google.vorbis.decoder] allocating 4 buffers of size 32768 on output port
11-14 20:28:21.041   182  1765 I OMXCodec: [OMX.google.vorbis.decoder] allocated buffer 0xb7c3d950 on output port
11-14 20:28:21.041   182  1765 I OMXCodec: [OMX.google.vorbis.decoder] allocated buffer 0xb7c3db70 on output port
11-14 20:28:21.041   182  1765 I OMXCodec: [OMX.google.vorbis.decoder] allocated buffer 0xb7c3dcb0 on output port
11-14 20:28:21.041   182  1765 I OMXCodec: [OMX.google.vorbis.decoder] allocated buffer 0xb7c3ddd8 on output port
11-14 20:28:21.051   182  1307 D AudioPlayer: start of Playback, useOffload 0
11-14 20:28:21.051   182  1769 I OMXNodeInstance: OMX_FreeBuffer for buffer header 0xb7c3d950 successful
11-14 20:28:21.051   182  1769 I OMXNodeInstance: OMX_FreeBuffer for buffer header 0xb7c3db70 successful
11-14 20:28:21.051   182  1769 I OMXNodeInstance: OMX_FreeBuffer for buffer header 0xb7c3dcb0 successful
11-14 20:28:21.051   182  1769 I OMXNodeInstance: OMX_FreeBuffer for buffer header 0xb7c3ddd8 successful
11-14 20:28:21.051  1754  1754 D ActivityThread: handleBindApplication:com.cyanogenmod.updater
11-14 20:28:21.051   182  1769 I OMXCodec: [OMX.google.vorbis.decoder] allocating 4 buffers of size 32768 on output port
11-14 20:28:21.051  1754  1754 D ActivityThread: setTargetHeapUtilization:0.75
11-14 20:28:21.051   182  1769 I OMXCodec: [OMX.google.vorbis.decoder] allocated buffer 0xb7c4a890 on output port
11-14 20:28:21.051   182  1769 I OMXCodec: [OMX.google.vorbis.decoder] allocated buffer 0xb7c3d908 on output port
11-14 20:28:21.051   182  1769 I OMXCodec: [OMX.google.vorbis.decoder] allocated buffer 0xb7c3d810 on output port
11-14 20:28:21.051  1754  1754 D ActivityThread: setTargetHeapMinFree:524288
11-14 20:28:21.051   182  1769 I OMXCodec: [OMX.google.vorbis.decoder] allocated buffer 0xb7c4a5c8 on output port
11-14 20:28:21.051   182  1765 D AudioPlayer: Pause Playback at 3
11-14 20:28:21.051   182  1307 D AudioPlayer: reset: mPlaying=0 mReachedEOS=1 useOffload=0
11-14 20:28:21.051   182  1769 I OMXNodeInstance: OMX_FreeBuffer for buffer header 0xb7c3d758 successful
11-14 20:28:21.051   182  1769 I OMXNodeInstance: OMX_FreeBuffer for buffer header 0xb7c3d6a0 successful
11-14 20:28:21.051   182  1769 I OMXNodeInstance: OMX_FreeBuffer for buffer header 0xb7c3d5d0 successful
11-14 20:28:21.051   182  1769 I OMXNodeInstance: OMX_FreeBuffer for buffer header 0xb7c3d408 successful
11-14 20:28:21.051   182  1769 I OMXNodeInstance: OMX_FreeBuffer for buffer header 0xb7c4a5c8 successful
11-14 20:28:21.051   182  1769 I OMXNodeInstance: OMX_FreeBuffer for buffer header 0xb7c3d810 successful
11-14 20:28:21.051   182  1769 I OMXNodeInstance: OMX_FreeBuffer for buffer header 0xb7c3d908 successful
11-14 20:28:21.051   182  1769 I OMXNodeInstance: OMX_FreeBuffer for buffer header 0xb7c4a890 successful
11-14 20:28:21.061   182   900 D AwesomePlayer: Before reset_l
11-14 20:28:21.071  1754  1754 I UpdateCheckReceiver: Scheduling future, repeating update checks.
11-14 20:28:21.081   182  1778 D OMXCodec: Successfully allocated OMX node 'OMX.google.vorbis.decoder'
11-14 20:28:21.081   182  1778 I OMXCodec: Codec outputs at different sampling rate than what the input stream contains (contains data at 48000 Hz, codec outputs 44100 Hz)
11-14 20:28:21.081   182  1778 I AwesomePlayer: Could not offload audio decode, try pcm offload (16-bit)
11-14 20:28:21.081   182  1778 I OMXCodec: [OMX.google.vorbis.decoder] allocating 4 buffers of size 8192 on input port
11-14 20:28:21.081   182  1778 I OMXCodec: [OMX.google.vorbis.decoder] allocated buffer 0xb7c3c7f8 on input port
11-14 20:28:21.081   182  1778 I OMXCodec: [OMX.google.vorbis.decoder] allocated buffer 0xb7c3c9a8 on input port
11-14 20:28:21.081   182  1778 I OMXCodec: [OMX.google.vorbis.decoder] allocated buffer 0xb7c3ca78 on input port
11-14 20:28:21.081   182  1778 I OMXCodec: [OMX.google.vorbis.decoder] allocated buffer 0xb7c3cb30 on input port
11-14 20:28:21.081   182  1778 I OMXCodec: [OMX.google.vorbis.decoder] allocating 4 buffers of size 32768 on output port
11-14 20:28:21.081   182  1778 I OMXCodec: [OMX.google.vorbis.decoder] allocated buffer 0xb7c3ccb8 on output port
11-14 20:28:21.081   182  1778 I OMXCodec: [OMX.google.vorbis.decoder] allocated buffer 0xb7c3ced8 on output port
11-14 20:28:21.081   182  1778 I OMXCodec: [OMX.google.vorbis.decoder] allocated buffer 0xb7c3d018 on output port
11-14 20:28:21.081   182  1778 I OMXCodec: [OMX.google.vorbis.decoder] allocated buffer 0xb7c3d140 on output port
11-14 20:28:21.081   182   900 D AudioPlayer: start of Playback, useOffload 0
11-14 20:28:21.081  1781  1781 V Zygote  : Switching descriptor 33 to /dev/null
11-14 20:28:21.081  1781  1781 V Zygote  : Switching descriptor 10 to /dev/null
11-14 20:28:21.081   182  1780 I OMXNodeInstance: OMX_FreeBuffer for buffer header 0xb7c3ccb8 successful
11-14 20:28:21.081   182  1780 I OMXNodeInstance: OMX_FreeBuffer for buffer header 0xb7c3ced8 successful
