11-14 20:28:14.212   182   182 D         : [ACDB Command]->ACDB File Major = 1, ACDB File Minor = 3
11-14 20:28:14.212   182   182 D         : [ACDB Command]->SW Minor/Major version mismatch warning /etc/Global_cal.acdb
11-14 20:28:14.212   182   182 D         : [ACDB Command]->ACDB Sw Major = 2, ACDB Sw Minor = 0
11-14 20:28:14.212   182   182 D         : [ACDB Command]->ACDB File Major = 1, ACDB File Minor = 3
11-14 20:28:14.222   182   182 E use-Rlog/RLOG-Diag_Lib:  Diag_LSM_Init: Failed to open handle to diag driver, error = 2
11-14 20:28:14.222   182   182 E use-Rlog/RLOG-Diag_Lib:  diagpkt_tbl_reg: Registration failed.
11-14 20:28:14.222   182   182 D         : [ACDB Command]->SW Minor/Major version mismatch warning /etc/Handset_cal.acdb
11-14 20:28:14.222   182   182 D         : [ACDB Command]->ACDB Sw Major = 2, ACDB Sw Minor = 0
11-14 20:28:14.222   182   182 D         : [ACDB Command]->ACDB File Major = 1, ACDB File Minor = 3
11-14 20:28:14.222   182   182 D         : [ACDB Command]->SW Minor/Major version mismatch warning /etc/Hdmi_cal.acdb
11-14 20:28:14.222   182   182 D         : [ACDB Command]->ACDB Sw Major = 2, ACDB Sw Minor = 0
11-14 20:28:14.222   182   182 D         : [ACDB Command]->ACDB File Major = 1, ACDB File Minor = 3
11-14 20:28:14.222   182   182 D         : [ACDB Command]->SW Minor/Major version mismatch warning /etc/Headset_cal.acdb
11-14 20:28:14.222   182   182 D         : [ACDB Command]->ACDB Sw Major = 2, ACDB Sw Minor = 0
11-14 20:28:14.222   182   182 D         : [ACDB Command]->ACDB File Major = 1, ACDB File Minor = 3
11-14 20:28:14.222   182   182 D         : [ACPH]->Online service registered with ACPH
11-14 20:28:14.222   182   182 D         : [ACPH]->ACPH init success
11-14 20:28:14.222   182   182 D         : [ACPH]->DSP RTC service registered with ACPH
11-14 20:28:14.222   182   182 D         : [ACPH]->ADIE RTC service registered with ACPH
11-14 20:28:14.222   182   182 D         : ACDBFILE_MGR: Property for the pid 00012E47 not found
11-14 20:28:14.222   182   182 D         : ACDB_COMMAND: Failed to fetch the property info for pid 00012E47 
11-14 20:28:14.222   182   182 E ACDB-LOADER: Error: ACDB get adm topologies returned = -18
11-14 20:28:14.222   182   182 D         : ACDBFILE_MGR: Property for the pid 00012E48 not found
11-14 20:28:14.222   182   182 D         : ACDB_COMMAND: Failed to fetch the property info for pid 00012E48 
11-14 20:28:14.222   182   182 E ACDB-LOADER: Error: ACDB get asm topologies returned = -18
11-14 20:28:14.232   182   182 D         : Failed to fetch the lookup information of the device 00000067 
11-14 20:28:14.232   182   182 E ACDB-LOADER: Error: ACDB ANC returned = -1
11-14 20:28:14.232   182   182 V audio_hw_primary: adev_open: DLOPEN successful for /system/lib/soundfx/libqcomvisualizer.so
11-14 20:28:14.232   182   182 V audio_hw_primary: adev_open: exit
11-14 20:28:14.232   182   182 I AudioFlinger: loadHwModule() Loaded primary audio interface from QCOM Audio HAL (audio) handle 1
11-14 20:28:14.232   182   182 V audio_hw_primary: adev_open_output_stream: enter: sample_rate(8000) channel_mask(0x3) devices(0x2) flags(0xa)
11-14 20:28:14.232   182   182 V audio_hw_primary: adev_open_output_stream: exit
11-14 20:28:14.232   182   182 I AudioFlinger: HAL output buffer size 960 frames, normal mix buffer size 960 frames
11-14 20:28:14.271   182   182 I AudioMixer: found effect "Multichannel Downmix To Stereo" from The Android Open Source Project
11-14 20:28:14.271   182   182 I AudioFlinger: Using module 1 has the primary audio interface
11-14 20:28:14.271   182   182 D AudioPolicyManagerBase: setOutputDevice() changing device from (2) to (2)         force (1) delayMs (0) on Output (2)
11-14 20:28:14.271   182   895 I AudioFlinger: AudioFlinger's thread 0xb5e52008 ready to run
11-14 20:28:14.271   182   895 D audio_hw_primary: out_set_parameters: enter: usecase(0: deep-buffer-playback) kvpairs: routing=2
11-14 20:28:14.271   182   895 V audio_hw_primary: out_set_parameters: exit: code(0)
11-14 20:28:14.271   182   895 V audio_hw_primary: out_standby: enter: usecase(0: deep-buffer-playback)
11-14 20:28:14.271   182   895 V audio_hw_primary: out_standby: exit
11-14 20:28:14.271   182   182 V audio_hw_primary: adev_open_output_stream: enter: sample_rate(44100) channel_mask(0x3) devices(0x2) flags(0x4)
11-14 20:28:14.271   182   182 V audio_hw_primary: adev_open_output_stream: exit
11-14 20:28:14.271   182   182 I AudioFlinger: HAL output buffer size 240 frames, normal mix buffer size 960 frames
11-14 20:28:14.271   182   182 I AudioMixer: found effect "Multichannel Downmix To Stereo" from The Android Open Source Project
11-14 20:28:14.281   182   182 E MonoPipe: Failed to fetch local time frequency when constructing a MonoPipe (res = -32).  getNextWriteTimestamp calls will be non-functional
11-14 20:28:14.281   182   182 D AudioPolicyManagerBase: setOutputDevice() changing device from (2) to (2)         force (1) delayMs (0) on Output (3)
11-14 20:28:14.281   182   899 I AudioFlinger: AudioFlinger's thread 0xb5cdc008 ready to run
11-14 20:28:14.281   182   899 D audio_hw_primary: out_set_parameters: enter: usecase(1: low-latency-playback) kvpairs: routing=2
11-14 20:28:14.281   182   899 V audio_hw_primary: out_set_parameters: exit: code(0)
11-14 20:28:14.281   182   899 V audio_hw_primary: out_standby: enter: usecase(1: low-latency-playback)
11-14 20:28:14.281   182   899 V audio_hw_primary: out_standby: exit
11-14 20:28:14.281   650   668 W Binder  : Caught a RuntimeException from the binder stub implementation.
11-14 20:28:14.281   650   668 W Binder  : java.lang.NullPointerException
11-14 20:28:14.281   650   668 W Binder  : 	at com.android.server.power.PowerManagerService.updateWakeLockWorkSource(PowerManagerService.java:911)
11-14 20:28:14.281   650   668 W Binder  : 	at com.android.server.power.PowerManagerService.updateWakeLockUids(PowerManagerService.java:902)
11-14 20:28:14.281   650   668 W Binder  : 	at android.os.IPowerManager$Stub.onTransact(IPowerManager.java:103)
11-14 20:28:14.281   650   668 W Binder  : 	at android.os.Binder.execTransact(Binder.java:404)
11-14 20:28:14.281   650   668 W Binder  : 	at dalvik.system.NativeStart.run(Native Method)
11-14 20:28:14.281   650   668 W Binder  : Caught a RuntimeException from the binder stub implementation.
11-14 20:28:14.281   650   668 W Binder  : java.lang.NullPointerException
11-14 20:28:14.281   650   668 W Binder  : 	at com.android.server.power.PowerManagerService.updateWakeLockWorkSource(PowerManagerService.java:911)
11-14 20:28:14.281   650   668 W Binder  : 	at com.android.server.power.PowerManagerService.updateWakeLockUids(PowerManagerService.java:902)
11-14 20:28:14.281   650   668 W Binder  : 	at android.os.IPowerManager$Stub.onTransact(IPowerManager.java:103)
11-14 20:28:14.281   650   668 W Binder  : 	at android.os.Binder.execTransact(Binder.java:404)
11-14 20:28:14.281   650   668 W Binder  : 	at dalvik.system.NativeStart.run(Native Method)
11-14 20:28:14.281   182   182 I audio_a2dp_hw: adev_open:  adev_open in A2dp_hw module
11-14 20:28:14.281   182   182 I AudioFlinger: loadHwModule() Loaded a2dp audio interface from A2DP Audio HW HAL (audio) handle 4
11-14 20:28:14.281   182   182 I AudioFlinger: loadHwModule() Loaded usb audio interface from USB audio HW HAL (audio) handle 5
11-14 20:28:14.281   182   182 I r_submix: adev_open(name=audio_hw_if)
11-14 20:28:14.281   182   182 I r_submix: adev_init_check()
11-14 20:28:14.281   182   182 I AudioFlinger: loadHwModule() Loaded r_submix audio interface from Wifi Display audio HAL (audio) handle 6
11-14 20:28:14.291   182   182 I AudioPolicyService: Loaded audio policy from LEGACY Audio Policy HAL (audio_policy)
11-14 20:28:14.601   650   650 W PackageParser: No actions in intent filter at /system/app/Bluetooth.apk Binary XML file line #227
11-14 20:28:14.611   650   650 W PackageParser: No actions in intent filter at /system/app/BluetoothExt.apk Binary XML file line #82
11-14 20:28:14.611   650   650 W PackageParser: No actions in intent filter at /system/app/BluetoothExt.apk Binary XML file line #106
11-14 20:28:14.611   650   650 W PackageParser: No actions in intent filter at /system/app/BluetoothExt.apk Binary XML file line #159
11-14 20:28:14.661   650   650 W PackageParser: No actions in intent filter at /system/app/CMFileManager.apk Binary XML file line #127
11-14 20:28:14.741   650   650 W ResourceType: Failure getting entry for 0x7f04000f (t=3 e=15) in package 0 (error -75)
11-14 20:28:14.741   650   650 W ResourceType: Failure getting entry for 0x7f04000f (t=3 e=15) in package 0 (error -75)
11-14 20:28:14.921   650   650 W PackageParser: Unknown element under <application>: permission at /system/app/Gallery2.apk Binary XML file line #275
11-14 20:28:14.921   650   650 W PackageParser: Unknown element under <application>: permission at /system/app/Gallery2.apk Binary XML file line #278
11-14 20:28:15.021   650   650 W PackageParser: No actions in intent filter at /system/app/OmaDmclient.apk Binary XML file line #31
11-14 20:28:15.021   650   650 W PackageParser: No actions in intent filter at /system/app/OmaDmclient.apk Binary XML file line #41
11-14 20:28:15.121   650   650 W PackageParser: No actions in intent filter at /system/app/Term.apk Binary XML file line #149
11-14 20:28:15.191   650   650 D PackageManager: No files in app dir /vendor/app
11-14 20:28:15.191   650   650 W PackageParser: Unknown element under <application>: uses-permission at /system/app/shutdownlistener.apk Binary XML file line #11
11-14 20:28:15.201   650   650 I boot_progress_pms_data_scan_start: 11701
11-14 20:28:15.201   650   650 I boot_progress_pms_scan_end: 11702
11-14 20:28:15.201   650   650 W PackageManager: Package com.android.mms desires unavailable shared library com.qrd.wappush; ignoring!
11-14 20:28:15.201   650   650 W PackageManager: Package com.android.gallery3d desires unavailable shared library com.google.android.media.effects; ignoring!
11-14 20:28:15.201   650   650 I PackageManager: Time to scan packages: 1.303 seconds
11-14 20:28:15.201   650   650 W PackageManager: Not granting permission android.permission.WRITE_MEDIA_STORAGE to package com.android.soundrecorder (protectionLevel=18 flags=0x8be45)
11-14 20:28:15.201   650   650 W PackageManager: Unknown permission com.google.android.c2dm.permission.RECEIVE in package com.cyanogenmod.account
11-14 20:28:15.201   650   650 W PackageManager: Unknown permission com.baidu.permission.QCCLOUD_PROVIDER in package com.android.contacts
11-14 20:28:15.201   650   650 W PackageManager: Unknown permission com.google.android.gallery3d.permission.GALLERY_PROVIDER in package com.android.bluetooth
11-14 20:28:15.201   650   650 W PackageManager: Unknown permission com.google.android.googleapps.permission.GOOGLE_AUTH in package com.android.providers.calendar
11-14 20:28:15.201   650   650 W PackageManager: Unknown permission com.google.android.googleapps.permission.GOOGLE_AUTH.cl in package com.android.providers.calendar
11-14 20:28:15.201   650   650 W PackageManager: Unknown permission com.google.android.googleapps.permission.GOOGLE_AUTH.mail in package com.android.calendar
11-14 20:28:15.201   650   650 W PackageManager: Not granting permission android.permission.ACCESS_DOWNLOAD_MANAGER to package com.android.browser (protectionLevel=18 flags=0x49be45)
11-14 20:28:15.201   650   650 W PackageManager: Not granting permission android.permission.SEND_DOWNLOAD_COMPLETED_INTENTS to package com.android.browser (protectionLevel=2 flags=0x49be45)
11-14 20:28:15.201   650   650 W PackageManager: Unknown permission com.android.launcher.permission.READ_SETTINGS in package com.android.onetimeinitializer
11-14 20:28:15.201   650   650 W PackageManager: Unknown permission com.android.launcher.permission.WRITE_SETTINGS in package com.android.onetimeinitializer
11-14 20:28:15.201   650   650 W PackageManager: Not granting permission android.permission.BIND_WALLPAPER to package com.android.camera2 (protectionLevel=18 flags=0x58bc45)
11-14 20:28:15.201   650   650 W PackageManager: Not granting permission com.android.gallery3d.permission.STORAGE_CHANGE to package com.android.camera2 (protectionLevel=18 flags=0x58bc45)
11-14 20:28:15.201   650   650 W PackageManager: Unknown permission android.permission.INSTALL_DRM in package com.android.mms
11-14 20:28:15.201   650   650 W PackageManager: Unknown permission com.qualcomm.permission.USE_PHONE_SERVICE in package com.android.mms
11-14 20:28:15.201   650   650 W PackageManager: Unknown permission com.cyanogenmod.filemanager.permissions.READ_THEME in package com.cyanogenmod.filemanager
11-14 20:28:15.211   650   650 W PackageManager: Unknown permission android.permission.MMS_PUSH in package org.codeaurora.bluetooth
11-14 20:28:15.211   650   650 W PackageManager: Unknown permission com.google.android.gallery3d.permission.PICASA_STORE in package com.android.dreams.phototable
11-14 20:28:15.211   650   650 W PackageManager: Unknown permission com.google.android.googleapps.permission.GOOGLE_AUTH in package com.android.settings
11-14 20:28:15.211   650   650 W PackageManager: Unknown permission com.android.launcher.permission.READ_SETTINGS in package com.android.settings
11-14 20:28:15.211   650   650 W PackageManager: Unknown permission com.android.launcher.permission.WRITE_SETTINGS in package com.android.settings
11-14 20:28:15.211   650   650 W PackageManager: Unknown permission android.permission.CHANGE_PRIVACY_GUARD_STATE in package com.android.settings
11-14 20:28:15.211   650   650 W PackageManager: Unknown permission com.cyanogen.permission.REQUEST_KILL_SWITCH_OP in package com.android.settings
11-14 20:28:15.211   650   650 W PackageManager: Unknown permission com.sprint.internal.permission.SYSTEMPROPERTIES in package com.redbend.vdmc
11-14 20:28:15.211   650   650 W PackageManager: Unknown permission com.sprint.internal.permission.SYSTEMPROPERTIES_WRITE in package com.redbend.vdmc
11-14 20:28:15.211   650   650 W PackageManager: Unknown permission com.sprint.internal.permission.CONNECTIONMANAGER in package com.redbend.vdmc
11-14 20:28:15.211   650   650 W PackageManager: Unknown permission com.sprint.internal.permission.PLATFORM in package com.redbend.vdmc
11-14 20:28:15.211   650   650 W PackageManager: Unknown permission com.android.launcher.permission.READ_SETTINGS in package com.cyanogenmod.trebuchet
11-14 20:28:15.211   650   650 W PackageManager: Unknown permission com.android.launcher.permission.WRITE_SETTINGS in package com.cyanogenmod.trebuchet
11-14 20:28:15.211   650   650 W PackageManager: Unknown permission com.google.android.c2dm.permission.RECEIVE in package org.whispersystems.whisperpush
11-14 20:28:15.211   650   650 W PackageManager: Unknown permission com.google.android.googleapps.permission.ACCESS_GOOGLE_PASSWORD in package com.android.development
11-14 20:28:15.211   650   650 W PackageManager: Unknown permission com.google.android.googleapps.permission.GOOGLE_AUTH in package com.android.development
11-14 20:28:15.211   650   650 W PackageManager: Unknown permission com.google.android.googleapps.permission.GOOGLE_AUTH.ALL_SERVICES in package com.android.development
11-14 20:28:15.211   650   650 W PackageManager: Unknown permission com.google.android.googleapps.permission.GOOGLE_AUTH.YouTubeUser in package com.android.development
11-14 20:28:15.211   650   650 W PackageManager: Unknown permission android.permission.CANCEL_NOTIFICATIONS in package org.cyanogenmod.theme.chooser
11-14 20:28:15.211   650   650 W PackageManager: Not granting permission android.permission.DELETE_PACKAGES to package com.svox.pico (protectionLevel=18 flags=0x8be45)
11-14 20:28:15.211   650   650 W PackageManager: Unknown permission com.cyngn.cmstats.SEND_ANALYTICS in package com.android.dialer
11-14 20:28:15.211   650   650 W PackageManager: Not granting permission android.permission.DEVICE_POWER to package com.android.deskclock (protectionLevel=2 flags=0x48be45)
11-14 20:28:15.211   650   650 W PackageManager: Unknown permission com.android.deskclock.worldclock.permissions.WRITE_DATABASE in package com.android.deskclock
11-14 20:28:15.211   650   650 W PackageManager: Unknown permission android.permission.CANCEL_NOTIFICATIONS in package org.cyanogenmod.voiceplus
11-14 20:28:15.211   650   650 W PackageManager: Unknown permission com.sprint.internal.permission.SYSTEMPROPERTIES in package com.lge.SprintHiddenMenu
11-14 20:28:15.211   650   650 W PackageManager: Unknown permission com.sprint.internal.permission.SYSTEMPROPERTIES_WRITE in package com.lge.SprintHiddenMenu
11-14 20:28:15.211   650   650 W PackageManager: Unknown permission com.sprint.internal.permission.CONNECTIONMANAGER in package com.lge.SprintHiddenMenu
11-14 20:28:15.211   650   650 W PackageManager: Unknown permission com.sprint.internal.permission.PLATFORM in package com.lge.SprintHiddenMenu
11-14 20:28:15.211   650   650 W PackageManager: Unknown permission com.sprint.internal.permission.OMADM in package com.lge.SprintHiddenMenu
11-14 20:28:15.211   650   650 W PackageManager: Unknown permission android.permission.FACTORY in package com.lge.SprintHiddenMenu
11-14 20:28:15.211   650   650 W PackageManager: Unknown permission com.lge.permission.LGHIDDEN in package com.lge.SprintHiddenMenu
11-14 20:28:15.221   650   650 W PackageManager: Unknown permission android.permission.MMS_PUSH in package com.lge.SprintHiddenMenu
11-14 20:28:15.221   650   650 V PackageManager: Disabling com.google.android.gsf/com.google.android.gsf.update.SystemUpdateActivity
11-14 20:28:15.221   650   650 W PackageManager: Unable to disable com.google.android.gsf/com.google.android.gsf.update.SystemUpdateActivity
11-14 20:28:15.221   650   650 V PackageManager: Disabling com.google.android.gsf/com.google.android.gsf.update.SystemUpdateService$Receiver
11-14 20:28:15.221   650   650 W PackageManager: Unable to disable com.google.android.gsf/com.google.android.gsf.update.SystemUpdateService$Receiver
11-14 20:28:15.221   650   650 V PackageManager: Disabling com.google.android.gsf/com.google.android.gsf.update.SystemUpdateService$SecretCodeReceiver
11-14 20:28:15.221   650   650 W PackageManager: Unable to disable com.google.android.gsf/com.google.android.gsf.update.SystemUpdateService$SecretCodeReceiver
11-14 20:28:15.221   650   650 V PackageManager: Disabling com.google.android.gms/com.google.android.gms.update.SystemUpdateActivity
11-14 20:28:15.221   650   650 W PackageManager: Unable to disable com.google.android.gms/com.google.android.gms.update.SystemUpdateActivity
11-14 20:28:15.221   650   650 V PackageManager: Disabling com.google.android.gms/com.google.android.gms.update.SystemUpdateService$Receiver
11-14 20:28:15.221   650   650 W PackageManager: Unable to disable com.google.android.gms/com.google.android.gms.update.SystemUpdateService$Receiver
11-14 20:28:15.221   650   650 V PackageManager: Disabling com.google.android.gms/com.google.android.gms.update.SystemUpdateService$ActiveReceiver
11-14 20:28:15.221   650   650 W PackageManager: Unable to disable com.google.android.gms/com.google.android.gms.update.SystemUpdateService$ActiveReceiver
11-14 20:28:15.221   650   650 V PackageManager: Disabling com.google.android.gms/com.google.android.gms.update.SystemUpdateService$SecretCodeReceiver
11-14 20:28:15.221   650   650 W PackageManager: Unable to disable com.google.android.gms/com.google.android.gms.update.SystemUpdateService$SecretCodeReceiver
11-14 20:28:15.221   650   650 V PackageManager: Enabling com.google.android.gsf/com.google.android.gsf.update.SystemUpdateService
11-14 20:28:15.221   650   650 W PackageManager: Unable to enable com.google.android.gsf/com.google.android.gsf.update.SystemUpdateService
11-14 20:28:15.221   650   650 V PackageManager: Enabling com.google.android.gms/com.google.android.gms.update.SystemUpdateService
11-14 20:28:15.221   650   650 W PackageManager: Unable to enable com.google.android.gms/com.google.android.gms.update.SystemUpdateService
11-14 20:28:15.271   650   650 I boot_progress_pms_ready: 11779
11-14 20:28:15.311   650   650 I SystemServer: Entropy Mixer
11-14 20:28:15.321   650   650 I EntropyMixer: Writing entropy...
11-14 20:28:15.331   650   650 I SystemServer: User Service
11-14 20:28:15.331   650   650 I SystemServer: Account Manager
11-14 20:28:15.331   650   650 I SystemServer: Content Manager
11-14 20:28:15.331   650   650 I SystemServer: System Content Providers
11-14 20:28:15.351   650   650 I SystemServer: Lights Service
11-14 20:28:15.351   650   650 I SystemServer: Battery Service
11-14 20:28:15.371   650   667 I battery_status: [2,2,1,2,Li-ion]
11-14 20:28:15.371   650   667 I battery_level: [95,4187,366]
11-14 20:28:15.391   650   650 E ConsumerIrService: Can't open consumer IR HW Module, error: -2
11-14 20:28:15.391   650   650 W libsuspend: Error writing 'on' to /sys/power/state: Invalid argument
11-14 20:28:15.391   650   650 I libsuspend: Selected autosleep
11-14 20:28:15.391   650   650 I QCOM PowerHAL: Got set_interactive hint
11-14 20:28:15.391   650   650 E QCOM PowerHAL: Invalid hint ID.
11-14 20:28:15.391   179   535 D PermissionCache: checking android.permission.ACCESS_SURFACE_FLINGER for uid=1000 => granted (318 us)
11-14 20:28:15.391   179   179 D SurfaceFlinger: Screen acquired, type=0 flinger=0xb84ac450
11-14 20:28:15.391   179   179 D SurfaceFlinger:  screen was previously acquired
11-14 20:28:15.391   650   650 D AlarmManagerService: Kernel timezone updated to -480 minutes west of GMT
11-14 20:28:15.391   650   650 I SystemServer: Vibrator Service
11-14 20:28:15.391   650   650 I SystemServer: Consumer IR Service
11-14 20:28:15.391   650   650 I SystemServer: Alarm Manager
11-14 20:28:15.401   650   650 I SystemServer: Init Watchdog
11-14 20:28:15.401   650   650 I SystemServer: Input Manager
11-14 20:28:15.401   650   650 I InputManager: Initializing input manager, mUseDevInputEventForAudioJack=true
11-14 20:28:15.401   650   650 I SystemServer: Window Manager
11-14 20:28:15.411   650   867 I WindowManager: No existing display settings /data/system/display_settings.xml; starting empty
11-14 20:28:15.441   650   887 I screen_toggled: 1
11-14 20:28:15.441   650   887 I WindowManager: No keyguard interface!
11-14 20:28:15.451   650   650 I wm_stack_created: [0,-1,6,100]
11-14 20:28:15.451   650   916 D EventHub: No input device configuration file found for device 'msm8974-taiko-mtp-snd-card Headset Jack'.
11-14 20:28:15.451   650   916 I EventHub: New device: id=1, fd=102, path='/dev/input/event5', name='msm8974-taiko-mtp-snd-card Headset Jack', classes=0x80, configuration='', keyLayout='', keyCharacterMap='', builtinKeyboard=false, usingSuspendBlockIoctl=true, usingClockIoctl=true
11-14 20:28:15.451   650   916 D EventHub: No input device configuration file found for device 'msm8974-taiko-mtp-snd-card Button Jack'.
11-14 20:28:15.451   650   916 W EventHub: Unable to disable kernel key repeat for /dev/input/event4: Function not implemented
11-14 20:28:15.451   650   916 I EventHub: New device: id=2, fd=103, path='/dev/input/event4', name='msm8974-taiko-mtp-snd-card Button Jack', classes=0x1, configuration='', keyLayout='/system/usr/keylayout/msm8974-taiko-mtp-snd-card_Button_Jack.kl', keyCharacterMap='/system/usr/keychars/msm8974-taiko-mtp-snd-card_Button_Jack.kcm', builtinKeyboard=false, usingSuspendBlockIoctl=true, usingClockIoctl=true
11-14 20:28:15.451   650   916 D EventHub: No input device configuration file found for device 'hs_detect'.
11-14 20:28:15.451   650   650 I InputManager: Starting input manager
11-14 20:28:15.451   650   650 I SystemServer: Bluetooth Manager Service
11-14 20:28:15.461   650   916 W EventHub: Unable to disable kernel key repeat for /dev/input/event3: Function not implemented
11-14 20:28:15.461   650   916 I EventHub: New device: id=3, fd=104, path='/dev/input/event3', name='hs_detect', classes=0x81, configuration='', keyLayout='/system/usr/keylayout/hs_detect.kl', keyCharacterMap='/system/usr/keychars/hs_detect.kcm', builtinKeyboard=false, usingSuspendBlockIoctl=true, usingClockIoctl=true
11-14 20:28:15.461   650   650 D BluetoothManagerService: Loading stored name and address
11-14 20:28:15.461   650   650 D BluetoothManagerService: Stored bluetooth Name=Nexus 5,Address=48:59:29:57:DA:A2
11-14 20:28:15.461   650   916 I EventHub: New device: id=4, fd=106, path='/dev/input/event1', name='touch_dev', classes=0x14, configuration='/system/usr/idc/touch_dev.idc', keyLayout='', keyCharacterMap='', builtinKeyboard=false, usingSuspendBlockIoctl=true, usingClockIoctl=true
11-14 20:28:15.461   650   916 D EventHub: No input device configuration file found for device 'qpnp_pon'.
11-14 20:28:15.461   650   916 W EventHub: Unable to disable kernel key repeat for /dev/input/event0: Function not implemented
11-14 20:28:15.461   650   916 I EventHub: New device: id=5, fd=107, path='/dev/input/event0', name='qpnp_pon', classes=0x1, configuration='', keyLayout='/system/usr/keylayout/qpnp_pon.kl', keyCharacterMap='/system/usr/keychars/qpnp_pon.kcm', builtinKeyboard=false, usingSuspendBlockIoctl=true, usingClockIoctl=true
11-14 20:28:15.461   650   916 D EventHub: No input device configuration file found for device 'gpio-keys'.
11-14 20:28:15.461   650   916 W EventHub: Unable to disable kernel key repeat for /dev/input/event2: Function not implemented
11-14 20:28:15.461   650   916 I EventHub: New device: id=6, fd=108, path='/dev/input/event2', name='gpio-keys', classes=0x81, configuration='', keyLayout='/system/usr/keylayout/gpio-keys.kl', keyCharacterMap='/system/usr/keychars/gpio-keys.kcm', builtinKeyboard=false, usingSuspendBlockIoctl=true, usingClockIoctl=true
11-14 20:28:15.461   650   650 I SystemServer: Input Method Service
11-14 20:28:15.461   650   650 W InputMethodManagerService: Couldn't create dir.: /data/system/inputmethod
11-14 20:28:15.471   650   916 I InputReader: Device added: id=-1, name='Virtual', sources=0x00000301
11-14 20:28:15.471   650   916 I InputReader: Device added: id=6, name='gpio-keys', sources=0x80000101
11-14 20:28:15.471   650   916 I InputReader: Device added: id=5, name='qpnp_pon', sources=0x00000101
11-14 20:28:15.471   650   916 I InputReader:   Touch device 'touch_dev' could not query the properties of its associated display.  The device will be inoperable until the display size becomes available.
11-14 20:28:15.471   650   916 I InputReader: Device added: id=4, name='touch_dev', sources=0x00001002
11-14 20:28:15.471   650   916 I InputReader: Device added: id=3, name='hs_detect', sources=0x80000101
11-14 20:28:15.471   650   916 I InputReader: Device added: id=2, name='msm8974-taiko-mtp-snd-card Button Jack', sources=0x00000101
11-14 20:28:15.471   650   916 I InputReader: Device added: id=1, name='msm8974-taiko-mtp-snd-card Headset Jack', sources=0x80000000
11-14 20:28:15.501   650   650 I configuration_changed: 7672
11-14 20:28:15.501   650   650 I SystemServer: Accessibility Manager
11-14 20:28:15.501   650   650 I ActivityManager: Config changes=1df8 {1.0 ?mcc?mnc en_US ldltr sw360dp w360dp h640dp 480dpi nrml long port ?uimode ?night -touch -keyb/v/h -nav/h s.2 themeResource=null}
11-14 20:28:15.511   650   650 I configuration_changed: 1288
11-14 20:28:15.511   650   916 I InputReader: Reconfiguring input devices.  changes=0x00000004
11-14 20:28:15.511   650   916 I InputReader: Device reconfigured: id=4, name='touch_dev', size 1080x1920, orientation 0, mode 1, display id 0
11-14 20:28:15.511   650   650 I ActivityManager: Config changes=508 {1.0 ?mcc?mnc en_US ldltr sw360dp w360dp h567dp 480dpi nrml port ?uimode ?night finger -keyb/v/h -nav/h s.3 themeResource=null}
11-14 20:28:15.511   650   650 I SystemServer: Mount Service
11-14 20:28:15.511   650   650 D MountService: got storage path: null description: Internal storage primary: true removable: false emulated: true mtpReserve: 100 allowMassStorage: false maxFileSize: 0
11-14 20:28:15.511   650   650 D MountService: addVolumeLocked() StorageVolume:
11-14 20:28:15.511   650   650 D MountService:     mStorageId=65537 mPath=/storage/emulated/0 mDescriptionId=17039384 
11-14 20:28:15.511   650   650 D MountService:     mPrimary=true mRemovable=false mEmulated=true mMtpReserveSpace=100 
11-14 20:28:15.511   650   650 D MountService:     mAllowMassStorage=false mMaxFileSize=0 mOwner=UserHandle{0} mUuid=null 
11-14 20:28:15.511   650   650 D MountService:     mUserLabel=null mState=null 
11-14 20:28:15.511   650   650 D MountService: got storage path: /storage/usbdisk description: USB storage primary: false removable: true emulated: false mtpReserve: 0 allowMassStorage: false maxFileSize: 0
11-14 20:28:15.511   650   650 D MountService: addVolumeLocked() StorageVolume:
11-14 20:28:15.511   650   650 D MountService:     mStorageId=0 mPath=/storage/usbdisk mDescriptionId=17039386 mPrimary=false 
11-14 20:28:15.511   650   650 D MountService:     mRemovable=true mEmulated=false mMtpReserveSpace=0 mAllowMassStorage=false 
11-14 20:28:15.511   650   650 D MountService:     mMaxFileSize=0 mOwner=null mUuid=null mUserLabel=null mState=null 
11-14 20:28:15.511   650   650 I SystemServer: LockSettingsService
11-14 20:28:15.511   650   650 I SystemServer: Device Policy
11-14 20:28:15.521   650   929 I PackageManager: No secure containers on sdcard
11-14 20:28:15.521   650   650 I SystemServer: Status Bar
11-14 20:28:15.521   650   929 D MountService: volume state changed for /storage/usbdisk (unmounted -> removed)
11-14 20:28:15.521   650   650 I SystemServer: Clipboard Service
11-14 20:28:15.521   650   650 I SystemServer: TorchService
11-14 20:28:15.521   650   650 I SystemServer: NetworkManagement Service
11-14 20:28:15.521   650   929 W PackageManager: Not granting permission android.permission.WRITE_MEDIA_STORAGE to package com.android.soundrecorder (protectionLevel=18 flags=0x8be45)
11-14 20:28:15.521   650   650 I SystemServer: Text Service Manager Service
11-14 20:28:15.521   650   929 W PackageManager: Unknown permission com.google.android.c2dm.permission.RECEIVE in package com.cyanogenmod.account
11-14 20:28:15.521   650   929 W PackageManager: Unknown permission com.baidu.permission.QCCLOUD_PROVIDER in package com.android.contacts
11-14 20:28:15.521   650   929 W PackageManager: Unknown permission com.google.android.gallery3d.permission.GALLERY_PROVIDER in package com.android.bluetooth
11-14 20:28:15.521   650   929 W PackageManager: Unknown permission com.google.android.googleapps.permission.GOOGLE_AUTH in package com.android.providers.calendar
11-14 20:28:15.521   650   929 W PackageManager: Unknown permission com.google.android.googleapps.permission.GOOGLE_AUTH.cl in package com.android.providers.calendar
11-14 20:28:15.521   650   929 W PackageManager: Unknown permission com.google.android.googleapps.permission.GOOGLE_AUTH.mail in package com.android.calendar
11-14 20:28:15.521   650   929 W PackageManager: Not granting permission android.permission.ACCESS_DOWNLOAD_MANAGER to package com.android.browser (protectionLevel=18 flags=0x49be45)
11-14 20:28:15.521   650   929 W PackageManager: Not granting permission android.permission.SEND_DOWNLOAD_COMPLETED_INTENTS to package com.android.browser (protectionLevel=2 flags=0x49be45)
11-14 20:28:15.521   650   929 W PackageManager: Unknown permission com.android.launcher.permission.READ_SETTINGS in package com.android.onetimeinitializer
11-14 20:28:15.521   650   929 W PackageManager: Unknown permission com.android.launcher.permission.WRITE_SETTINGS in package com.android.onetimeinitializer
11-14 20:28:15.521   650   929 W PackageManager: Not granting permission android.permission.BIND_WALLPAPER to package com.android.camera2 (protectionLevel=18 flags=0x58bc45)
11-14 20:28:15.521   650   929 W PackageManager: Not granting permission com.android.gallery3d.permission.STORAGE_CHANGE to package com.android.camera2 (protectionLevel=18 flags=0x58bc45)
11-14 20:28:15.521   650   929 W PackageManager: Unknown permission android.permission.INSTALL_DRM in package com.android.mms
11-14 20:28:15.521   650   929 W PackageManager: Unknown permission com.qualcomm.permission.USE_PHONE_SERVICE in package com.android.mms
11-14 20:28:15.521   650   929 W PackageManager: Unknown permission com.cyanogenmod.filemanager.permissions.READ_THEME in package com.cyanogenmod.filemanager
11-14 20:28:15.521   650   929 W PackageManager: Unknown permission android.permission.MMS_PUSH in package org.codeaurora.bluetooth
11-14 20:28:15.521   650   929 W PackageManager: Unknown permission com.google.android.gallery3d.permission.PICASA_STORE in package com.android.dreams.phototable
11-14 20:28:15.521   650   929 W PackageManager: Unknown permission com.google.android.googleapps.permission.GOOGLE_AUTH in package com.android.settings
11-14 20:28:15.521   650   929 W PackageManager: Unknown permission com.android.launcher.permission.READ_SETTINGS in package com.android.settings
11-14 20:28:15.521   650   929 W PackageManager: Unknown permission com.android.launcher.permission.WRITE_SETTINGS in package com.android.settings
11-14 20:28:15.531   650   929 W PackageManager: Unknown permission android.permission.CHANGE_PRIVACY_GUARD_STATE in package com.android.settings
11-14 20:28:15.531   650   929 W PackageManager: Unknown permission com.cyanogen.permission.REQUEST_KILL_SWITCH_OP in package com.android.settings
11-14 20:28:15.531   650   929 W PackageManager: Unknown permission com.sprint.internal.permission.SYSTEMPROPERTIES in package com.redbend.vdmc
11-14 20:28:15.531   650   929 W PackageManager: Unknown permission com.sprint.internal.permission.SYSTEMPROPERTIES_WRITE in package com.redbend.vdmc
11-14 20:28:15.531   650   929 W PackageManager: Unknown permission com.sprint.internal.permission.CONNECTIONMANAGER in package com.redbend.vdmc
11-14 20:28:15.531   650   929 W PackageManager: Unknown permission com.sprint.internal.permission.PLATFORM in package com.redbend.vdmc
11-14 20:28:15.531   650   929 W PackageManager: Unknown permission com.android.launcher.permission.READ_SETTINGS in package com.cyanogenmod.trebuchet
11-14 20:28:15.531   650   929 W PackageManager: Unknown permission com.android.launcher.permission.WRITE_SETTINGS in package com.cyanogenmod.trebuchet
11-14 20:28:15.531   650   929 W PackageManager: Unknown permission com.google.android.c2dm.permission.RECEIVE in package org.whispersystems.whisperpush
11-14 20:28:15.531   650   929 W PackageManager: Unknown permission com.google.android.googleapps.permission.ACCESS_GOOGLE_PASSWORD in package com.android.development
11-14 20:28:15.531   650   929 W PackageManager: Unknown permission com.google.android.googleapps.permission.GOOGLE_AUTH in package com.android.development
11-14 20:28:15.531   650   929 W PackageManager: Unknown permission com.google.android.googleapps.permission.GOOGLE_AUTH.ALL_SERVICES in package com.android.development
11-14 20:28:15.531   650   929 W PackageManager: Unknown permission com.google.android.googleapps.permission.GOOGLE_AUTH.YouTubeUser in package com.android.development
11-14 20:28:15.531   650   929 W PackageManager: Unknown permission android.permission.CANCEL_NOTIFICATIONS in package org.cyanogenmod.theme.chooser
11-14 20:28:15.531   650   929 W PackageManager: Not granting permission android.permission.DELETE_PACKAGES to package com.svox.pico (protectionLevel=18 flags=0x8be45)
11-14 20:28:15.531   650   929 W PackageManager: Unknown permission com.cyngn.cmstats.SEND_ANALYTICS in package com.android.dialer
11-14 20:28:15.531   650   929 W PackageManager: Not granting permission android.permission.DEVICE_POWER to package com.android.deskclock (protectionLevel=2 flags=0x48be45)
11-14 20:28:15.531   650   929 W PackageManager: Unknown permission com.android.deskclock.worldclock.permissions.WRITE_DATABASE in package com.android.deskclock
11-14 20:28:15.531   650   929 W PackageManager: Unknown permission android.permission.CANCEL_NOTIFICATIONS in package org.cyanogenmod.voiceplus
11-14 20:28:15.531   650   929 W PackageManager: Unknown permission com.sprint.internal.permission.SYSTEMPROPERTIES in package com.lge.SprintHiddenMenu
11-14 20:28:15.531   650   929 W PackageManager: Unknown permission com.sprint.internal.permission.SYSTEMPROPERTIES_WRITE in package com.lge.SprintHiddenMenu
11-14 20:28:15.531   650   929 W PackageManager: Unknown permission com.sprint.internal.permission.CONNECTIONMANAGER in package com.lge.SprintHiddenMenu
11-14 20:28:15.531   650   929 W PackageManager: Unknown permission com.sprint.internal.permission.PLATFORM in package com.lge.SprintHiddenMenu
11-14 20:28:15.531   650   929 W PackageManager: Unknown permission com.sprint.internal.permission.OMADM in package com.lge.SprintHiddenMenu
11-14 20:28:15.531   650   929 W PackageManager: Unknown permission android.permission.FACTORY in package com.lge.SprintHiddenMenu
11-14 20:28:15.531   650   929 W PackageManager: Unknown permission com.lge.permission.LGHIDDEN in package com.lge.SprintHiddenMenu
11-14 20:28:15.531   650   929 W PackageManager: Unknown permission android.permission.MMS_PUSH in package com.lge.SprintHiddenMenu
11-14 20:28:15.651   650   650 I SystemServer: NetworkStats Service
11-14 20:28:15.681   650   650 I SystemServer: NetworkPolicy Service
11-14 20:28:15.681   650   650 I SystemServer: Wi-Fi P2pService
11-14 20:28:15.711   650   650 I SystemServer: Wi-Fi Service
11-14 20:28:15.761   650   650 D WifiController: isAirplaneModeOn = false, isWifiEnabled = true, isScanningAvailable = false
11-14 20:28:15.761   650   650 I SystemServer: Connectivity Service
11-14 20:28:15.771   650   650 D ConnectivityService: ConnectivityService starting up
11-14 20:28:15.771   650   650 D ConnectivityService: wifiOnly=false
11-14 20:28:15.781   650   650 D BluetoothTethering: startMonitoring: target: Handler (com.android.server.ConnectivityService$NetworkStateTrackerHandler) {421a49e0}
11-14 20:28:15.781   650   650 D BluetoothTethering: startMonitoring: mCsHandler: Handler (com.android.server.ConnectivityService$NetworkStateTrackerHandler) {421a49e0}
11-14 20:28:15.781   650   888 D BluetoothManagerService: Message: 20
11-14 20:28:15.781   650   888 D BluetoothManagerService: Added callback: android.bluetooth.BluetoothAdapter$2@42192a20:true
11-14 20:28:15.781   650   888 D BluetoothManagerService: Message: 30
11-14 20:28:15.781   650   650 W ContextImpl: Calling a method in the system process without a qualified user: android.app.ContextImpl.bindService:1607 android.bluetooth.BluetoothPan.doBind:148 android.bluetooth.BluetoothPan.<init>:141 android.bluetooth.BluetoothAdapter.getProfileProxy:1378 android.bluetooth.BluetoothTetheringDataTracker.startMonitoring:116 
11-14 20:28:15.791   650   650 D Tethering: exception when get active network info:java.lang.NullPointerException
11-14 20:28:15.791   650   949 D WifiController: WifiController msg { when=-2ms what=155656 target=com.android.internal.util.StateMachine$SmHandler } deferred for 475ms
11-14 20:28:15.791   650   650 E MobileDataStateTracker: default: Ignoring feature request because could not acquire PhoneService
11-14 20:28:15.791   650   650 E MobileDataStateTracker: default: Could not enable APN type "default"
11-14 20:28:15.791   650   650 I WifiService: WifiService starting up with Wi-Fi enabled
11-14 20:28:15.791   650   650 D WifiService: setWifiEnabled: true pid=650, uid=1000
11-14 20:28:15.801   650   650 I SystemServer: Network Service Discovery Service
11-14 20:28:15.801   650   650 D NsdService: Network service discovery enabled true
11-14 20:28:15.801   650   650 I SystemServer: UpdateLock Service
11-14 20:28:15.831   650   650 I SystemServer: Profile Manager
11-14 20:28:15.841   650   650 V ProfileTriggerHelper: Enabling
11-14 20:28:15.841   650   650 D ProfileService: Found active: 5fdfb1c7-1390-4eef-98fc-eafe57d7a4b5
11-14 20:28:15.861   650   650 D ProfileService: Set active profile to: 5fdfb1c7-1390-4eef-98fc-eafe57d7a4b5 - Default
11-14 20:28:15.861   650   650 D ProfileService: Saving profile data...
11-14 20:28:15.901   650   650 I free_storage_left: [13261541376,650575872,709619712]
11-14 20:28:15.901   650   650 I free_storage_changed: 13261541376
11-14 20:28:15.901   650   650 D ProfileService: Save completed.
11-14 20:28:15.901   650   650 I SystemServer: Notification Manager
11-14 20:28:15.901   650   650 I SystemServer: Device Storage Monitor
11-14 20:28:15.901   650   650 I SystemServer: Location Manager
11-14 20:28:15.901   650   650 I SystemServer: Country Detector
11-14 20:28:15.901   650   650 I SystemServer: Search Service
11-14 20:28:15.911   650   650 I SystemServer: DropBox Service
11-14 20:28:15.911   650   650 I SystemServer: Wallpaper Service
11-14 20:28:15.911   650   650 W WallpaperService: no current wallpaper -- first boot?
11-14 20:28:15.911   650   650 I SystemServer: Audio Service
11-14 20:28:15.951   650   650 I VolumePanel: changeOverlayStyle : 1
11-14 20:28:16.001   650   650 I SystemServer: Dock Observer
11-14 20:28:16.001   650   650 W DockObserver: This kernel does not have dock station support
11-14 20:28:16.001   650   650 I SystemServer: Wired Accessory Manager
11-14 20:28:16.001   650   650 W WiredAccessoryManager: This kernel does not have Motorola EMU audio support
11-14 20:28:16.001   650   650 W WiredAccessoryManager: This kernel does not have samsung usb dock audio support
11-14 20:28:16.011   650   650 I SystemServer: USB Service
11-14 20:28:16.021   650   650 I SystemServer: Serial Service
11-14 20:28:16.021   650   650 I SystemServer: Twilight Service
11-14 20:28:16.031   650   650 I SystemServer: UI Mode Manager Service
11-14 20:28:16.061   650   650 E SELinux : SELinux: Loaded file_contexts from /file_contexts
11-14 20:28:16.061   650   650 I SystemServer: Backup Service
11-14 20:28:16.061   650   650 V BackupManagerService: Initializing package tracking
11-14 20:28:16.061   650   650 V BackupManagerService: No ancestral data
11-14 20:28:16.071   650   650 I backup_data_changed: com.android.calendar
11-14 20:28:16.071   650   650 V BackupManagerService: addPackageParticipantsLocked: all
11-14 20:28:16.071   650   650 I BackupManagerService: Scheduling backup for new app com.android.calendar
11-14 20:28:16.071   650   650 D BackupManagerService: Now staging backup of com.android.calendar
11-14 20:28:16.081   650   650 I backup_data_changed: com.android.browser
11-14 20:28:16.081   650   650 I backup_data_changed: com.android.nfc
11-14 20:28:16.081   650   650 I backup_data_changed: com.android.providers.userdictionary
11-14 20:28:16.081   650   650 I BackupManagerService: Scheduling backup for new app com.android.browser
11-14 20:28:16.081   650   650 D BackupManagerService: Now staging backup of com.android.browser
11-14 20:28:16.081   650   650 I BackupManagerService: Scheduling backup for new app com.android.nfc
11-14 20:28:16.081   650   650 D BackupManagerService: Now staging backup of com.android.nfc
11-14 20:28:16.081   650   650 I BackupManagerService: Scheduling backup for new app com.android.providers.userdictionary
11-14 20:28:16.081   650   650 D BackupManagerService: Now staging backup of com.android.providers.userdictionary
11-14 20:28:16.091   650   650 I backup_data_changed: com.android.sharedstoragebackup
11-14 20:28:16.091   650   650 I backup_data_changed: com.android.mms
11-14 20:28:16.091   650   650 I BackupManagerService: Scheduling backup for new app com.android.sharedstoragebackup
11-14 20:28:16.091   650   650 D BackupManagerService: Now staging backup of com.android.sharedstoragebackup
11-14 20:28:16.091   650   650 I BackupManagerService: Scheduling backup for new app com.android.mms
11-14 20:28:16.091   650   650 D BackupManagerService: Now staging backup of com.android.mms
11-14 20:28:16.101   650   650 I backup_data_changed: android
11-14 20:28:16.101   650   650 I backup_data_changed: com.android.providers.telephony
11-14 20:28:16.101   650   650 I BackupManagerService: Scheduling backup for new app android
11-14 20:28:16.101   650   650 D BackupManagerService: Now staging backup of android
11-14 20:28:16.101   650   650 I BackupManagerService: Scheduling backup for new app com.android.providers.telephony
11-14 20:28:16.101   650   650 D BackupManagerService: Now staging backup of com.android.providers.telephony
11-14 20:28:16.111   650   650 I backup_data_changed: com.android.dialer
11-14 20:28:16.111   650   650 I backup_data_changed: com.android.providers.settings
11-14 20:28:16.111   650   650 I BackupManagerService: Scheduling backup for new app com.android.dialer
11-14 20:28:16.111   650   650 D BackupManagerService: Now staging backup of com.android.dialer
11-14 20:28:16.111   650   650 I BackupManagerService: Scheduling backup for new app com.android.providers.settings
11-14 20:28:16.111   650   650 D BackupManagerService: Now staging backup of com.android.providers.settings
11-14 20:28:16.111   650   650 V BackupManagerService: Starting with transport com.google.android.backup/.BackupTransportService
11-14 20:28:16.111   650   650 V BackupManagerService: Found transports: 1
11-14 20:28:16.111   650   650 I BackupManagerService: Binding to transport host ComponentInfo{android/com.android.internal.backup.LocalTransportService}
11-14 20:28:16.121   650   650 I am_create_service: [0,1110770984,.LocalTransportService,1000,650]
11-14 20:28:16.121   650   650 I backup_data_changed: com.android.calendar
11-14 20:28:16.121   650   650 I backup_data_changed: com.android.browser
11-14 20:28:16.121   650   650 I backup_data_changed: com.android.nfc
11-14 20:28:16.121   650   650 I backup_data_changed: com.android.providers.userdictionary
11-14 20:28:16.121   650   650 I backup_data_changed: com.android.sharedstoragebackup
11-14 20:28:16.121   650   650 I backup_data_changed: com.android.mms
11-14 20:28:16.121   650   650 I backup_data_changed: android
11-14 20:28:16.121   650   650 I backup_data_changed: com.android.providers.telephony
11-14 20:28:16.121   650   650 I backup_data_changed: com.android.dialer
11-14 20:28:16.121   650   650 I backup_data_changed: com.android.providers.settings
11-14 20:28:16.121   650   650 I BackupManagerService: Found stale backup journal, scheduling
11-14 20:28:16.121   650   650 I BackupManagerService:   com.android.calendar
11-14 20:28:16.121   650   650 I BackupManagerService:   com.android.browser
11-14 20:28:16.121   650   650 I BackupManagerService:   com.android.nfc
11-14 20:28:16.121   650   650 I BackupManagerService:   com.android.providers.userdictionary
11-14 20:28:16.121   650   650 I BackupManagerService:   com.android.sharedstoragebackup
11-14 20:28:16.121   650   650 I BackupManagerService:   com.android.mms
11-14 20:28:16.121   650   650 I BackupManagerService:   android
11-14 20:28:16.121   650   650 I BackupManagerService:   com.android.providers.telephony
11-14 20:28:16.121   650   650 I BackupManagerService:   com.android.dialer
11-14 20:28:16.121   650   650 I BackupManagerService:   com.android.providers.settings
11-14 20:28:16.121   650   650 I BackupManagerService: Backup enabled => false
11-14 20:28:16.121   650   650 I BackupManagerService: Opting out of backup
11-14 20:28:16.121   650   650 I SystemServer: AppWidget Service
11-14 20:28:16.121   650   650 I SystemServer: Recognition Service
11-14 20:28:16.121   650   650 I SystemServer: DiskStats Service
11-14 20:28:16.131   650   973 D Atlas   : Computing best atlas configuration...
11-14 20:28:16.131   650   975 D Atlas   : Running Atlas Worker #2
11-14 20:28:16.131   650   974 D Atlas   : Running Atlas Worker #1
11-14 20:28:16.131   650   650 I SystemServer: SamplingProfiler Service
11-14 20:28:16.131   650   650 I SystemServer: NetworkTimeUpdateService
11-14 20:28:16.131   650   650 I SystemServer: CommonTimeManagementService
11-14 20:28:16.131   650   650 I SystemServer: CertBlacklister
11-14 20:28:16.131   650   650 I SystemServer: Dreams Service
11-14 20:28:16.131   650   650 I SystemServer: Assets Atlas Service
11-14 20:28:16.131   650   650 I SystemServer: IdleMaintenanceService
11-14 20:28:16.131   650   650 I SystemServer: Print Service
11-14 20:28:16.141   650   976 D Atlas   : Running Atlas Worker #3
11-14 20:28:16.141   650   977 D Atlas   : Running Atlas Worker #4
11-14 20:28:16.141   650   650 I com.android.server.ThemeService: Spawned worker thread
11-14 20:28:16.141   650   650 I SystemServer: Theme Service
11-14 20:28:16.141   650   650 I SystemServer: KillSwitch Service
11-14 20:28:16.151   650   650 I WindowManager: SAFE MODE not enabled
11-14 20:28:16.151   650   973 E Atlas   : Could not find any configuration!!!
11-14 20:28:16.151   650   973 D Atlas   : Loaded configuration: null
11-14 20:28:16.151   650   659 D dalvikvm: JIT started for system_server
11-14 20:28:16.151   650   650 I SystemServer: Media Router Service
11-14 20:28:16.151   650   650 I SystemServer: EdgeGesture service
11-14 20:28:16.201   650   650 I Zygote  : Process: zygote socket opened
11-14 20:28:16.201   987   987 V Zygote  : Switching descriptor 33 to /dev/null
11-14 20:28:16.201   987   987 V Zygote  : Switching descriptor 10 to /dev/null
11-14 20:28:16.211   650   650 I am_proc_start: [0,987,10009,com.android.systemui,service,com.android.keyguard/.KeyguardService]
11-14 20:28:16.211   650   650 I ActivityManager: Start proc com.android.systemui for service com.android.keyguard/.KeyguardService: pid=987 uid=10009 gids={50009, 1028, 1015, 1035, 1006, 3002, 3001}
11-14 20:28:16.221   650   997 I QCOM PowerHAL: Got set_interactive hint
11-14 20:28:16.221   650   997 E QCOM PowerHAL: Invalid hint ID.
11-14 20:28:16.231   650   668 I am_proc_bound: [0,987,com.android.systemui]
11-14 20:28:16.231   650   668 I am_create_service: [0,1110511944,.KeyguardService,10009,987]
11-14 20:28:16.241   650   650 I boot_progress_ams_ready: 12743
