11-14 20:28:16.241   650   650 I am_create_service: [0,1106212920,.SystemUIService,10009,987]
11-14 20:28:16.241   987   987 D ActivityThread: handleBindApplication:com.android.systemui
11-14 20:28:16.241   987   987 D ActivityThread: setTargetHeapUtilization:0.75
11-14 20:28:16.241   987   987 D ActivityThread: setTargetHeapMinFree:524288
11-14 20:28:16.241   650   650 I AppOps  : Pruning old package media/1013: new uid=-1
11-14 20:28:16.241   650   650 I ActivityManager: System now ready
11-14 20:28:16.241   650   650 I SystemServer: Making services ready
11-14 20:28:16.251   650   927 W MountService: Duplicate state transition (mounted -> mounted) for /storage/emulated/0
11-14 20:28:16.251   650   650 D NetworkManagementService: enabling bandwidth control
11-14 20:28:16.271   650   949 D WifiController: DEFERRED_TOGGLE handled
11-14 20:28:16.401   987   987 V KeyguardService: onCreate()
11-14 20:28:16.401   182   182 E OMXMaster: A component of name 'OMX.qcom.audio.decoder.aac' already exists, ignoring this one.
11-14 20:28:16.401   182   182 D AwesomePlayer: Before reset_l
11-14 20:28:16.411   175   598 D SoftapController: Softap fwReload - Ok
11-14 20:28:16.421   987   987 D SystemUIService: loading: class com.android.systemui.recent.Recents
11-14 20:28:16.421   987   987 D SystemUIService: running: com.android.systemui.recent.Recents@41ed48f8
11-14 20:28:16.421   987   987 D SystemUIService: loading: class com.android.systemui.statusbar.SystemBars
11-14 20:28:16.421   987   987 D SystemUIService: running: com.android.systemui.statusbar.SystemBars@41ed4ee0
11-14 20:28:16.431   987   987 D SystemUIService: loading: class com.android.systemui.usb.StorageNotification
11-14 20:28:16.431   987   987 D SystemUIService: running: com.android.systemui.usb.StorageNotification@41ed6bb0
11-14 20:28:16.431   987   987 D SystemUIService: loading: class com.android.systemui.power.PowerUI
11-14 20:28:16.431   987   987 D SystemUIService: running: com.android.systemui.power.PowerUI@41ed8318
11-14 20:28:16.431   987   987 D SystemUIService: loading: class com.android.systemui.media.RingtonePlayer
11-14 20:28:16.431   987   987 D SystemUIService: running: com.android.systemui.media.RingtonePlayer@41ed9148
11-14 20:28:16.431   987   987 D SystemUIService: loading: class com.android.systemui.settings.SettingsUI
11-14 20:28:16.431   987   987 D SystemUIService: running: com.android.systemui.settings.SettingsUI@41eda930
11-14 20:28:16.451   175   598 D CommandListener: Setting iface cfg
11-14 20:28:16.451   175   598 D CommandListener: Trying to bring down wlan0
11-14 20:28:16.461   650   888 D BluetoothManagerService: Message: 20
11-14 20:28:16.461   650   888 D BluetoothManagerService: Added callback: android.bluetooth.IBluetoothManagerCallback$Stub$Proxy@4218a8a0:true
11-14 20:28:16.461   987   987 D BluetoothAdapter: 1106149744: getState() :  mService = null. Returning STATE_OFF
11-14 20:28:16.461   987   987 D BluetoothAdapter: 1106149744: getState() :  mService = null. Returning STATE_OFF
11-14 20:28:16.471   987   987 D PhoneStatusBar: mSettingsPanelGravity = 55
11-14 20:28:16.471   650   668 I StatusBarManagerService: registerStatusBar bar=com.android.internal.statusbar.IStatusBar$Stub$Proxy@423346d0
11-14 20:28:16.481   182  1065 D OMXCodec: Successfully allocated OMX node 'OMX.google.vorbis.decoder'
11-14 20:28:16.481   182  1065 I OMXCodec: Codec outputs a different number of channels than the input stream contains (contains 2 channels, codec outputs 1 channels).
11-14 20:28:16.481   182  1065 I AwesomePlayer: Could not offload audio decode, try pcm offload (16-bit)
11-14 20:28:16.481   182  1065 I OMXCodec: [OMX.google.vorbis.decoder] allocating 4 buffers of size 8192 on input port
11-14 20:28:16.481   182  1065 I OMXCodec: [OMX.google.vorbis.decoder] allocated buffer 0xb7c426a8 on input port
11-14 20:28:16.481   182  1065 I OMXCodec: [OMX.google.vorbis.decoder] allocated buffer 0xb7c45c58 on input port
11-14 20:28:16.481   182  1065 I OMXCodec: [OMX.google.vorbis.decoder] allocated buffer 0xb7c46160 on input port
11-14 20:28:16.481   182  1065 I OMXCodec: [OMX.google.vorbis.decoder] allocated buffer 0xb7c46218 on input port
11-14 20:28:16.481   182  1065 I OMXCodec: [OMX.google.vorbis.decoder] allocating 4 buffers of size 32768 on output port
11-14 20:28:16.481   182  1065 I OMXCodec: [OMX.google.vorbis.decoder] allocated buffer 0xb7c463a0 on output port
11-14 20:28:16.481   182  1065 I OMXCodec: [OMX.google.vorbis.decoder] allocated buffer 0xb7c465a0 on output port
11-14 20:28:16.481   182  1065 I OMXCodec: [OMX.google.vorbis.decoder] allocated buffer 0xb7c466e0 on output port
11-14 20:28:16.481   182  1065 I OMXCodec: [OMX.google.vorbis.decoder] allocated buffer 0xb7c46808 on output port
11-14 20:28:16.481   182   182 D AudioPlayer: start of Playback, useOffload 0
11-14 20:28:16.481   182  1068 I OMXNodeInstance: OMX_FreeBuffer for buffer header 0xb7c463a0 successful
11-14 20:28:16.481   182  1068 I OMXNodeInstance: OMX_FreeBuffer for buffer header 0xb7c465a0 successful
11-14 20:28:16.481   182  1068 I OMXNodeInstance: OMX_FreeBuffer for buffer header 0xb7c466e0 successful
11-14 20:28:16.481   182  1068 I OMXNodeInstance: OMX_FreeBuffer for buffer header 0xb7c46808 successful
11-14 20:28:16.481   182  1068 I OMXCodec: [OMX.google.vorbis.decoder] allocating 4 buffers of size 32768 on output port
11-14 20:28:16.481   182  1068 I OMXCodec: [OMX.google.vorbis.decoder] allocated buffer 0xb7c47d28 on output port
11-14 20:28:16.481   182  1068 I OMXCodec: [OMX.google.vorbis.decoder] allocated buffer 0xb7c47028 on output port
11-14 20:28:16.481   182  1068 I OMXCodec: [OMX.google.vorbis.decoder] allocated buffer 0xb7c3d908 on output port
11-14 20:28:16.481   182  1068 I OMXCodec: [OMX.google.vorbis.decoder] allocated buffer 0xb7c41ed0 on output port
11-14 20:28:16.521   182  1065 D AudioPlayer: Pause Playback at 4
11-14 20:28:16.521   182   182 D AudioPlayer: reset: mPlaying=0 mReachedEOS=1 useOffload=0
11-14 20:28:16.521   182  1068 I OMXNodeInstance: OMX_FreeBuffer for buffer header 0xb7c46218 successful
11-14 20:28:16.521   182  1068 I OMXNodeInstance: OMX_FreeBuffer for buffer header 0xb7c46160 successful
11-14 20:28:16.521   182  1068 I OMXNodeInstance: OMX_FreeBuffer for buffer header 0xb7c45c58 successful
11-14 20:28:16.521   182  1068 I OMXNodeInstance: OMX_FreeBuffer for buffer header 0xb7c426a8 successful
11-14 20:28:16.521   182  1068 I OMXNodeInstance: OMX_FreeBuffer for buffer header 0xb7c41ed0 successful
11-14 20:28:16.521   182  1068 I OMXNodeInstance: OMX_FreeBuffer for buffer header 0xb7c3d908 successful
11-14 20:28:16.521   182  1068 I OMXNodeInstance: OMX_FreeBuffer for buffer header 0xb7c47028 successful
11-14 20:28:16.521   182  1068 I OMXNodeInstance: OMX_FreeBuffer for buffer header 0xb7c47d28 successful
11-14 20:28:16.521   182   900 D AwesomePlayer: Before reset_l
11-14 20:28:16.521   650   650 W Settings: Setting usb_mass_storage_enabled has moved from android.provider.Settings.Secure to android.provider.Settings.Global.
11-14 20:28:16.531   650   886 I notification_enqueue: [android,17040750,NULL,-1,Notification(pri=-2 contentView=android/0x1090065 vibrate=null sound=null defaults=0x0 flags=0x2 kind=[null])]
11-14 20:28:16.541   650   886 I notification_enqueue: [android,17040758,NULL,-1,Notification(pri=-1 contentView=android/0x1090065 vibrate=null sound=null defaults=0x0 flags=0x2 kind=[null])]
11-14 20:28:16.541   650   650 I configuration_changed: 512
11-14 20:28:16.541  1083  1083 V Zygote  : Switching descriptor 33 to /dev/null
11-14 20:28:16.541  1083  1083 V Zygote  : Switching descriptor 10 to /dev/null
11-14 20:28:16.541   650   650 I ActivityManager: Config changes=200 {1.0 ?mcc?mnc en_US ldltr sw360dp w360dp h567dp 480dpi nrml port finger -keyb/v/h -nav/h s.4 themeResource=null}
11-14 20:28:16.541   650   650 W RecognitionManagerService: no available voice recognition services found for user 0
11-14 20:28:16.551   650   870 I am_proc_start: [0,1083,10007,android.process.media,broadcast,com.android.providers.media/.MtpReceiver]
11-14 20:28:16.551   182  1089 D OMXCodec: Successfully allocated OMX node 'OMX.google.vorbis.decoder'
11-14 20:28:16.551   182  1089 I OMXCodec: Codec outputs a different number of channels than the input stream contains (contains 2 channels, codec outputs 1 channels).
11-14 20:28:16.551   182  1089 I AwesomePlayer: Could not offload audio decode, try pcm offload (16-bit)
11-14 20:28:16.551   182  1089 I OMXCodec: [OMX.google.vorbis.decoder] allocating 4 buffers of size 8192 on input port
11-14 20:28:16.551   182  1089 I OMXCodec: [OMX.google.vorbis.decoder] allocated buffer 0xb7c3f000 on input port
11-14 20:28:16.551   182  1089 I OMXCodec: [OMX.google.vorbis.decoder] allocated buffer 0xb7c3f1c8 on input port
11-14 20:28:16.551   182  1089 I OMXCodec: [OMX.google.vorbis.decoder] allocated buffer 0xb7c3f298 on input port
11-14 20:28:16.551   182  1089 I OMXCodec: [OMX.google.vorbis.decoder] allocated buffer 0xb7c3f350 on input port
11-14 20:28:16.551   182  1089 I OMXCodec: [OMX.google.vorbis.decoder] allocating 4 buffers of size 32768 on output port
11-14 20:28:16.551   182  1089 I OMXCodec: [OMX.google.vorbis.decoder] allocated buffer 0xb7c3f4d8 on output port
11-14 20:28:16.551   182  1089 I OMXCodec: [OMX.google.vorbis.decoder] allocated buffer 0xb7c3f6f8 on output port
11-14 20:28:16.551   182  1089 I OMXCodec: [OMX.google.vorbis.decoder] allocated buffer 0xb7c47b48 on output port
11-14 20:28:16.551   182  1089 I OMXCodec: [OMX.google.vorbis.decoder] allocated buffer 0xb7c47c70 on output port
11-14 20:28:16.551   182   900 D AudioPlayer: start of Playback, useOffload 0
11-14 20:28:16.551   182  1091 I OMXNodeInstance: OMX_FreeBuffer for buffer header 0xb7c3f4d8 successful
11-14 20:28:16.551   182  1091 I OMXNodeInstance: OMX_FreeBuffer for buffer header 0xb7c3f6f8 successful
11-14 20:28:16.551   182  1091 I OMXNodeInstance: OMX_FreeBuffer for buffer header 0xb7c47b48 successful
11-14 20:28:16.551   182  1091 I OMXNodeInstance: OMX_FreeBuffer for buffer header 0xb7c47c70 successful
11-14 20:28:16.551   182  1091 I OMXCodec: [OMX.google.vorbis.decoder] allocating 4 buffers of size 32768 on output port
11-14 20:28:16.551   182  1091 I OMXCodec: [OMX.google.vorbis.decoder] allocated buffer 0xb7c3f3a8 on output port
11-14 20:28:16.551   182  1091 I OMXCodec: [OMX.google.vorbis.decoder] allocated buffer 0xb7c3f5d8 on output port
11-14 20:28:16.551   182  1091 I OMXCodec: [OMX.google.vorbis.decoder] allocated buffer 0xb7c3ae38 on output port
11-14 20:28:16.551   182  1091 I OMXCodec: [OMX.google.vorbis.decoder] allocated buffer 0xb7c3af28 on output port
11-14 20:28:16.551   650   870 I ActivityManager: Start proc android.process.media for broadcast com.android.providers.media/.MtpReceiver: pid=1083 uid=10007 gids={50007, 1028, 1015, 1023, 1024, 2001, 3003, 3007}
11-14 20:28:16.561   182  1089 D AudioPlayer: Pause Playback at 3
11-14 20:28:16.561   182   900 D AudioPlayer: reset: mPlaying=0 mReachedEOS=1 useOffload=0
11-14 20:28:16.561   182  1091 I OMXNodeInstance: OMX_FreeBuffer for buffer header 0xb7c3f350 successful
11-14 20:28:16.561   182  1091 I OMXNodeInstance: OMX_FreeBuffer for buffer header 0xb7c3f298 successful
11-14 20:28:16.561   182  1091 I OMXNodeInstance: OMX_FreeBuffer for buffer header 0xb7c3f1c8 successful
11-14 20:28:16.571   182  1091 I OMXNodeInstance: OMX_FreeBuffer for buffer header 0xb7c3f000 successful
11-14 20:28:16.571   182  1091 I OMXNodeInstance: OMX_FreeBuffer for buffer header 0xb7c3af28 successful
11-14 20:28:16.571   182  1091 I OMXNodeInstance: OMX_FreeBuffer for buffer header 0xb7c3ae38 successful
11-14 20:28:16.571   182  1091 I OMXNodeInstance: OMX_FreeBuffer for buffer header 0xb7c3f5d8 successful
11-14 20:28:16.571   182  1091 I OMXNodeInstance: OMX_FreeBuffer for buffer header 0xb7c3f3a8 successful
11-14 20:28:16.581  1095  1095 I wpa_supplicant: Successfully initialized wpa_supplicant
11-14 20:28:16.581  1095  1095 I wpa_supplicant: rfkill: Cannot open RFKILL control device
11-14 20:28:16.591   650   650 I am_create_service: [0,1109045704,.ImageWallpaper,10009,987]
11-14 20:28:16.601   650   668 I am_proc_bound: [0,1083,android.process.media]
11-14 20:28:16.601   650   650 W InputMethodManagerService: Ignoring setImeWindowStatus of uid 1000 token: null
11-14 20:28:16.611  1101  1101 V Zygote  : Switching descriptor 33 to /dev/null
11-14 20:28:16.611  1101  1101 V Zygote  : Switching descriptor 10 to /dev/null
11-14 20:28:16.621   650   650 I am_proc_start: [0,1101,10040,com.android.inputmethod.latin,service,com.android.inputmethod.latin/.LatinIME]
11-14 20:28:16.621  1083  1083 D ActivityThread: handleBindApplication:android.process.media
11-14 20:28:16.621  1083  1083 D ActivityThread: setTargetHeapUtilization:0.75
11-14 20:28:16.621  1083  1083 D ActivityThread: setTargetHeapMinFree:524288
11-14 20:28:16.621   650   650 I ActivityManager: Start proc com.android.inputmethod.latin for service com.android.inputmethod.latin/.LatinIME: pid=1101 uid=10040 gids={50040, 1028, 1015}
11-14 20:28:16.621   650   650 V InputMethodManagerService: Adding window token: android.os.Binder@4222ddc8
11-14 20:28:16.641   650   650 E LocSvc_utils_cfg: W/loc_read_conf: no /etc/sap.conf file found
11-14 20:28:16.641   650   650 E LocSvc_afw: W/get_extension: Invalid interface passed in
11-14 20:28:16.661   650   668 I am_proc_bound: [0,1101,com.android.inputmethod.latin]
11-14 20:28:16.661   650   946 D WifiMonitor: startMonitoring(wlan0) with mConnected = false
11-14 20:28:16.671   650   668 I am_create_service: [0,1110731816,.LatinIME,10040,1101]
11-14 20:28:16.671   650   650 W ServiceWatcher: com.google.android.gms not found
11-14 20:28:16.671   650   650 W ServiceWatcher: com.google.android.gms not found
11-14 20:28:16.671   650   650 W ServiceWatcher: com.google.android.gms not found
11-14 20:28:16.671  1101  1101 D ActivityThread: handleBindApplication:com.android.inputmethod.latin
11-14 20:28:16.671  1101  1101 D ActivityThread: setTargetHeapUtilization:0.75
11-14 20:28:16.671  1101  1101 D ActivityThread: setTargetHeapMinFree:524288
11-14 20:28:16.671   650   650 W LocationManagerService: no network location provider found
11-14 20:28:16.681   650   650 I am_create_service: [0,1106007104,.FusedLocationService,1000,650]
11-14 20:28:16.691   650   650 W ServiceWatcher: com.google.android.gms not found
11-14 20:28:16.691   650   650 E LocationManagerService: no geocoder provider found
11-14 20:28:16.711   650   650 I am_create_service: [0,1106194120,.GeofenceHardwareService,1000,650]
11-14 20:28:16.711   650   650 W ServiceWatcher: com.google.android.gms not found
11-14 20:28:16.711   650   650 D FlpHardwareProvider: Hardware Device already opened.
11-14 20:28:16.711   650   650 W ServiceWatcher: com.google.android.gms not found
11-14 20:28:16.711   650   650 E LocationManagerService: No FusedProvider found.
11-14 20:28:16.711   650   650 E LocationManagerService: no geofence provider found
11-14 20:28:16.721   650  1114 E use-Rlog/RLOG-Diag_Lib:  Diag_LSM_Init: Failed to open handle to diag driver, error = 2
11-14 20:28:16.721   650  1114 V FlpHardwareProvider: Callback thread attached: 0x7a5253c0
11-14 20:28:16.731   650   871 D GpsLocationProvider: set_capabilities_callback: 51u
11-14 20:28:16.731   650   650 I CommonTimeManagementService: No common time service detected on this platform.  Common time services will be unavailable.
11-14 20:28:16.731   650   916 I InputReader: Reconfiguring input devices.  changes=0x00000020
11-14 20:28:16.741   650   871 E use-Rlog/RLOG-Diag_Lib:  Diag_LSM_Init: Failed to open handle to diag driver, error = 2
11-14 20:28:16.741   987   987 V PhoneStatusBar/NavigationBarView: touchEnabled:false
11-14 20:28:16.741  1101  1101 I LatinIME: Hardware accelerated drawing: true
11-14 20:28:16.771   650   916 I InputReader: Reconfiguring input devices.  changes=0x00000010
11-14 20:28:16.771   650   650 E PackageManager: Unable to find icon pack: holo
11-14 20:28:16.781  1123  1123 V Zygote  : Switching descriptor 33 to /dev/null
11-14 20:28:16.781  1123  1123 V Zygote  : Switching descriptor 10 to /dev/null
11-14 20:28:16.791   650   650 I am_proc_start: [0,1123,1001,com.android.phone,added application,com.android.phone]
11-14 20:28:16.791  1134  1134 V Zygote  : Switching descriptor 33 to /dev/null
11-14 20:28:16.791  1134  1134 V Zygote  : Switching descriptor 10 to /dev/null
11-14 20:28:16.791   650   650 I ActivityManager: Start proc com.android.phone for added application com.android.phone: pid=1123 uid=1001 gids={41001, 3002, 3001, 3003, 2001, 1028, 1015}
11-14 20:28:16.801   650   650 I am_proc_start: [0,1134,10031,com.bel.android.dspmanager,added application,com.bel.android.dspmanager]
11-14 20:28:16.801   650   650 I ActivityManager: Start proc com.bel.android.dspmanager for added application com.bel.android.dspmanager: pid=1134 uid=10031 gids={50031, 3002}
11-14 20:28:16.811   650   650 I am_proc_start: [0,1144,1027,com.android.nfc,added application,com.android.nfc]
11-14 20:28:16.811  1144  1144 V Zygote  : Switching descriptor 33 to /dev/null
11-14 20:28:16.811  1144  1144 V Zygote  : Switching descriptor 10 to /dev/null
11-14 20:28:16.811   650   650 I ActivityManager: Start proc com.android.nfc for added application com.android.nfc: pid=1144 uid=1027 gids={41027, 3002, 3001, 1028, 1015}
11-14 20:28:16.831   650   650 I am_proc_start: [0,1159,1001,com.redbend.vdmc,added application,com.redbend.vdmc]
11-14 20:28:16.831  1159  1159 V Zygote  : Switching descriptor 33 to /dev/null
11-14 20:28:16.831  1159  1159 V Zygote  : Switching descriptor 10 to /dev/null
11-14 20:28:16.831   650   650 I ActivityManager: Start proc com.redbend.vdmc for added application com.redbend.vdmc: pid=1159 uid=1001 gids={41001, 3002, 3001, 3003, 2001, 1028, 1015}
11-14 20:28:16.841   650   650 I am_proc_start: [0,1170,10006,com.android.incallui,added application,com.android.incallui]
11-14 20:28:16.841   650   650 I am_create_task: [0,1]
11-14 20:28:16.841   650   650 I am_create_activity: [0,1108979816,1,com.cyanogenmod.trebuchet/org.cyanogenmod.trebuchet.CustomHomeLauncher,android.intent.action.MAIN,NULL,NULL,268435456]
11-14 20:28:16.841  1170  1170 V Zygote  : Switching descriptor 33 to /dev/null
11-14 20:28:16.841  1170  1170 V Zygote  : Switching descriptor 10 to /dev/null
11-14 20:28:16.841   650   650 E QCOM PowerHAL: Failed to acquire lock.
11-14 20:28:16.841   650   650 I ActivityManager: Start proc com.android.incallui for added application com.android.incallui: pid=1170 uid=10006 gids={50006, 3003, 1028, 1015, 1006, 3010, 3012}
11-14 20:28:16.841   650   650 I ActivityManager: START u0 {act=android.intent.action.MAIN cat=[android.intent.category.HOME] flg=0x10000000 cmp=com.cyanogenmod.trebuchet/org.cyanogenmod.trebuchet.CustomHomeLauncher} from pid 0
11-14 20:28:16.851   650   650 I wm_task_created: [1,0]
11-14 20:28:16.851   650   650 I wm_task_moved: [1,1,0]
11-14 20:28:16.851   650   650 I wm_home_stack_moved: 1
11-14 20:28:16.851  1183  1183 V Zygote  : Switching descriptor 33 to /dev/null
11-14 20:28:16.851  1183  1183 V Zygote  : Switching descriptor 10 to /dev/null
11-14 20:28:16.861   650   650 I am_proc_start: [0,1183,10016,com.cyanogenmod.trebuchet,activity,com.cyanogenmod.trebuchet/org.cyanogenmod.trebuchet.CustomHomeLauncher]
11-14 20:28:16.861   650   650 I ActivityManager: Start proc com.cyanogenmod.trebuchet for activity com.cyanogenmod.trebuchet/org.cyanogenmod.trebuchet.CustomHomeLauncher: pid=1183 uid=10016 gids={50016, 1028}
11-14 20:28:16.861   650   650 I SystemServer: Enabled StrictMode for system server main thread.
11-14 20:28:16.871   650   897 I am_proc_bound: [0,1123,com.android.phone]
11-14 20:28:16.871  1123  1123 D ActivityThread: handleBindApplication:com.android.phone
11-14 20:28:16.871  1123  1123 D ActivityThread: setTargetHeapUtilization:0.75
11-14 20:28:16.871  1123  1123 D ActivityThread: setTargetHeapMinFree:524288
11-14 20:28:16.881  1203  1203 V Zygote  : Switching descriptor 33 to /dev/null
11-14 20:28:16.881  1203  1203 V Zygote  : Switching descriptor 10 to /dev/null
11-14 20:28:16.891   650   871 I am_proc_start: [0,1203,10052,com.android.printspooler,service,com.android.printspooler/.PrintSpoolerService]
11-14 20:28:16.891   650   668 I dvm_lock_sample: [system_server,1,Binder_2,57,ActivityManagerService.java,5219,-,9563,11]
11-14 20:28:16.891   650   668 I am_proc_bound: [0,1134,com.bel.android.dspmanager]
11-14 20:28:16.891   650   898 I am_proc_bound: [0,1144,com.android.nfc]
11-14 20:28:16.891   650   897 I am_proc_bound: [0,1170,com.android.incallui]
11-14 20:28:16.891  1101  1101 W InputAttributes: No editor info for this field. Bug?
11-14 20:28:16.891   650   871 I ActivityManager: Start proc com.android.printspooler for service com.android.printspooler/.PrintSpoolerService: pid=1203 uid=10052 gids={50052}
11-14 20:28:16.901   650  1182 I am_proc_bound: [0,1159,com.redbend.vdmc]
11-14 20:28:16.901  1101  1101 I ResourceUtils: Found default value: resource=keypress_vibration_durations build=[HARDWARE=hammerhead MODEL=Nexus 5 BRAND=google MANUFACTURER=LGE] default=-1
11-14 20:28:16.901  1144  1144 D ActivityThread: handleBindApplication:com.android.nfc
11-14 20:28:16.901  1101  1101 I ResourceUtils: Found default value: resource=keypress_volumes build=[HARDWARE=hammerhead MODEL=Nexus 5 BRAND=google MANUFACTURER=LGE] default=-1.0f
11-14 20:28:16.901  1144  1144 D ActivityThread: setTargetHeapUtilization:0.75
11-14 20:28:16.901  1144  1144 D ActivityThread: setTargetHeapMinFree:524288
11-14 20:28:16.901  1134  1134 D ActivityThread: handleBindApplication:com.bel.android.dspmanager
11-14 20:28:16.901  1134  1134 D ActivityThread: setTargetHeapUtilization:0.75
11-14 20:28:16.901  1134  1134 D ActivityThread: setTargetHeapMinFree:524288
11-14 20:28:16.901  1159  1159 D ActivityThread: handleBindApplication:com.redbend.vdmc
11-14 20:28:16.901  1159  1159 D ActivityThread: setTargetHeapUtilization:0.75
11-14 20:28:16.901  1159  1159 D ActivityThread: setTargetHeapMinFree:524288
11-14 20:28:16.911  1170  1170 D ActivityThread: handleBindApplication:com.android.incallui
11-14 20:28:16.911  1170  1170 D ActivityThread: setTargetHeapUtilization:0.75
11-14 20:28:16.911  1170  1170 D ActivityThread: setTargetHeapMinFree:524288
11-14 20:28:16.931   650  1208 I am_proc_bound: [0,1183,com.cyanogenmod.trebuchet]
11-14 20:28:16.931   650  1208 I am_restart_activity: [0,1108979816,1,com.cyanogenmod.trebuchet/org.cyanogenmod.trebuchet.CustomHomeLauncher]
11-14 20:28:16.941   987   987 I QuickSettingsController: Default tiles being loaded
11-14 20:28:16.941   987   987 I QuickSettingsController: Tiles list: toggleUser|toggleBrightness|toggleSettings|toggleWifi|toggleMobileData|toggleGPS|toggleFlashlight|toggleBattery|toggleAirplane|toggleBluetooth|toggleAutoRotate
11-14 20:28:16.951  1183  1183 D ActivityThread: handleBindApplication:com.cyanogenmod.trebuchet
11-14 20:28:16.951  1183  1183 D ActivityThread: setTargetHeapUtilization:0.75
11-14 20:28:16.951  1183  1183 D ActivityThread: setTargetHeapMinFree:524288
11-14 20:28:16.961   650   897 I am_proc_start: [0,1228,10004,android.process.acore,content provider,com.android.providers.userdictionary/.UserDictionaryProvider]
11-14 20:28:16.961  1228  1228 V Zygote  : Switching descriptor 33 to /dev/null
11-14 20:28:16.961  1228  1228 V Zygote  : Switching descriptor 10 to /dev/null
11-14 20:28:16.961   650   897 I ActivityManager: Start proc android.process.acore for content provider com.android.providers.userdictionary/.UserDictionaryProvider: pid=1228 uid=10004 gids={50004, 3003, 1028, 1015}
11-14 20:28:16.971   650   898 I am_proc_bound: [0,1203,com.android.printspooler]
11-14 20:28:16.971   650   898 I am_create_service: [0,1106372824,.PrintSpoolerService,10052,1203]
11-14 20:28:16.971  1101  1221 I LatinIME:LogUtils: Dictionary info: dictionary = userunigram.en_US.dict ; version = ? ; date = ?
11-14 20:28:16.971  1144  1144 I NfcService: Starting NFC service
11-14 20:28:16.981   650   650 I Choreographer: Skipped 46 frames!  The application may be doing too much work on its main thread.
11-14 20:28:16.981  1203  1203 D ActivityThread: handleBindApplication:com.android.printspooler
11-14 20:28:16.981  1203  1203 D ActivityThread: setTargetHeapUtilization:0.75
11-14 20:28:16.981  1203  1203 D ActivityThread: setTargetHeapMinFree:524288
11-14 20:28:16.981   650   650 W InputMethodManagerService: Focus gain on non-focused client android.view.inputmethod.InputMethodManager$1@421bd5f0 (uid=1000 pid=650)
11-14 20:28:16.991  1144  1144 D BrcmNfcJni: JNI_OnLoad: enter
11-14 20:28:16.991  1144  1144 I BrcmNfcJni: NFC Service: loading nci JNI
11-14 20:28:16.991  1144  1144 D BrcmNfcJni: register_com_android_nfc_NativeNfcManager: enter
11-14 20:28:16.991  1144  1144 D BrcmNfcJni: PowerSwitch::initialize: level=PS-UNKNOWN (0)
11-14 20:28:16.991  1144  1144 D NfcAdaptation: bool CNfcConfig::readConfig(const char*, bool) Opened base config /etc/libnfc-brcm.conf
11-14 20:28:17.001  1144  1144 D BrcmNfcJni: PowerSwitch::initialize: desired screen-off state=0
11-14 20:28:17.001  1144  1144 D BrcmNfcJni: register_com_android_nfc_NativeNfcManager: exit
11-14 20:28:17.011  1144  1144 D BrcmNfcJni: register_com_android_nfc_NativeNfcTag
11-14 20:28:17.011  1144  1144 D BrcmNfcJni: JNI_OnLoad: exit
11-14 20:28:17.011  1144  1144 D BrcmNfcJni: nfcManager_initNativeStruc: enter
11-14 20:28:17.011  1144  1144 D BrcmNfcJni: nfcManager_initNativeStruc: exit
11-14 20:28:17.031   650   888 D BluetoothManagerService: Message: 20
11-14 20:28:17.031   650   888 D BluetoothManagerService: Added callback: android.bluetooth.IBluetoothManagerCallback$Stub$Proxy@4213e388:true
11-14 20:28:17.041   650   668 I am_proc_bound: [0,1228,android.process.acore]
11-14 20:28:17.051  1203  1203 I PrintSpoolerService: No existing print spooler state.
11-14 20:28:17.071  1123  1123 D TelephonyManager: getLteOnCdmaMode=1 curVal=1 product_type='' lteOnCdmaProductType=''
11-14 20:28:17.071  1123  1123 I PhoneFactory: Network Mode set to 10
11-14 20:28:17.071  1123  1123 I PhoneFactory: Cdma Subscription set to 1
11-14 20:28:17.071  1123  1123 I PhoneFactory: RILClassname is RIL
11-14 20:28:17.071  1123  1123 V PhoneApp: onCreate()...
11-14 20:28:17.071  1101  1218 I LatinIME:LogUtils: Dictionary info: dictionary = ? ; version = 26 ; date = 1351062238
11-14 20:28:17.071  1228  1228 D ActivityThread: handleBindApplication:android.process.acore
11-14 20:28:17.071  1228  1228 D ActivityThread: setTargetHeapUtilization:0.75
11-14 20:28:17.071  1228  1228 D ActivityThread: setTargetHeapMinFree:524288
11-14 20:28:17.081  1123  1123 D RILJ    : RIL(context, preferredNetworkType=10 cdmaSubscription=1)
11-14 20:28:17.091  1123  1123 D RILJ    : Starting RILReceiver
11-14 20:28:17.091  1183  1183 D Launcher.LauncherProvider: 11683562 - initializeMaxScreenId(): 2
11-14 20:28:17.091  1183  1183 V Launcher: LauncherAppState inited
11-14 20:28:17.101   178   303 I RILC    : libril: new connection
11-14 20:28:17.101   178   303 I RILC    : RIL Daemon version: Qualcomm RIL 1.0
11-14 20:28:17.101  1123  1123 D UiccController: Creating UiccController
11-14 20:28:17.101  1123  1123 D TelephonyManager: getLteOnCdmaMode=1 curVal=1 product_type='' lteOnCdmaProductType=''
11-14 20:28:17.101  1123  1123 I PhoneFactory: Creating CDMALTEPhone
11-14 20:28:17.101  1123  1123 D TelephonyTester: register for intent action=com.android.internal.telephony.cdma.action_detached
11-14 20:28:17.101  1123  1123 D TelephonyTester: register for intent action=com.android.internal.telephony.cdma.action_attached
11-14 20:28:17.101  1123  1247 I RILJ    : Connected to 'rild' socket
11-14 20:28:17.101  1123  1247 D RILJ    : [UNSL]< UNSOL_RIL_CONNECTED {9}
11-14 20:28:17.101  1123  1247 D RILJ    : [3648]> RADIO_POWER off
11-14 20:28:17.111  1123  1247 D RILJ    : [3649]> REQUEST_SET_PREFERRED_NETWORK_TYPE : 10
11-14 20:28:17.111  1123  1247 D RILJ    : [3650]> RIL_REQUEST_CDMA_SET_SUBSCRIPTION_SOURCE : 1
11-14 20:28:17.111  1144  1144 W NfceeAccess: could not find /etc/nfcee_access.xml, no NFCEE access allowed
11-14 20:28:17.111  1144  1144 I NfceeAccess: read 0 signature(s) for NFCEE access
11-14 20:28:17.121  1123  1123 D PhoneBase: mDoesRilSendMultipleCallRing=false
11-14 20:28:17.121  1123  1123 D PhoneBase: mCallRingDelay=3000
11-14 20:28:17.121  1123  1247 D RILJ    : [UNSL]< UNSOL_RESPONSE_RADIO_STATE_CHANGED RADIO_OFF
11-14 20:28:17.121  1123  1247 D RILJ    : [3651]> SCREEN_STATE: true
11-14 20:28:17.121  1123  1247 D RilRequest: [3649]< REQUEST_SET_PREFERRED_NETWORK_TYPE error: com.android.internal.telephony.CommandException: GENERIC_FAILURE ret=null
11-14 20:28:17.121  1123  1247 D RILJ    : [UNSL]< UNSOL_RESPONSE_VOICE_NETWORK_STATE_CHANGED
11-14 20:28:17.121  1123  1247 D RILJ    : [3648]< RADIO_POWER 
11-14 20:28:17.121  1123  1247 D RILJ    : [UNSL]< UNSOL_RESPONSE_RADIO_STATE_CHANGED RADIO_OFF
11-14 20:28:17.121  1123  1247 D RilRequest: [3650]< RIL_REQUEST_CDMA_SET_SUBSCRIPTION_SOURCE error: com.android.internal.telephony.CommandException: GENERIC_FAILURE ret=null
11-14 20:28:17.121  1123  1247 D RILJ    : [3651]< SCREEN_STATE 
11-14 20:28:17.121  1144  1144 W Settings: Setting airplane_mode_radios has moved from android.provider.Settings.System to android.provider.Settings.Global, returning read-only value.
11-14 20:28:17.121  1144  1144 W Settings: Setting airplane_mode_toggleable_radios has moved from android.provider.Settings.System to android.provider.Settings.Global, returning read-only value.
11-14 20:28:17.131  1123  1123 D PhoneBase: mOosIsDisconnect=true
11-14 20:28:17.131  1123  1123 D CdmaSST : [CdmaLteSST] CdmaLteServiceStateTracker Constructors
11-14 20:28:17.131  1123  1123 D RILJ    : setPhoneType=2 old value=0
11-14 20:28:17.131  1183  1183 E ActivityThread: Failed to find provider info for com.android.launcher2.settings
11-14 20:28:17.141  1123  1123 D         : DCT.constructor
11-14 20:28:17.151  1123  1123 D Dcc     : E ctor
11-14 20:28:17.151  1123  1123 D Dcc     : X ctor
11-14 20:28:17.151  1123  1123 D DcTesterFailBrinupAll: register for intent action=com.android.internal.telephony.dataconnection.action_fail_bringup
11-14 20:28:17.151  1123  1123 D DcTesterFailBrinupAll: register for intent action=com.android.internal.telephony.cdma.action_detached
11-14 20:28:17.151  1123  1123 D DcTesterFailBrinupAll: register for intent action=com.android.internal.telephony.cdma.action_attached
11-14 20:28:17.151  1123  1261 D DcTesterDeacativeAll: register for intent action=com.android.internal.telephony.dataconnection.action_deactivate_all
11-14 20:28:17.151  1123  1261 D DcTesterDeacativeAll: register for intent action=com.android.internal.telephony.cdma.action_detached
11-14 20:28:17.151  1123  1261 D Dcc     : DccDefaultState: msg.what=EVENT_RIL_CONNECTED mRilVersion=9
11-14 20:28:17.151  1183  1183 W Launcher: setApplicationContext called twice! old=com.android.launcher3.LauncherApplication@41e67c00 new=com.android.launcher3.LauncherApplication@41e67c00
11-14 20:28:17.161  1123  1123 D CdmaDCT : CdmaDCT.constructor
11-14 20:28:17.161  1123  1123 D CdmaSST : [CdmaLteSST] notifyDataRegStateRilRadioTechnologyChanged: drs=1 rat=0
11-14 20:28:17.161  1123  1123 D CdmaDCT : initApnContexts: E
11-14 20:28:17.161  1123  1123 D CdmaDCT : initApnContexts: skipping unknown type=1
11-14 20:28:17.161  1123  1123 D CdmaDCT : initApnContexts: apnContext={mApnType=default mState=IDLE mWaitingDataProfiles={null} mWaitingApnsPermanentFailureCountDown=0 mDataProfile={null} mReason=dataEnabled mDataEnabled=true mDependencyMet=true}
11-14 20:28:17.161  1123  1123 D CdmaDCT : initApnContexts: apnContext={mApnType=mms mState=IDLE mWaitingDataProfiles={null} mWaitingApnsPermanentFailureCountDown=0 mDataProfile={null} mReason=dataEnabled mDataEnabled=false mDependencyMet=true}
11-14 20:28:17.161  1123  1123 D CdmaDCT : initApnContexts: apnContext={mApnType=supl mState=IDLE mWaitingDataProfiles={null} mWaitingApnsPermanentFailureCountDown=0 mDataProfile={null} mReason=dataEnabled mDataEnabled=false mDependencyMet=true}
11-14 20:28:17.161  1123  1123 D CdmaDCT : initApnContexts: apnContext={mApnType=dun mState=IDLE mWaitingDataProfiles={null} mWaitingApnsPermanentFailureCountDown=0 mDataProfile={null} mReason=dataEnabled mDataEnabled=false mDependencyMet=true}
11-14 20:28:17.161  1123  1123 D CdmaDCT : initApnContexts: apnContext={mApnType=hipri mState=IDLE mWaitingDataProfiles={null} mWaitingApnsPermanentFailureCountDown=0 mDataProfile={null} mReason=dataEnabled mDataEnabled=false mDependencyMet=true}
11-14 20:28:17.161  1123  1123 D CdmaDCT : initApnContexts: apnContext={mApnType=fota mState=IDLE mWaitingDataProfiles={null} mWaitingApnsPermanentFailureCountDown=0 mDataProfile={null} mReason=dataEnabled mDataEnabled=false mDependencyMet=true}
11-14 20:28:17.161  1123  1123 D CdmaDCT : initApnContexts: apnContext={mApnType=ims mState=IDLE mWaitingDataProfiles={null} mWaitingApnsPermanentFailureCountDown=0 mDataProfile={null} mReason=dataEnabled mDataEnabled=false mDependencyMet=true}
11-14 20:28:17.161  1123  1123 D CdmaDCT : initApnContexts: apnContext={mApnType=cbs mState=IDLE mWaitingDataProfiles={null} mWaitingApnsPermanentFailureCountDown=0 mDataProfile={null} mReason=dataEnabled mDataEnabled=false mDependencyMet=true}
11-14 20:28:17.161  1123  1123 D CdmaDCT : initApnContexts: apnContext={mApnType=ia mState=IDLE mWaitingDataProfiles={null} mWaitingApnsPermanentFailureCountDown=0 mDataProfile={null} mReason=dataEnabled mDataEnabled=false mDependencyMet=true}
11-14 20:28:17.161  1123  1123 D CdmaDCT : initApnContexts: skipping unknown type=7
11-14 20:28:17.161  1123  1123 D CdmaDCT : initApnContexts: X mApnContexts={fota={mApnType=fota mState=IDLE mWaitingDataProfiles={null} mWaitingApnsPermanentFailureCountDown=0 mDataProfile={null} mReason=dataEnabled mDataEnabled=false mDependencyMet=true}, dun={mApnType=dun mState=IDLE mWaitingDataProfiles={null} mWaitingApnsPermanentFailureCountDown=0 mDataProfile={null} mReason=dataEnabled mDataEnabled=false mDependencyMet=true}, ia={mApnType=ia mState=IDLE mWaitingDataProfiles={null} mWaitingApnsPermanentFailureCountDown=0 mDataProfile={null} mReason=dataEnabled mDataEnabled=false mDependencyMet=true}, supl={mApnType=supl mState=IDLE mWaitingDataProfiles={null} mWaitingApnsPermanentFailureCountDown=0 mDataProfile={null} mReason=dataEnabled mDataEnabled=false mDependencyMet=true}, hipri={mApnType=hipri mState=IDLE mWaitingDataProfiles={null} mWaitingApnsPermanentFailureCountDown=0 mDataProfile={null} mReason=dataEnabled mDataEnabled=false mDependencyMet=true}, ims={mApnType=ims mState=IDLE mWaitingDataProfiles={null} mWaitingApnsPermanentFailureCountDown=0 mDataProfile={null} mReason=dataEnabled mDataEnabled=false mDependencyMet=true}, default={mApnType=default mState=IDLE mWaitingDataProfiles={null} mWaitingApnsPermanentFailureCountDown=0 mDataProfile={null} mReason=dataEnabled mDataEnabled=true mDependencyMet=true}, mms={mApnType=mms mState=IDLE mWaitingDataProfiles={null} mWaitingApnsPermanentFailureCountDown=0 mDataProfile={null} mReason=dataEnabled mDataEnabled=false mDependencyMet=true}, cbs={mApnType=cbs mState=IDLE mWaitingDataProfiles={null} mWaitingApnsPermanentFailureCountDown=0 mDataProfile={null} mReason=dataEnabled mDataEnabled=false mDependencyMet=true}}
11-14 20:28:17.161  1123  1123 D CdmaDCT : SUPPORT_MPDN = true
11-14 20:28:17.161  1123  1123 D CdmaDCT : OMH_ENABLED = false
11-14 20:28:17.181  1123  1123 D CDMALTEPhone: init: operatorAlpha='' operatorNumeric=''
11-14 20:28:17.181  1123  1123 D CDMALTEPhone: init: APP_FAM_3GPP == NULL
11-14 20:28:17.181  1123  1123 D CDMALTEPhone: setIsoCountryProperty: clear 'gsm.sim.operator.iso-country'
11-14 20:28:17.181  1123  1123 D CDMALTEPhone: CDMAPhone: updateCurrentCarrierInProvider called
11-14 20:28:17.181  1123  1123 D PhoneBase: Voicemail count retrieval for Imsi = null current Imsi =  sub = 0
11-14 20:28:17.191  1123  1123 E RIL_ImsSms: getFormat should never be called from here!
11-14 20:28:17.191  1123  1123 D SMSDispatcher: SMSDispatcher: ctor mSmsCapable=true format=unknown mSmsSendDisabled=false
11-14 20:28:17.191  1123  1123 D RIL_ImsSms: ImsSMSDispatcher created
11-14 20:28:17.191  1123  1123 D SMSDispatcher: SMSDispatcher: ctor mSmsCapable=true format=3gpp2 mSmsSendDisabled=false
11-14 20:28:17.191  1123  1123 D CdmaSMSDispatcher: CdmaSMSDispatcher created
11-14 20:28:17.191  1123  1123 D IccSmsInterfaceManager: IccSmsInterfaceManager: initDispatchers()
11-14 20:28:17.201  1270  1270 V Zygote  : Switching descriptor 33 to /dev/null
11-14 20:28:17.201  1270  1270 V Zygote  : Switching descriptor 10 to /dev/null
11-14 20:28:17.221   650  1207 I am_proc_start: [0,1270,10062,com.android.smspush,service,com.android.smspush/.WapPushManager]
11-14 20:28:17.221  1123  1123 V WAP PUSH: bindService() for wappush manager succeeded
11-14 20:28:17.221  1123  1123 D GsmInboundSmsHandler: created InboundSmsHandler
11-14 20:28:17.221  1144  1263 D NfcService: checking on firmware download
11-14 20:28:17.221  1144  1263 W Settings: Setting airplane_mode_on has moved from android.provider.Settings.System to android.provider.Settings.Global, returning read-only value.
11-14 20:28:17.221  1144  1263 D NfcService: NFC is on. Doing normal stuff
11-14 20:28:17.221  1144  1263 I NfcService: Enabling NFC
11-14 20:28:17.221   650   650 D Tethering: exception when get active network info:java.lang.NullPointerException
11-14 20:28:17.221   650  1207 I ActivityManager: Start proc com.android.smspush for service com.android.smspush/.WapPushManager: pid=1270 uid=10062 gids={50062}
11-14 20:28:17.231  1123  1123 V WAP PUSH: bindService() for wappush manager succeeded
11-14 20:28:17.231  1123  1123 D CdmaInboundSmsHandler: created InboundSmsHandler
11-14 20:28:17.231  1144  1263 D BrcmNfcJni: nfcManager_doInitialize: enter; ver=NFCDROID_MI_422.10.0.15 nfa=NFA_MI_1.03.62+ NCI_VERSION=0x10
11-14 20:28:17.231  1144  1263 D BrcmNfcJni: PowerSwitch::initialize: level=PS-FULL (1)
11-14 20:28:17.231  1144  1263 D BrcmNfcJni: PowerSwitch::initialize: desired screen-off state=0
11-14 20:28:17.231  1144  1263 D NfcAdaptation: NfcAdaptation::Initialize: enter
11-14 20:28:17.231  1144  1263 E NfcAdaptation: NfcAdaptation::Initialize: ver=NFCDROID_MI_422.10.0.15 nfa=NFA_MI_1.03.62+
11-14 20:28:17.231  1144  1263 D NfcAdaptation: const CNfcParam* CNfcConfig::find(const char*) const found NFA_STORAGE=/data/nfc
11-14 20:28:17.231  1144  1263 D NfcAdaptation: const CNfcParam* CNfcConfig::find(const char*) const found PROTOCOL_TRACE_LEVEL=(0x0)
11-14 20:28:17.231  1144  1263 D NfcAdaptation: const CNfcParam* CNfcConfig::find(const char*) const found NFA_MAX_EE_SUPPORTED=(0x0)
11-14 20:28:17.231  1144  1263 D NfcAdaptation: NfcAdaptation::Initialize: Overriding NFA_EE_MAX_EE_SUPPORTED to use 0
11-14 20:28:17.231  1144  1263 D NfcAdaptation: const CNfcParam* CNfcConfig::find(const char*) const found APPL_TRACE_LEVEL=(0x1)
11-14 20:28:17.241  1144  1288 I BrcmNfcNfa: NFC_TASK started.
11-14 20:28:17.251  1144  1263 D NfcNciHal: nfc_open: enter; name=nci
11-14 20:28:17.251  1144  1263 D NfcNciHal: HaiInitializeLibrary: enter
11-14 20:28:17.251  1144  1263 E NfcNciHal: HaiInitializeLibrary: ver=NFCDROID_MI_422.10.0.15 nfa=NFA_MI_1.03.62+
11-14 20:28:17.251  1144  1263 D NfcNciHal: bool CNfcConfig::readConfig(const char*, bool) Opened base config /etc/libnfc-brcm.conf
11-14 20:28:17.251  1144  1263 D NfcNciHal: const CNfcParam* CNfcConfig::find(const char*) const found APPL_TRACE_LEVEL=(0x1)
11-14 20:28:17.251  1144  1263 I USERIAL_LINUX: USERIAL_Init
11-14 20:28:17.251  1144  1263 I NfcNciHal: HAL_NfcInitialize (): NFC_HAL_TASK id=0
11-14 20:28:17.251  1144  1293 I NfcNciHal: NFC_HAL_TASK started
11-14 20:28:17.251  1144  1263 I BrcmNfcNfa: nfa_dm_init ()
11-14 20:28:17.251  1144  1263 I BrcmNfcNfa: nfa_sys_register () id=1, enable_cplt_mask=0x0
11-14 20:28:17.251  1144  1263 I BrcmNfcNfa: nfa_sys_register () id=3, enable_cplt_mask=0x8
11-14 20:28:17.251  1144  1263 I BrcmNfcNfa: nfa_rw_init ()
11-14 20:28:17.251  1144  1263 I BrcmNfcNfa: nfa_sys_register () id=6, enable_cplt_mask=0x48
11-14 20:28:17.251  1144  1263 I BrcmNfcNfa: nfa_ce_init ()
11-14 20:28:17.251  1144  1263 I BrcmNfcNfa: nfa_sys_register () id=7, enable_cplt_mask=0xc8
11-14 20:28:17.251  1144  1263 I BrcmNfcNfa: nfa_ee_init ()
11-14 20:28:17.251  1144  1263 I BrcmNfcNfa: nfa_sys_register () id=2, enable_cplt_mask=0xcc
11-14 20:28:17.251  1144  1263 I BrcmNfcNfa: LLCP - llcp_init ()
11-14 20:28:17.251  1144  1263 I BrcmNfcNfa: num_rx_buff = 9, rx_congest_start = 6, rx_congest_end = 4, max_num_ll_rx_buff = 2
11-14 20:28:17.251  1144  1263 I BrcmNfcNfa: max_num_tx_buff = 21, max_num_ll_tx_buff = 6
11-14 20:28:17.251  1144  1263 I BrcmNfcNfa: LLCP_RegisterServer (): SAP:0x1, link_type:0x2, ServiceName:<urn:nfc:sn:sdp>
11-14 20:28:17.251  1144  1263 I BrcmNfcNfa: LLCP_RegisterServer (): Registered SAP = 0x01
11-14 20:28:17.251  1144  1263 I BrcmNfcNfa: NFA_Enable ()
11-14 20:28:17.251  1144  1288 I BrcmNfcNfa: NFC_SetTraceLevel ()
11-14 20:28:17.251  1144  1263 I BrcmNfcNfa: NFC_SetTraceLevel () new_level = 1
11-14 20:28:17.251  1144  1288 I BrcmNfcNfa: nfa_dm_evt_hdlr event: NFA_DM_API_ENABLE_EVT (0x00)
11-14 20:28:17.251  1144  1293 I USERIAL_LINUX: USERIAL_Open(): enter
11-14 20:28:17.251  1144  1293 I USERIAL_LINUX: USERIAL_Open() device: /dev/bcm2079x port=5, uart_port=0 WAKE_DELAY(20) WRITE_DELAY(20) POWER_ON_DELAY(0) PRE_POWER_OFF_DELAY(10) POST_POWER_OFF_DELAY(0)
11-14 20:28:17.261  1144  1293 I USERIAL_LINUX: USERIAL_Open(): exit
11-14 20:28:17.271   650  1182 I am_proc_bound: [0,1270,com.android.smspush]
11-14 20:28:17.281   650  1182 I am_create_service: [0,1110209648,.WapPushManager,10062,1270]
11-14 20:28:17.281  1123  1123 D SMSDispatcher: SMSDispatcher: ctor mSmsCapable=true format=3gpp mSmsSendDisabled=false
11-14 20:28:17.281  1123  1123 D GsmSMSDispatcher: GsmSMSDispatcher created
11-14 20:28:17.281  1123  1298 D SmsBroadcastUndelivered: scanning raw table for undelivered messages
11-14 20:28:17.291  1123  1123 D IccCardProxy: Creating
11-14 20:28:17.291  1123  1123 D IccCardProxy: Broadcasting intent ACTION_SIM_STATE_CHANGED NOT_READY reason null
11-14 20:28:17.291  1123  1123 D IccCardProxy: Setting radio tech 1xRTT
11-14 20:28:17.291  1123  1123 D IccCardProxy: Switching to QuietMode.
11-14 20:28:17.291  1123  1123 D IccCardProxy: Broadcasting intent ACTION_SIM_STATE_CHANGED READY reason null
11-14 20:28:17.291  1123  1123 D IccCardProxy: updateQuietMode: QuietMode is true (app_type=2 cdmaSource=1)
11-14 20:28:17.291  1123  1123 D IccCardProxy: updateActiveRecord app type = 2mIccRecords = null
11-14 20:28:17.291  1123  1123 D MockSmsReceiver: Registered MockSmsReceiver
11-14 20:28:17.291  1101  1300 I LatinIME:LogUtils: Dictionary info: dictionary = UserHistoryDictionary.en_US.dic ; version = ? ; date = 1447504053
11-14 20:28:17.291  1270  1270 D ActivityThread: handleBindApplication:com.android.smspush
11-14 20:28:17.291  1270  1270 D ActivityThread: setTargetHeapUtilization:0.75
11-14 20:28:17.291  1270  1270 D ActivityThread: setTargetHeapMinFree:524288
11-14 20:28:17.301   650   668 I am_create_service: [0,1106333416,.DownloadService,10007,1083]
11-14 20:28:17.301  1083  1083 E SELinux : SELinux: Loaded file_contexts from /file_contexts
11-14 20:28:17.301  1083  1083 E SELinux : SELinux:  Could not open /data/system/packages.list:  Permission denied.
11-14 20:28:17.311  1101  1301 I LatinIME:LogUtils: Dictionary info: dictionary = personalization.en_US.dict ; version = ? ; date = 5973272
11-14 20:28:17.311  1101  1302 I LatinIME:LogUtils: Dictionary info: dictionary = PersonalizationPredictionDictio ; version = ? ; date = 5973272
11-14 20:28:17.321  1123  1298 D SmsBroadcastUndelivered: finished scanning raw table in 34 ms
11-14 20:28:17.321  1123  1268 D GsmInboundSmsHandler: entering Idle state
11-14 20:28:17.321  1123  1283 D CdmaInboundSmsHandler: entering Idle state
11-14 20:28:17.341   650   888 D Tethering: exception when get active network info:java.lang.NullPointerException
11-14 20:28:17.341   650   888 D Tethering: sendTetherStateChangedBroadcast 1, 0, 0
11-14 20:28:17.341   650  1182 I PackageManager:   Action: "android.intent.action.SENDTO"
11-14 20:28:17.341   650  1182 I PackageManager:   Category: "android.intent.category.DEFAULT"
11-14 20:28:17.341   650  1182 I PackageManager:   Scheme: "sms"
11-14 20:28:17.341   650  1182 I PackageManager: Adding preferred activity ComponentInfo{com.android.mms/com.android.mms.ui.ComposeMessageActivity} for user 0 :
11-14 20:28:17.351   650   939 I netstats_mobile_sample: [0,0,0,0,0,0,0,0,0,0,0,0,-1]
11-14 20:28:17.351   650   939 I netstats_wifi_sample: [0,0,0,0,0,0,0,0,0,0,0,0,-1]
11-14 20:28:17.361   650  1180 I PackageManager:   Action: "android.intent.action.SENDTO"
11-14 20:28:17.361   650  1180 I PackageManager:   Category: "android.intent.category.DEFAULT"
11-14 20:28:17.361   650  1180 I PackageManager:   Scheme: "smsto"
11-14 20:28:17.361   650  1180 I PackageManager: Adding preferred activity ComponentInfo{com.android.mms/com.android.mms.ui.ComposeMessageActivity} for user 0 :
11-14 20:28:17.371   650   667 I PackageManager:   Action: "android.intent.action.SENDTO"
11-14 20:28:17.371   650   667 I PackageManager:   Category: "android.intent.category.DEFAULT"
11-14 20:28:17.371   650   667 I PackageManager:   Scheme: "mms"
11-14 20:28:17.371   650   667 I PackageManager: Adding preferred activity ComponentInfo{com.android.mms/com.android.mms.ui.ComposeMessageActivity} for user 0 :
11-14 20:28:17.381   650  1182 I am_create_service: [0,1109024024,.MtpService,10007,1083]
11-14 20:28:17.381   650  1182 I PackageManager:   Action: "android.intent.action.SENDTO"
11-14 20:28:17.381   650  1182 I PackageManager:   Category: "android.intent.category.DEFAULT"
11-14 20:28:17.381   650  1182 I PackageManager:   Scheme: "mmsto"
11-14 20:28:17.381   650  1182 I PackageManager: Adding preferred activity ComponentInfo{com.android.mms/com.android.mms.ui.ComposeMessageActivity} for user 0 :
11-14 20:28:17.391  1123  1123 I PhoneFactory: defaultSmsApplication: com.android.mms
11-14 20:28:17.431   650  1258 D Tethering: exception when get active network info:java.lang.NullPointerException
11-14 20:28:17.441  1320  1320 V Zygote  : Switching descriptor 33 to /dev/null
11-14 20:28:17.441  1320  1320 V Zygote  : Switching descriptor 10 to /dev/null
11-14 20:28:17.441   650   667 D Tethering: exception when get active network info:java.lang.NullPointerException
11-14 20:28:17.441  1095  1095 I wpa_supplicant: rfkill: Cannot open RFKILL control device
11-14 20:28:17.451   650  1207 I am_proc_start: [0,1320,1000,com.android.settings,broadcast,com.android.settings/.widget.SettingsAppWidgetProvider]
11-14 20:28:17.451   650  1208 I am_create_service: [0,1111122256,.TelephonyDebugService,1001,1123]
11-14 20:28:17.451   650  1258 E MediaFocusControl: Error updating focussed RCC to RCD 
11-14 20:28:17.451   650  1258 E MediaFocusControl: java.util.EmptyStackException
11-14 20:28:17.451   650  1258 E MediaFocusControl: 	at java.util.Stack.peek(Stack.java:57)
11-14 20:28:17.451   650  1258 E MediaFocusControl: 	at android.media.MediaFocusControl.registerRemoteControlDisplay_int(MediaFocusControl.java:2182)
11-14 20:28:17.451   650  1258 E MediaFocusControl: 	at android.media.MediaFocusControl.registerRemoteController(MediaFocusControl.java:217)
11-14 20:28:17.451   650  1258 E MediaFocusControl: 	at android.media.AudioService.registerRemoteController(AudioService.java:4538)
11-14 20:28:17.451   650  1258 E MediaFocusControl: 	at android.media.IAudioService$Stub.onTransact(IAudioService.java:614)
11-14 20:28:17.451   650  1258 E MediaFocusControl: 	at android.os.Binder.execTransact(Binder.java:404)
11-14 20:28:17.451   650  1258 E MediaFocusControl: 	at dalvik.system.NativeStart.run(Native Method)
11-14 20:28:17.451   650  1207 I ActivityManager: Start proc com.android.settings for broadcast com.android.settings/.widget.SettingsAppWidgetProvider: pid=1320 uid=1000 gids={41000, 1028, 1015, 3002, 3001, 3003, 1006}
11-14 20:28:17.461   650  1258 I notification_cancel_all: [com.android.providers.downloads,0,0,64]
11-14 20:28:17.461   650   888 D BluetoothManagerService: Message: 300
11-14 20:28:17.461   650   888 D BluetoothManagerService: MESSAGE_USER_SWITCHED
11-14 20:28:17.471  1123  1123 D CallManager: registerPhone(CDMA Handler (com.android.internal.telephony.PhoneProxy) {41e88d40})
11-14 20:28:17.471  1123  1123 W ContextImpl: Implicit intents with startService are not safe: Intent { act=org.codeaurora.ims.IImsService } android.content.ContextWrapper.bindService:517 android.content.ContextWrapper.bindService:517 com.android.phone.PhoneGlobals.createImsService:660 
11-14 20:28:17.471  1123  1123 D PhoneApp: IMSService bound request : false
11-14 20:28:17.471  1123  1123 D NotificationMgr: updateNotificationsAtStartup()...
11-14 20:28:17.471   650  1180 D Tethering: exception when get active network info:java.lang.NullPointerException
11-14 20:28:17.471  1123  1123 D NotificationMgr: - start call log query...
11-14 20:28:17.471   650  1207 W ActivityManager: Unable to start service Intent { act=org.codeaurora.ims.IImsService } U=0: not found
11-14 20:28:17.471   650   650 V BackupManagerService: Connected to transport ComponentInfo{android/com.android.internal.backup.LocalTransportService}
11-14 20:28:17.471   650   650 V BackupManagerService: Registering transport android/com.android.internal.backup.LocalTransportService::android/com.android.internal.backup.LocalTransport = com.android.internal.backup.LocalTransport@42392700
11-14 20:28:17.481   650  1207 I am_create_service: [0,1111002216,.BluetoothPhoneService,1001,1123]
