11-14 20:28:18.171  1123  1123 D CdmaCallTracker: Event EVENT_POLL_CALLS_RESULT Received
11-14 20:28:18.171  1123  1123 D CdmaCallTracker: [CdmaCallTracker] update phone state, old=IDLE new=IDLE
11-14 20:28:18.171  1123  1123 D PhoneProxy: [PhoneProxy] EVENT_REQUEST_VOICE_RADIO_TECH_DONE: newVoiceTech=3
11-14 20:28:18.171  1123  1123 D PhoneProxy: [PhoneProxy] phoneObjectUpdater: newVoiceRadioTech=3
11-14 20:28:18.171  1123  1123 D PhoneProxy: [PhoneProxy] Switching Voice Phone : CDMA >>> GSM
11-14 20:28:18.171  1123  1123 D CallManager: unregisterPhone(CDMA Handler (com.android.internal.telephony.cdma.CDMALTEPhone) {41e89b50})
11-14 20:28:18.171  1123  1123 D PhoneProxy: [PhoneProxy] Disposing old phone..
11-14 20:28:18.171  1123  1123 D CDMALTEPhone: dispose
11-14 20:28:18.171  1123  1123 D CdmaCallTracker: [CdmaCallTracker] update phone state, old=IDLE new=IDLE
11-14 20:28:18.171  1123  1123 D CdmaDCT : dispose
11-14 20:28:18.171  1123  1123 D CdmaDCT : cleanUpAllConnections: tearDown=true reason=null
11-14 20:28:18.171  1123  1123 D CdmaDCT : cleanUpConnection: E tearDown=true reason=null apnContext={mApnType=fota mState=IDLE mWaitingDataProfiles={null} mWaitingApnsPermanentFailureCountDown=0 mDataProfile={null} mReason=null mDataEnabled=false mDependencyMet=true}
11-14 20:28:18.171  1123  1123 D CdmaDCT : cleanUpConnection: X tearDown=true reason=null apnContext={mApnType=fota mState=IDLE mWaitingDataProfiles={null} mWaitingApnsPermanentFailureCountDown=0 mDataProfile={null} mReason=null mDataEnabled=false mDependencyMet=true} dcac=null
11-14 20:28:18.171  1123  1123 D CdmaDCT : cleanUpConnection: E tearDown=true reason=null apnContext={mApnType=dun mState=IDLE mWaitingDataProfiles={null} mWaitingApnsPermanentFailureCountDown=0 mDataProfile={null} mReason=null mDataEnabled=false mDependencyMet=true}
11-14 20:28:18.171  1123  1123 D CdmaDCT : cleanUpConnection: X tearDown=true reason=null apnContext={mApnType=dun mState=IDLE mWaitingDataProfiles={null} mWaitingApnsPermanentFailureCountDown=0 mDataProfile={null} mReason=null mDataEnabled=false mDependencyMet=true} dcac=null
11-14 20:28:18.171  1123  1123 D CdmaDCT : cleanUpConnection: E tearDown=true reason=null apnContext={mApnType=ia mState=IDLE mWaitingDataProfiles={null} mWaitingApnsPermanentFailureCountDown=0 mDataProfile={null} mReason=null mDataEnabled=false mDependencyMet=true}
11-14 20:28:18.171  1123  1123 D CdmaDCT : cleanUpConnection: X tearDown=true reason=null apnContext={mApnType=ia mState=IDLE mWaitingDataProfiles={null} mWaitingApnsPermanentFailureCountDown=0 mDataProfile={null} mReason=null mDataEnabled=false mDependencyMet=true} dcac=null
11-14 20:28:18.171  1123  1123 D CdmaDCT : cleanUpConnection: E tearDown=true reason=null apnContext={mApnType=supl mState=IDLE mWaitingDataProfiles={null} mWaitingApnsPermanentFailureCountDown=0 mDataProfile={null} mReason=null mDataEnabled=false mDependencyMet=true}
11-14 20:28:18.171  1123  1123 D CdmaDCT : cleanUpConnection: X tearDown=true reason=null apnContext={mApnType=supl mState=IDLE mWaitingDataProfiles={null} mWaitingApnsPermanentFailureCountDown=0 mDataProfile={null} mReason=null mDataEnabled=false mDependencyMet=true} dcac=null
11-14 20:28:18.171  1123  1123 D CdmaDCT : cleanUpConnection: E tearDown=true reason=null apnContext={mApnType=hipri mState=IDLE mWaitingDataProfiles={null} mWaitingApnsPermanentFailureCountDown=0 mDataProfile={null} mReason=null mDataEnabled=false mDependencyMet=true}
11-14 20:28:18.171  1123  1123 D CdmaDCT : cleanUpConnection: X tearDown=true reason=null apnContext={mApnType=hipri mState=IDLE mWaitingDataProfiles={null} mWaitingApnsPermanentFailureCountDown=0 mDataProfile={null} mReason=null mDataEnabled=false mDependencyMet=true} dcac=null
11-14 20:28:18.171  1123  1123 D CdmaDCT : cleanUpConnection: E tearDown=true reason=null apnContext={mApnType=ims mState=IDLE mWaitingDataProfiles={null} mWaitingApnsPermanentFailureCountDown=0 mDataProfile={null} mReason=null mDataEnabled=false mDependencyMet=true}
11-14 20:28:18.171  1123  1123 D CdmaDCT : cleanUpConnection: X tearDown=true reason=null apnContext={mApnType=ims mState=IDLE mWaitingDataProfiles={null} mWaitingApnsPermanentFailureCountDown=0 mDataProfile={null} mReason=null mDataEnabled=false mDependencyMet=true} dcac=null
11-14 20:28:18.171  1123  1123 D CdmaDCT : cleanUpConnection: E tearDown=true reason=null apnContext={mApnType=default mState=IDLE mWaitingDataProfiles={null} mWaitingApnsPermanentFailureCountDown=0 mDataProfile={null} mReason=null mDataEnabled=true mDependencyMet=true}
11-14 20:28:18.171  1123  1123 D CdmaDCT : cleanUpConnection: X tearDown=true reason=null apnContext={mApnType=default mState=IDLE mWaitingDataProfiles={null} mWaitingApnsPermanentFailureCountDown=0 mDataProfile={null} mReason=null mDataEnabled=true mDependencyMet=true} dcac=null
11-14 20:28:18.171  1123  1123 D CdmaDCT : cleanUpConnection: E tearDown=true reason=null apnContext={mApnType=mms mState=IDLE mWaitingDataProfiles={null} mWaitingApnsPermanentFailureCountDown=0 mDataProfile={null} mReason=null mDataEnabled=false mDependencyMet=true}
11-14 20:28:18.171  1123  1123 D CdmaDCT : cleanUpConnection: X tearDown=true reason=null apnContext={mApnType=mms mState=IDLE mWaitingDataProfiles={null} mWaitingApnsPermanentFailureCountDown=0 mDataProfile={null} mReason=null mDataEnabled=false mDependencyMet=true} dcac=null
11-14 20:28:18.171  1123  1123 D CdmaDCT : cleanUpConnection: E tearDown=true reason=null apnContext={mApnType=cbs mState=IDLE mWaitingDataProfiles={null} mWaitingApnsPermanentFailureCountDown=0 mDataProfile={null} mReason=null mDataEnabled=false mDependencyMet=true}
11-14 20:28:18.171  1123  1123 D CdmaDCT : cleanUpConnection: X tearDown=true reason=null apnContext={mApnType=cbs mState=IDLE mWaitingDataProfiles={null} mWaitingApnsPermanentFailureCountDown=0 mDataProfile={null} mReason=null mDataEnabled=false mDependencyMet=true} dcac=null
11-14 20:28:18.171  1123  1123 D CdmaDCT : stopNetStatPoll
11-14 20:28:18.171  1123  1123 D CdmaDCT : stopDataStallAlarm: current tag=13628 mDataStallAlarmIntent=null
11-14 20:28:18.171  1123  1123 D CdmaDCT : DCT.dispose
11-14 20:28:18.171  1123  1123 D Dcc     : dispose: call quiteNow()
11-14 20:28:18.181  1123  1123 D CdmaDCT : destroyDataConnections: clear mDataConnectionList
11-14 20:28:18.181  1123  1123 D CdmaSST : [CdmaLteSST] ServiceStateTracker dispose
11-14 20:28:18.181  1123  1123 D TelephonyTester: register for intent action=com.android.internal.telephony.gsm.action_detached
11-14 20:28:18.181  1123  1123 D TelephonyTester: register for intent action=com.android.internal.telephony.gsm.action_attached
11-14 20:28:18.181  1123  1123 D PhoneBase: mDoesRilSendMultipleCallRing=false
11-14 20:28:18.181  1123  1123 D PhoneBase: mCallRingDelay=3000
11-14 20:28:18.181  1123  1123 D PhoneBase: mOosIsDisconnect=true
11-14 20:28:18.181  1123  1123 D RILJ    : setPhoneType=1 old value=2
11-14 20:28:18.191  1123  1123 D         : DCT.constructor
11-14 20:28:18.201  1123  1123 D Dcc     : E ctor
11-14 20:28:18.201  1123  1123 D Dcc     : X ctor
11-14 20:28:18.201  1123  1123 D DcTesterFailBrinupAll: register for intent action=com.android.internal.telephony.dataconnection.action_fail_bringup
11-14 20:28:18.201  1123  1123 D DcTesterFailBrinupAll: register for intent action=com.android.internal.telephony.gsm.action_detached
11-14 20:28:18.201  1123  1123 D DcTesterFailBrinupAll: register for intent action=com.android.internal.telephony.gsm.action_attached
11-14 20:28:18.201  1123  1402 D DcTesterDeacativeAll: register for intent action=com.android.internal.telephony.dataconnection.action_deactivate_all
11-14 20:28:18.201  1123  1402 D DcTesterDeacativeAll: register for intent action=com.android.internal.telephony.gsm.action_detached
11-14 20:28:18.211  1123  1402 D Dcc     : DccDefaultState: msg.what=EVENT_RIL_CONNECTED mRilVersion=9
11-14 20:28:18.211  1123  1123 D GsmDCT  : GsmDCT.constructor
11-14 20:28:18.211  1123  1123 D GsmSST  : [GsmSST] notifyDataRegStateRilRadioTechnologyChanged: drs=1 rat=0
11-14 20:28:18.211  1123  1123 D GsmDCT  : initApnContexts: E
11-14 20:28:18.211  1123  1123 D GsmDCT  : initApnContexts: skipping unknown type=1
11-14 20:28:18.211  1123  1123 D GsmDCT  : initApnContexts: apnContext={mApnType=default mState=IDLE mWaitingDataProfiles={null} mWaitingApnsPermanentFailureCountDown=0 mDataProfile={null} mReason=dataEnabled mDataEnabled=true mDependencyMet=true}
11-14 20:28:18.211  1123  1123 D GsmDCT  : initApnContexts: apnContext={mApnType=mms mState=IDLE mWaitingDataProfiles={null} mWaitingApnsPermanentFailureCountDown=0 mDataProfile={null} mReason=dataEnabled mDataEnabled=false mDependencyMet=true}
11-14 20:28:18.211  1123  1123 D GsmDCT  : initApnContexts: apnContext={mApnType=supl mState=IDLE mWaitingDataProfiles={null} mWaitingApnsPermanentFailureCountDown=0 mDataProfile={null} mReason=dataEnabled mDataEnabled=false mDependencyMet=true}
11-14 20:28:18.211  1123  1123 D GsmDCT  : initApnContexts: apnContext={mApnType=dun mState=IDLE mWaitingDataProfiles={null} mWaitingApnsPermanentFailureCountDown=0 mDataProfile={null} mReason=dataEnabled mDataEnabled=false mDependencyMet=true}
11-14 20:28:18.211  1123  1123 D GsmDCT  : initApnContexts: apnContext={mApnType=hipri mState=IDLE mWaitingDataProfiles={null} mWaitingApnsPermanentFailureCountDown=0 mDataProfile={null} mReason=dataEnabled mDataEnabled=false mDependencyMet=true}
11-14 20:28:18.211  1123  1123 D GsmDCT  : initApnContexts: apnContext={mApnType=fota mState=IDLE mWaitingDataProfiles={null} mWaitingApnsPermanentFailureCountDown=0 mDataProfile={null} mReason=dataEnabled mDataEnabled=false mDependencyMet=true}
11-14 20:28:18.211  1123  1123 D GsmDCT  : initApnContexts: apnContext={mApnType=ims mState=IDLE mWaitingDataProfiles={null} mWaitingApnsPermanentFailureCountDown=0 mDataProfile={null} mReason=dataEnabled mDataEnabled=false mDependencyMet=true}
11-14 20:28:18.211  1123  1123 D GsmDCT  : initApnContexts: apnContext={mApnType=cbs mState=IDLE mWaitingDataProfiles={null} mWaitingApnsPermanentFailureCountDown=0 mDataProfile={null} mReason=dataEnabled mDataEnabled=false mDependencyMet=true}
11-14 20:28:18.211  1123  1123 D GsmDCT  : initApnContexts: apnContext={mApnType=ia mState=IDLE mWaitingDataProfiles={null} mWaitingApnsPermanentFailureCountDown=0 mDataProfile={null} mReason=dataEnabled mDataEnabled=false mDependencyMet=true}
11-14 20:28:18.211  1123  1123 D GsmDCT  : initApnContexts: skipping unknown type=7
11-14 20:28:18.211  1123  1123 D GsmDCT  : initApnContexts: X mApnContexts={fota={mApnType=fota mState=IDLE mWaitingDataProfiles={null} mWaitingApnsPermanentFailureCountDown=0 mDataProfile={null} mReason=dataEnabled mDataEnabled=false mDependencyMet=true}, dun={mApnType=dun mState=IDLE mWaitingDataProfiles={null} mWaitingApnsPermanentFailureCountDown=0 mDataProfile={null} mReason=dataEnabled mDataEnabled=false mDependencyMet=true}, ia={mApnType=ia mState=IDLE mWaitingDataProfiles={null} mWaitingApnsPermanentFailureCountDown=0 mDataProfile={null} mReason=dataEnabled mDataEnabled=false mDependencyMet=true}, supl={mApnType=supl mState=IDLE mWaitingDataProfiles={null} mWaitingApnsPermanentFailureCountDown=0 mDataProfile={null} mReason=dataEnabled mDataEnabled=false mDependencyMet=true}, hipri={mApnType=hipri mState=IDLE mWaitingDataProfiles={null} mWaitingApnsPermanentFailureCountDown=0 mDataProfile={null} mReason=dataEnabled mDataEnabled=false mDependencyMet=true}, ims={mApnType=ims mState=IDLE mWaitingDataProfiles={null} mWaitingApnsPermanentFailureCountDown=0 mDataProfile={null} mReason=dataEnabled mDataEnabled=false mDependencyMet=true}, default={mApnType=default mState=IDLE mWaitingDataProfiles={null} mWaitingApnsPermanentFailureCountDown=0 mDataProfile={null} mReason=dataEnabled mDataEnabled=true mDependencyMet=true}, mms={mApnType=mms mState=IDLE mWaitingDataProfiles={null} mWaitingApnsPermanentFailureCountDown=0 mDataProfile={null} mReason=dataEnabled mDataEnabled=false mDependencyMet=true}, cbs={mApnType=cbs mState=IDLE mWaitingDataProfiles={null} mWaitingApnsPermanentFailureCountDown=0 mDataProfile={null} mReason=dataEnabled mDataEnabled=false mDependencyMet=true}}
11-14 20:28:18.211  1123  1123 D GsmDCT  : SUPPORT_MPDN = true
11-14 20:28:18.211  1123  1123 D GsmDCT  : OMH_ENABLED = false
11-14 20:28:18.231  1123  1123 D CDMALTEPhone: removeReferences
11-14 20:28:18.231  1123  1123 D CallManager: registerPhone(GSM Handler (com.android.internal.telephony.gsm.GSMPhone) {41fe96d8})
11-14 20:28:18.231  1123  1123 D RILJ    : [3674]> SET_SUPP_SVC_NOTIFICATION
11-14 20:28:18.231  1123  1123 D RILJ    : [3675]> SET_SUPP_SVC_NOTIFICATION
11-14 20:28:18.231  1123  1123 D RIL_ImsSms: In IMS updatePhoneObject 
11-14 20:28:18.231  1123  1123 D SMSDispatcher: Active phone changed to GSM
11-14 20:28:18.231  1123  1123 D SMSDispatcher: Active phone changed to GSM
11-14 20:28:18.231  1123  1123 D SMSDispatcher: Active phone changed to GSM
11-14 20:28:18.231  1123  1268 D GsmInboundSmsHandler: Idle state processing message type 7
11-14 20:28:18.231  1123  1123 D IccCardProxy: Setting radio tech UMTS
11-14 20:28:18.231  1123  1268 D GsmInboundSmsHandler: onUpdatePhoneObject: phone=GSMPhone
11-14 20:28:18.231  1123  1268 D GsmInboundSmsHandler: onUpdatePhoneObject: dispose of old CellBroadcastHandler and make a new one
11-14 20:28:18.231  1123  1247 D RilRequest: [3675]< SET_SUPP_SVC_NOTIFICATION error: com.android.internal.telephony.CommandException: GENERIC_FAILURE ret=null
11-14 20:28:18.231  1123  1280 D GsmCellBroadcastHandler: acquired wakelock, leaving Idle state
11-14 20:28:18.231  1123  1283 D CdmaInboundSmsHandler: Idle state processing message type 7
11-14 20:28:18.231  1123  1283 D CdmaInboundSmsHandler: onUpdatePhoneObject: phone=GSMPhone
11-14 20:28:18.231  1123  1285 D CellBroadcastHandler: updatePhoneObject: phone=GSMPhone
11-14 20:28:18.231  1123  1289 D CdmaServiceCategoryProgramHandler: updatePhoneObject: phone=GSMPhone
11-14 20:28:18.231  1123  1123 D IccCardProxy: updateQuietMode: 3GPP subscription -> newQuietMode=false
11-14 20:28:18.231  1123  1123 D IccCardProxy: updateQuietMode: Switching out from QuietMode. Force broadcast of current state=NOT_READY
11-14 20:28:18.231  1123  1123 D IccCardProxy: Broadcasting intent ACTION_SIM_STATE_CHANGED NOT_READY reason null
11-14 20:28:18.231  1123  1123 D IccCardProxy: updateQuietMode: QuietMode is false (app_type=1 cdmaSource=-1)
11-14 20:28:18.231  1123  1123 D IccCardProxy: updateActiveRecord app type = 1mIccRecords = null
11-14 20:28:18.231  1123  1247 D RILJ    : [3674]< SET_SUPP_SVC_NOTIFICATION 
11-14 20:28:18.231  1123  1123 E CdmaSST : [CdmaLteSST] Received message { when=-270ms what=25 obj=android.os.AsyncResult@41f75ff0 target=com.android.internal.telephony.cdma.CdmaLteServiceStateTracker }[25] while being destroyed. Ignoring.
11-14 20:28:18.241  1123  1123 E RIL_ImsSms: IMS State query failed with exp com.android.internal.telephony.CommandException: GENERIC_FAILURE
11-14 20:28:18.241  1123  1123 E CdmaSST : [CdmaLteSST] Received message { when=-267ms what=24 obj=android.os.AsyncResult@41f78920 target=com.android.internal.telephony.cdma.CdmaLteServiceStateTracker }[24] while being destroyed. Ignoring.
11-14 20:28:18.241  1123  1123 E CdmaSST : [CdmaLteSST] Received message { when=-271ms what=5 obj=android.os.AsyncResult@41f79e50 target=com.android.internal.telephony.cdma.CdmaLteServiceStateTracker }[5] while being destroyed. Ignoring.
11-14 20:28:18.261  1123  1123 D PhoneProxy: [PhoneProxy] phoneObjectUpdater: newVoiceRadioTech=0
11-14 20:28:18.261  1123  1123 D PhoneProxy: [PhoneProxy] phoneObjectUpdater: Unknown rat ignore,  newVoiceRadioTech=Unknown. mActivePhone=GSM
11-14 20:28:18.261  1123  1123 E CdmaSST : [CdmaLteSST] Received message { when=-265ms what=25 obj=android.os.AsyncResult@41f846d0 target=com.android.internal.telephony.cdma.CdmaLteServiceStateTracker }[25] while being destroyed. Ignoring.
11-14 20:28:18.261  1123  1123 E CdmaSST : [CdmaLteSST] Received message { when=-260ms what=34 obj=android.os.AsyncResult@41f851e0 target=com.android.internal.telephony.cdma.CdmaLteServiceStateTracker }[34] while being destroyed. Ignoring.
11-14 20:28:18.261  1123  1123 E CdmaSST : [CdmaLteSST] Received message { when=-260ms what=5 obj=android.os.AsyncResult@41f85a00 target=com.android.internal.telephony.cdma.CdmaLteServiceStateTracker }[5] while being destroyed. Ignoring.
11-14 20:28:18.261  1123  1123 E CdmaSST : [CdmaLteSST] Received message { when=-256ms what=24 obj=android.os.AsyncResult@41f8efe0 target=com.android.internal.telephony.cdma.CdmaLteServiceStateTracker }[24] while being destroyed. Ignoring.
11-14 20:28:18.261  1123  1123 E CdmaSST : [CdmaLteSST] Received message { when=-222ms what=30 obj=android.os.AsyncResult@41f946b8 target=com.android.internal.telephony.cdma.CdmaLteServiceStateTracker }[30] while being destroyed. Ignoring.
11-14 20:28:18.261  1123  1123 E CdmaSST : [CdmaLteSST] Received message { when=-215ms what=36 obj=android.os.AsyncResult@41f96318 target=com.android.internal.telephony.cdma.CdmaLteServiceStateTracker }[36] while being destroyed. Ignoring.
11-14 20:28:18.261  1123  1123 D SIMRecords: [SIMRecords] fetchSimRecords 0
11-14 20:28:18.261  1123  1123 D RILJ    : [3676]> getIMSI: GET_IMSI aid: a0000000871002ff86ffff89ffffffff
11-14 20:28:18.261  1123  1123 D RILJ    : [3677]> iccIO: SIM_IO 0xc0 0x2fe2  path: 3F00,0,0,15 aid: a0000000871002ff86ffff89ffffffff
11-14 20:28:18.261  1123  1123 D RILJ    : [3678]> iccIO: SIM_IO 0xc0 0x6f40  path: 3F007FFF,0,0,15 aid: a0000000871002ff86ffff89ffffffff
11-14 20:28:18.271  1123  1123 D RILJ    : [3679]> iccIO: SIM_IO 0xc0 0x6fc9  path: 3F007FFF,0,0,15 aid: a0000000871002ff86ffff89ffffffff
11-14 20:28:18.271  1123  1123 D RILJ    : [3680]> iccIO: SIM_IO 0xc0 0x6fad  path: 3F007FFF,0,0,15 aid: a0000000871002ff86ffff89ffffffff
11-14 20:28:18.271  1123  1123 D RILJ    : [3681]> iccIO: SIM_IO 0xc0 0x6fca  path: 3F007FFF,0,0,15 aid: a0000000871002ff86ffff89ffffffff
11-14 20:28:18.271  1123  1247 D RILJ    : [3676]< GET_IMSI 
11-14 20:28:18.271  1123  1123 D RILJ    : [3682]> iccIO: SIM_IO 0xc0 0x6f11  path: 3F007FFF,0,0,15 aid: a0000000871002ff86ffff89ffffffff
11-14 20:28:18.271  1123  1123 D RILJ    : [3683]> iccIO: SIM_IO 0xc0 0x6fcb  path: 3F007FFF,0,0,15 aid: a0000000871002ff86ffff89ffffffff
11-14 20:28:18.281  1123  1123 D RILJ    : [3684]> iccIO: SIM_IO 0xc0 0x6f13  path: 3F007FFF,0,0,15 aid: a0000000871002ff86ffff89ffffffff
11-14 20:28:18.291  1123  1123 D RILJ    : [3685]> iccIO: SIM_IO 0xc0 0x6f46  path: 3F007FFF,0,0,15 aid: a0000000871002ff86ffff89ffffffff
11-14 20:28:18.301  1123  1123 D RILJ    : [3686]> iccIO: SIM_IO 0xc0 0x6fcd  path: 3F007FFF,0,0,15 aid: a0000000871002ff86ffff89ffffffff
11-14 20:28:18.301  1123  1123 D RILJ    : [3687]> iccIO: SIM_IO 0xc0 0x6fc5  path: 3F007FFF,0,0,15 aid: a0000000871002ff86ffff89ffffffff
11-14 20:28:18.301  1123  1123 D RILJ    : [3688]> iccIO: SIM_IO 0xc0 0x6f38  path: 3F007FFF,0,0,15 aid: a0000000871002ff86ffff89ffffffff
11-14 20:28:18.311  1123  1123 D RILJ    : [3689]> iccIO: SIM_IO 0xc0 0x6f16  path: 3F007FFF,0,0,15 aid: a0000000871002ff86ffff89ffffffff
11-14 20:28:18.311  1123  1123 D RILJ    : [3690]> iccIO: SIM_IO 0xc0 0x6f15  path: 3F007FFF,0,0,15 aid: a0000000871002ff86ffff89ffffffff
11-14 20:28:18.311  1123  1123 D RILJ    : [3691]> iccIO: SIM_IO 0xc0 0x6f3e  path: 3F007FFF,0,0,15 aid: a0000000871002ff86ffff89ffffffff
11-14 20:28:18.311  1123  1123 D RILJ    : [3692]> iccIO: SIM_IO 0xc0 0x6f3c  path: 3F007FFF,0,0,15 aid: a0000000871002ff86ffff89ffffffff
11-14 20:28:18.311  1123  1123 D SIMRecords: [SIMRecords] fetchSimRecords 16 requested: true
11-14 20:28:18.311  1123  1123 D UiccCardApplication: Query facility lock : 0
11-14 20:28:18.311  1123  1123 D UiccCardApplication: Query facility FDN : FDN service available: true enabled: false
11-14 20:28:18.311  1123  1123 D CAT     : CatService: MSG_ID_ICC_CHANGED
11-14 20:28:18.311  1123  1123 D CAT     : CatService: New Card State = CARDSTATE_PRESENT Old Card State = CARDSTATE_ABSENT
11-14 20:28:18.311  1123  1123 D RILJ    : [3693]> RIL_REQUEST_REPORT_STK_SERVICE_IS_RUNNING
11-14 20:28:18.321  1123  1123 E CDMAPhone: Received message { when=-207ms what=30 obj=android.os.AsyncResult@41fdbd38 target=com.android.internal.telephony.cdma.CDMALTEPhone }[30] while being destroyed. Ignoring.
11-14 20:28:18.321  1123  1123 E CdmaSST : [CdmaLteSST] Received message { when=-207ms what=42 obj=android.os.AsyncResult@41fdbd50 target=com.android.internal.telephony.cdma.CdmaLteServiceStateTracker }[42] while being destroyed. Ignoring.
11-14 20:28:18.321  1123  1123 D CdmaDCT : handleMessage msg={ when=-207ms what=270369 obj=android.os.AsyncResult@41fdbd68 target=com.android.internal.telephony.dataconnection.DcTracker }
11-14 20:28:18.321  1123  1123 E CdmaDCT : handleMessage: Ignore GSM msgs since GSM phone is inactive
11-14 20:28:18.321  1123  1123 D GsmSMSDispatcher: New Uicc application found
11-14 20:28:18.321  1123  1123 D IccCardProxy: Icc changed. Reregestering.
11-14 20:28:18.321  1123  1123 D SIMRecords: [SIMRecords] getOperatorNumeric: IMSI == null
11-14 20:28:18.321  1123  1123 E IccCardProxy: updateproperty Operator name = null, loaded = false
11-14 20:28:18.321  1123  1123 D UiccCardApplication: Notifying 1 registrant: READY
11-14 20:28:18.321  1123  1247 D RILJ    : [3693]< RIL_REQUEST_REPORT_STK_SERVICE_IS_RUNNING 
11-14 20:28:18.321  1123  1123 D SIMRecords: [SIMRecords] getOperatorNumeric: IMSI == null
11-14 20:28:18.321  1123  1123 D IccCardProxy: updateActiveRecord app type = 1mIccRecords = SimRecords: mDestroyed=false mContext=com.android.phone.PhoneGlobals@41e7efa0 mCi=com.android.internal.telephony.RIL@41e84118 mFh=Handler (com.android.internal.telephony.uicc.UsimFileHandler) {41f98298} mParentApp=com.android.internal.telephony.uicc.UiccCardApplication@41f96e40 recordsLoadedRegistrants=android.os.RegistrantList@41f9ad38 mImsiReadyRegistrants=android.os.RegistrantList@41f9ad60 mRecordsEventsRegistrants=android.os.RegistrantList@41f9ad88 mNewSmsRegistrants=android.os.RegistrantList@41f9adb0 mNetworkSelectionModeAutomaticRegistrants=android.os.RegistrantList@41f9add8 recordsToLoad=16 adnCache=Handler (com.android.internal.telephony.uicc.AdnRecordCache) {41f9af40} recordsRequested=true iccid=null msisdn=null msisdnTag=null voiceMailNum=null voiceMailTag=null newVoiceMailNum=null newVoiceMailTag=null isVoiceMailFixed=false mImsi=null mncLength=-1 mailboxIndex=0 spn=null mVmConfigcom.android.internal.telephony.uicc.VoiceMailConstants@41f9ba20 mSpnOverride=mSpnOverride callForwardingEnabled=false spnState=READ_SPN_3GPP mCphsInfo=null mCspPlmnEnabled=true efMWIS=null efCPHS_MWI=null mEfCff=null mEfCfis=null getOperatorNumeric=null
11-14 20:28:18.321  1123  1123 D IccCardProxy: Setting SIM Record as active
11-14 20:28:18.321  1123  1247 D RILJ    : [3677]< SIM_IO IccIoResponse sw1:0x90 sw2:0x0
11-14 20:28:18.321  1123  1123 D IccCardProxy: Broadcasting intent ACTION_SIM_STATE_CHANGED READY reason null
11-14 20:28:18.321  1123  1123 D CAT     : CatService: MSG_ID_ICC_CHANGED
11-14 20:28:18.321  1123  1123 D CAT     : CatService: New Card State = CARDSTATE_PRESENT Old Card State = CARDSTATE_PRESENT
11-14 20:28:18.321  1123  1123 D CdmaDCT : handleMessage msg={ when=-151ms what=270365 target=com.android.internal.telephony.dataconnection.DcTracker }
11-14 20:28:18.321  1123  1123 E CdmaDCT : handleMessage: Ignore GSM msgs since GSM phone is inactive
11-14 20:28:18.321  1123  1123 D SimPhoneBookIM: [SimPbInterfaceManager] Card update received: com.android.internal.telephony.uicc.UiccCard@41f967a8
11-14 20:28:18.321  1123  1123 D SimPhoneBookIM: [SimPbInterfaceManager] Card is 3G
11-14 20:28:18.321  1123  1123 D SimPhoneBookIM: [SimPbInterfaceManager] Setting currentApp: com.android.internal.telephony.uicc.UiccCardApplication@41f96e40
11-14 20:28:18.321  1123  1123 D GSMPhone: [GSMPhone] New Uicc application found
11-14 20:28:18.321  1123  1123 D RILJ    : [3694]> GET_CURRENT_CALLS
11-14 20:28:18.321  1123  1123 D GsmSST  : [GsmSST] New card found
11-14 20:28:18.321  1123  1123 D UiccCardApplication: Notifying 1 registrant: READY
11-14 20:28:18.321  1123  1123 D RILJ    : [3695]> OPERATOR
11-14 20:28:18.321  1123  1247 D RILJ    : [3694]< GET_CURRENT_CALLS  
11-14 20:28:18.331  1123  1123 D RILJ    : [3696]> DATA_REGISTRATION_STATE
11-14 20:28:18.331  1123  1247 D RILJ    : [3695]< OPERATOR {null, null, null}
11-14 20:28:18.331  1123  1123 D RILJ    : [3697]> VOICE_REGISTRATION_STATE
11-14 20:28:18.331  1123  1123 D RILJ    : [3698]> QUERY_NETWORK_SELECTION_MODE
11-14 20:28:18.331  1123  1123 D GsmDCT  : handleMessage msg={ when=-142ms what=270369 obj=android.os.AsyncResult@41ff64f0 target=com.android.internal.telephony.dataconnection.DcTracker }
11-14 20:28:18.331  1123  1123 D GsmDCT  : onUpdateIcc: newIccRecords null
11-14 20:28:18.331  1123  1123 D GsmDCT  : onReceive: action=android.net.wifi.WIFI_STATE_CHANGED
11-14 20:28:18.331  1123  1123 D GsmDCT  : WIFI_STATE_CHANGED_ACTION: enabled=true mIsWifiConnected=false
11-14 20:28:18.331  1123  1123 D GsmDCT  : handleMessage msg={ when=-126ms what=270337 obj=android.os.AsyncResult@41ff8598 target=com.android.internal.telephony.dataconnection.DcTracker }
11-14 20:28:18.331  1123  1123 D GsmDCT  : onRadioAvailable
11-14 20:28:18.331  1123  1123 D GsmDCT  : overall state is IDLE
11-14 20:28:18.331  1123  1123 D GsmDCT  : handleMessage msg={ when=-126ms what=270345 obj=android.os.AsyncResult@41ff8868 target=com.android.internal.telephony.dataconnection.DcTracker }
11-14 20:28:18.331  1123  1123 D GsmDCT  : onDataConnectionDetached: stop polling and notify detached
11-14 20:28:18.331  1123  1123 D GsmDCT  : stopNetStatPoll
11-14 20:28:18.331  1123  1123 D GsmDCT  : stopDataStallAlarm: current tag=14681 mDataStallAlarmIntent=null
11-14 20:28:18.331  1123  1123 D GsmDCT  : notifyDataConnection: reason=dataDetached
11-14 20:28:18.331  1123  1123 D GsmDCT  : isDataAllowed: not allowed due to - Attached= false - SIM not loaded and not NV subscription
11-14 20:28:18.331  1123  1123 D GsmDCT  : [ApnContext:fota] getDataProfile: mDataProfile=null
11-14 20:28:18.331  1123  1247 D RILJ    : [3697]< VOICE_REGISTRATION_STATE {2, null, null, 0, null, null, null, 0, null, null, null, null, null, 0, null}
11-14 20:28:18.331  1123  1247 D RILJ    : [3696]< DATA_REGISTRATION_STATE {0, null, null, null, 0, 20, null, 147, 4855663, null, null}
11-14 20:28:18.331  1123  1247 D RILJ    : [3678]< SIM_IO IccIoResponse sw1:0x90 sw2:0x0
11-14 20:28:18.341  1123  1123 D GsmDCT  : isDataAllowed: not allowed due to - Attached= false - SIM not loaded and not NV subscription
11-14 20:28:18.341  1123  1123 D GsmDCT  : [ApnContext:dun] getDataProfile: mDataProfile=null
11-14 20:28:18.341  1123  1247 D RILJ    : [3698]< QUERY_NETWORK_SELECTION_MODE {0}
11-14 20:28:18.341  1123  1123 D GsmDCT  : isDataAllowed: not allowed due to - Attached= false - SIM not loaded and not NV subscription
11-14 20:28:18.341  1123  1123 D GsmDCT  : [ApnContext:ia] getDataProfile: mDataProfile=null
11-14 20:28:18.341  1123  1123 D GsmDCT  : isDataAllowed: not allowed due to - Attached= false - SIM not loaded and not NV subscription
11-14 20:28:18.341  1123  1123 D GsmDCT  : [ApnContext:supl] getDataProfile: mDataProfile=null
11-14 20:28:18.341  1123  1123 D GsmDCT  : isDataAllowed: not allowed due to - Attached= false - SIM not loaded and not NV subscription
11-14 20:28:18.341  1123  1123 D GsmDCT  : [ApnContext:hipri] getDataProfile: mDataProfile=null
11-14 20:28:18.351  1123  1123 D GsmDCT  : isDataAllowed: not allowed due to - Attached= false - SIM not loaded and not NV subscription
11-14 20:28:18.351  1123  1123 D GsmDCT  : [ApnContext:ims] getDataProfile: mDataProfile=null
11-14 20:28:18.351  1123  1123 D GsmDCT  : isDataAllowed: not allowed due to - Attached= false - SIM not loaded and not NV subscription
11-14 20:28:18.351  1123  1123 D GsmDCT  : [ApnContext:default] getDataProfile: mDataProfile=null
11-14 20:28:18.351  1123  1123 D GsmDCT  : isDataAllowed: not allowed due to - Attached= false - SIM not loaded and not NV subscription
11-14 20:28:18.351  1123  1123 D GsmDCT  : [ApnContext:mms] getDataProfile: mDataProfile=null
11-14 20:28:18.361  1123  1123 D GsmDCT  : isDataAllowed: not allowed due to - Attached= false - SIM not loaded and not NV subscription
11-14 20:28:18.361  1123  1123 D GsmDCT  : [ApnContext:cbs] getDataProfile: mDataProfile=null
11-14 20:28:18.361  1123  1123 D GsmDCT  : handleMessage msg={ when=-152ms what=270348 obj=android.os.AsyncResult@41ff8980 target=com.android.internal.telephony.dataconnection.DcTracker }
11-14 20:28:18.361  1123  1123 D GsmDCT  : onRoamingOff
11-14 20:28:18.361  1123  1123 D GsmDCT  : isDataAllowed: not allowed due to - Attached= false - SIM not loaded and not NV subscription
11-14 20:28:18.361  1123  1123 D GsmDCT  : [ApnContext:fota] getDataProfile: mDataProfile=null
11-14 20:28:18.361  1123  1247 D RilRequest: [3679]< SIM_IO error: com.android.internal.telephony.CommandException: GENERIC_FAILURE ret=IccIoResponse sw1:0x6a sw2:0x82
11-14 20:28:18.361  1123  1123 D GsmDCT  : isDataAllowed: not allowed due to - Attached= false - SIM not loaded and not NV subscription
11-14 20:28:18.361  1123  1123 D GsmDCT  : [ApnContext:dun] getDataProfile: mDataProfile=null
11-14 20:28:18.361  1123  1123 D GsmDCT  : isDataAllowed: not allowed due to - Attached= false - SIM not loaded and not NV subscription
11-14 20:28:18.361  1123  1123 D GsmDCT  : [ApnContext:ia] getDataProfile: mDataProfile=null
11-14 20:28:18.371  1123  1123 D GsmDCT  : isDataAllowed: not allowed due to - Attached= false - SIM not loaded and not NV subscription
11-14 20:28:18.371  1123  1123 D GsmDCT  : [ApnContext:supl] getDataProfile: mDataProfile=null
11-14 20:28:18.371  1123  1123 D GsmDCT  : isDataAllowed: not allowed due to - Attached= false - SIM not loaded and not NV subscription
11-14 20:28:18.371  1123  1123 D GsmDCT  : [ApnContext:hipri] getDataProfile: mDataProfile=null
11-14 20:28:18.371  1123  1123 D GsmDCT  : isDataAllowed: not allowed due to - Attached= false - SIM not loaded and not NV subscription
11-14 20:28:18.371  1123  1123 D GsmDCT  : [ApnContext:ims] getDataProfile: mDataProfile=null
11-14 20:28:18.381  1123  1123 D GsmDCT  : isDataAllowed: not allowed due to - Attached= false - SIM not loaded and not NV subscription
11-14 20:28:18.381  1123  1123 D GsmDCT  : [ApnContext:default] getDataProfile: mDataProfile=null
11-14 20:28:18.381  1123  1123 D GsmDCT  : isDataAllowed: not allowed due to - Attached= false - SIM not loaded and not NV subscription
11-14 20:28:18.381  1123  1123 D GsmDCT  : [ApnContext:mms] getDataProfile: mDataProfile=null
11-14 20:28:18.381  1123  1123 D GsmDCT  : isDataAllowed: not allowed due to - Attached= false - SIM not loaded and not NV subscription
11-14 20:28:18.381  1123  1123 D GsmDCT  : [ApnContext:cbs] getDataProfile: mDataProfile=null
11-14 20:28:18.381  1123  1123 D GsmDCT  : setupDataOnConnectableApns: roamingOff
11-14 20:28:18.381  1123  1123 D GsmDCT  : setupDataOnConnectableApns: apnContext {mApnType=hipri mState=IDLE mWaitingDataProfiles={null} mWaitingApnsPermanentFailureCountDown=0 mDataProfile={null} mReason=dataEnabled mDataEnabled=false mDependencyMet=true}
11-14 20:28:18.381  1123  1123 D GsmDCT  : setupDataOnConnectableApns: apnContext {mApnType=mms mState=IDLE mWaitingDataProfiles={null} mWaitingApnsPermanentFailureCountDown=0 mDataProfile={null} mReason=dataEnabled mDataEnabled=false mDependencyMet=true}
11-14 20:28:18.381  1123  1123 D GsmDCT  : setupDataOnConnectableApns: apnContext {mApnType=supl mState=IDLE mWaitingDataProfiles={null} mWaitingApnsPermanentFailureCountDown=0 mDataProfile={null} mReason=dataEnabled mDataEnabled=false mDependencyMet=true}
11-14 20:28:18.381  1123  1123 D GsmDCT  : setupDataOnConnectableApns: apnContext {mApnType=cbs mState=IDLE mWaitingDataProfiles={null} mWaitingApnsPermanentFailureCountDown=0 mDataProfile={null} mReason=dataEnabled mDataEnabled=false mDependencyMet=true}
11-14 20:28:18.381  1123  1123 D GsmDCT  : setupDataOnConnectableApns: apnContext {mApnType=dun mState=IDLE mWaitingDataProfiles={null} mWaitingApnsPermanentFailureCountDown=0 mDataProfile={null} mReason=dataEnabled mDataEnabled=false mDependencyMet=true}
11-14 20:28:18.381  1123  1123 D GsmDCT  : setupDataOnConnectableApns: apnContext {mApnType=fota mState=IDLE mWaitingDataProfiles={null} mWaitingApnsPermanentFailureCountDown=0 mDataProfile={null} mReason=dataEnabled mDataEnabled=false mDependencyMet=true}
11-14 20:28:18.381  1123  1123 D GsmDCT  : setupDataOnConnectableApns: apnContext {mApnType=ims mState=IDLE mWaitingDataProfiles={null} mWaitingApnsPermanentFailureCountDown=0 mDataProfile={null} mReason=dataEnabled mDataEnabled=false mDependencyMet=true}
11-14 20:28:18.381  1123  1123 D GsmDCT  : setupDataOnConnectableApns: apnContext {mApnType=default mState=IDLE mWaitingDataProfiles={null} mWaitingApnsPermanentFailureCountDown=0 mDataProfile={null} mReason=dataEnabled mDataEnabled=true mDependencyMet=true}
11-14 20:28:18.381  1123  1123 D GsmDCT  : setupDataOnConnectableApns: isConnectable() call trySetupData
11-14 20:28:18.381  1123  1123 D GsmDCT  : trySetupData for type:default due to roamingOff apnContext={mApnType=default mState=IDLE mWaitingDataProfiles={null} mWaitingApnsPermanentFailureCountDown=0 mDataProfile={null} mReason=roamingOff mDataEnabled=true mDependencyMet=true}
11-14 20:28:18.381  1123  1123 D GsmDCT  : trySetupData with mIsPsRestricted=false
11-14 20:28:18.381  1123  1123 D GsmDCT  : isDataAllowed: not allowed due to - Attached= false - SIM not loaded and not NV subscription
11-14 20:28:18.381  1123  1123 D GsmDCT  : isDataAllowed: not allowed due to - Attached= false - SIM not loaded and not NV subscription
11-14 20:28:18.381  1123  1123 D GsmDCT  : [ApnContext:fota] getDataProfile: mDataProfile=null
11-14 20:28:18.401  1123  1123 D GsmDCT  : isDataAllowed: not allowed due to - Attached= false - SIM not loaded and not NV subscription
11-14 20:28:18.401  1123  1123 D GsmDCT  : [ApnContext:dun] getDataProfile: mDataProfile=null
11-14 20:28:18.401  1123  1123 D GsmDCT  : isDataAllowed: not allowed due to - Attached= false - SIM not loaded and not NV subscription
11-14 20:28:18.401  1123  1123 D GsmDCT  : [ApnContext:ia] getDataProfile: mDataProfile=null
11-14 20:28:18.401  1123  1123 D GsmDCT  : isDataAllowed: not allowed due to - Attached= false - SIM not loaded and not NV subscription
11-14 20:28:18.401  1123  1123 D GsmDCT  : [ApnContext:supl] getDataProfile: mDataProfile=null
11-14 20:28:18.401  1123  1123 D GsmDCT  : isDataAllowed: not allowed due to - Attached= false - SIM not loaded and not NV subscription
11-14 20:28:18.401  1123  1123 D GsmDCT  : [ApnContext:hipri] getDataProfile: mDataProfile=null
11-14 20:28:18.411  1123  1247 D RILJ    : [3680]< SIM_IO IccIoResponse sw1:0x90 sw2:0x0
11-14 20:28:18.411  1123  1247 D RilRequest: [3681]< SIM_IO error: com.android.internal.telephony.CommandException: GENERIC_FAILURE ret=IccIoResponse sw1:0x94 sw2:0x4
11-14 20:28:18.411  1123  1123 D GsmDCT  : isDataAllowed: not allowed due to - Attached= false - SIM not loaded and not NV subscription
11-14 20:28:18.411  1123  1123 D GsmDCT  : [ApnContext:ims] getDataProfile: mDataProfile=null
11-14 20:28:18.411  1123  1123 D GsmDCT  : isDataAllowed: not allowed due to - Attached= false - SIM not loaded and not NV subscription
11-14 20:28:18.411  1123  1123 D GsmDCT  : [ApnContext:default] getDataProfile: mDataProfile=null
11-14 20:28:18.411  1123  1123 D GsmDCT  : isDataAllowed: not allowed due to - Attached= false - SIM not loaded and not NV subscription
11-14 20:28:18.411  1123  1123 D GsmDCT  : [ApnContext:mms] getDataProfile: mDataProfile=null
11-14 20:28:18.421  1123  1123 D GsmDCT  : isDataAllowed: not allowed due to - Attached= false - SIM not loaded and not NV subscription
11-14 20:28:18.421  1123  1123 D GsmDCT  : [ApnContext:cbs] getDataProfile: mDataProfile=null
11-14 20:28:18.421  1123  1123 D GsmDCT  : trySetupData: X apnContext not 'ready' retValue=false
11-14 20:28:18.421  1123  1123 D GsmDCT  : setupDataOnConnectableApns: apnContext {mApnType=ia mState=IDLE mWaitingDataProfiles={null} mWaitingApnsPermanentFailureCountDown=0 mDataProfile={null} mReason=dataEnabled mDataEnabled=false mDependencyMet=true}
11-14 20:28:18.421  1123  1123 D GsmDCT  : handleMessage msg={ when=-211ms what=270376 obj=android.os.AsyncResult@41ff8e18 target=com.android.internal.telephony.dataconnection.DcTracker }
11-14 20:28:18.421  1123  1123 D GsmDCT  : onUpdateIcc: newIccRecords null
11-14 20:28:18.421  1123  1123 D RILJ    : [3699]> BASEBAND_VERSION
11-14 20:28:18.421  1123  1123 D RILJ    : [3700]> GET_IMEI
11-14 20:28:18.421  1123  1123 D RILJ    : [3701]> GET_IMEISV
11-14 20:28:18.421  1123  1247 D RILJ    : [3699]< BASEBAND_VERSION M8974A-2.0.50.1.16
11-14 20:28:18.421  1123  1123 D SIMRecords: [SIMRecords] IMSI: xxxxxxx
11-14 20:28:18.421  1123  1123 D SIMRecords: [SIMRecords] onRecordLoaded 15 requested: true
11-14 20:28:18.421  1123  1123 D RILJ    : [3702]> iccIO: SIM_IO 0xb0 0x2fe2  path: 3F00,0,0,10 aid: a0000000871002ff86ffff89ffffffff
11-14 20:28:18.421  1123  1247 D RILJ    : [3700]< GET_IMEI 
11-14 20:28:18.421  1123  1123 D RILJ    : setCurrentPreferredNetworkType: 10
11-14 20:28:18.421  1123  1123 D RILJ    : [3703]> REQUEST_SET_PREFERRED_NETWORK_TYPE : 10
11-14 20:28:18.431  1123  1123 D RILJ    : [3704]> OPERATOR
11-14 20:28:18.431  1123  1123 D RILJ    : [3705]> DATA_REGISTRATION_STATE
11-14 20:28:18.431  1123  1247 D RILJ    : [3701]< GET_IMEISV 
11-14 20:28:18.431  1123  1247 D RILJ    : [3703]< REQUEST_SET_PREFERRED_NETWORK_TYPE 
11-14 20:28:18.431  1123  1123 D RILJ    : [3706]> VOICE_REGISTRATION_STATE
11-14 20:28:18.431  1123  1247 D RILJ    : [3704]< OPERATOR {null, null, null}
11-14 20:28:18.431  1123  1123 D RILJ    : [3707]> QUERY_NETWORK_SELECTION_MODE
11-14 20:28:18.431  1123  1123 D RILJ    : [3708]> iccIO: SIM_IO 0xb2 0x6f40  path: 3F007FFF,1,4,28 aid: a0000000871002ff86ffff89ffffffff
11-14 20:28:18.431  1123  1247 D RILJ    : [3706]< VOICE_REGISTRATION_STATE {2, null, null, 0, null, null, null, 0, null, null, null, null, null, 0, null}
11-14 20:28:18.431  1123  1247 D RILJ    : [3707]< QUERY_NETWORK_SELECTION_MODE {0}
11-14 20:28:18.441  1123  1247 D RilRequest: [3682]< SIM_IO error: com.android.internal.telephony.CommandException: GENERIC_FAILURE ret=IccIoResponse sw1:0x6a sw2:0x82
11-14 20:28:18.441  1123  1247 D RILJ    : [3705]< DATA_REGISTRATION_STATE {0, null, null, null, 0, 20, null, 147, 4855663, null, null}
11-14 20:28:18.441  1123  1247 D RilRequest: [3683]< SIM_IO error: com.android.internal.telephony.CommandException: GENERIC_FAILURE ret=IccIoResponse sw1:0x94 sw2:0x4
11-14 20:28:18.441  1123  1123 D RILJ    : [3709]> iccIO: SIM_IO 0xb0 0x6fad  path: 3F007FFF,0,0,4 aid: a0000000871002ff86ffff89ffffffff
11-14 20:28:18.451  1123  1123 D GSMPhone: Baseband version: M8974A-2.0.50.1.16
11-14 20:28:18.451  1123  1123 D IccCardProxy: Broadcasting intent ACTION_SIM_STATE_CHANGED IMSI reason null
11-14 20:28:18.451  1123  1123 D PHONE   : [ServiceState] setVoiceRegState=1
11-14 20:28:18.451  1123  1123 E PHONE   : [ServiceState] setState deprecated use setVoiceRegState()
11-14 20:28:18.451  1123  1123 D PHONE   : [ServiceState] setDataRegState=1
11-14 20:28:18.451  1123  1123 D PHONE   : [ServiceState] setDataRadioTechnology=0
11-14 20:28:18.451  1123  1123 D GsmSST  : [GsmSST] handlPollStateResultMessage: GsmSST setDataRegState=1 regState=0 dataRadioTechnology=0
11-14 20:28:18.451  1123  1123 D GsmSST  : [GsmSST] Poll ServiceState done:  oldSS=[1 1 home null null null  Unknown Unknown CSS not supported 0 0 RoamInd=0 DefRoamInd=0 EmergOnly=false] newSS=[1 1 home null null null  Unknown Unknown CSS not supported 0 0 RoamInd=0 DefRoamInd=0 EmergOnly=false] oldMaxDataCalls=1 mNewMaxDataCalls=20 oldReasonDataDenied=-1 mNewReasonDataDenied=-1
11-14 20:28:18.451  1123  1123 D PHONE   : [ServiceState] setNullState=1
11-14 20:28:18.461  1123  1123 D RILJ    : [3710]> iccIO: SIM_IO 0xc0 0x6f17  path: 3F007FFF,0,0,15 aid: a0000000871002ff86ffff89ffffffff
11-14 20:28:18.461  1123  1123 D SIMRecords: [SIMRecords] onRecordLoaded 15 requested: true
11-14 20:28:18.461  1123  1247 D RilRequest: [3684]< SIM_IO error: com.android.internal.telephony.CommandException: GENERIC_FAILURE ret=IccIoResponse sw1:0x6a sw2:0x82
11-14 20:28:18.471  1123  1123 D SIMRecords: [SIMRecords] EF_MWIS : null
11-14 20:28:18.471  1123  1123 D SIMRecords: [SIMRecords] EVENT_GET_MWIS_DONE exception = com.android.internal.telephony.CommandException: GENERIC_FAILURE
11-14 20:28:18.471  1123  1123 D SIMRecords: [SIMRecords] onRecordLoaded 14 requested: true
11-14 20:28:18.471  1123  1123 D SIMRecords: [SIMRecords] EF_CPHS_MWI: null
11-14 20:28:18.471  1123  1123 D SIMRecords: [SIMRecords] EVENT_GET_VOICE_MAIL_INDICATOR_CPHS_DONE exception = com.android.internal.telephony.CommandException: GENERIC_FAILURE
11-14 20:28:18.471  1123  1123 D SIMRecords: [SIMRecords] onRecordLoaded 13 requested: true
11-14 20:28:18.471  1123  1123 D SIMRecords: [SIMRecords] onRecordLoaded 12 requested: true
11-14 20:28:18.471  1123  1123 D SIMRecords: [SIMRecords] onRecordLoaded 11 requested: true
11-14 20:28:18.481  1123  1247 D RILJ    : [3685]< SIM_IO IccIoResponse sw1:0x90 sw2:0x0
11-14 20:28:18.481  1123  1123 D RILJ    : [3711]> iccIO: SIM_IO 0xb0 0x6f46  path: 3F007FFF,0,0,17 aid: a0000000871002ff86ffff89ffffffff
11-14 20:28:18.511  1123  1247 D RilRequest: [3686]< SIM_IO error: com.android.internal.telephony.CommandException: GENERIC_FAILURE ret=IccIoResponse sw1:0x6a sw2:0x82
11-14 20:28:18.511  1123  1123 D SIMRecords: [SIMRecords] onRecordLoaded 10 requested: true
11-14 20:28:18.511  1123  1247 D RILJ    : [3709]< SIM_IO IccIoResponse sw1:0x90 sw2:0x0
11-14 20:28:18.511  1123  1123 D SIMRecords: [SIMRecords] EF_AD: 00000002
11-14 20:28:18.521  1123  1247 D RILJ    : [3687]< SIM_IO IccIoResponse sw1:0x90 sw2:0x0
11-14 20:28:18.561  1123  1123 D SIMRecords: [SIMRecords] onRecordLoaded 9 requested: true
11-14 20:28:18.561  1123  1123 D RILJ    : [3712]> iccIO: SIM_IO 0xb2 0x6fc5  path: 3F007FFF,1,4,14 aid: a0000000871002ff86ffff89ffffffff
11-14 20:28:18.571  1123  1247 D RILJ    : [3688]< SIM_IO IccIoResponse sw1:0x90 sw2:0x0
11-14 20:28:18.571  1123  1123 D RILJ    : [3713]> iccIO: SIM_IO 0xb0 0x6f38  path: 3F007FFF,0,0,10 aid: a0000000871002ff86ffff89ffffffff
11-14 20:28:18.601  1123  1247 D RilRequest: [3689]< SIM_IO error: com.android.internal.telephony.CommandException: GENERIC_FAILURE ret=IccIoResponse sw1:0x6a sw2:0x82
11-14 20:28:18.601  1123  1123 D SIMRecords: [SIMRecords] onRecordLoaded 8 requested: true
11-14 20:28:18.621  1123  1247 D RilRequest: [3690]< SIM_IO error: com.android.internal.telephony.CommandException: GENERIC_FAILURE ret=IccIoResponse sw1:0x6a sw2:0x82
11-14 20:28:18.621  1123  1123 E SIMRecords: [SIMRecords] Exception in fetching EF_CSP data com.android.internal.telephony.CommandException: GENERIC_FAILURE
11-14 20:28:18.621  1123  1123 D SIMRecords: [SIMRecords] onRecordLoaded 7 requested: true
11-14 20:28:18.641  1123  1247 D RILJ    : [3691]< SIM_IO IccIoResponse sw1:0x90 sw2:0x0
11-14 20:28:18.641  1123  1123 D RILJ    : [3714]> iccIO: SIM_IO 0xb0 0x6f3e  path: 3F007FFF,0,0,1 aid: a0000000871002ff86ffff89ffffffff
11-14 20:28:18.651  1123  1247 D RILJ    : [3692]< SIM_IO IccIoResponse sw1:0x90 sw2:0x0
11-14 20:28:18.661  1123  1123 D SIMRecords: [SIMRecords] EVENT_GET_SMS_RECORD_SIZE_DONE Size 176 total 8800 record 50
11-14 20:28:18.661  1123  1247 D RILJ    : [3702]< SIM_IO IccIoResponse sw1:0x90 sw2:0x0
11-14 20:28:18.661  1123  1123 D SIMRecords: [SIMRecords] iccid: 89860115921101579076
11-14 20:28:18.661  1123  1123 D SIMRecords: [SIMRecords] onRecordLoaded 6 requested: true
11-14 20:28:18.681  1123  1247 D RILJ    : [3708]< SIM_IO IccIoResponse sw1:0x90 sw2:0x0
11-14 20:28:18.701  1123  1123 D SipBroadcastReceiver: onReceive: start auto registration
11-14 20:28:18.701  1123  1123 D SIMRecords: [SIMRecords] MSISDN: xxxxxxx
11-14 20:28:18.701  1123  1123 D SIMRecords: [SIMRecords] onRecordLoaded 5 requested: true
11-14 20:28:18.711  1123  1247 D RilRequest: [3710]< SIM_IO error: com.android.internal.telephony.CommandException: GENERIC_FAILURE ret=IccIoResponse sw1:0x6a sw2:0x82
11-14 20:28:18.711  1123  1247 D RILJ    : [3711]< SIM_IO IccIoResponse sw1:0x90 sw2:0x0
11-14 20:28:18.711  1123  1123 D SIMRecords: [SIMRecords] Invalid or missing EF[MAILBOX]
11-14 20:28:18.711  1123  1123 D SIMRecords: [SIMRecords] onRecordLoaded 4 requested: true
11-14 20:28:18.711  1123  1247 D RILJ    : [3712]< SIM_IO IccIoResponse sw1:0x90 sw2:0x0
11-14 20:28:18.711  1123  1123 D SIMRecords: [SIMRecords] Load EF_SPN:  spnDisplayCondition: 0
11-14 20:28:18.711  1123  1247 D RILJ    : [3713]< SIM_IO IccIoResponse sw1:0x90 sw2:0x0
11-14 20:28:18.711  1123  1123 D SIMRecords: [SIMRecords] onRecordLoaded 3 requested: true
11-14 20:28:18.711  1123  1123 D SIMRecords: [SIMRecords] onRecordLoaded 2 requested: true
11-14 20:28:18.711  1123  1123 D SIMRecords: [SIMRecords] SST: UsimServiceTable[80]={ FDN, FDN_EXTENSION, SDN, SDN_EXTENSION, OUTGOING_CALL_INFO, INCOMING_CALL_INFO, SM_STORAGE, SM_STATUS_REPORTS, SM_SERVICE_PARAMS, ADVICE_OF_CHARGE, CAP_CONFIG_PARAMS_2, CB_MESSAGE_ID, CB_MESSAGE_ID_RANGES, GROUP_ID_LEVEL_1, GROUP_ID_LEVEL_2, SPN, USER_PLMN_SELECT, MSISDN, IMAGE, EMLPP, EMLPP_AUTO_ANSWER, GSM_ACCESS, DATA_DL_VIA_SMS_PP, DATA_DL_VIA_SMS_CB, CALL_CONTROL_BY_USIM, MO_SMS_CONTROL_BY_USIM, RUN_AT_COMMAND, IGNORED_1, ENABLED_SERVICES_TABLE, APN_CONTROL_LIST, DEPERSONALISATION_CONTROL_KEYS, COOPERATIVE_NETWORK_LIST, GSM_SECURITY_CONTEXT, CPBCCH_INFO, INVESTIGATION_SCAN, OPERATOR_PLMN_SELECT, HPLMN_SELECT, EXTENSION_5, PLMN_NETWORK_NAME, OPERATOR_PLMN_LIST, SERVICE_PROVIDER_DISPLAY_INFO, MMS_NOTIFICATION, MMS_NOTIFICATION_EXTENSION, MMS_CONNECTIVITY_PARAMS, NETWORK_INDICATION_OF_ALERTING, VGCS_GROUP_ID_LIST, VBS_GROUP_ID_LIST, EQUIVALENT_HPLMN, EQUIVALENT_HPLMN_PRESENTATION }
11-14 20:28:18.711  1123  1123 D SIMRecords: [SIMRecords] onRecordLoaded 1 requested: true
11-14 20:28:18.731  1123  1247 D RILJ    : [3714]< SIM_IO IccIoResponse sw1:0x90 sw2:0x0
11-14 20:28:18.731  1123  1123 D SIMRecords: [SIMRecords] GID1: ff
11-14 20:28:18.731  1123  1123 D SIMRecords: [SIMRecords] onRecordLoaded 0 requested: true
11-14 20:28:18.731  1123  1123 D SIMRecords: [SIMRecords] record load complete
11-14 20:28:18.731  1123  1123 D SIMRecords: [SIMRecords] onAllRecordsLoaded set 'gsm.apn.sim.operator.numeric' to operator='46001'
11-14 20:28:18.731  1123  1123 D IccCardProxy: updateproperty operator =46001
11-14 20:28:18.731  1123  1123 D IccCardProxy: Broadcasting intent ACTION_SIM_STATE_CHANGED LOADED reason null
11-14 20:28:18.851  1123  1123 D GSMPhone: updateCallForwardStatus got sim records
11-14 20:28:18.851  1123  1123 D PhoneBase: Voicemail count retrieval for Imsi = null current Imsi = 460011952973996 sub = 0
11-14 20:28:18.851  1123  1123 D GSMPhone: updateVoiceMail countVoiceMessages = 0
11-14 20:28:18.861  1123  1123 D GsmSST  : [GsmSST] EVENT_SIM_RECORDS_LOADED: what=16
11-14 20:28:18.861  1123  1123 D PhoneProxy: [PhoneProxy] updatePhoneObject: radioTechnology=0
11-14 20:28:18.861  1123  1123 D GsmSST  : [GsmSST] updateSpnDisplay: radio is on but out of service, set plmn='No service.'
11-14 20:28:18.861  1123  1123 D GsmSST  : [GsmSST] updateSpnDisplay: changed sending intent rule=3 showPlmn='true' plmn='No service.' showSpn='true' spn=''
11-14 20:28:18.871  1123  1123 D GSMPhone: Get callforwarding info from perferences
11-14 20:28:18.871  1123  1123 D GSMPhone: Callforwarding is false
11-14 20:28:18.871  1123  1123 D PhoneProxy: [PhoneProxy] phoneObjectUpdater: newVoiceRadioTech=0
11-14 20:28:18.871  1123  1123 D PhoneProxy: [PhoneProxy] phoneObjectUpdater: Unknown rat ignore,  newVoiceRadioTech=Unknown. mActivePhone=GSM
11-14 20:28:20.241  1123  1285 D CellBroadcastHandler: mWakeLock released
11-14 20:28:20.281  1123  1289 D CdmaServiceCategoryProgramHandler: mWakeLock released
11-14 20:28:20.321  1123  1268 D GsmInboundSmsHandler: Idle state processing message type 5
11-14 20:28:20.321  1123  1283 D CdmaInboundSmsHandler: Idle state processing message type 5
11-14 20:28:20.321  1123  1268 D GsmInboundSmsHandler: mWakeLock released
11-14 20:28:20.331  1123  1283 D CdmaInboundSmsHandler: mWakeLock released
11-14 20:28:21.241  1123  1404 D GsmCellBroadcastHandler: mWakeLock released
11-14 20:28:22.331  1123  1123 D CAT     : CatService: Return current sInstance
11-14 20:28:22.331  1123  1123 D CAT     : StkAppService: 5called on slot:0
11-14 20:28:22.331  1123  1976 D CAT     : StkAppService$ServiceHandler: OP_BOOT_COMPLETED
11-14 20:28:22.441  1123  1247 D RILJ    : [UNSL]< UNSOL_RESPONSE_VOICE_NETWORK_STATE_CHANGED
11-14 20:28:22.441  1123  1123 D RILJ    : [3715]> OPERATOR
11-14 20:28:22.441  1123  1123 D RILJ    : [3716]> DATA_REGISTRATION_STATE
11-14 20:28:22.441  1123  1123 D RILJ    : [3717]> VOICE_REGISTRATION_STATE
11-14 20:28:22.441  1123  1123 D RILJ    : [3718]> QUERY_NETWORK_SELECTION_MODE
11-14 20:28:22.441  1123  1247 D RILJ    : [3715]< OPERATOR {null, null, null}
11-14 20:28:22.451  1123  1247 D RILJ    : [3718]< QUERY_NETWORK_SELECTION_MODE {0}
11-14 20:28:22.451  1123  1247 D RILJ    : [3716]< DATA_REGISTRATION_STATE {2, null, null, null, 0, 20, null, null, null, null, null}
11-14 20:28:22.451  1123  1123 D PHONE   : [ServiceState] setDataRegState=1
11-14 20:28:22.451  1123  1123 D PHONE   : [ServiceState] setDataRadioTechnology=0
11-14 20:28:22.451  1123  1123 D GsmSST  : [GsmSST] handlPollStateResultMessage: GsmSST setDataRegState=1 regState=2 dataRadioTechnology=0
