11-14 20:42:12.116  3894  4024 I dvm_lock_sample: [uiautomator,0,UiAutomatorHandlerThread,131,QueryController.java,61,-,149,26]
11-14 20:42:13.336   650   897 I wm_task_moved: [63,1,1]
11-14 20:42:13.336   650   897 I wm_home_stack_moved: 0
11-14 20:42:13.336   650   897 I am_create_activity: [0,1106736064,63,com.android.settings/.SubSettings,android.intent.action.MAIN,NULL,NULL,0]
11-14 20:42:13.346   650   897 I am_pause_activity: [0,1106625344,com.android.settings/.Settings]
11-14 20:42:13.356  2479  2479 I am_on_paused_called: [0,com.android.settings.Settings]
11-14 20:42:13.356   650   897 I am_restart_activity: [0,1106736064,63,com.android.settings/.SubSettings]
11-14 20:42:13.426  2479  2479 I am_on_resume_called: [0,com.android.settings.SubSettings]
11-14 20:42:13.516   650   867 I am_activity_launch_time: [0,1106736064,com.android.settings/.SubSettings,157,157]
11-14 20:42:13.846   179   179 I sf_frame_dur: [com.android.settings/com.android.settings.Settings,100,13,3,1,1,1,2]
11-14 20:42:14.096   650   897 I am_finish_activity: [0,1106736064,63,com.android.settings/.SubSettings,app-request]
11-14 20:42:14.106   650   897 I am_pause_activity: [0,1106736064,com.android.settings/.SubSettings]
11-14 20:42:14.106  2479  2479 I am_on_paused_called: [0,com.android.settings.SubSettings]
11-14 20:42:14.106   650  1258 I am_resume_activity: [0,1106625344,63,com.android.settings/.Settings]
11-14 20:42:14.126  2479  2479 I am_on_resume_called: [0,com.android.settings.Settings]
11-14 20:42:14.556   650   870 I am_destroy_activity: [0,1106736064,63,com.android.settings/.SubSettings,finish-imm]
11-14 20:42:14.566   179   179 I sf_frame_dur: [com.android.settings/com.android.settings.SubSettings,0,1,0,0,0,0,0]
11-14 20:42:17.416   650  1207 I am_finish_activity: [0,1106625344,63,com.android.settings/.Settings,app-request]
11-14 20:42:17.416   650  1207 I wm_home_stack_moved: 1
11-14 20:42:17.416   650  1207 I wm_task_moved: [1,1,1]
11-14 20:42:17.416   650  1207 I wm_home_stack_moved: 1
11-14 20:42:17.456   650  1207 I am_pause_activity: [0,1106625344,com.android.settings/.Settings]
11-14 20:42:17.466  2479  2479 I am_on_paused_called: [0,com.android.settings.Settings]
11-14 20:42:17.466   650  1180 I am_resume_activity: [0,1108979816,1,com.cyanogenmod.trebuchet/org.cyanogenmod.trebuchet.CustomHomeLauncher]
11-14 20:42:17.486  1183  1183 I am_on_resume_called: [0,org.cyanogenmod.trebuchet.CustomHomeLauncher]
11-14 20:42:17.946   650   870 I am_destroy_activity: [0,1106625344,63,com.android.settings/.Settings,finish-imm]
11-14 20:42:17.976   179   179 I sf_frame_dur: [com.android.settings/com.android.settings.Settings,6,1,0,0,0,0,1]
11-14 20:42:18.696   650  1208 I am_create_task: [0,64]
11-14 20:42:18.696   650  1208 I am_create_activity: [0,1106726656,64,com.android.settings/.Settings,android.intent.action.MAIN,NULL,NULL,270532608]
11-14 20:42:18.696   650  1208 I wm_task_created: [64,2]
11-14 20:42:18.696   650  1208 I wm_task_moved: [64,1,2]
11-14 20:42:18.696   650  1208 I wm_home_stack_moved: 0
11-14 20:42:18.746   650  1208 I am_pause_activity: [0,1108979816,com.cyanogenmod.trebuchet/org.cyanogenmod.trebuchet.CustomHomeLauncher]
11-14 20:42:18.776  1183  1183 I am_on_paused_called: [0,org.cyanogenmod.trebuchet.CustomHomeLauncher]
11-14 20:42:18.796   650  1343 I am_restart_activity: [0,1106726656,64,com.android.settings/.Settings]
11-14 20:42:19.136   179   179 I sf_frame_dur: [com.cyanogenmod.trebuchet/org.cyanogenmod.trebuchet.CustomHomeLauncher,0,0,0,0,0,0,1]
11-14 20:42:20.396   650  1258 I wm_task_removed: [63,removeTask]
11-14 20:42:20.396   650  1258 I wm_task_removed: [63,removeAppToken: last token]
11-14 20:42:20.446  2479  2479 I am_on_resume_called: [0,com.android.settings.Settings]
11-14 20:42:20.526   650  1208 I am_create_service: [0,1109035192,.SearchPopulator,1000,2479]
11-14 20:42:20.596   650   867 I am_activity_launch_time: [0,1106726656,com.android.settings/.Settings,1805,1805]
11-14 20:42:20.616   650   668 I am_destroy_service: [0,1109035192,2479]
11-14 20:42:20.806   179   179 I sf_frame_dur: [Starting com.android.settings,0,1,0,0,0,0,0]
11-14 20:42:25.646  3894  4024 I dvm_lock_sample: [uiautomator,0,UiAutomatorHandlerThread,177,QueryController.java,61,-,149,35]
11-14 20:42:26.826   650  1182 I wm_task_moved: [64,1,1]
11-14 20:42:26.826   650  1182 I wm_home_stack_moved: 0
11-14 20:42:26.826   650  1182 I am_create_activity: [0,1106738272,64,com.android.settings/.SubSettings,android.intent.action.MAIN,NULL,NULL,0]
11-14 20:42:26.836   650  1182 I am_pause_activity: [0,1106726656,com.android.settings/.Settings]
11-14 20:42:26.866  2479  2479 I am_on_paused_called: [0,com.android.settings.Settings]
11-14 20:42:26.866   650  1207 I am_restart_activity: [0,1106738272,64,com.android.settings/.SubSettings]
11-14 20:42:26.916  2479  2479 I am_on_resume_called: [0,com.android.settings.SubSettings]
11-14 20:42:26.996   650   867 I am_activity_launch_time: [0,1106738272,com.android.settings/.SubSettings,125,125]
11-14 20:42:27.326   179   179 I sf_frame_dur: [com.android.settings/com.android.settings.Settings,107,8,3,0,2,1,2]
11-14 20:42:27.586   650  1258 I am_finish_activity: [0,1106738272,64,com.android.settings/.SubSettings,app-request]
11-14 20:42:27.586   650  1258 I am_pause_activity: [0,1106738272,com.android.settings/.SubSettings]
11-14 20:42:27.586  2479  2479 I am_on_paused_called: [0,com.android.settings.SubSettings]
11-14 20:42:27.586   650  1182 I am_resume_activity: [0,1106726656,64,com.android.settings/.Settings]
11-14 20:42:27.596  2479  2479 I am_on_resume_called: [0,com.android.settings.Settings]
11-14 20:42:28.006   650   870 I am_destroy_activity: [0,1106738272,64,com.android.settings/.SubSettings,finish-imm]
11-14 20:42:28.016   179   179 I sf_frame_dur: [com.android.settings/com.android.settings.SubSettings,2,0,0,0,1,0,0]
11-14 20:42:31.296   650  1208 I am_finish_activity: [0,1106726656,64,com.android.settings/.Settings,app-request]
11-14 20:42:31.296   650  1208 I wm_home_stack_moved: 1
11-14 20:42:31.296   650  1208 I wm_task_moved: [1,1,1]
11-14 20:42:31.296   650  1208 I wm_home_stack_moved: 1
11-14 20:42:31.336   650  1208 I am_pause_activity: [0,1106726656,com.android.settings/.Settings]
11-14 20:42:31.336  2479  2479 I am_on_paused_called: [0,com.android.settings.Settings]
11-14 20:42:31.346   650  1258 I am_resume_activity: [0,1108979816,1,com.cyanogenmod.trebuchet/org.cyanogenmod.trebuchet.CustomHomeLauncher]
11-14 20:42:31.366  1183  1183 I am_on_resume_called: [0,org.cyanogenmod.trebuchet.CustomHomeLauncher]
11-14 20:42:31.836   650   870 I am_destroy_activity: [0,1106726656,64,com.android.settings/.Settings,finish-imm]
11-14 20:42:31.846   179   179 I sf_frame_dur: [com.android.settings/com.android.settings.Settings,4,1,0,0,0,0,1]
11-14 20:42:32.516   650   668 I am_create_task: [0,65]
11-14 20:42:32.516   650   668 I am_create_activity: [0,1106625344,65,com.android.settings/.Settings,android.intent.action.MAIN,NULL,NULL,270532608]
11-14 20:42:32.516   650   668 I wm_task_created: [65,2]
11-14 20:42:32.516   650   668 I wm_task_moved: [65,1,2]
11-14 20:42:32.516   650   668 I wm_home_stack_moved: 0
11-14 20:42:32.566   650   668 I am_pause_activity: [0,1108979816,com.cyanogenmod.trebuchet/org.cyanogenmod.trebuchet.CustomHomeLauncher]
11-14 20:42:32.576  1183  1183 I am_on_paused_called: [0,org.cyanogenmod.trebuchet.CustomHomeLauncher]
11-14 20:42:32.576   650  1180 I am_restart_activity: [0,1106625344,65,com.android.settings/.Settings]
11-14 20:42:32.936   179   179 I sf_frame_dur: [com.cyanogenmod.trebuchet/org.cyanogenmod.trebuchet.CustomHomeLauncher,0,0,0,0,0,1,0]
11-14 20:42:34.306   650  1207 I wm_task_removed: [64,removeTask]
11-14 20:42:34.306   650  1207 I wm_task_removed: [64,removeAppToken: last token]
11-14 20:42:34.356  2479  2479 I am_on_resume_called: [0,com.android.settings.Settings]
11-14 20:42:34.446   650   898 I am_create_service: [0,1113400056,.SearchPopulator,1000,2479]
11-14 20:42:34.506   650   867 I am_activity_launch_time: [0,1106625344,com.android.settings/.Settings,1928,1928]
11-14 20:42:34.536   650  1182 I am_destroy_service: [0,1113400056,2479]
11-14 20:42:34.726   179   179 I sf_frame_dur: [Starting com.android.settings,1,0,0,0,0,0,0]
11-14 20:42:41.206   650   667 I wm_task_moved: [65,1,1]
11-14 20:42:41.206   650   667 I wm_home_stack_moved: 0
11-14 20:42:41.206   650   667 I am_create_activity: [0,1106738272,65,com.android.settings/.SubSettings,android.intent.action.MAIN,NULL,NULL,0]
11-14 20:42:41.216   650   667 I am_pause_activity: [0,1106625344,com.android.settings/.Settings]
11-14 20:42:41.256  2479  2479 I am_on_paused_called: [0,com.android.settings.Settings]
11-14 20:42:41.256   650  1208 I am_restart_activity: [0,1106738272,65,com.android.settings/.SubSettings]
11-14 20:42:41.326  2479  2479 I am_on_resume_called: [0,com.android.settings.SubSettings]
11-14 20:42:41.396   650   867 I am_activity_launch_time: [0,1106738272,com.android.settings/.SubSettings,141,141]
11-14 20:42:41.726   179   179 I sf_frame_dur: [com.android.settings/com.android.settings.Settings,102,13,1,0,3,2,2]
11-14 20:42:41.986   650   667 I am_finish_activity: [0,1106738272,65,com.android.settings/.SubSettings,app-request]
11-14 20:42:41.986   650   667 I am_pause_activity: [0,1106738272,com.android.settings/.SubSettings]
11-14 20:42:41.986  2479  2479 I am_on_paused_called: [0,com.android.settings.SubSettings]
11-14 20:42:41.996   650  1208 I am_resume_activity: [0,1106625344,65,com.android.settings/.Settings]
11-14 20:42:42.006  2479  2479 I am_on_resume_called: [0,com.android.settings.Settings]
11-14 20:42:42.416   650   870 I am_destroy_activity: [0,1106738272,65,com.android.settings/.SubSettings,finish-imm]
11-14 20:42:42.436   179   179 I sf_frame_dur: [com.android.settings/com.android.settings.SubSettings,0,1,0,0,0,0,0]
11-14 20:42:45.876   650  1208 I am_finish_activity: [0,1106625344,65,com.android.settings/.Settings,app-request]
11-14 20:42:45.886   650  1208 I wm_home_stack_moved: 1
11-14 20:42:45.886   650  1208 I wm_task_moved: [1,1,1]
11-14 20:42:45.886   650  1208 I wm_home_stack_moved: 1
11-14 20:42:45.926   650  1208 I am_pause_activity: [0,1106625344,com.android.settings/.Settings]
11-14 20:42:45.936  2479  2479 I am_on_paused_called: [0,com.android.settings.Settings]
11-14 20:42:45.936   650   898 I am_resume_activity: [0,1108979816,1,com.cyanogenmod.trebuchet/org.cyanogenmod.trebuchet.CustomHomeLauncher]
11-14 20:42:45.956  1183  1183 I am_on_resume_called: [0,org.cyanogenmod.trebuchet.CustomHomeLauncher]
11-14 20:42:46.416   650   870 I am_destroy_activity: [0,1106625344,65,com.android.settings/.Settings,finish-imm]
11-14 20:42:46.436   179   179 I sf_frame_dur: [com.android.settings/com.android.settings.Settings,6,1,2,0,0,0,2]
11-14 20:42:47.156   650   897 I am_create_task: [0,66]
11-14 20:42:47.156   650   897 I am_create_activity: [0,1106726656,66,com.android.settings/.Settings,android.intent.action.MAIN,NULL,NULL,270532608]
11-14 20:42:47.156   650   897 I wm_task_created: [66,2]
11-14 20:42:47.156   650   897 I wm_task_moved: [66,1,2]
11-14 20:42:47.156   650   897 I wm_home_stack_moved: 0
11-14 20:42:47.186   650   897 I am_pause_activity: [0,1108979816,com.cyanogenmod.trebuchet/org.cyanogenmod.trebuchet.CustomHomeLauncher]
11-14 20:42:47.206  1183  1183 I am_on_paused_called: [0,org.cyanogenmod.trebuchet.CustomHomeLauncher]
11-14 20:42:47.206   650  1343 I am_restart_activity: [0,1106726656,66,com.android.settings/.Settings]
11-14 20:42:47.556   179   179 I sf_frame_dur: [com.cyanogenmod.trebuchet/org.cyanogenmod.trebuchet.CustomHomeLauncher,0,0,0,0,0,0,1]
11-14 20:42:49.286   650  1208 I wm_task_removed: [65,removeTask]
11-14 20:42:49.286   650  1208 I wm_task_removed: [65,removeAppToken: last token]
11-14 20:42:49.346  2479  2479 I am_on_resume_called: [0,com.android.settings.Settings]
11-14 20:42:49.436   650  1207 I am_create_service: [0,1113320168,.SearchPopulator,1000,2479]
11-14 20:42:49.496   650   867 I am_activity_launch_time: [0,1106726656,com.android.settings/.Settings,2290,2290]
11-14 20:42:49.556   650  1208 I am_destroy_service: [0,1113320168,2479]
11-14 20:42:49.706   179   179 I sf_frame_dur: [Starting com.android.settings,0,1,0,0,0,0,0]
11-14 20:42:56.306   650  1208 I wm_task_moved: [66,1,1]
11-14 20:42:56.306   650  1208 I wm_home_stack_moved: 0
11-14 20:42:56.306   650  1208 I am_create_activity: [0,1106738272,66,com.android.settings/.SubSettings,android.intent.action.MAIN,NULL,NULL,0]
11-14 20:42:56.306   650  1208 I am_pause_activity: [0,1106726656,com.android.settings/.Settings]
11-14 20:42:56.346  2479  2479 I am_on_paused_called: [0,com.android.settings.Settings]
11-14 20:42:56.346   650  1258 I am_restart_activity: [0,1106738272,66,com.android.settings/.SubSettings]
11-14 20:42:56.416  2479  2479 I am_on_resume_called: [0,com.android.settings.SubSettings]
11-14 20:42:56.486   650   867 I am_activity_launch_time: [0,1106738272,com.android.settings/.SubSettings,134,134]
11-14 20:42:56.816   179   179 I sf_frame_dur: [com.android.settings/com.android.settings.Settings,101,7,3,1,2,3,1]
11-14 20:42:57.076   650   667 I am_finish_activity: [0,1106738272,66,com.android.settings/.SubSettings,app-request]
11-14 20:42:57.076   650   667 I am_pause_activity: [0,1106738272,com.android.settings/.SubSettings]
11-14 20:42:57.076  2479  2479 I am_on_paused_called: [0,com.android.settings.SubSettings]
11-14 20:42:57.076   650  1258 I am_resume_activity: [0,1106726656,66,com.android.settings/.Settings]
11-14 20:42:57.086  2479  2479 I am_on_resume_called: [0,com.android.settings.Settings]
11-14 20:42:57.496   650   870 I am_destroy_activity: [0,1106738272,66,com.android.settings/.SubSettings,finish-imm]
11-14 20:42:57.506   179   179 I sf_frame_dur: [com.android.settings/com.android.settings.SubSettings,1,0,0,0,1,0,0]
11-14 20:43:00.586   650   667 I am_finish_activity: [0,1106726656,66,com.android.settings/.Settings,app-request]
11-14 20:43:00.586   650   667 I wm_home_stack_moved: 1
11-14 20:43:00.586   650   667 I wm_task_moved: [1,1,1]
11-14 20:43:00.586   650   667 I wm_home_stack_moved: 1
11-14 20:43:00.626   650   667 I am_pause_activity: [0,1106726656,com.android.settings/.Settings]
11-14 20:43:00.636  2479  2479 I am_on_paused_called: [0,com.android.settings.Settings]
11-14 20:43:00.636   650   897 I am_resume_activity: [0,1108979816,1,com.cyanogenmod.trebuchet/org.cyanogenmod.trebuchet.CustomHomeLauncher]
11-14 20:43:00.646  1183  1183 I am_on_resume_called: [0,org.cyanogenmod.trebuchet.CustomHomeLauncher]
11-14 20:43:01.106   650   870 I am_destroy_activity: [0,1106726656,66,com.android.settings/.Settings,finish-imm]
11-14 20:43:01.126   179   179 I sf_frame_dur: [com.android.settings/com.android.settings.Settings,5,1,0,0,0,0,2]
11-14 20:43:01.836   650   897 I am_create_task: [0,67]
11-14 20:43:01.836   650   897 I am_create_activity: [0,1106738272,67,com.android.settings/.Settings,android.intent.action.MAIN,NULL,NULL,270532608]
11-14 20:43:01.836   650   897 I wm_task_created: [67,2]
11-14 20:43:01.836   650   897 I wm_task_moved: [67,1,2]
11-14 20:43:01.836   650   897 I wm_home_stack_moved: 0
11-14 20:43:01.886   650   897 I am_pause_activity: [0,1108979816,com.cyanogenmod.trebuchet/org.cyanogenmod.trebuchet.CustomHomeLauncher]
11-14 20:43:01.906  1183  1183 I am_on_paused_called: [0,org.cyanogenmod.trebuchet.CustomHomeLauncher]
11-14 20:43:01.906   650   667 I am_restart_activity: [0,1106738272,67,com.android.settings/.Settings]
11-14 20:43:02.246   179   179 I sf_frame_dur: [com.cyanogenmod.trebuchet/org.cyanogenmod.trebuchet.CustomHomeLauncher,0,0,0,0,0,0,1]
11-14 20:43:03.626   650  1208 I wm_task_removed: [66,removeTask]
11-14 20:43:03.636   650  1208 I wm_task_removed: [66,removeAppToken: last token]
11-14 20:43:03.676  2479  2479 I am_on_resume_called: [0,com.android.settings.Settings]
11-14 20:43:03.766   650  1207 I am_create_service: [0,1111082832,.SearchPopulator,1000,2479]
11-14 20:43:03.836   650   867 I am_activity_launch_time: [0,1106738272,com.android.settings/.Settings,1928,1928]
11-14 20:43:03.866   650  1208 I am_destroy_service: [0,1111082832,2479]
11-14 20:43:04.046   179   179 I sf_frame_dur: [Starting com.android.settings,0,1,0,0,0,0,0]
11-14 20:43:08.706  3894  4024 I dvm_lock_sample: [uiautomator,0,UiAutomatorHandlerThread,129,QueryController.java,61,-,149,25]
11-14 20:43:09.776   650  1180 I wm_task_moved: [67,1,1]
11-14 20:43:09.776   650  1180 I wm_home_stack_moved: 0
11-14 20:43:09.776   650  1180 I am_create_activity: [0,1107242152,67,com.android.settings/.SubSettings,android.intent.action.MAIN,NULL,NULL,0]
11-14 20:43:09.776   650  1180 I am_pause_activity: [0,1106738272,com.android.settings/.Settings]
11-14 20:43:09.796  2479  2479 I am_on_paused_called: [0,com.android.settings.Settings]
11-14 20:43:09.796   650   667 I am_restart_activity: [0,1107242152,67,com.android.settings/.SubSettings]
11-14 20:43:09.856  2479  2479 I am_on_resume_called: [0,com.android.settings.SubSettings]
11-14 20:43:09.936   650   867 I am_activity_launch_time: [0,1107242152,com.android.settings/.SubSettings,145,145]
11-14 20:43:10.306   179   179 I sf_frame_dur: [com.android.settings/com.android.settings.Settings,104,4,3,0,2,2,1]
11-14 20:43:10.536   650  1207 I am_finish_activity: [0,1107242152,67,com.android.settings/.SubSettings,app-request]
11-14 20:43:10.536   650  1207 I am_pause_activity: [0,1107242152,com.android.settings/.SubSettings]
11-14 20:43:10.546  2479  2479 I am_on_paused_called: [0,com.android.settings.SubSettings]
11-14 20:43:10.546   650   668 I am_resume_activity: [0,1106738272,67,com.android.settings/.Settings]
11-14 20:43:10.566  2479  2479 I am_on_resume_called: [0,com.android.settings.Settings]
11-14 20:43:10.976   650   870 I am_destroy_activity: [0,1107242152,67,com.android.settings/.SubSettings,finish-imm]
11-14 20:43:10.996   179   179 I sf_frame_dur: [com.android.settings/com.android.settings.SubSettings,0,1,0,0,1,0,0]
11-14 20:43:14.016   650   667 I am_finish_activity: [0,1106738272,67,com.android.settings/.Settings,app-request]
11-14 20:43:14.016   650   667 I wm_home_stack_moved: 1
11-14 20:43:14.016   650   667 I wm_task_moved: [1,1,1]
11-14 20:43:14.016   650   667 I wm_home_stack_moved: 1
11-14 20:43:14.066   650   667 I am_pause_activity: [0,1106738272,com.android.settings/.Settings]
11-14 20:43:14.076  2479  2479 I am_on_paused_called: [0,com.android.settings.Settings]
11-14 20:43:14.076   650  1343 I am_resume_activity: [0,1108979816,1,com.cyanogenmod.trebuchet/org.cyanogenmod.trebuchet.CustomHomeLauncher]
11-14 20:43:14.096  1183  1183 I am_on_resume_called: [0,org.cyanogenmod.trebuchet.CustomHomeLauncher]
11-14 20:43:14.566   650   870 I am_destroy_activity: [0,1106738272,67,com.android.settings/.Settings,finish-imm]
11-14 20:43:14.576   179   179 I sf_frame_dur: [com.android.settings/com.android.settings.Settings,6,0,0,0,0,0,1]
11-14 20:43:15.266   650   668 I am_create_task: [0,68]
11-14 20:43:15.266   650   668 I am_create_activity: [0,1106625344,68,com.android.settings/.Settings,android.intent.action.MAIN,NULL,NULL,270532608]
11-14 20:43:15.266   650   668 I wm_task_created: [68,2]
11-14 20:43:15.266   650   668 I wm_task_moved: [68,1,2]
11-14 20:43:15.266   650   668 I wm_home_stack_moved: 0
11-14 20:43:15.306   650   668 I am_pause_activity: [0,1108979816,com.cyanogenmod.trebuchet/org.cyanogenmod.trebuchet.CustomHomeLauncher]
11-14 20:43:15.316  1183  1183 I am_on_paused_called: [0,org.cyanogenmod.trebuchet.CustomHomeLauncher]
11-14 20:43:15.316   650  1207 I am_restart_activity: [0,1106625344,68,com.android.settings/.Settings]
11-14 20:43:15.676   179   179 I sf_frame_dur: [com.cyanogenmod.trebuchet/org.cyanogenmod.trebuchet.CustomHomeLauncher,0,0,0,0,0,0,1]
11-14 20:43:17.146   650  1207 I wm_task_removed: [67,removeTask]
11-14 20:43:17.146   650  1207 I wm_task_removed: [67,removeAppToken: last token]
11-14 20:43:17.196  2479  2479 I am_on_resume_called: [0,com.android.settings.Settings]
11-14 20:43:17.286   650  1343 I am_create_service: [0,1113360736,.SearchPopulator,1000,2479]
11-14 20:43:17.336   650   867 I am_activity_launch_time: [0,1106625344,com.android.settings/.Settings,2026,2026]
11-14 20:43:17.386   650  1207 I am_destroy_service: [0,1113360736,2479]
11-14 20:43:17.556   179   179 I sf_frame_dur: [Starting com.android.settings,1,0,0,0,0,0,0]
11-14 20:43:19.316   650   886 I dvm_lock_sample: [system_server,0,android.fg,21,MessageQueue.java,140,-,318,4]
11-14 20:43:23.596   650  1207 I wm_task_moved: [68,1,1]
11-14 20:43:23.596   650  1207 I wm_home_stack_moved: 0
11-14 20:43:23.606   650  1207 I am_create_activity: [0,1106736064,68,com.android.settings/.SubSettings,android.intent.action.MAIN,NULL,NULL,0]
11-14 20:43:23.606   650  1207 I am_pause_activity: [0,1106625344,com.android.settings/.Settings]
11-14 20:43:23.626  2479  2479 I am_on_paused_called: [0,com.android.settings.Settings]
11-14 20:43:23.636   650  1258 I am_restart_activity: [0,1106736064,68,com.android.settings/.SubSettings]
11-14 20:43:23.686  2479  2479 I am_on_resume_called: [0,com.android.settings.SubSettings]
11-14 20:43:23.756   650   867 I am_activity_launch_time: [0,1106736064,com.android.settings/.SubSettings,127,127]
11-14 20:43:24.096   179   179 I sf_frame_dur: [com.android.settings/com.android.settings.Settings,107,7,3,2,2,3,0]
11-14 20:43:24.346   650   897 I am_finish_activity: [0,1106736064,68,com.android.settings/.SubSettings,app-request]
11-14 20:43:24.346   650   897 I am_pause_activity: [0,1106736064,com.android.settings/.SubSettings]
11-14 20:43:24.346  2479  2479 I am_on_paused_called: [0,com.android.settings.SubSettings]
11-14 20:43:24.346   650  1343 I am_resume_activity: [0,1106625344,68,com.android.settings/.Settings]
11-14 20:43:24.356  2479  2479 I am_on_resume_called: [0,com.android.settings.Settings]
11-14 20:43:24.766   650   870 I am_destroy_activity: [0,1106736064,68,com.android.settings/.SubSettings,finish-imm]
11-14 20:43:24.776   179   179 I sf_frame_dur: [com.android.settings/com.android.settings.SubSettings,0,1,0,0,1,0,0]
11-14 20:43:27.936   650  1258 I am_finish_activity: [0,1106625344,68,com.android.settings/.Settings,app-request]
11-14 20:43:27.936   650  1258 I wm_home_stack_moved: 1
11-14 20:43:27.936   650  1258 I wm_task_moved: [1,1,1]
11-14 20:43:27.936   650  1258 I wm_home_stack_moved: 1
11-14 20:43:27.976   650  1258 I am_pause_activity: [0,1106625344,com.android.settings/.Settings]
11-14 20:43:27.986  2479  2479 I am_on_paused_called: [0,com.android.settings.Settings]
11-14 20:43:27.996   650  1208 I am_resume_activity: [0,1108979816,1,com.cyanogenmod.trebuchet/org.cyanogenmod.trebuchet.CustomHomeLauncher]
11-14 20:43:28.006  1183  1183 I am_on_resume_called: [0,org.cyanogenmod.trebuchet.CustomHomeLauncher]
11-14 20:43:28.466   650   870 I am_destroy_activity: [0,1106625344,68,com.android.settings/.Settings,finish-imm]
11-14 20:43:28.476   179   179 I sf_frame_dur: [com.android.settings/com.android.settings.Settings,4,1,0,0,0,0,1]
11-14 20:43:29.196   650  1343 I am_create_task: [0,69]
11-14 20:43:29.196   650  1343 I am_create_activity: [0,1106726656,69,com.android.settings/.Settings,android.intent.action.MAIN,NULL,NULL,270532608]
11-14 20:43:29.196   650  1343 I wm_task_created: [69,2]
11-14 20:43:29.196   650  1343 I wm_task_moved: [69,1,2]
11-14 20:43:29.196   650  1343 I wm_home_stack_moved: 0
11-14 20:43:29.226   650  1343 I am_pause_activity: [0,1108979816,com.cyanogenmod.trebuchet/org.cyanogenmod.trebuchet.CustomHomeLauncher]
11-14 20:43:29.236  1183  1183 I am_on_paused_called: [0,org.cyanogenmod.trebuchet.CustomHomeLauncher]
11-14 20:43:29.236   650   898 I am_restart_activity: [0,1106726656,69,com.android.settings/.Settings]
11-14 20:43:29.586   179   179 I sf_frame_dur: [com.cyanogenmod.trebuchet/org.cyanogenmod.trebuchet.CustomHomeLauncher,0,0,0,0,0,0,1]
11-14 20:43:31.286   650   668 I wm_task_removed: [68,removeTask]
11-14 20:43:31.286   650   668 I wm_task_removed: [68,removeAppToken: last token]
11-14 20:43:31.326  2479  2479 I am_on_resume_called: [0,com.android.settings.Settings]
11-14 20:43:31.416   650  1208 I am_create_service: [0,1111082832,.SearchPopulator,1000,2479]
11-14 20:43:31.476   650   867 I am_activity_launch_time: [0,1106726656,com.android.settings/.Settings,2239,2239]
11-14 20:43:31.536   650  1180 I am_destroy_service: [0,1111082832,2479]
11-14 20:43:31.686   179   179 I sf_frame_dur: [Starting com.android.settings,1,0,0,0,0,0,0]
11-14 20:43:36.286  3894  4024 I dvm_lock_sample: [uiautomator,0,UiAutomatorHandlerThread,84,QueryController.java,61,-,149,16]
11-14 20:43:38.086   650   898 I wm_task_moved: [69,1,1]
11-14 20:43:38.086   650   898 I wm_home_stack_moved: 0
11-14 20:43:38.086   650   898 I am_create_activity: [0,1106738272,69,com.android.settings/.SubSettings,android.intent.action.MAIN,NULL,NULL,0]
11-14 20:43:38.086   650   898 I am_pause_activity: [0,1106726656,com.android.settings/.Settings]
11-14 20:43:38.096  2479  2479 I am_on_paused_called: [0,com.android.settings.Settings]
11-14 20:43:38.096   650  1208 I am_restart_activity: [0,1106738272,69,com.android.settings/.SubSettings]
11-14 20:43:38.176  2479  2479 I am_on_resume_called: [0,com.android.settings.SubSettings]
11-14 20:43:38.276   650   867 I am_activity_launch_time: [0,1106738272,com.android.settings/.SubSettings,180,180]
11-14 20:43:38.616   179   179 I sf_frame_dur: [com.android.settings/com.android.settings.Settings,112,7,2,1,3,2,1]
11-14 20:43:38.856   650  1180 I am_finish_activity: [0,1106738272,69,com.android.settings/.SubSettings,app-request]
11-14 20:43:38.856   650  1180 I am_pause_activity: [0,1106738272,com.android.settings/.SubSettings]
11-14 20:43:38.866  2479  2479 I am_on_paused_called: [0,com.android.settings.SubSettings]
11-14 20:43:38.866   650   667 I am_resume_activity: [0,1106726656,69,com.android.settings/.Settings]
11-14 20:43:38.866  2479  2479 I am_on_resume_called: [0,com.android.settings.Settings]
11-14 20:43:39.276   650   870 I am_destroy_activity: [0,1106738272,69,com.android.settings/.SubSettings,finish-imm]
11-14 20:43:39.286   179   179 I sf_frame_dur: [com.android.settings/com.android.settings.SubSettings,2,0,0,0,1,0,0]
11-14 20:43:42.176   650   668 I am_finish_activity: [0,1106726656,69,com.android.settings/.Settings,app-request]
11-14 20:43:42.176   650   668 I wm_home_stack_moved: 1
11-14 20:43:42.176   650   668 I wm_task_moved: [1,1,1]
11-14 20:43:42.176   650   668 I wm_home_stack_moved: 1
11-14 20:43:42.216   650   668 I am_pause_activity: [0,1106726656,com.android.settings/.Settings]
11-14 20:43:42.226  2479  2479 I am_on_paused_called: [0,com.android.settings.Settings]
11-14 20:43:42.226   650  1258 I am_resume_activity: [0,1108979816,1,com.cyanogenmod.trebuchet/org.cyanogenmod.trebuchet.CustomHomeLauncher]
11-14 20:43:42.246  1183  1183 I am_on_resume_called: [0,org.cyanogenmod.trebuchet.CustomHomeLauncher]
11-14 20:43:42.706   650   870 I am_destroy_activity: [0,1106726656,69,com.android.settings/.Settings,finish-imm]
11-14 20:43:42.716   179   179 I sf_frame_dur: [com.android.settings/com.android.settings.Settings,5,0,0,0,0,0,1]
11-14 20:43:43.446   650  1208 I am_create_task: [0,70]
11-14 20:43:43.446   650  1208 I am_create_activity: [0,1106625344,70,com.android.settings/.Settings,android.intent.action.MAIN,NULL,NULL,270532608]
11-14 20:43:43.446   650  1208 I wm_task_created: [70,2]
11-14 20:43:43.446   650  1208 I wm_task_moved: [70,1,2]
11-14 20:43:43.446   650  1208 I wm_home_stack_moved: 0
11-14 20:43:43.496   650  1208 I am_pause_activity: [0,1108979816,com.cyanogenmod.trebuchet/org.cyanogenmod.trebuchet.CustomHomeLauncher]
11-14 20:43:43.516  1183  1183 I am_on_paused_called: [0,org.cyanogenmod.trebuchet.CustomHomeLauncher]
11-14 20:43:43.526   650  1180 I am_restart_activity: [0,1106625344,70,com.android.settings/.Settings]
11-14 20:43:43.856   179   179 I sf_frame_dur: [com.cyanogenmod.trebuchet/org.cyanogenmod.trebuchet.CustomHomeLauncher,0,0,0,0,0,0,1]
11-14 20:43:45.026   650  1207 I wm_task_removed: [69,removeTask]
11-14 20:43:45.026   650  1207 I wm_task_removed: [69,removeAppToken: last token]
11-14 20:43:45.066  2479  2479 I am_on_resume_called: [0,com.android.settings.Settings]
11-14 20:43:45.166   650   897 I am_create_service: [0,1111082832,.SearchPopulator,1000,2479]
11-14 20:43:45.216   650   867 I am_activity_launch_time: [0,1106625344,com.android.settings/.Settings,1690,1690]
11-14 20:43:45.256   650  1258 I am_destroy_service: [0,1111082832,2479]
11-14 20:43:45.426   179   179 I sf_frame_dur: [Starting com.android.settings,1,0,0,0,0,0,0]
11-14 20:43:51.366   650  1182 I wm_task_moved: [70,1,1]
11-14 20:43:51.366   650  1182 I wm_home_stack_moved: 0
11-14 20:43:51.366   650  1182 I am_create_activity: [0,1106738272,70,com.android.settings/.SubSettings,android.intent.action.MAIN,NULL,NULL,0]
11-14 20:43:51.366   650  1182 I am_pause_activity: [0,1106625344,com.android.settings/.Settings]
11-14 20:43:51.386  2479  2479 I am_on_paused_called: [0,com.android.settings.Settings]
11-14 20:43:51.386   650   667 I am_restart_activity: [0,1106738272,70,com.android.settings/.SubSettings]
11-14 20:43:51.476  2479  2479 I am_on_resume_called: [0,com.android.settings.SubSettings]
11-14 20:43:51.556   650   867 I am_activity_launch_time: [0,1106738272,com.android.settings/.SubSettings,171,171]
11-14 20:43:51.906   179   179 I sf_frame_dur: [com.android.settings/com.android.settings.Settings,104,9,4,1,2,3,1]
11-14 20:43:52.146   650  1258 I am_finish_activity: [0,1106738272,70,com.android.settings/.SubSettings,app-request]
11-14 20:43:52.146   650  1258 I am_pause_activity: [0,1106738272,com.android.settings/.SubSettings]
11-14 20:43:52.146  2479  2479 I am_on_paused_called: [0,com.android.settings.SubSettings]
11-14 20:43:52.146   650  1182 I am_resume_activity: [0,1106625344,70,com.android.settings/.Settings]
11-14 20:43:52.156  2479  2479 I am_on_resume_called: [0,com.android.settings.Settings]
11-14 20:43:52.576   650   870 I am_destroy_activity: [0,1106738272,70,com.android.settings/.SubSettings,finish-imm]
11-14 20:43:52.586   179   179 I sf_frame_dur: [com.android.settings/com.android.settings.SubSettings,0,1,0,0,0,0,0]
11-14 20:43:54.816   650   898 I am_finish_activity: [0,1106625344,70,com.android.settings/.Settings,app-request]
11-14 20:43:54.816   650   898 I wm_home_stack_moved: 1
11-14 20:43:54.816   650   898 I wm_task_moved: [1,1,1]
11-14 20:43:54.816   650   898 I wm_home_stack_moved: 1
11-14 20:43:54.856   650   898 I am_pause_activity: [0,1106625344,com.android.settings/.Settings]
11-14 20:43:54.866  2479  2479 I am_on_paused_called: [0,com.android.settings.Settings]
11-14 20:43:54.866   650   667 I am_resume_activity: [0,1108979816,1,com.cyanogenmod.trebuchet/org.cyanogenmod.trebuchet.CustomHomeLauncher]
11-14 20:43:54.876  1183  1183 I am_on_resume_called: [0,org.cyanogenmod.trebuchet.CustomHomeLauncher]
11-14 20:43:55.356   650   870 I am_destroy_activity: [0,1106625344,70,com.android.settings/.Settings,finish-imm]
11-14 20:43:55.366   179   179 I sf_frame_dur: [com.android.settings/com.android.settings.Settings,5,1,0,0,0,0,1]
11-14 20:43:56.136   650   667 I am_create_task: [0,71]
11-14 20:43:56.136   650   667 I am_create_activity: [0,1106726656,71,com.android.settings/.Settings,android.intent.action.MAIN,NULL,NULL,270532608]
11-14 20:43:56.136   650   667 I wm_task_created: [71,2]
11-14 20:43:56.136   650   667 I wm_task_moved: [71,1,2]
11-14 20:43:56.136   650   667 I wm_home_stack_moved: 0
11-14 20:43:56.166   650   667 I am_pause_activity: [0,1108979816,com.cyanogenmod.trebuchet/org.cyanogenmod.trebuchet.CustomHomeLauncher]
11-14 20:43:56.186  1183  1183 I am_on_paused_called: [0,org.cyanogenmod.trebuchet.CustomHomeLauncher]
11-14 20:43:56.186   650  1180 I am_restart_activity: [0,1106726656,71,com.android.settings/.Settings]
11-14 20:43:56.506   179   179 I sf_frame_dur: [com.cyanogenmod.trebuchet/org.cyanogenmod.trebuchet.CustomHomeLauncher,0,0,0,0,0,0,1]
11-14 20:43:58.196   650   668 I wm_task_removed: [70,removeTask]
11-14 20:43:58.196   650   668 I wm_task_removed: [70,removeAppToken: last token]
11-14 20:43:58.246  2479  2479 I am_on_resume_called: [0,com.android.settings.Settings]
11-14 20:43:58.346   650   898 I am_create_service: [0,1113360736,.SearchPopulator,1000,2479]
11-14 20:43:58.406   650   867 I am_activity_launch_time: [0,1106726656,com.android.settings/.Settings,2215,2215]
11-14 20:43:58.446   650  1343 I am_destroy_service: [0,1113360736,2479]
11-14 20:43:58.616   179   179 I sf_frame_dur: [Starting com.android.settings,1,0,0,0,0,0,0]
11-14 20:44:03.346  3894  4024 I dvm_lock_sample: [uiautomator,0,UiAutomatorHandlerThread,125,QueryController.java,61,-,149,25]
11-14 20:44:04.436   650   668 I wm_task_moved: [71,1,1]
11-14 20:44:04.436   650   668 I wm_home_stack_moved: 0
11-14 20:44:04.436   650   668 I am_create_activity: [0,1106738272,71,com.android.settings/.SubSettings,android.intent.action.MAIN,NULL,NULL,0]
11-14 20:44:04.436   650   668 I am_pause_activity: [0,1106726656,com.android.settings/.Settings]
11-14 20:44:04.446  2479  2479 I am_on_paused_called: [0,com.android.settings.Settings]
11-14 20:44:04.446   650  1208 I am_restart_activity: [0,1106738272,71,com.android.settings/.SubSettings]
11-14 20:44:04.506  2479  2479 I am_on_resume_called: [0,com.android.settings.SubSettings]
11-14 20:44:04.576   650   867 I am_activity_launch_time: [0,1106738272,com.android.settings/.SubSettings,121,121]
11-14 20:44:04.906   179   179 I sf_frame_dur: [com.android.settings/com.android.settings.Settings,105,7,4,1,1,2,1]
11-14 20:44:05.156   650   897 I am_finish_activity: [0,1106738272,71,com.android.settings/.SubSettings,app-request]
11-14 20:44:05.166   650   897 I am_pause_activity: [0,1106738272,com.android.settings/.SubSettings]
11-14 20:44:05.166  2479  2479 I am_on_paused_called: [0,com.android.settings.SubSettings]
11-14 20:44:05.166   650   668 I am_resume_activity: [0,1106726656,71,com.android.settings/.Settings]
11-14 20:44:05.176  2479  2479 I am_on_resume_called: [0,com.android.settings.Settings]
11-14 20:44:05.586   650   870 I am_destroy_activity: [0,1106738272,71,com.android.settings/.SubSettings,finish-imm]
11-14 20:44:05.596   179   179 I sf_frame_dur: [com.android.settings/com.android.settings.SubSettings,2,0,0,0,1,0,0]
11-14 20:44:09.036   650  1343 I am_finish_activity: [0,1106726656,71,com.android.settings/.Settings,app-request]
11-14 20:44:09.036   650  1343 I wm_home_stack_moved: 1
11-14 20:44:09.036   650  1343 I wm_task_moved: [1,1,1]
11-14 20:44:09.036   650  1343 I wm_home_stack_moved: 1
11-14 20:44:09.086   650  1343 I am_pause_activity: [0,1106726656,com.android.settings/.Settings]
11-14 20:44:09.096  2479  2479 I am_on_paused_called: [0,com.android.settings.Settings]
11-14 20:44:09.096   650  1258 I am_resume_activity: [0,1108979816,1,com.cyanogenmod.trebuchet/org.cyanogenmod.trebuchet.CustomHomeLauncher]
11-14 20:44:09.116  1183  1183 I am_on_resume_called: [0,org.cyanogenmod.trebuchet.CustomHomeLauncher]
11-14 20:44:09.586   650   870 I am_destroy_activity: [0,1106726656,71,com.android.settings/.Settings,finish-imm]
11-14 20:44:09.596   179   179 I sf_frame_dur: [com.android.settings/com.android.settings.Settings,5,1,0,0,0,0,2]
11-14 20:44:10.306   650   667 I am_create_task: [0,72]
11-14 20:44:10.306   650   667 I am_create_activity: [0,1106625344,72,com.android.settings/.Settings,android.intent.action.MAIN,NULL,NULL,270532608]
11-14 20:44:10.306   650   667 I wm_task_created: [72,2]
11-14 20:44:10.306   650   667 I wm_task_moved: [72,1,2]
11-14 20:44:10.306   650   667 I wm_home_stack_moved: 0
11-14 20:44:10.346   650   667 I am_pause_activity: [0,1108979816,com.cyanogenmod.trebuchet/org.cyanogenmod.trebuchet.CustomHomeLauncher]
11-14 20:44:10.386  1183  1183 I am_on_paused_called: [0,org.cyanogenmod.trebuchet.CustomHomeLauncher]
11-14 20:44:10.386   650  1182 I am_restart_activity: [0,1106625344,72,com.android.settings/.Settings]
11-14 20:44:10.696   179   179 I sf_frame_dur: [com.cyanogenmod.trebuchet/org.cyanogenmod.trebuchet.CustomHomeLauncher,0,0,0,0,0,0,1]
11-14 20:44:12.126   650  1180 I wm_task_removed: [71,removeTask]
11-14 20:44:12.126   650  1180 I wm_task_removed: [71,removeAppToken: last token]
11-14 20:44:12.186  2479  2479 I am_on_resume_called: [0,com.android.settings.Settings]
11-14 20:44:12.286   650  1180 I am_create_service: [0,1106450904,.SearchPopulator,1000,2479]
11-14 20:44:12.326   650   867 I am_activity_launch_time: [0,1106625344,com.android.settings/.Settings,1939,1939]
11-14 20:44:12.366   650   668 I am_destroy_service: [0,1106450904,2479]
11-14 20:44:12.536   179   179 I sf_frame_dur: [Starting com.android.settings,0,1,0,0,0,0,0]
11-14 20:44:18.356   650  1180 I wm_task_moved: [72,1,1]
11-14 20:44:18.356   650  1180 I wm_home_stack_moved: 0
11-14 20:44:18.356   650  1180 I am_create_activity: [0,1106738272,72,com.android.settings/.SubSettings,android.intent.action.MAIN,NULL,NULL,0]
11-14 20:44:18.356   650  1180 I am_pause_activity: [0,1106625344,com.android.settings/.Settings]
11-14 20:44:18.366  2479  2479 I am_on_paused_called: [0,com.android.settings.Settings]
11-14 20:44:18.376   650  1207 I am_restart_activity: [0,1106738272,72,com.android.settings/.SubSettings]
11-14 20:44:18.436  2479  2479 I am_on_resume_called: [0,com.android.settings.SubSettings]
11-14 20:44:18.516   650   867 I am_activity_launch_time: [0,1106738272,com.android.settings/.SubSettings,145,145]
11-14 20:44:18.866   179   179 I sf_frame_dur: [com.android.settings/com.android.settings.Settings,108,6,5,0,2,2,1]
11-14 20:44:19.096   650  1208 I am_finish_activity: [0,1106738272,72,com.android.settings/.SubSettings,app-request]
11-14 20:44:19.096   650  1208 I am_pause_activity: [0,1106738272,com.android.settings/.SubSettings]
11-14 20:44:19.106  2479  2479 I am_on_paused_called: [0,com.android.settings.SubSettings]
11-14 20:44:19.106   650  1180 I am_resume_activity: [0,1106625344,72,com.android.settings/.Settings]
11-14 20:44:19.106  2479  2479 I am_on_resume_called: [0,com.android.settings.Settings]
11-14 20:44:19.516   650   870 I am_destroy_activity: [0,1106738272,72,com.android.settings/.SubSettings,finish-imm]
11-14 20:44:19.536   179   179 I sf_frame_dur: [com.android.settings/com.android.settings.SubSettings,0,1,0,0,1,0,0]
11-14 20:44:22.666   650   897 I am_finish_activity: [0,1106625344,72,com.android.settings/.Settings,app-request]
11-14 20:44:22.666   650   897 I wm_home_stack_moved: 1
11-14 20:44:22.666   650   897 I wm_task_moved: [1,1,1]
11-14 20:44:22.666   650   897 I wm_home_stack_moved: 1
11-14 20:44:22.706   650   897 I am_pause_activity: [0,1106625344,com.android.settings/.Settings]
11-14 20:44:22.716  2479  2479 I am_on_paused_called: [0,com.android.settings.Settings]
11-14 20:44:22.716   650  1208 I am_resume_activity: [0,1108979816,1,com.cyanogenmod.trebuchet/org.cyanogenmod.trebuchet.CustomHomeLauncher]
11-14 20:44:22.736  1183  1183 I am_on_resume_called: [0,org.cyanogenmod.trebuchet.CustomHomeLauncher]
11-14 20:44:23.196   650   870 I am_destroy_activity: [0,1106625344,72,com.android.settings/.Settings,finish-imm]
11-14 20:44:23.216   179   179 I sf_frame_dur: [com.android.settings/com.android.settings.Settings,5,1,0,0,0,0,1]
11-14 20:44:23.936   650  1343 I am_create_task: [0,73]
11-14 20:44:23.936   650  1343 I am_create_activity: [0,1106726656,73,com.android.settings/.Settings,android.intent.action.MAIN,NULL,NULL,270532608]
11-14 20:44:23.936   650  1343 I wm_task_created: [73,2]
11-14 20:44:23.936   650  1343 I wm_task_moved: [73,1,2]
11-14 20:44:23.936   650  1343 I wm_home_stack_moved: 0
11-14 20:44:23.996   650  1343 I am_pause_activity: [0,1108979816,com.cyanogenmod.trebuchet/org.cyanogenmod.trebuchet.CustomHomeLauncher]
11-14 20:44:24.006  1183  1183 I am_on_paused_called: [0,org.cyanogenmod.trebuchet.CustomHomeLauncher]
11-14 20:44:24.026   650   898 I am_restart_activity: [0,1106726656,73,com.android.settings/.Settings]
11-14 20:44:24.336   179   179 I sf_frame_dur: [com.cyanogenmod.trebuchet/org.cyanogenmod.trebuchet.CustomHomeLauncher,0,0,0,0,0,0,1]
11-14 20:44:25.886   650  1208 I wm_task_removed: [72,removeTask]
11-14 20:44:25.886   650  1208 I wm_task_removed: [72,removeAppToken: last token]
11-14 20:44:25.936  2479  2479 I am_on_resume_called: [0,com.android.settings.Settings]
11-14 20:44:26.026   650   667 I am_create_service: [0,1107348600,.SearchPopulator,1000,2479]
11-14 20:44:26.086   650   867 I am_activity_launch_time: [0,1106726656,com.android.settings/.Settings,2060,2060]
11-14 20:44:26.146   650  1182 I am_destroy_service: [0,1107348600,2479]
11-14 20:44:26.296   179   179 I sf_frame_dur: [Starting com.android.settings,0,1,0,0,0,0,0]
11-14 20:44:32.776   650   668 I wm_task_moved: [73,1,1]
11-14 20:44:32.776   650   668 I wm_home_stack_moved: 0
11-14 20:44:32.776   650   668 I am_create_activity: [0,1106738272,73,com.android.settings/.SubSettings,android.intent.action.MAIN,NULL,NULL,0]
11-14 20:44:32.776   650   668 I am_pause_activity: [0,1106726656,com.android.settings/.Settings]
11-14 20:44:32.796  2479  2479 I am_on_paused_called: [0,com.android.settings.Settings]
11-14 20:44:32.796   650   898 I am_restart_activity: [0,1106738272,73,com.android.settings/.SubSettings]
11-14 20:44:32.876  2479  2479 I am_on_resume_called: [0,com.android.settings.SubSettings]
11-14 20:44:32.966   650   867 I am_activity_launch_time: [0,1106738272,com.android.settings/.SubSettings,164,164]
11-14 20:44:33.306   179   179 I sf_frame_dur: [com.android.settings/com.android.settings.Settings,104,10,5,1,2,1,2]
11-14 20:44:33.556   650   898 I am_finish_activity: [0,1106738272,73,com.android.settings/.SubSettings,app-request]
11-14 20:44:33.556   650   898 I am_pause_activity: [0,1106738272,com.android.settings/.SubSettings]
11-14 20:44:33.566  2479  2479 I am_on_paused_called: [0,com.android.settings.SubSettings]
11-14 20:44:33.566   650   668 I am_resume_activity: [0,1106726656,73,com.android.settings/.Settings]
11-14 20:44:33.576  2479  2479 I am_on_resume_called: [0,com.android.settings.Settings]
11-14 20:44:33.996   650   870 I am_destroy_activity: [0,1106738272,73,com.android.settings/.SubSettings,finish-imm]
11-14 20:44:34.006   179   179 I sf_frame_dur: [com.android.settings/com.android.settings.SubSettings,2,0,0,0,0,0,0]
11-14 20:44:37.456   650  1208 I am_finish_activity: [0,1106726656,73,com.android.settings/.Settings,app-request]
11-14 20:44:37.456   650  1208 I wm_home_stack_moved: 1
11-14 20:44:37.456   650  1208 I wm_task_moved: [1,1,1]
11-14 20:44:37.456   650  1208 I wm_home_stack_moved: 1
11-14 20:44:37.496   650  1208 I am_pause_activity: [0,1106726656,com.android.settings/.Settings]
11-14 20:44:37.506  2479  2479 I am_on_paused_called: [0,com.android.settings.Settings]
11-14 20:44:37.506   650  1182 I am_resume_activity: [0,1108979816,1,com.cyanogenmod.trebuchet/org.cyanogenmod.trebuchet.CustomHomeLauncher]
11-14 20:44:37.526  1183  1183 I am_on_resume_called: [0,org.cyanogenmod.trebuchet.CustomHomeLauncher]
11-14 20:44:38.006   650   870 I am_destroy_activity: [0,1106726656,73,com.android.settings/.Settings,finish-imm]
11-14 20:44:38.026   179   179 I sf_frame_dur: [com.android.settings/com.android.settings.Settings,7,0,0,0,0,0,1]
11-14 20:44:38.686   650  1207 I am_create_task: [0,74]
11-14 20:44:38.686   650  1207 I am_create_activity: [0,1106625344,74,com.android.settings/.Settings,android.intent.action.MAIN,NULL,NULL,270532608]
11-14 20:44:38.686   650  1207 I wm_task_created: [74,2]
11-14 20:44:38.686   650  1207 I wm_task_moved: [74,1,2]
11-14 20:44:38.686   650  1207 I wm_home_stack_moved: 0
11-14 20:44:38.746   650  1207 I am_pause_activity: [0,1108979816,com.cyanogenmod.trebuchet/org.cyanogenmod.trebuchet.CustomHomeLauncher]
11-14 20:44:38.766  1183  1183 I am_on_paused_called: [0,org.cyanogenmod.trebuchet.CustomHomeLauncher]
11-14 20:44:38.786   650  1208 I am_restart_activity: [0,1106625344,74,com.android.settings/.Settings]
11-14 20:44:39.126   179   179 I sf_frame_dur: [com.cyanogenmod.trebuchet/org.cyanogenmod.trebuchet.CustomHomeLauncher,0,0,0,0,0,1,0]
11-14 20:44:41.296   650   667 I wm_task_removed: [73,removeTask]
11-14 20:44:41.296   650   667 I wm_task_removed: [73,removeAppToken: last token]
11-14 20:44:41.346  2479  2479 I am_on_resume_called: [0,com.android.settings.Settings]
11-14 20:44:41.446   650  1207 I am_create_service: [0,1113320168,.SearchPopulator,1000,2479]
11-14 20:44:41.506   650   867 I am_activity_launch_time: [0,1106625344,com.android.settings/.Settings,2726,2726]
11-14 20:44:41.566   650  1208 I am_destroy_service: [0,1113320168,2479]
11-14 20:44:41.716   179   179 I sf_frame_dur: [Starting com.android.settings,0,1,0,0,0,0,0]
11-14 20:44:47.496   650  1208 I wm_task_moved: [74,1,1]
11-14 20:44:47.496   650  1208 I wm_home_stack_moved: 0
11-14 20:44:47.496   650  1208 I am_create_activity: [0,1106738272,74,com.android.settings/.SubSettings,android.intent.action.MAIN,NULL,NULL,0]
11-14 20:44:47.496   650  1208 I am_pause_activity: [0,1106625344,com.android.settings/.Settings]
11-14 20:44:47.506  2479  2479 I am_on_paused_called: [0,com.android.settings.Settings]
11-14 20:44:47.506   650   668 I am_restart_activity: [0,1106738272,74,com.android.settings/.SubSettings]
11-14 20:44:47.546  2479  2479 I am_on_resume_called: [0,com.android.settings.SubSettings]
11-14 20:44:47.626   650   867 I am_activity_launch_time: [0,1106738272,com.android.settings/.SubSettings,127,127]
11-14 20:44:47.996   179   179 I sf_frame_dur: [com.android.settings/com.android.settings.Settings,95,9,3,0,2,2,0]
11-14 20:44:48.206   650  1207 I am_finish_activity: [0,1106738272,74,com.android.settings/.SubSettings,app-request]
11-14 20:44:48.206   650  1207 I am_pause_activity: [0,1106738272,com.android.settings/.SubSettings]
11-14 20:44:48.216  2479  2479 I am_on_paused_called: [0,com.android.settings.SubSettings]
11-14 20:44:48.216   650   897 I am_resume_activity: [0,1106625344,74,com.android.settings/.Settings]
11-14 20:44:48.216  2479  2479 I am_on_resume_called: [0,com.android.settings.Settings]
11-14 20:44:48.636   650   870 I am_destroy_activity: [0,1106738272,74,com.android.settings/.SubSettings,finish-imm]
11-14 20:44:48.646   179   179 I sf_frame_dur: [com.android.settings/com.android.settings.SubSettings,0,1,0,0,0,0,0]
11-14 20:44:52.676   650  1180 I am_finish_activity: [0,1106625344,74,com.android.settings/.Settings,app-request]
11-14 20:44:52.676   650  1180 I wm_home_stack_moved: 1
11-14 20:44:52.676   650  1180 I wm_task_moved: [1,1,1]
11-14 20:44:52.676   650  1180 I wm_home_stack_moved: 1
11-14 20:44:52.726   650  1180 I am_pause_activity: [0,1106625344,com.android.settings/.Settings]
11-14 20:44:52.736  2479  2479 I am_on_paused_called: [0,com.android.settings.Settings]
11-14 20:44:52.736   650   668 I am_resume_activity: [0,1108979816,1,com.cyanogenmod.trebuchet/org.cyanogenmod.trebuchet.CustomHomeLauncher]
11-14 20:44:52.756  1183  1183 I am_on_resume_called: [0,org.cyanogenmod.trebuchet.CustomHomeLauncher]
11-14 20:44:53.236   650   870 I am_destroy_activity: [0,1106625344,74,com.android.settings/.Settings,finish-imm]
11-14 20:44:53.246   179   179 I sf_frame_dur: [com.android.settings/com.android.settings.Settings,6,1,0,0,0,0,1]
11-14 20:44:53.956   650   898 I am_create_task: [0,75]
11-14 20:44:53.956   650   898 I am_create_activity: [0,1106726656,75,com.android.settings/.Settings,android.intent.action.MAIN,NULL,NULL,270532608]
11-14 20:44:53.956   650   898 I wm_task_created: [75,2]
11-14 20:44:53.956   650   898 I wm_task_moved: [75,1,2]
11-14 20:44:53.956   650   898 I wm_home_stack_moved: 0
11-14 20:44:54.016   650   898 I am_pause_activity: [0,1108979816,com.cyanogenmod.trebuchet/org.cyanogenmod.trebuchet.CustomHomeLauncher]
11-14 20:44:54.036  1183  1183 I am_on_paused_called: [0,org.cyanogenmod.trebuchet.CustomHomeLauncher]
11-14 20:44:54.036   650  1208 I am_restart_activity: [0,1106726656,75,com.android.settings/.Settings]
11-14 20:44:54.386   179   179 I sf_frame_dur: [com.cyanogenmod.trebuchet/org.cyanogenmod.trebuchet.CustomHomeLauncher,0,0,0,0,0,0,1]
11-14 20:44:55.886   650  1182 I wm_task_removed: [74,removeTask]
11-14 20:44:55.886   650  1182 I wm_task_removed: [74,removeAppToken: last token]
11-14 20:44:55.936  2479  2479 I am_on_resume_called: [0,com.android.settings.Settings]
11-14 20:44:56.026   650   898 I am_create_service: [0,1111082832,.SearchPopulator,1000,2479]
11-14 20:44:56.076   650   867 I am_activity_launch_time: [0,1106726656,com.android.settings/.Settings,2042,2042]
11-14 20:44:56.116   650   898 I am_destroy_service: [0,1111082832,2479]
11-14 20:44:56.286   179   179 I sf_frame_dur: [Starting com.android.settings,1,0,0,0,0,0,0]
11-14 20:45:02.056   650  1207 I wm_task_moved: [75,1,1]
11-14 20:45:02.056   650  1207 I wm_home_stack_moved: 0
11-14 20:45:02.056   650  1207 I am_create_activity: [0,1106738272,75,com.android.settings/.SubSettings,android.intent.action.MAIN,NULL,NULL,0]
11-14 20:45:02.056   650  1207 I am_pause_activity: [0,1106726656,com.android.settings/.Settings]
11-14 20:45:02.086  2479  2479 I am_on_paused_called: [0,com.android.settings.Settings]
11-14 20:45:02.096   650   898 I am_restart_activity: [0,1106738272,75,com.android.settings/.SubSettings]
11-14 20:45:02.156  2479  2479 I am_on_resume_called: [0,com.android.settings.SubSettings]
11-14 20:45:02.236   650   867 I am_activity_launch_time: [0,1106738272,com.android.settings/.SubSettings,142,142]
11-14 20:45:02.566   179   179 I sf_frame_dur: [com.android.settings/com.android.settings.Settings,97,6,4,1,1,1,2]
11-14 20:45:02.826   650  1258 I am_finish_activity: [0,1106738272,75,com.android.settings/.SubSettings,app-request]
11-14 20:45:02.836   650  1258 I am_pause_activity: [0,1106738272,com.android.settings/.SubSettings]
