03-11 11:15:32.410   178   178 D RILD    : **RIL Daemon Started**
03-11 11:15:32.410   178   178 D RILD    : **RILd param count=1**
03-11 11:15:32.430   186   186 E use-Rlog/RLOG-Diag_Lib:  Diag_LSM_Init: Failed to open handle to diag driver, error = 2
03-11 11:15:32.440   185   185 E use-Rlog/RLOG-Diag_Lib:  Diag_LSM_Init: Failed to open handle to diag driver, error = 2
03-11 11:15:32.440   185   185 E use-Rlog/RLOG-Diag_Lib:  Diag_LSM_Init: Failed to open handle to diag driver, error = 2
03-11 11:15:32.440   188   188 E use-Rlog/RLOG-Diag_Lib:  Diag_LSM_Init: Failed to open handle to diag driver, error = 2
03-11 11:15:32.470   187   187 E use-Rlog/RLOG-Diag_Lib:  Diag_LSM_Init: Failed to open handle to diag driver, error = 2
11-14 20:28:07.352   178   178 E use-Rlog/RLOG-Diag_Lib:  Diag_LSM_Init: Failed to open handle to diag driver, error = 2
11-14 20:28:07.352   178   178 E RILQ    : (0/178): RIL[0][rild] qcril_log_init: Fail to initialize Diag for QCRIL logging
11-14 20:28:07.372   178   178 E RILC    : RIL_register: RIL version 9
11-14 20:28:07.372   178   303 E use-Rlog/RLOG-Diag_Lib:  Diag_LSM_Init: Failed to open handle to diag driver, error = 2
11-14 20:28:08.592   191   232 E use-Rlog/RLOG-Diag_Lib:  Diag_LSM_Init: Failed to open handle to diag driver, error = 2
11-14 20:28:08.592   196   196 E use-Rlog/RLOG-Diag_Lib:  Diag_LSM_Init: Failed to open handle to diag driver, error = 2
11-14 20:28:08.622   188   600 E use-Rlog/RLOG-Diag_Lib:  Diag_LSM_Init: Failed to open handle to diag driver, error = 2
11-14 20:28:09.632   180   180 D TelephonyManager: No /proc/cmdline exception=java.io.FileNotFoundException: /proc/cmdline: open failed: EACCES (Permission denied)
11-14 20:28:09.632   180   180 D TelephonyManager: /proc/cmdline=
11-14 20:28:10.382   178   303 E RILQ    : (0/178): RIL[0][main] qcril_qmi_init_core_client_handles: qcril_qmi_presence_init returned failure(31)
11-14 20:28:10.412   178   303 E RILQ    : (0/178): RIL[0][main] qcril_qmi_nas_retrieve_custom_emergency_numbers_configured_value: Invalid value for properties count 0
11-14 20:28:10.412   178   617 E RILQ    : (0/178): RIL[0] get_ecc_property_name: ecc list name : ril.ecclist.
11-14 20:28:10.412   178   303 E RILQ    : (0/178): RIL[0][main] qcril_sms_perform_transport_layer_info_initialization: error while retrieving transport layer reg info
11-14 20:28:10.432   178   303 E use-Rlog/RLOG-Diag_Lib:  Diag_LSM_Init: Failed to open handle to diag driver, error = 2
11-14 20:28:10.592   178   309 E RILQ    : (0/178): RIL[0][event] qcril_uim_update_pbm_card_event: PBM_HANDLE_CARD 397313 processing Failed!
11-14 20:28:10.592   178   309 E RILQ    : (0/178): RIL[0][event] qcril_uim_update_pbm_card_event: PBM_HANDLE_CARD 397314 processing Failed!
11-14 20:28:12.832   187   187 E use-Rlog/RLOG-Diag_Lib:  Diag_LSM_Init: Failed to open handle to diag driver, error = 2
11-14 20:28:14.222   182   182 E use-Rlog/RLOG-Diag_Lib:  Diag_LSM_Init: Failed to open handle to diag driver, error = 2
11-14 20:28:14.222   182   182 E use-Rlog/RLOG-Diag_Lib:  diagpkt_tbl_reg: Registration failed.
11-14 20:28:16.721   650  1114 E use-Rlog/RLOG-Diag_Lib:  Diag_LSM_Init: Failed to open handle to diag driver, error = 2
11-14 20:28:16.741   650   871 E use-Rlog/RLOG-Diag_Lib:  Diag_LSM_Init: Failed to open handle to diag driver, error = 2
11-14 20:28:17.071  1123  1123 D TelephonyManager: getLteOnCdmaMode=1 curVal=1 product_type='' lteOnCdmaProductType=''
11-14 20:28:17.071  1123  1123 I PhoneFactory: Network Mode set to 10
11-14 20:28:17.071  1123  1123 I PhoneFactory: Cdma Subscription set to 1
11-14 20:28:17.071  1123  1123 I PhoneFactory: RILClassname is RIL
11-14 20:28:17.081  1123  1123 D RILJ    : RIL(context, preferredNetworkType=10 cdmaSubscription=1)
11-14 20:28:17.091  1123  1123 D RILJ    : Starting RILReceiver
11-14 20:28:17.101   178   303 I RILC    : libril: new connection
11-14 20:28:17.101   178   303 I RILC    : RIL Daemon version: Qualcomm RIL 1.0
11-14 20:28:17.101  1123  1123 D UiccController: Creating UiccController
11-14 20:28:17.101  1123  1123 D TelephonyManager: getLteOnCdmaMode=1 curVal=1 product_type='' lteOnCdmaProductType=''
11-14 20:28:17.101  1123  1123 I PhoneFactory: Creating CDMALTEPhone
11-14 20:28:17.101  1123  1123 D TelephonyTester: register for intent action=com.android.internal.telephony.cdma.action_detached
11-14 20:28:17.101  1123  1123 D TelephonyTester: register for intent action=com.android.internal.telephony.cdma.action_attached
11-14 20:28:17.101  1123  1247 I RILJ    : Connected to 'rild' socket
11-14 20:28:17.101  1123  1247 D RILJ    : [UNSL]< UNSOL_RIL_CONNECTED {9}
11-14 20:28:17.101  1123  1247 D RILJ    : [3648]> RADIO_POWER off
11-14 20:28:17.111  1123  1247 D RILJ    : [3649]> REQUEST_SET_PREFERRED_NETWORK_TYPE : 10
11-14 20:28:17.111  1123  1247 D RILJ    : [3650]> RIL_REQUEST_CDMA_SET_SUBSCRIPTION_SOURCE : 1
11-14 20:28:17.121  1123  1123 D PhoneBase: mDoesRilSendMultipleCallRing=false
11-14 20:28:17.121  1123  1123 D PhoneBase: mCallRingDelay=3000
11-14 20:28:17.121  1123  1247 D RILJ    : [UNSL]< UNSOL_RESPONSE_RADIO_STATE_CHANGED RADIO_OFF
11-14 20:28:17.121  1123  1247 D RILJ    : [3651]> SCREEN_STATE: true
11-14 20:28:17.121  1123  1247 D RilRequest: [3649]< REQUEST_SET_PREFERRED_NETWORK_TYPE error: com.android.internal.telephony.CommandException: GENERIC_FAILURE ret=null
11-14 20:28:17.121  1123  1247 D RILJ    : [UNSL]< UNSOL_RESPONSE_VOICE_NETWORK_STATE_CHANGED
11-14 20:28:17.121  1123  1247 D RILJ    : [3648]< RADIO_POWER 
11-14 20:28:17.121  1123  1247 D RILJ    : [UNSL]< UNSOL_RESPONSE_RADIO_STATE_CHANGED RADIO_OFF
11-14 20:28:17.121  1123  1247 D RilRequest: [3650]< RIL_REQUEST_CDMA_SET_SUBSCRIPTION_SOURCE error: com.android.internal.telephony.CommandException: GENERIC_FAILURE ret=null
11-14 20:28:17.121  1123  1247 D RILJ    : [3651]< SCREEN_STATE 
11-14 20:28:17.131  1123  1123 D PhoneBase: mOosIsDisconnect=true
11-14 20:28:17.131  1123  1123 D CdmaSST : [CdmaLteSST] CdmaLteServiceStateTracker Constructors
11-14 20:28:17.131  1123  1123 D RILJ    : setPhoneType=2 old value=0
11-14 20:28:17.141  1123  1123 D         : DCT.constructor
11-14 20:28:17.151  1123  1123 D Dcc     : E ctor
11-14 20:28:17.151  1123  1123 D Dcc     : X ctor
11-14 20:28:17.151  1123  1123 D DcTesterFailBrinupAll: register for intent action=com.android.internal.telephony.dataconnection.action_fail_bringup
11-14 20:28:17.151  1123  1123 D DcTesterFailBrinupAll: register for intent action=com.android.internal.telephony.cdma.action_detached
11-14 20:28:17.151  1123  1123 D DcTesterFailBrinupAll: register for intent action=com.android.internal.telephony.cdma.action_attached
11-14 20:28:17.151  1123  1261 D DcTesterDeacativeAll: register for intent action=com.android.internal.telephony.dataconnection.action_deactivate_all
11-14 20:28:17.151  1123  1261 D DcTesterDeacativeAll: register for intent action=com.android.internal.telephony.cdma.action_detached
11-14 20:28:17.151  1123  1261 D Dcc     : DccDefaultState: msg.what=EVENT_RIL_CONNECTED mRilVersion=9
11-14 20:28:17.161  1123  1123 D CdmaDCT : CdmaDCT.constructor
11-14 20:28:17.161  1123  1123 D CdmaSST : [CdmaLteSST] notifyDataRegStateRilRadioTechnologyChanged: drs=1 rat=0
11-14 20:28:17.161  1123  1123 D CdmaDCT : initApnContexts: E
11-14 20:28:17.161  1123  1123 D CdmaDCT : initApnContexts: skipping unknown type=1
11-14 20:28:17.161  1123  1123 D CdmaDCT : initApnContexts: apnContext={mApnType=default mState=IDLE mWaitingDataProfiles={null} mWaitingApnsPermanentFailureCountDown=0 mDataProfile={null} mReason=dataEnabled mDataEnabled=true mDependencyMet=true}
11-14 20:28:17.161  1123  1123 D CdmaDCT : initApnContexts: apnContext={mApnType=mms mState=IDLE mWaitingDataProfiles={null} mWaitingApnsPermanentFailureCountDown=0 mDataProfile={null} mReason=dataEnabled mDataEnabled=false mDependencyMet=true}
11-14 20:28:17.161  1123  1123 D CdmaDCT : initApnContexts: apnContext={mApnType=supl mState=IDLE mWaitingDataProfiles={null} mWaitingApnsPermanentFailureCountDown=0 mDataProfile={null} mReason=dataEnabled mDataEnabled=false mDependencyMet=true}
11-14 20:28:17.161  1123  1123 D CdmaDCT : initApnContexts: apnContext={mApnType=dun mState=IDLE mWaitingDataProfiles={null} mWaitingApnsPermanentFailureCountDown=0 mDataProfile={null} mReason=dataEnabled mDataEnabled=false mDependencyMet=true}
11-14 20:28:17.161  1123  1123 D CdmaDCT : initApnContexts: apnContext={mApnType=hipri mState=IDLE mWaitingDataProfiles={null} mWaitingApnsPermanentFailureCountDown=0 mDataProfile={null} mReason=dataEnabled mDataEnabled=false mDependencyMet=true}
11-14 20:28:17.161  1123  1123 D CdmaDCT : initApnContexts: apnContext={mApnType=fota mState=IDLE mWaitingDataProfiles={null} mWaitingApnsPermanentFailureCountDown=0 mDataProfile={null} mReason=dataEnabled mDataEnabled=false mDependencyMet=true}
11-14 20:28:17.161  1123  1123 D CdmaDCT : initApnContexts: apnContext={mApnType=ims mState=IDLE mWaitingDataProfiles={null} mWaitingApnsPermanentFailureCountDown=0 mDataProfile={null} mReason=dataEnabled mDataEnabled=false mDependencyMet=true}
11-14 20:28:17.161  1123  1123 D CdmaDCT : initApnContexts: apnContext={mApnType=cbs mState=IDLE mWaitingDataProfiles={null} mWaitingApnsPermanentFailureCountDown=0 mDataProfile={null} mReason=dataEnabled mDataEnabled=false mDependencyMet=true}
11-14 20:28:17.161  1123  1123 D CdmaDCT : initApnContexts: apnContext={mApnType=ia mState=IDLE mWaitingDataProfiles={null} mWaitingApnsPermanentFailureCountDown=0 mDataProfile={null} mReason=dataEnabled mDataEnabled=false mDependencyMet=true}
11-14 20:28:17.161  1123  1123 D CdmaDCT : initApnContexts: skipping unknown type=7
11-14 20:28:17.161  1123  1123 D CdmaDCT : initApnContexts: X mApnContexts={fota={mApnType=fota mState=IDLE mWaitingDataProfiles={null} mWaitingApnsPermanentFailureCountDown=0 mDataProfile={null} mReason=dataEnabled mDataEnabled=false mDependencyMet=true}, dun={mApnType=dun mState=IDLE mWaitingDataProfiles={null} mWaitingApnsPermanentFailureCountDown=0 mDataProfile={null} mReason=dataEnabled mDataEnabled=false mDependencyMet=true}, ia={mApnType=ia mState=IDLE mWaitingDataProfiles={null} mWaitingApnsPermanentFailureCountDown=0 mDataProfile={null} mReason=dataEnabled mDataEnabled=false mDependencyMet=true}, supl={mApnType=supl mState=IDLE mWaitingDataProfiles={null} mWaitingApnsPermanentFailureCountDown=0 mDataProfile={null} mReason=dataEnabled mDataEnabled=false mDependencyMet=true}, hipri={mApnType=hipri mState=IDLE mWaitingDataProfiles={null} mWaitingApnsPermanentFailureCountDown=0 mDataProfile={null} mReason=dataEnabled mDataEnabled=false mDependencyMet=true}, ims={mApnType=ims mState=IDLE mWaitingDataProfiles={null} mWaitingApnsPermanentFailureCountDown=0 mDataProfile={null} mReason=dataEnabled mDataEnabled=false mDependencyMet=true}, default={mApnType=default mState=IDLE mWaitingDataProfiles={null} mWaitingApnsPermanentFailureCountDown=0 mDataProfile={null} mReason=dataEnabled mDataEnabled=true mDependencyMet=true}, mms={mApnType=mms mState=IDLE mWaitingDataProfiles={null} mWaitingApnsPermanentFailureCountDown=0 mDataProfile={null} mReason=dataEnabled mDataEnabled=false mDependencyMet=true}, cbs={mApnType=cbs mState=IDLE mWaitingDataProfiles={null} mWaitingApnsPermanentFailureCountDown=0 mDataProfile={null} mReason=dataEnabled mDataEnabled=false mDependencyMet=true}}
11-14 20:28:17.161  1123  1123 D CdmaDCT : SUPPORT_MPDN = true
11-14 20:28:17.161  1123  1123 D CdmaDCT : OMH_ENABLED = false
11-14 20:28:17.181  1123  1123 D CDMALTEPhone: init: operatorAlpha='' operatorNumeric=''
11-14 20:28:17.181  1123  1123 D CDMALTEPhone: init: APP_FAM_3GPP == NULL
11-14 20:28:17.181  1123  1123 D CDMALTEPhone: setIsoCountryProperty: clear 'gsm.sim.operator.iso-country'
11-14 20:28:17.181  1123  1123 D CDMALTEPhone: CDMAPhone: updateCurrentCarrierInProvider called
11-14 20:28:17.181  1123  1123 D PhoneBase: Voicemail count retrieval for Imsi = null current Imsi =  sub = 0
11-14 20:28:17.191  1123  1123 E RIL_ImsSms: getFormat should never be called from here!
11-14 20:28:17.191  1123  1123 D SMSDispatcher: SMSDispatcher: ctor mSmsCapable=true format=unknown mSmsSendDisabled=false
11-14 20:28:17.191  1123  1123 D RIL_ImsSms: ImsSMSDispatcher created
11-14 20:28:17.191  1123  1123 D SMSDispatcher: SMSDispatcher: ctor mSmsCapable=true format=3gpp2 mSmsSendDisabled=false
11-14 20:28:17.191  1123  1123 D CdmaSMSDispatcher: CdmaSMSDispatcher created
11-14 20:28:17.221  1123  1123 V WAP PUSH: bindService() for wappush manager succeeded
11-14 20:28:17.221  1123  1123 D GsmInboundSmsHandler: created InboundSmsHandler
11-14 20:28:17.231  1123  1123 V WAP PUSH: bindService() for wappush manager succeeded
11-14 20:28:17.231  1123  1123 D CdmaInboundSmsHandler: created InboundSmsHandler
11-14 20:28:17.281  1123  1123 D SMSDispatcher: SMSDispatcher: ctor mSmsCapable=true format=3gpp mSmsSendDisabled=false
11-14 20:28:17.281  1123  1123 D GsmSMSDispatcher: GsmSMSDispatcher created
11-14 20:28:17.281  1123  1298 D SmsBroadcastUndelivered: scanning raw table for undelivered messages
11-14 20:28:17.291  1123  1123 D IccCardProxy: Creating
11-14 20:28:17.291  1123  1123 D IccCardProxy: Broadcasting intent ACTION_SIM_STATE_CHANGED NOT_READY reason null
11-14 20:28:17.291  1123  1123 D IccCardProxy: Setting radio tech 1xRTT
11-14 20:28:17.291  1123  1123 D IccCardProxy: Switching to QuietMode.
11-14 20:28:17.291  1123  1123 D IccCardProxy: Broadcasting intent ACTION_SIM_STATE_CHANGED READY reason null
11-14 20:28:17.291  1123  1123 D IccCardProxy: updateQuietMode: QuietMode is true (app_type=2 cdmaSource=1)
11-14 20:28:17.291  1123  1123 D IccCardProxy: updateActiveRecord app type = 2mIccRecords = null
11-14 20:28:17.321  1123  1298 D SmsBroadcastUndelivered: finished scanning raw table in 34 ms
11-14 20:28:17.321  1123  1268 D GsmInboundSmsHandler: entering Idle state
11-14 20:28:17.321  1123  1283 D CdmaInboundSmsHandler: entering Idle state
11-14 20:28:17.391  1123  1123 I PhoneFactory: defaultSmsApplication: com.android.mms
11-14 20:28:17.471  1123  1123 D CallManager: registerPhone(CDMA Handler (com.android.internal.telephony.PhoneProxy) {41e88d40})
11-14 20:28:17.621  1123  1123 D CallManager: setAudioMode state = IDLE
11-14 20:28:17.621  1123  1123 D UiccController: EVENT_RADIO_UNAVAILABLE 
11-14 20:28:17.621  1123  1123 D UiccController: Disposing card
11-14 20:28:17.621  1123  1123 D RuimPhoneBookIM: [RuimPbInterfaceManager] Card update received: null
11-14 20:28:17.621  1123  1123 D RuimPhoneBookIM: [RuimPbInterfaceManager] Card is null. Cleanup
11-14 20:28:17.621  1123  1123 D CDMALTEPhone: can't find 3GPP2 application; trying APP_FAM_3GPP
11-14 20:28:17.621  1123  1123 D RILJ    : [3652]> RADIO_POWER on
11-14 20:28:17.621  1123  1123 D PHONE   : [ServiceState] setNullState=3
11-14 20:28:17.621  1123  1123 D CdmaSST : [CdmaLteSST] pollStateDone: lte 1 ss=[1 1 home null null null  Unknown Unknown CSS not supported 0 0 RoamInd=0 DefRoamInd=0 EmergOnly=false] newSS=[3 3 home null null null  Unknown Unknown CSS not supported -1 -1 RoamInd=-1 DefRoamInd=-1 EmergOnly=false]
11-14 20:28:17.621  1123  1123 D CdmaSST : [CdmaLteSST] pollStateDone: hasRegistered=false hasDeegistered=false hasCdmaDataConnectionAttached=false hasCdmaDataConnectionDetached=false hasCdmaDataConnectionChanged=true hasVoiceRadioTechnologyChanged= false hasDataRadioTechnologyChanged=false hasChanged=true hasRoamingOn=false hasRoamingOff=false hasLocationChanged=false has4gHandoff = false hasMultiApnSupport=false hasLostMultiApnSupport=false
11-14 20:28:17.621  1123  1123 D PHONE   : [ServiceState] setNullState=1
11-14 20:28:17.621  1123  1123 D PHONE   : [ServiceState] setNullState=1
11-14 20:28:17.621  1123  1123 D CdmaSST : [CdmaLteSST] operatorNumeric is null
11-14 20:28:17.631  1123  1123 D CdmaSST : [CdmaLteSST] notifyDataRegStateRilRadioTechnologyChanged: drs=3 rat=0
11-14 20:28:17.631  1123  1123 D CdmaSST : [CdmaLteSST] Iwlan feature available = false
11-14 20:28:17.631  1123  1123 D CdmaDCT : get all active apn types
11-14 20:28:17.631  1123  1123 D CdmaSST : [CdmaLteSST] pollStateDone: hasRegistered=false hasDeregistered=false cidChanged=true mCellInfo=CellInfoLte:{mRegistered=NO mTimeStampType=unknown mTimeStamp=9223372036854775807ns CellIdentityLte:{ mMcc=2147483647 mMnc=2147483647 mCi=2147483647 mPci=2147483647 mTac=2147483647} CellSignalStrengthLte: ss=2147483647 rsrp=2147483647 rsrq=2147483647 rssnr=2147483647 cqi=2147483647 ta=2147483647}
11-14 20:28:17.631  1123  1247 D RILJ    : [3652]< RADIO_POWER 
11-14 20:28:17.641   178   617 E RILQ    : (0/178): RIL[0][qmi_cb] get_ecc_property_name: ecc list name : ril.ecclist.
11-14 20:28:17.661  1123  1123 D CdmaSST : [CdmaLteSST] Iwlan feature available = false
11-14 20:28:17.661  1123  1123 D CdmaDCT : handleMessage msg={ when=-527ms what=270369 obj=android.os.AsyncResult@41e9a7e8 target=com.android.internal.telephony.dataconnection.DcTracker }
11-14 20:28:17.661  1123  1123 D CdmaDCT : onUpdateIcc: newIccRecords null
11-14 20:28:17.661  1123  1123 D CdmaDCT : onReceive: action=android.net.wifi.WIFI_STATE_CHANGED
11-14 20:28:17.661  1123  1123 D CdmaDCT : WIFI_STATE_CHANGED_ACTION: enabled=false mIsWifiConnected=false
11-14 20:28:17.661  1123  1123 D CdmaDCT : handleMessage msg={ when=-509ms what=270337 obj=android.os.AsyncResult@41ea0158 target=com.android.internal.telephony.dataconnection.DcTracker }
11-14 20:28:17.661  1123  1123 D CdmaDCT : onRadioAvailable
11-14 20:28:17.661  1123  1123 D CdmaDCT : overall state is IDLE
11-14 20:28:17.661  1123  1123 D CdmaDCT : handleMessage msg={ when=-509ms what=270342 obj=android.os.AsyncResult@41ea0208 target=com.android.internal.telephony.dataconnection.DcTracker }
11-14 20:28:17.661  1123  1123 D CdmaDCT : onRadioOffOrNotAvailable: is off and clean up all connections
11-14 20:28:17.661  1123  1123 D CdmaDCT : cleanUpAllConnections: tearDown=false reason=radioTurnedOff
11-14 20:28:17.671  1123  1123 D CdmaDCT : cleanUpConnection: E tearDown=false reason=radioTurnedOff apnContext={mApnType=fota mState=IDLE mWaitingDataProfiles={null} mWaitingApnsPermanentFailureCountDown=0 mDataProfile={null} mReason=radioTurnedOff mDataEnabled=false mDependencyMet=true}
11-14 20:28:17.671  1123  1123 D CDMALTEPhone: getDataConnectionState: Data is Out of Service. ret = DISCONNECTED
11-14 20:28:17.671  1123  1123 D CDMALTEPhone: getDataConnectionState apnType=fota ret=DISCONNECTED
11-14 20:28:17.671  1123  1123 D CdmaDCT : isDataAllowed: not allowed due to - Attached= false - SIM not loaded and not NV subscription
11-14 20:28:17.671  1123  1123 D CdmaDCT : [ApnContext:fota] getDataProfile: mDataProfile=null
11-14 20:28:17.671  1123  1247 D RILJ    : [UNSL]< UNSOL_RESPONSE_RADIO_STATE_CHANGED RADIO_ON
11-14 20:28:17.671  1123  1247 D RILJ    : [UNSL]< UNSOL_RESPONSE_VOICE_NETWORK_STATE_CHANGED
11-14 20:28:17.681  1123  1123 D CdmaDCT : cleanUpConnection: X tearDown=false reason=radioTurnedOff apnContext={mApnType=fota mState=IDLE mWaitingDataProfiles={null} mWaitingApnsPermanentFailureCountDown=0 mDataProfile={null} mReason=radioTurnedOff mDataEnabled=false mDependencyMet=true} dcac=null
11-14 20:28:17.681  1123  1123 D CdmaDCT : cleanUpConnection: E tearDown=false reason=radioTurnedOff apnContext={mApnType=dun mState=IDLE mWaitingDataProfiles={null} mWaitingApnsPermanentFailureCountDown=0 mDataProfile={null} mReason=radioTurnedOff mDataEnabled=false mDependencyMet=true}
11-14 20:28:17.681  1123  1123 D CDMALTEPhone: getDataConnectionState: Data is Out of Service. ret = DISCONNECTED
11-14 20:28:17.681  1123  1123 D CDMALTEPhone: getDataConnectionState apnType=dun ret=DISCONNECTED
11-14 20:28:17.681  1123  1123 D CdmaDCT : isDataAllowed: not allowed due to - Attached= false - SIM not loaded and not NV subscription
11-14 20:28:17.681  1123  1123 D CdmaDCT : [ApnContext:dun] getDataProfile: mDataProfile=null
11-14 20:28:17.681  1123  1123 D CdmaDCT : cleanUpConnection: X tearDown=false reason=radioTurnedOff apnContext={mApnType=dun mState=IDLE mWaitingDataProfiles={null} mWaitingApnsPermanentFailureCountDown=0 mDataProfile={null} mReason=radioTurnedOff mDataEnabled=false mDependencyMet=true} dcac=null
11-14 20:28:17.681  1123  1123 D CdmaDCT : cleanUpConnection: E tearDown=false reason=radioTurnedOff apnContext={mApnType=ia mState=IDLE mWaitingDataProfiles={null} mWaitingApnsPermanentFailureCountDown=0 mDataProfile={null} mReason=radioTurnedOff mDataEnabled=false mDependencyMet=true}
11-14 20:28:17.681  1123  1123 D CDMALTEPhone: getDataConnectionState: Data is Out of Service. ret = DISCONNECTED
11-14 20:28:17.681  1123  1123 D CDMALTEPhone: getDataConnectionState apnType=ia ret=DISCONNECTED
11-14 20:28:17.681  1123  1123 D CdmaDCT : isDataAllowed: not allowed due to - Attached= false - SIM not loaded and not NV subscription
11-14 20:28:17.681  1123  1123 D CdmaDCT : [ApnContext:ia] getDataProfile: mDataProfile=null
11-14 20:28:17.681  1123  1123 D CdmaDCT : cleanUpConnection: X tearDown=false reason=radioTurnedOff apnContext={mApnType=ia mState=IDLE mWaitingDataProfiles={null} mWaitingApnsPermanentFailureCountDown=0 mDataProfile={null} mReason=radioTurnedOff mDataEnabled=false mDependencyMet=true} dcac=null
11-14 20:28:17.681  1123  1123 D CdmaDCT : cleanUpConnection: E tearDown=false reason=radioTurnedOff apnContext={mApnType=supl mState=IDLE mWaitingDataProfiles={null} mWaitingApnsPermanentFailureCountDown=0 mDataProfile={null} mReason=radioTurnedOff mDataEnabled=false mDependencyMet=true}
11-14 20:28:17.681  1123  1123 D CDMALTEPhone: getDataConnectionState: Data is Out of Service. ret = DISCONNECTED
11-14 20:28:17.681  1123  1123 D CDMALTEPhone: getDataConnectionState apnType=supl ret=DISCONNECTED
11-14 20:28:17.681  1123  1123 D CdmaDCT : isDataAllowed: not allowed due to - Attached= false - SIM not loaded and not NV subscription
11-14 20:28:17.681  1123  1123 D CdmaDCT : [ApnContext:supl] getDataProfile: mDataProfile=null
11-14 20:28:17.681  1123  1123 D CdmaDCT : cleanUpConnection: X tearDown=false reason=radioTurnedOff apnContext={mApnType=supl mState=IDLE mWaitingDataProfiles={null} mWaitingApnsPermanentFailureCountDown=0 mDataProfile={null} mReason=radioTurnedOff mDataEnabled=false mDependencyMet=true} dcac=null
11-14 20:28:17.681  1123  1123 D CdmaDCT : cleanUpConnection: E tearDown=false reason=radioTurnedOff apnContext={mApnType=hipri mState=IDLE mWaitingDataProfiles={null} mWaitingApnsPermanentFailureCountDown=0 mDataProfile={null} mReason=radioTurnedOff mDataEnabled=false mDependencyMet=true}
11-14 20:28:17.681  1123  1123 D CDMALTEPhone: getDataConnectionState: Data is Out of Service. ret = DISCONNECTED
11-14 20:28:17.691  1123  1123 D CDMALTEPhone: getDataConnectionState apnType=hipri ret=DISCONNECTED
11-14 20:28:17.691  1123  1123 D CdmaDCT : isDataAllowed: not allowed due to - Attached= false - SIM not loaded and not NV subscription
11-14 20:28:17.691  1123  1123 D CdmaDCT : [ApnContext:hipri] getDataProfile: mDataProfile=null
11-14 20:28:17.691  1123  1123 D CdmaDCT : cleanUpConnection: X tearDown=false reason=radioTurnedOff apnContext={mApnType=hipri mState=IDLE mWaitingDataProfiles={null} mWaitingApnsPermanentFailureCountDown=0 mDataProfile={null} mReason=radioTurnedOff mDataEnabled=false mDependencyMet=true} dcac=null
11-14 20:28:17.691  1123  1123 D CdmaDCT : cleanUpConnection: E tearDown=false reason=radioTurnedOff apnContext={mApnType=ims mState=IDLE mWaitingDataProfiles={null} mWaitingApnsPermanentFailureCountDown=0 mDataProfile={null} mReason=radioTurnedOff mDataEnabled=false mDependencyMet=true}
11-14 20:28:17.691  1123  1123 D CDMALTEPhone: getDataConnectionState: Data is Out of Service. ret = DISCONNECTED
11-14 20:28:17.691  1123  1123 D CDMALTEPhone: getDataConnectionState apnType=ims ret=DISCONNECTED
11-14 20:28:17.691  1123  1123 D CdmaDCT : isDataAllowed: not allowed due to - Attached= false - SIM not loaded and not NV subscription
11-14 20:28:17.691  1123  1123 D CdmaDCT : [ApnContext:ims] getDataProfile: mDataProfile=null
11-14 20:28:17.691  1123  1123 D CdmaDCT : cleanUpConnection: X tearDown=false reason=radioTurnedOff apnContext={mApnType=ims mState=IDLE mWaitingDataProfiles={null} mWaitingApnsPermanentFailureCountDown=0 mDataProfile={null} mReason=radioTurnedOff mDataEnabled=false mDependencyMet=true} dcac=null
11-14 20:28:17.691  1123  1123 D CdmaDCT : cleanUpConnection: E tearDown=false reason=radioTurnedOff apnContext={mApnType=default mState=IDLE mWaitingDataProfiles={null} mWaitingApnsPermanentFailureCountDown=0 mDataProfile={null} mReason=radioTurnedOff mDataEnabled=true mDependencyMet=true}
11-14 20:28:17.691  1123  1123 D CDMALTEPhone: getDataConnectionState: Data is Out of Service. ret = DISCONNECTED
11-14 20:28:17.691  1123  1123 D CDMALTEPhone: getDataConnectionState apnType=default ret=DISCONNECTED
11-14 20:28:17.691  1123  1123 D CdmaDCT : isDataAllowed: not allowed due to - Attached= false - SIM not loaded and not NV subscription
11-14 20:28:17.691  1123  1123 D CdmaDCT : [ApnContext:default] getDataProfile: mDataProfile=null
11-14 20:28:17.701  1123  1123 D CdmaDCT : cleanUpConnection: X tearDown=false reason=radioTurnedOff apnContext={mApnType=default mState=IDLE mWaitingDataProfiles={null} mWaitingApnsPermanentFailureCountDown=0 mDataProfile={null} mReason=radioTurnedOff mDataEnabled=true mDependencyMet=true} dcac=null
11-14 20:28:17.701  1123  1123 D CdmaDCT : cleanUpConnection: E tearDown=false reason=radioTurnedOff apnContext={mApnType=mms mState=IDLE mWaitingDataProfiles={null} mWaitingApnsPermanentFailureCountDown=0 mDataProfile={null} mReason=radioTurnedOff mDataEnabled=false mDependencyMet=true}
11-14 20:28:17.701  1123  1123 D CDMALTEPhone: getDataConnectionState: Data is Out of Service. ret = DISCONNECTED
11-14 20:28:17.701  1123  1123 D CDMALTEPhone: getDataConnectionState apnType=mms ret=DISCONNECTED
11-14 20:28:17.701  1123  1123 D CdmaDCT : isDataAllowed: not allowed due to - Attached= false - SIM not loaded and not NV subscription
11-14 20:28:17.701  1123  1123 D CdmaDCT : [ApnContext:mms] getDataProfile: mDataProfile=null
11-14 20:28:17.701  1123  1123 D CdmaDCT : cleanUpConnection: X tearDown=false reason=radioTurnedOff apnContext={mApnType=mms mState=IDLE mWaitingDataProfiles={null} mWaitingApnsPermanentFailureCountDown=0 mDataProfile={null} mReason=radioTurnedOff mDataEnabled=false mDependencyMet=true} dcac=null
11-14 20:28:17.701  1123  1123 D CdmaDCT : cleanUpConnection: E tearDown=false reason=radioTurnedOff apnContext={mApnType=cbs mState=IDLE mWaitingDataProfiles={null} mWaitingApnsPermanentFailureCountDown=0 mDataProfile={null} mReason=radioTurnedOff mDataEnabled=false mDependencyMet=true}
11-14 20:28:17.701  1123  1123 D CDMALTEPhone: getDataConnectionState: Data is Out of Service. ret = DISCONNECTED
11-14 20:28:17.701  1123  1123 D CDMALTEPhone: getDataConnectionState apnType=cbs ret=DISCONNECTED
11-14 20:28:17.701  1123  1123 D CdmaDCT : isDataAllowed: not allowed due to - Attached= false - SIM not loaded and not NV subscription
11-14 20:28:17.701  1123  1123 D CdmaDCT : [ApnContext:cbs] getDataProfile: mDataProfile=null
11-14 20:28:17.711  1123  1123 D CdmaDCT : cleanUpConnection: X tearDown=false reason=radioTurnedOff apnContext={mApnType=cbs mState=IDLE mWaitingDataProfiles={null} mWaitingApnsPermanentFailureCountDown=0 mDataProfile={null} mReason=radioTurnedOff mDataEnabled=false mDependencyMet=true} dcac=null
11-14 20:28:17.711  1123  1123 D CdmaDCT : stopNetStatPoll
11-14 20:28:17.711  1123  1123 D CdmaDCT : stopDataStallAlarm: current tag=13626 mDataStallAlarmIntent=null
11-14 20:28:17.711  1123  1123 D CdmaDCT : isDataAllowed: not allowed due to - Attached= false - SIM not loaded and not NV subscription
11-14 20:28:17.711  1123  1123 D CdmaDCT : [ApnContext:fota] getDataProfile: mDataProfile=null
11-14 20:28:17.711  1123  1123 D CdmaDCT : isDataAllowed: not allowed due to - Attached= false - SIM not loaded and not NV subscription
11-14 20:28:17.711  1123  1123 D CdmaDCT : [ApnContext:dun] getDataProfile: mDataProfile=null
11-14 20:28:17.711  1123  1123 D CdmaDCT : isDataAllowed: not allowed due to - Attached= false - SIM not loaded and not NV subscription
11-14 20:28:17.711  1123  1123 D CdmaDCT : [ApnContext:ia] getDataProfile: mDataProfile=null
11-14 20:28:17.721  1123  1123 D CdmaDCT : isDataAllowed: not allowed due to - Attached= false - SIM not loaded and not NV subscription
11-14 20:28:17.721  1123  1123 D CdmaDCT : [ApnContext:supl] getDataProfile: mDataProfile=null
11-14 20:28:17.731  1123  1123 D CdmaDCT : isDataAllowed: not allowed due to - Attached= false - SIM not loaded and not NV subscription
11-14 20:28:17.731  1123  1123 D CdmaDCT : [ApnContext:hipri] getDataProfile: mDataProfile=null
11-14 20:28:17.731  1123  1123 D CdmaDCT : isDataAllowed: not allowed due to - Attached= false - SIM not loaded and not NV subscription
11-14 20:28:17.731  1123  1123 D CdmaDCT : [ApnContext:ims] getDataProfile: mDataProfile=null
11-14 20:28:17.741  1123  1123 D CdmaDCT : isDataAllowed: not allowed due to - Attached= false - SIM not loaded and not NV subscription
11-14 20:28:17.741  1123  1123 D CdmaDCT : [ApnContext:default] getDataProfile: mDataProfile=null
11-14 20:28:17.751  1123  1123 D CdmaDCT : isDataAllowed: not allowed due to - Attached= false - SIM not loaded and not NV subscription
11-14 20:28:17.751  1123  1123 D CdmaDCT : [ApnContext:mms] getDataProfile: mDataProfile=null
11-14 20:28:17.751  1123  1123 D CdmaDCT : isDataAllowed: not allowed due to - Attached= false - SIM not loaded and not NV subscription
11-14 20:28:17.751  1123  1123 D CdmaDCT : [ApnContext:cbs] getDataProfile: mDataProfile=null
11-14 20:28:17.751  1123  1123 D CdmaDCT : handleMessage msg={ when=-599ms what=270345 obj=android.os.AsyncResult@41ea04e0 target=com.android.internal.telephony.dataconnection.DcTracker }
11-14 20:28:17.751  1123  1123 D CdmaDCT : onDataConnectionDetached: stop polling and notify detached
11-14 20:28:17.751  1123  1123 D CdmaDCT : stopNetStatPoll
11-14 20:28:17.751  1123  1123 D CdmaDCT : stopDataStallAlarm: current tag=13627 mDataStallAlarmIntent=null
11-14 20:28:17.751  1123  1123 D CdmaDCT : notifyDataConnection: reason=dataDetached
11-14 20:28:17.761  1123  1123 D CdmaDCT : isDataAllowed: not allowed due to - Attached= false - SIM not loaded and not NV subscription
11-14 20:28:17.761  1123  1123 D CdmaDCT : [ApnContext:fota] getDataProfile: mDataProfile=null
11-14 20:28:17.761  1123  1123 D CdmaDCT : isDataAllowed: not allowed due to - Attached= false - SIM not loaded and not NV subscription
11-14 20:28:17.761  1123  1123 D CdmaDCT : [ApnContext:dun] getDataProfile: mDataProfile=null
11-14 20:28:17.761  1123  1123 D CdmaDCT : isDataAllowed: not allowed due to - Attached= false - SIM not loaded and not NV subscription
11-14 20:28:17.761  1123  1123 D CdmaDCT : [ApnContext:ia] getDataProfile: mDataProfile=null
11-14 20:28:17.761  1123  1123 D CdmaDCT : isDataAllowed: not allowed due to - Attached= false - SIM not loaded and not NV subscription
11-14 20:28:17.761  1123  1123 D CdmaDCT : [ApnContext:supl] getDataProfile: mDataProfile=null
11-14 20:28:17.771  1123  1123 D CdmaDCT : isDataAllowed: not allowed due to - Attached= false - SIM not loaded and not NV subscription
11-14 20:28:17.771  1123  1123 D CdmaDCT : [ApnContext:hipri] getDataProfile: mDataProfile=null
11-14 20:28:17.771  1123  1123 D CdmaDCT : isDataAllowed: not allowed due to - Attached= false - SIM not loaded and not NV subscription
11-14 20:28:17.771  1123  1123 D CdmaDCT : [ApnContext:ims] getDataProfile: mDataProfile=null
11-14 20:28:17.771  1123  1123 D CdmaDCT : isDataAllowed: not allowed due to - Attached= false - SIM not loaded and not NV subscription
11-14 20:28:17.771  1123  1123 D CdmaDCT : [ApnContext:default] getDataProfile: mDataProfile=null
11-14 20:28:17.771  1123  1123 D CdmaDCT : isDataAllowed: not allowed due to - Attached= false - SIM not loaded and not NV subscription
11-14 20:28:17.771  1123  1123 D CdmaDCT : [ApnContext:mms] getDataProfile: mDataProfile=null
11-14 20:28:17.781  1123  1123 D CdmaDCT : isDataAllowed: not allowed due to - Attached= false - SIM not loaded and not NV subscription
11-14 20:28:17.781  1123  1123 D CdmaDCT : [ApnContext:cbs] getDataProfile: mDataProfile=null
11-14 20:28:17.781  1123  1123 D CdmaDCT : handleMessage msg={ when=-625ms what=270348 obj=android.os.AsyncResult@41ea0638 target=com.android.internal.telephony.dataconnection.DcTracker }
11-14 20:28:17.781  1123  1123 D CdmaDCT : onRoamingOff
11-14 20:28:17.781  1123  1123 D CdmaDCT : isDataAllowed: not allowed due to - Attached= false - SIM not loaded and not NV subscription
11-14 20:28:17.781  1123  1123 D CdmaDCT : [ApnContext:fota] getDataProfile: mDataProfile=null
11-14 20:28:17.791  1123  1123 D CdmaDCT : isDataAllowed: not allowed due to - Attached= false - SIM not loaded and not NV subscription
11-14 20:28:17.791  1123  1123 D CdmaDCT : [ApnContext:dun] getDataProfile: mDataProfile=null
11-14 20:28:17.791  1123  1123 D CdmaDCT : isDataAllowed: not allowed due to - Attached= false - SIM not loaded and not NV subscription
11-14 20:28:17.791  1123  1123 D CdmaDCT : [ApnContext:ia] getDataProfile: mDataProfile=null
11-14 20:28:17.801  1123  1123 D CdmaDCT : isDataAllowed: not allowed due to - Attached= false - SIM not loaded and not NV subscription
11-14 20:28:17.801  1123  1123 D CdmaDCT : [ApnContext:supl] getDataProfile: mDataProfile=null
11-14 20:28:17.801  1123  1123 D CdmaDCT : isDataAllowed: not allowed due to - Attached= false - SIM not loaded and not NV subscription
11-14 20:28:17.801  1123  1123 D CdmaDCT : [ApnContext:hipri] getDataProfile: mDataProfile=null
11-14 20:28:17.811  1123  1123 D CdmaDCT : isDataAllowed: not allowed due to - Attached= false - SIM not loaded and not NV subscription
11-14 20:28:17.811  1123  1123 D CdmaDCT : [ApnContext:ims] getDataProfile: mDataProfile=null
11-14 20:28:17.811  1123  1123 D CdmaDCT : isDataAllowed: not allowed due to - Attached= false - SIM not loaded and not NV subscription
11-14 20:28:17.811  1123  1123 D CdmaDCT : [ApnContext:default] getDataProfile: mDataProfile=null
11-14 20:28:17.851  1123  1123 D CdmaDCT : isDataAllowed: not allowed due to - Attached= false - SIM not loaded and not NV subscription
11-14 20:28:17.851  1123  1123 D CdmaDCT : [ApnContext:mms] getDataProfile: mDataProfile=null
11-14 20:28:17.851  1123  1123 D CdmaDCT : isDataAllowed: not allowed due to - Attached= false - SIM not loaded and not NV subscription
11-14 20:28:17.851  1123  1123 D CdmaDCT : [ApnContext:cbs] getDataProfile: mDataProfile=null
11-14 20:28:17.851  1123  1123 D CdmaDCT : setupDataOnConnectableApns: roamingOff
11-14 20:28:17.851  1123  1123 D CdmaDCT : setupDataOnConnectableApns: apnContext {mApnType=hipri mState=IDLE mWaitingDataProfiles={null} mWaitingApnsPermanentFailureCountDown=0 mDataProfile={null} mReason=radioTurnedOff mDataEnabled=false mDependencyMet=true}
11-14 20:28:17.851  1123  1123 D CdmaDCT : setupDataOnConnectableApns: apnContext {mApnType=mms mState=IDLE mWaitingDataProfiles={null} mWaitingApnsPermanentFailureCountDown=0 mDataProfile={null} mReason=radioTurnedOff mDataEnabled=false mDependencyMet=true}
11-14 20:28:17.851  1123  1123 D CdmaDCT : setupDataOnConnectableApns: apnContext {mApnType=supl mState=IDLE mWaitingDataProfiles={null} mWaitingApnsPermanentFailureCountDown=0 mDataProfile={null} mReason=radioTurnedOff mDataEnabled=false mDependencyMet=true}
11-14 20:28:17.851  1123  1123 D CdmaDCT : setupDataOnConnectableApns: apnContext {mApnType=cbs mState=IDLE mWaitingDataProfiles={null} mWaitingApnsPermanentFailureCountDown=0 mDataProfile={null} mReason=radioTurnedOff mDataEnabled=false mDependencyMet=true}
11-14 20:28:17.851  1123  1123 D CdmaDCT : setupDataOnConnectableApns: apnContext {mApnType=dun mState=IDLE mWaitingDataProfiles={null} mWaitingApnsPermanentFailureCountDown=0 mDataProfile={null} mReason=radioTurnedOff mDataEnabled=false mDependencyMet=true}
11-14 20:28:17.851  1123  1123 D CdmaDCT : setupDataOnConnectableApns: apnContext {mApnType=fota mState=IDLE mWaitingDataProfiles={null} mWaitingApnsPermanentFailureCountDown=0 mDataProfile={null} mReason=radioTurnedOff mDataEnabled=false mDependencyMet=true}
11-14 20:28:17.851  1123  1123 D CdmaDCT : setupDataOnConnectableApns: apnContext {mApnType=ims mState=IDLE mWaitingDataProfiles={null} mWaitingApnsPermanentFailureCountDown=0 mDataProfile={null} mReason=radioTurnedOff mDataEnabled=false mDependencyMet=true}
11-14 20:28:17.861  1123  1123 D CdmaDCT : setupDataOnConnectableApns: apnContext {mApnType=default mState=IDLE mWaitingDataProfiles={null} mWaitingApnsPermanentFailureCountDown=0 mDataProfile={null} mReason=radioTurnedOff mDataEnabled=true mDependencyMet=true}
11-14 20:28:17.861  1123  1123 D CdmaDCT : setupDataOnConnectableApns: isConnectable() call trySetupData
11-14 20:28:17.861  1123  1123 D CdmaDCT : trySetupData for type:default due to roamingOff apnContext={mApnType=default mState=IDLE mWaitingDataProfiles={null} mWaitingApnsPermanentFailureCountDown=0 mDataProfile={null} mReason=roamingOff mDataEnabled=true mDependencyMet=true}
11-14 20:28:17.861  1123  1123 D CdmaDCT : trySetupData with mIsPsRestricted=false
11-14 20:28:17.861  1123  1123 D CdmaDCT : isDataAllowed: not allowed due to - Attached= false - SIM not loaded and not NV subscription
11-14 20:28:17.861  1123  1123 D CdmaDCT : isDataAllowed: not allowed due to - Attached= false - SIM not loaded and not NV subscription
11-14 20:28:17.861  1123  1123 D CdmaDCT : [ApnContext:fota] getDataProfile: mDataProfile=null
11-14 20:28:17.861  1123  1123 D CdmaDCT : isDataAllowed: not allowed due to - Attached= false - SIM not loaded and not NV subscription
11-14 20:28:17.861  1123  1123 D CdmaDCT : [ApnContext:dun] getDataProfile: mDataProfile=null
11-14 20:28:17.871  1123  1123 D CdmaDCT : isDataAllowed: not allowed due to - Attached= false - SIM not loaded and not NV subscription
11-14 20:28:17.871  1123  1123 D CdmaDCT : [ApnContext:ia] getDataProfile: mDataProfile=null
11-14 20:28:17.871  1123  1123 D CdmaDCT : isDataAllowed: not allowed due to - Attached= false - SIM not loaded and not NV subscription
11-14 20:28:17.871  1123  1123 D CdmaDCT : [ApnContext:supl] getDataProfile: mDataProfile=null
11-14 20:28:17.871  1123  1123 D CdmaDCT : isDataAllowed: not allowed due to - Attached= false - SIM not loaded and not NV subscription
11-14 20:28:17.871  1123  1123 D CdmaDCT : [ApnContext:hipri] getDataProfile: mDataProfile=null
11-14 20:28:17.871  1123  1123 D CdmaDCT : isDataAllowed: not allowed due to - Attached= false - SIM not loaded and not NV subscription
11-14 20:28:17.871  1123  1123 D CdmaDCT : [ApnContext:ims] getDataProfile: mDataProfile=null
11-14 20:28:17.881  1123  1123 D CdmaDCT : isDataAllowed: not allowed due to - Attached= false - SIM not loaded and not NV subscription
11-14 20:28:17.881  1123  1123 D CdmaDCT : [ApnContext:default] getDataProfile: mDataProfile=null
11-14 20:28:17.881  1123  1123 D CdmaDCT : isDataAllowed: not allowed due to - Attached= false - SIM not loaded and not NV subscription
11-14 20:28:17.881  1123  1123 D CdmaDCT : [ApnContext:mms] getDataProfile: mDataProfile=null
11-14 20:28:17.891  1123  1123 D CdmaDCT : isDataAllowed: not allowed due to - Attached= false - SIM not loaded and not NV subscription
11-14 20:28:17.891  1123  1123 D CdmaDCT : [ApnContext:cbs] getDataProfile: mDataProfile=null
11-14 20:28:17.891  1123  1123 D CdmaDCT : trySetupData: X apnContext not 'ready' retValue=false
11-14 20:28:17.891  1123  1123 D CdmaDCT : setupDataOnConnectableApns: apnContext {mApnType=ia mState=IDLE mWaitingDataProfiles={null} mWaitingApnsPermanentFailureCountDown=0 mDataProfile={null} mReason=radioTurnedOff mDataEnabled=false mDependencyMet=true}
11-14 20:28:17.891  1123  1123 D CdmaDCT : handleMessage msg={ when=-736ms what=270376 obj=android.os.AsyncResult@41ea0ba8 target=com.android.internal.telephony.dataconnection.DcTracker }
11-14 20:28:17.891  1123  1123 D CdmaDCT : onUpdateIcc: newIccRecords null
11-14 20:28:17.891  1123  1123 D CdmaDCT : handleMessage msg={ when=-736ms what=270357 target=com.android.internal.telephony.dataconnection.DcTracker }
11-14 20:28:17.891  1123  1123 D CdmaDCT : onUpdateIcc: newIccRecords null
11-14 20:28:17.891  1123  1123 D RILJ    : [3653]> BASEBAND_VERSION
11-14 20:28:17.891  1123  1123 D RILJ    : [3654]> RIL_REQUEST_DEVICE_IDENTITY
11-14 20:28:17.901  1123  1247 D RILJ    : [3653]< BASEBAND_VERSION M8974A-2.0.50.1.16
11-14 20:28:17.901  1123  1123 D CDMAPhone: Event EVENT_RADIO_OFF_OR_NOT_AVAILABLE Received
11-14 20:28:17.901  1123  1123 D IccCardProxy: No card available
11-14 20:28:17.901  1123  1123 D IccCardProxy: QuietMode: NOT Broadcasting intent ACTION_SIM_STATE_CHANGED NOT_READY reason null
11-14 20:28:17.901  1123  1123 V WAP PUSH: wappush manager connected to 1105957224
11-14 20:28:17.901  1123  1123 V WAP PUSH: wappush manager connected to 1105966600
11-14 20:28:17.901  1123  1123 D DebugService: DebugService DebugService:
11-14 20:28:17.901  1123  1247 D RILJ    : [3654]< RIL_REQUEST_DEVICE_IDENTITY {359250051517157, 35, 8078A964, 35925005151715}
11-14 20:28:17.901  1123  1123 D SipService: SipService: started!
11-14 20:28:17.921  1123  1123 D SipService: start:
11-14 20:28:17.931  1123  1123 D CdmaDCT : onReceive: action=android.net.wifi.WIFI_STATE_CHANGED
11-14 20:28:17.931  1123  1123 D CdmaDCT : WIFI_STATE_CHANGED_ACTION: enabled=true mIsWifiConnected=false
11-14 20:28:17.931  1123  1123 D RILJ    : [3655]> RIL_REQUEST_SET_TTY_MODE : 0
11-14 20:28:17.931  1123  1123 D RuimPhoneBookIM: [RuimPbInterfaceManager] Card update received: null
11-14 20:28:17.931  1123  1123 D RuimPhoneBookIM: [RuimPbInterfaceManager] Card is null. Cleanup
11-14 20:28:17.931  1123  1123 D CDMALTEPhone: can't find 3GPP2 application; trying APP_FAM_3GPP
11-14 20:28:17.931  1123  1123 D CdmaDCT : handleMessage msg={ when=-314ms what=270369 obj=android.os.AsyncResult@41f29e98 target=com.android.internal.telephony.dataconnection.DcTracker }
11-14 20:28:17.931  1123  1123 D CdmaDCT : onUpdateIcc: newIccRecords null
11-14 20:28:17.931  1123  1123 D IccCardProxy: No card available
11-14 20:28:17.941  1123  1123 D CdmaDCT : handleMessage msg={ when=-309ms what=270376 obj=android.os.AsyncResult@41f2dbd8 target=com.android.internal.telephony.dataconnection.DcTracker }
11-14 20:28:17.941  1123  1123 D CdmaDCT : onUpdateIcc: newIccRecords null
11-14 20:28:17.941  1123  1123 D CdmaSST : [CdmaLteSST] Subscription Source : 1
11-14 20:28:17.941  1123  1123 D CdmaSST : [CdmaLteSST] Storing cdma subscription source: 1
11-14 20:28:17.941  1123  1247 D RILJ    : [3655]< RIL_REQUEST_SET_TTY_MODE 
11-14 20:28:17.941  1123  1123 D RILJ    : [3656]> OPERATOR
11-14 20:28:17.941  1123  1123 D RILJ    : [3657]> VOICE_REGISTRATION_STATE
11-14 20:28:17.941  1123  1123 D RILJ    : [3658]> DATA_REGISTRATION_STATE
11-14 20:28:17.941  1123  1247 D RILJ    : [3656]< OPERATOR {null, null, null}
11-14 20:28:17.941  1123  1123 D UiccController: Received EVENT_ICC_STATUS_CHANGED, calling getIccCardStatus
11-14 20:28:17.941  1123  1123 D RILJ    : [3659]> GET_SIM_STATUS
11-14 20:28:17.941  1123  1123 D RILJ    : [3660]> RIL_REQUEST_CDMA_GET_SUBSCRIPTION_SOURCE
11-14 20:28:17.951  1123  1123 D RILJ    : [3661]> GET_CURRENT_CALLS
11-14 20:28:17.951  1123  1123 D CDMAPhone: Event EVENT_RADIO_ON Received
11-14 20:28:17.951  1123  1123 D RILJ    : [3662]> RIL_REQUEST_VOICE_RADIO_TECH
11-14 20:28:17.961  1123  1123 D RILJ    : [3663]> RIL_REQUEST_IMS_REGISTRATION_STATE
11-14 20:28:17.961  1123  1123 D RILJ    : [3664]> OPERATOR
11-14 20:28:17.961  1123  1247 D RILJ    : [3657]< VOICE_REGISTRATION_STATE {2, null, null, 0, null, null, null, 0, null, null, null, null, null, 0, null}
11-14 20:28:17.961  1123  1123 D RILJ    : [3665]> VOICE_REGISTRATION_STATE
11-14 20:28:17.961  1123  1247 D RILJ    : [3658]< DATA_REGISTRATION_STATE {2, null, null, null, 0, 20, null, null, null, null, null}
11-14 20:28:17.961  1123  1247 D RILJ    : [3659]< GET_SIM_STATUS IccCardState {CARDSTATE_PRESENT,PINSTATE_ENABLED_NOT_VERIFIED,num_apps=1,gsm_id=0{APPTYPE_USIM,APPSTATE_READY,pin1=PINSTATE_DISABLED,pin2=PINSTATE_ENABLED_NOT_VERIFIED},cdma_id=-1,ims_id=-1}
11-14 20:28:17.961  1123  1247 D RilRequest: [3660]< RIL_REQUEST_CDMA_GET_SUBSCRIPTION_SOURCE error: com.android.internal.telephony.CommandException: GENERIC_FAILURE ret=null
11-14 20:28:17.961  1123  1247 D RILJ    : [3661]< GET_CURRENT_CALLS  
11-14 20:28:17.961  1123  1247 D RILJ    : [3662]< RIL_REQUEST_VOICE_RADIO_TECH {3}
11-14 20:28:17.961  1123  1123 D RILJ    : [3666]> DATA_REGISTRATION_STATE
11-14 20:28:17.961  1123  1247 D RILJ    : [3664]< OPERATOR {null, null, null}
11-14 20:28:17.971  1123  1247 D RilRequest: [3663]< RIL_REQUEST_IMS_REGISTRATION_STATE error: com.android.internal.telephony.CommandException: GENERIC_FAILURE ret=null
11-14 20:28:17.971  1123  1247 D RILJ    : [3665]< VOICE_REGISTRATION_STATE {2, null, null, 0, null, null, null, 0, null, null, null, null, null, 0, null}
11-14 20:28:17.971  1123  1247 D RILJ    : [3666]< DATA_REGISTRATION_STATE {2, null, null, null, 0, 20, null, null, null, null, null}
11-14 20:28:17.991  1123  1123 D CDMAPhone: Baseband version: M8974A-2.0.50.1.16
11-14 20:28:17.991  1123  1123 D PhoneProxy: [PhoneProxy] updatePhoneObject: radioTechnology=0
11-14 20:28:17.991  1123  1123 D RILJ    : [3667]> RIL_REQUEST_CDMA_SUBSCRIPTION
11-14 20:28:17.991  1123  1123 D RILJ    : [3668]> OPERATOR
11-14 20:28:17.991  1123  1123 D RILJ    : [3669]> VOICE_REGISTRATION_STATE
11-14 20:28:17.991  1123  1247 D RILJ    : [3668]< OPERATOR {null, null, null}
11-14 20:28:18.001  1123  1123 D RILJ    : [3670]> DATA_REGISTRATION_STATE
11-14 20:28:18.001  1123  1123 D RILJ    : [3671]> RIL_REQUEST_QUERY_TTY_MODE
11-14 20:28:18.001  1123  1247 D RILJ    : [3667]< RIL_REQUEST_CDMA_SUBSCRIPTION {null, null, null, null, 51097}
11-14 20:28:18.001  1123  1123 D CDMAPhone: Event EVENT_NV_READY Received
11-14 20:28:18.001  1123  1123 D CDMA    : loadEriFileFromXml: check for alternate file
11-14 20:28:18.001  1123  1247 D RILJ    : [3670]< DATA_REGISTRATION_STATE {2, null, null, null, 0, 20, null, null, null, null, null}
11-14 20:28:18.001  1123  1123 D CDMA    : loadEriFileFromXml: no alternate file
11-14 20:28:18.001  1123  1123 D CDMA    : loadEriFileFromXml: open normal file
11-14 20:28:18.001  1123  1247 D RILJ    : [3669]< VOICE_REGISTRATION_STATE {2, null, null, 0, null, null, null, 0, null, null, null, null, null, 0, null}
11-14 20:28:18.011  1123  1247 D RILJ    : [3671]< RIL_REQUEST_QUERY_TTY_MODE {0}
11-14 20:28:18.041  1123  1247 D RILJ    : [UNSL]< UNSOL_RESPONSE_VOICE_NETWORK_STATE_CHANGED
11-14 20:28:18.051  1123  1123 D CDMA    : loadEriFileFromXml: eri parsing successful, file loaded
11-14 20:28:18.051  1123  1123 D CDMALTEPhone: ERI read, notify registrants
11-14 20:28:18.051  1123  1123 D CdmaSST : [CdmaLteSST] handleMessage EVENT_POLL_STATE_GPRS
11-14 20:28:18.051  1123  1123 D UiccController: Received EVENT_GET_ICC_STATUS_DONE
11-14 20:28:18.051  1123  1123 D UiccController: Creating a new card
11-14 20:28:18.051  1123  1123 D UiccCard: Creating
11-14 20:28:18.051  1123  1123 D UiccCard: 1 applications
11-14 20:28:18.051  1123  1123 D UiccCardApplication: Creating UiccApp: {APPTYPE_USIM,APPSTATE_READY,pin1=PINSTATE_DISABLED,pin2=PINSTATE_ENABLED_NOT_VERIFIED}
11-14 20:28:18.061  1123  1123 W VoiceMailConstants: Can't open /system/etc/voicemail-conf.xml
11-14 20:28:18.081  1123  1123 D SIMRecords: [SIMRecords] SIMRecords: onRadioOffOrNotAvailable set 'gsm.sim.operator.numeric' to operator=null
11-14 20:28:18.081  1123  1123 D UiccCardApplication: Notifying 1 registrant: READY
11-14 20:28:18.091  1123  1123 D SIMRecords: [SIMRecords] getOperatorNumeric: IMSI == null
11-14 20:28:18.091  1123  1123 D SIMRecords: [SIMRecords] SIMRecords X ctor this=SimRecords: mDestroyed=false mContext=com.android.phone.PhoneGlobals@41e7efa0 mCi=com.android.internal.telephony.RIL@41e84118 mFh=Handler (com.android.internal.telephony.uicc.UsimFileHandler) {41f98298} mParentApp=com.android.internal.telephony.uicc.UiccCardApplication@41f96e40 recordsLoadedRegistrants=android.os.RegistrantList@41f9ad38 mImsiReadyRegistrants=android.os.RegistrantList@41f9ad60 mRecordsEventsRegistrants=android.os.RegistrantList@41f9ad88 mNewSmsRegistrants=android.os.RegistrantList@41f9adb0 mNetworkSelectionModeAutomaticRegistrants=android.os.RegistrantList@41f9add8 recordsToLoad=0 adnCache=Handler (com.android.internal.telephony.uicc.AdnRecordCache) {41f9af40} recordsRequested=false iccid=null msisdn=null msisdnTag=null voiceMailNum=null voiceMailTag=null newVoiceMailNum=null newVoiceMailTag=null isVoiceMailFixed=false mImsi=null mncLength=-1 mailboxIndex=0 spn=null mVmConfigcom.android.internal.telephony.uicc.VoiceMailConstants@41f9ba20 mSpnOverride=mSpnOverride callForwardingEnabled=false spnState=null mCphsInfo=null mCspPlmnEnabled=true efMWIS=null efCPHS_MWI=null mEfCff=null mEfCfis=null getOperatorNumeric=null
11-14 20:28:18.091  1123  1123 D RILJ    : [3672]> QUERY_FACILITY_LOCK
11-14 20:28:18.091  1123  1123 D RILJ    : [3673]> QUERY_FACILITY_LOCK
11-14 20:28:18.091  1123  1247 D RILJ    : [3673]< QUERY_FACILITY_LOCK {0}
11-14 20:28:18.091  1123  1247 D RILJ    : [3672]< QUERY_FACILITY_LOCK {0}
11-14 20:28:18.111  1123  1123 D CAT     : CatService: Running CAT service. STK app installed:true
11-14 20:28:18.111  1123  1123 D CAT     : CatService: NEW sInstance
11-14 20:28:18.111  1123  1123 D UiccCard: update: radioState=RADIO_ON mLastRadioState=RADIO_UNAVAILABLE
11-14 20:28:18.111  1123  1123 D UiccController: Notifying IccChangedRegistrants
11-14 20:28:18.171  1123  1123 D CdmaSSM : CDMA_SUBSCRIPTION_SOURCE event = 2
11-14 20:28:18.171  1123  1123 W CdmaSSM : Unable to get CDMA Subscription Source, Exception: com.android.internal.telephony.CommandException: GENERIC_FAILURE, result: null
