11-14 20:32:08.626   650   867 I am_activity_launch_time: [0,1106740616,com.android.settings/.SubSettings,119,119]
11-14 20:32:08.986   179   179 I sf_frame_dur: [com.android.settings/com.android.settings.Settings,106,6,4,1,1,2,1]
11-14 20:32:09.226   650   897 I am_finish_activity: [0,1106740616,14,com.android.settings/.SubSettings,app-request]
11-14 20:32:09.226   650   897 I am_pause_activity: [0,1106740616,com.android.settings/.SubSettings]
11-14 20:32:09.236  2479  2479 I am_on_paused_called: [0,com.android.settings.SubSettings]
11-14 20:32:09.236   650  1182 I am_resume_activity: [0,1106726656,14,com.android.settings/.Settings]
11-14 20:32:09.256  2479  2479 I am_on_resume_called: [0,com.android.settings.Settings]
11-14 20:32:09.686   650   870 I am_destroy_activity: [0,1106740616,14,com.android.settings/.SubSettings,finish-imm]
11-14 20:32:09.706   179   179 I sf_frame_dur: [com.android.settings/com.android.settings.SubSettings,2,0,0,0,1,0,0]
11-14 20:32:11.236   650  1207 I am_finish_activity: [0,1106726656,14,com.android.settings/.Settings,app-request]
11-14 20:32:11.236   650  1207 I wm_home_stack_moved: 1
11-14 20:32:11.236   650  1207 I wm_task_moved: [1,1,1]
11-14 20:32:11.236   650  1207 I wm_home_stack_moved: 1
11-14 20:32:11.286   650  1207 I am_pause_activity: [0,1106726656,com.android.settings/.Settings]
11-14 20:32:11.296  2479  2479 I am_on_paused_called: [0,com.android.settings.Settings]
11-14 20:32:11.296   650  1258 I am_resume_activity: [0,1108979816,1,com.cyanogenmod.trebuchet/org.cyanogenmod.trebuchet.CustomHomeLauncher]
11-14 20:32:11.316  1183  1183 I am_on_resume_called: [0,org.cyanogenmod.trebuchet.CustomHomeLauncher]
11-14 20:32:11.776   650   870 I am_destroy_activity: [0,1106726656,14,com.android.settings/.Settings,finish-imm]
11-14 20:32:11.796   179   179 I sf_frame_dur: [com.android.settings/com.android.settings.Settings,6,0,0,0,0,0,2]
11-14 20:32:12.496   650   667 I am_create_task: [0,15]
11-14 20:32:12.496   650   667 I am_create_activity: [0,1106625344,15,com.android.settings/.Settings,android.intent.action.MAIN,NULL,NULL,270532608]
11-14 20:32:12.496   650   667 I wm_task_created: [15,2]
11-14 20:32:12.496   650   667 I wm_task_moved: [15,1,2]
11-14 20:32:12.496   650   667 I wm_home_stack_moved: 0
11-14 20:32:12.536   650   667 I am_pause_activity: [0,1108979816,com.cyanogenmod.trebuchet/org.cyanogenmod.trebuchet.CustomHomeLauncher]
11-14 20:32:12.546  1183  1183 I am_on_paused_called: [0,org.cyanogenmod.trebuchet.CustomHomeLauncher]
11-14 20:32:12.546   650   897 I am_restart_activity: [0,1106625344,15,com.android.settings/.Settings]
11-14 20:32:12.866   650  1343 I wm_task_removed: [14,removeTask]
11-14 20:32:12.866   650  1343 I wm_task_removed: [14,removeAppToken: last token]
11-14 20:32:12.896   179   179 I sf_frame_dur: [com.cyanogenmod.trebuchet/org.cyanogenmod.trebuchet.CustomHomeLauncher,0,0,0,0,0,0,1]
11-14 20:32:12.916  2479  2479 I am_on_resume_called: [0,com.android.settings.Settings]
11-14 20:32:13.006   650   897 I am_create_service: [0,1107878120,.SearchPopulator,1000,2479]
11-14 20:32:13.056   650   867 I am_activity_launch_time: [0,1106625344,com.android.settings/.Settings,511,511]
11-14 20:32:13.096   650  1258 I am_destroy_service: [0,1107878120,2479]
11-14 20:32:13.266   179   179 I sf_frame_dur: [Starting com.android.settings,1,0,0,0,0,0,0]
11-14 20:32:19.146   650  1207 I wm_task_moved: [15,1,1]
11-14 20:32:19.146   650  1207 I wm_home_stack_moved: 0
11-14 20:32:19.156   650  1207 I am_create_activity: [0,1106740616,15,com.android.settings/.SubSettings,android.intent.action.MAIN,NULL,NULL,0]
11-14 20:32:19.156   650  1207 I am_pause_activity: [0,1106625344,com.android.settings/.Settings]
11-14 20:32:19.186  2479  2479 I am_on_paused_called: [0,com.android.settings.Settings]
11-14 20:32:19.196   650   898 I am_restart_activity: [0,1106740616,15,com.android.settings/.SubSettings]
11-14 20:32:19.266  2479  2479 I am_on_resume_called: [0,com.android.settings.SubSettings]
11-14 20:32:19.346   650   867 I am_activity_launch_time: [0,1106740616,com.android.settings/.SubSettings,152,152]
11-14 20:32:19.676   179   179 I sf_frame_dur: [com.android.settings/com.android.settings.Settings,86,11,3,0,1,2,1]
11-14 20:32:19.936   650  1180 I am_finish_activity: [0,1106740616,15,com.android.settings/.SubSettings,app-request]
11-14 20:32:19.936   650  1180 I am_pause_activity: [0,1106740616,com.android.settings/.SubSettings]
11-14 20:32:19.946  2479  2479 I am_on_paused_called: [0,com.android.settings.SubSettings]
11-14 20:32:19.946   650  1258 I am_resume_activity: [0,1106625344,15,com.android.settings/.Settings]
11-14 20:32:19.966  2479  2479 I am_on_resume_called: [0,com.android.settings.Settings]
11-14 20:32:20.386   650   870 I am_destroy_activity: [0,1106740616,15,com.android.settings/.SubSettings,finish-imm]
11-14 20:32:20.396   179   179 I sf_frame_dur: [com.android.settings/com.android.settings.SubSettings,0,1,0,0,1,0,0]
11-14 20:32:21.986   650  1343 I am_finish_activity: [0,1106625344,15,com.android.settings/.Settings,app-request]
11-14 20:32:21.986   650  1343 I wm_home_stack_moved: 1
11-14 20:32:21.986   650  1343 I wm_task_moved: [1,1,1]
11-14 20:32:21.986   650  1343 I wm_home_stack_moved: 1
11-14 20:32:22.026   650  1343 I am_pause_activity: [0,1106625344,com.android.settings/.Settings]
11-14 20:32:22.036  2479  2479 I am_on_paused_called: [0,com.android.settings.Settings]
11-14 20:32:22.046   650  1258 I am_resume_activity: [0,1108979816,1,com.cyanogenmod.trebuchet/org.cyanogenmod.trebuchet.CustomHomeLauncher]
11-14 20:32:22.066  1183  1183 I am_on_resume_called: [0,org.cyanogenmod.trebuchet.CustomHomeLauncher]
11-14 20:32:22.526   650   870 I am_destroy_activity: [0,1106625344,15,com.android.settings/.Settings,finish-imm]
11-14 20:32:22.576   179   179 I sf_frame_dur: [com.android.settings/com.android.settings.Settings,6,0,0,0,0,0,1]
11-14 20:32:23.266   650  1182 I am_create_task: [0,16]
11-14 20:32:23.266   650  1182 I am_create_activity: [0,1106726656,16,com.android.settings/.Settings,android.intent.action.MAIN,NULL,NULL,270532608]
11-14 20:32:23.266   650  1182 I wm_task_created: [16,2]
11-14 20:32:23.266   650  1182 I wm_task_moved: [16,1,2]
11-14 20:32:23.266   650  1182 I wm_home_stack_moved: 0
11-14 20:32:23.306   650  1182 I am_pause_activity: [0,1108979816,com.cyanogenmod.trebuchet/org.cyanogenmod.trebuchet.CustomHomeLauncher]
11-14 20:32:23.346  1183  1183 I am_on_paused_called: [0,org.cyanogenmod.trebuchet.CustomHomeLauncher]
11-14 20:32:23.356   650   898 I am_restart_activity: [0,1106726656,16,com.android.settings/.Settings]
11-14 20:32:23.626   650  1180 I wm_task_removed: [15,removeTask]
11-14 20:32:23.626   650  1180 I wm_task_removed: [15,removeAppToken: last token]
11-14 20:32:23.676  2479  2479 I am_on_resume_called: [0,com.android.settings.Settings]
11-14 20:32:23.676   179   179 I sf_frame_dur: [com.cyanogenmod.trebuchet/org.cyanogenmod.trebuchet.CustomHomeLauncher,0,0,0,0,0,0,1]
11-14 20:32:23.756   650  1180 I am_create_service: [0,1109050552,.SearchPopulator,1000,2479]
11-14 20:32:23.816   650   867 I am_activity_launch_time: [0,1106726656,com.android.settings/.Settings,465,465]
11-14 20:32:23.846   650   668 I am_destroy_service: [0,1109050552,2479]
11-14 20:32:24.026   179   179 I sf_frame_dur: [Starting com.android.settings,0,1,0,0,0,0,0]
11-14 20:32:29.816   650  1182 I wm_task_moved: [16,1,1]
11-14 20:32:29.816   650  1182 I wm_home_stack_moved: 0
11-14 20:32:29.816   650  1182 I am_create_activity: [0,1106740616,16,com.android.settings/.SubSettings,android.intent.action.MAIN,NULL,NULL,0]
11-14 20:32:29.816   650  1182 I am_pause_activity: [0,1106726656,com.android.settings/.Settings]
11-14 20:32:29.866  2479  2479 I am_on_paused_called: [0,com.android.settings.Settings]
11-14 20:32:29.866   650   898 I am_restart_activity: [0,1106740616,16,com.android.settings/.SubSettings]
11-14 20:32:29.926  2479  2479 I am_on_resume_called: [0,com.android.settings.SubSettings]
11-14 20:32:30.006   650   867 I am_activity_launch_time: [0,1106740616,com.android.settings/.SubSettings,140,140]
11-14 20:32:30.336   179   179 I sf_frame_dur: [com.android.settings/com.android.settings.Settings,104,10,3,1,1,2,1]
11-14 20:32:30.596   650  1207 I am_finish_activity: [0,1106740616,16,com.android.settings/.SubSettings,app-request]
11-14 20:32:30.596   650  1207 I am_pause_activity: [0,1106740616,com.android.settings/.SubSettings]
11-14 20:32:30.606  2479  2479 I am_on_paused_called: [0,com.android.settings.SubSettings]
11-14 20:32:30.616   650  1258 I am_resume_activity: [0,1106726656,16,com.android.settings/.Settings]
11-14 20:32:30.626  2479  2479 I am_on_resume_called: [0,com.android.settings.Settings]
11-14 20:32:31.076   650   870 I am_destroy_activity: [0,1106740616,16,com.android.settings/.SubSettings,finish-imm]
11-14 20:32:31.086   179   179 I sf_frame_dur: [com.android.settings/com.android.settings.SubSettings,0,1,0,0,1,0,0]
11-14 20:32:32.456   650   667 I am_finish_activity: [0,1106726656,16,com.android.settings/.Settings,app-request]
11-14 20:32:32.456   650   667 I wm_home_stack_moved: 1
11-14 20:32:32.456   650   667 I wm_task_moved: [1,1,1]
11-14 20:32:32.456   650   667 I wm_home_stack_moved: 1
11-14 20:32:32.506   650   667 I am_pause_activity: [0,1106726656,com.android.settings/.Settings]
11-14 20:32:32.516  2479  2479 I am_on_paused_called: [0,com.android.settings.Settings]
11-14 20:32:32.516   650  1180 I am_resume_activity: [0,1108979816,1,com.cyanogenmod.trebuchet/org.cyanogenmod.trebuchet.CustomHomeLauncher]
11-14 20:32:32.536  1183  1183 I am_on_resume_called: [0,org.cyanogenmod.trebuchet.CustomHomeLauncher]
11-14 20:32:32.996   650   870 I am_destroy_activity: [0,1106726656,16,com.android.settings/.Settings,finish-imm]
11-14 20:32:33.016   179   179 I sf_frame_dur: [com.android.settings/com.android.settings.Settings,5,1,0,0,0,0,1]
11-14 20:32:33.716   650  1208 I am_create_task: [0,17]
11-14 20:32:33.716   650  1208 I am_create_activity: [0,1106625344,17,com.android.settings/.Settings,android.intent.action.MAIN,NULL,NULL,270532608]
11-14 20:32:33.716   650  1208 I wm_task_created: [17,2]
11-14 20:32:33.716   650  1208 I wm_task_moved: [17,1,2]
11-14 20:32:33.716   650  1208 I wm_home_stack_moved: 0
11-14 20:32:33.756   650  1208 I am_pause_activity: [0,1108979816,com.cyanogenmod.trebuchet/org.cyanogenmod.trebuchet.CustomHomeLauncher]
11-14 20:32:33.766  1183  1183 I am_on_paused_called: [0,org.cyanogenmod.trebuchet.CustomHomeLauncher]
11-14 20:32:33.766   650  1258 I am_restart_activity: [0,1106625344,17,com.android.settings/.Settings]
11-14 20:32:34.116   179   179 I sf_frame_dur: [com.cyanogenmod.trebuchet/org.cyanogenmod.trebuchet.CustomHomeLauncher,0,0,0,0,0,0,1]
11-14 20:32:34.286   650  1182 I wm_task_removed: [16,removeTask]
11-14 20:32:34.286   650  1182 I wm_task_removed: [16,removeAppToken: last token]
11-14 20:32:34.326  2479  2479 I am_on_resume_called: [0,com.android.settings.Settings]
11-14 20:32:34.426   650  1182 I am_create_service: [0,1109050552,.SearchPopulator,1000,2479]
11-14 20:32:34.476   650   867 I am_activity_launch_time: [0,1106625344,com.android.settings/.Settings,702,702]
11-14 20:32:34.506   650  1208 I am_destroy_service: [0,1109050552,2479]
11-14 20:32:34.686   179   179 I sf_frame_dur: [Starting com.android.settings,1,0,0,0,0,0,0]
11-14 20:32:39.276  3894  4024 I dvm_lock_sample: [uiautomator,0,UiAutomatorHandlerThread,74,QueryController.java,61,-,149,14]
11-14 20:32:40.996   650   667 I wm_task_moved: [17,1,1]
11-14 20:32:40.996   650   667 I wm_home_stack_moved: 0
11-14 20:32:40.996   650   667 I am_create_activity: [0,1106740616,17,com.android.settings/.SubSettings,android.intent.action.MAIN,NULL,NULL,0]
11-14 20:32:40.996   650   667 I am_pause_activity: [0,1106625344,com.android.settings/.Settings]
11-14 20:32:41.006  2479  2479 I am_on_paused_called: [0,com.android.settings.Settings]
11-14 20:32:41.006   650  1208 I am_restart_activity: [0,1106740616,17,com.android.settings/.SubSettings]
11-14 20:32:41.066  2479  2479 I am_on_resume_called: [0,com.android.settings.SubSettings]
11-14 20:32:41.146   650   867 I am_activity_launch_time: [0,1106740616,com.android.settings/.SubSettings,132,132]
11-14 20:32:41.496   179   179 I sf_frame_dur: [com.android.settings/com.android.settings.Settings,89,9,4,0,1,2,2]
11-14 20:32:41.726   650   897 I am_finish_activity: [0,1106740616,17,com.android.settings/.SubSettings,app-request]
11-14 20:32:41.726   650   897 I am_pause_activity: [0,1106740616,com.android.settings/.SubSettings]
11-14 20:32:41.736  2479  2479 I am_on_paused_called: [0,com.android.settings.SubSettings]
11-14 20:32:41.736   650  1180 I am_resume_activity: [0,1106625344,17,com.android.settings/.Settings]
11-14 20:32:41.736  2479  2479 I am_on_resume_called: [0,com.android.settings.Settings]
11-14 20:32:42.156   650   870 I am_destroy_activity: [0,1106740616,17,com.android.settings/.SubSettings,finish-imm]
11-14 20:32:42.166   179   179 I sf_frame_dur: [com.android.settings/com.android.settings.SubSettings,2,0,0,0,1,0,0]
11-14 20:32:43.706   650   898 I am_finish_activity: [0,1106625344,17,com.android.settings/.Settings,app-request]
11-14 20:32:43.706   650   898 I wm_home_stack_moved: 1
11-14 20:32:43.706   650   898 I wm_task_moved: [1,1,1]
11-14 20:32:43.706   650   898 I wm_home_stack_moved: 1
11-14 20:32:43.746   650   898 I am_pause_activity: [0,1106625344,com.android.settings/.Settings]
11-14 20:32:43.756  2479  2479 I am_on_paused_called: [0,com.android.settings.Settings]
11-14 20:32:43.756   650  1180 I am_resume_activity: [0,1108979816,1,com.cyanogenmod.trebuchet/org.cyanogenmod.trebuchet.CustomHomeLauncher]
11-14 20:32:43.766  1183  1183 I am_on_resume_called: [0,org.cyanogenmod.trebuchet.CustomHomeLauncher]
11-14 20:32:44.226   650   870 I am_destroy_activity: [0,1106625344,17,com.android.settings/.Settings,finish-imm]
11-14 20:32:44.246   179   179 I sf_frame_dur: [com.android.settings/com.android.settings.Settings,4,1,0,0,0,0,1]
11-14 20:32:44.966   650   667 I am_create_task: [0,18]
11-14 20:32:44.966   650   667 I am_create_activity: [0,1106726656,18,com.android.settings/.Settings,android.intent.action.MAIN,NULL,NULL,270532608]
11-14 20:32:44.966   650   667 I wm_task_created: [18,2]
11-14 20:32:44.966   650   667 I wm_task_moved: [18,1,2]
11-14 20:32:44.966   650   667 I wm_home_stack_moved: 0
11-14 20:32:44.996   650   667 I am_pause_activity: [0,1108979816,com.cyanogenmod.trebuchet/org.cyanogenmod.trebuchet.CustomHomeLauncher]
11-14 20:32:45.006  1183  1183 I am_on_paused_called: [0,org.cyanogenmod.trebuchet.CustomHomeLauncher]
11-14 20:32:45.006   650  1208 I am_restart_activity: [0,1106726656,18,com.android.settings/.Settings]
11-14 20:32:45.366   179   179 I sf_frame_dur: [com.cyanogenmod.trebuchet/org.cyanogenmod.trebuchet.CustomHomeLauncher,0,0,0,0,0,0,1]
11-14 20:32:45.536   650   667 I wm_task_removed: [17,removeTask]
11-14 20:32:45.536   650   667 I wm_task_removed: [17,removeAppToken: last token]
11-14 20:32:45.596  2479  2479 I am_on_resume_called: [0,com.android.settings.Settings]
11-14 20:32:45.686   650  1182 I am_create_service: [0,1108247584,.SearchPopulator,1000,2479]
11-14 20:32:45.736   650   867 I am_activity_launch_time: [0,1106726656,com.android.settings/.Settings,725,725]
11-14 20:32:45.786   650  1208 I am_destroy_service: [0,1108247584,2479]
11-14 20:32:45.946   179   179 I sf_frame_dur: [Starting com.android.settings,1,0,0,0,0,0,0]
11-14 20:32:52.436   650   667 I wm_task_moved: [18,1,1]
11-14 20:32:52.436   650   667 I wm_home_stack_moved: 0
11-14 20:32:52.436   650   667 I am_create_activity: [0,1106740616,18,com.android.settings/.SubSettings,android.intent.action.MAIN,NULL,NULL,0]
11-14 20:32:52.436   650   667 I am_pause_activity: [0,1106726656,com.android.settings/.Settings]
11-14 20:32:52.446  2479  2479 I am_on_paused_called: [0,com.android.settings.Settings]
11-14 20:32:52.456   650   668 I am_restart_activity: [0,1106740616,18,com.android.settings/.SubSettings]
11-14 20:32:52.526  2479  2479 I am_on_resume_called: [0,com.android.settings.SubSettings]
11-14 20:32:52.596   650   867 I am_activity_launch_time: [0,1106740616,com.android.settings/.SubSettings,140,140]
11-14 20:32:52.976   179   179 I sf_frame_dur: [com.android.settings/com.android.settings.Settings,103,13,4,0,2,1,1]
11-14 20:32:53.176   650  1208 I am_finish_activity: [0,1106740616,18,com.android.settings/.SubSettings,app-request]
11-14 20:32:53.176   650  1208 I am_pause_activity: [0,1106740616,com.android.settings/.SubSettings]
11-14 20:32:53.186  2479  2479 I am_on_paused_called: [0,com.android.settings.SubSettings]
11-14 20:32:53.186   650   667 I am_resume_activity: [0,1106726656,18,com.android.settings/.Settings]
11-14 20:32:53.196  2479  2479 I am_on_resume_called: [0,com.android.settings.Settings]
11-14 20:32:53.596   650   870 I am_destroy_activity: [0,1106740616,18,com.android.settings/.SubSettings,finish-imm]
11-14 20:32:53.616   179   179 I sf_frame_dur: [com.android.settings/com.android.settings.SubSettings,0,1,0,0,1,0,0]
11-14 20:32:55.316   650   898 I am_finish_activity: [0,1106726656,18,com.android.settings/.Settings,app-request]
11-14 20:32:55.316   650   898 I wm_home_stack_moved: 1
11-14 20:32:55.316   650   898 I wm_task_moved: [1,1,1]
11-14 20:32:55.316   650   898 I wm_home_stack_moved: 1
11-14 20:32:55.356   650   898 I am_pause_activity: [0,1106726656,com.android.settings/.Settings]
11-14 20:32:55.366  2479  2479 I am_on_paused_called: [0,com.android.settings.Settings]
11-14 20:32:55.366   650  1207 I am_resume_activity: [0,1108979816,1,com.cyanogenmod.trebuchet/org.cyanogenmod.trebuchet.CustomHomeLauncher]
11-14 20:32:55.386  1183  1183 I am_on_resume_called: [0,org.cyanogenmod.trebuchet.CustomHomeLauncher]
11-14 20:32:55.846   650   870 I am_destroy_activity: [0,1106726656,18,com.android.settings/.Settings,finish-imm]
11-14 20:32:55.856   179   179 I sf_frame_dur: [com.android.settings/com.android.settings.Settings,4,1,0,0,0,0,1]
11-14 20:32:56.596   650  1207 I am_create_task: [0,19]
11-14 20:32:56.596   650  1207 I am_create_activity: [0,1106625344,19,com.android.settings/.Settings,android.intent.action.MAIN,NULL,NULL,270532608]
11-14 20:32:56.596   650  1207 I wm_task_created: [19,2]
11-14 20:32:56.596   650  1207 I wm_task_moved: [19,1,2]
11-14 20:32:56.596   650  1207 I wm_home_stack_moved: 0
11-14 20:32:56.626   650  1207 I am_pause_activity: [0,1108979816,com.cyanogenmod.trebuchet/org.cyanogenmod.trebuchet.CustomHomeLauncher]
11-14 20:32:56.636  1183  1183 I am_on_paused_called: [0,org.cyanogenmod.trebuchet.CustomHomeLauncher]
11-14 20:32:56.636   650  1182 I am_restart_activity: [0,1106625344,19,com.android.settings/.Settings]
11-14 20:32:57.016   179   179 I sf_frame_dur: [com.cyanogenmod.trebuchet/org.cyanogenmod.trebuchet.CustomHomeLauncher,0,0,0,0,0,0,1]
11-14 20:32:57.076   650  1180 I wm_task_removed: [18,removeTask]
11-14 20:32:57.076   650  1180 I wm_task_removed: [18,removeAppToken: last token]
11-14 20:32:57.126  2479  2479 I am_on_resume_called: [0,com.android.settings.Settings]
11-14 20:32:57.216   650  1207 I am_create_service: [0,1107741744,.SearchPopulator,1000,2479]
11-14 20:32:57.276   650   867 I am_activity_launch_time: [0,1106625344,com.android.settings/.Settings,636,636]
11-14 20:32:57.326   650  1258 I am_destroy_service: [0,1107741744,2479]
11-14 20:32:57.476   179   179 I sf_frame_dur: [Starting com.android.settings,1,0,0,0,0,0,0]
11-14 20:33:03.346   650   667 I wm_task_moved: [19,1,1]
11-14 20:33:03.346   650   667 I wm_home_stack_moved: 0
11-14 20:33:03.346   650   667 I am_create_activity: [0,1106740616,19,com.android.settings/.SubSettings,android.intent.action.MAIN,NULL,NULL,0]
11-14 20:33:03.346   650   667 I am_pause_activity: [0,1106625344,com.android.settings/.Settings]
11-14 20:33:03.366  2479  2479 I am_on_paused_called: [0,com.android.settings.Settings]
11-14 20:33:03.366   650   668 I am_restart_activity: [0,1106740616,19,com.android.settings/.SubSettings]
11-14 20:33:03.456  2479  2479 I am_on_resume_called: [0,com.android.settings.SubSettings]
11-14 20:33:03.536   650   867 I am_activity_launch_time: [0,1106740616,com.android.settings/.SubSettings,171,171]
11-14 20:33:03.906   179   179 I sf_frame_dur: [com.android.settings/com.android.settings.Settings,101,7,5,0,1,3,1]
11-14 20:33:04.126   650  1207 I am_finish_activity: [0,1106740616,19,com.android.settings/.SubSettings,app-request]
11-14 20:33:04.136   650  1207 I am_pause_activity: [0,1106740616,com.android.settings/.SubSettings]
11-14 20:33:04.136  2479  2479 I am_on_paused_called: [0,com.android.settings.SubSettings]
11-14 20:33:04.146   650  1208 I am_resume_activity: [0,1106625344,19,com.android.settings/.Settings]
11-14 20:33:04.166  2479  2479 I am_on_resume_called: [0,com.android.settings.Settings]
11-14 20:33:04.596   650   870 I am_destroy_activity: [0,1106740616,19,com.android.settings/.SubSettings,finish-imm]
11-14 20:33:04.616   179   179 I sf_frame_dur: [com.android.settings/com.android.settings.SubSettings,0,1,0,0,1,0,0]
11-14 20:33:06.426   650   667 I am_finish_activity: [0,1106625344,19,com.android.settings/.Settings,app-request]
11-14 20:33:06.426   650   667 I wm_home_stack_moved: 1
11-14 20:33:06.426   650   667 I wm_task_moved: [1,1,1]
11-14 20:33:06.436   650   667 I wm_home_stack_moved: 1
11-14 20:33:06.476   650   667 I am_pause_activity: [0,1106625344,com.android.settings/.Settings]
11-14 20:33:06.486  2479  2479 I am_on_paused_called: [0,com.android.settings.Settings]
11-14 20:33:06.486   650   898 I am_resume_activity: [0,1108979816,1,com.cyanogenmod.trebuchet/org.cyanogenmod.trebuchet.CustomHomeLauncher]
11-14 20:33:06.516  1183  1183 I am_on_resume_called: [0,org.cyanogenmod.trebuchet.CustomHomeLauncher]
11-14 20:33:06.986   650   870 I am_destroy_activity: [0,1106625344,19,com.android.settings/.Settings,finish-imm]
11-14 20:33:07.006   179   179 I sf_frame_dur: [com.android.settings/com.android.settings.Settings,6,1,0,0,0,0,1]
11-14 20:33:07.716   650   667 I am_create_task: [0,20]
11-14 20:33:07.716   650   667 I am_create_activity: [0,1106726656,20,com.android.settings/.Settings,android.intent.action.MAIN,NULL,NULL,270532608]
11-14 20:33:07.716   650   667 I wm_task_created: [20,2]
11-14 20:33:07.716   650   667 I wm_task_moved: [20,1,2]
11-14 20:33:07.716   650   667 I wm_home_stack_moved: 0
11-14 20:33:07.756   650   667 I am_pause_activity: [0,1108979816,com.cyanogenmod.trebuchet/org.cyanogenmod.trebuchet.CustomHomeLauncher]
11-14 20:33:07.816  1183  1183 I am_on_paused_called: [0,org.cyanogenmod.trebuchet.CustomHomeLauncher]
11-14 20:33:07.826   650  1343 I am_restart_activity: [0,1106726656,20,com.android.settings/.Settings]
11-14 20:33:08.126   179   179 I sf_frame_dur: [com.cyanogenmod.trebuchet/org.cyanogenmod.trebuchet.CustomHomeLauncher,0,0,0,0,0,0,1]
11-14 20:33:08.396   650   897 I wm_task_removed: [19,removeTask]
11-14 20:33:08.396   650   897 I wm_task_removed: [19,removeAppToken: last token]
11-14 20:33:08.436  2479  2479 I am_on_resume_called: [0,com.android.settings.Settings]
11-14 20:33:08.586   650   867 I am_activity_launch_time: [0,1106726656,com.android.settings/.Settings,762,762]
11-14 20:33:08.596   650  1258 I am_create_service: [0,1110961520,.SearchPopulator,1000,2479]
11-14 20:33:08.656   650  1182 I am_destroy_service: [0,1110961520,2479]
11-14 20:33:08.796   179   179 I sf_frame_dur: [Starting com.android.settings,0,1,0,0,0,0,0]
11-14 20:33:15.376   650  1182 I wm_task_moved: [20,1,1]
11-14 20:33:15.376   650  1182 I wm_home_stack_moved: 0
11-14 20:33:15.376   650  1182 I am_create_activity: [0,1106738272,20,com.android.settings/.SubSettings,android.intent.action.MAIN,NULL,NULL,0]
11-14 20:33:15.376   650  1182 I am_pause_activity: [0,1106726656,com.android.settings/.Settings]
11-14 20:33:15.416  2479  2479 I am_on_paused_called: [0,com.android.settings.Settings]
11-14 20:33:15.416   650  1207 I am_restart_activity: [0,1106738272,20,com.android.settings/.SubSettings]
11-14 20:33:15.486  2479  2479 I am_on_resume_called: [0,com.android.settings.SubSettings]
11-14 20:33:15.596   650   867 I am_activity_launch_time: [0,1106738272,com.android.settings/.SubSettings,179,179]
11-14 20:33:15.956   179   179 I sf_frame_dur: [com.android.settings/com.android.settings.Settings,102,9,3,1,2,3,1]
11-14 20:33:16.196   650  1207 I am_finish_activity: [0,1106738272,20,com.android.settings/.SubSettings,app-request]
11-14 20:33:16.196   650  1207 I am_pause_activity: [0,1106738272,com.android.settings/.SubSettings]
11-14 20:33:16.206  2479  2479 I am_on_paused_called: [0,com.android.settings.SubSettings]
11-14 20:33:16.206   650   667 I am_resume_activity: [0,1106726656,20,com.android.settings/.Settings]
11-14 20:33:16.226  2479  2479 I am_on_resume_called: [0,com.android.settings.Settings]
11-14 20:33:16.666   650   870 I am_destroy_activity: [0,1106738272,20,com.android.settings/.SubSettings,finish-imm]
11-14 20:33:16.676   179   179 I sf_frame_dur: [com.android.settings/com.android.settings.SubSettings,0,2,0,0,1,0,0]
11-14 20:33:18.106   650   897 I am_finish_activity: [0,1106726656,20,com.android.settings/.Settings,app-request]
11-14 20:33:18.106   650   897 I wm_home_stack_moved: 1
11-14 20:33:18.106   650   897 I wm_task_moved: [1,1,1]
11-14 20:33:18.106   650   897 I wm_home_stack_moved: 1
11-14 20:33:18.146   650   897 I am_pause_activity: [0,1106726656,com.android.settings/.Settings]
11-14 20:33:18.146  2479  2479 I am_on_paused_called: [0,com.android.settings.Settings]
11-14 20:33:18.146   650   667 I am_resume_activity: [0,1108979816,1,com.cyanogenmod.trebuchet/org.cyanogenmod.trebuchet.CustomHomeLauncher]
11-14 20:33:18.166  1183  1183 I am_on_resume_called: [0,org.cyanogenmod.trebuchet.CustomHomeLauncher]
11-14 20:33:18.626   650   870 I am_destroy_activity: [0,1106726656,20,com.android.settings/.Settings,finish-imm]
11-14 20:33:18.636   179   179 I sf_frame_dur: [com.android.settings/com.android.settings.Settings,4,0,0,0,0,0,1]
11-14 20:33:19.386   650   668 I am_create_task: [0,21]
11-14 20:33:19.386   650   668 I am_create_activity: [0,1106625344,21,com.android.settings/.Settings,android.intent.action.MAIN,NULL,NULL,270532608]
11-14 20:33:19.386   650   668 I wm_task_created: [21,2]
11-14 20:33:19.386   650   668 I wm_task_moved: [21,1,2]
11-14 20:33:19.386   650   668 I wm_home_stack_moved: 0
11-14 20:33:19.416   650   668 I am_pause_activity: [0,1108979816,com.cyanogenmod.trebuchet/org.cyanogenmod.trebuchet.CustomHomeLauncher]
11-14 20:33:19.436  1183  1183 I am_on_paused_called: [0,org.cyanogenmod.trebuchet.CustomHomeLauncher]
11-14 20:33:19.436   650   667 I am_restart_activity: [0,1106625344,21,com.android.settings/.Settings]
11-14 20:33:19.776   179   179 I sf_frame_dur: [com.cyanogenmod.trebuchet/org.cyanogenmod.trebuchet.CustomHomeLauncher,0,0,0,0,0,0,1]
11-14 20:33:20.016   650   668 I wm_task_removed: [20,removeTask]
11-14 20:33:20.016   650   668 I wm_task_removed: [20,removeAppToken: last token]
11-14 20:33:20.086  2479  2479 I am_on_resume_called: [0,com.android.settings.Settings]
11-14 20:33:20.186   650   898 I am_create_service: [0,1110867768,.SearchPopulator,1000,2479]
11-14 20:33:20.246   650   867 I am_activity_launch_time: [0,1106625344,com.android.settings/.Settings,813,813]
11-14 20:33:20.276   650   898 I am_destroy_service: [0,1110867768,2479]
11-14 20:33:20.456   179   179 I sf_frame_dur: [Starting com.android.settings,1,0,0,0,0,0,0]
11-14 20:33:26.216   650  1207 I wm_task_moved: [21,1,1]
11-14 20:33:26.216   650  1207 I wm_home_stack_moved: 0
11-14 20:33:26.216   650  1207 I am_create_activity: [0,1106738272,21,com.android.settings/.SubSettings,android.intent.action.MAIN,NULL,NULL,0]
11-14 20:33:26.216   650  1207 I am_pause_activity: [0,1106625344,com.android.settings/.Settings]
11-14 20:33:26.236  2479  2479 I am_on_paused_called: [0,com.android.settings.Settings]
11-14 20:33:26.236   650  1258 I am_restart_activity: [0,1106738272,21,com.android.settings/.SubSettings]
11-14 20:33:26.326  2479  2479 I am_on_resume_called: [0,com.android.settings.SubSettings]
11-14 20:33:26.376   650   867 I am_activity_launch_time: [0,1106738272,com.android.settings/.SubSettings,142,142]
11-14 20:33:26.716   179   179 I sf_frame_dur: [com.android.settings/com.android.settings.Settings,102,7,7,0,1,2,1]
11-14 20:33:26.976   650   667 I am_finish_activity: [0,1106738272,21,com.android.settings/.SubSettings,app-request]
11-14 20:33:26.976   650   667 I am_pause_activity: [0,1106738272,com.android.settings/.SubSettings]
11-14 20:33:26.986  2479  2479 I am_on_paused_called: [0,com.android.settings.SubSettings]
11-14 20:33:26.986   650  1208 I am_resume_activity: [0,1106625344,21,com.android.settings/.Settings]
11-14 20:33:27.006  2479  2479 I am_on_resume_called: [0,com.android.settings.Settings]
11-14 20:33:27.426   650   870 I am_destroy_activity: [0,1106738272,21,com.android.settings/.SubSettings,finish-imm]
11-14 20:33:27.436   179   179 I sf_frame_dur: [com.android.settings/com.android.settings.SubSettings,1,0,0,0,0,0,0]
11-14 20:33:29.356   650   897 I am_finish_activity: [0,1106625344,21,com.android.settings/.Settings,app-request]
11-14 20:33:29.356   650   897 I wm_home_stack_moved: 1
11-14 20:33:29.356   650   897 I wm_task_moved: [1,1,1]
11-14 20:33:29.356   650   897 I wm_home_stack_moved: 1
11-14 20:33:29.396   650   897 I am_pause_activity: [0,1106625344,com.android.settings/.Settings]
11-14 20:33:29.406  2479  2479 I am_on_paused_called: [0,com.android.settings.Settings]
11-14 20:33:29.406   650   667 I am_resume_activity: [0,1108979816,1,com.cyanogenmod.trebuchet/org.cyanogenmod.trebuchet.CustomHomeLauncher]
11-14 20:33:29.426  1183  1183 I am_on_resume_called: [0,org.cyanogenmod.trebuchet.CustomHomeLauncher]
11-14 20:33:29.886   650   870 I am_destroy_activity: [0,1106625344,21,com.android.settings/.Settings,finish-imm]
11-14 20:33:29.896   179   179 I sf_frame_dur: [com.android.settings/com.android.settings.Settings,6,0,0,0,0,0,1]
11-14 20:33:30.576   650   904 I am_create_service: [0,1111109624,.WeatherUpdateService,10043,1458]
11-14 20:33:30.576   650   668 I am_destroy_service: [0,1111109624,1458]
11-14 20:33:30.616   650  1208 I am_create_task: [0,22]
11-14 20:33:30.616   650  1208 I am_create_activity: [0,1106726656,22,com.android.settings/.Settings,android.intent.action.MAIN,NULL,NULL,270532608]
11-14 20:33:30.616   650  1208 I wm_task_created: [22,2]
11-14 20:33:30.616   650  1208 I wm_task_moved: [22,1,2]
11-14 20:33:30.616   650  1208 I wm_home_stack_moved: 0
11-14 20:33:30.666   650  1208 I am_pause_activity: [0,1108979816,com.cyanogenmod.trebuchet/org.cyanogenmod.trebuchet.CustomHomeLauncher]
11-14 20:33:30.696  1183  1183 I am_on_paused_called: [0,org.cyanogenmod.trebuchet.CustomHomeLauncher]
11-14 20:33:30.696   650  1207 I am_restart_activity: [0,1106726656,22,com.android.settings/.Settings]
11-14 20:33:31.006   179   179 I sf_frame_dur: [com.cyanogenmod.trebuchet/org.cyanogenmod.trebuchet.CustomHomeLauncher,0,0,0,0,0,0,1]
11-14 20:33:31.346   650   898 I wm_task_removed: [21,removeTask]
11-14 20:33:31.346   650   898 I wm_task_removed: [21,removeAppToken: last token]
11-14 20:33:31.396  2479  2479 I am_on_resume_called: [0,com.android.settings.Settings]
11-14 20:33:31.476   650  1180 I am_create_service: [0,1108790096,.SearchPopulator,1000,2479]
11-14 20:33:31.526   650   867 I am_activity_launch_time: [0,1106726656,com.android.settings/.Settings,834,834]
11-14 20:33:31.576   650   667 I am_destroy_service: [0,1108790096,2479]
11-14 20:33:31.746   179   179 I sf_frame_dur: [Starting com.android.settings,0,1,0,0,0,0,0]
11-14 20:33:37.536   650  1182 I wm_task_moved: [22,1,1]
11-14 20:33:37.536   650  1182 I wm_home_stack_moved: 0
11-14 20:33:37.536   650  1182 I am_create_activity: [0,1106738272,22,com.android.settings/.SubSettings,android.intent.action.MAIN,NULL,NULL,0]
11-14 20:33:37.536   650  1182 I am_pause_activity: [0,1106726656,com.android.settings/.Settings]
11-14 20:33:37.576  2479  2479 I am_on_paused_called: [0,com.android.settings.Settings]
11-14 20:33:37.576   650   668 I am_restart_activity: [0,1106738272,22,com.android.settings/.SubSettings]
11-14 20:33:37.626  2479  2479 I am_on_resume_called: [0,com.android.settings.SubSettings]
11-14 20:33:37.706   650   867 I am_activity_launch_time: [0,1106738272,com.android.settings/.SubSettings,129,129]
11-14 20:33:38.056   179   179 I sf_frame_dur: [com.android.settings/com.android.settings.Settings,103,11,2,2,1,2,1]
11-14 20:33:38.296   650  1343 I am_finish_activity: [0,1106738272,22,com.android.settings/.SubSettings,app-request]
11-14 20:33:38.296   650  1343 I am_pause_activity: [0,1106738272,com.android.settings/.SubSettings]
11-14 20:33:38.306  2479  2479 I am_on_paused_called: [0,com.android.settings.SubSettings]
11-14 20:33:38.306   650  1207 I am_resume_activity: [0,1106726656,22,com.android.settings/.Settings]
11-14 20:33:38.326  2479  2479 I am_on_resume_called: [0,com.android.settings.Settings]
11-14 20:33:38.756   650   870 I am_destroy_activity: [0,1106738272,22,com.android.settings/.SubSettings,finish-imm]
11-14 20:33:38.776   179   179 I sf_frame_dur: [com.android.settings/com.android.settings.SubSettings,0,1,0,0,1,0,0]
11-14 20:33:40.766   650   898 I am_finish_activity: [0,1106726656,22,com.android.settings/.Settings,app-request]
11-14 20:33:40.766   650   898 I wm_home_stack_moved: 1
11-14 20:33:40.766   650   898 I wm_task_moved: [1,1,1]
11-14 20:33:40.766   650   898 I wm_home_stack_moved: 1
11-14 20:33:40.806   650   898 I am_pause_activity: [0,1106726656,com.android.settings/.Settings]
11-14 20:33:40.816  2479  2479 I am_on_paused_called: [0,com.android.settings.Settings]
11-14 20:33:40.816   650   897 I am_resume_activity: [0,1108979816,1,com.cyanogenmod.trebuchet/org.cyanogenmod.trebuchet.CustomHomeLauncher]
11-14 20:33:40.846  1183  1183 I am_on_resume_called: [0,org.cyanogenmod.trebuchet.CustomHomeLauncher]
11-14 20:33:41.316   650   870 I am_destroy_activity: [0,1106726656,22,com.android.settings/.Settings,finish-imm]
11-14 20:33:41.336   179   179 I sf_frame_dur: [com.android.settings/com.android.settings.Settings,6,1,0,0,0,0,2]
11-14 20:33:42.016   650  1208 I am_create_task: [0,23]
11-14 20:33:42.016   650  1208 I am_create_activity: [0,1106625344,23,com.android.settings/.Settings,android.intent.action.MAIN,NULL,NULL,270532608]
11-14 20:33:42.016   650  1208 I wm_task_created: [23,2]
11-14 20:33:42.016   650  1208 I wm_task_moved: [23,1,2]
11-14 20:33:42.016   650  1208 I wm_home_stack_moved: 0
11-14 20:33:42.086   650  1208 I am_pause_activity: [0,1108979816,com.cyanogenmod.trebuchet/org.cyanogenmod.trebuchet.CustomHomeLauncher]
11-14 20:33:42.096  1183  1183 I am_on_paused_called: [0,org.cyanogenmod.trebuchet.CustomHomeLauncher]
11-14 20:33:42.096   650  1180 I am_restart_activity: [0,1106625344,23,com.android.settings/.Settings]
11-14 20:33:42.476   179   179 I sf_frame_dur: [com.cyanogenmod.trebuchet/org.cyanogenmod.trebuchet.CustomHomeLauncher,0,0,0,0,0,0,1]
11-14 20:33:42.676   650   667 I wm_task_removed: [22,removeTask]
11-14 20:33:42.676   650   667 I wm_task_removed: [22,removeAppToken: last token]
11-14 20:33:42.726  2479  2479 I am_on_resume_called: [0,com.android.settings.Settings]
11-14 20:33:42.836   650   898 I am_create_service: [0,1107905832,.SearchPopulator,1000,2479]
11-14 20:33:42.876   650   867 I am_activity_launch_time: [0,1106625344,com.android.settings/.Settings,780,780]
11-14 20:33:42.916   650   898 I am_destroy_service: [0,1107905832,2479]
11-14 20:33:43.086   179   179 I sf_frame_dur: [Starting com.android.settings,1,0,0,0,0,0,0]
11-14 20:33:48.806   650  1182 I wm_task_moved: [23,1,1]
11-14 20:33:48.806   650  1182 I wm_home_stack_moved: 0
11-14 20:33:48.816   650  1182 I am_create_activity: [0,1106738272,23,com.android.settings/.SubSettings,android.intent.action.MAIN,NULL,NULL,0]
11-14 20:33:48.816   650  1182 I am_pause_activity: [0,1106625344,com.android.settings/.Settings]
11-14 20:33:48.876  2479  2479 I am_on_paused_called: [0,com.android.settings.Settings]
11-14 20:33:48.876   650   668 I am_restart_activity: [0,1106738272,23,com.android.settings/.SubSettings]
11-14 20:33:48.946  2479  2479 I am_on_resume_called: [0,com.android.settings.SubSettings]
11-14 20:33:49.056   650   867 I am_activity_launch_time: [0,1106738272,com.android.settings/.SubSettings,186,186]
11-14 20:33:49.436   179   179 I sf_frame_dur: [com.android.settings/com.android.settings.Settings,107,4,3,2,1,2,1]
11-14 20:33:49.636   650  1343 I am_finish_activity: [0,1106738272,23,com.android.settings/.SubSettings,app-request]
11-14 20:33:49.636   650  1343 I am_pause_activity: [0,1106738272,com.android.settings/.SubSettings]
11-14 20:33:49.636  2479  2479 I am_on_paused_called: [0,com.android.settings.SubSettings]
11-14 20:33:49.636   650  1258 I am_resume_activity: [0,1106625344,23,com.android.settings/.Settings]
11-14 20:33:49.646  2479  2479 I am_on_resume_called: [0,com.android.settings.Settings]
11-14 20:33:50.076   650   870 I am_destroy_activity: [0,1106738272,23,com.android.settings/.SubSettings,finish-imm]
11-14 20:33:50.086   179   179 I sf_frame_dur: [com.android.settings/com.android.settings.SubSettings,0,1,0,0,1,0,0]
11-14 20:33:51.526   650  1182 I am_finish_activity: [0,1106625344,23,com.android.settings/.Settings,app-request]
11-14 20:33:51.526   650  1182 I wm_home_stack_moved: 1
11-14 20:33:51.526   650  1182 I wm_task_moved: [1,1,1]
11-14 20:33:51.526   650  1182 I wm_home_stack_moved: 1
11-14 20:33:51.566   650  1182 I am_pause_activity: [0,1106625344,com.android.settings/.Settings]
11-14 20:33:51.576  2479  2479 I am_on_paused_called: [0,com.android.settings.Settings]
11-14 20:33:51.586   650   898 I am_resume_activity: [0,1108979816,1,com.cyanogenmod.trebuchet/org.cyanogenmod.trebuchet.CustomHomeLauncher]
11-14 20:33:51.606  1183  1183 I am_on_resume_called: [0,org.cyanogenmod.trebuchet.CustomHomeLauncher]
11-14 20:33:52.066   650   870 I am_destroy_activity: [0,1106625344,23,com.android.settings/.Settings,finish-imm]
11-14 20:33:52.076   179   179 I sf_frame_dur: [com.android.settings/com.android.settings.Settings,6,0,0,0,0,0,1]
11-14 20:33:52.786   650   667 I am_create_task: [0,24]
11-14 20:33:52.786   650   667 I am_create_activity: [0,1106726656,24,com.android.settings/.Settings,android.intent.action.MAIN,NULL,NULL,270532608]
11-14 20:33:52.786   650   667 I wm_task_created: [24,2]
11-14 20:33:52.786   650   667 I wm_task_moved: [24,1,2]
11-14 20:33:52.786   650   667 I wm_home_stack_moved: 0
11-14 20:33:52.856   650   667 I am_pause_activity: [0,1108979816,com.cyanogenmod.trebuchet/org.cyanogenmod.trebuchet.CustomHomeLauncher]
11-14 20:33:52.886  1183  1183 I am_on_paused_called: [0,org.cyanogenmod.trebuchet.CustomHomeLauncher]
11-14 20:33:52.886   650   668 I am_restart_activity: [0,1106726656,24,com.android.settings/.Settings]
11-14 20:33:53.216   179   179 I sf_frame_dur: [com.cyanogenmod.trebuchet/org.cyanogenmod.trebuchet.CustomHomeLauncher,0,0,0,0,0,0,1]
11-14 20:33:53.476   650  1258 I wm_task_removed: [23,removeTask]
11-14 20:33:53.476   650  1258 I wm_task_removed: [23,removeAppToken: last token]
11-14 20:33:53.526  2479  2479 I am_on_resume_called: [0,com.android.settings.Settings]
11-14 20:33:53.626   650  1343 I am_create_service: [0,1107905832,.SearchPopulator,1000,2479]
11-14 20:33:53.676   650   867 I am_activity_launch_time: [0,1106726656,com.android.settings/.Settings,787,787]
11-14 20:33:53.716   650  1258 I am_destroy_service: [0,1107905832,2479]
11-14 20:33:53.886   179   179 I sf_frame_dur: [Starting com.android.settings,1,0,0,0,0,0,0]
11-14 20:34:00.606   650  1180 I wm_task_moved: [24,1,1]
11-14 20:34:00.606   650  1180 I wm_home_stack_moved: 0
11-14 20:34:00.606   650  1180 I am_create_activity: [0,1106738272,24,com.android.settings/.SubSettings,android.intent.action.MAIN,NULL,NULL,0]
11-14 20:34:00.606   650  1180 I am_pause_activity: [0,1106726656,com.android.settings/.Settings]
11-14 20:34:00.616  2479  2479 I am_on_paused_called: [0,com.android.settings.Settings]
11-14 20:34:00.616   650  1208 I am_restart_activity: [0,1106738272,24,com.android.settings/.SubSettings]
11-14 20:34:00.666  2479  2479 I am_on_resume_called: [0,com.android.settings.SubSettings]
11-14 20:34:00.746   650   867 I am_activity_launch_time: [0,1106738272,com.android.settings/.SubSettings,134,134]
11-14 20:34:01.096   179   179 I sf_frame_dur: [com.android.settings/com.android.settings.Settings,109,10,5,0,1,3,1]
11-14 20:34:01.336   650  1207 I am_finish_activity: [0,1106738272,24,com.android.settings/.SubSettings,app-request]
11-14 20:34:01.336   650  1207 I am_pause_activity: [0,1106738272,com.android.settings/.SubSettings]
11-14 20:34:01.336  2479  2479 I am_on_paused_called: [0,com.android.settings.SubSettings]
11-14 20:34:01.336   650  1258 I am_resume_activity: [0,1106726656,24,com.android.settings/.Settings]
11-14 20:34:01.346  2479  2479 I am_on_resume_called: [0,com.android.settings.Settings]
11-14 20:34:01.776   650   870 I am_destroy_activity: [0,1106738272,24,com.android.settings/.SubSettings,finish-imm]
11-14 20:34:01.786   179   179 I sf_frame_dur: [com.android.settings/com.android.settings.SubSettings,0,1,0,0,1,0,0]
11-14 20:34:03.436   650  1207 I am_finish_activity: [0,1106726656,24,com.android.settings/.Settings,app-request]
11-14 20:34:03.436   650  1207 I wm_home_stack_moved: 1
11-14 20:34:03.446   650  1207 I wm_task_moved: [1,1,1]
11-14 20:34:03.446   650  1207 I wm_home_stack_moved: 1
11-14 20:34:03.496   650  1207 I am_pause_activity: [0,1106726656,com.android.settings/.Settings]
11-14 20:34:03.506  2479  2479 I am_on_paused_called: [0,com.android.settings.Settings]
11-14 20:34:03.516   650  1182 I am_resume_activity: [0,1108979816,1,com.cyanogenmod.trebuchet/org.cyanogenmod.trebuchet.CustomHomeLauncher]
11-14 20:34:03.536  1183  1183 I am_on_resume_called: [0,org.cyanogenmod.trebuchet.CustomHomeLauncher]
11-14 20:34:03.996   650   870 I am_destroy_activity: [0,1106726656,24,com.android.settings/.Settings,finish-imm]
11-14 20:34:04.046   179   179 I sf_frame_dur: [com.android.settings/com.android.settings.Settings,5,1,0,0,0,0,2]
11-14 20:34:04.736   650  1180 I am_create_task: [0,25]
11-14 20:34:04.736   650  1180 I am_create_activity: [0,1106625344,25,com.android.settings/.Settings,android.intent.action.MAIN,NULL,NULL,270532608]
11-14 20:34:04.736   650  1180 I wm_task_created: [25,2]
11-14 20:34:04.736   650  1180 I wm_task_moved: [25,1,2]
11-14 20:34:04.736   650  1180 I wm_home_stack_moved: 0
11-14 20:34:04.776   650  1180 I am_pause_activity: [0,1108979816,com.cyanogenmod.trebuchet/org.cyanogenmod.trebuchet.CustomHomeLauncher]
11-14 20:34:04.796  1183  1183 I am_on_paused_called: [0,org.cyanogenmod.trebuchet.CustomHomeLauncher]
11-14 20:34:04.796   650   897 I am_restart_activity: [0,1106625344,25,com.android.settings/.Settings]
11-14 20:34:05.136   179   179 I sf_frame_dur: [com.cyanogenmod.trebuchet/org.cyanogenmod.trebuchet.CustomHomeLauncher,0,0,0,0,0,0,1]
11-14 20:34:05.726   650  1180 I wm_task_removed: [24,removeTask]
11-14 20:34:05.726   650  1180 I wm_task_removed: [24,removeAppToken: last token]
11-14 20:34:05.776  2479  2479 I am_on_resume_called: [0,com.android.settings.Settings]
11-14 20:34:05.876   650  1182 I am_create_service: [0,1109917672,.SearchPopulator,1000,2479]
11-14 20:34:05.936   650   867 I am_activity_launch_time: [0,1106625344,com.android.settings/.Settings,1140,1140]
11-14 20:34:05.966   650   897 I am_destroy_service: [0,1109917672,2479]
11-14 20:34:06.156   179   179 I sf_frame_dur: [Starting com.android.settings,1,0,0,0,0,0,0]
11-14 20:34:07.236  3894  4024 I dvm_lock_sample: [uiautomator,0,UiAutomatorHandlerThread,101,QueryController.java,61,-,149,20]
11-14 20:34:11.926   650  1180 I wm_task_moved: [25,1,1]
11-14 20:34:11.926   650  1180 I wm_home_stack_moved: 0
11-14 20:34:11.926   650  1180 I am_create_activity: [0,1106738272,25,com.android.settings/.SubSettings,android.intent.action.MAIN,NULL,NULL,0]
11-14 20:34:11.926   650  1180 I am_pause_activity: [0,1106625344,com.android.settings/.Settings]
11-14 20:34:11.936  2479  2479 I am_on_paused_called: [0,com.android.settings.Settings]
11-14 20:34:11.936   650  1182 I am_restart_activity: [0,1106738272,25,com.android.settings/.SubSettings]
11-14 20:34:11.996  2479  2479 I am_on_resume_called: [0,com.android.settings.SubSettings]
11-14 20:34:12.066   650   867 I am_activity_launch_time: [0,1106738272,com.android.settings/.SubSettings,131,131]
11-14 20:34:12.406   179   179 I sf_frame_dur: [com.android.settings/com.android.settings.Settings,105,7,4,1,1,2,1]
11-14 20:34:12.656   650   667 I am_finish_activity: [0,1106738272,25,com.android.settings/.SubSettings,app-request]
11-14 20:34:12.656   650   667 I am_pause_activity: [0,1106738272,com.android.settings/.SubSettings]
11-14 20:34:12.666  2479  2479 I am_on_paused_called: [0,com.android.settings.SubSettings]
11-14 20:34:12.666   650   898 I am_resume_activity: [0,1106625344,25,com.android.settings/.Settings]
11-14 20:34:12.666  2479  2479 I am_on_resume_called: [0,com.android.settings.Settings]
11-14 20:34:13.086   650   870 I am_destroy_activity: [0,1106738272,25,com.android.settings/.SubSettings,finish-imm]
11-14 20:34:13.096   179   179 I sf_frame_dur: [com.android.settings/com.android.settings.SubSettings,2,0,0,0,1,0,0]
11-14 20:34:15.156   650   668 I am_finish_activity: [0,1106625344,25,com.android.settings/.Settings,app-request]
11-14 20:34:15.156   650   668 I wm_home_stack_moved: 1
11-14 20:34:15.156   650   668 I wm_task_moved: [1,1,1]
11-14 20:34:15.156   650   668 I wm_home_stack_moved: 1
11-14 20:34:15.196   650   668 I am_pause_activity: [0,1106625344,com.android.settings/.Settings]
11-14 20:34:15.206  2479  2479 I am_on_paused_called: [0,com.android.settings.Settings]
11-14 20:34:15.206   650  1182 I am_resume_activity: [0,1108979816,1,com.cyanogenmod.trebuchet/org.cyanogenmod.trebuchet.CustomHomeLauncher]
11-14 20:34:15.216  1183  1183 I am_on_resume_called: [0,org.cyanogenmod.trebuchet.CustomHomeLauncher]
11-14 20:34:15.676   650   870 I am_destroy_activity: [0,1106625344,25,com.android.settings/.Settings,finish-imm]
11-14 20:34:15.686   179   179 I sf_frame_dur: [com.android.settings/com.android.settings.Settings,4,1,0,0,0,0,1]
11-14 20:34:16.436   650   897 I am_create_task: [0,26]
11-14 20:34:16.436   650   897 I am_create_activity: [0,1106726656,26,com.android.settings/.Settings,android.intent.action.MAIN,NULL,NULL,270532608]
11-14 20:34:16.436   650   897 I wm_task_created: [26,2]
11-14 20:34:16.436   650   897 I wm_task_moved: [26,1,2]
11-14 20:34:16.436   650   897 I wm_home_stack_moved: 0
11-14 20:34:16.476   650   897 I am_pause_activity: [0,1108979816,com.cyanogenmod.trebuchet/org.cyanogenmod.trebuchet.CustomHomeLauncher]
11-14 20:34:16.486  1183  1183 I am_on_paused_called: [0,org.cyanogenmod.trebuchet.CustomHomeLauncher]
11-14 20:34:16.496   650  1180 I am_restart_activity: [0,1106726656,26,com.android.settings/.Settings]
11-14 20:34:16.866   179   179 I sf_frame_dur: [com.cyanogenmod.trebuchet/org.cyanogenmod.trebuchet.CustomHomeLauncher,0,0,0,0,0,0,1]
11-14 20:34:17.306   650  1343 I wm_task_removed: [25,removeTask]
11-14 20:34:17.306   650  1343 I wm_task_removed: [25,removeAppToken: last token]
11-14 20:34:17.356  2479  2479 I am_on_resume_called: [0,com.android.settings.Settings]
11-14 20:34:17.456   650  1258 I am_create_service: [0,1110961520,.SearchPopulator,1000,2479]
11-14 20:34:17.496   650   867 I am_activity_launch_time: [0,1106726656,com.android.settings/.Settings,1010,1010]
11-14 20:34:17.556   650   668 I am_destroy_service: [0,1110961520,2479]
11-14 20:34:17.716   179   179 I sf_frame_dur: [Starting com.android.settings,0,1,0,0,0,0,0]
11-14 20:34:18.826  3894  4024 I dvm_lock_sample: [uiautomator,0,UiAutomatorHandlerThread,129,QueryController.java,61,-,149,25]
11-14 20:34:22.516  3894  4024 I dvm_lock_sample: [uiautomator,0,UiAutomatorHandlerThread,128,QueryController.java,61,-,149,25]
11-14 20:34:24.306   650   668 I wm_task_moved: [26,1,1]
11-14 20:34:24.306   650   668 I wm_home_stack_moved: 0
11-14 20:34:24.306   650   668 I am_create_activity: [0,1106738272,26,com.android.settings/.SubSettings,android.intent.action.MAIN,NULL,NULL,0]
11-14 20:34:24.306   650   668 I am_pause_activity: [0,1106726656,com.android.settings/.Settings]
11-14 20:34:24.316  2479  2479 I am_on_paused_called: [0,com.android.settings.Settings]
11-14 20:34:24.316   650  1343 I am_restart_activity: [0,1106738272,26,com.android.settings/.SubSettings]
11-14 20:34:24.406  2479  2479 I am_on_resume_called: [0,com.android.settings.SubSettings]
11-14 20:34:24.476   650   867 I am_activity_launch_time: [0,1106738272,com.android.settings/.SubSettings,162,162]
11-14 20:34:24.826   179   179 I sf_frame_dur: [com.android.settings/com.android.settings.Settings,105,8,4,1,1,2,2]
11-14 20:34:25.066   650  1207 I am_finish_activity: [0,1106738272,26,com.android.settings/.SubSettings,app-request]
11-14 20:34:25.066   650  1207 I am_pause_activity: [0,1106738272,com.android.settings/.SubSettings]
11-14 20:34:25.076  2479  2479 I am_on_paused_called: [0,com.android.settings.SubSettings]
11-14 20:34:25.076   650  1258 I am_resume_activity: [0,1106726656,26,com.android.settings/.Settings]
11-14 20:34:25.096  2479  2479 I am_on_resume_called: [0,com.android.settings.Settings]
11-14 20:34:25.516   650   870 I am_destroy_activity: [0,1106738272,26,com.android.settings/.SubSettings,finish-imm]
11-14 20:34:25.526   179   179 I sf_frame_dur: [com.android.settings/com.android.settings.SubSettings,0,1,0,0,1,0,0]
11-14 20:34:27.486   650  1343 I am_finish_activity: [0,1106726656,26,com.android.settings/.Settings,app-request]
11-14 20:34:27.486   650  1343 I wm_home_stack_moved: 1
11-14 20:34:27.486   650  1343 I wm_task_moved: [1,1,1]
11-14 20:34:27.486   650  1343 I wm_home_stack_moved: 1
