11-14 20:28:23.961  1123  1123 D GsmDCT  : createAllApnList: X mAllDps=[[ApnSettingV2] China Unicom 3G, 1583, 46001, 3gnet, null, null, null, null, 80, -1, default | supl, IP, IP, true, 0, [ApnSettingV2]  3g  (China Unicom), 1584, 46001, 3gwap, null, http://mmsc.myuni.com.cn, 10.0.0.172, 80, null, -1, mms, IP, IP, true, 0, [ApnSettingV2] China Unicom MMS, 1585, 46001, uniwap, null, http://mmsc.myuni.com.cn, 10.0.0.172, 80, null, -1, mms, IP, IP, true, 0]
11-14 20:28:23.961  1123  1123 D GsmDCT  : setInitialApn: E mPreferredApn=[ApnSettingV2] China Unicom 3G, 1583, 46001, 3gnet, null, null, null, null, 80, -1, default | supl, IP, IP, true, 0
11-14 20:28:23.961  1123  1123 D GsmDCT  : setInitialApn: firstApnSetting=[ApnSettingV2] China Unicom 3G, 1583, 46001, 3gnet, null, null, null, null, 80, -1, default | supl, IP, IP, true, 0
11-14 20:28:23.961  1123  1123 D GsmDCT  : setInitialApn: defaultApnSetting=[ApnSettingV2] China Unicom 3G, 1583, 46001, 3gnet, null, null, null, null, 80, -1, default | supl, IP, IP, true, 0
11-14 20:28:23.961  1123  1123 D GsmDCT  : setInitialAttachApn: using mPreferredApn
11-14 20:28:23.961  1123  1123 D GsmDCT  : setInitialAttachApn: X selected Apn=[ApnSettingV2] China Unicom 3G, 1583, 46001, 3gnet, null, null, null, null, 80, -1, default | supl, IP, IP, true, 0
11-14 20:28:23.961  1123  1123 D RILJ    : Set RIL_REQUEST_SET_INITIAL_ATTACH_APN
11-14 20:28:23.961  1123  1123 D RILJ    : [3746]> RIL_REQUEST_SET_INITIAL_ATTACH_APN, apn:3gnet, protocol:IP, authType:-1, username:null, password:null
11-14 20:28:23.961  1123  1123 D GsmDCT  : onRecordsLoaded: notifying data availability
11-14 20:28:23.971  1123  1123 D GsmDCT  : [ApnContext:fota] getDataProfile: mDataProfile=null
11-14 20:28:23.971  1123  1123 D GsmDCT  : [ApnContext:dun] getDataProfile: mDataProfile=null
11-14 20:28:23.971  1123  1247 D RILJ    : [3746]< RIL_REQUEST_SET_INITIAL_ATTACH_APN 
11-14 20:28:24.001  1123  1123 D GsmDCT  : [ApnContext:ia] getDataProfile: mDataProfile=null
11-14 20:28:24.001  1123  1123 D GsmDCT  : [ApnContext:supl] getDataProfile: mDataProfile=null
11-14 20:28:24.001  1123  1123 D GsmDCT  : [ApnContext:hipri] getDataProfile: mDataProfile=null
11-14 20:28:24.001  1123  1123 D GsmDCT  : [ApnContext:ims] getDataProfile: mDataProfile=null
11-14 20:28:24.001  1123  1123 D GsmDCT  : [ApnContext:mms] getDataProfile: mDataProfile=null
11-14 20:28:24.011  1123  1123 D GsmDCT  : [ApnContext:cbs] getDataProfile: mDataProfile=null
11-14 20:28:24.011  1123  1123 D GsmDCT  : setupDataOnConnectableApns: simLoaded
11-14 20:28:24.011  1123  1123 D GsmDCT  : setupDataOnConnectableApns: apnContext {mApnType=hipri mState=IDLE mWaitingDataProfiles={null} mWaitingApnsPermanentFailureCountDown=0 mDataProfile={null} mReason=nwTypeChanged mDataEnabled=false mDependencyMet=true}
11-14 20:28:24.011  1123  1123 D GsmDCT  : setupDataOnConnectableApns: apnContext {mApnType=mms mState=IDLE mWaitingDataProfiles={null} mWaitingApnsPermanentFailureCountDown=0 mDataProfile={null} mReason=nwTypeChanged mDataEnabled=false mDependencyMet=true}
11-14 20:28:24.011  1123  1123 D GsmDCT  : setupDataOnConnectableApns: apnContext {mApnType=supl mState=IDLE mWaitingDataProfiles={null} mWaitingApnsPermanentFailureCountDown=0 mDataProfile={null} mReason=nwTypeChanged mDataEnabled=false mDependencyMet=true}
11-14 20:28:24.011  1123  1123 D GsmDCT  : setupDataOnConnectableApns: apnContext {mApnType=cbs mState=IDLE mWaitingDataProfiles={null} mWaitingApnsPermanentFailureCountDown=0 mDataProfile={null} mReason=nwTypeChanged mDataEnabled=false mDependencyMet=true}
11-14 20:28:24.011  1123  1123 D GsmDCT  : setupDataOnConnectableApns: apnContext {mApnType=dun mState=IDLE mWaitingDataProfiles={null} mWaitingApnsPermanentFailureCountDown=0 mDataProfile={null} mReason=nwTypeChanged mDataEnabled=false mDependencyMet=true}
11-14 20:28:24.011  1123  1123 D GsmDCT  : setupDataOnConnectableApns: apnContext {mApnType=fota mState=IDLE mWaitingDataProfiles={null} mWaitingApnsPermanentFailureCountDown=0 mDataProfile={null} mReason=nwTypeChanged mDataEnabled=false mDependencyMet=true}
11-14 20:28:24.011  1123  1123 D GsmDCT  : setupDataOnConnectableApns: apnContext {mApnType=ims mState=IDLE mWaitingDataProfiles={null} mWaitingApnsPermanentFailureCountDown=0 mDataProfile={null} mReason=nwTypeChanged mDataEnabled=false mDependencyMet=true}
11-14 20:28:24.011  1123  1123 D GsmDCT  : setupDataOnConnectableApns: apnContext {mApnType=default mState=CONNECTING mWaitingDataProfiles={[[ApnSettingV2] China Unicom 3G, 1583, 46001, 3gnet, null, null, null, null, 80, -1, default | supl, IP, IP, true, 0]} mWaitingApnsPermanentFailureCountDown=1 mDataProfile={[ApnSettingV2] China Unicom 3G, 1583, 46001, 3gnet, null, null, null, null, 80, -1, default | supl, IP, IP, true, 0} mReason=lostDataConnection mDataEnabled=true mDependencyMet=true}
11-14 20:28:24.011  1123  1123 D GsmDCT  : setupDataOnConnectableApns: apnContext {mApnType=ia mState=IDLE mWaitingDataProfiles={null} mWaitingApnsPermanentFailureCountDown=0 mDataProfile={null} mReason=nwTypeChanged mDataEnabled=false mDependencyMet=true}
11-14 20:28:24.011  1123  1123 D CAT     : CatService: DISPLAY_TEXT
11-14 20:28:24.011  1123  1123 D RILJ    : [3747]> OPERATOR
11-14 20:28:24.021  1123  1123 D RILJ    : [3748]> DATA_REGISTRATION_STATE
11-14 20:28:24.021  1123  1247 D RILJ    : [3747]< OPERATOR {, , 46001}
11-14 20:28:24.021  1123  1123 D RILJ    : [3749]> VOICE_REGISTRATION_STATE
11-14 20:28:24.021  1123  1123 D RILJ    : [3750]> QUERY_NETWORK_SELECTION_MODE
11-14 20:28:24.021  1123  1247 D RILJ    : [3750]< QUERY_NETWORK_SELECTION_MODE {0}
11-14 20:28:24.021  1123  1247 D RILJ    : [3748]< DATA_REGISTRATION_STATE {2, null, null, null, 0, 20, null, null, null, null, null}
11-14 20:28:24.021  1123  1247 D RILJ    : [3749]< VOICE_REGISTRATION_STATE {1, 101d, null, 14, null, null, null, 0, null, null, null, null, null, 0, null}
11-14 20:28:24.031  1123  1123 D RILJ    : [3751]> OPERATOR
11-14 20:28:24.031  1123  1123 D RILJ    : [3752]> DATA_REGISTRATION_STATE
11-14 20:28:24.031  1123  1247 D RILJ    : [3751]< OPERATOR {, , 46001}
11-14 20:28:24.031  1123  1123 D RILJ    : [3753]> VOICE_REGISTRATION_STATE
11-14 20:28:24.031  1123  1123 D RILJ    : [3754]> QUERY_NETWORK_SELECTION_MODE
11-14 20:28:24.031  1123  1247 D RILJ    : [3754]< QUERY_NETWORK_SELECTION_MODE {0}
11-14 20:28:24.031  1123  1123 D GsmDCT  : handleMessage msg={ when=-121ms what=270376 obj=android.os.AsyncResult@421a1798 target=com.android.internal.telephony.dataconnection.DcTracker }
11-14 20:28:24.031  1123  1123 D GsmDCT  : onUpdateIcc: newIccRecords com.android.internal.telephony.uicc.SIMRecords
11-14 20:28:24.031  1123  1247 D RILJ    : [3752]< DATA_REGISTRATION_STATE {2, null, null, null, 0, 20, null, null, null, null, null}
11-14 20:28:24.031  1123  1247 D RILJ    : [3753]< VOICE_REGISTRATION_STATE {1, 101d, null, 14, null, null, null, 0, null, null, null, null, null, 0, null}
11-14 20:28:24.031  1123  1123 D RILJ    : [3755]> OPERATOR
11-14 20:28:24.031  1123  1123 D RILJ    : [3756]> DATA_REGISTRATION_STATE
11-14 20:28:24.031  1123  1247 D RILJ    : [3755]< OPERATOR {, , 46001}
11-14 20:28:24.041  1123  1123 D RILJ    : [3757]> VOICE_REGISTRATION_STATE
11-14 20:28:24.041  1123  1123 D RILJ    : [3758]> QUERY_NETWORK_SELECTION_MODE
11-14 20:28:24.041  1123  1247 D RILJ    : [3758]< QUERY_NETWORK_SELECTION_MODE {0}
11-14 20:28:24.041  1123  1247 D RILJ    : [3756]< DATA_REGISTRATION_STATE {2, null, null, null, 0, 20, null, null, null, null, null}
11-14 20:28:24.041  1123  1123 D GsmDCT  : handleMessage msg={ when=-96ms what=270370 obj=android.os.AsyncResult@421e9738 target=com.android.internal.telephony.dataconnection.DcTracker }
11-14 20:28:24.041  1123  1123 D GsmDCT  : DataConnectionTracker.handleMessage: EVENT_DISCONNECT_DC_RETRYING msg={ when=-96ms what=270370 obj=android.os.AsyncResult@421e9738 target=com.android.internal.telephony.dataconnection.DcTracker }
11-14 20:28:24.041  1123  1123 D GsmDCT  : onDisconnectDcRetrying: apnContext={mApnType=default mState=RETRYING mWaitingDataProfiles={[[ApnSettingV2] China Unicom 3G, 1583, 46001, 3gnet, null, null, null, null, 80, -1, default | supl, IP, IP, true, 0]} mWaitingApnsPermanentFailureCountDown=1 mDataProfile={[ApnSettingV2] China Unicom 3G, 1583, 46001, 3gnet, null, null, null, null, 80, -1, default | supl, IP, IP, true, 0} mReason=lostDataConnection mDataEnabled=true mDependencyMet=true}
11-14 20:28:24.041  1123  1123 D GsmDCT  : [ApnContext:default] getDataProfile: mDataProfile=[ApnSettingV2] China Unicom 3G, 1583, 46001, 3gnet, null, null, null, null, 80, -1, default | supl, IP, IP, true, 0
11-14 20:28:24.041  1123  1247 D RILJ    : [3757]< VOICE_REGISTRATION_STATE {1, 101d, null, 14, null, null, null, 0, null, null, null, null, null, 0, null}
11-14 20:28:24.061  1123  1123 D PHONE   : [ServiceState] setDataRegState=1
11-14 20:28:24.061  1123  1123 D PHONE   : [ServiceState] setDataRadioTechnology=0
11-14 20:28:24.061  1123  1123 D GsmSST  : [GsmSST] handlPollStateResultMessage: GsmSST setDataRegState=1 regState=2 dataRadioTechnology=0
11-14 20:28:24.061  1123  1123 D PHONE   : [ServiceState] setVoiceRegState=0
11-14 20:28:24.061  1123  1123 E PHONE   : [ServiceState] setState deprecated use setVoiceRegState()
11-14 20:28:24.061  1123  1123 D GsmSST  : [GsmSST] Poll ServiceState done:  oldSS=[0 0 home   46001  LTE LTE CSS not supported -1 -1 RoamInd=-1 DefRoamInd=-1 EmergOnly=false] newSS=[0 1 home   46001  LTE Unknown CSS not supported -1 -1 RoamInd=-1 DefRoamInd=-1 EmergOnly=false] oldMaxDataCalls=20 mNewMaxDataCalls=20 oldReasonDataDenied=-1 mNewReasonDataDenied=-1
11-14 20:28:24.061  1123  1123 D PHONE   : [ServiceState] setNullState=1
11-14 20:28:24.061  1123  1123 D GsmSST  : [GsmSST] Iwlan feature available = false
11-14 20:28:24.061  1123  1123 D GsmSST  : [GsmSST] pollStateDone: no nitz but one TZ for iso-cc=cn with zone.getID=Asia/Shanghai testOneUniqueOffsetPath=false
11-14 20:28:24.061  1123  1123 D GsmSST  : [GsmSST] setAndBroadcastNetworkSetTimeZone: setTimeZone=Asia/Shanghai
11-14 20:28:24.061  1123  1123 D GsmSST  : [GsmSST] setAndBroadcastNetworkSetTimeZone: call alarm.setTimeZone and broadcast zoneId=Asia/Shanghai
11-14 20:28:24.061  1123  1123 D GsmSST  : [GsmSST] shouldFixTimeZoneNow: retVal=false iccCardExist=true operatorNumeric=46001 mcc=460 prevOperatorNumeric=46001 prevMcc=460 needToFixTimeZone=false ltod=11-14 20:28:24.079
11-14 20:28:24.071  1123  1123 D GsmSST  : [GsmSST] notifyDataRegStateRilRadioTechnologyChanged: drs=1 rat=0
11-14 20:28:24.071  1123  1123 D GsmSST  : [GsmSST] Iwlan feature available = false
11-14 20:28:24.071  1123  1123 D GsmDCT  : get all active apn types
11-14 20:28:24.071  1123  1123 D GSMPhone: getDataConnectionState: Data is Out of Service. ret = DISCONNECTED
11-14 20:28:24.071  1123  1402 D GsmDC-1 : DcRetryingState: EVENT_DATA_CONNECTION_DRS_OR_RAT_CHANGED giving up changed from 14 to rat=0 or drs changed from 0 to drs=1
11-14 20:28:24.071  1123  1402 D GsmDC-1 : DcInactiveState: enter() mTag=3
11-14 20:28:24.071  1123  1402 D GsmDC-1 : DcInactiveState: enter notifyAllDisconnectCompleted failCause=LOST_CONNECTION
11-14 20:28:24.071  1123  1123 D GsmDCT  : [ApnContext:default] getDataProfile: mDataProfile=[ApnSettingV2] China Unicom 3G, 1583, 46001, 3gnet, null, null, null, null, 80, -1, default | supl, IP, IP, true, 0
11-14 20:28:24.071  1123  1402 D Dcc     : removeActiveDcByCid removedDc=null dc={GsmDC-1: State=DcInactiveState mApnSetting=[ApnSettingV2] China Unicom 3G, 1583, 46001, 3gnet, null, null, null, null, 80, -1, default | supl, IP, IP, true, 0 RefCount=1 mCid=-1 mCreateTime=-1 mLastastFailTime=-1 mLastFailCause=NONE mTag=3 mRetryManager=RetryManager: { forever=false maxRetry=10 curMaxRetry=1 retry=0 config={default_randomization=2000,5000,10000,20000,40000,80000:5000,160000:5000,320000:5000,640000:5000,1280000:5000,1800000:5000} retryArray={5000:2000 10000:2000 20000:2000 40000:2000 80000:5000 160000:5000 320000:5000 640000:5000 1280000:5000 1800000:5000 }} mLinkProperties={LinkAddresses: []  Routes: [] DnsAddresses: [] Domains: nullMTU: 0} mLinkCapabilities={} mApnContexts=[{mApnType=default mState=RETRYING mWaitingDataProfiles={[[ApnSettingV2] China Unicom 3G, 1583, 46001, 3gnet, null, null, null, null, 80, -1, default | supl, IP, IP, true, 0]} mWaitingApnsPermanentFailureCountDown=1 mDataProfile={[ApnSettingV2] China Unicom 3G, 1583, 46001, 3gnet, null, null, null, null, 80, -1, default | supl, IP, IP, true, 0} mReason=LOST_CONNECTION mDataEnabled=true mDependencyMet=true}]}
11-14 20:28:24.071  1123  1402 D GsmDC-1 : clearSettings
11-14 20:28:24.071  1123  1402 D GsmDC-1 : DcInactiveState nothandled msg.what=EVENT_DATA_CONNECTION_DRS_OR_RAT_CHANGED
11-14 20:28:24.071  1123  1402 D GsmDC-1 : DcDefault msg=EVENT_DATA_CONNECTION_DRS_OR_RAT_CHANGED RefCount=0
11-14 20:28:24.071  1123  1402 D GsmDC-1 : DcDefaultState: EVENT_DATA_CONNECTION_DRS_OR_RAT_CHANGED drs=1 mRilRat=0
11-14 20:28:24.071  1123  1123 D GsmDCT  : handleMessage msg={ when=-24ms what=270368 arg1=1 target=com.android.internal.telephony.dataconnection.DcTracker }
11-14 20:28:24.071  1123  1123 D CAT     : StkAppService: 1called on slot:0
11-14 20:28:24.071  1123  1976 D CAT     : StkAppService$ServiceHandler: DISPLAY_TEXT
11-14 20:28:24.071  1123  1123 D GsmDCT  : handleMessage msg={ when=-11ms what=270368 arg1=1 target=com.android.internal.telephony.dataconnection.DcTracker }
11-14 20:28:24.071  1123  1123 D GsmDCT  : handleMessage msg={ when=-6ms what=270345 obj=android.os.AsyncResult@42238638 target=com.android.internal.telephony.dataconnection.DcTracker }
11-14 20:28:24.071  1123  1123 D GsmDCT  : onDataConnectionDetached: stop polling and notify detached
11-14 20:28:24.071  1123  1123 D GsmDCT  : stopNetStatPoll
11-14 20:28:24.071  1123  1123 D GsmDCT  : stopDataStallAlarm: current tag=14683 mDataStallAlarmIntent=null
11-14 20:28:24.071  1123  1123 D GsmDCT  : notifyDataConnection: reason=dataDetached
11-14 20:28:24.071  1123  1123 D GsmDCT  : notifyDataConnection: type:default
11-14 20:28:24.071  1123  1123 D GSMPhone: getDataConnectionState: Data is Out of Service. ret = DISCONNECTED
11-14 20:28:24.071  1123  1123 D GsmDCT  : [ApnContext:default] getDataProfile: mDataProfile=[ApnSettingV2] China Unicom 3G, 1583, 46001, 3gnet, null, null, null, null, 80, -1, default | supl, IP, IP, true, 0
11-14 20:28:24.161  1123  1247 D RILJ    : [UNSL]< UNSOL_RESPONSE_VOICE_NETWORK_STATE_CHANGED
11-14 20:28:24.381  1123  1123 D GsmDCT  : [ApnContext:fota] getDataProfile: mDataProfile=null
11-14 20:28:24.391  1123  1123 D GsmDCT  : [ApnContext:dun] getDataProfile: mDataProfile=null
11-14 20:28:24.391  1123  1123 D GsmDCT  : [ApnContext:ia] getDataProfile: mDataProfile=null
11-14 20:28:24.391  1123  1123 D GsmDCT  : [ApnContext:supl] getDataProfile: mDataProfile=null
11-14 20:28:24.391  1123  1123 D GsmDCT  : [ApnContext:hipri] getDataProfile: mDataProfile=null
11-14 20:28:24.391  1123  1123 D GsmDCT  : [ApnContext:ims] getDataProfile: mDataProfile=null
11-14 20:28:24.401  1123  1123 D GsmDCT  : [ApnContext:mms] getDataProfile: mDataProfile=null
11-14 20:28:24.401  1123  1123 D GsmDCT  : [ApnContext:cbs] getDataProfile: mDataProfile=null
11-14 20:28:24.401  1123  1123 D GsmDCT  : handleMessage msg={ when=-335ms what=270376 obj=android.os.AsyncResult@42238908 target=com.android.internal.telephony.dataconnection.DcTracker }
11-14 20:28:24.401  1123  1123 D GsmDCT  : onUpdateIcc: newIccRecords null
11-14 20:28:24.401  1123  1123 D GsmDCT  : handleMessage msg={ when=-335ms what=270351 obj=android.os.AsyncResult@42239ec0 target=com.android.internal.telephony.dataconnection.DcTracker }
11-14 20:28:24.401  1123  1123 D GsmDCT  : DataConnectionTracker.handleMessage: EVENT_DISCONNECT_DONE msg={ when=-335ms what=270351 obj=android.os.AsyncResult@42239ec0 target=com.android.internal.telephony.dataconnection.DcTracker }
11-14 20:28:24.401  1123  1123 D GsmDCT  : onDisconnectDone: EVENT_DISCONNECT_DONE apnContext={mApnType=default mState=RETRYING mWaitingDataProfiles={[[ApnSettingV2] China Unicom 3G, 1583, 46001, 3gnet, null, null, null, null, 80, -1, default | supl, IP, IP, true, 0]} mWaitingApnsPermanentFailureCountDown=1 mDataProfile={[ApnSettingV2] China Unicom 3G, 1583, 46001, 3gnet, null, null, null, null, 80, -1, default | supl, IP, IP, true, 0} mReason=LOST_CONNECTION mDataEnabled=true mDependencyMet=true}
11-14 20:28:24.401  1123  1123 D GSMPhone: getDataConnectionState: Data is Out of Service. ret = DISCONNECTED
11-14 20:28:24.401  1123  1123 D GsmDCT  : [ApnContext:default] getDataProfile: mDataProfile=[ApnSettingV2] China Unicom 3G, 1583, 46001, 3gnet, null, null, null, null, 80, -1, default | supl, IP, IP, true, 0
11-14 20:28:24.411  1123  1123 D GsmDCT  : [ApnContext:default] setDataProfile: mDataProfile=null
11-14 20:28:24.411  1123  1123 D GsmDCT  : isOnlySingleDcAllowed(0): false
11-14 20:28:24.411  1123  1123 D GsmDCT  : onDisconnectDone: not retrying
11-14 20:28:24.411  1123  1123 D RILJ    : [3759]> OPERATOR
11-14 20:28:24.411  1123  1123 D RILJ    : [3760]> DATA_REGISTRATION_STATE
11-14 20:28:24.411  1123  1247 D RILJ    : [3759]< OPERATOR {, , 46001}
11-14 20:28:24.411  1123  1123 D RILJ    : [3761]> VOICE_REGISTRATION_STATE
11-14 20:28:24.411  1123  1123 D RILJ    : [3762]> QUERY_NETWORK_SELECTION_MODE
11-14 20:28:24.411  1123  1247 D RILJ    : [3762]< QUERY_NETWORK_SELECTION_MODE {0}
11-14 20:28:24.421  1123  1247 D RILJ    : [3760]< DATA_REGISTRATION_STATE {2, null, null, null, 0, 20, null, 147, 4855663, null, null}
11-14 20:28:24.421  1123  1247 D RILJ    : [3761]< VOICE_REGISTRATION_STATE {1, 101d, 004a176f, 14, null, null, null, 0, null, null, null, null, null, 0, null}
11-14 20:28:24.461  1123  1247 D RILJ    : [UNSL]< UNSOL_RESPONSE_VOICE_NETWORK_STATE_CHANGED
11-14 20:28:24.481  1123  1247 D RILJ    : [UNSL]< UNSOL_RESPONSE_VOICE_NETWORK_STATE_CHANGED
11-14 20:28:24.491  1123  1123 D PHONE   : [ServiceState] setDataRegState=1
11-14 20:28:24.491  1123  1123 D PHONE   : [ServiceState] setDataRadioTechnology=0
11-14 20:28:24.491  1123  1123 D GsmSST  : [GsmSST] handlPollStateResultMessage: GsmSST setDataRegState=1 regState=2 dataRadioTechnology=0
11-14 20:28:24.491  1123  1123 D PHONE   : [ServiceState] setVoiceRegState=0
11-14 20:28:24.491  1123  1123 E PHONE   : [ServiceState] setState deprecated use setVoiceRegState()
11-14 20:28:24.491  1123  1123 D GsmSST  : [GsmSST] Poll ServiceState done:  oldSS=[0 1 home   46001  LTE Unknown CSS not supported -1 -1 RoamInd=-1 DefRoamInd=-1 EmergOnly=false] newSS=[0 1 home   46001  LTE Unknown CSS not supported -1 -1 RoamInd=-1 DefRoamInd=-1 EmergOnly=false] oldMaxDataCalls=20 mNewMaxDataCalls=20 oldReasonDataDenied=-1 mNewReasonDataDenied=-1
11-14 20:28:24.491  1123  1123 D PHONE   : [ServiceState] setNullState=1
11-14 20:28:24.491  1123  1123 D GsmSST  : [GsmSST] getCellLocation(): X good mCellLoc=[4125,4855663,-1]
11-14 20:28:24.491  1123  1123 D RILJ    : [3763]> OPERATOR
11-14 20:28:24.491  1123  1123 D RILJ    : [3764]> DATA_REGISTRATION_STATE
11-14 20:28:24.491  1123  1123 D RILJ    : [3765]> VOICE_REGISTRATION_STATE
11-14 20:28:24.491  1123  1123 D RILJ    : [3766]> QUERY_NETWORK_SELECTION_MODE
11-14 20:28:24.491  1123  1123 D RILJ    : [3767]> OPERATOR
11-14 20:28:24.501  1123  1123 D RILJ    : [3768]> DATA_REGISTRATION_STATE
11-14 20:28:24.501  1123  1247 D RILJ    : [3763]< OPERATOR {, , 46001}
11-14 20:28:24.501  1123  1247 D RILJ    : [3767]< OPERATOR {, , 46001}
11-14 20:28:24.501  1123  1123 D RILJ    : [3769]> VOICE_REGISTRATION_STATE
11-14 20:28:24.501  1123  1123 D RILJ    : [3770]> QUERY_NETWORK_SELECTION_MODE
11-14 20:28:24.501  1123  1247 D RILJ    : [3766]< QUERY_NETWORK_SELECTION_MODE {0}
11-14 20:28:24.501  1123  1247 D RILJ    : [3770]< QUERY_NETWORK_SELECTION_MODE {0}
11-14 20:28:24.501  1123  1247 D RILJ    : [3765]< VOICE_REGISTRATION_STATE {1, 101d, 004a176f, 14, null, null, null, 0, null, null, 1, null, null, 0, null}
11-14 20:28:24.501  1123  1247 D RILJ    : [3769]< VOICE_REGISTRATION_STATE {1, 101d, 004a176f, 14, null, null, null, 0, null, null, 1, null, null, 0, null}
11-14 20:28:24.501  1123  1247 D RILJ    : [3764]< DATA_REGISTRATION_STATE {1, null, 004a176f, 14, null, 20, 4125, 147, 4855663, null, null}
11-14 20:28:24.501  1123  1247 D RILJ    : [3768]< DATA_REGISTRATION_STATE {1, null, 004a176f, 14, null, 20, 4125, 147, 4855663, null, null}
11-14 20:28:24.501  1123  1247 D RILJ    : [UNSL]< UNSOL_RESPONSE_VOICE_NETWORK_STATE_CHANGED
11-14 20:28:24.561  1123  1123 D PHONE   : [ServiceState] setVoiceRegState=0
11-14 20:28:24.561  1123  1123 E PHONE   : [ServiceState] setState deprecated use setVoiceRegState()
11-14 20:28:24.561  1123  1123 D PHONE   : [ServiceState] setDataRegState=0
11-14 20:28:24.561  1123  1123 D PHONE   : [ServiceState] setDataRadioTechnology=14
11-14 20:28:24.561  1123  1123 D GsmSST  : [GsmSST] handlPollStateResultMessage: GsmSST setDataRegState=0 regState=1 dataRadioTechnology=14
11-14 20:28:24.561  1123  1123 D GsmSST  : [GsmSST] Poll ServiceState done:  oldSS=[0 1 home   46001  LTE Unknown CSS not supported -1 -1 RoamInd=-1 DefRoamInd=-1 EmergOnly=false] newSS=[0 0 home   46001  LTE LTE CSS not supported -1 -1 RoamInd=-1 DefRoamInd=-1 EmergOnly=false] oldMaxDataCalls=20 mNewMaxDataCalls=20 oldReasonDataDenied=-1 mNewReasonDataDenied=-1
11-14 20:28:24.561  1123  1123 D PHONE   : [ServiceState] setNullState=1
11-14 20:28:24.561  1123  1123 D GsmSST  : [GsmSST] Iwlan feature available = false
11-14 20:28:24.561  1123  1123 D GsmSST  : [GsmSST] pollStateDone: no nitz but one TZ for iso-cc=cn with zone.getID=Asia/Shanghai testOneUniqueOffsetPath=false
11-14 20:28:24.561  1123  1123 D GsmSST  : [GsmSST] setAndBroadcastNetworkSetTimeZone: setTimeZone=Asia/Shanghai
11-14 20:28:24.561  1123  1123 D GsmSST  : [GsmSST] setAndBroadcastNetworkSetTimeZone: call alarm.setTimeZone and broadcast zoneId=Asia/Shanghai
11-14 20:28:24.561  1123  1123 D GsmSST  : [GsmSST] shouldFixTimeZoneNow: retVal=false iccCardExist=true operatorNumeric=46001 mcc=460 prevOperatorNumeric=46001 prevMcc=460 needToFixTimeZone=false ltod=11-14 20:28:24.576
11-14 20:28:24.561  1123  1123 D GsmSST  : [GsmSST] notifyDataRegStateRilRadioTechnologyChanged: drs=0 rat=14
11-14 20:28:24.561  1123  1402 D GsmDC-1 : DcInactiveState nothandled msg.what=EVENT_DATA_CONNECTION_DRS_OR_RAT_CHANGED
11-14 20:28:24.561  1123  1402 D GsmDC-1 : DcDefault msg=EVENT_DATA_CONNECTION_DRS_OR_RAT_CHANGED RefCount=0
11-14 20:28:24.561  1123  1402 D GsmDC-1 : DcDefaultState: EVENT_DATA_CONNECTION_DRS_OR_RAT_CHANGED drs=0 mRilRat=14
11-14 20:28:24.561  1123  1123 D GsmSST  : [GsmSST] Iwlan feature available = false
11-14 20:28:24.561  1123  1123 D GsmDCT  : get all active apn types
11-14 20:28:24.561  1123  1123 D RILJ    : [3771]> OPERATOR
11-14 20:28:24.561  1123  1123 D RILJ    : [3772]> DATA_REGISTRATION_STATE
11-14 20:28:24.561  1123  1123 D RILJ    : [3773]> VOICE_REGISTRATION_STATE
11-14 20:28:24.561  1123  1123 D RILJ    : [3774]> QUERY_NETWORK_SELECTION_MODE
11-14 20:28:24.571  1123  1247 D RILJ    : [3773]< VOICE_REGISTRATION_STATE {1, 101d, 004a176f, 14, null, null, null, 0, null, null, 1, null, null, 0, null}
11-14 20:28:24.571  1123  1247 D RILJ    : [3771]< OPERATOR {, , 46001}
11-14 20:28:24.571  1123  1247 D RILJ    : [3774]< QUERY_NETWORK_SELECTION_MODE {0}
11-14 20:28:24.571  1123  1247 D RILJ    : [3772]< DATA_REGISTRATION_STATE {1, null, 004a176f, 14, null, 20, 4125, 147, 4855663, null, null}
11-14 20:28:24.611  1123  1123 D GsmDCT  : handleMessage msg={ when=-49ms what=270376 obj=android.os.AsyncResult@425452f8 target=com.android.internal.telephony.dataconnection.DcTracker }
11-14 20:28:24.611  1123  1123 D GsmDCT  : onUpdateIcc: newIccRecords com.android.internal.telephony.uicc.SIMRecords
11-14 20:28:24.611  1123  1123 D GsmDCT  : handleMessage msg={ when=-49ms what=270352 obj=android.os.AsyncResult@42545a78 target=com.android.internal.telephony.dataconnection.DcTracker }
11-14 20:28:24.611  1123  1123 D GsmDCT  : onDataConnectionAttached
11-14 20:28:24.611  1123  1123 D GsmDCT  : overall state is IDLE
11-14 20:28:24.611  1123  1123 D GsmDCT  : [ApnContext:fota] getDataProfile: mDataProfile=null
11-14 20:28:24.611  1123  1123 D GsmDCT  : [ApnContext:dun] getDataProfile: mDataProfile=null
11-14 20:28:24.621  1123  1123 D GsmDCT  : [ApnContext:ia] getDataProfile: mDataProfile=null
11-14 20:28:24.621  1123  1123 D GsmDCT  : [ApnContext:supl] getDataProfile: mDataProfile=null
11-14 20:28:24.621  1123  1123 D GsmDCT  : [ApnContext:hipri] getDataProfile: mDataProfile=null
11-14 20:28:24.621  1123  1123 D GsmDCT  : [ApnContext:ims] getDataProfile: mDataProfile=null
11-14 20:28:24.631  1123  1123 D GsmDCT  : [ApnContext:mms] getDataProfile: mDataProfile=null
11-14 20:28:24.631  1123  1123 D GsmDCT  : [ApnContext:cbs] getDataProfile: mDataProfile=null
11-14 20:28:24.631  1123  1123 D GsmDCT  : setupDataOnConnectableApns: dataAttached
11-14 20:28:24.631  1123  1123 D GsmDCT  : setupDataOnConnectableApns: apnContext {mApnType=hipri mState=IDLE mWaitingDataProfiles={null} mWaitingApnsPermanentFailureCountDown=0 mDataProfile={null} mReason=nwTypeChanged mDataEnabled=false mDependencyMet=true}
11-14 20:28:24.631  1123  1123 D GsmDCT  : setupDataOnConnectableApns: apnContext {mApnType=mms mState=IDLE mWaitingDataProfiles={null} mWaitingApnsPermanentFailureCountDown=0 mDataProfile={null} mReason=nwTypeChanged mDataEnabled=false mDependencyMet=true}
11-14 20:28:24.631  1123  1123 D GsmDCT  : setupDataOnConnectableApns: apnContext {mApnType=supl mState=IDLE mWaitingDataProfiles={null} mWaitingApnsPermanentFailureCountDown=0 mDataProfile={null} mReason=nwTypeChanged mDataEnabled=false mDependencyMet=true}
11-14 20:28:24.631  1123  1123 D GsmDCT  : setupDataOnConnectableApns: apnContext {mApnType=cbs mState=IDLE mWaitingDataProfiles={null} mWaitingApnsPermanentFailureCountDown=0 mDataProfile={null} mReason=nwTypeChanged mDataEnabled=false mDependencyMet=true}
11-14 20:28:24.631  1123  1123 D GsmDCT  : setupDataOnConnectableApns: apnContext {mApnType=dun mState=IDLE mWaitingDataProfiles={null} mWaitingApnsPermanentFailureCountDown=0 mDataProfile={null} mReason=nwTypeChanged mDataEnabled=false mDependencyMet=true}
11-14 20:28:24.631  1123  1123 D GsmDCT  : setupDataOnConnectableApns: apnContext {mApnType=fota mState=IDLE mWaitingDataProfiles={null} mWaitingApnsPermanentFailureCountDown=0 mDataProfile={null} mReason=nwTypeChanged mDataEnabled=false mDependencyMet=true}
11-14 20:28:24.631  1123  1123 D GsmDCT  : setupDataOnConnectableApns: apnContext {mApnType=ims mState=IDLE mWaitingDataProfiles={null} mWaitingApnsPermanentFailureCountDown=0 mDataProfile={null} mReason=nwTypeChanged mDataEnabled=false mDependencyMet=true}
11-14 20:28:24.631  1123  1123 D GsmDCT  : setupDataOnConnectableApns: apnContext {mApnType=default mState=IDLE mWaitingDataProfiles={[[ApnSettingV2] China Unicom 3G, 1583, 46001, 3gnet, null, null, null, null, 80, -1, default | supl, IP, IP, true, 0]} mWaitingApnsPermanentFailureCountDown=1 mDataProfile={null} mReason=LOST_CONNECTION mDataEnabled=true mDependencyMet=true}
11-14 20:28:24.631  1123  1123 D GsmDCT  : setupDataOnConnectableApns: isConnectable() call trySetupData
11-14 20:28:24.631  1123  1123 D GsmDCT  : trySetupData for type:default due to dataAttached apnContext={mApnType=default mState=IDLE mWaitingDataProfiles={[[ApnSettingV2] China Unicom 3G, 1583, 46001, 3gnet, null, null, null, null, 80, -1, default | supl, IP, IP, true, 0]} mWaitingApnsPermanentFailureCountDown=1 mDataProfile={null} mReason=dataAttached mDataEnabled=true mDependencyMet=true}
11-14 20:28:24.631  1123  1123 D GsmDCT  : trySetupData with mIsPsRestricted=false
11-14 20:28:24.631  1123  1123 D GsmDCT  : isEmergency: result=false
11-14 20:28:24.631  1123  1123 D GsmDCT  : buildWaitingApns: E requestedApnType=default
11-14 20:28:24.631  1123  1123 D GsmDCT  : getOperatorNumberic - returning from card: 46001
11-14 20:28:24.631  1123  1123 D GsmDCT  : buildWaitingApns: usePreferred=true canSetPreferApn=true mPreferredApn=[ApnSettingV2] China Unicom 3G, 1583, 46001, 3gnet, null, null, null, null, 80, -1, default | supl, IP, IP, true, 0 operator=46001 radioTech=14
11-14 20:28:24.631  1123  1123 D GsmDCT  : buildWaitingApns: Preferred APN:46001:46001:[ApnSettingV2] China Unicom 3G, 1583, 46001, 3gnet, null, null, null, null, 80, -1, default | supl, IP, IP, true, 0
11-14 20:28:24.631  1123  1123 D GsmDCT  : buildWaitingApns: X added preferred apnList=[[ApnSettingV2] China Unicom 3G, 1583, 46001, 3gnet, null, null, null, null, 80, -1, default | supl, IP, IP, true, 0]
11-14 20:28:24.631  1123  1123 D GsmDCT  : trySetupData: Create from mAllDps : [[ApnSettingV2] China Unicom 3G, 1583, 46001, 3gnet, null, null, null, null, 80, -1, default | supl, IP, IP, true, 0][[ApnSettingV2]  3g  (China Unicom), 1584, 46001, 3gwap, null, http://mmsc.myuni.com.cn, 10.0.0.172, 80, null, -1, mms, IP, IP, true, 0][[ApnSettingV2] China Unicom MMS, 1585, 46001, uniwap, null, http://mmsc.myuni.com.cn, 10.0.0.172, 80, null, -1, mms, IP, IP, true, 0]
11-14 20:28:24.631  1123  1123 D GsmDCT  : trySetupData: call setupData, waitingApns : [[ApnSettingV2] China Unicom 3G, 1583, 46001, 3gnet, null, null, null, null, 80, -1, default | supl, IP, IP, true, 0]
11-14 20:28:24.631  1123  1123 D GsmDCT  : setupData: apnContext={mApnType=default mState=IDLE mWaitingDataProfiles={[[ApnSettingV2] China Unicom 3G, 1583, 46001, 3gnet, null, null, null, null, 80, -1, default | supl, IP, IP, true, 0]} mWaitingApnsPermanentFailureCountDown=1 mDataProfile={null} mReason=dataAttached mDataEnabled=true mDependencyMet=true}
11-14 20:28:24.641  1123  1123 D GsmDCT  : checkForCompatibleConnectedApnContext: apnContext={mApnType=default mState=IDLE mWaitingDataProfiles={[[ApnSettingV2] China Unicom 3G, 1583, 46001, 3gnet, null, null, null, null, 80, -1, default | supl, IP, IP, true, 0]} mWaitingApnsPermanentFailureCountDown=1 mDataProfile={null} mReason=dataAttached mDataEnabled=true mDependencyMet=true}
11-14 20:28:24.641  1123  1123 D GsmDCT  : checkForCompatibleConnectedApnContext: NO conn apnContext={mApnType=default mState=IDLE mWaitingDataProfiles={[[ApnSettingV2] China Unicom 3G, 1583, 46001, 3gnet, null, null, null, null, 80, -1, default | supl, IP, IP, true, 0]} mWaitingApnsPermanentFailureCountDown=1 mDataProfile={null} mReason=dataAttached mDataEnabled=true mDependencyMet=true}
11-14 20:28:24.641  1123  1123 D GsmDCT  : isOnlySingleDcAllowed(14): false
11-14 20:28:24.641  1123  1402 D GsmDC-1 : DcInactiveState nothandled msg.what=REQ_IS_INACTIVE
11-14 20:28:24.641  1123  1402 D GsmDC-1 : DcDefault msg=REQ_IS_INACTIVE RefCount=0
11-14 20:28:24.641  1123  1402 D GsmDC-1 : REQ_IS_INACTIVE  isInactive=true
11-14 20:28:24.641  1123  1123 D GsmDCT  : dataConnectionNotInUse: check if dcac is inuse dcac=GsmDC-1
11-14 20:28:24.641  1123  1123 D GsmDCT  : dataConnectionNotInUse: tearDownAll
11-14 20:28:24.641  1123  1402 D GsmDC-1 : DcInactiveState: msg.what=EVENT_DISCONNECT_ALL
11-14 20:28:24.641  1123  1402 D GsmDC-1 : NotifyDisconnectCompleted
11-14 20:28:24.641  1123  1402 D GsmDC-1 : NotifyDisconnectCompleted DisconnectParams={mTag=0 mApnContext=null mReason=No connection mOnCompletedMsg=null}
11-14 20:28:24.641  1123  1123 D GsmDCT  : dataConnectionNotInUse: not in use return true
11-14 20:28:24.641  1123  1123 D GsmDCT  : findFreeDataConnection: found free DataConnection= dcac=GsmDC-1
11-14 20:28:24.641  1123  1123 D GsmDCT  : setupData: dcac=GsmDC-1 apnSetting=[ApnSettingV2] China Unicom 3G, 1583, 46001, 3gnet, null, null, null, null, 80, -1, default | supl, IP, IP, true, 0
11-14 20:28:24.641  1123  1123 D GsmDCT  : [ApnContext:default] setDataProfile: mDataProfile=[ApnSettingV2] China Unicom 3G, 1583, 46001, 3gnet, null, null, null, null, 80, -1, default | supl, IP, IP, true, 0
11-14 20:28:24.641  1123  1123 D GsmDCT  : [ApnContext:default] getDataProfile: mDataProfile=[ApnSettingV2] China Unicom 3G, 1583, 46001, 3gnet, null, null, null, null, 80, -1, default | supl, IP, IP, true, 0
11-14 20:28:24.641  1123  1402 D GsmDC-1 : DcInactiveState: mag.what=EVENT_CONNECT
11-14 20:28:24.641  1123  1402 D GsmDCT  : [ApnContext:default] getDataProfile: mDataProfile=[ApnSettingV2] China Unicom 3G, 1583, 46001, 3gnet, null, null, null, null, 80, -1, default | supl, IP, IP, true, 0
11-14 20:28:24.641  1123  1402 E PHONE   : ServiceState.getNetworkType() DEPRECATED will be removed *******
11-14 20:28:24.641  1123  1402 D GsmDC-1 : configureRetry: forDefault=true mRetryManager=RetryManager: { forever=false maxRetry=10 curMaxRetry=10 retry=0 config={default_randomization=2000,5000,10000,20000,40000,80000:5000,160000:5000,320000:5000,640000:5000,1280000:5000,1800000:5000} retryArray={5000:2000 10000:2000 20000:2000 40000:2000 80000:5000 160000:5000 320000:5000 640000:5000 1280000:5000 1800000:5000 }}
11-14 20:28:24.641  1123  1402 D GsmDC-1 : initConnection:  RefCount=1 mApnList=[{mApnType=default mState=CONNECTING mWaitingDataProfiles={[[ApnSettingV2] China Unicom 3G, 1583, 46001, 3gnet, null, null, null, null, 80, -1, default | supl, IP, IP, true, 0]} mWaitingApnsPermanentFailureCountDown=1 mDataProfile={[ApnSettingV2] China Unicom 3G, 1583, 46001, 3gnet, null, null, null, null, 80, -1, default | supl, IP, IP, true, 0} mReason=dataAttached mDataEnabled=true mDependencyMet=true}] mConnectionParams={mTag=4 mApnContext={mApnType=default mState=CONNECTING mWaitingDataProfiles={[[ApnSettingV2] China Unicom 3G, 1583, 46001, 3gnet, null, null, null, null, 80, -1, default | supl, IP, IP, true, 0]} mWaitingApnsPermanentFailureCountDown=1 mDataProfile={[ApnSettingV2] China Unicom 3G, 1583, 46001, 3gnet, null, null, null, null, 80, -1, default | supl, IP, IP, true, 0} mReason=dataAttached mDataEnabled=true mDependencyMet=true} mInitialMaxRetry=1 mProfileId=0 mRat=14 mOnCompletedMsg={what=0x42000 when=-21s144ms obj={mApnType=default mState=CONNECTING mWaitingDataProfiles={[[ApnSettingV2] China Unicom 3G, 1583, 46001, 3gnet, null, null, null, null, 80, -1, default | supl, IP, IP, true, 0]} mWaitingApnsPermanentFailureCountDown=1 mDataProfile={[ApnSettingV2] China Unicom 3G, 1583, 46001, 3gnet, null, null, null, null, 80, -1, default | supl, IP, IP, true, 0} mReason=dataAttached mDataEnabled=true mDependencyMet=true} target=Handler (com.android.internal.telephony.dataconnection.DcTracker) {41ff60a0} replyTo=null}}
11-14 20:28:24.641  1123  1402 D GsmDC-1 : onConnect: mApnSetting=[ApnSettingV2] China Unicom 3G, 1583, 46001, 3gnet, null, null, null, null, 80, -1, default | supl, IP, IP, true, 0 cp={mTag=4 mApnContext={mApnType=default mState=CONNECTING mWaitingDataProfiles={[[ApnSettingV2] China Unicom 3G, 1583, 46001, 3gnet, null, null, null, null, 80, -1, default | supl, IP, IP, true, 0]} mWaitingApnsPermanentFailureCountDown=1 mDataProfile={[ApnSettingV2] China Unicom 3G, 1583, 46001, 3gnet, null, null, null, null, 80, -1, default | supl, IP, IP, true, 0} mReason=dataAttached mDataEnabled=true mDependencyMet=true} mInitialMaxRetry=1 mProfileId=0 mRat=14 mOnCompletedMsg={what=0x42000 when=-21s144ms obj={mApnType=default mState=CONNECTING mWaitingDataProfiles={[[ApnSettingV2] China Unicom 3G, 1583, 46001, 3gnet, null, null, null, null, 80, -1, default | supl, IP, IP, true, 0]} mWaitingApnsPermanentFailureCountDown=1 mDataProfile={[ApnSettingV2] China Unicom 3G, 1583, 46001, 3gnet, null, null, null, null, 80, -1, default | supl, IP, IP, true, 0} mReason=dataAttached mDataEnabled=true mDependencyMet=true} target=Handler (com.android.internal.telephony.dataconnection.DcTracker) {41ff60a0} replyTo=null}}
11-14 20:28:24.641  1123  1402 D RILJ    : [3775]> SETUP_DATA_CALL 16 0 3gnet null null 0 IP
11-14 20:28:24.641  1123  1123 D GsmDCT  : setupData: initing!
11-14 20:28:24.641  1123  1123 D GsmDCT  : [ApnContext:fota] getDataProfile: mDataProfile=null
11-14 20:28:24.641  1123  1123 D GsmDCT  : [ApnContext:dun] getDataProfile: mDataProfile=null
11-14 20:28:24.641  1123  1123 D GsmDCT  : [ApnContext:ia] getDataProfile: mDataProfile=null
11-14 20:28:24.651  1123  1123 D GsmDCT  : [ApnContext:supl] getDataProfile: mDataProfile=null
11-14 20:28:24.651  1123  1123 D GsmDCT  : [ApnContext:hipri] getDataProfile: mDataProfile=null
11-14 20:28:24.651  1123  1123 D GsmDCT  : [ApnContext:ims] getDataProfile: mDataProfile=null
11-14 20:28:24.651  1123  1123 D GsmDCT  : [ApnContext:mms] getDataProfile: mDataProfile=null
11-14 20:28:24.661  1123  1123 D GsmDCT  : [ApnContext:cbs] getDataProfile: mDataProfile=null
11-14 20:28:24.661  1123  1123 D GsmDCT  : trySetupData: X retValue=true
11-14 20:28:24.661  1123  1123 D GsmDCT  : setupDataOnConnectableApns: apnContext {mApnType=ia mState=IDLE mWaitingDataProfiles={null} mWaitingApnsPermanentFailureCountDown=0 mDataProfile={null} mReason=nwTypeChanged mDataEnabled=false mDependencyMet=true}
11-14 20:28:24.661  1123  1123 D PHONE   : [ServiceState] setVoiceRegState=0
11-14 20:28:24.661  1123  1123 E PHONE   : [ServiceState] setState deprecated use setVoiceRegState()
11-14 20:28:24.661  1123  1123 D PHONE   : [ServiceState] setDataRegState=0
11-14 20:28:24.661  1123  1123 D PHONE   : [ServiceState] setDataRadioTechnology=14
11-14 20:28:24.661  1123  1123 D GsmSST  : [GsmSST] handlPollStateResultMessage: GsmSST setDataRegState=0 regState=1 dataRadioTechnology=14
11-14 20:28:24.661  1123  1123 D GsmSST  : [GsmSST] Poll ServiceState done:  oldSS=[0 0 home   46001  LTE LTE CSS not supported -1 -1 RoamInd=-1 DefRoamInd=-1 EmergOnly=false] newSS=[0 0 home   46001  LTE LTE CSS not supported -1 -1 RoamInd=-1 DefRoamInd=-1 EmergOnly=false] oldMaxDataCalls=20 mNewMaxDataCalls=20 oldReasonDataDenied=-1 mNewReasonDataDenied=-1
11-14 20:28:24.661  1123  1123 D PHONE   : [ServiceState] setNullState=1
11-14 20:28:24.691  1123  1247 D RILJ    : [3775]< SETUP_DATA_CALL DataCallResponse: {version=9 status=0 retry=-1 cid=0 active=2 type=IP' ifname='rmnet0' addresses=[10.26.24.78/30] dnses=[123.123.123.123,123.123.123.124] gateways=[10.26.24.77]}
11-14 20:28:24.691  1123  1402 D GsmDC-1 : DcActivatingState: msg={what=EVENT_SETUP_DATA_CONNECTION_DONE when=0 obj=android.os.AsyncResult@4257f278 target=Handler (com.android.internal.util.StateMachine$SmHandler) {4219e968} replyTo=null}
11-14 20:28:24.691  1123  1402 D GsmDC-1 : onSetupConnectionCompleted received DataCallResponse: DataCallResponse: {version=9 status=0 retry=-1 cid=0 active=2 type=IP' ifname='rmnet0' addresses=[10.26.24.78/30] dnses=[123.123.123.123,123.123.123.124] gateways=[10.26.24.77]}
11-14 20:28:24.691   178   303 E RILQ    : (0/178): RIL[0][main] qmi_ril_check_android_unsol_resp_dispatchable: invalid android_unsol_resp id 11036
11-14 20:28:24.691   178   303 E RILQ    : (0/178): RIL[0][main] qmi_ril_add_unsol_resp_to_pending_list: invalid android_unsol_resp id 11036
11-14 20:28:24.691  1123  1402 D DataCallResponse: addr/pl=10.26.24.78/30
11-14 20:28:24.691  1123  1402 D GsmDC-1 : updateLinkProperty old LP={LinkAddresses: []  Routes: [] DnsAddresses: [] Domains: nullMTU: 0}
11-14 20:28:24.691  1123  1402 D GsmDC-1 : updateLinkProperty new LP={InterfaceName: rmnet0 LinkAddresses: [10.26.24.78/30,]  Routes: [0.0.0.0/0 -> 10.26.24.77,] DnsAddresses: [123.123.123.123,123.123.123.124,] Domains: nullMTU: 0}
11-14 20:28:24.691  1123  1402 D GsmDC-1 : DcActivatingState onSetupConnectionCompleted result=SUCCESS  SetupResult.mFailCause=NONE dc={GsmDC-1: State=DcActivatingState mApnSetting=[ApnSettingV2] China Unicom 3G, 1583, 46001, 3gnet, null, null, null, null, 80, -1, default | supl, IP, IP, true, 0 RefCount=1 mCid=0 mCreateTime=-1 mLastastFailTime=-1 mLastFailCause=NONE mTag=4 mRetryManager=RetryManager: { forever=false maxRetry=10 curMaxRetry=1 retry=0 config={default_randomization=2000,5000,10000,20000,40000,80000:5000,160000:5000,320000:5000,640000:5000,1280000:5000,1800000:5000} retryArray={5000:2000 10000:2000 20000:2000 40000:2000 80000:5000 160000:5000 320000:5000 640000:5000 1280000:5000 1800000:5000 }} mLinkProperties={InterfaceName: rmnet0 LinkAddresses: [10.26.24.78/30,]  Routes: [0.0.0.0/0 -> 10.26.24.77,] DnsAddresses: [123.123.123.123,123.123.123.124,] Domains: nullMTU: 0} mLinkCapabilities={} mApnContexts=[{mApnType=default mState=CONNECTING mWaitingDataProfiles={[[ApnSettingV2] China Unicom 3G, 1583, 46001, 3gnet, null, null, null, null, 80, -1, default | supl, IP, IP, true, 0]} mWaitingApnsPermanentFailureCountDown=1 mDataProfile={[ApnSettingV2] China Unicom 3G, 1583, 46001, 3gnet, null, null, null, null, 80, -1, default | supl, IP, IP, true, 0} mReason=dataAttached mDataEnabled=true mDependencyMet=true}]}
11-14 20:28:24.691  1123  1402 D GsmDC-1 : DcActiveState: enter dc={GsmDC-1: State=DcActiveState mApnSetting=[ApnSettingV2] China Unicom 3G, 1583, 46001, 3gnet, null, null, null, null, 80, -1, default | supl, IP, IP, true, 0 RefCount=1 mCid=0 mCreateTime=-1 mLastastFailTime=-1 mLastFailCause=NONE mTag=4 mRetryManager=RetryManager: { forever=false maxRetry=10 curMaxRetry=1 retry=0 config={default_randomization=2000,5000,10000,20000,40000,80000:5000,160000:5000,320000:5000,640000:5000,1280000:5000,1800000:5000} retryArray={5000:2000 10000:2000 20000:2000 40000:2000 80000:5000 160000:5000 320000:5000 640000:5000 1280000:5000 1800000:5000 }} mLinkProperties={InterfaceName: rmnet0 LinkAddresses: [10.26.24.78/30,]  Routes: [0.0.0.0/0 -> 10.26.24.77,] DnsAddresses: [123.123.123.123,123.123.123.124,] Domains: nullMTU: 0} mLinkCapabilities={} mApnContexts=[{mApnType=default mState=CONNECTING mWaitingDataProfiles={[[ApnSettingV2] China Unicom 3G, 1583, 46001, 3gnet, null, null, null, null, 80, -1, default | supl, IP, IP, true, 0]} mWaitingApnsPermanentFailureCountDown=1 mDataProfile={[ApnSettingV2] China Unicom 3G, 1583, 46001, 3gnet, null, null, null, null, 80, -1, default | supl, IP, IP, true, 0} mReason=dataAttached mDataEnabled=true mDependencyMet=true}]}
11-14 20:28:24.691  1123  1247 D RILJ    : responseDataCallList ver=9 num=1
11-14 20:28:24.691  1123  1247 D RILJ    : [UNSL]< UNSOL_DATA_CALL_LIST_CHANGED [DataCallResponse: {version=9 status=0 retry=-1 cid=0 active=2 type=IP' ifname='rmnet0' addresses=[10.26.24.78/30] dnses=[123.123.123.123,123.123.123.124] gateways=[10.26.24.77]}]
11-14 20:28:24.691  1123  1402 D Dcc     : onDataStateChanged: dcsList=[DataCallResponse: {version=9 status=0 retry=-1 cid=0 active=2 type=IP' ifname='rmnet0' addresses=[10.26.24.78/30] dnses=[123.123.123.123,123.123.123.124] gateways=[10.26.24.77]}] mDcListActiveByCid={0={GsmDC-1: State=DcActiveState mApnSetting=[ApnSettingV2] China Unicom 3G, 1583, 46001, 3gnet, null, null, null, null, 80, -1, default | supl, IP, IP, true, 0 RefCount=1 mCid=0 mCreateTime=-1 mLastastFailTime=-1 mLastFailCause=NONE mTag=4 mRetryManager=RetryManager: { forever=false maxRetry=10 curMaxRetry=10 retry=0 config={default_randomization=2000,5000,10000,20000,40000,80000:5000,160000:5000,320000:5000,640000:5000,1280000:5000,1800000:5000} retryArray={5000:2000 10000:2000 20000:2000 40000:2000 80000:5000 160000:5000 320000:5000 640000:5000 1280000:5000 1800000:5000 }} mLinkProperties={InterfaceName: rmnet0 LinkAddresses: [10.26.24.78/30,]  Routes: [0.0.0.0/0 -> 10.26.24.77,] DnsAddresses: [123.123.123.123,123.123.123.124,] Domains: nullMTU: 0} mLinkCapabilities={} mApnContexts=[{mApnType=default mState=CONNECTING mWaitingDataProfiles={[[ApnSettingV2] China Unicom 3G, 1583, 46001, 3gnet, null, null, null, null, 80, -1, default | supl, IP, IP, true, 0]} mWaitingApnsPermanentFailureCountDown=1 mDataProfile={[ApnSettingV2] China Unicom 3G, 1583, 46001, 3gnet, null, null, null, null, 80, -1, default | supl, IP, IP, true, 0} mReason=connected mDataEnabled=true mDependencyMet=true}]}}
11-14 20:28:24.691  1123  1123 D GsmDCT  : handleMessage msg={ when=-1ms what=270336 obj=android.os.AsyncResult@4259d178 target=com.android.internal.telephony.dataconnection.DcTracker }
11-14 20:28:24.691  1123  1402 D Dcc     : onDataStateChanged: dcsToRetry=[]
11-14 20:28:24.691  1123  1123 D GsmDCT  : [ApnContext:default] getDataProfile: mDataProfile=[ApnSettingV2] China Unicom 3G, 1583, 46001, 3gnet, null, null, null, null, 80, -1, default | supl, IP, IP, true, 0
11-14 20:28:24.691  1123  1402 D Dcc     : onDataStateChanged: Found ConnId=0 newState=DataCallResponse: {version=9 status=0 retry=-1 cid=0 active=2 type=IP' ifname='rmnet0' addresses=[10.26.24.78/30] dnses=[123.123.123.123,123.123.123.124] gateways=[10.26.24.77]}
11-14 20:28:24.691  1123  1123 D GsmDCT  : onDataSetupComplete: success apn=3gnet
11-14 20:28:24.691  1123  1402 D DataCallResponse: addr/pl=10.26.24.78/30
11-14 20:28:24.691  1123  1123 D GsmDCT  : completeConnection: successful, notify the world apnContext={mApnType=default mState=CONNECTED mWaitingDataProfiles={[[ApnSettingV2] China Unicom 3G, 1583, 46001, 3gnet, null, null, null, null, 80, -1, default | supl, IP, IP, true, 0]} mWaitingApnsPermanentFailureCountDown=1 mDataProfile={[ApnSettingV2] China Unicom 3G, 1583, 46001, 3gnet, null, null, null, null, 80, -1, default | supl, IP, IP, true, 0} mReason=connected mDataEnabled=true mDependencyMet=true}
11-14 20:28:24.691  1123  1402 D Dcc     : onDataStateChanged: no change
11-14 20:28:24.691  1123  1402 D Dcc     : onDataStateChanged: Data Activity updated to NONE. isAnyDataCallActive = true isAnyDataCallDormant = false
11-14 20:28:24.691  1123  1123 D GsmDCT  : return link properites for default
11-14 20:28:24.691  1123  1402 D Dcc     : onDataStateChanged: dcsToRetry=[] apnsToCleanup=[]
11-14 20:28:24.691  1123  1402 D Dcc     : onDataStateChanged: X
11-14 20:28:24.691  1123  1402 D GsmDC-1 : DcActiveState not handled msg.what=REQ_GET_LINK_PROPERTIES
11-14 20:28:24.691  1123  1402 D GsmDC-1 : DcDefault msg=REQ_GET_LINK_PROPERTIES RefCount=1
11-14 20:28:24.691  1123  1402 D GsmDC-1 : REQ_GET_LINK_PROPERTIES linkProperties{InterfaceName: rmnet0 LinkAddresses: [10.26.24.78/30,]  Routes: [0.0.0.0/0 -> 10.26.24.77,] DnsAddresses: [123.123.123.123,123.123.123.124,] Domains: nullMTU: 0}
11-14 20:28:24.691  1123  1123 D GsmDCT  : get active pdp is not null, return link Capabilities for default
11-14 20:28:24.691  1123  1402 D GsmDC-1 : DcActiveState not handled msg.what=REQ_GET_LINK_CAPABILITIES
11-14 20:28:24.691  1123  1402 D GsmDC-1 : DcDefault msg=REQ_GET_LINK_CAPABILITIES RefCount=1
11-14 20:28:24.691  1123  1402 D GsmDC-1 : REQ_GET_LINK_CAPABILITIES linkCapabilities{}
11-14 20:28:24.691  1123  1123 D GsmDCT  : [ApnContext:default] getDataProfile: mDataProfile=[ApnSettingV2] China Unicom 3G, 1583, 46001, 3gnet, null, null, null, null, 80, -1, default | supl, IP, IP, true, 0
11-14 20:28:24.691  1123  1123 D GsmDCT  : overall state is CONNECTED
11-14 20:28:24.691  1123  1123 D GsmDCT  : startNetStatPoll
11-14 20:28:24.701  1123  1123 D GsmDCT  : getRecoveryAction: 0
11-14 20:28:24.701  1123  1123 D GsmDCT  : overall state is CONNECTED
11-14 20:28:24.701  1123  1123 D GsmDCT  : startDataStallAlarm: tag=14685 delay=60s
11-14 20:28:24.701  1123  1123 D GsmDCT  : onDataSetupComplete: SETUP complete type=default, reason:connected
11-14 20:28:24.701  1123  1123 D GsmDCT  : handleMessage msg={ when=-5ms what=270378 arg1=1 arg2=-1 obj=NONE target=com.android.internal.telephony.dataconnection.DcTracker }
11-14 20:28:24.701  1123  1123 D GsmDCT  : overall state is CONNECTED
11-14 20:28:24.701  1123  1123 D GsmDCT  : getRecoveryAction: 0
11-14 20:28:24.701  1123  1123 D GsmDCT  : overall state is CONNECTED
11-14 20:28:24.701  1123  1123 D GsmDCT  : startDataStallAlarm: tag=14686 delay=60s
11-14 20:28:24.701  1123  1123 D GsmDCT  : setActivity =NONE
11-14 20:28:24.731  1123  1123 D GsmDCT  : handleMessage msg={ when=-1ms what=270374 target=com.android.internal.telephony.dataconnection.DcTracker }
11-14 20:28:24.731  1123  1123 D GsmDCT  : CMD_IS_PROVISIONING_APN
11-14 20:28:24.731  1123  1123 D GsmDCT  : CMD_IS_PROVISIONING_APN: ret=false
11-14 20:28:24.731  1123  1140 D CdmaCallTracker: CdmaCallTracker finalized
11-14 20:28:24.731  1123  1140 D RuimPhoneBookIM: RuimPhoneBookInterfaceManager finalized
11-14 20:28:24.731  1123  1140 D PhoneSubInfo: PhoneSubInfo finalized
11-14 20:28:24.731  1123  1123 D GsmDCT  : handleMessage msg={ when=-1ms what=270374 target=com.android.internal.telephony.dataconnection.DcTracker }
11-14 20:28:24.731  1123  1123 D GsmDCT  : CMD_IS_PROVISIONING_APN
11-14 20:28:24.731  1123  1123 D GsmDCT  : CMD_IS_PROVISIONING_APN: ret=false
11-14 20:28:24.741  1123  1149 D GsmDCT  : enableApnType: hipri mState(IDLE)
11-14 20:28:24.741  1123  1149 D GsmDCT  : setEnabled(4, true) with old state = false and enabledCount = 1
11-14 20:28:24.741  1123  1123 D GsmDCT  : handleMessage msg={ when=0 what=270349 arg1=4 arg2=1 target=com.android.internal.telephony.dataconnection.DcTracker }
11-14 20:28:24.741  1123  1123 D GsmDCT  : onEnableApn: apnContext={mApnType=hipri mState=IDLE mWaitingDataProfiles={null} mWaitingApnsPermanentFailureCountDown=0 mDataProfile={null} mReason=nwTypeChanged mDataEnabled=false mDependencyMet=true} call applyNewState
11-14 20:28:24.741  1123  1123 D GsmDCT  : applyNewState(hipri, true(false), true(true))
11-14 20:28:24.741  1123  1123 D GsmDCT  : trySetupData for type:hipri due to dataEnabled apnContext={mApnType=hipri mState=IDLE mWaitingDataProfiles={null} mWaitingApnsPermanentFailureCountDown=0 mDataProfile={null} mReason=dataEnabled mDataEnabled=true mDependencyMet=true}
11-14 20:28:24.741  1123  1123 D GsmDCT  : trySetupData with mIsPsRestricted=false
11-14 20:28:24.741  1123  1123 D GsmDCT  : isEmergency: result=false
11-14 20:28:24.741  1123  1123 D GsmDCT  : buildWaitingApns: E requestedApnType=hipri
11-14 20:28:24.741  1123  1123 D GsmDCT  : getOperatorNumberic - returning from card: 46001
