11-14 20:29:01.986   650  1207 I am_create_service: [0,1111168704,.DownloadService,10007,1083]
11-14 20:29:01.996   650  1208 I notification_cancel_all: [com.android.providers.downloads,0,0,64]
11-14 20:29:02.006   650  1343 I am_create_service: [0,1110838288,.WeatherUpdateService,10043,1458]
11-14 20:29:02.016   650  1182 I am_destroy_service: [0,1111168704,1083]
11-14 20:29:02.016   650   897 I am_create_service: [0,1110617536,.DownloadService,10007,1083]
11-14 20:29:02.036   650  1180 I notification_cancel_all: [com.android.providers.downloads,0,0,64]
11-14 20:29:02.056   650   898 I am_destroy_service: [0,1110838288,1458]
11-14 20:29:02.056   650  1182 I am_destroy_service: [0,1110617536,1083]
11-14 20:29:03.716   650   668 I am_create_service: [0,1107761328,.DownloadService,10007,1083]
11-14 20:29:03.736   650  1258 I am_create_service: [0,1108027304,.WeatherUpdateService,10043,1458]
11-14 20:29:03.756   650   898 I notification_cancel_all: [com.android.providers.downloads,0,0,64]
11-14 20:29:03.786   650  1207 I am_destroy_service: [0,1108027304,1458]
11-14 20:29:03.786   650   897 I am_destroy_service: [0,1107761328,1083]
11-14 20:29:12.456   987   987 I screen_toggled: 2
11-14 20:29:12.726   179   179 I sf_frame_dur: [Keyguard,37,14,5,0,1,1,4]
11-14 20:29:30.826   650  1180 I force_gc: Binder
11-14 20:30:02.956   650   897 I wm_stack_created: [2,0,6,100]
11-14 20:30:02.956   650   897 I am_create_task: [0,3]
11-14 20:30:02.956   650   897 I am_create_activity: [0,1105639080,3,com.android.settings/.Settings,android.intent.action.MAIN,NULL,NULL,270532608]
11-14 20:30:02.956   650   897 I wm_task_created: [3,2]
11-14 20:30:02.956   650   897 I wm_task_moved: [3,1,1]
11-14 20:30:02.956   650   897 I wm_home_stack_moved: 0
11-14 20:30:03.046   650   897 I am_pause_activity: [0,1108979816,com.cyanogenmod.trebuchet/org.cyanogenmod.trebuchet.CustomHomeLauncher]
11-14 20:30:03.066  1183  1183 I am_on_paused_called: [0,org.cyanogenmod.trebuchet.CustomHomeLauncher]
11-14 20:30:03.076   650  1207 I am_restart_activity: [0,1105639080,3,com.android.settings/.Settings]
11-14 20:30:03.296  2479  2479 I am_on_resume_called: [0,com.android.settings.Settings]
11-14 20:30:03.646   650   897 I am_create_service: [0,1110489536,.SearchPopulator,1000,2479]
11-14 20:30:03.656   179   179 I sf_frame_dur: [com.cyanogenmod.trebuchet/org.cyanogenmod.trebuchet.CustomHomeLauncher,36,7,5,3,2,5,5]
11-14 20:30:03.746   650   867 I am_activity_launch_time: [0,1105639080,com.android.settings/.Settings,669,669]
11-14 20:30:03.856   650  1208 I am_destroy_service: [0,1110489536,2479]
11-14 20:30:03.956   179   179 I sf_frame_dur: [Starting com.android.settings,0,1,0,0,0,0,0]
11-14 20:30:10.476   650  1182 I wm_task_moved: [3,1,1]
11-14 20:30:10.476   650  1182 I wm_home_stack_moved: 0
11-14 20:30:10.476   650  1182 I am_create_activity: [0,1107854784,3,com.android.settings/.SubSettings,android.intent.action.MAIN,NULL,NULL,0]
11-14 20:30:10.476   650  1182 I am_pause_activity: [0,1105639080,com.android.settings/.Settings]
11-14 20:30:10.506  2479  2479 I am_on_paused_called: [0,com.android.settings.Settings]
11-14 20:30:10.506   650   897 I am_restart_activity: [0,1107854784,3,com.android.settings/.SubSettings]
11-14 20:30:10.546   650  1208 I am_proc_start: [0,4389,10005,com.android.defcontainer,service,com.android.defcontainer/.DefaultContainerService]
11-14 20:30:10.576   650   897 I am_proc_bound: [0,4389,com.android.defcontainer]
11-14 20:30:10.576   650   897 I am_create_service: [0,1107755872,.DefaultContainerService,10005,4389]
11-14 20:30:10.636  2479  2479 I am_on_resume_called: [0,com.android.settings.SubSettings]
11-14 20:30:10.786   650   867 I am_activity_launch_time: [0,1107854784,com.android.settings/.SubSettings,278,278]
11-14 20:30:11.126   179   179 I sf_frame_dur: [com.android.settings/com.android.settings.Settings,98,13,6,4,2,2,1]
11-14 20:30:11.706  2479  2479 I dvm_lock_sample: [com.android.settings,1,main,686,ApplicationsState.java,347,-,989,100]
11-14 20:30:11.706   650   668 I am_finish_activity: [0,1107854784,3,com.android.settings/.SubSettings,app-request]
11-14 20:30:11.706   650   668 I am_pause_activity: [0,1107854784,com.android.settings/.SubSettings]
11-14 20:30:11.726  2479  2479 I am_on_paused_called: [0,com.android.settings.SubSettings]
11-14 20:30:11.726   650  1180 I am_resume_activity: [0,1105639080,3,com.android.settings/.Settings]
11-14 20:30:11.746  2479  2479 I am_on_resume_called: [0,com.android.settings.Settings]
11-14 20:30:12.526   650   668 I am_finish_activity: [0,1105639080,3,com.android.settings/.Settings,app-request]
11-14 20:30:12.526   650   668 I wm_home_stack_moved: 1
11-14 20:30:12.526   650   668 I wm_task_moved: [1,1,1]
11-14 20:30:12.526   650   668 I wm_home_stack_moved: 1
11-14 20:30:12.606   650   668 I am_pause_activity: [0,1105639080,com.android.settings/.Settings]
11-14 20:30:12.606  2479  2479 I am_on_paused_called: [0,com.android.settings.Settings]
11-14 20:30:12.616   650  1207 I am_resume_activity: [0,1108979816,1,com.cyanogenmod.trebuchet/org.cyanogenmod.trebuchet.CustomHomeLauncher]
11-14 20:30:12.626  1183  1183 I am_on_resume_called: [0,org.cyanogenmod.trebuchet.CustomHomeLauncher]
11-14 20:30:12.686   650  1207 I am_destroy_activity: [0,1105639080,3,com.android.settings/.Settings,finish-idle]
11-14 20:30:12.896   179   179 I sf_frame_dur: [com.android.settings/com.android.settings.SubSettings,0,1,0,0,0,1,0]
11-14 20:30:13.086   650   870 I am_destroy_activity: [0,1107854784,3,com.android.settings/.SubSettings,finish-imm]
11-14 20:30:13.086   650   870 I am_kill : [0,1203,com.android.printspooler,15,empty #17]
11-14 20:30:13.096   650   897 I am_proc_died: [0,1203,com.android.printspooler]
11-14 20:30:13.356   650  1182 I am_create_task: [0,4]
11-14 20:30:13.356   650  1182 I am_create_activity: [0,1106740616,4,com.android.settings/.Settings,android.intent.action.MAIN,NULL,NULL,270532608]
11-14 20:30:13.356   650  1182 I wm_task_created: [4,2]
11-14 20:30:13.356   650  1182 I wm_task_moved: [4,1,2]
11-14 20:30:13.356   650  1182 I wm_home_stack_moved: 0
11-14 20:30:13.396   650  1182 I am_pause_activity: [0,1108979816,com.cyanogenmod.trebuchet/org.cyanogenmod.trebuchet.CustomHomeLauncher]
11-14 20:30:13.406  1183  1183 I am_on_paused_called: [0,org.cyanogenmod.trebuchet.CustomHomeLauncher]
11-14 20:30:13.406   650   898 I am_restart_activity: [0,1106740616,4,com.android.settings/.Settings]
11-14 20:30:13.756   179   179 I sf_frame_dur: [com.cyanogenmod.trebuchet/org.cyanogenmod.trebuchet.CustomHomeLauncher,0,0,0,0,0,1,0]
11-14 20:30:13.956  2479  2479 I dvm_lock_sample: [com.android.settings,1,main,1324,ApplicationsState.java,347,-,989,100]
11-14 20:30:13.966   179   179 I sf_frame_dur: [com.android.settings/com.android.settings.Settings,0,0,1,0,0,0,0]
11-14 20:30:13.976   650  1258 I am_destroy_service: [0,1107755872,4389]
11-14 20:30:13.976   650  1182 I wm_task_removed: [3,removeTask]
11-14 20:30:13.976   650  1182 I wm_task_removed: [3,removeAppToken: last token]
11-14 20:30:14.036  2479  2479 I am_on_resume_called: [0,com.android.settings.Settings]
11-14 20:30:14.136   650   891 I am_create_service: [0,1110487648,.DefaultContainerService,10005,4389]
11-14 20:30:14.146   650   897 I am_create_service: [0,1110180416,.SearchPopulator,1000,2479]
11-14 20:30:14.206   650   867 I am_activity_launch_time: [0,1106740616,com.android.settings/.Settings,800,800]
11-14 20:30:14.236   650  1258 I am_destroy_service: [0,1110180416,2479]
11-14 20:30:14.426   179   179 I sf_frame_dur: [Starting com.android.settings,1,0,0,0,0,0,0]
11-14 20:30:15.526  3894  4024 I dvm_lock_sample: [uiautomator,0,UiAutomatorHandlerThread,75,QueryController.java,61,-,149,15]
11-14 20:30:15.796   650   650 I free_storage_changed: 13233991680
11-14 20:30:21.266   650   668 I wm_task_moved: [4,1,1]
11-14 20:30:21.266   650   668 I wm_home_stack_moved: 0
11-14 20:30:21.266   650   668 I am_create_activity: [0,1107767672,4,com.android.settings/.SubSettings,android.intent.action.MAIN,NULL,NULL,0]
11-14 20:30:21.266   650   668 I am_pause_activity: [0,1106740616,com.android.settings/.Settings]
11-14 20:30:21.286  2479  2479 I am_on_paused_called: [0,com.android.settings.Settings]
11-14 20:30:21.286   650  1207 I am_restart_activity: [0,1107767672,4,com.android.settings/.SubSettings]
11-14 20:30:21.366  2479  2479 I am_on_resume_called: [0,com.android.settings.SubSettings]
11-14 20:30:21.436   650   867 I am_activity_launch_time: [0,1107767672,com.android.settings/.SubSettings,149,149]
11-14 20:30:21.766   179   179 I sf_frame_dur: [com.android.settings/com.android.settings.Settings,98,7,4,1,1,1,2]
11-14 20:30:22.026   650  1180 I am_finish_activity: [0,1107767672,4,com.android.settings/.SubSettings,app-request]
11-14 20:30:22.026   650  1180 I am_pause_activity: [0,1107767672,com.android.settings/.SubSettings]
11-14 20:30:22.026  2479  2479 I am_on_paused_called: [0,com.android.settings.SubSettings]
11-14 20:30:22.026   650   668 I am_resume_activity: [0,1106740616,4,com.android.settings/.Settings]
11-14 20:30:22.036  2479  2479 I am_on_resume_called: [0,com.android.settings.Settings]
11-14 20:30:22.456   650   870 I am_destroy_activity: [0,1107767672,4,com.android.settings/.SubSettings,finish-imm]
11-14 20:30:22.476   179   179 I sf_frame_dur: [com.android.settings/com.android.settings.SubSettings,0,1,0,0,1,0,0]
11-14 20:30:23.256   650  1180 I am_finish_activity: [0,1106740616,4,com.android.settings/.Settings,app-request]
11-14 20:30:23.256   650  1180 I wm_home_stack_moved: 1
11-14 20:30:23.266   650  1180 I wm_task_moved: [1,1,1]
11-14 20:30:23.266   650  1180 I wm_home_stack_moved: 1
11-14 20:30:23.336   650  1180 I am_pause_activity: [0,1106740616,com.android.settings/.Settings]
11-14 20:30:23.346  2479  2479 I am_on_paused_called: [0,com.android.settings.Settings]
11-14 20:30:23.346   650  1207 I am_resume_activity: [0,1108979816,1,com.cyanogenmod.trebuchet/org.cyanogenmod.trebuchet.CustomHomeLauncher]
11-14 20:30:23.356  1183  1183 I am_on_resume_called: [0,org.cyanogenmod.trebuchet.CustomHomeLauncher]
11-14 20:30:23.816   650   870 I am_destroy_activity: [0,1106740616,4,com.android.settings/.Settings,finish-imm]
11-14 20:30:23.826   179   179 I sf_frame_dur: [com.android.settings/com.android.settings.Settings,4,1,0,0,0,0,1]
11-14 20:30:24.556   650  1180 I am_create_task: [0,5]
11-14 20:30:24.556   650  1180 I am_create_activity: [0,1106883960,5,com.android.settings/.Settings,android.intent.action.MAIN,NULL,NULL,270532608]
11-14 20:30:24.556   650  1180 I wm_task_created: [5,2]
11-14 20:30:24.556   650  1180 I wm_task_moved: [5,1,2]
11-14 20:30:24.556   650  1180 I wm_home_stack_moved: 0
11-14 20:30:24.606   650  1180 I am_pause_activity: [0,1108979816,com.cyanogenmod.trebuchet/org.cyanogenmod.trebuchet.CustomHomeLauncher]
11-14 20:30:24.616  1183  1183 I am_on_paused_called: [0,org.cyanogenmod.trebuchet.CustomHomeLauncher]
11-14 20:30:24.616   650   668 I am_restart_activity: [0,1106883960,5,com.android.settings/.Settings]
11-14 20:30:24.746   650   898 I wm_task_removed: [4,removeTask]
11-14 20:30:24.746   650   898 I wm_task_removed: [4,removeAppToken: last token]
11-14 20:30:24.796  2479  2479 I am_on_resume_called: [0,com.android.settings.Settings]
11-14 20:30:24.896   650   667 I am_create_service: [0,1107905832,.SearchPopulator,1000,2479]
11-14 20:30:24.966   179   179 I sf_frame_dur: [com.cyanogenmod.trebuchet/org.cyanogenmod.trebuchet.CustomHomeLauncher,0,0,0,0,0,0,1]
11-14 20:30:24.976   650   867 I am_activity_launch_time: [0,1106883960,com.android.settings/.Settings,356,356]
11-14 20:30:25.016   650  1258 I am_destroy_service: [0,1107905832,2479]
11-14 20:30:25.186   179   179 I sf_frame_dur: [Starting com.android.settings,1,0,0,0,0,0,0]
11-14 20:30:29.906  3894  4024 I dvm_lock_sample: [uiautomator,0,UiAutomatorHandlerThread,166,QueryController.java,61,-,149,33]
11-14 20:30:31.296   650  1207 I wm_task_moved: [5,1,1]
11-14 20:30:31.296   650  1207 I wm_home_stack_moved: 0
11-14 20:30:31.296   650  1207 I am_create_activity: [0,1107742168,5,com.android.settings/.SubSettings,android.intent.action.MAIN,NULL,NULL,0]
11-14 20:30:31.296   650  1207 I am_pause_activity: [0,1106883960,com.android.settings/.Settings]
11-14 20:30:31.306  2479  2479 I am_on_paused_called: [0,com.android.settings.Settings]
11-14 20:30:31.306   650   667 I am_restart_activity: [0,1107742168,5,com.android.settings/.SubSettings]
11-14 20:30:31.376  2479  2479 I am_on_resume_called: [0,com.android.settings.SubSettings]
11-14 20:30:31.446   650   867 I am_activity_launch_time: [0,1107742168,com.android.settings/.SubSettings,136,136]
11-14 20:30:31.776   179   179 I sf_frame_dur: [com.android.settings/com.android.settings.Settings,98,10,5,1,1,1,2]
11-14 20:30:32.026   650   667 I am_finish_activity: [0,1107742168,5,com.android.settings/.SubSettings,app-request]
11-14 20:30:32.026   650   667 I am_pause_activity: [0,1107742168,com.android.settings/.SubSettings]
11-14 20:30:32.036  2479  2479 I am_on_paused_called: [0,com.android.settings.SubSettings]
11-14 20:30:32.036   650   897 I am_resume_activity: [0,1106883960,5,com.android.settings/.Settings]
11-14 20:30:32.036  2479  2479 I am_on_resume_called: [0,com.android.settings.Settings]
11-14 20:30:32.456   650   870 I am_destroy_activity: [0,1107742168,5,com.android.settings/.SubSettings,finish-imm]
11-14 20:30:32.466   179   179 I sf_frame_dur: [com.android.settings/com.android.settings.SubSettings,2,0,0,0,1,0,0]
11-14 20:30:33.846   650  1180 I am_finish_activity: [0,1106883960,5,com.android.settings/.Settings,app-request]
11-14 20:30:33.846   650  1180 I wm_home_stack_moved: 1
11-14 20:30:33.846   650  1180 I wm_task_moved: [1,1,1]
11-14 20:30:33.846   650  1180 I wm_home_stack_moved: 1
11-14 20:30:33.886   650  1180 I am_pause_activity: [0,1106883960,com.android.settings/.Settings]
11-14 20:30:33.886  2479  2479 I am_on_paused_called: [0,com.android.settings.Settings]
11-14 20:30:33.886   650   898 I am_resume_activity: [0,1108979816,1,com.cyanogenmod.trebuchet/org.cyanogenmod.trebuchet.CustomHomeLauncher]
11-14 20:30:33.906  1183  1183 I am_on_resume_called: [0,org.cyanogenmod.trebuchet.CustomHomeLauncher]
11-14 20:30:34.526   650   867 I dvm_lock_sample: [system_server,1,WindowManager,145,ActivityRecord.java,899,ActivityManagerService.java,10730,29]
11-14 20:30:34.526   650   870 I am_destroy_activity: [0,1106883960,5,com.android.settings/.Settings,finish-imm]
11-14 20:30:34.546   179   179 I sf_frame_dur: [com.android.settings/com.android.settings.Settings,6,1,0,0,0,0,1]
11-14 20:30:35.126   650  1180 I am_create_task: [0,6]
11-14 20:30:35.126   650  1180 I am_create_activity: [0,1107851792,6,com.android.settings/.Settings,android.intent.action.MAIN,NULL,NULL,270532608]
11-14 20:30:35.126   650  1180 I wm_task_created: [6,2]
11-14 20:30:35.126   650  1180 I wm_task_moved: [6,1,2]
11-14 20:30:35.126   650  1180 I wm_home_stack_moved: 0
11-14 20:30:35.126   650  1180 I am_pause_activity: [0,1108979816,com.cyanogenmod.trebuchet/org.cyanogenmod.trebuchet.CustomHomeLauncher]
11-14 20:30:35.146  1183  1183 I am_on_paused_called: [0,org.cyanogenmod.trebuchet.CustomHomeLauncher]
11-14 20:30:35.146   650   898 I am_restart_activity: [0,1107851792,6,com.android.settings/.Settings]
11-14 20:30:35.346   650   898 I wm_task_removed: [5,removeTask]
11-14 20:30:35.346   650   898 I wm_task_removed: [5,removeAppToken: last token]
11-14 20:30:35.486  2479  2479 I am_on_resume_called: [0,com.android.settings.Settings]
11-14 20:30:35.546   179   179 I sf_frame_dur: [com.cyanogenmod.trebuchet/org.cyanogenmod.trebuchet.CustomHomeLauncher,0,0,0,0,0,0,1]
11-14 20:30:35.616   650   898 I am_create_service: [0,1107276072,.SearchPopulator,1000,2479]
11-14 20:30:35.646   650   867 I am_activity_launch_time: [0,1107851792,com.android.settings/.Settings,501,501]
11-14 20:30:35.706   650   668 I am_destroy_service: [0,1107276072,2479]
11-14 20:30:35.866   179   179 I sf_frame_dur: [Starting com.android.settings,1,0,0,0,0,0,0]
11-14 20:30:39.076   650   650 I dvm_lock_sample: [system_server,1,main,225,UserManagerService.java,289,PackageManagerService.java,11756,45]
11-14 20:30:39.086   650   898 I am_proc_start: [0,6892,10052,com.android.printspooler,service,com.android.printspooler/.PrintSpoolerService]
11-14 20:30:39.106   650  1182 I am_proc_bound: [0,6892,com.android.printspooler]
11-14 20:30:39.116   650  1182 I am_create_service: [0,1113400880,.PrintSpoolerService,10052,6892]
11-14 20:30:40.956  3894  4024 I dvm_lock_sample: [uiautomator,0,UiAutomatorHandlerThread,111,QueryController.java,61,-,149,22]
11-14 20:30:42.046   650  1207 I wm_task_moved: [6,1,1]
11-14 20:30:42.046   650  1207 I wm_home_stack_moved: 0
11-14 20:30:42.046   650  1207 I am_create_activity: [0,1108048248,6,com.android.settings/.SubSettings,android.intent.action.MAIN,NULL,NULL,0]
11-14 20:30:42.046   650  1207 I am_pause_activity: [0,1107851792,com.android.settings/.Settings]
11-14 20:30:42.076  2479  2479 I am_on_paused_called: [0,com.android.settings.Settings]
11-14 20:30:42.076   650   668 I am_restart_activity: [0,1108048248,6,com.android.settings/.SubSettings]
11-14 20:30:42.126  2479  2479 I am_on_resume_called: [0,com.android.settings.SubSettings]
11-14 20:30:42.206   650   867 I am_activity_launch_time: [0,1108048248,com.android.settings/.SubSettings,130,130]
11-14 20:30:42.536   179   179 I sf_frame_dur: [com.android.settings/com.android.settings.Settings,102,11,5,0,2,2,1]
11-14 20:30:42.796   650  1208 I am_finish_activity: [0,1108048248,6,com.android.settings/.SubSettings,app-request]
11-14 20:30:42.796   650  1208 I am_pause_activity: [0,1108048248,com.android.settings/.SubSettings]
11-14 20:30:42.796  2479  2479 I am_on_paused_called: [0,com.android.settings.SubSettings]
11-14 20:30:42.796   650  1207 I am_resume_activity: [0,1107851792,6,com.android.settings/.Settings]
11-14 20:30:42.796  2479  2479 I am_on_resume_called: [0,com.android.settings.Settings]
11-14 20:30:43.196   650   870 I am_destroy_activity: [0,1108048248,6,com.android.settings/.SubSettings,finish-imm]
11-14 20:30:43.216   179   179 I sf_frame_dur: [com.android.settings/com.android.settings.SubSettings,2,0,0,0,1,0,0]
11-14 20:30:44.136   650   668 I am_destroy_service: [0,1113400880,6892]
11-14 20:30:44.346   650  1343 I am_finish_activity: [0,1107851792,6,com.android.settings/.Settings,app-request]
11-14 20:30:44.346   650  1343 I wm_home_stack_moved: 1
11-14 20:30:44.346   650  1343 I wm_task_moved: [1,1,1]
11-14 20:30:44.346   650  1343 I wm_home_stack_moved: 1
11-14 20:30:44.416   650  1343 I am_pause_activity: [0,1107851792,com.android.settings/.Settings]
11-14 20:30:44.426  2479  2479 I am_on_paused_called: [0,com.android.settings.Settings]
11-14 20:30:44.426   650   898 I am_resume_activity: [0,1108979816,1,com.cyanogenmod.trebuchet/org.cyanogenmod.trebuchet.CustomHomeLauncher]
11-14 20:30:44.446  1183  1183 I am_on_resume_called: [0,org.cyanogenmod.trebuchet.CustomHomeLauncher]
11-14 20:30:44.906   650   870 I am_destroy_activity: [0,1107851792,6,com.android.settings/.Settings,finish-imm]
11-14 20:30:44.916   179   179 I sf_frame_dur: [com.android.settings/com.android.settings.Settings,5,1,1,0,0,0,1]
11-14 20:30:45.636   650   897 I am_create_task: [0,7]
11-14 20:30:45.636   650   897 I am_create_activity: [0,1106625344,7,com.android.settings/.Settings,android.intent.action.MAIN,NULL,NULL,270532608]
11-14 20:30:45.636   650   897 I wm_task_created: [7,2]
11-14 20:30:45.636   650   897 I wm_task_moved: [7,1,2]
11-14 20:30:45.636   650   897 I wm_home_stack_moved: 0
11-14 20:30:45.686   650   897 I am_pause_activity: [0,1108979816,com.cyanogenmod.trebuchet/org.cyanogenmod.trebuchet.CustomHomeLauncher]
11-14 20:30:45.726  1183  1183 I am_on_paused_called: [0,org.cyanogenmod.trebuchet.CustomHomeLauncher]
11-14 20:30:45.736   650  1343 I am_restart_activity: [0,1106625344,7,com.android.settings/.Settings]
11-14 20:30:45.956   650  1208 I wm_task_removed: [6,removeTask]
11-14 20:30:45.956   650  1208 I wm_task_removed: [6,removeAppToken: last token]
11-14 20:30:46.026  2479  2479 I am_on_resume_called: [0,com.android.settings.Settings]
11-14 20:30:46.076   179   179 I sf_frame_dur: [com.cyanogenmod.trebuchet/org.cyanogenmod.trebuchet.CustomHomeLauncher,0,0,0,0,0,0,1]
11-14 20:30:46.136   650  1208 I am_create_service: [0,1110660280,.SearchPopulator,1000,2479]
11-14 20:30:46.196   650   867 I am_activity_launch_time: [0,1106625344,com.android.settings/.Settings,464,464]
11-14 20:30:46.246   650  1208 I am_destroy_service: [0,1110660280,2479]
11-14 20:30:46.406   179   179 I sf_frame_dur: [Starting com.android.settings,1,0,0,0,0,0,0]
11-14 20:30:52.206   650  1343 I wm_task_moved: [7,1,1]
11-14 20:30:52.206   650  1343 I wm_home_stack_moved: 0
11-14 20:30:52.206   650  1343 I am_create_activity: [0,1106738272,7,com.android.settings/.SubSettings,android.intent.action.MAIN,NULL,NULL,0]
11-14 20:30:52.206   650  1343 I am_pause_activity: [0,1106625344,com.android.settings/.Settings]
11-14 20:30:52.226  2479  2479 I am_on_paused_called: [0,com.android.settings.Settings]
11-14 20:30:52.226   650   898 I am_restart_activity: [0,1106738272,7,com.android.settings/.SubSettings]
11-14 20:30:52.276  2479  2479 I am_on_resume_called: [0,com.android.settings.SubSettings]
11-14 20:30:52.346   650   867 I am_activity_launch_time: [0,1106738272,com.android.settings/.SubSettings,120,120]
11-14 20:30:52.686   179   179 I sf_frame_dur: [com.android.settings/com.android.settings.Settings,108,2,4,0,2,2,1]
11-14 20:30:52.936   650  1207 I am_finish_activity: [0,1106738272,7,com.android.settings/.SubSettings,app-request]
11-14 20:30:52.936   650  1207 I am_pause_activity: [0,1106738272,com.android.settings/.SubSettings]
11-14 20:30:52.946  2479  2479 I am_on_paused_called: [0,com.android.settings.SubSettings]
11-14 20:30:52.946   650  1180 I am_resume_activity: [0,1106625344,7,com.android.settings/.Settings]
11-14 20:30:52.956  2479  2479 I am_on_resume_called: [0,com.android.settings.Settings]
11-14 20:30:53.386   650   870 I am_destroy_activity: [0,1106738272,7,com.android.settings/.SubSettings,finish-imm]
11-14 20:30:53.406   179   179 I sf_frame_dur: [com.android.settings/com.android.settings.SubSettings,2,0,0,0,0,0,0]
11-14 20:30:54.736   650  1207 I am_finish_activity: [0,1106625344,7,com.android.settings/.Settings,app-request]
11-14 20:30:54.736   650  1207 I wm_home_stack_moved: 1
11-14 20:30:54.736   650  1207 I wm_task_moved: [1,1,1]
11-14 20:30:54.736   650  1207 I wm_home_stack_moved: 1
11-14 20:30:54.776   650  1207 I am_pause_activity: [0,1106625344,com.android.settings/.Settings]
11-14 20:30:54.786  2479  2479 I am_on_paused_called: [0,com.android.settings.Settings]
11-14 20:30:54.786   650  1182 I am_resume_activity: [0,1108979816,1,com.cyanogenmod.trebuchet/org.cyanogenmod.trebuchet.CustomHomeLauncher]
11-14 20:30:54.806  1183  1183 I am_on_resume_called: [0,org.cyanogenmod.trebuchet.CustomHomeLauncher]
11-14 20:30:55.276   650   870 I am_destroy_activity: [0,1106625344,7,com.android.settings/.Settings,finish-imm]
11-14 20:30:55.296   179   179 I sf_frame_dur: [com.android.settings/com.android.settings.Settings,4,1,1,0,0,0,1]
11-14 20:30:56.016   650  1207 I am_create_task: [0,8]
11-14 20:30:56.016   650  1207 I am_create_activity: [0,1106738272,8,com.android.settings/.Settings,android.intent.action.MAIN,NULL,NULL,270532608]
11-14 20:30:56.016   650  1207 I wm_task_created: [8,2]
11-14 20:30:56.016   650  1207 I wm_task_moved: [8,1,2]
11-14 20:30:56.016   650  1207 I wm_home_stack_moved: 0
11-14 20:30:56.046   650  1207 I am_pause_activity: [0,1108979816,com.cyanogenmod.trebuchet/org.cyanogenmod.trebuchet.CustomHomeLauncher]
11-14 20:30:56.056  1183  1183 I am_on_paused_called: [0,org.cyanogenmod.trebuchet.CustomHomeLauncher]
11-14 20:30:56.056   650  1208 I am_restart_activity: [0,1106738272,8,com.android.settings/.Settings]
11-14 20:30:56.366   650   667 I wm_task_removed: [7,removeTask]
11-14 20:30:56.366   650   667 I wm_task_removed: [7,removeAppToken: last token]
11-14 20:30:56.426  2479  2479 I am_on_resume_called: [0,com.android.settings.Settings]
11-14 20:30:56.436   179   179 I sf_frame_dur: [com.cyanogenmod.trebuchet/org.cyanogenmod.trebuchet.CustomHomeLauncher,0,0,0,0,0,0,1]
11-14 20:30:56.516   650   667 I am_create_service: [0,1107722640,.SearchPopulator,1000,2479]
11-14 20:30:56.566   650   867 I am_activity_launch_time: [0,1106738272,com.android.settings/.Settings,513,513]
11-14 20:30:56.616   650  1343 I am_destroy_service: [0,1107722640,2479]
11-14 20:30:56.786   179   179 I sf_frame_dur: [Starting com.android.settings,1,0,0,0,0,0,0]
11-14 20:31:02.806   650   897 I wm_task_moved: [8,1,1]
11-14 20:31:02.806   650   897 I wm_home_stack_moved: 0
11-14 20:31:02.806   650   897 I am_create_activity: [0,1106740616,8,com.android.settings/.SubSettings,android.intent.action.MAIN,NULL,NULL,0]
11-14 20:31:02.806   650   897 I am_pause_activity: [0,1106738272,com.android.settings/.Settings]
11-14 20:31:02.856  2479  2479 I am_on_paused_called: [0,com.android.settings.Settings]
11-14 20:31:02.856   650  1180 I am_restart_activity: [0,1106740616,8,com.android.settings/.SubSettings]
11-14 20:31:02.916  2479  2479 I am_on_resume_called: [0,com.android.settings.SubSettings]
11-14 20:31:03.036   650   867 I am_activity_launch_time: [0,1106740616,com.android.settings/.SubSettings,181,181]
11-14 20:31:03.396   179   179 I sf_frame_dur: [com.android.settings/com.android.settings.Settings,90,10,5,1,1,2,1]
11-14 20:31:03.616   650   667 I am_finish_activity: [0,1106740616,8,com.android.settings/.SubSettings,app-request]
11-14 20:31:03.616   650   667 I am_pause_activity: [0,1106740616,com.android.settings/.SubSettings]
11-14 20:31:03.616  2479  2479 I am_on_paused_called: [0,com.android.settings.SubSettings]
11-14 20:31:03.616   650  1182 I am_resume_activity: [0,1106738272,8,com.android.settings/.Settings]
11-14 20:31:03.626  2479  2479 I am_on_resume_called: [0,com.android.settings.Settings]
11-14 20:31:04.056   650   870 I am_destroy_activity: [0,1106740616,8,com.android.settings/.SubSettings,finish-imm]
11-14 20:31:04.066   179   179 I sf_frame_dur: [com.android.settings/com.android.settings.SubSettings,0,1,0,0,1,0,0]
11-14 20:31:05.356   650   667 I am_finish_activity: [0,1106738272,8,com.android.settings/.Settings,app-request]
11-14 20:31:05.356   650   667 I wm_home_stack_moved: 1
11-14 20:31:05.356   650   667 I wm_task_moved: [1,1,1]
11-14 20:31:05.356   650   667 I wm_home_stack_moved: 1
11-14 20:31:05.396   650   667 I am_pause_activity: [0,1106738272,com.android.settings/.Settings]
11-14 20:31:05.406  2479  2479 I am_on_paused_called: [0,com.android.settings.Settings]
11-14 20:31:05.406   650  1208 I am_resume_activity: [0,1108979816,1,com.cyanogenmod.trebuchet/org.cyanogenmod.trebuchet.CustomHomeLauncher]
11-14 20:31:05.416  1183  1183 I am_on_resume_called: [0,org.cyanogenmod.trebuchet.CustomHomeLauncher]
11-14 20:31:05.876   650   870 I am_destroy_activity: [0,1106738272,8,com.android.settings/.Settings,finish-imm]
11-14 20:31:05.886   179   179 I sf_frame_dur: [com.android.settings/com.android.settings.Settings,4,1,0,0,0,0,1]
11-14 20:31:06.616   650  1258 I am_create_task: [0,9]
11-14 20:31:06.616   650  1258 I am_create_activity: [0,1106625344,9,com.android.settings/.Settings,android.intent.action.MAIN,NULL,NULL,270532608]
11-14 20:31:06.616   650  1258 I wm_task_created: [9,2]
11-14 20:31:06.616   650  1258 I wm_task_moved: [9,1,2]
11-14 20:31:06.616   650  1258 I wm_home_stack_moved: 0
11-14 20:31:06.646   650  1258 I am_pause_activity: [0,1108979816,com.cyanogenmod.trebuchet/org.cyanogenmod.trebuchet.CustomHomeLauncher]
11-14 20:31:06.666  1183  1183 I am_on_paused_called: [0,org.cyanogenmod.trebuchet.CustomHomeLauncher]
11-14 20:31:06.666   650   668 I am_restart_activity: [0,1106625344,9,com.android.settings/.Settings]
11-14 20:31:07.016   179   179 I sf_frame_dur: [com.cyanogenmod.trebuchet/org.cyanogenmod.trebuchet.CustomHomeLauncher,0,0,0,0,0,0,1]
11-14 20:31:07.026   650  1180 I wm_task_removed: [8,removeTask]
11-14 20:31:07.026   650  1180 I wm_task_removed: [8,removeAppToken: last token]
11-14 20:31:07.076  2479  2479 I am_on_resume_called: [0,com.android.settings.Settings]
11-14 20:31:07.166   650  1258 I am_create_service: [0,1107722640,.SearchPopulator,1000,2479]
11-14 20:31:07.216   650   867 I am_activity_launch_time: [0,1106625344,com.android.settings/.Settings,550,550]
11-14 20:31:07.286   650  1207 I am_destroy_service: [0,1107722640,2479]
11-14 20:31:07.426   179   179 I sf_frame_dur: [Starting com.android.settings,1,0,0,0,0,0,0]
11-14 20:31:12.116  3894  4024 I dvm_lock_sample: [uiautomator,0,UiAutomatorHandlerThread,64,QueryController.java,61,-,149,12]
11-14 20:31:13.876   650  1343 I wm_task_moved: [9,1,1]
11-14 20:31:13.876   650  1343 I wm_home_stack_moved: 0
11-14 20:31:13.876   650  1343 I am_create_activity: [0,1106779312,9,com.android.settings/.SubSettings,android.intent.action.MAIN,NULL,NULL,0]
11-14 20:31:13.876   650  1343 I am_pause_activity: [0,1106625344,com.android.settings/.Settings]
11-14 20:31:13.916  2479  2479 I am_on_paused_called: [0,com.android.settings.Settings]
11-14 20:31:13.916   650  1208 I am_restart_activity: [0,1106779312,9,com.android.settings/.SubSettings]
11-14 20:31:13.986  2479  2479 I am_on_resume_called: [0,com.android.settings.SubSettings]
11-14 20:31:14.056   650   867 I am_activity_launch_time: [0,1106779312,com.android.settings/.SubSettings,141,141]
11-14 20:31:14.406   179   179 I sf_frame_dur: [com.android.settings/com.android.settings.Settings,107,7,2,0,2,2,2]
11-14 20:31:14.656   650  1343 I am_finish_activity: [0,1106779312,9,com.android.settings/.SubSettings,app-request]
11-14 20:31:14.656   650  1343 I am_pause_activity: [0,1106779312,com.android.settings/.SubSettings]
11-14 20:31:14.656  2479  2479 I am_on_paused_called: [0,com.android.settings.SubSettings]
11-14 20:31:14.666   650  1258 I am_resume_activity: [0,1106625344,9,com.android.settings/.Settings]
11-14 20:31:14.676   650   870 I dvm_lock_sample: [system_server,1,ActivityManager,11,ActivityManagerService.java,1426,-,5397,2]
11-14 20:31:14.686  2479  2479 I am_on_resume_called: [0,com.android.settings.Settings]
11-14 20:31:15.116   650   870 I am_destroy_activity: [0,1106779312,9,com.android.settings/.SubSettings,finish-imm]
11-14 20:31:15.126   179   179 I sf_frame_dur: [com.android.settings/com.android.settings.SubSettings,0,1,0,0,1,0,0]
11-14 20:31:16.416   650   668 I am_finish_activity: [0,1106625344,9,com.android.settings/.Settings,app-request]
11-14 20:31:16.416   650   668 I wm_home_stack_moved: 1
11-14 20:31:16.416   650   668 I wm_task_moved: [1,1,1]
11-14 20:31:16.416   650   668 I wm_home_stack_moved: 1
11-14 20:31:16.456   650   668 I am_pause_activity: [0,1106625344,com.android.settings/.Settings]
11-14 20:31:16.466  2479  2479 I am_on_paused_called: [0,com.android.settings.Settings]
11-14 20:31:16.466   650  1207 I am_resume_activity: [0,1108979816,1,com.cyanogenmod.trebuchet/org.cyanogenmod.trebuchet.CustomHomeLauncher]
11-14 20:31:16.476  1183  1183 I am_on_resume_called: [0,org.cyanogenmod.trebuchet.CustomHomeLauncher]
11-14 20:31:16.936   650   870 I am_destroy_activity: [0,1106625344,9,com.android.settings/.Settings,finish-imm]
11-14 20:31:16.956   179   179 I sf_frame_dur: [com.android.settings/com.android.settings.Settings,5,1,1,0,0,0,2]
11-14 20:31:17.666   650   668 I am_create_task: [0,10]
11-14 20:31:17.666   650   668 I am_create_activity: [0,1106738272,10,com.android.settings/.Settings,android.intent.action.MAIN,NULL,NULL,270532608]
11-14 20:31:17.666   650   668 I wm_task_created: [10,2]
11-14 20:31:17.666   650   668 I wm_task_moved: [10,1,2]
11-14 20:31:17.666   650   668 I wm_home_stack_moved: 0
11-14 20:31:17.756   650   668 I am_pause_activity: [0,1108979816,com.cyanogenmod.trebuchet/org.cyanogenmod.trebuchet.CustomHomeLauncher]
11-14 20:31:17.766  1183  1183 I am_on_paused_called: [0,org.cyanogenmod.trebuchet.CustomHomeLauncher]
11-14 20:31:17.766   650   898 I am_restart_activity: [0,1106738272,10,com.android.settings/.Settings]
11-14 20:31:18.076   650  1180 I wm_task_removed: [9,removeTask]
11-14 20:31:18.076   650  1180 I wm_task_removed: [9,removeAppToken: last token]
11-14 20:31:18.126   179   179 I sf_frame_dur: [com.cyanogenmod.trebuchet/org.cyanogenmod.trebuchet.CustomHomeLauncher,0,0,0,0,0,0,1]
11-14 20:31:18.146  2479  2479 I am_on_resume_called: [0,com.android.settings.Settings]
11-14 20:31:18.236   650   667 I am_create_service: [0,1109050552,.SearchPopulator,1000,2479]
11-14 20:31:18.296   650   867 I am_activity_launch_time: [0,1106738272,com.android.settings/.Settings,532,532]
11-14 20:31:18.336   650  1258 I am_destroy_service: [0,1109050552,2479]
11-14 20:31:18.506   179   179 I sf_frame_dur: [Starting com.android.settings,0,1,0,0,0,0,0]
11-14 20:31:25.256   650  1207 I wm_task_moved: [10,1,1]
11-14 20:31:25.256   650  1207 I wm_home_stack_moved: 0
11-14 20:31:25.256   650  1207 I am_create_activity: [0,1106801600,10,com.android.settings/.SubSettings,android.intent.action.MAIN,NULL,NULL,0]
11-14 20:31:25.256   650  1207 I am_pause_activity: [0,1106738272,com.android.settings/.Settings]
11-14 20:31:25.296  2479  2479 I am_on_paused_called: [0,com.android.settings.Settings]
11-14 20:31:25.296   650  1208 I am_restart_activity: [0,1106801600,10,com.android.settings/.SubSettings]
11-14 20:31:25.366  2479  2479 I am_on_resume_called: [0,com.android.settings.SubSettings]
11-14 20:31:25.436   650   867 I am_activity_launch_time: [0,1106801600,com.android.settings/.SubSettings,132,132]
11-14 20:31:25.776   179   179 I sf_frame_dur: [com.android.settings/com.android.settings.Settings,111,8,2,2,1,3,1]
11-14 20:31:26.026   650   667 I am_finish_activity: [0,1106801600,10,com.android.settings/.SubSettings,app-request]
11-14 20:31:26.026   650   667 I am_pause_activity: [0,1106801600,com.android.settings/.SubSettings]
11-14 20:31:26.026  2479  2479 I am_on_paused_called: [0,com.android.settings.SubSettings]
11-14 20:31:26.026   650  1207 I am_resume_activity: [0,1106738272,10,com.android.settings/.Settings]
11-14 20:31:26.036  2479  2479 I am_on_resume_called: [0,com.android.settings.Settings]
11-14 20:31:26.466   650   870 I am_destroy_activity: [0,1106801600,10,com.android.settings/.SubSettings,finish-imm]
11-14 20:31:26.476   179   179 I sf_frame_dur: [com.android.settings/com.android.settings.SubSettings,1,0,0,0,1,0,0]
11-14 20:31:27.686   650  1343 I am_finish_activity: [0,1106738272,10,com.android.settings/.Settings,app-request]
11-14 20:31:27.686   650  1343 I wm_home_stack_moved: 1
11-14 20:31:27.686   650  1343 I wm_task_moved: [1,1,1]
11-14 20:31:27.686   650  1343 I wm_home_stack_moved: 1
11-14 20:31:27.726   650  1343 I am_pause_activity: [0,1106738272,com.android.settings/.Settings]
11-14 20:31:27.736  2479  2479 I am_on_paused_called: [0,com.android.settings.Settings]
11-14 20:31:27.736   650   668 I am_resume_activity: [0,1108979816,1,com.cyanogenmod.trebuchet/org.cyanogenmod.trebuchet.CustomHomeLauncher]
11-14 20:31:27.756  1183  1183 I am_on_resume_called: [0,org.cyanogenmod.trebuchet.CustomHomeLauncher]
11-14 20:31:28.226   650   870 I am_destroy_activity: [0,1106738272,10,com.android.settings/.Settings,finish-imm]
11-14 20:31:28.236   179   179 I sf_frame_dur: [com.android.settings/com.android.settings.Settings,5,1,2,0,0,0,1]
11-14 20:31:28.946   650   898 I am_create_task: [0,11]
11-14 20:31:28.946   650   898 I am_create_activity: [0,1106625344,11,com.android.settings/.Settings,android.intent.action.MAIN,NULL,NULL,270532608]
11-14 20:31:28.946   650   898 I wm_task_created: [11,2]
11-14 20:31:28.946   650   898 I wm_task_moved: [11,1,2]
11-14 20:31:28.946   650   898 I wm_home_stack_moved: 0
11-14 20:31:28.996   650   898 I am_pause_activity: [0,1108979816,com.cyanogenmod.trebuchet/org.cyanogenmod.trebuchet.CustomHomeLauncher]
11-14 20:31:29.006  1183  1183 I am_on_paused_called: [0,org.cyanogenmod.trebuchet.CustomHomeLauncher]
11-14 20:31:29.006   650  1180 I am_restart_activity: [0,1106625344,11,com.android.settings/.Settings]
11-14 20:31:29.336   179   179 I sf_frame_dur: [com.cyanogenmod.trebuchet/org.cyanogenmod.trebuchet.CustomHomeLauncher,0,0,0,0,0,0,1]
11-14 20:31:29.616   650   897 I wm_task_removed: [10,removeTask]
11-14 20:31:29.616   650   897 I wm_task_removed: [10,removeAppToken: last token]
11-14 20:31:29.666  2479  2479 I am_on_resume_called: [0,com.android.settings.Settings]
11-14 20:31:29.746   650   668 I am_create_service: [0,1113318624,.SearchPopulator,1000,2479]
11-14 20:31:29.806   650   867 I am_activity_launch_time: [0,1106625344,com.android.settings/.Settings,805,805]
11-14 20:31:29.836   650   897 I am_destroy_service: [0,1113318624,2479]
11-14 20:31:30.026   179   179 I sf_frame_dur: [Starting com.android.settings,1,0,0,0,0,0,0]
11-14 20:31:31.146  3894  4024 I dvm_lock_sample: [uiautomator,0,UiAutomatorHandlerThread,94,QueryController.java,61,-,149,18]
11-14 20:31:36.566   650  1180 I wm_task_moved: [11,1,1]
11-14 20:31:36.566   650  1180 I wm_home_stack_moved: 0
11-14 20:31:36.576   650  1180 I am_create_activity: [0,1106779312,11,com.android.settings/.SubSettings,android.intent.action.MAIN,NULL,NULL,0]
11-14 20:31:36.576   650  1180 I am_pause_activity: [0,1106625344,com.android.settings/.Settings]
11-14 20:31:36.626  2479  2479 I am_on_paused_called: [0,com.android.settings.Settings]
11-14 20:31:36.626   650  1182 I am_restart_activity: [0,1106779312,11,com.android.settings/.SubSettings]
11-14 20:31:36.696  2479  2479 I am_on_resume_called: [0,com.android.settings.SubSettings]
11-14 20:31:36.766   650   867 I am_activity_launch_time: [0,1106779312,com.android.settings/.SubSettings,136,136]
11-14 20:31:37.106   179   179 I sf_frame_dur: [com.android.settings/com.android.settings.Settings,101,10,3,2,2,1,2]
11-14 20:31:37.366   650  1343 I am_finish_activity: [0,1106779312,11,com.android.settings/.SubSettings,app-request]
11-14 20:31:37.366   650  1343 I am_pause_activity: [0,1106779312,com.android.settings/.SubSettings]
11-14 20:31:37.366  2479  2479 I am_on_paused_called: [0,com.android.settings.SubSettings]
11-14 20:31:37.376   650  1180 I am_resume_activity: [0,1106625344,11,com.android.settings/.Settings]
11-14 20:31:37.386  2479  2479 I am_on_resume_called: [0,com.android.settings.Settings]
11-14 20:31:37.426   650   891 I dvm_lock_sample: [system_server,0,PackageManager,14,PackageManagerService.java,10987,-,3049,2]
11-14 20:31:37.806   650   870 I am_destroy_activity: [0,1106779312,11,com.android.settings/.SubSettings,finish-imm]
11-14 20:31:37.826   179   179 I sf_frame_dur: [com.android.settings/com.android.settings.SubSettings,2,0,0,0,1,0,0]
11-14 20:31:39.256   650  1208 I am_finish_activity: [0,1106625344,11,com.android.settings/.Settings,app-request]
11-14 20:31:39.256   650  1208 I wm_home_stack_moved: 1
11-14 20:31:39.256   650  1208 I wm_task_moved: [1,1,1]
11-14 20:31:39.256   650  1208 I wm_home_stack_moved: 1
11-14 20:31:39.296   650  1208 I am_pause_activity: [0,1106625344,com.android.settings/.Settings]
11-14 20:31:39.306  2479  2479 I am_on_paused_called: [0,com.android.settings.Settings]
11-14 20:31:39.306   650   898 I am_resume_activity: [0,1108979816,1,com.cyanogenmod.trebuchet/org.cyanogenmod.trebuchet.CustomHomeLauncher]
11-14 20:31:39.326  1183  1183 I am_on_resume_called: [0,org.cyanogenmod.trebuchet.CustomHomeLauncher]
11-14 20:31:39.806   650   870 I am_destroy_activity: [0,1106625344,11,com.android.settings/.Settings,finish-imm]
11-14 20:31:39.826   179   179 I sf_frame_dur: [com.android.settings/com.android.settings.Settings,5,1,0,0,0,0,1]
11-14 20:31:40.526   650  1207 I am_create_task: [0,12]
11-14 20:31:40.526   650  1207 I am_create_activity: [0,1106726656,12,com.android.settings/.Settings,android.intent.action.MAIN,NULL,NULL,270532608]
11-14 20:31:40.526   650  1207 I wm_task_created: [12,2]
11-14 20:31:40.526   650  1207 I wm_task_moved: [12,1,2]
11-14 20:31:40.526   650  1207 I wm_home_stack_moved: 0
11-14 20:31:40.556   650  1207 I am_pause_activity: [0,1108979816,com.cyanogenmod.trebuchet/org.cyanogenmod.trebuchet.CustomHomeLauncher]
11-14 20:31:40.576  1183  1183 I am_on_paused_called: [0,org.cyanogenmod.trebuchet.CustomHomeLauncher]
11-14 20:31:40.576   650   667 I am_restart_activity: [0,1106726656,12,com.android.settings/.Settings]
11-14 20:31:40.856   650  1207 I wm_task_removed: [11,removeTask]
11-14 20:31:40.856   650  1207 I wm_task_removed: [11,removeAppToken: last token]
11-14 20:31:40.916  2479  2479 I am_on_resume_called: [0,com.android.settings.Settings]
11-14 20:31:40.916   179   179 I sf_frame_dur: [com.cyanogenmod.trebuchet/org.cyanogenmod.trebuchet.CustomHomeLauncher,0,0,0,0,0,0,1]
11-14 20:31:41.006   650   668 I am_create_service: [0,1107741744,.SearchPopulator,1000,2479]
11-14 20:31:41.056   650   867 I am_activity_launch_time: [0,1106726656,com.android.settings/.Settings,479,479]
11-14 20:31:41.096   650  1208 I am_destroy_service: [0,1107741744,2479]
11-14 20:31:41.266   179   179 I sf_frame_dur: [Starting com.android.settings,0,1,0,0,0,0,0]
11-14 20:31:47.006   650  1258 I wm_task_moved: [12,1,1]
11-14 20:31:47.006   650  1258 I wm_home_stack_moved: 0
11-14 20:31:47.006   650  1258 I am_create_activity: [0,1106779312,12,com.android.settings/.SubSettings,android.intent.action.MAIN,NULL,NULL,0]
11-14 20:31:47.006   650  1258 I am_pause_activity: [0,1106726656,com.android.settings/.Settings]
11-14 20:31:47.046  2479  2479 I am_on_paused_called: [0,com.android.settings.Settings]
11-14 20:31:47.046   650  1180 I am_restart_activity: [0,1106779312,12,com.android.settings/.SubSettings]
11-14 20:31:47.116  2479  2479 I am_on_resume_called: [0,com.android.settings.SubSettings]
11-14 20:31:47.176   650   867 I am_activity_launch_time: [0,1106779312,com.android.settings/.SubSettings,129,129]
11-14 20:31:47.516   179   179 I sf_frame_dur: [com.android.settings/com.android.settings.Settings,93,10,4,0,2,2,1]
11-14 20:31:47.756   650  1258 I am_finish_activity: [0,1106779312,12,com.android.settings/.SubSettings,app-request]
11-14 20:31:47.756   650  1258 I am_pause_activity: [0,1106779312,com.android.settings/.SubSettings]
11-14 20:31:47.766  2479  2479 I am_on_paused_called: [0,com.android.settings.SubSettings]
11-14 20:31:47.766   650  1208 I am_resume_activity: [0,1106726656,12,com.android.settings/.Settings]
11-14 20:31:47.776  2479  2479 I am_on_resume_called: [0,com.android.settings.Settings]
11-14 20:31:48.166   650   870 I am_destroy_activity: [0,1106779312,12,com.android.settings/.SubSettings,finish-imm]
11-14 20:31:48.186   179   179 I sf_frame_dur: [com.android.settings/com.android.settings.SubSettings,1,0,0,0,1,0,0]
11-14 20:31:49.266   650  1207 I am_finish_activity: [0,1106726656,12,com.android.settings/.Settings,app-request]
11-14 20:31:49.266   650  1207 I wm_home_stack_moved: 1
11-14 20:31:49.266   650  1207 I wm_task_moved: [1,1,1]
11-14 20:31:49.266   650  1207 I wm_home_stack_moved: 1
11-14 20:31:49.306   650  1207 I am_pause_activity: [0,1106726656,com.android.settings/.Settings]
11-14 20:31:49.316  2479  2479 I am_on_paused_called: [0,com.android.settings.Settings]
11-14 20:31:49.316   650  1208 I am_resume_activity: [0,1108979816,1,com.cyanogenmod.trebuchet/org.cyanogenmod.trebuchet.CustomHomeLauncher]
11-14 20:31:49.336  1183  1183 I am_on_resume_called: [0,org.cyanogenmod.trebuchet.CustomHomeLauncher]
11-14 20:31:49.796   650   870 I am_destroy_activity: [0,1106726656,12,com.android.settings/.Settings,finish-imm]
11-14 20:31:49.806   179   179 I sf_frame_dur: [com.android.settings/com.android.settings.Settings,6,0,0,0,0,0,1]
11-14 20:31:50.516   650   898 I am_create_task: [0,13]
11-14 20:31:50.516   650   898 I am_create_activity: [0,1106625344,13,com.android.settings/.Settings,android.intent.action.MAIN,NULL,NULL,270532608]
11-14 20:31:50.526   650   898 I wm_task_created: [13,2]
11-14 20:31:50.526   650   898 I wm_task_moved: [13,1,2]
11-14 20:31:50.526   650   898 I wm_home_stack_moved: 0
11-14 20:31:50.596   650   898 I am_pause_activity: [0,1108979816,com.cyanogenmod.trebuchet/org.cyanogenmod.trebuchet.CustomHomeLauncher]
11-14 20:31:50.626  1183  1183 I am_on_paused_called: [0,org.cyanogenmod.trebuchet.CustomHomeLauncher]
11-14 20:31:50.626   650   897 I am_restart_activity: [0,1106625344,13,com.android.settings/.Settings]
11-14 20:31:50.926   179   179 I sf_frame_dur: [com.cyanogenmod.trebuchet/org.cyanogenmod.trebuchet.CustomHomeLauncher,0,0,0,0,0,0,1]
11-14 20:31:50.976   650  1343 I wm_task_removed: [12,removeTask]
11-14 20:31:50.976   650  1343 I wm_task_removed: [12,removeAppToken: last token]
11-14 20:31:51.026  2479  2479 I am_on_resume_called: [0,com.android.settings.Settings]
11-14 20:31:51.116   650   668 I am_create_service: [0,1107741744,.SearchPopulator,1000,2479]
11-14 20:31:51.166   650   867 I am_activity_launch_time: [0,1106625344,com.android.settings/.Settings,540,540]
11-14 20:31:51.206   650  1207 I am_destroy_service: [0,1107741744,2479]
11-14 20:31:51.376   179   179 I sf_frame_dur: [Starting com.android.settings,0,1,0,0,0,0,0]
11-14 20:31:56.026  3894  4024 I dvm_lock_sample: [uiautomator,0,UiAutomatorHandlerThread,76,QueryController.java,61,-,149,15]
11-14 20:31:57.876   650  1182 I wm_task_moved: [13,1,1]
11-14 20:31:57.876   650  1182 I wm_home_stack_moved: 0
11-14 20:31:57.876   650  1182 I am_create_activity: [0,1106740616,13,com.android.settings/.SubSettings,android.intent.action.MAIN,NULL,NULL,0]
11-14 20:31:57.876   650  1182 I am_pause_activity: [0,1106625344,com.android.settings/.Settings]
11-14 20:31:57.896  2479  2479 I am_on_paused_called: [0,com.android.settings.Settings]
11-14 20:31:57.896   650  1258 I am_restart_activity: [0,1106740616,13,com.android.settings/.SubSettings]
11-14 20:31:57.966  2479  2479 I am_on_resume_called: [0,com.android.settings.SubSettings]
11-14 20:31:58.036   650   867 I am_activity_launch_time: [0,1106740616,com.android.settings/.SubSettings,140,140]
11-14 20:31:58.376   179   179 I sf_frame_dur: [com.android.settings/com.android.settings.Settings,90,11,2,0,1,2,2]
11-14 20:31:58.626   650   667 I am_finish_activity: [0,1106740616,13,com.android.settings/.SubSettings,app-request]
11-14 20:31:58.626   650   667 I am_pause_activity: [0,1106740616,com.android.settings/.SubSettings]
11-14 20:31:58.626  2479  2479 I am_on_paused_called: [0,com.android.settings.SubSettings]
11-14 20:31:58.626   650   668 I am_resume_activity: [0,1106625344,13,com.android.settings/.Settings]
11-14 20:31:58.636  2479  2479 I am_on_resume_called: [0,com.android.settings.Settings]
11-14 20:31:59.066   650   870 I am_destroy_activity: [0,1106740616,13,com.android.settings/.SubSettings,finish-imm]
11-14 20:31:59.076   179   179 I sf_frame_dur: [com.android.settings/com.android.settings.SubSettings,0,1,0,0,1,0,0]
11-14 20:32:00.406   650  1343 I am_finish_activity: [0,1106625344,13,com.android.settings/.Settings,app-request]
11-14 20:32:00.406   650  1343 I wm_home_stack_moved: 1
11-14 20:32:00.406   650  1343 I wm_task_moved: [1,1,1]
11-14 20:32:00.406   650  1343 I wm_home_stack_moved: 1
11-14 20:32:00.446   650  1343 I am_pause_activity: [0,1106625344,com.android.settings/.Settings]
11-14 20:32:00.456  2479  2479 I am_on_paused_called: [0,com.android.settings.Settings]
11-14 20:32:00.466   650  1207 I am_resume_activity: [0,1108979816,1,com.cyanogenmod.trebuchet/org.cyanogenmod.trebuchet.CustomHomeLauncher]
11-14 20:32:00.476  1183  1183 I am_on_resume_called: [0,org.cyanogenmod.trebuchet.CustomHomeLauncher]
11-14 20:32:00.956   650   870 I am_destroy_activity: [0,1106625344,13,com.android.settings/.Settings,finish-imm]
11-14 20:32:00.966   179   179 I sf_frame_dur: [com.android.settings/com.android.settings.Settings,6,0,0,0,0,0,1]
11-14 20:32:01.726   650   897 I am_create_task: [0,14]
11-14 20:32:01.726   650   897 I am_create_activity: [0,1106726656,14,com.android.settings/.Settings,android.intent.action.MAIN,NULL,NULL,270532608]
11-14 20:32:01.726   650   897 I wm_task_created: [14,2]
11-14 20:32:01.726   650   897 I wm_task_moved: [14,1,2]
11-14 20:32:01.726   650   897 I wm_home_stack_moved: 0
11-14 20:32:01.766   650   897 I am_pause_activity: [0,1108979816,com.cyanogenmod.trebuchet/org.cyanogenmod.trebuchet.CustomHomeLauncher]
11-14 20:32:01.786  1183  1183 I am_on_paused_called: [0,org.cyanogenmod.trebuchet.CustomHomeLauncher]
11-14 20:32:01.786   650   898 I am_restart_activity: [0,1106726656,14,com.android.settings/.Settings]
11-14 20:32:02.126   179   179 I sf_frame_dur: [com.cyanogenmod.trebuchet/org.cyanogenmod.trebuchet.CustomHomeLauncher,0,0,0,0,0,0,1]
11-14 20:32:02.166   650   667 I wm_task_removed: [13,removeTask]
11-14 20:32:02.166   650   667 I wm_task_removed: [13,removeAppToken: last token]
11-14 20:32:02.216  2479  2479 I am_on_resume_called: [0,com.android.settings.Settings]
11-14 20:32:02.316   650  1207 I am_create_service: [0,1111033688,.SearchPopulator,1000,2479]
11-14 20:32:02.376   650   867 I am_activity_launch_time: [0,1106726656,com.android.settings/.Settings,595,595]
11-14 20:32:02.406   650   667 I am_destroy_service: [0,1111033688,2479]
11-14 20:32:02.596   179   179 I sf_frame_dur: [Starting com.android.settings,1,0,0,0,0,0,0]
11-14 20:32:08.496   650   898 I wm_task_moved: [14,1,1]
11-14 20:32:08.496   650   898 I wm_home_stack_moved: 0
11-14 20:32:08.496   650   898 I am_create_activity: [0,1106740616,14,com.android.settings/.SubSettings,android.intent.action.MAIN,NULL,NULL,0]
11-14 20:32:08.496   650   898 I am_pause_activity: [0,1106726656,com.android.settings/.Settings]
11-14 20:32:08.506  2479  2479 I am_on_paused_called: [0,com.android.settings.Settings]
11-14 20:32:08.506   650  1180 I am_restart_activity: [0,1106740616,14,com.android.settings/.SubSettings]
11-14 20:32:08.566  2479  2479 I am_on_resume_called: [0,com.android.settings.SubSettings]
