03-11 11:15:32.310   174   174 I auditd  : Starting up
03-11 11:15:32.330   174   174 I audit_log: Previous audit logfile detected, rotating
03-11 11:15:32.410   172   172 I Vold    : Vold 2.1 (the revenge) firing up
03-11 11:15:32.410   172   172 D Vold    : Volume usbdisk state changing -1 (Initializing) -> 0 (No-Media)
11-14 20:28:10.932   650   650 I SystemServer: Entered the Android system server!
11-14 20:28:13.472   650   650 I SystemServer: Waiting for installd to be ready.
11-14 20:28:13.472   650   867 I SystemServer: Enabled StrictMode logging for WM Looper
11-14 20:28:13.482   650   650 I Installer: connecting...
11-14 20:28:13.482   650   650 I SystemServer: Power Manager
11-14 20:28:13.482   650   650 I SystemServer: Activity Manager
11-14 20:28:13.492   650   870 I ActivityManager: Memory class: 192
11-14 20:28:13.612   650   887 I UiThread: Enabled StrictMode logging for UI thread
11-14 20:28:13.612   650   650 I IntentFirewall: Read new rules (A:0 B:0 S:0)
11-14 20:28:13.622   650   650 I SystemServer: Display Manager
11-14 20:28:13.622   650   870 I ActivityManager: Enabled StrictMode logging for AThread's Looper
11-14 20:28:13.632   650   650 I SystemServer: Telephony Registry
11-14 20:28:13.632   650   650 I SystemServer: Scheduling Policy
11-14 20:28:13.632   650   867 I DisplayManagerService: Display device added: DisplayDeviceInfo{"Built-in Screen": 1080 x 1920, 60.0 fps, density 480, 442.451 x 443.345 dpi, touch INTERNAL, rotation 0, type BUILT_IN, FLAG_DEFAULT_DISPLAY, FLAG_ROTATES_WITH_CONTENT, FLAG_SECURE, FLAG_SUPPORTS_PROTECTED_BUFFERS}
11-14 20:28:13.632   650   650 I SystemServer: Package Manager
11-14 20:28:13.732   650   650 D SELinuxMMAC: Couldn't find install policy /data/security/mac_permissions.xml
11-14 20:28:13.732   650   650 D SELinuxMMAC: Using install policy file /system/etc/security/mac_permissions.xml
11-14 20:28:14.112   650   650 W PackageParser: No actions in intent filter at /system/priv-app/Contacts.apk Binary XML file line #389
11-14 20:28:14.172   650   650 W PackageParser: No actions in intent filter at /system/priv-app/Dialer.apk Binary XML file line #197
11-14 20:28:14.601   650   650 W PackageParser: No actions in intent filter at /system/app/Bluetooth.apk Binary XML file line #227
11-14 20:28:14.611   650   650 W PackageParser: No actions in intent filter at /system/app/BluetoothExt.apk Binary XML file line #82
11-14 20:28:14.611   650   650 W PackageParser: No actions in intent filter at /system/app/BluetoothExt.apk Binary XML file line #106
11-14 20:28:14.611   650   650 W PackageParser: No actions in intent filter at /system/app/BluetoothExt.apk Binary XML file line #159
11-14 20:28:14.661   650   650 W PackageParser: No actions in intent filter at /system/app/CMFileManager.apk Binary XML file line #127
11-14 20:28:14.921   650   650 W PackageParser: Unknown element under <application>: permission at /system/app/Gallery2.apk Binary XML file line #275
11-14 20:28:14.921   650   650 W PackageParser: Unknown element under <application>: permission at /system/app/Gallery2.apk Binary XML file line #278
11-14 20:28:15.021   650   650 W PackageParser: No actions in intent filter at /system/app/OmaDmclient.apk Binary XML file line #31
11-14 20:28:15.021   650   650 W PackageParser: No actions in intent filter at /system/app/OmaDmclient.apk Binary XML file line #41
11-14 20:28:15.121   650   650 W PackageParser: No actions in intent filter at /system/app/Term.apk Binary XML file line #149
11-14 20:28:15.191   650   650 W PackageParser: Unknown element under <application>: uses-permission at /system/app/shutdownlistener.apk Binary XML file line #11
11-14 20:28:15.201   650   650 W PackageManager: Package com.android.mms desires unavailable shared library com.qrd.wappush; ignoring!
11-14 20:28:15.201   650   650 W PackageManager: Package com.android.gallery3d desires unavailable shared library com.google.android.media.effects; ignoring!
11-14 20:28:15.201   650   650 I PackageManager: Time to scan packages: 1.303 seconds
11-14 20:28:15.201   650   650 W PackageManager: Not granting permission android.permission.WRITE_MEDIA_STORAGE to package com.android.soundrecorder (protectionLevel=18 flags=0x8be45)
11-14 20:28:15.201   650   650 W PackageManager: Unknown permission com.google.android.c2dm.permission.RECEIVE in package com.cyanogenmod.account
11-14 20:28:15.201   650   650 W PackageManager: Unknown permission com.baidu.permission.QCCLOUD_PROVIDER in package com.android.contacts
11-14 20:28:15.201   650   650 W PackageManager: Unknown permission com.google.android.gallery3d.permission.GALLERY_PROVIDER in package com.android.bluetooth
11-14 20:28:15.201   650   650 W PackageManager: Unknown permission com.google.android.googleapps.permission.GOOGLE_AUTH in package com.android.providers.calendar
11-14 20:28:15.201   650   650 W PackageManager: Unknown permission com.google.android.googleapps.permission.GOOGLE_AUTH.cl in package com.android.providers.calendar
11-14 20:28:15.201   650   650 W PackageManager: Unknown permission com.google.android.googleapps.permission.GOOGLE_AUTH.mail in package com.android.calendar
11-14 20:28:15.201   650   650 W PackageManager: Not granting permission android.permission.ACCESS_DOWNLOAD_MANAGER to package com.android.browser (protectionLevel=18 flags=0x49be45)
11-14 20:28:15.201   650   650 W PackageManager: Not granting permission android.permission.SEND_DOWNLOAD_COMPLETED_INTENTS to package com.android.browser (protectionLevel=2 flags=0x49be45)
11-14 20:28:15.201   650   650 W PackageManager: Unknown permission com.android.launcher.permission.READ_SETTINGS in package com.android.onetimeinitializer
11-14 20:28:15.201   650   650 W PackageManager: Unknown permission com.android.launcher.permission.WRITE_SETTINGS in package com.android.onetimeinitializer
11-14 20:28:15.201   650   650 W PackageManager: Not granting permission android.permission.BIND_WALLPAPER to package com.android.camera2 (protectionLevel=18 flags=0x58bc45)
11-14 20:28:15.201   650   650 W PackageManager: Not granting permission com.android.gallery3d.permission.STORAGE_CHANGE to package com.android.camera2 (protectionLevel=18 flags=0x58bc45)
11-14 20:28:15.201   650   650 W PackageManager: Unknown permission android.permission.INSTALL_DRM in package com.android.mms
11-14 20:28:15.201   650   650 W PackageManager: Unknown permission com.qualcomm.permission.USE_PHONE_SERVICE in package com.android.mms
11-14 20:28:15.201   650   650 W PackageManager: Unknown permission com.cyanogenmod.filemanager.permissions.READ_THEME in package com.cyanogenmod.filemanager
11-14 20:28:15.211   650   650 W PackageManager: Unknown permission android.permission.MMS_PUSH in package org.codeaurora.bluetooth
11-14 20:28:15.211   650   650 W PackageManager: Unknown permission com.google.android.gallery3d.permission.PICASA_STORE in package com.android.dreams.phototable
11-14 20:28:15.211   650   650 W PackageManager: Unknown permission com.google.android.googleapps.permission.GOOGLE_AUTH in package com.android.settings
11-14 20:28:15.211   650   650 W PackageManager: Unknown permission com.android.launcher.permission.READ_SETTINGS in package com.android.settings
11-14 20:28:15.211   650   650 W PackageManager: Unknown permission com.android.launcher.permission.WRITE_SETTINGS in package com.android.settings
11-14 20:28:15.211   650   650 W PackageManager: Unknown permission android.permission.CHANGE_PRIVACY_GUARD_STATE in package com.android.settings
11-14 20:28:15.211   650   650 W PackageManager: Unknown permission com.cyanogen.permission.REQUEST_KILL_SWITCH_OP in package com.android.settings
11-14 20:28:15.211   650   650 W PackageManager: Unknown permission com.sprint.internal.permission.SYSTEMPROPERTIES in package com.redbend.vdmc
11-14 20:28:15.211   650   650 W PackageManager: Unknown permission com.sprint.internal.permission.SYSTEMPROPERTIES_WRITE in package com.redbend.vdmc
11-14 20:28:15.211   650   650 W PackageManager: Unknown permission com.sprint.internal.permission.CONNECTIONMANAGER in package com.redbend.vdmc
11-14 20:28:15.211   650   650 W PackageManager: Unknown permission com.sprint.internal.permission.PLATFORM in package com.redbend.vdmc
11-14 20:28:15.211   650   650 W PackageManager: Unknown permission com.android.launcher.permission.READ_SETTINGS in package com.cyanogenmod.trebuchet
11-14 20:28:15.211   650   650 W PackageManager: Unknown permission com.android.launcher.permission.WRITE_SETTINGS in package com.cyanogenmod.trebuchet
11-14 20:28:15.211   650   650 W PackageManager: Unknown permission com.google.android.c2dm.permission.RECEIVE in package org.whispersystems.whisperpush
11-14 20:28:15.211   650   650 W PackageManager: Unknown permission com.google.android.googleapps.permission.ACCESS_GOOGLE_PASSWORD in package com.android.development
11-14 20:28:15.211   650   650 W PackageManager: Unknown permission com.google.android.googleapps.permission.GOOGLE_AUTH in package com.android.development
11-14 20:28:15.211   650   650 W PackageManager: Unknown permission com.google.android.googleapps.permission.GOOGLE_AUTH.ALL_SERVICES in package com.android.development
11-14 20:28:15.211   650   650 W PackageManager: Unknown permission com.google.android.googleapps.permission.GOOGLE_AUTH.YouTubeUser in package com.android.development
11-14 20:28:15.211   650   650 W PackageManager: Unknown permission android.permission.CANCEL_NOTIFICATIONS in package org.cyanogenmod.theme.chooser
11-14 20:28:15.211   650   650 W PackageManager: Not granting permission android.permission.DELETE_PACKAGES to package com.svox.pico (protectionLevel=18 flags=0x8be45)
11-14 20:28:15.211   650   650 W PackageManager: Unknown permission com.cyngn.cmstats.SEND_ANALYTICS in package com.android.dialer
11-14 20:28:15.211   650   650 W PackageManager: Not granting permission android.permission.DEVICE_POWER to package com.android.deskclock (protectionLevel=2 flags=0x48be45)
11-14 20:28:15.211   650   650 W PackageManager: Unknown permission com.android.deskclock.worldclock.permissions.WRITE_DATABASE in package com.android.deskclock
11-14 20:28:15.211   650   650 W PackageManager: Unknown permission android.permission.CANCEL_NOTIFICATIONS in package org.cyanogenmod.voiceplus
11-14 20:28:15.211   650   650 W PackageManager: Unknown permission com.sprint.internal.permission.SYSTEMPROPERTIES in package com.lge.SprintHiddenMenu
11-14 20:28:15.211   650   650 W PackageManager: Unknown permission com.sprint.internal.permission.SYSTEMPROPERTIES_WRITE in package com.lge.SprintHiddenMenu
11-14 20:28:15.211   650   650 W PackageManager: Unknown permission com.sprint.internal.permission.CONNECTIONMANAGER in package com.lge.SprintHiddenMenu
11-14 20:28:15.211   650   650 W PackageManager: Unknown permission com.sprint.internal.permission.PLATFORM in package com.lge.SprintHiddenMenu
11-14 20:28:15.211   650   650 W PackageManager: Unknown permission com.sprint.internal.permission.OMADM in package com.lge.SprintHiddenMenu
11-14 20:28:15.211   650   650 W PackageManager: Unknown permission android.permission.FACTORY in package com.lge.SprintHiddenMenu
11-14 20:28:15.211   650   650 W PackageManager: Unknown permission com.lge.permission.LGHIDDEN in package com.lge.SprintHiddenMenu
11-14 20:28:15.221   650   650 W PackageManager: Unknown permission android.permission.MMS_PUSH in package com.lge.SprintHiddenMenu
11-14 20:28:15.221   650   650 V PackageManager: Disabling com.google.android.gsf/com.google.android.gsf.update.SystemUpdateActivity
11-14 20:28:15.221   650   650 W PackageManager: Unable to disable com.google.android.gsf/com.google.android.gsf.update.SystemUpdateActivity
11-14 20:28:15.221   650   650 V PackageManager: Disabling com.google.android.gsf/com.google.android.gsf.update.SystemUpdateService$Receiver
11-14 20:28:15.221   650   650 W PackageManager: Unable to disable com.google.android.gsf/com.google.android.gsf.update.SystemUpdateService$Receiver
11-14 20:28:15.221   650   650 V PackageManager: Disabling com.google.android.gsf/com.google.android.gsf.update.SystemUpdateService$SecretCodeReceiver
11-14 20:28:15.221   650   650 W PackageManager: Unable to disable com.google.android.gsf/com.google.android.gsf.update.SystemUpdateService$SecretCodeReceiver
11-14 20:28:15.221   650   650 V PackageManager: Disabling com.google.android.gms/com.google.android.gms.update.SystemUpdateActivity
11-14 20:28:15.221   650   650 W PackageManager: Unable to disable com.google.android.gms/com.google.android.gms.update.SystemUpdateActivity
11-14 20:28:15.221   650   650 V PackageManager: Disabling com.google.android.gms/com.google.android.gms.update.SystemUpdateService$Receiver
11-14 20:28:15.221   650   650 W PackageManager: Unable to disable com.google.android.gms/com.google.android.gms.update.SystemUpdateService$Receiver
11-14 20:28:15.221   650   650 V PackageManager: Disabling com.google.android.gms/com.google.android.gms.update.SystemUpdateService$ActiveReceiver
11-14 20:28:15.221   650   650 W PackageManager: Unable to disable com.google.android.gms/com.google.android.gms.update.SystemUpdateService$ActiveReceiver
11-14 20:28:15.221   650   650 V PackageManager: Disabling com.google.android.gms/com.google.android.gms.update.SystemUpdateService$SecretCodeReceiver
11-14 20:28:15.221   650   650 W PackageManager: Unable to disable com.google.android.gms/com.google.android.gms.update.SystemUpdateService$SecretCodeReceiver
11-14 20:28:15.221   650   650 V PackageManager: Enabling com.google.android.gsf/com.google.android.gsf.update.SystemUpdateService
11-14 20:28:15.221   650   650 W PackageManager: Unable to enable com.google.android.gsf/com.google.android.gsf.update.SystemUpdateService
11-14 20:28:15.221   650   650 V PackageManager: Enabling com.google.android.gms/com.google.android.gms.update.SystemUpdateService
11-14 20:28:15.221   650   650 W PackageManager: Unable to enable com.google.android.gms/com.google.android.gms.update.SystemUpdateService
11-14 20:28:15.311   650   650 I SystemServer: Entropy Mixer
11-14 20:28:15.321   650   650 I EntropyMixer: Writing entropy...
11-14 20:28:15.331   650   650 I SystemServer: User Service
11-14 20:28:15.331   650   650 I SystemServer: Account Manager
11-14 20:28:15.331   650   650 I SystemServer: Content Manager
11-14 20:28:15.331   650   650 I SystemServer: System Content Providers
11-14 20:28:15.351   650   650 I SystemServer: Lights Service
11-14 20:28:15.351   650   650 I SystemServer: Battery Service
11-14 20:28:15.391   650   650 I SystemServer: Vibrator Service
11-14 20:28:15.391   650   650 I SystemServer: Consumer IR Service
11-14 20:28:15.391   650   650 I SystemServer: Alarm Manager
11-14 20:28:15.401   650   650 I SystemServer: Init Watchdog
11-14 20:28:15.401   650   650 I SystemServer: Input Manager
11-14 20:28:15.401   650   650 I InputManager: Initializing input manager, mUseDevInputEventForAudioJack=true
11-14 20:28:15.401   650   650 I SystemServer: Window Manager
11-14 20:28:15.411   650   867 I WindowManager: No existing display settings /data/system/display_settings.xml; starting empty
11-14 20:28:15.441   650   887 I WindowManager: No keyguard interface!
11-14 20:28:15.451   650   650 I InputManager: Starting input manager
11-14 20:28:15.451   650   650 I SystemServer: Bluetooth Manager Service
11-14 20:28:15.461   650   650 I SystemServer: Input Method Service
11-14 20:28:15.461   650   650 W InputMethodManagerService: Couldn't create dir.: /data/system/inputmethod
11-14 20:28:15.501   650   650 I SystemServer: Accessibility Manager
11-14 20:28:15.501   650   650 I ActivityManager: Config changes=1df8 {1.0 ?mcc?mnc en_US ldltr sw360dp w360dp h640dp 480dpi nrml long port ?uimode ?night -touch -keyb/v/h -nav/h s.2 themeResource=null}
11-14 20:28:15.511   650   650 I ActivityManager: Config changes=508 {1.0 ?mcc?mnc en_US ldltr sw360dp w360dp h567dp 480dpi nrml port ?uimode ?night finger -keyb/v/h -nav/h s.3 themeResource=null}
11-14 20:28:15.511   650   650 I SystemServer: Mount Service
11-14 20:28:15.511   650   650 D MountService: got storage path: null description: Internal storage primary: true removable: false emulated: true mtpReserve: 100 allowMassStorage: false maxFileSize: 0
11-14 20:28:15.511   650   650 D MountService: addVolumeLocked() StorageVolume:
11-14 20:28:15.511   650   650 D MountService:     mStorageId=65537 mPath=/storage/emulated/0 mDescriptionId=17039384 
11-14 20:28:15.511   650   650 D MountService:     mPrimary=true mRemovable=false mEmulated=true mMtpReserveSpace=100 
11-14 20:28:15.511   650   650 D MountService:     mAllowMassStorage=false mMaxFileSize=0 mOwner=UserHandle{0} mUuid=null 
11-14 20:28:15.511   650   650 D MountService:     mUserLabel=null mState=null 
11-14 20:28:15.511   650   650 D MountService: got storage path: /storage/usbdisk description: USB storage primary: false removable: true emulated: false mtpReserve: 0 allowMassStorage: false maxFileSize: 0
11-14 20:28:15.511   650   650 D MountService: addVolumeLocked() StorageVolume:
11-14 20:28:15.511   650   650 D MountService:     mStorageId=0 mPath=/storage/usbdisk mDescriptionId=17039386 mPrimary=false 
11-14 20:28:15.511   650   650 D MountService:     mRemovable=true mEmulated=false mMtpReserveSpace=0 mAllowMassStorage=false 
11-14 20:28:15.511   650   650 D MountService:     mMaxFileSize=0 mOwner=null mUuid=null mUserLabel=null mState=null 
11-14 20:28:15.511   650   650 I SystemServer: LockSettingsService
11-14 20:28:15.511   650   650 I SystemServer: Device Policy
11-14 20:28:15.521   650   650 I SystemServer: Status Bar
11-14 20:28:15.521   650   929 D MountService: volume state changed for /storage/usbdisk (unmounted -> removed)
11-14 20:28:15.521   650   650 I SystemServer: Clipboard Service
11-14 20:28:15.521   650   650 I SystemServer: TorchService
11-14 20:28:15.521   650   650 I SystemServer: NetworkManagement Service
11-14 20:28:15.521   650   929 W PackageManager: Not granting permission android.permission.WRITE_MEDIA_STORAGE to package com.android.soundrecorder (protectionLevel=18 flags=0x8be45)
11-14 20:28:15.521   650   650 I SystemServer: Text Service Manager Service
11-14 20:28:15.521   650   929 W PackageManager: Unknown permission com.google.android.c2dm.permission.RECEIVE in package com.cyanogenmod.account
11-14 20:28:15.521   650   929 W PackageManager: Unknown permission com.baidu.permission.QCCLOUD_PROVIDER in package com.android.contacts
11-14 20:28:15.521   650   929 W PackageManager: Unknown permission com.google.android.gallery3d.permission.GALLERY_PROVIDER in package com.android.bluetooth
11-14 20:28:15.521   650   929 W PackageManager: Unknown permission com.google.android.googleapps.permission.GOOGLE_AUTH in package com.android.providers.calendar
11-14 20:28:15.521   650   929 W PackageManager: Unknown permission com.google.android.googleapps.permission.GOOGLE_AUTH.cl in package com.android.providers.calendar
11-14 20:28:15.521   650   929 W PackageManager: Unknown permission com.google.android.googleapps.permission.GOOGLE_AUTH.mail in package com.android.calendar
11-14 20:28:15.521   650   929 W PackageManager: Not granting permission android.permission.ACCESS_DOWNLOAD_MANAGER to package com.android.browser (protectionLevel=18 flags=0x49be45)
11-14 20:28:15.521   650   929 W PackageManager: Not granting permission android.permission.SEND_DOWNLOAD_COMPLETED_INTENTS to package com.android.browser (protectionLevel=2 flags=0x49be45)
11-14 20:28:15.521   650   929 W PackageManager: Unknown permission com.android.launcher.permission.READ_SETTINGS in package com.android.onetimeinitializer
11-14 20:28:15.521   650   929 W PackageManager: Unknown permission com.android.launcher.permission.WRITE_SETTINGS in package com.android.onetimeinitializer
11-14 20:28:15.521   650   929 W PackageManager: Not granting permission android.permission.BIND_WALLPAPER to package com.android.camera2 (protectionLevel=18 flags=0x58bc45)
11-14 20:28:15.521   650   929 W PackageManager: Not granting permission com.android.gallery3d.permission.STORAGE_CHANGE to package com.android.camera2 (protectionLevel=18 flags=0x58bc45)
11-14 20:28:15.521   650   929 W PackageManager: Unknown permission android.permission.INSTALL_DRM in package com.android.mms
11-14 20:28:15.521   650   929 W PackageManager: Unknown permission com.qualcomm.permission.USE_PHONE_SERVICE in package com.android.mms
11-14 20:28:15.521   650   929 W PackageManager: Unknown permission com.cyanogenmod.filemanager.permissions.READ_THEME in package com.cyanogenmod.filemanager
11-14 20:28:15.521   650   929 W PackageManager: Unknown permission android.permission.MMS_PUSH in package org.codeaurora.bluetooth
11-14 20:28:15.521   650   929 W PackageManager: Unknown permission com.google.android.gallery3d.permission.PICASA_STORE in package com.android.dreams.phototable
11-14 20:28:15.521   650   929 W PackageManager: Unknown permission com.google.android.googleapps.permission.GOOGLE_AUTH in package com.android.settings
11-14 20:28:15.521   650   929 W PackageManager: Unknown permission com.android.launcher.permission.READ_SETTINGS in package com.android.settings
11-14 20:28:15.521   650   929 W PackageManager: Unknown permission com.android.launcher.permission.WRITE_SETTINGS in package com.android.settings
11-14 20:28:15.531   650   929 W PackageManager: Unknown permission android.permission.CHANGE_PRIVACY_GUARD_STATE in package com.android.settings
11-14 20:28:15.531   650   929 W PackageManager: Unknown permission com.cyanogen.permission.REQUEST_KILL_SWITCH_OP in package com.android.settings
11-14 20:28:15.531   650   929 W PackageManager: Unknown permission com.sprint.internal.permission.SYSTEMPROPERTIES in package com.redbend.vdmc
11-14 20:28:15.531   650   929 W PackageManager: Unknown permission com.sprint.internal.permission.SYSTEMPROPERTIES_WRITE in package com.redbend.vdmc
11-14 20:28:15.531   650   929 W PackageManager: Unknown permission com.sprint.internal.permission.CONNECTIONMANAGER in package com.redbend.vdmc
11-14 20:28:15.531   650   929 W PackageManager: Unknown permission com.sprint.internal.permission.PLATFORM in package com.redbend.vdmc
11-14 20:28:15.531   650   929 W PackageManager: Unknown permission com.android.launcher.permission.READ_SETTINGS in package com.cyanogenmod.trebuchet
11-14 20:28:15.531   650   929 W PackageManager: Unknown permission com.android.launcher.permission.WRITE_SETTINGS in package com.cyanogenmod.trebuchet
11-14 20:28:15.531   650   929 W PackageManager: Unknown permission com.google.android.c2dm.permission.RECEIVE in package org.whispersystems.whisperpush
11-14 20:28:15.531   650   929 W PackageManager: Unknown permission com.google.android.googleapps.permission.ACCESS_GOOGLE_PASSWORD in package com.android.development
11-14 20:28:15.531   650   929 W PackageManager: Unknown permission com.google.android.googleapps.permission.GOOGLE_AUTH in package com.android.development
11-14 20:28:15.531   650   929 W PackageManager: Unknown permission com.google.android.googleapps.permission.GOOGLE_AUTH.ALL_SERVICES in package com.android.development
11-14 20:28:15.531   650   929 W PackageManager: Unknown permission com.google.android.googleapps.permission.GOOGLE_AUTH.YouTubeUser in package com.android.development
11-14 20:28:15.531   650   929 W PackageManager: Unknown permission android.permission.CANCEL_NOTIFICATIONS in package org.cyanogenmod.theme.chooser
11-14 20:28:15.531   650   929 W PackageManager: Not granting permission android.permission.DELETE_PACKAGES to package com.svox.pico (protectionLevel=18 flags=0x8be45)
11-14 20:28:15.531   650   929 W PackageManager: Unknown permission com.cyngn.cmstats.SEND_ANALYTICS in package com.android.dialer
11-14 20:28:15.531   650   929 W PackageManager: Not granting permission android.permission.DEVICE_POWER to package com.android.deskclock (protectionLevel=2 flags=0x48be45)
11-14 20:28:15.531   650   929 W PackageManager: Unknown permission com.android.deskclock.worldclock.permissions.WRITE_DATABASE in package com.android.deskclock
11-14 20:28:15.531   650   929 W PackageManager: Unknown permission android.permission.CANCEL_NOTIFICATIONS in package org.cyanogenmod.voiceplus
11-14 20:28:15.531   650   929 W PackageManager: Unknown permission com.sprint.internal.permission.SYSTEMPROPERTIES in package com.lge.SprintHiddenMenu
11-14 20:28:15.531   650   929 W PackageManager: Unknown permission com.sprint.internal.permission.SYSTEMPROPERTIES_WRITE in package com.lge.SprintHiddenMenu
11-14 20:28:15.531   650   929 W PackageManager: Unknown permission com.sprint.internal.permission.CONNECTIONMANAGER in package com.lge.SprintHiddenMenu
11-14 20:28:15.531   650   929 W PackageManager: Unknown permission com.sprint.internal.permission.PLATFORM in package com.lge.SprintHiddenMenu
11-14 20:28:15.531   650   929 W PackageManager: Unknown permission com.sprint.internal.permission.OMADM in package com.lge.SprintHiddenMenu
11-14 20:28:15.531   650   929 W PackageManager: Unknown permission android.permission.FACTORY in package com.lge.SprintHiddenMenu
11-14 20:28:15.531   650   929 W PackageManager: Unknown permission com.lge.permission.LGHIDDEN in package com.lge.SprintHiddenMenu
11-14 20:28:15.531   650   929 W PackageManager: Unknown permission android.permission.MMS_PUSH in package com.lge.SprintHiddenMenu
11-14 20:28:15.651   650   650 I SystemServer: NetworkStats Service
11-14 20:28:15.681   650   650 I SystemServer: NetworkPolicy Service
11-14 20:28:15.681   650   650 I SystemServer: Wi-Fi P2pService
11-14 20:28:15.711   650   650 I SystemServer: Wi-Fi Service
11-14 20:28:15.761   650   650 I SystemServer: Connectivity Service
11-14 20:28:15.771   650   650 D ConnectivityService: ConnectivityService starting up
11-14 20:28:15.771   650   650 D ConnectivityService: wifiOnly=false
11-14 20:28:15.781   650   650 W ContextImpl: Calling a method in the system process without a qualified user: android.app.ContextImpl.bindService:1607 android.bluetooth.BluetoothPan.doBind:148 android.bluetooth.BluetoothPan.<init>:141 android.bluetooth.BluetoothAdapter.getProfileProxy:1378 android.bluetooth.BluetoothTetheringDataTracker.startMonitoring:116 
11-14 20:28:15.791   650   650 E MobileDataStateTracker: default: Ignoring feature request because could not acquire PhoneService
11-14 20:28:15.791   650   650 E MobileDataStateTracker: default: Could not enable APN type "default"
11-14 20:28:15.791   650   650 I WifiService: WifiService starting up with Wi-Fi enabled
11-14 20:28:15.791   650   650 D WifiService: setWifiEnabled: true pid=650, uid=1000
11-14 20:28:15.801   650   650 I SystemServer: Network Service Discovery Service
11-14 20:28:15.801   650   650 D NsdService: Network service discovery enabled true
11-14 20:28:15.801   650   650 I SystemServer: UpdateLock Service
11-14 20:28:15.831   650   650 I SystemServer: Profile Manager
11-14 20:28:15.901   650   650 I SystemServer: Notification Manager
11-14 20:28:15.901   650   650 I SystemServer: Device Storage Monitor
11-14 20:28:15.901   650   650 I SystemServer: Location Manager
11-14 20:28:15.901   650   650 I SystemServer: Country Detector
11-14 20:28:15.901   650   650 I SystemServer: Search Service
11-14 20:28:15.911   650   650 I SystemServer: DropBox Service
11-14 20:28:15.911   650   650 I SystemServer: Wallpaper Service
11-14 20:28:15.911   650   650 W WallpaperService: no current wallpaper -- first boot?
11-14 20:28:15.911   650   650 I SystemServer: Audio Service
11-14 20:28:16.001   650   650 I SystemServer: Dock Observer
11-14 20:28:16.001   650   650 W DockObserver: This kernel does not have dock station support
11-14 20:28:16.001   650   650 I SystemServer: Wired Accessory Manager
11-14 20:28:16.001   650   650 W WiredAccessoryManager: This kernel does not have Motorola EMU audio support
11-14 20:28:16.001   650   650 W WiredAccessoryManager: This kernel does not have samsung usb dock audio support
11-14 20:28:16.011   650   650 I SystemServer: USB Service
11-14 20:28:16.021   650   650 I SystemServer: Serial Service
11-14 20:28:16.021   650   650 I SystemServer: Twilight Service
11-14 20:28:16.031   650   650 I SystemServer: UI Mode Manager Service
11-14 20:28:16.061   650   650 I SystemServer: Backup Service
11-14 20:28:16.061   650   650 V BackupManagerService: Initializing package tracking
11-14 20:28:16.061   650   650 V BackupManagerService: No ancestral data
11-14 20:28:16.071   650   650 V BackupManagerService: addPackageParticipantsLocked: all
11-14 20:28:16.071   650   650 I BackupManagerService: Scheduling backup for new app com.android.calendar
11-14 20:28:16.071   650   650 D BackupManagerService: Now staging backup of com.android.calendar
11-14 20:28:16.081   650   650 I BackupManagerService: Scheduling backup for new app com.android.browser
11-14 20:28:16.081   650   650 D BackupManagerService: Now staging backup of com.android.browser
11-14 20:28:16.081   650   650 I BackupManagerService: Scheduling backup for new app com.android.nfc
11-14 20:28:16.081   650   650 D BackupManagerService: Now staging backup of com.android.nfc
11-14 20:28:16.081   650   650 I BackupManagerService: Scheduling backup for new app com.android.providers.userdictionary
11-14 20:28:16.081   650   650 D BackupManagerService: Now staging backup of com.android.providers.userdictionary
11-14 20:28:16.091   650   650 I BackupManagerService: Scheduling backup for new app com.android.sharedstoragebackup
11-14 20:28:16.091   650   650 D BackupManagerService: Now staging backup of com.android.sharedstoragebackup
11-14 20:28:16.091   650   650 I BackupManagerService: Scheduling backup for new app com.android.mms
11-14 20:28:16.091   650   650 D BackupManagerService: Now staging backup of com.android.mms
11-14 20:28:16.101   650   650 I BackupManagerService: Scheduling backup for new app android
11-14 20:28:16.101   650   650 D BackupManagerService: Now staging backup of android
11-14 20:28:16.101   650   650 I BackupManagerService: Scheduling backup for new app com.android.providers.telephony
11-14 20:28:16.101   650   650 D BackupManagerService: Now staging backup of com.android.providers.telephony
11-14 20:28:16.111   650   650 I BackupManagerService: Scheduling backup for new app com.android.dialer
11-14 20:28:16.111   650   650 D BackupManagerService: Now staging backup of com.android.dialer
11-14 20:28:16.111   650   650 I BackupManagerService: Scheduling backup for new app com.android.providers.settings
11-14 20:28:16.111   650   650 D BackupManagerService: Now staging backup of com.android.providers.settings
11-14 20:28:16.111   650   650 V BackupManagerService: Starting with transport com.google.android.backup/.BackupTransportService
11-14 20:28:16.111   650   650 V BackupManagerService: Found transports: 1
11-14 20:28:16.111   650   650 I BackupManagerService: Binding to transport host ComponentInfo{android/com.android.internal.backup.LocalTransportService}
11-14 20:28:16.121   650   650 I BackupManagerService: Found stale backup journal, scheduling
11-14 20:28:16.121   650   650 I BackupManagerService:   com.android.calendar
11-14 20:28:16.121   650   650 I BackupManagerService:   com.android.browser
11-14 20:28:16.121   650   650 I BackupManagerService:   com.android.nfc
11-14 20:28:16.121   650   650 I BackupManagerService:   com.android.providers.userdictionary
11-14 20:28:16.121   650   650 I BackupManagerService:   com.android.sharedstoragebackup
11-14 20:28:16.121   650   650 I BackupManagerService:   com.android.mms
11-14 20:28:16.121   650   650 I BackupManagerService:   android
11-14 20:28:16.121   650   650 I BackupManagerService:   com.android.providers.telephony
11-14 20:28:16.121   650   650 I BackupManagerService:   com.android.dialer
11-14 20:28:16.121   650   650 I BackupManagerService:   com.android.providers.settings
11-14 20:28:16.121   650   650 I BackupManagerService: Backup enabled => false
11-14 20:28:16.121   650   650 I BackupManagerService: Opting out of backup
11-14 20:28:16.121   650   650 I SystemServer: AppWidget Service
11-14 20:28:16.121   650   650 I SystemServer: Recognition Service
11-14 20:28:16.121   650   650 I SystemServer: DiskStats Service
11-14 20:28:16.131   650   650 I SystemServer: SamplingProfiler Service
11-14 20:28:16.131   650   650 I SystemServer: NetworkTimeUpdateService
11-14 20:28:16.131   650   650 I SystemServer: CommonTimeManagementService
11-14 20:28:16.131   650   650 I SystemServer: CertBlacklister
11-14 20:28:16.131   650   650 I SystemServer: Dreams Service
11-14 20:28:16.131   650   650 I SystemServer: Assets Atlas Service
11-14 20:28:16.131   650   650 I SystemServer: IdleMaintenanceService
11-14 20:28:16.131   650   650 I SystemServer: Print Service
11-14 20:28:16.141   650   650 I SystemServer: Theme Service
11-14 20:28:16.141   650   650 I SystemServer: KillSwitch Service
11-14 20:28:16.151   650   650 I SystemServer: Media Router Service
11-14 20:28:16.151   650   650 I SystemServer: EdgeGesture service
11-14 20:28:16.211   650   650 I ActivityManager: Start proc com.android.systemui for service com.android.keyguard/.KeyguardService: pid=987 uid=10009 gids={50009, 1028, 1015, 1035, 1006, 3002, 3001}
11-14 20:28:16.241   650   650 I AppOps  : Pruning old package media/1013: new uid=-1
11-14 20:28:16.241   650   650 I ActivityManager: System now ready
11-14 20:28:16.241   650   650 I SystemServer: Making services ready
11-14 20:28:16.251   650   927 W MountService: Duplicate state transition (mounted -> mounted) for /storage/emulated/0
11-14 20:28:16.251   650   650 D NetworkManagementService: enabling bandwidth control
11-14 20:28:16.471   650   668 I StatusBarManagerService: registerStatusBar bar=com.android.internal.statusbar.IStatusBar$Stub$Proxy@423346d0
11-14 20:28:16.541   650   650 I ActivityManager: Config changes=200 {1.0 ?mcc?mnc en_US ldltr sw360dp w360dp h567dp 480dpi nrml port finger -keyb/v/h -nav/h s.4 themeResource=null}
11-14 20:28:16.541   650   650 W RecognitionManagerService: no available voice recognition services found for user 0
11-14 20:28:16.551   650   870 I ActivityManager: Start proc android.process.media for broadcast com.android.providers.media/.MtpReceiver: pid=1083 uid=10007 gids={50007, 1028, 1015, 1023, 1024, 2001, 3003, 3007}
11-14 20:28:16.601   650   650 W InputMethodManagerService: Ignoring setImeWindowStatus of uid 1000 token: null
11-14 20:28:16.621   650   650 I ActivityManager: Start proc com.android.inputmethod.latin for service com.android.inputmethod.latin/.LatinIME: pid=1101 uid=10040 gids={50040, 1028, 1015}
11-14 20:28:16.621   650   650 V InputMethodManagerService: Adding window token: android.os.Binder@4222ddc8
11-14 20:28:16.671   650   650 W LocationManagerService: no network location provider found
11-14 20:28:16.691   650   650 E LocationManagerService: no geocoder provider found
11-14 20:28:16.711   650   650 E LocationManagerService: No FusedProvider found.
11-14 20:28:16.711   650   650 E LocationManagerService: no geofence provider found
11-14 20:28:16.791   650   650 I ActivityManager: Start proc com.android.phone for added application com.android.phone: pid=1123 uid=1001 gids={41001, 3002, 3001, 3003, 2001, 1028, 1015}
11-14 20:28:16.801   650   650 I ActivityManager: Start proc com.bel.android.dspmanager for added application com.bel.android.dspmanager: pid=1134 uid=10031 gids={50031, 3002}
11-14 20:28:16.811   650   650 I ActivityManager: Start proc com.android.nfc for added application com.android.nfc: pid=1144 uid=1027 gids={41027, 3002, 3001, 1028, 1015}
11-14 20:28:16.831   650   650 I ActivityManager: Start proc com.redbend.vdmc for added application com.redbend.vdmc: pid=1159 uid=1001 gids={41001, 3002, 3001, 3003, 2001, 1028, 1015}
11-14 20:28:16.841   650   650 I ActivityManager: Start proc com.android.incallui for added application com.android.incallui: pid=1170 uid=10006 gids={50006, 3003, 1028, 1015, 1006, 3010, 3012}
11-14 20:28:16.841   650   650 I ActivityManager: START u0 {act=android.intent.action.MAIN cat=[android.intent.category.HOME] flg=0x10000000 cmp=com.cyanogenmod.trebuchet/org.cyanogenmod.trebuchet.CustomHomeLauncher} from pid 0
11-14 20:28:16.861   650   650 I ActivityManager: Start proc com.cyanogenmod.trebuchet for activity com.cyanogenmod.trebuchet/org.cyanogenmod.trebuchet.CustomHomeLauncher: pid=1183 uid=10016 gids={50016, 1028}
11-14 20:28:16.861   650   650 I SystemServer: Enabled StrictMode for system server main thread.
11-14 20:28:16.891   650   871 I ActivityManager: Start proc com.android.printspooler for service com.android.printspooler/.PrintSpoolerService: pid=1203 uid=10052 gids={50052}
11-14 20:28:16.961   650   897 I ActivityManager: Start proc android.process.acore for content provider com.android.providers.userdictionary/.UserDictionaryProvider: pid=1228 uid=10004 gids={50004, 3003, 1028, 1015}
11-14 20:28:16.981   650   650 W InputMethodManagerService: Focus gain on non-focused client android.view.inputmethod.InputMethodManager$1@421bd5f0 (uid=1000 pid=650)
11-14 20:28:17.131  1183  1183 E ActivityThread: Failed to find provider info for com.android.launcher2.settings
11-14 20:28:17.221   650  1207 I ActivityManager: Start proc com.android.smspush for service com.android.smspush/.WapPushManager: pid=1270 uid=10062 gids={50062}
11-14 20:28:17.341   650  1182 I PackageManager: Adding preferred activity ComponentInfo{com.android.mms/com.android.mms.ui.ComposeMessageActivity} for user 0 :
11-14 20:28:17.361   650  1180 I PackageManager: Adding preferred activity ComponentInfo{com.android.mms/com.android.mms.ui.ComposeMessageActivity} for user 0 :
11-14 20:28:17.371   650   667 I PackageManager: Adding preferred activity ComponentInfo{com.android.mms/com.android.mms.ui.ComposeMessageActivity} for user 0 :
11-14 20:28:17.381   650  1182 I PackageManager: Adding preferred activity ComponentInfo{com.android.mms/com.android.mms.ui.ComposeMessageActivity} for user 0 :
11-14 20:28:17.451   650  1207 I ActivityManager: Start proc com.android.settings for broadcast com.android.settings/.widget.SettingsAppWidgetProvider: pid=1320 uid=1000 gids={41000, 1028, 1015, 3002, 3001, 3003, 1006}
11-14 20:28:17.471   650  1207 W ActivityManager: Unable to start service Intent { act=org.codeaurora.ims.IImsService } U=0: not found
11-14 20:28:17.471   650   650 V BackupManagerService: Connected to transport ComponentInfo{android/com.android.internal.backup.LocalTransportService}
11-14 20:28:17.471   650   650 V BackupManagerService: Registering transport android/com.android.internal.backup.LocalTransportService::android/com.android.internal.backup.LocalTransport = com.android.internal.backup.LocalTransport@42392700
11-14 20:28:17.681   650   650 D MobileDataStateTracker: fota: Broadcast received: android.intent.action.ANY_DATA_STATE apnType=fota
11-14 20:28:17.681   650   650 D MobileDataStateTracker: fota: Received state=DISCONNECTED, old=DISCONNECTED, reason=radioTurnedOff
11-14 20:28:17.681   650   650 D MobileDataStateTracker: dun: Broadcast received: android.intent.action.ANY_DATA_STATE apnType=dun
11-14 20:28:17.681   650   650 D MobileDataStateTracker: dun: Received state=DISCONNECTED, old=DISCONNECTED, reason=radioTurnedOff
11-14 20:28:17.681   650   650 D MobileDataStateTracker: ia: Broadcast received: android.intent.action.ANY_DATA_STATE apnType=ia
11-14 20:28:17.691   650   650 D MobileDataStateTracker: ia: Received state=DISCONNECTED, old=DISCONNECTED, reason=radioTurnedOff
11-14 20:28:17.691   650   650 D MobileDataStateTracker: supl: Broadcast received: android.intent.action.ANY_DATA_STATE apnType=supl
11-14 20:28:17.691   650   650 D MobileDataStateTracker: supl: Received state=DISCONNECTED, old=DISCONNECTED, reason=radioTurnedOff
11-14 20:28:17.691   650   650 D MobileDataStateTracker: hipri: Broadcast received: android.intent.action.ANY_DATA_STATE apnType=hipri
11-14 20:28:17.691   650   650 D MobileDataStateTracker: hipri: Received state=DISCONNECTED, old=DISCONNECTED, reason=radioTurnedOff
11-14 20:28:17.691   650   650 D MobileDataStateTracker: ims: Broadcast received: android.intent.action.ANY_DATA_STATE apnType=ims
11-14 20:28:17.701   650   650 D MobileDataStateTracker: ims: Received state=DISCONNECTED, old=DISCONNECTED, reason=radioTurnedOff
11-14 20:28:17.701   650   650 D MobileDataStateTracker: default: Broadcast received: android.intent.action.ANY_DATA_STATE apnType=default
11-14 20:28:17.711   650   650 D MobileDataStateTracker: default: Received state=DISCONNECTED, old=DISCONNECTED, reason=radioTurnedOff
11-14 20:28:17.711   650   650 D MobileDataStateTracker: mms: Broadcast received: android.intent.action.ANY_DATA_STATE apnType=mms
11-14 20:28:17.711   650   650 D MobileDataStateTracker: mms: Received state=DISCONNECTED, old=DISCONNECTED, reason=radioTurnedOff
11-14 20:28:17.721   650   650 D MobileDataStateTracker: cbs: Broadcast received: android.intent.action.ANY_DATA_STATE apnType=cbs
11-14 20:28:17.721   650   650 D MobileDataStateTracker: cbs: Received state=DISCONNECTED, old=DISCONNECTED, reason=radioTurnedOff
11-14 20:28:17.731   650   650 D MobileDataStateTracker: fota: Broadcast received: android.intent.action.ANY_DATA_STATE apnType=fota
11-14 20:28:17.731   650   650 D MobileDataStateTracker: fota: Received state=DISCONNECTED, old=DISCONNECTED, reason=radioTurnedOff
11-14 20:28:17.741   650   650 D MobileDataStateTracker: dun: Broadcast received: android.intent.action.ANY_DATA_STATE apnType=dun
11-14 20:28:17.751   650   650 D MobileDataStateTracker: dun: Received state=DISCONNECTED, old=DISCONNECTED, reason=radioTurnedOff
11-14 20:28:17.751   650   650 D MobileDataStateTracker: ia: Broadcast received: android.intent.action.ANY_DATA_STATE apnType=ia
11-14 20:28:17.751   650   650 D MobileDataStateTracker: ia: Received state=DISCONNECTED, old=DISCONNECTED, reason=radioTurnedOff
11-14 20:28:17.751   650   650 D MobileDataStateTracker: supl: Broadcast received: android.intent.action.ANY_DATA_STATE apnType=supl
11-14 20:28:17.751   650   650 D MobileDataStateTracker: supl: Received state=DISCONNECTED, old=DISCONNECTED, reason=radioTurnedOff
11-14 20:28:17.751   650   650 D MobileDataStateTracker: hipri: Broadcast received: android.intent.action.ANY_DATA_STATE apnType=hipri
11-14 20:28:17.751   650   650 D MobileDataStateTracker: hipri: Received state=DISCONNECTED, old=DISCONNECTED, reason=radioTurnedOff
11-14 20:28:17.751   650   650 D MobileDataStateTracker: ims: Broadcast received: android.intent.action.ANY_DATA_STATE apnType=ims
11-14 20:28:17.751   650   650 D MobileDataStateTracker: ims: Received state=DISCONNECTED, old=DISCONNECTED, reason=radioTurnedOff
11-14 20:28:17.751   650   650 D MobileDataStateTracker: default: Broadcast received: android.intent.action.ANY_DATA_STATE apnType=default
11-14 20:28:17.751   650   650 D MobileDataStateTracker: default: Received state=DISCONNECTED, old=DISCONNECTED, reason=radioTurnedOff
11-14 20:28:17.761   650   650 D MobileDataStateTracker: mms: Broadcast received: android.intent.action.ANY_DATA_STATE apnType=mms
11-14 20:28:17.761   650   650 D MobileDataStateTracker: mms: Received state=DISCONNECTED, old=DISCONNECTED, reason=radioTurnedOff
11-14 20:28:17.761   650   650 D MobileDataStateTracker: cbs: Broadcast received: android.intent.action.ANY_DATA_STATE apnType=cbs
11-14 20:28:17.761   650   650 D MobileDataStateTracker: cbs: Received state=DISCONNECTED, old=DISCONNECTED, reason=radioTurnedOff
11-14 20:28:17.761   650   650 D MobileDataStateTracker: fota: Broadcast received: android.intent.action.ANY_DATA_STATE apnType=fota
11-14 20:28:17.761   650   650 D MobileDataStateTracker: fota: Received state=DISCONNECTED, old=DISCONNECTED, reason=dataDetached
11-14 20:28:17.761   650   650 D MobileDataStateTracker: dun: Broadcast received: android.intent.action.ANY_DATA_STATE apnType=dun
11-14 20:28:17.761   650   650 D MobileDataStateTracker: dun: Received state=DISCONNECTED, old=DISCONNECTED, reason=dataDetached
11-14 20:28:17.761   650   650 D MobileDataStateTracker: ia: Broadcast received: android.intent.action.ANY_DATA_STATE apnType=ia
11-14 20:28:17.771   650   650 D MobileDataStateTracker: ia: Received state=DISCONNECTED, old=DISCONNECTED, reason=dataDetached
11-14 20:28:17.771   650   650 D MobileDataStateTracker: supl: Broadcast received: android.intent.action.ANY_DATA_STATE apnType=supl
11-14 20:28:17.771   650   650 D MobileDataStateTracker: supl: Received state=DISCONNECTED, old=DISCONNECTED, reason=dataDetached
11-14 20:28:17.771   650   650 D MobileDataStateTracker: hipri: Broadcast received: android.intent.action.ANY_DATA_STATE apnType=hipri
11-14 20:28:17.771   650   650 D MobileDataStateTracker: hipri: Received state=DISCONNECTED, old=DISCONNECTED, reason=dataDetached
11-14 20:28:17.771   650   650 D MobileDataStateTracker: ims: Broadcast received: android.intent.action.ANY_DATA_STATE apnType=ims
11-14 20:28:17.771   650   650 D MobileDataStateTracker: ims: Received state=DISCONNECTED, old=DISCONNECTED, reason=dataDetached
11-14 20:28:17.771   650   650 D MobileDataStateTracker: default: Broadcast received: android.intent.action.ANY_DATA_STATE apnType=default
11-14 20:28:17.781   650   650 D MobileDataStateTracker: default: Received state=DISCONNECTED, old=DISCONNECTED, reason=dataDetached
11-14 20:28:17.781   650   650 D MobileDataStateTracker: mms: Broadcast received: android.intent.action.ANY_DATA_STATE apnType=mms
11-14 20:28:17.781   650   650 D MobileDataStateTracker: mms: Received state=DISCONNECTED, old=DISCONNECTED, reason=dataDetached
11-14 20:28:17.791   650   650 D MobileDataStateTracker: cbs: Broadcast received: android.intent.action.ANY_DATA_STATE apnType=cbs
11-14 20:28:17.791   650   650 D MobileDataStateTracker: cbs: Received state=DISCONNECTED, old=DISCONNECTED, reason=dataDetached
11-14 20:28:17.801   650   650 D MobileDataStateTracker: fota: Broadcast received: android.intent.action.ANY_DATA_STATE apnType=fota
11-14 20:28:17.801   650   650 D MobileDataStateTracker: fota: Received state=DISCONNECTED, old=DISCONNECTED, reason=roamingOff
11-14 20:28:17.801   650   650 D MobileDataStateTracker: dun: Broadcast received: android.intent.action.ANY_DATA_STATE apnType=dun
11-14 20:28:17.801   650   650 D MobileDataStateTracker: dun: Received state=DISCONNECTED, old=DISCONNECTED, reason=roamingOff
11-14 20:28:17.811   650   650 D MobileDataStateTracker: ia: Broadcast received: android.intent.action.ANY_DATA_STATE apnType=ia
11-14 20:28:17.811   650   650 D MobileDataStateTracker: ia: Received state=DISCONNECTED, old=DISCONNECTED, reason=roamingOff
11-14 20:28:17.811   650   650 D MobileDataStateTracker: supl: Broadcast received: android.intent.action.ANY_DATA_STATE apnType=supl
11-14 20:28:17.811   650   650 D MobileDataStateTracker: supl: Received state=DISCONNECTED, old=DISCONNECTED, reason=roamingOff
11-14 20:28:17.811   650   650 D MobileDataStateTracker: hipri: Broadcast received: android.intent.action.ANY_DATA_STATE apnType=hipri
11-14 20:28:17.811   650   650 D MobileDataStateTracker: hipri: Received state=DISCONNECTED, old=DISCONNECTED, reason=roamingOff
11-14 20:28:17.811   650   650 D MobileDataStateTracker: ims: Broadcast received: android.intent.action.ANY_DATA_STATE apnType=ims
11-14 20:28:17.851   650   650 D MobileDataStateTracker: ims: Received state=DISCONNECTED, old=DISCONNECTED, reason=roamingOff
11-14 20:28:17.851   650   650 D MobileDataStateTracker: default: Broadcast received: android.intent.action.ANY_DATA_STATE apnType=default
11-14 20:28:17.851   650   650 D MobileDataStateTracker: default: Received state=DISCONNECTED, old=DISCONNECTED, reason=roamingOff
11-14 20:28:17.851   650   650 D MobileDataStateTracker: mms: Broadcast received: android.intent.action.ANY_DATA_STATE apnType=mms
11-14 20:28:17.861   650   650 D MobileDataStateTracker: mms: Received state=DISCONNECTED, old=DISCONNECTED, reason=roamingOff
11-14 20:28:17.861   650   650 D MobileDataStateTracker: cbs: Broadcast received: android.intent.action.ANY_DATA_STATE apnType=cbs
11-14 20:28:17.871   650   650 D MobileDataStateTracker: cbs: Received state=DISCONNECTED, old=DISCONNECTED, reason=roamingOff
11-14 20:28:17.871   650   650 D MobileDataStateTracker: fota: Broadcast received: android.intent.action.ANY_DATA_STATE apnType=fota
11-14 20:28:17.871   650   650 D MobileDataStateTracker: fota: Received state=DISCONNECTED, old=DISCONNECTED, reason=roamingOff
11-14 20:28:17.871   650   650 D MobileDataStateTracker: dun: Broadcast received: android.intent.action.ANY_DATA_STATE apnType=dun
11-14 20:28:17.881   650   650 D MobileDataStateTracker: dun: Received state=DISCONNECTED, old=DISCONNECTED, reason=roamingOff
11-14 20:28:17.881   650   650 D MobileDataStateTracker: ia: Broadcast received: android.intent.action.ANY_DATA_STATE apnType=ia
11-14 20:28:17.881   650   650 D MobileDataStateTracker: ia: Received state=DISCONNECTED, old=DISCONNECTED, reason=roamingOff
11-14 20:28:17.881   650   650 D MobileDataStateTracker: supl: Broadcast received: android.intent.action.ANY_DATA_STATE apnType=supl
11-14 20:28:17.881   650   650 D MobileDataStateTracker: supl: Received state=DISCONNECTED, old=DISCONNECTED, reason=roamingOff
11-14 20:28:17.891   650   650 D MobileDataStateTracker: hipri: Broadcast received: android.intent.action.ANY_DATA_STATE apnType=hipri
11-14 20:28:17.891   650   650 D MobileDataStateTracker: hipri: Received state=DISCONNECTED, old=DISCONNECTED, reason=roamingOff
11-14 20:28:17.891   650   650 D MobileDataStateTracker: ims: Broadcast received: android.intent.action.ANY_DATA_STATE apnType=ims
11-14 20:28:17.891   650   650 D MobileDataStateTracker: ims: Received state=DISCONNECTED, old=DISCONNECTED, reason=roamingOff
11-14 20:28:17.891   650   650 D MobileDataStateTracker: default: Broadcast received: android.intent.action.ANY_DATA_STATE apnType=default
