11-14 20:36:50.356   650   870 I am_destroy_activity: [0,1106726656,38,com.android.settings/.Settings,finish-imm]
11-14 20:36:50.366   179   179 I sf_frame_dur: [com.android.settings/com.android.settings.Settings,6,1,0,0,0,0,2]
11-14 20:36:51.076   650  1258 I am_create_task: [0,39]
11-14 20:36:51.076   650  1258 I am_create_activity: [0,1106625344,39,com.android.settings/.Settings,android.intent.action.MAIN,NULL,NULL,270532608]
11-14 20:36:51.076   650  1258 I wm_task_created: [39,2]
11-14 20:36:51.076   650  1258 I wm_task_moved: [39,1,2]
11-14 20:36:51.076   650  1258 I wm_home_stack_moved: 0
11-14 20:36:51.106   650  1258 I am_pause_activity: [0,1108979816,com.cyanogenmod.trebuchet/org.cyanogenmod.trebuchet.CustomHomeLauncher]
11-14 20:36:51.126  1183  1183 I am_on_paused_called: [0,org.cyanogenmod.trebuchet.CustomHomeLauncher]
11-14 20:36:51.146   650   668 I am_restart_activity: [0,1106625344,39,com.android.settings/.Settings]
11-14 20:36:51.486   179   179 I sf_frame_dur: [com.cyanogenmod.trebuchet/org.cyanogenmod.trebuchet.CustomHomeLauncher,0,0,0,0,0,0,1]
11-14 20:36:52.116   650   668 I wm_task_removed: [38,removeTask]
11-14 20:36:52.116   650   668 I wm_task_removed: [38,removeAppToken: last token]
11-14 20:36:52.166  2479  2479 I am_on_resume_called: [0,com.android.settings.Settings]
11-14 20:36:52.256   650  1180 I am_create_service: [0,1106875736,.SearchPopulator,1000,2479]
11-14 20:36:52.316   650   867 I am_activity_launch_time: [0,1106625344,com.android.settings/.Settings,1173,1173]
11-14 20:36:52.356   650  1208 I am_destroy_service: [0,1106875736,2479]
11-14 20:36:52.526   179   179 I sf_frame_dur: [Starting com.android.settings,1,0,0,0,0,0,0]
11-14 20:36:53.676  3894  4024 I dvm_lock_sample: [uiautomator,0,UiAutomatorHandlerThread,90,QueryController.java,61,-,149,18]
11-14 20:36:59.086   650  1258 I wm_task_moved: [39,1,1]
11-14 20:36:59.086   650  1258 I wm_home_stack_moved: 0
11-14 20:36:59.086   650  1258 I am_create_activity: [0,1106738272,39,com.android.settings/.SubSettings,android.intent.action.MAIN,NULL,NULL,0]
11-14 20:36:59.086   650  1258 I am_pause_activity: [0,1106625344,com.android.settings/.Settings]
11-14 20:36:59.116  2479  2479 I am_on_paused_called: [0,com.android.settings.Settings]
11-14 20:36:59.116   650  1182 I am_restart_activity: [0,1106738272,39,com.android.settings/.SubSettings]
11-14 20:36:59.196  2479  2479 I am_on_resume_called: [0,com.android.settings.SubSettings]
11-14 20:36:59.266   650   867 I am_activity_launch_time: [0,1106738272,com.android.settings/.SubSettings,154,154]
11-14 20:36:59.626   179   179 I sf_frame_dur: [com.android.settings/com.android.settings.Settings,112,5,2,2,1,3,1]
11-14 20:36:59.866   650   897 I am_finish_activity: [0,1106738272,39,com.android.settings/.SubSettings,app-request]
11-14 20:36:59.866   650   897 I am_pause_activity: [0,1106738272,com.android.settings/.SubSettings]
11-14 20:36:59.876  2479  2479 I am_on_paused_called: [0,com.android.settings.SubSettings]
11-14 20:36:59.876   650  1258 I am_resume_activity: [0,1106625344,39,com.android.settings/.Settings]
11-14 20:36:59.896  2479  2479 I am_on_resume_called: [0,com.android.settings.Settings]
11-14 20:37:00.376   650   870 I am_destroy_activity: [0,1106738272,39,com.android.settings/.SubSettings,finish-imm]
11-14 20:37:00.396   179   179 I sf_frame_dur: [com.android.settings/com.android.settings.SubSettings,0,1,0,0,0,0,0]
11-14 20:37:02.576   650  1207 I am_finish_activity: [0,1106625344,39,com.android.settings/.Settings,app-request]
11-14 20:37:02.576   650  1207 I wm_home_stack_moved: 1
11-14 20:37:02.576   650  1207 I wm_task_moved: [1,1,1]
11-14 20:37:02.576   650  1207 I wm_home_stack_moved: 1
11-14 20:37:02.616   650  1207 I am_pause_activity: [0,1106625344,com.android.settings/.Settings]
11-14 20:37:02.626  2479  2479 I am_on_paused_called: [0,com.android.settings.Settings]
11-14 20:37:02.626   650  1258 I am_resume_activity: [0,1108979816,1,com.cyanogenmod.trebuchet/org.cyanogenmod.trebuchet.CustomHomeLauncher]
11-14 20:37:02.646  1183  1183 I am_on_resume_called: [0,org.cyanogenmod.trebuchet.CustomHomeLauncher]
11-14 20:37:03.106   650   870 I am_destroy_activity: [0,1106625344,39,com.android.settings/.Settings,finish-imm]
11-14 20:37:03.116   179   179 I sf_frame_dur: [com.android.settings/com.android.settings.Settings,6,1,0,0,0,0,1]
11-14 20:37:03.846   650   898 I am_create_task: [0,40]
11-14 20:37:03.846   650   898 I am_create_activity: [0,1106726656,40,com.android.settings/.Settings,android.intent.action.MAIN,NULL,NULL,270532608]
11-14 20:37:03.846   650   898 I wm_task_created: [40,2]
11-14 20:37:03.846   650   898 I wm_task_moved: [40,1,2]
11-14 20:37:03.846   650   898 I wm_home_stack_moved: 0
11-14 20:37:03.896   650   898 I am_pause_activity: [0,1108979816,com.cyanogenmod.trebuchet/org.cyanogenmod.trebuchet.CustomHomeLauncher]
11-14 20:37:03.906  1183  1183 I am_on_paused_called: [0,org.cyanogenmod.trebuchet.CustomHomeLauncher]
11-14 20:37:03.926   650  1343 I am_restart_activity: [0,1106726656,40,com.android.settings/.Settings]
11-14 20:37:03.936   650   870 I dvm_lock_sample: [system_server,1,ActivityManager,25,ActivityStackSupervisor.java,2625,ActivityManagerService.java,5397,5]
11-14 20:37:04.256   179   179 I sf_frame_dur: [com.cyanogenmod.trebuchet/org.cyanogenmod.trebuchet.CustomHomeLauncher,0,0,0,0,0,0,1]
11-14 20:37:05.036   650  1182 I wm_task_removed: [39,removeTask]
11-14 20:37:05.036   650  1182 I wm_task_removed: [39,removeAppToken: last token]
11-14 20:37:05.076  2479  2479 I am_on_resume_called: [0,com.android.settings.Settings]
11-14 20:37:05.166   650  1180 I am_create_service: [0,1113360736,.SearchPopulator,1000,2479]
11-14 20:37:05.196   650   867 I am_activity_launch_time: [0,1106726656,com.android.settings/.Settings,1273,1273]
11-14 20:37:05.246   650   898 I am_destroy_service: [0,1113360736,2479]
11-14 20:37:05.406   179   179 I sf_frame_dur: [Starting com.android.settings,1,0,0,0,0,0,0]
11-14 20:37:11.166   650   668 I wm_task_moved: [40,1,1]
11-14 20:37:11.166   650   668 I wm_home_stack_moved: 0
11-14 20:37:11.166   650   668 I am_create_activity: [0,1106738272,40,com.android.settings/.SubSettings,android.intent.action.MAIN,NULL,NULL,0]
11-14 20:37:11.166   650   668 I am_pause_activity: [0,1106726656,com.android.settings/.Settings]
11-14 20:37:11.176  2479  2479 I am_on_paused_called: [0,com.android.settings.Settings]
11-14 20:37:11.176   650  1208 I am_restart_activity: [0,1106738272,40,com.android.settings/.SubSettings]
11-14 20:37:11.246  2479  2479 I am_on_resume_called: [0,com.android.settings.SubSettings]
11-14 20:37:11.346   650   867 I am_activity_launch_time: [0,1106738272,com.android.settings/.SubSettings,169,169]
11-14 20:37:11.716   179   179 I sf_frame_dur: [com.android.settings/com.android.settings.Settings,100,8,4,3,1,2,1]
11-14 20:37:11.936   650  1258 I am_finish_activity: [0,1106738272,40,com.android.settings/.SubSettings,app-request]
11-14 20:37:11.936   650  1258 I am_pause_activity: [0,1106738272,com.android.settings/.SubSettings]
11-14 20:37:11.946  2479  2479 I am_on_paused_called: [0,com.android.settings.SubSettings]
11-14 20:37:11.946   650  1207 I am_resume_activity: [0,1106726656,40,com.android.settings/.Settings]
11-14 20:37:11.966  2479  2479 I am_on_resume_called: [0,com.android.settings.Settings]
11-14 20:37:12.426   650   870 I am_destroy_activity: [0,1106738272,40,com.android.settings/.SubSettings,finish-imm]
11-14 20:37:12.436   179   179 I sf_frame_dur: [com.android.settings/com.android.settings.SubSettings,0,1,0,0,1,0,0]
11-14 20:37:14.856   650  1208 I am_finish_activity: [0,1106726656,40,com.android.settings/.Settings,app-request]
11-14 20:37:14.856   650  1208 I wm_home_stack_moved: 1
11-14 20:37:14.856   650  1208 I wm_task_moved: [1,1,1]
11-14 20:37:14.856   650  1208 I wm_home_stack_moved: 1
11-14 20:37:14.896   650  1208 I am_pause_activity: [0,1106726656,com.android.settings/.Settings]
11-14 20:37:14.906  2479  2479 I am_on_paused_called: [0,com.android.settings.Settings]
11-14 20:37:14.906   650   668 I am_resume_activity: [0,1108979816,1,com.cyanogenmod.trebuchet/org.cyanogenmod.trebuchet.CustomHomeLauncher]
11-14 20:37:14.926  1183  1183 I am_on_resume_called: [0,org.cyanogenmod.trebuchet.CustomHomeLauncher]
11-14 20:37:15.386   650   870 I am_destroy_activity: [0,1106726656,40,com.android.settings/.Settings,finish-imm]
11-14 20:37:15.396   179   179 I sf_frame_dur: [com.android.settings/com.android.settings.Settings,4,1,0,0,0,0,1]
11-14 20:37:16.126   650  1207 I am_create_task: [0,41]
11-14 20:37:16.126   650  1207 I am_create_activity: [0,1106625344,41,com.android.settings/.Settings,android.intent.action.MAIN,NULL,NULL,270532608]
11-14 20:37:16.126   650  1207 I wm_task_created: [41,2]
11-14 20:37:16.126   650  1207 I wm_task_moved: [41,1,2]
11-14 20:37:16.126   650  1207 I wm_home_stack_moved: 0
11-14 20:37:16.156   650  1207 I am_pause_activity: [0,1108979816,com.cyanogenmod.trebuchet/org.cyanogenmod.trebuchet.CustomHomeLauncher]
11-14 20:37:16.166  1183  1183 I am_on_paused_called: [0,org.cyanogenmod.trebuchet.CustomHomeLauncher]
11-14 20:37:16.166   650  1208 I am_restart_activity: [0,1106625344,41,com.android.settings/.Settings]
11-14 20:37:16.526   179   179 I sf_frame_dur: [com.cyanogenmod.trebuchet/org.cyanogenmod.trebuchet.CustomHomeLauncher,0,0,0,0,0,0,1]
11-14 20:37:17.376   650  1343 I wm_task_removed: [40,removeTask]
11-14 20:37:17.376   650  1343 I wm_task_removed: [40,removeAppToken: last token]
11-14 20:37:17.446  2479  2479 I am_on_resume_called: [0,com.android.settings.Settings]
11-14 20:37:17.546   650   897 I am_create_service: [0,1113400056,.SearchPopulator,1000,2479]
11-14 20:37:17.596   650   867 I am_activity_launch_time: [0,1106625344,com.android.settings/.Settings,1433,1433]
11-14 20:37:17.646   650  1258 I am_destroy_service: [0,1113400056,2479]
11-14 20:37:17.806   179   179 I sf_frame_dur: [Starting com.android.settings,1,0,0,0,0,0,0]
11-14 20:37:23.626   650   667 I wm_task_moved: [41,1,1]
11-14 20:37:23.626   650   667 I wm_home_stack_moved: 0
11-14 20:37:23.636   650   667 I am_create_activity: [0,1106738272,41,com.android.settings/.SubSettings,android.intent.action.MAIN,NULL,NULL,0]
11-14 20:37:23.636   650   667 I am_pause_activity: [0,1106625344,com.android.settings/.Settings]
11-14 20:37:23.676  2479  2479 I am_on_paused_called: [0,com.android.settings.Settings]
11-14 20:37:23.676   650  1343 I am_restart_activity: [0,1106738272,41,com.android.settings/.SubSettings]
11-14 20:37:23.746  2479  2479 I am_on_resume_called: [0,com.android.settings.SubSettings]
11-14 20:37:23.816   650   867 I am_activity_launch_time: [0,1106738272,com.android.settings/.SubSettings,138,138]
11-14 20:37:24.196   179   179 I sf_frame_dur: [com.android.settings/com.android.settings.Settings,107,8,3,1,2,2,1]
11-14 20:37:24.416   650   897 I am_finish_activity: [0,1106738272,41,com.android.settings/.SubSettings,app-request]
11-14 20:37:24.416   650   897 I am_pause_activity: [0,1106738272,com.android.settings/.SubSettings]
11-14 20:37:24.416  2479  2479 I am_on_paused_called: [0,com.android.settings.SubSettings]
11-14 20:37:24.416   650   667 I am_resume_activity: [0,1106625344,41,com.android.settings/.Settings]
11-14 20:37:24.436  2479  2479 I am_on_resume_called: [0,com.android.settings.Settings]
11-14 20:37:24.876   650   870 I am_destroy_activity: [0,1106738272,41,com.android.settings/.SubSettings,finish-imm]
11-14 20:37:24.886   179   179 I sf_frame_dur: [com.android.settings/com.android.settings.SubSettings,2,0,0,0,1,0,0]
11-14 20:37:27.346   650   898 I am_finish_activity: [0,1106625344,41,com.android.settings/.Settings,app-request]
11-14 20:37:27.346   650   898 I wm_home_stack_moved: 1
11-14 20:37:27.356   650   898 I wm_task_moved: [1,1,1]
11-14 20:37:27.356   650   898 I wm_home_stack_moved: 1
11-14 20:37:27.386   650   898 I am_pause_activity: [0,1106625344,com.android.settings/.Settings]
11-14 20:37:27.396  2479  2479 I am_on_paused_called: [0,com.android.settings.Settings]
11-14 20:37:27.396   650  1343 I am_resume_activity: [0,1108979816,1,com.cyanogenmod.trebuchet/org.cyanogenmod.trebuchet.CustomHomeLauncher]
11-14 20:37:27.416  1183  1183 I am_on_resume_called: [0,org.cyanogenmod.trebuchet.CustomHomeLauncher]
11-14 20:37:27.876   650   870 I am_destroy_activity: [0,1106625344,41,com.android.settings/.Settings,finish-imm]
11-14 20:37:27.896   179   179 I sf_frame_dur: [com.android.settings/com.android.settings.Settings,4,0,1,0,0,0,2]
11-14 20:37:28.596   650  1207 I am_create_task: [0,42]
11-14 20:37:28.596   650  1207 I am_create_activity: [0,1106726656,42,com.android.settings/.Settings,android.intent.action.MAIN,NULL,NULL,270532608]
11-14 20:37:28.596   650  1207 I wm_task_created: [42,2]
11-14 20:37:28.596   650  1207 I wm_task_moved: [42,1,2]
11-14 20:37:28.596   650  1207 I wm_home_stack_moved: 0
11-14 20:37:28.646   650  1207 I am_pause_activity: [0,1108979816,com.cyanogenmod.trebuchet/org.cyanogenmod.trebuchet.CustomHomeLauncher]
11-14 20:37:28.666  1183  1183 I am_on_paused_called: [0,org.cyanogenmod.trebuchet.CustomHomeLauncher]
11-14 20:37:28.676   650   897 I am_restart_activity: [0,1106726656,42,com.android.settings/.Settings]
11-14 20:37:29.006   179   179 I sf_frame_dur: [com.cyanogenmod.trebuchet/org.cyanogenmod.trebuchet.CustomHomeLauncher,0,0,0,0,0,0,1]
11-14 20:37:29.726   650  1258 I wm_task_removed: [41,removeTask]
11-14 20:37:29.726   650  1258 I wm_task_removed: [41,removeAppToken: last token]
11-14 20:37:29.776  2479  2479 I am_on_resume_called: [0,com.android.settings.Settings]
11-14 20:37:29.866   650  1208 I am_create_service: [0,1110868752,.SearchPopulator,1000,2479]
11-14 20:37:29.926   650   867 I am_activity_launch_time: [0,1106726656,com.android.settings/.Settings,1255,1255]
11-14 20:37:29.956   650  1207 I am_destroy_service: [0,1110868752,2479]
11-14 20:37:30.146   179   179 I sf_frame_dur: [Starting com.android.settings,1,0,0,0,0,0,0]
11-14 20:37:31.306  3894  4024 I dvm_lock_sample: [uiautomator,0,UiAutomatorHandlerThread,105,QueryController.java,61,-,149,21]
11-14 20:37:34.936  3894  4024 I dvm_lock_sample: [uiautomator,0,UiAutomatorHandlerThread,148,QueryController.java,61,-,149,29]
11-14 20:37:36.736   650  1343 I wm_task_moved: [42,1,1]
11-14 20:37:36.736   650  1343 I wm_home_stack_moved: 0
11-14 20:37:36.736   650  1343 I am_create_activity: [0,1106738272,42,com.android.settings/.SubSettings,android.intent.action.MAIN,NULL,NULL,0]
11-14 20:37:36.736   650  1343 I am_pause_activity: [0,1106726656,com.android.settings/.Settings]
11-14 20:37:36.766  2479  2479 I am_on_paused_called: [0,com.android.settings.Settings]
11-14 20:37:36.776   650   668 I am_restart_activity: [0,1106738272,42,com.android.settings/.SubSettings]
11-14 20:37:36.836  2479  2479 I am_on_resume_called: [0,com.android.settings.SubSettings]
11-14 20:37:36.926   650   867 I am_activity_launch_time: [0,1106738272,com.android.settings/.SubSettings,154,154]
11-14 20:37:37.266   179   179 I sf_frame_dur: [com.android.settings/com.android.settings.Settings,114,8,2,1,4,2,1]
11-14 20:37:37.516   650  1258 I am_finish_activity: [0,1106738272,42,com.android.settings/.SubSettings,app-request]
11-14 20:37:37.516   650  1258 I am_pause_activity: [0,1106738272,com.android.settings/.SubSettings]
11-14 20:37:37.516  2479  2479 I am_on_paused_called: [0,com.android.settings.SubSettings]
11-14 20:37:37.526   650  1343 I am_resume_activity: [0,1106726656,42,com.android.settings/.Settings]
11-14 20:37:37.546  2479  2479 I am_on_resume_called: [0,com.android.settings.Settings]
11-14 20:37:37.956   650   870 I am_destroy_activity: [0,1106738272,42,com.android.settings/.SubSettings,finish-imm]
11-14 20:37:37.976   179   179 I sf_frame_dur: [com.android.settings/com.android.settings.SubSettings,0,1,0,0,0,0,0]
11-14 20:37:40.566   650  1207 I am_finish_activity: [0,1106726656,42,com.android.settings/.Settings,app-request]
11-14 20:37:40.566   650  1207 I wm_home_stack_moved: 1
11-14 20:37:40.566   650  1207 I wm_task_moved: [1,1,1]
11-14 20:37:40.576   650  1207 I wm_home_stack_moved: 1
11-14 20:37:40.606   650  1207 I am_pause_activity: [0,1106726656,com.android.settings/.Settings]
11-14 20:37:40.616  2479  2479 I am_on_paused_called: [0,com.android.settings.Settings]
11-14 20:37:40.616   650   897 I am_resume_activity: [0,1108979816,1,com.cyanogenmod.trebuchet/org.cyanogenmod.trebuchet.CustomHomeLauncher]
11-14 20:37:40.646  1183  1183 I am_on_resume_called: [0,org.cyanogenmod.trebuchet.CustomHomeLauncher]
11-14 20:37:41.106   650   870 I am_destroy_activity: [0,1106726656,42,com.android.settings/.Settings,finish-imm]
11-14 20:37:41.116   179   179 I sf_frame_dur: [com.android.settings/com.android.settings.Settings,5,1,0,0,0,0,1]
11-14 20:37:41.856   650  1343 I am_create_task: [0,43]
11-14 20:37:41.856   650  1343 I am_create_activity: [0,1106625344,43,com.android.settings/.Settings,android.intent.action.MAIN,NULL,NULL,270532608]
11-14 20:37:41.856   650  1343 I wm_task_created: [43,2]
11-14 20:37:41.856   650  1343 I wm_task_moved: [43,1,2]
11-14 20:37:41.856   650  1343 I wm_home_stack_moved: 0
11-14 20:37:41.896   650  1343 I am_pause_activity: [0,1108979816,com.cyanogenmod.trebuchet/org.cyanogenmod.trebuchet.CustomHomeLauncher]
11-14 20:37:41.906  1183  1183 I am_on_paused_called: [0,org.cyanogenmod.trebuchet.CustomHomeLauncher]
11-14 20:37:41.906   650  1180 I am_restart_activity: [0,1106625344,43,com.android.settings/.Settings]
11-14 20:37:42.236   179   179 I sf_frame_dur: [com.cyanogenmod.trebuchet/org.cyanogenmod.trebuchet.CustomHomeLauncher,0,0,0,0,0,0,1]
11-14 20:37:42.796   650  1343 I wm_task_removed: [42,removeTask]
11-14 20:37:42.796   650  1343 I wm_task_removed: [42,removeAppToken: last token]
11-14 20:37:42.846  2479  2479 I am_on_resume_called: [0,com.android.settings.Settings]
11-14 20:37:42.926   650  1258 I am_create_service: [0,1110867768,.SearchPopulator,1000,2479]
11-14 20:37:42.976   650   867 I am_activity_launch_time: [0,1106625344,com.android.settings/.Settings,1074,1074]
11-14 20:37:43.006   650   898 I am_destroy_service: [0,1110867768,2479]
11-14 20:37:43.196   179   179 I sf_frame_dur: [Starting com.android.settings,1,0,0,0,0,0,0]
11-14 20:37:47.866  3894  4024 I dvm_lock_sample: [uiautomator,0,UiAutomatorHandlerThread,150,QueryController.java,61,-,149,30]
11-14 20:37:49.026   650  1182 I wm_task_moved: [43,1,1]
11-14 20:37:49.026   650  1182 I wm_home_stack_moved: 0
11-14 20:37:49.036   650  1182 I am_create_activity: [0,1106738272,43,com.android.settings/.SubSettings,android.intent.action.MAIN,NULL,NULL,0]
11-14 20:37:49.036   650  1182 I am_pause_activity: [0,1106625344,com.android.settings/.Settings]
11-14 20:37:49.056  2479  2479 I am_on_paused_called: [0,com.android.settings.Settings]
11-14 20:37:49.056   650   898 I am_restart_activity: [0,1106738272,43,com.android.settings/.SubSettings]
11-14 20:37:49.126  2479  2479 I am_on_resume_called: [0,com.android.settings.SubSettings]
11-14 20:37:49.166   650   867 I dvm_lock_sample: [system_server,1,WindowManager,16,WindowManagerService.java,7276,-,2909,3]
11-14 20:37:49.196   650   867 I am_activity_launch_time: [0,1106738272,com.android.settings/.SubSettings,134,134]
11-14 20:37:49.536   179   179 I sf_frame_dur: [com.android.settings/com.android.settings.Settings,104,8,1,1,2,2,1]
11-14 20:37:49.796   650  1208 I am_finish_activity: [0,1106738272,43,com.android.settings/.SubSettings,app-request]
11-14 20:37:49.796   650  1208 I am_pause_activity: [0,1106738272,com.android.settings/.SubSettings]
11-14 20:37:49.806  2479  2479 I am_on_paused_called: [0,com.android.settings.SubSettings]
11-14 20:37:49.806   650  1182 I am_resume_activity: [0,1106625344,43,com.android.settings/.Settings]
11-14 20:37:49.826  2479  2479 I am_on_resume_called: [0,com.android.settings.Settings]
11-14 20:37:50.236   650   870 I am_destroy_activity: [0,1106738272,43,com.android.settings/.SubSettings,finish-imm]
11-14 20:37:50.256   179   179 I sf_frame_dur: [com.android.settings/com.android.settings.SubSettings,1,0,0,0,1,0,0]
11-14 20:37:52.706   650   898 I am_finish_activity: [0,1106625344,43,com.android.settings/.Settings,app-request]
11-14 20:37:52.706   650   898 I wm_home_stack_moved: 1
11-14 20:37:52.706   650   898 I wm_task_moved: [1,1,1]
11-14 20:37:52.706   650   898 I wm_home_stack_moved: 1
11-14 20:37:52.746   650   898 I am_pause_activity: [0,1106625344,com.android.settings/.Settings]
11-14 20:37:52.756  2479  2479 I am_on_paused_called: [0,com.android.settings.Settings]
11-14 20:37:52.766   650  1182 I am_resume_activity: [0,1108979816,1,com.cyanogenmod.trebuchet/org.cyanogenmod.trebuchet.CustomHomeLauncher]
11-14 20:37:52.776  1183  1183 I am_on_resume_called: [0,org.cyanogenmod.trebuchet.CustomHomeLauncher]
11-14 20:37:53.256   650   870 I am_destroy_activity: [0,1106625344,43,com.android.settings/.Settings,finish-imm]
11-14 20:37:53.266   179   179 I sf_frame_dur: [com.android.settings/com.android.settings.Settings,5,1,0,0,0,0,1]
11-14 20:37:53.956   650  1208 I am_create_task: [0,44]
11-14 20:37:53.956   650  1208 I am_create_activity: [0,1106726656,44,com.android.settings/.Settings,android.intent.action.MAIN,NULL,NULL,270532608]
11-14 20:37:53.956   650  1208 I wm_task_created: [44,2]
11-14 20:37:53.956   650  1208 I wm_task_moved: [44,1,2]
11-14 20:37:53.956   650  1208 I wm_home_stack_moved: 0
11-14 20:37:54.016   650  1208 I am_pause_activity: [0,1108979816,com.cyanogenmod.trebuchet/org.cyanogenmod.trebuchet.CustomHomeLauncher]
11-14 20:37:54.026  1183  1183 I am_on_paused_called: [0,org.cyanogenmod.trebuchet.CustomHomeLauncher]
11-14 20:37:54.026   650  1182 I am_restart_activity: [0,1106726656,44,com.android.settings/.Settings]
11-14 20:37:54.386   179   179 I sf_frame_dur: [com.cyanogenmod.trebuchet/org.cyanogenmod.trebuchet.CustomHomeLauncher,0,0,0,0,0,0,1]
11-14 20:37:55.286   650  1258 I wm_task_removed: [43,removeTask]
11-14 20:37:55.286   650  1258 I wm_task_removed: [43,removeAppToken: last token]
11-14 20:37:55.346  2479  2479 I am_on_resume_called: [0,com.android.settings.Settings]
11-14 20:37:55.426   650  1258 I am_create_service: [0,1107691432,.SearchPopulator,1000,2479]
11-14 20:37:55.456   650   867 I am_activity_launch_time: [0,1106726656,com.android.settings/.Settings,1438,1438]
11-14 20:37:55.506   650  1343 I am_destroy_service: [0,1107691432,2479]
11-14 20:37:55.676   179   179 I sf_frame_dur: [Starting com.android.settings,0,1,0,0,0,0,0]
11-14 20:38:02.046   650   667 I wm_task_moved: [44,1,1]
11-14 20:38:02.046   650   667 I wm_home_stack_moved: 0
11-14 20:38:02.046   650   667 I am_create_activity: [0,1106738272,44,com.android.settings/.SubSettings,android.intent.action.MAIN,NULL,NULL,0]
11-14 20:38:02.046   650   667 I am_pause_activity: [0,1106726656,com.android.settings/.Settings]
11-14 20:38:02.066  2479  2479 I am_on_paused_called: [0,com.android.settings.Settings]
11-14 20:38:02.066   650  1182 I am_restart_activity: [0,1106738272,44,com.android.settings/.SubSettings]
11-14 20:38:02.116  2479  2479 I am_on_resume_called: [0,com.android.settings.SubSettings]
11-14 20:38:02.176   650   867 I am_activity_launch_time: [0,1106738272,com.android.settings/.SubSettings,119,119]
11-14 20:38:02.516   179   179 I sf_frame_dur: [com.android.settings/com.android.settings.Settings,107,9,2,0,2,4,1]
11-14 20:38:02.766   650  1182 I am_finish_activity: [0,1106738272,44,com.android.settings/.SubSettings,app-request]
11-14 20:38:02.776   650  1182 I am_pause_activity: [0,1106738272,com.android.settings/.SubSettings]
11-14 20:38:02.776  2479  2479 I am_on_paused_called: [0,com.android.settings.SubSettings]
11-14 20:38:02.776   650   667 I am_resume_activity: [0,1106726656,44,com.android.settings/.Settings]
11-14 20:38:02.786  2479  2479 I am_on_resume_called: [0,com.android.settings.Settings]
11-14 20:38:03.216   650   870 I am_destroy_activity: [0,1106738272,44,com.android.settings/.SubSettings,finish-imm]
11-14 20:38:03.226   179   179 I sf_frame_dur: [com.android.settings/com.android.settings.SubSettings,1,0,0,0,1,0,0]
11-14 20:38:05.156   650  1180 I am_finish_activity: [0,1106726656,44,com.android.settings/.Settings,app-request]
11-14 20:38:05.156   650  1180 I wm_home_stack_moved: 1
11-14 20:38:05.156   650  1180 I wm_task_moved: [1,1,1]
11-14 20:38:05.156   650  1180 I wm_home_stack_moved: 1
11-14 20:38:05.186   650  1180 I am_pause_activity: [0,1106726656,com.android.settings/.Settings]
11-14 20:38:05.196  2479  2479 I am_on_paused_called: [0,com.android.settings.Settings]
11-14 20:38:05.196   650  1258 I am_resume_activity: [0,1108979816,1,com.cyanogenmod.trebuchet/org.cyanogenmod.trebuchet.CustomHomeLauncher]
11-14 20:38:05.206  1183  1183 I am_on_resume_called: [0,org.cyanogenmod.trebuchet.CustomHomeLauncher]
11-14 20:38:05.686   650   870 I am_destroy_activity: [0,1106726656,44,com.android.settings/.Settings,finish-imm]
11-14 20:38:05.696   179   179 I sf_frame_dur: [com.android.settings/com.android.settings.Settings,4,0,1,0,0,0,2]
11-14 20:38:06.456   650  1182 I am_create_task: [0,45]
11-14 20:38:06.456   650  1182 I am_create_activity: [0,1106625344,45,com.android.settings/.Settings,android.intent.action.MAIN,NULL,NULL,270532608]
11-14 20:38:06.456   650  1182 I wm_task_created: [45,2]
11-14 20:38:06.456   650  1182 I wm_task_moved: [45,1,2]
11-14 20:38:06.456   650  1182 I wm_home_stack_moved: 0
11-14 20:38:06.496   650  1182 I am_pause_activity: [0,1108979816,com.cyanogenmod.trebuchet/org.cyanogenmod.trebuchet.CustomHomeLauncher]
11-14 20:38:06.526  1183  1183 I am_on_paused_called: [0,org.cyanogenmod.trebuchet.CustomHomeLauncher]
11-14 20:38:06.526   650   668 I am_restart_activity: [0,1106625344,45,com.android.settings/.Settings]
11-14 20:38:06.876   179   179 I sf_frame_dur: [com.cyanogenmod.trebuchet/org.cyanogenmod.trebuchet.CustomHomeLauncher,0,0,0,0,0,0,1]
11-14 20:38:07.726   650  1180 I wm_task_removed: [44,removeTask]
11-14 20:38:07.726   650  1180 I wm_task_removed: [44,removeAppToken: last token]
11-14 20:38:07.776  2479  2479 I am_on_resume_called: [0,com.android.settings.Settings]
11-14 20:38:07.866   650  1182 I am_create_service: [0,1113400056,.SearchPopulator,1000,2479]
11-14 20:38:07.916   650   867 I am_activity_launch_time: [0,1106625344,com.android.settings/.Settings,1391,1391]
11-14 20:38:07.966   650  1207 I am_destroy_service: [0,1113400056,2479]
11-14 20:38:08.126   179   179 I sf_frame_dur: [Starting com.android.settings,1,0,0,0,0,0,0]
11-14 20:38:14.466   650  1207 I wm_task_moved: [45,1,1]
11-14 20:38:14.466   650  1207 I wm_home_stack_moved: 0
11-14 20:38:14.466   650  1207 I am_create_activity: [0,1106738272,45,com.android.settings/.SubSettings,android.intent.action.MAIN,NULL,NULL,0]
11-14 20:38:14.466   650  1207 I am_pause_activity: [0,1106625344,com.android.settings/.Settings]
11-14 20:38:14.536  2479  2479 I am_on_paused_called: [0,com.android.settings.Settings]
11-14 20:38:14.536   650  1208 I am_restart_activity: [0,1106738272,45,com.android.settings/.SubSettings]
11-14 20:38:14.606  2479  2479 I am_on_resume_called: [0,com.android.settings.SubSettings]
11-14 20:38:14.666   650   867 I am_activity_launch_time: [0,1106738272,com.android.settings/.SubSettings,132,132]
11-14 20:38:15.026   179   179 I sf_frame_dur: [com.android.settings/com.android.settings.Settings,112,8,2,1,3,1,2]
11-14 20:38:15.256   650   897 I am_finish_activity: [0,1106738272,45,com.android.settings/.SubSettings,app-request]
11-14 20:38:15.256   650   897 I am_pause_activity: [0,1106738272,com.android.settings/.SubSettings]
11-14 20:38:15.256  2479  2479 I am_on_paused_called: [0,com.android.settings.SubSettings]
11-14 20:38:15.256   650  1208 I am_resume_activity: [0,1106625344,45,com.android.settings/.Settings]
11-14 20:38:15.266  2479  2479 I am_on_resume_called: [0,com.android.settings.Settings]
11-14 20:38:15.676   650   870 I am_destroy_activity: [0,1106738272,45,com.android.settings/.SubSettings,finish-imm]
11-14 20:38:15.696   179   179 I sf_frame_dur: [com.android.settings/com.android.settings.SubSettings,0,1,0,0,1,0,0]
11-14 20:38:17.916   650  1258 I am_finish_activity: [0,1106625344,45,com.android.settings/.Settings,app-request]
11-14 20:38:17.916   650  1258 I wm_home_stack_moved: 1
11-14 20:38:17.916   650  1258 I wm_task_moved: [1,1,1]
11-14 20:38:17.916   650  1258 I wm_home_stack_moved: 1
11-14 20:38:17.966   650  1258 I am_pause_activity: [0,1106625344,com.android.settings/.Settings]
11-14 20:38:17.976  2479  2479 I am_on_paused_called: [0,com.android.settings.Settings]
11-14 20:38:17.976   650  1207 I am_resume_activity: [0,1108979816,1,com.cyanogenmod.trebuchet/org.cyanogenmod.trebuchet.CustomHomeLauncher]
11-14 20:38:17.996  1183  1183 I am_on_resume_called: [0,org.cyanogenmod.trebuchet.CustomHomeLauncher]
11-14 20:38:18.456   650   870 I am_destroy_activity: [0,1106625344,45,com.android.settings/.Settings,finish-imm]
11-14 20:38:18.466   179   179 I sf_frame_dur: [com.android.settings/com.android.settings.Settings,5,1,0,0,0,0,1]
11-14 20:38:19.156   650   897 I am_create_task: [0,46]
11-14 20:38:19.156   650   897 I am_create_activity: [0,1106726656,46,com.android.settings/.Settings,android.intent.action.MAIN,NULL,NULL,270532608]
11-14 20:38:19.156   650   897 I wm_task_created: [46,2]
11-14 20:38:19.166   650   897 I wm_task_moved: [46,1,2]
11-14 20:38:19.166   650   897 I wm_home_stack_moved: 0
11-14 20:38:19.196   650   897 I am_pause_activity: [0,1108979816,com.cyanogenmod.trebuchet/org.cyanogenmod.trebuchet.CustomHomeLauncher]
11-14 20:38:19.256  1183  1183 I am_on_paused_called: [0,org.cyanogenmod.trebuchet.CustomHomeLauncher]
11-14 20:38:19.266   650  1343 I am_restart_activity: [0,1106726656,46,com.android.settings/.Settings]
11-14 20:38:19.576   179   179 I sf_frame_dur: [com.cyanogenmod.trebuchet/org.cyanogenmod.trebuchet.CustomHomeLauncher,0,0,0,0,0,0,1]
11-14 20:38:20.446   650  1207 I wm_task_removed: [45,removeTask]
11-14 20:38:20.446   650  1207 I wm_task_removed: [45,removeAppToken: last token]
11-14 20:38:20.486  2479  2479 I am_on_resume_called: [0,com.android.settings.Settings]
11-14 20:38:20.586   650  1208 I am_create_service: [0,1113360736,.SearchPopulator,1000,2479]
11-14 20:38:20.636   650   867 I am_activity_launch_time: [0,1106726656,com.android.settings/.Settings,1372,1372]
11-14 20:38:20.686   650  1207 I am_destroy_service: [0,1113360736,2479]
11-14 20:38:20.846   179   179 I sf_frame_dur: [Starting com.android.settings,0,1,0,0,0,0,0]
11-14 20:38:26.876   650  1180 I wm_task_moved: [46,1,1]
11-14 20:38:26.876   650  1180 I wm_home_stack_moved: 0
11-14 20:38:26.876   650  1180 I am_create_activity: [0,1106738272,46,com.android.settings/.SubSettings,android.intent.action.MAIN,NULL,NULL,0]
11-14 20:38:26.886   650  1180 I am_pause_activity: [0,1106726656,com.android.settings/.Settings]
11-14 20:38:26.916  2479  2479 I am_on_paused_called: [0,com.android.settings.Settings]
11-14 20:38:26.916   650  1207 I am_restart_activity: [0,1106738272,46,com.android.settings/.SubSettings]
11-14 20:38:26.976  2479  2479 I am_on_resume_called: [0,com.android.settings.SubSettings]
11-14 20:38:27.026   650   867 I dvm_lock_sample: [system_server,1,WindowManager,17,WindowManagerService.java,7276,-,2909,3]
11-14 20:38:27.046   650   867 I am_activity_launch_time: [0,1106738272,com.android.settings/.SubSettings,130,130]
11-14 20:38:27.386   179   179 I sf_frame_dur: [com.android.settings/com.android.settings.Settings,104,7,4,1,1,1,2]
11-14 20:38:27.646   650  1180 I am_finish_activity: [0,1106738272,46,com.android.settings/.SubSettings,app-request]
11-14 20:38:27.656   650  1180 I am_pause_activity: [0,1106738272,com.android.settings/.SubSettings]
11-14 20:38:27.656  2479  2479 I am_on_paused_called: [0,com.android.settings.SubSettings]
11-14 20:38:27.656   650   668 I am_resume_activity: [0,1106726656,46,com.android.settings/.Settings]
11-14 20:38:27.666  2479  2479 I am_on_resume_called: [0,com.android.settings.Settings]
11-14 20:38:28.096   650   870 I am_destroy_activity: [0,1106738272,46,com.android.settings/.SubSettings,finish-imm]
11-14 20:38:28.106   179   179 I sf_frame_dur: [com.android.settings/com.android.settings.SubSettings,1,0,0,0,1,0,0]
11-14 20:38:30.606   650   668 I am_finish_activity: [0,1106726656,46,com.android.settings/.Settings,app-request]
11-14 20:38:30.606   650   668 I wm_home_stack_moved: 1
11-14 20:38:30.606   650   668 I wm_task_moved: [1,1,1]
11-14 20:38:30.606   650   668 I wm_home_stack_moved: 1
11-14 20:38:30.646   650   668 I am_pause_activity: [0,1106726656,com.android.settings/.Settings]
11-14 20:38:30.656  2479  2479 I am_on_paused_called: [0,com.android.settings.Settings]
11-14 20:38:30.656   650  1258 I am_resume_activity: [0,1108979816,1,com.cyanogenmod.trebuchet/org.cyanogenmod.trebuchet.CustomHomeLauncher]
11-14 20:38:30.676  1183  1183 I am_on_resume_called: [0,org.cyanogenmod.trebuchet.CustomHomeLauncher]
11-14 20:38:31.166   650   870 I am_destroy_activity: [0,1106726656,46,com.android.settings/.Settings,finish-imm]
11-14 20:38:31.176   179   179 I sf_frame_dur: [com.android.settings/com.android.settings.Settings,6,1,0,0,0,0,1]
11-14 20:38:31.876   650  1180 I am_create_task: [0,47]
11-14 20:38:31.876   650  1180 I am_create_activity: [0,1106625344,47,com.android.settings/.Settings,android.intent.action.MAIN,NULL,NULL,270532608]
11-14 20:38:31.876   650  1180 I wm_task_created: [47,2]
11-14 20:38:31.876   650  1180 I wm_task_moved: [47,1,2]
11-14 20:38:31.876   650  1180 I wm_home_stack_moved: 0
11-14 20:38:31.906   650  1180 I am_pause_activity: [0,1108979816,com.cyanogenmod.trebuchet/org.cyanogenmod.trebuchet.CustomHomeLauncher]
11-14 20:38:31.916  1183  1183 I am_on_paused_called: [0,org.cyanogenmod.trebuchet.CustomHomeLauncher]
11-14 20:38:31.916   650  1207 I am_restart_activity: [0,1106625344,47,com.android.settings/.Settings]
11-14 20:38:32.276   179   179 I sf_frame_dur: [com.cyanogenmod.trebuchet/org.cyanogenmod.trebuchet.CustomHomeLauncher,0,0,0,0,0,0,1]
11-14 20:38:33.206   650  1207 I wm_task_removed: [46,removeTask]
11-14 20:38:33.206   650  1207 I wm_task_removed: [46,removeAppToken: last token]
11-14 20:38:33.266  2479  2479 I am_on_resume_called: [0,com.android.settings.Settings]
11-14 20:38:33.356   650  1180 I am_create_service: [0,1110486680,.SearchPopulator,1000,2479]
11-14 20:38:33.406   650   867 I am_activity_launch_time: [0,1106625344,com.android.settings/.Settings,1486,1486]
11-14 20:38:33.456   650  1208 I am_destroy_service: [0,1110486680,2479]
11-14 20:38:33.616   179   179 I sf_frame_dur: [Starting com.android.settings,1,0,0,0,0,0,0]
11-14 20:38:34.716  3894  4024 I dvm_lock_sample: [uiautomator,0,UiAutomatorHandlerThread,103,QueryController.java,61,-,149,20]
11-14 20:38:40.066   650   898 I wm_task_moved: [47,1,1]
11-14 20:38:40.066   650   898 I wm_home_stack_moved: 0
11-14 20:38:40.076   650   898 I am_create_activity: [0,1106738272,47,com.android.settings/.SubSettings,android.intent.action.MAIN,NULL,NULL,0]
11-14 20:38:40.076   650   898 I am_pause_activity: [0,1106625344,com.android.settings/.Settings]
11-14 20:38:40.136  2479  2479 I am_on_paused_called: [0,com.android.settings.Settings]
11-14 20:38:40.136   650   897 I am_restart_activity: [0,1106738272,47,com.android.settings/.SubSettings]
11-14 20:38:40.206  2479  2479 I am_on_resume_called: [0,com.android.settings.SubSettings]
11-14 20:38:40.276   650   867 I am_activity_launch_time: [0,1106738272,com.android.settings/.SubSettings,135,135]
11-14 20:38:40.606   179   179 I sf_frame_dur: [com.android.settings/com.android.settings.Settings,101,9,3,0,3,1,2]
11-14 20:38:40.866   650   667 I am_finish_activity: [0,1106738272,47,com.android.settings/.SubSettings,app-request]
11-14 20:38:40.866   650   667 I am_pause_activity: [0,1106738272,com.android.settings/.SubSettings]
11-14 20:38:40.866  2479  2479 I am_on_paused_called: [0,com.android.settings.SubSettings]
11-14 20:38:40.876   650  1343 I am_resume_activity: [0,1106625344,47,com.android.settings/.Settings]
11-14 20:38:40.886  2479  2479 I am_on_resume_called: [0,com.android.settings.Settings]
11-14 20:38:41.316   650   870 I am_destroy_activity: [0,1106738272,47,com.android.settings/.SubSettings,finish-imm]
11-14 20:38:41.326   179   179 I sf_frame_dur: [com.android.settings/com.android.settings.SubSettings,1,0,0,0,1,0,0]
11-14 20:38:43.686   650   668 I am_finish_activity: [0,1106625344,47,com.android.settings/.Settings,app-request]
11-14 20:38:43.686   650   668 I wm_home_stack_moved: 1
11-14 20:38:43.686   650   668 I wm_task_moved: [1,1,1]
11-14 20:38:43.686   650   668 I wm_home_stack_moved: 1
11-14 20:38:43.726   650   668 I am_pause_activity: [0,1106625344,com.android.settings/.Settings]
11-14 20:38:43.736  2479  2479 I am_on_paused_called: [0,com.android.settings.Settings]
11-14 20:38:43.736   650  1182 I am_resume_activity: [0,1108979816,1,com.cyanogenmod.trebuchet/org.cyanogenmod.trebuchet.CustomHomeLauncher]
11-14 20:38:43.746  1183  1183 I am_on_resume_called: [0,org.cyanogenmod.trebuchet.CustomHomeLauncher]
11-14 20:38:44.206   650   870 I am_destroy_activity: [0,1106625344,47,com.android.settings/.Settings,finish-imm]
11-14 20:38:44.226   179   179 I sf_frame_dur: [com.android.settings/com.android.settings.Settings,4,1,0,0,0,0,1]
11-14 20:38:44.956   650   898 I am_create_task: [0,48]
11-14 20:38:44.956   650   898 I am_create_activity: [0,1106726656,48,com.android.settings/.Settings,android.intent.action.MAIN,NULL,NULL,270532608]
11-14 20:38:44.956   650   898 I wm_task_created: [48,2]
11-14 20:38:44.956   650   898 I wm_task_moved: [48,1,2]
11-14 20:38:44.956   650   898 I wm_home_stack_moved: 0
11-14 20:38:44.986   650   898 I am_pause_activity: [0,1108979816,com.cyanogenmod.trebuchet/org.cyanogenmod.trebuchet.CustomHomeLauncher]
11-14 20:38:45.006  1183  1183 I am_on_paused_called: [0,org.cyanogenmod.trebuchet.CustomHomeLauncher]
11-14 20:38:45.006   650   667 I am_restart_activity: [0,1106726656,48,com.android.settings/.Settings]
11-14 20:38:45.376   179   179 I sf_frame_dur: [com.cyanogenmod.trebuchet/org.cyanogenmod.trebuchet.CustomHomeLauncher,0,0,0,0,0,0,1]
11-14 20:38:46.456   650  1208 I wm_task_removed: [47,removeTask]
11-14 20:38:46.456   650  1208 I wm_task_removed: [47,removeAppToken: last token]
11-14 20:38:46.506  2479  2479 I am_on_resume_called: [0,com.android.settings.Settings]
11-14 20:38:46.536   650   867 I dvm_lock_sample: [system_server,1,WindowManager,15,WindowManagerService.java,7276,-,2909,3]
11-14 20:38:46.616   650  1343 I am_create_service: [0,1111082832,.SearchPopulator,1000,2479]
11-14 20:38:46.686   650   867 I am_activity_launch_time: [0,1106726656,com.android.settings/.Settings,1684,1684]
11-14 20:38:46.736   650   898 I am_destroy_service: [0,1111082832,2479]
11-14 20:38:46.906   179   179 I sf_frame_dur: [Starting com.android.settings,1,0,0,0,0,0,0]
11-14 20:38:52.686   650   667 I wm_task_moved: [48,1,1]
11-14 20:38:52.686   650   667 I wm_home_stack_moved: 0
11-14 20:38:52.686   650   667 I am_create_activity: [0,1106738272,48,com.android.settings/.SubSettings,android.intent.action.MAIN,NULL,NULL,0]
11-14 20:38:52.696   650   667 I am_pause_activity: [0,1106726656,com.android.settings/.Settings]
11-14 20:38:52.716  2479  2479 I am_on_paused_called: [0,com.android.settings.Settings]
11-14 20:38:52.726   650  1207 I am_restart_activity: [0,1106738272,48,com.android.settings/.SubSettings]
11-14 20:38:52.796  2479  2479 I am_on_resume_called: [0,com.android.settings.SubSettings]
11-14 20:38:52.896   650   867 I am_activity_launch_time: [0,1106738272,com.android.settings/.SubSettings,172,172]
11-14 20:38:53.246   179   179 I sf_frame_dur: [com.android.settings/com.android.settings.Settings,104,9,2,0,2,3,2]
11-14 20:38:53.456   650  1180 I am_finish_activity: [0,1106738272,48,com.android.settings/.SubSettings,app-request]
11-14 20:38:53.456   650  1180 I am_pause_activity: [0,1106738272,com.android.settings/.SubSettings]
11-14 20:38:53.466  2479  2479 I am_on_paused_called: [0,com.android.settings.SubSettings]
11-14 20:38:53.466   650   897 I am_resume_activity: [0,1106726656,48,com.android.settings/.Settings]
11-14 20:38:53.476  2479  2479 I am_on_resume_called: [0,com.android.settings.Settings]
11-14 20:38:53.886   650   870 I am_destroy_activity: [0,1106738272,48,com.android.settings/.SubSettings,finish-imm]
11-14 20:38:53.896   179   179 I sf_frame_dur: [com.android.settings/com.android.settings.SubSettings,0,2,0,0,0,0,0]
11-14 20:38:56.666   650  1208 I am_finish_activity: [0,1106726656,48,com.android.settings/.Settings,app-request]
11-14 20:38:56.666   650  1208 I wm_home_stack_moved: 1
11-14 20:38:56.666   650  1208 I wm_task_moved: [1,1,1]
11-14 20:38:56.666   650  1208 I wm_home_stack_moved: 1
11-14 20:38:56.716   650  1208 I am_pause_activity: [0,1106726656,com.android.settings/.Settings]
11-14 20:38:56.726  2479  2479 I am_on_paused_called: [0,com.android.settings.Settings]
11-14 20:38:56.726   650   897 I am_resume_activity: [0,1108979816,1,com.cyanogenmod.trebuchet/org.cyanogenmod.trebuchet.CustomHomeLauncher]
11-14 20:38:56.736  1183  1183 I am_on_resume_called: [0,org.cyanogenmod.trebuchet.CustomHomeLauncher]
11-14 20:38:57.196   650   870 I am_destroy_activity: [0,1106726656,48,com.android.settings/.Settings,finish-imm]
11-14 20:38:57.206   179   179 I sf_frame_dur: [com.android.settings/com.android.settings.Settings,6,0,0,0,0,0,2]
11-14 20:38:57.936   650  1343 I am_create_task: [0,49]
11-14 20:38:57.936   650  1343 I am_create_activity: [0,1106625344,49,com.android.settings/.Settings,android.intent.action.MAIN,NULL,NULL,270532608]
11-14 20:38:57.936   650  1343 I wm_task_created: [49,2]
11-14 20:38:57.936   650  1343 I wm_task_moved: [49,1,2]
11-14 20:38:57.936   650  1343 I wm_home_stack_moved: 0
11-14 20:38:57.986   650  1343 I am_pause_activity: [0,1108979816,com.cyanogenmod.trebuchet/org.cyanogenmod.trebuchet.CustomHomeLauncher]
11-14 20:38:58.006  1183  1183 I am_on_paused_called: [0,org.cyanogenmod.trebuchet.CustomHomeLauncher]
11-14 20:38:58.016   650   897 I am_restart_activity: [0,1106625344,49,com.android.settings/.Settings]
11-14 20:38:58.346   179   179 I sf_frame_dur: [com.cyanogenmod.trebuchet/org.cyanogenmod.trebuchet.CustomHomeLauncher,0,0,0,0,0,0,1]
11-14 20:38:59.566   650  1207 I wm_task_removed: [48,removeTask]
11-14 20:38:59.566   650  1207 I wm_task_removed: [48,removeAppToken: last token]
11-14 20:38:59.606  2479  2479 I am_on_resume_called: [0,com.android.settings.Settings]
11-14 20:38:59.686   650  1258 I am_create_service: [0,1113318624,.SearchPopulator,1000,2479]
11-14 20:38:59.736   650   867 I am_activity_launch_time: [0,1106625344,com.android.settings/.Settings,1722,1722]
11-14 20:38:59.786   650   668 I am_destroy_service: [0,1113318624,2479]
11-14 20:38:59.956   179   179 I sf_frame_dur: [Starting com.android.settings,0,1,0,0,0,0,0]
11-14 20:39:05.726   650   668 I wm_task_moved: [49,1,1]
11-14 20:39:05.726   650   668 I wm_home_stack_moved: 0
11-14 20:39:05.726   650   668 I am_create_activity: [0,1106738272,49,com.android.settings/.SubSettings,android.intent.action.MAIN,NULL,NULL,0]
11-14 20:39:05.726   650   668 I am_pause_activity: [0,1106625344,com.android.settings/.Settings]
11-14 20:39:05.756  2479  2479 I am_on_paused_called: [0,com.android.settings.Settings]
11-14 20:39:05.756   650  1208 I am_restart_activity: [0,1106738272,49,com.android.settings/.SubSettings]
11-14 20:39:05.826  2479  2479 I am_on_resume_called: [0,com.android.settings.SubSettings]
11-14 20:39:05.886   650   867 I am_activity_launch_time: [0,1106738272,com.android.settings/.SubSettings,133,133]
11-14 20:39:06.246   179   179 I sf_frame_dur: [com.android.settings/com.android.settings.Settings,109,7,4,0,2,2,1]
11-14 20:39:06.476   650  1258 I am_finish_activity: [0,1106738272,49,com.android.settings/.SubSettings,app-request]
11-14 20:39:06.476   650  1258 I am_pause_activity: [0,1106738272,com.android.settings/.SubSettings]
11-14 20:39:06.486  2479  2479 I am_on_paused_called: [0,com.android.settings.SubSettings]
11-14 20:39:06.486   650  1182 I am_resume_activity: [0,1106625344,49,com.android.settings/.Settings]
11-14 20:39:06.496  2479  2479 I am_on_resume_called: [0,com.android.settings.Settings]
11-14 20:39:06.916   650   870 I am_destroy_activity: [0,1106738272,49,com.android.settings/.SubSettings,finish-imm]
11-14 20:39:06.926   179   179 I sf_frame_dur: [com.android.settings/com.android.settings.SubSettings,0,1,0,0,1,0,0]
11-14 20:39:09.556   650   667 I am_finish_activity: [0,1106625344,49,com.android.settings/.Settings,app-request]
11-14 20:39:09.556   650   667 I wm_home_stack_moved: 1
11-14 20:39:09.556   650   667 I wm_task_moved: [1,1,1]
11-14 20:39:09.556   650   667 I wm_home_stack_moved: 1
11-14 20:39:09.596   650   667 I am_pause_activity: [0,1106625344,com.android.settings/.Settings]
11-14 20:39:09.596  2479  2479 I am_on_paused_called: [0,com.android.settings.Settings]
11-14 20:39:09.606   650  1207 I am_resume_activity: [0,1108979816,1,com.cyanogenmod.trebuchet/org.cyanogenmod.trebuchet.CustomHomeLauncher]
11-14 20:39:09.616  1183  1183 I am_on_resume_called: [0,org.cyanogenmod.trebuchet.CustomHomeLauncher]
11-14 20:39:10.076   650   870 I am_destroy_activity: [0,1106625344,49,com.android.settings/.Settings,finish-imm]
11-14 20:39:10.096   179   179 I sf_frame_dur: [com.android.settings/com.android.settings.Settings,3,1,0,0,0,0,1]
11-14 20:39:10.796   650   668 I am_create_task: [0,50]
11-14 20:39:10.796   650   668 I am_create_activity: [0,1106726656,50,com.android.settings/.Settings,android.intent.action.MAIN,NULL,NULL,270532608]
11-14 20:39:10.796   650   668 I wm_task_created: [50,2]
11-14 20:39:10.796   650   668 I wm_task_moved: [50,1,2]
11-14 20:39:10.796   650   668 I wm_home_stack_moved: 0
11-14 20:39:10.836   650   668 I am_pause_activity: [0,1108979816,com.cyanogenmod.trebuchet/org.cyanogenmod.trebuchet.CustomHomeLauncher]
11-14 20:39:10.846  1183  1183 I am_on_paused_called: [0,org.cyanogenmod.trebuchet.CustomHomeLauncher]
11-14 20:39:10.846   650  1343 I am_restart_activity: [0,1106726656,50,com.android.settings/.Settings]
11-14 20:39:11.196   179   179 I sf_frame_dur: [com.cyanogenmod.trebuchet/org.cyanogenmod.trebuchet.CustomHomeLauncher,0,0,0,0,0,0,1]
11-14 20:39:11.986   650  1343 I wm_task_removed: [49,removeTask]
11-14 20:39:11.986   650  1343 I wm_task_removed: [49,removeAppToken: last token]
11-14 20:39:12.036  2479  2479 I am_on_resume_called: [0,com.android.settings.Settings]
11-14 20:39:12.136   650  1207 I am_create_service: [0,1111033688,.SearchPopulator,1000,2479]
11-14 20:39:12.186   650   867 I am_activity_launch_time: [0,1106726656,com.android.settings/.Settings,1341,1341]
11-14 20:39:12.236   650   667 I am_destroy_service: [0,1111033688,2479]
11-14 20:39:12.396   179   179 I sf_frame_dur: [Starting com.android.settings,0,1,0,0,0,0,0]
11-14 20:39:18.196   650   897 I wm_task_moved: [50,1,1]
11-14 20:39:18.196   650   897 I wm_home_stack_moved: 0
11-14 20:39:18.196   650   897 I am_create_activity: [0,1106738272,50,com.android.settings/.SubSettings,android.intent.action.MAIN,NULL,NULL,0]
11-14 20:39:18.206   650   897 I am_pause_activity: [0,1106726656,com.android.settings/.Settings]
11-14 20:39:18.246  2479  2479 I am_on_paused_called: [0,com.android.settings.Settings]
11-14 20:39:18.246   650  1258 I am_restart_activity: [0,1106738272,50,com.android.settings/.SubSettings]
11-14 20:39:18.326  2479  2479 I am_on_resume_called: [0,com.android.settings.SubSettings]
11-14 20:39:18.386   650   867 I am_activity_launch_time: [0,1106738272,com.android.settings/.SubSettings,134,134]
11-14 20:39:18.746   179   179 I sf_frame_dur: [com.android.settings/com.android.settings.Settings,104,9,1,1,1,4,1]
11-14 20:39:18.976   650  1208 I am_finish_activity: [0,1106738272,50,com.android.settings/.SubSettings,app-request]
11-14 20:39:18.976   650  1208 I am_pause_activity: [0,1106738272,com.android.settings/.SubSettings]
11-14 20:39:18.986  2479  2479 I am_on_paused_called: [0,com.android.settings.SubSettings]
11-14 20:39:18.986   650  1207 I am_resume_activity: [0,1106726656,50,com.android.settings/.Settings]
11-14 20:39:19.006  2479  2479 I am_on_resume_called: [0,com.android.settings.Settings]
11-14 20:39:19.446   650   870 I am_destroy_activity: [0,1106738272,50,com.android.settings/.SubSettings,finish-imm]
11-14 20:39:19.466   179   179 I sf_frame_dur: [com.android.settings/com.android.settings.SubSettings,2,0,0,0,1,0,0]
11-14 20:39:22.506   650  1180 I am_finish_activity: [0,1106726656,50,com.android.settings/.Settings,app-request]
11-14 20:39:22.506   650  1180 I wm_home_stack_moved: 1
11-14 20:39:22.506   650  1180 I wm_task_moved: [1,1,1]
11-14 20:39:22.506   650  1180 I wm_home_stack_moved: 1
11-14 20:39:22.556   650  1180 I am_pause_activity: [0,1106726656,com.android.settings/.Settings]
11-14 20:39:22.566  2479  2479 I am_on_paused_called: [0,com.android.settings.Settings]
11-14 20:39:22.566   650   897 I am_resume_activity: [0,1108979816,1,com.cyanogenmod.trebuchet/org.cyanogenmod.trebuchet.CustomHomeLauncher]
11-14 20:39:22.586  1183  1183 I am_on_resume_called: [0,org.cyanogenmod.trebuchet.CustomHomeLauncher]
11-14 20:39:23.046   650   870 I am_destroy_activity: [0,1106726656,50,com.android.settings/.Settings,finish-imm]
11-14 20:39:23.076   179   179 I sf_frame_dur: [com.android.settings/com.android.settings.Settings,5,1,0,0,0,0,1]
11-14 20:39:23.766   650  1182 I am_create_task: [0,51]
11-14 20:39:23.766   650  1182 I am_create_activity: [0,1106625344,51,com.android.settings/.Settings,android.intent.action.MAIN,NULL,NULL,270532608]
11-14 20:39:23.766   650  1182 I wm_task_created: [51,2]
11-14 20:39:23.766   650  1182 I wm_task_moved: [51,1,2]
11-14 20:39:23.766   650  1182 I wm_home_stack_moved: 0
11-14 20:39:23.806   650  1182 I am_pause_activity: [0,1108979816,com.cyanogenmod.trebuchet/org.cyanogenmod.trebuchet.CustomHomeLauncher]
