11-14 20:28:17.891   650   650 D MobileDataStateTracker: default: Received state=DISCONNECTED, old=DISCONNECTED, reason=roamingOff
11-14 20:28:17.891   650   650 D MobileDataStateTracker: mms: Broadcast received: android.intent.action.ANY_DATA_STATE apnType=mms
11-14 20:28:17.891   650   650 D MobileDataStateTracker: mms: Received state=DISCONNECTED, old=DISCONNECTED, reason=roamingOff
11-14 20:28:17.901   650   650 D MobileDataStateTracker: cbs: Broadcast received: android.intent.action.ANY_DATA_STATE apnType=cbs
11-14 20:28:17.901   650   650 D MobileDataStateTracker: cbs: Received state=DISCONNECTED, old=DISCONNECTED, reason=roamingOff
11-14 20:28:17.921   987   987 V KeyguardTouchDelegate: Connected to keyguard
11-14 20:28:18.021  1320  1320 W ContextImpl: Calling a method in the system process without a qualified user: android.app.ContextImpl.bindService:1607 android.content.ContextWrapper.bindService:517 android.bluetooth.BluetoothInputDevice.doBind:256 android.bluetooth.BluetoothInputDevice.<init>:249 android.bluetooth.BluetoothAdapter.getProfileProxy:1375 
11-14 20:28:18.051  1320  1320 W ContextImpl: Calling a method in the system process without a qualified user: android.app.ContextImpl.bindService:1607 android.content.ContextWrapper.bindService:517 android.bluetooth.BluetoothPan.doBind:148 android.bluetooth.BluetoothPan.<init>:141 android.bluetooth.BluetoothAdapter.getProfileProxy:1378 
11-14 20:28:18.061  1320  1320 W ContextImpl: Calling a method in the system process without a qualified user: android.app.ContextImpl.bindService:1607 android.content.ContextWrapper.bindService:517 android.bluetooth.BluetoothMap.doBind:109 android.bluetooth.BluetoothMap.<init>:102 android.bluetooth.BluetoothAdapter.getProfileProxy:1390 
11-14 20:28:18.061  1320  1320 W ContextImpl: Calling a method in the system process without a qualified user: android.app.ContextImpl.bindService:1607 android.content.ContextWrapper.bindService:517 android.bluetooth.BluetoothPbap.doBind:164 android.bluetooth.BluetoothPbap.<init>:157 com.android.settings.bluetooth.PbapServerProfile.<init>:68 
11-14 20:28:18.331   650   650 D MobileDataStateTracker: fota: Broadcast received: android.intent.action.ANY_DATA_STATE apnType=fota
11-14 20:28:18.341   650   650 D MobileDataStateTracker: fota: Received state=DISCONNECTED, old=DISCONNECTED, reason=dataDetached
11-14 20:28:18.341   650   650 D MobileDataStateTracker: dun: Broadcast received: android.intent.action.ANY_DATA_STATE apnType=dun
11-14 20:28:18.341   650   650 D MobileDataStateTracker: dun: Received state=DISCONNECTED, old=DISCONNECTED, reason=dataDetached
11-14 20:28:18.341   650   650 D MobileDataStateTracker: ia: Broadcast received: android.intent.action.ANY_DATA_STATE apnType=ia
11-14 20:28:18.341   650   650 D MobileDataStateTracker: ia: Received state=DISCONNECTED, old=DISCONNECTED, reason=dataDetached
11-14 20:28:18.341   650   650 D MobileDataStateTracker: supl: Broadcast received: android.intent.action.ANY_DATA_STATE apnType=supl
11-14 20:28:18.341   650   650 D MobileDataStateTracker: supl: Received state=DISCONNECTED, old=DISCONNECTED, reason=dataDetached
11-14 20:28:18.351   650   650 D MobileDataStateTracker: hipri: Broadcast received: android.intent.action.ANY_DATA_STATE apnType=hipri
11-14 20:28:18.351   650   650 D MobileDataStateTracker: hipri: Received state=DISCONNECTED, old=DISCONNECTED, reason=dataDetached
11-14 20:28:18.351   650   650 D MobileDataStateTracker: ims: Broadcast received: android.intent.action.ANY_DATA_STATE apnType=ims
11-14 20:28:18.351   650   650 D MobileDataStateTracker: ims: Received state=DISCONNECTED, old=DISCONNECTED, reason=dataDetached
11-14 20:28:18.351   650   650 D MobileDataStateTracker: default: Broadcast received: android.intent.action.ANY_DATA_STATE apnType=default
11-14 20:28:18.361   650   650 D MobileDataStateTracker: default: Received state=DISCONNECTED, old=DISCONNECTED, reason=dataDetached
11-14 20:28:18.361   650   650 D MobileDataStateTracker: mms: Broadcast received: android.intent.action.ANY_DATA_STATE apnType=mms
11-14 20:28:18.361   650   650 D MobileDataStateTracker: mms: Received state=DISCONNECTED, old=DISCONNECTED, reason=dataDetached
11-14 20:28:18.361   650   650 D MobileDataStateTracker: cbs: Broadcast received: android.intent.action.ANY_DATA_STATE apnType=cbs
11-14 20:28:18.361   650   650 D MobileDataStateTracker: cbs: Received state=DISCONNECTED, old=DISCONNECTED, reason=dataDetached
11-14 20:28:18.361   650   650 D MobileDataStateTracker: fota: Broadcast received: android.intent.action.ANY_DATA_STATE apnType=fota
11-14 20:28:18.371   650   650 D MobileDataStateTracker: fota: Received state=DISCONNECTED, old=DISCONNECTED, reason=roamingOff
11-14 20:28:18.371   650   650 D MobileDataStateTracker: dun: Broadcast received: android.intent.action.ANY_DATA_STATE apnType=dun
11-14 20:28:18.371   650   650 D MobileDataStateTracker: dun: Received state=DISCONNECTED, old=DISCONNECTED, reason=roamingOff
11-14 20:28:18.371   650   650 D MobileDataStateTracker: ia: Broadcast received: android.intent.action.ANY_DATA_STATE apnType=ia
11-14 20:28:18.371   650   650 D MobileDataStateTracker: ia: Received state=DISCONNECTED, old=DISCONNECTED, reason=roamingOff
11-14 20:28:18.371   650   650 D MobileDataStateTracker: supl: Broadcast received: android.intent.action.ANY_DATA_STATE apnType=supl
11-14 20:28:18.381   650   650 D MobileDataStateTracker: supl: Received state=DISCONNECTED, old=DISCONNECTED, reason=roamingOff
11-14 20:28:18.381   650   650 D MobileDataStateTracker: hipri: Broadcast received: android.intent.action.ANY_DATA_STATE apnType=hipri
11-14 20:28:18.381   650   650 D MobileDataStateTracker: hipri: Received state=DISCONNECTED, old=DISCONNECTED, reason=roamingOff
11-14 20:28:18.381   650   650 D MobileDataStateTracker: ims: Broadcast received: android.intent.action.ANY_DATA_STATE apnType=ims
11-14 20:28:18.381   650   650 D MobileDataStateTracker: ims: Received state=DISCONNECTED, old=DISCONNECTED, reason=roamingOff
11-14 20:28:18.381   650   650 D MobileDataStateTracker: default: Broadcast received: android.intent.action.ANY_DATA_STATE apnType=default
11-14 20:28:18.391   650   650 D MobileDataStateTracker: default: Received state=DISCONNECTED, old=DISCONNECTED, reason=roamingOff
11-14 20:28:18.391   650   650 D MobileDataStateTracker: mms: Broadcast received: android.intent.action.ANY_DATA_STATE apnType=mms
11-14 20:28:18.401   650   650 D MobileDataStateTracker: mms: Received state=DISCONNECTED, old=DISCONNECTED, reason=roamingOff
11-14 20:28:18.401   650   650 D MobileDataStateTracker: cbs: Broadcast received: android.intent.action.ANY_DATA_STATE apnType=cbs
11-14 20:28:18.401   650   650 D MobileDataStateTracker: cbs: Received state=DISCONNECTED, old=DISCONNECTED, reason=roamingOff
11-14 20:28:18.401   650   650 D MobileDataStateTracker: fota: Broadcast received: android.intent.action.ANY_DATA_STATE apnType=fota
11-14 20:28:18.401   650   650 D MobileDataStateTracker: fota: Received state=DISCONNECTED, old=DISCONNECTED, reason=roamingOff
11-14 20:28:18.401   650   650 D MobileDataStateTracker: dun: Broadcast received: android.intent.action.ANY_DATA_STATE apnType=dun
11-14 20:28:18.401   650   650 D MobileDataStateTracker: dun: Received state=DISCONNECTED, old=DISCONNECTED, reason=roamingOff
11-14 20:28:18.401   650   650 D MobileDataStateTracker: ia: Broadcast received: android.intent.action.ANY_DATA_STATE apnType=ia
11-14 20:28:18.411   650   650 D MobileDataStateTracker: ia: Received state=DISCONNECTED, old=DISCONNECTED, reason=roamingOff
11-14 20:28:18.411   650   650 D MobileDataStateTracker: supl: Broadcast received: android.intent.action.ANY_DATA_STATE apnType=supl
11-14 20:28:18.411   650   650 D MobileDataStateTracker: supl: Received state=DISCONNECTED, old=DISCONNECTED, reason=roamingOff
11-14 20:28:18.411   650   650 D MobileDataStateTracker: hipri: Broadcast received: android.intent.action.ANY_DATA_STATE apnType=hipri
11-14 20:28:18.421   650   650 D MobileDataStateTracker: hipri: Received state=DISCONNECTED, old=DISCONNECTED, reason=roamingOff
11-14 20:28:18.421   650   650 D MobileDataStateTracker: ims: Broadcast received: android.intent.action.ANY_DATA_STATE apnType=ims
11-14 20:28:18.421   650   650 D MobileDataStateTracker: ims: Received state=DISCONNECTED, old=DISCONNECTED, reason=roamingOff
11-14 20:28:18.421   650   650 D MobileDataStateTracker: default: Broadcast received: android.intent.action.ANY_DATA_STATE apnType=default
11-14 20:28:18.421   650   650 D MobileDataStateTracker: default: Received state=DISCONNECTED, old=DISCONNECTED, reason=roamingOff
11-14 20:28:18.421   650   650 D MobileDataStateTracker: mms: Broadcast received: android.intent.action.ANY_DATA_STATE apnType=mms
11-14 20:28:18.431   650   650 D MobileDataStateTracker: mms: Received state=DISCONNECTED, old=DISCONNECTED, reason=roamingOff
11-14 20:28:18.431   650   650 D MobileDataStateTracker: cbs: Broadcast received: android.intent.action.ANY_DATA_STATE apnType=cbs
11-14 20:28:18.431   650   650 D MobileDataStateTracker: cbs: Received state=DISCONNECTED, old=DISCONNECTED, reason=roamingOff
11-14 20:28:18.511  1123  1123 D MccTable: updateMccMncConfiguration: mcc=460, mnc=1
11-14 20:28:18.511  1123  1123 D MccTable: getLocaleFromMcc to zh_cn mcc=460
11-14 20:28:18.511  1123  1123 D MccTable: getLocaleForLanguageCountry: skipping already persisted
11-14 20:28:18.511  1123  1123 D MccTable: getLocaleForLanguageCountry: X locale=null
11-14 20:28:18.511  1123  1123 D MccTable: updateMccMncConfiguration updateConfig config={1.0 460mcc1mnc ?locale ?layoutDir ?swdp ?wdp ?hdp ?density ?lsize ?long ?orien ?uimode ?night ?touch ?keyb/?/? ?nav/? themeResource=null}
11-14 20:28:18.511   650   897 I ActivityManager: Config changes=3 {1.0 460mcc1mnc en_US ldltr sw360dp w360dp h567dp 480dpi nrml port finger -keyb/v/h -nav/h s.5 themeResource=null}
11-14 20:28:18.581   650   870 I ActivityManager: Start proc com.cyanogenmod.lockclock for broadcast com.cyanogenmod.lockclock/.ClockWidgetProvider: pid=1458 uid=10043 gids={50043, 3003}
11-14 20:28:18.711   650  1258 I ActivityManager: Start proc com.android.mms for broadcast com.android.mms/.widget.MmsWidgetProvider: pid=1476 uid=10010 gids={50010, 3003, 1028, 1015}
11-14 20:28:18.881   650  1208 D CountryDetector: The first listener is added
11-14 20:28:19.371   650  1258 W ContextImpl: Calling a method in the system process without a qualified user: android.app.ContextImpl.sendStickyBroadcast:1345 com.android.internal.policy.impl.keyguard.KeyguardServiceDelegate.sendStateChangeBroadcast:126 com.android.internal.policy.impl.keyguard.KeyguardServiceDelegate.onBootCompleted:337 com.android.internal.policy.impl.PhoneWindowManager.systemBooted:5685 com.android.server.wm.WindowManagerService.enableScreenAfterBoot:5402 
11-14 20:28:19.761   650   867 I WindowManager: Screen frozen for +1s250ms due to Window{4236e6c8 u0 NavigationBar}
11-14 20:28:20.361   650   897 W BackupManagerService: dataChanged but no participant pkg='com.android.providers.settings' uid=10009
11-14 20:28:20.491   650  1180 I ActivityManager: Start proc com.android.deskclock for broadcast com.android.deskclock/.AlarmInitReceiver: pid=1646 uid=10032 gids={50032, 1028, 3003}
11-14 20:28:20.701   650   668 I ActivityManager: Start proc com.android.dialer for broadcast com.android.dialer/.calllog.CallLogReceiver: pid=1674 uid=10006 gids={50006, 3003, 1028, 1015, 1006, 3010, 3012}
11-14 20:28:20.801   650   903 I PowerManagerService: Boot animation finished.
11-14 20:28:20.801   650   650 V WiredAccessoryManager: notifyWiredAccessoryChanged: when=0 bits= mask=14
11-14 20:28:20.801   650   650 V WiredAccessoryManager: newName=h2w newState=0 headsetState=0 prev headsetState=0
11-14 20:28:20.801   650   650 V WiredAccessoryManager: init()
11-14 20:28:20.811   650   650 W ContextImpl: Calling a method in the system process without a qualified user: android.app.ContextImpl.bindService:1607 android.bluetooth.BluetoothHeadset.doBind:283 android.bluetooth.BluetoothHeadset.<init>:276 android.bluetooth.BluetoothAdapter.getProfileProxy:1369 android.media.AudioService.getBluetoothHeadset:2364 
11-14 20:28:20.811   650   650 W ContextImpl: Calling a method in the system process without a qualified user: android.app.ContextImpl.bindService:1607 android.bluetooth.BluetoothA2dp.doBind:165 android.bluetooth.BluetoothA2dp.<init>:158 android.bluetooth.BluetoothAdapter.getProfileProxy:1372 android.media.AudioService$AudioServiceBroadcastReceiver.onReceive:4388 
11-14 20:28:20.841   650   650 I ActivityManager: Start proc com.cyanogenmod.account for broadcast com.cyanogenmod.account/.receiver.BootReceiver: pid=1710 uid=10001 gids={50001, 3003, 1000}
11-14 20:28:20.851   650  1708 I BootReceiver: Copying /proc/last_kmsg to DropBox (SYSTEM_LAST_KMSG)
11-14 20:28:20.921   650  1708 I BootReceiver: Copying audit failures to DropBox
11-14 20:28:20.961   650  1708 I BootReceiver: Copied 404 worth of audits to DropBox
11-14 20:28:20.961   650  1708 I BootReceiver: Checking for fsck errors
11-14 20:28:21.021   650  1258 I ActivityManager: Start proc com.cyanogenmod.updater for broadcast com.cyanogenmod.updater/.receiver.UpdateCheckReceiver: pid=1754 uid=10002 gids={50002, 3003, 1028, 1015, 2001}
11-14 20:28:21.091   650   667 I ActivityManager: Start proc com.android.providers.calendar for broadcast com.android.providers.calendar/.CalendarReceiver: pid=1781 uid=10003 gids={50003, 3003, 1028, 1015}
11-14 20:28:21.321   650  1180 I ActivityManager: Start proc com.android.onetimeinitializer for broadcast com.android.onetimeinitializer/.OneTimeInitializerReceiver: pid=1810 uid=10011 gids={50011}
11-14 20:28:21.361   650  1180 I ActivityManager: Delay finish: com.android.onetimeinitializer/.OneTimeInitializerReceiver
11-14 20:28:21.371   650  1208 I ActivityManager: Resuming delayed broadcast
11-14 20:28:21.441   650   667 I ActivityManager: Start proc com.android.voicedialer for broadcast com.android.voicedialer/.VoiceDialerReceiver: pid=1827 uid=10017 gids={50017, 3002}
11-14 20:28:21.491   650   898 I ActivityManager: Start proc org.cyanogenmod.bugreport for broadcast org.cyanogenmod.bugreport/.PackageChangeReceiver: pid=1840 uid=2000 gids={42000, 3003, 1007, 3002, 1028, 1015, 1023, 3008}
11-14 20:28:21.541   650   668 I ActivityManager: Start proc com.android.calendar for broadcast com.android.calendar/.alerts.AlertReceiver: pid=1853 uid=10027 gids={50027, 1028, 3003}
11-14 20:28:21.601   650   667 I ActivityManager: Delay finish: com.android.calendar/.alerts.AlertReceiver
11-14 20:28:21.701   650  1207 I ActivityManager: Resuming delayed broadcast
11-14 20:28:21.711   650  1207 I ActivityManager: Start proc com.android.cellbroadcastreceiver for broadcast com.android.cellbroadcastreceiver/.CellBroadcastReceiver: pid=1873 uid=10029 gids={50029}
11-14 20:28:21.771   650   898 I ActivityManager: Start proc com.android.email for broadcast com.android.email/.service.EmailBroadcastReceiver: pid=1887 uid=10034 gids={50034, 3003, 1028, 1015}
11-14 20:28:21.901   650   897 I ActivityManager: Delay finish: com.android.email/.service.EmailBroadcastReceiver
11-14 20:28:21.981   650   668 W ActivityManager: Unable to start service Intent { cmp=com.android.email/.service.AttachmentDownloadService } U=0: not found
11-14 20:28:22.061   650   898 I ActivityManager: Delaying start of: ServiceRecord{423252f8 u0 com.android.exchange/.service.EmailSyncAdapterService}
11-14 20:28:22.071   650   668 I ActivityManager: Start proc com.android.exchange for service com.android.exchange/.service.EmailSyncAdapterService: pid=1925 uid=10035 gids={50035, 3003, 1028, 1015}
11-14 20:28:22.171   650  1343 I ActivityManager: Resuming delayed broadcast
11-14 20:28:22.171   650  1343 I ActivityManager: Start proc com.android.gallery3d for broadcast com.android.gallery3d/org.codeaurora.gallery3d.video.DmReceiver: pid=1947 uid=10037 gids={50037, 1006, 3003, 1028, 1015, 3002}
11-14 20:28:22.291   650  1208 I ActivityManager: Start proc com.lge.SprintHiddenMenu for broadcast com.lge.SprintHiddenMenu/.sprintspec.data.UaproflieSettingReceiver: pid=1962 uid=1000 gids={41000, 1028, 1015, 3002, 3001, 3003, 1006}
11-14 20:28:22.341   650  1343 I ActivityManager: Start proc org.cyanogenmod.voiceplus for broadcast org.cyanogenmod.voiceplus/.PackageChangeReceiver: pid=1977 uid=10061 gids={50061, 3003}
11-14 20:28:22.391   650  1182 I ActivityManager: Start proc org.whispersystems.whisperpush for broadcast org.whispersystems.whisperpush/.service.DirectoryRefreshListener: pid=1990 uid=10063 gids={50063, 3003}
11-14 20:28:22.391   650  1182 I ActivityManager: Killing 1228:android.process.acore/u0a4 (adj 15): empty #17
11-14 20:28:22.481   650  1208 I ActivityManager: Start proc com.qualcomm.qcrilmsgtunnel for broadcast com.qualcomm.qcrilmsgtunnel/.QcrilMsgTunnelAutoboot: pid=2010 uid=1001 gids={41001, 3002, 3001, 3003, 2001, 1028, 1015}
11-14 20:28:22.481   650  1208 I ActivityManager: Killing 1646:com.android.deskclock/u0a32 (adj 15): empty #17
11-14 20:28:22.481   650  1258 I ActivityManager: Killing 1674:com.android.dialer/u0a6 (adj 15): empty #17
11-14 20:28:22.481   650  1207 W ActivityManager: Unable to start service Intent { act=com.google.android.c2dm.intent.REGISTER pkg=com.google.android.gms (has extras) } U=0: not found
11-14 20:28:22.521   650   667 I ActivityManager: Delay finish: com.cyanogenmod.lockclock/.ClockWidgetProvider
11-14 20:28:22.541   650  1208 I ActivityManager: Resuming delayed broadcast
11-14 20:28:22.541   650  1182 I ActivityManager: Delay finish: com.cyanogenmod.lockclock/.ClockWidgetProvider
11-14 20:28:22.551   650  1207 I ActivityManager: Resuming delayed broadcast
11-14 20:28:22.561   650  1207 I ActivityManager: Start proc com.android.deskclock for broadcast com.android.deskclock/com.android.alarmclock.DigitalAppWidgetProvider: pid=2027 uid=10032 gids={50032, 1028, 3003}
11-14 20:28:22.601   650  1180 I ActivityManager: Delay finish: com.cyanogenmod.lockclock/.ClockWidgetProvider
11-14 20:28:22.621   650  1208 I ActivityManager: Resuming delayed broadcast
11-14 20:28:22.621   650   897 I ActivityManager: Killing 1710:com.cyanogenmod.account/u0a1 (adj 15): empty #17
11-14 20:28:22.621   650   668 I ActivityManager: Delay finish: com.cyanogenmod.lockclock/.ClockWidgetProvider
11-14 20:28:22.641   650  1343 I ActivityManager: Resuming delayed broadcast
11-14 20:28:22.641   650  1258 I ActivityManager: Delay finish: com.cyanogenmod.lockclock/.ClockWidgetProvider
11-14 20:28:22.661   650  1180 I ActivityManager: Resuming delayed broadcast
11-14 20:28:22.671   650  1180 I ActivityManager: Start proc com.cyanogenmod.account for broadcast com.cyanogenmod.account/.CMAccount$CMAccountAdminReceiver: pid=2043 uid=10001 gids={50001, 3003, 1000}
11-14 20:28:22.731   650   667 I ActivityManager: Delay finish: com.cyanogenmod.account/.CMAccount$CMAccountAdminReceiver
11-14 20:28:22.741   650  1182 I ActivityManager: Resuming delayed broadcast
11-14 20:28:22.741   650  1258 I ActivityManager: Killing 1754:com.cyanogenmod.updater/u0a2 (adj 15): empty #17
11-14 20:28:22.751   650   897 I ActivityManager: Delay finish: com.android.calendar/.widget.CalendarAppWidgetService$CalendarFactory
11-14 20:28:23.761  1123  1123 D MccTable: updateMccMncConfiguration: mcc=460, mnc=1
11-14 20:28:23.761  1123  1123 D MccTable: getLocaleFromMcc to zh_cn mcc=460
11-14 20:28:23.761  1123  1123 D MccTable: getLocaleForLanguageCountry: skipping already persisted
11-14 20:28:23.761  1123  1123 D MccTable: getLocaleForLanguageCountry: X locale=null
11-14 20:28:23.761  1123  1123 D MccTable: WIFI_COUNTRY_CODE set to cn
11-14 20:28:23.761   650  1258 I WifiService: WifiService trying to set country code to cn with persist set to true
11-14 20:28:23.811   650   668 I ActivityManager: Delaying start of: ServiceRecord{421336f0 u0 com.android.cellbroadcastreceiver/.CellBroadcastConfigService}
11-14 20:28:23.851   650   650 D MobileDataStateTracker: fota: Broadcast received: android.intent.action.ANY_DATA_STATE apnType=fota
11-14 20:28:23.851   650   650 D MobileDataStateTracker: fota: Received state=DISCONNECTED, old=DISCONNECTED, reason=nwTypeChanged
11-14 20:28:23.861   650   650 D MobileDataStateTracker: dun: Broadcast received: android.intent.action.ANY_DATA_STATE apnType=dun
11-14 20:28:23.861   650   650 D MobileDataStateTracker: dun: Received state=DISCONNECTED, old=DISCONNECTED, reason=nwTypeChanged
11-14 20:28:23.861   650   650 D MobileDataStateTracker: ia: Broadcast received: android.intent.action.ANY_DATA_STATE apnType=ia
11-14 20:28:23.861   650   650 D MobileDataStateTracker: ia: Received state=DISCONNECTED, old=DISCONNECTED, reason=nwTypeChanged
11-14 20:28:23.861   650   650 D MobileDataStateTracker: supl: Broadcast received: android.intent.action.ANY_DATA_STATE apnType=supl
11-14 20:28:23.861   650   650 D MobileDataStateTracker: supl: Received state=DISCONNECTED, old=DISCONNECTED, reason=nwTypeChanged
11-14 20:28:23.861   650   650 D MobileDataStateTracker: hipri: Broadcast received: android.intent.action.ANY_DATA_STATE apnType=hipri
11-14 20:28:23.861   650   650 D MobileDataStateTracker: hipri: Received state=DISCONNECTED, old=DISCONNECTED, reason=nwTypeChanged
11-14 20:28:23.861   650   650 D MobileDataStateTracker: ims: Broadcast received: android.intent.action.ANY_DATA_STATE apnType=ims
11-14 20:28:23.861   650   650 D MobileDataStateTracker: ims: Received state=DISCONNECTED, old=DISCONNECTED, reason=nwTypeChanged
11-14 20:28:23.861   650   650 D MobileDataStateTracker: default: Broadcast received: android.intent.action.ANY_DATA_STATE apnType=default
11-14 20:28:23.861   650   650 D MobileDataStateTracker: default: Received state=DISCONNECTED, old=DISCONNECTED, reason=nwTypeChanged
11-14 20:28:23.871   650   650 D MobileDataStateTracker: mms: Broadcast received: android.intent.action.ANY_DATA_STATE apnType=mms
11-14 20:28:23.871   650   650 D MobileDataStateTracker: mms: Received state=DISCONNECTED, old=DISCONNECTED, reason=nwTypeChanged
11-14 20:28:23.871   650   650 D MobileDataStateTracker: cbs: Broadcast received: android.intent.action.ANY_DATA_STATE apnType=cbs
11-14 20:28:23.871   650   650 D MobileDataStateTracker: cbs: Received state=DISCONNECTED, old=DISCONNECTED, reason=nwTypeChanged
11-14 20:28:23.871   650   650 D MobileDataStateTracker: fota: Broadcast received: android.intent.action.ANY_DATA_STATE apnType=fota
11-14 20:28:23.871   650   650 D MobileDataStateTracker: fota: Received state=DISCONNECTED, old=DISCONNECTED, reason=nwTypeChanged
11-14 20:28:23.871   650   650 D MobileDataStateTracker: dun: Broadcast received: android.intent.action.ANY_DATA_STATE apnType=dun
11-14 20:28:23.871   650   650 D MobileDataStateTracker: dun: Received state=DISCONNECTED, old=DISCONNECTED, reason=nwTypeChanged
11-14 20:28:23.871   650   650 D MobileDataStateTracker: ia: Broadcast received: android.intent.action.ANY_DATA_STATE apnType=ia
11-14 20:28:23.871   650   650 D MobileDataStateTracker: ia: Received state=DISCONNECTED, old=DISCONNECTED, reason=nwTypeChanged
11-14 20:28:23.871   650   650 D MobileDataStateTracker: supl: Broadcast received: android.intent.action.ANY_DATA_STATE apnType=supl
11-14 20:28:23.881   650   650 D MobileDataStateTracker: supl: Received state=DISCONNECTED, old=DISCONNECTED, reason=nwTypeChanged
11-14 20:28:23.881   650   650 D MobileDataStateTracker: hipri: Broadcast received: android.intent.action.ANY_DATA_STATE apnType=hipri
11-14 20:28:23.881   650   650 D MobileDataStateTracker: hipri: Received state=DISCONNECTED, old=DISCONNECTED, reason=nwTypeChanged
11-14 20:28:23.881   650   650 D MobileDataStateTracker: ims: Broadcast received: android.intent.action.ANY_DATA_STATE apnType=ims
11-14 20:28:23.881   650   650 D MobileDataStateTracker: ims: Received state=DISCONNECTED, old=DISCONNECTED, reason=nwTypeChanged
11-14 20:28:23.881   650   650 D MobileDataStateTracker: default: Broadcast received: android.intent.action.ANY_DATA_STATE apnType=default
11-14 20:28:23.881   650   650 D MobileDataStateTracker: default: Received state=DISCONNECTED, old=DISCONNECTED, reason=nwTypeChanged
11-14 20:28:23.881   650   650 D MobileDataStateTracker: mms: Broadcast received: android.intent.action.ANY_DATA_STATE apnType=mms
11-14 20:28:23.881   650   650 D MobileDataStateTracker: mms: Received state=DISCONNECTED, old=DISCONNECTED, reason=nwTypeChanged
11-14 20:28:23.881   650   650 D MobileDataStateTracker: cbs: Broadcast received: android.intent.action.ANY_DATA_STATE apnType=cbs
11-14 20:28:23.881   650   650 D MobileDataStateTracker: cbs: Received state=DISCONNECTED, old=DISCONNECTED, reason=nwTypeChanged
11-14 20:28:23.891   650   650 D MobileDataStateTracker: fota: Broadcast received: android.intent.action.ANY_DATA_STATE apnType=fota
11-14 20:28:23.891   650   650 D MobileDataStateTracker: fota: Received state=DISCONNECTED, old=DISCONNECTED, reason=dataAttached
11-14 20:28:23.891   650   650 D MobileDataStateTracker: dun: Broadcast received: android.intent.action.ANY_DATA_STATE apnType=dun
11-14 20:28:23.891   650   650 D MobileDataStateTracker: dun: Received state=DISCONNECTED, old=DISCONNECTED, reason=dataAttached
11-14 20:28:23.891   650   650 D MobileDataStateTracker: ia: Broadcast received: android.intent.action.ANY_DATA_STATE apnType=ia
11-14 20:28:23.891   650   650 D MobileDataStateTracker: ia: Received state=DISCONNECTED, old=DISCONNECTED, reason=dataAttached
11-14 20:28:23.891   650   650 D MobileDataStateTracker: supl: Broadcast received: android.intent.action.ANY_DATA_STATE apnType=supl
11-14 20:28:23.891   650   650 D MobileDataStateTracker: supl: Received state=DISCONNECTED, old=DISCONNECTED, reason=dataAttached
11-14 20:28:23.901   650   650 D MobileDataStateTracker: hipri: Broadcast received: android.intent.action.ANY_DATA_STATE apnType=hipri
11-14 20:28:23.901   650   650 D MobileDataStateTracker: hipri: Received state=DISCONNECTED, old=DISCONNECTED, reason=dataAttached
11-14 20:28:23.901   650   650 D MobileDataStateTracker: ims: Broadcast received: android.intent.action.ANY_DATA_STATE apnType=ims
11-14 20:28:23.901   650   650 D MobileDataStateTracker: ims: Received state=DISCONNECTED, old=DISCONNECTED, reason=dataAttached
11-14 20:28:23.901   650   650 D MobileDataStateTracker: mms: Broadcast received: android.intent.action.ANY_DATA_STATE apnType=mms
11-14 20:28:23.901   650   650 D MobileDataStateTracker: mms: Received state=DISCONNECTED, old=DISCONNECTED, reason=dataAttached
11-14 20:28:23.901   650   650 D MobileDataStateTracker: cbs: Broadcast received: android.intent.action.ANY_DATA_STATE apnType=cbs
11-14 20:28:23.911   650   650 D MobileDataStateTracker: cbs: Received state=DISCONNECTED, old=DISCONNECTED, reason=dataAttached
11-14 20:28:23.911   650   650 D MobileDataStateTracker: default: Broadcast received: android.intent.action.ANY_DATA_STATE apnType=default
11-14 20:28:23.911   650   650 D MobileDataStateTracker: default: Received state=CONNECTING, old=DISCONNECTED, reason=dataAttached
11-14 20:28:23.911   650   650 D MobileDataStateTracker: default: setDetailed state, old =IDLE and new state=CONNECTING
11-14 20:28:23.921   650   650 D MobileDataStateTracker: fota: Broadcast received: android.intent.action.ANY_DATA_STATE apnType=fota
11-14 20:28:23.921   650   650 D MobileDataStateTracker: fota: Received state=DISCONNECTED, old=DISCONNECTED, reason=dataAttached
11-14 20:28:23.921   650   650 D MobileDataStateTracker: dun: Broadcast received: android.intent.action.ANY_DATA_STATE apnType=dun
11-14 20:28:23.921   650   650 D MobileDataStateTracker: dun: Received state=DISCONNECTED, old=DISCONNECTED, reason=dataAttached
11-14 20:28:23.921   650   650 D MobileDataStateTracker: ia: Broadcast received: android.intent.action.ANY_DATA_STATE apnType=ia
11-14 20:28:23.921   650   650 D MobileDataStateTracker: ia: Received state=DISCONNECTED, old=DISCONNECTED, reason=dataAttached
11-14 20:28:23.921   650   650 D MobileDataStateTracker: supl: Broadcast received: android.intent.action.ANY_DATA_STATE apnType=supl
11-14 20:28:23.931   650   650 D MobileDataStateTracker: supl: Received state=DISCONNECTED, old=DISCONNECTED, reason=dataAttached
11-14 20:28:23.931   650   650 D MobileDataStateTracker: hipri: Broadcast received: android.intent.action.ANY_DATA_STATE apnType=hipri
11-14 20:28:23.931   650   650 D MobileDataStateTracker: hipri: Received state=DISCONNECTED, old=DISCONNECTED, reason=dataAttached
11-14 20:28:23.931   650   650 D MobileDataStateTracker: ims: Broadcast received: android.intent.action.ANY_DATA_STATE apnType=ims
11-14 20:28:23.931   650   650 D MobileDataStateTracker: ims: Received state=DISCONNECTED, old=DISCONNECTED, reason=dataAttached
11-14 20:28:23.931   650   650 D MobileDataStateTracker: mms: Broadcast received: android.intent.action.ANY_DATA_STATE apnType=mms
11-14 20:28:23.931   650   650 D MobileDataStateTracker: mms: Received state=DISCONNECTED, old=DISCONNECTED, reason=dataAttached
11-14 20:28:23.931   650   650 D MobileDataStateTracker: cbs: Broadcast received: android.intent.action.ANY_DATA_STATE apnType=cbs
11-14 20:28:23.931   650   650 D MobileDataStateTracker: cbs: Received state=DISCONNECTED, old=DISCONNECTED, reason=dataAttached
11-14 20:28:23.991   650   650 D MobileDataStateTracker: fota: Broadcast received: android.intent.action.ANY_DATA_STATE apnType=fota
11-14 20:28:24.001   650   650 D MobileDataStateTracker: fota: Received state=DISCONNECTED, old=DISCONNECTED, reason=simLoaded
11-14 20:28:24.001   650   650 D MobileDataStateTracker: dun: Broadcast received: android.intent.action.ANY_DATA_STATE apnType=dun
11-14 20:28:24.001   650   650 D MobileDataStateTracker: dun: Received state=DISCONNECTED, old=DISCONNECTED, reason=simLoaded
11-14 20:28:24.001   650   650 D MobileDataStateTracker: ia: Broadcast received: android.intent.action.ANY_DATA_STATE apnType=ia
11-14 20:28:24.001   650   650 D MobileDataStateTracker: ia: Received state=DISCONNECTED, old=DISCONNECTED, reason=simLoaded
11-14 20:28:24.001   650   650 D MobileDataStateTracker: supl: Broadcast received: android.intent.action.ANY_DATA_STATE apnType=supl
11-14 20:28:24.001   650   650 D MobileDataStateTracker: supl: Received state=DISCONNECTED, old=DISCONNECTED, reason=simLoaded
11-14 20:28:24.001   650   650 D MobileDataStateTracker: hipri: Broadcast received: android.intent.action.ANY_DATA_STATE apnType=hipri
11-14 20:28:24.011   650   650 D MobileDataStateTracker: hipri: Received state=DISCONNECTED, old=DISCONNECTED, reason=simLoaded
11-14 20:28:24.011   650   650 D MobileDataStateTracker: ims: Broadcast received: android.intent.action.ANY_DATA_STATE apnType=ims
11-14 20:28:24.011   650   650 D MobileDataStateTracker: ims: Received state=DISCONNECTED, old=DISCONNECTED, reason=simLoaded
11-14 20:28:24.011   650   650 D MobileDataStateTracker: mms: Broadcast received: android.intent.action.ANY_DATA_STATE apnType=mms
11-14 20:28:24.011   650   650 D MobileDataStateTracker: mms: Received state=DISCONNECTED, old=DISCONNECTED, reason=simLoaded
11-14 20:28:24.011   650   650 D MobileDataStateTracker: cbs: Broadcast received: android.intent.action.ANY_DATA_STATE apnType=cbs
11-14 20:28:24.011   650   650 D MobileDataStateTracker: cbs: Received state=DISCONNECTED, old=DISCONNECTED, reason=simLoaded
11-14 20:28:24.041   650   650 D MobileDataStateTracker: default: Broadcast received: android.intent.action.ANY_DATA_STATE apnType=default
11-14 20:28:24.041   650   650 D MobileDataStateTracker: default: Received state=DISCONNECTED, old=CONNECTING, reason=lostDataConnection
11-14 20:28:24.041   650   650 D MobileDataStateTracker: default: setDetailed state, old =CONNECTING and new state=DISCONNECTED
11-14 20:28:24.041   650   950 D ConnectivityService: ConnectivityChange for mobile: DISCONNECTED/DISCONNECTED
11-14 20:28:24.041   650   950 D ConnectivityService: Attempting to switch to wifi
11-14 20:28:24.041   650   950 D ConnectivityService: Attempting to switch to BLUETOOTH_TETHER
11-14 20:28:24.041   650   950 D Nat464Xlat: requiresClat: netType=0, hasIPv4Address=false
11-14 20:28:24.041   650   950 E Nat464Xlat: stopClat: already stopped
11-14 20:28:24.051   650   950 D MobileDataStateTracker: default: setPolicyDataEnable(enabled=true)
11-14 20:28:24.061   650   950 D MobileDataStateTracker: default: setPolicyDataEnable(enabled=true)
11-14 20:28:24.071   650   650 D MobileDataStateTracker: default: Broadcast received: android.intent.action.ANY_DATA_STATE apnType=default
11-14 20:28:24.071   650   650 D MobileDataStateTracker: default: Received state=DISCONNECTED, old=DISCONNECTED, reason=(unspecified)
11-14 20:28:24.071   650   898 I ActivityManager: START u0 {flg=0x74848000 cmp=com.android.stk/.StkDialogActivity (has extras)} from pid 1123
11-14 20:28:24.381   650   898 I WindowManager: Screenshot max retries 4 of Token{41f03690 ActivityRecord{4219b068 u0 com.cyanogenmod.trebuchet/org.cyanogenmod.trebuchet.CustomHomeLauncher t1}} appWin=Window{41eeef00 u0 com.cyanogenmod.trebuchet/org.cyanogenmod.trebuchet.CustomHomeLauncher} drawState=4
11-14 20:28:24.381   650   898 W WindowManager: Screenshot failure taking screenshot for (1080x1920) to layer 21005
11-14 20:28:24.391   650   650 D MobileDataStateTracker: default: Broadcast received: android.intent.action.ANY_DATA_STATE apnType=default
11-14 20:28:24.391   650   650 D MobileDataStateTracker: default: Received state=DISCONNECTED, old=DISCONNECTED, reason=dataDetached
11-14 20:28:24.391   650   650 D MobileDataStateTracker: fota: Broadcast received: android.intent.action.ANY_DATA_STATE apnType=fota
11-14 20:28:24.391   650   650 D MobileDataStateTracker: fota: Received state=DISCONNECTED, old=DISCONNECTED, reason=dataDetached
11-14 20:28:24.391   650   650 D MobileDataStateTracker: dun: Broadcast received: android.intent.action.ANY_DATA_STATE apnType=dun
11-14 20:28:24.401   650   650 D MobileDataStateTracker: dun: Received state=DISCONNECTED, old=DISCONNECTED, reason=dataDetached
11-14 20:28:24.401   650   650 D MobileDataStateTracker: ia: Broadcast received: android.intent.action.ANY_DATA_STATE apnType=ia
11-14 20:28:24.401   650   650 D MobileDataStateTracker: ia: Received state=DISCONNECTED, old=DISCONNECTED, reason=dataDetached
11-14 20:28:24.401   650   650 D MobileDataStateTracker: supl: Broadcast received: android.intent.action.ANY_DATA_STATE apnType=supl
11-14 20:28:24.401   650   650 D MobileDataStateTracker: supl: Received state=DISCONNECTED, old=DISCONNECTED, reason=dataDetached
11-14 20:28:24.401   650   650 D MobileDataStateTracker: hipri: Broadcast received: android.intent.action.ANY_DATA_STATE apnType=hipri
11-14 20:28:24.401   650   650 D MobileDataStateTracker: hipri: Received state=DISCONNECTED, old=DISCONNECTED, reason=dataDetached
11-14 20:28:24.401   650   650 D MobileDataStateTracker: ims: Broadcast received: android.intent.action.ANY_DATA_STATE apnType=ims
11-14 20:28:24.401   650   650 D MobileDataStateTracker: ims: Received state=DISCONNECTED, old=DISCONNECTED, reason=dataDetached
11-14 20:28:24.411   650   650 D MobileDataStateTracker: mms: Broadcast received: android.intent.action.ANY_DATA_STATE apnType=mms
11-14 20:28:24.411   650   650 D MobileDataStateTracker: mms: Received state=DISCONNECTED, old=DISCONNECTED, reason=dataDetached
11-14 20:28:24.411   650   650 D MobileDataStateTracker: cbs: Broadcast received: android.intent.action.ANY_DATA_STATE apnType=cbs
11-14 20:28:24.411   650   650 D MobileDataStateTracker: cbs: Received state=DISCONNECTED, old=DISCONNECTED, reason=dataDetached
11-14 20:28:24.411   650   650 D MobileDataStateTracker: default: Broadcast received: android.intent.action.ANY_DATA_STATE apnType=default
11-14 20:28:24.411   650   650 D MobileDataStateTracker: default: Received state=DISCONNECTED, old=DISCONNECTED, reason=LOST_CONNECTION
11-14 20:28:24.611   650   650 D MobileDataStateTracker: fota: Broadcast received: android.intent.action.ANY_DATA_STATE apnType=fota
11-14 20:28:24.621   650   650 D MobileDataStateTracker: fota: Received state=DISCONNECTED, old=DISCONNECTED, reason=dataAttached
11-14 20:28:24.621   650   650 D MobileDataStateTracker: dun: Broadcast received: android.intent.action.ANY_DATA_STATE apnType=dun
11-14 20:28:24.621   650   650 D MobileDataStateTracker: dun: Received state=DISCONNECTED, old=DISCONNECTED, reason=dataAttached
11-14 20:28:24.621   650   650 D MobileDataStateTracker: ia: Broadcast received: android.intent.action.ANY_DATA_STATE apnType=ia
11-14 20:28:24.621   650   650 D MobileDataStateTracker: ia: Received state=DISCONNECTED, old=DISCONNECTED, reason=dataAttached
11-14 20:28:24.621   650   650 D MobileDataStateTracker: supl: Broadcast received: android.intent.action.ANY_DATA_STATE apnType=supl
11-14 20:28:24.631   650   650 D MobileDataStateTracker: supl: Received state=DISCONNECTED, old=DISCONNECTED, reason=dataAttached
11-14 20:28:24.631   650   650 D MobileDataStateTracker: hipri: Broadcast received: android.intent.action.ANY_DATA_STATE apnType=hipri
11-14 20:28:24.631   650   650 D MobileDataStateTracker: hipri: Received state=DISCONNECTED, old=DISCONNECTED, reason=dataAttached
11-14 20:28:24.631   650   650 D MobileDataStateTracker: ims: Broadcast received: android.intent.action.ANY_DATA_STATE apnType=ims
11-14 20:28:24.631   650   650 D MobileDataStateTracker: ims: Received state=DISCONNECTED, old=DISCONNECTED, reason=dataAttached
11-14 20:28:24.631   650   650 D MobileDataStateTracker: mms: Broadcast received: android.intent.action.ANY_DATA_STATE apnType=mms
11-14 20:28:24.631   650   650 D MobileDataStateTracker: mms: Received state=DISCONNECTED, old=DISCONNECTED, reason=dataAttached
11-14 20:28:24.631   650   650 D MobileDataStateTracker: cbs: Broadcast received: android.intent.action.ANY_DATA_STATE apnType=cbs
11-14 20:28:24.631   650   650 D MobileDataStateTracker: cbs: Received state=DISCONNECTED, old=DISCONNECTED, reason=dataAttached
11-14 20:28:24.641   650   650 D MobileDataStateTracker: default: Broadcast received: android.intent.action.ANY_DATA_STATE apnType=default
11-14 20:28:24.641   650   650 D MobileDataStateTracker: default: Received state=CONNECTING, old=DISCONNECTED, reason=dataAttached
11-14 20:28:24.641   650   650 D MobileDataStateTracker: default: setDetailed state, old =DISCONNECTED and new state=CONNECTING
11-14 20:28:24.641   650   650 D MobileDataStateTracker: fota: Broadcast received: android.intent.action.ANY_DATA_STATE apnType=fota
11-14 20:28:24.641   650   650 D MobileDataStateTracker: fota: Received state=DISCONNECTED, old=DISCONNECTED, reason=dataAttached
11-14 20:28:24.641   650   650 D MobileDataStateTracker: dun: Broadcast received: android.intent.action.ANY_DATA_STATE apnType=dun
11-14 20:28:24.651   650   650 D MobileDataStateTracker: dun: Received state=DISCONNECTED, old=DISCONNECTED, reason=dataAttached
11-14 20:28:24.651   650   650 D MobileDataStateTracker: ia: Broadcast received: android.intent.action.ANY_DATA_STATE apnType=ia
11-14 20:28:24.651   650   650 D MobileDataStateTracker: ia: Received state=DISCONNECTED, old=DISCONNECTED, reason=dataAttached
11-14 20:28:24.651   650   650 D MobileDataStateTracker: supl: Broadcast received: android.intent.action.ANY_DATA_STATE apnType=supl
11-14 20:28:24.651   650   650 D MobileDataStateTracker: supl: Received state=DISCONNECTED, old=DISCONNECTED, reason=dataAttached
11-14 20:28:24.651   650   650 D MobileDataStateTracker: hipri: Broadcast received: android.intent.action.ANY_DATA_STATE apnType=hipri
11-14 20:28:24.651   650   650 D MobileDataStateTracker: hipri: Received state=DISCONNECTED, old=DISCONNECTED, reason=dataAttached
11-14 20:28:24.651   650   650 D MobileDataStateTracker: ims: Broadcast received: android.intent.action.ANY_DATA_STATE apnType=ims
11-14 20:28:24.651   650   650 D MobileDataStateTracker: ims: Received state=DISCONNECTED, old=DISCONNECTED, reason=dataAttached
11-14 20:28:24.661   650   650 D MobileDataStateTracker: mms: Broadcast received: android.intent.action.ANY_DATA_STATE apnType=mms
11-14 20:28:24.661   650   650 D MobileDataStateTracker: mms: Received state=DISCONNECTED, old=DISCONNECTED, reason=dataAttached
11-14 20:28:24.661   650   650 D MobileDataStateTracker: cbs: Broadcast received: android.intent.action.ANY_DATA_STATE apnType=cbs
11-14 20:28:24.661   650   650 D MobileDataStateTracker: cbs: Received state=DISCONNECTED, old=DISCONNECTED, reason=dataAttached
11-14 20:28:24.691   650   650 D MobileDataStateTracker: default: Broadcast received: android.intent.action.ANY_DATA_STATE apnType=default
11-14 20:28:24.701   650   650 D MobileDataStateTracker: default: Received state=CONNECTED, old=CONNECTING, reason=connected
11-14 20:28:24.701   650   650 D MobileDataStateTracker: default: setDetailed state, old =CONNECTING and new state=CONNECTED
11-14 20:28:24.701   650   950 D ConnectivityService: ConnectivityChange for mobile: CONNECTED/CONNECTED
11-14 20:28:24.701   650   950 D ConnectivityService: ConnectivityChange checkMobileProvisioning for TYPE_MOBILE or ProvisioningNetwork
11-14 20:28:24.701   650   950 D ConnectivityService: checkMobileProvisioning: E suggestedTimeOutMs=60000
11-14 20:28:24.701   650   950 D ConnectivityService: setProvNotificationVisible: E visible=false networkType=5 extraInfo=null url=null
11-14 20:28:24.701   650   950 D ConnectivityService: checkMobileProvisioning: params={ url=http://clients3.google.com/generate_204 mTimeOutMs=60000 mCb=com.android.server.ConnectivityService$5@4219e8f0}
11-14 20:28:24.701   650   950 D ConnectivityService: checkMobileProvisioning: X
11-14 20:28:24.701   650   950 D ConnectivityService: Setting TCP values: [1] which comes from [net.tcp.usercfg.lte]
11-14 20:28:24.701   650   950 E ConnectivityService: Can't set delayed ACK size:java.io.FileNotFoundException: /sys/kernel/ipv4/tcp_use_userconfig: open failed: ENOENT (No such file or directory)
11-14 20:28:24.701   650   950 D ConnectivityService: Setting TCP values: [8] which comes from [net.tcp.delack.lte]
11-14 20:28:24.701   650   950 E ConnectivityService: Can't set delayed ACK size:java.io.FileNotFoundException: /sys/kernel/ipv4/tcp_delack_seg: open failed: ENOENT (No such file or directory)
11-14 20:28:24.711   650   950 D Nat464Xlat: requiresClat: netType=0, hasIPv4Address=true
11-14 20:28:24.731   650  2161 D MobileDataStateTracker: default: isProvisioningNetwork: retVal=false
11-14 20:28:24.731   650  2161 D ConnectivityService: [CheckMp] isMobileOk: isDefaultProvisioning=false
11-14 20:28:24.741   650  2161 D MobileDataStateTracker: hipri: isProvisioningNetwork: retVal=false
11-14 20:28:24.741   650  2161 D ConnectivityService: [CheckMp] isMobileOk: isHipriProvisioning=false
11-14 20:28:24.741   650  2161 D ConnectivityService: [CheckMp] isMobileOk: start hipri url=http://clients3.google.com/generate_204
11-14 20:28:24.741   650  2161 D ConnectivityService: startUsingNetworkFeature reconnecting to 0: enableHIPRI
11-14 20:28:24.741   650  2161 D ConnectivityService: startUsingNetworkFeature X: return APN_REQUEST_STARTED
11-14 20:28:24.741   650  2161 D ConnectivityService: [CheckMp] isMobileOk: hipri started
11-14 20:28:24.741   650  2161 D ConnectivityService: [CheckMp] isMobileOk: not connected ni=NetworkInfo: type: mobile_hipri[LTE], state: DISCONNECTED/IDLE, reason: (unspecified), extra: (none), roaming: false, failover: false, isAvailable: true, isConnectedToProvisioningNetwork: false
11-14 20:28:24.741   650   650 D MobileDataStateTracker: hipri: Broadcast received: android.intent.action.ANY_DATA_STATE apnType=hipri
11-14 20:28:24.741   650   650 D MobileDataStateTracker: hipri: Received state=CONNECTING, old=DISCONNECTED, reason=dataEnabled
11-14 20:28:24.741   650   650 D MobileDataStateTracker: hipri: setDetailed state, old =IDLE and new state=CONNECTING
11-14 20:28:24.741   650   650 D MobileDataStateTracker: fota: Broadcast received: android.intent.action.ANY_DATA_STATE apnType=fota
11-14 20:28:24.751   650   650 D MobileDataStateTracker: fota: Received state=DISCONNECTED, old=DISCONNECTED, reason=dataEnabled
11-14 20:28:24.751   650   650 D MobileDataStateTracker: dun: Broadcast received: android.intent.action.ANY_DATA_STATE apnType=dun
11-14 20:28:24.751   650   650 D MobileDataStateTracker: dun: Received state=DISCONNECTED, old=DISCONNECTED, reason=dataEnabled
11-14 20:28:24.751   650   650 D MobileDataStateTracker: ia: Broadcast received: android.intent.action.ANY_DATA_STATE apnType=ia
11-14 20:28:24.751   650   650 D MobileDataStateTracker: ia: Received state=DISCONNECTED, old=DISCONNECTED, reason=dataEnabled
11-14 20:28:24.751   650   650 D MobileDataStateTracker: supl: Broadcast received: android.intent.action.ANY_DATA_STATE apnType=supl
11-14 20:28:24.751   650   650 D MobileDataStateTracker: supl: Received state=DISCONNECTED, old=DISCONNECTED, reason=dataEnabled
11-14 20:28:24.751   650   650 D MobileDataStateTracker: ims: Broadcast received: android.intent.action.ANY_DATA_STATE apnType=ims
11-14 20:28:24.751   650   650 D MobileDataStateTracker: ims: Received state=DISCONNECTED, old=DISCONNECTED, reason=dataEnabled
11-14 20:28:24.751   650   650 D MobileDataStateTracker: mms: Broadcast received: android.intent.action.ANY_DATA_STATE apnType=mms
11-14 20:28:24.761   650   650 D MobileDataStateTracker: mms: Received state=DISCONNECTED, old=DISCONNECTED, reason=dataEnabled
11-14 20:28:24.761   650   650 D MobileDataStateTracker: cbs: Broadcast received: android.intent.action.ANY_DATA_STATE apnType=cbs
11-14 20:28:24.761   650   650 D MobileDataStateTracker: cbs: Received state=DISCONNECTED, old=DISCONNECTED, reason=dataEnabled
11-14 20:28:24.761   650   650 D MobileDataStateTracker: hipri: Broadcast received: android.intent.action.ANY_DATA_STATE apnType=hipri
11-14 20:28:24.761   650   650 D MobileDataStateTracker: hipri: Received state=CONNECTED, old=CONNECTING, reason=dataEnabled
11-14 20:28:24.761   650   650 D MobileDataStateTracker: hipri: setDetailed state, old =CONNECTING and new state=CONNECTED
11-14 20:28:24.761   650   950 D ConnectivityService: ConnectivityChange for mobile_hipri: CONNECTED/CONNECTED
11-14 20:28:24.811   650   950 D Nat464Xlat: requiresClat: netType=5, hasIPv4Address=true
11-14 20:28:24.961   650   950 D MobileDataStateTracker: default: setPolicyDataEnable(enabled=true)
11-14 20:28:25.001   650   940 W NetworkPolicy: shared quota unsupported; generating rule for each iface
11-14 20:28:25.211   650   950 D MobileDataStateTracker: default: setPolicyDataEnable(enabled=true)
11-14 20:28:25.211   650   950 D MobileDataStateTracker: default: setPolicyDataEnable(enabled=true)
11-14 20:28:25.221   650   940 W NetworkPolicy: shared quota unsupported; generating rule for each iface
11-14 20:28:25.651   650   950 D MobileDataStateTracker: default: setPolicyDataEnable(enabled=true)
11-14 20:28:25.761   650  2161 D MobileDataStateTracker: hipri: isProvisioningNetwork: retVal=false
11-14 20:28:25.761   650  2161 D ConnectivityService: [CheckMp] isMobileOk: isProvisioningNetwork is false, continue
11-14 20:28:25.781   650  2161 D ConnectivityService: [CheckMp] isMobileOk: addresses=clients3.google.com/74.125.204.102,clients3.google.com/74.125.204.113,clients3.google.com/74.125.204.138,clients3.google.com/74.125.204.101,clients3.google.com/74.125.204.100,clients3.google.com/74.125.204.139
11-14 20:28:25.781   650  2161 D ConnectivityService: [CheckMp] isMobileOk: linkHasIpv4=true linkHasIpv6=false
11-14 20:28:25.791   650  2161 D ConnectivityService: requestRouteToHostAddress ok=true
11-14 20:28:25.791   650  2161 D ConnectivityService: [CheckMp] isMobileOk: wait to establish route to hostAddr=clients3.google.com/74.125.204.138
11-14 20:28:27.077   650  1343 I ActivityManager: Start proc com.qualcomm.timeservice for broadcast com.qualcomm.timeservice/.TimeServiceBroadcastReceiver: pid=2345 uid=10056 gids={50056}
11-14 20:28:27.127   650   667 I ActivityManager: Killing 1781:com.android.providers.calendar/u0a3 (adj 15): empty #17
11-14 20:28:27.667   650  1258 I ActivityManager: Start proc com.android.providers.calendar for content provider com.android.providers.calendar/.CalendarProvider2: pid=2393 uid=10003 gids={50003, 3003, 1028, 1015}
11-14 20:28:28.687   650  2161 D ConnectivityService: [CheckMp] isMobileOk: newUrl=http://74.125.204.138/generate_204
11-14 20:28:28.687   650  2161 W ActivityThread: ClassLoader.loadClass: The class loader returned by Thread.getContextClassLoader() may fail for processes that host multiple applications. You should explicitly specify a context class loader. For example: Thread.setContextClassLoader(getClass().getClassLoader());
11-14 20:28:30.037   650  1182 I ActivityManager: Resuming delayed broadcast
11-14 20:28:30.047   650   668 I ActivityManager: Delay finish: com.cyanogenmod.lockclock/.ClockWidgetProvider
11-14 20:28:30.097   650  1180 I ActivityManager: Resuming delayed broadcast
11-14 20:28:30.097   650  1343 I ActivityManager: Killing 1810:com.android.onetimeinitializer/u0a11 (adj 15): empty #17
11-14 20:28:30.297   650   950 D MobileDataStateTracker: default: setPolicyDataEnable(enabled=true)
11-14 20:28:30.307   650  1207 I ActivityManager: Delay finish: com.android.providers.calendar/.CalendarProviderBroadcastReceiver
11-14 20:28:30.327   650  1207 I ActivityManager: Resuming delayed broadcast
11-14 20:28:30.337   650  1207 I ActivityManager: Start proc com.cyanogenmod.updater for broadcast com.cyanogenmod.updater/.receiver.UpdateCheckReceiver: pid=2452 uid=10002 gids={50002, 3003, 1028, 1015, 2001}
11-14 20:28:30.397   650   667 I ActivityManager: Killing 1320:com.android.settings/1000 (adj 15): empty #17
11-14 20:28:30.417   650   668 I ActivityManager: Start proc com.android.settings for broadcast com.android.settings/.cmstats.ReportingServiceManager: pid=2479 uid=1000 gids={41000, 1028, 1015, 3002, 3001, 3003, 1006}
11-14 20:28:30.487   650   667 I ActivityManager: Delay finish: com.cyanogenmod.lockclock/.ClockWidgetProvider
