11-14 20:28:30.507   650  1182 I ActivityManager: Resuming delayed broadcast
11-14 20:28:30.517   650   898 I ActivityManager: Killing 1827:com.android.voicedialer/u0a17 (adj 15): empty #17
11-14 20:28:30.577   650  1208 I ActivityManager: Delay finish: com.android.calendar/.widget.CalendarAppWidgetService$CalendarFactory
11-14 20:28:30.647   650  1114 D ConnectivityService: startUsingNetworkFeature reconnecting to 0: enableSUPL
11-14 20:28:30.647   650  1114 D ConnectivityService: startUsingNetworkFeature X: return APN_REQUEST_STARTED
11-14 20:28:30.657   650   650 D MobileDataStateTracker: supl: Broadcast received: android.intent.action.ANY_DATA_STATE apnType=supl
11-14 20:28:30.657   650   650 D MobileDataStateTracker: supl: Received state=CONNECTING, old=DISCONNECTED, reason=dataEnabled
11-14 20:28:30.657   650   650 D MobileDataStateTracker: supl: setDetailed state, old =IDLE and new state=CONNECTING
11-14 20:28:30.657   650   650 D MobileDataStateTracker: fota: Broadcast received: android.intent.action.ANY_DATA_STATE apnType=fota
11-14 20:28:30.657   650   650 D MobileDataStateTracker: fota: Received state=DISCONNECTED, old=DISCONNECTED, reason=dataEnabled
11-14 20:28:30.667   650   650 D MobileDataStateTracker: dun: Broadcast received: android.intent.action.ANY_DATA_STATE apnType=dun
11-14 20:28:30.667   650   650 D MobileDataStateTracker: dun: Received state=DISCONNECTED, old=DISCONNECTED, reason=dataEnabled
11-14 20:28:30.667   650   650 D MobileDataStateTracker: ia: Broadcast received: android.intent.action.ANY_DATA_STATE apnType=ia
11-14 20:28:30.667   650   650 D MobileDataStateTracker: ia: Received state=DISCONNECTED, old=DISCONNECTED, reason=dataEnabled
11-14 20:28:30.667   650   650 D MobileDataStateTracker: ims: Broadcast received: android.intent.action.ANY_DATA_STATE apnType=ims
11-14 20:28:30.667   650   650 D MobileDataStateTracker: ims: Received state=DISCONNECTED, old=DISCONNECTED, reason=dataEnabled
11-14 20:28:30.667   650   650 D MobileDataStateTracker: mms: Broadcast received: android.intent.action.ANY_DATA_STATE apnType=mms
11-14 20:28:30.667   650   650 D MobileDataStateTracker: mms: Received state=DISCONNECTED, old=DISCONNECTED, reason=dataEnabled
11-14 20:28:30.677   650   650 D MobileDataStateTracker: cbs: Broadcast received: android.intent.action.ANY_DATA_STATE apnType=cbs
11-14 20:28:30.677   650   650 D MobileDataStateTracker: cbs: Received state=DISCONNECTED, old=DISCONNECTED, reason=dataEnabled
11-14 20:28:30.677   650   650 D MobileDataStateTracker: supl: Broadcast received: android.intent.action.ANY_DATA_STATE apnType=supl
11-14 20:28:30.677   650   650 D MobileDataStateTracker: supl: Received state=CONNECTED, old=CONNECTING, reason=dataEnabled
11-14 20:28:30.677   650   650 D MobileDataStateTracker: supl: setDetailed state, old =CONNECTING and new state=CONNECTED
11-14 20:28:30.677   650   950 D ConnectivityService: ConnectivityChange for mobile_supl: CONNECTED/CONNECTED
11-14 20:28:30.737   175   598 W FrameworkListener: Handler 'interface' error (Success)
11-14 20:28:30.747   650   950 E ConnectivityService: Exception trying to add a route: java.lang.IllegalStateException: command '56 interface route add rmnet0 secondary 10.26.24.77 32 0.0.0.0' failed with '400 56 ip route modification failed (No such device)'
11-14 20:28:30.757   175   598 W FrameworkListener: Handler 'interface' error (Success)
11-14 20:28:30.757   650   950 E ConnectivityService: Exception trying to add a route: java.lang.IllegalStateException: command '57 interface route add rmnet0 secondary 0.0.0.0 0 10.26.24.77' failed with '400 57 ip route modification failed (No such device)'
11-14 20:28:30.757   650   950 D Nat464Xlat: requiresClat: netType=3, hasIPv4Address=true
11-14 20:28:30.757   650   950 D MobileDataStateTracker: default: setPolicyDataEnable(enabled=true)
11-14 20:28:30.757   650   940 W NetworkPolicy: shared quota unsupported; generating rule for each iface
11-14 20:28:31.147   650   950 D MobileDataStateTracker: default: setPolicyDataEnable(enabled=true)
11-14 20:28:33.337   650  1180 I PackageManager: Adding preferred activity ComponentInfo{com.android.mms/com.android.mms.ui.ComposeMessageActivity} for user 0 :
11-14 20:28:33.357   650  1208 I PackageManager: Adding preferred activity ComponentInfo{com.android.mms/com.android.mms.ui.ComposeMessageActivity} for user 0 :
11-14 20:28:33.377   650  1182 I PackageManager: Adding preferred activity ComponentInfo{com.android.mms/com.android.mms.ui.ComposeMessageActivity} for user 0 :
11-14 20:28:33.397   650   897 I PackageManager: Adding preferred activity ComponentInfo{com.android.mms/com.android.mms.ui.ComposeMessageActivity} for user 0 :
11-14 20:28:33.427   650  1343 I PackageManager: Adding preferred activity ComponentInfo{com.android.mms/com.android.mms.ui.ComposeMessageActivity} for user 0 :
11-14 20:28:33.447   650   897 I PackageManager: Adding preferred activity ComponentInfo{com.android.mms/com.android.mms.ui.ComposeMessageActivity} for user 0 :
11-14 20:28:33.467   650   668 I PackageManager: Adding preferred activity ComponentInfo{com.android.mms/com.android.mms.ui.ComposeMessageActivity} for user 0 :
11-14 20:28:33.527   650  1258 I PackageManager: Adding preferred activity ComponentInfo{com.android.mms/com.android.mms.ui.ComposeMessageActivity} for user 0 :
11-14 20:28:33.717   650  2161 D ConnectivityService: [CheckMp] isMobileOk: HttpURLConnection Exceptionjava.net.SocketTimeoutException: failed to connect to /74.125.204.138 (port 80) after 5000ms
11-14 20:28:35.636   650  1207 I ActivityManager: Resuming delayed broadcast
11-14 20:28:35.636   650   898 I ActivityManager: Delay finish: com.cyanogenmod.lockclock/.ClockWidgetProvider
11-14 20:28:35.666   650   897 I ActivityManager: Resuming delayed broadcast
11-14 20:28:35.706   650   668 I ActivityManager: Start proc android.process.acore for broadcast com.android.providers.contacts/.PackageIntentReceiver: pid=2685 uid=10004 gids={50004, 3003, 1028, 1015}
11-14 20:28:35.806   650   898 I ActivityManager: Killing 1840:org.cyanogenmod.bugreport/2000 (adj 15): empty #17
11-14 20:28:35.816   650  1343 I ActivityManager: Start proc com.android.voicedialer for broadcast com.android.voicedialer/.VoiceDialerReceiver: pid=2702 uid=10017 gids={50017, 3002}
11-14 20:28:35.886   650   668 I ActivityManager: Start proc org.cyanogenmod.bugreport for broadcast org.cyanogenmod.bugreport/.PackageChangeReceiver: pid=2717 uid=2000 gids={42000, 3003, 1007, 3002, 1028, 1015, 1023, 3008}
11-14 20:28:35.886   650   668 I ActivityManager: Killing 1925:com.android.exchange/u0a35 (adj 15): empty #17
11-14 20:28:35.946   650   668 I ActivityManager: Delay finish: com.android.gallery3d/.app.PackagesMonitor
11-14 20:28:35.966   650   667 I ActivityManager: Resuming delayed broadcast
11-14 20:28:35.976   650  1180 I ActivityManager: Killing 1962:com.lge.SprintHiddenMenu/1000 (adj 15): empty #17
11-14 20:28:36.506   650   870 I ActivityManager: Waited long enough for: ServiceRecord{4234c950 u0 com.android.calendar/.alerts.InitAlarmsService}
11-14 20:28:36.736   650  2161 D ConnectivityService: requestRouteToHostAddress ok=true
11-14 20:28:36.736   650  2161 D ConnectivityService: [CheckMp] isMobileOk: wait to establish route to hostAddr=clients3.google.com/74.125.204.102
11-14 20:28:37.416   650   870 I ActivityManager: Waited long enough for: ServiceRecord{422d3bb8 u0 com.qualcomm.qcrilmsgtunnel/.QcrilMsgTunnelService}
11-14 20:28:39.686   650  1207 I WindowManager: Screenshot max retries 4 of Token{4223c768 ActivityRecord{41e87598 u0 com.android.stk/.StkDialogActivity t2 f}} appWin=Window{422d80e8 u0 com.android.stk/com.android.stk.StkDialogActivity} drawState=4
11-14 20:28:39.686   650  1207 W WindowManager: Screenshot failure taking screenshot for (1080x1920) to layer 21005
11-14 20:28:39.766   650  2161 D ConnectivityService: [CheckMp] isMobileOk: newUrl=http://74.125.204.102/generate_204
11-14 20:28:44.786   650  2161 D ConnectivityService: [CheckMp] isMobileOk: HttpURLConnection Exceptionjava.net.SocketTimeoutException: failed to connect to /74.125.204.102 (port 80) after 5000ms
11-14 20:28:47.806   650  2161 D ConnectivityService: requestRouteToHostAddress ok=true
11-14 20:28:47.806   650  2161 D ConnectivityService: [CheckMp] isMobileOk: wait to establish route to hostAddr=clients3.google.com/74.125.204.100
11-14 20:28:50.806   650  2161 D ConnectivityService: [CheckMp] isMobileOk: newUrl=http://74.125.204.100/generate_204
11-14 20:28:51.516   650   668 I ActivityManager: Killing 1990:org.whispersystems.whisperpush/u0a63 (adj 15): empty #17
11-14 20:28:55.826   650  2161 D ConnectivityService: [CheckMp] isMobileOk: HttpURLConnection Exceptionjava.net.SocketTimeoutException: failed to connect to /74.125.204.100 (port 80) after 5000ms
11-14 20:28:58.826   650  2161 D ConnectivityService: [CheckMp] isMobileOk: too many loops tried - giving up
11-14 20:28:58.826   650  2161 D ConnectivityService: [CheckMp] isMobileOk: X loops|timed out result=3
11-14 20:28:58.826   650  2161 D ConnectivityService: [CheckMp] isMobileOk: F stop hipri
11-14 20:28:58.826   650   950 D MobileDataStateTracker: default: setEnableFailFastMobileData(enabled=0)
11-14 20:28:58.836   650  2161 D ConnectivityService: stopUsingNetworkFeature: teardown net 0: enableHIPRI
11-14 20:28:58.866   650   650 D MobileDataStateTracker: hipri: Broadcast received: android.intent.action.ANY_DATA_STATE apnType=hipri
11-14 20:28:58.876   650   650 D MobileDataStateTracker: hipri: Received state=DISCONNECTED, old=CONNECTED, reason=dataDisabled
11-14 20:28:58.876   650   650 D MobileDataStateTracker: hipri: setDetailed state, old =CONNECTED and new state=DISCONNECTED
11-14 20:28:58.876   650   950 D ConnectivityService: ConnectivityChange for mobile_hipri: DISCONNECTED/DISCONNECTED
11-14 20:28:58.936   650   950 D Nat464Xlat: requiresClat: netType=5, hasIPv4Address=true
11-14 20:28:58.946   650   950 D MobileDataStateTracker: default: setPolicyDataEnable(enabled=true)
11-14 20:28:58.986   650   940 W NetworkPolicy: shared quota unsupported; generating rule for each iface
11-14 20:28:59.416   650   950 D MobileDataStateTracker: default: setPolicyDataEnable(enabled=true)
11-14 20:28:59.416   650   940 W NetworkPolicy: shared quota unsupported; generating rule for each iface
11-14 20:28:59.856   650   950 D MobileDataStateTracker: default: setPolicyDataEnable(enabled=true)
11-14 20:28:59.856   650   950 D MobileDataStateTracker: default: setPolicyDataEnable(enabled=true)
11-14 20:29:00.666   650  1114 D ConnectivityService: stopUsingNetworkFeature: teardown net 0: enableSUPL
11-14 20:29:00.676   650   650 D MobileDataStateTracker: supl: Broadcast received: android.intent.action.ANY_DATA_STATE apnType=supl
11-14 20:29:00.676   650   650 D MobileDataStateTracker: supl: Received state=DISCONNECTED, old=CONNECTED, reason=dataDisabled
11-14 20:29:00.676   650   650 D MobileDataStateTracker: supl: setDetailed state, old =CONNECTED and new state=DISCONNECTED
11-14 20:29:00.676   650   950 D ConnectivityService: ConnectivityChange for mobile_supl: DISCONNECTED/DISCONNECTED
11-14 20:29:00.676   175   598 W FrameworkListener: Handler 'interface' error (Success)
11-14 20:29:00.676   175   598 W FrameworkListener: Handler 'interface' error (Success)
11-14 20:29:00.696   650   950 D Nat464Xlat: requiresClat: netType=3, hasIPv4Address=true
11-14 20:29:00.706   650   950 D MobileDataStateTracker: default: setPolicyDataEnable(enabled=true)
11-14 20:29:00.886   650   950 D MobileDataStateTracker: default: setPolicyDataEnable(enabled=true)
11-14 20:29:01.026   650   950 D MobileDataStateTracker: default: setPolicyDataEnable(enabled=true)
11-14 20:29:01.036   650   950 D MobileDataStateTracker: default: setPolicyDataEnable(enabled=true)
11-14 20:29:03.876   650  2161 D ConnectivityService: [CheckMp] isMobileOk: X result=3
11-14 20:29:03.876   650   650 D ConnectivityService: [CheckMp] onPostExecute: result=3
11-14 20:29:03.876   650   650 D ConnectivityService: CheckMp.onComplete: result=3
11-14 20:29:03.876   650   650 D ConnectivityService: CheckMp.onComplete: ignore, connected or no connection
11-14 20:29:15.696   650   950 D ConnectivityService: Sampling interval elapsed, updating statistics ..
11-14 20:29:15.706   650   950 D ConnectivityService: Done.
11-14 20:30:02.946   650   897 I ActivityManager: START u0 {act=android.intent.action.MAIN cat=[android.intent.category.LAUNCHER] flg=0x10200000 cmp=com.android.settings/.Settings} from pid 1183
11-14 20:30:03.276  2479  2479 W ContextImpl: Calling a method in the system process without a qualified user: android.app.ContextImpl.bindService:1607 android.content.ContextWrapper.bindService:517 android.bluetooth.BluetoothInputDevice.doBind:256 android.bluetooth.BluetoothInputDevice.<init>:249 android.bluetooth.BluetoothAdapter.getProfileProxy:1375 
11-14 20:30:03.276  2479  2479 W ContextImpl: Calling a method in the system process without a qualified user: android.app.ContextImpl.bindService:1607 android.content.ContextWrapper.bindService:517 android.bluetooth.BluetoothPan.doBind:148 android.bluetooth.BluetoothPan.<init>:141 android.bluetooth.BluetoothAdapter.getProfileProxy:1378 
11-14 20:30:03.276  2479  2479 W ContextImpl: Calling a method in the system process without a qualified user: android.app.ContextImpl.bindService:1607 android.content.ContextWrapper.bindService:517 android.bluetooth.BluetoothMap.doBind:109 android.bluetooth.BluetoothMap.<init>:102 android.bluetooth.BluetoothAdapter.getProfileProxy:1390 
11-14 20:30:03.286  2479  2479 W ContextImpl: Calling a method in the system process without a qualified user: android.app.ContextImpl.bindService:1607 android.content.ContextWrapper.bindService:517 android.bluetooth.BluetoothPbap.doBind:164 android.bluetooth.BluetoothPbap.<init>:157 com.android.settings.bluetooth.PbapServerProfile.<init>:68 
11-14 20:30:03.396   650  1343 D WifiService: setWifiEnabled: true pid=2479, uid=1000
11-14 20:30:03.496  2479  2479 W ContextImpl: Calling a method in the system process without a qualified user: android.app.ContextImpl.startService:1543 android.content.ContextWrapper.startService:494 com.android.settings.search.SettingsSearchFilterAdapter.<init>:159 com.android.settings.Settings.onCreateOptionsMenu:289 android.app.Activity.onCreatePanelMenu:2538 
11-14 20:30:10.476   650  1182 I ActivityManager: START u0 {act=android.intent.action.MAIN cmp=com.android.settings/.SubSettings (has extras)} from pid 2479
11-14 20:30:10.536  2479  2479 W ContextImpl: Calling a method in the system process without a qualified user: android.app.ContextImpl.bindService:1607 android.content.ContextWrapper.bindService:517 com.android.settings.applications.ManageApplications.onCreate:866 android.app.Fragment.performCreate:1678 android.app.FragmentManagerImpl.moveToState:859 
11-14 20:30:10.546   650  1208 I ActivityManager: Start proc com.android.defcontainer for service com.android.defcontainer/.DefaultContainerService: pid=4389 uid=10005 gids={50005, 1028, 1015, 1023, 2001, 1035}
11-14 20:30:11.176   650   870 W ProcessCpuTracker: Skipping unknown process pid 4467
11-14 20:30:13.086   650   870 I ActivityManager: Killing 1203:com.android.printspooler/u0a52 (adj 15): empty #17
11-14 20:30:13.356   650  1182 I ActivityManager: START u0 {act=android.intent.action.MAIN cat=[android.intent.category.LAUNCHER] flg=0x10200000 cmp=com.android.settings/.Settings} from pid 1183
11-14 20:30:14.066   650   898 D WifiService: setWifiEnabled: true pid=2479, uid=1000
11-14 20:30:14.146  2479  2479 W ContextImpl: Calling a method in the system process without a qualified user: android.app.ContextImpl.startService:1543 android.content.ContextWrapper.startService:494 com.android.settings.search.SettingsSearchFilterAdapter.<init>:159 com.android.settings.Settings.onCreateOptionsMenu:289 android.app.Activity.onCreatePanelMenu:2538 
11-14 20:30:14.156   650   898 D WifiService: setWifiEnabled: true pid=2479, uid=1000
11-14 20:30:21.266   650   668 I ActivityManager: START u0 {act=android.intent.action.MAIN cmp=com.android.settings/.SubSettings (has extras)} from pid 2479
11-14 20:30:21.326  2479  2479 W ContextImpl: Calling a method in the system process without a qualified user: android.app.ContextImpl.bindService:1607 android.content.ContextWrapper.bindService:517 com.android.settings.applications.ManageApplications.onCreate:866 android.app.Fragment.performCreate:1678 android.app.FragmentManagerImpl.moveToState:859 
11-14 20:30:24.556   650  1180 I ActivityManager: START u0 {act=android.intent.action.MAIN cat=[android.intent.category.LAUNCHER] flg=0x10200000 cmp=com.android.settings/.Settings} from pid 1183
11-14 20:30:24.816   650   897 D WifiService: setWifiEnabled: true pid=2479, uid=1000
11-14 20:30:24.896  2479  2479 W ContextImpl: Calling a method in the system process without a qualified user: android.app.ContextImpl.startService:1543 android.content.ContextWrapper.startService:494 com.android.settings.search.SettingsSearchFilterAdapter.<init>:159 com.android.settings.Settings.onCreateOptionsMenu:289 android.app.Activity.onCreatePanelMenu:2538 
11-14 20:30:24.916   650  1207 D WifiService: setWifiEnabled: true pid=2479, uid=1000
11-14 20:30:26.306   650   870 W ProcessCpuTracker: Skipping unknown process pid 6026
11-14 20:30:26.306   650   870 W ProcessCpuTracker: Skipping unknown process pid 6028
11-14 20:30:26.306   650   870 W ProcessCpuTracker: Skipping unknown process pid 6029
11-14 20:30:26.306   650   870 W ProcessCpuTracker: Skipping unknown process pid 6030
11-14 20:30:26.306   650   870 W ProcessCpuTracker: Skipping unknown process pid 6031
11-14 20:30:26.316   650   870 W ProcessCpuTracker: Skipping unknown process pid 6034
11-14 20:30:26.316   650   870 W ProcessCpuTracker: Skipping unknown process pid 6036
11-14 20:30:31.296   650  1207 I ActivityManager: START u0 {act=android.intent.action.MAIN cmp=com.android.settings/.SubSettings (has extras)} from pid 2479
11-14 20:30:31.326  2479  2479 W ContextImpl: Calling a method in the system process without a qualified user: android.app.ContextImpl.bindService:1607 android.content.ContextWrapper.bindService:517 com.android.settings.applications.ManageApplications.onCreate:866 android.app.Fragment.performCreate:1678 android.app.FragmentManagerImpl.moveToState:859 
11-14 20:30:35.126   650  1180 I ActivityManager: START u0 {act=android.intent.action.MAIN cat=[android.intent.category.LAUNCHER] flg=0x10200000 cmp=com.android.settings/.Settings} from pid 1183
11-14 20:30:35.566   650   667 D WifiService: setWifiEnabled: true pid=2479, uid=1000
11-14 20:30:35.616  2479  2479 W ContextImpl: Calling a method in the system process without a qualified user: android.app.ContextImpl.startService:1543 android.content.ContextWrapper.startService:494 com.android.settings.search.SettingsSearchFilterAdapter.<init>:159 com.android.settings.Settings.onCreateOptionsMenu:289 android.app.Activity.onCreatePanelMenu:2538 
11-14 20:30:39.086   650   898 I ActivityManager: Start proc com.android.printspooler for service com.android.printspooler/.PrintSpoolerService: pid=6892 uid=10052 gids={50052}
11-14 20:30:39.226   650   668 I ProcessStatsService: Added stats: 1970-03-11-11-13-51, over +1m30s813ms
11-14 20:30:39.356   650   668 I ProcessStatsService: Added stats: 1970-03-11-11-13-51, over +1m30s813ms
11-14 20:30:42.046   650  1207 I ActivityManager: START u0 {act=android.intent.action.MAIN cmp=com.android.settings/.SubSettings (has extras)} from pid 2479
11-14 20:30:42.096  2479  2479 W ContextImpl: Calling a method in the system process without a qualified user: android.app.ContextImpl.bindService:1607 android.content.ContextWrapper.bindService:517 com.android.settings.applications.ManageApplications.onCreate:866 android.app.Fragment.performCreate:1678 android.app.FragmentManagerImpl.moveToState:859 
11-14 20:30:42.676   650   898 I ProcessStatsService: Added stats: 1970-03-11-11-13-51, over +1m30s813ms
11-14 20:30:42.746   650   898 I ProcessStatsService: Added stats: 1970-03-11-11-13-51, over +1m30s813ms
11-14 20:30:45.636   650   897 I ActivityManager: START u0 {act=android.intent.action.MAIN cat=[android.intent.category.LAUNCHER] flg=0x10200000 cmp=com.android.settings/.Settings} from pid 1183
11-14 20:30:46.066   650   898 D WifiService: setWifiEnabled: true pid=2479, uid=1000
11-14 20:30:46.136  2479  2479 W ContextImpl: Calling a method in the system process without a qualified user: android.app.ContextImpl.startService:1543 android.content.ContextWrapper.startService:494 com.android.settings.search.SettingsSearchFilterAdapter.<init>:159 com.android.settings.Settings.onCreateOptionsMenu:289 android.app.Activity.onCreatePanelMenu:2538 
11-14 20:30:46.156   650  1207 D WifiService: setWifiEnabled: true pid=2479, uid=1000
11-14 20:30:52.206   650  1343 I ActivityManager: START u0 {act=android.intent.action.MAIN cmp=com.android.settings/.SubSettings (has extras)} from pid 2479
11-14 20:30:52.256  2479  2479 W ContextImpl: Calling a method in the system process without a qualified user: android.app.ContextImpl.bindService:1607 android.content.ContextWrapper.bindService:517 com.android.settings.applications.ManageApplications.onCreate:866 android.app.Fragment.performCreate:1678 android.app.FragmentManagerImpl.moveToState:859 
11-14 20:30:56.016   650  1207 I ActivityManager: START u0 {act=android.intent.action.MAIN cat=[android.intent.category.LAUNCHER] flg=0x10200000 cmp=com.android.settings/.Settings} from pid 1183
11-14 20:30:56.456   650  1208 D WifiService: setWifiEnabled: true pid=2479, uid=1000
11-14 20:30:56.516  2479  2479 W ContextImpl: Calling a method in the system process without a qualified user: android.app.ContextImpl.startService:1543 android.content.ContextWrapper.startService:494 com.android.settings.search.SettingsSearchFilterAdapter.<init>:159 com.android.settings.Settings.onCreateOptionsMenu:289 android.app.Activity.onCreatePanelMenu:2538 
11-14 20:30:56.526   650  1182 D WifiService: setWifiEnabled: true pid=2479, uid=1000
11-14 20:31:02.806   650   897 I ActivityManager: START u0 {act=android.intent.action.MAIN cmp=com.android.settings/.SubSettings (has extras)} from pid 2479
11-14 20:31:02.886  2479  2479 W ContextImpl: Calling a method in the system process without a qualified user: android.app.ContextImpl.bindService:1607 android.content.ContextWrapper.bindService:517 com.android.settings.applications.ManageApplications.onCreate:866 android.app.Fragment.performCreate:1678 android.app.FragmentManagerImpl.moveToState:859 
11-14 20:31:06.616   650  1258 I ActivityManager: START u0 {act=android.intent.action.MAIN cat=[android.intent.category.LAUNCHER] flg=0x10200000 cmp=com.android.settings/.Settings} from pid 1183
11-14 20:31:07.106   650  1207 D WifiService: setWifiEnabled: true pid=2479, uid=1000
11-14 20:31:07.166  2479  2479 W ContextImpl: Calling a method in the system process without a qualified user: android.app.ContextImpl.startService:1543 android.content.ContextWrapper.startService:494 com.android.settings.search.SettingsSearchFilterAdapter.<init>:159 com.android.settings.Settings.onCreateOptionsMenu:289 android.app.Activity.onCreatePanelMenu:2538 
11-14 20:31:07.176   650   668 D WifiService: setWifiEnabled: true pid=2479, uid=1000
11-14 20:31:13.876   650  1343 I ActivityManager: START u0 {act=android.intent.action.MAIN cmp=com.android.settings/.SubSettings (has extras)} from pid 2479
11-14 20:31:13.956  2479  2479 W ContextImpl: Calling a method in the system process without a qualified user: android.app.ContextImpl.bindService:1607 android.content.ContextWrapper.bindService:517 com.android.settings.applications.ManageApplications.onCreate:866 android.app.Fragment.performCreate:1678 android.app.FragmentManagerImpl.moveToState:859 
11-14 20:31:17.666   650   668 I ActivityManager: START u0 {act=android.intent.action.MAIN cat=[android.intent.category.LAUNCHER] flg=0x10200000 cmp=com.android.settings/.Settings} from pid 1183
11-14 20:31:18.166   650   898 D WifiService: setWifiEnabled: true pid=2479, uid=1000
11-14 20:31:18.236  2479  2479 W ContextImpl: Calling a method in the system process without a qualified user: android.app.ContextImpl.startService:1543 android.content.ContextWrapper.startService:494 com.android.settings.search.SettingsSearchFilterAdapter.<init>:159 com.android.settings.Settings.onCreateOptionsMenu:289 android.app.Activity.onCreatePanelMenu:2538 
11-14 20:31:18.256   650   897 D WifiService: setWifiEnabled: true pid=2479, uid=1000
11-14 20:31:25.256   650  1207 I ActivityManager: START u0 {act=android.intent.action.MAIN cmp=com.android.settings/.SubSettings (has extras)} from pid 2479
11-14 20:31:25.336  2479  2479 W ContextImpl: Calling a method in the system process without a qualified user: android.app.ContextImpl.bindService:1607 android.content.ContextWrapper.bindService:517 com.android.settings.applications.ManageApplications.onCreate:866 android.app.Fragment.performCreate:1678 android.app.FragmentManagerImpl.moveToState:859 
11-14 20:31:28.946   650   898 I ActivityManager: START u0 {act=android.intent.action.MAIN cat=[android.intent.category.LAUNCHER] flg=0x10200000 cmp=com.android.settings/.Settings} from pid 1183
11-14 20:31:29.686   650  1208 D WifiService: setWifiEnabled: true pid=2479, uid=1000
11-14 20:31:29.746  2479  2479 W ContextImpl: Calling a method in the system process without a qualified user: android.app.ContextImpl.startService:1543 android.content.ContextWrapper.startService:494 com.android.settings.search.SettingsSearchFilterAdapter.<init>:159 com.android.settings.Settings.onCreateOptionsMenu:289 android.app.Activity.onCreatePanelMenu:2538 
11-14 20:31:29.756   650  1343 D WifiService: setWifiEnabled: true pid=2479, uid=1000
11-14 20:31:36.566   650  1180 I ActivityManager: START u0 {act=android.intent.action.MAIN cmp=com.android.settings/.SubSettings (has extras)} from pid 2479
11-14 20:31:36.666  2479  2479 W ContextImpl: Calling a method in the system process without a qualified user: android.app.ContextImpl.bindService:1607 android.content.ContextWrapper.bindService:517 com.android.settings.applications.ManageApplications.onCreate:866 android.app.Fragment.performCreate:1678 android.app.FragmentManagerImpl.moveToState:859 
11-14 20:31:40.526   650  1207 I ActivityManager: START u0 {act=android.intent.action.MAIN cat=[android.intent.category.LAUNCHER] flg=0x10200000 cmp=com.android.settings/.Settings} from pid 1183
11-14 20:31:40.946   650   667 D WifiService: setWifiEnabled: true pid=2479, uid=1000
11-14 20:31:41.006  2479  2479 W ContextImpl: Calling a method in the system process without a qualified user: android.app.ContextImpl.startService:1543 android.content.ContextWrapper.startService:494 com.android.settings.search.SettingsSearchFilterAdapter.<init>:159 com.android.settings.Settings.onCreateOptionsMenu:289 android.app.Activity.onCreatePanelMenu:2538 
11-14 20:31:41.016   650  1258 D WifiService: setWifiEnabled: true pid=2479, uid=1000
11-14 20:31:47.006   650  1258 I ActivityManager: START u0 {act=android.intent.action.MAIN cmp=com.android.settings/.SubSettings (has extras)} from pid 2479
11-14 20:31:47.076  2479  2479 W ContextImpl: Calling a method in the system process without a qualified user: android.app.ContextImpl.bindService:1607 android.content.ContextWrapper.bindService:517 com.android.settings.applications.ManageApplications.onCreate:866 android.app.Fragment.performCreate:1678 android.app.FragmentManagerImpl.moveToState:859 
11-14 20:31:50.516   650   898 I ActivityManager: START u0 {act=android.intent.action.MAIN cat=[android.intent.category.LAUNCHER] flg=0x10200000 cmp=com.android.settings/.Settings} from pid 1183
11-14 20:31:51.056   650  1182 D WifiService: setWifiEnabled: true pid=2479, uid=1000
11-14 20:31:51.116  2479  2479 W ContextImpl: Calling a method in the system process without a qualified user: android.app.ContextImpl.startService:1543 android.content.ContextWrapper.startService:494 com.android.settings.search.SettingsSearchFilterAdapter.<init>:159 com.android.settings.Settings.onCreateOptionsMenu:289 android.app.Activity.onCreatePanelMenu:2538 
11-14 20:31:51.126   650  1343 D WifiService: setWifiEnabled: true pid=2479, uid=1000
11-14 20:31:57.866   650  1182 I ActivityManager: START u0 {act=android.intent.action.MAIN cmp=com.android.settings/.SubSettings (has extras)} from pid 2479
11-14 20:31:57.936  2479  2479 W ContextImpl: Calling a method in the system process without a qualified user: android.app.ContextImpl.bindService:1607 android.content.ContextWrapper.bindService:517 com.android.settings.applications.ManageApplications.onCreate:866 android.app.Fragment.performCreate:1678 android.app.FragmentManagerImpl.moveToState:859 
11-14 20:32:01.726   650   897 I ActivityManager: START u0 {act=android.intent.action.MAIN cat=[android.intent.category.LAUNCHER] flg=0x10200000 cmp=com.android.settings/.Settings} from pid 1183
11-14 20:32:02.246   650   897 D WifiService: setWifiEnabled: true pid=2479, uid=1000
11-14 20:32:02.316  2479  2479 W ContextImpl: Calling a method in the system process without a qualified user: android.app.ContextImpl.startService:1543 android.content.ContextWrapper.startService:494 com.android.settings.search.SettingsSearchFilterAdapter.<init>:159 com.android.settings.Settings.onCreateOptionsMenu:289 android.app.Activity.onCreatePanelMenu:2538 
11-14 20:32:02.326   650  1182 D WifiService: setWifiEnabled: true pid=2479, uid=1000
11-14 20:32:08.496   650   898 I ActivityManager: START u0 {act=android.intent.action.MAIN cmp=com.android.settings/.SubSettings (has extras)} from pid 2479
11-14 20:32:08.536  2479  2479 W ContextImpl: Calling a method in the system process without a qualified user: android.app.ContextImpl.bindService:1607 android.content.ContextWrapper.bindService:517 com.android.settings.applications.ManageApplications.onCreate:866 android.app.Fragment.performCreate:1678 android.app.FragmentManagerImpl.moveToState:859 
11-14 20:32:12.496   650   667 I ActivityManager: START u0 {act=android.intent.action.MAIN cat=[android.intent.category.LAUNCHER] flg=0x10200000 cmp=com.android.settings/.Settings} from pid 1183
11-14 20:32:12.936   650  1182 D WifiService: setWifiEnabled: true pid=2479, uid=1000
11-14 20:32:13.006  2479  2479 W ContextImpl: Calling a method in the system process without a qualified user: android.app.ContextImpl.startService:1543 android.content.ContextWrapper.startService:494 com.android.settings.search.SettingsSearchFilterAdapter.<init>:159 com.android.settings.Settings.onCreateOptionsMenu:289 android.app.Activity.onCreatePanelMenu:2538 
11-14 20:32:13.016   650   668 D WifiService: setWifiEnabled: true pid=2479, uid=1000
11-14 20:32:16.306   650   870 W ProcessCpuTracker: Skipping unknown process pid 9844
11-14 20:32:16.326   650   870 W ProcessCpuTracker: Skipping unknown process pid 9846
11-14 20:32:19.146   650  1207 I ActivityManager: START u0 {act=android.intent.action.MAIN cmp=com.android.settings/.SubSettings (has extras)} from pid 2479
11-14 20:32:19.226  2479  2479 W ContextImpl: Calling a method in the system process without a qualified user: android.app.ContextImpl.bindService:1607 android.content.ContextWrapper.bindService:517 com.android.settings.applications.ManageApplications.onCreate:866 android.app.Fragment.performCreate:1678 android.app.FragmentManagerImpl.moveToState:859 
11-14 20:32:23.266   650  1182 I ActivityManager: START u0 {act=android.intent.action.MAIN cat=[android.intent.category.LAUNCHER] flg=0x10200000 cmp=com.android.settings/.Settings} from pid 1183
11-14 20:32:23.696   650  1182 D WifiService: setWifiEnabled: true pid=2479, uid=1000
11-14 20:32:23.756  2479  2479 W ContextImpl: Calling a method in the system process without a qualified user: android.app.ContextImpl.startService:1543 android.content.ContextWrapper.startService:494 com.android.settings.search.SettingsSearchFilterAdapter.<init>:159 com.android.settings.Settings.onCreateOptionsMenu:289 android.app.Activity.onCreatePanelMenu:2538 
11-14 20:32:23.766   650   668 D WifiService: setWifiEnabled: true pid=2479, uid=1000
11-14 20:32:29.806   650  1182 I ActivityManager: START u0 {act=android.intent.action.MAIN cmp=com.android.settings/.SubSettings (has extras)} from pid 2479
11-14 20:32:29.896  2479  2479 W ContextImpl: Calling a method in the system process without a qualified user: android.app.ContextImpl.bindService:1607 android.content.ContextWrapper.bindService:517 com.android.settings.applications.ManageApplications.onCreate:866 android.app.Fragment.performCreate:1678 android.app.FragmentManagerImpl.moveToState:859 
11-14 20:32:33.716   650  1208 I ActivityManager: START u0 {act=android.intent.action.MAIN cat=[android.intent.category.LAUNCHER] flg=0x10200000 cmp=com.android.settings/.Settings} from pid 1183
11-14 20:32:34.376   650   668 D WifiService: setWifiEnabled: true pid=2479, uid=1000
11-14 20:32:34.426  2479  2479 W ContextImpl: Calling a method in the system process without a qualified user: android.app.ContextImpl.startService:1543 android.content.ContextWrapper.startService:494 com.android.settings.search.SettingsSearchFilterAdapter.<init>:159 com.android.settings.Settings.onCreateOptionsMenu:289 android.app.Activity.onCreatePanelMenu:2538 
11-14 20:32:40.996   650   667 I ActivityManager: START u0 {act=android.intent.action.MAIN cmp=com.android.settings/.SubSettings (has extras)} from pid 2479
11-14 20:32:41.036  2479  2479 W ContextImpl: Calling a method in the system process without a qualified user: android.app.ContextImpl.bindService:1607 android.content.ContextWrapper.bindService:517 com.android.settings.applications.ManageApplications.onCreate:866 android.app.Fragment.performCreate:1678 android.app.FragmentManagerImpl.moveToState:859 
11-14 20:32:44.966   650   667 I ActivityManager: START u0 {act=android.intent.action.MAIN cat=[android.intent.category.LAUNCHER] flg=0x10200000 cmp=com.android.settings/.Settings} from pid 1183
11-14 20:32:45.626   650  1207 D WifiService: setWifiEnabled: true pid=2479, uid=1000
11-14 20:32:45.686  2479  2479 W ContextImpl: Calling a method in the system process without a qualified user: android.app.ContextImpl.startService:1543 android.content.ContextWrapper.startService:494 com.android.settings.search.SettingsSearchFilterAdapter.<init>:159 com.android.settings.Settings.onCreateOptionsMenu:289 android.app.Activity.onCreatePanelMenu:2538 
11-14 20:32:45.696   650   897 D WifiService: setWifiEnabled: true pid=2479, uid=1000
11-14 20:32:52.436   650   667 I ActivityManager: START u0 {act=android.intent.action.MAIN cmp=com.android.settings/.SubSettings (has extras)} from pid 2479
11-14 20:32:52.486  2479  2479 W ContextImpl: Calling a method in the system process without a qualified user: android.app.ContextImpl.bindService:1607 android.content.ContextWrapper.bindService:517 com.android.settings.applications.ManageApplications.onCreate:866 android.app.Fragment.performCreate:1678 android.app.FragmentManagerImpl.moveToState:859 
11-14 20:32:56.596   650  1207 I ActivityManager: START u0 {act=android.intent.action.MAIN cat=[android.intent.category.LAUNCHER] flg=0x10200000 cmp=com.android.settings/.Settings} from pid 1183
11-14 20:32:57.156   650   898 D WifiService: setWifiEnabled: true pid=2479, uid=1000
11-14 20:32:57.216  2479  2479 W ContextImpl: Calling a method in the system process without a qualified user: android.app.ContextImpl.startService:1543 android.content.ContextWrapper.startService:494 com.android.settings.search.SettingsSearchFilterAdapter.<init>:159 com.android.settings.Settings.onCreateOptionsMenu:289 android.app.Activity.onCreatePanelMenu:2538 
11-14 20:32:57.226   650  1180 D WifiService: setWifiEnabled: true pid=2479, uid=1000
11-14 20:33:03.346   650   667 I ActivityManager: START u0 {act=android.intent.action.MAIN cmp=com.android.settings/.SubSettings (has extras)} from pid 2479
11-14 20:33:03.416  2479  2479 W ContextImpl: Calling a method in the system process without a qualified user: android.app.ContextImpl.bindService:1607 android.content.ContextWrapper.bindService:517 com.android.settings.applications.ManageApplications.onCreate:866 android.app.Fragment.performCreate:1678 android.app.FragmentManagerImpl.moveToState:859 
11-14 20:33:07.716   650   667 I ActivityManager: START u0 {act=android.intent.action.MAIN cat=[android.intent.category.LAUNCHER] flg=0x10200000 cmp=com.android.settings/.Settings} from pid 1183
11-14 20:33:08.466   650   667 D WifiService: setWifiEnabled: true pid=2479, uid=1000
11-14 20:33:08.536   650   667 D WifiService: setWifiEnabled: true pid=2479, uid=1000
11-14 20:33:08.586  2479  2479 W ContextImpl: Calling a method in the system process without a qualified user: android.app.ContextImpl.startService:1543 android.content.ContextWrapper.startService:494 com.android.settings.search.SettingsSearchFilterAdapter.<init>:159 com.android.settings.Settings.onCreateOptionsMenu:289 android.app.Activity.onCreatePanelMenu:2538 
11-14 20:33:15.376   650  1182 I ActivityManager: START u0 {act=android.intent.action.MAIN cmp=com.android.settings/.SubSettings (has extras)} from pid 2479
11-14 20:33:15.456  2479  2479 W ContextImpl: Calling a method in the system process without a qualified user: android.app.ContextImpl.bindService:1607 android.content.ContextWrapper.bindService:517 com.android.settings.applications.ManageApplications.onCreate:866 android.app.Fragment.performCreate:1678 android.app.FragmentManagerImpl.moveToState:859 
11-14 20:33:19.376   650   668 I ActivityManager: START u0 {act=android.intent.action.MAIN cat=[android.intent.category.LAUNCHER] flg=0x10200000 cmp=com.android.settings/.Settings} from pid 1183
11-14 20:33:20.116   650  1258 D WifiService: setWifiEnabled: true pid=2479, uid=1000
11-14 20:33:20.186  2479  2479 W ContextImpl: Calling a method in the system process without a qualified user: android.app.ContextImpl.startService:1543 android.content.ContextWrapper.startService:494 com.android.settings.search.SettingsSearchFilterAdapter.<init>:159 com.android.settings.Settings.onCreateOptionsMenu:289 android.app.Activity.onCreatePanelMenu:2538 
11-14 20:33:20.196   650  1180 D WifiService: setWifiEnabled: true pid=2479, uid=1000
11-14 20:33:26.216   650  1207 I ActivityManager: START u0 {act=android.intent.action.MAIN cmp=com.android.settings/.SubSettings (has extras)} from pid 2479
11-14 20:33:26.286  2479  2479 W ContextImpl: Calling a method in the system process without a qualified user: android.app.ContextImpl.bindService:1607 android.content.ContextWrapper.bindService:517 com.android.settings.applications.ManageApplications.onCreate:866 android.app.Fragment.performCreate:1678 android.app.FragmentManagerImpl.moveToState:859 
11-14 20:33:30.616   650  1208 I ActivityManager: START u0 {act=android.intent.action.MAIN cat=[android.intent.category.LAUNCHER] flg=0x10200000 cmp=com.android.settings/.Settings} from pid 1183
11-14 20:33:31.416   650  1208 D WifiService: setWifiEnabled: true pid=2479, uid=1000
11-14 20:33:31.476  2479  2479 W ContextImpl: Calling a method in the system process without a qualified user: android.app.ContextImpl.startService:1543 android.content.ContextWrapper.startService:494 com.android.settings.search.SettingsSearchFilterAdapter.<init>:159 com.android.settings.Settings.onCreateOptionsMenu:289 android.app.Activity.onCreatePanelMenu:2538 
11-14 20:33:31.486   650   667 D WifiService: setWifiEnabled: true pid=2479, uid=1000
11-14 20:33:37.526   650  1182 I ActivityManager: START u0 {act=android.intent.action.MAIN cmp=com.android.settings/.SubSettings (has extras)} from pid 2479
11-14 20:33:37.596  2479  2479 W ContextImpl: Calling a method in the system process without a qualified user: android.app.ContextImpl.bindService:1607 android.content.ContextWrapper.bindService:517 com.android.settings.applications.ManageApplications.onCreate:866 android.app.Fragment.performCreate:1678 android.app.FragmentManagerImpl.moveToState:859 
11-14 20:33:42.006   650  1208 I ActivityManager: START u0 {act=android.intent.action.MAIN cat=[android.intent.category.LAUNCHER] flg=0x10200000 cmp=com.android.settings/.Settings} from pid 1183
11-14 20:33:42.776   650   897 D WifiService: setWifiEnabled: true pid=2479, uid=1000
11-14 20:33:42.836  2479  2479 W ContextImpl: Calling a method in the system process without a qualified user: android.app.ContextImpl.startService:1543 android.content.ContextWrapper.startService:494 com.android.settings.search.SettingsSearchFilterAdapter.<init>:159 com.android.settings.Settings.onCreateOptionsMenu:289 android.app.Activity.onCreatePanelMenu:2538 
11-14 20:33:48.796   650  1182 I ActivityManager: START u0 {act=android.intent.action.MAIN cmp=com.android.settings/.SubSettings (has extras)} from pid 2479
11-14 20:33:48.916  2479  2479 W ContextImpl: Calling a method in the system process without a qualified user: android.app.ContextImpl.bindService:1607 android.content.ContextWrapper.bindService:517 com.android.settings.applications.ManageApplications.onCreate:866 android.app.Fragment.performCreate:1678 android.app.FragmentManagerImpl.moveToState:859 
11-14 20:33:52.786   650   667 I ActivityManager: START u0 {act=android.intent.action.MAIN cat=[android.intent.category.LAUNCHER] flg=0x10200000 cmp=com.android.settings/.Settings} from pid 1183
11-14 20:33:53.556   650   898 D WifiService: setWifiEnabled: true pid=2479, uid=1000
11-14 20:33:53.616  2479  2479 W ContextImpl: Calling a method in the system process without a qualified user: android.app.ContextImpl.startService:1543 android.content.ContextWrapper.startService:494 com.android.settings.search.SettingsSearchFilterAdapter.<init>:159 com.android.settings.Settings.onCreateOptionsMenu:289 android.app.Activity.onCreatePanelMenu:2538 
11-14 20:33:53.626   650  1258 D WifiService: setWifiEnabled: true pid=2479, uid=1000
11-14 20:34:00.606   650  1180 I ActivityManager: START u0 {act=android.intent.action.MAIN cmp=com.android.settings/.SubSettings (has extras)} from pid 2479
11-14 20:34:00.636  2479  2479 W ContextImpl: Calling a method in the system process without a qualified user: android.app.ContextImpl.bindService:1607 android.content.ContextWrapper.bindService:517 com.android.settings.applications.ManageApplications.onCreate:866 android.app.Fragment.performCreate:1678 android.app.FragmentManagerImpl.moveToState:859 
11-14 20:34:01.006   650   870 W ProcessCpuTracker: Skipping unknown process pid 12911
11-14 20:34:04.736   650  1180 I ActivityManager: START u0 {act=android.intent.action.MAIN cat=[android.intent.category.LAUNCHER] flg=0x10200000 cmp=com.android.settings/.Settings} from pid 1183
11-14 20:34:05.806   650   667 D WifiService: setWifiEnabled: true pid=2479, uid=1000
11-14 20:34:05.876  2479  2479 W ContextImpl: Calling a method in the system process without a qualified user: android.app.ContextImpl.startService:1543 android.content.ContextWrapper.startService:494 com.android.settings.search.SettingsSearchFilterAdapter.<init>:159 com.android.settings.Settings.onCreateOptionsMenu:289 android.app.Activity.onCreatePanelMenu:2538 
11-14 20:34:05.886   650  1258 D WifiService: setWifiEnabled: true pid=2479, uid=1000
11-14 20:34:11.926   650  1180 I ActivityManager: START u0 {act=android.intent.action.MAIN cmp=com.android.settings/.SubSettings (has extras)} from pid 2479
11-14 20:34:11.966  2479  2479 W ContextImpl: Calling a method in the system process without a qualified user: android.app.ContextImpl.bindService:1607 android.content.ContextWrapper.bindService:517 com.android.settings.applications.ManageApplications.onCreate:866 android.app.Fragment.performCreate:1678 android.app.FragmentManagerImpl.moveToState:859 
11-14 20:34:16.436   650   897 I ActivityManager: START u0 {act=android.intent.action.MAIN cat=[android.intent.category.LAUNCHER] flg=0x10200000 cmp=com.android.settings/.Settings} from pid 1183
11-14 20:34:17.386   650   897 D WifiService: setWifiEnabled: true pid=2479, uid=1000
11-14 20:34:17.456  2479  2479 W ContextImpl: Calling a method in the system process without a qualified user: android.app.ContextImpl.startService:1543 android.content.ContextWrapper.startService:494 com.android.settings.search.SettingsSearchFilterAdapter.<init>:159 com.android.settings.Settings.onCreateOptionsMenu:289 android.app.Activity.onCreatePanelMenu:2538 
11-14 20:34:17.466   650   667 D WifiService: setWifiEnabled: true pid=2479, uid=1000
11-14 20:34:24.306   650   668 I ActivityManager: START u0 {act=android.intent.action.MAIN cmp=com.android.settings/.SubSettings (has extras)} from pid 2479
11-14 20:34:24.366  2479  2479 W ContextImpl: Calling a method in the system process without a qualified user: android.app.ContextImpl.bindService:1607 android.content.ContextWrapper.bindService:517 com.android.settings.applications.ManageApplications.onCreate:866 android.app.Fragment.performCreate:1678 android.app.FragmentManagerImpl.moveToState:859 
11-14 20:34:28.746   650  1343 I ActivityManager: START u0 {act=android.intent.action.MAIN cat=[android.intent.category.LAUNCHER] flg=0x10200000 cmp=com.android.settings/.Settings} from pid 1183
11-14 20:34:29.606   650  1258 D WifiService: setWifiEnabled: true pid=2479, uid=1000
11-14 20:34:29.666  2479  2479 W ContextImpl: Calling a method in the system process without a qualified user: android.app.ContextImpl.startService:1543 android.content.ContextWrapper.startService:494 com.android.settings.search.SettingsSearchFilterAdapter.<init>:159 com.android.settings.Settings.onCreateOptionsMenu:289 android.app.Activity.onCreatePanelMenu:2538 
11-14 20:34:29.676   650  1180 D WifiService: setWifiEnabled: true pid=2479, uid=1000
11-14 20:34:35.876   650   897 I ActivityManager: START u0 {act=android.intent.action.MAIN cmp=com.android.settings/.SubSettings (has extras)} from pid 2479
11-14 20:34:35.926  2479  2479 W ContextImpl: Calling a method in the system process without a qualified user: android.app.ContextImpl.bindService:1607 android.content.ContextWrapper.bindService:517 com.android.settings.applications.ManageApplications.onCreate:866 android.app.Fragment.performCreate:1678 android.app.FragmentManagerImpl.moveToState:859 
11-14 20:34:40.266   650  1207 I ActivityManager: START u0 {act=android.intent.action.MAIN cat=[android.intent.category.LAUNCHER] flg=0x10200000 cmp=com.android.settings/.Settings} from pid 1183
11-14 20:34:41.036   650   898 D WifiService: setWifiEnabled: true pid=2479, uid=1000
11-14 20:34:41.106  2479  2479 W ContextImpl: Calling a method in the system process without a qualified user: android.app.ContextImpl.startService:1543 android.content.ContextWrapper.startService:494 com.android.settings.search.SettingsSearchFilterAdapter.<init>:159 com.android.settings.Settings.onCreateOptionsMenu:289 android.app.Activity.onCreatePanelMenu:2538 
11-14 20:34:41.116   650  1207 D WifiService: setWifiEnabled: true pid=2479, uid=1000
11-14 20:34:47.816   650  1207 I ActivityManager: START u0 {act=android.intent.action.MAIN cmp=com.android.settings/.SubSettings (has extras)} from pid 2479
11-14 20:34:47.886  2479  2479 W ContextImpl: Calling a method in the system process without a qualified user: android.app.ContextImpl.bindService:1607 android.content.ContextWrapper.bindService:517 com.android.settings.applications.ManageApplications.onCreate:866 android.app.Fragment.performCreate:1678 android.app.FragmentManagerImpl.moveToState:859 
11-14 20:34:51.946   650  1180 I ActivityManager: START u0 {act=android.intent.action.MAIN cat=[android.intent.category.LAUNCHER] flg=0x10200000 cmp=com.android.settings/.Settings} from pid 1183
11-14 20:34:52.786   650  1180 D WifiService: setWifiEnabled: true pid=2479, uid=1000
11-14 20:34:52.856  2479  2479 W ContextImpl: Calling a method in the system process without a qualified user: android.app.ContextImpl.startService:1543 android.content.ContextWrapper.startService:494 com.android.settings.search.SettingsSearchFilterAdapter.<init>:159 com.android.settings.Settings.onCreateOptionsMenu:289 android.app.Activity.onCreatePanelMenu:2538 
11-14 20:34:52.866   650  1208 D WifiService: setWifiEnabled: true pid=2479, uid=1000
11-14 20:34:58.956   650   668 I ActivityManager: START u0 {act=android.intent.action.MAIN cmp=com.android.settings/.SubSettings (has extras)} from pid 2479
11-14 20:34:59.046  2479  2479 W ContextImpl: Calling a method in the system process without a qualified user: android.app.ContextImpl.bindService:1607 android.content.ContextWrapper.bindService:517 com.android.settings.applications.ManageApplications.onCreate:866 android.app.Fragment.performCreate:1678 android.app.FragmentManagerImpl.moveToState:859 
11-14 20:35:03.586   650   668 I ActivityManager: START u0 {act=android.intent.action.MAIN cat=[android.intent.category.LAUNCHER] flg=0x10200000 cmp=com.android.settings/.Settings} from pid 1183
11-14 20:35:04.536   650  1207 D WifiService: setWifiEnabled: true pid=2479, uid=1000
11-14 20:35:04.596  2479  2479 W ContextImpl: Calling a method in the system process without a qualified user: android.app.ContextImpl.startService:1543 android.content.ContextWrapper.startService:494 com.android.settings.search.SettingsSearchFilterAdapter.<init>:159 com.android.settings.Settings.onCreateOptionsMenu:289 android.app.Activity.onCreatePanelMenu:2538 
11-14 20:35:04.606   650  1258 D WifiService: setWifiEnabled: true pid=2479, uid=1000
11-14 20:35:11.346   650  1182 I ActivityManager: START u0 {act=android.intent.action.MAIN cmp=com.android.settings/.SubSettings (has extras)} from pid 2479
