11-14 20:28:22.451  1123  1247 D RILJ    : [3717]< VOICE_REGISTRATION_STATE {2, null, null, 0, null, null, null, 0, null, null, null, null, null, 0, null}
11-14 20:28:22.451  1123  1123 D PHONE   : [ServiceState] setVoiceRegState=1
11-14 20:28:22.451  1123  1123 E PHONE   : [ServiceState] setState deprecated use setVoiceRegState()
11-14 20:28:22.451  1123  1123 D GsmSST  : [GsmSST] Poll ServiceState done:  oldSS=[1 1 home null null null  Unknown Unknown CSS not supported 0 0 RoamInd=0 DefRoamInd=0 EmergOnly=false] newSS=[1 1 home null null null  Unknown Unknown CSS not supported -1 -1 RoamInd=-1 DefRoamInd=-1 EmergOnly=false] oldMaxDataCalls=20 mNewMaxDataCalls=20 oldReasonDataDenied=-1 mNewReasonDataDenied=-1
11-14 20:28:22.451  1123  1123 D PHONE   : [ServiceState] setNullState=1
11-14 20:28:22.451  1123  1123 D GsmSST  : [GsmSST] updateSpnDisplay: radio is on but out of service, set plmn='No service.'
11-14 20:28:22.451  1123  1123 D GsmSST  : [GsmSST] operatorNumeric is null
11-14 20:28:23.321  1123  1247 D RILJ    : [UNSL]< UNSOL_STK_PROACTIVE_COMMAND D081A2810301250082028182850F80005500530049004D53615E9475288F0A37807CBE54C163A883508F0A628059296C14988462A58F0A6480822A73ED67E58BE28F0A668051FA884C630753578F0A68804F53575B5FEB8BAF8F0CA28065B095FB65E9665A62A58F0AA480624B673A97F34E508F0AA680624B673A96058BFB8F0AA880624B673A90AE7BB18F0AAA8077ED4FE152A974068F0CAC80624B673A84254E1A5385
11-14 20:28:23.321  1123  1123 D CAT     : CatService: ril message arrived
11-14 20:28:23.321  1123  1387 D CAT     : CommandParamsFactory: process SelectItem
11-14 20:28:23.331  1123  1123 D CAT     : CatService: SET_UP_MENU
11-14 20:28:23.331  1123  1123 D CAT     : CatService: encodeOptionalTags() Unsupported Cmd details=CmdDetails: compRequired=true commandNumber=1 typeOfCommand=37 commandQualifier=0
11-14 20:28:23.331  1123  1123 D RILJ    : [3719]> REQUEST_STK_SEND_TERMINAL_RESPONSE
11-14 20:28:23.341  1123  1247 D RILJ    : [3719]< REQUEST_STK_SEND_TERMINAL_RESPONSE 
11-14 20:28:23.351  1123  1123 D CAT     : StkAppService: 1called on slot:0
11-14 20:28:23.351  1123  1976 D CAT     : StkAppService$ServiceHandler: SET_UP_MENU
11-14 20:28:23.351  1123  1976 D CAT     : StkAppService$ServiceHandler: Install App
11-14 20:28:23.351  1123  1247 D RILJ    : [UNSL]< UNSOL_STK_SESSION_END
11-14 20:28:23.361  1123  1247 D RILJ    : [UNSL]< UNSOL_RESPONSE_VOICE_NETWORK_STATE_CHANGED
11-14 20:28:23.361  1123  1123 D CAT     : CatService: ril message arrived
11-14 20:28:23.361  1123  1123 D RILJ    : [3720]> OPERATOR
11-14 20:28:23.371  1123  1123 D RILJ    : [3721]> DATA_REGISTRATION_STATE
11-14 20:28:23.371  1123  1123 D RILJ    : [3722]> VOICE_REGISTRATION_STATE
11-14 20:28:23.371  1123  1123 D RILJ    : [3723]> QUERY_NETWORK_SELECTION_MODE
11-14 20:28:23.371  1123  1247 D RILJ    : [3720]< OPERATOR {null, null, null}
11-14 20:28:23.381  1123  1247 D RILJ    : [3721]< DATA_REGISTRATION_STATE {2, null, null, null, 0, 20, null, null, null, null, null}
11-14 20:28:23.381  1123  1247 D RILJ    : [3722]< VOICE_REGISTRATION_STATE {2, null, null, 0, null, null, null, 0, null, null, null, null, null, 0, null}
11-14 20:28:23.381  1123  1123 D CAT     : CatService: SESSION END
11-14 20:28:23.381  1123  1247 D RILJ    : [3723]< QUERY_NETWORK_SELECTION_MODE {0}
11-14 20:28:23.381  1123  1123 D PHONE   : [ServiceState] setDataRegState=1
11-14 20:28:23.381  1123  1123 D PHONE   : [ServiceState] setDataRadioTechnology=0
11-14 20:28:23.381  1123  1123 D GsmSST  : [GsmSST] handlPollStateResultMessage: GsmSST setDataRegState=1 regState=2 dataRadioTechnology=0
11-14 20:28:23.381  1123  1123 D PHONE   : [ServiceState] setVoiceRegState=1
11-14 20:28:23.381  1123  1123 E PHONE   : [ServiceState] setState deprecated use setVoiceRegState()
11-14 20:28:23.391  1123  1123 D GsmSST  : [GsmSST] Poll ServiceState done:  oldSS=[1 1 home null null null  Unknown Unknown CSS not supported -1 -1 RoamInd=-1 DefRoamInd=-1 EmergOnly=false] newSS=[1 1 home null null null  Unknown Unknown CSS not supported -1 -1 RoamInd=-1 DefRoamInd=-1 EmergOnly=false] oldMaxDataCalls=20 mNewMaxDataCalls=20 oldReasonDataDenied=-1 mNewReasonDataDenied=-1
11-14 20:28:23.391  1123  1123 D PHONE   : [ServiceState] setNullState=1
11-14 20:28:23.391  1123  1123 D CAT     : StkAppService: 4called on slot:0
11-14 20:28:23.711  1123  1247 D RILJ    : [UNSL]< UNSOL_RESPONSE_VOICE_NETWORK_STATE_CHANGED
11-14 20:28:23.711  1123  1123 D RILJ    : [3724]> OPERATOR
11-14 20:28:23.711  1123  1123 D RILJ    : [3725]> DATA_REGISTRATION_STATE
11-14 20:28:23.711  1123  1123 D RILJ    : [3726]> VOICE_REGISTRATION_STATE
11-14 20:28:23.711  1123  1247 D RILJ    : [UNSL]< UNSOL_RESPONSE_VOICE_NETWORK_STATE_CHANGED
11-14 20:28:23.721  1123  1123 D RILJ    : [3727]> QUERY_NETWORK_SELECTION_MODE
11-14 20:28:23.721  1123  1247 D RILJ    : [3725]< DATA_REGISTRATION_STATE {1, null, null, 14, null, 20, 4125, 147, 4855663, null, null}
11-14 20:28:23.721  1123  1247 D RILJ    : [UNSL]< UNSOL_RESPONSE_VOICE_NETWORK_STATE_CHANGED
11-14 20:28:23.721  1123  1247 D RILJ    : [UNSL]< UNSOL_RESPONSE_VOICE_NETWORK_STATE_CHANGED
11-14 20:28:23.721  1123  1247 D RILJ    : [3724]< OPERATOR {, , 46001}
11-14 20:28:23.721  1123  1247 D RILJ    : [3726]< VOICE_REGISTRATION_STATE {1, 101d, null, 14, null, null, null, 0, null, null, 1, null, null, 0, null}
11-14 20:28:23.731  1123  1123 D RILJ    : [3728]> OPERATOR
11-14 20:28:23.731  1123  1247 D RILJ    : [3727]< QUERY_NETWORK_SELECTION_MODE {0}
11-14 20:28:23.731  1123  1123 D RILJ    : [3729]> DATA_REGISTRATION_STATE
11-14 20:28:23.731  1123  1123 D RILJ    : [3730]> VOICE_REGISTRATION_STATE
11-14 20:28:23.731  1123  1123 D RILJ    : [3731]> QUERY_NETWORK_SELECTION_MODE
11-14 20:28:23.731  1123  1123 D RILJ    : [3732]> OPERATOR
11-14 20:28:23.731  1123  1123 D RILJ    : [3733]> DATA_REGISTRATION_STATE
11-14 20:28:23.731  1123  1123 D RILJ    : [3734]> VOICE_REGISTRATION_STATE
11-14 20:28:23.741  1123  1123 D RILJ    : [3735]> QUERY_NETWORK_SELECTION_MODE
11-14 20:28:23.741  1123  1123 D RILJ    : [3736]> OPERATOR
11-14 20:28:23.741  1123  1123 D RILJ    : [3737]> DATA_REGISTRATION_STATE
11-14 20:28:23.741  1123  1247 D RILJ    : [3728]< OPERATOR {, , 46001}
11-14 20:28:23.741  1123  1247 D RILJ    : [3729]< DATA_REGISTRATION_STATE {1, null, null, 14, null, 20, 4125, 147, 4855663, null, null}
11-14 20:28:23.741  1123  1247 D RILJ    : [3730]< VOICE_REGISTRATION_STATE {1, 101d, null, 14, null, null, null, 0, null, null, 1, null, null, 0, null}
11-14 20:28:23.741  1123  1247 D RILJ    : [3731]< QUERY_NETWORK_SELECTION_MODE {0}
11-14 20:28:23.741  1123  1247 D RILJ    : [3732]< OPERATOR {, , 46001}
11-14 20:28:23.741  1123  1247 D RILJ    : [3734]< VOICE_REGISTRATION_STATE {1, 101d, null, 14, null, null, null, 0, null, null, 1, null, null, 0, null}
11-14 20:28:23.741  1123  1247 D RILJ    : [3733]< DATA_REGISTRATION_STATE {1, null, null, 14, null, 20, 4125, 147, 4855663, null, null}
11-14 20:28:23.741  1123  1123 D RILJ    : [3738]> VOICE_REGISTRATION_STATE
11-14 20:28:23.741  1123  1247 D RILJ    : [3735]< QUERY_NETWORK_SELECTION_MODE {0}
11-14 20:28:23.741  1123  1247 D RILJ    : [3736]< OPERATOR {, , 46001}
11-14 20:28:23.751  1123  1123 D RILJ    : [3739]> QUERY_NETWORK_SELECTION_MODE
11-14 20:28:23.751  1123  1247 D RILJ    : [UNSL]< UNSOL_RESPONSE_VOICE_NETWORK_STATE_CHANGED
11-14 20:28:23.751  1123  1123 D RILJ    : [3740]> OPERATOR
11-14 20:28:23.751  1123  1247 D RILJ    : [3738]< VOICE_REGISTRATION_STATE {1, 101d, null, 14, null, null, null, 0, null, null, 1, null, null, 0, null}
11-14 20:28:23.751  1123  1123 D RILJ    : [3741]> DATA_REGISTRATION_STATE
11-14 20:28:23.751  1123  1247 D RILJ    : [3739]< QUERY_NETWORK_SELECTION_MODE {0}
11-14 20:28:23.751  1123  1247 D RILJ    : [3737]< DATA_REGISTRATION_STATE {1, null, null, 14, null, 20, 4125, 147, 4855663, null, null}
11-14 20:28:23.751  1123  1247 D RILJ    : [3741]< DATA_REGISTRATION_STATE {1, null, null, 14, null, 20, 4125, 147, 4855663, null, null}
11-14 20:28:23.751  1123  1123 D RILJ    : [3742]> VOICE_REGISTRATION_STATE
11-14 20:28:23.751  1123  1247 D RILJ    : [3740]< OPERATOR {, , 46001}
11-14 20:28:23.751  1123  1123 D RILJ    : [3743]> QUERY_NETWORK_SELECTION_MODE
11-14 20:28:23.751  1123  1123 D PHONE   : [ServiceState] setDataRegState=0
11-14 20:28:23.751  1123  1123 D PHONE   : [ServiceState] setDataRadioTechnology=14
11-14 20:28:23.751  1123  1123 D GsmSST  : [GsmSST] handlPollStateResultMessage: GsmSST setDataRegState=0 regState=1 dataRadioTechnology=14
11-14 20:28:23.761  1123  1247 D RILJ    : [3743]< QUERY_NETWORK_SELECTION_MODE {0}
11-14 20:28:23.761  1123  1247 D RILJ    : [3742]< VOICE_REGISTRATION_STATE {1, 101d, null, 14, null, null, null, 0, null, null, 1, null, null, 0, null}
11-14 20:28:23.761  1123  1123 D PHONE   : [ServiceState] setVoiceRegState=0
11-14 20:28:23.761  1123  1123 E PHONE   : [ServiceState] setState deprecated use setVoiceRegState()
11-14 20:28:23.761  1123  1123 D GsmSST  : [GsmSST] Poll ServiceState done:  oldSS=[1 1 home null null null  Unknown Unknown CSS not supported -1 -1 RoamInd=-1 DefRoamInd=-1 EmergOnly=false] newSS=[0 0 home   46001  LTE LTE CSS not supported -1 -1 RoamInd=-1 DefRoamInd=-1 EmergOnly=false] oldMaxDataCalls=20 mNewMaxDataCalls=20 oldReasonDataDenied=-1 mNewReasonDataDenied=-1
11-14 20:28:23.761  1123  1123 D GsmSST  : [GsmSST] RAT switched Unknown -> LTE at cell -1
11-14 20:28:23.761  1123  1123 D PHONE   : [ServiceState] setNullState=1
11-14 20:28:23.761  1123  1123 D PhoneProxy: [PhoneProxy] updatePhoneObject: radioTechnology=14
11-14 20:28:23.761  1123  1123 D GsmSST  : [GsmSST] Iwlan feature available = false
11-14 20:28:23.761  1123  1123 D GsmSST  : [GsmSST] pollStateDone: registering current mNitzUpdatedTime=false changing to false
11-14 20:28:23.761  1123  1123 D GsmSST  : [GsmSST] updateSpnDisplay: changed sending intent rule=1 showPlmn='false' plmn='' showSpn='true' spn=''
11-14 20:28:23.761  1123  1247 D RILJ    : [UNSL]< UNSOL_STK_PROACTIVE_COMMAND D0308103012101820281028D25085C0A656C768475286237FF0C6B228FCE60A84F7F75284E2D56FD8054901A4E1A52A1FF01
11-14 20:28:23.791  1123  1123 D GsmSST  : [GsmSST] pollStateDone: no nitz but one TZ for iso-cc=cn with zone.getID=Asia/Shanghai testOneUniqueOffsetPath=false
11-14 20:28:23.791  1123  1123 D GsmSST  : [GsmSST] setAndBroadcastNetworkSetTimeZone: setTimeZone=Asia/Shanghai
11-14 20:28:23.791  1123  1123 D GsmSST  : [GsmSST] setAndBroadcastNetworkSetTimeZone: call alarm.setTimeZone and broadcast zoneId=Asia/Shanghai
11-14 20:28:23.801  1123  1123 D GsmSST  : [GsmSST] shouldFixTimeZoneNow: retVal=true iccCardExist=true operatorNumeric=46001 mcc=460 prevOperatorNumeric= prevMcc=461 needToFixTimeZone=false ltod=11-14 20:28:23.810
11-14 20:28:23.801  1123  1123 D GsmSST  : [GsmSST] pollStateDone: fix time zone zoneName='Asia/Shanghai' mZoneOffset=0 mZoneDst=false iso-cc='cn' iso-cc-idx=-3
11-14 20:28:23.801  1123  1123 D GsmSST  : [GsmSST] pollStateDone: using default TimeZone
11-14 20:28:23.801  1123  1123 D GsmSST  : [GsmSST] pollStateDone: zone != null zone.getID=Asia/Shanghai
11-14 20:28:23.801  1123  1123 D GsmSST  : [GsmSST] setAndBroadcastNetworkSetTimeZone: setTimeZone=Asia/Shanghai
11-14 20:28:23.801  1123  1123 D GsmSST  : [GsmSST] setAndBroadcastNetworkSetTimeZone: call alarm.setTimeZone and broadcast zoneId=Asia/Shanghai
11-14 20:28:23.811  1123  1123 D GsmSST  : [GsmSST] notifyDataRegStateRilRadioTechnologyChanged: drs=0 rat=14
11-14 20:28:23.811  1123  1123 D GsmSST  : [GsmSST] Iwlan feature available = false
11-14 20:28:23.811  1123  1123 D GsmDCT  : get all active apn types
11-14 20:28:23.811  1123  1123 D GsmSST  : [GsmSST] SST.getAllCellInfo(): return last, same thread can't block
11-14 20:28:23.811  1123  1123 D GsmSST  : [GsmSST] SST.getAllCellInfo(): X size=0 list=null
11-14 20:28:23.811  1123  1123 D GsmSST  : [GsmSST] getCellLocation(): X empty mCellLoc and CellInfo mCellLoc=[4125,-1,-1]
11-14 20:28:23.811  1123  1123 D PhoneProxy: [PhoneProxy] phoneObjectUpdater: newVoiceRadioTech=14
11-14 20:28:23.811  1123  1123 D PhoneProxy: [PhoneProxy] phoneObjectUpdater: volteReplacementRat=0
11-14 20:28:23.811  1123  1123 D PhoneProxy: [PhoneProxy] phoneObjectUpdater: No change ignore, newVoiceRadioTech=14 mActivePhone=GSM
11-14 20:28:23.811  1123  1123 D CAT     : CatService: ril message arrived
11-14 20:28:23.811  1123  1387 D CAT     : CommandParamsFactory: process DisplayText
11-14 20:28:23.811  1123  1123 D GsmDCT  : handleMessage msg={ when=-5ms what=270376 obj=android.os.AsyncResult@421392c8 target=com.android.internal.telephony.dataconnection.DcTracker }
11-14 20:28:23.811  1123  1123 D GsmDCT  : onUpdateIcc: newIccRecords com.android.internal.telephony.uicc.SIMRecords
11-14 20:28:23.811  1123  1123 D GsmDCT  : New records found com.android.internal.telephony.uicc.SIMRecords
11-14 20:28:23.811  1123  1123 D GsmDCT  : onUpdateIcc: tryRestartDataConnections nwTypeChanged
11-14 20:28:23.811  1123  1123 D GsmDCT  : overall state is IDLE
11-14 20:28:23.831  1123  1123 D GsmDCT  : tryRestartDataConnections: createAllApnList and cleanUpAllConnections
11-14 20:28:23.831  1123  1123 D GsmDCT  : getOperatorNumberic - returning from card: 46001
11-14 20:28:23.831  1123  1123 D GsmDCT  : createAllApnList: selection=numeric = '46001' and carrier_enabled = 1
11-14 20:28:23.841  1123  1123 D GsmDCT  : createApnList: X result=[[ApnSettingV2] China Unicom 3G, 1583, 46001, 3gnet, null, null, null, null, 80, -1, default | supl, IP, IP, true, 0, [ApnSettingV2]  3g  (China Unicom), 1584, 46001, 3gwap, null, http://mmsc.myuni.com.cn, 10.0.0.172, 80, null, -1, mms, IP, IP, true, 0, [ApnSettingV2] China Unicom MMS, 1585, 46001, uniwap, null, http://mmsc.myuni.com.cn, 10.0.0.172, 80, null, -1, mms, IP, IP, true, 0]
11-14 20:28:23.851  1123  1123 D GsmDCT  : getPreferredApn: mRequestedApnType=default cursor=android.content.ContentResolver$CursorWrapperInner@4216e070 cursor.count=1
11-14 20:28:23.851  1123  1123 D GsmDCT  : getPreferredApn: apnSetting=[ApnSettingV2] China Unicom 3G, 1583, 46001, 3gnet, null, null, null, null, 80, -1, default | supl, IP, IP, true, 0
11-14 20:28:23.851  1123  1123 D GsmDCT  : getPreferredApn: X found apnSetting[ApnSettingV2] China Unicom 3G, 1583, 46001, 3gnet, null, null, null, null, 80, -1, default | supl, IP, IP, true, 0
11-14 20:28:23.851  1123  1123 D GsmDCT  : createAllApnList: mPreferredApn=[ApnSettingV2] China Unicom 3G, 1583, 46001, 3gnet, null, null, null, null, 80, -1, default | supl, IP, IP, true, 0
11-14 20:28:23.851  1123  1123 D GsmDCT  : createAllApnList: X mAllDps=[[ApnSettingV2] China Unicom 3G, 1583, 46001, 3gnet, null, null, null, null, 80, -1, default | supl, IP, IP, true, 0, [ApnSettingV2]  3g  (China Unicom), 1584, 46001, 3gwap, null, http://mmsc.myuni.com.cn, 10.0.0.172, 80, null, -1, mms, IP, IP, true, 0, [ApnSettingV2] China Unicom MMS, 1585, 46001, uniwap, null, http://mmsc.myuni.com.cn, 10.0.0.172, 80, null, -1, mms, IP, IP, true, 0]
11-14 20:28:23.851  1123  1123 D GsmDCT  : setInitialApn: E mPreferredApn=[ApnSettingV2] China Unicom 3G, 1583, 46001, 3gnet, null, null, null, null, 80, -1, default | supl, IP, IP, true, 0
11-14 20:28:23.851  1123  1123 D GsmDCT  : setInitialApn: firstApnSetting=[ApnSettingV2] China Unicom 3G, 1583, 46001, 3gnet, null, null, null, null, 80, -1, default | supl, IP, IP, true, 0
11-14 20:28:23.851  1123  1123 D GsmDCT  : setInitialApn: defaultApnSetting=[ApnSettingV2] China Unicom 3G, 1583, 46001, 3gnet, null, null, null, null, 80, -1, default | supl, IP, IP, true, 0
11-14 20:28:23.851  1123  1123 D GsmDCT  : setInitialAttachApn: using mPreferredApn
11-14 20:28:23.851  1123  1123 D GsmDCT  : setInitialAttachApn: X selected Apn=[ApnSettingV2] China Unicom 3G, 1583, 46001, 3gnet, null, null, null, null, 80, -1, default | supl, IP, IP, true, 0
11-14 20:28:23.851  1123  1123 D RILJ    : Set RIL_REQUEST_SET_INITIAL_ATTACH_APN
11-14 20:28:23.851  1123  1123 D RILJ    : [3744]> RIL_REQUEST_SET_INITIAL_ATTACH_APN, apn:3gnet, protocol:IP, authType:-1, username:null, password:null
11-14 20:28:23.851  1123  1123 D GsmDCT  : cleanUpAllConnections: tearDown=false reason=nwTypeChanged
11-14 20:28:23.851  1123  1123 D GsmDCT  : cleanUpConnection: E tearDown=false reason=nwTypeChanged apnContext={mApnType=fota mState=IDLE mWaitingDataProfiles={null} mWaitingApnsPermanentFailureCountDown=0 mDataProfile={null} mReason=nwTypeChanged mDataEnabled=false mDependencyMet=true}
11-14 20:28:23.851  1123  1123 D GsmDCT  : isDataAllowed: not allowed due to - Attached= false
11-14 20:28:23.851  1123  1123 D GsmDCT  : [ApnContext:fota] getDataProfile: mDataProfile=null
11-14 20:28:23.851  1123  1123 D GsmDCT  : cleanUpConnection: X tearDown=false reason=nwTypeChanged apnContext={mApnType=fota mState=IDLE mWaitingDataProfiles={null} mWaitingApnsPermanentFailureCountDown=0 mDataProfile={null} mReason=nwTypeChanged mDataEnabled=false mDependencyMet=true} dcac=null
11-14 20:28:23.851  1123  1123 D GsmDCT  : cleanUpConnection: E tearDown=false reason=nwTypeChanged apnContext={mApnType=dun mState=IDLE mWaitingDataProfiles={null} mWaitingApnsPermanentFailureCountDown=0 mDataProfile={null} mReason=nwTypeChanged mDataEnabled=false mDependencyMet=true}
11-14 20:28:23.851  1123  1123 D GsmDCT  : isDataAllowed: not allowed due to - Attached= false
11-14 20:28:23.851  1123  1123 D GsmDCT  : [ApnContext:dun] getDataProfile: mDataProfile=null
11-14 20:28:23.851  1123  1247 D RILJ    : [3744]< RIL_REQUEST_SET_INITIAL_ATTACH_APN 
11-14 20:28:23.861  1123  1123 D GsmDCT  : cleanUpConnection: X tearDown=false reason=nwTypeChanged apnContext={mApnType=dun mState=IDLE mWaitingDataProfiles={null} mWaitingApnsPermanentFailureCountDown=0 mDataProfile={null} mReason=nwTypeChanged mDataEnabled=false mDependencyMet=true} dcac=null
11-14 20:28:23.861  1123  1123 D GsmDCT  : cleanUpConnection: E tearDown=false reason=nwTypeChanged apnContext={mApnType=ia mState=IDLE mWaitingDataProfiles={null} mWaitingApnsPermanentFailureCountDown=0 mDataProfile={null} mReason=nwTypeChanged mDataEnabled=false mDependencyMet=true}
11-14 20:28:23.861  1123  1123 D GsmDCT  : isDataAllowed: not allowed due to - Attached= false
11-14 20:28:23.861  1123  1123 D GsmDCT  : [ApnContext:ia] getDataProfile: mDataProfile=null
11-14 20:28:23.861  1123  1247 D RILJ    : [UNSL]< UNSOL_RESPONSE_VOICE_NETWORK_STATE_CHANGED
11-14 20:28:23.861  1123  1123 D GsmDCT  : cleanUpConnection: X tearDown=false reason=nwTypeChanged apnContext={mApnType=ia mState=IDLE mWaitingDataProfiles={null} mWaitingApnsPermanentFailureCountDown=0 mDataProfile={null} mReason=nwTypeChanged mDataEnabled=false mDependencyMet=true} dcac=null
11-14 20:28:23.861  1123  1123 D GsmDCT  : cleanUpConnection: E tearDown=false reason=nwTypeChanged apnContext={mApnType=supl mState=IDLE mWaitingDataProfiles={null} mWaitingApnsPermanentFailureCountDown=0 mDataProfile={null} mReason=nwTypeChanged mDataEnabled=false mDependencyMet=true}
11-14 20:28:23.861  1123  1123 D GsmDCT  : isDataAllowed: not allowed due to - Attached= false
11-14 20:28:23.861  1123  1123 D GsmDCT  : [ApnContext:supl] getDataProfile: mDataProfile=null
11-14 20:28:23.861  1123  1123 D GsmDCT  : cleanUpConnection: X tearDown=false reason=nwTypeChanged apnContext={mApnType=supl mState=IDLE mWaitingDataProfiles={null} mWaitingApnsPermanentFailureCountDown=0 mDataProfile={null} mReason=nwTypeChanged mDataEnabled=false mDependencyMet=true} dcac=null
11-14 20:28:23.861  1123  1123 D GsmDCT  : cleanUpConnection: E tearDown=false reason=nwTypeChanged apnContext={mApnType=hipri mState=IDLE mWaitingDataProfiles={null} mWaitingApnsPermanentFailureCountDown=0 mDataProfile={null} mReason=nwTypeChanged mDataEnabled=false mDependencyMet=true}
11-14 20:28:23.861  1123  1123 D GsmDCT  : isDataAllowed: not allowed due to - Attached= false
11-14 20:28:23.861  1123  1123 D GsmDCT  : [ApnContext:hipri] getDataProfile: mDataProfile=null
11-14 20:28:23.861  1123  1123 D GsmDCT  : cleanUpConnection: X tearDown=false reason=nwTypeChanged apnContext={mApnType=hipri mState=IDLE mWaitingDataProfiles={null} mWaitingApnsPermanentFailureCountDown=0 mDataProfile={null} mReason=nwTypeChanged mDataEnabled=false mDependencyMet=true} dcac=null
11-14 20:28:23.861  1123  1123 D GsmDCT  : cleanUpConnection: E tearDown=false reason=nwTypeChanged apnContext={mApnType=ims mState=IDLE mWaitingDataProfiles={null} mWaitingApnsPermanentFailureCountDown=0 mDataProfile={null} mReason=nwTypeChanged mDataEnabled=false mDependencyMet=true}
11-14 20:28:23.861  1123  1123 D GsmDCT  : isDataAllowed: not allowed due to - Attached= false
11-14 20:28:23.861  1123  1123 D GsmDCT  : [ApnContext:ims] getDataProfile: mDataProfile=null
11-14 20:28:23.861  1123  1123 D GsmDCT  : cleanUpConnection: X tearDown=false reason=nwTypeChanged apnContext={mApnType=ims mState=IDLE mWaitingDataProfiles={null} mWaitingApnsPermanentFailureCountDown=0 mDataProfile={null} mReason=nwTypeChanged mDataEnabled=false mDependencyMet=true} dcac=null
11-14 20:28:23.861  1123  1123 D GsmDCT  : cleanUpConnection: E tearDown=false reason=nwTypeChanged apnContext={mApnType=default mState=IDLE mWaitingDataProfiles={null} mWaitingApnsPermanentFailureCountDown=0 mDataProfile={null} mReason=nwTypeChanged mDataEnabled=true mDependencyMet=true}
11-14 20:28:23.861  1123  1123 D GsmDCT  : isDataAllowed: not allowed due to - Attached= false
11-14 20:28:23.861  1123  1123 D GsmDCT  : [ApnContext:default] getDataProfile: mDataProfile=null
11-14 20:28:23.861  1123  1123 D GsmDCT  : cleanUpConnection: X tearDown=false reason=nwTypeChanged apnContext={mApnType=default mState=IDLE mWaitingDataProfiles={null} mWaitingApnsPermanentFailureCountDown=0 mDataProfile={null} mReason=nwTypeChanged mDataEnabled=true mDependencyMet=true} dcac=null
11-14 20:28:23.861  1123  1123 D GsmDCT  : cleanUpConnection: E tearDown=false reason=nwTypeChanged apnContext={mApnType=mms mState=IDLE mWaitingDataProfiles={null} mWaitingApnsPermanentFailureCountDown=0 mDataProfile={null} mReason=nwTypeChanged mDataEnabled=false mDependencyMet=true}
11-14 20:28:23.861  1123  1123 D GsmDCT  : isDataAllowed: not allowed due to - Attached= false
11-14 20:28:23.861  1123  1123 D GsmDCT  : [ApnContext:mms] getDataProfile: mDataProfile=null
11-14 20:28:23.871  1123  1123 D GsmDCT  : cleanUpConnection: X tearDown=false reason=nwTypeChanged apnContext={mApnType=mms mState=IDLE mWaitingDataProfiles={null} mWaitingApnsPermanentFailureCountDown=0 mDataProfile={null} mReason=nwTypeChanged mDataEnabled=false mDependencyMet=true} dcac=null
11-14 20:28:23.871  1123  1123 D GsmDCT  : cleanUpConnection: E tearDown=false reason=nwTypeChanged apnContext={mApnType=cbs mState=IDLE mWaitingDataProfiles={null} mWaitingApnsPermanentFailureCountDown=0 mDataProfile={null} mReason=nwTypeChanged mDataEnabled=false mDependencyMet=true}
11-14 20:28:23.871  1123  1123 D GsmDCT  : isDataAllowed: not allowed due to - Attached= false
11-14 20:28:23.871  1123  1123 D GsmDCT  : [ApnContext:cbs] getDataProfile: mDataProfile=null
11-14 20:28:23.871  1123  1123 D GsmDCT  : cleanUpConnection: X tearDown=false reason=nwTypeChanged apnContext={mApnType=cbs mState=IDLE mWaitingDataProfiles={null} mWaitingApnsPermanentFailureCountDown=0 mDataProfile={null} mReason=nwTypeChanged mDataEnabled=false mDependencyMet=true} dcac=null
11-14 20:28:23.871  1123  1123 D GsmDCT  : stopNetStatPoll
11-14 20:28:23.871  1123  1123 D GsmDCT  : stopDataStallAlarm: current tag=14682 mDataStallAlarmIntent=null
11-14 20:28:23.871  1123  1123 D GsmDCT  : setupDataOnConnectableApns: nwTypeChanged
11-14 20:28:23.871  1123  1123 D GsmDCT  : setupDataOnConnectableApns: apnContext {mApnType=hipri mState=IDLE mWaitingDataProfiles={null} mWaitingApnsPermanentFailureCountDown=0 mDataProfile={null} mReason=nwTypeChanged mDataEnabled=false mDependencyMet=true}
11-14 20:28:23.871  1123  1123 D GsmDCT  : setupDataOnConnectableApns: apnContext {mApnType=mms mState=IDLE mWaitingDataProfiles={null} mWaitingApnsPermanentFailureCountDown=0 mDataProfile={null} mReason=nwTypeChanged mDataEnabled=false mDependencyMet=true}
11-14 20:28:23.871  1123  1123 D GsmDCT  : setupDataOnConnectableApns: apnContext {mApnType=supl mState=IDLE mWaitingDataProfiles={null} mWaitingApnsPermanentFailureCountDown=0 mDataProfile={null} mReason=nwTypeChanged mDataEnabled=false mDependencyMet=true}
11-14 20:28:23.871  1123  1123 D GsmDCT  : setupDataOnConnectableApns: apnContext {mApnType=cbs mState=IDLE mWaitingDataProfiles={null} mWaitingApnsPermanentFailureCountDown=0 mDataProfile={null} mReason=nwTypeChanged mDataEnabled=false mDependencyMet=true}
11-14 20:28:23.871  1123  1123 D GsmDCT  : setupDataOnConnectableApns: apnContext {mApnType=dun mState=IDLE mWaitingDataProfiles={null} mWaitingApnsPermanentFailureCountDown=0 mDataProfile={null} mReason=nwTypeChanged mDataEnabled=false mDependencyMet=true}
11-14 20:28:23.871  1123  1123 D GsmDCT  : setupDataOnConnectableApns: apnContext {mApnType=fota mState=IDLE mWaitingDataProfiles={null} mWaitingApnsPermanentFailureCountDown=0 mDataProfile={null} mReason=nwTypeChanged mDataEnabled=false mDependencyMet=true}
11-14 20:28:23.871  1123  1123 D GsmDCT  : setupDataOnConnectableApns: apnContext {mApnType=ims mState=IDLE mWaitingDataProfiles={null} mWaitingApnsPermanentFailureCountDown=0 mDataProfile={null} mReason=nwTypeChanged mDataEnabled=false mDependencyMet=true}
11-14 20:28:23.871  1123  1123 D GsmDCT  : setupDataOnConnectableApns: apnContext {mApnType=default mState=IDLE mWaitingDataProfiles={null} mWaitingApnsPermanentFailureCountDown=0 mDataProfile={null} mReason=nwTypeChanged mDataEnabled=true mDependencyMet=true}
11-14 20:28:23.871  1123  1123 D GsmDCT  : setupDataOnConnectableApns: isConnectable() call trySetupData
11-14 20:28:23.871  1123  1123 D GsmDCT  : trySetupData for type:default due to nwTypeChanged apnContext={mApnType=default mState=IDLE mWaitingDataProfiles={null} mWaitingApnsPermanentFailureCountDown=0 mDataProfile={null} mReason=nwTypeChanged mDataEnabled=true mDependencyMet=true}
11-14 20:28:23.871  1123  1123 D GsmDCT  : trySetupData with mIsPsRestricted=false
11-14 20:28:23.871  1123  1123 D GsmDCT  : isDataAllowed: not allowed due to - Attached= false
11-14 20:28:23.871  1123  1123 D GsmDCT  : isDataAllowed: not allowed due to - Attached= false
11-14 20:28:23.871  1123  1123 D GsmDCT  : [ApnContext:fota] getDataProfile: mDataProfile=null
11-14 20:28:23.871  1123  1123 D GsmDCT  : isDataAllowed: not allowed due to - Attached= false
11-14 20:28:23.871  1123  1123 D GsmDCT  : [ApnContext:dun] getDataProfile: mDataProfile=null
11-14 20:28:23.871  1123  1123 D GsmDCT  : isDataAllowed: not allowed due to - Attached= false
11-14 20:28:23.871  1123  1123 D GsmDCT  : [ApnContext:ia] getDataProfile: mDataProfile=null
11-14 20:28:23.871  1123  1123 D GsmDCT  : isDataAllowed: not allowed due to - Attached= false
11-14 20:28:23.871  1123  1123 D GsmDCT  : [ApnContext:supl] getDataProfile: mDataProfile=null
11-14 20:28:23.871  1123  1123 D GsmDCT  : isDataAllowed: not allowed due to - Attached= false
11-14 20:28:23.871  1123  1123 D GsmDCT  : [ApnContext:hipri] getDataProfile: mDataProfile=null
11-14 20:28:23.881  1123  1123 D GsmDCT  : isDataAllowed: not allowed due to - Attached= false
11-14 20:28:23.881  1123  1123 D GsmDCT  : [ApnContext:ims] getDataProfile: mDataProfile=null
11-14 20:28:23.881  1123  1123 D GsmDCT  : isDataAllowed: not allowed due to - Attached= false
11-14 20:28:23.881  1123  1123 D GsmDCT  : [ApnContext:default] getDataProfile: mDataProfile=null
11-14 20:28:23.881  1123  1123 D GsmDCT  : isDataAllowed: not allowed due to - Attached= false
11-14 20:28:23.881  1123  1123 D GsmDCT  : [ApnContext:mms] getDataProfile: mDataProfile=null
11-14 20:28:23.881  1123  1123 D GsmDCT  : isDataAllowed: not allowed due to - Attached= false
11-14 20:28:23.881  1123  1123 D GsmDCT  : [ApnContext:cbs] getDataProfile: mDataProfile=null
11-14 20:28:23.881  1123  1123 D GsmDCT  : trySetupData: X apnContext not 'ready' retValue=false
11-14 20:28:23.881  1123  1123 D GsmDCT  : setupDataOnConnectableApns: apnContext {mApnType=ia mState=IDLE mWaitingDataProfiles={null} mWaitingApnsPermanentFailureCountDown=0 mDataProfile={null} mReason=nwTypeChanged mDataEnabled=false mDependencyMet=true}
11-14 20:28:23.881  1123  1123 D GsmDCT  : handleMessage msg={ when=-75ms what=270352 obj=android.os.AsyncResult@42139530 target=com.android.internal.telephony.dataconnection.DcTracker }
11-14 20:28:23.881  1123  1123 D GsmDCT  : onDataConnectionAttached
11-14 20:28:23.881  1123  1123 D GsmDCT  : overall state is IDLE
11-14 20:28:23.881  1123  1123 D GsmDCT  : [ApnContext:fota] getDataProfile: mDataProfile=null
11-14 20:28:23.891  1123  1123 D GsmDCT  : [ApnContext:dun] getDataProfile: mDataProfile=null
11-14 20:28:23.891  1123  1123 D GsmDCT  : [ApnContext:ia] getDataProfile: mDataProfile=null
11-14 20:28:23.891  1123  1123 D GsmDCT  : [ApnContext:supl] getDataProfile: mDataProfile=null
11-14 20:28:23.891  1123  1123 D GsmDCT  : [ApnContext:hipri] getDataProfile: mDataProfile=null
11-14 20:28:23.901  1123  1123 D GsmDCT  : [ApnContext:ims] getDataProfile: mDataProfile=null
11-14 20:28:23.901  1123  1247 D RILJ    : [UNSL]< UNSOL_RESPONSE_VOICE_NETWORK_STATE_CHANGED
11-14 20:28:23.901  1123  1123 D GsmDCT  : [ApnContext:mms] getDataProfile: mDataProfile=null
11-14 20:28:23.901  1123  1123 D GsmDCT  : [ApnContext:cbs] getDataProfile: mDataProfile=null
11-14 20:28:23.901  1123  1123 D GsmDCT  : setupDataOnConnectableApns: dataAttached
11-14 20:28:23.901  1123  1123 D GsmDCT  : setupDataOnConnectableApns: apnContext {mApnType=hipri mState=IDLE mWaitingDataProfiles={null} mWaitingApnsPermanentFailureCountDown=0 mDataProfile={null} mReason=nwTypeChanged mDataEnabled=false mDependencyMet=true}
11-14 20:28:23.901  1123  1123 D GsmDCT  : setupDataOnConnectableApns: apnContext {mApnType=mms mState=IDLE mWaitingDataProfiles={null} mWaitingApnsPermanentFailureCountDown=0 mDataProfile={null} mReason=nwTypeChanged mDataEnabled=false mDependencyMet=true}
11-14 20:28:23.901  1123  1123 D GsmDCT  : setupDataOnConnectableApns: apnContext {mApnType=supl mState=IDLE mWaitingDataProfiles={null} mWaitingApnsPermanentFailureCountDown=0 mDataProfile={null} mReason=nwTypeChanged mDataEnabled=false mDependencyMet=true}
11-14 20:28:23.901  1123  1123 D GsmDCT  : setupDataOnConnectableApns: apnContext {mApnType=cbs mState=IDLE mWaitingDataProfiles={null} mWaitingApnsPermanentFailureCountDown=0 mDataProfile={null} mReason=nwTypeChanged mDataEnabled=false mDependencyMet=true}
11-14 20:28:23.901  1123  1123 D GsmDCT  : setupDataOnConnectableApns: apnContext {mApnType=dun mState=IDLE mWaitingDataProfiles={null} mWaitingApnsPermanentFailureCountDown=0 mDataProfile={null} mReason=nwTypeChanged mDataEnabled=false mDependencyMet=true}
11-14 20:28:23.901  1123  1123 D GsmDCT  : setupDataOnConnectableApns: apnContext {mApnType=fota mState=IDLE mWaitingDataProfiles={null} mWaitingApnsPermanentFailureCountDown=0 mDataProfile={null} mReason=nwTypeChanged mDataEnabled=false mDependencyMet=true}
11-14 20:28:23.901  1123  1123 D GsmDCT  : setupDataOnConnectableApns: apnContext {mApnType=ims mState=IDLE mWaitingDataProfiles={null} mWaitingApnsPermanentFailureCountDown=0 mDataProfile={null} mReason=nwTypeChanged mDataEnabled=false mDependencyMet=true}
11-14 20:28:23.911  1123  1123 D GsmDCT  : setupDataOnConnectableApns: apnContext {mApnType=default mState=IDLE mWaitingDataProfiles={null} mWaitingApnsPermanentFailureCountDown=0 mDataProfile={null} mReason=nwTypeChanged mDataEnabled=true mDependencyMet=true}
11-14 20:28:23.911  1123  1123 D GsmDCT  : setupDataOnConnectableApns: isConnectable() call trySetupData
11-14 20:28:23.911  1123  1123 D GsmDCT  : trySetupData for type:default due to dataAttached apnContext={mApnType=default mState=IDLE mWaitingDataProfiles={null} mWaitingApnsPermanentFailureCountDown=0 mDataProfile={null} mReason=dataAttached mDataEnabled=true mDependencyMet=true}
11-14 20:28:23.911  1123  1123 D GsmDCT  : trySetupData with mIsPsRestricted=false
11-14 20:28:23.911  1123  1123 D GsmDCT  : isEmergency: result=false
11-14 20:28:23.911  1123  1123 D GsmDCT  : buildWaitingApns: E requestedApnType=default
11-14 20:28:23.911  1123  1123 D GsmDCT  : getOperatorNumberic - returning from card: 46001
11-14 20:28:23.911  1123  1123 D GsmDCT  : buildWaitingApns: usePreferred=true canSetPreferApn=true mPreferredApn=[ApnSettingV2] China Unicom 3G, 1583, 46001, 3gnet, null, null, null, null, 80, -1, default | supl, IP, IP, true, 0 operator=46001 radioTech=14
11-14 20:28:23.911  1123  1123 D GsmDCT  : buildWaitingApns: Preferred APN:46001:46001:[ApnSettingV2] China Unicom 3G, 1583, 46001, 3gnet, null, null, null, null, 80, -1, default | supl, IP, IP, true, 0
11-14 20:28:23.911  1123  1123 D GsmDCT  : buildWaitingApns: X added preferred apnList=[[ApnSettingV2] China Unicom 3G, 1583, 46001, 3gnet, null, null, null, null, 80, -1, default | supl, IP, IP, true, 0]
11-14 20:28:23.911  1123  1123 D GsmDCT  : trySetupData: Create from mAllDps : [[ApnSettingV2] China Unicom 3G, 1583, 46001, 3gnet, null, null, null, null, 80, -1, default | supl, IP, IP, true, 0][[ApnSettingV2]  3g  (China Unicom), 1584, 46001, 3gwap, null, http://mmsc.myuni.com.cn, 10.0.0.172, 80, null, -1, mms, IP, IP, true, 0][[ApnSettingV2] China Unicom MMS, 1585, 46001, uniwap, null, http://mmsc.myuni.com.cn, 10.0.0.172, 80, null, -1, mms, IP, IP, true, 0]
11-14 20:28:23.911  1123  1123 D GsmDCT  : trySetupData: call setupData, waitingApns : [[ApnSettingV2] China Unicom 3G, 1583, 46001, 3gnet, null, null, null, null, 80, -1, default | supl, IP, IP, true, 0]
11-14 20:28:23.911  1123  1123 D GsmDCT  : setupData: apnContext={mApnType=default mState=IDLE mWaitingDataProfiles={[[ApnSettingV2] China Unicom 3G, 1583, 46001, 3gnet, null, null, null, null, 80, -1, default | supl, IP, IP, true, 0]} mWaitingApnsPermanentFailureCountDown=1 mDataProfile={null} mReason=dataAttached mDataEnabled=true mDependencyMet=true}
11-14 20:28:23.911  1123  1123 D GsmDCT  : checkForCompatibleConnectedApnContext: apnContext={mApnType=default mState=IDLE mWaitingDataProfiles={[[ApnSettingV2] China Unicom 3G, 1583, 46001, 3gnet, null, null, null, null, 80, -1, default | supl, IP, IP, true, 0]} mWaitingApnsPermanentFailureCountDown=1 mDataProfile={null} mReason=dataAttached mDataEnabled=true mDependencyMet=true}
11-14 20:28:23.911  1123  1123 D GsmDCT  : checkForCompatibleConnectedApnContext: NO conn apnContext={mApnType=default mState=IDLE mWaitingDataProfiles={[[ApnSettingV2] China Unicom 3G, 1583, 46001, 3gnet, null, null, null, null, 80, -1, default | supl, IP, IP, true, 0]} mWaitingApnsPermanentFailureCountDown=1 mDataProfile={null} mReason=dataAttached mDataEnabled=true mDependencyMet=true}
11-14 20:28:23.911  1123  1123 D GsmDCT  : isOnlySingleDcAllowed(14): false
11-14 20:28:23.911  1123  1123 D GsmDCT  : findFreeDataConnection: NO free DataConnection
11-14 20:28:23.911  1123  1123 D GsmDCT  : createDataConnection E
11-14 20:28:23.911  1123  1123 D GsmDC-1 : DataConnection constructor E
11-14 20:28:23.911  1123  1123 D GsmDC-1 : [dcRac] DcRetryAlarmController: register for intent action=com.android.internal.telephony.dataconnection.DataConnection.GsmDC-1.action_retry
11-14 20:28:23.911  1123  1123 D GsmDC-1 : DataConnection constructor X
11-14 20:28:23.911  1123  1123 D GsmDC-1 : Made GsmDC-1
11-14 20:28:23.911  1123  1402 D GsmDC-1 : DcDefaultState: enter
11-14 20:28:23.911  1123  1402 D GsmSST  : [GsmSST] notifyDataRegStateRilRadioTechnologyChanged: drs=0 rat=14
11-14 20:28:23.911  1123  1402 D GsmDC-1 : DcInactiveState: enter() mTag=1
11-14 20:28:23.911  1123  1402 D Dcc     : removeActiveDcByCid removedDc=null dc={GsmDC-1: State=DcInactiveState mApnSetting=null RefCount=0 mCid=-1 mCreateTime=0 mLastastFailTime=0 mLastFailCause=null mTag=1 mRetryManager=RetryManager: { forever=false maxRetry=0 curMaxRetry=0 retry=0 config={null} retryArray={}} mLinkProperties={LinkAddresses: []  Routes: [] DnsAddresses: [] Domains: nullMTU: 0} mLinkCapabilities={} mApnContexts=[]}
11-14 20:28:23.911  1123  1402 D GsmDC-1 : clearSettings
11-14 20:28:23.911  1123  1402 D GsmDC-1 : DcInactiveState nothandled msg.what=CMD_CHANNEL_FULL_CONNECTION
11-14 20:28:23.911  1123  1402 D GsmDC-1 : DcDefault msg=CMD_CHANNEL_FULL_CONNECTION RefCount=0
11-14 20:28:23.911  1123  1402 D GsmDC-1 : DcDefaultState: FULL_CONNECTION reply connected
11-14 20:28:23.911  1123  1402 D GsmDC-1 : DcInactiveState nothandled msg.what=EVENT_DATA_CONNECTION_DRS_OR_RAT_CHANGED
11-14 20:28:23.911  1123  1402 D GsmDC-1 : DcDefault msg=EVENT_DATA_CONNECTION_DRS_OR_RAT_CHANGED RefCount=0
11-14 20:28:23.911  1123  1402 D GsmDC-1 : DcDefaultState: EVENT_DATA_CONNECTION_DRS_OR_RAT_CHANGED drs=0 mRilRat=14
11-14 20:28:23.911  1123  1123 D GsmDCT  : createDataConnection() X id=0 dc={GsmDC-1: State=DcInactiveState mApnSetting=null RefCount=0 mCid=-1 mCreateTime=-1 mLastastFailTime=-1 mLastFailCause=NONE mTag=1 mRetryManager=RetryManager: { forever=false maxRetry=0 curMaxRetry=0 retry=0 config={null} retryArray={}} mLinkProperties={LinkAddresses: []  Routes: [] DnsAddresses: [] Domains: nullMTU: 0} mLinkCapabilities={} mApnContexts=[]}
11-14 20:28:23.911  1123  1123 D GsmDCT  : setupData: dcac=GsmDC-1 apnSetting=[ApnSettingV2] China Unicom 3G, 1583, 46001, 3gnet, null, null, null, null, 80, -1, default | supl, IP, IP, true, 0
11-14 20:28:23.911  1123  1123 D GsmDCT  : [ApnContext:default] setDataProfile: mDataProfile=[ApnSettingV2] China Unicom 3G, 1583, 46001, 3gnet, null, null, null, null, 80, -1, default | supl, IP, IP, true, 0
11-14 20:28:23.911  1123  1123 D GsmDCT  : [ApnContext:default] getDataProfile: mDataProfile=[ApnSettingV2] China Unicom 3G, 1583, 46001, 3gnet, null, null, null, null, 80, -1, default | supl, IP, IP, true, 0
11-14 20:28:23.911  1123  1402 D GsmDC-1 : DcInactiveState: mag.what=EVENT_CONNECT
11-14 20:28:23.911  1123  1402 D GsmDCT  : [ApnContext:default] getDataProfile: mDataProfile=[ApnSettingV2] China Unicom 3G, 1583, 46001, 3gnet, null, null, null, null, 80, -1, default | supl, IP, IP, true, 0
11-14 20:28:23.911  1123  1402 E PHONE   : ServiceState.getNetworkType() DEPRECATED will be removed *******
11-14 20:28:23.911  1123  1402 D GsmDC-1 : configureRetry: forDefault=true mRetryManager=RetryManager: { forever=false maxRetry=10 curMaxRetry=10 retry=0 config={default_randomization=2000,5000,10000,20000,40000,80000:5000,160000:5000,320000:5000,640000:5000,1280000:5000,1800000:5000} retryArray={5000:2000 10000:2000 20000:2000 40000:2000 80000:5000 160000:5000 320000:5000 640000:5000 1280000:5000 1800000:5000 }}
11-14 20:28:23.911  1123  1123 D GsmDCT  : setupData: initing!
11-14 20:28:23.911  1123  1402 D GsmDC-1 : initConnection:  RefCount=1 mApnList=[{mApnType=default mState=CONNECTING mWaitingDataProfiles={[[ApnSettingV2] China Unicom 3G, 1583, 46001, 3gnet, null, null, null, null, 80, -1, default | supl, IP, IP, true, 0]} mWaitingApnsPermanentFailureCountDown=1 mDataProfile={[ApnSettingV2] China Unicom 3G, 1583, 46001, 3gnet, null, null, null, null, 80, -1, default | supl, IP, IP, true, 0} mReason=dataAttached mDataEnabled=true mDependencyMet=true}] mConnectionParams={mTag=2 mApnContext={mApnType=default mState=CONNECTING mWaitingDataProfiles={[[ApnSettingV2] China Unicom 3G, 1583, 46001, 3gnet, null, null, null, null, 80, -1, default | supl, IP, IP, true, 0]} mWaitingApnsPermanentFailureCountDown=1 mDataProfile={[ApnSettingV2] China Unicom 3G, 1583, 46001, 3gnet, null, null, null, null, 80, -1, default | supl, IP, IP, true, 0} mReason=dataAttached mDataEnabled=true mDependencyMet=true} mInitialMaxRetry=1 mProfileId=0 mRat=14 mOnCompletedMsg={what=0x42000 when=-20s419ms obj={mApnType=default mState=CONNECTING mWaitingDataProfiles={[[ApnSettingV2] China Unicom 3G, 1583, 46001, 3gnet, null, null, null, null, 80, -1, default | supl, IP, IP, true, 0]} mWaitingApnsPermanentFailureCountDown=1 mDataProfile={[ApnSettingV2] China Unicom 3G, 1583, 46001, 3gnet, null, null, null, null, 80, -1, default | supl, IP, IP, true, 0} mReason=dataAttached mDataEnabled=true mDependencyMet=true} target=Handler (com.android.internal.telephony.dataconnection.DcTracker) {41ff60a0} replyTo=null}}
11-14 20:28:23.911  1123  1402 D GsmDC-1 : onConnect: mApnSetting=[ApnSettingV2] China Unicom 3G, 1583, 46001, 3gnet, null, null, null, null, 80, -1, default | supl, IP, IP, true, 0 cp={mTag=2 mApnContext={mApnType=default mState=CONNECTING mWaitingDataProfiles={[[ApnSettingV2] China Unicom 3G, 1583, 46001, 3gnet, null, null, null, null, 80, -1, default | supl, IP, IP, true, 0]} mWaitingApnsPermanentFailureCountDown=1 mDataProfile={[ApnSettingV2] China Unicom 3G, 1583, 46001, 3gnet, null, null, null, null, 80, -1, default | supl, IP, IP, true, 0} mReason=dataAttached mDataEnabled=true mDependencyMet=true} mInitialMaxRetry=1 mProfileId=0 mRat=14 mOnCompletedMsg={what=0x42000 when=-20s419ms obj={mApnType=default mState=CONNECTING mWaitingDataProfiles={[[ApnSettingV2] China Unicom 3G, 1583, 46001, 3gnet, null, null, null, null, 80, -1, default | supl, IP, IP, true, 0]} mWaitingApnsPermanentFailureCountDown=1 mDataProfile={[ApnSettingV2] China Unicom 3G, 1583, 46001, 3gnet, null, null, null, null, 80, -1, default | supl, IP, IP, true, 0} mReason=dataAttached mDataEnabled=true mDependencyMet=true} target=Handler (com.android.internal.telephony.dataconnection.DcTracker) {41ff60a0} replyTo=null}}
11-14 20:28:23.921  1123  1402 D RILJ    : [3745]> SETUP_DATA_CALL 16 0 3gnet null null 0 IP
11-14 20:28:23.921  1123  1123 D GsmDCT  : [ApnContext:fota] getDataProfile: mDataProfile=null
11-14 20:28:23.921  1123  1123 D GsmDCT  : [ApnContext:dun] getDataProfile: mDataProfile=null
11-14 20:28:23.921  1123  1123 D GsmDCT  : [ApnContext:ia] getDataProfile: mDataProfile=null
11-14 20:28:23.921  1123  1123 D GsmDCT  : [ApnContext:supl] getDataProfile: mDataProfile=null
11-14 20:28:23.921  1123  1123 D GsmDCT  : [ApnContext:hipri] getDataProfile: mDataProfile=null
11-14 20:28:23.931  1123  1123 D GsmDCT  : [ApnContext:ims] getDataProfile: mDataProfile=null
11-14 20:28:23.931  1123  1123 D GsmDCT  : [ApnContext:mms] getDataProfile: mDataProfile=null
11-14 20:28:23.931  1123  1123 D GsmDCT  : [ApnContext:cbs] getDataProfile: mDataProfile=null
11-14 20:28:23.931  1123  1123 D GsmDCT  : trySetupData: X retValue=true
11-14 20:28:23.931  1123  1123 D GsmDCT  : setupDataOnConnectableApns: apnContext {mApnType=ia mState=IDLE mWaitingDataProfiles={null} mWaitingApnsPermanentFailureCountDown=0 mDataProfile={null} mReason=nwTypeChanged mDataEnabled=false mDependencyMet=true}
11-14 20:28:23.931  1123  1123 D GsmDCT  : handleMessage msg={ when=-118ms what=270338 obj=android.os.AsyncResult@4213c6c0 target=com.android.internal.telephony.dataconnection.DcTracker }
11-14 20:28:23.931  1123  1123 D GsmDCT  : onRecordsLoaded
11-14 20:28:23.941  1123  1247 D RILJ    : [3745]< SETUP_DATA_CALL DataCallResponse: {version=9 status=-3 retry=-1 cid=0 active=0 type=' ifname='' addresses=[] dnses=[] gateways=[]}
11-14 20:28:23.941   178   303 E RILQ    : (0/178): RIL[0][main] qmi_ril_check_android_unsol_resp_dispatchable: invalid android_unsol_resp id 11036
11-14 20:28:23.941   178   303 E RILQ    : (0/178): RIL[0][main] qmi_ril_add_unsol_resp_to_pending_list: invalid android_unsol_resp id 11036
11-14 20:28:23.941  1123  1247 D RILJ    : [UNSL]< UNSOL_RESPONSE_VOICE_NETWORK_STATE_CHANGED
11-14 20:28:23.941  1123  1402 D GsmDC-1 : DcActivatingState: msg={what=EVENT_SETUP_DATA_CONNECTION_DONE when=-1ms obj=android.os.AsyncResult@421ce568 target=Handler (com.android.internal.util.StateMachine$SmHandler) {4219e968} replyTo=null}
11-14 20:28:23.941  1123  1402 D GsmDC-1 : DcActivatingState onSetupConnectionCompleted result=ERR_RilError  SetupResult.mFailCause=SIGNAL_LOST dc={GsmDC-1: State=DcActivatingState mApnSetting=[ApnSettingV2] China Unicom 3G, 1583, 46001, 3gnet, null, null, null, null, 80, -1, default | supl, IP, IP, true, 0 RefCount=1 mCid=-1 mCreateTime=-1 mLastastFailTime=-1 mLastFailCause=NONE mTag=2 mRetryManager=RetryManager: { forever=false maxRetry=10 curMaxRetry=1 retry=0 config={default_randomization=2000,5000,10000,20000,40000,80000:5000,160000:5000,320000:5000,640000:5000,1280000:5000,1800000:5000} retryArray={5000:2000 10000:2000 20000:2000 40000:2000 80000:5000 160000:5000 320000:5000 640000:5000 1280000:5000 1800000:5000 }} mLinkProperties={LinkAddresses: []  Routes: [] DnsAddresses: [] Domains: nullMTU: 0} mLinkCapabilities={} mApnContexts=[{mApnType=default mState=CONNECTING mWaitingDataProfiles={[[ApnSettingV2] China Unicom 3G, 1583, 46001, 3gnet, null, null, null, null, 80, -1, default | supl, IP, IP, true, 0]} mWaitingApnsPermanentFailureCountDown=1 mDataProfile={[ApnSettingV2] China Unicom 3G, 1583, 46001, 3gnet, null, null, null, null, 80, -1, default | supl, IP, IP, true, 0} mReason=dataAttached mDataEnabled=true mDependencyMet=true}]}
11-14 20:28:23.941  1123  1402 D GsmDC-1 : [dcRac] getSuggestedRetryTime: retry is needed
11-14 20:28:23.941  1123  1402 D GsmDC-1 : [dcRac] getSuggestedRetryTime: 6900 response=DataCallResponse: {version=9 status=-3 retry=-1 cid=0 active=0 type=' ifname='' addresses=[] dnses=[] gateways=[]} dc={GsmDC-1: State=DcActivatingState mApnSetting=[ApnSettingV2] China Unicom 3G, 1583, 46001, 3gnet, null, null, null, null, 80, -1, default | supl, IP, IP, true, 0 RefCount=1 mCid=-1 mCreateTime=-1 mLastastFailTime=-1 mLastFailCause=NONE mTag=2 mRetryManager=RetryManager: { forever=false maxRetry=10 curMaxRetry=1 retry=0 config={default_randomization=2000,5000,10000,20000,40000,80000:5000,160000:5000,320000:5000,640000:5000,1280000:5000,1800000:5000} retryArray={5000:2000 10000:2000 20000:2000 40000:2000 80000:5000 160000:5000 320000:5000 640000:5000 1280000:5000 1800000:5000 }} mLinkProperties={LinkAddresses: []  Routes: [] DnsAddresses: [] Domains: nullMTU: 0} mLinkCapabilities={} mApnContexts=[{mApnType=default mState=CONNECTING mWaitingDataProfiles={[[ApnSettingV2] China Unicom 3G, 1583, 46001, 3gnet, null, null, null, null, 80, -1, default | supl, IP, IP, true, 0]} mWaitingApnsPermanentFailureCountDown=1 mDataProfile={[ApnSettingV2] China Unicom 3G, 1583, 46001, 3gnet, null, null, null, null, 80, -1, default | supl, IP, IP, true, 0} mReason=dataAttached mDataEnabled=true mDependencyMet=true}]}
11-14 20:28:23.941  1123  1402 D isRestartRadioFail: radioResetOnRegularDeact=true
11-14 20:28:23.941  1123  1402 D GsmDC-1 : DcActivatingState: ERR_RilError  delay=6900 isRetryNeeded=true result=ERR_RilError  SetupResult.mFailCause=SIGNAL_LOST result.isRestartRadioFail=false result.isPermanentFail=false
11-14 20:28:23.941  1123  1402 D isRestartRadioFail: radioResetOnRegularDeact=true
11-14 20:28:23.941  1123  1402 D GsmDC-1 : DcActivatingState: ERR_RilError retry
11-14 20:28:23.941  1123  1402 D GsmDC-1 : [dcRac] startRetryAlarm: next attempt in 6s what=262154 tag=2
11-14 20:28:23.941  1123  1402 D GsmDC-1 : DcRetryingState: enter() mTag=2, call notifyAllOfDisconnectDcRetrying lostConnection
11-14 20:28:23.941  1123  1402 D Dcc     : removeActiveDcByCid removedDc=null dc={GsmDC-1: State=DcRetryingState mApnSetting=[ApnSettingV2] China Unicom 3G, 1583, 46001, 3gnet, null, null, null, null, 80, -1, default | supl, IP, IP, true, 0 RefCount=1 mCid=-1 mCreateTime=-1 mLastastFailTime=-1 mLastFailCause=NONE mTag=2 mRetryManager=RetryManager: { forever=false maxRetry=10 curMaxRetry=1 retry=0 config={default_randomization=2000,5000,10000,20000,40000,80000:5000,160000:5000,320000:5000,640000:5000,1280000:5000,1800000:5000} retryArray={5000:2000 10000:2000 20000:2000 40000:2000 80000:5000 160000:5000 320000:5000 640000:5000 1280000:5000 1800000:5000 }} mLinkProperties={LinkAddresses: []  Routes: [] DnsAddresses: [] Domains: nullMTU: 0} mLinkCapabilities={} mApnContexts=[{mApnType=default mState=CONNECTING mWaitingDataProfiles={[[ApnSettingV2] China Unicom 3G, 1583, 46001, 3gnet, null, null, null, null, 80, -1, default | supl, IP, IP, true, 0]} mWaitingApnsPermanentFailureCountDown=1 mDataProfile={[ApnSettingV2] China Unicom 3G, 1583, 46001, 3gnet, null, null, null, null, 80, -1, default | supl, IP, IP, true, 0} mReason=lostDataConnection mDataEnabled=true mDependencyMet=true}]}
11-14 20:28:23.951  1123  1123 D GsmDCT  : onRecordsLoaded: createAllApnList
11-14 20:28:23.951  1123  1123 D GsmDCT  : getOperatorNumberic - returning from card: 46001
11-14 20:28:23.951  1123  1123 D GsmDCT  : createAllApnList: selection=numeric = '46001' and carrier_enabled = 1
11-14 20:28:23.961  1123  1123 D GsmDCT  : createApnList: X result=[[ApnSettingV2] China Unicom 3G, 1583, 46001, 3gnet, null, null, null, null, 80, -1, default | supl, IP, IP, true, 0, [ApnSettingV2]  3g  (China Unicom), 1584, 46001, 3gwap, null, http://mmsc.myuni.com.cn, 10.0.0.172, 80, null, -1, mms, IP, IP, true, 0, [ApnSettingV2] China Unicom MMS, 1585, 46001, uniwap, null, http://mmsc.myuni.com.cn, 10.0.0.172, 80, null, -1, mms, IP, IP, true, 0]
11-14 20:28:23.961  1123  1123 D GsmDCT  : getPreferredApn: mRequestedApnType=default cursor=android.content.ContentResolver$CursorWrapperInner@42210448 cursor.count=1
11-14 20:28:23.961  1123  1123 D GsmDCT  : getPreferredApn: apnSetting=[ApnSettingV2] China Unicom 3G, 1583, 46001, 3gnet, null, null, null, null, 80, -1, default | supl, IP, IP, true, 0
11-14 20:28:23.961  1123  1123 D GsmDCT  : getPreferredApn: X found apnSetting[ApnSettingV2] China Unicom 3G, 1583, 46001, 3gnet, null, null, null, null, 80, -1, default | supl, IP, IP, true, 0
11-14 20:28:23.961  1123  1123 D GsmDCT  : createAllApnList: mPreferredApn=[ApnSettingV2] China Unicom 3G, 1583, 46001, 3gnet, null, null, null, null, 80, -1, default | supl, IP, IP, true, 0
